04-27 22:26:50.051 21539 21563 I TestRunner: started: inlineDouble(org.jetbrains.android_benchmark.Wolf3dBenchmark)
04-27 22:26:50.053 21539 21539 I MonitoringInstr: Activities that are still in CREATED to STOPPED: 1
04-27 22:26:50.054 21539 21539 I MonitoringInstr: Finishing activity: androidx.benchmark.IsolationActivity@60bdc39
04-27 22:26:50.058 21539 21563 I GrantPermissionCallable: Permission: android.permission.WRITE_EXTERNAL_STORAGE is already granted!
04-27 22:26:50.059 21539 21563 I GrantPermissionCallable: Permission: android.permission.READ_EXTERNAL_STORAGE is already granted!
04-27 22:26:50.059 21539 21563 D Benchmark: -- Running org.jetbrains.android_benchmark.Wolf3dBenchmark#inlineDouble --
04-27 22:26:50.059 21539 21563 D PerfettoCapture: Supported ABIs: arm64-v8a, armeabi-v7a, armeabi
04-27 22:26:50.059 21539 21563 D PerfettoCapture: Recording perfetto trace
04-27 22:26:50.090 21539 21563 I PerfettoCapture: Cleanup perfetto before starting.
04-27 22:26:50.316 21539 21563 I PerfettoCapture: Perfetto output file cleanup -
04-27 22:26:50.316 21539 21563 I PerfettoCapture: Starting perfetto tracing with cmd: cat /storage/emulated/0/Android/data/org.jetbrains.android_benchmark.test/cache/trace_config.pb | perfetto --background -c - -o /data/misc/perfetto-traces/trace_output.pb
04-27 22:26:50.487 28401 28401 I perfetto:    perfetto_cmd.cc:1001 Connected to the Perfetto traced service, starting tracing
04-27 22:26:50.489  5131  5131 I perfetto: ing_service_impl.cc:953 Configured tracing session 131, #sources:4, duration:0 ms, #buffers:2, total buffer size:36864 KB, total sessions:1, uid:2000 session name: ""
04-27 22:26:50.490  5130  5130 I perfetto:  probes_producer.cc:139 Ftrace setup (target_buf=261)
04-27 22:26:50.514 21539 21563 I PerfettoCapture: Perfetto output - 28401
04-27 22:26:50.514 21539 21563 I PerfettoCapture: EXITCODE=0
04-27 22:26:50.540  5429  5488 W libprocessgroup: Failed to open /dev/blkio//cgroup.procs: No such file or directory
04-27 22:26:50.558  4389  4389 I hwservicemanager: getTransport: Cannot find entry android.hardware.atrace@1.0::IAtraceDevice/default in either framework or device VINTF manifest.
04-27 22:26:50.578 24151 24151 I SCS@AiSearch user 0: (ObserverWorker::AOSP_MP) [main] entering in startWork():
04-27 22:26:50.579 24151 24151 I SCS@AiSearch user 0: (BaseCollector::AOSP_MP) [main] entering in onChange():
04-27 22:26:50.580 24151 24224 I SCS@AiSearch user 0: (BaseCollector::AOSP_MP) [AOSP_MP-0] entering in collectChanges():
04-27 22:26:50.590  5130  5130 I perfetto:    ftrace_procfs.cc:335 enabled ftrace in /sys/kernel/tracing/
04-27 22:26:50.595  5429  8542 D PackageManager: setEnabledSetting : userId = 0 packageName = com.samsung.android.scs cmp = androidx.work.impl.background.systemalarm.RescheduleReceiver newState = 1 callingPackage = 10380/com.samsung.android.scs
04-27 22:26:50.603  5429  8542 D ApplicationPolicy: getApplicationStateEnabled : pkg = com.samsung.android.scs userId : 0
04-27 22:26:50.604  5429  8542 D ApplicationPolicy: getApplicationComponentState : pkg = com.samsung.android.scs userId : 0
04-27 22:26:50.691 21539 21563 I PerfettoCapture: Perfetto tracing started successfully with pid 28401.
04-27 22:26:50.703 24151 24224 I SCS@AiSearch user 0: (BaseCollector::AOSP_MP) fetchInternal values : maxSyncId: 1000008202 indexCount: 1705 sourceCount: 1705
04-27 22:26:50.793 21539 21563 I PerfettoCapture: /sys/kernel/tracing/tracing_on = 1, polled 0 times, capture fully started
04-27 22:26:50.793 24151 24224 I SCS@AiSearch user 0: (IndexManager) [AOSP_MP-0] entering in addIndex():
04-27 22:26:50.795 21539 21563 D Benchmark: Set 21563 (Bench thread) to priority -20. Was -8, now -20
04-27 22:26:50.795 21539 21563 D Benchmark: Set 21548 (Jit) to priority -15. Was 9, now -15
04-27 22:26:50.798 24151 24224 I SCS@AiSearch user 0: (BaseCollector::AOSP_MP) fetch: fetching took  142 ms
04-27 22:26:50.799 24151 24224 I SCS@AiSearch user 0: (BaseCollector::AOSP_MP) fetchChanges: applied 0 items
04-27 22:26:50.800 24151 24224 I SCS@AiSearch user 0: (BaseCollector::AOSP_MP) Collect finished. Result: true
04-27 22:26:50.805 24151 24206 I WM-WorkerWrapper: Worker result SUCCESS for Work [ id=10684936-35b8-462b-a817-e76b8c597d36, tags={ com.sec.android.app.myfiles, com.samsung.android.scs.ai.search.data.collector.ObserverWorker } ]
04-27 22:26:50.810 24151 24224 I SCS@AiSearch user 0: (BaseCollector::AOSP_MP) enqueue ObserverWorker name: com.sec.android.app.myfiles, policy: APPEND_OR_REPLACE
04-27 22:26:50.837 21539 21563 I _benchmark.test: Explicit concurrent copying GC freed 8396(703KB) AllocSpace objects, 1(20KB) LOS objects, 67% free, 2964KB/9108KB, paused 294us,126us total 40.958ms
04-27 22:26:50.842 27376 27376 I [AUTHFW][PASS]AuthFwApp: otlv80
04-27 22:26:50.845 24151 24151 I SCS@AiSearch user 0: (SearchProvider) onTrimMemory(): 40
04-27 22:26:50.900  5429  8542 D PackageManager: setEnabledSetting : userId = 0 packageName = com.samsung.android.scs cmp = androidx.work.impl.background.systemalarm.RescheduleReceiver newState = 1 callingPackage = 10380/com.samsung.android.scs
04-27 22:26:50.901  5429  8542 D ApplicationPolicy: getApplicationStateEnabled : pkg = com.samsung.android.scs userId : 0
04-27 22:26:50.902  5429  8542 D ApplicationPolicy: getApplicationComponentState : pkg = com.samsung.android.scs userId : 0
04-27 22:26:51.251  5429  7411 D SemWifiUsabilityStatsMonitor: onWifiUsabilityStats - seqNum 6383, isSameBssidAndFreq true
04-27 22:26:51.253  5429  5717 I SemWifiLinkQualityMonitor: Link Qos Query: 0.111 ms / 72.000 Mbps (72 / 0.000 / 1.000)
04-27 22:26:51.254  5878  5878 D NetworkController.WifiSignalController: notifyListener: visible=true, connected=true, inetCondition=1, isDefault=true, wifiTestReported=true, receivedInetCondition=-1, hideDuringMobileSwitching=false
04-27 22:26:51.256  5878  6043 D Tile.WifiTile: handleUpdateState isTransient=false transientEnabling =false cb.isTransient=false state.state = 2 mStateBeforeClick.value =false enabled =true
04-27 22:26:52.735  5067  5067 E sehhealth-service: Could not open /sys/class/power_supply/battery/lrp
04-27 22:26:53.728 21539 21549 I _benchmark.test: Background concurrent copying GC freed 1148755(25MB) AllocSpace objects, 0(0B) LOS objects, 47% free, 26MB/50MB, paused 205us,617us total 108.302ms
04-27 22:26:54.278  5429  7411 D SemWifiUsabilityStatsMonitor: onWifiUsabilityStats - seqNum 6384, isSameBssidAndFreq true
04-27 22:26:54.283  5429  5717 I SemWifiLinkQualityMonitor: Link Qos Query: 0.111 ms / 72.000 Mbps (72 / 0.000 / 1.000)
04-27 22:26:54.283  5878  5878 D NetworkController.WifiSignalController: notifyListener: visible=true, connected=true, inetCondition=1, isDefault=true, wifiTestReported=true, receivedInetCondition=-1, hideDuringMobileSwitching=false
04-27 22:26:54.285  5878  6043 D Tile.WifiTile: handleUpdateState isTransient=false transientEnabling =false cb.isTransient=false state.state = 2 mStateBeforeClick.value =false enabled =true
04-27 22:26:54.871  6118  6631 I bt_stack: [INFO:rfc_port_fsm.cc(106)] rfc_port_sm_execute: BD_ADDR=645df4_1, PORT=17, STATE=4, EVENT=4
04-27 22:26:54.873  6118  6631 I bt_stack: [INFO:rfc_port_fsm.cc(106)] rfc_port_sm_execute: BD_ADDR=645df4_1, PORT=17, STATE=4, EVENT=4
04-27 22:26:54.905  5429  5665 D ConnectivityService: reportNetworkActive, notify 0 listeners
04-27 22:26:54.930  6118  6631 I bt_stack: [INFO:rfc_port_fsm.cc(106)] rfc_port_sm_execute: BD_ADDR=645df4_1, PORT=17, STATE=4, EVENT=14
04-27 22:26:55.004  6118  6631 I bt_stack: [INFO:rfc_port_fsm.cc(106)] rfc_port_sm_execute: BD_ADDR=645df4_1, PORT=17, STATE=4, EVENT=14
04-27 22:26:55.070  6118  6631 I bt_stack: [INFO:rfc_port_fsm.cc(106)] rfc_port_sm_execute: BD_ADDR=645df4_1, PORT=17, STATE=4, EVENT=4
04-27 22:26:55.073  6118  6631 I bt_stack: [INFO:rfc_port_fsm.cc(106)] rfc_port_sm_execute: BD_ADDR=645df4_1, PORT=17, STATE=4, EVENT=14
04-27 22:26:55.074  6118  6631 I bt_stack: [INFO:rfc_port_fsm.cc(106)] rfc_port_sm_execute: BD_ADDR=645df4_1, PORT=17, STATE=4, EVENT=4
04-27 22:26:55.076  6118  6631 I bt_stack: [INFO:rfc_port_fsm.cc(106)] rfc_port_sm_execute: BD_ADDR=645df4_1, PORT=17, STATE=4, EVENT=14
04-27 22:26:55.208  5429 28427 D TrafficStats: tagSocket(813) with statsTag=0xffffffff, statsUid=-1
04-27 22:26:55.208  6118  6631 I bt_stack: [INFO:rfc_port_fsm.cc(106)] rfc_port_sm_execute: BD_ADDR=645df4_1, PORT=17, STATE=4, EVENT=14
04-27 22:26:55.214  5429 28427 D TrafficStats: tagSocket(856) with statsTag=0xffffffff, statsUid=-1
04-27 22:26:55.340  6118  6631 I bt_stack: [INFO:rfc_port_fsm.cc(106)] rfc_port_sm_execute: BD_ADDR=645df4_1, PORT=17, STATE=4, EVENT=4
04-27 22:26:55.343  6118  6631 I bt_stack: [INFO:rfc_port_fsm.cc(106)] rfc_port_sm_execute: BD_ADDR=645df4_1, PORT=17, STATE=4, EVENT=4
04-27 22:26:55.356  6118  6631 I bt_stack: [INFO:rfc_port_fsm.cc(106)] rfc_port_sm_execute: BD_ADDR=645df4_1, PORT=17, STATE=4, EVENT=4
04-27 22:26:55.420  5429 28427 D WifiConnectivityMonitor.DnsThread:  [|214] []
04-27 22:26:55.421  5429  5738 D WifiConnectivityMonitor.NetworkStatsAnalyzer: DNS resultType : 0, responseTime : 214
04-27 22:26:55.422  5429  5736 D OpenNetworkQos[4.00]: updateBssidLatestDnsResultType - result: 0
04-27 22:26:55.422  5429  5736 D OpenNetworkQos[4.00]: updateBssidNoInternet: mBssidNoInternet = false
04-27 22:26:55.422  5429  5736 D OpenNetworkQos[4.00]: getOpenNetworkQosNoInternetStatus: false
04-27 22:26:55.422  5429  5736 D OpenNetworkQos[4.00]: getOpenNetworkQosScores: 30 25 0
04-27 22:26:55.423  5429  5736 I WifiProfileShare: network QoS data was changed (internet), updateQoSData networkType: true, qosData: false
04-27 22:26:55.424  5429  7167 V WifiProfileShare.Caster: update wips network, size: 0
04-27 22:26:55.424  5429  7167 D WifiProfileShare: nearby scanning settings run
04-27 22:26:55.424  5429  7167 D WifiProfileShare: network score provider settings enabled
04-27 22:26:55.424  5429  7167 D OpenNetworkQos[4.00]: getOpenNetworkQosScores: 30 25 0
04-27 22:26:55.424  5429  7167 D OpenNetworkQos[4.00]: getOpenNetworkQosNoInternetStatus: false
04-27 22:26:55.424  5429  7167 I WifiProfileShare.Caster: current network type: 0, score: [30, 25, 0]
04-27 22:26:55.425  5429  7167 V WifiProfileShare.Cache: update network score 0c:8d:db:**:**:7d
04-27 22:26:55.426  5429  7167 D WifiProfileShare.ScanMatcher: getMcfDataList size:20
04-27 22:26:55.426  5429  7167 I WifiProfileShare.Caster: qos data was updated , before:type:QOS, pBssid:e8:51:71, qosData:78 after:type:QOS, pBssid:e8:51:71, qosData:78
04-27 22:26:55.431  5429  7167 I [MCFSDK_android_1.2.4010]_4_b: isNetworkEnabled - type : 1 ret : true
04-27 22:26:55.431  5429  7167 D WifiProfileShare.McfCast: -ME--- mIsNetworkEnabled :true
04-27 22:26:55.432  5429  7167 D WifiProfileShare.McfCast: updateQoSData ignored, same contents
04-27 22:26:55.432  5429  7167 D WifiProfileShare.MCF: success update QosData !
04-27 22:26:55.433  5429  7167 I [MCFSDK_android_1.2.4010]_4_b: isNetworkEnabled - type : 1 ret : true
04-27 22:26:55.433  5429  7167 D WifiProfileShare.McfCast: -ME--- mIsNetworkEnabled :true
04-27 22:26:55.433  5429  7167 D WifiProfileShare.McfCast: -ME--- updatePasswordDate pwdData size:20
04-27 22:26:55.521  6118  6631 I bt_stack: [INFO:rfc_port_fsm.cc(106)] rfc_port_sm_execute: BD_ADDR=645df4_1, PORT=17, STATE=4, EVENT=14
04-27 22:26:55.522  6118  6631 I bt_stack: [INFO:rfc_port_fsm.cc(106)] rfc_port_sm_execute: BD_ADDR=645df4_1, PORT=17, STATE=4, EVENT=14
04-27 22:26:55.528  6118  6631 I bt_stack: [INFO:rfc_port_fsm.cc(106)] rfc_port_sm_execute: BD_ADDR=645df4_1, PORT=17, STATE=4, EVENT=14
04-27 22:26:55.529  6118  6631 I bt_stack: [INFO:rfc_port_fsm.cc(106)] rfc_port_sm_execute: BD_ADDR=645df4_1, PORT=17, STATE=4, EVENT=14
04-27 22:26:55.535  6118  6631 I bt_stack: [INFO:rfc_port_fsm.cc(106)] rfc_port_sm_execute: BD_ADDR=645df4_1, PORT=17, STATE=4, EVENT=14
04-27 22:26:55.537  6118  6631 I bt_stack: [INFO:rfc_port_fsm.cc(106)] rfc_port_sm_execute: BD_ADDR=645df4_1, PORT=17, STATE=4, EVENT=14
04-27 22:26:55.609  6118  6631 I bt_stack: [INFO:rfc_port_fsm.cc(106)] rfc_port_sm_execute: BD_ADDR=645df4_1, PORT=17, STATE=4, EVENT=4
04-27 22:26:55.619  6118  6631 I bt_stack: [INFO:rfc_port_fsm.cc(106)] rfc_port_sm_execute: BD_ADDR=645df4_1, PORT=17, STATE=4, EVENT=4
04-27 22:26:55.621  6118  6631 I bt_stack: [INFO:rfc_port_fsm.cc(106)] rfc_port_sm_execute: BD_ADDR=645df4_1, PORT=17, STATE=4, EVENT=4
04-27 22:26:55.622  6118  6631 I bt_stack: [INFO:rfc_port_fsm.cc(106)] rfc_port_sm_execute: BD_ADDR=645df4_1, PORT=17, STATE=4, EVENT=4
04-27 22:26:55.644  6118  6631 I bt_stack: [INFO:rfc_port_fsm.cc(106)] rfc_port_sm_execute: BD_ADDR=645df4_1, PORT=17, STATE=4, EVENT=14
04-27 22:26:55.678  6118  6631 I bt_stack: [INFO:rfc_port_fsm.cc(106)] rfc_port_sm_execute: BD_ADDR=645df4_1, PORT=17, STATE=4, EVENT=4
04-27 22:26:55.681  6118  6631 I bt_stack: [INFO:rfc_port_fsm.cc(106)] rfc_port_sm_execute: BD_ADDR=645df4_1, PORT=17, STATE=4, EVENT=4
04-27 22:26:55.687  6118  6631 I bt_stack: [INFO:rfc_port_fsm.cc(106)] rfc_port_sm_execute: BD_ADDR=645df4_1, PORT=17, STATE=4, EVENT=4
04-27 22:26:55.689  6118  6631 I bt_stack: [INFO:rfc_port_fsm.cc(106)] rfc_port_sm_execute: BD_ADDR=645df4_1, PORT=17, STATE=4, EVENT=4
04-27 22:26:55.732  6118  6631 I bt_stack: [INFO:rfc_port_fsm.cc(106)] rfc_port_sm_execute: BD_ADDR=645df4_1, PORT=17, STATE=4, EVENT=14
04-27 22:26:55.742  6118  6631 I bt_stack: [INFO:rfc_port_fsm.cc(106)] rfc_port_sm_execute: BD_ADDR=645df4_1, PORT=17, STATE=4, EVENT=14
04-27 22:26:55.764  6118  6631 I bt_stack: [INFO:rfc_port_fsm.cc(106)] rfc_port_sm_execute: BD_ADDR=645df4_1, PORT=17, STATE=4, EVENT=4
04-27 22:26:55.844  6118  6631 I bt_stack: [INFO:rfc_port_fsm.cc(106)] rfc_port_sm_execute: BD_ADDR=645df4_1, PORT=17, STATE=4, EVENT=4
04-27 22:26:56.029  6118  6631 I bt_stack: [INFO:rfc_port_fsm.cc(106)] rfc_port_sm_execute: BD_ADDR=645df4_1, PORT=17, STATE=4, EVENT=14
04-27 22:26:56.105  6118  6631 I bt_stack: [INFO:rfc_port_fsm.cc(106)] rfc_port_sm_execute: BD_ADDR=645df4_1, PORT=17, STATE=4, EVENT=4
04-27 22:26:56.167  6118  6631 I bt_stack: [INFO:rfc_port_fsm.cc(106)] rfc_port_sm_execute: BD_ADDR=645df4_1, PORT=17, STATE=4, EVENT=4
04-27 22:26:56.176  6118  6631 I bt_stack: [INFO:rfc_port_fsm.cc(106)] rfc_port_sm_execute: BD_ADDR=645df4_1, PORT=17, STATE=4, EVENT=14
04-27 22:26:56.275  6118  6631 I bt_stack: [INFO:rfc_port_fsm.cc(106)] rfc_port_sm_execute: BD_ADDR=645df4_1, PORT=17, STATE=4, EVENT=4
04-27 22:26:56.299  6118  6631 I bt_stack: [INFO:rfc_port_fsm.cc(106)] rfc_port_sm_execute: BD_ADDR=645df4_1, PORT=17, STATE=4, EVENT=4
04-27 22:26:56.300  6118  6631 I bt_stack: [INFO:rfc_port_fsm.cc(106)] rfc_port_sm_execute: BD_ADDR=645df4_1, PORT=17, STATE=4, EVENT=4
04-27 22:26:56.333  6118  6631 I bt_stack: [INFO:rfc_port_fsm.cc(106)] rfc_port_sm_execute: BD_ADDR=645df4_1, PORT=17, STATE=4, EVENT=14
04-27 22:26:56.426  6118  6631 I bt_stack: [INFO:rfc_port_fsm.cc(106)] rfc_port_sm_execute: BD_ADDR=645df4_1, PORT=17, STATE=4, EVENT=4
04-27 22:26:56.438  6118  6631 I bt_stack: [INFO:rfc_port_fsm.cc(106)] rfc_port_sm_execute: BD_ADDR=645df4_1, PORT=17, STATE=4, EVENT=14
04-27 22:26:56.440  6118  6631 I bt_stack: [INFO:rfc_port_fsm.cc(106)] rfc_port_sm_execute: BD_ADDR=645df4_1, PORT=17, STATE=4, EVENT=14
04-27 22:26:56.522  6118  6631 I bt_stack: [INFO:rfc_port_fsm.cc(106)] rfc_port_sm_execute: BD_ADDR=645df4_1, PORT=17, STATE=4, EVENT=4
04-27 22:26:56.557  6118  6631 I bt_stack: [INFO:rfc_port_fsm.cc(106)] rfc_port_sm_execute: BD_ADDR=645df4_1, PORT=17, STATE=4, EVENT=4
04-27 22:26:56.743  6118  6631 I bt_stack: [INFO:rfc_port_fsm.cc(106)] rfc_port_sm_execute: BD_ADDR=645df4_1, PORT=17, STATE=4, EVENT=14
04-27 22:26:57.296  5429  7411 D SemWifiUsabilityStatsMonitor: onWifiUsabilityStats - seqNum 6385, isSameBssidAndFreq true
04-27 22:26:57.298  5429  5717 I SemWifiLinkQualityMonitor: Link Qos Query: 0.150 ms / 53.486 Mbps (72 / 0.000 / 1.346)
04-27 22:26:58.107  5429  5739 D WifiConnectivityMonitor: start WCM Poll.
04-27 22:26:59.676  5429  8538 D PackageManager: setEnabledSetting : userId = 0 packageName = com.Slack cmp = androidx.work.impl.background.systemalarm.RescheduleReceiver newState = 1 callingPackage = 10329/com.Slack
04-27 22:26:59.679  5429  8538 D ApplicationPolicy: getApplicationStateEnabled : pkg = com.Slack userId : 0
04-27 22:26:59.681  5429  8538 D ApplicationPolicy: getApplicationComponentState : pkg = com.Slack userId : 0
04-27 22:26:59.705  5429  5488 W libprocessgroup: Failed to open /dev/blkio//cgroup.procs: No such file or directory
04-27 22:26:59.729 31104 31168 D ConnectivityManager: StackLog: [android.net.ConnectivityManager.sendRequestForNetwork(ConnectivityManager.java:4191)] [android.net.ConnectivityManager.registerDefaultNetworkCallbackForUid(ConnectivityManager.java:4755)] [android.net.ConnectivityManager.registerDefaultNetworkCallback(ConnectivityManager.java:4722)] [android.net.ConnectivityManager.registerDefaultNetworkCallback(ConnectivityManager.java:4696)] [androidx.work.impl.utils.NetworkApi24.registerDefaultNetworkCallbackCompat(Unknown Source:10)] [androidx.work.impl.constraints.trackers.NetworkStateTracker24.startTracking(Unknown Source:15)] [androidx.work.impl.constraints.controllers.ConstraintController.replace(Unknown Source:130)] [androidx.work.impl.constraints.WorkConstraintsTrackerImpl.replace(Unknown Source:41)] [androidx.work.impl.background.greedy.GreedyScheduler.schedule(Unknown Source:300)] [androidx.work.impl.Schedulers.schedule(Unknown Source:149)] [androidx.work.impl.utils.EnqueueRunnable.run(Unknown Source:53)] [androidx.work.Worker$2.run$androidx$work$impl$utils$SerialExecutorImpl$Task(Unknown Source:4)] [androidx.work.Worker$2.run(Unknown Source:868)] [java.util.concurrent.ThreadPoolExecutor.runWorker(ThreadPoolExecutor.java:1137)] [java.util.concurrent.ThreadPoolExecutor$Worker.run(ThreadPoolExecutor.java:637)] [java.lang.Thread.run(Thread.java:1012)]
04-27 22:26:59.735  5429  8538 D ConnectivityService: requestNetwork for uid/pid:10329/31104 activeRequest: null callbackRequest: 4811 [NetworkRequest [ REQUEST id=4812, [ Capabilities: INTERNET&NOT_RESTRICTED&TRUSTED&NOT_VCN_MANAGED Uid: 10329 RequestorUid: 10329 RequestorPkg: com.Slack UnderlyingNetworks: Null] ]] callback flags: 0 order: 2147483647
04-27 22:26:59.737  5429  5665 D ConnectivityService:    accepting network in place of null
04-27 22:26:59.750  5429  5655 D WifiNetworkFactory: got request NetworkRequest [ REQUEST id=4812, [ Capabilities: INTERNET&NOT_RESTRICTED&TRUSTED&NOT_VCN_MANAGED Uid: 10329 RequestorUid: 10329 RequestorPkg: com.Slack UnderlyingNetworks: Null] ]
04-27 22:26:59.750  5429  5655 D UntrustedWifiNetworkFactory: got request NetworkRequest [ REQUEST id=4812, [ Capabilities: INTERNET&NOT_RESTRICTED&TRUSTED&NOT_VCN_MANAGED Uid: 10329 RequestorUid: 10329 RequestorPkg: com.Slack UnderlyingNetworks: Null] ]
04-27 22:26:59.755  5429  5655 D OemPaidWifiNetworkFactory: got request NetworkRequest [ REQUEST id=4812, [ Capabilities: INTERNET&NOT_RESTRICTED&TRUSTED&NOT_VCN_MANAGED Uid: 10329 RequestorUid: 10329 RequestorPkg: com.Slack UnderlyingNetworks: Null] ]
04-27 22:26:59.756  5429  5655 D MultiInternetWifiNetworkFactory: got request NetworkRequest [ REQUEST id=4812, [ Capabilities: INTERNET&NOT_RESTRICTED&TRUSTED&NOT_VCN_MANAGED Uid: 10329 RequestorUid: 10329 RequestorPkg: com.Slack UnderlyingNetworks: Null] ]
04-27 22:26:59.759  5429  5665 D ConnectivityService: Rematched networks [computed 1ms] [applied 1ms] [issued 21]
04-27 22:26:59.759  5429  5665 D ConnectivityService: NetworkReassignment :
04-27 22:26:59.759  5429  5665 D ConnectivityService:   4812 : null → 108
04-27 22:26:59.780 31104 31104 D ConnectivityManager: StackLog: [android.net.ConnectivityManager.unregisterNetworkCallback(ConnectivityManager.java:4863)] [androidx.work.impl.utils.NetworkApi21.unregisterNetworkCallbackCompat(Unknown Source:10)] [androidx.work.impl.constraints.trackers.NetworkStateTracker24.stopTracking(Unknown Source:15)] [androidx.work.impl.constraints.trackers.ConstraintTracker.removeListener(Unknown Source:24)] [androidx.work.impl.constraints.controllers.ConstraintController.replace(Unknown Source:81)] [androidx.work.impl.constraints.WorkConstraintsTrackerImpl.replace(Unknown Source:41)] [androidx.work.impl.background.greedy.GreedyScheduler.onExecuted(Unknown Source:55)] [androidx.work.impl.Processor.onExecuted(Unknown Source:59)] [com.bugsnag.android.DeliveryDelegate$1.run(Unknown Source:212)]
04-27 22:26:59.785  5429  5665 D ConnectivityService:  Removing from current network [108 WIFI], leaving 149 requests.
04-27 22:26:59.806 27376 27376 I [AUTHFW][PASS]AuthFwApp: otlv80
04-27 22:27:00.014  5878  5878 D KeyguardUpdateMonitor: received broadcast android.intent.action.TIME_TICK
04-27 22:27:00.014  5878  5878 D KeyguardUpdateMonitor: handleTimeUpdate
04-27 22:27:00.017  5878  5878 D FaceWidgetPagesController: onTimeChanged()
04-27 22:27:00.020  5878  6453 D QSClockBellTower: onReceive(android.intent.action.TIME_TICK) mTimeZoneString:null
04-27 22:27:00.044  5429  5488 W libprocessgroup: Failed to open /dev/blkio//cgroup.procs: No such file or directory
04-27 22:27:00.053  5878  5878 D QSClockBellTower: He is ready to ring the bell. (((QSClockBellSound - TimeText:22:27, TimeContentDescription:22:27, DateText:Thu, 27 April, ShortDateText:Thu, 27 Apr, Demo:false, QuickStar-Second(false|12:34:56))))
04-27 22:27:00.055  5878  5878 D QSClockIndicatorView: Home Indicator status_bar_clock 22:27 notifyTimeChanged(QSClockBellSound - TimeText:22:27, TimeContentDescription:22:27, DateText:Thu, 27 April, ShortDateText:Thu, 27 Apr, Demo:false, QuickStar-Second(false|12:34:56)) ClockVisibleByPolicy:true, ClockVisibleByUser:true, visible?false, parent:android.widget.LinearLayout{fc169f7 V.E...... ......I. 0,0-0,55 #7f0b04f0 app:id/left_clock_container}
04-27 22:27:00.056  5878  5878 D QSClockBellTower: Everyone heard the bell. run(currentTime:1682627220050,   getTime():Thu Apr 27 22:27:00 GMT+02:00 2023,   getTimeZone():libcore.util.ZoneInfo[mDstSavings=3600000,mUseDst=true,mDelegate=[id="Europe/Belgrade",mRawOffset=3600000,mEarliestRawOffset=4920000,transitions=119]])
04-27 22:27:00.085  5878  5878 I FaceWidgetPositionAlgorithm: getClockContainerHeight() supplier = 270, bottom margin = 0, real height = 333
04-27 22:27:00.086  5878  5878 I FaceWidgetPositionAlgorithm: getClockContainerHeight() supplier = 270, bottom margin = 63, real height = 333
04-27 22:27:00.086  5878  5878 I FaceWidgetPositionAlgorithm: getMediaContainerHeight() height = 0 container Visibility = 8, isValid = false, mIsDozing = false, fraction = 1.0, source = 0, target = 0
04-27 22:27:00.087  5878  5878 I FaceWidgetPositionAlgorithm: getMediaContainerHeight() supplier = 0
04-27 22:27:00.088  5878  5878 V QsExpandAnimator: setQsExpansionPosition 0.0
04-27 22:27:00.092  5878  5878 V QsExpandAnimator: updateAnimators
04-27 22:27:00.092  5878  5878 V QsExpandAnimator: clearAnimationState
04-27 22:27:00.093  5878  5878 V QsExpandAnimator: updateViews
04-27 22:27:00.097  5878  5878 V QsExpandAnimator: updateTileAnimator
04-27 22:27:00.098  5878  5878 V QsExpandAnimator: updateHeaderAnimator
04-27 22:27:00.098  5878  5878 V QsExpandAnimator: updateBarAnimator
04-27 22:27:00.099  5878  5878 V QsExpandAnimator: setQsExpansionPosition 0.0
04-27 22:27:00.099  5878  5878 V QsExpandAnimator: onAnimationAtStart
04-27 22:27:00.107 27376 27376 I [AUTHFW][PASS]AuthFwApp: otlv80
04-27 22:27:00.108 24151 24151 I SCS@AiSearch user 0: (SearchProvider) onTrimMemory(): 60
04-27 22:27:00.314  5429  7411 D SemWifiUsabilityStatsMonitor: onWifiUsabilityStats - seqNum 6386, isSameBssidAndFreq true
04-27 22:27:00.316  5429  5717 I SemWifiLinkQualityMonitor: Link Qos Query: 0.150 ms / 53.486 Mbps (72 / 0.000 / 1.346)
04-27 22:27:00.316  5878  5878 D NetworkController.WifiSignalController: notifyListener: visible=true, connected=true, inetCondition=1, isDefault=true, wifiTestReported=true, receivedInetCondition=-1, hideDuringMobileSwitching=false
04-27 22:27:00.318  5878  6043 D Tile.WifiTile: handleUpdateState isTransient=false transientEnabling =false cb.isTransient=false state.state = 2 mStateBeforeClick.value =false enabled =true
04-27 22:27:02.518  5429  5583 E ActivityManager: Sending non-protected broadcast com.samsung.android.fme.FME_BASIC_SCAN_START_ACTION from system uid 1000 pkg com.samsung.android.fmm
04-27 22:27:02.518  5429  5583 E ActivityManager: java.lang.Throwable
04-27 22:27:02.518  5429  5583 E ActivityManager: 	at com.android.server.am.ActivityManagerService.checkBroadcastFromSystem(ActivityManagerService.java:15975)
04-27 22:27:02.518  5429  5583 E ActivityManager: 	at com.android.server.am.ActivityManagerService.broadcastIntentLocked(ActivityManagerService.java:16788)
04-27 22:27:02.518  5429  5583 E ActivityManager: 	at com.android.server.am.ActivityManagerService.broadcastIntentInPackage(ActivityManagerService.java:17011)
04-27 22:27:02.518  5429  5583 E ActivityManager: 	at com.android.server.am.ActivityManagerService$LocalService.broadcastIntentInPackage(ActivityManagerService.java:19734)
04-27 22:27:02.518  5429  5583 E ActivityManager: 	at com.android.server.am.PendingIntentRecord.sendInner(PendingIntentRecord.java:627)
04-27 22:27:02.518  5429  5583 E ActivityManager: 	at com.android.server.am.ActivityManagerService.sendIntentSender(ActivityManagerService.java:6557)
04-27 22:27:02.518  5429  5583 E ActivityManager: 	at com.android.server.am.ActivityManagerService.sendIntentSender(ActivityManagerService.java:6546)
04-27 22:27:02.518  5429  5583 E ActivityManager: 	at android.app.PendingIntent.sendAndReturnResult(PendingIntent.java:1029)
04-27 22:27:02.518  5429  5583 E ActivityManager: 	at android.app.PendingIntent.send(PendingIntent.java:1000)
04-27 22:27:02.518  5429  5583 E ActivityManager: 	at com.android.server.alarm.AlarmManagerService$DeliveryTracker.deliverLocked(AlarmManagerService.java:6377)
04-27 22:27:02.518  5429  5583 E ActivityManager: 	at com.android.server.alarm.AlarmManagerService.deliverAlarmsLocked(AlarmManagerService.java:5218)
04-27 22:27:02.518  5429  5583 E ActivityManager: 	at com.android.server.alarm.AlarmManagerService$AlarmThread.run(AlarmManagerService.java:5573)
04-27 22:27:02.616 20793 20942 E DBG_FMM :[DeviceUtil          ]: IsDeviceIdleMode: false
04-27 22:27:02.622 20793 20942 I DBG_FMM :[DeviceUtil          ]: Wifi is available
04-27 22:27:02.636 20793 20942 I DBG_FMESEC :[CFTaskManager       ]: V2 initScanReportCount
04-27 22:27:02.647 20793 20942 I DBG_FMM :[OfflineFindingAnalyticsUtil]: Set start time : start_scan_time
04-27 22:27:02.681 20793 20942 I DBG_FMESEC :[OfflineFindingService]: V2 policy : {
04-27 22:27:02.681 20793 20942 I DBG_FMESEC :[OfflineFindingService]:   "advertiseInterval": 990,
04-27 22:27:02.681 20793 20942 I DBG_FMESEC :[OfflineFindingService]:   "antiTrackingExpireTime": 3600000,
04-27 22:27:02.681 20793 20942 I DBG_FMESEC :[OfflineFindingService]:   "findNode": {
04-27 22:27:02.681 20793 20942 I DBG_FMESEC :[OfflineFindingService]:     "configuration": {
04-27 22:27:02.681 20793 20942 I DBG_FMESEC :[OfflineFindingService]:       "allowManualGeolocation": false,
04-27 22:27:02.681 20793 20942 I DBG_FMESEC :[OfflineFindingService]:       "allowedNlpGap": 2000,
04-27 22:27:02.681 20793 20942 I DBG_FMESEC :[OfflineFindingService]:       "src": "chaser"
04-27 22:27:02.681 20793 20942 I DBG_FMESEC :[OfflineFindingService]:     },
04-27 22:27:02.681 20793 20942 I DBG_FMESEC :[OfflineFindingService]:     "host": "GALAXY_PHONE",
04-27 22:27:02.681 20793 20942 I DBG_FMESEC :[OfflineFindingService]:     "id": "221cd2a3bfa86412801011971e21ee93ae7dafe7f73209f2637b060608fabac74fed",
04-27 22:27:02.681 20793 20942 I DBG_FMESEC :[OfflineFindingService]:     "type": "MOVING",
04-27 22:27:02.681 20793 20942 I DBG_FMESEC :[OfflineFindingService]:     "version": "730208100"
04-27 22:27:02.681 20793 20942 I DBG_FMESEC :[OfflineFindingService]:   },
04-27 22:27:02.681 20793 20942 I DBG_FMESEC :[OfflineFindingService]:   "ignorePeriodForDuplicatedDevice": 10800000,
04-27 22:27:02.681 20793 20942 I DBG_FMESEC :[OfflineFindingService]:   "ignorePeriodForDuplicatedTag": 900000,
04-27 22:27:02.681 20793 20942 I DBG_FMESEC :[OfflineFindingService]:   "lostModeInterval": 1800000,
04-27 22:27:02.681 20793 20942 I DBG_FMESEC :[OfflineFindingService]:   "maxDvcCntPerScan": 5,
04-27 22:27:02.681 20793 20942 I DBG_FMESEC :[OfflineFindingService]:   "maxMultihopCount": 3,
04-27 22:27:02.681 20793 20942 I DBG_FMESEC :[OfflineFindingService]:   "maxScanCntPerCycle": 2,
04-27 22:27:02.681 20793 20942 I DBG_FMESEC :[OfflineFindingService]:   "multiHopAdvtDurationTime": 7000,
04-27 22:27:02.681 20793 20942 I DBG_FMESEC :[OfflineFindingService]:   "multiHopAdvtInterval": 150,
04-27 22:27:02.681 20793 20942 I DBG_FMESEC :[OfflineFindingService]:   "nearbyScanInterval": 3120,
04-27 22:27:02.681 20793 20942 I DBG_FMESEC :[OfflineFindingService]:   "nearbyScanWindow": 160,
04-27 22:27:02.681 20793 20942 I DBG_FMESEC :[OfflineFindingService]:   "obfuscation": {
04-27 22:27:02.681 20793 20942 I DBG_FMESEC :[OfflineFindingService]:     "table": [
04-27 22:27:02.681 20793 20942 I DBG_FMESEC :[OfflineFindingService]:       " obf table size : 4"
04-27 22:27:02.681 20793 20942 I DBG_FMESEC :[OfflineFindingService]:     ],
04-27 22:27:02.681 20793 20942 I DBG_FMESEC :[OfflineFindingService]:     "round": 900
04-27 22:27:02.681 20793 20942 I DBG_FMESEC :[OfflineFindingService]:   },
04-27 22:27:02.681 20793 20942 I DBG_FMESEC :[OfflineFindingService]:   "onlineShuffleInterval": 1800000,
04-27 22:27:02.681 20793 20942 I DBG_FMESEC :[OfflineFindingService]:   "reportInterval": 1209600000,
04-27 22:27:02.681 20793 20942 I DBG_FMESEC :[OfflineFindingService]:   "scanCntPerDay": 12,
04-27 22:27:02.681 20793 20942 I DBG_FMESEC :[OfflineFindingService]:   "scanDurationTime": 120000,
04-27 22:27:02.681 20793 20942 I DBG_FMESEC :[OfflineFindingService]:   "screenOffScanInterval": 3120,
04-27 22:27:02.681 20793 20942 I DBG_FMESEC :[OfflineFindingService]:   "screenOffScanWindow": 160,
04-27 22:27:02.681 20793 20942 I DBG_FMESEC :[OfflineFindingService]:   "screenOnScanInterval": 3120,
04-27 22:27:02.681 20793 20942 I DBG_FMESEC :[OfflineFindingService]:   "screenOnScanWindow": 160,
04-27 22:27:02.681 20793 20942 I DBG_FMESEC :[OfflineFindingService]:   "shuffleInterval": 900000,
04-27 22:27:02.681 20793 20942 I DBG_FMESEC :[OfflineFindingService]:   "version": "1",
04-27 22:27:02.681 20793 20942 I DBG_FMESEC :[OfflineFindingService]:   "waitingTimeBeforeReport": 0
04-27 22:27:02.681 20793 20942 I DBG_FMESEC :[OfflineFindingService]: }
04-27 22:27:02.682 20793 20942 I DBG_FMESEC :[FMEBleManager       ]: startScan : offline , mcf(true) : interval(3120), window(160)
04-27 22:27:02.691 20793 20942 I DBG_FMESEC :[FMEBleManager       ]: V2 start scan through MCF.
04-27 22:27:02.692 20793 20942 E [MCFSDK_fmm_1.0.2039]_McfContext: getBleAdapter -return instance created 15772683
04-27 22:27:02.693 20793 20942 I [MCFSDK_fmm_1.0.2039]_McfAdapter: getBleAdapter  -  i [#0x11, c.d.a.b.o.m.a@4a104ce]
04-27 22:27:02.696 20793 20942 I [MCFSDK_fmm_1.0.2039]_17_i: getBleScanner -
04-27 22:27:02.701 20793 20942 I [MCFSDK_fmm_1.0.2039]_17_i: startScan - screenOnFilter - 2
04-27 22:27:02.701 20793 20942 I [MCFSDK_fmm_1.0.2039]_17_i: startScan - screenOffFilter - 2
04-27 22:27:02.719 20793 20942 I DBG_FMESEC :[OfflineFindingService]: setDefaultScanAlarm Stop : 120000
04-27 22:27:02.726  6655  6655 I [MCFServer]_BleAdapterManager: startScan - BAScanCallback{Settings=BleScanSettings{mode=0, rssi=-128, timeout=0, phy =0}, Callback=CB{i=17, h=55684500}}
04-27 22:27:02.831  6655  6655 I [MCFServer]_BleScanner(BA): startScan - t - BAScanPolicy{, IDs={17}}
04-27 22:27:02.836  6655  6655 I BluetoothAdapter: STATE_ON
04-27 22:27:02.838  6655  6655 I BluetoothAdapter: STATE_ON
04-27 22:27:02.838  6655  6655 I BluetoothAdapter: STATE_ON
04-27 22:27:02.853  6118  6654 D BtGatt.ContextMap: add() - appUid: 10323, appPid: 6655, appName: com.samsung.android.mcfserver
04-27 22:27:02.855  6118  6654 I bt_stack: [INFO:le_scanning_manager.cc(165)] RegisterScanner in shim layer
04-27 22:27:02.859  6118  6324 D BtGatt.GattService: onScannerRegistered() - UUID=de98346b-9787-495a-ac1e-6c7c28b07c2a, scannerId=7, status=0
04-27 22:27:02.867  6118  6654 I BluetoothAdapter: STATE_ON
04-27 22:27:02.897  6118  6654 D ActivityAttributionService: notifyActivityAttributionInfo UID=1002 packageName=com.android.bluetooth deviceAddress=no_active_device_address
04-27 22:27:02.899  6118  6588 I BluetoothAdapter: STATE_ON
04-27 22:27:02.910  6118  6588 I BluetoothAdapter: STATE_ON
04-27 22:27:02.910  6118  6588 I BluetoothAdapter: STATE_ON
04-27 22:27:02.911  6118  6588 I bt_stack: [INFO:le_scanning_manager.cc(269)] ScanFilterEnable in shim layer
04-27 22:27:02.913  6118  6600 E BtGatt.GattService: [GSIM LOG]: gsimLogHandler, msg: MESSAGE_SCAN_START, appName: com.samsung.android.mcfserver, scannerId: 7, reportDelayMillis=0
04-27 22:27:02.924  6118  6588 I bt_stack: [INFO:le_scanning_manager.cc(240)] ScanFilterAdd in shim layer
04-27 22:27:02.925  6118  6588 D BtGatt.ScanManager: configureFilterParamter() : onFoundTimeout | onLostTimeout | onFoundCount | numOfTrackingEntries | scanFilterRssiThreshold | trackableScanFilterRssiThreshold | matchMode
04-27 22:27:02.925  6118  6588 D BtGatt.ScanManager: configureFilterParamter() : __________500__|________10000__|___________1__|___________________0__|___________________-128__|____________________________-128__|________1_
04-27 22:27:02.927  6118  6588 I bt_stack: [INFO:le_scanning_manager.cc(198)] ScanFilterParamSetup in shim layer
04-27 22:27:02.929  6118  6588 I bt_stack: [INFO:le_scanning_manager.cc(240)] ScanFilterAdd in shim layer
04-27 22:27:02.930  6118  6588 D BtGatt.ScanManager: configureFilterParamter() : onFoundTimeout | onLostTimeout | onFoundCount | numOfTrackingEntries | scanFilterRssiThreshold | trackableScanFilterRssiThreshold | matchMode
04-27 22:27:02.930  6118  6588 D BtGatt.ScanManager: configureFilterParamter() : __________500__|________10000__|___________1__|___________________0__|___________________-128__|____________________________-128__|________1_
04-27 22:27:02.930  6118  6588 I bt_stack: [INFO:le_scanning_manager.cc(198)] ScanFilterParamSetup in shim layer
04-27 22:27:03.143  5429  5736 D WifiConnectivityMonitor: Stop WCM Poll. cnt : 5
04-27 22:27:03.343  5429  7411 D SemWifiUsabilityStatsMonitor: onWifiUsabilityStats - seqNum 6387, isSameBssidAndFreq true
04-27 22:27:03.344  5429  5717 I SemWifiLinkQualityMonitor: Link Qos Query: 0.150 ms / 53.486 Mbps (72 / 0.000 / 1.346)
04-27 22:27:03.392 11246 28439 I GmscoreIpa: Starting mediastore instant index [CONTEXT service_id=255 ]
04-27 22:27:04.633  5429  5488 W libprocessgroup: Failed to open /dev/blkio//cgroup.procs: No such file or directory
04-27 22:27:04.635  5429  5488 W libprocessgroup: Failed to open /dev/blkio//cgroup.procs: No such file or directory
04-27 22:27:04.721  6734  6734 D BoundBrokerSvc: onBind: Intent { act=com.google.android.gms.udc.service.START dat=chimera-action:/... cmp=com.google.android.gms/.chimera.PersistentApiService }
04-27 22:27:04.721  6734  6734 D BoundBrokerSvc: Loading bound service for intent: Intent { act=com.google.android.gms.udc.service.START dat=chimera-action:/... cmp=com.google.android.gms/.chimera.PersistentApiService }
04-27 22:27:04.857 20358 20405 E PlayCommon: [86] alak.run(3): Metalog directories were deleted unexpectedly, recreating...
04-27 22:27:04.987  5429  5488 W libprocessgroup: Failed to open /dev/blkio//cgroup.procs: No such file or directory
04-27 22:27:05.089  6734  6734 D BoundBrokerSvc: onUnbind: Intent { act=com.google.android.gms.scheduler.ACTION_PROXY_SCHEDULE dat=chimera-action:/... cmp=com.google.android.gms/.chimera.PersistentApiService }
04-27 22:27:06.359  5429  7411 D SemWifiUsabilityStatsMonitor: onWifiUsabilityStats - seqNum 6388, isSameBssidAndFreq true
04-27 22:27:06.363  5429  5717 I SemWifiLinkQualityMonitor: Link Qos Query: 0.150 ms / 53.486 Mbps (72 / 0.000 / 1.346)
04-27 22:27:09.391  5429  7411 D SemWifiUsabilityStatsMonitor: onWifiUsabilityStats - seqNum 6389, isSameBssidAndFreq true
04-27 22:27:09.393  5429  5717 I SemWifiLinkQualityMonitor: Link Qos Query: 0.150 ms / 53.486 Mbps (72 / 0.000 / 1.346)
04-27 22:27:12.035 27376 27376 I [AUTHFW][PASS]AuthFwApp: otlv80
04-27 22:27:12.406  5429  7411 D SemWifiUsabilityStatsMonitor: onWifiUsabilityStats - seqNum 6390, isSameBssidAndFreq true
04-27 22:27:12.409  5878  5878 D NetworkController.WifiSignalController: notifyListener: visible=true, connected=true, inetCondition=1, isDefault=true, wifiTestReported=true, receivedInetCondition=-1, hideDuringMobileSwitching=false
04-27 22:27:12.410  5878  6043 D Tile.WifiTile: handleUpdateState isTransient=false transientEnabling =false cb.isTransient=false state.state = 2 mStateBeforeClick.value =false enabled =true
04-27 22:27:12.412  5429  5717 I SemWifiLinkQualityMonitor: Link Qos Query: 0.111 ms / 72.000 Mbps (72 / 0.000 / 1.000)
04-27 22:27:15.430  5429  7411 D SemWifiUsabilityStatsMonitor: onWifiUsabilityStats - seqNum 6391, isSameBssidAndFreq true
04-27 22:27:15.434  5878  5878 D NetworkController.WifiSignalController: notifyListener: visible=true, connected=true, inetCondition=1, isDefault=true, wifiTestReported=true, receivedInetCondition=-1, hideDuringMobileSwitching=false
04-27 22:27:15.436  5878  6043 D Tile.WifiTile: handleUpdateState isTransient=false transientEnabling =false cb.isTransient=false state.state = 2 mStateBeforeClick.value =false enabled =true
04-27 22:27:15.437  5429  5717 I SemWifiLinkQualityMonitor: Link Qos Query: 0.111 ms / 72.000 Mbps (72 / 0.000 / 1.000)
04-27 22:27:17.772  4899  4899 E audit   : type=1400 audit(1682627237.767:20096): avc:  denied  { getattr } for  pid=5429 comm="BinderProcsColl" path="/sys/kernel/debug/binder/proc/5429" dev="debugfs" ino=28624 scontext=u:r:system_server:s0 tcontext=u:object_r:sec_debugfs:s0 tclass=file permissive=0 SEPF_SM-A515F_13_0001 audit_filtered
04-27 22:27:17.772  4899  4899 E audit   : type=1300 audit(1682627237.767:20096): arch=c00000b7 syscall=79 success=no exit=-13 a0=ffffff9c a1=77704c09e0 a2=773f43b680 a3=0 items=0 ppid=4924 pid=5429 auid=4294967295 uid=1000 gid=1000 euid=1000 suid=1000 fsuid=1000 egid=1000 sgid=1000 fsgid=1000 tty=(none) ses=4294967295 comm="BinderProcsColl" exe="/system/bin/app_process64" subj=u:r:system_server:s0 key=(null)
04-27 22:27:17.772  4899  4899 E audit   : type=1327 audit(1682627237.767:20096): proctitle="system_server"
04-27 22:27:17.806  5429  5665 D ConnectivityService: reportNetworkActive, notify 0 listeners
04-27 22:27:18.446  5429  7411 D SemWifiUsabilityStatsMonitor: onWifiUsabilityStats - seqNum 6392, isSameBssidAndFreq true
04-27 22:27:18.449  5429  5717 I SemWifiLinkQualityMonitor: Link Qos Query: 0.148 ms / 54.000 Mbps (72 / 0.000 / 1.333)
04-27 22:27:18.449  5878  5878 D NetworkController.WifiSignalController: notifyListener: visible=true, connected=true, inetCondition=1, isDefault=true, wifiTestReported=true, receivedInetCondition=-1, hideDuringMobileSwitching=false
04-27 22:27:18.451  5878  6043 D Tile.WifiTile: handleUpdateState isTransient=false transientEnabling =false cb.isTransient=false state.state = 2 mStateBeforeClick.value =false enabled =true
04-27 22:27:19.701  5878  6043 D MobileStatusTracker(1/2): onSignalStrengthsChanged level=4, vendorLevel=4
04-27 22:27:19.711  5878  6043 D MobileSignalController(1/2): notifyListener: enabled=true, connected=true, dataConnected=false, networkType=LTE (4G), emergencyOnly=false, roaming=false, isDefault=false, dataActivity=, level=4, ca=false, mmWave=false, disabledDataIcon=false, simCard=ETC
04-27 22:27:19.712  5878  6043 D NetworkController: SignalStrength from intent slotId=1
04-27 22:27:19.769  6734  6734 D BoundBrokerSvc: onUnbind: Intent { act=com.google.android.gms.udc.service.START dat=chimera-action:/... cmp=com.google.android.gms/.chimera.PersistentApiService }
04-27 22:27:21.484  5429  7411 D SemWifiUsabilityStatsMonitor: onWifiUsabilityStats - seqNum 6393, isSameBssidAndFreq true
04-27 22:27:21.489  5429  5717 I SemWifiLinkQualityMonitor: Link Qos Query: 0.222 ms / 36.000 Mbps (72 / 0.000 / 2.000)
04-27 22:27:22.240  6734  6734 D BoundBrokerSvc: onBind: Intent { act=com.google.android.gms.auth.account.workaccount.START dat=chimera-action:/... cmp=com.google.android.gms/.chimera.PersistentApiService }
04-27 22:27:22.240  6734  6734 D BoundBrokerSvc: Loading bound service for intent: Intent { act=com.google.android.gms.auth.account.workaccount.START dat=chimera-action:/... cmp=com.google.android.gms/.chimera.PersistentApiService }
04-27 22:27:22.797  5067  5067 E sehhealth-service: Could not open /sys/class/power_supply/battery/lrp
04-27 22:27:23.785 21539 21549 I _benchmark.test: Background concurrent copying GC freed 983318(21MB) AllocSpace objects, 0(0B) LOS objects, 46% free, 27MB/51MB, paused 182us,97us total 123.200ms
04-27 22:27:24.520  5429  7411 D SemWifiUsabilityStatsMonitor: onWifiUsabilityStats - seqNum 6394, isSameBssidAndFreq true
04-27 22:27:24.525  5429  5717 I SemWifiLinkQualityMonitor: Link Qos Query: 0.185 ms / 43.200 Mbps (72 / 0.000 / 1.667)
04-27 22:27:26.498  6734 28452 D ConnectivityManager: StackLog: [android.net.ConnectivityManager.reportNetworkConnectivity(ConnectivityManager.java:3390)] [anzl.i(:com.google.android.gms@231312044@23.13.12 (190400-519946965):0)] [anyz.run(:com.google.android.gms@231312044@23.13.12 (190400-519946965):57)] [anzz.run(:com.google.android.gms@231312044@23.13.12 (190400-519946965):2)] [dbpm.run(:com.google.android.gms@231312044@23.13.12 (190400-519946965):2)] [abix.c(:com.google.android.gms@231312044@23.13.12 (190400-519946965):6)] [abix.run(:com.google.android.gms@231312044@23.13.12 (190400-519946965):7)] [java.util.concurrent.ThreadPoolExecutor.runWorker(ThreadPoolExecutor.java:1137)] [java.util.concurrent.ThreadPoolExecutor$Worker.run(ThreadPoolExecutor.java:637)] [abod.run(:com.google.android.gms@231312044@23.13.12 (190400-519946965):0)] [java.lang.Thread.run(Thread.java:1012)]
04-27 22:27:26.503  6734 28452 I AlarmManager: setExactAndAllowWhileIdle [name: GCM_HB_ALARM type: 2 triggerAtMillis: 37556476]
04-27 22:27:26.521  6734 28452 E GmsTaskScheduler: sendWakeUpEvent called on SchedulerClientBroadcastStrategy
04-27 22:27:26.535  6734 27732 I AlarmManager: setExactAndAllowWhileIdle [name: FcmRetry type: 2 triggerAtMillis: 36906503]
04-27 22:27:26.560  5429  5751 D NetdEventListenerService: DNS Requested by : 108, 10126
04-27 22:27:26.576  4924  4924 D Zygote  : Forked child process 28498
04-27 22:27:26.629 15648 15741 D ConnectivityManager: StackLog: [android.net.ConnectivityManager.sendRequestForNetwork(ConnectivityManager.java:4191)] [android.net.ConnectivityManager.registerDefaultNetworkCallbackForUid(ConnectivityManager.java:4755)] [android.net.ConnectivityManager.registerDefaultNetworkCallback(ConnectivityManager.java:4722)] [android.net.ConnectivityManager.registerDefaultNetworkCallback(ConnectivityManager.java:4696)] [androidx.work.impl.utils.o.a(PG:1)] [androidx.work.impl.a.b.l.d(PG:2)] [androidx.work.impl.a.e.a(PG:17)] [androidx.work.impl.background.a.d.c(PG:46)] [androidx.work.impl.background.a.a.run(PG:2)]
04-27 22:27:26.632  5429  6113 D ConnectivityService: requestNetwork for uid/pid:10233/15648 activeRequest: null callbackRequest: 4813 [NetworkRequest [ REQUEST id=4814, [ Capabilities: INTERNET&NOT_RESTRICTED&TRUSTED&NOT_VCN_MANAGED Uid: 10233 RequestorUid: 10233 RequestorPkg: com.google.android.googlequicksearchbox UnderlyingNetworks: Null] ]] callback flags: 0 order: 2147483647
04-27 22:27:26.634  5429  5665 D ConnectivityService:    accepting network in place of null
04-27 22:27:26.643  5429  5655 D WifiNetworkFactory: got request NetworkRequest [ REQUEST id=4814, [ Capabilities: INTERNET&NOT_RESTRICTED&TRUSTED&NOT_VCN_MANAGED Uid: 10233 RequestorUid: 10233 RequestorPkg: com.google.android.googlequicksearchbox UnderlyingNetworks: Null] ]
04-27 22:27:26.647 28498 28498 I twitter.android: Using CollectorTypeCC GC.
04-27 22:27:26.657  5429  5655 D UntrustedWifiNetworkFactory: got request NetworkRequest [ REQUEST id=4814, [ Capabilities: INTERNET&NOT_RESTRICTED&TRUSTED&NOT_VCN_MANAGED Uid: 10233 RequestorUid: 10233 RequestorPkg: com.google.android.googlequicksearchbox UnderlyingNetworks: Null] ]
04-27 22:27:26.660  5429  5655 D OemPaidWifiNetworkFactory: got request NetworkRequest [ REQUEST id=4814, [ Capabilities: INTERNET&NOT_RESTRICTED&TRUSTED&NOT_VCN_MANAGED Uid: 10233 RequestorUid: 10233 RequestorPkg: com.google.android.googlequicksearchbox UnderlyingNetworks: Null] ]
04-27 22:27:26.661 28498 28498 E twitter.android: Not starting debugger since process cannot load the jdwp agent.
04-27 22:27:26.661  5429  5665 D ConnectivityService: Rematched networks [computed 1ms] [applied 3ms] [issued 24]
04-27 22:27:26.661  5429  5665 D ConnectivityService: NetworkReassignment :
04-27 22:27:26.661  5429  5665 D ConnectivityService:   4814 : null → 108
04-27 22:27:26.661  5429  5655 D MultiInternetWifiNetworkFactory: got request NetworkRequest [ REQUEST id=4814, [ Capabilities: INTERNET&NOT_RESTRICTED&TRUSTED&NOT_VCN_MANAGED Uid: 10233 RequestorUid: 10233 RequestorPkg: com.google.android.googlequicksearchbox UnderlyingNetworks: Null] ]
04-27 22:27:26.689 28498 28498 W libc    : Access denied finding property "sys.perf.boostopt"
04-27 22:27:26.689  4899  4899 E audit   : type=1400 audit(1682627246.683:20097): avc:  denied  { read } for  pid=28498 comm="twitter.android" name="u:object_r:perf_prop:s0" dev="tmpfs" ino=21617 scontext=u:r:untrusted_app:s0:c83,c256,c512,c768 tcontext=u:object_r:perf_prop:s0 tclass=file permissive=0 SEPF_SM-A515F_13_0001 audit_filtered
04-27 22:27:26.690  4899  4899 E audit   : type=1300 audit(1682627246.683:20097): arch=c00000b7 syscall=56 success=no exit=-13 a0=ffffff9c a1=7fcb563ba8 a2=88000 a3=0 items=0 ppid=4924 pid=28498 auid=4294967295 uid=10083 gid=10083 euid=10083 suid=10083 fsuid=10083 egid=10083 sgid=10083 fsgid=10083 tty=(none) ses=4294967295 comm="twitter.android" exe="/system/bin/app_process64" subj=u:r:untrusted_app:s0:c83,c256,c512,c768 key=(null)
04-27 22:27:26.690  4899  4899 E audit   : type=1327 audit(1682627246.683:20097): proctitle="zygote64"
04-27 22:27:26.693 28498 28498 D ActivityThread: setConscryptValidator
04-27 22:27:26.693 28498 28498 D ActivityThread: setConscryptValidator - put
04-27 22:27:26.695 28498 28510 W libc    : Access denied finding property "sys.perf.boostopt"
04-27 22:27:26.696  4899  4899 E audit   : type=1400 audit(1682627246.691:20098): avc:  denied  { read } for  pid=28498 comm="binder:28498_1" name="u:object_r:perf_prop:s0" dev="tmpfs" ino=21617 scontext=u:r:untrusted_app:s0:c83,c256,c512,c768 tcontext=u:object_r:perf_prop:s0 tclass=file permissive=0 SEPF_SM-A515F_13_0001 audit_filtered
04-27 22:27:26.697  4899  4899 E audit   : type=1300 audit(1682627246.691:20098): arch=c00000b7 syscall=56 success=no exit=-13 a0=ffffff9c a1=7804bb12f8 a2=88000 a3=0 items=0 ppid=4924 pid=28498 auid=4294967295 uid=10083 gid=10083 euid=10083 suid=10083 fsuid=10083 egid=10083 sgid=10083 fsgid=10083 tty=(none) ses=4294967295 comm="binder:28498_1" exe="/system/bin/app_process64" subj=u:r:untrusted_app:s0:c83,c256,c512,c768 key=(null)
04-27 22:27:26.697  4899  4899 E audit   : type=1327 audit(1682627246.691:20098): proctitle="<pre-initialized>"
04-27 22:27:26.740 28498 28510 W libc    : Access denied finding property "sys.perf.boostopt"
04-27 22:27:26.744 28498 28498 D CompatibilityChangeReporter: Compat change id reported: 171979766; UID 10083; state: ENABLED
04-27 22:27:26.827 28498 28498 D nativeloader: Configuring classloader-namespace for other apk /system/framework/org.apache.http.legacy.jar. target_sdk_version=33, uses_libraries=ALL, library_path=/data/app/~~1wbyZG-ybDrhUxDpY6mkgw==/com.twitter.android-BzPfXiBbLb3hUkjME_S6rQ==/lib/arm64:/data/app/~~1wbyZG-ybDrhUxDpY6mkgw==/com.twitter.android-BzPfXiBbLb3hUkjME_S6rQ==/base.apk!/lib/arm64-v8a:/data/app/~~1wbyZG-ybDrhUxDpY6mkgw==/com.twitter.android-BzPfXiBbLb3hUkjME_S6rQ==/split_config.arm64_v8a.apk!/lib/arm64-v8a:/data/app/~~1wbyZG-ybDrhUxDpY6mkgw==/com.twitter.android-BzPfXiBbLb3hUkjME_S6rQ==/split_config.en.apk!/lib/arm64-v8a:/data/app/~~1wbyZG-ybDrhUxDpY6mkgw==/com.twitter.android-BzPfXiBbLb3hUkjME_S6rQ==/split_config.ru.apk!/lib/arm64-v8a:/data/app/~~1wbyZG-ybDrhUxDpY6mkgw==/com.twitter.android-BzPfXiBbLb3hUkjME_S6rQ==/split_config.xxhdpi.apk!/lib/arm64-v8a, permitted_path=/data:/mnt/expand:/data/user/0/com.twitter.android
04-27 22:27:26.827 28498 28498 D nativeloader: Extending system_exposed_libraries: libhumantracking.arcsoft.so:libPortraitDistortionCorrection.arcsoft.so:libPortraitDistortionCorrectionCali.arcsoft.so:libface_landmark.arcsoft.so:libFacialStickerEngine.arcsoft.so:libveengine.arcsoft.so:liblow_light_hdr.arcsoft.so:libhigh_dynamic_range.arcsoft.so:libFacialAttributeDetection.arcsoft.so:libBeauty_v4.camera.samsung.so:libexifa.camera.samsung.so:libjpega.camera.samsung.so:libOpenCv.camera.samsung.so:libImageScreener.camera.samsung.so:libMyFilter.camera.samsung.so:libtensorflowLite.myfilter.camera.samsung.so:libtensorflowlite_inference_api.myfilter.camera.samsung.so:libEventFinder.camera.samsung.so:libHIDTSnapJNI.camera.samsung.so:libSmartScan.camera.samsung.so:libRectify.camera.samsung.so:libDocRectifyWrapper.camera.samsung.so:libUltraWideDistortionCorrection.camera.samsung.so:libHpr_RecGAE_cvFeature_v1.0.camera.samsung.so:libHprFace_GAE_api.camera.samsung.so:libFace_Landmark_API.camera.samsung.so:libHprFace_GAE_jni.camera.samsung.so:libFacialBasedSelfieCorrec
04-27 22:27:26.959 15648 15735 I A       : (REDACTED) Attempting to cache the data for enabled corpora %s.
04-27 22:27:26.977 15648 15742 I A       : (REDACTED) Starting batch sync for corpora: %s
