04-27 20:13:32.707 26164 26187 I TestRunner: started: valueInt(org.jetbrains.android_benchmark.BoxRecreationBenchmark)
04-27 20:13:32.711 26164 26164 I MonitoringInstr: Activities that are still in CREATED to STOPPED: 1
04-27 20:13:32.711 26164 26164 I MonitoringInstr: Finishing activity: androidx.benchmark.IsolationActivity@60bdc39
04-27 20:13:32.717 26164 26187 I GrantPermissionCallable: Permission: android.permission.WRITE_EXTERNAL_STORAGE is already granted!
04-27 20:13:32.718 26164 26187 I GrantPermissionCallable: Permission: android.permission.READ_EXTERNAL_STORAGE is already granted!
04-27 20:13:32.718 26164 26187 D Benchmark: -- Running org.jetbrains.android_benchmark.BoxRecreationBenchmark#valueInt --
04-27 20:13:32.718 26164 26187 D PerfettoCapture: Supported ABIs: arm64-v8a, armeabi-v7a, armeabi
04-27 20:13:32.719 26164 26187 D PerfettoCapture: Recording perfetto trace
04-27 20:13:32.762 26164 26187 I PerfettoCapture: Cleanup perfetto before starting.
04-27 20:13:32.795  5429  5488 W libprocessgroup: Failed to open /dev/blkio//cgroup.procs: No such file or directory
04-27 20:13:32.798  5429  5488 W libprocessgroup: Failed to open /dev/blkio//cgroup.procs: No such file or directory
04-27 20:13:32.824  6734 28756 I NetworkScheduler.Stats: Task com.google.android.gms/com.google.android.gms.ipa.base.IpaGcmTaskService started execution. cause:9 exec_start_elapsed_seconds: 28752 [CONTEXT service_id=218 ]
04-27 20:13:32.844  6734 27909 I NetworkScheduler.Stats: Task com.google.android.gms/com.google.android.gms.ipa.base.IpaGcmTaskService finished executing. cause:9 result: 1 elapsed_millis: 76 uptime_millis: 76 exec_start_elapsed_seconds: 28752 [CONTEXT service_id=218 ]
04-27 20:13:32.879  6734  6743 I .gms.persistent: Background young concurrent copying GC freed 366300(19MB) AllocSpace objects, 6(304KB) LOS objects, 38% free, 31MB/51MB, paused 385us,105us total 106.967ms
04-27 20:13:32.989 26164 26187 I PerfettoCapture: Perfetto output file cleanup -
04-27 20:13:32.990 26164 26187 I PerfettoCapture: Starting perfetto tracing with cmd: cat /storage/emulated/0/Android/data/org.jetbrains.android_benchmark.test/cache/trace_config.pb | perfetto --background -c - -o /data/misc/perfetto-traces/trace_output.pb
04-27 20:13:33.209  5429  5488 W libprocessgroup: Failed to open /dev/blkio//cgroup.procs: No such file or directory
04-27 20:13:33.224 28930 28930 I perfetto:    perfetto_cmd.cc:1001 Connected to the Perfetto traced service, starting tracing
04-27 20:13:33.226  5131  5131 I perfetto: ing_service_impl.cc:953 Configured tracing session 22, #sources:4, duration:0 ms, #buffers:2, total buffer size:36864 KB, total sessions:1, uid:2000 session name: ""
04-27 20:13:33.229  5130  5130 I perfetto:  probes_producer.cc:139 Ftrace setup (target_buf=43)
04-27 20:13:33.235  5429  5749 D BrightnessHandler: inject brightness = 176.0, Brightness: 0.6891471
04-27 20:13:33.236  4993  4993 I SensorsHub: LightSensor::injectSensorData: brightness 176
04-27 20:13:33.237  5429  5749 D BrightnessHandler: inject brightness = 176.0, Brightness: 0.6891471
04-27 20:13:33.238  4993  4993 I SensorsHub: LightSensor::injectSensorData: brightness 176
04-27 20:13:33.240  5047  5047 I SehLight: lcd : 176+
04-27 20:13:33.241  5047  5047 I SehLight: lcd : 176-
04-27 20:13:33.248  5429  5749 D BrightnessHandler: inject brightness = 175.0, Brightness: 0.685647
04-27 20:13:33.248 26164 26187 I PerfettoCapture: Perfetto output - 28930
04-27 20:13:33.248 26164 26187 I PerfettoCapture: EXITCODE=0
04-27 20:13:33.249  4993  4993 I SensorsHub: LightSensor::injectSensorData: brightness 175
04-27 20:13:33.250  5429  5749 D BrightnessHandler: inject brightness = 175.0, Brightness: 0.685647
04-27 20:13:33.251  4993  4993 I SensorsHub: LightSensor::injectSensorData: brightness 175
04-27 20:13:33.253 26084 26084 I SCS@AiSearch user 0: (ObserverWorker::AOSP_MP) [main] entering in startWork():
04-27 20:13:33.253  5047  5047 I SehLight: lcd : 175+
04-27 20:13:33.253 26084 26084 I SCS@AiSearch user 0: (BaseCollector::AOSP_MP) [main] entering in onChange():
04-27 20:13:33.255  5047  5047 I SehLight: lcd : 175-
04-27 20:13:33.257 26084 26142 I SCS@AiSearch user 0: (BaseCollector::AOSP_MP) [AOSP_MP-0] entering in collectChanges():
04-27 20:13:33.266  5429  8518 D PackageManager: setEnabledSetting : userId = 0 packageName = com.samsung.android.scs cmp = androidx.work.impl.background.systemalarm.RescheduleReceiver newState = 1 callingPackage = 10380/com.samsung.android.scs
04-27 20:13:33.269  5429  8518 D ApplicationPolicy: getApplicationStateEnabled : pkg = com.samsung.android.scs userId : 0
04-27 20:13:33.270  5878  6043 D MobileStatusTracker(0/1): onSignalStrengthsChanged level=4, vendorLevel=4
04-27 20:13:33.271  5429  8518 D ApplicationPolicy: getApplicationComponentState : pkg = com.samsung.android.scs userId : 0
04-27 20:13:33.271  5878  6043 D MobileSignalController(0/1): notifyListener: enabled=true, connected=true, dataConnected=false, networkType=LTE (4G), emergencyOnly=false, roaming=true, isDefault=false, dataActivity=, level=4, ca=false, mmWave=false, disabledDataIcon=false, simCard=ETC
04-27 20:13:33.273  5878  6043 D NetworkController: SignalStrength from intent slotId=0
04-27 20:13:33.313  4389  4389 I hwservicemanager: getTransport: Cannot find entry android.hardware.atrace@1.0::IAtraceDevice/default in either framework or device VINTF manifest.
04-27 20:13:33.341  5130  5130 I perfetto:    ftrace_procfs.cc:335 enabled ftrace in /sys/kernel/tracing/
04-27 20:13:33.377 26084 26142 I SCS@AiSearch user 0: (BaseCollector::AOSP_MP) fetchInternal values : maxSyncId: 1000008086 indexCount: 1705 sourceCount: 1705
04-27 20:13:33.414 26164 26187 I PerfettoCapture: Perfetto tracing started successfully with pid 28930.
04-27 20:13:33.453 26084 26142 I SCS@AiSearch user 0: (IndexManager) [AOSP_MP-0] entering in addIndex():
04-27 20:13:33.459 26084 26142 I SCS@AiSearch user 0: (BaseCollector::AOSP_MP) fetch: fetching took  155 ms
04-27 20:13:33.460 26084 26142 I SCS@AiSearch user 0: (BaseCollector::AOSP_MP) fetchChanges: applied 0 items
04-27 20:13:33.460 26084 26142 I SCS@AiSearch user 0: (BaseCollector::AOSP_MP) Collect finished. Result: true
04-27 20:13:33.463 26084 26142 I SCS@AiSearch user 0: (BaseCollector::AOSP_MP) enqueue ObserverWorker name: com.sec.android.app.myfiles, policy: APPEND_OR_REPLACE
04-27 20:13:33.464 26084 26138 I WM-WorkerWrapper: Worker result SUCCESS for Work [ id=044d3749-68df-4f6d-8f17-925c756704df, tags={ com.sec.android.app.myfiles, com.samsung.android.scs.ai.search.data.collector.ObserverWorker } ]
04-27 20:13:33.504 26164 26187 I PerfettoCapture: /sys/kernel/tracing/tracing_on = 1, polled 0 times, capture fully started
04-27 20:13:33.506 26164 26187 D Benchmark: Set 26187 (Bench thread) to priority -20. Was -8, now -20
04-27 20:13:33.506 26164 26187 D Benchmark: Set 26172 (Jit) to priority -15. Was 9, now -15
04-27 20:13:33.509  5429  8535 D PackageManager: setEnabledSetting : userId = 0 packageName = com.samsung.android.scs cmp = androidx.work.impl.background.systemalarm.RescheduleReceiver newState = 1 callingPackage = 10380/com.samsung.android.scs
04-27 20:13:33.511  5429  8535 D ApplicationPolicy: getApplicationStateEnabled : pkg = com.samsung.android.scs userId : 0
04-27 20:13:33.513  5429  8535 D ApplicationPolicy: getApplicationComponentState : pkg = com.samsung.android.scs userId : 0
04-27 20:13:33.546 26164 26187 I _benchmark.test: Explicit concurrent copying GC freed 689333(16MB) AllocSpace objects, 1(20KB) LOS objects, 67% free, 2922KB/9066KB, paused 302us,122us total 39.212ms
04-27 20:13:34.434  5429  7411 D SemWifiUsabilityStatsMonitor: onWifiUsabilityStats - seqNum 3746, isSameBssidAndFreq true
04-27 20:13:34.437  5429  5717 I SemWifiLinkQualityMonitor: Link Qos Query: 0.222 ms / 36.000 Mbps (72 / 0.000 / 2.000)
04-27 20:13:34.984  5878  5878 D SecPowerUI.Notification: showChargingNotice oldChargingType : 11 / currentChargingType : 11, oldChargingTime : 2765000 / mChargingTime : 2765000
04-27 20:13:34.984  5878  5878 D SecPowerUI.Notification: There is no change about charging status, so return!
04-27 20:13:35.501  4993  5068 I SensorsHub: context 6 0 5 1,1,55,0,1,3, 28755473969170
04-27 20:13:35.502  5429  5595 D SensorHubManager: onGetSensorHubDataLocked: library(6) = 1, 1, 55, 0, 1, 3
04-27 20:13:35.505  5429  5596 D CAE     : onGetSensorHubData(SensorHubParserProvider.java:89) - onGetSensorHubData Event [event buffer len :6], AP_WAKEUP
04-27 20:13:35.506  5429  5596 I CAE     : parse(SensorHubParserProvider.java:190) - buffer size = 6
04-27 20:13:35.506  5429  5596 I CAE     : parse(SensorHubParserProvider.java:201) - 1, 1, 55, 0, 1, 3,
04-27 20:13:35.507  5429  5596 I CAE     : parse(SLocationRunner.java:88) - SLocationRunner parse start : 3
04-27 20:13:35.508  5429  5596 D CAE     : display(ContextProvider.java:375) - ================= SLOCATION_RUNNER =================
04-27 20:13:35.508  5429  5596 I CAE     : display(ContextProvider.java:391) - ExtraDataArray=[1, 1, 55, 0, 1, 3]
04-27 20:13:35.509  5429  5596 I CAE     : parse(SLocationRunner.java:96) - SLocationRunner parse end:6
04-27 20:13:35.510  5429  5593 D SemContextService: Service.updateContext() : service = SLocation Core
04-27 20:13:35.511  5429  5429 D SemContextManager: onSemContextChanged() : event = SLocation Core
04-27 20:13:35.512  5429  5429 D SLocation: SLocationCoreSem - SemContextChanged type = 47, packet received
04-27 20:13:35.512  5429  6058 I SLocation: SemContextParser -  parse start : 3
04-27 20:13:35.512  5429  6058 I SLocation: SemContextParser -  packet Length : 1packet total size : 6
04-27 20:13:35.513  5429  6058 I SLocation: SemContextParser - packet : [3]
04-27 20:13:35.513  5429  6058 D SLocation: GeofenceCoreManager - received Extra Data from core, len : 1
04-27 20:13:35.515  5429  6058 D SLocation: CommonCoreManager - received Extra Data from core, len : 1
04-27 20:13:35.516  5429  6058 D SLocation: PositionManager - last location time exceed threshold 323588 / 30000
04-27 20:13:35.517  5429  6058 D SLocation: GeopointGeofenceManager - getLastLocation is abnromal!
04-27 20:13:35.517  5429  6058 D SLocation: LocationProviderStatus - try to update provider status (GPS/NLP)
04-27 20:13:35.518  5429  6058 D SLocation: LocationProviderStatus - set isGpsOn : true, isNlpOn : true
04-27 20:13:35.518  5429  6058 D SLocation: LocationProviderStatus - gps & nlp status not changed
04-27 20:13:35.519  5429  6058 D SLocation: SContentManager - IsNetworkAvailable = true
04-27 20:13:35.519  5429  6058 D SLocation: PositionManager - requestLocationUpdates(1) : NETWORK_PROVIDER
04-27 20:13:35.519  5429  6058 D SLocation: NLPManager - requestUpdate - NLP
04-27 20:13:35.539  5429  6058 D LocationManagerService: network provider added registration from 1000/android[SLocationService]/A22C6A3C -> Request[@0 BALANCED, WorkSource{1000 android}]
04-27 20:13:35.602  7025  7069 I RequestManager_FLP: request from system, change packageName from system to system(slocation)
04-27 20:13:35.604  7025  7069 E RequestManager_FLP: [LocationManager] Location request A22C6A3C(Listener) network interval=0ms (min=0ms) from system(slocation) (1000_FINE_unknown_false_foreground)
04-27 20:13:35.616  6734 11121 W SystemServiceRegistry: No service published for: wifirtt
04-27 20:13:35.700  5778  5778 I wpa_supplicant: nl80211: Drv Event 33 (NL80211_CMD_TRIGGER_SCAN) received for wlan0
04-27 20:13:35.702  5778  5778 I wpa_supplicant: wlan0: nl80211: Scan trigger
04-27 20:13:35.701  6180  6405 I PhoneStateTracker<1>: onCellInfoChanged: xxxxx
04-27 20:13:35.709  6180  6405 I ImsCallSessionManager: onCellInfoChanged, phoneId: 1
04-27 20:13:35.712  6180  6405 I RegiMgr-Handler: handleMessage: EVENT_CELL_INFO_CHANGED
04-27 20:13:35.731  6180  6405 I RegiMgr<1>: updatePani RegisterTask[1][mProfile=Telenor Serbia IMS, mRegistrationRat=13, mPdnType=11, mState=REGISTERED, mObject=UserAgent - :
04-27 20:13:35.731  6180  6405 I RegiMgr<1>:  total records=1564
04-27 20:13:35.731  6180  6405 I RegiMgr<1>:  rec[0]: time=04-27 19:11:30.248 processed=ReadyState org=RegisteredState dest=<null> what=34(0x22)
04-27 20:13:35.731  6180  6405 I RegiMgr<1>:  rec[1]: time=04-27 19:11:30.251 processed=RegisteredState org=RegisteredState dest=<null> what=2000(0x7d0)
04-27 20:13:35.731  6180  6405 I RegiMgr<1>:  rec[2]: time=04-27 19:14:26.636 processed=ReadyState org=RegisteredState dest=<null> what=34(0x22)
04-27 20:13:35.731  6180  6405 I RegiMgr<1>:  rec[3]: time=04-27 19:14:26.650 processed=RegisteredState org=RegisteredState dest=<null> what=2000(0x7d0)
04-27 20:13:35.731  6180  6405 I RegiMgr<1>:  rec[4]: time=04-27 19:19:57.801 processed=ReadyState org=RegisteredState dest=<null> what=34(0x22)
04-27 20:13:35.731  6180  6405 I RegiMgr<1>:  rec[5]: time=04-27 19:19:57.802 processed=RegisteredState org=RegisteredState dest=<null> what=2000(0x7d0)
04-27 20:13:35.731  6180  6405 I RegiMgr<1>:  rec[6]: time=04-27 19:25:29.083 processed=ReadyState org=RegisteredState dest=<null> what=34(0x22)
04-27 20:13:35.731  6180  6405 I RegiMgr<1>:  rec[7]: time=04-27 19:25:29.084 processed=RegisteredState org=RegisteredState dest=<null> what=2000(0x7d0)
04-27 20:13:35.731  6180  6405 I RegiMgr<1>:  rec[8]: time=04-27 19:31:00.432 processed=ReadyState org=RegisteredState dest=<null> what=34(0x22)
04-27 20:13:35.731  6180  6405 I RegiMgr<1>:  rec[9]: time=04-27 19:31:00.434 processed=RegisteredState org=RegisteredState dest=<null> what=2000(0x7d0)
04-27 20:13:35.731  6180  6405 I RegiMgr<1>:  rec[10]: time=04-27 19:34:21.593 processed=ReadyState org=RegisteredState dest=<null> what=34(0x22)
04-27 20:13:35.731  6180  6405 I RegiMgr<1>:  rec[11]: time=04-27 19:34:21.594 processed=RegisteredState org=RegisteredState dest=<null> what=2000(0x7d0)
04-27 20:13:35.731  6180  6405 I RegiMgr<1>:  rec[12]: time=04-27 19:45:14.662 processed=RegisteredState org=RegisteredState dest=<null> what=8(0x8)
04-27 20:13:35.731  6180  6405 I RegiMgr<1>:  rec[13]: time=04-27 19:45:14.837 processed=RegisteredState org=RegisteredState dest=<null> what=1000(0x3e8)
04-27 20:13:35.731  6180  6405 I RegiMgr<1>:  rec[14]: time=04-27 20:02:09.165 processed=ReadyState org=RegisteredState dest=<null> what=34(0x22)
04-27 20:13:35.731  6180  6405 I RegiMgr<1>:  rec[15]: time=04-27 20:02:09.166 processed=RegisteredState org=RegisteredState dest=<null> what=2000(0x7d0)
04-27 20:13:35.731  6180  6405 I RegiMgr<1>:  rec[16]: time=04-27 20:02:47.045 processed=ReadyState org=RegisteredState dest=<null> what=34(0x22)
04-27 20:13:35.731  6180  6405 I RegiMgr<1>:  rec[17]: time=04-27 20:02:47.061 processed=RegisteredState org=RegisteredState dest=<null> what=2000(0x7d0)
04-27 20:13:35.731  6180  6405 I RegiMgr<1>:  rec[18]: time=04-27 20:08:06.512 processed=ReadyState org=RegisteredState dest=<null> what=34(0x22)
04-27 20:13:35.731  6180  6405 I RegiMgr<1>:  rec[19]: time=04-27 20:08:06.521 processed=RegisteredState org=RegisteredState dest=<null> what=2000(0x7d0)
04-27 20:13:35.731  6180  6405 I RegiMgr<1>: curState=RegisteredState
04-27 20:13:35.731  6180  6405 I RegiMgr<1>: , mReason=, mPcscfHostname=null, mDeregiReason=41]
04-27 20:13:35.738  6180  6405 I PaniGenerator<1>: generate: subId=2, network=13
04-27 20:13:35.740  6180  6405 I PaniGenerator<1>: generate: network=13, fallbackPlmn=22001
04-27 20:13:35.742  6180  6405 I PdnController<1>: getAllCellInfo mNeedCellLocationUpdate : false
04-27 20:13:35.743  6180  6405 I PaniGenerator: generate: change to NW PLMN(22001)
04-27 20:13:35.745  6180  6405 I PaniGenerator: setLkcForLastPani: No Last PANI header for Telenor Serbia IMS
04-27 20:13:35.746  6180  6405 I UserAgent<1>: updatePani: pani=3GPP-E-UTRAN-FDD;utran-cell-id-3gpp=220012ba5017a703, updatePani: lastPani=
04-27 20:13:35.750  6180  6504 I StackIF : updatePani: 5 pani: [3GPP-E-UTRAN-FDD;utran-cell-id-3gpp=220012ba5017a703]
04-27 20:13:35.754  6180  6504 I SECIMSJ : [0880]> 140
04-27 20:13:35.757  6180  6405 I RegiMgr<1>: tryRegister:
04-27 20:13:35.759  6180  6405 I RegiMgr<0>: RegisterTask(s): Megafon VoLTE (IDLE)
04-27 20:13:35.762  6180  6405 I RegiMgr<1>: RegisterTask(s): Telenor Serbia IMS (REGISTERED, rat = 13, service = [mmtel-video, smsip, mmtel]), Global GC RCS (IDLE)
04-27 20:13:35.762  6180  6405 I RcsPolicyMgr<1>: pendingRcsRegister: mActiveDataPhoneId = 1
04-27 20:13:35.762  6180  6405 I RcsPolicyMgr<1>: pendingRcsRegister: mActiveDataPhoneId = 1
04-27 20:13:35.763  6180  6405 I RegisterTask: isSuspended: mSuspended(false) mSuspendByIrat(false)
04-27 20:13:35.763  6180  6405 I RegiMgr<1>: [Global GC RCS|IDLE] checkForTryRegister id: 1003
04-27 20:13:35.763  6180  6405 I RegiMgr : isPdnConnected: false, PdnType: 1
04-27 20:13:35.769  6180  6405 I PdnController: getDefaultNetworkBearer:  WIFI
04-27 20:13:35.772  6180  6509 I [IMS6.0]: IMS_onResponse()
04-27 20:13:35.773  6180  6405 I PdnController: isWifiConnected: [type: WIFI[], state: CONNECTED/CONNECTED, reason: (unspecified), extra: , failover: false, available: true, roaming: false]
04-27 20:13:35.774  6180  6405 I RegiMgr-Utils<1>: findBestNetwork: WIFI needWifiNetwork = true
04-27 20:13:35.784  6180  6509 I StackIF : processMessage 2
04-27 20:13:35.784  6180  6509 I StackIF : Processing Response
04-27 20:13:35.785  6180  6509 I SECIMSJ : [0880]< 600
04-27 20:13:35.785  6180  6509 I StackIF : processResponse: reqId 600
04-27 20:13:35.785  6180  6509 I StackIF : processResponse: handle 5 result 0 reason 0
04-27 20:13:35.790  6180  6405 I RegiGvnBase<1>: isReadyToDualRegister : true
04-27 20:13:35.795  6180  6405 I RegiMgr<1>: [Global GC RCS|IDLE] checkInitialRegistrationIsReady: APM ON [false], Roamimg [false]
04-27 20:13:35.796  6180  6405 I RcsPolicyMgr<1>: pendingRcsRegister: mActiveDataPhoneId = 1
04-27 20:13:35.796  6180  6405 I ImsProfile: isRttSupportByCallApp : false ttyType : 1
04-27 20:13:35.796  6180  6405 I RegiMgr-Utils<1>: getPriorityRegiedTask : isPriority  High? true
04-27 20:13:35.798  6180  6405 I RegiGvnBase: checkRegiStatus: getState()=IDLE mIsUpdateRegistering=false
04-27 20:13:35.798  6180  6405 I RegiMgr<1>: getTelephonyCallStatus:
04-27 20:13:35.805  6180  6405 I ConfigProvider: query uri:xxxxx
04-27 20:13:35.832  6180  6405 I ConfigProvider: queryStorage path content://com.samsung.rcs.autoconfigurationprovider/parameter/version#simslot1
04-27 20:13:35.863  6180  6405 E GlobalSettingsRepoBase: globalgcsettings No matched key : dual_rcs_policy
04-27 20:13:35.866  6180  6405 I ImsServiceSwitchEur[1]:  isRcsEnabled: true mDefaultSms true mUpsmEnabled false mEmergencyEnabled false
04-27 20:13:35.892  6180  6405 I ConfigTrigger<1>: isWaitAutoConfig:
04-27 20:13:35.893  6180  6405 E GlobalSettingsRepoBase: globalgcsettings No matched key : dual_rcs_policy
04-27 20:13:35.895  6180  6405 I ImsServiceSwitchEur[1]:  isRcsEnabled: true mDefaultSms true mUpsmEnabled false mEmergencyEnabled false
04-27 20:13:35.896  6180  6405 I RegiMgr-Utils: selectPdnType: rat=18pdn=1
04-27 20:13:35.896  6180  6405 I RegiMgr<1>: getServiceForNetwork: network 18
04-27 20:13:35.896  6180  6405 I RegiMgr<1>: getServiceForNetwork: service {options, chatbot-communication, ft_http, im, euc, gls}
04-27 20:13:35.912  6180  6405 I ConfigTrigger<1>: isValidAcsVersion:
04-27 20:13:35.913  6180  6405 E GlobalSettingsRepoBase: globalgcsettings No matched key : dual_rcs_policy
04-27 20:13:35.916  6180  6405 I ConfigProvider: query uri:xxxxx
04-27 20:13:35.922  6180  6405 I ConfigProvider: queryStorage path content://com.samsung.rcs.autoconfigurationprovider/parameter/version#simslot1
04-27 20:13:35.927  5429  8535 D SecContentProvider2: query(), uri = 18 selection = isRCSEnabled
04-27 20:13:35.942  5429  8535 I PhoneRestrictionPolicy: isRCSEnabledInternal(), showMsg: false, columnName: enableRCS
04-27 20:13:35.947  5429  8535 E PhoneRestrictionPolicy: getEmergencyCall >>false
04-27 20:13:35.951  5429  8535 I PhoneRestrictionPolicy: isRCSEnabledInternal(), showMsg: false, columnName: enableRCSForSimSlot1
04-27 20:13:35.952  5429  8535 E PhoneRestrictionPolicy: getEmergencyCall >>false
04-27 20:13:35.954  6180  6405 I ConfigTrigger<1>: RCS switch: true, version: 0, isRcsAcsCompleted: true
04-27 20:13:35.954  6180  6405 I ConfigTrigger<1>: version is improper : 0
04-27 20:13:35.958  6180  6405 I RegiGvnBase: isVideoCallEnabled: Enable
04-27 20:13:35.958  6180  6405 I RegiMgr<1>: getServiceForNetwork: filtered service []
04-27 20:13:35.958  6180  6405 I RegiMgr<1>: Global GC RCS: no ims service for current rat18
04-27 20:13:35.960  6180  6405 I PdnController: slot[1]: stopPdnConnectivity: network 1, callback is null
04-27 20:13:35.961  6180  6405 E PdnController<1>: requestStopNetwork: callback not found
04-27 20:13:35.961  6180  6405 E #IMSCR  : 04-27 20:13:35 0x1101000B:1,FILTERED ALL:1
04-27 20:13:35.961  6180  6405 I PdnController: handleMessage: what 107
04-27 20:13:35.961  6180  6405 I PdnController: slot[1]: requestStopNetwork: network 1, callback is null
04-27 20:13:36.852  5429  5751 D NetdEventListenerService: DNS Requested by : 108, 10226
04-27 20:13:37.460  5429  7411 D SemWifiUsabilityStatsMonitor: onWifiUsabilityStats - seqNum 3747, isSameBssidAndFreq true
04-27 20:13:37.465  5429  5717 I SemWifiLinkQualityMonitor: Link Qos Query: 0.200 ms / 40.000 Mbps (72 / 0.000 / 1.800)
04-27 20:13:38.386  5429  6255 D WifiNl80211Manager: Scan result ready event
04-27 20:13:38.390  5429  6255 D WifiNative: Scan result ready event
04-27 20:13:38.390  5778  5778 I wpa_supplicant: nl80211: Drv Event 34 (NL80211_CMD_NEW_SCAN_RESULTS) received for wlan0
04-27 20:13:38.391  5778  5778 I wpa_supplicant: wlan0: nl80211: New scan results available
04-27 20:13:38.391  5778  5778 I wpa_supplicant: nl80211: Scan probed for SSID ''
04-27 20:13:38.392  5848  6422 D IpClient/wlan0: interfaceLinkStateChanged: ifindex 11 up
04-27 20:13:38.392  5778  5778 I wpa_supplicant: nl80211: Scan included frequencies: 2412 2417 2422 2427 2432 2437 2442 2447 2452 2457 2462 2467 2472 5180 5200 5220 5240 5260 5280 5300 5320 5745 5765 5785 5805 5825
04-27 20:13:38.468  5429  5708 D SemWifiScanPool: countryCode: RS, count: 29, totalSamples: 32, rate: 90.625%
04-27 20:13:38.470  5429  5708 V SemWifiScanPool: updateScanResult, full scan:36 configKeys: 13 pool_bssid:44 pool_configKeys:14
04-27 20:13:38.470  5429  5708 D WifiConnectivityMonitor: onScanResultUpdated
04-27 20:13:38.471  5429  5708 D WifiConnectivityMonitor: mMaxScannedCountryCode : RS
04-27 20:13:38.532  5429  8518 V LocationManagerService: network provider registration 10234/com.google.android.as/A56E473A dropped delivery - too close
04-27 20:13:38.533  5429  8518 V LocationManagerService: passive provider registration 5023/com.samsung.android.networkdiagnostic/4FDF9C6D dropped delivery - too close
04-27 20:13:38.534  5429  8518 V LocationManagerService: passive provider registration 1000/android[SensorNotificationService]/CC5BC53F dropped delivery - too close
04-27 20:13:38.535  7025  7069 I NlpMonitor_FLP: monitorNlp, package=system(slocation)/ interval=0
04-27 20:13:38.536  7025  7069 I NlpAccuracyEvaluator_FLP: update nlp [wifi] fixCount=324/distDelta=1.2765259/accuracy=14.167
04-27 20:13:38.560  5429  6058 D SLocation: PositionManager - ActiveonLocationChanged network 1682619218379
04-27 20:13:38.561  5429  6058 D SLocation: PositionManager - onLocationChanged - filter passive location because it same active location
04-27 20:13:38.561  5429  6058 D SLocation: ARDistanceBigData - BIGDATA ARD - receive location
04-27 20:13:38.562  5429  6058 D SLocation: GeopointGeofenceManager - Location reported : fix method = 2 / 14.167
04-27 20:13:38.563  5429  6058 D SLocation: NLPManager - removeUpdates - NLP
04-27 20:13:38.563  7025  7069 I GmsPassiveListener_FLP: onGmsLocationChanged, provider=fused / speed=0.0 / time=1682619218379 / elapsed=28758352000000
04-27 20:13:38.564  7025  7069 I NlpAccuracyEvaluator_FLP: update nlp [gms] fixCount=14/distDelta=1.2765259/accuracy=14.167
04-27 20:13:38.565  5429  8518 V LocationManagerService: passive provider registration 5023/com.samsung.android.networkdiagnostic/4FDF9C6D dropped delivery - too close
04-27 20:13:38.565  5429  6058 D LocationManagerService: network provider removed registration from 1000/android[SLocationService]/A22C6A3C
04-27 20:13:38.565  5429  8518 V LocationManagerService: passive provider registration 1000/android[SensorNotificationService]/CC5BC53F dropped delivery - too close
04-27 20:13:38.567  5429  6058 W Settings: Setting airplane_mode_on has moved from android.provider.Settings.System to android.provider.Settings.Global, returning read-only value.
04-27 20:13:38.568  7025  7069 E RequestManager_FLP: [LocationManager] Location remove A22C6A3C from system
04-27 20:13:38.569  7025  7069 I LocationRequestData_FLP: Remove in requestInfoList, A22C6A3C / ListSize[network]=1
04-27 20:13:38.575  5429  6058 D SLocation: SLocationCoreSem - send to coreSem, packet length : 23 / [2, 26, 181, 104, 212, 12, 41, 85, 132, 0, 0, 0, 14, 2, 0, 0, 1, 135, 195, 235, 185, 203, 0]
04-27 20:13:38.575  5429  6058 D SemContextLocationCoreAttribute: setAttribute() mode : 0 action : 23
04-27 20:13:38.575  5429  6058 D SemContextService: lock : changeParameters
04-27 20:13:38.575  5429  6058 D SemContext.CaeProvider.LocationCoreImpl: setAttribute() mode : 0 action : 23
04-27 20:13:38.576  5429  6058 W CAE     : setCAProperty(ContextAwareService.java:513) - [setProperty 01] Mutex is locked for SLOCATION_RUNNER
04-27 20:13:38.578  5429  6058 I CAE     : setPropertyValue(SLocationRunner.java:116) - SLocationRunner setProperty header : 2, len : 23
04-27 20:13:38.578  5429  6058 I CAE     : sendCmdToSensorHub(SensorHubCommManager.java:156) - -63, 23, 55, 2, 26, -75, 104, -44, 12, 41, 85, -124, 0, 0, 0, 14, 2, 0, 0, 1, -121, -61, -21, -71, -53, 0,
04-27 20:13:38.579  5429  5598 D SensorService: setSContextDataLocked ints length 8 , byte length 26
04-27 20:13:38.579  5429  5598 D SensorService: setSContextDataLocked 23717c1
04-27 20:13:38.581  4993  4993 I SensorsHub: SContextSensor::injecet_sensor_data
04-27 20:13:38.581  4993  4993 D SensorsHub: c1 17 37 02 1a b5 68 d4 0c 29 55 84 00 00 00 0e
04-27 20:13:38.581  4993  4993 D SensorsHub: 02 00 00 01 87 c3 eb b9 cb 00
04-27 20:13:38.581  4993  4993 D SensorsHub: inject_scontext_data: New ssp_data_injection_fd(28)
04-27 20:13:38.581  4993  4993 D SensorsHub: SContext Data Injection return 26
04-27 20:13:38.581  4993  5068 I SensorsHub: context 10 0 9 1,1,55,0,5,2,2,0,0,0, 28758554436629
04-27 20:13:38.582  5429  5595 D SensorHubManager: onGetSensorHubDataLocked: library(10) = 1, 1, 55, 0, 5, 2, 2, 0, 0, 0
04-27 20:13:38.582  5429  6058 W CAE     : setCAProperty(ContextAwareService.java:519) - [setProperty 02] Mutex is unlocked for SLOCATION_RUNNER
04-27 20:13:38.582  5429  6058 D SemContextService: unlock : changeParameters
04-27 20:13:38.582  5429  6058 D SemContextManager:   .changeParameters : listener = com.samsung.android.location.semcontext.a@14d0c89, service=SLocation Core
04-27 20:13:38.582  5429  6058 D SLocation: ARDistanceLibManager - request distance diff to AR Distance Library
04-27 20:13:38.582  5429  6058 D SLocation: SLocationCoreSem - send to coreSem, packet length : 1 / [34]
04-27 20:13:38.583  5429  6058 D SemContextLocationCoreAttribute: setAttribute() mode : 0 action : 23
04-27 20:13:38.583  5429  6058 D SemContextService: lock : changeParameters
04-27 20:13:38.583  5429  6058 D SemContext.CaeProvider.LocationCoreImpl: setAttribute() mode : 0 action : 23
04-27 20:13:38.583  5429  5596 D CAE     : onGetSensorHubData(SensorHubParserProvider.java:89) - onGetSensorHubData Event [event buffer len :10], AP_WAKEUP
04-27 20:13:38.583  5429  5596 I CAE     : parse(SensorHubParserProvider.java:190) - buffer size = 10
04-27 20:13:38.583  5429  5596 I CAE     : parse(SensorHubParserProvider.java:201) - 1, 1, 55, 0, 5, 2, 2, 0, 0, 0,
04-27 20:13:38.583  5429  5596 I CAE     : parse(SLocationRunner.java:88) - SLocationRunner parse start : 3
04-27 20:13:38.583  5429  6058 W CAE     : setCAProperty(ContextAwareService.java:513) - [setProperty 01] Mutex is locked for SLOCATION_RUNNER
04-27 20:13:38.583  5429  5596 D CAE     : display(ContextProvider.java:375) - ================= SLOCATION_RUNNER =================
04-27 20:13:38.583  5429  5596 I CAE     : display(ContextProvider.java:391) - ExtraDataArray=[1, 1, 55, 0, 5, 2, 2, 0, 0, 0]
04-27 20:13:38.584  5429  5596 I CAE     : parse(SLocationRunner.java:96) - SLocationRunner parse end:10
04-27 20:13:38.584  5429  6058 I CAE     : setPropertyValue(SLocationRunner.java:116) - SLocationRunner setProperty header : 34, len : 1
04-27 20:13:38.584  5429  5593 D SemContextService: Service.updateContext() : service = SLocation Core
04-27 20:13:38.584  5429  6058 I CAE     : sendCmdToSensorHub(SensorHubCommManager.java:156) - -63, 23, 55, 34,
04-27 20:13:38.584  5429  5429 D SemContextManager: onSemContextChanged() : event = SLocation Core
04-27 20:13:38.585  5429  5429 D SLocation: SLocationCoreSem - SemContextChanged type = 47, packet received
04-27 20:13:38.586  5429  5598 D SensorService: setSContextDataLocked ints length 2 , byte length 4
04-27 20:13:38.586  5429  5598 D SensorService: setSContextDataLocked 223717c1
04-27 20:13:38.587  4993  4993 I SensorsHub: SContextSensor::injecet_sensor_data
04-27 20:13:38.587  4993  4993 D SensorsHub: c1 17 37 22
04-27 20:13:38.588  4993  4993 D SensorsHub: inject_scontext_data: New ssp_data_injection_fd(28)
04-27 20:13:38.588  4993  4993 D SensorsHub: SContext Data Injection return 4
04-27 20:13:38.588  4993  5068 I SensorsHub: context 38 0 37 1,1,55,0,33,33,0,0,0,0,23,89,207,201,119,130,96,0,26,181,23,224,12,41,111,224,0,0,0,8,3,233,33,16,0,0,26,70, 28758561141591
04-27 20:13:38.588  4993  5068 I SensorsHub: context 10 0 9 1,1,55,0,5,2,34,0,0,0, 28758561163706
04-27 20:13:38.588  5429  6058 W CAE     : setCAProperty(ContextAwareService.java:519) - [setProperty 02] Mutex is unlocked for SLOCATION_RUNNER
04-27 20:13:38.588  5429  6058 D SemContextService: unlock : changeParameters
04-27 20:13:38.589  5429  6058 D SemContextManager:   .changeParameters : listener = com.samsung.android.location.semcontext.a@14d0c89, service=SLocation Core
04-27 20:13:38.589  5429  5595 D SensorHubManager: onGetSensorHubDataLocked: library(38) = 1, 1, 55, 0, 33, 33, 0, 0, 0, 0, 23, 89, -49, -55, 119, -126, 96, 0, 26, -75, 23, -32, 12, 41, 111, -32, 0, 0, 0, 8, 3, -23, 33, 16, 0, 0, 26, 70
04-27 20:13:38.589  5429  6058 D SLocation: PositionManager - onLocationChanged - filter passive location because it same active location
04-27 20:13:38.589  5429  5595 D SensorHubManager: onGetSensorHubDataLocked: library(10) = 1, 1, 55, 0, 5, 2, 34, 0, 0, 0
04-27 20:13:38.589  5429  5596 D CAE     : onGetSensorHubData(SensorHubParserProvider.java:89) - onGetSensorHubData Event [event buffer len :38], AP_WAKEUP
04-27 20:13:38.590  5429  5596 I CAE     : parse(SensorHubParserProvider.java:190) - buffer size = 38
04-27 20:13:38.590  5429  5596 I CAE     : parse(SensorHubParserProvider.java:201) - 1, 1, 55, 0, 33, 33, 0, 0, 0, 0, 23, 89, -49, -55, 119, -126, 96, 0, 26, -75, 23, -32, 12, 41, 111, -32, 0, 0, 0, 8, 3, -23, 33, 16, 0, 0, 26, 70,
04-27 20:13:38.590  5429  5596 I CAE     : parse(SLocationRunner.java:88) - SLocationRunner parse start : 3
04-27 20:13:38.591  5429  5596 D CAE     : display(ContextProvider.java:375) - ================= SLOCATION_RUNNER =================
04-27 20:13:38.591  5429  6058 D SLocation: LocationProcessingAlgorithm - entry condition - dist : 44.80252 padding : 0.0, accuracy : 14.167, provider : network, dir : 1
04-27 20:13:38.591  5429  6058 D SLocation: GeopointReceiver - send geopoint result - 1
04-27 20:13:38.591  5429  6058 D SLocation: ReceiverPairWithAdaptive - id : 1, dir : 1
04-27 20:13:38.591  5429  6058 D SLocation: LocationProcessingAlgorithm - entry condition - dist : 3811162.2 padding : 0.0, accuracy : 14.167, provider : network, dir : 2
04-27 20:13:38.591  5429  5596 I CAE     : display(ContextProvider.java:391) - ExtraDataArray=[1, 1, 55, 0, 33, 33, 0, 0, 0, 0, 23, 89, -49, -55, 119, -126, 96, 0, 26, -75, 23, -32, 12, 41, 111, -32, 0, 0, 0, 8, 3, -23, 33, 16, 0, 0, 26, 70]
04-27 20:13:38.591  5429  6058 D SLocation: LocationProcessingAlgorithm - entry condition - dist : 87164.37 padding : 0.0, accuracy : 14.167, provider : network, dir : 2
04-27 20:13:38.591  5429  6058 D SLocation: LocationProcessingAlgorithm - entry condition - dist : 3811585.8 padding : 0.0, accuracy : 14.167, provider : network, dir : 2
04-27 20:13:38.591  5429  6058 D SLocation: LocationProcessingAlgorithm - entry condition - dist : 4904.0254 padding : 0.0, accuracy : 14.167, provider : network, dir : 2
04-27 20:13:38.591  5429  6058 D SLocation: LocationProcessingAlgorithm - entry condition - dist : 1919818.6 padding : 0.0, accuracy : 14.167, provider : network, dir : 2
04-27 20:13:38.591  5429  6058 D SLocation: LocationProcessingAlgorithm - entry condition - dist : 8937.513 padding : 0.0, accuracy : 14.167, provider : network, dir : 2
04-27 20:13:38.592  5429  6058 D SLocation: LocationProcessingAlgorithm - entry condition - dist : 3811585.8 padding : 0.0, accuracy : 14.167, provider : network, dir : 2
04-27 20:13:38.592  5429  6058 D SLocation: LocationProcessingAlgorithm - entry condition - dist : 1803757.4 padding : 0.0, accuracy : 14.167, provider : network, dir : 2
04-27 20:13:38.592  5429  5596 I CAE     : parse(SLocationRunner.java:96) - SLocationRunner parse end:38
04-27 20:13:38.592  5429  6058 D SLocation: LocationProcessingAlgorithm - entry condition - dist : 4937.909 padding : 0.0, accuracy : 14.167, provider : network, dir : 2
04-27 20:13:38.592  5429  6058 D SLocation: LocationProcessingAlgorithm - entry condition - dist : 4645.315 padding : 0.0, accuracy : 14.167, provider : network, dir : 2
04-27 20:13:38.592  5429  6058 D SLocation: ReceiverPairWithAdaptive - id : 11, dir : 2
04-27 20:13:38.592  5429  5596 D CAE     : onGetSensorHubData(SensorHubParserProvider.java:89) - onGetSensorHubData Event [event buffer len :10], AP_WAKEUP
04-27 20:13:38.592  5429  5593 D SemContextService: Service.updateContext() : service = SLocation Core
04-27 20:13:38.592  5429  5596 I CAE     : parse(SensorHubParserProvider.java:190) - buffer size = 10
04-27 20:13:38.592  5429  6058 D SLocation: ReceiverPairWithAdaptive - similar fence, do not update geopoint geofence
04-27 20:13:38.593  5429  6058 D SLocation: LocationProcessingAlgorithm - entry condition - dist : 4457.5903 padding : 0.0, accuracy : 14.167, provider : network, dir : 2
04-27 20:13:38.593  5429  5596 I CAE     : parse(SensorHubParserProvider.java:201) - 1, 1, 55, 0, 5, 2, 34, 0, 0, 0,
04-27 20:13:38.593  5429  5596 I CAE     : parse(SLocationRunner.java:88) - SLocationRunner parse start : 3
04-27 20:13:38.593  5429  5429 D SemContextManager: onSemContextChanged() : event = SLocation Core
04-27 20:13:38.593  5429  6058 I SLocation: SemContextParser -  parse start : 3
04-27 20:13:38.593  5429  5596 D CAE     : display(ContextProvider.java:375) - ================= SLOCATION_RUNNER =================
04-27 20:13:38.593  5429  6058 I SLocation: SemContextParser -  packet Length : 5packet total size : 10
04-27 20:13:38.593  5429  5429 D SLocation: SLocationCoreSem - SemContextChanged type = 47, packet received
04-27 20:13:38.593  5429  6058 I SLocation: SemContextParser - packet : [2, 2, 0, 0, 0]
04-27 20:13:38.594  5429  5596 I CAE     : display(ContextProvider.java:391) - ExtraDataArray=[1, 1, 55, 0, 5, 2, 34, 0, 0, 0]
04-27 20:13:38.594  5429  6058 I SLocation: SemContextParser -  parse start : 3
04-27 20:13:38.594  5429  6058 I SLocation: SemContextParser -  packet Length : 33packet total size : 38
04-27 20:13:38.594  5429  6058 I SLocation: SemContextParser - packet : [33, 0, 0, 0, 0, 23, 89, -49, -55, 119, -126, 96, 0, 26, -75, 23, -32, 12, 41, 111, -32, 0, 0, 0, 8, 3, -23, 33, 16, 0, 0, 26, 70]
04-27 20:13:38.594  5429  6058 D SLocation: GeofenceCoreManager - received Extra Data from core, len : 5
04-27 20:13:38.594  5429  5596 I CAE     : parse(SLocationRunner.java:96) - SLocationRunner parse end:10
04-27 20:13:38.594  5429  6058 D SLocation: GeofenceCoreManager - handleCommandCallback - UNKNOWN_CALLBACK 2 SUCCESS
04-27 20:13:38.594  5429  5593 D SemContextService: Service.updateContext() : service = SLocation Core
04-27 20:13:38.595  5429  5429 D SemContextManager: onSemContextChanged() : event = SLocation Core
04-27 20:13:38.595  5429  5429 D SLocation: SLocationCoreSem - SemContextChanged type = 47, packet received
04-27 20:13:38.596  5429  6058 D SLocation: CommonCoreManager - received Extra Data from core, len : 5
04-27 20:13:38.596  5429  6058 D SLocation: CommonCoreManager - handleCommandCallback - FUNC_TYPE : SET_LOCATION ERROR_CODE : ERROR_NONE
04-27 20:13:38.596  5429  6058 D SLocation: GeofenceCoreManager - received Extra Data from core, len : 33
04-27 20:13:38.596  5429  6058 D SLocation: ARDistanceGetARDistance - convertSensorHubTimeToElapsedTime 1682602717409539973
04-27 20:13:38.596  5429  6058 D SLocation: ARDistanceGetARDistance - invalid location time from core pvt 1682602717409539973, do not use distance info
04-27 20:13:38.596  5429  6058 D SLocation: CommonCoreManager - received Extra Data from core, len : 33
04-27 20:13:38.596  5429  6058 I SLocation: SemContextParser -  parse start : 3
04-27 20:13:38.596  5429  6058 I SLocation: SemContextParser -  packet Length : 5packet total size : 10
04-27 20:13:38.596  5429  6058 I SLocation: SemContextParser - packet : [2, 34, 0, 0, 0]
04-27 20:13:38.596  5429  6058 D SLocation: GeofenceCoreManager - received Extra Data from core, len : 5
04-27 20:13:38.596  5429  6058 D SLocation: GeofenceCoreManager - handleCommandCallback - UNKNOWN_CALLBACK 34 SUCCESS
04-27 20:13:38.597  5429  6058 D SLocation: ARDistanceLibManager - command callback received - CURRENT_LOCATION_REQUEST_DISTANCE ERROR CODE : ERROR_NONE
04-27 20:13:38.597  5429  6058 D SLocation: CommonCoreManager - received Extra Data from core, len : 5
04-27 20:13:38.605  6734 11121 W SystemServiceRegistry: No service published for: wifirtt
04-27 20:13:38.624  5778  5778 I wpa_supplicant: nl80211: Drv Event 33 (NL80211_CMD_TRIGGER_SCAN) received for wlan0
04-27 20:13:38.624  5778  5778 I wpa_supplicant: wlan0: nl80211: Scan trigger
04-27 20:13:39.820  5429  5751 D NetdEventListenerService: DNS Requested by : 108, 10226
04-27 20:13:39.973  5067  5067 E sehhealth-service: Could not open /sys/class/power_supply/battery/lrp
04-27 20:13:39.976  5429  5429 D PhoneWindowManagerExt: ACTION_BATTERY_CHANGED - Level=70, status=2
04-27 20:13:39.978  5429  5602 D MotionRecognitionService: [SAR]  onReceive : ACTION_BATTERY_CHANGED, Plugged: 2
04-27 20:13:39.981  5429  5429 D SemWifiApBroadcastReceiver: Received : android.intent.action.BATTERY_CHANGED
04-27 20:13:39.982  5787  5787 D SemBigDataInfoController: Intent: android.intent.action.BATTERY_CHANGED
04-27 20:13:39.982  5787  5787 D SemBigDataInfoController: Intent: android.intent.action.BATTERY_CHANGED
04-27 20:13:39.983  5878  5878 I AODBatteryManager: updateBatteryData: ACTION_BATTERY_CHANGED
04-27 20:13:39.985  5878  5878 I AODBatteryManager: saveBatteryData : AOD BatteryData [mBatteryLevel=70, mBatteryStatus=CHARGING, mBatteryPlugType=USB, mBatteryPlugged=true, mRemainingChargeTime=2765000, mBatteryChargingType=2, mBatteryChargerType=FAST, mBatteryOnline=NOT_DEFINED, mBatterySwellingMode=NONE, mBatteryProtectMode=false]
04-27 20:13:39.986  5878  5878 I PowerUI : mBootCompleted = true |  mFullyConnected = true
04-27 20:13:39.986  5878  5878 W PowerUI : Plug reason
04-27 20:13:39.987  5878  5878 W PowerUI : Skip charging animation - by plug status
04-27 20:13:39.987  5878  5878 D PowerUI : priorPlugType = 2 mPlugType = 2 priorBatteryStatus = 2 mBatteryStatus = 2
04-27 20:13:39.987  5878  5878 W PowerUI : Plug reason
04-27 20:13:39.987  5878  5878 W PowerUI : Skip charging sound - by plug status
04-27 20:13:39.987  5878  5878 I PowerUI : oldMisalign : false, curMisalign : false
04-27 20:13:39.988  5878  7746 D SecPowerUI.Notification: dismissing low battery warning: level=70
04-27 20:13:39.988  5878  7746 D SecPowerUI.Notification: updateNotification mWarning=false mPlaySound=false
04-27 20:13:39.988  5878  7746 D SecPowerUI.Notification: SecBatteryStatsSnapshot{batteryLevel=70, currentBatteryMode=0, chargingTime=2765000, chargingType=11, batteryHealth=2, automaticTestMode=false, isHiccupState=false}
04-27 20:13:39.991  5878  5878 D SecPowerUI.Notification: showChargingNotice oldChargingType : 11 / currentChargingType : 11, oldChargingTime : 2765000 / mChargingTime : 2765000
04-27 20:13:39.991  5878  5878 D SecPowerUI.Notification: There is no change about charging status, so return!
04-27 20:13:39.991  5878  7746 D SecPowerUI.Notification: 1. restoreScreenTimeOut - saved_value : :
04-27 20:13:39.991  5878  5878 D PowerUI : Battery swelling mode - priorBatterySwellingMode = 0 mBatterySwellingMode = 0 mBatteryStatus = 2
04-27 20:13:39.992  5878  5878 I PowerUI : mBatteryMiscEvent = 65536
04-27 20:13:39.992  5878  7746 E SecPowerUI.Notification: no saved value, so we do nothing !!
04-27 20:13:39.992  5878  5878 D KeyguardUpdateMonitor: received broadcast android.intent.action.BATTERY_CHANGED
04-27 20:13:39.993  5878  5878 D SamsungBatteryMeterDrawable: onBatteryLevelChanged isSomethingChanged: false
04-27 20:13:39.993  5878  5878 D SamsungBatteryMeterDrawable: onBatteryLevelChanged isSomethingChanged: false
04-27 20:13:39.994  5878  5878 D SamsungBatteryMeterDrawable: onBatteryLevelChanged isSomethingChanged: false
04-27 20:13:39.994  5878  5878 D SamsungBatteryMeterDrawable: onBatteryLevelChanged isSomethingChanged: false
04-27 20:13:39.995  5878  5878 D KeyguardUpdateMonitor: handleBatteryUpdate
04-27 20:13:40.485  5429  7411 D SemWifiUsabilityStatsMonitor: onWifiUsabilityStats - seqNum 3748, isSameBssidAndFreq true
04-27 20:13:40.488  5429  5717 I SemWifiLinkQualityMonitor: Link Qos Query: 0.194 ms / 41.143 Mbps (72 / 0.000 / 1.750)
04-27 20:13:41.350  5778  5778 I wpa_supplicant: nl80211: Drv Event 34 (NL80211_CMD_NEW_SCAN_RESULTS) received for wlan0
04-27 20:13:41.350  5778  5778 I wpa_supplicant: wlan0: nl80211: New scan results available
04-27 20:13:41.350  5778  5778 I wpa_supplicant: nl80211: Scan probed for SSID ''
04-27 20:13:41.350  5778  5778 I wpa_supplicant: nl80211: Scan included frequencies: 2412 2417 2422 2427 2432 2437 2442 2447 2452 2457 2462 2467 2472 5180 5200 5220 5240 5260 5280 5300 5320 5745 5765 5785 5805 5825
04-27 20:13:41.351  5429  5649 D WifiNl80211Manager: Scan result ready event
04-27 20:13:41.351  5848  6422 D IpClient/wlan0: interfaceLinkStateChanged: ifindex 11 up
04-27 20:13:41.352  5429  5649 D WifiNative: Scan result ready event
04-27 20:13:41.365  5429  5659 D WificondScannerImpl: Filtering out 5 scan results.
04-27 20:13:41.392  5429  5708 D SemWifiScanPool: countryCode: RS, count: 33, totalSamples: 36, rate: 91.666664%
04-27 20:13:41.393  5429  5708 V SemWifiScanPool: updateScanResult, full scan:40 configKeys: 13 pool_bssid:44 pool_configKeys:14
04-27 20:13:41.393  5429  5708 D WifiConnectivityMonitor: onScanResultUpdated
04-27 20:13:41.393  5429  5708 D WifiConnectivityMonitor: mMaxScannedCountryCode : RS
04-27 20:13:41.451  5429  8518 V LocationManagerService: network provider registration 10234/com.google.android.as/A56E473A dropped delivery - too close
04-27 20:13:41.452  5429  8518 V LocationManagerService: passive provider registration 5023/com.samsung.android.networkdiagnostic/4FDF9C6D dropped delivery - too close
04-27 20:13:41.452  7025  7069 I NlpMonitor_FLP: monitorNlp, package=com.google.android.as/ interval=21600000
04-27 20:13:41.453  5429  8518 V LocationManagerService: passive provider registration 1000/android[SensorNotificationService]/CC5BC53F dropped delivery - too close
04-27 20:13:41.456  5429  6058 D SLocation: PositionManager - PassiveonLocationChanged network 1682619221349
04-27 20:13:41.456  5429  6058 D SLocation: ARDistanceBigData - BIGDATA ARD - receive location
04-27 20:13:41.456  5429  6058 D SLocation: GeofenceLocationFilter - location sent before 2883, need to filter / provider : network, accuracy : 13.391
04-27 20:13:41.456  5429  6058 I SLocation: GeofenceLocationFilter - alarm set, next time to send location : 28764546, com.samsung.android.location.geofence.geopoint.d@bddc674
04-27 20:13:41.457  5429  6058 D SLocation: SLocationCoreSem - send to coreSem, packet length : 23 / [2, 26, 181, 104, 248, 12, 41, 86, 89, 0, 0, 0, 13, 2, 0, 0, 1, 135, 195, 235, 197, 101, 0]
04-27 20:13:41.457  5429  6058 D SemContextLocationCoreAttribute: setAttribute() mode : 0 action : 23
04-27 20:13:41.457  5429  6058 D SemContextService: lock : changeParameters
04-27 20:13:41.457  5429  6058 D SemContext.CaeProvider.LocationCoreImpl: setAttribute() mode : 0 action : 23
04-27 20:13:41.458  5429  6058 W CAE     : setCAProperty(ContextAwareService.java:513) - [setProperty 01] Mutex is locked for SLOCATION_RUNNER
04-27 20:13:41.458  5429  6058 I CAE     : setPropertyValue(SLocationRunner.java:116) - SLocationRunner setProperty header : 2, len : 23
04-27 20:13:41.458  5429  6058 I CAE     : sendCmdToSensorHub(SensorHubCommManager.java:156) - -63, 23, 55, 2, 26, -75, 104, -8, 12, 41, 86, 89, 0, 0, 0, 13, 2, 0, 0, 1, -121, -61, -21, -59, 101, 0,
04-27 20:13:41.458  5429  5598 D SensorService: setSContextDataLocked ints length 8 , byte length 26
04-27 20:13:41.459  5429  5598 D SensorService: setSContextDataLocked 23717c1
04-27 20:13:41.460  4993  4993 I SensorsHub: SContextSensor::injecet_sensor_data
04-27 20:13:41.460  4993  4993 D SensorsHub: c1 17 37 02 1a b5 68 f8 0c 29 56 59 00 00 00 0d
04-27 20:13:41.460  4993  4993 D SensorsHub: 02 00 00 01 87 c3 eb c5 65 00
04-27 20:13:41.461  4993  4993 D SensorsHub: inject_scontext_data: New ssp_data_injection_fd(28)
04-27 20:13:41.461  4993  4993 D SensorsHub: SContext Data Injection return 26
04-27 20:13:41.461  4993  5068 I SensorsHub: context 10 0 9 1,1,55,0,5,2,2,0,0,0, 28761434054397
04-27 20:13:41.462  5429  5595 D SensorHubManager: onGetSensorHubDataLocked: library(10) = 1, 1, 55, 0, 5, 2, 2, 0, 0, 0
04-27 20:13:41.462  5429  6058 W CAE     : setCAProperty(ContextAwareService.java:519) - [setProperty 02] Mutex is unlocked for SLOCATION_RUNNER
04-27 20:13:41.462  5429  6058 D SemContextService: unlock : changeParameters
04-27 20:13:41.462  5429  6058 D SemContextManager:   .changeParameters : listener = com.samsung.android.location.semcontext.a@14d0c89, service=SLocation Core
04-27 20:13:41.463  5429  6058 D SLocation: ARDistanceLibManager - request distance diff to AR Distance Library
04-27 20:13:41.463  5429  6058 D SLocation: SLocationCoreSem - send to coreSem, packet length : 1 / [34]
04-27 20:13:41.463  5429  6058 D SemContextLocationCoreAttribute: setAttribute() mode : 0 action : 23
04-27 20:13:41.463  5429  5596 D CAE     : onGetSensorHubData(SensorHubParserProvider.java:89) - onGetSensorHubData Event [event buffer len :10], AP_WAKEUP
04-27 20:13:41.463  5429  6058 D SemContextService: lock : changeParameters
04-27 20:13:41.463  5429  6058 D SemContext.CaeProvider.LocationCoreImpl: setAttribute() mode : 0 action : 23
04-27 20:13:41.463  5429  5596 I CAE     : parse(SensorHubParserProvider.java:190) - buffer size = 10
04-27 20:13:41.463  5429  6058 W CAE     : setCAProperty(ContextAwareService.java:513) - [setProperty 01] Mutex is locked for SLOCATION_RUNNER
04-27 20:13:41.463  5429  5596 I CAE     : parse(SensorHubParserProvider.java:201) - 1, 1, 55, 0, 5, 2, 2, 0, 0, 0,
04-27 20:13:41.463  5429  6058 I CAE     : setPropertyValue(SLocationRunner.java:116) - SLocationRunner setProperty header : 34, len : 1
04-27 20:13:41.464  5429  5596 I CAE     : parse(SLocationRunner.java:88) - SLocationRunner parse start : 3
04-27 20:13:41.464  5429  6058 I CAE     : sendCmdToSensorHub(SensorHubCommManager.java:156) - -63, 23, 55, 34,
04-27 20:13:41.464  5429  5596 D CAE     : display(ContextProvider.java:375) - ================= SLOCATION_RUNNER =================
04-27 20:13:41.464  5429  5596 I CAE     : display(ContextProvider.java:391) - ExtraDataArray=[1, 1, 55, 0, 5, 2, 2, 0, 0, 0]
04-27 20:13:41.465  5429  5598 D SensorService: setSContextDataLocked ints length 2 , byte length 4
04-27 20:13:41.465  5429  5598 D SensorService: setSContextDataLocked 223717c1
04-27 20:13:41.465  4993  4993 I SensorsHub: SContextSensor::injecet_sensor_data
04-27 20:13:41.465  4993  4993 D SensorsHub: c1 17 37 22
04-27 20:13:41.465  4993  4993 D SensorsHub: inject_scontext_data: New ssp_data_injection_fd(28)
04-27 20:13:41.465  4993  4993 D SensorsHub: SContext Data Injection return 4
04-27 20:13:41.466  4993  5068 I SensorsHub: context 38 0 37 1,1,55,0,33,33,0,0,0,0,23,89,207,201,119,130,96,0,26,181,23,224,12,41,111,224,0,0,0,8,3,233,68,56,0,0,26,70, 28761438805435
04-27 20:13:41.466  5429  6058 W CAE     : setCAProperty(ContextAwareService.java:519) - [setProperty 02] Mutex is unlocked for SLOCATION_RUNNER
04-27 20:13:41.466  5429  6058 D SemContextService: unlock : changeParameters
04-27 20:13:41.466  5429  5593 D SemContextService: Service.updateContext() : service = SLocation Core
04-27 20:13:41.466  5429  6058 D SemContextManager:   .changeParameters : listener = com.samsung.android.location.semcontext.a@14d0c89, service=SLocation Core
04-27 20:13:41.466  5429  5429 D SemContextManager: onSemContextChanged() : event = SLocation Core
04-27 20:13:41.466  5429  5595 D SensorHubManager: onGetSensorHubDataLocked: library(38) = 1, 1, 55, 0, 33, 33, 0, 0, 0, 0, 23, 89, -49, -55, 119, -126, 96, 0, 26, -75, 23, -32, 12, 41, 111, -32, 0, 0, 0, 8, 3, -23, 68, 56, 0, 0, 26, 70
04-27 20:13:41.467  4993  5068 I SensorsHub: context 10 0 9 1,1,55,0,5,2,34,0,0,0, 28761438830358
04-27 20:13:41.467  5429  5429 D SLocation: SLocationCoreSem - SemContextChanged type = 47, packet received
