04-09 22:48:25.453  5325  8369 V APM_AudioPolicyManager: getOffloadSupport: SR=44100, CM=0x3, Format=0x7000000, StreamType=5, BitRate=128000, duration=2294195 us, has_video=0
04-09 22:48:25.453  5325  8369 V APM_AudioPolicyManager: isOffloadPossible: stream_type != MUSIC, returning false
04-09 22:48:25.455  5491 19007 V NuPlayer: make Decoder (audio)
04-09 22:48:25.456  5491 19007 V NuPlayer: instantiateDecoder audio Decoder
04-09 22:48:25.459  5491 19013 I CCodec  : state->set(ALLOCATING)
04-09 22:48:25.459  5491 19013 I CCodec  : allocate(c2.android.vorbis.decoder)
04-09 22:48:25.466  5491 19013 I CCodec  : setting up 'default' as default (vendor) store
04-09 22:48:25.467  5525  5525 V C2Store : in init
04-09 22:48:25.468  5525  5525 V C2Store : loading dll
04-09 22:48:25.474  5491 19013 I CCodec  : Created component [c2.android.vorbis.decoder]
04-09 22:48:25.475  5491 19013 I CCodec  : state->set(ALLOCATED)
04-09 22:48:25.476  5491 19013 D CCodecConfig: read media type: audio/vorbis
04-09 22:48:25.487  5491 19013 D ReflectedParamUpdater: extent() != 1 for single value type: algo.buffers.max-count.values
04-09 22:48:25.489  5491 19009 I GenericSource: readBuffer(Audio) mode = 0, EOS
04-09 22:48:25.489  5491 19013 D ReflectedParamUpdater: extent() != 1 for single value type: output.subscribed-indices.values
04-09 22:48:25.489  5491 19013 D ReflectedParamUpdater: extent() != 1 for single value type: input.buffers.allocator-ids.values
04-09 22:48:25.490  5491 19013 D ReflectedParamUpdater: extent() != 1 for single value type: output.buffers.allocator-ids.values
04-09 22:48:25.491  5491 19013 D ReflectedParamUpdater: extent() != 1 for single value type: algo.buffers.allocator-ids.values
04-09 22:48:25.492  5491 19013 D ReflectedParamUpdater: extent() != 1 for single value type: output.buffers.pool-ids.values
04-09 22:48:25.492  5491 19013 D ReflectedParamUpdater: extent() != 1 for single value type: algo.buffers.pool-ids.values
04-09 22:48:25.497  5491 19013 I CCodecConfig: query failed after returning 7 values (BAD_INDEX)
04-09 22:48:25.497  5491 19013 D CCodecConfig: c2 config diff is Dict {
04-09 22:48:25.497  5491 19013 D CCodecConfig:   c2::u32 coded.bitrate.value = 64000
04-09 22:48:25.497  5491 19013 D CCodecConfig:   c2::u32 input.buffers.max-size.value = 32768
04-09 22:48:25.497  5491 19013 D CCodecConfig:   c2::u32 input.delay.value = 0
04-09 22:48:25.497  5491 19013 D CCodecConfig:   string input.media-type.value = "audio/vorbis"
04-09 22:48:25.497  5491 19013 D CCodecConfig:   string output.media-type.value = "audio/raw"
04-09 22:48:25.497  5491 19013 D CCodecConfig:   c2::u32 raw.channel-count.value = 1
04-09 22:48:25.497  5491 19013 D CCodecConfig:   c2::u32 raw.sample-rate.value = 48000
04-09 22:48:25.497  5491 19013 D CCodecConfig: }
04-09 22:48:25.499  5491 19013 D CCodec  : [c2.android.vorbis.decoder] buffers are bound to CCodec for this session
04-09 22:48:25.499  5491 19013 I CCodec  : appPid(6284) width(0) height(0)
04-09 22:48:25.499  5491 19013 D CCodecConfig: no c2 equivalents for durationUs
04-09 22:48:25.499  5491 19013 D CCodecConfig: no c2 equivalents for csd-1
04-09 22:48:25.500  5491 19013 D CCodecConfig: no c2 equivalents for app-pid
04-09 22:48:25.500  5491 19013 D CCodecConfig: no c2 equivalents for flags
04-09 22:48:25.502  5491 19013 D CCodecConfig: c2 config diff is   c2::u32 coded.bitrate.value = 128000
04-09 22:48:25.502  5491 19013 D CCodecConfig:   c2::u32 raw.channel-count.value = 2
04-09 22:48:25.502  5491 19013 D CCodecConfig:   c2::u32 raw.sample-rate.value = 44100
04-09 22:48:25.504  5491 19013 W Codec2Client: query -- param skipped: index = 1107298332.
04-09 22:48:25.505  5491 19013 D CCodec  : encoding statistics level = 0
04-09 22:48:25.505  5491 19013 D CCodec  : setup formats input: AMessage(what = 0x00000000) = {
04-09 22:48:25.505  5491 19013 D CCodec  :   int32_t bitrate = 128000
04-09 22:48:25.505  5491 19013 D CCodec  :   int32_t channel-count = 2
04-09 22:48:25.505  5491 19013 D CCodec  :   int32_t max-input-size = 32768
04-09 22:48:25.505  5491 19013 D CCodec  :   string mime = "audio/vorbis"
04-09 22:48:25.505  5491 19013 D CCodec  :   int32_t sample-rate = 44100
04-09 22:48:25.505  5491 19013 D CCodec  :   int64_t durationUs = 2294195
04-09 22:48:25.505  5491 19013 D CCodec  : }
04-09 22:48:25.505  5491 19013 D CCodec  : setup formats output: AMessage(what = 0x00000000) = {
04-09 22:48:25.505  5491 19013 D CCodec  :   int32_t channel-count = 2
04-09 22:48:25.505  5491 19013 D CCodec  :   string mime = "audio/raw"
04-09 22:48:25.505  5491 19013 D CCodec  :   int32_t sample-rate = 44100
04-09 22:48:25.505  5491 19013 D CCodec  :   int32_t channel-mask = 3
04-09 22:48:25.505  5491 19013 D CCodec  :   int32_t android._config-pcm-encoding = 2
04-09 22:48:25.505  5491 19013 D CCodec  : }
04-09 22:48:25.505  5491 19013 I CCodecConfig: query failed after returning 7 values (BAD_INDEX)
04-09 22:48:25.506  5491 19013 I MediaCodec: MediaCodec will operate in async mode
04-09 22:48:25.507  5491 19012 D MediaCodec: keep callback message for reclaim
04-09 22:48:25.507  5491 19013 I CCodec  : state->set(STARTING)
04-09 22:48:25.508  5491 19013 W Codec2Client: query -- param skipped: index = 1342179345.
04-09 22:48:25.508  5491 19013 W Codec2Client: query -- param skipped: index = 2415921170.
04-09 22:48:25.510  5491 19013 D CCodecBufferChannel: [c2.android.vorbis.decoder#115] Created input block pool with allocatorID 16 => poolID 21 - OK (0)
04-09 22:48:25.512  5491 19013 I CCodecBufferChannel: [c2.android.vorbis.decoder#115] Created output block pool with allocatorID 16 => poolID 21 - OK
04-09 22:48:25.512  5491 19013 D CCodecBufferChannel: [c2.android.vorbis.decoder#115] Configured output block pool ids 21 => OK
04-09 22:48:25.513  5491 19013 I CCodec  : state->set(RUNNING)
04-09 22:48:25.516  5310  5407 I SEC_componentStore: >>SEC Codec2's2 SetIonUsage : 1
04-09 22:48:25.516  5310  5407 I SEC_componentStore: >>SEC Codec2's SetIonUsage
04-09 22:48:25.516  5491 19013 I CCodecBufferChannel: [c2.android.vorbis.decoder#115] 4 initial input buffers available
04-09 22:48:25.518  5525 19014 D SimpleC2Component: Using output block pool with poolID 21 => got 21 - 0
04-09 22:48:25.528  5310  5407 I SEC_componentStore: >>SEC Codec2's2 SetIonUsage : 1
04-09 22:48:25.528  5310  5407 I SEC_componentStore: >>SEC Codec2's SetIonUsage
04-09 22:48:25.543  5491 19011 I NuPlayerRenderer: openAudioSink: open AudioSink in NON-offload mode audioFormat : 1, flags : 0
04-09 22:48:25.543  5491 19011 V AudioSink: +++ close
04-09 22:48:25.543  5491 19011 V AudioSink: --- close
04-09 22:48:25.544  5325  8369 V APM_AudioPolicyManager: selectOutput new bestOutput 13 criteria 0 100 0 0 0 1 0 2
04-09 22:48:25.545  5325  8369 V APM_AudioPolicyManager: getOutput() stream 3 selected devices {AUDIO_DEVICE_OUT_SPEAKER, @:}, output 13
04-09 22:48:25.546  5325  6980 V APM_AudioPolicyManager: selectOutput new bestOutput 13 criteria 0 100 0 0 0 1 0 2
04-09 22:48:25.546  5325  6980 V APM_AudioPolicyManager: getOutput() stream 3 selected devices {AUDIO_DEVICE_OUT_SPEAKER, @:}, output 13
04-09 22:48:25.547  5325  8369 V APM_AudioPolicyManager: selectOutput new bestOutput 13 criteria 0 100 0 0 0 1 0 2
04-09 22:48:25.548  5325  8369 V APM_AudioPolicyManager: getOutput() stream 3 selected devices {AUDIO_DEVICE_OUT_SPEAKER, @:}, output 13
04-09 22:48:25.548  5491 19011 I NuPlayerRenderer: checkAudioSinkPcmMsSetting 500
04-09 22:48:25.548  5491 19011 V AudioSink: open(44100, 2, 0x3, 0x1, 0, 753 0x0)
04-09 22:48:25.550  5325  5531 V APM_AudioPolicyManager: selectOutput new bestOutput 13 criteria 0 100 0 0 0 0 0 2
04-09 22:48:25.550  5325  5531 V APM_AudioPolicyManager: getOutput() stream 5 selected devices {AUDIO_DEVICE_OUT_SPEAKER, @:}, output 13
04-09 22:48:25.551  5325  6980 V APM_AudioPolicyManager: selectOutput new bestOutput 13 criteria 0 100 0 0 0 0 0 2
04-09 22:48:25.551  5325  6980 V APM_AudioPolicyManager: getOutput() stream 5 selected devices {AUDIO_DEVICE_OUT_SPEAKER, @:}, output 13
04-09 22:48:25.552  5491 19011 V AudioSink: no track available to recycle
04-09 22:48:25.552  5491 19011 V AudioSink: creating new AudioTrack
04-09 22:48:25.563  5325  5531 V APM_AudioPolicyManager: getOutputForAttrInt() attributes={ Content type: AUDIO_CONTENT_TYPE_SONIFICATION Usage: AUDIO_USAGE_NOTIFICATION Source: AUDIO_SOURCE_INVALID Flags: 0x800 Tags:  } stream=AUDIO_STREAM_NOTIFICATION session 753 selectedDeviceId 0
04-09 22:48:25.564  5325  5531 V APM_AudioPolicyManager: getOutputForAttrInt() device {AUDIO_DEVICE_OUT_SPEAKER, @:}, sampling rate 44100, format 0x1, channel mask 0x3, flags 0x300002 stream AUDIO_STREAM_NOTIFICATION
04-09 22:48:25.564  5325  5531 V APM_AudioPolicyManager: selectOutput new bestOutput 13 criteria 0 100 0 0 0 1 4 2
04-09 22:48:25.564  5325  5531 V APM_AudioPolicyManager: getOutputForAttrInt returns output 13 selectedDeviceId 3
04-09 22:48:25.564  5325  5531 V APM_AudioPolicyManager: getOutputForAttr() returns output 13 requestedPortId 0 selectedDeviceId 3 for port ID 21
04-09 22:48:25.564  5325  5531 I AudioFlinger: nonSecFlag 0, secFlag 300000, outputFlags a
04-09 22:48:25.565  5325  5531 D AudioFlinger: Client defaulted notificationFrames to 7350 for frameCount 22050
04-09 22:48:25.572  5325  5531 D AF::TrackHandle: OpPlayAudio: track:60 usage:5 not muted
04-09 22:48:25.576  5325  5531 I AF::Track: setMixerOutConfig expectKey 202
04-09 22:48:25.576  5325  5531 I AF::Track: setMixerOutConfig select, mixer out f 5, s 48000, thread out f 1, s 48000
04-09 22:48:25.580  5491 19011 V AudioSink: deleteRecycledTrack_l
04-09 22:48:25.580  5491 19011 V AudioSink: setVolume
04-09 22:48:25.580  5491 19011 D AudioTrack: setVolume(1.000000, 1.000000) pid : 6284
04-09 22:48:25.586  5491 19011 V AudioSink: updateTrack() DONE status 0
04-09 22:48:25.586  5491 19011 V AudioSink: setPlaybackRate(1.000000 1.000000 2 0)
04-09 22:48:25.586  5491 19011 V AudioSink: start
04-09 22:48:25.586  5491 19011 D AudioTrack: setVolume(1.000000, 1.000000) pid : 6284
04-09 22:48:25.587  5491 19011 I SAG_VOR_a32: VoiceActivityDetectionInit() Version Samsung VAD v3.0 a32 2020.06.22)
04-09 22:48:25.587  5325 13839 I AF::Track: setMixerOutConfig expectKey 202
04-09 22:48:25.587  5325 13839 I AF::Track: setMixerOutConfig select, mixer out f 5, s 48000, thread out f 1, s 48000
04-09 22:48:25.588  5325 13839 E EffectsConfig: Invalid <stream|device> type sec_voice_communication: <stream type="sec_voice_communication">
04-09 22:48:25.588  5325 13839 E EffectsConfig:     <apply effect="aec"/>
04-09 22:48:25.588  5325 13839 E EffectsConfig: </stream>
04-09 22:48:25.589  5325 13839 V APM_AudioPolicyManager: startOutput portId 21
04-09 22:48:25.589  5325 13839 V APM_AudioPolicyManager: startOutput() output 13, stream 5, session 753
04-09 22:48:25.589  5325 13839 V APM_AudioPolicyManager: setBeaconMute(1) mBeaconMuteRefCount=1 mBeaconPlayingRefCount=0
04-09 22:48:25.589  5325 13839 V APM_AudioPolicyManager: getNewOutputDevices selected devices {AUDIO_DEVICE_OUT_SPEAKER, @:}
04-09 22:48:25.590  5325 13839 V APM_AudioPolicyManager: setOutputDevices device {AUDIO_DEVICE_OUT_SPEAKER, @:} delayMs 0
04-09 22:48:25.590  5325 13839 V APM_AudioPolicyManager: setOutputDevices() prevDevice {AUDIO_DEVICE_OUT_SPEAKER, @:}
04-09 22:48:25.590  5325 13839 V APM_AudioPolicyManager: setOutputDevices: suppressing checkDeviceMuteStrategies
04-09 22:48:25.590  5325 13839 V APM_AudioPolicyManager: setOutputDevices setting same device {AUDIO_DEVICE_OUT_SPEAKER, @:} or null device, force=0, patch handle=4
04-09 22:48:25.590  5325 13839 V APM_AudioPolicyManager: computeVolume: stream 5, index 2, volume 0.044668, deviceTypes 0x2
04-09 22:48:25.592  5325 13839 I AudioFlinger: updateStageIndex new -1303
04-09 22:48:25.593  5325  5643 I SoundBoosterEffectPlus: SB_setVolume(0x7c58e3a900)
04-09 22:48:25.593  5325  5643 I SoundBoosterEffectPlus: command EFFECT_CMD_SET_VOLUME left = 1.000000, right =1.000000
04-09 22:48:25.593  5491 19011 I MediaClock: setThreshold mThresholdTimeUsForAnchor(500000), mMinClockModificationTimeUs(80000), mMaxCorrectionTimeUs(30000)
04-09 22:48:25.593  5491 19011 I NuPlayerRenderer: onAudioSinkChanged() getPosition : 0
04-09 22:48:25.594  5491 19011 I MediaClock: setPlaybackRate rate : 0.000000
04-09 22:48:25.594  5491 19011 I NuPlayerRenderer: onDrainAudioQueue() send kWhatPollingAudioStarted audio_out : 0
04-09 22:48:25.594  5491 19011 I NuPlayerRenderer: setAudioFirstAnchorTime mAudioFirstAnchorTimeMediaUs : -1, new mediaTimeUs : 0
04-09 22:48:25.594  5491 19011 I MediaClock: getMediaTime_l - mAnchorTimeRealUs is '-1'
04-09 22:48:25.594  5281  5281 D audio_hw_primary: primary_out-out_update_source_metadata: called, but not implemented yet
04-09 22:48:25.594  5491 19011 I MediaClock: getMediaTime_l - mAnchorTimeRealUs is '-1'
04-09 22:48:25.594  5281  5281 D audio_hw_primary: primary_out-out_update_source_metadata: This stream has 1 tracks
04-09 22:48:25.594  5491 19007 V NuPlayer: media rendering started
04-09 22:48:25.594  5281  5281 D audio_hw_primary: 1 Track has Usage(5), Content Type(4), Gain(0.000000)
04-09 22:48:25.594  5491 19011 I MediaClock: getMediaTime_l - mAnchorTimeRealUs is '-1'
04-09 22:48:25.594  5491 19007 V MediaPlayerService: [5] notify (6, 0, 0)
04-09 22:48:25.595  5491 19011 I MediaClock: getMediaTime_l - mAnchorTimeRealUs is '-1'
04-09 22:48:25.595  6284  6302 V MediaPlayerNative: message received msg=6, ext1=0, ext2=0
04-09 22:48:25.595  6284  6302 V MediaPlayerNative: Received media started message
04-09 22:48:25.595  5491  7435 V MediaPlayerService: [5] notify (10000, 13, 3)
04-09 22:48:25.595  6284  6302 V MediaPlayerNative: message received msg=10000, ext1=13, ext2=3
04-09 22:48:25.596  5491  7435 V MediaPlayerService: [5] getRoutedDeviceId
04-09 22:48:25.596  5491  7435 V AudioSink: getRoutedDeviceId
04-09 22:48:25.597  5325  6980 V APM_AudioPolicyManager: listAudioPorts() role 0 type 0 num_ports 0 ports 0x7c54df8040
04-09 22:48:25.597  5325  6980 V APM_AudioPolicyManager: listAudioPorts() got 0 ports needed 9
04-09 22:48:25.597  5491 19011 I MediaClock: getMediaTime_l - mAnchorTimeRealUs is '-1'
04-09 22:48:25.597  5491 19011 I MediaClock: getMediaTime_l - mAnchorTimeRealUs is '-1'
04-09 22:48:25.597  5491 19011 I MediaClock: getMediaTime_l - mAnchorTimeRealUs is '-1'
04-09 22:48:25.598  5325 13839 V APM_AudioPolicyManager: listAudioPorts() role 0 type 0 num_ports 9 ports 0x7c3689a8c0
04-09 22:48:25.598  5281  8203 I audio_hw_primary: primary_out-out_write: transited to Ready
04-09 22:48:25.598  5281  8203 D audio_hw_primary: primary_out-get_mode_from_active_outputs: return primary_output :0
04-09 22:48:25.598  5281  8203 D audio_hw_primary: primary_out-check_and_set_backend_mixer: no need to update backend 0 -> 0, out->backend_mode:0
04-09 22:48:25.598  5281  8203 I audio_hw_primary: primary_out-out_write: try to route for playback
04-09 22:48:25.598  5325 13839 V APM_AudioPolicyManager: listAudioPorts() got 9 ports needed 9
04-09 22:48:25.598  5281  8203 I audio_hw_proxy_9610: proxy-proxy_set_route: disable fm radio path
04-09 22:48:25.598  5281  8203 I audio_hw_proxy_9610: proxy-proxy_set_mixercontrol: set Mixer Control(ABOX Tickle) to 1
04-09 22:48:25.598  5281  8203 I audio_route: > audio_route_apply_path : "media-speaker"
04-09 22:48:25.598  5281  8203 D audio_route: Apply path: media-speaker
04-09 22:48:25.598  5281  8203 I audio_route: > audio_route_update_path + : "media-speaker" reverse(0)
04-09 22:48:25.598  5281  8203 I audio_route: > audio_route_update_path + : path length = 9
04-09 22:48:25.598  5281  8203 V audio_route: ctl(0)   : "ABOX ERAP info DSM On" value 1
04-09 22:48:25.601  5281  8203 V audio_route: ctl(1)   : "ABOX UAIF0 SPK" value "SIFS0"
04-09 22:48:25.602  5281  8203 V audio_route: ctl(2)   : "ABOX NSRC2" value "UAIF4"
04-09 22:48:25.602  5281  8203 V audio_route: ctl(3)   : "ABOX SIFM2" value "WDMA"
04-09 22:48:25.603  5281  8203 V audio_route: ctl(4)   : "ABOX NSRC3" value "UAIF2"
04-09 22:48:25.603  5281  8203 V audio_route: ctl(5)   : "ABOX SIFM3" value "WDMA"
04-09 22:48:25.603  5281  8203 V audio_route: ctl(6)   : "ABOX SPUS OUT7" value "SIFS1"
04-09 22:48:25.604  5281  8203 V audio_route: ctl(7)   : "ABOX SIFS1" value "SPUS OUT7"
04-09 22:48:25.604  5281  8203 V audio_route: ctl(8)   : "ABOX UAIF2 SPK" value "SIFS1"
04-09 22:48:25.604  5281  8203 I audio_hw_proxy_9610: proxy-set_route: routed to media-speaker
04-09 22:48:25.604  5281  8203 I audio_route: > audio_route_apply_path : "gain-media-speaker"
04-09 22:48:25.604  5281  8203 D audio_route: Apply path: gain-media-speaker
04-09 22:48:25.605  5281  8203 I audio_route: > audio_route_update_path + : "gain-media-speaker" reverse(0)
04-09 22:48:25.605  5281  8203 I audio_route: > audio_route_update_path + : path length = 0
04-09 22:48:25.605  5281  8203 I audio_hw_proxy_9610: proxy-set_route: set gain as gain-media-speaker
04-09 22:48:25.606  5491  7435 I MediaClock: getMediaTime_l - mAnchorTimeRealUs is '-1'
04-09 22:48:25.606  5491  7435 V NuPlayerDriver: getCurrentPosition(0xecd47700) 0 (msec), at state 5
04-09 22:48:25.607  5281  8203 I audio_hw_proxy_9610: proxy-enable_spkamp_playback: SPKAMP Playback PCM Device(/dev/snd/pcmC0D7p) with SR(48000) PF(0) CC(2) is opened
04-09 22:48:25.612  5491 19011 I MediaClock: getMediaTime_l - mAnchorTimeRealUs is '-1'
04-09 22:48:25.612  5491 19011 I MediaClock: getMediaTime_l - mAnchorTimeRealUs is '-1'
04-09 22:48:25.612  5491 19011 I MediaClock: getMediaTime_l - mAnchorTimeRealUs is '-1'
04-09 22:48:25.616  5281  8203 I audio_hw_proxy_9610: proxy-enable_spkamp_playback: SPKAMP Playback PCM Device(/dev/snd/pcmC0D7p) with SR(48000) PF(0) CC(2) is started
04-09 22:48:25.618  5281  8203 I audio_hw_proxy_9610: proxy-enable_erap_in: ERAP In PCM Device(/dev/snd/pcmC0D11c) with SR(48000) PF(0) CC(2) is opened
04-09 22:48:25.622  5281  8203 I audio_hw_proxy_9610: proxy-enable_erap_in: ERAP In PCM Device(/dev/snd/pcmC0D11c) with SR(48000) PF(0) CC(2) is started
04-09 22:48:25.623  5491 19011 I MediaClock: getMediaTime_l - mAnchorTimeRealUs is '-1'
04-09 22:48:25.623  5281  8203 I audio_hw_proxy_9610: proxy-enable_spkamp_reference: SPKAMP Reference PCM Device(/dev/snd/pcmC0D12c) with SR(48000) PF(0) CC(2) is opened
04-09 22:48:25.625  5491 19011 I MediaClock: getMediaTime_l - mAnchorTimeRealUs is '-1'
04-09 22:48:25.625  5491 19011 I MediaClock: getMediaTime_l - mAnchorTimeRealUs is '-1'
04-09 22:48:25.625  5281  8203 I audio_hw_proxy_9610: proxy-enable_spkamp_reference: SPKAMP Reference PCM Device(/dev/snd/pcmC0D12c) with SR(48000) PF(0) CC(2) is started
04-09 22:48:25.626  5281  8203 I audio_hw_primary: primary_out-adev_set_route-1: routes to device(speaker) for usage(media)
04-09 22:48:25.627  5281  8203 I audio_hw_proxy_9610: primary_out-proxy_open_playback_stream: The opened PCM Device is /dev/snd/pcmC0D0p with Sampling_Rate(48000) PCM_Format(0)
04-09 22:48:25.627  5281  8203 I audio_hw_primary: primary_out-out_write: transited to Idle
04-09 22:48:25.630  5491 19011 I MediaClock: getMediaTime_l - mAnchorTimeRealUs is '-1'
04-09 22:48:25.630  5281  8203 I audio_hw_primary: primary_out-out_write: transited to Playing
04-09 22:48:25.632  5491 19011 D AudioTrack: getTimestamp_l(21): device stall time corrected using current time 1204174926368
04-09 22:48:25.632  5491 19011 I MediaClock: getMediaTime_l - mAnchorTimeRealUs is '-1'
04-09 22:48:25.634  5491 19011 I MediaClock: getMediaTime_l - mAnchorTimeRealUs is '-1'
04-09 22:48:25.635  5491 19011 I MediaClock: getMediaTime_l - mAnchorTimeRealUs is '-1'
04-09 22:48:25.636  5491 19011 I MediaClock: getMediaTime_l - mAnchorTimeRealUs is '-1'
04-09 22:48:25.637  5491 19011 I MediaClock: getMediaTime_l - mAnchorTimeRealUs is '-1'
04-09 22:48:25.637  5491 19011 I MediaClock: getMediaTime_l - mAnchorTimeRealUs is '-1'
04-09 22:48:25.639  5491 19011 I MediaClock: getMediaTime_l - mAnchorTimeRealUs is '-1'
04-09 22:48:25.641  5491 19011 I MediaClock: getMediaTime_l - mAnchorTimeRealUs is '-1'
04-09 22:48:25.642  5491 19011 I MediaClock: getMediaTime_l - mAnchorTimeRealUs is '-1'
04-09 22:48:25.644  5491 19011 I MediaClock: getMediaTime_l - mAnchorTimeRealUs is '-1'
04-09 22:48:25.646  5491 19011 I MediaClock: getMediaTime_l - mAnchorTimeRealUs is '-1'
04-09 22:48:25.647  5491 19011 I MediaClock: getMediaTime_l - mAnchorTimeRealUs is '-1'
04-09 22:48:25.647  5491 19011 I MediaClock: getMediaTime_l - mAnchorTimeRealUs is '-1'
04-09 22:48:25.648  5491 19011 I MediaClock: getMediaTime_l - mAnchorTimeRealUs is '-1'
04-09 22:48:25.651  5325  5643 I AudioMixer: create resampler src 44100, 2, dst 48000, 2, f 0x5, q 8
04-09 22:48:25.652  5281  5281 D audio_hw_primary: primary_out-out_update_source_metadata: called, but not implemented yet
04-09 22:48:25.652  5281  5281 D audio_hw_primary: primary_out-out_update_source_metadata: This stream has 1 tracks
04-09 22:48:25.652  5281  5281 D audio_hw_primary: 1 Track has Usage(5), Content Type(4), Gain(0.044668)
04-09 22:48:25.652  5325  5643 I SoundAlive_SRC384 arch64: SoundAlive_SRC384() ID = 11 GID = 12
04-09 22:48:25.652  5325  5643 I SoundAlive_SRC384 arch64: SoundAlive_SRC384: Instance 11 Init(outFs 7, InFs 7, chnum 0, outBW 0, inBW 0)
04-09 22:48:25.652  5325  5643 I Samsung_SoundAlive_SRC arch64: SRC384 version Samsung SoundAlive SRC ver320 arch64  2021.08.04 (Cppref for ARM64, ver.300.c 32bit 07_10_2016 based)
04-09 22:48:25.652  5325  5643 D SoundAliveResampler: [SoundAliveResampler] Init+++
04-09 22:48:25.652  5325  5643 I SoundAlive_SRC384 arch64: SoundAlive_SRC384: Instance 11 Init(outFs 8, InFs 7, chnum 2, outBW 3, inBW 3)
04-09 22:48:25.652  5325  5643 I Samsung_SoundAlive_SRC arch64: SRC384 version Samsung SoundAlive SRC ver320 arch64  2021.08.04 (Cppref for ARM64, ver.300.c 32bit 07_10_2016 based)
04-09 22:48:25.658  5491 19011 D AudioTrack: getTimestamp_l(21): stale timestamp time corrected, currentTimeNanos: 1202420323331 < limitNs: 1204049620830 < mStartNs: 1204129620830
04-09 22:48:25.658  5491 19011 W AudioTrack: getTimestamp_l(21): retrograde timestamp time corrected, 1204049620830 < 1204193764214
04-09 22:48:25.706  5325  5643 D AudioFlinger: mixer(0x7c58ef5c00) throttle end: throttle time(15)
04-09 22:48:25.771  5491 19011 I NuPlayerRenderer: kWhatPollingAudioStarted clock running played_out : 19600 us, audio_out : 0 us, gap : 19600 us
04-09 22:48:25.771  5491 19011 I NuPlayerRenderer: kWhatPollingAudioStarted update nowMediaUs : 14475 us
04-09 22:48:25.771  5491 19011 I MediaClock: setPlaybackRate rate : 1.000000
04-09 22:48:25.772  5491 19011 I MediaClock: setSpeedAjust mSASpeed (0), mMinClockModificationTimeUs (80000)
04-09 22:48:25.772  5491 19007 V MediaPlayerService: [5] notify (211, 0, 0)
04-09 22:48:25.772  5491 19007 V MediaPlayerService: [5] notify (211, 0, 0)
04-09 22:48:25.773  6284  8509 V MediaPlayerNative: message received msg=211, ext1=0, ext2=0
04-09 22:48:25.774  6284  8509 V MediaPlayerNative: message received msg=211, ext1=0, ext2=0
04-09 22:48:25.923  6284  6284 D SecPowerUI.Notification: showChargingNotice oldChargingType : 11 currentChargingType : 11 oldChargingTime : 3776000 mChargingTime : 3776000
04-09 22:48:25.923  6284  6284 D SecPowerUI.Notification: There is no change about charging status, so return!
04-09 22:48:26.223  6284  6373 D MobileStatusTracker(1/2): onDataActivity: direction=3
04-09 22:48:26.227  6284  6373 D MobileSignalController(1/2): notifyListener: enabled=true, connected=true, dataConnected=true, networkType=LTE/LTE_CA (4G+), emergencyOnly=false, roaming=false, isDefault=true, dataActivity=inout, level=2, ca=true, mmWave=false, disabledDataIcon=false, simCard=ETC
04-09 22:48:26.333  5491  8191 D BufferPoolAccessor2.0: bufferpool2 0xecf17858 : 0(0 size) total buffers - 0(0 size) used buffers - 104/112 (recycle/alloc) - 8/216 (fetch/transfer)
04-09 22:48:26.333  5491  8191 D BufferPoolAccessor2.0: evictor expired: 1, evicted: 1
04-09 22:48:26.335  5525  5659 D BufferPoolAccessor2.0: bufferpool2 0x7c6903a428 : 0(0 size) total buffers - 0(0 size) used buffers - 102/106 (recycle/alloc) - 4/105 (fetch/transfer)
04-09 22:48:26.336  5525  5659 D BufferPoolAccessor2.0: evictor expired: 1, evicted: 1
04-09 22:48:27.367  5491 19009 I GenericSource: readBuffer(Audio) mode = 0, EOS
04-09 22:48:27.367  5491 19009 I GenericSource: readBuffer(Audio) mode = 0, EOS
04-09 22:48:27.373  5491 19012 I NuPlayerDecoder: End of Stream
04-09 22:48:27.377  5491 19012 I NuPlayerDecoder: End of Stream
04-09 22:48:27.378  5491 19013 D CCodecBufferChannel: [c2.android.vorbis.decoder#115] buffers after EOS ignored (0 us)
04-09 22:48:27.379  5491 19012 I NuPlayerDecoder: End of Stream
04-09 22:48:27.379  5491 19013 D CCodecBufferChannel: [c2.android.vorbis.decoder#115] buffers after EOS ignored (0 us)
04-09 22:48:27.380  5491 19012 I NuPlayerDecoder: End of Stream
04-09 22:48:27.380  5491 19013 D CCodecBufferChannel: [c2.android.vorbis.decoder#115] buffers after EOS ignored (0 us)
04-09 22:48:27.381  5491 19011 I NuPlayerRenderer: onQueueEOS audio finalResult : -1011
04-09 22:48:27.624  5491 19011 I NuPlayerRenderer: [audio] notifyEOS() End of Stream, delayUs : 422294
04-09 22:48:27.624  5491 19011 V AudioSink: stop
04-09 22:48:27.624  5491 19011 D AudioTrack: stop(21): called with 101174 frames delivered
04-09 22:48:27.886  5325  5643 I SoundAlive_SRC384 arch64: SoundAlive_SRC384: Instance 11 Init(outFs 8, InFs 7, chnum 2, outBW 3, inBW 3)
04-09 22:48:27.886  5325  5643 I Samsung_SoundAlive_SRC arch64: SRC384 version Samsung SoundAlive SRC ver320 arch64  2021.08.04 (Cppref for ARM64, ver.300.c 32bit 07_10_2016 based)
04-09 22:48:28.046  5491 19011 I NuPlayerRenderer: [audio] notifyEOS() End of Stream, delayUs : 0
04-09 22:48:28.047  5491 19007 V NuPlayer: reached audio EOS
04-09 22:48:28.047  5491 19007 V NuPlayerDriver: notifyListener_l(0xecd47700), playback complete, loop setting(0, 0)
04-09 22:48:28.047  5491 19007 V MediaPlayerService: [5] notify (2, 0, 0)
04-09 22:48:28.048  5491 19007 V NuPlayer: updatePlaybackTimer(stop)  time        1203990931060 (onPause)
04-09 22:48:28.048  6284  6302 V MediaPlayerNative: message received msg=2, ext1=0, ext2=0
04-09 22:48:28.048  6284  6302 V MediaPlayerNative: playback complete
04-09 22:48:28.048  5491 19007 V NuPlayer: updatePlaybackTimer()  log            2599469537
04-09 22:48:28.048  5491 19007 I GenericSource: pause
04-09 22:48:28.048  5491 19011 I NuPlayerRenderer: onPause
04-09 22:48:28.049  5491 19011 I MediaClock: setPlaybackRate rate : 0.000000
04-09 22:48:28.049  5491 19009 I GenericSource: kWhatPause
04-09 22:48:28.049  5491 19011 V AudioSink: stop
04-09 22:48:28.049  5491 19007 V MediaPlayerService: [5] notify (211, 0, 0)
04-09 22:48:28.049  6284  6302 V MediaPlayerNative: message received msg=211, ext1=0, ext2=0
04-09 22:48:28.049  5491  7435 V MediaPlayerService: [5] enableAudioDeviceCallback, 0
04-09 22:48:28.049  5491  7435 V AudioSink: enableAudioDeviceCallback, 0
04-09 22:48:28.053  5665  9323 I MediaFocusControl: abandonAudioFocus() from uid/pid 10054/6284 clientId=android.media.AudioManager@3ad28f9
04-09 22:48:28.053  5665  9323 D MediaFocusControl: abandonAudioFocus, clientId = android.media.AudioManager@3ad28f9
04-09 22:48:28.053  5665  9323 D MediaFocusControl: selectFocusStack, uid = 10054, appDevice = 0, device = 2
04-09 22:48:28.058  6284 19004 V MediaPlayer: resetDrmState:  mDrmInfo=null mDrmProvisioningThread=null mPrepareDrmInProgress=false mActiveDrmScheme=false
04-09 22:48:28.058  6284 19004 V MediaPlayer: cleanDrmObj: mDrmObj=null mDrmSessionId=null
04-09 22:48:28.059  6284 19004 V MediaPlayer-JNI: release
04-09 22:48:28.059  6284 19004 V MediaPlayerNative: setListener
04-09 22:48:28.059  6284 19004 V MediaPlayerNative: disconnect
04-09 22:48:28.059  5491  7435 V MediaPlayerService: disconnect(5) from AttributionSource AttributionSourceState{pid: 6284, uid: 10054, packageName: com.android.systemui, attributionTag: (null), token: {no toString() implemented}, renouncedPermissions: [], next: []}
04-09 22:48:28.059  5491  7435 D NuPlayerDriver: reset(0xecd47700) at state 6
04-09 22:48:28.060  5491  7435 V NuPlayerDriver: updateMetrics(0xecd47700) from reset at state 6
04-09 22:48:28.060  5491  7435 V NuPlayer: updateInternalTimers()
04-09 22:48:28.060  5491  7435 V NuPlayer: updatePlaybackTimer(snap)  time                    0 (updateInternalTimers)
04-09 22:48:28.060  5491  7435 V NuPlayer: updateRebufferingTimer(snap)  time                    0 (exiting 0)
04-09 22:48:28.060  5491  7435 V NuPlayerDriver: logMetrics(0xecd47700) from reset at state 6
04-09 22:48:28.063  5491 19007 V NuPlayer: kWhatReset
04-09 22:48:28.063  5491 19007 V NuPlayer: setDecoderBooster enable = No
04-09 22:48:28.063  5491 19007 V NuPlayer: updatePlaybackTimer(stop)  time                    0 (kWhatReset)
04-09 22:48:28.063  5491 19007 V NuPlayer: updateRebufferingTimer(stop)  time                    0 (exiting 1)
04-09 22:48:28.064  5491 19007 V NuPlayer: performDecoderFlush audio=2, video=2
04-09 22:48:28.064  5491 19007 V NuPlayer: [audio] flushDecoder needShutdown=1
04-09 22:48:28.064  5491 19007 V NuPlayer: postponing action mFlushingAudio=2, mFlushingVideo=0
04-09 22:48:28.064  5491 19012 I NuPlayerRenderer: flush audio, notifyComplete 1, shutdown Yes
04-09 22:48:28.064  5491 19011 I NuPlayerRenderer: flushing audio
04-09 22:48:28.064  5491 19011 I NuPlayerRenderer: onFlush mAudioDrainGeneration : 2
04-09 22:48:28.064  5491 19011 V AudioSink: flush
04-09 22:48:28.065  5491 19011 V AudioSink: stop
04-09 22:48:28.065  5491 19007 V NuPlayer: renderer audio flush completed.
04-09 22:48:28.065  5491 19012 D NuPlayerRenderer: signalTimeDiscontinuity() mHasAudio = 0 , mHasVideo = 0
04-09 22:48:28.066  5491 19013 I CCodec  : state->set(FLUSHING)
04-09 22:48:28.066  5491 19013 I CCodec  : state->set(FLUSHED)
04-09 22:48:28.067  5491 19007 V NuPlayer: decoder audio flush completed
04-09 22:48:28.067  5491 19007 V NuPlayer: initiating audio decoder shutdown
04-09 22:48:28.068  5325  5643 I SoundBoosterEffectPlus: SB_setVolume(0x7c58e3a900)
04-09 22:48:28.068  5491 19013 I CCodec  : state->set(RELEASING)
04-09 22:48:28.068  5325  5643 I SoundBoosterEffectPlus: command EFFECT_CMD_SET_VOLUME left = 0.000000, right =0.000000
04-09 22:48:28.068  5491 19031 I CCodec  : [c2.android.vorbis.decoder] release(1)
04-09 22:48:28.070  5491 19031 I CCodec  : state->set(RELEASED)
04-09 22:48:28.070  5325  5516 V APM_AudioPolicyManager: stopOutput portId 21
04-09 22:48:28.070  5325  5516 V APM_AudioPolicyManager: stopOutput() output 13, stream 5, session 753
04-09 22:48:28.070  5325  5516 V APM_AudioPolicyManager: setBeaconMute(1) mBeaconMuteRefCount=0 mBeaconPlayingRefCount=0
04-09 22:48:28.071  5325  5516 V APM_AudioPolicyManager: getNewOutputDevices selected devices AUDIO_DEVICE_NONE
04-09 22:48:28.071  5325  5516 V APM_AudioPolicyManager: setOutputDevices device AUDIO_DEVICE_NONE delayMs 160
04-09 22:48:28.071  5325  5516 V APM_AudioPolicyManager: setOutputDevices() prevDevice {AUDIO_DEVICE_OUT_SPEAKER, @:}
04-09 22:48:28.072  5491 19013 I hw-BpHwBinder: onLastStrongRef automatically unlinking death recipients
04-09 22:48:28.072  5525  5695 I hw-BpHwBinder: onLastStrongRef automatically unlinking death recipients
04-09 22:48:28.073  5325  5516 V APM_AudioPolicyManager: setOutputDevices setting same device AUDIO_DEVICE_NONE or null device, force=0, patch handle=4
04-09 22:48:28.073  5491 19013 I MediaCodec: Codec shutdown complete
04-09 22:48:28.073  5525  5695 I hw-BpHwBinder: onLastStrongRef automatically unlinking death recipients
04-09 22:48:28.075  5281  5281 D audio_hw_primary: primary_out-out_update_source_metadata: called, but not implemented yet
04-09 22:48:28.076  5525  5695 V C2Store : in ~ComponentModule
04-09 22:48:28.076  5525  5695 V C2Store : unloading dll
04-09 22:48:28.077  5491 19012 I NuPlayerDecoder: onShutdown notifyComplete : Yes
04-09 22:48:28.077  5491 19007 V NuPlayer: audio shutdown completed
04-09 22:48:28.078  5491 19007 V NuPlayer: both audio and video are flushed now.
04-09 22:48:28.078  5491 19007 V NuPlayer: performReset
04-09 22:48:28.078  5491 19007 V NuPlayer: updatePlaybackTimer(stop)  time                    0 (performReset)
04-09 22:48:28.078  5491 19007 V NuPlayer: updateRebufferingTimer(stop)  time                    0 (exiting 1)
04-09 22:48:28.084  5491 19007 D NuPlayerDriver: notifyResetComplete(0xecd47700)
04-09 22:48:28.085  5491  7435 V NuPlayerDriver: ~NuPlayerDriver(0xecd47700)
04-09 22:48:28.085  5491  7435 V NuPlayerDriver: updateMetrics(0xecd47700) from destructor at state 0
04-09 22:48:28.085  5491  7435 V NuPlayer: updateInternalTimers()
04-09 22:48:28.085  5491  7435 V NuPlayer: updatePlaybackTimer(snap)  time                    0 (updateInternalTimers)
04-09 22:48:28.085  5491  7435 V NuPlayer: updateRebufferingTimer(snap)  time                    0 (exiting 0)
04-09 22:48:28.085  5491  7435 V NuPlayerDriver: logMetrics(0xecd47700) from destructor at state 0
04-09 22:48:28.085  5491  7435 V NuPlayerDriver: nothing to record (only 3 fields)
04-09 22:48:28.086  5491  7435 W AMessage: failed to post message as target looper for handler 0 is gone.
04-09 22:48:28.088  6284 19004 V MediaPlayerNative: destructor
04-09 22:48:28.089  5491  7435 V MediaPlayerService: Client(5) destructor AttributionSource = AttributionSourceState{pid: 6284, uid: 10054, packageName: com.android.systemui, attributionTag: (null), token: {no toString() implemented}, renouncedPermissions: [], next: []}
04-09 22:48:28.089  5491  7435 V AudioSink: +++ close
04-09 22:48:28.089  5491  7435 V AudioSink: --- close
04-09 22:48:28.089  6284 19004 V MediaPlayerNative: disconnect
04-09 22:48:28.092  5325  5516 V APM_AudioPolicyManager: releaseOutput portId 21
04-09 22:48:28.092  5325  5516 V APM_AudioPolicyManager: releaseOutput() 13
04-09 22:48:28.094  5491  7435 V MediaPlayerService: disconnect(5) from AttributionSource AttributionSourceState{pid: 6284, uid: 10054, packageName: com.android.systemui, attributionTag: (null), token: {no toString() implemented}, renouncedPermissions: [], next: []}
04-09 22:48:28.097  5325  5643 I SoundAlive_SRC384 arch64: ~SoundAlive_SRC384(): instance 11
04-09 22:48:29.332  6284  6373 D MobileStatusTracker(1/2): onDataActivity: direction=0
04-09 22:48:29.339  6284  6373 D MobileSignalController(1/2): notifyListener: enabled=true, connected=true, dataConnected=true, networkType=LTE/LTE_CA (4G+), emergencyOnly=false, roaming=false, isDefault=true, dataActivity=, level=2, ca=true, mmWave=false, disabledDataIcon=false, simCard=ETC
04-09 22:48:30.369  6284  6373 D MobileStatusTracker(1/2): onDataActivity: direction=3
04-09 22:48:30.372  6284  6373 D MobileSignalController(1/2): notifyListener: enabled=true, connected=true, dataConnected=true, networkType=LTE/LTE_CA (4G+), emergencyOnly=false, roaming=false, isDefault=true, dataActivity=inout, level=2, ca=true, mmWave=false, disabledDataIcon=false, simCard=ETC
04-09 22:48:30.897  5281  5281 I audio_hw_primary: primary_out-out_standby: transited to Idle
04-09 22:48:30.900  5312  5312 E sehhealth-service: Could not open /sys/class/power_supply/battery/lrp
04-09 22:48:30.980  5665  5861 D MotionRecognitionService: [SAR]  onReceive : ACTION_BATTERY_CHANGED, Plugged: 2
04-09 22:48:30.981  5665  5665 D PhoneWindowManagerExt: ACTION_BATTERY_CHANGED - Level=53, status=2
04-09 22:48:30.984  5665  5665 D SemWifiApBroadcastReceiver: Received : android.intent.action.BATTERY_CHANGED
04-09 22:48:30.990  6284  6284 I AODBatteryManager: updateBatteryData: ACTION_BATTERY_CHANGED
04-09 22:48:30.992  6213  6213 D SemBigDataInfoController: Intent: android.intent.action.BATTERY_CHANGED
04-09 22:48:30.992  6213  6213 D SemBigDataInfoController: Intent: android.intent.action.BATTERY_CHANGED
04-09 22:48:31.002  6284  6284 I AODBatteryManager: saveBatteryData : AOD BatteryData [mBatteryLevel=53, mBatteryStatus=CHARGING, mBatteryPlugType=USB, mBatteryPlugged=true, mRemainingChargeTime=3776000, mBatteryChargingType=2, mBatteryChargerType=FAST, mBatteryOnline=NOT_DEFINED, mBatterySwellingMode=NONE, mBatteryProtectMode=false]
04-09 22:48:31.002  6284  6284 I PowerUI : mBootCompleted = true |  mFullyConnected = true
04-09 22:48:31.003  6284  6284 W PowerUI : Plug reason
04-09 22:48:31.003  6284  6284 W PowerUI : Skip charging animation - by plug status
04-09 22:48:31.003  6284  8451 D SecPowerUI.Notification: dismissing low battery warning: level=53
04-09 22:48:31.003  6284  8451 D SecPowerUI.Notification: updateNotification mWarning=false mPlaySound=false
04-09 22:48:31.003  6284  6284 D PowerUI : priorPlugType = 2 mPlugType = 2 priorBatteryStatus = 2 mBatteryStatus = 2
04-09 22:48:31.003  6284  8451 D SecPowerUI.Notification: SecBatteryStatsSnapshot{batteryLevel=53, currentBatteryMode=0, chargingTime=3776000, chargingType=11, batteryHealth=2, automaticTestMode=false, isHiccupState=false}
04-09 22:48:31.004  6284  6284 W PowerUI : Plug reason
04-09 22:48:31.004  6284  6284 W PowerUI : Skip charging sound - by plug status
04-09 22:48:31.004  6284  6284 I PowerUI : oldMisalign : false, curMisalign : false
04-09 22:48:31.005  6284  8451 D SecPowerUI.Notification: 1. restoreScreenTimeOut - saved_value : :
04-09 22:48:31.005  6284  8451 E SecPowerUI.Notification: no saved value, so we do nothing !!
04-09 22:48:31.006  5281  5281 I audio_hw_proxy_9610: primary_out-proxy_close_playback_stream: closed PCM Device
04-09 22:48:31.006  6284  6284 D SecPowerUI.Notification: showChargingNotice oldChargingType : 11 currentChargingType : 11 oldChargingTime : 3776000 mChargingTime : 3776000
04-09 22:48:31.006  5281  5281 I audio_hw_primary: primary_out-out_standby: transited to Standby
04-09 22:48:31.006  6284  6284 D SecPowerUI.Notification: There is no change about charging status, so return!
04-09 22:48:31.006  5281  5281 I audio_hw_primary: primary_out-out_standby: try to unroute for standby
04-09 22:48:31.006  6284  6284 D PowerUI : Battery swelling mode - priorBatterySwellingMode = 0 mBatterySwellingMode = 0 mBatteryStatus = 2
04-09 22:48:31.006  6284  6284 I PowerUI : mBatteryMiscEvent = 65536
04-09 22:48:31.007  6284  6284 D SamsungBatteryMeterDrawable: onBatteryLevelChanged isSomethingChanged: false
04-09 22:48:31.008  6284  6284 D SamsungBatteryMeterDrawable: onBatteryLevelChanged isSomethingChanged: false
04-09 22:48:31.009  6284  6284 D SamsungBatteryMeterDrawable: onBatteryLevelChanged isSomethingChanged: false
04-09 22:48:31.012  6284  6284 D SamsungBatteryMeterDrawable: onBatteryLevelChanged isSomethingChanged: false
04-09 22:48:31.014  5281  5281 I audio_hw_proxy_9610: proxy-disable_erap_in: ERAP In PCM Device(/dev/snd/pcmC0D11c) is stopped & closed!
04-09 22:48:31.019  6284  6284 D KeyguardUpdateMonitor: received broadcast android.intent.action.BATTERY_CHANGED
04-09 22:48:31.019  6284  6284 D KeyguardUpdateMonitor: handleBatteryUpdate
04-09 22:48:31.025  5281  5281 I audio_hw_proxy_9610: proxy-disable_spkamp_reference: SPKAMP Reference PCM Device(/dev/snd/pcmC0D12c) is stopped & closed!
04-09 22:48:31.030  5281  5281 I audio_hw_proxy_9610: proxy-disable_spkamp_playback: SPKAMP Playback PCM Device(/dev/snd/pcmC0D7p) is stopped & closed!
04-09 22:48:31.030  5281  5281 V audio_route: Reset path: media-speaker
04-09 22:48:31.030  5281  5281 I audio_route: > audio_route_update_path + : "media-speaker" reverse(1)
04-09 22:48:31.030  5281  5281 I audio_route: > audio_route_update_path + : path length = 9
04-09 22:48:31.030  5281  5281 V audio_route: ctl(0)   : "ABOX UAIF2 SPK" value "RESERVED"
04-09 22:48:31.031  5281  5281 V audio_route: ctl(1)   : "ABOX SIFS1" value "SPUS OUT0"
04-09 22:48:31.031  5281  5281 V audio_route: ctl(2)   : "ABOX SPUS OUT7" value "SIFS1"
04-09 22:48:31.031  5281  5281 V audio_route: ctl(3)   : "ABOX SIFM3" value "WDMA"
04-09 22:48:31.032  5281  5281 V audio_route: ctl(4)   : "ABOX NSRC3" value "RESERVED"
04-09 22:48:31.032  5281  5281 V audio_route: ctl(5)   : "ABOX SIFM2" value "WDMA"
04-09 22:48:31.033  5281  5281 V audio_route: ctl(6)   : "ABOX NSRC2" value "RESERVED"
04-09 22:48:31.033  5281  5281 V audio_route: ctl(7)   : "ABOX UAIF0 SPK" value "RESERVED"
04-09 22:48:31.033  5281  5281 V audio_route: ctl(8)   : "ABOX ERAP info DSM On" value 0
04-09 22:48:31.033  5281  5281 I audio_hw_proxy_9610: proxy-reset_route: unrouted media-speaker
04-09 22:48:31.034  5281  5281 V audio_route: Reset path: gain-media-speaker
04-09 22:48:31.034  5281  5281 I audio_route: > audio_route_update_path + : "gain-media-speaker" reverse(1)
04-09 22:48:31.034  5281  5281 I audio_route: > audio_route_update_path + : path length = 0
04-09 22:48:31.034  5281  5281 I audio_hw_proxy_9610: proxy-reset_route: reset gain gain-media-speaker
04-09 22:48:31.034  5281  5281 I audio_hw_primary: primary_out-adev_set_route-1: unroutes to device(speaker) for usage(media)
04-09 22:48:31.251 18903 18920 I BadgeProvider: query, [selection] : package=?
04-09 22:48:31.254 18903 18903 I BadgeCountReceiver: badge intent : Intent { act=android.intent.action.BADGE_COUNT_UPDATE flg=0x1000010 cmp=com.sec.android.provider.badge/.BadgeCountReceiver (has extras) }
04-09 22:48:31.255 18903 18903 I BadgeCountReceiver: packageName: org.telegram.messenger, className: org.telegram.messenger.NoxIcon, count: 0
04-09 22:48:31.262 18903 18920 E DatabaseUtils: Writing exception to parcel
04-09 22:48:31.262 18903 18920 E DatabaseUtils: java.lang.SecurityException: Permission Denial: writing com.sec.android.provider.badge.BadgeProvider uri content://com.sec.badge/apps?notify=true from pid=25321, uid=10268 requires com.sec.android.provider.badge.permission.WRITE, or grantUriPermission()
04-09 22:48:31.262 18903 18920 E DatabaseUtils: 	at android.content.ContentProvider.enforceWritePermissionInner(ContentProvider.java:1025)
04-09 22:48:31.262 18903 18920 E DatabaseUtils: 	at android.content.ContentProvider.semEnforceWritePermission(ContentProvider.java:951)
04-09 22:48:31.262 18903 18920 E DatabaseUtils: 	at android.content.ContentProvider$Transport.enforceWritePermission(ContentProvider.java:730)
04-09 22:48:31.262 18903 18920 E DatabaseUtils: 	at android.content.ContentProvider$Transport.update(ContentProvider.java:462)
04-09 22:48:31.262 18903 18920 E DatabaseUtils: 	at android.content.ContentProviderNative.onTransact(ContentProviderNative.java:231)
04-09 22:48:31.262 18903 18920 E DatabaseUtils: 	at android.os.Binder.execTransactInternal(Binder.java:1321)
04-09 22:48:31.262 18903 18920 E DatabaseUtils: 	at android.os.Binder.execTransact(Binder.java:1280)
04-09 22:48:31.266  6837  6837 I BadgeCountUpdaterImpl: onChange
04-09 22:48:31.282  6837  6837 I BadgeCountUpdaterImpl: onChange
04-09 22:48:31.283 18903 18903 I BadgeProvider: sendNotify entered. [uri] : content://com.sec.badge/apps
04-09 22:48:31.283 18903 18903 I BadgeProvider: sendNotify, [notify] : null
04-09 22:48:31.285 18903 18903 I BadgeProvider: update, getCallingPackage() : com.sec.android.provider.badge
04-09 22:48:31.285 18903 18903 I BadgeProvider: update, [uri] : content://com.sec.badge/apps
04-09 22:48:31.285 18903 18903 I BadgeProvider: update, [uri.query] : null
04-09 22:48:31.285 18903 18903 I BadgeProvider: update, [BadgeCount] : badgecount=0
04-09 22:48:31.285 18903 18903 I BadgeProvider: update, [UpdateCount] : 1
04-09 22:48:31.289  7623  5632 D ConnectivityManager: StackLog: [android.net.ConnectivityManager.reportNetworkConnectivity(ConnectivityManager.java:3390)] [anpu.i(:com.google.android.gms@231115044@23.11.15 (190400-520109968):0)] [anpi.run(:com.google.android.gms@231115044@23.11.15 (190400-520109968):57)] [anqi.run(:com.google.android.gms@231115044@23.11.15 (190400-520109968):2)] [dapd.run(:com.google.android.gms@231115044@23.11.15 (190400-520109968):2)] [abbj.c(:com.google.android.gms@231115044@23.11.15 (190400-520109968):6)] [abbj.run(:com.google.android.gms@231115044@23.11.15 (190400-520109968):7)] [java.util.concurrent.ThreadPoolExecutor.runWorker(ThreadPoolExecutor.java:1137)] [java.util.concurrent.ThreadPoolExecutor$Worker.run(ThreadPoolExecutor.java:637)] [abgp.run(:com.google.android.gms@231115044@23.11.15 (190400-520109968):0)] [java.lang.Thread.run(Thread.java:1012)]
04-09 22:48:31.292  7623  5632 I AlarmManager: setExactAndAllowWhileIdle [name: GCM_HB_ALARM type: 2 triggerAtMillis: 2049834]
04-09 22:48:31.301  7623  5632 E GmsTaskScheduler: sendWakeUpEvent called on SchedulerClientBroadcastStrategy
04-09 22:48:31.311  7623 13565 I AlarmManager: setExactAndAllowWhileIdle [name: FcmRetry type: 2 triggerAtMillis: 1329851]
04-09 22:48:31.322  5665  5741 W libprocessgroup: Failed to open /dev/blkio//cgroup.procs: No such file or directory
04-09 22:48:31.325  5665  5741 W libprocessgroup: Failed to open /dev/blkio//cgroup.procs: No such file or directory
04-09 22:48:31.357  5665  5741 W libprocessgroup: Failed to open /dev/blkio//cgroup.procs: No such file or directory
04-09 22:48:31.483  6837  7268 I BadgeCountUpdaterImpl: reload badge without refresh
04-09 22:48:31.490  5665  5741 W libprocessgroup: Failed to open /dev/blkio//cgroup.procs: No such file or directory
04-09 22:48:31.503 18903 18920 I BadgeProvider: query, [selection] : null
04-09 22:48:31.508  6837  7268 I BadgeCache: update cache : org.telegram.messenger user : UserHandle{0}  count : 0
04-09 22:48:31.508  6837  7268 I BadgeCache: update cache : com.vkontakte.android user : UserHandle{0}  count : 7
04-09 22:48:31.509  6837  7268 I BadgeCache: add to cache : com.vk.imuser : UserHandle{0}  count : 1
04-09 22:48:31.509  6837  7268 I BadgeCache: update cache : com.vkontakte.android user : UserHandle{0}  count : 0
04-09 22:48:31.509  6837  7268 I BadgeCache: add to cache : com.vkontakte.androiduser : UserHandle{0}  count : 1
04-09 22:48:31.509  6837  7268 I BadgeCache: add to cache : org.telegram.messengeruser : UserHandle{0}  count : 1
04-09 22:48:31.510  6837  7268 I BadgeCache: update cache : org.telegram.messenger user : UserHandle{0}  count : 0
04-09 22:48:31.510  6837  7268 I BadgeCache: update cache : com.vk.im user : UserHandle{0}  count : 0
04-09 22:48:31.516  6837  7268 I BadgeCache: reloadBadge size : 3
04-09 22:48:32.437  6284  6373 D MobileStatusTracker(1/2): onDataActivity: direction=0
04-09 22:48:32.443  6284  6373 D MobileSignalController(1/2): notifyListener: enabled=true, connected=true, dataConnected=true, networkType=LTE/LTE_CA (4G+), emergencyOnly=false, roaming=false, isDefault=true, dataActivity=, level=2, ca=true, mmWave=false, disabledDataIcon=false, simCard=ETC
04-09 22:48:33.335  5491  8191 D BufferPoolAccessor2.0: bufferpool2 0xecf17358 : 0(0 size) total buffers - 0(0 size) used buffers - 105/113 (recycle/alloc) - 8/216 (fetch/transfer)
04-09 22:48:33.336  5491  8191 D BufferPoolAccessor2.0: evictor expired: 1, evicted: 1
04-09 22:48:33.338  5525  5659 D BufferPoolAccessor2.0: bufferpool2 0x7c6a833428 : 0(0 size) total buffers - 0(0 size) used buffers - 102/106 (recycle/alloc) - 4/105 (fetch/transfer)
04-09 22:48:33.339  5525  5659 D BufferPoolAccessor2.0: evictor expired: 1, evicted: 1
04-09 22:48:35.538  6284  6373 D MobileStatusTracker(1/2): onDataActivity: direction=3
04-09 22:48:35.540  6284  6373 D MobileSignalController(1/2): notifyListener: enabled=true, connected=true, dataConnected=true, networkType=LTE/LTE_CA (4G+), emergencyOnly=false, roaming=false, isDefault=true, dataActivity=inout, level=2, ca=true, mmWave=false, disabledDataIcon=false, simCard=ETC
04-09 22:48:36.011  6284  6284 D SecPowerUI.Notification: showChargingNotice oldChargingType : 11 currentChargingType : 11 oldChargingTime : 3776000 mChargingTime : 3776000
04-09 22:48:36.011  6284  6284 D SecPowerUI.Notification: There is no change about charging status, so return!
04-09 22:48:37.602  6284  6373 D MobileStatusTracker(1/2): onDataActivity: direction=0
04-09 22:48:37.605  6284  6373 D MobileSignalController(1/2): notifyListener: enabled=true, connected=true, dataConnected=true, networkType=LTE/LTE_CA (4G+), emergencyOnly=false, roaming=false, isDefault=true, dataActivity=, level=2, ca=true, mmWave=false, disabledDataIcon=false, simCard=ETC
04-09 22:48:38.644  6284  6373 D MobileStatusTracker(1/2): onDataActivity: direction=3
04-09 22:48:38.648  6284  6373 D MobileSignalController(1/2): notifyListener: enabled=true, connected=true, dataConnected=true, networkType=LTE/LTE_CA (4G+), emergencyOnly=false, roaming=false, isDefault=true, dataActivity=inout, level=2, ca=true, mmWave=false, disabledDataIcon=false, simCard=ETC
04-09 22:48:39.685  6284  6373 D MobileStatusTracker(1/2): onDataActivity: direction=0
04-09 22:48:39.699  6284  6373 D MobileSignalController(1/2): notifyListener: enabled=true, connected=true, dataConnected=true, networkType=LTE/LTE_CA (4G+), emergencyOnly=false, roaming=false, isDefault=true, dataActivity=, level=2, ca=true, mmWave=false, disabledDataIcon=false, simCard=ETC
04-09 22:48:40.921  5312  5312 E sehhealth-service: Could not open /sys/class/power_supply/battery/lrp
04-09 22:48:40.926  5665  5861 D MotionRecognitionService: [SAR]  onReceive : ACTION_BATTERY_CHANGED, Plugged: 2
04-09 22:48:40.937  5665  5665 D PhoneWindowManagerExt: ACTION_BATTERY_CHANGED - Level=53, status=2
04-09 22:48:40.944  5665  5665 D SemWifiApBroadcastReceiver: Received : android.intent.action.BATTERY_CHANGED
04-09 22:48:40.944  6213  6213 D SemBigDataInfoController: Intent: android.intent.action.BATTERY_CHANGED
04-09 22:48:40.945  6213  6213 D SemBigDataInfoController: Intent: android.intent.action.BATTERY_CHANGED
04-09 22:48:40.947  6284  6284 I PowerUI : mBootCompleted = true |  mFullyConnected = true
04-09 22:48:40.947  6284  6284 W PowerUI : Plug reason
04-09 22:48:40.947  6284  6284 W PowerUI : Skip charging animation - by plug status
04-09 22:48:40.947  6284  6284 D PowerUI : priorPlugType = 2 mPlugType = 2 priorBatteryStatus = 2 mBatteryStatus = 2
04-09 22:48:40.947  6284  6284 W PowerUI : Plug reason
04-09 22:48:40.947  6284  6284 W PowerUI : Skip charging sound - by plug status
