04-09 23:02:01.607  6284  6284 D Tile.AirplaneModeTile: onReceive android.intent.action.SERVICE_STATE
04-09 23:02:01.607  6284  6284 D MultiSIMController: onReceive() - action = android.intent.action.SERVICE_STATE
04-09 23:02:01.608  6284  6284 D KeyguardUpdateMonitor: received broadcast android.intent.action.SERVICE_STATE
04-09 23:02:01.608  6284  6373 D NetworkController: ServiceState from intent slotId=1
04-09 23:02:01.608  5665  5665 D SemWifiService: received: android.intent.action.SERVICE_STATE
04-09 23:02:01.609  6284  6284 V KeyguardUpdateMonitor: action android.intent.action.SERVICE_STATE serviceState={mVoiceRegState=0(IN_SERVICE), mDataRegState=0(IN_SERVICE), mChannelNumber=550, duplexMode()=1, mCellBandwidths=[], mOperatorAlphaLong=Yettel, mOperatorAlphaShort=Yettel, isManualNetworkSelection=false(automatic), getRilVoiceRadioTechnology=14(LTE), getRilDataRadioTechnology=14(LTE), mCssIndicator=unsupported, mNetworkId=*1, mSystemId=*1, mCdmaRoamingIndicator=-1, mCdmaDefaultRoamingIndicator=-1, VoiceRegType=0, Snap=0, MobileData=IN_SERVICE, MobileDataRoamingType=home, MobileDataRat=LTE, PsOnly=false, FemtocellInd=0, SprDisplayRoam=false, OptRadioTech=0, MsimSubmode=0, mIsEmergencyOnly=false, isUsingCarrierAggregation=false, mArfcnRsrpBoost=0, mNetworkRegistrationInfos=[NetworkRegistrationInfo{ domain=CS transportType=WWAN registrationState=HOME roamingType=NOT_ROAMING accessNetworkTechnology=LTE rejectCause=0 emergencyEnabled=false availableServices=[VOICE,SMS,VIDEO] cellIdentity=CellIdentityLte:{ mCi=1****11 mPci=191 mTac=1***3 mEarfcn=550 mBands=[] mBandwidth=2147483647 mMcc=220 mMnc=01 mAlphaLong=Yettel mAlphaShort=Yettel mAdditionalPlmns={} mCsgInfo=null} voiceSpecificInfo=VoiceSpecificRegistrationInfo { mCssSupported=false mRoamingIndicator=0 mSystemIsInPrl=0 mDefaultRoamingIndicator=0} dataSpecificInfo=null nrState=**** rRplmn=22001 isUsingCarrierAggregation=false}, NetworkRegistrationInfo{ domain=PS transportType=WWAN registrationState=HOME roamingType=NOT_ROAMING accessNetworkTechnology=LTE rejectCause=0 emergencyEnabled=false availableServices=[DATA] cellIdentity=CellIdentityLte:{ mCi=1****11 mPci=191 mTac=1***3 mEarfcn=550 mBands=[] mBandwidth=2147483647 mMcc=220 mMnc=01 mAlphaLong=Yettel mAlphaShort=Yettel mAdditionalPlmns={} mCsgInfo=null} voiceSpecificInfo=null dataSpecificInfo=android.telephony.DataSpecificRegistrationInfo :{ maxDataCalls = 4 isDcNrRestricted = false isNrAvailable = false isEnDcAvailable = false LteVopsSupportInfo :  mVopsSupport = 2 mEmcBearerSupport = 3 } nrState=**** rRplmn=22001 isUsingCarrierAggregation=false}], mNrFrequencyRange=0, mOperatorAlphaLongRaw=Yettel, mOperatorAlphaShortRaw=Yettel, mIsDataRoamingFromRegistration=false, mIsIwlanPreferred=false} subId=2
04-09 23:02:01.609  6284  6284 D MultiSIMController: MESSAGE_UPDATE_SERVICE_STATE
04-09 23:02:01.610  6284  6373 D NetworkController: IsPowerOffServiceState is false: 0
04-09 23:02:01.610  6284  6373 D Tile.AirplaneModeTile:  handleUpdateState: airplane mode is disabled : enter mSetting.getValue() == 0 mIsWiFiOnlyDevice false isNoSimState false !isPowerOffServiceState true
04-09 23:02:01.610  6284  6373 D Tile.AirplaneModeTile:  handleUpdateState:  value = false, state = 1
04-09 23:02:01.619  6284  6284 D semImsManager[0]: getImsRegistration
04-09 23:02:01.623  5665  6036 D ConnectivityService: [100 CELLULAR] EVENT_NETWORK_INFO_CHANGED, going from CONNECTED to CONNECTED
04-09 23:02:01.624 16421 16421 D CellBroadcastReceiver: onReceive Intent { act=android.intent.action.SERVICE_STATE flg=0x1000010 cmp=com.google.android.cellbroadcastreceiver/com.android.cellbroadcastreceiver.CellBroadcastReceiver (has extras) }
04-09 23:02:01.625 16421 16421 D CellBroadcastReceiver: onServiceStateChanged, ss: 0
04-09 23:02:01.625 16421 16421 D CellBroadcastReceiver: networkOperator: 22001
04-09 23:02:01.625 16421 16421 D CellBroadcastReceiver: update supported roaming operator as
04-09 23:02:01.628  6213  6323 I TelephonyProvider: D/TelephonyProvider: subIdString = 2 subId = 2
04-09 23:02:01.637  6284  6284 D semImsManager[1]: getImsRegistration
04-09 23:02:01.645  6284  6284 D MultiSIMController: getOwnNumber
04-09 23:02:01.646  6284  6284 D KeyguardUpdateMonitor: handleServiceStateChange(subId=2, serviceState={mVoiceRegState=0(IN_SERVICE), mDataRegState=0(IN_SERVICE), mChannelNumber=550, duplexMode()=1, mCellBandwidths=[], mOperatorAlphaLong=Yettel, mOperatorAlphaShort=Yettel, isManualNetworkSelection=false(automatic), getRilVoiceRadioTechnology=14(LTE), getRilDataRadioTechnology=14(LTE), mCssIndicator=unsupported, mNetworkId=*1, mSystemId=*1, mCdmaRoamingIndicator=-1, mCdmaDefaultRoamingIndicator=-1, VoiceRegType=0, Snap=0, MobileData=IN_SERVICE, MobileDataRoamingType=home, MobileDataRat=LTE, PsOnly=false, FemtocellInd=0, SprDisplayRoam=false, OptRadioTech=0, MsimSubmode=0, mIsEmergencyOnly=false, isUsingCarrierAggregation=false, mArfcnRsrpBoost=0, mNetworkRegistrationInfos=[NetworkRegistrationInfo{ domain=CS transportType=WWAN registrationState=HOME roamingType=NOT_ROAMING accessNetworkTechnology=LTE rejectCause=0 emergencyEnabled=false availableServices=[VOICE,SMS,VIDEO] cellIdentity=CellIdentityLte:{ mCi=1****11 mPci=191 mTac=1***3 mEarfcn=550 mBands=[] mBandwidth=2147483647 mMcc=220 mMnc=01 mAlphaLong=Yettel mAlphaShort=Yettel mAdditionalPlmns={} mCsgInfo=null} voiceSpecificInfo=VoiceSpecificRegistrationInfo { mCssSupported=false mRoamingIndicator=0 mSystemIsInPrl=0 mDefaultRoamingIndicator=0} dataSpecificInfo=null nrState=**** rRplmn=22001 isUsingCarrierAggregation=false}, NetworkRegistrationInfo{ domain=PS transportType=WWAN registrationState=HOME roamingType=NOT_ROAMING accessNetworkTechnology=LTE rejectCause=0 emergencyEnabled=false availableServices=[DATA] cellIdentity=CellIdentityLte:{ mCi=1****11 mPci=191 mTac=1***3 mEarfcn=550 mBands=[] mBandwidth=2147483647 mMcc=220 mMnc=01 mAlphaLong=Yettel mAlphaShort=Yettel mAdditionalPlmns={} mCsgInfo=null} voiceSpecificInfo=null dataSpecificInfo=android.telephony.DataSpecificRegistrationInfo :{ maxDataCalls = 4 isDcNrRestricted = false isNrAvailable = false isEnDcAvailable = false LteVopsSupportInfo :  mVopsSupport = 2 mEmcBearerSupport = 3 } nrState=**** rRplmn=22001 isUsingCarrierAggregation=false}], mNrFrequencyRange=0, mOperatorAlphaLongRaw=Yettel, mOperatorAlphaShortRaw=Yettel, mIsDataRoamingFromRegistration=false, mIsIwlanPreferred=false}
04-09 23:02:01.647  6284  6284 D CarrierTextController: onRefreshCarrierInfo(), mTelephonyCapable: true
04-09 23:02:01.647  6213  6213 I Telephony: TelecomAccountRegistry$AccountEntry: isRttCurrentlySupported -- regular acct,, hasVoiceAvailability: false, isRttSupported: false, alwaysAllowWhileRoaming: false, isRoaming: true, isOnWfc: false
04-09 23:02:01.647  6284  6284 D CarrierTextController: updateCarrierText(): 2
04-09 23:02:01.647  6284  6284 D CarrierTextController: Handling (subId=1): 5 Yettel | MegaFon
04-09 23:02:01.647  6284  6284 D CarrierTextController: carrierTextForSimState = Yettel | MegaFon
04-09 23:02:01.649  6213  6213 I Telephony: TelecomAccountRegistry$AccountEntry: isRttCurrentlySupported -- regular acct,, hasVoiceAvailability: true, isRttSupported: false, alwaysAllowWhileRoaming: false, isRoaming: false, isOnWfc: false
04-09 23:02:01.649  6284  6284 D CarrierTextController: SIM ready and in service: subId=1, ss={mVoiceRegState=0(IN_SERVICE), mDataRegState=0(IN_SERVICE), mChannelNumber=1300, duplexMode()=1, mCellBandwidths=[], mOperatorAlphaLong=Yettel, mOperatorAlphaShort=Yettel, isManualNetworkSelection=false(automatic), getRilVoiceRadioTechnology=14(LTE), getRilDataRadioTechnology=14(LTE), mCssIndicator=unsupported, mNetworkId=*1, mSystemId=*1, mCdmaRoamingIndicator=-1, mCdmaDefaultRoamingIndicator=-1, VoiceRegType=0, Snap=0, MobileData=IN_SERVICE, MobileDataRoamingType=International Roaming, MobileDataRat=LTE, PsOnly=false, FemtocellInd=0, SprDisplayRoam=false, OptRadioTech=0, MsimSubmode=0, mIsEmergencyOnly=false, isUsingCarrierAggregation=false, mArfcnRsrpBoost=0, mNetworkRegistrationInfos=[NetworkRegistrationInfo{ domain=CS transportType=WWAN registrationState=ROAMING roamingType=INTERNATIONAL accessNetworkTechnology=LTE rejectCause=0 emergencyEnabled=false availableServices=[VOICE,SMS,VIDEO] cellIdentity=CellIdentityLte:{ mCi=1****11 mPci=191 mTac=1***3 mEarfcn=1300 mBands=[] mBandwidth=2147483647 mMcc=220 mMnc=01 mAlphaLong=Yettel mAlphaShort=Yettel mAdditionalPlmns={} mCsgInfo=null} voiceSpecificInfo=VoiceSpecificRegistrationInfo { mCssSupported=false mRoamingIndicator=0 mSystemIsInPrl=0 mDefaultRoamingIndicator=0} dataSpecificInfo=null nrState=**** rRplmn=22001 isUsingCarrierAggregation=false}, NetworkRegistrationInfo{ domain=PS transportType=WWAN registrationState=ROAMING roamingType=INTERNATIONAL accessNetworkTechnology=LTE rejectCause=0 emergencyEnabled=false availableServices=[DATA] cellIdentity=CellIdentityLte:{ mCi=1****11 mPci=191 mTac=1***3 mEarfcn=1300 mBands=[] mBandwidth=2147483647 mMcc=220 mMnc=01 mAlphaLong=Yettel mAlphaShort=Yettel mAdditionalPlmns={} mCsgInfo=null} voiceSpecificInfo=null dataSpecificInfo=android.telephony.DataSpecificRegistrationInfo :{ maxDataCalls = 4 isDcNrRestricted = false isNrAvailable = false isEnDcAvailable = false LteVopsSupportInfo :  mVopsSupport = 3 mEmcBearerSupport = 3 } nrState=**** rRplmn=22001 isUsingCarrierAggregation=false}], mNrFrequencyRange=0, mOperatorAlphaLongRaw=Yettel, mOperatorAlphaShortRaw=Yettel, mIsDataRoamingFromRegistration=true, mIsIwlanPreferred=false}
04-09 23:02:01.649  6284  6284 D CarrierTextController: Handling (subId=2): 5 Yettel
04-09 23:02:01.650  6213  6213 V PhoneGlobals: handleServiceStateChanged
04-09 23:02:01.650  6284  6284 D CarrierTextController: carrierTextForSimState = Yettel
04-09 23:02:01.650  6213  6213 D NotificationMgr: updateNetworkSelection, Use Samsung codes instead of AOSP codes
04-09 23:02:01.650  6213  6213 V PhoneGlobals: subId=2, mDefaultDataSubId=-1, ss roaming=false
04-09 23:02:01.651  6284  6284 D CarrierTextController: SIM ready and in service: subId=2, ss={mVoiceRegState=0(IN_SERVICE), mDataRegState=0(IN_SERVICE), mChannelNumber=550, duplexMode()=1, mCellBandwidths=[], mOperatorAlphaLong=Yettel, mOperatorAlphaShort=Yettel, isManualNetworkSelection=false(automatic), getRilVoiceRadioTechnology=14(LTE), getRilDataRadioTechnology=14(LTE), mCssIndicator=unsupported, mNetworkId=*1, mSystemId=*1, mCdmaRoamingIndicator=-1, mCdmaDefaultRoamingIndicator=-1, VoiceRegType=0, Snap=0, MobileData=IN_SERVICE, MobileDataRoamingType=home, MobileDataRat=LTE, PsOnly=false, FemtocellInd=0, SprDisplayRoam=false, OptRadioTech=0, MsimSubmode=0, mIsEmergencyOnly=false, isUsingCarrierAggregation=false, mArfcnRsrpBoost=0, mNetworkRegistrationInfos=[NetworkRegistrationInfo{ domain=CS transportType=WWAN registrationState=HOME roamingType=NOT_ROAMING accessNetworkTechnology=LTE rejectCause=0 emergencyEnabled=false availableServices=[VOICE,SMS,VIDEO] cellIdentity=CellIdentityLte:{ mCi=1****11 mPci=191 mTac=1***3 mEarfcn=550 mBands=[] mBandwidth=2147483647 mMcc=220 mMnc=01 mAlphaLong=Yettel mAlphaShort=Yettel mAdditionalPlmns={} mCsgInfo=null} voiceSpecificInfo=VoiceSpecificRegistrationInfo { mCssSupported=false mRoamingIndicator=0 mSystemIsInPrl=0 mDefaultRoamingIndicator=0} dataSpecificInfo=null nrState=**** rRplmn=22001 isUsingCarrierAggregation=false}, NetworkRegistrationInfo{ domain=PS transportType=WWAN registrationState=HOME roamingType=NOT_ROAMING accessNetworkTechnology=LTE rejectCause=0 emergencyEnabled=false availableServices=[DATA] cellIdentity=CellIdentityLte:{ mCi=1****11 mPci=191 mTac=1***3 mEarfcn=550 mBands=[] mBandwidth=2147483647 mMcc=220 mMnc=01 mAlphaLong=Yettel mAlphaShort=Yettel mAdditionalPlmns={} mCsgInfo=null} voiceSpecificInfo=null dataSpecificInfo=android.telephony.DataSpecificRegistrationInfo :{ maxDataCalls = 4 isDcNrRestricted = false isNrAvailable = false isEnDcAvailable = false LteVopsSupportInfo :  mVopsSupport = 2 mEmcBearerSupport = 3 } nrState=**** rRplmn=22001 isUsingCarrierAggregation=false}], mNrFrequencyRange=0, mOperatorAlphaLongRaw=Yettel, mOperatorAlphaShortRaw=Yettel, mIsDataRoamingFromRegistration=false, mIsIwlanPreferred=false}
04-09 23:02:01.652  6284  6284 D CarrierTextController: setText : Yettel | MegaFon | Yettel
04-09 23:02:01.653  6284  6284 D FaceWidgetPagesController: onRefreshCarrierInfo()
04-09 23:02:01.654  5665  6036 D ConnectivityService: Update of LinkProperties for [100 CELLULAR]; created=157341; firstConnected=157341
04-09 23:02:01.654  5665  6036 D ConnectivityService: Setting tx/rx TCP buffers to 2097152,4194304,8388608,512000,2097152,4194304
04-09 23:02:01.655  6284  6284 D FaceWidgetClockRoamManager: isNetworkRoamingState id=2
04-09 23:02:01.655  6284  6284 D FaceWidgetClockRoamManager: isNetworkRoamingState false
04-09 23:02:01.655  6284  6284 D FaceWidgetClockRoamManager: onRefreshCarrierInfo(pre, now): false, false
04-09 23:02:01.655  6284  6284 D FaceWidgetClockPage: onRefreshCarrierInfo : isChanged false mIsRoaming false
04-09 23:02:01.657  5665  6036 D ConnectivityService: notifyType CALLBACK_IP_CHANGED for [100 CELLULAR]
04-09 23:02:01.662  6284  6373 D MobileStatusTracker(1/2): onDisplayInfoChanged: telephonyDisplayInfo=TelephonyDisplayInfo {network=LTE, override=NONE}
04-09 23:02:01.663  6284  6373 D MobileSignalController(1/2): notifyListener: enabled=true, connected=true, dataConnected=true, networkType=LTE (4G), emergencyOnly=false, roaming=false, isDefault=true, dataActivity=, level=2, ca=false, mmWave=false, disabledDataIcon=false, simCard=ETC
04-09 23:02:01.680  5665  6036 D ConnectivityService: [101 CELLULAR] EVENT_NETWORK_INFO_CHANGED, going from CONNECTED to CONNECTED
04-09 23:02:01.682  6213  6323 I TelephonyProvider: D/TelephonyProvider: subIdString = 2 subId = 2
04-09 23:02:01.700  5665  6036 D ConnectivityService: Update of LinkProperties for [101 CELLULAR]; created=158750; firstConnected=158750
04-09 23:02:01.701  5665  6036 D ConnectivityService: notifyType CALLBACK_IP_CHANGED for [101 CELLULAR]
04-09 23:02:01.703  6678  6864 I PdnController<1>: onLinkPropertiesChanged: network 101 lp {InterfaceName: rmnet5 LinkAddresses: [ 10.152.237.214/24 ] DnsAddresses: [ /109.245.224.101,/109.245.224.102 ] PcscfAddresses: [ /10.24.20.156,/10.24.28.156 ] Domains: null MTU: 1500 TcpBufferSizes: 2097152,4194304,8388608,512000,2097152,4194304 Routes: [ 0.0.0.0/0 -> 10.152.237.1 rmnet5 mtu 1500,10.152.237.0/24 -> 0.0.0.0 rmnet5 mtu 0 ]} old {InterfaceName: rmnet5 LinkAddresses: [ 10.152.237.214/24 ] DnsAddresses: [ /109.245.224.101,/109.245.224.102 ] PcscfAddresses: [ /10.24.20.156,/10.24.28.156 ] Domains: null MTU: 1500 TcpBufferSizes: 2097152,4194304,8388608,512000,2097152,4194304 Routes: [ 0.0.0.0/0 -> 10.152.237.1 rmnet5 mtu 1500,10.152.237.0/24 -> 0.0.0.0 rmnet5 mtu 0 ]}
04-09 23:02:01.703  6678  6983 I PdnController: handleMessage: what 111
04-09 23:02:01.704  6678  6983 I PdnController: onLinkPropertiesChanged: networkType=11, linkProperties={InterfaceName: rmnet5 LinkAddresses: [ 10.152.237.214/24 ] DnsAddresses: [ /109.245.224.101,/109.245.224.102 ] PcscfAddresses: [ /10.24.20.156,/10.24.28.156 ] Domains: null MTU: 1500 TcpBufferSizes: 2097152,4194304,8388608,512000,2097152,4194304 Routes: [ 0.0.0.0/0 -> 10.152.237.1 rmnet5 mtu 1500,10.152.237.0/24 -> 0.0.0.0 rmnet5 mtu 0 ]}
04-09 23:02:02.087  5665  5665 D SemWifiP2pGoPowerSave: GopsReceiver : received : com.samsung.intent.action.CHECK_SIOP_LEVEL
04-09 23:02:02.087  5665  5665 I SemWifiP2pGoPowerSave: siop_level = 1
04-09 23:02:02.090 21219 21219 I SCS@AiSearch user 0: (BaseFreezingIndexReceiver) updateIndexingStatus to 1 [FROZEN]
04-09 23:02:02.090 18519 18669 I SystemBroadcastReceiver: [#CMH#] onReceive completed :  0
04-09 23:02:02.091 21219 21219 I SCS@AiSearch user 0: (SchedulingManager) Thawed scheduling all apps indexing
04-09 23:02:02.102 18519 18519 I PolicyManager: [#CMH#] onReceive action = EVENT_SIOP
04-09 23:02:02.122  5665  5814 D PackageManager: setEnabledSetting : userId = 0 packageName = com.samsung.android.scs cmp = androidx.work.impl.background.systemalarm.RescheduleReceiver newState = 1 callingPackage = 10380/com.samsung.android.scs
04-09 23:02:02.123  5665  5814 D ApplicationPolicy: getApplicationStateEnabled : pkg = com.samsung.android.scs userId : 0
04-09 23:02:02.124  5665  5814 D ApplicationPolicy: getApplicationComponentState : pkg = com.samsung.android.scs userId : 0
04-09 23:02:03.596  5312  5312 E sehhealth-service: Could not open /sys/class/power_supply/battery/lrp
04-09 23:02:03.599  5665  5861 D MotionRecognitionService: [SAR]  onReceive : ACTION_BATTERY_CHANGED, Plugged: 2
04-09 23:02:03.602  6213  6213 D SemBigDataInfoController: Intent: android.intent.action.BATTERY_CHANGED
04-09 23:02:03.602  5665  5665 D PhoneWindowManagerExt: ACTION_BATTERY_CHANGED - Level=60, status=2
04-09 23:02:03.604  5665  5665 D SemWifiApBroadcastReceiver: Received : android.intent.action.BATTERY_CHANGED
04-09 23:02:03.606  6213  6213 D SemBigDataInfoController: Intent: android.intent.action.BATTERY_CHANGED
04-09 23:02:03.611  6284  6284 I PowerUI : mBootCompleted = true |  mFullyConnected = true
04-09 23:02:03.611  6284  6284 W PowerUI : Plug reason
04-09 23:02:03.612  6284  6284 W PowerUI : Skip charging animation - by plug status
04-09 23:02:03.612  6284  6284 D PowerUI : priorPlugType = 2 mPlugType = 2 priorBatteryStatus = 2 mBatteryStatus = 2
04-09 23:02:03.612  6284  6284 W PowerUI : Plug reason
04-09 23:02:03.612  6284  6284 W PowerUI : Skip charging sound - by plug status
04-09 23:02:03.612  6284  7925 D SecPowerUI.Notification: dismissing low battery warning: level=60
04-09 23:02:03.612  6284  7925 D SecPowerUI.Notification: updateNotification mWarning=false mPlaySound=false
04-09 23:02:03.612  6284  6284 I PowerUI : oldMisalign : false, curMisalign : false
04-09 23:02:03.613  6284  7925 D SecPowerUI.Notification: SecBatteryStatsSnapshot{batteryLevel=60, currentBatteryMode=0, chargingTime=3377000, chargingType=11, batteryHealth=2, automaticTestMode=false, isHiccupState=false}
04-09 23:02:03.614  6284  6284 D SecPowerUI.Notification: showChargingNotice oldChargingType : 11 currentChargingType : 11 oldChargingTime : 3377000 mChargingTime : 3370000
04-09 23:02:03.615  6284  6284 D SecPowerUI.Notification: showChargingNotification()
04-09 23:02:03.615  6284  6284 D SecPowerUI.Notification: SecBatteryStatsSnapshot{batteryLevel=60, currentBatteryMode=0, chargingTime=3370000, chargingType=11, batteryHealth=2, automaticTestMode=false, isHiccupState=false}
04-09 23:02:03.615  6284  6284 D PowerUi.ChargingNotification: showChargingNotification()
04-09 23:02:03.617  6284  6284 D PowerUi.ChargingNotification: showChargingNotification()
04-09 23:02:03.619  6284  7925 D SecPowerUI.Notification: 1. restoreScreenTimeOut - saved_value : :
04-09 23:02:03.619  6284  7925 E SecPowerUI.Notification: no saved value, so we do nothing !!
04-09 23:02:03.619  5665  5814 D ApplicationPolicy: isStatusBarNotificationAllowedAsUser: packageName = com.android.systemui,userId = 0
04-09 23:02:03.620  5665  5814 D ApplicationPolicy: isStatusBarNotificationAllowedAsUser: packageName = com.android.systemui,userId = -1
04-09 23:02:03.620  5665  5814 D ApplicationPolicy: isStatusBarNotificationAllowedAsUser: converting userId from USER_ALLto 0
04-09 23:02:03.624  6284  6284 D PowerUI : Battery swelling mode - priorBatterySwellingMode = 0 mBatterySwellingMode = 0 mBatteryStatus = 2
04-09 23:02:03.624  6284  6284 I PowerUI : mBatteryMiscEvent = 65536
04-09 23:02:03.624  6284  6284 D SamsungBatteryMeterDrawable: onBatteryLevelChanged isSomethingChanged: false
04-09 23:02:03.625  6284  6284 D SamsungBatteryMeterDrawable: onBatteryLevelChanged isSomethingChanged: false
04-09 23:02:03.625  6284  6284 D SamsungBatteryMeterDrawable: onBatteryLevelChanged isSomethingChanged: false
04-09 23:02:03.625  6284  6284 D SamsungBatteryMeterDrawable: onBatteryLevelChanged isSomethingChanged: false
04-09 23:02:03.626  6284  6284 D KeyguardUpdateMonitor: received broadcast android.intent.action.BATTERY_CHANGED
04-09 23:02:03.626  6284  6284 I AODBatteryManager: updateBatteryData: ACTION_BATTERY_CHANGED
04-09 23:02:03.628  6284  6284 I AODBatteryManager: saveBatteryData : AOD BatteryData [mBatteryLevel=60, mBatteryStatus=CHARGING, mBatteryPlugType=USB, mBatteryPlugged=true, mRemainingChargeTime=3370000, mBatteryChargingType=2, mBatteryChargerType=FAST, mBatteryOnline=NOT_DEFINED, mBatterySwellingMode=NONE, mBatteryProtectMode=false]
04-09 23:02:03.629  6284  6284 I ChargingInfoManager: updateChargingInfo: newState = AOD ChargingInfo [mState=BATTERY_AND_REMAIN_TIME, mIsCharging=true, mIsFullyCharged=false, mIsBatteryProtectMode=false], oldState = AOD ChargingInfo [mState=BATTERY_AND_REMAIN_TIME, mIsCharging=true, mIsFullyCharged=false, mIsBatteryProtectMode=false]
04-09 23:02:03.629  6284  6284 D KeyguardUpdateMonitor: handleBatteryUpdate
04-09 23:02:03.637  6284  6284 D KeyguardSecIndicationController: addIndicationTimeout() returned - unlocking
04-09 23:02:03.637  6284  6284 D KeyguardSecIndicationController: addIndication() returned - unlocking
04-09 23:02:03.637  6284  6284 D KeyguardSecIndicationController: addBatteryAndOwnerInfoIndication() battery status = BatteryStatus{status=2,level=60,plugged=2,health=2,maxChargingWattage=-1,remaining=3370000ultraFastCharger=1}
04-09 23:02:03.837  6210  6210 I FreeformContainer: [SmartPopupViewService] onNotificationPosted: StatusBarNotification(pkg=com.android.systemui user=UserHandle{-1} id=2131428959 tag=charging_state key=-1|com.android.systemui|2131428959|charging_state|10054: Notification(channel=CHR shortcut=null contentView=null vibrate=null sound=null defaults=0x0 flags=0xa color=0xff8b94ab category=sys groupKey=CHARGING vis=PUBLIC semFlags=0x0 semPriority=0 semMissedCount=0))
04-09 23:02:03.837  6210  6210 V FreeformContainer: [SmartPopupViewService] isSmartPopupViewTarget: com.android.systemui is not enabled
04-09 23:02:03.844  6837  6837 I Launcher.NotificationListener: onNotificationPosted : com.android.systemui number : 0
04-09 23:02:03.844  9619 10534 I NotificationPipeline: Processing new notification: -1|com.android.systemui|2131428959|charging_state|10054
04-09 23:02:03.845  9619 10534 E Notification4Heart_NB: WatchFactory.getWatch-lastConnectedNodeId is null
04-09 23:02:03.846  9619 10534 W Notification4Heart_NB: NotificationBridgeCallback.onNotificationPosted-never connected before
04-09 23:02:03.848  6284  6284 D BubblesManager: onRankingUpdate : shouldBubbleUp=false ,pkg=android ,key=-1|android|34|NetworkPolicy:945656281:34|1000
04-09 23:02:03.848  6284  6284 D BubblesManager: onRankingUpdate : shouldBubbleUp=false ,pkg=com.kms.free ,key=0|com.kms.free|42|null|10299
04-09 23:02:03.848  6284  6284 D BubblesManager: onRankingUpdate : shouldBubbleUp=false ,pkg=com.sec.android.app.shealth ,key=0|com.sec.android.app.shealth|105|null|10256
04-09 23:02:03.848  6284  6284 D BubblesManager: onRankingUpdate : shouldBubbleUp=false ,pkg=com.kms.free ,key=0|com.kms.free|1|null|10299
04-09 23:02:03.848  6284  6284 D BubblesManager: onRankingUpdate : shouldBubbleUp=false ,pkg=mrigapps.andriod.breakfree.deux ,key=0|mrigapps.andriod.breakfree.deux|2|null|10506
04-09 23:02:03.848  6284  6284 D BubblesManager: onRankingUpdate : shouldBubbleUp=false ,pkg=com.android.providers.downloads ,key=0|com.android.providers.downloads|0|3:1244|10068
04-09 23:02:03.849  6284  6284 D BubblesManager: onRankingUpdate : shouldBubbleUp=false ,pkg=ru.mail.mailapp ,key=0|ru.mail.mailapp|1073741824|zhelenskiy@mail.ru|10221
04-09 23:02:03.849  6284  6284 D InterruptionStateProvider: Group alert behavior is suppressed but we want to alert bubble
04-09 23:02:03.849  6284  6284 D BubblesManager: onRankingUpdate : shouldBubbleUp=false ,pkg=ru.mail.mailapp ,key=0|ru.mail.mailapp|1291137120|zhelenskiy@mail.ru|10221
04-09 23:02:03.849  6284  6284 D InterruptionStateProvider: Group alert behavior is suppressed but we want to alert bubble
04-09 23:02:03.849  6284  6284 D BubblesManager: onRankingUpdate : shouldBubbleUp=false ,pkg=ru.mail.mailapp ,key=0|ru.mail.mailapp|406243825|zhelenskiy@mail.ru|10221
04-09 23:02:03.849  6284  6284 D BubblesManager: onRankingUpdate : shouldBubbleUp=false ,pkg=android ,key=0|android|38|AccountManagerService:38:-904454848:838749127:10427|1000
04-09 23:02:03.849  6284  6284 D InterruptionStateProvider: Group alert behavior is suppressed but we want to alert bubble
04-09 23:02:03.849  6284  6284 D BubblesManager: onRankingUpdate : shouldBubbleUp=false ,pkg=com.google.android.googlequicksearchbox ,key=0|com.google.android.googlequicksearchbox|0|-1997195081::SUMMARY::wx|10233
04-09 23:02:03.849  6284  6284 D BubblesManager: onRankingUpdate : shouldBubbleUp=false ,pkg=com.google.android.googlequicksearchbox ,key=0|com.google.android.googlequicksearchbox|0|-1997195081::a:snotification:[0x394,wx.f,NOTIFICATION]|10233
04-09 23:02:03.849  6284  6284 D BubblesManager: onRankingUpdate : shouldBubbleUp=false ,pkg=android ,key=-1|android|27|null|1000
04-09 23:02:03.849  6284  6284 D BubblesManager: onRankingUpdate : shouldBubbleUp=false ,pkg=com.android.systemui ,key=-1|com.android.systemui|2131428959|charging_state|10054
04-09 23:02:03.850  6284  6315 D Bubbles : onRankingUpdated : isActiveOrInOverflow= false , mTmpRanking.canBubble()= false ,isActive= false ,shouldBubbleUp= false ,mTmpRanking.isBubble()= false
04-09 23:02:03.851  6284  6315 D Bubbles : onRankingUpdated : isActiveOrInOverflow= false , mTmpRanking.canBubble()= false ,isActive= false ,shouldBubbleUp= false ,mTmpRanking.isBubble()= false
04-09 23:02:03.851  6284  6315 D Bubbles : onRankingUpdated : isActiveOrInOverflow= false , mTmpRanking.canBubble()= false ,isActive= false ,shouldBubbleUp= false ,mTmpRanking.isBubble()= false
04-09 23:02:03.851  6284  6315 D Bubbles : onRankingUpdated : isActiveOrInOverflow= false , mTmpRanking.canBubble()= false ,isActive= false ,shouldBubbleUp= false ,mTmpRanking.isBubble()= false
04-09 23:02:03.851  6284  6315 D Bubbles : onRankingUpdated : isActiveOrInOverflow= false , mTmpRanking.canBubble()= false ,isActive= false ,shouldBubbleUp= false ,mTmpRanking.isBubble()= false
04-09 23:02:03.851  6284  6315 D Bubbles : onRankingUpdated : isActiveOrInOverflow= false , mTmpRanking.canBubble()= false ,isActive= false ,shouldBubbleUp= false ,mTmpRanking.isBubble()= false
04-09 23:02:03.851  6284  6315 D Bubbles : onRankingUpdated : isActiveOrInOverflow= false , mTmpRanking.canBubble()= false ,isActive= false ,shouldBubbleUp= false ,mTmpRanking.isBubble()= false
04-09 23:02:03.851  6284  6315 D Bubbles : onRankingUpdated : isActiveOrInOverflow= false , mTmpRanking.canBubble()= false ,isActive= false ,shouldBubbleUp= false ,mTmpRanking.isBubble()= false
04-09 23:02:03.851  6284  6315 D Bubbles : onRankingUpdated : isActiveOrInOverflow= false , mTmpRanking.canBubble()= false ,isActive= false ,shouldBubbleUp= false ,mTmpRanking.isBubble()= false
04-09 23:02:03.851  6284  6315 D Bubbles : onRankingUpdated : isActiveOrInOverflow= false , mTmpRanking.canBubble()= false ,isActive= false ,shouldBubbleUp= false ,mTmpRanking.isBubble()= false
04-09 23:02:03.851  6284  6315 D Bubbles : onRankingUpdated : isActiveOrInOverflow= false , mTmpRanking.canBubble()= false ,isActive= false ,shouldBubbleUp= false ,mTmpRanking.isBubble()= false
04-09 23:02:03.852  6284  6315 D Bubbles : onRankingUpdated : isActiveOrInOverflow= false , mTmpRanking.canBubble()= false ,isActive= false ,shouldBubbleUp= false ,mTmpRanking.isBubble()= false
04-09 23:02:03.852  6284  6315 D Bubbles : onRankingUpdated : isActiveOrInOverflow= false , mTmpRanking.canBubble()= false ,isActive= false ,shouldBubbleUp= false ,mTmpRanking.isBubble()= false
04-09 23:02:03.852  6284  6315 D Bubbles : onRankingUpdated : isActiveOrInOverflow= false , mTmpRanking.canBubble()= false ,isActive= false ,shouldBubbleUp= false ,mTmpRanking.isBubble()= false
04-09 23:02:04.050  6284  6284 D BubblesManager: onEntryUpdated : shouldBubbleUp=false ,key=-1|com.android.systemui|2131428959|charging_state|10054
04-09 23:02:04.101  6284  6284 I FaceWidgetPositionAlgorithm: getMediaContainerHeight() height = 0 container Visibility = 8, isValid = false, mIsDozing = false, fraction = 1.0, source = 0, target = 0
04-09 23:02:04.101  6284  6284 I FaceWidgetPositionAlgorithm: getMediaContainerHeight() supplier = 0
04-09 23:02:04.149  6284  6284 I FaceWidgetPositionAlgorithm: getMediaContainerHeight() height = 0 container Visibility = 8, isValid = false, mIsDozing = false, fraction = 1.0, source = 0, target = 0
04-09 23:02:04.150  6284  6284 I FaceWidgetPositionAlgorithm: getMediaContainerHeight() supplier = 0
04-09 23:02:04.178  6284  6284 I FaceWidgetPositionAlgorithm: getMediaContainerHeight() height = 0 container Visibility = 8, isValid = false, mIsDozing = false, fraction = 1.0, source = 0, target = 0
04-09 23:02:04.178  6284  6284 I FaceWidgetPositionAlgorithm: getMediaContainerHeight() supplier = 0
04-09 23:02:08.628  6284  6284 D SecPowerUI.Notification: showChargingNotice oldChargingType : 11 currentChargingType : 11 oldChargingTime : 3370000 mChargingTime : 3370000
04-09 23:02:08.628  6284  6284 D SecPowerUI.Notification: There is no change about charging status, so return!
04-09 23:02:12.176  5329  5329 I SurfaceFlinger: SFWD update time=2030718545700
04-09 23:02:13.440  5665  6082 I ChimeraAggressivePolicyHandler: executePolicy() - triggerSource: TRIGGER_SOURCE_LMKD
04-09 23:02:13.444  5665  6082 I ChimeraAggressivePolicyHandler: available memory: 1103144, free memory target: 890880, quit chimera
04-09 23:02:13.686  5665  5861 D MotionRecognitionService: [SAR]  onReceive : ACTION_BATTERY_CHANGED, Plugged: 2
04-09 23:02:13.688  6213  6213 D SemBigDataInfoController: Intent: android.intent.action.BATTERY_CHANGED
04-09 23:02:13.689  5665  5665 D PhoneWindowManagerExt: ACTION_BATTERY_CHANGED - Level=60, status=2
04-09 23:02:13.689  6213  6213 D SemBigDataInfoController: Intent: android.intent.action.BATTERY_CHANGED
04-09 23:02:13.694  5312  5312 E sehhealth-service: Could not open /sys/class/power_supply/battery/lrp
04-09 23:02:13.694  6284  6284 I AODBatteryManager: updateBatteryData: ACTION_BATTERY_CHANGED
04-09 23:02:13.694  5665  5665 D SemWifiApBroadcastReceiver: Received : android.intent.action.BATTERY_CHANGED
04-09 23:02:13.696  6284  6284 I AODBatteryManager: saveBatteryData : AOD BatteryData [mBatteryLevel=60, mBatteryStatus=CHARGING, mBatteryPlugType=USB, mBatteryPlugged=true, mRemainingChargeTime=3366000, mBatteryChargingType=2, mBatteryChargerType=FAST, mBatteryOnline=NOT_DEFINED, mBatterySwellingMode=NONE, mBatteryProtectMode=false]
04-09 23:02:13.696  6284  6284 I ChargingInfoManager: updateChargingInfo: newState = AOD ChargingInfo [mState=BATTERY_AND_REMAIN_TIME, mIsCharging=true, mIsFullyCharged=false, mIsBatteryProtectMode=false], oldState = AOD ChargingInfo [mState=BATTERY_AND_REMAIN_TIME, mIsCharging=true, mIsFullyCharged=false, mIsBatteryProtectMode=false]
04-09 23:02:13.696  6284  6284 I PowerUI : mBootCompleted = true |  mFullyConnected = true
04-09 23:02:13.697  6284  6284 W PowerUI : Plug reason
04-09 23:02:13.697  6284  6284 W PowerUI : Skip charging animation - by plug status
04-09 23:02:13.697  6284  6284 D PowerUI : priorPlugType = 2 mPlugType = 2 priorBatteryStatus = 2 mBatteryStatus = 2
04-09 23:02:13.697  6284  6284 W PowerUI : Plug reason
04-09 23:02:13.697  6284  6284 W PowerUI : Skip charging sound - by plug status
04-09 23:02:13.697  6284  6284 I PowerUI : oldMisalign : false, curMisalign : false
04-09 23:02:13.697  6284  8451 D SecPowerUI.Notification: dismissing low battery warning: level=60
04-09 23:02:13.697  6284  8451 D SecPowerUI.Notification: updateNotification mWarning=false mPlaySound=false
04-09 23:02:13.697  6284  8451 D SecPowerUI.Notification: SecBatteryStatsSnapshot{batteryLevel=60, currentBatteryMode=0, chargingTime=3370000, chargingType=11, batteryHealth=2, automaticTestMode=false, isHiccupState=false}
04-09 23:02:13.699  6284  8451 D SecPowerUI.Notification: 1. restoreScreenTimeOut - saved_value : :
04-09 23:02:13.699  6284  8451 E SecPowerUI.Notification: no saved value, so we do nothing !!
04-09 23:02:13.699  6284  6284 D SecPowerUI.Notification: showChargingNotice oldChargingType : 11 currentChargingType : 11 oldChargingTime : 3370000 mChargingTime : 3366000
04-09 23:02:13.699  6284  6284 D SecPowerUI.Notification: showChargingNotification()
04-09 23:02:13.700  6284  6284 D SecPowerUI.Notification: SecBatteryStatsSnapshot{batteryLevel=60, currentBatteryMode=0, chargingTime=3366000, chargingType=11, batteryHealth=2, automaticTestMode=false, isHiccupState=false}
04-09 23:02:13.700  6284  6284 D PowerUi.ChargingNotification: showChargingNotification()
04-09 23:02:13.702  6284  6284 D PowerUi.ChargingNotification: showChargingNotification()
04-09 23:02:13.704  5665  8054 D ApplicationPolicy: isStatusBarNotificationAllowedAsUser: packageName = com.android.systemui,userId = 0
04-09 23:02:13.705  5665  8054 D ApplicationPolicy: isStatusBarNotificationAllowedAsUser: packageName = com.android.systemui,userId = -1
04-09 23:02:13.705  5665  8054 D ApplicationPolicy: isStatusBarNotificationAllowedAsUser: converting userId from USER_ALLto 0
04-09 23:02:13.720  6284  6284 D PowerUI : Battery swelling mode - priorBatterySwellingMode = 0 mBatterySwellingMode = 0 mBatteryStatus = 2
04-09 23:02:13.720  6284  6284 I PowerUI : mBatteryMiscEvent = 65536
04-09 23:02:13.721  6284  6284 D SamsungBatteryMeterDrawable: onBatteryLevelChanged isSomethingChanged: false
04-09 23:02:13.721  6284  6284 D SamsungBatteryMeterDrawable: onBatteryLevelChanged isSomethingChanged: false
04-09 23:02:13.722  6284  6284 D SamsungBatteryMeterDrawable: onBatteryLevelChanged isSomethingChanged: false
04-09 23:02:13.723  6284  6284 D SamsungBatteryMeterDrawable: onBatteryLevelChanged isSomethingChanged: false
04-09 23:02:13.724  6284  6284 D KeyguardUpdateMonitor: received broadcast android.intent.action.BATTERY_CHANGED
04-09 23:02:13.725  6284  6284 D KeyguardUpdateMonitor: handleBatteryUpdate
04-09 23:02:13.732  6284  6284 D KeyguardSecIndicationController: addIndicationTimeout() returned - unlocking
04-09 23:02:13.732  6284  6284 D KeyguardSecIndicationController: addIndication() returned - unlocking
04-09 23:02:13.733  6284  6284 D KeyguardSecIndicationController: addBatteryAndOwnerInfoIndication() battery status = BatteryStatus{status=2,level=60,plugged=2,health=2,maxChargingWattage=-1,remaining=3366000ultraFastCharger=1}
04-09 23:02:13.816  5665  8054 V LocationManagerService: passive provider registration 1000/android[SensorNotificationService]/771E0F2D dropped delivery - too close
04-09 23:02:13.819  5665  8054 V LocationManagerService: passive provider registration 5023/com.samsung.android.networkdiagnostic/4FDF9C6D dropped delivery - too close
04-09 23:02:13.821  5665  6515 D SLocation: PositionManager - PassiveonLocationChanged fused 1681074133794
04-09 23:02:13.821  5665  6515 W SLocation: PositionManager - do not refresh last location about fused location
04-09 23:02:13.822  5665  6515 D SLocation: ARDistanceBigData - BIGDATA ARD - receive location
04-09 23:02:13.826  7080  7224 I GmsPassiveListener_FLP: onLocationResult, time=1681074133794 / elapsed=2032336000000
04-09 23:02:13.827  5665  6515 D SLocation: ARDistanceBigData - BIGDATA ARD disabled, onReceiveLocation
04-09 23:02:13.838  5665  6515 D SLocation: ARDistanceLibManager - request distance diff to AR Distance Library
04-09 23:02:13.839  5665  6515 D SLocation: PositionManager - receive fused location
04-09 23:02:13.873  7623 24704 I GCoreUlr: Successfully inserted 1 locations
04-09 23:02:13.930  6210  6210 I FreeformContainer: [SmartPopupViewService] onNotificationPosted: StatusBarNotification(pkg=com.android.systemui user=UserHandle{-1} id=2131428959 tag=charging_state key=-1|com.android.systemui|2131428959|charging_state|10054: Notification(channel=CHR shortcut=null contentView=null vibrate=null sound=null defaults=0x0 flags=0xa color=0xff8b94ab category=sys groupKey=CHARGING vis=PUBLIC semFlags=0x0 semPriority=0 semMissedCount=0))
04-09 23:02:13.930  6210  6210 V FreeformContainer: [SmartPopupViewService] isSmartPopupViewTarget: com.android.systemui is not enabled
04-09 23:02:13.930  6284  6284 D BubblesManager: onRankingUpdate : shouldBubbleUp=false ,pkg=android ,key=-1|android|34|NetworkPolicy:945656281:34|1000
04-09 23:02:13.930  6284  6284 D BubblesManager: onRankingUpdate : shouldBubbleUp=false ,pkg=com.kms.free ,key=0|com.kms.free|42|null|10299
04-09 23:02:13.930  6284  6284 D BubblesManager: onRankingUpdate : shouldBubbleUp=false ,pkg=com.sec.android.app.shealth ,key=0|com.sec.android.app.shealth|105|null|10256
04-09 23:02:13.931  6284  6284 D BubblesManager: onRankingUpdate : shouldBubbleUp=false ,pkg=com.kms.free ,key=0|com.kms.free|1|null|10299
04-09 23:02:13.931  6284  6284 D BubblesManager: onRankingUpdate : shouldBubbleUp=false ,pkg=mrigapps.andriod.breakfree.deux ,key=0|mrigapps.andriod.breakfree.deux|2|null|10506
04-09 23:02:13.931  6284  6284 D BubblesManager: onRankingUpdate : shouldBubbleUp=false ,pkg=com.android.providers.downloads ,key=0|com.android.providers.downloads|0|3:1244|10068
04-09 23:02:13.931  6284  6284 D BubblesManager: onRankingUpdate : shouldBubbleUp=false ,pkg=ru.mail.mailapp ,key=0|ru.mail.mailapp|1073741824|zhelenskiy@mail.ru|10221
04-09 23:02:13.932  6284  6284 D InterruptionStateProvider: Group alert behavior is suppressed but we want to alert bubble
04-09 23:02:13.932  6284  6284 D BubblesManager: onRankingUpdate : shouldBubbleUp=false ,pkg=ru.mail.mailapp ,key=0|ru.mail.mailapp|1291137120|zhelenskiy@mail.ru|10221
04-09 23:02:13.932  6284  6284 D InterruptionStateProvider: Group alert behavior is suppressed but we want to alert bubble
04-09 23:02:13.932  6284  6284 D BubblesManager: onRankingUpdate : shouldBubbleUp=false ,pkg=ru.mail.mailapp ,key=0|ru.mail.mailapp|406243825|zhelenskiy@mail.ru|10221
04-09 23:02:13.932  6284  6284 D BubblesManager: onRankingUpdate : shouldBubbleUp=false ,pkg=android ,key=0|android|38|AccountManagerService:38:-904454848:838749127:10427|1000
04-09 23:02:13.933  6284  6284 D InterruptionStateProvider: Group alert behavior is suppressed but we want to alert bubble
04-09 23:02:13.933  6284  6284 D BubblesManager: onRankingUpdate : shouldBubbleUp=false ,pkg=com.google.android.googlequicksearchbox ,key=0|com.google.android.googlequicksearchbox|0|-1997195081::SUMMARY::wx|10233
04-09 23:02:13.933  6284  6284 D BubblesManager: onRankingUpdate : shouldBubbleUp=false ,pkg=com.google.android.googlequicksearchbox ,key=0|com.google.android.googlequicksearchbox|0|-1997195081::a:snotification:[0x394,wx.f,NOTIFICATION]|10233
04-09 23:02:13.933  6284  6284 D BubblesManager: onRankingUpdate : shouldBubbleUp=false ,pkg=android ,key=-1|android|27|null|1000
04-09 23:02:13.934  6284  6284 D BubblesManager: onRankingUpdate : shouldBubbleUp=false ,pkg=com.android.systemui ,key=-1|com.android.systemui|2131428959|charging_state|10054
04-09 23:02:13.934  6284  6315 D Bubbles : onRankingUpdated : isActiveOrInOverflow= false , mTmpRanking.canBubble()= false ,isActive= false ,shouldBubbleUp= false ,mTmpRanking.isBubble()= false
04-09 23:02:13.935  6284  6315 D Bubbles : onRankingUpdated : isActiveOrInOverflow= false , mTmpRanking.canBubble()= false ,isActive= false ,shouldBubbleUp= false ,mTmpRanking.isBubble()= false
04-09 23:02:13.935  6284  6315 D Bubbles : onRankingUpdated : isActiveOrInOverflow= false , mTmpRanking.canBubble()= false ,isActive= false ,shouldBubbleUp= false ,mTmpRanking.isBubble()= false
04-09 23:02:13.935  6284  6315 D Bubbles : onRankingUpdated : isActiveOrInOverflow= false , mTmpRanking.canBubble()= false ,isActive= false ,shouldBubbleUp= false ,mTmpRanking.isBubble()= false
04-09 23:02:13.935  6284  6315 D Bubbles : onRankingUpdated : isActiveOrInOverflow= false , mTmpRanking.canBubble()= false ,isActive= false ,shouldBubbleUp= false ,mTmpRanking.isBubble()= false
04-09 23:02:13.936  6284  6315 D Bubbles : onRankingUpdated : isActiveOrInOverflow= false , mTmpRanking.canBubble()= false ,isActive= false ,shouldBubbleUp= false ,mTmpRanking.isBubble()= false
04-09 23:02:13.936  6284  6315 D Bubbles : onRankingUpdated : isActiveOrInOverflow= false , mTmpRanking.canBubble()= false ,isActive= false ,shouldBubbleUp= false ,mTmpRanking.isBubble()= false
04-09 23:02:13.936  6284  6315 D Bubbles : onRankingUpdated : isActiveOrInOverflow= false , mTmpRanking.canBubble()= false ,isActive= false ,shouldBubbleUp= false ,mTmpRanking.isBubble()= false
04-09 23:02:13.936  6284  6315 D Bubbles : onRankingUpdated : isActiveOrInOverflow= false , mTmpRanking.canBubble()= false ,isActive= false ,shouldBubbleUp= false ,mTmpRanking.isBubble()= false
04-09 23:02:13.936  6284  6315 D Bubbles : onRankingUpdated : isActiveOrInOverflow= false , mTmpRanking.canBubble()= false ,isActive= false ,shouldBubbleUp= false ,mTmpRanking.isBubble()= false
04-09 23:02:13.936  6284  6315 D Bubbles : onRankingUpdated : isActiveOrInOverflow= false , mTmpRanking.canBubble()= false ,isActive= false ,shouldBubbleUp= false ,mTmpRanking.isBubble()= false
04-09 23:02:13.936  6284  6315 D Bubbles : onRankingUpdated : isActiveOrInOverflow= false , mTmpRanking.canBubble()= false ,isActive= false ,shouldBubbleUp= false ,mTmpRanking.isBubble()= false
04-09 23:02:13.936  6284  6315 D Bubbles : onRankingUpdated : isActiveOrInOverflow= false , mTmpRanking.canBubble()= false ,isActive= false ,shouldBubbleUp= false ,mTmpRanking.isBubble()= false
04-09 23:02:13.936  6284  6315 D Bubbles : onRankingUpdated : isActiveOrInOverflow= false , mTmpRanking.canBubble()= false ,isActive= false ,shouldBubbleUp= false ,mTmpRanking.isBubble()= false
04-09 23:02:13.939  6837  6837 I Launcher.NotificationListener: onNotificationPosted : com.android.systemui number : 0
04-09 23:02:13.940  9619 10534 I NotificationPipeline: Processing new notification: -1|com.android.systemui|2131428959|charging_state|10054
04-09 23:02:13.942  9619 10534 E Notification4Heart_NB: WatchFactory.getWatch-lastConnectedNodeId is null
04-09 23:02:13.943  9619 10534 W Notification4Heart_NB: NotificationBridgeCallback.onNotificationPosted-never connected before
04-09 23:02:13.959  7623 24710 I SemanticLocation: [Inferrer] IncrementalTimelineInferrer.predict() logs:
04-09 23:02:13.959  7623 24710 I SemanticLocation: Timeline Paths Enabled! Start Computing the timeline paths.
04-09 23:02:13.959  7623 24710 I SemanticLocation:
04-09 23:02:13.959  7623 24710 I SemanticLocation: [CONTEXT service_id=173 ]
04-09 23:02:14.132  6284  6284 D BubblesManager: onEntryUpdated : shouldBubbleUp=false ,key=-1|com.android.systemui|2131428959|charging_state|10054
04-09 23:02:14.168  6284  6284 I FaceWidgetPositionAlgorithm: getMediaContainerHeight() height = 0 container Visibility = 8, isValid = false, mIsDozing = false, fraction = 1.0, source = 0, target = 0
04-09 23:02:14.168  6284  6284 I FaceWidgetPositionAlgorithm: getMediaContainerHeight() supplier = 0
04-09 23:02:14.235  6284  6284 I FaceWidgetPositionAlgorithm: getMediaContainerHeight() height = 0 container Visibility = 8, isValid = false, mIsDozing = false, fraction = 1.0, source = 0, target = 0
04-09 23:02:14.235  6284  6284 I FaceWidgetPositionAlgorithm: getMediaContainerHeight() supplier = 0
04-09 23:02:14.296  6284  6284 I FaceWidgetPositionAlgorithm: getMediaContainerHeight() height = 0 container Visibility = 8, isValid = false, mIsDozing = false, fraction = 1.0, source = 0, target = 0
04-09 23:02:14.296  6284  6284 I FaceWidgetPositionAlgorithm: getMediaContainerHeight() supplier = 0
04-09 23:02:18.727  6284  6284 D SecPowerUI.Notification: showChargingNotice oldChargingType : 11 currentChargingType : 11 oldChargingTime : 3366000 mChargingTime : 3366000
04-09 23:02:18.727  6284  6284 D SecPowerUI.Notification: There is no change about charging status, so return!
04-09 23:02:23.712  5665  5861 D MotionRecognitionService: [SAR]  onReceive : ACTION_BATTERY_CHANGED, Plugged: 2
04-09 23:02:23.713  5665  5665 D PhoneWindowManagerExt: ACTION_BATTERY_CHANGED - Level=60, status=2
04-09 23:02:23.716  5665  5665 D SemWifiApBroadcastReceiver: Received : android.intent.action.BATTERY_CHANGED
04-09 23:02:23.718  6213  6213 D SemBigDataInfoController: Intent: android.intent.action.BATTERY_CHANGED
04-09 23:02:23.720  6213  6213 D SemBigDataInfoController: Intent: android.intent.action.BATTERY_CHANGED
04-09 23:02:23.723  6284  6284 I PowerUI : mBootCompleted = true |  mFullyConnected = true
04-09 23:02:23.724  6284  6284 W PowerUI : Plug reason
04-09 23:02:23.724  6284  6284 W PowerUI : Skip charging animation - by plug status
04-09 23:02:23.724  6284  6284 D PowerUI : priorPlugType = 2 mPlugType = 2 priorBatteryStatus = 2 mBatteryStatus = 2
04-09 23:02:23.724  6284  6284 W PowerUI : Plug reason
04-09 23:02:23.724  6284  6284 W PowerUI : Skip charging sound - by plug status
04-09 23:02:23.724  5312  5312 E sehhealth-service: Could not open /sys/class/power_supply/battery/lrp
04-09 23:02:23.724  6284 10889 D SecPowerUI.Notification: dismissing low battery warning: level=60
04-09 23:02:23.725  6284 10889 D SecPowerUI.Notification: updateNotification mWarning=false mPlaySound=false
04-09 23:02:23.725  6284  6284 I PowerUI : oldMisalign : false, curMisalign : false
04-09 23:02:23.725  6284 10889 D SecPowerUI.Notification: SecBatteryStatsSnapshot{batteryLevel=60, currentBatteryMode=0, chargingTime=3366000, chargingType=11, batteryHealth=2, automaticTestMode=false, isHiccupState=false}
04-09 23:02:23.731  6284  6284 D SecPowerUI.Notification: showChargingNotice oldChargingType : 11 currentChargingType : 11 oldChargingTime : 3366000 mChargingTime : 3359000
04-09 23:02:23.731  6284  6284 D SecPowerUI.Notification: showChargingNotification()
04-09 23:02:23.731  6284  6284 D SecPowerUI.Notification: SecBatteryStatsSnapshot{batteryLevel=60, currentBatteryMode=0, chargingTime=3359000, chargingType=11, batteryHealth=2, automaticTestMode=false, isHiccupState=false}
04-09 23:02:23.732  6284  6284 D PowerUi.ChargingNotification: showChargingNotification()
04-09 23:02:23.734  6284 10889 D SecPowerUI.Notification: 1. restoreScreenTimeOut - saved_value : :
04-09 23:02:23.735  6284 10889 E SecPowerUI.Notification: no saved value, so we do nothing !!
04-09 23:02:23.736  6284  6284 D PowerUi.ChargingNotification: showChargingNotification()
04-09 23:02:23.740  5665  8054 D ApplicationPolicy: isStatusBarNotificationAllowedAsUser: packageName = com.android.systemui,userId = 0
04-09 23:02:23.740  5665  8054 D ApplicationPolicy: isStatusBarNotificationAllowedAsUser: packageName = com.android.systemui,userId = -1
04-09 23:02:23.740  5665  8054 D ApplicationPolicy: isStatusBarNotificationAllowedAsUser: converting userId from USER_ALLto 0
04-09 23:02:23.745  6284  6284 D PowerUI : Battery swelling mode - priorBatterySwellingMode = 0 mBatterySwellingMode = 0 mBatteryStatus = 2
04-09 23:02:23.745  6284  6284 I PowerUI : mBatteryMiscEvent = 65536
04-09 23:02:23.747  6284  6284 D SamsungBatteryMeterDrawable: onBatteryLevelChanged isSomethingChanged: false
04-09 23:02:23.748  6284  6284 D SamsungBatteryMeterDrawable: onBatteryLevelChanged isSomethingChanged: false
04-09 23:02:23.748  6284  6284 D SamsungBatteryMeterDrawable: onBatteryLevelChanged isSomethingChanged: false
04-09 23:02:23.749  6284  6284 D SamsungBatteryMeterDrawable: onBatteryLevelChanged isSomethingChanged: false
04-09 23:02:23.750  6284  6284 D KeyguardUpdateMonitor: received broadcast android.intent.action.BATTERY_CHANGED
04-09 23:02:23.751  6284  6284 I AODBatteryManager: updateBatteryData: ACTION_BATTERY_CHANGED
04-09 23:02:23.752  6284  6284 I AODBatteryManager: saveBatteryData : AOD BatteryData [mBatteryLevel=60, mBatteryStatus=CHARGING, mBatteryPlugType=USB, mBatteryPlugged=true, mRemainingChargeTime=3359000, mBatteryChargingType=2, mBatteryChargerType=FAST, mBatteryOnline=NOT_DEFINED, mBatterySwellingMode=NONE, mBatteryProtectMode=false]
04-09 23:02:23.752  6284  6284 I ChargingInfoManager: updateChargingInfo: newState = AOD ChargingInfo [mState=BATTERY_AND_REMAIN_TIME, mIsCharging=true, mIsFullyCharged=false, mIsBatteryProtectMode=false], oldState = AOD ChargingInfo [mState=BATTERY_AND_REMAIN_TIME, mIsCharging=true, mIsFullyCharged=false, mIsBatteryProtectMode=false]
04-09 23:02:23.753  6284  6284 D KeyguardUpdateMonitor: handleBatteryUpdate
04-09 23:02:23.765  6284  6284 D KeyguardSecIndicationController: addIndicationTimeout() returned - unlocking
04-09 23:02:23.765  6284  6284 D KeyguardSecIndicationController: addIndication() returned - unlocking
04-09 23:02:23.765  6284  6284 D KeyguardSecIndicationController: addBatteryAndOwnerInfoIndication() battery status = BatteryStatus{status=2,level=60,plugged=2,health=2,maxChargingWattage=-1,remaining=3359000ultraFastCharger=1}
04-09 23:02:23.973  6210  6210 I FreeformContainer: [SmartPopupViewService] onNotificationPosted: StatusBarNotification(pkg=com.android.systemui user=UserHandle{-1} id=2131428959 tag=charging_state key=-1|com.android.systemui|2131428959|charging_state|10054: Notification(channel=CHR shortcut=null contentView=null vibrate=null sound=null defaults=0x0 flags=0xa color=0xff8b94ab category=sys groupKey=CHARGING vis=PUBLIC semFlags=0x0 semPriority=0 semMissedCount=0))
04-09 23:02:23.974  6210  6210 V FreeformContainer: [SmartPopupViewService] isSmartPopupViewTarget: com.android.systemui is not enabled
04-09 23:02:23.975  6284  6284 D BubblesManager: onRankingUpdate : shouldBubbleUp=false ,pkg=android ,key=-1|android|34|NetworkPolicy:945656281:34|1000
04-09 23:02:23.976  6284  6284 D BubblesManager: onRankingUpdate : shouldBubbleUp=false ,pkg=com.kms.free ,key=0|com.kms.free|42|null|10299
04-09 23:02:23.976  6284  6284 D BubblesManager: onRankingUpdate : shouldBubbleUp=false ,pkg=com.sec.android.app.shealth ,key=0|com.sec.android.app.shealth|105|null|10256
