04-09 23:05:42.216  5491 26418 I GenericSource: kWhatPause
04-09 23:05:42.217  5491 26420 I NuPlayerRenderer: onPause
04-09 23:05:42.217  5491 26420 I MediaClock: setPlaybackRate rate : 0.000000
04-09 23:05:42.217  6284 10101 V MediaPlayerNative: message received msg=2, ext1=0, ext2=0
04-09 23:05:42.217  5491 26420 V AudioSink: stop
04-09 23:05:42.217  6284 10101 V MediaPlayerNative: playback complete
04-09 23:05:42.217  5491 26417 V MediaPlayerService: [15] notify (211, 0, 0)
04-09 23:05:42.218  6284 10101 V MediaPlayerNative: message received msg=211, ext1=0, ext2=0
04-09 23:05:42.218  5491  7423 V MediaPlayerService: [15] enableAudioDeviceCallback, 0
04-09 23:05:42.218  5491  7423 V AudioSink: enableAudioDeviceCallback, 0
04-09 23:05:42.221  5665  8502 I MediaFocusControl: abandonAudioFocus() from uid/pid 10054/6284 clientId=android.media.AudioManager@585fa9b
04-09 23:05:42.223  5665  8502 D MediaFocusControl: abandonAudioFocus, clientId = android.media.AudioManager@585fa9b
04-09 23:05:42.223  5665  8502 D MediaFocusControl: selectFocusStack, uid = 10054, appDevice = 0, device = 2
04-09 23:05:42.225  6284 26415 V MediaPlayer: resetDrmState:  mDrmInfo=null mDrmProvisioningThread=null mPrepareDrmInProgress=false mActiveDrmScheme=false
04-09 23:05:42.225  6284 26415 V MediaPlayer: cleanDrmObj: mDrmObj=null mDrmSessionId=null
04-09 23:05:42.225  6284 26415 V MediaPlayer-JNI: release
04-09 23:05:42.225  6284 26415 V MediaPlayerNative: setListener
04-09 23:05:42.225  6284 26415 V MediaPlayerNative: disconnect
04-09 23:05:42.225  5491  7423 V MediaPlayerService: disconnect(15) from AttributionSource AttributionSourceState{pid: 6284, uid: 10054, packageName: com.android.systemui, attributionTag: (null), token: {no toString() implemented}, renouncedPermissions: [], next: []}
04-09 23:05:42.225  5491  7423 D NuPlayerDriver: reset(0xec690d40) at state 6
04-09 23:05:42.225  5491  7423 V NuPlayerDriver: updateMetrics(0xec690d40) from reset at state 6
04-09 23:05:42.226  5491  7423 V NuPlayer: updateInternalTimers()
04-09 23:05:42.226  5491  7423 V NuPlayer: updatePlaybackTimer(snap)  time                    0 (updateInternalTimers)
04-09 23:05:42.226  5491  7423 V NuPlayer: updateRebufferingTimer(snap)  time                    0 (exiting 0)
04-09 23:05:42.226  5491  7423 V NuPlayerDriver: logMetrics(0xec690d40) from reset at state 6
04-09 23:05:42.227  5491 26417 V NuPlayer: kWhatReset
04-09 23:05:42.227  5491 26417 V NuPlayer: setDecoderBooster enable = No
04-09 23:05:42.227  5491 26417 V NuPlayer: updatePlaybackTimer(stop)  time                    0 (kWhatReset)
04-09 23:05:42.227  5491 26417 V NuPlayer: updateRebufferingTimer(stop)  time                    0 (exiting 1)
04-09 23:05:42.227  5491 26417 V NuPlayer: performDecoderFlush audio=2, video=2
04-09 23:05:42.227  5491 26417 V NuPlayer: [audio] flushDecoder needShutdown=1
04-09 23:05:42.227  5491 26417 V NuPlayer: postponing action mFlushingAudio=2, mFlushingVideo=0
04-09 23:05:42.228  5491 26421 I NuPlayerRenderer: flush audio, notifyComplete 1, shutdown Yes
04-09 23:05:42.228  5491 26420 I NuPlayerRenderer: flushing audio
04-09 23:05:42.228  5491 26420 I NuPlayerRenderer: onFlush mAudioDrainGeneration : 2
04-09 23:05:42.228  5491 26420 V AudioSink: flush
04-09 23:05:42.229  5491 26420 V AudioSink: stop
04-09 23:05:42.229  5491 26421 D NuPlayerRenderer: signalTimeDiscontinuity() mHasAudio = 0 , mHasVideo = 0
04-09 23:05:42.229  5491 26422 I CCodec  : state->set(FLUSHING)
04-09 23:05:42.229  5491 26417 V NuPlayer: renderer audio flush completed.
04-09 23:05:42.230  5491 26422 I CCodec  : state->set(FLUSHED)
04-09 23:05:42.231  5491 26417 V NuPlayer: decoder audio flush completed
04-09 23:05:42.231  5491 26417 V NuPlayer: initiating audio decoder shutdown
04-09 23:05:42.231  5491 26422 I CCodec  : state->set(RELEASING)
04-09 23:05:42.233  5491 26448 I CCodec  : [c2.android.vorbis.decoder] release(1)
04-09 23:05:42.235  5491 26448 I CCodec  : state->set(RELEASED)
04-09 23:05:42.236  5491 26422 I hw-BpHwBinder: onLastStrongRef automatically unlinking death recipients
04-09 23:05:42.236  5525  5580 I hw-BpHwBinder: onLastStrongRef automatically unlinking death recipients
04-09 23:05:42.237  5525  5580 I hw-BpHwBinder: onLastStrongRef automatically unlinking death recipients
04-09 23:05:42.238  5491 26422 I MediaCodec: Codec shutdown complete
04-09 23:05:42.238  5525  5580 V C2Store : in ~ComponentModule
04-09 23:05:42.238  5525  5580 V C2Store : unloading dll
04-09 23:05:42.239  5491 26421 I NuPlayerDecoder: onShutdown notifyComplete : Yes
04-09 23:05:42.239  5491 26417 V NuPlayer: audio shutdown completed
04-09 23:05:42.242  5491 26417 V NuPlayer: both audio and video are flushed now.
04-09 23:05:42.242  5491 26417 V NuPlayer: performReset
04-09 23:05:42.242  5491 26417 V NuPlayer: updatePlaybackTimer(stop)  time                    0 (performReset)
04-09 23:05:42.242  5325  5643 I SoundBoosterEffectPlus: SB_setVolume(0x7c58e3a900)
04-09 23:05:42.242  5491 26417 V NuPlayer: updateRebufferingTimer(stop)  time                    0 (exiting 1)
04-09 23:05:42.242  5325  5643 I SoundBoosterEffectPlus: command EFFECT_CMD_SET_VOLUME left = 0.000000, right =0.000000
04-09 23:05:42.244  5491 26417 D NuPlayerDriver: notifyResetComplete(0xec690d40)
04-09 23:05:42.245  5491  7423 V NuPlayerDriver: ~NuPlayerDriver(0xec690d40)
04-09 23:05:42.245  5491  7423 V NuPlayerDriver: updateMetrics(0xec690d40) from destructor at state 0
04-09 23:05:42.245  5491  7423 V NuPlayer: updateInternalTimers()
04-09 23:05:42.245  5491  7423 V NuPlayer: updatePlaybackTimer(snap)  time                    0 (updateInternalTimers)
04-09 23:05:42.245  5491  7423 V NuPlayer: updateRebufferingTimer(snap)  time                    0 (exiting 0)
04-09 23:05:42.245  5491  7423 V NuPlayerDriver: logMetrics(0xec690d40) from destructor at state 0
04-09 23:05:42.245  5491  7423 V NuPlayerDriver: nothing to record (only 3 fields)
04-09 23:05:42.245  5491  7423 W AMessage: failed to post message as target looper for handler 0 is gone.
04-09 23:05:42.246  6284 26415 V MediaPlayerNative: destructor
04-09 23:05:42.247  6284 26415 V MediaPlayerNative: disconnect
04-09 23:05:42.248  5325  5516 V APM_AudioPolicyManager: stopOutput portId 26
04-09 23:05:42.249  5325  5516 V APM_AudioPolicyManager: stopOutput() output 13, stream 5, session 865
04-09 23:05:42.249  5325  5516 V APM_AudioPolicyManager: setBeaconMute(1) mBeaconMuteRefCount=0 mBeaconPlayingRefCount=0
04-09 23:05:42.249  5325  5516 V APM_AudioPolicyManager: getNewOutputDevices selected devices AUDIO_DEVICE_NONE
04-09 23:05:42.249  5325  5516 V APM_AudioPolicyManager: setOutputDevices device AUDIO_DEVICE_NONE delayMs 160
04-09 23:05:42.249  5325  5516 V APM_AudioPolicyManager: setOutputDevices() prevDevice {AUDIO_DEVICE_OUT_SPEAKER, @:}
04-09 23:05:42.251  5325  5516 V APM_AudioPolicyManager: setOutputDevices setting same device AUDIO_DEVICE_NONE or null device, force=0, patch handle=4
04-09 23:05:42.251  5281  5281 D audio_hw_primary: primary_out-out_update_source_metadata: called, but not implemented yet
04-09 23:05:42.254  5491  7423 V MediaPlayerService: Client(15) destructor AttributionSource = AttributionSourceState{pid: 6284, uid: 10054, packageName: com.android.systemui, attributionTag: (null), token: {no toString() implemented}, renouncedPermissions: [], next: []}
04-09 23:05:42.254  5491  7423 V AudioSink: +++ close
04-09 23:05:42.254  5491  7423 V AudioSink: --- close
04-09 23:05:42.257  5325  5516 V APM_AudioPolicyManager: releaseOutput portId 26
04-09 23:05:42.257  5325  5516 V APM_AudioPolicyManager: releaseOutput() 13
04-09 23:05:42.257  5491  7423 V MediaPlayerService: disconnect(15) from AttributionSource AttributionSourceState{pid: 6284, uid: 10054, packageName: com.android.systemui, attributionTag: (null), token: {no toString() implemented}, renouncedPermissions: [], next: []}
04-09 23:05:42.271  5325  5643 I SoundAlive_SRC384 arch64: ~SoundAlive_SRC384(): instance 16
04-09 23:05:42.605  6284  6373 D MobileStatusTracker(1/2): onDataActivity: direction=0
04-09 23:05:42.609  6284  6373 D MobileSignalController(1/2): notifyListener: enabled=true, connected=true, dataConnected=true, networkType=LTE/LTE_CA (4G+), emergencyOnly=false, roaming=false, isDefault=true, dataActivity=, level=2, ca=true, mmWave=false, disabledDataIcon=false, simCard=ETC
04-09 23:05:44.596  5312  5312 E sehhealth-service: Could not open /sys/class/power_supply/battery/lrp
04-09 23:05:44.598  5665  5861 D MotionRecognitionService: [SAR]  onReceive : ACTION_BATTERY_CHANGED, Plugged: 2
04-09 23:05:44.601  5665  5665 D PhoneWindowManagerExt: ACTION_BATTERY_CHANGED - Level=62, status=2
04-09 23:05:44.605  5665  5665 D SemWifiApBroadcastReceiver: Received : android.intent.action.BATTERY_CHANGED
04-09 23:05:44.605  6213  6213 D SemBigDataInfoController: Intent: android.intent.action.BATTERY_CHANGED
04-09 23:05:44.608  6284  6284 I PowerUI : mBootCompleted = true |  mFullyConnected = true
04-09 23:05:44.608  6284  6284 W PowerUI : Plug reason
04-09 23:05:44.608  6284  6284 W PowerUI : Skip charging animation - by plug status
04-09 23:05:44.609  6284  6284 D PowerUI : priorPlugType = 2 mPlugType = 2 priorBatteryStatus = 2 mBatteryStatus = 2
04-09 23:05:44.609  6284  6284 W PowerUI : Plug reason
04-09 23:05:44.609  6284  6284 W PowerUI : Skip charging sound - by plug status
04-09 23:05:44.609  6284  6284 I PowerUI : oldMisalign : false, curMisalign : false
04-09 23:05:44.610  6284 13026 D SecPowerUI.Notification: dismissing low battery warning: level=62
04-09 23:05:44.610  6284 13026 D SecPowerUI.Notification: updateNotification mWarning=false mPlaySound=false
04-09 23:05:44.610  6284 13026 D SecPowerUI.Notification: SecBatteryStatsSnapshot{batteryLevel=62, currentBatteryMode=0, chargingTime=3262000, chargingType=11, batteryHealth=2, automaticTestMode=false, isHiccupState=false}
04-09 23:05:44.612  6284 13026 D SecPowerUI.Notification: 1. restoreScreenTimeOut - saved_value : :
04-09 23:05:44.612  6284 13026 E SecPowerUI.Notification: no saved value, so we do nothing !!
04-09 23:05:44.615  6213  6213 D SemBigDataInfoController: Intent: android.intent.action.BATTERY_CHANGED
04-09 23:05:44.617  6284  6284 D SecPowerUI.Notification: showChargingNotice oldChargingType : 11 currentChargingType : 11 oldChargingTime : 3262000 mChargingTime : 3254000
04-09 23:05:44.617  6284  6284 D SecPowerUI.Notification: showChargingNotification()
04-09 23:05:44.617  6284  6284 D SecPowerUI.Notification: SecBatteryStatsSnapshot{batteryLevel=62, currentBatteryMode=0, chargingTime=3254000, chargingType=11, batteryHealth=2, automaticTestMode=false, isHiccupState=false}
04-09 23:05:44.617  6284  6284 D PowerUi.ChargingNotification: showChargingNotification()
04-09 23:05:44.622  6284  6284 D PowerUi.ChargingNotification: showChargingNotification()
04-09 23:05:44.625  5665  8054 D ApplicationPolicy: isStatusBarNotificationAllowedAsUser: packageName = com.android.systemui,userId = 0
04-09 23:05:44.625  5665  8054 D ApplicationPolicy: isStatusBarNotificationAllowedAsUser: packageName = com.android.systemui,userId = -1
04-09 23:05:44.626  5665  8054 D ApplicationPolicy: isStatusBarNotificationAllowedAsUser: converting userId from USER_ALLto 0
04-09 23:05:44.627  5525  5659 D BufferPoolAccessor2.0: evictor expired: 1, evicted: 0
04-09 23:05:44.628  6284  6284 D PowerUI : Battery swelling mode - priorBatterySwellingMode = 0 mBatterySwellingMode = 0 mBatteryStatus = 2
04-09 23:05:44.628  6284  6284 I PowerUI : mBatteryMiscEvent = 65536
04-09 23:05:44.629  6284  6284 D SamsungBatteryMeterDrawable: onBatteryLevelChanged isSomethingChanged: false
04-09 23:05:44.630  6284  6284 D SamsungBatteryMeterDrawable: onBatteryLevelChanged isSomethingChanged: false
04-09 23:05:44.632  6284  6284 D SamsungBatteryMeterDrawable: onBatteryLevelChanged isSomethingChanged: false
04-09 23:05:44.632  6284  6284 D SamsungBatteryMeterDrawable: onBatteryLevelChanged isSomethingChanged: false
04-09 23:05:44.633  6284  6284 D KeyguardUpdateMonitor: received broadcast android.intent.action.BATTERY_CHANGED
04-09 23:05:44.634  6284  6284 I AODBatteryManager: updateBatteryData: ACTION_BATTERY_CHANGED
04-09 23:05:44.643  6284  6284 I AODBatteryManager: saveBatteryData : AOD BatteryData [mBatteryLevel=62, mBatteryStatus=CHARGING, mBatteryPlugType=USB, mBatteryPlugged=true, mRemainingChargeTime=3254000, mBatteryChargingType=2, mBatteryChargerType=FAST, mBatteryOnline=NOT_DEFINED, mBatterySwellingMode=NONE, mBatteryProtectMode=false]
04-09 23:05:44.654  6284  6284 I ChargingInfoManager: updateChargingInfo: newState = AOD ChargingInfo [mState=BATTERY_AND_REMAIN_TIME, mIsCharging=true, mIsFullyCharged=false, mIsBatteryProtectMode=false], oldState = AOD ChargingInfo [mState=BATTERY_AND_REMAIN_TIME, mIsCharging=true, mIsFullyCharged=false, mIsBatteryProtectMode=false]
04-09 23:05:44.654  6284  6284 D KeyguardUpdateMonitor: handleBatteryUpdate
04-09 23:05:44.659  6284  6284 D KeyguardSecIndicationController: addIndicationTimeout() returned - unlocking
04-09 23:05:44.659  6284  6284 D KeyguardSecIndicationController: addIndication() returned - unlocking
04-09 23:05:44.659  6284  6284 D KeyguardSecIndicationController: addBatteryAndOwnerInfoIndication() battery status = BatteryStatus{status=2,level=62,plugged=2,health=2,maxChargingWattage=-1,remaining=3254000ultraFastCharger=1}
04-09 23:05:44.676  6284  6373 D MobileStatusTracker(1/2): onDataActivity: direction=3
04-09 23:05:44.679  6284  6373 D MobileSignalController(1/2): notifyListener: enabled=true, connected=true, dataConnected=true, networkType=LTE/LTE_CA (4G+), emergencyOnly=false, roaming=false, isDefault=true, dataActivity=inout, level=2, ca=true, mmWave=false, disabledDataIcon=false, simCard=ETC
04-09 23:05:44.842  6210  6210 I FreeformContainer: [SmartPopupViewService] onNotificationPosted: StatusBarNotification(pkg=com.android.systemui user=UserHandle{-1} id=2131428959 tag=charging_state key=-1|com.android.systemui|2131428959|charging_state|10054: Notification(channel=CHR shortcut=null contentView=null vibrate=null sound=null defaults=0x0 flags=0xa color=0xff8b94ab category=sys groupKey=CHARGING vis=PUBLIC semFlags=0x0 semPriority=0 semMissedCount=0))
04-09 23:05:44.843  6210  6210 V FreeformContainer: [SmartPopupViewService] isSmartPopupViewTarget: com.android.systemui is not enabled
04-09 23:05:44.846  6284  6284 D BubblesManager: onRankingUpdate : shouldBubbleUp=false ,pkg=android ,key=-1|android|34|NetworkPolicy:945656281:34|1000
04-09 23:05:44.846  6284  6284 D BubblesManager: onRankingUpdate : shouldBubbleUp=false ,pkg=com.kms.free ,key=0|com.kms.free|42|null|10299
04-09 23:05:44.846  6284  6284 D BubblesManager: onRankingUpdate : shouldBubbleUp=false ,pkg=com.sec.android.app.shealth ,key=0|com.sec.android.app.shealth|105|null|10256
04-09 23:05:44.846  6284  6284 D BubblesManager: onRankingUpdate : shouldBubbleUp=false ,pkg=com.kms.free ,key=0|com.kms.free|1|null|10299
04-09 23:05:44.846  6284  6284 D BubblesManager: onRankingUpdate : shouldBubbleUp=false ,pkg=mrigapps.andriod.breakfree.deux ,key=0|mrigapps.andriod.breakfree.deux|2|null|10506
04-09 23:05:44.846  6284  6284 D BubblesManager: onRankingUpdate : shouldBubbleUp=false ,pkg=com.android.providers.downloads ,key=0|com.android.providers.downloads|0|3:1244|10068
04-09 23:05:44.846  6284  6284 D BubblesManager: onRankingUpdate : shouldBubbleUp=false ,pkg=ru.mail.mailapp ,key=0|ru.mail.mailapp|1073741824|zhelenskiy@mail.ru|10221
04-09 23:05:44.846  6284  6284 D InterruptionStateProvider: Group alert behavior is suppressed but we want to alert bubble
04-09 23:05:44.846  6284  6284 D BubblesManager: onRankingUpdate : shouldBubbleUp=false ,pkg=ru.mail.mailapp ,key=0|ru.mail.mailapp|1291137120|zhelenskiy@mail.ru|10221
04-09 23:05:44.846  6284  6284 D InterruptionStateProvider: Group alert behavior is suppressed but we want to alert bubble
04-09 23:05:44.846  6284  6284 D BubblesManager: onRankingUpdate : shouldBubbleUp=false ,pkg=ru.mail.mailapp ,key=0|ru.mail.mailapp|406243825|zhelenskiy@mail.ru|10221
04-09 23:05:44.847  6284  6284 D BubblesManager: onRankingUpdate : shouldBubbleUp=false ,pkg=android ,key=0|android|38|AccountManagerService:38:-904454848:838749127:10427|1000
04-09 23:05:44.847  6284  6284 D InterruptionStateProvider: Group alert behavior is suppressed but we want to alert bubble
04-09 23:05:44.847  6284  6284 D BubblesManager: onRankingUpdate : shouldBubbleUp=false ,pkg=com.google.android.googlequicksearchbox ,key=0|com.google.android.googlequicksearchbox|0|-1997195081::SUMMARY::wx|10233
04-09 23:05:44.847  6284  6284 D BubblesManager: onRankingUpdate : shouldBubbleUp=false ,pkg=com.google.android.googlequicksearchbox ,key=0|com.google.android.googlequicksearchbox|0|-1997195081::a:snotification:[0x394,wx.f,NOTIFICATION]|10233
04-09 23:05:44.847  6284  6284 D BubblesManager: onRankingUpdate : shouldBubbleUp=false ,pkg=android ,key=-1|android|27|null|1000
04-09 23:05:44.847  6284  6284 D BubblesManager: onRankingUpdate : shouldBubbleUp=false ,pkg=com.android.systemui ,key=-1|com.android.systemui|2131428959|charging_state|10054
04-09 23:05:44.847  6284  6315 D Bubbles : onRankingUpdated : isActiveOrInOverflow= false , mTmpRanking.canBubble()= false ,isActive= false ,shouldBubbleUp= false ,mTmpRanking.isBubble()= false
04-09 23:05:44.847  6284  6315 D Bubbles : onRankingUpdated : isActiveOrInOverflow= false , mTmpRanking.canBubble()= false ,isActive= false ,shouldBubbleUp= false ,mTmpRanking.isBubble()= false
04-09 23:05:44.848  6284  6315 D Bubbles : onRankingUpdated : isActiveOrInOverflow= false , mTmpRanking.canBubble()= false ,isActive= false ,shouldBubbleUp= false ,mTmpRanking.isBubble()= false
04-09 23:05:44.848  6284  6315 D Bubbles : onRankingUpdated : isActiveOrInOverflow= false , mTmpRanking.canBubble()= false ,isActive= false ,shouldBubbleUp= false ,mTmpRanking.isBubble()= false
04-09 23:05:44.848  6284  6315 D Bubbles : onRankingUpdated : isActiveOrInOverflow= false , mTmpRanking.canBubble()= false ,isActive= false ,shouldBubbleUp= false ,mTmpRanking.isBubble()= false
04-09 23:05:44.848  6284  6315 D Bubbles : onRankingUpdated : isActiveOrInOverflow= false , mTmpRanking.canBubble()= false ,isActive= false ,shouldBubbleUp= false ,mTmpRanking.isBubble()= false
04-09 23:05:44.848  6284  6315 D Bubbles : onRankingUpdated : isActiveOrInOverflow= false , mTmpRanking.canBubble()= false ,isActive= false ,shouldBubbleUp= false ,mTmpRanking.isBubble()= false
04-09 23:05:44.848  6284  6315 D Bubbles : onRankingUpdated : isActiveOrInOverflow= false , mTmpRanking.canBubble()= false ,isActive= false ,shouldBubbleUp= false ,mTmpRanking.isBubble()= false
04-09 23:05:44.848  6284  6315 D Bubbles : onRankingUpdated : isActiveOrInOverflow= false , mTmpRanking.canBubble()= false ,isActive= false ,shouldBubbleUp= false ,mTmpRanking.isBubble()= false
04-09 23:05:44.848  6284  6315 D Bubbles : onRankingUpdated : isActiveOrInOverflow= false , mTmpRanking.canBubble()= false ,isActive= false ,shouldBubbleUp= false ,mTmpRanking.isBubble()= false
04-09 23:05:44.849  6284  6315 D Bubbles : onRankingUpdated : isActiveOrInOverflow= false , mTmpRanking.canBubble()= false ,isActive= false ,shouldBubbleUp= false ,mTmpRanking.isBubble()= false
04-09 23:05:44.849  6284  6315 D Bubbles : onRankingUpdated : isActiveOrInOverflow= false , mTmpRanking.canBubble()= false ,isActive= false ,shouldBubbleUp= false ,mTmpRanking.isBubble()= false
04-09 23:05:44.849  6284  6315 D Bubbles : onRankingUpdated : isActiveOrInOverflow= false , mTmpRanking.canBubble()= false ,isActive= false ,shouldBubbleUp= false ,mTmpRanking.isBubble()= false
04-09 23:05:44.849  6284  6315 D Bubbles : onRankingUpdated : isActiveOrInOverflow= false , mTmpRanking.canBubble()= false ,isActive= false ,shouldBubbleUp= false ,mTmpRanking.isBubble()= false
04-09 23:05:44.860  9619 10534 I NotificationPipeline: Processing new notification: -1|com.android.systemui|2131428959|charging_state|10054
04-09 23:05:44.861  9619 10534 E Notification4Heart_NB: WatchFactory.getWatch-lastConnectedNodeId is null
04-09 23:05:44.867  6837  6837 I Launcher.NotificationListener: onNotificationPosted : com.android.systemui number : 0
04-09 23:05:44.868  9619 10534 W Notification4Heart_NB: NotificationBridgeCallback.onNotificationPosted-never connected before
04-09 23:05:45.047  6284  6284 D BubblesManager: onEntryUpdated : shouldBubbleUp=false ,key=-1|com.android.systemui|2131428959|charging_state|10054
04-09 23:05:45.064  5281  5281 I audio_hw_primary: primary_out-out_standby: transited to Idle
04-09 23:05:45.070  5281  5281 I audio_hw_proxy_9610: primary_out-proxy_close_playback_stream: closed PCM Device
04-09 23:05:45.070  5281  5281 I audio_hw_primary: primary_out-out_standby: transited to Standby
04-09 23:05:45.070  5281  5281 I audio_hw_primary: primary_out-out_standby: try to unroute for standby
04-09 23:05:45.075  5281  5281 I audio_hw_proxy_9610: proxy-disable_erap_in: ERAP In PCM Device(/dev/snd/pcmC0D11c) is stopped & closed!
04-09 23:05:45.087  5281  5281 I audio_hw_proxy_9610: proxy-disable_spkamp_reference: SPKAMP Reference PCM Device(/dev/snd/pcmC0D12c) is stopped & closed!
04-09 23:05:45.093  5281  5281 I audio_hw_proxy_9610: proxy-disable_spkamp_playback: SPKAMP Playback PCM Device(/dev/snd/pcmC0D7p) is stopped & closed!
04-09 23:05:45.093  5281  5281 V audio_route: Reset path: media-speaker
04-09 23:05:45.093  5281  5281 I audio_route: > audio_route_update_path + : "media-speaker" reverse(1)
04-09 23:05:45.093  5281  5281 I audio_route: > audio_route_update_path + : path length = 9
04-09 23:05:45.094  5281  5281 V audio_route: ctl(0)   : "ABOX UAIF2 SPK" value "RESERVED"
04-09 23:05:45.095  5281  5281 V audio_route: ctl(1)   : "ABOX SIFS1" value "SPUS OUT0"
04-09 23:05:45.095  5281  5281 V audio_route: ctl(2)   : "ABOX SPUS OUT7" value "SIFS1"
04-09 23:05:45.095  5281  5281 V audio_route: ctl(3)   : "ABOX SIFM3" value "WDMA"
04-09 23:05:45.096  5281  5281 V audio_route: ctl(4)   : "ABOX NSRC3" value "RESERVED"
04-09 23:05:45.096  5281  5281 V audio_route: ctl(5)   : "ABOX SIFM2" value "WDMA"
04-09 23:05:45.097  5281  5281 V audio_route: ctl(6)   : "ABOX NSRC2" value "RESERVED"
04-09 23:05:45.098  5281  5281 V audio_route: ctl(7)   : "ABOX UAIF0 SPK" value "RESERVED"
04-09 23:05:45.098  5281  5281 V audio_route: ctl(8)   : "ABOX ERAP info DSM On" value 0
04-09 23:05:45.098  5281  5281 I audio_hw_proxy_9610: proxy-reset_route: unrouted media-speaker
04-09 23:05:45.098  5281  5281 V audio_route: Reset path: gain-media-speaker
04-09 23:05:45.098  5281  5281 I audio_route: > audio_route_update_path + : "gain-media-speaker" reverse(1)
04-09 23:05:45.098  5281  5281 I audio_route: > audio_route_update_path + : path length = 0
04-09 23:05:45.098  5281  5281 I audio_hw_proxy_9610: proxy-reset_route: reset gain gain-media-speaker
04-09 23:05:45.098  5281  5281 I audio_hw_primary: primary_out-adev_set_route-1: unroutes to device(speaker) for usage(media)
04-09 23:05:45.118  6284  6284 I FaceWidgetPositionAlgorithm: getMediaContainerHeight() height = 0 container Visibility = 8, isValid = false, mIsDozing = false, fraction = 1.0, source = 0, target = 0
04-09 23:05:45.119  6284  6284 I FaceWidgetPositionAlgorithm: getMediaContainerHeight() supplier = 0
04-09 23:05:45.163  6284  6284 I FaceWidgetPositionAlgorithm: getMediaContainerHeight() height = 0 container Visibility = 8, isValid = false, mIsDozing = false, fraction = 1.0, source = 0, target = 0
04-09 23:05:45.163  6284  6284 I FaceWidgetPositionAlgorithm: getMediaContainerHeight() supplier = 0
04-09 23:05:45.195  6284  6284 I FaceWidgetPositionAlgorithm: getMediaContainerHeight() height = 0 container Visibility = 8, isValid = false, mIsDozing = false, fraction = 1.0, source = 0, target = 0
04-09 23:05:45.196  6284  6284 I FaceWidgetPositionAlgorithm: getMediaContainerHeight() supplier = 0
04-09 23:05:45.626  5491  8191 D BufferPoolAccessor2.0: evictor expired: 1, evicted: 0
04-09 23:05:45.722  6284  6373 D MobileStatusTracker(1/2): onDataActivity: direction=0
04-09 23:05:45.727  6284  6373 D MobileSignalController(1/2): notifyListener: enabled=true, connected=true, dataConnected=true, networkType=LTE/LTE_CA (4G+), emergencyOnly=false, roaming=false, isDefault=true, dataActivity=, level=2, ca=true, mmWave=false, disabledDataIcon=false, simCard=ETC
04-09 23:05:45.809  7790  9193 I ContactsProvider_EventLog: cp_s: [CONTACT con(158) dat(1089) acc({sim(3)=15, sec(6)=1, org.telegram.messenger(228)=102, sim2(4)=1, google(2)=81, com.whatsapp(14)=39}) calls([logtype:100 cnt:866, logtype:200 cnt:5, logtype:300 cnt:495, logtype:1000 cnt:600, logtype:1150 cnt:161]) Iso(RS) uId(0) ]
04-09 23:05:45.809  7790  9193 I ContactsProvider_EventLog: cp_s: [ agr({[3]=15, [14]=1, [4]=1, [2 ,14]=4, [2 ,2]=2, [2]=32, [6 ,14]=1, [2 ,14 ,228]=32, [2 ,228]=7, [228]=62, [2 ,2 ,14 ,228]=1}) ]
04-09 23:05:45.809  7790  9193 I ContactsProvider_EventLog: cp_s: [ cnt({acore(7790)=1}) ]
04-09 23:05:45.809  7790  9193 I ContactsProvider_EventLog: cp_s: [PROFILE con(1) dat(1) acc({vnd.sec.contact.phone=1}) ] [SAPROFILE ]
04-09 23:05:45.809  7790  9193 I ContactsProvider_EventLog: cp_s: [STATE R(T) ]
04-09 23:05:46.773  6284  6373 D MobileStatusTracker(1/2): onDataActivity: direction=3
04-09 23:05:46.779  6284  6373 D MobileSignalController(1/2): notifyListener: enabled=true, connected=true, dataConnected=true, networkType=LTE/LTE_CA (4G+), emergencyOnly=false, roaming=false, isDefault=true, dataActivity=inout, level=2, ca=true, mmWave=false, disabledDataIcon=false, simCard=ETC
04-09 23:05:47.627  5491  8191 D BufferPoolAccessor2.0: bufferpool2 0xeca8bf98 : 0(0 size) total buffers - 0(0 size) used buffers - 104/112 (recycle/alloc) - 8/216 (fetch/transfer)
04-09 23:05:47.628  5491  8191 D BufferPoolAccessor2.0: evictor expired: 1, evicted: 1
04-09 23:05:47.629  5525  5659 D BufferPoolAccessor2.0: bufferpool2 0x7c6a860428 : 0(0 size) total buffers - 0(0 size) used buffers - 102/106 (recycle/alloc) - 4/105 (fetch/transfer)
04-09 23:05:47.630  5525  5659 D BufferPoolAccessor2.0: evictor expired: 1, evicted: 1
04-09 23:05:48.867  6284  6373 D MobileStatusTracker(1/2): onDataActivity: direction=0
04-09 23:05:48.872  6284  6373 D MobileSignalController(1/2): notifyListener: enabled=true, connected=true, dataConnected=true, networkType=LTE/LTE_CA (4G+), emergencyOnly=false, roaming=false, isDefault=true, dataActivity=, level=2, ca=true, mmWave=false, disabledDataIcon=false, simCard=ETC
04-09 23:05:49.631  6284  6284 D SecPowerUI.Notification: showChargingNotice oldChargingType : 11 currentChargingType : 11 oldChargingTime : 3254000 mChargingTime : 3254000
04-09 23:05:49.631  6284  6284 D SecPowerUI.Notification: There is no change about charging status, so return!
04-09 23:05:51.970  6284  6373 D MobileStatusTracker(1/2): onDataActivity: direction=3
04-09 23:05:51.994  6284  6373 D MobileSignalController(1/2): notifyListener: enabled=true, connected=true, dataConnected=true, networkType=LTE/LTE_CA (4G+), emergencyOnly=false, roaming=false, isDefault=true, dataActivity=inout, level=2, ca=true, mmWave=false, disabledDataIcon=false, simCard=ETC
04-09 23:05:53.022  6284  6373 D MobileStatusTracker(1/2): onDataActivity: direction=0
04-09 23:05:53.025  6284  6373 D MobileSignalController(1/2): notifyListener: enabled=true, connected=true, dataConnected=true, networkType=LTE/LTE_CA (4G+), emergencyOnly=false, roaming=false, isDefault=true, dataActivity=, level=2, ca=true, mmWave=false, disabledDataIcon=false, simCard=ETC
04-09 23:05:54.617  5312  5312 E sehhealth-service: Could not open /sys/class/power_supply/battery/lrp
04-09 23:05:54.621  5665  5665 D PhoneWindowManagerExt: ACTION_BATTERY_CHANGED - Level=62, status=2
04-09 23:05:54.622  6213  6213 D SemBigDataInfoController: Intent: android.intent.action.BATTERY_CHANGED
04-09 23:05:54.623  6213  6213 D SemBigDataInfoController: Intent: android.intent.action.BATTERY_CHANGED
04-09 23:05:54.623  5665  5665 D SemWifiApBroadcastReceiver: Received : android.intent.action.BATTERY_CHANGED
04-09 23:05:54.624  5665  5861 D MotionRecognitionService: [SAR]  onReceive : ACTION_BATTERY_CHANGED, Plugged: 2
04-09 23:05:54.634  6284  6284 I AODBatteryManager: updateBatteryData: ACTION_BATTERY_CHANGED
04-09 23:05:54.636  6284  6284 I AODBatteryManager: saveBatteryData : AOD BatteryData [mBatteryLevel=62, mBatteryStatus=CHARGING, mBatteryPlugType=USB, mBatteryPlugged=true, mRemainingChargeTime=3251000, mBatteryChargingType=2, mBatteryChargerType=FAST, mBatteryOnline=NOT_DEFINED, mBatterySwellingMode=NONE, mBatteryProtectMode=false]
04-09 23:05:54.637  6284  6284 I ChargingInfoManager: updateChargingInfo: newState = AOD ChargingInfo [mState=BATTERY_AND_REMAIN_TIME, mIsCharging=true, mIsFullyCharged=false, mIsBatteryProtectMode=false], oldState = AOD ChargingInfo [mState=BATTERY_AND_REMAIN_TIME, mIsCharging=true, mIsFullyCharged=false, mIsBatteryProtectMode=false]
04-09 23:05:54.637  6284  6284 I PowerUI : mBootCompleted = true |  mFullyConnected = true
04-09 23:05:54.637  6284  6284 W PowerUI : Plug reason
04-09 23:05:54.638  6284  6284 W PowerUI : Skip charging animation - by plug status
04-09 23:05:54.638  6284  6284 D PowerUI : priorPlugType = 2 mPlugType = 2 priorBatteryStatus = 2 mBatteryStatus = 2
04-09 23:05:54.638  6284  6284 W PowerUI : Plug reason
04-09 23:05:54.638  6284  6284 W PowerUI : Skip charging sound - by plug status
04-09 23:05:54.638  6284  6284 I PowerUI : oldMisalign : false, curMisalign : false
04-09 23:05:54.638  6284  7556 D SecPowerUI.Notification: dismissing low battery warning: level=62
04-09 23:05:54.639  6284  7556 D SecPowerUI.Notification: updateNotification mWarning=false mPlaySound=false
04-09 23:05:54.639  6284  7556 D SecPowerUI.Notification: SecBatteryStatsSnapshot{batteryLevel=62, currentBatteryMode=0, chargingTime=3254000, chargingType=11, batteryHealth=2, automaticTestMode=false, isHiccupState=false}
04-09 23:05:54.639  6284  6284 D SecPowerUI.Notification: showChargingNotice oldChargingType : 11 currentChargingType : 11 oldChargingTime : 3254000 mChargingTime : 3251000
04-09 23:05:54.639  6284  6284 D SecPowerUI.Notification: showChargingNotification()
04-09 23:05:54.640  6284  6284 D SecPowerUI.Notification: SecBatteryStatsSnapshot{batteryLevel=62, currentBatteryMode=0, chargingTime=3251000, chargingType=11, batteryHealth=2, automaticTestMode=false, isHiccupState=false}
04-09 23:05:54.640  6284  6284 D PowerUi.ChargingNotification: showChargingNotification()
04-09 23:05:54.640  6284  7556 D SecPowerUI.Notification: 1. restoreScreenTimeOut - saved_value : :
04-09 23:05:54.640  6284  7556 E SecPowerUI.Notification: no saved value, so we do nothing !!
04-09 23:05:54.654  6284  6284 D PowerUi.ChargingNotification: showChargingNotification()
04-09 23:05:54.656  5665  5814 D ApplicationPolicy: isStatusBarNotificationAllowedAsUser: packageName = com.android.systemui,userId = 0
04-09 23:05:54.658  5665  5814 D ApplicationPolicy: isStatusBarNotificationAllowedAsUser: packageName = com.android.systemui,userId = -1
04-09 23:05:54.658  5665  5814 D ApplicationPolicy: isStatusBarNotificationAllowedAsUser: converting userId from USER_ALLto 0
04-09 23:05:54.664  6284  6284 D PowerUI : Battery swelling mode - priorBatterySwellingMode = 0 mBatterySwellingMode = 0 mBatteryStatus = 2
04-09 23:05:54.664  6284  6284 I PowerUI : mBatteryMiscEvent = 65536
04-09 23:05:54.665  6284  6284 D SamsungBatteryMeterDrawable: onBatteryLevelChanged isSomethingChanged: false
04-09 23:05:54.665  6284  6284 D SamsungBatteryMeterDrawable: onBatteryLevelChanged isSomethingChanged: false
04-09 23:05:54.666  6284  6284 D SamsungBatteryMeterDrawable: onBatteryLevelChanged isSomethingChanged: false
04-09 23:05:54.667  6284  6284 D SamsungBatteryMeterDrawable: onBatteryLevelChanged isSomethingChanged: false
04-09 23:05:54.668  6284  6284 D KeyguardUpdateMonitor: received broadcast android.intent.action.BATTERY_CHANGED
04-09 23:05:54.668  6284  6284 D KeyguardUpdateMonitor: handleBatteryUpdate
04-09 23:05:54.684  6284  6284 D KeyguardSecIndicationController: addIndicationTimeout() returned - unlocking
04-09 23:05:54.684  6284  6284 D KeyguardSecIndicationController: addIndication() returned - unlocking
04-09 23:05:54.691  6284  6284 D KeyguardSecIndicationController: addBatteryAndOwnerInfoIndication() battery status = BatteryStatus{status=2,level=62,plugged=2,health=2,maxChargingWattage=-1,remaining=3251000ultraFastCharger=1}
04-09 23:05:54.881  6210  6210 I FreeformContainer: [SmartPopupViewService] onNotificationPosted: StatusBarNotification(pkg=com.android.systemui user=UserHandle{-1} id=2131428959 tag=charging_state key=-1|com.android.systemui|2131428959|charging_state|10054: Notification(channel=CHR shortcut=null contentView=null vibrate=null sound=null defaults=0x0 flags=0xa color=0xff8b94ab category=sys groupKey=CHARGING vis=PUBLIC semFlags=0x0 semPriority=0 semMissedCount=0))
04-09 23:05:54.881  6210  6210 V FreeformContainer: [SmartPopupViewService] isSmartPopupViewTarget: com.android.systemui is not enabled
04-09 23:05:54.884  6837  6837 I Launcher.NotificationListener: onNotificationPosted : com.android.systemui number : 0
04-09 23:05:54.885  6284  6284 D BubblesManager: onRankingUpdate : shouldBubbleUp=false ,pkg=android ,key=-1|android|34|NetworkPolicy:945656281:34|1000
04-09 23:05:54.885  6284  6284 D BubblesManager: onRankingUpdate : shouldBubbleUp=false ,pkg=com.kms.free ,key=0|com.kms.free|42|null|10299
04-09 23:05:54.886  6284  6284 D BubblesManager: onRankingUpdate : shouldBubbleUp=false ,pkg=com.sec.android.app.shealth ,key=0|com.sec.android.app.shealth|105|null|10256
04-09 23:05:54.886  6284  6284 D BubblesManager: onRankingUpdate : shouldBubbleUp=false ,pkg=com.kms.free ,key=0|com.kms.free|1|null|10299
04-09 23:05:54.886  6284  6284 D BubblesManager: onRankingUpdate : shouldBubbleUp=false ,pkg=mrigapps.andriod.breakfree.deux ,key=0|mrigapps.andriod.breakfree.deux|2|null|10506
04-09 23:05:54.886  6284  6284 D BubblesManager: onRankingUpdate : shouldBubbleUp=false ,pkg=com.android.providers.downloads ,key=0|com.android.providers.downloads|0|3:1244|10068
04-09 23:05:54.887  6284  6284 D BubblesManager: onRankingUpdate : shouldBubbleUp=false ,pkg=ru.mail.mailapp ,key=0|ru.mail.mailapp|1073741824|zhelenskiy@mail.ru|10221
04-09 23:05:54.887  6284  6284 D InterruptionStateProvider: Group alert behavior is suppressed but we want to alert bubble
04-09 23:05:54.887  6284  6284 D BubblesManager: onRankingUpdate : shouldBubbleUp=false ,pkg=ru.mail.mailapp ,key=0|ru.mail.mailapp|1291137120|zhelenskiy@mail.ru|10221
04-09 23:05:54.888  6284  6284 D InterruptionStateProvider: Group alert behavior is suppressed but we want to alert bubble
04-09 23:05:54.888  6284  6284 D BubblesManager: onRankingUpdate : shouldBubbleUp=false ,pkg=ru.mail.mailapp ,key=0|ru.mail.mailapp|406243825|zhelenskiy@mail.ru|10221
04-09 23:05:54.888  6284  6284 D BubblesManager: onRankingUpdate : shouldBubbleUp=false ,pkg=android ,key=0|android|38|AccountManagerService:38:-904454848:838749127:10427|1000
04-09 23:05:54.888  6284  6284 D InterruptionStateProvider: Group alert behavior is suppressed but we want to alert bubble
04-09 23:05:54.888  6284  6284 D BubblesManager: onRankingUpdate : shouldBubbleUp=false ,pkg=com.google.android.googlequicksearchbox ,key=0|com.google.android.googlequicksearchbox|0|-1997195081::SUMMARY::wx|10233
04-09 23:05:54.889  6284  6284 D BubblesManager: onRankingUpdate : shouldBubbleUp=false ,pkg=com.google.android.googlequicksearchbox ,key=0|com.google.android.googlequicksearchbox|0|-1997195081::a:snotification:[0x394,wx.f,NOTIFICATION]|10233
04-09 23:05:54.889  6284  6284 D BubblesManager: onRankingUpdate : shouldBubbleUp=false ,pkg=android ,key=-1|android|27|null|1000
04-09 23:05:54.889  6284  6284 D BubblesManager: onRankingUpdate : shouldBubbleUp=false ,pkg=com.android.systemui ,key=-1|com.android.systemui|2131428959|charging_state|10054
04-09 23:05:54.891  6284  6315 D Bubbles : onRankingUpdated : isActiveOrInOverflow= false , mTmpRanking.canBubble()= false ,isActive= false ,shouldBubbleUp= false ,mTmpRanking.isBubble()= false
04-09 23:05:54.892  6284  6315 D Bubbles : onRankingUpdated : isActiveOrInOverflow= false , mTmpRanking.canBubble()= false ,isActive= false ,shouldBubbleUp= false ,mTmpRanking.isBubble()= false
04-09 23:05:54.892  6284  6315 D Bubbles : onRankingUpdated : isActiveOrInOverflow= false , mTmpRanking.canBubble()= false ,isActive= false ,shouldBubbleUp= false ,mTmpRanking.isBubble()= false
04-09 23:05:54.892  6284  6315 D Bubbles : onRankingUpdated : isActiveOrInOverflow= false , mTmpRanking.canBubble()= false ,isActive= false ,shouldBubbleUp= false ,mTmpRanking.isBubble()= false
04-09 23:05:54.892  6284  6315 D Bubbles : onRankingUpdated : isActiveOrInOverflow= false , mTmpRanking.canBubble()= false ,isActive= false ,shouldBubbleUp= false ,mTmpRanking.isBubble()= false
04-09 23:05:54.892  6284  6315 D Bubbles : onRankingUpdated : isActiveOrInOverflow= false , mTmpRanking.canBubble()= false ,isActive= false ,shouldBubbleUp= false ,mTmpRanking.isBubble()= false
04-09 23:05:54.892  6284  6315 D Bubbles : onRankingUpdated : isActiveOrInOverflow= false , mTmpRanking.canBubble()= false ,isActive= false ,shouldBubbleUp= false ,mTmpRanking.isBubble()= false
04-09 23:05:54.892  6284  6315 D Bubbles : onRankingUpdated : isActiveOrInOverflow= false , mTmpRanking.canBubble()= false ,isActive= false ,shouldBubbleUp= false ,mTmpRanking.isBubble()= false
04-09 23:05:54.893  6284  6315 D Bubbles : onRankingUpdated : isActiveOrInOverflow= false , mTmpRanking.canBubble()= false ,isActive= false ,shouldBubbleUp= false ,mTmpRanking.isBubble()= false
04-09 23:05:54.893  6284  6315 D Bubbles : onRankingUpdated : isActiveOrInOverflow= false , mTmpRanking.canBubble()= false ,isActive= false ,shouldBubbleUp= false ,mTmpRanking.isBubble()= false
04-09 23:05:54.893  6284  6315 D Bubbles : onRankingUpdated : isActiveOrInOverflow= false , mTmpRanking.canBubble()= false ,isActive= false ,shouldBubbleUp= false ,mTmpRanking.isBubble()= false
04-09 23:05:54.893  6284  6315 D Bubbles : onRankingUpdated : isActiveOrInOverflow= false , mTmpRanking.canBubble()= false ,isActive= false ,shouldBubbleUp= false ,mTmpRanking.isBubble()= false
04-09 23:05:54.901  6284  6315 D Bubbles : onRankingUpdated : isActiveOrInOverflow= false , mTmpRanking.canBubble()= false ,isActive= false ,shouldBubbleUp= false ,mTmpRanking.isBubble()= false
04-09 23:05:54.901  6284  6315 D Bubbles : onRankingUpdated : isActiveOrInOverflow= false , mTmpRanking.canBubble()= false ,isActive= false ,shouldBubbleUp= false ,mTmpRanking.isBubble()= false
04-09 23:05:54.903  9619 10534 I NotificationPipeline: Processing new notification: -1|com.android.systemui|2131428959|charging_state|10054
04-09 23:05:54.903  9619 10534 E Notification4Heart_NB: WatchFactory.getWatch-lastConnectedNodeId is null
04-09 23:05:54.905  9619 10534 W Notification4Heart_NB: NotificationBridgeCallback.onNotificationPosted-never connected before
04-09 23:05:55.087  6284  6284 D BubblesManager: onEntryUpdated : shouldBubbleUp=false ,key=-1|com.android.systemui|2131428959|charging_state|10054
04-09 23:05:55.140  6284  6284 I FaceWidgetPositionAlgorithm: getMediaContainerHeight() height = 0 container Visibility = 8, isValid = false, mIsDozing = false, fraction = 1.0, source = 0, target = 0
04-09 23:05:55.141  6284  6284 I FaceWidgetPositionAlgorithm: getMediaContainerHeight() supplier = 0
04-09 23:05:55.199  6284  6284 I FaceWidgetPositionAlgorithm: getMediaContainerHeight() height = 0 container Visibility = 8, isValid = false, mIsDozing = false, fraction = 1.0, source = 0, target = 0
04-09 23:05:55.199  6284  6284 I FaceWidgetPositionAlgorithm: getMediaContainerHeight() supplier = 0
04-09 23:05:55.251  6284  6284 I FaceWidgetPositionAlgorithm: getMediaContainerHeight() height = 0 container Visibility = 8, isValid = false, mIsDozing = false, fraction = 1.0, source = 0, target = 0
04-09 23:05:55.251  6284  6284 I FaceWidgetPositionAlgorithm: getMediaContainerHeight() supplier = 0
04-09 23:05:55.462  5249  5249 E audit   : type=1400 audit(1681074355.454:865): avc:  denied  { getattr } for  pid=5665 comm="BinderProcsColl" path="/sys/kernel/debug/binder/proc/5665" dev="debugfs" ino=28451 scontext=u:r:system_server:s0 tcontext=u:object_r:sec_debugfs:s0 tclass=file permissive=0 SEPF_SM-A515F_13_0001 audit_filtered
04-09 23:05:55.462  5249  5249 E audit   : type=1300 audit(1681074355.454:865): arch=c00000b7 syscall=79 success=no exit=-13 a0=ffffff9c a1=722c5d85a0 a2=721c902680 a3=0 items=0 ppid=5274 pid=5665 auid=4294967295 uid=1000 gid=1000 euid=1000 suid=1000 fsuid=1000 egid=1000 sgid=1000 fsgid=1000 tty=(none) ses=4294967295 comm="BinderProcsColl" exe="/system/bin/app_process64" subj=u:r:system_server:s0 key=(null)
04-09 23:05:55.462  5249  5249 E audit   : type=1327 audit(1681074355.454:865): proctitle="system_server"
04-09 23:05:55.923 18903 18903 I BadgeCountReceiver: badge intent : Intent { act=android.intent.action.BADGE_COUNT_UPDATE flg=0x1000010 cmp=com.sec.android.provider.badge/.BadgeCountReceiver (has extras) }
04-09 23:05:55.923 18903 18903 I BadgeCountReceiver: packageName: org.telegram.messenger, className: org.telegram.messenger.NoxIcon, count: 1
04-09 23:05:55.929 18903 18920 I BadgeProvider: query, [selection] : package=?
04-09 23:05:55.937  6837  6837 I BadgeCountUpdaterImpl: onChange
04-09 23:05:55.944 18903 18920 E DatabaseUtils: Writing exception to parcel
04-09 23:05:55.944 18903 18920 E DatabaseUtils: java.lang.SecurityException: Permission Denial: writing com.sec.android.provider.badge.BadgeProvider uri content://com.sec.badge/apps?notify=true from pid=25321, uid=10268 requires com.sec.android.provider.badge.permission.WRITE, or grantUriPermission()
04-09 23:05:55.944 18903 18920 E DatabaseUtils: 	at android.content.ContentProvider.enforceWritePermissionInner(ContentProvider.java:1025)
04-09 23:05:55.944 18903 18920 E DatabaseUtils: 	at android.content.ContentProvider.semEnforceWritePermission(ContentProvider.java:951)
04-09 23:05:55.944 18903 18920 E DatabaseUtils: 	at android.content.ContentProvider$Transport.enforceWritePermission(ContentProvider.java:730)
04-09 23:05:55.944 18903 18920 E DatabaseUtils: 	at android.content.ContentProvider$Transport.update(ContentProvider.java:462)
04-09 23:05:55.944 18903 18920 E DatabaseUtils: 	at android.content.ContentProviderNative.onTransact(ContentProviderNative.java:231)
04-09 23:05:55.944 18903 18920 E DatabaseUtils: 	at android.os.Binder.execTransactInternal(Binder.java:1321)
04-09 23:05:55.944 18903 18920 E DatabaseUtils: 	at android.os.Binder.execTransact(Binder.java:1280)
04-09 23:05:55.950  6837  6837 I BadgeCountUpdaterImpl: onChange
04-09 23:05:55.953 18903 18903 I BadgeProvider: sendNotify entered. [uri] : content://com.sec.badge/apps
04-09 23:05:55.953 18903 18903 I BadgeProvider: sendNotify, [notify] : null
04-09 23:05:55.954 18903 18903 I BadgeProvider: update, getCallingPackage() : com.sec.android.provider.badge
04-09 23:05:55.954 18903 18903 I BadgeProvider: update, [uri] : content://com.sec.badge/apps
04-09 23:05:55.955 18903 18903 I BadgeProvider: update, [uri.query] : null
04-09 23:05:55.955 18903 18903 I BadgeProvider: update, [BadgeCount] : badgecount=1
04-09 23:05:55.955 18903 18903 I BadgeProvider: update, [UpdateCount] : 1
04-09 23:05:56.055 18903 18920 I BadgeProvider: query, [selection] : package=?
04-09 23:05:56.063 18903 19542 E DatabaseUtils: Writing exception to parcel
04-09 23:05:56.063 18903 19542 E DatabaseUtils: java.lang.SecurityException: Permission Denial: writing com.sec.android.provider.badge.BadgeProvider uri content://com.sec.badge/apps?notify=true from pid=25321, uid=10268 requires com.sec.android.provider.badge.permission.WRITE, or grantUriPermission()
04-09 23:05:56.063 18903 19542 E DatabaseUtils: 	at android.content.ContentProvider.enforceWritePermissionInner(ContentProvider.java:1025)
04-09 23:05:56.063 18903 19542 E DatabaseUtils: 	at android.content.ContentProvider.semEnforceWritePermission(ContentProvider.java:951)
04-09 23:05:56.063 18903 19542 E DatabaseUtils: 	at android.content.ContentProvider$Transport.enforceWritePermission(ContentProvider.java:730)
04-09 23:05:56.063 18903 19542 E DatabaseUtils: 	at android.content.ContentProvider$Transport.update(ContentProvider.java:462)
04-09 23:05:56.063 18903 19542 E DatabaseUtils: 	at android.content.ContentProviderNative.onTransact(ContentProviderNative.java:231)
04-09 23:05:56.063 18903 19542 E DatabaseUtils: 	at android.os.Binder.execTransactInternal(Binder.java:1321)
04-09 23:05:56.063 18903 19542 E DatabaseUtils: 	at android.os.Binder.execTransact(Binder.java:1280)
04-09 23:05:56.071 18903 18903 I BadgeCountReceiver: badge intent : Intent { act=android.intent.action.BADGE_COUNT_UPDATE flg=0x1000010 cmp=com.sec.android.provider.badge/.BadgeCountReceiver (has extras) }
04-09 23:05:56.072 18903 18903 I BadgeCountReceiver: packageName: org.telegram.messenger, className: org.telegram.messenger.NoxIcon, count: 0
04-09 23:05:56.077  6837  6837 I BadgeCountUpdaterImpl: onChange
04-09 23:05:56.083  6837  6837 I BadgeCountUpdaterImpl: onChange
04-09 23:05:56.086 18903 18903 I BadgeProvider: sendNotify entered. [uri] : content://com.sec.badge/apps
04-09 23:05:56.086 18903 18903 I BadgeProvider: sendNotify, [notify] : null
04-09 23:05:56.087 18903 18903 I BadgeProvider: update, getCallingPackage() : com.sec.android.provider.badge
04-09 23:05:56.088 18903 18903 I BadgeProvider: update, [uri] : content://com.sec.badge/apps
04-09 23:05:56.088 18903 18903 I BadgeProvider: update, [uri.query] : null
04-09 23:05:56.088 18903 18903 I BadgeProvider: update, [BadgeCount] : badgecount=0
04-09 23:05:56.088 18903 18903 I BadgeProvider: update, [UpdateCount] : 1
04-09 23:05:56.126  6284  6373 D MobileStatusTracker(1/2): onDataActivity: direction=3
04-09 23:05:56.129  6284  6373 D MobileSignalController(1/2): notifyListener: enabled=true, connected=true, dataConnected=true, networkType=LTE/LTE_CA (4G+), emergencyOnly=false, roaming=false, isDefault=true, dataActivity=inout, level=2, ca=true, mmWave=false, disabledDataIcon=false, simCard=ETC
04-09 23:05:56.201  7623 26106 D ConnectivityManager: StackLog: [android.net.ConnectivityManager.reportNetworkConnectivity(ConnectivityManager.java:3390)] [anpu.i(:com.google.android.gms@231115044@23.11.15 (190400-520109968):0)] [anpi.run(:com.google.android.gms@231115044@23.11.15 (190400-520109968):57)] [anqi.run(:com.google.android.gms@231115044@23.11.15 (190400-520109968):2)] [dapd.run(:com.google.android.gms@231115044@23.11.15 (190400-520109968):2)] [abbj.c(:com.google.android.gms@231115044@23.11.15 (190400-520109968):6)] [abbj.run(:com.google.android.gms@231115044@23.11.15 (190400-520109968):7)] [java.util.concurrent.ThreadPoolExecutor.runWorker(ThreadPoolExecutor.java:1137)] [java.util.concurrent.ThreadPoolExecutor$Worker.run(ThreadPoolExecutor.java:637)] [abgp.run(:com.google.android.gms@231115044@23.11.15 (190400-520109968):0)] [java.lang.Thread.run(Thread.java:1012)]
04-09 23:05:56.208  7623 26106 I AlarmManager: setExactAndAllowWhileIdle [name: GCM_HB_ALARM type: 2 triggerAtMillis: 3094750]
04-09 23:05:56.231  7623 26106 E GmsTaskScheduler: sendWakeUpEvent called on SchedulerClientBroadcastStrategy
04-09 23:05:56.244  7623 25804 I AlarmManager: setExactAndAllowWhileIdle [name: FcmRetry type: 2 triggerAtMillis: 2374780]
04-09 23:05:56.247  7623 26106 E GmsTaskScheduler: sendWakeUpEvent called on SchedulerClientBroadcastStrategy
04-09 23:05:56.249  7623 26106 I AlarmManager: setExactAndAllowWhileIdle [name: GCM_HB_ALARM type: 2 triggerAtMillis: 3094791]
04-09 23:05:56.258  5665  5741 W libprocessgroup: Failed to open /dev/blkio//cgroup.procs: No such file or directory
04-09 23:05:56.260  5665  5741 W libprocessgroup: Failed to open /dev/blkio//cgroup.procs: No such file or directory
04-09 23:05:56.287  6837  7268 I BadgeCountUpdaterImpl: reload badge without refresh
04-09 23:05:56.296  5665  5741 W libprocessgroup: Failed to open /dev/blkio//cgroup.procs: No such file or directory
04-09 23:05:56.322 18903 18920 I BadgeProvider: query, [selection] : null
04-09 23:05:56.325  6837  7268 I BadgeCache: update cache : com.vkontakte.android user : UserHandle{0}  count : 7
04-09 23:05:56.325  6837  7268 I BadgeCache: add to cache : com.vk.imuser : UserHandle{0}  count : 1
04-09 23:05:56.325  6837  7268 I BadgeCache: update cache : com.vkontakte.android user : UserHandle{0}  count : 0
04-09 23:05:56.325  6837  7268 I BadgeCache: add to cache : com.vkontakte.androiduser : UserHandle{0}  count : 1
04-09 23:05:56.325  6837  7268 I BadgeCache: add to cache : org.telegram.messengeruser : UserHandle{0}  count : 1
04-09 23:05:56.325  6837  7268 I BadgeCache: update cache : org.telegram.messenger user : UserHandle{0}  count : 0
04-09 23:05:56.325  6837  7268 I BadgeCache: update cache : com.vk.im user : UserHandle{0}  count : 0
04-09 23:05:56.329  6837  7268 I BadgeCache: reloadBadge size : 3
04-09 23:05:59.668  6284  6284 D SecPowerUI.Notification: showChargingNotice oldChargingType : 11 currentChargingType : 11 oldChargingTime : 3251000 mChargingTime : 3251000
04-09 23:05:59.668  6284  6284 D SecPowerUI.Notification: There is no change about charging status, so return!
04-09 23:06:00.015  6284  6284 D KeyguardUpdateMonitor: received broadcast android.intent.action.TIME_TICK
04-09 23:06:00.016  6284  6284 D KeyguardUpdateMonitor: handleTimeUpdate
04-09 23:06:00.023  6284  6284 D FaceWidgetPagesController: onTimeChanged()
04-09 23:06:00.027  6284  6927 D QSClockBellTower: onReceive(android.intent.action.TIME_TICK) mTimeZoneString:null
04-09 23:06:00.079  6284  6284 D QSClockBellTower: He is ready to ring the bell. (((QSClockBellSound - TimeText:23:06, TimeContentDescription:23:06, DateText:Sun, 9 April, ShortDateText:Sun, 9 Apr, Demo:false, QuickStar-Second(false|12:34:56))))
