04-19 15:59:00.126  8513  8513 D QSClockIndicatorView: Home Indicator status_bar_clock 15:59 notifyTimeChanged(QSClockBellSound - TimeText:15:59, TimeContentDescription:15:59, DateText:Wed, 19 April, ShortDateText:Wed, 19 Apr, Demo:false, QuickStar-Second(false|12:34:56)) ClockVisibleByPolicy:true, ClockVisibleByUser:true, visible?false, parent:android.widget.LinearLayout{883fb58 V.E...... ........ 0,0-0,55 #7f0b04f0 app:id/left_clock_container}
04-19 15:59:00.126  8513  8513 D QSClockBellTower: Everyone heard the bell. run(currentTime:1681912740124,   getTime():Wed Apr 19 15:59:00 GMT+02:00 2023,   getTimeZone():libcore.util.ZoneInfo[mDstSavings=3600000,mUseDst=true,mDelegate=[id="Europe/Belgrade",mRawOffset=3600000,mEarliestRawOffset=4920000,transitions=119]])
04-19 15:59:00.126  8513  8513 D KeyguardUpdateMonitor: received broadcast android.intent.action.TIME_TICK
04-19 15:59:00.218  8513  8513 D QSClockBellTower: He is ready to ring the bell. (((QSClockBellSound - TimeText:15:59, TimeContentDescription:15:59, DateText:Wed, 19 April, ShortDateText:Wed, 19 Apr, Demo:false, QuickStar-Second(false|12:34:56))))
04-19 15:59:00.218  8513  8513 D QSClockIndicatorView: Home Indicator status_bar_clock 15:59 notifyTimeChanged(QSClockBellSound - TimeText:15:59, TimeContentDescription:15:59, DateText:Wed, 19 April, ShortDateText:Wed, 19 Apr, Demo:false, QuickStar-Second(false|12:34:56)) ClockVisibleByPolicy:true, ClockVisibleByUser:true, visible?false, parent:android.widget.LinearLayout{883fb58 V.E...... ........ 0,0-0,55 #7f0b04f0 app:id/left_clock_container}
04-19 15:59:00.219  8513  8513 D QSClockBellTower: Everyone heard the bell. run(currentTime:1681912740216,   getTime():Wed Apr 19 15:59:00 GMT+02:00 2023,   getTimeZone():libcore.util.ZoneInfo[mDstSavings=3600000,mUseDst=true,mDelegate=[id="Europe/Belgrade",mRawOffset=3600000,mEarliestRawOffset=4920000,transitions=119]])
04-19 15:59:00.219  8513  8513 D KeyguardUpdateMonitor: handleTimeUpdate
04-19 15:59:00.219  8513  8513 D FaceWidgetPagesController: onTimeChanged()
04-19 15:59:00.223  8513  8513 I FaceWidgetPositionAlgorithm: getClockContainerHeight() supplier = 270, bottom margin = 0, real height = 333
04-19 15:59:00.223  8513  8513 I FaceWidgetPositionAlgorithm: getClockContainerHeight() supplier = 270, bottom margin = 63, real height = 333
04-19 15:59:00.223  8513  8513 I FaceWidgetPositionAlgorithm: getMediaContainerHeight() height = 0 container Visibility = 8, isValid = false, mIsDozing = false, fraction = 1.0, source = 0, target = 0
04-19 15:59:00.223  8513  8513 I FaceWidgetPositionAlgorithm: getMediaContainerHeight() supplier = 0
04-19 15:59:00.224  8513  8513 V QsExpandAnimator: setQsExpansionPosition 0.0
04-19 15:59:00.231  8513  8513 D KeyguardUpdateMonitor: handleTimeUpdate
04-19 15:59:00.232  8513  8513 D FaceWidgetPagesController: onTimeChanged()
04-19 15:59:00.232  8513  8513 V QsExpandAnimator: updateAnimators
04-19 15:59:00.232  8513  8513 V QsExpandAnimator: clearAnimationState
04-19 15:59:00.232  8513  8513 V QsExpandAnimator: updateViews
04-19 15:59:00.235  8513  8513 V QsExpandAnimator: updateTileAnimator
04-19 15:59:00.236  8513  8513 V QsExpandAnimator: updateHeaderAnimator
04-19 15:59:00.237  8513  8513 V QsExpandAnimator: updateBarAnimator
04-19 15:59:00.237  8513  8513 V QsExpandAnimator: setQsExpansionPosition 0.0
04-19 15:59:00.237  8513  8513 V QsExpandAnimator: onAnimationAtStart
04-19 15:59:00.513  5628 11466 D PackageManager: setEnabledSetting : userId = 0 packageName = com.Slack cmp = androidx.work.impl.background.systemalarm.RescheduleReceiver newState = 1 callingPackage = 10329/com.Slack
04-19 15:59:00.516  5628 11466 D ApplicationPolicy: getApplicationStateEnabled : pkg = com.Slack userId : 0
04-19 15:59:00.518  5628 11466 D ApplicationPolicy: getApplicationComponentState : pkg = com.Slack userId : 0
04-19 15:59:00.548 30407 30407 I ResourceOverlayService_0: waitAndQuit called
04-19 15:59:00.553 30407 30407 I ResourceOverlayService_0: activity user id 0 process id 0
04-19 15:59:00.557  5628  5714 W libprocessgroup: Failed to open /dev/blkio//cgroup.procs: No such file or directory
04-19 15:59:00.573  6649  6824 D ConnectivityManager: StackLog: [android.net.ConnectivityManager.sendRequestForNetwork(ConnectivityManager.java:4191)] [android.net.ConnectivityManager.registerDefaultNetworkCallbackForUid(ConnectivityManager.java:4755)] [android.net.ConnectivityManager.registerDefaultNetworkCallback(ConnectivityManager.java:4722)] [android.net.ConnectivityManager.registerDefaultNetworkCallback(ConnectivityManager.java:4696)] [androidx.work.impl.utils.NetworkApi24.registerDefaultNetworkCallbackCompat(Unknown Source:10)] [androidx.work.impl.constraints.trackers.NetworkStateTracker24.startTracking(Unknown Source:15)] [androidx.work.impl.constraints.controllers.ConstraintController.replace(Unknown Source:130)] [androidx.work.impl.constraints.WorkConstraintsTrackerImpl.replace(Unknown Source:41)] [androidx.work.impl.background.greedy.GreedyScheduler.schedule(Unknown Source:300)] [androidx.work.impl.Schedulers.schedule(Unknown Source:149)] [androidx.work.impl.utils.EnqueueRunnable.run(Unknown Source:53)] [androidx.work.Worker$2.run$androidx$work$impl$utils$SerialExecutorImpl$Task(Unknown Source:4)] [androidx.work.Worker$2.run(Unknown Source:868)] [java.util.concurrent.ThreadPoolExecutor.runWorker(ThreadPoolExecutor.java:1137)] [java.util.concurrent.ThreadPoolExecutor$Worker.run(ThreadPoolExecutor.java:637)] [java.lang.Thread.run(Thread.java:1012)]
04-19 15:59:00.575  5628  8566 D ConnectivityService: requestNetwork for uid/pid:10329/6649 activeRequest: null callbackRequest: 28002 [NetworkRequest [ REQUEST id=28003, [ Capabilities: INTERNET&NOT_RESTRICTED&TRUSTED&NOT_VCN_MANAGED Uid: 10329 RequestorUid: 10329 RequestorPkg: com.Slack UnderlyingNetworks: Null] ]] callback flags: 0 order: 2147483647
04-19 15:59:00.577  5628  8367 D ConnectivityService:    accepting network in place of null
04-19 15:59:00.581  5628  8356 D WifiNetworkFactory: got request NetworkRequest [ REQUEST id=28003, [ Capabilities: INTERNET&NOT_RESTRICTED&TRUSTED&NOT_VCN_MANAGED Uid: 10329 RequestorUid: 10329 RequestorPkg: com.Slack UnderlyingNetworks: Null] ]
04-19 15:59:00.585  5628  8356 D UntrustedWifiNetworkFactory: got request NetworkRequest [ REQUEST id=28003, [ Capabilities: INTERNET&NOT_RESTRICTED&TRUSTED&NOT_VCN_MANAGED Uid: 10329 RequestorUid: 10329 RequestorPkg: com.Slack UnderlyingNetworks: Null] ]
04-19 15:59:00.594  5628  8356 D OemPaidWifiNetworkFactory: got request NetworkRequest [ REQUEST id=28003, [ Capabilities: INTERNET&NOT_RESTRICTED&TRUSTED&NOT_VCN_MANAGED Uid: 10329 RequestorUid: 10329 RequestorPkg: com.Slack UnderlyingNetworks: Null] ]
04-19 15:59:00.597  5628  8356 D MultiInternetWifiNetworkFactory: got request NetworkRequest [ REQUEST id=28003, [ Capabilities: INTERNET&NOT_RESTRICTED&TRUSTED&NOT_VCN_MANAGED Uid: 10329 RequestorUid: 10329 RequestorPkg: com.Slack UnderlyingNetworks: Null] ]
04-19 15:59:00.610  5628  8367 D ConnectivityService: Rematched networks [computed 0ms] [applied 2ms] [issued 30]
04-19 15:59:00.610  5628  8367 D ConnectivityService: NetworkReassignment :
04-19 15:59:00.610  5628  8367 D ConnectivityService:   28003 : null → 128
04-19 15:59:00.628  6649  6649 D ConnectivityManager: StackLog: [android.net.ConnectivityManager.unregisterNetworkCallback(ConnectivityManager.java:4863)] [androidx.work.impl.utils.NetworkApi21.unregisterNetworkCallbackCompat(Unknown Source:10)] [androidx.work.impl.constraints.trackers.NetworkStateTracker24.stopTracking(Unknown Source:15)] [androidx.work.impl.constraints.trackers.ConstraintTracker.removeListener(Unknown Source:24)] [androidx.work.impl.constraints.controllers.ConstraintController.replace(Unknown Source:81)] [androidx.work.impl.constraints.WorkConstraintsTrackerImpl.replace(Unknown Source:41)] [androidx.work.impl.background.greedy.GreedyScheduler.onExecuted(Unknown Source:55)] [androidx.work.impl.Processor.onExecuted(Unknown Source:59)] [com.bugsnag.android.DeliveryDelegate$1.run(Unknown Source:212)]
04-19 15:59:00.637  5628  8367 D ConnectivityService:  Removing from current network [128 WIFI], leaving 164 requests.
04-19 15:59:00.700  5628  5647 I system_server: Background young concurrent copying GC freed 402918(14MB) AllocSpace objects, 33(912KB) LOS objects, 11% free, 119MB/134MB, paused 927us,249us total 117.267ms
04-19 15:59:00.707  5224  5224 E audit   : type=1400 audit(1681912740.701:103101): avc:  denied  { getattr } for  pid=5628 comm="BinderProcsColl" path="/sys/kernel/debug/binder/proc/5628" dev="debugfs" ino=25430 scontext=u:r:system_server:s0 tcontext=u:object_r:sec_debugfs:s0 tclass=file permissive=0 SEPF_SM-A515F_13_0001 audit_filtered
04-19 15:59:00.707  5224  5224 E audit   : type=1300 audit(1681912740.701:103101): arch=c00000b7 syscall=79 success=no exit=-13 a0=ffffff9c a1=7dd4817f40 a2=7cb001b680 a3=0 items=0 ppid=5250 pid=5628 auid=4294967295 uid=1000 gid=1000 euid=1000 suid=1000 fsuid=1000 egid=1000 sgid=1000 fsgid=1000 tty=(none) ses=4294967295 comm="BinderProcsColl" exe="/system/bin/app_process64" subj=u:r:system_server:s0 key=(null)
04-19 15:59:00.707  5224  5224 E audit   : type=1327 audit(1681912740.701:103101): proctitle="system_server"
04-19 15:59:00.709  5224  5224 E audit   : type=1400 audit(1681912740.701:103102): avc:  denied  { read } for  pid=20004 comm="binder:20004_3" name="u:object_r:perf_prop:s0" dev="tmpfs" ino=16829 scontext=u:r:platform_app:s0:c512,c768 tcontext=u:object_r:perf_prop:s0 tclass=file permissive=0 SEPF_SM-A515F_13_0001 audit_filtered
04-19 15:59:00.709  5224  5224 E audit   : type=1300 audit(1681912740.701:103102): arch=c00000b7 syscall=56 success=no exit=-13 a0=ffffff9c a1=7d5b8252f8 a2=88000 a3=0 items=0 ppid=5250 pid=20004 auid=4294967295 uid=10061 gid=10061 euid=10061 suid=10061 fsuid=10061 egid=10061 sgid=10061 fsgid=10061 tty=(none) ses=4294967295 comm="binder:20004_3" exe="/system/bin/app_process64" subj=u:r:platform_app:s0:c512,c768 key=(null)
04-19 15:59:00.709 20004 20055 W libc    : Access denied finding property "sys.perf.boostopt"
04-19 15:59:00.840  5628  9811 D SemWifiUsabilityStatsMonitor: onWifiUsabilityStats - seqNum 36083, isSameBssidAndFreq true
04-19 15:59:00.843  5628  8422 I SemWifiLinkQualityMonitor: Link Qos Query: 0.028 ms / 288.667 Mbps (433 / 0.000 / 1.500)
04-19 15:59:01.555 30407 30407 I ResourceOverlayService_0: waitAndQuit called
04-19 15:59:01.557 30407 30407 I ResourceOverlayService_0: activity user id 0 process id 0
04-19 15:59:02.559 30407 30407 I ResourceOverlayService_0: waitAndQuit called
04-19 15:59:02.562 30407 30407 I ResourceOverlayService_0: activity user id 0 process id 0
04-19 15:59:02.928  5628  8367 D ConnectivityService: reportNetworkActive, notify 0 listeners
04-19 15:59:03.566 30407 30407 I ResourceOverlayService_0: waitAndQuit called
04-19 15:59:03.568 30407 30407 I ResourceOverlayService_0: activity user id 0 process id 0
04-19 15:59:03.878  5628  9811 D SemWifiUsabilityStatsMonitor: onWifiUsabilityStats - seqNum 36084, isSameBssidAndFreq true
04-19 15:59:03.881  5628  8422 I SemWifiLinkQualityMonitor: Link Qos Query: 0.037 ms / 216.500 Mbps (433 / 0.000 / 2.000)
04-19 15:59:03.881  8513  8513 D NetworkController.WifiSignalController: notifyListener: visible=true, connected=true, inetCondition=1, isDefault=true, wifiTestReported=true, receivedInetCondition=-1, hideDuringMobileSwitching=false
04-19 15:59:03.882  8513  8599 D Tile.WifiTile: handleUpdateState isTransient=false transientEnabling =false cb.isTransient=false state.state = 2 mStateBeforeClick.value =false enabled =true
04-19 15:59:03.989  5628 20204 D TrafficStats: tagSocket(856) with statsTag=0xffffffff, statsUid=-1
04-19 15:59:04.195  5628 20204 D WifiConnectivityMonitor.DnsThread:  [|209]
04-19 15:59:04.198  5628  8444 D WifiConnectivityMonitor.NetworkStatsAnalyzer: DNS resultType : 0, responseTime : 209
04-19 15:59:04.199  5628  8438 D OpenNetworkQos[4.00]: updateBssidLatestDnsResultType - result: 0
04-19 15:59:04.199  5628  8438 D OpenNetworkQos[4.00]: updateBssidNoInternet: mBssidNoInternet = false
04-19 15:59:04.199  5628  8438 D OpenNetworkQos[4.00]: getOpenNetworkQosNoInternetStatus: false
04-19 15:59:04.199  5628  8438 D OpenNetworkQos[4.00]: getOpenNetworkQosScores: 30 26 26
04-19 15:59:04.199  5628  8438 I WifiProfileShare: network QoS data was changed (internet), updateQoSData networkType: true, qosData: false
04-19 15:59:04.201  5628  9412 V WifiProfileShare.Caster: update wips network, size: 0
04-19 15:59:04.201  5628  9412 D WifiProfileShare: nearby scanning settings run
04-19 15:59:04.201  5628  9412 D WifiProfileShare: network score provider settings enabled
04-19 15:59:04.201  5628  9412 D OpenNetworkQos[4.00]: getOpenNetworkQosScores: 30 26 26
04-19 15:59:04.201  5628  9412 D OpenNetworkQos[4.00]: getOpenNetworkQosNoInternetStatus: false
04-19 15:59:04.201  5628  9412 I WifiProfileShare.Caster: current network type: 0, score: [30, 26, 26]
04-19 15:59:04.202  5628  9412 V WifiProfileShare.Cache: update network score 00:e4:06:**:**:90
04-19 15:59:04.202  5628  9412 D WifiProfileShare.ScanMatcher: getMcfDataList size:2
04-19 15:59:04.203  5628  9412 I WifiProfileShare.Caster: qos data was updated , before:type:QOS, pBssid:51:2e:90, qosData:7c after:type:QOS, pBssid:51:2e:90, qosData:7c
04-19 15:59:04.205  5628  9412 I [MCFSDK_android_1.2.4010]_4_b: isNetworkEnabled - type : 1 ret : true
04-19 15:59:04.205  5628  9412 D WifiProfileShare.McfCast: -ME--- mIsNetworkEnabled :true
04-19 15:59:04.205  5628  9412 D WifiProfileShare.McfCast: updateQoSData ignored, same contents
04-19 15:59:04.205  5628  9412 D WifiProfileShare.MCF: success update QosData !
04-19 15:59:04.206  5628  9412 I [MCFSDK_android_1.2.4010]_4_b: isNetworkEnabled - type : 1 ret : true
04-19 15:59:04.206  5628  9412 D WifiProfileShare.McfCast: -ME--- mIsNetworkEnabled :true
04-19 15:59:04.206  5628  9412 D WifiProfileShare.McfCast: -ME--- updatePasswordDate pwdData size:2
04-19 15:59:04.572 30407 30407 I ResourceOverlayService_0: waitAndQuit called
04-19 15:59:04.574 30407 30407 I ResourceOverlayService_0: activity user id 0 process id 0
04-19 15:59:05.577 30407 30407 I ResourceOverlayService_0: waitAndQuit called
04-19 15:59:05.579 30407 30407 I ResourceOverlayService_0: activity user id 0 process id 0
04-19 15:59:06.582 30407 30407 I ResourceOverlayService_0: waitAndQuit called
04-19 15:59:06.583 30407 30407 I ResourceOverlayService_0: activity user id 0 process id 0
04-19 15:59:06.908  5628  9811 D SemWifiUsabilityStatsMonitor: onWifiUsabilityStats - seqNum 36085, isSameBssidAndFreq true
04-19 15:59:06.912  5628  8422 I SemWifiLinkQualityMonitor: Link Qos Query: 0.025 ms / 324.750 Mbps (433 / 0.000 / 1.333)
04-19 15:59:07.436  5628  8409 I ChimeraAggressivePolicyHandler: executePolicy() - triggerSource: TRIGGER_SOURCE_LMKD
04-19 15:59:07.438  5628  8409 I ChimeraAggressivePolicyHandler: available memory: 933760, free memory target: 870400, quit chimera
04-19 15:59:07.586 30407 30407 I ResourceOverlayService_0: waitAndQuit called
04-19 15:59:07.587 30407 30407 I ResourceOverlayService_0: activity user id 0 process id 0
04-19 15:59:08.589 30407 30407 I ResourceOverlayService_0: waitAndQuit called
04-19 15:59:08.591 30407 30407 I ResourceOverlayService_0: activity user id 0 process id 0
04-19 15:59:09.593 30407 30407 I ResourceOverlayService_0: waitAndQuit called
04-19 15:59:09.594 30407 30407 I ResourceOverlayService_0: activity user id 0 process id 0
04-19 15:59:09.944  5628  9811 D SemWifiUsabilityStatsMonitor: onWifiUsabilityStats - seqNum 36086, isSameBssidAndFreq true
04-19 15:59:09.948  5628  8422 I SemWifiLinkQualityMonitor: Link Qos Query: 0.018 ms / 433.000 Mbps (433 / 0.000 / 1.000)
04-19 15:59:10.596 30407 30407 I ResourceOverlayService_0: waitAndQuit called
04-19 15:59:10.597 30407 30407 I ResourceOverlayService_0: activity user id 0 process id 0
04-19 15:59:11.601 30407 30407 I ResourceOverlayService_0: waitAndQuit called
04-19 15:59:11.603 30407 30407 I ResourceOverlayService_0: activity user id 0 process id 0
04-19 15:59:12.256 17564 17585 D Benchmark: timeNs[ 0:10]: 682254615 691782884 673459115 673410462 664798922 670386730 700471345 669746923 682163961 668495538
04-19 15:59:12.257 17564 17585 D Benchmark: timeNs[10:20]: 680532153 697630576 677308423 701149768 669957461 668954000 677169461 681969115 663914384 658625153
04-19 15:59:12.257 17564 17585 D Benchmark: timeNs[20:30]: 686183923 682076884 689439653 674521231 683200077 705920384 672621884 688463769 677601269 679323769
04-19 15:59:12.257 17564 17585 D Benchmark: timeNs[30:40]: 684632884 664697461 660156384 675358538 667562115 670224692 670146499 647944000 690561269 660602076
04-19 15:59:12.257 17564 17585 D Benchmark: timeNs[40:50]: 672656768 633566154 637714922 642809846 640044577 633698384 638183808 639483691 630616384 627469076
04-19 15:59:12.605 30407 30407 I ResourceOverlayService_0: waitAndQuit called
04-19 15:59:12.606 30407 30407 I ResourceOverlayService_0: activity user id 0 process id 0
04-19 15:59:12.974  5628  9811 D SemWifiUsabilityStatsMonitor: onWifiUsabilityStats - seqNum 36087, isSameBssidAndFreq true
04-19 15:59:12.978  5628  8422 I SemWifiLinkQualityMonitor: Link Qos Query: 0.018 ms / 433.000 Mbps (433 / 0.000 / 1.000)
04-19 15:59:12.979  8513  8513 D NetworkController.WifiSignalController: notifyListener: visible=true, connected=true, inetCondition=1, isDefault=true, wifiTestReported=true, receivedInetCondition=-1, hideDuringMobileSwitching=false
04-19 15:59:12.982  8513  8599 D Tile.WifiTile: handleUpdateState isTransient=false transientEnabling =false cb.isTransient=false state.state = 2 mStateBeforeClick.value =false enabled =true
04-19 15:59:13.608 30407 30407 I ResourceOverlayService_0: waitAndQuit called
04-19 15:59:13.609 30407 30407 I ResourceOverlayService_0: activity user id 0 process id 0
04-19 15:59:14.610 30407 30407 I ResourceOverlayService_0: waitAndQuit called
04-19 15:59:14.612 30407 30407 I ResourceOverlayService_0: activity user id 0 process id 0
04-19 15:59:15.617 30407 30407 I ResourceOverlayService_0: waitAndQuit called
04-19 15:59:15.619 30407 30407 I ResourceOverlayService_0: activity user id 0 process id 0
04-19 15:59:15.801  5470  1789 W installd: Failed to resolve inode 1090381; using /data/user_de/0/com.samsung.accessibility/cache
04-19 15:59:15.850  5470  1789 D installd: Purging /mnt/pass_through/0/emulated/0/Android/data/org.jetbrains.android_benchmark.test/cache/Wolf3dBenchmark_inlineFloat_2023-04-19-04-36-35.perfetto-trace size=110907392 mod=1681878995 from UID=10408 used=996679680 quota=5278901 ratio=1888043
04-19 15:59:15.864  5470  1789 D installd: Purging /mnt/pass_through/0/emulated/0/Android/data/org.jetbrains.android_benchmark.test/cache/Wolf3dBenchmark_valuePreserveBoxDouble_2023-04-19-04-37-31.perfetto-trace size=78487552 mod=1681879051 from UID=10408 used=885772288 quota=5278901 ratio=1677948
04-19 15:59:15.876  5470  1789 D installd: Purging /mnt/pass_through/0/emulated/0/Android/data/org.jetbrains.android_benchmark.test/cache/Wolf3dBenchmark_valuePreserveBoxFloat_2023-04-19-04-41-17.perfetto-trace size=173441024 mod=1681879277 from UID=10408 used=807284736 quota=5278901 ratio=1529266
04-19 15:59:15.898  5470  1789 D installd: Purging /mnt/pass_through/0/emulated/0/Android/data/org.jetbrains.android_benchmark.test/cache/Wolf3dBenchmark_baselineDouble_2023-04-19-04-42-15.perfetto-trace size=70963200 mod=1681879335 from UID=10408 used=633843712 quota=5278901 ratio=1200711
04-19 15:59:15.906  5470  1789 D installd: Purging /mnt/pass_through/0/emulated/0/Android/data/org.jetbrains.android_benchmark.test/cache/Wolf3dBenchmark_valueInlineDouble_2023-04-19-04-42-34.perfetto-trace size=3117056 mod=1681879354 from UID=10408 used=562880512 quota=5278901 ratio=1066283
04-19 15:59:15.907  5470  1789 D installd: Purging /mnt/pass_through/0/emulated/0/Android/data/org.jetbrains.android_benchmark.test/cache/Wolf3dBenchmark_inlineDouble_2023-04-19-04-47-10.perfetto-trace size=242036736 mod=1681879630 from UID=10408 used=559763456 quota=5278901 ratio=1060378
04-19 15:59:15.933  5470  1789 D installd: Purging /mnt/pass_through/0/emulated/0/Android/data/org.jetbrains.android_benchmark.test/cache/Wolf3dBenchmark_mutableRefDouble_2023-04-19-04-47-55.perfetto-trace size=5148672 mod=1681879675 from UID=10408 used=317726720 quota=5278901 ratio=601880
04-19 15:59:15.934  5470  1789 D installd: Purging /mnt/pass_through/0/emulated/0/Android/data/org.jetbrains.android_benchmark.test/cache/Wolf3dBenchmark_mutableRefFloatIn1Long_2023-04-19-04-49-52.perfetto-trace size=31600640 mod=1681879792 from UID=10408 used=312578048 quota=5278901 ratio=592127
04-19 15:59:15.938  5470  1789 D installd: Purging /mnt/pass_through/0/emulated/0/Android/data/org.jetbrains.android_benchmark.test/cache/Wolf3dBenchmark_baselineFloat_2023-04-19-04-50-22.perfetto-trace size=49664000 mod=1681879822 from UID=10408 used=280977408 quota=5278901 ratio=532264
04-19 15:59:15.944  5470  1789 D installd: Purging /mnt/pass_through/0/emulated/0/Android/data/org.jetbrains.android_benchmark.test/cache/Wolf3dBenchmark_longPackFloat_2023-04-19-04-50-40.perfetto-trace size=3563520 mod=1681879840 from UID=10408 used=231313408 quota=5278901 ratio=438184
04-19 15:59:15.944  5470  1789 D installd: Purging /mnt/pass_through/0/emulated/0/Android/data/org.jetbrains.android_benchmark.test/cache/Wolf3dBenchmark_mutableRefFloatIn2Longs_2023-04-19-04-50-56.perfetto-trace size=2715648 mod=1681879856 from UID=10408 used=227749888 quota=5278901 ratio=431434
04-19 15:59:15.945  5470  1789 D installd: Purging /mnt/pass_through/0/emulated/0/Android/data/org.jetbrains.android_benchmark.test/cache/Wolf3dBenchmark_valueInlineFloat_2023-04-19-04-51-11.perfetto-trace size=2584576 mod=1681879871 from UID=10408 used=225034240 quota=5278901 ratio=426289
04-19 15:59:15.945  5470  1789 D installd: Purging /mnt/pass_through/0/emulated/0/Android/data/org.jetbrains.android_benchmark.test/cache/Wolf3dBenchmark_valueFloat_2023-04-19-04-51-42.perfetto-trace size=51187712 mod=1681879903 from UID=10408 used=222449664 quota=5278901 ratio=421393
04-19 15:59:15.950  5470  1789 D installd: Purging /data/user_de/0/org.jetbrains.android_benchmark.test/code_cache/com.android.skia.shaders_cache size=16384 mod=1681912569 from UID=10408 used=171261952 quota=5278901 ratio=324427
04-19 15:59:15.951  5470  1789 D installd: Purging /data/user_de/0/org.jetbrains.android_benchmark.test/code_cache/com.android.opengl.shaders_cache size=8192 mod=1681912569 from UID=10408 used=171245568 quota=5278901 ratio=324396
04-19 15:59:15.951  5470  1789 D installd: Purging /mnt/pass_through/0/emulated/0/Android/data/org.jetbrains.android_benchmark.test/cache/AckermannBenchmark_mutableRefIntIn1Long_2023-04-19-13-56-11.perfetto-trace size=5275648 mod=1681912571 from UID=10408 used=171237376 quota=5278901 ratio=324380
04-19 15:59:15.952  5470  1789 D installd: Purging /mnt/pass_through/0/emulated/0/Android/data/org.jetbrains.android_benchmark.test/cache/AckermannBenchmark_valueInt_2023-04-19-13-56-20.perfetto-trace size=12288000 mod=1681912580 from UID=10408 used=165961728 quota=5278901 ratio=314386
04-19 15:59:15.953  5470  1789 D installd: Purging /mnt/pass_through/0/emulated/0/Android/data/org.jetbrains.android_benchmark.test/cache/AckermannBenchmark_mutableRefLong_2023-04-19-13-56-27.perfetto-trace size=3547136 mod=1681912587 from UID=10408 used=153673728 quota=5278901 ratio=291109
04-19 15:59:15.954  5470  1789 D installd: Purging /mnt/pass_through/0/emulated/0/Android/data/org.jetbrains.android_benchmark.test/cache/AckermannBenchmark_valueLong_2023-04-19-13-56-36.perfetto-trace size=12488704 mod=1681912596 from UID=10408 used=150126592 quota=5278901 ratio=284389
04-19 15:59:15.955  5470  1789 D installd: Purging /mnt/pass_through/0/emulated/0/Android/data/org.jetbrains.android_benchmark.test/cache/AckermannBenchmark_baselineLong_2023-04-19-13-56-52.perfetto-trace size=26398720 mod=1681912613 from UID=10408 used=137637888 quota=5278901 ratio=260732
04-19 15:59:15.959  5470  1789 D installd: Purging /mnt/pass_through/0/emulated/0/Android/data/org.jetbrains.android_benchmark.test/cache/AckermannBenchmark_valuePreserveBoxLong_2023-04-19-13-57-01.perfetto-trace size=13225984 mod=1681912621 from UID=10408 used=111239168 quota=5278901 ratio=210724
04-19 15:59:15.960  5470  1789 D installd: Purging /mnt/pass_through/0/emulated/0/Android/data/org.jetbrains.android_benchmark.test/cache/AckermannBenchmark_baselineInt_2023-04-19-13-57-12.perfetto-trace size=13766656 mod=1681912632 from UID=10408 used=98013184 quota=5278901 ratio=185669
04-19 15:59:15.962  5470  1789 D installd: Purging /mnt/pass_through/0/emulated/0/Android/data/org.jetbrains.android_benchmark.test/cache/AckermannBenchmark_valuePreserveBoxInt_2023-04-19-13-57-20.perfetto-trace size=9060352 mod=1681912640 from UID=10408 used=84246528 quota=5278901 ratio=159591
04-19 15:59:15.963  5470  1789 D installd: Purging /mnt/pass_through/0/emulated/0/Android/data/org.jetbrains.android_benchmark.test/cache/AckermannBenchmark_mutableRefIntIn2Longs_2023-04-19-13-57-27.perfetto-trace size=2572288 mod=1681912647 from UID=10408 used=75186176 quota=5278901 ratio=142427
04-19 15:59:15.964  5470  1789 D installd: Purging /mnt/pass_through/0/emulated/0/Android/data/org.jetbrains.android_benchmark.test/cache/AckermannBenchmark_longPackInt_2023-04-19-13-57-33.perfetto-trace size=3223552 mod=1681912653 from UID=10408 used=72613888 quota=5278901 ratio=137554
04-19 15:59:15.965  5470  1789 D installd: Purging /mnt/pass_through/0/emulated/0/Android/data/org.jetbrains.android_benchmark.test/cache/Wolf3dBenchmark_valueDouble_2023-04-19-13-58-14.perfetto-trace size=69341184 mod=1681912694 from UID=10408 used=69390336 quota=5278901 ratio=131448
04-19 15:59:15.986  5470  1789 D installd: Active ratio 93 isn't over quota, and defy not requested
04-19 15:59:16.013  5628  9811 D SemWifiUsabilityStatsMonitor: onWifiUsabilityStats - seqNum 36088, isSameBssidAndFreq true
04-19 15:59:16.016  5628  8422 I SemWifiLinkQualityMonitor: Link Qos Query: 0.018 ms / 433.000 Mbps (433 / 0.000 / 1.000)
04-19 15:59:16.621 30407 30407 I ResourceOverlayService_0: waitAndQuit called
04-19 15:59:16.622 30407 30407 I ResourceOverlayService_0: activity user id 0 process id 0
04-19 15:59:17.624 30407 30407 I ResourceOverlayService_0: waitAndQuit called
04-19 15:59:17.626 30407 30407 I ResourceOverlayService_0: activity user id 0 process id 0
04-19 15:59:18.628 30407 30407 I ResourceOverlayService_0: waitAndQuit called
04-19 15:59:18.630 30407 30407 I ResourceOverlayService_0: activity user id 0 process id 0
04-19 15:59:18.954 17564 17585 D Benchmark: allocationCount[ 0:10]: 16515903 16515897 16515898 16515897 16515897
04-19 15:59:18.954 17564 17585 D Benchmark: Set 17585 (Bench thread) to priority -8. Was -20, now -8
04-19 15:59:18.954 17564 17585 D Benchmark: Set 17572 (Jit) to priority 9. Was -15, now 9
04-19 15:59:18.954 17564 17585 D Benchmark: Warmup: t=20.298, iter=30, fastAvg=684375232, slowAvg=748488768
04-19 15:59:18.955 17564 17585 I PerfettoCapture: Stopping perfetto.
04-19 15:59:18.998 19698 19698 I perfetto:    perfetto_cmd.cc:1168 SIGINT/SIGTERM received: disabling tracing.
04-19 15:59:19.002 17564 17585 D Benchmark: kill -TERM command output -
04-19 15:59:19.010  5403  5403 I perfetto:  probes_producer.cc:396 Producer stop (id=745)
04-19 15:59:19.014  5403  5403 I perfetto:    ftrace_procfs.cc:342 disabled ftrace in /sys/kernel/tracing/
04-19 15:59:19.054  5628  9811 D SemWifiUsabilityStatsMonitor: onWifiUsabilityStats - seqNum 36089, isSameBssidAndFreq true
04-19 15:59:19.058  5628  8422 I SemWifiLinkQualityMonitor: Link Qos Query: 0.018 ms / 433.000 Mbps (433 / 0.000 / 1.000)
04-19 15:59:19.083  4378  4378 I hwservicemanager: getTransport: Cannot find entry android.hardware.atrace@1.0::IAtraceDevice/default in either framework or device VINTF manifest.
04-19 15:59:19.092  5403  5403 I perfetto:  probes_producer.cc:396 Producer stop (id=746)
04-19 15:59:19.094  5403  5403 I perfetto:  probes_producer.cc:396 Producer stop (id=747)
04-19 15:59:19.167 19698 19698 I perfetto:    perfetto_cmd.cc:1124 Trace written into the output file
04-19 15:59:19.185  5406  5406 I perfetto: ng_service_impl.cc:2426 Tracing session 187 ended, total sessions:0
04-19 15:59:19.625 17564 17585 D Benchmark: Waiting 500 ms for [ProcessPid(processName=perfetto, pid=19698)] to die
04-19 15:59:19.632 30407 30407 I ResourceOverlayService_0: waitAndQuit called
04-19 15:59:19.634 30407 30407 I ResourceOverlayService_0: activity user id 0 process id 0
04-19 15:59:19.763 17564 17585 I PerfettoCapture: Writing to /storage/emulated/0/Android/data/org.jetbrains.android_benchmark.test/cache/Wolf3dBenchmark_inlineFloat_2023-04-19-13-59-18.perfetto-trace.
04-19 15:59:20.415 17564 17585 D Benchmark: Copying /storage/emulated/0/Android/data/org.jetbrains.android_benchmark.test/cache/Wolf3dBenchmark_inlineFloat_2023-04-19-13-59-18.perfetto-trace to /sdcard/Android/media/org.jetbrains.android_benchmark.test/additional_test_output/Wolf3dBenchmark_inlineFloat_2023-04-19-13-59-18.perfetto-trace
04-19 15:59:20.444 10919 18979 W MediaProvider: isAppCloneUserPair for user 0: false
04-19 15:59:20.636 30407 30407 I ResourceOverlayService_0: waitAndQuit called
04-19 15:59:20.638 30407 30407 I ResourceOverlayService_0: activity user id 0 process id 0
04-19 15:59:20.708  5628 11235 D SyncManager: userId - 0 auto - true
04-19 15:59:20.844  5628  5714 W libprocessgroup: Failed to open /dev/blkio//cgroup.procs: No such file or directory
04-19 15:59:20.866 23109 15265 I NetworkScheduler.Stats: Task com.google.android.gms/com.google.android.gms.ipa.base.IpaGcmTaskService started execution. cause:9 exec_start_elapsed_seconds: 345806 [CONTEXT service_id=218 ]
04-19 15:59:20.911 23109 19645 I NetworkScheduler.Stats: Task com.google.android.gms/com.google.android.gms.ipa.base.IpaGcmTaskService finished executing. cause:9 result: 1 elapsed_millis: 73 uptime_millis: 73 exec_start_elapsed_seconds: 345806 [CONTEXT service_id=218 ]
04-19 15:59:20.915 23109 23109 D BoundBrokerSvc: onBind: Intent { act=com.google.android.gms.scheduler.ACTION_PROXY_SCHEDULE dat=chimera-action:/... cmp=com.google.android.gms/.chimera.PersistentApiService }
04-19 15:59:20.915 23109 23109 D BoundBrokerSvc: Loading bound service for intent: Intent { act=com.google.android.gms.scheduler.ACTION_PROXY_SCHEDULE dat=chimera-action:/... cmp=com.google.android.gms/.chimera.PersistentApiService }
04-19 15:59:21.138 10919 11687 I FuseDaemon: Threshold exceeded - fadvising 67194880
04-19 15:59:21.138 10919 11687 I FuseDaemon: Threshold now 0
04-19 15:59:21.223  5628  5714 W libprocessgroup: Failed to open /dev/blkio//cgroup.procs: No such file or directory
04-19 15:59:21.241 13194 13194 I SCS@AiSearch user 0: (ObserverWorker::AOSP_MP) [main] entering in startWork():
04-19 15:59:21.242 13194 13194 I SCS@AiSearch user 0: (BaseCollector::AOSP_MP) [main] entering in onChange():
04-19 15:59:21.242 13194 15497 I SCS@AiSearch user 0: (BaseCollector::AOSP_MP) [AOSP_MP-0] entering in collectChanges():
04-19 15:59:21.287  5628 11466 D PackageManager: setEnabledSetting : userId = 0 packageName = com.samsung.android.scs cmp = androidx.work.impl.background.systemalarm.RescheduleReceiver newState = 1 callingPackage = 10380/com.samsung.android.scs
04-19 15:59:21.293  5628 11466 D ApplicationPolicy: getApplicationStateEnabled : pkg = com.samsung.android.scs userId : 0
04-19 15:59:21.294  5628 11466 D ApplicationPolicy: getApplicationComponentState : pkg = com.samsung.android.scs userId : 0
04-19 15:59:21.338 13194 15497 I SCS@AiSearch user 0: (BaseCollector::AOSP_MP) fetchInternal values : maxSyncId: 1000007868 indexCount: 1709 sourceCount: 1709
04-19 15:59:21.381 13194 15497 I SCS@AiSearch user 0: (IndexManager) [AOSP_MP-0] entering in addIndex():
04-19 15:59:21.386 13194 15497 I SCS@AiSearch user 0: (BaseCollector::AOSP_MP) fetch: fetching took  89 ms
04-19 15:59:21.386 13194 15497 I SCS@AiSearch user 0: (BaseCollector::AOSP_MP) fetchChanges: applied 0 items
04-19 15:59:21.387 13194 15497 I SCS@AiSearch user 0: (BaseCollector::AOSP_MP) Collect finished. Result: true
04-19 15:59:21.389 13194 13250 I WM-WorkerWrapper: Worker result SUCCESS for Work [ id=d42e9725-4b35-4eeb-9a2c-c84c140e7a0b, tags={ com.sec.android.app.myfiles, com.samsung.android.scs.ai.search.data.collector.ObserverWorker } ]
04-19 15:59:21.399 13194 15497 I SCS@AiSearch user 0: (BaseCollector::AOSP_MP) enqueue ObserverWorker name: com.sec.android.app.myfiles, policy: APPEND_OR_REPLACE
04-19 15:59:21.563 17564 17585 I Benchmark: Wolf3dBenchmark.inlineFloat[Metric (timeNs) results: median 6.72639326E8, min 6.27469076E8, max 7.05920384E8, standardDeviation: 1.957563331133731E7, Metric (allocationCount) results: median 1.6515897E7, min 1.6515897E7, max 1.6515903E7, standardDeviation: 2.6076809620810595]count=1
04-19 15:59:21.570 17564 17585 D Benchmark: writing results to /storage/emulated/0/Android/data/org.jetbrains.android_benchmark.test/cache/org.jetbrains.android_benchmark.test-benchmarkData.json
04-19 15:59:21.585 17564 17585 D Benchmark: Copying /storage/emulated/0/Android/data/org.jetbrains.android_benchmark.test/cache/org.jetbrains.android_benchmark.test-benchmarkData.json to /sdcard/Android/media/org.jetbrains.android_benchmark.test/additional_test_output/org.jetbrains.android_benchmark.test-benchmarkData.json
04-19 15:59:21.604 13194 13194 W ung.android.scs: Long monitor contention with owner queued-work-looper (13255) at void android.app.QueuedWork.processPendingWork()(QueuedWork.java:273) waiters=0 in void android.app.QueuedWork.processPendingWork() for 206ms
04-19 15:59:21.641 30407 30407 I ResourceOverlayService_0: waitAndQuit called
04-19 15:59:21.642 30407 30407 I ResourceOverlayService_0: activity user id 0 process id 0
04-19 15:59:21.945  5628  8566 D PackageManager: setEnabledSetting : userId = 0 packageName = com.samsung.android.scs cmp = androidx.work.impl.background.systemalarm.RescheduleReceiver newState = 1 callingPackage = 10380/com.samsung.android.scs
04-19 15:59:21.948  5628  8566 D ApplicationPolicy: getApplicationStateEnabled : pkg = com.samsung.android.scs userId : 0
04-19 15:59:21.951  5628  8566 D ApplicationPolicy: getApplicationComponentState : pkg = com.samsung.android.scs userId : 0
04-19 15:59:22.092  5628  9811 D SemWifiUsabilityStatsMonitor: onWifiUsabilityStats - seqNum 36090, isSameBssidAndFreq true
04-19 15:59:22.095  5628  8422 I SemWifiLinkQualityMonitor: Link Qos Query: 0.018 ms / 433.000 Mbps (433 / 0.000 / 1.000)
04-19 15:59:22.646 30407 30407 I ResourceOverlayService_0: waitAndQuit called
04-19 15:59:22.648 30407 30407 I ResourceOverlayService_0: activity user id 0 process id 0
04-19 15:59:22.842 19806 19824 I Finsky  : [173] kre.run(17): Stats for Executor: BlockingExecutor ndx@fd7c874[Running, pool size = 5, active threads = 0, queued tasks = 0, completed tasks = 20]
04-19 15:59:22.845 19806 19824 I Finsky  : [173] kre.run(17): Stats for Executor: LightweightExecutor ndx@babe19d[Running, pool size = 4, active threads = 0, queued tasks = 0, completed tasks = 88]
04-19 15:59:23.016 19806 19824 I Finsky  : [173] kre.run(17): Stats for Executor: bgExecutor ndx@35b1612[Running, pool size = 4, active threads = 0, queued tasks = 0, completed tasks = 124]
04-19 15:59:23.653 30407 30407 I ResourceOverlayService_0: waitAndQuit called
04-19 15:59:23.654 30407 30407 I ResourceOverlayService_0: activity user id 0 process id 0
04-19 15:59:23.791  5331  5331 I SurfaceFlinger: SFWD update time=252353894570386
04-19 15:59:23.925  5628  8567 D SyncManager: userId - 0 auto - true
04-19 15:59:23.977 10919 20282 I MediaProvider: Deleted 1 0 0 0 0 0 0 items on external_primary due to org.jetbrains.android_benchmark.test
04-19 15:59:23.999 10919 18979 W MediaProvider: isAppCloneUserPair for user 0: false
04-19 15:59:24.076  5628  8566 D SyncManager: userId - 0 auto - true
04-19 15:59:24.080 17564 17585 I TestRunner: finished: inlineFloat(org.jetbrains.android_benchmark.Wolf3dBenchmark)
