04-18 00:40:39.141  4066  4066 I Launcher.AppsPageDelegate: updateItemToNewPosition = title : Kaspersky, rank : 25, screenId : 1, user: UserHandle{0}, screenType: 0, pos: 25, screen: 1
04-18 00:40:39.141  4066  4066 I Launcher.AppsPageDelegate: updateItemToNewPosition = title : Firefox, rank : 7, screenId : 1, user: UserHandle{0}, screenType: 0, pos: 7, screen: 1
04-18 00:40:39.141  4066  4066 I Launcher.AppsPageDelegate: updateItemToNewPosition = title : Google Japanese Input, rank : 19, screenId : 1, user: UserHandle{0}, screenType: 0, pos: 19, screen: 1
04-18 00:40:39.141  4066  4066 I Launcher.AppsPageDelegate: updateItemToNewPosition = title : HiPER Scientific Calculator, rank : 22, screenId : 1, user: UserHandle{0}, screenType: 0, pos: 22, screen: 1
04-18 00:40:39.141  4066  4066 I Launcher.AppsPageDelegate: updateItemToNewPosition = title : DuckDuckGo, rank : 1, screenId : 1, user: UserHandle{0}, screenType: 0, pos: 1, screen: 1
04-18 00:40:39.141  4066  4066 I Launcher.AppsPageDelegate: updateItemToNewPosition = title : GitHub, rank : 17, screenId : 1, user: UserHandle{0}, screenType: 0, pos: 17, screen: 1
04-18 00:40:39.141  4066  4066 I Launcher.AppsPageDelegate: updateItemToNewPosition = title : Excel, rank : 5, screenId : 1, user: UserHandle{0}, screenType: 0, pos: 5, screen: 1
04-18 00:40:39.141  4066  4066 I Launcher.AppsPageDelegate: updateItemToNewPosition = title : Graphing Calc, rank : 21, screenId : 1, user: UserHandle{0}, screenType: 0, pos: 21, screen: 1
04-18 00:40:39.141  4066  4066 I Launcher.AppsPageDelegate: updateItemToNewPosition = title : Files, rank : 6, screenId : 1, user: UserHandle{0}, screenType: 0, pos: 6, screen: 1
04-18 00:40:39.141  4066  4066 I Launcher.AppsPageDelegate: updateItemToNewPosition = title : Gboard, rank : 16, screenId : 1, user: UserHandle{0}, screenType: 0, pos: 16, screen: 1
04-18 00:40:39.141  4066  4066 I Launcher.AppsPageDelegate: updateItemToNewPosition = title : Edge Canary, rank : 4, screenId : 1, user: UserHandle{0}, screenType: 0, pos: 4, screen: 1
04-18 00:40:39.141  4066  4066 I Launcher.AppsPageDelegate: updateItemToNewPosition = title : Glovo, rank : 18, screenId : 1, user: UserHandle{0}, screenType: 0, pos: 18, screen: 1
04-18 00:40:39.141  4066  4066 I Launcher.AppsPageDelegate: updateItemToNewPosition = title : Lens, rank : 29, screenId : 1, user: UserHandle{0}, screenType: 0, pos: 29, screen: 1
04-18 00:40:39.141  4066  4066 I Launcher.AppsPageDelegate: updateItemToNewPosition = title : KDE Connect, rank : 26, screenId : 1, user: UserHandle{0}, screenType: 0, pos: 26, screen: 1
04-18 00:40:39.141  4066  4066 I Launcher.AppsPageDelegate: updateItemToNewPosition = title : KAlgebra, rank : 24, screenId : 1, user: UserHandle{0}, screenType: 0, pos: 24, screen: 1
04-18 00:40:39.142  4066  4066 I Launcher.AppsPageDelegate: updateItemToNewPosition = title : Game Plugins, rank : 14, screenId : 1, user: UserHandle{0}, screenType: 0, pos: 14, screen: 1
04-18 00:40:39.142  4066  4066 I Launcher.AppsPageDelegate: updateItemToNewPosition = title : Knowledge, rank : 28, screenId : 1, user: UserHandle{0}, screenType: 0, pos: 28, screen: 1
04-18 00:40:39.142  4066  4066 I Launcher.AppsPageDelegate: updateItemToNewPosition = title : Duolingo, rank : 2, screenId : 1, user: UserHandle{0}, screenType: 0, pos: 2, screen: 1
04-18 00:40:39.142  4066  4066 I Launcher.AppsPageDelegate: updateItemToNewPosition = title : Forest, rank : 9, screenId : 1, user: UserHandle{0}, screenType: 0, pos: 9, screen: 1
04-18 00:40:39.142  4066  4066 I Launcher.AppsPageDelegate: updateItemToNewPosition = title : Flipd, rank : 8, screenId : 1, user: UserHandle{0}, screenType: 0, pos: 8, screen: 1
04-18 00:40:39.142  4066  4066 I Launcher.AppsPageDelegate: updateItemToNewPosition = title : Instagram, rank : 23, screenId : 1, user: UserHandle{0}, screenType: 0, pos: 23, screen: 1
04-18 00:40:39.142  4066  4066 I Launcher.AppsPageDelegate: updateItemToNewPosition = title : Durak, rank : 3, screenId : 1, user: UserHandle{0}, screenType: 0, pos: 3, screen: 1
04-18 00:40:39.142  4066  4066 I Launcher.AppsPageDelegate: updateItemToNewPosition = title : Games, rank : 15, screenId : 1, user: UserHandle{0}, screenType: 0, pos: 15, screen: 1
04-18 00:40:39.142  4066  4066 I Launcher.AppsPageDelegate: updateItemToNewPosition = title : Grammarly, rank : 20, screenId : 1, user: UserHandle{0}, screenType: 0, pos: 20, screen: 1
04-18 00:40:39.142  4066  4066 I Launcher.AppsPageDelegate: updateItemToNewPosition = title : OneDrive, rank : 20, screenId : 2, user: UserHandle{0}, screenType: 0, pos: 20, screen: 2
04-18 00:40:39.142  4066  4066 I Launcher.AppsPageDelegate: updateItemToNewPosition = title : Phone, rank : 24, screenId : 2, user: UserHandle{0}, screenType: 0, pos: 24, screen: 2
04-18 00:40:39.142  4066  4066 I Launcher.AppsPageDelegate: updateItemToNewPosition = title : Messages, rank : 8, screenId : 2, user: UserHandle{0}, screenType: 0, pos: 8, screen: 2
04-18 00:40:39.142  4066  4066 I Launcher.AppsPageDelegate: updateItemToNewPosition = title : Mail, rank : 1, screenId : 2, user: UserHandle{0}, screenType: 0, pos: 1, screen: 2
04-18 00:40:39.142  4066  4066 I Launcher.AppsPageDelegate: updateItemToNewPosition = title : Photos, rank : 27, screenId : 2, user: UserHandle{0}, screenType: 0, pos: 27, screen: 2
04-18 00:40:39.142  4066  4066 I Launcher.AppsPageDelegate: updateItemToNewPosition = title : Microsoft 365 (Office), rank : 9, screenId : 2, user: UserHandle{0}, screenType: 0, pos: 9, screen: 2
04-18 00:40:39.142  4066  4066 I Launcher.AppsPageDelegate: updateItemToNewPosition = title : Mail, rank : 2, screenId : 2, user: UserHandle{0}, screenType: 0, pos: 2, screen: 2
04-18 00:40:39.142  4066  4066 I Launcher.AppsPageDelegate: updateItemToNewPosition = title : Maps, rank : 3, screenId : 2, user: UserHandle{0}, screenType: 0, pos: 3, screen: 2
04-18 00:40:39.143  4066  4066 I Launcher.AppsPageDelegate: updateItemToNewPosition = title : PhotoScan, rank : 28, screenId : 2, user: UserHandle{0}, screenType: 0, pos: 28, screen: 2
04-18 00:40:39.143  4066  4066 I Launcher.AppsPageDelegate: updateItemToNewPosition = title : PaintCAD, rank : 23, screenId : 2, user: UserHandle{0}, screenType: 0, pos: 23, screen: 2
04-18 00:40:39.143  4066  4066 I Launcher.AppsPageDelegate: updateItemToNewPosition = title : OONI Probe, rank : 21, screenId : 2, user: UserHandle{0}, screenType: 0, pos: 21, screen: 2
04-18 00:40:39.143  4066  4066 I Launcher.AppsPageDelegate: updateItemToNewPosition = title : Microsoft Launcher, rank : 10, screenId : 2, user: UserHandle{0}, screenType: 0, pos: 10, screen: 2
04-18 00:40:39.143  4066  4066 I Launcher.AppsPageDelegate: updateItemToNewPosition = title : my.itmo, rank : 16, screenId : 2, user: UserHandle{0}, screenType: 0, pos: 16, screen: 2
04-18 00:40:39.143  4066  4066 I Launcher.AppsPageDelegate: updateItemToNewPosition = title : Photomath, rank : 26, screenId : 2, user: UserHandle{0}, screenType: 0, pos: 26, screen: 2
04-18 00:40:39.143  4066  4066 I Launcher.AppsPageDelegate: updateItemToNewPosition = title : Orbot, rank : 22, screenId : 2, user: UserHandle{0}, screenType: 0, pos: 22, screen: 2
04-18 00:40:39.143  4066  4066 I Launcher.AppsPageDelegate: updateItemToNewPosition = title : Natural Scientific Calculator, rank : 17, screenId : 2, user: UserHandle{0}, screenType: 0, pos: 17, screen: 2
04-18 00:40:39.143  4066  4066 I Launcher.AppsPageDelegate: updateItemToNewPosition = title : meduza, rank : 4, screenId : 2, user: UserHandle{0}, screenType: 0, pos: 4, screen: 2
04-18 00:40:39.143  4066  4066 I Launcher.AppsPageDelegate: updateItemToNewPosition = title : Meet, rank : 5, screenId : 2, user: UserHandle{0}, screenType: 0, pos: 5, screen: 2
04-18 00:40:39.143  4066  4066 I Launcher.AppsPageDelegate: updateItemToNewPosition = title : PhoneAccount Abuse Detector, rank : 25, screenId : 2, user: UserHandle{0}, screenType: 0, pos: 25, screen: 2
04-18 00:40:39.143  4066  4066 I Launcher.AppsPageDelegate: updateItemToNewPosition = title : Moodle, rank : 13, screenId : 2, user: UserHandle{0}, screenType: 0, pos: 13, screen: 2
04-18 00:40:39.143  4066  4066 I Launcher.AppsPageDelegate: updateItemToNewPosition = title : Play Games, rank : 29, screenId : 2, user: UserHandle{0}, screenType: 0, pos: 29, screen: 2
04-18 00:40:39.143  4066  4066 I Launcher.AppsPageDelegate: updateItemToNewPosition = title : Omnics, rank : 19, screenId : 2, user: UserHandle{0}, screenType: 0, pos: 19, screen: 2
04-18 00:40:39.143  4066  4066 I Launcher.AppsPageDelegate: updateItemToNewPosition = title : Moja mBanka, rank : 12, screenId : 2, user: UserHandle{0}, screenType: 0, pos: 12, screen: 2
04-18 00:40:39.143  4066  4066 I Launcher.AppsPageDelegate: updateItemToNewPosition = title : Meet (original), rank : 6, screenId : 2, user: UserHandle{0}, screenType: 0, pos: 6, screen: 2
04-18 00:40:39.143  4066  4066 I Launcher.AppsPageDelegate: updateItemToNewPosition = title : LinkedIn, rank : 0, screenId : 2, user: UserHandle{0}, screenType: 0, pos: 0, screen: 2
04-18 00:40:39.144  4066  4066 I Launcher.AppsPageDelegate: updateItemToNewPosition = title : Moovit, rank : 14, screenId : 2, user: UserHandle{0}, screenType: 0, pos: 14, screen: 2
04-18 00:40:39.144  4066  4066 I Launcher.AppsPageDelegate: updateItemToNewPosition = title : Notion, rank : 18, screenId : 2, user: UserHandle{0}, screenType: 0, pos: 18, screen: 2
04-18 00:40:39.144  4066  4066 I Launcher.AppsPageDelegate: updateItemToNewPosition = title : Moj Maxi, rank : 11, screenId : 2, user: UserHandle{0}, screenType: 0, pos: 11, screen: 2
04-18 00:40:39.144  4066  4066 I Launcher.AppsPageDelegate: updateItemToNewPosition = title : Music, rank : 15, screenId : 2, user: UserHandle{0}, screenType: 0, pos: 15, screen: 2
04-18 00:40:39.144  4066  4066 I Launcher.AppsPageDelegate: updateItemToNewPosition = title : MegaFonPRO, rank : 7, screenId : 2, user: UserHandle{0}, screenType: 0, pos: 7, screen: 2
04-18 00:40:39.144  4066  4066 I Launcher.AppsPageDelegate: updateItemToNewPosition = title : Play Store, rank : 1, screenId : 3, user: UserHandle{0}, screenType: 0, pos: 1, screen: 3
04-18 00:40:39.144  4066  4066 I Launcher.AppsPageDelegate: updateItemToNewPosition = title : Settings, rank : 14, screenId : 3, user: UserHandle{0}, screenType: 0, pos: 14, screen: 3
04-18 00:40:39.144  4066  4066 I Launcher.AppsPageDelegate: updateItemToNewPosition = title : Samsung Health, rank : 10, screenId : 3, user: UserHandle{0}, screenType: 0, pos: 10, screen: 3
04-18 00:40:39.144  4066  4066 I Launcher.AppsPageDelegate: updateItemToNewPosition = title : Samsung Members, rank : 11, screenId : 3, user: UserHandle{0}, screenType: 0, pos: 11, screen: 3
04-18 00:40:39.144  4066  4066 I Launcher.AppsPageDelegate: updateItemToNewPosition = title : Samsung Notes, rank : 12, screenId : 3, user: UserHandle{0}, screenType: 0, pos: 12, screen: 3
04-18 00:40:39.144  4066  4066 I Launcher.AppsPageDelegate: updateItemToNewPosition = title : Stepik, rank : 26, screenId : 3, user: UserHandle{0}, screenType: 0, pos: 26, screen: 3
04-18 00:40:39.144  4066  4066 I Launcher.AppsPageDelegate: updateItemToNewPosition = title : Sheets, rank : 16, screenId : 3, user: UserHandle{0}, screenType: 0, pos: 16, screen: 3
04-18 00:40:39.144  4066  4066 I Launcher.AppsPageDelegate: updateItemToNewPosition = title : Tasks, rank : 27, screenId : 3, user: UserHandle{0}, screenType: 0, pos: 27, screen: 3
04-18 00:40:39.144  4066  4066 I Launcher.AppsPageDelegate: updateItemToNewPosition = title : QuickEdit, rank : 5, screenId : 3, user: UserHandle{0}, screenType: 0, pos: 5, screen: 3
04-18 00:40:39.144  4066  4066 I Launcher.AppsPageDelegate: updateItemToNewPosition = title : RAR, rank : 8, screenId : 3, user: UserHandle{0}, screenType: 0, pos: 8, screen: 3
04-18 00:40:39.144  4066  4066 I Launcher.AppsPageDelegate: updateItemToNewPosition = title : Slides, rank : 19, screenId : 3, user: UserHandle{0}, screenType: 0, pos: 19, screen: 3
04-18 00:40:39.145  4066  4066 I Launcher.AppsPageDelegate: updateItemToNewPosition = title : Speedtest, rank : 23, screenId : 3, user: UserHandle{0}, screenType: 0, pos: 23, screen: 3
04-18 00:40:39.145  4066  4066 I Launcher.AppsPageDelegate: updateItemToNewPosition = title : Shazam, rank : 15, screenId : 3, user: UserHandle{0}, screenType: 0, pos: 15, screen: 3
04-18 00:40:39.145  4066  4066 I Launcher.AppsPageDelegate: updateItemToNewPosition = title : Pydroid 3, rank : 4, screenId : 3, user: UserHandle{0}, screenType: 0, pos: 4, screen: 3
04-18 00:40:39.145  4066  4066 I Launcher.AppsPageDelegate: updateItemToNewPosition = title : Slack, rank : 18, screenId : 3, user: UserHandle{0}, screenType: 0, pos: 18, screen: 3
04-18 00:40:39.145  4066  4066 I Launcher.AppsPageDelegate: updateItemToNewPosition = title : Skype, rank : 17, screenId : 3, user: UserHandle{0}, screenType: 0, pos: 17, screen: 3
04-18 00:40:39.145  4066  4066 I Launcher.AppsPageDelegate: updateItemToNewPosition = title : Play Music, rank : 0, screenId : 3, user: UserHandle{0}, screenType: 0, pos: 0, screen: 3
04-18 00:40:39.145  4066  4066 I Launcher.AppsPageDelegate: updateItemToNewPosition = title : Psiphon Pro, rank : 3, screenId : 3, user: UserHandle{0}, screenType: 0, pos: 3, screen: 3
04-18 00:40:39.145  4066  4066 I Launcher.AppsPageDelegate: updateItemToNewPosition = title : ScreenshotGo, rank : 13, screenId : 3, user: UserHandle{0}, screenType: 0, pos: 13, screen: 3
04-18 00:40:39.145  4066  4066 I Launcher.AppsPageDelegate: updateItemToNewPosition = title : Smart Tutor, rank : 20, screenId : 3, user: UserHandle{0}, screenType: 0, pos: 20, screen: 3
04-18 00:40:39.145  4066  4066 I Launcher.AppsPageDelegate: updateItemToNewPosition = title : RaiPay, rank : 7, screenId : 3, user: UserHandle{0}, screenType: 0, pos: 7, screen: 3
04-18 00:40:39.145  4066  4066 I Launcher.AppsPageDelegate: updateItemToNewPosition = title : Teams, rank : 29, screenId : 3, user: UserHandle{0}, screenType: 0, pos: 29, screen: 3
04-18 00:40:39.145  4066  4066 I Launcher.AppsPageDelegate: updateItemToNewPosition = title : Proton VPN, rank : 2, screenId : 3, user: UserHandle{0}, screenType: 0, pos: 2, screen: 3
04-18 00:40:39.145  4066  4066 I Launcher.AppsPageDelegate: updateItemToNewPosition = title : Quip, rank : 6, screenId : 3, user: UserHandle{0}, screenType: 0, pos: 6, screen: 3
04-18 00:40:39.145  4066  4066 I Launcher.AppsPageDelegate: updateItemToNewPosition = title : Splitwise, rank : 24, screenId : 3, user: UserHandle{0}, screenType: 0, pos: 24, screen: 3
04-18 00:40:39.145  4066  4066 I Launcher.AppsPageDelegate: updateItemToNewPosition = title : Space, rank : 21, screenId : 3, user: UserHandle{0}, screenType: 0, pos: 21, screen: 3
04-18 00:40:39.145  4066  4066 I Launcher.AppsPageDelegate: updateItemToNewPosition = title : Reddit, rank : 9, screenId : 3, user: UserHandle{0}, screenType: 0, pos: 9, screen: 3
04-18 00:40:39.145  4066  4066 I Launcher.AppsPageDelegate: updateItemToNewPosition = title : SPACE, rank : 22, screenId : 3, user: UserHandle{0}, screenType: 0, pos: 22, screen: 3
04-18 00:40:39.145  4066  4066 I Launcher.AppsPageDelegate: updateItemToNewPosition = title : TeamCityApp, rank : 28, screenId : 3, user: UserHandle{0}, screenType: 0, pos: 28, screen: 3
04-18 00:40:39.145  4066  4066 I Launcher.AppsPageDelegate: updateItemToNewPosition = title : Srbija voz, rank : 25, screenId : 3, user: UserHandle{0}, screenType: 0, pos: 25, screen: 3
04-18 00:40:39.145  4066  4066 I Launcher.AppsPageDelegate: updateItemToNewPosition = title : Yandex Start, rank : 25, screenId : 4, user: UserHandle{0}, screenType: 0, pos: 25, screen: 4
04-18 00:40:39.145  4066  4066 I Launcher.AppsPageDelegate: updateItemToNewPosition = title : Voice Recorder, rank : 13, screenId : 4, user: UserHandle{0}, screenType: 0, pos: 13, screen: 4
04-18 00:40:39.145  4066  4066 I Launcher.AppsPageDelegate: updateItemToNewPosition = title : Tips, rank : 6, screenId : 4, user: UserHandle{0}, screenType: 0, pos: 6, screen: 4
04-18 00:40:39.145  4066  4066 I Launcher.AppsPageDelegate: updateItemToNewPosition = title : Telegram, rank : 0, screenId : 4, user: UserHandle{0}, screenType: 0, pos: 0, screen: 4
04-18 00:40:39.146  4066  4066 I Launcher.AppsPageDelegate: updateItemToNewPosition = title : VK, rank : 12, screenId : 4, user: UserHandle{0}, screenType: 0, pos: 12, screen: 4
04-18 00:40:39.146  4066  4066 I Launcher.AppsPageDelegate: updateItemToNewPosition = title : WhatsApp, rank : 15, screenId : 4, user: UserHandle{0}, screenType: 0, pos: 15, screen: 4
04-18 00:40:39.146  4066  4066 I Launcher.AppsPageDelegate: updateItemToNewPosition = title : Translate, rank : 8, screenId : 4, user: UserHandle{0}, screenType: 0, pos: 8, screen: 4
04-18 00:40:39.146  4066  4066 I Launcher.AppsPageDelegate: updateItemToNewPosition = title : Telegram Beta, rank : 1, screenId : 4, user: UserHandle{0}, screenType: 0, pos: 1, screen: 4
04-18 00:40:39.146  4066  4066 I Launcher.AppsPageDelegate: updateItemToNewPosition = title : Termux, rank : 3, screenId : 4, user: UserHandle{0}, screenType: 0, pos: 3, screen: 4
04-18 00:40:39.146  4066  4066 I Launcher.AppsPageDelegate: updateItemToNewPosition = title : Word, rank : 19, screenId : 4, user: UserHandle{0}, screenType: 0, pos: 19, screen: 4
04-18 00:40:39.146  4066  4066 I Launcher.AppsPageDelegate: updateItemToNewPosition = title : YandexDisk, rank : 22, screenId : 4, user: UserHandle{0}, screenType: 0, pos: 22, screen: 4
04-18 00:40:39.146  4066  4066 I Launcher.AppsPageDelegate: updateItemToNewPosition = title : Yandex Navi, rank : 24, screenId : 4, user: UserHandle{0}, screenType: 0, pos: 24, screen: 4
04-18 00:40:39.146  4066  4066 I Launcher.AppsPageDelegate: updateItemToNewPosition = title : Wolfram Alpha, rank : 17, screenId : 4, user: UserHandle{0}, screenType: 0, pos: 17, screen: 4
04-18 00:40:39.146  4066  4066 I Launcher.AppsPageDelegate: updateItemToNewPosition = title : Translate, rank : 9, screenId : 4, user: UserHandle{0}, screenType: 0, pos: 9, screen: 4
04-18 00:40:39.146  4066  4066 I Launcher.AppsPageDelegate: updateItemToNewPosition = title : Termux Tutorial, rank : 4, screenId : 4, user: UserHandle{0}, screenType: 0, pos: 4, screen: 4
04-18 00:40:39.146  4066  4066 I Launcher.AppsPageDelegate: updateItemToNewPosition = title : Y.Weather, rank : 21, screenId : 4, user: UserHandle{0}, screenType: 0, pos: 21, screen: 4
04-18 00:40:39.146  4066  4066 I Launcher.AppsPageDelegate: updateItemToNewPosition = title : YandexGo, rank : 26, screenId : 4, user: UserHandle{0}, screenType: 0, pos: 26, screen: 4
04-18 00:40:39.146  4066  4066 I Launcher.AppsPageDelegate: updateItemToNewPosition = title : Twitch, rank : 10, screenId : 4, user: UserHandle{0}, screenType: 0, pos: 10, screen: 4
04-18 00:40:39.146  4066  4066 I Launcher.AppsPageDelegate: updateItemToNewPosition = title : Yandex Metro, rank : 23, screenId : 4, user: UserHandle{0}, screenType: 0, pos: 23, screen: 4
04-18 00:40:39.146  4066  4066 I Launcher.AppsPageDelegate: updateItemToNewPosition = title : Wallet, rank : 14, screenId : 4, user: UserHandle{0}, screenType: 0, pos: 14, screen: 4
04-18 00:40:39.146  4066  4066 I Launcher.AppsPageDelegate: updateItemToNewPosition = title : Yettel, rank : 27, screenId : 4, user: UserHandle{0}, screenType: 0, pos: 27, screen: 4
04-18 00:40:39.146  4066  4066 I Launcher.AppsPageDelegate: updateItemToNewPosition = title : Wolt, rank : 18, screenId : 4, user: UserHandle{0}, screenType: 0, pos: 18, screen: 4
04-18 00:40:39.146  4066  4066 I Launcher.AppsPageDelegate: updateItemToNewPosition = title : Zoom, rank : 29, screenId : 4, user: UserHandle{0}, screenType: 0, pos: 29, screen: 4
04-18 00:40:39.146  4066  4066 I Launcher.AppsPageDelegate: updateItemToNewPosition = title : YouTrack, rank : 28, screenId : 4, user: UserHandle{0}, screenType: 0, pos: 28, screen: 4
04-18 00:40:39.146  4066  4066 I Launcher.AppsPageDelegate: updateItemToNewPosition = title : WiFiAnalyzer, rank : 16, screenId : 4, user: UserHandle{0}, screenType: 0, pos: 16, screen: 4
04-18 00:40:39.146  4066  4066 I Launcher.AppsPageDelegate: updateItemToNewPosition = title : To Do, rank : 7, screenId : 4, user: UserHandle{0}, screenType: 0, pos: 7, screen: 4
04-18 00:40:39.146  4066  4066 I Launcher.AppsPageDelegate: updateItemToNewPosition = title : Tinkoff, rank : 5, screenId : 4, user: UserHandle{0}, screenType: 0, pos: 5, screen: 4
04-18 00:40:39.146  4066  4066 I Launcher.AppsPageDelegate: updateItemToNewPosition = title : Twitter, rank : 11, screenId : 4, user: UserHandle{0}, screenType: 0, pos: 11, screen: 4
04-18 00:40:39.146  4066  4066 I Launcher.AppsPageDelegate: updateItemToNewPosition = title : Telemost, rank : 2, screenId : 4, user: UserHandle{0}, screenType: 0, pos: 2, screen: 4
04-18 00:40:39.146  4066  4066 I Launcher.AppsPageDelegate: updateItemToNewPosition = title : Xiaomi Home, rank : 20, screenId : 4, user: UserHandle{0}, screenType: 0, pos: 20, screen: 4
04-18 00:40:39.146  4066  4066 I Launcher.AppsPageDelegate: updateItemToNewPosition = title : , rank : 4, screenId : 5, user: UserHandle{0}, screenType: 0, pos: 4, screen: 5
04-18 00:40:39.147  4066  4066 I Launcher.AppsPageDelegate: updateItemToNewPosition = title : , rank : 8, screenId : 5, user: UserHandle{0}, screenType: 0, pos: 8, screen: 5
04-18 00:40:39.150  4066  4066 I Launcher.AppsPageDelegate: updateItemToNewPosition = title : Natural Scientific Calculator, rank : 17, screenId : 2, user: UserHandle{0}, screenType: 0, pos: 17, screen: 2
04-18 00:40:39.150  4066  4066 I Launcher.AppsPageDelegate: updateItemToNewPosition = title : Meet, rank : 5, screenId : 2, user: UserHandle{0}, screenType: 0, pos: 5, screen: 2
04-18 00:40:39.151  4066  4066 I Launcher.AppsPageDelegate: updateItemToNewPosition = title : PhoneAccount Abuse Detector, rank : 25, screenId : 2, user: UserHandle{0}, screenType: 0, pos: 25, screen: 2
04-18 00:40:39.151  4066  4066 I Launcher.AppsPageDelegate: updateItemToNewPosition = title : Moodle, rank : 13, screenId : 2, user: UserHandle{0}, screenType: 0, pos: 13, screen: 2
04-18 00:40:39.151  4066  4066 I Launcher.AppsPageDelegate: updateItemToNewPosition = title : Play Games, rank : 29, screenId : 2, user: UserHandle{0}, screenType: 0, pos: 29, screen: 2
04-18 00:40:39.151  4066  4066 I Launcher.AppsPageDelegate: updateItemToNewPosition = title : Omnics, rank : 19, screenId : 2, user: UserHandle{0}, screenType: 0, pos: 19, screen: 2
04-18 00:40:39.151  4066  4066 I Launcher.AppsPageDelegate: updateItemToNewPosition = title : Moja mBanka, rank : 12, screenId : 2, user: UserHandle{0}, screenType: 0, pos: 12, screen: 2
04-18 00:40:39.151  4066  4066 I Launcher.AppsPageDelegate: updateItemToNewPosition = title : Meet (original), rank : 6, screenId : 2, user: UserHandle{0}, screenType: 0, pos: 6, screen: 2
04-18 00:40:39.151  4066  4066 I Launcher.AppsPageDelegate: updateItemToNewPosition = title : LinkedIn, rank : 0, screenId : 2, user: UserHandle{0}, screenType: 0, pos: 0, screen: 2
04-18 00:40:39.152  4039  4039 E SystemServiceRegistry: create SemLocationManager service
04-18 00:40:39.159  5628 11218 D SLocation: SLocation - isAvailable 7
04-18 00:40:39.183  4066  4127 I WidgetsModel: EasyModeWidget will be excluded on WidgetList.
04-18 00:40:39.196  4066  4127 I PostPositionOperator: addItem() - ru.mail.cloud, isWidgetOnly : true
04-18 00:40:39.197  4066  4127 W PackageUpdatedTask: refreshSearchLayout return, operation is not matched
04-18 00:40:39.207  5628  8379 W SearchableInfo: Invalid searchable metadata for com.samsung.android.messaging/.ui.view.recipientspicker.PickerActivity: Search label must be a resource reference.
04-18 00:40:39.272  5628  5708 I SemExecuteManagerService: onPackageModified
04-18 00:40:39.360  4039  4039 I [WEATHER]App: {[912AB2AB1CF0C102DDDAB8F13F7B03EA]}
04-18 00:40:39.367  4039  4039 I [WEATHER]App: {[F68914AB15551ACEFA0A50D220C3ACBD27E106755D2B43CE73ECAF019AD8DF5D755202ABB442E4F84F869ABE70497EC8]}
04-18 00:40:39.396  4039  4080 I [WEATHER]AddRepresentLocationHandler: {[DF604F2FE57637CF1717FE26DFD22E396C7BD6BDC8D6558A39C82F692196975EA1F582B3179D59FE377B020D96BB7807]}
04-18 00:40:39.399  4039  4072 I [WEATHER]SecAnalytics: {[C87F748D3E09D031296D0B45C9728D506BA2018A2969685B068C665B20625079BC473CAB037B14B6794B9F69C62FC9B5C1CB4AAE2E90F39F6003B3EEBBA7D950]}
04-18 00:40:39.401  4039  4072 I [WEATHER]SecStatusAnalytics: {[6DF7DAB8289B539D63EB03942BFEEF6AC278DEADF7D674C8E201FD4AD886A6253A041B6C665C4546C9181B6AC372D63C]}
04-18 00:40:39.401  5628  6017 D PackageManager: setEnabledSetting : userId = 0 packageName = com.sec.android.daemonapp cmp = androidx.work.impl.background.systemjob.SystemJobService newState = 1 callingPackage = 10180/com.sec.android.daemonapp
04-18 00:40:39.410  5628  6017 D ApplicationPolicy: getApplicationStateEnabled : pkg = com.sec.android.daemonapp userId : 0
04-18 00:40:39.410  5628  6017 D ApplicationPolicy: getApplicationComponentState : pkg = com.sec.android.daemonapp userId : 0
04-18 00:40:39.416  4376  4376 I lmkd    : 2(delay), 0(swap), 0(freelimit), 0(reentrymode) memory pressure events were skipped after a kill!
04-18 00:40:39.417  4376  4376 I lmkd    : cached 2, sandbox(not0) 0
04-18 00:40:39.418  4039  4039 I [WEATHER]FreeDataClearedReceiver: {[E4E9B33C514CD18D3B966BEC692D67F906C2DEBA18837D70839C6EA2C9B673ABA015620B34DF4F63D21F0AB7FA57AAA300818803F88D960D4F95A252525824FD]}
04-18 00:40:39.419  4376  4376 I lmkd    : Reclaim 'com.samsung.android.app.routines' (2989), uid 10054, oom_score_adj 945, state 19 to free 52904kB rss, 32188kb swap
04-18 00:40:39.420  4376  4376 I lmkd    : Reclaimed 85092kB at oom_score_adj 850
04-18 00:40:39.429  5628  8409 I ChimeraAggressivePolicyHandler: executePolicy() - triggerSource: TRIGGER_SOURCE_LMKD
04-18 00:40:39.438  5250  5250 I Zygote  : Process 2989 exited due to signal 9 (Killed)
04-18 00:40:39.443  5628  8409 I ChimeraAggressivePolicyHandler: available memory: 942772, free memory target: 870400, quit chimera
04-18 00:40:39.461  5628  5712 I libprocessgroup: Successfully killed process cgroup uid 10054 pid 2989 in 0ms
04-18 00:40:39.461 11006 11006 W DMASA[U]: [AppLogData]onTrimMemory(10):1681771239455
04-18 00:40:39.463  8513  8513 D SystemUIService: SYSUI_RAM_OPTIMIZATION onTrimMemory=10
04-18 00:40:39.473  5250  5250 D Zygote  : Forked child process 4095
04-18 00:40:39.481  8492  8492 D SystemUIService: SYSUI_RAM_OPTIMIZATION onTrimMemory=10
04-18 00:40:39.485  9284  9284 W DeviceManager_FLP: onTrimMemory : 10
04-18 00:40:39.488  9284  9353 I GpsSessionManager_FLP: arrangeInvalidSessions
04-18 00:40:39.504  5628  5991 D OpenGLRenderer: trimMemory(TRIM_MEMORY_COMPLETE)::destroyRenderingContext
04-18 00:40:39.504  5628  5991 D OpenGLRenderer: RenderThread::destroyRenderingContext()
04-18 00:40:39.505  5628  5991 D OpenGLRenderer: RenderThread::setGrContext()
04-18 00:40:39.517 11006 11006 I id.diagmonagent: Explicit concurrent copying GC freed 2282(156KB) AllocSpace objects, 0(0B) LOS objects, 69% free, 2690KB/8834KB, paused 377us,71us total 54.412ms
04-18 00:40:39.518  5900  5900 I com.samsung.android.companionservice.service.WRCompanionServiceInterface: requestOnTrimMemory + level=10
04-18 00:40:39.518 28978 28978 I AiAi    : onTrimMemory() with level 10
04-18 00:40:39.520 11006 11006 W DMASA[C]: [DiagMonAgentApplication]onTrimMemory (10)
04-18 00:40:39.523 18530 18530 I Finsky  : [2] tes.onTrimMemory(1): Memory trim requested to level 10
04-18 00:40:39.525  5900  5900 I [WF]_WatchFaceCompanion: onTrimMemory 10
04-18 00:40:39.528  7170  7170 I ContactsProvider: onTrimMemory-success
04-18 00:40:39.530  4039  4039 I [WEATHER]MigrateCp: {[EE6E3CC8B114EAAB1365F7B4D709B85753F27F8F573FC32A591162BC01BC9763]}
04-18 00:40:39.539  4376  4376 I lmkd    : cached 2, sandbox(not0) 0
04-18 00:40:39.544  4376  4376 I lmkd    : Reclaim 'com.samsung.storyservice' (3933), uid 5004, oom_score_adj 935, state 19 to free 34840kB rss, 34372kb swap
04-18 00:40:39.545  4376  4376 I lmkd    : Reclaimed 69212kB at oom_score_adj 850
04-18 00:40:39.546  6504  6504 W SmApplication: onTrimMemory : 10
04-18 00:40:39.562  3762  3762 I SCS@AiSearch user 0: (SearchProvider) onTrimMemory(): 10
04-18 00:40:39.563  6090  6090 I AppBase : AppBase.onTrimMemory():498 onTrimMemory(): 10
04-18 00:40:39.568  4095  4095 I oft.emmx.canary: Using CollectorTypeCC GC.
04-18 00:40:39.569  6090  6090 I GoogleInputMethodService: GoogleInputMethodService.onTrimMemory():4517 onTrimMemory(): 10
04-18 00:40:39.578  5628  5712 I libprocessgroup: Successfully killed process cgroup uid 5004 pid 3933 in 0ms
04-18 00:40:39.586  8492  8492 D SystemUIService: SYSUI_RAM_OPTIMIZATION onTrimMemory=10
04-18 00:40:39.592  5250  5250 I Zygote  : Process 3933 exited due to signal 9 (Killed)
04-18 00:40:39.592  9390  9402 I adbd    : jdwp connection from 4095
04-18 00:40:39.596  9284  9284 W DeviceManager_FLP: onTrimMemory : 10
04-18 00:40:39.596  9284  9353 I GpsSessionManager_FLP: arrangeInvalidSessions
04-18 00:40:39.596 11006 11006 W DMASA[U]: [AppLogData]onTrimMemory(10):1681771239596
04-18 00:40:39.598  4095  4095 W libc    : Access denied finding property "sys.perf.boostopt"
04-18 00:40:39.600  4095  4112 W libc    : Access denied finding property "sys.perf.boostopt"
04-18 00:40:39.602  8513  8513 D SystemUIService: SYSUI_RAM_OPTIMIZATION onTrimMemory=10
04-18 00:40:39.603  4095  4095 D ActivityThread: setConscryptValidator
04-18 00:40:39.603  4095  4095 D ActivityThread: setConscryptValidator - put
04-18 00:40:39.604  4039  4072 I [WEATHER]StartPersistenceWork: {[85B742B6859B0A51E847EECEE54D7BBAE550F5111C0137B0DF63931E80F61A23]}
04-18 00:40:39.607 28537 28537 I DWBTrimMemDispatcher: onTrimMemory(10)
04-18 00:40:39.613 11006 11006 I id.diagmonagent: Explicit concurrent copying GC freed 321(51KB) AllocSpace objects, 0(0B) LOS objects, 69% free, 2687KB/8831KB, paused 121us,74us total 16.348ms
04-18 00:40:39.615  4039  4039 I [WEATHER]CheckCPMatch: {[0AACE7D7FC9AEDAD084D6991E0BF48936746808AE9F5E18E29A560AB84FA3ACB43FE04F5DD41AE38690DAB6FE642AFB4EBB39DC2A80FF3199C44410D2013F90A]}
04-18 00:40:39.617 28978 28978 I AiAi    : onTrimMemory() with level 10
04-18 00:40:39.618 11006 11006 W DMASA[C]: [DiagMonAgentApplication]onTrimMemory (10)
04-18 00:40:39.620  2282  2282 I A       : Trimming objects from memory, since app is in the background.
04-18 00:40:39.621  5900  5900 I com.samsung.android.companionservice.service.WRCompanionServiceInterface: requestOnTrimMemory + level=10
04-18 00:40:39.621  5900  5900 I [WF]_WatchFaceCompanion: onTrimMemory 10
04-18 00:40:39.622  3762  3762 I SCS@AiSearch user 0: (SearchProvider) onTrimMemory(): 10
04-18 00:40:39.636  6504  6504 W SmApplication: onTrimMemory : 10
04-18 00:40:39.637 18530 18530 I Finsky  : [2] tes.onTrimMemory(1): Memory trim requested to level 10
04-18 00:40:39.638  7170  7170 I ContactsProvider: onTrimMemory-success
04-18 00:40:39.640  4095  4113 W libc    : Access denied finding property "sys.perf.boostopt"
04-18 00:40:39.644  4039  4039 I [WEATHER]CompleteCondition: {[C58C622E0FDF6CED660E23DA1D46C7E304A65D039C92809761DD488C815D4473]}
04-18 00:40:39.645  4039  4039 I [WEATHER]ConditionManager: {[B1B36EC94B8C4F4707BE22CC98BC66F332BADB6184B583390233078DCA344F635804ACD256F54CCFD7C073E1AE2585B7]}
04-18 00:40:39.652  6090  6090 I AppBase : AppBase.onTrimMemory():498 onTrimMemory(): 10
04-18 00:40:39.653  6090  6090 I GoogleInputMethodService: GoogleInputMethodService.onTrimMemory():4517 onTrimMemory(): 10
04-18 00:40:39.657  4095  4095 D CompatibilityChangeReporter: Compat change id reported: 171979766; UID 10039; state: ENABLED
04-18 00:40:39.664 28537 28537 I DWBTrimMemDispatcher: onTrimMemory(10)
04-18 00:40:39.738  4039  4065 I [WEATHER]RepresentLocationCondition: {[791A7E843A2403D987543B4D9BD486B71BE3E621203B6E1BD71D444D8BD172C9B8BEB86A6A33DACE4B14BB0AC32ED7EB]}
04-18 00:40:39.739  4039  4065 I [WEATHER]AddRepresentLocationHandler: {[DF604F2FE57637CF1717FE26DFD22E393D928D46A03C081A6AAED627C131A00BD754416B1A748B1FF46C6EF7FDD6A4F0]}
04-18 00:40:39.740  4039  4065 I [WEATHER]ConditionManager: {[B1B36EC94B8C4F4707BE22CC98BC66F3561CC7B081D2BD569F36A49392B4ADA979098BA9B8B0EBE1C405C11017A99F29]}
04-18 00:40:39.777  5628  8379 I SearchManagerService: _updateSearchables completed.
04-18 00:40:39.825  4095  4095 D nativeloader: Configuring classloader-namespace for other apk /system/framework/org.apache.http.legacy.jar. target_sdk_version=33, uses_libraries=ALL, library_path=/data/app/~~nCdQYlaWu8FhR_sgahxZmg==/com.microsoft.emmx.canary-Tn1rqM3LjIYAUgRvsEVv6A==/lib/arm64:/data/app/~~nCdQYlaWu8FhR_sgahxZmg==/com.microsoft.emmx.canary-Tn1rqM3LjIYAUgRvsEVv6A==/base.apk!/lib/arm64-v8a, permitted_path=/data:/mnt/expand:/data/user/0/com.microsoft.emmx.canary
04-18 00:40:39.826  4095  4095 D nativeloader: Extending system_exposed_libraries: libhumantracking.arcsoft.so:libPortraitDistortionCorrection.arcsoft.so:libPortraitDistortionCorrectionCali.arcsoft.so:libface_landmark.arcsoft.so:libFacialStickerEngine.arcsoft.so:libveengine.arcsoft.so:liblow_light_hdr.arcsoft.so:libhigh_dynamic_range.arcsoft.so:libFacialAttributeDetection.arcsoft.so:libBeauty_v4.camera.samsung.so:libexifa.camera.samsung.so:libjpega.camera.samsung.so:libOpenCv.camera.samsung.so:libImageScreener.camera.samsung.so:libMyFilter.camera.samsung.so:libtensorflowLite.myfilter.camera.samsung.so:libtensorflowlite_inference_api.myfilter.camera.samsung.so:libEventFinder.camera.samsung.so:libHIDTSnapJNI.camera.samsung.so:libSmartScan.camera.samsung.so:libRectify.camera.samsung.so:libDocRectifyWrapper.camera.samsung.so:libUltraWideDistortionCorrection.camera.samsung.so:libHpr_RecGAE_cvFeature_v1.0.camera.samsung.so:libHprFace_GAE_api.camera.samsung.so:libFace_Landmark_API.camera.samsung.so:libHprFace_GAE_jni.camera.samsung.so:libFacialBasedSelfieCorrec
04-18 00:40:39.836  4039  4072 I [WEATHER]RestoreAutoRefresh: {[3D9E0655162E9D283348CE35F2ECDAEAF622451BE3DDE69A6AC2764A011D1C6101DEFA1863529A7F45C0C8D5718FEC76]}
04-18 00:40:39.840  4039  4072 I [WEATHER]RestoreAutoRefresh: {[3D9E0655162E9D283348CE35F2ECDAEAF622451BE3DDE69A6AC2764A011D1C6138781DDFC8A11BDECE4B7FA1ADE4FD416BB7B9097D21342FDC84DF04B7500642F69B63B00D437C9FCD02E49CA6CB63AB]}
04-18 00:40:39.850  4039  4072 I [WEATHER]RefreshScheduler: {[3D9E0655162E9D283348CE35F2ECDAEA9F3655DB299128963EF7A822A65D7BBEA33A8CE0AC11CC22C0F03B0C4E99CB7249538B88594820F70EDC5774041CB5C16ADCF96DF8E4D29B43243E6701FD336D]}
04-18 00:40:39.851 18530 18530 I Finsky  : [2] yjl.onStartJob(4): SCH: job service start with id 9065.
04-18 00:40:39.852  4039  4072 I [WEATHER]RefreshScheduler: {[3D9E0655162E9D283348CE35F2ECDAEA0576FC0956D3B0B84D014C734DA3F5C55F15C288484538DAA4B185B9F012DD2638FEB9ACE4E573CA4F267F5FA2398572]}
04-18 00:40:39.853  4039  4072 I [WEATHER]RefreshScheduler: {[3D9E0655162E9D283348CE35F2ECDAEAE526AC8D9D8DE2AFCEDC270B044F7C1EE8472DD578F084F2F47D865A34C6E4827BE6D5DF3F9F7CE761E67048EC767DD3A8BFFCD3634F596B965425FB3E1FA6A2]}
04-18 00:40:39.862  4039  4072 I [WEATHER]RefreshScheduler: {[3D9E0655162E9D283348CE35F2ECDAEA9A9BDF2F584CC397C743B48A86C22EAC]}
04-18 00:40:39.869  4095  4095 D nativeloader: Configuring classloader-namespace for other apk /data/app/~~nCdQYlaWu8FhR_sgahxZmg==/com.microsoft.emmx.canary-Tn1rqM3LjIYAUgRvsEVv6A==/base.apk. target_sdk_version=33, uses_libraries=, library_path=/data/app/~~nCdQYlaWu8FhR_sgahxZmg==/com.microsoft.emmx.canary-Tn1rqM3LjIYAUgRvsEVv6A==/lib/arm64:/data/app/~~nCdQYlaWu8FhR_sgahxZmg==/com.microsoft.emmx.canary-Tn1rqM3LjIYAUgRvsEVv6A==/base.apk!/lib/arm64-v8a, permitted_path=/data:/mnt/expand:/data/user/0/com.microsoft.emmx.canary
04-18 00:40:39.882 18530  2276 I Finsky  : [386] yhy.a(66): SCH: Satisfied jobs for 9065 are: 12-1
04-18 00:40:39.910  4039  4065 I [WEATHER]DayNightChangeCheckService: {[32C96A90F3F48E012C7ADE377ED85AB74856C78EBC580EADB597611259E4C203FE48DF800843A8C244C5B2A9871A2C7AADFFF84D206FADBFCE756393034AF3DC6B040B162BCCB5BEFC9592E110122B7147FBF4B46FA0898B1A4A7FBFE3492251DCC7620BCA1B55643CED4D9D484D3A909105548631743AABD57C163750170CAE]}
04-18 00:40:39.911  4039  4072 I [WEATHER]LoggerService: {[5C0BA85D5BDED42699E6D325962A0C42A8839C4F0E9F4A8FC9AA06FC0E579599]}
04-18 00:40:39.918  4039  4072 I [WEATHER]LoggerService: {[5C0BA85D5BDED42699E6D325962A0C429EF6A7162990471A3F3F72096CF7E57F]}
04-18 00:40:39.925  4039  4072 I [WEATHER]LoggerService: {[5C0BA85D5BDED42699E6D325962A0C42928A29C407A330DF36F9CF7FC3C3E365D534DD3D8FE31B126A30D96ED7BFD139]}
04-18 00:40:39.928 18530  4137 I Finsky  : [398] xtv.accept(50): SCH: Job 12-1 starting
04-18 00:40:39.934 18530 18530 I Finsky  : [2] ContentSyncJob.v(3): [ContentSync] job started
04-18 00:40:39.947  4095  4095 V GraphicsEnvironment: ANGLE Developer option for 'com.microsoft.emmx.canary' set to: 'default'
04-18 00:40:39.948  4095  4095 V GraphicsEnvironment: ANGLE GameManagerService for com.microsoft.emmx.canary: false
04-18 00:40:39.948  4095  4095 V GraphicsEnvironment: Neither updatable production driver nor prerelease driver is supported.
04-18 00:40:39.949  4039  4072 I [WEATHER]ActivityTransitionGmsManager: {[9A62BF60BFA968264102A0EE215743160C0A00D566B8889E009463FBC6172256]}
04-18 00:40:39.960  4095  4095 D NetworkSecurityConfig: Using Network Security Config from resource network_security_config debugBuild: false
04-18 00:40:39.984  4095  4095 D NetworkSecurityConfig: Using Network Security Config from resource network_security_config debugBuild: false
04-18 00:40:39.986  4039  4072 I RunestoneSDK: [1.3.8]Called module : V20RunestoneStateModule -> getRunestoneState(RunestoneStateApi.kt:4)
04-18 00:40:40.002  5250  5250 D Zygote  : Forked child process 4148
04-18 00:40:40.027  4148  4148 I droid.rubin.app: Using CollectorTypeCC GC.
04-18 00:40:40.040  4148  4148 E droid.rubin.app: Not starting debugger since process cannot load the jdwp agent.
04-18 00:40:40.070  4148  4148 W libc    : Access denied finding property "sys.perf.boostopt"
04-18 00:40:40.070  5224  5224 E audit   : type=1400 audit(1681771240.062:59818): avc:  denied  { read } for  pid=4148 comm="droid.rubin.app" name="u:object_r:perf_prop:s0" dev="tmpfs" ino=16829 scontext=u:r:platform_app:s0:c512,c768 tcontext=u:object_r:perf_prop:s0 tclass=file permissive=0 SEPF_SM-A515F_13_0001 audit_filtered
04-18 00:40:40.070  5224  5224 E audit   : type=1300 audit(1681771240.062:59818): arch=c00000b7 syscall=56 success=no exit=-13 a0=ffffff9c a1=7ffbc769b8 a2=88000 a3=0 items=0 ppid=5250 pid=4148 auid=4294967295 uid=5010 gid=5010 euid=5010 suid=5010 fsuid=5010 egid=5010 sgid=5010 fsgid=5010 tty=(none) ses=4294967295 comm="droid.rubin.app" exe="/system/bin/app_process64" subj=u:r:platform_app:s0:c512,c768 key=(null)
04-18 00:40:40.070  5224  5224 E audit   : type=1327 audit(1681771240.062:59818): proctitle="zygote64"
04-18 00:40:40.072  4148  4148 D ActivityThread: setConscryptValidator
04-18 00:40:40.072  4148  4148 D ActivityThread: setConscryptValidator - put
04-18 00:40:40.082  5224  5224 E audit   : type=1400 audit(1681771240.074:59819): avc:  denied  { read } for  pid=4148 comm="binder:4148_1" name="u:object_r:perf_prop:s0" dev="tmpfs" ino=16829 scontext=u:r:platform_app:s0:c512,c768 tcontext=u:object_r:perf_prop:s0 tclass=file permissive=0 SEPF_SM-A515F_13_0001 audit_filtered
04-18 00:40:40.082  4095  4095 I cr_SplitCompatApp: Launched version=114.0.1794.0 minSdkVersion=1 isBundle=false processName=com.microsoft.emmx.canary isIsolated=false
04-18 00:40:40.082  4148  4168 W libc    : Access denied finding property "sys.perf.boostopt"
04-18 00:40:40.180  3762  3949 I SCS@AiSearch user 0: (IndexManager) [INSERT] Done
04-18 00:40:40.180  3762  3949 I SCS@AiSearch user 0: (IndexSearcherManager) [AOSP_MP-0] entering in refreshSearcherManager():  refreshSearcherManager for com.google.android.providers.media
04-18 00:40:40.181  3762  3949 I SCS@AiSearch user 0: (IndexSearcherManager) remove: indexName: com.google.android.providers.media
04-18 00:40:40.203  3762  3949 I SCS@AiSearch user 0: (IndexManager) getIndexWriter(): indexName com.google.android.providers.media
04-18 00:40:40.211  4095  4095 I MSMAM - ON1: MAMInfo initialized. Debug=false, Agent=PRODUCTION, ManagedDialogDisabled=false, PolicyRequired=false, MultiIdentityEnabled=true, FullBackupContent=true, DataExtractionRules=true, UseDefaultEnrollment=false, ExceptionOnInit=false, Debuggable=false, IsolatedProcessesAllowed=false
04-18 00:40:40.231  4148  4148 D CompatibilityChangeReporter: Compat change id reported: 171979766; UID 5010; state: ENABLED
04-18 00:40:40.246  4095  4095 I MSMAM - iN1: Not initializing MAM classes because the MDM package is not installed.
04-18 00:40:40.251  4095  4095 I MSMAM - iN1: Not initializing MAM classes because the MDM package is not installed.
04-18 00:40:40.273  5628  5628 I SemExecuteManagerService: handleMessage: MSG_START_SCAN received. Start scanning.
04-18 00:40:40.447  3762  3949 I SCS@AiSearch user 0: (IndexSearcherManager) Searcher created successfully for com.google.android.providers.media
04-18 00:40:40.448  3762  3949 I SCS@AiSearch user 0: (IndexSearcherManager) [AOSP_MP-0] leaving from refreshSearcherManager():
04-18 00:40:40.448  3762  3949 I SCS@AiSearch user 0: (IndexManager) [AOSP_MP-0] entering in waitUntilCommitTaskFinished (idx=com.google.android.providers.media)():
04-18 00:40:40.461 18530 18553 I android.vending: Background young concurrent copying GC freed 134203(6730KB) AllocSpace objects, 1(36KB) LOS objects, 31% free, 13MB/20MB, paused 1.282ms,552us total 344.434ms
04-18 00:40:40.464  3762  4178 I SCS@AiSearch user 0: (IndexManager) [pool-14-thread-1] entering in commitIndexWriter():
04-18 00:40:40.470  5628  5714 W libprocessgroup: Failed to open /dev/blkio//cgroup.procs: No such file or directory
04-18 00:40:40.487  4039  4039 E [WEATHER]ActivityTransitionGmsManager: {[666EEED8C7D27883280BAFC63AFE9E9E0A72976B51874523CCEA58FFDB83D5ECCE77C2F221D415BCF5E170F1B94600CF62574AAD19CDFEDF84494674D909B314E841287597BC303429D81134B5CE1A4665D2FC4F89E4DD9F40519665CC8C96EDFA92414656C2BAE7B2CDFEB436D5BDAD]}
04-18 00:40:40.487  4039  4039 I [WEATHER]HistoryNotification: {[11D77475A16E357BFFF1109325F17E95BA795923AB7B359E52F6F8214C9FFB43]}
04-18 00:40:40.571  3762  4178 I SCS@AiSearch user 0: (IndexManager) [pool-14-thread-1] leaving from commitIndexWriter():
04-18 00:40:40.571  3762  3949 I SCS@AiSearch user 0: (IndexManager) [AOSP_MP-0] leaving from waitUntilCommitTaskFinished (idx=com.google.android.providers.media)():
04-18 00:40:40.571  3762  3949 I SCS@AiSearch user 0: (IndexManager) addIndex(): done
04-18 00:40:40.577  3762  3949 I SCS@AiSearch user 0: (BaseCollector::AOSP_MP) fetch: fetching took  4113 ms
04-18 00:40:40.577  3762  3949 I SCS@AiSearch user 0: (BaseCollector::AOSP_MP) fetchChanges: applied 2 items
04-18 00:40:40.590  8900  9052 D BtGatt.GattService: onScanResult to scannerId: 1- eventType=0x1b, addressType=1, address=60A6F3_8, primaryPhy=1, secondaryPhy=0, advertisingSid=0xff, txPower=127, rssi=-92, periodicAdvInt=0x0
04-18 00:40:40.600 18943 19295 I NearbyDiscovery: FastPairCache: Not triggering, because RSSI -89 is below the threshold of -47, XX:XX:XX:XX:AE:28, isScannedByOffloadScanner=false [CONTEXT service_id=265 group_by="XX:XX:XX:XX:AE:28" ratelimit_period="30 SECONDS" ]
04-18 00:40:40.648  4148  4148 I FirebaseInitProvider: FirebaseApp initialization successful
04-18 00:40:40.738  4095  4095 W HMSSDK_PushPreferences: get new sharedPreferences failed,start to get from context.
04-18 00:40:40.815  5628  9811 D SemWifiUsabilityStatsMonitor: onWifiUsabilityStats - seqNum 23562, isSameBssidAndFreq true
04-18 00:40:40.818  5628  8422 I SemWifiLinkQualityMonitor: Link Qos Query: 0.135 ms / 59.043 Mbps (97 / 0.000 / 1.643)
04-18 00:40:40.835  4095  4095 W FirebaseApp: Default FirebaseApp failed to initialize because no default options were found. This usually means that com.google.gms:google-services was not applied to your gradle project.
04-18 00:40:40.835  4095  4095 I FirebaseInitProvider: FirebaseApp initialization unsuccessful
04-18 00:40:40.886  5628  5653 D PackageManager: setEnabledSetting : userId = 0 packageName = com.samsung.android.rubin.app cmp = androidx.work.impl.background.systemjob.SystemJobService newState = 1 callingPackage = 5010/com.samsung.android.rubin.app
04-18 00:40:40.888  4148  4191 W ziparchive: Unable to open '/system_ext/framework/org.carconnectivity.android.digitalkey.timesync.dm': No such file or directory
04-18 00:40:40.889  4148  4191 W ziparchive: Unable to open '/system_ext/framework/org.carconnectivity.android.digitalkey.timesync.dm': No such file or directory
04-18 00:40:40.890  5628  5653 D ApplicationPolicy: getApplicationStateEnabled : pkg = com.samsung.android.rubin.app userId : 0
04-18 00:40:40.891  5628  5653 D ApplicationPolicy: getApplicationComponentState : pkg = com.samsung.android.rubin.app userId : 0
04-18 00:40:40.953 18530  4162 I Finsky  : [400] jno.h(1): Completed 0 account content syncs with 0 successful.
04-18 00:40:40.955 18530 18530 I Finsky  : [2] ContentSyncJob.a(1): [ContentSync] Installation state replication succeeded.
04-18 00:40:40.957 18530 18530 I Finsky  : [2] yhz.r(4): SCH: jobFinished: 12-1. TimeElapsed: 1026ms.
04-18 00:40:40.979  4148  4191 W FA-Ads  : Disabling data collection. Found google_app_id in strings.xml but Google Analytics for Firebase is missing. Remove this value or add Google Analytics for Firebase to resume data collection.
04-18 00:40:40.980 18530 18601 I Finsky  : [93] xtu.accept(57): SCH: Scheduling phonesky job Id: 1-1337, CT: 1681729883936, Constraints: [{ L: 43123444, D: 86323444, C: 1, I: 1, N: 1 }]
04-18 00:40:40.981 18530 18601 I Finsky  : [93] xtu.accept(57): SCH: Scheduling phonesky job Id: 34-3683, CT: 1681759072816, Constraints: [{ L: 79199715, D: 1375199715, C: 1, I: 1, N: 1 }]
04-18 00:40:40.987 18530 18608 I Finsky  : [97] xtt.apply(46): SCH: Scheduling 1 system job(s)
04-18 00:40:40.989 18530 18608 I Finsky  : [97] yhw.d(4): SCH: Scheduling system job Id: 9080, L: 1766392, D: 44966392, C: false, I: false, N: 1
04-18 00:40:41.007 18530  4137 I Finsky  : [398] yjl.a(16): SCH: job service finished with id 9065.
04-18 00:40:41.021  4095  4095 I AGConnectProvider: AGConnectInitializeProvider#onCreate
04-18 00:40:41.021  4095  4095 I AGConnectInstance: AGConnectInstance#initialize
04-18 00:40:41.024  5628  5714 W libprocessgroup: Failed to open /dev/blkio//cgroup.procs: No such file or directory
04-18 00:40:41.025  5628  5714 W libprocessgroup: Failed to open /dev/blkio//cgroup.procs: No such file or directory
04-18 00:40:41.030  4095  4095 I ServiceRegistrarParser: getServices
04-18 00:40:41.031  4148  4191 I DynamiteModule: Considering local module com.google.android.gms.ads.dynamite:0 and remote module com.google.android.gms.ads.dynamite:230500000
04-18 00:40:41.032  4039  4039 I [WEATHER]AppUpdateService: {[F25703819843744D7F1F976789EB79788758AD5B9BF3767780DB00994DDA19BA]}
04-18 00:40:41.031  4148  4191 I DynamiteModule: Selected remote version of com.google.android.gms.ads.dynamite, version >= 230500000
04-18 00:40:41.037  4148  4148 I Rubin   : [2] c8.b.c(SourceFile:2) : Reusing the existing key
04-18 00:40:41.038  4095  4095 I ServiceRegistrarParser: services:0
04-18 00:40:41.046  5628  5714 W libprocessgroup: Failed to open /dev/blkio//cgroup.procs: No such file or directory
04-18 00:40:41.047  4039  4039 I [WEATHER]FreeStatusCheckService: {[59D59D6A529801523F831777F8F19C604081A727E9C0D6D3E5D7AA165B283248ACCADF3F2BF388AE221F1DDBBFAE68751749A91DB99F828392D5691F32DA3B60]}
04-18 00:40:41.048  4148  4191 W System  : ClassLoader referenced unknown path:
04-18 00:40:41.055  4039  4039 I [WEATHER]AppUpdateService: {[F25703819843744D7F1F976789EB7978B61B58C647450F69DA2156D7D0972E46347CE2063E742E21A63D99E0BFD9F03D]}
04-18 00:40:41.056  4613  4613 W keymaster_tee: [WRN]begin req PARAMS: A32 B2 P64
04-18 00:40:41.063  4039  4039 I [WEATHER]FreeStatusCheckService: {[59D59D6A529801523F831777F8F19C604081A727E9C0D6D3E5D7AA165B283248ACCADF3F2BF388AE221F1DDBBFAE6875D49C09B705F63DC251CA8EBD736AD3C9DE7E3426C830077406932D4994722CCD]}
04-18 00:40:41.074  4095  4095 I AGC_Instance: AGC SDK initialize end, default route:UNKNOWN
04-18 00:40:41.076  4039  4140 E [WEATHER]StoreEntity: {[4D63BA3A7171858DA5D3F9375C43492DDF25E5A1AD7D8FEF26A2A3C27FCA533645F81B5C97AD32F6DE1997D8427A3FBD965453CCAEB1389BBA06896D47D49271]}
04-18 00:40:41.082  4039  4076 I [WEATHER]AppUpdateService: {[F25703819843744D7F1F976789EB797833D5506BC44F426FC87D02A2CB5C65E7]}
04-18 00:40:41.097  5250  5250 D Zygote  : Forked child process 4221
04-18 00:40:41.158  4221  4221 I droid.app.spage: Using CollectorTypeCC GC.
04-18 00:40:41.164  4095  4174 I cr_AppCenterManager: Add app center service for the channel 1, needDistribution: true
04-18 00:40:41.164  4221  4221 E droid.app.spage: Not starting debugger since process cannot load the jdwp agent.
04-18 00:40:41.172  4221  4221 W libc    : Access denied finding property "sys.perf.boostopt"
04-18 00:40:41.172  5224  5224 E audit   : type=1400 audit(1681771241.166:59820): avc:  denied  { read } for  pid=4221 comm="droid.app.spage" name="u:object_r:perf_prop:s0" dev="tmpfs" ino=16829 scontext=u:r:platform_app:s0:c512,c768 tcontext=u:object_r:perf_prop:s0 tclass=file permissive=0 SEPF_SM-A515F_13_0001 audit_filtered
04-18 00:40:41.173  5224  5224 E audit   : type=1300 audit(1681771241.166:59820): arch=c00000b7 syscall=56 success=no exit=-13 a0=ffffff9c a1=7ffbc769b8 a2=88000 a3=0 items=0 ppid=5250 pid=4221 auid=4294967295 uid=10061 gid=10061 euid=10061 suid=10061 fsuid=10061 egid=10061 sgid=10061 fsgid=10061 tty=(none) ses=4294967295 comm="droid.app.spage" exe="/system/bin/app_process64" subj=u:r:platform_app:s0:c512,c768 key=(null)
04-18 00:40:41.173  5224  5224 E audit   : type=1327 audit(1681771241.166:59820): proctitle="zygote64"
04-18 00:40:41.173  4221  4246 W libc    : Access denied finding property "sys.perf.boostopt"
