04-19 15:59:37.519 20506 20506 I ShareLive: [SLog][main][ShareLiveApplication] onCreate versionName = [ 13.3.13.5 ], versionCode = [ 1331305000 ]
04-19 15:59:37.521 20465 20465 I MCFQS   : (DeviceConnectionService) onStartCommand()-[td:main] in(0) id: 248
04-19 15:59:37.529 20465 20547 I MCFQS   : (CloudKeyStoreImpl) getAccountInfo()-[td:RxNewThreadScheduler-2] calling
04-19 15:59:37.529 20465 20547 I MCFQS   : (CloudKeyStoreImpl) getInterface()-[td:RxNewThreadScheduler-2] set interface
04-19 15:59:37.538 20465 20465 I MCFQS   : (P2pInterfaceWrapper) setP2pInfo()-[td:main] P2pInfo{}, sessionCount=0
04-19 15:59:37.539 20506 20540 I ShareLive: [SLIVE][RxCachedThreadScheduler-2][PkiSourceImpl] scpm tokenExist=true
04-19 15:59:37.539 20506 20540 I ShareLive: [SLog][RxCachedThreadScheduler-2][ShareLiveApplication] PKI register complete
04-19 15:59:37.546  5628 11466 D PackageManager: setEnabledSetting : userId = 0 packageName = com.samsung.android.app.sharelive cmp = androidx.work.impl.background.systemjob.SystemJobService newState = 1 callingPackage = 5026/com.samsung.android.app.sharelive
04-19 15:59:37.546 20506 20551 I ShareLive: [SLog][RxCachedThreadScheduler-5][SettingsRepositoryImpl] forceUpdateUwbVisibilityOff: visibility=0
04-19 15:59:37.546 20506 20551 I ShareLive: [SLog][RxCachedThreadScheduler-5][BroadcastUtil] sendBroadcastUpdateVisibilityExternalOnly
04-19 15:59:37.547  5628 11466 D ApplicationPolicy: getApplicationStateEnabled : pkg = com.samsung.android.app.sharelive userId : 0
04-19 15:59:37.549  5628 11466 D ApplicationPolicy: getApplicationComponentState : pkg = com.samsung.android.app.sharelive userId : 0
04-19 15:59:37.550 20506 20551 I ShareLive: [SLog][RxCachedThreadScheduler-5][PrefUtil] isEnabledChinaP2pComponent value=true
04-19 15:59:37.561 20506 20551 I ShareLive: [SLog][RxCachedThreadScheduler-5][BroadcastUtil] sendBroadcastMdeSuggestion
04-19 15:59:37.570 20465 20465 I MCFQS   : (DeviceDiscoverySystemReceiverViewModelImpl) constructor()-[td:main] hashCode: 82258c8
04-19 15:59:37.571 20506 20521 I ShareLive: [SLog][binder:20506_3][ExternalProvider] query: content://com.samsung.android.sharelive.external/exsettings/1
04-19 15:59:37.572 20506 20521 I ShareLive: [SLog][binder:20506_3][SettingsDao] Update airplane mode : false
04-19 15:59:37.579 20465 20547 I BluetoothAdapter: STATE_ON
04-19 15:59:37.590 20465 20547 I MCFQS   : (ScpmKeyStoreInterface) getKeyStore()-[td:RxNewThreadScheduler-2] try to get ScpmCertificate. address len:17, irk len:16
04-19 15:59:37.593 20465 20547 I [SCPM][K][0.9.1002]: [x]getFingerPrint
04-19 15:59:37.595 20506 20521 I ShareLive: [SLog][binder:20506_3][ExternalProvider] query: content://com.samsung.android.sharelive.external/policy/visibilityOffAllowed
04-19 15:59:37.596 20506 20521 I ShareLive: [SLog][binder:20506_3][SystemSettingUtil] isActivated: true
04-19 15:59:37.596  5250  5250 D Zygote  : Forked child process 20556
04-19 15:59:37.600 20465 20492 I MCFQS   : (PhoneVisibilityRepository) updateVisibilityData()-[td:RxCachedThreadScheduler-1] visible=true, type=MY_DEVICE, updated:false
04-19 15:59:37.601 23109 15265 D ConnectivityManager: StackLog: [android.net.ConnectivityManager.reportNetworkConnectivity(ConnectivityManager.java:3390)] [anzl.i(:com.google.android.gms@231312044@23.13.12 (190400-519946965):0)] [anyz.run(:com.google.android.gms@231312044@23.13.12 (190400-519946965):57)] [anzz.run(:com.google.android.gms@231312044@23.13.12 (190400-519946965):2)] [dbpm.run(:com.google.android.gms@231312044@23.13.12 (190400-519946965):2)] [abix.c(:com.google.android.gms@231312044@23.13.12 (190400-519946965):6)] [abix.run(:com.google.android.gms@231312044@23.13.12 (190400-519946965):7)] [java.util.concurrent.ThreadPoolExecutor.runWorker(ThreadPoolExecutor.java:1137)] [java.util.concurrent.ThreadPoolExecutor$Worker.run(ThreadPoolExecutor.java:637)] [abod.run(:com.google.android.gms@231312044@23.13.12 (190400-519946965):0)] [java.lang.Thread.run(Thread.java:1012)]
04-19 15:59:37.601 20465 20492 I MCFQS   : (DeviceDiscoverySystemReceiver) onReceive()-[td:RxCachedThreadScheduler-1] action : com.samsung.android.sharelive.DEVICE_VISIBILITY
04-19 15:59:37.602 20465 20492 I MCFQS   : (DeviceDiscoverySystemReceiver) startService()-[td:RxCachedThreadScheduler-1] Reason: 1
04-19 15:59:37.608 23109 15265 I AlarmManager: setExactAndAllowWhileIdle [name: GCM_HB_ALARM type: 2 triggerAtMillis: 347073396]
04-19 15:59:37.624 20465 20465 I MCFQS   : (DeviceConnectionService) onStartCommand()-[td:main] in(0) id: 249
04-19 15:59:37.629  5250  5250 D Zygote  : Forked child process 20559
04-19 15:59:37.659 20556 20556 I gs.intelligence: Using CollectorTypeCC GC.
04-19 15:59:37.660 20559 20559 I ng.android.scpm: Using CollectorTypeCC GC.
04-19 15:59:37.664 20506 20558 I Policy_13.0.06: [RxCachedThreadScheduler-1][MobileServicePolicy] scheduleJob success : 86400000
04-19 15:59:37.667 20506 20558 I Policy_13.0.06: [RxCachedThreadScheduler-1][GetPolicyJobService] polling job service was already scheduled (from:86400000 to:86400000)
04-19 15:59:37.668 20506 20558 I ShareLive: [SLog][RxCachedThreadScheduler-1][PolicyDataSourceImpl] requestSyncPolicy
04-19 15:59:37.668 20556 20556 E gs.intelligence: Not starting debugger since process cannot load the jdwp agent.
04-19 15:59:37.668 20506 20558 I Policy_13.0.06: [RxCachedThreadScheduler-1][SyncPolicyUseCase] syncPolicy
04-19 15:59:37.669 20559 20559 E ng.android.scpm: Not starting debugger since process cannot load the jdwp agent.
04-19 15:59:37.675 20506 20580 I Policy_13.0.06: [RxCachedThreadScheduler-2][PolicyRepositoryImpl] last_synced_time: 1681844187056, revision : 1681844187056
04-19 15:59:37.678 20506 20580 I Policy_13.0.06: [RxCachedThreadScheduler-2][AppPolicy] syncedTime: 1681844187056 , needSync : false
04-19 15:59:37.678 20506 20580 I Policy_13.0.06: [RxCachedThreadScheduler-2][SyncPolicyUseCase] requestSync : no need sync
04-19 15:59:37.678 20506 20580 I Policy_13.0.06: [RxCachedThreadScheduler-2][SyncPolicyUseCase] requestSync : failed
04-19 15:59:37.679 20506 20580 W ShareLive: [SLog][RxCachedThreadScheduler-2][PolicyRepositoryImpl] requestSync : no need sync
04-19 15:59:37.679 20506 20580 I ShareLive: [SLog][RxCachedThreadScheduler-2][ShareLiveApplication] initPolicy done
04-19 15:59:37.680 20556 20556 W libc    : Access denied finding property "sys.perf.boostopt"
04-19 15:59:37.680  5224  5224 E audit   : type=1400 audit(1681912777.673:103113): avc:  denied  { read } for  pid=20556 comm="gs.intelligence" name="u:object_r:perf_prop:s0" dev="tmpfs" ino=16829 scontext=u:r:platform_app:s0:c512,c768 tcontext=u:object_r:perf_prop:s0 tclass=file permissive=0 SEPF_SM-A515F_13_0001 audit_filtered
04-19 15:59:37.680  5224  5224 E audit   : type=1300 audit(1681912777.673:103113): arch=c00000b7 syscall=56 success=no exit=-13 a0=ffffff9c a1=7ffbc769b8 a2=88000 a3=0 items=0 ppid=5250 pid=20556 auid=4294967295 uid=10116 gid=10116 euid=10116 suid=10116 fsuid=10116 egid=10116 sgid=10116 fsgid=10116 tty=(none) ses=4294967295 comm="gs.intelligence" exe="/system/bin/app_process64" subj=u:r:platform_app:s0:c512,c768 key=(null)
04-19 15:59:37.680  5224  5224 E audit   : type=1327 audit(1681912777.673:103113): proctitle="zygote64"
04-19 15:59:37.681 20556 20585 W libc    : Access denied finding property "sys.perf.boostopt"
04-19 15:59:37.683  5224  5224 E audit   : type=1400 audit(1681912777.677:103114): avc:  denied  { read } for  pid=20556 comm="binder:20556_1" name="u:object_r:perf_prop:s0" dev="tmpfs" ino=16829 scontext=u:r:platform_app:s0:c512,c768 tcontext=u:object_r:perf_prop:s0 tclass=file permissive=0 SEPF_SM-A515F_13_0001 audit_filtered
04-19 15:59:37.683 20556 20556 D ActivityThread: setConscryptValidator
04-19 15:59:37.683 20556 20556 D ActivityThread: setConscryptValidator - put
04-19 15:59:37.687 20559 20559 W libc    : Access denied finding property "sys.perf.boostopt"
04-19 15:59:37.694 20559 20587 W libc    : Access denied finding property "sys.perf.boostopt"
04-19 15:59:37.695 20559 20559 D ActivityThread: setConscryptValidator
04-19 15:59:37.695 20559 20559 D ActivityThread: setConscryptValidator - put
04-19 15:59:37.711 20556 20586 W libc    : Access denied finding property "sys.perf.boostopt"
04-19 15:59:37.713 30407 30407 I ResourceOverlayService_0: waitAndQuit called
04-19 15:59:37.714 20556 20556 D CompatibilityChangeReporter: Compat change id reported: 171979766; UID 10116; state: ENABLED
04-19 15:59:37.715 30407 30407 I ResourceOverlayService_0: activity user id 0 process id 0
04-19 15:59:37.727 20559 20588 W libc    : Access denied finding property "sys.perf.boostopt"
04-19 15:59:37.737 20559 20559 D CompatibilityChangeReporter: Compat change id reported: 171979766; UID 5009; state: ENABLED
04-19 15:59:37.742 23109 15265 I AlarmManager: setExactAndAllowWhileIdle [name: GCM_HB_ALARM type: 2 triggerAtMillis: 347073531]
04-19 15:59:37.749 23109 20281 I AlarmManager: setExactAndAllowWhileIdle [name: FcmRetry type: 2 triggerAtMillis: 345943525]
04-19 15:59:37.770  5250  5250 D Zygote  : Forked child process 20592
04-19 15:59:37.810 20556 20556 D nativeloader: Configuring classloader-namespace-shared for other apk /system/framework/org.apache.http.legacy.jar. target_sdk_version=33, uses_libraries=ALL, library_path=/system/priv-app/SecSettingsIntelligence/lib/arm64:/system/lib64:/system/system_ext/lib64, permitted_path=/data:/mnt/expand:/data/user/0/com.android.settings.intelligence:/system/priv-app/SecSettingsIntelligence:/system/lib64:/system/system_ext/lib64
04-19 15:59:37.810 20556 20556 D nativeloader: Extending system_exposed_libraries: libhumantracking.arcsoft.so:libPortraitDistortionCorrection.arcsoft.so:libPortraitDistortionCorrectionCali.arcsoft.so:libface_landmark.arcsoft.so:libFacialStickerEngine.arcsoft.so:libveengine.arcsoft.so:liblow_light_hdr.arcsoft.so:libhigh_dynamic_range.arcsoft.so:libFacialAttributeDetection.arcsoft.so:libBeauty_v4.camera.samsung.so:libexifa.camera.samsung.so:libjpega.camera.samsung.so:libOpenCv.camera.samsung.so:libImageScreener.camera.samsung.so:libMyFilter.camera.samsung.so:libtensorflowLite.myfilter.camera.samsung.so:libtensorflowlite_inference_api.myfilter.camera.samsung.so:libEventFinder.camera.samsung.so:libHIDTSnapJNI.camera.samsung.so:libSmartScan.camera.samsung.so:libRectify.camera.samsung.so:libDocRectifyWrapper.camera.samsung.so:libUltraWideDistortionCorrection.camera.samsung.so:libHpr_RecGAE_cvFeature_v1.0.camera.samsung.so:libHprFace_GAE_api.camera.samsung.so:libFace_Landmark_API.camera.samsung.so:libHprFace_GAE_jni.camera.samsung.so:libFacialBasedSelfieCorrec
04-19 15:59:37.830 20592 20592 I egram.messenger: Using CollectorTypeCC GC.
04-19 15:59:37.840 20592 20592 E egram.messenger: Not starting debugger since process cannot load the jdwp agent.
04-19 15:59:37.848 20592 20592 W libc    : Access denied finding property "sys.perf.boostopt"
04-19 15:59:37.858 20592 20607 W libc    : Access denied finding property "sys.perf.boostopt"
04-19 15:59:37.859 20592 20592 D ActivityThread: setConscryptValidator
04-19 15:59:37.860 20592 20592 D ActivityThread: setConscryptValidator - put
04-19 15:59:37.877 20556 20556 D nativeloader: Configuring classloader-namespace-shared for other apk /system/priv-app/SecSettingsIntelligence/SecSettingsIntelligence.apk. target_sdk_version=33, uses_libraries=, library_path=/system/priv-app/SecSettingsIntelligence/lib/arm64:/system/lib64:/system/system_ext/lib64, permitted_path=/data:/mnt/expand:/data/user/0/com.android.settings.intelligence:/system/priv-app/SecSettingsIntelligence:/system/lib64:/system/system_ext/lib64
04-19 15:59:37.879 20592 20608 W libc    : Access denied finding property "sys.perf.boostopt"
04-19 15:59:37.884 20592 20592 D CompatibilityChangeReporter: Compat change id reported: 171979766; UID 10268; state: ENABLED
04-19 15:59:37.911 20592 20592 D nativeloader: Configuring classloader-namespace for other apk /system/framework/org.apache.http.legacy.jar. target_sdk_version=31, uses_libraries=ALL, library_path=/data/app/~~6AQ7LMIZgKpn09Z1khor6Q==/org.telegram.messenger-_wjfqScIBSxUs0dbfp6AIA==/lib/arm64:/data/app/~~6AQ7LMIZgKpn09Z1khor6Q==/org.telegram.messenger-_wjfqScIBSxUs0dbfp6AIA==/base.apk!/lib/arm64-v8a:/data/app/~~6AQ7LMIZgKpn09Z1khor6Q==/org.telegram.messenger-_wjfqScIBSxUs0dbfp6AIA==/split_config.arm64_v8a.apk!/lib/arm64-v8a:/data/app/~~6AQ7LMIZgKpn09Z1khor6Q==/org.telegram.messenger-_wjfqScIBSxUs0dbfp6AIA==/split_config.en.apk!/lib/arm64-v8a:/data/app/~~6AQ7LMIZgKpn09Z1khor6Q==/org.telegram.messenger-_wjfqScIBSxUs0dbfp6AIA==/split_config.ru.apk!/lib/arm64-v8a:/data/app/~~6AQ7LMIZgKpn09Z1khor6Q==/org.telegram.messenger-_wjfqScIBSxUs0dbfp6AIA==/split_config.xxhdpi.apk!/lib/arm64-v8a, permitted_path=/data:/mnt/expand:/data/user/0/org.telegram.messenger
04-19 15:59:37.911 20592 20592 D nativeloader: Extending system_exposed_libraries: libhumantracking.arcsoft.so:libPortraitDistortionCorrection.arcsoft.so:libPortraitDistortionCorrectionCali.arcsoft.so:libface_landmark.arcsoft.so:libFacialStickerEngine.arcsoft.so:libveengine.arcsoft.so:liblow_light_hdr.arcsoft.so:libhigh_dynamic_range.arcsoft.so:libFacialAttributeDetection.arcsoft.so:libBeauty_v4.camera.samsung.so:libexifa.camera.samsung.so:libjpega.camera.samsung.so:libOpenCv.camera.samsung.so:libImageScreener.camera.samsung.so:libMyFilter.camera.samsung.so:libtensorflowLite.myfilter.camera.samsung.so:libtensorflowlite_inference_api.myfilter.camera.samsung.so:libEventFinder.camera.samsung.so:libHIDTSnapJNI.camera.samsung.so:libSmartScan.camera.samsung.so:libRectify.camera.samsung.so:libDocRectifyWrapper.camera.samsung.so:libUltraWideDistortionCorrection.camera.samsung.so:libHpr_RecGAE_cvFeature_v1.0.camera.samsung.so:libHprFace_GAE_api.camera.samsung.so:libFace_Landmark_API.camera.samsung.so:libHprFace_GAE_jni.camera.samsung.so:libFacialBasedSelfieCorrec
04-19 15:59:37.936 20556 20556 V GraphicsEnvironment: ANGLE Developer option for 'com.android.settings.intelligence' set to: 'default'
04-19 15:59:37.939 20556 20556 V GraphicsEnvironment: ANGLE GameManagerService for com.android.settings.intelligence: false
04-19 15:59:37.940 20556 20556 V GraphicsEnvironment: Neither updatable production driver nor prerelease driver is supported.
04-19 15:59:37.957 20556 20556 D NetworkSecurityConfig: No Network Security Config specified, using platform default
04-19 15:59:37.977 20556 20556 D NetworkSecurityConfig: No Network Security Config specified, using platform default
04-19 15:59:37.980 20559 20559 I FirebaseApp: Device unlocked: initializing all Firebase APIs for app [DEFAULT]
04-19 15:59:37.982 20592 20592 W ziparchive: Unable to open '/data/app/~~6AQ7LMIZgKpn09Z1khor6Q==/org.telegram.messenger-_wjfqScIBSxUs0dbfp6AIA==/split_config.arm64_v8a.dm': No such file or directory
04-19 15:59:37.982 20592 20592 W ziparchive: Unable to open '/data/app/~~6AQ7LMIZgKpn09Z1khor6Q==/org.telegram.messenger-_wjfqScIBSxUs0dbfp6AIA==/split_config.arm64_v8a.dm': No such file or directory
04-19 15:59:37.986 20592 20592 W egram.messenger: Entry not found
04-19 15:59:37.988 20592 20592 W ziparchive: Unable to open '/data/app/~~6AQ7LMIZgKpn09Z1khor6Q==/org.telegram.messenger-_wjfqScIBSxUs0dbfp6AIA==/split_config.en.dm': No such file or directory
04-19 15:59:37.988 20592 20592 W ziparchive: Unable to open '/data/app/~~6AQ7LMIZgKpn09Z1khor6Q==/org.telegram.messenger-_wjfqScIBSxUs0dbfp6AIA==/split_config.en.dm': No such file or directory
04-19 15:59:37.991 20592 20592 W egram.messenger: Entry not found
04-19 15:59:37.993 20592 20592 W ziparchive: Unable to open '/data/app/~~6AQ7LMIZgKpn09Z1khor6Q==/org.telegram.messenger-_wjfqScIBSxUs0dbfp6AIA==/split_config.ru.dm': No such file or directory
04-19 15:59:37.993 20592 20592 W ziparchive: Unable to open '/data/app/~~6AQ7LMIZgKpn09Z1khor6Q==/org.telegram.messenger-_wjfqScIBSxUs0dbfp6AIA==/split_config.ru.dm': No such file or directory
04-19 15:59:37.995 20592 20592 W egram.messenger: Entry not found
04-19 15:59:37.996 20592 20592 W ziparchive: Unable to open '/data/app/~~6AQ7LMIZgKpn09Z1khor6Q==/org.telegram.messenger-_wjfqScIBSxUs0dbfp6AIA==/split_config.xxhdpi.dm': No such file or directory
04-19 15:59:37.996 20592 20592 W ziparchive: Unable to open '/data/app/~~6AQ7LMIZgKpn09Z1khor6Q==/org.telegram.messenger-_wjfqScIBSxUs0dbfp6AIA==/split_config.xxhdpi.dm': No such file or directory
04-19 15:59:37.999 20592 20592 W egram.messenger: Entry not found
04-19 15:59:38.001 20592 20592 D nativeloader: Configuring classloader-namespace for other apk /data/app/~~6AQ7LMIZgKpn09Z1khor6Q==/org.telegram.messenger-_wjfqScIBSxUs0dbfp6AIA==/base.apk:/data/app/~~6AQ7LMIZgKpn09Z1khor6Q==/org.telegram.messenger-_wjfqScIBSxUs0dbfp6AIA==/split_config.arm64_v8a.apk:/data/app/~~6AQ7LMIZgKpn09Z1khor6Q==/org.telegram.messenger-_wjfqScIBSxUs0dbfp6AIA==/split_config.en.apk:/data/app/~~6AQ7LMIZgKpn09Z1khor6Q==/org.telegram.messenger-_wjfqScIBSxUs0dbfp6AIA==/split_config.ru.apk:/data/app/~~6AQ7LMIZgKpn09Z1khor6Q==/org.telegram.messenger-_wjfqScIBSxUs0dbfp6AIA==/split_config.xxhdpi.apk. target_sdk_version=31, uses_libraries=, library_path=/data/app/~~6AQ7LMIZgKpn09Z1khor6Q==/org.telegram.messenger-_wjfqScIBSxUs0dbfp6AIA==/lib/arm64:/data/app/~~6AQ7LMIZgKpn09Z1khor6Q==/org.telegram.messenger-_wjfqScIBSxUs0dbfp6AIA==/base.apk!/lib/arm64-v8a:/data/app/~~6AQ7LMIZgKpn09Z1khor6Q==/org.telegram.messenger-_wjfqScIBSxUs0dbfp6AIA==/split_config.arm64_v8a.apk!/lib/arm64-v8a:/data/app/~~6AQ7LMIZgKpn09Z1khor6Q==/org.telegram.messenger-_wjfq
04-19 15:59:38.008 20592 20592 W egram.messenger: JIT profile information will not be recorded: profile file does not exist.
04-19 15:59:38.008 20592 20592 W egram.messenger: JIT profile information will not be recorded: profile file does not exist.
04-19 15:59:38.008 20592 20592 W egram.messenger: JIT profile information will not be recorded: profile file does not exist.
04-19 15:59:38.008 20592 20592 W egram.messenger: JIT profile information will not be recorded: profile file does not exist.
04-19 15:59:38.010 20559 20559 I FirebaseInitProvider: FirebaseApp initialization successful
04-19 15:59:38.045 20592 20592 V GraphicsEnvironment: ANGLE Developer option for 'org.telegram.messenger' set to: 'default'
04-19 15:59:38.046 20592 20592 V GraphicsEnvironment: ANGLE GameManagerService for org.telegram.messenger: false
04-19 15:59:38.046 20592 20592 V GraphicsEnvironment: Neither updatable production driver nor prerelease driver is supported.
04-19 15:59:38.052  5628 11414 D PackageManager: setEnabledSetting : userId = 0 packageName = com.samsung.android.scpm cmp = androidx.work.impl.background.systemjob.SystemJobService newState = 1 callingPackage = 5009/com.samsung.android.scpm
04-19 15:59:38.054  5628 11414 D ApplicationPolicy: getApplicationStateEnabled : pkg = com.samsung.android.scpm userId : 0
04-19 15:59:38.054 20592 20592 D NetworkSecurityConfig: No Network Security Config specified, using platform default
04-19 15:59:38.055  5628 11414 D ApplicationPolicy: getApplicationComponentState : pkg = com.samsung.android.scpm userId : 0
04-19 15:59:38.062 20592 20592 D NetworkSecurityConfig: No Network Security Config specified, using platform default
04-19 15:59:38.072 20559 20559 I [SCPMSDK][ScpmApplication]: onCreate
04-19 15:59:38.079 20559 20559 I [SCPMV2][Scsp]: initialize
04-19 15:59:38.087 20592 20592 I MultiDex: VM with version 2.1.0 has multidex support
04-19 15:59:38.087 20592 20592 I MultiDex: Installing application
04-19 15:59:38.087 20592 20592 I MultiDex: VM has multidex support, MultiDex support library is disabled.
04-19 15:59:38.093 20559 20559 I DIAGMON_SDK[605036]: DiagMonAgent type: 2
04-19 15:59:38.095 20559 20624 I [SCPMV2][SmpUtil]: Firebase init
04-19 15:59:38.106 20559 20591 I [SCPMV2][AuthUtil]: getAuthData
04-19 15:59:38.107 20559 20624 I SmpLog  : [SMP] init. S:true P:SPP_ONLY_MODE A:a
04-19 15:59:38.124 20556 20556 I IndexDatabaseHelper: Using schema version: 130
04-19 15:59:38.127 20559 20559 I DIAGMON_SDK[605036][4M0-399-5151102] : generated SR object
04-19 15:59:38.133 19093 19093 I SamsungAccount: [AIDLRequestService] OnCreate Service
04-19 15:59:38.135 19093 19093 I SamsungAccount: [AIDLRequestService] OnBind
04-19 15:59:38.136 19093 19093 I SamsungAccount: [AIDLRequestService] [InAIDL] Service bound
04-19 15:59:38.139 20592 20592 D CompatibilityChangeReporter: Compat change id reported: 183155436; UID 10268; state: DISABLED
04-19 15:59:38.141 20592 20592 I FirebaseApp: Device unlocked: initializing all Firebase APIs for app [DEFAULT]
04-19 15:59:38.145 20556 20556 I IndexDatabaseHelper: Index is fine
04-19 15:59:38.146 20559 20626 I SmpLog  : [SMP] Test mode: false, v:3.3.1.1, com.samsung.android.scpm
04-19 15:59:38.147 20559 20559 I [SCPMV2][SamsungAccountService]: onServiceConnected.
04-19 15:59:38.151 20592 20631 W egram.messenger: Accessing hidden field Ljava/util/Collections$SynchronizedCollection;->mutex:Ljava/lang/Object; (max-target-o, reflection, denied)
04-19 15:59:38.152 20592 20631 W egram.messenger: Accessing hidden method Ljava/util/Collections$SynchronizedSet;-><init>(Ljava/util/Set;Ljava/lang/Object;)V (max-target-o, reflection, denied)
04-19 15:59:38.152 20592 20631 W egram.messenger: Accessing hidden method Ljava/util/Collections$SynchronizedCollection;-><init>(Ljava/util/Collection;Ljava/lang/Object;)V (max-target-o, reflection, denied)
04-19 15:59:38.157 20559 20626 I SmpLog  : [SMP] ptype:fcm, token:...y0 (163), D:null, U:null, S:false, M:null, P:SPP_ONLY_MODE
04-19 15:59:38.160 20556 20556 I CategorizingManager: initAccessibilityUserInfo()
04-19 15:59:38.162 20592 20592 I FirebaseInitProvider: FirebaseApp initialization successful
04-19 15:59:38.165 19093 19119 I SamsungAccount: [OpenContentProvider]  URI : content://com.msc.openprovider.openContentProvider/tncRequest
04-19 15:59:38.165 19093 19119 I SamsungAccount: [AccountManagerUtil] isSamsungAccountSignedIn : true
04-19 15:59:38.167 19093 19119 I SamsungAccount: [SignatureCheckUtil] runCheckSignatureWithEmptyId
04-19 15:59:38.168 19093 19119 I SamsungAccount: [SignatureCheckUtil] runCheckSignatureAsync
04-19 15:59:38.168 19093 19119 I SamsungAccount: [SignaturePreconditionChecker] getSignatureResult - fromSesSdk : true
04-19 15:59:38.168 19093 19119 I SamsungAccount: [SignatureInfoDbHelper] getSignatureResult - [][android.scpm.]
04-19 15:59:38.170 19093 19119 I SamsungAccount: [SignatureInfoDbHelper] searchOnUser
04-19 15:59:38.183 19093 19119 I SamsungAccount: [SignatureInfoDbHelper] searchOnUser - [][android.scpm.][64/3291d] => matched
04-19 15:59:38.183 19093 19119 I SamsungAccount: [SignatureInfoDbHelper] search - matched
04-19 15:59:38.184 19093 19119 I SamsungAccount: [SignatureCheckUtil] runCheckSignatureAsync(fromDb) - matched
04-19 15:59:38.187 20559 20626 I SmpLog  : [SMP] SEND BR : smp init success
04-19 15:59:38.192 20559 20559 I [SCPMV2][AuthFunctionImpl]: isValidSamsungAccount: name: 0 email: 0
04-19 15:59:38.195 19093 19119 I SamsungAccount: [AIDLInterfaceBinder] [InAIDL] registerCallback start
04-19 15:59:38.196 19093 19119 I SamsungAccount: [AIDLInterfaceBinder] [InAIDL] REG_CALLING_PACKAGE : android.scpm.
04-19 15:59:38.196 19093 19119 I SamsungAccount: [AIDLInterfaceBinder] [InAIDL] registerCallback start. Package = android.scpm.
04-19 15:59:38.196 19093 19119 I SamsungAccount: [CBM] [InAIDL-CallbackManager] registerCallback
04-19 15:59:38.196 19093 19119 I SamsungAccount: [CBM] [InAIDL-CallbackManager] checkRegisterCallbackCondition
04-19 15:59:38.196 19093 19119 I SamsungAccount: [CBM] [InAIDL-CallbackManager]getRegistrationCodeIfAlreadyRegistered
04-19 15:59:38.196 19093 19119 I SamsungAccount: [CBM] [InAIDL-CallbackManager]Success registerCallback
04-19 15:59:38.196 19093 19119 I SamsungAccount: [AIDLInterfaceBinder] [InAIDL] registerCallback end. registrationCode :Y29tLnNhbXN1bmcuYW5kcm9pZC5zY3BtNA== Package = android.scpm.
04-19 15:59:38.197 20556 20556 D SamsungAnalytics605015: [Validation] dma pkg:910501000
04-19 15:59:38.197 20559 20559 I [SCPMV2][SamsungAccountService]: ServiceConnection: onServiceConnected. registrationCode = Y29tLnNhbXN1bmcuYW5kcm9pZC5zY3BtNA==
04-19 15:59:38.197 20559 20559 I [SCPMV2][SamsungAccountService]: ServiceConnection: onServiceConnected. request.
04-19 15:59:38.197 20556 20556 D CompatibilityChangeReporter: Compat change id reported: 183155436; UID 10116; state: ENABLED
04-19 15:59:38.198 19093 19119 I SamsungAccount: [AIDLInterfaceBinder] [InAIDL] requestAccesstoken
04-19 15:59:38.198 19093 19119 I SamsungAccount: [AIDLInterfaceBinder] [InAIDL] BundleInfo = [ additional:user_id,cc,api_server_url,auth_server_url,login_id, scope:galaxystore.openapi]
04-19 15:59:38.198 19093 19119 I SamsungAccount: [AIDLInterfaceBinder] [InAIDL] checkRequestCondition
04-19 15:59:38.198 19093 19119 I SamsungAccount: [CBM] [InAIDL-CallbackManager]getCallbackInfo
04-19 15:59:38.199 19093 19119 I SamsungAccount: [CBM] [InAIDL-CallbackManager]getCallbackInfo
04-19 15:59:38.199 19093 19119 I SamsungAccount: [AIDLInterfaceBinder] [InAIDL]Start AccessTokenRunnable Thread. package = android.scpm.
04-19 15:59:38.200 19093 19119 I SamsungAccount: [PermissionsUtils] checkPrivilegedPhonePermissionOfCallingPackage
04-19 15:59:38.200 19093 19119 I SamsungAccount: [PermissionsUtils] hasPrivilegedPhonePermission : true
04-19 15:59:38.200 19093 19119 I SamsungAccount: [CBM] [InAIDL-CallbackManager]getCallbackInfo
04-19 15:59:38.200 19093 19119 I SamsungAccount: [CBM] setCurrentRequestType :1
04-19 15:59:38.202 19093 20646 I SamsungAccount: [AbstractProcessRunnable] [InAIDL-AbstractProcessRunnable]isAvailableRunningProcess start Package = android.scpm.
04-19 15:59:38.204 19093 20646 I SamsungAccount: [NetworkStateUtil] == networkStateCheck == true
04-19 15:59:38.204 19093 20646 I SamsungAccount: [AccountManagerUtil] isSamsungAccountSignedIn : true
04-19 15:59:38.204 19093 20646 I SamsungAccount: [DbManagerV2] getDataState : VALID
04-19 15:59:38.204 19093 20646 I SamsungAccount: [SignatureCheckUtil] runCheckSignatureAsync
04-19 15:59:38.204 19093 20646 I SamsungAccount: [SignaturePreconditionChecker] getSignatureResult - fromSesSdk : false
04-19 15:59:38.204 19093 20646 I SamsungAccount: [SignatureInfoDbHelper] getSignatureResult - [10/o5xg4][android.scpm.]
04-19 15:59:38.205 19093 20646 I SamsungAccount: [SignatureInfoDbHelper] searchOnUser
04-19 15:59:38.210 19093 20646 I SamsungAccount: [SignatureInfoDbHelper] searchOnUser - [10/o5xg4][android.scpm.][64/3291d] => matched
04-19 15:59:38.210 19093 20646 I SamsungAccount: [SignatureInfoDbHelper] search - matched
04-19 15:59:38.210 19093 20646 I SamsungAccount: [SignatureCheckUtil] runCheckSignatureAsync(fromDb) - matched
04-19 15:59:38.210 19093 20646 I SamsungAccount: [AbstractProcessRunnable] [InAIDL-AbstractProcessRunnable]isAvailableRunningProcess end. Package = android.scpm.
04-19 15:59:38.210 19093 20646 I SamsungAccount: [AccessTokenRunnable] [InAIDL-AccessTokenRunnable]runProcess start. Package = android.scpm.
04-19 15:59:38.211 19093 20646 I SamsungAccount: [StateCheckUtil] isGoogleLinked = true
04-19 15:59:38.212 20556 20556 D SamsungAnalytics605015: AppVersion = 13, prefAppVerison = 13, beforeSendCommonTime = 1681450185574, success = true
04-19 15:59:38.212 19093 20646 I SamsungAccount: [AccessTokenRunnable] check_basic_profile = false needToCheckServer = false
04-19 15:59:38.213 20556 20556 D SamsungAnalytics605015: newThread on Executor
04-19 15:59:38.215 19093 20646 I SamsungAccount: [DeviceManager] salesCode : SER
04-19 15:59:38.215 19093 20646 I SamsungAccount: [DeviceManager] isNewLduProdCode : false
04-19 15:59:38.215 19093 20646 I SamsungAccount: [CountryCodeUtil] isChinaCountryCode : false
04-19 15:59:38.216 19093 20646 I SamsungAccount: [ChinaPermissionUtil] isChnSecurityPopupNeeded - false
04-19 15:59:38.218 20556 20556 D SamsungAnalytics605015: [Tracker] Tracker start:6.05.015 , senderType : 3
04-19 15:59:38.221 19093 20646 I SamsungAccount: [StateCheckUtil] isChildAccount : false
04-19 15:59:38.221 20556 20556 I MDENotifyReceiver: onReceive : com.samsung.intent.action.MDE_SUGGESTION_NOTIFY
04-19 15:59:38.222 19093 20646 I SamsungAccount: [AccessTokenRunnable] [InAIDL-AccessTokenRunnable]isAccessTokenReusable. Package = android.scpm.
04-19 15:59:38.224 19093 20646 I SamsungAccount: [StateCheckUtil] isOverIntervalTime, renewTimeStamp = false
04-19 15:59:38.224 19093 20646 I SamsungAccount: [AccessTokenRunnable] [InAIDL-AccessTokenRunnable]checkAndSetAccessToken. Package = android.scpm.
04-19 15:59:38.224 19093 20646 I SamsungAccount: [AccessToken] getAccessTokenInfo
04-19 15:59:38.226 19093 20646 I SamsungAccount: [RBIVO] getStringFormAdditionalBundleKey : expired_access_token
04-19 15:59:38.226 19093 20646 I SamsungAccount: [AccessTokenRunnable] expiredAccessToken is Empty. curTimeSec=1681912778, TimeGap=52597
04-19 15:59:38.227 19093 20646 I SamsungAccount: [AccessTokenRunnable] IsTokenReusable : true
04-19 15:59:38.227 19093 20646 I SamsungAccount: [AccessTokenRunnable] Accesstoken is reusable and isNeedToCheckServer is false
04-19 15:59:38.227 19093 20646 I SamsungAccount: [DbManagerV2] getMccFromDB
04-19 15:59:38.227 19093 20646 I SamsungAccount: [DbManagerV2] getDataV02ForItems : MCC from Cache
04-19 15:59:38.227 19093 20646 I SamsungAccount: [DataUtil] Not Skip Name Validation by accountMCC
04-19 15:59:38.227 19093 20646 I SamsungAccount: [LocalBusinessException] Not Skip Name Validation by AppId
04-19 15:59:38.227 19093 20646 I SamsungAccount: [OpenDBManager] getCheckListFromOpenDB
04-19 15:59:38.227 19093 20646 I SamsungAccount: [OpenDBManager] getTncResult
04-19 15:59:38.227 19093 20646 I SamsungAccount: [OpenDBManager] getTncCursor
04-19 15:59:38.227 19093 20646 I SamsungAccount: [OpenContentProvider]  URI : content://com.msc.openprovider.openContentProvider/tncRequest
04-19 15:59:38.227 19093 20646 I SamsungAccount: [AccountManagerUtil] isSamsungAccountSignedIn : true
04-19 15:59:38.228 20556 20649 D ActionExecutionHandler: handleMessage : MSG_INIT
04-19 15:59:38.231 20556 20649 D ActionExecutionHandler: handleMessage : MSG_LOAD
04-19 15:59:38.231 20556 20649 I Utils   : getStringFromAsset : account_suggestion.json
04-19 15:59:38.232  5628  5712 I libprocessgroup: Successfully killed process cgroup uid 10380 pid 17257 in 0ms
04-19 15:59:38.235 19093 20646 I SamsungAccount: [SignatureCheckUtil] runCheckSignatureWithEmptyId
04-19 15:59:38.235 19093 20646 I SamsungAccount: [SignatureCheckUtil] runCheckSignatureAsync
04-19 15:59:38.235 19093 20646 I SamsungAccount: [SignaturePreconditionChecker] getSignatureResult - fromSesSdk : true
04-19 15:59:38.235 19093 20646 I SamsungAccount: [SignatureInfoDbHelper] getSignatureResult - [][app.signin.]
04-19 15:59:38.235 19093 20646 I SamsungAccount: [SignatureInfoDbHelper] searchOnUser
04-19 15:59:38.244 20556 20647 D SamsungAnalytics605015: [Setting Sender] No status log
04-19 15:59:38.261 19093 20646 I SamsungAccount: [SignatureInfoDbHelper] searchOnUser - [][app.signin.][64/3291d] => matched
04-19 15:59:38.261 19093 20646 I SamsungAccount: [SignatureInfoDbHelper] search - matched
04-19 15:59:38.261 19093 20646 I SamsungAccount: [SignatureCheckUtil] runCheckSignatureAsync(fromDb) - matched
04-19 15:59:38.265 19093 20646 I SamsungAccount: [DbManagerV2] getMccFromDB
04-19 15:59:38.265 19093 20646 I SamsungAccount: [DbManagerV2] getDataV02ForItems : MCC from Cache
04-19 15:59:38.265 19093 20646 I SamsungAccount: [DataUtil] Not Skip Name Validation by accountMCC
04-19 15:59:38.267 19093 20646 I SamsungAccount: [OpenDBManager] isRequireField
04-19 15:59:38.267 19093 20646 I SamsungAccount: [OpenDBManager] getFieldCursor
04-19 15:59:38.267 19093 20646 I SamsungAccount: [OpenContentProvider]  URI : content://com.msc.openprovider.openContentProvider/mandatoryField
04-19 15:59:38.268 19093 20646 I SamsungAccount: [AccountManagerUtil] isSamsungAccountSignedIn : true
04-19 15:59:38.269  5250  5250 I Zygote  : Process 17257 exited due to signal 9 (Killed)
04-19 15:59:38.291 20556 20649 D ActionExecutionHandler: handleMessage : MSG_EXECUTE
04-19 15:59:38.291 20556 20649 I Engine  : runScenarios : start runScenarios
04-19 15:59:38.295  4613  4613 W keymaster_tee: [WRN]begin req PARAMS: A32 B2 P64
04-19 15:59:38.300 20556 20649 D Utils   : removeIdListToLocalStorage
04-19 15:59:38.301 20556 20649 D Engine  : runActionFlow : Quick Share On
04-19 15:59:38.301 20556 20649 I ActionDispatcher: executeAction : tag = get/is_samsung_account_signed_in
04-19 15:59:38.306 20556 20649 I ActionDispatcher: executeAction : tag = get/quickshare_status
04-19 15:59:38.312 20506 20521 I ShareLive: [SLog][binder:20506_3][ExternalProvider] query: content://com.samsung.android.sharelive.external/exsettings/1
04-19 15:59:38.312 20506 20521 I ShareLive: [SLog][binder:20506_3][SettingsDao] Update airplane mode : false
04-19 15:59:38.321 19093 20646 I SamsungAccount: [StateCheckUtil] Validation Process is completed true
04-19 15:59:38.321 19093 20646 I SamsungAccount: [AccessTokenRunnable] [InAIDL-AccessTokenRunnable]AccessToken reuse. runProcess end. Package = android.scpm.
04-19 15:59:38.321 19093 20646 I SamsungAccount: [CBM] [InAIDL-CallbackManager]getCallbackInfo
04-19 15:59:38.321 19093 20646 I SamsungAccount: [CBM] setCurrentRequestType :0
04-19 15:59:38.321 19093 20646 I SamsungAccount: [AccountManagerUtil] isSamsungAccountSignedIn : true
04-19 15:59:38.322 19093 20646 I SamsungAccount: [AccessTokenRunnable] [InAIDL-AccessTokenRunnable]onProcessFinished. Package = android.scpm.
04-19 15:59:38.323 19093 20646 I SamsungAccount: [DeviceManager] salesCode : SER
04-19 15:59:38.323 19093 20646 I SamsungAccount: [DeviceManager] isNewLduProdCode : false
04-19 15:59:38.323 19093 20646 I SamsungAccount: [CountryCodeUtil] isChinaCountryCode : false
04-19 15:59:38.324 19093 20646 I SamsungAccount: [ChinaPermissionUtil] isChnSecurityPopupNeeded - false
04-19 15:59:38.327 19093 20646 I SamsungAccount: [AccessTokenRunnable] [InAIDL-AccessTokenRunnable]checkAccessTokenAndRefreshToken. Package = android.scpm.
04-19 15:59:38.328 19093 20646 I SamsungAccount: [AccessTokenRunnable] [InAIDL-AccessTokenRunnable]handleProcessSuccessResult start. Package = android.scpm.
04-19 15:59:38.328 19093 20646 I SamsungAccount: [RBIVO] getStringArrFromAdditionalBundleKey : additional
04-19 15:59:38.329 19093 20646 I SamsungAccount: [AccessTokenRunnable] [InAIDL-AccessTokenRunnable]setAdditionalInfo start. Package = android.scpm.
04-19 15:59:38.329 19093 20646 I SamsungAccount: [AccessTokenRunnable] [InAIDL-AccessTokenRunnable]set user_id
04-19 15:59:38.329 19093 20646 I SamsungAccount: [DbManagerV2] getUserID
04-19 15:59:38.329 19093 20646 I SamsungAccount: [DbManagerV2] getDataV02ForItems : USER_ID from Cache
04-19 15:59:38.329 19093 20646 I SamsungAccount: [AccessTokenRunnable] [InAIDL-AccessTokenRunnable]set cc
04-19 15:59:38.330 19093 20646 I SamsungAccount: [DbManagerV2] getCountryCodeFromDB
04-19 15:59:38.330 19093 20646 I SamsungAccount: [DbManagerV2] getDataV02ForItems : COUNTRY_CODE from Cache
04-19 15:59:38.330 19093 20646 I SamsungAccount: [AccessTokenRunnable] [InAIDL-AccessTokenRunnable]set api_server_url
04-19 15:59:38.330 19093 20646 I SamsungAccount: [UrlManagerAuth] api_server_url for region
04-19 15:59:38.330 19093 20646 I SamsungAccount: [UrlManagerAuth] return region server url
04-19 15:59:38.330 19093 20646 I SamsungAccount: [AccessTokenRunnable] [InAIDL-AccessTokenRunnable]set auth_server_url
04-19 15:59:38.330 19093 20646 I SamsungAccount: [UrlManagerAuth] auth_server_url for region
04-19 15:59:38.330 19093 20646 I SamsungAccount: [UrlManagerAuth] return region server url
04-19 15:59:38.330 19093 20646 I SamsungAccount: [AccessTokenRunnable] [InAIDL-AccessTokenRunnable]set login_id
04-19 15:59:38.331 19093 20646 I SamsungAccount: [AccessTokenRunnable] [InAIDL-AccessTokenRunnable]setAdditionalInfo finish. Package = android.scpm.
04-19 15:59:38.335 20556 20649 D [MdeResource]QuickShareStatusChecker: quick share status : false
04-19 15:59:38.335 20559 20587 I [SCPMV2][SamsungAccountService]: onReceiveAccessToken: true
04-19 15:59:38.335 20556 20649 D [MdeResource]QuickShareStatusChecker: Status ID : quickshare_continuity_status
04-19 15:59:38.335 20559 20587 I [SCPMV2][AuthDataManager]: setAccessToken
04-19 15:59:38.336 20556 20649 I [SCPMSDK][0.9.1000][ScpmDeviceService]: call : Method = setStatus, appId = 7ifb2oyy52
04-19 15:59:38.336 19093 20646 I SamsungAccount: [AIDLInterfaceBinder] [InAIDL] unregisterCallback start
04-19 15:59:38.337 19093 20646 I SamsungAccount: [CBM] [InAIDL-CallbackManager]getCallbackInfo
04-19 15:59:38.337 19093 20646 I SamsungAccount: [RequestHistoryManager] ==AIDL ACCTOKEN HISTORY== android.scpm. => 04/19-15:59:38
04-19 15:59:38.337 19093 20646 I SamsungAccount: [CBM] [InAIDL-CallbackManager]unRegisterCallback
04-19 15:59:38.337 19093 20646 I SamsungAccount: [CBM] [InAIDL-CallbackManager]checkUnregisterCallbackCondition
04-19 15:59:38.337 19093 20646 I SamsungAccount: [CBM] [InAIDL-CallbackManager]getCallbackInfo
04-19 15:59:38.337 19093 20646 I SamsungAccount: [CBM] [InAIDL-CallbackManager] Unregister SuccessPackage = android.scpm.
04-19 15:59:38.337 19093 20646 I SamsungAccount: [AIDLInterfaceBinder] [InAIDL] unregisterCallback end
04-19 15:59:38.338 19093 19119 I SamsungAccount: [OpenContentProvider]  URI : content://com.msc.openprovider.openContentProvider/tncRequest
04-19 15:59:38.338 19093 19119 I SamsungAccount: [AccountManagerUtil] isSamsungAccountSignedIn : true
04-19 15:59:38.339 19093 19119 I SamsungAccount: [SignatureCheckUtil] runCheckSignatureWithEmptyId
04-19 15:59:38.339 19093 19119 I SamsungAccount: [SignatureCheckUtil] runCheckSignatureAsync
04-19 15:59:38.340 19093 19119 I SamsungAccount: [SignaturePreconditionChecker] getSignatureResult - fromSesSdk : true
04-19 15:59:38.340 19093 19119 I SamsungAccount: [SignatureInfoDbHelper] getSignatureResult - [][android.scpm.]
04-19 15:59:38.340 19093 19119 I SamsungAccount: [SignatureInfoDbHelper] searchOnUser
04-19 15:59:38.343 20559 20587 W libc    : Access denied finding property "sys.perf.boostopt"
04-19 15:59:38.347 19093 19093 I SamsungAccount: [AIDLRequestService] OnDestroy Service
04-19 15:59:38.348 19093 19119 I SamsungAccount: [SignatureInfoDbHelper] searchOnUser - [][android.scpm.][64/3291d] => matched
04-19 15:59:38.348 19093 19119 I SamsungAccount: [SignatureInfoDbHelper] search - matched
04-19 15:59:38.348 19093 19119 I SamsungAccount: [SignatureCheckUtil] runCheckSignatureAsync(fromDb) - matched
04-19 15:59:38.350 19093 20646 I SamsungAccount: [AccessTokenRunnable] [InAIDL-AccessTokenRunnable]handleProcessSuccessResult finish. Package = android.scpm.
04-19 15:59:38.350 19093 20646 I SamsungAccount: [StateCheckUtil] isChildAccount : false
04-19 15:59:38.354 20559 20591 I [SCPMV2][AuthFunctionImpl]: isValidSamsungAccount: name: 0 email: 0
04-19 15:59:38.359 20559 20588 I [SCPMV2][DeviceSettingsPreferences]: save. id: quickshare_continuity_status
04-19 15:59:38.364 20559 20591 I [SCPMV2][RequestSmp]: PushPreference exist.
04-19 15:59:38.364 20559 20624 I [SCPMV2][AuthUtil]: getAuthData
04-19 15:59:38.369 20559 20624 W System.err: java.lang.NullPointerException: Attempt to invoke virtual method 'boolean com.samsung.scsp.framework.core.ScspConfig.isForceFallback()' on a null object reference
04-19 15:59:38.371 20556 20649 I [SCPMSDK][0.9.1000][ScpmDeviceService]: result = 1, rcode = 20000000, rmsg = .
04-19 15:59:38.371 20556 20649 I ActionDispatcher: executeAction : tag = get/has_quickshare_off_history
04-19 15:59:38.372 20506 20521 I ShareLive: [SLog][binder:20506_3][ExternalProvider] query: content://com.samsung.android.sharelive.external/suggestSetting
04-19 15:59:38.373 20506 20521 I ShareLive: [SLog][binder:20506_3][SystemSettingUtil] isActivated: true
04-19 15:59:38.381 20559 20624 W System.err: 	at com.samsung.scsp.framework.core.SContextHolder$NetworkFactory.lambda$get$0(SContextHolder.java:1)
04-19 15:59:38.384 20559 20624 W System.err: 	at com.samsung.scsp.framework.core.f.get(Unknown Source:2)
04-19 15:59:38.385 20559 20624 W System.err: 	at a.c.c.a.f.b(FaultBarrier.java:1)
04-19 15:59:38.385 20559 20624 W System.err: 	at a.c.c.a.f.a(FaultBarrier.java:1)
04-19 15:59:38.387 20559 20624 W System.err: 	at com.samsung.scsp.framework.core.SContextHolder$NetworkFactory.get(SContextHolder.java:1)
04-19 15:59:38.387 20559 20624 W System.err: 	at com.samsung.scsp.framework.core.SContextHolder$NetworkFactory.access$100(SContextHolder.java:1)
04-19 15:59:38.391 20559 20624 W System.err: 	at com.samsung.scsp.framework.core.SContextHolder.<init>(SContextHolder.java:5)
04-19 15:59:38.392 20556 20649 D [MdeResource]QuickShareOffHistoryChecker: quick share off history : false
04-19 15:59:38.392 20556 20649 I ActionDispatcher: executeAction : tag = flow_control/branch_if
04-19 15:59:38.392 20556 20649 I ActionDispatcher: param.TYPE : STRING
04-19 15:59:38.392 20556 20649 I ActionDispatcher: param.VALUE : 1&&2&&3
04-19 15:59:38.393 20556 20649 I ActionDispatcher: param token : 1
04-19 15:59:38.393 20556 20649 I ActionDispatcher: param token : 2
04-19 15:59:38.393 20556 20649 I ActionDispatcher: param token : 3
04-19 15:59:38.393 20556 20649 I ActionDispatcher: expression.TYPE : LIST{STRING}
04-19 15:59:38.393 20556 20649 D ActionDispatcher: variable : get/is_samsung_account_signed_in, operator : ==, value : true, getter value : true, value type class : class java.lang.Boolean
04-19 15:59:38.393 20556 20649 D ActionDispatcher: variable : get/quickshare_status, operator : ==, value : false, getter value : false, value type class : class java.lang.Boolean
04-19 15:59:38.394 20556 20649 D ActionDispatcher: variable : get/has_quickshare_off_history, operator : ==, value : true, getter value : false, value type class : class java.lang.Boolean
04-19 15:59:38.394 20556 20649 I ActionDispatcher: executeAction : tag = flow_control/branch_endif
04-19 15:59:38.394 20556 20649 D Engine  : runActionFlow : Auto Hotspot On
04-19 15:59:38.394 20556 20649 I ActionDispatcher: executeAction : tag = get/is_samsung_account_signed_in
04-19 15:59:38.395 20559 20624 W System.err: 	at com.samsung.scsp.framework.core.identity.IdentityImpl.<init>(IdentityImpl.java:3)
04-19 15:59:38.395 20559 20624 W System.err: 	at com.samsung.scsp.framework.core.identity.ScspIdentity$LazyHolder.<clinit>(ScspIdentity.java:1)
04-19 15:59:38.395 20559 20624 W System.err: 	at com.samsung.scsp.framework.core.identity.ScspIdentity.updatePush(ScspIdentity.java:1)
04-19 15:59:38.395 20559 20624 W System.err: 	at com.samsung.scsp.framework.core.identity.PushInfoSupplier.update(PushInfoSupplier.java:1)
04-19 15:59:38.395 20559 20624 W System.err: 	at com.samsung.android.scpm.auth.d1.c(PushInfoSupplierFactory.java:3)
04-19 15:59:38.395 20559 20624 W System.err: 	at com.samsung.android.scpm.auth.z0.c(AuthUtil.java:1)
04-19 15:59:38.395 20559 20624 W System.err: 	at com.samsung.android.scpm.auth.z0.d(Unknown Source:0)
04-19 15:59:38.395 20559 20624 W System.err: 	at com.samsung.android.scpm.auth.n.run(Unknown Source:2)
04-19 15:59:38.395 20559 20624 W System.err: 	at a.c.c.a.f.d(FaultBarrier.java:1)
04-19 15:59:38.396 20559 20624 W System.err: 	at a.c.c.a.f.c(FaultBarrier.java:1)
04-19 15:59:38.396 20559 20624 W System.err: 	at com.samsung.android.scpm.auth.z0.e(AuthUtil.java:3)
04-19 15:59:38.396 20559 20624 W System.err: 	at com.samsung.android.scpm.auth.z0.f(Unknown Source:0)
04-19 15:59:38.396 20559 20624 W System.err: 	at com.samsung.android.scpm.auth.o.run(Unknown Source:2)
04-19 15:59:38.396 20559 20624 W System.err: 	at com.samsung.scsp.framework.core.identity.ScspIdentity.transaction(ScspIdentity.java:2)
04-19 15:59:38.396 20559 20624 W System.err: 	at com.samsung.android.scpm.auth.z0.i(AuthUtil.java:1)
04-19 15:59:38.396 20559 20624 W System.err: 	at com.samsung.android.scpm.auth.m1.c(SmpUtil.java:11)
04-19 15:59:38.396 20559 20624 W System.err: 	at com.samsung.android.scpm.auth.m1.d(Unknown Source:0)
04-19 15:59:38.396 20559 20624 W System.err: 	at com.samsung.android.scpm.auth.t0.run(Unknown Source:4)
04-19 15:59:38.396 20559 20624 W System.err: 	at a.c.c.a.f.d(FaultBarrier.java:1)
04-19 15:59:38.396 20559 20624 W System.err: 	at a.c.c.a.f.c(FaultBarrier.java:1)
04-19 15:59:38.396 20559 20624 W System.err: 	at com.samsung.android.scpm.auth.m1.a(SmpUtil.java:1)
04-19 15:59:38.396 20559 20624 W System.err: 	at com.samsung.android.scpm.app.AccountDependentInitializer.lambda$accept$0(AccountDependentInitializer.java:2)
04-19 15:59:38.396 20559 20624 W System.err: 	at com.samsung.android.scpm.app.a.run(Unknown Source:2)
04-19 15:59:38.396 20559 20624 W System.err: 	at a.c.c.a.f.d(FaultBarrier.java:1)
04-19 15:59:38.396 20559 20624 W System.err: 	at a.c.c.a.f.c(FaultBarrier.java:1)
04-19 15:59:38.396 20559 20624 W System.err: 	at com.samsung.android.scpm.app.AccountDependentInitializer.accept(AccountDependentInitializer.java:2)
04-19 15:59:38.397 20559 20624 W System.err: 	at com.samsung.android.scpm.app.AccountDependentInitializer.accept(AccountDependentInitializer.java:1)
04-19 15:59:38.397 20559 20624 W System.err: 	at com.samsung.scsp.common.l3.lambda$onCreate$0(ScspApplication.java:1)
04-19 15:59:38.397 20559 20624 W System.err: 	at com.samsung.scsp.common.l3.a(Unknown Source:0)
04-19 15:59:38.397 20559 20624 W System.err: 	at com.samsung.scsp.common.u0.accept(Unknown Source:4)
04-19 15:59:38.397 20559 20624 W System.err: 	at java.util.ArrayList.forEach(ArrayList.java:1262)
04-19 15:59:38.397 20559 20624 W System.err: 	at com.samsung.scsp.common.l3.lambda$onCreate$1(ScspApplication.java:1)
04-19 15:59:38.397 20559 20624 W System.err: 	at com.samsung.scsp.common.l3.b(Unknown Source:0)
04-19 15:59:38.397 20559 20624 W System.err: 	at com.samsung.scsp.common.t0.run(Unknown Source:4)
04-19 15:59:38.397 20559 20624 W System.err: 	at java.lang.Thread.run(Thread.java:1012)
04-19 15:59:38.399 20559 20624 W System.err: java.lang.NullPointerException: Attempt to invoke virtual method 'boolean com.samsung.scsp.framework.core.ScspConfig.isEnableHttp2()' on a null object reference
04-19 15:59:38.399 20559 20624 W System.err: 	at com.samsung.scsp.framework.core.CronetEngineFactory.lambda$get$0(CronetEngineFactory.java:1)
04-19 15:59:38.399 20559 20624 W System.err: 	at com.samsung.scsp.framework.core.c.get(Unknown Source:2)
04-19 15:59:38.400 20559 20624 W System.err: 	at a.c.c.a.f.b(FaultBarrier.java:1)
04-19 15:59:38.400 20559 20624 W System.err: 	at a.c.c.a.f.a(FaultBarrier.java:1)
04-19 15:59:38.400 20559 20624 W System.err: 	at com.samsung.scsp.framework.core.CronetEngineFactory.get(CronetEngineFactory.java:1)
04-19 15:59:38.400 20559 20624 W System.err: 	at com.samsung.scsp.framework.core.SContextHolder$NetworkFactory.get(SContextHolder.java:4)
04-19 15:59:38.400 20559 20624 W System.err: 	at com.samsung.scsp.framework.core.SContextHolder$NetworkFactory.access$100(SContextHolder.java:1)
04-19 15:59:38.400 20559 20624 W System.err: 	at com.samsung.scsp.framework.core.SContextHolder.<init>(SContextHolder.java:5)
04-19 15:59:38.400 20559 20624 W System.err: 	at com.samsung.scsp.framework.core.identity.IdentityImpl.<init>(IdentityImpl.java:3)
04-19 15:59:38.400 20559 20624 W System.err: 	at com.samsung.scsp.framework.core.identity.ScspIdentity$LazyHolder.<clinit>(ScspIdentity.java:1)
04-19 15:59:38.400 20559 20624 W System.err: 	at com.samsung.scsp.framework.core.identity.ScspIdentity.updatePush(ScspIdentity.java:1)
04-19 15:59:38.400 20559 20624 W System.err: 	at com.samsung.scsp.framework.core.identity.PushInfoSupplier.update(PushInfoSupplier.java:1)
04-19 15:59:38.400 20559 20624 W System.err: 	at com.samsung.android.scpm.auth.d1.c(PushInfoSupplierFactory.java:3)
04-19 15:59:38.400 20559 20624 W System.err: 	at com.samsung.android.scpm.auth.z0.c(AuthUtil.java:1)
04-19 15:59:38.400 20559 20624 W System.err: 	at com.samsung.android.scpm.auth.z0.d(Unknown Source:0)
04-19 15:59:38.403 20559 20591 I [SCPMV2][PatchDevice]: execute
04-19 15:59:38.405 20559 20624 W System.err: 	at com.samsung.android.scpm.auth.n.run(Unknown Source:2)
04-19 15:59:38.405 20559 20624 W System.err: 	at a.c.c.a.f.d(FaultBarrier.java:1)
04-19 15:59:38.405 20559 20624 W System.err: 	at a.c.c.a.f.c(FaultBarrier.java:1)
04-19 15:59:38.405 20559 20624 W System.err: 	at com.samsung.android.scpm.auth.z0.e(AuthUtil.java:3)
04-19 15:59:38.405 20559 20624 W System.err: 	at com.samsung.android.scpm.auth.z0.f(Unknown Source:0)
04-19 15:59:38.405 20559 20624 W System.err: 	at com.samsung.android.scpm.auth.o.run(Unknown Source:2)
04-19 15:59:38.406 20559 20624 W System.err: 	at com.samsung.scsp.framework.core.identity.ScspIdentity.transaction(ScspIdentity.java:2)
04-19 15:59:38.405 20556 20649 I ActionDispatcher: executeAction : tag = get/remote/phone_tablet
04-19 15:59:38.406 20559 20624 W System.err: 	at com.samsung.android.scpm.auth.z0.i(AuthUtil.java:1)
04-19 15:59:38.406 20559 20624 W System.err: 	at com.samsung.android.scpm.auth.m1.c(SmpUtil.java:11)
04-19 15:59:38.406 20559 20624 W System.err: 	at com.samsung.android.scpm.auth.m1.d(Unknown Source:0)
04-19 15:59:38.406 20559 20624 W System.err: 	at com.samsung.android.scpm.auth.t0.run(Unknown Source:4)
04-19 15:59:38.406 20559 20624 W System.err: 	at a.c.c.a.f.d(FaultBarrier.java:1)
04-19 15:59:38.406 20559 20624 W System.err: 	at a.c.c.a.f.c(FaultBarrier.java:1)
04-19 15:59:38.406 20559 20624 W System.err: 	at com.samsung.android.scpm.auth.m1.a(SmpUtil.java:1)
04-19 15:59:38.406 20559 20624 W System.err: 	at com.samsung.android.scpm.app.AccountDependentInitializer.lambda$accept$0(AccountDependentInitializer.java:2)
04-19 15:59:38.407 20559 20624 W System.err: 	at com.samsung.android.scpm.app.a.run(Unknown Source:2)
04-19 15:59:38.407 20559 20624 W System.err: 	at a.c.c.a.f.d(FaultBarrier.java:1)
04-19 15:59:38.407 20559 20624 W System.err: 	at a.c.c.a.f.c(FaultBarrier.java:1)
04-19 15:59:38.407 20559 20624 W System.err: 	at com.samsung.android.scpm.app.AccountDependentInitializer.accept(AccountDependentInitializer.java:2)
