04-24 04:50:18.510  6374  6374 D KeyguardUpdateMonitor: handleServiceStateChange(subId=2, serviceState={mVoiceRegState=0(IN_SERVICE), mDataRegState=0(IN_SERVICE), mChannelNumber=6300, duplexMode()=1, mCellBandwidths=[], mOperatorAlphaLong=Yettel, mOperatorAlphaShort=Yettel, isManualNetworkSelection=false(automatic), getRilVoiceRadioTechnology=14(LTE), getRilDataRadioTechnology=14(LTE), mCssIndicator=unsupported, mNetworkId=*1, mSystemId=*1, mCdmaRoamingIndicator=-1, mCdmaDefaultRoamingIndicator=-1, VoiceRegType=0, Snap=0, MobileData=IN_SERVICE, MobileDataRoamingType=home, MobileDataRat=LTE, PsOnly=false, FemtocellInd=0, SprDisplayRoam=false, OptRadioTech=0, MsimSubmode=0, mIsEmergencyOnly=false, isUsingCarrierAggregation=false, mArfcnRsrpBoost=0, mNetworkRegistrationInfos=[NetworkRegistrationInfo{ domain=CS transportType=WWAN registrationState=HOME roamingType=NOT_ROAMING accessNetworkTechnology=LTE rejectCause=0 emergencyEnabled=false availableServices=[VOICE,SMS,VIDEO] cellIdentity=CellIdentityLte:{ mCi=1****11 mPci=191 mTac=1***3 mEarfcn=6300 mBands=[] mBandwidth=2147483647 mMcc=220 mMnc=01 mAlphaLong=Yettel mAlphaShort=Yettel mAdditionalPlmns={} mCsgInfo=null} voiceSpecificInfo=VoiceSpecificRegistrationInfo { mCssSupported=false mRoamingIndicator=0 mSystemIsInPrl=0 mDefaultRoamingIndicator=0} dataSpecificInfo=null nrState=**** rRplmn=22001 isUsingCarrierAggregation=false}, NetworkRegistrationInfo{ domain=PS transportType=WWAN registrationState=HOME roamingType=NOT_ROAMING accessNetworkTechnology=LTE rejectCause=0 emergencyEnabled=false availableServices=[DATA] cellIdentity=CellIdentityLte:{ mCi=1****11 mPci=191 mTac=1***3 mEarfcn=6300 mBands=[] mBandwidth=2147483647 mMcc=220 mMnc=01 mAlphaLong=Yettel mAlphaShort=Yettel mAdditionalPlmns={} mCsgInfo=null} voiceSpecificInfo=null dataSpecificInfo=android.telephony.DataSpecificRegistrationInfo :{ maxDataCalls = 4 isDcNrRestricted = false isNrAvailable = false isEnDcAvailable = false LteVopsSupportInfo :  mVopsSupport = 2 mEmcBearerSupport = 3 } nrState=**** rRplmn=22001 isUsingCarrierAggregation=false}], mNrFrequencyRange=0, mOperatorAlphaLongRaw=Yettel, mOperatorAlphaShortRaw=Yettel, mIsDataRoamingFromRegistration=false, mIsIwlanPreferred=false}
04-24 04:50:18.510  6374  6374 D CarrierTextController: onRefreshCarrierInfo(), mTelephonyCapable: true
04-24 04:50:18.510  6374  6374 D CarrierTextController: updateCarrierText(): 2
04-24 04:50:18.510  6374  6374 D CarrierTextController: Handling (subId=1): 5 Yettel | MegaFon
04-24 04:50:18.510  6374  6374 D CarrierTextController: carrierTextForSimState = Yettel | MegaFon
04-24 04:50:18.511  6374  6374 D CarrierTextController: SIM ready and in service: subId=1, ss={mVoiceRegState=0(IN_SERVICE), mDataRegState=0(IN_SERVICE), mChannelNumber=1300, duplexMode()=1, mCellBandwidths=[], mOperatorAlphaLong=Yettel, mOperatorAlphaShort=Yettel, isManualNetworkSelection=false(automatic), getRilVoiceRadioTechnology=14(LTE), getRilDataRadioTechnology=14(LTE), mCssIndicator=unsupported, mNetworkId=*1, mSystemId=*1, mCdmaRoamingIndicator=-1, mCdmaDefaultRoamingIndicator=-1, VoiceRegType=0, Snap=0, MobileData=IN_SERVICE, MobileDataRoamingType=International Roaming, MobileDataRat=LTE, PsOnly=false, FemtocellInd=0, SprDisplayRoam=false, OptRadioTech=0, MsimSubmode=0, mIsEmergencyOnly=false, isUsingCarrierAggregation=false, mArfcnRsrpBoost=0, mNetworkRegistrationInfos=[NetworkRegistrationInfo{ domain=CS transportType=WWAN registrationState=ROAMING roamingType=INTERNATIONAL accessNetworkTechnology=LTE rejectCause=0 emergencyEnabled=false availableServices=[VOICE,SMS,VIDEO] cellIdentity=CellIdentityLte:{ mCi=1****69 mPci=67 mTac=1***3 mEarfcn=1300 mBands=[] mBandwidth=2147483647 mMcc=220 mMnc=01 mAlphaLong=Yettel mAlphaShort=Yettel mAdditionalPlmns={} mCsgInfo=null} voiceSpecificInfo=VoiceSpecificRegistrationInfo { mCssSupported=false mRoamingIndicator=0 mSystemIsInPrl=0 mDefaultRoamingIndicator=0} dataSpecificInfo=null nrState=**** rRplmn=22001 isUsingCarrierAggregation=false}, NetworkRegistrationInfo{ domain=PS transportType=WWAN registrationState=ROAMING roamingType=INTERNATIONAL accessNetworkTechnology=LTE rejectCause=0 emergencyEnabled=false availableServices=[DATA] cellIdentity=CellIdentityLte:{ mCi=1****69 mPci=67 mTac=1***3 mEarfcn=1300 mBands=[] mBandwidth=2147483647 mMcc=220 mMnc=01 mAlphaLong=Yettel mAlphaShort=Yettel mAdditionalPlmns={} mCsgInfo=null} voiceSpecificInfo=null dataSpecificInfo=android.telephony.DataSpecificRegistrationInfo :{ maxDataCalls = 4 isDcNrRestricted = false isNrAvailable = false isEnDcAvailable = false LteVopsSupportInfo :  mVopsSupport = 3 mEmcBearerSupport = 3 } nrState=**** rRplmn=22001 isUsingCarrierAggregation=false}], mNrFrequencyRange=0, mOperatorAlphaLongRaw=Yettel, mOperatorAlphaShortRaw=Yettel, mIsDataRoamingFromRegistration=true, mIsIwlanPreferred=false}
04-24 04:50:18.511  6374  6374 D CarrierTextController: Handling (subId=2): 5 Yettel
04-24 04:50:18.511  6374  6374 D CarrierTextController: carrierTextForSimState = Yettel
04-24 04:50:18.512  6374  6374 D CarrierTextController: SIM ready and in service: subId=2, ss={mVoiceRegState=0(IN_SERVICE), mDataRegState=0(IN_SERVICE), mChannelNumber=6300, duplexMode()=1, mCellBandwidths=[], mOperatorAlphaLong=Yettel, mOperatorAlphaShort=Yettel, isManualNetworkSelection=false(automatic), getRilVoiceRadioTechnology=14(LTE), getRilDataRadioTechnology=14(LTE), mCssIndicator=unsupported, mNetworkId=*1, mSystemId=*1, mCdmaRoamingIndicator=-1, mCdmaDefaultRoamingIndicator=-1, VoiceRegType=0, Snap=0, MobileData=IN_SERVICE, MobileDataRoamingType=home, MobileDataRat=LTE, PsOnly=false, FemtocellInd=0, SprDisplayRoam=false, OptRadioTech=0, MsimSubmode=0, mIsEmergencyOnly=false, isUsingCarrierAggregation=false, mArfcnRsrpBoost=0, mNetworkRegistrationInfos=[NetworkRegistrationInfo{ domain=CS transportType=WWAN registrationState=HOME roamingType=NOT_ROAMING accessNetworkTechnology=LTE rejectCause=0 emergencyEnabled=false availableServices=[VOICE,SMS,VIDEO] cellIdentity=CellIdentityLte:{ mCi=1****11 mPci=191 mTac=1***3 mEarfcn=6300 mBands=[] mBandwidth=2147483647 mMcc=220 mMnc=01 mAlphaLong=Yettel mAlphaShort=Yettel mAdditionalPlmns={} mCsgInfo=null} voiceSpecificInfo=VoiceSpecificRegistrationInfo { mCssSupported=false mRoamingIndicator=0 mSystemIsInPrl=0 mDefaultRoamingIndicator=0} dataSpecificInfo=null nrState=**** rRplmn=22001 isUsingCarrierAggregation=false}, NetworkRegistrationInfo{ domain=PS transportType=WWAN registrationState=HOME roamingType=NOT_ROAMING accessNetworkTechnology=LTE rejectCause=0 emergencyEnabled=false availableServices=[DATA] cellIdentity=CellIdentityLte:{ mCi=1****11 mPci=191 mTac=1***3 mEarfcn=6300 mBands=[] mBandwidth=2147483647 mMcc=220 mMnc=01 mAlphaLong=Yettel mAlphaShort=Yettel mAdditionalPlmns={} mCsgInfo=null} voiceSpecificInfo=null dataSpecificInfo=android.telephony.DataSpecificRegistrationInfo :{ maxDataCalls = 4 isDcNrRestricted = false isNrAvailable = false isEnDcAvailable = false LteVopsSupportInfo :  mVopsSupport = 2 mEmcBearerSupport = 3 } nrState=**** rRplmn=22001 isUsingCarrierAggregation=false}], mNrFrequencyRange=0, mOperatorAlphaLongRaw=Yettel, mOperatorAlphaShortRaw=Yettel, mIsDataRoamingFromRegistration=false, mIsIwlanPreferred=false}
04-24 04:50:18.512  6374  6374 D CarrierTextController: setText : Yettel | MegaFon | Yettel
04-24 04:50:18.512  6374  6374 D FaceWidgetPagesController: onRefreshCarrierInfo()
04-24 04:50:18.513  6374  6374 D FaceWidgetClockRoamManager: isNetworkRoamingState id=2
04-24 04:50:18.513  6374  6374 D FaceWidgetClockRoamManager: isNetworkRoamingState false
04-24 04:50:18.513  6374  6374 D FaceWidgetClockRoamManager: onRefreshCarrierInfo(pre, now): false, false
04-24 04:50:18.513  6374  6374 D FaceWidgetClockPage: onRefreshCarrierInfo : isChanged false mIsRoaming false
04-24 04:50:18.514  6374  6374 I CommonUtils: isNetworkRoaming id=2
04-24 04:50:18.514  6374  6374 I CommonUtils: isNetworkRoaming: false
04-24 04:50:18.527  5635  6162 D ConnectivityService: [100 CELLULAR] EVENT_NETWORK_INFO_CHANGED, going from CONNECTED to CONNECTED
04-24 04:50:18.529  6298  6298 I Telephony: TelecomAccountRegistry$AccountEntry: isRttCurrentlySupported -- regular acct,, hasVoiceAvailability: false, isRttSupported: false, alwaysAllowWhileRoaming: false, isRoaming: true, isOnWfc: false
04-24 04:50:18.538 21602 21602 D CellBroadcastReceiver: onReceive Intent { act=android.intent.action.SERVICE_STATE flg=0x1000010 cmp=com.google.android.cellbroadcastreceiver/com.android.cellbroadcastreceiver.CellBroadcastReceiver (has extras) }
04-24 04:50:18.538 21602 21602 D CellBroadcastReceiver: onServiceStateChanged, ss: 0
04-24 04:50:18.538 21602 21602 D CellBroadcastReceiver: networkOperator: 22001
04-24 04:50:18.538  6298  6408 I TelephonyProvider: D/TelephonyProvider: subIdString = 2 subId = 2
04-24 04:50:18.539 21602 21602 D CellBroadcastReceiver: update supported roaming operator as
04-24 04:50:18.543  6298  6298 I Telephony: TelecomAccountRegistry$AccountEntry: isRttCurrentlySupported -- regular acct,, hasVoiceAvailability: true, isRttSupported: false, alwaysAllowWhileRoaming: false, isRoaming: false, isOnWfc: false
04-24 04:50:18.543  6298  6298 V PhoneGlobals: handleServiceStateChanged
04-24 04:50:18.543  6298  6298 D NotificationMgr: updateNetworkSelection, Use Samsung codes instead of AOSP codes
04-24 04:50:18.543  6298  6298 V PhoneGlobals: subId=2, mDefaultDataSubId=-1, ss roaming=false
04-24 04:50:18.548  6374  6652 D MobileStatusTracker(1/2): onSignalStrengthsChanged level=2, vendorLevel=2
04-24 04:50:18.567  6374  6652 D MobileSignalController(1/2): notifyListener: enabled=true, connected=true, dataConnected=true, networkType=LTE/LTE_CA (4G+), emergencyOnly=false, roaming=false, isDefault=true, dataActivity=inout, level=2, ca=true, mmWave=false, disabledDataIcon=false, simCard=ETC
04-24 04:50:18.569  6374  6652 D NetworkController: SignalStrength from intent slotId=1
04-24 04:50:18.571  6374  6652 D MobileStatusTracker(1/2): onDisplayInfoChanged: telephonyDisplayInfo=TelephonyDisplayInfo {network=LTE, override=NONE}
04-24 04:50:18.576  6374  6652 D MobileSignalController(1/2): notifyListener: enabled=true, connected=true, dataConnected=true, networkType=LTE (4G), emergencyOnly=false, roaming=false, isDefault=true, dataActivity=inout, level=2, ca=false, mmWave=false, disabledDataIcon=false, simCard=ETC
04-24 04:50:18.579  5635  6162 D ConnectivityService: Update of LinkProperties for [100 CELLULAR]; created=171736; firstConnected=171737
04-24 04:50:18.580  5635  6162 D ConnectivityService: Setting tx/rx TCP buffers to 2097152,4194304,8388608,512000,2097152,4194304
04-24 04:50:18.581  5635  6162 D ConnectivityService: notifyType CALLBACK_IP_CHANGED for [100 CELLULAR]
04-24 04:50:18.584  6298  6408 I TelephonyProvider: D/TelephonyProvider: subIdString = 2 subId = 2
04-24 04:50:18.614  6374  6374 I FaceWidgetPositionAlgorithm: getClockContainerHeight() supplier = 270, bottom margin = 0, real height = 333
04-24 04:50:18.615  6374  6374 I FaceWidgetPositionAlgorithm: getClockContainerHeight() supplier = 270, bottom margin = 63, real height = 333
04-24 04:50:18.616  6374  6374 I FaceWidgetPositionAlgorithm: getMediaContainerHeight() height = 0 container Visibility = 8, isValid = false, mIsDozing = false, fraction = 1.0, source = 0, target = 0
04-24 04:50:18.616  6374  6374 I FaceWidgetPositionAlgorithm: getMediaContainerHeight() supplier = 0
04-24 04:50:18.620  6374  6374 V QsExpandAnimator: setQsExpansionPosition 0.0
04-24 04:50:18.628  5635  6162 D ConnectivityService: [105 CELLULAR] EVENT_NETWORK_INFO_CHANGED, going from CONNECTED to CONNECTED
04-24 04:50:18.629  5635  6162 D ConnectivityService: Update of LinkProperties for [105 CELLULAR]; created=97273640; firstConnected=97273640
04-24 04:50:18.630  5635  6162 D ConnectivityService: notifyType CALLBACK_IP_CHANGED for [105 CELLULAR]
04-24 04:50:18.636  6721  6845 I PdnController<1>: onLinkPropertiesChanged: network 105 lp {InterfaceName: rmnet5 LinkAddresses: [ 10.158.126.166/24 ] DnsAddresses: [ /109.245.224.101,/109.245.224.102 ] PcscfAddresses: [ /10.24.20.156,/10.24.28.156 ] Domains: null MTU: 1500 TcpBufferSizes: 2097152,4194304,8388608,512000,2097152,4194304 Routes: [ 0.0.0.0/0 -> 10.158.126.1 rmnet5 mtu 1500,10.158.126.0/24 -> 0.0.0.0 rmnet5 mtu 0 ]} old {InterfaceName: rmnet5 LinkAddresses: [ 10.158.126.166/24 ] DnsAddresses: [ /109.245.224.101,/109.245.224.102 ] PcscfAddresses: [ /10.24.20.156,/10.24.28.156 ] Domains: null MTU: 1500 TcpBufferSizes: 2097152,4194304,8388608,512000,2097152,4194304 Routes: [ 0.0.0.0/0 -> 10.158.126.1 rmnet5 mtu 1500,10.158.126.0/24 -> 0.0.0.0 rmnet5 mtu 0 ]}
04-24 04:50:18.636  6721  6914 I PdnController: handleMessage: what 111
04-24 04:50:18.636  6721  6914 I PdnController: onLinkPropertiesChanged: networkType=11, linkProperties={InterfaceName: rmnet5 LinkAddresses: [ 10.158.126.166/24 ] DnsAddresses: [ /109.245.224.101,/109.245.224.102 ] PcscfAddresses: [ /10.24.20.156,/10.24.28.156 ] Domains: null MTU: 1500 TcpBufferSizes: 2097152,4194304,8388608,512000,2097152,4194304 Routes: [ 0.0.0.0/0 -> 10.158.126.1 rmnet5 mtu 1500,10.158.126.0/24 -> 0.0.0.0 rmnet5 mtu 0 ]}
04-24 04:50:19.059  6374  6652 D MobileStatusTracker(1/2): onDataActivity: direction=0
04-24 04:50:19.064  6374  6652 D MobileSignalController(1/2): notifyListener: enabled=true, connected=true, dataConnected=true, networkType=LTE (4G), emergencyOnly=false, roaming=false, isDefault=true, dataActivity=, level=2, ca=false, mmWave=false, disabledDataIcon=false, simCard=ETC
04-24 04:50:20.087  6374  6652 D MobileStatusTracker(1/2): onDataActivity: direction=3
04-24 04:50:20.094  6374  6652 D MobileSignalController(1/2): notifyListener: enabled=true, connected=true, dataConnected=true, networkType=LTE (4G), emergencyOnly=false, roaming=false, isDefault=true, dataActivity=inout, level=2, ca=false, mmWave=false, disabledDataIcon=false, simCard=ETC
04-24 04:50:20.467  5272  5272 E sehhealth-service: Could not open /sys/class/power_supply/battery/lrp
04-24 04:50:21.120  6374  6652 D MobileStatusTracker(1/2): onDataActivity: direction=0
04-24 04:50:21.123  6374  6652 D MobileSignalController(1/2): notifyListener: enabled=true, connected=true, dataConnected=true, networkType=LTE (4G), emergencyOnly=false, roaming=false, isDefault=true, dataActivity=, level=2, ca=false, mmWave=false, disabledDataIcon=false, simCard=ETC
04-24 04:50:23.189  6374  6652 D MobileStatusTracker(1/2): onDataActivity: direction=3
04-24 04:50:23.193  6374  6652 D MobileSignalController(1/2): notifyListener: enabled=true, connected=true, dataConnected=true, networkType=LTE (4G), emergencyOnly=false, roaming=false, isDefault=true, dataActivity=inout, level=2, ca=false, mmWave=false, disabledDataIcon=false, simCard=ETC
04-24 04:50:25.267  6374  6652 D MobileStatusTracker(1/2): onDataActivity: direction=0
04-24 04:50:25.270  6374  6652 D MobileSignalController(1/2): notifyListener: enabled=true, connected=true, dataConnected=true, networkType=LTE (4G), emergencyOnly=false, roaming=false, isDefault=true, dataActivity=, level=2, ca=false, mmWave=false, disabledDataIcon=false, simCard=ETC
04-24 04:50:33.861  5635  8410 D TelephonyManager: requestModemActivityInfo: Sending result to app: ModemActivityInfo{ mTimestamp=156616414 mSleepTimeMs=29797009 mIdleTimeMs=8357677 mActivityStatsTechSpecificInfo=[{mRat=UNKNOWN,mFrequencyRange=UNKNOWN,mTxTimeMs[]=[38825, 33682, 22215, 348, 136354],mRxTimeMs=84351677}]}
04-24 04:50:34.565  6298  6338 I System.out: Broadcasting: Intent { act=com.sec.intent.action.SARDEVICE_CP flg=0x10000000 (has extras) }
04-24 04:50:34.571  5635  5845 D MotionRecognitionService: [SAR]  onReceive : SARDEVICE_CP, callAction = off deviceID = 3 slot = 1 device_ext = 0
04-24 04:50:34.571  5635  5845 I MotionRecognitionService: [SAR] id : 0 cmd :off
04-24 04:50:34.571  5635  5845 I MotionRecognitionService: [SAR] A96T3X6 Grip sensor disableSensor : true
04-24 04:50:34.571  5635  5845 I MotionRecognitionService: [SAR] A96T3X6 Grip sensorsetTunerGrip 8589934592 , state: false
04-24 04:50:34.582  5635  5845 D MotionRecognitionService: [SAR] set setTransmitPowerExt  value : 8589934592 : false
04-24 04:50:34.583  5635  5845 I MotionRecognitionService: [SAR] tunerGrip is 8589934592, state : false
04-24 04:50:34.583  5635  5845 I MotionRecognitionService: [SAR] A96T3X6 Grip sensorsetTunerGrip 17179869184 , state: false
04-24 04:50:34.596  5635  5845 D MotionRecognitionService: [SAR] set setTransmitPowerExt  value : 17179869184 : false
04-24 04:50:34.596  5635  5845 I MotionRecognitionService: [SAR] tunerGrip is 17179869184, state : false
04-24 04:50:34.597  5635  5845 D SensorService: Calling activate off 33554443
04-24 04:50:34.599  5262  5262 I SensorsGrip: [grip_sensor] enable: GripSensor: enable handle = 11 en = 0
04-24 04:50:34.600  5262  5262 E SensorsGrip: [grip_sensor] enable: mEnabled : 0, first_grip_event : 1
04-24 04:50:34.612  5635  5845 D SensorManager: unregisterListener :: com.samsung.android.gesture.MotionRecognitionSAR$GripSensorWrapper$1@7995f8c
04-24 04:50:34.612  5635  5845 I MotionRecognitionService: [SAR] A96T3X6 Grip sensor disable channel 0 : 0 , channel 1 : 0
04-24 04:50:34.613  5635  5845 I MotionRecognitionService: [SAR] A96T3X6_SUB Grip sensor for sub disableSensor : true
04-24 04:50:34.613  5635  5845 I MotionRecognitionService: [SAR] A96T3X6_SUB Grip sensor for subsetTunerGrip 8589934592 , state: false
04-24 04:50:34.626  5635  5845 D MotionRecognitionService: [SAR] set setTransmitPowerExt  value : 8589934592 : false
04-24 04:50:34.626  5635  5845 I MotionRecognitionService: [SAR] tunerGrip is 8589934592, state : false
04-24 04:50:34.626  5635  5845 I MotionRecognitionService: [SAR] A96T3X6_SUB Grip sensor for subsetTunerGrip 17179869184 , state: false
04-24 04:50:34.639  5635  5845 D MotionRecognitionService: [SAR] set setTransmitPowerExt  value : 17179869184 : false
04-24 04:50:34.639  5635  5845 I MotionRecognitionService: [SAR] tunerGrip is 17179869184, state : false
04-24 04:50:34.641  5635  5845 D SensorService: Calling activate off 33554450
04-24 04:50:34.642  5262  5262 I SensorsGrip: [grip_sensor_sub] enable: GripSensor: enable handle = 18 en = 0
04-24 04:50:34.643  5262  5262 E SensorsGrip: [grip_sensor_sub] enable: mEnabled : 0, first_grip_event : 1
04-24 04:50:34.644  5635  5845 D SensorManager: unregisterListener :: com.samsung.android.gesture.MotionRecognitionSAR$GripSensorWrapper$1@eb90dbb
04-24 04:50:34.644  5635  5845 I MotionRecognitionService: [SAR] A96T3X6_SUB Grip sensor for sub disable channel 0 : 0 , channel 1 : 0
04-24 04:50:34.644  5635  5845 I MotionRecognitionService: [SAR] id : 1 cmd :off
04-24 04:50:34.645  6298  6909 I System.out: Broadcast completed: result=0
04-24 04:50:37.788  5635  8922 D PackageManager: setEnabledSetting : userId = 0 packageName = com.Slack cmp = androidx.work.impl.background.systemalarm.RescheduleReceiver newState = 1 callingPackage = 10329/com.Slack
04-24 04:50:37.791  5635  8922 D ApplicationPolicy: getApplicationStateEnabled : pkg = com.Slack userId : 0
04-24 04:50:37.793  5635  8922 D ApplicationPolicy: getApplicationComponentState : pkg = com.Slack userId : 0
04-24 04:50:37.833  5635  5714 W libprocessgroup: Failed to open /dev/blkio//cgroup.procs: No such file or directory
04-24 04:50:38.479  6374  6652 D MobileStatusTracker(0/1): onSignalStrengthsChanged level=2, vendorLevel=2
04-24 04:50:38.485  6374  6652 D MobileSignalController(0/1): notifyListener: enabled=true, connected=true, dataConnected=false, networkType=LTE (4G), emergencyOnly=false, roaming=true, isDefault=true, dataActivity=, level=2, ca=false, mmWave=false, disabledDataIcon=false, simCard=ETC
04-24 04:50:38.492  6374  6652 D NetworkController: SignalStrength from intent slotId=0
04-24 04:50:40.989  2483  2539 I ContactsProvider_EventLog: cp_s: [CONTACT con(156) dat(1077) acc({sim(3)=15, sec(6)=1, sim2(4)=1, google(2)=81, com.whatsapp(14)=39, org.telegram.messenger(235)=99}) calls([logtype:100 cnt:867, logtype:200 cnt:5, logtype:300 cnt:495, logtype:1000 cnt:605, logtype:1150 cnt:161]) Iso(RS) uId(0) ]
04-24 04:50:40.989  2483  2539 I ContactsProvider_EventLog: cp_s: [ agr({[2 ,2 ,14 ,235]=1, [3]=15, [14]=1, [2 ,14 ,235]=32, [4]=1, [2 ,14]=4, [2 ,2]=2, [2]=33, [6 ,14]=1, [2 ,235]=6, [235]=60}) ]
04-24 04:50:40.989  2483  2539 I ContactsProvider_EventLog: cp_s: [ cnt({acore(2483)=1}) ]
04-24 04:50:40.989  2483  2539 I ContactsProvider_EventLog: cp_s: [PROFILE con(1) dat(1) acc({vnd.sec.contact.phone=1}) ] [SAPROFILE ]
04-24 04:50:40.989  2483  2539 I ContactsProvider_EventLog: cp_s: [STATE R(T) ]
04-24 04:50:43.602  5635  5825 E ActivityManager: Sending non-protected broadcast com.samsung.android.fme.FME_BASIC_SCAN_START_ACTION from system uid 1000 pkg com.samsung.android.fmm
04-24 04:50:43.602  5635  5825 E ActivityManager: java.lang.Throwable
04-24 04:50:43.602  5635  5825 E ActivityManager: 	at com.android.server.am.ActivityManagerService.checkBroadcastFromSystem(ActivityManagerService.java:15975)
04-24 04:50:43.602  5635  5825 E ActivityManager: 	at com.android.server.am.ActivityManagerService.broadcastIntentLocked(ActivityManagerService.java:16788)
04-24 04:50:43.602  5635  5825 E ActivityManager: 	at com.android.server.am.ActivityManagerService.broadcastIntentInPackage(ActivityManagerService.java:17011)
04-24 04:50:43.602  5635  5825 E ActivityManager: 	at com.android.server.am.ActivityManagerService$LocalService.broadcastIntentInPackage(ActivityManagerService.java:19734)
04-24 04:50:43.602  5635  5825 E ActivityManager: 	at com.android.server.am.PendingIntentRecord.sendInner(PendingIntentRecord.java:627)
04-24 04:50:43.602  5635  5825 E ActivityManager: 	at com.android.server.am.ActivityManagerService.sendIntentSender(ActivityManagerService.java:6557)
04-24 04:50:43.602  5635  5825 E ActivityManager: 	at com.android.server.am.ActivityManagerService.sendIntentSender(ActivityManagerService.java:6546)
04-24 04:50:43.602  5635  5825 E ActivityManager: 	at android.app.PendingIntent.sendAndReturnResult(PendingIntent.java:1029)
04-24 04:50:43.602  5635  5825 E ActivityManager: 	at android.app.PendingIntent.send(PendingIntent.java:1000)
04-24 04:50:43.602  5635  5825 E ActivityManager: 	at com.android.server.alarm.AlarmManagerService$DeliveryTracker.deliverLocked(AlarmManagerService.java:6377)
04-24 04:50:43.602  5635  5825 E ActivityManager: 	at com.android.server.alarm.AlarmManagerService.deliverAlarmsLocked(AlarmManagerService.java:5218)
04-24 04:50:43.602  5635  5825 E ActivityManager: 	at com.android.server.alarm.AlarmManagerService$AlarmThread.run(AlarmManagerService.java:5573)
04-24 04:50:43.680 12647 12683 E DBG_FMM :[DeviceUtil          ]: IsDeviceIdleMode: false
04-24 04:50:43.719 12647 12683 I DBG_FMESEC :[CFTaskManager       ]: V2 initScanReportCount
04-24 04:50:43.728 12647 12683 I DBG_FMM :[OfflineFindingAnalyticsUtil]: Set start time : start_scan_time
04-24 04:50:43.761 12647 12683 I DBG_FMESEC :[OfflineFindingService]: V2 policy : {
04-24 04:50:43.761 12647 12683 I DBG_FMESEC :[OfflineFindingService]:   "advertiseInterval": 990,
04-24 04:50:43.761 12647 12683 I DBG_FMESEC :[OfflineFindingService]:   "antiTrackingExpireTime": 3600000,
04-24 04:50:43.761 12647 12683 I DBG_FMESEC :[OfflineFindingService]:   "findNode": {
04-24 04:50:43.761 12647 12683 I DBG_FMESEC :[OfflineFindingService]:     "configuration": {
04-24 04:50:43.761 12647 12683 I DBG_FMESEC :[OfflineFindingService]:       "allowManualGeolocation": false,
04-24 04:50:43.761 12647 12683 I DBG_FMESEC :[OfflineFindingService]:       "allowedNlpGap": 2000,
04-24 04:50:43.761 12647 12683 I DBG_FMESEC :[OfflineFindingService]:       "src": "chaser"
04-24 04:50:43.761 12647 12683 I DBG_FMESEC :[OfflineFindingService]:     },
04-24 04:50:43.761 12647 12683 I DBG_FMESEC :[OfflineFindingService]:     "host": "GALAXY_PHONE",
04-24 04:50:43.761 12647 12683 I DBG_FMESEC :[OfflineFindingService]:     "id": "221cd2a3bfa86412801011971e21ee93ae7dafe7f73209f2637b060608fabac74fed",
04-24 04:50:43.761 12647 12683 I DBG_FMESEC :[OfflineFindingService]:     "type": "MOVING",
04-24 04:50:43.761 12647 12683 I DBG_FMESEC :[OfflineFindingService]:     "version": "730208100"
04-24 04:50:43.761 12647 12683 I DBG_FMESEC :[OfflineFindingService]:   },
04-24 04:50:43.761 12647 12683 I DBG_FMESEC :[OfflineFindingService]:   "ignorePeriodForDuplicatedDevice": 10800000,
04-24 04:50:43.761 12647 12683 I DBG_FMESEC :[OfflineFindingService]:   "ignorePeriodForDuplicatedTag": 900000,
04-24 04:50:43.761 12647 12683 I DBG_FMESEC :[OfflineFindingService]:   "lostModeInterval": 1800000,
04-24 04:50:43.761 12647 12683 I DBG_FMESEC :[OfflineFindingService]:   "maxDvcCntPerScan": 5,
04-24 04:50:43.761 12647 12683 I DBG_FMESEC :[OfflineFindingService]:   "maxMultihopCount": 3,
04-24 04:50:43.761 12647 12683 I DBG_FMESEC :[OfflineFindingService]:   "maxScanCntPerCycle": 2,
04-24 04:50:43.761 12647 12683 I DBG_FMESEC :[OfflineFindingService]:   "multiHopAdvtDurationTime": 7000,
04-24 04:50:43.761 12647 12683 I DBG_FMESEC :[OfflineFindingService]:   "multiHopAdvtInterval": 150,
04-24 04:50:43.761 12647 12683 I DBG_FMESEC :[OfflineFindingService]:   "nearbyScanInterval": 3120,
04-24 04:50:43.761 12647 12683 I DBG_FMESEC :[OfflineFindingService]:   "nearbyScanWindow": 160,
04-24 04:50:43.761 12647 12683 I DBG_FMESEC :[OfflineFindingService]:   "obfuscation": {
04-24 04:50:43.761 12647 12683 I DBG_FMESEC :[OfflineFindingService]:     "table": [
04-24 04:50:43.761 12647 12683 I DBG_FMESEC :[OfflineFindingService]:       " obf table size : 4"
04-24 04:50:43.761 12647 12683 I DBG_FMESEC :[OfflineFindingService]:     ],
04-24 04:50:43.761 12647 12683 I DBG_FMESEC :[OfflineFindingService]:     "round": 900
04-24 04:50:43.761 12647 12683 I DBG_FMESEC :[OfflineFindingService]:   },
04-24 04:50:43.761 12647 12683 I DBG_FMESEC :[OfflineFindingService]:   "onlineShuffleInterval": 1800000,
04-24 04:50:43.761 12647 12683 I DBG_FMESEC :[OfflineFindingService]:   "reportInterval": 1209600000,
04-24 04:50:43.761 12647 12683 I DBG_FMESEC :[OfflineFindingService]:   "scanCntPerDay": 12,
04-24 04:50:43.761 12647 12683 I DBG_FMESEC :[OfflineFindingService]:   "scanDurationTime": 120000,
04-24 04:50:43.761 12647 12683 I DBG_FMESEC :[OfflineFindingService]:   "screenOffScanInterval": 3120,
04-24 04:50:43.761 12647 12683 I DBG_FMESEC :[OfflineFindingService]:   "screenOffScanWindow": 160,
04-24 04:50:43.761 12647 12683 I DBG_FMESEC :[OfflineFindingService]:   "screenOnScanInterval": 3120,
04-24 04:50:43.761 12647 12683 I DBG_FMESEC :[OfflineFindingService]:   "screenOnScanWindow": 160,
04-24 04:50:43.761 12647 12683 I DBG_FMESEC :[OfflineFindingService]:   "shuffleInterval": 900000,
04-24 04:50:43.761 12647 12683 I DBG_FMESEC :[OfflineFindingService]:   "version": "1",
04-24 04:50:43.761 12647 12683 I DBG_FMESEC :[OfflineFindingService]:   "waitingTimeBeforeReport": 0
04-24 04:50:43.761 12647 12683 I DBG_FMESEC :[OfflineFindingService]: }
04-24 04:50:43.762 12647 12683 I DBG_FMESEC :[FMEBleManager       ]: startScan : offline , mcf(true) : interval(3120), window(160)
04-24 04:50:43.771 12647 12683 I DBG_FMESEC :[FMEBleManager       ]: V2 start scan through MCF.
04-24 04:50:43.771 12647 12683 E [MCFSDK_fmm_1.0.2039]_McfContext: getBleAdapter -return instance created 88750301
04-24 04:50:43.772 12647 12683 I [MCFSDK_fmm_1.0.2039]_McfAdapter: getBleAdapter  -  i [#0x11, c.d.a.b.o.m.a@ee0e008]
04-24 04:50:43.774 12647 12683 I [MCFSDK_fmm_1.0.2039]_17_i: getBleScanner -
04-24 04:50:43.782 12647 12683 I [MCFSDK_fmm_1.0.2039]_17_i: startScan - screenOnFilter - 2
04-24 04:50:43.782 12647 12683 I [MCFSDK_fmm_1.0.2039]_17_i: startScan - screenOffFilter - 2
04-24 04:50:43.802 12647 12683 I DBG_FMESEC :[OfflineFindingService]: setDefaultScanAlarm Stop : 120000
04-24 04:50:43.817  7231  7231 I [MCFServer]_BleAdapterManager: startScan - BAScanCallback{Settings=BleScanSettings{mode=0, rssi=-128, timeout=0, phy =0}, Callback=CB{i=17, h=149172587}}
04-24 04:50:43.923  7231  7231 I [MCFServer]_BleScanner(BA): startScan - t - BAScanPolicy{, IDs={17}}
04-24 04:50:43.931  7231  7231 I BluetoothAdapter: STATE_ON
04-24 04:50:43.935  7231  7231 I BluetoothAdapter: STATE_ON
04-24 04:50:43.936  7231  7231 I BluetoothAdapter: STATE_ON
04-24 04:50:43.956  6673  7234 D BtGatt.ContextMap: add() - appUid: 10323, appPid: 7231, appName: com.samsung.android.mcfserver
04-24 04:50:43.963  6673  7234 I bt_stack: [INFO:le_scanning_manager.cc(165)] RegisterScanner in shim layer
04-24 04:50:43.968  6673  6809 D BtGatt.GattService: onScannerRegistered() - UUID=d74cb988-ffae-4c9f-b41a-2181657b3d33, scannerId=8, status=0
04-24 04:50:43.975  6673  7234 I BluetoothAdapter: STATE_ON
04-24 04:50:44.019  6673  7234 D ActivityAttributionService: notifyActivityAttributionInfo UID=1002 packageName=com.android.bluetooth deviceAddress=no_active_device_address
04-24 04:50:44.024  6673  7098 I BluetoothAdapter: STATE_ON
04-24 04:50:44.036  6673  7098 I BluetoothAdapter: STATE_ON
04-24 04:50:44.037  6673  7098 I BluetoothAdapter: STATE_ON
04-24 04:50:44.037  6673  7102 E BtGatt.GattService: [GSIM LOG]: gsimLogHandler, msg: MESSAGE_SCAN_START, appName: com.samsung.android.mcfserver, scannerId: 8, reportDelayMillis=0
04-24 04:50:44.039  6673  7098 I bt_stack: [INFO:le_scanning_manager.cc(269)] ScanFilterEnable in shim layer
04-24 04:50:44.056  5216  5216 E audit   : type=1400 audit(1682304644.055:57755): avc:  denied  { getattr } for  pid=5635 comm="BinderProcsColl" path="/sys/kernel/debug/binder/proc/5635" dev="debugfs" ino=26363 scontext=u:r:system_server:s0 tcontext=u:object_r:sec_debugfs:s0 tclass=file permissive=0 SEPF_SM-A515F_13_0001 audit_filtered
04-24 04:50:44.057  5216  5216 E audit   : type=1300 audit(1682304644.055:57755): arch=c00000b7 syscall=79 success=no exit=-13 a0=ffffff9c a1=6ff1b5b850 a2=6f854f1680 a3=0 items=0 ppid=5241 pid=5635 auid=4294967295 uid=1000 gid=1000 euid=1000 suid=1000 fsuid=1000 egid=1000 sgid=1000 fsgid=1000 tty=(none) ses=4294967295 comm="BinderProcsColl" exe="/system/bin/app_process64" subj=u:r:system_server:s0 key=(null)
04-24 04:50:44.057  5216  5216 E audit   : type=1327 audit(1682304644.055:57755): proctitle="system_server"
04-24 04:50:44.066  6673  7098 I bt_stack: [INFO:le_scanning_manager.cc(240)] ScanFilterAdd in shim layer
04-24 04:50:44.067  6673  7098 D BtGatt.ScanManager: configureFilterParamter() : onFoundTimeout | onLostTimeout | onFoundCount | numOfTrackingEntries | scanFilterRssiThreshold | trackableScanFilterRssiThreshold | matchMode
04-24 04:50:44.068  6673  7098 D BtGatt.ScanManager: configureFilterParamter() : __________500__|________10000__|___________1__|___________________0__|___________________-128__|____________________________-128__|________1_
04-24 04:50:44.077  6673  7098 I bt_stack: [INFO:le_scanning_manager.cc(198)] ScanFilterParamSetup in shim layer
04-24 04:50:44.078  6673  7098 I bt_stack: [INFO:le_scanning_manager.cc(240)] ScanFilterAdd in shim layer
04-24 04:50:44.079  6673  7098 D BtGatt.ScanManager: configureFilterParamter() : onFoundTimeout | onLostTimeout | onFoundCount | numOfTrackingEntries | scanFilterRssiThreshold | trackableScanFilterRssiThreshold | matchMode
04-24 04:50:44.080  6673  7098 D BtGatt.ScanManager: configureFilterParamter() : __________500__|________10000__|___________1__|___________________0__|___________________-128__|____________________________-128__|________1_
04-24 04:50:44.080  6673  7098 I bt_stack: [INFO:le_scanning_manager.cc(198)] ScanFilterParamSetup in shim layer
04-24 04:50:45.754  5635  5714 W libprocessgroup: Failed to open /dev/blkio//cgroup.procs: No such file or directory
04-24 04:50:45.849 21600 21600 D BoundBrokerSvc: onBind: Intent { act=com.google.android.gms.udc.service.START dat=chimera-action:/... cmp=com.google.android.gms/.chimera.PersistentApiService }
04-24 04:50:45.849 21600 21600 D BoundBrokerSvc: Loading bound service for intent: Intent { act=com.google.android.gms.udc.service.START dat=chimera-action:/... cmp=com.google.android.gms/.chimera.PersistentApiService }
04-24 04:50:46.359  5635  5714 W libprocessgroup: Failed to open /dev/blkio//cgroup.procs: No such file or directory
04-24 04:50:50.491  5272  5272 E sehhealth-service: Could not open /sys/class/power_supply/battery/lrp
04-24 04:50:52.497  6298  6338 I System.out: Broadcasting: Intent { act=com.sec.intent.action.SARDEVICE_CP flg=0x10000000 (has extras) }
04-24 04:50:52.515  5635  5845 D MotionRecognitionService: [SAR]  onReceive : SARDEVICE_CP, callAction = on deviceID = 3 slot = 1 device_ext = 0
04-24 04:50:52.515  5635  5845 I MotionRecognitionService: [SAR] id : 0 cmd :on
04-24 04:50:52.516  5635  5845 I MotionRecognitionService: [SAR] A96T3X6 Grip sensor enableSensor
04-24 04:50:52.518  5635  5845 D SensorService: [GripSensor] ++ setGripThdWithMCC  (65560)
04-24 04:50:52.519  5635  6162 D ConnectivityService: reportNetworkActive, notify 0 listeners
04-24 04:50:52.520  5635  5845 D SensorService: GripSensor: MCC Path does not exist
04-24 04:50:52.521  5262  5262 I SensorsGrip: [grip_sensor] enable: GripSensor: enable handle = 11 en = 1
04-24 04:50:52.524  5262  5262 E SensorsGrip: [grip_sensor] enable: mEnabled : 1, first_grip_event : 1
04-24 04:50:52.524  5262  5389 I SensorsGrip: [grip_sensor] readEvents: GripSensor: grip 1ch data = RELEASE
04-24 04:50:52.525  5262  5389 I SensorsGrip: [grip_sensor] readEvents: GripSensor: grip 1ch unknown NORMAL MODE
04-24 04:50:52.525  5635  5845 D SensorManager: registerListener :: 33554443, A96T3X6 Grip sensor, 200000, 0, com.samsung.android.gesture.MotionRecognitionSAR$GripSensorWrapper$1@7995f8c
04-24 04:50:52.525  5635  5845 I MotionRecognitionService: [SAR] A96T3X6 Grip sensor enable channel 0 : 2 , channel 1 : 0
04-24 04:50:52.525  5635  5845 I MotionRecognitionService: [SAR] A96T3X6_SUB Grip sensor for sub enableSensor
04-24 04:50:52.527  5635  5845 D SensorService: [GripSensor] ++ setGripThdWithMCC  (65560)
04-24 04:50:52.528  5635  5845 D SensorService: GripSensor: MCC Path does not exist
04-24 04:50:52.529  5262  5262 I SensorsGrip: [grip_sensor_sub] enable: GripSensor: enable handle = 18 en = 1
04-24 04:50:52.532  5262  5391 I SensorsGrip: [grip_sensor_sub] readEvents: GripSensor: grip 1ch data = RELEASE
04-24 04:50:52.532  5262  5262 E SensorsGrip: [grip_sensor_sub] enable: mEnabled : 1, first_grip_event : 1
04-24 04:50:52.533  5635  5845 D SensorManager: registerListener :: 33554450, A96T3X6_SUB Grip sensor for sub, 200000, 0, com.samsung.android.gesture.MotionRecognitionSAR$GripSensorWrapper$1@eb90dbb
04-24 04:50:52.533  5635  5845 I MotionRecognitionService: [SAR] A96T3X6_SUB Grip sensor for sub enable channel 0 : 2 , channel 1 : 0
04-24 04:50:52.533  5635  5845 I MotionRecognitionService: [SAR] id : 1 cmd :on
04-24 04:50:52.537  6298  6909 I System.out: Broadcast completed: result=0
04-24 04:50:52.541  5635  5845 I MotionRecognitionService: [SAR] A96T3X6 Grip sensor onSensorChanged : 5.0 , 0.0 , 0.0 , 1.0 , 0.0
04-24 04:50:52.541  5635  5845 I MotionRecognitionService: [SAR] A96T3X6 Grip sensor clearBackOff channel: 0 , index: 0
04-24 04:50:52.541  5635  5845 I MotionRecognitionService: [SAR] A96T3X6 Grip sensorsetTunerGrip 8589934592 , state: false
04-24 04:50:52.553  5635  5845 D MotionRecognitionService: [SAR] set setTransmitPowerExt  value : 8589934592 : false
04-24 04:50:52.553  5635  5845 I MotionRecognitionService: [SAR] tunerGrip is 8589934592, state : false
04-24 04:50:52.553  5635  5845 I MotionRecognitionService: [SAR] A96T3X6_SUB Grip sensor for sub onSensorChanged : 5.0 , 0.0 , 0.0 , 0.0 , 0.0
04-24 04:50:52.553  5635  5845 I MotionRecognitionService: [SAR] A96T3X6_SUB Grip sensor for sub clearBackOff channel: 0 , index: 1
04-24 04:50:52.553  5635  5845 I MotionRecognitionService: [SAR] A96T3X6_SUB Grip sensor for subsetTunerGrip 8589934592 , state: false
04-24 04:50:52.578  5635  5845 D MotionRecognitionService: [SAR] set setTransmitPowerExt  value : 8589934592 : false
04-24 04:50:52.578  5635  5845 I MotionRecognitionService: [SAR] tunerGrip is 8589934592, state : false
04-24 04:50:53.311  6374  6652 D MobileStatusTracker(1/2): onDataActivity: direction=3
04-24 04:50:53.314  6374  6652 D MobileSignalController(1/2): notifyListener: enabled=true, connected=true, dataConnected=true, networkType=LTE (4G), emergencyOnly=false, roaming=false, isDefault=true, dataActivity=inout, level=2, ca=false, mmWave=false, disabledDataIcon=false, simCard=ETC
04-24 04:50:54.157  6374  6652 D MobileStatusTracker(0/1): onSignalStrengthsChanged level=2, vendorLevel=1
04-24 04:50:54.164  6374  6652 D MobileSignalController(0/1): notifyListener: enabled=true, connected=true, dataConnected=false, networkType=LTE (4G), emergencyOnly=false, roaming=true, isDefault=true, dataActivity=, level=1, ca=false, mmWave=false, disabledDataIcon=false, simCard=ETC
04-24 04:50:54.164  6374  6652 D NetworkController: SignalStrength from intent slotId=0
04-24 04:50:54.345  6374  6652 D MobileStatusTracker(1/2): onDataActivity: direction=0
04-24 04:50:54.351  6374  6652 D MobileSignalController(1/2): notifyListener: enabled=true, connected=true, dataConnected=true, networkType=LTE (4G), emergencyOnly=false, roaming=false, isDefault=true, dataActivity=, level=2, ca=false, mmWave=false, disabledDataIcon=false, simCard=ETC
04-24 04:50:55.441  6374  6652 D MobileStatusTracker(0/1): onSignalStrengthsChanged level=2, vendorLevel=2
04-24 04:50:55.445  6374  6652 D MobileSignalController(0/1): notifyListener: enabled=true, connected=true, dataConnected=false, networkType=LTE (4G), emergencyOnly=false, roaming=true, isDefault=true, dataActivity=, level=2, ca=false, mmWave=false, disabledDataIcon=false, simCard=ETC
04-24 04:50:55.445  6374  6652 D NetworkController: SignalStrength from intent slotId=0
04-24 04:50:57.861  6673  7145 I bt_stack: [INFO:rfc_port_fsm.cc(106)] rfc_port_sm_execute: BD_ADDR=645df4_1, PORT=18, STATE=4, EVENT=14
04-24 04:50:57.870  6673  7145 E bt_bta_dm: Received unknown power mode status event:5
04-24 04:50:57.872  6673  7145 I bt_stack: [INFO:rfc_port_fsm.cc(106)] rfc_port_sm_execute: BD_ADDR=645df4_1, PORT=18, STATE=4, EVENT=14
04-24 04:50:58.482  6374  6652 D MobileStatusTracker(1/2): onDataActivity: direction=3
04-24 04:50:58.488  6374  6652 D MobileSignalController(1/2): notifyListener: enabled=true, connected=true, dataConnected=true, networkType=LTE (4G), emergencyOnly=false, roaming=false, isDefault=true, dataActivity=inout, level=2, ca=false, mmWave=false, disabledDataIcon=false, simCard=ETC
04-24 04:50:58.775  6673  7122 W bt_stack: pause_registered_clients()
04-24 04:50:58.775  6673  7122 W bt_stack: le_impl :: OnPause()
04-24 04:50:58.776  6673  7122 W bt_stack: le_impl :: ConnectabilityState is DISARMED. Call AckPause()
04-24 04:50:58.776  6673  7122 W bt_stack: le_scanning_manager :: OnPause()
04-24 04:50:58.776  6673  7122 W bt_stack: Stop LeSetScanEnable
04-24 04:50:58.776  6673  7122 W bt_stack: le_scanning_manager :: OnPause() - call AckPause
04-24 04:50:58.776  6673  7122 W bt_stack: le_address_manager :: ack_pause()
04-24 04:50:58.776  6673  7122 W bt_stack: le_address_manager :: ack_pause() - make sure all client paused. Return
04-24 04:50:58.778  6673  7122 W bt_stack: le_address_manager :: ack_pause()
04-24 04:50:58.778  6673  7122 W bt_stack: le_address_manager :: ack_pause() - handle_next_command
04-24 04:50:58.778  6673  7122 W bt_stack: handle_next_command()
04-24 04:50:58.784  6673  7122 W bt_stack: Received command complete with op_code LE_SET_RANDOM_ADDRESS
04-24 04:50:58.784  6673  7122 W bt_stack: le_impl :: OnResume()
04-24 04:50:58.784  6673  7122 W bt_stack: le_impl :: check_for_unregister()
04-24 04:50:58.785  6673  7122 W bt_stack: le_scanning_manager :: OnResume()
04-24 04:50:58.785  6673  7122 W bt_stack: Start LeSetScan
04-24 04:50:58.785  6673  7122 W bt_stack: le_scanning_manager :: OnResume() - call AckResume
04-24 04:50:58.785  6673  7122 W bt_stack: le_address_manager :: ack_resume()
04-24 04:50:58.786  6673  7122 W bt_stack: le_address_manager :: ack_resume()
04-24 04:50:59.529  6374  6652 D MobileStatusTracker(1/2): onDataActivity: direction=0
04-24 04:50:59.531  6374  6652 D MobileSignalController(1/2): notifyListener: enabled=true, connected=true, dataConnected=true, networkType=LTE (4G), emergencyOnly=false, roaming=false, isDefault=true, dataActivity=, level=2, ca=false, mmWave=false, disabledDataIcon=false, simCard=ETC
04-24 04:50:59.579 21331 21358 D Benchmark: timeNs[ 0:10]: 1064964268 1070093038 1080426845 1082608307 1071633037 1084120653 1079005884 1086109961 1059612345 1069752114
04-24 04:50:59.580 21331 21358 D Benchmark: timeNs[10:20]: 1073928653 1066388153 1028710807 1058299692 1067388730 1070778191 1081207230 1082172346 1071151038 1074948384
04-24 04:50:59.580 21331 21358 D Benchmark: timeNs[20:30]: 1067274884 1090604345 1072987422 1091815691 1068732769 1078269192 1059994499 1069917307 1087725307 1066912384
04-24 04:50:59.580 21331 21358 D Benchmark: timeNs[30:40]: 1101582768 1064662461 1068033961 1068101153 1081798960 1065733614 1065469576 1067408077 1070865345 1090699769
04-24 04:50:59.580 21331 21358 D Benchmark: timeNs[40:50]: 1060591538 1080474960 1079596192 1091083461 1088230346 1076772461 1073205306 1070172576 1108331191 1070428153
04-24 04:51:00.006  6374  6374 D KeyguardUpdateMonitor: received broadcast android.intent.action.TIME_TICK
04-24 04:51:00.007  6374  6374 D KeyguardUpdateMonitor: handleTimeUpdate
04-24 04:51:00.011  6374  6374 D FaceWidgetPagesController: onTimeChanged()
04-24 04:51:00.021  6374  6951 D QSClockBellTower: onReceive(android.intent.action.TIME_TICK) mTimeZoneString:null
04-24 04:51:00.069  6374  6374 D QSClockBellTower: He is ready to ring the bell. (((QSClockBellSound - TimeText:04:51, TimeContentDescription:04:51, DateText:Mon, 24 April, ShortDateText:Mon, 24 Apr, Demo:false, QuickStar-Second(false|12:34:56))))
04-24 04:51:00.071  6374  6374 D QSClockIndicatorView: Home Indicator status_bar_clock 04:51 notifyTimeChanged(QSClockBellSound - TimeText:04:51, TimeContentDescription:04:51, DateText:Mon, 24 April, ShortDateText:Mon, 24 Apr, Demo:false, QuickStar-Second(false|12:34:56)) ClockVisibleByPolicy:true, ClockVisibleByUser:true, visible?false, parent:android.widget.LinearLayout{6e1dff0 V.E...... ........ 0,0-0,55 #7f0b04f0 app:id/left_clock_container}
04-24 04:51:00.071  6374  6374 D QSClockBellTower: Everyone heard the bell. run(currentTime:1682304660066,   getTime():Mon Apr 24 04:51:00 GMT+02:00 2023,   getTimeZone():libcore.util.ZoneInfo[mDstSavings=3600000,mUseDst=true,mDelegate=[id="Europe/Belgrade",mRawOffset=3600000,mEarliestRawOffset=4920000,transitions=119]])
04-24 04:51:00.097  6374  6374 I FaceWidgetPositionAlgorithm: getClockContainerHeight() supplier = 270, bottom margin = 0, real height = 333
04-24 04:51:00.097  6374  6374 I FaceWidgetPositionAlgorithm: getClockContainerHeight() supplier = 270, bottom margin = 63, real height = 333
04-24 04:51:00.098  6374  6374 I FaceWidgetPositionAlgorithm: getMediaContainerHeight() height = 0 container Visibility = 8, isValid = false, mIsDozing = false, fraction = 1.0, source = 0, target = 0
04-24 04:51:00.098  6374  6374 I FaceWidgetPositionAlgorithm: getMediaContainerHeight() supplier = 0
04-24 04:51:00.102  6374  6374 V QsExpandAnimator: setQsExpansionPosition 0.0
04-24 04:51:00.116  6374  6374 V QsExpandAnimator: updateAnimators
04-24 04:51:00.116  6374  6374 V QsExpandAnimator: clearAnimationState
04-24 04:51:00.117  6374  6374 V QsExpandAnimator: updateViews
04-24 04:51:00.120  6374  6374 V QsExpandAnimator: updateTileAnimator
04-24 04:51:00.123  6374  6374 V QsExpandAnimator: updateHeaderAnimator
04-24 04:51:00.124  6374  6374 V QsExpandAnimator: updateBarAnimator
04-24 04:51:00.125  6374  6374 V QsExpandAnimator: setQsExpansionPosition 0.0
04-24 04:51:00.125  6374  6374 V QsExpandAnimator: onAnimationAtStart
04-24 04:51:00.895 21600 21600 D BoundBrokerSvc: onUnbind: Intent { act=com.google.android.gms.udc.service.START dat=chimera-action:/... cmp=com.google.android.gms/.chimera.PersistentApiService }
04-24 04:51:05.788 21331 21358 W _benchmark.test: Suspending all threads took: 10.757ms
04-24 04:51:07.762  5635  8486 D PackageManager: setEnabledSetting : userId = 0 packageName = com.Slack cmp = androidx.work.impl.background.systemalarm.RescheduleReceiver newState = 1 callingPackage = 10329/com.Slack
04-24 04:51:07.765  5635  8486 D ApplicationPolicy: getApplicationStateEnabled : pkg = com.Slack userId : 0
04-24 04:51:07.767  5635  8486 D ApplicationPolicy: getApplicationComponentState : pkg = com.Slack userId : 0
04-24 04:51:07.804  5635  5714 W libprocessgroup: Failed to open /dev/blkio//cgroup.procs: No such file or directory
04-24 04:51:08.163  5635  6735 D TelephonyManager: requestModemActivityInfo: Sending result to app: ModemActivityInfo{ mTimestamp=156616414 mSleepTimeMs=29797009 mIdleTimeMs=8357677 mActivityStatsTechSpecificInfo=[{mRat=UNKNOWN,mFrequencyRange=UNKNOWN,mTxTimeMs[]=[38825, 33682, 22215, 348, 136354],mRxTimeMs=84351677}]}
04-24 04:51:08.504  6298  6338 I System.out: Broadcasting: Intent { act=com.sec.intent.action.SARDEVICE_CP flg=0x10000000 (has extras) }
04-24 04:51:08.515  5635  5845 D MotionRecognitionService: [SAR]  onReceive : SARDEVICE_CP, callAction = off deviceID = 3 slot = 1 device_ext = 0
04-24 04:51:08.515  5635  5845 I MotionRecognitionService: [SAR] id : 0 cmd :off
04-24 04:51:08.516  5635  5845 I MotionRecognitionService: [SAR] A96T3X6 Grip sensor disableSensor : true
04-24 04:51:08.516  5635  5845 I MotionRecognitionService: [SAR] A96T3X6 Grip sensorsetTunerGrip 8589934592 , state: false
04-24 04:51:08.538  5635  5845 D MotionRecognitionService: [SAR] set setTransmitPowerExt  value : 8589934592 : false
04-24 04:51:08.538  5635  5845 I MotionRecognitionService: [SAR] tunerGrip is 8589934592, state : false
04-24 04:51:08.538  5635  5845 I MotionRecognitionService: [SAR] A96T3X6 Grip sensorsetTunerGrip 17179869184 , state: false
04-24 04:51:08.558  5635  5845 D MotionRecognitionService: [SAR] set setTransmitPowerExt  value : 17179869184 : false
04-24 04:51:08.558  5635  5845 I MotionRecognitionService: [SAR] tunerGrip is 17179869184, state : false
04-24 04:51:08.559  5635  5845 D SensorService: Calling activate off 33554443
04-24 04:51:08.561  5262  5262 I SensorsGrip: [grip_sensor] enable: GripSensor: enable handle = 11 en = 0
04-24 04:51:08.562  5262  5262 E SensorsGrip: [grip_sensor] enable: mEnabled : 0, first_grip_event : 1
04-24 04:51:08.563  5635  5845 D SensorManager: unregisterListener :: com.samsung.android.gesture.MotionRecognitionSAR$GripSensorWrapper$1@7995f8c
04-24 04:51:08.564  5635  5845 I MotionRecognitionService: [SAR] A96T3X6 Grip sensor disable channel 0 : 0 , channel 1 : 0
04-24 04:51:08.564  5635  5845 I MotionRecognitionService: [SAR] A96T3X6_SUB Grip sensor for sub disableSensor : true
04-24 04:51:08.564  5635  5845 I MotionRecognitionService: [SAR] A96T3X6_SUB Grip sensor for subsetTunerGrip 8589934592 , state: false
04-24 04:51:08.577  5635  5845 D MotionRecognitionService: [SAR] set setTransmitPowerExt  value : 8589934592 : false
04-24 04:51:08.577  5635  5845 I MotionRecognitionService: [SAR] tunerGrip is 8589934592, state : false
04-24 04:51:08.579  5635  5845 I MotionRecognitionService: [SAR] A96T3X6_SUB Grip sensor for subsetTunerGrip 17179869184 , state: false
04-24 04:51:08.591  5635  5845 D MotionRecognitionService: [SAR] set setTransmitPowerExt  value : 17179869184 : false
04-24 04:51:08.591  5635  5845 I MotionRecognitionService: [SAR] tunerGrip is 17179869184, state : false
04-24 04:51:08.592  5635  5845 D SensorService: Calling activate off 33554450
04-24 04:51:08.592  5262  5262 I SensorsGrip: [grip_sensor_sub] enable: GripSensor: enable handle = 18 en = 0
04-24 04:51:08.593  5262  5262 E SensorsGrip: [grip_sensor_sub] enable: mEnabled : 0, first_grip_event : 1
04-24 04:51:08.594  5635  5845 D SensorManager: unregisterListener :: com.samsung.android.gesture.MotionRecognitionSAR$GripSensorWrapper$1@eb90dbb
04-24 04:51:08.594  5635  5845 I MotionRecognitionService: [SAR] A96T3X6_SUB Grip sensor for sub disable channel 0 : 0 , channel 1 : 0
04-24 04:51:08.594  5635  5845 I MotionRecognitionService: [SAR] id : 1 cmd :off
04-24 04:51:08.596  6298  6909 I System.out: Broadcast completed: result=0
04-24 04:51:09.884 21331 21358 W _benchmark.test: Suspending all threads took: 7.403ms
04-24 04:51:09.885 21331 21358 D Benchmark: allocationCount[ 0:10]: 16515896 16515927 16515916 16515899 16515913
04-24 04:51:09.885 21331 21358 D Benchmark: Set 21358 (Bench thread) to priority -8. Was -20, now -8
04-24 04:51:09.885 21331 21358 D Benchmark: Set 21342 (Jit) to priority 9. Was -15, now 9
04-24 04:51:09.885 21331 21358 D Benchmark: Warmup: t=32.439, iter=30, fastAvg=1085705216, slowAvg=1151308672
04-24 04:51:09.886 21331 21358 I PerfettoCapture: Stopping perfetto.
04-24 04:51:09.933 32320 32320 I perfetto:    perfetto_cmd.cc:1168 SIGINT/SIGTERM received: disabling tracing.
04-24 04:51:09.936 21331 21358 D Benchmark: kill -TERM command output -
04-24 04:51:09.948  5403  5403 I perfetto:  probes_producer.cc:396 Producer stop (id=345)
04-24 04:51:09.953  5403  5403 I perfetto:    ftrace_procfs.cc:342 disabled ftrace in /sys/kernel/tracing/
04-24 04:51:10.016  4388  4388 I hwservicemanager: getTransport: Cannot find entry android.hardware.atrace@1.0::IAtraceDevice/default in either framework or device VINTF manifest.
04-24 04:51:10.024  5403  5403 I perfetto:  probes_producer.cc:396 Producer stop (id=346)
04-24 04:51:10.025  5403  5403 I perfetto:  probes_producer.cc:396 Producer stop (id=347)
04-24 04:51:10.084 32320 32320 I perfetto:    perfetto_cmd.cc:1124 Trace written into the output file
04-24 04:51:10.108  5413  5413 I perfetto: ng_service_impl.cc:2426 Tracing session 87 ended, total sessions:0
