04-24 04:27:16.800  6673  7145 I bt_stack: [INFO:rfc_port_fsm.cc(106)] rfc_port_sm_execute: BD_ADDR=645df4_1, PORT=18, STATE=4, EVENT=4
04-24 04:27:16.802  6673  7145 I bt_stack: [INFO:rfc_port_fsm.cc(106)] rfc_port_sm_execute: BD_ADDR=645df4_1, PORT=18, STATE=4, EVENT=4
04-24 04:27:16.806  6673  7145 I bt_stack: [INFO:rfc_port_fsm.cc(106)] rfc_port_sm_execute: BD_ADDR=645df4_1, PORT=18, STATE=4, EVENT=4
04-24 04:27:16.809  6673  7145 I bt_stack: [INFO:rfc_port_fsm.cc(106)] rfc_port_sm_execute: BD_ADDR=645df4_1, PORT=18, STATE=4, EVENT=4
04-24 04:27:16.809  6673  7145 I bt_stack: [INFO:rfc_port_fsm.cc(106)] rfc_port_sm_execute: BD_ADDR=645df4_1, PORT=18, STATE=4, EVENT=14
04-24 04:27:16.812  6673  7145 I bt_stack: [INFO:rfc_port_fsm.cc(106)] rfc_port_sm_execute: BD_ADDR=645df4_1, PORT=18, STATE=4, EVENT=4
04-24 04:27:16.814  6673  7145 I bt_stack: [INFO:rfc_port_fsm.cc(106)] rfc_port_sm_execute: BD_ADDR=645df4_1, PORT=18, STATE=4, EVENT=4
04-24 04:27:16.819  6673  7145 I bt_stack: [INFO:rfc_port_fsm.cc(106)] rfc_port_sm_execute: BD_ADDR=645df4_1, PORT=18, STATE=4, EVENT=4
04-24 04:27:16.823  6673  7145 I bt_stack: [INFO:rfc_port_fsm.cc(106)] rfc_port_sm_execute: BD_ADDR=645df4_1, PORT=18, STATE=4, EVENT=4
04-24 04:27:16.825  6673  7145 I bt_stack: [INFO:rfc_port_fsm.cc(106)] rfc_port_sm_execute: BD_ADDR=645df4_1, PORT=18, STATE=4, EVENT=4
04-24 04:27:16.827  6673  7145 I bt_stack: [INFO:rfc_port_fsm.cc(106)] rfc_port_sm_execute: BD_ADDR=645df4_1, PORT=18, STATE=4, EVENT=14
04-24 04:27:16.829  6673  7145 I bt_stack: [INFO:rfc_port_fsm.cc(106)] rfc_port_sm_execute: BD_ADDR=645df4_1, PORT=18, STATE=4, EVENT=4
04-24 04:27:16.831  6673  7145 I bt_stack: [INFO:rfc_port_fsm.cc(106)] rfc_port_sm_execute: BD_ADDR=645df4_1, PORT=18, STATE=4, EVENT=4
04-24 04:27:16.836  6673  7145 I bt_stack: [INFO:rfc_port_fsm.cc(106)] rfc_port_sm_execute: BD_ADDR=645df4_1, PORT=18, STATE=4, EVENT=4
04-24 04:27:16.837  6673  7145 I bt_stack: [INFO:rfc_port_fsm.cc(106)] rfc_port_sm_execute: BD_ADDR=645df4_1, PORT=18, STATE=4, EVENT=4
04-24 04:27:16.838  6673  7145 I bt_stack: [INFO:rfc_port_fsm.cc(106)] rfc_port_sm_execute: BD_ADDR=645df4_1, PORT=18, STATE=4, EVENT=14
04-24 04:27:16.840  6673  7145 I bt_stack: [INFO:rfc_port_fsm.cc(106)] rfc_port_sm_execute: BD_ADDR=645df4_1, PORT=18, STATE=4, EVENT=4
04-24 04:27:16.843  6673  7145 I bt_stack: [INFO:rfc_port_fsm.cc(106)] rfc_port_sm_execute: BD_ADDR=645df4_1, PORT=18, STATE=4, EVENT=4
04-24 04:27:16.847  6673  7145 I bt_stack: [INFO:rfc_port_fsm.cc(106)] rfc_port_sm_execute: BD_ADDR=645df4_1, PORT=18, STATE=4, EVENT=4
04-24 04:27:16.849  6673  7145 I bt_stack: [INFO:rfc_port_fsm.cc(106)] rfc_port_sm_execute: BD_ADDR=645df4_1, PORT=18, STATE=4, EVENT=4
04-24 04:27:16.853  6673  7145 I bt_stack: [INFO:rfc_port_fsm.cc(106)] rfc_port_sm_execute: BD_ADDR=645df4_1, PORT=18, STATE=4, EVENT=4
04-24 04:27:16.857  6673  7145 I bt_stack: [INFO:rfc_port_fsm.cc(106)] rfc_port_sm_execute: BD_ADDR=645df4_1, PORT=18, STATE=4, EVENT=4
04-24 04:27:16.861  6673  7145 I bt_stack: [INFO:rfc_port_fsm.cc(106)] rfc_port_sm_execute: BD_ADDR=645df4_1, PORT=18, STATE=4, EVENT=4
04-24 04:27:16.865  6673  7145 I bt_stack: [INFO:rfc_port_fsm.cc(106)] rfc_port_sm_execute: BD_ADDR=645df4_1, PORT=18, STATE=4, EVENT=4
04-24 04:27:16.869  6673  7145 I bt_stack: [INFO:rfc_port_fsm.cc(106)] rfc_port_sm_execute: BD_ADDR=645df4_1, PORT=18, STATE=4, EVENT=4
04-24 04:27:16.872  6673  7145 I bt_stack: [INFO:rfc_port_fsm.cc(106)] rfc_port_sm_execute: BD_ADDR=645df4_1, PORT=18, STATE=4, EVENT=4
04-24 04:27:16.875  6673  7145 I bt_stack: [INFO:rfc_port_fsm.cc(106)] rfc_port_sm_execute: BD_ADDR=645df4_1, PORT=18, STATE=4, EVENT=4
04-24 04:27:16.878  6673  7145 I bt_stack: [INFO:rfc_port_fsm.cc(106)] rfc_port_sm_execute: BD_ADDR=645df4_1, PORT=18, STATE=4, EVENT=4
04-24 04:27:16.882  6673  7145 I bt_stack: [INFO:rfc_port_fsm.cc(106)] rfc_port_sm_execute: BD_ADDR=645df4_1, PORT=18, STATE=4, EVENT=4
04-24 04:27:16.886  6673  7145 I bt_stack: [INFO:rfc_port_fsm.cc(106)] rfc_port_sm_execute: BD_ADDR=645df4_1, PORT=18, STATE=4, EVENT=4
04-24 04:27:16.890  6673  7145 I bt_stack: [INFO:rfc_port_fsm.cc(106)] rfc_port_sm_execute: BD_ADDR=645df4_1, PORT=18, STATE=4, EVENT=4
04-24 04:27:16.893  6673  7145 I bt_stack: [INFO:rfc_port_fsm.cc(106)] rfc_port_sm_execute: BD_ADDR=645df4_1, PORT=18, STATE=4, EVENT=4
04-24 04:27:16.895  6673  7145 I bt_stack: [INFO:rfc_port_fsm.cc(106)] rfc_port_sm_execute: BD_ADDR=645df4_1, PORT=18, STATE=4, EVENT=4
04-24 04:27:16.900  6673  7145 I bt_stack: [INFO:rfc_port_fsm.cc(106)] rfc_port_sm_execute: BD_ADDR=645df4_1, PORT=18, STATE=4, EVENT=4
04-24 04:27:16.904  6673  7145 I bt_stack: [INFO:rfc_port_fsm.cc(106)] rfc_port_sm_execute: BD_ADDR=645df4_1, PORT=18, STATE=4, EVENT=4
04-24 04:27:16.906  6673  7145 I bt_stack: [INFO:rfc_port_fsm.cc(106)] rfc_port_sm_execute: BD_ADDR=645df4_1, PORT=18, STATE=4, EVENT=4
04-24 04:27:16.910  6673  7145 I bt_stack: [INFO:rfc_port_fsm.cc(106)] rfc_port_sm_execute: BD_ADDR=645df4_1, PORT=18, STATE=4, EVENT=4
04-24 04:27:16.912  6673  7145 I bt_stack: [INFO:rfc_port_fsm.cc(106)] rfc_port_sm_execute: BD_ADDR=645df4_1, PORT=18, STATE=4, EVENT=4
04-24 04:27:16.913  6673  7145 I bt_stack: [INFO:rfc_port_fsm.cc(106)] rfc_port_sm_execute: BD_ADDR=645df4_1, PORT=18, STATE=4, EVENT=14
04-24 04:27:16.915  6673  7145 I bt_stack: [INFO:rfc_port_fsm.cc(106)] rfc_port_sm_execute: BD_ADDR=645df4_1, PORT=18, STATE=4, EVENT=14
04-24 04:27:16.916  6673  7145 I bt_stack: [INFO:rfc_port_fsm.cc(106)] rfc_port_sm_execute: BD_ADDR=645df4_1, PORT=18, STATE=4, EVENT=4
04-24 04:27:16.918  6673  7145 I bt_stack: [INFO:rfc_port_fsm.cc(106)] rfc_port_sm_execute: BD_ADDR=645df4_1, PORT=18, STATE=4, EVENT=4
04-24 04:27:16.923  6673  7145 I bt_stack: [INFO:rfc_port_fsm.cc(106)] rfc_port_sm_execute: BD_ADDR=645df4_1, PORT=18, STATE=4, EVENT=4
04-24 04:27:16.926  6673  7145 I bt_stack: [INFO:rfc_port_fsm.cc(106)] rfc_port_sm_execute: BD_ADDR=645df4_1, PORT=18, STATE=4, EVENT=4
04-24 04:27:16.930  6673  7145 I bt_stack: [INFO:rfc_port_fsm.cc(106)] rfc_port_sm_execute: BD_ADDR=645df4_1, PORT=18, STATE=4, EVENT=4
04-24 04:27:16.933  6673  7145 I bt_stack: [INFO:rfc_port_fsm.cc(106)] rfc_port_sm_execute: BD_ADDR=645df4_1, PORT=18, STATE=4, EVENT=4
04-24 04:27:16.937  6673  7145 I bt_stack: [INFO:rfc_port_fsm.cc(106)] rfc_port_sm_execute: BD_ADDR=645df4_1, PORT=18, STATE=4, EVENT=4
04-24 04:27:16.938  6673  7145 I bt_stack: [INFO:rfc_port_fsm.cc(106)] rfc_port_sm_execute: BD_ADDR=645df4_1, PORT=18, STATE=4, EVENT=4
04-24 04:27:16.949  6673  7145 I bt_stack: [INFO:rfc_port_fsm.cc(106)] rfc_port_sm_execute: BD_ADDR=645df4_1, PORT=18, STATE=4, EVENT=14
04-24 04:27:16.950  6673  7145 I bt_stack: [INFO:rfc_port_fsm.cc(106)] rfc_port_sm_execute: BD_ADDR=645df4_1, PORT=18, STATE=4, EVENT=14
04-24 04:27:16.952  6673  7145 I bt_stack: [INFO:rfc_port_fsm.cc(106)] rfc_port_sm_execute: BD_ADDR=645df4_1, PORT=18, STATE=4, EVENT=14
04-24 04:27:16.969  6673  7145 I bt_stack: [INFO:rfc_port_fsm.cc(106)] rfc_port_sm_execute: BD_ADDR=645df4_1, PORT=18, STATE=4, EVENT=14
04-24 04:27:17.123  6673  7145 I bt_stack: [INFO:rfc_port_fsm.cc(106)] rfc_port_sm_execute: BD_ADDR=645df4_1, PORT=18, STATE=4, EVENT=14
04-24 04:27:17.128  6673  7145 I bt_stack: [INFO:rfc_port_fsm.cc(106)] rfc_port_sm_execute: BD_ADDR=645df4_1, PORT=18, STATE=4, EVENT=14
04-24 04:27:17.154  6673  7145 I bt_stack: [INFO:rfc_port_fsm.cc(106)] rfc_port_sm_execute: BD_ADDR=645df4_1, PORT=18, STATE=4, EVENT=4
04-24 04:27:17.190  6673  7145 I bt_stack: [INFO:rfc_port_fsm.cc(106)] rfc_port_sm_execute: BD_ADDR=645df4_1, PORT=18, STATE=4, EVENT=4
04-24 04:27:17.218  6673  7145 I bt_stack: [INFO:rfc_port_fsm.cc(106)] rfc_port_sm_execute: BD_ADDR=645df4_1, PORT=18, STATE=4, EVENT=14
04-24 04:27:17.232  6673  7145 I bt_stack: [INFO:rfc_port_fsm.cc(106)] rfc_port_sm_execute: BD_ADDR=645df4_1, PORT=18, STATE=4, EVENT=4
04-24 04:27:17.240  6673  7145 I bt_stack: [INFO:rfc_port_fsm.cc(106)] rfc_port_sm_execute: BD_ADDR=645df4_1, PORT=18, STATE=4, EVENT=4
04-24 04:27:17.254  6673  7145 I bt_stack: [INFO:rfc_port_fsm.cc(106)] rfc_port_sm_execute: BD_ADDR=645df4_1, PORT=18, STATE=4, EVENT=14
04-24 04:27:17.295  6673  7145 I bt_stack: [INFO:rfc_port_fsm.cc(106)] rfc_port_sm_execute: BD_ADDR=645df4_1, PORT=18, STATE=4, EVENT=14
04-24 04:27:17.320  6673  7145 I bt_stack: [INFO:rfc_port_fsm.cc(106)] rfc_port_sm_execute: BD_ADDR=645df4_1, PORT=18, STATE=4, EVENT=14
04-24 04:27:17.326  6673  7145 I bt_stack: [INFO:rfc_port_fsm.cc(106)] rfc_port_sm_execute: BD_ADDR=645df4_1, PORT=18, STATE=4, EVENT=14
04-24 04:27:17.331  6673  7145 I bt_stack: [INFO:rfc_port_fsm.cc(106)] rfc_port_sm_execute: BD_ADDR=645df4_1, PORT=18, STATE=4, EVENT=4
04-24 04:27:17.333  6673  7145 I bt_stack: [INFO:rfc_port_fsm.cc(106)] rfc_port_sm_execute: BD_ADDR=645df4_1, PORT=18, STATE=4, EVENT=4
04-24 04:27:17.380  6673  7145 I bt_stack: [INFO:rfc_port_fsm.cc(106)] rfc_port_sm_execute: BD_ADDR=645df4_1, PORT=18, STATE=4, EVENT=4
04-24 04:27:17.396  6673  7145 I bt_stack: [INFO:rfc_port_fsm.cc(106)] rfc_port_sm_execute: BD_ADDR=645df4_1, PORT=18, STATE=4, EVENT=14
04-24 04:27:17.435  6298  6298 D TelephonyManager: requestModemActivityInfo: Sending result to app: ModemActivityInfo{ mTimestamp=155219989 mSleepTimeMs=29544258 mIdleTimeMs=8270051 mActivityStatsTechSpecificInfo=[{mRat=UNKNOWN,mFrequencyRange=UNKNOWN,mTxTimeMs[]=[38825, 33682, 22209, 346, 136345],mRxTimeMs=83597141}]}
04-24 04:27:17.473  6673  7145 I bt_stack: [INFO:rfc_port_fsm.cc(106)] rfc_port_sm_execute: BD_ADDR=645df4_1, PORT=18, STATE=4, EVENT=4
04-24 04:27:17.480  6673  7145 I bt_stack: [INFO:rfc_port_fsm.cc(106)] rfc_port_sm_execute: BD_ADDR=645df4_1, PORT=18, STATE=4, EVENT=4
04-24 04:27:17.482  6673  7145 I bt_stack: [INFO:rfc_port_fsm.cc(106)] rfc_port_sm_execute: BD_ADDR=645df4_1, PORT=18, STATE=4, EVENT=4
04-24 04:27:17.486  6673  7145 I bt_stack: [INFO:rfc_port_fsm.cc(106)] rfc_port_sm_execute: BD_ADDR=645df4_1, PORT=18, STATE=4, EVENT=4
04-24 04:27:17.488  6673  7145 I bt_stack: [INFO:rfc_port_fsm.cc(106)] rfc_port_sm_execute: BD_ADDR=645df4_1, PORT=18, STATE=4, EVENT=4
04-24 04:27:17.493  6673  7145 I bt_stack: [INFO:rfc_port_fsm.cc(106)] rfc_port_sm_execute: BD_ADDR=645df4_1, PORT=18, STATE=4, EVENT=4
04-24 04:27:17.493  6673  7145 I bt_stack: [INFO:rfc_port_fsm.cc(106)] rfc_port_sm_execute: BD_ADDR=645df4_1, PORT=18, STATE=4, EVENT=4
04-24 04:27:17.592  6673  7145 I bt_stack: [INFO:rfc_port_fsm.cc(106)] rfc_port_sm_execute: BD_ADDR=645df4_1, PORT=18, STATE=4, EVENT=14
04-24 04:27:17.603  6673  7145 I bt_stack: [INFO:rfc_port_fsm.cc(106)] rfc_port_sm_execute: BD_ADDR=645df4_1, PORT=18, STATE=4, EVENT=14
04-24 04:27:17.653  6673  7145 I bt_stack: [INFO:rfc_port_fsm.cc(106)] rfc_port_sm_execute: BD_ADDR=645df4_1, PORT=18, STATE=4, EVENT=14
04-24 04:27:17.664  6673  7145 I bt_stack: [INFO:rfc_port_fsm.cc(106)] rfc_port_sm_execute: BD_ADDR=645df4_1, PORT=18, STATE=4, EVENT=14
04-24 04:27:17.682  6673  7145 I bt_stack: [INFO:rfc_port_fsm.cc(106)] rfc_port_sm_execute: BD_ADDR=645df4_1, PORT=18, STATE=4, EVENT=4
04-24 04:27:17.732  6673  7145 I bt_stack: [INFO:rfc_port_fsm.cc(106)] rfc_port_sm_execute: BD_ADDR=645df4_1, PORT=18, STATE=4, EVENT=14
04-24 04:27:17.743  6673  7145 I bt_stack: [INFO:rfc_port_fsm.cc(106)] rfc_port_sm_execute: BD_ADDR=645df4_1, PORT=18, STATE=4, EVENT=4
04-24 04:27:17.748  6673  7145 I bt_stack: [INFO:rfc_port_fsm.cc(106)] rfc_port_sm_execute: BD_ADDR=645df4_1, PORT=18, STATE=4, EVENT=14
04-24 04:27:17.756  6673  7145 I bt_stack: [INFO:rfc_port_fsm.cc(106)] rfc_port_sm_execute: BD_ADDR=645df4_1, PORT=18, STATE=4, EVENT=4
04-24 04:27:17.776  6673  7145 I bt_stack: [INFO:rfc_port_fsm.cc(106)] rfc_port_sm_execute: BD_ADDR=645df4_1, PORT=18, STATE=4, EVENT=14
04-24 04:27:17.811  6673  7145 I bt_stack: [INFO:rfc_port_fsm.cc(106)] rfc_port_sm_execute: BD_ADDR=645df4_1, PORT=18, STATE=4, EVENT=4
04-24 04:27:17.816  6673  7145 I bt_stack: [INFO:rfc_port_fsm.cc(106)] rfc_port_sm_execute: BD_ADDR=645df4_1, PORT=18, STATE=4, EVENT=4
04-24 04:27:17.819  6673  7145 I bt_stack: [INFO:rfc_port_fsm.cc(106)] rfc_port_sm_execute: BD_ADDR=645df4_1, PORT=18, STATE=4, EVENT=4
04-24 04:27:17.820  6673  7145 I bt_stack: [INFO:rfc_port_fsm.cc(106)] rfc_port_sm_execute: BD_ADDR=645df4_1, PORT=18, STATE=4, EVENT=4
04-24 04:27:17.836  6673  7145 I bt_stack: [INFO:rfc_port_fsm.cc(106)] rfc_port_sm_execute: BD_ADDR=645df4_1, PORT=18, STATE=4, EVENT=4
04-24 04:27:17.838  6673  7145 I bt_stack: [INFO:rfc_port_fsm.cc(106)] rfc_port_sm_execute: BD_ADDR=645df4_1, PORT=18, STATE=4, EVENT=4
04-24 04:27:17.862  6673  7145 I bt_stack: [INFO:rfc_port_fsm.cc(106)] rfc_port_sm_execute: BD_ADDR=645df4_1, PORT=18, STATE=4, EVENT=4
04-24 04:27:17.864  6673  7145 I bt_stack: [INFO:rfc_port_fsm.cc(106)] rfc_port_sm_execute: BD_ADDR=645df4_1, PORT=18, STATE=4, EVENT=14
04-24 04:27:17.873  6673  7145 I bt_stack: [INFO:rfc_port_fsm.cc(106)] rfc_port_sm_execute: BD_ADDR=645df4_1, PORT=18, STATE=4, EVENT=14
04-24 04:27:17.900  6673  7145 I bt_stack: [INFO:rfc_port_fsm.cc(106)] rfc_port_sm_execute: BD_ADDR=645df4_1, PORT=18, STATE=4, EVENT=14
04-24 04:27:17.901  6673  7145 I bt_stack: [INFO:rfc_port_fsm.cc(106)] rfc_port_sm_execute: BD_ADDR=645df4_1, PORT=18, STATE=4, EVENT=14
04-24 04:27:17.911  6673  7145 I bt_stack: [INFO:rfc_port_fsm.cc(106)] rfc_port_sm_execute: BD_ADDR=645df4_1, PORT=18, STATE=4, EVENT=14
04-24 04:27:17.911  6673  7145 I bt_stack: [INFO:rfc_port_fsm.cc(106)] rfc_port_sm_execute: BD_ADDR=645df4_1, PORT=18, STATE=4, EVENT=14
04-24 04:27:17.911  6673  7145 I bt_stack: [INFO:rfc_port_fsm.cc(106)] rfc_port_sm_execute: BD_ADDR=645df4_1, PORT=18, STATE=4, EVENT=14
04-24 04:27:17.913  6673  7145 I bt_stack: [INFO:rfc_port_fsm.cc(106)] rfc_port_sm_execute: BD_ADDR=645df4_1, PORT=18, STATE=4, EVENT=14
04-24 04:27:17.925  6673  7145 I bt_stack: [INFO:rfc_port_fsm.cc(106)] rfc_port_sm_execute: BD_ADDR=645df4_1, PORT=18, STATE=4, EVENT=14
04-24 04:27:17.952  6673  7145 I bt_stack: [INFO:rfc_port_fsm.cc(106)] rfc_port_sm_execute: BD_ADDR=645df4_1, PORT=18, STATE=4, EVENT=4
04-24 04:27:17.973  6673  7145 I bt_stack: [INFO:rfc_port_fsm.cc(106)] rfc_port_sm_execute: BD_ADDR=645df4_1, PORT=18, STATE=4, EVENT=4
04-24 04:27:17.976  6673  7145 I bt_stack: [INFO:rfc_port_fsm.cc(106)] rfc_port_sm_execute: BD_ADDR=645df4_1, PORT=18, STATE=4, EVENT=4
04-24 04:27:17.977  6673  7145 I bt_stack: [INFO:rfc_port_fsm.cc(106)] rfc_port_sm_execute: BD_ADDR=645df4_1, PORT=18, STATE=4, EVENT=4
04-24 04:27:17.987 21331 21358 D Benchmark: timeNs[ 0:10]: 27664 30341 27604 27634 28539 27568 27800 28466 28366 28279
04-24 04:27:17.987 21331 21358 D Benchmark: timeNs[10:20]: 28544 27970 29201 27854 27836 28922 28487 28233 31455 28276
04-24 04:27:17.987 21331 21358 D Benchmark: timeNs[20:30]: 27829 29062 27910 27916 28673 27881 27967 30808 27883 27863
04-24 04:27:17.987 21331 21358 D Benchmark: timeNs[30:40]: 28856 27947 28006 28970 27931 28191 29828 31323 28719 28590
04-24 04:27:17.987 21331 21358 D Benchmark: timeNs[40:50]: 29652 31168 28251 27940 28940 28008 27881 28747 27992 28034
04-24 04:27:18.017  6673  7145 I bt_stack: [INFO:rfc_port_fsm.cc(106)] rfc_port_sm_execute: BD_ADDR=645df4_1, PORT=18, STATE=4, EVENT=4
04-24 04:27:18.019  6673  7145 I bt_stack: [INFO:rfc_port_fsm.cc(106)] rfc_port_sm_execute: BD_ADDR=645df4_1, PORT=18, STATE=4, EVENT=4
04-24 04:27:18.022  6673  7145 I bt_stack: [INFO:rfc_port_fsm.cc(106)] rfc_port_sm_execute: BD_ADDR=645df4_1, PORT=18, STATE=4, EVENT=4
04-24 04:27:18.036  6673  7145 I bt_stack: [INFO:rfc_port_fsm.cc(106)] rfc_port_sm_execute: BD_ADDR=645df4_1, PORT=18, STATE=4, EVENT=14
04-24 04:27:18.044  6673  7145 I bt_stack: [INFO:rfc_port_fsm.cc(106)] rfc_port_sm_execute: BD_ADDR=645df4_1, PORT=18, STATE=4, EVENT=4
04-24 04:27:18.046  6673  7145 I bt_stack: [INFO:rfc_port_fsm.cc(106)] rfc_port_sm_execute: BD_ADDR=645df4_1, PORT=18, STATE=4, EVENT=4
04-24 04:27:18.047  6673  7145 I bt_stack: [INFO:rfc_port_fsm.cc(106)] rfc_port_sm_execute: BD_ADDR=645df4_1, PORT=18, STATE=4, EVENT=14
04-24 04:27:18.052  6673  7145 I bt_stack: [INFO:rfc_port_fsm.cc(106)] rfc_port_sm_execute: BD_ADDR=645df4_1, PORT=18, STATE=4, EVENT=4
04-24 04:27:18.062  6673  7145 I bt_stack: [INFO:rfc_port_fsm.cc(106)] rfc_port_sm_execute: BD_ADDR=645df4_1, PORT=18, STATE=4, EVENT=4
04-24 04:27:18.087  6673  7145 I bt_stack: [INFO:rfc_port_fsm.cc(106)] rfc_port_sm_execute: BD_ADDR=645df4_1, PORT=18, STATE=4, EVENT=14
04-24 04:27:18.100  6673  7145 I bt_stack: [INFO:rfc_port_fsm.cc(106)] rfc_port_sm_execute: BD_ADDR=645df4_1, PORT=18, STATE=4, EVENT=14
04-24 04:27:18.111  6673  7145 I bt_stack: [INFO:rfc_port_fsm.cc(106)] rfc_port_sm_execute: BD_ADDR=645df4_1, PORT=18, STATE=4, EVENT=4
04-24 04:27:18.125  6673  7145 I bt_stack: [INFO:rfc_port_fsm.cc(106)] rfc_port_sm_execute: BD_ADDR=645df4_1, PORT=18, STATE=4, EVENT=14
04-24 04:27:18.156  6673  7145 I bt_stack: [INFO:rfc_port_fsm.cc(106)] rfc_port_sm_execute: BD_ADDR=645df4_1, PORT=18, STATE=4, EVENT=4
04-24 04:27:18.159  6673  7145 I bt_stack: [INFO:rfc_port_fsm.cc(106)] rfc_port_sm_execute: BD_ADDR=645df4_1, PORT=18, STATE=4, EVENT=4
04-24 04:27:18.164  6673  7145 I bt_stack: [INFO:rfc_port_fsm.cc(106)] rfc_port_sm_execute: BD_ADDR=645df4_1, PORT=18, STATE=4, EVENT=4
04-24 04:27:18.164  5272  5272 E sehhealth-service: Could not open /sys/class/power_supply/battery/lrp
04-24 04:27:18.179  6673  7145 I bt_stack: [INFO:rfc_port_fsm.cc(106)] rfc_port_sm_execute: BD_ADDR=645df4_1, PORT=18, STATE=4, EVENT=14
04-24 04:27:18.180  6673  7145 I bt_stack: [INFO:rfc_port_fsm.cc(106)] rfc_port_sm_execute: BD_ADDR=645df4_1, PORT=18, STATE=4, EVENT=14
04-24 04:27:18.185  6673  7145 I bt_stack: [INFO:rfc_port_fsm.cc(106)] rfc_port_sm_execute: BD_ADDR=645df4_1, PORT=18, STATE=4, EVENT=14
04-24 04:27:18.192  6673  7145 I bt_stack: [INFO:rfc_port_fsm.cc(106)] rfc_port_sm_execute: BD_ADDR=645df4_1, PORT=18, STATE=4, EVENT=14
04-24 04:27:18.219  6673  7145 I bt_stack: [INFO:rfc_port_fsm.cc(106)] rfc_port_sm_execute: BD_ADDR=645df4_1, PORT=18, STATE=4, EVENT=14
04-24 04:27:18.248  6673  7145 I bt_stack: [INFO:rfc_port_fsm.cc(106)] rfc_port_sm_execute: BD_ADDR=645df4_1, PORT=18, STATE=4, EVENT=14
04-24 04:27:18.276  6673  7145 I bt_stack: [INFO:rfc_port_fsm.cc(106)] rfc_port_sm_execute: BD_ADDR=645df4_1, PORT=18, STATE=4, EVENT=4
04-24 04:27:18.289  6673  7145 I bt_stack: [INFO:rfc_port_fsm.cc(106)] rfc_port_sm_execute: BD_ADDR=645df4_1, PORT=18, STATE=4, EVENT=4
04-24 04:27:18.314  6673  7145 I bt_stack: [INFO:rfc_port_fsm.cc(106)] rfc_port_sm_execute: BD_ADDR=645df4_1, PORT=18, STATE=4, EVENT=4
04-24 04:27:18.324  6673  7145 I bt_stack: [INFO:rfc_port_fsm.cc(106)] rfc_port_sm_execute: BD_ADDR=645df4_1, PORT=18, STATE=4, EVENT=14
04-24 04:27:18.339  6673  7145 I bt_stack: [INFO:rfc_port_fsm.cc(106)] rfc_port_sm_execute: BD_ADDR=645df4_1, PORT=18, STATE=4, EVENT=14
04-24 04:27:18.349  6673  7145 I bt_stack: [INFO:rfc_port_fsm.cc(106)] rfc_port_sm_execute: BD_ADDR=645df4_1, PORT=18, STATE=4, EVENT=4
04-24 04:27:18.350  6673  7145 I bt_stack: [INFO:rfc_port_fsm.cc(106)] rfc_port_sm_execute: BD_ADDR=645df4_1, PORT=18, STATE=4, EVENT=4
04-24 04:27:18.355  6673  7145 I bt_stack: [INFO:rfc_port_fsm.cc(106)] rfc_port_sm_execute: BD_ADDR=645df4_1, PORT=18, STATE=4, EVENT=4
04-24 04:27:18.357  6673  7145 I bt_stack: [INFO:rfc_port_fsm.cc(106)] rfc_port_sm_execute: BD_ADDR=645df4_1, PORT=18, STATE=4, EVENT=4
04-24 04:27:18.361  6673  7145 I bt_stack: [INFO:rfc_port_fsm.cc(106)] rfc_port_sm_execute: BD_ADDR=645df4_1, PORT=18, STATE=4, EVENT=4
04-24 04:27:18.377  6673  7145 I bt_stack: [INFO:rfc_port_fsm.cc(106)] rfc_port_sm_execute: BD_ADDR=645df4_1, PORT=18, STATE=4, EVENT=14
04-24 04:27:18.396  6673  7145 I bt_stack: [INFO:rfc_port_fsm.cc(106)] rfc_port_sm_execute: BD_ADDR=645df4_1, PORT=18, STATE=4, EVENT=14
04-24 04:27:18.449  6673  7145 I bt_stack: [INFO:rfc_port_fsm.cc(106)] rfc_port_sm_execute: BD_ADDR=645df4_1, PORT=18, STATE=4, EVENT=14
04-24 04:27:18.454  6673  7145 I bt_stack: [INFO:rfc_port_fsm.cc(106)] rfc_port_sm_execute: BD_ADDR=645df4_1, PORT=18, STATE=4, EVENT=14
04-24 04:27:18.459  6673  7145 I bt_stack: [INFO:rfc_port_fsm.cc(106)] rfc_port_sm_execute: BD_ADDR=645df4_1, PORT=18, STATE=4, EVENT=4
04-24 04:27:18.465  6673  7145 I bt_stack: [INFO:rfc_port_fsm.cc(106)] rfc_port_sm_execute: BD_ADDR=645df4_1, PORT=18, STATE=4, EVENT=4
04-24 04:27:18.497 21331 21358 D Benchmark: allocationCount[ 0:10]: 43 43 43 43 43
04-24 04:27:18.497 21331 21358 D Benchmark: Set 21358 (Bench thread) to priority -8. Was -20, now -8
04-24 04:27:18.497 21331 21358 D Benchmark: Set 21342 (Jit) to priority 9. Was -15, now 9
04-24 04:27:18.497 21331 21358 D Benchmark: Warmup: t=0.274, iter=3901, fastAvg=30583, slowAvg=31465
04-24 04:27:18.497 21331 21358 I PerfettoCapture: Stopping perfetto.
04-24 04:27:18.523  6673  7145 I bt_stack: [INFO:rfc_port_fsm.cc(106)] rfc_port_sm_execute: BD_ADDR=645df4_1, PORT=18, STATE=4, EVENT=4
04-24 04:27:18.530  6673  7145 I bt_stack: [INFO:rfc_port_fsm.cc(106)] rfc_port_sm_execute: BD_ADDR=645df4_1, PORT=18, STATE=4, EVENT=14
04-24 04:27:18.540 23766 23766 I perfetto:    perfetto_cmd.cc:1168 SIGINT/SIGTERM received: disabling tracing.
04-24 04:27:18.541 21331 21358 D Benchmark: kill -TERM command output -
04-24 04:27:18.554  5403  5403 I perfetto:  probes_producer.cc:396 Producer stop (id=229)
04-24 04:27:18.556  5403  5403 I perfetto:    ftrace_procfs.cc:342 disabled ftrace in /sys/kernel/tracing/
04-24 04:27:18.615  4388  4388 I hwservicemanager: getTransport: Cannot find entry android.hardware.atrace@1.0::IAtraceDevice/default in either framework or device VINTF manifest.
04-24 04:27:18.623  5403  5403 I perfetto:  probes_producer.cc:396 Producer stop (id=230)
04-24 04:27:18.624  5403  5403 I perfetto:  probes_producer.cc:396 Producer stop (id=231)
04-24 04:27:18.645 23766 23766 I perfetto:    perfetto_cmd.cc:1124 Trace written into the output file
04-24 04:27:18.648  5413  5413 I perfetto: ng_service_impl.cc:2426 Tracing session 58 ended, total sessions:0
04-24 04:27:18.679 21331 21358 I PerfettoCapture: Writing to /storage/emulated/0/Android/data/org.jetbrains.android_benchmark.test/cache/AckermannBenchmark_mutableRefFloatIn1Long_2023-04-24-02-27-18.perfetto-trace.
04-24 04:27:18.748 21331 21358 D Benchmark: Copying /storage/emulated/0/Android/data/org.jetbrains.android_benchmark.test/cache/AckermannBenchmark_mutableRefFloatIn1Long_2023-04-24-02-27-18.perfetto-trace to /sdcard/Android/media/org.jetbrains.android_benchmark.test/additional_test_output/AckermannBenchmark_mutableRefFloatIn1Long_2023-04-24-02-27-18.perfetto-trace
04-24 04:27:18.785  8333 23741 W MediaProvider: isAppCloneUserPair for user 0: false
04-24 04:27:18.787  6673  7145 I bt_stack: [INFO:rfc_port_fsm.cc(106)] rfc_port_sm_execute: BD_ADDR=645df4_1, PORT=18, STATE=4, EVENT=4
04-24 04:27:18.819  6673  7145 I bt_stack: [INFO:rfc_port_fsm.cc(106)] rfc_port_sm_execute: BD_ADDR=645df4_1, PORT=18, STATE=4, EVENT=4
04-24 04:27:18.824  6673  7145 I bt_stack: [INFO:rfc_port_fsm.cc(106)] rfc_port_sm_execute: BD_ADDR=645df4_1, PORT=18, STATE=4, EVENT=4
04-24 04:27:18.827  6673  7145 I bt_stack: [INFO:rfc_port_fsm.cc(106)] rfc_port_sm_execute: BD_ADDR=645df4_1, PORT=18, STATE=4, EVENT=4
04-24 04:27:18.833  6673  7145 I bt_stack: [INFO:rfc_port_fsm.cc(106)] rfc_port_sm_execute: BD_ADDR=645df4_1, PORT=18, STATE=4, EVENT=14
04-24 04:27:18.836  5635  8927 D SyncManager: userId - 0 auto - true
04-24 04:27:18.870  6673  7145 I bt_stack: [INFO:rfc_port_fsm.cc(106)] rfc_port_sm_execute: BD_ADDR=645df4_1, PORT=18, STATE=4, EVENT=14
04-24 04:27:18.889  6673  7145 I bt_stack: [INFO:rfc_port_fsm.cc(106)] rfc_port_sm_execute: BD_ADDR=645df4_1, PORT=18, STATE=4, EVENT=4
04-24 04:27:18.898 21331 21358 I Benchmark: AckermannBenchmark.mutableRefFloatIn1Long[Metric (timeNs) results: median 28242.18767207097, min 27568.593147751606, max 31455.302539002754, standardDeviation: 980.6843346520843, Metric (allocationCount) results: median 43.0, min 43.0, max 43.00091771183848, standardDeviation: 4.3261350944375626E-4]count=3269
04-24 04:27:18.906 21331 21358 D Benchmark: writing results to /storage/emulated/0/Android/data/org.jetbrains.android_benchmark.test/cache/org.jetbrains.android_benchmark.test-benchmarkData.json
04-24 04:27:18.916 21331 21358 D Benchmark: Copying /storage/emulated/0/Android/data/org.jetbrains.android_benchmark.test/cache/org.jetbrains.android_benchmark.test-benchmarkData.json to /sdcard/Android/media/org.jetbrains.android_benchmark.test/additional_test_output/org.jetbrains.android_benchmark.test-benchmarkData.json
04-24 04:27:18.920  5635  5714 W libprocessgroup: Failed to open /dev/blkio//cgroup.procs: No such file or directory
04-24 04:27:18.932  8333 23741 I MediaProvider: Deleted 1 0 0 0 0 0 0 items on external_primary due to org.jetbrains.android_benchmark.test
04-24 04:27:18.934  5635  6660 D SyncManager: userId - 0 auto - true
04-24 04:27:18.934  6673  7145 I bt_stack: [INFO:rfc_port_fsm.cc(106)] rfc_port_sm_execute: BD_ADDR=645df4_1, PORT=18, STATE=4, EVENT=14
04-24 04:27:18.936  6673  7145 I bt_stack: [INFO:rfc_port_fsm.cc(106)] rfc_port_sm_execute: BD_ADDR=645df4_1, PORT=18, STATE=4, EVENT=14
04-24 04:27:18.943 21600 23029 I NetworkScheduler.Stats: Task com.google.android.gms/com.google.android.gms.ipa.base.IpaGcmTaskService started execution. cause:9 exec_start_elapsed_seconds: 155221 [CONTEXT service_id=218 ]
04-24 04:27:18.944  8333 23811 W MediaProvider: isAppCloneUserPair for user 0: false
04-24 04:27:18.946  6673  7145 I bt_stack: [INFO:rfc_port_fsm.cc(106)] rfc_port_sm_execute: BD_ADDR=645df4_1, PORT=18, STATE=4, EVENT=4
04-24 04:27:18.952 21600 23402 I NetworkScheduler.Stats: Task com.google.android.gms/com.google.android.gms.ipa.base.IpaGcmTaskService finished executing. cause:9 result: 1 elapsed_millis: 57 uptime_millis: 57 exec_start_elapsed_seconds: 155221 [CONTEXT service_id=218 ]
04-24 04:27:18.957 21331 21358 I TestRunner: finished: mutableRefFloatIn1Long(org.jetbrains.android_benchmark.AckermannBenchmark)
