04-30 01:20:17.280 12235 12258 I TestRunner: started: longPackFloat(org.jetbrains.android_benchmark.BoxRecreationBenchmark)
04-30 01:20:17.283 12235 12235 I MonitoringInstr: Activities that are still in CREATED to STOPPED: 1
04-30 01:20:17.283 12235 12235 I MonitoringInstr: Finishing activity: androidx.benchmark.IsolationActivity@60bdc39
04-30 01:20:17.285 12235 12258 I GrantPermissionCallable: Permission: android.permission.WRITE_EXTERNAL_STORAGE is already granted!
04-30 01:20:17.285 12235 12258 I GrantPermissionCallable: Permission: android.permission.READ_EXTERNAL_STORAGE is already granted!
04-30 01:20:17.285 12235 12258 D Benchmark: -- Running org.jetbrains.android_benchmark.BoxRecreationBenchmark#longPackFloat --
04-30 01:20:17.285 12235 12258 D PerfettoCapture: Supported ABIs: arm64-v8a, armeabi-v7a, armeabi
04-30 01:20:17.285 12235 12258 D PerfettoCapture: Recording perfetto trace
04-30 01:20:17.292  9200 17163 I NetworkScheduler.Stats: Task com.google.android.gms/com.google.android.gms.ipa.base.IpaGcmTaskService started execution. cause:9 exec_start_elapsed_seconds: 219957 [CONTEXT service_id=218 ]
04-30 01:20:17.306  9200 17163 I NetworkScheduler.Stats: Task com.google.android.gms/com.google.android.gms.ipa.base.IpaGcmTaskService finished executing. cause:9 result: 1 elapsed_millis: 52 uptime_millis: 52 exec_start_elapsed_seconds: 219957 [CONTEXT service_id=218 ]
04-30 01:20:17.330 12235 12258 I PerfettoCapture: Cleanup perfetto before starting.
04-30 01:20:17.481 12235 12258 I PerfettoCapture: Perfetto output file cleanup -
04-30 01:20:17.481 12235 12258 I PerfettoCapture: Starting perfetto tracing with cmd: cat /storage/emulated/0/Android/data/org.jetbrains.android_benchmark.test/cache/trace_config.pb | perfetto --background -c - -o /data/misc/perfetto-traces/trace_output.pb
04-30 01:20:17.650 17773 17773 I perfetto:    perfetto_cmd.cc:1001 Connected to the Perfetto traced service, starting tracing
04-30 01:20:17.651  5131  5131 I perfetto: ing_service_impl.cc:953 Configured tracing session 285, #sources:4, duration:0 ms, #buffers:2, total buffer size:36864 KB, total sessions:1, uid:2000 session name: ""
04-30 01:20:17.653  5130  5130 I perfetto:  probes_producer.cc:139 Ftrace setup (target_buf=569)
04-30 01:20:17.696 12235 12258 I PerfettoCapture: Perfetto output - 17773
04-30 01:20:17.696 12235 12258 I PerfettoCapture: EXITCODE=0
04-30 01:20:17.712  4389  4389 I hwservicemanager: getTransport: Cannot find entry android.hardware.atrace@1.0::IAtraceDevice/default in either framework or device VINTF manifest.
04-30 01:20:17.739  5130  5130 I perfetto:    ftrace_procfs.cc:335 enabled ftrace in /sys/kernel/tracing/
04-30 01:20:17.798  5429  5488 W libprocessgroup: Failed to open /dev/blkio//cgroup.procs: No such file or directory
04-30 01:20:17.820 12235 12258 I PerfettoCapture: Perfetto tracing started successfully with pid 17773.
04-30 01:20:17.824 12145 12145 I SCS@AiSearch user 0: (ObserverWorker::AOSP_MP) [main] entering in startWork():
04-30 01:20:17.824 12145 12145 I SCS@AiSearch user 0: (BaseCollector::AOSP_MP) [main] entering in onChange():
04-30 01:20:17.827 12145 12208 I SCS@AiSearch user 0: (BaseCollector::AOSP_MP) [AOSP_MP-0] entering in collectChanges():
04-30 01:20:17.857  5429  8538 D PackageManager: setEnabledSetting : userId = 0 packageName = com.samsung.android.scs cmp = androidx.work.impl.background.systemalarm.RescheduleReceiver newState = 1 callingPackage = 10380/com.samsung.android.scs
04-30 01:20:17.859  5429  8538 D ApplicationPolicy: getApplicationStateEnabled : pkg = com.samsung.android.scs userId : 0
04-30 01:20:17.861  5429  8538 D ApplicationPolicy: getApplicationComponentState : pkg = com.samsung.android.scs userId : 0
04-30 01:20:17.916 12235 12258 I PerfettoCapture: /sys/kernel/tracing/tracing_on = 1, polled 0 times, capture fully started
04-30 01:20:17.917 12145 12208 I SCS@AiSearch user 0: (BaseCollector::AOSP_MP) fetchInternal values : maxSyncId: 1000008329 indexCount: 895 sourceCount: 895
04-30 01:20:17.918 12235 12258 D Benchmark: Set 12258 (Bench thread) to priority -20. Was -8, now -20
04-30 01:20:17.918 12235 12258 D Benchmark: Set 12243 (Jit) to priority -15. Was 9, now -15
04-30 01:20:17.952 12235 12258 I _benchmark.test: Explicit concurrent copying GC freed 375692(6429KB) AllocSpace objects, 1(20KB) LOS objects, 67% free, 2956KB/9100KB, paused 257us,125us total 33.593ms
04-30 01:20:17.999 12145 12208 I SCS@AiSearch user 0: (IndexManager) [AOSP_MP-0] entering in addIndex():
04-30 01:20:18.003 12145 12208 I SCS@AiSearch user 0: (BaseCollector::AOSP_MP) fetch: fetching took  124 ms
04-30 01:20:18.003 12145 12208 I SCS@AiSearch user 0: (BaseCollector::AOSP_MP) fetchChanges: applied 0 items
04-30 01:20:18.003 12145 12208 I SCS@AiSearch user 0: (BaseCollector::AOSP_MP) Collect finished. Result: true
04-30 01:20:18.006 12145 12208 I SCS@AiSearch user 0: (BaseCollector::AOSP_MP) enqueue ObserverWorker name: com.sec.android.app.myfiles, policy: APPEND_OR_REPLACE
04-30 01:20:18.007 12145 12203 I WM-WorkerWrapper: Worker result SUCCESS for Work [ id=71b2748a-2317-4bd3-8310-17d761845490, tags={ com.sec.android.app.myfiles, com.samsung.android.scs.ai.search.data.collector.ObserverWorker } ]
04-30 01:20:18.042  5429  7411 D SemWifiUsabilityStatsMonitor: onWifiUsabilityStats - seqNum 24922, isSameBssidAndFreq true
04-30 01:20:18.043  5429  5717 I SemWifiLinkQualityMonitor: Link Qos Query: 0.091 ms / 87.750 Mbps (117 / 0.000 / 1.333)
04-30 01:20:18.059  5429  8538 D PackageManager: setEnabledSetting : userId = 0 packageName = com.samsung.android.scs cmp = androidx.work.impl.background.systemalarm.RescheduleReceiver newState = 1 callingPackage = 10380/com.samsung.android.scs
04-30 01:20:18.060  5429  8538 D ApplicationPolicy: getApplicationStateEnabled : pkg = com.samsung.android.scs userId : 0
04-30 01:20:18.062  5429  8538 D ApplicationPolicy: getApplicationComponentState : pkg = com.samsung.android.scs userId : 0
04-30 01:20:19.935  9200 17163 D ConnectivityManager: StackLog: [android.net.ConnectivityManager.reportNetworkConnectivity(ConnectivityManager.java:3390)] [aogg.i(:com.google.android.gms@231417044@23.14.17 (190400-527331132):0)] [aofu.run(:com.google.android.gms@231417044@23.14.17 (190400-527331132):57)] [aogu.run(:com.google.android.gms@231417044@23.14.17 (190400-527331132):2)] [dciw.run(:com.google.android.gms@231417044@23.14.17 (190400-527331132):2)] [abpb.c(:com.google.android.gms@231417044@23.14.17 (190400-527331132):6)] [abpb.run(:com.google.android.gms@231417044@23.14.17 (190400-527331132):7)] [java.util.concurrent.ThreadPoolExecutor.runWorker(ThreadPoolExecutor.java:1137)] [java.util.concurrent.ThreadPoolExecutor$Worker.run(ThreadPoolExecutor.java:637)] [abuh.run(:com.google.android.gms@231417044@23.14.17 (190400-527331132):0)] [java.lang.Thread.run(Thread.java:1012)]
04-30 01:20:19.942  9200 17163 I AlarmManager: setExactAndAllowWhileIdle [name: GCM_HB_ALARM type: 2 triggerAtMillis: 220969915]
04-30 01:20:19.976  9200 17163 I AlarmManager: setExactAndAllowWhileIdle [name: GCM_HB_ALARM type: 2 triggerAtMillis: 220969949]
04-30 01:20:19.983  9200 17368 I AlarmManager: setExactAndAllowWhileIdle [name: FcmRetry type: 2 triggerAtMillis: 220079949]
04-30 01:20:20.021  4924  4924 D Zygote  : Forked child process 17798
04-30 01:20:20.073 17798 17798 I egram.messenger: Using CollectorTypeCC GC.
04-30 01:20:20.084 17798 17798 E egram.messenger: Not starting debugger since process cannot load the jdwp agent.
04-30 01:20:20.092 17798 17798 W libc    : Access denied finding property "sys.perf.boostopt"
04-30 01:20:20.093  4899  4899 E audit   : type=1400 audit(1682810420.087:84806): avc:  denied  { read } for  pid=17798 comm="egram.messenger" name="u:object_r:perf_prop:s0" dev="tmpfs" ino=21617 scontext=u:r:untrusted_app_30:s0:c12,c257,c512,c768 tcontext=u:object_r:perf_prop:s0 tclass=file permissive=0 SEPF_SM-A515F_13_0001 audit_filtered
04-30 01:20:20.093  4899  4899 E audit   : type=1300 audit(1682810420.087:84806): arch=c00000b7 syscall=56 success=no exit=-13 a0=ffffff9c a1=7fcb563ba8 a2=88000 a3=0 items=0 ppid=4924 pid=17798 auid=4294967295 uid=10268 gid=10268 euid=10268 suid=10268 fsuid=10268 egid=10268 sgid=10268 fsgid=10268 tty=(none) ses=4294967295 comm="egram.messenger" exe="/system/bin/app_process64" subj=u:r:untrusted_app_30:s0:c12,c257,c512,c768 key=(null)
04-30 01:20:20.093  4899  4899 E audit   : type=1327 audit(1682810420.087:84806): proctitle="zygote64"
04-30 01:20:20.094 17798 17810 W libc    : Access denied finding property "sys.perf.boostopt"
04-30 01:20:20.095  4899  4899 E audit   : type=1400 audit(1682810420.091:84807): avc:  denied  { read } for  pid=17798 comm="binder:17798_1" name="u:object_r:perf_prop:s0" dev="tmpfs" ino=21617 scontext=u:r:untrusted_app_30:s0:c12,c257,c512,c768 tcontext=u:object_r:perf_prop:s0 tclass=file permissive=0 SEPF_SM-A515F_13_0001 audit_filtered
04-30 01:20:20.095  4899  4899 E audit   : type=1300 audit(1682810420.091:84807): arch=c00000b7 syscall=56 success=no exit=-13 a0=ffffff9c a1=7804bb12f8 a2=88000 a3=0 items=0 ppid=4924 pid=17798 auid=4294967295 uid=10268 gid=10268 euid=10268 suid=10268 fsuid=10268 egid=10268 sgid=10268 fsgid=10268 tty=(none) ses=4294967295 comm="binder:17798_1" exe="/system/bin/app_process64" subj=u:r:untrusted_app_30:s0:c12,c257,c512,c768 key=(null)
04-30 01:20:20.095  4899  4899 E audit   : type=1327 audit(1682810420.091:84807): proctitle="com.sec.android.app.shealth"
04-30 01:20:20.095 17798 17798 D ActivityThread: setConscryptValidator
04-30 01:20:20.096 17798 17798 D ActivityThread: setConscryptValidator - put
04-30 01:20:20.112 17798 17798 D CompatibilityChangeReporter: Compat change id reported: 171979766; UID 10268; state: ENABLED
04-30 01:20:20.137 17798 17798 D nativeloader: Configuring classloader-namespace for other apk /system/framework/org.apache.http.legacy.jar. target_sdk_version=31, uses_libraries=ALL, library_path=/data/app/~~RD4X6d-nvVyqONNq63nj9w==/org.telegram.messenger-_4E-VgnmTjQ_apaqr45tag==/lib/arm64:/data/app/~~RD4X6d-nvVyqONNq63nj9w==/org.telegram.messenger-_4E-VgnmTjQ_apaqr45tag==/base.apk!/lib/arm64-v8a:/data/app/~~RD4X6d-nvVyqONNq63nj9w==/org.telegram.messenger-_4E-VgnmTjQ_apaqr45tag==/split_config.arm64_v8a.apk!/lib/arm64-v8a:/data/app/~~RD4X6d-nvVyqONNq63nj9w==/org.telegram.messenger-_4E-VgnmTjQ_apaqr45tag==/split_config.en.apk!/lib/arm64-v8a:/data/app/~~RD4X6d-nvVyqONNq63nj9w==/org.telegram.messenger-_4E-VgnmTjQ_apaqr45tag==/split_config.ru.apk!/lib/arm64-v8a:/data/app/~~RD4X6d-nvVyqONNq63nj9w==/org.telegram.messenger-_4E-VgnmTjQ_apaqr45tag==/split_config.xxhdpi.apk!/lib/arm64-v8a, permitted_path=/data:/mnt/expand:/data/user/0/org.telegram.messenger
04-30 01:20:20.137 17798 17798 D nativeloader: Extending system_exposed_libraries: libhumantracking.arcsoft.so:libPortraitDistortionCorrection.arcsoft.so:libPortraitDistortionCorrectionCali.arcsoft.so:libface_landmark.arcsoft.so:libFacialStickerEngine.arcsoft.so:libveengine.arcsoft.so:liblow_light_hdr.arcsoft.so:libhigh_dynamic_range.arcsoft.so:libFacialAttributeDetection.arcsoft.so:libBeauty_v4.camera.samsung.so:libexifa.camera.samsung.so:libjpega.camera.samsung.so:libOpenCv.camera.samsung.so:libImageScreener.camera.samsung.so:libMyFilter.camera.samsung.so:libtensorflowLite.myfilter.camera.samsung.so:libtensorflowlite_inference_api.myfilter.camera.samsung.so:libEventFinder.camera.samsung.so:libHIDTSnapJNI.camera.samsung.so:libSmartScan.camera.samsung.so:libRectify.camera.samsung.so:libDocRectifyWrapper.camera.samsung.so:libUltraWideDistortionCorrection.camera.samsung.so:libHpr_RecGAE_cvFeature_v1.0.camera.samsung.so:libHprFace_GAE_api.camera.samsung.so:libFace_Landmark_API.camera.samsung.so:libHprFace_GAE_jni.camera.samsung.so:libFacialBasedSelfieCorrec
04-30 01:20:20.188 17798 17798 W ziparchive: Unable to open '/data/app/~~RD4X6d-nvVyqONNq63nj9w==/org.telegram.messenger-_4E-VgnmTjQ_apaqr45tag==/split_config.arm64_v8a.dm': No such file or directory
04-30 01:20:20.188 17798 17798 W ziparchive: Unable to open '/data/app/~~RD4X6d-nvVyqONNq63nj9w==/org.telegram.messenger-_4E-VgnmTjQ_apaqr45tag==/split_config.arm64_v8a.dm': No such file or directory
04-30 01:20:20.191 17798 17798 W egram.messenger: Entry not found
04-30 01:20:20.192 17798 17798 W ziparchive: Unable to open '/data/app/~~RD4X6d-nvVyqONNq63nj9w==/org.telegram.messenger-_4E-VgnmTjQ_apaqr45tag==/split_config.en.dm': No such file or directory
04-30 01:20:20.192 17798 17798 W ziparchive: Unable to open '/data/app/~~RD4X6d-nvVyqONNq63nj9w==/org.telegram.messenger-_4E-VgnmTjQ_apaqr45tag==/split_config.en.dm': No such file or directory
04-30 01:20:20.194 17798 17798 W egram.messenger: Entry not found
04-30 01:20:20.194 17798 17798 W ziparchive: Unable to open '/data/app/~~RD4X6d-nvVyqONNq63nj9w==/org.telegram.messenger-_4E-VgnmTjQ_apaqr45tag==/split_config.ru.dm': No such file or directory
04-30 01:20:20.194 17798 17798 W ziparchive: Unable to open '/data/app/~~RD4X6d-nvVyqONNq63nj9w==/org.telegram.messenger-_4E-VgnmTjQ_apaqr45tag==/split_config.ru.dm': No such file or directory
04-30 01:20:20.196 17798 17798 W egram.messenger: Entry not found
04-30 01:20:20.197 17798 17798 W ziparchive: Unable to open '/data/app/~~RD4X6d-nvVyqONNq63nj9w==/org.telegram.messenger-_4E-VgnmTjQ_apaqr45tag==/split_config.xxhdpi.dm': No such file or directory
04-30 01:20:20.197 17798 17798 W ziparchive: Unable to open '/data/app/~~RD4X6d-nvVyqONNq63nj9w==/org.telegram.messenger-_4E-VgnmTjQ_apaqr45tag==/split_config.xxhdpi.dm': No such file or directory
04-30 01:20:20.199 17798 17798 W egram.messenger: Entry not found
04-30 01:20:20.201 17798 17798 D nativeloader: Configuring classloader-namespace for other apk /data/app/~~RD4X6d-nvVyqONNq63nj9w==/org.telegram.messenger-_4E-VgnmTjQ_apaqr45tag==/base.apk:/data/app/~~RD4X6d-nvVyqONNq63nj9w==/org.telegram.messenger-_4E-VgnmTjQ_apaqr45tag==/split_config.arm64_v8a.apk:/data/app/~~RD4X6d-nvVyqONNq63nj9w==/org.telegram.messenger-_4E-VgnmTjQ_apaqr45tag==/split_config.en.apk:/data/app/~~RD4X6d-nvVyqONNq63nj9w==/org.telegram.messenger-_4E-VgnmTjQ_apaqr45tag==/split_config.ru.apk:/data/app/~~RD4X6d-nvVyqONNq63nj9w==/org.telegram.messenger-_4E-VgnmTjQ_apaqr45tag==/split_config.xxhdpi.apk. target_sdk_version=31, uses_libraries=, library_path=/data/app/~~RD4X6d-nvVyqONNq63nj9w==/org.telegram.messenger-_4E-VgnmTjQ_apaqr45tag==/lib/arm64:/data/app/~~RD4X6d-nvVyqONNq63nj9w==/org.telegram.messenger-_4E-VgnmTjQ_apaqr45tag==/base.apk!/lib/arm64-v8a:/data/app/~~RD4X6d-nvVyqONNq63nj9w==/org.telegram.messenger-_4E-VgnmTjQ_apaqr45tag==/split_config.arm64_v8a.apk!/lib/arm64-v8a:/data/app/~~RD4X6d-nvVyqONNq63nj9w==/org.telegram.messenger-_4E-V
04-30 01:20:20.207 17798 17798 W egram.messenger: JIT profile information will not be recorded: profile file does not exist.
04-30 01:20:20.208 17798 17798 W egram.messenger: JIT profile information will not be recorded: profile file does not exist.
04-30 01:20:20.208 17798 17798 W egram.messenger: JIT profile information will not be recorded: profile file does not exist.
04-30 01:20:20.208 17798 17798 W egram.messenger: JIT profile information will not be recorded: profile file does not exist.
04-30 01:20:20.226 17798 17798 V GraphicsEnvironment: ANGLE Developer option for 'org.telegram.messenger' set to: 'default'
04-30 01:20:20.226 17798 17798 V GraphicsEnvironment: ANGLE GameManagerService for org.telegram.messenger: false
04-30 01:20:20.226 17798 17798 V GraphicsEnvironment: Neither updatable production driver nor prerelease driver is supported.
04-30 01:20:20.232 17798 17798 D NetworkSecurityConfig: No Network Security Config specified, using platform default
04-30 01:20:20.238 17798 17798 D NetworkSecurityConfig: No Network Security Config specified, using platform default
04-30 01:20:20.253 17798 17798 I MultiDex: VM with version 2.1.0 has multidex support
04-30 01:20:20.253 17798 17798 I MultiDex: Installing application
04-30 01:20:20.253 17798 17798 I MultiDex: VM has multidex support, MultiDex support library is disabled.
04-30 01:20:20.301 17798 17798 D CompatibilityChangeReporter: Compat change id reported: 183155436; UID 10268; state: DISABLED
04-30 01:20:20.302 17798 17798 I FirebaseApp: Device unlocked: initializing all Firebase APIs for app [DEFAULT]
04-30 01:20:20.310 17798 17817 W egram.messenger: Accessing hidden field Ljava/util/Collections$SynchronizedCollection;->mutex:Ljava/lang/Object; (max-target-o, reflection, denied)
04-30 01:20:20.312 17798 17817 W egram.messenger: Accessing hidden method Ljava/util/Collections$SynchronizedSet;-><init>(Ljava/util/Set;Ljava/lang/Object;)V (max-target-o, reflection, denied)
04-30 01:20:20.312 17798 17817 W egram.messenger: Accessing hidden method Ljava/util/Collections$SynchronizedCollection;-><init>(Ljava/util/Collection;Ljava/lang/Object;)V (max-target-o, reflection, denied)
04-30 01:20:20.322 17798 17798 I FirebaseInitProvider: FirebaseApp initialization successful
04-30 01:20:20.535  5429  5488 W libprocessgroup: Failed to open /dev/blkio//cgroup.procs: No such file or directory
04-30 01:20:20.640  5429  5488 W libprocessgroup: Failed to open /dev/blkio//cgroup.procs: No such file or directory
04-30 01:20:20.640  5429  5705 I ChimeraAggressivePolicyHandler: executePolicy() - triggerSource: TRIGGER_SOURCE_LMKD
04-30 01:20:20.641 17798 17811 W libc    : Access denied finding property "sys.perf.boostopt"
04-30 01:20:20.643  5429  5705 I ChimeraAggressivePolicyHandler: available memory: 1084556, free memory target: 870400, quit chimera
04-30 01:20:20.707 17798 17840 V ActivityThread: Recovering failed rename /storage/emulated/0/Android/data/org.telegram.messenger/cache/000000000_999999_temp.f to /storage/emulated/0/Android/media/org.telegram.messenger/Telegram/Telegram Images/000000000_999999.f
04-30 01:20:20.725  8350 17349 W MediaProvider: isAppCloneUserPair for user 0: false
04-30 01:20:20.744  5429  6683 D SyncManager: userId - 0 auto - true
04-30 01:20:20.747 17798 17798 D ConnectivityManager: StackLog: [android.net.ConnectivityManager.sendRequestForNetwork(ConnectivityManager.java:4191)] [android.net.ConnectivityManager.registerDefaultNetworkCallbackForUid(ConnectivityManager.java:4755)] [android.net.ConnectivityManager.registerDefaultNetworkCallback(ConnectivityManager.java:4722)] [android.net.ConnectivityManager.registerDefaultNetworkCallback(ConnectivityManager.java:4696)] [org.telegram.messenger.ApplicationLoader.ensureCurrentNetworkGet(ApplicationLoader.java:362)] [org.telegram.messenger.ApplicationLoader.isConnectedOrConnectingToWiFi(ApplicationLoader.java:383)] [org.telegram.messenger.ApplicationLoader.getCurrentNetworkType(ApplicationLoader.java:455)] [org.telegram.tgnet.ConnectionsManager.init(ConnectionsManager.java:465)] [org.telegram.tgnet.ConnectionsManager.<init>(ConnectionsManager.java:231)] [org.telegram.tgnet.ConnectionsManager.getInstance(ConnectionsManager.java:166)] [org.telegram.messenger.ApplicationLoader.postInitApplication(ApplicationLoader.java:209)] [org.telegram.messenger.NotificationsService.onCreate(NotificationsService.java:21)] [android.app.ActivityThread.handleCreateService(ActivityThread.java:5073)] [android.app.ActivityThread.-$$Nest$mhandleCreateService(Unknown Source:0)] [android.app.ActivityThread$H.handleMessage(ActivityThread.java:2428)]
04-30 01:20:20.749  5429  6255 D ConnectivityService: requestNetwork for uid/pid:10268/17798 activeRequest: null callbackRequest: 19507 [NetworkRequest [ REQUEST id=19508, [ Capabilities: INTERNET&NOT_RESTRICTED&TRUSTED&NOT_VCN_MANAGED Uid: 10268 RequestorUid: 10268 RequestorPkg: org.telegram.messenger UnderlyingNetworks: Null] ]] callback flags: 0 order: 2147483647
04-30 01:20:20.751  5429  5665 D ConnectivityService:    accepting network in place of null
04-30 01:20:20.766  5429  5655 D WifiNetworkFactory: got request NetworkRequest [ REQUEST id=19508, [ Capabilities: INTERNET&NOT_RESTRICTED&TRUSTED&NOT_VCN_MANAGED Uid: 10268 RequestorUid: 10268 RequestorPkg: org.telegram.messenger UnderlyingNetworks: Null] ]
04-30 01:20:20.767  5429  5655 D UntrustedWifiNetworkFactory: got request NetworkRequest [ REQUEST id=19508, [ Capabilities: INTERNET&NOT_RESTRICTED&TRUSTED&NOT_VCN_MANAGED Uid: 10268 RequestorUid: 10268 RequestorPkg: org.telegram.messenger UnderlyingNetworks: Null] ]
04-30 01:20:20.769  5429  5655 D OemPaidWifiNetworkFactory: got request NetworkRequest [ REQUEST id=19508, [ Capabilities: INTERNET&NOT_RESTRICTED&TRUSTED&NOT_VCN_MANAGED Uid: 10268 RequestorUid: 10268 RequestorPkg: org.telegram.messenger UnderlyingNetworks: Null] ]
04-30 01:20:20.770  5429  5665 D ConnectivityService: Rematched networks [computed 0ms] [applied 2ms] [issued 17]
04-30 01:20:20.770  5429  5655 D MultiInternetWifiNetworkFactory: got request NetworkRequest [ REQUEST id=19508, [ Capabilities: INTERNET&NOT_RESTRICTED&TRUSTED&NOT_VCN_MANAGED Uid: 10268 RequestorUid: 10268 RequestorPkg: org.telegram.messenger UnderlyingNetworks: Null] ]
04-30 01:20:20.770  5429  5665 D ConnectivityService: NetworkReassignment :
04-30 01:20:20.770  5429  5665 D ConnectivityService:   19508 : null → 128
04-30 01:20:20.842  5429  5488 W libprocessgroup: Failed to open /dev/blkio//cgroup.procs: No such file or directory
04-30 01:20:20.848  9200 11096 I NetworkScheduler.Stats: Task com.google.android.gms/com.google.android.gms.ipa.base.IpaGcmTaskService started execution. cause:9 exec_start_elapsed_seconds: 219960 [CONTEXT service_id=218 ]
04-30 01:20:20.860  9200 17358 I NetworkScheduler.Stats: Task com.google.android.gms/com.google.android.gms.ipa.base.IpaGcmTaskService finished executing. cause:9 result: 1 elapsed_millis: 35 uptime_millis: 35 exec_start_elapsed_seconds: 219960 [CONTEXT service_id=218 ]
04-30 01:20:21.067  5429  7411 D SemWifiUsabilityStatsMonitor: onWifiUsabilityStats - seqNum 24923, isSameBssidAndFreq true
04-30 01:20:21.070  5429  5717 I SemWifiLinkQualityMonitor: Link Qos Query: 0.123 ms / 65.000 Mbps (130 / 0.000 / 2.000)
04-30 01:20:21.070  5878  5878 D NetworkController.WifiSignalController: notifyListener: visible=true, connected=true, inetCondition=1, isDefault=true, wifiTestReported=true, receivedInetCondition=-1, hideDuringMobileSwitching=false
04-30 01:20:21.072  5878  6043 D Tile.WifiTile: handleUpdateState isTransient=false transientEnabling =false cb.isTransient=false state.state = 2 mStateBeforeClick.value =false enabled =true
04-30 01:20:21.099  5091  5395 D AudioFlinger: ro.audio.silent is ignored since no output device is set
04-30 01:20:21.106  5091  5406 D AudioFlinger: ro.audio.silent is ignored since no output device is set
04-30 01:20:21.234 17798 17845 D CompatibilityChangeReporter: Compat change id reported: 147600208; UID 10268; state: ENABLED
04-30 01:20:21.258  5429  5488 W libprocessgroup: Failed to open /dev/blkio//cgroup.procs: No such file or directory
04-30 01:20:21.277  5429  5739 D WifiConnectivityMonitor: start WCM Poll.
04-30 01:20:21.284 12145 12145 I SCS@AiSearch user 0: (ObserverWorker::AOSP_MP) [main] entering in startWork():
04-30 01:20:21.285 12145 12145 I SCS@AiSearch user 0: (BaseCollector::AOSP_MP) [main] entering in onChange():
04-30 01:20:21.298 12145 12208 I SCS@AiSearch user 0: (BaseCollector::AOSP_MP) [AOSP_MP-0] entering in collectChanges():
04-30 01:20:21.334  5429  6255 D PackageManager: setEnabledSetting : userId = 0 packageName = com.samsung.android.scs cmp = androidx.work.impl.background.systemalarm.RescheduleReceiver newState = 1 callingPackage = 10380/com.samsung.android.scs
04-30 01:20:21.335  5429  6255 D ApplicationPolicy: getApplicationStateEnabled : pkg = com.samsung.android.scs userId : 0
04-30 01:20:21.337  5429  6255 D ApplicationPolicy: getApplicationComponentState : pkg = com.samsung.android.scs userId : 0
04-30 01:20:21.390 12145 12208 I SCS@AiSearch user 0: (BaseCollector::AOSP_MP) fetchInternal values : maxSyncId: 1000008329 indexCount: 895 sourceCount: 895
04-30 01:20:21.528  5878  6043 D MobileStatusTracker(1/2): onSignalStrengthsChanged level=2, vendorLevel=1
04-30 01:20:21.535  8350 17349 I MediaProvider: Deleted 1 0 0 0 0 0 0 items on external_primary due to org.telegram.messenger
04-30 01:20:21.538  5429  6255 D SyncManager: userId - 0 auto - true
04-30 01:20:21.545 17798 17828 W CloudMessagingReceiver: Message ack failed: java.util.concurrent.TimeoutException: Timed out waiting for Task
04-30 01:20:21.546 17798 17840 V ActivityThread: Recovering failed rename /storage/emulated/0/Android/data/org.telegram.messenger/cache/000000000_999999_temp.f to /storage/emulated/0/Android/media/org.telegram.messenger/Telegram/Telegram Video/000000000_999999.f
04-30 01:20:21.549  5878  6043 D MobileSignalController(1/2): notifyListener: enabled=true, connected=true, dataConnected=false, networkType=LTE (4G), emergencyOnly=false, roaming=false, isDefault=false, dataActivity=, level=1, ca=false, mmWave=false, disabledDataIcon=false, simCard=ETC
04-30 01:20:21.550  5878  6043 D NetworkController: SignalStrength from intent slotId=1
04-30 01:20:21.568  8350 17160 W MediaProvider: isAppCloneUserPair for user 0: false
04-30 01:20:21.578 12145 12208 I SCS@AiSearch user 0: (IndexManager) [AOSP_MP-0] entering in addIndex():
04-30 01:20:21.585  5429  5835 D SyncManager: userId - 0 auto - true
04-30 01:20:21.591 12145 12208 I SCS@AiSearch user 0: (BaseCollector::AOSP_MP) fetch: fetching took  243 ms
04-30 01:20:21.591 12145 12208 I SCS@AiSearch user 0: (BaseCollector::AOSP_MP) fetchChanges: applied 0 items
04-30 01:20:21.592 12145 12208 I SCS@AiSearch user 0: (BaseCollector::AOSP_MP) Collect finished. Result: true
04-30 01:20:21.600 12145 12203 I WM-WorkerWrapper: Worker result SUCCESS for Work [ id=bb3bb44f-d42c-449c-a560-d0b869167a65, tags={ com.sec.android.app.myfiles, com.samsung.android.scs.ai.search.data.collector.ObserverWorker } ]
04-30 01:20:21.601 12145 12208 I SCS@AiSearch user 0: (BaseCollector::AOSP_MP) enqueue ObserverWorker name: com.sec.android.app.myfiles, policy: APPEND_OR_REPLACE
04-30 01:20:21.624  8350 17159 I MediaProvider: Deleted 1 0 0 0 0 0 0 items on external_primary due to org.telegram.messenger
04-30 01:20:21.624  5429  8538 D SyncManager: userId - 0 auto - true
04-30 01:20:21.648  5429  5488 W libprocessgroup: Failed to open /dev/blkio//cgroup.procs: No such file or directory
04-30 01:20:21.664  9200 11096 I NetworkScheduler.Stats: Task com.google.android.gms/com.google.android.gms.ipa.base.IpaGcmTaskService started execution. cause:9 exec_start_elapsed_seconds: 219961 [CONTEXT service_id=218 ]
04-30 01:20:21.680  4924  4924 D Zygote  : Forked child process 17898
04-30 01:20:21.697  9200 17358 I NetworkScheduler.Stats: Task com.google.android.gms/com.google.android.gms.ipa.base.IpaGcmTaskService finished executing. cause:9 result: 1 elapsed_millis: 81 uptime_millis: 82 exec_start_elapsed_seconds: 219961 [CONTEXT service_id=218 ]
04-30 01:20:21.737 17898 17898 I .provider.badge: Using CollectorTypeCC GC.
04-30 01:20:21.743  5429  8542 D PackageManager: setEnabledSetting : userId = 0 packageName = com.samsung.android.scs cmp = androidx.work.impl.background.systemalarm.RescheduleReceiver newState = 1 callingPackage = 10380/com.samsung.android.scs
04-30 01:20:21.744  5429  8542 D ApplicationPolicy: getApplicationStateEnabled : pkg = com.samsung.android.scs userId : 0
04-30 01:20:21.745  5429  8542 D ApplicationPolicy: getApplicationComponentState : pkg = com.samsung.android.scs userId : 0
04-30 01:20:21.750 17898 17898 E .provider.badge: Not starting debugger since process cannot load the jdwp agent.
04-30 01:20:21.759 17898 17898 W libc    : Access denied finding property "sys.perf.boostopt"
04-30 01:20:21.760  4899  4899 E audit   : type=1400 audit(1682810421.755:84809): avc:  denied  { read } for  pid=17898 comm=".provider.badge" name="u:object_r:perf_prop:s0" dev="tmpfs" ino=21617 scontext=u:r:platform_app:s0:c512,c768 tcontext=u:object_r:perf_prop:s0 tclass=file permissive=0 SEPF_SM-A515F_13_0001 audit_filtered
04-30 01:20:21.760  4899  4899 E audit   : type=1300 audit(1682810421.755:84809): arch=c00000b7 syscall=56 success=no exit=-13 a0=ffffff9c a1=7fcb563ba8 a2=88000 a3=0 items=0 ppid=4924 pid=17898 auid=4294967295 uid=10059 gid=10059 euid=10059 suid=10059 fsuid=10059 egid=10059 sgid=10059 fsgid=10059 tty=(none) ses=4294967295 comm=".provider.badge" exe="/system/bin/app_process64" subj=u:r:platform_app:s0:c512,c768 key=(null)
04-30 01:20:21.760  4899  4899 E audit   : type=1327 audit(1682810421.755:84809): proctitle="zygote64"
04-30 01:20:21.761 17898 17914 W libc    : Access denied finding property "sys.perf.boostopt"
04-30 01:20:21.761  4899  4899 E audit   : type=1400 audit(1682810421.759:84810): avc:  denied  { read } for  pid=17898 comm="binder:17898_1" name="u:object_r:perf_prop:s0" dev="tmpfs" ino=21617 scontext=u:r:platform_app:s0:c512,c768 tcontext=u:object_r:perf_prop:s0 tclass=file permissive=0 SEPF_SM-A515F_13_0001 audit_filtered
04-30 01:20:21.762 17898 17898 D ActivityThread: setConscryptValidator
04-30 01:20:21.763 17898 17898 D ActivityThread: setConscryptValidator - put
04-30 01:20:21.793 17898 17915 W libc    : Access denied finding property "sys.perf.boostopt"
04-30 01:20:21.798 17898 17898 D CompatibilityChangeReporter: Compat change id reported: 171979766; UID 10059; state: ENABLED
04-30 01:20:21.867 31983 12577 I Finsky  : [370] kep.a(15): org.telegram.messenger: Account determined from installer data - [u50CvjFgI4N8BK_7VI5wqgrBLx4XC93qbnmKX3YNI1k]
04-30 01:20:21.891 31983 12577 I Finsky  : [370] kep.a(64): Billing preferred account via installer for org.telegram.messenger: [u50CvjFgI4N8BK_7VI5wqgrBLx4XC93qbnmKX3YNI1k]
04-30 01:20:21.961 31983 12577 I Finsky  : [370] kep.a(15): org.telegram.messenger: Account determined from installer data - [u50CvjFgI4N8BK_7VI5wqgrBLx4XC93qbnmKX3YNI1k]
04-30 01:20:21.963 31983 12577 I Finsky  : [370] kep.a(64): Billing preferred account via installer for org.telegram.messenger: [u50CvjFgI4N8BK_7VI5wqgrBLx4XC93qbnmKX3YNI1k]
04-30 01:20:21.972 31983 12577 I Finsky  : [370] kep.a(15): org.telegram.messenger: Account determined from installer data - [u50CvjFgI4N8BK_7VI5wqgrBLx4XC93qbnmKX3YNI1k]
04-30 01:20:21.974 31983 12577 I Finsky  : [370] kep.a(64): Billing preferred account via installer for org.telegram.messenger: [u50CvjFgI4N8BK_7VI5wqgrBLx4XC93qbnmKX3YNI1k]
04-30 01:20:21.983 31983 11419 I Finsky  : [330] kep.a(15): org.telegram.messenger: Account determined from installer data - [u50CvjFgI4N8BK_7VI5wqgrBLx4XC93qbnmKX3YNI1k]
04-30 01:20:21.986 31983 11419 I Finsky  : [330] kep.a(64): Billing preferred account via installer for org.telegram.messenger: [u50CvjFgI4N8BK_7VI5wqgrBLx4XC93qbnmKX3YNI1k]
04-30 01:20:22.084  5429  5488 W libprocessgroup: Failed to open /dev/blkio//cgroup.procs: No such file or directory
04-30 01:20:22.145 17898 17898 I BadgeProvider: onCreate
04-30 01:20:22.147 17898 17898 I BadgeProvider: DatabaseHelper
04-30 01:20:22.167 17898 17898 I BadgeCountReceiver: badge intent : Intent { act=android.intent.action.BADGE_COUNT_UPDATE flg=0x1000010 cmp=com.sec.android.provider.badge/.BadgeCountReceiver (has extras) }
04-30 01:20:22.167 17898 17898 I BadgeCountReceiver: packageName: org.telegram.messenger, className: org.telegram.messenger.NoxIcon, count: 0
04-30 01:20:22.177 17798 17873 W libc    : Access denied finding property "qemu.hw.mainkeys"
04-30 01:20:22.178 17798 17873 W libc    : Access denied finding property "qemu.sf.lcd_density"
04-30 01:20:22.178 17798 17873 W libc    : Access denied finding property "ro.serialno"
04-30 01:20:22.219 17898 17917 I BadgeProvider: onOpen
04-30 01:20:22.233 17898 17917 I BadgeProvider: query, [selection] : package=?
04-30 01:20:22.234 13611 13611 I BadgeCountUpdaterImpl: onChange
04-30 01:20:22.236 17898 17898 I BadgeProvider: sendNotify entered. [uri] : content://com.sec.badge/apps
04-30 01:20:22.237 17898 17898 I BadgeProvider: sendNotify, [notify] : null
04-30 01:20:22.237 13611 13611 I BadgeCountUpdaterImpl: onChange
04-30 01:20:22.239 17898 17898 I BadgeProvider: update, getCallingPackage() : com.sec.android.provider.badge
04-30 01:20:22.239 17898 17898 I BadgeProvider: update, [uri] : content://com.sec.badge/apps
04-30 01:20:22.240 17898 17898 I BadgeProvider: update, [uri.query] : null
04-30 01:20:22.240 17898 17898 I BadgeProvider: update, [BadgeCount] : badgecount=0
04-30 01:20:22.240 17898 17898 I BadgeProvider: update, [UpdateCount] : 1
04-30 01:20:22.250 17898 17917 E DatabaseUtils: Writing exception to parcel
04-30 01:20:22.250 17898 17917 E DatabaseUtils: java.lang.SecurityException: Permission Denial: writing com.sec.android.provider.badge.BadgeProvider uri content://com.sec.badge/apps?notify=true from pid=17798, uid=10268 requires com.sec.android.provider.badge.permission.WRITE, or grantUriPermission()
04-30 01:20:22.250 17898 17917 E DatabaseUtils: 	at android.content.ContentProvider.enforceWritePermissionInner(ContentProvider.java:1025)
04-30 01:20:22.250 17898 17917 E DatabaseUtils: 	at android.content.ContentProvider.semEnforceWritePermission(ContentProvider.java:951)
04-30 01:20:22.250 17898 17917 E DatabaseUtils: 	at android.content.ContentProvider$Transport.enforceWritePermission(ContentProvider.java:730)
04-30 01:20:22.250 17898 17917 E DatabaseUtils: 	at android.content.ContentProvider$Transport.update(ContentProvider.java:462)
04-30 01:20:22.250 17898 17917 E DatabaseUtils: 	at android.content.ContentProviderNative.onTransact(ContentProviderNative.java:231)
04-30 01:20:22.250 17898 17917 E DatabaseUtils: 	at android.os.Binder.execTransactInternal(Binder.java:1321)
04-30 01:20:22.250 17898 17917 E DatabaseUtils: 	at android.os.Binder.execTransact(Binder.java:1280)
04-30 01:20:22.267 17898 17917 I BadgeProvider: query, [selection] : package=?
04-30 01:20:22.273 17898 17898 I BadgeCountReceiver: badge intent : Intent { act=android.intent.action.BADGE_COUNT_UPDATE flg=0x1000010 cmp=com.sec.android.provider.badge/.BadgeCountReceiver (has extras) }
04-30 01:20:22.273 17898 17898 I BadgeCountReceiver: packageName: org.telegram.messenger, className: org.telegram.messenger.NoxIcon, count: 0
04-30 01:20:22.273 17898 17917 E DatabaseUtils: Writing exception to parcel
04-30 01:20:22.273 17898 17917 E DatabaseUtils: java.lang.SecurityException: Permission Denial: writing com.sec.android.provider.badge.BadgeProvider uri content://com.sec.badge/apps?notify=true from pid=17798, uid=10268 requires com.sec.android.provider.badge.permission.WRITE, or grantUriPermission()
04-30 01:20:22.273 17898 17917 E DatabaseUtils: 	at android.content.ContentProvider.enforceWritePermissionInner(ContentProvider.java:1025)
04-30 01:20:22.273 17898 17917 E DatabaseUtils: 	at android.content.ContentProvider.semEnforceWritePermission(ContentProvider.java:951)
04-30 01:20:22.273 17898 17917 E DatabaseUtils: 	at android.content.ContentProvider$Transport.enforceWritePermission(ContentProvider.java:730)
04-30 01:20:22.273 17898 17917 E DatabaseUtils: 	at android.content.ContentProvider$Transport.update(ContentProvider.java:462)
04-30 01:20:22.273 17898 17917 E DatabaseUtils: 	at android.content.ContentProviderNative.onTransact(ContentProviderNative.java:231)
04-30 01:20:22.273 17898 17917 E DatabaseUtils: 	at android.os.Binder.execTransactInternal(Binder.java:1321)
04-30 01:20:22.273 17898 17917 E DatabaseUtils: 	at android.os.Binder.execTransact(Binder.java:1280)
04-30 01:20:22.276 13611 13611 I BadgeCountUpdaterImpl: onChange
04-30 01:20:22.285 13611 13611 I BadgeCountUpdaterImpl: onChange
04-30 01:20:22.288 17898 17898 I BadgeProvider: sendNotify entered. [uri] : content://com.sec.badge/apps
04-30 01:20:22.288 17898 17898 I BadgeProvider: sendNotify, [notify] : null
04-30 01:20:22.289 17898 17898 I BadgeProvider: update, getCallingPackage() : com.sec.android.provider.badge
04-30 01:20:22.289 17898 17898 I BadgeProvider: update, [uri] : content://com.sec.badge/apps
04-30 01:20:22.289 17898 17898 I BadgeProvider: update, [uri.query] : null
04-30 01:20:22.289 17898 17898 I BadgeProvider: update, [BadgeCount] : badgecount=0
04-30 01:20:22.289 17898 17898 I BadgeProvider: update, [UpdateCount] : 1
04-30 01:20:22.437 31983 12577 E Finsky  : [370] ti.A(27): Failure reading max api version from valuestore.
04-30 01:20:22.478 17898 17917 I BadgeProvider: query, [selection] : package=?
04-30 01:20:22.481 17898 17898 I BadgeCountReceiver: badge intent : Intent { act=android.intent.action.BADGE_COUNT_UPDATE flg=0x1000010 cmp=com.sec.android.provider.badge/.BadgeCountReceiver (has extras) }
04-30 01:20:22.481 17898 17898 I BadgeCountReceiver: packageName: org.telegram.messenger, className: org.telegram.messenger.NoxIcon, count: 1
04-30 01:20:22.485 13611 13611 I BadgeCountUpdaterImpl: onChange
04-30 01:20:22.488 13611 13611 I BadgeCountUpdaterImpl: onChange
04-30 01:20:22.490 17898 17898 I BadgeProvider: sendNotify entered. [uri] : content://com.sec.badge/apps
04-30 01:20:22.490 17898 17898 I BadgeProvider: sendNotify, [notify] : null
04-30 01:20:22.491 17898 17898 I BadgeProvider: update, getCallingPackage() : com.sec.android.provider.badge
04-30 01:20:22.491 17898 17898 I BadgeProvider: update, [uri] : content://com.sec.badge/apps
04-30 01:20:22.492 17898 17898 I BadgeProvider: update, [uri.query] : null
04-30 01:20:22.492 17898 17898 I BadgeProvider: update, [BadgeCount] : badgecount=1
04-30 01:20:22.492 17898 17898 I BadgeProvider: update, [UpdateCount] : 1
04-30 01:20:22.493 17898 17917 E DatabaseUtils: Writing exception to parcel
04-30 01:20:22.493 17898 17917 E DatabaseUtils: java.lang.SecurityException: Permission Denial: writing com.sec.android.provider.badge.BadgeProvider uri content://com.sec.badge/apps?notify=true from pid=17798, uid=10268 requires com.sec.android.provider.badge.permission.WRITE, or grantUriPermission()
04-30 01:20:22.493 17898 17917 E DatabaseUtils: 	at android.content.ContentProvider.enforceWritePermissionInner(ContentProvider.java:1025)
04-30 01:20:22.493 17898 17917 E DatabaseUtils: 	at android.content.ContentProvider.semEnforceWritePermission(ContentProvider.java:951)
04-30 01:20:22.493 17898 17917 E DatabaseUtils: 	at android.content.ContentProvider$Transport.enforceWritePermission(ContentProvider.java:730)
04-30 01:20:22.493 17898 17917 E DatabaseUtils: 	at android.content.ContentProvider$Transport.update(ContentProvider.java:462)
04-30 01:20:22.493 17898 17917 E DatabaseUtils: 	at android.content.ContentProviderNative.onTransact(ContentProviderNative.java:231)
04-30 01:20:22.493 17898 17917 E DatabaseUtils: 	at android.os.Binder.execTransactInternal(Binder.java:1321)
04-30 01:20:22.493 17898 17917 E DatabaseUtils: 	at android.os.Binder.execTransact(Binder.java:1280)
04-30 01:20:22.695 13611 13723 I BadgeCountUpdaterImpl: reload badge without refresh
04-30 01:20:22.708  5429  5488 W libprocessgroup: Failed to open /dev/blkio//cgroup.procs: No such file or directory
04-30 01:20:22.713 17898 17917 I BadgeProvider: query, [selection] : null
04-30 01:20:22.738 13611 13723 I BadgeCache: update cache : org.telegram.messenger user : UserHandle{0}  count : 0
04-30 01:20:22.744 13611 13723 I BadgeCache: update cache : com.vkontakte.android user : UserHandle{0}  count : 7
04-30 01:20:22.771 13611 13723 I BadgeCache: update cache : com.vkontakte.android user : UserHandle{0}  count : 1
04-30 01:20:22.773 13611 13723 I BadgeCache: add to cache : org.telegram.messengeruser : UserHandle{0}  count : 1
04-30 01:20:22.779 13611 13723 I BadgeCache: reloadBadge size : 2
04-30 01:20:22.976  5429  5488 W libprocessgroup: Failed to open /dev/blkio//cgroup.procs: No such file or directory
04-30 01:20:23.004  4925  4925 D Zygote  : Forked child process 17927
04-30 01:20:23.069 17798 17845 D CompatibilityChangeReporter: Compat change id reported: 194532703; UID 10268; state: DISABLED
04-30 01:20:23.081  5429  5488 W libprocessgroup: Failed to open /dev/blkio//cgroup.procs: No such file or directory
04-30 01:20:23.187 17927 17927 I .android.chrome: Using CollectorTypeCC GC.
04-30 01:20:23.187  5787  6482 E DatabaseUtils: Writing exception to parcel
04-30 01:20:23.187  5787  6482 E DatabaseUtils: java.lang.SecurityException: No permission to access APN settings
04-30 01:20:23.187  5787  6482 E DatabaseUtils: 	at com.android.providers.telephony.TelephonyProvider.checkPermissionForApnTable(TelephonyProvider.java:7347)
04-30 01:20:23.187  5787  6482 E DatabaseUtils: 	at com.android.providers.telephony.TelephonyProvider.checkPermission(TelephonyProvider.java:7319)
04-30 01:20:23.187  5787  6482 E DatabaseUtils: 	at com.android.providers.telephony.TelephonyProvider.checkPermissionCompat(TelephonyProvider.java:7364)
04-30 01:20:23.187  5787  6482 E DatabaseUtils: 	at com.android.providers.telephony.TelephonyProvider.query(TelephonyProvider.java:5493)
04-30 01:20:23.187  5787  6482 E DatabaseUtils: 	at android.content.ContentProvider.query(ContentProvider.java:1526)
04-30 01:20:23.187  5787  6482 E DatabaseUtils: 	at android.content.ContentProvider.query(ContentProvider.java:1622)
04-30 01:20:23.187  5787  6482 E DatabaseUtils: 	at android.content.ContentProvider$Transport.query(ContentProvider.java:290)
04-30 01:20:23.187  5787  6482 E DatabaseUtils: 	at android.content.ContentProviderNative.onTransact(ContentProviderNative.java:107)
04-30 01:20:23.187  5787  6482 E DatabaseUtils: 	at android.os.Binder.execTransactInternal(Binder.java:1316)
04-30 01:20:23.187  5787  6482 E DatabaseUtils: 	at android.os.Binder.execTransact(Binder.java:1280)
04-30 01:20:23.202 31983 32151 E RequestContextBuilder: Could not query TelephonyProvider
04-30 01:20:23.202 31983 32151 E RequestContextBuilder: java.lang.SecurityException: No permission to access APN settings
04-30 01:20:23.202 31983 32151 E RequestContextBuilder: 	at android.os.Parcel.createExceptionOrNull(Parcel.java:3023)
04-30 01:20:23.202 31983 32151 E RequestContextBuilder: 	at android.os.Parcel.createException(Parcel.java:3007)
04-30 01:20:23.202 31983 32151 E RequestContextBuilder: 	at android.os.Parcel.readException(Parcel.java:2990)
04-30 01:20:23.202 31983 32151 E RequestContextBuilder: 	at android.database.DatabaseUtils.readExceptionFromParcel(DatabaseUtils.java:190)
04-30 01:20:23.202 31983 32151 E RequestContextBuilder: 	at android.database.DatabaseUtils.readExceptionFromParcel(DatabaseUtils.java:142)
04-30 01:20:23.202 31983 32151 E RequestContextBuilder: 	at android.content.ContentProviderProxy.query(ContentProviderNative.java:481)
04-30 01:20:23.202 31983 32151 E RequestContextBuilder: 	at android.content.ContentResolver.query(ContentResolver.java:1226)
04-30 01:20:23.202 31983 32151 E RequestContextBuilder: 	at android.content.ContentResolver.query(ContentResolver.java:1158)
04-30 01:20:23.202 31983 32151 E RequestContextBuilder: 	at android.content.ContentResolver.query(ContentResolver.java:1114)
04-30 01:20:23.202 31983 32151 E RequestContextBuilder: 	at alyt.b(PG:7)
04-30 01:20:23.202 31983 32151 E RequestContextBuilder: 	at alyt.a(PG:18)
04-30 01:20:23.202 31983 32151 E RequestContextBuilder: 	at alvf.a(PG:47)
04-30 01:20:23.202 31983 32151 E RequestContextBuilder: 	at aluz.s(PG:5)
04-30 01:20:23.202 31983 32151 E RequestContextBuilder: 	at aluz.o(PG:46)
04-30 01:20:23.202 31983 32151 E RequestContextBuilder: 	at kex.call(PG:47)
04-30 01:20:23.202 31983 32151 E RequestContextBuilder: 	at aoaz.a(Unknown Source:2)
04-30 01:20:23.202 31983 32151 E RequestContextBuilder: 	at aoad.run(PG:3)
04-30 01:20:23.202 31983 32151 E RequestContextBuilder: 	at aoba.run(Unknown Source:4)
04-30 01:20:23.202 31983 32151 E RequestContextBuilder: 	at java.util.concurrent.ThreadPoolExecutor.runWorker(ThreadPoolExecutor.java:1137)
04-30 01:20:23.202 31983 32151 E RequestContextBuilder: 	at java.util.concurrent.ThreadPoolExecutor$Worker.run(ThreadPoolExecutor.java:637)
04-30 01:20:23.202 31983 32151 E RequestContextBuilder: 	at ksz.run(PG:12)
04-30 01:20:23.202 31983 32151 E RequestContextBuilder: 	at java.lang.Thread.run(Thread.java:1012)
04-30 01:20:23.219 17798 17841 I AppWidgetManager: notifyAppWidgetViewDataChanged() appWidgetIds = [43], viewId = 2131230850
04-30 01:20:23.230  5787  6171 E DatabaseUtils: Writing exception to parcel
04-30 01:20:23.230  5787  6171 E DatabaseUtils: java.lang.SecurityException: No permission to access APN settings
04-30 01:20:23.230  5787  6171 E DatabaseUtils: 	at com.android.providers.telephony.TelephonyProvider.checkPermissionForApnTable(TelephonyProvider.java:7347)
04-30 01:20:23.230  5787  6171 E DatabaseUtils: 	at com.android.providers.telephony.TelephonyProvider.checkPermission(TelephonyProvider.java:7319)
04-30 01:20:23.230  5787  6171 E DatabaseUtils: 	at com.android.providers.telephony.TelephonyProvider.checkPermissionCompat(TelephonyProvider.java:7364)
04-30 01:20:23.230  5787  6171 E DatabaseUtils: 	at com.android.providers.telephony.TelephonyProvider.query(TelephonyProvider.java:5493)
04-30 01:20:23.230  5787  6171 E DatabaseUtils: 	at android.content.ContentProvider.query(ContentProvider.java:1526)
04-30 01:20:23.230  5787  6171 E DatabaseUtils: 	at android.content.ContentProvider.query(ContentProvider.java:1622)
04-30 01:20:23.230  5787  6171 E DatabaseUtils: 	at android.content.ContentProvider$Transport.query(ContentProvider.java:290)
04-30 01:20:23.230  5787  6171 E DatabaseUtils: 	at android.content.ContentProviderNative.onTransact(ContentProviderNative.java:107)
04-30 01:20:23.230  5787  6171 E DatabaseUtils: 	at android.os.Binder.execTransactInternal(Binder.java:1316)
04-30 01:20:23.230  5787  6171 E DatabaseUtils: 	at android.os.Binder.execTransact(Binder.java:1280)
04-30 01:20:23.237 31983 32151 E RequestContextBuilder: Could not query TelephonyProvider
04-30 01:20:23.237 31983 32151 E RequestContextBuilder: java.lang.SecurityException: No permission to access APN settings
04-30 01:20:23.237 31983 32151 E RequestContextBuilder: 	at android.os.Parcel.createExceptionOrNull(Parcel.java:3023)
04-30 01:20:23.237 31983 32151 E RequestContextBuilder: 	at android.os.Parcel.createException(Parcel.java:3007)
04-30 01:20:23.237 31983 32151 E RequestContextBuilder: 	at android.os.Parcel.readException(Parcel.java:2990)
04-30 01:20:23.237 31983 32151 E RequestContextBuilder: 	at android.database.DatabaseUtils.readExceptionFromParcel(DatabaseUtils.java:190)
04-30 01:20:23.237 31983 32151 E RequestContextBuilder: 	at android.database.DatabaseUtils.readExceptionFromParcel(DatabaseUtils.java:142)
04-30 01:20:23.237 31983 32151 E RequestContextBuilder: 	at android.content.ContentProviderProxy.query(ContentProviderNative.java:481)
04-30 01:20:23.237 31983 32151 E RequestContextBuilder: 	at android.content.ContentResolver.query(ContentResolver.java:1226)
04-30 01:20:23.237 31983 32151 E RequestContextBuilder: 	at android.content.ContentResolver.query(ContentResolver.java:1158)
04-30 01:20:23.237 31983 32151 E RequestContextBuilder: 	at android.content.ContentResolver.query(ContentResolver.java:1114)
04-30 01:20:23.237 31983 32151 E RequestContextBuilder: 	at alyt.b(PG:7)
04-30 01:20:23.237 31983 32151 E RequestContextBuilder: 	at alyt.a(PG:18)
04-30 01:20:23.237 31983 32151 E RequestContextBuilder: 	at alvf.a(PG:47)
04-30 01:20:23.237 31983 32151 E RequestContextBuilder: 	at aluz.s(PG:5)
04-30 01:20:23.237 31983 32151 E RequestContextBuilder: 	at aluz.o(PG:46)
04-30 01:20:23.237 31983 32151 E RequestContextBuilder: 	at kex.call(PG:47)
04-30 01:20:23.237 31983 32151 E RequestContextBuilder: 	at aoaz.a(Unknown Source:2)
04-30 01:20:23.237 31983 32151 E RequestContextBuilder: 	at aoad.run(PG:3)
04-30 01:20:23.237 31983 32151 E RequestContextBuilder: 	at aoba.run(Unknown Source:4)
04-30 01:20:23.237 31983 32151 E RequestContextBuilder: 	at java.util.concurrent.ThreadPoolExecutor.runWorker(ThreadPoolExecutor.java:1137)
04-30 01:20:23.237 31983 32151 E RequestContextBuilder: 	at java.util.concurrent.ThreadPoolExecutor$Worker.run(ThreadPoolExecutor.java:637)
04-30 01:20:23.237 31983 32151 E RequestContextBuilder: 	at ksz.run(PG:12)
04-30 01:20:23.237 31983 32151 E RequestContextBuilder: 	at java.lang.Thread.run(Thread.java:1012)
04-30 01:20:23.276 17927 17927 E .android.chrome: Not starting debugger since process cannot load the jdwp agent.
04-30 01:20:23.375 31983 32151 D PaySecureElementClient: Felica app not found; returning isSecureElementAvailable = false!
04-30 01:20:23.439 17798 17811 W libc    : Access denied finding property "sys.perf.boostopt"
04-30 01:20:23.439  4899  4899 E audit   : type=1400 audit(1682810423.435:84816): avc:  denied  { read } for  pid=17798 comm="binder:17798_2" name="u:object_r:perf_prop:s0" dev="tmpfs" ino=21617 scontext=u:r:untrusted_app_30:s0:c12,c257,c512,c768 tcontext=u:object_r:perf_prop:s0 tclass=file permissive=0 SEPF_SM-A515F_13_0001 audit_filtered
04-30 01:20:23.439  4899  4899 E audit   : type=1300 audit(1682810423.435:84816): arch=c00000b7 syscall=56 success=no exit=-13 a0=ffffff9c a1=7804ab32f8 a2=88000 a3=0 items=0 ppid=4924 pid=17798 auid=4294967295 uid=10268 gid=10268 euid=10268 suid=10268 fsuid=10268 egid=10268 sgid=10268 fsgid=10268 tty=(none) ses=4294967295 comm="binder:17798_2" exe="/system/bin/app_process64" subj=u:r:untrusted_app_30:s0:c12,c257,c512,c768 key=(null)
04-30 01:20:23.439  4899  4899 E audit   : type=1327 audit(1682810423.435:84816): proctitle="org.telegram.messenger"
04-30 01:20:23.442 17927 17927 W libc    : Access denied finding property "sys.perf.boostopt"
04-30 01:20:23.443  4899  4899 E audit   : type=1400 audit(1682810423.439:84817): avc:  denied  { read } for  pid=17927 comm=".android.chrome" name="u:object_r:perf_prop:s0" dev="tmpfs" ino=21617 scontext=u:r:untrusted_app:s0:c238,c256,c512,c768 tcontext=u:object_r:perf_prop:s0 tclass=file permissive=0 SEPF_SM-A515F_13_0001 audit_filtered
04-30 01:20:23.444 17927 17946 W libc    : Access denied finding property "sys.perf.boostopt"
04-30 01:20:23.452 17927 17927 D ActivityThread: setConscryptValidator
04-30 01:20:23.454 17927 17927 D ActivityThread: setConscryptValidator - put
04-30 01:20:23.517  4623  4623 W keymaster_tee: [WRN]begin req PARAMS: A32 B32 P1
