04-19 15:57:50.764  5628  8841 D SLocation: ARDistanceLibManager - request distance diff to AR Distance Library
04-19 15:57:50.764  5628  5925 D CAE     : onGetSensorHubData(SensorHubParserProvider.java:89) - onGetSensorHubData Event [event buffer len :10], AP_WAKEUP
04-19 15:57:50.764  5628  8841 D SLocation: SLocationCoreSem - send to coreSem, packet length : 1 / [34]
04-19 15:57:50.764  5628  5925 I CAE     : parse(SensorHubParserProvider.java:190) - buffer size = 10
04-19 15:57:50.764  5628  8841 D SemContextLocationCoreAttribute: setAttribute() mode : 0 action : 23
04-19 15:57:50.765  5628  5925 I CAE     : parse(SensorHubParserProvider.java:201) - 1, 1, 55, 0, 5, 2, 2, 0, 0, 0,
04-19 15:57:50.765  5628  8841 D SemContextService: lock : changeParameters
04-19 15:57:50.765  5628  5925 I CAE     : parse(SLocationRunner.java:88) - SLocationRunner parse start : 3
04-19 15:57:50.765  5628  8841 D SemContext.CaeProvider.LocationCoreImpl: setAttribute() mode : 0 action : 23
04-19 15:57:50.765  5628  5925 D CAE     : display(ContextProvider.java:375) - ================= SLOCATION_RUNNER =================
04-19 15:57:50.765  5628  5925 I CAE     : display(ContextProvider.java:391) - ExtraDataArray=[1, 1, 55, 0, 5, 2, 2, 0, 0, 0]
04-19 15:57:50.765  5628  5925 I CAE     : parse(SLocationRunner.java:96) - SLocationRunner parse end:10
04-19 15:57:50.766  5628  5922 D SemContextService: Service.updateContext() : service = SLocation Core
04-19 15:57:50.766  5628  5628 D SemContextManager: onSemContextChanged() : event = SLocation Core
04-19 15:57:50.767  5628  5628 D SLocation: SLocationCoreSem - SemContextChanged type = 47, packet received
04-19 15:57:50.769  5628  8841 W CAE     : setCAProperty(ContextAwareService.java:513) - [setProperty 01] Mutex is locked for SLOCATION_RUNNER
04-19 15:57:50.770  5628  8841 I CAE     : setPropertyValue(SLocationRunner.java:116) - SLocationRunner setProperty header : 34, len : 1
04-19 15:57:50.771  5628  8841 I CAE     : sendCmdToSensorHub(SensorHubCommManager.java:156) - -63, 23, 55, 34,
04-19 15:57:50.771  5628  5927 D SensorService: setSContextDataLocked ints length 2 , byte length 4
04-19 15:57:50.771  5628  5927 D SensorService: setSContextDataLocked 223717c1
04-19 15:57:50.771  5271  5271 I SensorsHub: SContextSensor::injecet_sensor_data
04-19 15:57:50.771  5271  5271 D SensorsHub: c1 17 37 22
04-19 15:57:50.771  5271  5271 D SensorsHub: inject_scontext_data: New ssp_data_injection_fd(28)
04-19 15:57:50.771  5271  5271 D SensorsHub: SContext Data Injection return 4
04-19 15:57:50.772  5271  5313 I SensorsHub: context 38 0 37 1,1,55,0,33,33,0,0,0,0,23,87,42,196,110,97,90,0,26,183,10,160,12,49,233,96,0,0,0,46,2,255,3,120,0,0,0,154, 345716560750088
04-19 15:57:50.772  5271  5313 I SensorsHub: context 10 0 9 1,1,55,0,5,2,34,0,0,0, 345716561000549
04-19 15:57:50.774  5628  5924 D SensorHubManager: onGetSensorHubDataLocked: library(38) = 1, 1, 55, 0, 33, 33, 0, 0, 0, 0, 23, 87, 42, -60, 110, 97, 90, 0, 26, -73, 10, -96, 12, 49, -23, 96, 0, 0, 0, 46, 2, -1, 3, 120, 0, 0, 0, -102
04-19 15:57:50.774  5628  5924 D SensorHubManager: onGetSensorHubDataLocked: library(10) = 1, 1, 55, 0, 5, 2, 34, 0, 0, 0
04-19 15:57:50.774  5628  5925 D CAE     : onGetSensorHubData(SensorHubParserProvider.java:89) - onGetSensorHubData Event [event buffer len :38], AP_WAKEUP
04-19 15:57:50.774  5628  5925 I CAE     : parse(SensorHubParserProvider.java:190) - buffer size = 38
04-19 15:57:50.774  5628  5925 I CAE     : parse(SensorHubParserProvider.java:201) - 1, 1, 55, 0, 33, 33, 0, 0, 0, 0, 23, 87, 42, -60, 110, 97, 90, 0, 26, -73, 10, -96, 12, 49, -23, 96, 0, 0, 0, 46, 2, -1, 3, 120, 0, 0, 0, -102,
04-19 15:57:50.775  5628  5925 I CAE     : parse(SLocationRunner.java:88) - SLocationRunner parse start : 3
04-19 15:57:50.775  5628  5925 D CAE     : display(ContextProvider.java:375) - ================= SLOCATION_RUNNER =================
04-19 15:57:50.775  5628  5925 I CAE     : display(ContextProvider.java:391) - ExtraDataArray=[1, 1, 55, 0, 33, 33, 0, 0, 0, 0, 23, 87, 42, -60, 110, 97, 90, 0, 26, -73, 10, -96, 12, 49, -23, 96, 0, 0, 0, 46, 2, -1, 3, 120, 0, 0, 0, -102]
04-19 15:57:50.775  5628  5925 I CAE     : parse(SLocationRunner.java:96) - SLocationRunner parse end:38
04-19 15:57:50.775  5628  5925 D CAE     : onGetSensorHubData(SensorHubParserProvider.java:89) - onGetSensorHubData Event [event buffer len :10], AP_WAKEUP
04-19 15:57:50.776  5628  5925 I CAE     : parse(SensorHubParserProvider.java:190) - buffer size = 10
04-19 15:57:50.776  5628  5925 I CAE     : parse(SensorHubParserProvider.java:201) - 1, 1, 55, 0, 5, 2, 34, 0, 0, 0,
04-19 15:57:50.776  5628  8841 W CAE     : setCAProperty(ContextAwareService.java:519) - [setProperty 02] Mutex is unlocked for SLOCATION_RUNNER
04-19 15:57:50.776  5628  5922 D SemContextService: Service.updateContext() : service = SLocation Core
04-19 15:57:50.776  5628  5925 I CAE     : parse(SLocationRunner.java:88) - SLocationRunner parse start : 3
04-19 15:57:50.776  5628  5628 D SemContextManager: onSemContextChanged() : event = SLocation Core
04-19 15:57:50.776  5628  5628 D SLocation: SLocationCoreSem - SemContextChanged type = 47, packet received
04-19 15:57:50.776  5628  5925 D CAE     : display(ContextProvider.java:375) - ================= SLOCATION_RUNNER =================
04-19 15:57:50.776  5628  8841 D SemContextService: unlock : changeParameters
04-19 15:57:50.777  5628  8841 D SemContextManager:   .changeParameters : listener = com.samsung.android.location.semcontext.a@695d2c0, service=SLocation Core
04-19 15:57:50.777  5628  5925 I CAE     : display(ContextProvider.java:391) - ExtraDataArray=[1, 1, 55, 0, 5, 2, 34, 0, 0, 0]
04-19 15:57:50.777  5628  8841 I SLocation: SemContextParser -  parse start : 3
04-19 15:57:50.777  5628  8841 I SLocation: SemContextParser -  packet Length : 5packet total size : 10
04-19 15:57:50.778  5628  8841 I SLocation: SemContextParser - packet : [2, 2, 0, 0, 0]
04-19 15:57:50.778  5628  5922 D SemContextService: Service.updateContext() : service = SLocation Core
04-19 15:57:50.778  5628  5628 D SemContextManager: onSemContextChanged() : event = SLocation Core
04-19 15:57:50.778  5628  5628 D SLocation: SLocationCoreSem - SemContextChanged type = 47, packet received
04-19 15:57:50.779  5628  8841 I SLocation: SemContextParser -  parse start : 3
04-19 15:57:50.779  5628  8841 I SLocation: SemContextParser -  packet Length : 33packet total size : 38
04-19 15:57:50.779  5628  8841 I SLocation: SemContextParser - packet : [33, 0, 0, 0, 0, 23, 87, 42, -60, 110, 97, 90, 0, 26, -73, 10, -96, 12, 49, -23, 96, 0, 0, 0, 46, 2, -1, 3, 120, 0, 0, 0, -102]
04-19 15:57:50.779  5628  5925 I CAE     : parse(SLocationRunner.java:96) - SLocationRunner parse end:10
04-19 15:57:50.780  5628  8841 D SLocation: GeofenceCoreManager - received Extra Data from core, len : 5
04-19 15:57:50.780  5628  8841 D SLocation: GeofenceCoreManager - handleCommandCallback - UNKNOWN_CALLBACK 2 SUCCESS
04-19 15:57:50.781  5628  8841 D SLocation: CommonCoreManager - received Extra Data from core, len : 5
04-19 15:57:50.781  5628  8841 D SLocation: CommonCoreManager - handleCommandCallback - FUNC_TYPE : SET_LOCATION ERROR_CODE : ERROR_NONE
04-19 15:57:50.781  5628  8841 I SLocation: SemContextParser -  parse start : 3
04-19 15:57:50.781  5628  8841 I SLocation: SemContextParser -  packet Length : 5packet total size : 10
04-19 15:57:50.781  5628  8841 I SLocation: SemContextParser - packet : [2, 34, 0, 0, 0]
04-19 15:57:50.781  5628  8841 D SLocation: GeofenceCoreManager - received Extra Data from core, len : 33
04-19 15:57:50.782  5628  8841 D SLocation: ARDistanceGetARDistance - convertSensorHubTimeToElapsedTime 1681858327433045788
04-19 15:57:50.782  5628  8841 D SLocation: ARDistanceGetARDistance - invalid location time from core pvt 1681858327433045788, do not use distance info
04-19 15:57:50.782  5628  8841 D SLocation: CommonCoreManager - received Extra Data from core, len : 33
04-19 15:57:50.782  5628  8841 D SLocation: GeofenceCoreManager - received Extra Data from core, len : 5
04-19 15:57:50.782  5628  8841 D SLocation: GeofenceCoreManager - handleCommandCallback - UNKNOWN_CALLBACK 34 SUCCESS
04-19 15:57:50.782  5628  8841 D SLocation: ARDistanceLibManager - command callback received - CURRENT_LOCATION_REQUEST_DISTANCE ERROR CODE : ERROR_NONE
04-19 15:57:50.782  5628  8841 D SLocation: CommonCoreManager - received Extra Data from core, len : 5
04-19 15:57:50.783  5628 11464 V LocationManagerService: passive provider registration 5023/com.samsung.android.networkdiagnostic/4FDF9C6D dropped delivery - too close
04-19 15:57:50.784  9284  9353 I NlpAccuracyEvaluator_FLP: update nlp [wifi] fixCount=206/distDelta=0.8185122/accuracy=18.543
04-19 15:57:50.785  5628 11464 V LocationManagerService: passive provider registration 1000/android[SensorNotificationService]/B3D20444 dropped delivery - too close
04-19 15:57:50.786  5628  8841 D SLocation: PositionManager - PassiveonLocationChanged fused 1681912670649
04-19 15:57:50.786  5628  8841 W SLocation: PositionManager - do not refresh last location about fused location
04-19 15:57:50.786  5628  8841 D SLocation: ARDistanceBigData - BIGDATA ARD - receive location
04-19 15:57:50.786  5628  8841 D SLocation: ARDistanceLibManager - request distance diff to AR Distance Library
04-19 15:57:50.786  5628  8841 D SLocation: SLocationCoreSem - send to coreSem, packet length : 1 / [34]
04-19 15:57:50.786  5628  8841 D SemContextLocationCoreAttribute: setAttribute() mode : 0 action : 23
04-19 15:57:50.786  5628  8841 D SemContextService: lock : changeParameters
04-19 15:57:50.786  5628  8841 D SemContext.CaeProvider.LocationCoreImpl: setAttribute() mode : 0 action : 23
04-19 15:57:50.787  5628  8841 W CAE     : setCAProperty(ContextAwareService.java:513) - [setProperty 01] Mutex is locked for SLOCATION_RUNNER
04-19 15:57:50.787  5628  8841 I CAE     : setPropertyValue(SLocationRunner.java:116) - SLocationRunner setProperty header : 34, len : 1
04-19 15:57:50.787  9284  9353 I GmsPassiveListener_FLP: onGmsLocationChanged, provider=fused / speed=1.4937044 / time=1681912670649 / elapsed=345716437000000
04-19 15:57:50.787  5628  8841 I CAE     : sendCmdToSensorHub(SensorHubCommManager.java:156) - -63, 23, 55, 34,
04-19 15:57:50.787  5628  5927 D SensorService: setSContextDataLocked ints length 2 , byte length 4
04-19 15:57:50.787  5628  5927 D SensorService: setSContextDataLocked 223717c1
04-19 15:57:50.788  5271  5271 I SensorsHub: SContextSensor::injecet_sensor_data
04-19 15:57:50.788  5271  5271 D SensorsHub: c1 17 37 22
04-19 15:57:50.788  5271  5271 D SensorsHub: inject_scontext_data: New ssp_data_injection_fd(28)
04-19 15:57:50.788  5271  5271 D SensorsHub: SContext Data Injection return 4
04-19 15:57:50.789  5271  5313 I SensorsHub: context 38 0 37 1,1,55,0,33,33,0,0,0,0,23,87,42,196,110,97,90,0,26,183,10,160,12,49,233,96,0,0,0,46,2,255,15,48,0,0,0,154, 345716577524049
04-19 15:57:50.789  5271  5313 I SensorsHub: context 10 0 9 1,1,55,0,5,2,34,0,0,0, 345716577546088
04-19 15:57:50.790  5628  5924 D SensorHubManager: onGetSensorHubDataLocked: library(38) = 1, 1, 55, 0, 33, 33, 0, 0, 0, 0, 23, 87, 42, -60, 110, 97, 90, 0, 26, -73, 10, -96, 12, 49, -23, 96, 0, 0, 0, 46, 2, -1, 15, 48, 0, 0, 0, -102
04-19 15:57:50.790  5628  8841 W CAE     : setCAProperty(ContextAwareService.java:519) - [setProperty 02] Mutex is unlocked for SLOCATION_RUNNER
04-19 15:57:50.790  5628  8841 D SemContextService: unlock : changeParameters
04-19 15:57:50.791  5628  8841 D SemContextManager:   .changeParameters : listener = com.samsung.android.location.semcontext.a@695d2c0, service=SLocation Core
04-19 15:57:50.791  5628  5924 D SensorHubManager: onGetSensorHubDataLocked: library(10) = 1, 1, 55, 0, 5, 2, 34, 0, 0, 0
04-19 15:57:50.791  5628  8841 D SLocation: PositionManager - receive fused location
04-19 15:57:50.791  5628  5925 D CAE     : onGetSensorHubData(SensorHubParserProvider.java:89) - onGetSensorHubData Event [event buffer len :38], AP_WAKEUP
04-19 15:57:50.791  5628  5925 I CAE     : parse(SensorHubParserProvider.java:190) - buffer size = 38
04-19 15:57:50.792  5628  5925 I CAE     : parse(SensorHubParserProvider.java:201) - 1, 1, 55, 0, 33, 33, 0, 0, 0, 0, 23, 87, 42, -60, 110, 97, 90, 0, 26, -73, 10, -96, 12, 49, -23, 96, 0, 0, 0, 46, 2, -1, 15, 48, 0, 0, 0, -102,
04-19 15:57:50.792  5628  5925 I CAE     : parse(SLocationRunner.java:88) - SLocationRunner parse start : 3
04-19 15:57:50.792  5628  5925 D CAE     : display(ContextProvider.java:375) - ================= SLOCATION_RUNNER =================
04-19 15:57:50.793  5628  5925 I CAE     : display(ContextProvider.java:391) - ExtraDataArray=[1, 1, 55, 0, 33, 33, 0, 0, 0, 0, 23, 87, 42, -60, 110, 97, 90, 0, 26, -73, 10, -96, 12, 49, -23, 96, 0, 0, 0, 46, 2, -1, 15, 48, 0, 0, 0, -102]
04-19 15:57:50.793  5628  5925 I CAE     : parse(SLocationRunner.java:96) - SLocationRunner parse end:38
04-19 15:57:50.793  5628  5925 D CAE     : onGetSensorHubData(SensorHubParserProvider.java:89) - onGetSensorHubData Event [event buffer len :10], AP_WAKEUP
04-19 15:57:50.793  5628  5922 D SemContextService: Service.updateContext() : service = SLocation Core
04-19 15:57:50.794  5628  5925 I CAE     : parse(SensorHubParserProvider.java:190) - buffer size = 10
04-19 15:57:50.794  5628  5628 D SemContextManager: onSemContextChanged() : event = SLocation Core
04-19 15:57:50.794  5628  5628 D SLocation: SLocationCoreSem - SemContextChanged type = 47, packet received
04-19 15:57:50.794  5628  5925 I CAE     : parse(SensorHubParserProvider.java:201) - 1, 1, 55, 0, 5, 2, 34, 0, 0, 0,
04-19 15:57:50.794  5628  5925 I CAE     : parse(SLocationRunner.java:88) - SLocationRunner parse start : 3
04-19 15:57:50.795  5628  5925 D CAE     : display(ContextProvider.java:375) - ================= SLOCATION_RUNNER =================
04-19 15:57:50.795  5628  8841 I SLocation: SemContextParser -  parse start : 3
04-19 15:57:50.795  5628  8841 I SLocation: SemContextParser -  packet Length : 33packet total size : 38
04-19 15:57:50.795  5628  8841 I SLocation: SemContextParser - packet : [33, 0, 0, 0, 0, 23, 87, 42, -60, 110, 97, 90, 0, 26, -73, 10, -96, 12, 49, -23, 96, 0, 0, 0, 46, 2, -1, 15, 48, 0, 0, 0, -102]
04-19 15:57:50.795  5628  8841 D SLocation: GeofenceCoreManager - received Extra Data from core, len : 33
04-19 15:57:50.795  5628  8841 D SLocation: ARDistanceGetARDistance - convertSensorHubTimeToElapsedTime 1681858327433045789
04-19 15:57:50.795  5628  5925 I CAE     : display(ContextProvider.java:391) - ExtraDataArray=[1, 1, 55, 0, 5, 2, 34, 0, 0, 0]
04-19 15:57:50.795  5628  8841 D SLocation: ARDistanceGetARDistance - invalid location time from core pvt 1681858327433045789, do not use distance info
04-19 15:57:50.795  5628  8841 D SLocation: CommonCoreManager - received Extra Data from core, len : 33
04-19 15:57:50.796  5628  5925 I CAE     : parse(SLocationRunner.java:96) - SLocationRunner parse end:10
04-19 15:57:50.797  5628  5922 D SemContextService: Service.updateContext() : service = SLocation Core
04-19 15:57:50.798  5628  5628 D SemContextManager: onSemContextChanged() : event = SLocation Core
04-19 15:57:50.798  5628  5628 D SLocation: SLocationCoreSem - SemContextChanged type = 47, packet received
04-19 15:57:50.798  5628  8841 I SLocation: SemContextParser -  parse start : 3
04-19 15:57:50.798  5628  8841 I SLocation: SemContextParser -  packet Length : 5packet total size : 10
04-19 15:57:50.798  5628  8841 I SLocation: SemContextParser - packet : [2, 34, 0, 0, 0]
04-19 15:57:50.798  5628  8841 D SLocation: GeofenceCoreManager - received Extra Data from core, len : 5
04-19 15:57:50.799  5628  8841 D SLocation: GeofenceCoreManager - handleCommandCallback - UNKNOWN_CALLBACK 34 SUCCESS
04-19 15:57:50.799  5628  8841 D SLocation: ARDistanceLibManager - command callback received - CURRENT_LOCATION_REQUEST_DISTANCE ERROR CODE : ERROR_NONE
04-19 15:57:50.799  5628  8841 D SLocation: CommonCoreManager - received Extra Data from core, len : 5
04-19 15:57:50.923  5628  9811 D SemWifiUsabilityStatsMonitor: onWifiUsabilityStats - seqNum 36060, isSameBssidAndFreq true
04-19 15:57:50.925  5628  8422 I SemWifiLinkQualityMonitor: Link Qos Query: 0.018 ms / 433.000 Mbps (433 / 0.000 / 1.000)
04-19 15:57:51.261 30407 30407 I ResourceOverlayService_0: waitAndQuit called
04-19 15:57:51.262 30407 30407 I ResourceOverlayService_0: activity user id 0 process id 0
04-19 15:57:52.263 30407 30407 I ResourceOverlayService_0: waitAndQuit called
04-19 15:57:52.264 30407 30407 I ResourceOverlayService_0: activity user id 0 process id 0
04-19 15:57:53.265 30407 30407 I ResourceOverlayService_0: waitAndQuit called
04-19 15:57:53.265 30407 30407 I ResourceOverlayService_0: activity user id 0 process id 0
04-19 15:57:53.766  5628  8841 D SLocation: GeopointGeofenceManager - Location reported : fix method = 4 / 18.543
04-19 15:57:53.767  5628  8841 W Settings: Setting airplane_mode_on has moved from android.provider.Settings.System to android.provider.Settings.Global, returning read-only value.
04-19 15:57:53.770  5628  8841 D SLocation: LocationProcessingAlgorithm - entry condition - dist : 4662.744 padding : 0.0, accuracy : 18.543, provider : network, dir : 2
04-19 15:57:53.770  5628  8841 D SLocation: ReceiverPairWithAdaptive - id : 1, dir : 2
04-19 15:57:53.771  5628  8841 D SLocation: LocationProcessingAlgorithm - entry condition - dist : 3807516.0 padding : 0.0, accuracy : 18.543, provider : network, dir : 2
04-19 15:57:53.771  5628  8841 D SLocation: LocationProcessingAlgorithm - entry condition - dist : 90757.086 padding : 0.0, accuracy : 18.543, provider : network, dir : 2
04-19 15:57:53.771  5628  8841 D SLocation: LocationProcessingAlgorithm - entry condition - dist : 3807939.8 padding : 0.0, accuracy : 18.543, provider : network, dir : 2
04-19 15:57:53.771  5628  8841 D SLocation: LocationProcessingAlgorithm - entry condition - dist : 684.8885 padding : 0.0, accuracy : 18.543, provider : network, dir : 2
04-19 15:57:53.772  5628  8841 D SLocation: LocationProcessingAlgorithm - entry condition - dist : 1917396.1 padding : 0.0, accuracy : 18.543, provider : network, dir : 2
04-19 15:57:53.772  5628  8841 D SLocation: LocationProcessingAlgorithm - entry condition - dist : 13357.7705 padding : 0.0, accuracy : 18.543, provider : network, dir : 2
04-19 15:57:53.772  5628  8841 D SLocation: LocationProcessingAlgorithm - entry condition - dist : 3807939.8 padding : 0.0, accuracy : 18.543, provider : network, dir : 2
04-19 15:57:53.772  5628  8841 D SLocation: LocationProcessingAlgorithm - entry condition - dist : 1801176.5 padding : 0.0, accuracy : 18.543, provider : network, dir : 2
04-19 15:57:53.772  5628  8841 D SLocation: LocationProcessingAlgorithm - entry condition - dist : 663.6973 padding : 0.0, accuracy : 18.543, provider : network, dir : 2
04-19 15:57:53.773  5628  8841 D SLocation: LocationProcessingAlgorithm - entry condition - dist : 9.916207 padding : 0.0, accuracy : 18.543, provider : network, dir : 1
04-19 15:57:53.773  5628  8841 D SLocation: GeopointReceiver - send geopoint result - 1
04-19 15:57:53.773  5628  8841 D SLocation: ReceiverPairWithAdaptive - id : 11, dir : 1
04-19 15:57:53.773  5628  8841 D SLocation: LocationProcessingAlgorithm - entry condition - dist : 428.4004 padding : 0.0, accuracy : 18.543, provider : network, dir : 1
04-19 15:57:53.773  5628  8841 D SLocation: GeopointReceiver - send geopoint result - 1
04-19 15:57:53.957  5628  9811 D SemWifiUsabilityStatsMonitor: onWifiUsabilityStats - seqNum 36061, isSameBssidAndFreq true
04-19 15:57:53.959  5628  8422 I SemWifiLinkQualityMonitor: Link Qos Query: 0.018 ms / 433.000 Mbps (433 / 0.000 / 1.000)
04-19 15:57:54.268 30407 30407 I ResourceOverlayService_0: waitAndQuit called
04-19 15:57:54.269 30407 30407 I ResourceOverlayService_0: activity user id 0 process id 0
04-19 15:57:55.271 30407 30407 I ResourceOverlayService_0: waitAndQuit called
04-19 15:57:55.273 30407 30407 I ResourceOverlayService_0: activity user id 0 process id 0
04-19 15:57:56.273 30407 30407 I ResourceOverlayService_0: waitAndQuit called
04-19 15:57:56.274 30407 30407 I ResourceOverlayService_0: activity user id 0 process id 0
04-19 15:57:56.989  5628  9811 D SemWifiUsabilityStatsMonitor: onWifiUsabilityStats - seqNum 36062, isSameBssidAndFreq true
04-19 15:57:56.991  5628  8422 I SemWifiLinkQualityMonitor: Link Qos Query: 0.018 ms / 433.000 Mbps (433 / 0.000 / 1.000)
04-19 15:57:57.277 30407 30407 I ResourceOverlayService_0: waitAndQuit called
04-19 15:57:57.279 30407 30407 I ResourceOverlayService_0: activity user id 0 process id 0
04-19 15:57:58.281 30407 30407 I ResourceOverlayService_0: waitAndQuit called
04-19 15:57:58.282 30407 30407 I ResourceOverlayService_0: activity user id 0 process id 0
04-19 15:57:59.284 30407 30407 I ResourceOverlayService_0: waitAndQuit called
04-19 15:57:59.285 30407 30407 I ResourceOverlayService_0: activity user id 0 process id 0
04-19 15:57:59.843  5288  5288 E sehhealth-service: Could not open /sys/class/power_supply/battery/lrp
04-19 15:58:00.009  8513  8513 D KeyguardUpdateMonitor: received broadcast android.intent.action.TIME_TICK
04-19 15:58:00.013  8513  9203 D QSClockBellTower: onReceive(android.intent.action.TIME_TICK) mTimeZoneString:null
04-19 15:58:00.014  5628  9811 D SemWifiUsabilityStatsMonitor: onWifiUsabilityStats - seqNum 36063, isSameBssidAndFreq true
04-19 15:58:00.016  8513  9203 D QSClockBellTower: onReceive(android.intent.action.TIME_TICK) mTimeZoneString:null
04-19 15:58:00.017  5628  8422 I SemWifiLinkQualityMonitor: Link Qos Query: 0.018 ms / 433.000 Mbps (433 / 0.000 / 1.000)
04-19 15:58:00.124  8513  8513 D KeyguardUpdateMonitor: handleTimeUpdate
04-19 15:58:00.125  8513  8513 D FaceWidgetPagesController: onTimeChanged()
04-19 15:58:00.127  8513  8513 D QSClockBellTower: He is ready to ring the bell. (((QSClockBellSound - TimeText:15:58, TimeContentDescription:15:58, DateText:Wed, 19 April, ShortDateText:Wed, 19 Apr, Demo:false, QuickStar-Second(false|12:34:56))))
04-19 15:58:00.128  8513  8513 D QSClockIndicatorView: Home Indicator status_bar_clock 15:58 notifyTimeChanged(QSClockBellSound - TimeText:15:58, TimeContentDescription:15:58, DateText:Wed, 19 April, ShortDateText:Wed, 19 Apr, Demo:false, QuickStar-Second(false|12:34:56)) ClockVisibleByPolicy:true, ClockVisibleByUser:true, visible?false, parent:android.widget.LinearLayout{883fb58 V.E...... ........ 0,0-0,55 #7f0b04f0 app:id/left_clock_container}
04-19 15:58:00.128  8513  8513 D QSClockBellTower: Everyone heard the bell. run(currentTime:1681912680126,   getTime():Wed Apr 19 15:58:00 GMT+02:00 2023,   getTimeZone():libcore.util.ZoneInfo[mDstSavings=3600000,mUseDst=true,mDelegate=[id="Europe/Belgrade",mRawOffset=3600000,mEarliestRawOffset=4920000,transitions=119]])
04-19 15:58:00.128  8513  8513 D KeyguardUpdateMonitor: received broadcast android.intent.action.TIME_TICK
04-19 15:58:00.209  8513  8513 D QSClockBellTower: He is ready to ring the bell. (((QSClockBellSound - TimeText:15:58, TimeContentDescription:15:58, DateText:Wed, 19 April, ShortDateText:Wed, 19 Apr, Demo:false, QuickStar-Second(false|12:34:56))))
04-19 15:58:00.209  8513  8513 D QSClockIndicatorView: Home Indicator status_bar_clock 15:58 notifyTimeChanged(QSClockBellSound - TimeText:15:58, TimeContentDescription:15:58, DateText:Wed, 19 April, ShortDateText:Wed, 19 Apr, Demo:false, QuickStar-Second(false|12:34:56)) ClockVisibleByPolicy:true, ClockVisibleByUser:true, visible?false, parent:android.widget.LinearLayout{883fb58 V.E...... ........ 0,0-0,55 #7f0b04f0 app:id/left_clock_container}
04-19 15:58:00.209  8513  8513 D QSClockBellTower: Everyone heard the bell. run(currentTime:1681912680207,   getTime():Wed Apr 19 15:58:00 GMT+02:00 2023,   getTimeZone():libcore.util.ZoneInfo[mDstSavings=3600000,mUseDst=true,mDelegate=[id="Europe/Belgrade",mRawOffset=3600000,mEarliestRawOffset=4920000,transitions=119]])
04-19 15:58:00.213  8513  8513 I FaceWidgetPositionAlgorithm: getClockContainerHeight() supplier = 270, bottom margin = 0, real height = 333
04-19 15:58:00.213  8513  8513 I FaceWidgetPositionAlgorithm: getClockContainerHeight() supplier = 270, bottom margin = 63, real height = 333
04-19 15:58:00.213  8513  8513 I FaceWidgetPositionAlgorithm: getMediaContainerHeight() height = 0 container Visibility = 8, isValid = false, mIsDozing = false, fraction = 1.0, source = 0, target = 0
04-19 15:58:00.213  8513  8513 I FaceWidgetPositionAlgorithm: getMediaContainerHeight() supplier = 0
04-19 15:58:00.214  8513  8513 V QsExpandAnimator: setQsExpansionPosition 0.0
04-19 15:58:00.221  8513  8513 D KeyguardUpdateMonitor: handleTimeUpdate
04-19 15:58:00.221  8513  8513 D FaceWidgetPagesController: onTimeChanged()
04-19 15:58:00.222  8513  8513 V QsExpandAnimator: updateAnimators
04-19 15:58:00.222  8513  8513 V QsExpandAnimator: clearAnimationState
04-19 15:58:00.223  8513  8513 V QsExpandAnimator: updateViews
04-19 15:58:00.224  8513  8513 V QsExpandAnimator: updateTileAnimator
04-19 15:58:00.226  8513  8513 V QsExpandAnimator: updateHeaderAnimator
04-19 15:58:00.226  8513  8513 V QsExpandAnimator: updateBarAnimator
04-19 15:58:00.226  8513  8513 V QsExpandAnimator: setQsExpansionPosition 0.0
04-19 15:58:00.226  8513  8513 V QsExpandAnimator: onAnimationAtStart
04-19 15:58:00.287 30407 30407 I ResourceOverlayService_0: waitAndQuit called
04-19 15:58:00.289 30407 30407 I ResourceOverlayService_0: activity user id 0 process id 0
04-19 15:58:00.492  5628  5882 D PackageManager: setEnabledSetting : userId = 0 packageName = com.Slack cmp = androidx.work.impl.background.systemalarm.RescheduleReceiver newState = 1 callingPackage = 10329/com.Slack
04-19 15:58:00.494  5628  5882 D ApplicationPolicy: getApplicationStateEnabled : pkg = com.Slack userId : 0
04-19 15:58:00.497  5628  5882 D ApplicationPolicy: getApplicationComponentState : pkg = com.Slack userId : 0
04-19 15:58:00.523  5224  5224 E audit   : type=1400 audit(1681912680.517:103078): avc:  denied  { getattr } for  pid=5628 comm="BinderProcsColl" path="/sys/kernel/debug/binder/proc/5628" dev="debugfs" ino=25430 scontext=u:r:system_server:s0 tcontext=u:object_r:sec_debugfs:s0 tclass=file permissive=0 SEPF_SM-A515F_13_0001 audit_filtered
04-19 15:58:00.523  5224  5224 E audit   : type=1300 audit(1681912680.517:103078): arch=c00000b7 syscall=79 success=no exit=-13 a0=ffffff9c a1=7d18c42460 a2=7cb001b680 a3=0 items=0 ppid=5250 pid=5628 auid=4294967295 uid=1000 gid=1000 euid=1000 suid=1000 fsuid=1000 egid=1000 sgid=1000 fsgid=1000 tty=(none) ses=4294967295 comm="BinderProcsColl" exe="/system/bin/app_process64" subj=u:r:system_server:s0 key=(null)
04-19 15:58:00.523  5224  5224 E audit   : type=1327 audit(1681912680.517:103078): proctitle="system_server"
04-19 15:58:00.529  5628  5714 W libprocessgroup: Failed to open /dev/blkio//cgroup.procs: No such file or directory
04-19 15:58:00.541  6649  6822 D ConnectivityManager: StackLog: [android.net.ConnectivityManager.sendRequestForNetwork(ConnectivityManager.java:4191)] [android.net.ConnectivityManager.registerDefaultNetworkCallbackForUid(ConnectivityManager.java:4755)] [android.net.ConnectivityManager.registerDefaultNetworkCallback(ConnectivityManager.java:4722)] [android.net.ConnectivityManager.registerDefaultNetworkCallback(ConnectivityManager.java:4696)] [androidx.work.impl.utils.NetworkApi24.registerDefaultNetworkCallbackCompat(Unknown Source:10)] [androidx.work.impl.constraints.trackers.NetworkStateTracker24.startTracking(Unknown Source:15)] [androidx.work.impl.constraints.controllers.ConstraintController.replace(Unknown Source:130)] [androidx.work.impl.constraints.WorkConstraintsTrackerImpl.replace(Unknown Source:41)] [androidx.work.impl.background.greedy.GreedyScheduler.schedule(Unknown Source:300)] [androidx.work.impl.Schedulers.schedule(Unknown Source:149)] [androidx.work.impl.utils.EnqueueRunnable.run(Unknown Source:53)] [androidx.work.Worker$2.run$androidx$work$impl$utils$SerialExecutorImpl$Task(Unknown Source:4)] [androidx.work.Worker$2.run(Unknown Source:868)] [java.util.concurrent.ThreadPoolExecutor.runWorker(ThreadPoolExecutor.java:1137)] [java.util.concurrent.ThreadPoolExecutor$Worker.run(ThreadPoolExecutor.java:637)] [java.lang.Thread.run(Thread.java:1012)]
04-19 15:58:00.545  5628 12118 D ConnectivityService: requestNetwork for uid/pid:10329/6649 activeRequest: null callbackRequest: 27984 [NetworkRequest [ REQUEST id=27985, [ Capabilities: INTERNET&NOT_RESTRICTED&TRUSTED&NOT_VCN_MANAGED Uid: 10329 RequestorUid: 10329 RequestorPkg: com.Slack UnderlyingNetworks: Null] ]] callback flags: 0 order: 2147483647
04-19 15:58:00.546  5628  8367 D ConnectivityService:    accepting network in place of null
04-19 15:58:00.550  5628  8356 D WifiNetworkFactory: got request NetworkRequest [ REQUEST id=27985, [ Capabilities: INTERNET&NOT_RESTRICTED&TRUSTED&NOT_VCN_MANAGED Uid: 10329 RequestorUid: 10329 RequestorPkg: com.Slack UnderlyingNetworks: Null] ]
04-19 15:58:00.550  5628  8356 D UntrustedWifiNetworkFactory: got request NetworkRequest [ REQUEST id=27985, [ Capabilities: INTERNET&NOT_RESTRICTED&TRUSTED&NOT_VCN_MANAGED Uid: 10329 RequestorUid: 10329 RequestorPkg: com.Slack UnderlyingNetworks: Null] ]
04-19 15:58:00.552  5628  8356 D OemPaidWifiNetworkFactory: got request NetworkRequest [ REQUEST id=27985, [ Capabilities: INTERNET&NOT_RESTRICTED&TRUSTED&NOT_VCN_MANAGED Uid: 10329 RequestorUid: 10329 RequestorPkg: com.Slack UnderlyingNetworks: Null] ]
04-19 15:58:00.553  5628  8356 D MultiInternetWifiNetworkFactory: got request NetworkRequest [ REQUEST id=27985, [ Capabilities: INTERNET&NOT_RESTRICTED&TRUSTED&NOT_VCN_MANAGED Uid: 10329 RequestorUid: 10329 RequestorPkg: com.Slack UnderlyingNetworks: Null] ]
04-19 15:58:00.557  5628  8367 D ConnectivityService: Rematched networks [computed 1ms] [applied 1ms] [issued 10]
04-19 15:58:00.558  5628  8367 D ConnectivityService: NetworkReassignment :
04-19 15:58:00.558  5628  8367 D ConnectivityService:   27985 : null  128
04-19 15:58:00.601  6649  6649 D ConnectivityManager: StackLog: [android.net.ConnectivityManager.unregisterNetworkCallback(ConnectivityManager.java:4863)] [androidx.work.impl.utils.NetworkApi21.unregisterNetworkCallbackCompat(Unknown Source:10)] [androidx.work.impl.constraints.trackers.NetworkStateTracker24.stopTracking(Unknown Source:15)] [androidx.work.impl.constraints.trackers.ConstraintTracker.removeListener(Unknown Source:24)] [androidx.work.impl.constraints.controllers.ConstraintController.replace(Unknown Source:81)] [androidx.work.impl.constraints.WorkConstraintsTrackerImpl.replace(Unknown Source:41)] [androidx.work.impl.background.greedy.GreedyScheduler.onExecuted(Unknown Source:55)] [androidx.work.impl.Processor.onExecuted(Unknown Source:59)] [com.bugsnag.android.DeliveryDelegate$1.run(Unknown Source:212)]
04-19 15:58:00.604  5628  8367 D ConnectivityService:  Removing from current network [128 WIFI], leaving 163 requests.
04-19 15:58:01.292 30407 30407 I ResourceOverlayService_0: waitAndQuit called
04-19 15:58:01.293 30407 30407 I ResourceOverlayService_0: activity user id 0 process id 0
04-19 15:58:01.490  5628  8367 D ConnectivityService: reportNetworkActive, notify 0 listeners
04-19 15:58:02.295 30407 30407 I ResourceOverlayService_0: waitAndQuit called
04-19 15:58:02.297 30407 30407 I ResourceOverlayService_0: activity user id 0 process id 0
04-19 15:58:03.049  5628  9811 D SemWifiUsabilityStatsMonitor: onWifiUsabilityStats - seqNum 36064, isSameBssidAndFreq true
04-19 15:58:03.053  5628  8422 I SemWifiLinkQualityMonitor: Link Qos Query: 0.037 ms / 216.500 Mbps (433 / 0.000 / 2.000)
04-19 15:58:03.054  8513  8513 D NetworkController.WifiSignalController: notifyListener: visible=true, connected=true, inetCondition=1, isDefault=true, wifiTestReported=true, receivedInetCondition=-1, hideDuringMobileSwitching=false
04-19 15:58:03.056  8513  8599 D Tile.WifiTile: handleUpdateState isTransient=false transientEnabling =false cb.isTransient=false state.state = 2 mStateBeforeClick.value =false enabled =true
04-19 15:58:03.133 23109 23109 D BoundBrokerSvc: onBind: Intent { act=com.google.android.gms.udc.service.START dat=chimera-action:/... cmp=com.google.android.gms/.chimera.PersistentApiService }
04-19 15:58:03.133 23109 23109 D BoundBrokerSvc: Loading bound service for intent: Intent { act=com.google.android.gms.udc.service.START dat=chimera-action:/... cmp=com.google.android.gms/.chimera.PersistentApiService }
04-19 15:58:03.300 30407 30407 I ResourceOverlayService_0: waitAndQuit called
04-19 15:58:03.301 30407 30407 I ResourceOverlayService_0: activity user id 0 process id 0
04-19 15:58:03.880  5628 19583 D TrafficStats: tagSocket(933) with statsTag=0xffffffff, statsUid=-1
04-19 15:58:04.018 19093 19459 W libc    : Access denied finding property "sys.perf.boostopt"
04-19 15:58:04.019  5224  5224 E audit   : type=1400 audit(1681912684.013:103079): avc:  denied  { read } for  pid=19093 comm="binder:19093_4" name="u:object_r:perf_prop:s0" dev="tmpfs" ino=16829 scontext=u:r:platform_app:s0:c512,c768 tcontext=u:object_r:perf_prop:s0 tclass=file permissive=0 SEPF_SM-A515F_13_0001 audit_filtered
04-19 15:58:04.019  5224  5224 E audit   : type=1300 audit(1681912684.013:103079): arch=c00000b7 syscall=56 success=no exit=-13 a0=ffffff9c a1=7dd47fb2f8 a2=88000 a3=0 items=0 ppid=5250 pid=19093 auid=4294967295 uid=10104 gid=10104 euid=10104 suid=10104 fsuid=10104 egid=10104 sgid=10104 fsgid=10104 tty=(none) ses=4294967295 comm="binder:19093_4" exe="/system/bin/app_process64" subj=u:r:platform_app:s0:c512,c768 key=(null)
04-19 15:58:04.019  5224  5224 E audit   : type=1327 audit(1681912684.013:103079): proctitle="com.osp.app.signin"
04-19 15:58:04.088  5628 19583 D WifiConnectivityMonitor.DnsThread:  [|207]
04-19 15:58:04.089  5628  8444 D WifiConnectivityMonitor.NetworkStatsAnalyzer: DNS resultType : 0, responseTime : 207
04-19 15:58:04.090  5628  8438 D OpenNetworkQos[4.00]: updateBssidLatestDnsResultType - result: 0
04-19 15:58:04.090  5628  8438 D OpenNetworkQos[4.00]: updateBssidNoInternet: mBssidNoInternet = false
04-19 15:58:04.090  5628  8438 D OpenNetworkQos[4.00]: getOpenNetworkQosNoInternetStatus: false
04-19 15:58:04.091  5628  8438 D OpenNetworkQos[4.00]: getOpenNetworkQosScores: 30 26 26
04-19 15:58:04.092  5628  8438 I WifiProfileShare: network QoS data was changed (internet), updateQoSData networkType: true, qosData: false
04-19 15:58:04.093  5628  9412 V WifiProfileShare.Caster: update wips network, size: 0
04-19 15:58:04.094  5628  9412 D WifiProfileShare: nearby scanning settings run
04-19 15:58:04.094  5628  9412 D WifiProfileShare: network score provider settings enabled
04-19 15:58:04.094  5628  9412 D OpenNetworkQos[4.00]: getOpenNetworkQosScores: 30 26 26
04-19 15:58:04.095  5628  9412 D OpenNetworkQos[4.00]: getOpenNetworkQosNoInternetStatus: false
04-19 15:58:04.095  5628  9412 I WifiProfileShare.Caster: current network type: 0, score: [30, 26, 26]
04-19 15:58:04.098  5628  9412 V WifiProfileShare.Cache: update network score 00:e4:06:**:**:90
04-19 15:58:04.098  5628  9412 D WifiProfileShare.ScanMatcher: getMcfDataList size:2
04-19 15:58:04.099  5628  9412 I WifiProfileShare.Caster: qos data was updated , before:type:QOS, pBssid:51:2e:90, qosData:7c after:type:QOS, pBssid:51:2e:90, qosData:7c
04-19 15:58:04.103  5628  9412 I [MCFSDK_android_1.2.4010]_4_b: isNetworkEnabled - type : 1 ret : true
04-19 15:58:04.103  5628  9412 D WifiProfileShare.McfCast: -ME--- mIsNetworkEnabled :true
04-19 15:58:04.103  5628  9412 D WifiProfileShare.McfCast: updateQoSData ignored, same contents
04-19 15:58:04.103  5628  9412 D WifiProfileShare.MCF: success update QosData !
04-19 15:58:04.105  5628  9412 I [MCFSDK_android_1.2.4010]_4_b: isNetworkEnabled - type : 1 ret : true
04-19 15:58:04.105  5628  9412 D WifiProfileShare.McfCast: -ME--- mIsNetworkEnabled :true
04-19 15:58:04.105  5628  9412 D WifiProfileShare.McfCast: -ME--- updatePasswordDate pwdData size:2
04-19 15:58:04.214 23109 23109 D BoundBrokerSvc: onBind: Intent { act=com.google.android.gms.phenotype.service.START dat=chimera-action:/... cmp=com.google.android.gms/.chimera.PersistentApiService }
04-19 15:58:04.215 23109 23109 D BoundBrokerSvc: Loading bound service for intent: Intent { act=com.google.android.gms.phenotype.service.START dat=chimera-action:/... cmp=com.google.android.gms/.chimera.PersistentApiService }
04-19 15:58:04.305 30407 30407 I ResourceOverlayService_0: waitAndQuit called
04-19 15:58:04.307 30407 30407 I ResourceOverlayService_0: activity user id 0 process id 0
04-19 15:58:04.663 23109 19577 W CCTFlatFileLogStore: Excessive logging: 1 events, 213537 bytes from log source WESTWORLD last 0s
04-19 15:58:05.308 30407 30407 I ResourceOverlayService_0: waitAndQuit called
04-19 15:58:05.309 30407 30407 I ResourceOverlayService_0: activity user id 0 process id 0
04-19 15:58:06.077  5628  9811 D SemWifiUsabilityStatsMonitor: onWifiUsabilityStats - seqNum 36065, isSameBssidAndFreq true
04-19 15:58:06.081  5628  8422 I SemWifiLinkQualityMonitor: Link Qos Query: 0.028 ms / 288.667 Mbps (433 / 0.000 / 1.500)
04-19 15:58:06.312 30407 30407 I ResourceOverlayService_0: waitAndQuit called
04-19 15:58:06.313 30407 30407 I ResourceOverlayService_0: activity user id 0 process id 0
04-19 15:58:07.315 30407 30407 I ResourceOverlayService_0: waitAndQuit called
04-19 15:58:07.325 30407 30407 I ResourceOverlayService_0: activity user id 0 process id 0
04-19 15:58:07.363  5628  5647 I system_server: Background young concurrent copying GC freed 275257(14MB) AllocSpace objects, 15(480KB) LOS objects, 11% free, 118MB/134MB, paused 458us,300us total 109.239ms
04-19 15:58:07.378  5224  5224 E audit   : type=1400 audit(1681912687.373:103080): avc:  denied  { read } for  pid=17110 comm="binder:17110_3" name="u:object_r:perf_prop:s0" dev="tmpfs" ino=16829 scontext=u:r:priv_app:s0:c512,c768 tcontext=u:object_r:perf_prop:s0 tclass=file permissive=0 SEPF_SM-A515F_13_0001 audit_filtered
04-19 15:58:07.378  5224  5224 E audit   : type=1300 audit(1681912687.373:103080): arch=c00000b7 syscall=56 success=no exit=-13 a0=ffffff9c a1=7d7537f2f8 a2=88000 a3=0 items=0 ppid=5250 pid=17110 auid=4294967295 uid=10102 gid=10102 euid=10102 suid=10102 fsuid=10102 egid=10102 sgid=10102 fsgid=10102 tty=(none) ses=4294967295 comm="binder:17110_3" exe="/system/bin/app_process64" subj=u:r:priv_app:s0:c512,c768 key=(null)
04-19 15:58:07.378 17110 17143 W libc    : Access denied finding property "sys.perf.boostopt"
04-19 15:58:07.378  5224  5224 E audit   : type=1327 audit(1681912687.373:103080): proctitle="com.android.providers.calendar"
04-19 15:58:07.385  5628  5649 W System  : A resource failed to call close.
04-19 15:58:08.327 30407 30407 I ResourceOverlayService_0: waitAndQuit called
04-19 15:58:08.329 30407 30407 I ResourceOverlayService_0: activity user id 0 process id 0
04-19 15:58:09.109  5628  9811 D SemWifiUsabilityStatsMonitor: onWifiUsabilityStats - seqNum 36066, isSameBssidAndFreq true
04-19 15:58:09.112  5628  8422 I SemWifiLinkQualityMonitor: Link Qos Query: 0.018 ms / 433.000 Mbps (433 / 0.000 / 1.000)
04-19 15:58:09.331 30407 30407 I ResourceOverlayService_0: waitAndQuit called
04-19 15:58:09.332 30407 30407 I ResourceOverlayService_0: activity user id 0 process id 0
04-19 15:58:10.117 17564 17585 D Benchmark: timeNs[ 0:10]: 440840308 418125923 432851538 434478269 426539653 432708115 432953039 432647654 432233615 439000615
04-19 15:58:10.117 17564 17585 D Benchmark: timeNs[10:20]: 436574153 429832808 436029692 426555076 432357653 439069231 439172961 454585154 432094769 433061269
04-19 15:58:10.117 17564 17585 D Benchmark: timeNs[20:30]: 441940961 429443192 436174423 432483653 430804346 445679769 423474192 434204538 429931000 435704346
04-19 15:58:10.117 17564 17585 D Benchmark: timeNs[30:40]: 434117269 427364692 430796807 441438346 411005269 431669423 418047423 436685230 425528038 436760922
04-19 15:58:10.117 17564 17585 D Benchmark: timeNs[40:50]: 422708038 428352730 436585846 433763539 434357346 432753077 428233615 438172461 424561730 431226923
04-19 15:58:10.133 17564 17585 W _benchmark.test: Suspending all threads took: 15.532ms
04-19 15:58:10.335 30407 30407 I ResourceOverlayService_0: waitAndQuit called
04-19 15:58:10.337 30407 30407 I ResourceOverlayService_0: activity user id 0 process id 0
04-19 15:58:10.749  5628  5712 I libprocessgroup: Successfully killed process cgroup uid 10053 pid 17763 in 0ms
04-19 15:58:10.799  5250  5250 I Zygote  : Process 17763 exited due to signal 9 (Killed)
04-19 15:58:11.339 30407 30407 I ResourceOverlayService_0: waitAndQuit called
04-19 15:58:11.340 30407 30407 I ResourceOverlayService_0: activity user id 0 process id 0
04-19 15:58:12.151  5628  9811 D SemWifiUsabilityStatsMonitor: onWifiUsabilityStats - seqNum 36067, isSameBssidAndFreq true
04-19 15:58:12.154  5628  8422 I SemWifiLinkQualityMonitor: Link Qos Query: 0.023 ms / 346.400 Mbps (433 / 0.000 / 1.250)
04-19 15:58:12.342 30407 30407 I ResourceOverlayService_0: waitAndQuit called
04-19 15:58:12.344 30407 30407 I ResourceOverlayService_0: activity user id 0 process id 0
04-19 15:58:12.585 17564 17585 W _benchmark.test: Suspending all threads took: 19.772ms
04-19 15:58:12.780 23109 23434 I NearbyDiscovery: FastPair: isDestroyable: Scanner is alive. [CONTEXT service_id=265 ]
04-19 15:58:12.780 23109 23434 I NearbyDiscovery: DiscoveryService: Skip stopSelf(), fast pair controller is not destroyable. [CONTEXT service_id=265 ]
04-19 15:58:13.100  5271  5313 I SensorsHub: context 10 0 9 1,1,26,1,2,255,105,208,1,2, 345738888994649
04-19 15:58:13.102  5628  5924 D SensorHubManager: onGetSensorHubDataLocked: library(10) = 1, 1, 26, 1, 2, -1, 105, -48, 1, 2
04-19 15:58:13.104  5628  5925 D CAE     : onGetSensorHubData(SensorHubParserProvider.java:89) - onGetSensorHubData Event [event buffer len :10], AP_WAKEUP
04-19 15:58:13.104  5628  5925 I CAE     : parse(SensorHubParserProvider.java:190) - buffer size = 10
04-19 15:58:13.104  5628  5925 I CAE     : parse(SensorHubParserProvider.java:201) - 1, 1, 26, 1, 2, -1, 105, -48, 1, 2,
04-19 15:58:13.107  5628  5925 E CAE     : parse(SensorHubModeHandler.java:72) - ERROR : Service is not registered
04-19 15:58:13.108  5628  5925 E CAE     : onGetSensorHubData(SensorHubParserProvider.java:112) - ERROR : Data field parsing error
04-19 15:58:13.346 30407 30407 I ResourceOverlayService_0: waitAndQuit called
04-19 15:58:13.347 30407 30407 I ResourceOverlayService_0: activity user id 0 process id 0
04-19 15:58:14.200 17564 17585 D Benchmark: allocationCount[ 0:10]: 8872482 8872480 8872488 8872482 8872481
04-19 15:58:14.200 17564 17585 D Benchmark: Set 17585 (Bench thread) to priority -8. Was -20, now -8
04-19 15:58:14.200 17564 17585 D Benchmark: Set 17572 (Jit) to priority 9. Was -15, now 9
04-19 15:58:14.201 17564 17585 D Benchmark: Warmup: t=13.088, iter=30, fastAvg=441581184, slowAvg=651021824
04-19 15:58:14.201 17564 17585 I PerfettoCapture: Stopping perfetto.
04-19 15:58:14.247 19401 19401 I perfetto:    perfetto_cmd.cc:1168 SIGINT/SIGTERM received: disabling tracing.
04-19 15:58:14.259  5403  5403 I perfetto:  probes_producer.cc:396 Producer stop (id=741)
04-19 15:58:14.263  5403  5403 I perfetto:    ftrace_procfs.cc:342 disabled ftrace in /sys/kernel/tracing/
04-19 15:58:14.267 17564 17585 D Benchmark: kill -TERM command output -
04-19 15:58:14.323  4378  4378 I hwservicemanager: getTransport: Cannot find entry android.hardware.atrace@1.0::IAtraceDevice/default in either framework or device VINTF manifest.
04-19 15:58:14.331  5403  5403 I perfetto:  probes_producer.cc:396 Producer stop (id=742)
04-19 15:58:14.333  5403  5403 I perfetto:  probes_producer.cc:396 Producer stop (id=743)
04-19 15:58:14.350 30407 30407 I ResourceOverlayService_0: waitAndQuit called
04-19 15:58:14.355 30407 30407 I ResourceOverlayService_0: activity user id 0 process id 0
04-19 15:58:14.435 19401 19401 I perfetto:    perfetto_cmd.cc:1124 Trace written into the output file
04-19 15:58:14.455  5406  5406 I perfetto: ng_service_impl.cc:2426 Tracing session 186 ended, total sessions:0
04-19 15:58:14.872 17564 17585 D Benchmark: Waiting 500 ms for [ProcessPid(processName=perfetto, pid=19401)] to die
04-19 15:58:14.985  8900  9466 W bt_stack: pause_registered_clients()
04-19 15:58:14.985  8900  9466 W bt_stack: le_scanning_manager :: OnPause()
04-19 15:58:14.985  8900  9466 W bt_stack: Stop LeSetScanEnable
04-19 15:58:14.985  8900  9466 W bt_stack: le_scanning_manager :: OnPause() - call AckPause
04-19 15:58:14.985  8900  9466 W bt_stack: le_impl :: OnPause()
04-19 15:58:14.985  8900  9466 W bt_stack: le_impl :: ConnectabilityState is DISARMED. Call AckPause()
04-19 15:58:14.990  8900  9466 W bt_stack: le_address_manager :: ack_pause()
04-19 15:58:14.990  8900  9466 W bt_stack: le_address_manager :: ack_pause() - make sure all client paused. Return
04-19 15:58:14.990  8900  9466 W bt_stack: le_address_manager :: ack_pause()
04-19 15:58:14.990  8900  9466 W bt_stack: le_address_manager :: ack_pause() - handle_next_command
04-19 15:58:14.990  8900  9466 W bt_stack: handle_next_command()
04-19 15:58:15.003  8900  9466 W bt_stack: Received command complete with op_code LE_SET_RANDOM_ADDRESS
04-19 15:58:15.003  8900  9466 W bt_stack: le_scanning_manager :: OnResume()
04-19 15:58:15.003  8900  9466 W bt_stack: Start LeSetScan
04-19 15:58:15.003  8900  9466 W bt_stack: le_scanning_manager :: OnResume() - call AckResume
04-19 15:58:15.004  8900  9466 W bt_stack: le_impl :: OnResume()
04-19 15:58:15.004  8900  9466 W bt_stack: le_impl :: check_for_unregister()
04-19 15:58:15.004  8900  9466 W bt_stack: le_address_manager :: ack_resume()
04-19 15:58:15.005  8900  9466 W bt_stack: le_address_manager :: ack_resume()
04-19 15:58:15.030 17564 17585 I PerfettoCapture: Writing to /storage/emulated/0/Android/data/org.jetbrains.android_benchmark.test/cache/Wolf3dBenchmark_valueDouble_2023-04-19-13-58-14.perfetto-trace.
04-19 15:58:15.204  5628  9811 D SemWifiUsabilityStatsMonitor: onWifiUsabilityStats - seqNum 36068, isSameBssidAndFreq true
04-19 15:58:15.209  5628  8422 I SemWifiLinkQualityMonitor: Link Qos Query: 0.023 ms / 346.400 Mbps (433 / 0.000 / 1.250)
04-19 15:58:15.210  8513  8513 D NetworkController.WifiSignalController: notifyListener: visible=true, connected=true, inetCondition=1, isDefault=true, wifiTestReported=true, receivedInetCondition=-1, hideDuringMobileSwitching=false
04-19 15:58:15.213  8513  8599 D Tile.WifiTile: handleUpdateState isTransient=false transientEnabling =false cb.isTransient=false state.state = 2 mStateBeforeClick.value =false enabled =true
04-19 15:58:15.356 30407 30407 I ResourceOverlayService_0: waitAndQuit called
04-19 15:58:15.358 30407 30407 I ResourceOverlayService_0: activity user id 0 process id 0
04-19 15:58:15.533 17564 17585 D Benchmark: Copying /storage/emulated/0/Android/data/org.jetbrains.android_benchmark.test/cache/Wolf3dBenchmark_valueDouble_2023-04-19-13-58-14.perfetto-trace to /sdcard/Android/media/org.jetbrains.android_benchmark.test/additional_test_output/Wolf3dBenchmark_valueDouble_2023-04-19-13-58-14.perfetto-trace
04-19 15:58:15.565 10919 18979 W MediaProvider: isAppCloneUserPair for user 0: false
04-19 15:58:15.901  5628 11464 D SyncManager: userId - 0 auto - true
04-19 15:58:16.041  5628  5714 W libprocessgroup: Failed to open /dev/blkio//cgroup.procs: No such file or directory
04-19 15:58:16.056 23109 15265 I NetworkScheduler.Stats: Task com.google.android.gms/com.google.android.gms.ipa.base.IpaGcmTaskService started execution. cause:9 exec_start_elapsed_seconds: 345741 [CONTEXT service_id=218 ]
04-19 15:58:16.067 23109 19577 I NetworkScheduler.Stats: Task com.google.android.gms/com.google.android.gms.ipa.base.IpaGcmTaskService finished executing. cause:9 result: 1 elapsed_millis: 55 uptime_millis: 56 exec_start_elapsed_seconds: 345741 [CONTEXT service_id=218 ]
04-19 15:58:16.071 23109 23109 D BoundBrokerSvc: onBind: Intent { act=com.google.android.gms.scheduler.ACTION_PROXY_SCHEDULE dat=chimera-action:/... cmp=com.google.android.gms/.chimera.PersistentApiService }
04-19 15:58:16.071 23109 23109 D BoundBrokerSvc: Loading bound service for intent: Intent { act=com.google.android.gms.scheduler.ACTION_PROXY_SCHEDULE dat=chimera-action:/... cmp=com.google.android.gms/.chimera.PersistentApiService }
04-19 15:58:16.360 30407 30407 I ResourceOverlayService_0: waitAndQuit called
04-19 15:58:16.361 30407 30407 I ResourceOverlayService_0: activity user id 0 process id 0
04-19 15:58:16.417  5628  5714 W libprocessgroup: Failed to open /dev/blkio//cgroup.procs: No such file or directory
04-19 15:58:16.453 13194 13194 I SCS@AiSearch user 0: (ObserverWorker::AOSP_MP) [main] entering in startWork():
04-19 15:58:16.453 13194 13194 I SCS@AiSearch user 0: (BaseCollector::AOSP_MP) [main] entering in onChange():
04-19 15:58:16.454 13194 15497 I SCS@AiSearch user 0: (BaseCollector::AOSP_MP) [AOSP_MP-0] entering in collectChanges():
04-19 15:58:16.490 10919 11687 I FuseDaemon: Threshold exceeded - fadvising 67117056
04-19 15:58:16.494 10919 11687 I FuseDaemon: Threshold now 0
04-19 15:58:16.525 17564 17585 I Benchmark: Wolf3dBenchmark.valueDouble[Metric (timeNs) results: median 4.32730596E8, min 4.11005269E8, max 4.54585154E8, standardDeviation: 7161589.385863689, Metric (allocationCount) results: median 8872482.0, min 8872480.0, max 8872488.0, standardDeviation: 3.1304951684997055]count=1
04-19 15:58:16.536 17564 17585 D Benchmark: writing results to /storage/emulated/0/Android/data/org.jetbrains.android_benchmark.test/cache/org.jetbrains.android_benchmark.test-benchmarkData.json
04-19 15:58:16.548 13194 15497 I SCS@AiSearch user 0: (BaseCollector::AOSP_MP) fetchInternal values : maxSyncId: 1000007868 indexCount: 1709 sourceCount: 1709
04-19 15:58:16.612 13194 15497 I SCS@AiSearch user 0: (IndexManager) [AOSP_MP-0] entering in addIndex():
