04-27 22:27:27.063 28498 28498 W ziparchive: Unable to open '/data/app/~~1wbyZG-ybDrhUxDpY6mkgw==/com.twitter.android-BzPfXiBbLb3hUkjME_S6rQ==/split_config.arm64_v8a.dm': No such file or directory
04-27 22:27:27.063 28498 28498 W ziparchive: Unable to open '/data/app/~~1wbyZG-ybDrhUxDpY6mkgw==/com.twitter.android-BzPfXiBbLb3hUkjME_S6rQ==/split_config.arm64_v8a.dm': No such file or directory
04-27 22:27:27.069 28498 28498 W twitter.android: Entry not found
04-27 22:27:27.080 28498 28498 W ziparchive: Unable to open '/data/app/~~1wbyZG-ybDrhUxDpY6mkgw==/com.twitter.android-BzPfXiBbLb3hUkjME_S6rQ==/split_config.en.dm': No such file or directory
04-27 22:27:27.081 28498 28498 W ziparchive: Unable to open '/data/app/~~1wbyZG-ybDrhUxDpY6mkgw==/com.twitter.android-BzPfXiBbLb3hUkjME_S6rQ==/split_config.en.dm': No such file or directory
04-27 22:27:27.085 28498 28498 W twitter.android: Entry not found
04-27 22:27:27.089 28498 28498 W ziparchive: Unable to open '/data/app/~~1wbyZG-ybDrhUxDpY6mkgw==/com.twitter.android-BzPfXiBbLb3hUkjME_S6rQ==/split_config.ru.dm': No such file or directory
04-27 22:27:27.089 28498 28498 W ziparchive: Unable to open '/data/app/~~1wbyZG-ybDrhUxDpY6mkgw==/com.twitter.android-BzPfXiBbLb3hUkjME_S6rQ==/split_config.ru.dm': No such file or directory
04-27 22:27:27.094 28498 28498 W twitter.android: Entry not found
04-27 22:27:27.098 28498 28498 W ziparchive: Unable to open '/data/app/~~1wbyZG-ybDrhUxDpY6mkgw==/com.twitter.android-BzPfXiBbLb3hUkjME_S6rQ==/split_config.xxhdpi.dm': No such file or directory
04-27 22:27:27.098 28498 28498 W ziparchive: Unable to open '/data/app/~~1wbyZG-ybDrhUxDpY6mkgw==/com.twitter.android-BzPfXiBbLb3hUkjME_S6rQ==/split_config.xxhdpi.dm': No such file or directory
04-27 22:27:27.103 28498 28498 W twitter.android: Entry not found
04-27 22:27:27.109 28498 28498 D nativeloader: Configuring classloader-namespace for other apk /data/app/~~1wbyZG-ybDrhUxDpY6mkgw==/com.twitter.android-BzPfXiBbLb3hUkjME_S6rQ==/base.apk:/data/app/~~1wbyZG-ybDrhUxDpY6mkgw==/com.twitter.android-BzPfXiBbLb3hUkjME_S6rQ==/split_config.arm64_v8a.apk:/data/app/~~1wbyZG-ybDrhUxDpY6mkgw==/com.twitter.android-BzPfXiBbLb3hUkjME_S6rQ==/split_config.en.apk:/data/app/~~1wbyZG-ybDrhUxDpY6mkgw==/com.twitter.android-BzPfXiBbLb3hUkjME_S6rQ==/split_config.ru.apk:/data/app/~~1wbyZG-ybDrhUxDpY6mkgw==/com.twitter.android-BzPfXiBbLb3hUkjME_S6rQ==/split_config.xxhdpi.apk. target_sdk_version=33, uses_libraries=, library_path=/data/app/~~1wbyZG-ybDrhUxDpY6mkgw==/com.twitter.android-BzPfXiBbLb3hUkjME_S6rQ==/lib/arm64:/data/app/~~1wbyZG-ybDrhUxDpY6mkgw==/com.twitter.android-BzPfXiBbLb3hUkjME_S6rQ==/base.apk!/lib/arm64-v8a:/data/app/~~1wbyZG-ybDrhUxDpY6mkgw==/com.twitter.android-BzPfXiBbLb3hUkjME_S6rQ==/split_config.arm64_v8a.apk!/lib/arm64-v8a:/data/app/~~1wbyZG-ybDrhUxDpY6mkgw==/com.twitter.android-BzPfXiBbLb3hUkjME_S6rQ==/split_c
04-27 22:27:27.121 28498 28498 W twitter.android: JIT profile information will not be recorded: profile file does not exist.
04-27 22:27:27.121 28498 28498 W twitter.android: JIT profile information will not be recorded: profile file does not exist.
04-27 22:27:27.121 28498 28498 W twitter.android: JIT profile information will not be recorded: profile file does not exist.
04-27 22:27:27.122 28498 28498 W twitter.android: JIT profile information will not be recorded: profile file does not exist.
04-27 22:27:27.145 15648 28518 I A       : (REDACTED) The syncToken for corpus %s is %s.
04-27 22:27:27.151 15648 28518 I A       : (REDACTED) The syncToken for corpus %s is %s.
04-27 22:27:27.195 28498 28498 V GraphicsEnvironment: ANGLE Developer option for 'com.twitter.android' set to: 'default'
04-27 22:27:27.197 28498 28498 V GraphicsEnvironment: ANGLE GameManagerService for com.twitter.android: false
04-27 22:27:27.198 28498 28498 V GraphicsEnvironment: Neither updatable production driver nor prerelease driver is supported.
04-27 22:27:27.213 28498 28498 D NetworkSecurityConfig: No Network Security Config specified, using platform default
04-27 22:27:27.225 28498 28498 D NetworkSecurityConfig: No Network Security Config specified, using platform default
04-27 22:27:27.250  5429  5751 D NetdEventListenerService: DNS Requested by : 108, 10233
04-27 22:27:27.281 15648 28518 D TrafficStats: tagSocket(191) with statsTag=0x0, statsUid=-1
04-27 22:27:27.518 28498 28498 D CompatibilityChangeReporter: Compat change id reported: 183155436; UID 10083; state: ENABLED
04-27 22:27:27.536  5429  7411 D SemWifiUsabilityStatsMonitor: onWifiUsabilityStats - seqNum 6395, isSameBssidAndFreq true
04-27 22:27:27.538  5429  5717 I SemWifiLinkQualityMonitor: Link Qos Query: 0.116 ms / 69.176 Mbps (72 / 0.000 / 1.041)
04-27 22:27:27.549 28498 28498 I FirebaseApp: Device unlocked: initializing all Firebase APIs for app [DEFAULT]
04-27 22:27:27.600 28498 28498 I FirebaseCrashlytics: Initializing Firebase Crashlytics 18.3.5 for com.twitter.android
04-27 22:27:27.636  5429  5705 I ChimeraAggressivePolicyHandler: executePolicy() - triggerSource: TRIGGER_SOURCE_LMKD
04-27 22:27:27.638  5429  5705 I ChimeraAggressivePolicyHandler: available memory: 931076, free memory target: 870400, quit chimera
04-27 22:27:27.681 15648 28570 I A       : (REDACTED) Writing data for these Geller corpora: %s
04-27 22:27:27.690 15648 28570 I A       : (REDACTED) Writing metadata key: %s, corpus: %s
04-27 22:27:27.699 15648 28570 I A       : (REDACTED) Writing metadata key: %s, corpus: %s
04-27 22:27:27.703 15648 28570 I A       : (REDACTED) Writing metadata key: %s, corpus: %s
04-27 22:27:27.716 15648 28570 I A       : (REDACTED) Writing data for these Geller corpora: %s
04-27 22:27:27.755 15648 28570 I A       : (REDACTED) Writing metadata key: %s, corpus: %s
04-27 22:27:27.765 28498 28572 I DynamiteModule: Considering local module com.google.android.gms.measurement.dynamite:86 and remote module com.google.android.gms.measurement.dynamite:88
04-27 22:27:27.765 15648 28570 I A       : (REDACTED) Writing metadata key: %s, corpus: %s
04-27 22:27:27.766 28498 28572 I DynamiteModule: Selected remote version of com.google.android.gms.measurement.dynamite, version >= 88
04-27 22:27:27.766 28498 28572 V DynamiteModule: Dynamite loader version >= 2, using loadModule2NoCrashUtils
04-27 22:27:27.814 28498 28572 W System  : ClassLoader referenced unknown path:
04-27 22:27:27.817 28498 28572 D nativeloader: Configuring classloader-namespace for other apk . target_sdk_version=33, uses_libraries=, library_path=/data/app/~~fupSe7mT3TYRtpByrpi4GQ==/com.google.android.gms-bmnvTG7hLJarQuEcM9Lr_Q==/lib/arm64:/data/app/~~fupSe7mT3TYRtpByrpi4GQ==/com.google.android.gms-bmnvTG7hLJarQuEcM9Lr_Q==/base.apk!/lib/arm64-v8a, permitted_path=/data:/mnt/expand:/data/user/0/com.google.android.gms
04-27 22:27:27.955 28498 28498 I FirebaseInitProvider: FirebaseApp initialization successful
04-27 22:27:28.006 28498 28582 W twitter.android: Accessing hidden field Ljava/util/Collections$SynchronizedCollection;->mutex:Ljava/lang/Object; (max-target-o, reflection, denied)
04-27 22:27:28.042 15648 15738 I SettingsDataLayer.PR: PR status onSyncCompleted called in TNG
04-27 22:27:28.063 28498 28582 W twitter.android: Accessing hidden method Ljava/util/Collections$SynchronizedSet;-><init>(Ljava/util/Set;Ljava/lang/Object;)V (max-target-o, reflection, denied)
04-27 22:27:28.064 28498 28582 W twitter.android: Accessing hidden method Ljava/util/Collections$SynchronizedCollection;-><init>(Ljava/util/Collection;Ljava/lang/Object;)V (max-target-o, reflection, denied)
04-27 22:27:28.074  8401 10559 I SettingsDataLayer.CN: (REDACTED) OnChange called on field %s
04-27 22:27:28.090 28498 28574 D libcrashlytics: Initializing libcrashlytics version 3.2.0
04-27 22:27:28.103 15648 15735 I SettingsDataLayer.PR: (REDACTED) PR status onSyncCompleted updated in TNG to %s
04-27 22:27:28.105 15648 15738 I A       : getLocaleToModelSpecsMap
04-27 22:27:28.108 15648 15738 I A       : getLocaleToModelSpecsMap
04-27 22:27:28.108 15648 15738 I A       : getLocaleToModelSpecsMap
04-27 22:27:28.119 15648 15738 I A       : getLocaleToModelSpecsMap
04-27 22:27:28.120 15648 15738 I A       : Proto config empty. Exit merge.
04-27 22:27:28.127 15648 15738 I A       : getLocaleToModelSpecsMap
04-27 22:27:28.128 15648 15738 I A       : getLocaleToModelSpecsMap
04-27 22:27:28.129 15648 15738 I A       : getLocaleToModelSpecsMap
04-27 22:27:28.131 15648 15745 I A       : Geller-AiAi egress is not enabled
04-27 22:27:28.131 15648 15738 I A       : getLocaleToModelSpecsMap
04-27 22:27:28.132 15648 15738 I A       : Proto config empty. Exit merge.
04-27 22:27:28.144 15648 15738 I A       : getLocaleToModelSpecsMap
04-27 22:27:28.145 15648 15738 I A       : getLocaleToModelSpecsMap
04-27 22:27:28.145 15648 15738 I A       : getLocaleToModelSpecsMap
04-27 22:27:28.148 15648 15738 I A       : getLocaleToModelSpecsMap
04-27 22:27:28.148 15648 15738 I A       : Proto config empty. Exit merge.
04-27 22:27:28.153  5429  5739 D WifiConnectivityMonitor: start WCM Poll.
04-27 22:27:28.160 15648 15738 I A       : PR status onSyncCompleted called
04-27 22:27:28.203 15648 15745 E A       : (REDACTED) Failed to share %s data to AiAi.
04-27 22:27:28.203 15648 15745 E A       : com.google.android.libraries.geller.d.f: Geller AiAi data share is not enabled
04-27 22:27:28.203 15648 15745 E A       : 	at com.google.android.apps.search.assistant.libraries.d.b.g.c(PG:2)
04-27 22:27:28.203 15648 15745 E A       : 	at com.google.android.apps.search.assistant.libraries.d.b.g.b(PG:1)
04-27 22:27:28.203 15648 15745 E A       : 	at com.google.android.apps.search.assistant.libraries.d.b.a.d.a(PG:4)
04-27 22:27:28.203 15648 15745 E A       : 	at com.google.apps.tiktok.tracing.eu.a(PG:3)
04-27 22:27:28.203 15648 15745 E A       : 	at com.google.common.util.concurrent.bc.a(PG:1)
04-27 22:27:28.203 15648 15745 E A       : 	at com.google.common.util.concurrent.cw.run(PG:4)
04-27 22:27:28.203 15648 15745 E A       : 	at com.google.android.libraries.j.y.run(PG:1)
04-27 22:27:28.203 15648 15745 E A       : 	at java.util.concurrent.ThreadPoolExecutor.runWorker(ThreadPoolExecutor.java:1137)
04-27 22:27:28.203 15648 15745 E A       : 	at java.util.concurrent.ThreadPoolExecutor$Worker.run(ThreadPoolExecutor.java:637)
04-27 22:27:28.203 15648 15745 E A       : 	at com.google.android.libraries.j.g.run(PG:2)
04-27 22:27:28.203 15648 15745 E A       : 	at java.lang.Thread.run(Thread.java:1012)
04-27 22:27:28.203 15648 15745 E A       : 	at com.google.android.libraries.j.ag.run(PG:5)
04-27 22:27:28.216 15648 15705 I WM-WorkerWrapper: Worker result SUCCESS for Work [ id=67456112-1676-4d16-b988-c7c858350d78, tags={ com.google.apps.tiktok.contrib.work.TikTokListenableWorker, TikTokWorker#com.google.apps.tiktok.sync.impl.workmanager.SyncWorker } ]
04-27 22:27:28.243 15648 28570 I A       : (REDACTED) PR status onSyncCompleted updated to %s
04-27 22:27:28.248 15648 15648 D ConnectivityManager: StackLog: [android.net.ConnectivityManager.unregisterNetworkCallback(ConnectivityManager.java:4863)] [androidx.work.impl.utils.m.b(PG:1)] [androidx.work.impl.a.b.l.e(PG:2)] [androidx.work.impl.a.b.i.f(PG:2)] [androidx.work.impl.a.e.a(PG:13)] [androidx.work.impl.background.a.d.a(PG:7)] [androidx.work.impl.s.a(PG:8)] [androidx.work.impl.r.run(PG:2)]
04-27 22:27:28.250  5429  5665 D ConnectivityService:  Removing from current network [108 WIFI], leaving 149 requests.
04-27 22:27:28.385 28498 28574 D libcrashlytics: Initializing native crash handling successful.
04-27 22:27:28.485  5429  6256 D PackageManager: setEnabledSetting : userId = 0 packageName = com.google.android.googlequicksearchbox cmp = androidx.work.impl.background.systemalarm.RescheduleReceiver newState = 1 callingPackage = 10233/com.google.android.googlequicksearchbox
04-27 22:27:28.489  5429  6256 D ApplicationPolicy: getApplicationStateEnabled : pkg = com.google.android.googlequicksearchbox userId : 0
04-27 22:27:28.492  5429  6256 D ApplicationPolicy: getApplicationComponentState : pkg = com.google.android.googlequicksearchbox userId : 0
04-27 22:27:28.608 15648 15707 I A       : NGA disabled since it's running Panthera and at least one a11y feature is on.
04-27 22:27:28.611  5429  6683 D PackageManager: setEnabledSetting : userId = 0 packageName = com.google.android.googlequicksearchbox cmp = androidx.work.impl.background.systemalarm.RescheduleReceiver newState = 1 callingPackage = 10233/com.google.android.googlequicksearchbox
04-27 22:27:28.612  5429  6683 D ApplicationPolicy: getApplicationStateEnabled : pkg = com.google.android.googlequicksearchbox userId : 0
04-27 22:27:28.613  5429  6683 D ApplicationPolicy: getApplicationComponentState : pkg = com.google.android.googlequicksearchbox userId : 0
04-27 22:27:28.681  5429  6683 D PackageManager: setEnabledSetting : userId = 0 packageName = com.google.android.googlequicksearchbox cmp = androidx.work.impl.background.systemalarm.RescheduleReceiver newState = 1 callingPackage = 10233/com.google.android.googlequicksearchbox
04-27 22:27:28.683  5429  6683 D ApplicationPolicy: getApplicationStateEnabled : pkg = com.google.android.googlequicksearchbox userId : 0
04-27 22:27:28.685  5429  6683 D ApplicationPolicy: getApplicationComponentState : pkg = com.google.android.googlequicksearchbox userId : 0
04-27 22:27:28.741  5429  6683 D PackageManager: setEnabledSetting : userId = 0 packageName = com.google.android.googlequicksearchbox cmp = androidx.work.impl.background.systemalarm.RescheduleReceiver newState = 1 callingPackage = 10233/com.google.android.googlequicksearchbox
04-27 22:27:28.743  5429  6683 D ApplicationPolicy: getApplicationStateEnabled : pkg = com.google.android.googlequicksearchbox userId : 0
04-27 22:27:28.744  5429  6683 D ApplicationPolicy: getApplicationComponentState : pkg = com.google.android.googlequicksearchbox userId : 0
04-27 22:27:28.751 28498 28587 I FA      : App measurement initialized, version: 76011
04-27 22:27:28.751 28498 28587 I FA      : To enable debug logging run: adb shell setprop log.tag.FA VERBOSE
04-27 22:27:28.752 28498 28587 I FA      : To enable faster debug mode event logging run:
04-27 22:27:28.752 28498 28587 I FA      :   adb shell setprop debug.firebase.analytics.app com.twitter.android
04-27 22:27:28.848 11246 11246 D BoundBrokerSvc: onBind: Intent { act=com.google.android.gms.measurement.START pkg=com.google.android.gms }
04-27 22:27:28.848 11246 11246 D BoundBrokerSvc: Loading bound service for intent: Intent { act=com.google.android.gms.measurement.START pkg=com.google.android.gms }
04-27 22:27:28.939 28498 28640 W twitter.android: Accessing hidden method Landroid/telephony/SignalStrength;->getLteRssnr()I (max-target-p, reflection, denied)
04-27 22:27:29.097  5429  6683 D PackageManager: setEnabledSetting : userId = 0 packageName = com.twitter.android cmp = androidx.work.impl.background.systemjob.SystemJobService newState = 1 callingPackage = 10083/com.twitter.android
04-27 22:27:29.099  5429  6683 D ApplicationPolicy: getApplicationStateEnabled : pkg = com.twitter.android userId : 0
04-27 22:27:29.101  5429  6683 D ApplicationPolicy: getApplicationComponentState : pkg = com.twitter.android userId : 0
04-27 22:27:29.194 28498 28498 I Choreographer: Skipped 51 frames!  The application may be doing too much work on its main thread.
04-27 22:27:29.256 28498 28498 D CompatibilityChangeReporter: Compat change id reported: 147600208; UID 10083; state: ENABLED
04-27 22:27:29.407 11246 11246 D BoundBrokerSvc: onBind: Intent { act=com.google.android.gms.appset.service.START dat=chimera-action:/... cmp=com.google.android.gms/.chimera.GmsApiService }
04-27 22:27:29.407 11246 11246 D BoundBrokerSvc: Loading bound service for intent: Intent { act=com.google.android.gms.appset.service.START dat=chimera-action:/... cmp=com.google.android.gms/.chimera.GmsApiService }
04-27 22:27:29.417  5429  5438 I system_server: Background young concurrent copying GC freed 358570(13MB) AllocSpace objects, 56(1120KB) LOS objects, 11% free, 109MB/124MB, paused 433us,774us total 169.703ms
04-27 22:27:29.431 28498 28661 D CompatibilityChangeReporter: Compat change id reported: 160794467; UID 10083; state: ENABLED
04-27 22:27:29.467  5429  5440 W System  : A resource failed to call close.
04-27 22:27:29.477  5429  5440 W System  : A resource failed to call close.
04-27 22:27:29.509 28498 28511 W libc    : Access denied finding property "sys.perf.boostopt"
04-27 22:27:29.511  4899  4899 E audit   : type=1400 audit(1682627249.503:20100): avc:  denied  { read } for  pid=28498 comm="binder:28498_2" name="u:object_r:perf_prop:s0" dev="tmpfs" ino=21617 scontext=u:r:untrusted_app:s0:c83,c256,c512,c768 tcontext=u:object_r:perf_prop:s0 tclass=file permissive=0 SEPF_SM-A515F_13_0001 audit_filtered
04-27 22:27:29.511  4899  4899 E audit   : type=1300 audit(1682627249.503:20100): arch=c00000b7 syscall=56 success=no exit=-13 a0=ffffff9c a1=7804ab32f8 a2=88000 a3=0 items=0 ppid=4924 pid=28498 auid=4294967295 uid=10083 gid=10083 euid=10083 suid=10083 fsuid=10083 egid=10083 sgid=10083 fsgid=10083 tty=(none) ses=4294967295 comm="binder:28498_2" exe="/system/bin/app_process64" subj=u:r:untrusted_app:s0:c83,c256,c512,c768 key=(null)
04-27 22:27:29.511  4899  4899 E audit   : type=1327 audit(1682627249.503:20100): proctitle="com.twitter.android"
04-27 22:27:29.513 28498 28661 D CompatibilityChangeReporter: Compat change id reported: 194532703; UID 10083; state: ENABLED
04-27 22:27:29.670  5429  6256 D PackageManager: setEnabledSetting : userId = 0 packageName = com.Slack cmp = androidx.work.impl.background.systemalarm.RescheduleReceiver newState = 1 callingPackage = 10329/com.Slack
04-27 22:27:29.673  5429  6256 D ApplicationPolicy: getApplicationStateEnabled : pkg = com.Slack userId : 0
04-27 22:27:29.675  5429  6256 D ApplicationPolicy: getApplicationComponentState : pkg = com.Slack userId : 0
04-27 22:27:29.699  5429  5488 W libprocessgroup: Failed to open /dev/blkio//cgroup.procs: No such file or directory
04-27 22:27:29.712 28498 28659 W DynamiteModule: Local module descriptor class for com.google.android.gms.providerinstaller.dynamite not found.
04-27 22:27:29.717  6734 10831 W ProviderHelper: Unknown dynamite feature providerinstaller.dynamite
04-27 22:27:29.721 31104 31168 D ConnectivityManager: StackLog: [android.net.ConnectivityManager.sendRequestForNetwork(ConnectivityManager.java:4191)] [android.net.ConnectivityManager.registerDefaultNetworkCallbackForUid(ConnectivityManager.java:4755)] [android.net.ConnectivityManager.registerDefaultNetworkCallback(ConnectivityManager.java:4722)] [android.net.ConnectivityManager.registerDefaultNetworkCallback(ConnectivityManager.java:4696)] [androidx.work.impl.utils.NetworkApi24.registerDefaultNetworkCallbackCompat(Unknown Source:10)] [androidx.work.impl.constraints.trackers.NetworkStateTracker24.startTracking(Unknown Source:15)] [androidx.work.impl.constraints.controllers.ConstraintController.replace(Unknown Source:130)] [androidx.work.impl.constraints.WorkConstraintsTrackerImpl.replace(Unknown Source:41)] [androidx.work.impl.background.greedy.GreedyScheduler.schedule(Unknown Source:300)] [androidx.work.impl.Schedulers.schedule(Unknown Source:149)] [androidx.work.impl.utils.EnqueueRunnable.run(Unknown Source:53)] [androidx.work.Worker$2.run$androidx$work$impl$utils$SerialExecutorImpl$Task(Unknown Source:4)] [androidx.work.Worker$2.run(Unknown Source:868)] [java.util.concurrent.ThreadPoolExecutor.runWorker(ThreadPoolExecutor.java:1137)] [java.util.concurrent.ThreadPoolExecutor$Worker.run(ThreadPoolExecutor.java:637)] [java.lang.Thread.run(Thread.java:1012)]
04-27 22:27:29.724  5429  6256 D ConnectivityService: requestNetwork for uid/pid:10329/31104 activeRequest: null callbackRequest: 4815 [NetworkRequest [ REQUEST id=4816, [ Capabilities: INTERNET&NOT_RESTRICTED&TRUSTED&NOT_VCN_MANAGED Uid: 10329 RequestorUid: 10329 RequestorPkg: com.Slack UnderlyingNetworks: Null] ]] callback flags: 0 order: 2147483647
04-27 22:27:29.725  5429  5665 D ConnectivityService:    accepting network in place of null
04-27 22:27:29.733  5429  5655 D WifiNetworkFactory: got request NetworkRequest [ REQUEST id=4816, [ Capabilities: INTERNET&NOT_RESTRICTED&TRUSTED&NOT_VCN_MANAGED Uid: 10329 RequestorUid: 10329 RequestorPkg: com.Slack UnderlyingNetworks: Null] ]
04-27 22:27:29.733  5429  5655 D UntrustedWifiNetworkFactory: got request NetworkRequest [ REQUEST id=4816, [ Capabilities: INTERNET&NOT_RESTRICTED&TRUSTED&NOT_VCN_MANAGED Uid: 10329 RequestorUid: 10329 RequestorPkg: com.Slack UnderlyingNetworks: Null] ]
04-27 22:27:29.735  5429  5655 D OemPaidWifiNetworkFactory: got request NetworkRequest [ REQUEST id=4816, [ Capabilities: INTERNET&NOT_RESTRICTED&TRUSTED&NOT_VCN_MANAGED Uid: 10329 RequestorUid: 10329 RequestorPkg: com.Slack UnderlyingNetworks: Null] ]
04-27 22:27:29.736  5429  5665 D ConnectivityService: Rematched networks [computed 1ms] [applied 1ms] [issued 10]
04-27 22:27:29.736  5429  5655 D MultiInternetWifiNetworkFactory: got request NetworkRequest [ REQUEST id=4816, [ Capabilities: INTERNET&NOT_RESTRICTED&TRUSTED&NOT_VCN_MANAGED Uid: 10329 RequestorUid: 10329 RequestorPkg: com.Slack UnderlyingNetworks: Null] ]
04-27 22:27:29.737  5429  5665 D ConnectivityService: NetworkReassignment :
04-27 22:27:29.737  5429  5665 D ConnectivityService:   4816 : null → 108
04-27 22:27:29.762 31104 31104 D ConnectivityManager: StackLog: [android.net.ConnectivityManager.unregisterNetworkCallback(ConnectivityManager.java:4863)] [androidx.work.impl.utils.NetworkApi21.unregisterNetworkCallbackCompat(Unknown Source:10)] [androidx.work.impl.constraints.trackers.NetworkStateTracker24.stopTracking(Unknown Source:15)] [androidx.work.impl.constraints.trackers.ConstraintTracker.removeListener(Unknown Source:24)] [androidx.work.impl.constraints.controllers.ConstraintController.replace(Unknown Source:81)] [androidx.work.impl.constraints.WorkConstraintsTrackerImpl.replace(Unknown Source:41)] [androidx.work.impl.background.greedy.GreedyScheduler.onExecuted(Unknown Source:55)] [androidx.work.impl.Processor.onExecuted(Unknown Source:59)] [com.bugsnag.android.DeliveryDelegate$1.run(Unknown Source:212)]
04-27 22:27:29.764  5429  5665 D ConnectivityService:  Removing from current network [108 WIFI], leaving 149 requests.
04-27 22:27:29.778 27376 27376 I [AUTHFW][PASS]AuthFwApp: otlv80
04-27 22:27:29.780 24151 24151 I SCS@AiSearch user 0: (SearchProvider) onTrimMemory(): 60
04-27 22:27:29.794 28498 28659 I DynamiteModule: Considering local module com.google.android.gms.providerinstaller.dynamite:0 and remote module com.google.android.gms.providerinstaller.dynamite:0
04-27 22:27:29.795 28498 28659 W ProviderInstaller: Failed to load providerinstaller module: No acceptable module com.google.android.gms.providerinstaller.dynamite found. Local version is 0 and remote version is 0.
04-27 22:27:29.986 28498 28643 V SoLoader: libtwittermedia.so not found on /data/app/~~1wbyZG-ybDrhUxDpY6mkgw==/com.twitter.android-BzPfXiBbLb3hUkjME_S6rQ==/lib/arm64
04-27 22:27:29.987 28498 28643 V SoLoader: libtwittermedia.so not found on /data/app/~~1wbyZG-ybDrhUxDpY6mkgw==/com.twitter.android-BzPfXiBbLb3hUkjME_S6rQ==/split_config.en.apk!/lib/arm64-v8a
04-27 22:27:29.987 28498 28643 V SoLoader: libtwittermedia.so not found on /data/app/~~1wbyZG-ybDrhUxDpY6mkgw==/com.twitter.android-BzPfXiBbLb3hUkjME_S6rQ==/base.apk!/lib/arm64-v8a
04-27 22:27:29.987 28498 28643 V SoLoader: libtwittermedia.so not found on /data/app/~~1wbyZG-ybDrhUxDpY6mkgw==/com.twitter.android-BzPfXiBbLb3hUkjME_S6rQ==/split_config.arm64_v8a.apk!/lib/arm64-v8a
04-27 22:27:29.987 28498 28643 V SoLoader: libtwittermedia.so not found on /data/app/~~1wbyZG-ybDrhUxDpY6mkgw==/com.twitter.android-BzPfXiBbLb3hUkjME_S6rQ==/split_config.ru.apk!/lib/arm64-v8a
04-27 22:27:29.987 28498 28643 V SoLoader: libtwittermedia.so not found on /data/app/~~1wbyZG-ybDrhUxDpY6mkgw==/com.twitter.android-BzPfXiBbLb3hUkjME_S6rQ==/split_config.xxhdpi.apk!/lib/arm64-v8a
04-27 22:27:29.987 28498 28643 V SoLoader: libtwittermedia.so not found on /data/app/~~1wbyZG-ybDrhUxDpY6mkgw==/com.twitter.android-BzPfXiBbLb3hUkjME_S6rQ==/split_config.xxhdpi.apk!/lib/arm64-v8a
04-27 22:27:29.987 28498 28643 V SoLoader: libtwittermedia.so not found on /data/app/~~1wbyZG-ybDrhUxDpY6mkgw==/com.twitter.android-BzPfXiBbLb3hUkjME_S6rQ==/split_config.ru.apk!/lib/arm64-v8a
04-27 22:27:29.987 28498 28643 V SoLoader: libtwittermedia.so not found on /data/app/~~1wbyZG-ybDrhUxDpY6mkgw==/com.twitter.android-BzPfXiBbLb3hUkjME_S6rQ==/split_config.en.apk!/lib/arm64-v8a
04-27 22:27:29.997 28498 28642 W twitter.android: Long monitor contention with owner io-core-Thread-0 (28640) at java.lang.Object cp8.get()(Twttr:68) waiters=0 in java.lang.Object cp8.get() for 627ms
04-27 22:27:30.003 28498 28498 W twitter.android: Long monitor contention with owner io-core-Thread-1 (28642) at java.lang.Object cp8.get()(Twttr:68) waiters=0 in java.lang.Object cp8.get() for 496ms
04-27 22:27:30.012 28498 28643 V SoLoader: liblog.so not found on /data/app/~~1wbyZG-ybDrhUxDpY6mkgw==/com.twitter.android-BzPfXiBbLb3hUkjME_S6rQ==/lib/arm64
04-27 22:27:30.012 28498 28643 V SoLoader: liblog.so not found on /data/app/~~1wbyZG-ybDrhUxDpY6mkgw==/com.twitter.android-BzPfXiBbLb3hUkjME_S6rQ==/split_config.en.apk!/lib/arm64-v8a
04-27 22:27:30.012 28498 28643 V SoLoader: liblog.so not found on /data/app/~~1wbyZG-ybDrhUxDpY6mkgw==/com.twitter.android-BzPfXiBbLb3hUkjME_S6rQ==/base.apk!/lib/arm64-v8a
04-27 22:27:30.012 28498 28643 V SoLoader: liblog.so not found on /data/app/~~1wbyZG-ybDrhUxDpY6mkgw==/com.twitter.android-BzPfXiBbLb3hUkjME_S6rQ==/split_config.arm64_v8a.apk!/lib/arm64-v8a
04-27 22:27:30.012 28498 28643 V SoLoader: liblog.so not found on /data/app/~~1wbyZG-ybDrhUxDpY6mkgw==/com.twitter.android-BzPfXiBbLb3hUkjME_S6rQ==/split_config.ru.apk!/lib/arm64-v8a
04-27 22:27:30.012 28498 28643 V SoLoader: liblog.so not found on /data/app/~~1wbyZG-ybDrhUxDpY6mkgw==/com.twitter.android-BzPfXiBbLb3hUkjME_S6rQ==/split_config.xxhdpi.apk!/lib/arm64-v8a
04-27 22:27:30.012 28498 28643 V SoLoader: liblog.so not found on /data/app/~~1wbyZG-ybDrhUxDpY6mkgw==/com.twitter.android-BzPfXiBbLb3hUkjME_S6rQ==/split_config.xxhdpi.apk!/lib/arm64-v8a
04-27 22:27:30.012 28498 28643 V SoLoader: liblog.so not found on /data/app/~~1wbyZG-ybDrhUxDpY6mkgw==/com.twitter.android-BzPfXiBbLb3hUkjME_S6rQ==/split_config.ru.apk!/lib/arm64-v8a
04-27 22:27:30.013 28498 28643 V SoLoader: liblog.so not found on /data/app/~~1wbyZG-ybDrhUxDpY6mkgw==/com.twitter.android-BzPfXiBbLb3hUkjME_S6rQ==/split_config.en.apk!/lib/arm64-v8a
04-27 22:27:30.013 28498 28643 V SoLoader: liblog.so not found on /data/app/~~1wbyZG-ybDrhUxDpY6mkgw==/com.twitter.android-BzPfXiBbLb3hUkjME_S6rQ==/split_config.arm64_v8a.apk!/lib/arm64-v8a
04-27 22:27:30.013 28498 28643 D SoLoader: liblog.so found on /system/lib64
04-27 22:27:30.013 28498 28643 D SoLoader: liblog.so loaded implicitly
04-27 22:27:30.014 28498 28643 V SoLoader: libGLESv2.so not found on /data/app/~~1wbyZG-ybDrhUxDpY6mkgw==/com.twitter.android-BzPfXiBbLb3hUkjME_S6rQ==/lib/arm64
04-27 22:27:30.014 28498 28643 V SoLoader: libGLESv2.so not found on /data/app/~~1wbyZG-ybDrhUxDpY6mkgw==/com.twitter.android-BzPfXiBbLb3hUkjME_S6rQ==/split_config.en.apk!/lib/arm64-v8a
04-27 22:27:30.014 28498 28643 V SoLoader: libGLESv2.so not found on /data/app/~~1wbyZG-ybDrhUxDpY6mkgw==/com.twitter.android-BzPfXiBbLb3hUkjME_S6rQ==/base.apk!/lib/arm64-v8a
04-27 22:27:30.014 28498 28643 V SoLoader: libGLESv2.so not found on /data/app/~~1wbyZG-ybDrhUxDpY6mkgw==/com.twitter.android-BzPfXiBbLb3hUkjME_S6rQ==/split_config.arm64_v8a.apk!/lib/arm64-v8a
04-27 22:27:30.014 28498 28643 V SoLoader: libGLESv2.so not found on /data/app/~~1wbyZG-ybDrhUxDpY6mkgw==/com.twitter.android-BzPfXiBbLb3hUkjME_S6rQ==/split_config.ru.apk!/lib/arm64-v8a
04-27 22:27:30.014 28498 28643 V SoLoader: libGLESv2.so not found on /data/app/~~1wbyZG-ybDrhUxDpY6mkgw==/com.twitter.android-BzPfXiBbLb3hUkjME_S6rQ==/split_config.xxhdpi.apk!/lib/arm64-v8a
04-27 22:27:30.014 28498 28643 V SoLoader: libGLESv2.so not found on /data/app/~~1wbyZG-ybDrhUxDpY6mkgw==/com.twitter.android-BzPfXiBbLb3hUkjME_S6rQ==/split_config.xxhdpi.apk!/lib/arm64-v8a
04-27 22:27:30.014 28498 28643 V SoLoader: libGLESv2.so not found on /data/app/~~1wbyZG-ybDrhUxDpY6mkgw==/com.twitter.android-BzPfXiBbLb3hUkjME_S6rQ==/split_config.ru.apk!/lib/arm64-v8a
04-27 22:27:30.014 28498 28643 V SoLoader: libGLESv2.so not found on /data/app/~~1wbyZG-ybDrhUxDpY6mkgw==/com.twitter.android-BzPfXiBbLb3hUkjME_S6rQ==/split_config.en.apk!/lib/arm64-v8a
04-27 22:27:30.015 28498 28643 V SoLoader: libGLESv2.so not found on /data/app/~~1wbyZG-ybDrhUxDpY6mkgw==/com.twitter.android-BzPfXiBbLb3hUkjME_S6rQ==/split_config.arm64_v8a.apk!/lib/arm64-v8a
04-27 22:27:30.015 28498 28643 D SoLoader: libGLESv2.so found on /system/lib64
04-27 22:27:30.015 28498 28643 D SoLoader: libGLESv2.so loaded implicitly
04-27 22:27:30.027 28498 28643 V SoLoader: libjnigraphics.so not found on /data/app/~~1wbyZG-ybDrhUxDpY6mkgw==/com.twitter.android-BzPfXiBbLb3hUkjME_S6rQ==/lib/arm64
04-27 22:27:30.027 28498 28643 V SoLoader: libjnigraphics.so not found on /data/app/~~1wbyZG-ybDrhUxDpY6mkgw==/com.twitter.android-BzPfXiBbLb3hUkjME_S6rQ==/split_config.en.apk!/lib/arm64-v8a
04-27 22:27:30.027 28498 28643 V SoLoader: libjnigraphics.so not found on /data/app/~~1wbyZG-ybDrhUxDpY6mkgw==/com.twitter.android-BzPfXiBbLb3hUkjME_S6rQ==/base.apk!/lib/arm64-v8a
04-27 22:27:30.027 28498 28643 V SoLoader: libjnigraphics.so not found on /data/app/~~1wbyZG-ybDrhUxDpY6mkgw==/com.twitter.android-BzPfXiBbLb3hUkjME_S6rQ==/split_config.arm64_v8a.apk!/lib/arm64-v8a
04-27 22:27:30.028 28498 28643 V SoLoader: libjnigraphics.so not found on /data/app/~~1wbyZG-ybDrhUxDpY6mkgw==/com.twitter.android-BzPfXiBbLb3hUkjME_S6rQ==/split_config.ru.apk!/lib/arm64-v8a
04-27 22:27:30.028 28498 28643 V SoLoader: libjnigraphics.so not found on /data/app/~~1wbyZG-ybDrhUxDpY6mkgw==/com.twitter.android-BzPfXiBbLb3hUkjME_S6rQ==/split_config.xxhdpi.apk!/lib/arm64-v8a
04-27 22:27:30.028 28498 28643 V SoLoader: libjnigraphics.so not found on /data/app/~~1wbyZG-ybDrhUxDpY6mkgw==/com.twitter.android-BzPfXiBbLb3hUkjME_S6rQ==/split_config.xxhdpi.apk!/lib/arm64-v8a
04-27 22:27:30.028 28498 28643 V SoLoader: libjnigraphics.so not found on /data/app/~~1wbyZG-ybDrhUxDpY6mkgw==/com.twitter.android-BzPfXiBbLb3hUkjME_S6rQ==/split_config.ru.apk!/lib/arm64-v8a
04-27 22:27:30.028 28498 28643 V SoLoader: libjnigraphics.so not found on /data/app/~~1wbyZG-ybDrhUxDpY6mkgw==/com.twitter.android-BzPfXiBbLb3hUkjME_S6rQ==/split_config.en.apk!/lib/arm64-v8a
04-27 22:27:30.028 28498 28643 V SoLoader: libjnigraphics.so not found on /data/app/~~1wbyZG-ybDrhUxDpY6mkgw==/com.twitter.android-BzPfXiBbLb3hUkjME_S6rQ==/split_config.arm64_v8a.apk!/lib/arm64-v8a
04-27 22:27:30.028 28498 28643 D SoLoader: libjnigraphics.so found on /system/lib64
04-27 22:27:30.028 28498 28643 D SoLoader: libjnigraphics.so loaded implicitly
04-27 22:27:30.042 28498 28643 V SoLoader: libz.so not found on /data/app/~~1wbyZG-ybDrhUxDpY6mkgw==/com.twitter.android-BzPfXiBbLb3hUkjME_S6rQ==/lib/arm64
04-27 22:27:30.045 28498 28643 V SoLoader: libz.so not found on /data/app/~~1wbyZG-ybDrhUxDpY6mkgw==/com.twitter.android-BzPfXiBbLb3hUkjME_S6rQ==/split_config.en.apk!/lib/arm64-v8a
04-27 22:27:30.045 28498 28643 V SoLoader: libz.so not found on /data/app/~~1wbyZG-ybDrhUxDpY6mkgw==/com.twitter.android-BzPfXiBbLb3hUkjME_S6rQ==/base.apk!/lib/arm64-v8a
04-27 22:27:30.046 28498 28643 V SoLoader: libz.so not found on /data/app/~~1wbyZG-ybDrhUxDpY6mkgw==/com.twitter.android-BzPfXiBbLb3hUkjME_S6rQ==/split_config.arm64_v8a.apk!/lib/arm64-v8a
04-27 22:27:30.046 28498 28643 V SoLoader: libz.so not found on /data/app/~~1wbyZG-ybDrhUxDpY6mkgw==/com.twitter.android-BzPfXiBbLb3hUkjME_S6rQ==/split_config.ru.apk!/lib/arm64-v8a
04-27 22:27:30.046 28498 28643 V SoLoader: libz.so not found on /data/app/~~1wbyZG-ybDrhUxDpY6mkgw==/com.twitter.android-BzPfXiBbLb3hUkjME_S6rQ==/split_config.xxhdpi.apk!/lib/arm64-v8a
04-27 22:27:30.046 28498 28643 V SoLoader: libz.so not found on /data/app/~~1wbyZG-ybDrhUxDpY6mkgw==/com.twitter.android-BzPfXiBbLb3hUkjME_S6rQ==/split_config.xxhdpi.apk!/lib/arm64-v8a
04-27 22:27:30.046 28498 28643 V SoLoader: libz.so not found on /data/app/~~1wbyZG-ybDrhUxDpY6mkgw==/com.twitter.android-BzPfXiBbLb3hUkjME_S6rQ==/split_config.ru.apk!/lib/arm64-v8a
04-27 22:27:30.046 28498 28643 V SoLoader: libz.so not found on /data/app/~~1wbyZG-ybDrhUxDpY6mkgw==/com.twitter.android-BzPfXiBbLb3hUkjME_S6rQ==/split_config.en.apk!/lib/arm64-v8a
04-27 22:27:30.047 28498 28643 V SoLoader: libz.so not found on /data/app/~~1wbyZG-ybDrhUxDpY6mkgw==/com.twitter.android-BzPfXiBbLb3hUkjME_S6rQ==/split_config.arm64_v8a.apk!/lib/arm64-v8a
04-27 22:27:30.047 28498 28643 D SoLoader: libz.so found on /system/lib64
04-27 22:27:30.048 28498 28643 D SoLoader: libz.so loaded implicitly
04-27 22:27:30.049 28498 28643 V SoLoader: libm.so not found on /data/app/~~1wbyZG-ybDrhUxDpY6mkgw==/com.twitter.android-BzPfXiBbLb3hUkjME_S6rQ==/lib/arm64
04-27 22:27:30.049 28498 28643 V SoLoader: libm.so not found on /data/app/~~1wbyZG-ybDrhUxDpY6mkgw==/com.twitter.android-BzPfXiBbLb3hUkjME_S6rQ==/split_config.en.apk!/lib/arm64-v8a
04-27 22:27:30.054 28498 28643 V SoLoader: libm.so not found on /data/app/~~1wbyZG-ybDrhUxDpY6mkgw==/com.twitter.android-BzPfXiBbLb3hUkjME_S6rQ==/base.apk!/lib/arm64-v8a
04-27 22:27:30.055 28498 28643 V SoLoader: libm.so not found on /data/app/~~1wbyZG-ybDrhUxDpY6mkgw==/com.twitter.android-BzPfXiBbLb3hUkjME_S6rQ==/split_config.arm64_v8a.apk!/lib/arm64-v8a
04-27 22:27:30.055 28498 28643 V SoLoader: libm.so not found on /data/app/~~1wbyZG-ybDrhUxDpY6mkgw==/com.twitter.android-BzPfXiBbLb3hUkjME_S6rQ==/split_config.ru.apk!/lib/arm64-v8a
04-27 22:27:30.055 28498 28643 V SoLoader: libm.so not found on /data/app/~~1wbyZG-ybDrhUxDpY6mkgw==/com.twitter.android-BzPfXiBbLb3hUkjME_S6rQ==/split_config.xxhdpi.apk!/lib/arm64-v8a
04-27 22:27:30.055 28498 28643 V SoLoader: libm.so not found on /data/app/~~1wbyZG-ybDrhUxDpY6mkgw==/com.twitter.android-BzPfXiBbLb3hUkjME_S6rQ==/split_config.xxhdpi.apk!/lib/arm64-v8a
04-27 22:27:30.055 28498 28643 V SoLoader: libm.so not found on /data/app/~~1wbyZG-ybDrhUxDpY6mkgw==/com.twitter.android-BzPfXiBbLb3hUkjME_S6rQ==/split_config.ru.apk!/lib/arm64-v8a
04-27 22:27:30.055 28498 28643 V SoLoader: libm.so not found on /data/app/~~1wbyZG-ybDrhUxDpY6mkgw==/com.twitter.android-BzPfXiBbLb3hUkjME_S6rQ==/split_config.en.apk!/lib/arm64-v8a
04-27 22:27:30.057 28498 28643 V SoLoader: libm.so not found on /data/app/~~1wbyZG-ybDrhUxDpY6mkgw==/com.twitter.android-BzPfXiBbLb3hUkjME_S6rQ==/split_config.arm64_v8a.apk!/lib/arm64-v8a
04-27 22:27:30.060 28498 28643 D SoLoader: libm.so found on /system/lib64
04-27 22:27:30.060 28498 28643 D SoLoader: libm.so loaded implicitly
04-27 22:27:30.061 28498 28643 V SoLoader: libdl.so not found on /data/app/~~1wbyZG-ybDrhUxDpY6mkgw==/com.twitter.android-BzPfXiBbLb3hUkjME_S6rQ==/lib/arm64
04-27 22:27:30.061 28498 28643 V SoLoader: libdl.so not found on /data/app/~~1wbyZG-ybDrhUxDpY6mkgw==/com.twitter.android-BzPfXiBbLb3hUkjME_S6rQ==/split_config.en.apk!/lib/arm64-v8a
04-27 22:27:30.061 28498 28643 V SoLoader: libdl.so not found on /data/app/~~1wbyZG-ybDrhUxDpY6mkgw==/com.twitter.android-BzPfXiBbLb3hUkjME_S6rQ==/base.apk!/lib/arm64-v8a
04-27 22:27:30.063 28498 28643 V SoLoader: libdl.so not found on /data/app/~~1wbyZG-ybDrhUxDpY6mkgw==/com.twitter.android-BzPfXiBbLb3hUkjME_S6rQ==/split_config.arm64_v8a.apk!/lib/arm64-v8a
04-27 22:27:30.063 28498 28643 V SoLoader: libdl.so not found on /data/app/~~1wbyZG-ybDrhUxDpY6mkgw==/com.twitter.android-BzPfXiBbLb3hUkjME_S6rQ==/split_config.ru.apk!/lib/arm64-v8a
04-27 22:27:30.063 28498 28643 V SoLoader: libdl.so not found on /data/app/~~1wbyZG-ybDrhUxDpY6mkgw==/com.twitter.android-BzPfXiBbLb3hUkjME_S6rQ==/split_config.xxhdpi.apk!/lib/arm64-v8a
04-27 22:27:30.063 28498 28643 V SoLoader: libdl.so not found on /data/app/~~1wbyZG-ybDrhUxDpY6mkgw==/com.twitter.android-BzPfXiBbLb3hUkjME_S6rQ==/split_config.xxhdpi.apk!/lib/arm64-v8a
04-27 22:27:30.063 28498 28643 V SoLoader: libdl.so not found on /data/app/~~1wbyZG-ybDrhUxDpY6mkgw==/com.twitter.android-BzPfXiBbLb3hUkjME_S6rQ==/split_config.ru.apk!/lib/arm64-v8a
04-27 22:27:30.063 28498 28643 V SoLoader: libdl.so not found on /data/app/~~1wbyZG-ybDrhUxDpY6mkgw==/com.twitter.android-BzPfXiBbLb3hUkjME_S6rQ==/split_config.en.apk!/lib/arm64-v8a
04-27 22:27:30.063 28498 28643 V SoLoader: libdl.so not found on /data/app/~~1wbyZG-ybDrhUxDpY6mkgw==/com.twitter.android-BzPfXiBbLb3hUkjME_S6rQ==/split_config.arm64_v8a.apk!/lib/arm64-v8a
04-27 22:27:30.066 28498 28643 D SoLoader: libdl.so found on /system/lib64
04-27 22:27:30.066 28498 28643 D SoLoader: libdl.so loaded implicitly
04-27 22:27:30.067 28498 28643 V SoLoader: libc.so not found on /data/app/~~1wbyZG-ybDrhUxDpY6mkgw==/com.twitter.android-BzPfXiBbLb3hUkjME_S6rQ==/lib/arm64
04-27 22:27:30.067 28498 28643 V SoLoader: libc.so not found on /data/app/~~1wbyZG-ybDrhUxDpY6mkgw==/com.twitter.android-BzPfXiBbLb3hUkjME_S6rQ==/split_config.en.apk!/lib/arm64-v8a
04-27 22:27:30.067 28498 28643 V SoLoader: libc.so not found on /data/app/~~1wbyZG-ybDrhUxDpY6mkgw==/com.twitter.android-BzPfXiBbLb3hUkjME_S6rQ==/base.apk!/lib/arm64-v8a
04-27 22:27:30.067 28498 28643 V SoLoader: libc.so not found on /data/app/~~1wbyZG-ybDrhUxDpY6mkgw==/com.twitter.android-BzPfXiBbLb3hUkjME_S6rQ==/split_config.arm64_v8a.apk!/lib/arm64-v8a
04-27 22:27:30.067 28498 28643 V SoLoader: libc.so not found on /data/app/~~1wbyZG-ybDrhUxDpY6mkgw==/com.twitter.android-BzPfXiBbLb3hUkjME_S6rQ==/split_config.ru.apk!/lib/arm64-v8a
04-27 22:27:30.067 28498 28643 V SoLoader: libc.so not found on /data/app/~~1wbyZG-ybDrhUxDpY6mkgw==/com.twitter.android-BzPfXiBbLb3hUkjME_S6rQ==/split_config.xxhdpi.apk!/lib/arm64-v8a
04-27 22:27:30.067 28498 28643 V SoLoader: libc.so not found on /data/app/~~1wbyZG-ybDrhUxDpY6mkgw==/com.twitter.android-BzPfXiBbLb3hUkjME_S6rQ==/split_config.xxhdpi.apk!/lib/arm64-v8a
04-27 22:27:30.067 28498 28643 V SoLoader: libc.so not found on /data/app/~~1wbyZG-ybDrhUxDpY6mkgw==/com.twitter.android-BzPfXiBbLb3hUkjME_S6rQ==/split_config.ru.apk!/lib/arm64-v8a
04-27 22:27:30.067 28498 28643 V SoLoader: libc.so not found on /data/app/~~1wbyZG-ybDrhUxDpY6mkgw==/com.twitter.android-BzPfXiBbLb3hUkjME_S6rQ==/split_config.en.apk!/lib/arm64-v8a
04-27 22:27:30.067 28498 28643 V SoLoader: libc.so not found on /data/app/~~1wbyZG-ybDrhUxDpY6mkgw==/com.twitter.android-BzPfXiBbLb3hUkjME_S6rQ==/split_config.arm64_v8a.apk!/lib/arm64-v8a
04-27 22:27:30.068 28498 28643 D SoLoader: libc.so found on /system/lib64
04-27 22:27:30.068 28498 28643 D SoLoader: libc.so loaded implicitly
04-27 22:27:30.101  6734 10831 I FontLog : Received query Noto Color Emoji Compat, URI content://com.google.android.gms.fonts [CONTEXT service_id=132 ]
04-27 22:27:30.103  6734 10831 I FontLog : Query [emojicompat-emoji-font] resolved to {Noto Color Emoji Compat, wdth 100.0, wght 400, ital 0.0, bestEffort false} [CONTEXT service_id=132 ]
04-27 22:27:30.107 28498 28643 D SoLoader: libtwittermedia.so found on /data/app/~~1wbyZG-ybDrhUxDpY6mkgw==/com.twitter.android-BzPfXiBbLb3hUkjME_S6rQ==/split_config.arm64_v8a.apk!/lib/arm64-v8a
04-27 22:27:30.118  6734 10831 I FontLog : Fetch {Noto Color Emoji Compat, wdth 100.0, wght 400, ital 0.0, bestEffort false} end status Status{statusCode=SUCCESS, resolution=null} [CONTEXT service_id=132 ]
04-27 22:27:30.129  6734 10831 I FontLog : Pulling font file for id = 271, cache size = 13 [CONTEXT service_id=132 ]
04-27 22:27:30.173  6734 10831 I FontLog : Pulling font file for id = 271, cache size = 13 [CONTEXT service_id=132 ]
04-27 22:27:30.260 28498 28498 W twitter.android: Long monitor contention with owner io-variable-Thread-1 (28645) at java.lang.Object cp8.get()(Twttr:68) waiters=0 in java.lang.Object cp8.get() for 218ms
04-27 22:27:30.277 22361 22361 I [PASS][CMN]DrawableCache: clearData LruCache[maxSize=32768,hits=0,misses=0,hitRate=0%]
04-27 22:27:30.316  5429  5488 W libprocessgroup: Failed to open /dev/blkio//cgroup.procs: No such file or directory
04-27 22:27:30.328  5429  5488 W libprocessgroup: Failed to open /dev/blkio//cgroup.procs: No such file or directory
04-27 22:27:30.330  5429  5488 W libprocessgroup: Failed to open /dev/blkio//cgroup.procs: No such file or directory
04-27 22:27:30.332  5429  5488 W libprocessgroup: Failed to open /dev/blkio//cgroup.procs: No such file or directory
04-27 22:27:30.362 28498 28643 W SQLiteLog: (28) double-quoted string literal: "0"
04-27 22:27:30.376 28498 28659 D nativeloader: Configuring classloader-namespace for other apk /system/framework/com.android.media.remotedisplay.jar. target_sdk_version=33, uses_libraries=ALL, library_path=/data/app/~~fupSe7mT3TYRtpByrpi4GQ==/com.google.android.gms-bmnvTG7hLJarQuEcM9Lr_Q==/lib/arm64:/data/app/~~fupSe7mT3TYRtpByrpi4GQ==/com.google.android.gms-bmnvTG7hLJarQuEcM9Lr_Q==/base.apk!/lib/arm64-v8a, permitted_path=/data:/mnt/expand:/data/user/0/com.google.android.gms
04-27 22:27:30.378 28498 28659 D nativeloader: Extending system_exposed_libraries: libhumantracking.arcsoft.so:libPortraitDistortionCorrection.arcsoft.so:libPortraitDistortionCorrectionCali.arcsoft.so:libface_landmark.arcsoft.so:libFacialStickerEngine.arcsoft.so:libveengine.arcsoft.so:liblow_light_hdr.arcsoft.so:libhigh_dynamic_range.arcsoft.so:libFacialAttributeDetection.arcsoft.so:libBeauty_v4.camera.samsung.so:libexifa.camera.samsung.so:libjpega.camera.samsung.so:libOpenCv.camera.samsung.so:libImageScreener.camera.samsung.so:libMyFilter.camera.samsung.so:libtensorflowLite.myfilter.camera.samsung.so:libtensorflowlite_inference_api.myfilter.camera.samsung.so:libEventFinder.camera.samsung.so:libHIDTSnapJNI.camera.samsung.so:libSmartScan.camera.samsung.so:libRectify.camera.samsung.so:libDocRectifyWrapper.camera.samsung.so:libUltraWideDistortionCorrection.camera.samsung.so:libHpr_RecGAE_cvFeature_v1.0.camera.samsung.so:libHprFace_GAE_api.camera.samsung.so:libFace_Landmark_API.camera.samsung.so:libHprFace_GAE_jni.camera.samsung.so:libFacialBasedSelfieCorrec
04-27 22:27:30.385 22835 22835 I BadgeCountReceiver: badge intent : Intent { act=android.intent.action.BADGE_COUNT_UPDATE flg=0x1000010 cmp=com.sec.android.provider.badge/.BadgeCountReceiver (has extras) }
04-27 22:27:30.385 22835 22835 I BadgeCountReceiver: packageName: com.twitter.android, className: com.twitter.android.StartActivity, count: 3
04-27 22:27:30.399 28498 28692 D ConnectivityManager: StackLog: [android.net.ConnectivityManager.sendRequestForNetwork(ConnectivityManager.java:4191)] [android.net.ConnectivityManager.registerDefaultNetworkCallbackForUid(ConnectivityManager.java:4755)] [android.net.ConnectivityManager.registerDefaultNetworkCallback(ConnectivityManager.java:4722)] [android.net.ConnectivityManager.registerDefaultNetworkCallback(ConnectivityManager.java:4696)] [e40.c(Twttr:1)] [jsh.a(Twttr:11)] [auh.d(Twttr:18)] [ha6.d(Twttr:155)] [s0w.d(Twttr:41)] [hsb.d(Twttr:360)] [fvn.a(Twttr:164)] [af.f0(Twttr:84)] [t2w.run(Twttr:212)] [ono$a.run(Twttr:3)] [java.util.concurrent.ThreadPoolExecutor.runWorker(ThreadPoolExecutor.java:1137)] [java.util.concurrent.ThreadPoolExecutor$Worker.run(ThreadPoolExecutor.java:637)] [java.lang.Thread.run(Thread.java:1012)]
04-27 22:27:30.406  5429  6683 D ConnectivityService: requestNetwork for uid/pid:10083/28498 activeRequest: null callbackRequest: 4817 [NetworkRequest [ REQUEST id=4818, [ Capabilities: INTERNET&NOT_RESTRICTED&TRUSTED&NOT_VCN_MANAGED Uid: 10083 RequestorUid: 10083 RequestorPkg: com.twitter.android UnderlyingNetworks: Null] ]] callback flags: 0 order: 2147483647
04-27 22:27:30.408  5429  5665 D ConnectivityService:    accepting network in place of null
04-27 22:27:30.410 28498 28659 D nativeloader: Configuring classloader-namespace for other apk /system/framework/com.android.location.provider.jar. target_sdk_version=33, uses_libraries=ALL, library_path=/data/app/~~fupSe7mT3TYRtpByrpi4GQ==/com.google.android.gms-bmnvTG7hLJarQuEcM9Lr_Q==/lib/arm64:/data/app/~~fupSe7mT3TYRtpByrpi4GQ==/com.google.android.gms-bmnvTG7hLJarQuEcM9Lr_Q==/base.apk!/lib/arm64-v8a, permitted_path=/data:/mnt/expand:/data/user/0/com.google.android.gms
04-27 22:27:30.410 28498 28659 D nativeloader: Extending system_exposed_libraries: libhumantracking.arcsoft.so:libPortraitDistortionCorrection.arcsoft.so:libPortraitDistortionCorrectionCali.arcsoft.so:libface_landmark.arcsoft.so:libFacialStickerEngine.arcsoft.so:libveengine.arcsoft.so:liblow_light_hdr.arcsoft.so:libhigh_dynamic_range.arcsoft.so:libFacialAttributeDetection.arcsoft.so:libBeauty_v4.camera.samsung.so:libexifa.camera.samsung.so:libjpega.camera.samsung.so:libOpenCv.camera.samsung.so:libImageScreener.camera.samsung.so:libMyFilter.camera.samsung.so:libtensorflowLite.myfilter.camera.samsung.so:libtensorflowlite_inference_api.myfilter.camera.samsung.so:libEventFinder.camera.samsung.so:libHIDTSnapJNI.camera.samsung.so:libSmartScan.camera.samsung.so:libRectify.camera.samsung.so:libDocRectifyWrapper.camera.samsung.so:libUltraWideDistortionCorrection.camera.samsung.so:libHpr_RecGAE_cvFeature_v1.0.camera.samsung.so:libHprFace_GAE_api.camera.samsung.so:libFace_Landmark_API.camera.samsung.so:libHprFace_GAE_jni.camera.samsung.so:libFacialBasedSelfieCorrec
04-27 22:27:30.420 22835 22835 I BadgeProvider: sendNotify entered. [uri] : content://com.sec.badge/apps
04-27 22:27:30.420  6323  6323 I BadgeCountUpdaterImpl: onChange
04-27 22:27:30.420 22835 22835 I BadgeProvider: sendNotify, [notify] : null
04-27 22:27:30.421 22835 22835 I BadgeProvider: update, getCallingPackage() : com.sec.android.provider.badge
04-27 22:27:30.421  6323  6323 I BadgeCountUpdaterImpl: onChange
04-27 22:27:30.421 22835 22835 I BadgeProvider: update, [uri] : content://com.sec.badge/apps
04-27 22:27:30.421 22835 22835 I BadgeProvider: update, [uri.query] : null
04-27 22:27:30.421 22835 22835 I BadgeProvider: update, [BadgeCount] : badgecount=3
04-27 22:27:30.421 22835 22835 I BadgeProvider: update, [UpdateCount] : 1
04-27 22:27:30.421  5429  5655 D WifiNetworkFactory: got request NetworkRequest [ REQUEST id=4818, [ Capabilities: INTERNET&NOT_RESTRICTED&TRUSTED&NOT_VCN_MANAGED Uid: 10083 RequestorUid: 10083 RequestorPkg: com.twitter.android UnderlyingNetworks: Null] ]
04-27 22:27:30.422  5429  5655 D UntrustedWifiNetworkFactory: got request NetworkRequest [ REQUEST id=4818, [ Capabilities: INTERNET&NOT_RESTRICTED&TRUSTED&NOT_VCN_MANAGED Uid: 10083 RequestorUid: 10083 RequestorPkg: com.twitter.android UnderlyingNetworks: Null] ]
04-27 22:27:30.425  5429  5665 D ConnectivityService: Rematched networks [computed 0ms] [applied 2ms] [issued 15]
04-27 22:27:30.425  5429  5665 D ConnectivityService: NetworkReassignment :
04-27 22:27:30.425  5429  5665 D ConnectivityService:   4818 : null → 108
04-27 22:27:30.428  5429  5655 D OemPaidWifiNetworkFactory: got request NetworkRequest [ REQUEST id=4818, [ Capabilities: INTERNET&NOT_RESTRICTED&TRUSTED&NOT_VCN_MANAGED Uid: 10083 RequestorUid: 10083 RequestorPkg: com.twitter.android UnderlyingNetworks: Null] ]
04-27 22:27:30.429  5429  5655 D MultiInternetWifiNetworkFactory: got request NetworkRequest [ REQUEST id=4818, [ Capabilities: INTERNET&NOT_RESTRICTED&TRUSTED&NOT_VCN_MANAGED Uid: 10083 RequestorUid: 10083 RequestorPkg: com.twitter.android UnderlyingNetworks: Null] ]
04-27 22:27:30.437 22361 22361 I [PASS][CMN]DrawableCache: clearData LruCache[maxSize=32768,hits=0,misses=0,hitRate=0%]
04-27 22:27:30.471 28498 28659 W ziparchive: Unable to open '/system_ext/framework/org.carconnectivity.android.digitalkey.timesync.dm': No such file or directory
04-27 22:27:30.471 28498 28659 W ziparchive: Unable to open '/system_ext/framework/org.carconnectivity.android.digitalkey.timesync.dm': No such file or directory
04-27 22:27:30.484 28498 28659 D nativeloader: Configuring classloader-namespace for other apk /system_ext/framework/org.carconnectivity.android.digitalkey.timesync.jar. target_sdk_version=33, uses_libraries=ALL, library_path=/data/app/~~fupSe7mT3TYRtpByrpi4GQ==/com.google.android.gms-bmnvTG7hLJarQuEcM9Lr_Q==/lib/arm64:/data/app/~~fupSe7mT3TYRtpByrpi4GQ==/com.google.android.gms-bmnvTG7hLJarQuEcM9Lr_Q==/base.apk!/lib/arm64-v8a, permitted_path=/data:/mnt/expand:/data/user/0/com.google.android.gms
04-27 22:27:30.484 28498 28659 D nativeloader: Extending system_exposed_libraries: libhumantracking.arcsoft.so:libPortraitDistortionCorrection.arcsoft.so:libPortraitDistortionCorrectionCali.arcsoft.so:libface_landmark.arcsoft.so:libFacialStickerEngine.arcsoft.so:libveengine.arcsoft.so:liblow_light_hdr.arcsoft.so:libhigh_dynamic_range.arcsoft.so:libFacialAttributeDetection.arcsoft.so:libBeauty_v4.camera.samsung.so:libexifa.camera.samsung.so:libjpega.camera.samsung.so:libOpenCv.camera.samsung.so:libImageScreener.camera.samsung.so:libMyFilter.camera.samsung.so:libtensorflowLite.myfilter.camera.samsung.so:libtensorflowlite_inference_api.myfilter.camera.samsung.so:libEventFinder.camera.samsung.so:libHIDTSnapJNI.camera.samsung.so:libSmartScan.camera.samsung.so:libRectify.camera.samsung.so:libDocRectifyWrapper.camera.samsung.so:libUltraWideDistortionCorrection.camera.samsung.so:libHpr_RecGAE_cvFeature_v1.0.camera.samsung.so:libHprFace_GAE_api.camera.samsung.so:libFace_Landmark_API.camera.samsung.so:libHprFace_GAE_jni.camera.samsung.so:libFacialBasedSelfieCorrec
04-27 22:27:30.501 22835 22835 I BadgeCountReceiver: badge intent : Intent { act=android.intent.action.BADGE_COUNT_UPDATE flg=0x1000010 cmp=com.sec.android.provider.badge/.BadgeCountReceiver (has extras) }
04-27 22:27:30.501 22835 22835 I BadgeCountReceiver: packageName: com.twitter.android, className: com.twitter.android.StartActivity, count: 3
