04-09 23:03:03.640  5665  8767 D ApplicationPolicy: getApplicationComponentState : pkg = com.samsung.android.scs userId : 0
04-09 23:03:03.691 21219 21249 I WM-WorkerWrapper: Worker result SUCCESS for Work [ id=8de98562-0412-417a-8f68-ff827027147c, tags={ com.sec.android.app.myfiles, com.samsung.android.scs.ai.search.data.collector.ObserverWorker } ]
04-09 23:03:03.724  5665  8054 D PackageManager: setEnabledSetting : userId = 0 packageName = com.samsung.android.scs cmp = androidx.work.impl.background.systemalarm.RescheduleReceiver newState = 1 callingPackage = 10380/com.samsung.android.scs
04-09 23:03:03.727  5665  8054 D ApplicationPolicy: getApplicationStateEnabled : pkg = com.samsung.android.scs userId : 0
04-09 23:03:03.729  5665  8054 D ApplicationPolicy: getApplicationComponentState : pkg = com.samsung.android.scs userId : 0
04-09 23:03:03.765  5665  6082 I ChimeraAggressivePolicyHandler: executePolicy() - triggerSource: TRIGGER_SOURCE_LMKD
04-09 23:03:03.768  5665  6082 I ChimeraAggressivePolicyHandler: available memory: 1079924, free memory target: 890880, quit chimera
04-09 23:03:03.787  5665  8767 D PackageManager: setEnabledSetting : userId = 0 packageName = com.samsung.android.scs cmp = androidx.work.impl.background.systemalarm.RescheduleReceiver newState = 1 callingPackage = 10380/com.samsung.android.scs
04-09 23:03:03.789  5665  8767 D ApplicationPolicy: getApplicationStateEnabled : pkg = com.samsung.android.scs userId : 0
04-09 23:03:03.790  5665  8767 D ApplicationPolicy: getApplicationComponentState : pkg = com.samsung.android.scs userId : 0
04-09 23:03:03.853  5312  5312 E sehhealth-service: Could not open /sys/class/power_supply/battery/lrp
04-09 23:03:03.855 21219 21684 I SCS@AiSearch user 0: (AppsDataObserver) [androidx.work-3] leaving from execute():  result is true
04-09 23:03:03.855 21219 21684 I SCS@AiSearch user 0: (AppsDataWorker) [androidx.work-3] leaving from doWork():
04-09 23:03:03.858  5665  5665 D PhoneWindowManagerExt: ACTION_BATTERY_CHANGED - Level=61, status=2
04-09 23:03:03.858  5665  5861 D MotionRecognitionService: [SAR]  onReceive : ACTION_BATTERY_CHANGED, Plugged: 2
04-09 23:03:03.860  5665  5665 D SemWifiApBroadcastReceiver: Received : android.intent.action.BATTERY_CHANGED
04-09 23:03:03.865  6213  6213 D SemBigDataInfoController: Intent: android.intent.action.BATTERY_CHANGED
04-09 23:03:03.866  6213  6213 D SemBigDataInfoController: Intent: android.intent.action.BATTERY_CHANGED
04-09 23:03:03.868  6284  6284 I AODBatteryManager: updateBatteryData: ACTION_BATTERY_CHANGED
04-09 23:03:03.871 21219 21252 I WM-WorkerWrapper: Worker result SUCCESS for Work [ id=42c4d218-8861-400d-825b-fd6928df6c82, tags={ com.google.android.providers.media, com.samsung.android.scs.ai.search.data.collector.ObserverWorker } ]
04-09 23:03:03.872  6284  6284 I AODBatteryManager: saveBatteryData : AOD BatteryData [mBatteryLevel=61, mBatteryStatus=CHARGING, mBatteryPlugType=USB, mBatteryPlugged=true, mRemainingChargeTime=3337000, mBatteryChargingType=2, mBatteryChargerType=FAST, mBatteryOnline=NOT_DEFINED, mBatterySwellingMode=NONE, mBatteryProtectMode=false]
04-09 23:03:03.872  6284  6284 I ChargingInfoManager: updateChargingInfo: newState = AOD ChargingInfo [mState=BATTERY_AND_REMAIN_TIME, mIsCharging=true, mIsFullyCharged=false, mIsBatteryProtectMode=false], oldState = AOD ChargingInfo [mState=BATTERY_AND_REMAIN_TIME, mIsCharging=true, mIsFullyCharged=false, mIsBatteryProtectMode=false]
04-09 23:03:03.873  6284  6284 I PowerUI : mBootCompleted = true |  mFullyConnected = true
04-09 23:03:03.873  6284  6284 W PowerUI : Plug reason
04-09 23:03:03.873  6284  6284 W PowerUI : Skip charging animation - by plug status
04-09 23:03:03.873  6284  6284 D PowerUI : priorPlugType = 2 mPlugType = 2 priorBatteryStatus = 2 mBatteryStatus = 2
04-09 23:03:03.873  6284  6284 W PowerUI : Plug reason
04-09 23:03:03.873  6284  6284 W PowerUI : Skip charging sound - by plug status
04-09 23:03:03.873  6284 13026 D SecPowerUI.Notification: dismissing low battery warning: level=61
04-09 23:03:03.874  6284 13026 D SecPowerUI.Notification: updateNotification mWarning=false mPlaySound=false
04-09 23:03:03.874  6284 13026 D SecPowerUI.Notification: SecBatteryStatsSnapshot{batteryLevel=61, currentBatteryMode=0, chargingTime=3341000, chargingType=11, batteryHealth=2, automaticTestMode=false, isHiccupState=false}
04-09 23:03:03.876  6284  6284 I PowerUI : oldMisalign : false, curMisalign : false
04-09 23:03:03.878  6284  6284 D SecPowerUI.Notification: showChargingNotice oldChargingType : 11 currentChargingType : 11 oldChargingTime : 3341000 mChargingTime : 3337000
04-09 23:03:03.878  6284  6284 D SecPowerUI.Notification: showChargingNotification()
04-09 23:03:03.879  6284  6284 D SecPowerUI.Notification: SecBatteryStatsSnapshot{batteryLevel=61, currentBatteryMode=0, chargingTime=3337000, chargingType=11, batteryHealth=2, automaticTestMode=false, isHiccupState=false}
04-09 23:03:03.879  6284 13026 D SecPowerUI.Notification: 1. restoreScreenTimeOut - saved_value : :
04-09 23:03:03.879  6284  6284 D PowerUi.ChargingNotification: showChargingNotification()
04-09 23:03:03.879  6284 13026 E SecPowerUI.Notification: no saved value, so we do nothing !!
04-09 23:03:03.882  6284  6284 D PowerUi.ChargingNotification: showChargingNotification()
04-09 23:03:03.884  5665  5814 D ApplicationPolicy: isStatusBarNotificationAllowedAsUser: packageName = com.android.systemui,userId = 0
04-09 23:03:03.884  5665  5814 D ApplicationPolicy: isStatusBarNotificationAllowedAsUser: packageName = com.android.systemui,userId = -1
04-09 23:03:03.884  5665  5814 D ApplicationPolicy: isStatusBarNotificationAllowedAsUser: converting userId from USER_ALLto 0
04-09 23:03:03.888  6284  6284 D PowerUI : Battery swelling mode - priorBatterySwellingMode = 0 mBatterySwellingMode = 0 mBatteryStatus = 2
04-09 23:03:03.888  6284  6284 I PowerUI : mBatteryMiscEvent = 65536
04-09 23:03:03.889  6284  6284 D SamsungBatteryMeterDrawable: onBatteryLevelChanged isSomethingChanged: true
04-09 23:03:03.890  6284  6284 D SamsungBatteryMeterDrawable: onBatteryLevelChanged isSomethingChanged: true
04-09 23:03:03.891  6284  6284 D SamsungBatteryMeterDrawable: onBatteryLevelChanged isSomethingChanged: true
04-09 23:03:03.891  6284  6284 D SamsungBatteryMeterDrawable: onBatteryLevelChanged isSomethingChanged: true
04-09 23:03:03.892  6284  6284 D KeyguardUpdateMonitor: received broadcast android.intent.action.BATTERY_CHANGED
04-09 23:03:03.912  6284  6284 I FaceWidgetPositionAlgorithm: getMediaContainerHeight() height = 0 container Visibility = 8, isValid = false, mIsDozing = false, fraction = 1.0, source = 0, target = 0
04-09 23:03:03.912  6284  6284 I FaceWidgetPositionAlgorithm: getMediaContainerHeight() supplier = 0
04-09 23:03:03.914  6284  6284 V QsExpandAnimator: setQsExpansionPosition 0.0
04-09 23:03:03.918  5665  5814 D PackageManager: setEnabledSetting : userId = 0 packageName = com.samsung.android.scs cmp = androidx.work.impl.background.systemalarm.RescheduleReceiver newState = 1 callingPackage = 10380/com.samsung.android.scs
04-09 23:03:03.920  5665  5814 D ApplicationPolicy: getApplicationStateEnabled : pkg = com.samsung.android.scs userId : 0
04-09 23:03:03.922  5665  5814 D ApplicationPolicy: getApplicationComponentState : pkg = com.samsung.android.scs userId : 0
04-09 23:03:03.924  6284  6284 D KeyguardUpdateMonitor: handleBatteryUpdate
04-09 23:03:03.930  6284  6284 D KeyguardSecIndicationController: addIndicationTimeout() returned - unlocking
04-09 23:03:03.930  6284  6284 D KeyguardSecIndicationController: addIndication() returned - unlocking
04-09 23:03:03.930  6284  6284 D KeyguardSecIndicationController: addBatteryAndOwnerInfoIndication() battery status = BatteryStatus{status=2,level=61,plugged=2,health=2,maxChargingWattage=-1,remaining=3337000ultraFastCharger=1}
04-09 23:03:03.963 21219 21249 I WM-WorkerWrapper: Worker result SUCCESS for Work [ id=36a0c889-2196-4c82-a017-f775fa664f23, tags={ com.samsung.android.scs.ai.search.scheduling.workers.AppsDataWorker, CMD_SCAN } ]
04-09 23:03:03.995 21219 21219 I SCS@AiSearch user 0: (ObserverWorker::DOCUMENTS) [main] entering in startWork():
04-09 23:03:03.998 21219 21219 I SCS@AiSearch user 0: (BaseCollector::DOCUMENTS) [main] entering in onChange():
04-09 23:03:04.003 21219 21277 I SCS@AiSearch user 0: (BaseCollector::DOCUMENTS) [DOCUMENTS-0] entering in collectChanges():
04-09 23:03:04.005 21219 21277 E SCS@AiSearch user 0: (BaseCollector::DOCUMENTS) canSkipCurrentList:
04-09 23:03:04.007 21219 21277 I SCS@AiSearch user 0: (BaseCollector::DOCUMENTS) fetch: fetching took  3 ms
04-09 23:03:04.007 21219 21277 I SCS@AiSearch user 0: (BaseCollector::DOCUMENTS) fetchChanges: applied 0 items
04-09 23:03:04.007 21219 21277 I SCS@AiSearch user 0: (BaseCollector::DOCUMENTS) Collect finished. Result: true
04-09 23:03:04.017  5665  5814 D PackageManager: setEnabledSetting : userId = 0 packageName = com.samsung.android.scs cmp = androidx.work.impl.background.systemalarm.RescheduleReceiver newState = 1 callingPackage = 10380/com.samsung.android.scs
04-09 23:03:04.018  5665  5814 D ApplicationPolicy: getApplicationStateEnabled : pkg = com.samsung.android.scs userId : 0
04-09 23:03:04.020  5665  5814 D ApplicationPolicy: getApplicationComponentState : pkg = com.samsung.android.scs userId : 0
04-09 23:03:04.038 21219 21239 I WM-WorkerWrapper: Worker result SUCCESS for Work [ id=45454bdf-3005-4860-86f7-78eb2047fc50, tags={ com.samsung.android.scs.documents, com.samsung.android.scs.ai.search.data.collector.ObserverWorker } ]
04-09 23:03:04.099  6210  6210 I FreeformContainer: [SmartPopupViewService] onNotificationPosted: StatusBarNotification(pkg=com.android.systemui user=UserHandle{-1} id=2131428959 tag=charging_state key=-1|com.android.systemui|2131428959|charging_state|10054: Notification(channel=CHR shortcut=null contentView=null vibrate=null sound=null defaults=0x0 flags=0xa color=0xff8b94ab category=sys groupKey=CHARGING vis=PUBLIC semFlags=0x0 semPriority=0 semMissedCount=0))
04-09 23:03:04.099  6210  6210 V FreeformContainer: [SmartPopupViewService] isSmartPopupViewTarget: com.android.systemui is not enabled
04-09 23:03:04.100  6284  6284 D BubblesManager: onRankingUpdate : shouldBubbleUp=false ,pkg=android ,key=-1|android|34|NetworkPolicy:945656281:34|1000
04-09 23:03:04.100  6284  6284 D BubblesManager: onRankingUpdate : shouldBubbleUp=false ,pkg=com.kms.free ,key=0|com.kms.free|42|null|10299
04-09 23:03:04.100  6284  6284 D BubblesManager: onRankingUpdate : shouldBubbleUp=false ,pkg=com.sec.android.app.shealth ,key=0|com.sec.android.app.shealth|105|null|10256
04-09 23:03:04.100  6284  6284 D BubblesManager: onRankingUpdate : shouldBubbleUp=false ,pkg=com.kms.free ,key=0|com.kms.free|1|null|10299
04-09 23:03:04.100  6284  6284 D BubblesManager: onRankingUpdate : shouldBubbleUp=false ,pkg=mrigapps.andriod.breakfree.deux ,key=0|mrigapps.andriod.breakfree.deux|2|null|10506
04-09 23:03:04.100  6284  6284 D BubblesManager: onRankingUpdate : shouldBubbleUp=false ,pkg=com.android.providers.downloads ,key=0|com.android.providers.downloads|0|3:1244|10068
04-09 23:03:04.100  6284  6284 D BubblesManager: onRankingUpdate : shouldBubbleUp=false ,pkg=ru.mail.mailapp ,key=0|ru.mail.mailapp|1073741824|zhelenskiy@mail.ru|10221
04-09 23:03:04.101  6284  6284 D InterruptionStateProvider: Group alert behavior is suppressed but we want to alert bubble
04-09 23:03:04.101  6837  6837 I Launcher.NotificationListener: onNotificationPosted : com.android.systemui number : 0
04-09 23:03:04.101  6284  6284 D BubblesManager: onRankingUpdate : shouldBubbleUp=false ,pkg=ru.mail.mailapp ,key=0|ru.mail.mailapp|1291137120|zhelenskiy@mail.ru|10221
04-09 23:03:04.101  6284  6284 D InterruptionStateProvider: Group alert behavior is suppressed but we want to alert bubble
04-09 23:03:04.101  6284  6284 D BubblesManager: onRankingUpdate : shouldBubbleUp=false ,pkg=ru.mail.mailapp ,key=0|ru.mail.mailapp|406243825|zhelenskiy@mail.ru|10221
04-09 23:03:04.101  6284  6284 D BubblesManager: onRankingUpdate : shouldBubbleUp=false ,pkg=android ,key=0|android|38|AccountManagerService:38:-904454848:838749127:10427|1000
04-09 23:03:04.101  6284  6284 D InterruptionStateProvider: Group alert behavior is suppressed but we want to alert bubble
04-09 23:03:04.101  6284  6284 D BubblesManager: onRankingUpdate : shouldBubbleUp=false ,pkg=com.google.android.googlequicksearchbox ,key=0|com.google.android.googlequicksearchbox|0|-1997195081::SUMMARY::wx|10233
04-09 23:03:04.102  6284  6284 D BubblesManager: onRankingUpdate : shouldBubbleUp=false ,pkg=com.google.android.googlequicksearchbox ,key=0|com.google.android.googlequicksearchbox|0|-1997195081::a:snotification:[0x394,wx.f,NOTIFICATION]|10233
04-09 23:03:04.102  6284  6284 D BubblesManager: onRankingUpdate : shouldBubbleUp=false ,pkg=android ,key=-1|android|27|null|1000
04-09 23:03:04.102  6284  6284 D BubblesManager: onRankingUpdate : shouldBubbleUp=false ,pkg=com.android.systemui ,key=-1|com.android.systemui|2131428959|charging_state|10054
04-09 23:03:04.103  6284  6315 D Bubbles : onRankingUpdated : isActiveOrInOverflow= false , mTmpRanking.canBubble()= false ,isActive= false ,shouldBubbleUp= false ,mTmpRanking.isBubble()= false
04-09 23:03:04.103  6284  6315 D Bubbles : onRankingUpdated : isActiveOrInOverflow= false , mTmpRanking.canBubble()= false ,isActive= false ,shouldBubbleUp= false ,mTmpRanking.isBubble()= false
04-09 23:03:04.103  6284  6315 D Bubbles : onRankingUpdated : isActiveOrInOverflow= false , mTmpRanking.canBubble()= false ,isActive= false ,shouldBubbleUp= false ,mTmpRanking.isBubble()= false
04-09 23:03:04.103  6284  6315 D Bubbles : onRankingUpdated : isActiveOrInOverflow= false , mTmpRanking.canBubble()= false ,isActive= false ,shouldBubbleUp= false ,mTmpRanking.isBubble()= false
04-09 23:03:04.103  6284  6315 D Bubbles : onRankingUpdated : isActiveOrInOverflow= false , mTmpRanking.canBubble()= false ,isActive= false ,shouldBubbleUp= false ,mTmpRanking.isBubble()= false
04-09 23:03:04.103  6284  6315 D Bubbles : onRankingUpdated : isActiveOrInOverflow= false , mTmpRanking.canBubble()= false ,isActive= false ,shouldBubbleUp= false ,mTmpRanking.isBubble()= false
04-09 23:03:04.103  6284  6315 D Bubbles : onRankingUpdated : isActiveOrInOverflow= false , mTmpRanking.canBubble()= false ,isActive= false ,shouldBubbleUp= false ,mTmpRanking.isBubble()= false
04-09 23:03:04.103  6284  6315 D Bubbles : onRankingUpdated : isActiveOrInOverflow= false , mTmpRanking.canBubble()= false ,isActive= false ,shouldBubbleUp= false ,mTmpRanking.isBubble()= false
04-09 23:03:04.103  6284  6315 D Bubbles : onRankingUpdated : isActiveOrInOverflow= false , mTmpRanking.canBubble()= false ,isActive= false ,shouldBubbleUp= false ,mTmpRanking.isBubble()= false
04-09 23:03:04.104  6284  6315 D Bubbles : onRankingUpdated : isActiveOrInOverflow= false , mTmpRanking.canBubble()= false ,isActive= false ,shouldBubbleUp= false ,mTmpRanking.isBubble()= false
04-09 23:03:04.104  6284  6315 D Bubbles : onRankingUpdated : isActiveOrInOverflow= false , mTmpRanking.canBubble()= false ,isActive= false ,shouldBubbleUp= false ,mTmpRanking.isBubble()= false
04-09 23:03:04.104  6284  6315 D Bubbles : onRankingUpdated : isActiveOrInOverflow= false , mTmpRanking.canBubble()= false ,isActive= false ,shouldBubbleUp= false ,mTmpRanking.isBubble()= false
04-09 23:03:04.104  6284  6315 D Bubbles : onRankingUpdated : isActiveOrInOverflow= false , mTmpRanking.canBubble()= false ,isActive= false ,shouldBubbleUp= false ,mTmpRanking.isBubble()= false
04-09 23:03:04.104  6284  6315 D Bubbles : onRankingUpdated : isActiveOrInOverflow= false , mTmpRanking.canBubble()= false ,isActive= false ,shouldBubbleUp= false ,mTmpRanking.isBubble()= false
04-09 23:03:04.108  9619 10534 I NotificationPipeline: Processing new notification: -1|com.android.systemui|2131428959|charging_state|10054
04-09 23:03:04.109  9619 10534 E Notification4Heart_NB: WatchFactory.getWatch-lastConnectedNodeId is null
04-09 23:03:04.110  9619 10534 W Notification4Heart_NB: NotificationBridgeCallback.onNotificationPosted-never connected before
04-09 23:03:04.156 21219 21271 I SCS@AiSearch user 0: (IndexManager) [CALLLOG-0] entering in deleteIndex():  ids.size():2
04-09 23:03:04.157 21219 21271 I SCS@AiSearch user 0: (IndexManager) getIndexWriter(): indexName logs.call
04-09 23:03:04.212 21219 21271 I SCS@AiSearch user 0: (IndexManager) [DELETE] indexName=[logs.call], #ids= 2
04-09 23:03:04.213 21219 21271 I SCS@AiSearch user 0: (IndexSearcherManager) [CALLLOG-0] entering in refreshSearcherManager():  refreshSearcherManager for logs.call
04-09 23:03:04.213 21219 21271 I SCS@AiSearch user 0: (IndexSearcherManager) remove: indexName: logs.call
04-09 23:03:04.214 21219 21271 I SCS@AiSearch user 0: (IndexManager) getIndexWriter(): indexName logs.call
04-09 23:03:04.265 21219 21271 I SCS@AiSearch user 0: (IndexSearcherManager) Searcher created successfully for logs.call
04-09 23:03:04.265 21219 21271 I SCS@AiSearch user 0: (IndexSearcherManager) [CALLLOG-0] leaving from refreshSearcherManager():
04-09 23:03:04.266 21219 21271 I SCS@AiSearch user 0: (BaseCollector::CALLLOG) syncDeletedItems: deleted items = 2
04-09 23:03:04.266 21219 21271 I SCS@AiSearch user 0: (SyncCursor) [CALLLOG-0] entering in close():
04-09 23:03:04.267 21219 25356 I SCS@AiSearch user 0: (IndexManager) [pool-15-thread-1] entering in commitIndexWriter():
04-09 23:03:04.272 21219 21271 I SCS@AiSearch user 0: (SyncCursor) [CALLLOG-0] leaving from close():
04-09 23:03:04.276  5665  5741 W libprocessgroup: Failed to open /dev/blkio//cgroup.procs: No such file or directory
04-09 23:03:04.276 21219 21271 I SCS@AiSearch user 0: (BaseCollector::CALLLOG) fetch: fetching took  1716 ms
04-09 23:03:04.276 21219 21271 I SCS@AiSearch user 0: (BaseCollector::CALLLOG) fetchChanges: applied 2 items
04-09 23:03:04.282  5665  5741 W libprocessgroup: Failed to open /dev/blkio//cgroup.procs: No such file or directory
04-09 23:03:04.283  5665  5741 W libprocessgroup: Failed to open /dev/blkio//cgroup.procs: No such file or directory
04-09 23:03:04.284  5665  5741 W libprocessgroup: Failed to open /dev/blkio//cgroup.procs: No such file or directory
04-09 23:03:04.286  5665  5741 W libprocessgroup: Failed to open /dev/blkio//cgroup.procs: No such file or directory
04-09 23:03:04.287  5665  5741 W libprocessgroup: Failed to open /dev/blkio//cgroup.procs: No such file or directory
04-09 23:03:04.300  6284  6284 D BubblesManager: onEntryUpdated : shouldBubbleUp=false ,key=-1|com.android.systemui|2131428959|charging_state|10054
04-09 23:03:04.342  6284  6284 I FaceWidgetPositionAlgorithm: getMediaContainerHeight() height = 0 container Visibility = 8, isValid = false, mIsDozing = false, fraction = 1.0, source = 0, target = 0
04-09 23:03:04.342  6284  6284 I FaceWidgetPositionAlgorithm: getMediaContainerHeight() supplier = 0
04-09 23:03:04.342 21219 25356 I SCS@AiSearch user 0: (IndexManager) [pool-15-thread-1] leaving from commitIndexWriter():
04-09 23:03:04.426  6284  6284 I FaceWidgetPositionAlgorithm: getMediaContainerHeight() height = 0 container Visibility = 8, isValid = false, mIsDozing = false, fraction = 1.0, source = 0, target = 0
04-09 23:03:04.426  6284  6284 I FaceWidgetPositionAlgorithm: getMediaContainerHeight() supplier = 0
04-09 23:03:04.471  6284  6284 I FaceWidgetPositionAlgorithm: getMediaContainerHeight() height = 0 container Visibility = 8, isValid = false, mIsDozing = false, fraction = 1.0, source = 0, target = 0
04-09 23:03:04.471  6284  6284 I FaceWidgetPositionAlgorithm: getMediaContainerHeight() supplier = 0
04-09 23:03:06.387 21219 21271 I SCS@AiSearch user 0: (BaseCollector::CALLLOG) doesDataKeepChanging: postpone count: 0 - source count: very first = 2127, previous = 2127, current = 2127
04-09 23:03:06.388 21219 21271 I SCS@AiSearch user 0: (BaseCollector::CALLLOG) [CALLLOG-0] entering in collectChanges():
04-09 23:03:06.467 21219 21271 I SCS@AiSearch user 0: (BaseCollector::CALLLOG) fetchInternal values : maxSyncId: 2491 indexCount: 2125 sourceCount: 2125
04-09 23:03:06.585 21219 21271 I SCS@AiSearch user 0: (IndexManager) [CALLLOG-0] entering in addIndex():
04-09 23:03:06.587 21219 21271 I SCS@AiSearch user 0: (IndexManager) [INSERT] index=[logs.call], size=2
04-09 23:03:06.588 21219 21271 I SCS@AiSearch user 0: (IndexManager) getIndexWriter(): indexName logs.call
04-09 23:03:06.658 21219 21271 I SCS@AiSearch user 0: (IndexManager) [INSERT] Done
04-09 23:03:06.658 21219 21271 I SCS@AiSearch user 0: (IndexSearcherManager) [CALLLOG-0] entering in refreshSearcherManager():  refreshSearcherManager for logs.call
04-09 23:03:06.785 21219 21271 I SCS@AiSearch user 0: (IndexSearcherManager) [CALLLOG-0] leaving from refreshSearcherManager():
04-09 23:03:06.785 21219 21271 I SCS@AiSearch user 0: (IndexManager) addIndex(): done
04-09 23:03:06.786 21219 25356 I SCS@AiSearch user 0: (IndexManager) [pool-15-thread-1] entering in commitIndexWriter():
04-09 23:03:06.789  5665  5741 W libprocessgroup: Failed to open /dev/blkio//cgroup.procs: No such file or directory
04-09 23:03:06.791 21219 21271 I SCS@AiSearch user 0: (BaseCollector::CALLLOG) fetch: fetching took  363 ms
04-09 23:03:06.791 21219 21271 I SCS@AiSearch user 0: (BaseCollector::CALLLOG) fetchChanges: applied 2 items
04-09 23:03:06.794  5665  5741 W libprocessgroup: Failed to open /dev/blkio//cgroup.procs: No such file or directory
04-09 23:03:06.796  5665  5741 W libprocessgroup: Failed to open /dev/blkio//cgroup.procs: No such file or directory
04-09 23:03:06.798  5665  5741 W libprocessgroup: Failed to open /dev/blkio//cgroup.procs: No such file or directory
04-09 23:03:06.801  5665  5741 W libprocessgroup: Failed to open /dev/blkio//cgroup.procs: No such file or directory
04-09 23:03:06.804  5665  5741 W libprocessgroup: Failed to open /dev/blkio//cgroup.procs: No such file or directory
04-09 23:03:06.866 21219 25356 I SCS@AiSearch user 0: (IndexManager) [pool-15-thread-1] leaving from commitIndexWriter():
04-09 23:03:08.842 21219 21271 I SCS@AiSearch user 0: (BaseCollector::CALLLOG) doesDataKeepChanging: postpone count: 0 - source count: very first = 2127, previous = 2127, current = 2127
04-09 23:03:08.842 21219 21271 I SCS@AiSearch user 0: (BaseCollector::CALLLOG) [CALLLOG-0] entering in collectChanges():
04-09 23:03:08.893  6284  6284 D SecPowerUI.Notification: showChargingNotice oldChargingType : 11 currentChargingType : 11 oldChargingTime : 3337000 mChargingTime : 3337000
04-09 23:03:08.893  6284  6284 D SecPowerUI.Notification: There is no change about charging status, so return!
04-09 23:03:08.911 21219 21271 I SCS@AiSearch user 0: (BaseCollector::CALLLOG) fetchInternal values : maxSyncId: 2493 indexCount: 2127 sourceCount: 2127
04-09 23:03:09.006 21219 21271 I SCS@AiSearch user 0: (IndexManager) [CALLLOG-0] entering in addIndex():
04-09 23:03:09.011 21219 21271 I SCS@AiSearch user 0: (BaseCollector::CALLLOG) fetch: fetching took  137 ms
04-09 23:03:09.011 21219 21271 I SCS@AiSearch user 0: (BaseCollector::CALLLOG) fetchChanges: applied 0 items
04-09 23:03:09.011 21219 21271 I SCS@AiSearch user 0: (BaseCollector::CALLLOG) Collect finished. Result: true
04-09 23:03:09.013 21219 21271 I SCS@AiSearch user 0: (BaseCollector::CALLLOG) enqueue ObserverWorker name: logs.call, policy: APPEND_OR_REPLACE
04-09 23:03:09.013 21219 21252 I WM-WorkerWrapper: Worker result SUCCESS for Work [ id=af74e3aa-ef46-4dc5-8541-4f3b6d34700c, tags={ logs.call, com.samsung.android.scs.ai.search.data.collector.ObserverWorker } ]
04-09 23:03:09.032  5665  8502 D PackageManager: setEnabledSetting : userId = 0 packageName = com.samsung.android.scs cmp = androidx.work.impl.background.systemalarm.RescheduleReceiver newState = 1 callingPackage = 10380/com.samsung.android.scs
04-09 23:03:09.033  5665  8502 D ApplicationPolicy: getApplicationStateEnabled : pkg = com.samsung.android.scs userId : 0
04-09 23:03:09.034  5665  8502 D ApplicationPolicy: getApplicationComponentState : pkg = com.samsung.android.scs userId : 0
04-09 23:03:10.317 18519 18674 I PolicyManager: [#CMH#] Is foreground game app: false
04-09 23:03:10.555  7623 11673 I WearableConn: Connecting to "Galaxy Watch5 Pro (MJNP)"
04-09 23:03:10.562  7623 11673 I BluetoothSocket: connect() for device 645DF4_1 called by pid: 7623
04-09 23:03:10.591  6634  7262 W btm_acl : Unable to find active acl
04-09 23:03:10.599  6634  7262 W bt_stack: create_connection :: EnqueueCommand
04-09 23:03:11.503  7623 25012 E WakeLock: WearableBluetooth ** IS FORCE-RELEASED ON TIMEOUT **
04-09 23:03:13.895  5312  5312 E sehhealth-service: Could not open /sys/class/power_supply/battery/lrp
04-09 23:03:13.902  5665  5861 D MotionRecognitionService: [SAR]  onReceive : ACTION_BATTERY_CHANGED, Plugged: 2
04-09 23:03:13.903  5665  5665 D PhoneWindowManagerExt: ACTION_BATTERY_CHANGED - Level=61, status=2
04-09 23:03:13.913  5665  5665 D SemWifiApBroadcastReceiver: Received : android.intent.action.BATTERY_CHANGED
04-09 23:03:13.916  6213  6213 D SemBigDataInfoController: Intent: android.intent.action.BATTERY_CHANGED
04-09 23:03:13.918  6213  6213 D SemBigDataInfoController: Intent: android.intent.action.BATTERY_CHANGED
04-09 23:03:13.922  6284  6284 I PowerUI : mBootCompleted = true |  mFullyConnected = true
04-09 23:03:13.923  6284  6284 W PowerUI : Plug reason
04-09 23:03:13.923  6284  6284 W PowerUI : Skip charging animation - by plug status
04-09 23:03:13.923  6284  6284 D PowerUI : priorPlugType = 2 mPlugType = 2 priorBatteryStatus = 2 mBatteryStatus = 2
04-09 23:03:13.923  6284  6284 W PowerUI : Plug reason
04-09 23:03:13.924  6284  6284 W PowerUI : Skip charging sound - by plug status
04-09 23:03:13.924  6284  7556 D SecPowerUI.Notification: dismissing low battery warning: level=61
04-09 23:03:13.924  6284  6284 I PowerUI : oldMisalign : false, curMisalign : false
04-09 23:03:13.924  6284  7556 D SecPowerUI.Notification: updateNotification mWarning=false mPlaySound=false
04-09 23:03:13.924  6284  7556 D SecPowerUI.Notification: SecBatteryStatsSnapshot{batteryLevel=61, currentBatteryMode=0, chargingTime=3337000, chargingType=11, batteryHealth=2, automaticTestMode=false, isHiccupState=false}
04-09 23:03:13.928  6284  6284 D SecPowerUI.Notification: showChargingNotice oldChargingType : 11 currentChargingType : 11 oldChargingTime : 3337000 mChargingTime : 3330000
04-09 23:03:13.928  6284  6284 D SecPowerUI.Notification: showChargingNotification()
04-09 23:03:13.928  6284  6284 D SecPowerUI.Notification: SecBatteryStatsSnapshot{batteryLevel=61, currentBatteryMode=0, chargingTime=3330000, chargingType=11, batteryHealth=2, automaticTestMode=false, isHiccupState=false}
04-09 23:03:13.929  6284  6284 D PowerUi.ChargingNotification: showChargingNotification()
04-09 23:03:13.932  6284  7556 D SecPowerUI.Notification: 1. restoreScreenTimeOut - saved_value : :
04-09 23:03:13.932  6284  7556 E SecPowerUI.Notification: no saved value, so we do nothing !!
04-09 23:03:13.935  6284  6284 D PowerUi.ChargingNotification: showChargingNotification()
04-09 23:03:13.942  5665  8502 D ApplicationPolicy: isStatusBarNotificationAllowedAsUser: packageName = com.android.systemui,userId = 0
04-09 23:03:13.943  5665  8502 D ApplicationPolicy: isStatusBarNotificationAllowedAsUser: packageName = com.android.systemui,userId = -1
04-09 23:03:13.943  5665  8502 D ApplicationPolicy: isStatusBarNotificationAllowedAsUser: converting userId from USER_ALLto 0
04-09 23:03:13.944  6284  6284 D PowerUI : Battery swelling mode - priorBatterySwellingMode = 0 mBatterySwellingMode = 0 mBatteryStatus = 2
04-09 23:03:13.944  6284  6284 I PowerUI : mBatteryMiscEvent = 65536
04-09 23:03:13.944  6284  6284 D SamsungBatteryMeterDrawable: onBatteryLevelChanged isSomethingChanged: false
04-09 23:03:13.945  6284  6284 D SamsungBatteryMeterDrawable: onBatteryLevelChanged isSomethingChanged: false
04-09 23:03:13.945  6284  6284 D SamsungBatteryMeterDrawable: onBatteryLevelChanged isSomethingChanged: false
04-09 23:03:13.946  6284  6284 D SamsungBatteryMeterDrawable: onBatteryLevelChanged isSomethingChanged: false
04-09 23:03:13.946  6284  6284 D KeyguardUpdateMonitor: received broadcast android.intent.action.BATTERY_CHANGED
04-09 23:03:13.947  6284  6284 I AODBatteryManager: updateBatteryData: ACTION_BATTERY_CHANGED
04-09 23:03:13.948  6284  6284 I AODBatteryManager: saveBatteryData : AOD BatteryData [mBatteryLevel=61, mBatteryStatus=CHARGING, mBatteryPlugType=USB, mBatteryPlugged=true, mRemainingChargeTime=3330000, mBatteryChargingType=2, mBatteryChargerType=FAST, mBatteryOnline=NOT_DEFINED, mBatterySwellingMode=NONE, mBatteryProtectMode=false]
04-09 23:03:13.948  6284  6284 I ChargingInfoManager: updateChargingInfo: newState = AOD ChargingInfo [mState=BATTERY_AND_REMAIN_TIME, mIsCharging=true, mIsFullyCharged=false, mIsBatteryProtectMode=false], oldState = AOD ChargingInfo [mState=BATTERY_AND_REMAIN_TIME, mIsCharging=true, mIsFullyCharged=false, mIsBatteryProtectMode=false]
04-09 23:03:13.949  6284  6284 D KeyguardUpdateMonitor: handleBatteryUpdate
04-09 23:03:13.953  6284  6284 D KeyguardSecIndicationController: addIndicationTimeout() returned - unlocking
04-09 23:03:13.954  6284  6284 D KeyguardSecIndicationController: addIndication() returned - unlocking
04-09 23:03:13.954  6284  6284 D KeyguardSecIndicationController: addBatteryAndOwnerInfoIndication() battery status = BatteryStatus{status=2,level=61,plugged=2,health=2,maxChargingWattage=-1,remaining=3330000ultraFastCharger=1}
04-09 23:03:14.163  6210  6210 I FreeformContainer: [SmartPopupViewService] onNotificationPosted: StatusBarNotification(pkg=com.android.systemui user=UserHandle{-1} id=2131428959 tag=charging_state key=-1|com.android.systemui|2131428959|charging_state|10054: Notification(channel=CHR shortcut=null contentView=null vibrate=null sound=null defaults=0x0 flags=0xa color=0xff8b94ab category=sys groupKey=CHARGING vis=PUBLIC semFlags=0x0 semPriority=0 semMissedCount=0))
04-09 23:03:14.164  6210  6210 V FreeformContainer: [SmartPopupViewService] isSmartPopupViewTarget: com.android.systemui is not enabled
04-09 23:03:14.168  6837  6837 I Launcher.NotificationListener: onNotificationPosted : com.android.systemui number : 0
04-09 23:03:14.169  9619 10534 I NotificationPipeline: Processing new notification: -1|com.android.systemui|2131428959|charging_state|10054
04-09 23:03:14.169  9619 10534 E Notification4Heart_NB: WatchFactory.getWatch-lastConnectedNodeId is null
04-09 23:03:14.170  9619 10534 W Notification4Heart_NB: NotificationBridgeCallback.onNotificationPosted-never connected before
04-09 23:03:14.176  6284  6284 D BubblesManager: onRankingUpdate : shouldBubbleUp=false ,pkg=android ,key=-1|android|34|NetworkPolicy:945656281:34|1000
04-09 23:03:14.176  6284  6284 D BubblesManager: onRankingUpdate : shouldBubbleUp=false ,pkg=com.kms.free ,key=0|com.kms.free|42|null|10299
04-09 23:03:14.177  6284  6284 D BubblesManager: onRankingUpdate : shouldBubbleUp=false ,pkg=com.sec.android.app.shealth ,key=0|com.sec.android.app.shealth|105|null|10256
04-09 23:03:14.177  6284  6284 D BubblesManager: onRankingUpdate : shouldBubbleUp=false ,pkg=com.kms.free ,key=0|com.kms.free|1|null|10299
04-09 23:03:14.177  6284  6284 D BubblesManager: onRankingUpdate : shouldBubbleUp=false ,pkg=mrigapps.andriod.breakfree.deux ,key=0|mrigapps.andriod.breakfree.deux|2|null|10506
04-09 23:03:14.177  6284  6284 D BubblesManager: onRankingUpdate : shouldBubbleUp=false ,pkg=com.android.providers.downloads ,key=0|com.android.providers.downloads|0|3:1244|10068
04-09 23:03:14.177  6284  6284 D BubblesManager: onRankingUpdate : shouldBubbleUp=false ,pkg=ru.mail.mailapp ,key=0|ru.mail.mailapp|1073741824|zhelenskiy@mail.ru|10221
04-09 23:03:14.178  6284  6284 D InterruptionStateProvider: Group alert behavior is suppressed but we want to alert bubble
04-09 23:03:14.178  6284  6284 D BubblesManager: onRankingUpdate : shouldBubbleUp=false ,pkg=ru.mail.mailapp ,key=0|ru.mail.mailapp|1291137120|zhelenskiy@mail.ru|10221
04-09 23:03:14.179  6284  6284 D InterruptionStateProvider: Group alert behavior is suppressed but we want to alert bubble
04-09 23:03:14.179  6284  6284 D BubblesManager: onRankingUpdate : shouldBubbleUp=false ,pkg=ru.mail.mailapp ,key=0|ru.mail.mailapp|406243825|zhelenskiy@mail.ru|10221
04-09 23:03:14.179  6284  6284 D BubblesManager: onRankingUpdate : shouldBubbleUp=false ,pkg=android ,key=0|android|38|AccountManagerService:38:-904454848:838749127:10427|1000
04-09 23:03:14.179  6284  6284 D InterruptionStateProvider: Group alert behavior is suppressed but we want to alert bubble
04-09 23:03:14.179  6284  6284 D BubblesManager: onRankingUpdate : shouldBubbleUp=false ,pkg=com.google.android.googlequicksearchbox ,key=0|com.google.android.googlequicksearchbox|0|-1997195081::SUMMARY::wx|10233
04-09 23:03:14.180  6284  6284 D BubblesManager: onRankingUpdate : shouldBubbleUp=false ,pkg=com.google.android.googlequicksearchbox ,key=0|com.google.android.googlequicksearchbox|0|-1997195081::a:snotification:[0x394,wx.f,NOTIFICATION]|10233
04-09 23:03:14.180  6284  6284 D BubblesManager: onRankingUpdate : shouldBubbleUp=false ,pkg=android ,key=-1|android|27|null|1000
04-09 23:03:14.180  6284  6284 D BubblesManager: onRankingUpdate : shouldBubbleUp=false ,pkg=com.android.systemui ,key=-1|com.android.systemui|2131428959|charging_state|10054
04-09 23:03:14.181  6284  6315 D Bubbles : onRankingUpdated : isActiveOrInOverflow= false , mTmpRanking.canBubble()= false ,isActive= false ,shouldBubbleUp= false ,mTmpRanking.isBubble()= false
04-09 23:03:14.181  6284  6315 D Bubbles : onRankingUpdated : isActiveOrInOverflow= false , mTmpRanking.canBubble()= false ,isActive= false ,shouldBubbleUp= false ,mTmpRanking.isBubble()= false
04-09 23:03:14.181  6284  6315 D Bubbles : onRankingUpdated : isActiveOrInOverflow= false , mTmpRanking.canBubble()= false ,isActive= false ,shouldBubbleUp= false ,mTmpRanking.isBubble()= false
04-09 23:03:14.182  6284  6315 D Bubbles : onRankingUpdated : isActiveOrInOverflow= false , mTmpRanking.canBubble()= false ,isActive= false ,shouldBubbleUp= false ,mTmpRanking.isBubble()= false
04-09 23:03:14.182  6284  6315 D Bubbles : onRankingUpdated : isActiveOrInOverflow= false , mTmpRanking.canBubble()= false ,isActive= false ,shouldBubbleUp= false ,mTmpRanking.isBubble()= false
04-09 23:03:14.182  6284  6315 D Bubbles : onRankingUpdated : isActiveOrInOverflow= false , mTmpRanking.canBubble()= false ,isActive= false ,shouldBubbleUp= false ,mTmpRanking.isBubble()= false
04-09 23:03:14.182  6284  6315 D Bubbles : onRankingUpdated : isActiveOrInOverflow= false , mTmpRanking.canBubble()= false ,isActive= false ,shouldBubbleUp= false ,mTmpRanking.isBubble()= false
04-09 23:03:14.182  6284  6315 D Bubbles : onRankingUpdated : isActiveOrInOverflow= false , mTmpRanking.canBubble()= false ,isActive= false ,shouldBubbleUp= false ,mTmpRanking.isBubble()= false
04-09 23:03:14.182  6284  6315 D Bubbles : onRankingUpdated : isActiveOrInOverflow= false , mTmpRanking.canBubble()= false ,isActive= false ,shouldBubbleUp= false ,mTmpRanking.isBubble()= false
04-09 23:03:14.182  6284  6315 D Bubbles : onRankingUpdated : isActiveOrInOverflow= false , mTmpRanking.canBubble()= false ,isActive= false ,shouldBubbleUp= false ,mTmpRanking.isBubble()= false
04-09 23:03:14.182  6284  6315 D Bubbles : onRankingUpdated : isActiveOrInOverflow= false , mTmpRanking.canBubble()= false ,isActive= false ,shouldBubbleUp= false ,mTmpRanking.isBubble()= false
04-09 23:03:14.183  6284  6315 D Bubbles : onRankingUpdated : isActiveOrInOverflow= false , mTmpRanking.canBubble()= false ,isActive= false ,shouldBubbleUp= false ,mTmpRanking.isBubble()= false
04-09 23:03:14.183  6284  6315 D Bubbles : onRankingUpdated : isActiveOrInOverflow= false , mTmpRanking.canBubble()= false ,isActive= false ,shouldBubbleUp= false ,mTmpRanking.isBubble()= false
04-09 23:03:14.183  6284  6315 D Bubbles : onRankingUpdated : isActiveOrInOverflow= false , mTmpRanking.canBubble()= false ,isActive= false ,shouldBubbleUp= false ,mTmpRanking.isBubble()= false
04-09 23:03:14.376  6284  6284 D BubblesManager: onEntryUpdated : shouldBubbleUp=false ,key=-1|com.android.systemui|2131428959|charging_state|10054
04-09 23:03:14.415  6284  6284 I FaceWidgetPositionAlgorithm: getMediaContainerHeight() height = 0 container Visibility = 8, isValid = false, mIsDozing = false, fraction = 1.0, source = 0, target = 0
04-09 23:03:14.415  6284  6284 I FaceWidgetPositionAlgorithm: getMediaContainerHeight() supplier = 0
04-09 23:03:14.495  6284  6284 I FaceWidgetPositionAlgorithm: getMediaContainerHeight() height = 0 container Visibility = 8, isValid = false, mIsDozing = false, fraction = 1.0, source = 0, target = 0
04-09 23:03:14.495  6284  6284 I FaceWidgetPositionAlgorithm: getMediaContainerHeight() supplier = 0
04-09 23:03:14.565  6284  6284 I FaceWidgetPositionAlgorithm: getMediaContainerHeight() height = 0 container Visibility = 8, isValid = false, mIsDozing = false, fraction = 1.0, source = 0, target = 0
04-09 23:03:14.565  6284  6284 I FaceWidgetPositionAlgorithm: getMediaContainerHeight() supplier = 0
04-09 23:03:16.278  5665  6515 D SLocation: AlarmSessionManager - onAlarm
04-09 23:03:16.278  5665  6515 D SLocation: PositionManager - last location time exceed threshold 302720 / 30000
04-09 23:03:16.282  5665  6515 D SLocation: GeopointGeofenceManager - getLastLocation is abnromal!
04-09 23:03:16.283  5665  6515 D SLocation: LocationProviderStatus - try to update provider status (GPS/NLP)
04-09 23:03:16.283  5665  6515 D SLocation: LocationProviderStatus - set isGpsOn : true, isNlpOn : true
04-09 23:03:16.283  5665  6515 D SLocation: LocationProviderStatus - gps & nlp status not changed
04-09 23:03:16.283  5665  6515 D SLocation: SContentManager - IsNetworkAvailable = true
04-09 23:03:16.283  5665  6515 D SLocation: PositionManager - requestLocationUpdates(1) : NETWORK_PROVIDER
04-09 23:03:16.283  5665  6515 D SLocation: NLPManager - requestUpdate - NLP
04-09 23:03:16.296  5665  6515 D LocationManagerService: network provider added registration from 1000/android[SLocationService]/DAA57E77 -> Request[@0 BALANCED, WorkSource{1000 android}]
04-09 23:03:16.304  7080  7224 I RequestManager_FLP: request from system, change packageName from system to system(slocation)
04-09 23:03:16.304  7080  7224 E RequestManager_FLP: [LocationManager] Location request DAA57E77(Listener) network interval=0ms (min=0ms) from system(slocation) (1000_FINE_unknown_false_foreground)
04-09 23:03:16.358  7623 11499 W SystemServiceRegistry: No service published for: wifirtt
04-09 23:03:16.409  6678  6983 I PhoneStateTracker<1>: onCellInfoChanged: ns=not null
04-09 23:03:16.410  6678  6983 I ImsCallSessionManager: onCellInfoChanged, phoneId: 1
04-09 23:03:16.410  6678  6983 I RegiMgr-Handler: handleMessage: EVENT_CELL_INFO_CHANGED
04-09 23:03:16.422  6678  6983 I RegiMgr<1>: updatePani RegisterTask[1][mProfile=Telenor Serbia IMS, mRegistrationRat=13, mPdnType=11, mState=REGISTERED, mObject=UserAgent - :
04-09 23:03:16.422  6678  6983 I RegiMgr<1>:  total records=65
04-09 23:03:16.422  6678  6983 I RegiMgr<1>:  rec[0]: time=04-09 22:47:50.434 processed=ReadyState org=RegisteredState dest=<null> what=34(0x22)
04-09 23:03:16.422  6678  6983 I RegiMgr<1>:  rec[1]: time=04-09 22:47:50.436 processed=RegisteredState org=RegisteredState dest=<null> what=2000(0x7d0)
04-09 23:03:16.422  6678  6983 I RegiMgr<1>:  rec[2]: time=04-09 22:47:54.298 processed=ReadyState org=RegisteredState dest=<null> what=34(0x22)
04-09 23:03:16.422  6678  6983 I RegiMgr<1>:  rec[3]: time=04-09 22:47:54.302 processed=RegisteredState org=RegisteredState dest=<null> what=2000(0x7d0)
04-09 23:03:16.422  6678  6983 I RegiMgr<1>:  rec[4]: time=04-09 22:47:57.596 processed=ReadyState org=RegisteredState dest=<null> what=34(0x22)
04-09 23:03:16.422  6678  6983 I RegiMgr<1>:  rec[5]: time=04-09 22:47:57.598 processed=RegisteredState org=RegisteredState dest=<null> what=2000(0x7d0)
04-09 23:03:16.422  6678  6983 I RegiMgr<1>:  rec[6]: time=04-09 22:48:06.531 processed=ReadyState org=RegisteredState dest=<null> what=34(0x22)
04-09 23:03:16.422  6678  6983 I RegiMgr<1>:  rec[7]: time=04-09 22:48:06.536 processed=RegisteredState org=RegisteredState dest=<null> what=2000(0x7d0)
04-09 23:03:16.422  6678  6983 I RegiMgr<1>:  rec[8]: time=04-09 22:51:25.235 processed=ReadyState org=RegisteredState dest=<null> what=34(0x22)
04-09 23:03:16.422  6678  6983 I RegiMgr<1>:  rec[9]: time=04-09 22:51:25.236 processed=RegisteredState org=RegisteredState dest=<null> what=2000(0x7d0)
04-09 23:03:16.422  6678  6983 I RegiMgr<1>:  rec[10]: time=04-09 22:52:57.704 processed=ReadyState org=RegisteredState dest=<null> what=34(0x22)
04-09 23:03:16.422  6678  6983 I RegiMgr<1>:  rec[11]: time=04-09 22:52:57.706 processed=RegisteredState org=RegisteredState dest=<null> what=2000(0x7d0)
04-09 23:03:16.422  6678  6983 I RegiMgr<1>:  rec[12]: time=04-09 22:53:01.114 processed=ReadyState org=RegisteredState dest=<null> what=34(0x22)
04-09 23:03:16.422  6678  6983 I RegiMgr<1>:  rec[13]: time=04-09 22:53:01.115 processed=RegisteredState org=RegisteredState dest=<null> what=2000(0x7d0)
04-09 23:03:16.422  6678  6983 I RegiMgr<1>:  rec[14]: time=04-09 22:56:29.120 processed=ReadyState org=RegisteredState dest=<null> what=34(0x22)
04-09 23:03:16.422  6678  6983 I RegiMgr<1>:  rec[15]: time=04-09 22:56:29.125 processed=RegisteredState org=RegisteredState dest=<null> what=2000(0x7d0)
04-09 23:03:16.422  6678  6983 I RegiMgr<1>:  rec[16]: time=04-09 22:58:07.246 processed=ReadyState org=RegisteredState dest=<null> what=34(0x22)
04-09 23:03:16.422  6678  6983 I RegiMgr<1>:  rec[17]: time=04-09 22:58:07.248 processed=RegisteredState org=RegisteredState dest=<null> what=2000(0x7d0)
04-09 23:03:16.422  6678  6983 I RegiMgr<1>:  rec[18]: time=04-09 22:58:10.326 processed=ReadyState org=RegisteredState dest=<null> what=34(0x22)
04-09 23:03:16.422  6678  6983 I RegiMgr<1>:  rec[19]: time=04-09 22:58:10.329 processed=RegisteredState org=RegisteredState dest=<null> what=2000(0x7d0)
04-09 23:03:16.422  6678  6983 I RegiMgr<1>: curState=RegisteredState
04-09 23:03:16.422  6678  6983 I RegiMgr<1>: , mReason=, mPcscfHostname=null, mDeregiReason=41]
04-09 23:03:16.424  6678  6983 I PaniGenerator<1>: generate: subId=2, network=13
04-09 23:03:16.425  6678  6983 I PaniGenerator<1>: generate: network=13, fallbackPlmn=22001
04-09 23:03:16.425  6678  6983 I PdnController<1>: getAllCellInfo mNeedCellLocationUpdate : false
04-09 23:03:16.425  6678  6983 I PaniGenerator: generate: change to NW PLMN(22001)
04-09 23:03:16.426  6678  6983 I PaniGenerator: setLkcForLastPani: No Last PANI header for Telenor Serbia IMS
04-09 23:03:16.426  6678  6983 I UserAgent<1>: updatePani: pani=3GPP-E-UTRAN-FDD;utran-cell-id-3gpp=220012b7301a3e03, updatePani: lastPani=
04-09 23:03:16.427  6678  7285 I StackIF : updatePani: 4101 pani: [3GPP-E-UTRAN-FDD;utran-cell-id-3gpp=220012b7301a3e03]
04-09 23:03:16.428  6678  7285 I SECIMSJ : [0042]> 140
04-09 23:03:16.429  6678  7294 I [IMS6.0]: IMS_onResponse()
04-09 23:03:16.429  6678  7294 I StackIF : processMessage 2
04-09 23:03:16.430  6678  7294 I StackIF : Processing Response
04-09 23:03:16.430  6678  7294 I SECIMSJ : [0042]< 600
04-09 23:03:16.430  6678  7294 I StackIF : processResponse: reqId 600
04-09 23:03:16.430  6678  7294 I StackIF : processResponse: handle 4101 result 0 reason 0
04-09 23:03:16.466  5665  6082 I ChimeraAggressivePolicyHandler: executePolicy() - triggerSource: TRIGGER_SOURCE_LMKD
04-09 23:03:16.468  5665  6082 I ChimeraAggressivePolicyHandler: available memory: 1085672, free memory target: 890880, quit chimera
04-09 23:03:16.599  5665  6036 D ConnectivityService: reportNetworkActive, notify 0 listeners
04-09 23:03:16.707  6213  6255 I System.out: Broadcasting: Intent { act=com.sec.intent.action.SARDEVICE_CP flg=0x10000000 (has extras) }
04-09 23:03:16.715  6678  8139 I RILClient: processUnsolicited(): resp_id (11090), len(118)
04-09 23:03:16.726  5665  5861 D MotionRecognitionService: [SAR]  onReceive : SARDEVICE_CP, callAction = on deviceID = 3 slot = 1 device_ext = 0
04-09 23:03:16.727  5665  5861 I MotionRecognitionService: [SAR] id : 0 cmd :on
04-09 23:03:16.727  5665  5861 I MotionRecognitionService: [SAR] A96T3X6 Grip sensor enableSensor
04-09 23:03:16.738  5665  5861 D SensorService: [GripSensor] ++ setGripThdWithMCC  (65560)
04-09 23:03:16.739  5665  5861 D SensorService: GripSensor: MCC Path does not exist
04-09 23:03:16.743  5297  5297 I SensorsGrip: [grip_sensor] enable: GripSensor: enable handle = 11 en = 1
04-09 23:03:16.749  5297  5297 E SensorsGrip: [grip_sensor] enable: mEnabled : 1, first_grip_event : 1
04-09 23:03:16.749  5297  5367 I SensorsGrip: [grip_sensor] readEvents: GripSensor: grip 1ch data = RELEASE
04-09 23:03:16.752  5665  5861 D SensorManager: registerListener :: 33554443, A96T3X6 Grip sensor, 200000, 0, com.samsung.android.gesture.MotionRecognitionSAR$GripSensor$1@ea0c55f
04-09 23:03:16.752  5665  5861 I MotionRecognitionService: [SAR] A96T3X6 Grip sensor enable channel 0 : 2 , channel 1 : 0
04-09 23:03:16.753  5665  5861 I MotionRecognitionService: [SAR] id : 1 cmd :on
04-09 23:03:16.758  6213  7584 I System.out: Broadcast completed: result=0
04-09 23:03:16.761  5665  6152 D NetdEventListenerService: DNS Requested by : 100, 10226
04-09 23:03:16.768  5665  5861 I MotionRecognitionService: [SAR] A96T3X6 Grip sensor onSensorChanged : 5.0 , 0.0 , 0.0 , 0.0 , 0.0
04-09 23:03:16.768  5665  5861 I MotionRecognitionService: [SAR] A96T3X6 Grip sensor clearBackOff channel: 0 , index: 0
04-09 23:03:16.768  5665  5861 I MotionRecognitionService: [SAR] A96T3X6 Grip sensorsetTunerGrip 8589934592 , state: false
04-09 23:03:16.781  7623 24290 D TrafficStats: tagSocket(88) with statsTag=0x34000609, statsUid=10226
04-09 23:03:16.786  5665  5861 D MotionRecognitionService: [SAR] set setTransmitPowerExt  value : 8589934592 : false
04-09 23:03:16.786  5665  5861 I MotionRecognitionService: [SAR] tunerGrip is 8589934592, state : false
04-09 23:03:16.839  7623 24290 W Conscrypt: Could not set socket write timeout: java.net.SocketException: Socket closed
04-09 23:03:16.841  7623 24290 W Conscrypt: 	at com.google.android.gms.org.conscrypt.Platform.setSocketWriteTimeout(:com.google.android.gms@231115044@23.11.15 (190400-520109968):2)
04-09 23:03:16.841  7623 24290 W Conscrypt: 	at com.google.android.gms.org.conscrypt.ConscryptFileDescriptorSocket.setSoWriteTimeout(:com.google.android.gms@231115044@23.11.15 (190400-520109968):0)
04-09 23:03:17.005  6284  6373 D MobileStatusTracker(1/2): onDataActivity: direction=3
04-09 23:03:17.008  6284  6373 D MobileSignalController(1/2): notifyListener: enabled=true, connected=true, dataConnected=true, networkType=LTE (4G), emergencyOnly=false, roaming=false, isDefault=true, dataActivity=inout, level=2, ca=false, mmWave=false, disabledDataIcon=false, simCard=ETC
04-09 23:03:17.017  6634  7262 W bt_stack: Unhandled vendor specific event of type 0x90
04-09 23:03:17.017  6634  7262 W bt_stack: Connection failed classic remote:xx:xx:xx:xx:b3:b1 reason:PAGE_TIMEOUT
04-09 23:03:17.017  6634  7316 W bt_l2cap: L2CAP - no CCB for L2CA_disc_req, CID: 76
04-09 23:03:17.017  6634  7316 W btm_acl : Unable to find active acl
04-09 23:03:17.018  6634  7342 E bt_btif_sock_rfcomm: find_rfc_slot_by_id unable to find RFCOMM slot id: 22
04-09 23:03:17.026  7623 11673 W WearableConn: Failed to connect, error: read failed, socket might closed or timeout, read ret: -1
04-09 23:03:17.027  7623 11673 D BluetoothSocket: close() this: android.bluetooth.BluetoothSocket@ebb7fa6, channel: -1, mSocketIS: android.net.LocalSocketImpl$SocketInputStream@71e1de7, mSocketOS: android.net.LocalSocketImpl$SocketOutputStream@c994d94, mSocket: android.net.LocalSocket@761503d impl:android.net.LocalSocketImpl@70ff032 fd:java.io.FileDescriptor@5a4b183, mSocketState: INIT
04-09 23:03:17.032  6634  6779 D BluetoothUtils: getBtEnabledContainers(): btContainers = []
04-09 23:03:17.038  7623 11673 I WearableConn: Setting alarm for 256.0 seconds to retry connection
04-09 23:03:17.047  6284  6373 V BluetoothEventManager: onReceive :: android.bluetooth.device.action.NAME_CHANGED
04-09 23:03:17.064  6713  6713 V BluetoothEventManager: onReceive :: android.bluetooth.device.action.NAME_CHANGED
04-09 23:03:17.066  7623 24290 W Conscrypt: Could not set socket write timeout: java.net.SocketException: Socket closed
04-09 23:03:17.066  7623 24290 W Conscrypt: 	at com.google.android.gms.org.conscrypt.Platform.setSocketWriteTimeout(:com.google.android.gms@231115044@23.11.15 (190400-520109968):2)
04-09 23:03:17.066  7623 24290 W Conscrypt: 	at com.google.android.gms.org.conscrypt.ConscryptFileDescriptorSocket.setSoWriteTimeout(:com.google.android.gms@231115044@23.11.15 (190400-520109968):0)
04-09 23:03:17.068  6284  6373 I BluetoothAdapter: STATE_ON
04-09 23:03:17.070  6634  6779 D BluetoothUtils: getBtEnabledContainers(): btContainers = []
04-09 23:03:17.077  7623 11673 I AlarmManager: setExactAndAllowWhileIdle [name: WearableBluetooth type: 2 triggerAtMillis: 2351579]
04-09 23:03:17.086  6713  6713 I BluetoothAdapter: STATE_ON
04-09 23:03:17.120  6284  6373 D CachedBluetoothDeviceManager: onDeviceNameUpdated :: skip same name update
04-09 23:03:17.128  6713  6713 D CachedBluetoothDeviceManager: onDeviceNameUpdated :: skip same name update
04-09 23:03:17.128  6713  6713 V BluetoothEventManager: onReceive :: android.bluetooth.device.action.CLASS_CHANGED
04-09 23:03:17.128  6284  6373 V BluetoothEventManager: onReceive :: android.bluetooth.device.action.CLASS_CHANGED
04-09 23:03:17.134  6713  6713 V BluetoothEventManager: onReceive :: com.samsung.bluetooth.device.action.MANUFACTURER_CHANGED
04-09 23:03:17.140  6284  6373 V BluetoothEventManager: onReceive :: com.samsung.bluetooth.device.action.MANUFACTURER_CHANGED
