04-30 01:28:00.316 12235 12258 I TestRunner: started: mutableUniversalRefFloatIn2Longs(org.jetbrains.android_benchmark.Wolf3dBenchmark)
04-30 01:28:00.318 12235 12235 I MonitoringInstr: Activities that are still in CREATED to STOPPED: 1
04-30 01:28:00.318 12235 12235 I MonitoringInstr: Finishing activity: androidx.benchmark.IsolationActivity@60bdc39
04-30 01:28:00.320 12235 12258 I GrantPermissionCallable: Permission: android.permission.WRITE_EXTERNAL_STORAGE is already granted!
04-30 01:28:00.320 12235 12258 I GrantPermissionCallable: Permission: android.permission.READ_EXTERNAL_STORAGE is already granted!
04-30 01:28:00.320 12235 12258 D Benchmark: -- Running org.jetbrains.android_benchmark.Wolf3dBenchmark#mutableUniversalRefFloatIn2Longs --
04-30 01:28:00.320 12235 12258 D PerfettoCapture: Supported ABIs: arm64-v8a, armeabi-v7a, armeabi
04-30 01:28:00.320 12235 12258 D PerfettoCapture: Recording perfetto trace
04-30 01:28:00.357 12235 12258 I PerfettoCapture: Cleanup perfetto before starting.
04-30 01:28:00.533 12235 12258 I PerfettoCapture: Perfetto output file cleanup -
04-30 01:28:00.533 12235 12258 I PerfettoCapture: Starting perfetto tracing with cmd: cat /storage/emulated/0/Android/data/org.jetbrains.android_benchmark.test/cache/trace_config.pb | perfetto --background -c - -o /data/misc/perfetto-traces/trace_output.pb
04-30 01:28:00.705 21433 21433 I perfetto:    perfetto_cmd.cc:1001 Connected to the Perfetto traced service, starting tracing
04-30 01:28:00.706  5131  5131 I perfetto: ing_service_impl.cc:953 Configured tracing session 303, #sources:4, duration:0 ms, #buffers:2, total buffer size:36864 KB, total sessions:1, uid:2000 session name: ""
04-30 01:28:00.708  5130  5130 I perfetto:  probes_producer.cc:139 Ftrace setup (target_buf=605)
04-30 01:28:00.758 12235 12258 I PerfettoCapture: Perfetto output - 21433
04-30 01:28:00.758 12235 12258 I PerfettoCapture: EXITCODE=0
04-30 01:28:00.775  4389  4389 I hwservicemanager: getTransport: Cannot find entry android.hardware.atrace@1.0::IAtraceDevice/default in either framework or device VINTF manifest.
04-30 01:28:00.803  5130  5130 I perfetto:    ftrace_procfs.cc:335 enabled ftrace in /sys/kernel/tracing/
04-30 01:28:00.828  5429  5488 W libprocessgroup: Failed to open /dev/blkio//cgroup.procs: No such file or directory
04-30 01:28:00.854 12145 12145 I SCS@AiSearch user 0: (ObserverWorker::AOSP_MP) [main] entering in startWork():
04-30 01:28:00.855 12145 12145 I SCS@AiSearch user 0: (BaseCollector::AOSP_MP) [main] entering in onChange():
04-30 01:28:00.856 12145 12208 I SCS@AiSearch user 0: (BaseCollector::AOSP_MP) [AOSP_MP-0] entering in collectChanges():
04-30 01:28:00.865  5429  6416 D PackageManager: setEnabledSetting : userId = 0 packageName = com.samsung.android.scs cmp = androidx.work.impl.background.systemalarm.RescheduleReceiver newState = 1 callingPackage = 10380/com.samsung.android.scs
04-30 01:28:00.867  5429  6416 D ApplicationPolicy: getApplicationStateEnabled : pkg = com.samsung.android.scs userId : 0
04-30 01:28:00.868  5429  6416 D ApplicationPolicy: getApplicationComponentState : pkg = com.samsung.android.scs userId : 0
04-30 01:28:00.883 12235 12258 I PerfettoCapture: Perfetto tracing started successfully with pid 21433.
04-30 01:28:00.943  5429  7411 D SemWifiUsabilityStatsMonitor: onWifiUsabilityStats - seqNum 25074, isSameBssidAndFreq true
04-30 01:28:00.949  5878  5878 D NetworkController.WifiSignalController: notifyListener: visible=true, connected=true, inetCondition=1, isDefault=true, wifiTestReported=true, receivedInetCondition=-1, hideDuringMobileSwitching=false
04-30 01:28:00.951  5878  6043 D Tile.WifiTile: handleUpdateState isTransient=false transientEnabling =false cb.isTransient=false state.state = 2 mStateBeforeClick.value =false enabled =true
04-30 01:28:00.953  5429  5717 I SemWifiLinkQualityMonitor: Link Qos Query: 0.018 ms / 433.000 Mbps (433 / 0.000 / 1.000)
04-30 01:28:00.975 12235 12258 I PerfettoCapture: /sys/kernel/tracing/tracing_on = 1, polled 0 times, capture fully started
04-30 01:28:00.977 12235 12258 D Benchmark: Set 12258 (Bench thread) to priority -20. Was -8, now -20
04-30 01:28:00.977 12235 12258 D Benchmark: Set 12243 (Jit) to priority -15. Was 9, now -15
04-30 01:28:00.989 12145 12208 I SCS@AiSearch user 0: (BaseCollector::AOSP_MP) fetchInternal values : maxSyncId: 1000008329 indexCount: 895 sourceCount: 895
04-30 01:28:01.007 12235 12258 I _benchmark.test: Explicit concurrent copying GC freed 9186(734KB) AllocSpace objects, 1(20KB) LOS objects, 67% free, 2994KB/9138KB, paused 357us,135us total 29.499ms
04-30 01:28:01.080 12145 12208 I SCS@AiSearch user 0: (IndexManager) [AOSP_MP-0] entering in addIndex():
04-30 01:28:01.085 12145 12208 I SCS@AiSearch user 0: (BaseCollector::AOSP_MP) fetch: fetching took  167 ms
04-30 01:28:01.085 12145 12208 I SCS@AiSearch user 0: (BaseCollector::AOSP_MP) fetchChanges: applied 0 items
04-30 01:28:01.086 12145 12208 I SCS@AiSearch user 0: (BaseCollector::AOSP_MP) Collect finished. Result: true
04-30 01:28:01.089 12145 12201 I WM-WorkerWrapper: Worker result SUCCESS for Work [ id=0d7a9b3f-a088-4808-9a13-fc7c50b12ae9, tags={ com.sec.android.app.myfiles, com.samsung.android.scs.ai.search.data.collector.ObserverWorker } ]
04-30 01:28:01.095 12145 12208 I SCS@AiSearch user 0: (BaseCollector::AOSP_MP) enqueue ObserverWorker name: com.sec.android.app.myfiles, policy: APPEND_OR_REPLACE
04-30 01:28:01.139  5429  6416 D PackageManager: setEnabledSetting : userId = 0 packageName = com.samsung.android.scs cmp = androidx.work.impl.background.systemalarm.RescheduleReceiver newState = 1 callingPackage = 10380/com.samsung.android.scs
04-30 01:28:01.141  5429  6416 D ApplicationPolicy: getApplicationStateEnabled : pkg = com.samsung.android.scs userId : 0
04-30 01:28:01.142  5429  6416 D ApplicationPolicy: getApplicationComponentState : pkg = com.samsung.android.scs userId : 0
04-30 01:28:01.954  6118  6631 I bt_stack: [INFO:rfc_port_fsm.cc(106)] rfc_port_sm_execute: BD_ADDR=645df4_1, PORT=18, STATE=4, EVENT=14
04-30 01:28:01.962  6118  6631 E bt_bta_dm: Received unknown power mode status event:5
04-30 01:28:02.487 29954 21455 I GmscoreIpa: Starting mediastore instant index [CONTEXT service_id=255 ]
04-30 01:28:02.601  6118  6631 I bt_stack: [INFO:rfc_port_fsm.cc(106)] rfc_port_sm_execute: BD_ADDR=645df4_1, PORT=18, STATE=4, EVENT=4
04-30 01:28:02.618  6118  6631 I bt_stack: [INFO:rfc_port_fsm.cc(106)] rfc_port_sm_execute: BD_ADDR=645df4_1, PORT=18, STATE=4, EVENT=14
04-30 01:28:03.992  5429  7411 D SemWifiUsabilityStatsMonitor: onWifiUsabilityStats - seqNum 25075, isSameBssidAndFreq true
04-30 01:28:03.995  5429  5717 I SemWifiLinkQualityMonitor: Link Qos Query: 0.028 ms / 288.667 Mbps (433 / 0.000 / 1.500)
04-30 01:28:03.995  5878  5878 D NetworkController.WifiSignalController: notifyListener: visible=true, connected=true, inetCondition=1, isDefault=true, wifiTestReported=true, receivedInetCondition=-1, hideDuringMobileSwitching=false
04-30 01:28:03.998  5878  6043 D Tile.WifiTile: handleUpdateState isTransient=false transientEnabling =false cb.isTransient=false state.state = 2 mStateBeforeClick.value =false enabled =true
04-30 01:28:07.037  5429  7411 D SemWifiUsabilityStatsMonitor: onWifiUsabilityStats - seqNum 25076, isSameBssidAndFreq true
04-30 01:28:07.039  5429  5717 I SemWifiLinkQualityMonitor: Link Qos Query: 0.028 ms / 288.667 Mbps (433 / 0.000 / 1.500)
04-30 01:28:07.039  5878  5878 D NetworkController.WifiSignalController: notifyListener: visible=true, connected=true, inetCondition=1, isDefault=true, wifiTestReported=true, receivedInetCondition=-1, hideDuringMobileSwitching=false
04-30 01:28:07.042  5878  6043 D Tile.WifiTile: handleUpdateState isTransient=false transientEnabling =false cb.isTransient=false state.state = 2 mStateBeforeClick.value =false enabled =true
04-30 01:28:09.348  4899  4899 E audit   : type=1400 audit(1682810889.343:84935): avc:  denied  { getattr } for  pid=5429 comm="BinderProcsColl" path="/sys/kernel/debug/binder/proc/5429" dev="debugfs" ino=28624 scontext=u:r:system_server:s0 tcontext=u:object_r:sec_debugfs:s0 tclass=file permissive=0 SEPF_SM-A515F_13_0001 audit_filtered
04-30 01:28:09.349  4899  4899 E audit   : type=1300 audit(1682810889.343:84935): arch=c00000b7 syscall=79 success=no exit=-13 a0=ffffff9c a1=76cbb4df90 a2=766eae5680 a3=0 items=0 ppid=4924 pid=5429 auid=4294967295 uid=1000 gid=1000 euid=1000 suid=1000 fsuid=1000 egid=1000 sgid=1000 fsgid=1000 tty=(none) ses=4294967295 comm="BinderProcsColl" exe="/system/bin/app_process64" subj=u:r:system_server:s0 key=(null)
04-30 01:28:09.349  4899  4899 E audit   : type=1327 audit(1682810889.343:84935): proctitle="system_server"
04-30 01:28:10.092  5429  7411 D SemWifiUsabilityStatsMonitor: onWifiUsabilityStats - seqNum 25077, isSameBssidAndFreq true
04-30 01:28:10.097  5429  5717 I SemWifiLinkQualityMonitor: Link Qos Query: 0.018 ms / 433.000 Mbps (433 / 0.000 / 1.000)
04-30 01:28:10.098  5878  5878 D NetworkController.WifiSignalController: notifyListener: visible=true, connected=true, inetCondition=1, isDefault=true, wifiTestReported=true, receivedInetCondition=-1, hideDuringMobileSwitching=false
04-30 01:28:10.103  5878  6043 D Tile.WifiTile: handleUpdateState isTransient=false transientEnabling =false cb.isTransient=false state.state = 2 mStateBeforeClick.value =false enabled =true
04-30 01:28:10.328  5429  5488 W libprocessgroup: Failed to open /dev/blkio//cgroup.procs: No such file or directory
04-30 01:28:11.142  5095  5095 I SurfaceFlinger: SFWD update time=159923549432919
04-30 01:28:11.985  5067  5067 E sehhealth-service: Could not open /sys/class/power_supply/battery/lrp
04-30 01:28:13.129  5429  7411 D SemWifiUsabilityStatsMonitor: onWifiUsabilityStats - seqNum 25078, isSameBssidAndFreq true
04-30 01:28:13.132  5878  5878 D NetworkController.WifiSignalController: notifyListener: visible=true, connected=true, inetCondition=1, isDefault=true, wifiTestReported=true, receivedInetCondition=-1, hideDuringMobileSwitching=false
04-30 01:28:13.134  5878  6043 D Tile.WifiTile: handleUpdateState isTransient=false transientEnabling =false cb.isTransient=false state.state = 2 mStateBeforeClick.value =false enabled =true
04-30 01:28:13.136  5429  5717 I SemWifiLinkQualityMonitor: Link Qos Query: 0.018 ms / 433.000 Mbps (433 / 0.000 / 1.000)
04-30 01:28:14.219 12235 12258 D Benchmark: timeNs[ 0:10]: 101489961 102058923 106802115 101634500 101919269 101944385 101960000 101852577 101960731 101767462
04-30 01:28:14.219 12235 12258 D Benchmark: timeNs[10:20]: 101894192 101890769 101896654 101817962 101655462 101961846 101734116 101952654 101708923 105153500
04-30 01:28:14.219 12235 12258 D Benchmark: timeNs[20:30]: 110418384 101711154 101869347 101801577 102020769 101877269 101918846 101744577 101783692 101871538
04-30 01:28:14.219 12235 12258 D Benchmark: timeNs[30:40]: 101855538 101914923 101771961 101904308 101530692 101922231 101898999 102000077 101696846 101804847
04-30 01:28:14.219 12235 12258 D Benchmark: timeNs[40:50]: 108565807 105309192 101738731 101970577 101924000 101713692 101876693 101937730 101855500 101561230
04-30 01:28:14.730 12235 12258 D Benchmark: allocationCount[ 0:10]: 41 41 41 41 41
04-30 01:28:14.731 12235 12258 D Benchmark: Set 12258 (Bench thread) to priority -8. Was -20, now -8
04-30 01:28:14.731 12235 12258 D Benchmark: Set 12243 (Jit) to priority 9. Was -15, now 9
04-30 01:28:14.731 12235 12258 D Benchmark: Warmup: t=8.091, iter=78, fastAvg=102692656, slowAvg=177029328
04-30 01:28:14.731 12235 12258 I PerfettoCapture: Stopping perfetto.
04-30 01:28:14.772 21433 21433 I perfetto:    perfetto_cmd.cc:1168 SIGINT/SIGTERM received: disabling tracing.
04-30 01:28:14.776 12235 12258 D Benchmark: kill -TERM command output -
04-30 01:28:14.785  5130  5130 I perfetto:  probes_producer.cc:396 Producer stop (id=1209)
04-30 01:28:14.788  5130  5130 I perfetto:    ftrace_procfs.cc:342 disabled ftrace in /sys/kernel/tracing/
04-30 01:28:14.842  4389  4389 I hwservicemanager: getTransport: Cannot find entry android.hardware.atrace@1.0::IAtraceDevice/default in either framework or device VINTF manifest.
04-30 01:28:14.850  5130  5130 I perfetto:  probes_producer.cc:396 Producer stop (id=1210)
04-30 01:28:14.850  5130  5130 I perfetto:  probes_producer.cc:396 Producer stop (id=1211)
04-30 01:28:14.866 21433 21433 I perfetto:    perfetto_cmd.cc:1124 Trace written into the output file
04-30 01:28:14.870  5131  5131 I perfetto: ng_service_impl.cc:2426 Tracing session 303 ended, total sessions:0
04-30 01:28:14.907 12235 12258 I PerfettoCapture: Writing to /storage/emulated/0/Android/data/org.jetbrains.android_benchmark.test/cache/Wolf3dBenchmark_mutableUniversalRefFloatIn2Longs_2023-04-29-23-28-14.perfetto-trace.
04-30 01:28:14.981 12235 12258 D Benchmark: Copying /storage/emulated/0/Android/data/org.jetbrains.android_benchmark.test/cache/Wolf3dBenchmark_mutableUniversalRefFloatIn2Longs_2023-04-29-23-28-14.perfetto-trace to /sdcard/Android/media/org.jetbrains.android_benchmark.test/additional_test_output/Wolf3dBenchmark_mutableUniversalRefFloatIn2Longs_2023-04-29-23-28-14.perfetto-trace
04-30 01:28:15.019  8350 20862 W MediaProvider: isAppCloneUserPair for user 0: false
04-30 01:28:15.064  5429  7446 D SyncManager: userId - 0 auto - true
04-30 01:28:15.135 12235 12258 I Benchmark: Wolf3dBenchmark.mutableUniversalRefFloatIn2Longs[Metric (timeNs) results: median 1.01884019E8, min 1.01489961E8, max 1.10418384E8, standardDeviation: 1765958.4109350513, Metric (allocationCount) results: median 41.0, min 41.0, max 41.0, standardDeviation: 0.0]count=1
04-30 01:28:15.143 12235 12258 D Benchmark: writing results to /storage/emulated/0/Android/data/org.jetbrains.android_benchmark.test/cache/org.jetbrains.android_benchmark.test-benchmarkData.json
04-30 01:28:15.169  5429  5488 W libprocessgroup: Failed to open /dev/blkio//cgroup.procs: No such file or directory
04-30 01:28:15.172 12235 12258 D Benchmark: Copying /storage/emulated/0/Android/data/org.jetbrains.android_benchmark.test/cache/org.jetbrains.android_benchmark.test-benchmarkData.json to /sdcard/Android/media/org.jetbrains.android_benchmark.test/additional_test_output/org.jetbrains.android_benchmark.test-benchmarkData.json
04-30 01:28:15.174  9200 21403 I NetworkScheduler.Stats: Task com.google.android.gms/com.google.android.gms.ipa.base.IpaGcmTaskService started execution. cause:9 exec_start_elapsed_seconds: 220435 [CONTEXT service_id=218 ]
04-30 01:28:15.185  9200 21145 I NetworkScheduler.Stats: Task com.google.android.gms/com.google.android.gms.ipa.base.IpaGcmTaskService finished executing. cause:9 result: 1 elapsed_millis: 55 uptime_millis: 55 exec_start_elapsed_seconds: 220435 [CONTEXT service_id=218 ]
04-30 01:28:15.191  8350 21398 I MediaProvider: Deleted 1 0 0 0 0 0 0 items on external_primary due to org.jetbrains.android_benchmark.test
04-30 01:28:15.193  5429  6416 D SyncManager: userId - 0 auto - true
04-30 01:28:15.202  8350 20863 W MediaProvider: isAppCloneUserPair for user 0: false
04-30 01:28:15.215  5429  8538 D SyncManager: userId - 0 auto - true
04-30 01:28:15.220 12235 12258 I TestRunner: finished: mutableUniversalRefFloatIn2Longs(org.jetbrains.android_benchmark.Wolf3dBenchmark)
