04-19 16:03:33.859 21481 21481 I SamsungCalendar$SamsungCalendarNoti: [NotificationActionReceiver] onReceive() com.samsung.android.calendar.ACTION_CALENDAR_PROVIDER_CHANGED
04-19 16:03:33.861 21481 21481 I SamsungCalendar$KnoxUtils: creatorUid: 0 / currentUid = 0
04-19 16:03:33.865 21481 21481 I SamsungCalendar$SamsungCalendarNoti: [NotificationActionReceiver] KEY_NOTIFICATION_TYPE_VALUE = 1
04-19 16:03:33.865 21481 21923 I SamsungCalendar$SamsungCalendarNoti: [NotificationMainTask] processMessage: com.samsung.android.calendar.ACTION_CALENDAR_PROVIDER_CHANGED / alarmTime : 0
04-19 16:03:33.886 21481 21923 I SamsungCalendar$SamsungCalendarNoti: [EventNotificationModelImpl] alertCursor result: alarmTime:1681913268771 alertId:173 eventId:1154 state: 0 minutes:0 declined:false beginTime:1681912800000 endMinute:1681914600000 allDay:false newAlertOverride: true
04-19 16:03:33.907 21481 21923 I SamsungCalendar$SamsungCalendarNoti: [DismissUtils] getEndTimePendingIntent: 1681913268771
04-19 16:03:33.927  5628  5714 W libprocessgroup: Failed to open /dev/blkio//cgroup.procs: No such file or directory
04-19 16:03:34.095 21481 21481 I SamsungCalendar$SamsungCalendarNoti: [EventNotificationViewImpl] postNotification | notificationList.size: 1 countOfFiredAlarms: 0
04-19 16:03:34.098 21481 21481 I SamsungCalendar$SamsungCalendarNoti: [CoverUtils]  | isCameraCoverClosed = false
04-19 16:03:34.098 21481 21481 I SamsungCalendar$SamsungCalendarNoti: [quietUpdate: true] isQuietAlert: true / isSnoozed: true / alertState: 0 / shouldDisplayAlertPopup? false / isThrottleRequired? false (99927ms)
04-19 16:03:34.098 21481 21481 I SamsungCalendar$SamsungCalendarNoti: [CustomHeadUpService] isRunning:false
04-19 16:03:34.106 21481 21923 I SamsungCalendar$SamsungCalendarNoti: [TaskNotificationViewImpl] clearNotificationGroup
04-19 16:03:34.127 21481 21481 I ScsApi@Feature: checkFeature() : FEATURE_TEXT_GET_ENTITY
04-19 16:03:34.132  5628  5714 W libprocessgroup: Failed to open /dev/blkio//cgroup.procs: No such file or directory
04-19 16:03:34.138 21481 21481 I ScsApi@FeatureHolder: setStatus() : FEATURE_TEXT_GET_ENTITY : 0
04-19 16:03:34.138 21481 21481 I SCSUtils: FEATURE_TEXT_GET_ENTITY is available
04-19 16:03:34.138 21481 21481 I ScsApi@Feature: checkFeature() : FEATURE_TEXT_GET_ENTITY
04-19 16:03:34.141 21481 21481 I ScsApi@FeatureHolder: setStatus() : FEATURE_TEXT_GET_ENTITY : 0
04-19 16:03:34.141 21481 21481 I ScsApi@Feature: checkFeature() : FEATURE_TEXT_GET_ENTITY_DATETIME_NUMERAL
04-19 16:03:34.144 21481 21481 I ScsApi@FeatureHolder: setStatus() : FEATURE_TEXT_GET_ENTITY_DATETIME_NUMERAL : 0
04-19 16:03:34.144 21481 21481 I ScsApi@Feature: checkFeature() : FEATURE_TEXT_GET_ENTITY_PHONE_NUMBER
04-19 16:03:34.147 21481 21481 I ScsApi@FeatureHolder: setStatus() : FEATURE_TEXT_GET_ENTITY_PHONE_NUMBER : 0
04-19 16:03:34.147 21481 21481 I ScsApi@Feature: checkFeature() : FEATURE_TEXT_GET_ENTITY_POI
04-19 16:03:34.150 21481 21481 I ScsApi@FeatureHolder: setStatus() : FEATURE_TEXT_GET_ENTITY_POI : 0
04-19 16:03:34.150 21481 21481 I ScsApi@Feature: checkFeature() : FEATURE_TEXT_GET_ENTITY_BANK
04-19 16:03:34.152 21481 21481 I ScsApi@FeatureHolder: setStatus() : FEATURE_TEXT_GET_ENTITY_BANK : 0
04-19 16:03:34.155  5628  5714 W libprocessgroup: Failed to open /dev/blkio//cgroup.procs: No such file or directory
04-19 16:03:34.157 23099 23114 I ExtractEntityExecutor: extractBasicEntity - start
04-19 16:03:34.157 23099 23114 I ExtractEntityExecutor: extractBasicEntity input text length : 23
04-19 16:03:34.165 23099 23114 I ExtractEntityExecutor: extracted size - bee : 0, otp : 0
04-19 16:03:34.165 23099 23114 I ExtractEntityExecutor: extractBasicEntity - end
04-19 16:03:34.169 21481 21481 I ScsApi@Feature: checkFeature() : FEATURE_TEXT_GET_ENTITY
04-19 16:03:34.171 21481 21481 I ScsApi@FeatureHolder: setStatus() : FEATURE_TEXT_GET_ENTITY : 0
04-19 16:03:34.171 21481 21481 I SCSUtils: FEATURE_TEXT_GET_ENTITY is available
04-19 16:03:34.171 21481 21481 I ScsApi@Feature: checkFeature() : FEATURE_TEXT_GET_ENTITY
04-19 16:03:34.173 21481 21481 I ScsApi@FeatureHolder: setStatus() : FEATURE_TEXT_GET_ENTITY : 0
04-19 16:03:34.173 21481 21481 I ScsApi@Feature: checkFeature() : FEATURE_TEXT_GET_ENTITY_DATETIME_NUMERAL
04-19 16:03:34.174 21481 21481 I ScsApi@FeatureHolder: setStatus() : FEATURE_TEXT_GET_ENTITY_DATETIME_NUMERAL : 0
04-19 16:03:34.174 21481 21481 I ScsApi@Feature: checkFeature() : FEATURE_TEXT_GET_ENTITY_PHONE_NUMBER
04-19 16:03:34.178 21481 21481 I ScsApi@FeatureHolder: setStatus() : FEATURE_TEXT_GET_ENTITY_PHONE_NUMBER : 0
04-19 16:03:34.178 21481 21481 I ScsApi@Feature: checkFeature() : FEATURE_TEXT_GET_ENTITY_POI
04-19 16:03:34.181 21481 21481 I ScsApi@FeatureHolder: setStatus() : FEATURE_TEXT_GET_ENTITY_POI : 0
04-19 16:03:34.182 21481 21481 I ScsApi@Feature: checkFeature() : FEATURE_TEXT_GET_ENTITY_BANK
04-19 16:03:34.183 21481 21481 I ScsApi@FeatureHolder: setStatus() : FEATURE_TEXT_GET_ENTITY_BANK : 0
04-19 16:03:34.184 23099 23114 I ExtractEntityExecutor: extractBasicEntity - start
04-19 16:03:34.184 23099 23114 I ExtractEntityExecutor: extractBasicEntity input text length : 72
04-19 16:03:34.203 23099 23114 I ExtractEntityExecutor: extracted size - bee : 0, otp : 0
04-19 16:03:34.203 23099 23114 I ExtractEntityExecutor: extractBasicEntity - end
04-19 16:03:34.208 21481 21481 I ScsApi@Feature: checkFeature() : FEATURE_TEXT_GET_ENTITY
04-19 16:03:34.210 21481 21481 I ScsApi@FeatureHolder: setStatus() : FEATURE_TEXT_GET_ENTITY : 0
04-19 16:03:34.210 21481 21481 I SCSUtils: FEATURE_TEXT_GET_ENTITY is available
04-19 16:03:34.210 21481 21481 I ScsApi@Feature: checkFeature() : FEATURE_TEXT_GET_ENTITY
04-19 16:03:34.213 21481 21481 I ScsApi@FeatureHolder: setStatus() : FEATURE_TEXT_GET_ENTITY : 0
04-19 16:03:34.213 21481 21481 I ScsApi@Feature: checkFeature() : FEATURE_TEXT_GET_ENTITY_DATETIME_NUMERAL
04-19 16:03:34.214 21481 21481 I ScsApi@FeatureHolder: setStatus() : FEATURE_TEXT_GET_ENTITY_DATETIME_NUMERAL : 0
04-19 16:03:34.214 21481 21481 I ScsApi@Feature: checkFeature() : FEATURE_TEXT_GET_ENTITY_PHONE_NUMBER
04-19 16:03:34.216 21481 21481 I ScsApi@FeatureHolder: setStatus() : FEATURE_TEXT_GET_ENTITY_PHONE_NUMBER : 0
04-19 16:03:34.216 21481 21481 I ScsApi@Feature: checkFeature() : FEATURE_TEXT_GET_ENTITY_POI
04-19 16:03:34.217 21481 21481 I ScsApi@FeatureHolder: setStatus() : FEATURE_TEXT_GET_ENTITY_POI : 0
04-19 16:03:34.217 21481 21481 I ScsApi@Feature: checkFeature() : FEATURE_TEXT_GET_ENTITY_BANK
04-19 16:03:34.219 21481 21481 I ScsApi@FeatureHolder: setStatus() : FEATURE_TEXT_GET_ENTITY_BANK : 0
04-19 16:03:34.220 23099 23114 I ExtractEntityExecutor: extractBasicEntity - start
04-19 16:03:34.220 23099 23114 I ExtractEntityExecutor: extractBasicEntity input text length : 467
04-19 16:03:34.261 23099 23114 I ExtractEntityExecutor: extracted size - bee : 5, otp : 0
04-19 16:03:34.261 23099 23114 I ExtractEntityExecutor: extractBasicEntity - end
04-19 16:03:34.265 21481 21481 I SamsungCalendar$LinkifyUtils: drawBasicEntityExtractText entities type : URL
04-19 16:03:34.265 21481 21481 I SamsungCalendar$LinkifyUtils: drawBasicEntityExtractText entities type : PHONE_NUMBER
04-19 16:03:34.265 21481 21481 I SamsungCalendar$LinkifyUtils: drawBasicEntityExtractText entities type : PHONE_NUMBER
04-19 16:03:34.265 21481 21481 I SamsungCalendar$LinkifyUtils: drawBasicEntityExtractText entities type : URL
04-19 16:03:34.265 21481 21481 I SamsungCalendar$LinkifyUtils: drawBasicEntityExtractText entities type : URL
04-19 16:03:34.285 21481 21481 I TimeFormatUtils: timeFlag : 129
04-19 16:03:34.290 21481 21481 I SamsungCalendar$SamsungCalendarNoti: [LiveIconUtils] iconSize: 63 dateTextSize: 28
04-19 16:03:34.295  5628  9148 D ApplicationPolicy: isStatusBarNotificationAllowedAsUser: packageName = com.samsung.android.calendar,userId = 0
04-19 16:03:34.310  5628  9148 D ApplicationPolicy: isStatusBarNotificationAllowedAsUser: packageName = com.samsung.android.calendar,userId = 0
04-19 16:03:34.322  5628  9148 D ApplicationPolicy: isStatusBarNotificationAllowedAsUser: packageName = com.samsung.android.calendar,userId = 0
04-19 16:03:34.329  5628  9148 D ApplicationPolicy: isStatusBarNotificationAllowedAsUser: packageName = com.samsung.android.calendar,userId = 0
04-19 16:03:34.331 21481 21481 I TimeFormatUtils: clearStaticFlag
04-19 16:03:34.336 21481 21481 I SamsungCalendar$EventCardReceiver: onReceive : action = com.samsung.android.calendar.ACTION_CALENDAR_PROVIDER_CHANGED
04-19 16:03:34.337 21481 22058 I SamsungCalendar$EventCardReceiver: start updateCards
04-19 16:03:34.342 21481 22058 I SamsungCalendar$EventCardReceiver: finish
04-19 16:03:34.554  5628  9811 D SemWifiUsabilityStatsMonitor: onWifiUsabilityStats - seqNum 36173, isSameBssidAndFreq true
04-19 16:03:34.555  5628  8422 I SemWifiLinkQualityMonitor: Link Qos Query: 0.023 ms / 346.400 Mbps (433 / 0.000 / 1.250)
04-19 16:03:34.567  8492  8492 I FreeformContainer: [SmartPopupViewService] onNotificationPosted: StatusBarNotification(pkg=com.samsung.android.calendar user=UserHandle{0} id=1 tag=1154 key=0|com.samsung.android.calendar|1|1154|10193: Notification(channel=calendar_noti_ch_id_reminder shortcut=null contentView=null vibrate=null sound=null defaults=0x0 flags=0x8 color=0xff0087aa category=event groupKey=com.samsung.android.app.calendar.notification.EVENT_GROUP actions=3 vis=PRIVATE semFlags=0x0 semPriority=0 semMissedCount=0))
04-19 16:03:34.568  8492  8492 V FreeformContainer: [SmartPopupViewService] isSmartPopupViewTarget: com.samsung.android.calendar is not enabled
04-19 16:03:34.570  8513  8513 D InterruptionStateProvider: Group alert behavior is suppressed but we want to alert bubble
04-19 16:03:34.570  8513  8513 D InterruptionStateProvider: Group alert behavior is suppressed but we want to alert bubble
04-19 16:03:34.570  8513  8513 D InterruptionStateProvider: Group alert behavior is suppressed but we want to alert bubble
04-19 16:03:34.570  8513  8513 D InterruptionStateProvider: Group alert behavior is suppressed but we want to alert bubble
04-19 16:03:34.571  8513  8513 D InterruptionStateProvider: Group alert behavior is suppressed but we want to alert bubble
04-19 16:03:34.571  8513  8513 D InterruptionStateProvider: Group alert behavior is suppressed but we want to alert bubble
04-19 16:03:34.572  8513  8513 D InterruptionStateProvider: Group alert behavior is suppressed but we want to alert bubble
04-19 16:03:34.572  8513  8513 D InterruptionStateProvider: Group alert behavior is suppressed but we want to alert bubble
04-19 16:03:34.572  8513  8513 D InterruptionStateProvider: Group alert behavior is suppressed but we want to alert bubble
04-19 16:03:34.572  8513  8513 D InterruptionStateProvider: Group alert behavior is suppressed but we want to alert bubble
04-19 16:03:34.572  8513  8513 D InterruptionStateProvider: Group alert behavior is suppressed but we want to alert bubble
04-19 16:03:34.572  8513  8513 D InterruptionStateProvider: Group alert behavior is suppressed but we want to alert bubble
04-19 16:03:34.572  8513  8513 D InterruptionStateProvider: Group alert behavior is suppressed but we want to alert bubble
04-19 16:03:34.573  8513  8513 D InterruptionStateProvider: Group alert behavior is suppressed but we want to alert bubble
04-19 16:03:34.573  8513  8513 D InterruptionStateProvider: Group alert behavior is suppressed but we want to alert bubble
04-19 16:03:34.573  8513  8513 D InterruptionStateProvider: Group alert behavior is suppressed but we want to alert bubble
04-19 16:03:34.573  8513  8513 D InterruptionStateProvider: Group alert behavior is suppressed but we want to alert bubble
04-19 16:03:34.581  8492  8492 I FreeformContainer: [SmartPopupViewService] onNotificationPosted: StatusBarNotification(pkg=com.samsung.android.calendar user=UserHandle{0} id=1 tag=2147483646 key=0|com.samsung.android.calendar|1|2147483646|10193: Notification(channel=calendar_noti_ch_id_reminder shortcut=null contentView=null vibrate=null sound=null defaults=0x0 flags=0x208 color=0xff0087aa category=event groupKey=com.samsung.android.app.calendar.notification.EVENT_GROUP vis=PRIVATE semFlags=0x100 semPriority=0 semMissedCount=0))
04-19 16:03:34.581  8492  8492 V FreeformContainer: [SmartPopupViewService] isSmartPopupViewTarget: com.samsung.android.calendar is not enabled
04-19 16:03:34.582  6057  6576 I NotificationPipeline: Processing new notification: 0|com.samsung.android.calendar|1|1154|10193
04-19 16:03:34.583  6057  6576 W Notification4Heart_NB: NotificationBridgeCallback.onNotificationPosted-no bridge app : [0] com.samsung.android.calendar
04-19 16:03:34.584  4066  4066 I Launcher.NotificationListener: onNotificationPosted : com.samsung.android.calendar number : 0
04-19 16:03:34.583  8513  8513 D InterruptionStateProvider: Group alert behavior is suppressed but we want to alert bubble
04-19 16:03:34.587  4066  4066 I Launcher.NotificationListener: onNotificationPosted : com.samsung.android.calendar number : 0
04-19 16:03:34.585  8513  8513 D InterruptionStateProvider: Group alert behavior is suppressed but we want to alert bubble
04-19 16:03:34.588  8513  8513 D InterruptionStateProvider: Group alert behavior is suppressed but we want to alert bubble
04-19 16:03:34.588  8513  8513 D InterruptionStateProvider: Group alert behavior is suppressed but we want to alert bubble
04-19 16:03:34.588  8513  8513 D InterruptionStateProvider: Group alert behavior is suppressed but we want to alert bubble
04-19 16:03:34.589  8513  8513 D InterruptionStateProvider: Group alert behavior is suppressed but we want to alert bubble
04-19 16:03:34.589  6057  6576 I NotificationPipeline: Processing new notification: 0|com.samsung.android.calendar|1|2147483646|10193
04-19 16:03:34.589  8513  8513 D InterruptionStateProvider: Group alert behavior is suppressed but we want to alert bubble
04-19 16:03:34.589  8513  8513 D InterruptionStateProvider: Group alert behavior is suppressed but we want to alert bubble
04-19 16:03:34.589  6057  6576 W Notification4Heart_NB: NotificationBridgeCallback.onNotificationPosted-no bridge app : [0] com.samsung.android.calendar
04-19 16:03:34.590  8513  8513 D InterruptionStateProvider: Group alert behavior is suppressed but we want to alert bubble
04-19 16:03:34.590  8513  8513 D InterruptionStateProvider: Group alert behavior is suppressed but we want to alert bubble
04-19 16:03:34.590  8513  8513 D InterruptionStateProvider: Group alert behavior is suppressed but we want to alert bubble
04-19 16:03:34.590  8513  8513 D InterruptionStateProvider: Group alert behavior is suppressed but we want to alert bubble
04-19 16:03:34.591  8513  8513 D InterruptionStateProvider: Group alert behavior is suppressed but we want to alert bubble
04-19 16:03:34.591  8513  8513 D InterruptionStateProvider: Group alert behavior is suppressed but we want to alert bubble
04-19 16:03:34.591  8513  8513 D InterruptionStateProvider: Group alert behavior is suppressed but we want to alert bubble
04-19 16:03:34.592  8513  8513 D InterruptionStateProvider: Group alert behavior is suppressed but we want to alert bubble
04-19 16:03:34.592  8513  8513 D InterruptionStateProvider: Group alert behavior is suppressed but we want to alert bubble
04-19 16:03:34.601  8513  8513 D PluginInstanceManager: stopListening
04-19 16:03:34.607  8513  8513 D PluginInstanceManager: startListening
04-19 16:03:34.607  8513  8613 D PluginInstanceManager: queryAll com.android.systemui.action.PLUGIN_NOTIFICATION_MENU_ROW
04-19 16:03:34.608  8513  8613 D PluginInstanceManager: Found 0 plugins
04-19 16:03:34.618  8513  8513 I FaceWidgetPositionAlgorithm: getClockContainerHeight() supplier = 270, bottom margin = 0, real height = 333
04-19 16:03:34.618  8513  8513 I FaceWidgetPositionAlgorithm: getClockContainerHeight() supplier = 270, bottom margin = 63, real height = 333
04-19 16:03:34.618  8513  8513 I FaceWidgetPositionAlgorithm: getMediaContainerHeight() height = 0 container Visibility = 8, isValid = false, mIsDozing = false, fraction = 1.0, source = 0, target = 0
04-19 16:03:34.619  8513  8513 I FaceWidgetPositionAlgorithm: getMediaContainerHeight() supplier = 0
04-19 16:03:34.629  8513  8513 D PluginAODManager: onNotificationInfoUpdated() 0
04-19 16:03:34.629  8513  8513 I AODNotificationManager: updateVisibleNotifications: 0
04-19 16:03:34.629  8513  8513 I a       : updateStatusBarNotifications: open
04-19 16:03:34.629  8513  8513 I a       : updateStatusBarNotifications: open
04-19 16:03:34.653  5331  5331 I SurfaceFlinger: SFWD update time=252604756461976
04-19 16:03:34.786  8513  8513 D InterruptionStateProvider: Group alert behavior is suppressed but we want to alert bubble
04-19 16:03:34.786  8513  8513 D BubblesManager: onEntryUpdated : shouldBubbleUp=false ,key=0|com.samsung.android.calendar|1|2147483646|10193
04-19 16:03:34.792  8513  8513 D BubblesManager: onEntryUpdated : shouldBubbleUp=false ,key=0|com.samsung.android.calendar|1|1154|10193
04-19 16:03:34.793 30407 30407 I ResourceOverlayService_0: waitAndQuit called
04-19 16:03:34.797 30407 30407 I ResourceOverlayService_0: activity user id 0 process id 0
04-19 16:03:34.809  8513  8513 I FaceWidgetPositionAlgorithm: getClockContainerHeight() supplier = 270, bottom margin = 0, real height = 333
04-19 16:03:34.809  8513  8513 I FaceWidgetPositionAlgorithm: getClockContainerHeight() supplier = 270, bottom margin = 63, real height = 333
04-19 16:03:34.809  8513  8513 I FaceWidgetPositionAlgorithm: getMediaContainerHeight() height = 0 container Visibility = 8, isValid = false, mIsDozing = false, fraction = 1.0, source = 0, target = 0
04-19 16:03:34.809  8513  8513 I FaceWidgetPositionAlgorithm: getMediaContainerHeight() supplier = 0
04-19 16:03:34.822  8513  8513 D PluginAODManager: onNotificationInfoUpdated() 0
04-19 16:03:34.822  8513  8513 I AODNotificationManager: updateVisibleNotifications: 0
04-19 16:03:34.822  8513  8513 I a       : updateStatusBarNotifications: open
04-19 16:03:34.822  8513  8513 I a       : updateStatusBarNotifications: open
04-19 16:03:34.841  8513  8513 I FaceWidgetPositionAlgorithm: getClockContainerHeight() supplier = 270, bottom margin = 0, real height = 333
04-19 16:03:34.842  8513  8513 I FaceWidgetPositionAlgorithm: getClockContainerHeight() supplier = 270, bottom margin = 63, real height = 333
04-19 16:03:34.842  8513  8513 I FaceWidgetPositionAlgorithm: getMediaContainerHeight() height = 0 container Visibility = 8, isValid = false, mIsDozing = false, fraction = 1.0, source = 0, target = 0
04-19 16:03:34.842  8513  8513 I FaceWidgetPositionAlgorithm: getMediaContainerHeight() supplier = 0
04-19 16:03:34.878  8513  8513 I FaceWidgetPositionAlgorithm: getClockContainerHeight() supplier = 270, bottom margin = 0, real height = 333
04-19 16:03:34.878  8513  8513 I FaceWidgetPositionAlgorithm: getClockContainerHeight() supplier = 270, bottom margin = 63, real height = 333
04-19 16:03:34.878  8513  8513 I FaceWidgetPositionAlgorithm: getMediaContainerHeight() height = 0 container Visibility = 8, isValid = false, mIsDozing = false, fraction = 1.0, source = 0, target = 0
04-19 16:03:34.878  8513  8513 I FaceWidgetPositionAlgorithm: getMediaContainerHeight() supplier = 0
04-19 16:03:34.888  8513  8513 D PluginAODManager: onNotificationInfoUpdated() 0
04-19 16:03:34.888  8513  8513 I AODNotificationManager: updateVisibleNotifications: 0
04-19 16:03:34.888  8513  8513 I a       : updateStatusBarNotifications: open
04-19 16:03:34.888  8513  8513 I a       : updateStatusBarNotifications: open
04-19 16:03:35.026  5628  5714 W libprocessgroup: Failed to open /dev/blkio//cgroup.procs: No such file or directory
04-19 16:03:35.799 30407 30407 I ResourceOverlayService_0: waitAndQuit called
04-19 16:03:35.801 30407 30407 I ResourceOverlayService_0: activity user id 0 process id 0
04-19 16:03:35.919  5628  8480 D SyncManager: userId - 0 auto - true
04-19 16:03:35.932  5628  5714 W libprocessgroup: Failed to open /dev/blkio//cgroup.procs: No such file or directory
04-19 16:03:35.969 22295 23915 W DynamiteModule: Local module descriptor class for com.google.android.gms.providerinstaller.dynamite not found.
04-19 16:03:35.976 23109 23129 W ProviderHelper: Unknown dynamite feature providerinstaller.dynamite
04-19 16:03:35.982 22295 23915 W ProviderInstaller: Failed to load providerinstaller module: No acceptable module com.google.android.gms.providerinstaller.dynamite found. Local version is 0 and remote version is 0.
04-19 16:03:35.985 22295 23915 W cal.abgm: Application name is not set. Call Builder#setApplicationName.
04-19 16:03:36.214 22295 23915 W ndroid.calendar: Accessing hidden method Landroid/os/PowerManager;->isLightDeviceIdleMode()Z (max-target-s, reflection, denied)
04-19 16:03:36.693  5628  5714 W libprocessgroup: Failed to open /dev/blkio//cgroup.procs: No such file or directory
04-19 16:03:36.722 22421 22421 I SEMS:Social_13.1.12: [CLog][main][ObserverJobService] ObserverJobService Start
04-19 16:03:36.723 22421 22421 I SEMS:Social_13.1.12: [CLog][main][ObserverJobService] scheduleJob for calendar
04-19 16:03:36.730  5628  5714 W libprocessgroup: Failed to open /dev/blkio//cgroup.procs: No such file or directory
04-19 16:03:36.745 22421 22421 I SEMS:Social_13.1.12: [CLog][main][ObserverJobService] scheduled: true
04-19 16:03:36.745 22421 22421 I SEMS:Registration_13.1.12: [ActivateLog][main][MobileServiceActivate] checkActivate
04-19 16:03:36.756 22421 22421 I SEMS:Common_13.1.12: [CommonLog][main][DeviceUtils] isSamsungAccountSignedIn : true
04-19 16:03:36.756 22421 22421 I SEMS:Common_13.1.12: [CommonLog][main][CommonPref] getBoolean - key : sa_reagree_state , value : false
04-19 16:03:36.758 22421 22421 I SEMS:Registration_13.1.12: [][main][CscChecker] MCC based : mcc = 220 / type = 0
04-19 16:03:36.759 22421 22421 I SEMS:Registration_13.1.12: [][main][CscChecker] MCC based : mcc = 220 / type = 0
04-19 16:03:36.759 22421 22421 I SEMS:Registration_13.1.12: [][main][CscChecker] MCC based : mcc = 220 / type = 0
04-19 16:03:36.760 22421 22421 I SEMS:Registration_13.1.12: [ActivateLog][main][MobileServiceActivate] checkActivate : AVAILABLE_NORMAL(Calendar)
04-19 16:03:36.760 22421 22421 I SEMS:Registration_13.1.12: [ActivateLog][main][ActivatePref] isServiceActivated : true
04-19 16:03:36.761 22421 22421 I SEMS:Common_13.1.12: [CommonUILog][main][PermissionManager] requestPermissionSocial return true
04-19 16:03:36.784 22421 22421 I SEMS:Social_13.1.12: [CLog][main][LocalCalendarDataSourceImpl] dirty event count. total:0, writable: 0
04-19 16:03:36.805 30407 30407 I ResourceOverlayService_0: waitAndQuit called
04-19 16:03:36.806 30407 30407 I ResourceOverlayService_0: activity user id 0 process id 0
04-19 16:03:37.608  5628  9811 D SemWifiUsabilityStatsMonitor: onWifiUsabilityStats - seqNum 36174, isSameBssidAndFreq true
04-19 16:03:37.611  5628  8422 I SemWifiLinkQualityMonitor: Link Qos Query: 0.025 ms / 324.750 Mbps (433 / 0.000 / 1.333)
04-19 16:03:37.809 30407 30407 I ResourceOverlayService_0: waitAndQuit called
04-19 16:03:37.811 30407 30407 I ResourceOverlayService_0: activity user id 0 process id 0
04-19 16:03:38.812 30407 30407 I ResourceOverlayService_0: waitAndQuit called
04-19 16:03:38.813 30407 30407 I ResourceOverlayService_0: activity user id 0 process id 0
04-19 16:03:39.816 30407 30407 I ResourceOverlayService_0: waitAndQuit called
04-19 16:03:39.818 30407 30407 I ResourceOverlayService_0: activity user id 0 process id 0
04-19 16:03:40.107 23109 23109 D BoundBrokerSvc: onUnbind: Intent { act=com.google.android.gms.scheduler.ACTION_PROXY_SCHEDULE dat=chimera-action:/... cmp=com.google.android.gms/.chimera.PersistentApiService }
04-19 16:03:40.629  5628  9811 D SemWifiUsabilityStatsMonitor: onWifiUsabilityStats - seqNum 36175, isSameBssidAndFreq true
04-19 16:03:40.631  5628  8422 I SemWifiLinkQualityMonitor: Link Qos Query: 0.025 ms / 324.750 Mbps (433 / 0.000 / 1.333)
04-19 16:03:40.631  8513  8513 D NetworkController.WifiSignalController: notifyListener: visible=true, connected=true, inetCondition=1, isDefault=true, wifiTestReported=true, receivedInetCondition=-1, hideDuringMobileSwitching=false
04-19 16:03:40.632  8513  8599 D Tile.WifiTile: handleUpdateState isTransient=false transientEnabling =false cb.isTransient=false state.state = 2 mStateBeforeClick.value =false enabled =true
04-19 16:03:40.821 30407 30407 I ResourceOverlayService_0: waitAndQuit called
04-19 16:03:40.824 30407 30407 I ResourceOverlayService_0: activity user id 0 process id 0
04-19 16:03:41.680  5628  5714 W libprocessgroup: Failed to open /dev/blkio//cgroup.procs: No such file or directory
04-19 16:03:41.726  4557  4557 I A       : LocalCalendarUpdateWorker#startWork
04-19 16:03:41.730  4557  4597 I LocalCalendarAccessorIm: (REDACTED) getUpcomingEvents(%s, %s)
04-19 16:03:41.780  4557 21679 I PCP.Calendar: (REDACTED) filterInvalidEvents pre-filter size=%s
04-19 16:03:41.784  4557 21679 I PCP.Calendar: (REDACTED) post-filter events size=%s
04-19 16:03:41.817  5628  9255 D PackageManager: setEnabledSetting : userId = 0 packageName = com.google.android.googlequicksearchbox cmp = androidx.work.impl.background.systemalarm.RescheduleReceiver newState = 1 callingPackage = 10233/com.google.android.googlequicksearchbox
04-19 16:03:41.819  5628  9255 D ApplicationPolicy: getApplicationStateEnabled : pkg = com.google.android.googlequicksearchbox userId : 0
04-19 16:03:41.820  5628  9255 D ApplicationPolicy: getApplicationComponentState : pkg = com.google.android.googlequicksearchbox userId : 0
04-19 16:03:41.829 30407 30407 I ResourceOverlayService_0: waitAndQuit called
04-19 16:03:41.831 30407 30407 I ResourceOverlayService_0: activity user id 0 process id 0
04-19 16:03:41.843 23109 23109 D BoundBrokerSvc: onUnbind: Intent { act=com.google.android.gms.phenotype.service.START pkg=com.google.android.gms }
04-19 16:03:41.851  4557  4598 I WM-WorkerWrapper: Worker result SUCCESS for Work [ id=9a11b0e9-9457-4851-b203-b5af4c77cf19, tags={ com.google.apps.tiktok.contrib.work.TikTokListenableWorker, TikTokWorker#com.google.android.apps.search.assistant.platform.pcp.featuredata.localcalendar.LocalCalendarUpdateWorker } ]
04-19 16:03:42.738  9284  9353 I RequestManager_FLP: removeExpiredGmsRequests, count=0
04-19 16:03:42.741  9284  9353 I GpsSessionManager_FLP: arrangeInvalidSessions
04-19 16:03:42.741  9284  9353 I GpsSessionManager_FLP: arrangeInvalidSessions
04-19 16:03:42.746  9284  9353 I GpsSessionManager_FLP: arrangeInvalidSessions
04-19 16:03:42.758  9284  9353 I GpsSessionManager_FLP: arrangeInvalidSessions
04-19 16:03:42.765  9284  9353 I NfwLocationMonitor_FLP: No non-framework request
04-19 16:03:42.765  9284  9353 I ApiUsageManager_FLP: updateProviderUsageInfo, ProviderUsageInfo size=14
04-19 16:03:42.768  9284  9353 W PackageInfoManager_FLP: com.google.android.apps.maps(Navigation) is not found, android.content.pm.PackageManager$NameNotFoundException: com.google.android.apps.maps(Navigation)
04-19 16:03:42.773  9284  9353 I BigdataLogger_FLP: send log data to hardware parameter server
04-19 16:03:42.791  9284  9353 I BigdataLogger_FLP: send log data to hardware parameter server
04-19 16:03:42.794  9284  9353 I BigdataLogger_FLP: send log data to hardware parameter server
04-19 16:03:42.810  9284  9353 I BigdataLogger_FLP: send log data to hardware parameter server
04-19 16:03:42.811  9284  9353 I BigdataLogger_FLP: send log data to hardware parameter server
04-19 16:03:42.813  9284  9353 I BigdataLogger_FLP: send log data to hardware parameter server
04-19 16:03:42.814  9284  9353 I BigdataLogger_FLP: send log data to hardware parameter server
04-19 16:03:42.817  9284  9353 I BigdataLogger_FLP: send log data to hardware parameter server
04-19 16:03:42.819  9284  9353 I BigdataLogger_FLP: send log data to hardware parameter server
04-19 16:03:42.820  9284  9353 I BigdataLogger_FLP: send log data to hardware parameter server
04-19 16:03:42.822  9284  9353 I BigdataLogger_FLP: send log data to hardware parameter server
04-19 16:03:42.824  9284  9353 I BigdataLogger_FLP: send log data to hardware parameter server
04-19 16:03:42.826  9284  9353 I BigdataLogger_FLP: send log data to hardware parameter server
04-19 16:03:42.827  9284  9353 I BigdataLogger_FLP: send log data to hardware parameter server
04-19 16:03:42.829  9284  9353 I BigdataLogger_FLP: send log data to hardware parameter server
04-19 16:03:42.830  9284  9353 I BigdataLogger_FLP: send log data to hardware parameter server
04-19 16:03:42.832  9284  9353 I NlpMonitor_FLP: clearNlpMonitoringData
04-19 16:03:42.832  9284  9353 I DataInitializer_FLP: Success to update daily log
04-19 16:03:42.832  9284  9353 I SharedPreferences_FLP: removeExpiredLogs, 18 to 14
04-19 16:03:42.833 30407 30407 I ResourceOverlayService_0: waitAndQuit called
04-19 16:03:42.834 30407 30407 I ResourceOverlayService_0: activity user id 0 process id 0
04-19 16:03:43.094  5628  5952 I HqmInfo::HqmManagerService: MSG_TYPE:MSG_TYPE_PROCESS_LOG_BY_HQM
04-19 16:03:43.105  5628  5952 I HqmInfo::HqmManagerService: MSG_TYPE:MSG_TYPE_PROCESS_LOG_BY_HQM
04-19 16:03:43.113  5628  5952 I HqmInfo::HqmManagerService: MSG_TYPE:MSG_TYPE_PROCESS_LOG_BY_HQM
04-19 16:03:43.115  5628  5952 I HqmInfo::HqmManagerService: MSG_TYPE:MSG_TYPE_PROCESS_LOG_BY_HQM
04-19 16:03:43.117  5628  5952 I HqmInfo::HqmManagerService: MSG_TYPE:MSG_TYPE_PROCESS_LOG_BY_HQM
04-19 16:03:43.127  5628  5952 I HqmInfo::HqmManagerService: MSG_TYPE:MSG_TYPE_PROCESS_LOG_BY_HQM
04-19 16:03:43.140  5628  5952 I HqmInfo::HqmManagerService: MSG_TYPE:MSG_TYPE_PROCESS_LOG_BY_HQM
04-19 16:03:43.148  5628  5952 I HqmInfo::HqmManagerService: MSG_TYPE:MSG_TYPE_PROCESS_LOG_BY_HQM
04-19 16:03:43.151  5628  5952 I HqmInfo::HqmManagerService: MSG_TYPE:MSG_TYPE_PROCESS_LOG_BY_HQM
04-19 16:03:43.161  5628  5952 I HqmInfo::HqmManagerService: MSG_TYPE:MSG_TYPE_PROCESS_LOG_BY_HQM
04-19 16:03:43.168  5628  5952 I HqmInfo::HqmManagerService: MSG_TYPE:MSG_TYPE_PROCESS_LOG_BY_HQM
04-19 16:03:43.177  5628  5952 I HqmInfo::HqmManagerService: MSG_TYPE:MSG_TYPE_PROCESS_LOG_BY_HQM
04-19 16:03:43.183  5628  5952 I HqmInfo::HqmManagerService: MSG_TYPE:MSG_TYPE_PROCESS_LOG_BY_HQM
04-19 16:03:43.185  5628  5952 I HqmInfo::HqmManagerService: MSG_TYPE:MSG_TYPE_PROCESS_LOG_BY_HQM
04-19 16:03:43.197  5628  5952 I HqmInfo::HqmManagerService: MSG_TYPE:MSG_TYPE_PROCESS_LOG_BY_HQM
04-19 16:03:43.205  5628  5952 I HqmInfo::HqmManagerService: MSG_TYPE:MSG_TYPE_PROCESS_LOG_BY_HQM
04-19 16:03:43.681  5628  9811 D SemWifiUsabilityStatsMonitor: onWifiUsabilityStats - seqNum 36176, isSameBssidAndFreq true
04-19 16:03:43.685  5628  8422 I SemWifiLinkQualityMonitor: Link Qos Query: 0.025 ms / 324.750 Mbps (433 / 0.000 / 1.333)
04-19 16:03:43.686  8513  8513 D NetworkController.WifiSignalController: notifyListener: visible=true, connected=true, inetCondition=1, isDefault=true, wifiTestReported=true, receivedInetCondition=-1, hideDuringMobileSwitching=false
04-19 16:03:43.688  8513  8599 D Tile.WifiTile: handleUpdateState isTransient=false transientEnabling =false cb.isTransient=false state.state = 2 mStateBeforeClick.value =false enabled =true
04-19 16:03:43.836 30407 30407 I ResourceOverlayService_0: waitAndQuit called
04-19 16:03:43.837 30407 30407 I ResourceOverlayService_0: activity user id 0 process id 0
04-19 16:03:43.868  5224  5224 E audit   : type=1400 audit(1681913023.861:103275): avc:  denied  { read } for  pid=23637 comm="binder:23637_3" name="u:object_r:perf_prop:s0" dev="tmpfs" ino=16829 scontext=u:r:platform_app:s0:c512,c768 tcontext=u:object_r:perf_prop:s0 tclass=file permissive=0 SEPF_SM-A515F_13_0001 audit_filtered
04-19 16:03:43.868 23637 23898 W libc    : Access denied finding property "sys.perf.boostopt"
04-19 16:03:43.868  5224  5224 E audit   : type=1300 audit(1681913023.861:103275): arch=c00000b7 syscall=56 success=no exit=-13 a0=ffffff9c a1=7d6c27e2f8 a2=88000 a3=0 items=0 ppid=5250 pid=23637 auid=4294967295 uid=5009 gid=5009 euid=5009 suid=5009 fsuid=5009 egid=5009 sgid=5009 fsgid=5009 tty=(none) ses=4294967295 comm="binder:23637_3" exe="/system/bin/app_process64" subj=u:r:platform_app:s0:c512,c768 key=(null)
04-19 16:03:43.868  5224  5224 E audit   : type=1327 audit(1681913023.861:103275): proctitle="com.samsung.android.scloud"
04-19 16:03:44.604  8513  8513 D InterruptionStateProvider: Group alert behavior is suppressed but we want to alert bubble
04-19 16:03:44.604  4066  4066 I Launcher.NotificationListener: onNotificationRankingUpdate : notification full refresh
04-19 16:03:44.604  4066  4066 I Launcher.NotificationListener: onNotificationFullRefresh
04-19 16:03:44.604  8513  8513 D InterruptionStateProvider: Group alert behavior is suppressed but we want to alert bubble
04-19 16:03:44.604  8513  8513 D InterruptionStateProvider: Group alert behavior is suppressed but we want to alert bubble
04-19 16:03:44.605  8513  8513 D InterruptionStateProvider: Group alert behavior is suppressed but we want to alert bubble
04-19 16:03:44.605  8513  8513 D InterruptionStateProvider: Group alert behavior is suppressed but we want to alert bubble
04-19 16:03:44.605  8513  8513 D InterruptionStateProvider: Group alert behavior is suppressed but we want to alert bubble
04-19 16:03:44.606  8513  8513 D InterruptionStateProvider: Group alert behavior is suppressed but we want to alert bubble
04-19 16:03:44.606  8513  8513 D InterruptionStateProvider: Group alert behavior is suppressed but we want to alert bubble
04-19 16:03:44.606  8513  8513 D InterruptionStateProvider: Group alert behavior is suppressed but we want to alert bubble
04-19 16:03:44.606  8513  8513 D InterruptionStateProvider: Group alert behavior is suppressed but we want to alert bubble
04-19 16:03:44.606  8513  8513 D InterruptionStateProvider: Group alert behavior is suppressed but we want to alert bubble
04-19 16:03:44.607  8513  8513 D InterruptionStateProvider: Group alert behavior is suppressed but we want to alert bubble
04-19 16:03:44.607  8513  8513 D InterruptionStateProvider: Group alert behavior is suppressed but we want to alert bubble
04-19 16:03:44.607  8513  8513 D InterruptionStateProvider: Group alert behavior is suppressed but we want to alert bubble
04-19 16:03:44.607  8513  8513 D InterruptionStateProvider: Group alert behavior is suppressed but we want to alert bubble
04-19 16:03:44.608  8513  8513 D InterruptionStateProvider: Group alert behavior is suppressed but we want to alert bubble
04-19 16:03:44.608  8513  8513 D InterruptionStateProvider: Group alert behavior is suppressed but we want to alert bubble
04-19 16:03:44.612  8513  8513 D InterruptionStateProvider: Group alert behavior is suppressed but we want to alert bubble
04-19 16:03:44.612  8513  8513 D InterruptionStateProvider: Group alert behavior is suppressed but we want to alert bubble
04-19 16:03:44.612  8513  8513 D InterruptionStateProvider: Group alert behavior is suppressed but we want to alert bubble
04-19 16:03:44.612  8513  8513 D InterruptionStateProvider: Group alert behavior is suppressed but we want to alert bubble
04-19 16:03:44.613  8513  8513 D InterruptionStateProvider: Group alert behavior is suppressed but we want to alert bubble
04-19 16:03:44.614  8513  8513 D InterruptionStateProvider: Group alert behavior is suppressed but we want to alert bubble
04-19 16:03:44.614  8513  8513 D InterruptionStateProvider: Group alert behavior is suppressed but we want to alert bubble
04-19 16:03:44.614  8513  8513 D InterruptionStateProvider: Group alert behavior is suppressed but we want to alert bubble
04-19 16:03:44.614  8513  8513 D InterruptionStateProvider: Group alert behavior is suppressed but we want to alert bubble
04-19 16:03:44.615  8513  8513 D InterruptionStateProvider: Group alert behavior is suppressed but we want to alert bubble
04-19 16:03:44.615  8513  8513 D InterruptionStateProvider: Group alert behavior is suppressed but we want to alert bubble
04-19 16:03:44.616  8513  8513 D InterruptionStateProvider: Group alert behavior is suppressed but we want to alert bubble
04-19 16:03:44.616  8513  8513 D InterruptionStateProvider: Group alert behavior is suppressed but we want to alert bubble
04-19 16:03:44.617  8513  8513 D InterruptionStateProvider: Group alert behavior is suppressed but we want to alert bubble
04-19 16:03:44.617  8513  8513 D InterruptionStateProvider: Group alert behavior is suppressed but we want to alert bubble
04-19 16:03:44.617  8513  8513 D InterruptionStateProvider: Group alert behavior is suppressed but we want to alert bubble
04-19 16:03:44.617  8513  8513 D InterruptionStateProvider: Group alert behavior is suppressed but we want to alert bubble
04-19 16:03:44.618  4066  4066 I Launcher.NotificationListener: onNotificationRankingUpdate : notification full refresh
04-19 16:03:44.618  4066  4066 I Launcher.NotificationListener: onNotificationFullRefresh
04-19 16:03:44.632  8513  8513 D PluginInstanceManager: stopListening
04-19 16:03:44.637  8513  8513 D PluginInstanceManager: startListening
04-19 16:03:44.638  8513  8613 D PluginInstanceManager: queryAll com.android.systemui.action.PLUGIN_NOTIFICATION_MENU_ROW
04-19 16:03:44.639  8513  8613 D PluginInstanceManager: Found 0 plugins
04-19 16:03:44.643  8513  8513 D PluginInstanceManager: stopListening
04-19 16:03:44.644  8513  8513 D PluginInstanceManager: startListening
04-19 16:03:44.645  8513  8613 D PluginInstanceManager: queryAll com.android.systemui.action.PLUGIN_NOTIFICATION_MENU_ROW
04-19 16:03:44.645  8513  8613 D PluginInstanceManager: Found 0 plugins
04-19 16:03:44.651  8513  8513 D PluginInstanceManager: stopListening
04-19 16:03:44.652  8513  8513 D PluginInstanceManager: stopListening
04-19 16:03:44.655  8513  8513 D PluginInstanceManager: stopListening
04-19 16:03:44.657  8513  8513 D PluginInstanceManager: stopListening
04-19 16:03:44.657  8513  8513 D PluginInstanceManager: stopListening
04-19 16:03:44.658  8513  8513 D PluginInstanceManager: stopListening
04-19 16:03:44.658  8513  8513 D PluginInstanceManager: stopListening
04-19 16:03:44.659  8513  8513 D PluginInstanceManager: stopListening
04-19 16:03:44.659  8513  8513 D PluginInstanceManager: stopListening
04-19 16:03:44.660  8513  8513 D PluginInstanceManager: stopListening
04-19 16:03:44.661  8513  8513 D PluginInstanceManager: startListening
04-19 16:03:44.662  8513  8613 D PluginInstanceManager: queryAll com.android.systemui.action.PLUGIN_NOTIFICATION_MENU_ROW
04-19 16:03:44.663  8513  8613 D PluginInstanceManager: Found 0 plugins
04-19 16:03:44.663  8513  8513 D PluginInstanceManager: startListening
04-19 16:03:44.664  8513  8613 D PluginInstanceManager: queryAll com.android.systemui.action.PLUGIN_NOTIFICATION_MENU_ROW
04-19 16:03:44.664  8513  8513 D PluginInstanceManager: startListening
04-19 16:03:44.665  8513  8613 D PluginInstanceManager: Found 0 plugins
04-19 16:03:44.665  8513  8613 D PluginInstanceManager: queryAll com.android.systemui.action.PLUGIN_NOTIFICATION_MENU_ROW
04-19 16:03:44.665  8513  8513 D PluginInstanceManager: startListening
04-19 16:03:44.665  8513  8613 D PluginInstanceManager: Found 0 plugins
04-19 16:03:44.665  8513  8613 D PluginInstanceManager: queryAll com.android.systemui.action.PLUGIN_NOTIFICATION_MENU_ROW
04-19 16:03:44.666  8513  8513 D PluginInstanceManager: startListening
04-19 16:03:44.666  8513  8613 D PluginInstanceManager: Found 0 plugins
04-19 16:03:44.666  8513  8613 D PluginInstanceManager: queryAll com.android.systemui.action.PLUGIN_NOTIFICATION_MENU_ROW
04-19 16:03:44.667  8513  8513 D PluginInstanceManager: startListening
04-19 16:03:44.667  8513  8613 D PluginInstanceManager: Found 0 plugins
04-19 16:03:44.667  8513  8613 D PluginInstanceManager: queryAll com.android.systemui.action.PLUGIN_NOTIFICATION_MENU_ROW
04-19 16:03:44.667  8513  8513 D PluginInstanceManager: startListening
04-19 16:03:44.668  8513  8613 D PluginInstanceManager: Found 0 plugins
04-19 16:03:44.668  8513  8613 D PluginInstanceManager: queryAll com.android.systemui.action.PLUGIN_NOTIFICATION_MENU_ROW
04-19 16:03:44.668  8513  8513 D PluginInstanceManager: startListening
04-19 16:03:44.669  8513  8613 D PluginInstanceManager: Found 0 plugins
04-19 16:03:44.669  8513  8613 D PluginInstanceManager: queryAll com.android.systemui.action.PLUGIN_NOTIFICATION_MENU_ROW
04-19 16:03:44.669  8513  8513 D PluginInstanceManager: startListening
04-19 16:03:44.670  8513  8613 D PluginInstanceManager: Found 0 plugins
04-19 16:03:44.670  8513  8613 D PluginInstanceManager: queryAll com.android.systemui.action.PLUGIN_NOTIFICATION_MENU_ROW
04-19 16:03:44.670  8513  8513 D PluginInstanceManager: startListening
04-19 16:03:44.671  8513  8613 D PluginInstanceManager: Found 0 plugins
04-19 16:03:44.671  8513  8613 D PluginInstanceManager: queryAll com.android.systemui.action.PLUGIN_NOTIFICATION_MENU_ROW
04-19 16:03:44.671  8513  8613 D PluginInstanceManager: Found 0 plugins
04-19 16:03:44.673  4066  4127 I Launcher.NotificationListener: notificationIsValidForUI : org.telegram.messenger missingTitleAndText : false isGroupHeader : true
04-19 16:03:44.673  8513  8513 D PluginInstanceManager: stopListening
04-19 16:03:44.673  4066  4127 I Launcher.NotificationListener: notificationIsValidForUI : org.telegram.messenger missingTitleAndText : false isGroupHeader : false
04-19 16:03:44.673  8513  8513 D PluginInstanceManager: startListening
04-19 16:03:44.673  8513  8613 D PluginInstanceManager: queryAll com.android.systemui.action.PLUGIN_NOTIFICATION_MENU_ROW
04-19 16:03:44.674  4066  4127 I Launcher.NotificationListener: notificationIsValidForUI : org.telegram.messenger missingTitleAndText : false isGroupHeader : false
04-19 16:03:44.674  4066  4127 I Launcher.NotificationListener: notificationIsValidForUI : com.Slack missingTitleAndText : false isGroupHeader : true
04-19 16:03:44.674  4066  4127 I Launcher.NotificationListener: notificationIsValidForUI : com.Slack missingTitleAndText : false isGroupHeader : false
04-19 16:03:44.674  4066  4127 I Launcher.NotificationListener: notificationIsValidForUI : com.Slack missingTitleAndText : false isGroupHeader : false
04-19 16:03:44.674  4066  4127 I Launcher.NotificationListener: notificationIsValidForUI : com.google.android.calendar missingTitleAndText : false isGroupHeader : false
04-19 16:03:44.674  8513  8613 D PluginInstanceManager: Found 0 plugins
04-19 16:03:44.674  4066  4127 I Launcher.NotificationListener: notificationIsValidForUI : rs.Raiffeisen.mobile missingTitleAndText : true isGroupHeader : true
04-19 16:03:44.674  4066  4127 I Launcher.NotificationListener: notificationIsValidForUI : rs.Raiffeisen.mobile missingTitleAndText : false isGroupHeader : false
04-19 16:03:44.674  4066  4127 I Launcher.NotificationListener: notificationIsValidForUI : rs.Raiffeisen.mobile missingTitleAndText : false isGroupHeader : false
04-19 16:03:44.674  4066  4127 I Launcher.NotificationListener: notificationIsValidForUI : rs.Raiffeisen.mobile missingTitleAndText : false isGroupHeader : false
04-19 16:03:44.674  8513  8513 D PluginInstanceManager: stopListening
04-19 16:03:44.674  4066  4127 I Launcher.NotificationListener: notificationIsValidForUI : rs.Raiffeisen.mobile missingTitleAndText : false isGroupHeader : false
04-19 16:03:44.674  4066  4127 I Launcher.NotificationListener: notificationIsValidForUI : rs.Raiffeisen.mobile missingTitleAndText : false isGroupHeader : false
04-19 16:03:44.674  4066  4127 I Launcher.NotificationListener: notificationIsValidForUI : rs.Raiffeisen.mobile missingTitleAndText : false isGroupHeader : false
04-19 16:03:44.674  4066  4127 I Launcher.NotificationListener: notificationIsValidForUI : rs.Raiffeisen.mobile missingTitleAndText : false isGroupHeader : false
04-19 16:03:44.674  4066  4127 I Launcher.NotificationListener: notificationIsValidForUI : rs.Raiffeisen.mobile missingTitleAndText : false isGroupHeader : false
04-19 16:03:44.675  4066  4127 I Launcher.NotificationListener: notificationIsValidForUI : rs.Raiffeisen.mobile missingTitleAndText : false isGroupHeader : false
04-19 16:03:44.675  4066  4127 I Launcher.NotificationListener: notificationIsValidForUI : com.google.android.youtube missingTitleAndText : false isGroupHeader : false
04-19 16:03:44.675  4066  4127 I Launcher.NotificationListener: notificationIsValidForUI : com.microsoft.todos missingTitleAndText : false isGroupHeader : false
04-19 16:03:44.675  4066  4127 I Launcher.NotificationListener: notificationIsValidForUI : com.microsoft.todos missingTitleAndText : false isGroupHeader : false
04-19 16:03:44.675  8513  8513 D PluginInstanceManager: startListening
04-19 16:03:44.675  4066  4127 I Launcher.NotificationListener: notificationIsValidForUI : com.google.android.gm missingTitleAndText : false isGroupHeader : true
04-19 16:03:44.675  4066  4127 I Launcher.NotificationListener: notificationIsValidForUI : com.google.android.gm missingTitleAndText : false isGroupHeader : false
04-19 16:03:44.675  4066  4127 I Launcher.NotificationListener: notificationIsValidForUI : com.google.android.gm missingTitleAndText : false isGroupHeader : false
04-19 16:03:44.675  4066  4127 I Launcher.NotificationListener: notificationIsValidForUI : com.google.android.gm missingTitleAndText : false isGroupHeader : false
04-19 16:03:44.675  4066  4127 I Launcher.NotificationListener: notificationIsValidForUI : com.instagram.android missingTitleAndText : true isGroupHeader : true
04-19 16:03:44.675  8513  8613 D PluginInstanceManager: queryAll com.android.systemui.action.PLUGIN_NOTIFICATION_MENU_ROW
04-19 16:03:44.675  4066  4127 I Launcher.NotificationListener: notificationIsValidForUI : com.instagram.android missingTitleAndText : false isGroupHeader : false
04-19 16:03:44.675  4066  4127 I Launcher.NotificationListener: notificationIsValidForUI : com.instagram.android missingTitleAndText : false isGroupHeader : false
04-19 16:03:44.675  4066  4127 I Launcher.NotificationListener: notificationIsValidForUI : com.instagram.android missingTitleAndText : false isGroupHeader : false
04-19 16:03:44.675  4066  4127 I Launcher.NotificationListener: notificationIsValidForUI : com.instagram.android missingTitleAndText : false isGroupHeader : false
04-19 16:03:44.675  4066  4127 I Launcher.NotificationListener: notificationIsValidForUI : com.instagram.android missingTitleAndText : false isGroupHeader : false
04-19 16:03:44.675  4066  4127 I Launcher.NotificationListener: notificationIsValidForUI : ru.yandex.mail missingTitleAndText : false isGroupHeader : true
04-19 16:03:44.675  4066  4127 I Launcher.NotificationListener: notificationIsValidForUI : ru.yandex.mail missingTitleAndText : false isGroupHeader : false
04-19 16:03:44.675  4066  4127 I Launcher.NotificationListener: notificationIsValidForUI : ru.yandex.mail missingTitleAndText : false isGroupHeader : false
04-19 16:03:44.675  4066  4127 I Launcher.NotificationListener: notificationIsValidForUI : ru.yandex.mail missingTitleAndText : false isGroupHeader : false
04-19 16:03:44.675  4066  4127 I Launcher.NotificationListener: notificationIsValidForUI : com.linkedin.android missingTitleAndText : true isGroupHeader : true
04-19 16:03:44.675  4066  4127 I Launcher.NotificationListener: notificationIsValidForUI : com.linkedin.android missingTitleAndText : false isGroupHeader : false
04-19 16:03:44.676  8513  8613 D PluginInstanceManager: Found 0 plugins
04-19 16:03:44.676  8513  8513 D PluginInstanceManager: stopListening
04-19 16:03:44.675  4066  4127 I Launcher.NotificationListener: notificationIsValidForUI : com.linkedin.android missingTitleAndText : false isGroupHeader : false
04-19 16:03:44.676  8513  8513 D PluginInstanceManager: startListening
04-19 16:03:44.676  4066  4127 I Launcher.NotificationListener: notificationIsValidForUI : com.linkedin.android missingTitleAndText : false isGroupHeader : false
04-19 16:03:44.677  4066  4127 I Launcher.NotificationListener: notificationIsValidForUI : com.linkedin.android missingTitleAndText : false isGroupHeader : false
04-19 16:03:44.677  4066  4127 I Launcher.NotificationListener: notificationIsValidForUI : ru.mail.mailapp missingTitleAndText : false isGroupHeader : false
04-19 16:03:44.677  4066  4127 I Launcher.NotificationListener: notificationIsValidForUI : ru.mail.mailapp missingTitleAndText : false isGroupHeader : false
04-19 16:03:44.677  4066  4127 I Launcher.NotificationListener: notificationIsValidForUI : org.telegram.messenger.beta missingTitleAndText : false isGroupHeader : false
04-19 16:03:44.677  4066  4127 I Launcher.NotificationListener: notificationIsValidForUI : com.google.android.apps.nbu.files missingTitleAndText : false isGroupHeader : false
04-19 16:03:44.677  4066  4127 I Launcher.NotificationListener: notificationIsValidForUI : ru.yandex.music missingTitleAndText : false isGroupHeader : false
04-19 16:03:44.677  8513  8613 D PluginInstanceManager: queryAll com.android.systemui.action.PLUGIN_NOTIFICATION_MENU_ROW
04-19 16:03:44.677  4066  4127 I Launcher.NotificationListener: notificationIsValidForUI : mrigapps.andriod.breakfree.deux missingTitleAndText : true isGroupHeader : false
04-19 16:03:44.677  4066  4127 I Launcher.NotificationListener: notificationIsValidForUI : org.telegram.messenger missingTitleAndText : false isGroupHeader : false
04-19 16:03:44.677  8513  8613 D PluginInstanceManager: Found 0 plugins
04-19 16:03:44.679  4066  4127 I Launcher.NotificationListener: notificationIsValidForUI : ru.mail.mailapp missingTitleAndText : false isGroupHeader : true
04-19 16:03:44.679  4066  4127 I Launcher.NotificationListener: notificationIsValidForUI : ru.mail.mailapp missingTitleAndText : false isGroupHeader : false
04-19 16:03:44.679  4066  4127 I Launcher.NotificationListener: notificationIsValidForUI : ru.mail.mailapp missingTitleAndText : false isGroupHeader : false
04-19 16:03:44.679  4066  4127 I Launcher.NotificationListener: notificationIsValidForUI : ru.mail.mailapp missingTitleAndText : false isGroupHeader : false
