04-09 23:16:57.677  6284  6284 D BubblesManager: onRankingUpdate : shouldBubbleUp=false ,pkg=com.kms.free ,key=0|com.kms.free|1|null|10299
04-09 23:16:57.677  6284  6284 D BubblesManager: onRankingUpdate : shouldBubbleUp=false ,pkg=mrigapps.andriod.breakfree.deux ,key=0|mrigapps.andriod.breakfree.deux|2|null|10506
04-09 23:16:57.677  6284  6284 D BubblesManager: onRankingUpdate : shouldBubbleUp=false ,pkg=com.android.providers.downloads ,key=0|com.android.providers.downloads|0|3:1244|10068
04-09 23:16:57.678  6284  6284 D BubblesManager: onRankingUpdate : shouldBubbleUp=false ,pkg=ru.mail.mailapp ,key=0|ru.mail.mailapp|1073741824|zhelenskiy@mail.ru|10221
04-09 23:16:57.678  6284  6284 D InterruptionStateProvider: Group alert behavior is suppressed but we want to alert bubble
04-09 23:16:57.678  6284  6284 D BubblesManager: onRankingUpdate : shouldBubbleUp=false ,pkg=ru.mail.mailapp ,key=0|ru.mail.mailapp|1291137120|zhelenskiy@mail.ru|10221
04-09 23:16:57.679  6284  6284 D InterruptionStateProvider: Group alert behavior is suppressed but we want to alert bubble
04-09 23:16:57.679  6284  6284 D BubblesManager: onRankingUpdate : shouldBubbleUp=false ,pkg=ru.mail.mailapp ,key=0|ru.mail.mailapp|406243825|zhelenskiy@mail.ru|10221
04-09 23:16:57.679  6284  6284 D BubblesManager: onRankingUpdate : shouldBubbleUp=false ,pkg=android ,key=0|android|38|AccountManagerService:38:-904454848:838749127:10427|1000
04-09 23:16:57.680  6284  6284 D BubblesManager: onRankingUpdate : shouldBubbleUp=false ,pkg=android ,key=-1|android|27|null|1000
04-09 23:16:57.680  6284  6284 D BubblesManager: onRankingUpdate : shouldBubbleUp=false ,pkg=com.android.systemui ,key=-1|com.android.systemui|2131428959|charging_state|10054
04-09 23:16:57.680  9619 10534 I NotificationPipeline: Processing new notification: -1|com.android.systemui|2131428959|charging_state|10054
04-09 23:16:57.680  9619 10534 E Notification4Heart_NB: WatchFactory.getWatch-lastConnectedNodeId is null
04-09 23:16:57.681  6284  6315 D Bubbles : onRankingUpdated : isActiveOrInOverflow= false , mTmpRanking.canBubble()= false ,isActive= false ,shouldBubbleUp= false ,mTmpRanking.isBubble()= false
04-09 23:16:57.681  6284  6315 D Bubbles : onRankingUpdated : isActiveOrInOverflow= false , mTmpRanking.canBubble()= false ,isActive= false ,shouldBubbleUp= false ,mTmpRanking.isBubble()= false
04-09 23:16:57.681  6284  6315 D Bubbles : onRankingUpdated : isActiveOrInOverflow= false , mTmpRanking.canBubble()= false ,isActive= false ,shouldBubbleUp= false ,mTmpRanking.isBubble()= false
04-09 23:16:57.681  6284  6315 D Bubbles : onRankingUpdated : isActiveOrInOverflow= false , mTmpRanking.canBubble()= false ,isActive= false ,shouldBubbleUp= false ,mTmpRanking.isBubble()= false
04-09 23:16:57.681  6284  6315 D Bubbles : onRankingUpdated : isActiveOrInOverflow= false , mTmpRanking.canBubble()= false ,isActive= false ,shouldBubbleUp= false ,mTmpRanking.isBubble()= false
04-09 23:16:57.681  6284  6315 D Bubbles : onRankingUpdated : isActiveOrInOverflow= false , mTmpRanking.canBubble()= false ,isActive= false ,shouldBubbleUp= false ,mTmpRanking.isBubble()= false
04-09 23:16:57.682  6284  6315 D Bubbles : onRankingUpdated : isActiveOrInOverflow= false , mTmpRanking.canBubble()= false ,isActive= false ,shouldBubbleUp= false ,mTmpRanking.isBubble()= false
04-09 23:16:57.682  6284  6315 D Bubbles : onRankingUpdated : isActiveOrInOverflow= false , mTmpRanking.canBubble()= false ,isActive= false ,shouldBubbleUp= false ,mTmpRanking.isBubble()= false
04-09 23:16:57.682  6284  6315 D Bubbles : onRankingUpdated : isActiveOrInOverflow= false , mTmpRanking.canBubble()= false ,isActive= false ,shouldBubbleUp= false ,mTmpRanking.isBubble()= false
04-09 23:16:57.682  6284  6315 D Bubbles : onRankingUpdated : isActiveOrInOverflow= false , mTmpRanking.canBubble()= false ,isActive= false ,shouldBubbleUp= false ,mTmpRanking.isBubble()= false
04-09 23:16:57.682  9619 10534 W Notification4Heart_NB: NotificationBridgeCallback.onNotificationPosted-never connected before
04-09 23:16:57.682  6284  6315 D Bubbles : onRankingUpdated : isActiveOrInOverflow= false , mTmpRanking.canBubble()= false ,isActive= false ,shouldBubbleUp= false ,mTmpRanking.isBubble()= false
04-09 23:16:57.682  6284  6315 D Bubbles : onRankingUpdated : isActiveOrInOverflow= false , mTmpRanking.canBubble()= false ,isActive= false ,shouldBubbleUp= false ,mTmpRanking.isBubble()= false
04-09 23:16:57.685  6837  6837 I Launcher.NotificationListener: onNotificationPosted : com.android.systemui number : 0
04-09 23:16:57.719  6284  6373 D MobileStatusTracker(0/1): onSignalStrengthsChanged level=2, vendorLevel=1
04-09 23:16:57.727  6284  6373 D MobileSignalController(0/1): notifyListener: enabled=true, connected=true, dataConnected=false, networkType=LTE (4G), emergencyOnly=false, roaming=true, isDefault=true, dataActivity=, level=1, ca=false, mmWave=false, disabledDataIcon=false, simCard=ETC
04-09 23:16:57.727  6284  6373 D NetworkController: SignalStrength from intent slotId=0
04-09 23:16:57.878  6284  6284 D BubblesManager: onEntryUpdated : shouldBubbleUp=false ,key=-1|com.android.systemui|2131428959|charging_state|10054
04-09 23:16:57.946  6284  6284 I FaceWidgetPositionAlgorithm: getMediaContainerHeight() height = 0 container Visibility = 8, isValid = false, mIsDozing = false, fraction = 1.0, source = 0, target = 0
04-09 23:16:57.946  6284  6284 I FaceWidgetPositionAlgorithm: getMediaContainerHeight() supplier = 0
04-09 23:16:58.001  6284  6284 I FaceWidgetPositionAlgorithm: getMediaContainerHeight() height = 0 container Visibility = 8, isValid = false, mIsDozing = false, fraction = 1.0, source = 0, target = 0
04-09 23:16:58.001  6284  6284 I FaceWidgetPositionAlgorithm: getMediaContainerHeight() supplier = 0
04-09 23:16:58.067  6284  6284 I FaceWidgetPositionAlgorithm: getMediaContainerHeight() height = 0 container Visibility = 8, isValid = false, mIsDozing = false, fraction = 1.0, source = 0, target = 0
04-09 23:16:58.067  6284  6284 I FaceWidgetPositionAlgorithm: getMediaContainerHeight() supplier = 0
04-09 23:16:58.356  5249  5249 E audit   : type=1400 audit(1681075018.350:892): avc:  denied  { getattr } for  pid=5665 comm="BinderProcsColl" path="/sys/kernel/debug/binder/proc/5665" dev="debugfs" ino=28451 scontext=u:r:system_server:s0 tcontext=u:object_r:sec_debugfs:s0 tclass=file permissive=0 SEPF_SM-A515F_13_0001 audit_filtered
04-09 23:16:58.357  5249  5249 E audit   : type=1300 audit(1681075018.350:892): arch=c00000b7 syscall=79 success=no exit=-13 a0=ffffff9c a1=722e4544e0 a2=721ce91680 a3=0 items=0 ppid=5274 pid=5665 auid=4294967295 uid=1000 gid=1000 euid=1000 suid=1000 fsuid=1000 egid=1000 sgid=1000 fsgid=1000 tty=(none) ses=4294967295 comm="BinderProcsColl" exe="/system/bin/app_process64" subj=u:r:system_server:s0 key=(null)
04-09 23:16:58.357  5249  5249 E audit   : type=1327 audit(1681075018.350:892): proctitle="system_server"
04-09 23:17:00.010  6284  6927 D QSClockBellTower: onReceive(android.intent.action.TIME_TICK) mTimeZoneString:null
04-09 23:17:00.047  6284  6284 D KeyguardUpdateMonitor: received broadcast android.intent.action.TIME_TICK
04-09 23:17:00.051  6284  6284 D QSClockBellTower: He is ready to ring the bell. (((QSClockBellSound - TimeText:23:17, TimeContentDescription:23:17, DateText:Sun, 9 April, ShortDateText:Sun, 9 Apr, Demo:false, QuickStar-Second(false|12:34:56))))
04-09 23:17:00.053  6284  6284 D QSClockIndicatorView: Home Indicator status_bar_clock 23:17 notifyTimeChanged(QSClockBellSound - TimeText:23:17, TimeContentDescription:23:17, DateText:Sun, 9 April, ShortDateText:Sun, 9 Apr, Demo:false, QuickStar-Second(false|12:34:56)) ClockVisibleByPolicy:true, ClockVisibleByUser:true, visible?false, parent:android.widget.LinearLayout{130cee5 V.E...... ........ 0,0-0,55 #7f0b04e9 app:id/left_clock_container}
04-09 23:17:00.054  6284  6284 D QSClockBellTower: Everyone heard the bell. run(currentTime:1681075020047,   getTime():Sun Apr 09 23:17:00 GMT+02:00 2023,   getTimeZone():libcore.util.ZoneInfo[mDstSavings=3600000,mUseDst=true,mDelegate=[id="Europe/Belgrade",mRawOffset=3600000,mEarliestRawOffset=4920000,transitions=119]])
04-09 23:17:00.057  6284  6284 D KeyguardUpdateMonitor: handleTimeUpdate
04-09 23:17:00.060  6284  6284 D FaceWidgetPagesController: onTimeChanged()
04-09 23:17:00.073  6284  6284 I FaceWidgetPositionAlgorithm: getMediaContainerHeight() height = 0 container Visibility = 8, isValid = false, mIsDozing = false, fraction = 1.0, source = 0, target = 0
04-09 23:17:00.074  6284  6284 I FaceWidgetPositionAlgorithm: getMediaContainerHeight() supplier = 0
04-09 23:17:00.079  6284  6284 V QsExpandAnimator: setQsExpansionPosition 0.0
04-09 23:17:00.093  6284  6284 V QsExpandAnimator: updateAnimators
04-09 23:17:00.093  6284  6284 V QsExpandAnimator: clearAnimationState
04-09 23:17:00.094  6284  6284 V QsExpandAnimator: updateViews
04-09 23:17:00.100  6284  6284 V QsExpandAnimator: updateTileAnimator
04-09 23:17:00.103  6284  6284 V QsExpandAnimator: updateHeaderAnimator
04-09 23:17:00.104  6284  6284 V QsExpandAnimator: updateBarAnimator
04-09 23:17:00.104  6284  6284 V QsExpandAnimator: setQsExpansionPosition 0.0
04-09 23:17:00.104  6284  6284 V QsExpandAnimator: onAnimationAtStart
04-09 23:17:02.459  6284  6284 D SecPowerUI.Notification: showChargingNotice oldChargingType : 11 currentChargingType : 11 oldChargingTime : 2916000 mChargingTime : 2916000
04-09 23:17:02.460  6284  6284 D SecPowerUI.Notification: There is no change about charging status, so return!
04-09 23:17:07.456  5312  5312 E sehhealth-service: Could not open /sys/class/power_supply/battery/lrp
04-09 23:17:07.472  5665  5861 D MotionRecognitionService: [SAR]  onReceive : ACTION_BATTERY_CHANGED, Plugged: 2
04-09 23:17:07.473  5665  5665 D PhoneWindowManagerExt: ACTION_BATTERY_CHANGED - Level=68, status=2
04-09 23:17:07.480  5665  5665 D SemWifiApBroadcastReceiver: Received : android.intent.action.BATTERY_CHANGED
04-09 23:17:07.483  6213  6213 D SemBigDataInfoController: Intent: android.intent.action.BATTERY_CHANGED
04-09 23:17:07.490  6284  6284 I PowerUI : mBootCompleted = true |  mFullyConnected = true
04-09 23:17:07.492  6213  6213 D SemBigDataInfoController: Intent: android.intent.action.BATTERY_CHANGED
04-09 23:17:07.505  6284  6284 W PowerUI : Plug reason
04-09 23:17:07.505  6284  6284 W PowerUI : Skip charging animation - by plug status
04-09 23:17:07.505  6284  6284 D PowerUI : priorPlugType = 2 mPlugType = 2 priorBatteryStatus = 2 mBatteryStatus = 2
04-09 23:17:07.505  6284  6284 W PowerUI : Plug reason
04-09 23:17:07.505  6284  6284 W PowerUI : Skip charging sound - by plug status
04-09 23:17:07.505  6284  6284 I PowerUI : oldMisalign : false, curMisalign : false
04-09 23:17:07.508  6284 10889 D SecPowerUI.Notification: dismissing low battery warning: level=68
04-09 23:17:07.508  6284 10889 D SecPowerUI.Notification: updateNotification mWarning=false mPlaySound=false
04-09 23:17:07.508  6284 10889 D SecPowerUI.Notification: SecBatteryStatsSnapshot{batteryLevel=68, currentBatteryMode=0, chargingTime=2916000, chargingType=11, batteryHealth=2, automaticTestMode=false, isHiccupState=false}
04-09 23:17:07.509  6284  6284 D SecPowerUI.Notification: showChargingNotice oldChargingType : 11 currentChargingType : 11 oldChargingTime : 2916000 mChargingTime : 2909000
04-09 23:17:07.509  6284  6284 D SecPowerUI.Notification: showChargingNotification()
04-09 23:17:07.510  6284  6284 D SecPowerUI.Notification: SecBatteryStatsSnapshot{batteryLevel=68, currentBatteryMode=0, chargingTime=2909000, chargingType=11, batteryHealth=2, automaticTestMode=false, isHiccupState=false}
04-09 23:17:07.510  6284  6284 D PowerUi.ChargingNotification: showChargingNotification()
04-09 23:17:07.514  6284  6284 D PowerUi.ChargingNotification: showChargingNotification()
04-09 23:17:07.515  6284 10889 D SecPowerUI.Notification: 1. restoreScreenTimeOut - saved_value : :
04-09 23:17:07.516  6284 10889 E SecPowerUI.Notification: no saved value, so we do nothing !!
04-09 23:17:07.519  5665  8770 D ApplicationPolicy: isStatusBarNotificationAllowedAsUser: packageName = com.android.systemui,userId = 0
04-09 23:17:07.519  5665  8770 D ApplicationPolicy: isStatusBarNotificationAllowedAsUser: packageName = com.android.systemui,userId = -1
04-09 23:17:07.519  5665  8770 D ApplicationPolicy: isStatusBarNotificationAllowedAsUser: converting userId from USER_ALLto 0
04-09 23:17:07.521  6284  6284 D PowerUI : Battery swelling mode - priorBatterySwellingMode = 0 mBatterySwellingMode = 0 mBatteryStatus = 2
04-09 23:17:07.521  6284  6284 I PowerUI : mBatteryMiscEvent = 65536
04-09 23:17:07.524  6284  6284 D SamsungBatteryMeterDrawable: onBatteryLevelChanged isSomethingChanged: false
04-09 23:17:07.524  6284  6284 D SamsungBatteryMeterDrawable: onBatteryLevelChanged isSomethingChanged: false
04-09 23:17:07.525  6284  6284 D SamsungBatteryMeterDrawable: onBatteryLevelChanged isSomethingChanged: false
04-09 23:17:07.526  6284  6284 D SamsungBatteryMeterDrawable: onBatteryLevelChanged isSomethingChanged: false
04-09 23:17:07.527  6284  6284 D KeyguardUpdateMonitor: received broadcast android.intent.action.BATTERY_CHANGED
04-09 23:17:07.527  6284  6284 I AODBatteryManager: updateBatteryData: ACTION_BATTERY_CHANGED
04-09 23:17:07.529  6284  6284 I AODBatteryManager: saveBatteryData : AOD BatteryData [mBatteryLevel=68, mBatteryStatus=CHARGING, mBatteryPlugType=USB, mBatteryPlugged=true, mRemainingChargeTime=2909000, mBatteryChargingType=2, mBatteryChargerType=FAST, mBatteryOnline=NOT_DEFINED, mBatterySwellingMode=NONE, mBatteryProtectMode=false]
04-09 23:17:07.530  6284  6284 I ChargingInfoManager: updateChargingInfo: newState = AOD ChargingInfo [mState=BATTERY_AND_REMAIN_TIME, mIsCharging=true, mIsFullyCharged=false, mIsBatteryProtectMode=false], oldState = AOD ChargingInfo [mState=BATTERY_AND_REMAIN_TIME, mIsCharging=true, mIsFullyCharged=false, mIsBatteryProtectMode=false]
04-09 23:17:07.530  6284  6284 D KeyguardUpdateMonitor: handleBatteryUpdate
04-09 23:17:07.537  6284  6284 D KeyguardSecIndicationController: addIndicationTimeout() returned - unlocking
04-09 23:17:07.537  6284  6284 D KeyguardSecIndicationController: addIndication() returned - unlocking
04-09 23:17:07.537  6284  6284 D KeyguardSecIndicationController: addBatteryAndOwnerInfoIndication() battery status = BatteryStatus{status=2,level=68,plugged=2,health=2,maxChargingWattage=-1,remaining=2909000ultraFastCharger=1}
04-09 23:17:07.739  6210  6210 I FreeformContainer: [SmartPopupViewService] onNotificationPosted: StatusBarNotification(pkg=com.android.systemui user=UserHandle{-1} id=2131428959 tag=charging_state key=-1|com.android.systemui|2131428959|charging_state|10054: Notification(channel=CHR shortcut=null contentView=null vibrate=null sound=null defaults=0x0 flags=0xa color=0xff8b94ab category=sys groupKey=CHARGING vis=PUBLIC semFlags=0x0 semPriority=0 semMissedCount=0))
04-09 23:17:07.740  6210  6210 V FreeformContainer: [SmartPopupViewService] isSmartPopupViewTarget: com.android.systemui is not enabled
04-09 23:17:07.747  6284  6284 D BubblesManager: onRankingUpdate : shouldBubbleUp=false ,pkg=android ,key=-1|android|34|NetworkPolicy:945656281:34|1000
04-09 23:17:07.748  6284  6284 D BubblesManager: onRankingUpdate : shouldBubbleUp=false ,pkg=com.kms.free ,key=0|com.kms.free|42|null|10299
04-09 23:17:07.748  9619 10534 I NotificationPipeline: Processing new notification: -1|com.android.systemui|2131428959|charging_state|10054
04-09 23:17:07.748  6284  6284 D BubblesManager: onRankingUpdate : shouldBubbleUp=false ,pkg=com.sec.android.app.shealth ,key=0|com.sec.android.app.shealth|105|null|10256
04-09 23:17:07.748  9619 10534 E Notification4Heart_NB: WatchFactory.getWatch-lastConnectedNodeId is null
04-09 23:17:07.748  6284  6284 D BubblesManager: onRankingUpdate : shouldBubbleUp=false ,pkg=com.kms.free ,key=0|com.kms.free|1|null|10299
04-09 23:17:07.749  6284  6284 D BubblesManager: onRankingUpdate : shouldBubbleUp=false ,pkg=mrigapps.andriod.breakfree.deux ,key=0|mrigapps.andriod.breakfree.deux|2|null|10506
04-09 23:17:07.749  6284  6284 D BubblesManager: onRankingUpdate : shouldBubbleUp=false ,pkg=com.android.providers.downloads ,key=0|com.android.providers.downloads|0|3:1244|10068
04-09 23:17:07.749  6284  6284 D BubblesManager: onRankingUpdate : shouldBubbleUp=false ,pkg=ru.mail.mailapp ,key=0|ru.mail.mailapp|1073741824|zhelenskiy@mail.ru|10221
04-09 23:17:07.750  6284  6284 D InterruptionStateProvider: Group alert behavior is suppressed but we want to alert bubble
04-09 23:17:07.750  6284  6284 D BubblesManager: onRankingUpdate : shouldBubbleUp=false ,pkg=ru.mail.mailapp ,key=0|ru.mail.mailapp|1291137120|zhelenskiy@mail.ru|10221
04-09 23:17:07.750  9619 10534 W Notification4Heart_NB: NotificationBridgeCallback.onNotificationPosted-never connected before
04-09 23:17:07.750  6284  6284 D InterruptionStateProvider: Group alert behavior is suppressed but we want to alert bubble
04-09 23:17:07.750  6284  6284 D BubblesManager: onRankingUpdate : shouldBubbleUp=false ,pkg=ru.mail.mailapp ,key=0|ru.mail.mailapp|406243825|zhelenskiy@mail.ru|10221
04-09 23:17:07.751  6284  6284 D BubblesManager: onRankingUpdate : shouldBubbleUp=false ,pkg=android ,key=0|android|38|AccountManagerService:38:-904454848:838749127:10427|1000
04-09 23:17:07.751  6284  6284 D BubblesManager: onRankingUpdate : shouldBubbleUp=false ,pkg=android ,key=-1|android|27|null|1000
04-09 23:17:07.752  6284  6284 D BubblesManager: onRankingUpdate : shouldBubbleUp=false ,pkg=com.android.systemui ,key=-1|com.android.systemui|2131428959|charging_state|10054
04-09 23:17:07.753  6284  6315 D Bubbles : onRankingUpdated : isActiveOrInOverflow= false , mTmpRanking.canBubble()= false ,isActive= false ,shouldBubbleUp= false ,mTmpRanking.isBubble()= false
04-09 23:17:07.753  6284  6315 D Bubbles : onRankingUpdated : isActiveOrInOverflow= false , mTmpRanking.canBubble()= false ,isActive= false ,shouldBubbleUp= false ,mTmpRanking.isBubble()= false
04-09 23:17:07.753  6284  6315 D Bubbles : onRankingUpdated : isActiveOrInOverflow= false , mTmpRanking.canBubble()= false ,isActive= false ,shouldBubbleUp= false ,mTmpRanking.isBubble()= false
04-09 23:17:07.754  6284  6315 D Bubbles : onRankingUpdated : isActiveOrInOverflow= false , mTmpRanking.canBubble()= false ,isActive= false ,shouldBubbleUp= false ,mTmpRanking.isBubble()= false
04-09 23:17:07.754  6284  6315 D Bubbles : onRankingUpdated : isActiveOrInOverflow= false , mTmpRanking.canBubble()= false ,isActive= false ,shouldBubbleUp= false ,mTmpRanking.isBubble()= false
04-09 23:17:07.754  6284  6315 D Bubbles : onRankingUpdated : isActiveOrInOverflow= false , mTmpRanking.canBubble()= false ,isActive= false ,shouldBubbleUp= false ,mTmpRanking.isBubble()= false
04-09 23:17:07.754  6284  6315 D Bubbles : onRankingUpdated : isActiveOrInOverflow= false , mTmpRanking.canBubble()= false ,isActive= false ,shouldBubbleUp= false ,mTmpRanking.isBubble()= false
04-09 23:17:07.755  6284  6315 D Bubbles : onRankingUpdated : isActiveOrInOverflow= false , mTmpRanking.canBubble()= false ,isActive= false ,shouldBubbleUp= false ,mTmpRanking.isBubble()= false
04-09 23:17:07.755  6284  6315 D Bubbles : onRankingUpdated : isActiveOrInOverflow= false , mTmpRanking.canBubble()= false ,isActive= false ,shouldBubbleUp= false ,mTmpRanking.isBubble()= false
04-09 23:17:07.755  6284  6315 D Bubbles : onRankingUpdated : isActiveOrInOverflow= false , mTmpRanking.canBubble()= false ,isActive= false ,shouldBubbleUp= false ,mTmpRanking.isBubble()= false
04-09 23:17:07.755  6284  6315 D Bubbles : onRankingUpdated : isActiveOrInOverflow= false , mTmpRanking.canBubble()= false ,isActive= false ,shouldBubbleUp= false ,mTmpRanking.isBubble()= false
04-09 23:17:07.755  6284  6315 D Bubbles : onRankingUpdated : isActiveOrInOverflow= false , mTmpRanking.canBubble()= false ,isActive= false ,shouldBubbleUp= false ,mTmpRanking.isBubble()= false
04-09 23:17:07.757  6837  6837 I Launcher.NotificationListener: onNotificationPosted : com.android.systemui number : 0
04-09 23:17:07.950  6284  6284 D BubblesManager: onEntryUpdated : shouldBubbleUp=false ,key=-1|com.android.systemui|2131428959|charging_state|10054
04-09 23:17:07.961  6284  6373 D MobileStatusTracker(0/1): onSignalStrengthsChanged level=2, vendorLevel=2
04-09 23:17:07.971  6284  6373 D MobileSignalController(0/1): notifyListener: enabled=true, connected=true, dataConnected=false, networkType=LTE (4G), emergencyOnly=false, roaming=true, isDefault=true, dataActivity=, level=2, ca=false, mmWave=false, disabledDataIcon=false, simCard=ETC
04-09 23:17:07.977  6284  6373 D NetworkController: SignalStrength from intent slotId=0
04-09 23:17:07.999  6284  6284 I FaceWidgetPositionAlgorithm: getMediaContainerHeight() height = 0 container Visibility = 8, isValid = false, mIsDozing = false, fraction = 1.0, source = 0, target = 0
04-09 23:17:07.999  6284  6284 I FaceWidgetPositionAlgorithm: getMediaContainerHeight() supplier = 0
04-09 23:17:08.058  6284  6284 I FaceWidgetPositionAlgorithm: getMediaContainerHeight() height = 0 container Visibility = 8, isValid = false, mIsDozing = false, fraction = 1.0, source = 0, target = 0
04-09 23:17:08.058  6284  6284 I FaceWidgetPositionAlgorithm: getMediaContainerHeight() supplier = 0
04-09 23:17:08.125  6284  6284 I FaceWidgetPositionAlgorithm: getMediaContainerHeight() height = 0 container Visibility = 8, isValid = false, mIsDozing = false, fraction = 1.0, source = 0, target = 0
04-09 23:17:08.125  6284  6284 I FaceWidgetPositionAlgorithm: getMediaContainerHeight() supplier = 0
04-09 23:17:11.654  6284  6373 D MobileStatusTracker(1/2): onSignalStrengthsChanged level=2, vendorLevel=2
04-09 23:17:11.660  6284  6373 D MobileSignalController(1/2): notifyListener: enabled=true, connected=true, dataConnected=true, networkType=LTE (4G), emergencyOnly=false, roaming=false, isDefault=true, dataActivity=, level=2, ca=false, mmWave=false, disabledDataIcon=false, simCard=ETC
04-09 23:17:11.681  6284  6373 D NetworkController: SignalStrength from intent slotId=1
04-09 23:17:12.193  5329  5329 I SurfaceFlinger: SFWD update time=2930735207248
04-09 23:17:12.526  6284  6284 D SecPowerUI.Notification: showChargingNotice oldChargingType : 11 currentChargingType : 11 oldChargingTime : 2909000 mChargingTime : 2909000
04-09 23:17:12.527  6284  6284 D SecPowerUI.Notification: There is no change about charging status, so return!
04-09 23:17:15.625  6213  6323 I TelephonyProvider: D/TelephonyProvider: subIdString = 2 subId = 2
04-09 23:17:15.661  5665  6036 D ConnectivityService: notifyType CALLBACK_CAP_CHANGED for [100 CELLULAR]
04-09 23:17:15.677 10220 11595 E Connection4Heart: ProxyManager.requestSetNetworkSuspended() : watch is not connected
04-09 23:17:15.691  6213  6323 I TelephonyProvider: D/TelephonyProvider: subIdString = 2 subId = 2
04-09 23:17:15.718  5665  6036 D ConnectivityService: notifyType CALLBACK_CAP_CHANGED for [101 CELLULAR]
04-09 23:17:15.722  6678  6864 I PdnController<1>: onCapabilitiesChanged: network 101 networkCapabilities [ Transports: CELLULAR Capabilities: IMS&NOT_METERED&TRUSTED&NOT_VPN&VALIDATED&NOT_ROAMING&FOREGROUND&NOT_CONGESTED&NOT_SUSPENDED&NOT_VCN_MANAGED LinkUpBandwidth>=15000Kbps LinkDnBandwidth>=19873Kbps Specifier: <TelephonyNetworkSpecifier [mSubId = 2]> SubscriptionIds: {2} UnderlyingNetworks: Null]
04-09 23:17:17.495  5312  5312 E sehhealth-service: Could not open /sys/class/power_supply/battery/lrp
04-09 23:17:17.503  5665  5861 D MotionRecognitionService: [SAR]  onReceive : ACTION_BATTERY_CHANGED, Plugged: 2
04-09 23:17:17.508  5665  5665 D PhoneWindowManagerExt: ACTION_BATTERY_CHANGED - Level=68, status=2
04-09 23:17:17.521  5665  5665 D SemWifiApBroadcastReceiver: Received : android.intent.action.BATTERY_CHANGED
04-09 23:17:17.525  6213  6213 D SemBigDataInfoController: Intent: android.intent.action.BATTERY_CHANGED
04-09 23:17:17.526  6213  6213 D SemBigDataInfoController: Intent: android.intent.action.BATTERY_CHANGED
04-09 23:17:17.531  6284  6284 I PowerUI : mBootCompleted = true |  mFullyConnected = true
04-09 23:17:17.532  6284  6284 W PowerUI : Plug reason
04-09 23:17:17.532  6284  6284 W PowerUI : Skip charging animation - by plug status
04-09 23:17:17.532  6284 11242 D SecPowerUI.Notification: dismissing low battery warning: level=68
04-09 23:17:17.532  6284 11242 D SecPowerUI.Notification: updateNotification mWarning=false mPlaySound=false
04-09 23:17:17.533  6284  6284 D PowerUI : priorPlugType = 2 mPlugType = 2 priorBatteryStatus = 2 mBatteryStatus = 2
04-09 23:17:17.533  6284  6284 W PowerUI : Plug reason
04-09 23:17:17.533  6284  6284 W PowerUI : Skip charging sound - by plug status
04-09 23:17:17.533  6284  6284 I PowerUI : oldMisalign : false, curMisalign : false
04-09 23:17:17.535  6284  6284 D SecPowerUI.Notification: showChargingNotice oldChargingType : 11 currentChargingType : 11 oldChargingTime : 2909000 mChargingTime : 2902000
04-09 23:17:17.535  6284  6284 D SecPowerUI.Notification: showChargingNotification()
04-09 23:17:17.535  6284  6284 D SecPowerUI.Notification: SecBatteryStatsSnapshot{batteryLevel=68, currentBatteryMode=0, chargingTime=2902000, chargingType=11, batteryHealth=2, automaticTestMode=false, isHiccupState=false}
04-09 23:17:17.535  6284  6284 D PowerUi.ChargingNotification: showChargingNotification()
04-09 23:17:17.538  6284  6284 D PowerUi.ChargingNotification: showChargingNotification()
04-09 23:17:17.540  6284 11242 D SecPowerUI.Notification: SecBatteryStatsSnapshot{batteryLevel=68, currentBatteryMode=0, chargingTime=2909000, chargingType=11, batteryHealth=2, automaticTestMode=false, isHiccupState=false}
04-09 23:17:17.542  5665  6796 D ApplicationPolicy: isStatusBarNotificationAllowedAsUser: packageName = com.android.systemui,userId = 0
04-09 23:17:17.543  6284 11242 D SecPowerUI.Notification: 1. restoreScreenTimeOut - saved_value : :
04-09 23:17:17.543  5665  6796 D ApplicationPolicy: isStatusBarNotificationAllowedAsUser: packageName = com.android.systemui,userId = -1
04-09 23:17:17.543  5665  6796 D ApplicationPolicy: isStatusBarNotificationAllowedAsUser: converting userId from USER_ALLto 0
04-09 23:17:17.543  6284 11242 E SecPowerUI.Notification: no saved value, so we do nothing !!
04-09 23:17:17.544  6284  6284 D PowerUI : Battery swelling mode - priorBatterySwellingMode = 0 mBatterySwellingMode = 0 mBatteryStatus = 2
04-09 23:17:17.544  6284  6284 I PowerUI : mBatteryMiscEvent = 65536
04-09 23:17:17.545  6284  6284 D SamsungBatteryMeterDrawable: onBatteryLevelChanged isSomethingChanged: false
04-09 23:17:17.545  6284  6284 D SamsungBatteryMeterDrawable: onBatteryLevelChanged isSomethingChanged: false
04-09 23:17:17.546  6284  6284 D SamsungBatteryMeterDrawable: onBatteryLevelChanged isSomethingChanged: false
04-09 23:17:17.546  6284  6284 D SamsungBatteryMeterDrawable: onBatteryLevelChanged isSomethingChanged: false
04-09 23:17:17.546  6284  6284 D KeyguardUpdateMonitor: received broadcast android.intent.action.BATTERY_CHANGED
04-09 23:17:17.547  6284  6284 I AODBatteryManager: updateBatteryData: ACTION_BATTERY_CHANGED
04-09 23:17:17.548  6284  6284 I AODBatteryManager: saveBatteryData : AOD BatteryData [mBatteryLevel=68, mBatteryStatus=CHARGING, mBatteryPlugType=USB, mBatteryPlugged=true, mRemainingChargeTime=2902000, mBatteryChargingType=2, mBatteryChargerType=FAST, mBatteryOnline=NOT_DEFINED, mBatterySwellingMode=NONE, mBatteryProtectMode=false]
04-09 23:17:17.548  6284  6284 I ChargingInfoManager: updateChargingInfo: newState = AOD ChargingInfo [mState=BATTERY_AND_REMAIN_TIME, mIsCharging=true, mIsFullyCharged=false, mIsBatteryProtectMode=false], oldState = AOD ChargingInfo [mState=BATTERY_AND_REMAIN_TIME, mIsCharging=true, mIsFullyCharged=false, mIsBatteryProtectMode=false]
04-09 23:17:17.549  6284  6284 D KeyguardUpdateMonitor: handleBatteryUpdate
04-09 23:17:17.553  6284  6284 D KeyguardSecIndicationController: addIndicationTimeout() returned - unlocking
04-09 23:17:17.553  6284  6284 D KeyguardSecIndicationController: addIndication() returned - unlocking
04-09 23:17:17.553  6284  6284 D KeyguardSecIndicationController: addBatteryAndOwnerInfoIndication() battery status = BatteryStatus{status=2,level=68,plugged=2,health=2,maxChargingWattage=-1,remaining=2902000ultraFastCharger=1}
04-09 23:17:17.771  6210  6210 I FreeformContainer: [SmartPopupViewService] onNotificationPosted: StatusBarNotification(pkg=com.android.systemui user=UserHandle{-1} id=2131428959 tag=charging_state key=-1|com.android.systemui|2131428959|charging_state|10054: Notification(channel=CHR shortcut=null contentView=null vibrate=null sound=null defaults=0x0 flags=0xa color=0xff8b94ab category=sys groupKey=CHARGING vis=PUBLIC semFlags=0x0 semPriority=0 semMissedCount=0))
04-09 23:17:17.771  6210  6210 V FreeformContainer: [SmartPopupViewService] isSmartPopupViewTarget: com.android.systemui is not enabled
04-09 23:17:17.776  6284  6284 D BubblesManager: onRankingUpdate : shouldBubbleUp=false ,pkg=android ,key=-1|android|34|NetworkPolicy:945656281:34|1000
04-09 23:17:17.776  6284  6284 D BubblesManager: onRankingUpdate : shouldBubbleUp=false ,pkg=com.kms.free ,key=0|com.kms.free|42|null|10299
04-09 23:17:17.777  6284  6284 D BubblesManager: onRankingUpdate : shouldBubbleUp=false ,pkg=com.sec.android.app.shealth ,key=0|com.sec.android.app.shealth|105|null|10256
04-09 23:17:17.777  6284  6284 D BubblesManager: onRankingUpdate : shouldBubbleUp=false ,pkg=com.kms.free ,key=0|com.kms.free|1|null|10299
04-09 23:17:17.777  6284  6284 D BubblesManager: onRankingUpdate : shouldBubbleUp=false ,pkg=mrigapps.andriod.breakfree.deux ,key=0|mrigapps.andriod.breakfree.deux|2|null|10506
04-09 23:17:17.779  6284  6284 D BubblesManager: onRankingUpdate : shouldBubbleUp=false ,pkg=com.android.providers.downloads ,key=0|com.android.providers.downloads|0|3:1244|10068
04-09 23:17:17.779  6284  6284 D BubblesManager: onRankingUpdate : shouldBubbleUp=false ,pkg=ru.mail.mailapp ,key=0|ru.mail.mailapp|1073741824|zhelenskiy@mail.ru|10221
04-09 23:17:17.780  6284  6284 D InterruptionStateProvider: Group alert behavior is suppressed but we want to alert bubble
04-09 23:17:17.780  6284  6284 D BubblesManager: onRankingUpdate : shouldBubbleUp=false ,pkg=ru.mail.mailapp ,key=0|ru.mail.mailapp|1291137120|zhelenskiy@mail.ru|10221
04-09 23:17:17.780  6284  6284 D InterruptionStateProvider: Group alert behavior is suppressed but we want to alert bubble
04-09 23:17:17.780  6284  6284 D BubblesManager: onRankingUpdate : shouldBubbleUp=false ,pkg=ru.mail.mailapp ,key=0|ru.mail.mailapp|406243825|zhelenskiy@mail.ru|10221
04-09 23:17:17.780  6837  6837 I Launcher.NotificationListener: onNotificationPosted : com.android.systemui number : 0
04-09 23:17:17.781  6284  6284 D BubblesManager: onRankingUpdate : shouldBubbleUp=false ,pkg=android ,key=0|android|38|AccountManagerService:38:-904454848:838749127:10427|1000
04-09 23:17:17.781  6284  6284 D BubblesManager: onRankingUpdate : shouldBubbleUp=false ,pkg=android ,key=-1|android|27|null|1000
04-09 23:17:17.781  6284  6284 D BubblesManager: onRankingUpdate : shouldBubbleUp=false ,pkg=com.android.systemui ,key=-1|com.android.systemui|2131428959|charging_state|10054
04-09 23:17:17.783  6284  6315 D Bubbles : onRankingUpdated : isActiveOrInOverflow= false , mTmpRanking.canBubble()= false ,isActive= false ,shouldBubbleUp= false ,mTmpRanking.isBubble()= false
04-09 23:17:17.783  9619 10534 I NotificationPipeline: Processing new notification: -1|com.android.systemui|2131428959|charging_state|10054
04-09 23:17:17.784  6284  6315 D Bubbles : onRankingUpdated : isActiveOrInOverflow= false , mTmpRanking.canBubble()= false ,isActive= false ,shouldBubbleUp= false ,mTmpRanking.isBubble()= false
04-09 23:17:17.784  6284  6315 D Bubbles : onRankingUpdated : isActiveOrInOverflow= false , mTmpRanking.canBubble()= false ,isActive= false ,shouldBubbleUp= false ,mTmpRanking.isBubble()= false
04-09 23:17:17.784  6284  6315 D Bubbles : onRankingUpdated : isActiveOrInOverflow= false , mTmpRanking.canBubble()= false ,isActive= false ,shouldBubbleUp= false ,mTmpRanking.isBubble()= false
04-09 23:17:17.784  9619 10534 E Notification4Heart_NB: WatchFactory.getWatch-lastConnectedNodeId is null
04-09 23:17:17.784  6284  6315 D Bubbles : onRankingUpdated : isActiveOrInOverflow= false , mTmpRanking.canBubble()= false ,isActive= false ,shouldBubbleUp= false ,mTmpRanking.isBubble()= false
04-09 23:17:17.784  6284  6315 D Bubbles : onRankingUpdated : isActiveOrInOverflow= false , mTmpRanking.canBubble()= false ,isActive= false ,shouldBubbleUp= false ,mTmpRanking.isBubble()= false
04-09 23:17:17.784  6284  6315 D Bubbles : onRankingUpdated : isActiveOrInOverflow= false , mTmpRanking.canBubble()= false ,isActive= false ,shouldBubbleUp= false ,mTmpRanking.isBubble()= false
04-09 23:17:17.785  6284  6315 D Bubbles : onRankingUpdated : isActiveOrInOverflow= false , mTmpRanking.canBubble()= false ,isActive= false ,shouldBubbleUp= false ,mTmpRanking.isBubble()= false
04-09 23:17:17.785  6284  6315 D Bubbles : onRankingUpdated : isActiveOrInOverflow= false , mTmpRanking.canBubble()= false ,isActive= false ,shouldBubbleUp= false ,mTmpRanking.isBubble()= false
04-09 23:17:17.785  6284  6315 D Bubbles : onRankingUpdated : isActiveOrInOverflow= false , mTmpRanking.canBubble()= false ,isActive= false ,shouldBubbleUp= false ,mTmpRanking.isBubble()= false
04-09 23:17:17.786  6284  6315 D Bubbles : onRankingUpdated : isActiveOrInOverflow= false , mTmpRanking.canBubble()= false ,isActive= false ,shouldBubbleUp= false ,mTmpRanking.isBubble()= false
04-09 23:17:17.786  6284  6315 D Bubbles : onRankingUpdated : isActiveOrInOverflow= false , mTmpRanking.canBubble()= false ,isActive= false ,shouldBubbleUp= false ,mTmpRanking.isBubble()= false
04-09 23:17:17.786  9619 10534 W Notification4Heart_NB: NotificationBridgeCallback.onNotificationPosted-never connected before
04-09 23:17:17.975  6284  6284 D BubblesManager: onEntryUpdated : shouldBubbleUp=false ,key=-1|com.android.systemui|2131428959|charging_state|10054
04-09 23:17:18.028  6284  6284 I FaceWidgetPositionAlgorithm: getMediaContainerHeight() height = 0 container Visibility = 8, isValid = false, mIsDozing = false, fraction = 1.0, source = 0, target = 0
04-09 23:17:18.028  6284  6284 I FaceWidgetPositionAlgorithm: getMediaContainerHeight() supplier = 0
04-09 23:17:18.092  6284  6284 I FaceWidgetPositionAlgorithm: getMediaContainerHeight() height = 0 container Visibility = 8, isValid = false, mIsDozing = false, fraction = 1.0, source = 0, target = 0
04-09 23:17:18.092  6284  6284 I FaceWidgetPositionAlgorithm: getMediaContainerHeight() supplier = 0
04-09 23:17:18.150  6284  6284 I FaceWidgetPositionAlgorithm: getMediaContainerHeight() height = 0 container Visibility = 8, isValid = false, mIsDozing = false, fraction = 1.0, source = 0, target = 0
04-09 23:17:18.150  6284  6284 I FaceWidgetPositionAlgorithm: getMediaContainerHeight() supplier = 0
04-09 23:17:19.050  5519  5698 D SemNativeCarrierFeature_vendor: getInstance
04-09 23:17:19.056  6678  6995 I ImsSecChannelCallback: receive
04-09 23:17:19.056  6678  6995 I IpcDispatcher<1>: [Rx]: (M)IPC_IIL_CMD (S)IPC_IIL_SSAC_INFO (T)EVENT l:13
04-09 23:17:19.058  6678  6678 I SsacManager: updateSSACInfo[1] : Voice(-1:0) Video(-1:0)
04-09 23:17:19.059  6678  6678 I SsacManager: Voice Call updateSSACInfo[1] : f[100], t[0]
04-09 23:17:19.059  6678  6678 I SsacManager: Video Call updateSSACInfo[1] : f[100], t[0]
04-09 23:17:19.080  6678  6995 I ImsSecChannelCallback: receive
04-09 23:17:19.080  6678  6995 I IpcDispatcher<1>: [Rx]: (M)IPC_IIL_CMD (S)IPC_IIL_SSAC_INFO (T)EVENT l:13
04-09 23:17:19.081  6678  6678 I SsacManager: updateSSACInfo[1] : Voice(-1:0) Video(-1:0)
04-09 23:17:19.081  6678  6678 I SsacManager: Voice Call updateSSACInfo[1] : f[100], t[0]
04-09 23:17:19.082  6678  6678 I SsacManager: Video Call updateSSACInfo[1] : f[100], t[0]
04-09 23:17:19.087  5519  5698 D SemNativeCarrierFeature_vendor: getInstance
04-09 23:17:19.092  5519  5584 D SemNativeCarrierFeature_vendor: getInstance
04-09 23:17:19.101  5519  5698 D SemNativeCarrierFeature_vendor: getInstance
04-09 23:17:19.109  5519  5584 D SemNativeCarrierFeature_vendor: getInstance
04-09 23:17:19.111  6678  6983 I PhoneStateTracker<1>: onCellInfoChanged: ns=not null
04-09 23:17:19.111  6678  6983 I ImsCallSessionManager: onCellInfoChanged, phoneId: 1
04-09 23:17:19.111  6678  6983 I RegiMgr-Handler: handleMessage: EVENT_CELL_INFO_CHANGED
04-09 23:17:19.132  6678  6983 I RegiMgr<1>: updatePani RegisterTask[1][mProfile=Telenor Serbia IMS, mRegistrationRat=13, mPdnType=11, mState=REGISTERED, mObject=UserAgent - :
04-09 23:17:19.132  6678  6983 I RegiMgr<1>:  total records=89
04-09 23:17:19.132  6678  6983 I RegiMgr<1>:  rec[0]: time=04-09 23:08:20.323 processed=ReadyState org=RegisteredState dest=<null> what=34(0x22)
04-09 23:17:19.132  6678  6983 I RegiMgr<1>:  rec[1]: time=04-09 23:08:20.325 processed=RegisteredState org=RegisteredState dest=<null> what=2000(0x7d0)
04-09 23:17:19.132  6678  6983 I RegiMgr<1>:  rec[2]: time=04-09 23:08:23.323 processed=ReadyState org=RegisteredState dest=<null> what=34(0x22)
04-09 23:17:19.132  6678  6983 I RegiMgr<1>:  rec[3]: time=04-09 23:08:23.328 processed=RegisteredState org=RegisteredState dest=<null> what=2000(0x7d0)
04-09 23:17:19.132  6678  6983 I RegiMgr<1>:  rec[4]: time=04-09 23:10:54.210 processed=ReadyState org=RegisteredState dest=<null> what=34(0x22)
04-09 23:17:19.132  6678  6983 I RegiMgr<1>:  rec[5]: time=04-09 23:10:54.212 processed=RegisteredState org=RegisteredState dest=<null> what=2000(0x7d0)
04-09 23:17:19.132  6678  6983 I RegiMgr<1>:  rec[6]: time=04-09 23:10:57.083 processed=ReadyState org=RegisteredState dest=<null> what=34(0x22)
04-09 23:17:19.132  6678  6983 I RegiMgr<1>:  rec[7]: time=04-09 23:10:57.085 processed=RegisteredState org=RegisteredState dest=<null> what=2000(0x7d0)
04-09 23:17:19.132  6678  6983 I RegiMgr<1>:  rec[8]: time=04-09 23:12:25.093 processed=ReadyState org=RegisteredState dest=<null> what=34(0x22)
04-09 23:17:19.132  6678  6983 I RegiMgr<1>:  rec[9]: time=04-09 23:12:25.094 processed=RegisteredState org=RegisteredState dest=<null> what=2000(0x7d0)
04-09 23:17:19.132  6678  6983 I RegiMgr<1>:  rec[10]: time=04-09 23:12:26.054 processed=ReadyState org=RegisteredState dest=<null> what=34(0x22)
04-09 23:17:19.132  6678  6983 I RegiMgr<1>:  rec[11]: time=04-09 23:12:26.056 processed=RegisteredState org=RegisteredState dest=<null> what=2000(0x7d0)
04-09 23:17:19.132  6678  6983 I RegiMgr<1>:  rec[12]: time=04-09 23:13:29.432 processed=ReadyState org=RegisteredState dest=<null> what=34(0x22)
04-09 23:17:19.132  6678  6983 I RegiMgr<1>:  rec[13]: time=04-09 23:13:29.433 processed=RegisteredState org=RegisteredState dest=<null> what=2000(0x7d0)
04-09 23:17:19.132  6678  6983 I RegiMgr<1>:  rec[14]: time=04-09 23:13:32.426 processed=ReadyState org=RegisteredState dest=<null> what=34(0x22)
04-09 23:17:19.132  6678  6983 I RegiMgr<1>:  rec[15]: time=04-09 23:13:32.429 processed=RegisteredState org=RegisteredState dest=<null> what=2000(0x7d0)
04-09 23:17:19.132  6678  6983 I RegiMgr<1>:  rec[16]: time=04-09 23:15:34.810 processed=ReadyState org=RegisteredState dest=<null> what=34(0x22)
04-09 23:17:19.132  6678  6983 I RegiMgr<1>:  rec[17]: time=04-09 23:15:34.811 processed=RegisteredState org=RegisteredState dest=<null> what=2000(0x7d0)
04-09 23:17:19.132  6678  6983 I RegiMgr<1>:  rec[18]: time=04-09 23:16:47.131 processed=ReadyState org=RegisteredState dest=<null> what=34(0x22)
04-09 23:17:19.132  6678  6983 I RegiMgr<1>:  rec[19]: time=04-09 23:16:47.133 processed=RegisteredState org=RegisteredState dest=<null> what=2000(0x7d0)
04-09 23:17:19.132  6678  6983 I RegiMgr<1>: curState=RegisteredState
04-09 23:17:19.132  6678  6983 I RegiMgr<1>: , mReason=, mPcscfHostname=null, mDeregiReason=41]
04-09 23:17:19.136  6678  6983 I PaniGenerator<1>: generate: subId=2, network=13
04-09 23:17:19.136  6678  6983 I PaniGenerator<1>: generate: network=13, fallbackPlmn=22001
04-09 23:17:19.137  6678  6983 I PdnController<1>: getAllCellInfo mNeedCellLocationUpdate : false
04-09 23:17:19.137  6678  6983 I PaniGenerator: generate: change to NW PLMN(22001)
04-09 23:17:19.138  6678  6983 I PaniGenerator: setLkcForLastPani: No Last PANI header for Telenor Serbia IMS
04-09 23:17:19.138  6678  6983 I UserAgent<1>: updatePani: pani=3GPP-E-UTRAN-FDD;utran-cell-id-3gpp=220012b7301a3e03, updatePani: lastPani=
04-09 23:17:19.139  6678  7285 I StackIF : updatePani: 4101 pani: [3GPP-E-UTRAN-FDD;utran-cell-id-3gpp=220012b7301a3e03]
04-09 23:17:19.140  6678  7285 I SECIMSJ : [0054]> 140
04-09 23:17:19.141  6678  7294 I [IMS6.0]: IMS_onResponse()
04-09 23:17:19.141  6678  7294 I StackIF : processMessage 2
04-09 23:17:19.141  6678  7294 I StackIF : Processing Response
04-09 23:17:19.142  6678  7294 I SECIMSJ : [0054]< 600
04-09 23:17:19.142  6678  7294 I StackIF : processResponse: reqId 600
04-09 23:17:19.142  6678  7294 I StackIF : processResponse: handle 4101 result 0 reason 0
04-09 23:17:19.173  5665  6515 D SLocation: CellLocationManager - onServiceStateChanged 0
04-09 23:17:19.175  5665  5665 D SemWifiApServiceImpl: onServiceStateChanged : 0dataNetworkType : 13
04-09 23:17:19.176  5665  5665 W NSLocationMonitor: onServiceStateChanged, state=0 / channel=550
04-09 23:17:19.176  5665  5665 I NSLocationMonitor: networkType[13]=LTE / nrState=false
04-09 23:17:19.176  5665  5665 W NSLocationMonitor: onServiceStateChanged, state=0 / channel=550
04-09 23:17:19.177  5665  5665 I NSLocationMonitor: networkType[13]=LTE / nrState=false
04-09 23:17:19.177  6678  7298 I VolteServiceModule: onServiceStateChanged({mVoiceRegState=0(IN_SERVICE), mDataRegState=0(IN_SERVICE), mChannelNumber=550, duplexMode()=1, mCellBandwidths=[], mOperatorAlphaLong=Yettel, mOperatorAlphaShort=Yettel, isManualNetworkSelection=false(automatic), getRilVoiceRadioTechnology=14(LTE), getRilDataRadioTechnology=14(LTE), mCssIndicator=unsupported, mNetworkId=*1, mSystemId=*1, mCdmaRoamingIndicator=-1, mCdmaDefaultRoamingIndicator=-1, VoiceRegType=0, Snap=0, MobileData=IN_SERVICE, MobileDataRoamingType=home, MobileDataRat=LTE, PsOnly=false, FemtocellInd=0, SprDisplayRoam=false, OptRadioTech=0, MsimSubmode=0, mIsEmergencyOnly=false, isUsingCarrierAggregation=false, mArfcnRsrpBoost=0, mNetworkRegistrationInfos=[NetworkRegistrationInfo{ domain=CS transportType=WWAN registrationState=HOME roamingType=NOT_ROAMING accessNetworkTechnology=LTE rejectCause=0 emergencyEnabled=false availableServices=[VOICE,SMS,VIDEO] cellIdentity=CellIdentityLte:{ mCi=1****11 mPci=191 mTac=1***3 mEarfcn=550 mBands=[] mBandwidth=2147483647 mMcc=220 mMnc=01 mAlphaLong=Yettel mAlphaShort=Yettel mAdditionalPlmns={} mCsgInfo=null} voiceSpecificInfo=VoiceSpecificRegistrationInfo { mCssSupported=false mRoamingIndicator=0 mSystemIsInPrl=0 mDefaultRoamingIndicator=0} dataSpecificInfo=null nrState=**** rRplmn=22001 isUsingCarrierAggregation=false}, NetworkRegistrationInfo{ domain=PS transportType=WWAN registrationState=HOME roamingType=NOT_ROAMING accessNetworkTechnology=LTE rejectCause=0 emergencyEnabled=false availableServices=[DATA] cellIdentity=CellIdentityLte:{ mCi=1****11 mPci=191 mTac=1***3 mEarfcn=550 mBands=[] mBandwidth=2147483647 mMcc=220 mMnc=01 mAlphaLong=Yettel mAlphaShort=Yettel mAdditionalPlmns={} mCsgInfo=null} voiceSpecificInfo=null dataSpecificInfo=android.telephony.DataSpecificRegistrationInfo :{ maxDataCalls = 4 isDcNrRestricted = false isNrAvailable = false isEnDcAvailable = false LteVopsSupportInfo :  mVopsSupport = 2 mEmcBearerSupport = 3 } nrState=**** rRplmn=22001 isUsingCarrierAggregation=false}], mNrFrequencyRange=0, mOperatorAlphaLongRaw=Yettel, mOperatorAlphaShortRaw=Yettel, mIsDataRoamingFromRegistration=false, mIsIwlanPreferred=false})
04-09 23:17:19.178  6678  7298 I VolteServiceModule: mIsLteEpsOnlyAttached(1):false
04-09 23:17:19.179  6678  6983 I PdnController<1>: Active Phone Id = 1 MobileConnected = true
04-09 23:17:19.179  6652  6652 I VcidController: onServiceStateChanged:{mVoiceRegState=0(IN_SERVICE), mDataRegState=0(IN_SERVICE), mChannelNumber=550, duplexMode()=1, mCellBandwidths=[], mOperatorAlphaLong=Yettel, mOperatorAlphaShort=Yettel, isManualNetworkSelection=false(automatic), getRilVoiceRadioTechnology=14(LTE), getRilDataRadioTechnology=14(LTE), mCssIndicator=unsupported, mNetworkId=*1, mSystemId=*1, mCdmaRoamingIndicator=-1, mCdmaDefaultRoamingIndicator=-1, VoiceRegType=0, Snap=0, MobileData=IN_SERVICE, MobileDataRoamingType=home, MobileDataRat=LTE, PsOnly=false, FemtocellInd=0, SprDisplayRoam=false, OptRadioTech=0, MsimSubmode=0, mIsEmergencyOnly=false, isUsingCarrierAggregation=false, mArfcnRsrpBoost=0, mNetworkRegistrationInfos=[NetworkRegistrationInfo{ domain=CS transportType=WWAN registrationState=HOME roamingType=NOT_ROAMING accessNetworkTechnology=LTE rejectCause=0 emergencyEnabled=false availableServices=[VOICE,SMS,VIDEO] cellIdentity=CellIdentityLte:{ mCi=1****11 mPci=191 mTac=1***3 mEarfcn=550 mBands=[] mBandwidth=2147483647 mMcc=220 mMnc=01 mAlphaLong=Yettel mAlphaShort=Yettel mAdditionalPlmns={} mCsgInfo=null} voiceSpecificInfo=VoiceSpecificRegistrationInfo { mCssSupported=false mRoamingIndicator=0 mSystemIsInPrl=0 mDefaultRoamingIndicator=0} dataSpecificInfo=null nrState=**** rRplmn=22001 isUsingCarrierAggregation=false}, NetworkRegistrationInfo{ domain=PS transportType=WWAN registrationState=HOME roamingType=NOT_ROAMING accessNetworkTechnology=LTE rejectCause=0 emergencyEnabled=false availableServices=[DATA] cellIdentity=CellIdentityLte:{ mCi=1****11 mPci=191 mTac=1***3 mEarfcn=550 mBands=[] mBandwidth=2147483647 mMcc=220 mMnc=01 mAlphaLong=Yettel mAlphaShort=Yettel mAdditionalPlmns={} mCsgInfo=null} voiceSpecificInfo=null dataSpecificInfo=android.telephony.DataSpecificRegistrationInfo :{ maxDataCalls = 4 isDcNrRestricted = false isNrAvailable = false isEnDcAvailable = false LteVopsSupportInfo :  mVopsSupport = 2 mEmcBearerSupport = 3 } nrState=**** rRplmn=22001 isUsingCarrierAggregation=false}], mNrFrequencyRange=0, mOperatorAlphaLongRaw=Yettel, mOperatorAlphaShortRaw=Yettel, mIsDataRoamingFromRegistration=false, mIsIwlanPreferred=false}
04-09 23:17:19.179  7080  7224 W NetworkManager_FLP: updateServiceStateChanged, serviceState=0 / isRegistered=true / channel=550 / networkTypeName=LTE / nr=false
04-09 23:17:19.180  7080  7224 I NetworkManager_FLP: Success to update networkStatus, Service=0 / Network=LTE(band=1, ch=550) / MobileData=true, roaming=false / WIFI=false, conn=false / BT=true, conn=false
04-09 23:17:19.180  6678  6983 I PhoneStateTracker<1>: onServiceStateChanged: state={mVoiceRegState=0(IN_SERVICE), mDataRegState=0(IN_SERVICE), mChannelNumber=550, duplexMode()=1, mCellBandwidths=[], mOperatorAlphaLong=Yettel, mOperatorAlphaShort=Yettel, isManualNetworkSelection=false(automatic), getRilVoiceRadioTechnology=14(LTE), getRilDataRadioTechnology=14(LTE), mCssIndicator=unsupported, mNetworkId=*1, mSystemId=*1, mCdmaRoamingIndicator=-1, mCdmaDefaultRoamingIndicator=-1, VoiceRegType=0, Snap=0, MobileData=IN_SERVICE, MobileDataRoamingType=home, MobileDataRat=LTE, PsOnly=false, FemtocellInd=0, SprDisplayRoam=false, OptRadioTech=0, MsimSubmode=0, mIsEmergencyOnly=false, isUsingCarrierAggregation=false, mArfcnRsrpBoost=0, mNetworkRegistrationInfos=[NetworkRegistrationInfo{ domain=CS transportType=WWAN registrationState=HOME roamingType=NOT_ROAMING accessNetworkTechnology=LTE rejectCause=0 emergencyEnabled=false availableServices=[VOICE,SMS,VIDEO] cellIdentity=CellIdentityLte:{ mCi=1****11 mPci=191 mTac=1***3 mEarfcn=550 mBands=[] mBandwidth=2147483647 mMcc=220 mMnc=01 mAlphaLong=Yettel mAlphaShort=Yettel mAdditionalPlmns={} mCsgInfo=null} voiceSpecificInfo=VoiceSpecificRegistrationInfo { mCssSupported=false mRoamingIndicator=0 mSystemIsInPrl=0 mDefaultRoamingIndicator=0} dataSpecificInfo=null nrState=**** rRplmn=22001 isUsingCarrierAggregation=false}, NetworkRegistrationInfo{ domain=PS transportType=WWAN registrationState=HOME roamingType=NOT_ROAMING accessNetworkTechnology=LTE rejectCause=0 emergencyEnabled=false availableServices=[DATA] cellIdentity=CellIdentityLte:{ mCi=1****11 mPci=191 mTac=1***3 mEarfcn=550 mBands=[] mBandwidth=2147483647 mMcc=220 mMnc=01 mAlphaLong=Yettel mAlphaShort=Yettel mAdditionalPlmns={} mCsgInfo=null} voiceSpecificInfo=null dataSpecificInfo=android.telephony.DataSpecificRegistrationInfo :{ maxDataCalls = 4 isDcNrRestricted = false isNrAvailable = false isEnDcAvailable = false LteVopsSupportInfo :  mVopsSupport = 2 mEmcBearerSupport = 3 } nrState=**** rRplmn=22001 isUsingCarrierAggregation=false}], mNrFrequencyRange=0, mOperatorAlphaLongRaw=Yettel, mOperatorAlphaShortRaw=Yettel, mIsDataRoamingFromRegistration=false, mIsIwlanPreferred=false}Changed=
04-09 23:17:19.180  6678  6983 I PdnController<1>: notifyDataConnectionState
04-09 23:17:19.180  6678  6983 I PdnController<1>: initialize PendedEPDGWeakSignal flag
04-09 23:17:19.180  6678  6983 I PdnController<1>: setPendedEPDGWeakSignal
04-09 23:17:19.181  6284  6373 D MobileStatusTracker(1/2): onServiceStateChanged voiceState=0 dataState=0
04-09 23:17:19.181  6678  6983 I PdnController<1>: notifyDataConnectionState: needNotify=false networkType=13 isEpdgConnected=false dataNetType=13=>13 dataRegState=0=>0
04-09 23:17:19.181  6678  6983 I PhoneStateTracker<1>: notifySnapshotState: snapshotState=0 old=0
04-09 23:17:19.183  6678  6983 E GlobalSettingsRepoBase: globalgcsettings No matched key : separate_vo5g_icon
04-09 23:17:19.184  6678  6983 I GeolocationCon: handleMessage : what = SERVICE_STATE_CHANGED
04-09 23:17:19.184  6284  6284 D Tile.AirplaneModeTile: onReceive android.intent.action.SERVICE_STATE
04-09 23:17:19.185  6284  6284 D MultiSIMController: onReceive() - action = android.intent.action.SERVICE_STATE
04-09 23:17:19.185  6284  6284 D KeyguardUpdateMonitor: received broadcast android.intent.action.SERVICE_STATE
