04-27 20:22:31.801  5429  8526 D ApplicationPolicy: isStatusBarNotificationAllowedAsUser: packageName = com.android.systemui,userId = -1
04-27 20:22:31.802  5429  8526 D ApplicationPolicy: isStatusBarNotificationAllowedAsUser: converting userId from USER_ALLto 0
04-27 20:22:31.813  5878  5878 D PowerUI : Battery swelling mode - priorBatterySwellingMode = 0 mBatterySwellingMode = 0 mBatteryStatus = 2
04-27 20:22:31.813  5878  5878 I PowerUI : mBatteryMiscEvent = 65536
04-27 20:22:31.814  5878  5878 D KeyguardUpdateMonitor: received broadcast android.intent.action.BATTERY_CHANGED
04-27 20:22:31.815  5878  5878 D SamsungBatteryMeterDrawable: onBatteryLevelChanged isSomethingChanged: false
04-27 20:22:31.815  5878  5878 D SamsungBatteryMeterDrawable: onBatteryLevelChanged isSomethingChanged: false
04-27 20:22:31.816  5878  5878 D SamsungBatteryMeterDrawable: onBatteryLevelChanged isSomethingChanged: false
04-27 20:22:31.817  5878  5878 D SamsungBatteryMeterDrawable: onBatteryLevelChanged isSomethingChanged: false
04-27 20:22:31.817  5878  5878 I AODBatteryManager: updateBatteryData: ACTION_BATTERY_CHANGED
04-27 20:22:31.822  5878  5878 I AODBatteryManager: saveBatteryData : AOD BatteryData [mBatteryLevel=73, mBatteryStatus=CHARGING, mBatteryPlugType=USB, mBatteryPlugged=true, mRemainingChargeTime=2592000, mBatteryChargingType=2, mBatteryChargerType=FAST, mBatteryOnline=NOT_DEFINED, mBatterySwellingMode=NONE, mBatteryProtectMode=false]
04-27 20:22:31.824  5878  5878 I ChargingInfoManager: updateChargingInfo: newState = AOD ChargingInfo [mState=BATTERY_AND_REMAIN_TIME, mIsCharging=true, mIsFullyCharged=false, mIsBatteryProtectMode=false], oldState = AOD ChargingInfo [mState=BATTERY_AND_REMAIN_TIME, mIsCharging=true, mIsFullyCharged=false, mIsBatteryProtectMode=false]
04-27 20:22:31.828  5878  5878 D KeyguardUpdateMonitor: handleBatteryUpdate
04-27 20:22:31.835  5878  5878 D KeyguardSecIndicationController: addIndicationTimeout() returned - unlocking
04-27 20:22:31.835  5878  5878 D KeyguardSecIndicationController: addIndication() returned - unlocking
04-27 20:22:31.836  5878  5878 D KeyguardSecIndicationPolicy:  remove Item pos = DEFAULT, type =           OWNER_INFO
04-27 20:22:31.836  5878  5878 D KeyguardSecIndicationController: addBatteryAndOwnerInfoIndication() battery status = BatteryStatus{status=2,level=73,plugged=2,health=2,maxChargingWattage=-1,remaining=2592000ultraFastCharger=1}
04-27 20:22:31.836  5878  5878 I ChargingInfoView: handleMessage: MSG_SHOW_CHARGING_INFO
04-27 20:22:31.836  5878  5878 I ChargingInfoView: updateContents: BATTERY_AND_REMAIN_TIME
04-27 20:22:31.836  5878  5878 I ChargingInfoView: handleMessage: MSG_SHOW_CHARGING_INFO
04-27 20:22:31.837  5878  5878 I ChargingInfoView: updateContents: BATTERY_AND_REMAIN_TIME
04-27 20:22:32.022  5095  5095 I SurfaceFlinger: SFWD update time=22061215754257
04-27 20:22:32.028  5785  5785 I FreeformContainer: [SmartPopupViewService] onNotificationPosted: StatusBarNotification(pkg=com.android.systemui user=UserHandle{-1} id=2131428972 tag=charging_state key=-1|com.android.systemui|2131428972|charging_state|10054: Notification(channel=CHR shortcut=null contentView=null vibrate=null sound=null defaults=0x0 flags=0xa color=0xff5075a1 category=sys groupKey=CHARGING vis=PUBLIC semFlags=0x0 semPriority=0 semMissedCount=0))
04-27 20:22:32.028  5785  5785 V FreeformContainer: [SmartPopupViewService] isSmartPopupViewTarget: com.android.systemui is not enabled
04-27 20:22:32.028  6323  6323 I Launcher.NotificationListener: onNotificationPosted : com.android.systemui number : 0
04-27 20:22:32.040  5878  5878 D PluginAODManager: onNotificationInfoUpdated() 0
04-27 20:22:32.041  5878  5878 I AODNotificationManager: updateVisibleNotifications: 0
04-27 20:22:32.041  5878  5878 I a       : updateStatusBarNotifications: open
04-27 20:22:32.041  5878  5878 I a       : updateStatusBarNotifications: open
04-27 20:22:32.041  9209  9748 I NotificationPipeline: Processing new notification: -1|com.android.systemui|2131428972|charging_state|10054
04-27 20:22:32.042  9209  9748 W Notification4Heart_NB: NotificationBridgeCallback.onNotificationPosted-Ignored package : [-1] com.android.systemui
04-27 20:22:32.231  5878  5878 D BubblesManager: onEntryUpdated : shouldBubbleUp=false ,key=-1|com.android.systemui|2131428972|charging_state|10054
04-27 20:22:32.260  5878  5878 I FaceWidgetPositionAlgorithm: getClockContainerHeight() supplier = 270, bottom margin = 0, real height = 333
04-27 20:22:32.261  5878  5878 I FaceWidgetPositionAlgorithm: getClockContainerHeight() supplier = 270, bottom margin = 63, real height = 333
04-27 20:22:32.261  5878  5878 I FaceWidgetPositionAlgorithm: getMediaContainerHeight() height = 0 container Visibility = 8, isValid = false, mIsDozing = false, fraction = 1.0, source = 0, target = 0
04-27 20:22:32.262  5878  5878 I FaceWidgetPositionAlgorithm: getMediaContainerHeight() supplier = 0
04-27 20:22:32.273  5878  5878 D PluginAODManager: onNotificationInfoUpdated() 0
04-27 20:22:32.274  5878  5878 I AODNotificationManager: updateVisibleNotifications: 0
04-27 20:22:32.274  5878  5878 I a       : updateStatusBarNotifications: open
04-27 20:22:32.274  5878  5878 I a       : updateStatusBarNotifications: open
04-27 20:22:32.345  5878  5878 I FaceWidgetPositionAlgorithm: getClockContainerHeight() supplier = 270, bottom margin = 0, real height = 333
04-27 20:22:32.346  5878  5878 I FaceWidgetPositionAlgorithm: getClockContainerHeight() supplier = 270, bottom margin = 63, real height = 333
04-27 20:22:32.346  5878  5878 I FaceWidgetPositionAlgorithm: getMediaContainerHeight() height = 0 container Visibility = 8, isValid = false, mIsDozing = false, fraction = 1.0, source = 0, target = 0
04-27 20:22:32.347  5878  5878 I FaceWidgetPositionAlgorithm: getMediaContainerHeight() supplier = 0
04-27 20:22:32.420  5878  5878 I FaceWidgetPositionAlgorithm: getClockContainerHeight() supplier = 270, bottom margin = 0, real height = 333
04-27 20:22:32.420  5878  5878 I FaceWidgetPositionAlgorithm: getClockContainerHeight() supplier = 270, bottom margin = 63, real height = 333
04-27 20:22:32.420  5878  5878 I FaceWidgetPositionAlgorithm: getMediaContainerHeight() height = 0 container Visibility = 8, isValid = false, mIsDozing = false, fraction = 1.0, source = 0, target = 0
04-27 20:22:32.420  5878  5878 I FaceWidgetPositionAlgorithm: getMediaContainerHeight() supplier = 0
04-27 20:22:32.425  5878  5878 D PluginAODManager: onNotificationInfoUpdated() 0
04-27 20:22:32.426  5878  5878 I AODNotificationManager: updateVisibleNotifications: 0
04-27 20:22:32.426  5878  5878 I a       : updateStatusBarNotifications: open
04-27 20:22:32.426  5878  5878 I a       : updateStatusBarNotifications: open
04-27 20:22:32.452 26164 26173 I _benchmark.test: Background concurrent copying GC freed 1548210(34MB) AllocSpace objects, 0(0B) LOS objects, 49% free, 21MB/42MB, paused 182us,171us total 109.906ms
04-27 20:22:34.001  5429  7411 D SemWifiUsabilityStatsMonitor: onWifiUsabilityStats - seqNum 3924, isSameBssidAndFreq true
04-27 20:22:34.004  5429  5717 I SemWifiLinkQualityMonitor: Link Qos Query: 0.111 ms / 72.000 Mbps (72 / 0.000 / 1.000)
04-27 20:22:35.982  5787  5801 I m.android.phone: Background concurrent copying GC freed 135606(8970KB) AllocSpace objects, 4(128KB) LOS objects, 49% free, 8669KB/16MB, paused 257us,125us total 195.089ms
04-27 20:22:36.823  5878  5878 D SecPowerUI.Notification: showChargingNotice oldChargingType : 11 / currentChargingType : 11, oldChargingTime : 2592000 / mChargingTime : 2592000
04-27 20:22:36.823  5878  5878 D SecPowerUI.Notification: There is no change about charging status, so return!
04-27 20:22:37.025  5429  7411 D SemWifiUsabilityStatsMonitor: onWifiUsabilityStats - seqNum 3925, isSameBssidAndFreq true
04-27 20:22:37.029  5878  5878 D NetworkController.WifiSignalController: notifyListener: visible=true, connected=true, inetCondition=1, isDefault=true, wifiTestReported=true, receivedInetCondition=-1, hideDuringMobileSwitching=false
04-27 20:22:37.031  5429  5717 I SemWifiLinkQualityMonitor: Link Qos Query: 0.111 ms / 72.000 Mbps (72 / 0.000 / 1.000)
04-27 20:22:37.033  5878  6043 D Tile.WifiTile: handleUpdateState isTransient=false transientEnabling =false cb.isTransient=false state.state = 2 mStateBeforeClick.value =false enabled =true
04-27 20:22:40.048  5429  7411 D SemWifiUsabilityStatsMonitor: onWifiUsabilityStats - seqNum 3926, isSameBssidAndFreq true
04-27 20:22:40.052  5878  5878 D NetworkController.WifiSignalController: notifyListener: visible=true, connected=true, inetCondition=1, isDefault=true, wifiTestReported=true, receivedInetCondition=-1, hideDuringMobileSwitching=false
04-27 20:22:40.054  5878  6043 D Tile.WifiTile: handleUpdateState isTransient=false transientEnabling =false cb.isTransient=false state.state = 2 mStateBeforeClick.value =false enabled =true
04-27 20:22:40.054  5429  5717 I SemWifiLinkQualityMonitor: Link Qos Query: 0.111 ms / 72.000 Mbps (72 / 0.000 / 1.000)
04-27 20:22:41.790  5429  5429 D PhoneWindowManagerExt: ACTION_BATTERY_CHANGED - Level=73, status=2
04-27 20:22:41.792  5067  5067 E sehhealth-service: Could not open /sys/class/power_supply/battery/lrp
04-27 20:22:41.792  5429  5602 D MotionRecognitionService: [SAR]  onReceive : ACTION_BATTERY_CHANGED, Plugged: 2
04-27 20:22:41.796  5787  5787 D SemBigDataInfoController: Intent: android.intent.action.BATTERY_CHANGED
04-27 20:22:41.799  5878  5878 I PowerUI : mBootCompleted = true |  mFullyConnected = true
04-27 20:22:41.799  5878  5878 W PowerUI : Plug reason
04-27 20:22:41.800  5878  5878 W PowerUI : Skip charging animation - by plug status
04-27 20:22:41.800  5878  5878 D PowerUI : priorPlugType = 2 mPlugType = 2 priorBatteryStatus = 2 mBatteryStatus = 2
04-27 20:22:41.800  5878  5878 W PowerUI : Plug reason
04-27 20:22:41.800  5878  5878 W PowerUI : Skip charging sound - by plug status
04-27 20:22:41.800  5878  5878 I PowerUI : oldMisalign : false, curMisalign : false
04-27 20:22:41.800  5429  5429 D SemWifiApBroadcastReceiver: Received : android.intent.action.BATTERY_CHANGED
04-27 20:22:41.803  5878  6757 D SecPowerUI.Notification: dismissing low battery warning: level=73
04-27 20:22:41.803  5878  6757 D SecPowerUI.Notification: updateNotification mWarning=false mPlaySound=false
04-27 20:22:41.803  5878  6757 D SecPowerUI.Notification: SecBatteryStatsSnapshot{batteryLevel=73, currentBatteryMode=0, chargingTime=2592000, chargingType=11, batteryHealth=2, automaticTestMode=false, isHiccupState=false}
04-27 20:22:41.804  5878  5878 D SecPowerUI.Notification: showChargingNotice oldChargingType : 11 / currentChargingType : 11, oldChargingTime : 2592000 / mChargingTime : 2592000
04-27 20:22:41.804  5878  5878 D SecPowerUI.Notification: There is no change about charging status, so return!
04-27 20:22:41.804  5878  5878 D PowerUI : Battery swelling mode - priorBatterySwellingMode = 0 mBatterySwellingMode = 0 mBatteryStatus = 2
04-27 20:22:41.804  5878  5878 I PowerUI : mBatteryMiscEvent = 65536
04-27 20:22:41.805  5878  6757 D SecPowerUI.Notification: 1. restoreScreenTimeOut - saved_value : :
04-27 20:22:41.805  5878  6757 E SecPowerUI.Notification: no saved value, so we do nothing !!
04-27 20:22:41.805  5878  5878 D KeyguardUpdateMonitor: received broadcast android.intent.action.BATTERY_CHANGED
04-27 20:22:41.806  5787  5787 D SemBigDataInfoController: Intent: android.intent.action.BATTERY_CHANGED
04-27 20:22:41.808  5878  5878 D SamsungBatteryMeterDrawable: onBatteryLevelChanged isSomethingChanged: false
04-27 20:22:41.809  5878  5878 D SamsungBatteryMeterDrawable: onBatteryLevelChanged isSomethingChanged: false
04-27 20:22:41.809  5878  5878 D SamsungBatteryMeterDrawable: onBatteryLevelChanged isSomethingChanged: false
04-27 20:22:41.815  5878  5878 D SamsungBatteryMeterDrawable: onBatteryLevelChanged isSomethingChanged: false
04-27 20:22:41.816  5878  5878 D KeyguardUpdateMonitor: handleBatteryUpdate
04-27 20:22:41.817  5878  5878 I AODBatteryManager: updateBatteryData: ACTION_BATTERY_CHANGED
04-27 20:22:41.819  5878  5878 I AODBatteryManager: saveBatteryData : AOD BatteryData [mBatteryLevel=73, mBatteryStatus=CHARGING, mBatteryPlugType=USB, mBatteryPlugged=true, mRemainingChargeTime=2592000, mBatteryChargingType=2, mBatteryChargerType=FAST, mBatteryOnline=NOT_DEFINED, mBatterySwellingMode=NONE, mBatteryProtectMode=false]
04-27 20:22:43.092  5429  7411 D SemWifiUsabilityStatsMonitor: onWifiUsabilityStats - seqNum 3927, isSameBssidAndFreq true
04-27 20:22:43.100  5878  5878 D NetworkController.WifiSignalController: notifyListener: visible=true, connected=true, inetCondition=1, isDefault=true, wifiTestReported=true, receivedInetCondition=-1, hideDuringMobileSwitching=false
04-27 20:22:43.100  5429  5717 I SemWifiLinkQualityMonitor: Link Qos Query: 0.111 ms / 72.000 Mbps (72 / 0.000 / 1.000)
04-27 20:22:43.102  5878  6043 D Tile.WifiTile: handleUpdateState isTransient=false transientEnabling =false cb.isTransient=false state.state = 2 mStateBeforeClick.value =false enabled =true
04-27 20:22:44.263  6118  9368 D BluetoothAdapterService: getBondedDevices, remove custom devices:
04-27 20:22:46.143  5429  7411 D SemWifiUsabilityStatsMonitor: onWifiUsabilityStats - seqNum 3928, isSameBssidAndFreq true
04-27 20:22:46.147  5878  5878 D NetworkController.WifiSignalController: notifyListener: visible=true, connected=true, inetCondition=1, isDefault=true, wifiTestReported=true, receivedInetCondition=-1, hideDuringMobileSwitching=false
04-27 20:22:46.149  5429  5717 I SemWifiLinkQualityMonitor: Link Qos Query: 0.111 ms / 72.000 Mbps (72 / 0.000 / 1.000)
04-27 20:22:46.149  5878  6043 D Tile.WifiTile: handleUpdateState isTransient=false transientEnabling =false cb.isTransient=false state.state = 2 mStateBeforeClick.value =false enabled =true
04-27 20:22:46.370 26164 26173 I _benchmark.test: Background concurrent copying GC freed 688375(15MB) AllocSpace objects, 0(0B) LOS objects, 49% free, 8188KB/15MB, paused 5.781ms,115us total 34.786ms
04-27 20:22:46.808  5878  5878 D SecPowerUI.Notification: showChargingNotice oldChargingType : 11 / currentChargingType : 11, oldChargingTime : 2592000 / mChargingTime : 2592000
04-27 20:22:46.808  5878  5878 D SecPowerUI.Notification: There is no change about charging status, so return!
04-27 20:22:46.966 19664 19868 I nightwatch-target: monitor resources last 600 iteration: 300696 msec
04-27 20:22:47.255  5429   550 D TrafficStats: tagSocket(869) with statsTag=0xffffffff, statsUid=-1
04-27 20:22:47.260  5429   550 D TrafficStats: tagSocket(905) with statsTag=0xffffffff, statsUid=-1
04-27 20:22:47.465  5429   550 D WifiConnectivityMonitor.DnsThread:  [|210] []
04-27 20:22:47.466  5429  5738 D WifiConnectivityMonitor.NetworkStatsAnalyzer: DNS resultType : 0, responseTime : 210
04-27 20:22:47.467  5429  5736 D OpenNetworkQos[4.00]: updateBssidLatestDnsResultType - result: 0
04-27 20:22:47.468  5429  5736 D OpenNetworkQos[4.00]: updateBssidNoInternet: mBssidNoInternet = false
04-27 20:22:47.468  5429  5736 D OpenNetworkQos[4.00]: getOpenNetworkQosNoInternetStatus: false
04-27 20:22:47.468  5429  5736 D OpenNetworkQos[4.00]: getOpenNetworkQosScores: 26 25 0
04-27 20:22:47.469  5429  5736 I WifiProfileShare: network QoS data was changed (internet), updateQoSData networkType: true, qosData: false
04-27 20:22:47.470  5429  7167 V WifiProfileShare.Caster: update wips network, size: 0
04-27 20:22:47.471  5429  7167 D WifiProfileShare: nearby scanning settings run
04-27 20:22:47.471  5429  7167 D WifiProfileShare: network score provider settings enabled
04-27 20:22:47.471  5429  7167 D OpenNetworkQos[4.00]: getOpenNetworkQosScores: 26 25 0
04-27 20:22:47.471  5429  7167 D OpenNetworkQos[4.00]: getOpenNetworkQosNoInternetStatus: false
04-27 20:22:47.472  5429  7167 I WifiProfileShare.Caster: current network type: 0, score: [26, 25, 0]
04-27 20:22:47.472  5429  7167 V WifiProfileShare.Cache: update network score 0c:8d:db:**:**:7d
04-27 20:22:47.473  5429  7167 D WifiProfileShare.ScanMatcher: getMcfDataList size:20
04-27 20:22:47.473  5429  7167 I WifiProfileShare.Caster: qos data was updated , before:type:QOS, pBssid:e8:51:71, qosData:78 after:type:QOS, pBssid:e8:51:71, qosData:78
04-27 20:22:47.476  5429  7167 I [MCFSDK_android_1.2.4010]_4_b: isNetworkEnabled - type : 1 ret : true
04-27 20:22:47.476  5429  7167 D WifiProfileShare.McfCast: -ME--- mIsNetworkEnabled :true
04-27 20:22:47.476  5429  7167 D WifiProfileShare.McfCast: updateQoSData ignored, same contents
04-27 20:22:47.476  5429  7167 D WifiProfileShare.MCF: success update QosData !
04-27 20:22:47.479  5429  7167 I [MCFSDK_android_1.2.4010]_4_b: isNetworkEnabled - type : 1 ret : true
04-27 20:22:47.479  5429  7167 D WifiProfileShare.McfCast: -ME--- mIsNetworkEnabled :true
04-27 20:22:47.479  5429  7167 D WifiProfileShare.McfCast: -ME--- updatePasswordDate pwdData size:20
04-27 20:22:49.177  5429  7411 D SemWifiUsabilityStatsMonitor: onWifiUsabilityStats - seqNum 3929, isSameBssidAndFreq true
04-27 20:22:49.185  5429  5717 I SemWifiLinkQualityMonitor: Link Qos Query: 0.111 ms / 72.000 Mbps (72 / 0.000 / 1.000)
04-27 20:22:51.655  4899  4899 E audit   : type=1400 audit(1682619771.647:17887): avc:  denied  { getattr } for  pid=5429 comm="BinderProcsColl" path="/sys/kernel/debug/binder/proc/5429" dev="debugfs" ino=28624 scontext=u:r:system_server:s0 tcontext=u:object_r:sec_debugfs:s0 tclass=file permissive=0 SEPF_SM-A515F_13_0001 audit_filtered
04-27 20:22:51.655  4899  4899 E audit   : type=1300 audit(1682619771.647:17887): arch=c00000b7 syscall=79 success=no exit=-13 a0=ffffff9c a1=77704a3d10 a2=768437b680 a3=0 items=0 ppid=4924 pid=5429 auid=4294967295 uid=1000 gid=1000 euid=1000 suid=1000 fsuid=1000 egid=1000 sgid=1000 fsgid=1000 tty=(none) ses=4294967295 comm="BinderProcsColl" exe="/system/bin/app_process64" subj=u:r:system_server:s0 key=(null)
04-27 20:22:51.655  4899  4899 E audit   : type=1327 audit(1682619771.647:17887): proctitle="system_server"
04-27 20:22:51.801  5429  5602 D MotionRecognitionService: [SAR]  onReceive : ACTION_BATTERY_CHANGED, Plugged: 2
04-27 20:22:51.805  5067  5067 E sehhealth-service: Could not open /sys/class/power_supply/battery/lrp
04-27 20:22:51.807  5787  5787 D SemBigDataInfoController: Intent: android.intent.action.BATTERY_CHANGED
04-27 20:22:51.807  5787  5787 D SemBigDataInfoController: Intent: android.intent.action.BATTERY_CHANGED
04-27 20:22:51.809  5878  5878 I PowerUI : mBootCompleted = true |  mFullyConnected = true
04-27 20:22:51.810  5878  5878 W PowerUI : Plug reason
04-27 20:22:51.810  5878  5878 W PowerUI : Skip charging animation - by plug status
04-27 20:22:51.810  5878  5878 D PowerUI : priorPlugType = 2 mPlugType = 2 priorBatteryStatus = 2 mBatteryStatus = 2
04-27 20:22:51.810  5878  5878 W PowerUI : Plug reason
04-27 20:22:51.810  5878  7399 D SecPowerUI.Notification: dismissing low battery warning: level=74
04-27 20:22:51.810  5878  7399 D SecPowerUI.Notification: updateNotification mWarning=false mPlaySound=false
04-27 20:22:51.811  5878  7399 D SecPowerUI.Notification: SecBatteryStatsSnapshot{batteryLevel=74, currentBatteryMode=0, chargingTime=2592000, chargingType=11, batteryHealth=2, automaticTestMode=false, isHiccupState=false}
04-27 20:22:51.812  5878  5878 W PowerUI : Skip charging sound - by plug status
04-27 20:22:51.812  5878  5878 I PowerUI : oldMisalign : false, curMisalign : false
04-27 20:22:51.813  5878  7399 D SecPowerUI.Notification: 1. restoreScreenTimeOut - saved_value : :
04-27 20:22:51.813  5878  7399 E SecPowerUI.Notification: no saved value, so we do nothing !!
04-27 20:22:51.815  5878  5878 D SecPowerUI.Notification: showChargingNotice oldChargingType : 11 / currentChargingType : 11, oldChargingTime : 2592000 / mChargingTime : 2585000
04-27 20:22:51.815  5878  5878 D SecPowerUI.Notification: showChargingNotification()
04-27 20:22:51.815  5878  5878 D SecPowerUI.Notification: SecBatteryStatsSnapshot{batteryLevel=74, currentBatteryMode=0, chargingTime=2585000, chargingType=11, batteryHealth=2, automaticTestMode=false, isHiccupState=false}
04-27 20:22:51.829  5429  5429 D PhoneWindowManagerExt: ACTION_BATTERY_CHANGED - Level=74, status=2
04-27 20:22:51.832  5429  5429 D SemWifiApBroadcastReceiver: Received : android.intent.action.BATTERY_CHANGED
04-27 20:22:51.833  5429  8526 D ApplicationPolicy: isStatusBarNotificationAllowedAsUser: packageName = com.android.systemui,userId = 0
04-27 20:22:51.834  5429  8526 D ApplicationPolicy: isStatusBarNotificationAllowedAsUser: packageName = com.android.systemui,userId = -1
04-27 20:22:51.834  5429  8526 D ApplicationPolicy: isStatusBarNotificationAllowedAsUser: converting userId from USER_ALLto 0
04-27 20:22:51.836  5878  5878 D PowerUI : Battery swelling mode - priorBatterySwellingMode = 0 mBatterySwellingMode = 0 mBatteryStatus = 2
04-27 20:22:51.837  5878  5878 I PowerUI : mBatteryMiscEvent = 65536
04-27 20:22:51.837  5878  5878 D KeyguardUpdateMonitor: received broadcast android.intent.action.BATTERY_CHANGED
04-27 20:22:51.838  5878  5878 D SamsungBatteryMeterDrawable: onBatteryLevelChanged isSomethingChanged: true
04-27 20:22:51.839  5878  5878 D SamsungBatteryMeterDrawable: onBatteryLevelChanged isSomethingChanged: true
04-27 20:22:51.848  5878  5878 D SamsungBatteryMeterDrawable: onBatteryLevelChanged isSomethingChanged: true
04-27 20:22:51.849  5878  5878 D SamsungBatteryMeterDrawable: onBatteryLevelChanged isSomethingChanged: true
04-27 20:22:51.850  5878  5878 I AODBatteryManager: updateBatteryData: ACTION_BATTERY_CHANGED
04-27 20:22:51.855  5878  5878 I AODBatteryManager: saveBatteryData : AOD BatteryData [mBatteryLevel=74, mBatteryStatus=CHARGING, mBatteryPlugType=USB, mBatteryPlugged=true, mRemainingChargeTime=2585000, mBatteryChargingType=2, mBatteryChargerType=FAST, mBatteryOnline=NOT_DEFINED, mBatterySwellingMode=NONE, mBatteryProtectMode=false]
04-27 20:22:51.855  5878  5878 I ChargingInfoManager: updateChargingInfo: newState = AOD ChargingInfo [mState=BATTERY_AND_REMAIN_TIME, mIsCharging=true, mIsFullyCharged=false, mIsBatteryProtectMode=false], oldState = AOD ChargingInfo [mState=BATTERY_AND_REMAIN_TIME, mIsCharging=true, mIsFullyCharged=false, mIsBatteryProtectMode=false]
04-27 20:22:51.860  5878  5878 D KeyguardUpdateMonitor: handleBatteryUpdate
04-27 20:22:51.864  5878  5878 D KeyguardSecIndicationController: addIndicationTimeout() returned - unlocking
04-27 20:22:51.864  5878  5878 D KeyguardSecIndicationController: addIndication() returned - unlocking
04-27 20:22:51.864  5878  5878 D KeyguardSecIndicationPolicy:  remove Item pos = DEFAULT, type =           OWNER_INFO
04-27 20:22:51.866  5878  5878 D KeyguardSecIndicationController: addBatteryAndOwnerInfoIndication() battery status = BatteryStatus{status=2,level=74,plugged=2,health=2,maxChargingWattage=-1,remaining=2585000ultraFastCharger=1}
04-27 20:22:51.875  5878  5878 I FaceWidgetPositionAlgorithm: getClockContainerHeight() supplier = 270, bottom margin = 0, real height = 333
04-27 20:22:51.875  5878  5878 I FaceWidgetPositionAlgorithm: getClockContainerHeight() supplier = 270, bottom margin = 63, real height = 333
04-27 20:22:51.875  5878  5878 I FaceWidgetPositionAlgorithm: getMediaContainerHeight() height = 0 container Visibility = 8, isValid = false, mIsDozing = false, fraction = 1.0, source = 0, target = 0
04-27 20:22:51.875  5878  5878 I FaceWidgetPositionAlgorithm: getMediaContainerHeight() supplier = 0
04-27 20:22:51.877  5878  5878 V QsExpandAnimator: setQsExpansionPosition 0.0
04-27 20:22:51.883  5878  5878 I ChargingInfoView: handleMessage: MSG_SHOW_CHARGING_INFO
04-27 20:22:51.883  5878  5878 I ChargingInfoView: updateContents: BATTERY_AND_REMAIN_TIME
04-27 20:22:51.883  5878  5878 I ChargingInfoView: handleMessage: MSG_SHOW_CHARGING_INFO
04-27 20:22:51.883  5878  5878 I ChargingInfoView: updateContents: BATTERY_AND_REMAIN_TIME
04-27 20:22:52.044  5785  5785 I FreeformContainer: [SmartPopupViewService] onNotificationPosted: StatusBarNotification(pkg=com.android.systemui user=UserHandle{-1} id=2131428972 tag=charging_state key=-1|com.android.systemui|2131428972|charging_state|10054: Notification(channel=CHR shortcut=null contentView=null vibrate=null sound=null defaults=0x0 flags=0xa color=0xff5075a1 category=sys groupKey=CHARGING vis=PUBLIC semFlags=0x0 semPriority=0 semMissedCount=0))
04-27 20:22:52.045  5785  5785 V FreeformContainer: [SmartPopupViewService] isSmartPopupViewTarget: com.android.systemui is not enabled
04-27 20:22:52.047  6323  6323 I Launcher.NotificationListener: onNotificationPosted : com.android.systemui number : 0
04-27 20:22:52.053  9209  9748 I NotificationPipeline: Processing new notification: -1|com.android.systemui|2131428972|charging_state|10054
04-27 20:22:52.054  9209  9748 W Notification4Heart_NB: NotificationBridgeCallback.onNotificationPosted-Ignored package : [-1] com.android.systemui
04-27 20:22:52.070  5878  5878 D PluginAODManager: onNotificationInfoUpdated() 0
04-27 20:22:52.071  5878  5878 I AODNotificationManager: updateVisibleNotifications: 0
04-27 20:22:52.071  5878  5878 I a       : updateStatusBarNotifications: open
04-27 20:22:52.071  5878  5878 I a       : updateStatusBarNotifications: open
04-27 20:22:52.228  5429  7411 D SemWifiUsabilityStatsMonitor: onWifiUsabilityStats - seqNum 3930, isSameBssidAndFreq true
04-27 20:22:52.231  5429  5717 I SemWifiLinkQualityMonitor: Link Qos Query: 0.167 ms / 48.000 Mbps (72 / 0.000 / 1.500)
04-27 20:22:52.251  5878  5878 D BubblesManager: onEntryUpdated : shouldBubbleUp=false ,key=-1|com.android.systemui|2131428972|charging_state|10054
04-27 20:22:52.289  5878  5878 I FaceWidgetPositionAlgorithm: getClockContainerHeight() supplier = 270, bottom margin = 0, real height = 333
04-27 20:22:52.289  5878  5878 I FaceWidgetPositionAlgorithm: getClockContainerHeight() supplier = 270, bottom margin = 63, real height = 333
04-27 20:22:52.290  5878  5878 I FaceWidgetPositionAlgorithm: getMediaContainerHeight() height = 0 container Visibility = 8, isValid = false, mIsDozing = false, fraction = 1.0, source = 0, target = 0
04-27 20:22:52.290  5878  5878 I FaceWidgetPositionAlgorithm: getMediaContainerHeight() supplier = 0
04-27 20:22:52.305  5878  5878 D PluginAODManager: onNotificationInfoUpdated() 0
04-27 20:22:52.306  5878  5878 I AODNotificationManager: updateVisibleNotifications: 0
04-27 20:22:52.306  5878  5878 I a       : updateStatusBarNotifications: open
04-27 20:22:52.306  5878  5878 I a       : updateStatusBarNotifications: open
04-27 20:22:52.354  5878  5878 I FaceWidgetPositionAlgorithm: getClockContainerHeight() supplier = 270, bottom margin = 0, real height = 333
04-27 20:22:52.355  5878  5878 I FaceWidgetPositionAlgorithm: getClockContainerHeight() supplier = 270, bottom margin = 63, real height = 333
04-27 20:22:52.356  5878  5878 I FaceWidgetPositionAlgorithm: getMediaContainerHeight() height = 0 container Visibility = 8, isValid = false, mIsDozing = false, fraction = 1.0, source = 0, target = 0
04-27 20:22:52.356  5878  5878 I FaceWidgetPositionAlgorithm: getMediaContainerHeight() supplier = 0
04-27 20:22:52.413  5878  5878 I FaceWidgetPositionAlgorithm: getClockContainerHeight() supplier = 270, bottom margin = 0, real height = 333
04-27 20:22:52.414  5878  5878 I FaceWidgetPositionAlgorithm: getClockContainerHeight() supplier = 270, bottom margin = 63, real height = 333
04-27 20:22:52.414  5878  5878 I FaceWidgetPositionAlgorithm: getMediaContainerHeight() height = 0 container Visibility = 8, isValid = false, mIsDozing = false, fraction = 1.0, source = 0, target = 0
04-27 20:22:52.414  5878  5878 I FaceWidgetPositionAlgorithm: getMediaContainerHeight() supplier = 0
04-27 20:22:52.420  5878  5878 D PluginAODManager: onNotificationInfoUpdated() 0
04-27 20:22:52.420  5878  5878 I AODNotificationManager: updateVisibleNotifications: 0
04-27 20:22:52.420  5878  5878 I a       : updateStatusBarNotifications: open
04-27 20:22:52.420  5878  5878 I a       : updateStatusBarNotifications: open
04-27 20:22:55.270  5429  7411 D SemWifiUsabilityStatsMonitor: onWifiUsabilityStats - seqNum 3931, isSameBssidAndFreq true
04-27 20:22:55.277  5878  5878 D NetworkController.WifiSignalController: notifyListener: visible=true, connected=true, inetCondition=1, isDefault=true, wifiTestReported=true, receivedInetCondition=-1, hideDuringMobileSwitching=false
04-27 20:22:55.277  5429  5717 I SemWifiLinkQualityMonitor: Link Qos Query: 0.167 ms / 48.000 Mbps (72 / 0.000 / 1.500)
04-27 20:22:55.280  5878  6043 D Tile.WifiTile: handleUpdateState isTransient=false transientEnabling =false cb.isTransient=false state.state = 2 mStateBeforeClick.value =false enabled =true
04-27 20:22:56.841  5878  5878 D SecPowerUI.Notification: showChargingNotice oldChargingType : 11 / currentChargingType : 11, oldChargingTime : 2585000 / mChargingTime : 2585000
04-27 20:22:56.842  5878  5878 D SecPowerUI.Notification: There is no change about charging status, so return!
04-27 20:22:58.286  5429  7411 D SemWifiUsabilityStatsMonitor: onWifiUsabilityStats - seqNum 3932, isSameBssidAndFreq true
04-27 20:22:58.288  5429  5717 I SemWifiLinkQualityMonitor: Link Qos Query: 0.167 ms / 48.000 Mbps (72 / 0.000 / 1.500)
04-27 20:22:59.539  5429  8535 D PackageManager: setEnabledSetting : userId = 0 packageName = com.Slack cmp = androidx.work.impl.background.systemalarm.RescheduleReceiver newState = 1 callingPackage = 10329/com.Slack
04-27 20:22:59.540  5429  8535 D ApplicationPolicy: getApplicationStateEnabled : pkg = com.Slack userId : 0
04-27 20:22:59.541  5429  8535 D ApplicationPolicy: getApplicationComponentState : pkg = com.Slack userId : 0
04-27 20:22:59.580  5429  5488 W libprocessgroup: Failed to open /dev/blkio//cgroup.procs: No such file or directory
04-27 20:22:59.605 31104 31177 D ConnectivityManager: StackLog: [android.net.ConnectivityManager.sendRequestForNetwork(ConnectivityManager.java:4191)] [android.net.ConnectivityManager.registerDefaultNetworkCallbackForUid(ConnectivityManager.java:4755)] [android.net.ConnectivityManager.registerDefaultNetworkCallback(ConnectivityManager.java:4722)] [android.net.ConnectivityManager.registerDefaultNetworkCallback(ConnectivityManager.java:4696)] [androidx.work.impl.utils.NetworkApi24.registerDefaultNetworkCallbackCompat(Unknown Source:10)] [androidx.work.impl.constraints.trackers.NetworkStateTracker24.startTracking(Unknown Source:15)] [androidx.work.impl.constraints.controllers.ConstraintController.replace(Unknown Source:130)] [androidx.work.impl.constraints.WorkConstraintsTrackerImpl.replace(Unknown Source:41)] [androidx.work.impl.background.greedy.GreedyScheduler.schedule(Unknown Source:300)] [androidx.work.impl.Schedulers.schedule(Unknown Source:149)] [androidx.work.impl.utils.EnqueueRunnable.run(Unknown Source:53)] [androidx.work.Worker$2.run$androidx$work$impl$utils$SerialExecutorImpl$Task(Unknown Source:4)] [androidx.work.Worker$2.run(Unknown Source:868)] [java.util.concurrent.ThreadPoolExecutor.runWorker(ThreadPoolExecutor.java:1137)] [java.util.concurrent.ThreadPoolExecutor$Worker.run(ThreadPoolExecutor.java:637)] [java.lang.Thread.run(Thread.java:1012)]
04-27 20:22:59.608  5429  8538 D ConnectivityService: requestNetwork for uid/pid:10329/31104 activeRequest: null callbackRequest: 3916 [NetworkRequest [ REQUEST id=3917, [ Capabilities: INTERNET&NOT_RESTRICTED&TRUSTED&NOT_VCN_MANAGED Uid: 10329 RequestorUid: 10329 RequestorPkg: com.Slack UnderlyingNetworks: Null] ]] callback flags: 0 order: 2147483647
04-27 20:22:59.610  5429  5665 D ConnectivityService:    accepting network in place of null
04-27 20:22:59.619  5429  5655 D WifiNetworkFactory: got request NetworkRequest [ REQUEST id=3917, [ Capabilities: INTERNET&NOT_RESTRICTED&TRUSTED&NOT_VCN_MANAGED Uid: 10329 RequestorUid: 10329 RequestorPkg: com.Slack UnderlyingNetworks: Null] ]
04-27 20:22:59.620  5429  5655 D UntrustedWifiNetworkFactory: got request NetworkRequest [ REQUEST id=3917, [ Capabilities: INTERNET&NOT_RESTRICTED&TRUSTED&NOT_VCN_MANAGED Uid: 10329 RequestorUid: 10329 RequestorPkg: com.Slack UnderlyingNetworks: Null] ]
04-27 20:22:59.621  5429  5655 D OemPaidWifiNetworkFactory: got request NetworkRequest [ REQUEST id=3917, [ Capabilities: INTERNET&NOT_RESTRICTED&TRUSTED&NOT_VCN_MANAGED Uid: 10329 RequestorUid: 10329 RequestorPkg: com.Slack UnderlyingNetworks: Null] ]
04-27 20:22:59.622  5429  5655 D MultiInternetWifiNetworkFactory: got request NetworkRequest [ REQUEST id=3917, [ Capabilities: INTERNET&NOT_RESTRICTED&TRUSTED&NOT_VCN_MANAGED Uid: 10329 RequestorUid: 10329 RequestorPkg: com.Slack UnderlyingNetworks: Null] ]
04-27 20:22:59.622  5429  5665 D ConnectivityService: Rematched networks [computed 1ms] [applied 1ms] [issued 11]
04-27 20:22:59.622  5429  5665 D ConnectivityService: NetworkReassignment :
04-27 20:22:59.622  5429  5665 D ConnectivityService:   3917 : null → 108
04-27 20:22:59.641 31104 31104 D ConnectivityManager: StackLog: [android.net.ConnectivityManager.unregisterNetworkCallback(ConnectivityManager.java:4863)] [androidx.work.impl.utils.NetworkApi21.unregisterNetworkCallbackCompat(Unknown Source:10)] [androidx.work.impl.constraints.trackers.NetworkStateTracker24.stopTracking(Unknown Source:15)] [androidx.work.impl.constraints.trackers.ConstraintTracker.removeListener(Unknown Source:24)] [androidx.work.impl.constraints.controllers.ConstraintController.replace(Unknown Source:81)] [androidx.work.impl.constraints.WorkConstraintsTrackerImpl.replace(Unknown Source:41)] [androidx.work.impl.background.greedy.GreedyScheduler.onExecuted(Unknown Source:55)] [androidx.work.impl.Processor.onExecuted(Unknown Source:59)] [com.bugsnag.android.DeliveryDelegate$1.run(Unknown Source:212)]
04-27 20:22:59.644  5429  5665 D ConnectivityService:  Removing from current network [108 WIFI], leaving 152 requests.
04-27 20:23:00.016  5878  5878 D KeyguardUpdateMonitor: received broadcast android.intent.action.TIME_TICK
04-27 20:23:00.022  5878  6453 D QSClockBellTower: onReceive(android.intent.action.TIME_TICK) mTimeZoneString:null
04-27 20:23:00.027  5878  5878 D KeyguardUpdateMonitor: handleTimeUpdate
04-27 20:23:00.029  5878  5878 D FaceWidgetPagesController: onTimeChanged()
04-27 20:23:00.044  5878  5878 D QSClockBellTower: He is ready to ring the bell. (((QSClockBellSound - TimeText:20:23, TimeContentDescription:20:23, DateText:Thu, 27 April, ShortDateText:Thu, 27 Apr, Demo:false, QuickStar-Second(false|12:34:56))))
04-27 20:23:00.045  5878  5878 D QSClockIndicatorView: Home Indicator status_bar_clock 20:23 notifyTimeChanged(QSClockBellSound - TimeText:20:23, TimeContentDescription:20:23, DateText:Thu, 27 April, ShortDateText:Thu, 27 Apr, Demo:false, QuickStar-Second(false|12:34:56)) ClockVisibleByPolicy:true, ClockVisibleByUser:true, visible?false, parent:android.widget.LinearLayout{fc169f7 V.E...... ........ 0,0-0,55 #7f0b04f0 app:id/left_clock_container}
04-27 20:23:00.046  5878  5878 D QSClockBellTower: Everyone heard the bell. run(currentTime:1682619780041,   getTime():Thu Apr 27 20:23:00 GMT+02:00 2023,   getTimeZone():libcore.util.ZoneInfo[mDstSavings=3600000,mUseDst=true,mDelegate=[id="Europe/Belgrade",mRawOffset=3600000,mEarliestRawOffset=4920000,transitions=119]])
04-27 20:23:00.059  5878  5878 I FaceWidgetPositionAlgorithm: getClockContainerHeight() supplier = 270, bottom margin = 0, real height = 333
04-27 20:23:00.060  5878  5878 I FaceWidgetPositionAlgorithm: getClockContainerHeight() supplier = 270, bottom margin = 63, real height = 333
04-27 20:23:00.060  5878  5878 I FaceWidgetPositionAlgorithm: getMediaContainerHeight() height = 0 container Visibility = 8, isValid = false, mIsDozing = false, fraction = 1.0, source = 0, target = 0
04-27 20:23:00.060  5878  5878 I FaceWidgetPositionAlgorithm: getMediaContainerHeight() supplier = 0
04-27 20:23:00.064  5878  5878 V QsExpandAnimator: setQsExpansionPosition 0.0
04-27 20:23:00.074  5878  5878 V QsExpandAnimator: updateAnimators
04-27 20:23:00.074  5878  5878 V QsExpandAnimator: clearAnimationState
04-27 20:23:00.075  5878  5878 V QsExpandAnimator: updateViews
04-27 20:23:00.079  5878  5878 V QsExpandAnimator: updateTileAnimator
04-27 20:23:00.082  5878  5878 V QsExpandAnimator: updateHeaderAnimator
04-27 20:23:00.083  5878  5878 V QsExpandAnimator: updateBarAnimator
04-27 20:23:00.083  5878  5878 V QsExpandAnimator: setQsExpansionPosition 0.0
04-27 20:23:00.084  5878  5878 V QsExpandAnimator: onAnimationAtStart
04-27 20:23:01.320  5429  7411 D SemWifiUsabilityStatsMonitor: onWifiUsabilityStats - seqNum 3933, isSameBssidAndFreq true
04-27 20:23:01.325  5878  5878 D NetworkController.WifiSignalController: notifyListener: visible=true, connected=true, inetCondition=1, isDefault=true, wifiTestReported=true, receivedInetCondition=-1, hideDuringMobileSwitching=false
04-27 20:23:01.327  5878  6043 D Tile.WifiTile: handleUpdateState isTransient=false transientEnabling =false cb.isTransient=false state.state = 2 mStateBeforeClick.value =false enabled =true
04-27 20:23:01.327  5429  5717 I SemWifiLinkQualityMonitor: Link Qos Query: 0.222 ms / 36.000 Mbps (72 / 0.000 / 2.000)
04-27 20:23:01.850  5067  5067 E sehhealth-service: Could not open /sys/class/power_supply/battery/lrp
04-27 20:23:01.858  5787  5787 D SemBigDataInfoController: Intent: android.intent.action.BATTERY_CHANGED
04-27 20:23:01.860  5429  5602 D MotionRecognitionService: [SAR]  onReceive : ACTION_BATTERY_CHANGED, Plugged: 2
04-27 20:23:01.862  5429  5429 D PhoneWindowManagerExt: ACTION_BATTERY_CHANGED - Level=74, status=2
04-27 20:23:01.864  5429  5429 D SemWifiApBroadcastReceiver: Received : android.intent.action.BATTERY_CHANGED
04-27 20:23:01.866  5787  5787 D SemBigDataInfoController: Intent: android.intent.action.BATTERY_CHANGED
04-27 20:23:01.869  5878  5878 I PowerUI : mBootCompleted = true |  mFullyConnected = true
04-27 20:23:01.870  5878  5878 W PowerUI : Plug reason
04-27 20:23:01.870  5878  5878 W PowerUI : Skip charging animation - by plug status
04-27 20:23:01.870  5878  5878 D PowerUI : priorPlugType = 2 mPlugType = 2 priorBatteryStatus = 2 mBatteryStatus = 2
04-27 20:23:01.870  5878  5878 W PowerUI : Plug reason
04-27 20:23:01.870  5878  5878 W PowerUI : Skip charging sound - by plug status
04-27 20:23:01.870  5878  7746 D SecPowerUI.Notification: dismissing low battery warning: level=74
04-27 20:23:01.871  5878  7746 D SecPowerUI.Notification: updateNotification mWarning=false mPlaySound=false
04-27 20:23:01.871  5878  7746 D SecPowerUI.Notification: SecBatteryStatsSnapshot{batteryLevel=74, currentBatteryMode=0, chargingTime=2585000, chargingType=11, batteryHealth=2, automaticTestMode=false, isHiccupState=false}
04-27 20:23:01.871  5878  5878 I PowerUI : oldMisalign : false, curMisalign : false
04-27 20:23:01.875  5878  5878 D SecPowerUI.Notification: showChargingNotice oldChargingType : 11 / currentChargingType : 11, oldChargingTime : 2585000 / mChargingTime : 2578000
04-27 20:23:01.875  5878  5878 D SecPowerUI.Notification: showChargingNotification()
04-27 20:23:01.875  5878  5878 D SecPowerUI.Notification: SecBatteryStatsSnapshot{batteryLevel=74, currentBatteryMode=0, chargingTime=2578000, chargingType=11, batteryHealth=2, automaticTestMode=false, isHiccupState=false}
04-27 20:23:01.878  5878  7746 D SecPowerUI.Notification: 1. restoreScreenTimeOut - saved_value : :
04-27 20:23:01.878  5878  7746 E SecPowerUI.Notification: no saved value, so we do nothing !!
04-27 20:23:01.885  5429  8526 D ApplicationPolicy: isStatusBarNotificationAllowedAsUser: packageName = com.android.systemui,userId = 0
04-27 20:23:01.885  5429  8526 D ApplicationPolicy: isStatusBarNotificationAllowedAsUser: packageName = com.android.systemui,userId = -1
04-27 20:23:01.885  5429  8526 D ApplicationPolicy: isStatusBarNotificationAllowedAsUser: converting userId from USER_ALLto 0
04-27 20:23:01.888  5878  5878 D PowerUI : Battery swelling mode - priorBatterySwellingMode = 0 mBatterySwellingMode = 0 mBatteryStatus = 2
04-27 20:23:01.888  5878  5878 I PowerUI : mBatteryMiscEvent = 65536
04-27 20:23:01.889  5878  5878 D KeyguardUpdateMonitor: received broadcast android.intent.action.BATTERY_CHANGED
04-27 20:23:01.889  5878  5878 D SamsungBatteryMeterDrawable: onBatteryLevelChanged isSomethingChanged: false
04-27 20:23:01.891  5878  5878 D SamsungBatteryMeterDrawable: onBatteryLevelChanged isSomethingChanged: false
04-27 20:23:01.892  5878  5878 D SamsungBatteryMeterDrawable: onBatteryLevelChanged isSomethingChanged: false
04-27 20:23:01.892  5878  5878 D SamsungBatteryMeterDrawable: onBatteryLevelChanged isSomethingChanged: false
04-27 20:23:01.893  5878  5878 I AODBatteryManager: updateBatteryData: ACTION_BATTERY_CHANGED
04-27 20:23:01.897  5878  5878 I AODBatteryManager: saveBatteryData : AOD BatteryData [mBatteryLevel=74, mBatteryStatus=CHARGING, mBatteryPlugType=USB, mBatteryPlugged=true, mRemainingChargeTime=2578000, mBatteryChargingType=2, mBatteryChargerType=FAST, mBatteryOnline=NOT_DEFINED, mBatterySwellingMode=NONE, mBatteryProtectMode=false]
04-27 20:23:01.898  5878  5878 I ChargingInfoManager: updateChargingInfo: newState = AOD ChargingInfo [mState=BATTERY_AND_REMAIN_TIME, mIsCharging=true, mIsFullyCharged=false, mIsBatteryProtectMode=false], oldState = AOD ChargingInfo [mState=BATTERY_AND_REMAIN_TIME, mIsCharging=true, mIsFullyCharged=false, mIsBatteryProtectMode=false]
04-27 20:23:01.899  5878  5878 D KeyguardUpdateMonitor: handleBatteryUpdate
04-27 20:23:01.906  5878  5878 D KeyguardSecIndicationController: addIndicationTimeout() returned - unlocking
04-27 20:23:01.906  5878  5878 D KeyguardSecIndicationController: addIndication() returned - unlocking
04-27 20:23:01.906  5878  5878 D KeyguardSecIndicationPolicy:  remove Item pos = DEFAULT, type =           OWNER_INFO
04-27 20:23:01.907  5878  5878 D KeyguardSecIndicationController: addBatteryAndOwnerInfoIndication() battery status = BatteryStatus{status=2,level=74,plugged=2,health=2,maxChargingWattage=-1,remaining=2578000ultraFastCharger=1}
04-27 20:23:01.907  5878  5878 I ChargingInfoView: handleMessage: MSG_SHOW_CHARGING_INFO
04-27 20:23:01.907  5878  5878 I ChargingInfoView: updateContents: BATTERY_AND_REMAIN_TIME
04-27 20:23:01.907  5878  5878 I ChargingInfoView: handleMessage: MSG_SHOW_CHARGING_INFO
04-27 20:23:01.907  5878  5878 I ChargingInfoView: updateContents: BATTERY_AND_REMAIN_TIME
04-27 20:23:02.024  5095  5095 I SurfaceFlinger: SFWD update time=22091217566658
04-27 20:23:02.111  9209  9748 I NotificationPipeline: Processing new notification: -1|com.android.systemui|2131428972|charging_state|10054
04-27 20:23:02.112  9209  9748 W Notification4Heart_NB: NotificationBridgeCallback.onNotificationPosted-Ignored package : [-1] com.android.systemui
04-27 20:23:02.113  6323  6323 I Launcher.NotificationListener: onNotificationPosted : com.android.systemui number : 0
04-27 20:23:02.115  5785  5785 I FreeformContainer: [SmartPopupViewService] onNotificationPosted: StatusBarNotification(pkg=com.android.systemui user=UserHandle{-1} id=2131428972 tag=charging_state key=-1|com.android.systemui|2131428972|charging_state|10054: Notification(channel=CHR shortcut=null contentView=null vibrate=null sound=null defaults=0x0 flags=0xa color=0xff5075a1 category=sys groupKey=CHARGING vis=PUBLIC semFlags=0x0 semPriority=0 semMissedCount=0))
04-27 20:23:02.115  5785  5785 V FreeformContainer: [SmartPopupViewService] isSmartPopupViewTarget: com.android.systemui is not enabled
04-27 20:23:02.128  5878  5878 D PluginAODManager: onNotificationInfoUpdated() 0
04-27 20:23:02.128  5878  5878 I AODNotificationManager: updateVisibleNotifications: 0
04-27 20:23:02.129  5878  5878 I a       : updateStatusBarNotifications: open
04-27 20:23:02.129  5878  5878 I a       : updateStatusBarNotifications: open
04-27 20:23:02.311  5878  5878 D BubblesManager: onEntryUpdated : shouldBubbleUp=false ,key=-1|com.android.systemui|2131428972|charging_state|10054
04-27 20:23:02.343  5878  5878 I FaceWidgetPositionAlgorithm: getClockContainerHeight() supplier = 270, bottom margin = 0, real height = 333
04-27 20:23:02.344  5878  5878 I FaceWidgetPositionAlgorithm: getClockContainerHeight() supplier = 270, bottom margin = 63, real height = 333
04-27 20:23:02.344  5878  5878 I FaceWidgetPositionAlgorithm: getMediaContainerHeight() height = 0 container Visibility = 8, isValid = false, mIsDozing = false, fraction = 1.0, source = 0, target = 0
04-27 20:23:02.344  5878  5878 I FaceWidgetPositionAlgorithm: getMediaContainerHeight() supplier = 0
04-27 20:23:02.359  5878  5878 D PluginAODManager: onNotificationInfoUpdated() 0
04-27 20:23:02.359  5878  5878 I AODNotificationManager: updateVisibleNotifications: 0
04-27 20:23:02.360  5878  5878 I a       : updateStatusBarNotifications: open
04-27 20:23:02.360  5878  5878 I a       : updateStatusBarNotifications: open
04-27 20:23:02.394  5878  5878 I FaceWidgetPositionAlgorithm: getClockContainerHeight() supplier = 270, bottom margin = 0, real height = 333
04-27 20:23:02.395  5878  5878 I FaceWidgetPositionAlgorithm: getClockContainerHeight() supplier = 270, bottom margin = 63, real height = 333
04-27 20:23:02.396  5878  5878 I FaceWidgetPositionAlgorithm: getMediaContainerHeight() height = 0 container Visibility = 8, isValid = false, mIsDozing = false, fraction = 1.0, source = 0, target = 0
04-27 20:23:02.396  5878  5878 I FaceWidgetPositionAlgorithm: getMediaContainerHeight() supplier = 0
04-27 20:23:02.455  5878  5878 I FaceWidgetPositionAlgorithm: getClockContainerHeight() supplier = 270, bottom margin = 0, real height = 333
04-27 20:23:02.456  5878  5878 I FaceWidgetPositionAlgorithm: getClockContainerHeight() supplier = 270, bottom margin = 63, real height = 333
04-27 20:23:02.456  5878  5878 I FaceWidgetPositionAlgorithm: getMediaContainerHeight() height = 0 container Visibility = 8, isValid = false, mIsDozing = false, fraction = 1.0, source = 0, target = 0
04-27 20:23:02.456  5878  5878 I FaceWidgetPositionAlgorithm: getMediaContainerHeight() supplier = 0
04-27 20:23:02.460  5878  5878 D PluginAODManager: onNotificationInfoUpdated() 0
04-27 20:23:02.460  5878  5878 I AODNotificationManager: updateVisibleNotifications: 0
04-27 20:23:02.460  5878  5878 I a       : updateStatusBarNotifications: open
04-27 20:23:02.460  5878  5878 I a       : updateStatusBarNotifications: open
04-27 20:23:04.361  5429  7411 D SemWifiUsabilityStatsMonitor: onWifiUsabilityStats - seqNum 3934, isSameBssidAndFreq true
04-27 20:23:04.366  5429  5717 I SemWifiLinkQualityMonitor: Link Qos Query: 0.222 ms / 36.000 Mbps (72 / 0.000 / 2.000)
04-27 20:23:04.366  5878  5878 D NetworkController.WifiSignalController: notifyListener: visible=true, connected=true, inetCondition=1, isDefault=true, wifiTestReported=true, receivedInetCondition=-1, hideDuringMobileSwitching=false
04-27 20:23:04.368  5878  6043 D Tile.WifiTile: handleUpdateState isTransient=false transientEnabling =false cb.isTransient=false state.state = 2 mStateBeforeClick.value =false enabled =true
04-27 20:23:06.893  5878  5878 D SecPowerUI.Notification: showChargingNotice oldChargingType : 11 / currentChargingType : 11, oldChargingTime : 2578000 / mChargingTime : 2578000
04-27 20:23:06.894  5878  5878 D SecPowerUI.Notification: There is no change about charging status, so return!
04-27 20:23:07.392  5429  7411 D SemWifiUsabilityStatsMonitor: onWifiUsabilityStats - seqNum 3935, isSameBssidAndFreq true
04-27 20:23:07.397  5878  5878 D NetworkController.WifiSignalController: notifyListener: visible=true, connected=true, inetCondition=1, isDefault=true, wifiTestReported=true, receivedInetCondition=-1, hideDuringMobileSwitching=false
04-27 20:23:07.400  5878  6043 D Tile.WifiTile: handleUpdateState isTransient=false transientEnabling =false cb.isTransient=false state.state = 2 mStateBeforeClick.value =false enabled =true
04-27 20:23:07.401  5429  5717 I SemWifiLinkQualityMonitor: Link Qos Query: 0.111 ms / 72.000 Mbps (72 / 0.000 / 1.000)
04-27 20:23:10.437  5429  7411 D SemWifiUsabilityStatsMonitor: onWifiUsabilityStats - seqNum 3936, isSameBssidAndFreq true
04-27 20:23:10.440  5878  5878 D NetworkController.WifiSignalController: notifyListener: visible=true, connected=true, inetCondition=1, isDefault=true, wifiTestReported=true, receivedInetCondition=-1, hideDuringMobileSwitching=false
04-27 20:23:10.444  5878  6043 D Tile.WifiTile: handleUpdateState isTransient=false transientEnabling =false cb.isTransient=false state.state = 2 mStateBeforeClick.value =false enabled =true
04-27 20:23:10.446  5429  5717 I SemWifiLinkQualityMonitor: Link Qos Query: 0.111 ms / 72.000 Mbps (72 / 0.000 / 1.000)
04-27 20:23:10.579  5429  8526 V LocationManagerService: passive provider registration 5023/com.samsung.android.networkdiagnostic/4FDF9C6D dropped delivery - too close
04-27 20:23:10.580  5429  8526 V LocationManagerService: passive provider registration 1000/android[SensorNotificationService]/CC5BC53F dropped delivery - too close
04-27 20:23:10.581  5429  6058 D SLocation: PositionManager - PassiveonLocationChanged fused 1682619790548
04-27 20:23:10.582  5429  6058 W SLocation: PositionManager - do not refresh last location about fused location
04-27 20:23:10.582  5429  6058 D SLocation: ARDistanceBigData - BIGDATA ARD - receive location
04-27 20:23:10.582  5429  6058 D SLocation: ARDistanceLibManager - request distance diff to AR Distance Library
04-27 20:23:10.583  5429  6058 D SLocation: SLocationCoreSem - send to coreSem, packet length : 1 / [34]
04-27 20:23:10.583  5429  6058 D SemContextLocationCoreAttribute: setAttribute() mode : 0 action : 23
04-27 20:23:10.583  5429  6058 D SemContextService: lock : changeParameters
04-27 20:23:10.583  5429  6058 D SemContext.CaeProvider.LocationCoreImpl: setAttribute() mode : 0 action : 23
04-27 20:23:10.584  5429  6058 W CAE     : setCAProperty(ContextAwareService.java:513) - [setProperty 01] Mutex is locked for SLOCATION_RUNNER
