04-24 04:39:18.840  6374  6374 D CarrierTextController: SIM ready and in service: subId=1, ss={mVoiceRegState=0(IN_SERVICE), mDataRegState=0(IN_SERVICE), mChannelNumber=1300, duplexMode()=1, mCellBandwidths=[], mOperatorAlphaLong=Yettel, mOperatorAlphaShort=Yettel, isManualNetworkSelection=false(automatic), getRilVoiceRadioTechnology=14(LTE), getRilDataRadioTechnology=14(LTE), mCssIndicator=unsupported, mNetworkId=*1, mSystemId=*1, mCdmaRoamingIndicator=-1, mCdmaDefaultRoamingIndicator=-1, VoiceRegType=0, Snap=0, MobileData=IN_SERVICE, MobileDataRoamingType=International Roaming, MobileDataRat=LTE, PsOnly=false, FemtocellInd=0, SprDisplayRoam=false, OptRadioTech=0, MsimSubmode=0, mIsEmergencyOnly=false, isUsingCarrierAggregation=false, mArfcnRsrpBoost=0, mNetworkRegistrationInfos=[NetworkRegistrationInfo{ domain=CS transportType=WWAN registrationState=ROAMING roamingType=INTERNATIONAL accessNetworkTechnology=LTE rejectCause=0 emergencyEnabled=false availableServices=[VOICE,SMS,VIDEO] cellIdentity=CellIdentityLte:{ mCi=1****69 mPci=67 mTac=1***3 mEarfcn=1300 mBands=[] mBandwidth=2147483647 mMcc=220 mMnc=01 mAlphaLong=Yettel mAlphaShort=Yettel mAdditionalPlmns={} mCsgInfo=null} voiceSpecificInfo=VoiceSpecificRegistrationInfo { mCssSupported=false mRoamingIndicator=0 mSystemIsInPrl=0 mDefaultRoamingIndicator=0} dataSpecificInfo=null nrState=**** rRplmn=22001 isUsingCarrierAggregation=false}, NetworkRegistrationInfo{ domain=PS transportType=WWAN registrationState=ROAMING roamingType=INTERNATIONAL accessNetworkTechnology=LTE rejectCause=0 emergencyEnabled=false availableServices=[DATA] cellIdentity=CellIdentityLte:{ mCi=1****69 mPci=67 mTac=1***3 mEarfcn=1300 mBands=[] mBandwidth=2147483647 mMcc=220 mMnc=01 mAlphaLong=Yettel mAlphaShort=Yettel mAdditionalPlmns={} mCsgInfo=null} voiceSpecificInfo=null dataSpecificInfo=android.telephony.DataSpecificRegistrationInfo :{ maxDataCalls = 4 isDcNrRestricted = false isNrAvailable = false isEnDcAvailable = false LteVopsSupportInfo :  mVopsSupport = 3 mEmcBearerSupport = 3 } nrState=**** rRplmn=22001 isUsingCarrierAggregation=false}], mNrFrequencyRange=0, mOperatorAlphaLongRaw=Yettel, mOperatorAlphaShortRaw=Yettel, mIsDataRoamingFromRegistration=true, mIsIwlanPreferred=false}
04-24 04:39:18.840  5262  5262 E SensorsGrip: [grip_sensor_sub] enable: mEnabled : 0, first_grip_event : 1
04-24 04:39:18.841  6374  6374 D CarrierTextController: Handling (subId=2): 5 Yettel
04-24 04:39:18.841  6374  6374 D CarrierTextController: carrierTextForSimState = Yettel
04-24 04:39:18.841  5635  5845 D SensorManager: unregisterListener :: com.samsung.android.gesture.MotionRecognitionSAR$GripSensorWrapper$1@eb90dbb
04-24 04:39:18.841  6374  6374 D CarrierTextController: SIM ready and in service: subId=2, ss={mVoiceRegState=0(IN_SERVICE), mDataRegState=0(IN_SERVICE), mChannelNumber=550, duplexMode()=1, mCellBandwidths=[], mOperatorAlphaLong=Yettel, mOperatorAlphaShort=Yettel, isManualNetworkSelection=false(automatic), getRilVoiceRadioTechnology=14(LTE), getRilDataRadioTechnology=14(LTE), mCssIndicator=unsupported, mNetworkId=*1, mSystemId=*1, mCdmaRoamingIndicator=-1, mCdmaDefaultRoamingIndicator=-1, VoiceRegType=0, Snap=0, MobileData=IN_SERVICE, MobileDataRoamingType=home, MobileDataRat=LTE, PsOnly=false, FemtocellInd=0, SprDisplayRoam=false, OptRadioTech=0, MsimSubmode=0, mIsEmergencyOnly=false, isUsingCarrierAggregation=false, mArfcnRsrpBoost=0, mNetworkRegistrationInfos=[NetworkRegistrationInfo{ domain=CS transportType=WWAN registrationState=HOME roamingType=NOT_ROAMING accessNetworkTechnology=LTE rejectCause=0 emergencyEnabled=false availableServices=[VOICE,SMS,VIDEO] cellIdentity=CellIdentityLte:{ mCi=1****69 mPci=67 mTac=1***3 mEarfcn=550 mBands=[] mBandwidth=2147483647 mMcc=220 mMnc=01 mAlphaLong=Yettel mAlphaShort=Yettel mAdditionalPlmns={} mCsgInfo=null} voiceSpecificInfo=VoiceSpecificRegistrationInfo { mCssSupported=false mRoamingIndicator=0 mSystemIsInPrl=0 mDefaultRoamingIndicator=0} dataSpecificInfo=null nrState=**** rRplmn=22001 isUsingCarrierAggregation=false}, NetworkRegistrationInfo{ domain=PS transportType=WWAN registrationState=HOME roamingType=NOT_ROAMING accessNetworkTechnology=LTE rejectCause=0 emergencyEnabled=false availableServices=[DATA] cellIdentity=CellIdentityLte:{ mCi=1****69 mPci=67 mTac=1***3 mEarfcn=550 mBands=[] mBandwidth=2147483647 mMcc=220 mMnc=01 mAlphaLong=Yettel mAlphaShort=Yettel mAdditionalPlmns={} mCsgInfo=null} voiceSpecificInfo=null dataSpecificInfo=android.telephony.DataSpecificRegistrationInfo :{ maxDataCalls = 4 isDcNrRestricted = false isNrAvailable = false isEnDcAvailable = false LteVopsSupportInfo :  mVopsSupport = 2 mEmcBearerSupport = 3 } nrState=**** rRplmn=22001 isUsingCarrierAggregation=false}], mNrFrequencyRange=0, mOperatorAlphaLongRaw=Yettel, mOperatorAlphaShortRaw=Yettel, mIsDataRoamingFromRegistration=false, mIsIwlanPreferred=false}
04-24 04:39:18.841  5635  5845 I MotionRecognitionService: [SAR] A96T3X6_SUB Grip sensor for sub disable channel 0 : 0 , channel 1 : 0
04-24 04:39:18.841  5635  5845 I MotionRecognitionService: [SAR] id : 1 cmd :off
04-24 04:39:18.842  6298  6322 I System.out: Broadcast completed: result=0
04-24 04:39:18.843  6374  6374 D CarrierTextController: setText : Yettel | MegaFon | Yettel
04-24 04:39:18.843  6374  6374 D FaceWidgetPagesController: onRefreshCarrierInfo()
04-24 04:39:18.844  6374  6374 D FaceWidgetClockRoamManager: isNetworkRoamingState id=2
04-24 04:39:18.844  6374  6374 D FaceWidgetClockRoamManager: isNetworkRoamingState false
04-24 04:39:18.845  6374  6374 D FaceWidgetClockRoamManager: onRefreshCarrierInfo(pre, now): false, false
04-24 04:39:18.845  6374  6374 D FaceWidgetClockPage: onRefreshCarrierInfo : isChanged false mIsRoaming false
04-24 04:39:18.851  5635  6162 D ConnectivityService: Update of LinkProperties for [100 CELLULAR]; created=171736; firstConnected=171737
04-24 04:39:18.851  5635  6162 D ConnectivityService: Setting tx/rx TCP buffers to 2097152,4194304,8388608,512000,2097152,4194304
04-24 04:39:18.853  5635  6162 D ConnectivityService: notifyType CALLBACK_IP_CHANGED for [100 CELLULAR]
04-24 04:39:18.854  6298  6408 I TelephonyProvider: D/TelephonyProvider: subIdString = 2 subId = 2
04-24 04:39:18.862  6374  6374 I FaceWidgetPositionAlgorithm: getClockContainerHeight() supplier = 270, bottom margin = 0, real height = 333
04-24 04:39:18.862  6374  6374 I FaceWidgetPositionAlgorithm: getClockContainerHeight() supplier = 270, bottom margin = 63, real height = 333
04-24 04:39:18.862  6374  6374 I FaceWidgetPositionAlgorithm: getMediaContainerHeight() height = 0 container Visibility = 8, isValid = false, mIsDozing = false, fraction = 1.0, source = 0, target = 0
04-24 04:39:18.862  6374  6374 I FaceWidgetPositionAlgorithm: getMediaContainerHeight() supplier = 0
04-24 04:39:18.864  6374  6374 V QsExpandAnimator: setQsExpansionPosition 0.0
04-24 04:39:18.881  5635  6162 D ConnectivityService: [105 CELLULAR] EVENT_NETWORK_INFO_CHANGED, going from CONNECTED to CONNECTED
04-24 04:39:18.881  5635  6162 D ConnectivityService: Update of LinkProperties for [105 CELLULAR]; created=97273640; firstConnected=97273640
04-24 04:39:18.882  5635  6162 D ConnectivityService: notifyType CALLBACK_IP_CHANGED for [105 CELLULAR]
04-24 04:39:18.887  6721  6845 I PdnController<1>: onLinkPropertiesChanged: network 105 lp {InterfaceName: rmnet5 LinkAddresses: [ 10.158.126.166/24 ] DnsAddresses: [ /109.245.224.101,/109.245.224.102 ] PcscfAddresses: [ /10.24.20.156,/10.24.28.156 ] Domains: null MTU: 1500 TcpBufferSizes: 2097152,4194304,8388608,512000,2097152,4194304 Routes: [ 0.0.0.0/0 -> 10.158.126.1 rmnet5 mtu 1500,10.158.126.0/24 -> 0.0.0.0 rmnet5 mtu 0 ]} old {InterfaceName: rmnet5 LinkAddresses: [ 10.158.126.166/24 ] DnsAddresses: [ /109.245.224.101,/109.245.224.102 ] PcscfAddresses: [ /10.24.20.156,/10.24.28.156 ] Domains: null MTU: 1500 TcpBufferSizes: 2097152,4194304,8388608,512000,2097152,4194304 Routes: [ 0.0.0.0/0 -> 10.158.126.1 rmnet5 mtu 1500,10.158.126.0/24 -> 0.0.0.0 rmnet5 mtu 0 ]}
04-24 04:39:18.887  6721  6914 I PdnController: handleMessage: what 111
04-24 04:39:18.887  6721  6914 I PdnController: onLinkPropertiesChanged: networkType=11, linkProperties={InterfaceName: rmnet5 LinkAddresses: [ 10.158.126.166/24 ] DnsAddresses: [ /109.245.224.101,/109.245.224.102 ] PcscfAddresses: [ /10.24.20.156,/10.24.28.156 ] Domains: null MTU: 1500 TcpBufferSizes: 2097152,4194304,8388608,512000,2097152,4194304 Routes: [ 0.0.0.0/0 -> 10.158.126.1 rmnet5 mtu 1500,10.158.126.0/24 -> 0.0.0.0 rmnet5 mtu 0 ]}
04-24 04:39:19.385  5272  5272 E sehhealth-service: Could not open /sys/class/power_supply/battery/lrp
04-24 04:39:20.426  6374  6652 D MobileStatusTracker(0/1): onSignalStrengthsChanged level=2, vendorLevel=2
04-24 04:39:20.435  6374  6652 D MobileSignalController(0/1): notifyListener: enabled=true, connected=true, dataConnected=false, networkType=LTE (4G), emergencyOnly=false, roaming=true, isDefault=true, dataActivity=, level=2, ca=false, mmWave=false, disabledDataIcon=false, simCard=ETC
04-24 04:39:20.436  6374  6652 D NetworkController: SignalStrength from intent slotId=0
04-24 04:39:22.490  6374  6652 D MobileStatusTracker(1/2): onSignalStrengthsChanged level=2, vendorLevel=1
04-24 04:39:22.499  6374  6652 D MobileSignalController(1/2): notifyListener: enabled=true, connected=true, dataConnected=true, networkType=LTE (4G), emergencyOnly=false, roaming=false, isDefault=true, dataActivity=, level=1, ca=false, mmWave=false, disabledDataIcon=false, simCard=ETC
04-24 04:39:22.499  6374  6652 D NetworkController: SignalStrength from intent slotId=1
04-24 04:39:24.222  8329  9791 I BluetoothAdapter: STATE_ON
04-24 04:39:24.227  8329  9791 D BluetoothGatt: connect() - device: 645DF4_1, auto: false
04-24 04:39:24.227  8329  9791 D BluetoothGatt: registerApp()
04-24 04:39:24.228  8329  9791 D BluetoothGatt: registerApp() - UUID=84156a88-56b3-403f-8ef5-f655af5dcd06
04-24 04:39:24.236  6673  7234 D BtGatt.GattService: registerClient(com.google.android.googlequicksearchbox) - UUID=84156a88-56b3-403f-8ef5-f655af5dcd06
04-24 04:39:24.240  6673  7234 D BtGatt.ContextMap: add() - appUid: 10233, appPid: 8329, appName: com.google.android.googlequicksearchbox
04-24 04:39:24.244  8329  9791 I GattConnObserver: GATT connect started, beginning countdown timer
04-24 04:39:24.245  6673  7145 W bt_bta_gattc: bta_gattc_register :: state: 2, uuid=84156a88-56b3-403f-8ef5-f655af5dcd06
04-24 04:39:24.245  6673  7145 W bt_bta_gattc: Registered GATT client interface 6 with uuid=84156a88-56b3-403f-8ef5-f655af5dcd06, starting it on main thread
04-24 04:39:24.245  6673  7145 W bt_bta_gattc: client_if=6
04-24 04:39:24.246  6673  6809 D BtGatt.GattService: onClientRegistered() - UUID=84156a88-56b3-403f-8ef5-f655af5dcd06, clientIf=6
04-24 04:39:24.247  8329 21093 D BluetoothGatt: onClientRegistered() - status=0 clientIf=6
04-24 04:39:24.261  6673  7234 D BtGatt.GattService: clientConnect(com.google.android.googlequicksearchbox) - address = 645DF4_1, isDirect=true transport =2 set own addr = false own addr type:0, clientIf: 6, opportunistic=false, phy: 1
04-24 04:39:24.266  6673  7145 W bt_btm_ble: BTM_SecAddBleDevice :: dev_type=0x3
04-24 04:39:24.266  6673  7145 W bt_bta_gattc: bta_gattc_process_api_open
04-24 04:39:24.267  6673  7145 I bt_stack: [INFO:bta_gattc_main.cc(314)] bta_gattc_sm_execute: State 0x00, Event 0x1f00
04-24 04:39:24.267  6673  7145 W bt_bta_gattc: bta_gattc_open
04-24 04:39:24.268  6673  7145 W bt_stack: [WARNING:gatt_api.cc(1238)] GATT_Connect
04-24 04:39:24.268  6673  7145 W bt_stack: Starting direct connect gatt_if=6 address=645df4
04-24 04:39:24.268  6673  7145 W bt_stack: gatt_act_connect
04-24 04:39:24.268  6673  7145 I bt_stack: [INFO:gatt_attr.cc(886)] gatt_sr_init_cl_status: bda=645df4, cl_supp_feat=0000, aware=1
04-24 04:39:24.269  6673  7145 W bt_stack: gatt_connect
04-24 04:39:24.269  6673  7145 W bt_stack: gatt_connect :: call acl_create_le_connection_with_id
04-24 04:39:24.269  6673  7145 W btm_acl : Creating le direct connection to:xx:xx:xx:xx:b3:b1[public]
04-24 04:39:24.269  6673  7145 W bt_stack: AcceptLeConnectionFrom xx:xx:xx:xx:b3:b1
04-24 04:39:24.269  6673  7122 W bt_stack: Allow Le connection from remote:xx:xx:xx:xx:b3:b1[PUBLIC_DEVICE_ADDRESS]
04-24 04:39:24.269  6673  7122 W bt_stack: create_le_connection :: address : 64:5d:f4, add_to_connect_list : 1, is_direct : 1
04-24 04:39:24.269  6673  7122 W bt_stack: add_device_to_connect_list 64:5d:f4 :: Send command after register
04-24 04:39:24.270  6673  7122 W bt_stack: add_device_to_connect_list :: Device is found in security db(64:5d:f4 -> 645df4)
04-24 04:39:24.270  6673  7122 W bt_stack: add_device_to_connect_list :: set address_with_type as identity_addr
04-24 04:39:24.270  6673  7122 W bt_stack: Fast Connection Mode is already Set!!!
04-24 04:39:24.270  6673  7122 W bt_stack: Deferred until filter accept list has completed
04-24 04:39:24.270  6673  7122 W bt_stack: pause_registered_clients()
04-24 04:39:24.272  6673  7122 W bt_stack: le_impl :: OnPause()
04-24 04:39:24.272  6673  7122 W bt_stack: le_impl :: ConnectabilityState is DISARMED. Call AckPause()
04-24 04:39:24.272  6673  7122 W bt_stack: le_scanning_manager :: OnPause()
04-24 04:39:24.272  6673  7122 W bt_stack: Stop LeSetScanEnable
04-24 04:39:24.272  6673  7122 W bt_stack: le_scanning_manager :: OnPause() - call AckPause
04-24 04:39:24.272  6673  7122 W bt_stack: pause_registered_clients()
04-24 04:39:24.275  6673  7122 W bt_stack: le_address_manager :: ack_pause()
04-24 04:39:24.275  6673  7122 W bt_stack: le_address_manager :: ack_pause() - make sure all client paused. Return
04-24 04:39:24.275  6673  7122 W bt_stack: le_address_manager :: ack_pause()
04-24 04:39:24.275  6673  7122 W bt_stack: le_address_manager :: ack_pause() - handle_next_command
04-24 04:39:24.276  6673  7122 W bt_stack: handle_next_command()
04-24 04:39:24.286  6673  7122 W bt_stack: Received command complete with op_code LE_ADD_DEVICE_TO_FILTER_ACCEPT_LIST
04-24 04:39:24.286  6673  7122 W bt_stack: handle_next_command()
04-24 04:39:24.290  6673  7122 W bt_stack: Received command complete with op_code LE_ADD_DEVICE_TO_FILTER_ACCEPT_LIST
04-24 04:39:24.290  6673  7122 W bt_stack: le_impl :: OnResume()
04-24 04:39:24.290  6673  7122 W bt_stack: le_impl :: OnResume - Try arm connectability
04-24 04:39:24.290  6673  7122 W bt_stack: arm_connectability()
04-24 04:39:24.291  6673  7122 W bt_stack: le_impl :: check_for_unregister()
04-24 04:39:24.291  6673  7122 W bt_stack: le_scanning_manager :: OnResume()
04-24 04:39:24.292  6673  7122 W bt_stack: Start LeSetScan
04-24 04:39:24.292  6673  7122 W bt_stack: le_scanning_manager :: OnResume() - call AckResume
04-24 04:39:24.292  6673  7122 W bt_stack: le_address_manager :: ack_resume()
04-24 04:39:24.293  6673  7122 W bt_stack: le_address_manager :: ack_resume()
04-24 04:39:24.295  6673  7122 E bt_stack: on_create_connection :: Command status is success. Set ConnectabilityState to ARMED
04-24 04:39:24.300 28461 28685 D TrafficStats: tagSocket(6) with statsTag=0xffffffff, statsUid=-1
04-24 04:39:24.308 28461 28685 D TrafficStats: tagSocket(6) with statsTag=0xffffffff, statsUid=-1
04-24 04:39:24.997 28461 28690 D TrafficStats: tagSocket(93) with statsTag=0xffffffff, statsUid=-1
04-24 04:39:25.083 28461 28690 D TrafficStats: tagSocket(111) with statsTag=0xffffffff, statsUid=-1
04-24 04:39:27.340 28191 28349 D WidgetDisplayer: showWeatherCaches: weatherCaches.size = 4
04-24 04:39:27.349 28191 28349 D WidgetDisplayer: showWeatherCaches: widgets.size = 3
04-24 04:39:27.350 28191 28349 D WidgetDisplayer: showWeatherCaches: created ui updater for widget ScreenWidget[id=13,locationId=-1,locationData=LocationData [id=-1; latitude=0.0; longitude=0.0; name=; shortName=; kind=]]
04-24 04:39:27.352 28191 28349 I ScreenWidgetUiUpdaterBa: updateWithData() ScreenWidgetUiUpdaterBase begin
04-24 04:39:27.357 28191 28349 I ScreenWidgetUiUpdaterBa: setTheme() BaseHorizontalWidgetUpdater begin
04-24 04:39:27.361 28191 28349 I ScreenWidgetUiUpdaterBa: setTheme() ScreenWidgetUiUpdaterBase end
04-24 04:39:27.372 28191 28349 D WWidget : isDefaultLauncher launcher = com.sec.android.app.launcher
04-24 04:39:27.400 28191 28349 I ScreenWidgetUiUpdaterBa: updateWithData() ScreenWidgetUiUpdaterBase end
04-24 04:39:27.403 28191 28349 D Now time: Remote: 1682301075
04-24 04:39:27.450 28191 28349 I AppWidgetManager: updateAppWidget() appWidgetIds = [13]
04-24 04:39:27.463 28191 28349 D WidgetDisplayer: showWeatherCaches: created ui updater for widget ScreenWidget[id=37,locationId=-1,locationData=LocationData [id=-1; latitude=44.8239860534668; longitude=20.45982551574707; name=grad Beograd; shortName=grad Beograd; kind=]]
04-24 04:39:27.465 28191 28349 I ScreenWidgetUiUpdaterBa: updateWithData() ScreenWidgetUiUpdaterBase begin
04-24 04:39:27.470 28191 28349 I ScreenWidgetUiUpdaterBa: setTheme() BaseHorizontalWidgetUpdater begin
04-24 04:39:27.473 28191 28349 I ScreenWidgetUiUpdaterBa: setTheme() ScreenWidgetUiUpdaterBase end
04-24 04:39:27.487 28191 28349 D WWidget : isDefaultLauncher launcher = com.sec.android.app.launcher
04-24 04:39:27.513 28191 28349 I ScreenWidgetUiUpdaterBa: updateWithData() ScreenWidgetUiUpdaterBase end
04-24 04:39:27.553 28191 28349 I AppWidgetManager: updateAppWidget() appWidgetIds = [37]
04-24 04:39:27.564 28191 28349 D WidgetDisplayer: showWeatherCaches: created ui updater for widget ScreenWidget[id=39,locationId=-1,locationData=LocationData [id=-1; latitude=44.8239860534668; longitude=20.45982551574707; name=grad Beograd; shortName=grad Beograd; kind=]]
04-24 04:39:27.565 28191 28349 I ScreenWidgetUiUpdaterBa: updateWithData() ScreenWidgetUiUpdaterBase begin
04-24 04:39:27.572 28191 28349 I ScreenWidgetUiUpdaterBa: setTheme() BaseHorizontalWidgetUpdater begin
04-24 04:39:27.575 28191 28349 I ScreenWidgetUiUpdaterBa: setTheme() ScreenWidgetUiUpdaterBase end
04-24 04:39:27.590 28191 28349 D WWidget : isDefaultLauncher launcher = com.sec.android.app.launcher
04-24 04:39:27.612 28191 28349 I ScreenWidgetUiUpdaterBa: updateWithData() ScreenWidgetUiUpdaterBase end
04-24 04:39:27.614 28191 28349 D Now time: Remote: 1682301075
04-24 04:39:27.668 28191 28349 I AppWidgetManager: updateAppWidget() appWidgetIds = [39]
04-24 04:39:27.687 28191 28349 D WidgetDisplayer: showWeatherCaches: widgets.size = 3
04-24 04:39:27.688 28191 28349 D WidgetDisplayer: showWeatherCaches: created ui updater for widget ScreenWidget[id=13,locationId=-1,locationData=LocationData [id=-1; latitude=0.0; longitude=0.0; name=; shortName=; kind=]]
04-24 04:39:27.689 28191 28349 I ScreenWidgetUiUpdaterBa: updateWithData() ScreenWidgetUiUpdaterBase begin
04-24 04:39:27.694 28191 28349 I ScreenWidgetUiUpdaterBa: setTheme() BaseHorizontalWidgetUpdater begin
04-24 04:39:27.697 28191 28349 I ScreenWidgetUiUpdaterBa: setTheme() ScreenWidgetUiUpdaterBase end
04-24 04:39:27.708 28191 28349 D WWidget : isDefaultLauncher launcher = com.sec.android.app.launcher
04-24 04:39:27.730 28191 28349 I ScreenWidgetUiUpdaterBa: updateWithData() ScreenWidgetUiUpdaterBase end
04-24 04:39:27.732 28191 28349 D Now time: Remote: 1682301075
04-24 04:39:27.788 28191 28349 I AppWidgetManager: updateAppWidget() appWidgetIds = [13]
04-24 04:39:27.806 28191 28349 D WidgetDisplayer: showWeatherCaches: created ui updater for widget ScreenWidget[id=37,locationId=-1,locationData=LocationData [id=-1; latitude=44.8239860534668; longitude=20.45982551574707; name=grad Beograd; shortName=grad Beograd; kind=]]
04-24 04:39:27.808 28191 28349 I ScreenWidgetUiUpdaterBa: updateWithData() ScreenWidgetUiUpdaterBase begin
04-24 04:39:27.812 28191 28349 I ScreenWidgetUiUpdaterBa: setTheme() BaseHorizontalWidgetUpdater begin
04-24 04:39:27.816 28191 28349 I ScreenWidgetUiUpdaterBa: setTheme() ScreenWidgetUiUpdaterBase end
04-24 04:39:27.829 28191 28349 D WWidget : isDefaultLauncher launcher = com.sec.android.app.launcher
04-24 04:39:27.851 28191 28349 I ScreenWidgetUiUpdaterBa: updateWithData() ScreenWidgetUiUpdaterBase end
04-24 04:39:27.897 28191 28349 I AppWidgetManager: updateAppWidget() appWidgetIds = [37]
04-24 04:39:27.908 28191 28349 D WidgetDisplayer: showWeatherCaches: created ui updater for widget ScreenWidget[id=39,locationId=-1,locationData=LocationData [id=-1; latitude=44.8239860534668; longitude=20.45982551574707; name=grad Beograd; shortName=grad Beograd; kind=]]
04-24 04:39:27.910 28191 28349 I ScreenWidgetUiUpdaterBa: updateWithData() ScreenWidgetUiUpdaterBase begin
04-24 04:39:27.915 28191 28349 I ScreenWidgetUiUpdaterBa: setTheme() BaseHorizontalWidgetUpdater begin
04-24 04:39:27.918 28191 28349 I ScreenWidgetUiUpdaterBa: setTheme() ScreenWidgetUiUpdaterBase end
04-24 04:39:27.931 28191 28349 D WWidget : isDefaultLauncher launcher = com.sec.android.app.launcher
04-24 04:39:27.955 28191 28349 I ScreenWidgetUiUpdaterBa: updateWithData() ScreenWidgetUiUpdaterBase end
04-24 04:39:27.957 28191 28349 D Now time: Remote: 1682301075
04-24 04:39:28.005 28191 28349 I AppWidgetManager: updateAppWidget() appWidgetIds = [39]
04-24 04:39:28.023 28191 28349 D WidgetDisplayer: showWeatherCaches: widgets.size = 3
04-24 04:39:28.025 28191 28349 D WidgetDisplayer: showWeatherCaches: created ui updater for widget ScreenWidget[id=13,locationId=-1,locationData=LocationData [id=-1; latitude=0.0; longitude=0.0; name=; shortName=; kind=]]
04-24 04:39:28.026 28191 28349 I ScreenWidgetUiUpdaterBa: updateWithData() ScreenWidgetUiUpdaterBase begin
04-24 04:39:28.031 28191 28349 I ScreenWidgetUiUpdaterBa: setTheme() BaseHorizontalWidgetUpdater begin
04-24 04:39:28.035 28191 28349 I ScreenWidgetUiUpdaterBa: setTheme() ScreenWidgetUiUpdaterBase end
04-24 04:39:28.046 28191 28349 D WWidget : isDefaultLauncher launcher = com.sec.android.app.launcher
04-24 04:39:28.068 28191 28349 I ScreenWidgetUiUpdaterBa: updateWithData() ScreenWidgetUiUpdaterBase end
04-24 04:39:28.069 28191 28349 D Now time: Remote: 1682301075
04-24 04:39:28.128 28191 28349 I AppWidgetManager: updateAppWidget() appWidgetIds = [13]
04-24 04:39:28.143 28191 28349 D WidgetDisplayer: showWeatherCaches: created ui updater for widget ScreenWidget[id=37,locationId=-1,locationData=LocationData [id=-1; latitude=44.8239860534668; longitude=20.45982551574707; name=grad Beograd; shortName=grad Beograd; kind=]]
04-24 04:39:28.144 28191 28349 I ScreenWidgetUiUpdaterBa: updateWithData() ScreenWidgetUiUpdaterBase begin
04-24 04:39:28.154 28191 28349 I ScreenWidgetUiUpdaterBa: setTheme() BaseHorizontalWidgetUpdater begin
04-24 04:39:28.157 28191 28349 I ScreenWidgetUiUpdaterBa: setTheme() ScreenWidgetUiUpdaterBase end
04-24 04:39:28.170 28191 28349 D WWidget : isDefaultLauncher launcher = com.sec.android.app.launcher
04-24 04:39:28.197 28191 28349 I ScreenWidgetUiUpdaterBa: updateWithData() ScreenWidgetUiUpdaterBase end
04-24 04:39:28.240 28191 28349 I AppWidgetManager: updateAppWidget() appWidgetIds = [37]
04-24 04:39:28.250 28191 28349 D WidgetDisplayer: showWeatherCaches: created ui updater for widget ScreenWidget[id=39,locationId=-1,locationData=LocationData [id=-1; latitude=44.8239860534668; longitude=20.45982551574707; name=grad Beograd; shortName=grad Beograd; kind=]]
04-24 04:39:28.252 28191 28349 I ScreenWidgetUiUpdaterBa: updateWithData() ScreenWidgetUiUpdaterBase begin
04-24 04:39:28.256 28191 28349 I ScreenWidgetUiUpdaterBa: setTheme() BaseHorizontalWidgetUpdater begin
04-24 04:39:28.260 28191 28349 I ScreenWidgetUiUpdaterBa: setTheme() ScreenWidgetUiUpdaterBase end
04-24 04:39:28.274 28191 28349 D WWidget : isDefaultLauncher launcher = com.sec.android.app.launcher
04-24 04:39:28.297 28191 28349 I ScreenWidgetUiUpdaterBa: updateWithData() ScreenWidgetUiUpdaterBase end
04-24 04:39:28.299 28191 28349 D Now time: Remote: 1682301075
04-24 04:39:28.348 28191 28349 I AppWidgetManager: updateAppWidget() appWidgetIds = [39]
04-24 04:39:28.367 28191 28349 D WidgetDisplayer: showWeatherCaches: widgets.size = 3
04-24 04:39:28.368 28191 28349 D WidgetDisplayer: showWeatherCaches: created ui updater for widget ScreenWidget[id=13,locationId=-1,locationData=LocationData [id=-1; latitude=0.0; longitude=0.0; name=; shortName=; kind=]]
04-24 04:39:28.369 28191 28349 I ScreenWidgetUiUpdaterBa: updateWithData() ScreenWidgetUiUpdaterBase begin
04-24 04:39:28.374 28191 28349 I ScreenWidgetUiUpdaterBa: setTheme() BaseHorizontalWidgetUpdater begin
04-24 04:39:28.377 28191 28349 I ScreenWidgetUiUpdaterBa: setTheme() ScreenWidgetUiUpdaterBase end
04-24 04:39:28.389 28191 28349 D WWidget : isDefaultLauncher launcher = com.sec.android.app.launcher
04-24 04:39:28.409 28191 28349 I ScreenWidgetUiUpdaterBa: updateWithData() ScreenWidgetUiUpdaterBase end
04-24 04:39:28.413 28191 28349 D Now time: Remote: 1682301075
04-24 04:39:28.465 28191 28349 I AppWidgetManager: updateAppWidget() appWidgetIds = [13]
04-24 04:39:28.476 28191 28349 D WidgetDisplayer: showWeatherCaches: created ui updater for widget ScreenWidget[id=37,locationId=-1,locationData=LocationData [id=-1; latitude=44.8239860534668; longitude=20.45982551574707; name=grad Beograd; shortName=grad Beograd; kind=]]
04-24 04:39:28.477 28191 28349 I ScreenWidgetUiUpdaterBa: updateWithData() ScreenWidgetUiUpdaterBase begin
04-24 04:39:28.482 28191 28349 I ScreenWidgetUiUpdaterBa: setTheme() BaseHorizontalWidgetUpdater begin
04-24 04:39:28.486 28191 28349 I ScreenWidgetUiUpdaterBa: setTheme() ScreenWidgetUiUpdaterBase end
04-24 04:39:28.499 28191 28349 D WWidget : isDefaultLauncher launcher = com.sec.android.app.launcher
04-24 04:39:28.522 28191 28349 I ScreenWidgetUiUpdaterBa: updateWithData() ScreenWidgetUiUpdaterBase end
04-24 04:39:28.562 28191 28349 I AppWidgetManager: updateAppWidget() appWidgetIds = [37]
04-24 04:39:28.573 28191 28349 D WidgetDisplayer: showWeatherCaches: created ui updater for widget ScreenWidget[id=39,locationId=-1,locationData=LocationData [id=-1; latitude=44.8239860534668; longitude=20.45982551574707; name=grad Beograd; shortName=grad Beograd; kind=]]
04-24 04:39:28.574 28191 28349 I ScreenWidgetUiUpdaterBa: updateWithData() ScreenWidgetUiUpdaterBase begin
04-24 04:39:28.579 28191 28349 I ScreenWidgetUiUpdaterBa: setTheme() BaseHorizontalWidgetUpdater begin
04-24 04:39:28.582 28191 28349 I ScreenWidgetUiUpdaterBa: setTheme() ScreenWidgetUiUpdaterBase end
04-24 04:39:28.594 28191 28349 D WWidget : isDefaultLauncher launcher = com.sec.android.app.launcher
04-24 04:39:28.616 28191 28349 I ScreenWidgetUiUpdaterBa: updateWithData() ScreenWidgetUiUpdaterBase end
04-24 04:39:28.617 28191 28349 D Now time: Remote: 1682301075
04-24 04:39:28.669 28191 28349 I AppWidgetManager: updateAppWidget() appWidgetIds = [39]
04-24 04:39:28.681 28191 28345 I WM-WorkerWrapper: Worker result SUCCESS for Work [ id=738d053c-b320-4d18-8898-abd1d057a517, tags={ ru.yandex.weatherplugin.widgets.workers.UpdateWidgetsFromCache } ]
04-24 04:39:29.247  8329  8329 W GattConnObserver: GATT connect timeout!
04-24 04:39:29.248  8329  8329 D BluetoothGatt: cancelOpen() - device: 645DF4_1
04-24 04:39:29.258  6673  7234 D BtGatt.GattService: clientDisconnect(com.google.android.googlequicksearchbox) - address=645DF4_1, connId=null, clientIf: 6
04-24 04:39:29.263  6673  7145 W bt_bta_gattc: bta_gattc_process_api_open_cancel
04-24 04:39:29.264  6673  7145 W bt_bta_gattc: Cancel GATT client direct connection
04-24 04:39:29.264  6673  7145 I bt_stack: [INFO:bta_gattc_main.cc(314)] bta_gattc_sm_execute: State 0x01, Event 0x1f02
04-24 04:39:29.265  6673  7145 W bt_bta_gattc: bta_gattc_cancel_open
04-24 04:39:29.266  6673  7145 W bt_stack: [WARNING:gatt_api.cc(1322)] GATT_CancelConnect: gatt_if:6, address: 645df4, direct:1
04-24 04:39:29.266  6673  7145 W bt_stack: gatt_disconnect
04-24 04:39:29.268  6673  7145 W bt_stack: Unable to find background connection to remove
04-24 04:39:29.268  6673  7145 W bt_stack: BTM_AcceptlistRemove
04-24 04:39:29.268  6673  7145 W bt_stack: IgnoreLeConnectionFrom xx:xx:xx:xx:b3:b1
04-24 04:39:29.268  6673  7122 W bt_stack: Ignore Le connection from remote:xx:xx:xx:xx:b3:b1[PUBLIC_DEVICE_ADDRESS]
04-24 04:39:29.269  6673  7122 W bt_stack: cancel_connection_and_remove_device_from_background_connection_list 64:5d:f4
04-24 04:39:29.269  6673  7122 W bt_stack: remove_device_from_background_connection_list 64:5d:f4
04-24 04:39:29.269  6673  7122 W bt_stack: cancel_connect 64:5d:f4
04-24 04:39:29.269  6673  7145 W gatt_utils: gatt_cleanup_upon_disc
04-24 04:39:29.270  6673  7122 W bt_stack: remove_device_from_connect_list 64:5d:f4 :: Send command after register
04-24 04:39:29.270  6673  7122 W bt_stack: remove_device_from_connect_list :: Device is found in security db(64:5d:f4 -> 645df4)
04-24 04:39:29.270  6673  7122 W bt_stack: remove_device_from_connect_list :: set address_with_type as identity_addr
04-24 04:39:29.270  6673  7122 W bt_stack: pause_registered_clients()
04-24 04:39:29.270  6673  7122 W bt_stack: le_impl :: OnPause()
04-24 04:39:29.270  6673  7145 W gatt_utils: gatt_cleanup_upon_disc :: GATT_CH_CLOSE
04-24 04:39:29.270  6673  7145 W bt_stack: Unable to find background connection to remove
04-24 04:39:29.270  6673  7145 I bt_stack: [INFO:bta_gattc_main.cc(314)] bta_gattc_sm_execute: State 0x01, Event 0x1f03
04-24 04:39:29.271  6673  7145 W bt_bta_gattc: bta_gattc_cancel_open_ok
04-24 04:39:29.271  6673  7145 W bt_bta_gattc: bta_gattc_process_api_open_cancel
04-24 04:39:29.271  6673  7145 W bt_bta_gattc: Cancel GATT client background connection
04-24 04:39:29.271  6673  7145 W bt_bta_gattc: bta_gattc_cancel_bk_conn
04-24 04:39:29.272  6673  7122 W bt_stack: le_impl :: Try to disarm connectability
04-24 04:39:29.272  6673  7122 W bt_stack: disarm_connectability()
04-24 04:39:29.272  6673  7122 W bt_stack: Pause Background Connection
04-24 04:39:29.272  6673  7122 W bt_stack: le_scanning_manager :: OnPause()
04-24 04:39:29.272  6673  7122 W bt_stack: Stop LeSetScanEnable
04-24 04:39:29.272  6673  7122 W bt_stack: le_scanning_manager :: OnPause() - call AckPause
04-24 04:39:29.272  6673  7122 W bt_stack: pause_registered_clients()
04-24 04:39:29.272  6673  7145 E bt_stack: [ERROR:bta_gattc_utils.cc(447)] bta_gattc_mark_bg_conn unable to find the bg connection mask for bd_addr=645df4
04-24 04:39:29.272  6673  7145 E bta_gattc_main: Ignore unknown conn ID: 3
04-24 04:39:29.272  6673  7145 E bta_gattc_main: Ignore unknown conn ID: 4
04-24 04:39:29.272  6673  7145 E bta_gattc_main: Ignore unknown conn ID: 5
04-24 04:39:29.272  6673  7145 E bta_gattc_main: Ignore unknown conn ID: 6
04-24 04:39:29.273  6673  7122 W bt_stack: le_address_manager :: ack_pause()
04-24 04:39:29.273  6673  7122 W bt_stack: le_address_manager :: ack_pause() - make sure all client paused. Return
04-24 04:39:29.274  6673  7122 W bt_stack: on_le_enhanced_connection_complete()
04-24 04:39:29.274  6673  7122 W bt_stack: on_le_enhanced_connection_complete :: Role is central. Set connectability to DISARMED
04-24 04:39:29.274  6673  7122 W bt_stack: on_le_enhanced_connection_complete :: pause_connection : 1
04-24 04:39:29.274  6673  7122 W bt_stack: on_le_connection_canceled_on_pause(). Set connectability to DISARMED
04-24 04:39:29.274  6673  7122 W bt_stack: le_address_manager :: ack_pause()
04-24 04:39:29.274  6673  7122 W bt_stack: le_address_manager :: ack_pause() - handle_next_command
04-24 04:39:29.274  6673  7122 W bt_stack: handle_next_command()
04-24 04:39:29.275  8329  9109 I BistoGattHelper: (REDACTED) [%s] GATT disconnected
04-24 04:39:29.284  6673  7122 W bt_stack: Received command complete with op_code LE_REMOVE_DEVICE_FROM_FILTER_ACCEPT_LIST
04-24 04:39:29.284  6673  7122 W bt_stack: handle_next_command()
04-24 04:39:29.288  8329  9109 I RemotePeerStateCommunicator: (REDACTED) RemotePeerStateCommunicator scheduling message : %d, action: %s, device id : %s
04-24 04:39:29.289  6673  7122 W bt_stack: Received command complete with op_code LE_REMOVE_DEVICE_FROM_FILTER_ACCEPT_LIST
04-24 04:39:29.289  6673  7122 W bt_stack: le_impl :: OnResume()
04-24 04:39:29.289  6673  7122 W bt_stack: le_impl :: OnResume - Try arm connectability
04-24 04:39:29.289  6673  7122 W bt_stack: arm_connectability()
04-24 04:39:29.290  6673  7122 W bt_stack: le_impl :: check_for_unregister()
04-24 04:39:29.290  6673  7122 W bt_stack: le_scanning_manager :: OnResume()
04-24 04:39:29.290  6673  7122 W bt_stack: Start LeSetScan
04-24 04:39:29.290  6673  7122 W bt_stack: le_scanning_manager :: OnResume() - call AckResume
04-24 04:39:29.290  6673  7122 W bt_stack: le_address_manager :: ack_resume()
04-24 04:39:29.291  6673  7122 W bt_stack: le_address_manager :: ack_resume()
04-24 04:39:29.292  8329  9109 I BistoGattHelper: (REDACTED) [%s] close
04-24 04:39:29.294  8329  9109 I BistoGattHelper: (REDACTED) [%s] executeNextShutdownOperation
04-24 04:39:29.294  8329  9109 D BluetoothGatt: close()
04-24 04:39:29.296  8329  9109 D BluetoothGatt: unregisterApp() - mClientIf=6
04-24 04:39:29.297  6673  7234 D BtGatt.GattService: unregisterClient(com.google.android.googlequicksearchbox) - clientIf=6
04-24 04:39:29.298  6673  7234 D BtGatt.ContextMap: remove() - id: 6
04-24 04:39:29.298  6673  7234 E BtGatt.ContextMap: remove() - removed: 6
04-24 04:39:29.299  6673  7145 W bt_bta_gattc: bta_gattc_deregister
04-24 04:39:29.299  6673  7145 I bt_stack: [INFO:gatt_api.cc(1111)] GATT_Deregister gatt_if=6
04-24 04:39:29.299  6673  7145 W bt_stack: on_app_deregistered :: app_id=6
04-24 04:39:29.299  6673  7145 I bt_stack: [INFO:gatt_api.cc(1164)] Initialize tGATT_REG
04-24 04:39:29.305  8329  9109 I BistoGattHelper: (REDACTED) [%s] GATT released
04-24 04:39:29.305  8329  9109 I BistoGattHelper: (REDACTED) [%s] close
04-24 04:39:29.305  8329  9109 I BistoGattHelper: (REDACTED) [%s] executeNextShutdownOperation
04-24 04:39:29.312  8329  9109 E GmuTls  : You must initialize the system with proper values before handshake
04-24 04:39:30.146  5635  5653 I system_server: Background young concurrent copying GC freed 205501(9407KB) AllocSpace objects, 8(160KB) LOS objects, 8% free, 104MB/114MB, paused 416us,364us total 103.701ms
04-24 04:39:30.177  5216  5216 E audit   : type=1400 audit(1682303970.175:57655): avc:  denied  { read } for  pid=28191 comm="binder:28191_4" name="u:object_r:perf_prop:s0" dev="tmpfs" ino=17922 scontext=u:r:untrusted_app_30:s0:c87,c257,c512,c768 tcontext=u:object_r:perf_prop:s0 tclass=file permissive=0 SEPF_SM-A515F_13_0001 audit_filtered
04-24 04:39:30.178  5216  5216 E audit   : type=1300 audit(1682303970.175:57655): arch=c00000b7 syscall=56 success=no exit=-13 a0=ffffff9c a1=70aeab62f8 a2=88000 a3=0 items=0 ppid=5241 pid=28191 auid=4294967295 uid=10343 gid=10343 euid=10343 suid=10343 fsuid=10343 egid=10343 sgid=10343 fsgid=10343 tty=(none) ses=4294967295 comm="binder:28191_4" exe="/system/bin/app_process64" subj=u:r:untrusted_app_30:s0:c87,c257,c512,c768 key=(null)
04-24 04:39:30.178  5216  5216 E audit   : type=1327 audit(1682303970.175:57655): proctitle="ru.yandex.weatherplugin"
04-24 04:39:30.178 28191 28590 W libc    : Access denied finding property "sys.perf.boostopt"
04-24 04:39:30.206 28191 28590 W libc    : Access denied finding property "sys.perf.boostopt"
04-24 04:39:30.207  5216  5216 E audit   : type=1400 audit(1682303970.203:57656): avc:  denied  { read } for  pid=28191 comm="binder:28191_4" name="u:object_r:perf_prop:s0" dev="tmpfs" ino=17922 scontext=u:r:untrusted_app_30:s0:c87,c257,c512,c768 tcontext=u:object_r:perf_prop:s0 tclass=file permissive=0 SEPF_SM-A515F_13_0001 audit_filtered
04-24 04:39:30.207  5216  5216 E audit   : type=1300 audit(1682303970.203:57656): arch=c00000b7 syscall=56 success=no exit=-13 a0=ffffff9c a1=70aeab62f8 a2=88000 a3=0 items=0 ppid=5241 pid=28191 auid=4294967295 uid=10343 gid=10343 euid=10343 suid=10343 fsuid=10343 egid=10343 sgid=10343 fsgid=10343 tty=(none) ses=4294967295 comm="binder:28191_4" exe="/system/bin/app_process64" subj=u:r:untrusted_app_30:s0:c87,c257,c512,c768 key=(null)
04-24 04:39:30.233 28191 28706 W libc    : Access denied finding property "sys.perf.boostopt"
04-24 04:39:30.234 28461 28502 W libc    : Access denied finding property "sys.perf.boostopt"
04-24 04:39:30.237 28347 28601 W libc    : Access denied finding property "sys.perf.boostopt"
04-24 04:39:31.214  6298  6338 I System.out: Broadcasting: Intent { act=com.sec.intent.action.SARDEVICE_CP flg=0x10000000 (has extras) }
04-24 04:39:31.228  5635  5845 D MotionRecognitionService: [SAR]  onReceive : SARDEVICE_CP, callAction = on deviceID = 3 slot = 1 device_ext = 0
04-24 04:39:31.228  5635  5845 I MotionRecognitionService: [SAR] id : 0 cmd :on
04-24 04:39:31.228  5635  5845 I MotionRecognitionService: [SAR] A96T3X6 Grip sensor enableSensor
04-24 04:39:31.231  5635  5845 D SensorService: [GripSensor] ++ setGripThdWithMCC  (65560)
04-24 04:39:31.232  5635  5845 D SensorService: GripSensor: MCC Path does not exist
04-24 04:39:31.232  5635  6162 D ConnectivityService: reportNetworkActive, notify 0 listeners
04-24 04:39:31.233  5262  5262 I SensorsGrip: [grip_sensor] enable: GripSensor: enable handle = 11 en = 1
04-24 04:39:31.237  5262  5389 I SensorsGrip: [grip_sensor] readEvents: GripSensor: grip 1ch data = RELEASE
04-24 04:39:31.237  5262  5262 E SensorsGrip: [grip_sensor] enable: mEnabled : 1, first_grip_event : 1
04-24 04:39:31.237  5262  5389 I SensorsGrip: [grip_sensor] readEvents: GripSensor: grip 1ch unknown NORMAL MODE
04-24 04:39:31.238  5635  5845 D SensorManager: registerListener :: 33554443, A96T3X6 Grip sensor, 200000, 0, com.samsung.android.gesture.MotionRecognitionSAR$GripSensorWrapper$1@7995f8c
04-24 04:39:31.238  5635  5845 I MotionRecognitionService: [SAR] A96T3X6 Grip sensor enable channel 0 : 2 , channel 1 : 0
04-24 04:39:31.238  5635  5845 I MotionRecognitionService: [SAR] A96T3X6_SUB Grip sensor for sub enableSensor
04-24 04:39:31.240  5635  5845 D SensorService: [GripSensor] ++ setGripThdWithMCC  (65560)
04-24 04:39:31.240  5635  5845 D SensorService: GripSensor: MCC Path does not exist
04-24 04:39:31.241  5262  5262 I SensorsGrip: [grip_sensor_sub] enable: GripSensor: enable handle = 18 en = 1
04-24 04:39:31.244  5262  5262 E SensorsGrip: [grip_sensor_sub] enable: mEnabled : 1, first_grip_event : 1
04-24 04:39:31.244  5262  5391 I SensorsGrip: [grip_sensor_sub] readEvents: GripSensor: grip 1ch data = RELEASE
04-24 04:39:31.245  5635  5845 D SensorManager: registerListener :: 33554450, A96T3X6_SUB Grip sensor for sub, 200000, 0, com.samsung.android.gesture.MotionRecognitionSAR$GripSensorWrapper$1@eb90dbb
04-24 04:39:31.245  5635  5845 I MotionRecognitionService: [SAR] A96T3X6_SUB Grip sensor for sub enable channel 0 : 2 , channel 1 : 0
04-24 04:39:31.245  5635  5845 I MotionRecognitionService: [SAR] id : 1 cmd :on
04-24 04:39:31.247  6298  6909 I System.out: Broadcast completed: result=0
04-24 04:39:31.253  5635  5845 I MotionRecognitionService: [SAR] A96T3X6 Grip sensor onSensorChanged : 5.0 , 0.0 , 0.0 , 1.0 , 0.0
04-24 04:39:31.253  5635  5845 I MotionRecognitionService: [SAR] A96T3X6 Grip sensor clearBackOff channel: 0 , index: 0
04-24 04:39:31.253  5635  5845 I MotionRecognitionService: [SAR] A96T3X6 Grip sensorsetTunerGrip 8589934592 , state: false
04-24 04:39:31.266  5635  5845 D MotionRecognitionService: [SAR] set setTransmitPowerExt  value : 8589934592 : false
04-24 04:39:31.266  5635  5845 I MotionRecognitionService: [SAR] tunerGrip is 8589934592, state : false
04-24 04:39:31.267  5635  5845 I MotionRecognitionService: [SAR] A96T3X6_SUB Grip sensor for sub onSensorChanged : 5.0 , 0.0 , 0.0 , 0.0 , 0.0
04-24 04:39:31.267  5635  5845 I MotionRecognitionService: [SAR] A96T3X6_SUB Grip sensor for sub clearBackOff channel: 0 , index: 1
04-24 04:39:31.267  5635  5845 I MotionRecognitionService: [SAR] A96T3X6_SUB Grip sensor for subsetTunerGrip 8589934592 , state: false
04-24 04:39:31.271 21600 28604 D ConnectivityManager: StackLog: [android.net.ConnectivityManager.reportNetworkConnectivity(ConnectivityManager.java:3390)] [anzl.i(:com.google.android.gms@231312044@23.13.12 (190400-519946965):0)] [anyz.run(:com.google.android.gms@231312044@23.13.12 (190400-519946965):57)] [anzz.run(:com.google.android.gms@231312044@23.13.12 (190400-519946965):2)] [dbpm.run(:com.google.android.gms@231312044@23.13.12 (190400-519946965):2)] [abix.c(:com.google.android.gms@231312044@23.13.12 (190400-519946965):6)] [abix.run(:com.google.android.gms@231312044@23.13.12 (190400-519946965):7)] [java.util.concurrent.ThreadPoolExecutor.runWorker(ThreadPoolExecutor.java:1137)] [java.util.concurrent.ThreadPoolExecutor$Worker.run(ThreadPoolExecutor.java:637)] [abod.run(:com.google.android.gms@231312044@23.13.12 (190400-519946965):0)] [java.lang.Thread.run(Thread.java:1012)]
04-24 04:39:31.275 21600 28604 I AlarmManager: setExactAndAllowWhileIdle [name: GCM_HB_ALARM type: 2 triggerAtMillis: 156793830]
04-24 04:39:31.281  5635  5845 D MotionRecognitionService: [SAR] set setTransmitPowerExt  value : 8589934592 : false
04-24 04:39:31.281  5635  5845 I MotionRecognitionService: [SAR] tunerGrip is 8589934592, state : false
04-24 04:39:31.310 21600 28661 I AlarmManager: setExactAndAllowWhileIdle [name: FcmRetry type: 2 triggerAtMillis: 156073857]
04-24 04:39:31.323 21600 21600 D BoundBrokerSvc: onBind: Intent { act=com.google.android.gms.scheduler.ACTION_PROXY_SCHEDULE dat=chimera-action:/... cmp=com.google.android.gms/.chimera.PersistentApiService }
04-24 04:39:31.323 21600 21600 D BoundBrokerSvc: Loading bound service for intent: Intent { act=com.google.android.gms.scheduler.ACTION_PROXY_SCHEDULE dat=chimera-action:/... cmp=com.google.android.gms/.chimera.PersistentApiService }
04-24 04:39:31.352  5241  5241 D Zygote  : Forked child process 28717
04-24 04:39:31.417 28717 28717 I ogle.android.gm: Using CollectorTypeCC GC.
04-24 04:39:31.436 28717 28717 W libc    : Access denied finding property "sys.perf.boostopt"
04-24 04:39:31.437 28717 28730 W libc    : Access denied finding property "sys.perf.boostopt"
04-24 04:39:31.437  5216  5216 E audit   : type=1400 audit(1682303971.435:57660): avc:  denied  { read } for  pid=28717 comm="ogle.android.gm" name="u:object_r:perf_prop:s0" dev="tmpfs" ino=17922 scontext=u:r:untrusted_app:s0:c242,c256,c512,c768 tcontext=u:object_r:perf_prop:s0 tclass=file permissive=0 SEPF_SM-A515F_13_0001 audit_filtered
04-24 04:39:31.438  5216  5216 E audit   : type=1300 audit(1682303971.435:57660): arch=c00000b7 syscall=56 success=no exit=-13 a0=ffffff9c a1=7fd2cd8f88 a2=88000 a3=0 items=0 ppid=5241 pid=28717 auid=4294967295 uid=10242 gid=10242 euid=10242 suid=10242 fsuid=10242 egid=10242 sgid=10242 fsgid=10242 tty=(none) ses=4294967295 comm="ogle.android.gm" exe="/system/bin/app_process64" subj=u:r:untrusted_app:s0:c242,c256,c512,c768 key=(null)
04-24 04:39:31.438  5216  5216 E audit   : type=1327 audit(1682303971.435:57660): proctitle="zygote64"
04-24 04:39:31.438 28717 28717 D ActivityThread: setConscryptValidator
04-24 04:39:31.438  5216  5216 E audit   : type=1400 audit(1682303971.435:57661): avc:  denied  { read } for  pid=28717 comm="binder:28717_1" name="u:object_r:perf_prop:s0" dev="tmpfs" ino=17922 scontext=u:r:untrusted_app:s0:c242,c256,c512,c768 tcontext=u:object_r:perf_prop:s0 tclass=file permissive=0 SEPF_SM-A515F_13_0001 audit_filtered
04-24 04:39:31.438 28717 28717 D ActivityThread: setConscryptValidator - put
04-24 04:39:31.446  7162  7176 I adbd    : jdwp connection from 28717
04-24 04:39:31.456 28717 28730 W libc    : Access denied finding property "sys.perf.boostopt"
04-24 04:39:31.461 28717 28717 D CompatibilityChangeReporter: Compat change id reported: 171979766; UID 10242; state: ENABLED
04-24 04:39:31.547 28717 28717 D nativeloader: Configuring classloader-namespace for other apk /system/framework/org.apache.http.legacy.jar. target_sdk_version=33, uses_libraries=ALL, library_path=/data/app/~~gg5StmC5EMo4lKi6x3TZpw==/com.google.android.gm-DY6Q0Lfto8N7UbNYbfEIoA==/lib/arm64:/data/app/~~gg5StmC5EMo4lKi6x3TZpw==/com.google.android.gm-DY6Q0Lfto8N7UbNYbfEIoA==/base.apk!/lib/arm64-v8a:/data/app/~~gg5StmC5EMo4lKi6x3TZpw==/com.google.android.gm-DY6Q0Lfto8N7UbNYbfEIoA==/split_config.arm64_v8a.apk!/lib/arm64-v8a:/data/app/~~gg5StmC5EMo4lKi6x3TZpw==/com.google.android.gm-DY6Q0Lfto8N7UbNYbfEIoA==/split_config.en.apk!/lib/arm64-v8a:/data/app/~~gg5StmC5EMo4lKi6x3TZpw==/com.google.android.gm-DY6Q0Lfto8N7UbNYbfEIoA==/split_config.ru.apk!/lib/arm64-v8a:/data/app/~~gg5StmC5EMo4lKi6x3TZpw==/com.google.android.gm-DY6Q0Lfto8N7UbNYbfEIoA==/split_config.xxhdpi.apk!/lib/arm64-v8a, permitted_path=/data:/mnt/expand:/data/user/0/com.google.android.gm
04-24 04:39:31.548 28717 28717 D nativeloader: Extending system_exposed_libraries: libhumantracking.arcsoft.so:libPortraitDistortionCorrection.arcsoft.so:libPortraitDistortionCorrectionCali.arcsoft.so:libface_landmark.arcsoft.so:libFacialStickerEngine.arcsoft.so:libveengine.arcsoft.so:liblow_light_hdr.arcsoft.so:libhigh_dynamic_range.arcsoft.so:libFacialAttributeDetection.arcsoft.so:libBeauty_v4.camera.samsung.so:libexifa.camera.samsung.so:libjpega.camera.samsung.so:libOpenCv.camera.samsung.so:libImageScreener.camera.samsung.so:libMyFilter.camera.samsung.so:libtensorflowLite.myfilter.camera.samsung.so:libtensorflowlite_inference_api.myfilter.camera.samsung.so:libEventFinder.camera.samsung.so:libHIDTSnapJNI.camera.samsung.so:libSmartScan.camera.samsung.so:libRectify.camera.samsung.so:libDocRectifyWrapper.camera.samsung.so:libUltraWideDistortionCorrection.camera.samsung.so:libHpr_RecGAE_cvFeature_v1.0.camera.samsung.so:libHprFace_GAE_api.camera.samsung.so:libFace_Landmark_API.camera.samsung.so:libHprFace_GAE_jni.camera.samsung.so:libFacialBasedSelfieCorrec
04-24 04:39:31.616 28717 28717 W ziparchive: Unable to open '/data/app/~~gg5StmC5EMo4lKi6x3TZpw==/com.google.android.gm-DY6Q0Lfto8N7UbNYbfEIoA==/split_config.arm64_v8a.dm': No such file or directory
04-24 04:39:31.616 28717 28717 W ziparchive: Unable to open '/data/app/~~gg5StmC5EMo4lKi6x3TZpw==/com.google.android.gm-DY6Q0Lfto8N7UbNYbfEIoA==/split_config.arm64_v8a.dm': No such file or directory
04-24 04:39:31.621 28717 28717 W ogle.android.gm: Entry not found
04-24 04:39:31.626 28717 28717 W ziparchive: Unable to open '/data/app/~~gg5StmC5EMo4lKi6x3TZpw==/com.google.android.gm-DY6Q0Lfto8N7UbNYbfEIoA==/split_config.en.dm': No such file or directory
04-24 04:39:31.626 28717 28717 W ziparchive: Unable to open '/data/app/~~gg5StmC5EMo4lKi6x3TZpw==/com.google.android.gm-DY6Q0Lfto8N7UbNYbfEIoA==/split_config.en.dm': No such file or directory
04-24 04:39:31.629 28717 28717 W ogle.android.gm: Entry not found
04-24 04:39:31.631 28717 28717 W ziparchive: Unable to open '/data/app/~~gg5StmC5EMo4lKi6x3TZpw==/com.google.android.gm-DY6Q0Lfto8N7UbNYbfEIoA==/split_config.ru.dm': No such file or directory
04-24 04:39:31.632 28717 28717 W ziparchive: Unable to open '/data/app/~~gg5StmC5EMo4lKi6x3TZpw==/com.google.android.gm-DY6Q0Lfto8N7UbNYbfEIoA==/split_config.ru.dm': No such file or directory
04-24 04:39:31.635 28717 28717 W ogle.android.gm: Entry not found
04-24 04:39:31.638 28717 28717 W ziparchive: Unable to open '/data/app/~~gg5StmC5EMo4lKi6x3TZpw==/com.google.android.gm-DY6Q0Lfto8N7UbNYbfEIoA==/split_config.xxhdpi.dm': No such file or directory
04-24 04:39:31.638 28717 28717 W ziparchive: Unable to open '/data/app/~~gg5StmC5EMo4lKi6x3TZpw==/com.google.android.gm-DY6Q0Lfto8N7UbNYbfEIoA==/split_config.xxhdpi.dm': No such file or directory
04-24 04:39:31.642 28717 28717 W ogle.android.gm: Entry not found
04-24 04:39:31.647 28717 28717 D nativeloader: Configuring classloader-namespace for other apk /data/app/~~gg5StmC5EMo4lKi6x3TZpw==/com.google.android.gm-DY6Q0Lfto8N7UbNYbfEIoA==/base.apk:/data/app/~~gg5StmC5EMo4lKi6x3TZpw==/com.google.android.gm-DY6Q0Lfto8N7UbNYbfEIoA==/split_config.arm64_v8a.apk:/data/app/~~gg5StmC5EMo4lKi6x3TZpw==/com.google.android.gm-DY6Q0Lfto8N7UbNYbfEIoA==/split_config.en.apk:/data/app/~~gg5StmC5EMo4lKi6x3TZpw==/com.google.android.gm-DY6Q0Lfto8N7UbNYbfEIoA==/split_config.ru.apk:/data/app/~~gg5StmC5EMo4lKi6x3TZpw==/com.google.android.gm-DY6Q0Lfto8N7UbNYbfEIoA==/split_config.xxhdpi.apk. target_sdk_version=33, uses_libraries=libOpenCL.so, library_path=/data/app/~~gg5StmC5EMo4lKi6x3TZpw==/com.google.android.gm-DY6Q0Lfto8N7UbNYbfEIoA==/lib/arm64:/data/app/~~gg5StmC5EMo4lKi6x3TZpw==/com.google.android.gm-DY6Q0Lfto8N7UbNYbfEIoA==/base.apk!/lib/arm64-v8a:/data/app/~~gg5StmC5EMo4lKi6x3TZpw==/com.google.android.gm-DY6Q0Lfto8N7UbNYbfEIoA==/split_config.arm64_v8a.apk!/lib/arm64-v8a:/data/app/~~gg5StmC5EMo4lKi6x3TZpw==/com.google.android.gm-DY
04-24 04:39:31.667 28717 28717 W ogle.android.gm: JIT profile information will not be recorded: profile file does not exist.
04-24 04:39:31.667 28717 28717 W ogle.android.gm: JIT profile information will not be recorded: profile file does not exist.
04-24 04:39:31.667 28717 28717 W ogle.android.gm: JIT profile information will not be recorded: profile file does not exist.
04-24 04:39:31.667 28717 28717 W ogle.android.gm: JIT profile information will not be recorded: profile file does not exist.
04-24 04:39:31.762 28717 28717 V GraphicsEnvironment: ANGLE Developer option for 'com.google.android.gm' set to: 'default'
04-24 04:39:31.763 28717 28717 V GraphicsEnvironment: ANGLE GameManagerService for com.google.android.gm: false
04-24 04:39:31.764 28717 28717 V GraphicsEnvironment: Neither updatable production driver nor prerelease driver is supported.
04-24 04:39:31.774 28717 28717 D NetworkSecurityConfig: Using Network Security Config from resource network_security_config debugBuild: false
04-24 04:39:31.786 28717 28717 D NetworkSecurityConfig: Using Network Security Config from resource network_security_config debugBuild: false
04-24 04:39:31.919  6374  6652 D MobileStatusTracker(0/1): onSignalStrengthsChanged level=2, vendorLevel=1
