04-18 00:40:38.293  4066  4066 I Launcher.AppsPageDelegate: updateItemToNewPosition = title : Calculator, rank : 12, screenId : 0, user: UserHandle{0}, screenType: 0, pos: 12, screen: 0
04-18 00:40:38.293  4066  4066 I Launcher.AppsPageDelegate: updateItemToNewPosition = title : Browser, rank : 11, screenId : 0, user: UserHandle{0}, screenType: 0, pos: 11, screen: 0
04-18 00:40:38.293  4066  4066 I Launcher.AppsPageDelegate: updateItemToNewPosition = title : CDE ITMO, rank : 19, screenId : 0, user: UserHandle{0}, screenType: 0, pos: 19, screen: 0
04-18 00:40:38.293  4066  4066 I Launcher.AppsPageDelegate: updateItemToNewPosition = title : Discord, rank : 27, screenId : 0, user: UserHandle{0}, screenType: 0, pos: 27, screen: 0
04-18 00:40:38.293  4066  4066 I Launcher.AppsPageDelegate: updateItemToNewPosition = title : Cxxdroid, rank : 24, screenId : 0, user: UserHandle{0}, screenType: 0, pos: 24, screen: 0
04-18 00:40:38.293  4066  4066 I Launcher.AppsPageDelegate: updateItemToNewPosition = title : Calculator, rank : 13, screenId : 0, user: UserHandle{0}, screenType: 0, pos: 13, screen: 0
04-18 00:40:38.293  4066  4066 I Launcher.AppsPageDelegate: updateItemToNewPosition = title : 3D Calculator, rank : 2, screenId : 0, user: UserHandle{0}, screenType: 0, pos: 2, screen: 0
04-18 00:40:38.293  4066  4066 I Launcher.AppsPageDelegate: updateItemToNewPosition = title : Assistant, rank : 6, screenId : 0, user: UserHandle{0}, screenType: 0, pos: 6, screen: 0
04-18 00:40:38.293  4066  4066 I Launcher.AppsPageDelegate: updateItemToNewPosition = title : Docs, rank : 28, screenId : 0, user: UserHandle{0}, screenType: 0, pos: 28, screen: 0
04-18 00:40:38.293  4066  4066 I Launcher.AppsPageDelegate: updateItemToNewPosition = title : App Center, rank : 4, screenId : 0, user: UserHandle{0}, screenType: 0, pos: 4, screen: 0
04-18 00:40:38.293  4066  4066 I Launcher.AppsPageDelegate: updateItemToNewPosition = title : Cloud Mail.ru, rank : 21, screenId : 0, user: UserHandle{0}, screenType: 0, pos: 21, screen: 0
04-18 00:40:38.293  4066  4066 I Launcher.AppsPageDelegate: updateItemToNewPosition = title : Authenticator, rank : 7, screenId : 0, user: UserHandle{0}, screenType: 0, pos: 7, screen: 0
04-18 00:40:38.293  4066  4066 I Launcher.AppsPageDelegate: updateItemToNewPosition = title : Dcoder, rank : 25, screenId : 0, user: UserHandle{0}, screenType: 0, pos: 25, screen: 0
04-18 00:40:38.293  4066  4066 I Launcher.AppsPageDelegate: updateItemToNewPosition = title : Contacts, rank : 23, screenId : 0, user: UserHandle{0}, screenType: 0, pos: 23, screen: 0
04-18 00:40:38.293  4066  4066 I Launcher.AppsPageDelegate: updateItemToNewPosition = title : Adobe Acrobat, rank : 3, screenId : 0, user: UserHandle{0}, screenType: 0, pos: 3, screen: 0
04-18 00:40:38.293  4066  4066 I Launcher.AppsPageDelegate: updateItemToNewPosition = title : Canon Print Service, rank : 17, screenId : 0, user: UserHandle{0}, screenType: 0, pos: 17, screen: 0
04-18 00:40:38.293  4066  4066 I Launcher.AppsPageDelegate: updateItemToNewPosition = title : Calendar, rank : 15, screenId : 0, user: UserHandle{0}, screenType: 0, pos: 15, screen: 0
04-18 00:40:38.293  4066  4066 I Launcher.AppsPageDelegate: updateItemToNewPosition = title : CAR:GO, rank : 18, screenId : 0, user: UserHandle{0}, screenType: 0, pos: 18, screen: 0
04-18 00:40:38.293  4066  4066 I Launcher.AppsPageDelegate: updateItemToNewPosition = title : Benchmark, rank : 8, screenId : 0, user: UserHandle{0}, screenType: 0, pos: 8, screen: 0
04-18 00:40:38.293  4066  4066 I Launcher.AppsPageDelegate: updateItemToNewPosition = title : AR Zone, rank : 5, screenId : 0, user: UserHandle{0}, screenType: 0, pos: 5, screen: 0
04-18 00:40:38.293  4066  4066 I Launcher.AppsPageDelegate: updateItemToNewPosition = title : Digital Wellbeing, rank : 26, screenId : 0, user: UserHandle{0}, screenType: 0, pos: 26, screen: 0
04-18 00:40:38.293  4066  4066 I Launcher.AppsPageDelegate: updateItemToNewPosition = title : DontKillMyApp, rank : 29, screenId : 0, user: UserHandle{0}, screenType: 0, pos: 29, screen: 0
04-18 00:40:38.293  4066  4066 I Launcher.AppsPageDelegate: updateItemToNewPosition = title : BeoGRADSKI prevoz, rank : 9, screenId : 0, user: UserHandle{0}, screenType: 0, pos: 9, screen: 0
04-18 00:40:38.293  4066  4066 I Launcher.AppsPageDelegate: updateItemToNewPosition = title : Bing, rank : 10, screenId : 0, user: UserHandle{0}, screenType: 0, pos: 10, screen: 0
04-18 00:40:38.293  4066  4066 I Launcher.AppsPageDelegate: updateItemToNewPosition = title : Galaxy Store, rank : 10, screenId : 1, user: UserHandle{0}, screenType: 0, pos: 10, screen: 1
04-18 00:40:38.293  4066  4066 I Launcher.AppsPageDelegate: updateItemToNewPosition = title : Gallery, rank : 12, screenId : 1, user: UserHandle{0}, screenType: 0, pos: 12, screen: 1
04-18 00:40:38.293  4066  4066 I Launcher.AppsPageDelegate: updateItemToNewPosition = title : Game Launcher, rank : 13, screenId : 1, user: UserHandle{0}, screenType: 0, pos: 13, screen: 1
04-18 00:40:38.294  4066  4066 I Launcher.AppsPageDelegate: updateItemToNewPosition = title : Drive, rank : 0, screenId : 1, user: UserHandle{0}, screenType: 0, pos: 0, screen: 1
04-18 00:40:38.294  4066  4066 I Launcher.AppsPageDelegate: updateItemToNewPosition = title : Galaxy Wearable, rank : 11, screenId : 1, user: UserHandle{0}, screenType: 0, pos: 11, screen: 1
04-18 00:40:38.294  4066  4066 I Launcher.AppsPageDelegate: updateItemToNewPosition = title : Keep notes, rank : 27, screenId : 1, user: UserHandle{0}, screenType: 0, pos: 27, screen: 1
04-18 00:40:38.294  4066  4066 I Launcher.AppsPageDelegate: updateItemToNewPosition = title : Kaspersky, rank : 25, screenId : 1, user: UserHandle{0}, screenType: 0, pos: 25, screen: 1
04-18 00:40:38.294  4066  4066 I Launcher.AppsPageDelegate: updateItemToNewPosition = title : Firefox, rank : 7, screenId : 1, user: UserHandle{0}, screenType: 0, pos: 7, screen: 1
04-18 00:40:38.294  4066  4066 I Launcher.AppsPageDelegate: updateItemToNewPosition = title : Google Japanese Input, rank : 19, screenId : 1, user: UserHandle{0}, screenType: 0, pos: 19, screen: 1
04-18 00:40:38.294  4066  4066 I Launcher.AppsPageDelegate: updateItemToNewPosition = title : HiPER Scientific Calculator, rank : 22, screenId : 1, user: UserHandle{0}, screenType: 0, pos: 22, screen: 1
04-18 00:40:38.294  4066  4066 I Launcher.AppsPageDelegate: updateItemToNewPosition = title : DuckDuckGo, rank : 1, screenId : 1, user: UserHandle{0}, screenType: 0, pos: 1, screen: 1
04-18 00:40:38.294  4066  4066 I Launcher.AppsPageDelegate: updateItemToNewPosition = title : GitHub, rank : 17, screenId : 1, user: UserHandle{0}, screenType: 0, pos: 17, screen: 1
04-18 00:40:38.294  4066  4066 I Launcher.AppsPageDelegate: updateItemToNewPosition = title : Excel, rank : 5, screenId : 1, user: UserHandle{0}, screenType: 0, pos: 5, screen: 1
04-18 00:40:38.294  4066  4066 I Launcher.AppsPageDelegate: updateItemToNewPosition = title : Graphing Calc, rank : 21, screenId : 1, user: UserHandle{0}, screenType: 0, pos: 21, screen: 1
04-18 00:40:38.294  4066  4066 I Launcher.AppsPageDelegate: updateItemToNewPosition = title : Files, rank : 6, screenId : 1, user: UserHandle{0}, screenType: 0, pos: 6, screen: 1
04-18 00:40:38.294  4066  4066 I Launcher.AppsPageDelegate: updateItemToNewPosition = title : Gboard, rank : 16, screenId : 1, user: UserHandle{0}, screenType: 0, pos: 16, screen: 1
04-18 00:40:38.294  4066  4066 I Launcher.AppsPageDelegate: updateItemToNewPosition = title : Edge Canary, rank : 4, screenId : 1, user: UserHandle{0}, screenType: 0, pos: 4, screen: 1
04-18 00:40:38.294  4066  4066 I Launcher.AppsPageDelegate: updateItemToNewPosition = title : Glovo, rank : 18, screenId : 1, user: UserHandle{0}, screenType: 0, pos: 18, screen: 1
04-18 00:40:38.294  4066  4066 I Launcher.AppsPageDelegate: updateItemToNewPosition = title : Lens, rank : 29, screenId : 1, user: UserHandle{0}, screenType: 0, pos: 29, screen: 1
04-18 00:40:38.294  4066  4066 I Launcher.AppsPageDelegate: updateItemToNewPosition = title : KDE Connect, rank : 26, screenId : 1, user: UserHandle{0}, screenType: 0, pos: 26, screen: 1
04-18 00:40:38.294  4066  4066 I Launcher.AppsPageDelegate: updateItemToNewPosition = title : KAlgebra, rank : 24, screenId : 1, user: UserHandle{0}, screenType: 0, pos: 24, screen: 1
04-18 00:40:38.294  4066  4066 I Launcher.AppsPageDelegate: updateItemToNewPosition = title : Game Plugins, rank : 14, screenId : 1, user: UserHandle{0}, screenType: 0, pos: 14, screen: 1
04-18 00:40:38.294  4066  4066 I Launcher.AppsPageDelegate: updateItemToNewPosition = title : Knowledge, rank : 28, screenId : 1, user: UserHandle{0}, screenType: 0, pos: 28, screen: 1
04-18 00:40:38.294  4066  4066 I Launcher.AppsPageDelegate: updateItemToNewPosition = title : Duolingo, rank : 2, screenId : 1, user: UserHandle{0}, screenType: 0, pos: 2, screen: 1
04-18 00:40:38.294  4066  4066 I Launcher.AppsPageDelegate: updateItemToNewPosition = title : Forest, rank : 9, screenId : 1, user: UserHandle{0}, screenType: 0, pos: 9, screen: 1
04-18 00:40:38.294  4066  4066 I Launcher.AppsPageDelegate: updateItemToNewPosition = title : Flipd, rank : 8, screenId : 1, user: UserHandle{0}, screenType: 0, pos: 8, screen: 1
04-18 00:40:38.294  4066  4066 I Launcher.AppsPageDelegate: updateItemToNewPosition = title : Instagram, rank : 23, screenId : 1, user: UserHandle{0}, screenType: 0, pos: 23, screen: 1
04-18 00:40:38.294  4066  4066 I Launcher.AppsPageDelegate: updateItemToNewPosition = title : Durak, rank : 3, screenId : 1, user: UserHandle{0}, screenType: 0, pos: 3, screen: 1
04-18 00:40:38.294  4066  4066 I Launcher.AppsPageDelegate: updateItemToNewPosition = title : Games, rank : 15, screenId : 1, user: UserHandle{0}, screenType: 0, pos: 15, screen: 1
04-18 00:40:38.294  4066  4066 I Launcher.AppsPageDelegate: updateItemToNewPosition = title : Grammarly, rank : 20, screenId : 1, user: UserHandle{0}, screenType: 0, pos: 20, screen: 1
04-18 00:40:38.294  4066  4066 I Launcher.AppsPageDelegate: updateItemToNewPosition = title : OneDrive, rank : 20, screenId : 2, user: UserHandle{0}, screenType: 0, pos: 20, screen: 2
04-18 00:40:38.295  4066  4066 I Launcher.AppsPageDelegate: updateItemToNewPosition = title : Phone, rank : 24, screenId : 2, user: UserHandle{0}, screenType: 0, pos: 24, screen: 2
04-18 00:40:38.295  4066  4066 I Launcher.AppsPageDelegate: updateItemToNewPosition = title : Messages, rank : 8, screenId : 2, user: UserHandle{0}, screenType: 0, pos: 8, screen: 2
04-18 00:40:38.295  4066  4066 I Launcher.AppsPageDelegate: updateItemToNewPosition = title : Mail, rank : 1, screenId : 2, user: UserHandle{0}, screenType: 0, pos: 1, screen: 2
04-18 00:40:38.295  4066  4066 I Launcher.AppsPageDelegate: updateItemToNewPosition = title : Photos, rank : 27, screenId : 2, user: UserHandle{0}, screenType: 0, pos: 27, screen: 2
04-18 00:40:38.295  4066  4066 I Launcher.AppsPageDelegate: updateItemToNewPosition = title : Microsoft 365 (Office), rank : 9, screenId : 2, user: UserHandle{0}, screenType: 0, pos: 9, screen: 2
04-18 00:40:38.295  4066  4066 I Launcher.AppsPageDelegate: updateItemToNewPosition = title : Mail, rank : 2, screenId : 2, user: UserHandle{0}, screenType: 0, pos: 2, screen: 2
04-18 00:40:38.309  5628  5712 I libprocessgroup: Successfully killed process cgroup uid 10115 pid 3297 in 0ms
04-18 00:40:38.323  3762  3949 I SCS@AiSearch user 0: (NeuralPhoneticsPredictor) isNeuralPhonetics :false inputLanguage: english
04-18 00:40:38.359  4066  4127 I WidgetsModel: EasyModeWidget will be excluded on WidgetList.
04-18 00:40:38.365  4000  4000 I StateUtils: isDirectBootMode On : true
04-18 00:40:38.373  4066  4127 I PostPositionOperator: addItem() - ru.mail.cloud, isWidgetOnly : true
04-18 00:40:38.374  4066  4127 W PackageUpdatedTask: refreshSearchLayout return, operation is not matched
04-18 00:40:38.403  4000  4000 I ClockSettingsSearchProvider: onCreate()
04-18 00:40:38.403  4000  4000 I ClockSettingsSearchProvider: secQueryGetFingerprint
04-18 00:40:38.406  4376  4376 I lmkd    : cached 2, sandbox(not0) 0
04-18 00:40:38.417  4376  4376 I lmkd    : Reclaim 'ru.mail.cloud' (3416), uid 10336, oom_score_adj 945, state 19 to free 97828kB rss, 27244kb swap
04-18 00:40:38.418  4376  4376 I lmkd    : Reclaimed 125072kB at oom_score_adj 850
04-18 00:40:38.425  4000  4000 I CapsuleProvider_1.0.23: onCreate
04-18 00:40:38.499  4000  4000 I StateUtils: isDirectBootMode On : true
04-18 00:40:38.500  4000  4036 I NotificationChannelUtils: createAllChannels
04-18 00:40:38.501  4000  4000 I StateUtils: isUserUnlockedDevice : true
04-18 00:40:38.527  4000  4000 I AlarmReceiver: onReceive() : action = .PACKAGE_DATA_CLEARED
04-18 00:40:38.579  4000  4036 I DIAGMON_SDK[605054]: DiagMonAgent type: 2
04-18 00:40:38.580  4000  4036 I DIAGMON_SDK[605054][clj47h9zhd] : generated SR object
04-18 00:40:38.582  5250  5250 D Zygote  : Forked child process 4039
04-18 00:40:38.587  4000  4036 I [RoutineSdk3.0-3.0.0]: RoutineSdkImpl: setHandler - conditionHandler initialized
04-18 00:40:38.587  4000  4036 I [RoutineSdk3.0-3.0.0]: RoutineSdkImpl: setHandler - actionHandler initialized
04-18 00:40:38.629  5628  5708 I SemExecuteManagerService: onPackageModified
04-18 00:40:38.649  4039  4039 I droid.daemonapp: Using CollectorTypeCC GC.
04-18 00:40:38.661  4039  4039 E droid.daemonapp: Not starting debugger since process cannot load the jdwp agent.
04-18 00:40:38.670  4039  4039 W libc    : Access denied finding property "sys.perf.boostopt"
04-18 00:40:38.670  5224  5224 E audit   : type=1400 audit(1681771238.666:59811): avc:  denied  { read } for  pid=4039 comm="droid.daemonapp" name="u:object_r:perf_prop:s0" dev="tmpfs" ino=16829 scontext=u:r:platform_app:s0:c512,c768 tcontext=u:object_r:perf_prop:s0 tclass=file permissive=0 SEPF_SM-A515F_13_0001 audit_filtered
04-18 00:40:38.671  5224  5224 E audit   : type=1300 audit(1681771238.666:59811): arch=c00000b7 syscall=56 success=no exit=-13 a0=ffffff9c a1=7ffbc769b8 a2=88000 a3=0 items=0 ppid=5250 pid=4039 auid=4294967295 uid=10180 gid=10180 euid=10180 suid=10180 fsuid=10180 egid=10180 sgid=10180 fsgid=10180 tty=(none) ses=4294967295 comm="droid.daemonapp" exe="/system/bin/app_process64" subj=u:r:platform_app:s0:c512,c768 key=(null)
04-18 00:40:38.671  5224  5224 E audit   : type=1327 audit(1681771238.666:59811): proctitle="zygote64"
04-18 00:40:38.672  4039  4039 D ActivityThread: setConscryptValidator
04-18 00:40:38.672  4039  4039 D ActivityThread: setConscryptValidator - put
04-18 00:40:38.678  4039  4053 W libc    : Access denied finding property "sys.perf.boostopt"
04-18 00:40:38.678  5224  5224 E audit   : type=1400 audit(1681771238.674:59812): avc:  denied  { read } for  pid=4039 comm="binder:4039_1" name="u:object_r:perf_prop:s0" dev="tmpfs" ino=16829 scontext=u:r:platform_app:s0:c512,c768 tcontext=u:object_r:perf_prop:s0 tclass=file permissive=0 SEPF_SM-A515F_13_0001 audit_filtered
04-18 00:40:38.710  4039  4039 D CompatibilityChangeReporter: Compat change id reported: 171979766; UID 10180; state: ENABLED
04-18 00:40:38.718  5628  5712 I libprocessgroup: Successfully killed process cgroup uid 10077 pid 3837 in 0ms
04-18 00:40:38.754  5250  5250 I Zygote  : Process 3837 exited due to signal 9 (Killed)
04-18 00:40:38.769  5628 11453 D ConnectivityService: ConnectivityService NetworkRequestInfo binderDied(uid/pid:10336/3416, [NetworkRequest [ LISTEN id=15777, [ Capabilities: INTERNET&NOT_RESTRICTED&TRUSTED&NOT_VPN&NOT_VCN_MANAGED Uid: 10336 RequestorUid: 10336 RequestorPkg: ru.mail.cloud UnderlyingNetworks: Null] ]], android.os.BinderProxy@198ade)
04-18 00:40:38.773   401   401 D BoundBrokerSvc: onUnbind: Intent { act=com.google.android.gms.appset.service.START dat=chimera-action:/... cmp=com.google.android.gms/.chimera.GmsApiService }
04-18 00:40:38.781  5250  5250 I Zygote  : Process 3416 exited due to signal 9 (Killed)
04-18 00:40:38.788  7867  7867 I CMHApplication: [#CMH#] Block to verify, Change Trim Memory Level: 80
04-18 00:40:38.789  5628  5712 I libprocessgroup: Successfully killed process cgroup uid 10336 pid 3416 in 0ms
04-18 00:40:38.791  5628 11246 D ConnectivityService: ConnectivityService NetworkRequestInfo binderDied(uid/pid:10336/3416, [NetworkRequest [ LISTEN id=15776, [ Capabilities: NOT_RESTRICTED&TRUSTED&NOT_VPN&NOT_VCN_MANAGED Uid: 10336 RequestorUid: 10336 RequestorPkg: ru.mail.cloud UnderlyingNetworks: Null] ]], android.os.BinderProxy@1291351)
04-18 00:40:38.792  5628  5647 I system_server: Background concurrent copying GC freed 483033(28MB) AllocSpace objects, 14(344KB) LOS objects, 19% free, 100MB/124MB, paused 669us,357us total 700.052ms
04-18 00:40:38.803   401   401 D BoundBrokerSvc: onUnbind: Intent { act=com.google.android.gms.auth.api.signin.service.START pkg=com.google.android.gms }
04-18 00:40:38.811  1985  2019 W libc    : Access denied finding property "sys.perf.boostopt"
04-18 00:40:38.832  5628  5649 W System  : A resource failed to call end.
04-18 00:40:38.835  5628  5649 W System  : A resource failed to call HardwareBuffer.close.
04-18 00:40:39.004  5628  5708 I SearchManagerService: updateSearchables
04-18 00:40:39.008  4066  4066 I Launcher.Model: isValidStateInKnoxMode:false user:UserHandle{0}
04-18 00:40:39.009  4066  4066 I Launcher.Model: package changed received : ru.mail.cloud
04-18 00:40:39.009  4066  4127 I PackageUpdatedTask: mAllAppsList.updatePackage ru.mail.cloud
04-18 00:40:39.023  4066  4127 I AppIconSolution: getThemeIconWithBG called with public API, pkg = ru.mail.cloud, mode = 48
04-18 00:40:39.024  4066  4127 I AppIconSolution: return adaptive icon for ru.mail.cloud, isNight = true
04-18 00:40:39.024  4066  4127 I LauncherActivityInfo: packageName: ru.mail.cloud, useThemeIcon: false, height: 288, width: 288, density: 640
04-18 00:40:39.035  5628  8379 I SearchManagerService: _updateSearchables
04-18 00:40:39.056  4066  4127 I HsAllAppsList: set ComponentInfo{ru.mail.cloud/ru.mail.cloud.ui.views.MainActivity} app progress level to 100
04-18 00:40:39.075   401   401 D BoundBrokerSvc: onUnbind: Intent { act=com.google.android.gms.measurement.START pkg=com.google.android.gms }
04-18 00:40:39.085  4066  4127 I WidgetsModel: EasyModeWidget will be excluded on WidgetList.
04-18 00:40:39.093  4066  4127 I AppIconSolution: return adaptive icon for ru.mail.cloud, isNight = true
04-18 00:40:39.117  4039  4055 W libc    : Access denied finding property "sys.perf.boostopt"
04-18 00:40:39.123  4066  4127 I PackageUpdatedTask: modified, appInfo : AppInfo(id=178 type=APP hidden=0 container=all_apps screen=0 rank=21 rankOfList=-1 user=UserHandle{0} title=Cloud Mail.ru componentName=ComponentInfo{ru.mail.cloud/ru.mail.cloud.ui.views.MainActivity} screenType=0 runtimeStatusFlags=384 status=0)
04-18 00:40:39.124  4066  4127 I AppsModelWriter: updateItems(start) : needToNormalize = true
04-18 00:40:39.124  4066  4127 I AppsModelWriter: updateItems(start) > needToBind = true
04-18 00:40:39.124  4066  4127 I AppsModelWriter: updateItems(start)> 0, 178, 0, -102, 0, 21, UserHandle{0}, 0, Cloud Mail.ru, -1, -1
04-18 00:40:39.124  4066  4127 I AppsModelWriter: normalizeVisibleItems : [matched = true] col = 5, raw : 6
04-18 00:40:39.126  4066  4127 I AppsModelWriter: normalizeVisibleItems(visibleItems)> 0, 46, 2, -102, 0, 0, UserHandle{0}, 0, Google, -1, -1
04-18 00:40:39.126  4066  4127 I AppsModelWriter: normalizeVisibleItems(visibleItems)> 0, 36, 2, -102, 0, 1, UserHandle{0}, 0, Samsung, -1, -1
04-18 00:40:39.126  4066  4127 I AppsModelWriter: normalizeVisibleItems(visibleItems)> 0, 160, 0, -102, 0, 2, UserHandle{0}, 0, 3D Calculator, -1, -1
04-18 00:40:39.126  4066  4127 I AppsModelWriter: normalizeVisibleItems(visibleItems)> 0, 202, 0, -102, 0, 3, UserHandle{0}, 0, Adobe Acrobat, -1, -1
04-18 00:40:39.126  4066  4127 I AppsModelWriter: normalizeVisibleItems(visibleItems)> 0, 176, 0, -102, 0, 4, UserHandle{0}, 0, App Center, -1, -1
04-18 00:40:39.126  4066  4127 I AppsModelWriter: normalizeVisibleItems(visibleItems)> 0, 250, 0, -102, 0, 5, UserHandle{0}, 0, AR Zone, -1, -1
04-18 00:40:39.126  4066  4127 I AppsModelWriter: normalizeVisibleItems(visibleItems)> 0, 161, 0, -102, 0, 6, UserHandle{0}, 0, Assistant, -1, -1
04-18 00:40:39.126  4066  4127 I AppsModelWriter: normalizeVisibleItems(visibleItems)> 0, 180, 0, -102, 0, 7, UserHandle{0}, 0, Authenticator, -1, -1
04-18 00:40:39.126  4066  4127 I AppsModelWriter: normalizeVisibleItems(visibleItems)> 0, 249, 0, -102, 0, 8, UserHandle{0}, 0, Benchmark, -1, -1
04-18 00:40:39.126  4066  4127 I AppsModelWriter: normalizeVisibleItems(visibleItems)> 0, 270, 0, -102, 0, 9, UserHandle{0}, 0, BeoGRADSKI prevoz, -1, -1
04-18 00:40:39.126  4066  4127 I AppsModelWriter: normalizeVisibleItems(visibleItems)> 0, 277, 0, -102, 0, 10, UserHandle{0}, 0, Bing, -1, -1
04-18 00:40:39.126  4066  4127 I AppsModelWriter: normalizeVisibleItems(visibleItems)> 0, 111, 0, -102, 0, 11, UserHandle{0}, 0, Browser, -1, -1
04-18 00:40:39.126  4066  4127 I AppsModelWriter: normalizeVisibleItems(visibleItems)> 0, 93, 0, -102, 0, 12, UserHandle{0}, 0, Calculator, -1, -1
04-18 00:40:39.126  4066  4127 I AppsModelWriter: normalizeVisibleItems(visibleItems)> 0, 158, 0, -102, 0, 13, UserHandle{0}, 0, Calculator, -1, -1
04-18 00:40:39.126  4066  4127 I AppsModelWriter: normalizeVisibleItems(visibleItems)> 0, 74, 0, -102, 0, 14, UserHandle{0}, 0, Calendar, -1, -1
04-18 00:40:39.126  4066  4127 I AppsModelWriter: normalizeVisibleItems(visibleItems)> 0, 224, 0, -102, 0, 15, UserHandle{0}, 0, Calendar, -1, -1
04-18 00:40:39.126  4066  4127 I AppsModelWriter: normalizeVisibleItems(visibleItems)> 0, 69, 0, -102, 0, 16, UserHandle{0}, 0, Camera, -1, -1
04-18 00:40:39.126  4066  4127 I AppsModelWriter: normalizeVisibleItems(visibleItems)> 0, 204, 0, -102, 0, 17, UserHandle{0}, 0, Canon Print Service, -1, -1
04-18 00:40:39.126  4066  4127 I AppsModelWriter: normalizeVisibleItems(visibleItems)> 0, 236, 0, -102, 0, 18, UserHandle{0}, 0, CAR:GO, -1, -1
04-18 00:40:39.126  4066  4127 I AppsModelWriter: normalizeVisibleItems(visibleItems)> 0, 116, 0, -102, 0, 19, UserHandle{0}, 0, CDE ITMO, -1, -1
04-18 00:40:39.126  4066  4127 I AppsModelWriter: normalizeVisibleItems(visibleItems)> 0, 71, 0, -102, 0, 20, UserHandle{0}, 0, Clock, -1, -1
04-18 00:40:39.126  4066  4127 I AppsModelWriter: normalizeVisibleItems(visibleItems)> 0, 178, 0, -102, 0, 21, UserHandle{0}, 0, Cloud Mail.ru, -1, -1
04-18 00:40:39.126  4066  4127 I AppsModelWriter: normalizeVisibleItems(visibleItems)> 0, 72, 0, -102, 0, 22, UserHandle{0}, 0, Contacts, -1, -1
04-18 00:40:39.126  4066  4127 I AppsModelWriter: normalizeVisibleItems(visibleItems)> 0, 195, 0, -102, 0, 23, UserHandle{0}, 0, Contacts, -1, -1
04-18 00:40:39.126  4066  4127 I AppsModelWriter: normalizeVisibleItems(visibleItems)> 0, 151, 0, -102, 0, 24, UserHandle{0}, 0, Cxxdroid, -1, -1
04-18 00:40:39.126  4066  4127 I AppsModelWriter: normalizeVisibleItems(visibleItems)> 0, 193, 0, -102, 0, 25, UserHandle{0}, 0, Dcoder, -1, -1
04-18 00:40:39.126  4066  4127 I AppsModelWriter: normalizeVisibleItems(visibleItems)> 0, 266, 0, -102, 0, 26, UserHandle{0}, 0, Digital Wellbeing, -1, -1
04-18 00:40:39.126  4066  4127 I AppsModelWriter: normalizeVisibleItems(visibleItems)> 0, 118, 0, -102, 0, 27, UserHandle{0}, 0, Discord, -1, -1
04-18 00:40:39.126  4066  4127 I AppsModelWriter: normalizeVisibleItems(visibleItems)> 0, 171, 0, -102, 0, 28, UserHandle{0}, 0, Docs, -1, -1
04-18 00:40:39.126  4066  4127 I AppsModelWriter: normalizeVisibleItems(visibleItems)> 0, 268, 0, -102, 0, 29, UserHandle{0}, 0, DontKillMyApp, -1, -1
04-18 00:40:39.126  4066  4127 I AppsModelWriter: normalizeVisibleItems(visibleItems)> 0, 86, 0, -102, 1, 0, UserHandle{0}, 0, Drive, -1, -1
04-18 00:40:39.126  4066  4127 I AppsModelWriter: normalizeVisibleItems(visibleItems)> 0, 166, 0, -102, 1, 1, UserHandle{0}, 0, DuckDuckGo, -1, -1
04-18 00:40:39.126  4066  4127 I AppsModelWriter: normalizeVisibleItems(visibleItems)> 0, 253, 0, -102, 1, 2, UserHandle{0}, 0, Duolingo, -1, -1
04-18 00:40:39.127  4066  4127 I AppsModelWriter: normalizeVisibleItems(visibleItems)> 0, 279, 0, -102, 1, 3, UserHandle{0}, 0, Durak, -1, -1
04-18 00:40:39.127  4066  4127 I AppsModelWriter: normalizeVisibleItems(visibleItems)> 0, 201, 0, -102, 1, 4, UserHandle{0}, 0, Edge Canary, -1, -1
04-18 00:40:39.127  4066  4127 I AppsModelWriter: normalizeVisibleItems(visibleItems)> 0, 174, 0, -102, 1, 5, UserHandle{0}, 0, Excel, -1, -1
04-18 00:40:39.127  4066  4127 I AppsModelWriter: normalizeVisibleItems(visibleItems)> 0, 196, 0, -102, 1, 6, UserHandle{0}, 0, Files, -1, -1
04-18 00:40:39.127  4066  4127 I AppsModelWriter: normalizeVisibleItems(visibleItems)> 0, 145, 0, -102, 1, 7, UserHandle{0}, 0, Firefox, -1, -1
04-18 00:40:39.127  4066  4127 I AppsModelWriter: normalizeVisibleItems(visibleItems)> 0, 264, 0, -102, 1, 8, UserHandle{0}, 0, Flipd, -1, -1
04-18 00:40:39.127  4066  4127 I AppsModelWriter: normalizeVisibleItems(visibleItems)> 0, 263, 0, -102, 1, 9, UserHandle{0}, 0, Forest, -1, -1
04-18 00:40:39.127  4066  4127 I AppsModelWriter: normalizeVisibleItems(visibleItems)> 0, 63, 0, -102, 1, 10, UserHandle{0}, 0, Galaxy Store, -1, -1
04-18 00:40:39.127  4066  4127 I AppsModelWriter: normalizeVisibleItems(visibleItems)> 0, 94, 0, -102, 1, 11, UserHandle{0}, 0, Galaxy Wearable, -1, -1
04-18 00:40:39.127  4066  4127 I AppsModelWriter: normalizeVisibleItems(visibleItems)> 0, 70, 0, -102, 1, 12, UserHandle{0}, 0, Gallery, -1, -1
04-18 00:40:39.127  4066  4127 I AppsModelWriter: normalizeVisibleItems(visibleItems)> 0, 78, 0, -102, 1, 13, UserHandle{0}, 0, Game Launcher, -1, -1
04-18 00:40:39.127  4066  4127 I AppsModelWriter: normalizeVisibleItems(visibleItems)> 0, 239, 0, -102, 1, 14, UserHandle{0}, 0, Game Plugins, -1, -1
04-18 00:40:39.127  4066  4127 I AppsModelWriter: normalizeVisibleItems(visibleItems)> 0, 280, 0, -102, 1, 15, UserHandle{0}, 0, Games, -1, -1
04-18 00:40:39.127  4066  4127 I AppsModelWriter: normalizeVisibleItems(visibleItems)> 0, 198, 0, -102, 1, 16, UserHandle{0}, 0, Gboard, -1, -1
04-18 00:40:39.127  4066  4127 I AppsModelWriter: normalizeVisibleItems(visibleItems)> 0, 173, 0, -102, 1, 17, UserHandle{0}, 0, GitHub, -1, -1
04-18 00:40:39.127  4066  4127 I AppsModelWriter: normalizeVisibleItems(visibleItems)> 0, 209, 0, -102, 1, 18, UserHandle{0}, 0, Glovo, -1, -1
04-18 00:40:39.127  4066  4127 I AppsModelWriter: normalizeVisibleItems(visibleItems)> 0, 153, 0, -102, 1, 19, UserHandle{0}, 0, Google Japanese Input, -1, -1
04-18 00:40:39.127  4066  4127 I AppsModelWriter: normalizeVisibleItems(visibleItems)> 0, 281, 0, -102, 1, 20, UserHandle{0}, 0, Grammarly, -1, -1
04-18 00:40:39.127  4066  4127 I AppsModelWriter: normalizeVisibleItems(visibleItems)> 0, 181, 0, -102, 1, 21, UserHandle{0}, 0, Graphing Calc, -1, -1
04-18 00:40:39.127  4066  4127 I AppsModelWriter: normalizeVisibleItems(visibleItems)> 0, 165, 0, -102, 1, 22, UserHandle{0}, 0, HiPER Scientific Calculator, -1, -1
04-18 00:40:39.127  4066  4127 I AppsModelWriter: normalizeVisibleItems(visibleItems)> 0, 274, 0, -102, 1, 23, UserHandle{0}, 0, Instagram, -1, -1
04-18 00:40:39.127  4066  4127 I AppsModelWriter: normalizeVisibleItems(visibleItems)> 0, 235, 0, -102, 1, 24, UserHandle{0}, 0, KAlgebra, -1, -1
04-18 00:40:39.127  4066  4127 I AppsModelWriter: normalizeVisibleItems(visibleItems)> 0, 139, 0, -102, 1, 25, UserHandle{0}, 0, Kaspersky, -1, -1
04-18 00:40:39.127  4066  4127 I AppsModelWriter: normalizeVisibleItems(visibleItems)> 0, 234, 0, -102, 1, 26, UserHandle{0}, 0, KDE Connect, -1, -1
04-18 00:40:39.127  4066  4127 I AppsModelWriter: normalizeVisibleItems(visibleItems)> 0, 120, 0, -102, 1, 27, UserHandle{0}, 0, Keep notes, -1, -1
04-18 00:40:39.127  4066  4127 I AppsModelWriter: normalizeVisibleItems(visibleItems)> 0, 244, 0, -102, 1, 28, UserHandle{0}, 0, Knowledge, -1, -1
04-18 00:40:39.127  4066  4127 I AppsModelWriter: normalizeVisibleItems(visibleItems)> 0, 228, 0, -102, 1, 29, UserHandle{0}, 0, Lens, -1, -1
04-18 00:40:39.127  4066  4127 I AppsModelWriter: normalizeVisibleItems(visibleItems)> 0, 255, 0, -102, 2, 0, UserHandle{0}, 0, LinkedIn, -1, -1
04-18 00:40:39.127  4066  4127 I AppsModelWriter: normalizeVisibleItems(visibleItems)> 0, 84, 0, -102, 2, 1, UserHandle{0}, 0, Mail, -1, -1
04-18 00:40:39.127  4066  4127 I AppsModelWriter: normalizeVisibleItems(visibleItems)> 0, 117, 0, -102, 2, 2, UserHandle{0}, 0, Mail, -1, -1
04-18 00:40:39.127  4066  4127 I AppsModelWriter: normalizeVisibleItems(visibleItems)> 0, 125, 0, -102, 2, 3, UserHandle{0}, 0, Maps, -1, -1
04-18 00:40:39.127  4066  4127 I AppsModelWriter: normalizeVisibleItems(visibleItems)> 0, 203, 0, -102, 2, 4, UserHandle{0}, 0, meduza, -1, -1
04-18 00:40:39.127  4066  4127 I AppsModelWriter: normalizeVisibleItems(visibleItems)> 0, 218, 0, -102, 2, 5, UserHandle{0}, 0, Meet, -1, -1
04-18 00:40:39.127  4066  4127 I AppsModelWriter: normalizeVisibleItems(visibleItems)> 0, 254, 0, -102, 2, 6, UserHandle{0}, 0, Meet (original), -1, -1
04-18 00:40:39.128  4066  4127 I AppsModelWriter: normalizeVisibleItems(visibleItems)> 0, 276, 0, -102, 2, 7, UserHandle{0}, 0, MegaFonPRO, -1, -1
04-18 00:40:39.128  4066  4127 I AppsModelWriter: normalizeVisibleItems(visibleItems)> 0, 68, 0, -102, 2, 8, UserHandle{0}, 0, Messages, -1, -1
04-18 00:40:39.128  4066  4127 I AppsModelWriter: normalizeVisibleItems(visibleItems)> 0, 103, 0, -102, 2, 9, UserHandle{0}, 0, Microsoft 365 (Office), -1, -1
04-18 00:40:39.128  4066  4127 I AppsModelWriter: normalizeVisibleItems(visibleItems)> 0, 159, 0, -102, 2, 10, UserHandle{0}, 0, Microsoft Launcher, -1, -1
04-18 00:40:39.128  4066  4127 I AppsModelWriter: normalizeVisibleItems(visibleItems)> 0, 261, 0, -102, 2, 11, UserHandle{0}, 0, Moj Maxi, -1, -1
04-18 00:40:39.128  4066  4127 I AppsModelWriter: normalizeVisibleItems(visibleItems)> 0, 252, 0, -102, 2, 12, UserHandle{0}, 0, Moja mBanka, -1, -1
04-18 00:40:39.128  4066  4127 I AppsModelWriter: normalizeVisibleItems(visibleItems)> 0, 233, 0, -102, 2, 13, UserHandle{0}, 0, Moodle, -1, -1
04-18 00:40:39.128  4066  4127 I AppsModelWriter: normalizeVisibleItems(visibleItems)> 0, 258, 0, -102, 2, 14, UserHandle{0}, 0, Moovit, -1, -1
04-18 00:40:39.128  4066  4127 I AppsModelWriter: normalizeVisibleItems(visibleItems)> 0, 275, 0, -102, 2, 15, UserHandle{0}, 0, Music, -1, -1
04-18 00:40:39.128  4066  4127 I AppsModelWriter: normalizeVisibleItems(visibleItems)> 0, 169, 0, -102, 2, 16, UserHandle{0}, 0, my.itmo, -1, -1
04-18 00:40:39.128  4066  4127 I AppsModelWriter: normalizeVisibleItems(visibleItems)> 0, 197, 0, -102, 2, 17, UserHandle{0}, 0, Natural Scientific Calculator, -1, -1
04-18 00:40:39.128  4066  4127 I AppsModelWriter: normalizeVisibleItems(visibleItems)> 0, 260, 0, -102, 2, 18, UserHandle{0}, 0, Notion, -1, -1
04-18 00:40:39.128  4066  4127 I AppsModelWriter: normalizeVisibleItems(visibleItems)> 0, 251, 0, -102, 2, 19, UserHandle{0}, 0, Omnics, -1, -1
04-18 00:40:39.128  4066  4127 I AppsModelWriter: normalizeVisibleItems(visibleItems)> 0, 58, 0, -102, 2, 20, UserHandle{0}, 0, OneDrive, -1, -1
04-18 00:40:39.128  4066  4127 I AppsModelWriter: normalizeVisibleItems(visibleItems)> 0, 149, 0, -102, 2, 21, UserHandle{0}, 0, OONI Probe, -1, -1
04-18 00:40:39.128  4066  4127 I AppsModelWriter: normalizeVisibleItems(visibleItems)> 0, 179, 0, -102, 2, 22, UserHandle{0}, 0, Orbot, -1, -1
04-18 00:40:39.128  4066  4127 I AppsModelWriter: normalizeVisibleItems(visibleItems)> 0, 146, 0, -102, 2, 23, UserHandle{0}, 0, PaintCAD, -1, -1
04-18 00:40:39.128  4066  4127 I AppsModelWriter: normalizeVisibleItems(visibleItems)> 0, 67, 0, -102, 2, 24, UserHandle{0}, 0, Phone, -1, -1
04-18 00:40:39.128  4066  4127 I AppsModelWriter: normalizeVisibleItems(visibleItems)> 0, 219, 0, -102, 2, 25, UserHandle{0}, 0, PhoneAccount Abuse Detector, -1, -1
04-18 00:40:39.128  4066  4127 I AppsModelWriter: normalizeVisibleItems(visibleItems)> 0, 177, 0, -102, 2, 26, UserHandle{0}, 0, Photomath, -1, -1
04-18 00:40:39.128  4066  4127 I AppsModelWriter: normalizeVisibleItems(visibleItems)> 0, 92, 0, -102, 2, 27, UserHandle{0}, 0, Photos, -1, -1
04-18 00:40:39.128  4066  4127 I AppsModelWriter: normalizeVisibleItems(visibleItems)> 0, 132, 0, -102, 2, 28, UserHandle{0}, 0, PhotoScan, -1, -1
04-18 00:40:39.128  4066  4127 I AppsModelWriter: normalizeVisibleItems(visibleItems)> 0, 242, 0, -102, 2, 29, UserHandle{0}, 0, Play Games, -1, -1
04-18 00:40:39.128  4066  4127 I AppsModelWriter: normalizeVisibleItems(visibleItems)> 0, 192, 0, -102, 3, 0, UserHandle{0}, 0, Play Music, -1, -1
04-18 00:40:39.128  4066  4127 I AppsModelWriter: normalizeVisibleItems(visibleItems)> 0, 61, 0, -102, 3, 1, UserHandle{0}, 0, Play Store, -1, -1
04-18 00:40:39.128  4066  4127 I AppsModelWriter: normalizeVisibleItems(visibleItems)> 0, 227, 0, -102, 3, 2, UserHandle{0}, 0, Proton VPN, -1, -1
04-18 00:40:39.128  4066  4127 I AppsModelWriter: normalizeVisibleItems(visibleItems)> 0, 200, 0, -102, 3, 3, UserHandle{0}, 0, Psiphon Pro, -1, -1
04-18 00:40:39.128  4066  4127 I AppsModelWriter: normalizeVisibleItems(visibleItems)> 0, 147, 0, -102, 3, 4, UserHandle{0}, 0, Pydroid 3, -1, -1
04-18 00:40:39.128  4066  4127 I AppsModelWriter: normalizeVisibleItems(visibleItems)> 0, 124, 0, -102, 3, 5, UserHandle{0}, 0, QuickEdit, -1, -1
04-18 00:40:39.128  4066  4127 I AppsModelWriter: normalizeVisibleItems(visibleItems)> 0, 232, 0, -102, 3, 6, UserHandle{0}, 0, Quip, -1, -1
04-18 00:40:39.128  4066  4127 I AppsModelWriter: normalizeVisibleItems(visibleItems)> 0, 221, 0, -102, 3, 7, UserHandle{0}, 0, RaiPay, -1, -1
04-18 00:40:39.128  4066  4127 I AppsModelWriter: normalizeVisibleItems(visibleItems)> 0, 128, 0, -102, 3, 8, UserHandle{0}, 0, RAR, -1, -1
04-18 00:40:39.128  4066  4127 I AppsModelWriter: normalizeVisibleItems(visibleItems)> 0, 245, 0, -102, 3, 9, UserHandle{0}, 0, Reddit, -1, -1
04-18 00:40:39.129  4066  4127 I AppsModelWriter: normalizeVisibleItems(visibleItems)> 0, 96, 0, -102, 3, 10, UserHandle{0}, 0, Samsung Health, -1, -1
04-18 00:40:39.129  4066  4127 I AppsModelWriter: normalizeVisibleItems(visibleItems)> 0, 99, 0, -102, 3, 11, UserHandle{0}, 0, Samsung Members, -1, -1
04-18 00:40:39.129  4066  4127 I AppsModelWriter: normalizeVisibleItems(visibleItems)> 0, 100, 0, -102, 3, 12, UserHandle{0}, 0, Samsung Notes, -1, -1
04-18 00:40:39.129  4066  4127 I AppsModelWriter: normalizeVisibleItems(visibleItems)> 0, 205, 0, -102, 3, 13, UserHandle{0}, 0, ScreenshotGo, -1, -1
04-18 00:40:39.129  4066  4127 I AppsModelWriter: normalizeVisibleItems(visibleItems)> 0, 73, 0, -102, 3, 14, UserHandle{0}, 0, Settings, -1, -1
04-18 00:40:39.129  4066  4127 I AppsModelWriter: normalizeVisibleItems(visibleItems)> 0, 143, 0, -102, 3, 15, UserHandle{0}, 0, Shazam, -1, -1
04-18 00:40:39.129  4066  4127 I AppsModelWriter: normalizeVisibleItems(visibleItems)> 0, 112, 0, -102, 3, 16, UserHandle{0}, 0, Sheets, -1, -1
04-18 00:40:39.129  4066  4127 I AppsModelWriter: normalizeVisibleItems(visibleItems)> 0, 183, 0, -102, 3, 17, UserHandle{0}, 0, Skype, -1, -1
04-18 00:40:39.129  4066  4127 I AppsModelWriter: normalizeVisibleItems(visibleItems)> 0, 170, 0, -102, 3, 18, UserHandle{0}, 0, Slack, -1, -1
04-18 00:40:39.129  4066  4127 I AppsModelWriter: normalizeVisibleItems(visibleItems)> 0, 135, 0, -102, 3, 19, UserHandle{0}, 0, Slides, -1, -1
04-18 00:40:39.129  4066  4127 I AppsModelWriter: normalizeVisibleItems(visibleItems)> 0, 216, 0, -102, 3, 20, UserHandle{0}, 0, Smart Tutor, -1, -1
04-18 00:40:39.129  4066  4127 I AppsModelWriter: normalizeVisibleItems(visibleItems)> 0, 241, 0, -102, 3, 21, UserHandle{0}, 0, Space, -1, -1
04-18 00:40:39.129  4066  4127 I AppsModelWriter: normalizeVisibleItems(visibleItems)> 0, 265, 0, -102, 3, 22, UserHandle{0}, 0, SPACE, -1, -1
04-18 00:40:39.129  4066  4127 I AppsModelWriter: normalizeVisibleItems(visibleItems)> 0, 136, 0, -102, 3, 23, UserHandle{0}, 0, Speedtest, -1, -1
04-18 00:40:39.129  4066  4127 I AppsModelWriter: normalizeVisibleItems(visibleItems)> 0, 237, 0, -102, 3, 24, UserHandle{0}, 0, Splitwise, -1, -1
04-18 00:40:39.129  4066  4127 I AppsModelWriter: normalizeVisibleItems(visibleItems)> 0, 278, 0, -102, 3, 25, UserHandle{0}, 0, Srbija voz, -1, -1
04-18 00:40:39.129  4066  4127 I AppsModelWriter: normalizeVisibleItems(visibleItems)> 0, 109, 0, -102, 3, 26, UserHandle{0}, 0, Stepik, -1, -1
04-18 00:40:39.129  4066  4127 I AppsModelWriter: normalizeVisibleItems(visibleItems)> 0, 122, 0, -102, 3, 27, UserHandle{0}, 0, Tasks, -1, -1
04-18 00:40:39.129  4066  4127 I AppsModelWriter: normalizeVisibleItems(visibleItems)> 0, 267, 0, -102, 3, 28, UserHandle{0}, 0, TeamCityApp, -1, -1
04-18 00:40:39.129  4066  4127 I AppsModelWriter: normalizeVisibleItems(visibleItems)> 0, 223, 0, -102, 3, 29, UserHandle{0}, 0, Teams, -1, -1
04-18 00:40:39.129  4066  4127 I AppsModelWriter: normalizeVisibleItems(visibleItems)> 0, 108, 0, -102, 4, 0, UserHandle{0}, 0, Telegram, -1, -1
04-18 00:40:39.129  4066  4127 I AppsModelWriter: normalizeVisibleItems(visibleItems)> 0, 123, 0, -102, 4, 1, UserHandle{0}, 0, Telegram Beta, -1, -1
04-18 00:40:39.129  4066  4127 I AppsModelWriter: normalizeVisibleItems(visibleItems)> 0, 256, 0, -102, 4, 2, UserHandle{0}, 0, Telemost, -1, -1
04-18 00:40:39.129  4066  4127 I AppsModelWriter: normalizeVisibleItems(visibleItems)> 0, 126, 0, -102, 4, 3, UserHandle{0}, 0, Termux, -1, -1
04-18 00:40:39.129  4066  4127 I AppsModelWriter: normalizeVisibleItems(visibleItems)> 0, 175, 0, -102, 4, 4, UserHandle{0}, 0, Termux Tutorial, -1, -1
04-18 00:40:39.129  4066  4127 I AppsModelWriter: normalizeVisibleItems(visibleItems)> 0, 247, 0, -102, 4, 5, UserHandle{0}, 0, Tinkoff, -1, -1
04-18 00:40:39.129  4066  4127 I AppsModelWriter: normalizeVisibleItems(visibleItems)> 0, 105, 0, -102, 4, 6, UserHandle{0}, 0, Tips, -1, -1
04-18 00:40:39.129  4066  4127 I AppsModelWriter: normalizeVisibleItems(visibleItems)> 0, 243, 0, -102, 4, 7, UserHandle{0}, 0, To Do, -1, -1
04-18 00:40:39.129  4066  4127 I AppsModelWriter: normalizeVisibleItems(visibleItems)> 0, 121, 0, -102, 4, 8, UserHandle{0}, 0, Translate, -1, -1
04-18 00:40:39.129  4066  4127 I AppsModelWriter: normalizeVisibleItems(visibleItems)> 0, 163, 0, -102, 4, 9, UserHandle{0}, 0, Translate, -1, -1
04-18 00:40:39.129  4066  4127 I AppsModelWriter: normalizeVisibleItems(visibleItems)> 0, 199, 0, -102, 4, 10, UserHandle{0}, 0, Twitch, -1, -1
04-18 00:40:39.129  4066  4127 I AppsModelWriter: normalizeVisibleItems(visibleItems)> 0, 248, 0, -102, 4, 11, UserHandle{0}, 0, Twitter, -1, -1
04-18 00:40:39.130  4066  4127 I AppsModelWriter: normalizeVisibleItems(visibleItems)> 0, 110, 0, -102, 4, 12, UserHandle{0}, 0, VK, -1, -1
04-18 00:40:39.130  4066  4127 I AppsModelWriter: normalizeVisibleItems(visibleItems)> 0, 102, 0, -102, 4, 13, UserHandle{0}, 0, Voice Recorder, -1, -1
04-18 00:40:39.130  4066  4127 I AppsModelWriter: normalizeVisibleItems(visibleItems)> 0, 210, 0, -102, 4, 14, UserHandle{0}, 0, Wallet, -1, -1
04-18 00:40:39.130  4066  4127 I AppsModelWriter: normalizeVisibleItems(visibleItems)> 0, 119, 0, -102, 4, 15, UserHandle{0}, 0, WhatsApp, -1, -1
04-18 00:40:39.130  4066  4127 I AppsModelWriter: normalizeVisibleItems(visibleItems)> 0, 231, 0, -102, 4, 16, UserHandle{0}, 0, WiFiAnalyzer, -1, -1
04-18 00:40:39.130  4066  4127 I AppsModelWriter: normalizeVisibleItems(visibleItems)> 0, 156, 0, -102, 4, 17, UserHandle{0}, 0, Wolfram Alpha, -1, -1
04-18 00:40:39.130  4066  4127 I AppsModelWriter: normalizeVisibleItems(visibleItems)> 0, 214, 0, -102, 4, 18, UserHandle{0}, 0, Wolt, -1, -1
04-18 00:40:39.130  4066  4127 I AppsModelWriter: normalizeVisibleItems(visibleItems)> 0, 140, 0, -102, 4, 19, UserHandle{0}, 0, Word, -1, -1
04-18 00:40:39.130  4066  4127 I AppsModelWriter: normalizeVisibleItems(visibleItems)> 0, 262, 0, -102, 4, 20, UserHandle{0}, 0, Xiaomi Home, -1, -1
04-18 00:40:39.130  4066  4127 I AppsModelWriter: normalizeVisibleItems(visibleItems)> 0, 185, 0, -102, 4, 21, UserHandle{0}, 0, Y.Weather, -1, -1
04-18 00:40:39.130  4066  4127 I AppsModelWriter: normalizeVisibleItems(visibleItems)> 0, 150, 0, -102, 4, 22, UserHandle{0}, 0, YandexDisk, -1, -1
04-18 00:40:39.130  4066  4127 I AppsModelWriter: normalizeVisibleItems(visibleItems)> 0, 208, 0, -102, 4, 23, UserHandle{0}, 0, Yandex Metro, -1, -1
04-18 00:40:39.130  4066  4127 I AppsModelWriter: normalizeVisibleItems(visibleItems)> 0, 152, 0, -102, 4, 24, UserHandle{0}, 0, Yandex Navi, -1, -1
04-18 00:40:39.130  4066  4127 I AppsModelWriter: normalizeVisibleItems(visibleItems)> 0, 83, 0, -102, 4, 25, UserHandle{0}, 0, Yandex Start, -1, -1
04-18 00:40:39.130  4066  4127 I AppsModelWriter: normalizeVisibleItems(visibleItems)> 0, 188, 0, -102, 4, 26, UserHandle{0}, 0, YandexGo, -1, -1
04-18 00:40:39.130  4066  4127 I AppsModelWriter: normalizeVisibleItems(visibleItems)> 0, 211, 0, -102, 4, 27, UserHandle{0}, 0, Yettel, -1, -1
04-18 00:40:39.130  4066  4127 I AppsModelWriter: normalizeVisibleItems(visibleItems)> 0, 230, 0, -102, 4, 28, UserHandle{0}, 0, YouTrack, -1, -1
04-18 00:40:39.130  4066  4127 I AppsModelWriter: normalizeVisibleItems(visibleItems)> 0, 215, 0, -102, 4, 29, UserHandle{0}, 0, Zoom, -1, -1
04-18 00:40:39.130  4066  4127 I AppsModelWriter: normalizeVisibleItems(visibleItems)> 0, 206, 0, -102, 5, 0, UserHandle{0}, 0, , -1, -1
04-18 00:40:39.130  4066  4127 I AppsModelWriter: normalizeVisibleItems(visibleItems)> 0, 222, 0, -102, 5, 1, UserHandle{0}, 0, , -1, -1
04-18 00:40:39.130  4066  4127 I AppsModelWriter: normalizeVisibleItems(visibleItems)> 0, 212, 0, -102, 5, 2, UserHandle{0}, 0, , -1, -1
04-18 00:40:39.130  4066  4127 I AppsModelWriter: normalizeVisibleItems(visibleItems)> 0, 246, 0, -102, 5, 3, UserHandle{0}, 0, ., -1, -1
04-18 00:40:39.130  4066  4127 I AppsModelWriter: normalizeVisibleItems(visibleItems)> 0, 85, 0, -102, 5, 4, UserHandle{0}, 0, , -1, -1
04-18 00:40:39.130  4066  4127 I AppsModelWriter: normalizeVisibleItems(visibleItems)> 0, 138, 0, -102, 5, 5, UserHandle{0}, 0, , -1, -1
04-18 00:40:39.130  4066  4127 I AppsModelWriter: normalizeVisibleItems(visibleItems)> 0, 207, 0, -102, 5, 6, UserHandle{0}, 0,  Tele2, -1, -1
04-18 00:40:39.130  4066  4127 I AppsModelWriter: normalizeVisibleItems(visibleItems)> 0, 213, 0, -102, 5, 7, UserHandle{0}, 0,  , -1, -1
04-18 00:40:39.130  4066  4127 I AppsModelWriter: normalizeVisibleItems(visibleItems)> 0, 168, 0, -102, 5, 8, UserHandle{0}, 0, , -1, -1
04-18 00:40:39.130  4066  4127 I AppsModelWriter: normalizeVisibleItems(visibleItems)> 0, 273, 0, -102, 5, 9, UserHandle{0}, 0,  , -1, -1
04-18 00:40:39.130  4066  4127 I AppsModelWriter: normalizeVisibleItems(visibleItems)> 0, 127, 0, -102, 5, 10, UserHandle{0}, 0,  , -1, -1
04-18 00:40:39.133  4066  4127 I AppsModelWriter: updateItems(end) : updateItem> 0, 178, 0, -102, 0, 21, UserHandle{0}, 0, Cloud Mail.ru, -1, -1
04-18 00:40:39.133  4066  4127 I PostPositionOperator: addAllItems() - All
04-18 00:40:39.133  4066  4127 I PostPositionOperator: addItem() - , isWidgetOnly : false
04-18 00:40:39.133  4066  4066 I AppsModelWriter: bindAppsItems() - visibleAddItems : 0, visibleUpdateItems : 1, removeItems : 0
04-18 00:40:39.135  4066  4066 I Launcher.AppsContainerView: bindAppsUpdates() => add: 0, update: 1, remove: 0
04-18 00:40:39.135  4066  4066 I Launcher.AppsPageDelegate: updateItemToNewPosition = title : Samsung, rank : 1, screenId : 0, user: UserHandle{0}, screenType: 0, pos: 1, screen: 0
04-18 00:40:39.135  4066  4066 I Launcher.AppsPageDelegate: updateItemToNewPosition = title : Google, rank : 0, screenId : 0, user: UserHandle{0}, screenType: 0, pos: 0, screen: 0
04-18 00:40:39.135  4066  4066 I Launcher.AppsPageDelegate: updateItemToNewPosition = title : Camera, rank : 16, screenId : 0, user: UserHandle{0}, screenType: 0, pos: 16, screen: 0
04-18 00:40:39.135  4066  4066 I Launcher.AppsPageDelegate: updateItemToNewPosition = title : Clock, rank : 20, screenId : 0, user: UserHandle{0}, screenType: 0, pos: 20, screen: 0
04-18 00:40:39.136  4066  4066 I Launcher.AppsPageDelegate: updateItemToNewPosition = title : Contacts, rank : 22, screenId : 0, user: UserHandle{0}, screenType: 0, pos: 22, screen: 0
04-18 00:40:39.136  4066  4066 I Launcher.AppsPageDelegate: updateItemToNewPosition = title : Calendar, rank : 14, screenId : 0, user: UserHandle{0}, screenType: 0, pos: 14, screen: 0
04-18 00:40:39.136  4066  4066 I Launcher.AppsPageDelegate: updateItemToNewPosition = title : Calculator, rank : 12, screenId : 0, user: UserHandle{0}, screenType: 0, pos: 12, screen: 0
04-18 00:40:39.136  4066  4066 I Launcher.AppsPageDelegate: updateItemToNewPosition = title : Browser, rank : 11, screenId : 0, user: UserHandle{0}, screenType: 0, pos: 11, screen: 0
04-18 00:40:39.136  4066  4066 I Launcher.AppsPageDelegate: updateItemToNewPosition = title : CDE ITMO, rank : 19, screenId : 0, user: UserHandle{0}, screenType: 0, pos: 19, screen: 0
04-18 00:40:39.136  4066  4066 I Launcher.AppsPageDelegate: updateItemToNewPosition = title : Discord, rank : 27, screenId : 0, user: UserHandle{0}, screenType: 0, pos: 27, screen: 0
04-18 00:40:39.136  4066  4066 I Launcher.AppsPageDelegate: updateItemToNewPosition = title : Cxxdroid, rank : 24, screenId : 0, user: UserHandle{0}, screenType: 0, pos: 24, screen: 0
04-18 00:40:39.136  4066  4066 I Launcher.AppsPageDelegate: updateItemToNewPosition = title : Calculator, rank : 13, screenId : 0, user: UserHandle{0}, screenType: 0, pos: 13, screen: 0
04-18 00:40:39.136  4066  4066 I Launcher.AppsPageDelegate: updateItemToNewPosition = title : 3D Calculator, rank : 2, screenId : 0, user: UserHandle{0}, screenType: 0, pos: 2, screen: 0
04-18 00:40:39.136  4066  4066 I Launcher.AppsPageDelegate: updateItemToNewPosition = title : Assistant, rank : 6, screenId : 0, user: UserHandle{0}, screenType: 0, pos: 6, screen: 0
04-18 00:40:39.137  4066  4066 I Launcher.AppsPageDelegate: updateItemToNewPosition = title : Docs, rank : 28, screenId : 0, user: UserHandle{0}, screenType: 0, pos: 28, screen: 0
04-18 00:40:39.137  4066  4066 I Launcher.AppsPageDelegate: updateItemToNewPosition = title : App Center, rank : 4, screenId : 0, user: UserHandle{0}, screenType: 0, pos: 4, screen: 0
04-18 00:40:39.137  4066  4066 I Launcher.AppsPageDelegate: updateItemToNewPosition = title : Cloud Mail.ru, rank : 21, screenId : 0, user: UserHandle{0}, screenType: 0, pos: 21, screen: 0
04-18 00:40:39.137  4066  4066 I Launcher.AppsPageDelegate: updateItemToNewPosition = title : Authenticator, rank : 7, screenId : 0, user: UserHandle{0}, screenType: 0, pos: 7, screen: 0
04-18 00:40:39.137  4066  4066 I Launcher.AppsPageDelegate: updateItemToNewPosition = title : Dcoder, rank : 25, screenId : 0, user: UserHandle{0}, screenType: 0, pos: 25, screen: 0
04-18 00:40:39.137  4066  4066 I Launcher.AppsPageDelegate: updateItemToNewPosition = title : Contacts, rank : 23, screenId : 0, user: UserHandle{0}, screenType: 0, pos: 23, screen: 0
04-18 00:40:39.137  4066  4066 I Launcher.AppsPageDelegate: updateItemToNewPosition = title : Adobe Acrobat, rank : 3, screenId : 0, user: UserHandle{0}, screenType: 0, pos: 3, screen: 0
04-18 00:40:39.137  4066  4066 I Launcher.AppsPageDelegate: updateItemToNewPosition = title : Canon Print Service, rank : 17, screenId : 0, user: UserHandle{0}, screenType: 0, pos: 17, screen: 0
04-18 00:40:39.140  4066  4066 I Launcher.AppsPageDelegate: updateItemToNewPosition = title : Calendar, rank : 15, screenId : 0, user: UserHandle{0}, screenType: 0, pos: 15, screen: 0
04-18 00:40:39.140  4066  4066 I Launcher.AppsPageDelegate: updateItemToNewPosition = title : CAR:GO, rank : 18, screenId : 0, user: UserHandle{0}, screenType: 0, pos: 18, screen: 0
04-18 00:40:39.140  4066  4066 I Launcher.AppsPageDelegate: updateItemToNewPosition = title : Benchmark, rank : 8, screenId : 0, user: UserHandle{0}, screenType: 0, pos: 8, screen: 0
04-18 00:40:39.140  4066  4066 I Launcher.AppsPageDelegate: updateItemToNewPosition = title : AR Zone, rank : 5, screenId : 0, user: UserHandle{0}, screenType: 0, pos: 5, screen: 0
04-18 00:40:39.141  4066  4066 I Launcher.AppsPageDelegate: updateItemToNewPosition = title : Digital Wellbeing, rank : 26, screenId : 0, user: UserHandle{0}, screenType: 0, pos: 26, screen: 0
04-18 00:40:39.141  4066  4066 I Launcher.AppsPageDelegate: updateItemToNewPosition = title : DontKillMyApp, rank : 29, screenId : 0, user: UserHandle{0}, screenType: 0, pos: 29, screen: 0
04-18 00:40:39.141  4066  4066 I Launcher.AppsPageDelegate: updateItemToNewPosition = title : BeoGRADSKI prevoz, rank : 9, screenId : 0, user: UserHandle{0}, screenType: 0, pos: 9, screen: 0
04-18 00:40:39.141  4066  4066 I Launcher.AppsPageDelegate: updateItemToNewPosition = title : Bing, rank : 10, screenId : 0, user: UserHandle{0}, screenType: 0, pos: 10, screen: 0
04-18 00:40:39.141  4066  4066 I Launcher.AppsPageDelegate: updateItemToNewPosition = title : Galaxy Store, rank : 10, screenId : 1, user: UserHandle{0}, screenType: 0, pos: 10, screen: 1
04-18 00:40:39.141  4066  4066 I Launcher.AppsPageDelegate: updateItemToNewPosition = title : Gallery, rank : 12, screenId : 1, user: UserHandle{0}, screenType: 0, pos: 12, screen: 1
04-18 00:40:39.141  4066  4066 I Launcher.AppsPageDelegate: updateItemToNewPosition = title : Game Launcher, rank : 13, screenId : 1, user: UserHandle{0}, screenType: 0, pos: 13, screen: 1
04-18 00:40:39.141  4066  4066 I Launcher.AppsPageDelegate: updateItemToNewPosition = title : Drive, rank : 0, screenId : 1, user: UserHandle{0}, screenType: 0, pos: 0, screen: 1
04-18 00:40:39.141  4066  4066 I Launcher.AppsPageDelegate: updateItemToNewPosition = title : Galaxy Wearable, rank : 11, screenId : 1, user: UserHandle{0}, screenType: 0, pos: 11, screen: 1
04-18 00:40:39.141  4066  4066 I Launcher.AppsPageDelegate: updateItemToNewPosition = title : Keep notes, rank : 27, screenId : 1, user: UserHandle{0}, screenType: 0, pos: 27, screen: 1
