04-27 22:15:00.502  6323  6626 I GameLauncherManagerImp: com.google.android.apps.tasks does not contain game list
04-27 22:15:00.502  6323  6626 I GameLauncherManagerImp: org.telegram.messenger.beta does not contain game list
04-27 22:15:00.502  6323  6626 I GameLauncherManagerImp: com.rhmsoft.edit does not contain game list
04-27 22:15:00.502  6323  6626 I GameLauncherManagerImp: ru.yandex.yandexmaps does not contain game list
04-27 22:15:00.502  6323  6626 I GameLauncherManagerImp: com.termux does not contain game list
04-27 22:15:00.502  6323  6626 I GameLauncherManagerImp: ru.ifmo.main does not contain game list
04-27 22:15:00.502  6323  6626 I GameLauncherManagerImp: com.rarlab.rar does not contain game list
04-27 22:15:00.502  6323  6626 I GameLauncherManagerImp: com.google.android.apps.photos.scanner does not contain game list
04-27 22:15:00.503  6323  6626 I GameLauncherManagerImp: com.google.android.apps.docs.editors.slides does not contain game list
04-27 22:15:00.503  6323  6626 I GameLauncherManagerImp: org.zwanoo.android.speedtest does not contain game list
04-27 22:15:00.503  6323  6626 I GameLauncherManagerImp: ru.megafon.mlk does not contain game list
04-27 22:15:00.503  6323  6626 I GameLauncherManagerImp: com.kms.free does not contain game list
04-27 22:15:00.503  6323  6626 I GameLauncherManagerImp: com.microsoft.office.word does not contain game list
04-27 22:15:00.503  6323  6626 I GameLauncherManagerImp: com.shazam.android does not contain game list
04-27 22:15:00.503  6323  6626 I GameLauncherManagerImp: org.mozilla.firefox does not contain game list
04-27 22:15:00.503  6323  6626 I GameLauncherManagerImp: org.microemu.android.paintcad.PaintCAD does not contain game list
04-27 22:15:00.503  6323  6626 I GameLauncherManagerImp: ru.iiec.pydroid3 does not contain game list
04-27 22:15:00.503  6323  6626 I GameLauncherManagerImp: org.openobservatory.ooniprobe does not contain game list
04-27 22:15:00.503  6323  6626 I GameLauncherManagerImp: ru.yandex.disk does not contain game list
04-27 22:15:00.503  6323  6626 I GameLauncherManagerImp: ru.iiec.cxxdroid does not contain game list
04-27 22:15:00.503  6323  6626 I GameLauncherManagerImp: ru.yandex.yandexnavi does not contain game list
04-27 22:15:00.503  6323  6626 I GameLauncherManagerImp: com.google.android.inputmethod.japanese does not contain game list
04-27 22:15:00.503  6323  6626 I GameLauncherManagerImp: com.wolfram.android.alpha does not contain game list
04-27 22:15:00.503  6323  6626 I GameLauncherManagerImp: com.google.android.calculator does not contain game list
04-27 22:15:00.503  6323  6626 I GameLauncherManagerImp: com.microsoft.launcher does not contain game list
04-27 22:15:00.503  6323  6626 I GameLauncherManagerImp: org.geogebra.android.g3d does not contain game list
04-27 22:15:00.503  6323  6626 I GameLauncherManagerImp: com.google.android.apps.googleassistant does not contain game list
04-27 22:15:00.503  6323  6626 I GameLauncherManagerImp: com.google.android.apps.translate does not contain game list
04-27 22:15:00.503  6323  6626 I GameLauncherManagerImp: cz.hipercalc does not contain game list
04-27 22:15:00.503 21539 21563 D Benchmark: -- Running org.jetbrains.android_benchmark.AckermannBenchmark#valueDouble --
04-27 22:15:00.503  6323  6626 I GameLauncherManagerImp: com.duckduckgo.mobile.android does not contain game list
04-27 22:15:00.503  6323  6626 I GameLauncherManagerImp: com.teremok.keys does not contain game list
04-27 22:15:00.503  6323  6626 I GameLauncherManagerImp: ru.ifmo.itmostudents does not contain game list
04-27 22:15:00.503  6323  6626 I GameLauncherManagerImp: com.Slack does not contain game list
04-27 22:15:00.503  6323  6626 I GameLauncherManagerImp: com.google.android.apps.docs.editors.docs does not contain game list
04-27 22:15:00.503  6323  6626 I GameLauncherManagerImp: com.github.android does not contain game list
04-27 22:15:00.503  6323  6626 I GameLauncherManagerImp: com.microsoft.office.excel does not contain game list
04-27 22:15:00.503  6323  6626 I GameLauncherManagerImp: itools.termuxt does not contain game list
04-27 22:15:00.503  6323  6626 I GameLauncherManagerImp: de.codenauts.hockeyapp does not contain game list
04-27 22:15:00.503  6323  6626 I GameLauncherManagerImp: com.microblink.photomath does not contain game list
04-27 22:15:00.503  6323  6626 I GameLauncherManagerImp: ru.mail.cloud does not contain game list
04-27 22:15:00.503  6323  6626 I GameLauncherManagerImp: org.torproject.android does not contain game list
04-27 22:15:00.504  6323  6626 I GameLauncherManagerImp: com.azure.authenticator does not contain game list
04-27 22:15:00.504  6323  6626 I GameLauncherManagerImp: org.geogebra.android does not contain game list
04-27 22:15:00.504  6323  6626 I GameLauncherManagerImp: com.skype.raider does not contain game list
04-27 22:15:00.504  6323  6626 I GameLauncherManagerImp: ru.yandex.weatherplugin does not contain game list
04-27 22:15:00.504  6323  6626 I GameLauncherManagerImp: ru.yandex.taxi does not contain game list
04-27 22:15:00.504  6323  6626 I GameLauncherManagerImp: com.google.android.music does not contain game list
04-27 22:15:00.504  6323  6626 I GameLauncherManagerImp: com.paprbit.dcoder does not contain game list
04-27 22:15:00.504  6323  6626 I GameLauncherManagerImp: com.google.android.contacts does not contain game list
04-27 22:15:00.504  6323  6626 I GameLauncherManagerImp: com.google.android.apps.nbu.files does not contain game list
04-27 22:15:00.504  6323  6626 I GameLauncherManagerImp: roviminteractive.materialcopy does not contain game list
04-27 22:15:00.504  6323  6626 I GameLauncherManagerImp: com.google.android.inputmethod.latin does not contain game list
04-27 22:15:00.504  6323  6626 I GameLauncherManagerImp: tv.twitch.android.app does not contain game list
04-27 22:15:00.504  6323  6626 I GameLauncherManagerImp: com.psiphon3.subscription does not contain game list
04-27 22:15:00.504  6323  6626 I GameLauncherManagerImp: com.microsoft.emmx.canary does not contain game list
04-27 22:15:00.504  6323  6626 I GameLauncherManagerImp: com.adobe.reader does not contain game list
04-27 22:15:00.504  6323  6626 I GameLauncherManagerImp: io.meduza.meduza does not contain game list
04-27 22:15:00.504  6323  6626 I GameLauncherManagerImp: jp.co.canon.android.printservice.plugin does not contain game list
04-27 22:15:00.504  6323  6626 I GameLauncherManagerImp: org.mozilla.screenshot.go does not contain game list
04-27 22:15:00.504  6323  6626 I GameLauncherManagerImp: ru.rostel does not contain game list
04-27 22:15:00.504  6323  6626 I GameLauncherManagerImp: ru.tele2.mytele2 does not contain game list
04-27 22:15:00.504  6323  6626 I GameLauncherManagerImp: ru.yandex.metro does not contain game list
04-27 22:15:00.504  6323  6626 I GameLauncherManagerImp: com.glovo does not contain game list
04-27 22:15:00.504  6323  6626 I GameLauncherManagerImp: com.google.android.apps.walletnfcrel does not contain game list
04-27 22:15:00.504  6323  6626 I GameLauncherManagerImp: rs.telenor.mymenu does not contain game list
04-27 22:15:00.504  6323  6626 I GameLauncherManagerImp: ru.tinkoff.investing does not contain game list
04-27 22:15:00.504  6323  6626 I GameLauncherManagerImp: ru.fns.lkfl does not contain game list
04-27 22:15:00.504  6323  6626 I GameLauncherManagerImp: com.wolt.android does not contain game list
04-27 22:15:00.504  6323  6626 I GameLauncherManagerImp: us.zoom.videomeetings does not contain game list
04-27 22:15:00.504  6323  6626 I GameLauncherManagerImp: com.rsupport.rs.activity.rsupport.aas2 does not contain game list
04-27 22:15:00.504  6323  6626 I GameLauncherManagerImp: com.google.android.apps.tachyon does not contain game list
04-27 22:15:00.504  6323  6626 I GameLauncherManagerImp: space.linuxct.phoneaccountdetector does not contain game list
04-27 22:15:00.504  6323  6626 I GameLauncherManagerImp: com.AXgamesoft.TurbopropFS contains game list
04-27 22:15:00.505  6323  6626 I GameLauncherManagerImp: rs.raiffeisen.raipay does not contain game list
04-27 22:15:00.505  6323  6626 I GameLauncherManagerImp: com.evrasia does not contain game list
04-27 22:15:00.505  6323  6626 I GameLauncherManagerImp: com.microsoft.teams does not contain game list
04-27 22:15:00.505  6323  6626 I GameLauncherManagerImp: com.google.android.calendar does not contain game list
04-27 22:15:00.505  6323  6626 I GameLauncherManagerImp: com.fungames.flightpilot contains game list
04-27 22:15:00.505  6323  6626 I GameLauncherManagerImp: com.teapotgames.avionflightsimulator contains game list
04-27 22:15:00.505  6323  6626 I GameLauncherManagerImp: ch.protonvpn.android does not contain game list
04-27 22:15:00.505  6323  6626 I GameLauncherManagerImp: com.microsoft.office.officelens does not contain game list
04-27 22:15:00.505  6323  6626 I GameLauncherManagerImp: com.jetbrains.youtrack.mobile.app does not contain game list
04-27 22:15:00.505  6323  6626 I GameLauncherManagerImp: com.vrem.wifianalyzer does not contain game list
04-27 22:15:00.505  6323  6626 I GameLauncherManagerImp: com.quip.quip does not contain game list
04-27 22:15:00.505 21539 21563 D PerfettoCapture: Supported ABIs: arm64-v8a, armeabi-v7a, armeabi
04-27 22:15:00.505  6323  6626 I GameLauncherManagerImp: com.moodle.moodlemobile does not contain game list
04-27 22:15:00.505  6323  6626 I GameLauncherManagerImp: org.kde.kdeconnect_tp does not contain game list
04-27 22:15:00.505  6323  6626 I GameLauncherManagerImp: org.kde.kalgebramobile does not contain game list
04-27 22:15:00.505 21539 21563 D PerfettoCapture: Recording perfetto trace
04-27 22:15:00.505  6323  6626 I GameLauncherManagerImp: com.appcargo.user does not contain game list
04-27 22:15:00.505  6323  6626 I GameLauncherManagerImp: com.Splitwise.SplitwiseMobile does not contain game list
04-27 22:15:00.505  6323  6626 I GameLauncherManagerImp: com.samsung.android.game.gamelab does not contain game list
04-27 22:15:00.505  6323  6626 I GameLauncherManagerImp: pl.aidemmedia.RealisticBridge contains game list
04-27 22:15:00.505  6323  6626 I GameLauncherManagerImp: com.jetbrains.space does not contain game list
04-27 22:15:00.505  6323  6626 I GameLauncherManagerImp: com.google.android.play.games does not contain game list
04-27 22:15:00.505  6323  6626 I GameLauncherManagerImp: com.microsoft.todos does not contain game list
04-27 22:15:00.505  6323  6626 I GameLauncherManagerImp: com.playstation.knowledge does not contain game list
04-27 22:15:00.505  6323  6626 I GameLauncherManagerImp: com.reddit.frontpage does not contain game list
04-27 22:15:00.505  6323  6626 I GameLauncherManagerImp: ru.filit.mvideo.b2c does not contain game list
04-27 22:15:00.505  6323  6626 I GameLauncherManagerImp: com.idamob.tinkoff.android does not contain game list
04-27 22:15:00.506  6323  6626 I GameLauncherManagerImp: com.twitter.android does not contain game list
04-27 22:15:00.506  6323  6626 I GameLauncherManagerImp: com.example.benchmark does not contain game list
04-27 22:15:00.506  6323  6626 I GameLauncherManagerImp: com.samsung.android.arzone does not contain game list
04-27 22:15:00.506  6323  6626 I GameLauncherManagerImp: ru.omnics does not contain game list
04-27 22:15:00.506  6323  6626 I GameLauncherManagerImp: rs.Raiffeisen.mobile does not contain game list
04-27 22:15:00.506  6323  6626 I GameLauncherManagerImp: com.duolingo does not contain game list
04-27 22:15:00.506  6323  6626 I GameLauncherManagerImp: com.google.android.apps.meetings does not contain game list
04-27 22:15:00.506  6323  6626 I GameLauncherManagerImp: com.linkedin.android does not contain game list
04-27 22:15:00.506  6323  6626 I GameLauncherManagerImp: ru.yandex.telemost does not contain game list
04-27 22:15:00.506  6323  6626 I GameLauncherManagerImp: com.tranzmate does not contain game list
04-27 22:15:00.506  6323  6626 I GameLauncherManagerImp: notion.id does not contain game list
04-27 22:15:00.506  6323  6626 I GameLauncherManagerImp: com.delhaize.maxi.loyalty does not contain game list
04-27 22:15:00.506  6323  6626 I GameLauncherManagerImp: com.xiaomi.smarthome does not contain game list
04-27 22:15:00.506  6323  6626 I GameLauncherManagerImp: cc.forestapp does not contain game list
04-27 22:15:00.506  6323  6626 I GameLauncherManagerImp: com.flipd.app does not contain game list
04-27 22:15:00.506  6323  6626 I GameLauncherManagerImp: mrigapps.andriod.breakfree.deux does not contain game list
04-27 22:15:00.506  6323  6626 I GameLauncherManagerImp: com.samsung.android.forest does not contain game list
04-27 22:15:00.506  6323  6626 I GameLauncherManagerImp: com.github.vase4kin.teamcityapp does not contain game list
04-27 22:15:00.506  6323  6626 I GameLauncherManagerImp: com.urbandroid.dontkillmyapp does not contain game list
04-27 22:15:00.506  6323  6626 I GameLauncherManagerImp: com.busplus does not contain game list
04-27 22:15:00.506  6323  6626 I GameLauncherManagerImp: com.yandex.iot does not contain game list
04-27 22:15:00.506  6323  6626 I GameLauncherManagerImp: com.instagram.android does not contain game list
04-27 22:15:00.506  6323  6626 I GameLauncherManagerImp: ru.yandex.music does not contain game list
04-27 22:15:00.506  6323  6626 I GameLauncherManagerImp: com.android.stk does not contain game list
04-27 22:15:00.506  6323  6626 I GameLauncherManagerImp: com.microsoft.bing does not contain game list
04-27 22:15:00.506  6323  6626 I GameLauncherManagerImp: com.srbijavoz.app does not contain game list
04-27 22:15:00.506  6323  6626 I GameLauncherManagerImp: com.rstgames.durak does not contain game list
04-27 22:15:00.506  6323  6626 I GameLauncherManagerImp: com.google.android.play.games does not contain game list
04-27 22:15:00.506  6323  6626 I GameLauncherManagerImp: com.grammarly.android.keyboard does not contain game list
04-27 22:15:00.506  6323  6626 I GameLauncherManagerImp: Hidden app size : 0 unHidden app size : 0 updateApp size : 0
04-27 22:15:00.512  8348  8456 D KnoxHelper: getActivityList callingUserId: 0, target user: 0
04-27 22:15:00.514  8348  8456 D KnoxHelper: getActivityList callingUserId: 0, target user: 0
04-27 22:15:00.518  6323  6626 I ModelWriter: changeItemsVisibility++ : hiddenFlag = 4
04-27 22:15:00.520  8348  8456 D KnoxHelper: getActivityList callingUserId: 0, target user: 0
04-27 22:15:00.524  8348  8456 D KnoxHelper: getActivityList callingUserId: 0, target user: 0
04-27 22:15:00.526  6323  6626 I AppsModelWriter: changeItemsVisibility(start) : hiddenFlag = 4
04-27 22:15:00.526  5429  5579 D SEP_UNION_SemDeviceInfoManagerService: UnionContentObserver onChange: content://com.sec.android.app.launcher.settings/hiddenApps
04-27 22:15:00.527  5429  5579 D SEP_UNION_SemDeviceInfoManagerService: Uri matches exactly. Reporting chagnes...
04-27 22:15:00.530  8348  8456 D KnoxHelper: getActivityList callingUserId: 0, target user: 0
04-27 22:15:00.531 21326 21475 W ex.searchplugin: Long monitor contention with owner CrAsyncTask #3-ImageManagerNetworkChange (21486) at com.yandex.images.o ru.yandex.searchplugin.Yatagan$ApplicationComponent.y6()(SourceFile:63) waiters=0 in com.yandex.images.o ru.yandex.searchplugin.Yatagan$ApplicationComponent.y6() for 550ms
04-27 22:15:00.536  8348  8456 D KnoxHelper: getActivityList callingUserId: 0, target user: 0
04-27 22:15:00.538 21326 21546 I AppMetrica: Activate reporter with APIKey 0e5e9c33-xxxx-xxxx-xxxx-xxxxxxxx3f72
04-27 22:15:00.543  8348  8456 D KnoxHelper: getActivityList callingUserId: 0, target user: 0
04-27 22:15:00.546  8348  8456 D KnoxHelper: getActivityList callingUserId: 0, target user: 0
04-27 22:15:00.550  5429  8509 D PackageManager: setEnabledSetting : userId = 0 packageName = com.microsoft.skydrive cmp = com.microsoft.skydrive.moj.notifications.SystemBroadcastsReceiver newState = 1 callingPackage = 10100/com.microsoft.skydrive
04-27 22:15:00.553 21274 21274 I Choreographer: Skipped 42 frames!  The application may be doing too much work on its main thread.
04-27 22:15:00.553  5429  8509 D ApplicationPolicy: getApplicationStateEnabled : pkg = com.microsoft.skydrive userId : 0
04-27 22:15:00.554  5429  8509 D ApplicationPolicy: getApplicationComponentState : pkg = com.microsoft.skydrive userId : 0
04-27 22:15:00.555  8348  8456 D KnoxHelper: getActivityList callingUserId: 0, target user: 0
04-27 22:15:00.555  5429  5579 D SEP_UNION_SemDeviceInfoManagerService: reportUriChanged() uri = content://com.sec.android.app.launcher.settings/hiddenApps, tag =
04-27 22:15:00.560  8348  8456 D KnoxHelper: getActivityList callingUserId: 0, target user: 0
04-27 22:15:00.560  4924  4924 D Zygote  : Forked child process 21850
04-27 22:15:00.568  6323  6626 I AppsModelWriter: normalizeVisibleItems : [matched = true] col = 5, raw : 6
04-27 22:15:00.583  5429  5751 D NetdEventListenerService: DNS Requested by : 108, 10100
04-27 22:15:00.589  4924  4924 D Zygote  : Forked child process 21852
04-27 22:15:00.591  6323  6626 I AppsModelWriter: normalizeVisibleItems(visibleItems)> 0, 46, 2, -102, 0, 0, UserHandle{0}, 0, Google, -1, -1
04-27 22:15:00.591  6323  6626 I AppsModelWriter: normalizeVisibleItems(visibleItems)> 0, 36, 2, -102, 0, 1, UserHandle{0}, 0, Samsung, -1, -1
04-27 22:15:00.591  6323  6626 I AppsModelWriter: normalizeVisibleItems(visibleItems)> 0, 160, 0, -102, 0, 2, UserHandle{0}, 0, 3D Calculator, -1, -1
04-27 22:15:00.591  6323  6626 I AppsModelWriter: normalizeVisibleItems(visibleItems)> 0, 202, 0, -102, 0, 3, UserHandle{0}, 0, Adobe Acrobat, -1, -1
04-27 22:15:00.591  6323  6626 I AppsModelWriter: normalizeVisibleItems(visibleItems)> 0, 176, 0, -102, 0, 4, UserHandle{0}, 0, App Center, -1, -1
04-27 22:15:00.591  6323  6626 I AppsModelWriter: normalizeVisibleItems(visibleItems)> 0, 250, 0, -102, 0, 5, UserHandle{0}, 0, AR Zone, -1, -1
04-27 22:15:00.591  6323  6626 I AppsModelWriter: normalizeVisibleItems(visibleItems)> 0, 161, 0, -102, 0, 6, UserHandle{0}, 0, Assistant, -1, -1
04-27 22:15:00.591  6323  6626 I AppsModelWriter: normalizeVisibleItems(visibleItems)> 0, 180, 0, -102, 0, 7, UserHandle{0}, 0, Authenticator, -1, -1
04-27 22:15:00.591  6323  6626 I AppsModelWriter: normalizeVisibleItems(visibleItems)> 0, 249, 0, -102, 0, 8, UserHandle{0}, 0, Benchmark, -1, -1
04-27 22:15:00.591  6323  6626 I AppsModelWriter: normalizeVisibleItems(visibleItems)> 0, 270, 0, -102, 0, 9, UserHandle{0}, 0, BeoGRADSKI prevoz, -1, -1
04-27 22:15:00.591  6323  6626 I AppsModelWriter: normalizeVisibleItems(visibleItems)> 0, 277, 0, -102, 0, 10, UserHandle{0}, 0, Bing, -1, -1
04-27 22:15:00.591  6323  6626 I AppsModelWriter: normalizeVisibleItems(visibleItems)> 0, 111, 0, -102, 0, 11, UserHandle{0}, 0, Browser, -1, -1
04-27 22:15:00.591  6323  6626 I AppsModelWriter: normalizeVisibleItems(visibleItems)> 0, 93, 0, -102, 0, 12, UserHandle{0}, 0, Calculator, -1, -1
04-27 22:15:00.591  6323  6626 I AppsModelWriter: normalizeVisibleItems(visibleItems)> 0, 158, 0, -102, 0, 13, UserHandle{0}, 0, Calculator, -1, -1
04-27 22:15:00.591  6323  6626 I AppsModelWriter: normalizeVisibleItems(visibleItems)> 0, 74, 0, -102, 0, 14, UserHandle{0}, 0, Calendar, -1, -1
04-27 22:15:00.591  6323  6626 I AppsModelWriter: normalizeVisibleItems(visibleItems)> 0, 224, 0, -102, 0, 15, UserHandle{0}, 0, Calendar, -1, -1
04-27 22:15:00.591  6323  6626 I AppsModelWriter: normalizeVisibleItems(visibleItems)> 0, 69, 0, -102, 0, 16, UserHandle{0}, 0, Camera, -1, -1
04-27 22:15:00.591  6323  6626 I AppsModelWriter: normalizeVisibleItems(visibleItems)> 0, 204, 0, -102, 0, 17, UserHandle{0}, 0, Canon Print Service, -1, -1
04-27 22:15:00.592  6323  6626 I AppsModelWriter: normalizeVisibleItems(visibleItems)> 0, 236, 0, -102, 0, 18, UserHandle{0}, 0, CAR:GO, -1, -1
04-27 22:15:00.592  6323  6626 I AppsModelWriter: normalizeVisibleItems(visibleItems)> 0, 116, 0, -102, 0, 19, UserHandle{0}, 0, CDE ITMO, -1, -1
04-27 22:15:00.592  6323  6626 I AppsModelWriter: normalizeVisibleItems(visibleItems)> 0, 71, 0, -102, 0, 20, UserHandle{0}, 0, Clock, -1, -1
04-27 22:15:00.592  6323  6626 I AppsModelWriter: normalizeVisibleItems(visibleItems)> 0, 178, 0, -102, 0, 21, UserHandle{0}, 0, Cloud Mail.ru, -1, -1
04-27 22:15:00.592  6323  6626 I AppsModelWriter: normalizeVisibleItems(visibleItems)> 0, 72, 0, -102, 0, 22, UserHandle{0}, 0, Contacts, -1, -1
04-27 22:15:00.592  6323  6626 I AppsModelWriter: normalizeVisibleItems(visibleItems)> 0, 195, 0, -102, 0, 23, UserHandle{0}, 0, Contacts, -1, -1
04-27 22:15:00.592  6323  6626 I AppsModelWriter: normalizeVisibleItems(visibleItems)> 0, 151, 0, -102, 0, 24, UserHandle{0}, 0, Cxxdroid, -1, -1
04-27 22:15:00.592  6323  6626 I AppsModelWriter: normalizeVisibleItems(visibleItems)> 0, 193, 0, -102, 0, 25, UserHandle{0}, 0, Dcoder, -1, -1
04-27 22:15:00.592  6323  6626 I AppsModelWriter: normalizeVisibleItems(visibleItems)> 0, 266, 0, -102, 0, 26, UserHandle{0}, 0, Digital Wellbeing, -1, -1
04-27 22:15:00.592  6323  6626 I AppsModelWriter: normalizeVisibleItems(visibleItems)> 0, 118, 0, -102, 0, 27, UserHandle{0}, 0, Discord, -1, -1
04-27 22:15:00.592  6323  6626 I AppsModelWriter: normalizeVisibleItems(visibleItems)> 0, 171, 0, -102, 0, 28, UserHandle{0}, 0, Docs, -1, -1
04-27 22:15:00.592  6323  6626 I AppsModelWriter: normalizeVisibleItems(visibleItems)> 0, 268, 0, -102, 0, 29, UserHandle{0}, 0, DontKillMyApp, -1, -1
04-27 22:15:00.592  6323  6626 I AppsModelWriter: normalizeVisibleItems(visibleItems)> 0, 86, 0, -102, 1, 0, UserHandle{0}, 0, Drive, -1, -1
04-27 22:15:00.592  6323  6626 I AppsModelWriter: normalizeVisibleItems(visibleItems)> 0, 166, 0, -102, 1, 1, UserHandle{0}, 0, DuckDuckGo, -1, -1
04-27 22:15:00.592  6323  6626 I AppsModelWriter: normalizeVisibleItems(visibleItems)> 0, 253, 0, -102, 1, 2, UserHandle{0}, 0, Duolingo, -1, -1
04-27 22:15:00.592  6323  6626 I AppsModelWriter: normalizeVisibleItems(visibleItems)> 0, 279, 0, -102, 1, 3, UserHandle{0}, 0, Durak, -1, -1
04-27 22:15:00.592  6323  6626 I AppsModelWriter: normalizeVisibleItems(visibleItems)> 0, 201, 0, -102, 1, 4, UserHandle{0}, 0, Edge Canary, -1, -1
04-27 22:15:00.592  6323  6626 I AppsModelWriter: normalizeVisibleItems(visibleItems)> 0, 174, 0, -102, 1, 5, UserHandle{0}, 0, Excel, -1, -1
04-27 22:15:00.592  6323  6626 I AppsModelWriter: normalizeVisibleItems(visibleItems)> 0, 196, 0, -102, 1, 6, UserHandle{0}, 0, Files, -1, -1
04-27 22:15:00.592  6323  6626 I AppsModelWriter: normalizeVisibleItems(visibleItems)> 0, 145, 0, -102, 1, 7, UserHandle{0}, 0, Firefox, -1, -1
04-27 22:15:00.592  6323  6626 I AppsModelWriter: normalizeVisibleItems(visibleItems)> 0, 264, 0, -102, 1, 8, UserHandle{0}, 0, Flipd, -1, -1
04-27 22:15:00.592  6323  6626 I AppsModelWriter: normalizeVisibleItems(visibleItems)> 0, 263, 0, -102, 1, 9, UserHandle{0}, 0, Forest, -1, -1
04-27 22:15:00.592  6323  6626 I AppsModelWriter: normalizeVisibleItems(visibleItems)> 0, 63, 0, -102, 1, 10, UserHandle{0}, 0, Galaxy Store, -1, -1
04-27 22:15:00.592  6323  6626 I AppsModelWriter: normalizeVisibleItems(visibleItems)> 0, 94, 0, -102, 1, 11, UserHandle{0}, 0, Galaxy Wearable, -1, -1
04-27 22:15:00.592  6323  6626 I AppsModelWriter: normalizeVisibleItems(visibleItems)> 0, 70, 0, -102, 1, 12, UserHandle{0}, 0, Gallery, -1, -1
04-27 22:15:00.592  6323  6626 I AppsModelWriter: normalizeVisibleItems(visibleItems)> 0, 78, 0, -102, 1, 13, UserHandle{0}, 0, Game Launcher, -1, -1
04-27 22:15:00.592  6323  6626 I AppsModelWriter: normalizeVisibleItems(visibleItems)> 0, 239, 0, -102, 1, 14, UserHandle{0}, 0, Game Plugins, -1, -1
04-27 22:15:00.592  6323  6626 I AppsModelWriter: normalizeVisibleItems(visibleItems)> 0, 280, 0, -102, 1, 15, UserHandle{0}, 0, Games, -1, -1
04-27 22:15:00.592  6323  6626 I AppsModelWriter: normalizeVisibleItems(visibleItems)> 0, 198, 0, -102, 1, 16, UserHandle{0}, 0, Gboard, -1, -1
04-27 22:15:00.592  6323  6626 I AppsModelWriter: normalizeVisibleItems(visibleItems)> 0, 173, 0, -102, 1, 17, UserHandle{0}, 0, GitHub, -1, -1
04-27 22:15:00.592  6323  6626 I AppsModelWriter: normalizeVisibleItems(visibleItems)> 0, 209, 0, -102, 1, 18, UserHandle{0}, 0, Glovo, -1, -1
04-27 22:15:00.592  6323  6626 I AppsModelWriter: normalizeVisibleItems(visibleItems)> 0, 153, 0, -102, 1, 19, UserHandle{0}, 0, Google Japanese Input, -1, -1
04-27 22:15:00.592  6323  6626 I AppsModelWriter: normalizeVisibleItems(visibleItems)> 0, 281, 0, -102, 1, 20, UserHandle{0}, 0, Grammarly, -1, -1
04-27 22:15:00.592  6323  6626 I AppsModelWriter: normalizeVisibleItems(visibleItems)> 0, 181, 0, -102, 1, 21, UserHandle{0}, 0, Graphing Calc, -1, -1
04-27 22:15:00.593  6323  6626 I AppsModelWriter: normalizeVisibleItems(visibleItems)> 0, 165, 0, -102, 1, 22, UserHandle{0}, 0, HiPER Scientific Calculator, -1, -1
04-27 22:15:00.593  6323  6626 I AppsModelWriter: normalizeVisibleItems(visibleItems)> 0, 274, 0, -102, 1, 23, UserHandle{0}, 0, Instagram, -1, -1
04-27 22:15:00.593  6323  6626 I AppsModelWriter: normalizeVisibleItems(visibleItems)> 0, 235, 0, -102, 1, 24, UserHandle{0}, 0, KAlgebra, -1, -1
04-27 22:15:00.593  6323  6626 I AppsModelWriter: normalizeVisibleItems(visibleItems)> 0, 139, 0, -102, 1, 25, UserHandle{0}, 0, Kaspersky, -1, -1
04-27 22:15:00.593  6323  6626 I AppsModelWriter: normalizeVisibleItems(visibleItems)> 0, 234, 0, -102, 1, 26, UserHandle{0}, 0, KDE Connect, -1, -1
04-27 22:15:00.593  6323  6626 I AppsModelWriter: normalizeVisibleItems(visibleItems)> 0, 120, 0, -102, 1, 27, UserHandle{0}, 0, Keep notes, -1, -1
04-27 22:15:00.593  6323  6626 I AppsModelWriter: normalizeVisibleItems(visibleItems)> 0, 244, 0, -102, 1, 28, UserHandle{0}, 0, Knowledge, -1, -1
04-27 22:15:00.593  6323  6626 I AppsModelWriter: normalizeVisibleItems(visibleItems)> 0, 228, 0, -102, 1, 29, UserHandle{0}, 0, Lens, -1, -1
04-27 22:15:00.593  6323  6626 I AppsModelWriter: normalizeVisibleItems(visibleItems)> 0, 255, 0, -102, 2, 0, UserHandle{0}, 0, LinkedIn, -1, -1
04-27 22:15:00.593  6323  6626 I AppsModelWriter: normalizeVisibleItems(visibleItems)> 0, 84, 0, -102, 2, 1, UserHandle{0}, 0, Mail, -1, -1
04-27 22:15:00.593  6323  6626 I AppsModelWriter: normalizeVisibleItems(visibleItems)> 0, 117, 0, -102, 2, 2, UserHandle{0}, 0, Mail, -1, -1
04-27 22:15:00.593  6323  6626 I AppsModelWriter: normalizeVisibleItems(visibleItems)> 0, 125, 0, -102, 2, 3, UserHandle{0}, 0, Maps, -1, -1
04-27 22:15:00.593  6323  6626 I AppsModelWriter: normalizeVisibleItems(visibleItems)> 0, 203, 0, -102, 2, 4, UserHandle{0}, 0, meduza, -1, -1
04-27 22:15:00.593  6323  6626 I AppsModelWriter: normalizeVisibleItems(visibleItems)> 0, 218, 0, -102, 2, 5, UserHandle{0}, 0, Meet, -1, -1
04-27 22:15:00.593  6323  6626 I AppsModelWriter: normalizeVisibleItems(visibleItems)> 0, 254, 0, -102, 2, 6, UserHandle{0}, 0, Meet (original), -1, -1
04-27 22:15:00.593  6323  6626 I AppsModelWriter: normalizeVisibleItems(visibleItems)> 0, 276, 0, -102, 2, 7, UserHandle{0}, 0, MegaFonPRO, -1, -1
04-27 22:15:00.593  6323  6626 I AppsModelWriter: normalizeVisibleItems(visibleItems)> 0, 68, 0, -102, 2, 8, UserHandle{0}, 0, Messages, -1, -1
04-27 22:15:00.593  6323  6626 I AppsModelWriter: normalizeVisibleItems(visibleItems)> 0, 103, 0, -102, 2, 9, UserHandle{0}, 0, Microsoft 365 (Office), -1, -1
04-27 22:15:00.593  6323  6626 I AppsModelWriter: normalizeVisibleItems(visibleItems)> 0, 159, 0, -102, 2, 10, UserHandle{0}, 0, Microsoft Launcher, -1, -1
04-27 22:15:00.593  6323  6626 I AppsModelWriter: normalizeVisibleItems(visibleItems)> 0, 261, 0, -102, 2, 11, UserHandle{0}, 0, Moj Maxi, -1, -1
04-27 22:15:00.593  6323  6626 I AppsModelWriter: normalizeVisibleItems(visibleItems)> 0, 252, 0, -102, 2, 12, UserHandle{0}, 0, Moja mBanka, -1, -1
04-27 22:15:00.593  6323  6626 I AppsModelWriter: normalizeVisibleItems(visibleItems)> 0, 233, 0, -102, 2, 13, UserHandle{0}, 0, Moodle, -1, -1
04-27 22:15:00.593  6323  6626 I AppsModelWriter: normalizeVisibleItems(visibleItems)> 0, 258, 0, -102, 2, 14, UserHandle{0}, 0, Moovit, -1, -1
04-27 22:15:00.593  6323  6626 I AppsModelWriter: normalizeVisibleItems(visibleItems)> 0, 275, 0, -102, 2, 15, UserHandle{0}, 0, Music, -1, -1
04-27 22:15:00.593  6323  6626 I AppsModelWriter: normalizeVisibleItems(visibleItems)> 0, 169, 0, -102, 2, 16, UserHandle{0}, 0, my.itmo, -1, -1
04-27 22:15:00.593  6323  6626 I AppsModelWriter: normalizeVisibleItems(visibleItems)> 0, 197, 0, -102, 2, 17, UserHandle{0}, 0, Natural Scientific Calculator, -1, -1
04-27 22:15:00.593  6323  6626 I AppsModelWriter: normalizeVisibleItems(visibleItems)> 0, 260, 0, -102, 2, 18, UserHandle{0}, 0, Notion, -1, -1
04-27 22:15:00.593  6323  6626 I AppsModelWriter: normalizeVisibleItems(visibleItems)> 0, 251, 0, -102, 2, 19, UserHandle{0}, 0, Omnics, -1, -1
04-27 22:15:00.593  6323  6626 I AppsModelWriter: normalizeVisibleItems(visibleItems)> 0, 58, 0, -102, 2, 20, UserHandle{0}, 0, OneDrive, -1, -1
04-27 22:15:00.593  6323  6626 I AppsModelWriter: normalizeVisibleItems(visibleItems)> 0, 149, 0, -102, 2, 21, UserHandle{0}, 0, OONI Probe, -1, -1
04-27 22:15:00.593  6323  6626 I AppsModelWriter: normalizeVisibleItems(visibleItems)> 0, 179, 0, -102, 2, 22, UserHandle{0}, 0, Orbot, -1, -1
04-27 22:15:00.593  6323  6626 I AppsModelWriter: normalizeVisibleItems(visibleItems)> 0, 146, 0, -102, 2, 23, UserHandle{0}, 0, PaintCAD, -1, -1
04-27 22:15:00.593  6323  6626 I AppsModelWriter: normalizeVisibleItems(visibleItems)> 0, 67, 0, -102, 2, 24, UserHandle{0}, 0, Phone, -1, -1
04-27 22:15:00.593  6323  6626 I AppsModelWriter: normalizeVisibleItems(visibleItems)> 0, 219, 0, -102, 2, 25, UserHandle{0}, 0, PhoneAccount Abuse Detector, -1, -1
04-27 22:15:00.593  6323  6626 I AppsModelWriter: normalizeVisibleItems(visibleItems)> 0, 177, 0, -102, 2, 26, UserHandle{0}, 0, Photomath, -1, -1
04-27 22:15:00.593  6323  6626 I AppsModelWriter: normalizeVisibleItems(visibleItems)> 0, 92, 0, -102, 2, 27, UserHandle{0}, 0, Photos, -1, -1
04-27 22:15:00.593  6323  6626 I AppsModelWriter: normalizeVisibleItems(visibleItems)> 0, 132, 0, -102, 2, 28, UserHandle{0}, 0, PhotoScan, -1, -1
04-27 22:15:00.593  6323  6626 I AppsModelWriter: normalizeVisibleItems(visibleItems)> 0, 242, 0, -102, 2, 29, UserHandle{0}, 0, Play Games, -1, -1
04-27 22:15:00.594  6323  6626 I AppsModelWriter: normalizeVisibleItems(visibleItems)> 0, 192, 0, -102, 3, 0, UserHandle{0}, 0, Play Music, -1, -1
04-27 22:15:00.594  6323  6626 I AppsModelWriter: normalizeVisibleItems(visibleItems)> 0, 61, 0, -102, 3, 1, UserHandle{0}, 0, Play Store, -1, -1
04-27 22:15:00.594  6323  6626 I AppsModelWriter: normalizeVisibleItems(visibleItems)> 0, 227, 0, -102, 3, 2, UserHandle{0}, 0, Proton VPN, -1, -1
04-27 22:15:00.594  6323  6626 I AppsModelWriter: normalizeVisibleItems(visibleItems)> 0, 200, 0, -102, 3, 3, UserHandle{0}, 0, Psiphon Pro, -1, -1
04-27 22:15:00.594  6323  6626 I AppsModelWriter: normalizeVisibleItems(visibleItems)> 0, 147, 0, -102, 3, 4, UserHandle{0}, 0, Pydroid 3, -1, -1
04-27 22:15:00.594  6323  6626 I AppsModelWriter: normalizeVisibleItems(visibleItems)> 0, 124, 0, -102, 3, 5, UserHandle{0}, 0, QuickEdit, -1, -1
04-27 22:15:00.594  6323  6626 I AppsModelWriter: normalizeVisibleItems(visibleItems)> 0, 232, 0, -102, 3, 6, UserHandle{0}, 0, Quip, -1, -1
04-27 22:15:00.594  6323  6626 I AppsModelWriter: normalizeVisibleItems(visibleItems)> 0, 221, 0, -102, 3, 7, UserHandle{0}, 0, RaiPay, -1, -1
04-27 22:15:00.594  6323  6626 I AppsModelWriter: normalizeVisibleItems(visibleItems)> 0, 128, 0, -102, 3, 8, UserHandle{0}, 0, RAR, -1, -1
04-27 22:15:00.594  6323  6626 I AppsModelWriter: normalizeVisibleItems(visibleItems)> 0, 245, 0, -102, 3, 9, UserHandle{0}, 0, Reddit, -1, -1
04-27 22:15:00.594  6323  6626 I AppsModelWriter: normalizeVisibleItems(visibleItems)> 0, 96, 0, -102, 3, 10, UserHandle{0}, 0, Samsung Health, -1, -1
04-27 22:15:00.594  6323  6626 I AppsModelWriter: normalizeVisibleItems(visibleItems)> 0, 99, 0, -102, 3, 11, UserHandle{0}, 0, Samsung Members, -1, -1
04-27 22:15:00.594  6323  6626 I AppsModelWriter: normalizeVisibleItems(visibleItems)> 0, 100, 0, -102, 3, 12, UserHandle{0}, 0, Samsung Notes, -1, -1
04-27 22:15:00.594  6323  6626 I AppsModelWriter: normalizeVisibleItems(visibleItems)> 0, 205, 0, -102, 3, 13, UserHandle{0}, 0, ScreenshotGo, -1, -1
04-27 22:15:00.594  6323  6626 I AppsModelWriter: normalizeVisibleItems(visibleItems)> 0, 73, 0, -102, 3, 14, UserHandle{0}, 0, Settings, -1, -1
04-27 22:15:00.594  6323  6626 I AppsModelWriter: normalizeVisibleItems(visibleItems)> 0, 143, 0, -102, 3, 15, UserHandle{0}, 0, Shazam, -1, -1
04-27 22:15:00.594  6323  6626 I AppsModelWriter: normalizeVisibleItems(visibleItems)> 0, 112, 0, -102, 3, 16, UserHandle{0}, 0, Sheets, -1, -1
04-27 22:15:00.594  6323  6626 I AppsModelWriter: normalizeVisibleItems(visibleItems)> 0, 183, 0, -102, 3, 17, UserHandle{0}, 0, Skype, -1, -1
04-27 22:15:00.594  6323  6626 I AppsModelWriter: normalizeVisibleItems(visibleItems)> 0, 170, 0, -102, 3, 18, UserHandle{0}, 0, Slack, -1, -1
04-27 22:15:00.594  6323  6626 I AppsModelWriter: normalizeVisibleItems(visibleItems)> 0, 135, 0, -102, 3, 19, UserHandle{0}, 0, Slides, -1, -1
04-27 22:15:00.594  6323  6626 I AppsModelWriter: normalizeVisibleItems(visibleItems)> 0, 216, 0, -102, 3, 20, UserHandle{0}, 0, Smart Tutor, -1, -1
04-27 22:15:00.594  6323  6626 I AppsModelWriter: normalizeVisibleItems(visibleItems)> 0, 241, 0, -102, 3, 21, UserHandle{0}, 0, Space, -1, -1
04-27 22:15:00.594  6323  6626 I AppsModelWriter: normalizeVisibleItems(visibleItems)> 0, 265, 0, -102, 3, 22, UserHandle{0}, 0, SPACE, -1, -1
04-27 22:15:00.594  6323  6626 I AppsModelWriter: normalizeVisibleItems(visibleItems)> 0, 136, 0, -102, 3, 23, UserHandle{0}, 0, Speedtest, -1, -1
04-27 22:15:00.594  6323  6626 I AppsModelWriter: normalizeVisibleItems(visibleItems)> 0, 237, 0, -102, 3, 24, UserHandle{0}, 0, Splitwise, -1, -1
04-27 22:15:00.594  6323  6626 I AppsModelWriter: normalizeVisibleItems(visibleItems)> 0, 278, 0, -102, 3, 25, UserHandle{0}, 0, Srbija voz, -1, -1
04-27 22:15:00.596 21274 21828 D TrafficStats: tagSocket(108) with statsTag=0xffffffff, statsUid=-1
04-27 22:15:00.626 21850 21850 I nder:appservice: Using CollectorTypeCC GC.
04-27 22:15:00.638 21539 21563 D Benchmark: Usable output directory: /storage/emulated/0/Android/data/org.jetbrains.android_benchmark.test/cache
04-27 22:15:00.638 21539 21563 D Benchmark: Output Directory: /sdcard/Android/media/org.jetbrains.android_benchmark.test/additional_test_output
04-27 22:15:00.639 21852 21852 I .osp.app.signin: Using CollectorTypeCC GC.
04-27 22:15:00.641 21850 21850 E nder:appservice: Not starting debugger since process cannot load the jdwp agent.
04-27 22:15:00.648 21852 21852 E .osp.app.signin: Not starting debugger since process cannot load the jdwp agent.
04-27 22:15:00.650  6323  6626 I AppsModelWriter: normalizeVisibleItems(visibleItems)> 0, 109, 0, -102, 3, 26, UserHandle{0}, 0, Stepik, -1, -1
04-27 22:15:00.650  6323  6626 I AppsModelWriter: normalizeVisibleItems(visibleItems)> 0, 122, 0, -102, 3, 27, UserHandle{0}, 0, Tasks, -1, -1
04-27 22:15:00.650  6323  6626 I AppsModelWriter: normalizeVisibleItems(visibleItems)> 0, 267, 0, -102, 3, 28, UserHandle{0}, 0, TeamCityApp, -1, -1
04-27 22:15:00.650  6323  6626 I AppsModelWriter: normalizeVisibleItems(visibleItems)> 0, 223, 0, -102, 3, 29, UserHandle{0}, 0, Teams, -1, -1
04-27 22:15:00.650  6323  6626 I AppsModelWriter: normalizeVisibleItems(visibleItems)> 0, 108, 0, -102, 4, 0, UserHandle{0}, 0, Telegram, -1, -1
04-27 22:15:00.650  6323  6626 I AppsModelWriter: normalizeVisibleItems(visibleItems)> 0, 123, 0, -102, 4, 1, UserHandle{0}, 0, Telegram Beta, -1, -1
04-27 22:15:00.651  6323  6626 I AppsModelWriter: normalizeVisibleItems(visibleItems)> 0, 256, 0, -102, 4, 2, UserHandle{0}, 0, Telemost, -1, -1
04-27 22:15:00.651  6323  6626 I AppsModelWriter: normalizeVisibleItems(visibleItems)> 0, 126, 0, -102, 4, 3, UserHandle{0}, 0, Termux, -1, -1
04-27 22:15:00.651  6323  6626 I AppsModelWriter: normalizeVisibleItems(visibleItems)> 0, 175, 0, -102, 4, 4, UserHandle{0}, 0, Termux Tutorial, -1, -1
04-27 22:15:00.651  6323  6626 I AppsModelWriter: normalizeVisibleItems(visibleItems)> 0, 247, 0, -102, 4, 5, UserHandle{0}, 0, Tinkoff, -1, -1
04-27 22:15:00.651  6323  6626 I AppsModelWriter: normalizeVisibleItems(visibleItems)> 0, 105, 0, -102, 4, 6, UserHandle{0}, 0, Tips, -1, -1
04-27 22:15:00.651  6323  6626 I AppsModelWriter: normalizeVisibleItems(visibleItems)> 0, 243, 0, -102, 4, 7, UserHandle{0}, 0, To Do, -1, -1
04-27 22:15:00.651  6323  6626 I AppsModelWriter: normalizeVisibleItems(visibleItems)> 0, 121, 0, -102, 4, 8, UserHandle{0}, 0, Translate, -1, -1
04-27 22:15:00.651  6323  6626 I AppsModelWriter: normalizeVisibleItems(visibleItems)> 0, 163, 0, -102, 4, 9, UserHandle{0}, 0, Translate, -1, -1
04-27 22:15:00.651  6323  6626 I AppsModelWriter: normalizeVisibleItems(visibleItems)> 0, 199, 0, -102, 4, 10, UserHandle{0}, 0, Twitch, -1, -1
04-27 22:15:00.651  6323  6626 I AppsModelWriter: normalizeVisibleItems(visibleItems)> 0, 248, 0, -102, 4, 11, UserHandle{0}, 0, Twitter, -1, -1
04-27 22:15:00.651  6323  6626 I AppsModelWriter: normalizeVisibleItems(visibleItems)> 0, 110, 0, -102, 4, 12, UserHandle{0}, 0, VK, -1, -1
04-27 22:15:00.651  6323  6626 I AppsModelWriter: normalizeVisibleItems(visibleItems)> 0, 102, 0, -102, 4, 13, UserHandle{0}, 0, Voice Recorder, -1, -1
04-27 22:15:00.651  6323  6626 I AppsModelWriter: normalizeVisibleItems(visibleItems)> 0, 210, 0, -102, 4, 14, UserHandle{0}, 0, Wallet, -1, -1
04-27 22:15:00.651  6323  6626 I AppsModelWriter: normalizeVisibleItems(visibleItems)> 0, 119, 0, -102, 4, 15, UserHandle{0}, 0, WhatsApp, -1, -1
04-27 22:15:00.651  6323  6626 I AppsModelWriter: normalizeVisibleItems(visibleItems)> 0, 231, 0, -102, 4, 16, UserHandle{0}, 0, WiFiAnalyzer, -1, -1
04-27 22:15:00.651  6323  6626 I AppsModelWriter: normalizeVisibleItems(visibleItems)> 0, 156, 0, -102, 4, 17, UserHandle{0}, 0, Wolfram Alpha, -1, -1
04-27 22:15:00.651  6323  6626 I AppsModelWriter: normalizeVisibleItems(visibleItems)> 0, 214, 0, -102, 4, 18, UserHandle{0}, 0, Wolt, -1, -1
04-27 22:15:00.651  6323  6626 I AppsModelWriter: normalizeVisibleItems(visibleItems)> 0, 140, 0, -102, 4, 19, UserHandle{0}, 0, Word, -1, -1
04-27 22:15:00.651  6323  6626 I AppsModelWriter: normalizeVisibleItems(visibleItems)> 0, 262, 0, -102, 4, 20, UserHandle{0}, 0, Xiaomi Home, -1, -1
04-27 22:15:00.651  6323  6626 I AppsModelWriter: normalizeVisibleItems(visibleItems)> 0, 185, 0, -102, 4, 21, UserHandle{0}, 0, Y.Weather, -1, -1
04-27 22:15:00.651  6323  6626 I AppsModelWriter: normalizeVisibleItems(visibleItems)> 0, 150, 0, -102, 4, 22, UserHandle{0}, 0, YandexDisk, -1, -1
04-27 22:15:00.651  6323  6626 I AppsModelWriter: normalizeVisibleItems(visibleItems)> 0, 208, 0, -102, 4, 23, UserHandle{0}, 0, Yandex Metro, -1, -1
04-27 22:15:00.651  6323  6626 I AppsModelWriter: normalizeVisibleItems(visibleItems)> 0, 152, 0, -102, 4, 24, UserHandle{0}, 0, Yandex Navi, -1, -1
04-27 22:15:00.651  6323  6626 I AppsModelWriter: normalizeVisibleItems(visibleItems)> 0, 83, 0, -102, 4, 25, UserHandle{0}, 0, Yandex Start, -1, -1
04-27 22:15:00.651  6323  6626 I AppsModelWriter: normalizeVisibleItems(visibleItems)> 0, 188, 0, -102, 4, 26, UserHandle{0}, 0, YandexGo, -1, -1
04-27 22:15:00.651  6323  6626 I AppsModelWriter: normalizeVisibleItems(visibleItems)> 0, 211, 0, -102, 4, 27, UserHandle{0}, 0, Yettel, -1, -1
04-27 22:15:00.651  6323  6626 I AppsModelWriter: normalizeVisibleItems(visibleItems)> 0, 230, 0, -102, 4, 28, UserHandle{0}, 0, YouTrack, -1, -1
04-27 22:15:00.651  6323  6626 I AppsModelWriter: normalizeVisibleItems(visibleItems)> 0, 215, 0, -102, 4, 29, UserHandle{0}, 0, Zoom, -1, -1
04-27 22:15:00.651  6323  6626 I AppsModelWriter: normalizeVisibleItems(visibleItems)> 0, 206, 0, -102, 5, 0, UserHandle{0}, 0, , -1, -1
04-27 22:15:00.651  6323  6626 I AppsModelWriter: normalizeVisibleItems(visibleItems)> 0, 222, 0, -102, 5, 1, UserHandle{0}, 0, , -1, -1
04-27 22:15:00.651  6323  6626 I AppsModelWriter: normalizeVisibleItems(visibleItems)> 0, 212, 0, -102, 5, 2, UserHandle{0}, 0, , -1, -1
04-27 22:15:00.651  6323  6626 I AppsModelWriter: normalizeVisibleItems(visibleItems)> 0, 246, 0, -102, 5, 3, UserHandle{0}, 0, ., -1, -1
04-27 22:15:00.651  6323  6626 I AppsModelWriter: normalizeVisibleItems(visibleItems)> 0, 85, 0, -102, 5, 4, UserHandle{0}, 0, , -1, -1
04-27 22:15:00.651  6323  6626 I AppsModelWriter: normalizeVisibleItems(visibleItems)> 0, 138, 0, -102, 5, 5, UserHandle{0}, 0, , -1, -1
04-27 22:15:00.652  6323  6626 I AppsModelWriter: normalizeVisibleItems(visibleItems)> 0, 207, 0, -102, 5, 6, UserHandle{0}, 0,  Tele2, -1, -1
04-27 22:15:00.652  6323  6626 I AppsModelWriter: normalizeVisibleItems(visibleItems)> 0, 213, 0, -102, 5, 7, UserHandle{0}, 0,  , -1, -1
04-27 22:15:00.652  6323  6626 I AppsModelWriter: normalizeVisibleItems(visibleItems)> 0, 168, 0, -102, 5, 8, UserHandle{0}, 0, , -1, -1
04-27 22:15:00.652  6323  6626 I AppsModelWriter: normalizeVisibleItems(visibleItems)> 0, 273, 0, -102, 5, 9, UserHandle{0}, 0,  , -1, -1
04-27 22:15:00.652  6323  6626 I AppsModelWriter: normalizeVisibleItems(visibleItems)> 0, 127, 0, -102, 5, 10, UserHandle{0}, 0,  , -1, -1
04-27 22:15:00.653  6323  6626 I AppsModelWriter: updateItemsInDataBase : Invalid updateItems
04-27 22:15:00.671 21850 21850 W libc    : Access denied finding property "sys.perf.boostopt"
04-27 22:15:00.674 21850 21850 D ActivityThread: setConscryptValidator
04-27 22:15:00.674 21852 21852 W libc    : Access denied finding property "sys.perf.boostopt"
04-27 22:15:00.674 21850 21850 D ActivityThread: setConscryptValidator - put
04-27 22:15:00.676 21852 21852 D ActivityThread: setConscryptValidator
04-27 22:15:00.677 21850 21878 W libc    : Access denied finding property "sys.perf.boostopt"
04-27 22:15:00.678 21852 21852 D ActivityThread: setConscryptValidator - put
04-27 22:15:00.678 21852 21881 W libc    : Access denied finding property "sys.perf.boostopt"
04-27 22:15:00.695 21274 21274 D OneDSChannel: Logging for null: QoS/CrashReporting/PreviousProcessDetected with logger com.microsoft.applications.events.Logger@7c6b0dd collector url:
04-27 22:15:00.712 21850 21850 D CompatibilityChangeReporter: Compat change id reported: 171979766; UID 10077; state: ENABLED
04-27 22:15:00.725 21326 21326 D CompatibilityChangeReporter: Compat change id reported: 194532703; UID 10222; state: ENABLED
04-27 22:15:00.737  5429  5466 I ActivityTaskManager: Displayed org.jetbrains.android_benchmark.test/androidx.benchmark.IsolationActivity: +2s84ms
04-27 22:15:00.742 21852 21883 W libc    : Access denied finding property "sys.perf.boostopt"
04-27 22:15:00.744 21852 21852 D CompatibilityChangeReporter: Compat change id reported: 171979766; UID 10104; state: ENABLED
04-27 22:15:00.745 21539 21563 I PerfettoCapture: Cleanup perfetto before starting.
04-27 22:15:00.745  7079  7079 E pageboostd: Received HALT command code 2
04-27 22:15:00.764  6323  6626 I AppsModelWriter: updateItemsInDataBase : Invalid updateItems
04-27 22:15:00.764  6323  6626 I AppsModelWriter: changeItemsVisibility(end) : updateItems> 0, 36, 2, -102, 0, 1, UserHandle{0}, 0, Samsung, -1, -1
04-27 22:15:00.764  6323  6626 I AppsModelWriter: changeItemsVisibility(end) : updateItems> 0, 39, 0, 36, 0, 0, UserHandle{0}, 0, My Files, -1, -1
04-27 22:15:00.764  6323  6626 I AppsModelWriter: changeItemsVisibility(end) : updateItems> 0, 44, 0, 36, 0, 1, UserHandle{0}, 0, Radio, -1, -1
04-27 22:15:00.764  6323  6626 I AppsModelWriter: changeItemsVisibility(end) : updateItems> 0, 46, 2, -102, 0, 0, UserHandle{0}, 0, Google, -1, -1
04-27 22:15:00.764  6323  6626 I AppsModelWriter: changeItemsVisibility(end) : updateItems> 0, 47, 0, 46, 0, 2, UserHandle{0}, 0, Google, -1, -1
04-27 22:15:00.764  6323  6626 I AppsModelWriter: changeItemsVisibility(end) : updateItems> 0, 48, 0, 46, 0, 0, UserHandle{0}, 0, Chrome, -1, -1
04-27 22:15:00.764  6323  6626 I AppsModelWriter: changeItemsVisibility(end) : updateItems> 0, 49, 0, 46, 0, 1, UserHandle{0}, 0, Gmail, -1, -1
04-27 22:15:00.764  6323  6626 I AppsModelWriter: changeItemsVisibility(end) : updateItems> 0, 50, 0, 46, 0, 3, UserHandle{0}, 0, Maps, -1, -1
04-27 22:15:00.764  6323  6626 I AppsModelWriter: changeItemsVisibility(end) : updateItems> 0, 51, 0, 46, 0, 4, UserHandle{0}, 0, YouTube, -1, -1
04-27 22:15:00.764  6323  6626 I AppsModelWriter: changeItemsVisibility(end) : updateItems> 0, 58, 0, -102, 2, 20, UserHandle{0}, 0, OneDrive, -1, -1
04-27 22:15:00.764  6323  6626 I AppsModelWriter: changeItemsVisibility(end) : updateItems> 0, 61, 0, -102, 3, 1, UserHandle{0}, 0, Play Store, -1, -1
04-27 22:15:00.764  6323  6626 I AppsModelWriter: changeItemsVisibility(end) : updateItems> 0, 63, 0, -102, 1, 10, UserHandle{0}, 0, Galaxy Store, -1, -1
04-27 22:15:00.764  6323  6626 I AppsModelWriter: changeItemsVisibility(end) : updateItems> 0, 67, 0, -102, 2, 24, UserHandle{0}, 0, Phone, -1, -1
04-27 22:15:00.764  6323  6626 I AppsModelWriter: changeItemsVisibility(end) : updateItems> 0, 68, 0, -102, 2, 8, UserHandle{0}, 0, Messages, -1, -1
04-27 22:15:00.765  6323  6626 I AppsModelWriter: changeItemsVisibility(end) : updateItems> 0, 69, 0, -102, 0, 16, UserHandle{0}, 0, Camera, -1, -1
04-27 22:15:00.765  6323  6626 I AppsModelWriter: changeItemsVisibility(end) : updateItems> 0, 70, 0, -102, 1, 12, UserHandle{0}, 0, Gallery, -1, -1
04-27 22:15:00.765  6323  6626 I AppsModelWriter: changeItemsVisibility(end) : updateItems> 0, 71, 0, -102, 0, 20, UserHandle{0}, 0, Clock, -1, -1
04-27 22:15:00.765  6323  6626 I AppsModelWriter: changeItemsVisibility(end) : updateItems> 0, 72, 0, -102, 0, 22, UserHandle{0}, 0, Contacts, -1, -1
04-27 22:15:00.765  6323  6626 I AppsModelWriter: changeItemsVisibility(end) : updateItems> 0, 73, 0, -102, 3, 14, UserHandle{0}, 0, Settings, -1, -1
04-27 22:15:00.765  6323  6626 I AppsModelWriter: changeItemsVisibility(end) : updateItems> 0, 74, 0, -102, 0, 14, UserHandle{0}, 0, Calendar, -1, -1
04-27 22:15:00.765  6323  6626 I AppsModelWriter: changeItemsVisibility(end) : updateItems> 0, 78, 0, -102, 1, 13, UserHandle{0}, 0, Game Launcher, -1, -1
04-27 22:15:00.765  6323  6626 I AppsModelWriter: changeItemsVisibility(end) : updateItems> 0, 82, 0, 36, 0, 2, UserHandle{0}, 0, Smart Switch, -1, -1
04-27 22:15:00.765  6323  6626 I AppsModelWriter: changeItemsVisibility(end) : updateItems> 0, 83, 0, -102, 4, 25, UserHandle{0}, 0, Yandex Start, -1, -1
04-27 22:15:00.765  6323  6626 I AppsModelWriter: changeItemsVisibility(end) : updateItems> 0, 84, 0, -102, 2, 1, UserHandle{0}, 0, Mail, -1, -1
04-27 22:15:00.765  6323  6626 I AppsModelWriter: changeItemsVisibility(end) : updateItems> 0, 85, 0, -102, 5, 4, UserHandle{0}, 0, , -1, -1
04-27 22:15:00.765  6323  6626 I AppsModelWriter: changeItemsVisibility(end) : updateItems> 0, 86, 0, -102, 1, 0, UserHandle{0}, 0, Drive, -1, -1
04-27 22:15:00.765  6323  6626 I AppsModelWriter: changeItemsVisibility(end) : updateItems> 0, 92, 0, -102, 2, 27, UserHandle{0}, 0, Photos, -1, -1
04-27 22:15:00.765  6323  6626 I AppsModelWriter: changeItemsVisibility(end) : updateItems> 0, 93, 0, -102, 0, 12, UserHandle{0}, 0, Calculator, -1, -1
04-27 22:15:00.765  6323  6626 I AppsModelWriter: changeItemsVisibility(end) : updateItems> 0, 94, 0, -102, 1, 11, UserHandle{0}, 0, Galaxy Wearable, -1, -1
04-27 22:15:00.765  6323  6626 I AppsModelWriter: changeItemsVisibility(end) : updateItems> 0, 96, 0, -102, 3, 10, UserHandle{0}, 0, Samsung Health, -1, -1
04-27 22:15:00.765  6323  6626 I AppsModelWriter: changeItemsVisibility(end) : updateItems> 0, 99, 0, -102, 3, 11, UserHandle{0}, 0, Samsung Members, -1, -1
04-27 22:15:00.765  6323  6626 I AppsModelWriter: changeItemsVisibility(end) : updateItems> 0, 100, 0, -102, 3, 12, UserHandle{0}, 0, Samsung Notes, -1, -1
04-27 22:15:00.765  6323  6626 I AppsModelWriter: changeItemsVisibility(end) : updateItems> 0, 102, 0, -102, 4, 13, UserHandle{0}, 0, Voice Recorder, -1, -1
04-27 22:15:00.765  6323  6626 I AppsModelWriter: changeItemsVisibility(end) : updateItems> 0, 103, 0, -102, 2, 9, UserHandle{0}, 0, Microsoft 365 (Office), -1, -1
04-27 22:15:00.765  6323  6626 I AppsModelWriter: changeItemsVisibility(end) : updateItems> 0, 105, 0, -102, 4, 6, UserHandle{0}, 0, Tips, -1, -1
04-27 22:15:00.765  6323  6626 I AppsModelWriter: changeItemsVisibility(end) : updateItems> 0, 108, 0, -102, 4, 0, UserHandle{0}, 0, Telegram, -1, -1
04-27 22:15:00.765  6323  6626 I AppsModelWriter: changeItemsVisibility(end) : updateItems> 0, 109, 0, -102, 3, 26, UserHandle{0}, 0, Stepik, -1, -1
04-27 22:15:00.765  6323  6626 I AppsModelWriter: changeItemsVisibility(end) : updateItems> 0, 110, 0, -102, 4, 12, UserHandle{0}, 0, VK, -1, -1
04-27 22:15:00.765  6323  6626 I AppsModelWriter: changeItemsVisibility(end) : updateItems> 0, 111, 0, -102, 0, 11, UserHandle{0}, 0, Browser, -1, -1
04-27 22:15:00.765  6323  6626 I AppsModelWriter: changeItemsVisibility(end) : updateItems> 0, 112, 0, -102, 3, 16, UserHandle{0}, 0, Sheets, -1, -1
04-27 22:15:00.765  6323  6626 I AppsModelWriter: changeItemsVisibility(end) : updateItems> 0, 116, 0, -102, 0, 19, UserHandle{0}, 0, CDE ITMO, -1, -1
04-27 22:15:00.765  6323  6626 I AppsModelWriter: changeItemsVisibility(end) : updateItems> 0, 117, 0, -102, 2, 2, UserHandle{0}, 0, Mail, -1, -1
04-27 22:15:00.765  6323  6626 I AppsModelWriter: changeItemsVisibility(end) : updateItems> 0, 118, 0, -102, 0, 27, UserHandle{0}, 0, Discord, -1, -1
04-27 22:15:00.765  6323  6626 I AppsModelWriter: changeItemsVisibility(end) : updateItems> 0, 119, 0, -102, 4, 15, UserHandle{0}, 0, WhatsApp, -1, -1
04-27 22:15:00.766  6323  6626 I AppsModelWriter: changeItemsVisibility(end) : updateItems> 0, 120, 0, -102, 1, 27, UserHandle{0}, 0, Keep notes, -1, -1
04-27 22:15:00.766  6323  6626 I AppsModelWriter: changeItemsVisibility(end) : updateItems> 0, 121, 0, -102, 4, 8, UserHandle{0}, 0, Translate, -1, -1
