04-09 22:53:36.286 21219 21236 I SCS@AiSearch user 0: (AiSearch user 0) Logger init success
04-09 22:53:36.287 21219 21219 I SCS@AiSearch user 0: (SearchApplication) checkIsUpdated(): sIsUpdate = false
04-09 22:53:36.346  5665  9338 D PackageManager: setEnabledSetting : userId = 0 packageName = com.samsung.android.scs cmp = androidx.work.impl.background.systemjob.SystemJobService newState = 1 callingPackage = 10380/com.samsung.android.scs
04-09 22:53:36.347  5665  9338 D ApplicationPolicy: getApplicationStateEnabled : pkg = com.samsung.android.scs userId : 0
04-09 22:53:36.349  5665  9338 D ApplicationPolicy: getApplicationComponentState : pkg = com.samsung.android.scs userId : 0
04-09 22:53:36.366 21219 21219 I SCS@AiSearch user 0: (SearchApplication) [main] leaving from init():
04-09 22:53:36.366 21219 21219 I SCS@AiSearch user 0: (SearchProvider) [main] leaving from onCreate():
04-09 22:53:36.370 21219 21240 I SCS@AiSearch user 0: (ConfigManager) [pool-3-thread-1] entering in loadConfig():
04-09 22:53:36.378 21219 21219 I ServiceApplication: process:com.samsung.android.scs version:2.0.00.52 flavor:full
04-09 22:53:36.378 21219 21219 I SCS@AiSearch user 0: (SearchApplication) [main] entering in init():
04-09 22:53:36.381 21145 21215 I ScsApi@FeatureHolder: setStatus() : FEATURE_TEXT_GET_ENTITY : 0
04-09 22:53:36.383 21145 21215 I SCSUtils: FEATURE_TEXT_GET_ENTITY is available
04-09 22:53:36.392 21219 21240 I SCS@AiSearch user 0: (ConfigManager) Updating App Enable for com.sec.android.app.myfiles, Status: EnabledStatus{mEnabled=true, mDisabledReason=null, mExtra=null}
04-09 22:53:36.393 21219 21240 I SCS@AiSearch user 0: (ConfigManager) Updating App Enable for com.samsung.android.app.reminder, Status: EnabledStatus{mEnabled=true, mDisabledReason=null, mExtra=null}
04-09 22:53:36.394 21219 21240 I SCS@AiSearch user 0: (ConfigManager) Updating App Enable for com.samsung.android.calendar.synctasks, Status: EnabledStatus{mEnabled=true, mDisabledReason=null, mExtra=null}
04-09 22:53:36.395 21219 21240 I SCS@AiSearch user 0: (ConfigManager) Updating App Enable for logs.call, Status: EnabledStatus{mEnabled=true, mDisabledReason=null, mExtra=null}
04-09 22:53:36.395 21219 21240 I SCS@AiSearch user 0: (ConfigManager) Updating App Enable for com.samsung.android.apps, Status: EnabledStatus{mEnabled=true, mDisabledReason=null, mExtra=null}
04-09 22:53:36.396 21219 21240 I SCS@AiSearch user 0: (ConfigManager) Updating App Enable for com.samsung.android.calendar, Status: EnabledStatus{mEnabled=true, mDisabledReason=null, mExtra=null}
04-09 22:53:36.396 21219 21240 I SCS@AiSearch user 0: (ConfigManager) Updating App Enable for com.samsung.android.contacts, Status: EnabledStatus{mEnabled=true, mDisabledReason=null, mExtra=null}
04-09 22:53:36.397 21219 21240 I SCS@AiSearch user 0: (ConfigManager) isAppEnabled(): FloatingFeature :V519, com.google.android.providers.media enabled :true
04-09 22:53:36.397 21219 21240 I SCS@AiSearch user 0: (ConfigManager) Updating App Enable for com.google.android.providers.media, Status: EnabledStatus{mEnabled=true, mDisabledReason=null, mExtra=null}
04-09 22:53:36.397 21219 21240 I SCS@AiSearch user 0: (ConfigManager) Updating App Enable for analogy, Status: EnabledStatus{mEnabled=true, mDisabledReason=null, mExtra=null}
04-09 22:53:36.397 21219 21240 I SCS@AiSearch user 0: (ConfigManager) Updating App Enable for synonym, Status: EnabledStatus{mEnabled=true, mDisabledReason=null, mExtra=null}
04-09 22:53:36.397 21219 21240 I SCS@AiSearch user 0: (ConfigManager) Updating App Enable for com.samsung.android.scs.documents, Status: EnabledStatus{mEnabled=true, mDisabledReason=null, mExtra=null}
04-09 22:53:36.397 21219 21240 I SCS@AiSearch user 0: (ConfigManager) Updating App Enable for com.android.settings, Status: EnabledStatus{mEnabled=true, mDisabledReason=null, mExtra=null}
04-09 22:53:36.397 21145 21215 I DIAGMON_SDK[605055]: DiagMonAgent type: 2
04-09 22:53:36.397 21219 21240 I SCS@AiSearch user 0: (ConfigManager) Updating App Enable for correlated, Status: EnabledStatus{mEnabled=true, mDisabledReason=null, mExtra=null}
04-09 22:53:36.397 21219 21240 I SCS@AiSearch user 0: (ConfigManager) [pool-3-thread-1] leaving from loadConfig():
04-09 22:53:36.398 21145 21215 I DIAGMON_SDK[605055][cfk7symzua] : generated SR object
04-09 22:53:36.403 21219 21240 I SCS@AiSearch user 0: (HintsHelper) init collect hints and schedule periodic job
04-09 22:53:36.410 21219 21240 I SCS@AiSearch user 0: (SchedulingManager) UsageScoreIndexingWorker: Result:: androidx.work.impl.utils.futures.SettableFuture@3b17ecc[status=PENDING]
04-09 22:53:36.416 21219 21243 I DIAGMON_SDK[605029][4N4-399-535399] : generated SR object
04-09 22:53:36.416 21219 21240 I SCS@AiSearch user 0: (SchedulingManager) scheduleJobServiceLogging
04-09 22:53:36.437  5665  6260 D PackageManager: setEnabledSetting : userId = 0 packageName = com.samsung.android.scs cmp = androidx.work.impl.background.systemalarm.RescheduleReceiver newState = 1 callingPackage = 10380/com.samsung.android.scs
04-09 22:53:36.438  5665  6260 D ApplicationPolicy: getApplicationStateEnabled : pkg = com.samsung.android.scs userId : 0
04-09 22:53:36.440  5665  6260 D ApplicationPolicy: getApplicationComponentState : pkg = com.samsung.android.scs userId : 0
04-09 22:53:36.467  5665  6260 D PackageManager: setEnabledSetting : userId = 0 packageName = com.samsung.android.scs cmp = androidx.work.impl.background.systemalarm.RescheduleReceiver newState = 1 callingPackage = 10380/com.samsung.android.scs
04-09 22:53:36.468  5665  6260 D ApplicationPolicy: getApplicationStateEnabled : pkg = com.samsung.android.scs userId : 0
04-09 22:53:36.470  5665  6260 D ApplicationPolicy: getApplicationComponentState : pkg = com.samsung.android.scs userId : 0
04-09 22:53:36.980  6284  6284 D SecPowerUI.Notification: showChargingNotice oldChargingType : 11 currentChargingType : 11 oldChargingTime : 3636000 mChargingTime : 3636000
04-09 22:53:36.981  6284  6284 D SecPowerUI.Notification: There is no change about charging status, so return!
04-09 22:53:37.439 21219 21259 I SCS@AiSearch user 0: (InitialIndexingWorker) [androidx.work-1] entering in doWork():
04-09 22:53:37.440 21219 21259 I SCS@AiSearch user 0: (InitialIndexingWorker) [androidx.work-1] entering in initAllIndexes():
04-09 22:53:37.441 21219 21259 I SCS@AiSearch user 0: (WorkerUtils) [androidx.work-1] entering in handleLocaleChange():
04-09 22:53:37.441 21219 21259 I SCS@AiSearch user 0: (WorkerUtils) [androidx.work-1] leaving from handleLocaleChange():
04-09 22:53:37.496 21219 21259 I SCS@AiSearch user 0: (ANALOGY) initIndexImpl: took 4 ms
04-09 22:53:37.499 21219 21259 W SCS@AiSearch user 0: (s) The resource for the current locale is not found : res/values-en-GB/synonyms.xml
04-09 22:53:37.502 21219 21259 I SCS@AiSearch user 0: (SYNONYM) initIndexImpl: took 5 ms
04-09 22:53:37.505 21219 21259 I SCS@AiSearch user 0: (i) Creating collector for CONTACTS
04-09 22:53:37.528 21219 21259 I SCS@AiSearch user 0: (ContactsRelation) initRelationDataFromContactsProvider called
04-09 22:53:37.554 21219 21259 I SCS@AiSearch user 0: (CORRELATED) initIndexImpl: took 0 ms
04-09 22:53:37.554 21219 21259 I SCS@AiSearch user 0: (CONTACTS) initIndexImpl: took 0 ms
04-09 22:53:37.554 21219 21259 I SCS@AiSearch user 0: (CALLLOG) initIndexImpl: took 0 ms
04-09 22:53:37.554 21219 21259 I SCS@AiSearch user 0: (CALENDAR) initIndexImpl: took 0 ms
04-09 22:53:37.554 21219 21259 I SCS@AiSearch user 0: (TASKS) initIndexImpl: took 0 ms
04-09 22:53:37.554 21219 21259 I SCS@AiSearch user 0: (REMINDER) initIndexImpl: took 0 ms
04-09 22:53:37.559 21219 21259 I SCS@AiSearch user 0: (AppsDataObserver) scheduling worker CMD_SCAN
04-09 22:53:37.564 21219 21259 I SCS@AiSearch user 0: (APPLICATIONS) initIndexImpl: took 5 ms
04-09 22:53:37.564 21219 21259 I SCS@AiSearch user 0: (AOSP_MP) initIndexImpl: took 0 ms
04-09 22:53:37.564 21219 21259 I SCS@AiSearch user 0: (IMAGES) initIndexImpl: took 0 ms
04-09 22:53:37.565  5665  9317 D PackageManager: setEnabledSetting : userId = 0 packageName = com.samsung.android.scs cmp = androidx.work.impl.background.systemalarm.RescheduleReceiver newState = 1 callingPackage = 10380/com.samsung.android.scs
04-09 22:53:37.566 21219 21259 I SCS@AiSearch user 0: (SchedulingManager) scheduleSaLogging: Result:: androidx.work.impl.utils.futures.SettableFuture@9f1c700[status=PENDING]
04-09 22:53:37.566 21219 21259 I SCS@AiSearch user 0: (InitialIndexingWorker) [androidx.work-1] leaving from initAllIndexes():
04-09 22:53:37.567 21219 21259 I SCS@AiSearch user 0: (InitialIndexingWorker) Rescheduled by work. Force to run every collector
04-09 22:53:37.567  5665  9317 D ApplicationPolicy: getApplicationStateEnabled : pkg = com.samsung.android.scs userId : 0
04-09 22:53:37.568  5665  9317 D ApplicationPolicy: getApplicationComponentState : pkg = com.samsung.android.scs userId : 0
04-09 22:53:37.569 21219 21259 I SCS@AiSearch user 0: (BaseCollector::CONTACTS) enqueue ObserverWorker name: CONTACTS policy: REPLACE
04-09 22:53:37.569 21219 21259 I SCS@AiSearch user 0: (i) Creating collector for CALLLOG
04-09 22:53:37.573 21219 21259 I SCS@AiSearch user 0: (BaseCollector::CALLLOG) enqueue ObserverWorker name: CALLLOG policy: REPLACE
04-09 22:53:37.574 21219 21259 I SCS@AiSearch user 0: (i) Creating collector for CALENDAR
04-09 22:53:37.575 21219 21259 I SCS@AiSearch user 0: (BaseCollector::CALENDAR) enqueue ObserverWorker name: CALENDAR policy: REPLACE
04-09 22:53:37.575 21219 21259 I SCS@AiSearch user 0: (i) Creating collector for TASKS
04-09 22:53:37.576 21219 21259 I SCS@AiSearch user 0: (BaseCollector::TASKS) enqueue ObserverWorker name: TASKS policy: REPLACE
04-09 22:53:37.576 21219 21259 I SCS@AiSearch user 0: (i) Creating collector for REMINDER
04-09 22:53:37.577 21219 21259 I SCS@AiSearch user 0: (BaseCollector::REMINDER) enqueue ObserverWorker name: REMINDER policy: REPLACE
04-09 22:53:37.578 21219 21259 I SCS@AiSearch user 0: (i) Creating collector for AOSP_MP
04-09 22:53:37.587 21219 21259 I SCS@AiSearch user 0: (BaseCollector::AOSP_MP) enqueue ObserverWorker name: AOSP_MP policy: REPLACE
04-09 22:53:37.588 21219 21259 I SCS@AiSearch user 0: (i) Creating collector for GALLERY
04-09 22:53:37.588 21219 21259 I SCS@AiSearch user 0: (BaseCollector::GALLERY) enqueue ObserverWorker name: GALLERY policy: REPLACE
04-09 22:53:37.588 21219 21259 I SCS@AiSearch user 0: (i) Creating collector for DOCUMENTS
04-09 22:53:37.589 21219 21259 I SCS@AiSearch user 0: (BaseCollector::DOCUMENTS) enqueue ObserverWorker name: DOCUMENTS policy: KEEP
04-09 22:53:37.589 21219 21259 I SCS@AiSearch user 0: (InitialIndexingWorker) Indexing time: 0.15seconds
04-09 22:53:37.598  5665  9317 D PackageManager: setEnabledSetting : userId = 0 packageName = com.samsung.android.scs cmp = androidx.work.impl.background.systemalarm.RescheduleReceiver newState = 1 callingPackage = 10380/com.samsung.android.scs
04-09 22:53:37.599  5665  9317 D ApplicationPolicy: getApplicationStateEnabled : pkg = com.samsung.android.scs userId : 0
04-09 22:53:37.600  5665  9317 D ApplicationPolicy: getApplicationComponentState : pkg = com.samsung.android.scs userId : 0
04-09 22:53:37.712  5665  9317 D PackageManager: setEnabledSetting : userId = 0 packageName = com.samsung.android.scs cmp = androidx.work.impl.background.systemalarm.RescheduleReceiver newState = 1 callingPackage = 10380/com.samsung.android.scs
04-09 22:53:37.714  5665  9317 D ApplicationPolicy: getApplicationStateEnabled : pkg = com.samsung.android.scs userId : 0
04-09 22:53:37.715  5665  9317 D ApplicationPolicy: getApplicationComponentState : pkg = com.samsung.android.scs userId : 0
04-09 22:53:37.743  5665  9317 D PackageManager: setEnabledSetting : userId = 0 packageName = com.samsung.android.scs cmp = androidx.work.impl.background.systemalarm.RescheduleReceiver newState = 1 callingPackage = 10380/com.samsung.android.scs
04-09 22:53:37.745  5665  9317 D ApplicationPolicy: getApplicationStateEnabled : pkg = com.samsung.android.scs userId : 0
04-09 22:53:37.747  5665  9317 D ApplicationPolicy: getApplicationComponentState : pkg = com.samsung.android.scs userId : 0
04-09 22:53:37.776  5665  9317 D PackageManager: setEnabledSetting : userId = 0 packageName = com.samsung.android.scs cmp = androidx.work.impl.background.systemalarm.RescheduleReceiver newState = 1 callingPackage = 10380/com.samsung.android.scs
04-09 22:53:37.777  5665  9317 D ApplicationPolicy: getApplicationStateEnabled : pkg = com.samsung.android.scs userId : 0
04-09 22:53:37.778  5665  9317 D ApplicationPolicy: getApplicationComponentState : pkg = com.samsung.android.scs userId : 0
04-09 22:53:37.789  5665  9317 D PackageManager: setEnabledSetting : userId = 0 packageName = com.samsung.android.scs cmp = androidx.work.impl.background.systemalarm.RescheduleReceiver newState = 1 callingPackage = 10380/com.samsung.android.scs
04-09 22:53:37.790  5665  9317 D ApplicationPolicy: getApplicationStateEnabled : pkg = com.samsung.android.scs userId : 0
04-09 22:53:37.791  5665  9317 D ApplicationPolicy: getApplicationComponentState : pkg = com.samsung.android.scs userId : 0
04-09 22:53:37.802  5665  9317 D PackageManager: setEnabledSetting : userId = 0 packageName = com.samsung.android.scs cmp = androidx.work.impl.background.systemalarm.RescheduleReceiver newState = 1 callingPackage = 10380/com.samsung.android.scs
04-09 22:53:37.803  5665  9317 D ApplicationPolicy: getApplicationStateEnabled : pkg = com.samsung.android.scs userId : 0
04-09 22:53:37.804  5665  9317 D ApplicationPolicy: getApplicationComponentState : pkg = com.samsung.android.scs userId : 0
04-09 22:53:37.816  5665  6260 D PackageManager: setEnabledSetting : userId = 0 packageName = com.samsung.android.scs cmp = androidx.work.impl.background.systemalarm.RescheduleReceiver newState = 1 callingPackage = 10380/com.samsung.android.scs
04-09 22:53:37.816  5665  6260 D ApplicationPolicy: getApplicationStateEnabled : pkg = com.samsung.android.scs userId : 0
04-09 22:53:37.817  5665  6260 D ApplicationPolicy: getApplicationComponentState : pkg = com.samsung.android.scs userId : 0
04-09 22:53:37.828  5665  6260 D PackageManager: setEnabledSetting : userId = 0 packageName = com.samsung.android.scs cmp = androidx.work.impl.background.systemalarm.RescheduleReceiver newState = 1 callingPackage = 10380/com.samsung.android.scs
04-09 22:53:37.829  5665  6260 D ApplicationPolicy: getApplicationStateEnabled : pkg = com.samsung.android.scs userId : 0
04-09 22:53:37.831  5665  6260 D ApplicationPolicy: getApplicationComponentState : pkg = com.samsung.android.scs userId : 0
04-09 22:53:37.843 21219 21252 I WM-WorkerWrapper: Worker result SUCCESS for Work [ id=9a1c66e6-001c-484a-ac38-05aaf55b4897, tags={ com.samsung.android.scs.ai.search.scheduling.workers.InitialIndexingWorker, InitialIndexingWorker } ]
04-09 22:53:37.875 21219 21269 I SCS@AiSearch user 0: (AppsDataWorker) [androidx.work-2] entering in doWork():
04-09 22:53:37.875 21219 21269 I SCS@AiSearch user 0: (AppsDataObserver) [androidx.work-2] entering in execute():
04-09 22:53:37.875 21219 21269 I SCS@AiSearch user 0: (AppsDataObserver-CMD_SCAN) Scanning applications for indexing...
04-09 22:53:37.885 21219 21219 I SCS@AiSearch user 0: (ObserverWorker::CONTACTS) [main] entering in startWork():
04-09 22:53:37.907 21219 21219 I SCS@AiSearch user 0: (BaseCollector::CONTACTS) [main] entering in onChange():
04-09 22:53:37.909 21219 21219 I SCS@AiSearch user 0: (ObserverWorker::CALLLOG) [main] entering in startWork():
04-09 22:53:37.909 21219 21219 I SCS@AiSearch user 0: (BaseCollector::CALLLOG) [main] entering in onChange():
04-09 22:53:37.910 21219 21270 I SCS@AiSearch user 0: (BaseCollector::CONTACTS) [CONTACTS-0] entering in collectChanges():
04-09 22:53:37.911 21219 21219 I SCS@AiSearch user 0: (ObserverWorker::CALENDAR) [main] entering in startWork():
04-09 22:53:37.911 21219 21219 I SCS@AiSearch user 0: (BaseCollector::CALENDAR) [main] entering in onChange():
04-09 22:53:37.915 21219 21219 I SCS@AiSearch user 0: (ObserverWorker::TASKS) [main] entering in startWork():
04-09 22:53:37.915 21219 21219 I SCS@AiSearch user 0: (BaseCollector::TASKS) [main] entering in onChange():
04-09 22:53:37.915 21219 21272 I SCS@AiSearch user 0: (BaseCollector::CALENDAR) [CALENDAR-0] entering in collectChanges():
04-09 22:53:37.915 21219 21219 I SCS@AiSearch user 0: (ObserverWorker::REMINDER) [main] entering in startWork():
04-09 22:53:37.916 21219 21219 I SCS@AiSearch user 0: (BaseCollector::REMINDER) [main] entering in onChange():
04-09 22:53:37.916 21219 21271 I SCS@AiSearch user 0: (BaseCollector::CALLLOG) [CALLLOG-0] entering in collectChanges():
04-09 22:53:37.917 21219 21219 I SCS@AiSearch user 0: (ObserverWorker::AOSP_MP) [main] entering in startWork():
04-09 22:53:37.918 21219 21219 I SCS@AiSearch user 0: (BaseCollector::AOSP_MP) [main] entering in onChange():
04-09 22:53:37.919 21219 21273 I SCS@AiSearch user 0: (BaseCollector::TASKS) [TASKS-0] entering in collectChanges():
04-09 22:53:37.922 21219 21219 I SCS@AiSearch user 0: (ObserverWorker::GALLERY) [main] entering in startWork():
04-09 22:53:37.922 21219 21219 I SCS@AiSearch user 0: (BaseCollector::GALLERY) [main] entering in onChange():
04-09 22:53:37.925 21219 21274 I SCS@AiSearch user 0: (BaseCollector::REMINDER) [REMINDER-0] entering in collectChanges():
04-09 22:53:37.925 21219 21219 I SCS@AiSearch user 0: (ObserverWorker::DOCUMENTS) [main] entering in startWork():
04-09 22:53:37.927 21219 21276 I SCS@AiSearch user 0: (BaseCollector::GALLERY) [GALLERY-0] entering in collectChanges():
04-09 22:53:37.928 21219 21275 I SCS@AiSearch user 0: (BaseCollector::AOSP_MP) [AOSP_MP-0] entering in collectChanges():
04-09 22:53:37.932  5665  6260 D PackageManager: setEnabledSetting : userId = 0 packageName = com.samsung.android.scs cmp = androidx.work.impl.background.systemalarm.RescheduleReceiver newState = 1 callingPackage = 10380/com.samsung.android.scs
04-09 22:53:37.935  5665  6260 D ApplicationPolicy: getApplicationStateEnabled : pkg = com.samsung.android.scs userId : 0
04-09 22:53:37.936  5665  6260 D ApplicationPolicy: getApplicationComponentState : pkg = com.samsung.android.scs userId : 0
04-09 22:53:37.939 21219 21219 I SCS@AiSearch user 0: (BaseCollector::DOCUMENTS) [main] entering in onChange():
04-09 22:53:37.942 21219 21277 I SCS@AiSearch user 0: (BaseCollector::DOCUMENTS) [DOCUMENTS-0] entering in collectChanges():
04-09 22:53:37.951  5665  9317 D PackageManager: setEnabledSetting : userId = 0 packageName = com.samsung.android.scs cmp = androidx.work.impl.background.systemalarm.RescheduleReceiver newState = 1 callingPackage = 10380/com.samsung.android.scs
04-09 22:53:37.953  5665  9317 D ApplicationPolicy: getApplicationStateEnabled : pkg = com.samsung.android.scs userId : 0
04-09 22:53:37.954  5665  9317 D ApplicationPolicy: getApplicationComponentState : pkg = com.samsung.android.scs userId : 0
04-09 22:53:37.968  5665  9317 D PackageManager: setEnabledSetting : userId = 0 packageName = com.samsung.android.scs cmp = androidx.work.impl.background.systemalarm.RescheduleReceiver newState = 1 callingPackage = 10380/com.samsung.android.scs
04-09 22:53:37.969  5665  9317 D ApplicationPolicy: getApplicationStateEnabled : pkg = com.samsung.android.scs userId : 0
04-09 22:53:37.970  5665  9317 D ApplicationPolicy: getApplicationComponentState : pkg = com.samsung.android.scs userId : 0
04-09 22:53:37.983  5665  9317 D PackageManager: setEnabledSetting : userId = 0 packageName = com.samsung.android.scs cmp = androidx.work.impl.background.systemalarm.RescheduleReceiver newState = 1 callingPackage = 10380/com.samsung.android.scs
04-09 22:53:37.983  5665  9317 D ApplicationPolicy: getApplicationStateEnabled : pkg = com.samsung.android.scs userId : 0
04-09 22:53:37.984  5665  9317 D ApplicationPolicy: getApplicationComponentState : pkg = com.samsung.android.scs userId : 0
04-09 22:53:37.999  5665  9317 D PackageManager: setEnabledSetting : userId = 0 packageName = com.samsung.android.scs cmp = androidx.work.impl.background.systemalarm.RescheduleReceiver newState = 1 callingPackage = 10380/com.samsung.android.scs
04-09 22:53:38.000  5665  9317 D ApplicationPolicy: getApplicationStateEnabled : pkg = com.samsung.android.scs userId : 0
04-09 22:53:38.000  5665  9317 D ApplicationPolicy: getApplicationComponentState : pkg = com.samsung.android.scs userId : 0
04-09 22:53:38.014  5665  9317 D PackageManager: setEnabledSetting : userId = 0 packageName = com.samsung.android.scs cmp = androidx.work.impl.background.systemalarm.RescheduleReceiver newState = 1 callingPackage = 10380/com.samsung.android.scs
04-09 22:53:38.015  5665  9317 D ApplicationPolicy: getApplicationStateEnabled : pkg = com.samsung.android.scs userId : 0
04-09 22:53:38.016  5665  9317 D ApplicationPolicy: getApplicationComponentState : pkg = com.samsung.android.scs userId : 0
04-09 22:53:38.093  5665  6260 D PackageManager: setEnabledSetting : userId = 0 packageName = com.samsung.android.scs cmp = androidx.work.impl.background.systemalarm.RescheduleReceiver newState = 1 callingPackage = 10380/com.samsung.android.scs
04-09 22:53:38.094  5665  6260 D ApplicationPolicy: getApplicationStateEnabled : pkg = com.samsung.android.scs userId : 0
04-09 22:53:38.095  5665  6260 D ApplicationPolicy: getApplicationComponentState : pkg = com.samsung.android.scs userId : 0
04-09 22:53:38.096 21219 21269 I SCS@AiSearch user 0: (k) Schema: name: com.samsung.android.contacts , Major version: 31 , Minor version: 0
04-09 22:53:38.099 21219 21269 I SCS@AiSearch user 0: (k) Schema: name: com.android.settings , Major version: 4 , Minor version: 0
04-09 22:53:38.103 21219 21269 I SCS@AiSearch user 0: (k) Schema: name: com.samsung.android.apps , Major version: 31 , Minor version: 0
04-09 22:53:38.108 21219 21269 I SCS@AiSearch user 0: (k) Schema: name: com.samsung.android.calendar , Major version: 18 , Minor version: 0
04-09 22:53:38.111 21219 21269 I SCS@AiSearch user 0: (k) Schema: name: com.samsung.android.calendar.synctasks , Major version: 5 , Minor version: 0
04-09 22:53:38.116 21219 21269 I SCS@AiSearch user 0: (k) Schema: name: com.samsung.android.app.reminder , Major version: 4 , Minor version: 0
04-09 22:53:38.121 21219 21269 I SCS@AiSearch user 0: (k) Schema: name: logs.call , Major version: 16 , Minor version: 0
04-09 22:53:38.131  5665  6260 D PackageManager: setEnabledSetting : userId = 0 packageName = com.samsung.android.scs cmp = androidx.work.impl.background.systemalarm.RescheduleReceiver newState = 1 callingPackage = 10380/com.samsung.android.scs
04-09 22:53:38.133  5665  6260 D ApplicationPolicy: getApplicationStateEnabled : pkg = com.samsung.android.scs userId : 0
04-09 22:53:38.134  5665  6260 D ApplicationPolicy: getApplicationComponentState : pkg = com.samsung.android.scs userId : 0
04-09 22:53:38.179 21219 21269 I SCS@AiSearch user 0: (k) Schema: name: com.google.android.providers.media , Major version: 0 , Minor version: 0
04-09 22:53:38.181 21219 21269 I SCS@AiSearch user 0: (k) Schema: name: analogy , Major version: 12 , Minor version: 0
04-09 22:53:38.184 21219 21269 I SCS@AiSearch user 0: (k) Schema: name: synonym , Major version: 4 , Minor version: 0
04-09 22:53:38.185 21219 21269 I SCS@AiSearch user 0: (k) Schema: name: correlated , Major version: 4 , Minor version: 0
04-09 22:53:38.187 21219 21269 I SCS@AiSearch user 0: (k) Schema: name: ranking , Major version: 1 , Minor version: 0
04-09 22:53:38.200  5665  5741 W libprocessgroup: Failed to open /dev/blkio//cgroup.procs: No such file or directory
04-09 22:53:38.219 21167 21181 I Reminder$ReminderProvider: query uri [content://com.samsung.android.app.reminder/open/view_search] from com.samsung.android.scs
04-09 22:53:38.237 21219 21274 I SCS@AiSearch user 0: (IndexSearcherManager) Searcher created successfully for com.samsung.android.app.reminder
04-09 22:53:38.250 21167 21181 I Reminder$ReminderProvider: query uri [content://com.samsung.android.app.reminder/open/view_search] from com.samsung.android.scs
04-09 22:53:38.256 21219 21274 I SCS@AiSearch user 0: (BaseCollector::REMINDER) fetchInternal values : maxSyncId: -1 indexCount: 0 sourceCount: 0
04-09 22:53:38.260 21219 21273 I SCS@AiSearch user 0: (IndexSearcherManager) Searcher created successfully for com.samsung.android.calendar.synctasks
04-09 22:53:38.260 21167 21181 I Reminder$ReminderProvider: query uri [content://com.samsung.android.app.reminder/open/view_search] from com.samsung.android.scs
04-09 22:53:38.264 21219 21274 I SCS@AiSearch user 0: (BaseCollector::REMINDER) [REMINDER-0] enter():  enter from l0
04-09 22:53:38.267 21167 21181 I Reminder$ReminderProvider: query uri [content://com.samsung.android.app.reminder/open/view_search] from com.samsung.android.scs
04-09 22:53:38.270 21219 21274 I SCS@AiSearch user 0: (IndexManager) [REMINDER-0] entering in addIndex():
04-09 22:53:38.271 21219 21274 I SCS@AiSearch user 0: (BaseCollector::REMINDER) fetch: fetching took  48 ms
04-09 22:53:38.271 21219 21274 I SCS@AiSearch user 0: (BaseCollector::REMINDER) fetchChanges: applied 0 items
04-09 22:53:38.271 21219 21274 I SCS@AiSearch user 0: (BaseCollector::REMINDER) Collect finished. Result: true
04-09 22:53:38.272 21219 21273 I SCS@AiSearch user 0: (BaseCollector::TASKS) fetchInternal values : maxSyncId: -1 indexCount: 0 sourceCount: 0
04-09 22:53:38.272 21219 21274 I SCS@AiSearch user 0: (BaseCollector::REMINDER) enqueue ObserverWorker name: com.samsung.android.app.reminder, policy: APPEND_OR_REPLACE
04-09 22:53:38.273 21219 21249 I WM-WorkerWrapper: Worker result SUCCESS for Work [ id=2d334978-5cc2-4e2f-b43b-6d2d37b521a4, tags={ com.samsung.android.app.reminder, com.samsung.android.scs.ai.search.data.collector.ObserverWorker } ]
04-09 22:53:38.298  5665  9317 D PackageManager: setEnabledSetting : userId = 0 packageName = com.samsung.android.scs cmp = androidx.work.impl.background.systemalarm.RescheduleReceiver newState = 1 callingPackage = 10380/com.samsung.android.scs
04-09 22:53:38.299  5665  9317 D ApplicationPolicy: getApplicationStateEnabled : pkg = com.samsung.android.scs userId : 0
04-09 22:53:38.300 21219 21273 I SCS@AiSearch user 0: (IndexManager) [TASKS-0] entering in addIndex():
04-09 22:53:38.302  5665  9317 D ApplicationPolicy: getApplicationComponentState : pkg = com.samsung.android.scs userId : 0
04-09 22:53:38.305 21219 21273 I SCS@AiSearch user 0: (BaseCollector::TASKS) fetch: fetching took  56 ms
04-09 22:53:38.306 21219 21273 I SCS@AiSearch user 0: (BaseCollector::TASKS) fetchChanges: applied 0 items
04-09 22:53:38.306 21219 21273 I SCS@AiSearch user 0: (BaseCollector::TASKS) Collect finished. Result: true
04-09 22:53:38.308 21219 21273 I SCS@AiSearch user 0: (BaseCollector::TASKS) enqueue ObserverWorker name: com.samsung.android.calendar.synctasks, policy: APPEND_OR_REPLACE
04-09 22:53:38.326 21219 21269 I SCS@AiSearch user 0: (IndexSearcherManager) Searcher created successfully for com.samsung.android.apps
04-09 22:53:38.353 21219 21251 I WM-WorkerWrapper: Worker result SUCCESS for Work [ id=430294ed-8c4e-4b60-a116-10bd51fd2c19, tags={ com.samsung.android.calendar.synctasks, com.samsung.android.scs.ai.search.data.collector.ObserverWorker } ]
04-09 22:53:38.362  5665  8049 D PackageManager: setEnabledSetting : userId = 0 packageName = com.samsung.android.scs cmp = androidx.work.impl.background.systemalarm.RescheduleReceiver newState = 1 callingPackage = 10380/com.samsung.android.scs
04-09 22:53:38.363  5665  8049 D ApplicationPolicy: getApplicationStateEnabled : pkg = com.samsung.android.scs userId : 0
04-09 22:53:38.365  5665  8049 D ApplicationPolicy: getApplicationComponentState : pkg = com.samsung.android.scs userId : 0
04-09 22:53:38.391 21219 21271 I SCS@AiSearch user 0: (IndexSearcherManager) Searcher created successfully for logs.call
04-09 22:53:38.399 21219 21272 I SCS@AiSearch user 0: (IndexSearcherManager) Searcher created successfully for com.samsung.android.calendar
04-09 22:53:38.410 21219 21272 I SCS@AiSearch user 0: (BaseCollector::CALENDAR) [CALENDAR-0] enter():  enter from r
04-09 22:53:38.427 21219 21272 I SCS@AiSearch user 0: (BaseCollector::CALENDAR) [CALENDAR-0] leave():  leave
04-09 22:53:38.427 21219 21272 I SCS@AiSearch user 0: (BaseCollector::CALENDAR) fetchInternal values : maxSyncId: 1151 indexCount: 495 sourceCount: 495
04-09 22:53:38.428 21219 21270 I SCS@AiSearch user 0: (IndexSearcherManager) Searcher created successfully for com.samsung.android.contacts
04-09 22:53:38.431 21219 21272 I SCS@AiSearch user 0: (BaseCollector::CALENDAR) [CALENDAR-0] enter():  enter from n
04-09 22:53:38.438 21219 21277 I SCS@AiSearch user 0: (IndexSearcherManager) Searcher created successfully for com.google.android.providers.media
04-09 22:53:38.440 21219 21277 E SCS@AiSearch user 0: (BaseCollector::DOCUMENTS) canSkipCurrentList:
04-09 22:53:38.441 21219 21277 I SCS@AiSearch user 0: (BaseCollector::DOCUMENTS) fetch: fetching took  251 ms
04-09 22:53:38.441 21219 21277 I SCS@AiSearch user 0: (BaseCollector::DOCUMENTS) fetchChanges: applied 0 items
04-09 22:53:38.441 21219 21277 I SCS@AiSearch user 0: (BaseCollector::DOCUMENTS) Collect finished. Result: true
04-09 22:53:38.443 21219 21251 I WM-WorkerWrapper: Worker result SUCCESS for Work [ id=5244b991-ee5d-4a1b-b061-d3839cb54291, tags={ com.samsung.android.scs.documents, com.samsung.android.scs.ai.search.data.collector.ObserverWorker } ]
04-09 22:53:38.451 21219 21270 I SCS@AiSearch user 0: (BaseCollector::CONTACTS) fetchInternal values : maxSyncId: 5020 indexCount: 95 sourceCount: 95
04-09 22:53:38.454 21219 21270 I SCS@AiSearch user 0: (BaseCollector::CONTACTS) collectUpdatedIds: query with selection = _id <= 5020 AND ( contact_last_updated_timestamp > 1680188726661 OR (contact_last_updated_timestamp = 1680188726661 AND _id > 5011 ))
04-09 22:53:38.458 21219 21272 I SCS@AiSearch user 0: (BaseCollector::CALENDAR) [CALENDAR-0] leave():  leave
04-09 22:53:38.460 21219 21272 I SCS@AiSearch user 0: (BaseCollector::CALENDAR) [CALENDAR-0] enter():  enter from l0
04-09 22:53:38.467 21219 21271 I SCS@AiSearch user 0: (BaseCollector::CALLLOG) fetchInternal values : maxSyncId: 2491 indexCount: 2127 sourceCount: 2127
04-09 22:53:38.472 21219 21272 I SCS@AiSearch user 0: (BaseCollector::CALENDAR) [CALENDAR-0] leave():  leave
04-09 22:53:38.472 21219 21272 I SCS@AiSearch user 0: (IndexManager) [CALENDAR-0] entering in addIndex():
04-09 22:53:38.475 21219 21272 I SCS@AiSearch user 0: (BaseCollector::CALENDAR) fetch: fetching took  244 ms
04-09 22:53:38.475 21219 21272 I SCS@AiSearch user 0: (BaseCollector::CALENDAR) fetchChanges: applied 0 items
04-09 22:53:38.476 21219 21272 I SCS@AiSearch user 0: (BaseCollector::CALENDAR) Collect finished. Result: true
04-09 22:53:38.476 21219 21272 I SCS@AiSearch user 0: (BaseCollector::CALENDAR) enqueue ObserverWorker name: com.samsung.android.calendar, policy: APPEND_OR_REPLACE
04-09 22:53:38.483 21219 21251 I WM-WorkerWrapper: Worker result SUCCESS for Work [ id=4477a6df-6ea6-4904-aced-560dcfba98bc, tags={ com.samsung.android.scs.ai.search.data.collector.ObserverWorker, com.samsung.android.calendar } ]
04-09 22:53:38.492  5665  9317 D PackageManager: setEnabledSetting : userId = 0 packageName = com.samsung.android.scs cmp = androidx.work.impl.background.systemalarm.RescheduleReceiver newState = 1 callingPackage = 10380/com.samsung.android.scs
04-09 22:53:38.495  5665  9317 D ApplicationPolicy: getApplicationStateEnabled : pkg = com.samsung.android.scs userId : 0
04-09 22:53:38.496  5665  9317 D ApplicationPolicy: getApplicationComponentState : pkg = com.samsung.android.scs userId : 0
04-09 22:53:38.516 21219 21270 I SCS@AiSearch user 0: (IndexManager) [CONTACTS-0] entering in updateIndex():
04-09 22:53:38.526 21219 21270 I SCS@AiSearch user 0: (BaseCollector::CONTACTS) fetch: fetching took  96 ms
04-09 22:53:38.526 21219 21270 I SCS@AiSearch user 0: (BaseCollector::CONTACTS) fetchChanges: applied 0 items
04-09 22:53:38.526 21219 21270 I SCS@AiSearch user 0: (BaseCollector::CONTACTS) Collect finished. Result: true
04-09 22:53:38.528 21219 21249 I WM-WorkerWrapper: Worker result SUCCESS for Work [ id=384dcdae-afe7-45ee-927a-f59edd893ea9, tags={ com.samsung.android.contacts, com.samsung.android.scs.ai.search.data.collector.ObserverWorker } ]
04-09 22:53:38.535 21219 21270 I SCS@AiSearch user 0: (BaseCollector::CONTACTS) enqueue ObserverWorker name: com.samsung.android.contacts, policy: APPEND_OR_REPLACE
04-09 22:53:38.547  5665  9317 D PackageManager: setEnabledSetting : userId = 0 packageName = com.samsung.android.scs cmp = androidx.work.impl.background.systemalarm.RescheduleReceiver newState = 1 callingPackage = 10380/com.samsung.android.scs
04-09 22:53:38.548 21219 21271 I SCS@AiSearch user 0: (IndexManager) [CALLLOG-0] entering in addIndex():
04-09 22:53:38.549  5665  9317 D ApplicationPolicy: getApplicationStateEnabled : pkg = com.samsung.android.scs userId : 0
04-09 22:53:38.550  5665  9317 D ApplicationPolicy: getApplicationComponentState : pkg = com.samsung.android.scs userId : 0
04-09 22:53:38.557 21219 21271 I SCS@AiSearch user 0: (BaseCollector::CALLLOG) fetch: fetching took  263 ms
04-09 22:53:38.557 21219 21271 I SCS@AiSearch user 0: (BaseCollector::CALLLOG) fetchChanges: applied 0 items
04-09 22:53:38.557 21219 21271 I SCS@AiSearch user 0: (BaseCollector::CALLLOG) Collect finished. Result: true
04-09 22:53:38.559 21219 21275 I SCS@AiSearch user 0: (BaseCollector::AOSP_MP) fetchInternal values : maxSyncId: 1000007216 indexCount: 1708 sourceCount: 1702
04-09 22:53:38.562 21219 21271 I SCS@AiSearch user 0: (BaseCollector::CALLLOG) enqueue ObserverWorker name: logs.call, policy: APPEND_OR_REPLACE
04-09 22:53:38.565 21219 21251 I WM-WorkerWrapper: Worker result SUCCESS for Work [ id=b2ba3db5-b675-473b-be76-949a78bd6b84, tags={ logs.call, com.samsung.android.scs.ai.search.data.collector.ObserverWorker } ]
04-09 22:53:38.582  5665  8767 D PackageManager: setEnabledSetting : userId = 0 packageName = com.samsung.android.scs cmp = androidx.work.impl.background.systemalarm.RescheduleReceiver newState = 1 callingPackage = 10380/com.samsung.android.scs
04-09 22:53:38.583  5665  8767 D ApplicationPolicy: getApplicationStateEnabled : pkg = com.samsung.android.scs userId : 0
04-09 22:53:38.584  5665  8767 D ApplicationPolicy: getApplicationComponentState : pkg = com.samsung.android.scs userId : 0
04-09 22:53:38.699 21219 21269 I SCS@AiSearch user 0: (AppsDataObserver) [androidx.work-2] leaving from execute():  result is true
04-09 22:53:38.699 21219 21269 I SCS@AiSearch user 0: (AppsDataWorker) [androidx.work-2] leaving from doWork():
04-09 22:53:38.702 21219 21239 I WM-WorkerWrapper: Worker result SUCCESS for Work [ id=781c8763-c618-4def-81a8-4d4b646fca01, tags={ com.samsung.android.scs.ai.search.scheduling.workers.AppsDataWorker, CMD_SCAN } ]
04-09 22:53:38.916 21219 21275 I SCS@AiSearch user 0: (IndexManager) [AOSP_MP-0] entering in deleteIndex():  ids.size():6
04-09 22:53:38.916 21219 21275 I SCS@AiSearch user 0: (IndexManager) getIndexWriter(): indexName com.google.android.providers.media
04-09 22:53:38.968 21219 21275 I SCS@AiSearch user 0: (IndexManager) [DELETE] indexName=[com.google.android.providers.media], #ids= 6
04-09 22:53:38.968 21219 21275 I SCS@AiSearch user 0: (IndexSearcherManager) [AOSP_MP-0] entering in refreshSearcherManager():  refreshSearcherManager for com.google.android.providers.media
04-09 22:53:38.969 21219 21275 I SCS@AiSearch user 0: (IndexSearcherManager) remove: indexName: com.google.android.providers.media
04-09 22:53:38.969 21219 21275 I SCS@AiSearch user 0: (IndexManager) getIndexWriter(): indexName com.google.android.providers.media
04-09 22:53:39.005 21219 21275 I SCS@AiSearch user 0: (IndexSearcherManager) Searcher created successfully for com.google.android.providers.media
04-09 22:53:39.006 21219 21275 I SCS@AiSearch user 0: (IndexSearcherManager) [AOSP_MP-0] leaving from refreshSearcherManager():
04-09 22:53:39.006 21219 21275 I SCS@AiSearch user 0: (IndexManager) [AOSP_MP-0] entering in waitUntilCommitTaskFinished (idx=com.google.android.providers.media)():
04-09 22:53:39.007 21219 21278 I SCS@AiSearch user 0: (IndexManager) [pool-14-thread-1] entering in commitIndexWriter():
04-09 22:53:39.011 21219 21276 I SCS@AiSearch user 0: (BaseCollector::GALLERY) fetchInternal values : maxSyncId: 2147497485 indexCount: 6449 sourceCount: 6449
04-09 22:53:39.109 21219 21278 I SCS@AiSearch user 0: (IndexManager) [pool-14-thread-1] leaving from commitIndexWriter():
04-09 22:53:39.109 21219 21275 I SCS@AiSearch user 0: (IndexManager) [AOSP_MP-0] leaving from waitUntilCommitTaskFinished (idx=com.google.android.providers.media)():
04-09 22:53:39.109 21219 21275 I SCS@AiSearch user 0: (BaseCollector::AOSP_MP) syncDeletedItems: deleted items = 6
04-09 22:53:39.109 21219 21275 I SCS@AiSearch user 0: (SyncCursor) [AOSP_MP-0] entering in close():
04-09 22:53:39.124 21219 21275 I SCS@AiSearch user 0: (SyncCursor) [AOSP_MP-0] leaving from close():
04-09 22:53:39.127 21219 21275 I SCS@AiSearch user 0: (BaseCollector::AOSP_MP) fetch: fetching took  636 ms
04-09 22:53:39.127 21219 21275 I SCS@AiSearch user 0: (BaseCollector::AOSP_MP) fetchChanges: applied 6 items
04-09 22:53:39.151  5665  5741 W libprocessgroup: Failed to open /dev/blkio//cgroup.procs: No such file or directory
04-09 22:53:39.796 21219 21276 I SCS@AiSearch user 0: (IndexManager) [GALLERY-0] entering in addIndex():
04-09 22:53:39.800 21219 21276 I SCS@AiSearch user 0: (BaseCollector::GALLERY) fetch: fetching took  869 ms
04-09 22:53:39.800 21219 21276 I SCS@AiSearch user 0: (BaseCollector::GALLERY) fetchChanges: applied 0 items
04-09 22:53:39.800 21219 21276 I SCS@AiSearch user 0: (BaseCollector::GALLERY) Collect finished. Result: true
04-09 22:53:39.801 21219 21276 I SCS@AiSearch user 0: (BaseCollector::GALLERY) enqueue ObserverWorker name: com.google.android.providers.media, policy: APPEND_OR_REPLACE
04-09 22:53:39.803 21219 21249 I WM-WorkerWrapper: Worker result SUCCESS for Work [ id=4dc10c9c-ef1d-4439-8f27-11a7a146ec6c, tags={ com.google.android.providers.media, com.samsung.android.scs.ai.search.data.collector.ObserverWorker } ]
04-09 22:53:39.843  5665  8773 D PackageManager: setEnabledSetting : userId = 0 packageName = com.samsung.android.scs cmp = androidx.work.impl.background.systemalarm.RescheduleReceiver newState = 1 callingPackage = 10380/com.samsung.android.scs
04-09 22:53:39.846  5665  8773 D ApplicationPolicy: getApplicationStateEnabled : pkg = com.samsung.android.scs userId : 0
04-09 22:53:39.847  5665  8773 D ApplicationPolicy: getApplicationComponentState : pkg = com.samsung.android.scs userId : 0
04-09 22:53:41.225 21219 21275 I SCS@AiSearch user 0: (BaseCollector::AOSP_MP) doesDataKeepChanging: postpone count: 0 - source count: very first = 8197, previous = 8197, current = 8197
04-09 22:53:41.225 21219 21275 I SCS@AiSearch user 0: (BaseCollector::AOSP_MP) [AOSP_MP-0] entering in collectChanges():
04-09 22:53:41.372 21219 21275 I SCS@AiSearch user 0: (BaseCollector::AOSP_MP) fetchInternal values : maxSyncId: 1000007216 indexCount: 1702 sourceCount: 1702
04-09 22:53:41.564 21219 21275 I SCS@AiSearch user 0: (IndexManager) [AOSP_MP-0] entering in addIndex():
04-09 22:53:41.603 21219 21275 I SCS@AiSearch user 0: (IndexManager) [INSERT] index=[com.google.android.providers.media], size=40
04-09 22:53:41.604 21219 21275 I SCS@AiSearch user 0: (IndexManager) getIndexWriter(): indexName com.google.android.providers.media
04-09 22:53:41.822 21219 21275 I SCS@AiSearch user 0: (NeuralPhoneticsPredictor) isNeuralPhonetics :false inputLanguage: english
04-09 22:53:41.920  5312  5312 E sehhealth-service: Could not open /sys/class/power_supply/battery/lrp
04-09 22:53:41.926  5665  5861 D MotionRecognitionService: [SAR]  onReceive : ACTION_BATTERY_CHANGED, Plugged: 2
04-09 22:53:41.928  5665  5665 D PhoneWindowManagerExt: ACTION_BATTERY_CHANGED - Level=55, status=2
04-09 22:53:41.934  6213  6213 D SemBigDataInfoController: Intent: android.intent.action.BATTERY_CHANGED
04-09 22:53:41.935  5665  5665 D SemWifiApBroadcastReceiver: Received : android.intent.action.BATTERY_CHANGED
04-09 22:53:41.936  6213  6213 D SemBigDataInfoController: Intent: android.intent.action.BATTERY_CHANGED
04-09 22:53:41.939  6284  6284 I PowerUI : mBootCompleted = true |  mFullyConnected = true
04-09 22:53:41.940  6284  6284 W PowerUI : Plug reason
04-09 22:53:41.940  6284  6284 W PowerUI : Skip charging animation - by plug status
04-09 22:53:41.940  6284  6284 D PowerUI : priorPlugType = 2 mPlugType = 2 priorBatteryStatus = 2 mBatteryStatus = 2
04-09 22:53:41.940  6284 13026 D SecPowerUI.Notification: dismissing low battery warning: level=55
04-09 22:53:41.941  6284  6284 W PowerUI : Plug reason
04-09 22:53:41.941  6284 13026 D SecPowerUI.Notification: updateNotification mWarning=false mPlaySound=false
04-09 22:53:41.941  6284  6284 W PowerUI : Skip charging sound - by plug status
04-09 22:53:41.941  6284  6284 I PowerUI : oldMisalign : false, curMisalign : false
04-09 22:53:41.941  6284 13026 D SecPowerUI.Notification: SecBatteryStatsSnapshot{batteryLevel=55, currentBatteryMode=0, chargingTime=3636000, chargingType=11, batteryHealth=2, automaticTestMode=false, isHiccupState=false}
04-09 22:53:41.943  6284  6284 D SecPowerUI.Notification: showChargingNotice oldChargingType : 11 currentChargingType : 11 oldChargingTime : 3636000 mChargingTime : 3636000
04-09 22:53:41.943  6284  6284 D SecPowerUI.Notification: There is no change about charging status, so return!
04-09 22:53:41.943  6284  6284 D PowerUI : Battery swelling mode - priorBatterySwellingMode = 0 mBatterySwellingMode = 0 mBatteryStatus = 2
04-09 22:53:41.943  6284  6284 I PowerUI : mBatteryMiscEvent = 65536
04-09 22:53:41.943  6284 13026 D SecPowerUI.Notification: 1. restoreScreenTimeOut - saved_value : :
04-09 22:53:41.944  6284 13026 E SecPowerUI.Notification: no saved value, so we do nothing !!
04-09 22:53:41.946  6284  6284 D SamsungBatteryMeterDrawable: onBatteryLevelChanged isSomethingChanged: false
04-09 22:53:41.948  6284  6284 D SamsungBatteryMeterDrawable: onBatteryLevelChanged isSomethingChanged: false
04-09 22:53:41.949  6284  6284 D SamsungBatteryMeterDrawable: onBatteryLevelChanged isSomethingChanged: false
04-09 22:53:41.949  6284  6284 D SamsungBatteryMeterDrawable: onBatteryLevelChanged isSomethingChanged: false
04-09 22:53:41.958  6284  6284 D KeyguardUpdateMonitor: received broadcast android.intent.action.BATTERY_CHANGED
04-09 22:53:41.958  6284  6284 I AODBatteryManager: updateBatteryData: ACTION_BATTERY_CHANGED
04-09 22:53:41.964  6284  6284 I AODBatteryManager: saveBatteryData : AOD BatteryData [mBatteryLevel=55, mBatteryStatus=CHARGING, mBatteryPlugType=USB, mBatteryPlugged=true, mRemainingChargeTime=3636000, mBatteryChargingType=2, mBatteryChargerType=FAST, mBatteryOnline=NOT_DEFINED, mBatterySwellingMode=NONE, mBatteryProtectMode=false]
04-09 22:53:41.965  6284  6284 D KeyguardUpdateMonitor: handleBatteryUpdate
04-09 22:53:42.050  5665  5665 D SemWifiP2pGoPowerSave: GopsReceiver : received : com.samsung.intent.action.CHECK_SIOP_LEVEL
04-09 22:53:42.050  5665  5665 I SemWifiP2pGoPowerSave: siop_level = 2
04-09 22:53:42.052 18519 18669 I SystemBroadcastReceiver: [#CMH#] onReceive completed :  0
04-09 22:53:42.052 21219 21219 I SCS@AiSearch user 0: (BaseFreezingIndexReceiver) updateIndexingStatus to 101 [FROZEN]
04-09 22:53:42.054 21219 21219 I SCS@AiSearch user 0: (SchedulingManager) Freeze scheduling all apps indexing
04-09 22:53:42.058 18519 18519 I PolicyManager: [#CMH#] onReceive action = EVENT_SIOP
04-09 22:53:42.058 18519 18519 I PolicyManager: [#CMH#] SIOP level is high = 2
04-09 22:53:42.060 21219 21219 W WM-WorkSpec: Interval duration lesser than minimum allowed value; Changed to 900000
04-09 22:53:42.237  5665  8049 D PackageManager: setEnabledSetting : userId = 0 packageName = com.samsung.android.scs cmp = androidx.work.impl.background.systemalarm.RescheduleReceiver newState = 1 callingPackage = 10380/com.samsung.android.scs
04-09 22:53:42.239  5665  8049 D ApplicationPolicy: getApplicationStateEnabled : pkg = com.samsung.android.scs userId : 0
04-09 22:53:42.240  5665  8049 D ApplicationPolicy: getApplicationComponentState : pkg = com.samsung.android.scs userId : 0
04-09 22:53:42.267 21219 21249 I WM-WorkerWrapper: Work [ id=3a31d607-2339-4e1f-b0c8-59b0e89b82fc, tags={ com.sec.android.app.myfiles, com.samsung.android.scs.ai.search.data.collector.ObserverWorker } ] was cancelled
04-09 22:53:42.267 21219 21249 I WM-WorkerWrapper: java.util.concurrent.CancellationException: Task was cancelled.
04-09 22:53:42.267 21219 21249 I WM-WorkerWrapper: 	at androidx.work.impl.utils.futures.AbstractFuture.cancellationExceptionWithCause(Unknown Source:2)
04-09 22:53:42.267 21219 21249 I WM-WorkerWrapper: 	at androidx.work.impl.utils.futures.AbstractFuture.getDoneValue(Unknown Source:30)
04-09 22:53:42.267 21219 21249 I WM-WorkerWrapper: 	at androidx.work.impl.utils.futures.AbstractFuture.get(Unknown Source:21)
04-09 22:53:42.267 21219 21249 I WM-WorkerWrapper: 	at androidx.work.impl.WorkerWrapper$b.run(Unknown Source:4)
04-09 22:53:42.267 21219 21249 I WM-WorkerWrapper: 	at androidx.work.impl.utils.c$a.run(Unknown Source:2)
04-09 22:53:42.267 21219 21249 I WM-WorkerWrapper: 	at java.util.concurrent.ThreadPoolExecutor.runWorker(ThreadPoolExecutor.java:1137)
04-09 22:53:42.267 21219 21249 I WM-WorkerWrapper: 	at java.util.concurrent.ThreadPoolExecutor$Worker.run(ThreadPoolExecutor.java:637)
04-09 22:53:42.267 21219 21249 I WM-WorkerWrapper: 	at java.lang.Thread.run(Thread.java:1012)
04-09 22:53:42.427  5665  5739 I libprocessgroup: Successfully killed process cgroup uid 10090 pid 16513 in 14ms
04-09 22:53:42.481  5274  5274 I Zygote  : Process 16513 exited due to signal 9 (Killed)
04-09 22:53:42.552 17852 17928 D CompatibilityChangeReporter: Compat change id reported: 150939131; UID 10126; state: ENABLED
04-09 22:53:43.989 21219 21275 W SCS@AiSearch user 0: (TransliterationPropertyHelper) There is no matched LangType with en, Will use latin as default
04-09 22:53:43.990 21219 21275 I SCS@AiSearch user 0: (TransliterationAnalyzer) Property=TransliterationProperty{mInputLanguage='la', mOutputLanguage='la', mCategory='common', mNoNeedTransliteration='true'}
04-09 22:53:43.990 21219 21275 I SCS@AiSearch user 0: (TransliterationAnalyzer) Does not need transliteration. Will do nothing
04-09 22:53:44.048 21219 21275 I SCS@AiSearch user 0: (IndexManager) [INSERT] Done
04-09 22:53:44.049 21219 21275 I SCS@AiSearch user 0: (IndexSearcherManager) [AOSP_MP-0] entering in refreshSearcherManager():  refreshSearcherManager for com.google.android.providers.media
04-09 22:53:44.368  7790  9193 I ContactsProvider_EventLog: cp_s: [CONTACT con(158) dat(1089) acc({sim(3)=15, sec(6)=1, org.telegram.messenger(228)=102, sim2(4)=1, google(2)=81, com.whatsapp(14)=39}) calls([logtype:100 cnt:866, logtype:200 cnt:5, logtype:300 cnt:495, logtype:1000 cnt:600, logtype:1150 cnt:161]) Iso(RS) uId(0) ]
04-09 22:53:44.368  7790  9193 I ContactsProvider_EventLog: cp_s: [ agr({[3]=15, [14]=1, [4]=1, [2 ,14]=4, [2 ,2]=2, [2]=32, [6 ,14]=1, [2 ,14 ,228]=32, [2 ,228]=7, [228]=62, [2 ,2 ,14 ,228]=1}) ]
04-09 22:53:44.368  7790  9193 I ContactsProvider_EventLog: cp_s: [ cnt({acore(7790)=1, scs(21219)=10, calendar(21108)=2}) ]
04-09 22:53:44.368  7790  9193 I ContactsProvider_EventLog: cp_s: [PROFILE con(1) dat(1) acc({vnd.sec.contact.phone=1}) ] [SAPROFILE ]
04-09 22:53:44.368  7790  9193 I ContactsProvider_EventLog: cp_s: [STATE R(T) ]
04-09 22:53:44.459 21219 21275 I SCS@AiSearch user 0: (IndexSearcherManager) [AOSP_MP-0] leaving from refreshSearcherManager():
04-09 22:53:44.459 21219 21278 I SCS@AiSearch user 0: (IndexManager) [pool-14-thread-1] entering in commitIndexWriter():
04-09 22:53:44.460 21219 21275 I SCS@AiSearch user 0: (IndexManager) [AOSP_MP-0] entering in waitUntilCommitTaskFinished (idx=com.google.android.providers.media)():
04-09 22:53:44.466  5665  5741 W libprocessgroup: Failed to open /dev/blkio//cgroup.procs: No such file or directory
04-09 22:53:44.466  5665  5741 W libprocessgroup: Failed to open /dev/blkio//cgroup.procs: No such file or directory
04-09 22:53:44.467  5665  5741 W libprocessgroup: Failed to open /dev/blkio//cgroup.procs: No such file or directory
04-09 22:53:44.468  5665  5741 W libprocessgroup: Failed to open /dev/blkio//cgroup.procs: No such file or directory
04-09 22:53:44.468  5665  5741 W libprocessgroup: Failed to open /dev/blkio//cgroup.procs: No such file or directory
04-09 22:53:44.516 21219 21278 I SCS@AiSearch user 0: (IndexManager) [pool-14-thread-1] leaving from commitIndexWriter():
04-09 22:53:44.519 21219 21275 I SCS@AiSearch user 0: (IndexManager) [AOSP_MP-0] leaving from waitUntilCommitTaskFinished (idx=com.google.android.providers.media)():
04-09 22:53:44.519 21219 21275 I SCS@AiSearch user 0: (IndexManager) addIndex(): done
04-09 22:53:44.528 21219 21275 I SCS@AiSearch user 0: (BaseCollector::AOSP_MP) fetch: fetching took  3236 ms
04-09 22:53:44.529 21219 21275 I SCS@AiSearch user 0: (BaseCollector::AOSP_MP) fetchChanges: applied 40 items
04-09 22:53:45.691 10492 10565 W d.process.media: Reducing the number of considered missed Gc histogram windows from 133 to 100
04-09 22:53:45.713 10492 10567 W System  : A resource failed to call close.
04-09 22:53:46.218 18519 18674 I PolicyManager: [#CMH#] Is foreground game app: false
04-09 22:53:46.605 21219 21275 I SCS@AiSearch user 0: (BaseCollector::AOSP_MP) doesDataKeepChanging: postpone count: 0 - source count: very first = 8197, previous = 8197, current = 8197
04-09 22:53:46.605 21219 21275 I SCS@AiSearch user 0: (BaseCollector::AOSP_MP) [AOSP_MP-0] entering in collectChanges():
04-09 22:53:46.949  6284  6284 D SecPowerUI.Notification: showChargingNotice oldChargingType : 11 currentChargingType : 11 oldChargingTime : 3636000 mChargingTime : 3636000
