04-24 04:24:05.491 21331 21358 I TestRunner: started: mutableRefIntIn1Long(org.jetbrains.android_benchmark.AckermannBenchmark)
04-24 04:24:05.492 20444 21858 I SamsungAccount: [AbstractProcessRunnable] [InAIDL-AbstractProcessRunnable]isAvailableRunningProcess start Package = android.scpm.
04-24 04:24:05.494 21331 21331 I MonitoringInstr: Activities that are still in CREATED to STOPPED: 1
04-24 04:24:05.494 21331 21331 I MonitoringInstr: Finishing activity: androidx.benchmark.IsolationActivity@c388c9b
04-24 04:24:05.498 20444 21858 I SamsungAccount: [NetworkStateUtil] == networkStateCheck == true
04-24 04:24:05.498 20444 21858 I SamsungAccount: [AccountManagerUtil] isSamsungAccountSignedIn : true
04-24 04:24:05.499 21331 21358 I GrantPermissionCallable: Permission: android.permission.WRITE_EXTERNAL_STORAGE is already granted!
04-24 04:24:05.500 21331 21358 I GrantPermissionCallable: Permission: android.permission.READ_EXTERNAL_STORAGE is already granted!
04-24 04:24:05.500 21331 21358 D Benchmark: -- Running org.jetbrains.android_benchmark.AckermannBenchmark#mutableRefIntIn1Long --
04-24 04:24:05.500 21331 21358 D PerfettoCapture: Supported ABIs: arm64-v8a, armeabi-v7a, armeabi
04-24 04:24:05.500 21331 21358 D PerfettoCapture: Recording perfetto trace
04-24 04:24:05.501 20444 21858 I SamsungAccount: [DbManagerV2] getDataState : VALID
04-24 04:24:05.501 20444 21858 I SamsungAccount: [SignatureCheckUtil] runCheckSignatureAsync
04-24 04:24:05.501 20444 21858 I SamsungAccount: [SignaturePreconditionChecker] getSignatureResult - fromSesSdk : false
04-24 04:24:05.503 20444 21858 I SamsungAccount: [SignatureInfoDbHelper] getSignatureResult - [10/o5xg4][android.scpm.]
04-24 04:24:05.503 20444 21858 I SamsungAccount: [SignatureInfoDbHelper] searchOnUser
04-24 04:24:05.517 20444 21858 I SamsungAccount: [SignatureInfoDbHelper] searchOnUser - [10/o5xg4][android.scpm.][64/3291d] => matched
04-24 04:24:05.517 20444 21858 I SamsungAccount: [SignatureInfoDbHelper] search - matched
04-24 04:24:05.517 20444 21858 I SamsungAccount: [SignatureCheckUtil] runCheckSignatureAsync(fromDb) - matched
04-24 04:24:05.517 20444 21858 I SamsungAccount: [AbstractProcessRunnable] [InAIDL-AbstractProcessRunnable]isAvailableRunningProcess end. Package = android.scpm.
04-24 04:24:05.517 20444 21858 I SamsungAccount: [AccessTokenRunnable] [InAIDL-AccessTokenRunnable]runProcess start. Package = android.scpm.
04-24 04:24:05.520 20444 21858 I SamsungAccount: [StateCheckUtil] isGoogleLinked = true
04-24 04:24:05.522 20444 21858 I SamsungAccount: [AccessTokenRunnable] check_basic_profile = false needToCheckServer = false
04-24 04:24:05.525 21600 20794 I NetworkScheduler.Stats: Task com.google.android.gms/com.google.android.gms.ipa.base.IpaGcmTaskService finished executing. cause:9 result: 1 elapsed_millis: 123 uptime_millis: 123 exec_start_elapsed_seconds: 155027 [CONTEXT service_id=218 ]
04-24 04:24:05.533 20444 21858 I SamsungAccount: [DeviceManager] salesCode : SER
04-24 04:24:05.533 20444 21858 I SamsungAccount: [DeviceManager] isNewLduProdCode : false
04-24 04:24:05.536 20444 21858 I SamsungAccount: [CountryCodeUtil] isChinaCountryCode : false
04-24 04:24:05.536 20444 21858 I SamsungAccount: [ChinaPermissionUtil] isChnSecurityPopupNeeded - false
04-24 04:24:05.545 20444 21858 I SamsungAccount: [StateCheckUtil] isChildAccount : false
04-24 04:24:05.550 20444 21858 I SamsungAccount: [AccessTokenRunnable] [InAIDL-AccessTokenRunnable]isAccessTokenReusable. Package = android.scpm.
04-24 04:24:05.551 20444 21858 I SamsungAccount: [StateCheckUtil] isOverIntervalTime, renewTimeStamp = false
04-24 04:24:05.552 20444 21858 I SamsungAccount: [AccessTokenRunnable] [InAIDL-AccessTokenRunnable]checkAndSetAccessToken. Package = android.scpm.
04-24 04:24:05.552 20444 21858 I SamsungAccount: [AccessToken] getAccessTokenInfo
04-24 04:24:05.552 21331 21358 I PerfettoCapture: Cleanup perfetto before starting.
04-24 04:24:05.554 21740 21844 D ActionExecutionHandler: handleMessage : MSG_EXECUTE
04-24 04:24:05.554 21740 21844 I Engine  : runScenarios : start runScenarios
04-24 04:24:05.558 20444 21858 I SamsungAccount: [RBIVO] getStringFormAdditionalBundleKey : expired_access_token
04-24 04:24:05.558 20444 21858 I SamsungAccount: [AccessTokenRunnable] expiredAccessToken is Empty. curTimeSec=1682303045, TimeGap=66146
04-24 04:24:05.558 20444 21858 I SamsungAccount: [AccessTokenRunnable] IsTokenReusable : true
04-24 04:24:05.558 20444 21858 I SamsungAccount: [AccessTokenRunnable] Accesstoken is reusable and isNeedToCheckServer is false
04-24 04:24:05.558 20444 21858 I SamsungAccount: [DbManagerV2] getMccFromDB
04-24 04:24:05.559 20444 21858 I SamsungAccount: [DbManagerV2] getDataV02ForItems : MCC from Cache
04-24 04:24:05.567 20444 21858 I SamsungAccount: [DataUtil] Not Skip Name Validation by accountMCC
04-24 04:24:05.567 20444 21858 I SamsungAccount: [LocalBusinessException] Not Skip Name Validation by AppId
04-24 04:24:05.567 20444 21858 I SamsungAccount: [OpenDBManager] getCheckListFromOpenDB
04-24 04:24:05.567 20444 21858 I SamsungAccount: [OpenDBManager] getTncResult
04-24 04:24:05.567 20444 21858 I SamsungAccount: [OpenDBManager] getTncCursor
04-24 04:24:05.568 20444 21858 I SamsungAccount: [OpenContentProvider]  URI : content://com.msc.openprovider.openContentProvider/tncRequest
04-24 04:24:05.568 20444 21858 I SamsungAccount: [AccountManagerUtil] isSamsungAccountSignedIn : true
04-24 04:24:05.569 20444 21858 I SamsungAccount: [SignatureCheckUtil] runCheckSignatureWithEmptyId
04-24 04:24:05.569 20444 21858 I SamsungAccount: [SignatureCheckUtil] runCheckSignatureAsync
04-24 04:24:05.570 20444 21858 I SamsungAccount: [SignaturePreconditionChecker] getSignatureResult - fromSesSdk : true
04-24 04:24:05.570 20444 21858 I SamsungAccount: [SignatureInfoDbHelper] getSignatureResult - [][app.signin.]
04-24 04:24:05.572 21742 21827 I SmpLog  : [SMP] SEND BR : smp init success
04-24 04:24:05.572 20444 21858 I SamsungAccount: [SignatureInfoDbHelper] searchOnUser
04-24 04:24:05.601 20444 21858 I SamsungAccount: [SignatureInfoDbHelper] searchOnUser - [][app.signin.][64/3291d] => matched
04-24 04:24:05.601 20444 21858 I SamsungAccount: [SignatureInfoDbHelper] search - matched
04-24 04:24:05.601 20444 21858 I SamsungAccount: [SignatureCheckUtil] runCheckSignatureAsync(fromDb) - matched
04-24 04:24:05.606 20444 21858 I SamsungAccount: [DbManagerV2] getMccFromDB
04-24 04:24:05.606 20444 21858 I SamsungAccount: [DbManagerV2] getDataV02ForItems : MCC from Cache
04-24 04:24:05.606 20444 21858 I SamsungAccount: [DataUtil] Not Skip Name Validation by accountMCC
04-24 04:24:05.611 21740 21844 D Utils   : removeIdListToLocalStorage
04-24 04:24:05.611 21740 21844 D Engine  : runActionFlow : Quick Share On
04-24 04:24:05.611 20444 21858 I SamsungAccount: [OpenDBManager] isRequireField
04-24 04:24:05.611 20444 21858 I SamsungAccount: [OpenDBManager] getFieldCursor
04-24 04:24:05.612 20444 21858 I SamsungAccount: [OpenContentProvider]  URI : content://com.msc.openprovider.openContentProvider/mandatoryField
04-24 04:24:05.612 20444 21858 I SamsungAccount: [AccountManagerUtil] isSamsungAccountSignedIn : true
04-24 04:24:05.619  2228  2347 I PolicyManager: [#CMH#] Is foreground game app: false
04-24 04:24:05.655 21740 21844 I ActionDispatcher: executeAction : tag = get/is_samsung_account_signed_in
04-24 04:24:05.656  4621  4621 W keymaster_tee: [WRN]begin req PARAMS: A32 B2 P64
04-24 04:24:05.663 21740 21844 I ActionDispatcher: executeAction : tag = get/quickshare_status
04-24 04:24:05.679 20444 21858 I SamsungAccount: [StateCheckUtil] Validation Process is completed true
04-24 04:24:05.680 20444 21858 I SamsungAccount: [AccessTokenRunnable] [InAIDL-AccessTokenRunnable]AccessToken reuse. runProcess end. Package = android.scpm.
04-24 04:24:05.680 20444 21858 I SamsungAccount: [CBM] [InAIDL-CallbackManager]getCallbackInfo
04-24 04:24:05.680 20444 21858 I SamsungAccount: [CBM] setCurrentRequestType :0
04-24 04:24:05.680 20444 21858 I SamsungAccount: [AccountManagerUtil] isSamsungAccountSignedIn : true
04-24 04:24:05.680 20444 21858 I SamsungAccount: [AccessTokenRunnable] [InAIDL-AccessTokenRunnable]onProcessFinished. Package = android.scpm.
04-24 04:24:05.681 20444 21858 I SamsungAccount: [DeviceManager] salesCode : SER
04-24 04:24:05.681 20444 21858 I SamsungAccount: [DeviceManager] isNewLduProdCode : false
04-24 04:24:05.681 20444 21858 I SamsungAccount: [CountryCodeUtil] isChinaCountryCode : false
04-24 04:24:05.682 20444 21858 I SamsungAccount: [ChinaPermissionUtil] isChnSecurityPopupNeeded - false
04-24 04:24:05.687 20444 21858 I SamsungAccount: [AccessTokenRunnable] [InAIDL-AccessTokenRunnable]checkAccessTokenAndRefreshToken. Package = android.scpm.
04-24 04:24:05.687 20444 21858 I SamsungAccount: [AccessTokenRunnable] [InAIDL-AccessTokenRunnable]handleProcessSuccessResult start. Package = android.scpm.
04-24 04:24:05.687 20444 21858 I SamsungAccount: [RBIVO] getStringArrFromAdditionalBundleKey : additional
04-24 04:24:05.687 20444 21858 I SamsungAccount: [AccessTokenRunnable] [InAIDL-AccessTokenRunnable]setAdditionalInfo start. Package = android.scpm.
04-24 04:24:05.688 20444 21858 I SamsungAccount: [AccessTokenRunnable] [InAIDL-AccessTokenRunnable]set user_id
04-24 04:24:05.688 20444 21858 I SamsungAccount: [DbManagerV2] getUserID
04-24 04:24:05.688 20444 21858 I SamsungAccount: [DbManagerV2] getDataV02ForItems : USER_ID from Cache
04-24 04:24:05.688 20444 21858 I SamsungAccount: [AccessTokenRunnable] [InAIDL-AccessTokenRunnable]set cc
04-24 04:24:05.688 20444 21858 I SamsungAccount: [DbManagerV2] getCountryCodeFromDB
04-24 04:24:05.688 20444 21858 I SamsungAccount: [DbManagerV2] getDataV02ForItems : COUNTRY_CODE from Cache
04-24 04:24:05.688 20444 21858 I SamsungAccount: [AccessTokenRunnable] [InAIDL-AccessTokenRunnable]set api_server_url
04-24 04:24:05.689 20444 21858 I SamsungAccount: [UrlManagerAuth] api_server_url for region
04-24 04:24:05.689 20444 21858 I SamsungAccount: [UrlManagerAuth] return region server url
04-24 04:24:05.689 20444 21858 I SamsungAccount: [AccessTokenRunnable] [InAIDL-AccessTokenRunnable]set auth_server_url
04-24 04:24:05.690 20444 21858 I SamsungAccount: [UrlManagerAuth] auth_server_url for region
04-24 04:24:05.690 21636 21834 I ShareLive: [SLog][binder:21636_4][ExternalProvider] query: content://com.samsung.android.sharelive.external/exsettings/1
04-24 04:24:05.690 20444 21858 I SamsungAccount: [UrlManagerAuth] return region server url
04-24 04:24:05.690 20444 21858 I SamsungAccount: [AccessTokenRunnable] [InAIDL-AccessTokenRunnable]set login_id
04-24 04:24:05.690 20444 21858 I SamsungAccount: [AccessTokenRunnable] [InAIDL-AccessTokenRunnable]setAdditionalInfo finish. Package = android.scpm.
04-24 04:24:05.692 21742 21776 I [SCPMV2][SamsungAccountService]: onReceiveAccessToken: true
04-24 04:24:05.692 21742 21776 I [SCPMV2][AuthDataManager]: setAccessToken
04-24 04:24:05.693 20444 21858 I SamsungAccount: [AIDLInterfaceBinder] [InAIDL] unregisterCallback start
04-24 04:24:05.693 20444 21858 I SamsungAccount: [CBM] [InAIDL-CallbackManager]getCallbackInfo
04-24 04:24:05.694 20444 21858 I SamsungAccount: [RequestHistoryManager] ==AIDL ACCTOKEN HISTORY== android.scpm. => 04/24-04:24:05
04-24 04:24:05.694 21636 21834 I ShareLive: [SLog][binder:21636_4][SettingsDao] Update airplane mode : false
04-24 04:24:05.694 20444 21858 I SamsungAccount: [CBM] [InAIDL-CallbackManager]unRegisterCallback
04-24 04:24:05.694 20444 21858 I SamsungAccount: [CBM] [InAIDL-CallbackManager]checkUnregisterCallbackCondition
04-24 04:24:05.694 20444 21858 I SamsungAccount: [CBM] [InAIDL-CallbackManager]getCallbackInfo
04-24 04:24:05.694 20444 21858 I SamsungAccount: [CBM] [InAIDL-CallbackManager] Unregister SuccessPackage = android.scpm.
04-24 04:24:05.694 20444 21858 I SamsungAccount: [AIDLInterfaceBinder] [InAIDL] unregisterCallback end
04-24 04:24:05.697 20444 20462 I SamsungAccount: [OpenContentProvider]  URI : content://com.msc.openprovider.openContentProvider/tncRequest
04-24 04:24:05.698 20444 20462 I SamsungAccount: [AccountManagerUtil] isSamsungAccountSignedIn : true
04-24 04:24:05.700 20444 20444 I SamsungAccount: [AIDLRequestService] OnDestroy Service
04-24 04:24:05.701 20444 20462 I SamsungAccount: [SignatureCheckUtil] runCheckSignatureWithEmptyId
04-24 04:24:05.702 20444 20462 I SamsungAccount: [SignatureCheckUtil] runCheckSignatureAsync
04-24 04:24:05.702 20444 20462 I SamsungAccount: [SignaturePreconditionChecker] getSignatureResult - fromSesSdk : true
04-24 04:24:05.702 20444 20462 I SamsungAccount: [SignatureInfoDbHelper] getSignatureResult - [][android.scpm.]
04-24 04:24:05.703 20444 20462 I SamsungAccount: [SignatureInfoDbHelper] searchOnUser
04-24 04:24:05.706 21740 21835 D SamsungAnalytics605015: [Setting Sender] No status log
04-24 04:24:05.707 20444 21858 I SamsungAccount: [AccessTokenRunnable] [InAIDL-AccessTokenRunnable]handleProcessSuccessResult finish. Package = android.scpm.
04-24 04:24:05.707 20444 21858 I SamsungAccount: [StateCheckUtil] isChildAccount : false
04-24 04:24:05.734 20444 20462 I SamsungAccount: [SignatureInfoDbHelper] searchOnUser - [][android.scpm.][64/3291d] => matched
04-24 04:24:05.734 20444 20462 I SamsungAccount: [SignatureInfoDbHelper] search - matched
04-24 04:24:05.734 20444 20462 I SamsungAccount: [SignatureCheckUtil] runCheckSignatureAsync(fromDb) - matched
04-24 04:24:05.741 21742 21778 I [SCPMV2][AuthFunctionImpl]: isValidSamsungAccount: name: 0 email: 0
04-24 04:24:05.754 21742 21778 I [SCPMV2][RequestSmp]: PushPreference exist.
04-24 04:24:05.755 21742 21818 W ng.android.scpm: Long monitor contention with owner binder:21742_3 (21778) at void com.samsung.scsp.framework.core.identity.ScspIdentity.transaction(java.lang.Runnable)(ScspIdentity.java:3) waiters=0 in void com.samsung.scsp.framework.core.identity.ScspIdentity.transaction(java.lang.Runnable) for 648ms
04-24 04:24:05.756 21742 21818 I [SCPMV2][AuthUtil]: getAuthData
04-24 04:24:05.768 21742 21818 W System.err: java.lang.NullPointerException: Attempt to invoke virtual method 'boolean com.samsung.scsp.framework.core.ScspConfig.isForceFallback()' on a null object reference
04-24 04:24:05.773 21742 21818 W System.err: 	at com.samsung.scsp.framework.core.SContextHolder$NetworkFactory.lambda$get$0(SContextHolder.java:1)
04-24 04:24:05.777 21742 21818 W System.err: 	at com.samsung.scsp.framework.core.f.get(Unknown Source:2)
04-24 04:24:05.779 21742 21818 W System.err: 	at a.c.c.a.f.b(FaultBarrier.java:1)
04-24 04:24:05.781 21742 21818 W System.err: 	at a.c.c.a.f.a(FaultBarrier.java:1)
04-24 04:24:05.784 21742 21818 W System.err: 	at com.samsung.scsp.framework.core.SContextHolder$NetworkFactory.get(SContextHolder.java:1)
04-24 04:24:05.784 21742 21818 W System.err: 	at com.samsung.scsp.framework.core.SContextHolder$NetworkFactory.access$100(SContextHolder.java:1)
04-24 04:24:05.785 21742 21818 W System.err: 	at com.samsung.scsp.framework.core.SContextHolder.<init>(SContextHolder.java:5)
04-24 04:24:05.785 21742 21818 W System.err: 	at com.samsung.scsp.framework.core.identity.IdentityImpl.<init>(IdentityImpl.java:3)
04-24 04:24:05.785 21742 21818 W System.err: 	at com.samsung.scsp.framework.core.identity.ScspIdentity$LazyHolder.<clinit>(ScspIdentity.java:1)
04-24 04:24:05.785 21742 21818 W System.err: 	at com.samsung.scsp.framework.core.identity.ScspIdentity$LazyHolder.access$000(ScspIdentity.java:1)
04-24 04:24:05.785 21742 21818 W System.err: 	at com.samsung.scsp.framework.core.identity.ScspIdentity.updatePush(ScspIdentity.java:1)
04-24 04:24:05.785 21742 21818 W System.err: 	at com.samsung.scsp.framework.core.identity.PushInfoSupplier.update(PushInfoSupplier.java:1)
04-24 04:24:05.785 21742 21818 W System.err: 	at com.samsung.android.scpm.auth.d1.c(PushInfoSupplierFactory.java:3)
04-24 04:24:05.785 21742 21818 W System.err: 	at com.samsung.android.scpm.auth.z0.c(AuthUtil.java:1)
04-24 04:24:05.785 21742 21818 W System.err: 	at com.samsung.android.scpm.auth.z0.d(Unknown Source:0)
04-24 04:24:05.785 21742 21818 W System.err: 	at com.samsung.android.scpm.auth.n.run(Unknown Source:2)
04-24 04:24:05.785 21742 21818 W System.err: 	at a.c.c.a.f.d(FaultBarrier.java:1)
04-24 04:24:05.785 21742 21818 W System.err: 	at a.c.c.a.f.c(FaultBarrier.java:1)
04-24 04:24:05.785 21742 21818 W System.err: 	at com.samsung.android.scpm.auth.z0.e(AuthUtil.java:3)
04-24 04:24:05.785 21742 21818 W System.err: 	at com.samsung.android.scpm.auth.z0.f(Unknown Source:0)
04-24 04:24:05.785 21331 21358 I PerfettoCapture: Perfetto output file cleanup -
04-24 04:24:05.785 21742 21818 W System.err: 	at com.samsung.android.scpm.auth.o.run(Unknown Source:2)
04-24 04:24:05.786 21331 21358 I PerfettoCapture: Starting perfetto tracing with cmd: cat /storage/emulated/0/Android/data/org.jetbrains.android_benchmark.test/cache/trace_config.pb | perfetto --background -c - -o /data/misc/perfetto-traces/trace_output.pb
04-24 04:24:05.786 21742 21818 W System.err: 	at com.samsung.scsp.framework.core.identity.ScspIdentity.transaction(ScspIdentity.java:2)
04-24 04:24:05.786 21742 21818 W System.err: 	at com.samsung.android.scpm.auth.z0.i(AuthUtil.java:1)
04-24 04:24:05.786 21742 21818 W System.err: 	at com.samsung.android.scpm.auth.m1.c(SmpUtil.java:11)
04-24 04:24:05.786 21742 21818 W System.err: 	at com.samsung.android.scpm.auth.m1.d(Unknown Source:0)
04-24 04:24:05.786 21742 21818 W System.err: 	at com.samsung.android.scpm.auth.t0.run(Unknown Source:4)
04-24 04:24:05.786 21742 21818 W System.err: 	at a.c.c.a.f.d(FaultBarrier.java:1)
04-24 04:24:05.786 21742 21818 W System.err: 	at a.c.c.a.f.c(FaultBarrier.java:1)
04-24 04:24:05.786 21742 21818 W System.err: 	at com.samsung.android.scpm.auth.m1.a(SmpUtil.java:1)
04-24 04:24:05.786 21742 21818 W System.err: 	at com.samsung.android.scpm.app.AccountDependentInitializer.lambda$accept$0(AccountDependentInitializer.java:2)
04-24 04:24:05.786 21742 21818 W System.err: 	at com.samsung.android.scpm.app.a.run(Unknown Source:2)
04-24 04:24:05.786 21742 21818 W System.err: 	at a.c.c.a.f.d(FaultBarrier.java:1)
04-24 04:24:05.786 21742 21818 W System.err: 	at a.c.c.a.f.c(FaultBarrier.java:1)
04-24 04:24:05.786 21742 21818 W System.err: 	at com.samsung.android.scpm.app.AccountDependentInitializer.accept(AccountDependentInitializer.java:2)
04-24 04:24:05.786 21742 21818 W System.err: 	at com.samsung.android.scpm.app.AccountDependentInitializer.accept(AccountDependentInitializer.java:1)
04-24 04:24:05.786 21742 21818 W System.err: 	at com.samsung.scsp.common.l3.lambda$onCreate$0(ScspApplication.java:1)
04-24 04:24:05.786 21742 21818 W System.err: 	at com.samsung.scsp.common.l3.a(Unknown Source:0)
04-24 04:24:05.786 21742 21818 W System.err: 	at com.samsung.scsp.common.u0.accept(Unknown Source:4)
04-24 04:24:05.786 21742 21818 W System.err: 	at java.util.ArrayList.forEach(ArrayList.java:1262)
04-24 04:24:05.786 21742 21818 W System.err: 	at com.samsung.scsp.common.l3.lambda$onCreate$1(ScspApplication.java:1)
04-24 04:24:05.787 21742 21818 W System.err: 	at com.samsung.scsp.common.l3.b(Unknown Source:0)
04-24 04:24:05.787 21742 21818 W System.err: 	at com.samsung.scsp.common.t0.run(Unknown Source:4)
04-24 04:24:05.787 21742 21818 W System.err: 	at java.lang.Thread.run(Thread.java:1012)
04-24 04:24:05.800 21740 21844 D [MdeResource]QuickShareStatusChecker: quick share status : false
04-24 04:24:05.800 21740 21844 D [MdeResource]QuickShareStatusChecker: Status ID : quickshare_continuity_status
04-24 04:24:05.801 21740 21844 I [SCPMSDK][0.9.1000][ScpmDeviceService]: call : Method = setStatus, appId = 7ifb2oyy52
04-24 04:24:05.805 21742 21778 I [SCPMV2][PatchDevice]: execute
04-24 04:24:05.818 21742 21776 I [SCPMV2][DeviceSettingsPreferences]: save. id: quickshare_continuity_status
04-24 04:24:05.822 21742 21778 I [SCPMV2][PatchDevice]: extras is not null
04-24 04:24:05.823 21742 21778 I [SCPMV2][CertificateCallFunction]: Lock end
04-24 04:24:05.823 21742 21778 I [SCPMV2][GetFingerPrintExecutorImpl]: execute
04-24 04:24:05.823 21742 21778 I [SCPMV2][GetFingerPrintExecutorImpl]: User
04-24 04:24:05.826 21545 21728 I [SCPM][K][0.9.1002]: [x]Method : get_finger_print, Argument : user, Result : true
04-24 04:24:05.826 21545 21728 I [SCPM][K][0.9.1002]: [x]getCertificate
04-24 04:24:05.829 21742 21818 W System.err: java.lang.NullPointerException: Attempt to invoke virtual method 'boolean com.samsung.scsp.framework.core.ScspConfig.isEnableHttp2()' on a null object reference
04-24 04:24:05.830 21742 21818 W System.err: 	at com.samsung.scsp.framework.core.CronetEngineFactory.lambda$get$0(CronetEngineFactory.java:1)
04-24 04:24:05.830 21742 21818 W System.err: 	at com.samsung.scsp.framework.core.c.get(Unknown Source:2)
04-24 04:24:05.830 21742 21818 W System.err: 	at a.c.c.a.f.b(FaultBarrier.java:1)
04-24 04:24:05.830 21742 21818 W System.err: 	at a.c.c.a.f.a(FaultBarrier.java:1)
04-24 04:24:05.830 21742 21818 W System.err: 	at com.samsung.scsp.framework.core.CronetEngineFactory.get(CronetEngineFactory.java:1)
04-24 04:24:05.830 21742 21818 W System.err: 	at com.samsung.scsp.framework.core.SContextHolder$NetworkFactory.get(SContextHolder.java:4)
04-24 04:24:05.830 21742 21818 W System.err: 	at com.samsung.scsp.framework.core.SContextHolder$NetworkFactory.access$100(SContextHolder.java:1)
04-24 04:24:05.830 21742 21818 W System.err: 	at com.samsung.scsp.framework.core.SContextHolder.<init>(SContextHolder.java:5)
04-24 04:24:05.830 21742 21818 W System.err: 	at com.samsung.scsp.framework.core.identity.IdentityImpl.<init>(IdentityImpl.java:3)
04-24 04:24:05.830 21742 21818 W System.err: 	at com.samsung.scsp.framework.core.identity.ScspIdentity$LazyHolder.<clinit>(ScspIdentity.java:1)
04-24 04:24:05.830 21742 21818 W System.err: 	at com.samsung.scsp.framework.core.identity.ScspIdentity$LazyHolder.access$000(ScspIdentity.java:1)
04-24 04:24:05.830 21742 21818 W System.err: 	at com.samsung.scsp.framework.core.identity.ScspIdentity.updatePush(ScspIdentity.java:1)
04-24 04:24:05.830 21742 21818 W System.err: 	at com.samsung.scsp.framework.core.identity.PushInfoSupplier.update(PushInfoSupplier.java:1)
04-24 04:24:05.830 21742 21818 W System.err: 	at com.samsung.android.scpm.auth.d1.c(PushInfoSupplierFactory.java:3)
04-24 04:24:05.831 21742 21818 W System.err: 	at com.samsung.android.scpm.auth.z0.c(AuthUtil.java:1)
04-24 04:24:05.831 21742 21818 W System.err: 	at com.samsung.android.scpm.auth.z0.d(Unknown Source:0)
04-24 04:24:05.831 21742 21818 W System.err: 	at com.samsung.android.scpm.auth.n.run(Unknown Source:2)
04-24 04:24:05.831 21742 21818 W System.err: 	at a.c.c.a.f.d(FaultBarrier.java:1)
04-24 04:24:05.831 21742 21818 W System.err: 	at a.c.c.a.f.c(FaultBarrier.java:1)
04-24 04:24:05.831 21742 21818 W System.err: 	at com.samsung.android.scpm.auth.z0.e(AuthUtil.java:3)
04-24 04:24:05.831 21742 21818 W System.err: 	at com.samsung.android.scpm.auth.z0.f(Unknown Source:0)
04-24 04:24:05.831 21742 21818 W System.err: 	at com.samsung.android.scpm.auth.o.run(Unknown Source:2)
04-24 04:24:05.831 21742 21818 W System.err: 	at com.samsung.scsp.framework.core.identity.ScspIdentity.transaction(ScspIdentity.java:2)
04-24 04:24:05.831 21742 21818 W System.err: 	at com.samsung.android.scpm.auth.z0.i(AuthUtil.java:1)
04-24 04:24:05.831 21742 21818 W System.err: 	at com.samsung.android.scpm.auth.m1.c(SmpUtil.java:11)
04-24 04:24:05.831 21742 21818 W System.err: 	at com.samsung.android.scpm.auth.m1.d(Unknown Source:0)
04-24 04:24:05.831 21742 21818 W System.err: 	at com.samsung.android.scpm.auth.t0.run(Unknown Source:4)
04-24 04:24:05.831 21742 21818 W System.err: 	at a.c.c.a.f.d(FaultBarrier.java:1)
04-24 04:24:05.832 21742 21818 W System.err: 	at a.c.c.a.f.c(FaultBarrier.java:1)
04-24 04:24:05.832 21742 21818 W System.err: 	at com.samsung.android.scpm.auth.m1.a(SmpUtil.java:1)
04-24 04:24:05.832 21742 21818 W System.err: 	at com.samsung.android.scpm.app.AccountDependentInitializer.lambda$accept$0(AccountDependentInitializer.java:2)
04-24 04:24:05.832 21742 21818 W System.err: 	at com.samsung.android.scpm.app.a.run(Unknown Source:2)
04-24 04:24:05.832 21742 21818 W System.err: 	at a.c.c.a.f.d(FaultBarrier.java:1)
04-24 04:24:05.832 21742 21818 W System.err: 	at a.c.c.a.f.c(FaultBarrier.java:1)
04-24 04:24:05.832 21742 21818 W System.err: 	at com.samsung.android.scpm.app.AccountDependentInitializer.accept(AccountDependentInitializer.java:2)
04-24 04:24:05.832 21742 21818 W System.err: 	at com.samsung.android.scpm.app.AccountDependentInitializer.accept(AccountDependentInitializer.java:1)
04-24 04:24:05.832 21742 21818 W System.err: 	at com.samsung.scsp.common.l3.lambda$onCreate$0(ScspApplication.java:1)
04-24 04:24:05.832 21742 21818 W System.err: 	at com.samsung.scsp.common.l3.a(Unknown Source:0)
04-24 04:24:05.832 21742 21818 W System.err: 	at com.samsung.scsp.common.u0.accept(Unknown Source:4)
04-24 04:24:05.832 21742 21818 W System.err: 	at java.util.ArrayList.forEach(ArrayList.java:1262)
04-24 04:24:05.832 21742 21818 W System.err: 	at com.samsung.scsp.common.l3.lambda$onCreate$1(ScspApplication.java:1)
04-24 04:24:05.832 21742 21818 W System.err: 	at com.samsung.scsp.common.l3.b(Unknown Source:0)
04-24 04:24:05.832 21742 21818 W System.err: 	at com.samsung.scsp.common.t0.run(Unknown Source:4)
04-24 04:24:05.842 21742 21778 I [SCPMV2][AuthUtil]: getAuthData
04-24 04:24:05.842 21742 21818 W System.err: 	at java.lang.Thread.run(Thread.java:1012)
04-24 04:24:05.844 21742 21818 W System.err: java.lang.NullPointerException: Attempt to invoke virtual method 'boolean com.samsung.scsp.framework.core.ScspConfig.isEnableQuic()' on a null object reference
04-24 04:24:05.844 21742 21818 W System.err: 	at com.samsung.scsp.framework.core.CronetEngineFactory.lambda$get$1(CronetEngineFactory.java:1)
04-24 04:24:05.844 21742 21818 W System.err: 	at com.samsung.scsp.framework.core.b.get(Unknown Source:2)
04-24 04:24:05.845 21742 21818 W System.err: 	at a.c.c.a.f.b(FaultBarrier.java:1)
04-24 04:24:05.845 21742 21818 W System.err: 	at a.c.c.a.f.a(FaultBarrier.java:1)
04-24 04:24:05.845 21742 21818 W System.err: 	at com.samsung.scsp.framework.core.CronetEngineFactory.get(CronetEngineFactory.java:2)
04-24 04:24:05.845 21742 21818 W System.err: 	at com.samsung.scsp.framework.core.SContextHolder$NetworkFactory.get(SContextHolder.java:4)
04-24 04:24:05.845 21742 21818 W System.err: 	at com.samsung.scsp.framework.core.SContextHolder$NetworkFactory.access$100(SContextHolder.java:1)
04-24 04:24:05.845 21742 21818 W System.err: 	at com.samsung.scsp.framework.core.SContextHolder.<init>(SContextHolder.java:5)
04-24 04:24:05.845 21742 21818 W System.err: 	at com.samsung.scsp.framework.core.identity.IdentityImpl.<init>(IdentityImpl.java:3)
04-24 04:24:05.845 21742 21818 W System.err: 	at com.samsung.scsp.framework.core.identity.ScspIdentity$LazyHolder.<clinit>(ScspIdentity.java:1)
04-24 04:24:05.845 21742 21818 W System.err: 	at com.samsung.scsp.framework.core.identity.ScspIdentity$LazyHolder.access$000(ScspIdentity.java:1)
04-24 04:24:05.845 21742 21818 W System.err: 	at com.samsung.scsp.framework.core.identity.ScspIdentity.updatePush(ScspIdentity.java:1)
04-24 04:24:05.845 21742 21818 W System.err: 	at com.samsung.scsp.framework.core.identity.PushInfoSupplier.update(PushInfoSupplier.java:1)
04-24 04:24:05.845 21742 21818 W System.err: 	at com.samsung.android.scpm.auth.d1.c(PushInfoSupplierFactory.java:3)
04-24 04:24:05.845 21742 21818 W System.err: 	at com.samsung.android.scpm.auth.z0.c(AuthUtil.java:1)
04-24 04:24:05.845 21742 21818 W System.err: 	at com.samsung.android.scpm.auth.z0.d(Unknown Source:0)
04-24 04:24:05.846 21742 21818 W System.err: 	at com.samsung.android.scpm.auth.n.run(Unknown Source:2)
04-24 04:24:05.846 21742 21818 W System.err: 	at a.c.c.a.f.d(FaultBarrier.java:1)
04-24 04:24:05.846 21742 21818 W System.err: 	at a.c.c.a.f.c(FaultBarrier.java:1)
04-24 04:24:05.846 21742 21818 W System.err: 	at com.samsung.android.scpm.auth.z0.e(AuthUtil.java:3)
04-24 04:24:05.846 21742 21818 W System.err: 	at com.samsung.android.scpm.auth.z0.f(Unknown Source:0)
04-24 04:24:05.846 21742 21818 W System.err: 	at com.samsung.android.scpm.auth.o.run(Unknown Source:2)
04-24 04:24:05.846 21742 21818 W System.err: 	at com.samsung.scsp.framework.core.identity.ScspIdentity.transaction(ScspIdentity.java:2)
04-24 04:24:05.846 21742 21818 W System.err: 	at com.samsung.android.scpm.auth.z0.i(AuthUtil.java:1)
04-24 04:24:05.846 21742 21818 W System.err: 	at com.samsung.android.scpm.auth.m1.c(SmpUtil.java:11)
04-24 04:24:05.846 21742 21818 W System.err: 	at com.samsung.android.scpm.auth.m1.d(Unknown Source:0)
04-24 04:24:05.847 21742 21818 W System.err: 	at com.samsung.android.scpm.auth.t0.run(Unknown Source:4)
04-24 04:24:05.847 21742 21818 W System.err: 	at a.c.c.a.f.d(FaultBarrier.java:1)
04-24 04:24:05.847 21742 21818 W System.err: 	at a.c.c.a.f.c(FaultBarrier.java:1)
04-24 04:24:05.847 21742 21818 W System.err: 	at com.samsung.android.scpm.auth.m1.a(SmpUtil.java:1)
04-24 04:24:05.847 21742 21818 W System.err: 	at com.samsung.android.scpm.app.AccountDependentInitializer.lambda$accept$0(AccountDependentInitializer.java:2)
04-24 04:24:05.847 21742 21818 W System.err: 	at com.samsung.android.scpm.app.a.run(Unknown Source:2)
04-24 04:24:05.851 21742 21818 W System.err: 	at a.c.c.a.f.d(FaultBarrier.java:1)
04-24 04:24:05.851 21742 21818 W System.err: 	at a.c.c.a.f.c(FaultBarrier.java:1)
04-24 04:24:05.851 21742 21818 W System.err: 	at com.samsung.android.scpm.app.AccountDependentInitializer.accept(AccountDependentInitializer.java:2)
04-24 04:24:05.854 21742 21818 W System.err: 	at com.samsung.android.scpm.app.AccountDependentInitializer.accept(AccountDependentInitializer.java:1)
04-24 04:24:05.854 21742 21818 W System.err: 	at com.samsung.scsp.common.l3.lambda$onCreate$0(ScspApplication.java:1)
04-24 04:24:05.854 21742 21818 W System.err: 	at com.samsung.scsp.common.l3.a(Unknown Source:0)
04-24 04:24:05.854 21742 21818 W System.err: 	at com.samsung.scsp.common.u0.accept(Unknown Source:4)
04-24 04:24:05.854 21742 21818 W System.err: 	at java.util.ArrayList.forEach(ArrayList.java:1262)
04-24 04:24:05.854 21742 21818 W System.err: 	at com.samsung.scsp.common.l3.lambda$onCreate$1(ScspApplication.java:1)
04-24 04:24:05.854 21742 21818 W System.err: 	at com.samsung.scsp.common.l3.b(Unknown Source:0)
04-24 04:24:05.854 21742 21818 W System.err: 	at com.samsung.scsp.common.t0.run(Unknown Source:4)
04-24 04:24:05.854 21742 21818 W System.err: 	at java.lang.Thread.run(Thread.java:1012)
04-24 04:24:05.858 21740 21844 I [SCPMSDK][0.9.1000][ScpmDeviceService]: result = 1, rcode = 20000000, rmsg = .
04-24 04:24:05.858 21740 21844 I ActionDispatcher: executeAction : tag = get/has_quickshare_off_history
04-24 04:24:05.860 21636 21834 I ShareLive: [SLog][binder:21636_4][ExternalProvider] query: content://com.samsung.android.sharelive.external/suggestSetting
04-24 04:24:05.861 21636 21834 I ShareLive: [SLog][binder:21636_4][SystemSettingUtil] isActivated: true
04-24 04:24:05.908 21740 21844 D [MdeResource]QuickShareOffHistoryChecker: quick share off history : false
04-24 04:24:05.909 21740 21844 I ActionDispatcher: executeAction : tag = flow_control/branch_if
04-24 04:24:05.909 21740 21844 I ActionDispatcher: param.TYPE : STRING
04-24 04:24:05.909 21740 21844 I ActionDispatcher: param.VALUE : 1&&2&&3
04-24 04:24:05.910 21740 21844 I ActionDispatcher: param token : 1
04-24 04:24:05.910 21740 21844 I ActionDispatcher: param token : 2
04-24 04:24:05.910 21740 21844 I ActionDispatcher: param token : 3
04-24 04:24:05.911 21740 21844 I ActionDispatcher: expression.TYPE : LIST{STRING}
04-24 04:24:05.912 21740 21844 D ActionDispatcher: variable : get/is_samsung_account_signed_in, operator : ==, value : true, getter value : true, value type class : class java.lang.Boolean
04-24 04:24:05.912 21740 21844 D ActionDispatcher: variable : get/quickshare_status, operator : ==, value : false, getter value : false, value type class : class java.lang.Boolean
04-24 04:24:05.913 21740 21844 D ActionDispatcher: variable : get/has_quickshare_off_history, operator : ==, value : true, getter value : false, value type class : class java.lang.Boolean
04-24 04:24:05.913 21740 21844 I ActionDispatcher: executeAction : tag = flow_control/branch_endif
04-24 04:24:05.913 21740 21844 D Engine  : runActionFlow : Auto Hotspot On
04-24 04:24:05.914 21740 21844 I ActionDispatcher: executeAction : tag = get/is_samsung_account_signed_in
04-24 04:24:05.921 21740 21844 I ActionDispatcher: executeAction : tag = get/remote/phone_tablet
04-24 04:24:05.922 21740 21844 D [MdeResource]PhoneTabletCountChecker: My product code : SM-A515FZKMSER
04-24 04:24:05.922 21740 21844 D [MdeResource]PhoneTabletCountChecker: Device types : [phone, tablet]
04-24 04:24:05.923 21740 21844 I [SCPMSDK][0.9.1000][ScpmDeviceService]: call : Method = getDevices, appId = 7ifb2oyy52
04-24 04:24:05.933 21742 21776 I [SCPMV2][CacheManager]: getDeviceInfoByTypes count : [phone, tablet]
04-24 04:24:05.934 21742 21776 I [SCPMV2][ScpmDataBaseHelper]: scpm.database.name = scpmv2.db
04-24 04:24:05.935 21742 21776 I [SCPMV2][ScpmDataBaseHelper]: scpm.database.version = 5
04-24 04:24:05.999  5635  5714 W libprocessgroup: Failed to open /dev/blkio//cgroup.procs: No such file or directory
04-24 04:24:06.006 21742 21882 I DynamiteModule: Considering local module com.google.android.gms.cronet_dynamite:0 and remote module com.google.android.gms.cronet_dynamite:2411
04-24 04:24:06.007 21742 21882 I DynamiteModule: Selected remote version of com.google.android.gms.cronet_dynamite, version >= 2411
04-24 04:24:06.010 21894 21894 I perfetto:    perfetto_cmd.cc:1001 Connected to the Perfetto traced service, starting tracing
04-24 04:24:06.013  5413  5413 I perfetto: ing_service_impl.cc:953 Configured tracing session 48, #sources:4, duration:0 ms, #buffers:2, total buffer size:36864 KB, total sessions:1, uid:2000 session name: ""
04-24 04:24:06.014  5403  5403 I perfetto:  probes_producer.cc:139 Ftrace setup (target_buf=95)
04-24 04:24:06.026 21742 21776 I [SCPMV2][CacheManager]: getDeviceInfoByType count : 1
04-24 04:24:06.031 21740 21844 I [SCPMSDK][0.9.1000][ScpmDeviceService]: result = 1, rcode = 20000000, rmsg = .
04-24 04:24:06.033 21740 21844 D [MdeResource]PhoneTabletCountChecker: ScpmDevices result : 1
04-24 04:24:06.034 21740 21844 D [MdeResource]PhoneTabletCountChecker: ScpmDevices devices size : 1
04-24 04:24:06.034 21740 21844 D [MdeResource]PhoneTabletCountChecker: Device id : 186c44953353bbf2036dfc72861d71cb, modelCode : SM-A515FZKMSER, modelName : SM-A515F, type : phone
04-24 04:24:06.034 21740 21844 D [MdeResource]PhoneTabletCountChecker: getValue : 0
04-24 04:24:06.035 21740 21844 I ActionDispatcher: executeAction : tag = get/auto_hotspot_status
04-24 04:24:06.038 21740 21844 D [MdeResource]AutoHotspotStatusChecker: auto hotspot status : false
04-24 04:24:06.038 21740 21844 D [MdeResource]AutoHotspotStatusChecker: Status ID : autohotspot_continuity_status
04-24 04:24:06.039 21740 21844 I [SCPMSDK][0.9.1000][ScpmDeviceService]: call : Method = setStatus, appId = 7ifb2oyy52
04-24 04:24:06.048 21742 21776 I [SCPMV2][DeviceSettingsPreferences]: save. id: autohotspot_continuity_status
04-24 04:24:06.051 21740 21844 I [SCPMSDK][0.9.1000][ScpmDeviceService]: result = 1, rcode = 20000000, rmsg = .
04-24 04:24:06.052 21740 21844 I ActionDispatcher: executeAction : tag = get/auto_hotspot_available
04-24 04:24:06.062 13505 13505 I SCS@AiSearch user 0: (ObserverWorker::AOSP_MP) [main] entering in startWork():
04-24 04:24:06.062 13505 13505 I SCS@AiSearch user 0: (BaseCollector::AOSP_MP) [main] entering in onChange():
04-24 04:24:06.063 21331 21358 I PerfettoCapture: Perfetto output - 21894
04-24 04:24:06.063 21331 21358 I PerfettoCapture: EXITCODE=0
04-24 04:24:06.063 13505 13578 I SCS@AiSearch user 0: (BaseCollector::AOSP_MP) [AOSP_MP-0] entering in collectChanges():
04-24 04:24:06.073  5635  8927 I SemWifiApUtils: Getting(DB) AutoHotspot: false
04-24 04:24:06.076  5635  8927 I SemWifiApUtils: check if device has Active Network Internet: true,  hasNetCapabilityValidated: true,  hasTransportCellular: true,  hasNetCapabilityInternet: true
04-24 04:24:06.076  5635  8927 I SemWifiApUtils: Is samsung Account logged out: false
04-24 04:24:06.086 21742 21882 W System  : ClassLoader referenced unknown path:
04-24 04:24:06.089  5635  8921 D PackageManager: setEnabledSetting : userId = 0 packageName = com.samsung.android.scs cmp = androidx.work.impl.background.systemalarm.RescheduleReceiver newState = 1 callingPackage = 10380/com.samsung.android.scs
04-24 04:24:06.090  5635  8927 I SemCscParser: csc region: CIS
04-24 04:24:06.091  5635  8927 E SemWifiApConfigStore: getWifiApConfiguration ssid
04-24 04:24:06.091  5635  8927 D SemWifiApSmartMHS: Can AutoHotspot switch be made Enabled - , isAutoHotspotSupported : true, isAutoHotspotEnabled : false, isTetheringRestricted : false, isAirplaneModeOn : false, isSimDisabled : false, isNetworkDisconnected : false, isSamsungAccountLoggedOut : false, isNearByDeviceScanningDisabled : false, isDefaultPassphraseSet: false
04-24 04:24:06.091  5635  8927 D SemWifiApSmartMHS: AutoHotspot can be Enabled.
04-24 04:24:06.092 21740 21844 I SemWifiApAutoHotspotHelper: setIfAutoHotspotCanBeEnabled() - true
04-24 04:24:06.092  5635  8921 D ApplicationPolicy: getApplicationStateEnabled : pkg = com.samsung.android.scs userId : 0
04-24 04:24:06.093  5635  8921 D ApplicationPolicy: getApplicationComponentState : pkg = com.samsung.android.scs userId : 0
04-24 04:24:06.094 21740 21844 D SemWifiApContentProviderHelper: SemWifiApContentProviderHelper insert:com.android.settings.intelligence,Binder.getCallingUid():10116,hasPermission:true
04-24 04:24:06.119  5635  8927 I SemWifiApContentProvider: updated:content://com.samsung.android.wifi.softap/softapInfo
04-24 04:24:06.120 21740 21844 I SemWifiApContentProviderHelper: key is already present:key_can_auto_hotspot_be_enabled,ret:1
04-24 04:24:06.120 21740 21844 D SemWifiApContentProviderHelper: SemWifiApContentProviderHelper insert:com.android.settings.intelligence,Binder.getCallingUid():10116,hasPermission:true
04-24 04:24:06.126 21740 21844 I SemWifiApAutoHotspotHelper: getIfAutoHotspotCanBeEnabled() - Getting: 1
04-24 04:24:06.127 21740 21844 D [MdeResource]AutoHotspotAvailableChecker: getValue : true
04-24 04:24:06.127 21740 21844 I ActionDispatcher: executeAction : tag = flow_control/branch_if
04-24 04:24:06.127 21740 21844 I ActionDispatcher: param.TYPE : STRING
04-24 04:24:06.127 21740 21844 I ActionDispatcher: param.VALUE : 1&&2&&3&&4
04-24 04:24:06.128 21740 21844 I ActionDispatcher: param token : 1
04-24 04:24:06.128 21740 21844 I ActionDispatcher: param token : 2
04-24 04:24:06.128 21740 21844 I ActionDispatcher: param token : 3
04-24 04:24:06.128 21740 21844 I ActionDispatcher: param token : 4
04-24 04:24:06.128 21740 21844 I ActionDispatcher: expression.TYPE : LIST{STRING}
04-24 04:24:06.128 21740 21844 D ActionDispatcher: variable : get/is_samsung_account_signed_in, operator : ==, value : true, getter value : true, value type class : class java.lang.Boolean
04-24 04:24:06.128 21740 21844 D ActionDispatcher: variable : get/remote/phone_tablet, operator : >, value : 1, getter value : 0, value type class : class java.lang.Integer
04-24 04:24:06.128 21740 21844 I ActionDispatcher: executeAction : tag = flow_control/branch_endif
04-24 04:24:06.128 21740 21844 D Engine  : runActionFlow : All Sync/Auto Backup On
04-24 04:24:06.129 21740 21844 I ActionDispatcher: executeAction : tag = get/is_samsung_account_signed_in
04-24 04:24:06.129  4388  4388 I hwservicemanager: getTransport: Cannot find entry android.hardware.atrace@1.0::IAtraceDevice/default in either framework or device VINTF manifest.
04-24 04:24:06.136 21740 21844 I ActionDispatcher: executeAction : tag = get/auto_sync_for_all_items_off
04-24 04:24:06.136 21740 21844 D [MdeResource]AutoSyncForAllItemsOffChecker: Status tag : sync
04-24 04:24:06.137 21740 21844 I [scsettingv2suggestion][2.0.11.0]: getStatusIds
04-24 04:24:06.158  5241  5241 D Zygote  : Forked child process 21902
04-24 04:24:06.192  5403  5403 I perfetto:    ftrace_procfs.cc:335 enabled ftrace in /sys/kernel/tracing/
04-24 04:24:06.214 21902 21902 I .android.scloud: Using CollectorTypeCC GC.
04-24 04:24:06.222 21902 21902 E .android.scloud: Not starting debugger since process cannot load the jdwp agent.
04-24 04:24:06.230 21902 21902 W libc    : Access denied finding property "sys.perf.boostopt"
04-24 04:24:06.231  5216  5216 E audit   : type=1400 audit(1682303046.227:57488): avc:  denied  { read } for  pid=21902 comm=".android.scloud" name="u:object_r:perf_prop:s0" dev="tmpfs" ino=17922 scontext=u:r:platform_app:s0:c512,c768 tcontext=u:object_r:perf_prop:s0 tclass=file permissive=0 SEPF_SM-A515F_13_0001 audit_filtered
04-24 04:24:06.231 21902 21915 W libc    : Access denied finding property "sys.perf.boostopt"
04-24 04:24:06.244 21902 21902 D ActivityThread: setConscryptValidator
04-24 04:24:06.244 21902 21902 D ActivityThread: setConscryptValidator - put
04-24 04:24:06.248 13505 13578 I SCS@AiSearch user 0: (BaseCollector::AOSP_MP) fetchInternal values : maxSyncId: 1000007967 indexCount: 1702 sourceCount: 1702
04-24 04:24:06.262 21331 21358 I PerfettoCapture: Perfetto tracing started successfully with pid 21894.
04-24 04:24:06.281  5216  5216 E audit   : type=1400 audit(1682303046.279:57490): avc:  denied  { read } for  pid=21902 comm="binder:21902_2" name="u:object_r:perf_prop:s0" dev="tmpfs" ino=17922 scontext=u:r:platform_app:s0:c512,c768 tcontext=u:object_r:perf_prop:s0 tclass=file permissive=0 SEPF_SM-A515F_13_0001 audit_filtered
04-24 04:24:06.281 21902 21916 W libc    : Access denied finding property "sys.perf.boostopt"
04-24 04:24:06.281  5216  5216 E audit   : type=1300 audit(1682303046.279:57490): arch=c00000b7 syscall=56 success=no exit=-13 a0=ffffff9c a1=70981fb2f8 a2=88000 a3=0 items=0 ppid=5241 pid=21902 auid=4294967295 uid=5009 gid=5009 euid=5009 suid=5009 fsuid=5009 egid=5009 sgid=5009 fsgid=5009 tty=(none) ses=4294967295 comm="binder:21902_2" exe="/system/bin/app_process64" subj=u:r:platform_app:s0:c512,c768 key=(null)
04-24 04:24:06.281  5216  5216 E audit   : type=1327 audit(1682303046.279:57490): proctitle="<pre-initialized>"
04-24 04:24:06.295 21902 21902 D CompatibilityChangeReporter: Compat change id reported: 171979766; UID 5009; state: ENABLED
04-24 04:24:06.303  5635  8921 D ConnectivityService: requestNetwork for uid/pid:5009/21742 activeRequest: null callbackRequest: 8750 [NetworkRequest [ REQUEST id=8751, [ Capabilities: INTERNET&NOT_RESTRICTED&TRUSTED&NOT_VCN_MANAGED Uid: 5009 RequestorUid: 5009 RequestorPkg: com.samsung.android.scpm UnderlyingNetworks: Null] ]] callback flags: 0 order: 2147483647
04-24 04:24:06.304  5635  6162 D ConnectivityService:    accepting network in place of null
04-24 04:24:06.310  5635  6124 D WifiNetworkFactory: got request NetworkRequest [ REQUEST id=8751, [ Capabilities: INTERNET&NOT_RESTRICTED&TRUSTED&NOT_VCN_MANAGED Uid: 5009 RequestorUid: 5009 RequestorPkg: com.samsung.android.scpm UnderlyingNetworks: Null] ]
04-24 04:24:06.312  5635  6124 D UntrustedWifiNetworkFactory: got request NetworkRequest [ REQUEST id=8751, [ Capabilities: INTERNET&NOT_RESTRICTED&TRUSTED&NOT_VCN_MANAGED Uid: 5009 RequestorUid: 5009 RequestorPkg: com.samsung.android.scpm UnderlyingNetworks: Null] ]
04-24 04:24:06.312  5635  6124 D OemPaidWifiNetworkFactory: got request NetworkRequest [ REQUEST id=8751, [ Capabilities: INTERNET&NOT_RESTRICTED&TRUSTED&NOT_VCN_MANAGED Uid: 5009 RequestorUid: 5009 RequestorPkg: com.samsung.android.scpm UnderlyingNetworks: Null] ]
04-24 04:24:06.312  5635  6162 D ConnectivityService: Rematched networks [computed 1ms] [applied 1ms] [issued 6]
04-24 04:24:06.313  5635  6162 D ConnectivityService: NetworkReassignment :
04-24 04:24:06.313  5635  6162 D ConnectivityService:   8751 : null → 100
04-24 04:24:06.313  5635  6124 D MultiInternetWifiNetworkFactory: got request NetworkRequest [ REQUEST id=8751, [ Capabilities: INTERNET&NOT_RESTRICTED&TRUSTED&NOT_VCN_MANAGED Uid: 5009 RequestorUid: 5009 RequestorPkg: com.samsung.android.scpm UnderlyingNetworks: Null] ]
04-24 04:24:06.329  5635  6162 D ConnectivityService: Rematched networks [computed 0ms] [applied 2ms] [issued 4]
04-24 04:24:06.329  5635  6162 D ConnectivityService: NetworkReassignment : no changes
04-24 04:24:06.418 21331 21358 I PerfettoCapture: /sys/kernel/tracing/tracing_on = 1, polled 0 times, capture fully started
04-24 04:24:06.420 21331 21358 D Benchmark: Set 21358 (Bench thread) to priority -20. Was -8, now -20
04-24 04:24:06.421 21331 21358 D Benchmark: Set 21342 (Jit) to priority -15. Was 9, now -15
04-24 04:24:06.436 21742 21818 I cr_CronetLibraryLoader: Cronet version: 111.0.5563.55, arch: aarch64
04-24 04:24:06.457 21331 21358 I _benchmark.test: Explicit concurrent copying GC freed 99350(2830KB) AllocSpace objects, 2(40KB) LOS objects, 67% free, 2894KB/9038KB, paused 300us,117us total 35.552ms
04-24 04:24:06.483 13505 13578 I SCS@AiSearch user 0: (IndexManager) [AOSP_MP-0] entering in addIndex():
04-24 04:24:06.489 13505 13578 I SCS@AiSearch user 0: (BaseCollector::AOSP_MP) fetch: fetching took  353 ms
04-24 04:24:06.489 13505 13578 I SCS@AiSearch user 0: (BaseCollector::AOSP_MP) fetchChanges: applied 0 items
04-24 04:24:06.490 13505 13578 I SCS@AiSearch user 0: (BaseCollector::AOSP_MP) Collect finished. Result: true
04-24 04:24:06.493 13505 13578 I SCS@AiSearch user 0: (BaseCollector::AOSP_MP) enqueue ObserverWorker name: com.sec.android.app.myfiles, policy: APPEND_OR_REPLACE
04-24 04:24:06.493 13505 13563 I WM-WorkerWrapper: Worker result SUCCESS for Work [ id=1b0cbfc0-bdea-44cd-a8db-dbf2512fb5a2, tags={ com.sec.android.app.myfiles, com.samsung.android.scs.ai.search.data.collector.ObserverWorker } ]
04-24 04:24:06.520  5635  5712 I libprocessgroup: Successfully killed process cgroup uid 10076 pid 20220 in 0ms
04-24 04:24:06.565  5241  5241 I Zygote  : Process 20220 exited due to signal 9 (Killed)
04-24 04:24:06.567 21742 21818 I SmpLog  : [SMP] get token : ...y0 (163)
04-24 04:24:06.570 21742 21818 I SmpLog  : [SMP] get push type : fcm
04-24 04:24:06.674 21742 21778 W ng.android.scpm: Long monitor contention with owner INITIALIZE (21818) at void com.samsung.scsp.framework.core.identity.ScspIdentity.transaction(java.lang.Runnable)(ScspIdentity.java:3) waiters=0 in void com.samsung.scsp.framework.core.identity.ScspIdentity.transaction(java.lang.Runnable) for 829ms
04-24 04:24:06.694  5635  6215 I ChimeraAggressivePolicyHandler: executePolicy() - triggerSource: TRIGGER_SOURCE_LMKD
04-24 04:24:06.695  5635  6215 I ChimeraAggressivePolicyHandler: memAvailable: 840624, memFreeTarget: 870400, releaseTarget:29776, protectedLruCount: 10
04-24 04:24:06.697 21742 21935 I [SCPMV2][PatchDevice]: execute
04-24 04:24:06.700 21742 21778 I [SCPMV2][PatchDevice]: execute
04-24 04:24:06.704 21742 21742 I [SCPMV2][SystemMonitorReceiver]: onReceive: android.intent.action.BATTERY_CHANGED
04-24 04:24:06.718 21742 21778 I [SCPMV2][PatchDevice]: extras is not null
04-24 04:24:06.719 21742 21778 I [SCPMV2][CertificateCallFunction]: Lock end
04-24 04:24:06.719 21742 21778 I [SCPMV2][GetCertificateExecutorImpl]: execute
04-24 04:24:06.719 21742 21778 I [SCPMV2][GetCertificateExecutorImpl]: User
04-24 04:24:06.723  5635  6215 I NSLocationMonitor: getGPSUsingApps() called
04-24 04:24:06.724 21742 21778 I [SCPMV2][GetCertificateExecutorImpl]: Certificate is valid
04-24 04:24:06.727 21545 21728 I [SCPM][K][0.9.1002]: [x]Method : get_certificate, Argument : user, Result : true
04-24 04:24:06.728 21545 21728 I MCFQS   : (CloudKeyStoreImpl) setAccountInfo()-[td:RxNewThreadScheduler-2] from=getAccountId, 2613116bc8, cert=740
04-24 04:24:06.729 21545 21712 I MCFQS   : (LocalDeviceHelper) updateAccountId()-[td:Disco] Local{@id[06*a1*33], account=@id[26*11], contact=}
04-24 04:24:06.731  5635  5987 D PackageManager: setEnabledSetting : userId = 0 packageName = com.samsung.android.scs cmp = androidx.work.impl.background.systemalarm.RescheduleReceiver newState = 1 callingPackage = 10380/com.samsung.android.scs
04-24 04:24:06.732  5635  5987 D ApplicationPolicy: getApplicationStateEnabled : pkg = com.samsung.android.scs userId : 0
04-24 04:24:06.732  7192  7356 I NSLocationManager_FLP: getGPSUsingApps, NO_FREEZE={5013} / FREEZE={10234}
04-24 04:24:06.733  5635  5987 D ApplicationPolicy: getApplicationComponentState : pkg = com.samsung.android.scs userId : 0
04-24 04:24:06.740  5635  6215 I ChimeraAggressivePolicyHandler: Start doKill, protected policy: HEAVY
04-24 04:24:06.742  5635  6215 I ChimeraAggressivePolicyHandler: kill complete: killed 0 apps, freed 0 KB
04-24 04:24:06.742  5635  6215 I ChimeraAggressivePolicyHandler: Skipped reason: LR, pids: 21331
04-24 04:24:06.742  5635  6215 I ChimeraAggressivePolicyHandler: Skipped reason: CA, pids: 21440 13505 20419 20804 21902 21135 20819 14228 19992 20890 20891 21087 21602 21740 20525 28208 20401 20916 20217 21050 20667
04-24 04:24:06.742  5635  6215 I ChimeraAggressivePolicyHandler: Skipped reason: PE, pids: 6721 5635 21125 21126 8394 6730 8333 10384 6673 6355 7192 15320 6298 6748 28898 6691 6374 12392 14573 8366 2483 6708 2228 8314 7231
04-24 04:24:06.742  5635  6215 I ChimeraAggressivePolicyHandler: Skipped reason: IN, pids: 12515 16324 12647 15559 14989 14067
04-24 04:24:06.742  5635  6215 I ChimeraAggressivePolicyHandler: Skipped reason: SE, pids: 1026 21636 21545 21742 628 12986 20444
04-24 04:24:06.742  5635  6215 I ChimeraAggressivePolicyHandler: Skipped reason: AD, pids: 7171 26980 9030 8552 24011 21675 28437 15319 8535 19292
04-24 04:24:06.742  5635  6215 I ChimeraAggressivePolicyHandler: Processing time(ms) 48
04-24 04:24:06.779 21545 21712 I MCFQS   : (DiscoveryResponseUseCaseImpl) listenPhoneVisibility()-[td:Disco] type: MY_DEVICE
