04-09 22:58:43.501  6284  6284 I FaceWidgetPositionAlgorithm: getMediaContainerHeight() height = 0 container Visibility = 8, isValid = false, mIsDozing = false, fraction = 1.0, source = 0, target = 0
04-09 22:58:43.502  6284  6284 I FaceWidgetPositionAlgorithm: getMediaContainerHeight() supplier = 0
04-09 22:58:44.938  7790  9193 I ContactsProvider_EventLog: cp_s: [CONTACT con(158) dat(1089) acc({sim(3)=15, sec(6)=1, org.telegram.messenger(228)=102, sim2(4)=1, google(2)=81, com.whatsapp(14)=39}) calls([logtype:100 cnt:866, logtype:200 cnt:5, logtype:300 cnt:495, logtype:1000 cnt:600, logtype:1150 cnt:161]) Iso(RS) uId(0) ]
04-09 22:58:44.938  7790  9193 I ContactsProvider_EventLog: cp_s: [ agr({[3]=15, [14]=1, [4]=1, [2 ,14]=4, [2 ,2]=2, [2]=32, [6 ,14]=1, [2 ,14 ,228]=32, [2 ,228]=7, [228]=62, [2 ,2 ,14 ,228]=1}) ]
04-09 22:58:44.938  7790  9193 I ContactsProvider_EventLog: cp_s: [ cnt({acore(7790)=1}) ]
04-09 22:58:44.938  7790  9193 I ContactsProvider_EventLog: cp_s: [PROFILE con(1) dat(1) acc({vnd.sec.contact.phone=1}) ] [SAPROFILE ]
04-09 22:58:44.938  7790  9193 I ContactsProvider_EventLog: cp_s: [STATE R(T) ]
04-09 22:58:47.876  6284  6284 D SecPowerUI.Notification: showChargingNotice oldChargingType : 11 currentChargingType : 11 oldChargingTime : 3481000 mChargingTime : 3481000
04-09 22:58:47.877  6284  6284 D SecPowerUI.Notification: There is no change about charging status, so return!
04-09 22:58:48.042  7623 11673 I WearableConn: Connecting to "Galaxy Watch5 Pro (MJNP)"
04-09 22:58:48.042  7623 11673 I BluetoothSocket: connect() for device 645DF4_1 called by pid: 7623
04-09 22:58:48.052  6634  7262 W btm_acl : Unable to find active acl
04-09 22:58:48.054  6634  7262 W bt_stack: create_connection :: EnqueueCommand
04-09 22:58:49.031  7623 18721 E WakeLock: WearableBluetooth ** IS FORCE-RELEASED ON TIMEOUT **
04-09 22:58:52.864  5665  5861 D MotionRecognitionService: [SAR]  onReceive : ACTION_BATTERY_CHANGED, Plugged: 2
04-09 22:58:52.867  5665  5665 D PhoneWindowManagerExt: ACTION_BATTERY_CHANGED - Level=58, status=2
04-09 22:58:52.876  5665  5665 D SemWifiApBroadcastReceiver: Received : android.intent.action.BATTERY_CHANGED
04-09 22:58:52.878  6213  6213 D SemBigDataInfoController: Intent: android.intent.action.BATTERY_CHANGED
04-09 22:58:52.880  6213  6213 D SemBigDataInfoController: Intent: android.intent.action.BATTERY_CHANGED
04-09 22:58:52.883  6284  6284 I PowerUI : mBootCompleted = true |  mFullyConnected = true
04-09 22:58:52.884  6284  6284 W PowerUI : Plug reason
04-09 22:58:52.884  6284  6284 W PowerUI : Skip charging animation - by plug status
04-09 22:58:52.884  6284  6284 D PowerUI : priorPlugType = 2 mPlugType = 2 priorBatteryStatus = 2 mBatteryStatus = 2
04-09 22:58:52.884  6284  6284 W PowerUI : Plug reason
04-09 22:58:52.884  6284  6284 W PowerUI : Skip charging sound - by plug status
04-09 22:58:52.884  6284  6284 I PowerUI : oldMisalign : false, curMisalign : false
04-09 22:58:52.884  6284 12502 D SecPowerUI.Notification: dismissing low battery warning: level=58
04-09 22:58:52.884  6284 12502 D SecPowerUI.Notification: updateNotification mWarning=false mPlaySound=false
04-09 22:58:52.885  6284 12502 D SecPowerUI.Notification: SecBatteryStatsSnapshot{batteryLevel=58, currentBatteryMode=0, chargingTime=3481000, chargingType=11, batteryHealth=2, automaticTestMode=false, isHiccupState=false}
04-09 22:58:52.891  6284  6284 D SecPowerUI.Notification: showChargingNotice oldChargingType : 11 currentChargingType : 11 oldChargingTime : 3481000 mChargingTime : 3474000
04-09 22:58:52.891  6284  6284 D SecPowerUI.Notification: showChargingNotification()
04-09 22:58:52.891  6284  6284 D SecPowerUI.Notification: SecBatteryStatsSnapshot{batteryLevel=58, currentBatteryMode=0, chargingTime=3474000, chargingType=11, batteryHealth=2, automaticTestMode=false, isHiccupState=false}
04-09 22:58:52.892  6284  6284 D PowerUi.ChargingNotification: showChargingNotification()
04-09 22:58:52.893  5312  5312 E sehhealth-service: Could not open /sys/class/power_supply/battery/lrp
04-09 22:58:52.894  6284 12502 D SecPowerUI.Notification: 1. restoreScreenTimeOut - saved_value : :
04-09 22:58:52.894  6284 12502 E SecPowerUI.Notification: no saved value, so we do nothing !!
04-09 22:58:52.898  6284  6284 D PowerUi.ChargingNotification: showChargingNotification()
04-09 22:58:52.899  5665  9317 D ApplicationPolicy: isStatusBarNotificationAllowedAsUser: packageName = com.android.systemui,userId = 0
04-09 22:58:52.900  5665  9317 D ApplicationPolicy: isStatusBarNotificationAllowedAsUser: packageName = com.android.systemui,userId = -1
04-09 22:58:52.900  5665  9317 D ApplicationPolicy: isStatusBarNotificationAllowedAsUser: converting userId from USER_ALLto 0
04-09 22:58:52.903  6284  6284 D PowerUI : Battery swelling mode - priorBatterySwellingMode = 0 mBatterySwellingMode = 0 mBatteryStatus = 2
04-09 22:58:52.903  6284  6284 I PowerUI : mBatteryMiscEvent = 65536
04-09 22:58:52.904  6284  6284 D SamsungBatteryMeterDrawable: onBatteryLevelChanged isSomethingChanged: false
04-09 22:58:52.904  6284  6284 D SamsungBatteryMeterDrawable: onBatteryLevelChanged isSomethingChanged: false
04-09 22:58:52.904  6284  6284 D SamsungBatteryMeterDrawable: onBatteryLevelChanged isSomethingChanged: false
04-09 22:58:52.904  6284  6284 D SamsungBatteryMeterDrawable: onBatteryLevelChanged isSomethingChanged: false
04-09 22:58:52.905  6284  6284 D KeyguardUpdateMonitor: received broadcast android.intent.action.BATTERY_CHANGED
04-09 22:58:52.905  6284  6284 I AODBatteryManager: updateBatteryData: ACTION_BATTERY_CHANGED
04-09 22:58:52.908  6284  6284 I AODBatteryManager: saveBatteryData : AOD BatteryData [mBatteryLevel=58, mBatteryStatus=CHARGING, mBatteryPlugType=USB, mBatteryPlugged=true, mRemainingChargeTime=3474000, mBatteryChargingType=2, mBatteryChargerType=FAST, mBatteryOnline=NOT_DEFINED, mBatterySwellingMode=NONE, mBatteryProtectMode=false]
04-09 22:58:52.908  6284  6284 I ChargingInfoManager: updateChargingInfo: newState = AOD ChargingInfo [mState=BATTERY_AND_REMAIN_TIME, mIsCharging=true, mIsFullyCharged=false, mIsBatteryProtectMode=false], oldState = AOD ChargingInfo [mState=BATTERY_AND_REMAIN_TIME, mIsCharging=true, mIsFullyCharged=false, mIsBatteryProtectMode=false]
04-09 22:58:52.908  6284  6284 D KeyguardUpdateMonitor: handleBatteryUpdate
04-09 22:58:52.919  6284  6284 D KeyguardSecIndicationController: addIndicationTimeout() returned - unlocking
04-09 22:58:52.919  6284  6284 D KeyguardSecIndicationController: addIndication() returned - unlocking
04-09 22:58:52.919  6284  6284 D KeyguardSecIndicationController: addBatteryAndOwnerInfoIndication() battery status = BatteryStatus{status=2,level=58,plugged=2,health=2,maxChargingWattage=-1,remaining=3474000ultraFastCharger=1}
04-09 22:58:53.123  6284  6284 D InterruptionStateProvider: Group alert behavior is suppressed but we want to alert bubble
04-09 22:58:53.126  6837  6837 I Launcher.NotificationListener: onNotificationPosted : com.android.systemui number : 0
04-09 22:58:53.126  6284  6284 D BubblesManager: onRankingUpdate : shouldBubbleUp=false ,pkg=com.samsung.android.messaging ,key=0|com.samsung.android.messaging|123|com.samsung.android.messaging:GROUP_RECEIVED:|10115
04-09 22:58:53.126  6284  6284 D BubblesManager: onRankingUpdate : shouldBubbleUp=false ,pkg=com.samsung.android.messaging ,key=0|com.samsung.android.messaging|123|com.samsung.android.messaging:MESSAGE_RECEIVED:138|10115
04-09 22:58:53.126  6284  6284 D InterruptionStateProvider: Group alert behavior is suppressed but we want to alert bubble
04-09 22:58:53.127  6284  6284 D BubblesManager: onRankingUpdate : shouldBubbleUp=false ,pkg=com.samsung.android.messaging ,key=0|com.samsung.android.messaging|123|com.samsung.android.messaging:MESSAGE_RECEIVED:141|10115
04-09 22:58:53.127  6284  6284 D BubblesManager: onRankingUpdate : shouldBubbleUp=false ,pkg=android ,key=-1|android|34|NetworkPolicy:945656281:34|1000
04-09 22:58:53.127  6284  6284 D BubblesManager: onRankingUpdate : shouldBubbleUp=false ,pkg=com.kms.free ,key=0|com.kms.free|42|null|10299
04-09 22:58:53.127  9619 10534 I NotificationPipeline: Processing new notification: -1|com.android.systemui|2131428959|charging_state|10054
04-09 22:58:53.128  6284  6284 D BubblesManager: onRankingUpdate : shouldBubbleUp=false ,pkg=com.sec.android.app.shealth ,key=0|com.sec.android.app.shealth|105|null|10256
04-09 22:58:53.128  9619 10534 E Notification4Heart_NB: WatchFactory.getWatch-lastConnectedNodeId is null
04-09 22:58:53.128  6284  6284 D BubblesManager: onRankingUpdate : shouldBubbleUp=false ,pkg=com.kms.free ,key=0|com.kms.free|1|null|10299
04-09 22:58:53.128  6284  6284 D BubblesManager: onRankingUpdate : shouldBubbleUp=false ,pkg=mrigapps.andriod.breakfree.deux ,key=0|mrigapps.andriod.breakfree.deux|2|null|10506
04-09 22:58:53.128  6284  6284 D BubblesManager: onRankingUpdate : shouldBubbleUp=false ,pkg=com.android.providers.downloads ,key=0|com.android.providers.downloads|0|3:1244|10068
04-09 22:58:53.129  6284  6284 D BubblesManager: onRankingUpdate : shouldBubbleUp=false ,pkg=ru.mail.mailapp ,key=0|ru.mail.mailapp|1073741824|zhelenskiy@mail.ru|10221
04-09 22:58:53.129  6284  6284 D InterruptionStateProvider: Group alert behavior is suppressed but we want to alert bubble
04-09 22:58:53.129  6284  6284 D BubblesManager: onRankingUpdate : shouldBubbleUp=false ,pkg=ru.mail.mailapp ,key=0|ru.mail.mailapp|1291137120|zhelenskiy@mail.ru|10221
04-09 22:58:53.129  9619 10534 W Notification4Heart_NB: NotificationBridgeCallback.onNotificationPosted-never connected before
04-09 22:58:53.129  6284  6284 D InterruptionStateProvider: Group alert behavior is suppressed but we want to alert bubble
04-09 22:58:53.130  6284  6284 D BubblesManager: onRankingUpdate : shouldBubbleUp=false ,pkg=ru.mail.mailapp ,key=0|ru.mail.mailapp|406243825|zhelenskiy@mail.ru|10221
04-09 22:58:53.130  6284  6284 D BubblesManager: onRankingUpdate : shouldBubbleUp=false ,pkg=android ,key=0|android|38|AccountManagerService:38:-904454848:838749127:10427|1000
04-09 22:58:53.130  6284  6284 D InterruptionStateProvider: Group alert behavior is suppressed but we want to alert bubble
04-09 22:58:53.130  6284  6284 D BubblesManager: onRankingUpdate : shouldBubbleUp=false ,pkg=com.google.android.googlequicksearchbox ,key=0|com.google.android.googlequicksearchbox|0|-1997195081::SUMMARY::wx|10233
04-09 22:58:53.131  6284  6284 D BubblesManager: onRankingUpdate : shouldBubbleUp=false ,pkg=com.google.android.googlequicksearchbox ,key=0|com.google.android.googlequicksearchbox|0|-1997195081::a:snotification:[0x394,wx.f,NOTIFICATION]|10233
04-09 22:58:53.131  6284  6284 D BubblesManager: onRankingUpdate : shouldBubbleUp=false ,pkg=android ,key=-1|android|27|null|1000
04-09 22:58:53.131  6210  6210 I FreeformContainer: [SmartPopupViewService] onNotificationPosted: StatusBarNotification(pkg=com.android.systemui user=UserHandle{-1} id=2131428959 tag=charging_state key=-1|com.android.systemui|2131428959|charging_state|10054: Notification(channel=CHR shortcut=null contentView=null vibrate=null sound=null defaults=0x0 flags=0xa color=0xff8b94ab category=sys groupKey=CHARGING vis=PUBLIC semFlags=0x0 semPriority=0 semMissedCount=0))
04-09 22:58:53.131  6210  6210 V FreeformContainer: [SmartPopupViewService] isSmartPopupViewTarget: com.android.systemui is not enabled
04-09 22:58:53.131  6284  6284 D BubblesManager: onRankingUpdate : shouldBubbleUp=false ,pkg=com.android.systemui ,key=-1|com.android.systemui|2131428959|charging_state|10054
04-09 22:58:53.134  6284  6315 D Bubbles : onRankingUpdated : isActiveOrInOverflow= false , mTmpRanking.canBubble()= false ,isActive= false ,shouldBubbleUp= false ,mTmpRanking.isBubble()= false
04-09 22:58:53.134  6284  6315 D Bubbles : onRankingUpdated : isActiveOrInOverflow= false , mTmpRanking.canBubble()= false ,isActive= false ,shouldBubbleUp= false ,mTmpRanking.isBubble()= false
04-09 22:58:53.134  6284  6315 D Bubbles : onRankingUpdated : isActiveOrInOverflow= false , mTmpRanking.canBubble()= false ,isActive= false ,shouldBubbleUp= false ,mTmpRanking.isBubble()= false
04-09 22:58:53.134  6284  6315 D Bubbles : onRankingUpdated : isActiveOrInOverflow= false , mTmpRanking.canBubble()= false ,isActive= false ,shouldBubbleUp= false ,mTmpRanking.isBubble()= false
04-09 22:58:53.134  6284  6315 D Bubbles : onRankingUpdated : isActiveOrInOverflow= false , mTmpRanking.canBubble()= false ,isActive= false ,shouldBubbleUp= false ,mTmpRanking.isBubble()= false
04-09 22:58:53.134  6284  6315 D Bubbles : onRankingUpdated : isActiveOrInOverflow= false , mTmpRanking.canBubble()= false ,isActive= false ,shouldBubbleUp= false ,mTmpRanking.isBubble()= false
04-09 22:58:53.135  6284  6315 D Bubbles : onRankingUpdated : isActiveOrInOverflow= false , mTmpRanking.canBubble()= false ,isActive= false ,shouldBubbleUp= false ,mTmpRanking.isBubble()= false
04-09 22:58:53.135  6284  6315 D Bubbles : onRankingUpdated : isActiveOrInOverflow= false , mTmpRanking.canBubble()= false ,isActive= false ,shouldBubbleUp= false ,mTmpRanking.isBubble()= false
04-09 22:58:53.135  6284  6315 D Bubbles : onRankingUpdated : isActiveOrInOverflow= false , mTmpRanking.canBubble()= false ,isActive= false ,shouldBubbleUp= false ,mTmpRanking.isBubble()= false
04-09 22:58:53.135  6284  6315 D Bubbles : onRankingUpdated : isActiveOrInOverflow= false , mTmpRanking.canBubble()= false ,isActive= false ,shouldBubbleUp= false ,mTmpRanking.isBubble()= false
04-09 22:58:53.135  6284  6315 D Bubbles : onRankingUpdated : isActiveOrInOverflow= false , mTmpRanking.canBubble()= false ,isActive= false ,shouldBubbleUp= false ,mTmpRanking.isBubble()= false
04-09 22:58:53.135  6284  6315 D Bubbles : onRankingUpdated : isActiveOrInOverflow= false , mTmpRanking.canBubble()= false ,isActive= false ,shouldBubbleUp= false ,mTmpRanking.isBubble()= false
04-09 22:58:53.135  6284  6315 D Bubbles : onRankingUpdated : isActiveOrInOverflow= false , mTmpRanking.canBubble()= false ,isActive= false ,shouldBubbleUp= false ,mTmpRanking.isBubble()= false
04-09 22:58:53.135  6284  6315 D Bubbles : onRankingUpdated : isActiveOrInOverflow= false , mTmpRanking.canBubble()= false ,isActive= false ,shouldBubbleUp= false ,mTmpRanking.isBubble()= false
04-09 22:58:53.135  6284  6315 D Bubbles : onRankingUpdated : isActiveOrInOverflow= false , mTmpRanking.canBubble()= false ,isActive= false ,shouldBubbleUp= false ,mTmpRanking.isBubble()= false
04-09 22:58:53.136  6284  6315 D Bubbles : onRankingUpdated : isActiveOrInOverflow= false , mTmpRanking.canBubble()= false ,isActive= false ,shouldBubbleUp= false ,mTmpRanking.isBubble()= false
04-09 22:58:53.136  6284  6315 D Bubbles : onRankingUpdated : isActiveOrInOverflow= false , mTmpRanking.canBubble()= false ,isActive= false ,shouldBubbleUp= false ,mTmpRanking.isBubble()= false
04-09 22:58:53.324  6284  6284 D BubblesManager: onEntryUpdated : shouldBubbleUp=false ,key=-1|com.android.systemui|2131428959|charging_state|10054
04-09 22:58:53.387  6284  6284 I FaceWidgetPositionAlgorithm: getMediaContainerHeight() height = 0 container Visibility = 8, isValid = false, mIsDozing = false, fraction = 1.0, source = 0, target = 0
04-09 22:58:53.387  6284  6284 I FaceWidgetPositionAlgorithm: getMediaContainerHeight() supplier = 0
04-09 22:58:53.461  6284  6284 I FaceWidgetPositionAlgorithm: getMediaContainerHeight() height = 0 container Visibility = 8, isValid = false, mIsDozing = false, fraction = 1.0, source = 0, target = 0
04-09 22:58:53.461  6284  6284 I FaceWidgetPositionAlgorithm: getMediaContainerHeight() supplier = 0
04-09 22:58:53.491  6284  6284 I FaceWidgetPositionAlgorithm: getMediaContainerHeight() height = 0 container Visibility = 8, isValid = false, mIsDozing = false, fraction = 1.0, source = 0, target = 0
04-09 22:58:53.491  6284  6284 I FaceWidgetPositionAlgorithm: getMediaContainerHeight() supplier = 0
04-09 22:58:53.769  5249  5249 E audit   : type=1400 audit(1681073933.762:838): avc:  denied  { getattr } for  pid=5665 comm="BinderProcsColl" path="/sys/kernel/debug/binder/proc/5665" dev="debugfs" ino=28451 scontext=u:r:system_server:s0 tcontext=u:object_r:sec_debugfs:s0 tclass=file permissive=0 SEPF_SM-A515F_13_0001 audit_filtered
04-09 22:58:53.769  5249  5249 E audit   : type=1300 audit(1681073933.762:838): arch=c00000b7 syscall=79 success=no exit=-13 a0=ffffff9c a1=722e3db710 a2=721ca0c680 a3=0 items=0 ppid=5274 pid=5665 auid=4294967295 uid=1000 gid=1000 euid=1000 suid=1000 fsuid=1000 egid=1000 sgid=1000 fsgid=1000 tty=(none) ses=4294967295 comm="BinderProcsColl" exe="/system/bin/app_process64" subj=u:r:system_server:s0 key=(null)
04-09 22:58:53.769  5249  5249 E audit   : type=1327 audit(1681073933.762:838): proctitle="system_server"
04-09 22:58:54.463  6634  7262 W bt_stack: Connection failed classic remote:xx:xx:xx:xx:b3:b1 reason:PAGE_TIMEOUT
04-09 22:58:54.463  6634  7316 W bt_l2cap: L2CAP - no CCB for L2CA_disc_req, CID: 75
04-09 22:58:54.463  6634  7316 W btm_acl : Unable to find active acl
04-09 22:58:54.464  6634  7262 W bt_stack: Unhandled vendor specific event of type 0x90
04-09 22:58:54.464  6634  7342 E bt_btif_sock_rfcomm: find_rfc_slot_by_id unable to find RFCOMM slot id: 21
04-09 22:58:54.469  7623 11673 W WearableConn: Failed to connect, error: read failed, socket might closed or timeout, read ret: -1
04-09 22:58:54.469  7623 11673 D BluetoothSocket: close() this: android.bluetooth.BluetoothSocket@14ce2d6, channel: -1, mSocketIS: android.net.LocalSocketImpl$SocketInputStream@25df957, mSocketOS: android.net.LocalSocketImpl$SocketOutputStream@445dc44, mSocket: android.net.LocalSocket@b73b12d impl:android.net.LocalSocketImpl@60c5662 fd:java.io.FileDescriptor@75ed3f3, mSocketState: INIT
04-09 22:58:54.478  6634  6779 D BluetoothUtils: getBtEnabledContainers(): btContainers = []
04-09 22:58:54.481  6284  6373 V BluetoothEventManager: onReceive :: android.bluetooth.device.action.NAME_CHANGED
04-09 22:58:54.482  6284  6373 I BluetoothAdapter: STATE_ON
04-09 22:58:54.485  7623 11673 I WearableConn: Setting alarm for 256.0 seconds to retry connection
04-09 22:58:54.489  6713  6713 V BluetoothEventManager: onReceive :: android.bluetooth.device.action.NAME_CHANGED
04-09 22:58:54.489  6713  6713 I BluetoothAdapter: STATE_ON
04-09 22:58:54.491  6634  6779 D BluetoothUtils: getBtEnabledContainers(): btContainers = []
04-09 22:58:54.493  7623 11673 I AlarmManager: setExactAndAllowWhileIdle [name: WearableBluetooth type: 2 triggerAtMillis: 2089027]
04-09 22:58:54.511  6284  6373 D CachedBluetoothDeviceManager: onDeviceNameUpdated :: skip same name update
04-09 22:58:54.511  6284  6373 V BluetoothEventManager: onReceive :: android.bluetooth.device.action.CLASS_CHANGED
04-09 22:58:54.518  6713  6713 D CachedBluetoothDeviceManager: onDeviceNameUpdated :: skip same name update
04-09 22:58:54.519  6713  6713 V BluetoothEventManager: onReceive :: android.bluetooth.device.action.CLASS_CHANGED
04-09 22:58:54.530  6284  6373 V BluetoothEventManager: onReceive :: com.samsung.bluetooth.device.action.MANUFACTURER_CHANGED
04-09 22:58:54.537  6713  6713 V BluetoothEventManager: onReceive :: com.samsung.bluetooth.device.action.MANUFACTURER_CHANGED
04-09 22:58:55.270  5665  5878 I HqmInfo::HqmManagerService: MSG_TYPE:MSG_TYPE_PROCESS_LOG_BY_HQM
04-09 22:58:57.909  6284  6284 D SecPowerUI.Notification: showChargingNotice oldChargingType : 11 currentChargingType : 11 oldChargingTime : 3474000 mChargingTime : 3474000
04-09 22:58:57.909  6284  6284 D SecPowerUI.Notification: There is no change about charging status, so return!
04-09 22:58:59.323  5665  6023 D ApplicationPolicy: isStatusBarNotificationAllowedAsUser: packageName = android,userId = 0
04-09 22:58:59.324  5665  6023 D ApplicationPolicy: isStatusBarNotificationAllowedAsUser: packageName = android,userId = -1
04-09 22:58:59.324  5665  6023 D ApplicationPolicy: isStatusBarNotificationAllowedAsUser: converting userId from USER_ALLto 0
04-09 22:58:59.363  6213  6607 D PhoneInterfaceManager: setDataEnabledForReason() Reason=1 Pid=5665 App=system
04-09 22:58:59.369  6213  6607 D PhoneInterfaceManager: setDataEnabledForReason() Reason=1 Pid=5665 App=system
04-09 22:58:59.565  6284  6284 D BubblesManager: onEntryUpdated : shouldBubbleUp=false ,key=-1|android|34|NetworkPolicy:945656281:34|1000
04-09 22:58:59.568  6210  6210 I FreeformContainer: [SmartPopupViewService] onNotificationPosted: StatusBarNotification(pkg=android user=UserHandle{-1} id=34 tag=NetworkPolicy:945656281:34 key=-1|android|34|NetworkPolicy:945656281:34|1000: Notification(channel=NETWORK_ALERTS shortcut=null contentView=null vibrate=null sound=null tick defaults=0x0 flags=0x8 color=0xff888fa2 vis=PRIVATE semFlags=0x0 semPriority=0 semMissedCount=0))
04-09 22:58:59.568  6210  6210 V FreeformContainer: [SmartPopupViewService] isSmartPopupViewTarget: android is not enabled
04-09 22:58:59.573  6837  6837 I Launcher.NotificationListener: onNotificationPosted : android number : 0
04-09 22:58:59.583  9619 10534 I NotificationPipeline: Processing new notification: -1|android|34|NetworkPolicy:945656281:34|1000
04-09 22:58:59.584  9619 10534 E Notification4Heart_NB: WatchFactory.getWatch-lastConnectedNodeId is null
04-09 22:58:59.585  9619 10534 W Notification4Heart_NB: NotificationBridgeCallback.onNotificationPosted-never connected before
04-09 22:58:59.616  6284  6284 I FaceWidgetPositionAlgorithm: getMediaContainerHeight() height = 0 container Visibility = 8, isValid = false, mIsDozing = false, fraction = 1.0, source = 0, target = 0
04-09 22:58:59.616  6284  6284 I FaceWidgetPositionAlgorithm: getMediaContainerHeight() supplier = 0
04-09 22:58:59.691  6284  6284 I FaceWidgetPositionAlgorithm: getMediaContainerHeight() height = 0 container Visibility = 8, isValid = false, mIsDozing = false, fraction = 1.0, source = 0, target = 0
04-09 22:58:59.691  6284  6284 I FaceWidgetPositionAlgorithm: getMediaContainerHeight() supplier = 0
04-09 22:58:59.737  6284  6284 I FaceWidgetPositionAlgorithm: getMediaContainerHeight() height = 0 container Visibility = 8, isValid = false, mIsDozing = false, fraction = 1.0, source = 0, target = 0
04-09 22:58:59.737  6284  6284 I FaceWidgetPositionAlgorithm: getMediaContainerHeight() supplier = 0
04-09 22:59:00.008  6284  6284 D KeyguardUpdateMonitor: received broadcast android.intent.action.TIME_TICK
04-09 22:59:00.009  6284  6284 D KeyguardUpdateMonitor: handleTimeUpdate
04-09 22:59:00.010  6284  6284 D FaceWidgetPagesController: onTimeChanged()
04-09 22:59:00.017  6284  6927 D QSClockBellTower: onReceive(android.intent.action.TIME_TICK) mTimeZoneString:null
04-09 22:59:00.056  6284  6284 D QSClockBellTower: He is ready to ring the bell. (((QSClockBellSound - TimeText:22:59, TimeContentDescription:22:59, DateText:Sun, 9 April, ShortDateText:Sun, 9 Apr, Demo:false, QuickStar-Second(false|12:34:56))))
04-09 22:59:00.058  6284  6284 D QSClockIndicatorView: Home Indicator status_bar_clock 22:59 notifyTimeChanged(QSClockBellSound - TimeText:22:59, TimeContentDescription:22:59, DateText:Sun, 9 April, ShortDateText:Sun, 9 Apr, Demo:false, QuickStar-Second(false|12:34:56)) ClockVisibleByPolicy:true, ClockVisibleByUser:true, visible?false, parent:android.widget.LinearLayout{130cee5 V.E...... ........ 0,0-0,55 #7f0b04e9 app:id/left_clock_container}
04-09 22:59:00.058  6284  6284 D QSClockBellTower: Everyone heard the bell. run(currentTime:1681073940053,   getTime():Sun Apr 09 22:59:00 GMT+02:00 2023,   getTimeZone():libcore.util.ZoneInfo[mDstSavings=3600000,mUseDst=true,mDelegate=[id="Europe/Belgrade",mRawOffset=3600000,mEarliestRawOffset=4920000,transitions=119]])
04-09 22:59:00.075  6284  6284 I FaceWidgetPositionAlgorithm: getMediaContainerHeight() height = 0 container Visibility = 8, isValid = false, mIsDozing = false, fraction = 1.0, source = 0, target = 0
04-09 22:59:00.075  6284  6284 I FaceWidgetPositionAlgorithm: getMediaContainerHeight() supplier = 0
04-09 22:59:00.077  6284  6284 V QsExpandAnimator: setQsExpansionPosition 0.0
04-09 22:59:00.086  6284  6284 V QsExpandAnimator: updateAnimators
04-09 22:59:00.086  6284  6284 V QsExpandAnimator: clearAnimationState
04-09 22:59:00.087  6284  6284 V QsExpandAnimator: updateViews
04-09 22:59:00.090  6284  6284 V QsExpandAnimator: updateTileAnimator
04-09 22:59:00.092  6284  6284 V QsExpandAnimator: updateHeaderAnimator
04-09 22:59:00.093  6284  6284 V QsExpandAnimator: updateBarAnimator
04-09 22:59:00.093  6284  6284 V QsExpandAnimator: setQsExpansionPosition 0.0
04-09 22:59:00.093  6284  6284 V QsExpandAnimator: onAnimationAtStart
04-09 22:59:00.450  6284  6373 D MobileStatusTracker(1/2): onSignalStrengthsChanged level=2, vendorLevel=2
04-09 22:59:00.460  6284  6373 D MobileSignalController(1/2): notifyListener: enabled=true, connected=true, dataConnected=true, networkType=LTE (4G), emergencyOnly=false, roaming=false, isDefault=true, dataActivity=, level=2, ca=false, mmWave=false, disabledDataIcon=false, simCard=ETC
04-09 22:59:00.460  6284  6373 D NetworkController: SignalStrength from intent slotId=1
04-09 22:59:02.868  5312  5312 E sehhealth-service: Could not open /sys/class/power_supply/battery/lrp
04-09 22:59:02.873  5665  5861 D MotionRecognitionService: [SAR]  onReceive : ACTION_BATTERY_CHANGED, Plugged: 2
04-09 22:59:02.874  5665  5665 D PhoneWindowManagerExt: ACTION_BATTERY_CHANGED - Level=58, status=2
04-09 22:59:02.883  5665  5665 D SemWifiApBroadcastReceiver: Received : android.intent.action.BATTERY_CHANGED
04-09 22:59:02.886  6213  6213 D SemBigDataInfoController: Intent: android.intent.action.BATTERY_CHANGED
04-09 22:59:02.889  6213  6213 D SemBigDataInfoController: Intent: android.intent.action.BATTERY_CHANGED
04-09 22:59:02.896  6284  6284 I PowerUI : mBootCompleted = true |  mFullyConnected = true
04-09 22:59:02.897  6284  6284 W PowerUI : Plug reason
04-09 22:59:02.897  6284  6284 W PowerUI : Skip charging animation - by plug status
04-09 22:59:02.900  6284 13026 D SecPowerUI.Notification: dismissing low battery warning: level=58
04-09 22:59:02.900  6284 13026 D SecPowerUI.Notification: updateNotification mWarning=false mPlaySound=false
04-09 22:59:02.901  6284 13026 D SecPowerUI.Notification: SecBatteryStatsSnapshot{batteryLevel=58, currentBatteryMode=0, chargingTime=3474000, chargingType=11, batteryHealth=2, automaticTestMode=false, isHiccupState=false}
04-09 22:59:02.904  6284 13026 D SecPowerUI.Notification: 1. restoreScreenTimeOut - saved_value : :
04-09 22:59:02.904  6284 13026 E SecPowerUI.Notification: no saved value, so we do nothing !!
04-09 22:59:02.905  6284  6284 D PowerUI : priorPlugType = 2 mPlugType = 2 priorBatteryStatus = 2 mBatteryStatus = 2
04-09 22:59:02.905  6284  6284 W PowerUI : Plug reason
04-09 22:59:02.905  6284  6284 W PowerUI : Skip charging sound - by plug status
04-09 22:59:02.905  6284  6284 I PowerUI : oldMisalign : false, curMisalign : false
04-09 22:59:02.907  6284  6284 D SecPowerUI.Notification: showChargingNotice oldChargingType : 11 currentChargingType : 11 oldChargingTime : 3474000 mChargingTime : 3470000
04-09 22:59:02.907  6284  6284 D SecPowerUI.Notification: showChargingNotification()
04-09 22:59:02.908  6284  6284 D SecPowerUI.Notification: SecBatteryStatsSnapshot{batteryLevel=58, currentBatteryMode=0, chargingTime=3470000, chargingType=11, batteryHealth=2, automaticTestMode=false, isHiccupState=false}
04-09 22:59:02.908  6284  6284 D PowerUi.ChargingNotification: showChargingNotification()
04-09 22:59:02.913  6284  6284 D PowerUi.ChargingNotification: showChargingNotification()
04-09 22:59:02.918  5665  6945 D ApplicationPolicy: isStatusBarNotificationAllowedAsUser: packageName = com.android.systemui,userId = 0
04-09 22:59:02.918  5665  6945 D ApplicationPolicy: isStatusBarNotificationAllowedAsUser: packageName = com.android.systemui,userId = -1
04-09 22:59:02.918  5665  6945 D ApplicationPolicy: isStatusBarNotificationAllowedAsUser: converting userId from USER_ALLto 0
04-09 22:59:02.919  6284  6284 D PowerUI : Battery swelling mode - priorBatterySwellingMode = 0 mBatterySwellingMode = 0 mBatteryStatus = 2
04-09 22:59:02.920  6284  6284 I PowerUI : mBatteryMiscEvent = 65536
04-09 22:59:02.920  6284  6284 D SamsungBatteryMeterDrawable: onBatteryLevelChanged isSomethingChanged: false
04-09 22:59:02.920  6284  6284 D SamsungBatteryMeterDrawable: onBatteryLevelChanged isSomethingChanged: false
04-09 22:59:02.920  6284  6284 D SamsungBatteryMeterDrawable: onBatteryLevelChanged isSomethingChanged: false
04-09 22:59:02.921  6284  6284 D SamsungBatteryMeterDrawable: onBatteryLevelChanged isSomethingChanged: false
04-09 22:59:02.921  6284  6284 D KeyguardUpdateMonitor: received broadcast android.intent.action.BATTERY_CHANGED
04-09 22:59:02.921  6284  6284 I AODBatteryManager: updateBatteryData: ACTION_BATTERY_CHANGED
04-09 22:59:02.925  6284  6284 I AODBatteryManager: saveBatteryData : AOD BatteryData [mBatteryLevel=58, mBatteryStatus=CHARGING, mBatteryPlugType=USB, mBatteryPlugged=true, mRemainingChargeTime=3470000, mBatteryChargingType=2, mBatteryChargerType=FAST, mBatteryOnline=NOT_DEFINED, mBatterySwellingMode=NONE, mBatteryProtectMode=false]
04-09 22:59:02.925  6284  6284 I ChargingInfoManager: updateChargingInfo: newState = AOD ChargingInfo [mState=BATTERY_AND_REMAIN_TIME, mIsCharging=true, mIsFullyCharged=false, mIsBatteryProtectMode=false], oldState = AOD ChargingInfo [mState=BATTERY_AND_REMAIN_TIME, mIsCharging=true, mIsFullyCharged=false, mIsBatteryProtectMode=false]
04-09 22:59:02.925  6284  6284 D KeyguardUpdateMonitor: handleBatteryUpdate
04-09 22:59:02.929  6284  6284 D KeyguardSecIndicationController: addIndicationTimeout() returned - unlocking
04-09 22:59:02.929  6284  6284 D KeyguardSecIndicationController: addIndication() returned - unlocking
04-09 22:59:02.929  6284  6284 D KeyguardSecIndicationController: addBatteryAndOwnerInfoIndication() battery status = BatteryStatus{status=2,level=58,plugged=2,health=2,maxChargingWattage=-1,remaining=3470000ultraFastCharger=1}
04-09 22:59:03.142  6284  6284 D BubblesManager: onRankingUpdate : shouldBubbleUp=false ,pkg=android ,key=-1|android|34|NetworkPolicy:945656281:34|1000
04-09 22:59:03.142  6284  6284 D InterruptionStateProvider: Group alert behavior is suppressed but we want to alert bubble
04-09 22:59:03.142  6284  6284 D BubblesManager: onRankingUpdate : shouldBubbleUp=false ,pkg=com.samsung.android.messaging ,key=0|com.samsung.android.messaging|123|com.samsung.android.messaging:GROUP_RECEIVED:|10115
04-09 22:59:03.143  6284  6284 D BubblesManager: onRankingUpdate : shouldBubbleUp=false ,pkg=com.samsung.android.messaging ,key=0|com.samsung.android.messaging|123|com.samsung.android.messaging:MESSAGE_RECEIVED:138|10115
04-09 22:59:03.143  6284  6284 D InterruptionStateProvider: Group alert behavior is suppressed but we want to alert bubble
04-09 22:59:03.143  6284  6284 D BubblesManager: onRankingUpdate : shouldBubbleUp=false ,pkg=com.samsung.android.messaging ,key=0|com.samsung.android.messaging|123|com.samsung.android.messaging:MESSAGE_RECEIVED:141|10115
04-09 22:59:03.143  6284  6284 D BubblesManager: onRankingUpdate : shouldBubbleUp=false ,pkg=com.kms.free ,key=0|com.kms.free|42|null|10299
04-09 22:59:03.144  6284  6284 D BubblesManager: onRankingUpdate : shouldBubbleUp=false ,pkg=com.sec.android.app.shealth ,key=0|com.sec.android.app.shealth|105|null|10256
04-09 22:59:03.144  6284  6284 D BubblesManager: onRankingUpdate : shouldBubbleUp=false ,pkg=com.kms.free ,key=0|com.kms.free|1|null|10299
04-09 22:59:03.144  6837  6837 I Launcher.NotificationListener: onNotificationPosted : com.android.systemui number : 0
04-09 22:59:03.144  6284  6284 D BubblesManager: onRankingUpdate : shouldBubbleUp=false ,pkg=mrigapps.andriod.breakfree.deux ,key=0|mrigapps.andriod.breakfree.deux|2|null|10506
04-09 22:59:03.144  6284  6284 D BubblesManager: onRankingUpdate : shouldBubbleUp=false ,pkg=com.android.providers.downloads ,key=0|com.android.providers.downloads|0|3:1244|10068
04-09 22:59:03.146  6284  6284 D BubblesManager: onRankingUpdate : shouldBubbleUp=false ,pkg=ru.mail.mailapp ,key=0|ru.mail.mailapp|1073741824|zhelenskiy@mail.ru|10221
04-09 22:59:03.146  6284  6284 D InterruptionStateProvider: Group alert behavior is suppressed but we want to alert bubble
04-09 22:59:03.147  6284  6284 D BubblesManager: onRankingUpdate : shouldBubbleUp=false ,pkg=ru.mail.mailapp ,key=0|ru.mail.mailapp|1291137120|zhelenskiy@mail.ru|10221
04-09 22:59:03.147  6210  6210 I FreeformContainer: [SmartPopupViewService] onNotificationPosted: StatusBarNotification(pkg=com.android.systemui user=UserHandle{-1} id=2131428959 tag=charging_state key=-1|com.android.systemui|2131428959|charging_state|10054: Notification(channel=CHR shortcut=null contentView=null vibrate=null sound=null defaults=0x0 flags=0xa color=0xff8b94ab category=sys groupKey=CHARGING vis=PUBLIC semFlags=0x0 semPriority=0 semMissedCount=0))
04-09 22:59:03.147  6284  6284 D InterruptionStateProvider: Group alert behavior is suppressed but we want to alert bubble
04-09 22:59:03.147  6210  6210 V FreeformContainer: [SmartPopupViewService] isSmartPopupViewTarget: com.android.systemui is not enabled
04-09 22:59:03.147  6284  6284 D BubblesManager: onRankingUpdate : shouldBubbleUp=false ,pkg=ru.mail.mailapp ,key=0|ru.mail.mailapp|406243825|zhelenskiy@mail.ru|10221
04-09 22:59:03.147  6284  6284 D BubblesManager: onRankingUpdate : shouldBubbleUp=false ,pkg=android ,key=0|android|38|AccountManagerService:38:-904454848:838749127:10427|1000
04-09 22:59:03.148  6284  6284 D InterruptionStateProvider: Group alert behavior is suppressed but we want to alert bubble
04-09 22:59:03.148  6284  6284 D BubblesManager: onRankingUpdate : shouldBubbleUp=false ,pkg=com.google.android.googlequicksearchbox ,key=0|com.google.android.googlequicksearchbox|0|-1997195081::SUMMARY::wx|10233
04-09 22:59:03.148  6284  6284 D BubblesManager: onRankingUpdate : shouldBubbleUp=false ,pkg=com.google.android.googlequicksearchbox ,key=0|com.google.android.googlequicksearchbox|0|-1997195081::a:snotification:[0x394,wx.f,NOTIFICATION]|10233
04-09 22:59:03.148  6284  6284 D BubblesManager: onRankingUpdate : shouldBubbleUp=false ,pkg=android ,key=-1|android|27|null|1000
04-09 22:59:03.149  6284  6284 D BubblesManager: onRankingUpdate : shouldBubbleUp=false ,pkg=com.android.systemui ,key=-1|com.android.systemui|2131428959|charging_state|10054
04-09 22:59:03.149  6284  6315 D Bubbles : onRankingUpdated : isActiveOrInOverflow= false , mTmpRanking.canBubble()= false ,isActive= false ,shouldBubbleUp= false ,mTmpRanking.isBubble()= false
04-09 22:59:03.149  6284  6315 D Bubbles : onRankingUpdated : isActiveOrInOverflow= false , mTmpRanking.canBubble()= false ,isActive= false ,shouldBubbleUp= false ,mTmpRanking.isBubble()= false
04-09 22:59:03.150  6284  6315 D Bubbles : onRankingUpdated : isActiveOrInOverflow= false , mTmpRanking.canBubble()= false ,isActive= false ,shouldBubbleUp= false ,mTmpRanking.isBubble()= false
04-09 22:59:03.150  6284  6315 D Bubbles : onRankingUpdated : isActiveOrInOverflow= false , mTmpRanking.canBubble()= false ,isActive= false ,shouldBubbleUp= false ,mTmpRanking.isBubble()= false
04-09 22:59:03.150  6284  6315 D Bubbles : onRankingUpdated : isActiveOrInOverflow= false , mTmpRanking.canBubble()= false ,isActive= false ,shouldBubbleUp= false ,mTmpRanking.isBubble()= false
04-09 22:59:03.150  6284  6315 D Bubbles : onRankingUpdated : isActiveOrInOverflow= false , mTmpRanking.canBubble()= false ,isActive= false ,shouldBubbleUp= false ,mTmpRanking.isBubble()= false
04-09 22:59:03.150  6284  6315 D Bubbles : onRankingUpdated : isActiveOrInOverflow= false , mTmpRanking.canBubble()= false ,isActive= false ,shouldBubbleUp= false ,mTmpRanking.isBubble()= false
04-09 22:59:03.150  6284  6315 D Bubbles : onRankingUpdated : isActiveOrInOverflow= false , mTmpRanking.canBubble()= false ,isActive= false ,shouldBubbleUp= false ,mTmpRanking.isBubble()= false
04-09 22:59:03.150  6284  6315 D Bubbles : onRankingUpdated : isActiveOrInOverflow= false , mTmpRanking.canBubble()= false ,isActive= false ,shouldBubbleUp= false ,mTmpRanking.isBubble()= false
04-09 22:59:03.151  6284  6315 D Bubbles : onRankingUpdated : isActiveOrInOverflow= false , mTmpRanking.canBubble()= false ,isActive= false ,shouldBubbleUp= false ,mTmpRanking.isBubble()= false
04-09 22:59:03.151  6284  6315 D Bubbles : onRankingUpdated : isActiveOrInOverflow= false , mTmpRanking.canBubble()= false ,isActive= false ,shouldBubbleUp= false ,mTmpRanking.isBubble()= false
04-09 22:59:03.151  6284  6315 D Bubbles : onRankingUpdated : isActiveOrInOverflow= false , mTmpRanking.canBubble()= false ,isActive= false ,shouldBubbleUp= false ,mTmpRanking.isBubble()= false
04-09 22:59:03.151  6284  6315 D Bubbles : onRankingUpdated : isActiveOrInOverflow= false , mTmpRanking.canBubble()= false ,isActive= false ,shouldBubbleUp= false ,mTmpRanking.isBubble()= false
04-09 22:59:03.151  6284  6315 D Bubbles : onRankingUpdated : isActiveOrInOverflow= false , mTmpRanking.canBubble()= false ,isActive= false ,shouldBubbleUp= false ,mTmpRanking.isBubble()= false
04-09 22:59:03.151  6284  6315 D Bubbles : onRankingUpdated : isActiveOrInOverflow= false , mTmpRanking.canBubble()= false ,isActive= false ,shouldBubbleUp= false ,mTmpRanking.isBubble()= false
04-09 22:59:03.151  6284  6315 D Bubbles : onRankingUpdated : isActiveOrInOverflow= false , mTmpRanking.canBubble()= false ,isActive= false ,shouldBubbleUp= false ,mTmpRanking.isBubble()= false
04-09 22:59:03.151  6284  6315 D Bubbles : onRankingUpdated : isActiveOrInOverflow= false , mTmpRanking.canBubble()= false ,isActive= false ,shouldBubbleUp= false ,mTmpRanking.isBubble()= false
04-09 22:59:03.155  9619 10534 I NotificationPipeline: Processing new notification: -1|com.android.systemui|2131428959|charging_state|10054
04-09 22:59:03.156  9619 10534 E Notification4Heart_NB: WatchFactory.getWatch-lastConnectedNodeId is null
04-09 22:59:03.157  9619 10534 W Notification4Heart_NB: NotificationBridgeCallback.onNotificationPosted-never connected before
04-09 22:59:03.342  6284  6284 D BubblesManager: onEntryUpdated : shouldBubbleUp=false ,key=-1|com.android.systemui|2131428959|charging_state|10054
04-09 22:59:03.396  6284  6284 I FaceWidgetPositionAlgorithm: getMediaContainerHeight() height = 0 container Visibility = 8, isValid = false, mIsDozing = false, fraction = 1.0, source = 0, target = 0
04-09 22:59:03.397  6284  6284 I FaceWidgetPositionAlgorithm: getMediaContainerHeight() supplier = 0
04-09 22:59:03.445  6284  6284 I FaceWidgetPositionAlgorithm: getMediaContainerHeight() height = 0 container Visibility = 8, isValid = false, mIsDozing = false, fraction = 1.0, source = 0, target = 0
04-09 22:59:03.445  6284  6284 I FaceWidgetPositionAlgorithm: getMediaContainerHeight() supplier = 0
04-09 22:59:03.494  6284  6284 I FaceWidgetPositionAlgorithm: getMediaContainerHeight() height = 0 container Visibility = 8, isValid = false, mIsDozing = false, fraction = 1.0, source = 0, target = 0
04-09 22:59:03.494  6284  6284 I FaceWidgetPositionAlgorithm: getMediaContainerHeight() supplier = 0
04-09 22:59:07.925  6284  6284 D SecPowerUI.Notification: showChargingNotice oldChargingType : 11 currentChargingType : 11 oldChargingTime : 3470000 mChargingTime : 3470000
04-09 22:59:07.925  6284  6284 D SecPowerUI.Notification: There is no change about charging status, so return!
04-09 22:59:09.580  6284  6284 D InterruptionStateProvider: Group alert behavior is suppressed but we want to alert bubble
04-09 22:59:09.580  6284  6284 D BubblesManager: onRankingUpdate : shouldBubbleUp=false ,pkg=com.samsung.android.messaging ,key=0|com.samsung.android.messaging|123|com.samsung.android.messaging:GROUP_RECEIVED:|10115
04-09 22:59:09.581  6284  6284 D BubblesManager: onRankingUpdate : shouldBubbleUp=false ,pkg=com.samsung.android.messaging ,key=0|com.samsung.android.messaging|123|com.samsung.android.messaging:MESSAGE_RECEIVED:138|10115
04-09 22:59:09.581  6284  6284 D InterruptionStateProvider: Group alert behavior is suppressed but we want to alert bubble
04-09 22:59:09.581  6284  6284 D BubblesManager: onRankingUpdate : shouldBubbleUp=false ,pkg=com.samsung.android.messaging ,key=0|com.samsung.android.messaging|123|com.samsung.android.messaging:MESSAGE_RECEIVED:141|10115
04-09 22:59:09.582  6284  6284 D BubblesManager: onRankingUpdate : shouldBubbleUp=false ,pkg=android ,key=-1|android|34|NetworkPolicy:945656281:34|1000
04-09 22:59:09.582  6284  6284 D BubblesManager: onRankingUpdate : shouldBubbleUp=false ,pkg=com.kms.free ,key=0|com.kms.free|42|null|10299
04-09 22:59:09.582  6284  6284 D BubblesManager: onRankingUpdate : shouldBubbleUp=false ,pkg=com.sec.android.app.shealth ,key=0|com.sec.android.app.shealth|105|null|10256
04-09 22:59:09.582  6284  6284 D BubblesManager: onRankingUpdate : shouldBubbleUp=false ,pkg=com.kms.free ,key=0|com.kms.free|1|null|10299
04-09 22:59:09.583  6284  6284 D BubblesManager: onRankingUpdate : shouldBubbleUp=false ,pkg=mrigapps.andriod.breakfree.deux ,key=0|mrigapps.andriod.breakfree.deux|2|null|10506
04-09 22:59:09.583  6284  6284 D BubblesManager: onRankingUpdate : shouldBubbleUp=false ,pkg=com.android.providers.downloads ,key=0|com.android.providers.downloads|0|3:1244|10068
04-09 22:59:09.583  6284  6284 D BubblesManager: onRankingUpdate : shouldBubbleUp=false ,pkg=ru.mail.mailapp ,key=0|ru.mail.mailapp|1073741824|zhelenskiy@mail.ru|10221
04-09 22:59:09.583  6284  6284 D InterruptionStateProvider: Group alert behavior is suppressed but we want to alert bubble
04-09 22:59:09.583  6284  6284 D BubblesManager: onRankingUpdate : shouldBubbleUp=false ,pkg=ru.mail.mailapp ,key=0|ru.mail.mailapp|1291137120|zhelenskiy@mail.ru|10221
04-09 22:59:09.584  6284  6284 D InterruptionStateProvider: Group alert behavior is suppressed but we want to alert bubble
04-09 22:59:09.584  6284  6284 D BubblesManager: onRankingUpdate : shouldBubbleUp=false ,pkg=ru.mail.mailapp ,key=0|ru.mail.mailapp|406243825|zhelenskiy@mail.ru|10221
04-09 22:59:09.584  6284  6284 D BubblesManager: onRankingUpdate : shouldBubbleUp=false ,pkg=android ,key=0|android|38|AccountManagerService:38:-904454848:838749127:10427|1000
04-09 22:59:09.584  6284  6284 D InterruptionStateProvider: Group alert behavior is suppressed but we want to alert bubble
04-09 22:59:09.585  6284  6284 D BubblesManager: onRankingUpdate : shouldBubbleUp=false ,pkg=com.google.android.googlequicksearchbox ,key=0|com.google.android.googlequicksearchbox|0|-1997195081::SUMMARY::wx|10233
04-09 22:59:09.585  6284  6284 D BubblesManager: onRankingUpdate : shouldBubbleUp=false ,pkg=com.google.android.googlequicksearchbox ,key=0|com.google.android.googlequicksearchbox|0|-1997195081::a:snotification:[0x394,wx.f,NOTIFICATION]|10233
04-09 22:59:09.585  6284  6284 D BubblesManager: onRankingUpdate : shouldBubbleUp=false ,pkg=android ,key=-1|android|27|null|1000
04-09 22:59:09.585  6284  6284 D BubblesManager: onRankingUpdate : shouldBubbleUp=false ,pkg=com.android.systemui ,key=-1|com.android.systemui|2131428959|charging_state|10054
04-09 22:59:09.587  6284  6315 D Bubbles : onRankingUpdated : isActiveOrInOverflow= false , mTmpRanking.canBubble()= false ,isActive= false ,shouldBubbleUp= false ,mTmpRanking.isBubble()= false
04-09 22:59:09.587  6284  6315 D Bubbles : onRankingUpdated : isActiveOrInOverflow= false , mTmpRanking.canBubble()= false ,isActive= false ,shouldBubbleUp= false ,mTmpRanking.isBubble()= false
04-09 22:59:09.587  6284  6315 D Bubbles : onRankingUpdated : isActiveOrInOverflow= false , mTmpRanking.canBubble()= false ,isActive= false ,shouldBubbleUp= false ,mTmpRanking.isBubble()= false
04-09 22:59:09.588  6284  6315 D Bubbles : onRankingUpdated : isActiveOrInOverflow= false , mTmpRanking.canBubble()= false ,isActive= false ,shouldBubbleUp= false ,mTmpRanking.isBubble()= false
04-09 22:59:09.588  6284  6315 D Bubbles : onRankingUpdated : isActiveOrInOverflow= false , mTmpRanking.canBubble()= false ,isActive= false ,shouldBubbleUp= false ,mTmpRanking.isBubble()= false
04-09 22:59:09.588  6284  6315 D Bubbles : onRankingUpdated : isActiveOrInOverflow= false , mTmpRanking.canBubble()= false ,isActive= false ,shouldBubbleUp= false ,mTmpRanking.isBubble()= false
04-09 22:59:09.588  6284  6315 D Bubbles : onRankingUpdated : isActiveOrInOverflow= false , mTmpRanking.canBubble()= false ,isActive= false ,shouldBubbleUp= false ,mTmpRanking.isBubble()= false
04-09 22:59:09.588  6284  6315 D Bubbles : onRankingUpdated : isActiveOrInOverflow= false , mTmpRanking.canBubble()= false ,isActive= false ,shouldBubbleUp= false ,mTmpRanking.isBubble()= false
04-09 22:59:09.588  6284  6315 D Bubbles : onRankingUpdated : isActiveOrInOverflow= false , mTmpRanking.canBubble()= false ,isActive= false ,shouldBubbleUp= false ,mTmpRanking.isBubble()= false
04-09 22:59:09.588  6284  6315 D Bubbles : onRankingUpdated : isActiveOrInOverflow= false , mTmpRanking.canBubble()= false ,isActive= false ,shouldBubbleUp= false ,mTmpRanking.isBubble()= false
04-09 22:59:09.588  6284  6315 D Bubbles : onRankingUpdated : isActiveOrInOverflow= false , mTmpRanking.canBubble()= false ,isActive= false ,shouldBubbleUp= false ,mTmpRanking.isBubble()= false
04-09 22:59:09.588  6284  6315 D Bubbles : onRankingUpdated : isActiveOrInOverflow= false , mTmpRanking.canBubble()= false ,isActive= false ,shouldBubbleUp= false ,mTmpRanking.isBubble()= false
04-09 22:59:09.588  6284  6315 D Bubbles : onRankingUpdated : isActiveOrInOverflow= false , mTmpRanking.canBubble()= false ,isActive= false ,shouldBubbleUp= false ,mTmpRanking.isBubble()= false
04-09 22:59:09.588  6284  6315 D Bubbles : onRankingUpdated : isActiveOrInOverflow= false , mTmpRanking.canBubble()= false ,isActive= false ,shouldBubbleUp= false ,mTmpRanking.isBubble()= false
04-09 22:59:09.588  6284  6315 D Bubbles : onRankingUpdated : isActiveOrInOverflow= false , mTmpRanking.canBubble()= false ,isActive= false ,shouldBubbleUp= false ,mTmpRanking.isBubble()= false
04-09 22:59:09.589  6284  6315 D Bubbles : onRankingUpdated : isActiveOrInOverflow= false , mTmpRanking.canBubble()= false ,isActive= false ,shouldBubbleUp= false ,mTmpRanking.isBubble()= false
04-09 22:59:09.589  6284  6315 D Bubbles : onRankingUpdated : isActiveOrInOverflow= false , mTmpRanking.canBubble()= false ,isActive= false ,shouldBubbleUp= false ,mTmpRanking.isBubble()= false
04-09 22:59:12.173  5329  5329 I SurfaceFlinger: SFWD update time=1850715579483
04-09 22:59:12.980  5312  5312 E sehhealth-service: Could not open /sys/class/power_supply/battery/lrp
04-09 22:59:12.988  5665  5861 D MotionRecognitionService: [SAR]  onReceive : ACTION_BATTERY_CHANGED, Plugged: 2
04-09 22:59:12.991  5665  5665 D PhoneWindowManagerExt: ACTION_BATTERY_CHANGED - Level=58, status=2
04-09 22:59:13.000  5665  5665 D SemWifiApBroadcastReceiver: Received : android.intent.action.BATTERY_CHANGED
04-09 22:59:13.005  6284  6284 I PowerUI : mBootCompleted = true |  mFullyConnected = true
04-09 22:59:13.006  6284  6284 W PowerUI : Plug reason
04-09 22:59:13.006  6284  6284 W PowerUI : Skip charging animation - by plug status
04-09 22:59:13.006  6284  7556 D SecPowerUI.Notification: dismissing low battery warning: level=58
04-09 22:59:13.006  6284  6284 D PowerUI : priorPlugType = 2 mPlugType = 2 priorBatteryStatus = 2 mBatteryStatus = 2
04-09 22:59:13.006  6284  6284 W PowerUI : Plug reason
04-09 22:59:13.006  6284  6284 W PowerUI : Skip charging sound - by plug status
04-09 22:59:13.006  6284  7556 D SecPowerUI.Notification: updateNotification mWarning=false mPlaySound=false
04-09 22:59:13.007  6284  7556 D SecPowerUI.Notification: SecBatteryStatsSnapshot{batteryLevel=58, currentBatteryMode=0, chargingTime=3470000, chargingType=11, batteryHealth=2, automaticTestMode=false, isHiccupState=false}
04-09 22:59:13.007  6284  6284 I PowerUI : oldMisalign : false, curMisalign : false
04-09 22:59:13.009  6284  6284 D SecPowerUI.Notification: showChargingNotice oldChargingType : 11 currentChargingType : 11 oldChargingTime : 3470000 mChargingTime : 3463000
04-09 22:59:13.009  6284  6284 D SecPowerUI.Notification: showChargingNotification()
04-09 22:59:13.009  6284  6284 D SecPowerUI.Notification: SecBatteryStatsSnapshot{batteryLevel=58, currentBatteryMode=0, chargingTime=3463000, chargingType=11, batteryHealth=2, automaticTestMode=false, isHiccupState=false}
04-09 22:59:13.010  6284  6284 D PowerUi.ChargingNotification: showChargingNotification()
04-09 22:59:13.018  6284  7556 D SecPowerUI.Notification: 1. restoreScreenTimeOut - saved_value : :
04-09 22:59:13.018  6284  7556 E SecPowerUI.Notification: no saved value, so we do nothing !!
04-09 22:59:13.018  6284  6284 D PowerUi.ChargingNotification: showChargingNotification()
04-09 22:59:13.022  5665  8767 D ApplicationPolicy: isStatusBarNotificationAllowedAsUser: packageName = com.android.systemui,userId = 0
04-09 22:59:13.022  5665  8767 D ApplicationPolicy: isStatusBarNotificationAllowedAsUser: packageName = com.android.systemui,userId = -1
04-09 22:59:13.023  5665  8767 D ApplicationPolicy: isStatusBarNotificationAllowedAsUser: converting userId from USER_ALLto 0
04-09 22:59:13.025  6284  6284 D PowerUI : Battery swelling mode - priorBatterySwellingMode = 0 mBatterySwellingMode = 0 mBatteryStatus = 2
04-09 22:59:13.025  6284  6284 I PowerUI : mBatteryMiscEvent = 65536
04-09 22:59:13.026  6284  6284 D SamsungBatteryMeterDrawable: onBatteryLevelChanged isSomethingChanged: false
04-09 22:59:13.026  6284  6284 D SamsungBatteryMeterDrawable: onBatteryLevelChanged isSomethingChanged: false
04-09 22:59:13.027  6284  6284 D SamsungBatteryMeterDrawable: onBatteryLevelChanged isSomethingChanged: false
04-09 22:59:13.027  6284  6284 D SamsungBatteryMeterDrawable: onBatteryLevelChanged isSomethingChanged: false
04-09 22:59:13.028  6284  6284 D KeyguardUpdateMonitor: received broadcast android.intent.action.BATTERY_CHANGED
04-09 22:59:13.033  6284  6284 I AODBatteryManager: updateBatteryData: ACTION_BATTERY_CHANGED
