05-10 03:22:37.237 23197 23221 I TestRunner: started: valueFloat(org.jetbrains.android_benchmark.Wolf3dBenchmark)
05-10 03:22:37.242 23197 23197 I MonitoringInstr: Activities that are still in CREATED to STOPPED: 1
05-10 03:22:37.242 23197 23197 I MonitoringInstr: Finishing activity: androidx.benchmark.IsolationActivity@2611a25
05-10 03:22:37.250 23197 23221 I GrantPermissionCallable: Permission: android.permission.WRITE_EXTERNAL_STORAGE is already granted!
05-10 03:22:37.250 23197 23221 I GrantPermissionCallable: Permission: android.permission.READ_EXTERNAL_STORAGE is already granted!
05-10 03:22:37.250 23197 23221 D Benchmark: -- Running org.jetbrains.android_benchmark.Wolf3dBenchmark#valueFloat --
05-10 03:22:37.250 23197 23221 D PerfettoCapture: Supported ABIs: arm64-v8a, armeabi-v7a, armeabi
05-10 03:22:37.250 23197 23221 D PerfettoCapture: Recording perfetto trace
05-10 03:22:37.268  5679  5748 W libprocessgroup: Failed to open /dev/blkio//cgroup.procs: No such file or directory
05-10 03:22:37.273 30196 30566 I NetworkScheduler.Stats: Task com.google.android.gms/com.google.android.gms.ipa.base.IpaGcmTaskService started execution. cause:9 exec_start_elapsed_seconds: 249942 [CONTEXT service_id=218 ]
05-10 03:22:37.282 30196 30245 I NetworkScheduler.Stats: Task com.google.android.gms/com.google.android.gms.ipa.base.IpaGcmTaskService finished executing. cause:9 result: 1 elapsed_millis: 35 uptime_millis: 35 exec_start_elapsed_seconds: 249942 [CONTEXT service_id=218 ]
05-10 03:22:37.294 23197 23221 I PerfettoCapture: Cleanup perfetto before starting.
05-10 03:22:37.495 23197 23221 I PerfettoCapture: Perfetto output file cleanup -
05-10 03:22:37.496 23197 23221 I PerfettoCapture: Starting perfetto tracing with cmd: cat /storage/emulated/0/Android/data/org.jetbrains.android_benchmark.test/cache/trace_config.pb | perfetto --background -c - -o /data/misc/perfetto-traces/trace_output.pb
05-10 03:22:37.690 30593 30593 I perfetto:    perfetto_cmd.cc:1001 Connected to the Perfetto traced service, starting tracing
05-10 03:22:37.691  5440  5440 I perfetto: ing_service_impl.cc:953 Configured tracing session 56, #sources:4, duration:0 ms, #buffers:2, total buffer size:36864 KB, total sessions:1, uid:2000 session name: ""
05-10 03:22:37.693  5438  5438 I perfetto:  probes_producer.cc:139 Ftrace setup (target_buf=111)
05-10 03:22:37.735 23197 23221 I PerfettoCapture: Perfetto output - 30593
05-10 03:22:37.735 23197 23221 I PerfettoCapture: EXITCODE=0
05-10 03:22:37.737  5679  5748 W libprocessgroup: Failed to open /dev/blkio//cgroup.procs: No such file or directory
05-10 03:22:37.764 27789 27789 I SCS@AiSearch user 0: (ObserverWorker::AOSP_MP) [main] entering in startWork():
05-10 03:22:37.764 27789 27789 I SCS@AiSearch user 0: (BaseCollector::AOSP_MP) [main] entering in onChange():
05-10 03:22:37.764  4389  4389 I hwservicemanager: getTransport: Cannot find entry android.hardware.atrace@1.0::IAtraceDevice/default in either framework or device VINTF manifest.
05-10 03:22:37.765 27789 27835 I SCS@AiSearch user 0: (BaseCollector::AOSP_MP) [AOSP_MP-0] entering in collectChanges():
05-10 03:22:37.775  5679  8514 D PackageManager: setEnabledSetting : userId = 0 packageName = com.samsung.android.scs cmp = androidx.work.impl.background.systemalarm.RescheduleReceiver newState = 1 callingPackage = 10380/com.samsung.android.scs
05-10 03:22:37.778  5679  8514 D ApplicationPolicy: getApplicationStateEnabled : pkg = com.samsung.android.scs userId : 0
05-10 03:22:37.779  5679  8514 D ApplicationPolicy: getApplicationComponentState : pkg = com.samsung.android.scs userId : 0
05-10 03:22:37.793  5438  5438 I perfetto:    ftrace_procfs.cc:335 enabled ftrace in /sys/kernel/tracing/
05-10 03:22:37.846 27789 27835 I SCS@AiSearch user 0: (BaseCollector::AOSP_MP) fetchInternal values : maxSyncId: 1000008667 indexCount: 891 sourceCount: 891
05-10 03:22:37.874 23197 23221 I PerfettoCapture: Perfetto tracing started successfully with pid 30593.
05-10 03:22:37.890 27789 27835 I SCS@AiSearch user 0: (IndexManager) [AOSP_MP-0] entering in addIndex():
05-10 03:22:37.897 27789 27835 I SCS@AiSearch user 0: (BaseCollector::AOSP_MP) fetch: fetching took  78 ms
05-10 03:22:37.897 27789 27835 I SCS@AiSearch user 0: (BaseCollector::AOSP_MP) fetchChanges: applied 0 items
05-10 03:22:37.898 27789 27835 I SCS@AiSearch user 0: (BaseCollector::AOSP_MP) Collect finished. Result: true
05-10 03:22:37.900 27789 27835 I SCS@AiSearch user 0: (BaseCollector::AOSP_MP) enqueue ObserverWorker name: com.sec.android.app.myfiles, policy: APPEND_OR_REPLACE
05-10 03:22:37.901 27789 27832 I WM-WorkerWrapper: Worker result SUCCESS for Work [ id=24723442-f82a-485a-bcd3-78058b863ab2, tags={ com.sec.android.app.myfiles, com.samsung.android.scs.ai.search.data.collector.ObserverWorker } ]
05-10 03:22:37.942 27789 27789 I SCS@AiSearch user 0: (SearchProvider) onTrimMemory(): 40
05-10 03:22:37.962 23197 23221 I PerfettoCapture: /sys/kernel/tracing/tracing_on = 1, polled 0 times, capture fully started
05-10 03:22:37.964 23197 23221 D Benchmark: Set 23221 (Bench thread) to priority -20. Was -8, now -20
05-10 03:22:37.964 23197 23221 D Benchmark: Set 23206 (Jit) to priority -15. Was 9, now -15
05-10 03:22:37.967  5679  8514 D PackageManager: setEnabledSetting : userId = 0 packageName = com.samsung.android.scs cmp = androidx.work.impl.background.systemalarm.RescheduleReceiver newState = 1 callingPackage = 10380/com.samsung.android.scs
05-10 03:22:37.969  5679  8514 D ApplicationPolicy: getApplicationStateEnabled : pkg = com.samsung.android.scs userId : 0
05-10 03:22:37.970  5679  8514 D ApplicationPolicy: getApplicationComponentState : pkg = com.samsung.android.scs userId : 0
05-10 03:22:37.987  5679  7439 D SemWifiUsabilityStatsMonitor: onWifiUsabilityStats - seqNum 11682, isSameBssidAndFreq true
05-10 03:22:37.990  5679  6237 I SemWifiLinkQualityMonitor: Link Qos Query: 0.018 ms / 433.000 Mbps (433 / 0.000 / 1.000)
05-10 03:22:38.000 23197 23221 I _benchmark.test: Explicit concurrent copying GC freed 13635(894KB) AllocSpace objects, 1(20KB) LOS objects, 67% free, 3008KB/9152KB, paused 280us,121us total 35.229ms
05-10 03:22:40.558  5345  5345 I SurfaceFlinger: SFWD update time=153945954490159
05-10 03:22:41.032  5679  7439 D SemWifiUsabilityStatsMonitor: onWifiUsabilityStats - seqNum 11683, isSameBssidAndFreq true
05-10 03:22:41.035  5679  6237 I SemWifiLinkQualityMonitor: Link Qos Query: 0.018 ms / 433.000 Mbps (433 / 0.000 / 1.000)
05-10 03:22:41.039  6397  6397 D NetworkController.WifiSignalController: notifyListener: visible=true, connected=true, inetCondition=1, isDefault=true, wifiTestReported=true, receivedInetCondition=-1, hideDuringMobileSwitching=false
05-10 03:22:41.044  6397  6497 D Tile.WifiTile: handleUpdateState isTransient=false transientEnabling =false cb.isTransient=false state.state = 2 mStateBeforeClick.value =false enabled =true
05-10 03:22:42.937 10477 10553 I BluetoothAdapter: STATE_ON
05-10 03:22:42.950 10477 10553 D BluetoothGatt: connect() - device: 645DF4_1, auto: false
05-10 03:22:42.950 10477 10553 D BluetoothGatt: registerApp()
05-10 03:22:42.951 10477 10553 D BluetoothGatt: registerApp() - UUID=9cbe08c6-bcd3-4d88-926c-2d1161d2e02a
05-10 03:22:42.960  6747  9462 D BtGatt.GattService: registerClient(com.google.android.googlequicksearchbox) - UUID=9cbe08c6-bcd3-4d88-926c-2d1161d2e02a
05-10 03:22:42.966  6747  9462 D BtGatt.ContextMap: add() - appUid: 10233, appPid: 10477, appName: com.google.android.googlequicksearchbox
05-10 03:22:42.972 10477 10553 I GattConnObserver: GATT connect started, beginning countdown timer
05-10 03:22:42.972  6747  7221 W bt_bta_gattc: bta_gattc_register :: state: 2, uuid=9cbe08c6-bcd3-4d88-926c-2d1161d2e02a
05-10 03:22:42.974  6747  7221 W bt_bta_gattc: Registered GATT client interface 6 with uuid=9cbe08c6-bcd3-4d88-926c-2d1161d2e02a, starting it on main thread
05-10 03:22:42.974  6747  6888 D BtGatt.GattService: onClientRegistered() - UUID=9cbe08c6-bcd3-4d88-926c-2d1161d2e02a, clientIf=6
05-10 03:22:42.975  6747  7221 W bt_bta_gattc: client_if=6
05-10 03:22:42.980 10477 11319 D BluetoothGatt: onClientRegistered() - status=0 clientIf=6
05-10 03:22:42.993  6747  9462 D BtGatt.GattService: clientConnect(com.google.android.googlequicksearchbox) - address = 645DF4_1, isDirect=true transport =2 set own addr = false own addr type:0, clientIf: 6, opportunistic=false, phy: 1
05-10 03:22:42.997  6747  7221 W bt_btm_ble: BTM_SecAddBleDevice :: dev_type=0x3
05-10 03:22:42.998  6747  7221 W bt_bta_gattc: bta_gattc_process_api_open
05-10 03:22:42.999  6747  7221 I bt_stack: [INFO:bta_gattc_main.cc(314)] bta_gattc_sm_execute: State 0x00, Event 0x1f00
05-10 03:22:43.001  6747  7221 W bt_bta_gattc: bta_gattc_open
05-10 03:22:43.003  6747  7221 W bt_stack: [WARNING:gatt_api.cc(1238)] GATT_Connect
05-10 03:22:43.005  6747  7221 W bt_stack: Starting direct connect gatt_if=6 address=645df4
05-10 03:22:43.005  6747  7221 W bt_stack: gatt_act_connect
05-10 03:22:43.007  6747  7221 I bt_stack: [INFO:gatt_attr.cc(886)] gatt_sr_init_cl_status: bda=645df4, cl_supp_feat=0000, aware=1
05-10 03:22:43.009  6747  7221 W bt_stack: gatt_connect
05-10 03:22:43.009  6747  7221 W bt_stack: gatt_connect :: call acl_create_le_connection_with_id
05-10 03:22:43.010  6747  7221 W btm_acl : Creating le direct connection to:xx:xx:xx:xx:b3:b1[public]
05-10 03:22:43.010  6747  7221 W bt_stack: AcceptLeConnectionFrom xx:xx:xx:xx:b3:b1
05-10 03:22:43.011  6747  7178 W bt_stack: Allow Le connection from remote:xx:xx:xx:xx:b3:b1[PUBLIC_DEVICE_ADDRESS]
05-10 03:22:43.012  6747  7178 W bt_stack: create_le_connection :: address : 64:5d:f4, add_to_connect_list : 1, is_direct : 1
05-10 03:22:43.012  6747  7178 W bt_stack: add_device_to_connect_list 64:5d:f4 :: Send command after register
05-10 03:22:43.012  6747  7178 W bt_stack: add_device_to_connect_list :: Device is found in security db(64:5d:f4 -> 645df4)
05-10 03:22:43.012  6747  7178 W bt_stack: add_device_to_connect_list :: set address_with_type as identity_addr
05-10 03:22:43.012  6747  7178 W bt_stack: Fast Connection Mode is already Set!!!
05-10 03:22:43.013  6747  7178 W bt_stack: Deferred until filter accept list has completed
05-10 03:22:43.013  6747  7178 W bt_stack: pause_registered_clients()
05-10 03:22:43.013  6747  7178 W bt_stack: le_impl :: OnPause()
05-10 03:22:43.013  6747  7178 W bt_stack: le_impl :: ConnectabilityState is DISARMED. Call AckPause()
05-10 03:22:43.013  6747  7178 W bt_stack: le_scanning_manager :: OnPause()
05-10 03:22:43.013  6747  7178 W bt_stack: Stop LeSetScanEnable
05-10 03:22:43.013  6747  7178 W bt_stack: le_scanning_manager :: OnPause() - call AckPause
05-10 03:22:43.013  6747  7178 W bt_stack: pause_registered_clients()
05-10 03:22:43.016  6747  7178 W bt_stack: le_address_manager :: ack_pause()
05-10 03:22:43.016  6747  7178 W bt_stack: le_address_manager :: ack_pause() - make sure all client paused. Return
05-10 03:22:43.016  6747  7178 W bt_stack: le_address_manager :: ack_pause()
05-10 03:22:43.016  6747  7178 W bt_stack: le_address_manager :: ack_pause() - handle_next_command
05-10 03:22:43.016  6747  7178 W bt_stack: handle_next_command()
05-10 03:22:43.020  6747  7178 W bt_stack: Received command complete with op_code LE_ADD_DEVICE_TO_FILTER_ACCEPT_LIST
05-10 03:22:43.020  6747  7178 W bt_stack: handle_next_command()
05-10 03:22:43.024  6747  7178 W bt_stack: Received command complete with op_code LE_ADD_DEVICE_TO_FILTER_ACCEPT_LIST
05-10 03:22:43.024  6747  7178 W bt_stack: le_impl :: OnResume()
05-10 03:22:43.024  6747  7178 W bt_stack: le_impl :: OnResume - Try arm connectability
05-10 03:22:43.024  6747  7178 W bt_stack: arm_connectability()
05-10 03:22:43.027  6747  7178 W bt_stack: le_impl :: check_for_unregister()
05-10 03:22:43.027  6747  7178 W bt_stack: le_scanning_manager :: OnResume()
05-10 03:22:43.027  6747  7178 W bt_stack: Start LeSetScan
05-10 03:22:43.027  6747  7178 W bt_stack: le_scanning_manager :: OnResume() - call AckResume
05-10 03:22:43.027  6747  7178 W bt_stack: le_address_manager :: ack_resume()
05-10 03:22:43.028  6747  7178 W bt_stack: le_address_manager :: ack_resume()
05-10 03:22:43.029  6747  7178 E bt_stack: on_create_connection :: Command status is success. Set ConnectabilityState to ARMED
05-10 03:22:44.063  5679  7439 D SemWifiUsabilityStatsMonitor: onWifiUsabilityStats - seqNum 11684, isSameBssidAndFreq true
05-10 03:22:44.068  5679  6237 I SemWifiLinkQualityMonitor: Link Qos Query: 0.018 ms / 433.000 Mbps (433 / 0.000 / 1.000)
05-10 03:22:45.269  5679 30621 D TrafficStats: tagSocket(794) with statsTag=0xffffffff, statsUid=-1
05-10 03:22:45.475  5679 30621 D WifiConnectivityMonitor.DnsThread:  [|207]
05-10 03:22:45.476  5679  6269 D WifiConnectivityMonitor.NetworkStatsAnalyzer: DNS resultType : 0, responseTime : 207
05-10 03:22:45.477  5679  6262 D OpenNetworkQos[4.00]: updateBssidLatestDnsResultType - result: 0
05-10 03:22:45.477  5679  6262 D OpenNetworkQos[4.00]: updateBssidNoInternet: mBssidNoInternet = false
05-10 03:22:45.477  5679  6262 D OpenNetworkQos[4.00]: getOpenNetworkQosNoInternetStatus: false
05-10 03:22:45.477  5679  6262 D OpenNetworkQos[4.00]: getOpenNetworkQosScores: 26 26 19
05-10 03:22:45.478  5679  6262 I WifiProfileShare: network QoS data was changed (internet), updateQoSData networkType: true, qosData: false
05-10 03:22:45.479  5679  7326 V WifiProfileShare.Caster: update wips network, size: 0
05-10 03:22:45.479  5679  7326 D WifiProfileShare: nearby scanning settings run
05-10 03:22:45.479  5679  7326 D WifiProfileShare: network score provider settings enabled
05-10 03:22:45.480  5679  7326 D OpenNetworkQos[4.00]: getOpenNetworkQosScores: 26 26 19
05-10 03:22:45.480  5679  7326 D OpenNetworkQos[4.00]: getOpenNetworkQosNoInternetStatus: false
05-10 03:22:45.480  5679  7326 I WifiProfileShare.Caster: current network type: 0, score: [26, 26, 19]
05-10 03:22:45.481  5679  7326 V WifiProfileShare.Cache: update network score 00:e4:06:**:**:90
05-10 03:22:45.481  5679  7326 D WifiProfileShare.ScanMatcher: getMcfDataList size:2
05-10 03:22:45.481  5679  7326 I WifiProfileShare.Caster: qos data was updated , before:type:QOS, pBssid:51:2e:90, qosData:7b after:type:QOS, pBssid:51:2e:90, qosData:7b
05-10 03:22:45.484  5679  7326 I [MCFSDK_android_1.2.4010]_4_b: isNetworkEnabled - type : 1 ret : true
05-10 03:22:45.484  5679  7326 D WifiProfileShare.McfCast: -ME--- mIsNetworkEnabled :true
05-10 03:22:45.484  5679  7326 D WifiProfileShare.McfCast: updateQoSData ignored, same contents
05-10 03:22:45.484  5679  7326 D WifiProfileShare.MCF: success update QosData !
05-10 03:22:45.485  5679  7326 I [MCFSDK_android_1.2.4010]_4_b: isNetworkEnabled - type : 1 ret : true
05-10 03:22:45.485  5679  7326 D WifiProfileShare.McfCast: -ME--- mIsNetworkEnabled :true
05-10 03:22:45.486  5679  7326 D WifiProfileShare.McfCast: -ME--- updatePasswordDate pwdData size:2
05-10 03:22:45.563  5260  5260 E audit   : type=1400 audit(1683681765.559:98992): avc:  denied  { getattr } for  pid=5679 comm="BinderProcsColl" path="/sys/kernel/debug/binder/proc/5679" dev="debugfs" ino=30009 scontext=u:r:system_server:s0 tcontext=u:object_r:sec_debugfs:s0 tclass=file permissive=0 SEPF_SM-A515F_13_0001 audit_filtered
05-10 03:22:45.563  5260  5260 E audit   : type=1300 audit(1683681765.559:98992): arch=c00000b7 syscall=79 success=no exit=-13 a0=ffffff9c a1=71afd1fea0 a2=715e9d6680 a3=0 items=0 ppid=5285 pid=5679 auid=4294967295 uid=1000 gid=1000 euid=1000 suid=1000 fsuid=1000 egid=1000 sgid=1000 fsgid=1000 tty=(none) ses=4294967295 comm="BinderProcsColl" exe="/system/bin/app_process64" subj=u:r:system_server:s0 key=(null)
05-10 03:22:45.563  5260  5260 E audit   : type=1327 audit(1683681765.559:98992): proctitle="system_server"
05-10 03:22:45.711  5679  6193 I ChimeraAggressivePolicyHandler: executePolicy() - triggerSource: TRIGGER_SOURCE_LMKD
05-10 03:22:45.714  5679  6193 I ChimeraAggressivePolicyHandler: available memory: 931688, free memory target: 870400, quit chimera
05-10 03:22:47.098  5679  7439 D SemWifiUsabilityStatsMonitor: onWifiUsabilityStats - seqNum 11685, isSameBssidAndFreq true
05-10 03:22:47.101  5679  6237 I SemWifiLinkQualityMonitor: Link Qos Query: 0.031 ms / 259.800 Mbps (433 / 0.000 / 1.667)
05-10 03:22:47.103  6397  6397 D NetworkController.WifiSignalController: notifyListener: visible=true, connected=true, inetCondition=1, isDefault=true, wifiTestReported=true, receivedInetCondition=-1, hideDuringMobileSwitching=false
05-10 03:22:47.107  6397  6497 D Tile.WifiTile: handleUpdateState isTransient=false transientEnabling =false cb.isTransient=false state.state = 2 mStateBeforeClick.value =false enabled =true
05-10 03:22:47.241  5679  5748 W libprocessgroup: Failed to open /dev/blkio//cgroup.procs: No such file or directory
05-10 03:22:47.975 10477 10477 W GattConnObserver: GATT connect timeout!
05-10 03:22:47.976 10477 10477 D BluetoothGatt: cancelOpen() - device: 645DF4_1
05-10 03:22:47.995  6747  9462 D BtGatt.GattService: clientDisconnect(com.google.android.googlequicksearchbox) - address=645DF4_1, connId=null, clientIf: 6
05-10 03:22:48.000  6747  7221 W bt_bta_gattc: bta_gattc_process_api_open_cancel
05-10 03:22:48.000  6747  7221 W bt_bta_gattc: Cancel GATT client direct connection
05-10 03:22:48.000  6747  7221 I bt_stack: [INFO:bta_gattc_main.cc(314)] bta_gattc_sm_execute: State 0x01, Event 0x1f02
05-10 03:22:48.000  6747  7221 W bt_bta_gattc: bta_gattc_cancel_open
05-10 03:22:48.000  6747  7221 W bt_stack: [WARNING:gatt_api.cc(1322)] GATT_CancelConnect: gatt_if:6, address: 645df4, direct:1
05-10 03:22:48.003  6747  7221 W bt_stack: gatt_disconnect
05-10 03:22:48.003  6747  7221 W bt_stack: Unable to find background connection to remove
05-10 03:22:48.003  6747  7221 W bt_stack: BTM_AcceptlistRemove
05-10 03:22:48.003  6747  7221 W bt_stack: IgnoreLeConnectionFrom xx:xx:xx:xx:b3:b1
05-10 03:22:48.003  6747  7221 W gatt_utils: gatt_cleanup_upon_disc
05-10 03:22:48.003  6747  7221 W gatt_utils: gatt_cleanup_upon_disc :: GATT_CH_CLOSE
05-10 03:22:48.003  6747  7178 W bt_stack: Ignore Le connection from remote:xx:xx:xx:xx:b3:b1[PUBLIC_DEVICE_ADDRESS]
05-10 03:22:48.004  6747  7221 W bt_stack: Unable to find background connection to remove
05-10 03:22:48.004  6747  7178 W bt_stack: cancel_connection_and_remove_device_from_background_connection_list 64:5d:f4
05-10 03:22:48.004  6747  7178 W bt_stack: remove_device_from_background_connection_list 64:5d:f4
05-10 03:22:48.004  6747  7178 W bt_stack: cancel_connect 64:5d:f4
05-10 03:22:48.004  6747  7221 I bt_stack: [INFO:bta_gattc_main.cc(314)] bta_gattc_sm_execute: State 0x01, Event 0x1f03
05-10 03:22:48.004  6747  7178 W bt_stack: remove_device_from_connect_list 64:5d:f4 :: Send command after register
05-10 03:22:48.004  6747  7178 W bt_stack: remove_device_from_connect_list :: Device is found in security db(64:5d:f4 -> 645df4)
05-10 03:22:48.004  6747  7178 W bt_stack: remove_device_from_connect_list :: set address_with_type as identity_addr
05-10 03:22:48.004  6747  7221 W bt_bta_gattc: bta_gattc_cancel_open_ok
05-10 03:22:48.004  6747  7178 W bt_stack: pause_registered_clients()
05-10 03:22:48.004  6747  7178 W bt_stack: le_impl :: OnPause()
05-10 03:22:48.004  6747  7178 W bt_stack: le_impl :: Try to disarm connectability
05-10 03:22:48.004  6747  7178 W bt_stack: disarm_connectability()
05-10 03:22:48.004  6747  7178 W bt_stack: Pause Background Connection
05-10 03:22:48.004  6747  7178 W bt_stack: le_scanning_manager :: OnPause()
05-10 03:22:48.005  6747  7178 W bt_stack: Stop LeSetScanEnable
05-10 03:22:48.005  6747  7178 W bt_stack: le_scanning_manager :: OnPause() - call AckPause
05-10 03:22:48.005  6747  7178 W bt_stack: pause_registered_clients()
05-10 03:22:48.005  6747  7221 W bt_bta_gattc: bta_gattc_process_api_open_cancel
05-10 03:22:48.005  6747  7221 W bt_bta_gattc: Cancel GATT client background connection
05-10 03:22:48.005  6747  7221 W bt_bta_gattc: bta_gattc_cancel_bk_conn
05-10 03:22:48.005  6747  7221 E bt_stack: [ERROR:bta_gattc_utils.cc(447)] bta_gattc_mark_bg_conn unable to find the bg connection mask for bd_addr=645df4
05-10 03:22:48.005  6747  7221 E bta_gattc_main: Ignore unknown conn ID: 3
05-10 03:22:48.005  6747  7221 E bta_gattc_main: Ignore unknown conn ID: 4
05-10 03:22:48.006  6747  7178 W bt_stack: le_address_manager :: ack_pause()
05-10 03:22:48.006  6747  7178 W bt_stack: le_address_manager :: ack_pause() - make sure all client paused. Return
05-10 03:22:48.006  6747  7221 E bta_gattc_main: Ignore unknown conn ID: 5
05-10 03:22:48.006  6747  7221 E bta_gattc_main: Ignore unknown conn ID: 6
05-10 03:22:48.009  6747  7178 W bt_stack: on_le_enhanced_connection_complete()
05-10 03:22:48.010  6747  7178 W bt_stack: on_le_enhanced_connection_complete :: Role is central. Set connectability to DISARMED
05-10 03:22:48.010  6747  7178 W bt_stack: on_le_enhanced_connection_complete :: pause_connection : 1
05-10 03:22:48.010  6747  7178 W bt_stack: on_le_connection_canceled_on_pause(). Set connectability to DISARMED
05-10 03:22:48.010  6747  7178 W bt_stack: le_address_manager :: ack_pause()
05-10 03:22:48.010  6747  7178 W bt_stack: le_address_manager :: ack_pause() - handle_next_command
05-10 03:22:48.010  6747  7178 W bt_stack: handle_next_command()
05-10 03:22:48.012 10477 10557 I BistoGattHelper: (REDACTED) [%s] GATT disconnected
05-10 03:22:48.013  6747  7178 W bt_stack: Received command complete with op_code LE_REMOVE_DEVICE_FROM_FILTER_ACCEPT_LIST
05-10 03:22:48.013  6747  7178 W bt_stack: handle_next_command()
05-10 03:22:48.014  6747  7178 W bt_stack: Received command complete with op_code LE_REMOVE_DEVICE_FROM_FILTER_ACCEPT_LIST
05-10 03:22:48.014  6747  7178 W bt_stack: le_impl :: OnResume()
05-10 03:22:48.015  6747  7178 W bt_stack: le_impl :: OnResume - Try arm connectability
05-10 03:22:48.015  6747  7178 W bt_stack: arm_connectability()
05-10 03:22:48.015  6747  7178 W bt_stack: le_impl :: check_for_unregister()
05-10 03:22:48.015  6747  7178 W bt_stack: le_scanning_manager :: OnResume()
05-10 03:22:48.015  6747  7178 W bt_stack: Start LeSetScan
05-10 03:22:48.015  6747  7178 W bt_stack: le_scanning_manager :: OnResume() - call AckResume
05-10 03:22:48.015  6747  7178 W bt_stack: le_address_manager :: ack_resume()
05-10 03:22:48.015  6747  7178 W bt_stack: le_address_manager :: ack_resume()
05-10 03:22:48.017 10477 10557 I RemotePeerStateCommunicator: (REDACTED) RemotePeerStateCommunicator scheduling message : %d, action: %s, device id : %s
05-10 03:22:48.023 10477 10557 I BistoGattHelper: (REDACTED) [%s] close
05-10 03:22:48.030 10477 10557 I BistoGattHelper: (REDACTED) [%s] executeNextShutdownOperation
05-10 03:22:48.030 10477 10557 D BluetoothGatt: close()
05-10 03:22:48.037 10477 10557 D BluetoothGatt: unregisterApp() - mClientIf=6
05-10 03:22:48.041  6747  9462 D BtGatt.GattService: unregisterClient(com.google.android.googlequicksearchbox) - clientIf=6
05-10 03:22:48.042  6747  9462 D BtGatt.ContextMap: remove() - id: 6
05-10 03:22:48.042  6747  9462 E BtGatt.ContextMap: remove() - removed: 6
05-10 03:22:48.043  6747  7221 W bt_bta_gattc: bta_gattc_deregister
05-10 03:22:48.043  6747  7221 I bt_stack: [INFO:gatt_api.cc(1111)] GATT_Deregister gatt_if=6
05-10 03:22:48.043  6747  7221 W bt_stack: on_app_deregistered :: app_id=6
05-10 03:22:48.043  6747  7221 I bt_stack: [INFO:gatt_api.cc(1164)] Initialize tGATT_REG
05-10 03:22:48.049 10477 10557 I BistoGattHelper: (REDACTED) [%s] GATT released
05-10 03:22:48.049 10477 10557 I BistoGattHelper: (REDACTED) [%s] close
05-10 03:22:48.050 10477 10557 I BistoGattHelper: (REDACTED) [%s] executeNextShutdownOperation
05-10 03:22:48.066 10477 10557 E GmuTls  : You must initialize the system with proper values before handshake
05-10 03:22:48.946 16258 30624 I GmscoreIpa: Starting mediastore instant index [CONTEXT service_id=255 ]
05-10 03:22:50.142  5679  7439 D SemWifiUsabilityStatsMonitor: onWifiUsabilityStats - seqNum 11686, isSameBssidAndFreq true
05-10 03:22:50.147  6397  6397 D NetworkController.WifiSignalController: notifyListener: visible=true, connected=true, inetCondition=1, isDefault=true, wifiTestReported=true, receivedInetCondition=-1, hideDuringMobileSwitching=false
05-10 03:22:50.150  6397  6497 D Tile.WifiTile: handleUpdateState isTransient=false transientEnabling =false cb.isTransient=false state.state = 2 mStateBeforeClick.value =false enabled =true
05-10 03:22:50.150  5679  6237 I SemWifiLinkQualityMonitor: Link Qos Query: 0.031 ms / 259.800 Mbps (433 / 0.000 / 1.667)
05-10 03:22:52.333 30196 30196 D BoundBrokerSvc: onUnbind: Intent { act=com.google.android.gms.scheduler.ACTION_PROXY_SCHEDULE dat=chimera-action:/... cmp=com.google.android.gms/.chimera.PersistentApiService }
05-10 03:22:53.051 10477 10558 W BistoGattHelper: (REDACTED) [%s] GATT already released after un-subscribing, doing nothing.
05-10 03:22:53.192  5679  7439 D SemWifiUsabilityStatsMonitor: onWifiUsabilityStats - seqNum 11687, isSameBssidAndFreq true
05-10 03:22:53.195  5679  6237 I SemWifiLinkQualityMonitor: Link Qos Query: 0.037 ms / 216.500 Mbps (433 / 0.000 / 2.000)
05-10 03:22:53.195  6397  6397 D NetworkController.WifiSignalController: notifyListener: visible=true, connected=true, inetCondition=1, isDefault=true, wifiTestReported=true, receivedInetCondition=-1, hideDuringMobileSwitching=false
05-10 03:22:53.199  6397  6497 D Tile.WifiTile: handleUpdateState isTransient=false transientEnabling =false cb.isTransient=false state.state = 2 mStateBeforeClick.value =false enabled =true
05-10 03:22:53.724  5679  6193 I ChimeraAggressivePolicyHandler: executePolicy() - triggerSource: TRIGGER_SOURCE_LMKD
05-10 03:22:53.726  5679  6193 I ChimeraAggressivePolicyHandler: available memory: 914072, free memory target: 870400, quit chimera
05-10 03:22:53.754  4387  4387 I lmkd    : cached 1, sandbox(not0) 0
05-10 03:22:53.762  6747  7178 W bt_stack: pause_registered_clients()
05-10 03:22:53.762  6747  7178 W bt_stack: le_impl :: OnPause()
05-10 03:22:53.762  6747  7178 W bt_stack: le_impl :: ConnectabilityState is DISARMED. Call AckPause()
05-10 03:22:53.762  6747  7178 W bt_stack: le_scanning_manager :: OnPause()
05-10 03:22:53.762  6747  7178 W bt_stack: Stop LeSetScanEnable
05-10 03:22:53.762  6747  7178 W bt_stack: le_scanning_manager :: OnPause() - call AckPause
05-10 03:22:53.762  6747  7178 W bt_stack: le_address_manager :: ack_pause()
05-10 03:22:53.762  6747  7178 W bt_stack: le_address_manager :: ack_pause() - make sure all client paused. Return
05-10 03:22:53.763  6747  7178 W bt_stack: le_address_manager :: ack_pause()
05-10 03:22:53.763  6747  7178 W bt_stack: le_address_manager :: ack_pause() - handle_next_command
05-10 03:22:53.763  6747  7178 W bt_stack: handle_next_command()
05-10 03:22:53.766  4387  4387 I lmkd    : Reclaim 'com.linkedin.android' (29624), uid 10006, oom_score_adj 965, state 19 to free 96280kB rss, 28412kb swap
05-10 03:22:53.767  4387  4387 I lmkd    : Reclaimed 124692kB at oom_score_adj 850
05-10 03:22:53.778  6747  7178 W bt_stack: Received command complete with op_code LE_SET_RANDOM_ADDRESS
05-10 03:22:53.778  6747  7178 W bt_stack: le_impl :: OnResume()
05-10 03:22:53.778  6747  7178 W bt_stack: le_impl :: check_for_unregister()
05-10 03:22:53.778  6747  7178 W bt_stack: le_scanning_manager :: OnResume()
05-10 03:22:53.778  6747  7178 W bt_stack: Start LeSetScan
05-10 03:22:53.778  6747  7178 W bt_stack: le_scanning_manager :: OnResume() - call AckResume
05-10 03:22:53.778  6747  7178 W bt_stack: le_address_manager :: ack_resume()
05-10 03:22:53.779  6747  7178 W bt_stack: le_address_manager :: ack_resume()
05-10 03:22:53.821  5679  5877 D ConnectivityService: ConnectivityService NetworkRequestInfo binderDied(uid/pid:10006/29624, [NetworkRequest [ REQUEST id=18804, [ Capabilities: INTERNET&NOT_RESTRICTED&TRUSTED&NOT_VCN_MANAGED Uid: 10006 RequestorUid: 10006 RequestorPkg: com.linkedin.android UnderlyingNetworks: Null] ]], android.os.BinderProxy@7f1b60f)
05-10 03:22:53.821  5679  6473 D ConnectivityService: ConnectivityService NetworkRequestInfo binderDied(uid/pid:10006/29624, [NetworkRequest [ REQUEST id=18802, [ Capabilities: INTERNET&NOT_RESTRICTED&TRUSTED&NOT_VCN_MANAGED Uid: 10006 RequestorUid: 10006 RequestorPkg: com.linkedin.android UnderlyingNetworks: Null] ]], android.os.BinderProxy@102c8a5)
05-10 03:22:53.821  5679  6088 D ConnectivityService: releasing NetworkRequest [ REQUEST id=18804, [ Capabilities: INTERNET&NOT_RESTRICTED&TRUSTED&NOT_VCN_MANAGED Uid: 10006 RequestorUid: 10006 RequestorPkg: com.linkedin.android UnderlyingNetworks: Null] ] (release request)
05-10 03:22:53.822  5679  8515 D ConnectivityService: ConnectivityService NetworkRequestInfo binderDied(uid/pid:10006/29624, [NetworkRequest [ LISTEN id=18805, [ Capabilities: INTERNET&NOT_RESTRICTED&TRUSTED&FOREGROUND&NOT_VCN_MANAGED Uid: 10006 RequestorUid: 10006 RequestorPkg: com.linkedin.android UnderlyingNetworks: Null] ]], android.os.BinderProxy@5fd469c)
05-10 03:22:53.822  5679  6088 D ConnectivityService:  Removing from current network [112 WIFI], leaving 155 requests.
05-10 03:22:53.822  5679  6088 D ConnectivityService: releasing NetworkRequest [ REQUEST id=18802, [ Capabilities: INTERNET&NOT_RESTRICTED&TRUSTED&NOT_VCN_MANAGED Uid: 10006 RequestorUid: 10006 RequestorPkg: com.linkedin.android UnderlyingNetworks: Null] ] (release request)
05-10 03:22:53.823  5679  6088 D ConnectivityService:  Removing from current network [112 WIFI], leaving 154 requests.
05-10 03:22:53.823  5285  5285 I Zygote  : Process 29624 exited due to signal 9 (Killed)
05-10 03:22:53.848  5679  5746 I libprocessgroup: Successfully killed process cgroup uid 10006 pid 29624 in 1ms
05-10 03:22:55.985 29103 29103 I [AUTHFW][PASS]AuthFwApp: otlv80
05-10 03:22:55.987 27789 27789 I SCS@AiSearch user 0: (SearchProvider) onTrimMemory(): 60
05-10 03:22:56.235  5679  7439 D SemWifiUsabilityStatsMonitor: onWifiUsabilityStats - seqNum 11688, isSameBssidAndFreq true
05-10 03:22:56.239  5679  6237 I SemWifiLinkQualityMonitor: Link Qos Query: 0.037 ms / 216.500 Mbps (433 / 0.000 / 2.000)
05-10 03:22:56.240  6397  6397 D NetworkController.WifiSignalController: notifyListener: visible=true, connected=true, inetCondition=1, isDefault=true, wifiTestReported=true, receivedInetCondition=-1, hideDuringMobileSwitching=false
05-10 03:22:56.243  6397  6497 D Tile.WifiTile: handleUpdateState isTransient=false transientEnabling =false cb.isTransient=false state.state = 2 mStateBeforeClick.value =false enabled =true
05-10 03:22:59.274  5679  7439 D SemWifiUsabilityStatsMonitor: onWifiUsabilityStats - seqNum 11689, isSameBssidAndFreq true
05-10 03:22:59.278  5679  6237 I SemWifiLinkQualityMonitor: Link Qos Query: 0.018 ms / 433.000 Mbps (433 / 0.000 / 1.000)
05-10 03:22:59.281  6397  6397 D NetworkController.WifiSignalController: notifyListener: visible=true, connected=true, inetCondition=1, isDefault=true, wifiTestReported=true, receivedInetCondition=-1, hideDuringMobileSwitching=false
05-10 03:22:59.282  6397  6497 D Tile.WifiTile: handleUpdateState isTransient=false transientEnabling =false cb.isTransient=false state.state = 2 mStateBeforeClick.value =false enabled =true
05-10 03:23:00.010  6397  6397 D KeyguardUpdateMonitor: received broadcast android.intent.action.TIME_TICK
05-10 03:23:00.011  6397  6397 D KeyguardUpdateMonitor: handleTimeUpdate
05-10 03:23:00.014  6397  6397 D FaceWidgetPagesController: onTimeChanged()
05-10 03:23:00.015  6397  7006 D QSClockBellTower: onReceive(android.intent.action.TIME_TICK) mTimeZoneString:null
05-10 03:23:00.069  6397  6397 D QSClockBellTower: He is ready to ring the bell. (((QSClockBellSound - TimeText:03:23, TimeContentDescription:03:23, DateText:Wed, 10 May, ShortDateText:Wed, 10 May, Demo:false, QuickStar-Second(false|12:34:56))))
05-10 03:23:00.071  6397  6397 D QSClockIndicatorView: Home Indicator status_bar_clock 03:23 notifyTimeChanged(QSClockBellSound - TimeText:03:23, TimeContentDescription:03:23, DateText:Wed, 10 May, ShortDateText:Wed, 10 May, Demo:false, QuickStar-Second(false|12:34:56)) ClockVisibleByPolicy:true, ClockVisibleByUser:true, visible?false, parent:android.widget.LinearLayout{ebb6f9 V.E...... ......I. 0,0-0,55 #7f0b04f0 app:id/left_clock_container}
05-10 03:23:00.072  6397  6397 D QSClockBellTower: Everyone heard the bell. run(currentTime:1683681780066,   getTime():Wed May 10 03:23:00 GMT+02:00 2023,   getTimeZone():libcore.util.ZoneInfo[mDstSavings=3600000,mUseDst=true,mDelegate=[id="Europe/Belgrade",mRawOffset=3600000,mEarliestRawOffset=4920000,transitions=119]])
05-10 03:23:00.084  6397  6397 I FaceWidgetPositionAlgorithm: getClockContainerHeight() supplier = 270, bottom margin = 0, real height = 333
05-10 03:23:00.085  6397  6397 I FaceWidgetPositionAlgorithm: getClockContainerHeight() supplier = 270, bottom margin = 63, real height = 333
05-10 03:23:00.085  6397  6397 I FaceWidgetPositionAlgorithm: getMediaContainerHeight() height = 0 container Visibility = 8, isValid = false, mIsDozing = false, fraction = 1.0, source = 0, target = 0
05-10 03:23:00.085  6397  6397 I FaceWidgetPositionAlgorithm: getMediaContainerHeight() supplier = 0
05-10 03:23:00.087  6397  6397 V QsExpandAnimator: setQsExpansionPosition 0.0
05-10 03:23:00.102  6397  6397 V QsExpandAnimator: updateAnimators
05-10 03:23:00.102  6397  6397 V QsExpandAnimator: clearAnimationState
05-10 03:23:00.103  6397  6397 V QsExpandAnimator: updateViews
05-10 03:23:00.108  6397  6397 V QsExpandAnimator: updateTileAnimator
05-10 03:23:00.111  6397  6397 V QsExpandAnimator: updateHeaderAnimator
05-10 03:23:00.112  6397  6397 V QsExpandAnimator: updateBarAnimator
05-10 03:23:00.113  6397  6397 V QsExpandAnimator: setQsExpansionPosition 0.0
05-10 03:23:00.113  6397  6397 V QsExpandAnimator: onAnimationAtStart
05-10 03:23:01.620 23197 23221 D Benchmark: timeNs[ 0:10]: 291576500 282578922 294207115 299828615 309863615 298082422 296448808 298660731 295244231 305223039
05-10 03:23:01.620 23197 23221 D Benchmark: timeNs[10:20]: 306480385 301748807 302900615 307589808 310467769 293524539 306292077 296293462 309145923 317923307
05-10 03:23:01.620 23197 23221 D Benchmark: timeNs[20:30]: 306357538 299785500 280400692 276432577 284708153 285824846 285391077 289718308 294534731 280213038
05-10 03:23:01.620 23197 23221 D Benchmark: timeNs[30:40]: 287825769 280465769 278006961 275660808 290705307 279699115 271956577 284164885 291797922 280329077
05-10 03:23:01.620 23197 23221 D Benchmark: timeNs[40:50]: 283442038 272537808 278245231 286009769 269914461 273593269 286745423 281407922 286893731 277673577
05-10 03:23:02.288 23197 23221 W _benchmark.test: Suspending all threads took: 10.935ms
05-10 03:23:02.303  5679  7439 D SemWifiUsabilityStatsMonitor: onWifiUsabilityStats - seqNum 11690, isSameBssidAndFreq true
05-10 03:23:02.306  6397  6397 D NetworkController.WifiSignalController: notifyListener: visible=true, connected=true, inetCondition=1, isDefault=true, wifiTestReported=true, receivedInetCondition=-1, hideDuringMobileSwitching=false
05-10 03:23:02.308  6397  6497 D Tile.WifiTile: handleUpdateState isTransient=false transientEnabling =false cb.isTransient=false state.state = 2 mStateBeforeClick.value =false enabled =true
05-10 03:23:02.308  5679  6237 I SemWifiLinkQualityMonitor: Link Qos Query: 0.018 ms / 433.000 Mbps (433 / 0.000 / 1.000)
05-10 03:23:04.886 23197 23221 D Benchmark: allocationCount[ 0:10]: 8872471 8872462 8872468 8872473 8872470
05-10 03:23:04.886 23197 23221 D Benchmark: Set 23221 (Bench thread) to priority -8. Was -20, now -8
05-10 03:23:04.886 23197 23221 D Benchmark: Set 23206 (Jit) to priority 9. Was -15, now 9
05-10 03:23:04.886 23197 23221 D Benchmark: Warmup: t=9.091, iter=30, fastAvg=307940608, slowAvg=404897312
05-10 03:23:04.886 23197 23221 I PerfettoCapture: Stopping perfetto.
05-10 03:23:04.929 30593 30593 I perfetto:    perfetto_cmd.cc:1168 SIGINT/SIGTERM received: disabling tracing.
05-10 03:23:04.935 23197 23221 D Benchmark: kill -TERM command output -
05-10 03:23:04.949  5438  5438 I perfetto:  probes_producer.cc:396 Producer stop (id=221)
05-10 03:23:04.951  5438  5438 I perfetto:    ftrace_procfs.cc:342 disabled ftrace in /sys/kernel/tracing/
05-10 03:23:05.011  4389  4389 I hwservicemanager: getTransport: Cannot find entry android.hardware.atrace@1.0::IAtraceDevice/default in either framework or device VINTF manifest.
05-10 03:23:05.018  5438  5438 I perfetto:  probes_producer.cc:396 Producer stop (id=222)
05-10 03:23:05.019  5438  5438 I perfetto:  probes_producer.cc:396 Producer stop (id=223)
05-10 03:23:05.089 30593 30593 I perfetto:    perfetto_cmd.cc:1124 Trace written into the output file
05-10 03:23:05.113  5440  5440 I perfetto: ng_service_impl.cc:2426 Tracing session 56 ended, total sessions:0
05-10 03:23:05.341  5679  7439 D SemWifiUsabilityStatsMonitor: onWifiUsabilityStats - seqNum 11691, isSameBssidAndFreq true
05-10 03:23:05.353  5679  6237 I SemWifiLinkQualityMonitor: Link Qos Query: 0.037 ms / 216.500 Mbps (433 / 0.000 / 2.000)
05-10 03:23:05.353  6397  6397 D NetworkController.WifiSignalController: notifyListener: visible=true, connected=true, inetCondition=1, isDefault=true, wifiTestReported=true, receivedInetCondition=-1, hideDuringMobileSwitching=false
05-10 03:23:05.359  6397  6497 D Tile.WifiTile: handleUpdateState isTransient=false transientEnabling =false cb.isTransient=false state.state = 2 mStateBeforeClick.value =false enabled =true
05-10 03:23:05.559 23197 23221 D Benchmark: Waiting 500 ms for [ProcessPid(processName=perfetto, pid=30593)] to die
05-10 03:23:05.683 23197 23221 I PerfettoCapture: Writing to /storage/emulated/0/Android/data/org.jetbrains.android_benchmark.test/cache/Wolf3dBenchmark_valueFloat_2023-05-10-01-23-04.perfetto-trace.
05-10 03:23:06.062 23197 23221 D Benchmark: Copying /storage/emulated/0/Android/data/org.jetbrains.android_benchmark.test/cache/Wolf3dBenchmark_valueFloat_2023-05-10-01-23-04.perfetto-trace to /sdcard/Android/media/org.jetbrains.android_benchmark.test/additional_test_output/Wolf3dBenchmark_valueFloat_2023-05-10-01-23-04.perfetto-trace
05-10 03:23:06.113  8330 30483 W MediaProvider: isAppCloneUserPair for user 0: false
05-10 03:23:06.675  5322  5322 E sehhealth-service: Could not open /sys/class/power_supply/battery/lrp
05-10 03:23:06.730  5679  7432 D SyncManager: userId - 0 auto - true
05-10 03:23:06.852  5679  5748 W libprocessgroup: Failed to open /dev/blkio//cgroup.procs: No such file or directory
05-10 03:23:06.870 30196 30245 I NetworkScheduler.Stats: Task com.google.android.gms/com.google.android.gms.ipa.base.IpaGcmTaskService started execution. cause:9 exec_start_elapsed_seconds: 249971 [CONTEXT service_id=218 ]
05-10 03:23:06.886 30196 30196 D BoundBrokerSvc: onBind: Intent { act=com.google.android.gms.scheduler.ACTION_PROXY_SCHEDULE dat=chimera-action:/... cmp=com.google.android.gms/.chimera.PersistentApiService }
05-10 03:23:06.886 30196 30196 D BoundBrokerSvc: Loading bound service for intent: Intent { act=com.google.android.gms.scheduler.ACTION_PROXY_SCHEDULE dat=chimera-action:/... cmp=com.google.android.gms/.chimera.PersistentApiService }
05-10 03:23:06.890 30196 30566 I NetworkScheduler.Stats: Task com.google.android.gms/com.google.android.gms.ipa.base.IpaGcmTaskService finished executing. cause:9 result: 1 elapsed_millis: 72 uptime_millis: 71 exec_start_elapsed_seconds: 249971 [CONTEXT service_id=218 ]
05-10 03:23:06.908 27789 27789 I SCS@AiSearch user 0: (SearchProvider) onTrimMemory(): 60
05-10 03:23:06.910 29103 29103 I [AUTHFW][PASS]AuthFwApp: otlv80
05-10 03:23:07.055 23197 23221 I Benchmark: Wolf3dBenchmark.valueFloat[Metric (timeNs) results: median 2.887720385E8, min 2.69914461E8, max 3.17923307E8, standardDeviation: 1.196512344627951E7, Metric (allocationCount) results: median 8872470.0, min 8872462.0, max 8872473.0, standardDeviation: 4.207136793592526]count=1
05-10 03:23:07.057 23197 23221 D Benchmark: writing results to /storage/emulated/0/Android/data/org.jetbrains.android_benchmark.test/cache/org.jetbrains.android_benchmark.test-benchmarkData.json
05-10 03:23:07.070 23197 23221 D Benchmark: Copying /storage/emulated/0/Android/data/org.jetbrains.android_benchmark.test/cache/org.jetbrains.android_benchmark.test-benchmarkData.json to /sdcard/Android/media/org.jetbrains.android_benchmark.test/additional_test_output/org.jetbrains.android_benchmark.test-benchmarkData.json
05-10 03:23:07.156  5679  8513 D SyncManager: userId - 0 auto - true
05-10 03:23:07.162  8330 29026 I MediaProvider: Deleted 1 0 0 0 0 0 0 items on external_primary due to org.jetbrains.android_benchmark.test
05-10 03:23:07.189  8330 30482 W MediaProvider: isAppCloneUserPair for user 0: false
05-10 03:23:07.242  5679  5748 W libprocessgroup: Failed to open /dev/blkio//cgroup.procs: No such file or directory
05-10 03:23:07.258 30196 30670 I NetworkScheduler.Stats: Task com.google.android.gms/com.google.android.gms.ipa.base.IpaGcmTaskService started execution. cause:9 exec_start_elapsed_seconds: 249972 [CONTEXT service_id=218 ]
05-10 03:23:07.277 30196 30566 I NetworkScheduler.Stats: Task com.google.android.gms/com.google.android.gms.ipa.base.IpaGcmTaskService finished executing. cause:9 result: 1 elapsed_millis: 55 uptime_millis: 55 exec_start_elapsed_seconds: 249972 [CONTEXT service_id=218 ]
05-10 03:23:07.280 29103 29103 I [AUTHFW][PASS]AuthFwApp: otlv80
05-10 03:23:07.281 27789 27789 I SCS@AiSearch user 0: (SearchProvider) onTrimMemory(): 60
05-10 03:23:07.346  5679  5699 D SyncManager: userId - 0 auto - true
05-10 03:23:07.353 23197 23221 I TestRunner: finished: valueFloat(org.jetbrains.android_benchmark.Wolf3dBenchmark)
