04-10 01:32:39.947 31808 31837 I TestRunner: started: inlineDouble(org.jetbrains.android_benchmark.AndroidBenchmark)
04-10 01:32:39.950 31808 31808 I MonitoringInstr: Activities that are still in CREATED to STOPPED: 1
04-10 01:32:39.951 31808 31808 I MonitoringInstr: Finishing activity: androidx.benchmark.IsolationActivity@88dd6e9
04-10 01:32:39.957 31808 31837 I GrantPermissionCallable: Permission: android.permission.WRITE_EXTERNAL_STORAGE is already granted!
04-10 01:32:39.958 31808 31837 I GrantPermissionCallable: Permission: android.permission.READ_EXTERNAL_STORAGE is already granted!
04-10 01:32:39.958 31808 31837 D Benchmark: -- Running org.jetbrains.android_benchmark.AndroidBenchmark#inlineDouble --
04-10 01:32:39.958 31808 31837 D PerfettoCapture: Supported ABIs: arm64-v8a, armeabi-v7a, armeabi
04-10 01:32:39.959 31808 31837 D PerfettoCapture: Recording perfetto trace
04-10 01:32:39.978  5665  5741 W libprocessgroup: Failed to open /dev/blkio//cgroup.procs: No such file or directory
04-10 01:32:39.992  7623 30366 I NetworkScheduler.Stats: Task com.google.android.gms/com.google.android.gms.ipa.base.IpaGcmTaskService started execution. cause:9 exec_start_elapsed_seconds: 11058 [CONTEXT service_id=218 ]
04-10 01:32:40.003 31808 31837 I PerfettoCapture: Cleanup perfetto before starting.
04-10 01:32:40.008  7623 25519 I NetworkScheduler.Stats: Task com.google.android.gms/com.google.android.gms.ipa.base.IpaGcmTaskService finished executing. cause:9 result: 1 elapsed_millis: 70 uptime_millis: 70 exec_start_elapsed_seconds: 11058 [CONTEXT service_id=218 ]
04-10 01:32:40.204 31808 31837 I PerfettoCapture: Perfetto output file cleanup -
04-10 01:32:40.204 31808 31837 I PerfettoCapture: Starting perfetto tracing with cmd: cat /storage/emulated/0/Android/data/org.jetbrains.android_benchmark.test/cache/trace_config.pb | perfetto --background -c - -o /data/misc/perfetto-traces/trace_output.pb
04-10 01:32:40.376  1532  1532 I perfetto:    perfetto_cmd.cc:1001 Connected to the Perfetto traced service, starting tracing
04-10 01:32:40.378  5428  5428 I perfetto: ing_service_impl.cc:953 Configured tracing session 29, #sources:4, duration:0 ms, #buffers:2, total buffer size:36864 KB, total sessions:1, uid:2000 session name: ""
04-10 01:32:40.380  5427  5427 I perfetto:  probes_producer.cc:139 Ftrace setup (target_buf=57)
04-10 01:32:40.431 31808 31837 I PerfettoCapture: Perfetto output - 1532
04-10 01:32:40.431 31808 31837 I PerfettoCapture: EXITCODE=0
04-10 01:32:40.446  4403  4403 I hwservicemanager: getTransport: Cannot find entry android.hardware.atrace@1.0::IAtraceDevice/default in either framework or device VINTF manifest.
04-10 01:32:40.447  5665  5741 W libprocessgroup: Failed to open /dev/blkio//cgroup.procs: No such file or directory
04-10 01:32:40.469  5427  5427 I perfetto:    ftrace_procfs.cc:335 enabled ftrace in /sys/kernel/tracing/
04-10 01:32:40.481 20879 20879 I SCS@AiSearch user 0: (ObserverWorker::AOSP_MP) [main] entering in startWork():
04-10 01:32:40.482 20879 20879 I SCS@AiSearch user 0: (BaseCollector::AOSP_MP) [main] entering in onChange():
04-10 01:32:40.484 20879 20947 I SCS@AiSearch user 0: (BaseCollector::AOSP_MP) [AOSP_MP-0] entering in collectChanges():
04-10 01:32:40.500  5665  8655 D PackageManager: setEnabledSetting : userId = 0 packageName = com.samsung.android.scs cmp = androidx.work.impl.background.systemalarm.RescheduleReceiver newState = 1 callingPackage = 10380/com.samsung.android.scs
04-10 01:32:40.502  5665  8655 D ApplicationPolicy: getApplicationStateEnabled : pkg = com.samsung.android.scs userId : 0
04-10 01:32:40.503  5665  8655 D ApplicationPolicy: getApplicationComponentState : pkg = com.samsung.android.scs userId : 0
04-10 01:32:40.560 31808 31837 I PerfettoCapture: Perfetto tracing started successfully with pid 1532.
04-10 01:32:40.573 20879 20947 I SCS@AiSearch user 0: (BaseCollector::AOSP_MP) fetchInternal values : maxSyncId: 1000007519 indexCount: 1744 sourceCount: 1744
04-10 01:32:40.601 31808 31837 I PerfettoCapture: /sys/kernel/tracing/tracing_on = 1, polled 0 times, capture fully started
04-10 01:32:40.603 31808 31837 D Benchmark: Set 31837 (Bench thread) to priority -20. Was -8, now -20
04-10 01:32:40.603 31808 31837 D Benchmark: Set 31818 (Jit) to priority -15. Was 9, now -15
04-10 01:32:40.626 31808 31837 I _benchmark.test: Explicit concurrent copying GC freed 5705(621KB) AllocSpace objects, 1(20KB) LOS objects, 71% free, 2423KB/8567KB, paused 288us,109us total 23.220ms
04-10 01:32:40.655 20879 20947 I SCS@AiSearch user 0: (IndexManager) [AOSP_MP-0] entering in addIndex():
04-10 01:32:40.660 20879 20947 I SCS@AiSearch user 0: (BaseCollector::AOSP_MP) fetch: fetching took  123 ms
04-10 01:32:40.660 20879 20947 I SCS@AiSearch user 0: (BaseCollector::AOSP_MP) fetchChanges: applied 0 items
04-10 01:32:40.661 20879 20947 I SCS@AiSearch user 0: (BaseCollector::AOSP_MP) Collect finished. Result: true
04-10 01:32:40.662 20879 20947 I SCS@AiSearch user 0: (BaseCollector::DOCUMENTS) enqueue ObserverWorker name: DOCUMENTS policy: KEEP
04-10 01:32:40.663 20879 20916 I WM-WorkerWrapper: Worker result SUCCESS for Work [ id=65bd906d-0454-4c71-a4d7-31b5c4e4f9e6, tags={ com.sec.android.app.myfiles, com.samsung.android.scs.ai.search.data.collector.ObserverWorker } ]
04-10 01:32:40.663 20879 20947 I SCS@AiSearch user 0: (BaseCollector::AOSP_MP) enqueue ObserverWorker name: com.sec.android.app.myfiles, policy: APPEND_OR_REPLACE
04-10 01:32:40.701  5665  8049 D PackageManager: setEnabledSetting : userId = 0 packageName = com.samsung.android.scs cmp = androidx.work.impl.background.systemalarm.RescheduleReceiver newState = 1 callingPackage = 10380/com.samsung.android.scs
04-10 01:32:40.703  5665  8049 D ApplicationPolicy: getApplicationStateEnabled : pkg = com.samsung.android.scs userId : 0
04-10 01:32:40.704  5665  8049 D ApplicationPolicy: getApplicationComponentState : pkg = com.samsung.android.scs userId : 0
04-10 01:32:40.732  5665  5741 W libprocessgroup: Failed to open /dev/blkio//cgroup.procs: No such file or directory
04-10 01:32:40.768  5665  8655 D PackageManager: setEnabledSetting : userId = 0 packageName = com.samsung.android.scs cmp = androidx.work.impl.background.systemalarm.RescheduleReceiver newState = 1 callingPackage = 10380/com.samsung.android.scs
04-10 01:32:40.770  5665  8655 D ApplicationPolicy: getApplicationStateEnabled : pkg = com.samsung.android.scs userId : 0
04-10 01:32:40.771  5665  8655 D ApplicationPolicy: getApplicationComponentState : pkg = com.samsung.android.scs userId : 0
04-10 01:32:40.812 20879 20879 I SCS@AiSearch user 0: (ObserverWorker::DOCUMENTS) [main] entering in startWork():
04-10 01:32:40.816 20879 20879 I SCS@AiSearch user 0: (BaseCollector::DOCUMENTS) [main] entering in onChange():
04-10 01:32:40.818 20879 21139 I SCS@AiSearch user 0: (BaseCollector::DOCUMENTS) [DOCUMENTS-0] entering in collectChanges():
04-10 01:32:40.821 20879 21139 E SCS@AiSearch user 0: (BaseCollector::DOCUMENTS) canSkipCurrentList:
04-10 01:32:40.823 20879 21139 I SCS@AiSearch user 0: (BaseCollector::DOCUMENTS) fetch: fetching took  4 ms
04-10 01:32:40.823 20879 21139 I SCS@AiSearch user 0: (BaseCollector::DOCUMENTS) fetchChanges: applied 0 items
04-10 01:32:40.823 20879 21139 I SCS@AiSearch user 0: (BaseCollector::DOCUMENTS) Collect finished. Result: true
04-10 01:32:40.836  5665  8655 D PackageManager: setEnabledSetting : userId = 0 packageName = com.samsung.android.scs cmp = androidx.work.impl.background.systemalarm.RescheduleReceiver newState = 1 callingPackage = 10380/com.samsung.android.scs
04-10 01:32:40.837  5665  8655 D ApplicationPolicy: getApplicationStateEnabled : pkg = com.samsung.android.scs userId : 0
04-10 01:32:40.838  5665  8655 D ApplicationPolicy: getApplicationComponentState : pkg = com.samsung.android.scs userId : 0
04-10 01:32:40.853 20879 20937 I WM-WorkerWrapper: Worker result SUCCESS for Work [ id=3cf5fdf5-d899-4ae6-9bd2-8b55b38ab87a, tags={ com.samsung.android.scs.documents, com.samsung.android.scs.ai.search.data.collector.ObserverWorker } ]
04-10 01:32:40.934  6284  6373 D MobileStatusTracker(1/2): onSignalStrengthsChanged level=2, vendorLevel=1
04-10 01:32:40.935  6284  6373 D MobileSignalController(1/2): notifyListener: enabled=true, connected=true, dataConnected=true, networkType=LTE (4G), emergencyOnly=false, roaming=false, isDefault=true, dataActivity=, level=1, ca=false, mmWave=false, disabledDataIcon=false, simCard=ETC
04-10 01:32:40.939  6284  6373 D NetworkController: SignalStrength from intent slotId=1
04-10 01:32:41.463  8644  8933 I SemDvfsHyPerManager: acquire hyper - SIOP_GPU_FREQ_MAX/8644@4, type = 536875010
04-10 01:32:41.468  5307  5331 I HYPER-HAL: [RequestManager.cpp]acquire(): Acquired ID : 37398280  [8644 / 4]    HINT :      list : [GPUMaxFreq / 949000]
04-10 01:32:41.474  8644  8933 I SemDvfsHyPerManager: acquire hyper - SIOP_ARM_MAX/8644@2, type = 301993986
04-10 01:32:41.475  5307  5331 I HYPER-HAL: [RequestManager.cpp]acquire(): Acquired ID : 37380983  [8644 / 2]    HINT :      list : [CPUMaxFreq / 2210000]
04-10 01:32:42.226  6284  6373 D MobileStatusTracker(1/2): onSignalStrengthsChanged level=2, vendorLevel=1
04-10 01:32:42.237  6284  6373 D MobileSignalController(1/2): notifyListener: enabled=true, connected=true, dataConnected=true, networkType=LTE (4G), emergencyOnly=false, roaming=false, isDefault=true, dataActivity=, level=1, ca=false, mmWave=false, disabledDataIcon=false, simCard=ETC
04-10 01:32:42.237  6284  6373 D NetworkController: SignalStrength from intent slotId=1
04-10 01:32:42.339  5329  5329 I SurfaceFlinger: SFWD update time=11060881611356
04-10 01:32:43.507  6284  6373 D MobileStatusTracker(1/2): onSignalStrengthsChanged level=3, vendorLevel=1
04-10 01:32:43.513  6284  6373 D MobileSignalController(1/2): notifyListener: enabled=true, connected=true, dataConnected=true, networkType=LTE (4G), emergencyOnly=false, roaming=false, isDefault=true, dataActivity=, level=1, ca=false, mmWave=false, disabledDataIcon=false, simCard=ETC
04-10 01:32:43.518  6284  6373 D NetworkController: SignalStrength from intent slotId=1
04-10 01:32:44.788  6284  6373 D MobileStatusTracker(1/2): onSignalStrengthsChanged level=3, vendorLevel=1
04-10 01:32:44.792  6284  6373 D MobileSignalController(1/2): notifyListener: enabled=true, connected=true, dataConnected=true, networkType=LTE (4G), emergencyOnly=false, roaming=false, isDefault=true, dataActivity=, level=1, ca=false, mmWave=false, disabledDataIcon=false, simCard=ETC
04-10 01:32:44.802  6284  6373 D NetworkController: SignalStrength from intent slotId=1
04-10 01:32:44.802  6284  6373 D MobileStatusTracker(1/2): onSignalStrengthsChanged level=3, vendorLevel=2
04-10 01:32:44.803  6284  6373 D MobileSignalController(1/2): notifyListener: enabled=true, connected=true, dataConnected=true, networkType=LTE (4G), emergencyOnly=false, roaming=false, isDefault=true, dataActivity=, level=2, ca=false, mmWave=false, disabledDataIcon=false, simCard=ETC
04-10 01:32:44.810  6284  6373 D NetworkController: SignalStrength from intent slotId=1
04-10 01:32:47.453  6213  6323 I TelephonyProvider: D/TelephonyProvider: subIdString = 2 subId = 2
04-10 01:32:47.495  5665  6036 D ConnectivityService: notifyType CALLBACK_CAP_CHANGED for [100 CELLULAR]
04-10 01:32:47.499  6213  6323 I TelephonyProvider: D/TelephonyProvider: subIdString = 2 subId = 2
04-10 01:32:47.517 10220 11595 E Connection4Heart: ProxyManager.requestSetNetworkSuspended() : watch is not connected
04-10 01:32:47.527  5665  6036 D ConnectivityService: notifyType CALLBACK_CAP_CHANGED for [101 CELLULAR]
04-10 01:32:47.530  6678  6864 I PdnController<1>: onCapabilitiesChanged: network 101 networkCapabilities [ Transports: CELLULAR Capabilities: IMS&NOT_METERED&TRUSTED&NOT_VPN&VALIDATED&NOT_ROAMING&FOREGROUND&NOT_CONGESTED&NOT_SUSPENDED&NOT_VCN_MANAGED LinkUpBandwidth>=15000Kbps LinkDnBandwidth>=17781Kbps Specifier: <TelephonyNetworkSpecifier [mSubId = 2]> SubscriptionIds: {2} UnderlyingNetworks: Null]
04-10 01:32:49.960  5665  7155 W LocationManagerService: onFreezeStateChanged, uid[10252]=false
04-10 01:32:49.965  6634  6648 W BtGatt.GattService: unfreezeScan() - No AppScanStats found with uid: 10252
04-10 01:32:49.972  5665  5741 W libprocessgroup: Failed to open /dev/blkio//cgroup.procs: No such file or directory
04-10 01:32:51.536  8644  8933 I SemDvfsHyPerManager: acquire hyper - SIOP_ARM_MAX/8644@2, type = 301993986
04-10 01:32:51.538  5307  5331 I HYPER-HAL: [RequestManager.cpp]acquire(): Acquired ID : 37380983  [8644 / 2]    HINT :      list : [CPUMaxFreq / 2184000]
04-10 01:32:53.380 31808 31837 D Benchmark: timeNs[ 0:10]: 23383452 25223750 22867673 25315567 22661644 24458990 22863009 22680375 23754788 23085605
04-10 01:32:53.380 31808 31837 D Benchmark: timeNs[10:20]: 24644365 22728480 23930115 22741615 22230288 22264346 22357769 25325644 23771750 25119836
04-10 01:32:53.380 31808 31837 D Benchmark: timeNs[20:30]: 24147144 23815692 23247403 22541394 23135759 23950826 22594817 22808192 22702240 22953836
04-10 01:32:53.380 31808 31837 D Benchmark: timeNs[30:40]: 24532615 23178702 24274086 23522961 24296904 24872932 24301788 24317019 23841980 23811894
04-10 01:32:53.380 31808 31837 D Benchmark: timeNs[40:50]: 24919759 24708980 24095634 23077298 24195096 23149500 24036586 24053317 23011211 24528240
04-10 01:32:53.761 31808 31837 W _benchmark.test: Suspending all threads took: 9.231ms
04-10 01:32:54.131 31808 31837 W _benchmark.test: Suspending all threads took: 17.262ms
04-10 01:32:54.320 31808 31837 W _benchmark.test: Suspending all threads took: 13.211ms
04-10 01:32:54.322 31808 31837 D Benchmark: allocationCount[ 0:10]: 453828 453826 453827 453827 453826
04-10 01:32:54.322 31808 31837 D Benchmark: Set 31837 (Bench thread) to priority -8. Was -20, now -8
04-10 01:32:54.322 31808 31837 D Benchmark: Set 31818 (Jit) to priority 9. Was -15, now 9
04-10 01:32:54.322 31808 31837 D Benchmark: Warmup: t=8.007, iter=337, fastAvg=23296482, slowAvg=31076308
04-10 01:32:54.322 31808 31837 I PerfettoCapture: Stopping perfetto.
04-10 01:32:54.365  1532  1532 I perfetto:    perfetto_cmd.cc:1168 SIGINT/SIGTERM received: disabling tracing.
04-10 01:32:54.370 31808 31837 D Benchmark: kill -TERM command output -
04-10 01:32:54.376  5427  5427 I perfetto:  probes_producer.cc:396 Producer stop (id=116)
04-10 01:32:54.380  5427  5427 I perfetto:    ftrace_procfs.cc:342 disabled ftrace in /sys/kernel/tracing/
04-10 01:32:54.436  4403  4403 I hwservicemanager: getTransport: Cannot find entry android.hardware.atrace@1.0::IAtraceDevice/default in either framework or device VINTF manifest.
04-10 01:32:54.444  5427  5427 I perfetto:  probes_producer.cc:396 Producer stop (id=117)
04-10 01:32:54.445  5427  5427 I perfetto:  probes_producer.cc:396 Producer stop (id=118)
04-10 01:32:54.490  1532  1532 I perfetto:    perfetto_cmd.cc:1124 Trace written into the output file
04-10 01:32:54.502  5428  5428 I perfetto: ng_service_impl.cc:2426 Tracing session 29 ended, total sessions:0
04-10 01:32:54.999 31808 31837 D Benchmark: Waiting 500 ms for [ProcessPid(processName=perfetto, pid=1532)] to die
04-10 01:32:55.066  7623  7623 D BoundBrokerSvc: onUnbind: Intent { act=com.google.android.gms.scheduler.ACTION_PROXY_SCHEDULE dat=chimera-action:/... cmp=com.google.android.gms/.chimera.PersistentApiService }
04-10 01:32:55.128 31808 31837 I PerfettoCapture: Writing to /storage/emulated/0/Android/data/org.jetbrains.android_benchmark.test/cache/AndroidBenchmark_inlineDouble_2023-04-09-23-32-54.perfetto-trace.
04-10 01:32:55.341 31808 31837 D Benchmark: Copying /storage/emulated/0/Android/data/org.jetbrains.android_benchmark.test/cache/AndroidBenchmark_inlineDouble_2023-04-09-23-32-54.perfetto-trace to /sdcard/Android/media/org.jetbrains.android_benchmark.test/additional_test_output/AndroidBenchmark_inlineDouble_2023-04-09-23-32-54.perfetto-trace
04-10 01:32:55.387  8572   935 W MediaProvider: isAppCloneUserPair for user 0: false
04-10 01:32:55.420  5665  8773 D SyncManager: userId - 0 auto - true
04-10 01:32:55.555  5665  5741 W libprocessgroup: Failed to open /dev/blkio//cgroup.procs: No such file or directory
04-10 01:32:55.573  7623   976 I NetworkScheduler.Stats: Task com.google.android.gms/com.google.android.gms.ipa.base.IpaGcmTaskService started execution. cause:9 exec_start_elapsed_seconds: 11074 [CONTEXT service_id=218 ]
04-10 01:32:55.587  7623 25519 I NetworkScheduler.Stats: Task com.google.android.gms/com.google.android.gms.ipa.base.IpaGcmTaskService finished executing. cause:9 result: 1 elapsed_millis: 45 uptime_millis: 45 exec_start_elapsed_seconds: 11074 [CONTEXT service_id=218 ]
04-10 01:32:55.596  7623  7623 D BoundBrokerSvc: onBind: Intent { act=com.google.android.gms.scheduler.ACTION_PROXY_SCHEDULE dat=chimera-action:/... cmp=com.google.android.gms/.chimera.PersistentApiService }
04-10 01:32:55.598  7623  7623 D BoundBrokerSvc: Loading bound service for intent: Intent { act=com.google.android.gms.scheduler.ACTION_PROXY_SCHEDULE dat=chimera-action:/... cmp=com.google.android.gms/.chimera.PersistentApiService }
04-10 01:32:55.715 31808 31837 I Benchmark: AndroidBenchmark.inlineDouble[Metric (timeNs) results: median 2.3791822125E7, min 2.22302885E7, max 2.532564425E7, standardDeviation: 875003.7124902818, Metric (allocationCount) results: median 453827.25, min 453826.0, max 453828.75, standardDeviation: 1.09829413182444]count=4
04-10 01:32:55.726 31808 31837 D Benchmark: writing results to /storage/emulated/0/Android/data/org.jetbrains.android_benchmark.test/cache/org.jetbrains.android_benchmark.test-benchmarkData.json
04-10 01:32:55.733 31808 31837 D Benchmark: Copying /storage/emulated/0/Android/data/org.jetbrains.android_benchmark.test/cache/org.jetbrains.android_benchmark.test-benchmarkData.json to /sdcard/Android/media/org.jetbrains.android_benchmark.test/additional_test_output/org.jetbrains.android_benchmark.test-benchmarkData.json
04-10 01:32:55.761  8572  1676 I MediaProvider: Deleted 1 0 0 0 0 0 0 items on external_primary due to org.jetbrains.android_benchmark.test
04-10 01:32:55.762  5665  5684 D SyncManager: userId - 0 auto - true
04-10 01:32:55.773  8572  1680 W MediaProvider: isAppCloneUserPair for user 0: false
04-10 01:32:55.785  5665  8047 D SyncManager: userId - 0 auto - true
04-10 01:32:55.787 31808 31837 I TestRunner: finished: inlineDouble(org.jetbrains.android_benchmark.AndroidBenchmark)
