04-18 00:47:14.275  5628  5924 D SensorHubManager: onGetSensorHubDataLocked: library(38) = 1, 1, 55, 0, 33, 33, 0, 0, 0, 0, 23, 86, -64, 72, 39, 31, 77, 0, 26, -73, 21, -96, 12, 50, 11, -128, 0, 0, 0, 24, 4, -30, -57, 56, 0, 0, 1, -12
04-18 00:47:14.275  5628  5924 D SensorHubManager: onGetSensorHubDataLocked: library(10) = 1, 1, 55, 0, 5, 2, 34, 0, 0, 0
04-18 00:47:14.275  5628  5925 D CAE     : onGetSensorHubData(SensorHubParserProvider.java:89) - onGetSensorHubData Event [event buffer len :38], AP_WAKEUP
04-18 00:47:14.276  5628  5925 I CAE     : parse(SensorHubParserProvider.java:190) - buffer size = 38
04-18 00:47:14.276  5628  5925 I CAE     : parse(SensorHubParserProvider.java:201) - 1, 1, 55, 0, 33, 33, 0, 0, 0, 0, 23, 86, -64, 72, 39, 31, 77, 0, 26, -73, 21, -96, 12, 50, 11, -128, 0, 0, 0, 24, 4, -30, -57, 56, 0, 0, 1, -12,
04-18 00:47:14.276  5628  5925 I CAE     : parse(SLocationRunner.java:88) - SLocationRunner parse start : 3
04-18 00:47:14.277  5628  5925 D CAE     : display(ContextProvider.java:375) - ================= SLOCATION_RUNNER =================
04-18 00:47:14.277  5628  5925 I CAE     : display(ContextProvider.java:391) - ExtraDataArray=[1, 1, 55, 0, 33, 33, 0, 0, 0, 0, 23, 86, -64, 72, 39, 31, 77, 0, 26, -73, 21, -96, 12, 50, 11, -128, 0, 0, 0, 24, 4, -30, -57, 56, 0, 0, 1, -12]
04-18 00:47:14.278  5628  8841 W CAE     : setCAProperty(ContextAwareService.java:519) - [setProperty 02] Mutex is unlocked for SLOCATION_RUNNER
04-18 00:47:14.278  5628  8841 D SemContextService: unlock : changeParameters
04-18 00:47:14.278  5628  5925 I CAE     : parse(SLocationRunner.java:96) - SLocationRunner parse end:38
04-18 00:47:14.278  5628  8841 D SemContextManager:   .changeParameters : listener = com.samsung.android.location.semcontext.a@695d2c0, service=SLocation Core
04-18 00:47:14.278  5628  8841 D SLocation: PositionManager - receive fused location
04-18 00:47:14.278  5628  5925 D CAE     : onGetSensorHubData(SensorHubParserProvider.java:89) - onGetSensorHubData Event [event buffer len :10], AP_WAKEUP
04-18 00:47:14.278  5628  5922 D SemContextService: Service.updateContext() : service = SLocation Core
04-18 00:47:14.279  5628  5925 I CAE     : parse(SensorHubParserProvider.java:190) - buffer size = 10
04-18 00:47:14.279  5628  5925 I CAE     : parse(SensorHubParserProvider.java:201) - 1, 1, 55, 0, 5, 2, 34, 0, 0, 0,
04-18 00:47:14.279  5628  5925 I CAE     : parse(SLocationRunner.java:88) - SLocationRunner parse start : 3
04-18 00:47:14.280  5628  5925 D CAE     : display(ContextProvider.java:375) - ================= SLOCATION_RUNNER =================
04-18 00:47:14.280  5628  5628 D SemContextManager: onSemContextChanged() : event = SLocation Core
04-18 00:47:14.280  5628  5628 D SLocation: SLocationCoreSem - SemContextChanged type = 47, packet received
04-18 00:47:14.280  5628  5925 I CAE     : display(ContextProvider.java:391) - ExtraDataArray=[1, 1, 55, 0, 5, 2, 34, 0, 0, 0]
04-18 00:47:14.280  5628  8841 I SLocation: SemContextParser -  parse start : 3
04-18 00:47:14.280  5628  8841 I SLocation: SemContextParser -  packet Length : 33packet total size : 38
04-18 00:47:14.280  5628  8841 I SLocation: SemContextParser - packet : [33, 0, 0, 0, 0, 23, 86, -64, 72, 39, 31, 77, 0, 26, -73, 21, -96, 12, 50, 11, -128, 0, 0, 0, 24, 4, -30, -57, 56, 0, 0, 1, -12]
04-18 00:47:14.281  5628  8841 D SLocation: GeofenceCoreManager - received Extra Data from core, len : 33
04-18 00:47:14.281  5628  8841 D SLocation: ARDistanceGetARDistance - convertSensorHubTimeToElapsedTime 1681741245429045788
04-18 00:47:14.281  5628  8841 D SLocation: ARDistanceGetARDistance - invalid location time from core pvt 1681741245429045788, do not use distance info
04-18 00:47:14.281  5628  8841 D SLocation: CommonCoreManager - received Extra Data from core, len : 33
04-18 00:47:14.282  5628  5922 D SemContextService: Service.updateContext() : service = SLocation Core
04-18 00:47:14.282  5628  5628 D SemContextManager: onSemContextChanged() : event = SLocation Core
04-18 00:47:14.282  5628  5628 D SLocation: SLocationCoreSem - SemContextChanged type = 47, packet received
04-18 00:47:14.283  5628  5925 I CAE     : parse(SLocationRunner.java:96) - SLocationRunner parse end:10
04-18 00:47:14.283  5628  8841 I SLocation: SemContextParser -  parse start : 3
04-18 00:47:14.283  5628  8841 I SLocation: SemContextParser -  packet Length : 5packet total size : 10
04-18 00:47:14.283  5628  8841 I SLocation: SemContextParser - packet : [2, 34, 0, 0, 0]
04-18 00:47:14.283  5628  8841 D SLocation: GeofenceCoreManager - received Extra Data from core, len : 5
04-18 00:47:14.283  5628  8841 D SLocation: GeofenceCoreManager - handleCommandCallback - UNKNOWN_CALLBACK 34 SUCCESS
04-18 00:47:14.283  5628  8841 D SLocation: ARDistanceLibManager - command callback received - CURRENT_LOCATION_REQUEST_DISTANCE ERROR CODE : ERROR_NONE
04-18 00:47:14.283  5628  8841 D SLocation: CommonCoreManager - received Extra Data from core, len : 5
04-18 00:47:14.344 18943  8278 I GCoreUlr: Successfully inserted 1 locations
04-18 00:47:14.398 18943  8081 I SemanticLocation: [Inferrer] IncrementalTimelineInferrer.predict() logs:
04-18 00:47:14.398 18943  8081 I SemanticLocation: Timeline Paths Enabled! Start Computing the timeline paths.
04-18 00:47:14.398 18943  8081 I SemanticLocation:
04-18 00:47:14.398 18943  8081 I SemanticLocation: [CONTEXT service_id=173 ]
04-18 00:47:16.456  5628  9811 D SemWifiUsabilityStatsMonitor: onWifiUsabilityStats - seqNum 23692, isSameBssidAndFreq true
04-18 00:47:16.459  5628  8422 I SemWifiLinkQualityMonitor: Link Qos Query: 0.028 ms / 288.667 Mbps (433 / 0.000 / 1.500)
04-18 00:47:18.490  5628  8367 D ConnectivityService: reportNetworkActive, notify 0 listeners
04-18 00:47:18.524  6090  7619 I PhenotypeProcessReaper: Memory state is: 200
04-18 00:47:19.202  4141  4164 I .shealth:remote: Background young concurrent copying GC freed 243661(10MB) AllocSpace objects, 122(6068KB) LOS objects, 55% free, 13MB/30MB, paused 550us,237us total 192.657ms
04-18 00:47:19.210  9474  9507 W libc    : Access denied finding property "sys.perf.boostopt"
04-18 00:47:19.211  5224  5224 E audit   : type=1400 audit(1681771639.202:60026): avc:  denied  { read } for  pid=9474 comm="binder:9474_3" name="u:object_r:perf_prop:s0" dev="tmpfs" ino=16829 scontext=u:r:sec_untrusted_app:s0:c512,c768 tcontext=u:object_r:perf_prop:s0 tclass=file permissive=0 SEPF_SM-A515F_13_0001 audit_filtered
04-18 00:47:19.211  5224  5224 E audit   : type=1300 audit(1681771639.202:60026): arch=c00000b7 syscall=56 success=no exit=-13 a0=ffffff9c a1=7d7537f2f8 a2=88000 a3=0 items=0 ppid=5250 pid=9474 auid=4294967295 uid=10256 gid=10256 euid=10256 suid=10256 fsuid=10256 egid=10256 sgid=10256 fsgid=10256 tty=(none) ses=4294967295 comm="binder:9474_3" exe="/system/bin/app_process64" subj=u:r:sec_untrusted_app:s0:c512,c768 key=(null)
04-18 00:47:19.211  5224  5224 E audit   : type=1327 audit(1681771639.202:60026): proctitle="com.sec.android.app.shealth"
04-18 00:47:19.505  5628  9811 D SemWifiUsabilityStatsMonitor: onWifiUsabilityStats - seqNum 23693, isSameBssidAndFreq true
04-18 00:47:19.508  8513  8513 D NetworkController.WifiSignalController: notifyListener: visible=true, connected=true, inetCondition=1, isDefault=true, wifiTestReported=true, receivedInetCondition=-1, hideDuringMobileSwitching=false
04-18 00:47:19.511  8513  8599 D Tile.WifiTile: handleUpdateState isTransient=false transientEnabling =false cb.isTransient=false state.state = 2 mStateBeforeClick.value =false enabled =true
04-18 00:47:19.512  5628  8422 I SemWifiLinkQualityMonitor: Link Qos Query: 0.055 ms / 144.333 Mbps (433 / 0.000 / 3.000)
04-18 00:47:20.350  5628  5628 D SemWifiP2pGoPowerSave: GopsReceiver : received : com.samsung.intent.action.CHECK_SIOP_LEVEL
04-18 00:47:20.352  5628  5628 I SemWifiP2pGoPowerSave: siop_level = 0
04-18 00:47:20.360  7867  7944 I SystemBroadcastReceiver: [#CMH#] onReceive completed :  0
04-18 00:47:20.362  7867  7867 I PolicyManager: [#CMH#] onReceive action = EVENT_SIOP
04-18 00:47:22.369  7867  7969 I PolicyManager: [#CMH#] Is foreground game app: false
04-18 00:47:22.535  5628  9811 D SemWifiUsabilityStatsMonitor: onWifiUsabilityStats - seqNum 23694, isSameBssidAndFreq true
04-18 00:47:22.538  5628  8422 I SemWifiLinkQualityMonitor: Link Qos Query: 0.028 ms / 288.667 Mbps (433 / 0.000 / 1.500)
04-18 00:47:22.997  5288  5288 E sehhealth-service: Could not open /sys/class/power_supply/battery/lrp
04-18 00:47:24.646  5628 10083 D TrafficStats: tagSocket(931) with statsTag=0xffffffff, statsUid=-1
04-18 00:47:24.852  5628 10083 D WifiConnectivityMonitor.DnsThread:  [|207]
04-18 00:47:24.853  5628  8444 D WifiConnectivityMonitor.NetworkStatsAnalyzer: DNS resultType : 0, responseTime : 207
04-18 00:47:24.854  5628  8438 D OpenNetworkQos[4.00]: updateBssidLatestDnsResultType - result: 0
04-18 00:47:24.854  5628  8438 D OpenNetworkQos[4.00]: updateBssidNoInternet: mBssidNoInternet = false
04-18 00:47:24.854  5628  8438 D OpenNetworkQos[4.00]: getOpenNetworkQosNoInternetStatus: false
04-18 00:47:24.854  5628  8438 D OpenNetworkQos[4.00]: getOpenNetworkQosScores: 30 26 30
04-18 00:47:24.855  5628  8438 I WifiProfileShare: network QoS data was changed (internet), updateQoSData networkType: true, qosData: false
04-18 00:47:24.858  5628  9412 V WifiProfileShare.Caster: update wips network, size: 0
04-18 00:47:24.860  5628  9412 D WifiProfileShare: nearby scanning settings run
04-18 00:47:24.861  5628  9412 D WifiProfileShare: network score provider settings enabled
04-18 00:47:24.864  5628  9412 D OpenNetworkQos[4.00]: getOpenNetworkQosScores: 30 26 30
04-18 00:47:24.865  5628  9412 D OpenNetworkQos[4.00]: getOpenNetworkQosNoInternetStatus: false
04-18 00:47:24.865  5628  9412 I WifiProfileShare.Caster: current network type: 0, score: [30, 26, 30]
04-18 00:47:24.867  5628  9412 V WifiProfileShare.Cache: update network score 00:e4:06:**:**:90
04-18 00:47:24.867  5628  9412 D WifiProfileShare.ScanMatcher: getMcfDataList size:2
04-18 00:47:24.869  5628  9412 I WifiProfileShare.Caster: qos data was updated , before:type:QOS, pBssid:51:2e:90, qosData:7c after:type:QOS, pBssid:51:2e:90, qosData:7c
04-18 00:47:24.872  5628  9412 I [MCFSDK_android_1.2.4010]_4_b: isNetworkEnabled - type : 1 ret : true
04-18 00:47:24.873  5628  9412 D WifiProfileShare.McfCast: -ME--- mIsNetworkEnabled :true
04-18 00:47:24.873  5628  9412 D WifiProfileShare.McfCast: updateQoSData ignored, same contents
04-18 00:47:24.873  5628  9412 D WifiProfileShare.MCF: success update QosData !
04-18 00:47:24.874  5628  9412 I [MCFSDK_android_1.2.4010]_4_b: isNetworkEnabled - type : 1 ret : true
04-18 00:47:24.874  5628  9412 D WifiProfileShare.McfCast: -ME--- mIsNetworkEnabled :true
04-18 00:47:24.875  5628  9412 D WifiProfileShare.McfCast: -ME--- updatePasswordDate pwdData size:2
04-18 00:47:25.573  5628  9811 D SemWifiUsabilityStatsMonitor: onWifiUsabilityStats - seqNum 23695, isSameBssidAndFreq true
04-18 00:47:25.576  5628  8422 I SemWifiLinkQualityMonitor: Link Qos Query: 0.018 ms / 433.000 Mbps (433 / 0.000 / 1.000)
04-18 00:47:26.786  2747  2799 I _benchmark.test: Waiting for a blocking GC Alloc
04-18 00:47:26.788  2747  2799 I _benchmark.test: Starting a blocking GC Alloc
04-18 00:47:26.816  2747  2799 I _benchmark.test: Waiting for a blocking GC Alloc
04-18 00:47:26.819  2747  2799 I _benchmark.test: Starting a blocking GC Alloc
04-18 00:47:26.846  2747  2799 I _benchmark.test: Waiting for a blocking GC Alloc
04-18 00:47:26.849  2747  2799 I _benchmark.test: Starting a blocking GC Alloc
04-18 00:47:26.876  2747  2799 I _benchmark.test: Waiting for a blocking GC Alloc
04-18 00:47:26.879  2747  2799 I _benchmark.test: Starting a blocking GC Alloc
04-18 00:47:26.906  2747  2799 I _benchmark.test: Waiting for a blocking GC Alloc
04-18 00:47:26.910  2747  2799 I _benchmark.test: Starting a blocking GC Alloc
04-18 00:47:26.941  2747  2799 I _benchmark.test: Waiting for a blocking GC Alloc
04-18 00:47:26.946  2747  2799 I _benchmark.test: WaitForGcToComplete blocked Alloc on Background for 5.308ms
04-18 00:47:26.946  2747  2799 I _benchmark.test: Starting a blocking GC Alloc
04-18 00:47:26.971  2747  2799 I _benchmark.test: Waiting for a blocking GC Alloc
04-18 00:47:26.977  2747  2799 I _benchmark.test: WaitForGcToComplete blocked Alloc on Background for 5.468ms
04-18 00:47:26.977  2747  2799 I _benchmark.test: Starting a blocking GC Alloc
04-18 00:47:27.002  2747  2799 I _benchmark.test: Waiting for a blocking GC Alloc
04-18 00:47:27.009  2747  2799 I _benchmark.test: WaitForGcToComplete blocked Alloc on Background for 7.619ms
04-18 00:47:27.009  2747  2799 I _benchmark.test: Starting a blocking GC Alloc
04-18 00:47:27.034  2747  2799 I _benchmark.test: Waiting for a blocking GC Alloc
04-18 00:47:27.042  2747  2799 I _benchmark.test: WaitForGcToComplete blocked Alloc on Background for 8.270ms
04-18 00:47:27.042  2747  2799 I _benchmark.test: Starting a blocking GC Alloc
04-18 00:47:27.070  2747  2799 I _benchmark.test: Waiting for a blocking GC Alloc
04-18 00:47:27.076  2747  2799 I _benchmark.test: WaitForGcToComplete blocked Alloc on Background for 6.367ms
04-18 00:47:27.076  2747  2799 I _benchmark.test: Starting a blocking GC Alloc
04-18 00:47:27.103  2747  2799 I _benchmark.test: Waiting for a blocking GC Alloc
04-18 00:47:27.109  2747  2799 I _benchmark.test: WaitForGcToComplete blocked Alloc on Background for 5.248ms
04-18 00:47:27.109  2747  2799 I _benchmark.test: Starting a blocking GC Alloc
04-18 00:47:27.134  2747  2799 I _benchmark.test: Waiting for a blocking GC Alloc
04-18 00:47:27.141  2747  2799 I _benchmark.test: WaitForGcToComplete blocked Alloc on Background for 6.374ms
04-18 00:47:27.141  2747  2799 I _benchmark.test: Starting a blocking GC Alloc
04-18 00:47:27.165  2747  2799 I _benchmark.test: Waiting for a blocking GC Alloc
04-18 00:47:27.172  2747  2799 I _benchmark.test: WaitForGcToComplete blocked Alloc on Background for 6.785ms
04-18 00:47:27.172  2747  2799 I _benchmark.test: Starting a blocking GC Alloc
04-18 00:47:27.199  2747  2799 I _benchmark.test: Waiting for a blocking GC Alloc
04-18 00:47:27.206  2747  2799 I _benchmark.test: WaitForGcToComplete blocked Alloc on Background for 6.972ms
04-18 00:47:27.206  2747  2799 I _benchmark.test: Starting a blocking GC Alloc
04-18 00:47:27.231  2747  2799 I _benchmark.test: Waiting for a blocking GC Alloc
04-18 00:47:27.239  2747  2799 I _benchmark.test: WaitForGcToComplete blocked Alloc on Background for 8.128ms
04-18 00:47:27.239  2747  2799 I _benchmark.test: Starting a blocking GC Alloc
04-18 00:47:27.263  2747  2799 I _benchmark.test: Waiting for a blocking GC Alloc
04-18 00:47:27.272  2747  2799 I _benchmark.test: WaitForGcToComplete blocked Alloc on Background for 8.809ms
04-18 00:47:27.272  2747  2799 I _benchmark.test: Starting a blocking GC Alloc
04-18 00:47:27.296  2747  2799 I _benchmark.test: Waiting for a blocking GC Alloc
04-18 00:47:27.305  2747  2799 I _benchmark.test: WaitForGcToComplete blocked Alloc on Background for 9.259ms
04-18 00:47:27.305  2747  2799 I _benchmark.test: Starting a blocking GC Alloc
04-18 00:47:27.329  2747  2799 I _benchmark.test: Waiting for a blocking GC Alloc
04-18 00:47:27.341  2747  2799 I _benchmark.test: WaitForGcToComplete blocked Alloc on Background for 12.086ms
04-18 00:47:27.341  2747  2799 I _benchmark.test: Starting a blocking GC Alloc
04-18 00:47:27.368  2747  2799 I _benchmark.test: Waiting for a blocking GC Alloc
04-18 00:47:27.378  2747  2799 I _benchmark.test: WaitForGcToComplete blocked Alloc on Background for 10.376ms
04-18 00:47:27.378  2747  2799 I _benchmark.test: Starting a blocking GC Alloc
04-18 00:47:27.405  2747  2799 I _benchmark.test: Waiting for a blocking GC Alloc
04-18 00:47:27.423  2747  2799 I _benchmark.test: WaitForGcToComplete blocked Alloc on Background for 17.539ms
04-18 00:47:27.423  2747  2799 I _benchmark.test: Starting a blocking GC Alloc
04-18 00:47:27.448  2747  2799 I _benchmark.test: Waiting for a blocking GC Alloc
04-18 00:47:27.462  2747  2799 I _benchmark.test: WaitForGcToComplete blocked Alloc on Background for 14.182ms
04-18 00:47:27.462  2747  2799 I _benchmark.test: Starting a blocking GC Alloc
04-18 00:47:27.486  2747  2799 I _benchmark.test: Starting a blocking GC Alloc
04-18 00:47:27.486  2747  2799 I _benchmark.test: Starting a blocking GC Alloc
04-18 00:47:27.497  2747  2799 I _benchmark.test: Alloc young concurrent copying GC freed 634952(13MB) AllocSpace objects, 0(0B) LOS objects, 81% free, 3150KB/16MB, paused 130us,46us total 10.451ms
04-18 00:47:27.519  2747  2799 I _benchmark.test: Starting a blocking GC Alloc
04-18 00:47:27.519  2747  2799 I _benchmark.test: Starting a blocking GC Alloc
04-18 00:47:27.529  2747  2799 I _benchmark.test: Alloc young concurrent copying GC freed 623161(13MB) AllocSpace objects, 0(0B) LOS objects, 81% free, 3151KB/16MB, paused 130us,52us total 9.875ms
04-18 00:47:27.552  2747  2799 I _benchmark.test: Starting a blocking GC Alloc
04-18 00:47:27.552  2747  2799 I _benchmark.test: Starting a blocking GC Alloc
04-18 00:47:27.564  2747  2799 I _benchmark.test: Alloc young concurrent copying GC freed 611400(13MB) AllocSpace objects, 0(0B) LOS objects, 81% free, 3151KB/16MB, paused 130us,53us total 12.596ms
04-18 00:47:27.586  2747  2799 I _benchmark.test: Starting a blocking GC Alloc
04-18 00:47:27.586  2747  2799 I _benchmark.test: Starting a blocking GC Alloc
04-18 00:47:27.599  2747  2799 I _benchmark.test: Alloc young concurrent copying GC freed 599276(12MB) AllocSpace objects, 0(0B) LOS objects, 81% free, 3151KB/16MB, paused 135us,45us total 12.058ms
04-18 00:47:27.620  2747  2799 I _benchmark.test: Starting a blocking GC Alloc
04-18 00:47:27.620  2747  2799 I _benchmark.test: Starting a blocking GC Alloc
04-18 00:47:27.632  2747  2799 I _benchmark.test: Alloc young concurrent copying GC freed 587732(12MB) AllocSpace objects, 0(0B) LOS objects, 81% free, 3151KB/16MB, paused 140us,48us total 12.087ms
04-18 00:47:27.655  2747  2799 I _benchmark.test: Starting a blocking GC Alloc
04-18 00:47:27.655  2747  2799 I _benchmark.test: Starting a blocking GC Alloc
04-18 00:47:27.667  2747  2799 I _benchmark.test: Alloc young concurrent copying GC freed 576045(12MB) AllocSpace objects, 0(0B) LOS objects, 81% free, 3152KB/16MB, paused 137us,54us total 11.988ms
04-18 00:47:27.688  2747  2799 I _benchmark.test: Starting a blocking GC Alloc
04-18 00:47:27.688  2747  2799 I _benchmark.test: Starting a blocking GC Alloc
04-18 00:47:27.698  2747  2799 I _benchmark.test: Alloc young concurrent copying GC freed 563828(12MB) AllocSpace objects, 0(0B) LOS objects, 81% free, 3152KB/16MB, paused 135us,46us total 10.154ms
04-18 00:47:27.722  2747  2799 I _benchmark.test: Starting a blocking GC Alloc
04-18 00:47:27.722  2747  2799 I _benchmark.test: Starting a blocking GC Alloc
04-18 00:47:27.734  2747  2799 I _benchmark.test: Alloc young concurrent copying GC freed 552382(11MB) AllocSpace objects, 0(0B) LOS objects, 81% free, 3152KB/16MB, paused 138us,53us total 11.518ms
04-18 00:47:27.755  2747  2799 I _benchmark.test: Starting a blocking GC Alloc
04-18 00:47:27.755  2747  2799 I _benchmark.test: Starting a blocking GC Alloc
04-18 00:47:27.765  2747  2799 I _benchmark.test: Alloc young concurrent copying GC freed 540913(11MB) AllocSpace objects, 0(0B) LOS objects, 81% free, 3153KB/16MB, paused 144us,50us total 9.983ms
04-18 00:47:27.784  2747  2799 I _benchmark.test: Starting a blocking GC Alloc
04-18 00:47:27.784  2747  2799 I _benchmark.test: Starting a blocking GC Alloc
04-18 00:47:27.794  2747  2799 I _benchmark.test: Alloc young concurrent copying GC freed 529687(11MB) AllocSpace objects, 0(0B) LOS objects, 81% free, 3153KB/16MB, paused 125us,112us total 9.557ms
04-18 00:47:27.813  2747  2799 I _benchmark.test: Starting a blocking GC Alloc
04-18 00:47:27.813  2747  2799 I _benchmark.test: Starting a blocking GC Alloc
04-18 00:47:27.822  2747  2799 I _benchmark.test: Alloc young concurrent copying GC freed 517729(11MB) AllocSpace objects, 0(0B) LOS objects, 81% free, 3153KB/16MB, paused 141us,54us total 9.248ms
04-18 00:47:27.841  2747  2799 I _benchmark.test: Starting a blocking GC Alloc
04-18 00:47:27.841  2747  2799 I _benchmark.test: Starting a blocking GC Alloc
04-18 00:47:27.851  2747  2799 I _benchmark.test: Alloc young concurrent copying GC freed 505950(10MB) AllocSpace objects, 0(0B) LOS objects, 81% free, 3153KB/16MB, paused 131us,53us total 10.126ms
04-18 00:47:27.870  2747  2799 I _benchmark.test: Starting a blocking GC Alloc
04-18 00:47:27.870  2747  2799 I _benchmark.test: Starting a blocking GC Alloc
04-18 00:47:27.880  2747  2799 I _benchmark.test: Alloc young concurrent copying GC freed 494059(10MB) AllocSpace objects, 0(0B) LOS objects, 81% free, 3154KB/16MB, paused 133us,56us total 9.788ms
04-18 00:47:27.898  2747  2799 I _benchmark.test: Starting a blocking GC Alloc
04-18 00:47:27.898  2747  2799 I _benchmark.test: Starting a blocking GC Alloc
04-18 00:47:27.911  2747  2799 I _benchmark.test: Alloc young concurrent copying GC freed 482128(10MB) AllocSpace objects, 0(0B) LOS objects, 81% free, 3154KB/16MB, paused 131us,50us total 12.420ms
04-18 00:47:27.911  2747  2782 I _benchmark.test: WaitForGcToComplete blocked HeapTrim on Alloc for 12.431ms
04-18 00:47:27.928  2747  2799 I _benchmark.test: Starting a blocking GC Alloc
04-18 00:47:27.928  2747  2799 I _benchmark.test: Starting a blocking GC Alloc
04-18 00:47:27.940  2747  2799 I _benchmark.test: Alloc young concurrent copying GC freed 470377(10MB) AllocSpace objects, 0(0B) LOS objects, 81% free, 3154KB/16MB, paused 131us,51us total 12.072ms
04-18 00:47:27.957  2747  2799 I _benchmark.test: Starting a blocking GC Alloc
04-18 00:47:27.958  2747  2799 I _benchmark.test: Starting a blocking GC Alloc
04-18 00:47:27.968  2747  2799 I _benchmark.test: Alloc young concurrent copying GC freed 458629(9999KB) AllocSpace objects, 0(0B) LOS objects, 81% free, 3154KB/16MB, paused 133us,55us total 10.048ms
04-18 00:47:27.984  2747  2799 I _benchmark.test: Starting a blocking GC Alloc
04-18 00:47:27.984  2747  2799 I _benchmark.test: Starting a blocking GC Alloc
04-18 00:47:27.994  2747  2799 I _benchmark.test: Alloc young concurrent copying GC freed 446775(9743KB) AllocSpace objects, 0(0B) LOS objects, 81% free, 3155KB/16MB, paused 140us,48us total 9.488ms
04-18 00:47:28.010  2747  2799 I _benchmark.test: Starting a blocking GC Alloc
04-18 00:47:28.010  2747  2799 I _benchmark.test: Starting a blocking GC Alloc
04-18 00:47:28.022  2747  2799 I _benchmark.test: Alloc young concurrent copying GC freed 435212(9487KB) AllocSpace objects, 0(0B) LOS objects, 81% free, 3155KB/16MB, paused 135us,50us total 11.525ms
04-18 00:47:28.037  2747  2799 I _benchmark.test: Starting a blocking GC Alloc
04-18 00:47:28.038  2747  2799 I _benchmark.test: Starting a blocking GC Alloc
04-18 00:47:28.047  2747  2799 I _benchmark.test: Alloc young concurrent copying GC freed 423161(9231KB) AllocSpace objects, 0(0B) LOS objects, 81% free, 3155KB/16MB, paused 137us,52us total 9.794ms
04-18 00:47:28.063  2747  2799 I _benchmark.test: Starting a blocking GC Alloc
04-18 00:47:28.063  2747  2799 I _benchmark.test: Starting a blocking GC Alloc
04-18 00:47:28.073  2747  2799 I _benchmark.test: Alloc young concurrent copying GC freed 411370(8975KB) AllocSpace objects, 0(0B) LOS objects, 81% free, 3155KB/16MB, paused 134us,53us total 10.470ms
04-18 00:47:28.088  2747  2799 I _benchmark.test: Starting a blocking GC Alloc
04-18 00:47:28.088  2747  2799 I _benchmark.test: Starting a blocking GC Alloc
04-18 00:47:28.096  2747  2799 I _benchmark.test: Alloc young concurrent copying GC freed 399478(8719KB) AllocSpace objects, 0(0B) LOS objects, 81% free, 3156KB/16MB, paused 137us,53us total 8.435ms
04-18 00:47:28.111  2747  2799 I _benchmark.test: Starting a blocking GC Alloc
04-18 00:47:28.111  2747  2799 I _benchmark.test: Starting a blocking GC Alloc
04-18 00:47:28.120  2747  2799 I _benchmark.test: Alloc young concurrent copying GC freed 388049(8463KB) AllocSpace objects, 0(0B) LOS objects, 81% free, 3156KB/16MB, paused 133us,53us total 8.866ms
04-18 00:47:28.134  2747  2799 I _benchmark.test: Starting a blocking GC Alloc
04-18 00:47:28.134  2747  2799 I _benchmark.test: Starting a blocking GC Alloc
04-18 00:47:28.145  2747  2799 I _benchmark.test: Alloc young concurrent copying GC freed 376380(8207KB) AllocSpace objects, 0(0B) LOS objects, 81% free, 3156KB/16MB, paused 171us,61us total 11.357ms
04-18 00:47:28.160  2747  2799 I _benchmark.test: Starting a blocking GC Alloc
04-18 00:47:28.160  2747  2799 I _benchmark.test: Starting a blocking GC Alloc
04-18 00:47:28.170  2747  2799 I _benchmark.test: Alloc young concurrent copying GC freed 364070(7951KB) AllocSpace objects, 0(0B) LOS objects, 81% free, 3156KB/16MB, paused 160us,48us total 9.070ms
04-18 00:47:28.184  2747  2799 I _benchmark.test: Starting a blocking GC Alloc
04-18 00:47:28.184  2747  2799 I _benchmark.test: Starting a blocking GC Alloc
04-18 00:47:28.193  2747  2799 I _benchmark.test: Alloc young concurrent copying GC freed 352658(7695KB) AllocSpace objects, 0(0B) LOS objects, 81% free, 3157KB/16MB, paused 165us,58us total 8.810ms
04-18 00:47:28.207  2747  2799 I _benchmark.test: Starting a blocking GC Alloc
04-18 00:47:28.207  2747  2799 I _benchmark.test: Starting a blocking GC Alloc
04-18 00:47:28.216  2747  2799 I _benchmark.test: Alloc young concurrent copying GC freed 340875(7439KB) AllocSpace objects, 0(0B) LOS objects, 81% free, 3157KB/16MB, paused 153us,60us total 8.654ms
04-18 00:47:28.228  2747  2799 I _benchmark.test: Starting a blocking GC Alloc
04-18 00:47:28.228  2747  2799 I _benchmark.test: Starting a blocking GC Alloc
04-18 00:47:28.238  2747  2799 I _benchmark.test: Alloc young concurrent copying GC freed 328953(7183KB) AllocSpace objects, 0(0B) LOS objects, 81% free, 3157KB/16MB, paused 132us,56us total 10.124ms
04-18 00:47:28.250  2747  2799 I _benchmark.test: Starting a blocking GC Alloc
04-18 00:47:28.250  2747  2799 I _benchmark.test: Starting a blocking GC Alloc
04-18 00:47:28.258  2747  2799 I _benchmark.test: Alloc young concurrent copying GC freed 317373(6927KB) AllocSpace objects, 0(0B) LOS objects, 81% free, 3157KB/16MB, paused 132us,51us total 8.246ms
04-18 00:47:28.270  2747  2799 I _benchmark.test: Starting a blocking GC Alloc
04-18 00:47:28.270  2747  2799 I _benchmark.test: Starting a blocking GC Alloc
04-18 00:47:28.278  2747  2799 I _benchmark.test: Alloc young concurrent copying GC freed 305406(6671KB) AllocSpace objects, 0(0B) LOS objects, 81% free, 3158KB/16MB, paused 136us,59us total 8.430ms
04-18 00:47:28.289  2747  2799 I _benchmark.test: Starting a blocking GC Alloc
04-18 00:47:28.289  2747  2799 I _benchmark.test: Starting a blocking GC Alloc
04-18 00:47:28.298  2747  2799 I _benchmark.test: Alloc young concurrent copying GC freed 293652(6415KB) AllocSpace objects, 0(0B) LOS objects, 81% free, 3158KB/16MB, paused 133us,60us total 8.154ms
04-18 00:47:28.308  2747  2799 I _benchmark.test: Starting a blocking GC Alloc
04-18 00:47:28.308  2747  2799 I _benchmark.test: Starting a blocking GC Alloc
04-18 00:47:28.318  2747  2799 I _benchmark.test: Alloc young concurrent copying GC freed 282523(6159KB) AllocSpace objects, 0(0B) LOS objects, 81% free, 3158KB/16MB, paused 135us,50us total 10.126ms
04-18 00:47:28.328  2747  2799 I _benchmark.test: Starting a blocking GC Alloc
04-18 00:47:28.329  2747  2799 I _benchmark.test: Starting a blocking GC Alloc
04-18 00:47:28.338  2747  2799 I _benchmark.test: Alloc young concurrent copying GC freed 270680(5903KB) AllocSpace objects, 0(0B) LOS objects, 81% free, 3158KB/16MB, paused 133us,55us total 9.713ms
04-18 00:47:28.348  2747  2799 I _benchmark.test: Starting a blocking GC Alloc
04-18 00:47:28.348  2747  2799 I _benchmark.test: Starting a blocking GC Alloc
04-18 00:47:28.358  2747  2799 I _benchmark.test: Alloc young concurrent copying GC freed 258973(5647KB) AllocSpace objects, 0(0B) LOS objects, 81% free, 3159KB/16MB, paused 130us,52us total 9.894ms
04-18 00:47:28.367  2747  2799 I _benchmark.test: Starting a blocking GC Alloc
04-18 00:47:28.367  2747  2799 I _benchmark.test: Starting a blocking GC Alloc
04-18 00:47:28.376  2747  2799 I _benchmark.test: Alloc young concurrent copying GC freed 247122(5391KB) AllocSpace objects, 0(0B) LOS objects, 81% free, 3159KB/16MB, paused 134us,53us total 8.830ms
04-18 00:47:28.385  2747  2799 I _benchmark.test: Starting a blocking GC Alloc
04-18 00:47:28.385  2747  2799 I _benchmark.test: Starting a blocking GC Alloc
04-18 00:47:28.395  2747  2799 I _benchmark.test: Alloc young concurrent copying GC freed 235304(5135KB) AllocSpace objects, 0(0B) LOS objects, 81% free, 3159KB/16MB, paused 135us,58us total 9.655ms
04-18 00:47:28.403  2747  2799 I _benchmark.test: Starting a blocking GC Alloc
04-18 00:47:28.403  2747  2799 I _benchmark.test: Starting a blocking GC Alloc
04-18 00:47:28.423  2747  2799 I _benchmark.test: Alloc concurrent copying GC freed 235318(5149KB) AllocSpace objects, 0(0B) LOS objects, 68% free, 2889KB/9033KB, paused 134us,50us total 19.287ms
04-18 00:47:28.618  5628  9811 D SemWifiUsabilityStatsMonitor: onWifiUsabilityStats - seqNum 23696, isSameBssidAndFreq true
04-18 00:47:28.622  8513  8513 D NetworkController.WifiSignalController: notifyListener: visible=true, connected=true, inetCondition=1, isDefault=true, wifiTestReported=true, receivedInetCondition=-1, hideDuringMobileSwitching=false
04-18 00:47:28.623  5628  8422 I SemWifiLinkQualityMonitor: Link Qos Query: 0.018 ms / 433.000 Mbps (433 / 0.000 / 1.000)
04-18 00:47:28.625  8513  8599 D Tile.WifiTile: handleUpdateState isTransient=false transientEnabling =false cb.isTransient=false state.state = 2 mStateBeforeClick.value =false enabled =true
04-18 00:47:30.217  4066  4066 I LiveIconUpdateEventHandler: onReceive: Intent { act=com.samsung.action.EVERY_MINUTE_CLOCK_UPDATE flg=0x10 }
04-18 00:47:30.217  4066  4066 I LiveIconUpdateEventHandler: onReceive: com.samsung.action.EVERY_MINUTE_CLOCK_UPDATE
04-18 00:47:30.218  4066  4128 I LiveIconUpdateEventHandler: LiveIcon DateChanged
04-18 00:47:30.218  4066  4128 I LiveIconUpdateEventHandler: updateLiveIcon type:0
04-18 00:47:30.221  4066  4128 I LiveIconUpdateEventHandler: cancelMinuteChangeAlarm
04-18 00:47:30.231  4066  4128 I LiveIconUpdateEventHandler: setMinuteChangeAlarm Tue Apr 18 00:48:00 GMT+02:00 2023
04-18 00:47:31.291  5628  5992 D PackageManager: setEnabledSetting : userId = 0 packageName = com.Slack cmp = androidx.work.impl.background.systemalarm.RescheduleReceiver newState = 1 callingPackage = 10329/com.Slack
04-18 00:47:31.293  5628  5992 D ApplicationPolicy: getApplicationStateEnabled : pkg = com.Slack userId : 0
04-18 00:47:31.294  5628  5992 D ApplicationPolicy: getApplicationComponentState : pkg = com.Slack userId : 0
04-18 00:47:31.324  5628  5714 W libprocessgroup: Failed to open /dev/blkio//cgroup.procs: No such file or directory
04-18 00:47:31.342  8525  8765 D ConnectivityManager: StackLog: [android.net.ConnectivityManager.sendRequestForNetwork(ConnectivityManager.java:4191)] [android.net.ConnectivityManager.registerDefaultNetworkCallbackForUid(ConnectivityManager.java:4755)] [android.net.ConnectivityManager.registerDefaultNetworkCallback(ConnectivityManager.java:4722)] [android.net.ConnectivityManager.registerDefaultNetworkCallback(ConnectivityManager.java:4696)] [androidx.work.impl.utils.NetworkApi24.registerDefaultNetworkCallbackCompat(Unknown Source:10)] [androidx.work.impl.constraints.trackers.NetworkStateTracker24.startTracking(Unknown Source:15)] [androidx.work.impl.constraints.controllers.ConstraintController.replace(Unknown Source:130)] [androidx.work.impl.constraints.WorkConstraintsTrackerImpl.replace(Unknown Source:41)] [androidx.work.impl.background.greedy.GreedyScheduler.schedule(Unknown Source:300)] [androidx.work.impl.Schedulers.schedule(Unknown Source:149)] [androidx.work.impl.utils.EnqueueRunnable.run(Unknown Source:53)] [androidx.work.Worker$2.run$androidx$work$impl$utils$SerialExecutorImpl$Task(Unknown Source:4)] [androidx.work.Worker$2.run(Unknown Source:868)] [java.util.concurrent.ThreadPoolExecutor.runWorker(ThreadPoolExecutor.java:1137)] [java.util.concurrent.ThreadPoolExecutor$Worker.run(ThreadPoolExecutor.java:637)] [java.lang.Thread.run(Thread.java:1012)]
04-18 00:47:31.344  5628  9014 D ConnectivityService: requestNetwork for uid/pid:10329/8525 activeRequest: null callbackRequest: 15821 [NetworkRequest [ REQUEST id=15822, [ Capabilities: INTERNET&NOT_RESTRICTED&TRUSTED&NOT_VCN_MANAGED Uid: 10329 RequestorUid: 10329 RequestorPkg: com.Slack UnderlyingNetworks: Null] ]] callback flags: 0 order: 2147483647
04-18 00:47:31.345  5628  8367 D ConnectivityService:    accepting network in place of null
04-18 00:47:31.356  5628  8356 D WifiNetworkFactory: got request NetworkRequest [ REQUEST id=15822, [ Capabilities: INTERNET&NOT_RESTRICTED&TRUSTED&NOT_VCN_MANAGED Uid: 10329 RequestorUid: 10329 RequestorPkg: com.Slack UnderlyingNetworks: Null] ]
04-18 00:47:31.357  5628  8356 D UntrustedWifiNetworkFactory: got request NetworkRequest [ REQUEST id=15822, [ Capabilities: INTERNET&NOT_RESTRICTED&TRUSTED&NOT_VCN_MANAGED Uid: 10329 RequestorUid: 10329 RequestorPkg: com.Slack UnderlyingNetworks: Null] ]
04-18 00:47:31.359  5628  8356 D OemPaidWifiNetworkFactory: got request NetworkRequest [ REQUEST id=15822, [ Capabilities: INTERNET&NOT_RESTRICTED&TRUSTED&NOT_VCN_MANAGED Uid: 10329 RequestorUid: 10329 RequestorPkg: com.Slack UnderlyingNetworks: Null] ]
04-18 00:47:31.360  5628  8356 D MultiInternetWifiNetworkFactory: got request NetworkRequest [ REQUEST id=15822, [ Capabilities: INTERNET&NOT_RESTRICTED&TRUSTED&NOT_VCN_MANAGED Uid: 10329 RequestorUid: 10329 RequestorPkg: com.Slack UnderlyingNetworks: Null] ]
04-18 00:47:31.367  5628  8367 D ConnectivityService: Rematched networks [computed 1ms] [applied 4ms] [issued 18]
04-18 00:47:31.368  5628  8367 D ConnectivityService: NetworkReassignment :
04-18 00:47:31.368  5628  8367 D ConnectivityService:   15822 : null → 117
04-18 00:47:31.382  8525  8525 D ConnectivityManager: StackLog: [android.net.ConnectivityManager.unregisterNetworkCallback(ConnectivityManager.java:4863)] [androidx.work.impl.utils.NetworkApi21.unregisterNetworkCallbackCompat(Unknown Source:10)] [androidx.work.impl.constraints.trackers.NetworkStateTracker24.stopTracking(Unknown Source:15)] [androidx.work.impl.constraints.trackers.ConstraintTracker.removeListener(Unknown Source:24)] [androidx.work.impl.constraints.controllers.ConstraintController.replace(Unknown Source:81)] [androidx.work.impl.constraints.WorkConstraintsTrackerImpl.replace(Unknown Source:41)] [androidx.work.impl.background.greedy.GreedyScheduler.onExecuted(Unknown Source:55)] [androidx.work.impl.Processor.onExecuted(Unknown Source:59)] [com.bugsnag.android.DeliveryDelegate$1.run(Unknown Source:212)]
04-18 00:47:31.384  5628  8367 D ConnectivityService:  Removing from current network [117 WIFI], leaving 160 requests.
04-18 00:47:31.425  8527  8766 W WM-WorkSpec: Flex duration lesser than minimum allowed value; Changed to 300000
04-18 00:47:31.632  9475  9546 W CrashLoopRemedyLog: unable to delete remedy log, instaCrash: true
04-18 00:47:31.641  5628  9811 D SemWifiUsabilityStatsMonitor: onWifiUsabilityStats - seqNum 23697, isSameBssidAndFreq true
04-18 00:47:31.643  5628  8422 I SemWifiLinkQualityMonitor: Link Qos Query: 0.018 ms / 433.000 Mbps (433 / 0.000 / 1.000)
04-18 00:47:33.041  2747  2799 D Benchmark: timeNs[ 0:10]: 410129346 414179807 396611961 403328192 434863269 417252692 414675000 427937615 402647884 405251884
04-18 00:47:33.041  2747  2799 D Benchmark: timeNs[10:20]: 414838731 417435692 411976422 406805461 389031538 390403654 417954115 410714346 417176615 394465615
04-18 00:47:33.041  2747  2799 D Benchmark: timeNs[20:30]: 400602884 402702038 414039692 386418731 418748307 415709423 419257654 411836615 414618230 414325153
04-18 00:47:33.041  2747  2799 D Benchmark: timeNs[30:40]: 411148499 422144884 420124846 413873923 453462808 521534076 559817346 422304769 351799076 367226423
04-18 00:47:33.041  2747  2799 D Benchmark: timeNs[40:50]: 352406346 358763384 364570307 353083230 351808461 371391231 360296923 360448000 360983962 363077000
04-18 00:47:33.816  2747  2799 W _benchmark.test: Suspending all threads took: 8.392ms
04-18 00:47:33.843  2747  2799 W _benchmark.test: Suspending all threads took: 26.157ms
04-18 00:47:34.673  5628  9811 D SemWifiUsabilityStatsMonitor: onWifiUsabilityStats - seqNum 23698, isSameBssidAndFreq true
04-18 00:47:34.677  8513  8513 D NetworkController.WifiSignalController: notifyListener: visible=true, connected=true, inetCondition=1, isDefault=true, wifiTestReported=true, receivedInetCondition=-1, hideDuringMobileSwitching=false
04-18 00:47:34.678  5628  8422 I SemWifiLinkQualityMonitor: Link Qos Query: 0.037 ms / 216.500 Mbps (433 / 0.000 / 2.000)
04-18 00:47:34.679  8513  8599 D Tile.WifiTile: handleUpdateState isTransient=false transientEnabling =false cb.isTransient=false state.state = 2 mStateBeforeClick.value =false enabled =true
04-18 00:47:36.925  2747  2799 D Benchmark: allocationCount[ 0:10]: 9077891 9077887 9077881 9077879 9077889
04-18 00:47:36.925  2747  2799 D Benchmark: Set 2799 (Bench thread) to priority -8. Was -20, now -8
04-18 00:47:36.925  2747  2799 D Benchmark: Set 2781 (Jit) to priority 9. Was -15, now 9
04-18 00:47:36.925  2747  2799 D Benchmark: Warmup: t=12.403, iter=30, fastAvg=408626368, slowAvg=486427936
04-18 00:47:36.925  2747  2799 I PerfettoCapture: Stopping perfetto.
04-18 00:47:36.975  8318  8318 I perfetto:    perfetto_cmd.cc:1168 SIGINT/SIGTERM received: disabling tracing.
04-18 00:47:36.988  2747  2799 D Benchmark: kill -TERM command output -
04-18 00:47:36.992  5403  5403 I perfetto:  probes_producer.cc:396 Producer stop (id=469)
04-18 00:47:36.995  5403  5403 I perfetto:    ftrace_procfs.cc:342 disabled ftrace in /sys/kernel/tracing/
04-18 00:47:37.053  4378  4378 I hwservicemanager: getTransport: Cannot find entry android.hardware.atrace@1.0::IAtraceDevice/default in either framework or device VINTF manifest.
04-18 00:47:37.060  5403  5403 I perfetto:  probes_producer.cc:396 Producer stop (id=470)
04-18 00:47:37.061  5403  5403 I perfetto:  probes_producer.cc:396 Producer stop (id=471)
04-18 00:47:37.105  5224  5224 E audit   : type=1400 audit(1681771657.098:60027): avc:  denied  { getattr } for  pid=5628 comm="BinderProcsColl" path="/sys/kernel/debug/binder/proc/5628" dev="debugfs" ino=25430 scontext=u:r:system_server:s0 tcontext=u:object_r:sec_debugfs:s0 tclass=file permissive=0 SEPF_SM-A515F_13_0001 audit_filtered
04-18 00:47:37.105  5224  5224 E audit   : type=1300 audit(1681771657.098:60027): arch=c00000b7 syscall=79 success=no exit=-13 a0=ffffff9c a1=7d1fe33e10 a2=7cffd5d680 a3=0 items=0 ppid=5250 pid=5628 auid=4294967295 uid=1000 gid=1000 euid=1000 suid=1000 fsuid=1000 egid=1000 sgid=1000 fsgid=1000 tty=(none) ses=4294967295 comm="BinderProcsColl" exe="/system/bin/app_process64" subj=u:r:system_server:s0 key=(null)
04-18 00:47:37.105  5224  5224 E audit   : type=1327 audit(1681771657.098:60027): proctitle="system_server"
04-18 00:47:37.136  8318  8318 I perfetto:    perfetto_cmd.cc:1124 Trace written into the output file
04-18 00:47:37.152  5406  5406 I perfetto: ng_service_impl.cc:2426 Tracing session 118 ended, total sessions:0
04-18 00:47:37.615  2747  2799 D Benchmark: Waiting 500 ms for [ProcessPid(processName=perfetto, pid=8318)] to die
04-18 00:47:37.718  5628  9811 D SemWifiUsabilityStatsMonitor: onWifiUsabilityStats - seqNum 23699, isSameBssidAndFreq true
04-18 00:47:37.721  5628  8422 I SemWifiLinkQualityMonitor: Link Qos Query: 0.037 ms / 216.500 Mbps (433 / 0.000 / 2.000)
04-18 00:47:37.722  8513  8513 D NetworkController.WifiSignalController: notifyListener: visible=true, connected=true, inetCondition=1, isDefault=true, wifiTestReported=true, receivedInetCondition=-1, hideDuringMobileSwitching=false
04-18 00:47:37.725  8513  8599 D Tile.WifiTile: handleUpdateState isTransient=false transientEnabling =false cb.isTransient=false state.state = 2 mStateBeforeClick.value =false enabled =true
04-18 00:47:37.759  2747  2799 I PerfettoCapture: Writing to /storage/emulated/0/Android/data/org.jetbrains.android_benchmark.test/cache/Wolf3dBenchmark_baselineDouble_2023-04-17-22-47-36.perfetto-trace.
04-18 00:47:38.563  2747  2799 D Benchmark: Copying /storage/emulated/0/Android/data/org.jetbrains.android_benchmark.test/cache/Wolf3dBenchmark_baselineDouble_2023-04-17-22-47-36.perfetto-trace to /sdcard/Android/media/org.jetbrains.android_benchmark.test/additional_test_output/Wolf3dBenchmark_baselineDouble_2023-04-17-22-47-36.perfetto-trace
04-18 00:47:38.619 10919  8279 W MediaProvider: isAppCloneUserPair for user 0: false
04-18 00:47:38.765  7170  7440 I ContactsProvider_EventLog: cp_s: [CONTACT con(158) dat(1085) acc({sim(3)=15, sec(6)=1, org.telegram.messenger(228)=101, sim2(4)=1, google(2)=81, com.whatsapp(14)=39}) calls([logtype:100 cnt:867, logtype:200 cnt:5, logtype:300 cnt:495, logtype:1000 cnt:604, logtype:1150 cnt:161]) Iso(RS) uId(0) ]
04-18 00:47:38.765  7170  7440 I ContactsProvider_EventLog: cp_s: [ agr({[3]=15, [14]=1, [4]=1, [2 ,14]=4, [2 ,2]=2, [2]=33, [6 ,14]=1, [2 ,14 ,228]=32, [2 ,228]=6, [228]=62, [2 ,2 ,14 ,228]=1}) ]
04-18 00:47:38.765  7170  7440 I ContactsProvider_EventLog: cp_s: [ cnt({acore(7170)=1}) ]
04-18 00:47:38.765  7170  7440 I ContactsProvider_EventLog: cp_s: [PROFILE con(1) dat(1) acc({vnd.sec.contact.phone=1}) ] [SAPROFILE ]
04-18 00:47:38.765  7170  7440 I ContactsProvider_EventLog: cp_s: [STATE R(T) ]
04-18 00:47:39.015  5628  8565 D SyncManager: userId - 0 auto - true
04-18 00:47:39.189  5628  5714 W libprocessgroup: Failed to open /dev/blkio//cgroup.procs: No such file or directory
04-18 00:47:39.214 18943 10052 I NetworkScheduler.Stats: Task com.google.android.gms/com.google.android.gms.ipa.base.IpaGcmTaskService started execution. cause:9 exec_start_elapsed_seconds: 204704 [CONTEXT service_id=218 ]
04-18 00:47:39.258 18943  8081 I NetworkScheduler.Stats: Task com.google.android.gms/com.google.android.gms.ipa.base.IpaGcmTaskService finished executing. cause:9 result: 1 elapsed_millis: 88 uptime_millis: 88 exec_start_elapsed_seconds: 204704 [CONTEXT service_id=218 ]
04-18 00:47:39.281  8527  8766 W WM-WorkSpec: Flex duration lesser than minimum allowed value; Changed to 300000
04-18 00:47:39.364 18943 18961 I .gms.persistent: Background concurrent copying GC freed 324069(17MB) AllocSpace objects, 3(180KB) LOS objects, 50% free, 16MB/33MB, paused 119us,73us total 196.520ms
04-18 00:47:39.368  5224  5224 E audit   : type=1400 audit(1681771659.362:60028): avc:  denied  { read } for  pid=401 comm="binder:401_3" name="u:object_r:perf_prop:s0" dev="tmpfs" ino=16829 scontext=u:r:gmscore_app:s0:c512,c768 tcontext=u:object_r:perf_prop:s0 tclass=file permissive=0 SEPF_SM-A515F_13_0001 audit_filtered
04-18 00:47:39.369  5224  5224 E audit   : type=1300 audit(1681771659.362:60028): arch=c00000b7 syscall=56 success=no exit=-13 a0=ffffff9c a1=7d7537f2f8 a2=88000 a3=0 items=0 ppid=5250 pid=401 auid=4294967295 uid=10226 gid=10226 euid=10226 suid=10226 fsuid=10226 egid=10226 sgid=10226 fsgid=10226 tty=(none) ses=4294967295 comm="binder:401_3" exe="/system/bin/app_process64" subj=u:r:gmscore_app:s0:c512,c768 key=(null)
04-18 00:47:39.369  5224  5224 E audit   : type=1327 audit(1681771659.362:60028): proctitle="com.google.android.gms"
04-18 00:47:39.369   401   420 W libc    : Access denied finding property "sys.perf.boostopt"
04-18 00:47:39.369  4376  4376 I lmkd    : 2(delay), 0(swap), 0(freelimit), 0(reentrymode) memory pressure events were skipped after a kill!
04-18 00:47:39.371  5628  8409 I ChimeraAggressivePolicyHandler: executePolicy() - triggerSource: TRIGGER_SOURCE_LMKD
04-18 00:47:39.373  5628  8409 I ChimeraAggressivePolicyHandler: available memory: 947548, free memory target: 870400, quit chimera
04-18 00:47:39.546  5628  5714 W libprocessgroup: Failed to open /dev/blkio//cgroup.procs: No such file or directory
04-18 00:47:39.609  8085  8085 I SCS@AiSearch user 0: (ObserverWorker::AOSP_MP) [main] entering in startWork():
04-18 00:47:39.609  8085  8085 I SCS@AiSearch user 0: (BaseCollector::AOSP_MP) [main] entering in onChange():
04-18 00:47:39.611  8085  8150 I SCS@AiSearch user 0: (BaseCollector::AOSP_MP) [AOSP_MP-0] entering in collectChanges():
04-18 00:47:39.624  5628  5992 D PackageManager: setEnabledSetting : userId = 0 packageName = com.samsung.android.scs cmp = androidx.work.impl.background.systemalarm.RescheduleReceiver newState = 1 callingPackage = 10380/com.samsung.android.scs
04-18 00:47:39.626  5628  5992 D ApplicationPolicy: getApplicationStateEnabled : pkg = com.samsung.android.scs userId : 0
04-18 00:47:39.628  5628  5992 D ApplicationPolicy: getApplicationComponentState : pkg = com.samsung.android.scs userId : 0
04-18 00:47:39.666  4376  4376 I lmkd    : cached 2, sandbox(not0) 0
04-18 00:47:39.672  4376  4376 I lmkd    : Reclaim 'com.linkedin.android' (8527), uid 10006, oom_score_adj 935, state 19 to free 100676kB rss, 28316kb swap
04-18 00:47:39.673  4376  4376 I lmkd    : Reclaimed 128992kB at oom_score_adj 850
04-18 00:47:39.722 10919 11687 I FuseDaemon: Threshold exceeded - fadvising 67112960
04-18 00:47:39.722 10919 11687 I FuseDaemon: Threshold now 0
04-18 00:47:39.729  8085  8150 I SCS@AiSearch user 0: (BaseCollector::AOSP_MP) fetchInternal values : maxSyncId: 1000007771 indexCount: 1707 sourceCount: 1707
04-18 00:47:39.733  5628 11414 D ConnectivityService: ConnectivityService NetworkRequestInfo binderDied(uid/pid:10006/8527, [NetworkRequest [ REQUEST id=15799, [ Capabilities: INTERNET&NOT_RESTRICTED&TRUSTED&NOT_VCN_MANAGED Uid: 10006 RequestorUid: 10006 RequestorPkg: com.linkedin.android UnderlyingNetworks: Null] ]], android.os.BinderProxy@6ab2303)
04-18 00:47:39.733  5628  5992 D ConnectivityService: ConnectivityService NetworkRequestInfo binderDied(uid/pid:10006/8527, [NetworkRequest [ LISTEN id=15804, [ Capabilities: INTERNET&NOT_RESTRICTED&TRUSTED&FOREGROUND&NOT_VCN_MANAGED Uid: 10006 RequestorUid: 10006 RequestorPkg: com.linkedin.android UnderlyingNetworks: Null] ]], android.os.BinderProxy@2db0280)
04-18 00:47:39.733  5628 11254 D ConnectivityService: ConnectivityService NetworkRequestInfo binderDied(uid/pid:10006/8527, [NetworkRequest [ REQUEST id=15803, [ Capabilities: INTERNET&NOT_RESTRICTED&TRUSTED&NOT_VCN_MANAGED Uid: 10006 RequestorUid: 10006 RequestorPkg: com.linkedin.android UnderlyingNetworks: Null] ]], android.os.BinderProxy@e4b37b2)
04-18 00:47:39.733  5628  8367 D ConnectivityService: releasing NetworkRequest [ REQUEST id=15799, [ Capabilities: INTERNET&NOT_RESTRICTED&TRUSTED&NOT_VCN_MANAGED Uid: 10006 RequestorUid: 10006 RequestorPkg: com.linkedin.android UnderlyingNetworks: Null] ] (release request)
04-18 00:47:39.734  5628  8367 D ConnectivityService:  Removing from current network [117 WIFI], leaving 159 requests.
04-18 00:47:39.734  5628  8367 D ConnectivityService: releasing NetworkRequest [ REQUEST id=15803, [ Capabilities: INTERNET&NOT_RESTRICTED&TRUSTED&NOT_VCN_MANAGED Uid: 10006 RequestorUid: 10006 RequestorPkg: com.linkedin.android UnderlyingNetworks: Null] ] (release request)
04-18 00:47:39.735  5628  5712 I libprocessgroup: Successfully killed process cgroup uid 10006 pid 8527 in 0ms
04-18 00:47:39.735  5628  8367 D ConnectivityService:  Removing from current network [117 WIFI], leaving 157 requests.
04-18 00:47:39.737  5250  5250 I Zygote  : Process 8527 exited due to signal 9 (Killed)
04-18 00:47:39.807  8085  8150 I SCS@AiSearch user 0: (IndexManager) [AOSP_MP-0] entering in addIndex():
04-18 00:47:39.811  8085  8150 I SCS@AiSearch user 0: (BaseCollector::AOSP_MP) fetch: fetching took  124 ms
04-18 00:47:39.811  8085  8150 I SCS@AiSearch user 0: (BaseCollector::AOSP_MP) fetchChanges: applied 0 items
04-18 00:47:39.813  8085  8150 I SCS@AiSearch user 0: (BaseCollector::AOSP_MP) Collect finished. Result: true
04-18 00:47:39.829  4376  4376 I lmkd    : 3(delay), 0(swap), 0(freelimit), 0(reentrymode) memory pressure events were skipped after a kill!
04-18 00:47:39.829  4376  4376 I lmkd    : cached 2, sandbox(not0) 0
04-18 00:47:39.832  4376  4376 I lmkd    : Reclaim 'com.google.android.apps.photos' (7213), uid 10252, oom_score_adj 975, state 19 to free 68316kB rss, 28952kb swap
04-18 00:47:39.833  4376  4376 I lmkd    : Reclaimed 97268kB at oom_score_adj 0
04-18 00:47:39.837  8085  8120 I WM-WorkerWrapper: Worker result SUCCESS for Work [ id=cb4bc500-58f2-45a1-8f35-9965da7dfaec, tags={ com.sec.android.app.myfiles, com.samsung.android.scs.ai.search.data.collector.ObserverWorker } ]
04-18 00:47:39.865  5628  5882 D ConnectivityService: ConnectivityService NetworkRequestInfo binderDied(uid/pid:10252/7213, [NetworkRequest [ REQUEST id=15795, [ Capabilities: INTERNET&NOT_RESTRICTED&TRUSTED&NOT_VCN_MANAGED Uid: 10252 RequestorUid: 10252 RequestorPkg: com.google.android.apps.photos UnderlyingNetworks: Null] ]], android.os.BinderProxy@70e2f75)
04-18 00:47:39.866  5250  5250 I Zygote  : Process 7213 exited due to signal 9 (Killed)
04-18 00:47:39.866  5628  5712 I libprocessgroup: Successfully killed process cgroup uid 10252 pid 7213 in 0ms
04-18 00:47:39.867  5628  8367 D ConnectivityService: releasing NetworkRequest [ REQUEST id=15795, [ Capabilities: INTERNET&NOT_RESTRICTED&TRUSTED&NOT_VCN_MANAGED Uid: 10252 RequestorUid: 10252 RequestorPkg: com.google.android.apps.photos UnderlyingNetworks: Null] ] (release request)
04-18 00:47:39.868  5628  8367 D ConnectivityService:  Removing from current network [117 WIFI], leaving 156 requests.
04-18 00:47:39.894  8085  8120 I WM-WorkerWrapper: Setting status to enqueued for 88d03f43-5447-4cf9-949c-fb33977e74b6
