04-09 23:22:47.408 13828 13868 I TestRunner: started: valueFloat(org.jetbrains.android_benchmark.AndroidBenchmark)
04-09 23:22:47.411 13828 13828 I MonitoringInstr: Activities that are still in CREATED to STOPPED: 1
04-09 23:22:47.411 13828 13828 I MonitoringInstr: Finishing activity: androidx.benchmark.IsolationActivity@88dd6e9
04-09 23:22:47.419 13828 13868 I GrantPermissionCallable: Permission: android.permission.WRITE_EXTERNAL_STORAGE is already granted!
04-09 23:22:47.420 13828 13868 I GrantPermissionCallable: Permission: android.permission.READ_EXTERNAL_STORAGE is already granted!
04-09 23:22:47.420 13828 13868 D Benchmark: -- Running org.jetbrains.android_benchmark.AndroidBenchmark#valueFloat --
04-09 23:22:47.421 13828 13868 D PerfettoCapture: Supported ABIs: arm64-v8a, armeabi-v7a, armeabi
04-09 23:22:47.421 13828 13868 D PerfettoCapture: Recording perfetto trace
04-09 23:22:47.494 13828 13868 I PerfettoCapture: Cleanup perfetto before starting.
04-09 23:22:47.680  5665  5741 W libprocessgroup: Failed to open /dev/blkio//cgroup.procs: No such file or directory
04-09 23:22:47.700 13828 13868 I PerfettoCapture: Perfetto output file cleanup -
04-09 23:22:47.700 13828 13868 I PerfettoCapture: Starting perfetto tracing with cmd: cat /storage/emulated/0/Android/data/org.jetbrains.android_benchmark.test/cache/trace_config.pb | perfetto --background -c - -o /data/misc/perfetto-traces/trace_output.pb
04-09 23:22:47.703  7623  4144 I NetworkScheduler.Stats: Task com.google.android.gms/com.google.android.gms.ipa.base.IpaGcmTaskService started execution. cause:9 exec_start_elapsed_seconds: 3266 [CONTEXT service_id=218 ]
04-09 23:22:47.727  7623  4144 I NetworkScheduler.Stats: Task com.google.android.gms/com.google.android.gms.ipa.base.IpaGcmTaskService finished executing. cause:9 result: 1 elapsed_millis: 74 uptime_millis: 74 exec_start_elapsed_seconds: 3266 [CONTEXT service_id=218 ]
04-09 23:22:47.984  5944  5944 I perfetto:    perfetto_cmd.cc:1001 Connected to the Perfetto traced service, starting tracing
04-09 23:22:47.986  5428  5428 I perfetto: ing_service_impl.cc:953 Configured tracing session 14, #sources:4, duration:0 ms, #buffers:2, total buffer size:36864 KB, total sessions:1, uid:2000 session name: ""
04-09 23:22:47.988  5427  5427 I perfetto:  probes_producer.cc:139 Ftrace setup (target_buf=27)
04-09 23:22:48.043 13828 13868 I PerfettoCapture: Perfetto output - 5944
04-09 23:22:48.043 13828 13868 I PerfettoCapture: EXITCODE=0
04-09 23:22:48.091  4403  4403 I hwservicemanager: getTransport: Cannot find entry android.hardware.atrace@1.0::IAtraceDevice/default in either framework or device VINTF manifest.
04-09 23:22:48.126  5427  5427 I perfetto:    ftrace_procfs.cc:335 enabled ftrace in /sys/kernel/tracing/
04-09 23:22:48.181 13828 13868 I PerfettoCapture: Perfetto tracing started successfully with pid 5944.
04-09 23:22:48.275 13828 13868 I PerfettoCapture: /sys/kernel/tracing/tracing_on = 1, polled 0 times, capture fully started
04-09 23:22:48.488 13828 13868 D Benchmark: Set 13868 (Bench thread) to priority -20. Was -8, now -20
04-09 23:22:48.488 13828 13868 D Benchmark: Set 13843 (Jit) to priority -15. Was 9, now -15
04-09 23:22:48.512 13828 13868 I _benchmark.test: Explicit concurrent copying GC freed 240811(4286KB) AllocSpace objects, 1(20KB) LOS objects, 71% free, 2447KB/8591KB, paused 292us,124us total 22.783ms
04-09 23:22:48.645  7790  9193 I ContactsProvider_EventLog: cp_s: [CONTACT con(158) dat(1089) acc({sim(3)=15, sec(6)=1, org.telegram.messenger(228)=102, sim2(4)=1, google(2)=81, com.whatsapp(14)=39}) calls([logtype:100 cnt:866, logtype:200 cnt:5, logtype:300 cnt:495, logtype:1000 cnt:600, logtype:1150 cnt:161]) Iso(RS) uId(0) ]
04-09 23:22:48.645  7790  9193 I ContactsProvider_EventLog: cp_s: [ agr({[3]=15, [14]=1, [4]=1, [2 ,14]=4, [2 ,2]=2, [2]=32, [6 ,14]=1, [2 ,14 ,228]=32, [2 ,228]=7, [228]=62, [2 ,2 ,14 ,228]=1}) ]
04-09 23:22:48.645  7790  9193 I ContactsProvider_EventLog: cp_s: [ cnt({acore(7790)=1}) ]
04-09 23:22:48.645  7790  9193 I ContactsProvider_EventLog: cp_s: [PROFILE con(1) dat(1) acc({vnd.sec.contact.phone=1}) ] [SAPROFILE ]
04-09 23:22:48.645  7790  9193 I ContactsProvider_EventLog: cp_s: [STATE R(T) ]
04-09 23:22:48.682  5312  5312 E sehhealth-service: Could not open /sys/class/power_supply/battery/lrp
04-09 23:22:48.686  5665  5861 D MotionRecognitionService: [SAR]  onReceive : ACTION_BATTERY_CHANGED, Plugged: 2
04-09 23:22:48.688  6213  6213 D SemBigDataInfoController: Intent: android.intent.action.BATTERY_CHANGED
04-09 23:22:48.688  6213  6213 D SemBigDataInfoController: Intent: android.intent.action.BATTERY_CHANGED
04-09 23:22:48.689  5665  5665 D PhoneWindowManagerExt: ACTION_BATTERY_CHANGED - Level=71, status=2
04-09 23:22:48.691  5665  5665 D SemWifiApBroadcastReceiver: Received : android.intent.action.BATTERY_CHANGED
04-09 23:22:48.696  6284  6284 I AODBatteryManager: updateBatteryData: ACTION_BATTERY_CHANGED
04-09 23:22:48.701  6284  6284 I AODBatteryManager: saveBatteryData : AOD BatteryData [mBatteryLevel=71, mBatteryStatus=CHARGING, mBatteryPlugType=USB, mBatteryPlugged=true, mRemainingChargeTime=2718000, mBatteryChargingType=2, mBatteryChargerType=FAST, mBatteryOnline=NOT_DEFINED, mBatterySwellingMode=NONE, mBatteryProtectMode=false]
04-09 23:22:48.701  6284  6284 I ChargingInfoManager: updateChargingInfo: newState = AOD ChargingInfo [mState=BATTERY_AND_REMAIN_TIME, mIsCharging=true, mIsFullyCharged=false, mIsBatteryProtectMode=false], oldState = AOD ChargingInfo [mState=BATTERY_AND_REMAIN_TIME, mIsCharging=true, mIsFullyCharged=false, mIsBatteryProtectMode=false]
04-09 23:22:48.702  6284  6284 I PowerUI : mBootCompleted = true |  mFullyConnected = true
04-09 23:22:48.702  6284  6284 W PowerUI : Plug reason
04-09 23:22:48.702  6284  6284 W PowerUI : Skip charging animation - by plug status
04-09 23:22:48.702  6284  6284 D PowerUI : priorPlugType = 2 mPlugType = 2 priorBatteryStatus = 2 mBatteryStatus = 2
04-09 23:22:48.703  6284  6284 W PowerUI : Plug reason
04-09 23:22:48.703  6284 11242 D SecPowerUI.Notification: dismissing low battery warning: level=71
04-09 23:22:48.703  6284 11242 D SecPowerUI.Notification: updateNotification mWarning=false mPlaySound=false
04-09 23:22:48.703  6284 11242 D SecPowerUI.Notification: SecBatteryStatsSnapshot{batteryLevel=71, currentBatteryMode=0, chargingTime=2725000, chargingType=11, batteryHealth=2, automaticTestMode=false, isHiccupState=false}
04-09 23:22:48.704  6284  6284 W PowerUI : Skip charging sound - by plug status
04-09 23:22:48.704  6284  6284 I PowerUI : oldMisalign : false, curMisalign : false
04-09 23:22:48.705  6284 11242 D SecPowerUI.Notification: 1. restoreScreenTimeOut - saved_value : :
04-09 23:22:48.705  6284 11242 E SecPowerUI.Notification: no saved value, so we do nothing !!
04-09 23:22:48.706  6284  6284 D SecPowerUI.Notification: showChargingNotice oldChargingType : 11 currentChargingType : 11 oldChargingTime : 2725000 mChargingTime : 2718000
04-09 23:22:48.707  6284  6284 D SecPowerUI.Notification: showChargingNotification()
04-09 23:22:48.707  6284  6284 D SecPowerUI.Notification: SecBatteryStatsSnapshot{batteryLevel=71, currentBatteryMode=0, chargingTime=2718000, chargingType=11, batteryHealth=2, automaticTestMode=false, isHiccupState=false}
04-09 23:22:48.707  6284  6284 D PowerUi.ChargingNotification: showChargingNotification()
04-09 23:22:48.711  6284  6284 D PowerUi.ChargingNotification: showChargingNotification()
04-09 23:22:48.715  5665  8749 D ApplicationPolicy: isStatusBarNotificationAllowedAsUser: packageName = com.android.systemui,userId = 0
04-09 23:22:48.716  5665  8749 D ApplicationPolicy: isStatusBarNotificationAllowedAsUser: packageName = com.android.systemui,userId = -1
04-09 23:22:48.716  5665  8749 D ApplicationPolicy: isStatusBarNotificationAllowedAsUser: converting userId from USER_ALLto 0
04-09 23:22:48.718  6284  6284 D PowerUI : Battery swelling mode - priorBatterySwellingMode = 0 mBatterySwellingMode = 0 mBatteryStatus = 2
04-09 23:22:48.719  6284  6284 I PowerUI : mBatteryMiscEvent = 65536
04-09 23:22:48.719  6284  6284 D SamsungBatteryMeterDrawable: onBatteryLevelChanged isSomethingChanged: false
04-09 23:22:48.720  6284  6284 D SamsungBatteryMeterDrawable: onBatteryLevelChanged isSomethingChanged: false
04-09 23:22:48.721  6284  6284 D SamsungBatteryMeterDrawable: onBatteryLevelChanged isSomethingChanged: false
04-09 23:22:48.721  6284  6284 D SamsungBatteryMeterDrawable: onBatteryLevelChanged isSomethingChanged: false
04-09 23:22:48.722  6284  6284 D KeyguardUpdateMonitor: received broadcast android.intent.action.BATTERY_CHANGED
04-09 23:22:48.723  6284  6284 D KeyguardUpdateMonitor: handleBatteryUpdate
04-09 23:22:48.730  6284  6284 D KeyguardSecIndicationController: addIndicationTimeout() returned - unlocking
04-09 23:22:48.730  6284  6284 D KeyguardSecIndicationController: addIndication() returned - unlocking
04-09 23:22:48.731  6284  6284 D KeyguardSecIndicationController: addBatteryAndOwnerInfoIndication() battery status = BatteryStatus{status=2,level=71,plugged=2,health=2,maxChargingWattage=-1,remaining=2718000ultraFastCharger=1}
04-09 23:22:48.936  6210  6210 I FreeformContainer: [SmartPopupViewService] onNotificationPosted: StatusBarNotification(pkg=com.android.systemui user=UserHandle{-1} id=2131428959 tag=charging_state key=-1|com.android.systemui|2131428959|charging_state|10054: Notification(channel=CHR shortcut=null contentView=null vibrate=null sound=null defaults=0x0 flags=0xa color=0xff8b94ab category=sys groupKey=CHARGING vis=PUBLIC semFlags=0x0 semPriority=0 semMissedCount=0))
04-09 23:22:48.936  6210  6210 V FreeformContainer: [SmartPopupViewService] isSmartPopupViewTarget: com.android.systemui is not enabled
04-09 23:22:48.939  6284  6284 D BubblesManager: onRankingUpdate : shouldBubbleUp=false ,pkg=android ,key=-1|android|34|NetworkPolicy:945656281:34|1000
04-09 23:22:48.939  6284  6284 D BubblesManager: onRankingUpdate : shouldBubbleUp=false ,pkg=com.kms.free ,key=0|com.kms.free|42|null|10299
04-09 23:22:48.939  6284  6284 D BubblesManager: onRankingUpdate : shouldBubbleUp=false ,pkg=com.sec.android.app.shealth ,key=0|com.sec.android.app.shealth|105|null|10256
04-09 23:22:48.939  6284  6284 D BubblesManager: onRankingUpdate : shouldBubbleUp=false ,pkg=com.kms.free ,key=0|com.kms.free|1|null|10299
04-09 23:22:48.940  6284  6284 D BubblesManager: onRankingUpdate : shouldBubbleUp=false ,pkg=mrigapps.andriod.breakfree.deux ,key=0|mrigapps.andriod.breakfree.deux|2|null|10506
04-09 23:22:48.940  6284  6284 D BubblesManager: onRankingUpdate : shouldBubbleUp=false ,pkg=com.android.providers.downloads ,key=0|com.android.providers.downloads|0|3:1244|10068
04-09 23:22:48.940  6284  6284 D BubblesManager: onRankingUpdate : shouldBubbleUp=false ,pkg=android ,key=0|android|38|AccountManagerService:38:-904454848:838749127:10427|1000
04-09 23:22:48.940  6284  6284 D BubblesManager: onRankingUpdate : shouldBubbleUp=false ,pkg=android ,key=-1|android|27|null|1000
04-09 23:22:48.940  6284  6284 D BubblesManager: onRankingUpdate : shouldBubbleUp=false ,pkg=com.android.systemui ,key=-1|com.android.systemui|2131428959|charging_state|10054
04-09 23:22:48.941  6284  6315 D Bubbles : onRankingUpdated : isActiveOrInOverflow= false , mTmpRanking.canBubble()= false ,isActive= false ,shouldBubbleUp= false ,mTmpRanking.isBubble()= false
04-09 23:22:48.941  6284  6315 D Bubbles : onRankingUpdated : isActiveOrInOverflow= false , mTmpRanking.canBubble()= false ,isActive= false ,shouldBubbleUp= false ,mTmpRanking.isBubble()= false
04-09 23:22:48.941  6284  6315 D Bubbles : onRankingUpdated : isActiveOrInOverflow= false , mTmpRanking.canBubble()= false ,isActive= false ,shouldBubbleUp= false ,mTmpRanking.isBubble()= false
04-09 23:22:48.941  6284  6315 D Bubbles : onRankingUpdated : isActiveOrInOverflow= false , mTmpRanking.canBubble()= false ,isActive= false ,shouldBubbleUp= false ,mTmpRanking.isBubble()= false
04-09 23:22:48.941  6284  6315 D Bubbles : onRankingUpdated : isActiveOrInOverflow= false , mTmpRanking.canBubble()= false ,isActive= false ,shouldBubbleUp= false ,mTmpRanking.isBubble()= false
04-09 23:22:48.941  6284  6315 D Bubbles : onRankingUpdated : isActiveOrInOverflow= false , mTmpRanking.canBubble()= false ,isActive= false ,shouldBubbleUp= false ,mTmpRanking.isBubble()= false
04-09 23:22:48.941  6284  6315 D Bubbles : onRankingUpdated : isActiveOrInOverflow= false , mTmpRanking.canBubble()= false ,isActive= false ,shouldBubbleUp= false ,mTmpRanking.isBubble()= false
04-09 23:22:48.942  6284  6315 D Bubbles : onRankingUpdated : isActiveOrInOverflow= false , mTmpRanking.canBubble()= false ,isActive= false ,shouldBubbleUp= false ,mTmpRanking.isBubble()= false
04-09 23:22:48.942  6284  6315 D Bubbles : onRankingUpdated : isActiveOrInOverflow= false , mTmpRanking.canBubble()= false ,isActive= false ,shouldBubbleUp= false ,mTmpRanking.isBubble()= false
04-09 23:22:48.952  6837  6837 I Launcher.NotificationListener: onNotificationPosted : com.android.systemui number : 0
04-09 23:22:48.954  9619 10534 I NotificationPipeline: Processing new notification: -1|com.android.systemui|2131428959|charging_state|10054
04-09 23:22:48.954  9619 10534 E Notification4Heart_NB: WatchFactory.getWatch-lastConnectedNodeId is null
04-09 23:22:48.956  9619 10534 W Notification4Heart_NB: NotificationBridgeCallback.onNotificationPosted-never connected before
04-09 23:22:49.140  6284  6284 D BubblesManager: onEntryUpdated : shouldBubbleUp=false ,key=-1|com.android.systemui|2131428959|charging_state|10054
04-09 23:22:49.185  6284  6284 I FaceWidgetPositionAlgorithm: getMediaContainerHeight() height = 0 container Visibility = 8, isValid = false, mIsDozing = false, fraction = 1.0, source = 0, target = 0
04-09 23:22:49.185  6284  6284 I FaceWidgetPositionAlgorithm: getMediaContainerHeight() supplier = 0
04-09 23:22:49.226  6284  6284 I FaceWidgetPositionAlgorithm: getMediaContainerHeight() height = 0 container Visibility = 8, isValid = false, mIsDozing = false, fraction = 1.0, source = 0, target = 0
04-09 23:22:49.226  6284  6284 I FaceWidgetPositionAlgorithm: getMediaContainerHeight() supplier = 0
04-09 23:22:49.265  6284  6284 I FaceWidgetPositionAlgorithm: getMediaContainerHeight() height = 0 container Visibility = 8, isValid = false, mIsDozing = false, fraction = 1.0, source = 0, target = 0
04-09 23:22:49.265  6284  6284 I FaceWidgetPositionAlgorithm: getMediaContainerHeight() supplier = 0
04-09 23:22:53.725  6284  6284 D SecPowerUI.Notification: showChargingNotice oldChargingType : 11 currentChargingType : 11 oldChargingTime : 2718000 mChargingTime : 2718000
04-09 23:22:53.726  6284  6284 D SecPowerUI.Notification: There is no change about charging status, so return!
04-09 23:22:58.717  5312  5312 E sehhealth-service: Could not open /sys/class/power_supply/battery/lrp
04-09 23:22:58.722  5665  5861 D MotionRecognitionService: [SAR]  onReceive : ACTION_BATTERY_CHANGED, Plugged: 2
04-09 23:22:58.724  5665  5665 D PhoneWindowManagerExt: ACTION_BATTERY_CHANGED - Level=71, status=2
04-09 23:22:58.727  5665  5665 D SemWifiApBroadcastReceiver: Received : android.intent.action.BATTERY_CHANGED
04-09 23:22:58.729  6213  6213 D SemBigDataInfoController: Intent: android.intent.action.BATTERY_CHANGED
04-09 23:22:58.733  6284  6284 I PowerUI : mBootCompleted = true |  mFullyConnected = true
04-09 23:22:58.733  6284  6284 W PowerUI : Plug reason
04-09 23:22:58.733  6284  6284 W PowerUI : Skip charging animation - by plug status
04-09 23:22:58.733  6284  6284 D PowerUI : priorPlugType = 2 mPlugType = 2 priorBatteryStatus = 2 mBatteryStatus = 2
04-09 23:22:58.733  6284  6284 W PowerUI : Plug reason
04-09 23:22:58.733  6213  6213 D SemBigDataInfoController: Intent: android.intent.action.BATTERY_CHANGED
04-09 23:22:58.733  6284  6284 W PowerUI : Skip charging sound - by plug status
04-09 23:22:58.733  6284  6284 I PowerUI : oldMisalign : false, curMisalign : false
04-09 23:22:58.734  6284 11507 D SecPowerUI.Notification: dismissing low battery warning: level=71
04-09 23:22:58.734  6284 11507 D SecPowerUI.Notification: updateNotification mWarning=false mPlaySound=false
04-09 23:22:58.734  6284 11507 D SecPowerUI.Notification: SecBatteryStatsSnapshot{batteryLevel=71, currentBatteryMode=0, chargingTime=2718000, chargingType=11, batteryHealth=2, automaticTestMode=false, isHiccupState=false}
04-09 23:22:58.741  6284 11507 D SecPowerUI.Notification: 1. restoreScreenTimeOut - saved_value : :
04-09 23:22:58.741  6284 11507 E SecPowerUI.Notification: no saved value, so we do nothing !!
04-09 23:22:58.744  6284  6284 D SecPowerUI.Notification: showChargingNotice oldChargingType : 11 currentChargingType : 11 oldChargingTime : 2718000 mChargingTime : 2711000
04-09 23:22:58.744  6284  6284 D SecPowerUI.Notification: showChargingNotification()
04-09 23:22:58.744  6284  6284 D SecPowerUI.Notification: SecBatteryStatsSnapshot{batteryLevel=71, currentBatteryMode=0, chargingTime=2711000, chargingType=11, batteryHealth=2, automaticTestMode=false, isHiccupState=false}
04-09 23:22:58.744  6284  6284 D PowerUi.ChargingNotification: showChargingNotification()
04-09 23:22:58.748  6284  6284 D PowerUi.ChargingNotification: showChargingNotification()
04-09 23:22:58.757  5665  8749 D ApplicationPolicy: isStatusBarNotificationAllowedAsUser: packageName = com.android.systemui,userId = 0
04-09 23:22:58.757  5665  8749 D ApplicationPolicy: isStatusBarNotificationAllowedAsUser: packageName = com.android.systemui,userId = -1
04-09 23:22:58.757  5665  8749 D ApplicationPolicy: isStatusBarNotificationAllowedAsUser: converting userId from USER_ALLto 0
04-09 23:22:58.759  6284  6284 D PowerUI : Battery swelling mode - priorBatterySwellingMode = 0 mBatterySwellingMode = 0 mBatteryStatus = 2
04-09 23:22:58.759  6284  6284 I PowerUI : mBatteryMiscEvent = 65536
04-09 23:22:58.760  6284  6284 D SamsungBatteryMeterDrawable: onBatteryLevelChanged isSomethingChanged: false
04-09 23:22:58.761  6284  6284 D SamsungBatteryMeterDrawable: onBatteryLevelChanged isSomethingChanged: false
04-09 23:22:58.765  6284  6284 D SamsungBatteryMeterDrawable: onBatteryLevelChanged isSomethingChanged: false
04-09 23:22:58.768  6284  6284 D SamsungBatteryMeterDrawable: onBatteryLevelChanged isSomethingChanged: false
04-09 23:22:58.769  6284  6284 D KeyguardUpdateMonitor: received broadcast android.intent.action.BATTERY_CHANGED
04-09 23:22:58.771  6284  6284 I AODBatteryManager: updateBatteryData: ACTION_BATTERY_CHANGED
04-09 23:22:58.774  6284  6284 I AODBatteryManager: saveBatteryData : AOD BatteryData [mBatteryLevel=71, mBatteryStatus=CHARGING, mBatteryPlugType=USB, mBatteryPlugged=true, mRemainingChargeTime=2711000, mBatteryChargingType=2, mBatteryChargerType=FAST, mBatteryOnline=NOT_DEFINED, mBatterySwellingMode=NONE, mBatteryProtectMode=false]
04-09 23:22:58.775  6284  6284 I ChargingInfoManager: updateChargingInfo: newState = AOD ChargingInfo [mState=BATTERY_AND_REMAIN_TIME, mIsCharging=true, mIsFullyCharged=false, mIsBatteryProtectMode=false], oldState = AOD ChargingInfo [mState=BATTERY_AND_REMAIN_TIME, mIsCharging=true, mIsFullyCharged=false, mIsBatteryProtectMode=false]
04-09 23:22:58.775  6284  6284 D KeyguardUpdateMonitor: handleBatteryUpdate
04-09 23:22:58.782  6284  6284 D KeyguardSecIndicationController: addIndicationTimeout() returned - unlocking
04-09 23:22:58.783  6284  6284 D KeyguardSecIndicationController: addIndication() returned - unlocking
04-09 23:22:58.783  6284  6284 D KeyguardSecIndicationController: addBatteryAndOwnerInfoIndication() battery status = BatteryStatus{status=2,level=71,plugged=2,health=2,maxChargingWattage=-1,remaining=2711000ultraFastCharger=1}
04-09 23:22:58.972  6210  6210 I FreeformContainer: [SmartPopupViewService] onNotificationPosted: StatusBarNotification(pkg=com.android.systemui user=UserHandle{-1} id=2131428959 tag=charging_state key=-1|com.android.systemui|2131428959|charging_state|10054: Notification(channel=CHR shortcut=null contentView=null vibrate=null sound=null defaults=0x0 flags=0xa color=0xff8b94ab category=sys groupKey=CHARGING vis=PUBLIC semFlags=0x0 semPriority=0 semMissedCount=0))
04-09 23:22:58.972  6210  6210 V FreeformContainer: [SmartPopupViewService] isSmartPopupViewTarget: com.android.systemui is not enabled
04-09 23:22:58.977  6837  6837 I Launcher.NotificationListener: onNotificationPosted : com.android.systemui number : 0
04-09 23:22:58.982  9619 10534 I NotificationPipeline: Processing new notification: -1|com.android.systemui|2131428959|charging_state|10054
04-09 23:22:58.982  9619 10534 E Notification4Heart_NB: WatchFactory.getWatch-lastConnectedNodeId is null
04-09 23:22:58.984  9619 10534 W Notification4Heart_NB: NotificationBridgeCallback.onNotificationPosted-never connected before
04-09 23:22:58.987  6284  6284 D BubblesManager: onRankingUpdate : shouldBubbleUp=false ,pkg=android ,key=-1|android|34|NetworkPolicy:945656281:34|1000
04-09 23:22:58.987  6284  6284 D BubblesManager: onRankingUpdate : shouldBubbleUp=false ,pkg=com.kms.free ,key=0|com.kms.free|42|null|10299
04-09 23:22:58.987  6284  6284 D BubblesManager: onRankingUpdate : shouldBubbleUp=false ,pkg=com.sec.android.app.shealth ,key=0|com.sec.android.app.shealth|105|null|10256
04-09 23:22:58.987  6284  6284 D BubblesManager: onRankingUpdate : shouldBubbleUp=false ,pkg=com.kms.free ,key=0|com.kms.free|1|null|10299
04-09 23:22:58.987  6284  6284 D BubblesManager: onRankingUpdate : shouldBubbleUp=false ,pkg=mrigapps.andriod.breakfree.deux ,key=0|mrigapps.andriod.breakfree.deux|2|null|10506
04-09 23:22:58.987  6284  6284 D BubblesManager: onRankingUpdate : shouldBubbleUp=false ,pkg=com.android.providers.downloads ,key=0|com.android.providers.downloads|0|3:1244|10068
04-09 23:22:58.988  6284  6284 D BubblesManager: onRankingUpdate : shouldBubbleUp=false ,pkg=android ,key=0|android|38|AccountManagerService:38:-904454848:838749127:10427|1000
04-09 23:22:58.988  6284  6284 D BubblesManager: onRankingUpdate : shouldBubbleUp=false ,pkg=android ,key=-1|android|27|null|1000
04-09 23:22:58.988  6284  6284 D BubblesManager: onRankingUpdate : shouldBubbleUp=false ,pkg=com.android.systemui ,key=-1|com.android.systemui|2131428959|charging_state|10054
04-09 23:22:58.989  6284  6315 D Bubbles : onRankingUpdated : isActiveOrInOverflow= false , mTmpRanking.canBubble()= false ,isActive= false ,shouldBubbleUp= false ,mTmpRanking.isBubble()= false
04-09 23:22:58.989  6284  6315 D Bubbles : onRankingUpdated : isActiveOrInOverflow= false , mTmpRanking.canBubble()= false ,isActive= false ,shouldBubbleUp= false ,mTmpRanking.isBubble()= false
04-09 23:22:58.989  6284  6315 D Bubbles : onRankingUpdated : isActiveOrInOverflow= false , mTmpRanking.canBubble()= false ,isActive= false ,shouldBubbleUp= false ,mTmpRanking.isBubble()= false
04-09 23:22:58.989  6284  6315 D Bubbles : onRankingUpdated : isActiveOrInOverflow= false , mTmpRanking.canBubble()= false ,isActive= false ,shouldBubbleUp= false ,mTmpRanking.isBubble()= false
04-09 23:22:58.989  6284  6315 D Bubbles : onRankingUpdated : isActiveOrInOverflow= false , mTmpRanking.canBubble()= false ,isActive= false ,shouldBubbleUp= false ,mTmpRanking.isBubble()= false
04-09 23:22:58.989  6284  6315 D Bubbles : onRankingUpdated : isActiveOrInOverflow= false , mTmpRanking.canBubble()= false ,isActive= false ,shouldBubbleUp= false ,mTmpRanking.isBubble()= false
04-09 23:22:58.990  6284  6315 D Bubbles : onRankingUpdated : isActiveOrInOverflow= false , mTmpRanking.canBubble()= false ,isActive= false ,shouldBubbleUp= false ,mTmpRanking.isBubble()= false
04-09 23:22:58.990  6284  6315 D Bubbles : onRankingUpdated : isActiveOrInOverflow= false , mTmpRanking.canBubble()= false ,isActive= false ,shouldBubbleUp= false ,mTmpRanking.isBubble()= false
04-09 23:22:58.990  6284  6315 D Bubbles : onRankingUpdated : isActiveOrInOverflow= false , mTmpRanking.canBubble()= false ,isActive= false ,shouldBubbleUp= false ,mTmpRanking.isBubble()= false
04-09 23:22:59.188  6284  6284 D BubblesManager: onEntryUpdated : shouldBubbleUp=false ,key=-1|com.android.systemui|2131428959|charging_state|10054
04-09 23:22:59.211  6284  6284 I FaceWidgetPositionAlgorithm: getMediaContainerHeight() height = 0 container Visibility = 8, isValid = false, mIsDozing = false, fraction = 1.0, source = 0, target = 0
04-09 23:22:59.212  6284  6284 I FaceWidgetPositionAlgorithm: getMediaContainerHeight() supplier = 0
04-09 23:22:59.295  6284  6284 I FaceWidgetPositionAlgorithm: getMediaContainerHeight() height = 0 container Visibility = 8, isValid = false, mIsDozing = false, fraction = 1.0, source = 0, target = 0
04-09 23:22:59.295  6284  6284 I FaceWidgetPositionAlgorithm: getMediaContainerHeight() supplier = 0
04-09 23:22:59.343  6284  6284 I FaceWidgetPositionAlgorithm: getMediaContainerHeight() height = 0 container Visibility = 8, isValid = false, mIsDozing = false, fraction = 1.0, source = 0, target = 0
04-09 23:22:59.343  6284  6284 I FaceWidgetPositionAlgorithm: getMediaContainerHeight() supplier = 0
04-09 23:22:59.695  5249  5249 E audit   : type=1400 audit(1681075379.690:985): avc:  denied  { getattr } for  pid=5665 comm="BinderProcsColl" path="/sys/kernel/debug/binder/proc/5665" dev="debugfs" ino=28451 scontext=u:r:system_server:s0 tcontext=u:object_r:sec_debugfs:s0 tclass=file permissive=0 SEPF_SM-A515F_13_0001 audit_filtered
04-09 23:22:59.696  5249  5249 E audit   : type=1300 audit(1681075379.690:985): arch=c00000b7 syscall=79 success=no exit=-13 a0=ffffff9c a1=722e51a860 a2=721ce91680 a3=0 items=0 ppid=5274 pid=5665 auid=4294967295 uid=1000 gid=1000 euid=1000 suid=1000 fsuid=1000 egid=1000 sgid=1000 fsgid=1000 tty=(none) ses=4294967295 comm="BinderProcsColl" exe="/system/bin/app_process64" subj=u:r:system_server:s0 key=(null)
04-09 23:22:59.696  5249  5249 E audit   : type=1327 audit(1681075379.690:985): proctitle="system_server"
04-09 23:23:00.009  6284  6284 D KeyguardUpdateMonitor: received broadcast android.intent.action.TIME_TICK
04-09 23:23:00.010  6284  6284 D KeyguardUpdateMonitor: handleTimeUpdate
04-09 23:23:00.012  6284  6284 D FaceWidgetPagesController: onTimeChanged()
04-09 23:23:00.015  6284  6927 D QSClockBellTower: onReceive(android.intent.action.TIME_TICK) mTimeZoneString:null
04-09 23:23:00.026  6284  6284 D QSClockBellTower: He is ready to ring the bell. (((QSClockBellSound - TimeText:23:23, TimeContentDescription:23:23, DateText:Sun, 9 April, ShortDateText:Sun, 9 Apr, Demo:false, QuickStar-Second(false|12:34:56))))
04-09 23:23:00.027  6284  6284 D QSClockIndicatorView: Home Indicator status_bar_clock 23:23 notifyTimeChanged(QSClockBellSound - TimeText:23:23, TimeContentDescription:23:23, DateText:Sun, 9 April, ShortDateText:Sun, 9 Apr, Demo:false, QuickStar-Second(false|12:34:56)) ClockVisibleByPolicy:true, ClockVisibleByUser:true, visible?false, parent:android.widget.LinearLayout{130cee5 V.E...... ........ 0,0-0,55 #7f0b04e9 app:id/left_clock_container}
04-09 23:23:00.028  6284  6284 D QSClockBellTower: Everyone heard the bell. run(currentTime:1681075380020,   getTime():Sun Apr 09 23:23:00 GMT+02:00 2023,   getTimeZone():libcore.util.ZoneInfo[mDstSavings=3600000,mUseDst=true,mDelegate=[id="Europe/Belgrade",mRawOffset=3600000,mEarliestRawOffset=4920000,transitions=119]])
04-09 23:23:00.053  6284  6284 I FaceWidgetPositionAlgorithm: getMediaContainerHeight() height = 0 container Visibility = 8, isValid = false, mIsDozing = false, fraction = 1.0, source = 0, target = 0
04-09 23:23:00.053  6284  6284 I FaceWidgetPositionAlgorithm: getMediaContainerHeight() supplier = 0
04-09 23:23:00.056  6284  6284 V QsExpandAnimator: setQsExpansionPosition 0.0
04-09 23:23:00.068  6284  6284 V QsExpandAnimator: updateAnimators
04-09 23:23:00.069  6284  6284 V QsExpandAnimator: clearAnimationState
04-09 23:23:00.070  6284  6284 V QsExpandAnimator: updateViews
04-09 23:23:00.075  6284  6284 V QsExpandAnimator: updateTileAnimator
04-09 23:23:00.081  6284  6284 V QsExpandAnimator: updateHeaderAnimator
04-09 23:23:00.083  6284  6284 V QsExpandAnimator: updateBarAnimator
04-09 23:23:00.083  6284  6284 V QsExpandAnimator: setQsExpansionPosition 0.0
04-09 23:23:00.084  6284  6284 V QsExpandAnimator: onAnimationAtStart
04-09 23:23:00.283  6284  6373 D WifiSignalIconResource: Show flash icon since we didn't receive test report yet
04-09 23:23:00.285  6284  6373 D NetworkController.WifiSignalController: notifyListener: visible=false, connected=false, inetCondition=0, isDefault=false, wifiTestReported=false, receivedInetCondition=-1, hideDuringMobileSwitching=false
04-09 23:23:00.287  6284  6373 D MobileSignalController(0/1): notifyListener: enabled=true, connected=true, dataConnected=false, networkType=LTE (4G), emergencyOnly=false, roaming=true, isDefault=true, dataActivity=, level=1, ca=false, mmWave=false, disabledDataIcon=false, simCard=ETC
04-09 23:23:00.289  6284  6373 D MobileSignalController(1/2): notifyListener: enabled=true, connected=true, dataConnected=true, networkType=LTE (4G), emergencyOnly=false, roaming=false, isDefault=true, dataActivity=, level=2, ca=false, mmWave=false, disabledDataIcon=false, simCard=ETC
04-09 23:23:00.307  6284  6373 I Tile.HotspotTile: handleUpdateState
04-09 23:23:00.321  6284  6284 I Tile.HotspotTile: onDataSaverChanged: false
04-09 23:23:00.321  6284  6284 I Tile.HotspotTile: onHotspotChanged: false
04-09 23:23:00.329  5665  9338 I SemWifiApTetheredClientInfo: getWifiApStaListDetail
04-09 23:23:00.329  6284  6284 D Tile.HotspotTile: updateItems
04-09 23:23:00.329  6284  6284 D Tile.HotspotTile:  updateConnectedDeviceList mConnectedDevices = []
04-09 23:23:00.333  6284  6373 D Tile.MobileDataTile: handleUpdateState : state true
04-09 23:23:00.338  6284  6373 D Tile.DndTile: handleUpdateState zen 0  state = BooleanState[spec=Dnd,icon=ResourceIcon[resId=0x7f0809b7],iconSupplier=null,label=Do not
04-09 23:23:00.338  6284  6373 D Tile.DndTile: disturb,secondaryLabel=null,contentDescription=null,stateDescription=null,dualLabelContentDescription=null,expandedAccessibilityClassName=null,disabledByPolicy=false,dualTarget=true,isTransient=false,state=1,slash="null",sideViewCustomDrawable=null,tileClassName=null,value=false,forceExpandIcon=false]
04-09 23:23:00.345  5665  9338 D SyncManager: userId - 0 auto - true
04-09 23:23:00.348  6284  6373 D Tile.SyncTile: hasUserRestriction: false
04-09 23:23:00.353  6284  6373 I Tile.HotspotTile: handleUpdateState
04-09 23:23:00.356  6284  6373 I Tile.HotspotTile: handleUpdateState
04-09 23:23:00.359  6284  6373 I Tile.HotspotTile: handleUpdateState
04-09 23:23:00.385  6284  6373 D Tile.WifiTile: handleUpdateState isTransient=false transientEnabling =false cb.isTransient=false state.state = 1 mStateBeforeClick.value =false enabled =false
04-09 23:23:00.390  6284  6373 W Settings: Setting all_sound_off has moved from android.provider.Settings.System to android.provider.Settings.Global, returning read-only value.
04-09 23:23:00.459  6284  6373 D Tile.RotationLockTile:  handleUpdateState: true orientation = true
04-09 23:23:00.544  6284  6373 D Tile.BluetoothTile:  handleUpdateState enabled = true connected = false connecting = false changedState =false bluetoothState = 12 enabledChanging = false state = BooleanState[spec=Bluetooth,icon=ResourceIcon[resId=0x7f0809b3],iconSupplier=null,label=Bluetooth,secondaryLabel=null,contentDescription=Bluetooth,On,stateDescription=null,dualLabelContentDescription=null,expandedAccessibilityClassName=null,disabledByPolicy=false,dualTarget=true,isTransient=false,state=2,slash="null",sideViewCustomDrawable=null,tileClassName=null,value=true,forceExpandIcon=false]
04-09 23:23:01.021 13828 13868 D Benchmark: THERMAL THROTTLE DETECTED, SLEEPING FOR 90 SECONDS
04-09 23:23:03.773  6284  6284 D SecPowerUI.Notification: showChargingNotice oldChargingType : 11 currentChargingType : 11 oldChargingTime : 2711000 mChargingTime : 2711000
04-09 23:23:03.774  6284  6284 D SecPowerUI.Notification: There is no change about charging status, so return!
04-09 23:23:04.043  6213  6255 I System.out: Broadcasting: Intent { act=com.sec.intent.action.SARDEVICE_CP flg=0x10000000 (has extras) }
04-09 23:23:04.050  5665  5861 D MotionRecognitionService: [SAR]  onReceive : SARDEVICE_CP, callAction = on deviceID = 3 slot = 1 device_ext = 0
04-09 23:23:04.050  5665  5861 I MotionRecognitionService: [SAR] id : 0 cmd :on
04-09 23:23:04.050  5665  5861 I MotionRecognitionService: [SAR] A96T3X6 Grip sensor enableSensor
04-09 23:23:04.051  5665  5861 D SensorService: [GripSensor] ++ setGripThdWithMCC  (65560)
04-09 23:23:04.052  5665  5861 D SensorService: GripSensor: MCC Path does not exist
04-09 23:23:04.056  6678  8139 I RILClient: processUnsolicited(): resp_id (11090), len(118)
04-09 23:23:04.057  5297  5297 I SensorsGrip: [grip_sensor] enable: GripSensor: enable handle = 11 en = 1
04-09 23:23:04.061  5297  5297 E SensorsGrip: [grip_sensor] enable: mEnabled : 1, first_grip_event : 1
04-09 23:23:04.061  5297  5367 I SensorsGrip: [grip_sensor] readEvents: GripSensor: grip 1ch data = RELEASE
04-09 23:23:04.062  5665  6036 D ConnectivityService: reportNetworkActive, notify 0 listeners
04-09 23:23:04.062  5665  5861 D SensorManager: registerListener :: 33554443, A96T3X6 Grip sensor, 200000, 0, com.samsung.android.gesture.MotionRecognitionSAR$GripSensor$1@ea0c55f
04-09 23:23:04.063  5665  5861 I MotionRecognitionService: [SAR] A96T3X6 Grip sensor enable channel 0 : 2 , channel 1 : 0
04-09 23:23:04.063  5665  5861 I MotionRecognitionService: [SAR] id : 1 cmd :on
04-09 23:23:04.066  6213  6332 I System.out: Broadcast completed: result=0
04-09 23:23:04.069  5665  5861 I MotionRecognitionService: [SAR] A96T3X6 Grip sensor onSensorChanged : 5.0 , 0.0 , 0.0 , 0.0 , 0.0
04-09 23:23:04.069  5665  5861 I MotionRecognitionService: [SAR] A96T3X6 Grip sensor clearBackOff channel: 0 , index: 0
04-09 23:23:04.069  5665  5861 I MotionRecognitionService: [SAR] A96T3X6 Grip sensorsetTunerGrip 8589934592 , state: false
04-09 23:23:04.089  5665  5861 D MotionRecognitionService: [SAR] set setTransmitPowerExt  value : 8589934592 : false
04-09 23:23:04.089  5665  5861 I MotionRecognitionService: [SAR] tunerGrip is 8589934592, state : false
04-09 23:23:04.347  5519  5697 D SemNativeCarrierFeature_vendor: getInstance
04-09 23:23:04.360  6678  6995 I ImsSecChannelCallback: receive
04-09 23:23:04.361  6678  6995 I IpcDispatcher<0>: [Rx]: (M)IPC_IIL_CMD (S)IPC_IIL_SSAC_INFO (T)EVENT l:13
04-09 23:23:04.378  6678  6995 I ImsSecChannelCallback: receive
04-09 23:23:04.378  6678  6995 I IpcDispatcher<0>: [Rx]: (M)IPC_IIL_CMD (S)IPC_IIL_SSAC_INFO (T)EVENT l:13
04-09 23:23:04.382  6678  6678 I SsacManager: updateSSACInfo[0] : Voice(-1:0) Video(-1:0)
04-09 23:23:04.382  6678  6678 I SsacManager: Voice Call updateSSACInfo[0] : f[100], t[0]
04-09 23:23:04.382  6678  6678 I SsacManager: Video Call updateSSACInfo[0] : f[100], t[0]
04-09 23:23:04.383  6678  6678 I SsacManager: updateSSACInfo[0] : Voice(-1:0) Video(-1:0)
04-09 23:23:04.383  6678  6678 I SsacManager: Voice Call updateSSACInfo[0] : f[100], t[0]
04-09 23:23:04.383  6678  6678 I SsacManager: Video Call updateSSACInfo[0] : f[100], t[0]
04-09 23:23:04.391  5519  5697 D SemNativeCarrierFeature_vendor: getInstance
04-09 23:23:04.397  5519  5613 D SemNativeCarrierFeature_vendor: getInstance
04-09 23:23:04.415  5519  5697 D SemNativeCarrierFeature_vendor: getInstance
04-09 23:23:04.424  5519  5613 D SemNativeCarrierFeature_vendor: getInstance
04-09 23:23:04.425  6678  6983 I PhoneStateTracker<0>: onCellInfoChanged: ns=not null
04-09 23:23:04.426  6678  6983 I ImsCallSessionManager: onCellInfoChanged, phoneId: 0
04-09 23:23:04.426  6678  6983 I RegiMgr-Handler: handleMessage: EVENT_CELL_INFO_CHANGED
04-09 23:23:04.426  6678  6983 I RegiMgr<0>: updatePani RegisterTask[0][mProfile=Megafon VoLTE, mRegistrationRat=13, mPdnType=11, mState=IDLE, mObject=null, mReason=, mPcscfHostname=null, mDeregiReason=41]
04-09 23:23:04.431  6678  6983 I PaniGenerator<0>: generate: subId=1, network=13
04-09 23:23:04.431  6678  6983 I PaniGenerator<0>: generate: network=13, fallbackPlmn=25002
04-09 23:23:04.431  6678  6983 I PdnController<0>: getAllCellInfo mNeedCellLocationUpdate : false
04-09 23:23:04.432  6678  6983 I PaniGenerator: generate: change to NW PLMN(22001)
04-09 23:23:04.453  6678  6983 I PdnController<0>: getAllCellInfo mNeedCellLocationUpdate : false
04-09 23:23:04.458  6678  6983 I ResipRegiMgr: updateTimeInPlani: plani 3GPP-E-UTRAN-FDD;utran-cell-id-3gpp=220012b73017b801, time 1681075384
04-09 23:23:04.488  6678  7298 I VolteServiceModule: onServiceStateChanged({mVoiceRegState=0(IN_SERVICE), mDataRegState=0(IN_SERVICE), mChannelNumber=1300, duplexMode()=1, mCellBandwidths=[], mOperatorAlphaLong=Yettel, mOperatorAlphaShort=Yettel, isManualNetworkSelection=false(automatic), getRilVoiceRadioTechnology=14(LTE), getRilDataRadioTechnology=14(LTE), mCssIndicator=unsupported, mNetworkId=*1, mSystemId=*1, mCdmaRoamingIndicator=-1, mCdmaDefaultRoamingIndicator=-1, VoiceRegType=0, Snap=0, MobileData=IN_SERVICE, MobileDataRoamingType=International Roaming, MobileDataRat=LTE, PsOnly=false, FemtocellInd=0, SprDisplayRoam=false, OptRadioTech=0, MsimSubmode=0, mIsEmergencyOnly=false, isUsingCarrierAggregation=false, mArfcnRsrpBoost=0, mNetworkRegistrationInfos=[NetworkRegistrationInfo{ domain=CS transportType=WWAN registrationState=ROAMING roamingType=INTERNATIONAL accessNetworkTechnology=LTE rejectCause=0 emergencyEnabled=false availableServices=[VOICE,SMS,VIDEO] cellIdentity=CellIdentityLte:{ mCi=1****33 mPci=114 mTac=1***3 mEarfcn=1300 mBands=[] mBandwidth=2147483647 mMcc=220 mMnc=01 mAlphaLong=Yettel mAlphaShort=Yettel mAdditionalPlmns={} mCsgInfo=null} voiceSpecificInfo=VoiceSpecificRegistrationInfo { mCssSupported=false mRoamingIndicator=0 mSystemIsInPrl=0 mDefaultRoamingIndicator=0} dataSpecificInfo=null nrState=**** rRplmn=22001 isUsingCarrierAggregation=false}, NetworkRegistrationInfo{ domain=PS transportType=WWAN registrationState=ROAMING roamingType=INTERNATIONAL accessNetworkTechnology=LTE rejectCause=0 emergencyEnabled=false availableServices=[DATA] cellIdentity=CellIdentityLte:{ mCi=1****33 mPci=114 mTac=1***3 mEarfcn=1300 mBands=[] mBandwidth=2147483647 mMcc=220 mMnc=01 mAlphaLong=Yettel mAlphaShort=Yettel mAdditionalPlmns={} mCsgInfo=null} voiceSpecificInfo=null dataSpecificInfo=android.telephony.DataSpecificRegistrationInfo :{ maxDataCalls = 4 isDcNrRestricted = false isNrAvailable = false isEnDcAvailable = false LteVopsSupportInfo :  mVopsSupport = 3 mEmcBearerSupport = 3 } nrState=**** rRplmn=22001 isUsingCarrierAggregation=false}], mNrFrequencyRange=0, mOperatorAlphaLongRaw=Yettel, mOperatorAlphaShortRaw=Yettel, mIsDataRoamingFromRegistration=true, mIsIwlanPreferred=false})
04-09 23:23:04.489  6678  7298 I VolteServiceModule: mIsLteEpsOnlyAttached(0):false
04-09 23:23:04.489  6678  6983 I PdnController<0>: Active Phone Id = 1 MobileConnected = false
04-09 23:23:04.489  6678  6983 I PhoneStateTracker<0>: onServiceStateChanged: state={mVoiceRegState=0(IN_SERVICE), mDataRegState=0(IN_SERVICE), mChannelNumber=1300, duplexMode()=1, mCellBandwidths=[], mOperatorAlphaLong=Yettel, mOperatorAlphaShort=Yettel, isManualNetworkSelection=false(automatic), getRilVoiceRadioTechnology=14(LTE), getRilDataRadioTechnology=14(LTE), mCssIndicator=unsupported, mNetworkId=*1, mSystemId=*1, mCdmaRoamingIndicator=-1, mCdmaDefaultRoamingIndicator=-1, VoiceRegType=0, Snap=0, MobileData=IN_SERVICE, MobileDataRoamingType=International Roaming, MobileDataRat=LTE, PsOnly=false, FemtocellInd=0, SprDisplayRoam=false, OptRadioTech=0, MsimSubmode=0, mIsEmergencyOnly=false, isUsingCarrierAggregation=false, mArfcnRsrpBoost=0, mNetworkRegistrationInfos=[NetworkRegistrationInfo{ domain=CS transportType=WWAN registrationState=ROAMING roamingType=INTERNATIONAL accessNetworkTechnology=LTE rejectCause=0 emergencyEnabled=false availableServices=[VOICE,SMS,VIDEO] cellIdentity=CellIdentityLte:{ mCi=1****33 mPci=114 mTac=1***3 mEarfcn=1300 mBands=[] mBandwidth=2147483647 mMcc=220 mMnc=01 mAlphaLong=Yettel mAlphaShort=Yettel mAdditionalPlmns={} mCsgInfo=null} voiceSpecificInfo=VoiceSpecificRegistrationInfo { mCssSupported=false mRoamingIndicator=0 mSystemIsInPrl=0 mDefaultRoamingIndicator=0} dataSpecificInfo=null nrState=**** rRplmn=22001 isUsingCarrierAggregation=false}, NetworkRegistrationInfo{ domain=PS transportType=WWAN registrationState=ROAMING roamingType=INTERNATIONAL accessNetworkTechnology=LTE rejectCause=0 emergencyEnabled=false availableServices=[DATA] cellIdentity=CellIdentityLte:{ mCi=1****33 mPci=114 mTac=1***3 mEarfcn=1300 mBands=[] mBandwidth=2147483647 mMcc=220 mMnc=01 mAlphaLong=Yettel mAlphaShort=Yettel mAdditionalPlmns={} mCsgInfo=null} voiceSpecificInfo=null dataSpecificInfo=android.telephony.DataSpecificRegistrationInfo :{ maxDataCalls = 4 isDcNrRestricted = false isNrAvailable = false isEnDcAvailable = false LteVopsSupportInfo :  mVopsSupport = 3 mEmcBearerSupport = 3 } nrState=**** rRplmn=22001 isUsingCarrierAggregation=false}], mNrFrequencyRange=0, mOperatorAlphaLongRaw=Yettel, mOperatorAlphaShortRaw=Yettel, mIsDataRoamingFromRegistration=true, mIsIwlanPreferred=false}Changed=
04-09 23:23:04.489  6678  6983 I PdnController<0>: notifyDataConnectionState
04-09 23:23:04.489  6678  6983 I PdnController<0>: initialize PendedEPDGWeakSignal flag
04-09 23:23:04.489  6678  6983 I PdnController<0>: setPendedEPDGWeakSignal
04-09 23:23:04.489  6678  6983 I PdnController<0>: notifyDataConnectionState: needNotify=false networkType=13 isEpdgConnected=false dataNetType=13=>13 dataRegState=0=>0
04-09 23:23:04.489  6678  6983 I PhoneStateTracker<0>: notifySnapshotState: snapshotState=0 old=0
04-09 23:23:04.490  6284  6373 D MobileStatusTracker(0/1): onServiceStateChanged voiceState=0 dataState=0
04-09 23:23:04.491  6678  6983 I GeolocationCon: handleMessage : what = SERVICE_STATE_CHANGED
04-09 23:23:04.492  6678  6983 I GeolocationCon: matchTimingReqLocation ,match=2, timing=4
04-09 23:23:04.492  6213  6213 D ServiceStateProvider: subId=1
04-09 23:23:04.492  6678  6983 I GeolocationCon: matchTimingReqLocation ,match=0, timing=4
04-09 23:23:04.492  6678  6983 I GeolocationCon: profile is null
04-09 23:23:04.492  6678  6983 I GeolocationCon<0>: onNetworkCountryIsoChanged: mCountryIso = rs, iso = rs
04-09 23:23:04.503  5665  6515 D SLocation: CellLocationManager - onCellLocationChanged 1 / 0
04-09 23:23:04.506  6284  6284 D Tile.AirplaneModeTile: onReceive android.intent.action.SERVICE_STATE
04-09 23:23:04.506  6284  6284 D MultiSIMController: onReceive() - action = android.intent.action.SERVICE_STATE
04-09 23:23:04.506  6284  6284 D KeyguardUpdateMonitor: received broadcast android.intent.action.SERVICE_STATE
04-09 23:23:04.507  5665  5665 D SemWifiService: received: android.intent.action.SERVICE_STATE
04-09 23:23:04.508  6213  6213 V PhoneGlobals: handleServiceStateChanged
04-09 23:23:04.508  6284  6284 V KeyguardUpdateMonitor: action android.intent.action.SERVICE_STATE serviceState={mVoiceRegState=0(IN_SERVICE), mDataRegState=0(IN_SERVICE), mChannelNumber=1300, duplexMode()=1, mCellBandwidths=[], mOperatorAlphaLong=Yettel, mOperatorAlphaShort=Yettel, isManualNetworkSelection=false(automatic), getRilVoiceRadioTechnology=14(LTE), getRilDataRadioTechnology=14(LTE), mCssIndicator=unsupported, mNetworkId=*1, mSystemId=*1, mCdmaRoamingIndicator=-1, mCdmaDefaultRoamingIndicator=-1, VoiceRegType=0, Snap=0, MobileData=IN_SERVICE, MobileDataRoamingType=International Roaming, MobileDataRat=LTE, PsOnly=false, FemtocellInd=0, SprDisplayRoam=false, OptRadioTech=0, MsimSubmode=0, mIsEmergencyOnly=false, isUsingCarrierAggregation=false, mArfcnRsrpBoost=0, mNetworkRegistrationInfos=[NetworkRegistrationInfo{ domain=CS transportType=WWAN registrationState=ROAMING roamingType=INTERNATIONAL accessNetworkTechnology=LTE rejectCause=0 emergencyEnabled=false availableServices=[VOICE,SMS,VIDEO] cellIdentity=CellIdentityLte:{ mCi=1****33 mPci=114 mTac=1***3 mEarfcn=1300 mBands=[] mBandwidth=2147483647 mMcc=220 mMnc=01 mAlphaLong=Yettel mAlphaShort=Yettel mAdditionalPlmns={} mCsgInfo=null} voiceSpecificInfo=VoiceSpecificRegistrationInfo { mCssSupported=false mRoamingIndicator=0 mSystemIsInPrl=0 mDefaultRoamingIndicator=0} dataSpecificInfo=null nrState=**** rRplmn=22001 isUsingCarrierAggregation=false}, NetworkRegistrationInfo{ domain=PS transportType=WWAN registrationState=ROAMING roamingType=INTERNATIONAL accessNetworkTechnology=LTE rejectCause=0 emergencyEnabled=false availableServices=[DATA] cellIdentity=CellIdentityLte:{ mCi=1****33 mPci=114 mTac=1***3 mEarfcn=1300 mBands=[] mBandwidth=2147483647 mMcc=220 mMnc=01 mAlphaLong=Yettel mAlphaShort=Yettel mAdditionalPlmns={} mCsgInfo=null} voiceSpecificInfo=null dataSpecificInfo=android.telephony.DataSpecificRegistrationInfo :{ maxDataCalls = 4 isDcNrRestricted = false isNrAvailable = false isEnDcAvailable = false LteVopsSupportInfo :  mVopsSupport = 3 mEmcBearerSupport = 3 } nrState=**** rRplmn=22001 isUsingCarrierAggregation=false}], mNrFrequencyRange=0, mOperatorAlphaLongRaw=Yettel, mOperatorAlphaShortRaw=Yettel, mIsDataRoamingFromRegistration=true, mIsIwlanPreferred=false} subId=1
04-09 23:23:04.508  6213  6213 D NotificationMgr: updateNetworkSelection, Use Samsung codes instead of AOSP codes
04-09 23:23:04.508  6213  6213 V PhoneGlobals: subId=1, mDefaultDataSubId=-1, ss roaming=true
04-09 23:23:04.508  6284  6284 D MultiSIMController: MESSAGE_UPDATE_SERVICE_STATE
04-09 23:23:04.511  6284  6373 D MobileSignalController(0/1): notifyListener: enabled=true, connected=true, dataConnected=false, networkType=LTE (4G), emergencyOnly=false, roaming=true, isDefault=true, dataActivity=, level=1, ca=false, mmWave=false, disabledDataIcon=false, simCard=ETC
04-09 23:23:04.512  6284  6373 D NetworkController: ServiceState from intent slotId=0
04-09 23:23:04.516  6284  6284 D semImsManager[0]: getImsRegistration
04-09 23:23:04.518  6284  6373 D NetworkController: IsPowerOffServiceState is false: 0
04-09 23:23:04.518  6284  6373 D Tile.AirplaneModeTile:  handleUpdateState: airplane mode is disabled : enter mSetting.getValue() == 0 mIsWiFiOnlyDevice false isNoSimState false !isPowerOffServiceState true
04-09 23:23:04.518  6284  6373 D Tile.AirplaneModeTile:  handleUpdateState:  value = false, state = 1
04-09 23:23:04.523  6284  6284 D semImsManager[1]: getImsRegistration
04-09 23:23:04.530  6284  6284 D MultiSIMController: getOwnNumber
04-09 23:23:04.531  6284  6284 D KeyguardUpdateMonitor: handleServiceStateChange(subId=1, serviceState={mVoiceRegState=0(IN_SERVICE), mDataRegState=0(IN_SERVICE), mChannelNumber=1300, duplexMode()=1, mCellBandwidths=[], mOperatorAlphaLong=Yettel, mOperatorAlphaShort=Yettel, isManualNetworkSelection=false(automatic), getRilVoiceRadioTechnology=14(LTE), getRilDataRadioTechnology=14(LTE), mCssIndicator=unsupported, mNetworkId=*1, mSystemId=*1, mCdmaRoamingIndicator=-1, mCdmaDefaultRoamingIndicator=-1, VoiceRegType=0, Snap=0, MobileData=IN_SERVICE, MobileDataRoamingType=International Roaming, MobileDataRat=LTE, PsOnly=false, FemtocellInd=0, SprDisplayRoam=false, OptRadioTech=0, MsimSubmode=0, mIsEmergencyOnly=false, isUsingCarrierAggregation=false, mArfcnRsrpBoost=0, mNetworkRegistrationInfos=[NetworkRegistrationInfo{ domain=CS transportType=WWAN registrationState=ROAMING roamingType=INTERNATIONAL accessNetworkTechnology=LTE rejectCause=0 emergencyEnabled=false availableServices=[VOICE,SMS,VIDEO] cellIdentity=CellIdentityLte:{ mCi=1****33 mPci=114 mTac=1***3 mEarfcn=1300 mBands=[] mBandwidth=2147483647 mMcc=220 mMnc=01 mAlphaLong=Yettel mAlphaShort=Yettel mAdditionalPlmns={} mCsgInfo=null} voiceSpecificInfo=VoiceSpecificRegistrationInfo { mCssSupported=false mRoamingIndicator=0 mSystemIsInPrl=0 mDefaultRoamingIndicator=0} dataSpecificInfo=null nrState=**** rRplmn=22001 isUsingCarrierAggregation=false}, NetworkRegistrationInfo{ domain=PS transportType=WWAN registrationState=ROAMING roamingType=INTERNATIONAL accessNetworkTechnology=LTE rejectCause=0 emergencyEnabled=false availableServices=[DATA] cellIdentity=CellIdentityLte:{ mCi=1****33 mPci=114 mTac=1***3 mEarfcn=1300 mBands=[] mBandwidth=2147483647 mMcc=220 mMnc=01 mAlphaLong=Yettel mAlphaShort=Yettel mAdditionalPlmns={} mCsgInfo=null} voiceSpecificInfo=null dataSpecificInfo=android.telephony.DataSpecificRegistrationInfo :{ maxDataCalls = 4 isDcNrRestricted = false isNrAvailable = false isEnDcAvailable = false LteVopsSupportInfo :  mVopsSupport = 3 mEmcBearerSupport = 3 } nrState=**** rRplmn=22001 isUsingCarrierAggregation=false}], mNrFrequencyRange=0, mOperatorAlphaLongRaw=Yettel, mOperatorAlphaShortRaw=Yettel, mIsDataRoamingFromRegistration=true, mIsIwlanPreferred=false}
04-09 23:23:04.532  6284  6284 D CarrierTextController: onRefreshCarrierInfo(), mTelephonyCapable: true
04-09 23:23:04.532  6284  6284 D CarrierTextController: updateCarrierText(): 2
04-09 23:23:04.532  6284  6284 D CarrierTextController: Handling (subId=1): 5 Yettel | MegaFon
04-09 23:23:04.532  6284  6284 D CarrierTextController: carrierTextForSimState = Yettel | MegaFon
