04-19 15:59:24.089 17564 17585 I TestRunner: started: valuePreserveBoxDouble(org.jetbrains.android_benchmark.Wolf3dBenchmark)
04-19 15:59:24.093 17564 17564 I MonitoringInstr: Activities that are still in CREATED to STOPPED: 1
04-19 15:59:24.093 17564 17564 I MonitoringInstr: Finishing activity: androidx.benchmark.IsolationActivity@f5684be
04-19 15:59:24.106 17564 17585 I GrantPermissionCallable: Permission: android.permission.WRITE_EXTERNAL_STORAGE is already granted!
04-19 15:59:24.106 17564 17585 I GrantPermissionCallable: Permission: android.permission.READ_EXTERNAL_STORAGE is already granted!
04-19 15:59:24.106 17564 17585 D Benchmark: -- Running org.jetbrains.android_benchmark.Wolf3dBenchmark#valuePreserveBoxDouble --
04-19 15:59:24.107 17564 17585 D PerfettoCapture: Supported ABIs: arm64-v8a, armeabi-v7a, armeabi
04-19 15:59:24.107 17564 17585 D PerfettoCapture: Recording perfetto trace
04-19 15:59:24.107  5628  5714 W libprocessgroup: Failed to open /dev/blkio//cgroup.procs: No such file or directory
04-19 15:59:24.125 23109 20281 I NetworkScheduler.Stats: Task com.google.android.gms/com.google.android.gms.ipa.base.IpaGcmTaskService started execution. cause:9 exec_start_elapsed_seconds: 345809 [CONTEXT service_id=218 ]
04-19 15:59:24.151 23109 15265 I NetworkScheduler.Stats: Task com.google.android.gms/com.google.android.gms.ipa.base.IpaGcmTaskService finished executing. cause:9 result: 1 elapsed_millis: 77 uptime_millis: 78 exec_start_elapsed_seconds: 345809 [CONTEXT service_id=218 ]
04-19 15:59:24.160 17564 17585 I PerfettoCapture: Cleanup perfetto before starting.
04-19 15:59:24.361 17564 17585 I PerfettoCapture: Perfetto output file cleanup -
04-19 15:59:24.361 17564 17585 I PerfettoCapture: Starting perfetto tracing with cmd: cat /storage/emulated/0/Android/data/org.jetbrains.android_benchmark.test/cache/trace_config.pb | perfetto --background -c - -o /data/misc/perfetto-traces/trace_output.pb
04-19 15:59:24.535 20324 20324 I perfetto:    perfetto_cmd.cc:1001 Connected to the Perfetto traced service, starting tracing
04-19 15:59:24.537  5406  5406 I perfetto: ing_service_impl.cc:953 Configured tracing session 188, #sources:4, duration:0 ms, #buffers:2, total buffer size:36864 KB, total sessions:1, uid:2000 session name: ""
04-19 15:59:24.539  5403  5403 I perfetto:  probes_producer.cc:139 Ftrace setup (target_buf=375)
04-19 15:59:24.587 17564 17585 I PerfettoCapture: Perfetto output - 20324
04-19 15:59:24.587 17564 17585 I PerfettoCapture: EXITCODE=0
04-19 15:59:24.597  5628  5714 W libprocessgroup: Failed to open /dev/blkio//cgroup.procs: No such file or directory
04-19 15:59:24.605  4378  4378 I hwservicemanager: getTransport: Cannot find entry android.hardware.atrace@1.0::IAtraceDevice/default in either framework or device VINTF manifest.
04-19 15:59:24.620 13194 13194 I SCS@AiSearch user 0: (ObserverWorker::AOSP_MP) [main] entering in startWork():
04-19 15:59:24.620 13194 13194 I SCS@AiSearch user 0: (BaseCollector::AOSP_MP) [main] entering in onChange():
04-19 15:59:24.622 13194 15497 I SCS@AiSearch user 0: (BaseCollector::AOSP_MP) [AOSP_MP-0] entering in collectChanges():
04-19 15:59:24.630  5403  5403 I perfetto:    ftrace_procfs.cc:335 enabled ftrace in /sys/kernel/tracing/
04-19 15:59:24.644  5628  8567 D PackageManager: setEnabledSetting : userId = 0 packageName = com.samsung.android.scs cmp = androidx.work.impl.background.systemalarm.RescheduleReceiver newState = 1 callingPackage = 10380/com.samsung.android.scs
04-19 15:59:24.645  5628  8567 D ApplicationPolicy: getApplicationStateEnabled : pkg = com.samsung.android.scs userId : 0
04-19 15:59:24.647  5628  8567 D ApplicationPolicy: getApplicationComponentState : pkg = com.samsung.android.scs userId : 0
04-19 15:59:24.658 30407 30407 I ResourceOverlayService_0: waitAndQuit called
04-19 15:59:24.659 30407 30407 I ResourceOverlayService_0: activity user id 0 process id 0
04-19 15:59:24.710 13194 15497 I SCS@AiSearch user 0: (BaseCollector::AOSP_MP) fetchInternal values : maxSyncId: 1000007868 indexCount: 1709 sourceCount: 1709
04-19 15:59:24.712 17564 17585 I PerfettoCapture: Perfetto tracing started successfully with pid 20324.
04-19 15:59:24.769 13194 15497 I SCS@AiSearch user 0: (IndexManager) [AOSP_MP-0] entering in addIndex():
04-19 15:59:24.778 13194 15497 I SCS@AiSearch user 0: (BaseCollector::AOSP_MP) fetch: fetching took  96 ms
04-19 15:59:24.778 13194 15497 I SCS@AiSearch user 0: (BaseCollector::AOSP_MP) fetchChanges: applied 0 items
04-19 15:59:24.779 13194 15497 I SCS@AiSearch user 0: (BaseCollector::AOSP_MP) Collect finished. Result: true
04-19 15:59:24.784 13194 13237 I WM-WorkerWrapper: Worker result SUCCESS for Work [ id=48e2cf85-c5fc-4107-a656-d0001ec74816, tags={ com.sec.android.app.myfiles, com.samsung.android.scs.ai.search.data.collector.ObserverWorker } ]
04-19 15:59:24.794 13194 15497 I SCS@AiSearch user 0: (BaseCollector::AOSP_MP) enqueue ObserverWorker name: com.sec.android.app.myfiles, policy: APPEND_OR_REPLACE
04-19 15:59:24.799 17564 17585 I PerfettoCapture: /sys/kernel/tracing/tracing_on = 1, polled 0 times, capture fully started
04-19 15:59:24.801 17564 17585 D Benchmark: Set 17585 (Bench thread) to priority -20. Was -8, now -20
04-19 15:59:24.801 17564 17585 D Benchmark: Set 17572 (Jit) to priority -15. Was 9, now -15
04-19 15:59:24.830 17564 17585 I _benchmark.test: Explicit concurrent copying GC freed 713(200KB) AllocSpace objects, 0(0B) LOS objects, 68% free, 2887KB/9031KB, paused 214us,126us total 28.764ms
04-19 15:59:24.989  5628 11235 D PackageManager: setEnabledSetting : userId = 0 packageName = com.samsung.android.scs cmp = androidx.work.impl.background.systemalarm.RescheduleReceiver newState = 1 callingPackage = 10380/com.samsung.android.scs
04-19 15:59:24.990  5628 11235 D ApplicationPolicy: getApplicationStateEnabled : pkg = com.samsung.android.scs userId : 0
04-19 15:59:24.991  5628 11235 D ApplicationPolicy: getApplicationComponentState : pkg = com.samsung.android.scs userId : 0
04-19 15:59:25.082  5628  5714 W libprocessgroup: Failed to open /dev/blkio//cgroup.procs: No such file or directory
04-19 15:59:25.099 19093 19121 I SamsungAccount: [AccountManagerProvider] Calling package : app.shealth.
04-19 15:59:25.099 19093 19121 I SamsungAccount: [SignatureCheckUtil] runCheckSignatureAsync
04-19 15:59:25.100 19093 19121 I SamsungAccount: [SignaturePreconditionChecker] getSignatureResult - fromSesSdk : false
04-19 15:59:25.100 19093 19121 I SamsungAccount: [SignatureInfoDbHelper] getSignatureResult - [10/1y90e][app.shealth.]
04-19 15:59:25.100 19093 19121 I SamsungAccount: [SignatureInfoDbHelper] searchOnUser
04-19 15:59:25.109 19093 19121 I SamsungAccount: [SignatureInfoDbHelper] searchOnUser - [10/1y90e][app.shealth.][64/14aaf] => matched
04-19 15:59:25.110  5628  9811 D SemWifiUsabilityStatsMonitor: onWifiUsabilityStats - seqNum 36091, isSameBssidAndFreq true
04-19 15:59:25.111 19093 19121 I SamsungAccount: [SignatureInfoDbHelper] search - matched
04-19 15:59:25.111 19093 19121 I SamsungAccount: [SignatureCheckUtil] runCheckSignatureAsync(fromDb) - matched
04-19 15:59:25.111 19093 19121 I SamsungAccount: [AccountManagerProvider] This is the access of the allowed application
04-19 15:59:25.112  5628  8422 I SemWifiLinkQualityMonitor: Link Qos Query: 0.018 ms / 433.000 Mbps (433 / 0.000 / 1.000)
04-19 15:59:25.211  5628  8480 D SyncManager: userId - 0 auto - true
04-19 15:59:25.502 19928 19968 I Finsky:background: [172] kre.run(17): Stats for Executor: bgExecutor ndx@fce877b[Running, pool size = 0, active threads = 0, queued tasks = 0, completed tasks = 0]
04-19 15:59:25.530 19928 19968 I Finsky:background: [172] kre.run(17): Stats for Executor: LightweightExecutor ndx@c595998[Running, pool size = 0, active threads = 0, queued tasks = 0, completed tasks = 0]
04-19 15:59:25.576  7170  7440 I ContactsProvider_EventLog: cp_s: [CONTACT con(156) dat(1077) acc({sim(3)=15, sec(6)=1, sim2(4)=1, google(2)=81, com.whatsapp(14)=39, org.telegram.messenger(232)=99}) calls([logtype:100 cnt:867, logtype:200 cnt:5, logtype:300 cnt:495, logtype:1000 cnt:604, logtype:1150 cnt:161]) Iso(RS) uId(0) ]
04-19 15:59:25.576  7170  7440 I ContactsProvider_EventLog: cp_s: [ agr({[2 ,14 ,232]=32, [3]=15, [14]=1, [4]=1, [2 ,14]=4, [2 ,2]=2, [2 ,2 ,14 ,232]=1, [2]=33, [6 ,14]=1, [2 ,232]=6, [232]=60}) ]
04-19 15:59:25.576  7170  7440 I ContactsProvider_EventLog: cp_s: [ cnt({acore(7170)=1}) ]
04-19 15:59:25.576  7170  7440 I ContactsProvider_EventLog: cp_s: [PROFILE con(1) dat(1) acc({vnd.sec.contact.phone=1}) ] [SAPROFILE ]
04-19 15:59:25.576  7170  7440 I ContactsProvider_EventLog: cp_s: [STATE R(T) ]
04-19 15:59:25.664 30407 30407 I ResourceOverlayService_0: waitAndQuit called
04-19 15:59:25.666 30407 30407 I ResourceOverlayService_0: activity user id 0 process id 0
04-19 15:59:25.812 19928 19968 I Finsky:background: [172] kre.run(17): Stats for Executor: BlockingExecutor ndx@ee7a5f1[Running, pool size = 0, active threads = 0, queued tasks = 0, completed tasks = 0]
04-19 15:59:25.924  4141 20343 I [SCSDK][C][1.0.04]: [DeviceUtil] : getMnc()
04-19 15:59:25.925  4141 20343 I [SCSDK][C][1.0.04]: [DeviceUtil] : getMcc()
04-19 15:59:26.225  5628  8367 D ConnectivityService: reportNetworkActive, notify 0 listeners
04-19 15:59:26.237  5628  8457 D NetdEventListenerService: DNS Requested by : 128, 10256
04-19 15:59:26.247  5628  8457 D NetdEventListenerService: DNS Requested by : 128, 10256
04-19 15:59:26.670 30407 30407 I ResourceOverlayService_0: waitAndQuit called
04-19 15:59:26.672 30407 30407 I ResourceOverlayService_0: activity user id 0 process id 0
04-19 15:59:26.906  5250  5250 D Zygote  : Forked child process 20367
04-19 15:59:26.959 20367 20367 I oid.app.shealth: Using CollectorTypeCC GC.
04-19 15:59:26.967 20367 20367 E oid.app.shealth: Not starting debugger since process cannot load the jdwp agent.
04-19 15:59:26.976 20367 20367 W libc    : Access denied finding property "sys.perf.boostopt"
04-19 15:59:26.976  5224  5224 E audit   : type=1400 audit(1681912766.969:103103): avc:  denied  { read } for  pid=20367 comm="oid.app.shealth" name="u:object_r:perf_prop:s0" dev="tmpfs" ino=16829 scontext=u:r:sec_untrusted_app:s0:c512,c768 tcontext=u:object_r:perf_prop:s0 tclass=file permissive=0 SEPF_SM-A515F_13_0001 audit_filtered
04-19 15:59:26.976  5224  5224 E audit   : type=1300 audit(1681912766.969:103103): arch=c00000b7 syscall=56 success=no exit=-13 a0=ffffff9c a1=7ffbc769b8 a2=88000 a3=0 items=0 ppid=5250 pid=20367 auid=4294967295 uid=10256 gid=10256 euid=10256 suid=10256 fsuid=10256 egid=10256 sgid=10256 fsgid=10256 tty=(none) ses=4294967295 comm="oid.app.shealth" exe="/system/bin/app_process64" subj=u:r:sec_untrusted_app:s0:c512,c768 key=(null)
04-19 15:59:26.976  5224  5224 E audit   : type=1327 audit(1681912766.969:103103): proctitle="zygote64"
04-19 15:59:26.977 20367 20380 W libc    : Access denied finding property "sys.perf.boostopt"
04-19 15:59:26.977  5224  5224 E audit   : type=1400 audit(1681912766.973:103104): avc:  denied  { read } for  pid=20367 comm="binder:20367_1" name="u:object_r:perf_prop:s0" dev="tmpfs" ino=16829 scontext=u:r:sec_untrusted_app:s0:c512,c768 tcontext=u:object_r:perf_prop:s0 tclass=file permissive=0 SEPF_SM-A515F_13_0001 audit_filtered
04-19 15:59:26.980 20367 20367 D ActivityThread: setConscryptValidator
04-19 15:59:26.980 20367 20367 D ActivityThread: setConscryptValidator - put
04-19 15:59:26.994 20367 20380 W libc    : Access denied finding property "sys.perf.boostopt"
04-19 15:59:26.999 20367 20367 D CompatibilityChangeReporter: Compat change id reported: 171979766; UID 10256; state: ENABLED
04-19 15:59:27.142  4141  4667 W StepServerDataSyncReceiver: [STB SS] status = true, false
04-19 15:59:27.675 30407 30407 I ResourceOverlayService_0: waitAndQuit called
04-19 15:59:27.677 30407 30407 I ResourceOverlayService_0: activity user id 0 process id 0
04-19 15:59:28.132 20367 20391 W oid.app.shealth: Long monitor contention with owner main (20367) at int android.content.res.AssetManager.getResourceIdentifier(java.lang.String, java.lang.String, java.lang.String)(AssetManager.java:856) waiters=0 in boolean android.content.res.AssetManager.retrieveAttributes(android.content.res.XmlBlock$Parser, int[], int[], int[]) for 148ms
04-19 15:59:28.154  5628  9811 D SemWifiUsabilityStatsMonitor: onWifiUsabilityStats - seqNum 36092, isSameBssidAndFreq true
04-19 15:59:28.158  5628  8445 D WifiConnectivityMonitor: start WCM Poll.
04-19 15:59:28.158  5628  8422 I SemWifiLinkQualityMonitor: Link Qos Query: 0.020 ms / 404.761 Mbps (433 / 0.000 / 1.070)
04-19 15:59:28.159  8513  8513 D NetworkController.WifiSignalController: notifyListener: visible=true, connected=true, inetCondition=1, isDefault=true, wifiTestReported=true, receivedInetCondition=-1, hideDuringMobileSwitching=false
04-19 15:59:28.163  8513  8599 D Tile.WifiTile: handleUpdateState isTransient=false transientEnabling =false cb.isTransient=false state.state = 2 mStateBeforeClick.value =false enabled =true
04-19 15:59:28.351 20367 20367 I FirebaseInitProvider: FirebaseApp initialization successful
04-19 15:59:28.413 20367 20367 I CapsuleProvider_1.0.11: onCreate
04-19 15:59:28.419 20367 20367 I CapsuleProvider_1.0.11: ApplicationTriggerReceiver registered
04-19 15:59:28.488  4141  4164 I .shealth:remote: Background young concurrent copying GC freed 133318(6337KB) AllocSpace objects, 119(5788KB) LOS objects, 42% free, 14MB/25MB, paused 2.574ms,374us total 253.048ms
04-19 15:59:28.534 20367 20367 I SHEALTH#OOBEManager: init state: NOT_NEEDED / main
04-19 15:59:28.551 20367 20367 I SHEALTH#MetaDataUtil: version: 2.6
04-19 15:59:28.559 20367 20367 I SHEALTH#DevStage: setStage : ProdFinal
04-19 15:59:28.679 30407 30407 I ResourceOverlayService_0: waitAndQuit called
04-19 15:59:28.680 30407 30407 I ResourceOverlayService_0: activity user id 0 process id 0
04-19 15:59:28.932 20367 20367 I CapsuleProvider_1.0.11: releasing initialize wait lock.
04-19 15:59:28.935 20367 20367 E MemoryLeakHandler: initialize - not working for release
04-19 15:59:28.939 20367 20416 I SHEALTH#RestrictionManager: init state: NONE / main
04-19 15:59:28.949 20367 20367 I ApplicationTriggerReceiver: onReceived()
04-19 15:59:28.952 20367 20367 I ApplicationTriggerReceiver: ApplicationTriggerReceiver unRegistered
04-19 15:59:28.957 19093 19121 I SamsungAccount: [AccountManagerProvider] Calling package : app.shealth.
04-19 15:59:28.957 19093 19121 I SamsungAccount: [SignatureCheckUtil] runCheckSignatureAsync
04-19 15:59:28.957 19093 19121 I SamsungAccount: [SignaturePreconditionChecker] getSignatureResult - fromSesSdk : false
04-19 15:59:28.957 19093 19121 I SamsungAccount: [SignatureInfoDbHelper] getSignatureResult - [10/1y90e][app.shealth.]
04-19 15:59:28.958 19093 19121 I SamsungAccount: [SignatureInfoDbHelper] searchOnUser
04-19 15:59:28.966 19093 19121 I SamsungAccount: [SignatureInfoDbHelper] searchOnUser - [10/1y90e][app.shealth.][64/14aaf] => matched
04-19 15:59:28.966 19093 19121 I SamsungAccount: [SignatureInfoDbHelper] search - matched
04-19 15:59:28.966 19093 19121 I SamsungAccount: [SignatureCheckUtil] runCheckSignatureAsync(fromDb) - matched
04-19 15:59:28.966 19093 19121 I SamsungAccount: [AccountManagerProvider] This is the access of the allowed application
04-19 15:59:28.970 20367 20367 I SHEALTH#HealthDataStoreManager: onConnected (20367)
04-19 15:59:29.052 20367 20416 I DIAGMON_SDK[605030]: DefaultNetwork : true
04-19 15:59:29.052 20367 20416 I DIAGMON_SDK[605030]: globalNetworkMode : false
04-19 15:59:29.064 20367 20416 I DIAGMON_SDK[605030][707-399-5110053] : SetConfiguration
04-19 15:59:29.068 20367 20416 I DIAGMON_SDK[605030][707-399-5110053] : generated SR object
04-19 15:59:29.213 19093 19121 I SamsungAccount: [AccountManagerProvider] Calling package : app.shealth.
04-19 15:59:29.213 19093 19121 I SamsungAccount: [SignatureCheckUtil] runCheckSignatureAsync
04-19 15:59:29.213 19093 19121 I SamsungAccount: [SignaturePreconditionChecker] getSignatureResult - fromSesSdk : false
04-19 15:59:29.213 19093 19121 I SamsungAccount: [SignatureInfoDbHelper] getSignatureResult - [10/1y90e][app.shealth.]
04-19 15:59:29.213 19093 19121 I SamsungAccount: [SignatureInfoDbHelper] searchOnUser
04-19 15:59:29.219 19093 19121 I SamsungAccount: [SignatureInfoDbHelper] searchOnUser - [10/1y90e][app.shealth.][64/14aaf] => matched
04-19 15:59:29.219 19093 19121 I SamsungAccount: [SignatureInfoDbHelper] search - matched
04-19 15:59:29.219 19093 19121 I SamsungAccount: [SignatureCheckUtil] runCheckSignatureAsync(fromDb) - matched
04-19 15:59:29.219 19093 19121 I SamsungAccount: [AccountManagerProvider] This is the access of the allowed application
04-19 15:59:29.267  4141  4667 I SHEALTH#TodayDataManager: SKIP, not initialized.
04-19 15:59:29.342  5628  8409 I ChimeraAggressivePolicyHandler: executePolicy() - triggerSource: TRIGGER_SOURCE_LMKD
04-19 15:59:29.343  5628  8409 I ChimeraAggressivePolicyHandler: available memory: 927344, free memory target: 870400, quit chimera
04-19 15:59:29.564  4141  4667 I SHEALTH#StartForegroundServicePolicy: case 6. After Android P device.
04-19 15:59:29.569  4141  4667 I SHEALTH#SFN_Manager: [FGMode] 9, false, 7079, 100003
04-19 15:59:29.577  4141  4667 I SHEALTH#SFN_Manager: [TOSN] SN 42, 2, 0, 7701
04-19 15:59:29.580  5628 11235 D ApplicationPolicy: isStatusBarNotificationAllowedAsUser: packageName = com.sec.android.app.shealth,userId = 0
04-19 15:59:29.581  5628 11235 D ApplicationPolicy: isStatusBarNotificationAllowedAsUser: packageName = com.sec.android.app.shealth,userId = 0
04-19 15:59:29.584  4141  4667 I SHEALTH#WidgetManager: updateWidgets - C : 7079 status : 0 device type : 100003 caller = TodayDataManager - sendResponse
04-19 15:59:29.590  4141  4667 I SHEALTH#WidgetUtil: [RO] isSensorAvailable : false isHeartRateAllowed : true
04-19 15:59:29.591  4141  4667 I SHEALTH#StepsWidgetView: [RO] mContext = com.samsung.android.app.shealth.SHealthApplication@54be43c, mAppWidgetId = 14, mDayData = TS: 1681855200000 TU: 86400000 CA: 218.2899932861328 D: 5303.18994140625 C: 7079 TU: 86400000 S: 4.854752063751221 R: 35 W: 7044 H: 0 A: 3932534.0 RE: 6000 DT: 100003 NO: false HE: 0 NH: 0 IN: 0 ST: 0, mIsSetting = false, mIsHrSupported : false, mStatus : 9, mIsSamsungTablet : false
04-19 15:59:29.591  4141  4667 I SHEALTH#StepsWidgetView: [RO] mTheme : 0, mTransparency : 0, mMatchWithDarkMode : true
04-19 15:59:29.595  4141  4667 I SHEALTH#StepsWidgetView: [RO] minWidth = 354, minHeight = 49, maxWidth = 806, maxHeight = 117
04-19 15:59:29.595  4141  4667 I SHEALTH#StepsWidgetView: [RO] columnSpan : -1, rowSpan : -1
04-19 15:59:29.614  4141  4667 I SHEALTH#WidgetUtil: [RO] samsunghome
04-19 15:59:29.614  4141  4667 I SHEALTH#WidgetUtil: [RO] not dcmhome
04-19 15:59:29.614  4141  4667 I SHEALTH#StepsWidgetView: [RO] defaultHomePackageName : com.sec.android.app.launcher, isSamsungHome : true, isDcmHome : false
04-19 15:59:29.614  4141  4667 I SHEALTH#StepsWidgetView: [RO] cellWidth : 116, cellHeight : 157, spanX : 4, dcmCellWidth : 100, dcmCellHeight : 110, dcmSpanX : 4}
04-19 15:59:29.614  4141  4667 I SHEALTH#StepsWidgetView: [RO] isDcmHome: false isDcmMinHeightCase: false isNormalMinHeightCase: false
04-19 15:59:29.614  4141  4667 I SHEALTH#StepsWidgetView: [RO] isStepPaused : false
04-19 15:59:29.614  4141  4667 I SHEALTH#StepsWidgetView: [RO] portraitRemoteViews : android.widget.RemoteViews@e891e6e, landscapeRemoteViews : android.widget.RemoteViews@ebba90f, remoteViews : android.widget.RemoteViews@403bd9c
04-19 15:59:29.618  4141  4667 I SHEALTH#StepsWidgetView: [RO] widthPixels 1080, heightPixels 2186, density 2.625, densityDpi 420, scaledDensity 2.8875, xdpi 409.432, ydpi 406.4
04-19 15:59:29.618  4141  4667 I SHEALTH#StepsWidgetView: [RO] isLandscapeView : false, orientation 1, screenWidthDp 411, screenHeightDp 832, smallestScreenWidthDp 411
04-19 15:59:29.618  4141  4667 I SHEALTH#WidgetUtil: [RO] uiMode : 33
04-19 15:59:29.619  4141  4667 I SHEALTH#StepsWidgetView: [RO] mMatchWithDarkMode : true, isNightModeEnabled : true, isBlackThemeAppliedByDarkMode : true
04-19 15:59:29.621  4141  4667 I SHEALTH#WidgetUtil: [RO] needDarkFont : 0
04-19 15:59:29.622  4141  4667 I SHEALTH#StepsWidgetView: [RO] theme : 1, transparency : 0, opacity : 255, isDarkFont : false, isNoBG : false
04-19 15:59:29.622  4141  4667 I SHEALTH#StepsWidgetView: [RO] isStatusOobe : false, isStepPaused : false, isSourceBand : false
04-19 15:59:29.630  4141  4667 I SHEALTH#StepsWidgetView: [RO] widthPixels 1080, heightPixels 2186, density 2.625, densityDpi 420, scaledDensity 2.8875, xdpi 409.432, ydpi 406.4
04-19 15:59:29.630  4141  4667 I SHEALTH#StepsWidgetView: [RO] isLandscapeView : true, orientation 1, screenWidthDp 411, screenHeightDp 832, smallestScreenWidthDp 411
04-19 15:59:29.630  4141  4667 I SHEALTH#WidgetUtil: [RO] uiMode : 33
04-19 15:59:29.630  4141  4667 I SHEALTH#StepsWidgetView: [RO] mMatchWithDarkMode : true, isNightModeEnabled : true, isBlackThemeAppliedByDarkMode : true
04-19 15:59:29.630  4141  4667 I SHEALTH#WidgetUtil: [RO] needDarkFont : 0
04-19 15:59:29.631  4141  4667 I SHEALTH#StepsWidgetView: [RO] theme : 1, transparency : 0, opacity : 255, isDarkFont : false, isNoBG : false
04-19 15:59:29.631  4141  4667 I SHEALTH#StepsWidgetView: [RO] isStatusOobe : false, isStepPaused : false, isSourceBand : false
04-19 15:59:29.632  4141  4667 I AppWidgetManager: updateAppWidget() appWidgetIds = [14]
04-19 15:59:29.635  4141  4667 I SHEALTH#WidgetUtil: [RO] isSensorAvailable : false isHeartRateAllowed : true
04-19 15:59:29.636  4141  4667 I SHEALTH#StepsWidgetView: [RO] mContext = com.samsung.android.app.shealth.SHealthApplication@54be43c, mAppWidgetId = 27, mDayData = TS: 1681855200000 TU: 86400000 CA: 218.2899932861328 D: 5303.18994140625 C: 7079 TU: 86400000 S: 4.854752063751221 R: 35 W: 7044 H: 0 A: 3932534.0 RE: 6000 DT: 100003 NO: false HE: 0 NH: 0 IN: 0 ST: 0, mIsSetting = false, mIsHrSupported : false, mStatus : 9, mIsSamsungTablet : false
04-19 15:59:29.636  4141  4667 I SHEALTH#StepsWidgetView: [RO] mTheme : 0, mTransparency : 255, mMatchWithDarkMode : true
04-19 15:59:29.638  4141  4667 I SHEALTH#StepsWidgetView: [RO] minWidth = 451, minHeight = 123, maxWidth = 451, maxHeight = 123
04-19 15:59:29.638  4141  4667 I SHEALTH#StepsWidgetView: [RO] columnSpan : 5, rowSpan : 1
04-19 15:59:29.647  4141  4667 I SHEALTH#WidgetUtil: [RO] samsunghome
04-19 15:59:29.647  4141  4667 I SHEALTH#WidgetUtil: [RO] not dcmhome
04-19 15:59:29.647  4141  4667 I SHEALTH#StepsWidgetView: [RO] defaultHomePackageName : com.sec.android.app.launcher, isSamsungHome : true, isDcmHome : false
04-19 15:59:29.647  4141  4667 I SHEALTH#StepsWidgetView: [RO] isDcmHome: false isDcmMinHeightCase: false isNormalMinHeightCase: false
04-19 15:59:29.647  4141  4667 I SHEALTH#StepsWidgetView: [RO] isStepPaused : false
04-19 15:59:29.647  4141  4667 I SHEALTH#StepsWidgetView: [RO] portraitRemoteViews : android.widget.RemoteViews@c0573a5, landscapeRemoteViews : android.widget.RemoteViews@e2cb37a, remoteViews : android.widget.RemoteViews@213c72b
04-19 15:59:29.652  4141  4667 I SHEALTH#StepsWidgetView: [RO] widthPixels 1080, heightPixels 2186, density 2.625, densityDpi 420, scaledDensity 2.8875, xdpi 409.432, ydpi 406.4
04-19 15:59:29.652  4141  4667 I SHEALTH#StepsWidgetView: [RO] isLandscapeView : false, orientation 1, screenWidthDp 411, screenHeightDp 832, smallestScreenWidthDp 411
04-19 15:59:29.652  4141  4667 I SHEALTH#WidgetUtil: [RO] uiMode : 33
04-19 15:59:29.652  4141  4667 I SHEALTH#StepsWidgetView: [RO] mMatchWithDarkMode : true, isNightModeEnabled : true, isBlackThemeAppliedByDarkMode : true
04-19 15:59:29.652  4141  4667 I SHEALTH#WidgetUtil: [RO] needDarkFont : 0
04-19 15:59:29.652  4141  4667 I SHEALTH#StepsWidgetView: [RO] theme : 0, transparency : 255, opacity : 0, isDarkFont : false, isNoBG : true
04-19 15:59:29.653  4141  4667 I SHEALTH#StepsWidgetView: [RO] isStatusOobe : false, isStepPaused : false, isSourceBand : false
04-19 15:59:29.656  4141  4667 I SHEALTH#StepsWidgetView: [RO] widthPixels 1080, heightPixels 2186, density 2.625, densityDpi 420, scaledDensity 2.8875, xdpi 409.432, ydpi 406.4
04-19 15:59:29.656  4141  4667 I SHEALTH#StepsWidgetView: [RO] isLandscapeView : true, orientation 1, screenWidthDp 411, screenHeightDp 832, smallestScreenWidthDp 411
04-19 15:59:29.656  4141  4667 I SHEALTH#WidgetUtil: [RO] uiMode : 33
04-19 15:59:29.656  4141  4667 I SHEALTH#StepsWidgetView: [RO] mMatchWithDarkMode : true, isNightModeEnabled : true, isBlackThemeAppliedByDarkMode : true
04-19 15:59:29.657  4141  4667 I SHEALTH#WidgetUtil: [RO] needDarkFont : 0
04-19 15:59:29.657  4141  4667 I SHEALTH#StepsWidgetView: [RO] theme : 0, transparency : 255, opacity : 0, isDarkFont : false, isNoBG : true
04-19 15:59:29.657  4141  4667 I SHEALTH#StepsWidgetView: [RO] isStatusOobe : false, isStepPaused : false, isSourceBand : false
04-19 15:59:29.660  4141  4667 I AppWidgetManager: updateAppWidget() appWidgetIds = [27]
04-19 15:59:29.663  4141  4667 I SHEALTH#StepCoverAppWidget: appWidgetIds is zero.
04-19 15:59:29.683 30407 30407 I ResourceOverlayService_0: waitAndQuit called
04-19 15:59:29.684 30407 30407 I ResourceOverlayService_0: activity user id 0 process id 0
04-19 15:59:29.705  4141 13864 I Sensor[0x03]: [0x01] 1681855200000,[0x02] 7079,[0x03] 218.2899932861328,[0x04] 5303.18994140625,[0x05] 7044,[0x06] 35,[0x07] 0,[0x08] 3932534.0,[0x09] 0,[0x10] 0,[0x11] 0,[0x12] 6000,[0x13] 100003,[0x18] false,
04-19 15:59:29.920  5288  5288 E sehhealth-service: Could not open /sys/class/power_supply/battery/lrp
04-19 15:59:30.512  5628 11235 D PackageManager: setEnabledSetting : userId = 0 packageName = com.Slack cmp = androidx.work.impl.background.systemalarm.RescheduleReceiver newState = 1 callingPackage = 10329/com.Slack
04-19 15:59:30.515  5628 11235 D ApplicationPolicy: getApplicationStateEnabled : pkg = com.Slack userId : 0
04-19 15:59:30.517  5628 11235 D ApplicationPolicy: getApplicationComponentState : pkg = com.Slack userId : 0
04-19 15:59:30.547  5628  5714 W libprocessgroup: Failed to open /dev/blkio//cgroup.procs: No such file or directory
04-19 15:59:30.588  6649  6797 D ConnectivityManager: StackLog: [android.net.ConnectivityManager.sendRequestForNetwork(ConnectivityManager.java:4191)] [android.net.ConnectivityManager.registerDefaultNetworkCallbackForUid(ConnectivityManager.java:4755)] [android.net.ConnectivityManager.registerDefaultNetworkCallback(ConnectivityManager.java:4722)] [android.net.ConnectivityManager.registerDefaultNetworkCallback(ConnectivityManager.java:4696)] [androidx.work.impl.utils.NetworkApi24.registerDefaultNetworkCallbackCompat(Unknown Source:10)] [androidx.work.impl.constraints.trackers.NetworkStateTracker24.startTracking(Unknown Source:15)] [androidx.work.impl.constraints.controllers.ConstraintController.replace(Unknown Source:130)] [androidx.work.impl.constraints.WorkConstraintsTrackerImpl.replace(Unknown Source:41)] [androidx.work.impl.background.greedy.GreedyScheduler.schedule(Unknown Source:300)] [androidx.work.impl.Schedulers.schedule(Unknown Source:149)] [androidx.work.impl.utils.EnqueueRunnable.run(Unknown Source:53)] [androidx.work.Worker$2.run$androidx$work$impl$utils$SerialExecutorImpl$Task(Unknown Source:4)] [androidx.work.Worker$2.run(Unknown Source:868)] [java.util.concurrent.ThreadPoolExecutor.runWorker(ThreadPoolExecutor.java:1137)] [java.util.concurrent.ThreadPoolExecutor$Worker.run(ThreadPoolExecutor.java:637)] [java.lang.Thread.run(Thread.java:1012)]
04-19 15:59:30.592  5628 11466 D ConnectivityService: requestNetwork for uid/pid:10329/6649 activeRequest: null callbackRequest: 28004 [NetworkRequest [ REQUEST id=28005, [ Capabilities: INTERNET&NOT_RESTRICTED&TRUSTED&NOT_VCN_MANAGED Uid: 10329 RequestorUid: 10329 RequestorPkg: com.Slack UnderlyingNetworks: Null] ]] callback flags: 0 order: 2147483647
04-19 15:59:30.594  5628  8367 D ConnectivityService:    accepting network in place of null
04-19 15:59:30.601  5628  8367 D ConnectivityService: Rematched networks [computed 0ms] [applied 2ms] [issued 6]
04-19 15:59:30.601  5628  8367 D ConnectivityService: NetworkReassignment :
04-19 15:59:30.601  5628  8367 D ConnectivityService:   28005 : null → 128
04-19 15:59:30.602  5628  8356 D WifiNetworkFactory: got request NetworkRequest [ REQUEST id=28005, [ Capabilities: INTERNET&NOT_RESTRICTED&TRUSTED&NOT_VCN_MANAGED Uid: 10329 RequestorUid: 10329 RequestorPkg: com.Slack UnderlyingNetworks: Null] ]
04-19 15:59:30.602  5628  8356 D UntrustedWifiNetworkFactory: got request NetworkRequest [ REQUEST id=28005, [ Capabilities: INTERNET&NOT_RESTRICTED&TRUSTED&NOT_VCN_MANAGED Uid: 10329 RequestorUid: 10329 RequestorPkg: com.Slack UnderlyingNetworks: Null] ]
04-19 15:59:30.602  5628  8356 D OemPaidWifiNetworkFactory: got request NetworkRequest [ REQUEST id=28005, [ Capabilities: INTERNET&NOT_RESTRICTED&TRUSTED&NOT_VCN_MANAGED Uid: 10329 RequestorUid: 10329 RequestorPkg: com.Slack UnderlyingNetworks: Null] ]
04-19 15:59:30.602  5628  8356 D MultiInternetWifiNetworkFactory: got request NetworkRequest [ REQUEST id=28005, [ Capabilities: INTERNET&NOT_RESTRICTED&TRUSTED&NOT_VCN_MANAGED Uid: 10329 RequestorUid: 10329 RequestorPkg: com.Slack UnderlyingNetworks: Null] ]
04-19 15:59:30.639  6649  6649 D ConnectivityManager: StackLog: [android.net.ConnectivityManager.unregisterNetworkCallback(ConnectivityManager.java:4863)] [androidx.work.impl.utils.NetworkApi21.unregisterNetworkCallbackCompat(Unknown Source:10)] [androidx.work.impl.constraints.trackers.NetworkStateTracker24.stopTracking(Unknown Source:15)] [androidx.work.impl.constraints.trackers.ConstraintTracker.removeListener(Unknown Source:24)] [androidx.work.impl.constraints.controllers.ConstraintController.replace(Unknown Source:81)] [androidx.work.impl.constraints.WorkConstraintsTrackerImpl.replace(Unknown Source:41)] [androidx.work.impl.background.greedy.GreedyScheduler.onExecuted(Unknown Source:55)] [androidx.work.impl.Processor.onExecuted(Unknown Source:59)] [com.bugsnag.android.DeliveryDelegate$1.run(Unknown Source:212)]
04-19 15:59:30.641  5628  8367 D ConnectivityService:  Removing from current network [128 WIFI], leaving 164 requests.
04-19 15:59:30.686 30407 30407 I ResourceOverlayService_0: waitAndQuit called
04-19 15:59:30.687 30407 30407 I ResourceOverlayService_0: activity user id 0 process id 0
04-19 15:59:30.809  5224  5224 E audit   : type=1400 audit(1681912770.801:103106): avc:  denied  { getattr } for  pid=5628 comm="BinderProcsColl" path="/sys/kernel/debug/binder/proc/5628" dev="debugfs" ino=25430 scontext=u:r:system_server:s0 tcontext=u:object_r:sec_debugfs:s0 tclass=file permissive=0 SEPF_SM-A515F_13_0001 audit_filtered
04-19 15:59:30.809  5224  5224 E audit   : type=1300 audit(1681912770.801:103106): arch=c00000b7 syscall=79 success=no exit=-13 a0=ffffff9c a1=7d11b9f400 a2=7cb001b680 a3=0 items=0 ppid=5250 pid=5628 auid=4294967295 uid=1000 gid=1000 euid=1000 suid=1000 fsuid=1000 egid=1000 sgid=1000 fsgid=1000 tty=(none) ses=4294967295 comm="BinderProcsColl" exe="/system/bin/app_process64" subj=u:r:system_server:s0 key=(null)
04-19 15:59:30.809  5224  5224 E audit   : type=1327 audit(1681912770.801:103106): proctitle="system_server"
04-19 15:59:31.203  5628  9811 D SemWifiUsabilityStatsMonitor: onWifiUsabilityStats - seqNum 36093, isSameBssidAndFreq true
04-19 15:59:31.210  8513  8513 D NetworkController.WifiSignalController: notifyListener: visible=true, connected=true, inetCondition=1, isDefault=true, wifiTestReported=true, receivedInetCondition=-1, hideDuringMobileSwitching=false
04-19 15:59:31.212  8513  8599 D Tile.WifiTile: handleUpdateState isTransient=false transientEnabling =false cb.isTransient=false state.state = 2 mStateBeforeClick.value =false enabled =true
04-19 15:59:31.212  5628  8422 I SemWifiLinkQualityMonitor: Link Qos Query: 0.020 ms / 404.761 Mbps (433 / 0.000 / 1.070)
04-19 15:59:31.690 30407 30407 I ResourceOverlayService_0: waitAndQuit called
04-19 15:59:31.691 30407 30407 I ResourceOverlayService_0: activity user id 0 process id 0
04-19 15:59:32.071 20367 20378 W System  : A resource failed to call CursorWindow.close.
04-19 15:59:32.072 20367 20378 W System  : A resource failed to call AbstractCursor.close.
04-19 15:59:32.072 20367 20378 W System  : A resource failed to call CursorWindow.close.
04-19 15:59:32.072 20367 20378 W System  : A resource failed to call AbstractCursor.close.
04-19 15:59:32.074 20367 20378 W System  : A resource failed to call CursorWindow.close.
04-19 15:59:32.074 20367 20378 W System  : A resource failed to call AbstractCursor.close.
04-19 15:59:32.074 20367 20378 W System  : A resource failed to call CursorWindow.close.
04-19 15:59:32.074 20367 20378 W System  : A resource failed to call AbstractCursor.close.
04-19 15:59:32.693 30407 30407 I ResourceOverlayService_0: waitAndQuit called
04-19 15:59:32.694 30407 30407 I ResourceOverlayService_0: activity user id 0 process id 0
04-19 15:59:33.697 30407 30407 I ResourceOverlayService_0: waitAndQuit called
04-19 15:59:33.699 30407 30407 I ResourceOverlayService_0: activity user id 0 process id 0
04-19 15:59:34.090  5628  5714 W libprocessgroup: Failed to open /dev/blkio//cgroup.procs: No such file or directory
04-19 15:59:34.193  5628  8438 D WifiConnectivityMonitor: Stop WCM Poll. cnt : 6
04-19 15:59:34.227  5628  9811 D SemWifiUsabilityStatsMonitor: onWifiUsabilityStats - seqNum 36094, isSameBssidAndFreq true
04-19 15:59:34.228  5628  8422 I SemWifiLinkQualityMonitor: Link Qos Query: 0.020 ms / 404.761 Mbps (433 / 0.000 / 1.070)
04-19 15:59:34.338  5628  8409 I ChimeraAggressivePolicyHandler: executePolicy() - triggerSource: TRIGGER_SOURCE_LMKD
04-19 15:59:34.340  5628  8409 I ChimeraAggressivePolicyHandler: available memory: 913172, free memory target: 870400, quit chimera
04-19 15:59:34.390  4376  4376 I lmkd    : cached 0, sandbox(not0) 0
04-19 15:59:34.396  4376  4376 I lmkd    : Reclaim 'com.samsung.android.mdx.kit' (32131), uid 5025, oom_score_adj 999, state 10 to free 31960kB rss, 42576kb swap
04-19 15:59:34.397  4376  4376 I lmkd    : Reclaimed 74536kB at oom_score_adj 850
04-19 15:59:34.415  5628 11235 D ConnectivityService: ConnectivityService NetworkRequestInfo binderDied(uid/pid:5025/32131, [NetworkRequest [ LISTEN id=27660, [ Transports: WIFI Capabilities: NOT_RESTRICTED&TRUSTED&NOT_VPN&NOT_VCN_MANAGED Uid: 5025 RequestorUid: 5025 RequestorPkg: com.samsung.android.mdx.kit UnderlyingNetworks: Null] ]], android.os.BinderProxy@911f886)
04-19 15:59:34.415  5250  5250 I Zygote  : Process 32131 exited due to signal 9 (Killed)
04-19 15:59:34.420  5628  8565 D SecContentProvider: query(), uri = 3 selection = isBLEAllowed
04-19 15:59:34.427  5628  8359 D WifiP2pService: Remove client - com.samsung.android.mdx.kit
04-19 15:59:34.429  5628  8359 D WifiP2pService: Detach approvers for android.os.BinderProxy@768d0e4
04-19 15:59:34.438  5628  5712 I libprocessgroup: Successfully killed process cgroup uid 5025 pid 32131 in 0ms
04-19 15:59:34.440  5628  8359 D WifiP2pService: Remove client - com.samsung.android.mdx.kit
04-19 15:59:34.442  5628  8359 D WifiP2pService: Detach approvers for android.os.BinderProxy@6c0419b
04-19 15:59:34.449  8900 12244 D LeAppInfo: removeLeacReportedServerApp, appName: android.uid.mdxkit
04-19 15:59:34.509  8900 12244 D ActivityAttributionService: notifyActivityAttributionInfo UID=1002 packageName=com.android.bluetooth deviceAddress=no_active_device_address
04-19 15:59:34.514  8900  9441 I bt_stack: [INFO:le_scanning_manager.cc(198)] ScanFilterParamSetup in shim layer
04-19 15:59:34.518  8900  9441 I bt_stack: [INFO:le_scanning_manager.cc(198)] ScanFilterParamSetup in shim layer
04-19 15:59:34.528  8900  9441 D BtGatt.ContextMap: remove() - id: 5
04-19 15:59:34.529  8900  9441 E BtGatt.ContextMap: remove() - removed: 5
04-19 15:59:34.530  8900  9441 I bt_stack: [INFO:le_scanning_manager.cc(172)] Unregister in shim layer, scanner_id:5
04-19 15:59:34.537  8900  9450 E BtGatt.GattService: [GSIM LOG]: gsimLogHandler, msg: MESSAGE_SCAN_STOP, appName: android.uid.mdxkit, scannerId: 5, reportDelayMillis=0
04-19 15:59:34.702 30407 30407 I ResourceOverlayService_0: waitAndQuit called
04-19 15:59:34.704 30407 30407 I ResourceOverlayService_0: activity user id 0 process id 0
04-19 15:59:35.458  5250  5250 D Zygote  : Forked child process 20465
04-19 15:59:35.511 20465 20465 I android.mdx.kit: Using CollectorTypeCC GC.
04-19 15:59:35.527 20465 20465 E android.mdx.kit: Not starting debugger since process cannot load the jdwp agent.
04-19 15:59:35.535 20465 20465 W libc    : Access denied finding property "sys.perf.boostopt"
04-19 15:59:35.535  5224  5224 E audit   : type=1400 audit(1681912775.529:103107): avc:  denied  { read } for  pid=20465 comm="android.mdx.kit" name="u:object_r:perf_prop:s0" dev="tmpfs" ino=16829 scontext=u:r:platform_app:s0:c512,c768 tcontext=u:object_r:perf_prop:s0 tclass=file permissive=0 SEPF_SM-A515F_13_0001 audit_filtered
04-19 15:59:35.535  5224  5224 E audit   : type=1300 audit(1681912775.529:103107): arch=c00000b7 syscall=56 success=no exit=-13 a0=ffffff9c a1=7ffbc769b8 a2=88000 a3=0 items=0 ppid=5250 pid=20465 auid=4294967295 uid=5025 gid=5025 euid=5025 suid=5025 fsuid=5025 egid=5025 sgid=5025 fsgid=5025 tty=(none) ses=4294967295 comm="android.mdx.kit" exe="/system/bin/app_process64" subj=u:r:platform_app:s0:c512,c768 key=(null)
04-19 15:59:35.535  5224  5224 E audit   : type=1327 audit(1681912775.529:103107): proctitle="zygote64"
04-19 15:59:35.536 20465 20477 W libc    : Access denied finding property "sys.perf.boostopt"
04-19 15:59:35.536  5224  5224 E audit   : type=1400 audit(1681912775.529:103108): avc:  denied  { read } for  pid=20465 comm="binder:20465_1" name="u:object_r:perf_prop:s0" dev="tmpfs" ino=16829 scontext=u:r:platform_app:s0:c512,c768 tcontext=u:object_r:perf_prop:s0 tclass=file permissive=0 SEPF_SM-A515F_13_0001 audit_filtered
04-19 15:59:35.536  5224  5224 E audit   : type=1300 audit(1681912775.529:103108): arch=c00000b7 syscall=56 success=no exit=-13 a0=ffffff9c a1=7d7757b2f8 a2=88000 a3=0 items=0 ppid=5250 pid=20465 auid=4294967295 uid=5025 gid=5025 euid=5025 suid=5025 fsuid=5025 egid=5025 sgid=5025 fsgid=5025 tty=(none) ses=4294967295 comm="binder:20465_1" exe="/system/bin/app_process64" subj=u:r:platform_app:s0:c512,c768 key=(null)
04-19 15:59:35.538 20465 20465 D ActivityThread: setConscryptValidator
04-19 15:59:35.538 20465 20465 D ActivityThread: setConscryptValidator - put
04-19 15:59:35.579 20465 20477 W libc    : Access denied finding property "sys.perf.boostopt"
04-19 15:59:35.590 20465 20465 D CompatibilityChangeReporter: Compat change id reported: 171979766; UID 5025; state: ENABLED
04-19 15:59:35.705  4376  4376 I lmkd    : 3(delay), 0(swap), 0(freelimit), 0(reentrymode) memory pressure events were skipped after a kill!
04-19 15:59:35.707 30407 30407 I ResourceOverlayService_0: waitAndQuit called
04-19 15:59:35.708 30407 30407 I ResourceOverlayService_0: activity user id 0 process id 0
04-19 15:59:35.958 20465 20465 I MCFQS   : (QuickShareApplication) onCreate()-[td:main] hashCode: 9daa4a4
04-19 15:59:35.971 20465 20465 I MCFQS   : (QuickShareApplication) onCreate()-[td:main] complete
04-19 15:59:35.975 20465 20465 I MCFQS   : (DeviceConnectionService) onCreate()-[td:main] in(0)
04-19 15:59:36.091 20465 20465 I MCFQS   : (CloudKeyStoreImpl) constructor()-[td:main] hashCode: 3827ed4
04-19 15:59:36.096 20465 20465 I MCFQS   : (SamsungAccountRepository) isSignIn()-[td:main] signIn=true
04-19 15:59:36.157  4613  4613 W keymaster_tee: [WRN]begin req PARAMS: A32 B32 P1
04-19 15:59:36.184  4613  4613 W keymaster_tee: [WRN]begin req PARAMS: A32 B32 P1
04-19 15:59:36.210  4613  4613 W keymaster_tee: [WRN]begin req PARAMS: A32 B32 P1
04-19 15:59:36.229  4613  4613 W keymaster_tee: [WRN]begin req PARAMS: A32 B32 P1
04-19 15:59:36.243  4613  4613 W keymaster_tee: [WRN]begin req PARAMS: A32 B32 P1
04-19 15:59:36.260  4613  4613 W keymaster_tee: [WRN]begin req PARAMS: A32 B32 P1
04-19 15:59:36.272 20465 20489 I v.m     : Provider GmsCore_OpenSSL not available
04-19 15:59:36.282 20465 20465 I [StandardPlus]_D2dProtocol: initialize - is MHS supported : true
04-19 15:59:36.283  5628  8565 D SemWifiApServiceImpl: supportWifiSharingLite() true
04-19 15:59:36.284 20465 20465 I [StandardPlus]_D2dProtocol: initialize - is WifiSharingLite supported : true
04-19 15:59:36.284 20465 20465 I [StandardPlus]_D2dProtocol: initialize - is RSDB supported : false
04-19 15:59:36.310  5628  8367 D ConnectivityService: Rematched networks [computed 1ms] [applied 2ms] [issued 13]
04-19 15:59:36.311  5628  8367 D ConnectivityService: NetworkReassignment : no changes
04-19 15:59:36.320 20465 20465 I [StandardPlus]_D2dProtocol: initialize - isLocationEnabled : true , countryCode : RS , Wifi Enabled : true
04-19 15:59:36.367 20465 20465 I [StandardPlus]_D2dProtocol: initialize - done
04-19 15:59:36.401 20465 20465 I BluetoothAdapter: BluetoothAdapter() : com.samsung.android.mdx.kit
04-19 15:59:36.405  5628  5944 D BluetoothManagerService: mDisableBleCallbacks count 17
04-19 15:59:36.408 20465 20465 I MCFQS   : (NetworkRepository) isHotspotEnabled()-[td:main] wifiApState : 11
04-19 15:59:36.417 20465 20465 I MCFQS   : (SystemRepository) getOneUiVersion()-[td:main] oneui=50100
04-19 15:59:36.465 20465 20465 I MCFQS   : (ScreenOnRepository) update()-[td:main] isActive=true (screen:true, dex:false)
04-19 15:59:36.465 20465 20465 I MCFQS   : (PhoneVisibilityRepository) constructor()-[td:main] hashCode: d1c2052
04-19 15:59:36.471 20465 20465 I MCFQS   : (PackageMetaRepository) getPackageMetaData()-[td:main] fsa:metaData=31, shareLive:metaData=31, combined:metaData=31
04-19 15:59:36.474 20465 20465 I MCFQS   : (SystemRepository) isSakSupported()-[td:main]  true
04-19 15:59:36.477 20465 20465 I MCFQS   : (BleScanRepository) BleScanRepository()-[td:main] hashCode=233728588
04-19 15:59:36.482 20465 20465 I BluetoothAdapter: STATE_ON
04-19 15:59:36.482 20465 20465 I BluetoothAdapter: StandAloneBleMode=true called by PID : 20465 @ com.samsung.android.mdx.kit
04-19 15:59:36.505 20465 20465 I BluetoothAdapter: BluetoothAdapter() : com.samsung.android.mdx.kit
04-19 15:59:36.507 20465 20465 I BluetoothAdapter:  setting StandAloneBleMode=true
04-19 15:59:36.517 20465 20465 I BluetoothAdapter: enableRadio() : Calling enable
04-19 15:59:36.525  5628 11464 D SecContentProvider: query(), uri = 3 selection = isBLEAllowed
04-19 15:59:36.526  5628 11464 D BluetoothManagerService: enableBle(): mIsSamsungKernel = true, fromSamsungApp = true
04-19 15:59:36.531  5628 11464 D SecContentProvider: query(), uri = 3 selection = isBLEAllowed
04-19 15:59:36.534  5628 11464 D BluetoothManagerService: enableBLE(): Bluetooth is already enabled or is turning on
04-19 15:59:36.543 20465 20465 I MCFQS   : (BleScanRepository) initialize()-[td:main] RefCount:1
04-19 15:59:36.577  5250  5250 D Zygote  : Forked child process 20506
04-19 15:59:36.623 20506 20506 I d.app.sharelive: Using CollectorTypeCC GC.
04-19 15:59:36.633 20506 20506 E d.app.sharelive: Not starting debugger since process cannot load the jdwp agent.
04-19 15:59:36.648 20506 20506 W libc    : Access denied finding property "sys.perf.boostopt"
04-19 15:59:36.648  5224  5224 E audit   : type=1400 audit(1681912776.641:103110): avc:  denied  { read } for  pid=20506 comm="d.app.sharelive" name="u:object_r:perf_prop:s0" dev="tmpfs" ino=16829 scontext=u:r:platform_app:s0:c512,c768 tcontext=u:object_r:perf_prop:s0 tclass=file permissive=0 SEPF_SM-A515F_13_0001 audit_filtered
04-19 15:59:36.648  5224  5224 E audit   : type=1300 audit(1681912776.641:103110): arch=c00000b7 syscall=56 success=no exit=-13 a0=ffffff9c a1=7ffbc769b8 a2=88000 a3=0 items=0 ppid=5250 pid=20506 auid=4294967295 uid=5026 gid=5026 euid=5026 suid=5026 fsuid=5026 egid=5026 sgid=5026 fsgid=5026 tty=(none) ses=4294967295 comm="d.app.sharelive" exe="/system/bin/app_process64" subj=u:r:platform_app:s0:c512,c768 key=(null)
04-19 15:59:36.648  5224  5224 E audit   : type=1327 audit(1681912776.641:103110): proctitle="zygote64"
04-19 15:59:36.649  5224  5224 E audit   : type=1400 audit(1681912776.645:103111): avc:  denied  { read } for  pid=20506 comm="binder:20506_1" name="u:object_r:perf_prop:s0" dev="tmpfs" ino=16829 scontext=u:r:platform_app:s0:c512,c768 tcontext=u:object_r:perf_prop:s0 tclass=file permissive=0 SEPF_SM-A515F_13_0001 audit_filtered
04-19 15:59:36.649 20506 20519 W libc    : Access denied finding property "sys.perf.boostopt"
04-19 15:59:36.655 20506 20506 D ActivityThread: setConscryptValidator
04-19 15:59:36.655 20506 20506 D ActivityThread: setConscryptValidator - put
04-19 15:59:36.692 20465 20502 W AudioCapabilities: Unsupported mime audio/x-ima
04-19 15:59:36.693 20465 20502 W AudioCapabilities: Unsupported mime audio/mpeg-L1
04-19 15:59:36.693 20465 20502 W AudioCapabilities: Unsupported mime audio/mpeg-L2
04-19 15:59:36.701 20506 20519 W libc    : Access denied finding property "sys.perf.boostopt"
04-19 15:59:36.705 20465 20502 W VideoCapabilities: Unsupported mime video/mp43
04-19 15:59:36.709 20465 20502 W VideoCapabilities: Unsupported mime video/wvc1
04-19 15:59:36.709 20465 20502 W VideoCapabilities: Unsupported mime video/x-ms-wmv
04-19 15:59:36.709 20506 20506 D CompatibilityChangeReporter: Compat change id reported: 171979766; UID 5026; state: ENABLED
04-19 15:59:36.710 20465 20502 W AudioCapabilities: Unsupported mime audio/x-ms-wma
04-19 15:59:36.710 20465 20502 W VideoCapabilities: Unsupported mime video/x-ms-wmv7
04-19 15:59:36.711 20465 20502 W VideoCapabilities: Unsupported mime video/x-ms-wmv8
04-19 15:59:36.711 30407 30407 I ResourceOverlayService_0: waitAndQuit called
04-19 15:59:36.713 30407 30407 I ResourceOverlayService_0: activity user id 0 process id 0
04-19 15:59:36.760 20465 20502 W VideoCapabilities: Unrecognized profile/level 32768/256 for video/mp4v-es
04-19 15:59:36.789 20465 20502 I MCFQS   : (CodecChecker) checkCodecCapability()-[td:RxNewThreadScheduler-1] in
04-19 15:59:36.791 20465 20502 I MCFQS   : (CodecChecker) checkCodecCapability()-[td:RxNewThreadScheduler-1] check : 3 : 4
04-19 15:59:36.792 20465 20502 I MCFQS   : (CodecChecker) isHDRtoSDRSupported()-[td:RxNewThreadScheduler-1] Not supported
04-19 15:59:36.792 20465 20502 I MCFQS   : (MediaRepository) updateCodecCapability()-[td:RxNewThreadScheduler-1] set codec 6 from checker
04-19 15:59:37.100 20506 20506 I ShareLive: [SLog][main][GlobalSettingsSearchProvider] secQueryGetFingerprint
04-19 15:59:37.169 20506 20506 I LinkSharing: [ShareLive:ServiceLog][main] [LinkSharingFeatureProvider] onCreate()
04-19 15:59:37.262  5628  9811 D SemWifiUsabilityStatsMonitor: onWifiUsabilityStats - seqNum 36095, isSameBssidAndFreq true
04-19 15:59:37.265  5628  8422 I SemWifiLinkQualityMonitor: Link Qos Query: 0.020 ms / 404.761 Mbps (433 / 0.000 / 1.070)
04-19 15:59:37.274 20506 20506 I ShareLive: [SLog][main][ShareSliceProvider] onCreate
04-19 15:59:37.314 20506 20506 I CapsuleProvider_1.0.16: onCreate
04-19 15:59:37.343 20506 20521 I ShareLive: [SLog][binder:20506_3][ExternalProvider] query: content://com.samsung.android.sharelive.external/exsettings/1
04-19 15:59:37.352 20506 20521 I ShareLive: [SLog][binder:20506_3][SettingsDao] Update airplane mode : false
04-19 15:59:37.354 20506 20506 I ShareLive: [SLog][main][ShareLiveApplication] init 1681912777354
04-19 15:59:37.354 20506 20506 I LinkSharing: [RLog][main] [SamsungAnalyticsUtil] SA init SEP version: 140100
04-19 15:59:37.365 20506 20506 I DIAGMON_SDK[605052]: DiagMonAgent type: 2
04-19 15:59:37.366 20506 20506 I DIAGMON_SDK[605052][4L0-399-515497] : generated SR object
04-19 15:59:37.430 20506 20521 I ShareLive: [SLog][binder:20506_3][ExternalProvider] query: content://com.samsung.android.sharelive.external/policy/visibilityOffAllowed
04-19 15:59:37.436 20506 20521 I ShareLive: [SLog][binder:20506_3][SystemSettingUtil] isActivated: true
04-19 15:59:37.444 20506 20506 I ShareLive: [SLog][main][BroadcastUtil] [Scheduling]----registerSchedulerReceiver
04-19 15:59:37.450 20506 20506 I ShareLive: [SLog][main][NotificationUtil] initNotificationChannel
04-19 15:59:37.451 20465 20465 I MCFQS   : (PhoneVisibilityRepository) updateVisibilityData()-[td:main] visible=true, type=MY_DEVICE, updated:true
04-19 15:59:37.455 11006 11152 I DMASA[D][4L0-399-515497]: [DiagmonProvider]Received msg based on provider : true / anr_logging
04-19 15:59:37.458 20506 20506 I CapsuleProvider_1.0.16: releasing initialize wait lock.
04-19 15:59:37.460 11006 11152 I DMASA[D][4L0-399-515497]: [DiagmonProvider]Signature Check Success
04-19 15:59:37.473 20465 20465 I MCFQS   : (BleScanRepository) initialize()-[td:main] RefCount:2
04-19 15:59:37.474 20506 20529 I DIAGMON_SDK[605052][4L0-399-515497] : Results : Success
04-19 15:59:37.491 20506 20539 I ShareLive: [SLog][RxCachedThreadScheduler-1][ShareLiveApplication] initPolicy onboardPermission isNeeded=false
04-19 15:59:37.498 20465 20465 I MCFQS   : (DiscoveryResponseUseCaseImpl) requestStart()-[td:main] in
04-19 15:59:37.506 20465 20465 I MCFQS   : (P2pSharedRepository) requestP2pAddress()-[td:main] calling
04-19 15:59:37.507 20506 20539 I ShareLive: [SLog][RxCachedThreadScheduler-1][ShareLiveApplication] checkOnboardPermission
04-19 15:59:37.509 20506 20542 I ShareLive: [SLog][RxCachedThreadScheduler-3][PolicyDataSourceImpl] initPolicy
04-19 15:59:37.511 20465 20465 I MCFQS   : (P2pSharedRepository) updateAddress()-[td:main] updated : @id[06*1:*33]
04-19 15:59:37.512 20506 20506 I LinkSharing: [RLog][main] [DeviceUtil] setComponentSetting: true / true
04-19 15:59:37.512 20465 20535 I MCFQS   : (LocalDeviceHelper) updateDeviceId()-[td:Disco] Local{@id[06*a1*33], account=, contact=}
04-19 15:59:37.517 20506 20506 I [RoutineSdk3.0-3.1.3]: RoutineSdkImpl: setHandler - actionHandler initialized
