04-18 00:40:58.133  2747  2799 I TestRunner: started: baselineLong(org.jetbrains.android_benchmark.FibonacciBenchmark)
04-18 00:40:58.134  2747  2747 I MonitoringInstr: Activities that are still in CREATED to STOPPED: 1
04-18 00:40:58.135  2747  2747 I MonitoringInstr: Finishing activity: androidx.benchmark.IsolationActivity@f5684be
04-18 00:40:58.139  2747  2799 I GrantPermissionCallable: Permission: android.permission.WRITE_EXTERNAL_STORAGE is already granted!
04-18 00:40:58.139  2747  2799 I GrantPermissionCallable: Permission: android.permission.READ_EXTERNAL_STORAGE is already granted!
04-18 00:40:58.139  2747  2799 D Benchmark: -- Running org.jetbrains.android_benchmark.FibonacciBenchmark#baselineLong --
04-18 00:40:58.139  2747  2799 D PerfettoCapture: Supported ABIs: arm64-v8a, armeabi-v7a, armeabi
04-18 00:40:58.139  2747  2799 D PerfettoCapture: Recording perfetto trace
04-18 00:40:58.174  2747  2799 I PerfettoCapture: Cleanup perfetto before starting.
04-18 00:40:58.187  4376  4376 I lmkd    : cached 2, sandbox(not0) 0
04-18 00:40:58.191  4376  4376 I lmkd    : Reclaim 'com.samsung.android.mobileservice' (4674), uid 10107, oom_score_adj 915, state 19 to free 61792kB rss, 30848kb swap
04-18 00:40:58.192  4376  4376 I lmkd    : Reclaimed 92640kB at oom_score_adj 850
04-18 00:40:58.195  5628  8409 I ChimeraAggressivePolicyHandler: executePolicy() - triggerSource: TRIGGER_SOURCE_LMKD
04-18 00:40:58.196  5628  8409 I ChimeraAggressivePolicyHandler: available memory: 1007932, free memory target: 870400, quit chimera
04-18 00:40:58.199 18943  4925 I NetworkScheduler.Stats: Task com.google.android.gms/com.google.android.gms.ipa.base.IpaGcmTaskService started execution. cause:9 exec_start_elapsed_seconds: 204303 [CONTEXT service_id=218 ]
04-18 00:40:58.217 18943  5111 I NetworkScheduler.Stats: Task com.google.android.gms/com.google.android.gms.ipa.base.IpaGcmTaskService finished executing. cause:9 result: 1 elapsed_millis: 58 uptime_millis: 59 exec_start_elapsed_seconds: 204303 [CONTEXT service_id=218 ]
04-18 00:40:58.224  5250  5250 I Zygote  : Process 4674 exited due to signal 9 (Killed)
04-18 00:40:58.224  5628  5712 I libprocessgroup: Successfully killed process cgroup uid 10107 pid 4674 in 0ms
04-18 00:40:58.233  8492  8492 D SystemUIService: SYSUI_RAM_OPTIMIZATION onTrimMemory=10
04-18 00:40:58.236 11006 11006 W DMASA[U]: [AppLogData]onTrimMemory(10):1681771258236
04-18 00:40:58.239  9284  9284 W DeviceManager_FLP: onTrimMemory : 10
04-18 00:40:58.242  9284  9353 I GpsSessionManager_FLP: arrangeInvalidSessions
04-18 00:40:58.242 28978 28978 I AiAi    : onTrimMemory() with level 10
04-18 00:40:58.248 11006 11006 I id.diagmonagent: Explicit concurrent copying GC freed 196(48KB) AllocSpace objects, 0(0B) LOS objects, 69% free, 2686KB/8830KB, paused 71us,42us total 11.583ms
04-18 00:40:58.251 11006 11006 W DMASA[C]: [DiagMonAgentApplication]onTrimMemory (10)
04-18 00:40:58.253 28537 28537 I DWBTrimMemDispatcher: onTrimMemory(10)
04-18 00:40:58.253  5900  5900 I com.samsung.android.companionservice.service.WRCompanionServiceInterface: requestOnTrimMemory + level=10
04-18 00:40:58.254  5900  5900 I [WF]_WatchFaceCompanion: onTrimMemory 10
04-18 00:40:58.256  6504  6504 W SmApplication: onTrimMemory : 10
04-18 00:40:58.257  4577  4577 I A       : Trimming objects from memory, since app is in the background.
04-18 00:40:58.263  8513  8513 D SystemUIService: SYSUI_RAM_OPTIMIZATION onTrimMemory=10
04-18 00:40:58.265 18530 18530 I Finsky  : [2] tes.onTrimMemory(1): Memory trim requested to level 10
04-18 00:40:58.267  6090  6090 I AppBase : AppBase.onTrimMemory():498 onTrimMemory(): 10
04-18 00:40:58.267  6090  6090 I GoogleInputMethodService: GoogleInputMethodService.onTrimMemory():4517 onTrimMemory(): 10
04-18 00:40:58.268 18943 18961 I .gms.persistent: Background concurrent copying GC freed 344880(16MB) AllocSpace objects, 14(352KB) LOS objects, 50% free, 17MB/34MB, paused 126us,85us total 128.312ms
04-18 00:40:58.272  5224  5224 E audit   : type=1400 audit(1681771258.266:59855): avc:  denied  { read } for  pid=4577 comm="binder:4577_3" name="u:object_r:perf_prop:s0" dev="tmpfs" ino=16829 scontext=u:r:priv_app:s0:c512,c768 tcontext=u:object_r:perf_prop:s0 tclass=file permissive=0 SEPF_SM-A515F_13_0001 audit_filtered
04-18 00:40:58.272  5224  5224 E audit   : type=1300 audit(1681771258.266:59855): arch=c00000b7 syscall=56 success=no exit=-13 a0=ffffff9c a1=7d7537f2f8 a2=88000 a3=0 items=0 ppid=5250 pid=4577 auid=4294967295 uid=10233 gid=10233 euid=10233 suid=10233 fsuid=10233 egid=10233 sgid=10233 fsgid=10233 tty=(none) ses=4294967295 comm="binder:4577_3" exe="/system/bin/app_process64" subj=u:r:priv_app:s0:c512,c768 key=(null)
04-18 00:40:58.272  5224  5224 E audit   : type=1327 audit(1681771258.266:59855): proctitle="com.google.android.googlequicksearchbox:search"
04-18 00:40:58.272  4577  4596 W libc    : Access denied finding property "sys.perf.boostopt"
04-18 00:40:58.276 18943 18966 W System  : A resource failed to call AbstractCursor.close.
04-18 00:40:58.330  8900  9466 W bt_stack: pause_registered_clients()
04-18 00:40:58.332  8900  9466 W bt_stack: le_scanning_manager :: OnPause()
04-18 00:40:58.333  8900  9466 W bt_stack: Stop LeSetScanEnable
04-18 00:40:58.334  8900  9466 W bt_stack: le_scanning_manager :: OnPause() - call AckPause
04-18 00:40:58.335  8900  9466 W bt_stack: le_impl :: OnPause()
04-18 00:40:58.336  8900  9466 W bt_stack: le_impl :: ConnectabilityState is DISARMED. Call AckPause()
04-18 00:40:58.340  8900  9466 W bt_stack: le_address_manager :: ack_pause()
04-18 00:40:58.341  8900  9466 W bt_stack: le_address_manager :: ack_pause() - make sure all client paused. Return
04-18 00:40:58.342  8900  9466 W bt_stack: le_address_manager :: ack_pause()
04-18 00:40:58.342  8900  9466 W bt_stack: le_address_manager :: ack_pause() - handle_next_command
04-18 00:40:58.342  8900  9466 W bt_stack: handle_next_command()
04-18 00:40:58.354  8900  9466 W bt_stack: Received command complete with op_code LE_SET_RANDOM_ADDRESS
04-18 00:40:58.354  8900  9466 W bt_stack: le_scanning_manager :: OnResume()
04-18 00:40:58.355  8900  9466 W bt_stack: Start LeSetScan
04-18 00:40:58.355  8900  9466 W bt_stack: le_scanning_manager :: OnResume() - call AckResume
04-18 00:40:58.356  8900  9466 W bt_stack: le_impl :: OnResume()
04-18 00:40:58.357  8900  9466 W bt_stack: le_impl :: check_for_unregister()
04-18 00:40:58.358  8900  9466 W bt_stack: le_address_manager :: ack_resume()
04-18 00:40:58.359  8900  9466 W bt_stack: le_address_manager :: ack_resume()
04-18 00:40:58.371  2747  2799 I PerfettoCapture: Perfetto output file cleanup -
04-18 00:40:58.371  2747  2799 I PerfettoCapture: Starting perfetto tracing with cmd: cat /storage/emulated/0/Android/data/org.jetbrains.android_benchmark.test/cache/trace_config.pb | perfetto --background -c - -o /data/misc/perfetto-traces/trace_output.pb
04-18 00:40:58.542  5141  5141 I perfetto:    perfetto_cmd.cc:1001 Connected to the Perfetto traced service, starting tracing
04-18 00:40:58.543  5406  5406 I perfetto: ing_service_impl.cc:953 Configured tracing session 108, #sources:4, duration:0 ms, #buffers:2, total buffer size:36864 KB, total sessions:1, uid:2000 session name: ""
04-18 00:40:58.544  5403  5403 I perfetto:  probes_producer.cc:139 Ftrace setup (target_buf=215)
04-18 00:40:58.586  2747  2799 I PerfettoCapture: Perfetto output - 5141
04-18 00:40:58.586  2747  2799 I PerfettoCapture: EXITCODE=0
04-18 00:40:58.601  4378  4378 I hwservicemanager: getTransport: Cannot find entry android.hardware.atrace@1.0::IAtraceDevice/default in either framework or device VINTF manifest.
04-18 00:40:58.635  5403  5403 I perfetto:    ftrace_procfs.cc:335 enabled ftrace in /sys/kernel/tracing/
04-18 00:40:58.653  5628  5714 W libprocessgroup: Failed to open /dev/blkio//cgroup.procs: No such file or directory
04-18 00:40:58.687  3762  3762 I SCS@AiSearch user 0: (ObserverWorker::AOSP_MP) [main] entering in startWork():
04-18 00:40:58.687  3762  3762 I SCS@AiSearch user 0: (BaseCollector::AOSP_MP) [main] entering in onChange():
04-18 00:40:58.688  3762  3949 I SCS@AiSearch user 0: (BaseCollector::AOSP_MP) [AOSP_MP-0] entering in collectChanges():
04-18 00:40:58.694  5628 11235 D PackageManager: setEnabledSetting : userId = 0 packageName = com.samsung.android.scs cmp = androidx.work.impl.background.systemalarm.RescheduleReceiver newState = 1 callingPackage = 10380/com.samsung.android.scs
04-18 00:40:58.698  5628 11235 D ApplicationPolicy: getApplicationStateEnabled : pkg = com.samsung.android.scs userId : 0
04-18 00:40:58.701  5628 11235 D ApplicationPolicy: getApplicationComponentState : pkg = com.samsung.android.scs userId : 0
04-18 00:40:58.708  2747  2799 I PerfettoCapture: Perfetto tracing started successfully with pid 5141.
04-18 00:40:58.819  3762  3949 I SCS@AiSearch user 0: (BaseCollector::AOSP_MP) fetchInternal values : maxSyncId: 1000007771 indexCount: 1707 sourceCount: 1707
04-18 00:40:58.823  2747  2799 I PerfettoCapture: /sys/kernel/tracing/tracing_on = 1, polled 0 times, capture fully started
04-18 00:40:58.824  2747  2799 D Benchmark: Set 2799 (Bench thread) to priority -20. Was -8, now -20
04-18 00:40:58.824  2747  2799 D Benchmark: Set 2781 (Jit) to priority -15. Was 9, now -15
04-18 00:40:58.859  2747  2799 I _benchmark.test: Explicit concurrent copying GC freed 691470(16MB) AllocSpace objects, 1(20KB) LOS objects, 68% free, 2869KB/9013KB, paused 308us,118us total 33.682ms
04-18 00:40:58.892  3762  3949 I SCS@AiSearch user 0: (IndexManager) [AOSP_MP-0] entering in addIndex():
04-18 00:40:58.901  3762  3949 I SCS@AiSearch user 0: (BaseCollector::AOSP_MP) fetch: fetching took  142 ms
04-18 00:40:58.901  3762  3949 I SCS@AiSearch user 0: (BaseCollector::AOSP_MP) fetchChanges: applied 0 items
04-18 00:40:58.902  3762  3949 I SCS@AiSearch user 0: (BaseCollector::AOSP_MP) Collect finished. Result: true
04-18 00:40:58.905  3762  3875 I WM-WorkerWrapper: Worker result SUCCESS for Work [ id=2bfd34b9-d3a5-458c-9706-4cccf096c193, tags={ com.sec.android.app.myfiles, com.samsung.android.scs.ai.search.data.collector.ObserverWorker } ]
04-18 00:40:58.912  3762  3875 I WM-WorkerWrapper: Setting status to enqueued for 80023695-9688-49a4-9e3f-03fe869c7b44
04-18 00:40:58.916  3762  3949 I SCS@AiSearch user 0: (BaseCollector::AOSP_MP) enqueue ObserverWorker name: com.sec.android.app.myfiles, policy: APPEND_OR_REPLACE
04-18 00:40:58.944  4577  4577 I A       : Trimming objects from memory, since app is in the background.
04-18 00:40:58.945  3762  3762 I SCS@AiSearch user 0: (SearchProvider) onTrimMemory(): 60
04-18 00:40:59.062  5628  9811 D SemWifiUsabilityStatsMonitor: onWifiUsabilityStats - seqNum 23568, isSameBssidAndFreq true
04-18 00:40:59.065  8513  8513 D NetworkController.WifiSignalController: notifyListener: visible=true, connected=true, inetCondition=1, isDefault=true, wifiTestReported=true, receivedInetCondition=-1, hideDuringMobileSwitching=false
04-18 00:40:59.066  5628  8422 I SemWifiLinkQualityMonitor: Link Qos Query: 0.110 ms / 72.500 Mbps (87 / 0.000 / 1.200)
04-18 00:40:59.071  8513  8599 D Tile.WifiTile: handleUpdateState isTransient=false transientEnabling =false cb.isTransient=false state.state = 2 mStateBeforeClick.value =false enabled =true
04-18 00:41:00.015  8513  9203 D QSClockBellTower: onReceive(android.intent.action.TIME_TICK) mTimeZoneString:null
04-18 00:41:00.016  8513  8513 D KeyguardUpdateMonitor: received broadcast android.intent.action.TIME_TICK
04-18 00:41:00.024  8900 17228 W BtGatt.GattService: unfreezeScan() - No AppScanStats found with uid: 10126
04-18 00:41:00.026  8513  8513 D QSClockBellTower: He is ready to ring the bell. (((QSClockBellSound - TimeText:00:41, TimeContentDescription:00:41, DateText:Tue, 18 April, ShortDateText:Tue, 18 Apr, Demo:false, QuickStar-Second(false|12:34:56))))
04-18 00:41:00.027  5628  9290 W LocationManagerService: onFreezeStateChanged, uid[10126]=true
04-18 00:41:00.030  5628  9290 W LocationManagerService: onFreezeStateChanged, uid[10126]=false
04-18 00:41:00.038  8513  8513 D QSClockIndicatorView: Home Indicator status_bar_clock 00:41 notifyTimeChanged(QSClockBellSound - TimeText:00:41, TimeContentDescription:00:41, DateText:Tue, 18 April, ShortDateText:Tue, 18 Apr, Demo:false, QuickStar-Second(false|12:34:56)) ClockVisibleByPolicy:true, ClockVisibleByUser:true, visible?false, parent:android.widget.LinearLayout{883fb58 V.E...... ......I. 0,0-0,55 #7f0b04f0 app:id/left_clock_container}
04-18 00:41:00.039  8513  8513 D QSClockBellTower: Everyone heard the bell. run(currentTime:1681771260019,   getTime():Tue Apr 18 00:41:00 GMT+02:00 2023,   getTimeZone():libcore.util.ZoneInfo[mDstSavings=3600000,mUseDst=true,mDelegate=[id="Europe/Belgrade",mRawOffset=3600000,mEarliestRawOffset=4920000,transitions=119]])
04-18 00:41:00.039  8513  8513 D KeyguardUpdateMonitor: handleTimeUpdate
04-18 00:41:00.041  8513  9203 D QSClockBellTower: onReceive(android.intent.action.TIME_TICK) mTimeZoneString:null
04-18 00:41:00.048  8513  8513 D FaceWidgetPagesController: onTimeChanged()
04-18 00:41:00.068  8513  8513 I FaceWidgetPositionAlgorithm: getClockContainerHeight() supplier = 270, bottom margin = 0, real height = 813
04-18 00:41:00.073  8513  8513 I FaceWidgetPositionAlgorithm: getClockContainerHeight() supplier = 270, bottom margin = 63, real height = 813
04-18 00:41:00.073  8513  8513 I FaceWidgetPositionAlgorithm: getMediaContainerHeight() height = 0 container Visibility = 8, isValid = false, mIsDozing = false, fraction = 1.0, source = 0, target = 0
04-18 00:41:00.073  8513  8513 I FaceWidgetPositionAlgorithm: getMediaContainerHeight() supplier = 0
04-18 00:41:00.075  8513  8513 V QsExpandAnimator: setQsExpansionPosition 0.0
04-18 00:41:00.106  8513  8513 D KeyguardUpdateMonitor: received broadcast android.intent.action.TIME_TICK
04-18 00:41:00.126  8513  8513 D QSClockBellTower: He is ready to ring the bell. (((QSClockBellSound - TimeText:00:41, TimeContentDescription:00:41, DateText:Tue, 18 April, ShortDateText:Tue, 18 Apr, Demo:false, QuickStar-Second(false|12:34:56))))
04-18 00:41:00.126  8513  8513 D QSClockIndicatorView: Home Indicator status_bar_clock 00:41 notifyTimeChanged(QSClockBellSound - TimeText:00:41, TimeContentDescription:00:41, DateText:Tue, 18 April, ShortDateText:Tue, 18 Apr, Demo:false, QuickStar-Second(false|12:34:56)) ClockVisibleByPolicy:true, ClockVisibleByUser:true, visible?false, parent:android.widget.LinearLayout{883fb58 V.E...... ......I. 0,0-0,55 #7f0b04f0 app:id/left_clock_container}
04-18 00:41:00.126  8513  8513 D QSClockBellTower: Everyone heard the bell. run(currentTime:1681771260125,   getTime():Tue Apr 18 00:41:00 GMT+02:00 2023,   getTimeZone():libcore.util.ZoneInfo[mDstSavings=3600000,mUseDst=true,mDelegate=[id="Europe/Belgrade",mRawOffset=3600000,mEarliestRawOffset=4920000,transitions=119]])
04-18 00:41:00.126  8513  8513 V QsExpandAnimator: updateAnimators
04-18 00:41:00.126  8513  8513 V QsExpandAnimator: clearAnimationState
04-18 00:41:00.128  8513  8513 V QsExpandAnimator: updateViews
04-18 00:41:00.131  8513  8513 V QsExpandAnimator: updateTileAnimator
04-18 00:41:00.133  8513  8513 V QsExpandAnimator: updateHeaderAnimator
04-18 00:41:00.133  8513  8513 V QsExpandAnimator: updateBarAnimator
04-18 00:41:00.134  8513  8513 V QsExpandAnimator: setQsExpansionPosition 0.0
04-18 00:41:00.134  8513  8513 V QsExpandAnimator: onAnimationAtStart
04-18 00:41:00.136  8513  8513 I FaceWidgetPositionAlgorithm: getClockContainerHeight() supplier = 270, bottom margin = 0, real height = 813
04-18 00:41:00.136  8513  8513 I FaceWidgetPositionAlgorithm: getClockContainerHeight() supplier = 270, bottom margin = 63, real height = 813
04-18 00:41:00.137  8513  8513 I FaceWidgetPositionAlgorithm: getMediaContainerHeight() height = 0 container Visibility = 8, isValid = false, mIsDozing = false, fraction = 1.0, source = 0, target = 0
04-18 00:41:00.137  8513  8513 I FaceWidgetPositionAlgorithm: getMediaContainerHeight() supplier = 0
04-18 00:41:00.137  8513  8513 V QsExpandAnimator: setQsExpansionPosition 0.0
04-18 00:41:00.144  8513  8513 D KeyguardUpdateMonitor: handleTimeUpdate
04-18 00:41:00.145  8513  8513 D FaceWidgetPagesController: onTimeChanged()
04-18 00:41:00.148  8513  8513 V QsExpandAnimator: updateAnimators
04-18 00:41:00.148  8513  8513 V QsExpandAnimator: clearAnimationState
04-18 00:41:00.148  8513  8513 V QsExpandAnimator: updateViews
04-18 00:41:00.148  8513  8513 V QsExpandAnimator: updateTileAnimator
04-18 00:41:00.150  8513  8513 V QsExpandAnimator: updateHeaderAnimator
04-18 00:41:00.150  8513  8513 V QsExpandAnimator: updateBarAnimator
04-18 00:41:00.150  8513  8513 V QsExpandAnimator: setQsExpansionPosition 0.0
04-18 00:41:00.150  8513  8513 V QsExpandAnimator: onAnimationAtStart
04-18 00:41:01.331   401   401 D BoundBrokerSvc: onUnbind: Intent { act=com.google.android.gms.facs.internal.service.START dat=chimera-action:/... cmp=com.google.android.gms/.chimera.GmsInternalApiService }
04-18 00:41:02.088  5628  9811 D SemWifiUsabilityStatsMonitor: onWifiUsabilityStats - seqNum 23569, isSameBssidAndFreq true
04-18 00:41:02.095  5628  8422 I SemWifiLinkQualityMonitor: Link Qos Query: 0.091 ms / 87.750 Mbps (117 / 0.000 / 1.333)
04-18 00:41:04.073  4376  4376 I lmkd    : 2(delay), 0(swap), 0(freelimit), 0(reentrymode) memory pressure events were skipped after a kill!
04-18 00:41:04.074  4376  4376 I lmkd    : cached 2, sandbox(not0) 0
04-18 00:41:04.078  4376  4376 I lmkd    : Reclaim 'com.google.android.apps.photos' (5051), uid 10252, oom_score_adj 925, state 19 to free 76640kB rss, 29120kb swap
04-18 00:41:04.079  4376  4376 I lmkd    : Reclaimed 105760kB at oom_score_adj 850
04-18 00:41:04.079  5628  8409 I ChimeraAggressivePolicyHandler: executePolicy() - triggerSource: TRIGGER_SOURCE_LMKD
04-18 00:41:04.080  5628  8409 I ChimeraAggressivePolicyHandler: available memory: 1007052, free memory target: 870400, quit chimera
04-18 00:41:04.117  5628 11262 D ConnectivityService: ConnectivityService NetworkRequestInfo binderDied(uid/pid:10252/5051, [NetworkRequest [ REQUEST id=15786, [ Capabilities: INTERNET&NOT_RESTRICTED&TRUSTED&NOT_VCN_MANAGED Uid: 10252 RequestorUid: 10252 RequestorPkg: com.google.android.apps.photos UnderlyingNetworks: Null] ]], android.os.BinderProxy@fe84b10)
04-18 00:41:04.117  5628  8367 D ConnectivityService: releasing NetworkRequest [ REQUEST id=15786, [ Capabilities: INTERNET&NOT_RESTRICTED&TRUSTED&NOT_VCN_MANAGED Uid: 10252 RequestorUid: 10252 RequestorPkg: com.google.android.apps.photos UnderlyingNetworks: Null] ] (release request)
04-18 00:41:04.118  5628  8367 D ConnectivityService:  Removing from current network [117 WIFI], leaving 155 requests.
04-18 00:41:04.118  5250  5250 I Zygote  : Process 5051 exited due to signal 9 (Killed)
04-18 00:41:04.119  5628  5712 I libprocessgroup: Successfully killed process cgroup uid 10252 pid 5051 in 0ms
04-18 00:41:04.131  8492  8492 D SystemUIService: SYSUI_RAM_OPTIMIZATION onTrimMemory=10
04-18 00:41:04.133 11006 11006 W DMASA[U]: [AppLogData]onTrimMemory(10):1681771264132
04-18 00:41:04.135  9284  9284 W DeviceManager_FLP: onTrimMemory : 10
04-18 00:41:04.136  9284  9353 I GpsSessionManager_FLP: arrangeInvalidSessions
04-18 00:41:04.139 28978 28978 I AiAi    : onTrimMemory() with level 10
04-18 00:41:04.140  5900  5900 I com.samsung.android.companionservice.service.WRCompanionServiceInterface: requestOnTrimMemory + level=10
04-18 00:41:04.140  6504  6504 W SmApplication: onTrimMemory : 10
04-18 00:41:04.140  5900  5900 I [WF]_WatchFaceCompanion: onTrimMemory 10
04-18 00:41:04.142  8513  8513 D SystemUIService: SYSUI_RAM_OPTIMIZATION onTrimMemory=10
04-18 00:41:04.142 28537 28537 I DWBTrimMemDispatcher: onTrimMemory(10)
04-18 00:41:04.148 11006 11006 I id.diagmonagent: Explicit concurrent copying GC freed 194(48KB) AllocSpace objects, 0(0B) LOS objects, 69% free, 2686KB/8830KB, paused 210us,57us total 14.578ms
04-18 00:41:04.149 11006 11006 W DMASA[C]: [DiagMonAgentApplication]onTrimMemory (10)
04-18 00:41:04.150   401  5182 I GmscoreIpa: Starting mediastore instant index [CONTEXT service_id=255 ]
04-18 00:41:04.159  6090  6090 I AppBase : AppBase.onTrimMemory():498 onTrimMemory(): 10
04-18 00:41:04.160 18530 18530 I Finsky  : [2] tes.onTrimMemory(1): Memory trim requested to level 10
04-18 00:41:04.160  6090  6090 I GoogleInputMethodService: GoogleInputMethodService.onTrimMemory():4517 onTrimMemory(): 10
04-18 00:41:05.132  5628  9811 D SemWifiUsabilityStatsMonitor: onWifiUsabilityStats - seqNum 23570, isSameBssidAndFreq true
04-18 00:41:05.138  8513  8513 D NetworkController.WifiSignalController: notifyListener: visible=true, connected=true, inetCondition=1, isDefault=true, wifiTestReported=true, receivedInetCondition=-1, hideDuringMobileSwitching=false
04-18 00:41:05.140  8513  8599 D Tile.WifiTile: handleUpdateState isTransient=false transientEnabling =false cb.isTransient=false state.state = 2 mStateBeforeClick.value =false enabled =true
04-18 00:41:05.141  5628  8422 I SemWifiLinkQualityMonitor: Link Qos Query: 0.091 ms / 87.750 Mbps (117 / 0.000 / 1.333)
04-18 00:41:05.898  5224  5224 E audit   : type=1400 audit(1681771265.890:59856): avc:  denied  { getattr } for  pid=5628 comm="BinderProcsColl" path="/sys/kernel/debug/binder/proc/5628" dev="debugfs" ino=25430 scontext=u:r:system_server:s0 tcontext=u:object_r:sec_debugfs:s0 tclass=file permissive=0 SEPF_SM-A515F_13_0001 audit_filtered
04-18 00:41:05.898  5224  5224 E audit   : type=1300 audit(1681771265.890:59856): arch=c00000b7 syscall=79 success=no exit=-13 a0=ffffff9c a1=7d20198c20 a2=7bce777680 a3=0 items=0 ppid=5250 pid=5628 auid=4294967295 uid=1000 gid=1000 euid=1000 suid=1000 fsuid=1000 egid=1000 sgid=1000 fsgid=1000 tty=(none) ses=4294967295 comm="BinderProcsColl" exe="/system/bin/app_process64" subj=u:r:system_server:s0 key=(null)
04-18 00:41:05.898  5224  5224 E audit   : type=1327 audit(1681771265.890:59856): proctitle="system_server"
04-18 00:41:05.918  8900  9052 D BtGatt.GattService: onScanResult to scannerId: 1- eventType=0x1b, addressType=1, address=60A6F3_8, primaryPhy=1, secondaryPhy=0, advertisingSid=0xff, txPower=127, rssi=-94, periodicAdvInt=0x0
04-18 00:41:05.923 18943 19295 I NearbyDiscovery: FastPairCache: Not triggering, because RSSI -91 is below the threshold of -47, XX:XX:XX:XX:AE:28, isScannedByOffloadScanner=false [CONTEXT service_id=265 group_by="XX:XX:XX:XX:AE:28" ratelimit_period="30 SECONDS" ]
04-18 00:41:07.407  3762  3762 I SCS@AiSearch user 0: (SearchProvider) onTrimMemory(): 60
04-18 00:41:07.496  4577  4905 I WorkerManager: dispose()
04-18 00:41:08.164  5628  9811 D SemWifiUsabilityStatsMonitor: onWifiUsabilityStats - seqNum 23571, isSameBssidAndFreq true
04-18 00:41:08.165  5628  8422 I SemWifiLinkQualityMonitor: Link Qos Query: 0.091 ms / 87.750 Mbps (117 / 0.000 / 1.333)
04-18 00:41:08.171  5250  5250 D Zygote  : Forked child process 5199
04-18 00:41:08.230  5199  5199 I oid.apps.photos: Using CollectorTypeCC GC.
04-18 00:41:08.237  5199  5199 E oid.apps.photos: Not starting debugger since process cannot load the jdwp agent.
04-18 00:41:08.244  5199  5199 W libc    : Access denied finding property "sys.perf.boostopt"
04-18 00:41:08.245  5224  5224 E audit   : type=1400 audit(1681771268.238:59857): avc:  denied  { read } for  pid=5199 comm="oid.apps.photos" name="u:object_r:perf_prop:s0" dev="tmpfs" ino=16829 scontext=u:r:untrusted_app:s0:c252,c256,c512,c768 tcontext=u:object_r:perf_prop:s0 tclass=file permissive=0 SEPF_SM-A515F_13_0001 audit_filtered
04-18 00:41:08.245  5224  5224 E audit   : type=1300 audit(1681771268.238:59857): arch=c00000b7 syscall=56 success=no exit=-13 a0=ffffff9c a1=7ffbc769b8 a2=88000 a3=0 items=0 ppid=5250 pid=5199 auid=4294967295 uid=10252 gid=10252 euid=10252 suid=10252 fsuid=10252 egid=10252 sgid=10252 fsgid=10252 tty=(none) ses=4294967295 comm="oid.apps.photos" exe="/system/bin/app_process64" subj=u:r:untrusted_app:s0:c252,c256,c512,c768 key=(null)
04-18 00:41:08.245  5224  5224 E audit   : type=1327 audit(1681771268.238:59857): proctitle="zygote64"
04-18 00:41:08.245  5199  5211 W libc    : Access denied finding property "sys.perf.boostopt"
04-18 00:41:08.246  5224  5224 E audit   : type=1400 audit(1681771268.238:59858): avc:  denied  { read } for  pid=5199 comm="binder:5199_1" name="u:object_r:perf_prop:s0" dev="tmpfs" ino=16829 scontext=u:r:untrusted_app:s0:c252,c256,c512,c768 tcontext=u:object_r:perf_prop:s0 tclass=file permissive=0 SEPF_SM-A515F_13_0001 audit_filtered
04-18 00:41:08.246  5224  5224 E audit   : type=1300 audit(1681771268.238:59858): arch=c00000b7 syscall=56 success=no exit=-13 a0=ffffff9c a1=7d7757b2f8 a2=88000 a3=0 items=0 ppid=5250 pid=5199 auid=4294967295 uid=10252 gid=10252 euid=10252 suid=10252 fsuid=10252 egid=10252 sgid=10252 fsgid=10252 tty=(none) ses=4294967295 comm="binder:5199_1" exe="/system/bin/app_process64" subj=u:r:untrusted_app:s0:c252,c256,c512,c768 key=(null)
04-18 00:41:08.246  5224  5224 E audit   : type=1327 audit(1681771268.238:59858): proctitle="com.linkedin.android"
04-18 00:41:08.247  5199  5199 D ActivityThread: setConscryptValidator
04-18 00:41:08.248  5199  5199 D ActivityThread: setConscryptValidator - put
04-18 00:41:08.275  5199  5212 W libc    : Access denied finding property "sys.perf.boostopt"
04-18 00:41:08.275  5199  5199 D CompatibilityChangeReporter: Compat change id reported: 171979766; UID 10252; state: ENABLED
04-18 00:41:08.297  5199  5199 D nativeloader: Configuring classloader-namespace for other apk /system/framework/org.apache.http.legacy.jar. target_sdk_version=33, uses_libraries=ALL, library_path=/data/app/~~bWD3g5lHpFZ4kO2I02iuCg==/com.google.android.apps.photos-NIdmTL3igYn9lwATRGPMmg==/lib/arm64:/data/app/~~bWD3g5lHpFZ4kO2I02iuCg==/com.google.android.apps.photos-NIdmTL3igYn9lwATRGPMmg==/base.apk!/lib/arm64-v8a:/data/app/~~bWD3g5lHpFZ4kO2I02iuCg==/com.google.android.apps.photos-NIdmTL3igYn9lwATRGPMmg==/split_config.en.apk!/lib/arm64-v8a:/data/app/~~bWD3g5lHpFZ4kO2I02iuCg==/com.google.android.apps.photos-NIdmTL3igYn9lwATRGPMmg==/split_config.ru.apk!/lib/arm64-v8a:/data/app/~~bWD3g5lHpFZ4kO2I02iuCg==/com.google.android.apps.photos-NIdmTL3igYn9lwATRGPMmg==/split_config.xxhdpi.apk!/lib/arm64-v8a, permitted_path=/data:/mnt/expand:/data/user/0/com.google.android.apps.photos
04-18 00:41:08.297  5199  5199 D nativeloader: Extending system_exposed_libraries: libhumantracking.arcsoft.so:libPortraitDistortionCorrection.arcsoft.so:libPortraitDistortionCorrectionCali.arcsoft.so:libface_landmark.arcsoft.so:libFacialStickerEngine.arcsoft.so:libveengine.arcsoft.so:liblow_light_hdr.arcsoft.so:libhigh_dynamic_range.arcsoft.so:libFacialAttributeDetection.arcsoft.so:libBeauty_v4.camera.samsung.so:libexifa.camera.samsung.so:libjpega.camera.samsung.so:libOpenCv.camera.samsung.so:libImageScreener.camera.samsung.so:libMyFilter.camera.samsung.so:libtensorflowLite.myfilter.camera.samsung.so:libtensorflowlite_inference_api.myfilter.camera.samsung.so:libEventFinder.camera.samsung.so:libHIDTSnapJNI.camera.samsung.so:libSmartScan.camera.samsung.so:libRectify.camera.samsung.so:libDocRectifyWrapper.camera.samsung.so:libUltraWideDistortionCorrection.camera.samsung.so:libHpr_RecGAE_cvFeature_v1.0.camera.samsung.so:libHprFace_GAE_api.camera.samsung.so:libFace_Landmark_API.camera.samsung.so:libHprFace_GAE_jni.camera.samsung.so:libFacialBasedSelfieCorrec
04-18 00:41:08.318  5199  5199 W ziparchive: Unable to open '/data/app/~~bWD3g5lHpFZ4kO2I02iuCg==/com.google.android.apps.photos-NIdmTL3igYn9lwATRGPMmg==/split_config.en.dm': No such file or directory
04-18 00:41:08.318  5199  5199 W ziparchive: Unable to open '/data/app/~~bWD3g5lHpFZ4kO2I02iuCg==/com.google.android.apps.photos-NIdmTL3igYn9lwATRGPMmg==/split_config.en.dm': No such file or directory
04-18 00:41:08.319  5199  5199 W oid.apps.photos: Entry not found
04-18 00:41:08.320  5199  5199 W ziparchive: Unable to open '/data/app/~~bWD3g5lHpFZ4kO2I02iuCg==/com.google.android.apps.photos-NIdmTL3igYn9lwATRGPMmg==/split_config.ru.dm': No such file or directory
04-18 00:41:08.320  5199  5199 W ziparchive: Unable to open '/data/app/~~bWD3g5lHpFZ4kO2I02iuCg==/com.google.android.apps.photos-NIdmTL3igYn9lwATRGPMmg==/split_config.ru.dm': No such file or directory
04-18 00:41:08.320  5199  5199 W oid.apps.photos: Entry not found
04-18 00:41:08.321  5199  5199 W ziparchive: Unable to open '/data/app/~~bWD3g5lHpFZ4kO2I02iuCg==/com.google.android.apps.photos-NIdmTL3igYn9lwATRGPMmg==/split_config.xxhdpi.dm': No such file or directory
04-18 00:41:08.321  5199  5199 W ziparchive: Unable to open '/data/app/~~bWD3g5lHpFZ4kO2I02iuCg==/com.google.android.apps.photos-NIdmTL3igYn9lwATRGPMmg==/split_config.xxhdpi.dm': No such file or directory
04-18 00:41:08.322  5199  5199 W oid.apps.photos: Entry not found
04-18 00:41:08.323  5199  5199 D nativeloader: Configuring classloader-namespace for other apk /data/app/~~bWD3g5lHpFZ4kO2I02iuCg==/com.google.android.apps.photos-NIdmTL3igYn9lwATRGPMmg==/base.apk:/data/app/~~bWD3g5lHpFZ4kO2I02iuCg==/com.google.android.apps.photos-NIdmTL3igYn9lwATRGPMmg==/split_config.en.apk:/data/app/~~bWD3g5lHpFZ4kO2I02iuCg==/com.google.android.apps.photos-NIdmTL3igYn9lwATRGPMmg==/split_config.ru.apk:/data/app/~~bWD3g5lHpFZ4kO2I02iuCg==/com.google.android.apps.photos-NIdmTL3igYn9lwATRGPMmg==/split_config.xxhdpi.apk. target_sdk_version=33, uses_libraries=libOpenCL.so, library_path=/data/app/~~bWD3g5lHpFZ4kO2I02iuCg==/com.google.android.apps.photos-NIdmTL3igYn9lwATRGPMmg==/lib/arm64:/data/app/~~bWD3g5lHpFZ4kO2I02iuCg==/com.google.android.apps.photos-NIdmTL3igYn9lwATRGPMmg==/base.apk!/lib/arm64-v8a:/data/app/~~bWD3g5lHpFZ4kO2I02iuCg==/com.google.android.apps.photos-NIdmTL3igYn9lwATRGPMmg==/split_config.en.apk!/lib/arm64-v8a:/data/app/~~bWD3g5lHpFZ4kO2I02iuCg==/com.google.android.apps.photos-NIdmTL3igYn9lwATRGPMmg==/split_config.ru.apk!/li
04-18 00:41:08.326  5199  5199 W oid.apps.photos: JIT profile information will not be recorded: profile file does not exist.
04-18 00:41:08.326  5199  5199 W oid.apps.photos: JIT profile information will not be recorded: profile file does not exist.
04-18 00:41:08.326  5199  5199 W oid.apps.photos: JIT profile information will not be recorded: profile file does not exist.
04-18 00:41:08.342  5199  5199 V GraphicsEnvironment: ANGLE Developer option for 'com.google.android.apps.photos' set to: 'default'
04-18 00:41:08.343  5199  5199 V GraphicsEnvironment: ANGLE GameManagerService for com.google.android.apps.photos: false
04-18 00:41:08.343  5199  5199 V GraphicsEnvironment: Neither updatable production driver nor prerelease driver is supported.
04-18 00:41:08.349  5199  5199 D NetworkSecurityConfig: No Network Security Config specified, using platform default
04-18 00:41:08.352  5199  5199 D NetworkSecurityConfig: No Network Security Config specified, using platform default
04-18 00:41:08.364  5199  5199 W oid.apps.photos: Accessing hidden field Ljava/util/Collections$SynchronizedCollection;->mutex:Ljava/lang/Object; (max-target-o, reflection, denied)
04-18 00:41:08.364  5199  5199 W oid.apps.photos: Accessing hidden method Ljava/util/Collections$SynchronizedSet;-><init>(Ljava/util/Set;Ljava/lang/Object;)V (max-target-o, reflection, denied)
04-18 00:41:08.364  5199  5199 W oid.apps.photos: Accessing hidden method Ljava/util/Collections$SynchronizedCollection;-><init>(Ljava/util/Collection;Ljava/lang/Object;)V (max-target-o, reflection, denied)
04-18 00:41:08.366  5199  5199 D CompatibilityChangeReporter: Compat change id reported: 183155436; UID 10252; state: ENABLED
04-18 00:41:08.423  5199  5222 D CompatibilityChangeReporter: Compat change id reported: 194532703; UID 10252; state: ENABLED
04-18 00:41:08.455  5199  5222 D ConnectivityManager: StackLog: [android.net.ConnectivityManager.sendRequestForNetwork(ConnectivityManager.java:4191)] [android.net.ConnectivityManager.registerDefaultNetworkCallbackForUid(ConnectivityManager.java:4755)] [android.net.ConnectivityManager.registerDefaultNetworkCallback(ConnectivityManager.java:4722)] [android.net.ConnectivityManager.registerDefaultNetworkCallback(ConnectivityManager.java:4696)] [dzu.b(PG:2)] [dzx.b(PG:3)] [dyz.o(PG:1)] [dyw.a(PG:1)] [_6.<init>(PG:13)] [_968.<init>(PG:1)] [dzk.a(PG:2)] [dzm.b(PG:9)] [dny.d(PG:1)] [_852.ap(PG:1)] [mxj.b(PG:2)] [ejp.as(PG:844)] [ejp.b(PG:6)] [ejp.a(PG:1)] [aijw.C(PG:9)] [aijw.k(PG:2)] [aijw.h(PG:2)] [grt.call(PG:34)] [agie.call(PG:1)] [agiv.call(PG:2)] [agim.run(PG:8)] [java.util.concurrent.ThreadPoolExecutor.runWorker(ThreadPoolExecutor.java:1137)] [java.util.concurrent.ThreadPoolExecutor$Worker.run(ThreadPoolExecutor.java:637)] [java.lang.Thread.run(Thread.java:1012)] [aghy.run(PG:2)]
04-18 00:41:08.458  5628 11466 D ConnectivityService: requestNetwork for uid/pid:10252/5199 activeRequest: null callbackRequest: 15787 [NetworkRequest [ REQUEST id=15788, [ Capabilities: INTERNET&NOT_RESTRICTED&TRUSTED&NOT_VCN_MANAGED Uid: 10252 RequestorUid: 10252 RequestorPkg: com.google.android.apps.photos UnderlyingNetworks: Null] ]] callback flags: 0 order: 2147483647
04-18 00:41:08.459  5628  8367 D ConnectivityService:    accepting network in place of null
04-18 00:41:08.463  5628  8356 D WifiNetworkFactory: got request NetworkRequest [ REQUEST id=15788, [ Capabilities: INTERNET&NOT_RESTRICTED&TRUSTED&NOT_VCN_MANAGED Uid: 10252 RequestorUid: 10252 RequestorPkg: com.google.android.apps.photos UnderlyingNetworks: Null] ]
04-18 00:41:08.463  5628  8356 D UntrustedWifiNetworkFactory: got request NetworkRequest [ REQUEST id=15788, [ Capabilities: INTERNET&NOT_RESTRICTED&TRUSTED&NOT_VCN_MANAGED Uid: 10252 RequestorUid: 10252 RequestorPkg: com.google.android.apps.photos UnderlyingNetworks: Null] ]
04-18 00:41:08.464  5628  8356 D OemPaidWifiNetworkFactory: got request NetworkRequest [ REQUEST id=15788, [ Capabilities: INTERNET&NOT_RESTRICTED&TRUSTED&NOT_VCN_MANAGED Uid: 10252 RequestorUid: 10252 RequestorPkg: com.google.android.apps.photos UnderlyingNetworks: Null] ]
04-18 00:41:08.466  5628  8356 D MultiInternetWifiNetworkFactory: got request NetworkRequest [ REQUEST id=15788, [ Capabilities: INTERNET&NOT_RESTRICTED&TRUSTED&NOT_VCN_MANAGED Uid: 10252 RequestorUid: 10252 RequestorPkg: com.google.android.apps.photos UnderlyingNetworks: Null] ]
04-18 00:41:08.468  5628  8367 D ConnectivityService: Rematched networks [computed 1ms] [applied 1ms] [issued 7]
04-18 00:41:08.468  5628  8367 D ConnectivityService: NetworkReassignment :
04-18 00:41:08.468  5628  8367 D ConnectivityService:   15788 : null → 117
04-18 00:41:08.504  5199  5222 D CompatibilityChangeReporter: Compat change id reported: 210923482; UID 10252; state: ENABLED
04-18 00:41:08.676  5199  5222 D CompatibilityChangeReporter: Compat change id reported: 170233598; UID 10252; state: DISABLED
04-18 00:41:10.056  8900 30614 W BtGatt.GattService: unfreezeScan() - No AppScanStats found with uid: 10126
04-18 00:41:10.059  5628  9290 W LocationManagerService: onFreezeStateChanged, uid[10126]=true
04-18 00:41:10.059  5628  9290 W LocationManagerService: onFreezeStateChanged, uid[10126]=false
04-18 00:41:10.607  4376  4376 I lmkd    : 1(delay), 0(swap), 0(freelimit), 0(reentrymode) memory pressure events were skipped after a kill!
04-18 00:41:10.610  5628  8409 I ChimeraAggressivePolicyHandler: executePolicy() - triggerSource: TRIGGER_SOURCE_LMKD
04-18 00:41:10.611  5628  8409 I ChimeraAggressivePolicyHandler: available memory: 1017556, free memory target: 870400, quit chimera
04-18 00:41:11.022  4376  4376 I lmkd    : cached 2, sandbox(not0) 0
04-18 00:41:11.025  4376  4376 I lmkd    : Reclaim 'com.google.process.gapps' (3845), uid 10226, oom_score_adj 945, state 19 to free 38324kB rss, 33056kb swap
04-18 00:41:11.026  4376  4376 I lmkd    : Reclaimed 71380kB at oom_score_adj 850
04-18 00:41:11.056  5250  5250 I Zygote  : Process 3845 exited due to signal 9 (Killed)
04-18 00:41:11.058  5628  5712 I libprocessgroup: Successfully killed process cgroup uid 10226 pid 3845 in 1ms
04-18 00:41:11.218  5628  9811 D SemWifiUsabilityStatsMonitor: onWifiUsabilityStats - seqNum 23572, isSameBssidAndFreq true
04-18 00:41:11.223  5628  8422 I SemWifiLinkQualityMonitor: Link Qos Query: 0.091 ms / 87.750 Mbps (117 / 0.000 / 1.333)
04-18 00:41:11.427  8900  9052 D BtGatt.GattService: onScanResult to scannerId: 1- eventType=0x1b, addressType=1, address=60A6F3_8, primaryPhy=1, secondaryPhy=0, advertisingSid=0xff, txPower=127, rssi=-91, periodicAdvInt=0x0
04-18 00:41:11.439 18943 19295 I NearbyDiscovery: FastPairCache: Not triggering, because RSSI -88 is below the threshold of -47, XX:XX:XX:XX:AE:28, isScannedByOffloadScanner=false [CONTEXT service_id=265 group_by="XX:XX:XX:XX:AE:28" ratelimit_period="30 SECONDS" ]
04-18 00:41:12.812  4376  4376 I lmkd    : 1(delay), 0(swap), 0(freelimit), 0(reentrymode) memory pressure events were skipped after a kill!
04-18 00:41:12.869  4376  4376 I lmkd    : cached 2, sandbox(not0) 0
04-18 00:41:12.872  4376  4376 I lmkd    : Reclaim 'com.samsung.android.rubin.app' (4148), uid 5010, oom_score_adj 945, state 19 to free 62688kB rss, 29396kb swap
04-18 00:41:12.873  4376  4376 I lmkd    : Reclaimed 92084kB at oom_score_adj 850
04-18 00:41:12.914  5250  5250 I Zygote  : Process 4148 exited due to signal 9 (Killed)
04-18 00:41:12.914  5628  5712 I libprocessgroup: Successfully killed process cgroup uid 5010 pid 4148 in 0ms
04-18 00:41:13.303  5331  5331 I SurfaceFlinger: SFWD update time=147765601443270
04-18 00:41:13.776  2747  2799 D Benchmark: timeNs[ 0:10]: 2012 1937 1886 2070 2218 2282 2134 1965 1951 1990
04-18 00:41:13.776  2747  2799 D Benchmark: timeNs[10:20]: 1890 1993 2296 2034 2378 2153 2060 2001 2167 2032
04-18 00:41:13.776  2747  2799 D Benchmark: timeNs[20:30]: 2056 2077 1937 2129 2048 2085 2147 2005 2055 2111
04-18 00:41:13.776  2747  2799 D Benchmark: timeNs[30:40]: 2140 2068 2191 2082 2001 1895 2142 2218 2251 2015
04-18 00:41:13.776  2747  2799 D Benchmark: timeNs[40:50]: 2003 1986 2053 2090 2352 2007 2122 2002 1911 2073
04-18 00:41:14.213  2747  2799 W _benchmark.test: Suspending all threads took: 9.257ms
04-18 00:41:14.253  5628  9811 D SemWifiUsabilityStatsMonitor: onWifiUsabilityStats - seqNum 23573, isSameBssidAndFreq true
04-18 00:41:14.258  5628  8422 I SemWifiLinkQualityMonitor: Link Qos Query: 0.091 ms / 87.750 Mbps (117 / 0.000 / 1.333)
04-18 00:41:14.318  2747  2799 D Benchmark: allocationCount[ 0:10]: 44 45 45 44 45
04-18 00:41:14.319  2747  2799 D Benchmark: Set 2799 (Bench thread) to priority -8. Was -20, now -8
04-18 00:41:14.319  2747  2799 D Benchmark: Set 2781 (Jit) to priority 9. Was -15, now 9
04-18 00:41:14.319  2747  2799 D Benchmark: Warmup: t=8.000, iter=1810319, fastAvg=3709, slowAvg=4044
04-18 00:41:14.319  2747  2799 I PerfettoCapture: Stopping perfetto.
04-18 00:41:14.360  5141  5141 I perfetto:    perfetto_cmd.cc:1168 SIGINT/SIGTERM received: disabling tracing.
04-18 00:41:14.375  2747  2799 D Benchmark: kill -TERM command output -
04-18 00:41:14.381  5403  5403 I perfetto:  probes_producer.cc:396 Producer stop (id=429)
04-18 00:41:14.385  5403  5403 I perfetto:    ftrace_procfs.cc:342 disabled ftrace in /sys/kernel/tracing/
04-18 00:41:14.443  4378  4378 I hwservicemanager: getTransport: Cannot find entry android.hardware.atrace@1.0::IAtraceDevice/default in either framework or device VINTF manifest.
04-18 00:41:14.451  5403  5403 I perfetto:  probes_producer.cc:396 Producer stop (id=430)
04-18 00:41:14.453  5403  5403 I perfetto:  probes_producer.cc:396 Producer stop (id=431)
04-18 00:41:14.527  5141  5141 I perfetto:    perfetto_cmd.cc:1124 Trace written into the output file
04-18 00:41:14.541  5406  5406 I perfetto: ng_service_impl.cc:2426 Tracing session 108 ended, total sessions:0
04-18 00:41:15.008  2747  2799 D Benchmark: Waiting 500 ms for [ProcessPid(processName=perfetto, pid=5141)] to die
04-18 00:41:15.112  2747  2799 I PerfettoCapture: Writing to /storage/emulated/0/Android/data/org.jetbrains.android_benchmark.test/cache/FibonacciBenchmark_baselineLong_2023-04-17-22-41-14.perfetto-trace.
04-18 00:41:15.215 11012 11049 I c.android.sdhms: Background concurrent copying GC freed 110584(4816KB) AllocSpace objects, 61(1220KB) LOS objects, 58% free, 4362KB/10MB, paused 274us,274us total 111.286ms
04-18 00:41:15.252  8900  9052 D BtGatt.GattService: onScanResult to scannerId: 1- eventType=0x1b, addressType=1, address=60A6F3_8, primaryPhy=1, secondaryPhy=0, advertisingSid=0xff, txPower=127, rssi=-93, periodicAdvInt=0x0
04-18 00:41:15.259 18943 19295 I NearbyDiscovery: FastPairCache: Not triggering, because RSSI -90 is below the threshold of -47, XX:XX:XX:XX:AE:28, isScannedByOffloadScanner=false [CONTEXT service_id=265 group_by="XX:XX:XX:XX:AE:28" ratelimit_period="30 SECONDS" ]
04-18 00:41:15.263  2747  2799 D Benchmark: Copying /storage/emulated/0/Android/data/org.jetbrains.android_benchmark.test/cache/FibonacciBenchmark_baselineLong_2023-04-17-22-41-14.perfetto-trace to /sdcard/Android/media/org.jetbrains.android_benchmark.test/additional_test_output/FibonacciBenchmark_baselineLong_2023-04-17-22-41-14.perfetto-trace
04-18 00:41:15.292 10919  5107 W MediaProvider: isAppCloneUserPair for user 0: false
04-18 00:41:15.316  5628  5653 D SyncManager: userId - 0 auto - true
04-18 00:41:15.441  5628  5714 W libprocessgroup: Failed to open /dev/blkio//cgroup.procs: No such file or directory
04-18 00:41:15.449 18943  4925 I NetworkScheduler.Stats: Task com.google.android.gms/com.google.android.gms.ipa.base.IpaGcmTaskService started execution. cause:9 exec_start_elapsed_seconds: 204321 [CONTEXT service_id=218 ]
04-18 00:41:15.456 18943  3747 I NetworkScheduler.Stats: Task com.google.android.gms/com.google.android.gms.ipa.base.IpaGcmTaskService finished executing. cause:9 result: 1 elapsed_millis: 40 uptime_millis: 41 exec_start_elapsed_seconds: 204321 [CONTEXT service_id=218 ]
04-18 00:41:15.478  2747  2799 I Benchmark: FibonacciBenchmark.baselineLong[Metric (timeNs) results: median 2058.3171853555396, min 1886.1918468785934, max 2378.9914685262806, standardDeviation: 114.82394964796192, Metric (allocationCount) results: median 45.0, min 44.999962906636, max 45.000037093364, standardDeviation: 3.709336399992935E-5]count=26959
04-18 00:41:15.481  2747  2799 D Benchmark: writing results to /storage/emulated/0/Android/data/org.jetbrains.android_benchmark.test/cache/org.jetbrains.android_benchmark.test-benchmarkData.json
04-18 00:41:15.484  2747  2799 D Benchmark: Copying /storage/emulated/0/Android/data/org.jetbrains.android_benchmark.test/cache/org.jetbrains.android_benchmark.test-benchmarkData.json to /sdcard/Android/media/org.jetbrains.android_benchmark.test/additional_test_output/org.jetbrains.android_benchmark.test-benchmarkData.json
04-18 00:41:15.544 10919 28892 I MediaProvider: Deleted 1 0 0 0 0 0 0 items on external_primary due to org.jetbrains.android_benchmark.test
04-18 00:41:15.546  5628  8607 D SyncManager: userId - 0 auto - true
04-18 00:41:15.551 10919  5426 W MediaProvider: isAppCloneUserPair for user 0: false
04-18 00:41:15.576  5628  8607 D SyncManager: userId - 0 auto - true
04-18 00:41:15.587  2747  2799 I TestRunner: finished: baselineLong(org.jetbrains.android_benchmark.FibonacciBenchmark)
