05-10 03:17:32.551  5679  5748 W libprocessgroup: Failed to open /dev/blkio//cgroup.procs: No such file or directory
05-10 03:17:32.589 18796 18796 I BadgeCountReceiver: badge intent : Intent { act=android.intent.action.BADGE_COUNT_UPDATE flg=0x1000010 cmp=com.sec.android.provider.badge/.BadgeCountReceiver (has extras) }
05-10 03:17:32.589 18796 18796 I BadgeCountReceiver: packageName: org.telegram.messenger, className: org.telegram.messenger.NoxIcon, count: 3
05-10 03:17:32.592  6910  6910 I BadgeCountUpdaterImpl: onChange
05-10 03:17:32.596 18796 18796 I BadgeProvider: sendNotify entered. [uri] : content://com.sec.badge/apps
05-10 03:17:32.596 18796 18796 I BadgeProvider: sendNotify, [notify] : null
05-10 03:17:32.596  6910  6910 I BadgeCountUpdaterImpl: onChange
05-10 03:17:32.596 18796 18796 I BadgeProvider: update, getCallingPackage() : com.sec.android.provider.badge
05-10 03:17:32.596 18796 18796 I BadgeProvider: update, [uri] : content://com.sec.badge/apps
05-10 03:17:32.596 18796 18796 I BadgeProvider: update, [uri.query] : null
05-10 03:17:32.596 18796 18796 I BadgeProvider: update, [BadgeCount] : badgecount=3
05-10 03:17:32.596 18796 18796 I BadgeProvider: update, [UpdateCount] : 1
05-10 03:17:32.598 18796 18833 I BadgeProvider: query, [selection] : package=?
05-10 03:17:32.603 18796 18833 E DatabaseUtils: Writing exception to parcel
05-10 03:17:32.603 18796 18833 E DatabaseUtils: java.lang.SecurityException: Permission Denial: writing com.sec.android.provider.badge.BadgeProvider uri content://com.sec.badge/apps?notify=true from pid=24784, uid=10268 requires com.sec.android.provider.badge.permission.WRITE, or grantUriPermission()
05-10 03:17:32.603 18796 18833 E DatabaseUtils: 	at android.content.ContentProvider.enforceWritePermissionInner(ContentProvider.java:1025)
05-10 03:17:32.603 18796 18833 E DatabaseUtils: 	at android.content.ContentProvider.semEnforceWritePermission(ContentProvider.java:951)
05-10 03:17:32.603 18796 18833 E DatabaseUtils: 	at android.content.ContentProvider$Transport.enforceWritePermission(ContentProvider.java:730)
05-10 03:17:32.603 18796 18833 E DatabaseUtils: 	at android.content.ContentProvider$Transport.update(ContentProvider.java:462)
05-10 03:17:32.603 18796 18833 E DatabaseUtils: 	at android.content.ContentProviderNative.onTransact(ContentProviderNative.java:231)
05-10 03:17:32.603 18796 18833 E DatabaseUtils: 	at android.os.Binder.execTransactInternal(Binder.java:1321)
05-10 03:17:32.603 18796 18833 E DatabaseUtils: 	at android.os.Binder.execTransact(Binder.java:1280)
05-10 03:17:32.694 23197 23221 W _benchmark.test: Suspending all threads took: 7.483ms
05-10 03:17:32.711 23197 23221 W _benchmark.test: Suspending all threads took: 16.076ms
05-10 03:17:32.797  6910  7270 I BadgeCountUpdaterImpl: reload badge without refresh
05-10 03:17:32.805 18796 18833 I BadgeProvider: query, [selection] : null
05-10 03:17:32.827  6910  7270 I BadgeCache: update cache : org.telegram.messenger user : UserHandle{0}  count : 0
05-10 03:17:32.831  6910  7270 I BadgeCache: update cache : com.vkontakte.android user : UserHandle{0}  count : 7
05-10 03:17:32.856  6910  7270 I BadgeCache: update cache : com.vkontakte.android user : UserHandle{0}  count : 1
05-10 03:17:32.858  6910  7270 I BadgeCache: add to cache : org.telegram.messengeruser : UserHandle{0}  count : 3
05-10 03:17:32.863  6910  7270 I BadgeCache: reloadBadge size : 2
05-10 03:17:33.541 23197 23221 W _benchmark.test: Suspending all threads took: 23.874ms
05-10 03:17:33.693 24784 24843 W Notification: Bubbles work best with icons of TYPE_URI or TYPE_URI_ADAPTIVE_BITMAP. In the future, using an icon of this type will be required.
05-10 03:17:33.714  5679  8504 D ApplicationPolicy: isStatusBarNotificationAllowedAsUser: packageName = org.telegram.messenger,userId = 0
05-10 03:17:33.715  5679  8504 D ApplicationPolicy: isStatusBarNotificationAllowedAsUser: packageName = org.telegram.messenger,userId = 0
05-10 03:17:33.729 21864 22097 D androidtc: Initializing SystemTextClassifier, type = System
05-10 03:17:33.953  6910  6910 I Launcher.NotificationListener: onNotificationPosted : org.telegram.messenger number : 1
05-10 03:17:33.954 28298 28453 I NotificationPipeline: Processing new notification: 0|org.telegram.messenger|212076729|null|10268
05-10 03:17:33.955 28298 28453 I Notification4Heart_NB: NotificationAlertUtil.getAlertType-result: 0
05-10 03:17:33.956  6361  6361 I FreeformContainer: [SmartPopupViewService] onNotificationPosted: StatusBarNotification(pkg=org.telegram.messenger user=UserHandle{0} id=212076729 tag=null key=0|org.telegram.messenger|212076729|null|10268: Notification(channel=0channel_private_b9fad_4960645241598996430 shortcut=ndid_212076729 contentView=null vibrate=null sound=null defaults=0x0 flags=0x10 color=0xff11acfa category=msg sortKey=9223370353173323807 actions=2 vis=PRIVATE locusId=LocusId[14_chars] semFlags=0x0 semPriority=0 semMissedCount=0))
05-10 03:17:33.957 28298 28453 I Notification4Heart_NB: NotificationAlertUtil.getAlertTypeFromChannel-importance : 4
05-10 03:17:33.958 28298 28453 I Notification4Heart_NB: NotificationAlertUtil.isAlertNoti-alert : 3
05-10 03:17:33.959  6910  7270 I Launcher.NotificationListener: notificationIsValidForUI : org.telegram.messenger missingTitleAndText : false isGroupHeader : false
05-10 03:17:33.960 28298 28453 I Notification4Heart_NB: PendingManager.getPendingState-SEND
05-10 03:17:33.961  6397  6397 D InterruptionStateProvider: Group alert behavior is suppressed but we want to alert bubble
05-10 03:17:33.961 28298 28453 I Notification4Heart_NB: NotificationBridgeCallback.onNotificationPosted-sent : 1683681452000, [0] org.telegram.messenger
05-10 03:17:33.961  6397  6397 D InterruptionStateProvider: Group alert behavior is suppressed but we want to alert bubble
05-10 03:17:33.962 28298 28453 I NotificationPipeline: Flushing notifications queue, size: 1
05-10 03:17:33.963  6397  6497 D PeopleSpaceWidgetMgr: No app widget ids returned
05-10 03:17:33.971  6397  6397 D PluginAODManager: onNotificationInfoUpdated() 0
05-10 03:17:33.972  6397  6397 I AODNotificationManager: updateVisibleNotifications: 0
05-10 03:17:33.972  6397  6397 I a       : updateStatusBarNotifications: open
05-10 03:17:33.972  6397  6397 I a       : updateStatusBarNotifications: open
05-10 03:17:33.977  6361  6361 I FreeformContainer: [SmartPopupViewService] onNotificationRemoved: StatusBarNotification(pkg=org.telegram.messenger user=UserHandle{0} id=212076729 tag=null key=0|org.telegram.messenger|212076729|null|10268: Notification(channel=0channel_private_b9fad_4960645241598996430 shortcut=ndid_212076729 contentView=null vibrate=null sound=null defaults=0x0 flags=0x10 color=0xff11acfa category=msg sortKey=9223370353173323807 actions=2 vis=PRIVATE locusId=LocusId[14_chars] semFlags=0x0 semPriority=0 semMissedCount=0))
05-10 03:17:33.978  6397  6397 D BubblesManager: onEntryAdded : bubbleEntryAdded=false
05-10 03:17:33.980  6361  6456 I FreeformContainer: [Manager] handleMessage: SMART_POPUP_VIEW_REMOVE_ITEM
05-10 03:17:33.980  6397  6397 D BubblesManager: setupNotifPipeline(), onEntryRemoved : reason=10
05-10 03:17:33.980  6361  6456 W FreeformContainer: [Manager] SMART_POPUP_VIEW_REMOVE_ITEM failed, due to no smart popup view item which has packageName: org.telegram.messenger
05-10 03:17:33.981  6397  6497 D PeopleSpaceWidgetMgr: No app widget ids returned
05-10 03:17:33.991  6397  6397 D PluginAODManager: onNotificationInfoUpdated() 0
05-10 03:17:33.992  6397  6397 I AODNotificationManager: updateVisibleNotifications: 0
05-10 03:17:33.992  6397  6397 I a       : updateStatusBarNotifications: open
05-10 03:17:33.992  6397  6397 I a       : updateStatusBarNotifications: open
05-10 03:17:33.996 28298 28453 I Notification4Heart_NB: NotificationBridgeCallback.onNotificationSend-time : 1683681452000, package : org.telegram.messenger
05-10 03:17:33.997 28298 28453 I Notification4Heart_NB: WearableExtenderFeature.extractBackground->>> Enter <<<
05-10 03:17:33.998 28298 28453 I Notification4Heart_NB: NotificationAlertUtil.getAlertType-result: 0
05-10 03:17:33.998 28298 28453 I Notification4Heart_NB: NotificationAlertUtil.getAlertTypeFromChannel-importance : 4
05-10 03:17:33.999 28298 28453 I Notification4Heart_NB: NotificationAlertUtil.isAlertNoti-alert : 3
05-10 03:17:34.000 28298 28453 I Notification4Heart_NB: DebugHistory.[send:SEND][mute:false] {0, 0|org.telegram.messenger|212076729|null|10268} d:{} - 03:17:32.000
05-10 03:17:34.098 28298 28453 I NotificationSender: Putting notification data item /bridger/stream_item:c8317ad1:org.telegram.messenger:212076729:null_tag:0~7Corg.telegram.messenger~7C212076729~7Cnull~7C10268
05-10 03:17:34.162 28298 28453 I NotificationPipeline: Processing notification dismissal on phone: 0|org.telegram.messenger|212076729|null|10268
05-10 03:17:34.172 30196 30463 D BluetoothSocket: write: android.net.LocalSocketImpl$SocketOutputStream@eea12f6 length: 4
05-10 03:17:34.173 30196 30463 D BluetoothSocket: write out: android.net.LocalSocketImpl$SocketOutputStream@eea12f6 length: 4
05-10 03:17:34.173  6747  7221 I bt_stack: [INFO:rfc_port_fsm.cc(106)] rfc_port_sm_execute: BD_ADDR=645df4_1, PORT=3, STATE=4, EVENT=14
05-10 03:17:34.173 30196 30463 D BluetoothSocket: write: android.net.LocalSocketImpl$SocketOutputStream@eea12f6 length: 2964
05-10 03:17:34.175 28298 28453 I PhLocalNotifDismissal: Sending dismissal info for path: /bridge_mode/dismissal/org.telegram.messenger/
05-10 03:17:34.175 30196 30463 D BluetoothSocket: write out: android.net.LocalSocketImpl$SocketOutputStream@eea12f6 length: 2964
05-10 03:17:34.176  6747  7221 I bt_stack: [INFO:rfc_port_fsm.cc(106)] rfc_port_sm_execute: BD_ADDR=645df4_1, PORT=3, STATE=4, EVENT=14
05-10 03:17:34.177  6747  7221 I bt_stack: [INFO:rfc_port_fsm.cc(106)] rfc_port_sm_execute: BD_ADDR=645df4_1, PORT=3, STATE=4, EVENT=14
05-10 03:17:34.177  6747  7221 I bt_stack: [INFO:rfc_port_fsm.cc(106)] rfc_port_sm_execute: BD_ADDR=645df4_1, PORT=3, STATE=4, EVENT=14
05-10 03:17:34.179  6747  7221 E bt_bta_dm: Received unknown power mode status event:5
05-10 03:17:34.186 28298 28453 I PhLocalNotifDismissal: Successfully dismissed notification on watch.
05-10 03:17:34.186 28298 28453 I Notification4Heart_NB: NotificationBridgeCallback.onNotificationRemoved->>> Enter <<<
05-10 03:17:34.187 30196 30463 D BluetoothSocket: write: android.net.LocalSocketImpl$SocketOutputStream@eea12f6 length: 4
05-10 03:17:34.187 30196 30463 D BluetoothSocket: write out: android.net.LocalSocketImpl$SocketOutputStream@eea12f6 length: 4
05-10 03:17:34.187 30196 30463 D BluetoothSocket: write: android.net.LocalSocketImpl$SocketOutputStream@eea12f6 length: 7065
05-10 03:17:34.188  6747  7221 I bt_stack: [INFO:rfc_port_fsm.cc(106)] rfc_port_sm_execute: BD_ADDR=645df4_1, PORT=3, STATE=4, EVENT=14
05-10 03:17:34.190 30196 30463 D BluetoothSocket: write out: android.net.LocalSocketImpl$SocketOutputStream@eea12f6 length: 7065
05-10 03:17:34.191  5679  6467 D NotificationService: NMS : requestListenerHintsForWearable state=0
05-10 03:17:34.192 28298 28453 W Notification4Heart_NB: PendingManager.onBridgeFlushQueueEvent-flush pending notifications!!
05-10 03:17:34.192 28298 28453 I Notification4Heart_NB: PendingManager.requestFlushNotifications->>> Enter <<<
05-10 03:17:34.193  6747  7221 E bt_btm_pm: pm_pending_link maxed out
05-10 03:17:34.193  6747  7221 W bt_bta_dm: Unable to set active power mode for device:xx:xx:xx:xx:b3:b1 status:BTM_NO_RESOURCES
05-10 03:17:34.193  6747  7221 I bt_stack: [INFO:rfc_port_fsm.cc(106)] rfc_port_sm_execute: BD_ADDR=645df4_1, PORT=3, STATE=4, EVENT=14
05-10 03:17:34.194  6747  7221 I bt_stack: [INFO:rfc_port_fsm.cc(106)] rfc_port_sm_execute: BD_ADDR=645df4_1, PORT=3, STATE=4, EVENT=14
05-10 03:17:34.194  6747  7221 I bt_stack: [INFO:rfc_port_fsm.cc(106)] rfc_port_sm_execute: BD_ADDR=645df4_1, PORT=3, STATE=4, EVENT=14
05-10 03:17:34.194  6747  7221 I bt_stack: [INFO:rfc_port_fsm.cc(106)] rfc_port_sm_execute: BD_ADDR=645df4_1, PORT=3, STATE=4, EVENT=14
05-10 03:17:34.194  6747  7221 I bt_stack: [INFO:rfc_port_fsm.cc(106)] rfc_port_sm_execute: BD_ADDR=645df4_1, PORT=3, STATE=4, EVENT=14
05-10 03:17:34.195  6747  7221 I bt_stack: [INFO:rfc_port_fsm.cc(106)] rfc_port_sm_execute: BD_ADDR=645df4_1, PORT=3, STATE=4, EVENT=14
05-10 03:17:34.195  6747  7221 I bt_stack: [INFO:rfc_port_fsm.cc(106)] rfc_port_sm_execute: BD_ADDR=645df4_1, PORT=3, STATE=4, EVENT=14
05-10 03:17:34.195  6747  7221 I bt_stack: [INFO:rfc_port_fsm.cc(106)] rfc_port_sm_execute: BD_ADDR=645df4_1, PORT=3, STATE=4, EVENT=14
05-10 03:17:34.199 28298 28453 I NotifDismissalHandler: Notification 0|org.telegram.messenger|212076729|null|10268 dismissed on phone, deleting data item /bridger/stream_item:c8317ad1:org.telegram.messenger:212076729:null_tag:0~7Corg.telegram.messenger~7C212076729~7Cnull~7C10268
05-10 03:17:34.206 30196 30463 D BluetoothSocket: write: android.net.LocalSocketImpl$SocketOutputStream@eea12f6 length: 4
05-10 03:17:34.207 30196 30463 D BluetoothSocket: write out: android.net.LocalSocketImpl$SocketOutputStream@eea12f6 length: 4
05-10 03:17:34.207 30196 30463 D BluetoothSocket: write: android.net.LocalSocketImpl$SocketOutputStream@eea12f6 length: 292
05-10 03:17:34.207  6747  7221 E bt_btm_pm: pm_pending_link maxed out
05-10 03:17:34.207 30196 30463 D BluetoothSocket: write out: android.net.LocalSocketImpl$SocketOutputStream@eea12f6 length: 292
05-10 03:17:34.207  6747  7221 W bt_bta_dm: Unable to set active power mode for device:xx:xx:xx:xx:b3:b1 status:BTM_NO_RESOURCES
05-10 03:17:34.207  6747  7221 I bt_stack: [INFO:rfc_port_fsm.cc(106)] rfc_port_sm_execute: BD_ADDR=645df4_1, PORT=3, STATE=4, EVENT=14
05-10 03:17:34.236 28298 28453 I NotificationPipeline: Flushing notifications queue, size: 0
05-10 03:17:34.236 28298 28298 I NotifDismissalHandler: Received dismissal from watch, now dismissing on phone 0|org.telegram.messenger|212076729|null|10268
05-10 03:17:34.366 23197 23221 W _benchmark.test: Suspending all threads took: 8.225ms
05-10 03:17:34.381 23197 23221 W _benchmark.test: Suspending all threads took: 15.266ms
05-10 03:17:34.456  6747  7221 I bt_stack: [INFO:rfc_port_fsm.cc(106)] rfc_port_sm_execute: BD_ADDR=645df4_1, PORT=3, STATE=4, EVENT=4
05-10 03:17:34.457 30196 30467 D BluetoothSocket: read out:  android.net.LocalSocketImpl$SocketInputStream@f7c4b93 ret: 4
05-10 03:17:34.457 30196 30467 D BluetoothSocket: read in:  android.net.LocalSocketImpl$SocketInputStream@f7c4b93 len: 37
05-10 03:17:34.457 30196 30467 D BluetoothSocket: read out:  android.net.LocalSocketImpl$SocketInputStream@f7c4b93 ret: 37
05-10 03:17:34.458 30196 30467 D BluetoothSocket: read in:  android.net.LocalSocketImpl$SocketInputStream@f7c4b93 len: 4
05-10 03:17:34.472  6747  7221 I bt_stack: [INFO:rfc_port_fsm.cc(106)] rfc_port_sm_execute: BD_ADDR=645df4_1, PORT=3, STATE=4, EVENT=4
05-10 03:17:34.474  6747  7221 I bt_stack: [INFO:rfc_port_fsm.cc(106)] rfc_port_sm_execute: BD_ADDR=645df4_1, PORT=3, STATE=4, EVENT=4
05-10 03:17:34.475 30196 30467 D BluetoothSocket: read out:  android.net.LocalSocketImpl$SocketInputStream@f7c4b93 ret: 4
05-10 03:17:34.476 30196 30467 D BluetoothSocket: read in:  android.net.LocalSocketImpl$SocketInputStream@f7c4b93 len: 37
05-10 03:17:34.476 30196 30467 D BluetoothSocket: read out:  android.net.LocalSocketImpl$SocketInputStream@f7c4b93 ret: 37
05-10 03:17:34.477 30196 30467 D BluetoothSocket: read in:  android.net.LocalSocketImpl$SocketInputStream@f7c4b93 len: 4
05-10 03:17:34.477 30196 30467 D BluetoothSocket: read out:  android.net.LocalSocketImpl$SocketInputStream@f7c4b93 ret: 4
05-10 03:17:34.477 30196 30467 D BluetoothSocket: read in:  android.net.LocalSocketImpl$SocketInputStream@f7c4b93 len: 37
05-10 03:17:34.477 30196 30467 D BluetoothSocket: read out:  android.net.LocalSocketImpl$SocketInputStream@f7c4b93 ret: 37
05-10 03:17:34.478 30196 30467 D BluetoothSocket: read in:  android.net.LocalSocketImpl$SocketInputStream@f7c4b93 len: 4
05-10 03:17:34.915 23197 23221 I _benchmark.test: Starting a blocking GC Alloc
05-10 03:17:34.915 23197 23221 I _benchmark.test: Starting a blocking GC Alloc
05-10 03:17:34.923 23197 23221 I _benchmark.test: Alloc young concurrent copying GC freed 270881(5903KB) AllocSpace objects, 0(0B) LOS objects, 84% free, 3084KB/19MB, paused 131us,51us total 7.464ms
05-10 03:17:34.966  5679  7439 D SemWifiUsabilityStatsMonitor: onWifiUsabilityStats - seqNum 11582, isSameBssidAndFreq true
05-10 03:17:34.970  5679  6237 I SemWifiLinkQualityMonitor: Link Qos Query: 0.018 ms / 433.000 Mbps (433 / 0.000 / 1.000)
05-10 03:17:35.016 23197 23221 I _benchmark.test: Waiting for a blocking GC Alloc
05-10 03:17:35.022 23197 23221 I _benchmark.test: WaitForGcToComplete blocked Alloc on Background for 6.500ms
05-10 03:17:35.022 23197 23221 I _benchmark.test: Starting a blocking GC Alloc
05-10 03:17:35.095 23197 23221 I _benchmark.test: Waiting for a blocking GC Alloc
05-10 03:17:35.099 23197 23221 I _benchmark.test: Starting a blocking GC Alloc
05-10 03:17:35.169 23197 23221 I _benchmark.test: Waiting for a blocking GC Alloc
05-10 03:17:35.176 23197 23221 I _benchmark.test: WaitForGcToComplete blocked Alloc on Background for 6.973ms
05-10 03:17:35.176 23197 23221 I _benchmark.test: Starting a blocking GC Alloc
05-10 03:17:35.246 23197 23221 I _benchmark.test: Waiting for a blocking GC Alloc
05-10 03:17:35.257 23197 23221 I _benchmark.test: WaitForGcToComplete blocked Alloc on Background for 10.679ms
05-10 03:17:35.257 23197 23221 I _benchmark.test: Starting a blocking GC Alloc
05-10 03:17:35.326 23197 23221 I _benchmark.test: Waiting for a blocking GC Alloc
05-10 03:17:35.338 23197 23221 I _benchmark.test: WaitForGcToComplete blocked Alloc on Background for 11.522ms
05-10 03:17:35.338 23197 23221 I _benchmark.test: Starting a blocking GC Alloc
05-10 03:17:35.410 23197 23221 I _benchmark.test: Waiting for a blocking GC Alloc
05-10 03:17:35.421 23197 23221 I _benchmark.test: WaitForGcToComplete blocked Alloc on Background for 11.579ms
05-10 03:17:35.421 23197 23221 I _benchmark.test: Starting a blocking GC Alloc
05-10 03:17:35.421  5679  5748 W libprocessgroup: Failed to open /dev/blkio//cgroup.procs: No such file or directory
05-10 03:17:35.429  5679  5748 W libprocessgroup: Failed to open /dev/blkio//cgroup.procs: No such file or directory
05-10 03:17:35.462 18796 18796 I BadgeCountReceiver: badge intent : Intent { act=android.intent.action.BADGE_COUNT_UPDATE flg=0x1000010 cmp=com.sec.android.provider.badge/.BadgeCountReceiver (has extras) }
05-10 03:17:35.462 18796 18796 I BadgeCountReceiver: packageName: org.telegram.messenger, className: org.telegram.messenger.NoxIcon, count: 4
05-10 03:17:35.467  6910  6910 I BadgeCountUpdaterImpl: onChange
05-10 03:17:35.468 18796 18833 I BadgeProvider: query, [selection] : package=?
05-10 03:17:35.477  6910  6910 I BadgeCountUpdaterImpl: onChange
05-10 03:17:35.477 18796 18833 E DatabaseUtils: Writing exception to parcel
05-10 03:17:35.477 18796 18833 E DatabaseUtils: java.lang.SecurityException: Permission Denial: writing com.sec.android.provider.badge.BadgeProvider uri content://com.sec.badge/apps?notify=true from pid=24784, uid=10268 requires com.sec.android.provider.badge.permission.WRITE, or grantUriPermission()
05-10 03:17:35.477 18796 18833 E DatabaseUtils: 	at android.content.ContentProvider.enforceWritePermissionInner(ContentProvider.java:1025)
05-10 03:17:35.477 18796 18833 E DatabaseUtils: 	at android.content.ContentProvider.semEnforceWritePermission(ContentProvider.java:951)
05-10 03:17:35.477 18796 18833 E DatabaseUtils: 	at android.content.ContentProvider$Transport.enforceWritePermission(ContentProvider.java:730)
05-10 03:17:35.477 18796 18833 E DatabaseUtils: 	at android.content.ContentProvider$Transport.update(ContentProvider.java:462)
05-10 03:17:35.477 18796 18833 E DatabaseUtils: 	at android.content.ContentProviderNative.onTransact(ContentProviderNative.java:231)
05-10 03:17:35.477 18796 18833 E DatabaseUtils: 	at android.os.Binder.execTransactInternal(Binder.java:1321)
05-10 03:17:35.477 18796 18833 E DatabaseUtils: 	at android.os.Binder.execTransact(Binder.java:1280)
05-10 03:17:35.478 18796 18796 I BadgeProvider: sendNotify entered. [uri] : content://com.sec.badge/apps
05-10 03:17:35.478 18796 18796 I BadgeProvider: sendNotify, [notify] : null
05-10 03:17:35.479 18796 18796 I BadgeProvider: update, getCallingPackage() : com.sec.android.provider.badge
05-10 03:17:35.479 18796 18796 I BadgeProvider: update, [uri] : content://com.sec.badge/apps
05-10 03:17:35.479 18796 18796 I BadgeProvider: update, [uri.query] : null
05-10 03:17:35.479 18796 18796 I BadgeProvider: update, [BadgeCount] : badgecount=4
05-10 03:17:35.479 18796 18796 I BadgeProvider: update, [UpdateCount] : 1
05-10 03:17:35.489 23197 23221 I _benchmark.test: Waiting for a blocking GC Alloc
05-10 03:17:35.497 23197 23221 I _benchmark.test: WaitForGcToComplete blocked Alloc on Background for 7.295ms
05-10 03:17:35.497 23197 23221 I _benchmark.test: Starting a blocking GC Alloc
05-10 03:17:35.567 23197 23221 I _benchmark.test: Waiting for a blocking GC Alloc
05-10 03:17:35.574 23197 23221 I _benchmark.test: WaitForGcToComplete blocked Alloc on Background for 7.343ms
05-10 03:17:35.574 23197 23221 I _benchmark.test: Starting a blocking GC Alloc
05-10 03:17:35.643 23197 23221 I _benchmark.test: Waiting for a blocking GC Alloc
05-10 03:17:35.657 23197 23221 I _benchmark.test: WaitForGcToComplete blocked Alloc on Background for 13.321ms
05-10 03:17:35.657 23197 23221 I _benchmark.test: Starting a blocking GC Alloc
05-10 03:17:35.678  6910  7270 I BadgeCountUpdaterImpl: reload badge without refresh
05-10 03:17:35.685 18796 18833 I BadgeProvider: query, [selection] : null
05-10 03:17:35.709  6910  7270 I BadgeCache: update cache : org.telegram.messenger user : UserHandle{0}  count : 0
05-10 03:17:35.714  6910  7270 I BadgeCache: update cache : com.vkontakte.android user : UserHandle{0}  count : 7
05-10 03:17:35.725 23197 23221 I _benchmark.test: Waiting for a blocking GC Alloc
05-10 03:17:35.737 23197 23221 I _benchmark.test: WaitForGcToComplete blocked Alloc on Background for 12.754ms
05-10 03:17:35.737 23197 23221 I _benchmark.test: Starting a blocking GC Alloc
05-10 03:17:35.742  6910  7270 I BadgeCache: update cache : com.vkontakte.android user : UserHandle{0}  count : 1
05-10 03:17:35.745  6910  7270 I BadgeCache: add to cache : org.telegram.messengeruser : UserHandle{0}  count : 4
05-10 03:17:35.753  6910  7270 I BadgeCache: reloadBadge size : 2
05-10 03:17:35.805 23197 23221 I _benchmark.test: Waiting for a blocking GC Alloc
05-10 03:17:35.826 23197 23221 I _benchmark.test: WaitForGcToComplete blocked Alloc on Background for 20.820ms
05-10 03:17:35.826 23197 23221 I _benchmark.test: Starting a blocking GC Alloc
05-10 03:17:35.897 23197 23221 I _benchmark.test: Waiting for a blocking GC Alloc
05-10 03:17:35.915 23197 23221 I _benchmark.test: WaitForGcToComplete blocked Alloc on Background for 18.479ms
05-10 03:17:35.915 23197 23221 I _benchmark.test: Starting a blocking GC Alloc
05-10 03:17:35.984 23197 23221 I _benchmark.test: Waiting for a blocking GC Alloc
05-10 03:17:36.007 23197 23221 I _benchmark.test: WaitForGcToComplete blocked Alloc on Background for 22.648ms
05-10 03:17:36.007 23197 23221 I _benchmark.test: Starting a blocking GC Alloc
05-10 03:17:36.076 23197 23221 I _benchmark.test: Waiting for a blocking GC Alloc
05-10 03:17:36.098 23197 23221 I _benchmark.test: WaitForGcToComplete blocked Alloc on Background for 21.762ms
05-10 03:17:36.098 23197 23221 I _benchmark.test: Starting a blocking GC Alloc
05-10 03:17:36.154 23197 23221 D Benchmark: allocationCount[ 0:10]: 8872492 8872483 8872473 8872490 8872476
05-10 03:17:36.154 23197 23221 D Benchmark: Set 23221 (Bench thread) to priority -8. Was -20, now -8
05-10 03:17:36.154 23197 23221 D Benchmark: Set 23206 (Jit) to priority 9. Was -15, now 9
05-10 03:17:36.154 23197 23221 D Benchmark: Warmup: t=13.103, iter=30, fastAvg=440375168, slowAvg=604589888
05-10 03:17:36.155 23197 23221 I PerfettoCapture: Stopping perfetto.
05-10 03:17:36.209 28367 28367 I perfetto:    perfetto_cmd.cc:1168 SIGINT/SIGTERM received: disabling tracing.
05-10 03:17:36.212 23197 23221 D Benchmark: kill -TERM command output -
05-10 03:17:36.223  5438  5438 I perfetto:  probes_producer.cc:396 Producer stop (id=173)
05-10 03:17:36.228  5322  5322 E sehhealth-service: Could not open /sys/class/power_supply/battery/lrp
05-10 03:17:36.229  5438  5438 I perfetto:    ftrace_procfs.cc:342 disabled ftrace in /sys/kernel/tracing/
05-10 03:17:36.284  4389  4389 I hwservicemanager: getTransport: Cannot find entry android.hardware.atrace@1.0::IAtraceDevice/default in either framework or device VINTF manifest.
05-10 03:17:36.291  5438  5438 I perfetto:  probes_producer.cc:396 Producer stop (id=174)
05-10 03:17:36.291  5438  5438 I perfetto:  probes_producer.cc:396 Producer stop (id=175)
05-10 03:17:36.375 28367 28367 I perfetto:    perfetto_cmd.cc:1124 Trace written into the output file
05-10 03:17:36.395  5440  5440 I perfetto: ng_service_impl.cc:2426 Tracing session 44 ended, total sessions:0
05-10 03:17:36.601 24784 24843 W Notification: Bubbles work best with icons of TYPE_URI or TYPE_URI_ADAPTIVE_BITMAP. In the future, using an icon of this type will be required.
05-10 03:17:36.642  5679  6467 D ApplicationPolicy: isStatusBarNotificationAllowedAsUser: packageName = org.telegram.messenger,userId = 0
05-10 03:17:36.645  5679  6467 D ApplicationPolicy: isStatusBarNotificationAllowedAsUser: packageName = org.telegram.messenger,userId = 0
05-10 03:17:36.668 21864 22097 D androidtc: Initializing SystemTextClassifier, type = System
05-10 03:17:36.828 23197 23221 D Benchmark: Waiting 500 ms for [ProcessPid(processName=perfetto, pid=28367)] to die
05-10 03:17:36.886  6361  6361 I FreeformContainer: [SmartPopupViewService] onNotificationPosted: StatusBarNotification(pkg=org.telegram.messenger user=UserHandle{0} id=212076729 tag=null key=0|org.telegram.messenger|212076729|null|10268: Notification(channel=0channel_private_b9fad_4960645241598996430 shortcut=ndid_212076729 contentView=null vibrate=null sound=null defaults=0x0 flags=0x10 color=0xff11acfa category=msg sortKey=9223370353173321807 actions=2 vis=PRIVATE locusId=LocusId[14_chars] semFlags=0x0 semPriority=0 semMissedCount=0))
05-10 03:17:36.892  6397  6397 D InterruptionStateProvider: Group alert behavior is suppressed but we want to alert bubble
05-10 03:17:36.893  6397  6397 D InterruptionStateProvider: Group alert behavior is suppressed but we want to alert bubble
05-10 03:17:36.894  6910  6910 I Launcher.NotificationListener: onNotificationPosted : org.telegram.messenger number : 1
05-10 03:17:36.898 28298 28453 I NotificationPipeline: Processing new notification: 0|org.telegram.messenger|212076729|null|10268
05-10 03:17:36.900 28298 28453 I Notification4Heart_NB: NotificationAlertUtil.getAlertType-result: 0
05-10 03:17:36.900 28298 28453 I Notification4Heart_NB: NotificationAlertUtil.getAlertTypeFromChannel-importance : 4
05-10 03:17:36.901  6910  7270 I Launcher.NotificationListener: notificationIsValidForUI : org.telegram.messenger missingTitleAndText : false isGroupHeader : false
05-10 03:17:36.901 28298 28453 I Notification4Heart_NB: NotificationAlertUtil.isAlertNoti-alert : 3
05-10 03:17:36.901 28298 28453 I Notification4Heart_NB: PendingManager.getPendingState-SEND
05-10 03:17:36.901 28298 28453 I Notification4Heart_NB: NotificationBridgeCallback.onNotificationPosted-sent : 1683681454000, [0] org.telegram.messenger
05-10 03:17:36.902  6397  6497 D PeopleSpaceWidgetMgr: No app widget ids returned
05-10 03:17:36.902 28298 28453 I NotificationPipeline: Flushing notifications queue, size: 1
05-10 03:17:36.905  6397  6397 D PluginAODManager: onNotificationInfoUpdated() 0
05-10 03:17:36.906  6397  6397 I AODNotificationManager: updateVisibleNotifications: 0
05-10 03:17:36.906  6397  6397 I a       : updateStatusBarNotifications: open
05-10 03:17:36.906  6397  6397 I a       : updateStatusBarNotifications: open
05-10 03:17:36.916  6361  6361 I FreeformContainer: [SmartPopupViewService] onNotificationRemoved: StatusBarNotification(pkg=org.telegram.messenger user=UserHandle{0} id=212076729 tag=null key=0|org.telegram.messenger|212076729|null|10268: Notification(channel=0channel_private_b9fad_4960645241598996430 shortcut=ndid_212076729 contentView=null vibrate=null sound=null defaults=0x0 flags=0x10 color=0xff11acfa category=msg sortKey=9223370353173321807 actions=2 vis=PRIVATE locusId=LocusId[14_chars] semFlags=0x0 semPriority=0 semMissedCount=0))
05-10 03:17:36.917  6397  6397 D BubblesManager: onEntryAdded : bubbleEntryAdded=false
05-10 03:17:36.920  6397  6397 D BubblesManager: setupNotifPipeline(), onEntryRemoved : reason=10
05-10 03:17:36.920  6361  6456 I FreeformContainer: [Manager] handleMessage: SMART_POPUP_VIEW_REMOVE_ITEM
05-10 03:17:36.920  6361  6456 W FreeformContainer: [Manager] SMART_POPUP_VIEW_REMOVE_ITEM failed, due to no smart popup view item which has packageName: org.telegram.messenger
05-10 03:17:36.921  6397  6497 D PeopleSpaceWidgetMgr: No app widget ids returned
05-10 03:17:36.936  6397  6397 D PluginAODManager: onNotificationInfoUpdated() 0
05-10 03:17:36.937  6397  6397 I AODNotificationManager: updateVisibleNotifications: 0
05-10 03:17:36.937  6397  6397 I a       : updateStatusBarNotifications: open
05-10 03:17:36.937  6397  6397 I a       : updateStatusBarNotifications: open
05-10 03:17:36.943 28298 28453 I Notification4Heart_NB: NotificationBridgeCallback.onNotificationSend-time : 1683681454000, package : org.telegram.messenger
05-10 03:17:36.944 28298 28453 I Notification4Heart_NB: WearableExtenderFeature.extractBackground->>> Enter <<<
05-10 03:17:36.944 28298 28453 I Notification4Heart_NB: NotificationAlertUtil.getAlertType-result: 0
05-10 03:17:36.944 28298 28453 I Notification4Heart_NB: NotificationAlertUtil.getAlertTypeFromChannel-importance : 4
05-10 03:17:36.945 28298 28453 I Notification4Heart_NB: NotificationAlertUtil.isAlertNoti-alert : 3
05-10 03:17:36.945 28298 28453 I Notification4Heart_NB: DebugHistory.[send:SEND][mute:false] {0, 0|org.telegram.messenger|212076729|null|10268} d:{} - 03:17:34.000
05-10 03:17:36.952 23197 23221 I PerfettoCapture: Writing to /storage/emulated/0/Android/data/org.jetbrains.android_benchmark.test/cache/Wolf3dBenchmark_valuePreserveBoxDouble_2023-05-10-01-17-36.perfetto-trace.
05-10 03:17:37.028 28298 28453 I NotificationSender: Putting notification data item /bridger/stream_item:c8317ad1:org.telegram.messenger:212076729:null_tag:0~7Corg.telegram.messenger~7C212076729~7Cnull~7C10268
05-10 03:17:37.080 28298 28453 I NotificationPipeline: Processing notification dismissal on phone: 0|org.telegram.messenger|212076729|null|10268
05-10 03:17:37.081 30196 30463 D BluetoothSocket: write: android.net.LocalSocketImpl$SocketOutputStream@eea12f6 length: 4
05-10 03:17:37.082 30196 30463 D BluetoothSocket: write out: android.net.LocalSocketImpl$SocketOutputStream@eea12f6 length: 4
05-10 03:17:37.082 30196 30463 D BluetoothSocket: write: android.net.LocalSocketImpl$SocketOutputStream@eea12f6 length: 2910
05-10 03:17:37.082 30196 30463 D BluetoothSocket: write out: android.net.LocalSocketImpl$SocketOutputStream@eea12f6 length: 2910
05-10 03:17:37.082  6747  7221 I bt_stack: [INFO:rfc_port_fsm.cc(106)] rfc_port_sm_execute: BD_ADDR=645df4_1, PORT=3, STATE=4, EVENT=14
05-10 03:17:37.082  6747  7221 I bt_stack: [INFO:rfc_port_fsm.cc(106)] rfc_port_sm_execute: BD_ADDR=645df4_1, PORT=3, STATE=4, EVENT=14
05-10 03:17:37.082  6747  7221 I bt_stack: [INFO:rfc_port_fsm.cc(106)] rfc_port_sm_execute: BD_ADDR=645df4_1, PORT=3, STATE=4, EVENT=14
05-10 03:17:37.088  6747  7221 E bt_bta_dm: Received unknown power mode status event:5
05-10 03:17:37.089 28298 28453 I PhLocalNotifDismissal: Sending dismissal info for path: /bridge_mode/dismissal/org.telegram.messenger/
05-10 03:17:37.102 28298 28453 I PhLocalNotifDismissal: Successfully dismissed notification on watch.
05-10 03:17:37.103 28298 28453 I Notification4Heart_NB: NotificationBridgeCallback.onNotificationRemoved->>> Enter <<<
05-10 03:17:37.104 30196 30463 D BluetoothSocket: write: android.net.LocalSocketImpl$SocketOutputStream@eea12f6 length: 4
05-10 03:17:37.104 30196 30463 D BluetoothSocket: write out: android.net.LocalSocketImpl$SocketOutputStream@eea12f6 length: 4
05-10 03:17:37.104 30196 30463 D BluetoothSocket: write: android.net.LocalSocketImpl$SocketOutputStream@eea12f6 length: 7065
05-10 03:17:37.104 30196 30463 D BluetoothSocket: write out: android.net.LocalSocketImpl$SocketOutputStream@eea12f6 length: 7065
05-10 03:17:37.105  6747  7221 I bt_stack: [INFO:rfc_port_fsm.cc(106)] rfc_port_sm_execute: BD_ADDR=645df4_1, PORT=3, STATE=4, EVENT=14
05-10 03:17:37.105  6747  7221 I bt_stack: [INFO:rfc_port_fsm.cc(106)] rfc_port_sm_execute: BD_ADDR=645df4_1, PORT=3, STATE=4, EVENT=14
05-10 03:17:37.105  6747  7221 I bt_stack: [INFO:rfc_port_fsm.cc(106)] rfc_port_sm_execute: BD_ADDR=645df4_1, PORT=3, STATE=4, EVENT=14
05-10 03:17:37.105  6747  7221 I bt_stack: [INFO:rfc_port_fsm.cc(106)] rfc_port_sm_execute: BD_ADDR=645df4_1, PORT=3, STATE=4, EVENT=14
05-10 03:17:37.105  6747  7221 I bt_stack: [INFO:rfc_port_fsm.cc(106)] rfc_port_sm_execute: BD_ADDR=645df4_1, PORT=3, STATE=4, EVENT=14
05-10 03:17:37.105  6747  7221 I bt_stack: [INFO:rfc_port_fsm.cc(106)] rfc_port_sm_execute: BD_ADDR=645df4_1, PORT=3, STATE=4, EVENT=14
05-10 03:17:37.105  6747  7221 I bt_stack: [INFO:rfc_port_fsm.cc(106)] rfc_port_sm_execute: BD_ADDR=645df4_1, PORT=3, STATE=4, EVENT=14
05-10 03:17:37.105  6747  7221 I bt_stack: [INFO:rfc_port_fsm.cc(106)] rfc_port_sm_execute: BD_ADDR=645df4_1, PORT=3, STATE=4, EVENT=14
05-10 03:17:37.109  5679  8491 D NotificationService: NMS : requestListenerHintsForWearable state=0
05-10 03:17:37.109 28298 28453 W Notification4Heart_NB: PendingManager.onBridgeFlushQueueEvent-flush pending notifications!!
05-10 03:17:37.109 28298 28453 I Notification4Heart_NB: PendingManager.requestFlushNotifications->>> Enter <<<
05-10 03:17:37.116 28298 28453 I NotifDismissalHandler: Notification 0|org.telegram.messenger|212076729|null|10268 dismissed on phone, deleting data item /bridger/stream_item:c8317ad1:org.telegram.messenger:212076729:null_tag:0~7Corg.telegram.messenger~7C212076729~7Cnull~7C10268
05-10 03:17:37.121 28298 28453 I NotificationPipeline: Flushing notifications queue, size: 0
05-10 03:17:37.122 30196 30463 D BluetoothSocket: write: android.net.LocalSocketImpl$SocketOutputStream@eea12f6 length: 4
05-10 03:17:37.123 30196 30463 D BluetoothSocket: write out: android.net.LocalSocketImpl$SocketOutputStream@eea12f6 length: 4
05-10 03:17:37.123 30196 30463 D BluetoothSocket: write: android.net.LocalSocketImpl$SocketOutputStream@eea12f6 length: 292
05-10 03:17:37.123 30196 30463 D BluetoothSocket: write out: android.net.LocalSocketImpl$SocketOutputStream@eea12f6 length: 292
05-10 03:17:37.123  6747  7221 E bt_btm_pm: pm_pending_link maxed out
05-10 03:17:37.123  6747  7221 W bt_bta_dm: Unable to set active power mode for device:xx:xx:xx:xx:b3:b1 status:BTM_NO_RESOURCES
05-10 03:17:37.123  6747  7221 I bt_stack: [INFO:rfc_port_fsm.cc(106)] rfc_port_sm_execute: BD_ADDR=645df4_1, PORT=3, STATE=4, EVENT=14
05-10 03:17:37.143 28298 28298 I NotifDismissalHandler: Received dismissal from watch, now dismissing on phone 0|org.telegram.messenger|212076729|null|10268
05-10 03:17:37.256  5679  6193 I ChimeraAggressivePolicyHandler: executePolicy() - triggerSource: TRIGGER_SOURCE_LMKD
05-10 03:17:37.258  5679  6193 I ChimeraAggressivePolicyHandler: available memory: 899064, free memory target: 870400, quit chimera
05-10 03:17:37.334  6747  7221 I bt_stack: [INFO:rfc_port_fsm.cc(106)] rfc_port_sm_execute: BD_ADDR=645df4_1, PORT=3, STATE=4, EVENT=4
05-10 03:17:37.335 30196 30467 D BluetoothSocket: read out:  android.net.LocalSocketImpl$SocketInputStream@f7c4b93 ret: 4
05-10 03:17:37.335 30196 30467 D BluetoothSocket: read in:  android.net.LocalSocketImpl$SocketInputStream@f7c4b93 len: 37
05-10 03:17:37.335 30196 30467 D BluetoothSocket: read out:  android.net.LocalSocketImpl$SocketInputStream@f7c4b93 ret: 37
05-10 03:17:37.336 30196 30467 D BluetoothSocket: read in:  android.net.LocalSocketImpl$SocketInputStream@f7c4b93 len: 4
05-10 03:17:37.351 23197 23221 D Benchmark: Copying /storage/emulated/0/Android/data/org.jetbrains.android_benchmark.test/cache/Wolf3dBenchmark_valuePreserveBoxDouble_2023-05-10-01-17-36.perfetto-trace to /sdcard/Android/media/org.jetbrains.android_benchmark.test/additional_test_output/Wolf3dBenchmark_valuePreserveBoxDouble_2023-05-10-01-17-36.perfetto-trace
05-10 03:17:37.361  6747  7221 I bt_stack: [INFO:rfc_port_fsm.cc(106)] rfc_port_sm_execute: BD_ADDR=645df4_1, PORT=3, STATE=4, EVENT=4
05-10 03:17:37.362 30196 30467 D BluetoothSocket: read out:  android.net.LocalSocketImpl$SocketInputStream@f7c4b93 ret: 4
05-10 03:17:37.362 30196 30467 D BluetoothSocket: read in:  android.net.LocalSocketImpl$SocketInputStream@f7c4b93 len: 37
05-10 03:17:37.362 30196 30467 D BluetoothSocket: read out:  android.net.LocalSocketImpl$SocketInputStream@f7c4b93 ret: 37
05-10 03:17:37.363 30196 30467 D BluetoothSocket: read in:  android.net.LocalSocketImpl$SocketInputStream@f7c4b93 len: 4
05-10 03:17:37.369  6747  7221 I bt_stack: [INFO:rfc_port_fsm.cc(106)] rfc_port_sm_execute: BD_ADDR=645df4_1, PORT=3, STATE=4, EVENT=4
05-10 03:17:37.369 30196 30467 D BluetoothSocket: read out:  android.net.LocalSocketImpl$SocketInputStream@f7c4b93 ret: 4
05-10 03:17:37.370 30196 30467 D BluetoothSocket: read in:  android.net.LocalSocketImpl$SocketInputStream@f7c4b93 len: 37
05-10 03:17:37.370 30196 30467 D BluetoothSocket: read out:  android.net.LocalSocketImpl$SocketInputStream@f7c4b93 ret: 37
05-10 03:17:37.370 30196 30467 D BluetoothSocket: read in:  android.net.LocalSocketImpl$SocketInputStream@f7c4b93 len: 4
05-10 03:17:37.389  8330 28328 W MediaProvider: isAppCloneUserPair for user 0: false
05-10 03:17:37.541  5679  8504 D SyncManager: userId - 0 auto - true
05-10 03:17:37.673  5679  5748 W libprocessgroup: Failed to open /dev/blkio//cgroup.procs: No such file or directory
05-10 03:17:37.691 30196 27744 I NetworkScheduler.Stats: Task com.google.android.gms/com.google.android.gms.ipa.base.IpaGcmTaskService started execution. cause:9 exec_start_elapsed_seconds: 249642 [CONTEXT service_id=218 ]
05-10 03:17:37.699 30196 26426 I NetworkScheduler.Stats: Task com.google.android.gms/com.google.android.gms.ipa.base.IpaGcmTaskService finished executing. cause:9 result: 1 elapsed_millis: 58 uptime_millis: 58 exec_start_elapsed_seconds: 249642 [CONTEXT service_id=218 ]
05-10 03:17:37.707 30196 30196 D BoundBrokerSvc: onBind: Intent { act=com.google.android.gms.scheduler.ACTION_PROXY_SCHEDULE dat=chimera-action:/... cmp=com.google.android.gms/.chimera.PersistentApiService }
05-10 03:17:37.708 30196 30196 D BoundBrokerSvc: Loading bound service for intent: Intent { act=com.google.android.gms.scheduler.ACTION_PROXY_SCHEDULE dat=chimera-action:/... cmp=com.google.android.gms/.chimera.PersistentApiService }
05-10 03:17:37.792 10477 10556 I BluetoothAdapter: STATE_ON
05-10 03:17:37.818 10477 10556 D BluetoothGatt: connect() - device: 645DF4_1, auto: false
05-10 03:17:37.818 10477 10556 D BluetoothGatt: registerApp()
05-10 03:17:37.819 10477 10556 D BluetoothGatt: registerApp() - UUID=363e44a9-730b-4188-8de6-b3ca45364d5f
05-10 03:17:37.829  6747  6760 D BtGatt.GattService: registerClient(com.google.android.googlequicksearchbox) - UUID=363e44a9-730b-4188-8de6-b3ca45364d5f
05-10 03:17:37.833  6747  6760 D BtGatt.ContextMap: add() - appUid: 10233, appPid: 10477, appName: com.google.android.googlequicksearchbox
05-10 03:17:37.842 10477 10556 I GattConnObserver: GATT connect started, beginning countdown timer
05-10 03:17:37.849  6747  7221 W bt_bta_gattc: bta_gattc_register :: state: 2, uuid=363e44a9-730b-4188-8de6-b3ca45364d5f
05-10 03:17:37.851  6747  7221 W bt_bta_gattc: Registered GATT client interface 6 with uuid=363e44a9-730b-4188-8de6-b3ca45364d5f, starting it on main thread
05-10 03:17:37.851  6747  7221 W bt_bta_gattc: client_if=6
05-10 03:17:37.854  6747  6888 D BtGatt.GattService: onClientRegistered() - UUID=363e44a9-730b-4188-8de6-b3ca45364d5f, clientIf=6
05-10 03:17:37.860 10477 11319 D BluetoothGatt: onClientRegistered() - status=0 clientIf=6
05-10 03:17:37.900  6747  6760 D BtGatt.GattService: clientConnect(com.google.android.googlequicksearchbox) - address = 645DF4_1, isDirect=true transport =2 set own addr = false own addr type:0, clientIf: 6, opportunistic=false, phy: 1
05-10 03:17:37.912  6747  7221 W bt_btm_ble: BTM_SecAddBleDevice :: dev_type=0x3
05-10 03:17:37.913  6747  7221 W bt_bta_gattc: bta_gattc_process_api_open
05-10 03:17:37.917  6747  7221 I bt_stack: [INFO:bta_gattc_main.cc(314)] bta_gattc_sm_execute: State 0x00, Event 0x1f00
05-10 03:17:37.917  6747  7221 W bt_bta_gattc: bta_gattc_open
05-10 03:17:37.917  6747  7221 W bt_stack: [WARNING:gatt_api.cc(1238)] GATT_Connect
05-10 03:17:37.919  6747  7221 W bt_stack: Starting direct connect gatt_if=6 address=645df4
05-10 03:17:37.921  6747  7221 W bt_stack: gatt_act_connect
05-10 03:17:37.931  6747  7221 I bt_stack: [INFO:gatt_attr.cc(886)] gatt_sr_init_cl_status: bda=645df4, cl_supp_feat=0000, aware=1
05-10 03:17:37.931  6747  7221 W bt_stack: gatt_connect
05-10 03:17:37.932  6747  7221 W bt_stack: gatt_connect :: call acl_create_le_connection_with_id
05-10 03:17:37.932  6747  7221 W btm_acl : Creating le direct connection to:xx:xx:xx:xx:b3:b1[public]
05-10 03:17:37.932  6747  7221 W bt_stack: AcceptLeConnectionFrom xx:xx:xx:xx:b3:b1
05-10 03:17:37.933  6747  7178 W bt_stack: Allow Le connection from remote:xx:xx:xx:xx:b3:b1[PUBLIC_DEVICE_ADDRESS]
05-10 03:17:37.935  6747  7178 W bt_stack: create_le_connection :: address : 64:5d:f4, add_to_connect_list : 1, is_direct : 1
05-10 03:17:37.936  6747  7178 W bt_stack: add_device_to_connect_list 64:5d:f4 :: Send command after register
05-10 03:17:37.936  6747  7178 W bt_stack: add_device_to_connect_list :: Device is found in security db(64:5d:f4 -> 645df4)
05-10 03:17:37.936  6747  7178 W bt_stack: add_device_to_connect_list :: set address_with_type as identity_addr
05-10 03:17:37.937  6747  7178 W bt_stack: Fast Connection Mode is already Set!!!
05-10 03:17:37.937  6747  7178 W bt_stack: Deferred until filter accept list has completed
05-10 03:17:37.937  6747  7178 W bt_stack: pause_registered_clients()
05-10 03:17:37.937  6747  7178 W bt_stack: le_impl :: OnPause()
05-10 03:17:37.937  6747  7178 W bt_stack: le_impl :: ConnectabilityState is DISARMED. Call AckPause()
05-10 03:17:37.938  6747  7178 W bt_stack: le_scanning_manager :: OnPause()
05-10 03:17:37.938  6747  7178 W bt_stack: Stop LeSetScanEnable
05-10 03:17:37.938  6747  7178 W bt_stack: le_scanning_manager :: OnPause() - call AckPause
05-10 03:17:37.938  6747  7178 W bt_stack: pause_registered_clients()
05-10 03:17:37.939  6747  7178 W bt_stack: le_address_manager :: ack_pause()
05-10 03:17:37.939  6747  7178 W bt_stack: le_address_manager :: ack_pause() - make sure all client paused. Return
05-10 03:17:37.939  6747  7178 W bt_stack: le_address_manager :: ack_pause()
05-10 03:17:37.939  6747  7178 W bt_stack: le_address_manager :: ack_pause() - handle_next_command
05-10 03:17:37.939  6747  7178 W bt_stack: handle_next_command()
05-10 03:17:37.950  6747  7178 W bt_stack: Received command complete with op_code LE_ADD_DEVICE_TO_FILTER_ACCEPT_LIST
05-10 03:17:37.952  6747  7178 W bt_stack: handle_next_command()
05-10 03:17:37.954  6747  7178 W bt_stack: Received command complete with op_code LE_ADD_DEVICE_TO_FILTER_ACCEPT_LIST
05-10 03:17:37.955  6747  7178 W bt_stack: le_impl :: OnResume()
05-10 03:17:37.955  6747  7178 W bt_stack: le_impl :: OnResume - Try arm connectability
05-10 03:17:37.955  6747  7178 W bt_stack: arm_connectability()
05-10 03:17:37.955  6747  7178 W bt_stack: le_impl :: check_for_unregister()
05-10 03:17:37.955  6747  7178 W bt_stack: le_scanning_manager :: OnResume()
05-10 03:17:37.955  6747  7178 W bt_stack: Start LeSetScan
05-10 03:17:37.955  6747  7178 W bt_stack: le_scanning_manager :: OnResume() - call AckResume
05-10 03:17:37.955  6747  7178 W bt_stack: le_address_manager :: ack_resume()
05-10 03:17:37.956  6747  7178 W bt_stack: le_address_manager :: ack_resume()
05-10 03:17:37.957  6747  7178 E bt_stack: on_create_connection :: Command status is success. Set ConnectabilityState to ARMED
05-10 03:17:37.986  5679  7439 D SemWifiUsabilityStatsMonitor: onWifiUsabilityStats - seqNum 11583, isSameBssidAndFreq true
05-10 03:17:37.988  5679  6237 I SemWifiLinkQualityMonitor: Link Qos Query: 0.023 ms / 346.400 Mbps (433 / 0.000 / 1.250)
05-10 03:17:38.050  5679  5748 W libprocessgroup: Failed to open /dev/blkio//cgroup.procs: No such file or directory
05-10 03:17:38.085 27789 27789 I SCS@AiSearch user 0: (ObserverWorker::AOSP_MP) [main] entering in startWork():
05-10 03:17:38.085 27789 27789 I SCS@AiSearch user 0: (BaseCollector::AOSP_MP) [main] entering in onChange():
05-10 03:17:38.086 27789 27835 I SCS@AiSearch user 0: (BaseCollector::AOSP_MP) [AOSP_MP-0] entering in collectChanges():
05-10 03:17:38.089  8330  8970 I FuseDaemon: Threshold exceeded - fadvising 67231744
05-10 03:17:38.089  8330  8970 I FuseDaemon: Threshold now 0
05-10 03:17:38.097 27789 28680 I SCS@AiSearch user 0: (JobServiceLoggingWorker) [androidx.work-3] entering in doWork():
05-10 03:17:38.099  5679  6467 D PackageManager: setEnabledSetting : userId = 0 packageName = com.samsung.android.scs cmp = androidx.work.impl.background.systemalarm.RescheduleReceiver newState = 1 callingPackage = 10380/com.samsung.android.scs
05-10 03:17:38.100 27789 28680 I SCS@AiSearch user 0: (JobServiceLoggingWorker) JobService Information:
05-10 03:17:38.100 27789 28680 I SCS@AiSearch user 0: JobId = 161052, WorkId = efde1bd0-4fd0-440a-8f5a-f6e03d7f2bae, triggerUri = content://media/external/file
05-10 03:17:38.100 27789 28680 I SCS@AiSearch user 0: JobId = 160868, WorkId = 292d600c-1a1c-4de4-b9df-324ad08c129f, triggerUri = content://call_log
05-10 03:17:38.100 27789 28680 I SCS@AiSearch user 0: JobId = 160945, WorkId = 07040279-057b-4e32-bc61-92b7fa695049, triggerUri = content://com.android.calendar/events
05-10 03:17:38.100 27789 28680 I SCS@AiSearch user 0: JobId = 160944, WorkId = c22de4b4-5d40-4a84-946c-232c5add8395, triggerUri = content://com.android.calendar/syncTasks
05-10 03:17:38.100 27789 28680 I SCS@AiSearch user 0: JobId = 160887, WorkId = 62ee284a-5574-41f3-945b-d1f7180c237c, triggerUri = content://com.android.contacts/contacts
05-10 03:17:38.100 27789 28680 I SCS@AiSearch user 0: JobId = 160869, WorkId = a711e26d-e192-46a6-9f31-f225e53ae050, triggerUri = content://com.samsung.android.app.reminder
05-10 03:17:38.100 27789 28680 I SCS@AiSearch user 0: JobId = 160936, WorkId = b6d9fc1e-ef93-4b21-8910-c9ebaa5b115c, triggerUri = content://secmedia/video/media
05-10 03:17:38.101  5679  6467 D ApplicationPolicy: getApplicationStateEnabled : pkg = com.samsung.android.scs userId : 0
05-10 03:17:38.103  5679  6467 D ApplicationPolicy: getApplicationComponentState : pkg = com.samsung.android.scs userId : 0
05-10 03:17:38.104 27789 28680 I SCS@AiSearch user 0: (JobServiceLoggingWorker) [androidx.work-3] leaving from doWork():
05-10 03:17:38.123 27789 27832 I WM-WorkerWrapper: Worker result SUCCESS for Work [ id=f407579a-c304-417b-942a-a0910d8c3d0e, tags={ com.samsung.android.scs.ai.search.scheduling.workers.JobServiceLoggingWorker, JobServiceLoggingWorker } ]
05-10 03:17:38.145 23197 23221 I Benchmark: Wolf3dBenchmark.valuePreserveBoxDouble[Metric (timeNs) results: median 4.41777538E8, min 4.02676461E8, max 4.6836523E8, standardDeviation: 1.3441218392310157E7, Metric (allocationCount) results: median 8872483.0, min 8872473.0, max 8872492.0, standardDeviation: 8.34865258589672]count=1
05-10 03:17:38.153 23197 23221 D Benchmark: writing results to /storage/emulated/0/Android/data/org.jetbrains.android_benchmark.test/cache/org.jetbrains.android_benchmark.test-benchmarkData.json
05-10 03:17:38.178 23197 23221 D Benchmark: Copying /storage/emulated/0/Android/data/org.jetbrains.android_benchmark.test/cache/org.jetbrains.android_benchmark.test-benchmarkData.json to /sdcard/Android/media/org.jetbrains.android_benchmark.test/additional_test_output/org.jetbrains.android_benchmark.test-benchmarkData.json
05-10 03:17:38.198 27789 27835 I SCS@AiSearch user 0: (BaseCollector::AOSP_MP) fetchInternal values : maxSyncId: 1000008667 indexCount: 891 sourceCount: 891
05-10 03:17:38.240  5679  8491 D SyncManager: userId - 0 auto - true
05-10 03:17:38.250  8330 27787 I MediaProvider: Deleted 1 0 0 0 0 0 0 items on external_primary due to org.jetbrains.android_benchmark.test
05-10 03:17:38.253 27789 27835 I SCS@AiSearch user 0: (IndexManager) [AOSP_MP-0] entering in addIndex():
05-10 03:17:38.257 27789 27835 I SCS@AiSearch user 0: (BaseCollector::AOSP_MP) fetch: fetching took  100 ms
05-10 03:17:38.257 27789 27835 I SCS@AiSearch user 0: (BaseCollector::AOSP_MP) fetchChanges: applied 0 items
05-10 03:17:38.258 27789 27835 I SCS@AiSearch user 0: (BaseCollector::AOSP_MP) Collect finished. Result: true
05-10 03:17:38.259 27789 27835 I SCS@AiSearch user 0: (BaseCollector::AOSP_MP) enqueue ObserverWorker name: com.sec.android.app.myfiles, policy: APPEND_OR_REPLACE
05-10 03:17:38.277  8330 27786 W MediaProvider: isAppCloneUserPair for user 0: false
05-10 03:17:38.319 27789 27817 I WM-WorkerWrapper: Worker result SUCCESS for Work [ id=efde1bd0-4fd0-440a-8f5a-f6e03d7f2bae, tags={ com.sec.android.app.myfiles, com.samsung.android.scs.ai.search.data.collector.ObserverWorker } ]
05-10 03:17:38.323  5679  5748 W libprocessgroup: Failed to open /dev/blkio//cgroup.procs: No such file or directory
