04-27 20:10:31.468 26164 26187 I TestRunner: started: valueDouble(org.jetbrains.android_benchmark.AckermannBenchmark)
04-27 20:10:31.502  5095  5116 I SurfaceFlinger: id=3817 createSurf flag=80004, WindowToken{8208baf type=2032 android.os.Binder@4ff678e}#3817
04-27 20:10:31.523  7025  7069 I RequestManager_FLP: onOpChanged, op=0 / packageName=com.kms.free
04-27 20:10:31.536  5095  5095 I Layer   : id=185 removeFromCurrentState WindowToken{d0de61c type=2032 android.os.Binder@5c8f431}#185 (129)
04-27 20:10:31.537  5095  5095 I SurfaceFlinger: id=185 Removed WindowToken{d0de61c type=2032 android.os.Binder@5c8f431}#185 (129)
04-27 20:10:31.537  5095  5095 I Layer   : id=185 Destroyed WindowToken{d0de61c type=2032 android.os.Binder@5c8f431}#185
04-27 20:10:31.603 26164 26187 D Benchmark: launching Benchmark IsolationActivity
04-27 20:10:31.605  5429  5429 I AccessibilityManagerService: semIsAccessibilityServiceEnabled()
04-27 20:10:31.606  5429  5429 I AccessibilityManagerService: semIsAccessibilityServiceEnabled()
04-27 20:10:31.608  5429  5429 D AS.AudioService: Accessibility volume enabled = false
04-27 20:10:31.611 26164 26177 W libc    : Access denied finding property "sys.perf.boostopt"
04-27 20:10:31.620  5429  5469 I ChimeraSystemEventListener: appLaunchIntent package name is: org.jetbrains.android_benchmark.test
04-27 20:10:31.625  6323  4214 I TouchInteractionService: onActiveNavBarRegionChanges, region : SkRegion((0,2274,388,2400)(389,2274,690,2400)(691,2274,961,2400))
04-27 20:10:31.630  5429  6528 I SemDvfsHyPerManager: acquire hyper - AMS_APP_SWITCH/5429@21, type = -999
04-27 20:10:31.631  5040  5080 I HYPER-HAL: [RequestManager.cpp]acquire(): Acquired ID : 14853996  [5429 / 21]    HINT : AMS_APP_SWITCH    list :
04-27 20:10:31.632  5878  5878 V Navbar.Store: ----handleEvent(0) OnUpdateRemoteViewContainer(leftContainer=android.widget.LinearLayout{1a2569e I.E...... ......I. 0,0-118,126 #7f0b04f6 app:id/left_remoteview}, rightContainer=android.widget.LinearLayout{4b7357f I.E...... ......I. 962,0-1080,126 #7f0b07aa app:id/right_remoteview}, contextualButtonVisible=false, darkIntensity=0.0) [Module] SamsungNavigationBarView
04-27 20:10:31.632  5878  5878 V Navbar.Store: ------[Band]REMOTE_VIEW_PACK_SET_REMOTEVIEW_CONTAINER
04-27 20:10:31.632  8449  8449 I SemDvfsHyPerManager: acquire hyper - APP_START_SHORT/8449@12, type = -999
04-27 20:10:31.633  5095  5273 I SurfaceFlinger: id=3818 createSurf flag=24004, Task=5646#3818
04-27 20:10:31.635  5040  5080 I HYPER-HAL: [RequestManager.cpp]acquire(): Acquired ID : 35798503  [8449 / 12]    HINT : APP_START    list : [TIMEOUT / 1500]
04-27 20:10:31.636  5095  5116 I SurfaceFlinger: id=3819 createSurf flag=80004, ActivityRecord{d36e297 u0 org.jetbrains.android_benchmark.test/androidx.benchmark.IsolationActivity} t5646}#3819
04-27 20:10:31.638  6323  6323 I RecentsView: resetTaskVisuals
04-27 20:10:31.640  6323  6323 I RecentsView: runOnPageScrollsInitialized() called with: callback = [com.android.launcher3.m5@5160a9d]
04-27 20:10:31.640  6323  6323 I RecentsView: pageScrollsInitialized: false
04-27 20:10:31.641  6323  6323 I RecentsViewCallbacksImpl: updateGridProperties
04-27 20:10:31.642  5878  5878 V Navbar.Store: --------apply(0) UpdateRemoteViewContainer
04-27 20:10:31.642  6323  6323 I RecentsView: pageScrollsInitialized: false
04-27 20:10:31.642  6323  6323 I RecentsViewCallbacksImpl: computeMinScroll
04-27 20:10:31.644  6323  6323 I RecentsViewCallbacksImpl: computeMinScroll
04-27 20:10:31.644  6323  6323 I RecentsView: onPageBeginTransition
04-27 20:10:31.644  6323  6323 I RecentsView: onPageEndTransition
04-27 20:10:31.645  6323  6323 I RecentsView: pageScrollsInitialized: true
04-27 20:10:31.645  6323  6323 I RecentsViewCallbacksImpl: computeMinScroll
04-27 20:10:31.645  5878  5878 V Navbar.Store: --------apply(0) UpdateRemoteViewDarkIntensity
04-27 20:10:31.646  5878  5878 V Navbar.Store: handleEvent(0) OnNavBarUpdateA11YService(clickable=false, longClickable=false) [Module] NavigationBar
04-27 20:10:31.646  5878  5878 V Navbar.Store: --[Band]SETUPWIZARD_PACK_UPDATE_A11Y_SERVICE
04-27 20:10:31.672 24909 24909 V SafetyCenterAccessibilityListener: accessibility event occurred, safety center feature not enabled.
04-27 20:10:31.675  6323  4214 I TouchInteractionService: onActiveNavBarRegionChanges, region : SkRegion((0,2274,388,2400)(389,2274,690,2400)(691,2274,961,2400))
04-27 20:10:31.691  5429  8538 I SemDvfsHyPerManager: acquire hyper - AMS_APP_LAUNCH/5429@18, type = -999
04-27 20:10:31.692  5040  5080 I HYPER-HAL: [RequestManager.cpp]acquire(): Acquired ID : 14837646  [5429 / 18]    HINT : AMS_APP_LAUNCH    list :
04-27 20:10:31.692  8449  8449 I SemDvfsHyPerManager: acquire hyper - APP_START/8449@14, type = -999
04-27 20:10:31.694  5040  5080 I HYPER-HAL: [RequestManager.cpp]acquire(): Acquired ID : 35815430  [8449 / 14]    HINT : APP_START    list :
04-27 20:10:31.694  6323  6323 I BaseActivity: removeActivityFlags, flags : 16
04-27 20:10:31.695  6323  6323 I BaseActivity: removeActivityFlags, flags : 6
04-27 20:10:31.695  6323  6323 I DragController: endDrag
04-27 20:10:31.695  6323  6323 W LauncherAppWidgetHost: setShouldListenFlag, mFlags:15 flag:resume on:false isFront:false
04-27 20:10:31.735 26084 26142 I SCS@AiSearch user 0: (IndexManager) [AOSP_MP-0] entering in deleteIndex():  ids.size():49
04-27 20:10:31.735 26084 26142 I SCS@AiSearch user 0: (IndexManager) getIndexWriter(): indexName com.google.android.providers.media
04-27 20:10:31.738  6323  6323 I SPayUpdater: updateSpayHandler launcher activity is paused false
04-27 20:10:31.763  5878  5954 D NativeCustomFrequencyManager: [NativeCFMS] BpCustomFrequencyManager::BpCustomFrequencyManager()
04-27 20:10:31.766  5429  5488 W libprocessgroup: Failed to open /dev/blkio//cgroup.procs: No such file or directory
04-27 20:10:31.769  5211 14119 I CameraService: onUidStateChanged: uid=10054, procState is changed. (0 -> 1)
04-27 20:10:31.772 26164 26207 D OpenGLRenderer: RenderThread::requireGlContext()
04-27 20:10:31.774  5429  6683 D InputDispatcher: Focused application(0): ActivityRecord{d36e297 u0 org.jetbrains.android_benchmark.test/androidx.benchmark.IsolationActivity} t5646}
04-27 20:10:31.783  6323  6323 I TopTaskTracker: onTaskMovedToFront : taskId = 5646
04-27 20:10:31.784  5429  5488 W libprocessgroup: Failed to open /dev/blkio//cgroup.procs: No such file or directory
04-27 20:10:31.789  5095  5116 I SurfaceFlinger: id=2290 Removed 15b7c35 ActivityRecordInputSink com.Slack/slack.features.tasks.ui.TaskListActivity#2290 (130)
04-27 20:10:31.796  5429  5751 D NetdEventListenerService: DNS Requested by : 108, 1000
04-27 20:10:31.796  5429  5731 D TrafficStats: tagSocket(1126) with statsTag=0xffffffff, statsUid=-1
04-27 20:10:31.798  6323 10279 I TaskIconCache: getCacheEntry: taskId = 5631, icon null
04-27 20:10:31.798  6323  6323 I TaskThumbnailCache: handleResult: taskId = 5631, taskThumbnail = android.graphics.Bitmap@40c8b12
04-27 20:10:31.799 26084 26142 I SCS@AiSearch user 0: (IndexManager) [DELETE] indexName=[com.google.android.providers.media], #ids= 49
04-27 20:10:31.800 26084 26142 I SCS@AiSearch user 0: (IndexSearcherManager) [AOSP_MP-0] entering in refreshSearcherManager():  refreshSearcherManager for com.google.android.providers.media
04-27 20:10:31.800 26084 26142 I SCS@AiSearch user 0: (IndexSearcherManager) remove: indexName: com.google.android.providers.media
04-27 20:10:31.800 26084 26142 I SCS@AiSearch user 0: (IndexManager) getIndexWriter(): indexName com.google.android.providers.media
04-27 20:10:31.808  5095  5116 I SurfaceFlinger: id=406 Removed 65690c1 ActivityRecordInputSink com.Slack/slack.features.home.HomeActivity#406 (130)
04-27 20:10:31.809  5095  5116 I SurfaceFlinger: id=3820 createSurf flag=24004, Task=5629#3820
04-27 20:10:31.812  5429  6109 D InputTransport: Input channel constructed: '1750fae', fd=1128
04-27 20:10:31.812  5429  6109 D InputTransport: Input channel constructed: '1750fae', fd=1132
04-27 20:10:31.813  5429  6109 D InputTransport: Input channel constructed: '1750fae', fd=1133
04-27 20:10:31.813  5095  5116 I SurfaceFlinger: id=3821 createSurf flag=80004, 1750fae Splash Screen org.jetbrains.android_benchmark.test#3821
04-27 20:10:31.815  5429  6109 D InputTransport: Input channel destroyed: '1750fae', fd=1133
04-27 20:10:31.820  5095  5095 I Layer   : id=2280 removeFromCurrentState ActivityRecord{9ca38ca u0 com.Slack/slack.features.tasks.ui.TaskListActivity} t5629}#2280 (132)
04-27 20:10:31.820  5095  5095 I Layer   : id=2290 removeFromCurrentState 15b7c35 ActivityRecordInputSink com.Slack/slack.features.tasks.ui.TaskListActivity#2290 (132)
04-27 20:10:31.820  5095  5095 I Layer   : id=397 removeFromCurrentState ActivityRecord{93ca066 u0 com.Slack/slack.features.home.HomeActivity} t5629}#397 (132)
04-27 20:10:31.820  5095  5095 I Layer   : id=406 removeFromCurrentState 65690c1 ActivityRecordInputSink com.Slack/slack.features.home.HomeActivity#406 (132)
04-27 20:10:31.820  5095  5095 I Layer   : id=383 removeFromCurrentState Task=5629#383 (132)
04-27 20:10:31.820  5095  5095 I Layer   : id=3820 removeFromCurrentState Task=5629#3820 (132)
04-27 20:10:31.820  5095  5095 D SurfaceFlinger: [input] inputWindowCommands.focusRequests size is 1
04-27 20:10:31.820  5095  5095 I SurfaceFlinger: id=2280 Removed ActivityRecord{9ca38ca u0 com.Slack/slack.features.tasks.ui.TaskListActivity} t5629}#2280 (132)
04-27 20:10:31.820  5095  5095 I SurfaceFlinger: id=397 Removed ActivityRecord{93ca066 u0 com.Slack/slack.features.home.HomeActivity} t5629}#397 (132)
04-27 20:10:31.820  5095  5095 I SurfaceFlinger: id=3820 Removed Task=5629#3820 (132)
04-27 20:10:31.821  5095  5095 I Layer   : id=3820 Destroyed Task=5629#3820
04-27 20:10:31.821  5095  5095 I Layer   : id=397 Destroyed ActivityRecord{93ca066 u0 com.Slack/slack.features.home.HomeActivity} t5629}#397
04-27 20:10:31.821  5095  5095 I Layer   : id=406 Destroyed 65690c1 ActivityRecordInputSink com.Slack/slack.features.home.HomeActivity#406
04-27 20:10:31.821  5095  5095 I Layer   : id=2280 Destroyed ActivityRecord{9ca38ca u0 com.Slack/slack.features.tasks.ui.TaskListActivity} t5629}#2280
04-27 20:10:31.821  5095  5095 I Layer   : id=2290 Destroyed 15b7c35 ActivityRecordInputSink com.Slack/slack.features.tasks.ui.TaskListActivity#2290
04-27 20:10:31.822  5095  5160 D SurfaceFlinger: [input] setFocusedWindow: <null>
04-27 20:10:31.822  5429  8530 D InputDispatcher: Focus left window (0): afc30d8 com.sec.android.app.launcher/com.sec.android.app.launcher.activities.LauncherActivity
04-27 20:10:31.827  6323  6323 I ViewRootImpl@b3ca077[LauncherActivity]: MSG_WINDOW_FOCUS_CHANGED 0 0
04-27 20:10:31.827  6323  6323 I BaseActivity: removeActivityFlags, flags : 8
04-27 20:10:31.832  5878  5943 D InsetsController: onStateChanged: InsetsState: {mDisplayFrame=Rect(0, 0 - 1080, 2400), mDisplayCutout=DisplayCutout{insets=Rect(0, 88 - 0, 0) waterfall=Insets{left=0, top=0, right=0, bottom=0} boundingRect={Bounds=[Rect(0, 0 - 0, 0), Rect(512, 0 - 568, 88), Rect(0, 0 - 0, 0), Rect(0, 0 - 0, 0)]} cutoutPathParserInfo={CutoutPathParserInfo{displayWidth=1080 displayHeight=2400 physicalDisplayWidth=1080 physicalDisplayHeight=2400 density={2.625} cutoutSpec={M 0,0 M 0,12.25101276465640 a 10.60613009248640,10.60613009248640 0 1,0 0,21.21226018497290 a 10.60613009248640,10.60613009248640 0 1,0 0,-21.21226018497290 Z @dp} rotation={0} scale={1.0} physicalPixelDisplaySizeRatio={1.0}}}}, mRoundedCorners=RoundedCorners{[RoundedCorner{position=TopLeft, radius=84, center=Point(84, 84)}, RoundedCorner{position=TopRight, radius=84, center=Point(996, 84)}, RoundedCorner{position=BottomRight, radius=84, center=Point(996, 2316)}, RoundedCorner{position=BottomLeft, radius=84, center=Point(84, 2316)}]}  mRoundedCornerFrame=Rect(0, 0 - 1080, 2400), mPrivacyIndicatorBounds=PrivacyIndicatorBounds {static bounds=Rect(964, 0 - 1080, 88) rotation=0}, mSources= { InsetsSource: {mType=ITYPE_STATUS_BAR, mFrame=[0,0][1080,88], mVisible=true, mInsetsRoundedCornerFrame=false}, InsetsSource: {mType=ITYPE_NAVIGATION_BAR, mFrame=[0,2274][1080,2400], mVisible=true, mInsetsRoundedCornerFrame=false}, InsetsSource: {mType=ITYPE_LEFT_GESTURES, mFrame=[0,0][0,2400], mVisible=true, mInsetsRoundedCornerFrame=false}, InsetsSource: {mType=ITYPE_RIGHT_GESTURES, mFrame=[1080,0][1080,2400], mVisible=true, mInsetsRoundedCornerFrame=false}, InsetsSource: {mType=ITYPE_TOP_MANDATORY_GESTURES, mFrame=[0,0][1080,120], mVisible=true, mInsetsRoundedCornerFrame=false}, InsetsSource: {mType=ITYPE_BOTTOM_MANDATORY_GESTURES, mFrame=[0,2274][1080,2400], mVisible=true, mInsetsRoundedCornerFrame=false}, InsetsSource: {mType=ITYPE_LEFT_DISPLAY_CUTOUT, mFrame=[0,0][-100000,2400], mVisible=true, mInsetsRoundedCornerFrame=false}, InsetsSource: {mType=ITYPE_TOP_DISPLAY_CUTOUT, mFrame=[0,0][1080,88], mVisible=true, mInsetsRoundedCornerFrame=false}, InsetsSource: {mType=ITYPE_RIGHT_DISPLAY_CUTOUT, mFrame=[100000,0][1080,2400], mVisible=true, mInsetsRoundedCornerFrame=false}, InsetsSource: {mType=ITYPE_BOTTOM_DISPLAY_CUTOUT, mFrame=[0,100000][1080,2400], mVisible=true, mInsetsRoundedCornerFrame=false}, InsetsSource: {mType=ITYPE_TOP_TAPPABLE_ELEMENT, mFrame=[0,0][1080,88], mVisible=true, mInsetsRoundedCornerFrame=false}, InsetsSource: {mType=ITYPE_BOTTOM_TAPPABLE_ELEMENT, mFrame=[0,2274][1080,2400], mVisible=true, mInsetsRoundedCornerFrame=false}, InsetsSource: {mType=ITYPE_IME, mFrame=[0,0][0,0], mVisibleFrame=[0,2274][1080,2400], mVisible=false, mInsetsRoundedCornerFrame=false} } host=Splash Screen org.jetbrains.android_benchmark.test from=android.view.ViewRootImpl.setView:1732
04-27 20:10:31.833  5429  7078 I MediaSessionMonitor: Media session stopped : controllerList empty
04-27 20:10:31.837  5878  5943 I ViewRootImpl@6bb77ca[test]: setView = android.widget.FrameLayout@610f217 TM=true
04-27 20:10:31.841  6323  6323 I BadgeRenderer: Invalid count : 0
04-27 20:10:31.841 26164 26207 D OpenGLRenderer: RenderThread::setGrContext()
04-27 20:10:31.845  5878  5943 I ViewRootImpl@6bb77ca[test]: performTraversals params={(0,0)(fillxfill) sim={adjust=pan} ty=APPLICATION_STARTING fmt=TRANSLUCENT wanim=0x1030001
04-27 20:10:31.845  5878  5943 I ViewRootImpl@6bb77ca[test]:   fl=81030118
04-27 20:10:31.845  5878  5943 I ViewRootImpl@6bb77ca[test]:   pfl=16000010
04-27 20:10:31.845  5878  5943 I ViewRootImpl@6bb77ca[test]:   apr=LIGHT_STATUS_BARS LIGHT_NAVIGATION_BARS
04-27 20:10:31.845  5878  5943 I ViewRootImpl@6bb77ca[test]:   bhv=DEFAULT
04-27 20:10:31.845  5878  5943 I ViewRootImpl@6bb77ca[test]:   fitSides= naviIconColor=0}
04-27 20:10:31.846  5878  5943 I ViewRootImpl@6bb77ca[test]: performTraversals mFirst=true windowShouldResize=true viewVisibilityChanged=false mForceNextWindowRelayout=false params={(0,0)(fillxfill) sim={adjust=pan} ty=APPLICATION_STARTING fmt=TRANSLUCENT wanim=0x1030001
04-27 20:10:31.846  5878  5943 I ViewRootImpl@6bb77ca[test]:   fl=81030118
04-27 20:10:31.846  5878  5943 I ViewRootImpl@6bb77ca[test]:   pfl=16000010
04-27 20:10:31.846  5878  5943 I ViewRootImpl@6bb77ca[test]:   apr=LIGHT_STATUS_BARS LIGHT_NAVIGATION_BARS
04-27 20:10:31.846  5878  5943 I ViewRootImpl@6bb77ca[test]:   bhv=DEFAULT
04-27 20:10:31.846  5878  5943 I ViewRootImpl@6bb77ca[test]:   fitSides= naviIconColor=0}
04-27 20:10:31.847  5429  6683 V WindowManager: Relayout Window{1750fae u0 Splash Screen org.jetbrains.android_benchmark.test}: viewVisibility=0 req=1080x2400 d0
04-27 20:10:31.847  5095  5272 I SurfaceFlinger: id=3822 createSurf flag=40004, Splash Screen org.jetbrains.android_benchmark.test$_5878#3822
04-27 20:10:31.855  5429  6683 V WindowManager: Relayout hash=1750fae, pid=5878, syncId=-1: mAttrs={(0,0)(fillxfill) sim={adjust=pan} ty=APPLICATION_STARTING fmt=TRANSLUCENT wanim=0x1030001
04-27 20:10:31.855  5429  6683 V WindowManager:   fl=81030118
04-27 20:10:31.855  5429  6683 V WindowManager:   pfl=16000010
04-27 20:10:31.855  5429  6683 V WindowManager:   apr=LIGHT_STATUS_BARS LIGHT_NAVIGATION_BARS
04-27 20:10:31.855  5429  6683 V WindowManager:   bhv=DEFAULT
04-27 20:10:31.855  5429  6683 V WindowManager:   fitSides= naviIconColor=0}
04-27 20:10:31.857  5878  5943 I ViewRootImpl@6bb77ca[test]: updateBlastSurfaceIfNeeded mBlastBufferQueue=null isSameSurfaceControl=false
04-27 20:10:31.858 26164 26164 D LifecycleMonitor: Lifecycle status change: androidx.benchmark.IsolationActivity@60bdc39 in: PRE_ON_CREATE
04-27 20:10:31.860  6323  6323 I RecentsView: onTaskRemoved() taskId : 5629
04-27 20:10:31.860  6323  6323 I TopTaskTracker: onTaskRemoved : taskId = 5629
04-27 20:10:31.860  6323  6323 I RecentsView: onTaskRemoved() taskId : 5629
04-27 20:10:31.860  6323  6323 I TopTaskTracker: onTaskRemoved : taskId = 5629
04-27 20:10:31.864  5878  5943 I BLASTBufferQueue: new BLASTBufferQueue, mName= ViewRootImpl@6bb77ca[test] mNativeObject= 0x77ad1acd00 sc.mNativeObject= 0x7785d9f120 caller= android.view.ViewRootImpl.updateBlastSurfaceIfNeeded:2909 android.view.ViewRootImpl.relayoutWindow:9847 android.view.ViewRootImpl.performTraversals:3884 android.view.ViewRootImpl.doTraversal:3116 android.view.ViewRootImpl$TraversalRunnable.run:10885 android.view.Choreographer$CallbackRecord.run:1301 android.view.Choreographer$CallbackRecord.run:1309 android.view.Choreographer.doCallbacks:923 android.view.Choreographer.doFrame:852 android.view.Choreographer$FrameDisplayEventReceiver.run:1283
04-27 20:10:31.864  5878  5943 I BLASTBufferQueue: update, w= 1080 h= 2400 mName = ViewRootImpl@6bb77ca[test] mNativeObject= 0x77ad1acd00 sc.mNativeObject= 0x7785d9f120 format= -3 caller= android.graphics.BLASTBufferQueue.<init>:84 android.view.ViewRootImpl.updateBlastSurfaceIfNeeded:2909 android.view.ViewRootImpl.relayoutWindow:9847 android.view.ViewRootImpl.performTraversals:3884 android.view.ViewRootImpl.doTraversal:3116 android.view.ViewRootImpl$TraversalRunnable.run:10885
04-27 20:10:31.864  5878  5943 I ViewRootImpl@6bb77ca[test]: Relayout returned: old=(0,0,1080,2400) new=(0,0,1080,2400) req=(1080,2400)0 dur=11 res=0x3 s={true 0x775cf3e000} ch=true seqId=0
04-27 20:10:31.865  5878  5943 I ViewRootImpl@6bb77ca[test]: mThreadedRenderer.initialize() mSurface={isValid=true 0x775cf3e000} hwInitialized=true
04-27 20:10:31.866  5429  5488 W libprocessgroup: Failed to open /dev/blkio//cgroup.procs: No such file or directory
04-27 20:10:31.867  5878  5954 D OpenGLRenderer: eglCreateWindowSurface
04-27 20:10:31.868  5429  5488 W libprocessgroup: Failed to open /dev/blkio//cgroup.procs: No such file or directory
04-27 20:10:31.871  5878  5943 I ViewRootImpl@6bb77ca[test]: reportNextDraw android.view.ViewRootImpl.performTraversals:4438 android.view.ViewRootImpl.doTraversal:3116 android.view.ViewRootImpl$TraversalRunnable.run:10885 android.view.Choreographer$CallbackRecord.run:1301 android.view.Choreographer$CallbackRecord.run:1309
04-27 20:10:31.871  5878  5943 I ViewRootImpl@6bb77ca[test]: Setup new sync id=0
04-27 20:10:31.871  5878  5943 I ViewRootImpl@6bb77ca[test]: Setting syncFrameCallback
04-27 20:10:31.871  5878  5943 I ViewRootImpl@6bb77ca[test]: registerCallbacksForSync syncBuffer=false
04-27 20:10:31.876  5878  6079 I ViewRootImpl@6bb77ca[test]: Received frameDrawingCallback syncResult=0 frameNum=1.
04-27 20:10:31.876  5878  6079 I ViewRootImpl@6bb77ca[test]: Setting up sync and frameCommitCallback
04-27 20:10:31.880  6323 10279 I AppIconSolution: getThemeIconWithBG called with public API, pkg = com.google.android.apps.docs.editors.docs, mode = 48
04-27 20:10:31.881  6323 10279 I AppIconSolution: return adaptive icon for com.google.android.apps.docs.editors.docs, isNight = true
04-27 20:10:31.881  6323 10279 I LauncherActivityInfo: packageName: com.google.android.apps.docs.editors.docs, useThemeIcon: false, height: 189, width: 189, density: 420
04-27 20:10:31.881  6323 10279 I GetBitmapInfoOperationImpl: getBitmapInfo: userId = [0], primaryColor = [0 -> #000000], isInstantApp = [false], isSecureFolderApp = [false]
04-27 20:10:31.883  5878  5954 I BLASTBufferQueue: [ViewRootImpl@6bb77ca[test]#133](f:0,a:0) onFrameAvailable the first frame is available
04-27 20:10:31.884  5878  5954 I ViewRootImpl@6bb77ca[test]: Received frameCommittedCallback lastAttemptedDrawFrameNum=1 didProduceBuffer=true
04-27 20:10:31.888  5878  5954 D OpenGLRenderer: CFMS:: SetUp Pid : 5878    Tid : 5954
04-27 20:10:31.899  5878  5943 I ViewRootImpl@6bb77ca[test]: onSyncComplete
04-27 20:10:31.900  5878  5943 I ViewRootImpl@6bb77ca[test]: setupSync seqId=0 mSyncId=0 fn=1 caller=android.view.ViewRootImpl$$ExternalSyntheticLambda11.accept:6 android.window.SurfaceSyncer.lambda$setupSync$1$android-window-SurfaceSyncer:128 android.window.SurfaceSyncer$$ExternalSyntheticLambda1.accept:8 android.window.SurfaceSyncer$SyncSet.checkIfSyncIsComplete:382 android.window.SurfaceSyncer$SyncSet.markSyncReady:359 android.window.SurfaceSyncer.markSyncReady:151 android.view.ViewRootImpl.performTraversals:4503
04-27 20:10:31.900  5878  5943 I ViewRootImpl@6bb77ca[test]: reportDrawFinished seqId=0 mSyncId=-1 fn=1 mSurfaceChangedTransaction=0x78028d6b00
04-27 20:10:31.906  5095  5116 I SurfaceFlinger: id=3823 createSurf flag=24000, Surface(name=Task=1)/@0x770593d - animation-leash of app_transition#3823
04-27 20:10:31.908 26164 26164 I DecorView: [INFO] isPopOver=false config=true
04-27 20:10:31.908 26164 26164 I DecorView: updateCaptionType: isFloating=false isApplication=true hasWindowDecorCaption=false this=DecorView@6c502f5[]
04-27 20:10:31.908 26164 26164 D DecorView: setCaptionType = 0, this = DecorView@6c502f5[]
04-27 20:10:31.909 26084 26142 I SCS@AiSearch user 0: (IndexSearcherManager) Searcher created successfully for com.google.android.providers.media
04-27 20:10:31.910 26084 26142 I SCS@AiSearch user 0: (IndexSearcherManager) [AOSP_MP-0] leaving from refreshSearcherManager():
04-27 20:10:31.910  5095  5116 I SurfaceFlinger: id=3824 createSurf flag=24004, Surface(name=Task=5646)/@0x316570d - animation-leash of app_transition#3824
04-27 20:10:31.910 26084 26142 I SCS@AiSearch user 0: (IndexManager) [AOSP_MP-0] entering in waitUntilCommitTaskFinished (idx=com.google.android.providers.media)():
04-27 20:10:31.913 26164 26164 I DecorView: getCurrentDensityDpi: from real metrics. densityDpi=420 msg=resources_loaded
04-27 20:10:31.913 26164 26164 I DecorView: setWindowBackground: isPopOver=false color=fff6f6f6 d=android.graphics.drawable.StateListDrawable@77baefb
04-27 20:10:31.913 26084 26225 I SCS@AiSearch user 0: (IndexManager) [pool-14-thread-1] entering in commitIndexWriter():
04-27 20:10:31.913  5095  5116 I SurfaceFlinger: id=3825 createSurf flag=80000, 63ea916 ActivityRecordInputSink org.jetbrains.android_benchmark.test/androidx.benchmark.IsolationActivity#3825
04-27 20:10:31.915  6323  4214 I RecentModel: onTaskStackChangedBackground
04-27 20:10:31.917  5429  5488 W libprocessgroup: Failed to open /dev/blkio//cgroup.procs: No such file or directory
04-27 20:10:31.918  5878  5905 D Bubbles : onLocusVisibilityChanged: LocusId[16_chars] visible=false
04-27 20:10:31.921  5095  5095 I Layer   : Layer [Splash Screen org.jetbrains.android_benchmark.test$_5878#3822] hidden!! flag(0)
04-27 20:10:31.925 26164 26164 D CompatibilityChangeReporter: Compat change id reported: 210923482; UID 10408; state: DISABLED
04-27 20:10:31.925 26164 26164 D CompatibilityChangeReporter: Compat change id reported: 37756858; UID 10408; state: ENABLED
04-27 20:10:31.944  5429  5615 D InputReader: Btn_touch(9): value=1 when=21341.137331
04-27 20:10:31.944  5429  5615 I InputReader: Touch event's action is 0x0 (id=3, t=0) [pCnt=1, s=0.2263 ] when=21341.137331
04-27 20:10:31.944  5429  5614 D InputDispatcher: No new touched window at (774, 1301) in display 0
04-27 20:10:31.944  5429  5614 I InputDispatcher: Delivering touch to (5878): action: 0x4, f=0x0, d=0, 'd4300ea', t=1
04-27 20:10:31.946  5429  5467 I GestureDetector: obtain mCurrentDownEvent. id: 846811203 caller: com.android.server.wm.SystemGesturesPointerEventListener.onPointerEvent:203 com.android.server.wm.PointerEventDispatcher.onInputEvent:53 android.view.InputEventReceiver.dispatchInputEvent:285
04-27 20:10:31.946  5429  5467 I GestureDetector: obtain mCurrentDownEvent. id: 846811203 caller: com.android.server.wm.SystemPerformancePointerEventListener.onPointerEvent:89 com.android.server.wm.PointerEventDispatcher.onInputEvent:53 android.view.InputEventReceiver.dispatchInputEvent:285
04-27 20:10:31.952  6323  6625 I RecentTasksList: loadTasksInBackground : groupTask = GroupTask{task1=[id=5632 windowingMode=1 user=0 lastActiveTime=12340274] null, task2=null, task3=null, mStagedSplitBounds=null}
04-27 20:10:31.952  6323  6625 I RecentTasksList: loadTasksInBackground : groupTask = GroupTask{task1=[id=5640 windowingMode=1 user=0 lastActiveTime=28509561] null, task2=null, task3=null, mStagedSplitBounds=null}
04-27 20:10:31.952  6323  6625 I RecentTasksList: loadTasksInBackground : groupTask = GroupTask{task1=[id=5646 windowingMode=1 user=0 lastActiveTime=28571890] null, task2=null, task3=null, mStagedSplitBounds=null}
04-27 20:10:31.955  6323  6323 I TaskThumbnailCache: handleResult: taskId = 5640, taskThumbnail = android.graphics.Bitmap@db7cb5b
04-27 20:10:31.969  5095  5095 D SurfaceFlinger: Display 0 HWC layers:
04-27 20:10:31.969  5095  5095 D SurfaceFlinger:      CLIENT | 0x775358ad00 | 0100 | RGBx_8888    |   93.0    0.0 1173.0 2400.0 |    0    0 1080 2400 | Wallpaper BBQ wrapper#84
04-27 20:10:31.969  5095  5095 D SurfaceFlinger:      CLIENT | 0x77734caac0 | 0100 | RGBA_8888    |    0.0    0.0 1080.0 2400.0 |    0    0 1080 2400 | com.sec.android.app.launcher/com.sec[...]tivities.LauncherActivity$_6323#3790
04-27 20:10:31.969  5095  5095 D SurfaceFlinger:      CLIENT | 0x77719ef680 | 0100 | RGBA_8888    |    0.0    0.0 1080.0 2400.0 |   76  168 1004 2232 | Splash Screen org.jetbrains.android_benchmark.test$_5878#3822
04-27 20:10:31.969  5095  5095 D SurfaceFlinger:      CLIENT | 0x775358abc0 | 0100 | RGBA_8888    |    0.0    0.0 1080.0   88.0 |    0    0 1080   88 | StatusBar$_5878#90
04-27 20:10:31.969  5095  5095 D SurfaceFlinger:      DEVICE | 0x775358a1c0 | 0100 | RGBA_8888    |    0.0    0.0 1080.0  126.0 |    0 2274 1080 2400 | NavigationBar0$_5878#85
04-27 20:10:31.969  5095  5095 D SurfaceFlinger:      DEVICE | 0x77438ac7c0 | 0140 | RGBA_8888    |    0.0    0.0 1080.0  100.0 |    0    0 1080  100 | ScreenDecorOverlay$_5878#95
04-27 20:10:31.969  5095  5095 D SurfaceFlinger:      DEVICE | 0x7751542d80 | 0140 | RGBA_8888    |    0.0    0.0 1080.0  100.0 |    0 2300 1080 2400 | ScreenDecorOverlayBottom$_5878#96
04-27 20:10:31.969  5095  5095 D SurfaceFlinger:
04-27 20:10:31.970  5429  5467 I GestureDetector: obtain mCurrentMotionEventRaw. action: 2 id: 73460019
04-27 20:10:31.970  5429  5467 I GestureDetector: obtain mCurrentMotionEventRaw. action: 2 id: 73460019
04-27 20:10:31.970  5429  5749 D BrightnessHandler: inject brightness = 185.0, Brightness: 0.7236729
04-27 20:10:31.972  4899  4899 E audit   : type=1400 audit(1682619031.967:17571): avc:  denied  { read } for  pid=26090 comm="binder:26090_1" name="u:object_r:perf_prop:s0" dev="tmpfs" ino=21617 scontext=u:r:shell:s0 tcontext=u:object_r:perf_prop:s0 tclass=file permissive=0 SEPF_SM-A515F_13_0001 audit_filtered
04-27 20:10:31.972 26090 26162 W libc    : Access denied finding property "sys.perf.boostopt"
04-27 20:10:31.972  4899  4899 E audit   : type=1300 audit(1682619031.967:17571): arch=c00000b7 syscall=56 success=no exit=-13 a0=ffffff9c a1=753051e2f8 a2=88000 a3=0 items=0 ppid=26088 pid=26090 auid=4294967295 uid=2000 gid=2000 euid=2000 suid=2000 fsuid=2000 egid=2000 sgid=2000 fsgid=2000 tty=pts1 ses=4294967295 comm="binder:26090_1" exe="/system/bin/app_process64" subj=u:r:shell:s0 key=(null)
04-27 20:10:31.972  4899  4899 E audit   : type=1327 audit(1682619031.967:17571): proctitle=6170705F70726F63657373002F73797374656D2F62696E00636F6D2E616E64726F69642E636F6D6D616E64732E616D2E416D00696E737472756D656E74002D77002D72002D65006E6F2D69736F6C617465642D73746F726167650031002D6500616E64726F6964782E62656E63686D61726B2E6F75747075742E656E61626C65
04-27 20:10:31.973  4993  4993 I SensorsHub: LightSensor::injectSensorData: brightness 185
04-27 20:10:31.975  5429  5749 D BrightnessHandler: inject brightness = 185.0, Brightness: 0.7236729
04-27 20:10:31.976  4993  4993 I SensorsHub: LightSensor::injectSensorData: brightness 185
04-27 20:10:31.978  5047  5047 I SehLight: lcd : 185+
04-27 20:10:31.979  5047  5047 I SehLight: lcd : 185-
04-27 20:10:31.989  5429  5749 D BrightnessHandler: inject brightness = 186.0, Brightness: 0.7294117
04-27 20:10:31.990  4993  4993 I SensorsHub: LightSensor::injectSensorData: brightness 186
04-27 20:10:31.992  5429  5749 D BrightnessHandler: inject brightness = 186.0, Brightness: 0.7294117
04-27 20:10:31.995  4993  4993 I SensorsHub: LightSensor::injectSensorData: brightness 186
04-27 20:10:31.996  5047  5047 I SehLight: lcd : 186+
04-27 20:10:31.999  5047  5047 I SehLight: lcd : 186-
04-27 20:10:32.029 26084 26225 I SCS@AiSearch user 0: (IndexManager) [pool-14-thread-1] leaving from commitIndexWriter():
04-27 20:10:32.029 26084 26142 I SCS@AiSearch user 0: (IndexManager) [AOSP_MP-0] leaving from waitUntilCommitTaskFinished (idx=com.google.android.providers.media)():
04-27 20:10:32.030 26084 26142 I SCS@AiSearch user 0: (BaseCollector::AOSP_MP) syncDeletedItems: deleted items = 49
04-27 20:10:32.030 26084 26142 I SCS@AiSearch user 0: (SyncCursor) [AOSP_MP-0] entering in close():
04-27 20:10:32.052 26084 26142 I SCS@AiSearch user 0: (SyncCursor) [AOSP_MP-0] leaving from close():
04-27 20:10:32.061 26084 26142 I SCS@AiSearch user 0: (BaseCollector::AOSP_MP) fetch: fetching took  1927 ms
04-27 20:10:32.061 26084 26142 I SCS@AiSearch user 0: (BaseCollector::AOSP_MP) fetchChanges: applied 49 items
04-27 20:10:32.092  5429  5731 W SemWifiTransportLayerUtils: getApplicationCategory - IOException org.jetbrains.android_benchmark.test
04-27 20:10:32.092  5429  5731 W System.err: java.io.FileNotFoundException: https://play.google.com/store/apps/details?id=org.jetbrains.android_benchmark.test&hl=en
04-27 20:10:32.093  5429  5731 W System.err: 	at com.android.okhttp.internal.huc.HttpURLConnectionImpl.getInputStream(HttpURLConnectionImpl.java:255)
04-27 20:10:32.093  5429  5731 W System.err: 	at com.android.okhttp.internal.huc.DelegatingHttpsURLConnection.getInputStream(DelegatingHttpsURLConnection.java:211)
04-27 20:10:32.093  5429  5731 W System.err: 	at com.android.okhttp.internal.huc.HttpsURLConnectionImpl.getInputStream(HttpsURLConnectionImpl.java:30)
04-27 20:10:32.093  5429  5731 W System.err: 	at com.samsung.android.server.wifi.tcp.SemWifiTransportLayerUtils.getApplicationCategory(SemWifiTransportLayerUtils.java:104)
04-27 20:10:32.093  5429  5731 W System.err: 	at com.samsung.android.server.wifi.tcp.SemWifiTransportLayerMonitor$TcpMonitorHandler.handleMessage(SemWifiTransportLayerMonitor.java:244)
04-27 20:10:32.093  5429  5731 W System.err: 	at android.os.Handler.dispatchMessage(Handler.java:106)
04-27 20:10:32.093  5429  5731 W System.err: 	at android.os.Looper.loopOnce(Looper.java:226)
04-27 20:10:32.093  5429  5731 W System.err: 	at android.os.Looper.loop(Looper.java:313)
04-27 20:10:32.093  5429  5731 W System.err: 	at android.os.HandlerThread.run(HandlerThread.java:67)
04-27 20:10:32.094  5429  5731 D SemWifiTransportLayerMonitor.TcpMonitorHandler: MSG_SAVE_PACKAGE_INFO
04-27 20:10:32.094  5429  5731 D SemWifiTransportLayerFileManager: saveWifiPackageInfoToFile
04-27 20:10:32.094  5429  5731 D SemWifiTransportLayerFileManager: writeWifiPackageInfoList
04-27 20:10:32.144  5429  5677 I SearchManagerService: _updateSearchables
04-27 20:10:32.206  5429  5438 I system_server: NativeAlloc concurrent copying GC freed 456918(24MB) AllocSpace objects, 65(1344KB) LOS objects, 19% free, 98MB/122MB, paused 248us,367us total 412.301ms
04-27 20:10:32.209  4899  4899 E audit   : type=1400 audit(1682619032.203:17572): avc:  denied  { read } for  pid=26060 comm="binder:26060_2" name="u:object_r:perf_prop:s0" dev="tmpfs" ino=21617 scontext=u:r:system_app:s0 tcontext=u:object_r:perf_prop:s0 tclass=file permissive=0 SEPF_SM-A515F_13_0001 audit_filtered
04-27 20:10:32.210 26060 26078 W libc    : Access denied finding property "sys.perf.boostopt"
04-27 20:10:32.215  5429  5440 W System  : A resource failed to call release.
04-27 20:10:32.216  5429  5440 W System  : A resource failed to call HardwareBuffer.close.
04-27 20:10:32.219  5429  5440 W System  : A resource failed to call HardwareBuffer.close.
04-27 20:10:32.220  5429  5440 W System  : A resource failed to call HardwareBuffer.close.
04-27 20:10:32.224  5429  5440 W System  : A resource failed to call HardwareBuffer.close.
04-27 20:10:32.240  5429  5440 W System  : A resource failed to call HardwareBuffer.close.
04-27 20:10:32.278  6323  6323 I ViewRootImpl@b3ca077[LauncherActivity]: handleAppVisibility mAppVisible = true visible = false
04-27 20:10:32.284  5878  5894 D WallpaperService: dispatchAppVisibility onVisibilityChanged(): false
04-27 20:10:32.285  5878  5878 D WallpaperService: reportVisibility onVisibilityChanged visible: false
04-27 20:10:32.286  5878  6143 I ImageWallpaper[GLEngine]:  onVisibilityChanged false , 0
04-27 20:10:32.286  5095  5095 I Layer   : id=3823 removeFromCurrentState Surface(name=Task=1)/@0x770593d - animation-leash of app_transition#3823 (131)
04-27 20:10:32.286  5095  5095 I Layer   : id=3824 removeFromCurrentState Surface(name=Task=5646)/@0x316570d - animation-leash of app_transition#3824 (131)
04-27 20:10:32.286  5095  5095 I Layer   : Layer [com.sec.android.app.launcher/com.sec.android.app.launcher.activities.LauncherActivity$_6323#3790] hidden!! flag(1)
04-27 20:10:32.287  5878  5878 V Navbar.Store: --NavBarStates canUseNavBarBackgroundFrame: false
04-27 20:10:32.288  5095  7608 I SurfaceFlinger: id=3823 Removed Surface(name=Task=1)/@0x770593d - animation-leash of app_transition#3823 (131)
04-27 20:10:32.288  5095  7608 I SurfaceFlinger: id=3824 Removed Surface(name=Task=5646)/@0x316570d - animation-leash of app_transition#3824 (131)
04-27 20:10:32.293  5095  5095 D SurfaceFlinger: Display 0 HWC layers:
04-27 20:10:32.293  5095  5095 D SurfaceFlinger:      DEVICE | 0x77719ef680 | 0100 | RGBA_8888    |    0.0    0.0 1080.0 2400.0 |    0    0 1080 2400 | Splash Screen org.jetbrains.android_benchmark.test$_5878#3822
04-27 20:10:32.293  5095  5095 D SurfaceFlinger:      DEVICE | 0x775358abc0 | 0100 | RGBA_8888    |    0.0    0.0 1080.0   88.0 |    0    0 1080   88 | StatusBar$_5878#90
04-27 20:10:32.293  5095  5095 D SurfaceFlinger:      DEVICE | 0x775358a1c0 | 0100 | RGBA_8888    |    0.0    0.0 1080.0  126.0 |    0 2274 1080 2400 | NavigationBar0$_5878#85
04-27 20:10:32.293  5095  5095 D SurfaceFlinger:      DEVICE | 0x77438ac7c0 | 0140 | RGBA_8888    |    0.0    0.0 1080.0  100.0 |    0    0 1080  100 | ScreenDecorOverlay$_5878#95
04-27 20:10:32.293  5095  5095 D SurfaceFlinger:      DEVICE | 0x7751542d80 | 0140 | RGBA_8888    |    0.0    0.0 1080.0  100.0 |    0 2300 1080 2400 | ScreenDecorOverlayBottom$_5878#96
04-27 20:10:32.293  5095  5095 D SurfaceFlinger:
04-27 20:10:32.296  6323  6323 I ViewRootImpl@b3ca077[LauncherActivity]: performTraversals mFirst=false windowShouldResize=false viewVisibilityChanged=true mForceNextWindowRelayout=false params=null
04-27 20:10:32.297  5429  8530 V WindowManager: Relayout Window{afc30d8 u0 com.sec.android.app.launcher/com.sec.android.app.launcher.activities.LauncherActivity}: viewVisibility=8 req=1080x2400 d0
04-27 20:10:32.299  5429  8530 V WindowManager: Relayout hash=afc30d8, pid=6323, syncId=-1: mAttrs={(0,0)(fillxfill) sim={adjust=nothing forwardNavigation} layoutInDisplayCutoutMode=shortEdges ty=BASE_APPLICATION fmt=TRANSPARENT wanim=0x10302f4
04-27 20:10:32.299  5429  8530 V WindowManager:   fl=81910100
04-27 20:10:32.299  5429  8530 V WindowManager:   pfl=1e020040
04-27 20:10:32.299  5429  8530 V WindowManager:   vsysui=1700
04-27 20:10:32.299  5429  8530 V WindowManager:   bhv=SHOW_TRANSIENT_BARS_BY_SWIPE
04-27 20:10:32.299  5429  8530 V WindowManager:   fitSides= naviIconColor=0}
04-27 20:10:32.301  6323  6323 I ViewRootImpl@b3ca077[LauncherActivity]: Relayout returned: old=(0,0,1080,2400) new=(0,0,1080,2400) req=(1080,2400)8 dur=4 res=0x2 s={false 0x0} ch=true seqId=0
04-27 20:10:32.304 26164 26164 D Benchmark: Clocks not locked: online cores with min freq == min avail freq
04-27 20:10:32.305 26164 26164 D Benchmark: cpu0 CoreDir(path=/sys/devices/system/cpu/cpu7, online=true, availableFreqs=[936000, 1040000, 1144000, 1248000, 1352000, 1456000, 1508000, 1664000, 1768000, 1898000, 1976000, 2080000, 2184000, 2210000, 2314000], setSpeedKhz=936000, maxFreqKhz=2314000)
04-27 20:10:32.305 26164 26164 D Benchmark: cpu1 CoreDir(path=/sys/devices/system/cpu/cpu5, online=true, availableFreqs=[936000, 1040000, 1144000, 1248000, 1352000, 1456000, 1508000, 1664000, 1768000, 1898000, 1976000, 2080000, 2184000, 2210000, 2314000], setSpeedKhz=936000, maxFreqKhz=2314000)
04-27 20:10:32.305 26164 26164 D Benchmark: cpu2 CoreDir(path=/sys/devices/system/cpu/cpu3, online=true, availableFreqs=[403000, 598000, 702000, 806000, 910000, 1053000, 1118000, 1222000, 1326000, 1456000, 1534000, 1638000, 1742000], setSpeedKhz=403000, maxFreqKhz=1742000)
04-27 20:10:32.305 26164 26164 D Benchmark: cpu3 CoreDir(path=/sys/devices/system/cpu/cpu1, online=true, availableFreqs=[403000, 598000, 702000, 806000, 910000, 1053000, 1118000, 1222000, 1326000, 1456000, 1534000, 1638000, 1742000], setSpeedKhz=403000, maxFreqKhz=1742000)
04-27 20:10:32.305 26164 26164 D Benchmark: cpu4 CoreDir(path=/sys/devices/system/cpu/cpu6, online=true, availableFreqs=[936000, 1040000, 1144000, 1248000, 1352000, 1456000, 1508000, 1664000, 1768000, 1898000, 1976000, 2080000, 2184000, 2210000, 2314000], setSpeedKhz=936000, maxFreqKhz=2314000)
04-27 20:10:32.305 26164 26164 D Benchmark: cpu5 CoreDir(path=/sys/devices/system/cpu/cpu4, online=true, availableFreqs=[936000, 1040000, 1144000, 1248000, 1352000, 1456000, 1508000, 1664000, 1768000, 1898000, 1976000, 2080000, 2184000, 2210000, 2314000], setSpeedKhz=936000, maxFreqKhz=2314000)
04-27 20:10:32.305 26164 26164 D Benchmark: cpu6 CoreDir(path=/sys/devices/system/cpu/cpu2, online=true, availableFreqs=[403000, 598000, 702000, 806000, 910000, 1053000, 1118000, 1222000, 1326000, 1456000, 1534000, 1638000, 1742000], setSpeedKhz=403000, maxFreqKhz=1742000)
04-27 20:10:32.305 26164 26164 D Benchmark: cpu7 CoreDir(path=/sys/devices/system/cpu/cpu0, online=true, availableFreqs=[403000, 598000, 702000, 806000, 910000, 1053000, 1118000, 1222000, 1326000, 1456000, 1534000, 1638000, 1742000], setSpeedKhz=403000, maxFreqKhz=1742000)
04-27 20:10:32.315 26164 26164 D LifecycleMonitor: Lifecycle status change: androidx.benchmark.IsolationActivity@60bdc39 in: CREATED
04-27 20:10:32.316 26164 26164 D LifecycleMonitor: Lifecycle status change: androidx.benchmark.IsolationActivity@60bdc39 in: STARTED
04-27 20:10:32.316  5429  8530 V KeyguardServiceDelegate: setOccluded(true) animate=false
04-27 20:10:32.317  5878  5894 D KeyguardService: setOccluded(true)
04-27 20:10:32.320  5878  5894 D KeyguardViewMediator: setOccluded occluded=true animate=false
04-27 20:10:32.320  5878  5894 D KeyguardViewMediator:  com.android.systemui.keyguard.KeyguardService$5.setOccluded:436
04-27 20:10:32.320  5095  5095 I Layer   : id=3823 Destroyed Surface(name=Task=1)/@0x770593d - animation-leash of app_transition#3823
04-27 20:10:32.320  5095  5095 I Layer   : id=3824 Destroyed Surface(name=Task=5646)/@0x316570d - animation-leash of app_transition#3824
04-27 20:10:32.321 26164 26164 D LifecycleMonitor: Lifecycle status change: androidx.benchmark.IsolationActivity@60bdc39 in: RESUMED
04-27 20:10:32.322  5878  5878 D KeyguardViewMediator: handleMessage 9
04-27 20:10:32.322  5878  5878 D KeyguardViewMediator: handleSetOccluded(true)
04-27 20:10:32.322  5878  5878 D KeyguardWallpaperEventHandler: onOccluded(), occluded: true
04-27 20:10:32.323  5878  5878 D KeyguardWallpaperEventHandler: sendMessage(), what = 725 , obj = true , arg1 = -1 , arg2 = -1
04-27 20:10:32.324 26164 26164 I MSHandlerLifeCycle: check: return. pkg=org.jetbrains.android_benchmark.test parent=null callers=com.android.internal.policy.DecorView.setVisibility:4408 android.app.ActivityThread.handleResumeActivity:5476 android.app.servertransaction.ResumeActivityItem.execute:54 android.app.servertransaction.ActivityTransactionItem.execute:45 android.app.servertransaction.TransactionExecutor.executeLifecycleState:176
04-27 20:10:32.324 26164 26164 I MSHandlerLifeCycle: removeMultiSplitHandler: no exist. decor=DecorView@6c502f5[]
04-27 20:10:32.329  5878  5878 D KeyguardUpdateMonitor: onKeyguardOccludedChanged(true)
04-27 20:10:32.333  5878  5878 D BubblesManager: onKeyguardShowingChanged: isUnlockedShade=true
04-27 20:10:32.334  5878  5905 D Bubbles : onStatusBarStateChanged:mIsStatusBarShade=true
04-27 20:10:32.341 26164 26207 D NativeCustomFrequencyManager: [NativeCFMS] BpCustomFrequencyManager::BpCustomFrequencyManager()
04-27 20:10:32.347 26164 26164 I DecorView: onImmersiveModeChanged: isStatusBarHidden=true
04-27 20:10:32.348 26164 26164 D InsetsSourceConsumer: setRequestedVisible: visible=false, type=20, host=org.jetbrains.android_benchmark.test/androidx.benchmark.IsolationActivity, from=android.view.InsetsSourceConsumer.hide:257 android.view.InsetsController.collectSourceControls:1310 android.view.InsetsController.controlAnimationUnchecked:1164 android.view.InsetsController.applyAnimation:1576 android.view.InsetsController.applyAnimation:1557 android.view.InsetsController.hide:1093 android.view.InsetsController.hide:1068 android.view.ViewRootImpl.controlInsetsForCompatibility:3339 android.view.ViewRootImpl.setView:1698 android.view.WindowManagerGlobal.addView:567
04-27 20:10:32.348 26164 26164 D InsetsSourceConsumer: setRequestedVisible: visible=false, type=0, host=org.jetbrains.android_benchmark.test/androidx.benchmark.IsolationActivity, from=android.view.InsetsSourceConsumer.hide:257 android.view.InsetsController.collectSourceControls:1310 android.view.InsetsController.controlAnimationUnchecked:1164 android.view.InsetsController.applyAnimation:1576 android.view.InsetsController.applyAnimation:1557 android.view.InsetsController.hide:1093 android.view.InsetsController.hide:1068 android.view.ViewRootImpl.controlInsetsForCompatibility:3339 android.view.ViewRootImpl.setView:1698 android.view.WindowManagerGlobal.addView:567
04-27 20:10:32.349  5429  8530 D InputTransport: Input channel constructed: '734acd5', fd=943
04-27 20:10:32.349  5429  8530 D InputTransport: Input channel constructed: '734acd5', fd=947
04-27 20:10:32.350  5429  8530 D InputTransport: Input channel constructed: '734acd5', fd=948
04-27 20:10:32.351  5095  5273 I SurfaceFlinger: id=3826 createSurf flag=80004, 734acd5 org.jetbrains.android_benchmark.test/androidx.benchmark.IsolationActivity#3826
04-27 20:10:32.352  5429  8530 D InputTransport: Input channel destroyed: '734acd5', fd=948
04-27 20:10:32.354 26164 26164 D InsetsController: onStateChanged: InsetsState: {mDisplayFrame=Rect(0, 0 - 1080, 2400), mDisplayCutout=DisplayCutout{insets=Rect(0, 88 - 0, 0) waterfall=Insets{left=0, top=0, right=0, bottom=0} boundingRect={Bounds=[Rect(0, 0 - 0, 0), Rect(512, 0 - 568, 88), Rect(0, 0 - 0, 0), Rect(0, 0 - 0, 0)]} cutoutPathParserInfo={CutoutPathParserInfo{displayWidth=1080 displayHeight=2400 physicalDisplayWidth=1080 physicalDisplayHeight=2400 density={2.625} cutoutSpec={M 0,0 M 0,12.25101276465640 a 10.60613009248640,10.60613009248640 0 1,0 0,21.21226018497290 a 10.60613009248640,10.60613009248640 0 1,0 0,-21.21226018497290 Z @dp} rotation={0} scale={1.0} physicalPixelDisplaySizeRatio={1.0}}}}, mRoundedCorners=RoundedCorners{[RoundedCorner{position=TopLeft, radius=84, center=Point(84, 84)}, RoundedCorner{position=TopRight, radius=84, center=Point(996, 84)}, RoundedCorner{position=BottomRight, radius=84, center=Point(996, 2316)}, RoundedCorner{position=BottomLeft, radius=84, center=Point(84, 2316)}]}  mRoundedCornerFrame=Rect(0, 0 - 1080, 2400), mPrivacyIndicatorBounds=PrivacyIndicatorBounds {static bounds=Rect(964, 0 - 1080, 88) rotation=0}, mSources= { InsetsSource: {mType=ITYPE_STATUS_BAR, mFrame=[0,0][1080,88], mVisible=true, mInsetsRoundedCornerFrame=false}, InsetsSource: {mType=ITYPE_NAVIGATION_BAR, mFrame=[0,2274][1080,2400], mVisible=true, mInsetsRoundedCornerFrame=false}, InsetsSource: {mType=ITYPE_LEFT_GESTURES, mFrame=[0,0][0,2400], mVisible=true, mInsetsRoundedCornerFrame=false}, InsetsSource: {mType=ITYPE_RIGHT_GESTURES, mFrame=[1080,0][1080,2400], mVisible=true, mInsetsRoundedCornerFrame=false}, InsetsSource: {mType=ITYPE_TOP_MANDATORY_GESTURES, mFrame=[0,0][1080,120], mVisible=true, mInsetsRoundedCornerFrame=false}, InsetsSource: {mType=ITYPE_BOTTOM_MANDATORY_GESTURES, mFrame=[0,2274][1080,2400], mVisible=true, mInsetsRoundedCornerFrame=false}, InsetsSource: {mType=ITYPE_LEFT_DISPLAY_CUTOUT, mFrame=[0,0][-100000,2400], mVisible=true, mInsetsRoundedCornerFrame=false}, InsetsSource: {mType=ITYPE_TOP_DISPLAY_CUTOUT, mFrame=[0,0][1080,88], mVisible=true, mInsetsRoundedCornerFrame=false}, InsetsSource: {mType=ITYPE_RIGHT_DISPLAY_CUTOUT, mFrame=[100000,0][1080,2400], mVisible=true, mInsetsRoundedCornerFrame=false}, InsetsSource: {mType=ITYPE_BOTTOM_DISPLAY_CUTOUT, mFrame=[0,100000][1080,2400], mVisible=true, mInsetsRoundedCornerFrame=false}, InsetsSource: {mType=ITYPE_TOP_TAPPABLE_ELEMENT, mFrame=[0,0][1080,88], mVisible=true, mInsetsRoundedCornerFrame=false}, InsetsSource: {mType=ITYPE_BOTTOM_TAPPABLE_ELEMENT, mFrame=[0,2274][1080,2400], mVisible=true, mInsetsRoundedCornerFrame=false} } host=org.jetbrains.android_benchmark.test/androidx.benchmark.IsolationActivity from=android.view.ViewRootImpl.setView:1732
04-27 20:10:32.356  5878  5878 D KeyguardUpdateMonitor: sendKeyguardStateUpdated(false, true, false, false)
04-27 20:10:32.356  5878  6043 D KeyguardUpdateMonitor: broadcast intent= Intent { act=com.samsung.keyguard.KEYGUARD_STATE_UPDATE (has extras) }
04-27 20:10:32.358  5429  5746 W AlarmManager: Unrecognized alarm listener com.samsung.android.server.battery.WatchBatteryManager$ScreenOffAlarmListener@83a2fd7
04-27 20:10:32.358 26164 26164 I ViewRootImpl@294e9f9[IsolationActivity]: setView = com.android.internal.policy.DecorView@6c502f5 TM=true
04-27 20:10:32.359  5878  5878 D KeyguardViewMediator: adjustStatusBarLocked: no need to update flags=0x0 / showHomeOverLock=true
04-27 20:10:32.361  5878  5878 D KeyguardViewMediator: handleMessage 9 / elapsed time: 39ms
04-27 20:10:32.361  5878  5878 D KeyguardWallpaperController: mIsKeyguardShowing=false, mOccluded=true
04-27 20:10:32.363 26164 26164 I MSHandlerLifeCycle: removeMultiSplitHandler: no exist. decor=DecorView@6c502f5[IsolationActivity]
04-27 20:10:32.367  5878  5878 I FaceWidgetPositionAlgorithm: getClockContainerHeight() supplier = 270, bottom margin = 0, real height = 333
04-27 20:10:32.367  5878  5878 I FaceWidgetPositionAlgorithm: getClockContainerHeight() supplier = 270, bottom margin = 63, real height = 333
04-27 20:10:32.367  5878  5878 I FaceWidgetPositionAlgorithm: getMediaContainerHeight() height = 0 container Visibility = 8, isValid = false, mIsDozing = false, fraction = 1.0, source = 0, target = 0
04-27 20:10:32.367  5878  5878 I FaceWidgetPositionAlgorithm: getMediaContainerHeight() supplier = 0
04-27 20:10:32.374  5878  5878 D QSMumButton: needToBeVisible() result:false [MumSetting?false = (TwoPhoneSetting:false || (somethingInDetail(1):true && Pref:false && Settings:false)), DEX-(DeviceState?false, DesktopManager?false, SemDesktopModeStateEnable?false) Panel-mExpanded?false, RepairModeUser?false]
04-27 20:10:32.374  5878  5878 D PluginAODManager: onNotificationInfoUpdated() 0
04-27 20:10:32.374  5878  5878 I AODNotificationManager: updateVisibleNotifications: 0
04-27 20:10:32.374  5878  5878 I a       : updateStatusBarNotifications: open
04-27 20:10:32.374  5878  5878 I a       : updateStatusBarNotifications: open
04-27 20:10:32.390 26164 26164 I ViewRootImpl@294e9f9[IsolationActivity]: performTraversals params={(0,0)(fillxfill) sim={adjust=pan forwardNavigation} ty=BASE_APPLICATION wanim=0x1030001
04-27 20:10:32.390 26164 26164 I ViewRootImpl@294e9f9[IsolationActivity]:   fl=1810580
04-27 20:10:32.390 26164 26164 I ViewRootImpl@294e9f9[IsolationActivity]:   pfl=12020040
04-27 20:10:32.390 26164 26164 I ViewRootImpl@294e9f9[IsolationActivity]:   bhv=SHOW_TRANSIENT_BARS_BY_SWIPE
04-27 20:10:32.390 26164 26164 I ViewRootImpl@294e9f9[IsolationActivity]:   fitSides= naviIconColor=0}
04-27 20:10:32.390 26164 26164 I ViewRootImpl@294e9f9[IsolationActivity]: performTraversals mFirst=true windowShouldResize=true viewVisibilityChanged=false mForceNextWindowRelayout=false params={(0,0)(fillxfill) sim={adjust=pan forwardNavigation} ty=BASE_APPLICATION wanim=0x1030001
04-27 20:10:32.390 26164 26164 I ViewRootImpl@294e9f9[IsolationActivity]:   fl=1810580
04-27 20:10:32.390 26164 26164 I ViewRootImpl@294e9f9[IsolationActivity]:   pfl=12020040
04-27 20:10:32.390 26164 26164 I ViewRootImpl@294e9f9[IsolationActivity]:   bhv=SHOW_TRANSIENT_BARS_BY_SWIPE
04-27 20:10:32.390 26164 26164 I ViewRootImpl@294e9f9[IsolationActivity]:   fitSides= naviIconColor=0}
04-27 20:10:32.391  5429  6109 V WindowManager: Relayout Window{734acd5 u0 org.jetbrains.android_benchmark.test/androidx.benchmark.IsolationActivity}: viewVisibility=0 req=1080x2312 d0
04-27 20:10:32.391  5095  7608 I SurfaceFlinger: id=3827 createSurf flag=40004, org.jetbrains.android_benchmark.test/androidx.benchmark.IsolationActivity$_26164#3827
04-27 20:10:32.395  5095  7608 I SurfaceFlinger: id=3828 createSurf flag=24000, Surface(name=8ea170f StatusBar)/@0x3fbc4cc - animation-leash of insets_animation#3828
