04-18 00:40:28.702  2747  2799 I TestRunner: started: mutableRefIntIn1Long(org.jetbrains.android_benchmark.FibonacciBenchmark)
04-18 00:40:28.703 18530  1777 I Finsky  : [367] tr.aT(3): Started writing experiment flags into file [16elAu2DbiJqKwzkRepxMrJv16V0rcdti0ySrmDh7Hs].
04-18 00:40:28.709 18530  1777 I Finsky  : [367] tr.aT(17): Finished writing experiment flags into file [16elAu2DbiJqKwzkRepxMrJv16V0rcdti0ySrmDh7Hs].
04-18 00:40:28.722 18530  1777 I Finsky  : [367] vpd.g(24): Successfully applied new configurations for package com.google.android.finsky.regular.
04-18 00:40:28.722 18530  2744 W android.vending: Long monitor contention with owner BlockingExecutor #18 (1777) at int vpd.h()(PG:9) waiters=0 in int vpd.h() for 658ms
04-18 00:40:28.723 18530  2744 I Finsky  : [395] vpd.h(1): Triggered update for experiment package com.google.android.finsky.regular.
04-18 00:40:28.730  5331  6013 I SurfaceFlinger: id=11136 createSurf flag=80004, WindowToken{be5b496 type=2032 android.os.Binder@f4397b1}#11136
04-18 00:40:28.747  9284  9353 I RequestManager_FLP: onOpChanged, op=0 / packageName=com.kms.free
04-18 00:40:28.762  5331  5331 I Layer   : id=10905 removeFromCurrentState WindowToken{1205df7 type=2032 android.os.Binder@c24da15}#10905 (148)
04-18 00:40:28.762  5331  5331 I SurfaceFlinger: id=10905 Removed WindowToken{1205df7 type=2032 android.os.Binder@c24da15}#10905 (148)
04-18 00:40:28.763  5331  5331 I Layer   : id=10905 Destroyed WindowToken{1205df7 type=2032 android.os.Binder@c24da15}#10905
04-18 00:40:28.787 18530  2744 I Finsky  : [395] vpd.h(7): Already at the latest configurations for experiment package com.google.android.finsky.regular.
04-18 00:40:28.787 18530  2144 W android.vending: Long monitor contention with owner BlockingExecutor #18 (1777) at int vpd.h()(PG:9) waiters=1 in int vpd.h() for 723ms
04-18 00:40:28.788 18530  2144 I Finsky  : [379] vpd.h(1): Triggered update for experiment package com.google.android.finsky.regular.
04-18 00:40:28.815  1985  1985 V SafetyCenterAccessibilityListener: accessibility event occurred, safety center feature not enabled.
04-18 00:40:28.820  2747  2799 D Benchmark: launching Benchmark IsolationActivity
04-18 00:40:28.830  5628  5628 I AccessibilityManagerService: semIsAccessibilityServiceEnabled()
04-18 00:40:28.831  5628  5628 I AccessibilityManagerService: semIsAccessibilityServiceEnabled()
04-18 00:40:28.832  5628  5628 D AS.AudioService: Accessibility volume enabled = false
04-18 00:40:28.843  5628  5695 I ChimeraSystemEventListener: appLaunchIntent package name is: org.jetbrains.android_benchmark.test
04-18 00:40:28.847 18530  2144 I Finsky  : [379] vpd.h(7): Already at the latest configurations for experiment package com.google.android.finsky.regular.
04-18 00:40:28.847 18530  1671 W android.vending: Long monitor contention with owner BlockingExecutor #18 (1777) at int vpd.h()(PG:9) waiters=2 in int vpd.h() for 783ms
04-18 00:40:28.848 18530  1671 I Finsky  : [363] vpd.h(1): Triggered update for experiment package com.google.android.finsky.stable.
04-18 00:40:28.853  5628  9278 I SemDvfsHyPerManager: acquire hyper - AMS_APP_SWITCH/5628@23, type = -999
04-18 00:40:28.854  5331  8956 I SurfaceFlinger: id=11137 createSurf flag=24004, Task=5345#11137
04-18 00:40:28.855  5276  5311 I HYPER-HAL: [RequestManager.cpp]acquire(): Acquired ID : 15969749  [5628 / 23]    HINT : AMS_APP_SWITCH    list :
04-18 00:40:28.859  5331  8956 I SurfaceFlinger: id=11138 createSurf flag=80004, ActivityRecord{4c08422 u0 org.jetbrains.android_benchmark.test/androidx.benchmark.IsolationActivity} t5345}#11138
04-18 00:40:28.859 11012 11012 I SemDvfsHyPerManager: acquire hyper - APP_START_SHORT/11012@12, type = -999
04-18 00:40:28.861  4066   617 I TouchInteractionService: onActiveNavBarRegionChanges, region : SkRegion((0,2274,388,2400)(389,2274,690,2400)(691,2274,961,2400))
04-18 00:40:28.862  5276  5311 I HYPER-HAL: [RequestManager.cpp]acquire(): Acquired ID : 60769812  [11012 / 12]    HINT : APP_START    list : [TIMEOUT / 1500]
04-18 00:40:28.881  8513  8513 V Navbar.Store: ----handleEvent(0) OnUpdateRemoteViewContainer(leftContainer=android.widget.LinearLayout{bf353b1 I.E...... ......I. 0,0-118,126 #7f0b04f6 app:id/left_remoteview}, rightContainer=android.widget.LinearLayout{600c096 I.E...... ......I. 962,0-1080,126 #7f0b07aa app:id/right_remoteview}, contextualButtonVisible=false, darkIntensity=0.0) [Module] SamsungNavigationBarView
04-18 00:40:28.881  8513  8513 V Navbar.Store: ------[Band]REMOTE_VIEW_PACK_SET_REMOTEVIEW_CONTAINER
04-18 00:40:28.887  8513  8513 V Navbar.Store: --------apply(0) UpdateRemoteViewContainer
04-18 00:40:28.894  8513  8513 V Navbar.Store: --------apply(0) UpdateRemoteViewDarkIntensity
04-18 00:40:28.896  8513  8513 V Navbar.Store: handleEvent(0) OnNavBarUpdateA11YService(clickable=false, longClickable=false) [Module] NavigationBar
04-18 00:40:28.897  8513  8513 V Navbar.Store: --[Band]SETUPWIZARD_PACK_UPDATE_A11Y_SERVICE
04-18 00:40:28.908  5628  5652 I SemDvfsHyPerManager: acquire hyper - AMS_APP_LAUNCH/5628@20, type = -999
04-18 00:40:28.909  5276  5311 I HYPER-HAL: [RequestManager.cpp]acquire(): Acquired ID : 15952796  [5628 / 20]    HINT : AMS_APP_LAUNCH    list :
04-18 00:40:28.910 11012 11012 I SemDvfsHyPerManager: acquire hyper - APP_START/11012@14, type = -999
04-18 00:40:28.917  5276  5311 I HYPER-HAL: [RequestManager.cpp]acquire(): Acquired ID : 60791865  [11012 / 14]    HINT : APP_START    list :
04-18 00:40:28.919  4066  4066 I TopTaskTracker: onTaskMovedToFront : taskId = 5345
04-18 00:40:28.927  4066   617 I TouchInteractionService: onActiveNavBarRegionChanges, region : SkRegion((0,2274,388,2400)(389,2274,690,2400)(691,2274,961,2400))
04-18 00:40:28.931 18530  1671 I Finsky  : [363] vpd.h(7): Already at the latest configurations for experiment package com.google.android.finsky.stable.
04-18 00:40:28.974  5628  5714 W libprocessgroup: Failed to open /dev/blkio//cgroup.procs: No such file or directory
04-18 00:40:28.982  8513  8575 D NativeCustomFrequencyManager: [NativeCFMS] BpCustomFrequencyManager::BpCustomFrequencyManager()
04-18 00:40:28.987  4066  4115 E SmartSuggestionsHelper: isSmartSuggestionsEnabled: Attempt to invoke virtual method 'android.os.Bundle android.content.ContentProviderClient.call(java.lang.String, java.lang.String, android.os.Bundle)' on a null object reference
04-18 00:40:29.000  5628  5714 W libprocessgroup: Failed to open /dev/blkio//cgroup.procs: No such file or directory
04-18 00:40:29.001  5445 10101 I CameraService: onUidStateChanged: uid=10054, procState is changed. (0 -> 1)
04-18 00:40:29.017  2747  2859 D OpenGLRenderer: RenderThread::requireGlContext()
04-18 00:40:29.022  5628  5652 D InputDispatcher: Focused application(0): ActivityRecord{4c08422 u0 org.jetbrains.android_benchmark.test/androidx.benchmark.IsolationActivity} t5345}
04-18 00:40:29.029  2817  2817 I WindowsLink: (AppUpdateManagerImpl) loadPreferenceInfo() in
04-18 00:40:29.029  2817  2817 I WindowsLink: (AppUpdateManagerImpl) loadPolicyPreferenceInfo() in
04-18 00:40:29.036  5628  5714 W libprocessgroup: Failed to open /dev/blkio//cgroup.procs: No such file or directory
04-18 00:40:29.039  5628 11453 D InputTransport: Input channel constructed: '2d4108c', fd=1246
04-18 00:40:29.039  5628 11453 D InputTransport: Input channel constructed: '2d4108c', fd=1247
04-18 00:40:29.039  5628 11453 D InputTransport: Input channel constructed: '2d4108c', fd=1249
04-18 00:40:29.039  5331  8956 I SurfaceFlinger: id=11139 createSurf flag=80004, 2d4108c Splash Screen org.jetbrains.android_benchmark.test#11139
04-18 00:40:29.041  5628 11453 D InputTransport: Input channel destroyed: '2d4108c', fd=1249
04-18 00:40:29.052  5628  8457 D NetdEventListenerService: DNS Requested by : 117, 1000
04-18 00:40:29.056  2747  2859 D OpenGLRenderer: RenderThread::setGrContext()
04-18 00:40:29.057  8513  8570 D InsetsController: onStateChanged: InsetsState: {mDisplayFrame=Rect(0, 0 - 1080, 2400), mDisplayCutout=DisplayCutout{insets=Rect(0, 88 - 0, 0) waterfall=Insets{left=0, top=0, right=0, bottom=0} boundingRect={Bounds=[Rect(0, 0 - 0, 0), Rect(512, 0 - 568, 88), Rect(0, 0 - 0, 0), Rect(0, 0 - 0, 0)]} cutoutPathParserInfo={CutoutPathParserInfo{displayWidth=1080 displayHeight=2400 physicalDisplayWidth=1080 physicalDisplayHeight=2400 density={2.625} cutoutSpec={M 0,0 M 0,12.25101276465640 a 10.60613009248640,10.60613009248640 0 1,0 0,21.21226018497290 a 10.60613009248640,10.60613009248640 0 1,0 0,-21.21226018497290 Z @dp} rotation={0} scale={1.0} physicalPixelDisplaySizeRatio={1.0}}}}, mRoundedCorners=RoundedCorners{[RoundedCorner{position=TopLeft, radius=84, center=Point(84, 84)}, RoundedCorner{position=TopRight, radius=84, center=Point(996, 84)}, RoundedCorner{position=BottomRight, radius=84, center=Point(996, 2316)}, RoundedCorner{position=BottomLeft, radius=84, center=Point(84, 2316)}]}  mRoundedCornerFrame=Rect(0, 0 - 1080, 2400), mPrivacyIndicatorBounds=PrivacyIndicatorBounds {static bounds=Rect(964, 0 - 1080, 88) rotation=0}, mSources= { InsetsSource: {mType=ITYPE_STATUS_BAR, mFrame=[0,0][1080,88], mVisible=true, mInsetsRoundedCornerFrame=false}, InsetsSource: {mType=ITYPE_NAVIGATION_BAR, mFrame=[0,2274][1080,2400], mVisible=true, mInsetsRoundedCornerFrame=false}, InsetsSource: {mType=ITYPE_LEFT_GESTURES, mFrame=[0,0][0,2400], mVisible=true, mInsetsRoundedCornerFrame=false}, InsetsSource: {mType=ITYPE_RIGHT_GESTURES, mFrame=[1080,0][1080,2400], mVisible=true, mInsetsRoundedCornerFrame=false}, InsetsSource: {mType=ITYPE_TOP_MANDATORY_GESTURES, mFrame=[0,0][1080,120], mVisible=true, mInsetsRoundedCornerFrame=false}, InsetsSource: {mType=ITYPE_BOTTOM_MANDATORY_GESTURES, mFrame=[0,2274][1080,2400], mVisible=true, mInsetsRoundedCornerFrame=false}, InsetsSource: {mType=ITYPE_LEFT_DISPLAY_CUTOUT, mFrame=[0,0][-100000,2400], mVisible=true, mInsetsRoundedCornerFrame=false}, InsetsSource: {mType=ITYPE_TOP_DISPLAY_CUTOUT, mFrame=[0,0][1080,88], mVisible=true, mInsetsRoundedCornerFrame=false}, InsetsSource: {mType=ITYPE_RIGHT_DISPLAY_CUTOUT, mFrame=[100000,0][1080,2400], mVisible=true, mInsetsRoundedCornerFrame=false}, InsetsSource: {mType=ITYPE_BOTTOM_DISPLAY_CUTOUT, mFrame=[0,100000][1080,2400], mVisible=true, mInsetsRoundedCornerFrame=false}, InsetsSource: {mType=ITYPE_TOP_TAPPABLE_ELEMENT, mFrame=[0,0][1080,88], mVisible=true, mInsetsRoundedCornerFrame=false}, InsetsSource: {mType=ITYPE_BOTTOM_TAPPABLE_ELEMENT, mFrame=[0,2274][1080,2400], mVisible=true, mInsetsRoundedCornerFrame=false}, InsetsSource: {mType=ITYPE_IME, mFrame=[0,0][0,0], mVisible=false, mInsetsRoundedCornerFrame=false} } host=Splash Screen org.jetbrains.android_benchmark.test from=android.view.ViewRootImpl.setView:1732
04-18 00:40:29.061  5331  5331 D SurfaceFlinger: [input] inputWindowCommands.focusRequests size is 1
04-18 00:40:29.062  8513  8570 I ViewRootImpl@a21a1c4[test]: setView = android.widget.FrameLayout@57142a9 TM=true
04-18 00:40:29.063  5331  5427 D SurfaceFlinger: [input] setFocusedWindow: <null>
04-18 00:40:29.064  5628  5652 D InputDispatcher: Focus left window (0): 3cd9d5c com.duolingo/com.duolingo.app.StreakSocietyLauncher
04-18 00:40:29.064  5628  8434 D TrafficStats: tagSocket(1248) with statsTag=0xffffffff, statsUid=-1
04-18 00:40:29.070  8513  8570 I ViewRootImpl@a21a1c4[test]: performTraversals params={(0,0)(fillxfill) sim={adjust=pan} ty=APPLICATION_STARTING fmt=TRANSLUCENT wanim=0x1030001
04-18 00:40:29.070  8513  8570 I ViewRootImpl@a21a1c4[test]:   fl=81030118
04-18 00:40:29.070  8513  8570 I ViewRootImpl@a21a1c4[test]:   pfl=16000010
04-18 00:40:29.070  8513  8570 I ViewRootImpl@a21a1c4[test]:   apr=LIGHT_STATUS_BARS LIGHT_NAVIGATION_BARS
04-18 00:40:29.070  8513  8570 I ViewRootImpl@a21a1c4[test]:   bhv=DEFAULT
04-18 00:40:29.070  8513  8570 I ViewRootImpl@a21a1c4[test]:   fitSides= naviIconColor=0}
04-18 00:40:29.071  2747  2747 D LifecycleMonitor: Lifecycle status change: androidx.benchmark.IsolationActivity@f5684be in: PRE_ON_CREATE
04-18 00:40:29.071  8513  8570 I ViewRootImpl@a21a1c4[test]: performTraversals mFirst=true windowShouldResize=true viewVisibilityChanged=false mForceNextWindowRelayout=false params={(0,0)(fillxfill) sim={adjust=pan} ty=APPLICATION_STARTING fmt=TRANSLUCENT wanim=0x1030001
04-18 00:40:29.071  8513  8570 I ViewRootImpl@a21a1c4[test]:   fl=81030118
04-18 00:40:29.071  8513  8570 I ViewRootImpl@a21a1c4[test]:   pfl=16000010
04-18 00:40:29.071  8513  8570 I ViewRootImpl@a21a1c4[test]:   apr=LIGHT_STATUS_BARS LIGHT_NAVIGATION_BARS
04-18 00:40:29.071  8513  8570 I ViewRootImpl@a21a1c4[test]:   bhv=DEFAULT
04-18 00:40:29.071  8513  8570 I ViewRootImpl@a21a1c4[test]:   fitSides= naviIconColor=0}
04-18 00:40:29.072  2728  2728 I ViewRootImpl@16dc1bc[StreakSocietyLauncher]: MSG_WINDOW_FOCUS_CHANGED 0 0
04-18 00:40:29.072  5628 11414 V WindowManager: Relayout Window{2d4108c u0 Splash Screen org.jetbrains.android_benchmark.test}: viewVisibility=0 req=1080x2400 d0
04-18 00:40:29.073  5331  6013 I SurfaceFlinger: id=11140 createSurf flag=40004, Splash Screen org.jetbrains.android_benchmark.test$_8513#11140
04-18 00:40:29.080  5628 11414 V WindowManager: Relayout hash=2d4108c, pid=8513, syncId=-1: mAttrs={(0,0)(fillxfill) sim={adjust=pan} ty=APPLICATION_STARTING fmt=TRANSLUCENT wanim=0x1030001
04-18 00:40:29.080  5628 11414 V WindowManager:   fl=81030118
04-18 00:40:29.080  5628 11414 V WindowManager:   pfl=16000010
04-18 00:40:29.080  5628 11414 V WindowManager:   apr=LIGHT_STATUS_BARS LIGHT_NAVIGATION_BARS
04-18 00:40:29.080  5628 11414 V WindowManager:   bhv=DEFAULT
04-18 00:40:29.080  5628 11414 V WindowManager:   fitSides= naviIconColor=0}
04-18 00:40:29.081  8513  8570 I ViewRootImpl@a21a1c4[test]: updateBlastSurfaceIfNeeded mBlastBufferQueue=null isSameSurfaceControl=false
04-18 00:40:29.082  8513  8570 I BLASTBufferQueue: new BLASTBufferQueue, mName= ViewRootImpl@a21a1c4[test] mNativeObject= 0x7cd2ed2100 sc.mNativeObject= 0x7cd3d559c0 caller= android.view.ViewRootImpl.updateBlastSurfaceIfNeeded:2909 android.view.ViewRootImpl.relayoutWindow:9847 android.view.ViewRootImpl.performTraversals:3884 android.view.ViewRootImpl.doTraversal:3116 android.view.ViewRootImpl$TraversalRunnable.run:10885 android.view.Choreographer$CallbackRecord.run:1301 android.view.Choreographer$CallbackRecord.run:1309 android.view.Choreographer.doCallbacks:923 android.view.Choreographer.doFrame:852 android.view.Choreographer$FrameDisplayEventReceiver.run:1283
04-18 00:40:29.082  8513  8570 I BLASTBufferQueue: update, w= 1080 h= 2400 mName = ViewRootImpl@a21a1c4[test] mNativeObject= 0x7cd2ed2100 sc.mNativeObject= 0x7cd3d559c0 format= -3 caller= android.graphics.BLASTBufferQueue.<init>:84 android.view.ViewRootImpl.updateBlastSurfaceIfNeeded:2909 android.view.ViewRootImpl.relayoutWindow:9847 android.view.ViewRootImpl.performTraversals:3884 android.view.ViewRootImpl.doTraversal:3116 android.view.ViewRootImpl$TraversalRunnable.run:10885
04-18 00:40:29.083  8513  8570 I ViewRootImpl@a21a1c4[test]: Relayout returned: old=(0,0,1080,2400) new=(0,0,1080,2400) req=(1080,2400)0 dur=9 res=0x3 s={true 0x7c9f26b000} ch=true seqId=0
04-18 00:40:29.085  8513  8570 I ViewRootImpl@a21a1c4[test]: mThreadedRenderer.initialize() mSurface={isValid=true 0x7c9f26b000} hwInitialized=true
04-18 00:40:29.085  8513  8575 D OpenGLRenderer: eglCreateWindowSurface
04-18 00:40:29.087  8513  8570 I ViewRootImpl@a21a1c4[test]: reportNextDraw android.view.ViewRootImpl.performTraversals:4438 android.view.ViewRootImpl.doTraversal:3116 android.view.ViewRootImpl$TraversalRunnable.run:10885 android.view.Choreographer$CallbackRecord.run:1301 android.view.Choreographer$CallbackRecord.run:1309
04-18 00:40:29.087  8513  8570 I ViewRootImpl@a21a1c4[test]: Setup new sync id=0
04-18 00:40:29.087  8513  8570 I ViewRootImpl@a21a1c4[test]: Setting syncFrameCallback
04-18 00:40:29.087  8513  8570 I ViewRootImpl@a21a1c4[test]: registerCallbacksForSync syncBuffer=false
04-18 00:40:29.089  8513  8596 I ViewRootImpl@a21a1c4[test]: Received frameDrawingCallback syncResult=0 frameNum=1.
04-18 00:40:29.089  8513  8596 I ViewRootImpl@a21a1c4[test]: Setting up sync and frameCommitCallback
04-18 00:40:29.093  2817  2817 I WindowsLink: (AppUpdateManagerImpl) loadStorePreferenceInfo() in
04-18 00:40:29.093  2817  2817 I WindowsLink: (AppUpdateManagerImpl) getCachedLwStoreInfo(): in
04-18 00:40:29.093  2817  2817 I WindowsLink: (AppUpdateManagerImpl) getCachedStoreInfo() in = com.samsung.android.mdx
04-18 00:40:29.103  8513  8575 I BLASTBufferQueue: [ViewRootImpl@a21a1c4[test]#489](f:0,a:0) onFrameAvailable the first frame is available
04-18 00:40:29.104  8513  8575 I ViewRootImpl@a21a1c4[test]: Received frameCommittedCallback lastAttemptedDrawFrameNum=1 didProduceBuffer=true
04-18 00:40:29.105  8513  8575 D OpenGLRenderer: CFMS:: SetUp Pid : 8513    Tid : 8575
04-18 00:40:29.106  2747  2747 I DecorView: [INFO] isPopOver=false config=true
04-18 00:40:29.106  2747  2747 I DecorView: updateCaptionType: isFloating=false isApplication=true hasWindowDecorCaption=false this=DecorView@7722eca[]
04-18 00:40:29.106  2747  2747 D DecorView: setCaptionType = 0, this = DecorView@7722eca[]
04-18 00:40:29.109  8513  8570 I ViewRootImpl@a21a1c4[test]: onSyncComplete
04-18 00:40:29.110  2747  2747 I DecorView: getCurrentDensityDpi: from real metrics. densityDpi=420 msg=resources_loaded
04-18 00:40:29.110  2747  2747 I DecorView: setWindowBackground: isPopOver=false color=fff6f6f6 d=android.graphics.drawable.StateListDrawable@1aacb58
04-18 00:40:29.111  8513  8570 I ViewRootImpl@a21a1c4[test]: setupSync seqId=0 mSyncId=0 fn=1 caller=android.view.ViewRootImpl$$ExternalSyntheticLambda11.accept:6 android.window.SurfaceSyncer.lambda$setupSync$1$android-window-SurfaceSyncer:128 android.window.SurfaceSyncer$$ExternalSyntheticLambda1.accept:8 android.window.SurfaceSyncer$SyncSet.checkIfSyncIsComplete:382 android.window.SurfaceSyncer$SyncSet.markSyncReady:359 android.window.SurfaceSyncer.markSyncReady:151 android.view.ViewRootImpl.performTraversals:4503
04-18 00:40:29.111  8513  8570 I ViewRootImpl@a21a1c4[test]: reportDrawFinished seqId=0 mSyncId=-1 fn=1 mSurfaceChangedTransaction=0x7de23e0500
04-18 00:40:29.115  2747  2747 D CompatibilityChangeReporter: Compat change id reported: 210923482; UID 10408; state: DISABLED
04-18 00:40:29.115  2747  2747 D CompatibilityChangeReporter: Compat change id reported: 37756858; UID 10408; state: ENABLED
04-18 00:40:29.121  2817  2817 I WindowsLink: (AppUpdateManagerImpl) getCachedYpcStoreInfo(): in
04-18 00:40:29.121  2817  2817 I WindowsLink: (AppUpdateManagerImpl) getCachedStoreInfo() in = com.microsoft.appmanager
04-18 00:40:29.126  5628  9492 I MediaSessionMonitor: Media session stopped : controllerList empty
04-18 00:40:29.135  2505  2729 W libc    : Access denied finding property "sys.perf.boostopt"
04-18 00:40:29.141  2817  2817 I CapsuleProvider_1.0.23: onCreate
04-18 00:40:29.147  2817  2817 I WindowsLink: (SeYourPhoneIndexableProvider) onCreate()
04-18 00:40:29.147  2817  2817 I WindowsLink: (SeYourPhoneIndexableProvider) secQueryGetFingerprint
04-18 00:40:29.155  5331  6013 I SurfaceFlinger: id=11141 createSurf flag=24000, Surface(name=Task=5342)/@0x8366117 - animation-leash of app_transition#11141
04-18 00:40:29.161  5331  6013 I SurfaceFlinger: id=11142 createSurf flag=20004, DimAnimationLayer for Task=5345#11142
04-18 00:40:29.162  5331  6013 I SurfaceFlinger: id=11143 createSurf flag=24004, Surface(name=Task=5345)/@0xd3ebe33 - animation-leash of app_transition#11143
04-18 00:40:29.174  5331  5331 I Layer   : id=11144 Destroyed Screenshot Parent#11144
04-18 00:40:29.180  7867  7876 W samsung.cmh:CMH: Reducing the number of considered missed Gc histogram windows from 889 to 100
04-18 00:40:29.187  2817  2817 I WindowsLink: (MdxApplication) MdxApplication : in
04-18 00:40:29.189  5331  6013 I SurfaceFlinger: id=11145 createSurf flag=80000, e48fded ActivityRecordInputSink org.jetbrains.android_benchmark.test/androidx.benchmark.IsolationActivity#11145
04-18 00:40:29.191  2817  2833 I WindowsLink: (AppUpdateManagerImpl) loadPreferenceInfo() in
04-18 00:40:29.192  2817  2833 I WindowsLink: (AppUpdateManagerImpl) loadPolicyPreferenceInfo() in
04-18 00:40:29.196  5331  5331 I Layer   : Layer [Splash Screen org.jetbrains.android_benchmark.test$_8513#11140] hidden!! flag(0)
04-18 00:40:29.202  2817  2833 I WindowsLink: (AppUpdateManagerImpl) loadStorePreferenceInfo() in
04-18 00:40:29.202  2817  2833 I WindowsLink: (AppUpdateManagerImpl) getCachedLwStoreInfo(): in
04-18 00:40:29.202  2817  2833 I WindowsLink: (AppUpdateManagerImpl) getCachedStoreInfo() in = com.samsung.android.mdx
04-18 00:40:29.207  4066  4558 I RecentModel: onTaskStackChangedBackground
04-18 00:40:29.208  2817  2833 I WindowsLink: (AppUpdateManagerImpl) getCachedYpcStoreInfo(): in
04-18 00:40:29.208  2817  2833 I WindowsLink: (AppUpdateManagerImpl) getCachedStoreInfo() in = com.microsoft.appmanager
04-18 00:40:29.214  5331  5331 I Layer   : id=11146 Destroyed Screenshot Parent#11146
04-18 00:40:29.216  2817  2833 I WindowsLink: (YpcSignatureChecker) isSignatureAllowed in
04-18 00:40:29.220  5331  6013 I SurfaceFlinger: id=11147 createSurf flag=40404, Bottom Edge Extension#11147
04-18 00:40:29.221  5331  6013 I SurfaceFlinger: id=11148 createSurf flag=400, bbq-wrapper#11148
04-18 00:40:29.226  5628 32320 I BLASTBufferQueue: [bbq-adapter#359](f:0,a:0) onFrameAvailable the first frame is available
04-18 00:40:29.233  5331  5331 I Layer   : id=11149 Destroyed Screenshot Parent#11149
04-18 00:40:29.236  5331  8956 I SurfaceFlinger: id=11150 createSurf flag=40404, Top Edge Extension#11150
04-18 00:40:29.238  5331  8956 I SurfaceFlinger: id=11151 createSurf flag=400, bbq-wrapper#11151
04-18 00:40:29.240  5628 32319 I BLASTBufferQueue: [bbq-adapter#360](f:0,a:0) onFrameAvailable the first frame is available
04-18 00:40:29.253  5628  8434 W SemWifiTransportLayerUtils: getApplicationCategory - IOException org.jetbrains.android_benchmark.test
04-18 00:40:29.254  5628  8434 W System.err: java.io.FileNotFoundException: https://play.google.com/store/apps/details?id=org.jetbrains.android_benchmark.test&hl=en
04-18 00:40:29.254  5628  8434 W System.err: 	at com.android.okhttp.internal.huc.HttpURLConnectionImpl.getInputStream(HttpURLConnectionImpl.java:255)
04-18 00:40:29.254  5628  8434 W System.err: 	at com.android.okhttp.internal.huc.DelegatingHttpsURLConnection.getInputStream(DelegatingHttpsURLConnection.java:211)
04-18 00:40:29.254  5628  8434 W System.err: 	at com.android.okhttp.internal.huc.HttpsURLConnectionImpl.getInputStream(HttpsURLConnectionImpl.java:30)
04-18 00:40:29.254  5628  8434 W System.err: 	at com.samsung.android.server.wifi.tcp.SemWifiTransportLayerUtils.getApplicationCategory(SemWifiTransportLayerUtils.java:104)
04-18 00:40:29.254  5628  8434 W System.err: 	at com.samsung.android.server.wifi.tcp.SemWifiTransportLayerMonitor$TcpMonitorHandler.handleMessage(SemWifiTransportLayerMonitor.java:244)
04-18 00:40:29.254  5628  8434 W System.err: 	at android.os.Handler.dispatchMessage(Handler.java:106)
04-18 00:40:29.254  5628  8434 W System.err: 	at android.os.Looper.loopOnce(Looper.java:226)
04-18 00:40:29.254  5628  8434 W System.err: 	at android.os.Looper.loop(Looper.java:313)
04-18 00:40:29.255  5628  8434 W System.err: 	at android.os.HandlerThread.run(HandlerThread.java:67)
04-18 00:40:29.256  5628  8434 D SemWifiTransportLayerMonitor.TcpMonitorHandler: MSG_SAVE_PACKAGE_INFO
04-18 00:40:29.256  5628  8434 D SemWifiTransportLayerFileManager: saveWifiPackageInfoToFile
04-18 00:40:29.256  5628  8434 D SemWifiTransportLayerFileManager: writeWifiPackageInfoList
04-18 00:40:29.268  2817  2833 I WindowsLink: (BaseContentProvider) call: method = Compatibility@checkCompatibility / subMethod = checkCompatibility
04-18 00:40:29.268  2817  2833 I WindowsLink: (StateContentProvider) METHOD_CHECK_COMPATIBILITY in
04-18 00:40:29.269  2817  2833 I WindowsLink: (StateContentProvider) [lib ver] Name: 2.6.01.9 / Code: 1
04-18 00:40:29.276  2817  2817 I DIAGMON_SDK[605055]: DiagMonAgent type: 2
04-18 00:40:29.278  2817  2817 I DIAGMON_SDK[605055][wl34fppqc3] : generated SR object
04-18 00:40:29.281  2817  2817 I CapsuleProvider_1.0.23: releasing initialize wait lock.
04-18 00:40:29.283  2817  2833 I WindowsLink: (StateContentProvider) CompatibilityStatus: 1
04-18 00:40:29.292  2817  2817 I [RoutineSdk3.0-3.0.1]: RoutineSdkImpl: setHandler - conditionHandler initialized
04-18 00:40:29.292  2817  2817 I [RoutineSdk3.0-3.0.1]: RoutineSdkImpl: setHandler - actionHandler initialized
04-18 00:40:29.313  5331  5331 D SurfaceFlinger: Display 0 HWC layers:
04-18 00:40:29.313  5331  5331 D SurfaceFlinger:      CLIENT | 0x79aa45bd00 | 0102 | RGBA_8888    |    0.0    0.0    0.0    0.0 |    0 2393 1080 2400 | bbq-wrapper#11148
04-18 00:40:29.313  5331  5331 D SurfaceFlinger:      CLIENT | 0x799351f3c0 | 0102 | RGBA_8888    |    0.0    7.0 1080.0 2400.0 |    0    0 1080 2393 | com.duolingo/com.duolingo.app.StreakSocietyLauncher$_2728#11109
04-18 00:40:29.313  5331  5331 D SurfaceFlinger:      CLIENT | 0x79aa45c200 | 0102 | RGBA_8888    |    0.0    0.0 1080.0    1.0 |    0    0 1080  403 | bbq-wrapper#11151
04-18 00:40:29.313  5331  5331 D SurfaceFlinger:      CLIENT |              | 0000 |  Unknown  |    0.0    0.0    0.0    0.0 |    0    0 1080 2400 | DimAnimationLayer for Task=5345#11142
04-18 00:40:29.313  5331  5331 D SurfaceFlinger:      CLIENT | 0x799351f000 | 0100 | RGBA_8888    |    0.0    0.0 1080.0 1997.0 |    0  403 1080 2400 | Splash Screen org.jetbrains.android_benchmark.test$_8513#11140
04-18 00:40:29.313  5331  5331 D SurfaceFlinger:      CLIENT | 0x79aa45d740 | 0100 | RGBA_8888    |    0.0    0.0 1080.0   88.0 |    0    0 1080   88 | StatusBar$_8513#99
04-18 00:40:29.313  5331  5331 D SurfaceFlinger:      DEVICE | 0x79aa45ce80 | 0100 | RGBA_8888    |    0.0    0.0 1080.0  126.0 |    0 2274 1080 2400 | NavigationBar0$_8513#92
04-18 00:40:29.313  5331  5331 D SurfaceFlinger:      DEVICE | 0x79aa45b300 | 0140 | RGB
04-18 00:40:29.313  5331  5331 D SurfaceFlinger: A_8888    |    0.0    0.0 1080.0  100.0 |    0    0 1080  100 | ScreenDecorOverlay$_8513#6827
04-18 00:40:29.313  5331  5331 D SurfaceFlinger:      DEVICE | 0x79aab2f2c0 | 0140 | RGBA_8888    |    0.0    0.0 1080.0  100.0 |    0 2300 1080 2400 | ScreenDecorOverlayBottom$_8513#6828
04-18 00:40:29.313  5331  5331 D SurfaceFlinger:
04-18 00:40:29.330  5628  5647 I system_server: Background young concurrent copying GC freed 556354(26MB) AllocSpace objects, 48(1136KB) LOS objects, 18% free, 105MB/129MB, paused 531us,875us total 239.679ms
04-18 00:40:29.341  5250  5250 D Zygote  : Forked child process 2989
04-18 00:40:29.344  5628  8379 I SearchManagerService: _updateSearchables completed.
04-18 00:40:29.364  5628  5652 D PackageManager: setEnabledSetting : userId = 0 packageName = com.microsoft.appmanager cmp = com.microsoft.appmanager.quicksettings.WindowsLinkTileService newState = 2 callingPackage = 10142/com.microsoft.appmanager
04-18 00:40:29.389  2989  2989 I id.app.routines: Using CollectorTypeCC GC.
04-18 00:40:29.391  5628  5652 D PackageManager: setEnabledSetting : userId = 0 packageName = com.microsoft.appmanager cmp = androidx.work.impl.background.systemjob.SystemJobService newState = 1 callingPackage = 10142/com.microsoft.appmanager
04-18 00:40:29.392  5628  5652 D ApplicationPolicy: getApplicationStateEnabled : pkg = com.microsoft.appmanager userId : 0
04-18 00:40:29.392  5628  5652 D ApplicationPolicy: getApplicationComponentState : pkg = com.microsoft.appmanager userId : 0
04-18 00:40:29.396  2989  2989 E id.app.routines: Not starting debugger since process cannot load the jdwp agent.
04-18 00:40:29.404  2989  2989 W libc    : Access denied finding property "sys.perf.boostopt"
04-18 00:40:29.405  2989  3054 W libc    : Access denied finding property "sys.perf.boostopt"
04-18 00:40:29.406  2989  2989 D ActivityThread: setConscryptValidator
04-18 00:40:29.406  2989  2989 D ActivityThread: setConscryptValidator - put
04-18 00:40:29.420  2817  2833 I WindowsLink: (YpcSignatureChecker) isSignatureAllowed in
04-18 00:40:29.422  2989  2989 D CompatibilityChangeReporter: Compat change id reported: 171979766; UID 10054; state: ENABLED
04-18 00:40:29.425  2817  2833 I WindowsLink: (BaseContentProvider) call: method = capability_get_last_anr / subMethod = capability_get_last_anr
04-18 00:40:29.425  2817  2833 I WindowsLink: (BaseContentProvider) call: method = capability_get_last_anr / subMethod = capability_get_last_anr
04-18 00:40:29.447  2817  2833 I AAOW_RemoteAppModeService: mRemoteAppModeManager : com.samsung.android.remoteappmode.SemRemoteAppModeManager@313c2d2, Version : 7
04-18 00:40:29.449  5628 11262 D [RAMS]RemoteAppModeService: isAllowed = true
04-18 00:40:29.459  2817  2833 I WindowsLink: (YpcSignatureChecker) isSignatureAllowed in
04-18 00:40:29.459  2817  2833 I WindowsLink: (BaseContentProvider) call: method = DeviceInfo@getLastAnr / subMethod = getLastAnr
04-18 00:40:29.460  5628 11262 D [RAMS]RemoteAppModeService: isAllowed = true
04-18 00:40:29.466  5628 11262 I AnrCollector: isAnrFileModifiedLater - anr_2023-04-15-14-44-45-908lastModified : 1681562687000, lastTimestamp : 1681758741526
04-18 00:40:29.466  5628 11262 I AnrCollector: isAnrFileModifiedLater - anr_2023-04-15-17-20-11-577lastModified : 1681572015000, lastTimestamp : 1681758741526
04-18 00:40:29.467  5628 11262 I AnrCollector: isAnrFileModifiedLater - anr_2023-04-15-17-20-22-482lastModified : 1681572022000, lastTimestamp : 1681758741526
04-18 00:40:29.467  5628 11262 I AnrCollector: isAnrFileModifiedLater - anr_2023-04-15-17-20-29-712lastModified : 1681572030000, lastTimestamp : 1681758741526
04-18 00:40:29.467  5628 11262 I AnrCollector: isAnrFileModifiedLater - anr_2023-04-15-17-25-03-921lastModified : 1681572306000, lastTimestamp : 1681758741526
04-18 00:40:29.474  5628 11262 I AnrCollector: gatLastAnr - lastAnrFile : null
04-18 00:40:29.475  5628  3090 I AnrCollector: write : 0
04-18 00:40:29.475  5628  3090 I AnrCollector: mOut.close()
04-18 00:40:29.498  2747  2747 D Benchmark: Clocks not locked: online cores with min freq == min avail freq
04-18 00:40:29.498  2747  2747 D Benchmark: cpu0 CoreDir(path=/sys/devices/system/cpu/cpu7, online=true, availableFreqs=[936000, 1040000, 1144000, 1248000, 1352000, 1456000, 1508000, 1664000, 1768000, 1898000, 1976000, 2080000, 2184000, 2210000, 2314000], setSpeedKhz=936000, maxFreqKhz=2314000)
04-18 00:40:29.498  2747  2747 D Benchmark: cpu1 CoreDir(path=/sys/devices/system/cpu/cpu5, online=true, availableFreqs=[936000, 1040000, 1144000, 1248000, 1352000, 1456000, 1508000, 1664000, 1768000, 1898000, 1976000, 2080000, 2184000, 2210000, 2314000], setSpeedKhz=936000, maxFreqKhz=2314000)
04-18 00:40:29.498  2747  2747 D Benchmark: cpu2 CoreDir(path=/sys/devices/system/cpu/cpu3, online=true, availableFreqs=[403000, 598000, 702000, 806000, 910000, 1053000, 1118000, 1222000, 1326000, 1456000, 1534000, 1638000, 1742000], setSpeedKhz=403000, maxFreqKhz=1742000)
04-18 00:40:29.498  2747  2747 D Benchmark: cpu3 CoreDir(path=/sys/devices/system/cpu/cpu1, online=true, availableFreqs=[403000, 598000, 702000, 806000, 910000, 1053000, 1118000, 1222000, 1326000, 1456000, 1534000, 1638000, 1742000], setSpeedKhz=403000, maxFreqKhz=1742000)
04-18 00:40:29.498  2747  2747 D Benchmark: cpu4 CoreDir(path=/sys/devices/system/cpu/cpu6, online=true, availableFreqs=[936000, 1040000, 1144000, 1248000, 1352000, 1456000, 1508000, 1664000, 1768000, 1898000, 1976000, 2080000, 2184000, 2210000, 2314000], setSpeedKhz=936000, maxFreqKhz=2314000)
04-18 00:40:29.498  2747  2747 D Benchmark: cpu5 CoreDir(path=/sys/devices/system/cpu/cpu4, online=true, availableFreqs=[936000, 1040000, 1144000, 1248000, 1352000, 1456000, 1508000, 1664000, 1768000, 1898000, 1976000, 2080000, 2184000, 2210000, 2314000], setSpeedKhz=936000, maxFreqKhz=2314000)
04-18 00:40:29.498  2747  2747 D Benchmark: cpu6 CoreDir(path=/sys/devices/system/cpu/cpu2, online=true, availableFreqs=[403000, 598000, 702000, 806000, 910000, 1053000, 1118000, 1222000, 1326000, 1456000, 1534000, 1638000, 1742000], setSpeedKhz=403000, maxFreqKhz=1742000)
04-18 00:40:29.498  2747  2747 D Benchmark: cpu7 CoreDir(path=/sys/devices/system/cpu/cpu0, online=true, availableFreqs=[403000, 598000, 702000, 806000, 910000, 1053000, 1118000, 1222000, 1326000, 1456000, 1534000, 1638000, 1742000], setSpeedKhz=403000, maxFreqKhz=1742000)
04-18 00:40:29.506  2747  2747 D LifecycleMonitor: Lifecycle status change: androidx.benchmark.IsolationActivity@f5684be in: CREATED
04-18 00:40:29.506  2747  2747 D LifecycleMonitor: Lifecycle status change: androidx.benchmark.IsolationActivity@f5684be in: STARTED
04-18 00:40:29.507  5628 11262 V KeyguardServiceDelegate: setOccluded(true) animate=false
04-18 00:40:29.508  8513  8617 D KeyguardService: setOccluded(true)
04-18 00:40:29.509  2747  2747 D LifecycleMonitor: Lifecycle status change: androidx.benchmark.IsolationActivity@f5684be in: RESUMED
04-18 00:40:29.512  8513  8617 D KeyguardViewMediator: setOccluded occluded=true animate=false
04-18 00:40:29.512  8513  8617 D KeyguardViewMediator:  com.android.systemui.keyguard.KeyguardService$5.setOccluded:436
04-18 00:40:29.513  2747  2747 I MSHandlerLifeCycle: check: return. pkg=org.jetbrains.android_benchmark.test parent=null callers=com.android.internal.policy.DecorView.setVisibility:4408 android.app.ActivityThread.handleResumeActivity:5476 android.app.servertransaction.ResumeActivityItem.execute:54 android.app.servertransaction.ActivityTransactionItem.execute:45 android.app.servertransaction.TransactionExecutor.executeLifecycleState:176
04-18 00:40:29.513  2747  2747 I MSHandlerLifeCycle: removeMultiSplitHandler: no exist. decor=DecorView@7722eca[]
04-18 00:40:29.516  8513  8513 D KeyguardViewMediator: handleMessage 9
04-18 00:40:29.519  8513  8513 D KeyguardViewMediator: handleSetOccluded(true)
04-18 00:40:29.522  8513  8513 D KeyguardWallpaperEventHandler: onOccluded(), occluded: true
04-18 00:40:29.523  8513  8513 D KeyguardWallpaperEventHandler: sendMessage(), what = 725 , obj = true , arg1 = -1 , arg2 = -1
04-18 00:40:29.527  2747  2859 D NativeCustomFrequencyManager: [NativeCFMS] BpCustomFrequencyManager::BpCustomFrequencyManager()
04-18 00:40:29.528  2569  3026 D ConnectivityManager: StackLog: [android.net.ConnectivityManager.sendRequestForNetwork(ConnectivityManager.java:4191)] [android.net.ConnectivityManager.sendRequestForNetwork(ConnectivityManager.java:4233)] [android.net.ConnectivityManager.registerNetworkCallback(ConnectivityManager.java:4615)] [android.net.ConnectivityManager.registerNetworkCallback(ConnectivityManager.java:4585)] [com.microsoft.appcenter.utils.NetworkStateHelper.reopen(NetworkStateHelper.java:4)] [com.microsoft.appcenter.utils.NetworkStateHelper.<init>(NetworkStateHelper.java:5)] [com.microsoft.appcenter.utils.NetworkStateHelper.getSharedInstance(NetworkStateHelper.java:2)] [com.microsoft.appcenter.http.HttpUtils.createHttpClientWithoutRetryer(HttpUtils.java:2)] [com.microsoft.appcenter.http.HttpUtils.createHttpClient(HttpUtils.java:2)] [com.microsoft.appcenter.http.HttpUtils.createHttpClient(HttpUtils.java:1)] [com.microsoft.appcenter.AppCenter.finishConfiguration(AppCenter.java:9)] [com.microsoft.appcenter.AppCenter.f(AppCenter.java:1)] [com.microsoft.appcenter.AppCenter$5.run(AppCenter.java:1)]
04-18 00:40:29.533  2747  2747 I DecorView: onImmersiveModeChanged: isStatusBarHidden=true
04-18 00:40:29.535  2747  2747 D InsetsSourceConsumer: setRequestedVisible: visible=false, type=20, host=org.jetbrains.android_benchmark.test/androidx.benchmark.IsolationActivity, from=android.view.InsetsSourceConsumer.hide:257 android.view.InsetsController.collectSourceControls:1310 android.view.InsetsController.controlAnimationUnchecked:1164 android.view.InsetsController.applyAnimation:1576 android.view.InsetsController.applyAnimation:1557 android.view.InsetsController.hide:1093 android.view.InsetsController.hide:1068 android.view.ViewRootImpl.controlInsetsForCompatibility:3339 android.view.ViewRootImpl.setView:1698 android.view.WindowManagerGlobal.addView:567
04-18 00:40:29.535  5628  8367 D ConnectivityService: Rematched networks [computed 0ms] [applied 1ms] [issued 3]
04-18 00:40:29.535  2747  2747 D InsetsSourceConsumer: setRequestedVisible: visible=false, type=0, host=org.jetbrains.android_benchmark.test/androidx.benchmark.IsolationActivity, from=android.view.InsetsSourceConsumer.hide:257 android.view.InsetsController.collectSourceControls:1310 android.view.InsetsController.controlAnimationUnchecked:1164 android.view.InsetsController.applyAnimation:1576 android.view.InsetsController.applyAnimation:1557 android.view.InsetsController.hide:1093 android.view.InsetsController.hide:1068 android.view.ViewRootImpl.controlInsetsForCompatibility:3339 android.view.ViewRootImpl.setView:1698 android.view.WindowManagerGlobal.addView:567
04-18 00:40:29.535  5628  8367 D ConnectivityService: NetworkReassignment : no changes
04-18 00:40:29.536  5305  5305 I sysinput:Touch: writeInformation:248, OK
04-18 00:40:29.537  5628 11453 D InputTransport: Input channel constructed: 'b453f25', fd=888
04-18 00:40:29.537  5628 11453 D InputTransport: Input channel constructed: 'b453f25', fd=896
04-18 00:40:29.537  5628  5955 D SysinputHAL_V1_3(V1_2): runTspCmdNoRead(1): set_grip_data,1,45,7,24,720(0)
04-18 00:40:29.537  5628 11453 D InputTransport: Input channel constructed: 'b453f25', fd=900
04-18 00:40:29.538  5331  5456 I SurfaceFlinger: id=11152 createSurf flag=80004, b453f25 org.jetbrains.android_benchmark.test/androidx.benchmark.IsolationActivity#11152
04-18 00:40:29.539  5628 11453 D InputTransport: Input channel destroyed: 'b453f25', fd=900
04-18 00:40:29.541  8513  8513 D KeyguardUpdateMonitor: onKeyguardOccludedChanged(true)
04-18 00:40:29.542  2747  2747 D InsetsController: onStateChanged: InsetsState: {mDisplayFrame=Rect(0, 0 - 1080, 2400), mDisplayCutout=DisplayCutout{insets=Rect(0, 88 - 0, 0) waterfall=Insets{left=0, top=0, right=0, bottom=0} boundingRect={Bounds=[Rect(0, 0 - 0, 0), Rect(512, 0 - 568, 88), Rect(0, 0 - 0, 0), Rect(0, 0 - 0, 0)]} cutoutPathParserInfo={CutoutPathParserInfo{displayWidth=1080 displayHeight=2400 physicalDisplayWidth=1080 physicalDisplayHeight=2400 density={2.625} cutoutSpec={M 0,0 M 0,12.25101276465640 a 10.60613009248640,10.60613009248640 0 1,0 0,21.21226018497290 a 10.60613009248640,10.60613009248640 0 1,0 0,-21.21226018497290 Z @dp} rotation={0} scale={1.0} physicalPixelDisplaySizeRatio={1.0}}}}, mRoundedCorners=RoundedCorners{[RoundedCorner{position=TopLeft, radius=84, center=Point(84, 84)}, RoundedCorner{position=TopRight, radius=84, center=Point(996, 84)}, RoundedCorner{position=BottomRight, radius=84, center=Point(996, 2316)}, RoundedCorner{position=BottomLeft, radius=84, center=Point(84, 2316)}]}  mRoundedCornerFrame=Rect(0, 0 - 1080, 2400), mPrivacyIndicatorBounds=PrivacyIndicatorBounds {static bounds=Rect(964, 0 - 1080, 88) rotation=0}, mSources= { InsetsSource: {mType=ITYPE_STATUS_BAR, mFrame=[0,0][1080,88], mVisible=true, mInsetsRoundedCornerFrame=false}, InsetsSource: {mType=ITYPE_NAVIGATION_BAR, mFrame=[0,2274][1080,2400], mVisible=true, mInsetsRoundedCornerFrame=false}, InsetsSource: {mType=ITYPE_LEFT_GESTURES, mFrame=[0,0][0,2400], mVisible=true, mInsetsRoundedCornerFrame=false}, InsetsSource: {mType=ITYPE_RIGHT_GESTURES, mFrame=[1080,0][1080,2400], mVisible=true, mInsetsRoundedCornerFrame=false}, InsetsSource: {mType=ITYPE_TOP_MANDATORY_GESTURES, mFrame=[0,0][1080,120], mVisible=true, mInsetsRoundedCornerFrame=false}, InsetsSource: {mType=ITYPE_BOTTOM_MANDATORY_GESTURES, mFrame=[0,2274][1080,2400], mVisible=true, mInsetsRoundedCornerFrame=false}, InsetsSource: {mType=ITYPE_LEFT_DISPLAY_CUTOUT, mFrame=[0,0][-100000,2400], mVisible=true, mInsetsRoundedCornerFrame=false}, InsetsSource: {mType=ITYPE_TOP_DISPLAY_CUTOUT, mFrame=[0,0][1080,88], mVisible=true, mInsetsRoundedCornerFrame=false}, InsetsSource: {mType=ITYPE_RIGHT_DISPLAY_CUTOUT, mFrame=[100000,0][1080,2400], mVisible=true, mInsetsRoundedCornerFrame=false}, InsetsSource: {mType=ITYPE_BOTTOM_DISPLAY_CUTOUT, mFrame=[0,100000][1080,2400], mVisible=true, mInsetsRoundedCornerFrame=false}, InsetsSource: {mType=ITYPE_TOP_TAPPABLE_ELEMENT, mFrame=[0,0][1080,88], mVisible=true, mInsetsRoundedCornerFrame=false}, InsetsSource: {mType=ITYPE_BOTTOM_TAPPABLE_ELEMENT, mFrame=[0,2274][1080,2400], mVisible=true, mInsetsRoundedCornerFrame=false}, InsetsSource: {mType=ITYPE_IME, mFrame=[0,0][0,0], mVisible=false, mInsetsRoundedCornerFrame=false} } host=org.jetbrains.android_benchmark.test/androidx.benchmark.IsolationActivity from=android.view.ViewRootImpl.setView:1732
04-18 00:40:29.547  8513  8513 D BubblesManager: onKeyguardShowingChanged: isUnlockedShade=true
04-18 00:40:29.547  2747  2747 I ViewRootImpl@4151232[IsolationActivity]: setView = com.android.internal.policy.DecorView@7722eca TM=true
04-18 00:40:29.549  8513  8552 D Bubbles : onStatusBarStateChanged:mIsStatusBarShade=true
04-18 00:40:29.551  2747  2747 I MSHandlerLifeCycle: removeMultiSplitHandler: no exist. decor=DecorView@7722eca[IsolationActivity]
04-18 00:40:29.566  2747  2747 I ViewRootImpl@4151232[IsolationActivity]: performTraversals params={(0,0)(fillxfill) sim={adjust=pan forwardNavigation} ty=BASE_APPLICATION wanim=0x1030001
04-18 00:40:29.566  2747  2747 I ViewRootImpl@4151232[IsolationActivity]:   fl=1810580
04-18 00:40:29.566  2747  2747 I ViewRootImpl@4151232[IsolationActivity]:   pfl=12020040
04-18 00:40:29.566  2747  2747 I ViewRootImpl@4151232[IsolationActivity]:   bhv=SHOW_TRANSIENT_BARS_BY_SWIPE
04-18 00:40:29.566  2747  2747 I ViewRootImpl@4151232[IsolationActivity]:   fitSides= naviIconColor=0}
04-18 00:40:29.567  2747  2747 I ViewRootImpl@4151232[IsolationActivity]: performTraversals mFirst=true windowShouldResize=true viewVisibilityChanged=false mForceNextWindowRelayout=false params={(0,0)(fillxfill) sim={adjust=pan forwardNavigation} ty=BASE_APPLICATION wanim=0x1030001
04-18 00:40:29.567  2747  2747 I ViewRootImpl@4151232[IsolationActivity]:   fl=1810580
04-18 00:40:29.567  2747  2747 I ViewRootImpl@4151232[IsolationActivity]:   pfl=12020040
04-18 00:40:29.567  2747  2747 I ViewRootImpl@4151232[IsolationActivity]:   bhv=SHOW_TRANSIENT_BARS_BY_SWIPE
04-18 00:40:29.567  2747  2747 I ViewRootImpl@4151232[IsolationActivity]:   fitSides= naviIconColor=0}
04-18 00:40:29.567  5628  5652 V WindowManager: Relayout Window{b453f25 u0 org.jetbrains.android_benchmark.test/androidx.benchmark.IsolationActivity}: viewVisibility=0 req=1080x2312 d0
04-18 00:40:29.568  5331  6013 I SurfaceFlinger: id=11153 createSurf flag=40004, org.jetbrains.android_benchmark.test/androidx.benchmark.IsolationActivity$_2747#11153
04-18 00:40:29.574  5331  6013 I SurfaceFlinger: id=11154 createSurf flag=24000, Surface(name=cee1519 StatusBar)/@0xa388342 - animation-leash of insets_animation#11154
04-18 00:40:29.575  5331  6013 I SurfaceFlinger: id=11155 createSurf flag=24000, Surface(name=4628d1d NavigationBar0)/@0xd94ddb0 - animation-leash of insets_animation#11155
04-18 00:40:29.581  5628  5652 V WindowManager: Relayout hash=b453f25, pid=2747, syncId=-1: mAttrs={(0,0)(fillxfill) sim={adjust=pan forwardNavigation} ty=BASE_APPLICATION wanim=0x1030001
04-18 00:40:29.581  5628  5652 V WindowManager:   fl=1810580
04-18 00:40:29.581  5628  5652 V WindowManager:   pfl=12020040
04-18 00:40:29.581  5628  5652 V WindowManager:   bhv=SHOW_TRANSIENT_BARS_BY_SWIPE
04-18 00:40:29.581  5628  5652 V WindowManager:   fitSides= naviIconColor=0}
04-18 00:40:29.583  2747  2747 I ViewRootImpl@4151232[IsolationActivity]: updateBlastSurfaceIfNeeded mBlastBufferQueue=null isSameSurfaceControl=false
04-18 00:40:29.584  2747  2747 I BLASTBufferQueue: new BLASTBufferQueue, mName= ViewRootImpl@4151232[IsolationActivity] mNativeObject= 0x7d6fed7f00 sc.mNativeObject= 0x7d5d5153a0 caller= android.view.ViewRootImpl.updateBlastSurfaceIfNeeded:2909 android.view.ViewRootImpl.relayoutWindow:9847 android.view.ViewRootImpl.performTraversals:3884 android.view.ViewRootImpl.doTraversal:3116 android.view.ViewRootImpl$TraversalRunnable.run:10885 android.view.Choreographer$CallbackRecord.run:1301 android.view.Choreographer$CallbackRecord.run:1309 android.view.Choreographer.doCallbacks:923 android.view.Choreographer.doFrame:852 android.view.Choreographer$FrameDisplayEventReceiver.run:1283
04-18 00:40:29.584  2747  2747 I BLASTBufferQueue: update, w= 1080 h= 2312 mName = ViewRootImpl@4151232[IsolationActivity] mNativeObject= 0x7d6fed7f00 sc.mNativeObject= 0x7d5d5153a0 format= -1 caller= android.graphics.BLASTBufferQueue.<init>:84 android.view.ViewRootImpl.updateBlastSurfaceIfNeeded:2909 android.view.ViewRootImpl.relayoutWindow:9847 android.view.ViewRootImpl.performTraversals:3884 android.view.ViewRootImpl.doTraversal:3116 android.view.ViewRootImpl$TraversalRunnable.run:10885
04-18 00:40:29.584  2747  2747 I ViewRootImpl@4151232[IsolationActivity]: Relayout returned: old=(0,88,1080,2400) new=(0,88,1080,2400) req=(1080,2312)0 dur=16 res=0x3 s={true 0x7d5d4ee800} ch=true seqId=0
04-18 00:40:29.585  5331  5456 W ServiceManager: Permission failure: android.permission.ACCESS_SURFACE_FLINGER from uid=10408 pid=2747
04-18 00:40:29.585  5331  5456 D PermissionCache: checking android.permission.ACCESS_SURFACE_FLINGER for uid=10408 => denied (489 us)
04-18 00:40:29.585  5331  6013 W ServiceManager: Permission failure: android.permission.ACCESS_SURFACE_FLINGER from uid=10408 pid=0
04-18 00:40:29.585  5331  6013 D PermissionCache: checking android.permission.ACCESS_SURFACE_FLINGER for uid=10408 => denied (797 us)
04-18 00:40:29.586  5331  6013 W ServiceManager: Permission failure: android.permission.ROTATE_SURFACE_FLINGER from uid=10408 pid=0
04-18 00:40:29.586  5331  5456 W ServiceManager: Permission failure: android.permission.ROTATE_SURFACE_FLINGER from uid=10408 pid=2747
04-18 00:40:29.586  5331  6013 D PermissionCache: checking android.permission.ROTATE_SURFACE_FLINGER for uid=10408 => denied (335 us)
04-18 00:40:29.586  5331  5456 D PermissionCache: checking android.permission.ROTATE_SURFACE_FLINGER for uid=10408 => denied (380 us)
04-18 00:40:29.586  5331  6013 W ServiceManager: Permission failure: android.permission.INTERNAL_SYSTEM_WINDOW from uid=10408 pid=0
04-18 00:40:29.586  5331  6013 D PermissionCache: checking android.permission.INTERNAL_SYSTEM_WINDOW for uid=10408 => denied (210 us)
04-18 00:40:29.586  5331  5456 W ServiceManager: Permission failure: android.permission.INTERNAL_SYSTEM_WINDOW from uid=10408 pid=2747
04-18 00:40:29.586  5331  5456 D PermissionCache: checking android.permission.INTERNAL_SYSTEM_WINDOW for uid=10408 => denied (364 us)
04-18 00:40:29.587  2747  2747 I ViewRootImpl@4151232[IsolationActivity]: mThreadedRenderer.initialize() mSurface={isValid=true 0x7d5d4ee800} hwInitialized=true
04-18 00:40:29.588  2747  2747 I ViewRootImpl@4151232[IsolationActivity]: reportNextDraw android.view.ViewRootImpl.performTraversals:4438 android.view.ViewRootImpl.doTraversal:3116 android.view.ViewRootImpl$TraversalRunnable.run:10885 android.view.Choreographer$CallbackRecord.run:1301 android.view.Choreographer$CallbackRecord.run:1309
04-18 00:40:29.588  2747  2747 I ViewRootImpl@4151232[IsolationActivity]: Setup new sync id=0
04-18 00:40:29.588  2747  2747 I ViewRootImpl@4151232[IsolationActivity]: Setting syncFrameCallback
04-18 00:40:29.588  2747  2747 I ViewRootImpl@4151232[IsolationActivity]: registerCallbacksForSync syncBuffer=false
04-18 00:40:29.590  5263  5329 I display : getColorModes:: is not supported
04-18 00:40:29.590  5263  5329 I display : getColorModes:: is not supported
04-18 00:40:29.590  5331  5456 E HWComposer: getSupportedContentTypes: getSupportedContentTypes failed for display 0: Unsupported (8)
04-18 00:40:29.592  2747  2859 D OpenGLRenderer: eglCreateWindowSurface
04-18 00:40:29.598  8513  8513 D KeyguardUpdateMonitor: sendKeyguardStateUpdated(false, true, false, false)
04-18 00:40:29.599  2747  3108 I ViewRootImpl@4151232[IsolationActivity]: Received frameDrawingCallback syncResult=0 frameNum=1.
04-18 00:40:29.599  4378  4378 I hwservicemanager: getTransport: Cannot find entry android.hardware.graphics.mapper@4.0::IMapper/default in either framework or device VINTF manifest.
04-18 00:40:29.599  2747  3108 I ViewRootImpl@4151232[IsolationActivity]: Setting up sync and frameCommitCallback
04-18 00:40:29.600  2747  3104 I Gralloc4: mapper 4.x is not supported
04-18 00:40:29.600  8513  8599 D KeyguardUpdateMonitor: broadcast intent= Intent { act=com.samsung.keyguard.KEYGUARD_STATE_UPDATE (has extras) }
04-18 00:40:29.602  4378  4378 I hwservicemanager: getTransport: Cannot find entry android.hardware.graphics.mapper@3.0::IMapper/default in either framework or device VINTF manifest.
04-18 00:40:29.602  2747  3104 W Gralloc3: mapper 3.x is not supported
04-18 00:40:29.603  5628  8452 W AlarmManager: Unrecognized alarm listener com.samsung.android.server.battery.WatchBatteryManager$ScreenOffAlarmListener@885e533
04-18 00:40:29.606  8513  8513 D KeyguardViewMediator: adjustStatusBarLocked: no need to update flags=0x0 / showHomeOverLock=true
04-18 00:40:29.611  2747  3104 I gralloc : Arm Module v1.0
04-18 00:40:29.611  5331  5331 I Layer   : id=11128 removeFromCurrentState Surface(name=cee1519 StatusBar)/@0xa388342 - animation-leash of insets_animation#11128 (163)
04-18 00:40:29.611  5331  5331 I Layer   : id=11129 removeFromCurrentState Surface(name=4628d1d NavigationBar0)/@0xd94ddb0 - animation-leash of insets_animation#11129 (163)
04-18 00:40:29.611  5331  5331 D SurfaceFlinger: [input] inputWindowCommands.focusRequests size is 1
04-18 00:40:29.611  5331  5331 I SurfaceFlinger: id=11128 Removed Surface(name=cee1519 StatusBar)/@0xa388342 - animation-leash of insets_animation#11128 (163)
