04-16 04:32:59.404 20153 20177 I TestRunner: started: mutableRefLong(org.jetbrains.android_benchmark.FibonacciBenchmark)
04-16 04:32:59.405 20153 20153 I MonitoringInstr: Activities that are still in CREATED to STOPPED: 1
04-16 04:32:59.406 20153 20153 I MonitoringInstr: Finishing activity: androidx.benchmark.IsolationActivity@f5684be
04-16 04:32:59.409 20153 20177 I GrantPermissionCallable: Permission: android.permission.WRITE_EXTERNAL_STORAGE is already granted!
04-16 04:32:59.410 20153 20177 I GrantPermissionCallable: Permission: android.permission.READ_EXTERNAL_STORAGE is already granted!
04-16 04:32:59.410 20153 20177 D Benchmark: -- Running org.jetbrains.android_benchmark.FibonacciBenchmark#mutableRefLong --
04-16 04:32:59.410 20153 20177 D PerfettoCapture: Supported ABIs: arm64-v8a, armeabi-v7a, armeabi
04-16 04:32:59.410 20153 20177 D PerfettoCapture: Recording perfetto trace
04-16 04:32:59.413 20628 20769 I [SC]SyncSettingManager: getIsSyncable: com.samsung.bt.btservice.btsettingsprovider
04-16 04:32:59.418 20628 20788 I [SC]SyncPackageRemoved: execute: com.samsung.android.snoteprovider4
04-16 04:32:59.419 20628 20788 I [SC]SyncSettingManager: getCategory: com.samsung.android.snoteprovider4
04-16 04:32:59.423 20628 20765 I [SC]SyncSettingManager: getIsSyncable: com.android.contacts
04-16 04:32:59.430 20628 20766 I [SC]SyncSettingManager: getIsSyncable: com.samsung.android.aremoji.cloud
04-16 04:32:59.433 20153 20177 I PerfettoCapture: Cleanup perfetto before starting.
04-16 04:32:59.437 20628 20779 I [SC]SyncSettingManager: getIsSyncable: com.android.settings.wifiprofilesync
04-16 04:32:59.447 20628 20782 I [SC]SyncSettingManager: getIsSyncable: com.android.calendar
04-16 04:32:59.448 20628 20756 I SmpLog  : [SMP] Test mode: false, v:3.3.3.3, com.samsung.android.scloud
04-16 04:32:59.454 20628 20769 I [SC]SyncSettingManager: setSyncStatus: SyncStatusVo{authority='com.samsung.bt.btservice.btsettingsprovider', state='INACTIVE', errorCode='999'}
04-16 04:32:59.456 20628 20771 I [SC]MediaApi: isWiFiOnly(), res - true
04-16 04:32:59.457 20628 20771 I [SC]SyncSettingManager: getCategory: media
04-16 04:32:59.460 20628 20769 I [SC]SyncSettingManager: getContentVo: com.samsung.bt.btservice.btsettingsprovider, BhjdLP0vkK
04-16 04:32:59.462 20628 20775 I [SC]SyncSettingManager: getCategory: com.samsung.android.samsungpass.scloud
04-16 04:32:59.464 20628 20756 I SmpLog  : [SMP] ptype:fcm, token:...vu (152), D:null, U:null, S:false, M:null, P:SPP_ONLY_MODE
04-16 04:32:59.466 20628 20790 I [SC]SyncPackageRemoved: execute: com.sec.android.app.sbrowser
04-16 04:32:59.467 20628 20790 I [SC]SyncSettingManager: getCategory: com.sec.android.app.sbrowser
04-16 04:32:59.468 20786 20786 I droid.app.notes: Using CollectorTypeCC GC.
04-16 04:32:59.472 20628 20765 I [SC]SyncSettingManager: setSyncStatus: SyncStatusVo{authority='com.android.contacts', state='INACTIVE', errorCode='999'}
04-16 04:32:59.476 20628 20765 I [SC]SyncSettingManager: getContentVo: com.android.contacts, KEqLhXhtEP
04-16 04:32:59.477 20786 20786 E droid.app.notes: Not starting debugger since process cannot load the jdwp agent.
04-16 04:32:59.477 20628 20766 I [SC]SyncSettingManager: setSyncStatus: SyncStatusVo{authority='com.samsung.android.aremoji.cloud', state='INACTIVE', errorCode='999'}
04-16 04:32:59.480 20628 20756 I SmpLog  : [SMP] SEND BR : smp init success
04-16 04:32:59.481 20628 20766 I [SC]SyncSettingManager: getContentVo: com.samsung.android.aremoji.cloud, k6M02It8oQ
04-16 04:32:59.482 20628 20779 I [SC]SyncSettingManager: setSyncStatus: SyncStatusVo{authority='com.android.settings.wifiprofilesync', state='INACTIVE', errorCode='999'}
04-16 04:32:59.485 20628 20779 I [SC]SyncSettingManager: getContentVo: com.android.settings.wifiprofilesync, wYJPhxEsaA
04-16 04:32:59.487 20786 20786 W libc    : Access denied finding property "sys.perf.boostopt"
04-16 04:32:59.488  5224  5224 E audit   : type=1400 audit(1681612379.483:17651): avc:  denied  { read } for  pid=20786 comm="droid.app.notes" name="u:object_r:perf_prop:s0" dev="tmpfs" ino=16829 scontext=u:r:platform_app:s0:c512,c768 tcontext=u:object_r:perf_prop:s0 tclass=file permissive=0 SEPF_SM-A515F_13_0001 audit_filtered
04-16 04:32:59.488  5224  5224 E audit   : type=1300 audit(1681612379.483:17651): arch=c00000b7 syscall=56 success=no exit=-13 a0=ffffff9c a1=7ffbc769b8 a2=88000 a3=0 items=0 ppid=5250 pid=20786 auid=4294967295 uid=10260 gid=10260 euid=10260 suid=10260 fsuid=10260 egid=10260 sgid=10260 fsgid=10260 tty=(none) ses=4294967295 comm="droid.app.notes" exe="/system/bin/app_process64" subj=u:r:platform_app:s0:c512,c768 key=(null)
04-16 04:32:59.488  5224  5224 E audit   : type=1327 audit(1681612379.483:17651): proctitle="zygote64"
04-16 04:32:59.488 20786 20809 W libc    : Access denied finding property "sys.perf.boostopt"
04-16 04:32:59.488  5224  5224 E audit   : type=1400 audit(1681612379.483:17652): avc:  denied  { read } for  pid=20786 comm="binder:20786_1" name="u:object_r:perf_prop:s0" dev="tmpfs" ino=16829 scontext=u:r:platform_app:s0:c512,c768 tcontext=u:object_r:perf_prop:s0 tclass=file permissive=0 SEPF_SM-A515F_13_0001 audit_filtered
04-16 04:32:59.491 20786 20786 D ActivityThread: setConscryptValidator
04-16 04:32:59.492 20628 20782 I [SC]SyncSettingManager: setSyncStatus: SyncStatusVo{authority='com.android.calendar', state='INACTIVE', errorCode='999'}
04-16 04:32:59.492 20786 20786 D ActivityThread: setConscryptValidator - put
04-16 04:32:59.493 20628 20782 I [SC]SyncSettingManager: getContentVo: com.android.calendar, 8kLTKS0V1y
04-16 04:32:59.511 20628 20771 I [SC]SyncSettingManager: setIsSyncable: media, 1
04-16 04:32:59.511 20628 20771 I [SC]SyncSettingManager: setSyncStatus: SyncStatusVo{authority='media', state='INACTIVE', errorCode='999'}
04-16 04:32:59.513 20628 20771 I [SC]SyncSettingManager: getContentVo: media, phzej3S76k
04-16 04:32:59.519 20786 20786 D CompatibilityChangeReporter: Compat change id reported: 171979766; UID 10260; state: ENABLED
04-16 04:32:59.520 20628 20775 I [SC]SyncSettingManager: setSyncStatus: SyncStatusVo{authority='com.samsung.android.samsungpass.scloud', state='INACTIVE', errorCode='999'}
04-16 04:32:59.522 20628 20775 I [SC]SyncSettingManager: getContentVo: com.samsung.android.samsungpass.scloud, d4FjaEWIDx
04-16 04:32:59.526 20628 20787 I [SC]SyncPackageNotSupported: execute: com.sec.android.app.shealth.cloudsync
04-16 04:32:59.526 20628 20787 I [SC]SyncSettingManager: getCategory: com.sec.android.app.shealth.cloudsync
04-16 04:32:59.531 20786 20809 W libc    : Access denied finding property "sys.perf.boostopt"
04-16 04:32:59.550 20628 20766 I [SC]SyncSettingManager: getContentVo: com.samsung.android.aremoji.cloud, vIrDKrcNqn
04-16 04:32:59.582  5628 16160 D MotionRecognitionService: values = 100.0
04-16 04:32:59.582  5628 16160 D MotionRecognitionService: onReceive lux: 100.0  action:
04-16 04:32:59.582  5628 16160 D MotionRecognitionService: Inject brightness form Cam 100.0
04-16 04:32:59.582  5628 16160 D MotionRecognitionService: Inject calibrated lux
04-16 04:32:59.586  5271  5271 I SensorsHub: AutoBrightnessSensor::injectSensorData: camLux 100
04-16 04:32:59.590 20022 20148 W libc    : Access denied finding property "sys.perf.boostopt"
04-16 04:32:59.596 20786 20786 W ziparchive: Unable to open '/system/framework/SmpsManager.dm': No such file or directory
04-16 04:32:59.596 20786 20786 W ziparchive: Unable to open '/system/framework/SmpsManager.dm': No such file or directory
04-16 04:32:59.601 20628 20789 I [SC]SyncPackageRemoved: execute: com.samsung.android.memo
04-16 04:32:59.601 20628 20789 I [SC]SyncSettingManager: getCategory: com.samsung.android.memo
04-16 04:32:59.641 20153 20177 I PerfettoCapture: Perfetto output file cleanup -
04-16 04:32:59.641 20153 20177 I PerfettoCapture: Starting perfetto tracing with cmd: cat /storage/emulated/0/Android/data/org.jetbrains.android_benchmark.test/cache/trace_config.pb | perfetto --background -c - -o /data/misc/perfetto-traces/trace_output.pb
04-16 04:32:59.783  5628 16160 D MotionRecognitionService: values = 100.0
04-16 04:32:59.783  5628 16160 D MotionRecognitionService: onReceive lux: 100.0  action:
04-16 04:32:59.783  5628 16160 D MotionRecognitionService: Inject brightness form Cam 100.0
04-16 04:32:59.783  5628 16160 D MotionRecognitionService: Inject calibrated lux
04-16 04:32:59.785  5271  5271 I SensorsHub: AutoBrightnessSensor::injectSensorData: camLux 100
04-16 04:32:59.822 20832 20832 I perfetto:    perfetto_cmd.cc:1001 Connected to the Perfetto traced service, starting tracing
04-16 04:32:59.824  5406  5406 I perfetto: ing_service_impl.cc:953 Configured tracing session 51, #sources:4, duration:0 ms, #buffers:2, total buffer size:36864 KB, total sessions:1, uid:2000 session name: ""
04-16 04:32:59.826  5403  5403 I perfetto:  probes_producer.cc:139 Ftrace setup (target_buf=101)
04-16 04:32:59.865 20153 20177 I PerfettoCapture: Perfetto output - 20832
04-16 04:32:59.865 20153 20177 I PerfettoCapture: EXITCODE=0
04-16 04:32:59.909  5628  5714 W libprocessgroup: Failed to open /dev/blkio//cgroup.procs: No such file or directory
04-16 04:32:59.921 20786 20834 E Drawable: Unable to decode stream: android.graphics.ImageDecoder$DecodeException: Failed to create image decoder with message 'unimplemented'Input contained an error.
04-16 04:32:59.947  9223  9223 I SCS@AiSearch user 0: (ObserverWorker::AOSP_MP) [main] entering in startWork():
04-16 04:32:59.948  9223  9223 I SCS@AiSearch user 0: (BaseCollector::AOSP_MP) [main] entering in onChange():
04-16 04:32:59.949  9223  9351 I SCS@AiSearch user 0: (BaseCollector::AOSP_MP) [AOSP_MP-0] entering in collectChanges():
04-16 04:32:59.964  4378  4378 I hwservicemanager: getTransport: Cannot find entry android.hardware.atrace@1.0::IAtraceDevice/default in either framework or device VINTF manifest.
04-16 04:32:59.983  5628 16160 D MotionRecognitionService: values = 100.0
04-16 04:32:59.983  5628 16160 D MotionRecognitionService: onReceive lux: 100.0  action:
04-16 04:32:59.984  5628 16160 D MotionRecognitionService: Inject brightness form Cam 100.0
04-16 04:32:59.984  5628 16160 D MotionRecognitionService: Inject calibrated lux
04-16 04:32:59.989 20153 20177 I PerfettoCapture: Perfetto tracing started successfully with pid 20832.
04-16 04:32:59.991  5271  5271 I SensorsHub: AutoBrightnessSensor::injectSensorData: camLux 100
04-16 04:32:59.995  5628 11213 D PackageManager: setEnabledSetting : userId = 0 packageName = com.samsung.android.scs cmp = androidx.work.impl.background.systemalarm.RescheduleReceiver newState = 1 callingPackage = 10380/com.samsung.android.scs
04-16 04:32:59.997  5628 11213 D ApplicationPolicy: getApplicationStateEnabled : pkg = com.samsung.android.scs userId : 0
04-16 04:32:59.998  5628 11213 D ApplicationPolicy: getApplicationComponentState : pkg = com.samsung.android.scs userId : 0
04-16 04:33:00.006  5403  5403 I perfetto:    ftrace_procfs.cc:335 enabled ftrace in /sys/kernel/tracing/
04-16 04:33:00.026  8513  9203 D QSClockBellTower: onReceive(android.intent.action.TIME_TICK) mTimeZoneString:null
04-16 04:33:00.028  8513  8513 D KeyguardUpdateMonitor: received broadcast android.intent.action.TIME_TICK
04-16 04:33:00.031  8513  8513 D QSClockBellTower: He is ready to ring the bell. (((QSClockBellSound - TimeText:04:33, TimeContentDescription:04:33, DateText:Sun, 16 April, ShortDateText:Sun, 16 Apr, Demo:false, QuickStar-Second(false|12:34:56))))
04-16 04:33:00.032  8513  8513 D QSClockIndicatorView: Home Indicator status_bar_clock 04:33 notifyTimeChanged(QSClockBellSound - TimeText:04:33, TimeContentDescription:04:33, DateText:Sun, 16 April, ShortDateText:Sun, 16 Apr, Demo:false, QuickStar-Second(false|12:34:56)) ClockVisibleByPolicy:true, ClockVisibleByUser:true, visible?false, parent:android.widget.LinearLayout{883fb58 V.E...... ......I. 0,0-0,55 #7f0b04f0 app:id/left_clock_container}
04-16 04:33:00.033  8513  8513 D QSClockBellTower: Everyone heard the bell. run(currentTime:1681612380029,   getTime():Sun Apr 16 04:33:00 GMT+02:00 2023,   getTimeZone():libcore.util.ZoneInfo[mDstSavings=3600000,mUseDst=true,mDelegate=[id="Europe/Belgrade",mRawOffset=3600000,mEarliestRawOffset=4920000,transitions=119]])
04-16 04:33:00.036  8513  8513 D KeyguardUpdateMonitor: handleTimeUpdate
04-16 04:33:00.038  8513  8513 D FaceWidgetPagesController: onTimeChanged()
04-16 04:33:00.054  8513  8513 I FaceWidgetPositionAlgorithm: getClockContainerHeight() supplier = 270, bottom margin = 0, real height = 813
04-16 04:33:00.054  8513  8513 I FaceWidgetPositionAlgorithm: getClockContainerHeight() supplier = 270, bottom margin = 63, real height = 813
04-16 04:33:00.055  8513  8513 I FaceWidgetPositionAlgorithm: getMediaContainerHeight() height = 0 container Visibility = 8, isValid = false, mIsDozing = false, fraction = 1.0, source = 0, target = 0
04-16 04:33:00.055  8513  8513 I FaceWidgetPositionAlgorithm: getMediaContainerHeight() supplier = 0
04-16 04:33:00.058  8513  8513 V QsExpandAnimator: setQsExpansionPosition 0.0
04-16 04:33:00.064  8513  8513 V QsExpandAnimator: updateAnimators
04-16 04:33:00.064  8513  8513 V QsExpandAnimator: clearAnimationState
04-16 04:33:00.065  8513  8513 V QsExpandAnimator: updateViews
04-16 04:33:00.071  8513  8513 V QsExpandAnimator: updateTileAnimator
04-16 04:33:00.074  8513  8513 V QsExpandAnimator: updateHeaderAnimator
04-16 04:33:00.075  8513  8513 V QsExpandAnimator: updateBarAnimator
04-16 04:33:00.075  8513  8513 V QsExpandAnimator: setQsExpansionPosition 0.0
04-16 04:33:00.075  8513  8513 V QsExpandAnimator: onAnimationAtStart
04-16 04:33:00.105 20153 20177 I PerfettoCapture: /sys/kernel/tracing/tracing_on = 1, polled 0 times, capture fully started
04-16 04:33:00.107 20153 20177 D Benchmark: Set 20177 (Bench thread) to priority -20. Was -8, now -20
04-16 04:33:00.107 20153 20177 D Benchmark: Set 20162 (Jit) to priority -15. Was 9, now -15
04-16 04:33:00.107  9223  9351 I SCS@AiSearch user 0: (BaseCollector::AOSP_MP) fetchInternal values : maxSyncId: 1000007641 indexCount: 1745 sourceCount: 1745
04-16 04:33:00.117 20786 20786 I FirebaseApp: Device unlocked: initializing all Firebase APIs for app [DEFAULT]
04-16 04:33:00.147 20153 20177 I _benchmark.test: Explicit concurrent copying GC freed 36066(1086KB) AllocSpace objects, 1(20KB) LOS objects, 68% free, 2862KB/9006KB, paused 297us,113us total 39.483ms
04-16 04:33:00.148 20357 20369 W libc    : Access denied finding property "sys.perf.boostopt"
04-16 04:33:00.184  5628 16160 D MotionRecognitionService: values = 100.0
04-16 04:33:00.185  5628 16160 D MotionRecognitionService: onReceive lux: 100.0  action:
04-16 04:33:00.185  5628 16160 D MotionRecognitionService: Inject brightness form Cam 100.0
04-16 04:33:00.185  5628 16160 D MotionRecognitionService: Inject calibrated lux
04-16 04:33:00.188  5271  5271 I SensorsHub: AutoBrightnessSensor::injectSensorData: camLux 100
04-16 04:33:00.224 20786 20786 I FirebaseInitProvider: FirebaseApp initialization successful
04-16 04:33:00.234  9223  9351 I SCS@AiSearch user 0: (IndexManager) [AOSP_MP-0] entering in addIndex():
04-16 04:33:00.239  9223  9351 I SCS@AiSearch user 0: (BaseCollector::AOSP_MP) fetch: fetching took  216 ms
04-16 04:33:00.240  9223  9351 I SCS@AiSearch user 0: (BaseCollector::AOSP_MP) fetchChanges: applied 0 items
04-16 04:33:00.240  9223  9351 I SCS@AiSearch user 0: (BaseCollector::AOSP_MP) Collect finished. Result: true
04-16 04:33:00.244  9223  9351 I SCS@AiSearch user 0: (BaseCollector::AOSP_MP) enqueue ObserverWorker name: com.sec.android.app.myfiles, policy: APPEND_OR_REPLACE
04-16 04:33:00.245  9223  9327 I WM-WorkerWrapper: Worker result SUCCESS for Work [ id=022f1f43-691d-46c6-a63b-8c26e6851c74, tags={ com.sec.android.app.myfiles, com.samsung.android.scs.ai.search.data.collector.ObserverWorker } ]
04-16 04:33:00.302  5628  5712 I libprocessgroup: Successfully killed process cgroup uid 10256 pid 17327 in 5ms
04-16 04:33:00.314 20786 20786 I SENL$ShareFileProvider: attachInfo, ProviderInfo info: ContentProviderInfo{name=com.samsung.android.app.notes.shareprovider className=com.samsung.android.support.senl.nt.base.framework.provider.ShareFileProvider}
04-16 04:33:00.354  5271  5271 I SensorsHub: batch: handle=17 period=1000000 timeout=0
04-16 04:33:00.359  5628  8565 D SensorService: Calling activate off
04-16 04:33:00.360  5250  5250 I Zygote  : Process 17327 exited due to signal 9 (Killed)
04-16 04:33:00.367  5628 11466 D PackageManager: setEnabledSetting : userId = 0 packageName = com.samsung.android.scs cmp = androidx.work.impl.background.systemalarm.RescheduleReceiver newState = 1 callingPackage = 10380/com.samsung.android.scs
04-16 04:33:00.371  5628 11466 D ApplicationPolicy: getApplicationStateEnabled : pkg = com.samsung.android.scs userId : 0
04-16 04:33:00.372  5628 11466 D ApplicationPolicy: getApplicationComponentState : pkg = com.samsung.android.scs userId : 0
04-16 04:33:00.377 20786 20786 I [scsettingv2std][2.0.13.0]: onCreate:
04-16 04:33:00.385  5628 16160 D MotionRecognitionService: values = 100.0
04-16 04:33:00.386  5628 16160 D MotionRecognitionService: onReceive lux: 100.0  action:
04-16 04:33:00.386  5628 16160 D MotionRecognitionService: Inject brightness form Cam 100.0
04-16 04:33:00.386  5628 16160 D MotionRecognitionService: Inject calibrated lux
04-16 04:33:00.387  5271  5271 I SensorsHub: AutoBrightnessSensor::injectSensorData: camLux 100
04-16 04:33:00.388 20786 20786 I SENL$HashTagNoteProvider: onCreate
04-16 04:33:00.397 20786 20786 I SENL$ClipDataContentProvider: attachInfo, ProviderInfo info: ContentProviderInfo{name=com.samsung.android.app.notes.clipdatacontentprovider className=com.samsung.android.support.senl.nt.base.framework.provider.ClipDataContentProvider}
04-16 04:33:00.409 20786 20786 I SENL$NotesMain$ManageTrashProvider: onCreate
04-16 04:33:00.414 20786 20786 I CapsuleProvider_1.0.23: onCreate
04-16 04:33:00.417 20786 20786 I SENL$SC/SDocCountProvider: onCreate()
04-16 04:33:00.453 20786 20786 I SENL$NotesData$NotesDatabaseManager: getDatabase, inMemory : false
04-16 04:33:00.465  7135  7135 I Finsky  : [2] yjl.onStartJob(4): SCH: job service start with id 9664.
04-16 04:33:00.502  7135 19745 I Finsky  : [391] yhy.a(66): SCH: Satisfied jobs for 9664 are: 12-1
04-16 04:33:00.513  7135 20858 I Finsky  : [397] xtv.accept(50): SCH: Job 12-1 starting
04-16 04:33:00.518  7135  7135 I Finsky  : [2] ContentSyncJob.v(3): [ContentSync] job started
04-16 04:33:00.526 20786 20786 E SENL$NotesData$NotesSQLiteOpenHelperFactory: enableDataRecovery, e : com.samsung.android.app.notes.data.database.core.sqlite.NotesSQLiteOpenHelper.semSetUserDataRecoveryEnabled [boolean]
04-16 04:33:00.556  5628 20857 D TrafficStats: tagSocket(969) with statsTag=0xffffffff, statsUid=-1
04-16 04:33:00.563 20786 20786 I SENL$NotesMain$SettingsSearchProvider: onCreate#
04-16 04:33:00.563 20786 20786 I SENL$NotesMain$SettingsSearchProvider: initMainScreenMenus#
04-16 04:33:00.573 20786 20786 I SENL$UserHandleCompat: Main user!
04-16 04:33:00.584 20786 20786 I SENL$SC/CommonUtils: hasCloudSetting: true <- ver >= 5.0.5
04-16 04:33:00.587  5628 16160 D MotionRecognitionService: values = 100.0
04-16 04:33:00.587  5628 16160 D MotionRecognitionService: onReceive lux: 100.0  action:
04-16 04:33:00.587  5628 16160 D MotionRecognitionService: Inject brightness form Cam 100.0
04-16 04:33:00.587  5628 16160 D MotionRecognitionService: Inject calibrated lux
04-16 04:33:00.588  5271  5271 I SensorsHub: AutoBrightnessSensor::injectSensorData: camLux 100
04-16 04:33:00.600 20786 20786 I SENL$NotesMain$SettingsSearchProvider: initImportScreenMenus#
04-16 04:33:00.604 20786 20786 I SENL$SystemPropertiesCompat: getDeviceType, deviceType : phone
04-16 04:33:00.604 20786 20786 I SENL$NotesMain$SettingsSearchProvider: initLookWhenSavedScreenMenus#
04-16 04:33:00.605 20786 20786 I SENL$NotesMain$SettingsSearchProvider: initLockScreenMenus#
04-16 04:33:00.616 20786 20786 W SENL$LockUtils: password is not set
04-16 04:33:00.629 20786 20786 I SENL$NotesMain$SettingsSearchProvider: secQueryGetFingerprint#
04-16 04:33:00.654 20786 20814 E SENL$SC/@NotesSyncRpcProvider: isSupported() : java.lang.NullPointerException: Attempt to invoke interface method 'android.content.Context d0.a.getAppContext()' on a null object reference
04-16 04:33:00.654 20786 20814 I SENL$SC/@NotesSyncRpcProvider: isSupported() : true
04-16 04:33:00.655 20786 20814 I [scsettingv2std][2.0.13.0]: isSupported: true
04-16 04:33:00.656 20628 20772 I [SC][DEPENDENCY][STD][com.samsung.android.app.notes.sync][STANDALONE]: isSupported: true
04-16 04:33:00.658 20786 20814 E SENL$SC/@NotesSyncRpcProvider: getAutoSync() : java.lang.NullPointerException: Attempt to invoke interface method 'android.content.Context d0.a.getAppContext()' on a null object reference
04-16 04:33:00.658 20786 20814 I SENL$SC/@NotesSyncRpcProvider: getAutoSync() : false
04-16 04:33:00.658 20786 20814 I [scsettingv2std][2.0.13.0]: getAutoSync: false
04-16 04:33:00.660 20628 20772 I [SC][DEPENDENCY][STD][com.samsung.android.app.notes.sync][STANDALONE]: getAutoSync: false
04-16 04:33:00.669 20786 20786 I SENL$NotesData$NotesDatabaseManager: init!
04-16 04:33:00.675 20786 20786 I SENL$NotesData$RequestBuilder: request, runnable : com.samsung.android.app.notes.data.repository.category.NotesCategoryTreeRepository$2@62185ec
04-16 04:33:00.677 20786 20786 I SENL$NotesData$RequestBuilder: executeOn, executor : com.samsung.android.app.notes.data.database.core.executor.NotesDataTaskExecutor$2@39c1db5
04-16 04:33:00.677 20786 20786 I SENL$NotesData$RequestBuilder: execute, mDelegate : com.samsung.android.app.notes.data.database.core.executor.NotesDataTaskExecutor$2@39c1db5
04-16 04:33:00.677 20786 20786 I SENL$NotesData$RequestBuilder: setDefaultExecutor, mDelegate : com.samsung.android.app.notes.data.database.core.executor.NotesDataTaskExecutor$2@39c1db5
04-16 04:33:00.687 20786 20864 I SENL$NotesData$RequestBuilder: run - start
04-16 04:33:00.687 20786 20864 I SENL$NotesData$RequestBuilder: executeRunnable
04-16 04:33:00.688 20786 20814 I SENL$SC/SyncSettingsUtil: SETTINGS_WIFI_SYNC_ONLY is true
04-16 04:33:00.689 20786 20814 I SENL$SC/@NotesSyncRpcProvider: getNetworkOption() : 1
04-16 04:33:00.689 20786 20814 I [scsettingv2std][2.0.13.0]: getNetworkOption: 1
04-16 04:33:00.691 20628 20772 I [SC][DEPENDENCY][STD][com.samsung.android.app.notes.sync][STANDALONE]: getNetworkOption: 1
04-16 04:33:00.691 20786 20786 I SENL$NotesData$MainListRepository: getAll_LiveData with param
04-16 04:33:00.691 20628 20772 I [SC]SyncSettingManager: getCategory: com.samsung.android.app.notes.sync
04-16 04:33:00.692 20786 20786 I SENL$NotesData$SortQuery: getSortColumn, column : lastModifiedAt, sortType : 2
04-16 04:33:00.696 20786 20864 I SENL$NotesData$NotesCategoryTreeRepository: getCategoryEntity, targetUuid : uncategorized:///
04-16 04:33:00.698 20628 20772 I [SC]SyncSettingManager: getIsSyncable: com.samsung.android.app.notes.sync
04-16 04:33:00.707 20786 20814 E SENL$SC/@NotesSyncRpcProvider: getIsSyncable() : java.lang.NullPointerException: Attempt to invoke interface method 'android.content.Context d0.a.getAppContext()' on a null object reference
04-16 04:33:00.707 20786 20814 I SENL$SC/@NotesSyncRpcProvider: getIsSyncable() : 1
04-16 04:33:00.707 20786 20814 I [scsettingv2std][2.0.13.0]: getIsSyncable: 1
04-16 04:33:00.709 20628 20772 I [SC][DEPENDENCY][STD][com.samsung.android.app.notes.sync][STANDALONE]: getIsSyncable: 1
04-16 04:33:00.709 20628 20772 I [SC]SyncSettingManager: setSyncStatus: SyncStatusVo{authority='com.samsung.android.app.notes.sync', state='INACTIVE', errorCode='999'}
04-16 04:33:00.712 20628 20772 I [SC]SyncSettingManager: getContentVo: com.samsung.android.app.notes.sync, aWluBInwWH
04-16 04:33:00.737 20786 20864 I SENL$NotesData$NotesSQLiteCursorFactory: getDbSize
04-16 04:33:00.737 20786 20864 I SENL$NotesData$NotesSQLiteCursorFactory: getDbSize:188416
04-16 04:33:00.739 20786 20786 I SENL$PackageManagerCompat: is Memo package? false
04-16 04:33:00.758 20786 20786 I SENL$BixbyManager: setup activate : true
04-16 04:33:00.761 20786 20786 I SENL$BixbyExecutor: BixbyExecutor
04-16 04:33:00.762 20786 20786 I CapsuleProvider_1.0.23: releasing initialize wait lock.
04-16 04:33:00.763 20786 20786 I SENL$BixbyExecutor: addActionHandler
04-16 04:33:00.765 20786 20864 I SENL$NotesData$NotesCategoryTreeRepository: getCategoryEntity, targetUuid : trash:///
04-16 04:33:00.767 20786 20864 I SENL$NotesData$NotesCategoryTreeRepository: getCategoryEntity, targetUuid : old:///
04-16 04:33:00.773  5628 20857 D WifiConnectivityMonitor.DnsThread:  [|217]
04-16 04:33:00.774 20786 20864 I SENL$NotesData$NotesCategoryTreeRepository: getCategoryEntity, targetUuid : 1
04-16 04:33:00.774 20786 20786 I SENL$SC/@SyncInitializer: quickInitialize() start
04-16 04:33:00.775 20786 20786 I SENL$SC/@SyncInitializer: quickInitialize() finish
04-16 04:33:00.775 20786 20864 I SENL$NotesData$NotesCategoryTreeRepository: getCategoryEntity, targetUuid : 2
04-16 04:33:00.775  5628  8444 D WifiConnectivityMonitor.NetworkStatsAnalyzer: DNS resultType : 0, responseTime : 217
04-16 04:33:00.776  5628  8438 D OpenNetworkQos[4.00]: updateBssidLatestDnsResultType - result: 0
04-16 04:33:00.776  5628  8438 D OpenNetworkQos[4.00]: updateBssidNoInternet: mBssidNoInternet = false
04-16 04:33:00.776  5628  8438 D OpenNetworkQos[4.00]: getOpenNetworkQosNoInternetStatus: false
04-16 04:33:00.776  5628  8438 D OpenNetworkQos[4.00]: getOpenNetworkQosScores: 26 26 30
04-16 04:33:00.776 20786 20864 I SENL$NotesData$RequestBuilder: success
04-16 04:33:00.776 20786 20864 I SENL$NotesData$RequestBuilder: run - end
04-16 04:33:00.776  5628  8438 I WifiProfileShare: network QoS data was changed (internet), updateQoSData networkType: true, qosData: false
04-16 04:33:00.778  5628  9412 V WifiProfileShare.Caster: update wips network, size: 0
04-16 04:33:00.778 20786 20786 I SENL$MemoApplication: sendRestoreDocumentAction, send restore action - start
04-16 04:33:00.778  5628  9412 D WifiProfileShare: nearby scanning settings run
04-16 04:33:00.778  5628  9412 D WifiProfileShare: network score provider settings enabled
04-16 04:33:00.778 20786 20786 I SENL$MemoApplication: sendRestoreDocumentAction, send restore action - end
04-16 04:33:00.779  5628  9412 D OpenNetworkQos[4.00]: getOpenNetworkQosScores: 26 26 30
04-16 04:33:00.779  5628  9412 D OpenNetworkQos[4.00]: getOpenNetworkQosNoInternetStatus: false
04-16 04:33:00.779  5628  9412 I WifiProfileShare.Caster: current network type: 0, score: [26, 26, 30]
04-16 04:33:00.780  5628  9412 V WifiProfileShare.Cache: update network score 00:e4:06:**:**:90
04-16 04:33:00.780  5628  9412 D WifiProfileShare.ScanMatcher: getMcfDataList size:2
04-16 04:33:00.781  5628  9412 I WifiProfileShare.Caster: qos data was updated , before:type:QOS, pBssid:51:2e:90, qosData:7c after:type:QOS, pBssid:51:2e:90, qosData:7c
04-16 04:33:00.785  5628  9412 I [MCFSDK_android_1.2.4010]_4_b: isNetworkEnabled - type : 1 ret : true
04-16 04:33:00.785  5628  9412 D WifiProfileShare.McfCast: -ME--- mIsNetworkEnabled :true
04-16 04:33:00.785  5628  9412 D WifiProfileShare.McfCast: updateQoSData ignored, same contents
04-16 04:33:00.785  5628  9412 D WifiProfileShare.MCF: success update QosData !
04-16 04:33:00.786  5628  9412 I [MCFSDK_android_1.2.4010]_4_b: isNetworkEnabled - type : 1 ret : true
04-16 04:33:00.786  5628  9412 D WifiProfileShare.McfCast: -ME--- mIsNetworkEnabled :true
04-16 04:33:00.786  5628  9412 D WifiProfileShare.McfCast: -ME--- updatePasswordDate pwdData size:2
04-16 04:33:00.788  5628 16160 D MotionRecognitionService: values = 100.0
04-16 04:33:00.788  5628 16160 D MotionRecognitionService: onReceive lux: 100.0  action:
04-16 04:33:00.788  5628 16160 D MotionRecognitionService: Inject brightness form Cam 100.0
04-16 04:33:00.788  5628 16160 D MotionRecognitionService: Inject calibrated lux
04-16 04:33:00.789  5271  5271 I SensorsHub: AutoBrightnessSensor::injectSensorData: camLux 100
04-16 04:33:00.828  9877  9877 D BoundBrokerSvc: onUnbind: Intent { act=com.google.android.gms.feedback.internal.IFeedbackService dat=chimera-action:/... cmp=com.google.android.gms/.chimera.GmsBoundBrokerService }
04-16 04:33:00.882 23292 23292 D BoundBrokerSvc: onUnbind: Intent { act=com.google.android.gms.icing.LIGHTWEIGHT_INDEX_SERVICE dat=chimera-action:/... cmp=com.google.android.gms/.chimera.PersistentApiService }
04-16 04:33:00.988  5628 16160 D MotionRecognitionService: values = 100.0
04-16 04:33:00.989  5628 16160 D MotionRecognitionService: onReceive lux: 100.0  action:
04-16 04:33:00.989  5628 16160 D MotionRecognitionService: Inject brightness form Cam 100.0
04-16 04:33:00.989  5628 16160 D MotionRecognitionService: Inject calibrated lux
04-16 04:33:00.991  5271  5271 I SensorsHub: AutoBrightnessSensor::injectSensorData: camLux 100
04-16 04:33:01.189  5628 16160 D MotionRecognitionService: values = 100.0
04-16 04:33:01.189  5628 16160 D MotionRecognitionService: onReceive lux: 100.0  action:
04-16 04:33:01.190  5628 16160 D MotionRecognitionService: Inject brightness form Cam 100.0
04-16 04:33:01.190  5628 16160 D MotionRecognitionService: Inject calibrated lux
04-16 04:33:01.192  5271  5271 I SensorsHub: AutoBrightnessSensor::injectSensorData: camLux 100
04-16 04:33:01.244 20153 20177 D Benchmark: timeNs[ 0:10]: 559 560 523 549 549 493 438 438 435 566
04-16 04:33:01.244 20153 20177 D Benchmark: timeNs[10:20]: 465 492 502 446 445 437 439 441 515 447
04-16 04:33:01.244 20153 20177 D Benchmark: timeNs[20:30]: 453 569 446 443 446 441 457 444 476 544
04-16 04:33:01.244 20153 20177 D Benchmark: timeNs[30:40]: 529 445 452 447 434 437 490 468 440 439
04-16 04:33:01.244 20153 20177 D Benchmark: timeNs[40:50]: 436 440 438 439 473 479 494 439 436 434
04-16 04:33:01.315 20153 20177 W _benchmark.test: Suspending all threads took: 32.515ms
04-16 04:33:01.323 20153 20177 W _benchmark.test: Suspending all threads took: 6.815ms
04-16 04:33:01.349 20153 20177 D Benchmark: allocationCount[ 0:10]: 1 1 1 1 1
04-16 04:33:01.350 20153 20177 D Benchmark: Set 20177 (Bench thread) to priority -8. Was -20, now -8
04-16 04:33:01.350 20153 20177 D Benchmark: Set 20162 (Jit) to priority 9. Was -15, now 9
04-16 04:33:01.350 20153 20177 D Benchmark: Warmup: t=0.291, iter=59277, fastAvg=3973, slowAvg=3884
04-16 04:33:01.350 20153 20177 I PerfettoCapture: Stopping perfetto.
04-16 04:33:01.379 20832 20832 I perfetto:    perfetto_cmd.cc:1168 SIGINT/SIGTERM received: disabling tracing.
04-16 04:33:01.381 20153 20177 D Benchmark: kill -TERM command output -
04-16 04:33:01.391  5403  5403 I perfetto:  probes_producer.cc:396 Producer stop (id=201)
04-16 04:33:01.390  5628 16160 D MotionRecognitionService: values = 100.0
04-16 04:33:01.392  5628 16160 D MotionRecognitionService: onReceive lux: 100.0  action:
04-16 04:33:01.392  5628 16160 D MotionRecognitionService: Inject brightness form Cam 100.0
04-16 04:33:01.392  5628 16160 D MotionRecognitionService: Inject calibrated lux
04-16 04:33:01.393  5403  5403 I perfetto:    ftrace_procfs.cc:342 disabled ftrace in /sys/kernel/tracing/
04-16 04:33:01.396  5271  5271 I SensorsHub: AutoBrightnessSensor::injectSensorData: camLux 100
04-16 04:33:01.441  5628  9811 D SemWifiUsabilityStatsMonitor: onWifiUsabilityStats - seqNum 4831, isSameBssidAndFreq true
04-16 04:33:01.445  8513  8513 D NetworkController.WifiSignalController: notifyListener: visible=true, connected=true, inetCondition=1, isDefault=true, wifiTestReported=true, receivedInetCondition=-1, hideDuringMobileSwitching=false
04-16 04:33:01.446  5628  8422 I SemWifiLinkQualityMonitor: Link Qos Query: 0.023 ms / 351.000 Mbps (351 / 0.000 / 1.000)
04-16 04:33:01.448  8513  8599 D Tile.WifiTile: handleUpdateState isTransient=false transientEnabling =false cb.isTransient=false state.state = 2 mStateBeforeClick.value =false enabled =true
04-16 04:33:01.460  4378  4378 I hwservicemanager: getTransport: Cannot find entry android.hardware.atrace@1.0::IAtraceDevice/default in either framework or device VINTF manifest.
04-16 04:33:01.467  5403  5403 I perfetto:  probes_producer.cc:396 Producer stop (id=202)
04-16 04:33:01.468  5403  5403 I perfetto:  probes_producer.cc:396 Producer stop (id=203)
04-16 04:33:01.492 20832 20832 I perfetto:    perfetto_cmd.cc:1124 Trace written into the output file
04-16 04:33:01.494  5406  5406 I perfetto: ng_service_impl.cc:2426 Tracing session 51 ended, total sessions:0
04-16 04:33:01.500 20153 20177 I PerfettoCapture: Writing to /storage/emulated/0/Android/data/org.jetbrains.android_benchmark.test/cache/FibonacciBenchmark_mutableRefLong_2023-04-16-02-33-01.perfetto-trace.
04-16 04:33:01.500 20530 20616 D [MdeResource]AutoSyncForAllItemsOffChecker: Status IDs : []
04-16 04:33:01.500 20530 20616 I ActionDispatcher: executeAction : tag = get/auto_backup_for_all_items_off
04-16 04:33:01.500 20530 20616 D [MdeResource]AutoBackupForAllItemsOffChecker: Status tag : backup
04-16 04:33:01.501 20530 20616 I [scsettingv2suggestion][2.0.11.0]: getStatusIds
04-16 04:33:01.502 20628 20645 I [SC]SCloudStatusProvider: tagId: backup, method: get_status_ids, arg: null
04-16 04:33:01.505 20628 20880 I [SC][AUTH]AuthUtil: getAuthData
04-16 04:33:01.559  7135 20861 I Finsky  : [400] jno.h(1): Completed 0 account content syncs with 0 successful.
04-16 04:33:01.559 20153 20177 D Benchmark: Copying /storage/emulated/0/Android/data/org.jetbrains.android_benchmark.test/cache/FibonacciBenchmark_mutableRefLong_2023-04-16-02-33-01.perfetto-trace to /sdcard/Android/media/org.jetbrains.android_benchmark.test/additional_test_output/FibonacciBenchmark_mutableRefLong_2023-04-16-02-33-01.perfetto-trace
04-16 04:33:01.560  7135  7135 I Finsky  : [2] ContentSyncJob.a(1): [ContentSync] Installation state replication succeeded.
04-16 04:33:01.561  7135  7135 I Finsky  : [2] yhz.r(4): SCH: jobFinished: 12-1. TimeElapsed: 1046ms.
04-16 04:33:01.586 10919 16444 W MediaProvider: isAppCloneUserPair for user 0: false
04-16 04:33:01.593  5628 16160 D MotionRecognitionService: values = 100.0
04-16 04:33:01.594  5628 16160 D MotionRecognitionService: onReceive lux: 100.0  action:
04-16 04:33:01.594  5628 16160 D MotionRecognitionService: Inject brightness form Cam 100.0
04-16 04:33:01.594  5628 16160 D MotionRecognitionService: Inject calibrated lux
04-16 04:33:01.601  5271  5271 I SensorsHub: AutoBrightnessSensor::injectSensorData: camLux 100
04-16 04:33:01.615  5628 11213 D SyncManager: userId - 0 auto - true
04-16 04:33:01.625  7135  7231 I Finsky  : [75] xtu.accept(57): SCH: Scheduling phonesky job Id: 1-1337, CT: 1681600250385, Constraints: [{ L: 43157031, D: 86357031, C: 1, I: 1, N: 1 }]
04-16 04:33:01.628  7135  7231 I Finsky  : [75] xtu.accept(57): SCH: Scheduling phonesky job Id: 34-3678, CT: 1681600447395, Constraints: [{ L: 79199809, D: 1375199809, C: 1, I: 1, N: 1 }]
04-16 04:33:01.649  7135  7231 I Finsky  : [75] xtt.apply(46): SCH: Scheduling 1 system job(s)
04-16 04:33:01.651  7135  7231 I Finsky  : [75] yhw.d(4): SCH: Scheduling system job Id: 9668, L: 31025767, D: 74225767, C: false, I: false, N: 1
04-16 04:33:01.665  7135 20858 I Finsky  : [397] yjl.a(16): SCH: job service finished with id 9664.
04-16 04:33:01.672 20153 20177 I Benchmark: FibonacciBenchmark.mutableRefLong[Metric (timeNs) results: median 446.9511361830605, min 434.8161449229302, max 569.9525663435563, standardDeviation: 42.74601006016899, Metric (allocationCount) results: median 1.0, min 1.0, max 1.0001191800413158, standardDeviation: 5.3298934788688625E-5]count=25172
04-16 04:33:01.678 20153 20177 D Benchmark: writing results to /storage/emulated/0/Android/data/org.jetbrains.android_benchmark.test/cache/org.jetbrains.android_benchmark.test-benchmarkData.json
04-16 04:33:01.681 20153 20177 D Benchmark: Copying /storage/emulated/0/Android/data/org.jetbrains.android_benchmark.test/cache/org.jetbrains.android_benchmark.test-benchmarkData.json to /sdcard/Android/media/org.jetbrains.android_benchmark.test/additional_test_output/org.jetbrains.android_benchmark.test-benchmarkData.json
04-16 04:33:01.715 10919 20413 I MediaProvider: Deleted 1 0 0 0 0 0 0 items on external_primary due to org.jetbrains.android_benchmark.test
04-16 04:33:01.715  5628  8565 D SyncManager: userId - 0 auto - true
04-16 04:33:01.716 23292 16748 I NetworkScheduler.Stats: Task com.google.android.gms/com.google.android.gms.ipa.base.IpaGcmTaskService started execution. cause:9 exec_start_elapsed_seconds: 45427 [CONTEXT service_id=218 ]
04-16 04:33:01.724 10919 16153 W MediaProvider: isAppCloneUserPair for user 0: false
04-16 04:33:01.735  5628 11213 D SyncManager: userId - 0 auto - true
04-16 04:33:01.737 20153 20177 I TestRunner: finished: mutableRefLong(org.jetbrains.android_benchmark.FibonacciBenchmark)
