04-18 00:47:54.818  2747  2799 I TestRunner: started: inlineDouble(org.jetbrains.android_benchmark.Wolf3dBenchmark)
04-18 00:47:54.821  2747  2747 I MonitoringInstr: Activities that are still in CREATED to STOPPED: 1
04-18 00:47:54.821  2747  2747 I MonitoringInstr: Finishing activity: androidx.benchmark.IsolationActivity@f5684be
04-18 00:47:54.827  2747  2799 I GrantPermissionCallable: Permission: android.permission.WRITE_EXTERNAL_STORAGE is already granted!
04-18 00:47:54.827  2747  2799 I GrantPermissionCallable: Permission: android.permission.READ_EXTERNAL_STORAGE is already granted!
04-18 00:47:54.827  2747  2799 D Benchmark: -- Running org.jetbrains.android_benchmark.Wolf3dBenchmark#inlineDouble --
04-18 00:47:54.827  2747  2799 D PerfettoCapture: Supported ABIs: arm64-v8a, armeabi-v7a, armeabi
04-18 00:47:54.827  2747  2799 D PerfettoCapture: Recording perfetto trace
04-18 00:47:54.870  2747  2799 I PerfettoCapture: Cleanup perfetto before starting.
04-18 00:47:55.076  2747  2799 I PerfettoCapture: Perfetto output file cleanup -
04-18 00:47:55.077  2747  2799 I PerfettoCapture: Starting perfetto tracing with cmd: cat /storage/emulated/0/Android/data/org.jetbrains.android_benchmark.test/cache/trace_config.pb | perfetto --background -c - -o /data/misc/perfetto-traces/trace_output.pb
04-18 00:47:55.257 10391 10391 I perfetto:    perfetto_cmd.cc:1001 Connected to the Perfetto traced service, starting tracing
04-18 00:47:55.259  5406  5406 I perfetto: ing_service_impl.cc:953 Configured tracing session 120, #sources:4, duration:0 ms, #buffers:2, total buffer size:36864 KB, total sessions:1, uid:2000 session name: ""
04-18 00:47:55.260  5403  5403 I perfetto:  probes_producer.cc:139 Ftrace setup (target_buf=239)
04-18 00:47:55.320  2747  2799 I PerfettoCapture: Perfetto output - 10391
04-18 00:47:55.320  2747  2799 I PerfettoCapture: EXITCODE=0
04-18 00:47:55.322  5628  5714 W libprocessgroup: Failed to open /dev/blkio//cgroup.procs: No such file or directory
04-18 00:47:55.331  4378  4378 I hwservicemanager: getTransport: Cannot find entry android.hardware.atrace@1.0::IAtraceDevice/default in either framework or device VINTF manifest.
04-18 00:47:55.358  5403  5403 I perfetto:    ftrace_procfs.cc:335 enabled ftrace in /sys/kernel/tracing/
04-18 00:47:55.361  8085  8085 I SCS@AiSearch user 0: (ObserverWorker::AOSP_MP) [main] entering in startWork():
04-18 00:47:55.362  8085  8085 I SCS@AiSearch user 0: (BaseCollector::AOSP_MP) [main] entering in onChange():
04-18 00:47:55.365  8085  8150 I SCS@AiSearch user 0: (BaseCollector::AOSP_MP) [AOSP_MP-0] entering in collectChanges():
04-18 00:47:55.379  5628  9014 D PackageManager: setEnabledSetting : userId = 0 packageName = com.samsung.android.scs cmp = androidx.work.impl.background.systemalarm.RescheduleReceiver newState = 1 callingPackage = 10380/com.samsung.android.scs
04-18 00:47:55.380  5628  9014 D ApplicationPolicy: getApplicationStateEnabled : pkg = com.samsung.android.scs userId : 0
04-18 00:47:55.382  5628  9014 D ApplicationPolicy: getApplicationComponentState : pkg = com.samsung.android.scs userId : 0
04-18 00:47:55.439  2747  2799 I PerfettoCapture: Perfetto tracing started successfully with pid 10391.
04-18 00:47:55.442  8085  8150 I SCS@AiSearch user 0: (BaseCollector::AOSP_MP) fetchInternal values : maxSyncId: 1000007771 indexCount: 1707 sourceCount: 1707
04-18 00:47:55.516  8085  8150 I SCS@AiSearch user 0: (IndexManager) [AOSP_MP-0] entering in addIndex():
04-18 00:47:55.523  8085  8150 I SCS@AiSearch user 0: (BaseCollector::AOSP_MP) fetch: fetching took  110 ms
04-18 00:47:55.523  8085  8150 I SCS@AiSearch user 0: (BaseCollector::AOSP_MP) fetchChanges: applied 0 items
04-18 00:47:55.524  8085  8150 I SCS@AiSearch user 0: (BaseCollector::AOSP_MP) Collect finished. Result: true
04-18 00:47:55.526  8085  8141 I WM-WorkerWrapper: Worker result SUCCESS for Work [ id=e17912b1-687f-446f-bf85-e9abebf55920, tags={ com.sec.android.app.myfiles, com.samsung.android.scs.ai.search.data.collector.ObserverWorker } ]
04-18 00:47:55.531  2747  2799 I PerfettoCapture: /sys/kernel/tracing/tracing_on = 1, polled 0 times, capture fully started
04-18 00:47:55.532  8085  8150 I SCS@AiSearch user 0: (BaseCollector::AOSP_MP) enqueue ObserverWorker name: com.sec.android.app.myfiles, policy: APPEND_OR_REPLACE
04-18 00:47:55.532  2747  2799 D Benchmark: Set 2799 (Bench thread) to priority -20. Was -8, now -20
04-18 00:47:55.532  2747  2799 D Benchmark: Set 2781 (Jit) to priority -15. Was 9, now -15
04-18 00:47:55.538  8085  8141 I WM-WorkerWrapper: Setting status to enqueued for b60b4d9f-221b-439d-8c1d-e183054d9598
04-18 00:47:55.564  2747  2799 I _benchmark.test: Explicit concurrent copying GC freed 6547(639KB) AllocSpace objects, 1(20KB) LOS objects, 67% free, 2896KB/9040KB, paused 381us,107us total 31.506ms
04-18 00:47:55.634  8085  8085 I SCS@AiSearch user 0: (SearchProvider) onTrimMemory(): 60
04-18 00:47:55.944  5628  9811 D SemWifiUsabilityStatsMonitor: onWifiUsabilityStats - seqNum 23705, isSameBssidAndFreq true
04-18 00:47:55.947  5628  8422 I SemWifiLinkQualityMonitor: Link Qos Query: 0.018 ms / 433.000 Mbps (433 / 0.000 / 1.000)
04-18 00:47:58.994  5628  9811 D SemWifiUsabilityStatsMonitor: onWifiUsabilityStats - seqNum 23706, isSameBssidAndFreq true
04-18 00:47:58.999  5628  8422 I SemWifiLinkQualityMonitor: Link Qos Query: 0.018 ms / 433.000 Mbps (433 / 0.000 / 1.000)
04-18 00:47:59.000  8513  8513 D NetworkController.WifiSignalController: notifyListener: visible=true, connected=true, inetCondition=1, isDefault=true, wifiTestReported=true, receivedInetCondition=-1, hideDuringMobileSwitching=false
04-18 00:47:59.001  8513  8599 D Tile.WifiTile: handleUpdateState isTransient=false transientEnabling =false cb.isTransient=false state.state = 2 mStateBeforeClick.value =false enabled =true
04-18 00:48:00.018  8513  9203 D QSClockBellTower: onReceive(android.intent.action.TIME_TICK) mTimeZoneString:null
04-18 00:48:00.081  8513  8513 D KeyguardUpdateMonitor: received broadcast android.intent.action.TIME_TICK
04-18 00:48:00.086  8513  8513 D QSClockBellTower: He is ready to ring the bell. (((QSClockBellSound - TimeText:00:48, TimeContentDescription:00:48, DateText:Tue, 18 April, ShortDateText:Tue, 18 Apr, Demo:false, QuickStar-Second(false|12:34:56))))
04-18 00:48:00.088  8513  8513 D QSClockIndicatorView: Home Indicator status_bar_clock 00:48 notifyTimeChanged(QSClockBellSound - TimeText:00:48, TimeContentDescription:00:48, DateText:Tue, 18 April, ShortDateText:Tue, 18 Apr, Demo:false, QuickStar-Second(false|12:34:56)) ClockVisibleByPolicy:true, ClockVisibleByUser:true, visible?false, parent:android.widget.LinearLayout{883fb58 V.E...... ......I. 0,0-0,55 #7f0b04f0 app:id/left_clock_container}
04-18 00:48:00.088  8513  8513 D QSClockBellTower: Everyone heard the bell. run(currentTime:1681771680084,   getTime():Tue Apr 18 00:48:00 GMT+02:00 2023,   getTimeZone():libcore.util.ZoneInfo[mDstSavings=3600000,mUseDst=true,mDelegate=[id="Europe/Belgrade",mRawOffset=3600000,mEarliestRawOffset=4920000,transitions=119]])
04-18 00:48:00.094  8513  8513 D KeyguardUpdateMonitor: handleTimeUpdate
04-18 00:48:00.096  8513  8513 D FaceWidgetPagesController: onTimeChanged()
04-18 00:48:00.103  8513  8513 I FaceWidgetPositionAlgorithm: getClockContainerHeight() supplier = 270, bottom margin = 0, real height = 813
04-18 00:48:00.104  8513  8513 I FaceWidgetPositionAlgorithm: getClockContainerHeight() supplier = 270, bottom margin = 63, real height = 813
04-18 00:48:00.104  8513  8513 I FaceWidgetPositionAlgorithm: getMediaContainerHeight() height = 0 container Visibility = 8, isValid = false, mIsDozing = false, fraction = 1.0, source = 0, target = 0
04-18 00:48:00.104  8513  8513 I FaceWidgetPositionAlgorithm: getMediaContainerHeight() supplier = 0
04-18 00:48:00.105  8513  8513 V QsExpandAnimator: setQsExpansionPosition 0.0
04-18 00:48:00.110  8513  8513 V QsExpandAnimator: updateAnimators
04-18 00:48:00.110  8513  8513 V QsExpandAnimator: clearAnimationState
04-18 00:48:00.110  8513  8513 V QsExpandAnimator: updateViews
04-18 00:48:00.111  8513  8513 V QsExpandAnimator: updateTileAnimator
04-18 00:48:00.112  8513  8513 V QsExpandAnimator: updateHeaderAnimator
04-18 00:48:00.112  8513  8513 V QsExpandAnimator: updateBarAnimator
04-18 00:48:00.113  8513  8513 V QsExpandAnimator: setQsExpansionPosition 0.0
04-18 00:48:00.113  8513  8513 V QsExpandAnimator: onAnimationAtStart
04-18 00:48:00.268  4376  4376 I lmkd    : 2(delay), 0(swap), 0(freelimit), 0(reentrymode) memory pressure events were skipped after a kill!
04-18 00:48:00.269  4376  4376 I lmkd    : cached 2, sandbox(not0) 0
04-18 00:48:00.272  5628  8409 I ChimeraAggressivePolicyHandler: executePolicy() - triggerSource: TRIGGER_SOURCE_LMKD
04-18 00:48:00.273  5628  8409 I ChimeraAggressivePolicyHandler: available memory: 1028620, free memory target: 870400, quit chimera
04-18 00:48:00.274  4376  4376 I lmkd    : Reclaim 'com.samsung.android.mobileservice' (9869), uid 10107, oom_score_adj 965, state 19 to free 60508kB rss, 29888kb swap
04-18 00:48:00.275  4376  4376 I lmkd    : Reclaimed 90396kB at oom_score_adj 850
04-18 00:48:00.291  5250  5250 I Zygote  : Process 9869 exited due to signal 9 (Killed)
04-18 00:48:00.293  5628  5712 I libprocessgroup: Successfully killed process cgroup uid 10107 pid 9869 in 0ms
04-18 00:48:01.297  5628 11220 D PackageManager: setEnabledSetting : userId = 0 packageName = com.Slack cmp = androidx.work.impl.background.systemalarm.RescheduleReceiver newState = 1 callingPackage = 10329/com.Slack
04-18 00:48:01.299  5628 11220 D ApplicationPolicy: getApplicationStateEnabled : pkg = com.Slack userId : 0
04-18 00:48:01.301  5628 11220 D ApplicationPolicy: getApplicationComponentState : pkg = com.Slack userId : 0
04-18 00:48:01.338  5628  5714 W libprocessgroup: Failed to open /dev/blkio//cgroup.procs: No such file or directory
04-18 00:48:01.343  8085  8085 I SCS@AiSearch user 0: (SearchProvider) onTrimMemory(): 60
04-18 00:48:01.361  8525  8765 D ConnectivityManager: StackLog: [android.net.ConnectivityManager.sendRequestForNetwork(ConnectivityManager.java:4191)] [android.net.ConnectivityManager.registerDefaultNetworkCallbackForUid(ConnectivityManager.java:4755)] [android.net.ConnectivityManager.registerDefaultNetworkCallback(ConnectivityManager.java:4722)] [android.net.ConnectivityManager.registerDefaultNetworkCallback(ConnectivityManager.java:4696)] [androidx.work.impl.utils.NetworkApi24.registerDefaultNetworkCallbackCompat(Unknown Source:10)] [androidx.work.impl.constraints.trackers.NetworkStateTracker24.startTracking(Unknown Source:15)] [androidx.work.impl.constraints.controllers.ConstraintController.replace(Unknown Source:130)] [androidx.work.impl.constraints.WorkConstraintsTrackerImpl.replace(Unknown Source:41)] [androidx.work.impl.background.greedy.GreedyScheduler.schedule(Unknown Source:300)] [androidx.work.impl.Schedulers.schedule(Unknown Source:149)] [androidx.work.impl.utils.EnqueueRunnable.run(Unknown Source:53)] [androidx.work.Worker$2.run$androidx$work$impl$utils$SerialExecutorImpl$Task(Unknown Source:4)] [androidx.work.Worker$2.run(Unknown Source:868)] [java.util.concurrent.ThreadPoolExecutor.runWorker(ThreadPoolExecutor.java:1137)] [java.util.concurrent.ThreadPoolExecutor$Worker.run(ThreadPoolExecutor.java:637)] [java.lang.Thread.run(Thread.java:1012)]
04-18 00:48:01.363  5628 11248 D ConnectivityService: requestNetwork for uid/pid:10329/8525 activeRequest: null callbackRequest: 15825 [NetworkRequest [ REQUEST id=15826, [ Capabilities: INTERNET&NOT_RESTRICTED&TRUSTED&NOT_VCN_MANAGED Uid: 10329 RequestorUid: 10329 RequestorPkg: com.Slack UnderlyingNetworks: Null] ]] callback flags: 0 order: 2147483647
04-18 00:48:01.365  5628  8367 D ConnectivityService:    accepting network in place of null
04-18 00:48:01.373  5628  8356 D WifiNetworkFactory: got request NetworkRequest [ REQUEST id=15826, [ Capabilities: INTERNET&NOT_RESTRICTED&TRUSTED&NOT_VCN_MANAGED Uid: 10329 RequestorUid: 10329 RequestorPkg: com.Slack UnderlyingNetworks: Null] ]
04-18 00:48:01.378  5628  8356 D UntrustedWifiNetworkFactory: got request NetworkRequest [ REQUEST id=15826, [ Capabilities: INTERNET&NOT_RESTRICTED&TRUSTED&NOT_VCN_MANAGED Uid: 10329 RequestorUid: 10329 RequestorPkg: com.Slack UnderlyingNetworks: Null] ]
04-18 00:48:01.378  5628  8356 D OemPaidWifiNetworkFactory: got request NetworkRequest [ REQUEST id=15826, [ Capabilities: INTERNET&NOT_RESTRICTED&TRUSTED&NOT_VCN_MANAGED Uid: 10329 RequestorUid: 10329 RequestorPkg: com.Slack UnderlyingNetworks: Null] ]
04-18 00:48:01.379  5628  8356 D MultiInternetWifiNetworkFactory: got request NetworkRequest [ REQUEST id=15826, [ Capabilities: INTERNET&NOT_RESTRICTED&TRUSTED&NOT_VCN_MANAGED Uid: 10329 RequestorUid: 10329 RequestorPkg: com.Slack UnderlyingNetworks: Null] ]
04-18 00:48:01.380  5628  8367 D ConnectivityService: Rematched networks [computed 1ms] [applied 5ms] [issued 9]
04-18 00:48:01.380  5628  8367 D ConnectivityService: NetworkReassignment :
04-18 00:48:01.380  5628  8367 D ConnectivityService:   15826 : null → 117
04-18 00:48:01.404  8525  8525 D ConnectivityManager: StackLog: [android.net.ConnectivityManager.unregisterNetworkCallback(ConnectivityManager.java:4863)] [androidx.work.impl.utils.NetworkApi21.unregisterNetworkCallbackCompat(Unknown Source:10)] [androidx.work.impl.constraints.trackers.NetworkStateTracker24.stopTracking(Unknown Source:15)] [androidx.work.impl.constraints.trackers.ConstraintTracker.removeListener(Unknown Source:24)] [androidx.work.impl.constraints.controllers.ConstraintController.replace(Unknown Source:81)] [androidx.work.impl.constraints.WorkConstraintsTrackerImpl.replace(Unknown Source:41)] [androidx.work.impl.background.greedy.GreedyScheduler.onExecuted(Unknown Source:55)] [androidx.work.impl.Processor.onExecuted(Unknown Source:59)] [com.bugsnag.android.DeliveryDelegate$1.run(Unknown Source:212)]
04-18 00:48:01.406  5628  8367 D ConnectivityService:  Removing from current network [117 WIFI], leaving 157 requests.
04-18 00:48:02.052  5628  9811 D SemWifiUsabilityStatsMonitor: onWifiUsabilityStats - seqNum 23707, isSameBssidAndFreq true
04-18 00:48:02.058  5628  8422 I SemWifiLinkQualityMonitor: Link Qos Query: 0.018 ms / 433.000 Mbps (433 / 0.000 / 1.000)
04-18 00:48:03.824  4376  4376 I lmkd    : cached 2, sandbox(not0) 0
04-18 00:48:03.832  4376  4376 I lmkd    : Reclaim 'com.facebook.services' (9791), uid 10076, oom_score_adj 955, state 19 to free 43820kB rss, 29724kb swap
04-18 00:48:03.833  4376  4376 I lmkd    : Reclaimed 73544kB at oom_score_adj 850
04-18 00:48:03.867  5250  5250 I Zygote  : Process 9791 exited due to signal 9 (Killed)
04-18 00:48:03.872  5628  5712 I libprocessgroup: Successfully killed process cgroup uid 10076 pid 9791 in 0ms
04-18 00:48:04.824  5628  5714 W libprocessgroup: Failed to open /dev/blkio//cgroup.procs: No such file or directory
04-18 00:48:05.094  5628  9811 D SemWifiUsabilityStatsMonitor: onWifiUsabilityStats - seqNum 23708, isSameBssidAndFreq true
04-18 00:48:05.097  5628  8422 I SemWifiLinkQualityMonitor: Link Qos Query: 0.018 ms / 433.000 Mbps (433 / 0.000 / 1.000)
04-18 00:48:05.999  4376  4376 I lmkd    : 1(delay), 0(swap), 0(freelimit), 0(reentrymode) memory pressure events were skipped after a kill!
04-18 00:48:06.000  4376  4376 I lmkd    : cached 2, sandbox(not0) 0
04-18 00:48:06.010  4376  4376 I lmkd    : Reclaim 'com.google.process.gservices' (10305), uid 10226, oom_score_adj 925, state 19 to free 40192kB rss, 30880kb swap
04-18 00:48:06.011  4376  4376 I lmkd    : Reclaimed 71072kB at oom_score_adj 850
04-18 00:48:06.012  5628  8409 I ChimeraAggressivePolicyHandler: executePolicy() - triggerSource: TRIGGER_SOURCE_LMKD
04-18 00:48:06.013  5628  8409 I ChimeraAggressivePolicyHandler: available memory: 1023960, free memory target: 870400, quit chimera
04-18 00:48:06.041  5250  5250 I Zygote  : Process 10305 exited due to signal 9 (Killed)
04-18 00:48:06.042  5628  5712 I libprocessgroup: Successfully killed process cgroup uid 10226 pid 10305 in 0ms
04-18 00:48:06.050   401   401 D BoundBrokerSvc: onUnbind: Intent { act=com.google.android.gms.gservices.START pkg=com.google.android.gms }
04-18 00:48:06.066  8492  8492 D SystemUIService: SYSUI_RAM_OPTIMIZATION onTrimMemory=10
04-18 00:48:06.072  9284  9284 W DeviceManager_FLP: onTrimMemory : 10
04-18 00:48:06.074  9284  9353 I GpsSessionManager_FLP: arrangeInvalidSessions
04-18 00:48:06.076 11006 11006 W DMASA[U]: [AppLogData]onTrimMemory(10):1681771686074
04-18 00:48:06.083  8513  8513 D SystemUIService: SYSUI_RAM_OPTIMIZATION onTrimMemory=10
04-18 00:48:06.093  5900  5900 I com.samsung.android.companionservice.service.WRCompanionServiceInterface: requestOnTrimMemory + level=10
04-18 00:48:06.095 11006 11006 I id.diagmonagent: Explicit concurrent copying GC freed 755(90KB) AllocSpace objects, 0(0B) LOS objects, 69% free, 2691KB/8835KB, paused 145us,67us total 18.818ms
04-18 00:48:06.096 28978 28978 I AiAi    : onTrimMemory() with level 10
04-18 00:48:06.097 11006 11006 W DMASA[C]: [DiagMonAgentApplication]onTrimMemory (10)
04-18 00:48:06.098  5900  5900 I [WF]_WatchFaceCompanion: onTrimMemory 10
04-18 00:48:06.101 28537 28537 I DWBTrimMemDispatcher: onTrimMemory(10)
04-18 00:48:06.102  8085  8085 I SCS@AiSearch user 0: (SearchProvider) onTrimMemory(): 80
04-18 00:48:06.107  6504  6504 W SmApplication: onTrimMemory : 10
04-18 00:48:06.115  6090  6090 I AppBase : AppBase.onTrimMemory():498 onTrimMemory(): 10
04-18 00:48:06.119 18530 18530 I Finsky  : [2] tes.onTrimMemory(1): Memory trim requested to level 10
04-18 00:48:06.121  6090  6090 I GoogleInputMethodService: GoogleInputMethodService.onTrimMemory():4517 onTrimMemory(): 10
04-18 00:48:06.215 18943 18943 D BoundBrokerSvc: onUnbind: Intent { act=com.google.android.gms.presencemanager.service.START dat=chimera-action:/... cmp=com.google.android.gms/.chimera.PersistentApiService }
04-18 00:48:06.222 18943 18943 D BoundBrokerSvc: onUnbind: Intent { act=com.google.android.gms.presencemanager.service.INTERNAL_IDENTITY dat=chimera-action:/... cmp=com.google.android.gms/.chimera.PersistentApiService }
04-18 00:48:07.172  5224  5224 E audit   : type=1400 audit(1681771687.166:60040): avc:  denied  { getattr } for  pid=5628 comm="BinderProcsColl" path="/sys/kernel/debug/binder/proc/5628" dev="debugfs" ino=25430 scontext=u:r:system_server:s0 tcontext=u:object_r:sec_debugfs:s0 tclass=file permissive=0 SEPF_SM-A515F_13_0001 audit_filtered
04-18 00:48:07.172  5224  5224 E audit   : type=1300 audit(1681771687.166:60040): arch=c00000b7 syscall=79 success=no exit=-13 a0=ffffff9c a1=7d1fe34560 a2=7cffd5d680 a3=0 items=0 ppid=5250 pid=5628 auid=4294967295 uid=1000 gid=1000 euid=1000 suid=1000 fsuid=1000 egid=1000 sgid=1000 fsgid=1000 tty=(none) ses=4294967295 comm="BinderProcsColl" exe="/system/bin/app_process64" subj=u:r:system_server:s0 key=(null)
04-18 00:48:07.172  5224  5224 E audit   : type=1327 audit(1681771687.166:60040): proctitle="system_server"
04-18 00:48:08.142  5628  9811 D SemWifiUsabilityStatsMonitor: onWifiUsabilityStats - seqNum 23709, isSameBssidAndFreq true
04-18 00:48:08.145  5628  8422 I SemWifiLinkQualityMonitor: Link Qos Query: 0.018 ms / 433.000 Mbps (433 / 0.000 / 1.000)
04-18 00:48:09.264   401 10478 I GmscoreIpa: Starting mediastore instant index [CONTEXT service_id=255 ]
04-18 00:48:10.350  4376  4376 I lmkd    : cached 2, sandbox(not0) 0
04-18 00:48:10.355  4376  4376 I lmkd    : Reclaim 'com.samsung.android.scs' (8085), uid 10380, oom_score_adj 925, state 19 to free 55904kB rss, 29680kb swap
04-18 00:48:10.356  4376  4376 I lmkd    : Reclaimed 85584kB at oom_score_adj 850
04-18 00:48:10.387  5250  5250 I Zygote  : Process 8085 exited due to signal 9 (Killed)
04-18 00:48:10.388  5628  5712 I libprocessgroup: Successfully killed process cgroup uid 10380 pid 8085 in 1ms
04-18 00:48:10.395  8492  8492 D SystemUIService: SYSUI_RAM_OPTIMIZATION onTrimMemory=10
04-18 00:48:10.400  9284  9284 W DeviceManager_FLP: onTrimMemory : 10
04-18 00:48:10.401 11006 11006 W DMASA[U]: [AppLogData]onTrimMemory(10):1681771690400
04-18 00:48:10.402  9284  9353 I GpsSessionManager_FLP: arrangeInvalidSessions
04-18 00:48:10.412  5900  5900 I com.samsung.android.companionservice.service.WRCompanionServiceInterface: requestOnTrimMemory + level=10
04-18 00:48:10.412  5900  5900 I [WF]_WatchFaceCompanion: onTrimMemory 10
04-18 00:48:10.414 11006 11006 I id.diagmonagent: Explicit concurrent copying GC freed 253(49KB) AllocSpace objects, 0(0B) LOS objects, 69% free, 2689KB/8833KB, paused 201us,73us total 12.668ms
04-18 00:48:10.414  6504  6504 W SmApplication: onTrimMemory : 10
04-18 00:48:10.415 28537 28537 I DWBTrimMemDispatcher: onTrimMemory(10)
04-18 00:48:10.415  8513  8513 D SystemUIService: SYSUI_RAM_OPTIMIZATION onTrimMemory=10
04-18 00:48:10.416 11006 11006 W DMASA[C]: [DiagMonAgentApplication]onTrimMemory (10)
04-18 00:48:10.416 28978 28978 I AiAi    : onTrimMemory() with level 10
04-18 00:48:10.431  6090  6090 I AppBase : AppBase.onTrimMemory():498 onTrimMemory(): 10
04-18 00:48:10.433  6090  6090 I GoogleInputMethodService: GoogleInputMethodService.onTrimMemory():4517 onTrimMemory(): 10
04-18 00:48:10.434 18530 18530 I Finsky  : [2] tes.onTrimMemory(1): Memory trim requested to level 10
04-18 00:48:11.200  5628  9811 D SemWifiUsabilityStatsMonitor: onWifiUsabilityStats - seqNum 23710, isSameBssidAndFreq true
04-18 00:48:11.204  5628  8422 I SemWifiLinkQualityMonitor: Link Qos Query: 0.018 ms / 433.000 Mbps (433 / 0.000 / 1.000)
04-18 00:48:13.314  5331  5331 I SurfaceFlinger: SFWD update time=148185612127777
04-18 00:48:14.223  5250  5250 D Zygote  : Forked child process 10498
04-18 00:48:14.237  5628  9811 D SemWifiUsabilityStatsMonitor: onWifiUsabilityStats - seqNum 23711, isSameBssidAndFreq true
04-18 00:48:14.239  5628  8422 I SemWifiLinkQualityMonitor: Link Qos Query: 0.018 ms / 433.000 Mbps (433 / 0.000 / 1.000)
04-18 00:48:14.294 10498 10498 I rivacydashboard: Using CollectorTypeCC GC.
04-18 00:48:14.301 10498 10498 E rivacydashboard: Not starting debugger since process cannot load the jdwp agent.
04-18 00:48:14.313 10498 10498 W libc    : Access denied finding property "sys.perf.boostopt"
04-18 00:48:14.313  5224  5224 E audit   : type=1400 audit(1681771694.306:60041): avc:  denied  { read } for  pid=10498 comm="rivacydashboard" name="u:object_r:perf_prop:s0" dev="tmpfs" ino=16829 scontext=u:r:platform_app:s0:c512,c768 tcontext=u:object_r:perf_prop:s0 tclass=file permissive=0 SEPF_SM-A515F_13_0001 audit_filtered
04-18 00:48:14.313  5224  5224 E audit   : type=1300 audit(1681771694.306:60041): arch=c00000b7 syscall=56 success=no exit=-13 a0=ffffff9c a1=7ffbc769b8 a2=88000 a3=0 items=0 ppid=5250 pid=10498 auid=4294967295 uid=10316 gid=10316 euid=10316 suid=10316 fsuid=10316 egid=10316 sgid=10316 fsgid=10316 tty=(none) ses=4294967295 comm="rivacydashboard" exe="/system/bin/app_process64" subj=u:r:platform_app:s0:c512,c768 key=(null)
04-18 00:48:14.313  5224  5224 E audit   : type=1327 audit(1681771694.306:60041): proctitle="zygote64"
04-18 00:48:14.314 10498 10513 W libc    : Access denied finding property "sys.perf.boostopt"
04-18 00:48:14.314  5224  5224 E audit   : type=1400 audit(1681771694.310:60042): avc:  denied  { read } for  pid=10498 comm="binder:10498_1" name="u:object_r:perf_prop:s0" dev="tmpfs" ino=16829 scontext=u:r:platform_app:s0:c512,c768 tcontext=u:object_r:perf_prop:s0 tclass=file permissive=0 SEPF_SM-A515F_13_0001 audit_filtered
04-18 00:48:14.314  5224  5224 E audit   : type=1300 audit(1681771694.310:60042): arch=c00000b7 syscall=56 success=no exit=-13 a0=ffffff9c a1=7d7757b2f8 a2=88000 a3=0 items=0 ppid=5250 pid=10498 auid=4294967295 uid=10316 gid=10316 euid=10316 suid=10316 fsuid=10316 egid=10316 sgid=10316 fsgid=10316 tty=(none) ses=4294967295 comm="binder:10498_1" exe="/system/bin/app_process64" subj=u:r:platform_app:s0:c512,c768 key=(null)
04-18 00:48:14.315 10498 10498 D ActivityThread: setConscryptValidator
04-18 00:48:14.315 10498 10498 D ActivityThread: setConscryptValidator - put
04-18 00:48:14.336 10498 10498 D CompatibilityChangeReporter: Compat change id reported: 171979766; UID 10316; state: ENABLED
04-18 00:48:14.440 10498 10498 I a       : setConfiguration start
04-18 00:48:14.451  5628  9112 W Binder  : Outgoing transactions from this process must be FLAG_ONEWAY
04-18 00:48:14.451  5628  9112 W Binder  : java.lang.Throwable
04-18 00:48:14.451  5628  9112 W Binder  : 	at android.os.BinderProxy.transact(BinderProxy.java:567)
04-18 00:48:14.451  5628  9112 W Binder  : 	at android.content.ContentProviderProxy.bulkInsert(ContentProviderNative.java:578)
04-18 00:48:14.451  5628  9112 W Binder  : 	at android.content.ContentResolver.bulkInsert(ContentResolver.java:2281)
04-18 00:48:14.451  5628  9112 W Binder  : 	at com.samsung.android.privacydashboard.PermissionAccessInformationWriter.write(PermissionAccessInformationWriter.java:37)
04-18 00:48:14.451  5628  9112 W Binder  : 	at com.samsung.android.privacydashboard.PermissionAccessInformationController.flush(PermissionAccessInformationController.java:99)
04-18 00:48:14.451  5628  9112 W Binder  : 	at com.samsung.android.privacydashboard.PermissionAccessInformationController$1.run(PermissionAccessInformationController.java:78)
04-18 00:48:14.451  5628  9112 W Binder  : 	at java.util.concurrent.ThreadPoolExecutor.runWorker(ThreadPoolExecutor.java:1137)
04-18 00:48:14.451  5628  9112 W Binder  : 	at java.util.concurrent.ThreadPoolExecutor$Worker.run(ThreadPoolExecutor.java:637)
04-18 00:48:14.451  5628  9112 W Binder  : 	at java.lang.Thread.run(Thread.java:1012)
04-18 00:48:14.557  4376  4376 I lmkd    : 1(delay), 0(swap), 0(freelimit), 0(reentrymode) memory pressure events were skipped after a kill!
04-18 00:48:14.558  4376  4376 I lmkd    : cached 2, sandbox(not0) 0
04-18 00:48:14.561  5628  8409 I ChimeraAggressivePolicyHandler: executePolicy() - triggerSource: TRIGGER_SOURCE_LMKD
04-18 00:48:14.562  5628  8409 I ChimeraAggressivePolicyHandler: available memory: 1032040, free memory target: 870400, quit chimera
04-18 00:48:14.563  4376  4376 I lmkd    : Reclaim 'com.Slack' (8525), uid 10329, oom_score_adj 915, state 19 to free 111944kB rss, 27900kb swap
04-18 00:48:14.563  4376  4376 I lmkd    : Reclaimed 139844kB at oom_score_adj 850
04-18 00:48:14.637  5250  5250 I Zygote  : Process 8525 exited due to signal 9 (Killed)
04-18 00:48:14.636  5628  9014 D ConnectivityService: ConnectivityService NetworkRequestInfo binderDied(uid/pid:10329/8525, [NetworkRequest [ REQUEST id=15801, [ Capabilities: INTERNET&NOT_RESTRICTED&TRUSTED&NOT_VCN_MANAGED Uid: 10329 RequestorUid: 10329 RequestorPkg: com.Slack UnderlyingNetworks: Null] ]], android.os.BinderProxy@af2cdbf)
04-18 00:48:14.639  5628  8367 D ConnectivityService: releasing NetworkRequest [ REQUEST id=15801, [ Capabilities: INTERNET&NOT_RESTRICTED&TRUSTED&NOT_VCN_MANAGED Uid: 10329 RequestorUid: 10329 RequestorPkg: com.Slack UnderlyingNetworks: Null] ] (release request)
04-18 00:48:14.639  5628  8367 D ConnectivityService:  Removing from current network [117 WIFI], leaving 156 requests.
04-18 00:48:14.644 10498 10513 W libc    : Access denied finding property "sys.perf.boostopt"
04-18 00:48:14.649  5628  8367 D ConnectivityService: reportNetworkActive, notify 0 listeners
04-18 00:48:14.650  5628  5712 I libprocessgroup: Successfully killed process cgroup uid 10329 pid 8525 in 3ms
04-18 00:48:14.880 10498 10518 I PrivacyDashboard: PermissionAccessInformationContentProvider  bulkInsert : 70
04-18 00:48:17.291  5628  9811 D SemWifiUsabilityStatsMonitor: onWifiUsabilityStats - seqNum 23712, isSameBssidAndFreq true
04-18 00:48:17.293  5628  8422 I SemWifiLinkQualityMonitor: Link Qos Query: 0.022 ms / 371.143 Mbps (433 / 0.000 / 1.167)
04-18 00:48:17.295  8513  8513 D NetworkController.WifiSignalController: notifyListener: visible=true, connected=true, inetCondition=1, isDefault=true, wifiTestReported=true, receivedInetCondition=-1, hideDuringMobileSwitching=false
04-18 00:48:17.299  8513  8599 D Tile.WifiTile: handleUpdateState isTransient=false transientEnabling =false cb.isTransient=false state.state = 2 mStateBeforeClick.value =false enabled =true
04-18 00:48:20.343  5628  9811 D SemWifiUsabilityStatsMonitor: onWifiUsabilityStats - seqNum 23713, isSameBssidAndFreq true
04-18 00:48:20.346  5628  8422 I SemWifiLinkQualityMonitor: Link Qos Query: 0.028 ms / 288.667 Mbps (433 / 0.000 / 1.500)
04-18 00:48:22.342  4066  4066 I LiveIconUpdateEventHandler: onReceive: Intent { act=com.samsung.action.EVERY_MINUTE_CLOCK_UPDATE flg=0x10 }
04-18 00:48:22.343  4066  4066 I LiveIconUpdateEventHandler: onReceive: com.samsung.action.EVERY_MINUTE_CLOCK_UPDATE
04-18 00:48:22.344  4066  4128 I LiveIconUpdateEventHandler: LiveIcon DateChanged
04-18 00:48:22.344  4066  4128 I LiveIconUpdateEventHandler: updateLiveIcon type:0
04-18 00:48:22.347  4066  4128 I LiveIconUpdateEventHandler: cancelMinuteChangeAlarm
04-18 00:48:22.351  4066  4128 I LiveIconUpdateEventHandler: setMinuteChangeAlarm Tue Apr 18 00:49:00 GMT+02:00 2023
04-18 00:48:23.170  5288  5288 E sehhealth-service: Could not open /sys/class/power_supply/battery/lrp
04-18 00:48:23.394  5628  9811 D SemWifiUsabilityStatsMonitor: onWifiUsabilityStats - seqNum 23714, isSameBssidAndFreq true
04-18 00:48:23.399  5628  8422 I SemWifiLinkQualityMonitor: Link Qos Query: 0.028 ms / 288.667 Mbps (433 / 0.000 / 1.500)
04-18 00:48:23.399  8513  8513 D NetworkController.WifiSignalController: notifyListener: visible=true, connected=true, inetCondition=1, isDefault=true, wifiTestReported=true, receivedInetCondition=-1, hideDuringMobileSwitching=false
04-18 00:48:23.401  8513  8599 D Tile.WifiTile: handleUpdateState isTransient=false transientEnabling =false cb.isTransient=false state.state = 2 mStateBeforeClick.value =false enabled =true
04-18 00:48:25.452  4376  4376 I lmkd    : cached 2, sandbox(not0) 0
04-18 00:48:25.458  4376  4376 I lmkd    : Reclaim 'com.google.android.apps.photos' (10245), uid 10252, oom_score_adj 905, state 19 to free 77856kB rss, 29148kb swap
04-18 00:48:25.459  4376  4376 I lmkd    : Reclaimed 107004kB at oom_score_adj 850
04-18 00:48:25.462  5628  8409 I ChimeraAggressivePolicyHandler: executePolicy() - triggerSource: TRIGGER_SOURCE_LMKD
04-18 00:48:25.463  5628  8409 I ChimeraAggressivePolicyHandler: available memory: 1068976, free memory target: 870400, quit chimera
04-18 00:48:25.492  5628 11446 D ConnectivityService: ConnectivityService NetworkRequestInfo binderDied(uid/pid:10252/10245, [NetworkRequest [ REQUEST id=15824, [ Capabilities: INTERNET&NOT_RESTRICTED&TRUSTED&NOT_VCN_MANAGED Uid: 10252 RequestorUid: 10252 RequestorPkg: com.google.android.apps.photos UnderlyingNetworks: Null] ]], android.os.BinderProxy@686b5b7)
04-18 00:48:25.494  5250  5250 I Zygote  : Process 10245 exited due to signal 9 (Killed)
04-18 00:48:25.494  5628  5712 I libprocessgroup: Successfully killed process cgroup uid 10252 pid 10245 in 0ms
04-18 00:48:25.494  5628  8367 D ConnectivityService: releasing NetworkRequest [ REQUEST id=15824, [ Capabilities: INTERNET&NOT_RESTRICTED&TRUSTED&NOT_VCN_MANAGED Uid: 10252 RequestorUid: 10252 RequestorPkg: com.google.android.apps.photos UnderlyingNetworks: Null] ] (release request)
04-18 00:48:25.500  5628  8367 D ConnectivityService:  Removing from current network [117 WIFI], leaving 155 requests.
04-18 00:48:25.505  8492  8492 D SystemUIService: SYSUI_RAM_OPTIMIZATION onTrimMemory=15
04-18 00:48:25.509  9284  9284 W DeviceManager_FLP: onTrimMemory : 15
04-18 00:48:25.510  9284  9353 I GpsSessionManager_FLP: arrangeInvalidSessions
04-18 00:48:25.510 11006 11006 W DMASA[U]: [AppLogData]onTrimMemory(15):1681771705509
04-18 00:48:25.518 28537 28537 I DWBTrimMemDispatcher: onTrimMemory(15)
04-18 00:48:25.519 28978 28978 I AiAi    : onTrimMemory() with level 15
04-18 00:48:25.519  6504  6504 W SmApplication: onTrimMemory : 15
04-18 00:48:25.522 11006 11006 I id.diagmonagent: Explicit concurrent copying GC freed 194(48KB) AllocSpace objects, 0(0B) LOS objects, 69% free, 2689KB/8833KB, paused 127us,56us total 11.716ms
04-18 00:48:25.523  5900  5900 I com.samsung.android.companionservice.service.WRCompanionServiceInterface: requestOnTrimMemory + level=15
04-18 00:48:25.523  5900  5900 I [WF]_WatchFaceCompanion: onTrimMemory 15
04-18 00:48:25.528  6504  6504 I DC.AppIconCache: clear icon cache
04-18 00:48:25.529  8513  8513 D SystemUIService: SYSUI_RAM_OPTIMIZATION onTrimMemory=15
04-18 00:48:25.529 11006 11006 W DMASA[C]: [DiagMonAgentApplication]onTrimMemory (15)
04-18 00:48:25.542  6090  6090 I AppBase : AppBase.onTrimMemory():498 onTrimMemory(): 15
04-18 00:48:25.542 18530 18530 I Finsky  : [2] tes.onTrimMemory(1): Memory trim requested to level 15
04-18 00:48:25.543  6090  6090 I GoogleInputMethodService: GoogleInputMethodService.onTrimMemory():4517 onTrimMemory(): 15
04-18 00:48:26.466  5628  9811 D SemWifiUsabilityStatsMonitor: onWifiUsabilityStats - seqNum 23715, isSameBssidAndFreq true
04-18 00:48:26.469  5628  8422 I SemWifiLinkQualityMonitor: Link Qos Query: 0.028 ms / 288.667 Mbps (433 / 0.000 / 1.500)
04-18 00:48:26.469  8513  8513 D NetworkController.WifiSignalController: notifyListener: visible=true, connected=true, inetCondition=1, isDefault=true, wifiTestReported=true, receivedInetCondition=-1, hideDuringMobileSwitching=false
04-18 00:48:26.472  8513  8599 D Tile.WifiTile: handleUpdateState isTransient=false transientEnabling =false cb.isTransient=false state.state = 2 mStateBeforeClick.value =false enabled =true
04-18 00:48:26.578  5628 10623 D TrafficStats: tagSocket(900) with statsTag=0xffffffff, statsUid=-1
04-18 00:48:26.785  5628 10623 D WifiConnectivityMonitor.DnsThread:  [|207]
04-18 00:48:26.787  5628  8444 D WifiConnectivityMonitor.NetworkStatsAnalyzer: DNS resultType : 0, responseTime : 207
04-18 00:48:26.789  5628  8438 D OpenNetworkQos[4.00]: updateBssidLatestDnsResultType - result: 0
04-18 00:48:26.789  5628  8438 D OpenNetworkQos[4.00]: updateBssidNoInternet: mBssidNoInternet = false
04-18 00:48:26.789  5628  8438 D OpenNetworkQos[4.00]: getOpenNetworkQosNoInternetStatus: false
04-18 00:48:26.789  5628  8438 D OpenNetworkQos[4.00]: getOpenNetworkQosScores: 30 26 30
04-18 00:48:26.790  5628  8438 I WifiProfileShare: network QoS data was changed (internet), updateQoSData networkType: true, qosData: false
04-18 00:48:26.791  5628  9412 V WifiProfileShare.Caster: update wips network, size: 0
04-18 00:48:26.791  5628  9412 D WifiProfileShare: nearby scanning settings run
04-18 00:48:26.791  5628  9412 D WifiProfileShare: network score provider settings enabled
04-18 00:48:26.792  5628  9412 D OpenNetworkQos[4.00]: getOpenNetworkQosScores: 30 26 30
04-18 00:48:26.792  5628  9412 D OpenNetworkQos[4.00]: getOpenNetworkQosNoInternetStatus: false
04-18 00:48:26.792  5628  9412 I WifiProfileShare.Caster: current network type: 0, score: [30, 26, 30]
04-18 00:48:26.793  5628  9412 V WifiProfileShare.Cache: update network score 00:e4:06:**:**:90
04-18 00:48:26.793  5628  9412 D WifiProfileShare.ScanMatcher: getMcfDataList size:2
04-18 00:48:26.793  5628  9412 I WifiProfileShare.Caster: qos data was updated , before:type:QOS, pBssid:51:2e:90, qosData:7c after:type:QOS, pBssid:51:2e:90, qosData:7c
04-18 00:48:26.796  5628  9412 I [MCFSDK_android_1.2.4010]_4_b: isNetworkEnabled - type : 1 ret : true
04-18 00:48:26.796  5628  9412 D WifiProfileShare.McfCast: -ME--- mIsNetworkEnabled :true
04-18 00:48:26.796  5628  9412 D WifiProfileShare.McfCast: updateQoSData ignored, same contents
04-18 00:48:26.797  5628  9412 D WifiProfileShare.MCF: success update QosData !
04-18 00:48:26.798  5628  9412 I [MCFSDK_android_1.2.4010]_4_b: isNetworkEnabled - type : 1 ret : true
04-18 00:48:26.798  5628  9412 D WifiProfileShare.McfCast: -ME--- mIsNetworkEnabled :true
04-18 00:48:26.798  5628  9412 D WifiProfileShare.McfCast: -ME--- updatePasswordDate pwdData size:2
04-18 00:48:29.522  5628  9811 D SemWifiUsabilityStatsMonitor: onWifiUsabilityStats - seqNum 23716, isSameBssidAndFreq true
04-18 00:48:29.531  5628  8422 I SemWifiLinkQualityMonitor: Link Qos Query: 0.018 ms / 433.000 Mbps (433 / 0.000 / 1.000)
04-18 00:48:29.531  8513  8513 D NetworkController.WifiSignalController: notifyListener: visible=true, connected=true, inetCondition=1, isDefault=true, wifiTestReported=true, receivedInetCondition=-1, hideDuringMobileSwitching=false
04-18 00:48:29.534  8513  8599 D Tile.WifiTile: handleUpdateState isTransient=false transientEnabling =false cb.isTransient=false state.state = 2 mStateBeforeClick.value =false enabled =true
04-18 00:48:32.577  5628  9811 D SemWifiUsabilityStatsMonitor: onWifiUsabilityStats - seqNum 23717, isSameBssidAndFreq true
04-18 00:48:32.582  5628  8422 I SemWifiLinkQualityMonitor: Link Qos Query: 0.018 ms / 433.000 Mbps (433 / 0.000 / 1.000)
04-18 00:48:32.582  8513  8513 D NetworkController.WifiSignalController: notifyListener: visible=true, connected=true, inetCondition=1, isDefault=true, wifiTestReported=true, receivedInetCondition=-1, hideDuringMobileSwitching=false
04-18 00:48:32.583  8513  8599 D Tile.WifiTile: handleUpdateState isTransient=false transientEnabling =false cb.isTransient=false state.state = 2 mStateBeforeClick.value =false enabled =true
04-18 00:48:34.858  5271  5313 I SensorsHub: context 6 0 5 1,1,55,0,1,3, 204760646956397
04-18 00:48:34.860  5628  5924 D SensorHubManager: onGetSensorHubDataLocked: library(6) = 1, 1, 55, 0, 1, 3
04-18 00:48:34.863  5628  5925 D CAE     : onGetSensorHubData(SensorHubParserProvider.java:89) - onGetSensorHubData Event [event buffer len :6], AP_WAKEUP
04-18 00:48:34.863  5628  5925 I CAE     : parse(SensorHubParserProvider.java:190) - buffer size = 6
04-18 00:48:34.864  5628  5925 I CAE     : parse(SensorHubParserProvider.java:201) - 1, 1, 55, 0, 1, 3,
04-18 00:48:34.865  5628  5925 I CAE     : parse(SLocationRunner.java:88) - SLocationRunner parse start : 3
04-18 00:48:34.866  5628  5925 D CAE     : display(ContextProvider.java:375) - ================= SLOCATION_RUNNER =================
04-18 00:48:34.866  5628  5925 I CAE     : display(ContextProvider.java:391) - ExtraDataArray=[1, 1, 55, 0, 1, 3]
04-18 00:48:34.867  5628  5925 I CAE     : parse(SLocationRunner.java:96) - SLocationRunner parse end:6
04-18 00:48:34.868  5628  5922 D SemContextService: Service.updateContext() : service = SLocation Core
04-18 00:48:34.871  5628  5628 D SemContextManager: onSemContextChanged() : event = SLocation Core
04-18 00:48:34.871  5628  5628 D SLocation: SLocationCoreSem - SemContextChanged type = 47, packet received
04-18 00:48:34.873  5628  8841 I SLocation: SemContextParser -  parse start : 3
04-18 00:48:34.873  5628  8841 I SLocation: SemContextParser -  packet Length : 1packet total size : 6
04-18 00:48:34.873  5628  8841 I SLocation: SemContextParser - packet : [3]
04-18 00:48:34.874  5628  8841 D SLocation: GeofenceCoreManager - received Extra Data from core, len : 1
04-18 00:48:34.876  5628  8841 D SLocation: CommonCoreManager - received Extra Data from core, len : 1
04-18 00:48:34.876  5628  8841 D SLocation: PositionManager - last location time exceed threshold 320819 / 30000
04-18 00:48:34.876  5628  8841 D SLocation: GeopointGeofenceManager - getLastLocation is abnromal!
04-18 00:48:34.877  5628  8841 D SLocation: LocationProviderStatus - try to update provider status (GPS/NLP)
04-18 00:48:34.878  5628  8841 D SLocation: LocationProviderStatus - set isGpsOn : true, isNlpOn : true
04-18 00:48:34.878  5628  8841 D SLocation: LocationProviderStatus - gps & nlp status not changed
04-18 00:48:34.878  5628  8841 D SLocation: SContentManager - IsNetworkAvailable = true
04-18 00:48:34.878  5628  8841 D SLocation: PositionManager - requestLocationUpdates(1) : NETWORK_PROVIDER
04-18 00:48:34.878  5628  8841 D SLocation: NLPManager - requestUpdate - NLP
04-18 00:48:34.896  5628  8841 D LocationManagerService: network provider added registration from 1000/android[SLocationService]/E0EA7F7E -> Request[@0 BALANCED, WorkSource{1000 android}]
04-18 00:48:34.954  9284  9353 I RequestManager_FLP: request from system, change packageName from system to system(slocation)
04-18 00:48:34.955  9284  9353 E RequestManager_FLP: [LocationManager] Location request E0EA7F7E(Listener) network interval=0ms (min=0ms) from system(slocation) (1000_FINE_unknown_false_foreground)
04-18 00:48:34.970 18943 19268 W SystemServiceRegistry: No service published for: wifirtt
04-18 00:48:35.031 19033 19033 I wpa_supplicant: nl80211: Drv Event 33 (NL80211_CMD_TRIGGER_SCAN) received for wlan0
04-18 00:48:35.033  8955  9147 I PhoneStateTracker<1>: onCellInfoChanged: xxxxx
04-18 00:48:35.034 19033 19033 I wpa_supplicant: wlan0: nl80211: Scan trigger
04-18 00:48:35.038  8955  9147 I ImsCallSessionManager: onCellInfoChanged, phoneId: 1
04-18 00:48:35.038  8955  9147 I RegiMgr-Handler: handleMessage: EVENT_CELL_INFO_CHANGED
04-18 00:48:35.053  8955  9147 I RegiMgr<1>: updatePani RegisterTask[1][mProfile=Telenor Serbia IMS, mRegistrationRat=13, mPdnType=11, mState=REGISTERED, mObject=UserAgent - :
04-18 00:48:35.053  8955  9147 I RegiMgr<1>:  total records=479
04-18 00:48:35.053  8955  9147 I RegiMgr<1>:  rec[0]: time=04-18 00:32:10.387 processed=ReadyState org=RegisteredState dest=<null> what=34(0x22)
04-18 00:48:35.053  8955  9147 I RegiMgr<1>:  rec[1]: time=04-18 00:32:10.391 processed=RegisteredState org=RegisteredState dest=<null> what=2000(0x7d0)
04-18 00:48:35.053  8955  9147 I RegiMgr<1>:  rec[2]: time=04-18 00:32:11.687 processed=ReadyState org=RegisteredState dest=<null> what=34(0x22)
04-18 00:48:35.053  8955  9147 I RegiMgr<1>:  rec[3]: time=04-18 00:32:11.689 processed=RegisteredState org=RegisteredState dest=<null> what=2000(0x7d0)
04-18 00:48:35.053  8955  9147 I RegiMgr<1>:  rec[4]: time=04-18 00:32:13.759 processed=ReadyState org=RegisteredState dest=<null> what=34(0x22)
04-18 00:48:35.053  8955  9147 I RegiMgr<1>:  rec[5]: time=04-18 00:32:13.761 processed=RegisteredState org=RegisteredState dest=<null> what=2000(0x7d0)
04-18 00:48:35.053  8955  9147 I RegiMgr<1>:  rec[6]: time=04-18 00:32:16.856 processed=ReadyState org=RegisteredState dest=<null> what=34(0x22)
04-18 00:48:35.053  8955  9147 I RegiMgr<1>:  rec[7]: time=04-18 00:32:16.857 processed=RegisteredState org=RegisteredState dest=<null> what=2000(0x7d0)
04-18 00:48:35.053  8955  9147 I RegiMgr<1>:  rec[8]: time=04-18 00:33:25.658 processed=ReadyState org=RegisteredState dest=<null> what=34(0x22)
04-18 00:48:35.053  8955  9147 I RegiMgr<1>:  rec[9]: time=04-18 00:33:25.661 processed=RegisteredState org=RegisteredState dest=<null> what=2000(0x7d0)
04-18 00:48:35.053  8955  9147 I RegiMgr<1>:  rec[10]: time=04-18 00:33:30.094 processed=ReadyState org=RegisteredState dest=<null> what=34(0x22)
04-18 00:48:35.053  8955  9147 I RegiMgr<1>:  rec[11]: time=04-18 00:33:30.095 processed=RegisteredState org=RegisteredState dest=<null> what=2000(0x7d0)
04-18 00:48:35.053  8955  9147 I RegiMgr<1>:  rec[12]: time=04-18 00:37:41.106 processed=ReadyState org=RegisteredState dest=<null> what=34(0x22)
04-18 00:48:35.053  8955  9147 I RegiMgr<1>:  rec[13]: time=04-18 00:37:41.138 processed=RegisteredState org=RegisteredState dest=<null> what=2000(0x7d0)
04-18 00:48:35.053  8955  9147 I RegiMgr<1>:  rec[14]: time=04-18 00:37:44.603 processed=ReadyState org=RegisteredState dest=<null> what=34(0x22)
04-18 00:48:35.053  8955  9147 I RegiMgr<1>:  rec[15]: time=04-18 00:37:44.606 processed=RegisteredState org=RegisteredState dest=<null> what=2000(0x7d0)
04-18 00:48:35.053  8955  9147 I RegiMgr<1>:  rec[16]: time=04-18 00:43:08.050 processed=ReadyState org=RegisteredState dest=<null> what=34(0x22)
04-18 00:48:35.053  8955  9147 I RegiMgr<1>:  rec[17]: time=04-18 00:43:08.073 processed=RegisteredState org=RegisteredState dest=<null> what=2000(0x7d0)
04-18 00:48:35.053  8955  9147 I RegiMgr<1>:  rec[18]: time=04-18 00:43:11.058 processed=ReadyState org=RegisteredState dest=<null> what=34(0x22)
04-18 00:48:35.053  8955  9147 I RegiMgr<1>:  rec[19]: time=04-18 00:43:11.059 processed=RegisteredState org=RegisteredState dest=<null> what=2000(0x7d0)
04-18 00:48:35.053  8955  9147 I RegiMgr<1>: curState=RegisteredState
04-18 00:48:35.053  8955  9147 I RegiMgr<1>: , mReason=, mPcscfHostname=null, mDeregiReason=41]
04-18 00:48:35.063  8955  9147 I PaniGenerator<1>: generate: subId=2, network=13
04-18 00:48:35.064  8955  9147 I PaniGenerator<1>: generate: network=13, fallbackPlmn=22001
04-18 00:48:35.065  8955  9147 I PdnController<1>: getAllCellInfo mNeedCellLocationUpdate : false
04-18 00:48:35.065  8955  9147 I PaniGenerator: generate: change to NW PLMN(22001)
04-18 00:48:35.070  8955  9147 I PaniGenerator: setLkcForLastPani: No Last PANI header for Telenor Serbia IMS
04-18 00:48:35.071  8955  9147 I UserAgent<1>: updatePani: pani=3GPP-E-UTRAN-FDD;utran-cell-id-3gpp=220012b7301a3e03, updatePani: lastPani=
04-18 00:48:35.076  8955  9147 I RegiMgr<1>: tryRegister:
04-18 00:48:35.077  8955  9147 I RegiMgr<0>: RegisterTask(s): Megafon VoLTE (IDLE)
04-18 00:48:35.078  8955  9147 I RegiMgr<1>: RegisterTask(s): Telenor Serbia IMS (REGISTERED, rat = 13, service = [mmtel-video, smsip, mmtel]), Global GC RCS (IDLE)
04-18 00:48:35.078  8955  9147 I RcsPolicyMgr<1>: pendingRcsRegister: mActiveDataPhoneId = 1
04-18 00:48:35.079  8955  9147 I RcsPolicyMgr<1>: pendingRcsRegister: mActiveDataPhoneId = 1
04-18 00:48:35.079  8955  9147 I RegisterTask: isSuspended: mSuspended(false) mSuspendByIrat(false)
04-18 00:48:35.079  8955  9147 I RegiMgr<1>: [Global GC RCS|IDLE] checkForTryRegister id: 1003
04-18 00:48:35.080  8955  9147 I RegiMgr : isPdnConnected: false, PdnType: 1
04-18 00:48:35.086  8955  9285 I StackIF : updatePani: 22535 pani: [3GPP-E-UTRAN-FDD;utran-cell-id-3gpp=220012b7301a3e03]
04-18 00:48:35.087  8955  9147 I PdnController: getDefaultNetworkBearer:  WIFI
04-18 00:48:35.092  8955  9147 I PdnController: isWifiConnected: [type: WIFI[], state: CONNECTED/CONNECTED, reason: (unspecified), extra: , failover: false, available: true, roaming: false]
04-18 00:48:35.093  8955  9147 I RegiMgr-Utils<1>: findBestNetwork: WIFI needWifiNetwork = true
04-18 00:48:35.098  8955  9147 I RegiGvnBase<1>: isReadyToDualRegister : true
04-18 00:48:35.100  8955  9285 I SECIMSJ : [3280]> 140
04-18 00:48:35.102  8955  9147 I RegiMgr<1>: [Global GC RCS|IDLE] checkInitialRegistrationIsReady: APM ON [false], Roamimg [false]
04-18 00:48:35.102  8955  9147 I RcsPolicyMgr<1>: pendingRcsRegister: mActiveDataPhoneId = 1
04-18 00:48:35.102  8955  9147 I ImsProfile: isRttSupportByCallApp : false ttyType : 1
04-18 00:48:35.102  8955  9147 I RegiMgr-Utils<1>: getPriorityRegiedTask : isPriority  High? true
04-18 00:48:35.105  8955  9298 I [IMS6.0]: IMS_onResponse()
04-18 00:48:35.108  8955  9147 I RegiGvnBase: checkRegiStatus: getState()=IDLE mIsUpdateRegistering=false
04-18 00:48:35.109  8955  9147 I RegiMgr<1>: getTelephonyCallStatus:
04-18 00:48:35.116  8955  9298 I StackIF : processMessage 2
04-18 00:48:35.116  8955  9298 I StackIF : Processing Response
04-18 00:48:35.117  8955  9298 I SECIMSJ : [3280]< 600
04-18 00:48:35.117  8955  9298 I StackIF : processResponse: reqId 600
04-18 00:48:35.117  8955  9147 I ConfigProvider: query uri:xxxxx
04-18 00:48:35.118  8955  9298 I StackIF : processResponse: handle 22535 result 0 reason 0
04-18 00:48:35.124  5628  8409 I ChimeraAggressivePolicyHandler: executePolicy() - triggerSource: TRIGGER_SOURCE_LMKD
04-18 00:48:35.126  5628  8409 I ChimeraAggressivePolicyHandler: available memory: 1084596, free memory target: 870400, quit chimera
04-18 00:48:35.139  8955  9147 I ConfigProvider: queryStorage path content://com.samsung.rcs.autoconfigurationprovider/parameter/version#simslot1
04-18 00:48:35.155  8955  9147 E GlobalSettingsRepoBase: globalgcsettings No matched key : dual_rcs_policy
04-18 00:48:35.159  8955  9147 I ImsServiceSwitchEur[1]:  isRcsEnabled: true mDefaultSms true mUpsmEnabled false mEmergencyEnabled false
04-18 00:48:35.163  8955  9147 I ConfigTrigger<1>: isWaitAutoConfig:
04-18 00:48:35.163  8955  9147 E GlobalSettingsRepoBase: globalgcsettings No matched key : dual_rcs_policy
04-18 00:48:35.165  8955  9147 I ImsServiceSwitchEur[1]:  isRcsEnabled: true mDefaultSms true mUpsmEnabled false mEmergencyEnabled false
04-18 00:48:35.166  8955  9147 I RegiMgr-Utils: selectPdnType: rat=18pdn=1
04-18 00:48:35.166  8955  9147 I RegiMgr<1>: getServiceForNetwork: network 18
04-18 00:48:35.166  8955  9147 I RegiMgr<1>: getServiceForNetwork: service {options, chatbot-communication, ft_http, im, euc, gls}
04-18 00:48:35.174  4376  4376 I lmkd    : cached 2, sandbox(not0) 0
04-18 00:48:35.177  8955  9147 I ConfigTrigger<1>: isValidAcsVersion:
04-18 00:48:35.177  8955  9147 E GlobalSettingsRepoBase: globalgcsettings No matched key : dual_rcs_policy
04-18 00:48:35.177  4376  4376 I lmkd    : Reclaim 'com.google.android.gms' (401), uid 10226, oom_score_adj 905, state 19 to free 74192kB rss, 42620kb swap
04-18 00:48:35.178  4376  4376 I lmkd    : Reclaimed 116812kB at oom_score_adj 850
04-18 00:48:35.180  8955  9147 I ConfigProvider: query uri:xxxxx
04-18 00:48:35.195  8955  9147 I ConfigProvider: queryStorage path content://com.samsung.rcs.autoconfigurationprovider/parameter/version#simslot1
04-18 00:48:35.196  5628  8567 D SecContentProvider2: query(), uri = 18 selection = isRCSEnabled
04-18 00:48:35.196  5628  8567 I PhoneRestrictionPolicy: isRCSEnabledInternal(), showMsg: false, columnName: enableRCS
04-18 00:48:35.197  5628  8567 E PhoneRestrictionPolicy: getEmergencyCall >>false
04-18 00:48:35.198  5628  8567 I PhoneRestrictionPolicy: isRCSEnabledInternal(), showMsg: false, columnName: enableRCSForSimSlot1
04-18 00:48:35.198  5628  8567 E PhoneRestrictionPolicy: getEmergencyCall >>false
04-18 00:48:35.200  8955  9147 I ConfigTrigger<1>: RCS switch: true, version: 0, isRcsAcsCompleted: true
