05-10 03:15:27.132 23197 23221 I TestRunner: started: inlineFloat(org.jetbrains.android_benchmark.Wolf3dBenchmark)
05-10 03:15:27.135 23197 23197 I MonitoringInstr: Activities that are still in CREATED to STOPPED: 1
05-10 03:15:27.135 23197 23197 I MonitoringInstr: Finishing activity: androidx.benchmark.IsolationActivity@2611a25
05-10 03:15:27.141 23197 23221 I GrantPermissionCallable: Permission: android.permission.WRITE_EXTERNAL_STORAGE is already granted!
05-10 03:15:27.141 23197 23221 I GrantPermissionCallable: Permission: android.permission.READ_EXTERNAL_STORAGE is already granted!
05-10 03:15:27.142 23197 23221 D Benchmark: -- Running org.jetbrains.android_benchmark.Wolf3dBenchmark#inlineFloat --
05-10 03:15:27.142 23197 23221 D PerfettoCapture: Supported ABIs: arm64-v8a, armeabi-v7a, armeabi
05-10 03:15:27.142 23197 23221 D PerfettoCapture: Recording perfetto trace
05-10 03:15:27.174 23197 23221 I PerfettoCapture: Cleanup perfetto before starting.
05-10 03:15:27.246 26714 26714 W ziparchive: Unable to open '/data/app/~~hevM2UTXqGxmTf4cItl6bA==/ru.yandex.searchplugin-BGd8n-p81Aj-FuEiVI40zQ==/split_config.en.dm': No such file or directory
05-10 03:15:27.246 26714 26714 W ziparchive: Unable to open '/data/app/~~hevM2UTXqGxmTf4cItl6bA==/ru.yandex.searchplugin-BGd8n-p81Aj-FuEiVI40zQ==/split_config.en.dm': No such file or directory
05-10 03:15:27.250 26714 26714 W ex.searchplugin: Entry not found
05-10 03:15:27.251 26714 26714 W ziparchive: Unable to open '/data/app/~~hevM2UTXqGxmTf4cItl6bA==/ru.yandex.searchplugin-BGd8n-p81Aj-FuEiVI40zQ==/split_config.ru.dm': No such file or directory
05-10 03:15:27.251 26714 26714 W ziparchive: Unable to open '/data/app/~~hevM2UTXqGxmTf4cItl6bA==/ru.yandex.searchplugin-BGd8n-p81Aj-FuEiVI40zQ==/split_config.ru.dm': No such file or directory
05-10 03:15:27.256 26714 26714 W ex.searchplugin: Entry not found
05-10 03:15:27.256 26714 26714 W ziparchive: Unable to open '/data/app/~~hevM2UTXqGxmTf4cItl6bA==/ru.yandex.searchplugin-BGd8n-p81Aj-FuEiVI40zQ==/split_config.xxhdpi.dm': No such file or directory
05-10 03:15:27.257 26714 26714 W ziparchive: Unable to open '/data/app/~~hevM2UTXqGxmTf4cItl6bA==/ru.yandex.searchplugin-BGd8n-p81Aj-FuEiVI40zQ==/split_config.xxhdpi.dm': No such file or directory
05-10 03:15:27.264 26714 26714 W ex.searchplugin: Entry not found
05-10 03:15:27.266 26714 26714 D nativeloader: Configuring classloader-namespace for other apk /data/app/~~hevM2UTXqGxmTf4cItl6bA==/ru.yandex.searchplugin-BGd8n-p81Aj-FuEiVI40zQ==/base.apk:/data/app/~~hevM2UTXqGxmTf4cItl6bA==/ru.yandex.searchplugin-BGd8n-p81Aj-FuEiVI40zQ==/split_config.en.apk:/data/app/~~hevM2UTXqGxmTf4cItl6bA==/ru.yandex.searchplugin-BGd8n-p81Aj-FuEiVI40zQ==/split_config.ru.apk:/data/app/~~hevM2UTXqGxmTf4cItl6bA==/ru.yandex.searchplugin-BGd8n-p81Aj-FuEiVI40zQ==/split_config.xxhdpi.apk. target_sdk_version=33, uses_libraries=, library_path=/data/app/~~hevM2UTXqGxmTf4cItl6bA==/ru.yandex.searchplugin-BGd8n-p81Aj-FuEiVI40zQ==/lib/arm64:/data/app/~~hevM2UTXqGxmTf4cItl6bA==/ru.yandex.searchplugin-BGd8n-p81Aj-FuEiVI40zQ==/base.apk!/lib/arm64-v8a:/data/app/~~hevM2UTXqGxmTf4cItl6bA==/ru.yandex.searchplugin-BGd8n-p81Aj-FuEiVI40zQ==/split_config.en.apk!/lib/arm64-v8a:/data/app/~~hevM2UTXqGxmTf4cItl6bA==/ru.yandex.searchplugin-BGd8n-p81Aj-FuEiVI40zQ==/split_config.ru.apk!/lib/arm64-v8a:/data/app/~~hevM2UTXqGxmTf4cItl6bA==/ru.yandex.searchplugin-BGd8
05-10 03:15:27.273  6910  6910 I LiveIconUpdateEventHandler: onReceive: Intent { act=com.samsung.action.EVERY_MINUTE_CLOCK_UPDATE flg=0x10 }
05-10 03:15:27.273  6910  6910 I LiveIconUpdateEventHandler: onReceive: com.samsung.action.EVERY_MINUTE_CLOCK_UPDATE
05-10 03:15:27.274  6910  7271 I LiveIconUpdateEventHandler: LiveIcon DateChanged
05-10 03:15:27.274 26714 26714 W ex.searchplugin: JIT profile information will not be recorded: profile file does not exist.
05-10 03:15:27.274  6910  7271 I LiveIconUpdateEventHandler: updateLiveIcon type:0
05-10 03:15:27.274 26714 26714 W ex.searchplugin: JIT profile information will not be recorded: profile file does not exist.
05-10 03:15:27.274 26714 26714 W ex.searchplugin: JIT profile information will not be recorded: profile file does not exist.
05-10 03:15:27.277  6910  7271 I LiveIconUpdateEventHandler: cancelMinuteChangeAlarm
05-10 03:15:27.280  6910  7271 I LiveIconUpdateEventHandler: setMinuteChangeAlarm Wed May 10 03:16:00 GMT+02:00 2023
05-10 03:15:27.348 23197 23221 I PerfettoCapture: Perfetto output file cleanup -
05-10 03:15:27.349 23197 23221 I PerfettoCapture: Starting perfetto tracing with cmd: cat /storage/emulated/0/Android/data/org.jetbrains.android_benchmark.test/cache/trace_config.pb | perfetto --background -c - -o /data/misc/perfetto-traces/trace_output.pb
05-10 03:15:27.519 26755 26755 I perfetto:    perfetto_cmd.cc:1001 Connected to the Perfetto traced service, starting tracing
05-10 03:15:27.521  5440  5440 I perfetto: ing_service_impl.cc:953 Configured tracing session 42, #sources:4, duration:0 ms, #buffers:2, total buffer size:36864 KB, total sessions:1, uid:2000 session name: ""
05-10 03:15:27.523  5438  5438 I perfetto:  probes_producer.cc:139 Ftrace setup (target_buf=83)
05-10 03:15:27.569 23197 23221 I PerfettoCapture: Perfetto output - 26755
05-10 03:15:27.569 23197 23221 I PerfettoCapture: EXITCODE=0
05-10 03:15:27.605  4389  4389 I hwservicemanager: getTransport: Cannot find entry android.hardware.atrace@1.0::IAtraceDevice/default in either framework or device VINTF manifest.
05-10 03:15:27.629  5438  5438 I perfetto:    ftrace_procfs.cc:335 enabled ftrace in /sys/kernel/tracing/
05-10 03:15:27.638  5679  5748 W libprocessgroup: Failed to open /dev/blkio//cgroup.procs: No such file or directory
05-10 03:15:27.641 26714 26714 V GraphicsEnvironment: ANGLE Developer option for 'ru.yandex.searchplugin' set to: 'default'
05-10 03:15:27.642 26714 26714 V GraphicsEnvironment: ANGLE GameManagerService for ru.yandex.searchplugin: false
05-10 03:15:27.643 26714 26714 V GraphicsEnvironment: Neither updatable production driver nor prerelease driver is supported.
05-10 03:15:27.650  5679  5748 W libprocessgroup: Failed to open /dev/blkio//cgroup.procs: No such file or directory
05-10 03:15:27.652 26714 26714 D NetworkSecurityConfig: Using Network Security Config from resource network_security_config_mobileyandex debugBuild: false
05-10 03:15:27.661 26714 26714 D NetworkSecurityConfig: Using Network Security Config from resource network_security_config_mobileyandex debugBuild: false
05-10 03:15:27.665 30196 26175 I NetworkScheduler.Stats: Task com.google.android.gms/com.google.android.gms.ipa.base.IpaGcmTaskService started execution. cause:9 exec_start_elapsed_seconds: 249512 [CONTEXT service_id=218 ]
05-10 03:15:27.671 23197 23221 I PerfettoCapture: Perfetto tracing started successfully with pid 26755.
05-10 03:15:27.674 30196 26426 I NetworkScheduler.Stats: Task com.google.android.gms/com.google.android.gms.ipa.base.IpaGcmTaskService finished executing. cause:9 result: 1 elapsed_millis: 41 uptime_millis: 40 exec_start_elapsed_seconds: 249512 [CONTEXT service_id=218 ]
05-10 03:15:27.755 23197 23221 I PerfettoCapture: /sys/kernel/tracing/tracing_on = 1, polled 0 times, capture fully started
05-10 03:15:27.873 12790 12790 I SCS@AiSearch user 0: (ObserverWorker::AOSP_MP) [main] entering in startWork():
05-10 03:15:27.876 12790 12790 I SCS@AiSearch user 0: (BaseCollector::AOSP_MP) [main] entering in onChange():
05-10 03:15:27.878 12790 12831 I SCS@AiSearch user 0: (BaseCollector::AOSP_MP) [AOSP_MP-0] entering in collectChanges():
05-10 03:15:27.892  5679  7439 D SemWifiUsabilityStatsMonitor: onWifiUsabilityStats - seqNum 11540, isSameBssidAndFreq true
05-10 03:15:27.895  5679  6237 I SemWifiLinkQualityMonitor: Link Qos Query: 0.037 ms / 216.500 Mbps (433 / 0.000 / 2.000)
05-10 03:15:27.897  6397  6397 D NetworkController.WifiSignalController: notifyListener: visible=true, connected=true, inetCondition=1, isDefault=true, wifiTestReported=true, receivedInetCondition=-1, hideDuringMobileSwitching=false
05-10 03:15:27.899  6397  6497 D Tile.WifiTile: handleUpdateState isTransient=false transientEnabling =false cb.isTransient=false state.state = 2 mStateBeforeClick.value =false enabled =true
05-10 03:15:28.061  5679  7028 D PackageManager: setEnabledSetting : userId = 0 packageName = com.samsung.android.scs cmp = androidx.work.impl.background.systemalarm.RescheduleReceiver newState = 1 callingPackage = 10380/com.samsung.android.scs
05-10 03:15:28.062  5679  7028 D ApplicationPolicy: getApplicationStateEnabled : pkg = com.samsung.android.scs userId : 0
05-10 03:15:28.064  5679  7028 D ApplicationPolicy: getApplicationComponentState : pkg = com.samsung.android.scs userId : 0
05-10 03:15:28.117 12790 12831 I SCS@AiSearch user 0: (BaseCollector::AOSP_MP) fetchInternal values : maxSyncId: 1000008667 indexCount: 891 sourceCount: 891
05-10 03:15:28.198 12790 12831 I SCS@AiSearch user 0: (IndexManager) [AOSP_MP-0] entering in addIndex():
05-10 03:15:28.204 12790 12831 I SCS@AiSearch user 0: (BaseCollector::AOSP_MP) fetch: fetching took  138 ms
05-10 03:15:28.204 12790 12831 I SCS@AiSearch user 0: (BaseCollector::AOSP_MP) fetchChanges: applied 0 items
05-10 03:15:28.205 12790 12831 I SCS@AiSearch user 0: (BaseCollector::AOSP_MP) Collect finished. Result: true
05-10 03:15:28.209 12790 12825 I WM-WorkerWrapper: Worker result SUCCESS for Work [ id=ba180f1d-656e-44ed-b6a4-1d91a7ceef0e, tags={ com.sec.android.app.myfiles, com.samsung.android.scs.ai.search.data.collector.ObserverWorker } ]
05-10 03:15:28.218 12790 12831 I SCS@AiSearch user 0: (BaseCollector::AOSP_MP) enqueue ObserverWorker name: com.sec.android.app.myfiles, policy: APPEND_OR_REPLACE
05-10 03:15:28.308  5679  7028 D PackageManager: setEnabledSetting : userId = 0 packageName = com.samsung.android.scs cmp = androidx.work.impl.background.systemalarm.RescheduleReceiver newState = 1 callingPackage = 10380/com.samsung.android.scs
05-10 03:15:28.309  5679  7028 D ApplicationPolicy: getApplicationStateEnabled : pkg = com.samsung.android.scs userId : 0
05-10 03:15:28.309  5679  7028 D ApplicationPolicy: getApplicationComponentState : pkg = com.samsung.android.scs userId : 0
05-10 03:15:28.660  6363  7097 I LocationAccessPolicy: ru.yandex.searchplugin is aware of fine but the app-ops permission is specifically denied.
05-10 03:15:28.660  6363  7097 I LocationAccessPolicy: checkLocationPermission - callingUid: 10222, callingPid: 26714, resultForFine: DENIED_SOFT
05-10 03:15:28.795 26714 26793 I [SL:BaseSearchLibImpl]: SL version: 6032000
05-10 03:15:28.866 26714 26774 D CompatibilityChangeReporter: Compat change id reported: 183155436; UID 10222; state: ENABLED
05-10 03:15:28.876 26714 26774 I AppMetrica: Initializing of Metrica, Release type, Version 5.3.3, API Level 106, Dated 13.04.2023.
05-10 03:15:29.014  5285  5285 D Zygote  : Forked child process 26803
05-10 03:15:29.023 26714 26796 I AppMetrica: Activate AppMetrica with APIKey 45de325a-xxxx-xxxx-xxxx-xxxxxxxxe41b
05-10 03:15:29.023 26714 26796 I AppMetrica: Activate reporter with APIKey 20799a27-xxxx-xxxx-xxxx-xxxxxxxx4180
05-10 03:15:29.061 26803 26803 I hplugin:Metrica: Using CollectorTypeCC GC.
05-10 03:15:29.069 26803 26803 E hplugin:Metrica: Not starting debugger since process cannot load the jdwp agent.
05-10 03:15:29.078 26803 26803 W libc    : Access denied finding property "sys.perf.boostopt"
05-10 03:15:29.078  5260  5260 E audit   : type=1400 audit(1683681329.075:98853): avc:  denied  { read } for  pid=26803 comm="hplugin:Metrica" name="u:object_r:perf_prop:s0" dev="tmpfs" ino=21600 scontext=u:r:untrusted_app:s0:c222,c256,c512,c768 tcontext=u:object_r:perf_prop:s0 tclass=file permissive=0 SEPF_SM-A515F_13_0001 audit_filtered
05-10 03:15:29.078  5260  5260 E audit   : type=1300 audit(1683681329.075:98853): arch=c00000b7 syscall=56 success=no exit=-13 a0=ffffff9c a1=7ff5a657e8 a2=88000 a3=0 items=0 ppid=5285 pid=26803 auid=4294967295 uid=10222 gid=10222 euid=10222 suid=10222 fsuid=10222 egid=10222 sgid=10222 fsgid=10222 tty=(none) ses=4294967295 comm="hplugin:Metrica" exe="/system/bin/app_process64" subj=u:r:untrusted_app:s0:c222,c256,c512,c768 key=(null)
05-10 03:15:29.078  5260  5260 E audit   : type=1327 audit(1683681329.075:98853): proctitle="zygote64"
05-10 03:15:29.078 26803 26816 W libc    : Access denied finding property "sys.perf.boostopt"
05-10 03:15:29.079  5260  5260 E audit   : type=1400 audit(1683681329.075:98854): avc:  denied  { read } for  pid=26803 comm="binder:26803_1" name="u:object_r:perf_prop:s0" dev="tmpfs" ino=21600 scontext=u:r:untrusted_app:s0:c222,c256,c512,c768 tcontext=u:object_r:perf_prop:s0 tclass=file permissive=0 SEPF_SM-A515F_13_0001 audit_filtered
05-10 03:15:29.080 26803 26803 D ActivityThread: setConscryptValidator
05-10 03:15:29.080 26803 26803 D ActivityThread: setConscryptValidator - put
05-10 03:15:29.105 26803 26817 W libc    : Access denied finding property "sys.perf.boostopt"
05-10 03:15:29.107 26803 26803 D CompatibilityChangeReporter: Compat change id reported: 171979766; UID 10222; state: ENABLED
05-10 03:15:29.109  5679  7028 D PackageManager: setEnabledSetting : userId = 0 packageName = ru.yandex.searchplugin cmp = com.yandex.browser.autofill.service.ExternalAutofillService newState = 1 callingPackage = 10222/ru.yandex.searchplugin
05-10 03:15:29.111  5679  7028 D ApplicationPolicy: getApplicationStateEnabled : pkg = ru.yandex.searchplugin userId : 0
05-10 03:15:29.112  5679  7028 D ApplicationPolicy: getApplicationComponentState : pkg = ru.yandex.searchplugin userId : 0
05-10 03:15:29.115  5679  8510 D PackageManager: setEnabledSetting : userId = 0 packageName = ru.yandex.searchplugin cmp = com.yandex.voicereader.service.VoiceReaderService newState = 1 callingPackage = 10222/ru.yandex.searchplugin
05-10 03:15:29.116  5679  8510 D ApplicationPolicy: getApplicationStateEnabled : pkg = ru.yandex.searchplugin userId : 0
05-10 03:15:29.117  5679  8510 D ApplicationPolicy: getApplicationComponentState : pkg = ru.yandex.searchplugin userId : 0
05-10 03:15:29.121  5679  8510 D PackageManager: setEnabledSetting : userId = 0 packageName = ru.yandex.searchplugin cmp = com.yandex.voicereader.service.VoiceReaderMediaButtonReceiver newState = 1 callingPackage = 10222/ru.yandex.searchplugin
05-10 03:15:29.122  5679  8510 D ApplicationPolicy: getApplicationStateEnabled : pkg = ru.yandex.searchplugin userId : 0
05-10 03:15:29.124  5679  8510 D ApplicationPolicy: getApplicationComponentState : pkg = ru.yandex.searchplugin userId : 0
05-10 03:15:29.130 26803 26803 D nativeloader: Configuring classloader-namespace for other apk /system/framework/org.apache.http.legacy.jar. target_sdk_version=33, uses_libraries=ALL, library_path=/data/app/~~hevM2UTXqGxmTf4cItl6bA==/ru.yandex.searchplugin-BGd8n-p81Aj-FuEiVI40zQ==/lib/arm64:/data/app/~~hevM2UTXqGxmTf4cItl6bA==/ru.yandex.searchplugin-BGd8n-p81Aj-FuEiVI40zQ==/base.apk!/lib/arm64-v8a:/data/app/~~hevM2UTXqGxmTf4cItl6bA==/ru.yandex.searchplugin-BGd8n-p81Aj-FuEiVI40zQ==/split_config.en.apk!/lib/arm64-v8a:/data/app/~~hevM2UTXqGxmTf4cItl6bA==/ru.yandex.searchplugin-BGd8n-p81Aj-FuEiVI40zQ==/split_config.ru.apk!/lib/arm64-v8a:/data/app/~~hevM2UTXqGxmTf4cItl6bA==/ru.yandex.searchplugin-BGd8n-p81Aj-FuEiVI40zQ==/split_config.xxhdpi.apk!/lib/arm64-v8a, permitted_path=/data:/mnt/expand:/data/user/0/ru.yandex.searchplugin
05-10 03:15:29.130 26803 26803 D nativeloader: Extending system_exposed_libraries: libhumantracking.arcsoft.so:libPortraitDistortionCorrection.arcsoft.so:libPortraitDistortionCorrectionCali.arcsoft.so:libface_landmark.arcsoft.so:libFacialStickerEngine.arcsoft.so:libveengine.arcsoft.so:liblow_light_hdr.arcsoft.so:libhigh_dynamic_range.arcsoft.so:libFacialAttributeDetection.arcsoft.so:libBeauty_v4.camera.samsung.so:libexifa.camera.samsung.so:libjpega.camera.samsung.so:libOpenCv.camera.samsung.so:libImageScreener.camera.samsung.so:libMyFilter.camera.samsung.so:libtensorflowLite.myfilter.camera.samsung.so:libtensorflowlite_inference_api.myfilter.camera.samsung.so:libEventFinder.camera.samsung.so:libHIDTSnapJNI.camera.samsung.so:libSmartScan.camera.samsung.so:libRectify.camera.samsung.so:libDocRectifyWrapper.camera.samsung.so:libUltraWideDistortionCorrection.camera.samsung.so:libHpr_RecGAE_cvFeature_v1.0.camera.samsung.so:libHprFace_GAE_api.camera.samsung.so:libFace_Landmark_API.camera.samsung.so:libHprFace_GAE_jni.camera.samsung.so:libFacialBasedSelfieCorrec
05-10 03:15:29.188 26803 26803 W ziparchive: Unable to open '/data/app/~~hevM2UTXqGxmTf4cItl6bA==/ru.yandex.searchplugin-BGd8n-p81Aj-FuEiVI40zQ==/split_config.en.dm': No such file or directory
05-10 03:15:29.188 26803 26803 W ziparchive: Unable to open '/data/app/~~hevM2UTXqGxmTf4cItl6bA==/ru.yandex.searchplugin-BGd8n-p81Aj-FuEiVI40zQ==/split_config.en.dm': No such file or directory
05-10 03:15:29.189 26803 26803 W hplugin:Metrica: Entry not found
05-10 03:15:29.190 26803 26803 W ziparchive: Unable to open '/data/app/~~hevM2UTXqGxmTf4cItl6bA==/ru.yandex.searchplugin-BGd8n-p81Aj-FuEiVI40zQ==/split_config.ru.dm': No such file or directory
05-10 03:15:29.190 26803 26803 W ziparchive: Unable to open '/data/app/~~hevM2UTXqGxmTf4cItl6bA==/ru.yandex.searchplugin-BGd8n-p81Aj-FuEiVI40zQ==/split_config.ru.dm': No such file or directory
05-10 03:15:29.190 26803 26803 W hplugin:Metrica: Entry not found
05-10 03:15:29.191 26803 26803 W ziparchive: Unable to open '/data/app/~~hevM2UTXqGxmTf4cItl6bA==/ru.yandex.searchplugin-BGd8n-p81Aj-FuEiVI40zQ==/split_config.xxhdpi.dm': No such file or directory
05-10 03:15:29.191 26803 26803 W ziparchive: Unable to open '/data/app/~~hevM2UTXqGxmTf4cItl6bA==/ru.yandex.searchplugin-BGd8n-p81Aj-FuEiVI40zQ==/split_config.xxhdpi.dm': No such file or directory
05-10 03:15:29.192 26803 26803 W hplugin:Metrica: Entry not found
05-10 03:15:29.193 26803 26803 D nativeloader: Configuring classloader-namespace for other apk /data/app/~~hevM2UTXqGxmTf4cItl6bA==/ru.yandex.searchplugin-BGd8n-p81Aj-FuEiVI40zQ==/base.apk:/data/app/~~hevM2UTXqGxmTf4cItl6bA==/ru.yandex.searchplugin-BGd8n-p81Aj-FuEiVI40zQ==/split_config.en.apk:/data/app/~~hevM2UTXqGxmTf4cItl6bA==/ru.yandex.searchplugin-BGd8n-p81Aj-FuEiVI40zQ==/split_config.ru.apk:/data/app/~~hevM2UTXqGxmTf4cItl6bA==/ru.yandex.searchplugin-BGd8n-p81Aj-FuEiVI40zQ==/split_config.xxhdpi.apk. target_sdk_version=33, uses_libraries=, library_path=/data/app/~~hevM2UTXqGxmTf4cItl6bA==/ru.yandex.searchplugin-BGd8n-p81Aj-FuEiVI40zQ==/lib/arm64:/data/app/~~hevM2UTXqGxmTf4cItl6bA==/ru.yandex.searchplugin-BGd8n-p81Aj-FuEiVI40zQ==/base.apk!/lib/arm64-v8a:/data/app/~~hevM2UTXqGxmTf4cItl6bA==/ru.yandex.searchplugin-BGd8n-p81Aj-FuEiVI40zQ==/split_config.en.apk!/lib/arm64-v8a:/data/app/~~hevM2UTXqGxmTf4cItl6bA==/ru.yandex.searchplugin-BGd8n-p81Aj-FuEiVI40zQ==/split_config.ru.apk!/lib/arm64-v8a:/data/app/~~hevM2UTXqGxmTf4cItl6bA==/ru.yandex.searchplugin-BGd8
05-10 03:15:29.195 26803 26803 W hplugin:Metrica: JIT profile information will not be recorded: profile file does not exist.
05-10 03:15:29.196 26803 26803 W hplugin:Metrica: JIT profile information will not be recorded: profile file does not exist.
05-10 03:15:29.196 26803 26803 W hplugin:Metrica: JIT profile information will not be recorded: profile file does not exist.
05-10 03:15:29.213 26803 26803 V GraphicsEnvironment: ANGLE Developer option for 'ru.yandex.searchplugin' set to: 'default'
05-10 03:15:29.214 26803 26803 V GraphicsEnvironment: ANGLE GameManagerService for ru.yandex.searchplugin: false
05-10 03:15:29.214 26803 26803 V GraphicsEnvironment: Neither updatable production driver nor prerelease driver is supported.
05-10 03:15:29.218 26803 26803 D NetworkSecurityConfig: Using Network Security Config from resource network_security_config_mobileyandex debugBuild: false
05-10 03:15:29.221 26803 26803 D NetworkSecurityConfig: Using Network Security Config from resource network_security_config_mobileyandex debugBuild: false
05-10 03:15:29.284  5679  8510 D PackageManager: setEnabledSetting : userId = 0 packageName = ru.yandex.searchplugin cmp = ru.yandex.aon.library.search.presentation.overlay.OverlayService newState = 1 callingPackage = 10222/ru.yandex.searchplugin
05-10 03:15:29.286  5679  8510 D ApplicationPolicy: getApplicationStateEnabled : pkg = ru.yandex.searchplugin userId : 0
05-10 03:15:29.288  5679  8510 D ApplicationPolicy: getApplicationComponentState : pkg = ru.yandex.searchplugin userId : 0
05-10 03:15:29.290 26714 26714 I YandexAdsIntegrityCheck: Yandex Mobile Ads 5.3.2 integrated successfully
05-10 03:15:29.291  5679  9349 D PackageManager: setEnabledSetting : userId = 0 packageName = ru.yandex.searchplugin cmp = ru.yandex.aon.library.search.presentation.receivers.CallReceiver newState = 1 callingPackage = 10222/ru.yandex.searchplugin
05-10 03:15:29.293  5679  9349 D ApplicationPolicy: getApplicationStateEnabled : pkg = ru.yandex.searchplugin userId : 0
05-10 03:15:29.295  5679  9349 D ApplicationPolicy: getApplicationComponentState : pkg = ru.yandex.searchplugin userId : 0
05-10 03:15:29.300 26714 26796 I AppMetrica: Activate reporter with APIKey efc6f888-xxxx-xxxx-xxxx-xxxxxxxx2de3
05-10 03:15:29.302  5679  9349 D PackageManager: setEnabledSetting : userId = 0 packageName = ru.yandex.searchplugin cmp = ru.yandex.searchplugin.whocalls.calls.WhoCallsEnabled newState = 1 callingPackage = 10222/ru.yandex.searchplugin
05-10 03:15:29.304  5679  9349 D ApplicationPolicy: getApplicationStateEnabled : pkg = ru.yandex.searchplugin userId : 0
05-10 03:15:29.305  5679  9349 D ApplicationPolicy: getApplicationComponentState : pkg = ru.yandex.searchplugin userId : 0
05-10 03:15:29.364 26714 26796 I AppMetrica: Activate reporter with APIKey 478cb909-xxxx-xxxx-xxxx-xxxxxxxx9f93
05-10 03:15:29.371  5679  8515 D PackageManager: setEnabledSetting : userId = 0 packageName = ru.yandex.searchplugin cmp = ru.yandex.aon.library.search.presentation.callscreening.CallScreeningServiceImpl newState = 1 callingPackage = 10222/ru.yandex.searchplugin
05-10 03:15:29.373  5679  8515 D ApplicationPolicy: getApplicationStateEnabled : pkg = ru.yandex.searchplugin userId : 0
05-10 03:15:29.374  5679  8515 D ApplicationPolicy: getApplicationComponentState : pkg = ru.yandex.searchplugin userId : 0
05-10 03:15:29.377  5679  8515 D PackageManager: setEnabledSetting : userId = 0 packageName = ru.yandex.searchplugin cmp = com.yandex.browser.InstallReceiver newState = 0 callingPackage = 10222/ru.yandex.searchplugin
05-10 03:15:29.379  5679  8515 D ApplicationPolicy: getApplicationStateEnabled : pkg = ru.yandex.searchplugin userId : 0
05-10 03:15:29.380  5679  8515 D ApplicationPolicy: getApplicationComponentState : pkg = ru.yandex.searchplugin userId : 0
05-10 03:15:29.399  5679  6287 D NetdEventListenerService: DNS Requested by : 112, 10222
05-10 03:15:29.401 26714 26840 D TrafficStats: tagSocket(95) with statsTag=0xffffffff, statsUid=-1
05-10 03:15:29.401 26714 26841 D TrafficStats: tagSocket(96) with statsTag=0xffffffff, statsUid=-1
05-10 03:15:29.401  5679  6287 D NetdEventListenerService: DNS Requested by : 112, 10222
05-10 03:15:29.485 26803 26851 D CompatibilityChangeReporter: Compat change id reported: 183155436; UID 10222; state: ENABLED
05-10 03:15:29.489 26803 26851 I AppMetrica: Initializing of Metrica, Release type, Version 5.3.3, API Level 106, Dated 13.04.2023.
05-10 03:15:29.504  5679  5748 W libprocessgroup: Failed to open /dev/blkio//cgroup.procs: No such file or directory
05-10 03:15:29.523 26714 26714 D [SL:NotifConnReceiver]: Connectivity change
05-10 03:15:29.523 26714 26714 D [SL:NotifConnReceiver]: Connectivity change
05-10 03:15:29.541 26803 26816 W libc    : Access denied finding property "sys.perf.boostopt"
05-10 03:15:29.547 26803 26851 I AppMetrica: Activate reporter with APIKey 20799a27-xxxx-xxxx-xxxx-xxxxxxxx4180
05-10 03:15:29.551 26714 26714 D CompatibilityChangeReporter: Compat change id reported: 194532703; UID 10222; state: ENABLED
05-10 03:15:29.551 26714 26796 I AppMetrica: Activate reporter with APIKey 0e5e9c33-xxxx-xxxx-xxxx-xxxxxxxx3f72
05-10 03:15:29.569  5679  5748 W libprocessgroup: Failed to open /dev/blkio//cgroup.procs: No such file or directory
05-10 03:15:29.573  5679  5748 W libprocessgroup: Failed to open /dev/blkio//cgroup.procs: No such file or directory
05-10 03:15:29.575  5679  5748 W libprocessgroup: Failed to open /dev/blkio//cgroup.procs: No such file or directory
05-10 03:15:29.621 26714 26773 D CompatibilityChangeReporter: Compat change id reported: 160794467; UID 10222; state: ENABLED
05-10 03:15:29.721  8435 20573 I FASProvider: makeValuesForFasUpdate contentValues = package_name=ru.yandex.searchplugin extras=0 reason=deleted_from_mars_auto disableReason=deleted_from_mars_auto disableResetTime=1683566409960 uid=10222 mode=0 level=1 resetTime=0
05-10 03:15:29.741  5679  8515 D PackageManager: setEnabledSetting : userId = 0 packageName = ru.yandex.searchplugin cmp = ru.yandex.searchplugin.browser.BrowserProxyActivity newState = 1 callingPackage = 10222/ru.yandex.searchplugin
05-10 03:15:29.742  5679  8515 D ApplicationPolicy: getApplicationStateEnabled : pkg = ru.yandex.searchplugin userId : 0
05-10 03:15:29.744  5679  8515 D ApplicationPolicy: getApplicationComponentState : pkg = ru.yandex.searchplugin userId : 0
05-10 03:15:29.751  5679  8515 D PackageManager: setEnabledSetting : userId = 0 packageName = ru.yandex.searchplugin cmp = ru.yandex.searchplugin.browser.CleverYandexSitesInterceptorActivity newState = 2 callingPackage = 10222/ru.yandex.searchplugin
05-10 03:15:29.753  5679  5748 W libprocessgroup: Failed to open /dev/blkio//cgroup.procs: No such file or directory
05-10 03:15:29.756  5679  5748 W libprocessgroup: Failed to open /dev/blkio//cgroup.procs: No such file or directory
05-10 03:15:29.757  5679  5699 D PackageManager: setEnabledSetting : userId = 0 packageName = ru.yandex.searchplugin cmp = ru.yandex.searchplugin.browser.YandexRootSitesInterceptorActivity newState = 2 callingPackage = 10222/ru.yandex.searchplugin
05-10 03:15:29.760  5679  5699 D PackageManager: setEnabledSetting : userId = 0 packageName = ru.yandex.searchplugin cmp = ru.yandex.searchplugin.browser.YaSitesInterceptorActivity newState = 2 callingPackage = 10222/ru.yandex.searchplugin
05-10 03:15:29.763  5679  9349 D PackageManager: setEnabledSetting : userId = 0 packageName = ru.yandex.searchplugin cmp = ru.yandex.searchplugin.browser.YandexNewsInterceptorActivity newState = 2 callingPackage = 10222/ru.yandex.searchplugin
05-10 03:15:29.766  5679  9349 D PackageManager: setEnabledSetting : userId = 0 packageName = ru.yandex.searchplugin cmp = ru.yandex.searchplugin.browser.TvInterceptorActivity newState = 2 callingPackage = 10222/ru.yandex.searchplugin
05-10 03:15:29.770  5679  5699 D PackageManager: setEnabledSetting : userId = 0 packageName = ru.yandex.searchplugin cmp = ru.yandex.searchplugin.browser.ChatInterceptorActivity newState = 2 callingPackage = 10222/ru.yandex.searchplugin
05-10 03:15:29.873  5679  5699 D PackageManager: setEnabledSetting : userId = 0 packageName = ru.yandex.searchplugin cmp = ru.yandex.searchplugin.browser.HealthInterceptorActivity newState = 2 callingPackage = 10222/ru.yandex.searchplugin
05-10 03:15:29.878  5679  5699 D PackageManager: setEnabledSetting : userId = 0 packageName = ru.yandex.searchplugin cmp = ru.yandex.searchplugin.browser.TaxiInterceptorActivity newState = 2 callingPackage = 10222/ru.yandex.searchplugin
05-10 03:15:29.880  5679  8515 D PackageManager: setEnabledSetting : userId = 0 packageName = ru.yandex.searchplugin cmp = ru.yandex.searchplugin.browser.YandexTurboInterceptorActivity newState = 2 callingPackage = 10222/ru.yandex.searchplugin
05-10 03:15:29.918  5679  5748 W libprocessgroup: Failed to open /dev/blkio//cgroup.procs: No such file or directory
05-10 03:15:29.991 16258 16258 D BoundBrokerSvc: onBind: Intent { act=com.google.android.gms.appset.service.START dat=chimera-action:/... cmp=com.google.android.gms/.chimera.GmsApiService }
05-10 03:15:29.991 16258 16258 D BoundBrokerSvc: Loading bound service for intent: Intent { act=com.google.android.gms.appset.service.START dat=chimera-action:/... cmp=com.google.android.gms/.chimera.GmsApiService }
05-10 03:15:30.028  5679  7028 D PackageManager: setEnabledSetting : userId = 0 packageName = ru.yandex.searchplugin cmp = com.yandex.android.websearch.BatteryWatcher$BatteryBroadcastReceiver newState = 2 callingPackage = 10222/ru.yandex.searchplugin
05-10 03:15:30.028 26714 26861 W ex.searchplugin: Long monitor contention with owner CrAsyncTask #2 (26774) at int android.content.res.AssetManager.getResourceIdentifier(java.lang.String, java.lang.String, java.lang.String)(AssetManager.java:856) waiters=0 in java.lang.CharSequence android.content.res.AssetManager.getResourceText(int) for 448ms
05-10 03:15:30.035 26714 26774 E ex.searchplugin: Invalid ID 0x00000000.
05-10 03:15:30.039  5679  5748 W libprocessgroup: Failed to open /dev/blkio//cgroup.procs: No such file or directory
05-10 03:15:30.068  5679  8513 D PackageManager: setEnabledSetting : userId = 0 packageName = ru.yandex.searchplugin cmp = ru.yandex.searchlib.notification.BarMarkerService newState = 2 callingPackage = 10222/ru.yandex.searchplugin
05-10 03:15:30.085  5679  8515 D PackageManager: setEnabledSetting : userId = 0 packageName = ru.yandex.searchplugin cmp = ru.yandex.searchlib.notification.BarMarkerService newState = 2 callingPackage = 10222/ru.yandex.searchplugin
05-10 03:15:30.086 26714 26838 D Volley  : [284] am0.a: Changing log tag to Yandex Mobile Ads
05-10 03:15:30.105  5679  8510 D PackageManager: setEnabledSetting : userId = 0 packageName = ru.yandex.searchplugin cmp = ru.yandex.searchplugin.bixby.SearchCardContentProvider newState = 1 callingPackage = 10222/ru.yandex.searchplugin
05-10 03:15:30.106  5679  8510 D ApplicationPolicy: getApplicationStateEnabled : pkg = ru.yandex.searchplugin userId : 0
05-10 03:15:30.107  5679  8510 D ApplicationPolicy: getApplicationComponentState : pkg = ru.yandex.searchplugin userId : 0
05-10 03:15:30.110 26714 26714 D CardContentManager: content provider is null
05-10 03:15:30.224 26714 26838 I YandexAdsIntegrityCheck: Yandex Mobile Ads 5.3.2 initialized successfully
05-10 03:15:30.260 26803 26880 D TrafficStats: tagSocket(105) with statsTag=0xffffffff, statsUid=-1
05-10 03:15:30.528 26803 26879 D TrafficStats: tagSocket(109) with statsTag=0xffffffff, statsUid=-1
05-10 03:15:30.768 23197 23221 D Benchmark: Set 23221 (Bench thread) to priority -20. Was -8, now -20
05-10 03:15:30.769 23197 23221 D Benchmark: Set 23206 (Jit) to priority -15. Was 9, now -15
05-10 03:15:30.812 26803 26828 I AppMetrica-Attribution: Choosing distribution data: ClidsInfo(chosen=Candidate(clids={clid24=2305182, clid1=2207450, clid1010=2295103, clid2023=2395783, clid1003=2207452, clid1004=2207453, clid1002=2207451}, source=APP), candidates=[Candidate(clids={clid24=2305182, clid1=2207450, clid1010=2295103, clid2023=2395783, clid1003=2207452, clid1004=2207453, clid1002=2207451}, source=APP)])
05-10 03:15:30.820 23197 23221 I _benchmark.test: Explicit concurrent copying GC freed 180186(4448KB) AllocSpace objects, 1(20KB) LOS objects, 67% free, 2985KB/9129KB, paused 339us,128us total 50.966ms
05-10 03:15:30.829 26803 26850 D CompatibilityChangeReporter: Compat change id reported: 147600208; UID 10222; state: ENABLED
05-10 03:15:30.835  5679  8510 D LocationManagerService: passive provider added registration from 10222/ru.yandex.searchplugin/8FFF9660 -> Request[PASSIVE, minUpdateInterval=+1s0ms, WorkSource{10222 ru.yandex.searchplugin}]
05-10 03:15:30.887  7227  7296 E RequestManager_FLP: [LocationManager] Location request (NOT STARTED) 8FFF9660(Listener) passive (min=1000ms) from ru.yandex.searchplugin (10222_FINE_perceptible_false_background)
05-10 03:15:30.907  5679  7439 D SemWifiUsabilityStatsMonitor: onWifiUsabilityStats - seqNum 11541, isSameBssidAndFreq true
05-10 03:15:30.909  6397  6397 D NetworkController.WifiSignalController: notifyListener: visible=true, connected=true, inetCondition=1, isDefault=true, wifiTestReported=true, receivedInetCondition=-1, hideDuringMobileSwitching=false
05-10 03:15:30.912  6397  6497 D Tile.WifiTile: handleUpdateState isTransient=false transientEnabling =false cb.isTransient=false state.state = 2 mStateBeforeClick.value =false enabled =true
05-10 03:15:30.926  7227  7296 E RequestManager_FLP: [LocationManager] Location remove 8FFF9660 from ru.yandex.searchplugin
05-10 03:15:30.926  7227  7296 W LocationRequestData_FLP: Not registered using location provider, 8FFF9660
05-10 03:15:30.927  5679  8510 D LocationManagerService: passive provider removed registration from 10222/ru.yandex.searchplugin/8FFF9660
05-10 03:15:30.927  5679  8510 D LocationManagerService: passive provider added registration from 10222/ru.yandex.searchplugin/8FFF9660 -> Request[PASSIVE, minUpdateInterval=+1s0ms, WorkSource{10222 ru.yandex.searchplugin}]
05-10 03:15:30.932  7227  7296 E RequestManager_FLP: [LocationManager] Location request (NOT STARTED) 8FFF9660(Listener) passive (min=1000ms) from ru.yandex.searchplugin (10222_FINE_perceptible_false_background)
05-10 03:15:30.934 26803 26837 D [GplLibraryWrapper]: updateLastKnownLocation
05-10 03:15:30.978  5679  6237 I SemWifiLinkQualityMonitor: Link Qos Query: 0.026 ms / 309.286 Mbps (433 / 0.000 / 1.400)
05-10 03:15:31.234 26714 26777 I ShortcutBadger: Checking if platform supports badge counters, attempt 1/3.
05-10 03:15:31.283 26714 26777 I ShortcutBadger: Badge counter is supported in this platform.
05-10 03:15:31.285 26803 26828 I AppMetrica-Attribution: Choosing distribution data: ClidsInfo(chosen=Candidate(clids={clid24=2305182, clid1=2207450, clid1010=2295103, clid2023=2395783, clid1003=2207452, clid1004=2207453, clid1002=2207451}, source=APP), candidates=[Candidate(clids={clid24=2305182, clid1=2207450, clid1010=2295103, clid2023=2395783, clid1003=2207452, clid1004=2207453, clid1002=2207451}, source=APP)])
05-10 03:15:31.295 18796 18796 I BadgeCountReceiver: badge intent : Intent { act=android.intent.action.BADGE_COUNT_UPDATE flg=0x1000010 cmp=com.sec.android.provider.badge/.BadgeCountReceiver (has extras) }
05-10 03:15:31.295 18796 18796 I BadgeCountReceiver: packageName: ru.yandex.searchplugin, className: ru.yandex.searchplugin.MainActivity, count: 0
05-10 03:15:31.301  6910  6910 I BadgeCountUpdaterImpl: onChange
05-10 03:15:31.305  6910  6910 I BadgeCountUpdaterImpl: onChange
05-10 03:15:31.307 18796 18796 I BadgeProvider: sendNotify entered. [uri] : content://com.sec.badge/apps
05-10 03:15:31.307 18796 18796 I BadgeProvider: sendNotify, [notify] : null
05-10 03:15:31.308 18796 18796 I BadgeProvider: update, getCallingPackage() : com.sec.android.provider.badge
05-10 03:15:31.308 18796 18796 I BadgeProvider: update, [uri] : content://com.sec.badge/apps
05-10 03:15:31.308 18796 18796 I BadgeProvider: update, [uri.query] : null
05-10 03:15:31.308 18796 18796 I BadgeProvider: update, [BadgeCount] : badgecount=0
05-10 03:15:31.308 18796 18796 I BadgeProvider: update, [UpdateCount] : 1
05-10 03:15:31.316 18796 18796 I BadgeCountReceiver: badge intent : Intent { act=android.intent.action.BADGE_COUNT_UPDATE flg=0x1000010 cmp=com.sec.android.provider.badge/.BadgeCountReceiver (has extras) }
05-10 03:15:31.317 18796 18796 I BadgeCountReceiver: packageName: ru.yandex.searchplugin, className: ru.yandex.searchplugin.MainActivity, count: 0
05-10 03:15:31.320  6910  6910 I BadgeCountUpdaterImpl: onChange
05-10 03:15:31.324  6910  6910 I BadgeCountUpdaterImpl: onChange
05-10 03:15:31.327 18796 18796 I BadgeProvider: sendNotify entered. [uri] : content://com.sec.badge/apps
05-10 03:15:31.327 18796 18796 I BadgeProvider: sendNotify, [notify] : null
05-10 03:15:31.328 18796 18796 I BadgeProvider: update, getCallingPackage() : com.sec.android.provider.badge
05-10 03:15:31.328 18796 18796 I BadgeProvider: update, [uri] : content://com.sec.badge/apps
05-10 03:15:31.328 18796 18796 I BadgeProvider: update, [uri.query] : null
05-10 03:15:31.328 18796 18796 I BadgeProvider: update, [BadgeCount] : badgecount=0
05-10 03:15:31.328 18796 18796 I BadgeProvider: update, [UpdateCount] : 1
05-10 03:15:31.449  5679  8510 W WifiService: Permission violation - getScanResults not allowed for uid=10222, packageName=ru.yandex.searchplugin, reason=java.lang.SecurityException: UID 10222 has no location permission
05-10 03:15:31.485 26803 26828 I AppMetrica-Attribution: Choosing distribution data: ClidsInfo(chosen=Candidate(clids={clid24=2305182, clid1=2207450, clid1010=2295103, clid2023=2395783, clid1003=2207452, clid1004=2207453, clid1002=2207451}, source=APP), candidates=[Candidate(clids={clid24=2305182, clid1=2207450, clid1010=2295103, clid2023=2395783, clid1003=2207452, clid1004=2207453, clid1002=2207451}, source=APP)])
05-10 03:15:31.517 26714 26796 I AppMetrica: Activate reporter with APIKey 67bb016b-xxxx-xxxx-xxxx-xxxxxxxx03d3
05-10 03:15:31.525  6910  7270 I BadgeCountUpdaterImpl: reload badge without refresh
05-10 03:15:31.528 26803 26828 I AppMetrica-Attribution: Choosing distribution data: ClidsInfo(chosen=Candidate(clids={clid24=2305182, clid1=2207450, clid1010=2295103, clid2023=2395783, clid1003=2207452, clid1004=2207453, clid1002=2207451}, source=APP), candidates=[Candidate(clids={clid24=2305182, clid1=2207450, clid1010=2295103, clid2023=2395783, clid1003=2207452, clid1004=2207453, clid1002=2207451}, source=APP)])
05-10 03:15:31.535  5679  5748 W libprocessgroup: Failed to open /dev/blkio//cgroup.procs: No such file or directory
05-10 03:15:31.549 18796 18810 I BadgeProvider: query, [selection] : null
05-10 03:15:31.568  6910  7270 I BadgeCache: update cache : org.telegram.messenger user : UserHandle{0}  count : 0
05-10 03:15:31.571  6910  7270 I BadgeCache: update cache : com.vkontakte.android user : UserHandle{0}  count : 7
05-10 03:15:31.572  5679  5694 I system_server: Background young concurrent copying GC freed 418060(17MB) AllocSpace objects, 74(1624KB) LOS objects, 14% free, 109MB/128MB, paused 15.893ms,248us total 122.451ms
05-10 03:15:31.584  6910  7270 I BadgeCache: update cache : com.vkontakte.android user : UserHandle{0}  count : 1
05-10 03:15:31.586  6910  7270 I BadgeCache: add to cache : org.telegram.messengeruser : UserHandle{0}  count : 5
05-10 03:15:31.590  5679  5696 W System  : A resource failed to call close.
05-10 03:15:31.593  6910  7270 I BadgeCache: reloadBadge size : 2
05-10 03:15:31.599 26714 26796 I AppMetrica: Activate reporter with APIKey 9c5e85e6-xxxx-xxxx-xxxx-xxxxxxxx0a57
05-10 03:15:31.636  5679  8510 D PackageManager: setEnabledSetting : userId = 0 packageName = ru.yandex.searchplugin cmp = com.yandex.messaging.ShareAlias newState = 2 callingPackage = 10222/ru.yandex.searchplugin
05-10 03:15:31.642 26803 26828 I AppMetrica-Attribution: Choosing distribution data: ClidsInfo(chosen=Candidate(clids={clid24=2305182, clid1=2207450, clid1010=2295103, clid2023=2395783, clid1003=2207452, clid1004=2207453, clid1002=2207451}, source=APP), candidates=[Candidate(clids={clid24=2305182, clid1=2207450, clid1010=2295103, clid2023=2395783, clid1003=2207452, clid1004=2207453, clid1002=2207451}, source=APP)])
05-10 03:15:31.665  5679  8510 D PackageManager: setEnabledSetting : userId = 0 packageName = ru.yandex.searchplugin cmp = com.yandex.messaging.DeepLinkActivityAlias newState = 2 callingPackage = 10222/ru.yandex.searchplugin
05-10 03:15:31.670  5679  8510 D PackageManager: setEnabledSetting : userId = 0 packageName = ru.yandex.searchplugin cmp = com.yandex.messaging.CallActivityAlias newState = 1 callingPackage = 10222/ru.yandex.searchplugin
05-10 03:15:31.672  5679  8510 D ApplicationPolicy: getApplicationStateEnabled : pkg = ru.yandex.searchplugin userId : 0
05-10 03:15:31.674  5679  8510 D ApplicationPolicy: getApplicationComponentState : pkg = ru.yandex.searchplugin userId : 0
05-10 03:15:31.679  5679  8510 D PackageManager: setEnabledSetting : userId = 0 packageName = ru.yandex.searchplugin cmp = com.yandex.messaging.InviteLinkProdTeamActivityAlias newState = 2 callingPackage = 10222/ru.yandex.searchplugin
05-10 03:15:31.681 26803 26828 I AppMetrica-Attribution: Choosing distribution data: ClidsInfo(chosen=Candidate(clids={clid24=2305182, clid1=2207450, clid1010=2295103, clid2023=2395783, clid1003=2207452, clid1004=2207453, clid1002=2207451}, source=APP), candidates=[Candidate(clids={clid24=2305182, clid1=2207450, clid1010=2295103, clid2023=2395783, clid1003=2207452, clid1004=2207453, clid1002=2207451}, source=APP)])
05-10 03:15:31.685  5679  8510 D PackageManager: setEnabledSetting : userId = 0 packageName = ru.yandex.searchplugin cmp = com.yandex.messaging.InviteLinkProdActivityAlias newState = 2 callingPackage = 10222/ru.yandex.searchplugin
05-10 03:15:31.688  5679  8515 D PackageManager: setEnabledSetting : userId = 0 packageName = ru.yandex.searchplugin cmp = com.yandex.messaging.InviteLinkAlphaActivityAlias newState = 2 callingPackage = 10222/ru.yandex.searchplugin
05-10 03:15:31.706  5679  8515 D LocationManagerService: passive provider removed registration from 10222/ru.yandex.searchplugin/8FFF9660
05-10 03:15:31.707  5679  8515 D LocationManagerService: passive provider added registration from 10222/ru.yandex.searchplugin/8FFF9660 -> Request[PASSIVE, minUpdateInterval=+1s0ms, WorkSource{10222 ru.yandex.searchplugin}]
05-10 03:15:31.707  7227  7296 E RequestManager_FLP: [LocationManager] Location remove 8FFF9660 from ru.yandex.searchplugin
05-10 03:15:31.707  7227  7296 W LocationRequestData_FLP: Not registered using location provider, 8FFF9660
05-10 03:15:31.709  7227  7296 E RequestManager_FLP: [LocationManager] Location request (NOT STARTED) 8FFF9660(Listener) passive (min=1000ms) from ru.yandex.searchplugin (10222_FINE_perceptible_false_background)
05-10 03:15:31.709 26803 26837 D [GplLibraryWrapper]: updateLastKnownLocation
05-10 03:15:31.729  5679  8510 D LocationManagerService: passive provider removed registration from 10222/ru.yandex.searchplugin/8FFF9660
05-10 03:15:31.729  5679  8510 D LocationManagerService: passive provider added registration from 10222/ru.yandex.searchplugin/8FFF9660 -> Request[PASSIVE, minUpdateInterval=+1s0ms, WorkSource{10222 ru.yandex.searchplugin}]
05-10 03:15:31.730  7227  7296 E RequestManager_FLP: [LocationManager] Location remove 8FFF9660 from ru.yandex.searchplugin
05-10 03:15:31.730  7227  7296 W LocationRequestData_FLP: Not registered using location provider, 8FFF9660
05-10 03:15:31.730 26803 26837 D [GplLibraryWrapper]: updateLastKnownLocation
05-10 03:15:31.732 26803 26828 I AppMetrica-Attribution: Choosing distribution data: ClidsInfo(chosen=Candidate(clids={clid24=2305182, clid1=2207450, clid1010=2295103, clid2023=2395783, clid1003=2207452, clid1004=2207453, clid1002=2207451}, source=APP), candidates=[Candidate(clids={clid24=2305182, clid1=2207450, clid1010=2295103, clid2023=2395783, clid1003=2207452, clid1004=2207453, clid1002=2207451}, source=APP)])
05-10 03:15:31.732  7227  7296 E RequestManager_FLP: [LocationManager] Location request (NOT STARTED) 8FFF9660(Listener) passive (min=1000ms) from ru.yandex.searchplugin (10222_FINE_perceptible_false_background)
05-10 03:15:31.741 26803 26828 I AppMetrica-Attribution: Choosing distribution data: ClidsInfo(chosen=Candidate(clids={clid24=2305182, clid1=2207450, clid1010=2295103, clid2023=2395783, clid1003=2207452, clid1004=2207453, clid1002=2207451}, source=APP), candidates=[Candidate(clids={clid24=2305182, clid1=2207450, clid1010=2295103, clid2023=2395783, clid1003=2207452, clid1004=2207453, clid1002=2207451}, source=APP)])
05-10 03:15:31.756  5679  8510 D LocationManagerService: passive provider removed registration from 10222/ru.yandex.searchplugin/8FFF9660
05-10 03:15:31.756  5679  8510 D LocationManagerService: passive provider added registration from 10222/ru.yandex.searchplugin/8FFF9660 -> Request[PASSIVE, minUpdateInterval=+1s0ms, WorkSource{10222 ru.yandex.searchplugin}]
05-10 03:15:31.757 26803 26837 D [GplLibraryWrapper]: updateLastKnownLocation
05-10 03:15:31.757  7227  7296 E RequestManager_FLP: [LocationManager] Location remove 8FFF9660 from ru.yandex.searchplugin
05-10 03:15:31.757  7227  7296 W LocationRequestData_FLP: Not registered using location provider, 8FFF9660
05-10 03:15:31.758  7227  7296 E RequestManager_FLP: [LocationManager] Location request (NOT STARTED) 8FFF9660(Listener) passive (min=1000ms) from ru.yandex.searchplugin (10222_FINE_perceptible_false_background)
05-10 03:15:31.780  5679  8515 D LocationManagerService: passive provider removed registration from 10222/ru.yandex.searchplugin/8FFF9660
05-10 03:15:31.781  5679  8515 D LocationManagerService: passive provider added registration from 10222/ru.yandex.searchplugin/8FFF9660 -> Request[PASSIVE, minUpdateInterval=+1s0ms, WorkSource{10222 ru.yandex.searchplugin}]
05-10 03:15:31.781  7227  7296 E RequestManager_FLP: [LocationManager] Location remove 8FFF9660 from ru.yandex.searchplugin
05-10 03:15:31.781  7227  7296 W LocationRequestData_FLP: Not registered using location provider, 8FFF9660
05-10 03:15:31.783 26803 26837 D [GplLibraryWrapper]: updateLastKnownLocation
05-10 03:15:31.784  7227  7296 E RequestManager_FLP: [LocationManager] Location request (NOT STARTED) 8FFF9660(Listener) passive (min=1000ms) from ru.yandex.searchplugin (10222_FINE_perceptible_false_background)
05-10 03:15:31.801  5679  8515 D LocationManagerService: passive provider removed registration from 10222/ru.yandex.searchplugin/8FFF9660
05-10 03:15:31.802  5679  8515 D LocationManagerService: passive provider added registration from 10222/ru.yandex.searchplugin/8FFF9660 -> Request[PASSIVE, minUpdateInterval=+1s0ms, WorkSource{10222 ru.yandex.searchplugin}]
05-10 03:15:31.803  7227  7296 E RequestManager_FLP: [LocationManager] Location remove 8FFF9660 from ru.yandex.searchplugin
05-10 03:15:31.803  7227  7296 W LocationRequestData_FLP: Not registered using location provider, 8FFF9660
05-10 03:15:31.804 26803 26837 D [GplLibraryWrapper]: updateLastKnownLocation
05-10 03:15:31.804  7227  7296 E RequestManager_FLP: [LocationManager] Location request (NOT STARTED) 8FFF9660(Listener) passive (min=1000ms) from ru.yandex.searchplugin (10222_FINE_perceptible_false_background)
05-10 03:15:31.811  5679  8515 D LocationManagerService: passive provider removed registration from 10222/ru.yandex.searchplugin/8FFF9660
05-10 03:15:31.811  5679  8515 D LocationManagerService: passive provider added registration from 10222/ru.yandex.searchplugin/8FFF9660 -> Request[PASSIVE, minUpdateInterval=+1s0ms, WorkSource{10222 ru.yandex.searchplugin}]
05-10 03:15:31.812  7227  7296 E RequestManager_FLP: [LocationManager] Location remove 8FFF9660 from ru.yandex.searchplugin
05-10 03:15:31.812 26803 26837 D [GplLibraryWrapper]: updateLastKnownLocation
05-10 03:15:31.813  7227  7296 W LocationRequestData_FLP: Not registered using location provider, 8FFF9660
05-10 03:15:31.814  7227  7296 E RequestManager_FLP: [LocationManager] Location request (NOT STARTED) 8FFF9660(Listener) passive (min=1000ms) from ru.yandex.searchplugin (10222_FINE_perceptible_false_background)
05-10 03:15:31.820  5679  8510 D LocationManagerService: passive provider removed registration from 10222/ru.yandex.searchplugin/8FFF9660
05-10 03:15:31.820  5679  8510 D LocationManagerService: passive provider added registration from 10222/ru.yandex.searchplugin/8FFF9660 -> Request[PASSIVE, minUpdateInterval=+1s0ms, WorkSource{10222 ru.yandex.searchplugin}]
05-10 03:15:31.820  7227  7296 E RequestManager_FLP: [LocationManager] Location remove 8FFF9660 from ru.yandex.searchplugin
05-10 03:15:31.821  7227  7296 W LocationRequestData_FLP: Not registered using location provider, 8FFF9660
05-10 03:15:31.821 26803 26837 D [GplLibraryWrapper]: updateLastKnownLocation
05-10 03:15:31.823  7227  7296 E RequestManager_FLP: [LocationManager] Location request (NOT STARTED) 8FFF9660(Listener) passive (min=1000ms) from ru.yandex.searchplugin (10222_FINE_perceptible_false_background)
05-10 03:15:31.834 26803 26902 I AppMetrica-Attribution: Choosing distribution data: ClidsInfo(chosen=Candidate(clids={clid24=2305182, clid1=2207450, clid1010=2295103, clid2023=2395783, clid1003=2207452, clid1004=2207453, clid1002=2207451}, source=APP), candidates=[Candidate(clids={clid24=2305182, clid1=2207450, clid1010=2295103, clid2023=2395783, clid1003=2207452, clid1004=2207453, clid1002=2207451}, source=APP)])
05-10 03:15:31.883 26803 26836 D TrafficStats: tagSocket(120) with statsTag=0xffffffff, statsUid=-1
05-10 03:15:31.884  5679  6287 D NetdEventListenerService: DNS Requested by : 112, 10222
05-10 03:15:31.931  5285  5285 D Zygote  : Forked child process 26909
05-10 03:15:31.957  5679  6270 D WifiConnectivityMonitor: start WCM Poll.
05-10 03:15:31.982 26909 26909 I plugin:passport: Using CollectorTypeCC GC.
05-10 03:15:31.992 26909 26909 E plugin:passport: Not starting debugger since process cannot load the jdwp agent.
05-10 03:15:31.994  5679  6287 D NetdEventListenerService: DNS Requested by : 112, 10222
05-10 03:15:31.996 26714 26856 D TrafficStats: tagSocket(113) with statsTag=0xffffffff, statsUid=-1
05-10 03:15:32.004 26909 26909 W libc    : Access denied finding property "sys.perf.boostopt"
05-10 03:15:32.004  5260  5260 E audit   : type=1400 audit(1683681332.003:98857): avc:  denied  { read } for  pid=26909 comm="plugin:passport" name="u:object_r:perf_prop:s0" dev="tmpfs" ino=21600 scontext=u:r:untrusted_app:s0:c222,c256,c512,c768 tcontext=u:object_r:perf_prop:s0 tclass=file permissive=0 SEPF_SM-A515F_13_0001 audit_filtered
05-10 03:15:32.004  5260  5260 E audit   : type=1300 audit(1683681332.003:98857): arch=c00000b7 syscall=56 success=no exit=-13 a0=ffffff9c a1=7ff5a657e8 a2=88000 a3=0 items=0 ppid=5285 pid=26909 auid=4294967295 uid=10222 gid=10222 euid=10222 suid=10222 fsuid=10222 egid=10222 sgid=10222 fsgid=10222 tty=(none) ses=4294967295 comm="plugin:passport" exe="/system/bin/app_process64" subj=u:r:untrusted_app:s0:c222,c256,c512,c768 key=(null)
