04-30 01:24:13.303  5878  5878 D SPluginManagerImpl: onReceive: android.intent.action.PACKAGE_CHANGED, size:{com.android.systemui.lockstar.PluginLockStarManager@3c07f1b=SPluginInstanceManager@160788988 (action=com.samsung.systemui.action.PLUGIN_LOCK_STAR), com.android.systemui.navigationbar.plugin.PluginBarInteractionManager$pluginListener$1@5b9454e=SPluginInstanceManager@38043781 (action=com.samsung.systemui.navigationbar.PLUGIN), com.android.systemui.slimindicator.SlimIndicatorPluginMediator@5bccc3b=SPluginInstanceManager@36794074 (action=com.samsung.systemui.action.SPLUGIN_SLIMINDICATOR), com.android.systemui.volume.VolumeStarInteractor$1@6b2db36=SPluginInstanceManager@91148043 (action=com.samsung.systemui.volume.PLUGIN), com.samsung.android.systemui.multistar.MultiStarManager$2@beb8182=SPluginInstanceManager@12956136 (action=com.samsung.systemui.action.PLUGIN_MULTISTAR), com.android.systemui.pluginlock.PluginLockMediatorImpl@c333048=SPluginInstanceManager@30515201 (action=com.samsung.systemui.action.PLUGIN_LOCK), com.android.systemui.noticenter.NotiCenterPlugin$NotiCenterPluginListener@f2ccbd1=SPluginInstanceManager@113745574 (action=com.samsung.systemui.action.PLUGIN_NOTICENTER)}
04-30 01:24:13.313  5429  5751 D NetdEventListenerService: DNS Requested by : 128, 10126
04-30 01:24:13.316  5429  8529 D PackageManager: setEnabledSetting : userId = 0 packageName = com.instagram.android cmp = com.instagram.direct.share.handler.DirectExternalMediaShareActivityPhoto newState = 1 callingPackage = 10126/com.instagram.android
04-30 01:24:13.319  4924  4924 D Zygote  : Forked child process 19807
04-30 01:24:13.324 12145 12145 I SCS@AiSearch user 0: (AppsDataObserver) scheduling worker CMD_UPDATE_LIST
04-30 01:24:13.324  5429  8529 D ApplicationPolicy: getApplicationStateEnabled : pkg = com.instagram.android userId : 0
04-30 01:24:13.324  5787  5787 D ImsResolver: maybeAddedImsService, packageName: com.instagram.android
04-30 01:24:13.325  5429  8529 D ApplicationPolicy: getApplicationComponentState : pkg = com.instagram.android userId : 0
04-30 01:24:13.326  6174  6174 D RegisteredNfcFServicesCache: Service unchanged, not updating
04-30 01:24:13.332  5429  8518 D PackageManager: setEnabledSetting : userId = 0 packageName = com.instagram.android cmp = com.instagram.direct.share.handler.DirectExternalMediaShareActivityPhotoInterop newState = 2 callingPackage = 10126/com.instagram.android
04-30 01:24:13.337  5429  8518 D PackageManager: setEnabledSetting : userId = 0 packageName = com.instagram.android cmp = com.instagram.direct.share.handler.DirectExternalMediaShareActivityVideo newState = 1 callingPackage = 10126/com.instagram.android
04-30 01:24:13.339  5429  8518 D ApplicationPolicy: getApplicationStateEnabled : pkg = com.instagram.android userId : 0
04-30 01:24:13.340  5429  8518 D ApplicationPolicy: getApplicationComponentState : pkg = com.instagram.android userId : 0
04-30 01:24:13.342  5429  5579 D SEP_UNION_SemDeviceInfoManagerService: sendIntentAction() action = android.intent.action.PACKAGE_CHANGED, tag =
04-30 01:24:13.358  4924  4924 D Zygote  : Forked child process 19810
04-30 01:24:13.359 19660 19729 E MobileConfigIGUtils: Initializing device id MetaConfig with empty family device id:EMPTY_FAMILY_DEVICE_ID
04-30 01:24:13.363  5091 11569 D AF::TrackHandle: OpPlayAudio: track:102 usage:2 not muted
04-30 01:24:13.364  5878  5878 D FaceWidgetMetadataParser: updatePackage() com.instagram.android false
04-30 01:24:13.364  3597  3651 I DWBLocalPackageManager: onPackageAdded Already Exist : com.instagram.android
04-30 01:24:13.369  5878  5878 W FaceWidgetMetadataParser: updatePackage() there is no metadata
04-30 01:24:13.369  5878  5878 D FaceWidgetMetadataParser: removePackage() key = com.instagram.android
04-30 01:24:13.371  5878  6139 D PluginInstanceManager: queryPkg com.instagram.android com.android.systemui.action.PLUGIN_NOTIFICATION_MENU_ROW
04-30 01:24:13.371  5878  6139 D PluginInstanceManager: queryPkg com.instagram.android com.android.systemui.action.PLUGIN_OVERLAY
04-30 01:24:13.372  5878  6139 D PluginInstanceManager: queryPkg com.instagram.android com.android.systemui.action.PLUGIN_NOTIFICATION_MENU_ROW
04-30 01:24:13.372  5878  6139 D PluginInstanceManager: queryPkg com.instagram.android com.android.systemui.action.PLUGIN_QS_FACTORY
04-30 01:24:13.372  5878  6139 D PluginInstanceManager: queryPkg com.instagram.android com.android.systemui.action.PLUGIN_LOCKSCREEN_LEFT_BUTTON
04-30 01:24:13.372  5878  6139 D PluginInstanceManager: queryPkg com.instagram.android com.android.systemui.action.PLUGIN_LOCKSCREEN_LEFT_BUTTON
04-30 01:24:13.372  5878  6139 D PluginInstanceManager: queryPkg com.instagram.android com.android.systemui.action.PLUGIN_NOTIFICATION_MENU_ROW
04-30 01:24:13.373  5878  6139 D PluginInstanceManager: queryPkg com.instagram.android com.android.systemui.action.PLUGIN_NOTIFICATION_MENU_ROW
04-30 01:24:13.373  5878  6139 D PluginInstanceManager: queryPkg com.instagram.android com.android.systemui.action.PLUGIN_NOTIFICATION_MENU_ROW
04-30 01:24:13.373  5878  6139 D PluginInstanceManager: queryPkg com.instagram.android com.android.systemui.action.PLUGIN_CLOCK
04-30 01:24:13.373  5878  6139 D PluginInstanceManager: queryPkg com.instagram.android com.android.systemui.action.PLUGIN_NOTIFICATION_MENU_ROW
04-30 01:24:13.374  5878  6139 D PluginInstanceManager: queryPkg com.instagram.android com.samsung.systemui.action.PLUGIN_FACE_WIDGET
04-30 01:24:13.374  5878  6139 D PluginInstanceManager: Too many of com.samsung.systemui.action.PLUGIN_FACE_WIDGET
04-30 01:24:13.374  5878  6139 D PluginInstanceManager: queryPkg com.instagram.android com.android.systemui.action.PLUGIN_NOTIFICATION_MENU_ROW
04-30 01:24:13.374  5878  6139 D PluginInstanceManager: queryPkg com.instagram.android com.android.systemui.action.PLUGIN_NOTIFICATION_MENU_ROW
04-30 01:24:13.374  5878  6139 D PluginInstanceManager: queryPkg com.instagram.android com.android.systemui.action.PLUGIN_GLOBAL_ACTIONS
04-30 01:24:13.374  5878  6139 D PluginInstanceManager: queryPkg com.instagram.android com.android.systemui.action.PLUGIN_NOTIFICATION_MENU_ROW
04-30 01:24:13.374  5878  6139 D PluginInstanceManager: queryPkg com.instagram.android com.android.systemui.action.PLUGIN_TOAST
04-30 01:24:13.375  5878  6139 D PluginInstanceManager: queryPkg com.instagram.android com.android.systemui.action.PLUGIN_NOTIFICATION_MENU_ROW
04-30 01:24:13.375  5878  6139 D PluginInstanceManager: queryPkg com.instagram.android com.android.systemui.action.PLUGIN_NOTIFICATION_MENU_ROW
04-30 01:24:13.375  5878  6139 D PluginInstanceManager: queryPkg com.instagram.android com.android.systemui.action.PLUGIN_NOTIFICATION_MENU_ROW
04-30 01:24:13.375  5878  6139 D PluginInstanceManager: queryPkg com.instagram.android com.android.systemui.action.PLUGIN_NOTIFICATION_MENU_ROW
04-30 01:24:13.375  5878  6139 D PluginInstanceManager: queryPkg com.instagram.android com.android.systemui.action.PLUGIN_NOTIFICATION_MENU_ROW
04-30 01:24:13.375  5878  6139 D PluginInstanceManager: queryPkg com.instagram.android com.android.systemui.action.PLUGIN_NOTIFICATION_MENU_ROW
04-30 01:24:13.375  5878  6139 D PluginInstanceManager: queryPkg com.instagram.android com.android.systemui.action.PLUGIN_NOTIFICATION_MENU_ROW
04-30 01:24:13.375  5878  6139 D PluginInstanceManager: queryPkg com.instagram.android com.android.systemui.action.PLUGIN_NOTIFICATION_MENU_ROW
04-30 01:24:13.376  5878  6139 D PluginInstanceManager: queryPkg com.instagram.android com.android.systemui.action.PLUGIN_SENSOR_MANAGER
04-30 01:24:13.382  5429  8535 D PackageManager: setEnabledSetting : userId = 0 packageName = com.samsung.android.scs cmp = androidx.work.impl.background.systemalarm.RescheduleReceiver newState = 1 callingPackage = 10380/com.samsung.android.scs
04-30 01:24:13.384  5429  8518 D PackageManager: setEnabledSetting : userId = 0 packageName = com.instagram.android cmp = com.instagram.direct.share.handler.DirectExternalMediaShareActivityVideoInterop newState = 2 callingPackage = 10126/com.instagram.android
04-30 01:24:13.384  5429  8535 D ApplicationPolicy: getApplicationStateEnabled : pkg = com.samsung.android.scs userId : 0
04-30 01:24:13.385  5429  8535 D ApplicationPolicy: getApplicationComponentState : pkg = com.samsung.android.scs userId : 0
04-30 01:24:13.387  5091 11569 D AF::TrackHandle: OpPlayAudio: track:102 usage:2 not muted
04-30 01:24:13.389  5091 11569 D AF::TrackHandle: OpPlayAudio: track:102 usage:2 not muted
04-30 01:24:13.392  5091 11569 D AF::TrackHandle: OpPlayAudio: track:102 usage:2 not muted
04-30 01:24:13.398  5429  5615 I InputReader: Reconfiguring input devices, changes=KEYBOARD_LAYOUTS |
04-30 01:24:13.398 19660 19700 W MultiSignalANRDetectorLacrima: Pausing error state checks
04-30 01:24:13.398  5429  6683 D PackageManager: setEnabledSetting : userId = 0 packageName = com.instagram.android cmp = com.instagram.direct.share.handler.DirectMultipleExternalMediaShareActivity newState = 2 callingPackage = 10126/com.instagram.android
04-30 01:24:13.401  5429  5488 W libprocessgroup: Failed to open /dev/blkio//cgroup.procs: No such file or directory
04-30 01:24:13.401  5091  5277 D AF::TrackHandle: OpPlayAudio: track:102 usage:2 not muted
04-30 01:24:13.418 19807 19807 I ssioncontroller: Using CollectorTypeCC GC.
04-30 01:24:13.412  5878  6139 D PluginInstanceManager: queryPkg com.instagram.android com.android.systemui.action.PLUGIN_QS
04-30 01:24:13.425  5878  6139 D PluginInstanceManager: queryPkg com.instagram.android com.android.systemui.action.PLUGIN_NOTIFICATION_MENU_ROW
04-30 01:24:13.425  5878  6139 D PluginInstanceManager: queryPkg com.instagram.android com.android.systemui.action.PLUGIN_NOTIFICATION_MENU_ROW
04-30 01:24:13.425  5878  6139 D PluginInstanceManager: queryPkg com.instagram.android com.android.systemui.action.PLUGIN_NOTIFICATION_MENU_ROW
04-30 01:24:13.425  5878  6139 D PluginInstanceManager: queryPkg com.instagram.android com.samsung.systemui.action.PLUGIN_VIEW_COVER
04-30 01:24:13.425  5878  6139 D PluginInstanceManager: Too many of com.samsung.systemui.action.PLUGIN_VIEW_COVER
04-30 01:24:13.425  5878  6139 D PluginInstanceManager: queryPkg com.instagram.android com.android.systemui.action.PLUGIN_NOTIFICATION_ASSISTANT
04-30 01:24:13.425  5878  6139 D PluginInstanceManager: queryPkg com.instagram.android com.android.systemui.action.PLUGIN_NOTIFICATION_MENU_ROW
04-30 01:24:13.425  5878  6139 D PluginInstanceManager: queryPkg com.instagram.android com.android.systemui.action.PLUGIN_VOLUME
04-30 01:24:13.425  5878  6139 D PluginInstanceManager: queryPkg com.instagram.android com.android.systemui.action.PLUGIN_NOTIFICATION_MENU_ROW
04-30 01:24:13.425  5878  6139 D PluginInstanceManager: queryPkg com.instagram.android com.android.systemui.action.PLUGIN_NOTIFICATION_MENU_ROW
04-30 01:24:13.425  5878  6139 D PluginInstanceManager: queryPkg com.instagram.android com.android.systemui.action.PLUGIN_NOTIFICATION_MENU_ROW
04-30 01:24:13.425  5878  6139 D PluginInstanceManager: queryPkg com.instagram.android com.android.systemui.action.PLUGIN_CLOCK
04-30 01:24:13.425  5878  6139 D PluginInstanceManager: queryPkg com.instagram.android com.android.systemui.action.PLUGIN_NOTIFICATION_MENU_ROW
04-30 01:24:13.425  5878  6139 D PluginInstanceManager: queryPkg com.instagram.android com.android.systemui.action.PLUGIN_LOCKSCREEN_RIGHT_BUTTON
04-30 01:24:13.425  5878  6139 D PluginInstanceManager: queryPkg com.instagram.android com.android.systemui.action.PLUGIN_LOCKSCREEN_RIGHT_BUTTON
04-30 01:24:13.425  5878  6139 D PluginInstanceManager: queryPkg com.instagram.android com.android.systemui.action.PEOPLE_HUB_PERSON_EXTRACTOR
04-30 01:24:13.428  5429  6683 D PackageManager: setEnabledSetting : userId = 0 packageName = com.instagram.android cmp = com.instagram.direct.share.handler.DirectMultipleExternalMediaShareActivityInterop newState = 2 callingPackage = 10126/com.instagram.android
04-30 01:24:13.434 19810 19810 I nder:appservice: Using CollectorTypeCC GC.
04-30 01:24:13.442  9200 19811 I Fitness : OnPackageChangedOperation got intent: Intent { act=android.intent.action.PACKAGE_CHANGED dat=package: flg=0x45000010 pkg=com.google.android.gms cmp=com.google.android.gms/.chimera.PersistentIntentOperationService (has extras) } [CONTEXT service_id=17 ]
04-30 01:24:13.444 19810 19810 E nder:appservice: Not starting debugger since process cannot load the jdwp agent.
04-30 01:24:13.450 19807 19807 E ssioncontroller: Not starting debugger since process cannot load the jdwp agent.
04-30 01:24:13.459 19660 19729 E MobileConfigIGUtils: Initializing device id MetaConfig with empty family device id:EMPTY_FAMILY_DEVICE_ID
04-30 01:24:13.467 19810 19810 W libc    : Access denied finding property "sys.perf.boostopt"
04-30 01:24:13.468 19807 19807 W libc    : Access denied finding property "sys.perf.boostopt"
04-30 01:24:13.469 19810 19810 D ActivityThread: setConscryptValidator
04-30 01:24:13.470 19810 19810 D ActivityThread: setConscryptValidator - put
04-30 01:24:13.470 19807 19807 D ActivityThread: setConscryptValidator
04-30 01:24:13.470 19807 19807 D ActivityThread: setConscryptValidator - put
04-30 01:24:13.472 19810 19843 W libc    : Access denied finding property "sys.perf.boostopt"
04-30 01:24:13.473 19807 19844 W libc    : Access denied finding property "sys.perf.boostopt"
04-30 01:24:13.489 19810 19845 W libc    : Access denied finding property "sys.perf.boostopt"
04-30 01:24:13.494 19810 19810 D CompatibilityChangeReporter: Compat change id reported: 171979766; UID 10077; state: ENABLED
04-30 01:24:13.504  5429  5705 I ChimeraAggressivePolicyHandler: executePolicy() - triggerSource: TRIGGER_SOURCE_LMKD
04-30 01:24:13.505  5429  5705 I ChimeraAggressivePolicyHandler: available memory: 988528, free memory target: 870400, quit chimera
04-30 01:24:13.526 19807 19844 W libc    : Access denied finding property "sys.perf.boostopt"
04-30 01:24:13.527 19807 19807 D CompatibilityChangeReporter: Compat change id reported: 171979766; UID 10086; state: ENABLED
04-30 01:24:13.531  9200 19811 I Fitness : FitCleanupIntentOperation received Intent android.intent.action.PACKAGE_CHANGED [CONTEXT service_id=17 ]
04-30 01:24:13.560 19660 19729 E MobileConfigIGUtils: Initializing device id MetaConfig with empty family device id:EMPTY_FAMILY_DEVICE_ID
04-30 01:24:13.597 19807 19807 D nativeloader: Configuring classloader-namespace-shared for other apk /system/framework/org.apache.http.legacy.jar. target_sdk_version=33, uses_libraries=ALL, library_path=/apex/com.android.permission/priv-app/GooglePermissionController@331512020/lib/arm64:/system/lib64:/system/system_ext/lib64, permitted_path=/data:/mnt/expand:/data/user_de/0/com.google.android.permissioncontroller:/apex/com.android.permission/priv-app/GooglePermissionController@331512020:/system/lib64:/system/system_ext/lib64
04-30 01:24:13.597 19807 19807 D nativeloader: Extending system_exposed_libraries: libhumantracking.arcsoft.so:libPortraitDistortionCorrection.arcsoft.so:libPortraitDistortionCorrectionCali.arcsoft.so:libface_landmark.arcsoft.so:libFacialStickerEngine.arcsoft.so:libveengine.arcsoft.so:liblow_light_hdr.arcsoft.so:libhigh_dynamic_range.arcsoft.so:libFacialAttributeDetection.arcsoft.so:libBeauty_v4.camera.samsung.so:libexifa.camera.samsung.so:libjpega.camera.samsung.so:libOpenCv.camera.samsung.so:libImageScreener.camera.samsung.so:libMyFilter.camera.samsung.so:libtensorflowLite.myfilter.camera.samsung.so:libtensorflowlite_inference_api.myfilter.camera.samsung.so:libEventFinder.camera.samsung.so:libHIDTSnapJNI.camera.samsung.so:libSmartScan.camera.samsung.so:libRectify.camera.samsung.so:libDocRectifyWrapper.camera.samsung.so:libUltraWideDistortionCorrection.camera.samsung.so:libHpr_RecGAE_cvFeature_v1.0.camera.samsung.so:libHprFace_GAE_api.camera.samsung.so:libFace_Landmark_API.camera.samsung.so:libHprFace_GAE_jni.camera.samsung.so:libFacialBasedSelfieCorrec
04-30 01:24:13.608 19660 19694 E PendingMediaStoreSerializer: deserialize start
04-30 01:24:13.608 19660 19694 E PendingMediaStoreSerializer: start reading pending media
04-30 01:24:13.625  9200 18611 I BluetoothAdapter: STATE_ON
04-30 01:24:13.630 19807 19807 D nativeloader: Configuring classloader-namespace-shared for other apk /apex/com.android.permission/priv-app/GooglePermissionController@331512020/GooglePermissionController.apk. target_sdk_version=33, uses_libraries=, library_path=/apex/com.android.permission/priv-app/GooglePermissionController@331512020/lib/arm64:/system/lib64:/system/system_ext/lib64, permitted_path=/data:/mnt/expand:/data/user_de/0/com.google.android.permissioncontroller:/apex/com.android.permission/priv-app/GooglePermissionController@331512020:/system/lib64:/system/system_ext/lib64
04-30 01:24:13.653  9200 18611 I BluetoothAdapter: STATE_ON
04-30 01:24:13.662 19660 19729 E MobileConfigIGUtils: Initializing device id MetaConfig with empty family device id:EMPTY_FAMILY_DEVICE_ID
04-30 01:24:13.664  9200 18611 W ChimeraUtils: Module com.google.android.gms.nearby_en missing resource null(0)
04-30 01:24:13.679 19660 19694 E PendingMediaStoreSerializer: Set the submedia on albums
04-30 01:24:13.679 19660 19694 E PendingMediaStoreSerializer: Set the submedia on post threads
04-30 01:24:13.679 19660 19694 E PendingMediaStoreSerializer: deserialize is done. start calling callbacks
04-30 01:24:13.697 19660 19694 E PendingMediaStoreSerializer: deserialize end
04-30 01:24:13.744  9200 18611 W ChimeraUtils: Module com.google.android.gms.nearby_en missing resource null(0)
04-30 01:24:13.762  9200 18611 W ChimeraUtils: Module com.google.android.gms.nearby_en missing resource null(0)
04-30 01:24:13.762 19660 19729 E MobileConfigIGUtils: Initializing device id MetaConfig with empty family device id:EMPTY_FAMILY_DEVICE_ID
04-30 01:24:13.763 19807 19807 V GraphicsEnvironment: ANGLE Developer option for 'com.google.android.permissioncontroller' set to: 'default'
04-30 01:24:13.765 19807 19807 V GraphicsEnvironment: ANGLE GameManagerService for com.google.android.permissioncontroller: false
04-30 01:24:13.766 19807 19807 V GraphicsEnvironment: Neither updatable production driver nor prerelease driver is supported.
04-30 01:24:13.770  5429  5438 I system_server: Background young concurrent copying GC freed 184968(12MB) AllocSpace objects, 20(1096KB) LOS objects, 9% free, 113MB/125MB, paused 810us,1.018ms total 168.767ms
04-30 01:24:13.778 19807 19807 D NetworkSecurityConfig: No Network Security Config specified, using platform default
04-30 01:24:13.781 19807 19807 D NetworkSecurityConfig: No Network Security Config specified, using platform default
04-30 01:24:13.795 13611 21715 I LauncherProvider: External provider call by package : com.samsung.android.app.galaxyfinder  for method : get_home_mode
04-30 01:24:13.818 13611 21715 I ExternalMethodFactory: get_home_mode
04-30 01:24:13.824 29954 30255 I Icing   : IndexChimeraService.getServiceInterface callingPackage=com.google.android.gms componentName=AppsCorpus serviceId=36
04-30 01:24:13.864 19660 19729 E MobileConfigIGUtils: Initializing device id MetaConfig with empty family device id:EMPTY_FAMILY_DEVICE_ID
04-30 01:24:13.903 19660 19706 E nightwatch-target: /proc/zoneinfo open: errno=13
04-30 01:24:13.903 19660 19706 E nightwatch-target: sysmeminfo parse failed
04-30 01:24:13.904  4899  4899 E audit   : type=1400 audit(1682810653.899:84906): avc:  denied  { read } for  pid=19660 comm="Lacrima_startup" name="zoneinfo" dev="proc" ino=4026531860 scontext=u:r:untrusted_app:s0:c126,c256,c512,c768 tcontext=u:object_r:proc_zoneinfo:s0 tclass=file permissive=0 SEPF_SM-A515F_13_0001 audit_filtered
04-30 01:24:13.904  4899  4899 E audit   : type=1300 audit(1682810653.899:84906): arch=c00000b7 syscall=56 success=no exit=-13 a0=ffffff9c a1=77fa91bc16 a2=0 a3=0 items=0 ppid=4924 pid=19660 auid=4294967295 uid=10126 gid=10126 euid=10126 suid=10126 fsuid=10126 egid=10126 sgid=10126 fsgid=10126 tty=(none) ses=4294967295 comm="Lacrima_startup" exe="/system/bin/app_process64" subj=u:r:untrusted_app:s0:c126,c256,c512,c768 key=(null)
04-30 01:24:13.904  4899  4899 E audit   : type=1327 audit(1682810653.899:84906): proctitle="com.instagram.android"
04-30 01:24:13.940 19807 19807 D SemCarrierFeature: update default carrier features
04-30 01:24:13.942 19807 19807 D FeatureUtil: filePath /optics/configs/carriers/single/SER/conf/system/customer_carrier_feature.json carrierGroup SER canonicalId -1
04-30 01:24:13.947 19807 19807 D FeatureUtil: filePath /omr/carrier/0/customer_carrier_feature.json carrierGroup SER canonicalId -1
04-30 01:24:13.948  4899  4899 E audit   : type=1400 audit(1682810653.943:84907): avc:  denied  { search } for  pid=19807 comm="ssioncontroller" name="/" dev="sda29" ino=2 scontext=u:r:permissioncontroller_app:s0:c86,c256,c512,c768 tcontext=u:object_r:omr_file:s0 tclass=dir permissive=0 SEPF_SM-A515F_13_0001 audit_filtered
04-30 01:24:13.948 19807 19807 W FeatureUtil: files does not exist from /omr/carrier/0/customer_carrier_feature.json
04-30 01:24:13.948 19807 19807 D SemCarrierFeature: update carrier features : 0/1016
04-30 01:24:13.948 19807 19807 D FeatureUtil: filePath /optics/configs/carriers/single/SER/conf/system/customer_carrier_feature.json carrierGroup SER canonicalId 1016
04-30 01:24:13.950 19807 19807 D FeatureUtil: filePath /omr/carrier/0/customer_carrier_feature.json carrierGroup SER canonicalId 1016
04-30 01:24:13.951 19807 19807 W FeatureUtil: files does not exist from /omr/carrier/0/customer_carrier_feature.json
04-30 01:24:13.951 19807 19807 D SemCarrierFeature: update default carrier features
04-30 01:24:13.951 19807 19807 D FeatureUtil: filePath /optics/configs/carriers/single/SER/conf/system/customer_carrier_feature.json carrierGroup SER canonicalId -1
04-30 01:24:13.953 19807 19807 D FeatureUtil: filePath /omr/carrier/1/customer_carrier_feature.json carrierGroup SER canonicalId -1
04-30 01:24:13.953 19807 19807 W FeatureUtil: files does not exist from /omr/carrier/1/customer_carrier_feature.json
04-30 01:24:13.953 19807 19807 D SemCarrierFeature: update carrier features : 1/30581
04-30 01:24:13.953 19807 19807 D FeatureUtil: filePath /optics/configs/carriers/single/SER/conf/system/customer_carrier_feature.json carrierGroup SER canonicalId 30581
04-30 01:24:13.954 19807 19807 D FeatureUtil: filePath /omr/carrier/1/customer_carrier_feature.json carrierGroup SER canonicalId 30581
04-30 01:24:13.955 19807 19807 W FeatureUtil: files does not exist from /omr/carrier/1/customer_carrier_feature.json
04-30 01:24:13.965 19660 19729 E MobileConfigIGUtils: Initializing device id MetaConfig with empty family device id:EMPTY_FAMILY_DEVICE_ID
04-30 01:24:13.976  5429  8526 D PackageManager: setEnabledSetting : userId = 0 packageName = com.google.android.permissioncontroller cmp = com.android.permissioncontroller.role.ui.SpecialAppAccessListActivity newState = 2 callingPackage = 10086/com.google.android.permissioncontroller
04-30 01:24:13.991 29954 29954 D BoundBrokerSvc: onBind: Intent { act=com.google.android.gms.feedback.internal.IFeedbackService dat=chimera-action:/... cmp=com.google.android.gms/.chimera.GmsBoundBrokerService }
04-30 01:24:13.991 29954 29954 D BoundBrokerSvc: Loading bound service for intent: Intent { act=com.google.android.gms.feedback.internal.IFeedbackService dat=chimera-action:/... cmp=com.google.android.gms/.chimera.GmsBoundBrokerService }
04-30 01:24:13.997 13611 21715 I LauncherProvider: External provider call by package : com.samsung.android.app.galaxyfinder  for method : get_home_mode
04-30 01:24:13.997 13611 21715 I ExternalMethodFactory: get_home_mode
04-30 01:24:14.017 29954  3865 I GmsCoreXrpcWrapper: Returning a channel provider with trafficStatsTag=12803 trafficStatsUid=-1
04-30 01:24:14.031 19807 19850 I PermissionControllerServiceImpl: Updating user sensitive for uid 10126
04-30 01:24:14.063 19660 19660 W IgZoneModule: IgFury is disabled. No-op Zone is setup
04-30 01:24:14.065 19660 19729 E MobileConfigIGUtils: Initializing device id MetaConfig with empty family device id:EMPTY_FAMILY_DEVICE_ID
04-30 01:24:14.091 19660 19881 W FileBasedMultiProcessTracker: <default>: Initializing FileBasedMultiProcessTracking using /data/user/0/com.instagram.android/app_multiprocess_tracking
04-30 01:24:14.092 19660 19881 W FileBasedMultiProcessTracker: <default>: Creating file to track 19660
04-30 01:24:14.095 19660 19660 W proxy_service: Initialize proxy service.
04-30 01:24:14.096 19660 19660 W proxy_service: User not in allowed region.
04-30 01:24:14.103 19660 19881 W FileBasedMultiProcessTracker: <default>: FileBasedMultiProcessTracker ready!
04-30 01:24:14.105  5429  8535 D PackageManager: setEnabledSetting : userId = 0 packageName = com.instagram.android cmp = com.instagram.direct.appwidget.DirectWidgetProvider newState = 2 callingPackage = 10126/com.instagram.android
04-30 01:24:14.118 19660 19884 W FileBasedMultiProcessTracker: <default>: Observed removed PID: 11494
04-30 01:24:14.146  5211  5555 I CameraService: onUidStateChanged: uid=10126, procState is changed. (20 -> 19)
04-30 01:24:14.153  9200  9200 D BoundBrokerSvc: onBind: Intent { act=com.google.android.gms.icing.LIGHTWEIGHT_INDEX_SERVICE dat=chimera-action:/... cmp=com.google.android.gms/.chimera.PersistentApiService }
04-30 01:24:14.153  9200  9200 D BoundBrokerSvc: Loading bound service for intent: Intent { act=com.google.android.gms.icing.LIGHTWEIGHT_INDEX_SERVICE dat=chimera-action:/... cmp=com.google.android.gms/.chimera.PersistentApiService }
04-30 01:24:14.153 19660 19660 D CompatibilityChangeReporter: Compat change id reported: 147600208; UID 10126; state: ENABLED
04-30 01:24:14.166 19660 19729 E MobileConfigIGUtils: Initializing device id MetaConfig with empty family device id:EMPTY_FAMILY_DEVICE_ID
04-30 01:24:14.173  5429  5488 W libprocessgroup: Failed to open /dev/blkio//cgroup.procs: No such file or directory
04-30 01:24:14.177 19660 19660 W Papaya  : invalid_notification_ranking_executor is not submitted (runtime enabled: false, executor enabled: false)
04-30 01:24:14.178 19660 19660 W Papaya  : ig4a_active_now is not submitted (runtime enabled: false, executor enabled: false)
04-30 01:24:14.193 19660 19660 E PendingMediaStoreSerializer: wait for deserialization lock
04-30 01:24:14.194 19660 19660 E PendingMediaStoreSerializer: calling callbacks
04-30 01:24:14.215 29954 30151 I Icing   : IndexChimeraService.getServiceInterface callingPackage=com.google.android.gms componentName=null serviceId=30
04-30 01:24:14.216 29954  3865 I Icing   : Usage reports ok 0, Failed Usage reports 0, indexed 0, rejected 0
04-30 01:24:14.267 19660 19730 E MobileConfigIGUtils: Initializing device id MetaConfig with empty family device id:EMPTY_FAMILY_DEVICE_ID
04-30 01:24:14.321 29954  3865 I GmsCoreXrpcWrapper: Returning a channel provider with trafficStatsTag=12803 trafficStatsUid=-1
04-30 01:24:14.361  5429  8535 D PackageManager: setEnabledSetting : userId = 0 packageName = com.instagram.android cmp = com.instagram.push.FbnsInitBroadcastReceiver newState = 1 callingPackage = 10126/com.instagram.android
04-30 01:24:14.362  5429  8535 D ApplicationPolicy: getApplicationStateEnabled : pkg = com.instagram.android userId : 0
04-30 01:24:14.363  5429  8535 D ApplicationPolicy: getApplicationComponentState : pkg = com.instagram.android userId : 0
04-30 01:24:14.369 19660 19730 E MobileConfigIGUtils: Initializing device id MetaConfig with empty family device id:EMPTY_FAMILY_DEVICE_ID
04-30 01:24:14.421  5429  8526 D PackageManager: setEnabledSetting : userId = 0 packageName = com.instagram.android cmp = com.instagram.push.FbnsInitBroadcastReceiver newState = 1 callingPackage = 10126/com.instagram.android
04-30 01:24:14.422 29954  3865 I Icing   : Usage reports ok 0, Failed Usage reports 0, indexed 0, rejected 0
04-30 01:24:14.423  5429  8526 D ApplicationPolicy: getApplicationStateEnabled : pkg = com.instagram.android userId : 0
04-30 01:24:14.423  5429  8526 D ApplicationPolicy: getApplicationComponentState : pkg = com.instagram.android userId : 0
04-30 01:24:14.424 29954  3865 I Icing   : Indexing com.google.android.gms-apps from com.google.android.gms
04-30 01:24:14.444  4924  4924 D Zygote  : Forked child process 19902
04-30 01:24:14.451 29954  3865 I Icing   : Indexing done com.google.android.gms-apps
04-30 01:24:14.470 19660 19730 E MobileConfigIGUtils: Initializing device id MetaConfig with empty family device id:EMPTY_FAMILY_DEVICE_ID
04-30 01:24:14.499 19902 19902 I cebook.services: Using CollectorTypeCC GC.
04-30 01:24:14.509 19902 19902 E cebook.services: Not starting debugger since process cannot load the jdwp agent.
04-30 01:24:14.518 19810 19810 I Process : Sending signal. PID: 19810 SIG: 9
04-30 01:24:14.522 19902 19902 W libc    : Access denied finding property "sys.perf.boostopt"
04-30 01:24:14.524 19902 19917 W libc    : Access denied finding property "sys.perf.boostopt"
04-30 01:24:14.526 19902 19902 D ActivityThread: setConscryptValidator
04-30 01:24:14.526 19902 19902 D ActivityThread: setConscryptValidator - put
04-30 01:24:14.543 19902 19918 W libc    : Access denied finding property "sys.perf.boostopt"
04-30 01:24:14.555 19902 19902 D CompatibilityChangeReporter: Compat change id reported: 171979766; UID 10076; state: ENABLED
04-30 01:24:14.566  5429  5486 I libprocessgroup: Successfully killed process cgroup uid 10077 pid 19810 in 1ms
04-30 01:24:14.570  4924  4924 I Zygote  : Process 19810 exited due to signal 9 (Killed)
04-30 01:24:14.572 19660 19730 E MobileConfigIGUtils: Initializing device id MetaConfig with empty family device id:EMPTY_FAMILY_DEVICE_ID
04-30 01:24:14.587 19902 19902 D nativeloader: Configuring classloader-namespace-shared for other apk /system/priv-app/FBServices/FBServices.apk. target_sdk_version=31, uses_libraries=, library_path=/system/priv-app/FBServices/lib/arm64:/system/lib64:/system/system_ext/lib64, permitted_path=/data:/mnt/expand:/data/user/0/com.facebook.services:/system/priv-app/FBServices:/system/lib64:/system/system_ext/lib64
04-30 01:24:14.633 19902 19902 V GraphicsEnvironment: ANGLE Developer option for 'com.facebook.services' set to: 'default'
04-30 01:24:14.634 19902 19902 V GraphicsEnvironment: ANGLE GameManagerService for com.facebook.services: false
04-30 01:24:14.635 19902 19902 V GraphicsEnvironment: Neither updatable production driver nor prerelease driver is supported.
04-30 01:24:14.645 19902 19902 D NetworkSecurityConfig: Using Network Security Config from resource fb_network_security_config debugBuild: false
04-30 01:24:14.659 19902 19902 D NetworkSecurityConfig: Using Network Security Config from resource fb_network_security_config debugBuild: false
04-30 01:24:14.672 19660 19730 E MobileConfigIGUtils: Initializing device id MetaConfig with empty family device id:EMPTY_FAMILY_DEVICE_ID
04-30 01:24:14.730 19902 19902 D b       : ExceptionHandlerManager not explicitly initialized, using default mode
04-30 01:24:14.730 19902 19902 D b       : initializing exception handler manager, prioritized=true
04-30 01:24:14.747 19902 19902 W SoLoader: context.getApplicationContext returned null, holding reference to original context.ApplicationSoSource fallbacks to: /system/priv-app/FBServices/lib/arm64
04-30 01:24:14.753 19902 19902 V fb-UnpackingSoSource: locked dso store /data/user/0/com.facebook.services/lib-main
04-30 01:24:14.757 19902 19902 I fb-UnpackingSoSource: dso store is up-to-date: /data/user/0/com.facebook.services/lib-main
04-30 01:24:14.758 19902 19902 V fb-UnpackingSoSource: releasing dso store lock for /data/user/0/com.facebook.services/lib-main
04-30 01:24:14.773 19660 19730 E MobileConfigIGUtils: Initializing device id MetaConfig with empty family device id:EMPTY_FAMILY_DEVICE_ID
04-30 01:24:14.862 19902 19927 D CompatibilityChangeReporter: Compat change id reported: 160794467; UID 10076; state: ENABLED
04-30 01:24:14.874 19660 19730 E MobileConfigIGUtils: Initializing device id MetaConfig with empty family device id:EMPTY_FAMILY_DEVICE_ID
04-30 01:24:14.904 19660 19706 E nightwatch-target: /proc/zoneinfo open: errno=13
04-30 01:24:14.904 19660 19706 E nightwatch-target: sysmeminfo parse failed
04-30 01:24:14.974 19660 19730 E MobileConfigIGUtils: Initializing device id MetaConfig with empty family device id:EMPTY_FAMILY_DEVICE_ID
04-30 01:24:15.075 19660 19730 E MobileConfigIGUtils: Initializing device id MetaConfig with empty family device id:EMPTY_FAMILY_DEVICE_ID
04-30 01:24:15.141 19902 19902 W fbservices:PreloadedFbnsService: service/onStart/tos_not_accepted
04-30 01:24:15.142  5429  8526 D PackageManager: setEnabledSetting : userId = 0 packageName = com.facebook.services cmp = com.facebook.oxygen.services.fbns.RegisteredMqttSystemBroadcastReceiver newState = 2 callingPackage = 10076/com.facebook.services
04-30 01:24:15.155 19902 19902 W fbservices:PreloadedFbnsService: service/onStart/tos_not_accepted
04-30 01:24:15.156  5429  8529 D PackageManager: setEnabledSetting : userId = 0 packageName = com.facebook.services cmp = com.facebook.oxygen.services.fbns.RegisteredMqttSystemBroadcastReceiver newState = 2 callingPackage = 10076/com.facebook.services
04-30 01:24:15.175 19660 19730 E MobileConfigIGUtils: Initializing device id MetaConfig with empty family device id:EMPTY_FAMILY_DEVICE_ID
04-30 01:24:15.176 19660 19730 E OEa     : Used up all retries. Fail to update configs with non-empty fdid.
04-30 01:24:15.271 19902 19902 W fbservices:PreloadedFbnsService: service/onStart/tos_not_accepted
04-30 01:24:15.274  5429  8526 D PackageManager: setEnabledSetting : userId = 0 packageName = com.facebook.services cmp = com.facebook.oxygen.services.fbns.RegisteredMqttSystemBroadcastReceiver newState = 2 callingPackage = 10076/com.facebook.services
04-30 01:24:15.356  5429  5488 W libprocessgroup: Failed to open /dev/blkio//cgroup.procs: No such file or directory
04-30 01:24:15.365 12145 13314 I SCS@AiSearch user 0: (AppsDataWorker) [androidx.work-3] entering in doWork():
04-30 01:24:15.365 12145 13314 I SCS@AiSearch user 0: (AppsDataObserver) [androidx.work-3] entering in execute():
04-30 01:24:15.366 12145 13314 I SCS@AiSearch user 0: (AppsDataObserver-CMD_UPDATE_LIST) changed package count: 1
04-30 01:24:15.432  5429  7411 D SemWifiUsabilityStatsMonitor: onWifiUsabilityStats - seqNum 25000, isSameBssidAndFreq true
04-30 01:24:15.436  5429  5717 I SemWifiLinkQualityMonitor: Link Qos Query: 0.020 ms / 391.762 Mbps (433 / 0.000 / 1.105)
04-30 01:24:15.464 12145 13314 I SCS@AiSearch user 0: (AppsDataObserver) [androidx.work-3] leaving from execute():  result is true
04-30 01:24:15.464 12145 13314 I SCS@AiSearch user 0: (AppsDataWorker) [androidx.work-3] leaving from doWork():
04-30 01:24:15.468 12145 12203 I WM-WorkerWrapper: Worker result SUCCESS for Work [ id=212af375-f72e-4426-a7ac-f05825e2f911, tags={ com.samsung.android.scs.ai.search.scheduling.workers.AppsDataWorker, CMD_UPDATE_LIST } ]
04-30 01:24:15.505  5429  5486 I libprocessgroup: Successfully killed process cgroup uid 10107 pid 15496 in 5ms
04-30 01:24:15.548  4924  4924 I Zygote  : Process 15496 exited due to signal 9 (Killed)
04-30 01:24:15.579 19660 19669 W JavaBinder: BinderProxy is being destroyed but the application did not call unlinkToDeath to unlink all of its death recipients beforehand.  Releasing leaked death recipient: X.0P3
04-30 01:24:15.582 19660 19670 W System  : A resource failed to call close.
04-30 01:24:15.584 19660 19670 W System  : A resource failed to call close.
04-30 01:24:15.584 19660 19670 W System  : A resource failed to call close.
04-30 01:24:15.584 19660 19670 W System  : A resource failed to call close.
04-30 01:24:15.585 19660 19670 W System  : A resource failed to call close.
04-30 01:24:15.906 19660 19706 E nightwatch-target: /proc/zoneinfo open: errno=13
04-30 01:24:15.906 19660 19706 E nightwatch-target: sysmeminfo parse failed
04-30 01:24:15.907  4899  4899 E audit   : type=1400 audit(1682810655.903:84915): avc:  denied  { read } for  pid=19660 comm="Lacrima_startup" name="zoneinfo" dev="proc" ino=4026531860 scontext=u:r:untrusted_app:s0:c126,c256,c512,c768 tcontext=u:object_r:proc_zoneinfo:s0 tclass=file permissive=0 SEPF_SM-A515F_13_0001 audit_filtered
04-30 01:24:15.909  4899  4899 E audit   : type=1300 audit(1682810655.903:84915): arch=c00000b7 syscall=56 success=no exit=-13 a0=ffffff9c a1=77fa91bc16 a2=0 a3=0 items=0 ppid=4924 pid=19660 auid=4294967295 uid=10126 gid=10126 euid=10126 suid=10126 fsuid=10126 egid=10126 sgid=10126 fsgid=10126 tty=(none) ses=4294967295 comm="Lacrima_startup" exe="/system/bin/app_process64" subj=u:r:untrusted_app:s0:c126,c256,c512,c768 key=(null)
04-30 01:24:15.909  4899  4899 E audit   : type=1327 audit(1682810655.903:84915): proctitle="com.instagram.android"
04-30 01:24:16.010  5429  5483 I SearchManagerService: updateSearchables
04-30 01:24:16.021 13611 13611 I Launcher.Model: isValidStateInKnoxMode:false user:UserHandle{0}
04-30 01:24:16.022 13611 13611 I Launcher.Model: package changed received : com.instagram.android
04-30 01:24:16.051 13611 13723 I PackageUpdatedTask: mAllAppsList.updatePackage com.instagram.android
04-30 01:24:16.111 13611 13723 I AppIconSolution: getThemeIconWithBG called with public API, pkg = com.instagram.android, mode = 48
04-30 01:24:16.112 13611 13723 I AppIconSolution: return adaptive icon for com.instagram.android, isNight = true
04-30 01:24:16.113 13611 13723 I LauncherActivityInfo: packageName: com.instagram.android, useThemeIcon: false, height: 288, width: 288, density: 640
04-30 01:24:16.160 13611 13723 I HsAllAppsList: set ComponentInfo{com.instagram.android/com.instagram.android.activity.MainTabActivity} app progress level to 100
04-30 01:24:16.171 13611 13723 I WidgetsModel: EasyModeWidget will be excluded on WidgetList.
04-30 01:24:16.187 13611 13723 I AppIconSolution: return adaptive icon for com.instagram.android, isNight = true
04-30 01:24:16.252 13611 13723 I PackageUpdatedTask: modified, appInfo : AppInfo(id=274 type=APP hidden=0 container=all_apps screen=1 rank=22 rankOfList=-1 user=UserHandle{0} title=Instagram componentName=ComponentInfo{com.instagram.android/com.instagram.android.activity.MainTabActivity} screenType=0 runtimeStatusFlags=384 status=0)
04-30 01:24:16.257 13611 13723 I AppsModelWriter: updateItems(start) : needToNormalize = true
04-30 01:24:16.257 13611 13723 I AppsModelWriter: updateItems(start) > needToBind = true
04-30 01:24:16.258 13611 13723 I AppsModelWriter: updateItems(start)> 0, 274, 0, -102, 1, 22, UserHandle{0}, 0, Instagram, -1, -1
04-30 01:24:16.260 13611 13723 I AppsModelWriter: normalizeVisibleItems : [matched = true] col = 5, raw : 6
04-30 01:24:16.265 13611 13723 I AppsModelWriter: normalizeVisibleItems(visibleItems)> 0, 46, 2, -102, 0, 0, UserHandle{0}, 0, Google, -1, -1
04-30 01:24:16.265 13611 13723 I AppsModelWriter: normalizeVisibleItems(visibleItems)> 0, 36, 2, -102, 0, 1, UserHandle{0}, 0, Samsung, -1, -1
04-30 01:24:16.265 13611 13723 I AppsModelWriter: normalizeVisibleItems(visibleItems)> 0, 160, 0, -102, 0, 2, UserHandle{0}, 0, 3D Calculator, -1, -1
04-30 01:24:16.265 13611 13723 I AppsModelWriter: normalizeVisibleItems(visibleItems)> 0, 202, 0, -102, 0, 3, UserHandle{0}, 0, Adobe Acrobat, -1, -1
04-30 01:24:16.265 13611 13723 I AppsModelWriter: normalizeVisibleItems(visibleItems)> 0, 176, 0, -102, 0, 4, UserHandle{0}, 0, App Center, -1, -1
04-30 01:24:16.265 13611 13723 I AppsModelWriter: normalizeVisibleItems(visibleItems)> 0, 250, 0, -102, 0, 5, UserHandle{0}, 0, AR Zone, -1, -1
04-30 01:24:16.265 13611 13723 I AppsModelWriter: normalizeVisibleItems(visibleItems)> 0, 161, 0, -102, 0, 6, UserHandle{0}, 0, Assistant, -1, -1
04-30 01:24:16.265 13611 13723 I AppsModelWriter: normalizeVisibleItems(visibleItems)> 0, 180, 0, -102, 0, 7, UserHandle{0}, 0, Authenticator, -1, -1
04-30 01:24:16.265 13611 13723 I AppsModelWriter: normalizeVisibleItems(visibleItems)> 0, 249, 0, -102, 0, 8, UserHandle{0}, 0, Benchmark, -1, -1
04-30 01:24:16.265 13611 13723 I AppsModelWriter: normalizeVisibleItems(visibleItems)> 0, 270, 0, -102, 0, 9, UserHandle{0}, 0, BeoGRADSKI prevoz, -1, -1
04-30 01:24:16.265 13611 13723 I AppsModelWriter: normalizeVisibleItems(visibleItems)> 0, 277, 0, -102, 0, 10, UserHandle{0}, 0, Bing, -1, -1
04-30 01:24:16.265 13611 13723 I AppsModelWriter: normalizeVisibleItems(visibleItems)> 0, 111, 0, -102, 0, 11, UserHandle{0}, 0, Browser, -1, -1
04-30 01:24:16.265 13611 13723 I AppsModelWriter: normalizeVisibleItems(visibleItems)> 0, 93, 0, -102, 0, 12, UserHandle{0}, 0, Calculator, -1, -1
04-30 01:24:16.265 13611 13723 I AppsModelWriter: normalizeVisibleItems(visibleItems)> 0, 158, 0, -102, 0, 13, UserHandle{0}, 0, Calculator, -1, -1
04-30 01:24:16.265 13611 13723 I AppsModelWriter: normalizeVisibleItems(visibleItems)> 0, 74, 0, -102, 0, 14, UserHandle{0}, 0, Calendar, -1, -1
04-30 01:24:16.265 13611 13723 I AppsModelWriter: normalizeVisibleItems(visibleItems)> 0, 224, 0, -102, 0, 15, UserHandle{0}, 0, Calendar, -1, -1
04-30 01:24:16.265 13611 13723 I AppsModelWriter: normalizeVisibleItems(visibleItems)> 0, 69, 0, -102, 0, 16, UserHandle{0}, 0, Camera, -1, -1
04-30 01:24:16.265 13611 13723 I AppsModelWriter: normalizeVisibleItems(visibleItems)> 0, 204, 0, -102, 0, 17, UserHandle{0}, 0, Canon Print Service, -1, -1
04-30 01:24:16.265 13611 13723 I AppsModelWriter: normalizeVisibleItems(visibleItems)> 0, 236, 0, -102, 0, 18, UserHandle{0}, 0, CAR:GO, -1, -1
04-30 01:24:16.265 13611 13723 I AppsModelWriter: normalizeVisibleItems(visibleItems)> 0, 116, 0, -102, 0, 19, UserHandle{0}, 0, CDE ITMO, -1, -1
04-30 01:24:16.265 13611 13723 I AppsModelWriter: normalizeVisibleItems(visibleItems)> 0, 71, 0, -102, 0, 20, UserHandle{0}, 0, Clock, -1, -1
04-30 01:24:16.266 13611 13723 I AppsModelWriter: normalizeVisibleItems(visibleItems)> 0, 178, 0, -102, 0, 21, UserHandle{0}, 0, Cloud Mail.ru, -1, -1
04-30 01:24:16.266 13611 13723 I AppsModelWriter: normalizeVisibleItems(visibleItems)> 0, 72, 0, -102, 0, 22, UserHandle{0}, 0, Contacts, -1, -1
04-30 01:24:16.266 13611 13723 I AppsModelWriter: normalizeVisibleItems(visibleItems)> 0, 195, 0, -102, 0, 23, UserHandle{0}, 0, Contacts, -1, -1
04-30 01:24:16.266 13611 13723 I AppsModelWriter: normalizeVisibleItems(visibleItems)> 0, 151, 0, -102, 0, 24, UserHandle{0}, 0, Cxxdroid, -1, -1
04-30 01:24:16.266 13611 13723 I AppsModelWriter: normalizeVisibleItems(visibleItems)> 0, 193, 0, -102, 0, 25, UserHandle{0}, 0, Dcoder, -1, -1
04-30 01:24:16.266 13611 13723 I AppsModelWriter: normalizeVisibleItems(visibleItems)> 0, 266, 0, -102, 0, 26, UserHandle{0}, 0, Digital Wellbeing, -1, -1
04-30 01:24:16.266 13611 13723 I AppsModelWriter: normalizeVisibleItems(visibleItems)> 0, 118, 0, -102, 0, 27, UserHandle{0}, 0, Discord, -1, -1
04-30 01:24:16.266 13611 13723 I AppsModelWriter: normalizeVisibleItems(visibleItems)> 0, 171, 0, -102, 0, 28, UserHandle{0}, 0, Docs, -1, -1
04-30 01:24:16.266 13611 13723 I AppsModelWriter: normalizeVisibleItems(visibleItems)> 0, 268, 0, -102, 0, 29, UserHandle{0}, 0, DontKillMyApp, -1, -1
04-30 01:24:16.266 13611 13723 I AppsModelWriter: normalizeVisibleItems(visibleItems)> 0, 86, 0, -102, 1, 0, UserHandle{0}, 0, Drive, -1, -1
04-30 01:24:16.266 13611 13723 I AppsModelWriter: normalizeVisibleItems(visibleItems)> 0, 166, 0, -102, 1, 1, UserHandle{0}, 0, DuckDuckGo, -1, -1
04-30 01:24:16.266 13611 13723 I AppsModelWriter: normalizeVisibleItems(visibleItems)> 0, 253, 0, -102, 1, 2, UserHandle{0}, 0, Duolingo, -1, -1
04-30 01:24:16.266 13611 13723 I AppsModelWriter: normalizeVisibleItems(visibleItems)> 0, 279, 0, -102, 1, 3, UserHandle{0}, 0, Durak, -1, -1
04-30 01:24:16.266 13611 13723 I AppsModelWriter: normalizeVisibleItems(visibleItems)> 0, 174, 0, -102, 1, 4, UserHandle{0}, 0, Excel, -1, -1
04-30 01:24:16.266 13611 13723 I AppsModelWriter: normalizeVisibleItems(visibleItems)> 0, 196, 0, -102, 1, 5, UserHandle{0}, 0, Files, -1, -1
04-30 01:24:16.266 13611 13723 I AppsModelWriter: normalizeVisibleItems(visibleItems)> 0, 145, 0, -102, 1, 6, UserHandle{0}, 0, Firefox, -1, -1
04-30 01:24:16.266 13611 13723 I AppsModelWriter: normalizeVisibleItems(visibleItems)> 0, 264, 0, -102, 1, 7, UserHandle{0}, 0, Flipd, -1, -1
04-30 01:24:16.266 13611 13723 I AppsModelWriter: normalizeVisibleItems(visibleItems)> 0, 263, 0, -102, 1, 8, UserHandle{0}, 0, Forest, -1, -1
04-30 01:24:16.266 13611 13723 I AppsModelWriter: normalizeVisibleItems(visibleItems)> 0, 63, 0, -102, 1, 9, UserHandle{0}, 0, Galaxy Store, -1, -1
04-30 01:24:16.266 13611 13723 I AppsModelWriter: normalizeVisibleItems(visibleItems)> 0, 94, 0, -102, 1, 10, UserHandle{0}, 0, Galaxy Wearable, -1, -1
04-30 01:24:16.266 13611 13723 I AppsModelWriter: normalizeVisibleItems(visibleItems)> 0, 70, 0, -102, 1, 11, UserHandle{0}, 0, Gallery, -1, -1
04-30 01:24:16.266 13611 13723 I AppsModelWriter: normalizeVisibleItems(visibleItems)> 0, 78, 0, -102, 1, 12, UserHandle{0}, 0, Game Launcher, -1, -1
04-30 01:24:16.266 13611 13723 I AppsModelWriter: normalizeVisibleItems(visibleItems)> 0, 239, 0, -102, 1, 13, UserHandle{0}, 0, Game Plugins, -1, -1
04-30 01:24:16.266 13611 13723 I AppsModelWriter: normalizeVisibleItems(visibleItems)> 0, 280, 0, -102, 1, 14, UserHandle{0}, 0, Games, -1, -1
04-30 01:24:16.266 13611 13723 I AppsModelWriter: normalizeVisibleItems(visibleItems)> 0, 198, 0, -102, 1, 15, UserHandle{0}, 0, Gboard, -1, -1
04-30 01:24:16.266 13611 13723 I AppsModelWriter: normalizeVisibleItems(visibleItems)> 0, 173, 0, -102, 1, 16, UserHandle{0}, 0, GitHub, -1, -1
04-30 01:24:16.266 13611 13723 I AppsModelWriter: normalizeVisibleItems(visibleItems)> 0, 209, 0, -102, 1, 17, UserHandle{0}, 0, Glovo, -1, -1
04-30 01:24:16.266 13611 13723 I AppsModelWriter: normalizeVisibleItems(visibleItems)> 0, 153, 0, -102, 1, 18, UserHandle{0}, 0, Google Japanese Input, -1, -1
04-30 01:24:16.266 13611 13723 I AppsModelWriter: normalizeVisibleItems(visibleItems)> 0, 281, 0, -102, 1, 19, UserHandle{0}, 0, Grammarly, -1, -1
04-30 01:24:16.266 13611 13723 I AppsModelWriter: normalizeVisibleItems(visibleItems)> 0, 181, 0, -102, 1, 20, UserHandle{0}, 0, Graphing Calc, -1, -1
04-30 01:24:16.266 13611 13723 I AppsModelWriter: normalizeVisibleItems(visibleItems)> 0, 165, 0, -102, 1, 21, UserHandle{0}, 0, HiPER Scientific Calculator, -1, -1
04-30 01:24:16.266 13611 13723 I AppsModelWriter: normalizeVisibleItems(visibleItems)> 0, 274, 0, -102, 1, 22, UserHandle{0}, 0, Instagram, -1, -1
04-30 01:24:16.266 13611 13723 I AppsModelWriter: normalizeVisibleItems(visibleItems)> 0, 235, 0, -102, 1, 23, UserHandle{0}, 0, KAlgebra, -1, -1
04-30 01:24:16.266 13611 13723 I AppsModelWriter: normalizeVisibleItems(visibleItems)> 0, 139, 0, -102, 1, 24, UserHandle{0}, 0, Kaspersky, -1, -1
04-30 01:24:16.266 13611 13723 I AppsModelWriter: normalizeVisibleItems(visibleItems)> 0, 234, 0, -102, 1, 25, UserHandle{0}, 0, KDE Connect, -1, -1
04-30 01:24:16.266 13611 13723 I AppsModelWriter: normalizeVisibleItems(visibleItems)> 0, 120, 0, -102, 1, 26, UserHandle{0}, 0, Keep notes, -1, -1
04-30 01:24:16.267 13611 13723 I AppsModelWriter: normalizeVisibleItems(visibleItems)> 0, 244, 0, -102, 1, 27, UserHandle{0}, 0, Knowledge, -1, -1
04-30 01:24:16.267 13611 13723 I AppsModelWriter: normalizeVisibleItems(visibleItems)> 0, 228, 0, -102, 1, 28, UserHandle{0}, 0, Lens, -1, -1
04-30 01:24:16.267 13611 13723 I AppsModelWriter: normalizeVisibleItems(visibleItems)> 0, 255, 0, -102, 1, 29, UserHandle{0}, 0, LinkedIn, -1, -1
04-30 01:24:16.267 13611 13723 I AppsModelWriter: normalizeVisibleItems(visibleItems)> 0, 84, 0, -102, 2, 0, UserHandle{0}, 0, Mail, -1, -1
04-30 01:24:16.267 13611 13723 I AppsModelWriter: normalizeVisibleItems(visibleItems)> 0, 117, 0, -102, 2, 1, UserHandle{0}, 0, Mail, -1, -1
04-30 01:24:16.267 13611 13723 I AppsModelWriter: normalizeVisibleItems(visibleItems)> 0, 125, 0, -102, 2, 2, UserHandle{0}, 0, Maps, -1, -1
04-30 01:24:16.267 13611 13723 I AppsModelWriter: normalizeVisibleItems(visibleItems)> 0, 203, 0, -102, 2, 3, UserHandle{0}, 0, meduza, -1, -1
04-30 01:24:16.267 13611 13723 I AppsModelWriter: normalizeVisibleItems(visibleItems)> 0, 218, 0, -102, 2, 4, UserHandle{0}, 0, Meet, -1, -1
04-30 01:24:16.267 13611 13723 I AppsModelWriter: normalizeVisibleItems(visibleItems)> 0, 254, 0, -102, 2, 5, UserHandle{0}, 0, Meet (original), -1, -1
04-30 01:24:16.267 13611 13723 I AppsModelWriter: normalizeVisibleItems(visibleItems)> 0, 276, 0, -102, 2, 6, UserHandle{0}, 0, MegaFonPRO, -1, -1
04-30 01:24:16.267 13611 13723 I AppsModelWriter: normalizeVisibleItems(visibleItems)> 0, 68, 0, -102, 2, 7, UserHandle{0}, 0, Messages, -1, -1
04-30 01:24:16.267 13611 13723 I AppsModelWriter: normalizeVisibleItems(visibleItems)> 0, 103, 0, -102, 2, 8, UserHandle{0}, 0, Microsoft 365 (Office), -1, -1
04-30 01:24:16.267 13611 13723 I AppsModelWriter: normalizeVisibleItems(visibleItems)> 0, 159, 0, -102, 2, 9, UserHandle{0}, 0, Microsoft Launcher, -1, -1
04-30 01:24:16.267 13611 13723 I AppsModelWriter: normalizeVisibleItems(visibleItems)> 0, 261, 0, -102, 2, 10, UserHandle{0}, 0, Moj Maxi, -1, -1
04-30 01:24:16.267 13611 13723 I AppsModelWriter: normalizeVisibleItems(visibleItems)> 0, 252, 0, -102, 2, 11, UserHandle{0}, 0, Moja mBanka, -1, -1
04-30 01:24:16.267 13611 13723 I AppsModelWriter: normalizeVisibleItems(visibleItems)> 0, 233, 0, -102, 2, 12, UserHandle{0}, 0, Moodle, -1, -1
04-30 01:24:16.267 13611 13723 I AppsModelWriter: normalizeVisibleItems(visibleItems)> 0, 258, 0, -102, 2, 13, UserHandle{0}, 0, Moovit, -1, -1
04-30 01:24:16.267 13611 13723 I AppsModelWriter: normalizeVisibleItems(visibleItems)> 0, 275, 0, -102, 2, 14, UserHandle{0}, 0, Music, -1, -1
04-30 01:24:16.267 13611 13723 I AppsModelWriter: normalizeVisibleItems(visibleItems)> 0, 169, 0, -102, 2, 15, UserHandle{0}, 0, my.itmo, -1, -1
04-30 01:24:16.267 13611 13723 I AppsModelWriter: normalizeVisibleItems(visibleItems)> 0, 197, 0, -102, 2, 16, UserHandle{0}, 0, Natural Scientific Calculator, -1, -1
