04-18 00:40:31.494  3327  3327 I BWU@DeviceInfo: Ph_salesCode  = SER [main]
04-18 00:40:31.495  3327  3327 I BWU@DeviceInfo: Ph_isShopDemo : false [main]
04-18 00:40:31.495  3327  3327 I BWU@DeviceInfo: Ph_isVzwShopDemo : false [main]
04-18 00:40:31.496  3327  3327 I BWU@DeviceInfo: Ph_productCode : SM-A515FZKMSER [main]
04-18 00:40:31.545  5628 11414 I SoundTriggerMiddlewareLogging: listModules[this=com.android.server.soundtrigger_middleware.SoundTriggerMiddlewareImpl@85751e, client=android.media.permission.Identity{uid: 1000, pid: 3327, packageName: null, attributionTag: null}]() -> [  ]
04-18 00:40:31.547  3327  3327 I BWU@VoiceWakeupInfo: Ph_isDspModuleEnabled() : false [main]
04-18 00:40:31.551  3327  3327 I BWU@VoiceWakeupInfo: Ph_setDSPSupport() : false [main]
04-18 00:40:31.558  3327  3327 I BWU@VoiceWakeupApp: Ph_setDefaultUncaughtExceptionHandler com.samsung.android.voicewakeup.util.VoiceWakeupApp$a@f5684be [main]
04-18 00:40:31.579  3297  3297 I CM/MessageCommon: init features 3297
04-18 00:40:31.580  3297  3297 I ORC/PreferenceProxy: PreferenceProxy Lock is setted to false
04-18 00:40:31.601  3327  3384 I SEP_UNION_SemUnionManager: initializeManagerMapData(1000) context = android.app.ContextImpl@d3c991f
04-18 00:40:31.604  5628  9811 D SemWifiUsabilityStatsMonitor: onWifiUsabilityStats - seqNum 23559, isSameBssidAndFreq true
04-18 00:40:31.607  5628  8422 I SemWifiLinkQualityMonitor: Link Qos Query: 0.028 ms / 283.302 Mbps (390 / 0.000 / 1.377)
04-18 00:40:31.609  3327  3385 I DIAGMON_SDK[605054]: DiagMonAgent type: 2
04-18 00:40:31.610  3327  3385 I DIAGMON_SDK[605054][797-397-529898] : generated SR object
04-18 00:40:31.623  3327  3384 I SEP_UNION_SemUnionManager: getUnionService(semcustomdump)
04-18 00:40:31.623  5250  5250 D Zygote  : Forked child process 3396
04-18 00:40:31.632  3327  3384 I SEP_UNION_SemCustomDumpManager: setDumpState : /data/log/BixbyWakeup.log
04-18 00:40:31.633  5628 11414 D SEP_UNION_SemUnionMainServiceImpl: setDumpEnabled = Wakeup
04-18 00:40:31.633  5628 11414 D SEP_UNION_SemUnionMainServiceImpl: setDumpEnabled Already Exist
04-18 00:40:31.634  3327  3384 I SEP_UNION_SemCustomDumpManager: setDumpState : /data/log/BixbyWakeupSettings.log
04-18 00:40:31.634  5628 11414 D SEP_UNION_SemUnionMainServiceImpl: setDumpEnabled = WakeupSetting
04-18 00:40:31.634  5628 11414 D SEP_UNION_SemUnionMainServiceImpl: setDumpEnabled Already Exist
04-18 00:40:31.655  3297  3297 W System.err: android.content.pm.PackageManager$NameNotFoundException: com.samsung.android.mdecservice
04-18 00:40:31.656  4376  4376 I lmkd    : cached 2, sandbox(not0) 0
04-18 00:40:31.660  4376  4376 I lmkd    : Reclaim 'com.samsung.android.mdx' (2817), uid 10090, oom_score_adj 925, state 19 to free 36768kB rss, 34296kb swap
04-18 00:40:31.661  4376  4376 I lmkd    : Reclaimed 71064kB at oom_score_adj 850
04-18 00:40:31.661  4376  4376 I lmkd    : Suppressed 2 failed kill reports
04-18 00:40:31.670  3297  3297 W System.err: 	at android.app.ApplicationPackageManager.getPackageInfoAsUser(ApplicationPackageManager.java:308)
04-18 00:40:31.670  3297  3297 W System.err: 	at android.app.ApplicationPackageManager.getPackageInfo(ApplicationPackageManager.java:268)
04-18 00:40:31.670  3297  3297 W System.err: 	at android.app.ApplicationPackageManager.getPackageInfo(ApplicationPackageManager.java:262)
04-18 00:40:31.670  3297  3297 W System.err: 	at c7.b.O(CmcSettingManager.java:1)
04-18 00:40:31.670  3297  3297 W System.err: 	at c7.b.K(CmcSettingManager.java:5)
04-18 00:40:31.674  3297  3297 W System.err: 	at com.samsung.android.messaging.common.configuration.cmc.CmcFeature.getCmcSettingManager(CmcFeature.java:3)
04-18 00:40:31.674  3297  3297 W System.err: 	at com.samsung.android.messaging.common.configuration.cmc.CmcFeature.getCmcVersion(CmcFeature.java:4)
04-18 00:40:31.674  3297  3297 W System.err: 	at com.samsung.android.messaging.common.configuration.cmc.CmcFeature.getEnableCmcOpenService(CmcFeature.java:2)
04-18 00:40:31.674  3297  3297 W System.err: 	at com.samsung.android.messaging.common.configuration.cmc.CmcFeature.isCmcOpenSecondaryDevice(CmcFeature.java:3)
04-18 00:40:31.674  3297  3297 W System.err: 	at com.samsung.android.messaging.common.configuration.cmc.CmcFeature.isCmcOnlySecondaryDevice(CmcFeature.java:1)
04-18 00:40:31.674  3297  3297 W System.err: 	at com.samsung.android.messaging.common.configuration.SystemProperties.isCmcOnlySecondary(Unknown Source:0)
04-18 00:40:31.674  3297  3297 W System.err: 	at com.samsung.android.messaging.common.configuration.SystemProperties.get(SystemProperties.java:1)
04-18 00:40:31.674  3396  3396 I oid.ipsgeofence: Using CollectorTypeCC GC.
04-18 00:40:31.674  3297  3297 W System.err: 	at com.samsung.android.messaging.common.configuration.SystemProperties.get(SystemProperties.java:7)
04-18 00:40:31.674  3297  3297 W System.err: 	at com.samsung.android.messaging.common.configuration.Feature.initSystemPropertyFeature(Feature.java:2)
04-18 00:40:31.674  3297  3297 W System.err: 	at com.samsung.android.messaging.common.configuration.Feature.init(Feature.java:6)
04-18 00:40:31.674  3297  3297 W System.err: 	at com.samsung.android.messaging.common.MessageCommon.initFeatures(MessageCommon.java:11)
04-18 00:40:31.674  3297  3297 W System.err: 	at com.samsung.android.messaging.service.provider.MessageContentProvider.onCreate(MessageContentProvider.java:5)
04-18 00:40:31.675  3297  3297 W System.err: 	at android.content.ContentProvider.attachInfo(ContentProvider.java:2522)
04-18 00:40:31.675  3297  3297 W System.err: 	at android.content.ContentProvider.attachInfo(ContentProvider.java:2492)
04-18 00:40:31.675  3297  3297 W System.err: 	at android.app.ActivityThread.installProvider(ActivityThread.java:8323)
04-18 00:40:31.675  3297  3297 W System.err: 	at android.app.ActivityThread.installContentProviders(ActivityThread.java:7828)
04-18 00:40:31.675  3297  3297 W System.err: 	at android.app.ActivityThread.handleBindApplication(ActivityThread.java:7577)
04-18 00:40:31.675  3297  3297 W System.err: 	at android.app.ActivityThread.-$$Nest$mhandleBindApplication(Unknown Source:0)
04-18 00:40:31.675  3297  3297 W System.err: 	at android.app.ActivityThread$H.handleMessage(ActivityThread.java:2400)
04-18 00:40:31.675  3297  3297 W System.err: 	at android.os.Handler.dispatchMessage(Handler.java:106)
04-18 00:40:31.675  3297  3297 W System.err: 	at android.os.Looper.loopOnce(Looper.java:226)
04-18 00:40:31.675  3297  3297 W System.err: 	at android.os.Looper.loop(Looper.java:313)
04-18 00:40:31.675  3297  3297 W System.err: 	at android.app.ActivityThread.main(ActivityThread.java:8757)
04-18 00:40:31.675  3297  3297 W System.err: 	at java.lang.reflect.Method.invoke(Native Method)
04-18 00:40:31.675  3297  3297 W System.err: 	at com.android.internal.os.RuntimeInit$MethodAndArgsCaller.run(RuntimeInit.java:571)
04-18 00:40:31.675  3297  3297 W System.err: 	at com.android.internal.os.ZygoteInit.main(ZygoteInit.java:1067)
04-18 00:40:31.676  3297  3297 E CmcSettingManager: valid package is not exist
04-18 00:40:31.676  3297  3297 I ORC/CmcFeature: sCmcSettingManager = c7.b@c128d17 sCmcActivationInfoChangedListener = null sCmcMessageActivationInfoChangedListener = null sCmcWatchActivationInfoChangedListener = null sCmcDeviceInfoChangedListener = null sCmcLineInfoChangedListener = null
04-18 00:40:31.676  3297  3297 E CmcSettingManager: context is null
04-18 00:40:31.676  3297  3297 I ORC/CmcFeature: Cmc-getOwnServiceVersion, Elapsed time : 49.986267 ms
04-18 00:40:31.676  3297  3297 I ORC/CmcFeature: getEnableCmcOpenService() sCmcVersion : -1.0
04-18 00:40:31.677  5628 11414 D TelephonyManager: requestModemActivityInfo: Sending result to app: ModemActivityInfo{ mTimestamp=204277436 mSleepTimeMs=125506323 mIdleTimeMs=4602856 mActivityStatsTechSpecificInfo=[{mRat=UNKNOWN,mFrequencyRange=UNKNOWN,mTxTimeMs[]=[6059, 2192, 2617, 487, 20715],mRxTimeMs=65588759}]}
04-18 00:40:31.687  3396  3396 E oid.ipsgeofence: Not starting debugger since process cannot load the jdwp agent.
04-18 00:40:31.706  3396  3396 W libc    : Access denied finding property "sys.perf.boostopt"
04-18 00:40:31.706  5224  5224 E audit   : type=1400 audit(1681771231.702:59766): avc:  denied  { read } for  pid=3396 comm="oid.ipsgeofence" name="u:object_r:perf_prop:s0" dev="tmpfs" ino=16829 scontext=u:r:platform_app:s0:c512,c768 tcontext=u:object_r:perf_prop:s0 tclass=file permissive=0 SEPF_SM-A515F_13_0001 audit_filtered
04-18 00:40:31.706  5224  5224 E audit   : type=1300 audit(1681771231.702:59766): arch=c00000b7 syscall=56 success=no exit=-13 a0=ffffff9c a1=7ffbc769b8 a2=88000 a3=0 items=0 ppid=5250 pid=3396 auid=4294967295 uid=5022 gid=5022 euid=5022 suid=5022 fsuid=5022 egid=5022 sgid=5022 fsgid=5022 tty=(none) ses=4294967295 comm="oid.ipsgeofence" exe="/system/bin/app_process64" subj=u:r:platform_app:s0:c512,c768 key=(null)
04-18 00:40:31.706  5224  5224 E audit   : type=1327 audit(1681771231.702:59766): proctitle="zygote64"
04-18 00:40:31.709  5224  5224 E audit   : type=1400 audit(1681771231.702:59767): avc:  denied  { read } for  pid=3396 comm="binder:3396_1" name="u:object_r:perf_prop:s0" dev="tmpfs" ino=16829 scontext=u:r:platform_app:s0:c512,c768 tcontext=u:object_r:perf_prop:s0 tclass=file permissive=0 SEPF_SM-A515F_13_0001 audit_filtered
04-18 00:40:31.709  3396  3396 D ActivityThread: setConscryptValidator
04-18 00:40:31.709  3396  3396 D ActivityThread: setConscryptValidator - put
04-18 00:40:31.710  3396  3409 W libc    : Access denied finding property "sys.perf.boostopt"
04-18 00:40:31.722  5628  5712 I libprocessgroup: Successfully killed process cgroup uid 10090 pid 2817 in 0ms
04-18 00:40:31.722  3297  3297 I ORC/Feature: Load Resize quality : 80
04-18 00:40:31.722  3297  3297 I ORC/Feature: isUsaOpen : NO_DFLT_CSC,OMC
04-18 00:40:31.724  3297  3297 I ORC/Feature: [CONFIG]init done, Elapsed time : 122.67642 ms
04-18 00:40:31.727  5250  5250 I Zygote  : Process 2817 exited due to signal 9 (Killed)
04-18 00:40:31.729  2569  2618 W libc    : Access denied finding property "sys.perf.boostopt"
04-18 00:40:31.730  3297  3393 I ORC/MultiSimManager: info1.getGroupUuid() : null
04-18 00:40:31.730  3297  3393 I ORC/MultiSimManager: info2.getGroupUuid() : null
04-18 00:40:31.730  3297  3393 I ORC/MultiSimManager: info2.isOpportunistic() : false
04-18 00:40:31.730  3297  3393 I ORC/MultiSimManager: updateSimCount() = 2
04-18 00:40:31.738  3396  3409 W libc    : Access denied finding property "sys.perf.boostopt"
04-18 00:40:31.748  3396  3396 D CompatibilityChangeReporter: Compat change id reported: 171979766; UID 5022; state: ENABLED
04-18 00:40:31.753  3297  3392 I ORC/RemoteDbVersion: version = 604
04-18 00:40:31.764  3297  3297 I CapsuleProvider_1.0.23: onCreate
04-18 00:40:31.780  5250  5250 D Zygote  : Forked child process 3416
04-18 00:40:31.785  3297  3412 I ORC/MultiSimManager: info1.getGroupUuid() : null
04-18 00:40:31.785  3297  3412 I ORC/MultiSimManager: info2.getGroupUuid() : null
04-18 00:40:31.785  3297  3412 I ORC/MultiSimManager: info2.isOpportunistic() : false
04-18 00:40:31.785  3297  3412 I ORC/MultiSimManager: ensureSimSlotCount: sSimSlotCount = 2
04-18 00:40:31.793  3297  3297 I ORC/PreferenceProvider: onCreate()
04-18 00:40:31.793  5250  5250 D Zygote  : Forked child process 3417
04-18 00:40:31.794  3297  3412 I ORC/ImsMgrFactory: simSlot : 0
04-18 00:40:31.804  3297  3411 I ORC/Logger: init success
04-18 00:40:31.810  3297  3297 I ORC/GlobalSettingProvider: onCreate
04-18 00:40:31.816  3297  3412 I ORC/ImsMgrFactory: getImsManager onConnected() for slot : 0
04-18 00:40:31.816  3297  3412 I ORC/ImsMgrFactory: listeners.size() = 0
04-18 00:40:31.828  3416  3416 I ru.mail.cloud: Using CollectorTypeCC GC.
04-18 00:40:31.830  3297  3297 E CmcSettingManager: context is null
04-18 00:40:31.837  3297  3297 I ORC/Logger:  ORC/CF(3297): getCOA = 0
04-18 00:40:31.837  3297  3297 E CmcSettingManager: context is null
04-18 00:40:31.839  3297  3297 I ORC/Logger:  ORC/CF(3297): getCWA = 0
04-18 00:40:31.841  3416  3416 E ru.mail.cloud: Not starting debugger since process cannot load the jdwp agent.
04-18 00:40:31.855  3417  3417 I droid.daemonapp: Using CollectorTypeCC GC.
04-18 00:40:31.858  3297  3412 I ORC/MultiSimManager: isSimActive() : simSlot = 0, simActive = true
04-18 00:40:31.860  3297  3412 I ORC/ImsMgrFactory: simSlot : 0
04-18 00:40:31.861  3416  3416 W libc    : Access denied finding property "sys.perf.boostopt"
04-18 00:40:31.862  3416  3435 W libc    : Access denied finding property "sys.perf.boostopt"
04-18 00:40:31.866  8955 10464 I ImsServiceSwitchEur[0]:  isRcsEnabled: false mDefaultSms true mUpsmEnabled false mEmergencyEnabled false
04-18 00:40:31.866  8955 10464 I ImsServiceStub<0>: isServiceAvailable: im, rat: -1, profileFind:false, Enabled:false
04-18 00:40:31.866  3297  3412 I CS/ImsManagerApi: enabled : false profile : im simslot : 0
04-18 00:40:31.867  3297  3412 I ORC/ImsMgrFactory: simSlot : 0
04-18 00:40:31.868  3417  3417 E droid.daemonapp: Not starting debugger since process cannot load the jdwp agent.
04-18 00:40:31.869  3297  3297 I ORC/GlobalSettingProvider: secQueryGetFingerprint = 14.1.30.21en_GB1681758748385
04-18 00:40:31.869  3297  3297 I ORC/DeviceSearchProvider: onCreate
04-18 00:40:31.870  3297  3392 I ORC/DeviceSearchProvider: initIndexModule
04-18 00:40:31.873  8955 10464 I ImsServiceSwitchEur[0]:  isRcsEnabled: false mDefaultSms true mUpsmEnabled false mEmergencyEnabled false
04-18 00:40:31.873  8955 10464 I ImsServiceStub<0>: isServiceAvailable: slm, rat: -1, profileFind:false, Enabled:false
04-18 00:40:31.874  3297  3412 I CS/ImsManagerApi: enabled : false profile : slm simslot : 0
04-18 00:40:31.881  3417  3417 W libc    : Access denied finding property "sys.perf.boostopt"
04-18 00:40:31.882  3416  3416 D ActivityThread: setConscryptValidator
04-18 00:40:31.883  3416  3416 D ActivityThread: setConscryptValidator - put
04-18 00:40:31.884  8955 10464 I RcsPreferencesProvider: query [content://com.sec.ims.android.rcs/support_dual_rcs] match [9]
04-18 00:40:31.886  3417  3417 D ActivityThread: setConscryptValidator
04-18 00:40:31.887  3417  3417 D ActivityThread: setConscryptValidator - put
04-18 00:40:31.887  3297  3297 I CS/CmasDataMigration: onCreate
04-18 00:40:31.888  3417  3443 W libc    : Access denied finding property "sys.perf.boostopt"
04-18 00:40:31.888  8955 10464 E GlobalSettingsRepoBase: globalgcsettings No matched key : dual_rcs_policy
04-18 00:40:31.888  8955 10464 E GlobalSettingsRepoBase: globalgcsettings No matched key : dual_rcs_policy
04-18 00:40:31.889  8955 10464 I RcsUtils: isDualRcsReg: false
04-18 00:40:31.892  3297  3297 I ORC/MessagesFileProvider: onCreate()
04-18 00:40:31.896  8955 10464 E TelephonyManagerWrapper: use backup gid : null
04-18 00:40:31.896  8955 10464 I RcsUtils<0>: dualRcsPolicyCase: policy 0
04-18 00:40:31.897  8955 10464 E GlobalSettingsRepoBase: globalgcsettings No matched key : dual_rcs_policy
04-18 00:40:31.904  3416  3436 W libc    : Access denied finding property "sys.perf.boostopt"
04-18 00:40:31.904  3416  3416 D CompatibilityChangeReporter: Compat change id reported: 171979766; UID 10336; state: ENABLED
04-18 00:40:31.914  3297  3412 I ORC/DualRcsUtil: getDualRcsValues, {support_dual_rcs=0, support_dual_rcs_sim2=1, support_dual_rcs_sim1=0}
04-18 00:40:31.914  3297  3412 I ORC/RcsFeatures: getRcsProfileType, profile : null, simSlot : 0, isSupportDualRcs : false
04-18 00:40:31.914  3297  3412 I ORC/ImsMgrFactory: simSlot : 0
04-18 00:40:31.917  8955 10464 I ImsServiceSwitchEur[0]:  isRcsEnabled: false mDefaultSms true mUpsmEnabled false mEmergencyEnabled false
04-18 00:40:31.917  8955 10464 I ImsServiceStub<0>: isServiceAvailable: gls, rat: -1, profileFind:false, Enabled:false
04-18 00:40:31.918  3297  3412 I ORC/RcsFeatures: getEnabledGeolocation : false, simSlot : 0
04-18 00:40:31.918  3297  3412 I ORC/RcsFeatures: profile : , rcsVersion : 0, simSlot : 0
04-18 00:40:31.933  3297  3412 I ORC/ImsMgrFactory: simSlot : 1
04-18 00:40:31.933  3416  3416 D nativeloader: Configuring classloader-namespace for other apk /system/framework/org.apache.http.legacy.jar. target_sdk_version=31, uses_libraries=ALL, library_path=/data/app/~~0swFGMancpjCyFV6NJCbwA==/ru.mail.cloud-rA9CwCXu7ozwDdCsH5f6Jg==/lib/arm64:/data/app/~~0swFGMancpjCyFV6NJCbwA==/ru.mail.cloud-rA9CwCXu7ozwDdCsH5f6Jg==/base.apk!/lib/arm64-v8a:/data/app/~~0swFGMancpjCyFV6NJCbwA==/ru.mail.cloud-rA9CwCXu7ozwDdCsH5f6Jg==/split_config.arm64_v8a.apk!/lib/arm64-v8a:/data/app/~~0swFGMancpjCyFV6NJCbwA==/ru.mail.cloud-rA9CwCXu7ozwDdCsH5f6Jg==/split_config.en.apk!/lib/arm64-v8a:/data/app/~~0swFGMancpjCyFV6NJCbwA==/ru.mail.cloud-rA9CwCXu7ozwDdCsH5f6Jg==/split_config.ru.apk!/lib/arm64-v8a:/data/app/~~0swFGMancpjCyFV6NJCbwA==/ru.mail.cloud-rA9CwCXu7ozwDdCsH5f6Jg==/split_config.xxhdpi.apk!/lib/arm64-v8a, permitted_path=/data:/mnt/expand:/data/user/0/ru.mail.cloud
04-18 00:40:31.933  3416  3416 D nativeloader: Extending system_exposed_libraries: libhumantracking.arcsoft.so:libPortraitDistortionCorrection.arcsoft.so:libPortraitDistortionCorrectionCali.arcsoft.so:libface_landmark.arcsoft.so:libFacialStickerEngine.arcsoft.so:libveengine.arcsoft.so:liblow_light_hdr.arcsoft.so:libhigh_dynamic_range.arcsoft.so:libFacialAttributeDetection.arcsoft.so:libBeauty_v4.camera.samsung.so:libexifa.camera.samsung.so:libjpega.camera.samsung.so:libOpenCv.camera.samsung.so:libImageScreener.camera.samsung.so:libMyFilter.camera.samsung.so:libtensorflowLite.myfilter.camera.samsung.so:libtensorflowlite_inference_api.myfilter.camera.samsung.so:libEventFinder.camera.samsung.so:libHIDTSnapJNI.camera.samsung.so:libSmartScan.camera.samsung.so:libRectify.camera.samsung.so:libDocRectifyWrapper.camera.samsung.so:libUltraWideDistortionCorrection.camera.samsung.so:libHpr_RecGAE_cvFeature_v1.0.camera.samsung.so:libHprFace_GAE_api.camera.samsung.so:libFace_Landmark_API.camera.samsung.so:libHprFace_GAE_jni.camera.samsung.so:libFacialBasedSelfieCorrec
04-18 00:40:31.937  3297  3412 I ORC/ImsMgrFactory: getImsManager onConnected() for slot : 1
04-18 00:40:31.937  3297  3412 I ORC/ImsMgrFactory: listeners.size() = 0
04-18 00:40:31.941  3417  3444 W libc    : Access denied finding property "sys.perf.boostopt"
04-18 00:40:31.943  3417  3417 D CompatibilityChangeReporter: Compat change id reported: 171979766; UID 10180; state: ENABLED
04-18 00:40:31.944  3297  3412 I ORC/MultiSimManager: isSimActive() : simSlot = 1, simActive = true
04-18 00:40:31.944  3297  3412 I ORC/ImsMgrFactory: simSlot : 1
04-18 00:40:31.947  8955 10464 I ImsServiceSwitchEur[1]:  isRcsEnabled: true mDefaultSms true mUpsmEnabled false mEmergencyEnabled false
04-18 00:40:31.947  8955 10464 I ImsServiceStub<1>: isServiceAvailable: im, rat: -1, profileFind:true, Enabled:true
04-18 00:40:31.948  3297  3412 I CS/ImsManagerApi: enabled : true profile : im simslot : 1
04-18 00:40:31.948  3297  3412 I ORC/RcsFeatures: getRcsProfileType, profile : UP_2.0, simSlot : 1, isSupportDualRcs : true
04-18 00:40:31.948  3297  3412 I ORC/Feature: isUsaOpen : NO_DFLT_CSC,OMC
04-18 00:40:31.952  8955 10464 I UriUtil : fragment is null. get simSlot from priority policy.
04-18 00:40:31.955  8955 10464 I GlobalSettingsRepoBase: query: Don't override some values
04-18 00:40:31.955  8955 10464 I GlobalSettingsRepoBase: query: Don't override some values
04-18 00:40:31.955  8955 10464 I GlobalSettingsRepoBase: query: Don't override some values
04-18 00:40:31.955  8955 10464 I GlobalSettingsRepoBase: query: Don't override some values
04-18 00:40:31.966  3297  3412 I ORC/RcsFeatures: getRcsPhaseVersion operatorRcsVersion :
04-18 00:40:31.966  3297  3412 I ORC/ImsMgrFactory: simSlot : 1
04-18 00:40:31.970  8955 10464 I ImsServiceSwitchEur[1]:  isRcsEnabled: true mDefaultSms true mUpsmEnabled false mEmergencyEnabled false
04-18 00:40:31.970  8955 10464 I ImsServiceStub<1>: isServiceAvailable: gls, rat: -1, profileFind:true, Enabled:true
04-18 00:40:31.971  3297  3412 I ORC/RcsFeatures: getEnabledGeolocation : true, simSlot : 1
04-18 00:40:31.971  3297  3412 I ORC/RcsFeatures: profile : UP_, rcsVersion : 5, simSlot : 1
04-18 00:40:31.976  8955 10464 E GlobalSettingsRepoBase: globalgcsettings No matched key : bot_registry_addr
04-18 00:40:31.976  8955 10464 E GlobalSettingsRepoBase: globalgcsettings No matched key : bot_info_fqdn_root
04-18 00:40:31.976  2569  2605 W System  : A resource failed to call close.
04-18 00:40:31.976  8955 10464 E GlobalSettingsRepoBase: globalgcsettings No matched key : bot_rcc07_version
04-18 00:40:31.977  8955 10464 E GlobalSettingsRepoBase: globalgcsettings No matched key : support_cancel_message
04-18 00:40:31.977  8955 10464 E GlobalSettingsRepoBase: globalgcsettings No matched key : support_realtime_user_alias
04-18 00:40:31.977  8955 10464 I GlobalSettingsRepoBase: query: Don't override some values
04-18 00:40:31.982  3297  3412 I ORC/GlobalSettingUtil: globalSettings = {bot_rcc07_version=8.0, rcs_otp_sms_port=0, rcs_application_server=jibe, support_realtime_user_alias=0, rcs_pre_consent=1, rcs_otp_sms_type=text, support_cancel_message=0, rcs_default_enabled=-1, rcs_client_version=8.5, mnoname=Telenor_RS, rcs_botplatform_server=jibe, rcs_regex_to_hide=Google is verifying your number for Chat features [0-9]+, rcs_otp_sms_regex=Your\sMessenger\sverification\scode\sis\sG-(\d{6}), rcs_min_gms_core_version=27}
04-18 00:40:32.007  3416  3416 W ziparchive: Unable to open '/data/app/~~0swFGMancpjCyFV6NJCbwA==/ru.mail.cloud-rA9CwCXu7ozwDdCsH5f6Jg==/split_config.arm64_v8a.dm': No such file or directory
04-18 00:40:32.007  3297  3412 I ORC/RcsFeatures: updateDualRcsState(), sRcsSupportedSimSlot : 1, sDualRcsRegiSupported : false
04-18 00:40:32.007  3416  3416 W ziparchive: Unable to open '/data/app/~~0swFGMancpjCyFV6NJCbwA==/ru.mail.cloud-rA9CwCXu7ozwDdCsH5f6Jg==/split_config.arm64_v8a.dm': No such file or directory
04-18 00:40:32.008  3416  3416 W ru.mail.cloud: Entry not found
04-18 00:40:32.010  3416  3416 W ziparchive: Unable to open '/data/app/~~0swFGMancpjCyFV6NJCbwA==/ru.mail.cloud-rA9CwCXu7ozwDdCsH5f6Jg==/split_config.en.dm': No such file or directory
04-18 00:40:32.010  3416  3416 W ziparchive: Unable to open '/data/app/~~0swFGMancpjCyFV6NJCbwA==/ru.mail.cloud-rA9CwCXu7ozwDdCsH5f6Jg==/split_config.en.dm': No such file or directory
04-18 00:40:32.010  3416  3416 W ru.mail.cloud: Entry not found
04-18 00:40:32.012  3416  3416 W ziparchive: Unable to open '/data/app/~~0swFGMancpjCyFV6NJCbwA==/ru.mail.cloud-rA9CwCXu7ozwDdCsH5f6Jg==/split_config.ru.dm': No such file or directory
04-18 00:40:32.012  3416  3416 W ziparchive: Unable to open '/data/app/~~0swFGMancpjCyFV6NJCbwA==/ru.mail.cloud-rA9CwCXu7ozwDdCsH5f6Jg==/split_config.ru.dm': No such file or directory
04-18 00:40:32.013  3416  3416 W ru.mail.cloud: Entry not found
04-18 00:40:32.018  3416  3416 W ziparchive: Unable to open '/data/app/~~0swFGMancpjCyFV6NJCbwA==/ru.mail.cloud-rA9CwCXu7ozwDdCsH5f6Jg==/split_config.xxhdpi.dm': No such file or directory
04-18 00:40:32.018  3416  3416 W ziparchive: Unable to open '/data/app/~~0swFGMancpjCyFV6NJCbwA==/ru.mail.cloud-rA9CwCXu7ozwDdCsH5f6Jg==/split_config.xxhdpi.dm': No such file or directory
04-18 00:40:32.019  3416  3416 W ru.mail.cloud: Entry not found
04-18 00:40:32.021  3416  3416 D nativeloader: Configuring classloader-namespace for other apk /data/app/~~0swFGMancpjCyFV6NJCbwA==/ru.mail.cloud-rA9CwCXu7ozwDdCsH5f6Jg==/base.apk:/data/app/~~0swFGMancpjCyFV6NJCbwA==/ru.mail.cloud-rA9CwCXu7ozwDdCsH5f6Jg==/split_config.arm64_v8a.apk:/data/app/~~0swFGMancpjCyFV6NJCbwA==/ru.mail.cloud-rA9CwCXu7ozwDdCsH5f6Jg==/split_config.en.apk:/data/app/~~0swFGMancpjCyFV6NJCbwA==/ru.mail.cloud-rA9CwCXu7ozwDdCsH5f6Jg==/split_config.ru.apk:/data/app/~~0swFGMancpjCyFV6NJCbwA==/ru.mail.cloud-rA9CwCXu7ozwDdCsH5f6Jg==/split_config.xxhdpi.apk. target_sdk_version=31, uses_libraries=, library_path=/data/app/~~0swFGMancpjCyFV6NJCbwA==/ru.mail.cloud-rA9CwCXu7ozwDdCsH5f6Jg==/lib/arm64:/data/app/~~0swFGMancpjCyFV6NJCbwA==/ru.mail.cloud-rA9CwCXu7ozwDdCsH5f6Jg==/base.apk!/lib/arm64-v8a:/data/app/~~0swFGMancpjCyFV6NJCbwA==/ru.mail.cloud-rA9CwCXu7ozwDdCsH5f6Jg==/split_config.arm64_v8a.apk!/lib/arm64-v8a:/data/app/~~0swFGMancpjCyFV6NJCbwA==/ru.mail.cloud-rA9CwCXu7ozwDdCsH5f6Jg==/split_config.en.apk!/lib/arm64-v8a:/data/app/~~0swFGMancpjCyF
04-18 00:40:32.026  3416  3416 W ru.mail.cloud: JIT profile information will not be recorded: profile file does not exist.
04-18 00:40:32.026  3416  3416 W ru.mail.cloud: JIT profile information will not be recorded: profile file does not exist.
04-18 00:40:32.026  3416  3416 W ru.mail.cloud: JIT profile information will not be recorded: profile file does not exist.
04-18 00:40:32.027  3416  3416 W ru.mail.cloud: JIT profile information will not be recorded: profile file does not exist.
04-18 00:40:32.040  3297  3297 I CM/MessageCommon: init features 3297
04-18 00:40:32.040  3297  3297 I ORC/PreferenceProxy: PreferenceProxy Lock is setted to false
04-18 00:40:32.040  3297  3297 I CM/MessageCommon: already init features 3297
04-18 00:40:32.042  3297  3297 I ORC/Log : sLevel : 1, isShipBuild : true
04-18 00:40:32.047 11006 11152 I DMASA[D][797-397-529898]: [DiagmonProvider]Received msg based on provider : request_deviceid / request_deviceid
04-18 00:40:32.049  3297  3411 I ORC/DeviceUtil: change sRealScreenResolution is null
04-18 00:40:32.050  3297  3411 I ORC/DeviceUtil: setDisplayDeviceType displayDeviceType = -1
04-18 00:40:32.050  3297  3452 I ORC/Setting: [CONFIG]init done, Elapsed time : 0.032616 ms
04-18 00:40:32.051  3297  3452 I ORC/CustomerFeatureLoader: isChangedCscCode result : false
04-18 00:40:32.051  3297  3452 I ORC/CustomerFeatureLoader: CscLoader CurrentBuildVersion : A515FXXU6HWC7 SavedBuildVersion : A515FXXU6HWC7 CurrentAppVersion : 14.1.30.21 savedAppVersion 14.1.30.21
04-18 00:40:32.051  3297  3452 I ORC/CustomerFeatureLoader: Init CSC version : A515FXXU1ASL6
04-18 00:40:32.051  3297  3452 I ORC/CustomerFeatureLoader: Init CSC Path : /optics/configs/carriers/single/SER/conf/customer.xml
04-18 00:40:32.056  3297  3412 I ORC/SimMobility: registerSimMobilityStatusListener
04-18 00:40:32.056  3297  3412 I ORC/ImsMgrFactory: simSlot : 0
04-18 00:40:32.058  3416  3416 V GraphicsEnvironment: ANGLE Developer option for 'ru.mail.cloud' set to: 'default'
04-18 00:40:32.059  3416  3416 V GraphicsEnvironment: ANGLE GameManagerService for ru.mail.cloud: false
04-18 00:40:32.059  3416  3416 V GraphicsEnvironment: Neither updatable production driver nor prerelease driver is supported.
04-18 00:40:32.063 11006 11152 I DMASA[D][797-397-529898]: [DiagmonProvider]Signature Check Success
04-18 00:40:32.063 11006 11152 I DMASA[D][797-397-529898]: [DiagmonProvider]Action : Request deviceID
04-18 00:40:32.072  3297  3393 I ORC/PermissionUtil: hasRequiredPermissions done : ret = true, Elapsed time : 38.99931 ms
04-18 00:40:32.072  3297  3393 I ORC/WithApp: hasRequiredPermissions() return : true
04-18 00:40:32.072  3297  3310 I ORC/SimMobility: onSimMobilityStateChanged: simMobility = false
04-18 00:40:32.076  3297  3412 I ORC/ImsMgrFactory: simSlot : 1
04-18 00:40:32.080  3297  3451 I ORC/MultiSimManager: isSimActive() : simSlot = 1, simActive = true
04-18 00:40:32.081  3297  3451 I ORC/ImsMgrFactory: simSlot : 1
04-18 00:40:32.081  3297  3313 I ORC/SimMobility: onSimMobilityStateChanged(2): simMobility = true
04-18 00:40:32.084  3297  3414 I ORC/CountryDetector: PERMISSION_DENIED
04-18 00:40:32.089  3297  3452 I CS/AcsManager: simSlotCount = 2, physical slotCount = 2
04-18 00:40:32.089  3297  3452 I CS/AcsManager: initConfiguration : 1
04-18 00:40:32.090  3297  3452 I CS/AutoConfig: registerConfiguration : 1
04-18 00:40:32.090  3416  3416 D NetworkSecurityConfig: Using Network Security Config from resource network_security_config debugBuild: false
04-18 00:40:32.091  3297  3414 I ORC/CountryDetector: getNetworkBasedCountryIso : rs
04-18 00:40:32.091  3297  3414 I ORC/CountryDetector: getSimFirstCountryIsoInner getSimBasedCountryIsors
04-18 00:40:32.092  8955 10263 I ImsServiceSwitchEur[1]:  isRcsEnabled: true mDefaultSms true mUpsmEnabled false mEmergencyEnabled false
04-18 00:40:32.095  3416  3416 D NetworkSecurityConfig: Using Network Security Config from resource network_security_config debugBuild: false
04-18 00:40:32.095  8955 10263 I ImsServiceStub<1>: isServiceAvailable: chatbot-communication, rat: -1, profileFind:true, Enabled:true
04-18 00:40:32.095  3297  3452 I CS/AutoConfig: init
04-18 00:40:32.095  3297  3451 I CS/ImsManagerApi: enabled : true profile : chatbot-communication simslot : 1
04-18 00:40:32.096  3297  3451 I ORC/ChatbotManager: updateBotFeature EnableMaaP : true, profile : UP_2.0
04-18 00:40:32.096  3297  3451 I ORC/ChatbotManager: sIsSupportBotThreadMerging   featureValuePre 0  latestValue:false
04-18 00:40:32.096  8955 10464 I ConfigProvider: query uri:xxxxx
04-18 00:40:32.101  3297  3297 I ORC/ImsMgrFactory: simSlot : 1
04-18 00:40:32.101  3297  3411 I ORC/MultiSimManager: info1.getGroupUuid() : null
04-18 00:40:32.102  3297  3411 I ORC/MultiSimManager: info2.getGroupUuid() : null
04-18 00:40:32.102  3297  3411 I ORC/MultiSimManager: info2.isOpportunistic() : false
04-18 00:40:32.102  3297  3411 I ORC/MultiSimManager: updateSimCount() = 2
04-18 00:40:32.102  8955 10263 I ConfigProvider: query uri:xxxxx
04-18 00:40:32.109  8955 13675 I SemImsServiceStub<1>: SemRegisterImsRegistrationListener com.samsung.android.ims.SemImsRegiListener$Stub$Proxy@e1d33c2
04-18 00:40:32.113  3297  3411 I CS/CapabilityFactory: Active sim count=2, simSlot count=2, mCurrentDataSlot=1
04-18 00:40:32.114  3297  3411 I CS/RcsCapabilityManager<0>: onCreate
04-18 00:40:32.115  3297  3411 I CS/CapabilityFactory: initRcsCapabilityManager(), rcsCapabilityManager, simSlot = 0
04-18 00:40:32.115  3297  3411 I CS/RcsCapabilityManager<1>: onCreate
04-18 00:40:32.115  3297  3411 I CS/CapabilityFactory: initRcsCapabilityManager(), rcsCapabilityManager, simSlot = 1
04-18 00:40:32.115  3297  3310 I ORC/CustomerNetworkFeatureLoader: SimMobility is false, Update features from CustomerFeature, simSlot = 0
04-18 00:40:32.116  3297  3310 E ORC/CustomerFeatureCommon: initDocument
04-18 00:40:32.117  3297  3310 I ORC/CustomerFeatureCommon: getOmcCustomerPath : got omc  path : /optics/configs/carriers/single/SER/conf
04-18 00:40:32.123  3297  3459 I CS/RcsCapabilityManager<0>: CreateTask: doInBackground
04-18 00:40:32.124  3297  3459 I CS/RcsCapabilityManager<0>: getOrCreateConnectionListener
04-18 00:40:32.125  8955 10464 I ConfigProvider: queryStorage path content://com.samsung.rcs.autoconfigurationprovider/parameter/ftautaccept#simslot1
04-18 00:40:32.130  3297  3311 W libc    : Access denied finding property "sys.perf.boostopt"
04-18 00:40:32.132  8955 10464 I RcsUtils: isDualRcsSettings: false
04-18 00:40:32.132  8955 10464 I RcsUtils: isDualRcsSettings: false
04-18 00:40:32.133  8955 10263 I ConfigProvider: queryMultipleStorage path content://com.samsung.rcs.autoconfigurationprovider/*#simslot1 map {0=com.sec.internal.ims.config.adapters.StorageAdapter@cfb2bfe}
04-18 00:40:32.133  8955 10263 I ConfigProvider: queryStorage path content://com.samsung.rcs.autoconfigurationprovider/*#simslot1
04-18 00:40:32.138  3396  3396 I [IPSA] CommonUtil: setApplication
04-18 00:40:32.141  3297  3412 I ORC/ImsUtil: getFtAutoAccept() : 0, simSlot = 1
04-18 00:40:32.144  8955 10263 I ConfigProvider: query uri:xxxxx
04-18 00:40:32.145  3297  3311 I CS/IntentRcsCommandImpl: ImsRegistrationListener: onRegistered
04-18 00:40:32.148  3297  3463 W libc    : Access denied finding property "sys.perf.boostopt"
04-18 00:40:32.151  3297  3313 I ORC/ProvisionUtil: loadUserAgentFromCSC(from CscFeature, 1) : cscUa =
04-18 00:40:32.153  8955 10263 I ConfigProvider: queryStorage path content://com.samsung.rcs.autoconfigurationprovider/parameter/ftautaccept#simslot1
04-18 00:40:32.154  8955 10263 I RcsUtils: isDualRcsSettings: false
04-18 00:40:32.155  8955 10263 I RcsUtils: isDualRcsSettings: false
04-18 00:40:32.163  3297  3464 W libc    : Access denied finding property "sys.perf.boostopt"
04-18 00:40:32.164  3297  3313 I ORC/TelephonyUtils: getSimOperatorForSlot(1) : 22001
04-18 00:40:32.166  8900  9520 D BluetoothAdapterService: getBondedDevices, remove custom devices:
04-18 00:40:32.169  3297  3297 I ORC/ImsUtil: getFtAutoAccept() : 0, simSlot = 1
04-18 00:40:32.169  3297  3452 I ORC/ImsUtil: getFtAutoAccept() : 0, simSlot = 1
04-18 00:40:32.170  3297  3452 I CS/Configuration: isFtAutoAccept = false, simSlot = 1
04-18 00:40:32.170  3297  3297 I ORC/MultipleUserMode: [init] processUserId = 0
04-18 00:40:32.170  3297  3452 I ORC/ImsUtil: getFtAutoAccept() : 0, simSlot = 1
04-18 00:40:32.170  3297  3452 I CS/Configuration: isFtAutoAcceptInRoaming = 0, simSlot = 1
04-18 00:40:32.174  8955 10263 I ConfigProvider: query uri:xxxxx
04-18 00:40:32.183  3297  3313 I ORC/CustomerFeatureCommon: getOmcCustomerNwPath : got omc  path : /optics/configs/carriers/single/SER/conf
04-18 00:40:32.183  3297  3452 I ORC/Setting: getMmsMaxRecipient result = 20
04-18 00:40:32.183  3297  3452 W CS/Configuration: getMaxAdhocGroupSize: value = -10, Setting.getMmsMaxRecipient() = 20
04-18 00:40:32.183  3297  3452 I ORC/Setting: getMmsMaxRecipient result = 20
04-18 00:40:32.185  3297  3452 E ORC/StringUtil: Error while parsing integer in getIntValue() - NumberFormatException
04-18 00:40:32.185  3297  3452 I CS/Configuration: freeExpireTime : default
04-18 00:40:32.186  8955 10263 I ConfigProvider: queryStorage path content://com.samsung.rcs.autoconfigurationprovider/parameter/ftautaccept#simslot1
04-18 00:40:32.186  3297  3452 I ORC/MultipleUserMode: [init] support MUM = 0
04-18 00:40:32.187  8955 10263 I RcsUtils: isDualRcsSettings: false
04-18 00:40:32.187  8955 10263 I RcsUtils: isDualRcsSettings: false
04-18 00:40:32.192 11006 11152 W DMASA[D][797-397-529898]: [DiagmonProvider]DeviceId failed : user binary or info null
04-18 00:40:32.193  3416  3416 I MultiDex: VM with version 2.1.0 has multidex support
04-18 00:40:32.193  3416  3416 I MultiDex: Installing application
04-18 00:40:32.193  3416  3416 I MultiDex: VM has multidex support, MultiDex support library is disabled.
04-18 00:40:32.195  3297  3313 I ORC/CustomerFeature: getUaUap : type = MessageUserAgent
04-18 00:40:32.195  3297  3313 I ORC/CustomerFeature: getNbMMSView : Nb = -1
04-18 00:40:32.195  3297  3313 I ORC/ProvisionUtil: loadUserAgentFromCSC(from Customer, 1) : cscUa = null
04-18 00:40:32.195  3297  3313 I ORC/ProvisionUtil: loadUaProfUrlFromCSC(from CscFeature, 1) : cscUapUrl =
04-18 00:40:32.201  3297  3392 I DIAGMON_SDK[605034]: DiagMonAgent type: 2
04-18 00:40:32.210  3297  3392 I DIAGMON_SDK[605034][m0j4ln5h9n] : generated SR object
04-18 00:40:32.215  2282  2749 I DeviceDetector: shouldReduceSdpRequests; does not have bistoUuid
04-18 00:40:32.216  3297  3313 I ORC/TelephonyUtils: getSimOperatorForSlot(0) : 25002
04-18 00:40:32.221  3297  3310 I ORC/CustomerNetworkFeatureLoader: update network dependent features, simSlot = 0, smsPageCount = 5, smsRecipient = 20, mmsRecipient = 20, mmsSize = 512000, emailGateWay = null, fromFieldMDN = null
04-18 00:40:32.223  3297  3452 I ORC/MaintenanceModeManager: getMaintenanceModeUserId : NOK, MAINTENANCE_MODE_USER_ID = -2, userId = -1
04-18 00:40:32.224  3297  3297 I ORC/MaintenanceModeManager: getMaintenanceModeUserId : NOK, MAINTENANCE_MODE_USER_ID = -1, userId = -1
04-18 00:40:32.225  2747  2799 D Benchmark: timeNs[ 0:10]: 453 433 455 461 393 392 389 433 493 418
04-18 00:40:32.225  2747  2799 D Benchmark: timeNs[10:20]: 451 458 490 538 427 426 429 442 482 444
04-18 00:40:32.225  2747  2799 D Benchmark: timeNs[20:30]: 419 425 426 465 481 488 429 424 423 448
04-18 00:40:32.225  2747  2799 D Benchmark: timeNs[30:40]: 590 452 446 434 428 483 427 445 446 441
04-18 00:40:32.225  2747  2799 D Benchmark: timeNs[40:50]: 492 461 426 424 422 509 446 426 435 424
04-18 00:40:32.227  3327  3394 I DIAGMON_SDK[605054][797-397-529898] : Agreement value: D
04-18 00:40:32.229  3327  3394 I DIAGMON_SDK[605054][797-397-529898] : Request Service Registration
04-18 00:40:32.230  3297  3313 I ORC/CustomerFeature: getUaUap : type = MessageUaProfUrl
04-18 00:40:32.230  3297  3313 I ORC/CustomerFeature: getNbMMSView : Nb = -1
04-18 00:40:32.230  3297  3313 I ORC/ProvisionUtil: loadUaProfUrlFromCSC(from Customer, 1) : cscUapUrl = null
04-18 00:40:32.231  3297  3452 I ORC/Setting: setRcsMax1To1 = 1000
04-18 00:40:32.232  3297  3452 I ORC/Setting: setRcsMax1ToM = 1000
04-18 00:40:32.233  3297  3297 I CS/IntentRcsCommandImpl: isAutoAcceptfalseisAutoAcceptInRoaming = false, simSlot = 1
04-18 00:40:32.233  3297  3452 I ORC/Setting: setRcsFtWarnSize = 0
04-18 00:40:32.235  3297  3310 I ORC/ProvisionUtil: loadUserAgentFromCSC(from CscFeature, 0) : cscUa =
04-18 00:40:32.236  3297  3452 I ORC/Setting: setRcsFtMaxSize = 10485760
04-18 00:40:32.238  3297  3311 I ORC/ImsUtil: getFtAutoAccept() : 0, simSlot = 1
04-18 00:40:32.241  3297  3311 I CS/IntentRcsCommandImpl: isAutoAcceptfalseisAutoAcceptInRoaming = false, simSlot = 1
04-18 00:40:32.242  3297  3452 I ORC/Setting: setRcsFtMaxSizeLong = 10485760
04-18 00:40:32.243  3297  3452 I ORC/Setting: setRcsMaxAdhocGroupSize, value=19
04-18 00:40:32.245  3297  3452 I ORC/Setting: setRcsMax1ToManyRecipients = 20
04-18 00:40:32.246  3297  3452 I ORC/Setting: setRcsThrottlePublish, sourceThrottlePublish=30
04-18 00:40:32.247  3297  3393 I ORC/Logger:  SDK/MCS(3297): cmcEnable = false
04-18 00:40:32.251  3297  3297 I ORC/BixbyLib2: BixbyLib2 created
04-18 00:40:32.252  3297  3297 I ORC/WithApp: onCreate() getEnableDiagnoseDbFault is false
04-18 00:40:32.252  3297  3297 I ORC/WithApp: WithApp create done version:14.1.30.21 type:user
04-18 00:40:32.257  3297  3414 I ORC/PermissionUtil: hasRequiredLegacyMsgPermissions done, Elapsed time : 0.125308 ms
04-18 00:40:32.265  3297  3310 I ORC/TelephonyUtils: getSimOperatorForSlot(0) : 25002
04-18 00:40:32.271  3297  3310 I ORC/CustomerFeature: getUaUap : type = MessageUserAgent
04-18 00:40:32.271  3297  3310 I ORC/CustomerFeature: getNbMMSView : Nb = -1
04-18 00:40:32.272  3297  3310 I ORC/ProvisionUtil: loadUserAgentFromCSC(from Customer, 0) : cscUa = null
04-18 00:40:32.272  3297  3310 I ORC/ProvisionUtil: loadUaProfUrlFromCSC(from CscFeature, 0) : cscUapUrl =
04-18 00:40:32.278  3297  3313 I ORC/SmsSettingUtil: smsSettings  = {sms_global_mode_sms_address_rule=false, sms_mms_uap_build_id=false}
04-18 00:40:32.282  3297  3310 I ORC/TelephonyUtils: getSimOperatorForSlot(0) : 25002
04-18 00:40:32.283  3297  3313 I ORC/ProvisionUtil:  sUserAgent(1) is SAMSUNG-ANDROID-MMS/SM-A515F
04-18 00:40:32.284  3297  3313 I ORC/ProvisionUtil:  sUaProfUrl(1) is http://wap.samsungmobile.com/uaprof/SAMSUNGUAPROF.xml
04-18 00:40:32.284  3297  3310 I ORC/CustomerFeature: getUaUap : type = MessageUaProfUrl
04-18 00:40:32.287  3297  3452 I ORC/Setting: isStandaloneMsgAuth = 0
04-18 00:40:32.288  2747  2799 W _benchmark.test: Suspending all threads took: 16.464ms
04-18 00:40:32.289  3297  3452 I ORC/Setting: isChatAuth = 1
04-18 00:40:32.290  3297  3452 I ORC/Setting: ChatbotDirectory =
04-18 00:40:32.292  3297  3310 I ORC/CustomerFeature: getNbMMSView : Nb = -1
04-18 00:40:32.292  3297  3310 I ORC/ProvisionUtil: loadUaProfUrlFromCSC(from Customer, 0) : cscUapUrl = null
04-18 00:40:32.297  3297  3452 I ORC/Setting: ChatbotDirectorySite =
04-18 00:40:32.301 11006 11152 I DMASA[D][797-397-529898]: [DiagmonProvider]Received msg based on provider : registration / register_service
04-18 00:40:32.301  3297  3310 I ORC/SmsSettingUtil: smsSettings  = {sms_global_mode_sms_address_rule=false, sms_mms_uap_build_id=false}
04-18 00:40:32.301  3297  3310 I ORC/ProvisionUtil:  sUserAgent(0) is SAMSUNG-ANDROID-MMS/SM-A515F
04-18 00:40:32.301  3297  3310 I ORC/ProvisionUtil:  sUaProfUrl(0) is http://wap.samsungmobile.com/uaprof/SAMSUNGUAPROF.xml
04-18 00:40:32.307  5628  5647 I system_server: Background young concurrent copying GC freed 244855(25MB) AllocSpace objects, 31(1476KB) LOS objects, 18% free, 103MB/127MB, paused 1.325ms,973us total 309.927ms
04-18 00:40:32.309  3297  3452 I ORC/Setting: BotInfoFQDNRoot =
04-18 00:40:32.310  3297  3313 I CS/MmsConfigLoader: computeOverridesLockedFromSystem : printOverrides = [httpSocketTimeout : 60000], [aliasMinChars : 2], [smsToMmsTextThreshold : 13], [enableSMSDeliveryReports : true], [maxMessageTextSize : -1], [supportMmsContentDisposition : true], [enabledTransID : false], [aliasEnabled : false], [supportHttpCharsetHeader : false], [allowAttachAudio : true], [smsToMmsTextLengthThreshold : -1], [recipientLimit : 20], [uaProfTagName : x-wap-profile], [aliasMaxChars : 48], [maxImageHeight : 480], [enableMMSDeliveryReports : false], [userAgent : SAMSUNG-ANDROID-MMS/SM-A515F], [mmsCloseConnection : false], [config_cellBroadcastAppLinks : true], [maxSubjectLength : 40], [httpParams : ], [enableGroupMms : true], [emailGatewayNumber : ], [maxMessageSize : 307200], [naiSuffix : ], [enableMMSReadReports : false], [maxImageWidth : 640], [uaProfUrl : http://wap.samsungmobile.com/uaprof/SAMSUNGUAPROF.xml], [enabledMMS : true], [enabledNotifyWapMMSC : false], [sendMultipartSmsAsSeparateMessages : false], [enableMultipartSMS : true],
04-18 00:40:32.311 11006 11152 I DMASA[D][797-397-529898]: [DiagmonProvider]Signature Check Success
04-18 00:40:32.312  3297  3452 I ORC/Setting: EnrichedSearch = 0
04-18 00:40:32.313 11006 11152 I DMASA[D][797-397-529898]: [DiagmonProvider]Action : Register service
04-18 00:40:32.315  5628  5649 W System  : A resource failed to call HardwareBuffer.close.
04-18 00:40:32.315  8955 10263 E GlobalSettingsRepoBase: globalgcsettings No matched key : bot_registry_addr
04-18 00:40:32.315  8955 10263 E GlobalSettingsRepoBase: globalgcsettings No matched key : bot_info_fqdn_root
04-18 00:40:32.315  8955 10263 E GlobalSettingsRepoBase: globalgcsettings No matched key : bot_rcc07_version
04-18 00:40:32.315  8955 10263 E GlobalSettingsRepoBase: globalgcsettings No matched key : support_cancel_message
04-18 00:40:32.315  8955 10263 E GlobalSettingsRepoBase: globalgcsettings No matched key : support_realtime_user_alias
04-18 00:40:32.315  8955 10263 I GlobalSettingsRepoBase: query: Don't override some values
04-18 00:40:32.317  5628  5649 W System  : A resource failed to call HardwareBuffer.close.
04-18 00:40:32.319  5628  5649 W System  : A resource failed to call release.
04-18 00:40:32.320 11006 11152 I DMASA[D][797-397-529898]: [b]Service Agree: true
04-18 00:40:32.320 11006 11152 I DMASA[D][797-397-529898]: [b]Device ID is null or empty
04-18 00:40:32.321 11006 11152 I DMASA[D][797-397-529898]: [b]Tracking ID is null or empty
04-18 00:40:32.325 11006 11152 I DMASA[D][797-397-529898]: [DiagmonProvider]SERVICE INFO already registered to server [797-397-529898]
04-18 00:40:32.325  3297  3311 I ORC/TelephonyUtils: isRoamingByRilProperty(): simSlot = 1, ril.currentPlmn = unknown
04-18 00:40:32.326  3297  3311 I ORC/TelephonyUtils: isRoamingByRilProperty(): simSlot = 1 ril.rejectedPlmn =
04-18 00:40:32.328  3297  3311 I ORC/TelephonyUtils: isRoamingByRilProperty(): network is not roaming
04-18 00:40:32.329  3297  3311 I ORC/RcsCommonUtil: checkAutoAccept isRoaming = false
04-18 00:40:32.330  3297  3313 I ORC/CustomerNetworkFeatureLoader: SimMobility is true, Update features from CarrierConfig, simSlot = 1
04-18 00:40:32.332  3297  3311 I ORC/Setting: getAutoAcceptInRoaming = false
04-18 00:40:32.333  3297  3311 I ORC/Setting: getAutoAccept = false
04-18 00:40:32.333  3297  3311 I ORC/RcsCommonUtil: checkAutoAccept result = false
04-18 00:40:32.334  3416  3416 D CompatibilityChangeReporter: Compat change id reported: 183155436; UID 10336; state: DISABLED
04-18 00:40:32.335  3416  3416 I FirebaseApp: Device unlocked: initializing all Firebase APIs for app [DEFAULT]
04-18 00:40:32.335  3297  3452 I ORC/Setting: setRcsUserAliasAuth : 1
04-18 00:40:32.336  3297  3393 I ORC/GlobalSettingUtil: globalSettings = {bot_rcc07_version=8.0, rcs_otp_sms_port=0, rcs_application_server=jibe, support_realtime_user_alias=0, rcs_pre_consent=1, rcs_otp_sms_type=text, support_cancel_message=0, rcs_default_enabled=-1, rcs_client_version=8.5, mnoname=Telenor_RS, rcs_botplatform_server=jibe, rcs_regex_to_hide=Google is verifying your number for Chat features [0-9]+, rcs_otp_sms_regex=Your\sMessenger\sverification\scode\sis\sG-(\d{6}), rcs_min_gms_core_version=27}
04-18 00:40:32.338  2747  2799 D Benchmark: allocationCount[ 0:10]: 1 1 1 1 1
04-18 00:40:32.338  2747  2799 D Benchmark: Set 2799 (Bench thread) to priority -8. Was -20, now -8
04-18 00:40:32.338  2747  2799 D Benchmark: Set 2781 (Jit) to priority 9. Was -15, now 9
04-18 00:40:32.338  2747  2799 D Benchmark: Warmup: t=0.256, iter=62544, fastAvg=3059, slowAvg=3133
04-18 00:40:32.338  3416  3416 I FirebaseCrashlytics: Initializing Firebase Crashlytics 18.0.1 for ru.mail.cloud
04-18 00:40:32.339  2747  2799 I PerfettoCapture: Stopping perfetto.
04-18 00:40:32.343  3297  3452 I ORC/Setting: setRcsDefaultFallback = null
04-18 00:40:32.347  3297  3313 I ORC/CustomerNetworkFeatureLoader: update network dependent features, simSlot = 1, smsPageCount = 13, smsRecipient = 20, mmsRecipient = 20, mmsSize = 307200, emailGateWay = , fromFieldMDN =
04-18 00:40:32.350  3297  3392 I CapsuleProvider_1.0.23: releasing initialize wait lock.
04-18 00:40:32.351  3297  3313 I ORC/ProvisionUtil: loadUserAgentFromCSC(from CscFeature, 1) : cscUa =
04-18 00:40:32.360  7867  7969 I PolicyManager: [#CMH#] Is foreground game app: false
04-18 00:40:32.361  3297  3452 I CS/AutoConfig: init, result=true, Elapsed time : 266.0418 ms
04-18 00:40:32.369  3297  3313 I ORC/TelephonyUtils: getSimOperatorForSlot(1) : 22001
04-18 00:40:32.372  3297  3313 I ORC/CustomerFeature: getUaUap : type = MessageUserAgent
04-18 00:40:32.372  3297  3313 I ORC/CustomerFeature: getNbMMSView : Nb = -1
04-18 00:40:32.372  3297  3313 I ORC/ProvisionUtil: loadUserAgentFromCSC(from Customer, 1) : cscUa = null
04-18 00:40:32.373  3297  3313 I ORC/ProvisionUtil: loadUaProfUrlFromCSC(from CscFeature, 1) : cscUapUrl =
04-18 00:40:32.382  3297  3297 I CS/ExternalService/ClientManager: isShipped : true
04-18 00:40:32.382  3297  3313 I ORC/TelephonyUtils: getSimOperatorForSlot(0) : 25002
04-18 00:40:32.382  3297  3297 I CS/ExternalService/ClientManager: isShipped : true
04-18 00:40:32.384  3297  3313 I ORC/CustomerFeature: getUaUap : type = MessageUaProfUrl
04-18 00:40:32.384  3297  3313 I ORC/CustomerFeature: getNbMMSView : Nb = -1
04-18 00:40:32.384  3297  3313 I ORC/ProvisionUtil: loadUaProfUrlFromCSC(from Customer, 1) : cscUapUrl = null
04-18 00:40:32.385  3297  3313 I ORC/ProvisionUtil:  sUserAgent(1) is SAMSUNG-ANDROID-MMS/SM-A515F
04-18 00:40:32.385  3297  3313 I ORC/ProvisionUtil:  sUaProfUrl(1) is http://wap.samsungmobile.com/uaprof/SAMSUNGUAPROF.xml
04-18 00:40:32.393  3297  3459 I CS/RcsCapabilityManager<0>: getOrCreateConnectionListener
04-18 00:40:32.395  3297  3297 I CS/ExternalService/RcsExternalService: RcsExternalService is binded
04-18 00:40:32.404  3297  3456 I PROV/MsgContentProviderQuery: query, uriMatch : 3101, Elapsed time : 17.482733 ms
04-18 00:40:32.407  3416  3480 I DynamiteModule: Considering local module com.google.android.gms.measurement.dynamite:83 and remote module com.google.android.gms.measurement.dynamite:88
04-18 00:40:32.408  3416  3480 I DynamiteModule: Selected remote version of com.google.android.gms.measurement.dynamite, version >= 88
04-18 00:40:32.410  3297  3297 I CS/RcsCapabilityManager<0>: CapabilityManager.ConnectionListener: onConnected
04-18 00:40:32.410  3297  3297 I CS/RcsCapabilityManager<0>: registerCapabilityListener
04-18 00:40:32.410  3297  3297 I CS/RcsCapabilityManager<0>: createCapabilityListener
04-18 00:40:32.413  3297  3459 I CS/RcsCapabilityManager<0>: setupImsCapabilityManager, mImsCapabilityManager : com.samsung.android.messaging.seapiwrapper.options.c@9aff1a8, mConnectionListener=com.samsung.android.messaging.common.capability.RcsCapabilityManager$1@b7b44c1
04-18 00:40:32.414  3287  3287 I perfetto:    perfetto_cmd.cc:1168 SIGINT/SIGTERM received: disabling tracing.
04-18 00:40:32.423  2747  2799 D Benchmark: kill -TERM command output -
04-18 00:40:32.423  3416  3480 W System  : ClassLoader referenced unknown path:
04-18 00:40:32.425  3416  3480 D nativeloader: Configuring classloader-namespace for other apk . target_sdk_version=33, uses_libraries=, library_path=/data/app/~~fupSe7mT3TYRtpByrpi4GQ==/com.google.android.gms-bmnvTG7hLJarQuEcM9Lr_Q==/lib/arm64:/data/app/~~fupSe7mT3TYRtpByrpi4GQ==/com.google.android.gms-bmnvTG7hLJarQuEcM9Lr_Q==/base.apk!/lib/arm64-v8a, permitted_path=/data:/mnt/expand:/data/user/0/com.google.android.gms
04-18 00:40:32.427  8955 10263 I CapabilityServiceEventListener<0>: registerListener: com.sec.internal.ims.servicemodules.options.SemCapabilityDiscoveryService$CapabilityServiceEventCallBack@9d5623c
04-18 00:40:32.429  3297  3297 I CS/RcsCapabilityManager<0>: registerCapabilityListener, mCapabilityListener=com.samsung.android.messaging.common.capability.RcsCapabilityManager$2@4e963a7
04-18 00:40:32.429  3297  3297 I CS/RcsCapabilityManager<0>: doPendingWorks, size=0
04-18 00:40:32.430  3297  3297 I CS/RcsCapabilityManager<0>: CapabilityListener: onOwnCapabilitiesChanged
04-18 00:40:32.430  3297  3297 I CS/RcsCapabilityManager<0>: runUpdateOwnCapabilitiesTask
04-18 00:40:32.436  5403  5403 I perfetto:  probes_producer.cc:396 Producer stop (id=413)
04-18 00:40:32.438  3297  3483 I CS/ExternalService/RcsListenerThread: onLooperPrepared
04-18 00:40:32.438  3297  3483 I CS/ExternalService/RcsListenerThread: notify
04-18 00:40:32.438  5403  5403 I perfetto:    ftrace_procfs.cc:342 disabled ftrace in /sys/kernel/tracing/
04-18 00:40:32.441  3416  3416 I FirebaseInitProvider: FirebaseApp initialization successful
04-18 00:40:32.453  3297  3456 I Common/SimImsiManager: initSimImsiValueIds() sSimImsiValueIds size = 3
