04-27 20:20:35.837  5878  5878 D NetworkController.WifiSignalController: notifyListener: visible=true, connected=true, inetCondition=1, isDefault=true, wifiTestReported=true, receivedInetCondition=-1, hideDuringMobileSwitching=false
04-27 20:20:35.838  5878  6043 D Tile.WifiTile: handleUpdateState isTransient=false transientEnabling =false cb.isTransient=false state.state = 2 mStateBeforeClick.value =false enabled =true
04-27 20:20:35.839  5429  5717 I SemWifiLinkQualityMonitor: Link Qos Query: 0.111 ms / 72.000 Mbps (72 / 0.000 / 1.000)
04-27 20:20:35.945  5429 32274 D TrafficStats: tagSocket(892) with statsTag=0xffffffff, statsUid=-1
04-27 20:20:35.950  5429 32274 D TrafficStats: tagSocket(905) with statsTag=0xffffffff, statsUid=-1
04-27 20:20:36.156  5429 32274 D WifiConnectivityMonitor.DnsThread:  [|212] []
04-27 20:20:36.158  5429  5738 D WifiConnectivityMonitor.NetworkStatsAnalyzer: DNS resultType : 0, responseTime : 212
04-27 20:20:36.160  5429  5736 D OpenNetworkQos[4.00]: updateBssidLatestDnsResultType - result: 0
04-27 20:20:36.161  5429  5736 D OpenNetworkQos[4.00]: updateBssidNoInternet: mBssidNoInternet = false
04-27 20:20:36.161  5429  5736 D OpenNetworkQos[4.00]: getOpenNetworkQosNoInternetStatus: false
04-27 20:20:36.161  5429  5736 D OpenNetworkQos[4.00]: getOpenNetworkQosScores: 26 25 0
04-27 20:20:36.167  5429  5736 I WifiProfileShare: network QoS data was changed (internet), updateQoSData networkType: true, qosData: false
04-27 20:20:36.168  5429  7167 V WifiProfileShare.Caster: update wips network, size: 0
04-27 20:20:36.168  5429  7167 D WifiProfileShare: nearby scanning settings run
04-27 20:20:36.169  5429  7167 D WifiProfileShare: network score provider settings enabled
04-27 20:20:36.169  5429  7167 D OpenNetworkQos[4.00]: getOpenNetworkQosScores: 26 25 0
04-27 20:20:36.169  5429  7167 D OpenNetworkQos[4.00]: getOpenNetworkQosNoInternetStatus: false
04-27 20:20:36.169  5429  7167 I WifiProfileShare.Caster: current network type: 0, score: [26, 25, 0]
04-27 20:20:36.171  5429  7167 V WifiProfileShare.Cache: update network score 0c:8d:db:**:**:7d
04-27 20:20:36.171  5429  7167 D WifiProfileShare.ScanMatcher: getMcfDataList size:20
04-27 20:20:36.172  5429  7167 I WifiProfileShare.Caster: qos data was updated , before:type:QOS, pBssid:e8:51:71, qosData:78 after:type:QOS, pBssid:e8:51:71, qosData:78
04-27 20:20:36.178  5429  7167 I [MCFSDK_android_1.2.4010]_4_b: isNetworkEnabled - type : 1 ret : true
04-27 20:20:36.178  5429  7167 D WifiProfileShare.McfCast: -ME--- mIsNetworkEnabled :true
04-27 20:20:36.178  5429  7167 D WifiProfileShare.McfCast: updateQoSData ignored, same contents
04-27 20:20:36.178  5429  7167 D WifiProfileShare.MCF: success update QosData !
04-27 20:20:36.180  5429  7167 I [MCFSDK_android_1.2.4010]_4_b: isNetworkEnabled - type : 1 ret : true
04-27 20:20:36.180  5429  7167 D WifiProfileShare.McfCast: -ME--- mIsNetworkEnabled :true
04-27 20:20:36.181  5429  7167 D WifiProfileShare.McfCast: -ME--- updatePasswordDate pwdData size:20
04-27 20:20:36.233  5233  5248 D installd: Purging /data/data/com.Slack/cache/data/user/0/com.Slack/no_backup/androidx.work.workdb.lck size=0 mod=1682619446 from UID=10329 used=-10752 quota=99734750 ratio=-1
04-27 20:20:36.233  5233  5248 D installd: Purging /data/data/com.Slack/cache/data/user/0/com.Slack/no_backup size=3584 mod=1682619446 from UID=10329 used=-10752 quota=99734750 ratio=-1
04-27 20:20:36.234  5233  5248 D installd: Purging /data/data/com.Slack/cache/data/user/0/com.Slack size=3584 mod=1682619446 from UID=10329 used=-14336 quota=99734750 ratio=-1
04-27 20:20:36.234  5233  5248 D installd: Purging /data/data/com.Slack/cache/data/user/0 size=3584 mod=1682619446 from UID=10329 used=-17920 quota=99734750 ratio=-1
04-27 20:20:36.234  5233  5248 D installd: Purging /data/data/com.Slack/cache/data/user size=3584 mod=1682619446 from UID=10329 used=-21504 quota=99734750 ratio=-2
04-27 20:20:36.234  5233  5248 D installd: Purging /data/data/com.Slack/cache/account_manager.lck size=0 mod=1682619446 from UID=10329 used=-25088 quota=99734750 ratio=-2
04-27 20:20:36.234  5233  5248 D installd: Purging /data/data/com.Slack/cache/data size=3584 mod=1682619446 from UID=10329 used=-25088 quota=99734750 ratio=-2
04-27 20:20:36.235  5233  5248 D installd: Purging /data/data/com.Slack/cache/telemetry_db.lck size=0 mod=1682619447 from UID=10329 used=-28672 quota=99734750 ratio=-2
04-27 20:20:36.235  5233  5248 D installd: Purging /data/data/com.google.android.gm/cache/image_manager_disk_cache/journal size=4096 mod=1682619044 from UID=10242 used=-4608 quota=3651808 ratio=-12
04-27 20:20:36.235  5233  5248 D installd: Purging /data/data/com.google.android.gm/cache/image_manager_disk_cache size=3584 mod=1682619044 from UID=10242 used=-8704 quota=3651808 ratio=-23
04-27 20:20:36.235  5233  5248 D installd: Purging /data/data/com.linkedin.android/cache/flagship-disk-cache-lmdb size=3584 mod=1682619476 from UID=10006 used=-9728 quota=3651808 ratio=-26
04-27 20:20:36.236  5233  5248 D installd: Purging /data/data/com.google.android.gm/cache/cronet_cache/prefs/local_prefs.json size=16384 mod=1682619353 from UID=10242 used=-12288 quota=3651808 ratio=-33
04-27 20:20:36.236  5233  5248 D installd: Purging /data/data/com.linkedin.android/cache/cronet/disk_cache/index-dir/the-real-index size=4096 mod=1682619495 from UID=10006 used=-13312 quota=3651808 ratio=-36
04-27 20:20:36.236  5233  5248 D installd: Purging /data/data/com.linkedin.android/cache/cronet/disk_cache/index-dir size=3584 mod=1682619495 from UID=10006 used=-17408 quota=3651808 ratio=-47
04-27 20:20:36.236  5233  5248 D installd: Purging /data/data/com.linkedin.android/cache/cronet/disk_cache size=3584 mod=1682619495 from UID=10006 used=-20992 quota=3651808 ratio=-57
04-27 20:20:36.236  5233  5248 D installd: Purging /data/data/com.linkedin.android/cache/cronet/prefs/local_prefs.json size=4096 mod=1682619545 from UID=10006 used=-24576 quota=3651808 ratio=-67
04-27 20:20:36.236  5233  5248 D installd: Purging /data/data/com.linkedin.android/cache/cronet/prefs size=3584 mod=1682619545 from UID=10006 used=-28672 quota=3651808 ratio=-78
04-27 20:20:36.236  5233  5248 D installd: Purging /data/data/com.google.android.gm/cache/cronet_cache/prefs size=3584 mod=1682619353 from UID=10242 used=-28672 quota=3651808 ratio=-78
04-27 20:20:36.237  5233  5248 D installd: Purging /data/data/com.google.android.gm/cache/cronet_cache size=3584 mod=1682619353 from UID=10242 used=-32256 quota=3651808 ratio=-88
04-27 20:20:36.237  5233  5248 D installd: Purging /data/data/com.linkedin.android/cache/cronet size=3584 mod=1682619545 from UID=10006 used=-32256 quota=3651808 ratio=-88
04-27 20:20:36.237  5233  5248 E installd: Failed to free up 3221225472 on /data; final free space 3061149696: Success
04-27 20:20:36.254  8350  8630 I ExternalStorageServiceImpl: Free cache requested for 160075776 bytes
04-27 20:20:36.258  8350  8630 I ExternalStorageServiceImpl: Free cache requested for 160075776 bytes
04-27 20:20:36.320  5878  5878 D SecPowerUI.Notification: showChargingNotice oldChargingType : 11 / currentChargingType : 11, oldChargingTime : 2632000 / mChargingTime : 2632000
04-27 20:20:36.320  5878  5878 D SecPowerUI.Notification: There is no change about charging status, so return!
04-27 20:20:38.857  5429  7411 D SemWifiUsabilityStatsMonitor: onWifiUsabilityStats - seqNum 3886, isSameBssidAndFreq true
04-27 20:20:38.871  5878  5878 D NetworkController.WifiSignalController: notifyListener: visible=true, connected=true, inetCondition=1, isDefault=true, wifiTestReported=true, receivedInetCondition=-1, hideDuringMobileSwitching=false
04-27 20:20:38.873  5878  6043 D Tile.WifiTile: handleUpdateState isTransient=false transientEnabling =false cb.isTransient=false state.state = 2 mStateBeforeClick.value =false enabled =true
04-27 20:20:38.876  5429  5717 I SemWifiLinkQualityMonitor: Link Qos Query: 0.111 ms / 72.000 Mbps (72 / 0.000 / 1.000)
04-27 20:20:40.675  5429  5488 W libprocessgroup: Failed to open /dev/blkio//cgroup.procs: No such file or directory
04-27 20:20:41.002 11360  4170 I com.sc.StatisticsDispatch: doSendRoutine start
04-27 20:20:41.018 11360  4170 I com.sc.StatisticsDispatch: No events in queue
04-27 20:20:41.021 11360  4170 I com.sc.StatisticsDispatch: Dispatch routine, next send delay: 62.7 minutes
04-27 20:20:41.315  5067  5067 E sehhealth-service: Could not open /sys/class/power_supply/battery/lrp
04-27 20:20:41.332  5429  5602 D MotionRecognitionService: [SAR]  onReceive : ACTION_BATTERY_CHANGED, Plugged: 2
04-27 20:20:41.337  5787  5787 D SemBigDataInfoController: Intent: android.intent.action.BATTERY_CHANGED
04-27 20:20:41.343  5878  5878 I AODBatteryManager: updateBatteryData: ACTION_BATTERY_CHANGED
04-27 20:20:41.347  5878  5878 I AODBatteryManager: saveBatteryData : AOD BatteryData [mBatteryLevel=73, mBatteryStatus=CHARGING, mBatteryPlugType=USB, mBatteryPlugged=true, mRemainingChargeTime=2624000, mBatteryChargingType=2, mBatteryChargerType=FAST, mBatteryOnline=NOT_DEFINED, mBatterySwellingMode=NONE, mBatteryProtectMode=false]
04-27 20:20:41.348  5878  5878 I ChargingInfoManager: updateChargingInfo: newState = AOD ChargingInfo [mState=BATTERY_AND_REMAIN_TIME, mIsCharging=true, mIsFullyCharged=false, mIsBatteryProtectMode=false], oldState = AOD ChargingInfo [mState=BATTERY_AND_REMAIN_TIME, mIsCharging=true, mIsFullyCharged=false, mIsBatteryProtectMode=false]
04-27 20:20:41.348  5878  5878 I PowerUI : mBootCompleted = true |  mFullyConnected = true
04-27 20:20:41.349  5878  5878 W PowerUI : Plug reason
04-27 20:20:41.349  5878  5878 W PowerUI : Skip charging animation - by plug status
04-27 20:20:41.349  5878  5878 D PowerUI : priorPlugType = 2 mPlugType = 2 priorBatteryStatus = 2 mBatteryStatus = 2
04-27 20:20:41.349  5878  5878 W PowerUI : Plug reason
04-27 20:20:41.349  5878  5878 W PowerUI : Skip charging sound - by plug status
04-27 20:20:41.349  5878  5878 I PowerUI : oldMisalign : false, curMisalign : false
04-27 20:20:41.349  5787  5787 D SemBigDataInfoController: Intent: android.intent.action.BATTERY_CHANGED
04-27 20:20:41.350  5429  5429 D PhoneWindowManagerExt: ACTION_BATTERY_CHANGED - Level=73, status=2
04-27 20:20:41.351  5878  7772 D SecPowerUI.Notification: dismissing low battery warning: level=73
04-27 20:20:41.351  5878  5878 D SecPowerUI.Notification: showChargingNotice oldChargingType : 11 / currentChargingType : 11, oldChargingTime : 2632000 / mChargingTime : 2624000
04-27 20:20:41.351  5878  7772 D SecPowerUI.Notification: updateNotification mWarning=false mPlaySound=false
04-27 20:20:41.351  5878  7772 D SecPowerUI.Notification: SecBatteryStatsSnapshot{batteryLevel=73, currentBatteryMode=0, chargingTime=2624000, chargingType=11, batteryHealth=2, automaticTestMode=false, isHiccupState=false}
04-27 20:20:41.352  5429  5429 D SemWifiApBroadcastReceiver: Received : android.intent.action.BATTERY_CHANGED
04-27 20:20:41.352  5878  5878 D SecPowerUI.Notification: showChargingNotification()
04-27 20:20:41.352  5878  5878 D SecPowerUI.Notification: SecBatteryStatsSnapshot{batteryLevel=73, currentBatteryMode=0, chargingTime=2624000, chargingType=11, batteryHealth=2, automaticTestMode=false, isHiccupState=false}
04-27 20:20:41.354  5878  7772 D SecPowerUI.Notification: 1. restoreScreenTimeOut - saved_value : :
04-27 20:20:41.354  5878  7772 E SecPowerUI.Notification: no saved value, so we do nothing !!
04-27 20:20:41.358  5429  8538 D ApplicationPolicy: isStatusBarNotificationAllowedAsUser: packageName = com.android.systemui,userId = 0
04-27 20:20:41.358  5429  8538 D ApplicationPolicy: isStatusBarNotificationAllowedAsUser: packageName = com.android.systemui,userId = -1
04-27 20:20:41.358  5429  8538 D ApplicationPolicy: isStatusBarNotificationAllowedAsUser: converting userId from USER_ALLto 0
04-27 20:20:41.360  5878  5878 D PowerUI : Battery swelling mode - priorBatterySwellingMode = 0 mBatterySwellingMode = 0 mBatteryStatus = 2
04-27 20:20:41.360  5878  5878 I PowerUI : mBatteryMiscEvent = 65536
04-27 20:20:41.361  5878  5878 D KeyguardUpdateMonitor: received broadcast android.intent.action.BATTERY_CHANGED
04-27 20:20:41.362  5878  5878 D SamsungBatteryMeterDrawable: onBatteryLevelChanged isSomethingChanged: false
04-27 20:20:41.362  5878  5878 D SamsungBatteryMeterDrawable: onBatteryLevelChanged isSomethingChanged: false
04-27 20:20:41.363  5878  5878 D SamsungBatteryMeterDrawable: onBatteryLevelChanged isSomethingChanged: false
04-27 20:20:41.363  5878  5878 D SamsungBatteryMeterDrawable: onBatteryLevelChanged isSomethingChanged: false
04-27 20:20:41.364  5878  5878 I ChargingInfoView: handleMessage: MSG_SHOW_CHARGING_INFO
04-27 20:20:41.364  5878  5878 I ChargingInfoView: updateContents: BATTERY_AND_REMAIN_TIME
04-27 20:20:41.364  5878  5878 I ChargingInfoView: handleMessage: MSG_SHOW_CHARGING_INFO
04-27 20:20:41.365  5878  5878 I ChargingInfoView: updateContents: BATTERY_AND_REMAIN_TIME
04-27 20:20:41.365  5878  5878 D KeyguardUpdateMonitor: handleBatteryUpdate
04-27 20:20:41.373  5878  5878 D KeyguardSecIndicationController: addIndicationTimeout() returned - unlocking
04-27 20:20:41.373  5878  5878 D KeyguardSecIndicationController: addIndication() returned - unlocking
04-27 20:20:41.374  5878  5878 D KeyguardSecIndicationPolicy:  remove Item pos = DEFAULT, type =           OWNER_INFO
04-27 20:20:41.375  5878  5878 D KeyguardSecIndicationController: addBatteryAndOwnerInfoIndication() battery status = BatteryStatus{status=2,level=73,plugged=2,health=2,maxChargingWattage=-1,remaining=2624000ultraFastCharger=1}
04-27 20:20:41.577  6323  6323 I Launcher.NotificationListener: onNotificationPosted : com.android.systemui number : 0
04-27 20:20:41.579  5785  5785 I FreeformContainer: [SmartPopupViewService] onNotificationPosted: StatusBarNotification(pkg=com.android.systemui user=UserHandle{-1} id=2131428972 tag=charging_state key=-1|com.android.systemui|2131428972|charging_state|10054: Notification(channel=CHR shortcut=null contentView=null vibrate=null sound=null defaults=0x0 flags=0xa color=0xff5075a1 category=sys groupKey=CHARGING vis=PUBLIC semFlags=0x0 semPriority=0 semMissedCount=0))
04-27 20:20:41.579  5785  5785 V FreeformContainer: [SmartPopupViewService] isSmartPopupViewTarget: com.android.systemui is not enabled
04-27 20:20:41.580  9209  9748 I NotificationPipeline: Processing new notification: -1|com.android.systemui|2131428972|charging_state|10054
04-27 20:20:41.581  9209  9748 W Notification4Heart_NB: NotificationBridgeCallback.onNotificationPosted-Ignored package : [-1] com.android.systemui
04-27 20:20:41.600  5878  5878 D PluginAODManager: onNotificationInfoUpdated() 0
04-27 20:20:41.601  5878  5878 I AODNotificationManager: updateVisibleNotifications: 0
04-27 20:20:41.601  5878  5878 I a       : updateStatusBarNotifications: open
04-27 20:20:41.601  5878  5878 I a       : updateStatusBarNotifications: open
04-27 20:20:41.780  5878  5878 D BubblesManager: onEntryUpdated : shouldBubbleUp=false ,key=-1|com.android.systemui|2131428972|charging_state|10054
04-27 20:20:41.811  5878  5878 I FaceWidgetPositionAlgorithm: getClockContainerHeight() supplier = 270, bottom margin = 0, real height = 333
04-27 20:20:41.812  5878  5878 I FaceWidgetPositionAlgorithm: getClockContainerHeight() supplier = 270, bottom margin = 63, real height = 333
04-27 20:20:41.812  5878  5878 I FaceWidgetPositionAlgorithm: getMediaContainerHeight() height = 0 container Visibility = 8, isValid = false, mIsDozing = false, fraction = 1.0, source = 0, target = 0
04-27 20:20:41.813  5878  5878 I FaceWidgetPositionAlgorithm: getMediaContainerHeight() supplier = 0
04-27 20:20:41.826  5878  5878 D PluginAODManager: onNotificationInfoUpdated() 0
04-27 20:20:41.826  5878  5878 I AODNotificationManager: updateVisibleNotifications: 0
04-27 20:20:41.826  5878  5878 I a       : updateStatusBarNotifications: open
04-27 20:20:41.827  5878  5878 I a       : updateStatusBarNotifications: open
04-27 20:20:41.860  5878  5878 I FaceWidgetPositionAlgorithm: getClockContainerHeight() supplier = 270, bottom margin = 0, real height = 333
04-27 20:20:41.860  5878  5878 I FaceWidgetPositionAlgorithm: getClockContainerHeight() supplier = 270, bottom margin = 63, real height = 333
04-27 20:20:41.861  5878  5878 I FaceWidgetPositionAlgorithm: getMediaContainerHeight() height = 0 container Visibility = 8, isValid = false, mIsDozing = false, fraction = 1.0, source = 0, target = 0
04-27 20:20:41.861  5878  5878 I FaceWidgetPositionAlgorithm: getMediaContainerHeight() supplier = 0
04-27 20:20:41.878  5429  7411 D SemWifiUsabilityStatsMonitor: onWifiUsabilityStats - seqNum 3887, isSameBssidAndFreq true
04-27 20:20:41.882  5429  5717 I SemWifiLinkQualityMonitor: Link Qos Query: 0.111 ms / 72.000 Mbps (72 / 0.000 / 1.000)
04-27 20:20:41.911  5878  5878 I FaceWidgetPositionAlgorithm: getClockContainerHeight() supplier = 270, bottom margin = 0, real height = 333
04-27 20:20:41.912  5878  5878 I FaceWidgetPositionAlgorithm: getClockContainerHeight() supplier = 270, bottom margin = 63, real height = 333
04-27 20:20:41.912  5878  5878 I FaceWidgetPositionAlgorithm: getMediaContainerHeight() height = 0 container Visibility = 8, isValid = false, mIsDozing = false, fraction = 1.0, source = 0, target = 0
04-27 20:20:41.912  5878  5878 I FaceWidgetPositionAlgorithm: getMediaContainerHeight() supplier = 0
04-27 20:20:41.916  5878  5878 D NetworkController.WifiSignalController: notifyListener: visible=true, connected=true, inetCondition=1, isDefault=true, wifiTestReported=true, receivedInetCondition=-1, hideDuringMobileSwitching=false
04-27 20:20:41.916  5878  5878 D PluginAODManager: onNotificationInfoUpdated() 0
04-27 20:20:41.916  5878  5878 I AODNotificationManager: updateVisibleNotifications: 0
04-27 20:20:41.916  5878  5878 I a       : updateStatusBarNotifications: open
04-27 20:20:41.916  5878  5878 I a       : updateStatusBarNotifications: open
04-27 20:20:41.927  5878  6043 D Tile.WifiTile: handleUpdateState isTransient=false transientEnabling =false cb.isTransient=false state.state = 2 mStateBeforeClick.value =false enabled =true
04-27 20:20:44.520  5429  5429 D SemWifiP2pGoPowerSave: GopsReceiver : received : com.samsung.intent.action.CHECK_SIOP_LEVEL
04-27 20:20:44.520  5429  5429 I SemWifiP2pGoPowerSave: siop_level = 1
04-27 20:20:44.537 11589 11751 I SystemBroadcastReceiver: [#CMH#] onReceive completed :  6
04-27 20:20:44.541 11589 11589 I PolicyManager: [#CMH#] onReceive action = EVENT_SIOP
04-27 20:20:44.917  5429  7411 D SemWifiUsabilityStatsMonitor: onWifiUsabilityStats - seqNum 3888, isSameBssidAndFreq true
04-27 20:20:44.923  5429  5717 I SemWifiLinkQualityMonitor: Link Qos Query: 0.111 ms / 72.000 Mbps (72 / 0.000 / 1.000)
04-27 20:20:46.369  5878  5878 D SecPowerUI.Notification: showChargingNotice oldChargingType : 11 / currentChargingType : 11, oldChargingTime : 2624000 / mChargingTime : 2624000
04-27 20:20:46.369  5878  5878 D SecPowerUI.Notification: There is no change about charging status, so return!
04-27 20:20:46.555 11589 11769 I PolicyManager: [#CMH#] Is foreground game app: false
04-27 20:20:47.940  5429  7411 D SemWifiUsabilityStatsMonitor: onWifiUsabilityStats - seqNum 3889, isSameBssidAndFreq true
04-27 20:20:47.944  5429  5717 I SemWifiLinkQualityMonitor: Link Qos Query: 0.111 ms / 72.000 Mbps (72 / 0.000 / 1.000)
04-27 20:20:47.944  5878  5878 D NetworkController.WifiSignalController: notifyListener: visible=true, connected=true, inetCondition=1, isDefault=true, wifiTestReported=true, receivedInetCondition=-1, hideDuringMobileSwitching=false
04-27 20:20:47.945  5878  6043 D Tile.WifiTile: handleUpdateState isTransient=false transientEnabling =false cb.isTransient=false state.state = 2 mStateBeforeClick.value =false enabled =true
04-27 20:20:48.232  8449  8666 I SemDvfsHyPerManager: acquire hyper - SIOP_GPU_FREQ_MAX/8449@4, type = 536875010
04-27 20:20:48.248  8449  8666 I SemDvfsHyPerManager: acquire hyper - SIOP_ARM_MAX/8449@2, type = 301993986
04-27 20:20:48.248  5040  5080 I HYPER-HAL: [RequestManager.cpp]acquire(): Acquired ID : 35730835  [8449 / 4]    HINT :      list : [GPUMaxFreq / 949000]
04-27 20:20:48.250  5040  5080 I HYPER-HAL: [RequestManager.cpp]acquire(): Acquired ID : 35713928  [8449 / 2]    HINT :      list : [CPUMaxFreq / 2210000]
04-27 20:20:50.970  5429  7411 D SemWifiUsabilityStatsMonitor: onWifiUsabilityStats - seqNum 3890, isSameBssidAndFreq true
04-27 20:20:50.974  5429  5717 I SemWifiLinkQualityMonitor: Link Qos Query: 0.167 ms / 48.000 Mbps (72 / 0.000 / 1.500)
04-27 20:20:51.244  4899  4899 E audit   : type=1400 audit(1682619651.239:17878): avc:  denied  { getattr } for  pid=5429 comm="BinderProcsColl" path="/sys/kernel/debug/binder/proc/5429" dev="debugfs" ino=28624 scontext=u:r:system_server:s0 tcontext=u:object_r:sec_debugfs:s0 tclass=file permissive=0 SEPF_SM-A515F_13_0001 audit_filtered
04-27 20:20:51.244  4899  4899 E audit   : type=1300 audit(1682619651.239:17878): arch=c00000b7 syscall=79 success=no exit=-13 a0=ffffff9c a1=77704a4640 a2=768437b680 a3=0 items=0 ppid=4924 pid=5429 auid=4294967295 uid=1000 gid=1000 euid=1000 suid=1000 fsuid=1000 egid=1000 sgid=1000 fsgid=1000 tty=(none) ses=4294967295 comm="BinderProcsColl" exe="/system/bin/app_process64" subj=u:r:system_server:s0 key=(null)
04-27 20:20:51.244  4899  4899 E audit   : type=1327 audit(1682619651.239:17878): proctitle="system_server"
04-27 20:20:51.354  5067  5067 E sehhealth-service: Could not open /sys/class/power_supply/battery/lrp
04-27 20:20:51.361  5429  5602 D MotionRecognitionService: [SAR]  onReceive : ACTION_BATTERY_CHANGED, Plugged: 2
04-27 20:20:51.364  5878  5878 I AODBatteryManager: updateBatteryData: ACTION_BATTERY_CHANGED
04-27 20:20:51.364  5429  5429 D PhoneWindowManagerExt: ACTION_BATTERY_CHANGED - Level=73, status=2
04-27 20:20:51.364  5787  5787 D SemBigDataInfoController: Intent: android.intent.action.BATTERY_CHANGED
04-27 20:20:51.365  5429  5429 D SemWifiApBroadcastReceiver: Received : android.intent.action.BATTERY_CHANGED
04-27 20:20:51.365  5787  5787 D SemBigDataInfoController: Intent: android.intent.action.BATTERY_CHANGED
04-27 20:20:51.367  5878  5878 I AODBatteryManager: saveBatteryData : AOD BatteryData [mBatteryLevel=73, mBatteryStatus=CHARGING, mBatteryPlugType=USB, mBatteryPlugged=true, mRemainingChargeTime=2624000, mBatteryChargingType=2, mBatteryChargerType=FAST, mBatteryOnline=NOT_DEFINED, mBatterySwellingMode=NONE, mBatteryProtectMode=false]
04-27 20:20:51.368  5878  5878 I PowerUI : mBootCompleted = true |  mFullyConnected = true
04-27 20:20:51.368  5878  5878 W PowerUI : Plug reason
04-27 20:20:51.368  5878  7825 D SecPowerUI.Notification: dismissing low battery warning: level=73
04-27 20:20:51.368  5878  5878 W PowerUI : Skip charging animation - by plug status
04-27 20:20:51.369  5878  7825 D SecPowerUI.Notification: updateNotification mWarning=false mPlaySound=false
04-27 20:20:51.369  5878  5878 D PowerUI : priorPlugType = 2 mPlugType = 2 priorBatteryStatus = 2 mBatteryStatus = 2
04-27 20:20:51.369  5878  5878 W PowerUI : Plug reason
04-27 20:20:51.369  5878  7825 D SecPowerUI.Notification: SecBatteryStatsSnapshot{batteryLevel=73, currentBatteryMode=0, chargingTime=2624000, chargingType=11, batteryHealth=2, automaticTestMode=false, isHiccupState=false}
04-27 20:20:51.369  5878  5878 W PowerUI : Skip charging sound - by plug status
04-27 20:20:51.369  5878  5878 I PowerUI : oldMisalign : false, curMisalign : false
04-27 20:20:51.371  5878  7825 D SecPowerUI.Notification: 1. restoreScreenTimeOut - saved_value : :
04-27 20:20:51.371  5878  7825 E SecPowerUI.Notification: no saved value, so we do nothing !!
04-27 20:20:51.372  5878  5878 D SecPowerUI.Notification: showChargingNotice oldChargingType : 11 / currentChargingType : 11, oldChargingTime : 2624000 / mChargingTime : 2624000
04-27 20:20:51.372  5878  5878 D SecPowerUI.Notification: There is no change about charging status, so return!
04-27 20:20:51.372  5878  5878 D PowerUI : Battery swelling mode - priorBatterySwellingMode = 0 mBatterySwellingMode = 0 mBatteryStatus = 2
04-27 20:20:51.372  5878  5878 I PowerUI : mBatteryMiscEvent = 65536
04-27 20:20:51.373  5878  5878 D KeyguardUpdateMonitor: received broadcast android.intent.action.BATTERY_CHANGED
04-27 20:20:51.374  5878  5878 D SamsungBatteryMeterDrawable: onBatteryLevelChanged isSomethingChanged: false
04-27 20:20:51.375  5878  5878 D SamsungBatteryMeterDrawable: onBatteryLevelChanged isSomethingChanged: false
04-27 20:20:51.375  5878  5878 D SamsungBatteryMeterDrawable: onBatteryLevelChanged isSomethingChanged: false
04-27 20:20:51.376  5878  5878 D SamsungBatteryMeterDrawable: onBatteryLevelChanged isSomethingChanged: false
04-27 20:20:51.377  5878  5878 D KeyguardUpdateMonitor: handleBatteryUpdate
04-27 20:20:53.293 26164 26187 D Benchmark: timeNs[ 0:10]: 258759808 275713115 261432577 269377077 266016961 271775769 274205884 271886692 274113461 267293923
04-27 20:20:53.293 26164 26187 D Benchmark: timeNs[10:20]: 273738000 274530923 262573884 282581884 276712769 281992423 279981462 266281962 272271884 281912769
04-27 20:20:53.293 26164 26187 D Benchmark: timeNs[20:30]: 265390385 276699039 284756961 278920576 273434346 276134923 268149000 265697346 272425269 275304423
04-27 20:20:53.293 26164 26187 D Benchmark: timeNs[30:40]: 272750192 266713539 281507807 284065730 278627769 284756538 280323192 289877730 286164692 280854307
04-27 20:20:53.293 26164 26187 D Benchmark: timeNs[40:50]: 288283269 283686462 282817923 272981500 291221154 286197192 280252077 285749307 272003846 276077192
04-27 20:20:53.992  5429  7411 D SemWifiUsabilityStatsMonitor: onWifiUsabilityStats - seqNum 3891, isSameBssidAndFreq true
04-27 20:20:53.995  5429  5717 I SemWifiLinkQualityMonitor: Link Qos Query: 0.111 ms / 72.000 Mbps (72 / 0.000 / 1.000)
04-27 20:20:56.097 26164 26187 W _benchmark.test: Suspending all threads took: 10.096ms
04-27 20:20:56.380  5878  5878 D SecPowerUI.Notification: showChargingNotice oldChargingType : 11 / currentChargingType : 11, oldChargingTime : 2624000 / mChargingTime : 2624000
04-27 20:20:56.380  5878  5878 D SecPowerUI.Notification: There is no change about charging status, so return!
04-27 20:20:56.788 26164 26187 D Benchmark: allocationCount[ 0:10]: 8872446 8872436 8872437 8872440 8872435
04-27 20:20:56.788 26164 26187 D Benchmark: Set 26187 (Bench thread) to priority -8. Was -20, now -8
04-27 20:20:56.788 26164 26187 D Benchmark: Set 26172 (Jit) to priority 9. Was -15, now 9
04-27 20:20:56.788 26164 26187 D Benchmark: Warmup: t=8.128, iter=30, fastAvg=275688224, slowAvg=404509664
04-27 20:20:56.788 26164 26187 I PerfettoCapture: Stopping perfetto.
04-27 20:20:56.829 32239 32239 I perfetto:    perfetto_cmd.cc:1168 SIGINT/SIGTERM received: disabling tracing.
04-27 20:20:56.833 26164 26187 D Benchmark: kill -TERM command output -
04-27 20:20:56.845  5130  5130 I perfetto:  probes_producer.cc:396 Producer stop (id=149)
04-27 20:20:56.849  5130  5130 I perfetto:    ftrace_procfs.cc:342 disabled ftrace in /sys/kernel/tracing/
04-27 20:20:56.903  4389  4389 I hwservicemanager: getTransport: Cannot find entry android.hardware.atrace@1.0::IAtraceDevice/default in either framework or device VINTF manifest.
04-27 20:20:56.910  5130  5130 I perfetto:  probes_producer.cc:396 Producer stop (id=150)
04-27 20:20:56.911  5130  5130 I perfetto:  probes_producer.cc:396 Producer stop (id=151)
04-27 20:20:57.021  5429  7411 D SemWifiUsabilityStatsMonitor: onWifiUsabilityStats - seqNum 3892, isSameBssidAndFreq true
04-27 20:20:57.025  5429  5717 I SemWifiLinkQualityMonitor: Link Qos Query: 0.111 ms / 72.000 Mbps (72 / 0.000 / 1.000)
04-27 20:20:57.027  5878  5878 D NetworkController.WifiSignalController: notifyListener: visible=true, connected=true, inetCondition=1, isDefault=true, wifiTestReported=true, receivedInetCondition=-1, hideDuringMobileSwitching=false
04-27 20:20:57.030  5878  6043 D Tile.WifiTile: handleUpdateState isTransient=false transientEnabling =false cb.isTransient=false state.state = 2 mStateBeforeClick.value =false enabled =true
04-27 20:20:57.106 32239 32239 I perfetto:    perfetto_cmd.cc:1124 Trace written into the output file
04-27 20:20:57.131  5131  5131 I perfetto: ng_service_impl.cc:2426 Tracing session 38 ended, total sessions:0
04-27 20:20:57.460 26164 26187 D Benchmark: Waiting 500 ms for [ProcessPid(processName=perfetto, pid=32239)] to die
04-27 20:20:57.626 26164 26187 I PerfettoCapture: Writing to /storage/emulated/0/Android/data/org.jetbrains.android_benchmark.test/cache/Wolf3dBenchmark_valuePreserveBoxFloat_2023-04-27-18-20-56.perfetto-trace.
04-27 20:20:58.039 26164 26187 D Benchmark: Copying /storage/emulated/0/Android/data/org.jetbrains.android_benchmark.test/cache/Wolf3dBenchmark_valuePreserveBoxFloat_2023-04-27-18-20-56.perfetto-trace to /sdcard/Android/media/org.jetbrains.android_benchmark.test/additional_test_output/Wolf3dBenchmark_valuePreserveBoxFloat_2023-04-27-18-20-56.perfetto-trace
04-27 20:20:58.082  8350 31960 W MediaProvider: isAppCloneUserPair for user 0: false
04-27 20:20:58.131  5429  8526 D SyncManager: userId - 0 auto - true
04-27 20:20:58.276  8449  8666 I SemDvfsHyPerManager: acquire hyper - SIOP_ARM_MAX/8449@2, type = 301993986
04-27 20:20:58.277  5040  5080 I HYPER-HAL: [RequestManager.cpp]acquire(): Acquired ID : 35713928  [8449 / 2]    HINT :      list : [CPUMaxFreq / 2184000]
04-27 20:20:58.644  5429  5488 W libprocessgroup: Failed to open /dev/blkio//cgroup.procs: No such file or directory
04-27 20:20:58.675 26084 26084 I SCS@AiSearch user 0: (ObserverWorker::AOSP_MP) [main] entering in startWork():
04-27 20:20:58.675 26084 26084 I SCS@AiSearch user 0: (BaseCollector::AOSP_MP) [main] entering in onChange():
04-27 20:20:58.677  5429  5488 W libprocessgroup: Failed to open /dev/blkio//cgroup.procs: No such file or directory
04-27 20:20:58.678 26084 26142 I SCS@AiSearch user 0: (BaseCollector::AOSP_MP) [AOSP_MP-0] entering in collectChanges():
04-27 20:20:58.678  5429  5488 W libprocessgroup: Failed to open /dev/blkio//cgroup.procs: No such file or directory
04-27 20:20:58.700  6734 28907 I NetworkScheduler.Stats: Task com.google.android.gms/com.google.android.gms.ipa.base.IpaGcmTaskService started execution. cause:9 exec_start_elapsed_seconds: 29198 [CONTEXT service_id=218 ]
04-27 20:20:58.709  5429  8526 D PackageManager: setEnabledSetting : userId = 0 packageName = com.samsung.android.scs cmp = androidx.work.impl.background.systemalarm.RescheduleReceiver newState = 1 callingPackage = 10380/com.samsung.android.scs
04-27 20:20:58.712  6734 29038 I NetworkScheduler.Stats: Task com.google.android.gms/com.google.android.gms.ipa.base.IpaGcmTaskService finished executing. cause:9 result: 1 elapsed_millis: 48 uptime_millis: 47 exec_start_elapsed_seconds: 29198 [CONTEXT service_id=218 ]
04-27 20:20:58.714  5429  8526 D ApplicationPolicy: getApplicationStateEnabled : pkg = com.samsung.android.scs userId : 0
04-27 20:20:58.716  5429  8526 D ApplicationPolicy: getApplicationComponentState : pkg = com.samsung.android.scs userId : 0
04-27 20:20:58.753 26084 26142 I SCS@AiSearch user 0: (BaseCollector::AOSP_MP) fetchInternal values : maxSyncId: 1000008086 indexCount: 1705 sourceCount: 1705
04-27 20:20:58.811 26084 26142 I SCS@AiSearch user 0: (IndexManager) [AOSP_MP-0] entering in addIndex():
04-27 20:20:58.816 26084 26142 I SCS@AiSearch user 0: (BaseCollector::AOSP_MP) fetch: fetching took  99 ms
04-27 20:20:58.816 26084 26142 I SCS@AiSearch user 0: (BaseCollector::AOSP_MP) fetchChanges: applied 0 items
04-27 20:20:58.817 26084 26142 I SCS@AiSearch user 0: (BaseCollector::AOSP_MP) Collect finished. Result: true
04-27 20:20:58.819 26084 26137 I WM-WorkerWrapper: Worker result SUCCESS for Work [ id=8fd1ea94-ee6e-46dc-89e7-97613cfd7f03, tags={ com.sec.android.app.myfiles, com.samsung.android.scs.ai.search.data.collector.ObserverWorker } ]
04-27 20:20:58.820 26084 26142 I SCS@AiSearch user 0: (BaseCollector::AOSP_MP) enqueue ObserverWorker name: com.sec.android.app.myfiles, policy: APPEND_OR_REPLACE
04-27 20:20:58.863 26164 26187 I Benchmark: Wolf3dBenchmark.valuePreserveBoxFloat[Metric (timeNs) results: median 2.758951535E8, min 2.58759808E8, max 2.91221154E8, standardDeviation: 7728145.790369684, Metric (allocationCount) results: median 8872437.0, min 8872435.0, max 8872446.0, standardDeviation: 4.43846820423443]count=1
04-27 20:20:58.871 26164 26187 D Benchmark: writing results to /storage/emulated/0/Android/data/org.jetbrains.android_benchmark.test/cache/org.jetbrains.android_benchmark.test-benchmarkData.json
04-27 20:20:58.898  5429  6113 D PackageManager: setEnabledSetting : userId = 0 packageName = com.samsung.android.scs cmp = androidx.work.impl.background.systemalarm.RescheduleReceiver newState = 1 callingPackage = 10380/com.samsung.android.scs
04-27 20:20:58.900  5429  6113 D ApplicationPolicy: getApplicationStateEnabled : pkg = com.samsung.android.scs userId : 0
04-27 20:20:58.901  5429  6113 D ApplicationPolicy: getApplicationComponentState : pkg = com.samsung.android.scs userId : 0
04-27 20:20:58.908 26164 26187 D Benchmark: Copying /storage/emulated/0/Android/data/org.jetbrains.android_benchmark.test/cache/org.jetbrains.android_benchmark.test-benchmarkData.json to /sdcard/Android/media/org.jetbrains.android_benchmark.test/additional_test_output/org.jetbrains.android_benchmark.test-benchmarkData.json
04-27 20:20:58.952 11246 32394 I GmscoreIpa: Starting mediastore instant index [CONTEXT service_id=255 ]
04-27 20:20:59.950  5429  8528 D PackageManager: setEnabledSetting : userId = 0 packageName = com.Slack cmp = androidx.work.impl.background.systemalarm.RescheduleReceiver newState = 1 callingPackage = 10329/com.Slack
04-27 20:20:59.952  5429  8528 D ApplicationPolicy: getApplicationStateEnabled : pkg = com.Slack userId : 0
04-27 20:20:59.953  5429  8528 D ApplicationPolicy: getApplicationComponentState : pkg = com.Slack userId : 0
04-27 20:21:00.006  5878  5878 D KeyguardUpdateMonitor: received broadcast android.intent.action.TIME_TICK
04-27 20:21:00.007  5878  5878 D KeyguardUpdateMonitor: handleTimeUpdate
04-27 20:21:00.008  5878  6453 D QSClockBellTower: onReceive(android.intent.action.TIME_TICK) mTimeZoneString:null
04-27 20:21:00.009  5878  5878 D FaceWidgetPagesController: onTimeChanged()
04-27 20:21:00.021  5878  5878 D QSClockBellTower: He is ready to ring the bell. (((QSClockBellSound - TimeText:20:21, TimeContentDescription:20:21, DateText:Thu, 27 April, ShortDateText:Thu, 27 Apr, Demo:false, QuickStar-Second(false|12:34:56))))
04-27 20:21:00.024  5878  5878 D QSClockIndicatorView: Home Indicator status_bar_clock 20:21 notifyTimeChanged(QSClockBellSound - TimeText:20:21, TimeContentDescription:20:21, DateText:Thu, 27 April, ShortDateText:Thu, 27 Apr, Demo:false, QuickStar-Second(false|12:34:56)) ClockVisibleByPolicy:true, ClockVisibleByUser:true, visible?false, parent:android.widget.LinearLayout{fc169f7 V.E...... ........ 0,0-0,55 #7f0b04f0 app:id/left_clock_container}
04-27 20:21:00.024  5878  5878 D QSClockBellTower: Everyone heard the bell. run(currentTime:1682619660017,   getTime():Thu Apr 27 20:21:00 GMT+02:00 2023,   getTimeZone():libcore.util.ZoneInfo[mDstSavings=3600000,mUseDst=true,mDelegate=[id="Europe/Belgrade",mRawOffset=3600000,mEarliestRawOffset=4920000,transitions=119]])
04-27 20:21:00.048  5878  5878 I FaceWidgetPositionAlgorithm: getClockContainerHeight() supplier = 270, bottom margin = 0, real height = 333
04-27 20:21:00.048  5878  5878 I FaceWidgetPositionAlgorithm: getClockContainerHeight() supplier = 270, bottom margin = 63, real height = 333
04-27 20:21:00.049  5878  5878 I FaceWidgetPositionAlgorithm: getMediaContainerHeight() height = 0 container Visibility = 8, isValid = false, mIsDozing = false, fraction = 1.0, source = 0, target = 0
04-27 20:21:00.049  5878  5878 I FaceWidgetPositionAlgorithm: getMediaContainerHeight() supplier = 0
04-27 20:21:00.053  5878  5878 V QsExpandAnimator: setQsExpansionPosition 0.0
04-27 20:21:00.059  5429  7411 D SemWifiUsabilityStatsMonitor: onWifiUsabilityStats - seqNum 3893, isSameBssidAndFreq true
04-27 20:21:00.064  5429  5717 I SemWifiLinkQualityMonitor: Link Qos Query: 0.111 ms / 72.000 Mbps (72 / 0.000 / 1.000)
04-27 20:21:00.067  5878  5878 V QsExpandAnimator: updateAnimators
04-27 20:21:00.067  5878  5878 V QsExpandAnimator: clearAnimationState
04-27 20:21:00.068  5878  5878 V QsExpandAnimator: updateViews
04-27 20:21:00.071 26084 26084 W ung.android.scs: Long monitor contention with owner queued-work-looper (26141) at void android.app.QueuedWork.processPendingWork()(QueuedWork.java:273) waiters=0 in void android.app.QueuedWork.processPendingWork() for 1.233s
04-27 20:21:00.072  5878  5878 V QsExpandAnimator: updateTileAnimator
04-27 20:21:00.074  5878  5878 V QsExpandAnimator: updateHeaderAnimator
04-27 20:21:00.074  5878  5878 V QsExpandAnimator: updateBarAnimator
04-27 20:21:00.075  5878  5878 V QsExpandAnimator: setQsExpansionPosition 0.0
04-27 20:21:00.075  5878  5878 V QsExpandAnimator: onAnimationAtStart
04-27 20:21:00.098  5429  8538 D SyncManager: userId - 0 auto - true
04-27 20:21:00.104  8350 32385 I MediaProvider: Deleted 1 0 0 0 0 0 0 items on external_primary due to org.jetbrains.android_benchmark.test
04-27 20:21:00.119  6734 20959 W .gms.persistent: Long monitor contention with owner lowpool[880] (29038) at void bway.v(bvxp, bvxp, int)(:com.google.android.gms@231312044@23.13.12 (190400-519946965):2) waiters=0 in int bway.l(bwaj, aofr) for 198ms
04-27 20:21:00.133  8350 32381 W MediaProvider: isAppCloneUserPair for user 0: false
04-27 20:21:00.195  5429  5488 W libprocessgroup: Failed to open /dev/blkio//cgroup.procs: No such file or directory
04-27 20:21:00.256  5429  5488 W libprocessgroup: Failed to open /dev/blkio//cgroup.procs: No such file or directory
04-27 20:21:00.258  5429  5488 W libprocessgroup: Failed to open /dev/blkio//cgroup.procs: No such file or directory
04-27 20:21:00.259  5429  8538 D SyncManager: userId - 0 auto - true
04-27 20:21:00.266 26164 26187 I TestRunner: finished: valuePreserveBoxFloat(org.jetbrains.android_benchmark.Wolf3dBenchmark)
