04-24 04:47:44.138  5635  8927 D ApplicationPolicy: getApplicationComponentState : pkg = com.google.android.googlequicksearchbox userId : 0
04-24 04:47:44.143  1026  1240 D StrictMode: StrictMode policy violation: android.os.strictmode.DiskReadViolation
04-24 04:47:44.143  1026  1240 D StrictMode: 	at android.os.StrictMode$AndroidBlockGuardPolicy.onReadFromDisk(StrictMode.java:1658)
04-24 04:47:44.143  1026  1240 D StrictMode: 	at libcore.io.BlockGuardOs.stat(BlockGuardOs.java:419)
04-24 04:47:44.143  1026  1240 D StrictMode: 	at java.io.UnixFileSystem.getLength(UnixFileSystem.java:298)
04-24 04:47:44.143  1026  1240 D StrictMode: 	at java.io.File.length(File.java:968)
04-24 04:47:44.143  1026  1240 D StrictMode: 	at android.database.sqlite.SQLiteWalBackgroundCheckpoint.tryBackgroundCheckpoint(SQLiteWalBackgroundCheckpoint.java:48)
04-24 04:47:44.143  1026  1240 D StrictMode: 	at android.database.sqlite.SQLiteDatabase.tryWalBackgroundCheckpoint(SQLiteDatabase.java:4229)
04-24 04:47:44.143  1026  1240 D StrictMode: 	at android.database.sqlite.SQLiteQuery.fillWindow(SQLiteQuery.java:66)
04-24 04:47:44.143  1026  1240 D StrictMode: 	at android.database.sqlite.SQLiteCursor.fillWindow(SQLiteCursor.java:157)
04-24 04:47:44.143  1026  1240 D StrictMode: 	at android.database.sqlite.SQLiteCursor.getCount(SQLiteCursor.java:144)
04-24 04:47:44.143  1026  1240 D StrictMode: 	at android.database.AbstractCursor.moveToPosition(AbstractCursor.java:238)
04-24 04:47:44.143  1026  1240 D StrictMode: 	at android.database.AbstractCursor.moveToFirst(AbstractCursor.java:277)
04-24 04:47:44.143  1026  1240 D StrictMode: 	at com.android.server.enterprise.storage.EdmStorageProviderBase.getValues(EdmStorageProviderBase.java:393)
04-24 04:47:44.143  1026  1240 D StrictMode: 	at com.android.server.enterprise.storage.EdmStorageProviderBase.getValuesList(EdmStorageProviderBase.java:1130)
04-24 04:47:44.143  1026  1240 D StrictMode: 	at com.android.server.enterprise.storage.EdmStorageProvider.getValuesList(EdmStorageProvider.java:314)
04-24 04:47:44.143  1026  1240 D StrictMode: 	at com.android.server.enterprise.application.ApplicationPolicy.getContentValues(ApplicationPolicy.java:3855)
04-24 04:47:44.143  1026  1240 D StrictMode: 	at com.android.server.enterprise.application.ApplicationPolicy.getApplicationStateEnabledAsUser(ApplicationPolicy.java:3822)
04-24 04:47:44.143  1026  1240 D StrictMode: 	at com.android.server.enterprise.application.ApplicationPolicy.getApplicationStateEnabledAsUser(ApplicationPolicy.java:3764)
04-24 04:47:44.143  1026  1240 D StrictMode: 	at com.android.server.pm.PackageManagerService.isUpdateAllowedByMdm(PackageManagerService.java:4205)
04-24 04:47:44.143  1026  1240 D StrictMode: 	at com.android.server.pm.PackageManagerService.setEnabledSettings(PackageManagerService.java:4413)
04-24 04:47:44.143  1026  1240 D StrictMode: 	at com.android.server.pm.PackageManagerService.-$$Nest$msetEnabledSettings(Unknown Source:0)
04-24 04:47:44.143  1026  1240 D StrictMode: 	at com.android.server.pm.PackageManagerService$IPackageManagerImpl.setComponentEnabledSetting(PackageManagerService.java:6639)
04-24 04:47:44.143  1026  1240 D StrictMode: 	at android.content.pm.IPackageManager$Stub.onTransact(IPackageManager.java:3217)
04-24 04:47:44.143  1026  1240 D StrictMode: 	at com.android.server.pm.PackageManagerService$IPackageManagerImpl.onTransact(PackageManagerService.java:7022)
04-24 04:47:44.143  1026  1240 D StrictMode: 	at android.os.Binder.execTransactInternal(Binder.java:1316)
04-24 04:47:44.143  1026  1240 D StrictMode: 	at android.os.Binder.execTransact(Binder.java:1280)
04-24 04:47:44.143  1026  1240 D StrictMode: # via Binder call with stack:
04-24 04:47:44.143  1026  1240 D StrictMode: 	at android.os.StrictMode.readAndHandleBinderCallViolations(StrictMode.java:2496)
04-24 04:47:44.143  1026  1240 D StrictMode: 	at android.os.Parcel.readExceptionCode(Parcel.java:2968)
04-24 04:47:44.143  1026  1240 D StrictMode: 	at android.os.Parcel.readException(Parcel.java:2929)
04-24 04:47:44.143  1026  1240 D StrictMode: 	at android.content.pm.IPackageManager$Stub$Proxy.setComponentEnabledSetting(IPackageManager.java:6530)
04-24 04:47:44.143  1026  1240 D StrictMode: 	at android.app.ApplicationPackageManager.setComponentEnabledSetting(ApplicationPackageManager.java:3441)
04-24 04:47:44.143  1026  1240 D StrictMode: 	at com.google.android.apps.search.googleapp.activity.g.a(PG:16)
04-24 04:47:44.143  1026  1240 D StrictMode: 	at com.google.android.apps.search.googleapp.activity.g.b(PG:1)
04-24 04:47:44.143  1026  1240 D StrictMode: 	at com.google.apps.tiktok.k.b.y.a(PG:4)
04-24 04:47:44.143  1026  1240 D StrictMode: 	at com.google.apps.tiktok.tracing.ev.a(PG:3)
04-24 04:47:44.143  1026  1240 D StrictMode: 	at com.google.common.util.concurrent.dz.a(PG:1)
04-24 04:47:44.143  1026  1240 D StrictMode: 	at com.google.common.util.concurrent.cw.run(PG:4)
04-24 04:47:44.143  1026  1240 D StrictMode: 	at com.google.common.util.concurrent.eb.run(PG:1)
04-24 04:47:44.143  1026  1240 D StrictMode: 	at com.google.android.libraries.i.y.run(PG:1)
04-24 04:47:44.143  1026  1240 D StrictMode: 	at java.util.concurrent.ThreadPoolExecutor.runWorker(ThreadPoolExecutor.java:1137)
04-24 04:47:44.143  1026  1240 D StrictMode: 	at java.util.concurrent.ThreadPoolExecutor$Worker.run(ThreadPoolExecutor.java:637)
04-24 04:47:44.143  1026  1240 D StrictMode: 	at com.google.android.libraries.i.g.run(PG:2)
04-24 04:47:44.143  1026  1240 D StrictMode: 	at java.lang.Thread.run(Thread.java:1012)
04-24 04:47:44.143  1026  1240 D StrictMode: 	at com.google.android.libraries.i.ah.run(PG:5)
04-24 04:47:44.146  1026  1240 D StrictMode: StrictMode policy violation: android.os.strictmode.DiskReadViolation
04-24 04:47:44.146  1026  1240 D StrictMode: 	at android.os.StrictMode$AndroidBlockGuardPolicy.onReadFromDisk(StrictMode.java:1658)
04-24 04:47:44.146  1026  1240 D StrictMode: 	at android.database.sqlite.SQLiteConnection.applyBlockGuardPolicy(SQLiteConnection.java:1673)
04-24 04:47:44.146  1026  1240 D StrictMode: 	at android.database.sqlite.SQLiteConnection.executeForCursorWindow(SQLiteConnection.java:1341)
04-24 04:47:44.146  1026  1240 D StrictMode: 	at android.database.sqlite.SQLiteSession.executeForCursorWindow(SQLiteSession.java:838)
04-24 04:47:44.146  1026  1240 D StrictMode: 	at android.database.sqlite.SQLiteQuery.fillWindow(SQLiteQuery.java:62)
04-24 04:47:44.146  1026  1240 D StrictMode: 	at android.database.sqlite.SQLiteCursor.fillWindow(SQLiteCursor.java:157)
04-24 04:47:44.146  1026  1240 D StrictMode: 	at android.database.sqlite.SQLiteCursor.getCount(SQLiteCursor.java:144)
04-24 04:47:44.146  1026  1240 D StrictMode: 	at android.database.AbstractCursor.moveToPosition(AbstractCursor.java:238)
04-24 04:47:44.146  1026  1240 D StrictMode: 	at android.database.AbstractCursor.moveToFirst(AbstractCursor.java:277)
04-24 04:47:44.146  1026  1240 D StrictMode: 	at com.android.server.enterprise.storage.EdmStorageProviderBase.getValues(EdmStorageProviderBase.java:393)
04-24 04:47:44.146  1026  1240 D StrictMode: 	at com.android.server.enterprise.storage.EdmStorageProviderBase.getValuesList(EdmStorageProviderBase.java:1130)
04-24 04:47:44.146  1026  1240 D StrictMode: 	at com.android.server.enterprise.storage.EdmStorageProvider.getValuesList(EdmStorageProvider.java:314)
04-24 04:47:44.146  1026  1240 D StrictMode: 	at com.android.server.enterprise.application.ApplicationPolicy.getContentValues(ApplicationPolicy.java:3855)
04-24 04:47:44.146  1026  1240 D StrictMode: 	at com.android.server.enterprise.application.ApplicationPolicy.getApplicationComponentState(ApplicationPolicy.java:3286)
04-24 04:47:44.146  1026  1240 D StrictMode: 	at com.android.server.enterprise.application.ApplicationPolicy.getApplicationComponentState(ApplicationPolicy.java:3265)
04-24 04:47:44.146  1026  1240 D StrictMode: 	at com.android.server.pm.PackageManagerService.isUpdateAllowedByMdm(PackageManagerService.java:4213)
04-24 04:47:44.146  1026  1240 D StrictMode: 	at com.android.server.pm.PackageManagerService.setEnabledSettings(PackageManagerService.java:4413)
04-24 04:47:44.146  1026  1240 D StrictMode: 	at com.android.server.pm.PackageManagerService.-$$Nest$msetEnabledSettings(Unknown Source:0)
04-24 04:47:44.146  1026  1240 D StrictMode: 	at com.android.server.pm.PackageManagerService$IPackageManagerImpl.setComponentEnabledSetting(PackageManagerService.java:6639)
04-24 04:47:44.146  1026  1240 D StrictMode: 	at android.content.pm.IPackageManager$Stub.onTransact(IPackageManager.java:3217)
04-24 04:47:44.146  1026  1240 D StrictMode: 	at com.android.server.pm.PackageManagerService$IPackageManagerImpl.onTransact(PackageManagerService.java:7022)
04-24 04:47:44.146  1026  1240 D StrictMode: 	at android.os.Binder.execTransactInternal(Binder.java:1316)
04-24 04:47:44.146  1026  1240 D StrictMode: 	at android.os.Binder.execTransact(Binder.java:1280)
04-24 04:47:44.146  1026  1240 D StrictMode: # via Binder call with stack:
04-24 04:47:44.146  1026  1240 D StrictMode: 	at android.os.StrictMode.readAndHandleBinderCallViolations(StrictMode.java:2496)
04-24 04:47:44.146  1026  1240 D StrictMode: 	at android.os.Parcel.readExceptionCode(Parcel.java:2968)
04-24 04:47:44.146  1026  1240 D StrictMode: 	at android.os.Parcel.readException(Parcel.java:2929)
04-24 04:47:44.146  1026  1240 D StrictMode: 	at android.content.pm.IPackageManager$Stub$Proxy.setComponentEnabledSetting(IPackageManager.java:6530)
04-24 04:47:44.146  1026  1240 D StrictMode: 	at android.app.ApplicationPackageManager.setComponentEnabledSetting(ApplicationPackageManager.java:3441)
04-24 04:47:44.146  1026  1240 D StrictMode: 	at com.google.android.apps.search.googleapp.activity.g.a(PG:16)
04-24 04:47:44.146  1026  1240 D StrictMode: 	at com.google.android.apps.search.googleapp.activity.g.b(PG:1)
04-24 04:47:44.146  1026  1240 D StrictMode: 	at com.google.apps.tiktok.k.b.y.a(PG:4)
04-24 04:47:44.146  1026  1240 D StrictMode: 	at com.google.apps.tiktok.tracing.ev.a(PG:3)
04-24 04:47:44.146  1026  1240 D StrictMode: 	at com.google.common.util.concurrent.dz.a(PG:1)
04-24 04:47:44.146  1026  1240 D StrictMode: 	at com.google.common.util.concurrent.cw.run(PG:4)
04-24 04:47:44.146  1026  1240 D StrictMode: 	at com.google.common.util.concurrent.eb.run(PG:1)
04-24 04:47:44.146  1026  1240 D StrictMode: 	at com.google.android.libraries.i.y.run(PG:1)
04-24 04:47:44.146  1026  1240 D StrictMode: 	at java.util.concurrent.ThreadPoolExecutor.runWorker(ThreadPoolExecutor.java:1137)
04-24 04:47:44.146  1026  1240 D StrictMode: 	at java.util.concurrent.ThreadPoolExecutor$Worker.run(ThreadPoolExecutor.java:637)
04-24 04:47:44.146  1026  1240 D StrictMode: 	at com.google.android.libraries.i.g.run(PG:2)
04-24 04:47:44.146  1026  1240 D StrictMode: 	at java.lang.Thread.run(Thread.java:1012)
04-24 04:47:44.146  1026  1240 D StrictMode: 	at com.google.android.libraries.i.ah.run(PG:5)
04-24 04:47:44.148  5635  8927 D PackageManager: setEnabledSetting : userId = 0 packageName = com.google.android.googlequicksearchbox cmp = com.google.android.googlequicksearchbox.QueryEntryActivityExternal newState = 0 callingPackage = 10233/com.google.android.googlequicksearchbox
04-24 04:47:44.149  5635  8927 D ApplicationPolicy: getApplicationStateEnabled : pkg = com.google.android.googlequicksearchbox userId : 0
04-24 04:47:44.152  5635  8927 D ApplicationPolicy: getApplicationComponentState : pkg = com.google.android.googlequicksearchbox userId : 0
04-24 04:47:44.240  1026  1202 I WM-WorkerWrapper: Worker result SUCCESS for Work [ id=0ff0112b-7b67-404b-ab3f-e18beb3134e6, tags={ com.google.apps.tiktok.contrib.work.TikTokListenableWorker, TikTokWorker#com.google.apps.tiktok.sync.impl.workmanager.SyncWorker } ]
04-24 04:47:44.299  5635  8927 D PackageManager: setEnabledSetting : userId = 0 packageName = com.google.android.googlequicksearchbox cmp = androidx.work.impl.background.systemalarm.RescheduleReceiver newState = 1 callingPackage = 10233/com.google.android.googlequicksearchbox
04-24 04:47:44.301  5635  8927 D ApplicationPolicy: getApplicationStateEnabled : pkg = com.google.android.googlequicksearchbox userId : 0
04-24 04:47:44.302  5635  8927 D ApplicationPolicy: getApplicationComponentState : pkg = com.google.android.googlequicksearchbox userId : 0
04-24 04:47:44.407  5635  8927 D PackageManager: setEnabledSetting : userId = 0 packageName = com.google.android.googlequicksearchbox cmp = androidx.work.impl.background.systemalarm.RescheduleReceiver newState = 1 callingPackage = 10233/com.google.android.googlequicksearchbox
04-24 04:47:44.409  5635  8927 D ApplicationPolicy: getApplicationStateEnabled : pkg = com.google.android.googlequicksearchbox userId : 0
04-24 04:47:44.410  5635  8927 D ApplicationPolicy: getApplicationComponentState : pkg = com.google.android.googlequicksearchbox userId : 0
04-24 04:47:44.478  5635  8927 D PackageManager: setEnabledSetting : userId = 0 packageName = com.google.android.googlequicksearchbox cmp = androidx.work.impl.background.systemalarm.RescheduleReceiver newState = 1 callingPackage = 10233/com.google.android.googlequicksearchbox
04-24 04:47:44.479  5635  8927 D ApplicationPolicy: getApplicationStateEnabled : pkg = com.google.android.googlequicksearchbox userId : 0
04-24 04:47:44.480  5635  8927 D ApplicationPolicy: getApplicationComponentState : pkg = com.google.android.googlequicksearchbox userId : 0
04-24 04:47:44.554  5635  8927 D PackageManager: setEnabledSetting : userId = 0 packageName = com.google.android.googlequicksearchbox cmp = androidx.work.impl.background.systemalarm.RescheduleReceiver newState = 1 callingPackage = 10233/com.google.android.googlequicksearchbox
04-24 04:47:44.555  5635  8927 D ApplicationPolicy: getApplicationStateEnabled : pkg = com.google.android.googlequicksearchbox userId : 0
04-24 04:47:44.556  5635  8927 D ApplicationPolicy: getApplicationComponentState : pkg = com.google.android.googlequicksearchbox userId : 0
04-24 04:47:45.491 21331 21358 D Benchmark: timeNs[ 0:10]: 517128961 535260654 532733038 537701038 535690538 537366115 543200346 531580422 526308153 529175154
04-24 04:47:45.491 21331 21358 D Benchmark: timeNs[10:20]: 532069692 524835654 523207000 531604461 534597269 530953653 522059538 524800153 520775615 528573038
04-24 04:47:45.491 21331 21358 D Benchmark: timeNs[20:30]: 527023846 524102923 524161500 524347000 530114846 534020308 546169922 557872692 547997462 544304999
04-24 04:47:45.491 21331 21358 D Benchmark: timeNs[30:40]: 543585730 553270345 543699038 550135576 536248346 559244307 556446577 547733923 546823615 548159115
04-24 04:47:45.491 21331 21358 D Benchmark: timeNs[40:50]: 547501384 547321192 550113730 550317269 556616000 555365769 538682269 527321461 539212923 562693500
04-24 04:47:46.459  7192  7240 I GmsPassiveListener_FLP: onGmsLocationChanged, provider=fused / speed=0.0 / time=1682304466429 / elapsed=156448985000000
04-24 04:47:46.469  5635  5660 V LocationManagerService: passive provider registration 5023/com.samsung.android.networkdiagnostic/4FDF9C6D dropped delivery - too close
04-24 04:47:46.469  5635  5660 V LocationManagerService: passive provider registration 1000/android[SensorNotificationService]/79F70BEC dropped delivery - too close
04-24 04:47:46.473  5635  6549 D SLocation: PositionManager - PassiveonLocationChanged fused 1682304466429
04-24 04:47:46.474  5635  6549 W SLocation: PositionManager - do not refresh last location about fused location
04-24 04:47:46.474  5635  6549 D SLocation: ARDistanceBigData - BIGDATA ARD - receive location
04-24 04:47:46.476  5635  6549 D SLocation: ARDistanceLibManager - request distance diff to AR Distance Library
04-24 04:47:46.476  5635  6549 D SLocation: SLocationCoreSem - send to coreSem, packet length : 1 / [34]
04-24 04:47:46.476  5635  6549 D SemContextLocationCoreAttribute: setAttribute() mode : 0 action : 23
04-24 04:47:46.476  5635  6549 D SemContextService: lock : changeParameters
04-24 04:47:46.478  5635  6549 D SemContext.CaeProvider.LocationCoreImpl: setAttribute() mode : 0 action : 23
04-24 04:47:46.479  5635  6549 W CAE     : setCAProperty(ContextAwareService.java:513) - [setProperty 01] Mutex is locked for SLOCATION_RUNNER
04-24 04:47:46.480  5635  6549 I CAE     : setPropertyValue(SLocationRunner.java:116) - SLocationRunner setProperty header : 34, len : 1
04-24 04:47:46.480  5635  6549 I CAE     : sendCmdToSensorHub(SensorHubCommManager.java:156) - -63, 23, 55, 34,
04-24 04:47:46.491  5635  5841 D SensorService: setSContextDataLocked ints length 2 , byte length 4
04-24 04:47:46.491  5635  5841 D SensorService: setSContextDataLocked 223717c1
04-24 04:47:46.492  5262  5262 I SensorsHub: SContextSensor::injecet_sensor_data
04-24 04:47:46.492  5262  5262 D SensorsHub: c1 17 37 22
04-24 04:47:46.492  5262  5262 D SensorsHub: inject_scontext_data: New ssp_data_injection_fd(28)
04-24 04:47:46.492  5262  5262 D SensorsHub: SContext Data Injection return 4
04-24 04:47:46.493  5262  5343 I SensorsHub: context 38 0 37 1,1,55,0,33,33,0,0,0,0,23,88,175,29,64,220,186,0,26,183,24,64,12,50,8,80,0,0,0,32,0,152,5,248,0,0,0,83, 156449048302243
04-24 04:47:46.493  5262  5343 I SensorsHub: context 10 0 9 1,1,55,0,5,2,34,0,0,0, 156449048360935
04-24 04:47:46.494  5635  5838 D SensorHubManager: onGetSensorHubDataLocked: library(38) = 1, 1, 55, 0, 33, 33, 0, 0, 0, 0, 23, 88, -81, 29, 64, -36, -70, 0, 26, -73, 24, 64, 12, 50, 8, 80, 0, 0, 0, 32, 0, -104, 5, -8, 0, 0, 0, 83
04-24 04:47:46.495  5635  5838 D SensorHubManager: onGetSensorHubDataLocked: library(10) = 1, 1, 55, 0, 5, 2, 34, 0, 0, 0
04-24 04:47:46.496  5635  5839 D CAE     : onGetSensorHubData(SensorHubParserProvider.java:89) - onGetSensorHubData Event [event buffer len :38], AP_WAKEUP
04-24 04:47:46.496  5635  5839 I CAE     : parse(SensorHubParserProvider.java:190) - buffer size = 38
04-24 04:47:46.496  5635  6549 W CAE     : setCAProperty(ContextAwareService.java:519) - [setProperty 02] Mutex is unlocked for SLOCATION_RUNNER
04-24 04:47:46.497  5635  6549 D SemContextService: unlock : changeParameters
04-24 04:47:46.497  5635  6549 D SemContextManager:   .changeParameters : listener = com.samsung.android.location.semcontext.a@1cb5071, service=SLocation Core
04-24 04:47:46.497  5635  5839 I CAE     : parse(SensorHubParserProvider.java:201) - 1, 1, 55, 0, 33, 33, 0, 0, 0, 0, 23, 88, -81, 29, 64, -36, -70, 0, 26, -73, 24, 64, 12, 50, 8, 80, 0, 0, 0, 32, 0, -104, 5, -8, 0, 0, 0, 83,
04-24 04:47:46.497  5635  6549 D SLocation: PositionManager - receive fused location
04-24 04:47:46.497  5635  5839 I CAE     : parse(SLocationRunner.java:88) - SLocationRunner parse start : 3
04-24 04:47:46.498  5635  5839 D CAE     : display(ContextProvider.java:375) - ================= SLOCATION_RUNNER =================
04-24 04:47:46.498  5635  5839 I CAE     : display(ContextProvider.java:391) - ExtraDataArray=[1, 1, 55, 0, 33, 33, 0, 0, 0, 0, 23, 88, -81, 29, 64, -36, -70, 0, 26, -73, 24, 64, 12, 50, 8, 80, 0, 0, 0, 32, 0, -104, 5, -8, 0, 0, 0, 83]
04-24 04:47:46.500  5635  5839 I CAE     : parse(SLocationRunner.java:96) - SLocationRunner parse end:38
04-24 04:47:46.500  5635  5839 D CAE     : onGetSensorHubData(SensorHubParserProvider.java:89) - onGetSensorHubData Event [event buffer len :10], AP_WAKEUP
04-24 04:47:46.500  5635  5836 D SemContextService: Service.updateContext() : service = SLocation Core
04-24 04:47:46.500  5635  5839 I CAE     : parse(SensorHubParserProvider.java:190) - buffer size = 10
04-24 04:47:46.502  5635  5635 D SemContextManager: onSemContextChanged() : event = SLocation Core
04-24 04:47:46.502  5635  5635 D SLocation: SLocationCoreSem - SemContextChanged type = 47, packet received
04-24 04:47:46.502  5635  6549 I SLocation: SemContextParser -  parse start : 3
04-24 04:47:46.502  5635  6549 I SLocation: SemContextParser -  packet Length : 33packet total size : 38
04-24 04:47:46.502  5635  6549 I SLocation: SemContextParser - packet : [33, 0, 0, 0, 0, 23, 88, -81, 29, 64, -36, -70, 0, 26, -73, 24, 64, 12, 50, 8, 80, 0, 0, 0, 32, 0, -104, 5, -8, 0, 0, 0, 83]
04-24 04:47:46.503  5635  6549 D SLocation: GeofenceCoreManager - received Extra Data from core, len : 33
04-24 04:47:46.503  5635  6549 D SLocation: ARDistanceGetARDistance - convertSensorHubTimeToElapsedTime 1682285318851982555
04-24 04:47:46.503  5635  6549 D SLocation: ARDistanceGetARDistance - invalid location time from core pvt 1682285318851982555, do not use distance info
04-24 04:47:46.503  5635  6549 D SLocation: CommonCoreManager - received Extra Data from core, len : 33
04-24 04:47:46.504  5635  5839 I CAE     : parse(SensorHubParserProvider.java:201) - 1, 1, 55, 0, 5, 2, 34, 0, 0, 0,
04-24 04:47:46.504  5635  5839 I CAE     : parse(SLocationRunner.java:88) - SLocationRunner parse start : 3
04-24 04:47:46.505  5635  5839 D CAE     : display(ContextProvider.java:375) - ================= SLOCATION_RUNNER =================
04-24 04:47:46.505  5635  5839 I CAE     : display(ContextProvider.java:391) - ExtraDataArray=[1, 1, 55, 0, 5, 2, 34, 0, 0, 0]
04-24 04:47:46.506  5635  5839 I CAE     : parse(SLocationRunner.java:96) - SLocationRunner parse end:10
04-24 04:47:46.507  5635  5836 D SemContextService: Service.updateContext() : service = SLocation Core
04-24 04:47:46.509  5635  5635 D SemContextManager: onSemContextChanged() : event = SLocation Core
04-24 04:47:46.509  5635  5635 D SLocation: SLocationCoreSem - SemContextChanged type = 47, packet received
04-24 04:47:46.511  5635  6549 I SLocation: SemContextParser -  parse start : 3
04-24 04:47:46.511  5635  6549 I SLocation: SemContextParser -  packet Length : 5packet total size : 10
04-24 04:47:46.511  5635  6549 I SLocation: SemContextParser - packet : [2, 34, 0, 0, 0]
04-24 04:47:46.512  5635  6549 D SLocation: GeofenceCoreManager - received Extra Data from core, len : 5
04-24 04:47:46.512  5635  6549 D SLocation: GeofenceCoreManager - handleCommandCallback - UNKNOWN_CALLBACK 34 SUCCESS
04-24 04:47:46.512  5635  6549 D SLocation: ARDistanceLibManager - command callback received - CURRENT_LOCATION_REQUEST_DISTANCE ERROR CODE : ERROR_NONE
04-24 04:47:46.512  5635  6549 D SLocation: CommonCoreManager - received Extra Data from core, len : 5
04-24 04:47:46.527 21600 29515 I GCoreUlr: Successfully inserted 1 locations
04-24 04:47:46.586 21600 27153 I SemanticLocation: [Inferrer] IncrementalTimelineInferrer.predict() logs:
04-24 04:47:46.586 21600 27153 I SemanticLocation: Timeline Paths Enabled! Start Computing the timeline paths.
04-24 04:47:46.586 21600 27153 I SemanticLocation:
04-24 04:47:46.586 21600 27153 I SemanticLocation: [CONTEXT service_id=173 ]
04-24 04:47:46.595 21331 21358 W _benchmark.test: Suspending all threads took: 17.789ms
04-24 04:47:47.094  5635  5714 W libprocessgroup: Failed to open /dev/blkio//cgroup.procs: No such file or directory
04-24 04:47:47.111 30416 31048 I SamsungAccount: [AccountManagerProvider] Calling package : app.shealth.
04-24 04:47:47.118 30416 31048 I SamsungAccount: [SignatureCheckUtil] runCheckSignatureAsync
04-24 04:47:47.119 30416 31048 I SamsungAccount: [SignaturePreconditionChecker] getSignatureResult - fromSesSdk : false
04-24 04:47:47.123 30416 31048 I SamsungAccount: [SignatureInfoDbHelper] getSignatureResult - [10/1y90e][app.shealth.]
04-24 04:47:47.126 30416 31048 I SamsungAccount: [SignatureInfoDbHelper] searchOnUser
04-24 04:47:47.155 30416 31048 I SamsungAccount: [SignatureInfoDbHelper] searchOnUser - [10/1y90e][app.shealth.][64/14aaf] => matched
04-24 04:47:47.155 30416 31048 I SamsungAccount: [SignatureInfoDbHelper] search - matched
04-24 04:47:47.156 30416 31048 I SamsungAccount: [SignatureCheckUtil] runCheckSignatureAsync(fromDb) - matched
04-24 04:47:47.158 30416 31048 I SamsungAccount: [AccountManagerProvider] This is the access of the allowed application
04-24 04:47:50.184  5272  5272 E sehhealth-service: Could not open /sys/class/power_supply/battery/lrp
04-24 04:47:50.739  6298  6338 I System.out: Broadcasting: Intent { act=com.sec.intent.action.SARDEVICE_CP flg=0x10000000 (has extras) }
04-24 04:47:50.754  5635  5845 D MotionRecognitionService: [SAR]  onReceive : SARDEVICE_CP, callAction = on deviceID = 3 slot = 1 device_ext = 0
04-24 04:47:50.755  5635  5845 I MotionRecognitionService: [SAR] id : 0 cmd :on
04-24 04:47:50.755  5635  5845 I MotionRecognitionService: [SAR] A96T3X6 Grip sensor enableSensor
04-24 04:47:50.758  5635  5845 D SensorService: [GripSensor] ++ setGripThdWithMCC  (65560)
04-24 04:47:50.758  5635  5845 D SensorService: GripSensor: MCC Path does not exist
04-24 04:47:50.760  5262  5262 I SensorsGrip: [grip_sensor] enable: GripSensor: enable handle = 11 en = 1
04-24 04:47:50.763  5262  5262 E SensorsGrip: [grip_sensor] enable: mEnabled : 1, first_grip_event : 1
04-24 04:47:50.763  5262  5389 I SensorsGrip: [grip_sensor] readEvents: GripSensor: grip 1ch data = RELEASE
04-24 04:47:50.763  5262  5389 I SensorsGrip: [grip_sensor] readEvents: GripSensor: grip 1ch unknown NORMAL MODE
04-24 04:47:50.765  5635  6162 D ConnectivityService: reportNetworkActive, notify 0 listeners
04-24 04:47:50.766  5635  5845 D SensorManager: registerListener :: 33554443, A96T3X6 Grip sensor, 200000, 0, com.samsung.android.gesture.MotionRecognitionSAR$GripSensorWrapper$1@7995f8c
04-24 04:47:50.766  5635  5845 I MotionRecognitionService: [SAR] A96T3X6 Grip sensor enable channel 0 : 2 , channel 1 : 0
04-24 04:47:50.767  5635  5845 I MotionRecognitionService: [SAR] A96T3X6_SUB Grip sensor for sub enableSensor
04-24 04:47:50.770  5635  5845 D SensorService: [GripSensor] ++ setGripThdWithMCC  (65560)
04-24 04:47:50.770  5635  5845 D SensorService: GripSensor: MCC Path does not exist
04-24 04:47:50.771  5262  5262 I SensorsGrip: [grip_sensor_sub] enable: GripSensor: enable handle = 18 en = 1
04-24 04:47:50.774  5262  5262 E SensorsGrip: [grip_sensor_sub] enable: mEnabled : 1, first_grip_event : 1
04-24 04:47:50.774  5262  5391 I SensorsGrip: [grip_sensor_sub] readEvents: GripSensor: grip 1ch data = RELEASE
04-24 04:47:50.775  5635  5845 D SensorManager: registerListener :: 33554450, A96T3X6_SUB Grip sensor for sub, 200000, 0, com.samsung.android.gesture.MotionRecognitionSAR$GripSensorWrapper$1@eb90dbb
04-24 04:47:50.775  5635  5845 I MotionRecognitionService: [SAR] A96T3X6_SUB Grip sensor for sub enable channel 0 : 2 , channel 1 : 0
04-24 04:47:50.775  5635  5845 I MotionRecognitionService: [SAR] id : 1 cmd :on
04-24 04:47:50.778  6298  6394 I System.out: Broadcast completed: result=0
04-24 04:47:50.783  5635  5845 I MotionRecognitionService: [SAR] A96T3X6 Grip sensor onSensorChanged : 5.0 , 0.0 , 0.0 , 1.0 , 0.0
04-24 04:47:50.783  5635  5845 I MotionRecognitionService: [SAR] A96T3X6 Grip sensor clearBackOff channel: 0 , index: 0
04-24 04:47:50.783  5635  5845 I MotionRecognitionService: [SAR] A96T3X6 Grip sensorsetTunerGrip 8589934592 , state: false
04-24 04:47:50.793  5635  5845 D MotionRecognitionService: [SAR] set setTransmitPowerExt  value : 8589934592 : false
04-24 04:47:50.793  5635  5845 I MotionRecognitionService: [SAR] tunerGrip is 8589934592, state : false
04-24 04:47:50.793  5635  5845 I MotionRecognitionService: [SAR] A96T3X6_SUB Grip sensor for sub onSensorChanged : 5.0 , 0.0 , 0.0 , 0.0 , 0.0
04-24 04:47:50.793  5635  5845 I MotionRecognitionService: [SAR] A96T3X6_SUB Grip sensor for sub clearBackOff channel: 0 , index: 1
04-24 04:47:50.794  5635  5845 I MotionRecognitionService: [SAR] A96T3X6_SUB Grip sensor for subsetTunerGrip 8589934592 , state: false
04-24 04:47:50.815  5635  5845 D MotionRecognitionService: [SAR] set setTransmitPowerExt  value : 8589934592 : false
04-24 04:47:50.815  5635  5845 I MotionRecognitionService: [SAR] tunerGrip is 8589934592, state : false
04-24 04:47:50.840 21331 21358 D Benchmark: allocationCount[ 0:10]: 8872481 8872484 8872492 8872482 8872484
04-24 04:47:50.840 21331 21358 D Benchmark: Set 21358 (Bench thread) to priority -8. Was -20, now -8
04-24 04:47:50.840 21331 21358 D Benchmark: Set 21342 (Jit) to priority 9. Was -15, now 9
04-24 04:47:50.840 21331 21358 D Benchmark: Warmup: t=15.356, iter=30, fastAvg=522490432, slowAvg=682919872
04-24 04:47:50.840 21331 21358 I PerfettoCapture: Stopping perfetto.
04-24 04:47:50.880 31614 31614 I perfetto:    perfetto_cmd.cc:1168 SIGINT/SIGTERM received: disabling tracing.
04-24 04:47:50.884 21331 21358 D Benchmark: kill -TERM command output -
04-24 04:47:50.891  5403  5403 I perfetto:  probes_producer.cc:396 Producer stop (id=329)
04-24 04:47:50.896  5403  5403 I perfetto:    ftrace_procfs.cc:342 disabled ftrace in /sys/kernel/tracing/
04-24 04:47:50.954  4388  4388 I hwservicemanager: getTransport: Cannot find entry android.hardware.atrace@1.0::IAtraceDevice/default in either framework or device VINTF manifest.
04-24 04:47:50.961  5403  5403 I perfetto:  probes_producer.cc:396 Producer stop (id=330)
04-24 04:47:50.963  5403  5403 I perfetto:  probes_producer.cc:396 Producer stop (id=331)
04-24 04:47:51.020 31614 31614 I perfetto:    perfetto_cmd.cc:1124 Trace written into the output file
04-24 04:47:51.025 21331 21358 I PerfettoCapture: Writing to /storage/emulated/0/Android/data/org.jetbrains.android_benchmark.test/cache/Wolf3dBenchmark_valuePreserveBoxDouble_2023-04-24-02-47-50.perfetto-trace.
04-24 04:47:51.041  5413  5413 I perfetto: ng_service_impl.cc:2426 Tracing session 83 ended, total sessions:0
04-24 04:47:51.179  6374  6652 D MobileStatusTracker(1/2): onDataActivity: direction=1
04-24 04:47:51.185  6374  6652 D MobileSignalController(1/2): notifyListener: enabled=true, connected=true, dataConnected=true, networkType=LTE (4G), emergencyOnly=false, roaming=false, isDefault=true, dataActivity=in, level=2, ca=false, mmWave=false, disabledDataIcon=false, simCard=ETC
04-24 04:47:51.673 21331 21358 D Benchmark: Copying /storage/emulated/0/Android/data/org.jetbrains.android_benchmark.test/cache/Wolf3dBenchmark_valuePreserveBoxDouble_2023-04-24-02-47-50.perfetto-trace to /sdcard/Android/media/org.jetbrains.android_benchmark.test/additional_test_output/Wolf3dBenchmark_valuePreserveBoxDouble_2023-04-24-02-47-50.perfetto-trace
04-24 04:47:51.715  8333 29522 W MediaProvider: isAppCloneUserPair for user 0: false
04-24 04:47:51.777  5635  5660 D SyncManager: userId - 0 auto - true
04-24 04:47:52.204  6374  6652 D MobileStatusTracker(1/2): onDataActivity: direction=0
04-24 04:47:52.214  6374  6652 D MobileSignalController(1/2): notifyListener: enabled=true, connected=true, dataConnected=true, networkType=LTE (4G), emergencyOnly=false, roaming=false, isDefault=true, dataActivity=, level=2, ca=false, mmWave=false, disabledDataIcon=false, simCard=ETC
04-24 04:47:52.279  5635  5714 W libprocessgroup: Failed to open /dev/blkio//cgroup.procs: No such file or directory
04-24 04:47:52.418 13505 13505 I SCS@AiSearch user 0: (ObserverWorker::AOSP_MP) [main] entering in startWork():
04-24 04:47:52.418 13505 13505 I SCS@AiSearch user 0: (BaseCollector::AOSP_MP) [main] entering in onChange():
04-24 04:47:52.420 13505 13578 I SCS@AiSearch user 0: (BaseCollector::AOSP_MP) [AOSP_MP-0] entering in collectChanges():
04-24 04:47:52.514  5635  8486 D PackageManager: setEnabledSetting : userId = 0 packageName = com.samsung.android.scs cmp = androidx.work.impl.background.systemalarm.RescheduleReceiver newState = 1 callingPackage = 10380/com.samsung.android.scs
04-24 04:47:52.516  5635  8486 D ApplicationPolicy: getApplicationStateEnabled : pkg = com.samsung.android.scs userId : 0
04-24 04:47:52.519  5635  8486 D ApplicationPolicy: getApplicationComponentState : pkg = com.samsung.android.scs userId : 0
04-24 04:47:52.549 13505 13578 I SCS@AiSearch user 0: (BaseCollector::AOSP_MP) fetchInternal values : maxSyncId: 1000007967 indexCount: 1702 sourceCount: 1702
04-24 04:47:52.643  5635  5714 W libprocessgroup: Failed to open /dev/blkio//cgroup.procs: No such file or directory
04-24 04:47:52.660 21600 31592 I NetworkScheduler.Stats: Task com.google.android.gms/com.google.android.gms.ipa.base.IpaGcmTaskService started execution. cause:9 exec_start_elapsed_seconds: 156455 [CONTEXT service_id=218 ]
04-24 04:47:52.684 13505 13578 I SCS@AiSearch user 0: (IndexManager) [AOSP_MP-0] entering in addIndex():
04-24 04:47:52.689 13505 13578 I SCS@AiSearch user 0: (BaseCollector::AOSP_MP) fetch: fetching took  200 ms
04-24 04:47:52.689 13505 13578 I SCS@AiSearch user 0: (BaseCollector::AOSP_MP) fetchChanges: applied 0 items
04-24 04:47:52.690 13505 13578 I SCS@AiSearch user 0: (BaseCollector::AOSP_MP) Collect finished. Result: true
04-24 04:47:52.693 13505 13536 I WM-WorkerWrapper: Worker result SUCCESS for Work [ id=92ec7be3-91ad-466b-adb5-d97b8a92d97b, tags={ com.sec.android.app.myfiles, com.samsung.android.scs.ai.search.data.collector.ObserverWorker } ]
04-24 04:47:52.694 21600 27153 I NetworkScheduler.Stats: Task com.google.android.gms/com.google.android.gms.ipa.base.IpaGcmTaskService finished executing. cause:9 result: 1 elapsed_millis: 87 uptime_millis: 87 exec_start_elapsed_seconds: 156455 [CONTEXT service_id=218 ]
04-24 04:47:52.694 13505 13578 I SCS@AiSearch user 0: (BaseCollector::AOSP_MP) enqueue ObserverWorker name: com.sec.android.app.myfiles, policy: APPEND_OR_REPLACE
04-24 04:47:52.706 21600 21600 D BoundBrokerSvc: onBind: Intent { act=com.google.android.gms.scheduler.ACTION_PROXY_SCHEDULE dat=chimera-action:/... cmp=com.google.android.gms/.chimera.PersistentApiService }
04-24 04:47:52.706 21600 21600 D BoundBrokerSvc: Loading bound service for intent: Intent { act=com.google.android.gms.scheduler.ACTION_PROXY_SCHEDULE dat=chimera-action:/... cmp=com.google.android.gms/.chimera.PersistentApiService }
04-24 04:47:52.909  5635  8927 D PackageManager: setEnabledSetting : userId = 0 packageName = com.samsung.android.scs cmp = androidx.work.impl.background.systemalarm.RescheduleReceiver newState = 1 callingPackage = 10380/com.samsung.android.scs
04-24 04:47:52.911  5635  8927 D ApplicationPolicy: getApplicationStateEnabled : pkg = com.samsung.android.scs userId : 0
04-24 04:47:52.913  5635  8927 D ApplicationPolicy: getApplicationComponentState : pkg = com.samsung.android.scs userId : 0
04-24 04:47:52.950  8333  8844 I FuseDaemon: Threshold exceeded - fadvising 67137536
04-24 04:47:52.950  8333  8844 I FuseDaemon: Threshold now 0
04-24 04:47:53.789 21331 21358 I Benchmark: Wolf3dBenchmark.valuePreserveBoxDouble[Metric (timeNs) results: median 5.368072305E8, min 5.17128961E8, max 5.626935E8, standardDeviation: 1.1805937592653433E7, Metric (allocationCount) results: median 8872484.0, min 8872481.0, max 8872492.0, standardDeviation: 4.33589667773576]count=1
04-24 04:47:53.808 21331 21358 D Benchmark: writing results to /storage/emulated/0/Android/data/org.jetbrains.android_benchmark.test/cache/org.jetbrains.android_benchmark.test-benchmarkData.json
04-24 04:47:53.851 21331 21358 D Benchmark: Copying /storage/emulated/0/Android/data/org.jetbrains.android_benchmark.test/cache/org.jetbrains.android_benchmark.test-benchmarkData.json to /sdcard/Android/media/org.jetbrains.android_benchmark.test/additional_test_output/org.jetbrains.android_benchmark.test-benchmarkData.json
04-24 04:47:53.937  5635  8934 D SyncManager: userId - 0 auto - true
04-24 04:47:53.940  8333 31570 I MediaProvider: Deleted 1 0 0 0 0 0 0 items on external_primary due to org.jetbrains.android_benchmark.test
04-24 04:47:53.967  8333 31582 W MediaProvider: isAppCloneUserPair for user 0: false
04-24 04:47:54.044  5635  5714 W libprocessgroup: Failed to open /dev/blkio//cgroup.procs: No such file or directory
04-24 04:47:54.058  5635  8486 D SyncManager: userId - 0 auto - true
04-24 04:47:54.062 21331 21358 I TestRunner: finished: valuePreserveBoxDouble(org.jetbrains.android_benchmark.Wolf3dBenchmark)
