05-10 03:15:32.004  5260  5260 E audit   : type=1327 audit(1683681332.003:98857): proctitle="zygote64"
05-10 03:15:32.005 26909 26925 W libc    : Access denied finding property "sys.perf.boostopt"
05-10 03:15:32.005  5260  5260 E audit   : type=1400 audit(1683681332.003:98858): avc:  denied  { read } for  pid=26909 comm="binder:26909_1" name="u:object_r:perf_prop:s0" dev="tmpfs" ino=21600 scontext=u:r:untrusted_app:s0:c222,c256,c512,c768 tcontext=u:object_r:perf_prop:s0 tclass=file permissive=0 SEPF_SM-A515F_13_0001 audit_filtered
05-10 03:15:32.007 26909 26909 D ActivityThread: setConscryptValidator
05-10 03:15:32.007 26909 26909 D ActivityThread: setConscryptValidator - put
05-10 03:15:32.025 26909 26909 D CompatibilityChangeReporter: Compat change id reported: 171979766; UID 10222; state: ENABLED
05-10 03:15:32.101 26909 26909 D nativeloader: Configuring classloader-namespace for other apk /system/framework/org.apache.http.legacy.jar. target_sdk_version=33, uses_libraries=ALL, library_path=/data/app/~~hevM2UTXqGxmTf4cItl6bA==/ru.yandex.searchplugin-BGd8n-p81Aj-FuEiVI40zQ==/lib/arm64:/data/app/~~hevM2UTXqGxmTf4cItl6bA==/ru.yandex.searchplugin-BGd8n-p81Aj-FuEiVI40zQ==/base.apk!/lib/arm64-v8a:/data/app/~~hevM2UTXqGxmTf4cItl6bA==/ru.yandex.searchplugin-BGd8n-p81Aj-FuEiVI40zQ==/split_config.en.apk!/lib/arm64-v8a:/data/app/~~hevM2UTXqGxmTf4cItl6bA==/ru.yandex.searchplugin-BGd8n-p81Aj-FuEiVI40zQ==/split_config.ru.apk!/lib/arm64-v8a:/data/app/~~hevM2UTXqGxmTf4cItl6bA==/ru.yandex.searchplugin-BGd8n-p81Aj-FuEiVI40zQ==/split_config.xxhdpi.apk!/lib/arm64-v8a, permitted_path=/data:/mnt/expand:/data/user/0/ru.yandex.searchplugin
05-10 03:15:32.101 26909 26909 D nativeloader: Extending system_exposed_libraries: libhumantracking.arcsoft.so:libPortraitDistortionCorrection.arcsoft.so:libPortraitDistortionCorrectionCali.arcsoft.so:libface_landmark.arcsoft.so:libFacialStickerEngine.arcsoft.so:libveengine.arcsoft.so:liblow_light_hdr.arcsoft.so:libhigh_dynamic_range.arcsoft.so:libFacialAttributeDetection.arcsoft.so:libBeauty_v4.camera.samsung.so:libexifa.camera.samsung.so:libjpega.camera.samsung.so:libOpenCv.camera.samsung.so:libImageScreener.camera.samsung.so:libMyFilter.camera.samsung.so:libtensorflowLite.myfilter.camera.samsung.so:libtensorflowlite_inference_api.myfilter.camera.samsung.so:libEventFinder.camera.samsung.so:libHIDTSnapJNI.camera.samsung.so:libSmartScan.camera.samsung.so:libRectify.camera.samsung.so:libDocRectifyWrapper.camera.samsung.so:libUltraWideDistortionCorrection.camera.samsung.so:libHpr_RecGAE_cvFeature_v1.0.camera.samsung.so:libHprFace_GAE_api.camera.samsung.so:libFace_Landmark_API.camera.samsung.so:libHprFace_GAE_jni.camera.samsung.so:libFacialBasedSelfieCorrec
05-10 03:15:32.298 26909 26909 W ziparchive: Unable to open '/data/app/~~hevM2UTXqGxmTf4cItl6bA==/ru.yandex.searchplugin-BGd8n-p81Aj-FuEiVI40zQ==/split_config.en.dm': No such file or directory
05-10 03:15:32.298 26909 26909 W ziparchive: Unable to open '/data/app/~~hevM2UTXqGxmTf4cItl6bA==/ru.yandex.searchplugin-BGd8n-p81Aj-FuEiVI40zQ==/split_config.en.dm': No such file or directory
05-10 03:15:32.300 26909 26909 W plugin:passport: Entry not found
05-10 03:15:32.309 26909 26909 W ziparchive: Unable to open '/data/app/~~hevM2UTXqGxmTf4cItl6bA==/ru.yandex.searchplugin-BGd8n-p81Aj-FuEiVI40zQ==/split_config.ru.dm': No such file or directory
05-10 03:15:32.309 26909 26909 W ziparchive: Unable to open '/data/app/~~hevM2UTXqGxmTf4cItl6bA==/ru.yandex.searchplugin-BGd8n-p81Aj-FuEiVI40zQ==/split_config.ru.dm': No such file or directory
05-10 03:15:32.311 26909 26909 W plugin:passport: Entry not found
05-10 03:15:32.313 26909 26909 W ziparchive: Unable to open '/data/app/~~hevM2UTXqGxmTf4cItl6bA==/ru.yandex.searchplugin-BGd8n-p81Aj-FuEiVI40zQ==/split_config.xxhdpi.dm': No such file or directory
05-10 03:15:32.313 26909 26909 W ziparchive: Unable to open '/data/app/~~hevM2UTXqGxmTf4cItl6bA==/ru.yandex.searchplugin-BGd8n-p81Aj-FuEiVI40zQ==/split_config.xxhdpi.dm': No such file or directory
05-10 03:15:32.315 26909 26909 W plugin:passport: Entry not found
05-10 03:15:32.324 26909 26909 D nativeloader: Configuring classloader-namespace for other apk /data/app/~~hevM2UTXqGxmTf4cItl6bA==/ru.yandex.searchplugin-BGd8n-p81Aj-FuEiVI40zQ==/base.apk:/data/app/~~hevM2UTXqGxmTf4cItl6bA==/ru.yandex.searchplugin-BGd8n-p81Aj-FuEiVI40zQ==/split_config.en.apk:/data/app/~~hevM2UTXqGxmTf4cItl6bA==/ru.yandex.searchplugin-BGd8n-p81Aj-FuEiVI40zQ==/split_config.ru.apk:/data/app/~~hevM2UTXqGxmTf4cItl6bA==/ru.yandex.searchplugin-BGd8n-p81Aj-FuEiVI40zQ==/split_config.xxhdpi.apk. target_sdk_version=33, uses_libraries=, library_path=/data/app/~~hevM2UTXqGxmTf4cItl6bA==/ru.yandex.searchplugin-BGd8n-p81Aj-FuEiVI40zQ==/lib/arm64:/data/app/~~hevM2UTXqGxmTf4cItl6bA==/ru.yandex.searchplugin-BGd8n-p81Aj-FuEiVI40zQ==/base.apk!/lib/arm64-v8a:/data/app/~~hevM2UTXqGxmTf4cItl6bA==/ru.yandex.searchplugin-BGd8n-p81Aj-FuEiVI40zQ==/split_config.en.apk!/lib/arm64-v8a:/data/app/~~hevM2UTXqGxmTf4cItl6bA==/ru.yandex.searchplugin-BGd8n-p81Aj-FuEiVI40zQ==/split_config.ru.apk!/lib/arm64-v8a:/data/app/~~hevM2UTXqGxmTf4cItl6bA==/ru.yandex.searchplugin-BGd8
05-10 03:15:32.328 26909 26909 W plugin:passport: JIT profile information will not be recorded: profile file does not exist.
05-10 03:15:32.329 26909 26909 W plugin:passport: JIT profile information will not be recorded: profile file does not exist.
05-10 03:15:32.329 26909 26909 W plugin:passport: JIT profile information will not be recorded: profile file does not exist.
05-10 03:15:32.376 26909 26909 V GraphicsEnvironment: ANGLE Developer option for 'ru.yandex.searchplugin' set to: 'default'
05-10 03:15:32.380 26909 26909 V GraphicsEnvironment: ANGLE GameManagerService for ru.yandex.searchplugin: false
05-10 03:15:32.380 26909 26909 V GraphicsEnvironment: Neither updatable production driver nor prerelease driver is supported.
05-10 03:15:32.388 26909 26909 D NetworkSecurityConfig: Using Network Security Config from resource network_security_config_mobileyandex debugBuild: false
05-10 03:15:32.408 26909 26909 D NetworkSecurityConfig: Using Network Security Config from resource network_security_config_mobileyandex debugBuild: false
05-10 03:15:32.515  5679  6287 D NetdEventListenerService: DNS Requested by : 112, 1000
05-10 03:15:32.534 26909 26937 D CompatibilityChangeReporter: Compat change id reported: 183155436; UID 10222; state: ENABLED
05-10 03:15:32.543 26909 26937 I AppMetrica: Initializing of Metrica, Release type, Version 5.3.3, API Level 106, Dated 13.04.2023.
05-10 03:15:32.652 26909 26937 I AppMetrica: Activate reporter with APIKey 67bb016b-xxxx-xxxx-xxxx-xxxxxxxx03d3
05-10 03:15:32.653 26909 26937 I AppMetrica: Activate reporter with APIKey 20799a27-xxxx-xxxx-xxxx-xxxxxxxx4180
05-10 03:15:32.671 26909 26925 W libc    : Access denied finding property "sys.perf.boostopt"
05-10 03:15:32.855 26714 26954 I cr_LibraryLoader: Loading yandexbrowser from within /data/app/~~hevM2UTXqGxmTf4cItl6bA==/ru.yandex.searchplugin-BGd8n-p81Aj-FuEiVI40zQ==/base.apk
05-10 03:15:32.868 26714 26954 I cr_Linker: loadLibraryImplLocked: yandexbrowser, relroMode=1
05-10 03:15:32.920  8403   527 I DMASA[C]: [a]Cancel SA_UPLOAD_CUSTOM_CELLULAR job
05-10 03:15:32.968 26909 26949 D CompatibilityChangeReporter: Compat change id reported: 194532703; UID 10222; state: ENABLED
05-10 03:15:32.975 26909 26925 W libc    : Access denied finding property "sys.perf.boostopt"
05-10 03:15:32.980  5679  5748 W libprocessgroup: Failed to open /dev/blkio//cgroup.procs: No such file or directory
05-10 03:15:32.982  5679  5748 W libprocessgroup: Failed to open /dev/blkio//cgroup.procs: No such file or directory
05-10 03:15:32.984  5679  5748 W libprocessgroup: Failed to open /dev/blkio//cgroup.procs: No such file or directory
05-10 03:15:32.986  5679  5748 W libprocessgroup: Failed to open /dev/blkio//cgroup.procs: No such file or directory
05-10 03:15:33.241 26714 26954 I cr_LibraryLoader: Successfully loaded native library
05-10 03:15:33.245 26714 26954 I cr_CachingUmaRecorder: Flushed 14 samples from 14 histograms.
05-10 03:15:33.740 26714 26714 E chromium: [ERROR:isolated_origin_util.cc(74)] Ignoring port number in isolated origin: chrome://custo
05-10 03:15:33.925  5679  7439 D SemWifiUsabilityStatsMonitor: onWifiUsabilityStats - seqNum 11542, isSameBssidAndFreq true
05-10 03:15:33.927  5679  6237 I SemWifiLinkQualityMonitor: Link Qos Query: 0.023 ms / 345.682 Mbps (390 / 0.000 / 1.128)
05-10 03:15:33.933  5285  5285 D Zygote  : Forked child process 26974
05-10 03:15:33.965 26974 26974 I ileged_process1: Using CollectorTypeCC GC.
05-10 03:15:33.977 26974 26974 E ileged_process1: Not starting debugger since process cannot load the jdwp agent.
05-10 03:15:33.984 26974 26974 W libc    : Access denied finding property "sys.perf.boostopt"
05-10 03:15:33.984  5260  5260 E audit   : type=1400 audit(1683681333.979:98861): avc:  denied  { read } for  pid=26974 comm="ileged_process1" name="u:object_r:perf_prop:s0" dev="tmpfs" ino=21600 scontext=u:r:untrusted_app:s0:c222,c256,c512,c768 tcontext=u:object_r:perf_prop:s0 tclass=file permissive=0 SEPF_SM-A515F_13_0001 audit_filtered
05-10 03:15:33.984  5260  5260 E audit   : type=1300 audit(1683681333.979:98861): arch=c00000b7 syscall=56 success=no exit=-13 a0=ffffff9c a1=7ff5a657e8 a2=88000 a3=0 items=0 ppid=5285 pid=26974 auid=4294967295 uid=10222 gid=10222 euid=10222 suid=10222 fsuid=10222 egid=10222 sgid=10222 fsgid=10222 tty=(none) ses=4294967295 comm="ileged_process1" exe="/system/bin/app_process64" subj=u:r:untrusted_app:s0:c222,c256,c512,c768 key=(null)
05-10 03:15:33.984  5260  5260 E audit   : type=1327 audit(1683681333.979:98861): proctitle="zygote64"
05-10 03:15:33.986 26974 26986 W libc    : Access denied finding property "sys.perf.boostopt"
05-10 03:15:33.986 26974 26974 D ActivityThread: setConscryptValidator
05-10 03:15:33.987  5260  5260 E audit   : type=1400 audit(1683681333.983:98862): avc:  denied  { read } for  pid=26974 comm="binder:26974_1" name="u:object_r:perf_prop:s0" dev="tmpfs" ino=21600 scontext=u:r:untrusted_app:s0:c222,c256,c512,c768 tcontext=u:object_r:perf_prop:s0 tclass=file permissive=0 SEPF_SM-A515F_13_0001 audit_filtered
05-10 03:15:33.987 26974 26974 D ActivityThread: setConscryptValidator - put
05-10 03:15:34.007 26974 26987 W libc    : Access denied finding property "sys.perf.boostopt"
05-10 03:15:34.024 26974 26974 D CompatibilityChangeReporter: Compat change id reported: 171979766; UID 10222; state: ENABLED
05-10 03:15:34.073 23197 23207 I _benchmark.test: Background young concurrent copying GC freed 566090(8863KB) AllocSpace objects, 0(0B) LOS objects, 33% free, 7944KB/11MB, paused 7.785ms,106us total 21.727ms
05-10 03:15:34.144 26803 26814 W System  : A resource failed to call close.
05-10 03:15:34.146 26974 26974 D nativeloader: Configuring classloader-namespace for other apk /system/framework/org.apache.http.legacy.jar. target_sdk_version=33, uses_libraries=ALL, library_path=/data/app/~~hevM2UTXqGxmTf4cItl6bA==/ru.yandex.searchplugin-BGd8n-p81Aj-FuEiVI40zQ==/lib/arm64:/data/app/~~hevM2UTXqGxmTf4cItl6bA==/ru.yandex.searchplugin-BGd8n-p81Aj-FuEiVI40zQ==/base.apk!/lib/arm64-v8a:/data/app/~~hevM2UTXqGxmTf4cItl6bA==/ru.yandex.searchplugin-BGd8n-p81Aj-FuEiVI40zQ==/split_config.en.apk!/lib/arm64-v8a:/data/app/~~hevM2UTXqGxmTf4cItl6bA==/ru.yandex.searchplugin-BGd8n-p81Aj-FuEiVI40zQ==/split_config.ru.apk!/lib/arm64-v8a:/data/app/~~hevM2UTXqGxmTf4cItl6bA==/ru.yandex.searchplugin-BGd8n-p81Aj-FuEiVI40zQ==/split_config.xxhdpi.apk!/lib/arm64-v8a, permitted_path=/data:/mnt/expand:/data/user/0/ru.yandex.searchplugin
05-10 03:15:34.146 26974 26974 D nativeloader: Extending system_exposed_libraries: libhumantracking.arcsoft.so:libPortraitDistortionCorrection.arcsoft.so:libPortraitDistortionCorrectionCali.arcsoft.so:libface_landmark.arcsoft.so:libFacialStickerEngine.arcsoft.so:libveengine.arcsoft.so:liblow_light_hdr.arcsoft.so:libhigh_dynamic_range.arcsoft.so:libFacialAttributeDetection.arcsoft.so:libBeauty_v4.camera.samsung.so:libexifa.camera.samsung.so:libjpega.camera.samsung.so:libOpenCv.camera.samsung.so:libImageScreener.camera.samsung.so:libMyFilter.camera.samsung.so:libtensorflowLite.myfilter.camera.samsung.so:libtensorflowlite_inference_api.myfilter.camera.samsung.so:libEventFinder.camera.samsung.so:libHIDTSnapJNI.camera.samsung.so:libSmartScan.camera.samsung.so:libRectify.camera.samsung.so:libDocRectifyWrapper.camera.samsung.so:libUltraWideDistortionCorrection.camera.samsung.so:libHpr_RecGAE_cvFeature_v1.0.camera.samsung.so:libHprFace_GAE_api.camera.samsung.so:libFace_Landmark_API.camera.samsung.so:libHprFace_GAE_jni.camera.samsung.so:libFacialBasedSelfieCorrec
05-10 03:15:34.582 26714 26714 W chromium: [WARNING:collections_blacklist_service.cc(115)] Config collections_blacklist ignored: blacklist_video_url_patterns key not found.
05-10 03:15:34.582 26714 26714 W chromium: [WARNING:collections_blacklist_service.cc(115)] Config collections_blacklist ignored: whitelist_video_url_patterns key not found.
05-10 03:15:34.582 26714 26714 W chromium: [WARNING:collections_blacklist_service.cc(184)] Config collections_blacklist ignored: blacklist_image_urls key not found.
05-10 03:15:34.668  5679  5699 I WifiService: startScan uid=10222
05-10 03:15:34.677  5679  5699 W WifiService: Permission violation - startScan not allowed for uid=10222, packageName=ru.yandex.searchplugin, reason=java.lang.SecurityException: UID 10222 has no location permission
05-10 03:15:34.678  5679  5699 W WifiService: Permission violation - getScanResults not allowed for uid=10222, packageName=ru.yandex.searchplugin, reason=java.lang.SecurityException: UID 10222 has no location permission
05-10 03:15:34.690 26714 26714 D ConnectivityManager: StackLog: [android.net.ConnectivityManager.sendRequestForNetwork(ConnectivityManager.java:4191)] [android.net.ConnectivityManager.registerDefaultNetworkCallbackForUid(ConnectivityManager.java:4755)] [android.net.ConnectivityManager.registerDefaultNetworkCallback(ConnectivityManager.java:4722)] [zs1.a(Unknown Source:0)] [it1.k(Unknown Source:0)] [org.chromium.net.NetworkChangeNotifierAutoDetect$RegistrationPolicy.d(SourceFile:43)] [org.chromium.net.c.c(SourceFile:3)] [org.chromium.net.NetworkChangeNotifierAutoDetect.<init>(SourceFile:105)] [org.chromium.content.browser.BackgroundSyncNetworkObserver.createObserver(SourceFile:61)]
05-10 03:15:34.694  5679  8513 D ConnectivityService: requestNetwork for uid/pid:10222/26714 activeRequest: null callbackRequest: 18771 [NetworkRequest [ REQUEST id=18772, [ Capabilities: INTERNET&NOT_RESTRICTED&TRUSTED&NOT_VCN_MANAGED Uid: 10222 RequestorUid: 10222 RequestorPkg: ru.yandex.searchplugin UnderlyingNetworks: Null] ]] callback flags: 0 order: 2147483647
05-10 03:15:34.695  5679  6088 D ConnectivityService:    accepting network in place of null
05-10 03:15:34.702 26974 26974 W ziparchive: Unable to open '/data/app/~~hevM2UTXqGxmTf4cItl6bA==/ru.yandex.searchplugin-BGd8n-p81Aj-FuEiVI40zQ==/split_config.en.dm': No such file or directory
05-10 03:15:34.703 26974 26974 W ziparchive: Unable to open '/data/app/~~hevM2UTXqGxmTf4cItl6bA==/ru.yandex.searchplugin-BGd8n-p81Aj-FuEiVI40zQ==/split_config.en.dm': No such file or directory
05-10 03:15:34.704  5679  6066 D WifiNetworkFactory: got request NetworkRequest [ REQUEST id=18772, [ Capabilities: INTERNET&NOT_RESTRICTED&TRUSTED&NOT_VCN_MANAGED Uid: 10222 RequestorUid: 10222 RequestorPkg: ru.yandex.searchplugin UnderlyingNetworks: Null] ]
05-10 03:15:34.704 26974 26974 W ileged_process1: Entry not found
05-10 03:15:34.707 26974 26974 W ziparchive: Unable to open '/data/app/~~hevM2UTXqGxmTf4cItl6bA==/ru.yandex.searchplugin-BGd8n-p81Aj-FuEiVI40zQ==/split_config.ru.dm': No such file or directory
05-10 03:15:34.709 26714 26714 D ConnectivityManager: StackLog: [android.net.ConnectivityManager.sendRequestForNetwork(ConnectivityManager.java:4191)] [android.net.ConnectivityManager.sendRequestForNetwork(ConnectivityManager.java:4233)] [android.net.ConnectivityManager.registerNetworkCallback(ConnectivityManager.java:4615)] [bt1.a(Unknown Source:0)] [it1.l(Unknown Source:0)] [org.chromium.net.NetworkChangeNotifierAutoDetect$RegistrationPolicy.d(SourceFile:125)] [org.chromium.net.c.c(SourceFile:3)] [org.chromium.net.NetworkChangeNotifierAutoDetect.<init>(SourceFile:105)] [org.chromium.content.browser.BackgroundSyncNetworkObserver.createObserver(SourceFile:61)]
05-10 03:15:34.716  5679  6066 D UntrustedWifiNetworkFactory: got request NetworkRequest [ REQUEST id=18772, [ Capabilities: INTERNET&NOT_RESTRICTED&TRUSTED&NOT_VCN_MANAGED Uid: 10222 RequestorUid: 10222 RequestorPkg: ru.yandex.searchplugin UnderlyingNetworks: Null] ]
05-10 03:15:34.722  5679  6066 D OemPaidWifiNetworkFactory: got request NetworkRequest [ REQUEST id=18772, [ Capabilities: INTERNET&NOT_RESTRICTED&TRUSTED&NOT_VCN_MANAGED Uid: 10222 RequestorUid: 10222 RequestorPkg: ru.yandex.searchplugin UnderlyingNetworks: Null] ]
05-10 03:15:34.724  5679  6066 D MultiInternetWifiNetworkFactory: got request NetworkRequest [ REQUEST id=18772, [ Capabilities: INTERNET&NOT_RESTRICTED&TRUSTED&NOT_VCN_MANAGED Uid: 10222 RequestorUid: 10222 RequestorPkg: ru.yandex.searchplugin UnderlyingNetworks: Null] ]
05-10 03:15:34.727  5679  6088 D ConnectivityService: Rematched networks [computed 1ms] [applied 1ms] [issued 30]
05-10 03:15:34.727  5679  6088 D ConnectivityService: NetworkReassignment :
05-10 03:15:34.727  5679  6088 D ConnectivityService:   18772 : null  112
05-10 03:15:34.735  5679  6088 D ConnectivityService: Rematched networks [computed 1ms] [applied 0ms] [issued 7]
05-10 03:15:34.735  5679  6088 D ConnectivityService: NetworkReassignment : no changes
05-10 03:15:34.735 26974 26974 W ziparchive: Unable to open '/data/app/~~hevM2UTXqGxmTf4cItl6bA==/ru.yandex.searchplugin-BGd8n-p81Aj-FuEiVI40zQ==/split_config.ru.dm': No such file or directory
05-10 03:15:34.745 26974 26974 W ileged_process1: Entry not found
05-10 03:15:34.746 26974 26974 W ziparchive: Unable to open '/data/app/~~hevM2UTXqGxmTf4cItl6bA==/ru.yandex.searchplugin-BGd8n-p81Aj-FuEiVI40zQ==/split_config.xxhdpi.dm': No such file or directory
05-10 03:15:34.747 26974 26974 W ziparchive: Unable to open '/data/app/~~hevM2UTXqGxmTf4cItl6bA==/ru.yandex.searchplugin-BGd8n-p81Aj-FuEiVI40zQ==/split_config.xxhdpi.dm': No such file or directory
05-10 03:15:34.773 26974 26974 W ileged_process1: Entry not found
05-10 03:15:34.793 26974 26974 D nativeloader: Configuring classloader-namespace for other apk /data/app/~~hevM2UTXqGxmTf4cItl6bA==/ru.yandex.searchplugin-BGd8n-p81Aj-FuEiVI40zQ==/base.apk:/data/app/~~hevM2UTXqGxmTf4cItl6bA==/ru.yandex.searchplugin-BGd8n-p81Aj-FuEiVI40zQ==/split_config.en.apk:/data/app/~~hevM2UTXqGxmTf4cItl6bA==/ru.yandex.searchplugin-BGd8n-p81Aj-FuEiVI40zQ==/split_config.ru.apk:/data/app/~~hevM2UTXqGxmTf4cItl6bA==/ru.yandex.searchplugin-BGd8n-p81Aj-FuEiVI40zQ==/split_config.xxhdpi.apk. target_sdk_version=33, uses_libraries=, library_path=/data/app/~~hevM2UTXqGxmTf4cItl6bA==/ru.yandex.searchplugin-BGd8n-p81Aj-FuEiVI40zQ==/lib/arm64:/data/app/~~hevM2UTXqGxmTf4cItl6bA==/ru.yandex.searchplugin-BGd8n-p81Aj-FuEiVI40zQ==/base.apk!/lib/arm64-v8a:/data/app/~~hevM2UTXqGxmTf4cItl6bA==/ru.yandex.searchplugin-BGd8n-p81Aj-FuEiVI40zQ==/split_config.en.apk!/lib/arm64-v8a:/data/app/~~hevM2UTXqGxmTf4cItl6bA==/ru.yandex.searchplugin-BGd8n-p81Aj-FuEiVI40zQ==/split_config.ru.apk!/lib/arm64-v8a:/data/app/~~hevM2UTXqGxmTf4cItl6bA==/ru.yandex.searchplugin-BGd8
05-10 03:15:34.795  6363  7097 I LocationAccessPolicy: ru.yandex.searchplugin is aware of fine but the app-ops permission is specifically denied.
05-10 03:15:34.796  6363  7097 I LocationAccessPolicy: checkLocationPermission - callingUid: 10222, callingPid: 26714, resultForFine: DENIED_SOFT
05-10 03:15:34.809  6363  7097 I LocationAccessPolicy: ru.yandex.searchplugin is aware of fine but the app-ops permission is specifically denied.
05-10 03:15:34.809  6363  7097 I LocationAccessPolicy: checkLocationPermission - callingUid: 10222, callingPid: 26714, resultForFine: DENIED_SOFT
05-10 03:15:34.830 26974 26974 W ileged_process1: JIT profile information will not be recorded: profile file does not exist.
05-10 03:15:34.830 26974 26974 W ileged_process1: JIT profile information will not be recorded: profile file does not exist.
05-10 03:15:34.830 26974 26974 W ileged_process1: JIT profile information will not be recorded: profile file does not exist.
05-10 03:15:34.960  5679  6270 D WifiConnectivityMonitor: called startWcmPoll but already Ongoing
05-10 03:15:34.960  5679  6270 D SemWifiRssiBasePoller: RSSI_BASE_STOP
05-10 03:15:34.979 26974 26974 V GraphicsEnvironment: ANGLE Developer option for 'ru.yandex.searchplugin' set to: 'default'
05-10 03:15:34.985 26974 26974 V GraphicsEnvironment: ANGLE GameManagerService for ru.yandex.searchplugin: false
05-10 03:15:34.985 26974 26974 V GraphicsEnvironment: Neither updatable production driver nor prerelease driver is supported.
05-10 03:15:35.013 26974 26974 D NetworkSecurityConfig: Using Network Security Config from resource network_security_config_mobileyandex debugBuild: false
05-10 03:15:35.063 26974 26974 D NetworkSecurityConfig: Using Network Security Config from resource network_security_config_mobileyandex debugBuild: false
05-10 03:15:35.145 26974 26974 I cr_ChildProcessService: Creating new ChildProcessService pid=26974
05-10 03:15:35.232 26803 26818 W libc    : Access denied finding property "sys.perf.boostopt"
05-10 03:15:35.232  5260  5260 E audit   : type=1400 audit(1683681335.227:98864): avc:  denied  { read } for  pid=26803 comm="binder:26803_3" name="u:object_r:perf_prop:s0" dev="tmpfs" ino=21600 scontext=u:r:untrusted_app:s0:c222,c256,c512,c768 tcontext=u:object_r:perf_prop:s0 tclass=file permissive=0 SEPF_SM-A515F_13_0001 audit_filtered
05-10 03:15:35.233  5260  5260 E audit   : type=1300 audit(1683681335.227:98864): arch=c00000b7 syscall=56 success=no exit=-13 a0=ffffff9c a1=72195aa2f8 a2=88000 a3=0 items=0 ppid=5285 pid=26803 auid=4294967295 uid=10222 gid=10222 euid=10222 suid=10222 fsuid=10222 egid=10222 sgid=10222 fsgid=10222 tty=(none) ses=4294967295 comm="binder:26803_3" exe="/system/bin/app_process64" subj=u:r:untrusted_app:s0:c222,c256,c512,c768 key=(null)
05-10 03:15:35.233  5260  5260 E audit   : type=1327 audit(1683681335.227:98864): proctitle="ru.yandex.searchplugin:Metrica"
05-10 03:15:35.382 26803 26999 W libc    : Access denied finding property "sys.perf.boostopt"
05-10 03:15:35.382  5260  5260 E audit   : type=1400 audit(1683681335.379:98865): avc:  denied  { read } for  pid=26803 comm="binder:26803_5" name="u:object_r:perf_prop:s0" dev="tmpfs" ino=21600 scontext=u:r:untrusted_app:s0:c222,c256,c512,c768 tcontext=u:object_r:perf_prop:s0 tclass=file permissive=0 SEPF_SM-A515F_13_0001 audit_filtered
05-10 03:15:35.390 26714 27001 D ProfileInstaller: Skipping profile installation for ru.yandex.searchplugin
05-10 03:15:35.445 26974 26997 I cr_LibraryLoader: Loading yandexbrowser from within /data/app/~~hevM2UTXqGxmTf4cItl6bA==/ru.yandex.searchplugin-BGd8n-p81Aj-FuEiVI40zQ==/base.apk
05-10 03:15:35.446 26974 26997 I cr_Linker: loadLibraryImplLocked: yandexbrowser, relroMode=2
05-10 03:15:35.486 26714 26724 W System  : A resource failed to call end.
05-10 03:15:35.486 26714 26724 W System  : A resource failed to call close.
05-10 03:15:35.493 26714 26896 D ConnectivityManager: StackLog: [android.net.ConnectivityManager.sendRequestForNetwork(ConnectivityManager.java:4191)] [android.net.ConnectivityManager.registerDefaultNetworkCallbackForUid(ConnectivityManager.java:4755)] [android.net.ConnectivityManager.registerDefaultNetworkCallback(ConnectivityManager.java:4722)] [iku.a(Unknown Source:0)] [jku.<init>(SourceFile:15)] [ynz.get(SourceFile:36)] [ffg.get(SourceFile:14)] [ym20.get(SourceFile:3)] [ffg.get(SourceFile:14)] [udm.get(SourceFile:12)] [nv9.get(SourceFile:11)] [xjz.get(SourceFile:11)] [h83.get(SourceFile:11)] [end0.get(SourceFile:19)] [ffg.get(SourceFile:14)] [d83.get(SourceFile:3)] [ffg.get(SourceFile:14)] [bb90.e(SourceFile:32)] [yg9.run(SourceFile:89)]
05-10 03:15:35.495  5679  8513 D ConnectivityService: requestNetwork for uid/pid:10222/26714 activeRequest: null callbackRequest: 18774 [NetworkRequest [ REQUEST id=18775, [ Capabilities: INTERNET&NOT_RESTRICTED&TRUSTED&NOT_VCN_MANAGED Uid: 10222 RequestorUid: 10222 RequestorPkg: ru.yandex.searchplugin UnderlyingNetworks: Null] ]] callback flags: 0 order: 2147483647
05-10 03:15:35.503 26714 26714 I chromium: [INFO:model_executor_impl.cc(188)] Segmentation model result: 1 for segment OPTIMIZATION_TARGET_SEGMENTATION_CHROME_LOW_USER_ENGAGEMENT
05-10 03:15:35.504 26714 26714 I chromium: [INFO:model_executor_impl.cc(188)] Segmentation model result: 1 for segment OPTIMIZATION_TARGET_SEGMENTATION_CHROME_LOW_USER_ENGAGEMENT
05-10 03:15:35.508 26714 26714 I chromium: [INFO:model_executor_impl.cc(188)] Segmentation model result: 1 for segment OPTIMIZATION_TARGET_SEGMENTATION_SEARCH_USER
05-10 03:15:35.508 26714 26714 I chromium: [INFO:model_executor_impl.cc(188)] Segmentation model result: 1 for segment OPTIMIZATION_TARGET_SEGMENTATION_SEARCH_USER
05-10 03:15:35.515  5679  6088 D ConnectivityService:    accepting network in place of null
05-10 03:15:35.516 26714 26714 I chromium: [INFO:model_executor_impl.cc(188)] Segmentation model result: 0 for segment OPTIMIZATION_TARGET_SEGMENTATION_SHOPPING_USER
05-10 03:15:35.517 26714 26714 I chromium: [INFO:model_executor_impl.cc(188)] Segmentation model result: 0 for segment OPTIMIZATION_TARGET_SEGMENTATION_SHOPPING_USER
05-10 03:15:35.529  5679  6066 D WifiNetworkFactory: got request NetworkRequest [ REQUEST id=18775, [ Capabilities: INTERNET&NOT_RESTRICTED&TRUSTED&NOT_VCN_MANAGED Uid: 10222 RequestorUid: 10222 RequestorPkg: ru.yandex.searchplugin UnderlyingNetworks: Null] ]
05-10 03:15:35.530  5679  6066 D UntrustedWifiNetworkFactory: got request NetworkRequest [ REQUEST id=18775, [ Capabilities: INTERNET&NOT_RESTRICTED&TRUSTED&NOT_VCN_MANAGED Uid: 10222 RequestorUid: 10222 RequestorPkg: ru.yandex.searchplugin UnderlyingNetworks: Null] ]
05-10 03:15:35.538  5679  6066 D OemPaidWifiNetworkFactory: got request NetworkRequest [ REQUEST id=18775, [ Capabilities: INTERNET&NOT_RESTRICTED&TRUSTED&NOT_VCN_MANAGED Uid: 10222 RequestorUid: 10222 RequestorPkg: ru.yandex.searchplugin UnderlyingNetworks: Null] ]
05-10 03:15:35.538  5679  6066 D MultiInternetWifiNetworkFactory: got request NetworkRequest [ REQUEST id=18775, [ Capabilities: INTERNET&NOT_RESTRICTED&TRUSTED&NOT_VCN_MANAGED Uid: 10222 RequestorUid: 10222 RequestorPkg: ru.yandex.searchplugin UnderlyingNetworks: Null] ]
05-10 03:15:35.543 26714 26714 I chromium: [INFO:model_executor_impl.cc(188)] Segmentation model result: 1 for segment CROSS_DEVICE_USER_SEGMENT
05-10 03:15:35.544 26714 26714 I chromium: [INFO:model_executor_impl.cc(188)] Segmentation model result: 1 for segment CROSS_DEVICE_USER_SEGMENT
05-10 03:15:35.545  5679  6088 D ConnectivityService: Rematched networks [computed 14ms] [applied 11ms] [issued 21]
05-10 03:15:35.545  5679  6088 D ConnectivityService: NetworkReassignment :
05-10 03:15:35.545  5679  6088 D ConnectivityService:   18775 : null  112
05-10 03:15:35.547 26714 26714 I chromium: [INFO:model_executor_impl.cc(188)] Segmentation model result: 0 for segment RESUME_HEAVY_USER_SEGMENT
05-10 03:15:35.548 26714 26714 I chromium: [INFO:model_executor_impl.cc(188)] Segmentation model result: 0 for segment RESUME_HEAVY_USER_SEGMENT
05-10 03:15:35.581 26714 26714 I chromium: [INFO:model_executor_impl.cc(188)] Segmentation model result: 8 for segment OPTIMIZATION_TARGET_SEGMENTATION_FEED_USER
05-10 03:15:35.590 26714 26714 I chromium: [INFO:model_executor_impl.cc(188)] Segmentation model result: 8 for segment OPTIMIZATION_TARGET_SEGMENTATION_FEED_USER
05-10 03:15:35.631  5679  5694 I system_server: Background young concurrent copying GC freed 293573(18MB) AllocSpace objects, 8(160KB) LOS objects, 12% free, 111MB/128MB, paused 584us,323us total 136.062ms
05-10 03:15:35.632 26909 26956 W libc    : Access denied finding property "sys.perf.boostopt"
05-10 03:15:35.643 26714 27004 D TrafficStats: tagSocket(212) with statsTag=0xffffffff, statsUid=-1
05-10 03:15:35.643  5679  6287 D NetdEventListenerService: DNS Requested by : 112, 10222
05-10 03:15:35.707 26974 26997 I cr_LibraryLoader: Successfully loaded native library
05-10 03:15:35.718 26974 26997 I cr_CachingUmaRecorder: Flushed 13 samples from 13 histograms.
05-10 03:15:35.730  5679  6287 D NetdEventListenerService: DNS Requested by : 112, 10222
05-10 03:15:35.736 26714 26856 D TrafficStats: tagSocket(213) with statsTag=0xffffffff, statsUid=-1
05-10 03:15:35.764 26803 26828 I WallpaperResourcesInfo: parsingJson: [{"isDefault":true,"index":0,"which":1,"screen":0,"type":0,"filename":"default_wallpaper.png","frame_no":-1,"cmf_info":[""]},{"isDefault":true,"index":1,"which":2,"screen":0,"type":8,"filename":"video_black.mp4","frame_no":0,"cmf_info":[""]},{"isDefault":false,"index":2,"which":2,"screen":0,"type":8,"filename":"video_silver.mp4","frame_no":22,"cmf_info":["ms"]},{"isDefault":false,"index":3,"which":1,"screen":0,"type":0,"filename":"default_wallpaper_silver.png","frame_no":-1,"cmf_info":["ms"]},{"isDefault":false,"index":4,"which":1,"screen":0,"type":0,"filename":"essential_built_in_wallpaper_1.png","frame_no":-1,"cmf_info":[""]},{"isDefault":false,"index":5,"which":1,"screen":0,"type":0,"filename":"essential_built_in_wallpaper_2.png","frame_no":-1,"cmf_info":[""]},{"isDefault":false,"index":6,"which":1,"screen":0,"type":0,"filename":"essential_built_in_wallpaper_3.png","frame_no":-1,"cmf_info":[""]},{"isDefault":false,"index":7,"which":1,"screen":0,"type":0,"filename":"essential_built_in_wallpaper_4.png","frame_no":-1,"cmf_info":[""]}]
05-10 03:15:35.773 26909 26926 W plugin:passport: Long monitor contention with owner binder:26909_3 (26953) at gr dr.a()(SourceFile:13) waiters=0 in gr dr.a() for 207ms
05-10 03:15:35.908  5679  5699 D LocationManagerService: passive provider removed registration from 10222/ru.yandex.searchplugin/8FFF9660
05-10 03:15:35.908  5679  5699 D LocationManagerService: passive provider added registration from 10222/ru.yandex.searchplugin/8FFF9660 -> Request[PASSIVE, minUpdateInterval=+1s0ms, WorkSource{10222 ru.yandex.searchplugin}]
05-10 03:15:35.910  7227  7296 E RequestManager_FLP: [LocationManager] Location remove 8FFF9660 from ru.yandex.searchplugin
05-10 03:15:35.910  7227  7296 W LocationRequestData_FLP: Not registered using location provider, 8FFF9660
05-10 03:15:35.912  7227  7296 E RequestManager_FLP: [LocationManager] Location request (NOT STARTED) 8FFF9660(Listener) passive (min=1000ms) from ru.yandex.searchplugin (10222_FINE_perceptible_false_background)
05-10 03:15:35.918 26803 26837 D [GplLibraryWrapper]: updateLastKnownLocation
05-10 03:15:35.960  7227  7296 E RequestManager_FLP: [LocationManager] Location remove 8FFF9660 from ru.yandex.searchplugin
05-10 03:15:35.960  5679  5699 D LocationManagerService: passive provider removed registration from 10222/ru.yandex.searchplugin/8FFF9660
05-10 03:15:35.960  5679  5699 D LocationManagerService: passive provider added registration from 10222/ru.yandex.searchplugin/8FFF9660 -> Request[PASSIVE, minUpdateInterval=+1s0ms, WorkSource{10222 ru.yandex.searchplugin}]
05-10 03:15:35.960  7227  7296 W LocationRequestData_FLP: Not registered using location provider, 8FFF9660
05-10 03:15:35.961 26803 26837 D [GplLibraryWrapper]: updateLastKnownLocation
05-10 03:15:35.962  7227  7296 E RequestManager_FLP: [LocationManager] Location request (NOT STARTED) 8FFF9660(Listener) passive (min=1000ms) from ru.yandex.searchplugin (10222_FINE_perceptible_false_background)
05-10 03:15:35.964 26803 26828 I AppMetrica-Attribution: Choosing distribution data: ClidsInfo(chosen=Candidate(clids={clid24=2305182, clid1=2207450, clid1010=2295103, clid2023=2395783, clid1003=2207452, clid1004=2207453, clid1002=2207451}, source=APP), candidates=[Candidate(clids={clid24=2305182, clid1=2207450, clid1010=2295103, clid2023=2395783, clid1003=2207452, clid1004=2207453, clid1002=2207451}, source=APP)])
05-10 03:15:35.971  5679  8510 D LocationManagerService: passive provider removed registration from 10222/ru.yandex.searchplugin/8FFF9660
05-10 03:15:35.971  5679  8510 D LocationManagerService: passive provider added registration from 10222/ru.yandex.searchplugin/8FFF9660 -> Request[PASSIVE, minUpdateInterval=+1s0ms, WorkSource{10222 ru.yandex.searchplugin}]
05-10 03:15:35.972  7227  7296 E RequestManager_FLP: [LocationManager] Location remove 8FFF9660 from ru.yandex.searchplugin
05-10 03:15:35.972  7227  7296 W LocationRequestData_FLP: Not registered using location provider, 8FFF9660
05-10 03:15:35.975  7227  7296 E RequestManager_FLP: [LocationManager] Location request (NOT STARTED) 8FFF9660(Listener) passive (min=1000ms) from ru.yandex.searchplugin (10222_FINE_perceptible_false_background)
05-10 03:15:35.976 26803 26837 D [GplLibraryWrapper]: updateLastKnownLocation
05-10 03:15:36.038 26714 26963 I chromium: [INFO:video_translation_component_installer.cc(186)] Expecting Video Translation component version: android_stable
05-10 03:15:36.040  5322  5322 E sehhealth-service: Could not open /sys/class/power_supply/battery/lrp
05-10 03:15:36.050 26714 26973 I cr_BindingManager: Visible binding enabled: maxSize=-1
05-10 03:15:36.156 26909 27008 W plugin:passport: Long monitor contention with owner binder:26909_2 (26926) at gr dr.a()(SourceFile:13) waiters=0 in gr dr.a() for 378ms
05-10 03:15:36.272 26803 26828 I AppMetrica-Attribution: Choosing distribution data: ClidsInfo(chosen=Candidate(clids={clid24=2305182, clid1=2207450, clid1010=2295103, clid2023=2395783, clid1003=2207452, clid1004=2207453, clid1002=2207451}, source=APP), candidates=[Candidate(clids={clid24=2305182, clid1=2207450, clid1010=2295103, clid2023=2395783, clid1003=2207452, clid1004=2207453, clid1002=2207451}, source=APP)])
05-10 03:15:36.337 26714 26970 E chromium: [ERROR:component_verifier.cc(100)] Could not read /data/user/0/ru.yandex.searchplugin/app_chromium/video_translation/23.5.3.0/asr_subtitles
05-10 03:15:36.338 26714 26961 E chromium: [ERROR:component_verifier.cc(100)] Could not read /data/user/0/ru.yandex.searchplugin/app_chromium/video_translation/23.5.3.0/video_banner
05-10 03:15:36.339 26714 26970 E chromium: [ERROR:component_verifier.cc(100)] Could not read /data/user/0/ru.yandex.searchplugin/app_chromium/video_translation/23.5.3.0/asr_subtitles
05-10 03:15:36.341 26714 26970 E chromium: [ERROR:component_verifier.cc(100)] Could not read /data/user/0/ru.yandex.searchplugin/app_chromium/video_translation/23.5.3.0/video_banner
05-10 03:15:36.342 26714 26963 E chromium: [ERROR:component_verifier.cc(100)] Could not read /data/user/0/ru.yandex.searchplugin/app_chromium/video_translation/23.5.3.0/asr_subtitles
05-10 03:15:36.348 26714 26968 E chromium: [ERROR:component_verifier.cc(100)] Could not read /data/user/0/ru.yandex.searchplugin/app_chromium/video_translation/23.5.3.0/video_banner
05-10 03:15:36.355 26714 26968 E chromium: [ERROR:component_verifier.cc(100)] Could not read /data/user/0/ru.yandex.searchplugin/app_chromium/video_translation/23.5.3.0/asr_subtitles
05-10 03:15:36.355 26714 26962 E chromium: [ERROR:component_verifier.cc(100)] Could not read /data/user/0/ru.yandex.searchplugin/app_chromium/video_translation/23.5.3.0/video_banner
05-10 03:15:36.453 26803 26828 I AppMetrica-Attribution: Choosing distribution data: ClidsInfo(chosen=Candidate(clids={clid24=2305182, clid1=2207450, clid1010=2295103, clid2023=2395783, clid1003=2207452, clid1004=2207453, clid1002=2207451}, source=APP), candidates=[Candidate(clids={clid24=2305182, clid1=2207450, clid1010=2295103, clid2023=2395783, clid1003=2207452, clid1004=2207453, clid1002=2207451}, source=APP)])
05-10 03:15:36.466  5679  8510 D LocationManagerService: passive provider removed registration from 10222/ru.yandex.searchplugin/8FFF9660
05-10 03:15:36.466  5679  8510 D LocationManagerService: passive provider added registration from 10222/ru.yandex.searchplugin/8FFF9660 -> Request[PASSIVE, minUpdateInterval=+1s0ms, WorkSource{10222 ru.yandex.searchplugin}]
05-10 03:15:36.467  7227  7296 E RequestManager_FLP: [LocationManager] Location remove 8FFF9660 from ru.yandex.searchplugin
05-10 03:15:36.467  7227  7296 W LocationRequestData_FLP: Not registered using location provider, 8FFF9660
05-10 03:15:36.467 26803 26837 D [GplLibraryWrapper]: updateLastKnownLocation
05-10 03:15:36.468  7227  7296 E RequestManager_FLP: [LocationManager] Location request (NOT STARTED) 8FFF9660(Listener) passive (min=1000ms) from ru.yandex.searchplugin (10222_FINE_perceptible_false_background)
05-10 03:15:36.498 26803 26828 I AppMetrica-Attribution: Choosing distribution data: ClidsInfo(chosen=Candidate(clids={clid24=2305182, clid1=2207450, clid1010=2295103, clid2023=2395783, clid1003=2207452, clid1004=2207453, clid1002=2207451}, source=APP), candidates=[Candidate(clids={clid24=2305182, clid1=2207450, clid1010=2295103, clid2023=2395783, clid1003=2207452, clid1004=2207453, clid1002=2207451}, source=APP)])
05-10 03:15:36.502  7227  7296 E RequestManager_FLP: [LocationManager] Location remove 8FFF9660 from ru.yandex.searchplugin
05-10 03:15:36.502  7227  7296 W LocationRequestData_FLP: Not registered using location provider, 8FFF9660
05-10 03:15:36.502  5679  5699 D LocationManagerService: passive provider removed registration from 10222/ru.yandex.searchplugin/8FFF9660
05-10 03:15:36.502  5679  5699 D LocationManagerService: passive provider added registration from 10222/ru.yandex.searchplugin/8FFF9660 -> Request[PASSIVE, minUpdateInterval=+1s0ms, WorkSource{10222 ru.yandex.searchplugin}]
05-10 03:15:36.504 26974 26997 D vulkan  : searching for layers in '/data/app/~~hevM2UTXqGxmTf4cItl6bA==/ru.yandex.searchplugin-BGd8n-p81Aj-FuEiVI40zQ==/lib/arm64'
05-10 03:15:36.506 26803 26837 D [GplLibraryWrapper]: updateLastKnownLocation
05-10 03:15:36.508  7227  7296 E RequestManager_FLP: [LocationManager] Location request (NOT STARTED) 8FFF9660(Listener) passive (min=1000ms) from ru.yandex.searchplugin (10222_FINE_perceptible_false_background)
05-10 03:15:36.510 26974 26997 D vulkan  : searching for layers in '/data/app/~~hevM2UTXqGxmTf4cItl6bA==/ru.yandex.searchplugin-BGd8n-p81Aj-FuEiVI40zQ==/base.apk!/lib/arm64-v8a'
05-10 03:15:36.513 26803 26828 I AppMetrica-Attribution: Choosing distribution data: ClidsInfo(chosen=Candidate(clids={clid24=2305182, clid1=2207450, clid1010=2295103, clid2023=2395783, clid1003=2207452, clid1004=2207453, clid1002=2207451}, source=APP), candidates=[Candidate(clids={clid24=2305182, clid1=2207450, clid1010=2295103, clid2023=2395783, clid1003=2207452, clid1004=2207453, clid1002=2207451}, source=APP)])
05-10 03:15:36.520  5679  5699 D LocationManagerService: passive provider removed registration from 10222/ru.yandex.searchplugin/8FFF9660
05-10 03:15:36.520  5679  5699 D LocationManagerService: passive provider added registration from 10222/ru.yandex.searchplugin/8FFF9660 -> Request[PASSIVE, minUpdateInterval=+1s0ms, WorkSource{10222 ru.yandex.searchplugin}]
05-10 03:15:36.521 26803 26837 D [GplLibraryWrapper]: updateLastKnownLocation
05-10 03:15:36.521  7227  7296 E RequestManager_FLP: [LocationManager] Location remove 8FFF9660 from ru.yandex.searchplugin
05-10 03:15:36.521  7227  7296 W LocationRequestData_FLP: Not registered using location provider, 8FFF9660
05-10 03:15:36.522  7227  7296 E RequestManager_FLP: [LocationManager] Location request (NOT STARTED) 8FFF9660(Listener) passive (min=1000ms) from ru.yandex.searchplugin (10222_FINE_perceptible_false_background)
05-10 03:15:36.530 26803 26828 I AppMetrica-Attribution: Choosing distribution data: ClidsInfo(chosen=Candidate(clids={clid24=2305182, clid1=2207450, clid1010=2295103, clid2023=2395783, clid1003=2207452, clid1004=2207453, clid1002=2207451}, source=APP), candidates=[Candidate(clids={clid24=2305182, clid1=2207450, clid1010=2295103, clid2023=2395783, clid1003=2207452, clid1004=2207453, clid1002=2207451}, source=APP)])
05-10 03:15:36.544 26974 26997 D vulkan  : searching for layers in '/data/app/~~hevM2UTXqGxmTf4cItl6bA==/ru.yandex.searchplugin-BGd8n-p81Aj-FuEiVI40zQ==/split_config.en.apk!/lib/arm64-v8a'
05-10 03:15:36.544 26974 26997 D vulkan  : searching for layers in '/data/app/~~hevM2UTXqGxmTf4cItl6bA==/ru.yandex.searchplugin-BGd8n-p81Aj-FuEiVI40zQ==/split_config.ru.apk!/lib/arm64-v8a'
05-10 03:15:36.546 26974 26997 D vulkan  : searching for layers in '/data/app/~~hevM2UTXqGxmTf4cItl6bA==/ru.yandex.searchplugin-BGd8n-p81Aj-FuEiVI40zQ==/split_config.xxhdpi.apk!/lib/arm64-v8a'
05-10 03:15:36.549  5679  8510 D LocationManagerService: passive provider removed registration from 10222/ru.yandex.searchplugin/8FFF9660
05-10 03:15:36.549  5679  8510 D LocationManagerService: passive provider added registration from 10222/ru.yandex.searchplugin/8FFF9660 -> Request[PASSIVE, minUpdateInterval=+1s0ms, WorkSource{10222 ru.yandex.searchplugin}]
05-10 03:15:36.550  7227  7296 E RequestManager_FLP: [LocationManager] Location remove 8FFF9660 from ru.yandex.searchplugin
05-10 03:15:36.550  7227  7296 W LocationRequestData_FLP: Not registered using location provider, 8FFF9660
05-10 03:15:36.552 26803 26837 D [GplLibraryWrapper]: updateLastKnownLocation
05-10 03:15:36.552  7227  7296 E RequestManager_FLP: [LocationManager] Location request (NOT STARTED) 8FFF9660(Listener) passive (min=1000ms) from ru.yandex.searchplugin (10222_FINE_perceptible_false_background)
05-10 03:15:36.588  5679  8510 D LocationManagerService: passive provider removed registration from 10222/ru.yandex.searchplugin/8FFF9660
05-10 03:15:36.589  5679  8510 D LocationManagerService: passive provider added registration from 10222/ru.yandex.searchplugin/8FFF9660 -> Request[PASSIVE, minUpdateInterval=+1s0ms, WorkSource{10222 ru.yandex.searchplugin}]
05-10 03:15:36.589  7227  7296 E RequestManager_FLP: [LocationManager] Location remove 8FFF9660 from ru.yandex.searchplugin
05-10 03:15:36.590  7227  7296 W LocationRequestData_FLP: Not registered using location provider, 8FFF9660
05-10 03:15:36.590 26803 26837 D [GplLibraryWrapper]: updateLastKnownLocation
05-10 03:15:36.592  7227  7296 E RequestManager_FLP: [LocationManager] Location request (NOT STARTED) 8FFF9660(Listener) passive (min=1000ms) from ru.yandex.searchplugin (10222_FINE_perceptible_false_background)
05-10 03:15:36.600 26803 26828 I AppMetrica-Attribution: Choosing distribution data: ClidsInfo(chosen=Candidate(clids={clid24=2305182, clid1=2207450, clid1010=2295103, clid2023=2395783, clid1003=2207452, clid1004=2207453, clid1002=2207451}, source=APP), candidates=[Candidate(clids={clid24=2305182, clid1=2207450, clid1010=2295103, clid2023=2395783, clid1003=2207452, clid1004=2207453, clid1002=2207451}, source=APP)])
05-10 03:15:36.602  5679  8510 D LocationManagerService: passive provider removed registration from 10222/ru.yandex.searchplugin/8FFF9660
05-10 03:15:36.602  5679  8510 D LocationManagerService: passive provider added registration from 10222/ru.yandex.searchplugin/8FFF9660 -> Request[PASSIVE, minUpdateInterval=+1s0ms, WorkSource{10222 ru.yandex.searchplugin}]
05-10 03:15:36.604 26803 26837 D [GplLibraryWrapper]: updateLastKnownLocation
05-10 03:15:36.605  7227  7296 E RequestManager_FLP: [LocationManager] Location remove 8FFF9660 from ru.yandex.searchplugin
05-10 03:15:36.605  7227  7296 W LocationRequestData_FLP: Not registered using location provider, 8FFF9660
05-10 03:15:36.606  7227  7296 E RequestManager_FLP: [LocationManager] Location request (NOT STARTED) 8FFF9660(Listener) passive (min=1000ms) from ru.yandex.searchplugin (10222_FINE_perceptible_false_background)
05-10 03:15:36.613 26803 27031 I AppMetrica-Attribution: Choosing distribution data: ClidsInfo(chosen=Candidate(clids={clid24=2305182, clid1=2207450, clid1010=2295103, clid2023=2395783, clid1003=2207452, clid1004=2207453, clid1002=2207451}, source=APP), candidates=[Candidate(clids={clid24=2305182, clid1=2207450, clid1010=2295103, clid2023=2395783, clid1003=2207452, clid1004=2207453, clid1002=2207451}, source=APP)])
05-10 03:15:36.629  5679  8510 D LocationManagerService: passive provider removed registration from 10222/ru.yandex.searchplugin/8FFF9660
05-10 03:15:36.629  5679  8510 D LocationManagerService: passive provider added registration from 10222/ru.yandex.searchplugin/8FFF9660 -> Request[PASSIVE, minUpdateInterval=+1s0ms, WorkSource{10222 ru.yandex.searchplugin}]
05-10 03:15:36.632  7227  7296 E RequestManager_FLP: [LocationManager] Location remove 8FFF9660 from ru.yandex.searchplugin
05-10 03:15:36.632  7227  7296 W LocationRequestData_FLP: Not registered using location provider, 8FFF9660
05-10 03:15:36.633  7227  7296 E RequestManager_FLP: [LocationManager] Location request (NOT STARTED) 8FFF9660(Listener) passive (min=1000ms) from ru.yandex.searchplugin (10222_FINE_perceptible_false_background)
05-10 03:15:36.633 26803 26837 D [GplLibraryWrapper]: updateLastKnownLocation
05-10 03:15:36.657 26803 27045 I AppMetrica-Attribution: Choosing distribution data: ClidsInfo(chosen=Candidate(clids={clid24=2305182, clid1=2207450, clid1010=2295103, clid2023=2395783, clid1003=2207452, clid1004=2207453, clid1002=2207451}, source=APP), candidates=[Candidate(clids={clid24=2305182, clid1=2207450, clid1010=2295103, clid2023=2395783, clid1003=2207452, clid1004=2207453, clid1002=2207451}, source=APP)])
05-10 03:15:36.678  5679  5699 D LocationManagerService: passive provider removed registration from 10222/ru.yandex.searchplugin/8FFF9660
05-10 03:15:36.678  7227  7296 E RequestManager_FLP: [LocationManager] Location remove 8FFF9660 from ru.yandex.searchplugin
05-10 03:15:36.678  5679  5699 D LocationManagerService: passive provider added registration from 10222/ru.yandex.searchplugin/8FFF9660 -> Request[PASSIVE, minUpdateInterval=+1s0ms, WorkSource{10222 ru.yandex.searchplugin}]
05-10 03:15:36.678  7227  7296 W LocationRequestData_FLP: Not registered using location provider, 8FFF9660
05-10 03:15:36.683 26803 26837 D [GplLibraryWrapper]: updateLastKnownLocation
05-10 03:15:36.683  7227  7296 E RequestManager_FLP: [LocationManager] Location request (NOT STARTED) 8FFF9660(Listener) passive (min=1000ms) from ru.yandex.searchplugin (10222_FINE_perceptible_false_background)
05-10 03:15:36.697  5679  8510 D LocationManagerService: passive provider removed registration from 10222/ru.yandex.searchplugin/8FFF9660
05-10 03:15:36.697  5679  8510 D LocationManagerService: passive provider added registration from 10222/ru.yandex.searchplugin/8FFF9660 -> Request[PASSIVE, minUpdateInterval=+1s0ms, WorkSource{10222 ru.yandex.searchplugin}]
05-10 03:15:36.698  7227  7296 E RequestManager_FLP: [LocationManager] Location remove 8FFF9660 from ru.yandex.searchplugin
05-10 03:15:36.698  7227  7296 W LocationRequestData_FLP: Not registered using location provider, 8FFF9660
05-10 03:15:36.700 26803 26837 D [GplLibraryWrapper]: updateLastKnownLocation
05-10 03:15:36.700  7227  7296 E RequestManager_FLP: [LocationManager] Location request (NOT STARTED) 8FFF9660(Listener) passive (min=1000ms) from ru.yandex.searchplugin (10222_FINE_perceptible_false_background)
05-10 03:15:36.711 26803 26828 I AppMetrica-Attribution: Choosing distribution data: ClidsInfo(chosen=Candidate(clids={clid24=2305182, clid1=2207450, clid1010=2295103, clid2023=2395783, clid1003=2207452, clid1004=2207453, clid1002=2207451}, source=APP), candidates=[Candidate(clids={clid24=2305182, clid1=2207450, clid1010=2295103, clid2023=2395783, clid1003=2207452, clid1004=2207453, clid1002=2207451}, source=APP)])
05-10 03:15:36.743  5679  8510 D LocationManagerService: passive provider removed registration from 10222/ru.yandex.searchplugin/8FFF9660
05-10 03:15:36.743  5679  8510 D LocationManagerService: passive provider added registration from 10222/ru.yandex.searchplugin/8FFF9660 -> Request[PASSIVE, minUpdateInterval=+1s0ms, WorkSource{10222 ru.yandex.searchplugin}]
05-10 03:15:36.744  7227  7296 E RequestManager_FLP: [LocationManager] Location remove 8FFF9660 from ru.yandex.searchplugin
05-10 03:15:36.744  7227  7296 W LocationRequestData_FLP: Not registered using location provider, 8FFF9660
05-10 03:15:36.748 26803 26837 D [GplLibraryWrapper]: updateLastKnownLocation
05-10 03:15:36.749  7227  7296 E RequestManager_FLP: [LocationManager] Location request (NOT STARTED) 8FFF9660(Listener) passive (min=1000ms) from ru.yandex.searchplugin (10222_FINE_perceptible_false_background)
05-10 03:15:36.845  5679  8513 D LocationManagerService: passive provider removed registration from 10222/ru.yandex.searchplugin/8FFF9660
05-10 03:15:36.845  5679  8513 D LocationManagerService: passive provider added registration from 10222/ru.yandex.searchplugin/8FFF9660 -> Request[PASSIVE, minUpdateInterval=+1s0ms, WorkSource{10222 ru.yandex.searchplugin}]
05-10 03:15:36.846  7227  7296 E RequestManager_FLP: [LocationManager] Location remove 8FFF9660 from ru.yandex.searchplugin
05-10 03:15:36.846  7227  7296 W LocationRequestData_FLP: Not registered using location provider, 8FFF9660
05-10 03:15:36.848 26803 26837 D [GplLibraryWrapper]: updateLastKnownLocation
05-10 03:15:36.849  7227  7296 E RequestManager_FLP: [LocationManager] Location request (NOT STARTED) 8FFF9660(Listener) passive (min=1000ms) from ru.yandex.searchplugin (10222_FINE_perceptible_false_background)
05-10 03:15:36.860  5679  8513 D LocationManagerService: passive provider removed registration from 10222/ru.yandex.searchplugin/8FFF9660
05-10 03:15:36.860  5679  8513 D LocationManagerService: passive provider added registration from 10222/ru.yandex.searchplugin/8FFF9660 -> Request[PASSIVE, minUpdateInterval=+1s0ms, WorkSource{10222 ru.yandex.searchplugin}]
05-10 03:15:36.861  7227  7296 E RequestManager_FLP: [LocationManager] Location remove 8FFF9660 from ru.yandex.searchplugin
