05-10 03:16:59.213  5679  5699 D PackageManager: setEnabledSetting : userId = 0 packageName = com.google.android.googlequicksearchbox cmp = com.google.android.apps.gsa.staticplugins.opa.EnterOpaActivityFromLauncher newState = 2 callingPackage = 10233/com.google.android.googlequicksearchbox
05-10 03:16:59.222  5679  5748 W libprocessgroup: Failed to open /dev/blkio//cgroup.procs: No such file or directory
05-10 03:16:59.224  5679  5699 D PackageManager: setEnabledSetting : userId = 0 packageName = com.google.android.googlequicksearchbox cmp = com.google.android.googlequicksearchbox.VoiceSearchActivity newState = 2 callingPackage = 10233/com.google.android.googlequicksearchbox
05-10 03:16:59.230 28247 28285 I OpaEligibilityChecker: Clock app not installed.
05-10 03:16:59.233 28247 28285 I OpaEligibilityChecker: Clock app not installed.
05-10 03:16:59.237  5679  6467 D PackageManager: setEnabledSetting : userId = 0 packageName = com.google.android.googlequicksearchbox cmp = com.google.android.apps.gsa.staticplugins.opa.widget.impl.OpaWidgetProvider newState = 2 callingPackage = 10233/com.google.android.googlequicksearchbox
05-10 03:16:59.243 28247 28414 I SettingsDataLayer.AE: (REDACTED) Set Assistant Enabled to %s
05-10 03:16:59.244 16258 16258 D BoundBrokerSvc: onBind: Intent { act=com.google.android.gms.checkin.START pkg=com.google.android.gms }
05-10 03:16:59.244 16258 16258 D BoundBrokerSvc: Loading bound service for intent: Intent { act=com.google.android.gms.checkin.START pkg=com.google.android.gms }
05-10 03:16:59.245 28247 28282 W A       : No value provided for the places model index flag.
05-10 03:16:59.279  5679  5748 W libprocessgroup: Failed to open /dev/blkio//cgroup.procs: No such file or directory
05-10 03:16:59.295 28247 28282 W A       : No value provided for the places model index flag.
05-10 03:16:59.313  5679  5748 W libprocessgroup: Failed to open /dev/blkio//cgroup.procs: No such file or directory
05-10 03:16:59.331  5679  5748 W libprocessgroup: Failed to open /dev/blkio//cgroup.procs: No such file or directory
05-10 03:16:59.357 28247 28430 I EventBusThread: (REDACTED) Event Bus thread starting with TID %d
05-10 03:16:59.363 28247 28247 I SearchServiceCore: We were killed and are starting back!
05-10 03:16:59.441 28247 28289 I A       : (REDACTED) Util.isLowRamDevice: %b, canUsePreemptibleAudioSource: %b
05-10 03:16:59.500 28247 28291 I A       : ColdBootHelper constructor
05-10 03:16:59.507  5679  5748 W libprocessgroup: Failed to open /dev/blkio//cgroup.procs: No such file or directory
05-10 03:16:59.543 28247 28288 I BistoSettingsListener: listener created
05-10 03:16:59.566 28247 28430 I A       : getLocaleToModelSpecsMap
05-10 03:16:59.567 28247 28430 I A       : getLocaleToModelSpecsMap
05-10 03:16:59.567 28247 28430 I A       : getLocaleToModelSpecsMap
05-10 03:16:59.582 28247 28430 I A       : getLocaleToModelSpecsMap
05-10 03:16:59.582 28247 28430 I A       : Proto config empty. Exit merge.
05-10 03:16:59.585 28247 28430 I A       : getLocaleToModelSpecsMap
05-10 03:16:59.586 28247 28430 I A       : getLocaleToModelSpecsMap
05-10 03:16:59.599 28247 28430 I A       : getLocaleToModelSpecsMap
05-10 03:16:59.604 28247 28430 I A       : getLocaleToModelSpecsMap
05-10 03:16:59.607 28247 28430 I A       : getLocaleToModelSpecsMap
05-10 03:16:59.610  5679  5748 W libprocessgroup: Failed to open /dev/blkio//cgroup.procs: No such file or directory
05-10 03:16:59.625 28247 28430 I MicroDetectionWorker: (REDACTED) Initializing MicroDataManager InitializeType-%d, isForced-%b, isActivePhoneEnrollment-%b isActiveGoogleHomeEnrollment-%b
05-10 03:16:59.626 28247 28430 I A       : getLocaleToModelSpecsMap
05-10 03:16:59.626 28247 28430 I A       : getLocaleToModelSpecsMap
05-10 03:16:59.627 28247 28430 I A       : getLocaleToModelSpecsMap
05-10 03:16:59.633 28247 28430 I MicroDetectionState: (REDACTED) #takeChangeMicroDetectorMode [mIsBargeInEnabled: %b, mCurrentDetectionMode: %s]
05-10 03:16:59.647 28247 28262 I A       : getLocaleToModelSpecsMap
05-10 03:16:59.647 28247 28262 I A       : getLocaleToModelSpecsMap
05-10 03:16:59.647 28247 28262 I A       : getLocaleToModelSpecsMap
05-10 03:16:59.648 28247 28262 I A       : getLocaleToModelSpecsMap
05-10 03:16:59.649 28247 28262 I A       : Proto config empty. Exit merge.
05-10 03:16:59.650 28247 28262 I A       : getLocaleToModelSpecsMap
05-10 03:16:59.650 28247 28262 I A       : getLocaleToModelSpecsMap
05-10 03:16:59.651 28247 28262 I A       : getLocaleToModelSpecsMap
05-10 03:16:59.652 28247 28430 I MicroDetectionState: (REDACTED) Should stop hotword detection immediately - %b
05-10 03:16:59.652 28247 28262 I A       : getLocaleToModelSpecsMap
05-10 03:16:59.652 28247 28262 I A       : Proto config empty. Exit merge.
05-10 03:16:59.653 28247 28262 I A       : (REDACTED) hasHotwordEverywhere-%b
05-10 03:16:59.654 28247 28262 I A       : getLocaleToModelSpecsMap
05-10 03:16:59.655 28247 28262 I A       : getLocaleToModelSpecsMap
05-10 03:16:59.660 28247 28262 I A       : getLocaleToModelSpecsMap
05-10 03:16:59.664  5260  5260 E audit   : type=1400 audit(1683681419.659:98943): avc:  denied  { read } for  pid=28247 comm="binder:28247_1" name="u:object_r:perf_prop:s0" dev="tmpfs" ino=21600 scontext=u:r:priv_app:s0:c512,c768 tcontext=u:object_r:perf_prop:s0 tclass=file permissive=0 SEPF_SM-A515F_13_0001 audit_filtered
05-10 03:16:59.664  5260  5260 E audit   : type=1300 audit(1683681419.659:98943): arch=c00000b7 syscall=56 success=no exit=-13 a0=ffffff9c a1=721b7a62f8 a2=88000 a3=0 items=0 ppid=5285 pid=28247 auid=4294967295 uid=10233 gid=10233 euid=10233 suid=10233 fsuid=10233 egid=10233 sgid=10233 fsgid=10233 tty=(none) ses=4294967295 comm="binder:28247_1" exe="/system/bin/app_process64" subj=u:r:priv_app:s0:c512,c768 key=(null)
05-10 03:16:59.664  5260  5260 E audit   : type=1327 audit(1683681419.659:98943): proctitle="zygote64"
05-10 03:16:59.664 28247 28259 W libc    : Access denied finding property "sys.perf.boostopt"
05-10 03:16:59.667 28247 28284 I A       : NGA disabled since it's running Panthera and at least one a11y feature is on.
05-10 03:16:59.667 28247 28262 I A       : getLocaleToModelSpecsMap
05-10 03:16:59.667 28247 28262 I A       : Proto config empty. Exit merge.
05-10 03:16:59.668 28247 28284 I A       : (REDACTED) Nga state changed to %s
05-10 03:16:59.668 28247 28262 I A       : getLocaleToModelSpecsMap
05-10 03:16:59.668 28247 28262 I A       : getLocaleToModelSpecsMap
05-10 03:16:59.668 28247 28262 I A       : getLocaleToModelSpecsMap
05-10 03:16:59.669 28247 28284 I A       : NGA disabled since it's running Panthera and at least one a11y feature is on.
05-10 03:16:59.669 28247 28247 I SearchWidgetFlow: (REDACTED) GsaWidgetProvider:onReceive(%s) started
05-10 03:16:59.671  5679  5883 D BluetoothManagerService: mDisableBleCallbacks count 17
05-10 03:16:59.674 28247 28283 I BluetoothAdapter: BluetoothAdapter() : com.google.android.googlequicksearchbox
05-10 03:16:59.690 28247 28430 I SearchWidgetFlow: GsaWidgetSessionController:handleGenericClientEvent
05-10 03:16:59.691 28247 28284 I A       : getLocaleToModelSpecsMap
05-10 03:16:59.691 28247 28284 I A       : Proto config empty. Exit merge.
05-10 03:16:59.693 28247 28284 I MicroDataManager: (REDACTED) Location for model with model type: %s and locale: %s, is : %s
05-10 03:16:59.696 28247 28430 W SearchServiceCore: Abort, client detached.
05-10 03:16:59.696 28247 28430 W SearchServiceCore: Abort, client detached.
05-10 03:16:59.697  5260  5260 E audit   : type=1400 audit(1683681419.695:98944): avc:  denied  { read } for  pid=28247 comm="binder:28247_2" name="u:object_r:perf_prop:s0" dev="tmpfs" ino=21600 scontext=u:r:priv_app:s0:c512,c768 tcontext=u:object_r:perf_prop:s0 tclass=file permissive=0 SEPF_SM-A515F_13_0001 audit_filtered
05-10 03:16:59.697 28247 28260 W libc    : Access denied finding property "sys.perf.boostopt"
05-10 03:16:59.705 28247 28255 I earchbox:search: Background young concurrent copying GC freed 25715(1284KB) AllocSpace objects, 3(56KB) LOS objects, 34% free, 6317KB/9666KB, paused 3.469ms,1.472ms total 436.654ms
05-10 03:16:59.710  6747  9462 D BluetoothAdapterService: getBondedDevices, remove custom devices:
05-10 03:16:59.719 28247 28438 I Search.LoginHelperImpl: (REDACTED) Successfully received auth token for scope: %s in time %d ms
05-10 03:16:59.721 28247 28282 I A       : (REDACTED) Get policy config URI for group: %s
05-10 03:16:59.721 28247 28282 I A       : (REDACTED) Get policy config URI for group: %s
05-10 03:16:59.721 28247 28282 I A       : (REDACTED) Get policy config URI for group: %s
05-10 03:16:59.723 28247 28284 I MicroModelsUtil: (REDACTED) #getHotwordModel [locale: %s, modelType: %s]
05-10 03:16:59.723 28247 28285 I A       : (REDACTED) Setting isLegacySQLite mode to %s.
05-10 03:16:59.725 28247 28442 I Search.LoginHelperImpl: (REDACTED) Successfully received auth token for scope: %s in time %d ms
05-10 03:16:59.745 28247 28282 I A       : (REDACTED) Setting isLegacySQLite mode to %s.
05-10 03:16:59.770 28247 28283 I DeviceDetector: shouldReduceSdpRequests; does not have bistoUuid
05-10 03:16:59.775 28247 28289 D ConnectivityManager: StackLog: [android.net.ConnectivityManager.sendRequestForNetwork(ConnectivityManager.java:4191)] [android.net.ConnectivityManager.registerDefaultNetworkCallbackForUid(ConnectivityManager.java:4755)] [android.net.ConnectivityManager.registerDefaultNetworkCallback(ConnectivityManager.java:4722)] [android.net.ConnectivityManager.registerDefaultNetworkCallback(ConnectivityManager.java:4696)] [com.bumptech.glide.manager.ab.b(PG:4)] [com.bumptech.glide.manager.d.q(PG:1)] [com.bumptech.glide.manager.a.a(PG:1)] [com.bumptech.glide.ac.<init>(PG:15)] [com.google.apps.tiktok.media.c.<init>(PG:1)] [com.bumptech.glide.a.a(PG:1)] [com.bumptech.glide.manager.t.a(PG:20)] [com.google.android.apps.gsa.shared.x.as.<init>(PG:17)] [com.google.android.apps.gsa.shared.x.as.<init>(PG:24)] [com.google.android.apps.gsa.shared.x.an.b(PG:1)] [com.google.android.apps.gsa.search.core.t.a.a(PG:1)] [com.google.android.apps.gsa.binaries.velvet.app.apx.m(Unknown Source:2679)] [com.google.android.apps.gsa.binaries.velvet.app.apx.b(PG:93)] [dagger.a.e.b(PG:1)] [com.google.android.apps.gsa.binaries.velvet.app.pc.f(Unknown Source:5265)] [com.google.android.apps.gsa.binaries.velvet.app.pc.b(PG:44)] [dagger.a.e.b(PG:1)] [com.google.android.apps.gsa.binaries.velvet.app.pd.cn(PG:3)] [com.google.android.apps.gsa.binaries.velvet.app.pc.f(Unknown Source:5421)] [com.google.android.apps.gsa.binaries.velvet.app.pc.b(PG:44)] [com.google.android.apps.gsa.search.core.service.g.a.c.a(PG:2)] [com.google.android.libraries.gsa.k.a.f.a(PG:2)] [com.google.common.util.concurrent.dz.a(PG:1)] [com.google.common.util.concurrent.cw.run(PG:4)] [com.google.common.util.concurrent.eb.run(PG:1)] [com.google.android.libraries.j.x.run(PG:1)] [java.util.concurrent.ThreadPoolExecutor.runWorker(ThreadPoolExecutor.java:1137)] [java.util.concurrent.ThreadPoolExecutor$Worker.run(ThreadPoolExecutor.java:637)] [com.google.android.libraries.j.g.run(PG:2)] [java.lang.Thread.run(Thread.java:1012)] [com.google.android.libraries.j.ag.run(PG:5)]
05-10 03:16:59.780  5679  8514 D ConnectivityService: requestNetwork for uid/pid:10233/28247 activeRequest: null callbackRequest: 18795 [NetworkRequest [ REQUEST id=18796, [ Capabilities: INTERNET&NOT_RESTRICTED&TRUSTED&NOT_VCN_MANAGED Uid: 10233 RequestorUid: 10233 RequestorPkg: com.google.android.googlequicksearchbox UnderlyingNetworks: Null] ]] callback flags: 0 order: 2147483647
05-10 03:16:59.782  5679  6088 D ConnectivityService:    accepting network in place of null
05-10 03:16:59.789 28247 28413 I SettingsDataLayer.AE: Set isHotwordOpaEligible
05-10 03:16:59.796  5679  6066 D WifiNetworkFactory: got request NetworkRequest [ REQUEST id=18796, [ Capabilities: INTERNET&NOT_RESTRICTED&TRUSTED&NOT_VCN_MANAGED Uid: 10233 RequestorUid: 10233 RequestorPkg: com.google.android.googlequicksearchbox UnderlyingNetworks: Null] ]
05-10 03:16:59.796  5679  6066 D UntrustedWifiNetworkFactory: got request NetworkRequest [ REQUEST id=18796, [ Capabilities: INTERNET&NOT_RESTRICTED&TRUSTED&NOT_VCN_MANAGED Uid: 10233 RequestorUid: 10233 RequestorPkg: com.google.android.googlequicksearchbox UnderlyingNetworks: Null] ]
05-10 03:16:59.796 28247 28430 I SearchWidgetFlow: (REDACTED) SearchWidgetWorker:handleIntent(%s) started
05-10 03:16:59.797 28247 28289 I SettingsDataLayer.AE: Set Assistant eligibility status
05-10 03:16:59.797 28247 28247 I SearchWidgetFlow: (REDACTED) SearchWidget:handleIntent(%s)
05-10 03:16:59.804  5679  6066 D OemPaidWifiNetworkFactory: got request NetworkRequest [ REQUEST id=18796, [ Capabilities: INTERNET&NOT_RESTRICTED&TRUSTED&NOT_VCN_MANAGED Uid: 10233 RequestorUid: 10233 RequestorPkg: com.google.android.googlequicksearchbox UnderlyingNetworks: Null] ]
05-10 03:16:59.809 28247 28291 I SearchWidgetFlow: (REDACTED) SearchWidgetWorker:handleIntent(%s) done
05-10 03:16:59.810 28247 28413 I SearchWidgetFlow: (REDACTED) GsaWidgetProvider:onReceive(%s) done
05-10 03:16:59.810 28247 28430 W SearchServiceCore: Abort, client detached.
05-10 03:16:59.812  6747  9462 D BluetoothAdapterService: getBondedDevices, remove custom devices:
05-10 03:16:59.819  5679  6066 D MultiInternetWifiNetworkFactory: got request NetworkRequest [ REQUEST id=18796, [ Capabilities: INTERNET&NOT_RESTRICTED&TRUSTED&NOT_VCN_MANAGED Uid: 10233 RequestorUid: 10233 RequestorPkg: com.google.android.googlequicksearchbox UnderlyingNetworks: Null] ]
05-10 03:16:59.823  5679  6088 D ConnectivityService: Rematched networks [computed 1ms] [applied 7ms] [issued 34]
05-10 03:16:59.823  5679  6088 D ConnectivityService: NetworkReassignment :
05-10 03:16:59.823  5679  6088 D ConnectivityService:   18796 : null  112
05-10 03:16:59.832 10477 10477 I A       : (REDACTED) Created gRPC endpoint for service %s
05-10 03:16:59.834 28247 28283 I BistoDatabaseModule: (REDACTED) bistoDeviceInfoDatabaseLegacy(), ENABLE_TNG_ROOM_DATABASE=%b
05-10 03:16:59.844  6747  9462 D BluetoothAdapterService: getBondedDevices, remove custom devices:
05-10 03:16:59.852 28247 28285 I DeviceDetector: shouldReduceSdpRequests; does not have bistoUuid
05-10 03:16:59.858  6747  9462 D BluetoothAdapterService: getBondedDevices, remove custom devices:
05-10 03:16:59.864 28247 28285 I DeviceDetector: shouldReduceSdpRequests; does not have bistoUuid
05-10 03:16:59.874 10477 10477 I BistoRealService: (REDACTED) onStartCommand: %d %d %s
05-10 03:16:59.877  6747  9462 D BluetoothAdapterService: getBondedDevices, remove custom devices:
05-10 03:16:59.882 10477 10477 I BistoRealService: (REDACTED) onStartCommand: %d %d %s
05-10 03:16:59.884 28247 28283 W DeviceDetector: UUIDs in BluetoothDevice conflict with sharedPref
05-10 03:16:59.893 28247 28283 I DeviceDetector: shouldReduceSdpRequests; does not have bistoUuid
05-10 03:16:59.895 10477 10477 I BistoRealService: Intent handled internally
05-10 03:16:59.896  6747  9462 D BluetoothAdapterService: getBondedDevices, remove custom devices:
05-10 03:16:59.896 10477 10477 I BistoGacsManager: (REDACTED) handleIntent. Action: %s
05-10 03:16:59.898 10477 10477 I BistoWiredManager: (REDACTED) handleIntent. Action: %s
05-10 03:16:59.899 10477 10477 I BistoClassicManager: (REDACTED) handleIntent. Action: %s
05-10 03:16:59.899 10477 10477 I BistoGacsGrpcMgr: handleIntent
05-10 03:16:59.913 10477 10477 I BistoRealService: (REDACTED) onStartCommand: %d %d %s
05-10 03:16:59.917 10477 10477 I BistoGacsManager: (REDACTED) handleIntent. Action: %s
05-10 03:16:59.918 10477 10477 I BistoWiredManager: (REDACTED) handleIntent. Action: %s
05-10 03:16:59.918 10477 10477 I BistoClassicManager: (REDACTED) handleIntent. Action: %s
05-10 03:16:59.918 10477 10477 I BistoGacsGrpcMgr: handleIntent
05-10 03:16:59.923 10477 10557 I BistoGacsManager: Intent not using connection sequencing.
05-10 03:16:59.923 10477 10557 I BistoGacsManager: initializeConnectAttemptWithConfig
05-10 03:16:59.928 28247 28283 I MicroModelsUtil: (REDACTED) #getHotwordModelFromMobstore [mobstoreUri: %s]
05-10 03:16:59.930 28247 28262 I A       : getLocaleToModelSpecsMap
05-10 03:16:59.930 28247 28262 I A       : getLocaleToModelSpecsMap
05-10 03:16:59.930 28247 28262 I A       : getLocaleToModelSpecsMap
05-10 03:16:59.931 28247 28282 W A       : Client file group is null. No policy config file available.
05-10 03:16:59.931 28247 28282 W A       : Client file group is null. No policy config file available.
05-10 03:16:59.931 28247 28282 W A       : Client file group is null. No policy config file available.
05-10 03:16:59.932 28247 28262 I MicroModelsUtil: (REDACTED) #getHotwordModelFromMobstore [mobstoreUri: %s]
05-10 03:16:59.934 28247 28285 W A       : Client file group is null. No policy config file available.
05-10 03:16:59.955 28247 28259 D CompatibilityChangeReporter: Compat change id reported: 150939131; UID 10233; state: ENABLED
05-10 03:16:59.959 28247 28288 I MicroDataManager: (REDACTED) MicroDataManager InitializationTask. googleHotwordData is null: true, hotwordModel is null: %b , sourceLocationOfCurrentHotwordModel %s
05-10 03:16:59.962 28247 28430 I A       : getLocaleToModelSpecsMap
05-10 03:16:59.962 28247 28430 I A       : Proto config empty. Exit merge.
05-10 03:16:59.966 28247 28430 I MicroDetectionState: (REDACTED) #takeChangeMicroDetectorMode [mIsBargeInEnabled: %b, mCurrentDetectionMode: %s]
05-10 03:16:59.966 28247 28430 I MicroDetectionState: (REDACTED) Should stop hotword detection immediately - %b
05-10 03:16:59.968 28247 28430 I A       : getLocaleToModelSpecsMap
05-10 03:16:59.970 28247 28259 V ClearcutMetricXmitter: Transmission is done.
05-10 03:16:59.971 28247 28443 V ClearcutMetricXmitter: Transmission is done.
05-10 03:16:59.972 28247 28430 I A       : getLocaleToModelSpecsMap
05-10 03:16:59.991 10477 10558 I BistoGacsManager: (REDACTED) hasInitialized config: %b. proceed to connect.
05-10 03:16:59.992 10477 10477 I BistoGacsManager: Active status is on hold, not updating actual active status
05-10 03:17:00.000 28247 28282 I FedAssAccDataUpdater: Successfully updated the active account data.
05-10 03:17:00.000 28247 28282 I FedAssExpListener: Updated active account data.
05-10 03:17:00.000 28247 28282 I FedAssExpListener: Successfully initialized Ekho
05-10 03:17:00.000 28247 28262 I tflite  : Initialized TensorFlow Lite runtime.
05-10 03:17:00.005 28247 28262 I HotwordService: (REDACTED) Model ID: %s
05-10 03:17:00.005 28247 28262 I HotwordService: (REDACTED) hotwordModelLocation is null %b, locale is %s, re-mapped Chinese locale %s
05-10 03:17:00.005 28247 28262 I HotwordService: (REDACTED) isOpaEligibleAndUserEnabled: %b
05-10 03:17:00.006 28247 28262 I A       : getLocaleToModelSpecsMap
05-10 03:17:00.006 28247 28262 I A       : getLocaleToModelSpecsMap
05-10 03:17:00.006 28247 28262 I A       : getLocaleToModelSpecsMap
05-10 03:17:00.006 28247 28262 I A       : getLocaleToModelSpecsMap
05-10 03:17:00.006 28247 28262 I A       : Proto config empty. Exit merge.
05-10 03:17:00.007 28247 28262 I A       : getLocaleToModelSpecsMap
05-10 03:17:00.007 28247 28262 I A       : getLocaleToModelSpecsMap
05-10 03:17:00.007 28247 28262 I A       : getLocaleToModelSpecsMap
05-10 03:17:00.007 28247 28262 I A       : getLocaleToModelSpecsMap
05-10 03:17:00.007 28247 28262 I A       : Proto config empty. Exit merge.
05-10 03:17:00.009  6397  6397 D KeyguardUpdateMonitor: received broadcast android.intent.action.TIME_TICK
05-10 03:17:00.013  6397  6397 D KeyguardUpdateMonitor: handleTimeUpdate
05-10 03:17:00.019 28247 28291 I A       : getAccountData
05-10 03:17:00.022  6397  7006 D QSClockBellTower: onReceive(android.intent.action.TIME_TICK) mTimeZoneString:null
05-10 03:17:00.025 28247 28414 I FedoraSettingsServer: updateLastUsedTimestamp()
05-10 03:17:00.035  6397  6397 D FaceWidgetPagesController: onTimeChanged()
05-10 03:17:00.041 28247 28285 I FedAssSettingsBuildTypeHelper: BuildType: Release
05-10 03:17:00.041 28247 28285 I A       : (REDACTED) getFlSettingEnabledWithSettingsToggle: %b
05-10 03:17:00.042 28247 28262 I A       : getLocaleToModelSpecsMap
05-10 03:17:00.042 28247 28262 I A       : getLocaleToModelSpecsMap
05-10 03:17:00.042 28247 28262 I A       : getLocaleToModelSpecsMap
05-10 03:17:00.042 28247 28262 I A       : getLocaleToModelSpecsMap
05-10 03:17:00.042 28247 28262 I A       : Proto config empty. Exit merge.
05-10 03:17:00.048 10477 10556 I MicroModelsUtil: (REDACTED) #getHotwordModelFromMobstore [mobstoreUri: %s]
05-10 03:17:00.050 10477 10556 I GsaVoiceInteractionSrv: (REDACTED) hotwordModel is null :  %b
05-10 03:17:00.050 10477 10556 I BistoHotwordHelper: (REDACTED) getHotwordActive::active query: %s, watch: %s, devices connected: %s
05-10 03:17:00.052 10477 10556 I HwDetectorWithState: (REDACTED) a: %d
05-10 03:17:00.052 10477 10556 I GsaVoiceInteractionSrv: #checkDspStatus
05-10 03:17:00.055 10477 10556 I BistoHotwordHelper: (REDACTED) setting speaker id present: %b
05-10 03:17:00.055 10477 10556 I BistoHotwordHelper: (REDACTED) setting speaker ID model presence: %b
05-10 03:17:00.055 10477 10556 I BistoHotwordHelper: (REDACTED) setting hotword model of size: %d bytes
05-10 03:17:00.055 10477 10556 I BistoHotwordHelper: (REDACTED) setting modeltype: %s
05-10 03:17:00.055 10477 10556 I BistoHotwordHelper: (REDACTED) setHotwordVoiceLocale: prev: %s, new: %s
05-10 03:17:00.055 10477 10556 I BistoHotwordHelper: (REDACTED) setting VM enrollment allowed: %b
05-10 03:17:00.055 10477 10556 I BistoHotwordHelper: (REDACTED) setSodaUsed: prev: %b, new: %b
05-10 03:17:00.056 28247 28283 I FedAssExpListener: Successfully processed experiments changed.
05-10 03:17:00.058 28247 28430 W SessionLifecycleManager: (REDACTED) Client : %s has no associated SessionController
05-10 03:17:00.059  6397  6397 D QSClockBellTower: He is ready to ring the bell. (((QSClockBellSound - TimeText:03:17, TimeContentDescription:03:17, DateText:Wed, 10 May, ShortDateText:Wed, 10 May, Demo:false, QuickStar-Second(false|12:34:56))))
05-10 03:17:00.062  6397  6397 D QSClockIndicatorView: Home Indicator status_bar_clock 03:17 notifyTimeChanged(QSClockBellSound - TimeText:03:17, TimeContentDescription:03:17, DateText:Wed, 10 May, ShortDateText:Wed, 10 May, Demo:false, QuickStar-Second(false|12:34:56)) ClockVisibleByPolicy:true, ClockVisibleByUser:true, visible?false, parent:android.widget.LinearLayout{ebb6f9 V.E...... ......I. 0,0-0,55 #7f0b04f0 app:id/left_clock_container}
05-10 03:17:00.062  6397  6397 D QSClockBellTower: Everyone heard the bell. run(currentTime:1683681420057,   getTime():Wed May 10 03:17:00 GMT+02:00 2023,   getTimeZone():libcore.util.ZoneInfo[mDstSavings=3600000,mUseDst=true,mDelegate=[id="Europe/Belgrade",mRawOffset=3600000,mEarliestRawOffset=4920000,transitions=119]])
05-10 03:17:00.074 16258 16258 D BoundBrokerSvc: onUnbind: Intent { act=com.google.android.gms.measurement.START pkg=com.google.android.gms }
05-10 03:17:00.102  6397  6397 I FaceWidgetPositionAlgorithm: getClockContainerHeight() supplier = 270, bottom margin = 0, real height = 333
05-10 03:17:00.109  6397  6397 I FaceWidgetPositionAlgorithm: getClockContainerHeight() supplier = 270, bottom margin = 63, real height = 333
05-10 03:17:00.109  6397  6397 I FaceWidgetPositionAlgorithm: getMediaContainerHeight() height = 0 container Visibility = 8, isValid = false, mIsDozing = false, fraction = 1.0, source = 0, target = 0
05-10 03:17:00.110  6397  6397 I FaceWidgetPositionAlgorithm: getMediaContainerHeight() supplier = 0
05-10 03:17:00.113  6397  6397 V QsExpandAnimator: setQsExpansionPosition 0.0
05-10 03:17:00.120  6397  6397 V QsExpandAnimator: updateAnimators
05-10 03:17:00.120  6397  6397 V QsExpandAnimator: clearAnimationState
05-10 03:17:00.121  6397  6397 V QsExpandAnimator: updateViews
05-10 03:17:00.123  6397  6397 V QsExpandAnimator: updateTileAnimator
05-10 03:17:00.125  6397  6397 V QsExpandAnimator: updateHeaderAnimator
05-10 03:17:00.126  6397  6397 V QsExpandAnimator: updateBarAnimator
05-10 03:17:00.126  6397  6397 V QsExpandAnimator: setQsExpansionPosition 0.0
05-10 03:17:00.126  6397  6397 V QsExpandAnimator: onAnimationAtStart
05-10 03:17:01.351  5679  5694 I system_server: Background concurrent copying GC freed 366901(24MB) AllocSpace objects, 30(1284KB) LOS objects, 19% free, 102MB/126MB, paused 331us,262us total 562.323ms
05-10 03:17:01.442  5679  5696 W System  : A resource failed to call HardwareBuffer.close.
05-10 03:17:01.652  5679  7439 D SemWifiUsabilityStatsMonitor: onWifiUsabilityStats - seqNum 11571, isSameBssidAndFreq true
05-10 03:17:01.655  5679  6237 I SemWifiLinkQualityMonitor: Link Qos Query: 0.021 ms / 384.889 Mbps (433 / 0.000 / 1.125)
05-10 03:17:03.311 30196 30196 D BoundBrokerSvc: onUnbind: Intent { act=com.google.android.gms.presencemanager.service.START dat=chimera-action:/... cmp=com.google.android.gms/.chimera.PersistentApiService }
05-10 03:17:03.332 30196 30196 D BoundBrokerSvc: onUnbind: Intent { act=com.google.android.gms.presencemanager.service.INTERNAL_IDENTITY dat=chimera-action:/... cmp=com.google.android.gms/.chimera.PersistentApiService }
05-10 03:17:04.673  5679  7439 D SemWifiUsabilityStatsMonitor: onWifiUsabilityStats - seqNum 11572, isSameBssidAndFreq true
05-10 03:17:04.677  5679  6237 I SemWifiLinkQualityMonitor: Link Qos Query: 0.026 ms / 309.286 Mbps (433 / 0.000 / 1.400)
05-10 03:17:04.714  6747  9462 D BluetoothAdapterService: getBondedDevices, remove custom devices:
05-10 03:17:04.723 28247 28428 I DeviceDetector: shouldReduceSdpRequests; does not have bistoUuid
05-10 03:17:05.583 16258 28461 I GmscoreIpa: Starting mediastore instant index [CONTEXT service_id=255 ]
05-10 03:17:06.062 26803 26836 D TrafficStats: tagSocket(120) with statsTag=0xffffffff, statsUid=-1
05-10 03:17:06.063  5679  6287 D NetdEventListenerService: DNS Requested by : 112, 10222
05-10 03:17:06.203  5322  5322 E sehhealth-service: Could not open /sys/class/power_supply/battery/lrp
05-10 03:17:07.727  5679  7439 D SemWifiUsabilityStatsMonitor: onWifiUsabilityStats - seqNum 11573, isSameBssidAndFreq true
05-10 03:17:07.732  5679  6237 I SemWifiLinkQualityMonitor: Link Qos Query: 0.023 ms / 354.273 Mbps (433 / 0.000 / 1.222)
05-10 03:17:07.846 26803 26882 I AppMetrica-Attribution: Choosing distribution data: ClidsInfo(chosen=Candidate(clids={clid24=2305182, clid1=2207450, clid1010=2295103, clid2023=2395783, clid1003=2207452, clid1004=2207453, clid1002=2207451}, source=APP), candidates=[Candidate(clids={clid24=2305182, clid1=2207450, clid1010=2295103, clid2023=2395783, clid1003=2207452, clid1004=2207453, clid1002=2207451}, source=APP)])
05-10 03:17:08.829 16258 16258 D BoundBrokerSvc: onUnbind: Intent { act=com.google.android.mobstore.service.START pkg=com.google.android.gms }
05-10 03:17:08.844 16258 16258 D BoundBrokerSvc: onUnbind: Intent { act=com.google.android.gms.gservices.START pkg=com.google.android.gms }
05-10 03:17:09.130  5285  5285 D Zygote  : Forked child process 28478
05-10 03:17:09.191 28478 28478 I oid.samsungpass: Using CollectorTypeCC GC.
05-10 03:17:09.200 28478 28478 E oid.samsungpass: Not starting debugger since process cannot load the jdwp agent.
05-10 03:17:09.209 28478 28478 W libc    : Access denied finding property "sys.perf.boostopt"
05-10 03:17:09.209  5260  5260 E audit   : type=1400 audit(1683681429.207:98945): avc:  denied  { read } for  pid=28478 comm="oid.samsungpass" name="u:object_r:perf_prop:s0" dev="tmpfs" ino=21600 scontext=u:r:platform_app:s0:c512,c768 tcontext=u:object_r:perf_prop:s0 tclass=file permissive=0 SEPF_SM-A515F_13_0001 audit_filtered
05-10 03:17:09.209  5260  5260 E audit   : type=1300 audit(1683681429.207:98945): arch=c00000b7 syscall=56 success=no exit=-13 a0=ffffff9c a1=7ff5a657e8 a2=88000 a3=0 items=0 ppid=5285 pid=28478 auid=4294967295 uid=10111 gid=10111 euid=10111 suid=10111 fsuid=10111 egid=10111 sgid=10111 fsgid=10111 tty=(none) ses=4294967295 comm="oid.samsungpass" exe="/system/bin/app_process64" subj=u:r:platform_app:s0:c512,c768 key=(null)
05-10 03:17:09.210  5260  5260 E audit   : type=1327 audit(1683681429.207:98945): proctitle="zygote64"
05-10 03:17:09.211 28478 28478 D ActivityThread: setConscryptValidator
05-10 03:17:09.211 28478 28478 D ActivityThread: setConscryptValidator - put
05-10 03:17:09.217  5260  5260 E audit   : type=1400 audit(1683681429.215:98946): avc:  denied  { read } for  pid=28478 comm="binder:28478_1" name="u:object_r:perf_prop:s0" dev="tmpfs" ino=21600 scontext=u:r:platform_app:s0:c512,c768 tcontext=u:object_r:perf_prop:s0 tclass=file permissive=0 SEPF_SM-A515F_13_0001 audit_filtered
05-10 03:17:09.218 28478 28495 W libc    : Access denied finding property "sys.perf.boostopt"
05-10 03:17:09.233 28478 28495 W libc    : Access denied finding property "sys.perf.boostopt"
05-10 03:17:09.234 28478 28478 D CompatibilityChangeReporter: Compat change id reported: 171979766; UID 10111; state: ENABLED
05-10 03:17:09.398 28478 28478 I FirebaseApp: Device unlocked: initializing all Firebase APIs for app [DEFAULT]
05-10 03:17:09.418 28478 28478 I FirebaseInitProvider: FirebaseApp initialization successful
05-10 03:17:09.449 28478 28478 I CrashlyticsInitProvider: CrashlyticsInitProvider skipping initialization
05-10 03:17:09.477 28478 28478 I [PASS][SPASS]SamsungPassSettingsProvider: onCreateData
05-10 03:17:09.477 28478 28478 I [PASS][SPASS]SamsungPassSettingsProvider: checkCondition - Build.Version:33, UserId:0, UserIsGuest:false
05-10 03:17:09.478 28478 28478 I [PASS][SPASS]EasySigninProvider: onCreate
05-10 03:17:09.487 28478 28478 I [PASS][CMN]WalletDeeplinkTokenProvider: onCreate
05-10 03:17:09.493 28478 28478 I [PASS][SPASS]SettingDBProvider: onCreate
05-10 03:17:09.494 28478 28478 I [PASS][SPASS]WalletSettingsProvider: onCreate
05-10 03:17:09.501 28478 28478 I [PASS][SPASS]SPassApplication: onCreate
05-10 03:17:09.504 28478 28478 I [PASS][SPASS]FrameworkUtils: isInitialized : true
05-10 03:17:09.504 28478 28478 I [PASS][SPASS]FrameworkHelper: initialize - already initialized
05-10 03:17:09.510 28478 28478 I [PASS][SPASS]SPassApplication: checkDeviceId true
05-10 03:17:09.511 28478 28478 I [PASS][SPASS]FrameworkUtils: isInitialized : true
05-10 03:17:09.511 28478 28478 I [PASS][SPASS]PassFramework: ISU
05-10 03:17:09.525  4622  4622 W keymaster_tee: [WRN]begin req PARAMS: A32 B2 P64
05-10 03:17:09.537 28478 28478 W [PASS][PASS]PermissionHelper: usrId is invalid : -1
05-10 03:17:09.538 28478 28478 I [PASS][SPASS]FrameworkUtils: isSignedUp - false
05-10 03:17:09.547 28478 28478 I [PASS][CMN]WalletUtil: getWalletMigrated : false
05-10 03:17:09.550 28478 28478 I [PASS][SPASS]IconUtils:  checkVersionAddIcon : criticalUpdateVersion : true firstCheck : false appIconExist : false  walletMigrated : false
05-10 03:17:09.550 28478 28478 I [PASS][SPASS]FrameworkUtils: isInitialized : true
05-10 03:17:09.550 28478 28478 I [PASS][SPASS]PassFramework: ISU
05-10 03:17:09.550 28478 28478 W [PASS][PASS]PermissionHelper: usrId is invalid : -1
05-10 03:17:09.550 28478 28478 I [PASS][SPASS]FrameworkUtils: isSignedUp - false
05-10 03:17:09.553 28478 28478 I [PASS][CMN]WalletUtil: getWalletMigrated : false
05-10 03:17:09.554 28478 28478 I [PASS][SPASS]IconUtils: setComponentEnabledSetting : false, walletMigrated : false
05-10 03:17:09.555  5679  6473 D PackageManager: setEnabledSetting : userId = 0 packageName = com.samsung.android.samsungpass cmp = com.samsung.android.samsungpass.launcher.EntryLauncher newState = 2 callingPackage = 10111/com.samsung.android.samsungpass
05-10 03:17:09.558  5679  6473 D PackageManager: setEnabledSetting : userId = 0 packageName = com.samsung.android.samsungpass cmp = com.samsung.android.samsungpass.ui.activity.EntryLauncher newState = 2 callingPackage = 10111/com.samsung.android.samsungpass
05-10 03:17:09.561  5679  6473 D PackageManager: setEnabledSetting : userId = 0 packageName = com.samsung.android.samsungpass cmp = com.samsung.android.samsungpass.launcher.EntryLauncherJPN newState = 2 callingPackage = 10111/com.samsung.android.samsungpass
05-10 03:17:09.565  5679  6473 D PackageManager: setEnabledSetting : userId = 0 packageName = com.samsung.android.samsungpass cmp = com.samsung.android.samsungpass.launcher.SearchableActivity newState = 1 callingPackage = 10111/com.samsung.android.samsungpass
05-10 03:17:09.567  5679  6473 D ApplicationPolicy: getApplicationStateEnabled : pkg = com.samsung.android.samsungpass userId : 0
05-10 03:17:09.569  5679  6473 D ApplicationPolicy: getApplicationComponentState : pkg = com.samsung.android.samsungpass userId : 0
05-10 03:17:09.577 28478 28478 I MockDeskModeManager:  isDeskMode : false
05-10 03:17:09.577 28478 28478 I MockDeskModeManager: Adding Desktop State change Listeners
05-10 03:17:09.625 28478 28478 W [PASS][PASS]PermissionHelper: usrId is invalid : -1
05-10 03:17:09.632 28478 28478 I [AUTHFW][PSDK]PassOperation: initialize
05-10 03:17:09.633 28478 28478 I [AUTHFW][PSDK]PassServiceConnection: bindService
05-10 03:17:09.634 28478 28535 I [PASS][CMN]WalletUtil: getWalletMigrated : false
05-10 03:17:09.635 28478 28535 I [PASS][CMN]SamsungAnalyticsLog: initializeSamsungAnalytics
05-10 03:17:09.635 28478 28535 I [PASS][CMN]WalletUtil: getWalletMigrated : false
05-10 03:17:09.641 28478 28535 I DIAGMON_SDK[605056]: DiagMonAgent type: 2
05-10 03:17:09.642 28478 28535 I DIAGMON_SDK[605056][p595fm8rxk] : generated SR object
05-10 03:17:09.645 27789 27789 I SCS@AiSearch user 0: (SearchProvider) onTrimMemory(): 60
05-10 03:17:09.650 28478 28535 I [PASS][SPASS]SPassApplication: AndroidThreeTen initialized
05-10 03:17:09.656 27588 27588 I [AUTHFW][PASS]PassService: personaId : 0
05-10 03:17:09.657  4388  5700 I servicemanager: Adding 'u:r:platform_app:s0:c512,c768' service (com.samsung.android.pass.IPassService:27588)
05-10 03:17:09.657  4388  5700 I BpBinder: onLastStrongRef automatically unlinking death recipients: <uncached descriptor>
05-10 03:17:09.658 27588 27588 I [AUTHFW][PASS]PassService: onBind:PassOperation
05-10 03:17:09.659 28478 28478 I [PASS][SPASS]FrameworkUtils: isInitialized : true
05-10 03:17:09.659 28478 28478 I [PASS][SPASS]PassFramework: ISU
05-10 03:17:09.659 28478 28478 W [PASS][PASS]PermissionHelper: usrId is invalid : -1
05-10 03:17:09.659 28478 28478 I [PASS][SPASS]FrameworkUtils: isSignedUp - false
05-10 03:17:09.670 28478 28478 W [PASS][CMN]PackageUtil: Can not find package [com.samsung.android.spaymini]
05-10 03:17:09.683 28478 28478 I [PASS][PASS]PassService: onBind:SamsungPassService
05-10 03:17:09.687 27588 27588 I [PASS][SDK]h: onServiceConnected
05-10 03:17:09.687 27588 27588 I [AUTHFW][PASS]AuthFwApp: Samsung Pass Service is connected
05-10 03:17:09.694 27588 27588 I [AUTHFW][PASS]AuthFwApp: otlv40
05-10 03:17:09.701 28478 28478 I [PASS][CMN]DrawableCache: clearData LruCache[maxSize=32768,hits=0,misses=0,hitRate=0%]
05-10 03:17:09.702 28478 28478 I [AUTHFW][PSDK]PassServiceConnection: onServiceConnected
05-10 03:17:09.702 28478 28478 I [PASS][SPASS]SPassApplication: pass connected
05-10 03:17:09.703 28478 28478 I [PASS][CMN]DrawableCache: clearData LruCache[maxSize=32768,hits=0,misses=0,hitRate=0%]
05-10 03:17:10.551  5345  5345 I SurfaceFlinger: SFWD update time=153615946876010
05-10 03:17:10.749  5679  7439 D SemWifiUsabilityStatsMonitor: onWifiUsabilityStats - seqNum 11574, isSameBssidAndFreq true
05-10 03:17:10.753  5679  6237 I SemWifiLinkQualityMonitor: Link Qos Query: 0.025 ms / 324.750 Mbps (433 / 0.000 / 1.333)
05-10 03:17:13.316 30196 30196 D BoundBrokerSvc: onUnbind: Intent { act=com.google.android.gms.facs.cache.service.START pkg=com.google.android.gms }
05-10 03:17:13.519 16258 16258 D BoundBrokerSvc: onUnbind: Intent { act=com.google.android.gms.facs.internal.service.START dat=chimera-action:/... cmp=com.google.android.gms/.chimera.GmsInternalApiService }
05-10 03:17:13.542 30196 30196 D BoundBrokerSvc: onUnbind: Intent { act=com.google.android.gms.scheduler.ACTION_PROXY_SCHEDULE dat=chimera-action:/... cmp=com.google.android.gms/.chimera.PersistentApiService }
05-10 03:17:13.783  5679  7439 D SemWifiUsabilityStatsMonitor: onWifiUsabilityStats - seqNum 11575, isSameBssidAndFreq true
05-10 03:17:13.788  5679  6237 I SemWifiLinkQualityMonitor: Link Qos Query: 0.037 ms / 216.500 Mbps (433 / 0.000 / 2.000)
05-10 03:17:14.277 16258 16258 D BoundBrokerSvc: onUnbind: Intent { act=com.google.android.gms.checkin.START pkg=com.google.android.gms }
05-10 03:17:14.282  5260  5260 E audit   : type=1400 audit(1683681434.275:98948): avc:  denied  { getattr } for  pid=5679 comm="BinderProcsColl" path="/sys/kernel/debug/binder/proc/5679" dev="debugfs" ino=30009 scontext=u:r:system_server:s0 tcontext=u:object_r:sec_debugfs:s0 tclass=file permissive=0 SEPF_SM-A515F_13_0001 audit_filtered
05-10 03:17:14.283  5260  5260 E audit   : type=1300 audit(1683681434.275:98948): arch=c00000b7 syscall=79 success=no exit=-13 a0=ffffff9c a1=71afd1f0f0 a2=715e9d6680 a3=0 items=0 ppid=5285 pid=5679 auid=4294967295 uid=1000 gid=1000 euid=1000 suid=1000 fsuid=1000 egid=1000 sgid=1000 fsgid=1000 tty=(none) ses=4294967295 comm="BinderProcsColl" exe="/system/bin/app_process64" subj=u:r:system_server:s0 key=(null)
05-10 03:17:14.283  5260  5260 E audit   : type=1327 audit(1683681434.275:98948): proctitle="system_server"
05-10 03:17:14.883 30196 30196 D BoundBrokerSvc: onUnbind: Intent { act=com.google.android.gms.phenotype.service.START pkg=com.google.android.gms }
05-10 03:17:16.800  5679  7439 D SemWifiUsabilityStatsMonitor: onWifiUsabilityStats - seqNum 11576, isSameBssidAndFreq true
05-10 03:17:16.803  5679  6287 D NetdEventListenerService: DNS Requested by : 112, 10405
05-10 03:17:16.804 27839 27980 D TrafficStats: tagSocket(115) with statsTag=0xffffffff, statsUid=-1
05-10 03:17:16.805  5679  6237 I SemWifiLinkQualityMonitor: Link Qos Query: 0.018 ms / 433.000 Mbps (433 / 0.000 / 1.000)
05-10 03:17:18.243  5679  5699 D PackageManager: setEnabledSetting : userId = 0 packageName = com.Slack cmp = androidx.work.impl.background.systemalarm.RescheduleReceiver newState = 1 callingPackage = 10329/com.Slack
05-10 03:17:18.246  5679  5699 D ApplicationPolicy: getApplicationStateEnabled : pkg = com.Slack userId : 0
05-10 03:17:18.248  5679  5699 D ApplicationPolicy: getApplicationComponentState : pkg = com.Slack userId : 0
05-10 03:17:18.277 22703 22766 D ConnectivityManager: StackLog: [android.net.ConnectivityManager.sendRequestForNetwork(ConnectivityManager.java:4191)] [android.net.ConnectivityManager.registerDefaultNetworkCallbackForUid(ConnectivityManager.java:4755)] [android.net.ConnectivityManager.registerDefaultNetworkCallback(ConnectivityManager.java:4722)] [android.net.ConnectivityManager.registerDefaultNetworkCallback(ConnectivityManager.java:4696)] [androidx.work.impl.utils.NetworkApi24.registerDefaultNetworkCallbackCompat(Unknown Source:10)] [androidx.work.impl.constraints.trackers.NetworkStateTracker24.startTracking(Unknown Source:15)] [androidx.work.impl.constraints.controllers.ConstraintController.replace(Unknown Source:130)] [androidx.work.impl.constraints.WorkConstraintsTrackerImpl.replace(Unknown Source:41)] [androidx.work.impl.background.greedy.GreedyScheduler.schedule(Unknown Source:302)] [androidx.work.impl.Schedulers.schedule(Unknown Source:149)] [androidx.work.impl.utils.EnqueueRunnable.run(Unknown Source:53)] [androidx.work.Worker$2.run$androidx$work$impl$utils$SerialExecutorImpl$Task(Unknown Source:4)] [androidx.work.Worker$2.run(Unknown Source:868)] [java.util.concurrent.ThreadPoolExecutor.runWorker(ThreadPoolExecutor.java:1137)] [java.util.concurrent.ThreadPoolExecutor$Worker.run(ThreadPoolExecutor.java:637)] [java.lang.Thread.run(Thread.java:1012)]
05-10 03:17:18.282  5679  5699 D ConnectivityService: requestNetwork for uid/pid:10329/22703 activeRequest: null callbackRequest: 18797 [NetworkRequest [ REQUEST id=18798, [ Capabilities: INTERNET&NOT_RESTRICTED&TRUSTED&NOT_VCN_MANAGED Uid: 10329 RequestorUid: 10329 RequestorPkg: com.Slack UnderlyingNetworks: Null] ]] callback flags: 0 order: 2147483647
05-10 03:17:18.285  5679  6088 D ConnectivityService:    accepting network in place of null
05-10 03:17:18.295  5679  6066 D WifiNetworkFactory: got request NetworkRequest [ REQUEST id=18798, [ Capabilities: INTERNET&NOT_RESTRICTED&TRUSTED&NOT_VCN_MANAGED Uid: 10329 RequestorUid: 10329 RequestorPkg: com.Slack UnderlyingNetworks: Null] ]
05-10 03:17:18.304 22703 22703 D ConnectivityManager: StackLog: [android.net.ConnectivityManager.unregisterNetworkCallback(ConnectivityManager.java:4863)] [androidx.work.impl.utils.NetworkApi21.unregisterNetworkCallbackCompat(Unknown Source:10)] [androidx.work.impl.constraints.trackers.NetworkStateTracker24.stopTracking(Unknown Source:15)] [androidx.work.impl.constraints.trackers.ConstraintTracker.removeListener(Unknown Source:24)] [androidx.work.impl.constraints.controllers.ConstraintController.replace(Unknown Source:81)] [androidx.work.impl.constraints.WorkConstraintsTrackerImpl.replace(Unknown Source:41)] [androidx.work.impl.background.greedy.GreedyScheduler.onExecuted(Unknown Source:55)] [androidx.work.impl.Processor.onExecuted(Unknown Source:59)] [com.bugsnag.android.DeliveryDelegate$1.run(Unknown Source:212)]
05-10 03:17:18.312  5679  6066 D UntrustedWifiNetworkFactory: got request NetworkRequest [ REQUEST id=18798, [ Capabilities: INTERNET&NOT_RESTRICTED&TRUSTED&NOT_VCN_MANAGED Uid: 10329 RequestorUid: 10329 RequestorPkg: com.Slack UnderlyingNetworks: Null] ]
05-10 03:17:18.315  5679  6066 D OemPaidWifiNetworkFactory: got request NetworkRequest [ REQUEST id=18798, [ Capabilities: INTERNET&NOT_RESTRICTED&TRUSTED&NOT_VCN_MANAGED Uid: 10329 RequestorUid: 10329 RequestorPkg: com.Slack UnderlyingNetworks: Null] ]
05-10 03:17:18.318  5679  6066 D MultiInternetWifiNetworkFactory: got request NetworkRequest [ REQUEST id=18798, [ Capabilities: INTERNET&NOT_RESTRICTED&TRUSTED&NOT_VCN_MANAGED Uid: 10329 RequestorUid: 10329 RequestorPkg: com.Slack UnderlyingNetworks: Null] ]
05-10 03:17:18.326  5679  6088 D ConnectivityService: Rematched networks [computed 1ms] [applied 5ms] [issued 36]
05-10 03:17:18.326  5679  6088 D ConnectivityService: NetworkReassignment :
05-10 03:17:18.326  5679  6088 D ConnectivityService:   18798 : null  112
05-10 03:17:18.328  5679  6088 D ConnectivityService:  Removing from current network [112 WIFI], leaving 153 requests.
05-10 03:17:19.835  5679  7439 D SemWifiUsabilityStatsMonitor: onWifiUsabilityStats - seqNum 11577, isSameBssidAndFreq true
05-10 03:17:19.838  5679  6237 I SemWifiLinkQualityMonitor: Link Qos Query: 0.020 ms / 391.762 Mbps (433 / 0.000 / 1.105)
05-10 03:17:20.002 28247 28430 I WorkerManager: dispose()
05-10 03:17:20.807  4387  4387 I lmkd    : 1(delay), 0(swap), 0(freelimit), 0(reentrymode) memory pressure events were skipped after a kill!
05-10 03:17:20.812  5679  6193 I ChimeraAggressivePolicyHandler: executePolicy() - triggerSource: TRIGGER_SOURCE_LMKD
05-10 03:17:20.814  5679  6193 I ChimeraAggressivePolicyHandler: memAvailable: 826796, memFreeTarget: 870400, releaseTarget:43604, protectedLruCount: 10
05-10 03:17:20.837  5679  6193 I NSLocationMonitor: getGPSUsingApps() called
05-10 03:17:20.862  7227 11862 I NSLocationManager_FLP: getGPSUsingApps, NO_FREEZE={5013} / FREEZE={10234}
05-10 03:17:20.882  5679  6193 I ChimeraAggressivePolicyHandler: Start doKill, protected policy: NORMAL
05-10 03:17:20.882  5679  6193 I ChimeraAggressivePolicyHandler: Killed on trigger0 : com.Slack[22703], freed: 36911, 10329[22703]:G1(0x1) score=32.8(22 10/10 36911), pids: 22703 / stats: 19 / adjs: 935
05-10 03:17:20.885  5679  6193 I ChimeraPolicyHandler: relTarget - released < 20480, stop kill
05-10 03:17:20.885  5679  6193 I ChimeraAggressivePolicyHandler: kill complete: killed 1 apps, freed 36911 KB
05-10 03:17:20.885  5679  6193 I ChimeraAggressivePolicyHandler: Skipped reason: LR, pids: 22307 4936 23197
05-10 03:17:20.885  5679  6193 I ChimeraAggressivePolicyHandler: Skipped reason: CA, pids: 16258 27588 27789 28247 27956 28212 28478 27839
05-10 03:17:20.885  5679  6193 I ChimeraAggressivePolicyHandler: Skipped reason: PE, pids: 28290 8330 28298 6795 6797 20686 24784 28306 8403 8916 6809 6747 6363 10466 29283 27683 7337 6507 9900 21869 6766 5679 8435 30196 7227 6397 6782
05-10 03:17:20.885  5679  6193 I ChimeraAggressivePolicyHandler: Processing time(ms) 73
05-10 03:17:20.886  5679  5746 I libprocessgroup: Successfully killed process cgroup uid 10329 pid 22703 in 0ms
05-10 03:17:20.940  5679  6467 D ConnectivityService: ConnectivityService NetworkRequestInfo binderDied(uid/pid:10329/22703, [NetworkRequest [ REQUEST id=18726, [ Capabilities: INTERNET&NOT_RESTRICTED&TRUSTED&NOT_VCN_MANAGED Uid: 10329 RequestorUid: 10329 RequestorPkg: com.Slack UnderlyingNetworks: Null] ]], android.os.BinderProxy@f450c7a)
05-10 03:17:20.941  5679  6088 D ConnectivityService: releasing NetworkRequest [ REQUEST id=18726, [ Capabilities: INTERNET&NOT_RESTRICTED&TRUSTED&NOT_VCN_MANAGED Uid: 10329 RequestorUid: 10329 RequestorPkg: com.Slack UnderlyingNetworks: Null] ] (release request)
05-10 03:17:20.941  5679  6088 D ConnectivityService:  Removing from current network [112 WIFI], leaving 152 requests.
05-10 03:17:20.941  5285  5285 I Zygote  : Process 22703 exited due to signal 9 (Killed)
05-10 03:17:22.727 28478 28478 I [PASS][CMN]DrawableCache: clearData LruCache[maxSize=32768,hits=0,misses=0,hitRate=0%]
05-10 03:17:22.731 28212 28212 I ContactsProvider: onTrimMemory-success
05-10 03:17:22.764  5285  5285 D Zygote  : Forked child process 28577
05-10 03:17:22.780 18796 20150 I BadgeProvider: query, [selection] : package=?
05-10 03:17:22.785 18796 18796 I BadgeCountReceiver: badge intent : Intent { act=android.intent.action.BADGE_COUNT_UPDATE flg=0x1000010 cmp=com.sec.android.provider.badge/.BadgeCountReceiver (has extras) }
05-10 03:17:22.785 18796 18796 I BadgeCountReceiver: packageName: org.telegram.messenger, className: org.telegram.messenger.NoxIcon, count: 1
05-10 03:17:22.791  6910  6910 I BadgeCountUpdaterImpl: onChange
05-10 03:17:22.792 18796 20150 E DatabaseUtils: Writing exception to parcel
05-10 03:17:22.792 18796 20150 E DatabaseUtils: java.lang.SecurityException: Permission Denial: writing com.sec.android.provider.badge.BadgeProvider uri content://com.sec.badge/apps?notify=true from pid=24784, uid=10268 requires com.sec.android.provider.badge.permission.WRITE, or grantUriPermission()
05-10 03:17:22.792 18796 20150 E DatabaseUtils: 	at android.content.ContentProvider.enforceWritePermissionInner(ContentProvider.java:1025)
05-10 03:17:22.792 18796 20150 E DatabaseUtils: 	at android.content.ContentProvider.semEnforceWritePermission(ContentProvider.java:951)
05-10 03:17:22.792 18796 20150 E DatabaseUtils: 	at android.content.ContentProvider$Transport.enforceWritePermission(ContentProvider.java:730)
05-10 03:17:22.792 18796 20150 E DatabaseUtils: 	at android.content.ContentProvider$Transport.update(ContentProvider.java:462)
05-10 03:17:22.792 18796 20150 E DatabaseUtils: 	at android.content.ContentProviderNative.onTransact(ContentProviderNative.java:231)
05-10 03:17:22.792 18796 20150 E DatabaseUtils: 	at android.os.Binder.execTransactInternal(Binder.java:1321)
05-10 03:17:22.792 18796 20150 E DatabaseUtils: 	at android.os.Binder.execTransact(Binder.java:1280)
05-10 03:17:22.798  6910  6910 I BadgeCountUpdaterImpl: onChange
05-10 03:17:22.803 18796 18796 I BadgeProvider: sendNotify entered. [uri] : content://com.sec.badge/apps
05-10 03:17:22.803 18796 18796 I BadgeProvider: sendNotify, [notify] : null
05-10 03:17:22.806 18796 18796 I BadgeProvider: update, getCallingPackage() : com.sec.android.provider.badge
05-10 03:17:22.806 18796 18796 I BadgeProvider: update, [uri] : content://com.sec.badge/apps
05-10 03:17:22.806 18796 18796 I BadgeProvider: update, [uri.query] : null
05-10 03:17:22.806 18796 18796 I BadgeProvider: update, [BadgeCount] : badgecount=1
05-10 03:17:22.807 18796 18796 I BadgeProvider: update, [UpdateCount] : 1
05-10 03:17:22.820 28577 28577 I oid.apps.photos: Using CollectorTypeCC GC.
05-10 03:17:22.828 28577 28577 E oid.apps.photos: Not starting debugger since process cannot load the jdwp agent.
05-10 03:17:22.838 28577 28577 W libc    : Access denied finding property "sys.perf.boostopt"
05-10 03:17:22.839  5260  5260 E audit   : type=1400 audit(1683681442.835:98949): avc:  denied  { read } for  pid=28577 comm="oid.apps.photos" name="u:object_r:perf_prop:s0" dev="tmpfs" ino=21600 scontext=u:r:untrusted_app:s0:c252,c256,c512,c768 tcontext=u:object_r:perf_prop:s0 tclass=file permissive=0 SEPF_SM-A515F_13_0001 audit_filtered
05-10 03:17:22.839  5260  5260 E audit   : type=1300 audit(1683681442.835:98949): arch=c00000b7 syscall=56 success=no exit=-13 a0=ffffff9c a1=7ff5a657e8 a2=88000 a3=0 items=0 ppid=5285 pid=28577 auid=4294967295 uid=10252 gid=10252 euid=10252 suid=10252 fsuid=10252 egid=10252 sgid=10252 fsgid=10252 tty=(none) ses=4294967295 comm="oid.apps.photos" exe="/system/bin/app_process64" subj=u:r:untrusted_app:s0:c252,c256,c512,c768 key=(null)
05-10 03:17:22.839  5260  5260 E audit   : type=1327 audit(1683681442.835:98949): proctitle="zygote64"
05-10 03:17:22.843  5260  5260 E audit   : type=1400 audit(1683681442.839:98950): avc:  denied  { read } for  pid=28577 comm="binder:28577_1" name="u:object_r:perf_prop:s0" dev="tmpfs" ino=21600 scontext=u:r:untrusted_app:s0:c252,c256,c512,c768 tcontext=u:object_r:perf_prop:s0 tclass=file permissive=0 SEPF_SM-A515F_13_0001 audit_filtered
05-10 03:17:22.843 28577 28590 W libc    : Access denied finding property "sys.perf.boostopt"
05-10 03:17:22.843 28577 28577 D ActivityThread: setConscryptValidator
