04-30 01:16:45.664 13022 13022 D ConnectivityManager: StackLog: [android.net.ConnectivityManager.unregisterNetworkCallback(ConnectivityManager.java:4863)] [androidx.work.impl.constraints.trackers.f.f(MyApplication:25)] [androidx.work.impl.constraints.trackers.d.c(MyApplication:20)] [androidx.work.impl.constraints.controllers.c.e(MyApplication:46)] [androidx.work.impl.constraints.d.d(MyApplication:28)] [androidx.work.impl.background.greedy.b.i(MyApplication:62)] [androidx.work.impl.background.greedy.b.d(MyApplication:1)] [androidx.work.impl.d.d(MyApplication:68)] [androidx.work.impl.d$a.run(MyApplication:19)]
04-30 01:16:45.665  5429  5665 D ConnectivityService:  Removing from current network [128 WIFI], leaving 161 requests.
04-30 01:16:45.684  5429  5488 W libprocessgroup: Failed to open /dev/blkio//cgroup.procs: No such file or directory
04-30 01:16:45.689  5429  5488 W libprocessgroup: Failed to open /dev/blkio//cgroup.procs: No such file or directory
04-30 01:16:45.696 12921 12936 W ogle.android.gm: Suspending all threads took: 91.756ms
04-30 01:16:45.697  5429  5843 W JobInfo : Requested flex +28m48s0ms for job 100865 is too small; raising to +36m0s0ms
04-30 01:16:45.718  9200 12494 W NetworkScheduler: Error inserting flex_time=7000 job_id=-1 period=16000 source=16 requires_charging=0 preferred_network_type=1 target_class=com.google.android.gms.measurement.PackageMeasurementTaskService user_id=0 target_package=com.google.android.gms tag=Measurement.PackageMeasurementTaskService.UPLOAD_TASK_TAG task_type=0 required_idleness_state=0 service_kind=0 source_version=231417000 persistence_level=1 preferred_charging_state=1 required_network_type=0 runtime=1682810205694 retry_strategy={"maximum_backoff_seconds":{"3600":0},"initial_backoff_seconds":{"30":0},"retry_policy":{"0":0}} last_runtime=0 [CONTEXT service_id=218 ]
04-30 01:16:45.718  9200 12494 W NetworkScheduler: android.database.sqlite.SQLiteConstraintException: UNIQUE constraint failed: pending_ops.tag, pending_ops.target_class, pending_ops.target_package, pending_ops.user_id (code 2067 SQLITE_CONSTRAINT_UNIQUE[2067])
04-30 01:16:45.718  9200 12494 W NetworkScheduler: 	at android.database.sqlite.SQLiteConnection.nativeExecuteForLastInsertedRowId(Native Method)
04-30 01:16:45.718  9200 12494 W NetworkScheduler: 	at android.database.sqlite.SQLiteConnection.executeForLastInsertedRowId(SQLiteConnection.java:1275)
04-30 01:16:45.718  9200 12494 W NetworkScheduler: 	at android.database.sqlite.SQLiteSession.executeForLastInsertedRowId(SQLiteSession.java:790)
04-30 01:16:45.718  9200 12494 W NetworkScheduler: 	at android.database.sqlite.SQLiteStatement.executeInsert(SQLiteStatement.java:89)
04-30 01:16:45.718  9200 12494 W NetworkScheduler: 	at android.database.sqlite.SQLiteDatabase.insertWithOnConflict(SQLiteDatabase.java:2410)
04-30 01:16:45.718  9200 12494 W NetworkScheduler: 	at android.database.sqlite.SQLiteDatabase.insertOrThrow(SQLiteDatabase.java:2305)
04-30 01:16:45.718  9200 12494 W NetworkScheduler: 	at bwsk.f(:com.google.android.gms@231417044@23.14.17 (190400-527331132):59)
04-30 01:16:45.718  9200 12494 W NetworkScheduler: 	at bwre.n(:com.google.android.gms@231417044@23.14.17 (190400-527331132):3)
04-30 01:16:45.718  9200 12494 W NetworkScheduler: 	at bwre.u(:com.google.android.gms@231417044@23.14.17 (190400-527331132):20)
04-30 01:16:45.718  9200 12494 W NetworkScheduler: 	at bwre.h(:com.google.android.gms@231417044@23.14.17 (190400-527331132):3)
04-30 01:16:45.718  9200 12494 W NetworkScheduler: 	at bwmw.run(:com.google.android.gms@231417044@23.14.17 (190400-527331132):9)
04-30 01:16:45.718  9200 12494 W NetworkScheduler: 	at abpb.c(:com.google.android.gms@231417044@23.14.17 (190400-527331132):6)
04-30 01:16:45.718  9200 12494 W NetworkScheduler: 	at abpb.run(:com.google.android.gms@231417044@23.14.17 (190400-527331132):8)
04-30 01:16:45.718  9200 12494 W NetworkScheduler: 	at java.util.concurrent.ThreadPoolExecutor.runWorker(ThreadPoolExecutor.java:1137)
04-30 01:16:45.718  9200 12494 W NetworkScheduler: 	at java.util.concurrent.ThreadPoolExecutor$Worker.run(ThreadPoolExecutor.java:637)
04-30 01:16:45.718  9200 12494 W NetworkScheduler: 	at abuh.run(:com.google.android.gms@231417044@23.14.17 (190400-527331132):0)
04-30 01:16:45.718  9200 12494 W NetworkScheduler: 	at java.lang.Thread.run(Thread.java:1012)
04-30 01:16:45.738  9200 12494 W NetworkScheduler: Error inserting flex_time=7000 job_id=-1 period=16000 source=16 requires_charging=0 preferred_network_type=1 target_class=com.google.android.gms.measurement.PackageMeasurementTaskService user_id=0 target_package=com.google.android.gms tag=Measurement.PackageMeasurementTaskService.UPLOAD_TASK_TAG task_type=0 required_idleness_state=0 service_kind=0 source_version=231417000 persistence_level=1 preferred_charging_state=1 required_network_type=0 runtime=1682810205719 retry_strategy={"maximum_backoff_seconds":{"3600":0},"initial_backoff_seconds":{"30":0},"retry_policy":{"0":0}} last_runtime=0 [CONTEXT service_id=218 ]
04-30 01:16:45.738  9200 12494 W NetworkScheduler: android.database.sqlite.SQLiteConstraintException: UNIQUE constraint failed: pending_ops.tag, pending_ops.target_class, pending_ops.target_package, pending_ops.user_id (code 2067 SQLITE_CONSTRAINT_UNIQUE[2067])
04-30 01:16:45.738  9200 12494 W NetworkScheduler: 	at android.database.sqlite.SQLiteConnection.nativeExecuteForLastInsertedRowId(Native Method)
04-30 01:16:45.738  9200 12494 W NetworkScheduler: 	at android.database.sqlite.SQLiteConnection.executeForLastInsertedRowId(SQLiteConnection.java:1275)
04-30 01:16:45.738  9200 12494 W NetworkScheduler: 	at android.database.sqlite.SQLiteSession.executeForLastInsertedRowId(SQLiteSession.java:790)
04-30 01:16:45.738  9200 12494 W NetworkScheduler: 	at android.database.sqlite.SQLiteStatement.executeInsert(SQLiteStatement.java:89)
04-30 01:16:45.738  9200 12494 W NetworkScheduler: 	at android.database.sqlite.SQLiteDatabase.insertWithOnConflict(SQLiteDatabase.java:2410)
04-30 01:16:45.738  9200 12494 W NetworkScheduler: 	at android.database.sqlite.SQLiteDatabase.insertOrThrow(SQLiteDatabase.java:2305)
04-30 01:16:45.738  9200 12494 W NetworkScheduler: 	at bwsk.f(:com.google.android.gms@231417044@23.14.17 (190400-527331132):59)
04-30 01:16:45.738  9200 12494 W NetworkScheduler: 	at bwre.n(:com.google.android.gms@231417044@23.14.17 (190400-527331132):3)
04-30 01:16:45.738  9200 12494 W NetworkScheduler: 	at bwre.u(:com.google.android.gms@231417044@23.14.17 (190400-527331132):20)
04-30 01:16:45.738  9200 12494 W NetworkScheduler: 	at bwre.h(:com.google.android.gms@231417044@23.14.17 (190400-527331132):3)
04-30 01:16:45.738  9200 12494 W NetworkScheduler: 	at bwmw.run(:com.google.android.gms@231417044@23.14.17 (190400-527331132):9)
04-30 01:16:45.738  9200 12494 W NetworkScheduler: 	at abpb.c(:com.google.android.gms@231417044@23.14.17 (190400-527331132):6)
04-30 01:16:45.738  9200 12494 W NetworkScheduler: 	at abpb.run(:com.google.android.gms@231417044@23.14.17 (190400-527331132):8)
04-30 01:16:45.738  9200 12494 W NetworkScheduler: 	at java.util.concurrent.ThreadPoolExecutor.runWorker(ThreadPoolExecutor.java:1137)
04-30 01:16:45.738  9200 12494 W NetworkScheduler: 	at java.util.concurrent.ThreadPoolExecutor$Worker.run(ThreadPoolExecutor.java:637)
04-30 01:16:45.738  9200 12494 W NetworkScheduler: 	at abuh.run(:com.google.android.gms@231417044@23.14.17 (190400-527331132):0)
04-30 01:16:45.738  9200 12494 W NetworkScheduler: 	at java.lang.Thread.run(Thread.java:1012)
04-30 01:16:45.771  9200 11208 W NetworkScheduler: Error inserting flex_time=8000 job_id=-1 period=17000 source=16 requires_charging=0 preferred_network_type=1 target_class=com.google.android.gms.measurement.PackageMeasurementTaskService user_id=0 target_package=com.google.android.gms tag=Measurement.PackageMeasurementTaskService.UPLOAD_TASK_TAG task_type=0 required_idleness_state=0 service_kind=0 source_version=231417000 persistence_level=1 preferred_charging_state=1 required_network_type=0 runtime=1682810205752 retry_strategy={"maximum_backoff_seconds":{"3600":0},"initial_backoff_seconds":{"30":0},"retry_policy":{"0":0}} last_runtime=0 [CONTEXT service_id=218 ]
04-30 01:16:45.771  9200 11208 W NetworkScheduler: android.database.sqlite.SQLiteConstraintException: UNIQUE constraint failed: pending_ops.tag, pending_ops.target_class, pending_ops.target_package, pending_ops.user_id (code 2067 SQLITE_CONSTRAINT_UNIQUE[2067])
04-30 01:16:45.771  9200 11208 W NetworkScheduler: 	at android.database.sqlite.SQLiteConnection.nativeExecuteForLastInsertedRowId(Native Method)
04-30 01:16:45.771  9200 11208 W NetworkScheduler: 	at android.database.sqlite.SQLiteConnection.executeForLastInsertedRowId(SQLiteConnection.java:1275)
04-30 01:16:45.771  9200 11208 W NetworkScheduler: 	at android.database.sqlite.SQLiteSession.executeForLastInsertedRowId(SQLiteSession.java:790)
04-30 01:16:45.771  9200 11208 W NetworkScheduler: 	at android.database.sqlite.SQLiteStatement.executeInsert(SQLiteStatement.java:89)
04-30 01:16:45.771  9200 11208 W NetworkScheduler: 	at android.database.sqlite.SQLiteDatabase.insertWithOnConflict(SQLiteDatabase.java:2410)
04-30 01:16:45.771  9200 11208 W NetworkScheduler: 	at android.database.sqlite.SQLiteDatabase.insertOrThrow(SQLiteDatabase.java:2305)
04-30 01:16:45.771  9200 11208 W NetworkScheduler: 	at bwsk.f(:com.google.android.gms@231417044@23.14.17 (190400-527331132):59)
04-30 01:16:45.771  9200 11208 W NetworkScheduler: 	at bwre.n(:com.google.android.gms@231417044@23.14.17 (190400-527331132):3)
04-30 01:16:45.771  9200 11208 W NetworkScheduler: 	at bwre.u(:com.google.android.gms@231417044@23.14.17 (190400-527331132):20)
04-30 01:16:45.771  9200 11208 W NetworkScheduler: 	at bwre.h(:com.google.android.gms@231417044@23.14.17 (190400-527331132):3)
04-30 01:16:45.771  9200 11208 W NetworkScheduler: 	at bwmw.run(:com.google.android.gms@231417044@23.14.17 (190400-527331132):9)
04-30 01:16:45.771  9200 11208 W NetworkScheduler: 	at abpb.c(:com.google.android.gms@231417044@23.14.17 (190400-527331132):6)
04-30 01:16:45.771  9200 11208 W NetworkScheduler: 	at abpb.run(:com.google.android.gms@231417044@23.14.17 (190400-527331132):8)
04-30 01:16:45.771  9200 11208 W NetworkScheduler: 	at java.util.concurrent.ThreadPoolExecutor.runWorker(ThreadPoolExecutor.java:1137)
04-30 01:16:45.771  9200 11208 W NetworkScheduler: 	at java.util.concurrent.ThreadPoolExecutor$Worker.run(ThreadPoolExecutor.java:637)
04-30 01:16:45.771  9200 11208 W NetworkScheduler: 	at abuh.run(:com.google.android.gms@231417044@23.14.17 (190400-527331132):0)
04-30 01:16:45.771  9200 11208 W NetworkScheduler: 	at java.lang.Thread.run(Thread.java:1012)
04-30 01:16:45.792  9200 11208 W NetworkScheduler: Error inserting flex_time=8000 job_id=-1 period=18000 source=16 requires_charging=0 preferred_network_type=1 target_class=com.google.android.gms.measurement.PackageMeasurementTaskService user_id=0 target_package=com.google.android.gms tag=Measurement.PackageMeasurementTaskService.UPLOAD_TASK_TAG task_type=0 required_idleness_state=0 service_kind=0 source_version=231417000 persistence_level=1 preferred_charging_state=1 required_network_type=0 runtime=1682810205766 retry_strategy={"maximum_backoff_seconds":{"3600":0},"initial_backoff_seconds":{"30":0},"retry_policy":{"0":0}} last_runtime=0 [CONTEXT service_id=218 ]
04-30 01:16:45.792  9200 11208 W NetworkScheduler: android.database.sqlite.SQLiteConstraintException: UNIQUE constraint failed: pending_ops.tag, pending_ops.target_class, pending_ops.target_package, pending_ops.user_id (code 2067 SQLITE_CONSTRAINT_UNIQUE[2067])
04-30 01:16:45.792  9200 11208 W NetworkScheduler: 	at android.database.sqlite.SQLiteConnection.nativeExecuteForLastInsertedRowId(Native Method)
04-30 01:16:45.792  9200 11208 W NetworkScheduler: 	at android.database.sqlite.SQLiteConnection.executeForLastInsertedRowId(SQLiteConnection.java:1275)
04-30 01:16:45.792  9200 11208 W NetworkScheduler: 	at android.database.sqlite.SQLiteSession.executeForLastInsertedRowId(SQLiteSession.java:790)
04-30 01:16:45.792  9200 11208 W NetworkScheduler: 	at android.database.sqlite.SQLiteStatement.executeInsert(SQLiteStatement.java:89)
04-30 01:16:45.792  9200 11208 W NetworkScheduler: 	at android.database.sqlite.SQLiteDatabase.insertWithOnConflict(SQLiteDatabase.java:2410)
04-30 01:16:45.792  9200 11208 W NetworkScheduler: 	at android.database.sqlite.SQLiteDatabase.insertOrThrow(SQLiteDatabase.java:2305)
04-30 01:16:45.792  9200 11208 W NetworkScheduler: 	at bwsk.f(:com.google.android.gms@231417044@23.14.17 (190400-527331132):59)
04-30 01:16:45.792  9200 11208 W NetworkScheduler: 	at bwre.n(:com.google.android.gms@231417044@23.14.17 (190400-527331132):3)
04-30 01:16:45.792  9200 11208 W NetworkScheduler: 	at bwre.u(:com.google.android.gms@231417044@23.14.17 (190400-527331132):20)
04-30 01:16:45.792  9200 11208 W NetworkScheduler: 	at bwre.h(:com.google.android.gms@231417044@23.14.17 (190400-527331132):3)
04-30 01:16:45.792  9200 11208 W NetworkScheduler: 	at bwmw.run(:com.google.android.gms@231417044@23.14.17 (190400-527331132):9)
04-30 01:16:45.792  9200 11208 W NetworkScheduler: 	at abpb.c(:com.google.android.gms@231417044@23.14.17 (190400-527331132):6)
04-30 01:16:45.792  9200 11208 W NetworkScheduler: 	at abpb.run(:com.google.android.gms@231417044@23.14.17 (190400-527331132):8)
04-30 01:16:45.792  9200 11208 W NetworkScheduler: 	at java.util.concurrent.ThreadPoolExecutor.runWorker(ThreadPoolExecutor.java:1137)
04-30 01:16:45.792  9200 11208 W NetworkScheduler: 	at java.util.concurrent.ThreadPoolExecutor$Worker.run(ThreadPoolExecutor.java:637)
04-30 01:16:45.792  9200 11208 W NetworkScheduler: 	at abuh.run(:com.google.android.gms@231417044@23.14.17 (190400-527331132):0)
04-30 01:16:45.792  9200 11208 W NetworkScheduler: 	at java.lang.Thread.run(Thread.java:1012)
04-30 01:16:45.800  9200 11208 W NetworkScheduler: Error inserting flex_time=8000 job_id=-1 period=18000 source=16 requires_charging=0 preferred_network_type=1 target_class=com.google.android.gms.measurement.PackageMeasurementTaskService user_id=0 target_package=com.google.android.gms tag=Measurement.PackageMeasurementTaskService.UPLOAD_TASK_TAG task_type=0 required_idleness_state=0 service_kind=0 source_version=231417000 persistence_level=1 preferred_charging_state=1 required_network_type=0 runtime=1682810205794 retry_strategy={"maximum_backoff_seconds":{"3600":0},"initial_backoff_seconds":{"30":0},"retry_policy":{"0":0}} last_runtime=0 [CONTEXT service_id=218 ]
04-30 01:16:45.800  9200 11208 W NetworkScheduler: android.database.sqlite.SQLiteConstraintException: UNIQUE constraint failed: pending_ops.tag, pending_ops.target_class, pending_ops.target_package, pending_ops.user_id (code 2067 SQLITE_CONSTRAINT_UNIQUE[2067])
04-30 01:16:45.800  9200 11208 W NetworkScheduler: 	at android.database.sqlite.SQLiteConnection.nativeExecuteForLastInsertedRowId(Native Method)
04-30 01:16:45.800  9200 11208 W NetworkScheduler: 	at android.database.sqlite.SQLiteConnection.executeForLastInsertedRowId(SQLiteConnection.java:1275)
04-30 01:16:45.800  9200 11208 W NetworkScheduler: 	at android.database.sqlite.SQLiteSession.executeForLastInsertedRowId(SQLiteSession.java:790)
04-30 01:16:45.800  9200 11208 W NetworkScheduler: 	at android.database.sqlite.SQLiteStatement.executeInsert(SQLiteStatement.java:89)
04-30 01:16:45.800  9200 11208 W NetworkScheduler: 	at android.database.sqlite.SQLiteDatabase.insertWithOnConflict(SQLiteDatabase.java:2410)
04-30 01:16:45.800  9200 11208 W NetworkScheduler: 	at android.database.sqlite.SQLiteDatabase.insertOrThrow(SQLiteDatabase.java:2305)
04-30 01:16:45.800  9200 11208 W NetworkScheduler: 	at bwsk.f(:com.google.android.gms@231417044@23.14.17 (190400-527331132):59)
04-30 01:16:45.800  9200 11208 W NetworkScheduler: 	at bwre.n(:com.google.android.gms@231417044@23.14.17 (190400-527331132):3)
04-30 01:16:45.800  9200 11208 W NetworkScheduler: 	at bwre.u(:com.google.android.gms@231417044@23.14.17 (190400-527331132):20)
04-30 01:16:45.800  9200 11208 W NetworkScheduler: 	at bwre.h(:com.google.android.gms@231417044@23.14.17 (190400-527331132):3)
04-30 01:16:45.800  9200 11208 W NetworkScheduler: 	at bwmw.run(:com.google.android.gms@231417044@23.14.17 (190400-527331132):9)
04-30 01:16:45.800  9200 11208 W NetworkScheduler: 	at abpb.c(:com.google.android.gms@231417044@23.14.17 (190400-527331132):6)
04-30 01:16:45.800  9200 11208 W NetworkScheduler: 	at abpb.run(:com.google.android.gms@231417044@23.14.17 (190400-527331132):8)
04-30 01:16:45.800  9200 11208 W NetworkScheduler: 	at java.util.concurrent.ThreadPoolExecutor.runWorker(ThreadPoolExecutor.java:1137)
04-30 01:16:45.800  9200 11208 W NetworkScheduler: 	at java.util.concurrent.ThreadPoolExecutor$Worker.run(ThreadPoolExecutor.java:637)
04-30 01:16:45.800  9200 11208 W NetworkScheduler: 	at abuh.run(:com.google.android.gms@231417044@23.14.17 (190400-527331132):0)
04-30 01:16:45.800  9200 11208 W NetworkScheduler: 	at java.lang.Thread.run(Thread.java:1012)
04-30 01:16:45.808  9200 11208 W NetworkScheduler: Error inserting flex_time=8000 job_id=-1 period=18000 source=16 requires_charging=0 preferred_network_type=1 target_class=com.google.android.gms.measurement.PackageMeasurementTaskService user_id=0 target_package=com.google.android.gms tag=Measurement.PackageMeasurementTaskService.UPLOAD_TASK_TAG task_type=0 required_idleness_state=0 service_kind=0 source_version=231417000 persistence_level=1 preferred_charging_state=1 required_network_type=0 runtime=1682810205799 retry_strategy={"maximum_backoff_seconds":{"3600":0},"initial_backoff_seconds":{"30":0},"retry_policy":{"0":0}} last_runtime=0 [CONTEXT service_id=218 ]
04-30 01:16:45.808  9200 11208 W NetworkScheduler: android.database.sqlite.SQLiteConstraintException: UNIQUE constraint failed: pending_ops.tag, pending_ops.target_class, pending_ops.target_package, pending_ops.user_id (code 2067 SQLITE_CONSTRAINT_UNIQUE[2067])
04-30 01:16:45.808  9200 11208 W NetworkScheduler: 	at android.database.sqlite.SQLiteConnection.nativeExecuteForLastInsertedRowId(Native Method)
04-30 01:16:45.808  9200 11208 W NetworkScheduler: 	at android.database.sqlite.SQLiteConnection.executeForLastInsertedRowId(SQLiteConnection.java:1275)
04-30 01:16:45.808  9200 11208 W NetworkScheduler: 	at android.database.sqlite.SQLiteSession.executeForLastInsertedRowId(SQLiteSession.java:790)
04-30 01:16:45.808  9200 11208 W NetworkScheduler: 	at android.database.sqlite.SQLiteStatement.executeInsert(SQLiteStatement.java:89)
04-30 01:16:45.808  9200 11208 W NetworkScheduler: 	at android.database.sqlite.SQLiteDatabase.insertWithOnConflict(SQLiteDatabase.java:2410)
04-30 01:16:45.808  9200 11208 W NetworkScheduler: 	at android.database.sqlite.SQLiteDatabase.insertOrThrow(SQLiteDatabase.java:2305)
04-30 01:16:45.808  9200 11208 W NetworkScheduler: 	at bwsk.f(:com.google.android.gms@231417044@23.14.17 (190400-527331132):59)
04-30 01:16:45.808  9200 11208 W NetworkScheduler: 	at bwre.n(:com.google.android.gms@231417044@23.14.17 (190400-527331132):3)
04-30 01:16:45.808  9200 11208 W NetworkScheduler: 	at bwre.u(:com.google.android.gms@231417044@23.14.17 (190400-527331132):20)
04-30 01:16:45.808  9200 11208 W NetworkScheduler: 	at bwre.h(:com.google.android.gms@231417044@23.14.17 (190400-527331132):3)
04-30 01:16:45.808  9200 11208 W NetworkScheduler: 	at bwmw.run(:com.google.android.gms@231417044@23.14.17 (190400-527331132):9)
04-30 01:16:45.808  9200 11208 W NetworkScheduler: 	at abpb.c(:com.google.android.gms@231417044@23.14.17 (190400-527331132):6)
04-30 01:16:45.808  9200 11208 W NetworkScheduler: 	at abpb.run(:com.google.android.gms@231417044@23.14.17 (190400-527331132):8)
04-30 01:16:45.808  9200 11208 W NetworkScheduler: 	at java.util.concurrent.ThreadPoolExecutor.runWorker(ThreadPoolExecutor.java:1137)
04-30 01:16:45.808  9200 11208 W NetworkScheduler: 	at java.util.concurrent.ThreadPoolExecutor$Worker.run(ThreadPoolExecutor.java:637)
04-30 01:16:45.808  9200 11208 W NetworkScheduler: 	at abuh.run(:com.google.android.gms@231417044@23.14.17 (190400-527331132):0)
04-30 01:16:45.808  9200 11208 W NetworkScheduler: 	at java.lang.Thread.run(Thread.java:1012)
04-30 01:16:45.809 13090 13090 D CompatibilityChangeReporter: Compat change id reported: 147600208; UID 10278; state: ENABLED
04-30 01:16:45.877 13581 13815 I AppMetrica-Attribution: Choosing distribution data: ClidsInfo(chosen=Candidate(clids=null, source=APP), candidates=[Candidate(clids=null, source=APP)])
04-30 01:16:45.951  5429  5843 D SyncManager: userId - 0 auto - true
04-30 01:16:45.966 12921 14238 I ogle.android.gm: WaitForGcToComplete blocked ClassLinker on Background for 1.846s
04-30 01:16:45.974  5429  5616 D BluetoothManagerService: mDisableBleCallbacks count 19
04-30 01:16:45.981 13090 13358 I BluetoothAdapter: BluetoothAdapter() : com.whatsapp
04-30 01:16:46.007  5429  5488 W libprocessgroup: Failed to open /dev/blkio//cgroup.procs: No such file or directory
04-30 01:16:46.076  5429  5843 D SyncManager: userId - 0 auto - true
04-30 01:16:46.093 11420 11420 I SamsungAccount: [DeviceManager] isHeadlessDevice = false
04-30 01:16:46.102 12921 12921 W kbf     : [Gmail] MailSyncAdapterService: MailSyncAdapterService is destroyed! [CONTEXT android_log_tag="MailSyncAdapterService" ]
04-30 01:16:46.103 11420 11420 E SamsungAccount: [StorageMonitorReceiver] only headlessDevice can use StorageMonitorReceiver
04-30 01:16:46.122  4924  4924 D Zygote  : Forked child process 14427
04-30 01:16:46.137 13090 13358 D BluetoothHeadset: BTStateChangeCB is registed by 13090 @ com.whatsapp
04-30 01:16:46.154 13356 13388 W ru.yandex.disk: Suspending all threads took: 30.826ms
04-30 01:16:46.156 29954 10104 I GmsCoreXrpcWrapper: Returning a channel provider with trafficStatsTag=12803 trafficStatsUid=-1
04-30 01:16:46.187 29954 10104 I Icing   : Usage reports ok 0, Failed Usage reports 0, indexed 0, rejected 0
04-30 01:16:46.207 14427 14427 I oid.app.myfiles: Using CollectorTypeCC GC.
04-30 01:16:46.222 13027 14355 I gpe     : Closing transaction readtx8 [(Unnamed)]: Stats[9 Reads (rows: 53)] after 662 ms
04-30 01:16:46.223 13027 14355 I gpe     : Started new READ_ONLY transaction readtx9 [(Unnamed)]
04-30 01:16:46.230 14427 14427 E oid.app.myfiles: Not starting debugger since process cannot load the jdwp agent.
04-30 01:16:46.230  5429  5429 I AppWidgetServiceImpl: Received broadcast: android.intent.action.PACKAGE_CHANGED, Updates all providers with ru.mail.cloud, userId: 0
04-30 01:16:46.233  5429  5466 I CompanionDeviceManagerService: onPackageModified() u0/ru.mail.cloud
04-30 01:16:46.241  9694 13230 I PermissionControllerServiceImpl: Updating user sensitive for uid 10336
04-30 01:16:46.241  5429  5616 I BluetoothManagerService: addProxy from com.whatsapp (13)
04-30 01:16:46.244 13090 13121 D BluetoothHeadset: Proxy object connected
04-30 01:16:46.259 14427 14427 W libc    : Access denied finding property "sys.perf.boostopt"
04-30 01:16:46.260 13027 14355 I gpe     : Closing transaction readtx9 [(Unnamed)]: Stats[3 Reads (rows: 1)] after 37 ms
04-30 01:16:46.262  5429  5576 I RoleService: Granting default roles...
04-30 01:16:46.269 14427 14427 D ActivityThread: setConscryptValidator
04-30 01:16:46.269 14427 14427 D ActivityThread: setConscryptValidator - put
04-30 01:16:46.271  5878  5878 D KeyguardUpdateMonitor: received broadcast android.intent.action.PACKAGE_CHANGED
04-30 01:16:46.277 13195 13211 W ru.mail.mailapp: Suspending all threads took: 203.589ms
04-30 01:16:46.283  5429  5579 D SEP_UNION_SemDeviceInfoManagerService: onReceive : android.intent.action.PACKAGE_CHANGED, userId = 0
04-30 01:16:46.284  6174  6174 D RegisteredNfcFServicesCache: Service unchanged, not updating
04-30 01:16:46.285  6118  6118 V AvrcpMediaPlayerList: mPackageChangedBroadcastReceiver: action: android.intent.action.PACKAGE_CHANGED
04-30 01:16:46.286  5878  5878 D SPluginManagerImpl: onReceive: android.intent.action.PACKAGE_CHANGED, size:{com.android.systemui.lockstar.PluginLockStarManager@3c07f1b=SPluginInstanceManager@160788988 (action=com.samsung.systemui.action.PLUGIN_LOCK_STAR), com.android.systemui.navigationbar.plugin.PluginBarInteractionManager$pluginListener$1@5b9454e=SPluginInstanceManager@38043781 (action=com.samsung.systemui.navigationbar.PLUGIN), com.android.systemui.slimindicator.SlimIndicatorPluginMediator@5bccc3b=SPluginInstanceManager@36794074 (action=com.samsung.systemui.action.SPLUGIN_SLIMINDICATOR), com.android.systemui.volume.VolumeStarInteractor$1@6b2db36=SPluginInstanceManager@91148043 (action=com.samsung.systemui.volume.PLUGIN), com.samsung.android.systemui.multistar.MultiStarManager$2@beb8182=SPluginInstanceManager@12956136 (action=com.samsung.systemui.action.PLUGIN_MULTISTAR), com.android.systemui.pluginlock.PluginLockMediatorImpl@c333048=SPluginInstanceManager@30515201 (action=com.samsung.systemui.action.PLUGIN_LOCK), com.android.systemui.noticenter.NotiCenterPlugin$NotiCenterPluginListener@f2ccbd1=SPluginInstanceManager@113745574 (action=com.samsung.systemui.action.PLUGIN_NOTICENTER)}
04-30 01:16:46.291  5787  5787 D CarrierSvcBindHelper: onPackageModified: ru.mail.cloud
04-30 01:16:46.292  5787  5787 D CarrierSvcBindHelper: No carrier app for: 0
04-30 01:16:46.292  5787  5787 D CarrierSvcBindHelper: No carrier app for: 1
04-30 01:16:46.293  5878  5878 D FaceWidgetMetadataParser: updatePackage() ru.mail.cloud false
04-30 01:16:46.295  5878  5878 W FaceWidgetMetadataParser: updatePackage() there is no metadata
04-30 01:16:46.295  5878  5878 D FaceWidgetMetadataParser: removePackage() key = ru.mail.cloud
04-30 01:16:46.295  5878  6139 D PluginInstanceManager: queryPkg ru.mail.cloud com.android.systemui.action.PLUGIN_NOTIFICATION_MENU_ROW
04-30 01:16:46.296  5878  6139 D PluginInstanceManager: queryPkg ru.mail.cloud com.android.systemui.action.PLUGIN_OVERLAY
04-30 01:16:46.296  5878  6139 D PluginInstanceManager: queryPkg ru.mail.cloud com.android.systemui.action.PLUGIN_NOTIFICATION_MENU_ROW
04-30 01:16:46.296  5878  6139 D PluginInstanceManager: queryPkg ru.mail.cloud com.android.systemui.action.PLUGIN_QS_FACTORY
04-30 01:16:46.296  5878  6139 D PluginInstanceManager: queryPkg ru.mail.cloud com.android.systemui.action.PLUGIN_LOCKSCREEN_LEFT_BUTTON
04-30 01:16:46.296  5878  6139 D PluginInstanceManager: queryPkg ru.mail.cloud com.android.systemui.action.PLUGIN_LOCKSCREEN_LEFT_BUTTON
04-30 01:16:46.296  5878  6139 D PluginInstanceManager: queryPkg ru.mail.cloud com.android.systemui.action.PLUGIN_NOTIFICATION_MENU_ROW
04-30 01:16:46.296  5878  6139 D PluginInstanceManager: queryPkg ru.mail.cloud com.android.systemui.action.PLUGIN_NOTIFICATION_MENU_ROW
04-30 01:16:46.296  5878  6139 D PluginInstanceManager: queryPkg ru.mail.cloud com.android.systemui.action.PLUGIN_NOTIFICATION_MENU_ROW
04-30 01:16:46.297  5878  6139 D PluginInstanceManager: queryPkg ru.mail.cloud com.android.systemui.action.PLUGIN_NOTIFICATION_MENU_ROW
04-30 01:16:46.297  5878  6139 D PluginInstanceManager: queryPkg ru.mail.cloud com.android.systemui.action.PLUGIN_CLOCK
04-30 01:16:46.297  5878  6139 D PluginInstanceManager: queryPkg ru.mail.cloud com.android.systemui.action.PLUGIN_NOTIFICATION_MENU_ROW
04-30 01:16:46.297  5878  6139 D PluginInstanceManager: queryPkg ru.mail.cloud com.samsung.systemui.action.PLUGIN_FACE_WIDGET
04-30 01:16:46.297  5878  6139 D PluginInstanceManager: Too many of com.samsung.systemui.action.PLUGIN_FACE_WIDGET
04-30 01:16:46.297  5878  6139 D PluginInstanceManager: queryPkg ru.mail.cloud com.android.systemui.action.PLUGIN_NOTIFICATION_MENU_ROW
04-30 01:16:46.297  5878  6139 D PluginInstanceManager: queryPkg ru.mail.cloud com.android.systemui.action.PLUGIN_NOTIFICATION_MENU_ROW
04-30 01:16:46.297  5878  6139 D PluginInstanceManager: queryPkg ru.mail.cloud com.android.systemui.action.PLUGIN_GLOBAL_ACTIONS
04-30 01:16:46.298  5878  6139 D PluginInstanceManager: queryPkg ru.mail.cloud com.android.systemui.action.PLUGIN_NOTIFICATION_MENU_ROW
04-30 01:16:46.298  5878  6139 D PluginInstanceManager: queryPkg ru.mail.cloud com.android.systemui.action.PLUGIN_TOAST
04-30 01:16:46.298  5878  6139 D PluginInstanceManager: queryPkg ru.mail.cloud com.android.systemui.action.PLUGIN_NOTIFICATION_MENU_ROW
04-30 01:16:46.298  5878  6139 D PluginInstanceManager: queryPkg ru.mail.cloud com.android.systemui.action.PLUGIN_NOTIFICATION_MENU_ROW
04-30 01:16:46.299  5878  6139 D PluginInstanceManager: queryPkg ru.mail.cloud com.android.systemui.action.PLUGIN_NOTIFICATION_MENU_ROW
04-30 01:16:46.299  5878  6139 D PluginInstanceManager: queryPkg ru.mail.cloud com.android.systemui.action.PLUGIN_NOTIFICATION_MENU_ROW
04-30 01:16:46.299  5878  6139 D PluginInstanceManager: queryPkg ru.mail.cloud com.android.systemui.action.PLUGIN_NOTIFICATION_MENU_ROW
04-30 01:16:46.300  5878  6139 D PluginInstanceManager: queryPkg ru.mail.cloud com.android.systemui.action.PLUGIN_NOTIFICATION_MENU_ROW
04-30 01:16:46.300  5878  6139 D PluginInstanceManager: queryPkg ru.mail.cloud com.android.systemui.action.PLUGIN_NOTIFICATION_MENU_ROW
04-30 01:16:46.300  5878  6139 D PluginInstanceManager: queryPkg ru.mail.cloud com.android.systemui.action.PLUGIN_NOTIFICATION_MENU_ROW
04-30 01:16:46.300  5878  6139 D PluginInstanceManager: queryPkg ru.mail.cloud com.android.systemui.action.PLUGIN_SENSOR_MANAGER
04-30 01:16:46.300  5878  6139 D PluginInstanceManager: queryPkg ru.mail.cloud com.android.systemui.action.PLUGIN_QS
04-30 01:16:46.300  5878  6139 D PluginInstanceManager: queryPkg ru.mail.cloud com.android.systemui.action.PLUGIN_NOTIFICATION_MENU_ROW
04-30 01:16:46.300  5878  6139 D PluginInstanceManager: queryPkg ru.mail.cloud com.android.systemui.action.PLUGIN_NOTIFICATION_MENU_ROW
04-30 01:16:46.300  5878  6139 D PluginInstanceManager: queryPkg ru.mail.cloud com.android.systemui.action.PLUGIN_NOTIFICATION_MENU_ROW
04-30 01:16:46.301  5878  6139 D PluginInstanceManager: queryPkg ru.mail.cloud com.samsung.systemui.action.PLUGIN_VIEW_COVER
04-30 01:16:46.301  5878  6139 D PluginInstanceManager: Too many of com.samsung.systemui.action.PLUGIN_VIEW_COVER
04-30 01:16:46.301  5878  6139 D PluginInstanceManager: queryPkg ru.mail.cloud com.android.systemui.action.PLUGIN_NOTIFICATION_ASSISTANT
04-30 01:16:46.301  5878  6139 D PluginInstanceManager: queryPkg ru.mail.cloud com.android.systemui.action.PLUGIN_NOTIFICATION_MENU_ROW
04-30 01:16:46.301  5878  6139 D PluginInstanceManager: queryPkg ru.mail.cloud com.android.systemui.action.PLUGIN_VOLUME
04-30 01:16:46.301  5878  6139 D PluginInstanceManager: queryPkg ru.mail.cloud com.android.systemui.action.PLUGIN_NOTIFICATION_MENU_ROW
04-30 01:16:46.301  5878  6139 D PluginInstanceManager: queryPkg ru.mail.cloud com.android.systemui.action.PLUGIN_NOTIFICATION_MENU_ROW
04-30 01:16:46.302  5878  6139 D PluginInstanceManager: queryPkg ru.mail.cloud com.android.systemui.action.PLUGIN_NOTIFICATION_MENU_ROW
04-30 01:16:46.302  5878  6139 D PluginInstanceManager: queryPkg ru.mail.cloud com.android.systemui.action.PLUGIN_CLOCK
04-30 01:16:46.302  5878  6139 D PluginInstanceManager: queryPkg ru.mail.cloud com.android.systemui.action.PLUGIN_NOTIFICATION_MENU_ROW
04-30 01:16:46.302  5878  6139 D PluginInstanceManager: queryPkg ru.mail.cloud com.android.systemui.action.PLUGIN_LOCKSCREEN_RIGHT_BUTTON
04-30 01:16:46.302  5878  6139 D PluginInstanceManager: queryPkg ru.mail.cloud com.android.systemui.action.PLUGIN_LOCKSCREEN_RIGHT_BUTTON
04-30 01:16:46.302  5878  6139 D PluginInstanceManager: queryPkg ru.mail.cloud com.android.systemui.action.PEOPLE_HUB_PERSON_EXTRACTOR
04-30 01:16:46.304 12145 12145 I SCS@AiSearch user 0: (PackageBroadcastReceiver) onReceive android.intent.action.PACKAGE_CHANGED
04-30 01:16:46.304 12145 12145 I SCS@AiSearch user 0: (PackageBroadcastReceiver) packageName: ru.mail.cloud
04-30 01:16:46.304 12145 12145 I SCS@AiSearch user 0: (PackageBroadcastReceiver) Packages changed: [ru.mail.cloud]
04-30 01:16:46.306  3597  3651 I DWBLocalPackageManager: onPackageAdded Already Exist : ru.mail.cloud
04-30 01:16:46.315 13027 14355 I gpe     : Started new READ_ONLY transaction readtx10 [(Unnamed)]
04-30 01:16:46.318  5429  5615 I InputReader: Reconfiguring input devices, changes=KEYBOARD_LAYOUTS |
04-30 01:16:46.324  5787  5787 D ImsResolver: maybeAddedImsService, packageName: ru.mail.cloud
04-30 01:16:46.326 12145 12145 I SCS@AiSearch user 0: (AppsDataObserver) scheduling worker CMD_UPDATE_LIST
04-30 01:16:46.331 14427 14444 W libc    : Access denied finding property "sys.perf.boostopt"
04-30 01:16:46.362  9694 13063 W Role    : Default holder doesn't have required signing certificate: com.google.android.apps.work.clouddpc:23962F4B43B9857638EA66F4D419518EAE282491ACDA4B94707BD59003C45E58
04-30 01:16:46.375 12145 12220 I SCS@AiSearch user 0: (JobServiceLoggingWorker) [androidx.work-1] entering in doWork():
04-30 01:16:46.376  5091 11569 D AF::TrackHandle: OpPlayAudio: track:102 usage:2 not muted
04-30 01:16:46.379  4924  4924 D Zygote  : Forked child process 14448
04-30 01:16:46.381 13027 14355 I gpe     : Closing transaction readtx10 [(Unnamed)]: Stats[3 Reads (rows: 1)] after 67 ms
04-30 01:16:46.383  5429  5579 D SEP_UNION_SemDeviceInfoManagerService: sendIntentAction() action = android.intent.action.PACKAGE_CHANGED, tag =
04-30 01:16:46.389 13195 13213 W System  : A resource failed to call ContentProviderClient.close.
04-30 01:16:46.389 13195 13213 W System  : A resource failed to call ContentProviderClient.close.
04-30 01:16:46.389 13195 13213 W System  : A resource failed to call ContentProviderClient.close.
04-30 01:16:46.389 13195 13213 W System  : A resource failed to call ContentProviderClient.close.
04-30 01:16:46.389 13195 13213 W System  : A resource failed to call ContentProviderClient.close.
04-30 01:16:46.389 13195 13213 W System  : A resource failed to call ContentProviderClient.close.
04-30 01:16:46.401 30902 31671 W StepServerDataSyncReceiver: [STB SS] status = true, false
04-30 01:16:46.409  5091 11569 D AF::TrackHandle: OpPlayAudio: track:102 usage:2 not muted
04-30 01:16:46.409 12145 12220 I SCS@AiSearch user 0: (JobServiceLoggingWorker) JobService Information:
04-30 01:16:46.409 12145 12220 I SCS@AiSearch user 0: JobId = 153827, WorkId = 9b111a2d-6630-40b3-9998-5f0c8943995f, triggerUri = content://call_log
04-30 01:16:46.409 12145 12220 I SCS@AiSearch user 0: JobId = 153972, WorkId = d49c97ab-d2ee-45fc-b6db-b0a880b19302, triggerUri = content://com.android.contacts/contacts
04-30 01:16:46.409 12145 12220 I SCS@AiSearch user 0: JobId = 154015, WorkId = 1f67c576-f624-4b98-985a-09739901ffba, triggerUri = content://media/external/file
04-30 01:16:46.409 12145 12220 I SCS@AiSearch user 0: JobId = 153823, WorkId = 8c24db0a-0b17-4e43-87e9-1db9427f3f4e, triggerUri = content://com.samsung.android.app.reminder
04-30 01:16:46.409 12145 12220 I SCS@AiSearch user 0: JobId = 153839, WorkId = 5d05abb6-6cc3-4046-8df4-9997ad57465f, triggerUri = content://com.android.calendar/events
04-30 01:16:46.409 12145 12220 I SCS@AiSearch user 0: JobId = 153842, WorkId = 4b3bbe07-8ebe-4747-84bd-e19299a3978a, triggerUri = content://com.android.calendar/syncTasks
04-30 01:16:46.409 12145 12220 I SCS@AiSearch user 0: JobId = 153954, WorkId = ecb27fa1-7cea-46e5-9862-5e0b659b134c, triggerUri = content://secmedia/video/media
04-30 01:16:46.411 12145 12220 I SCS@AiSearch user 0: (JobServiceLoggingWorker) [androidx.work-1] leaving from doWork():
04-30 01:16:46.412  5091 11569 D AF::TrackHandle: OpPlayAudio: track:102 usage:2 not muted
04-30 01:16:46.414  5091 11569 D AF::TrackHandle: OpPlayAudio: track:102 usage:2 not muted
04-30 01:16:46.428 12921 14426 D StrictMode: StrictMode policy violation: android.os.strictmode.DiskReadViolation
04-30 01:16:46.428 12921 14426 D StrictMode: 	at android.os.StrictMode$AndroidBlockGuardPolicy.onReadFromDisk(StrictMode.java:1658)
04-30 01:16:46.428 12921 14426 D StrictMode: 	at libcore.io.BlockGuardOs.access(BlockGuardOs.java:74)
04-30 01:16:46.428 12921 14426 D StrictMode: 	at libcore.io.ForwardingOs.access(ForwardingOs.java:128)
04-30 01:16:46.428 12921 14426 D StrictMode: 	at android.app.ActivityThread$AndroidOs.access(ActivityThread.java:8610)
04-30 01:16:46.428 12921 14426 D StrictMode: 	at java.io.UnixFileSystem.checkAccess(UnixFileSystem.java:281)
04-30 01:16:46.428 12921 14426 D StrictMode: 	at java.io.File.exists(File.java:813)
04-30 01:16:46.428 12921 14426 D StrictMode: 	at android.app.SharedPreferencesImpl$EditorImpl.isSpeg(SharedPreferencesImpl.java:505)
04-30 01:16:46.428 12921 14426 D StrictMode: 	at android.app.SharedPreferencesImpl$EditorImpl.apply(SharedPreferencesImpl.java:517)
04-30 01:16:46.428 12921 14426 D StrictMode: 	at ioe.<init>(PG:6)
04-30 01:16:46.428 12921 14426 D StrictMode: 	at hhx.<init>(Unknown Source:12)
04-30 01:16:46.428 12921 14426 D StrictMode: 	at qgg.<init>(Unknown Source:8)
04-30 01:16:46.428 12921 14426 D StrictMode: 	at qgg.c(PG:2)
04-30 01:16:46.428 12921 14426 D StrictMode: 	at xko.apply(PG:20)
04-30 01:16:46.428 12921 14426 D StrictMode: 	at auvz.c(PG:2)
04-30 01:16:46.428 12921 14426 D StrictMode: 	at auwa.run(PG:9)
04-30 01:16:46.428 12921 14426 D StrictMode: 	at auwy.execute(Unknown Source:0)
04-30 01:16:46.428 12921 14426 D StrictMode: 	at auxy.addListener(PG:4)
04-30 01:16:46.428 12921 14426 D StrictMode: 	at auwa.e(PG:3)
04-30 01:16:46.428 12921 14426 D StrictMode: 	at aafh.g(PG:5)
04-30 01:16:46.428 12921 14426 D StrictMode: 	at aafh.c(PG:1)
04-30 01:16:46.428 12921 14426 D StrictMode: 	at umf.x(Unknown Source:4)
04-30 01:16:46.428 12921 14426 D StrictMode: 	at szj.a(PG:36)
04-30 01:16:46.428 12921 14426 D StrictMode: 	at auwm.a(PG:3)
04-30 01:16:46.428 12921 14426 D StrictMode: 	at auvy.c(PG:2)
04-30 01:16:46.428 12921 14426 D StrictMode: 	at auwa.run(PG:9)
04-30 01:16:46.428 12921 14426 D StrictMode: 	at ylm.run(PG:1)
04-30 01:16:46.428 12921 14426 D StrictMode: 	at java.util.concurrent.ThreadPoolExecutor.runWorker(ThreadPoolExecutor.java:1137)
04-30 01:16:46.428 12921 14426 D StrictMode: 	at java.util.concurrent.ThreadPoolExecutor$Worker.run(ThreadPoolExecutor.java:637)
04-30 01:16:46.428 12921 14426 D StrictMode: 	at xje.run(PG:23)
04-30 01:16:46.428 12921 14426 D StrictMode: 	at java.lang.Thread.run(Thread.java:1012)
04-30 01:16:46.428 12921 14426 D StrictMode: 	at ylp.run(PG:6)
04-30 01:16:46.428  5429  6109 D PackageManager: setEnabledSetting : userId = 0 packageName = com.samsung.android.scs cmp = androidx.work.impl.background.systemalarm.RescheduleReceiver newState = 1 callingPackage = 10380/com.samsung.android.scs
04-30 01:16:46.429  5091 12900 D AF::TrackHandle: OpPlayAudio: track:102 usage:2 not muted
04-30 01:16:46.430  5429  6109 D ApplicationPolicy: getApplicationStateEnabled : pkg = com.samsung.android.scs userId : 0
04-30 01:16:46.431  5429  6109 D ApplicationPolicy: getApplicationComponentState : pkg = com.samsung.android.scs userId : 0
04-30 01:16:46.436 14427 14444 W libc    : Access denied finding property "sys.perf.boostopt"
04-30 01:16:46.463 14427 14427 D CompatibilityChangeReporter: Compat change id reported: 171979766; UID 10117; state: ENABLED
04-30 01:16:46.492  9200 14451 I Fitness : OnPackageChangedOperation got intent: Intent { act=android.intent.action.PACKAGE_CHANGED dat=package: flg=0x45000010 pkg=com.google.android.gms cmp=com.google.android.gms/.chimera.PersistentIntentOperationService (has extras) } [CONTEXT service_id=17 ]
04-30 01:16:46.498 14448 14448 I nder:appservice: Using CollectorTypeCC GC.
04-30 01:16:46.512 14448 14448 E nder:appservice: Not starting debugger since process cannot load the jdwp agent.
04-30 01:16:46.525 14448 14448 W libc    : Access denied finding property "sys.perf.boostopt"
04-30 01:16:46.527  4899  4899 E audit   : type=1400 audit(1682810206.523:84738): avc:  denied  { read } for  pid=14448 comm="nder:appservice" name="u:object_r:perf_prop:s0" dev="tmpfs" ino=21617 scontext=u:r:platform_app:s0:c512,c768 tcontext=u:object_r:perf_prop:s0 tclass=file permissive=0 SEPF_SM-A515F_13_0001 audit_filtered
04-30 01:16:46.528  4899  4899 E audit   : type=1300 audit(1682810206.523:84738): arch=c00000b7 syscall=56 success=no exit=-13 a0=ffffff9c a1=7fcb563ba8 a2=88000 a3=0 items=0 ppid=4924 pid=14448 auid=4294967295 uid=10077 gid=10077 euid=10077 suid=10077 fsuid=10077 egid=10077 sgid=10077 fsgid=10077 tty=(none) ses=4294967295 comm="nder:appservice" exe="/system/bin/app_process64" subj=u:r:platform_app:s0:c512,c768 key=(null)
04-30 01:16:46.528  4899  4899 E audit   : type=1327 audit(1682810206.523:84738): proctitle="zygote64"
04-30 01:16:46.533 13356 14348 W ru.yandex.disk: Long monitor contention with owner Fetch data Thread #0:ru.yandex.disk.experiments.n (14352) at ru.yandex.disk.remote.k0 ru.yandex.disk.Yatagan$CoreComponent$UserComponentsImpl.G9()(SourceFile:-1) waiters=0 in ru.yandex.disk.remote.k0 ru.yandex.disk.Yatagan$CoreComponent$UserComponentsImpl.G9() for 3.382s
04-30 01:16:46.538 14448 14448 D ActivityThread: setConscryptValidator
04-30 01:16:46.538 14448 14448 D ActivityThread: setConscryptValidator - put
04-30 01:16:46.544 12145 12203 I WM-WorkerWrapper: Worker result SUCCESS for Work [ id=bac49a0c-8d31-49d9-8e5b-8e381cb054ba, tags={ com.samsung.android.scs.ai.search.scheduling.workers.JobServiceLoggingWorker, JobServiceLoggingWorker } ]
04-30 01:16:46.561 14448 14468 W libc    : Access denied finding property "sys.perf.boostopt"
04-30 01:16:46.566  4899  4899 E audit   : type=1400 audit(1682810206.555:84739): avc:  denied  { read } for  pid=14448 comm="binder:14448_1" name="u:object_r:perf_prop:s0" dev="tmpfs" ino=21617 scontext=u:r:platform_app:s0:c512,c768 tcontext=u:object_r:perf_prop:s0 tclass=file permissive=0 SEPF_SM-A515F_13_0001 audit_filtered
04-30 01:16:46.612  9200 14451 I Fitness : FitCleanupIntentOperation received Intent android.intent.action.PACKAGE_CHANGED [CONTEXT service_id=17 ]
04-30 01:16:46.627 14448 14470 W libc    : Access denied finding property "sys.perf.boostopt"
04-30 01:16:46.654 14448 14448 D CompatibilityChangeReporter: Compat change id reported: 171979766; UID 10077; state: ENABLED
04-30 01:16:46.715  9200  6526 I BluetoothAdapter: STATE_ON
04-30 01:16:46.726 12921 14405 E PhenotypeFlagCommitter: Retrieving snapshot for com.google.android.gm#com.google.android.gm_Hub failed
04-30 01:16:46.726 12921 14405 E PhenotypeFlagCommitter: java.util.concurrent.TimeoutException: Timed out waiting for Task
04-30 01:16:46.726 12921 14405 E PhenotypeFlagCommitter: 	at pqe.ah(PG:7)
04-30 01:16:46.726 12921 14405 E PhenotypeFlagCommitter: 	at rsg.j(PG:2)
04-30 01:16:46.726 12921 14405 E PhenotypeFlagCommitter: 	at rsg.k(PG:2)
04-30 01:16:46.726 12921 14405 E PhenotypeFlagCommitter: 	at rsg.h(Unknown Source:6)
04-30 01:16:46.726 12921 14405 E PhenotypeFlagCommitter: 	at hxh.run(PG:8)
04-30 01:16:46.726 12921 14405 E PhenotypeFlagCommitter: 	at java.util.concurrent.ThreadPoolExecutor.runWorker(ThreadPoolExecutor.java:1137)
04-30 01:16:46.726 12921 14405 E PhenotypeFlagCommitter: 	at java.util.concurrent.ThreadPoolExecutor$Worker.run(ThreadPoolExecutor.java:637)
04-30 01:16:46.726 12921 14405 E PhenotypeFlagCommitter: 	at java.lang.Thread.run(Thread.java:1012)
04-30 01:16:46.742  9200  6526 I BluetoothAdapter: STATE_ON
04-30 01:16:46.753  9200  6526 W ChimeraUtils: Module com.google.android.gms.nearby_en missing resource null(0)
04-30 01:16:46.797  5429  5488 W libprocessgroup: Failed to open /dev/blkio//cgroup.procs: No such file or directory
04-30 01:16:46.805  9200  6526 W ChimeraUtils: Module com.google.android.gms.nearby_en missing resource null(0)
04-30 01:16:46.834  9200  6526 W ChimeraUtils: Module com.google.android.gms.nearby_en missing resource null(0)
04-30 01:16:46.938 12145 12145 I SCS@AiSearch user 0: (ObserverWorker::AOSP_MP) [main] entering in startWork():
04-30 01:16:46.939 12145 12145 I SCS@AiSearch user 0: (BaseCollector::AOSP_MP) [main] entering in onChange():
04-30 01:16:46.940 12145 12208 I SCS@AiSearch user 0: (BaseCollector::AOSP_MP) [AOSP_MP-0] entering in collectChanges():
04-30 01:16:46.994 11420 11751 I SamsungAccount: [AccountManagerProvider] Calling package : app.shealth.
04-30 01:16:46.994 11420 11751 I SamsungAccount: [SignatureCheckUtil] runCheckSignatureAsync
04-30 01:16:46.994 11420 11751 I SamsungAccount: [SignaturePreconditionChecker] getSignatureResult - fromSesSdk : false
04-30 01:16:47.005 11420 11751 I SamsungAccount: [SignatureInfoDbHelper] getSignatureResult - [10/1y90e][app.shealth.]
04-30 01:16:47.020  5429  8542 D PackageManager: setEnabledSetting : userId = 0 packageName = com.samsung.android.scs cmp = androidx.work.impl.background.systemalarm.RescheduleReceiver newState = 1 callingPackage = 10380/com.samsung.android.scs
04-30 01:16:47.024  5429  8542 D ApplicationPolicy: getApplicationStateEnabled : pkg = com.samsung.android.scs userId : 0
04-30 01:16:47.025  5429  8542 D ApplicationPolicy: getApplicationComponentState : pkg = com.samsung.android.scs userId : 0
04-30 01:16:47.033 11420 11751 I SamsungAccount: [SignatureInfoDbHelper] searchOnUser
04-30 01:16:47.039 11420 11751 I SamsungAccount: [SignatureInfoDbHelper] searchOnUser - [10/1y90e][app.shealth.][64/14aaf] => matched
04-30 01:16:47.039 11420 11751 I SamsungAccount: [SignatureInfoDbHelper] search - matched
04-30 01:16:47.039 11420 11751 I SamsungAccount: [SignatureCheckUtil] runCheckSignatureAsync(fromDb) - matched
04-30 01:16:47.039 11420 11751 I SamsungAccount: [AccountManagerProvider] This is the access of the allowed application
04-30 01:16:47.064 13611 13643 I LauncherProvider: External provider call by package : com.samsung.android.app.galaxyfinder  for method : get_home_mode
04-30 01:16:47.064 13611 13643 I ExternalMethodFactory: get_home_mode
04-30 01:16:47.172 29954 10104 I Icing   : Indexing done com.google.android.gms-apps
04-30 01:16:47.173 29954 10104 I Icing   : Indexing com.google.android.gms-apps from com.google.android.gms
04-30 01:16:47.175 12961 13714 V NativeCrypto: Registering com/google/android/gms/org/conscrypt/NativeCrypto's 295 native methods...
04-30 01:16:47.176 29954 10104 I Icing   : Indexing done com.google.android.gms-apps
04-30 01:16:47.250 13611 13643 I LauncherProvider: External provider call by package : com.samsung.android.app.galaxyfinder  for method : get_home_mode
04-30 01:16:47.251 13611 13643 I ExternalMethodFactory: get_home_mode
04-30 01:16:47.289  9200  9200 D BoundBrokerSvc: onUnbind: Intent { act=com.google.android.gms.pseudonymous.service.START pkg=com.google.android.gms }
04-30 01:16:47.291 12145 12208 I SCS@AiSearch user 0: (BaseCollector::AOSP_MP) fetchInternal values : maxSyncId: 1000008329 indexCount: 895 sourceCount: 895
04-30 01:16:47.389 13855 14080 W x.disk:passport: Long monitor contention with owner binder:13855_2 (13879) at com.yandex.passport.internal.b com.yandex.passport.internal.core.accounts.g.a()(SourceFile:-1) waiters=0 in com.yandex.passport.internal.b com.yandex.passport.internal.core.accounts.g.a() for 113ms
04-30 01:16:47.441 13022 13226 D TrafficStats: tagSocket(126) with statsTag=0xffffffff, statsUid=-1
04-30 01:16:47.445  5429  5751 D NetdEventListenerService: DNS Requested by : 128, 10336
04-30 01:16:47.556 13356 14350 I downloadWifiLock: [Download Executor Thread:fs.c] wifi lock released WifiLock{ 22a449c; not refcounted }
04-30 01:16:47.556 13356 14350 I ru.yandex.disk: wifi lock released WifiLock{ 22a449c; not refcounted }
04-30 01:16:47.590 12145 12208 I SCS@AiSearch user 0: (IndexManager) [AOSP_MP-0] entering in addIndex():
04-30 01:16:47.595 12145 12208 I SCS@AiSearch user 0: (BaseCollector::AOSP_MP) fetch: fetching took  443 ms
04-30 01:16:47.593 30902 14428 I [SCSDK][C][1.0.04]: [DeviceUtil] : getMnc()
04-30 01:16:47.595 12145 12208 I SCS@AiSearch user 0: (BaseCollector::AOSP_MP) fetchChanges: applied 0 items
04-30 01:16:47.596 12145 12208 I SCS@AiSearch user 0: (BaseCollector::AOSP_MP) Collect finished. Result: true
04-30 01:16:47.596 30902 14428 I [SCSDK][C][1.0.04]: [DeviceUtil] : getMcc()
04-30 01:16:47.598 12145 12204 I WM-WorkerWrapper: Worker result SUCCESS for Work [ id=1f67c576-f624-4b98-985a-09739901ffba, tags={ com.sec.android.app.myfiles, com.samsung.android.scs.ai.search.data.collector.ObserverWorker } ]
04-30 01:16:47.646 13027 13175 I gpe     : Started new READ_ONLY transaction readtx11 [(Unnamed)]
04-30 01:16:47.654 12145 12208 I SCS@AiSearch user 0: (BaseCollector::AOSP_MP) enqueue ObserverWorker name: com.sec.android.app.myfiles, policy: APPEND_OR_REPLACE
04-30 01:16:47.658 29954  1536 I MdiSyncModule: Receiving API connection from package 'com.google.android.gm'...
04-30 01:16:47.670  5429  5488 W libprocessgroup: Failed to open /dev/blkio//cgroup.procs: No such file or directory
04-30 01:16:47.674  5429  5488 W libprocessgroup: Failed to open /dev/blkio//cgroup.procs: No such file or directory
04-30 01:16:47.718  5429  5486 I libprocessgroup: Successfully killed process cgroup uid 5012 pid 11870 in 12ms
04-30 01:16:47.722 13027 14355 I gpe     : Closing transaction readtx11 [(Unnamed)]: Stats[2 Reads (rows: 0)] after 75 ms
04-30 01:16:47.723 13027 14355 I gpe     : Started new READ_ONLY transaction readtx12 [(Unnamed)]
04-30 01:16:47.726 13027 14355 I gpe     : Closing transaction readtx12 [(Unnamed)]: Stats[1 Reads (rows: 0)] after 3 ms
04-30 01:16:47.777 29954  1536 I MdiSyncModule: API connection successful!
04-30 01:16:47.779 12235 12258 D Benchmark: timeNs[ 0:10]: 110882 113301 98521 97972 100876 101265 103923 101186 99826 101999
04-30 01:16:47.779 12235 12258 D Benchmark: timeNs[10:20]: 99191 99591 104155 98023 101384 100697 97009 98561 106501 95195
04-30 01:16:47.779 12235 12258 D Benchmark: timeNs[20:30]: 99615 98526 99909 101347 102509 103879 110048 97978 96499 100495
04-30 01:16:47.779 12235 12258 D Benchmark: timeNs[30:40]: 99074 100252 105277 110795 100265 119684 98085 96339 97870 102186
04-30 01:16:47.779 12235 12258 D Benchmark: timeNs[40:50]: 98852 98088 99716 104785 103035 98491 101213 100387 100931 105536
