04-10 01:38:03.502  5311  5555 I ExynosCameraBufferSupplier: [CAM(1)][BufferSupplier]-(createBufferManager[181]):[SKIP_BUF]Created. P 6,-1,-1,-1,-1, T 1
04-10 01:38:03.506  5311  5555 I ExynosCameraBufferManager: [CAM(1)][SKIP_BUF]-(m_defaultAlloc[934]):duration time (    2 msec) alloc count=7, total count=7, type=0, size=4096, batchSize=1, reserved count=0, non-cache => 0 0 1 0 0 0 1
04-10 01:38:03.506  5311  5555 I ExynosCameraBufferManager: DEBUG:duration time(    4 msec):(alloc)
04-10 01:38:03.507  5311  5555 I ExynosCameraFrameFactoryPreview: [CAM(1)][Front_0]-(fastenAeStable[115]): Start
04-10 01:38:03.507  5311  5555 I ExynosCameraFrameFactoryPreview: [CAM(1)][Front_0]-(fastenAeStable[180]):numFrames = 7 hwSensorW = 1632 hwSensorH = 1224 sensorFrameRate = 120
04-10 01:38:03.507  5311  5555 I ExynosCameraFrameFactoryPreview: [CAM(1)][Front_0]-(m_initPipesFastenAeStable[2096]):Set framerate (denominator=120)
04-10 01:38:03.507  5311  5555 W ExynosCameraNode: [CAM(1)][FLITE]-(setFormat[750]):name(FLITE) fd 15, bytesperline(0) < width(32), height(64)
04-10 01:38:03.507  5311  5555 W ExynosCameraNode: [CAM(1)][3AA_CAPTURE]-(setFormat[750]):name(3AA_CAPTURE) fd 82, bytesperline(0) < width(1632), height(1224)
04-10 01:38:03.508  5311  5555 W ExynosCameraNode: [CAM(1)][3AA_PREVIEW]-(setFormat[750]):name(3AA_PREVIEW) fd 83, bytesperline(0) < width(1632), height(1224)
04-10 01:38:03.508  5311  5555 I ExynosCameraMCPipe: [CAM(1)][PIPE_3AA]-(setupPipe[241]):setupPipe() is succeed, Pipe(6), prepare(4)
04-10 01:38:03.508  5311  5555 W ExynosCameraNode: [CAM(1)][ISP_OUTPUT]-(setFormat[750]):name(ISP_OUTPUT) fd 85, bytesperline(0) < width(1632), height(1224)
04-10 01:38:03.508  5311  5555 W ExynosCameraNode: [CAM(1)][ISP_CAPTURE]-(setFormat[750]):name(ISP_CAPTURE) fd 86, bytesperline(0) < width(1632), height(1224)
04-10 01:38:03.508  5311  5555 W ExynosCameraNode: [CAM(1)][MCSC_PREVIEW]-(setFormat[750]):name(MCSC_PREVIEW) fd 95, bytesperline(0) < width(1632), height(1224)
04-10 01:38:03.508  5311  5555 W ExynosCameraNode: [CAM(1)][MCSC_PREVIEW_CALLBACK]-(setFormat[750]):name(MCSC_PREVIEW_CALLBACK) fd 96, bytesperline(0) < width(1632), height(1224)
04-10 01:38:03.508  5311  5555 W ExynosCameraNode: [CAM(1)][MCSC_RECORDING]-(setFormat[750]):name(MCSC_RECORDING) fd 97, bytesperline(0) < width(1632), height(1224)
04-10 01:38:03.509  5311  5555 W ExynosCameraNode: [CAM(1)][MCSC_DS]-(setFormat[750]):name(MCSC_DS) fd 98, bytesperline(0) < width(640), height(480)
04-10 01:38:03.509  5311  5555 I ExynosCameraMCPipe: [CAM(1)][PIPE_ISP]-(setupPipe[241]):setupPipe() is succeed, Pipe(11), prepare(0)
04-10 01:38:03.534  5311  5555 W ExynosCameraNode: [CAM(1)][PIPE_VRA]-(setFormat[750]):name(PIPE_VRA) fd 101, bytesperline(0) < width(640), height(480)
04-10 01:38:03.534  5311  5555 I ExynosCameraPipe: [CAM(1)][PIPE_VRA]-(setupPipe[165]):setupPipe() is succeed (33) prepare (0)
04-10 01:38:03.534  5311  5555 I ExynosCameraUtils: INFO(setMetaCtlAeTargetFpsRange):aeTargetFpsRange(min=120, min=120)
04-10 01:38:03.535  5311  5555 I ExynosCameraUtils: INFO(setMetaCtlAeTargetFpsRange):aeTargetFpsRange(min=120, min=120)
04-10 01:38:03.535  5311  5555 I ExynosCameraUtils: INFO(setMetaCtlAeTargetFpsRange):aeTargetFpsRange(min=120, min=120)
04-10 01:38:03.535  5311  5555 I ExynosCameraUtils: INFO(setMetaCtlAeTargetFpsRange):aeTargetFpsRange(min=120, min=120)
04-10 01:38:03.535  5311  5555 I ExynosCameraUtils: INFO(setMetaCtlAeTargetFpsRange):aeTargetFpsRange(min=120, min=120)
04-10 01:38:03.535  5311  5555 I ExynosCameraUtils: INFO(setMetaCtlAeTargetFpsRange):aeTargetFpsRange(min=120, min=120)
04-10 01:38:03.536  5311  5555 I ExynosCameraUtils: INFO(setMetaCtlAeTargetFpsRange):aeTargetFpsRange(min=120, min=120)
04-10 01:38:03.536  5311  5555 I ExynosCameraMCPipe: [CAM(1)][PIPE_ISP]-(start[296]):start() is succeed, Pipe(11)
04-10 01:38:03.539  5311  5555 I ExynosCameraMCPipe: [CAM(1)][PIPE_3AA]-(instantOn[842]):instantOn() is succeed, Pipe(6), Frames(7)
04-10 01:38:03.539  5311  5555 I ExynosCameraFrameFactoryPreview: [CAM(1)][Front_0]-(fastenAeStable[377]): Start S_STREAM
04-10 01:38:03.736  5311  5555 I ExynosCameraFrameFactoryPreview: [CAM(1)][Front_0]-(fastenAeStable[386]): End S_STREAM
04-10 01:38:03.736  5311  5555 I ExynosCameraMCPipe: [CAM(1)][PIPE_3AA]-(forceDone[579]):forceDone() is succeed, Pipe(6)
04-10 01:38:03.737  5311  5555 I ExynosCameraMCPipe: [CAM(1)][PIPE_3AA]-(instantOff[876]):instantOff() is succeed, Pipe(6)
04-10 01:38:03.738  5311  5555 I ExynosCameraMCPipe: [CAM(1)][PIPE_ISP]-(stop[351]):stop() is succeed, Pipe(11)
04-10 01:38:03.738  5311  5555 I ExynosCameraFrameFactoryPreview: [CAM(1)][Front_0]-(fastenAeStable[442]):set framerate (denominator=30)
04-10 01:38:03.738  5311  5555 I ExynosCameraFrameFactoryPreview: [CAM(1)][Front_0]-(fastenAeStable[470]):Done
04-10 01:38:03.740  5311  5555 I ExynosCameraBufferManager: DEBUG:duration time(    1 msec):(m_free)
04-10 01:38:03.742  5311  5555 I SehCamDevSession@5.0-impl: [CAMKPI] camera3->process_capture_request : X
04-10 01:38:03.742  5311  4979 I ExynosCameraSec: [CAM(1)][Front_0]-(m_sensorListenerThreadFunc[30663]):
04-10 01:38:03.742  5466  4952 W HidlCamera3-Device: processBatchCaptureRequests: sehProcessCaptureRequest_5_0 return time exceeds 100000us (307325)us
04-10 01:38:03.743  5466  4952 D Camera3-Device: CameraPerf: sendRequestsBatch X (310ms)
04-10 01:38:03.745  5311  4978 I ExynosCameraSec: [CAM(1)][Front_0]-(m_frameFactoryStartThreadFunc[579]):
04-10 01:38:03.746  5311  4978 I ExynosCameraSec: [CAM(1)][Front_0]-(m_frameFactoryStartThreadFunc[703]):opening hint(1)
04-10 01:38:03.746  5311  4978 I ExynosCameraParameters: [CAM(1)][Front_0]-(m_getSetfileYuvRange_Mass[2628]):wdr_mode (1)
04-10 01:38:03.746  5311  4978 I ExynosCameraParameters: [CAM(1)][Front_0]-(m_getSetfileYuvRange_Mass[2628]):wdr_mode (1)
04-10 01:38:03.746  5311  4978 I ExynosCameraSec: [CAM(1)][Front_0]-(m_setSetfile_Mass[1636]):configMode(0), PIPMode(0)
04-10 01:38:03.746  5311  4978 I ExynosCameraFrameFactoryPreview: [CAM(1)][Front_0]-(initPipes[478]):
04-10 01:38:03.746  5311  4978 I ExynosCameraFrameFactoryPreviewSec: [CAM(1)][Front_0]-(m_setupConfig[256]):
04-10 01:38:03.746  5311  4978 I ExynosCameraFrameFactoryPreview: [CAM(1)][Front_0]-(m_setDeviceInfo[731]):
04-10 01:38:03.746  5311  4978 I ExynosCameraFrameFactoryPreview: [CAM(1)][Front_0]-(m_initPipes[1060]):
04-10 01:38:03.746  5311  4978 I ExynosCameraFrameFactoryPreview: [CAM(1)][Front_0]-(m_initPipes[1139]):MaxSensorSize 2640x1980 bayerFormat BG12
04-10 01:38:03.746  5311  4978 I ExynosCameraFrameFactoryPreview: [CAM(1)][Front_0]-(m_initPipes[1141]):BnsSize 2640x1488 BcropSize 2640x1488 BdsSize 264x148
04-10 01:38:03.746  5311  4978 I ExynosCameraFrameFactoryPreview: [CAM(1)][Front_0]-(m_initPipes[1143]):DS Size 640x480 Format NV16 Buffer count 10
04-10 01:38:03.746  5311  4978 I ExynosCameraFrameFactoryPreview: [CAM(1)][Front_0]-(m_initPipes[1145]):HwPictureSize(3264x2448)
04-10 01:38:03.746  5311  4978 I ExynosCameraFrameFactoryPreview: [CAM(1)][Front_0]-(m_initPipes[1146]):MaxThumbnailSize(512x384)
04-10 01:38:03.747  5311  4978 I ExynosCameraFrameFactoryPreview: [CAM(1)][Front_0]-(m_initPipes[1176]):YUV[0] Size 176x144 Format NM21 PixelSizeNum 0 Buffer count 32
04-10 01:38:03.747  5311  4978 I ExynosCameraFrameFactoryPreview: [CAM(1)][Front_0]-(m_initPipes[1176]):YUV[1] Size 0x0 Format NV21 PixelSizeNum 0 Buffer count 1
04-10 01:38:03.747  5311  4978 I ExynosCameraFrameFactoryPreview: [CAM(1)][Front_0]-(m_initPipes[1176]):YUV[2] Size 0x0 Format NV21 PixelSizeNum 0 Buffer count 1
04-10 01:38:03.747  5311  4978 I ExynosCameraFrameFactoryPreview: [CAM(1)][Front_0]-(m_initPipes[1195]):Set framerate (denominator=30)
04-10 01:38:03.747  5311  4978 W ExynosCameraNode: [CAM(1)][FLITE]-(setFormat[750]):name(FLITE) fd 15, bytesperline(0) < width(32), height(64)
04-10 01:38:03.748  5311  4979 I SensorListener: enableSensor : numSensors=36/36, sen_list = 0xe7b5d460/0xe7b5d460
04-10 01:38:03.748  5311  4978 I ExynosCameraMCPipe: [CAM(1)][PIPE_3AA]-(setupPipe[241]):setupPipe() is succeed, Pipe(6), prepare(4)
04-10 01:38:03.748  5311  4978 W ExynosCameraNode: [CAM(1)][ME_PREVIEW]-(setFormat[750]):name(ME_PREVIEW) fd 90, bytesperline(0) < width(320), height(240)
04-10 01:38:03.749  5311  4978 W ExynosCameraNode: [CAM(1)][MCSC_DS]-(setFormat[750]):name(MCSC_DS) fd 98, bytesperline(0) < width(640), height(480)
04-10 01:38:03.749  5311  4978 I ExynosCameraMCPipe: [CAM(1)][PIPE_ISP]-(setupPipe[241]):setupPipe() is succeed, Pipe(11), prepare(0)
04-10 01:38:03.749  5311  4978 W ExynosCameraNode: [CAM(1)][PIPE_VRA]-(setFormat[750]):name(PIPE_VRA) fd 101, bytesperline(0) < width(640), height(480)
04-10 01:38:03.750  5311  4978 I ExynosCameraPipe: [CAM(1)][PIPE_VRA]-(setupPipe[165]):setupPipe() is succeed (33) prepare (0)
04-10 01:38:03.750  5311  4978 I ExynosCameraFrameFactory: [CAM(1)][Front_0]-(m_initFlitePipe[241]):
04-10 01:38:03.750  5311  4978 I ExynosCameraFrameFactory: [CAM(1)][Front_0]-(m_initFlitePipe[254]):SensorSize(2640x1488)
04-10 01:38:03.750  5311  4978 I ExynosCameraFrameFactory: [CAM(1)][Front_0]-(m_initFlitePipe[271]):BNS scale down ratio(1.0), size (2640x1488)
04-10 01:38:03.750  5311  4978 I ExynosCameraParameters: [CAM(1)][Front_0]-(updateHwSensorSize[818]):curHwSensor size(2640x1488) newHwSensor size(2640x1488)
04-10 01:38:03.750  5311  4978 I ExynosCameraFrameFactoryPreview: [CAM(1)][Front_0]-(mapBuffers[563]):Map buffer Success!
04-10 01:38:03.750  5311  4978 I ExynosCameraSec: [CAM(1)][Front_0]-(m_initUniPP[33290]):IN
04-10 01:38:03.750  5311  4978 I ExynosCameraSec: [CAM(1)][Front_0]-(m_initUniPP[33340]):OUT
04-10 01:38:03.752  5311  4978 E SensorListener: Sensor(8) is not enabled yet!
04-10 01:38:03.753  5311  4978 E SensorListener: Sensor(8) is not enabled yet!
04-10 01:38:03.755  5311  4978 E SensorListener: Sensor(8) is not enabled yet!
04-10 01:38:03.760  5311  4978 I ExynosCameraMCPipe: [CAM(1)][PIPE_ISP]-(start[296]):start() is succeed, Pipe(11)
04-10 01:38:03.761  5311  4978 I ExynosCameraMCPipe: [CAM(1)][PIPE_3AA]-(start[296]):start() is succeed, Pipe(6)
04-10 01:38:03.761  5311  4978 I ExynosCameraMCPipe: [CAM(1)][PIPE_3AA]-(m_putBuffer[1639]):Internal Frame(7), frameCount(1), (1)
04-10 01:38:03.763  5311  4978 I ExynosCameraMCPipe: [CAM(1)][PIPE_3AA]-(prepare[268]):prepare() is succeed, Pipe(6), prepare(4/4)
04-10 01:38:03.763  5311  4978 I ExynosCameraMCPipe: [CAM(1)][PIPE_3AA]-(sensorStream[446]):
04-10 01:38:03.773  5311  4978 I ExynosCameraFrameFactoryPreviewSec: [CAM(1)][Front_0]-(startPipes[870]):Starting Success!
04-10 01:38:03.774  5311  4978 I ExynosCameraFrameFactoryPreview: [CAM(1)][Front_0]-(startInitialThreads[581]):start pre-ordered initial pipe thread
04-10 01:38:03.774  5311  4978 I ExynosCameraFrameFactoryBase: [CAM(1)][Front_0]-(startThread[231]):pipeId=6
04-10 01:38:03.775  5311  4978 I ExynosCameraMCPipe: [CAM(1)][PIPE_3AA]-(startThread[383]):startThread is succeed, Pipe(6), standby(0)
04-10 01:38:03.775  5311  4978 I ExynosCameraFrameFactoryBase: [CAM(1)][Front_0]-(startThread[231]):pipeId=11
04-10 01:38:03.777  5311  4978 I ExynosCameraMCPipe: [CAM(1)][PIPE_ISP]-(startThread[383]):startThread is succeed, Pipe(11), standby(0)
04-10 01:38:03.777  5311  4978 I ExynosCameraFrameFactoryBase: [CAM(1)][Front_0]-(startThread[231]):pipeId=33
04-10 01:38:03.777  5311  4978 I ExynosCameraPipe: [CAM(1)][PIPE_VRA]-(startThread[319]):IN
04-10 01:38:03.777  5311  4978 I ExynosCameraPipe: [CAM(1)][PIPE_VRA]-(startThread[328]):startThread is succeed Pipe(33)
04-10 01:38:03.778  5311  4978 I ExynosCameraSec: [CAM(1)][Front_0]-(m_frameFactoryStartThreadFunc[888]):Threads run start
04-10 01:38:03.778  5311  4986 I ExynosCamera: [CAM(1)][Front_0]-(m_startPictureBufferThreadFunc[5683]):
04-10 01:38:03.778  5311  4986 I ExynosCamera: DEBUG:duration time(    0 msec):(m_startPictureBufferThreadFunc)
04-10 01:38:03.780  5311  4991 I ExynosCamera: [CAM(1)][Front_0]-(m_mainPreviewThreadFunc[1284]):Wait to run FrameFactory. state(3)
04-10 01:38:03.780  5311  4978 I ExynosCameraSec: DEBUG:duration time(   34 msec):(m_frameFactoryStartThreadFunc)
04-10 01:38:03.821  5311  4982 I ExynosCameraMCPipe: [CAM(1)][PIPE_3AA]-(m_getBuffer[2419]):InternalFrame(7) frameCount(1)                        : captureNodeCount == 0 || checkRet(0) != NO_ERROR.                        so, setFrameState(FRAME_STATE_SKIPPED), (1)
04-10 01:38:03.922  5311  4987 I ExynosCameraSec: [CAM(1)][Front_0]-(m_handlePreviewFrame[13095]):first frame(F4(11) T2) 3AA DONE
04-10 01:38:03.929  5311  4985 W ExynosCameraPipeVRA: [CAM(1)][PIPE_VRA]-(m_putBuffer[148]):wait timeout
04-10 01:38:03.929  5311  4985 I ExynosCameraNode: [CAM(1)][PIPE_VRA]-(dumpState[1057]):Node state(1)
04-10 01:38:03.929  5311  4988 I ExynosCameraSec: [CAM(1)][Front_0]-(m_handlePreviewFrame[13179]):first frame(F4(11)), type(2) ISP DONE
04-10 01:38:03.929  5311  4988 I ExynosCameraSec: [CAM(1)][Front_0]-(m_handlePreviewFrame[13371]):============= First Preview time ==================
04-10 01:38:03.930  5311  4988 I ExynosCameraSec: [CAM(1)][Front_0]-(m_handlePreviewFrame[13372]):= configureStream ~ first frame  : 540 msec
04-10 01:38:03.930  5311  4988 I ExynosCameraSec: [CAM(1)][Front_0]-(m_handlePreviewFrame[13373]):===================================================
04-10 01:38:03.931  5311  4989 W ExynosCamera: [CAM(1)][Front_0]-(m_previewStreamVRAPipeThreadFunc[5112]):wait timeout
04-10 01:38:03.933  5466  5549 D Camera3-OutputStream: returnBufferCheckedLocked: First frame for stream 0, width 176, height 144, format 34
04-10 01:38:03.934  5311  4968 I SehCamDevSession@5.0-impl: [CAMKPI] camera3->process_capture_result : E
04-10 01:38:03.935  5311  4968 I SehCamDevSession@5.0-impl: [CAMKPI] camera3->process_capture_result : X
04-10 01:38:03.945 27185  4948 I CameraLightSensor_Service: open preview end
04-10 01:38:03.976 27185  4948 I CameraLightSensor_Service: open preview end
04-10 01:38:03.997  5311  4992 I ExynosCamera: [CAM(1)][Front_0]-(m_monitorThreadFunc[7405]):@FIMC_IS_SYNC 18
04-10 01:38:03.999 27185  4948 I CameraLightSensor_Service: open preview end
04-10 01:38:03.999 27185  4948 I CameraLightSensor_Service: converged or locked aEState value =2
04-10 01:38:03.999 27185  4948 I CameraLightSensor_Service: exposure time=2.0E7 EV= 50 BV= 350.0 aEState=2 testPatternMode : 0
04-10 01:38:04.008  5665 27184 D CameraLightSensor_Manager:  Exposure= 50.0 Brightness= 350.0 Total listeners= 1
04-10 01:38:04.008  5665 27184 D MotionRecognitionService: Ev-lux map, exposure= 50.0 brightness= 350.0
04-10 01:38:04.009  5665 27184 D MotionRecognitionService: values = 100.0
04-10 01:38:04.009  5665 27184 D MotionRecognitionService: onReceive lux: 100.0  action:
04-10 01:38:04.009  5665 27184 D MotionRecognitionService: Inject brightness form Cam 100.0
04-10 01:38:04.009  5665 27184 D MotionRecognitionService: Inject calibrated lux
04-10 01:38:04.010  5297  5297 I SensorsHub: AutoBrightnessSensor::injectSensorData: camLux 100
04-10 01:38:04.010 27185 27203 I CameraLightSensor_Service: stopTask called, isCameraStopPending : false
04-10 01:38:04.015  5466  8330 D Camera3-Device: flush: mInterfaceLock.lock()
04-10 01:38:04.015  5466  8330 I Camera3-Device: Creating CameraServiceWatchDog with cycles = 80, cycleLength = 100 ms and Timer = 8000 ms
04-10 01:38:04.016  5466  8330 I Camera3-Device: CameraServiceWatchDog::watchThread for mRequestThread->flush() with cycles = 80, cycleLength = 100 ms and Timer = 8000 ms
04-10 01:38:04.016  5466  8330 D HidlCamera3-Device: CameraPerf: flush E
04-10 01:38:04.016  5311 15018 I ExynosCameraInterface: INFO(HAL3_camera_device_flush[502]):in =====
04-10 01:38:04.017  5466  4952 I Camera3-Status: markComponent: Component 1 is now idle - RequestThread
04-10 01:38:04.020  5311  4992 I ExynosCamera: [CAM(1)][Front_0]-(m_monitorThreadFunc[7295]):Flush is in progress
04-10 01:38:04.020  5311  4991 W ExynosCamera: [CAM(1)][Front_0]-(m_waitShotDone[2328]):wait timeout
04-10 01:38:04.021  5311 15018 I ExynosCameraMCPipe: [CAM(1)][PIPE_3AA]-(stopThread[410]):stopThread is succeed, Pipe(6)
04-10 01:38:04.021  5311  4981 W ExynosCameraMCPipe: [CAM(1)][PIPE_3AA]-(m_putBuffer[1582]):inputFrameQ wait timeout,Duration(1),LogCnt(1)
04-10 01:38:04.021  5311 15018 I ExynosCameraMCPipe: [CAM(1)][PIPE_ISP]-(stopThread[410]):stopThread is succeed, Pipe(11)
04-10 01:38:04.021  5311 15018 I ExynosCameraMCPipe: [CAM(1)][PIPE_3AA]-(sensorStream[446]):
04-10 01:38:04.021  5311  4983 W ExynosCameraMCPipe: [CAM(1)][PIPE_ISP]-(m_putBuffer[1582]):inputFrameQ wait timeout,Duration(1),LogCnt(1)
04-10 01:38:04.022  5311  4984 W ExynosCameraMCPipe: [CAM(1)][PIPE_ISP]-(m_getBuffer[2091]):requestFrameQ wait timeout,Duration(1),LogCnt(1)
04-10 01:38:04.058  5311 15018 I ExynosCameraMCPipe: [CAM(1)][PIPE_3AA]-(forceDone[579]):forceDone() is succeed, Pipe(6)
04-10 01:38:04.114  5311 15018 I ExynosCameraMCPipe: [CAM(1)][PIPE_3AA]-(stop[351]):stop() is succeed, Pipe(6)
04-10 01:38:04.114  5311 15018 I ExynosCameraMCPipe: [CAM(1)][PIPE_ISP]-(forceDone[579]):forceDone() is succeed, Pipe(11)
04-10 01:38:04.115  5311 15018 I ExynosCameraMCPipe: [CAM(1)][PIPE_ISP]-(stop[351]):stop() is succeed, Pipe(11)
04-10 01:38:04.115  5311 15018 I ExynosCameraPipe: [CAM(1)][PIPE_PP_UNI0]-(m_dumpRunningFrameList[1680]):last fcount(HAL:0, DRV:0)
04-10 01:38:04.115  5311 15018 I ExynosCameraPipe: [CAM(1)][PIPE_PP_UNI0]-(m_dumpRunningFrameList[1681]):*********runningFrameList dump***********
04-10 01:38:04.115  5311 15018 I ExynosCameraPipe: [CAM(1)][PIPE_PP_UNI0]-(m_dumpRunningFrameList[1682]):m_numBuffers : 0
04-10 01:38:04.116  5311 15018 I ExynosCameraPipe: [CAM(1)][PIPE_PP_UNI1]-(m_dumpRunningFrameList[1680]):last fcount(HAL:0, DRV:0)
04-10 01:38:04.116  5311 15018 I ExynosCameraPipe: [CAM(1)][PIPE_PP_UNI1]-(m_dumpRunningFrameList[1681]):*********runningFrameList dump***********
04-10 01:38:04.116  5311 15018 I ExynosCameraPipe: [CAM(1)][PIPE_PP_UNI1]-(m_dumpRunningFrameList[1682]):m_numBuffers : 0
04-10 01:38:04.116  5311 15018 I ExynosCameraPipe: [CAM(1)][PIPE_PP_UNI2]-(m_dumpRunningFrameList[1680]):last fcount(HAL:0, DRV:0)
04-10 01:38:04.116  5311 15018 I ExynosCameraPipe: [CAM(1)][PIPE_PP_UNI2]-(m_dumpRunningFrameList[1681]):*********runningFrameList dump***********
04-10 01:38:04.116  5311 15018 I ExynosCameraPipe: [CAM(1)][PIPE_PP_UNI2]-(m_dumpRunningFrameList[1682]):m_numBuffers : 0
04-10 01:38:04.116  5311 15018 I ExynosCameraPipe: [CAM(1)][PIPE_PP_SINGLE0]-(m_dumpRunningFrameList[1680]):last fcount(HAL:0, DRV:0)
04-10 01:38:04.116  5311 15018 I ExynosCameraPipe: [CAM(1)][PIPE_PP_SINGLE0]-(m_dumpRunningFrameList[1681]):*********runningFrameList dump***********
04-10 01:38:04.116  5311 15018 I ExynosCameraPipe: [CAM(1)][PIPE_PP_SINGLE0]-(m_dumpRunningFrameList[1682]):m_numBuffers : 0
04-10 01:38:04.116  5311 15018 I ExynosCameraPipe: [CAM(1)][PIPE_GSC]-(m_dumpRunningFrameList[1680]):last fcount(HAL:0, DRV:0)
04-10 01:38:04.116  5311 15018 I ExynosCameraPipe: [CAM(1)][PIPE_GSC]-(m_dumpRunningFrameList[1681]):*********runningFrameList dump***********
04-10 01:38:04.116  5311 15018 I ExynosCameraPipe: [CAM(1)][PIPE_GSC]-(m_dumpRunningFrameList[1682]):m_numBuffers : 0
04-10 01:38:04.117  5311 15018 I ExynosCameraFrameFactoryPreviewSec: [CAM(1)][Front_0]-(stopPipes[1282]):Stopping  Success!
04-10 01:38:04.120  5311 15018 I ExynosCameraRequestManager: [CAM(1)][]-(dump[3105]):Type[0] = Last Key(0)
04-10 01:38:04.120  5311 15018 I ExynosCameraRequestManager: [CAM(1)][]-(dump[3105]):Type[1] = Last Key(0)
04-10 01:38:04.120  5311 15018 I ExynosCameraRequestManager: [CAM(1)][]-(dump[3105]):Type[2] = Last Key(0)
04-10 01:38:04.121  5311 15018 I ExynosCameraRequestManager: [CAM(1)][]-(dump[3105]):Type[3] = Last Key(0)
04-10 01:38:04.121  5311 15018 I ExynosCameraRequestManager: [CAM(1)][]-(dump[3105]):Type[4] = Last Key(0)
04-10 01:38:04.121  5311 15018 I ExynosCameraRequestManager: [CAM(1)][]-(dump[3105]):Type[5] = Last Key(0)
04-10 01:38:04.121  5311 15018 I ExynosCameraRequestManager: [CAM(1)][]-(m_printRequestInfo[2024]):[R8] serviceFrameCount(0), (0xe82948e0) frame_number(8), outputNum(1)
04-10 01:38:04.121  5311 15018 I ExynosCameraRequestManager: [CAM(1)][]-(m_printRequestInfo[2031]):[R8] result status (Notify 0, Partial 0, Buffer 0, All 0)
04-10 01:38:04.122  5311 15018 I ExynosCameraRequestManager: [CAM(1)][]-(m_printRequestInfo[2024]):[R9] serviceFrameCount(0), (0xe8294900) frame_number(9), outputNum(1)
04-10 01:38:04.122  5311 15018 I ExynosCameraRequestManager: [CAM(1)][]-(m_printRequestInfo[2031]):[R9] result status (Notify 0, Partial 0, Buffer 0, All 0)
04-10 01:38:04.122  5311 15018 I ExynosCameraRequestManager: [CAM(1)][]-(m_printRequestInfo[2024]):[R3] serviceFrameCount(7), (0xe8294820) frame_number(3), outputNum(1)
04-10 01:38:04.122  5311 15018 I ExynosCameraRequestManager: [CAM(1)][]-(m_printRequestInfo[2031]):[R3] result status (Notify 0, Partial 0, Buffer 0, All 0)
04-10 01:38:04.123  5311 15018 I ExynosCameraRequestManager: [CAM(1)][]-(m_printRequestInfo[2024]):[R4] serviceFrameCount(8), (0xe8294840) frame_number(4), outputNum(1)
04-10 01:38:04.123  5311 15018 I ExynosCameraRequestManager: [CAM(1)][]-(m_printRequestInfo[2031]):[R4] result status (Notify 0, Partial 0, Buffer 0, All 0)
04-10 01:38:04.123  5311 15018 I ExynosCameraRequestManager: [CAM(1)][]-(m_printRequestInfo[2024]):[R5] serviceFrameCount(9), (0xe8294860) frame_number(5), outputNum(1)
04-10 01:38:04.123  5311 15018 I ExynosCameraRequestManager: [CAM(1)][]-(m_printRequestInfo[2031]):[R5] result status (Notify 0, Partial 0, Buffer 0, All 0)
04-10 01:38:04.123  5311 15018 I ExynosCameraRequestManager: [CAM(1)][]-(m_printRequestInfo[2024]):[R6] serviceFrameCount(10), (0xe8294880) frame_number(6), outputNum(1)
04-10 01:38:04.123  5311 15018 I ExynosCameraRequestManager: [CAM(1)][]-(m_printRequestInfo[2031]):[R6] result status (Notify 0, Partial 0, Buffer 0, All 0)
04-10 01:38:04.123  5311 15018 I ExynosCameraRequestManager: [CAM(1)][]-(m_printRequestInfo[2024]):[R7] serviceFrameCount(11), (0xe82948a0) frame_number(7), outputNum(1)
04-10 01:38:04.124  5311 15018 I ExynosCameraRequestManager: [CAM(1)][]-(m_printRequestInfo[2031]):[R7] result status (Notify 0, Partial 0, Buffer 0, All 0)
04-10 01:38:04.124  5311 15018 I ExynosCameraRequestManager: [CAM(1)][]-(m_printRequestInfo[2024]):[R8] serviceFrameCount(0), (0xe82948e0) frame_number(8), outputNum(1)
04-10 01:38:04.124  5311 15018 I ExynosCameraRequestManager: [CAM(1)][]-(m_printRequestInfo[2031]):[R8] result status (Notify 0, Partial 0, Buffer 0, All 0)
04-10 01:38:04.124  5311 15018 I ExynosCameraRequestManager: [CAM(1)][]-(m_printRequestInfo[2024]):[R9] serviceFrameCount(0), (0xe8294900) frame_number(9), outputNum(1)
04-10 01:38:04.124  5311 15018 I ExynosCameraRequestManager: [CAM(1)][]-(m_printRequestInfo[2031]):[R9] result status (Notify 0, Partial 0, Buffer 0, All 0)
04-10 01:38:04.124  5311 15018 W ExynosCameraRequestManager: [CAM(1)][]-(m_callbackOpsNotify[2929]):msg frame(3) type(1) errorCode(2)
04-10 01:38:04.125  5466  8330 E CameraDeviceClient: notifyError: pid=27185, errorCode=3, errorStreamId=0, frameNumber=3
04-10 01:38:04.125  5466  8330 E CameraDeviceClient: notifyError: pid=27185, skipClientNotification=false
04-10 01:38:04.127  5466  8330 E Camera3-OutputStream: returnBufferCheckedLocked: A frame is dropped for stream 0 frame 3 , due to buffer error.
04-10 01:38:04.131  5311 15018 W ExynosCameraRequestManager: [CAM(1)][]-(m_callbackOpsNotify[2929]):msg frame(4) type(1) errorCode(2)
04-10 01:38:04.133  5466  8330 E CameraDeviceClient: notifyError: pid=27185, errorCode=3, errorStreamId=0, frameNumber=4
04-10 01:38:04.133  5466  8330 E CameraDeviceClient: notifyError: pid=27185, skipClientNotification=false
04-10 01:38:04.136  5466  8330 E Camera3-OutputStream: returnBufferCheckedLocked: A frame is dropped for stream 0 frame 4 , due to buffer error.
04-10 01:38:04.138  5311 15018 W ExynosCameraRequestManager: [CAM(1)][]-(m_callbackOpsNotify[2929]):msg frame(5) type(1) errorCode(2)
04-10 01:38:04.139  5466  8330 E CameraDeviceClient: notifyError: pid=27185, errorCode=3, errorStreamId=0, frameNumber=5
04-10 01:38:04.139  5466  8330 E CameraDeviceClient: notifyError: pid=27185, skipClientNotification=false
04-10 01:38:04.141  5466  8330 E Camera3-OutputStream: returnBufferCheckedLocked: A frame is dropped for stream 0 frame 5 , due to buffer error.
04-10 01:38:04.142  5311 15018 W ExynosCameraRequestManager: [CAM(1)][]-(m_callbackOpsNotify[2929]):msg frame(6) type(1) errorCode(2)
04-10 01:38:04.143  5466  8330 E CameraDeviceClient: notifyError: pid=27185, errorCode=3, errorStreamId=0, frameNumber=6
04-10 01:38:04.143  5466  8330 E CameraDeviceClient: notifyError: pid=27185, skipClientNotification=false
04-10 01:38:04.145  5466  8330 E Camera3-OutputStream: returnBufferCheckedLocked: A frame is dropped for stream 0 frame 6 , due to buffer error.
04-10 01:38:04.147  5311 15018 W ExynosCameraRequestManager: [CAM(1)][]-(m_callbackOpsNotify[2929]):msg frame(7) type(1) errorCode(2)
04-10 01:38:04.147  5466  8330 E CameraDeviceClient: notifyError: pid=27185, errorCode=3, errorStreamId=0, frameNumber=7
04-10 01:38:04.147  5466  8330 E CameraDeviceClient: notifyError: pid=27185, skipClientNotification=false
04-10 01:38:04.148  5466  8330 E Camera3-OutputStream: returnBufferCheckedLocked: A frame is dropped for stream 0 frame 7 , due to buffer error.
04-10 01:38:04.154  5311 15018 W ExynosCameraRequestManager: [CAM(1)][]-(m_callbackOpsNotify[2929]):msg frame(8) type(1) errorCode(2)
04-10 01:38:04.155  5466  8330 E CameraDeviceClient: notifyError: pid=27185, errorCode=3, errorStreamId=0, frameNumber=8
04-10 01:38:04.155  5466  8330 E CameraDeviceClient: notifyError: pid=27185, skipClientNotification=false
04-10 01:38:04.156  5311 15018 E ExynosCameraRequestManager: [CAM(-1)][]-(getAcquireFenceDone[1096]):[R8 F0] m_pop failed, handle is not EXIST
04-10 01:38:04.170  5466  8330 E Camera3-OutputStream: returnBufferCheckedLocked: A frame is dropped for stream 0 frame 8 , due to buffer error.
04-10 01:38:04.171  5311 15018 W ExynosCameraRequestManager: [CAM(1)][]-(m_callbackOpsNotify[2929]):msg frame(9) type(1) errorCode(2)
04-10 01:38:04.173  5466  8330 E CameraDeviceClient: notifyError: pid=27185, errorCode=3, errorStreamId=0, frameNumber=9
04-10 01:38:04.175  5466  8330 E CameraDeviceClient: notifyError: pid=27185, skipClientNotification=false
04-10 01:38:04.176  5311 15018 E ExynosCameraRequestManager: [CAM(-1)][]-(getAcquireFenceDone[1096]):[R9 F0] m_pop failed, handle is not EXIST
04-10 01:38:04.177  5466  8330 E Camera3-OutputStream: returnBufferCheckedLocked: A frame is dropped for stream 0 frame 9 , due to buffer error.
04-10 01:38:04.179  5466  8330 I Camera3-Status: markComponent: Component 2 is now idle - streamId = 0, format = 0x22(IMPL_DEF), width = 176, height = 144, option = 0x0, type = OUTPUT
04-10 01:38:04.179  5466  8330 I Camera3-IOStreamBase: FpsStats: stream 0, requested=0, received=10, valid=3, invalid=7
04-10 01:38:04.179  5466  8330 I Camera3-Status: markComponent: Component 0 is now idle - InflightRequests
04-10 01:38:04.181  5311 15018 I ExynosCameraBufferManager: [CAM(1)][SKIP_BUF]-(resetBuffers[1338]):OUT.. Buffer is not allocated
04-10 01:38:04.181  5466  4951 I CameraServiceProxyWrapper: updateProxyDeviceState: notifyCameraState for Camera ID 3, newState 2, facing 1, clientName com.samsung.adaptivebrightnessgo, apiLevel 2
04-10 01:38:04.182  5665  8773 I CameraManagerGlobal: Camera 3 facing CAMERA_FACING_FRONT state now CAMERA_STATE_IDLE for client com.samsung.adaptivebrightnessgo API Level 2
04-10 01:38:04.183  6284  6303 I CameraManagerGlobal: Camera 3 facing CAMERA_FACING_FRONT state now CAMERA_STATE_IDLE for client com.samsung.adaptivebrightnessgo API Level 2
04-10 01:38:04.184  6652  6755 I CameraManagerGlobal: Camera 3 facing CAMERA_FACING_FRONT state now CAMERA_STATE_IDLE for client com.samsung.adaptivebrightnessgo API Level 2
04-10 01:38:04.185  8644  9462 I CameraManagerGlobal: Camera 3 facing CAMERA_FACING_FRONT state now CAMERA_STATE_IDLE for client com.samsung.adaptivebrightnessgo API Level 2
04-10 01:38:04.185  8644  9462 I CameraManagerGlobal: onCameraDeviceStateChangedLocked: post device state update
04-10 01:38:04.186 27185 21568 I CameraManagerGlobal: Camera 3 facing CAMERA_FACING_FRONT state now CAMERA_STATE_IDLE for client com.samsung.adaptivebrightnessgo API Level 2
04-10 01:38:04.186  5665  7411 D AutoRotationHandler: inject auto rotation priority = 0.0
04-10 01:38:04.187  6284  7544 D CameraAvailabilityListener: onCameraDeviceStateChanged: id=3, facing=1, state=CAMERA_STATE_IDLE, client=com.samsung.adaptivebrightnessgo
04-10 01:38:04.188  5297  5297 I SensorsHub: DeviceOrientation::injectSensorData: mode 0
04-10 01:38:04.185  8644  9462 I CameraManagerGlobal: onCameraDeviceStateChangedLocked: post device state update
04-10 01:38:04.208  5311 15018 I ExynosCameraInterface: INFO(HAL3_camera_device_flush[512]):out =====
04-10 01:38:04.208  5311 15018 I ExynosCameraInterface: DEBUG:duration time(  192 msec):(HAL3_camera_device_flush)
04-10 01:38:04.210  5466  8330 D HidlCamera3-Device: CameraPerf: flush X (193ms)
04-10 01:38:04.210  5665 27184 D MotionRecognitionService: values = 100.0
04-10 01:38:04.211  5665 27184 D MotionRecognitionService: onReceive lux: 100.0  action:
04-10 01:38:04.211  5665 27184 D MotionRecognitionService: Inject brightness form Cam 100.0
04-10 01:38:04.211  5665 27184 D MotionRecognitionService: Inject calibrated lux
04-10 01:38:04.215  5297  5297 I SensorsHub: AutoBrightnessSensor::injectSensorData: camLux 100
04-10 01:38:04.215 27185  4948 I CameraLightSensor_Service: onCaptureFailed function
04-10 01:38:04.215 27185  4948 I CameraLightSensor_Service: onCaptureFailed function
04-10 01:38:04.215 27185  4948 I CameraLightSensor_Service: onCaptureFailed function
04-10 01:38:04.216 27185  4948 I CameraLightSensor_Service: onCaptureFailed function
04-10 01:38:04.216 27185  4948 I CameraLightSensor_Service: onCaptureFailed function
04-10 01:38:04.216 27185  4948 I CameraLightSensor_Service: onCaptureFailed function
04-10 01:38:04.216 27185  4948 I CameraLightSensor_Service: onCaptureFailed function
04-10 01:38:04.221  5466  8330 D Camera3-Device: waitUntilDrainedLocked: Camera 3: Waiting until idle (5000000000ns)
04-10 01:38:04.221  5466  8330 D Camera3-Device: waitUntilDrained: mInterfaceLock.unlock()
04-10 01:38:04.222  5466  8330 D Camera3-Device: deleteStream: mInterfaceLock.lock()
04-10 01:38:04.223  5466  8330 D Camera3-OutputStream: disconnectLocked: disconnecting stream 0 from native window
04-10 01:38:04.228  5466  8330 I CameraLatencyHistogram: Stream 0 dequeueBuffer latency histogram (10) samples:
04-10 01:38:04.228  5466  8330 I CameraLatencyHistogram:         5     10     15     20     25     30     35     40     45    inf (max ms)
04-10 01:38:04.228  5466  8330 I CameraLatencyHistogram:      70.00   10.00   10.00   0.00   10.00   0.00   0.00   0.00   0.00   0.00 (%)
04-10 01:38:04.229  5466  8330 I CameraLatencyHistogram: Stream 0 enqueueBuffer latency histogram (3) samples:
04-10 01:38:04.229  5466  8330 I CameraLatencyHistogram:         5     10     15     20     25     30     35     40     45    inf (max ms)
04-10 01:38:04.229  5466  8330 I CameraLatencyHistogram:      66.67   0.00   33.33   0.00   0.00   0.00   0.00   0.00   0.00   0.00 (%)
04-10 01:38:04.229  5466  8330 D Camera3-Device: deleteStream: mInterfaceLock.unlock()
04-10 01:38:04.230  5466  8330 D Camera3-Device: filterParamsAndConfigureLocked : operatingMode=0
04-10 01:38:04.232  5466  8330 D Camera3-Device: CameraPerf: configureStreamsLocked: Camera 3: Stream configuration E
04-10 01:38:04.232  5466  8330 I HidlCamera3-Device: configureStreams Before configuration Stream[1] : [320 x 240], usage: 0x800
04-10 01:38:04.233  5311 15018 I SehCamDevSession@5.0-impl: [CAMKPI] camera3->configure_streams : E
04-10 01:38:04.233  5311 15018 I ExynosCameraInterface: INFO(HAL3_camera_device_configure_streams[423]):in =====
04-10 01:38:04.233  5311 15018 I ExynosCameraSec: [CAM(1)][Front_0]-(configureStreams[7706]):In
04-10 01:38:04.233  5311 15018 I ExynosCameraSec: [CAM(1)][Front_0]-(configureStreams[7735]):m_firstPreviewTimer start
04-10 01:38:04.233  5311 15018 I ExynosCameraSec: [CAM(1)][Front_0]-(configureStreams[7756]):restart frame factory. state(2)
04-10 01:38:04.236  5311  4958 I ExynosCameraFrameManager: [CAM(1)][RUNNING FRAME WORKER]-(workerMain[983]): wait and pop fail, ret(-110)
04-10 01:38:04.240  5311 15018 I ExynosCameraBufferManager: DEBUG:duration time(    2 msec):(m_free)
04-10 01:38:04.240  5311 15018 I ExynosCameraBufferManager: [CAM(1)][PREVIEW_STREAM_BUF]-(deinit[115]):OUT.. Buffer is not allocated
04-10 01:38:04.240  5311 15018 I ExynosCameraBufferManager: DEBUG:duration time(    0 msec):(m_free)
04-10 01:38:04.240  5311 15018 I ExynosCameraBufferManager: [CAM(1)][FLITE_BUF]-(deinit[115]):OUT.. Buffer is not allocated
04-10 01:38:04.241  5311 15018 I ExynosCameraBufferManager: DEBUG:duration time(    1 msec):(m_free)
04-10 01:38:04.241  5311 15018 I ExynosCameraBufferManager: [CAM(1)][3AA_IN_BUF]-(deinit[115]):OUT.. Buffer is not allocated
04-10 01:38:04.242  5311 15018 I ExynosCameraBufferManager: DEBUG:duration time(    1 msec):(m_free)
04-10 01:38:04.243  5311 15018 I ExynosCameraBufferManager: [CAM(1)][ISP_BUF]-(deinit[115]):OUT.. Buffer is not allocated
04-10 01:38:04.243  5311 15018 I ExynosCameraBufferManager: DEBUG:duration time(    0 msec):(m_free)
04-10 01:38:04.243  5311 15018 I ExynosCameraBufferManager: [CAM(1)][VRA_BUF]-(deinit[115]):OUT.. Buffer is not allocated
04-10 01:38:04.243  5311 15018 I ExynosCameraBufferManager: [CAM(1)][SKIP_BUF]-(deinit[115]):OUT.. Buffer is not allocated
04-10 01:38:04.243  5311 15018 I ExynosCameraBufferManager: [CAM(1)][SKIP_BUF]-(deinit[115]):OUT.. Buffer is not allocated
04-10 01:38:04.243  5311 15018 I ExynosCameraConfigurationsSec: [CAM(1)][Front_0]-(m_checkCameraClient[1429]):Camera Client 0
04-10 01:38:04.243  5311 15018 I ExynosCameraMetadataConverterVendor: [CAM(1)][]-(setVendorPreSessionParams[6468]):SHOT_MODE(0)
04-10 01:38:04.244  5311 15018 I ExynosCameraConfigurationsSec: [CAM(1)][Front_0]-(setMode[470]):YSUM Recording OFF
04-10 01:38:04.244  5311 15018 W RefBase : RefBase: Explicit destruction, weak count = 0 (in 0xe82b8860). Use sp<> to manage this object.
04-10 01:38:04.244  5311 15018 W RefBase : CallStack::getCurrentInternal not linked, returning null
04-10 01:38:04.244  5311 15018 W RefBase : CallStack::logStackInternal not linked
04-10 01:38:04.244  5311 15018 I ExynosCameraSec: [CAM(1)][Front_0]-(m_enumStreamInfo[7089]):setting usage read|write
04-10 01:38:04.244  5311 15018 I ExynosCameraStreamManager: INFO(m_insert[638]):inserted stream and id is (1)
04-10 01:38:04.244  5311 15018 I ExynosCameraStreamManager: INFO(m_insert[653]):m_increaseYuvStreamCount(1)
04-10 01:38:04.244  5311 15018 I ExynosCameraSec: [CAM(1)][Front_0]-(m_enumStreamInfo[7441]):streamId(1) needGSC(0)
04-10 01:38:04.245  5311 15018 I ExynosCameraSec: [CAM(1)][Front_0]-(m_constructFrameFactory[391]):-IN-
04-10 01:38:04.254  5311 15018 I ExynosCameraSec: [CAM(1)][Front_0]-(m_constructFrameFactory[571]):-OUT-
04-10 01:38:04.255  5311 15018 I ExynosCameraSec: DEBUG:duration time(   10 msec):(m_constructFrameFactory)
04-10 01:38:04.256  5311 15018 I ExynosCameraSec: [CAM(1)][Front_0]-(m_checkVideoStreamPriority[33567]):m_flagVideoStreamPriority(0), m_flagUseOnePort(0)
04-10 01:38:04.256  5311 15018 I ExynosCameraSec: [CAM(1)][Front_0]-(configureStreams[8090]):list_index 0 streamId 1, stream_type 0, size 320x240, format 22, usage 0x20833
04-10 01:38:04.256  5311 15018 I ExynosCameraSec: [CAM(1)][Front_0]-(configureStreams[8092]):max_buffers 9, needMmap 1, physCamID -1, optionPhysCamId 0, remoteStreamOption 0, option 0
04-10 01:38:04.256  5311 15018 I ExynosCameraSec: [CAM(1)][Front_0]-(configureStreams[8108]):registerStream 2 registerbuffer 17
04-10 01:38:04.257  5311 15018 I ExynosCameraParametersSec: [CAM(1)][Front_0]-(checkYuvSize[1236]):camType(0) curYuvSize(0x0) newYuvSize(320x240) outputPortId(0) curRatio(1)
04-10 01:38:04.257  5311 15018 I ExynosCameraParametersSec: [CAM(1)][Front_0]-(checkHwYuvSize[1309]):curHwYuvSize 0x0 newHwYuvSize 320x240 outputPortId 0
04-10 01:38:04.257  5311 15018 I ExynosCameraSec: [CAM(1)][Front_0]-(configureStreams[8514]):Create buffer manager(PREVIEW)
04-10 01:38:04.257  5311 15018 I ExynosCameraBufferSupplier: [CAM(1)][BufferSupplier]-(createBufferManager[181]):[PREVIEW_STREAM_BUF]Created. P 27,-1,-1,-1,-1, T 2
04-10 01:38:04.257  5311  5000 I ExynosCamera: [CAM(1)][Front_0]-(m_frameFactoryCreateThreadFunc[3346]):
04-10 01:38:04.257  5311 15018 I ExynosCameraSec: [CAM(1)][Front_0]-(configureStreams[8539]):planeCount = 2+1, planeSize[0] = 76800, planeSize[1] = 38400, planeSize[2] = 0, bytesPerLine[0] = 0, outputPortId = 0
04-10 01:38:04.257  5311  5000 I ExynosCamera: DEBUG:duration time(    0 msec):(m_frameFactoryCreateThreadFunc)
04-10 01:38:04.257  5311  5000 I ExynosCamera: [CAM(1)][Front_0]-(m_frameFactoryCreateThreadFunc[3346]):
04-10 01:38:04.257  5311  5000 I ExynosCameraFrameReprocessingFactory: [CAM(1)][Front_0]-(create[43]):
04-10 01:38:04.257  5311  5000 I ExynosCameraFrameFactoryBase: [CAM(1)][Front_0]-(create[37]):
04-10 01:38:04.257  5311  5000 I ExynosCameraFrameReprocessingFactorySec: [CAM(1)][Front_0]-(m_setupConfig[238]):
04-10 01:38:04.258  5311  5000 I ExynosCameraFrameReprocessingFactorySec: [CAM(1)][Front_0]-(m_constructPipes[735]):
04-10 01:38:04.259  5311 15018 I ExynosCameraBufferManager: DEBUG:duration time(    2 msec):(alloc)
04-10 01:38:04.272  5311  5000 I exynos-libhwjpeg: CHWJpegV4L2Compressor Created: 0xe78d8008, FD 49
04-10 01:38:04.272  5311  5000 I exynos-libhwjpeg: CHWJpegV4L2Compressor Created: 0xe804d700, FD 50
04-10 01:38:04.272  5311  5000 I exynos-libhwjpeg: Created thumbnail scaler: legacy V4L2 Scaler
04-10 01:38:04.273  5311  5000 I exynos-libhwjpeg: ExynosJpegEncoderForCamera Created: 0xe78d8004, ION 51
04-10 01:38:04.274  5311  5000 I ExynosCameraFrameReprocessingFactorySec: [CAM(1)][Front_0]-(m_constructPipes[877]):pipe ids for reprocessing
04-10 01:38:04.274  5311  5000 I ExynosCameraFrameReprocessingFactorySec: [CAM(1)][Front_0]-(m_constructPipes[880]):m_pipes[3] : PipeId(203)
04-10 01:38:04.274  5311  5000 I ExynosCameraFrameReprocessingFactorySec: [CAM(1)][Front_0]-(m_constructPipes[880]):m_pipes[8] : PipeId(208)
04-10 01:38:04.274  5311  5000 I ExynosCameraFrameReprocessingFactorySec: [CAM(1)][Front_0]-(m_constructPipes[880]):m_pipes[22] : PipeId(222)
04-10 01:38:04.274  5311  5000 I ExynosCameraFrameReprocessingFactorySec: [CAM(1)][Front_0]-(m_constructPipes[880]):m_pipes[29] : PipeId(229)
04-10 01:38:04.274  5311  5000 I ExynosCameraFrameReprocessingFactorySec: [CAM(1)][Front_0]-(m_constructPipes[880]):m_pipes[32] : PipeId(232)
04-10 01:38:04.274  5311  5000 I ExynosCameraFrameReprocessingFactorySec: [CAM(1)][Front_0]-(m_constructPipes[880]):m_pipes[33] : PipeId(233)
04-10 01:38:04.274  5311  5000 I ExynosCameraFrameReprocessingFactorySec: [CAM(1)][Front_0]-(m_constructPipes[880]):m_pipes[34] : PipeId(234)
04-10 01:38:04.274  5311  5000 I ExynosCameraFrameReprocessingFactorySec: [CAM(1)][Front_0]-(m_constructPipes[880]):m_pipes[35] : PipeId(235)
04-10 01:38:04.274  5311  5000 I ExynosCameraFrameReprocessingFactorySec: [CAM(1)][Front_0]-(m_constructPipes[880]):m_pipes[45] : PipeId(245)
04-10 01:38:04.274  5311  5000 I ExynosCameraFrameReprocessingFactorySec: [CAM(1)][Front_0]-(m_constructPipes[880]):m_pipes[46] : PipeId(246)
04-10 01:38:04.274  5311  5000 I ExynosCameraFrameReprocessingFactorySec: [CAM(1)][Front_0]-(m_constructPipes[880]):m_pipes[47] : PipeId(247)
04-10 01:38:04.275  5311  5000 I ExynosCameraFrameReprocessingFactorySec: [CAM(1)][Front_0]-(m_constructPipes[880]):m_pipes[48] : PipeId(248)
04-10 01:38:04.280  5311  5000 I ExynosCameraMCPipe: [CAM(1)][PIPE_3AA_REPROCESSING]-(m_preCreate[1446]):m_preCreate() is succeed, Pipe(203), prepare(0)
04-10 01:38:04.280  5311  5000 I ExynosCameraMCPipe: [CAM(1)][PIPE_3AA_REPROCESSING]-(m_postCreate[1471]):m_postCreate() is succeed, Pipe(203)
04-10 01:38:04.284  5311  5000 I ExynosCameraMCPipe: [CAM(1)][PIPE_ISP_REPROCESSING]-(m_preCreate[1446]):m_preCreate() is succeed, Pipe(208), prepare(0)
04-10 01:38:04.285  5311  5000 I ExynosCameraMCPipe: [CAM(1)][PIPE_ISP_REPROCESSING]-(m_postCreate[1471]):m_postCreate() is succeed, Pipe(208)
04-10 01:38:04.285  5311  5000 I ExynosCameraMCPipe: [CAM(1)][PIPE_MCSC_REPROCESSING]-(m_preCreate[1446]):m_preCreate() is succeed, Pipe(222), prepare(0)
04-10 01:38:04.285  5311  5000 I ExynosCameraMCPipe: [CAM(1)][PIPE_MCSC_REPROCESSING]-(m_postCreate[1471]):m_postCreate() is succeed, Pipe(222)
04-10 01:38:04.285  5311  5000 I ExynosCameraPipeVRA: [CAM(1)][PIPE_VRA_REPROCESSING]-(create[79]):create() is succeed (229) prepare (0)
04-10 01:38:04.287  5311  5000 I ExynosCameraSWPipe: [CAM(1)][PIPE_GSC_REPROCESSING]-(create[35]):create() is succeed (232)
04-10 01:38:04.288  5311  5000 I ExynosCameraSWPipe: [CAM(1)][PIPE_GSC_REPROCESSING2]-(create[35]):create() is succeed (233)
04-10 01:38:04.288  5311  5000 I ExynosCameraSWPipe: [CAM(1)][PIPE_GSC_REPROCESSING3]-(create[35]):create() is succeed (234)
04-10 01:38:04.288  5311  5000 I ExynosCameraSWPipe: [CAM(1)][PIPE_JPEG_REPROCESSING]-(create[35]):create() is succeed (235)
04-10 01:38:04.288  5311  5000 I ExynosCameraPipePPSec: [CAM(1)][PIPE_PP_UNI_REPROCESSING]-(create[62]):create() is succeed (245)
04-10 01:38:04.288  5311  5000 I ExynosCameraPipePPSec: [CAM(1)][PIPE_PP_UNI_REPROCESSING2]-(create[62]):create() is succeed (246)
04-10 01:38:04.288  5311  5000 I ExynosCameraPipePPSec: [CAM(1)][PIPE_PP_UNI_RAW_REPROCESSING]-(create[62]):create() is succeed (247)
04-10 01:38:04.288  5311  5000 I ExynosCameraSWPipe: [CAM(1)][PIPE_SW_MCSC_REPROCESSING]-(create[35]):create() is succeed (248)
04-10 01:38:04.289  5311  5000 I ExynosCameraSWPipe: [CAM(1)][REPROCESSING_SW_MCSC_YUV0]-(create[35]):create() is succeed (223)
04-10 01:38:04.289  5311  5000 I ExynosCameraSWPipe: [CAM(1)][REPROCESSING_SW_MCSC_YUV1]-(create[35]):create() is succeed (224)
04-10 01:38:04.289  5311  5000 I ExynosCameraSWPipe: [CAM(1)][REPROCESSING_SW_MCSC_YUV2]-(create[35]):create() is succeed (225)
04-10 01:38:04.289  5311  5000 I ExynosCameraSWPipe: [CAM(1)][REPROCESSING_SW_MCSC_MAIN]-(create[35]):create() is succeed (226)
04-10 01:38:04.289  5311  5000 I ExynosCameraSWPipe: [CAM(1)][REPROCESSING_SW_MCSC_THUMBNAIL]-(create[35]):create() is succeed (227)
04-10 01:38:04.289  5311  5000 I ExynosCamera: DEBUG:duration time(   32 msec):(m_frameFactoryCreateThreadFunc)
04-10 01:38:04.289  5311 15018 I ExynosCameraParameters: [CAM(1)][Front_0]-(updateBinningScaleRatio[855]):New sensor binning ratio(1000)
04-10 01:38:04.289  5311 15018 I ExynosCameraSec: [CAM(1)][Front_0]-(configureStreams[10081]):MaxYuvSize:320x240 ratio:1
04-10 01:38:04.290  5311 15018 I ExynosCameraSec: [CAM(1)][Front_0]-(configureStreams[10227]):Out
04-10 01:38:04.290  5311 15018 I ExynosCameraInterface: INFO(HAL3_camera_device_configure_streams[439]):out =====
04-10 01:38:04.290  5311 15018 I ExynosCameraInterface: DEBUG:duration time(   57 msec):(HAL3_camera_device_configure_streams)
04-10 01:38:04.290  5311 15018 I SehCamDevSession@5.0-impl: [CAMKPI] camera3->configure_streams : X
04-10 01:38:04.290  5311  5003 I ExynosCamera: [CAM(1)][Front_0]-(m_setBuffersThreadFunc[5296]):
04-10 01:38:04.290  5311  5003 I ExynosCameraSec: [CAM(1)][Front_0]-(m_setBuffers[20772]):alloc buffer - camera ID: 1
04-10 01:38:04.290  5311  5003 I ExynosCameraSec: [CAM(1)][Front_0]-(m_setBuffers[20805]):HW Sensor MAX width x height = 2640x1980
04-10 01:38:04.290  5311  5003 I ExynosCameraSec: [CAM(1)][Front_0]-(m_setBuffers[20806]):Preview BDS width x height = 2640x1980
04-10 01:38:04.290  5311  5003 I ExynosCameraSec: [CAM(1)][Front_0]-(m_setBuffers[20822]):PreviewSize(Max) width x height = 2640x1980
04-10 01:38:04.290  5311  5003 I ExynosCameraSec: [CAM(1)][Front_0]-(m_setBuffers[20826]):DS width x height = 640x480
04-10 01:38:04.291  5311  5003 I ExynosCameraBufferSupplier: [CAM(1)][BufferSupplier]-(createBufferManager[181]):[FLITE_BUF]Created. P 1,-1,-1,-1,-1, T 0
04-10 01:38:04.292  5466  8330 D HidlCamera3-Device: configureStreams : stream[0] : format = 0x22(IMPL_DEF), data_space = 146931712, usage flag = 0x20833 max_buffers = 9, physical_camera_id =
04-10 01:38:04.292  5466  8330 D Camera3-Device: CameraPerf: Connect Streams E
04-10 01:38:04.292  5466  8330 D Camera3-Device: CameraPerf: Connect Streams X (0ms)
04-10 01:38:04.293  5466  8330 D Camera3-Device: Set real time priority for request queue thread (tid 4952)
04-10 01:38:04.293  5466  8330 D Camera3-Device: CameraPerf: configureStreamsLocked: Camera 3: Stream configuration X (61ms)
04-10 01:38:04.295  5466  8330 E CameraDeviceClient: Disconnect from CameraDeviceClient
04-10 01:38:04.295  5466  8330 D CameraDeviceClient: disconnect:stop IT Policy checking thread
04-10 01:38:04.295  5466  8330 D Camera2ClientBase: Camera 3: start to disconnect
04-10 01:38:04.295  5466  8330 D Camera2ClientBase: Camera 3: serializationLock acquired
04-10 01:38:04.295  5466  8330 D Camera2ClientBase: Camera 3: Shutting down
04-10 01:38:04.297  5466  8330 D Camera2ClientBase: Camera 3: start to cacheDump
04-10 01:38:04.351  5311  5003 I ExynosCameraBufferManager: [CAM(1)][FLITE_BUF]-(m_defaultAlloc[934]):duration time (   59 msec) alloc count=7, total count=7, type=0, size=7856640, batchSize=1, reserved count=0, non-cache => 8 11 11 8 7 7 7
04-10 01:38:04.352  5311  5003 I ExynosCameraBufferManager: DEBUG:duration time(   61 msec):(alloc)
04-10 01:38:04.352  5311  5003 I ExynosCameraBufferSupplier: [CAM(1)][BufferSupplier]-(createBufferManager[181]):[3AA_IN_BUF]Created. P 0,6,-1,-1,-1, T 0
04-10 01:38:04.354  5311  5003 I ExynosCameraBufferManager: [CAM(1)][3AA_IN_BUF]-(m_defaultAlloc[934]):duration time (    1 msec) alloc count=8, total count=8, type=0, size=4096, batchSize=1, reserved count=0, non-cache => 0 1 0 0 0 0 0 0
04-10 01:38:04.354  5311  5003 I ExynosCameraBufferManager: DEBUG:duration time(    2 msec):(alloc)
04-10 01:38:04.354  5311  5003 I ExynosCameraBufferSupplier: [CAM(1)][BufferSupplier]-(createBufferManager[181]):[ISP_BUF]Created. P 8,11,-1,-1,-1, T 0
04-10 01:38:04.395  5466  8330 E Camera2-FrameProcessorBase: removeListener:
04-10 01:38:04.399  5466  8330 D Camera3-Device: flush: mInterfaceLock.lock()
04-10 01:38:04.399  5466  8330 I Camera3-Device: Creating CameraServiceWatchDog with cycles = 80, cycleLength = 100 ms and Timer = 8000 ms
04-10 01:38:04.400  5466  8330 I Camera3-Device: CameraServiceWatchDog::watchThread for mRequestThread->flush() with cycles = 80, cycleLength = 100 ms and Timer = 8000 ms
04-10 01:38:04.401  5466  8330 D HidlCamera3-Device: CameraPerf: flush E
04-10 01:38:04.401  5311 15018 I ExynosCameraInterface: INFO(HAL3_camera_device_flush[502]):in =====
04-10 01:38:04.407  5311  5003 I ExynosCameraBufferManager: [CAM(1)][ISP_BUF]-(m_defaultAlloc[934]):duration time (   51 msec) alloc count=8, total count=8, type=0, size=7856640, batchSize=1, reserved count=0, non-cache => 6 6 5 5 5 9 4 11
04-10 01:38:04.408  5311  5003 I ExynosCameraBufferManager: DEBUG:duration time(   53 msec):(alloc)
04-10 01:38:04.408  5311  5003 I ExynosCameraBufferSupplier: [CAM(1)][BufferSupplier]-(createBufferManager[181]):[VRA_BUF]Created. P 32,228,33,229,-1, T 0
04-10 01:38:04.412  5665 27184 D MotionRecognitionService: values = 100.0
04-10 01:38:04.413  5665 27184 D MotionRecognitionService: onReceive lux: 100.0  action:
04-10 01:38:04.413  5665 27184 D MotionRecognitionService: Inject brightness form Cam 100.0
04-10 01:38:04.414  5665 27184 D MotionRecognitionService: Inject calibrated lux
04-10 01:38:04.414  5311  5003 I ExynosCameraBufferManager: [CAM(1)][VRA_BUF]-(m_defaultAlloc[934]):duration time (    6 msec) alloc count=8, total count=8, type=0, size=614400, batchSize=1, reserved count=0, non-cache => 1 1 0 2 1 0 0 1
04-10 01:38:04.414  5311  5003 I ExynosCameraBufferManager: DEBUG:duration time(    6 msec):(alloc)
04-10 01:38:04.414  5311  5003 I ExynosCameraSec: [CAM(1)][Front_0]-(m_setBuffers[21682]):alloc buffer done - camera ID: 1
04-10 01:38:04.414  5311  5003 I ExynosCameraSec: DEBUG:duration time(  124 msec):(m_setBuffers)
04-10 01:38:04.414  5311  5003 I ExynosCamera: DEBUG:duration time(  124 msec):(m_setBuffersThreadFunc)
04-10 01:38:04.415  5311 15018 I ExynosCameraInterface: INFO(HAL3_camera_device_flush[512]):out =====
04-10 01:38:04.415  5311 15018 I ExynosCameraInterface: DEBUG:duration time(   14 msec):(HAL3_camera_device_flush)
04-10 01:38:04.415  5466  8330 D HidlCamera3-Device: CameraPerf: flush X (14ms)
04-10 01:38:04.415  5466  8330 D Camera3-Device: waitUntilDrained: mInterfaceLock.unlock()
04-10 01:38:04.415  5466  8330 I Camera3-Device: disconnectImpl: E
04-10 01:38:04.415  5297  5297 I SensorsHub: AutoBrightnessSensor::injectSensorData: camLux 100
04-10 01:38:04.416  5466  8330 I CameraLatencyHistogram: ProcessCaptureRequest latency histogram (10) samples:
04-10 01:38:04.416  5466  8330 I CameraLatencyHistogram:        40     80    120    160    200    240    280    320    360    inf (max ms)
04-10 01:38:04.416  5466  8330 I CameraLatencyHistogram:      80.00   10.00   0.00   0.00   0.00   0.00   0.00   10.00   0.00   0.00 (%)
04-10 01:38:04.416  5466  8330 I Camera3-Status: removeComponent: Removing component 2 - streamId = 0, format = 0x22(IMPL_DEF), width = 176, height = 144, option = 0x0, type = OUTPUT
04-10 01:38:04.416  5466  8330 I Camera3-Device: CameraServiceWatchDog::watchThread for interface->close() with cycles = 100, cycleLength = 100 ms and Timer = 10000 ms
04-10 01:38:04.417  5466  8330 D HidlCamera3-Device: CameraPerf: close E
