04-19 16:03:20.128  5628  8356 E SupplicantStaIfaceHalAidlImpl: 	at com.android.server.wifi.hotspot2.PasspointManager.matchProvider(PasspointManager.java:833)
04-19 16:03:20.128  5628  8356 E SupplicantStaIfaceHalAidlImpl: 	at com.android.server.wifi.hotspot2.PasspointNetworkNominateHelper.getMatchedCandidateGroupByProvider(PasspointNetworkNominateHelper.java:259)
04-19 16:03:20.128  5628  8356 E SupplicantStaIfaceHalAidlImpl: 	at com.android.server.wifi.hotspot2.PasspointNetworkNominateHelper.updateBestMatchScanDetailForProviders(PasspointNetworkNominateHelper.java:168)
04-19 16:03:20.128  5628  8356 E SupplicantStaIfaceHalAidlImpl: 	at com.android.server.wifi.hotspot2.PasspointNetworkNominateHelper.updatePasspointConfig(PasspointNetworkNominateHelper.java:92)
04-19 16:03:20.128  5628  8356 E SupplicantStaIfaceHalAidlImpl: 	at com.android.server.wifi.NetworkSuggestionNominator.update(NetworkSuggestionNominator.java:81)
04-19 16:03:20.128  5628  8356 E SupplicantStaIfaceHalAidlImpl: 	at com.android.server.wifi.WifiNetworkSelector.getCandidatesFromScan(WifiNetworkSelector.java:1012)
04-19 16:03:20.128  5628  8356 E SupplicantStaIfaceHalAidlImpl: 	at com.android.server.wifi.WifiConnectivityManager.handleScanResults(WifiConnectivityManager.java:565)
04-19 16:03:20.128  5628  8356 E SupplicantStaIfaceHalAidlImpl: 	at com.android.server.wifi.WifiConnectivityManager.-$$Nest$mhandleScanResults(Unknown Source:0)
04-19 16:03:20.128  5628  8356 E SupplicantStaIfaceHalAidlImpl: 	at com.android.server.wifi.WifiConnectivityManager$AllSingleScanListener.onResults(WifiConnectivityManager.java:890)
04-19 16:03:20.128  5628  8356 E SupplicantStaIfaceHalAidlImpl: 	at android.net.wifi.WifiScanner$ServiceHandler.lambda$handleMessage$1(WifiScanner.java:1887)
04-19 16:03:20.128  5628  8356 E SupplicantStaIfaceHalAidlImpl: 	at android.net.wifi.WifiScanner$ServiceHandler$$ExternalSyntheticLambda2.run(Unknown Source:4)
04-19 16:03:20.128  5628  8356 E SupplicantStaIfaceHalAidlImpl: 	at android.os.Handler.handleCallback(Handler.java:942)
04-19 16:03:20.128  5628  8356 E SupplicantStaIfaceHalAidlImpl: 	at android.os.Handler.dispatchMessage(Handler.java:99)
04-19 16:03:20.128  5628  8356 E SupplicantStaIfaceHalAidlImpl: 	at android.os.Looper.loopOnce(Looper.java:226)
04-19 16:03:20.128  5628  8356 E SupplicantStaIfaceHalAidlImpl: 	at android.os.Looper.loop(Looper.java:313)
04-19 16:03:20.128  5628  8356 E SupplicantStaIfaceHalAidlImpl: 	at android.os.HandlerThread.run(HandlerThread.java:67)
04-19 16:03:20.171  5628  9255 V LocationManagerService: network provider registration 10234/com.google.android.as/9B562FD9 dropped delivery - too close
04-19 16:03:20.172  5628  9255 V LocationManagerService: passive provider registration 5023/com.samsung.android.networkdiagnostic/4FDF9C6D dropped delivery - too close
04-19 16:03:20.172  5628  9255 V LocationManagerService: passive provider registration 1000/android[SensorNotificationService]/B3D20444 dropped delivery - too close
04-19 16:03:20.174  9284  9353 I NlpMonitor_FLP: monitorNlp, package=com.google.android.as/ interval=21600000
04-19 16:03:20.177  5628  8841 D SLocation: PositionManager - PassiveonLocationChanged network 1681913000077
04-19 16:03:20.178  5628  8841 D SLocation: ARDistanceBigData - BIGDATA ARD - receive location
04-19 16:03:20.178  5628  8841 D SLocation: GeofenceLocationFilter - location sent before 2839, need to filter / provider : network, accuracy : 19.743
04-19 16:03:20.178  5628  8841 I SLocation: GeofenceLocationFilter - alarm set, next time to send location : 346049127, com.samsung.android.location.geofence.geopoint.d@42a77c8
04-19 16:03:20.183  5628  8841 D SLocation: SLocationCoreSem - send to coreSem, packet length : 23 / [2, 26, 183, 29, 231, 12, 49, 252, 108, 0, 0, 0, 19, 2, 0, 0, 1, 135, 153, 211, 176, 141, 0]
04-19 16:03:20.184  5628  8841 D SemContextLocationCoreAttribute: setAttribute() mode : 0 action : 23
04-19 16:03:20.184  5628  8841 D SemContextService: lock : changeParameters
04-19 16:03:20.184  5628  8841 D SemContext.CaeProvider.LocationCoreImpl: setAttribute() mode : 0 action : 23
04-19 16:03:20.185  5628  8841 W CAE     : setCAProperty(ContextAwareService.java:513) - [setProperty 01] Mutex is locked for SLOCATION_RUNNER
04-19 16:03:20.186  5628  8841 I CAE     : setPropertyValue(SLocationRunner.java:116) - SLocationRunner setProperty header : 2, len : 23
04-19 16:03:20.186  5628  8841 I CAE     : sendCmdToSensorHub(SensorHubCommManager.java:156) - -63, 23, 55, 2, 26, -73, 29, -25, 12, 49, -4, 108, 0, 0, 0, 19, 2, 0, 0, 1, -121, -103, -45, -80, -115, 0,
04-19 16:03:20.187  5628  5927 D SensorService: setSContextDataLocked ints length 8 , byte length 26
04-19 16:03:20.187  5628  5927 D SensorService: setSContextDataLocked 23717c1
04-19 16:03:20.188  5271  5271 I SensorsHub: SContextSensor::injecet_sensor_data
04-19 16:03:20.188  5271  5271 D SensorsHub: c1 17 37 02 1a b7 1d e7 0c 31 fc 6c 00 00 00 13
04-19 16:03:20.189  5271  5271 D SensorsHub: 02 00 00 01 87 99 d3 b0 8d 00
04-19 16:03:20.189  5271  5271 D SensorsHub: inject_scontext_data: New ssp_data_injection_fd(28)
04-19 16:03:20.189  5271  5271 D SensorsHub: SContext Data Injection return 26
04-19 16:03:20.190  5271  5313 I SensorsHub: context 10 0 9 1,1,55,0,5,2,2,0,0,0, 346045978033391
04-19 16:03:20.191  5628  5924 D SensorHubManager: onGetSensorHubDataLocked: library(10) = 1, 1, 55, 0, 5, 2, 2, 0, 0, 0
04-19 16:03:20.191  5628  8841 W CAE     : setCAProperty(ContextAwareService.java:519) - [setProperty 02] Mutex is unlocked for SLOCATION_RUNNER
04-19 16:03:20.191  5628  8841 D SemContextService: unlock : changeParameters
04-19 16:03:20.191  5628  8841 D SemContextManager:   .changeParameters : listener = com.samsung.android.location.semcontext.a@695d2c0, service=SLocation Core
04-19 16:03:20.191  5628  5925 D CAE     : onGetSensorHubData(SensorHubParserProvider.java:89) - onGetSensorHubData Event [event buffer len :10], AP_WAKEUP
04-19 16:03:20.192  5628  8841 D SLocation: ARDistanceLibManager - request distance diff to AR Distance Library
04-19 16:03:20.192  5628  8841 D SLocation: SLocationCoreSem - send to coreSem, packet length : 1 / [34]
04-19 16:03:20.192  5628  8841 D SemContextLocationCoreAttribute: setAttribute() mode : 0 action : 23
04-19 16:03:20.192  5628  8841 D SemContextService: lock : changeParameters
04-19 16:03:20.192  5628  8841 D SemContext.CaeProvider.LocationCoreImpl: setAttribute() mode : 0 action : 23
04-19 16:03:20.193  5628  5925 I CAE     : parse(SensorHubParserProvider.java:190) - buffer size = 10
04-19 16:03:20.193  5628  8841 W CAE     : setCAProperty(ContextAwareService.java:513) - [setProperty 01] Mutex is locked for SLOCATION_RUNNER
04-19 16:03:20.193  5628  5925 I CAE     : parse(SensorHubParserProvider.java:201) - 1, 1, 55, 0, 5, 2, 2, 0, 0, 0,
04-19 16:03:20.194  5628  5925 I CAE     : parse(SLocationRunner.java:88) - SLocationRunner parse start : 3
04-19 16:03:20.194  5628  8841 I CAE     : setPropertyValue(SLocationRunner.java:116) - SLocationRunner setProperty header : 34, len : 1
04-19 16:03:20.194  5628  5925 D CAE     : display(ContextProvider.java:375) - ================= SLOCATION_RUNNER =================
04-19 16:03:20.194  5628  8841 I CAE     : sendCmdToSensorHub(SensorHubCommManager.java:156) - -63, 23, 55, 34,
04-19 16:03:20.195  5628  5925 I CAE     : display(ContextProvider.java:391) - ExtraDataArray=[1, 1, 55, 0, 5, 2, 2, 0, 0, 0]
04-19 16:03:20.195  5628  5927 D SensorService: setSContextDataLocked ints length 2 , byte length 4
04-19 16:03:20.195  5628  5927 D SensorService: setSContextDataLocked 223717c1
04-19 16:03:20.195  5628  5925 I CAE     : parse(SLocationRunner.java:96) - SLocationRunner parse end:10
04-19 16:03:20.195  5271  5271 I SensorsHub: SContextSensor::injecet_sensor_data
04-19 16:03:20.196  5271  5271 D SensorsHub: c1 17 37 22
04-19 16:03:20.196  5271  5271 D SensorsHub: inject_scontext_data: New ssp_data_injection_fd(28)
04-19 16:03:20.196  5271  5271 D SensorsHub: SContext Data Injection return 4
04-19 16:03:20.197  5271  5313 I SensorsHub: context 38 0 37 1,1,55,0,33,33,0,0,0,0,23,87,42,196,110,97,90,0,26,183,10,160,12,49,233,96,0,0,0,46,3,4,16,112,0,0,0,154, 346045985092506
04-19 16:03:20.197  5628  5922 D SemContextService: Service.updateContext() : service = SLocation Core
04-19 16:03:20.197  5271  5313 I SensorsHub: context 10 0 9 1,1,55,0,5,2,34,0,0,0, 346045985176160
04-19 16:03:20.197  5628  5924 D SensorHubManager: onGetSensorHubDataLocked: library(38) = 1, 1, 55, 0, 33, 33, 0, 0, 0, 0, 23, 87, 42, -60, 110, 97, 90, 0, 26, -73, 10, -96, 12, 49, -23, 96, 0, 0, 0, 46, 3, 4, 16, 112, 0, 0, 0, -102
04-19 16:03:20.198  5628  8841 W CAE     : setCAProperty(ContextAwareService.java:519) - [setProperty 02] Mutex is unlocked for SLOCATION_RUNNER
04-19 16:03:20.198  5628  8841 D SemContextService: unlock : changeParameters
04-19 16:03:20.198  5628  8841 D SemContextManager:   .changeParameters : listener = com.samsung.android.location.semcontext.a@695d2c0, service=SLocation Core
04-19 16:03:20.199  5628  5925 D CAE     : onGetSensorHubData(SensorHubParserProvider.java:89) - onGetSensorHubData Event [event buffer len :38], AP_WAKEUP
04-19 16:03:20.199  5628  5925 I CAE     : parse(SensorHubParserProvider.java:190) - buffer size = 38
04-19 16:03:20.199  5628  5925 I CAE     : parse(SensorHubParserProvider.java:201) - 1, 1, 55, 0, 33, 33, 0, 0, 0, 0, 23, 87, 42, -60, 110, 97, 90, 0, 26, -73, 10, -96, 12, 49, -23, 96, 0, 0, 0, 46, 3, 4, 16, 112, 0, 0, 0, -102,
04-19 16:03:20.199  5628  5925 I CAE     : parse(SLocationRunner.java:88) - SLocationRunner parse start : 3
04-19 16:03:20.199  5628  5925 D CAE     : display(ContextProvider.java:375) - ================= SLOCATION_RUNNER =================
04-19 16:03:20.199  5628  5925 I CAE     : display(ContextProvider.java:391) - ExtraDataArray=[1, 1, 55, 0, 33, 33, 0, 0, 0, 0, 23, 87, 42, -60, 110, 97, 90, 0, 26, -73, 10, -96, 12, 49, -23, 96, 0, 0, 0, 46, 3, 4, 16, 112, 0, 0, 0, -102]
04-19 16:03:20.199  5628  5925 I CAE     : parse(SLocationRunner.java:96) - SLocationRunner parse end:38
04-19 16:03:20.200  5628  5628 D SemContextManager: onSemContextChanged() : event = SLocation Core
04-19 16:03:20.200  5628  5628 D SLocation: SLocationCoreSem - SemContextChanged type = 47, packet received
04-19 16:03:20.200  5628  5922 D SemContextService: Service.updateContext() : service = SLocation Core
04-19 16:03:20.200  5628  5628 D SemContextManager: onSemContextChanged() : event = SLocation Core
04-19 16:03:20.200  5628  5628 D SLocation: SLocationCoreSem - SemContextChanged type = 47, packet received
04-19 16:03:20.200  5628  5924 D SensorHubManager: onGetSensorHubDataLocked: library(10) = 1, 1, 55, 0, 5, 2, 34, 0, 0, 0
04-19 16:03:20.201  5628  8841 I SLocation: SemContextParser -  parse start : 3
04-19 16:03:20.201  5628  8841 I SLocation: SemContextParser -  packet Length : 5packet total size : 10
04-19 16:03:20.201  5628  8841 I SLocation: SemContextParser - packet : [2, 2, 0, 0, 0]
04-19 16:03:20.201  5628  8841 I SLocation: SemContextParser -  parse start : 3
04-19 16:03:20.201  5628  8841 I SLocation: SemContextParser -  packet Length : 33packet total size : 38
04-19 16:03:20.201  5628  8841 I SLocation: SemContextParser - packet : [33, 0, 0, 0, 0, 23, 87, 42, -60, 110, 97, 90, 0, 26, -73, 10, -96, 12, 49, -23, 96, 0, 0, 0, 46, 3, 4, 16, 112, 0, 0, 0, -102]
04-19 16:03:20.202  5628  8841 D SLocation: GeofenceCoreManager - received Extra Data from core, len : 5
04-19 16:03:20.202  5628  8841 D SLocation: GeofenceCoreManager - handleCommandCallback - UNKNOWN_CALLBACK 2 SUCCESS
04-19 16:03:20.202  5628  8841 D SLocation: CommonCoreManager - received Extra Data from core, len : 5
04-19 16:03:20.202  5628  8841 D SLocation: CommonCoreManager - handleCommandCallback - FUNC_TYPE : SET_LOCATION ERROR_CODE : ERROR_NONE
04-19 16:03:20.202  5628  8841 D SLocation: GeofenceCoreManager - received Extra Data from core, len : 33
04-19 16:03:20.202  5628  8841 D SLocation: ARDistanceGetARDistance - convertSensorHubTimeToElapsedTime 1681858327433045789
04-19 16:03:20.202  5628  8841 D SLocation: ARDistanceGetARDistance - invalid location time from core pvt 1681858327433045789, do not use distance info
04-19 16:03:20.203  5628  8841 D SLocation: CommonCoreManager - received Extra Data from core, len : 33
04-19 16:03:20.204  5628  5925 D CAE     : onGetSensorHubData(SensorHubParserProvider.java:89) - onGetSensorHubData Event [event buffer len :10], AP_WAKEUP
04-19 16:03:20.204  5628  5925 I CAE     : parse(SensorHubParserProvider.java:190) - buffer size = 10
04-19 16:03:20.204  5628  5925 I CAE     : parse(SensorHubParserProvider.java:201) - 1, 1, 55, 0, 5, 2, 34, 0, 0, 0,
04-19 16:03:20.205  5628  5925 I CAE     : parse(SLocationRunner.java:88) - SLocationRunner parse start : 3
04-19 16:03:20.205  5628  5925 D CAE     : display(ContextProvider.java:375) - ================= SLOCATION_RUNNER =================
04-19 16:03:20.205  5628  5925 I CAE     : display(ContextProvider.java:391) - ExtraDataArray=[1, 1, 55, 0, 5, 2, 34, 0, 0, 0]
04-19 16:03:20.206  5628  5925 I CAE     : parse(SLocationRunner.java:96) - SLocationRunner parse end:10
04-19 16:03:20.206  5628  5922 D SemContextService: Service.updateContext() : service = SLocation Core
04-19 16:03:20.207  5628  5628 D SemContextManager: onSemContextChanged() : event = SLocation Core
04-19 16:03:20.207  5628  5628 D SLocation: SLocationCoreSem - SemContextChanged type = 47, packet received
04-19 16:03:20.207  5628  8841 I SLocation: SemContextParser -  parse start : 3
04-19 16:03:20.208  5628  8841 I SLocation: SemContextParser -  packet Length : 5packet total size : 10
04-19 16:03:20.208  5628  8841 I SLocation: SemContextParser - packet : [2, 34, 0, 0, 0]
04-19 16:03:20.208  5628  8841 D SLocation: GeofenceCoreManager - received Extra Data from core, len : 5
04-19 16:03:20.208  5628  8841 D SLocation: GeofenceCoreManager - handleCommandCallback - UNKNOWN_CALLBACK 34 SUCCESS
04-19 16:03:20.208  5628  8841 D SLocation: ARDistanceLibManager - command callback received - CURRENT_LOCATION_REQUEST_DISTANCE ERROR CODE : ERROR_NONE
04-19 16:03:20.208  5628  8841 D SLocation: CommonCoreManager - received Extra Data from core, len : 5
04-19 16:03:20.209  5628 11246 V LocationManagerService: passive provider registration 5023/com.samsung.android.networkdiagnostic/4FDF9C6D dropped delivery - too close
04-19 16:03:20.210  5628 11246 V LocationManagerService: passive provider registration 1000/android[SensorNotificationService]/B3D20444 dropped delivery - too close
04-19 16:03:20.211  9284  9353 I NlpAccuracyEvaluator_FLP: update nlp [wifi] fixCount=207/distDelta=0.3023262/accuracy=19.743
04-19 16:03:20.212  9284  9353 I GmsPassiveListener_FLP: onGmsLocationChanged, provider=fused / speed=0.47129232 / time=1681913000077 / elapsed=346045866000000
04-19 16:03:20.212  5628  8841 D SLocation: PositionManager - PassiveonLocationChanged fused 1681913000077
04-19 16:03:20.213  5628  8841 W SLocation: PositionManager - do not refresh last location about fused location
04-19 16:03:20.213  5628  8841 D SLocation: ARDistanceBigData - BIGDATA ARD - receive location
04-19 16:03:20.213  5628  8841 D SLocation: ARDistanceLibManager - request distance diff to AR Distance Library
04-19 16:03:20.215  5628  8841 D SLocation: SLocationCoreSem - send to coreSem, packet length : 1 / [34]
04-19 16:03:20.215  5628  8841 D SemContextLocationCoreAttribute: setAttribute() mode : 0 action : 23
04-19 16:03:20.215  5628  8841 D SemContextService: lock : changeParameters
04-19 16:03:20.215  5628  8841 D SemContext.CaeProvider.LocationCoreImpl: setAttribute() mode : 0 action : 23
04-19 16:03:20.216  5628  8841 W CAE     : setCAProperty(ContextAwareService.java:513) - [setProperty 01] Mutex is locked for SLOCATION_RUNNER
04-19 16:03:20.216  5628  8841 I CAE     : setPropertyValue(SLocationRunner.java:116) - SLocationRunner setProperty header : 34, len : 1
04-19 16:03:20.217  5628  8841 I CAE     : sendCmdToSensorHub(SensorHubCommManager.java:156) - -63, 23, 55, 34,
04-19 16:03:20.218  5628  5927 D SensorService: setSContextDataLocked ints length 2 , byte length 4
04-19 16:03:20.218  5628  5927 D SensorService: setSContextDataLocked 223717c1
04-19 16:03:20.218  5271  5271 I SensorsHub: SContextSensor::injecet_sensor_data
04-19 16:03:20.218  5271  5271 D SensorsHub: c1 17 37 22
04-19 16:03:20.218  5271  5271 D SensorsHub: inject_scontext_data: New ssp_data_injection_fd(28)
04-19 16:03:20.219  5271  5271 D SensorsHub: SContext Data Injection return 4
04-19 16:03:20.219  5271  5313 I SensorsHub: context 38 0 37 1,1,55,0,33,33,0,0,0,0,23,87,42,196,110,97,90,0,26,183,10,160,12,49,233,96,0,0,0,46,3,4,24,64,0,0,0,154, 346046007844314
04-19 16:03:20.220  5271  5313 I SensorsHub: context 10 0 9 1,1,55,0,5,2,34,0,0,0, 346046007894929
04-19 16:03:20.221  5628  5924 D SensorHubManager: onGetSensorHubDataLocked: library(38) = 1, 1, 55, 0, 33, 33, 0, 0, 0, 0, 23, 87, 42, -60, 110, 97, 90, 0, 26, -73, 10, -96, 12, 49, -23, 96, 0, 0, 0, 46, 3, 4, 24, 64, 0, 0, 0, -102
04-19 16:03:20.221  5628  8841 W CAE     : setCAProperty(ContextAwareService.java:519) - [setProperty 02] Mutex is unlocked for SLOCATION_RUNNER
04-19 16:03:20.221  5628  8841 D SemContextService: unlock : changeParameters
04-19 16:03:20.221  5628  5924 D SensorHubManager: onGetSensorHubDataLocked: library(10) = 1, 1, 55, 0, 5, 2, 34, 0, 0, 0
04-19 16:03:20.221  5628  5925 D CAE     : onGetSensorHubData(SensorHubParserProvider.java:89) - onGetSensorHubData Event [event buffer len :38], AP_WAKEUP
04-19 16:03:20.222  5628  8841 D SemContextManager:   .changeParameters : listener = com.samsung.android.location.semcontext.a@695d2c0, service=SLocation Core
04-19 16:03:20.222  5628  8841 D SLocation: PositionManager - receive fused location
04-19 16:03:20.222  5628  5925 I CAE     : parse(SensorHubParserProvider.java:190) - buffer size = 38
04-19 16:03:20.222  5628  5925 I CAE     : parse(SensorHubParserProvider.java:201) - 1, 1, 55, 0, 33, 33, 0, 0, 0, 0, 23, 87, 42, -60, 110, 97, 90, 0, 26, -73, 10, -96, 12, 49, -23, 96, 0, 0, 0, 46, 3, 4, 24, 64, 0, 0, 0, -102,
04-19 16:03:20.222  5628  5925 I CAE     : parse(SLocationRunner.java:88) - SLocationRunner parse start : 3
04-19 16:03:20.223  5628  5925 D CAE     : display(ContextProvider.java:375) - ================= SLOCATION_RUNNER =================
04-19 16:03:20.223  5628  5925 I CAE     : display(ContextProvider.java:391) - ExtraDataArray=[1, 1, 55, 0, 33, 33, 0, 0, 0, 0, 23, 87, 42, -60, 110, 97, 90, 0, 26, -73, 10, -96, 12, 49, -23, 96, 0, 0, 0, 46, 3, 4, 24, 64, 0, 0, 0, -102]
04-19 16:03:20.224  5628  5925 I CAE     : parse(SLocationRunner.java:96) - SLocationRunner parse end:38
04-19 16:03:20.225  5628  5922 D SemContextService: Service.updateContext() : service = SLocation Core
04-19 16:03:20.225  5628  5925 D CAE     : onGetSensorHubData(SensorHubParserProvider.java:89) - onGetSensorHubData Event [event buffer len :10], AP_WAKEUP
04-19 16:03:20.225  5628  5925 I CAE     : parse(SensorHubParserProvider.java:190) - buffer size = 10
04-19 16:03:20.225  5628  5628 D SemContextManager: onSemContextChanged() : event = SLocation Core
04-19 16:03:20.225  5628  5628 D SLocation: SLocationCoreSem - SemContextChanged type = 47, packet received
04-19 16:03:20.225  5628  5925 I CAE     : parse(SensorHubParserProvider.java:201) - 1, 1, 55, 0, 5, 2, 34, 0, 0, 0,
04-19 16:03:20.226  5628  8841 I SLocation: SemContextParser -  parse start : 3
04-19 16:03:20.226  5628  8841 I SLocation: SemContextParser -  packet Length : 33packet total size : 38
04-19 16:03:20.226  5628  8841 I SLocation: SemContextParser - packet : [33, 0, 0, 0, 0, 23, 87, 42, -60, 110, 97, 90, 0, 26, -73, 10, -96, 12, 49, -23, 96, 0, 0, 0, 46, 3, 4, 24, 64, 0, 0, 0, -102]
04-19 16:03:20.226  5628  5925 I CAE     : parse(SLocationRunner.java:88) - SLocationRunner parse start : 3
04-19 16:03:20.226  5628  8841 D SLocation: GeofenceCoreManager - received Extra Data from core, len : 33
04-19 16:03:20.226  5628  8841 D SLocation: ARDistanceGetARDistance - convertSensorHubTimeToElapsedTime 1681858327433045789
04-19 16:03:20.226  5628  8841 D SLocation: ARDistanceGetARDistance - invalid location time from core pvt 1681858327433045789, do not use distance info
04-19 16:03:20.227  5628  8841 D SLocation: CommonCoreManager - received Extra Data from core, len : 33
04-19 16:03:20.228  5628  5925 D CAE     : display(ContextProvider.java:375) - ================= SLOCATION_RUNNER =================
04-19 16:03:20.228  5628  5925 I CAE     : display(ContextProvider.java:391) - ExtraDataArray=[1, 1, 55, 0, 5, 2, 34, 0, 0, 0]
04-19 16:03:20.229  5628  5925 I CAE     : parse(SLocationRunner.java:96) - SLocationRunner parse end:10
04-19 16:03:20.229  5628  5922 D SemContextService: Service.updateContext() : service = SLocation Core
04-19 16:03:20.231  5628  5628 D SemContextManager: onSemContextChanged() : event = SLocation Core
04-19 16:03:20.231  5628  5628 D SLocation: SLocationCoreSem - SemContextChanged type = 47, packet received
04-19 16:03:20.231  5628  8841 I SLocation: SemContextParser -  parse start : 3
04-19 16:03:20.231  5628  8841 I SLocation: SemContextParser -  packet Length : 5packet total size : 10
04-19 16:03:20.231  5628  8841 I SLocation: SemContextParser - packet : [2, 34, 0, 0, 0]
04-19 16:03:20.231  5628  8841 D SLocation: GeofenceCoreManager - received Extra Data from core, len : 5
04-19 16:03:20.231  5628  8841 D SLocation: GeofenceCoreManager - handleCommandCallback - UNKNOWN_CALLBACK 34 SUCCESS
04-19 16:03:20.232  5628  8841 D SLocation: ARDistanceLibManager - command callback received - CURRENT_LOCATION_REQUEST_DISTANCE ERROR CODE : ERROR_NONE
04-19 16:03:20.232  5628  8841 D SLocation: CommonCoreManager - received Extra Data from core, len : 5
04-19 16:03:20.733 30407 30407 I ResourceOverlayService_0: waitAndQuit called
04-19 16:03:20.735 30407 30407 I ResourceOverlayService_0: activity user id 0 process id 0
04-19 16:03:20.922  5628  8438 D WifiConnectivityMonitor: Stop WCM Poll. cnt : 9
04-19 16:03:21.738 30407 30407 I ResourceOverlayService_0: waitAndQuit called
04-19 16:03:21.740 30407 30407 I ResourceOverlayService_0: activity user id 0 process id 0
04-19 16:03:22.403  5628  9811 D SemWifiUsabilityStatsMonitor: onWifiUsabilityStats - seqNum 36169, isSameBssidAndFreq true
04-19 16:03:22.406  5628  8422 I SemWifiLinkQualityMonitor: Link Qos Query: 0.037 ms / 216.500 Mbps (433 / 0.000 / 2.000)
04-19 16:03:22.742 30407 30407 I ResourceOverlayService_0: waitAndQuit called
04-19 16:03:22.743 30407 30407 I ResourceOverlayService_0: activity user id 0 process id 0
04-19 16:03:23.014 17564 17585 D Benchmark: timeNs[ 0:10]: 167758461 167467692 165964423 170749769 169949270 165733000 166936385 166141807 166095731 166442576
04-19 16:03:23.014 17564 17585 D Benchmark: timeNs[10:20]: 164828230 164646077 165016231 167046039 166620115 173293115 175925307 173288731 168648923 167306154
04-19 16:03:23.014 17564 17585 D Benchmark: timeNs[20:30]: 167229961 166551807 165256154 165828961 165710577 165773077 167838384 166882231 167304654 167866154
04-19 16:03:23.015 17564 17585 D Benchmark: timeNs[30:40]: 167687115 166389384 166279154 167820384 165243961 164515500 164227115 164232423 164436038 168692616
04-19 16:03:23.015 17564 17585 D Benchmark: timeNs[40:50]: 164671846 166997269 168078731 166734384 168620885 167610077 165542308 164347193 164066231 164568884
04-19 16:03:23.155  5628  5712 I libprocessgroup: Successfully killed process cgroup uid 10059 pid 20891 in 0ms
04-19 16:03:23.191  5250  5250 I Zygote  : Process 20891 exited due to signal 9 (Killed)
04-19 16:03:23.339  5628  8841 D SLocation: GeopointGeofenceManager - Location reported : fix method = 4 / 19.743
04-19 16:03:23.339  5628  8841 W Settings: Setting airplane_mode_on has moved from android.provider.Settings.System to android.provider.Settings.Global, returning read-only value.
04-19 16:03:23.345  5628  8841 D SLocation: LocationProcessingAlgorithm - entry condition - dist : 4664.7407 padding : 0.0, accuracy : 19.743, provider : network, dir : 2
04-19 16:03:23.345  5628  8841 D SLocation: ReceiverPairWithAdaptive - id : 1, dir : 2
04-19 16:03:23.345  5628  8841 D SLocation: LocationProcessingAlgorithm - entry condition - dist : 3807514.8 padding : 0.0, accuracy : 19.743, provider : network, dir : 2
04-19 16:03:23.346  5628  8841 D SLocation: LocationProcessingAlgorithm - entry condition - dist : 90758.41 padding : 0.0, accuracy : 19.743, provider : network, dir : 2
04-19 16:03:23.346  5628  8841 D SLocation: LocationProcessingAlgorithm - entry condition - dist : 3807938.2 padding : 0.0, accuracy : 19.743, provider : network, dir : 2
04-19 16:03:23.346  5628  8841 D SLocation: LocationProcessingAlgorithm - entry condition - dist : 683.9208 padding : 0.0, accuracy : 19.743, provider : network, dir : 2
04-19 16:03:23.346  5628  8841 D SLocation: LocationProcessingAlgorithm - entry condition - dist : 1917394.8 padding : 0.0, accuracy : 19.743, provider : network, dir : 2
04-19 16:03:23.347  5628  8841 D SLocation: LocationProcessingAlgorithm - entry condition - dist : 13359.601 padding : 0.0, accuracy : 19.743, provider : network, dir : 2
04-19 16:03:23.347  5628  8841 D SLocation: LocationProcessingAlgorithm - entry condition - dist : 3807938.2 padding : 0.0, accuracy : 19.743, provider : network, dir : 2
04-19 16:03:23.347  5628  8841 D SLocation: LocationProcessingAlgorithm - entry condition - dist : 1801175.1 padding : 0.0, accuracy : 19.743, provider : network, dir : 2
04-19 16:03:23.348  5628  8841 D SLocation: LocationProcessingAlgorithm - entry condition - dist : 662.60266 padding : 0.0, accuracy : 19.743, provider : network, dir : 2
04-19 16:03:23.348  5628  8841 D SLocation: LocationProcessingAlgorithm - entry condition - dist : 10.42825 padding : 0.0, accuracy : 19.743, provider : network, dir : 1
04-19 16:03:23.348  5628  8841 D SLocation: GeopointReceiver - send geopoint result - 1
04-19 16:03:23.348  5628  8841 D SLocation: ReceiverPairWithAdaptive - id : 11, dir : 1
04-19 16:03:23.349  5628  8841 D SLocation: LocationProcessingAlgorithm - entry condition - dist : 429.71484 padding : 0.0, accuracy : 19.743, provider : network, dir : 1
04-19 16:03:23.349  5628  8841 D SLocation: GeopointReceiver - send geopoint result - 1
04-19 16:03:23.582  8513  8599 D MobileStatusTracker(1/2): onSignalStrengthsChanged level=2, vendorLevel=1
04-19 16:03:23.587  8513  8599 D MobileSignalController(1/2): notifyListener: enabled=true, connected=true, dataConnected=false, networkType=LTE (4G), emergencyOnly=false, roaming=false, isDefault=false, dataActivity=, level=1, ca=false, mmWave=false, disabledDataIcon=false, simCard=ETC
04-19 16:03:23.588  8513  8599 D NetworkController: SignalStrength from intent slotId=1
04-19 16:03:23.729 19806 19867 I PlayCommon: [197] akxk.j(32): Preparing logs for uploading
04-19 16:03:23.745 30407 30407 I ResourceOverlayService_0: waitAndQuit called
04-19 16:03:23.746 30407 30407 I ResourceOverlayService_0: activity user id 0 process id 0
04-19 16:03:23.768 19806 19867 I PlayCommon: [197] akxk.j(150): Connecting to server for timestamp: https://play.googleapis.com/play/log/timestamp
04-19 16:03:23.817 19806 19867 D TrafficStats: tagSocket(103) with statsTag=0xffffffff, statsUid=-1
04-19 16:03:23.816  5628  8457 D NetdEventListenerService: DNS Requested by : 128, 10229
04-19 16:03:23.818 17564 17585 D Benchmark: allocationCount[ 0:10]: 41 41 41 41 41
04-19 16:03:23.818 17564 17585 D Benchmark: Set 17585 (Bench thread) to priority -8. Was -20, now -8
04-19 16:03:23.818 17564 17585 D Benchmark: Set 17572 (Jit) to priority 9. Was -15, now 9
04-19 16:03:23.818 17564 17585 D Benchmark: Warmup: t=8.154, iter=48, fastAvg=167371888, slowAvg=265553536
04-19 16:03:23.818 17564 17585 I PerfettoCapture: Stopping perfetto.
04-19 16:03:23.860 23387 23387 I perfetto:    perfetto_cmd.cc:1168 SIGINT/SIGTERM received: disabling tracing.
04-19 16:03:23.864 17564 17585 D Benchmark: kill -TERM command output -
04-19 16:03:23.872  5403  5403 I perfetto:  probes_producer.cc:396 Producer stop (id=773)
04-19 16:03:23.874  5403  5403 I perfetto:    ftrace_procfs.cc:342 disabled ftrace in /sys/kernel/tracing/
04-19 16:03:23.931  4378  4378 I hwservicemanager: getTransport: Cannot find entry android.hardware.atrace@1.0::IAtraceDevice/default in either framework or device VINTF manifest.
04-19 16:03:23.939  5403  5403 I perfetto:  probes_producer.cc:396 Producer stop (id=774)
04-19 16:03:23.940  5403  5403 I perfetto:  probes_producer.cc:396 Producer stop (id=775)
04-19 16:03:23.985 23387 23387 I perfetto:    perfetto_cmd.cc:1124 Trace written into the output file
04-19 16:03:23.989  5406  5406 I perfetto: ng_service_impl.cc:2426 Tracing session 194 ended, total sessions:0
04-19 16:03:24.122  8513  8599 D MobileStatusTracker(0/1): onSignalStrengthsChanged level=2, vendorLevel=1
04-19 16:03:24.129  8513  8599 D MobileSignalController(0/1): notifyListener: enabled=true, connected=true, dataConnected=false, networkType=LTE (4G), emergencyOnly=false, roaming=true, isDefault=false, dataActivity=, level=1, ca=false, mmWave=false, disabledDataIcon=false, simCard=ETC
04-19 16:03:24.130  8513  8599 D NetworkController: SignalStrength from intent slotId=0
04-19 16:03:24.269 19806 19867 I PlayCommon: [197] akxk.j(186): Connecting to server: https://play.googleapis.com/play/log?format=raw&proto_v2=true
04-19 16:03:24.349 19806 19867 I PlayCommon: [197] akxk.j(224): Successfully uploaded logs.
04-19 16:03:24.494 17564 17585 D Benchmark: Waiting 500 ms for [ProcessPid(processName=perfetto, pid=23387)] to die
04-19 16:03:24.640 17564 17585 I PerfettoCapture: Writing to /storage/emulated/0/Android/data/org.jetbrains.android_benchmark.test/cache/Wolf3dBenchmark_mutableRefFloatIn1Long_2023-04-19-14-03-23.perfetto-trace.
04-19 16:03:24.749 30407 30407 I ResourceOverlayService_0: waitAndQuit called
04-19 16:03:24.753 30407 30407 I ResourceOverlayService_0: activity user id 0 process id 0
04-19 16:03:24.759 17564 17585 D Benchmark: Copying /storage/emulated/0/Android/data/org.jetbrains.android_benchmark.test/cache/Wolf3dBenchmark_mutableRefFloatIn1Long_2023-04-19-14-03-23.perfetto-trace to /sdcard/Android/media/org.jetbrains.android_benchmark.test/additional_test_output/Wolf3dBenchmark_mutableRefFloatIn1Long_2023-04-19-14-03-23.perfetto-trace
04-19 16:03:24.790 10919 23351 W MediaProvider: isAppCloneUserPair for user 0: false
04-19 16:03:24.821  5628  9255 D SyncManager: userId - 0 auto - true
04-19 16:03:24.953 17564 17585 I Benchmark: Wolf3dBenchmark.mutableRefFloatIn1Long[Metric (timeNs) results: median 1.66585961E8, min 1.64066231E8, max 1.75925307E8, standardDeviation: 2401852.2491979324, Metric (allocationCount) results: median 41.0, min 41.0, max 41.0, standardDeviation: 0.0]count=1
04-19 16:03:24.958 17564 17585 D Benchmark: writing results to /storage/emulated/0/Android/data/org.jetbrains.android_benchmark.test/cache/org.jetbrains.android_benchmark.test-benchmarkData.json
04-19 16:03:24.966 17564 17585 D Benchmark: Copying /storage/emulated/0/Android/data/org.jetbrains.android_benchmark.test/cache/org.jetbrains.android_benchmark.test-benchmarkData.json to /sdcard/Android/media/org.jetbrains.android_benchmark.test/additional_test_output/org.jetbrains.android_benchmark.test-benchmarkData.json
04-19 16:03:24.979  5628  5714 W libprocessgroup: Failed to open /dev/blkio//cgroup.procs: No such file or directory
04-19 16:03:24.984 10919 22984 I MediaProvider: Deleted 1 0 0 0 0 0 0 items on external_primary due to org.jetbrains.android_benchmark.test
04-19 16:03:24.991  5628 11414 D SyncManager: userId - 0 auto - true
04-19 16:03:24.996 10919 23353 W MediaProvider: isAppCloneUserPair for user 0: false
04-19 16:03:25.007  5628 11414 D SyncManager: userId - 0 auto - true
04-19 16:03:25.008 17564 17585 I TestRunner: finished: mutableRefFloatIn1Long(org.jetbrains.android_benchmark.Wolf3dBenchmark)
