04-27 22:18:36.199 21539 21563 I TestRunner: started: longPackFloat(org.jetbrains.android_benchmark.AckermannBenchmark)
04-27 22:18:36.201 21539 21539 I MonitoringInstr: Activities that are still in CREATED to STOPPED: 1
04-27 22:18:36.202 21539 21539 I MonitoringInstr: Finishing activity: androidx.benchmark.IsolationActivity@60bdc39
04-27 22:18:36.211  5429  5488 W libprocessgroup: Failed to open /dev/blkio//cgroup.procs: No such file or directory
04-27 22:18:36.212 21539 21563 I GrantPermissionCallable: Permission: android.permission.WRITE_EXTERNAL_STORAGE is already granted!
04-27 22:18:36.213 21539 21563 I GrantPermissionCallable: Permission: android.permission.READ_EXTERNAL_STORAGE is already granted!
04-27 22:18:36.213  5429  5488 W libprocessgroup: Failed to open /dev/blkio//cgroup.procs: No such file or directory
04-27 22:18:36.213 21539 21563 D Benchmark: -- Running org.jetbrains.android_benchmark.AckermannBenchmark#longPackFloat --
04-27 22:18:36.213 21539 21563 D PerfettoCapture: Supported ABIs: arm64-v8a, armeabi-v7a, armeabi
04-27 22:18:36.214 21539 21563 D PerfettoCapture: Recording perfetto trace
04-27 22:18:36.229  6734 24547 I NetworkScheduler.Stats: Task com.google.android.gms/com.google.android.gms.ipa.base.IpaGcmTaskService started execution. cause:9 exec_start_elapsed_seconds: 36256 [CONTEXT service_id=218 ]
04-27 22:18:36.243  6734 24557 I NetworkScheduler.Stats: Task com.google.android.gms/com.google.android.gms.ipa.base.IpaGcmTaskService finished executing. cause:9 result: 1 elapsed_millis: 49 uptime_millis: 49 exec_start_elapsed_seconds: 36256 [CONTEXT service_id=218 ]
04-27 22:18:36.261 21539 21563 I PerfettoCapture: Cleanup perfetto before starting.
04-27 22:18:36.456 21539 21563 I PerfettoCapture: Perfetto output file cleanup -
04-27 22:18:36.457 21539 21563 I PerfettoCapture: Starting perfetto tracing with cmd: cat /storage/emulated/0/Android/data/org.jetbrains.android_benchmark.test/cache/trace_config.pb | perfetto --background -c - -o /data/misc/perfetto-traces/trace_output.pb
04-27 22:18:36.635 25480 25480 I perfetto:    perfetto_cmd.cc:1001 Connected to the Perfetto traced service, starting tracing
04-27 22:18:36.637  5131  5131 I perfetto: ing_service_impl.cc:953 Configured tracing session 104, #sources:4, duration:0 ms, #buffers:2, total buffer size:36864 KB, total sessions:1, uid:2000 session name: ""
04-27 22:18:36.638  5130  5130 I perfetto:  probes_producer.cc:139 Ftrace setup (target_buf=207)
04-27 22:18:36.682 21539 21563 I PerfettoCapture: Perfetto output - 25480
04-27 22:18:36.682 21539 21563 I PerfettoCapture: EXITCODE=0
04-27 22:18:36.699  5429  5488 W libprocessgroup: Failed to open /dev/blkio//cgroup.procs: No such file or directory
04-27 22:18:36.711  4389  4389 I hwservicemanager: getTransport: Cannot find entry android.hardware.atrace@1.0::IAtraceDevice/default in either framework or device VINTF manifest.
04-27 22:18:36.732  5130  5130 I perfetto:    ftrace_procfs.cc:335 enabled ftrace in /sys/kernel/tracing/
04-27 22:18:36.737 24151 24151 I SCS@AiSearch user 0: (ObserverWorker::AOSP_MP) [main] entering in startWork():
04-27 22:18:36.738 24151 24151 I SCS@AiSearch user 0: (BaseCollector::AOSP_MP) [main] entering in onChange():
04-27 22:18:36.739 24151 24224 I SCS@AiSearch user 0: (BaseCollector::AOSP_MP) [AOSP_MP-0] entering in collectChanges():
04-27 22:18:36.751  5429  8509 D PackageManager: setEnabledSetting : userId = 0 packageName = com.samsung.android.scs cmp = androidx.work.impl.background.systemalarm.RescheduleReceiver newState = 1 callingPackage = 10380/com.samsung.android.scs
04-27 22:18:36.753  5429  8509 D ApplicationPolicy: getApplicationStateEnabled : pkg = com.samsung.android.scs userId : 0
04-27 22:18:36.754  5429  8509 D ApplicationPolicy: getApplicationComponentState : pkg = com.samsung.android.scs userId : 0
04-27 22:18:36.846 21539 21563 I PerfettoCapture: Perfetto tracing started successfully with pid 25480.
04-27 22:18:36.849 24151 24224 I SCS@AiSearch user 0: (BaseCollector::AOSP_MP) fetchInternal values : maxSyncId: 1000008202 indexCount: 1705 sourceCount: 1705
04-27 22:18:36.935 21539 21563 I PerfettoCapture: /sys/kernel/tracing/tracing_on = 1, polled 0 times, capture fully started
04-27 22:18:36.937 21539 21563 D Benchmark: Set 21563 (Bench thread) to priority -20. Was -8, now -20
04-27 22:18:36.937 21539 21563 D Benchmark: Set 21548 (Jit) to priority -15. Was 9, now -15
04-27 22:18:36.949 24151 24224 I SCS@AiSearch user 0: (IndexManager) [AOSP_MP-0] entering in addIndex():
04-27 22:18:36.958 24151 24224 I SCS@AiSearch user 0: (BaseCollector::AOSP_MP) fetch: fetching took  162 ms
04-27 22:18:36.958 24151 24224 I SCS@AiSearch user 0: (BaseCollector::AOSP_MP) fetchChanges: applied 0 items
04-27 22:18:36.959 24151 24224 I SCS@AiSearch user 0: (BaseCollector::AOSP_MP) Collect finished. Result: true
04-27 22:18:36.962 24151 24205 I WM-WorkerWrapper: Worker result SUCCESS for Work [ id=71ac8fea-054f-4dd0-9549-b2bd1adfba3d, tags={ com.sec.android.app.myfiles, com.samsung.android.scs.ai.search.data.collector.ObserverWorker } ]
04-27 22:18:36.967 24151 24224 I SCS@AiSearch user 0: (BaseCollector::AOSP_MP) enqueue ObserverWorker name: com.sec.android.app.myfiles, policy: APPEND_OR_REPLACE
04-27 22:18:36.973 21539 21563 I _benchmark.test: Explicit concurrent copying GC freed 499265(8338KB) AllocSpace objects, 1(20KB) LOS objects, 67% free, 2913KB/9057KB, paused 401us,111us total 35.566ms
04-27 22:18:37.036  5429  8533 D PackageManager: setEnabledSetting : userId = 0 packageName = com.samsung.android.scs cmp = androidx.work.impl.background.systemalarm.RescheduleReceiver newState = 1 callingPackage = 10380/com.samsung.android.scs
04-27 22:18:37.037  5429  8533 D ApplicationPolicy: getApplicationStateEnabled : pkg = com.samsung.android.scs userId : 0
04-27 22:18:37.038  5429  8533 D ApplicationPolicy: getApplicationComponentState : pkg = com.samsung.android.scs userId : 0
04-27 22:18:37.043  8449  8666 I SemDvfsHyPerManager: acquire hyper - SIOP_GPU_FREQ_MAX/8449@4, type = 536875010
04-27 22:18:37.044  8449  8666 I SemDvfsHyPerManager: acquire hyper - SIOP_ARM_MAX/8449@2, type = 301993986
04-27 22:18:37.046  5040  5080 I HYPER-HAL: [RequestManager.cpp]acquire(): Acquired ID : 35730835  [8449 / 4]    HINT :      list : [GPUMaxFreq / 764000]
04-27 22:18:37.047  5040  5080 I HYPER-HAL: [RequestManager.cpp]acquire(): Acquired ID : 35713928  [8449 / 2]    HINT :      list : [CPUMaxFreq / 1898000]
04-27 22:18:37.696  5429  7411 D SemWifiUsabilityStatsMonitor: onWifiUsabilityStats - seqNum 6220, isSameBssidAndFreq true
04-27 22:18:37.699  5429  5717 I SemWifiLinkQualityMonitor: Link Qos Query: 0.111 ms / 72.000 Mbps (72 / 0.000 / 1.000)
04-27 22:18:37.700  5878  5878 D NetworkController.WifiSignalController: notifyListener: visible=true, connected=true, inetCondition=1, isDefault=true, wifiTestReported=true, receivedInetCondition=-1, hideDuringMobileSwitching=false
04-27 22:18:37.702  5878  6043 D Tile.WifiTile: handleUpdateState isTransient=false transientEnabling =false cb.isTransient=false state.state = 2 mStateBeforeClick.value =false enabled =true
04-27 22:18:40.184 21539 21563 D Benchmark: timeNs[ 0:10]: 28225 25913 25944 25969 25994 25963 25960 25943 25951 25979
04-27 22:18:40.184 21539 21563 D Benchmark: timeNs[10:20]: 26338 26744 26617 26014 26040 25971 25967 25952 25964 25988
04-27 22:18:40.184 21539 21563 D Benchmark: timeNs[20:30]: 26124 26046 26031 25978 25962 25980 25965 25988 25994 25989
04-27 22:18:40.185 21539 21563 D Benchmark: timeNs[30:40]: 25981 25959 25967 25973 25991 25992 25953 25977 25953 25936
04-27 22:18:40.185 21539 21563 D Benchmark: timeNs[40:50]: 25961 25963 25921 25982 25976 25964 25970 25941 25972 25913
04-27 22:18:40.481 21539 21563 D Benchmark: allocationCount[ 0:10]: 0 0 0 0 0
04-27 22:18:40.481 21539 21563 D Benchmark: Set 21563 (Bench thread) to priority -8. Was -20, now -8
04-27 22:18:40.481 21539 21563 D Benchmark: Set 21548 (Jit) to priority 9. Was -15, now 9
04-27 22:18:40.481 21539 21563 D Benchmark: Warmup: t=0.250, iter=3462, fastAvg=44205, slowAvg=44398
04-27 22:18:40.481 21539 21563 I PerfettoCapture: Stopping perfetto.
04-27 22:18:40.525 25480 25480 I perfetto:    perfetto_cmd.cc:1168 SIGINT/SIGTERM received: disabling tracing.
04-27 22:18:40.529 21539 21563 D Benchmark: kill -TERM command output -
04-27 22:18:40.539  5130  5130 I perfetto:  probes_producer.cc:396 Producer stop (id=413)
04-27 22:18:40.542  5130  5130 I perfetto:    ftrace_procfs.cc:342 disabled ftrace in /sys/kernel/tracing/
04-27 22:18:40.597  4389  4389 I hwservicemanager: getTransport: Cannot find entry android.hardware.atrace@1.0::IAtraceDevice/default in either framework or device VINTF manifest.
04-27 22:18:40.605  5130  5130 I perfetto:  probes_producer.cc:396 Producer stop (id=414)
04-27 22:18:40.606  5130  5130 I perfetto:  probes_producer.cc:396 Producer stop (id=415)
04-27 22:18:40.629 25480 25480 I perfetto:    perfetto_cmd.cc:1124 Trace written into the output file
04-27 22:18:40.631  5131  5131 I perfetto: ng_service_impl.cc:2426 Tracing session 104 ended, total sessions:0
04-27 22:18:40.659 21539 21563 I PerfettoCapture: Writing to /storage/emulated/0/Android/data/org.jetbrains.android_benchmark.test/cache/AckermannBenchmark_longPackFloat_2023-04-27-20-18-40.perfetto-trace.
04-27 22:18:40.716 21539 21563 D Benchmark: Copying /storage/emulated/0/Android/data/org.jetbrains.android_benchmark.test/cache/AckermannBenchmark_longPackFloat_2023-04-27-20-18-40.perfetto-trace to /sdcard/Android/media/org.jetbrains.android_benchmark.test/additional_test_output/AckermannBenchmark_longPackFloat_2023-04-27-20-18-40.perfetto-trace
04-27 22:18:40.723  5429  7411 D SemWifiUsabilityStatsMonitor: onWifiUsabilityStats - seqNum 6221, isSameBssidAndFreq true
04-27 22:18:40.727  5429  5717 I SemWifiLinkQualityMonitor: Link Qos Query: 0.111 ms / 72.000 Mbps (72 / 0.000 / 1.000)
04-27 22:18:40.731  5878  5878 D NetworkController.WifiSignalController: notifyListener: visible=true, connected=true, inetCondition=1, isDefault=true, wifiTestReported=true, receivedInetCondition=-1, hideDuringMobileSwitching=false
04-27 22:18:40.733  5878  6043 D Tile.WifiTile: handleUpdateState isTransient=false transientEnabling =false cb.isTransient=false state.state = 2 mStateBeforeClick.value =false enabled =true
04-27 22:18:40.762  8350 24813 W MediaProvider: isAppCloneUserPair for user 0: false
04-27 22:18:40.793  5429  8533 D SyncManager: userId - 0 auto - true
04-27 22:18:40.846 21539 21563 I Benchmark: AckermannBenchmark.longPackFloat[Metric (timeNs) results: median 25972.318744473916, min 25913.044650751548, max 28225.03890362511, standardDeviation: 348.0217144165758, Metric (allocationCount) results: median 0.0, min 0.0, max 0.0, standardDeviation: 0.0]count=2262
04-27 22:18:40.854 21539 21563 D Benchmark: writing results to /storage/emulated/0/Android/data/org.jetbrains.android_benchmark.test/cache/org.jetbrains.android_benchmark.test-benchmarkData.json
04-27 22:18:40.867 21539 21563 D Benchmark: Copying /storage/emulated/0/Android/data/org.jetbrains.android_benchmark.test/cache/org.jetbrains.android_benchmark.test-benchmarkData.json to /sdcard/Android/media/org.jetbrains.android_benchmark.test/additional_test_output/org.jetbrains.android_benchmark.test-benchmarkData.json
04-27 22:18:40.883  8350 24813 I MediaProvider: Deleted 1 0 0 0 0 0 0 items on external_primary due to org.jetbrains.android_benchmark.test
04-27 22:18:40.884  5429  8533 D SyncManager: userId - 0 auto - true
04-27 22:18:40.890  8350 25452 W MediaProvider: isAppCloneUserPair for user 0: false
04-27 22:18:40.902 21539 21563 I TestRunner: finished: longPackFloat(org.jetbrains.android_benchmark.AckermannBenchmark)
