04-30 01:26:35.055 30292 30337 I ContactsProvider_EventLog: cp_s: [STATE R(T) ]
04-30 01:26:35.599  5429  7411 D SemWifiUsabilityStatsMonitor: onWifiUsabilityStats - seqNum 25046, isSameBssidAndFreq true
04-30 01:26:35.601  5429  5717 I SemWifiLinkQualityMonitor: Link Qos Query: 0.032 ms / 247.429 Mbps (433 / 0.000 / 1.750)
04-30 01:26:37.441 12235 12258 D Benchmark: timeNs[ 0:10]: 844083961 810026653 814584500 835376346 832522307 815875653 820409731 836991577 824561807 819388346
04-30 01:26:37.441 12235 12258 D Benchmark: timeNs[10:20]: 867297999 816083230 851463115 844634384 836853922 803808384 830890307 833217269 832482769 795671730
04-30 01:26:37.441 12235 12258 D Benchmark: timeNs[20:30]: 834316038 837432153 851885346 813948538 825376961 858351807 839168192 785774230 780993422 801819768
04-30 01:26:37.441 12235 12258 D Benchmark: timeNs[30:40]: 812560576 791951461 795573654 778222191 759111538 781443653 770122154 779078192 763916384 772587961
04-30 01:26:37.441 12235 12258 D Benchmark: timeNs[40:50]: 782226345 770181192 779100115 780505653 774671653 778208692 779209961 767996884 784508076 780323076
04-30 01:26:38.645  5429  7411 D SemWifiUsabilityStatsMonitor: onWifiUsabilityStats - seqNum 25047, isSameBssidAndFreq true
04-30 01:26:38.646  5429  5717 I SemWifiLinkQualityMonitor: Link Qos Query: 0.032 ms / 247.429 Mbps (433 / 0.000 / 1.750)
04-30 01:26:39.050  4899  4899 E audit   : type=1400 audit(1682810799.047:84931): avc:  denied  { getattr } for  pid=5429 comm="BinderProcsColl" path="/sys/kernel/debug/binder/proc/5429" dev="debugfs" ino=28624 scontext=u:r:system_server:s0 tcontext=u:object_r:sec_debugfs:s0 tclass=file permissive=0 SEPF_SM-A515F_13_0001 audit_filtered
04-30 01:26:39.051  4899  4899 E audit   : type=1300 audit(1682810799.047:84931): arch=c00000b7 syscall=79 success=no exit=-13 a0=ffffff9c a1=76cbc32a50 a2=766eae5680 a3=0 items=0 ppid=4924 pid=5429 auid=4294967295 uid=1000 gid=1000 euid=1000 suid=1000 fsuid=1000 egid=1000 sgid=1000 fsgid=1000 tty=(none) ses=4294967295 comm="BinderProcsColl" exe="/system/bin/app_process64" subj=u:r:system_server:s0 key=(null)
04-30 01:26:39.051  4899  4899 E audit   : type=1327 audit(1682810799.047:84931): proctitle="system_server"
04-30 01:26:40.441 12235 12258 W _benchmark.test: Suspending all threads took: 19.009ms
04-30 01:26:41.678  5429  7411 D SemWifiUsabilityStatsMonitor: onWifiUsabilityStats - seqNum 25048, isSameBssidAndFreq true
04-30 01:26:41.680  5429  5717 I SemWifiLinkQualityMonitor: Link Qos Query: 0.032 ms / 247.429 Mbps (433 / 0.000 / 1.750)
04-30 01:26:41.757  5067  5067 E sehhealth-service: Could not open /sys/class/power_supply/battery/lrp
04-30 01:26:41.765  5429  5602 D MotionRecognitionService: [SAR]  onReceive : ACTION_BATTERY_CHANGED, Plugged: 0
04-30 01:26:41.767  5429  5429 D PhoneWindowManagerExt: ACTION_BATTERY_CHANGED - Level=95, status=3
04-30 01:26:41.776  5429  5429 D SemWifiApBroadcastReceiver: Received : android.intent.action.BATTERY_CHANGED
04-30 01:26:41.776  5787  5787 D SemBigDataInfoController: Intent: android.intent.action.BATTERY_CHANGED
04-30 01:26:41.777  5787  5787 D SemBigDataInfoController: Intent: android.intent.action.BATTERY_CHANGED
04-30 01:26:41.780  5878  5878 I PowerUI : mBootCompleted = true |  mFullyConnected = true
04-30 01:26:41.781  5878  5878 W PowerUI : Plug reason
04-30 01:26:41.781  5878  5878 W PowerUI : Skip charging animation - by plug status
04-30 01:26:41.781  5878  5878 D PowerUI : priorPlugType = 0 mPlugType = 0 priorBatteryStatus = 3 mBatteryStatus = 3
04-30 01:26:41.781  5878  5878 W PowerUI : Plug reason
04-30 01:26:41.781  5878  5878 W PowerUI : Skip charging sound - by plug status
04-30 01:26:41.781  5878  5878 I PowerUI : oldMisalign : false, curMisalign : false
04-30 01:26:41.781  5878  5878 D SecPowerUI.Notification: dismissSlowByChargerConnectionInfoPopUp()
04-30 01:26:41.781  5878  5878 D SecPowerUI.Notification: dismissChargingNotification()
04-30 01:26:41.781  5878  5878 D SecPowerUI.Notification: SecBatteryStatsSnapshot{batteryLevel=95, currentBatteryMode=0, chargingTime=0, chargingType=0, batteryHealth=2, automaticTestMode=false, isHiccupState=false}
04-30 01:26:41.784  5878  5878 D PowerUI : Battery swelling mode - priorBatterySwellingMode = 0 mBatterySwellingMode = 0 mBatteryStatus = 3
04-30 01:26:41.784  5878  5878 I PowerUI : mBatteryMiscEvent = 65536
04-30 01:26:41.786  5878  5878 I PowerUI : checkShouldTurnOffProtectBattery : -1, Scheduling start ? : false
04-30 01:26:41.787  5878  5878 I PowerUI : Clear time
04-30 01:26:41.788  5429  8538 D SecContentProvider: query(), uri = 17 selection = isSettingsChangesAllowed
04-30 01:26:41.793  5878  5878 D KeyguardUpdateMonitor: received broadcast android.intent.action.BATTERY_CHANGED
04-30 01:26:41.793  5878  5878 D SamsungBatteryMeterDrawable: onBatteryLevelChanged isSomethingChanged: true
04-30 01:26:41.793  5878  5878 D SamsungBatteryMeterDrawable: onBatteryLevelChanged isSomethingChanged: true
04-30 01:26:41.803  5878  5878 D SamsungBatteryMeterDrawable: onBatteryLevelChanged isSomethingChanged: true
04-30 01:26:41.804  5878  5878 D SamsungBatteryMeterDrawable: onBatteryLevelChanged isSomethingChanged: true
04-30 01:26:41.804  5878  5878 I AODBatteryManager: updateBatteryData: ACTION_BATTERY_CHANGED
04-30 01:26:41.804  5878  5878 I AODBatteryManager: getChargeEstimateTime: not charging
04-30 01:26:41.804  5878  5878 I AODBatteryManager: saveBatteryData : AOD BatteryData [mBatteryLevel=95, mBatteryStatus=DISCHARGING, mBatteryPlugType=NOT_DEFINED, mBatteryPlugged=false, mRemainingChargeTime=0, mBatteryChargingType=0, mBatteryChargerType=NORMAL, mBatteryOnline=NOT_DEFINED, mBatterySwellingMode=NONE, mBatteryProtectMode=false]
04-30 01:26:41.804  5878  5878 I ChargingInfoManager: removeMessages:
04-30 01:26:41.804  5878  5878 W AODAlarmTimer_HIDE_CHARGING_INFO_TIMER: stop : not yet started
04-30 01:26:41.804  5878  5878 I ChargingInfoManager: updateChargingInfo: newState = AOD ChargingInfo [mState=NONE, mIsCharging=false, mIsFullyCharged=false, mIsBatteryProtectMode=false], oldState = AOD ChargingInfo [mState=NONE, mIsCharging=false, mIsFullyCharged=false, mIsBatteryProtectMode=false]
04-30 01:26:41.805  5878  5878 D KeyguardUpdateMonitor: handleBatteryUpdate
04-30 01:26:41.807  5878  5878 D KeyguardSecIndicationPolicy:  remove Item pos = DEFAULT, type =              BATTERY
04-30 01:26:41.807  5878  5878 D KeyguardSecIndicationPolicy:  remove Item pos = DEFAULT, type =      BATTERY_RESTING
04-30 01:26:41.807  5878  5878 D KeyguardSecIndicationPolicy:  remove Item pos = DEFAULT, type =           OWNER_INFO
04-30 01:26:41.807  5878  5878 D KeyguardSecIndicationController: addBatteryAndOwnerInfoIndication() battery status = BatteryStatus{status=3,level=95,plugged=0,health=2,maxChargingWattage=-1,remaining=-1ultraFastCharger=0}
04-30 01:26:41.809  5878  5878 I FaceWidgetPositionAlgorithm: getClockContainerHeight() supplier = 270, bottom margin = 0, real height = 333
04-30 01:26:41.810  5878  5878 I FaceWidgetPositionAlgorithm: getClockContainerHeight() supplier = 270, bottom margin = 63, real height = 333
04-30 01:26:41.810  5878  5878 I FaceWidgetPositionAlgorithm: getMediaContainerHeight() height = 0 container Visibility = 8, isValid = false, mIsDozing = false, fraction = 1.0, source = 0, target = 0
04-30 01:26:41.810  5878  5878 I FaceWidgetPositionAlgorithm: getMediaContainerHeight() supplier = 0
04-30 01:26:41.816  5878  5878 I ChargingInfoView: handleMessage: MSG_SHOW_CHARGING_INFO
04-30 01:26:41.816  5878  5878 I ChargingInfoView: updateContents: NONE
04-30 01:26:41.816  5878  5878 I SViewWalletCoverClockPageContainer_servicebox_clock: onHide:
04-30 01:26:41.816  5878  5878 I SViewWalletCoverClockPageContainer_servicebox_clock: hideChargingInfoView:
04-30 01:26:41.816  5878  5878 I ChargingInfoView: handleMessage: MSG_SHOW_CHARGING_INFO
04-30 01:26:41.816  5878  5878 I ChargingInfoView: updateContents: NONE
04-30 01:26:41.816  5878  5878 I SViewWalletCoverClockPageContainer_clone: onHide:
04-30 01:26:41.816  5878  5878 I SViewWalletCoverClockPageContainer_clone: hideChargingInfoView:
04-30 01:26:41.827  5878  5878 I FaceWidgetPositionAlgorithm: getClockContainerHeight() supplier = 270, bottom margin = 0, real height = 333
04-30 01:26:41.827  5878  5878 I FaceWidgetPositionAlgorithm: getClockContainerHeight() supplier = 270, bottom margin = 63, real height = 333
04-30 01:26:41.827  5878  5878 I FaceWidgetPositionAlgorithm: getMediaContainerHeight() height = 0 container Visibility = 8, isValid = false, mIsDozing = false, fraction = 1.0, source = 0, target = 0
04-30 01:26:41.827  5878  5878 I FaceWidgetPositionAlgorithm: getMediaContainerHeight() supplier = 0
04-30 01:26:41.828  5878  5878 V QsExpandAnimator: setQsExpansionPosition 0.0
04-30 01:26:42.261  5429  5665 D ConnectivityService: reportNetworkActive, notify 0 listeners
04-30 01:26:43.396  5429 20811 D TrafficStats: tagSocket(939) with statsTag=0xffffffff, statsUid=-1
04-30 01:26:43.480 12235 12258 W _benchmark.test: Suspending all threads took: 23.471ms
04-30 01:26:43.488 12235 12258 W _benchmark.test: Suspending all threads took: 6.997ms
04-30 01:26:43.602  5429 20811 D WifiConnectivityMonitor.DnsThread:  [|207]
04-30 01:26:43.603  5429  5738 D WifiConnectivityMonitor.NetworkStatsAnalyzer: DNS resultType : 0, responseTime : 207
04-30 01:26:43.604  5429  5736 D OpenNetworkQos[4.00]: updateBssidLatestDnsResultType - result: 0
04-30 01:26:43.604  5429  5736 D OpenNetworkQos[4.00]: updateBssidNoInternet: mBssidNoInternet = false
04-30 01:26:43.604  5429  5736 D OpenNetworkQos[4.00]: getOpenNetworkQosNoInternetStatus: false
04-30 01:26:43.604  5429  5736 D OpenNetworkQos[4.00]: getOpenNetworkQosScores: 30 30 30
04-30 01:26:43.605  5429  5736 I WifiProfileShare: network QoS data was changed (internet), updateQoSData networkType: true, qosData: false
04-30 01:26:43.606  5429  7167 V WifiProfileShare.Caster: update wips network, size: 0
04-30 01:26:43.606  5429  7167 D WifiProfileShare: nearby scanning settings run
04-30 01:26:43.607  5429  7167 D WifiProfileShare: network score provider settings enabled
04-30 01:26:43.607  5429  7167 D OpenNetworkQos[4.00]: getOpenNetworkQosScores: 30 30 30
04-30 01:26:43.608  5429  7167 D OpenNetworkQos[4.00]: getOpenNetworkQosNoInternetStatus: false
04-30 01:26:43.608  5429  7167 I WifiProfileShare.Caster: current network type: 0, score: [30, 30, 30]
04-30 01:26:43.613  5429  7167 V WifiProfileShare.Cache: update network score 00:e4:06:**:**:90
04-30 01:26:43.614  5429  7167 D WifiProfileShare.ScanMatcher: getMcfDataList size:2
04-30 01:26:43.614  5429  7167 I WifiProfileShare.Caster: qos data was updated , before:type:QOS, pBssid:51:2e:90, qosData:7c after:type:QOS, pBssid:51:2e:90, qosData:7c
04-30 01:26:43.617  5429  7167 I [MCFSDK_android_1.2.4010]_4_b: isNetworkEnabled - type : 1 ret : true
04-30 01:26:43.617  5429  7167 D WifiProfileShare.McfCast: -ME--- mIsNetworkEnabled :true
04-30 01:26:43.617  5429  7167 D WifiProfileShare.McfCast: updateQoSData ignored, same contents
04-30 01:26:43.618  5429  7167 D WifiProfileShare.MCF: success update QosData !
04-30 01:26:43.619  5429  7167 I [MCFSDK_android_1.2.4010]_4_b: isNetworkEnabled - type : 1 ret : true
04-30 01:26:43.619  5429  7167 D WifiProfileShare.McfCast: -ME--- mIsNetworkEnabled :true
04-30 01:26:43.619  5429  7167 D WifiProfileShare.McfCast: -ME--- updatePasswordDate pwdData size:2
04-30 01:26:44.731  5429  7411 D SemWifiUsabilityStatsMonitor: onWifiUsabilityStats - seqNum 25049, isSameBssidAndFreq true
04-30 01:26:44.734  5429  5717 I SemWifiLinkQualityMonitor: Link Qos Query: 0.018 ms / 433.000 Mbps (433 / 0.000 / 1.000)
04-30 01:26:44.734  5878  5878 D NetworkController.WifiSignalController: notifyListener: visible=true, connected=true, inetCondition=1, isDefault=true, wifiTestReported=true, receivedInetCondition=-1, hideDuringMobileSwitching=false
04-30 01:26:44.736  5878  6043 D Tile.WifiTile: handleUpdateState isTransient=false transientEnabling =false cb.isTransient=false state.state = 2 mStateBeforeClick.value =false enabled =true
04-30 01:26:45.083 12235 12258 D Benchmark: allocationCount[ 0:10]: 16515908 16515914 16515904 16515893 16515870
04-30 01:26:45.083 12235 12258 D Benchmark: Set 12258 (Bench thread) to priority -8. Was -20, now -8
04-30 01:26:45.083 12235 12258 D Benchmark: Set 12243 (Jit) to priority 9. Was -15, now 9
04-30 01:26:45.083 12235 12258 D Benchmark: Warmup: t=25.248, iter=30, fastAvg=840263296, slowAvg=894906112
04-30 01:26:45.083 12235 12258 I PerfettoCapture: Stopping perfetto.
04-30 01:26:45.139 20491 20491 I perfetto:    perfetto_cmd.cc:1168 SIGINT/SIGTERM received: disabling tracing.
04-30 01:26:45.145 12235 12258 D Benchmark: kill -TERM command output -
04-30 01:26:45.149  5130  5130 I perfetto:  probes_producer.cc:396 Producer stop (id=1189)
04-30 01:26:45.151  5130  5130 I perfetto:    ftrace_procfs.cc:342 disabled ftrace in /sys/kernel/tracing/
04-30 01:26:45.233  4389  4389 I hwservicemanager: getTransport: Cannot find entry android.hardware.atrace@1.0::IAtraceDevice/default in either framework or device VINTF manifest.
04-30 01:26:45.240  5130  5130 I perfetto:  probes_producer.cc:396 Producer stop (id=1190)
04-30 01:26:45.240  5130  5130 I perfetto:  probes_producer.cc:396 Producer stop (id=1191)
04-30 01:26:45.295 20491 20491 I perfetto:    perfetto_cmd.cc:1124 Trace written into the output file
04-30 01:26:45.322  5131  5131 I perfetto: ng_service_impl.cc:2426 Tracing session 298 ended, total sessions:0
04-30 01:26:45.771 12235 12258 D Benchmark: Waiting 500 ms for [ProcessPid(processName=perfetto, pid=20491)] to die
04-30 01:26:45.902 12235 12258 I PerfettoCapture: Writing to /storage/emulated/0/Android/data/org.jetbrains.android_benchmark.test/cache/Wolf3dBenchmark_inlineDouble_2023-04-29-23-26-45.perfetto-trace.
04-30 01:26:46.464  5429  8528 D PackageManager: setEnabledSetting : userId = 0 packageName = com.Slack cmp = androidx.work.impl.background.systemalarm.RescheduleReceiver newState = 1 callingPackage = 10329/com.Slack
04-30 01:26:46.467  5429  8528 D ApplicationPolicy: getApplicationStateEnabled : pkg = com.Slack userId : 0
04-30 01:26:46.468  5429  8528 D ApplicationPolicy: getApplicationComponentState : pkg = com.Slack userId : 0
04-30 01:26:46.492  5429  5488 W libprocessgroup: Failed to open /dev/blkio//cgroup.procs: No such file or directory
04-30 01:26:46.507 16465 16531 D ConnectivityManager: StackLog: [android.net.ConnectivityManager.sendRequestForNetwork(ConnectivityManager.java:4191)] [android.net.ConnectivityManager.registerDefaultNetworkCallbackForUid(ConnectivityManager.java:4755)] [android.net.ConnectivityManager.registerDefaultNetworkCallback(ConnectivityManager.java:4722)] [android.net.ConnectivityManager.registerDefaultNetworkCallback(ConnectivityManager.java:4696)] [androidx.work.impl.utils.NetworkApi24.registerDefaultNetworkCallbackCompat(Unknown Source:10)] [androidx.work.impl.constraints.trackers.NetworkStateTracker24.startTracking(Unknown Source:15)] [androidx.work.impl.constraints.controllers.ConstraintController.replace(Unknown Source:130)] [androidx.work.impl.constraints.WorkConstraintsTrackerImpl.replace(Unknown Source:41)] [androidx.work.impl.background.greedy.GreedyScheduler.schedule(Unknown Source:302)] [androidx.work.impl.Schedulers.schedule(Unknown Source:149)] [androidx.work.impl.utils.EnqueueRunnable.run(Unknown Source:53)] [androidx.work.Worker$2.run$androidx$work$impl$utils$SerialExecutorImpl$Task(Unknown Source:4)] [androidx.work.Worker$2.run(Unknown Source:868)] [java.util.concurrent.ThreadPoolExecutor.runWorker(ThreadPoolExecutor.java:1137)] [java.util.concurrent.ThreadPoolExecutor$Worker.run(ThreadPoolExecutor.java:637)] [java.lang.Thread.run(Thread.java:1012)]
04-30 01:26:46.510  5429  8538 D ConnectivityService: requestNetwork for uid/pid:10329/16465 activeRequest: null callbackRequest: 19535 [NetworkRequest [ REQUEST id=19536, [ Capabilities: INTERNET&NOT_RESTRICTED&TRUSTED&NOT_VCN_MANAGED Uid: 10329 RequestorUid: 10329 RequestorPkg: com.Slack UnderlyingNetworks: Null] ]] callback flags: 0 order: 2147483647
04-30 01:26:46.511  5429  5665 D ConnectivityService:    accepting network in place of null
04-30 01:26:46.521  5429  5655 D WifiNetworkFactory: got request NetworkRequest [ REQUEST id=19536, [ Capabilities: INTERNET&NOT_RESTRICTED&TRUSTED&NOT_VCN_MANAGED Uid: 10329 RequestorUid: 10329 RequestorPkg: com.Slack UnderlyingNetworks: Null] ]
04-30 01:26:46.521  5429  5655 D UntrustedWifiNetworkFactory: got request NetworkRequest [ REQUEST id=19536, [ Capabilities: INTERNET&NOT_RESTRICTED&TRUSTED&NOT_VCN_MANAGED Uid: 10329 RequestorUid: 10329 RequestorPkg: com.Slack UnderlyingNetworks: Null] ]
04-30 01:26:46.522  5429  5655 D OemPaidWifiNetworkFactory: got request NetworkRequest [ REQUEST id=19536, [ Capabilities: INTERNET&NOT_RESTRICTED&TRUSTED&NOT_VCN_MANAGED Uid: 10329 RequestorUid: 10329 RequestorPkg: com.Slack UnderlyingNetworks: Null] ]
04-30 01:26:46.522  5429  5655 D MultiInternetWifiNetworkFactory: got request NetworkRequest [ REQUEST id=19536, [ Capabilities: INTERNET&NOT_RESTRICTED&TRUSTED&NOT_VCN_MANAGED Uid: 10329 RequestorUid: 10329 RequestorPkg: com.Slack UnderlyingNetworks: Null] ]
04-30 01:26:46.522  5429  5665 D ConnectivityService: Rematched networks [computed 1ms] [applied 1ms] [issued 9]
04-30 01:26:46.522  5429  5665 D ConnectivityService: NetworkReassignment :
04-30 01:26:46.522  5429  5665 D ConnectivityService:   19536 : null → 128
04-30 01:26:46.532 16465 16465 D ConnectivityManager: StackLog: [android.net.ConnectivityManager.unregisterNetworkCallback(ConnectivityManager.java:4863)] [androidx.work.impl.utils.NetworkApi21.unregisterNetworkCallbackCompat(Unknown Source:10)] [androidx.work.impl.constraints.trackers.NetworkStateTracker24.stopTracking(Unknown Source:15)] [androidx.work.impl.constraints.trackers.ConstraintTracker.removeListener(Unknown Source:24)] [androidx.work.impl.constraints.controllers.ConstraintController.replace(Unknown Source:81)] [androidx.work.impl.constraints.WorkConstraintsTrackerImpl.replace(Unknown Source:41)] [androidx.work.impl.background.greedy.GreedyScheduler.onExecuted(Unknown Source:55)] [androidx.work.impl.Processor.onExecuted(Unknown Source:59)] [com.bugsnag.android.DeliveryDelegate$1.run(Unknown Source:212)]
04-30 01:26:46.536  5429  5665 D ConnectivityService:  Removing from current network [128 WIFI], leaving 161 requests.
04-30 01:26:46.706 12235 12258 D Benchmark: Copying /storage/emulated/0/Android/data/org.jetbrains.android_benchmark.test/cache/Wolf3dBenchmark_inlineDouble_2023-04-29-23-26-45.perfetto-trace to /sdcard/Android/media/org.jetbrains.android_benchmark.test/additional_test_output/Wolf3dBenchmark_inlineDouble_2023-04-29-23-26-45.perfetto-trace
04-30 01:26:46.750  8350 19177 W MediaProvider: isAppCloneUserPair for user 0: false
04-30 01:26:46.893  5429  8532 D SyncManager: userId - 0 auto - true
04-30 01:26:47.014  5429  5488 W libprocessgroup: Failed to open /dev/blkio//cgroup.procs: No such file or directory
04-30 01:26:47.026  9200 19559 I NetworkScheduler.Stats: Task com.google.android.gms/com.google.android.gms.ipa.base.IpaGcmTaskService started execution. cause:9 exec_start_elapsed_seconds: 220346 [CONTEXT service_id=218 ]
04-30 01:26:47.042  9200  9200 D BoundBrokerSvc: onBind: Intent { act=com.google.android.gms.scheduler.ACTION_PROXY_SCHEDULE dat=chimera-action:/... cmp=com.google.android.gms/.chimera.PersistentApiService }
04-30 01:26:47.043  9200  9200 D BoundBrokerSvc: Loading bound service for intent: Intent { act=com.google.android.gms.scheduler.ACTION_PROXY_SCHEDULE dat=chimera-action:/... cmp=com.google.android.gms/.chimera.PersistentApiService }
04-30 01:26:47.047  9200 20646 I NetworkScheduler.Stats: Task com.google.android.gms/com.google.android.gms.ipa.base.IpaGcmTaskService finished executing. cause:9 result: 1 elapsed_millis: 53 uptime_millis: 53 exec_start_elapsed_seconds: 220346 [CONTEXT service_id=218 ]
04-30 01:26:47.327  8350  8651 I FuseDaemon: Threshold exceeded - fadvising 67215360
04-30 01:26:47.327  8350  8651 I FuseDaemon: Threshold now 0
04-30 01:26:47.406  5429  5488 W libprocessgroup: Failed to open /dev/blkio//cgroup.procs: No such file or directory
04-30 01:26:47.476 12145 12145 I SCS@AiSearch user 0: (ObserverWorker::AOSP_MP) [main] entering in startWork():
04-30 01:26:47.478 12145 12145 I SCS@AiSearch user 0: (BaseCollector::AOSP_MP) [main] entering in onChange():
04-30 01:26:47.480 12145 12208 I SCS@AiSearch user 0: (BaseCollector::AOSP_MP) [AOSP_MP-0] entering in collectChanges():
04-30 01:26:47.501  5429  8532 D PackageManager: setEnabledSetting : userId = 0 packageName = com.samsung.android.scs cmp = androidx.work.impl.background.systemalarm.RescheduleReceiver newState = 1 callingPackage = 10380/com.samsung.android.scs
04-30 01:26:47.504  5429  8532 D ApplicationPolicy: getApplicationStateEnabled : pkg = com.samsung.android.scs userId : 0
04-30 01:26:47.504  5429  8532 D ApplicationPolicy: getApplicationComponentState : pkg = com.samsung.android.scs userId : 0
04-30 01:26:47.595 12145 12208 I SCS@AiSearch user 0: (BaseCollector::AOSP_MP) fetchInternal values : maxSyncId: 1000008329 indexCount: 895 sourceCount: 895
04-30 01:26:47.636 12235 12258 I Benchmark: Wolf3dBenchmark.inlineDouble[Metric (timeNs) results: median 8.112936145E8, min 7.59111538E8, max 8.67297999E8, standardDeviation: 2.9147372356726736E7, Metric (allocationCount) results: median 1.6515904E7, min 1.651587E7, max 1.6515914E7, standardDeviation: 17.326280616450838]count=1
04-30 01:26:47.643 12235 12258 D Benchmark: writing results to /storage/emulated/0/Android/data/org.jetbrains.android_benchmark.test/cache/org.jetbrains.android_benchmark.test-benchmarkData.json
04-30 01:26:47.660 12145 12208 I SCS@AiSearch user 0: (IndexManager) [AOSP_MP-0] entering in addIndex():
04-30 01:26:47.665 12145 12208 I SCS@AiSearch user 0: (BaseCollector::AOSP_MP) fetch: fetching took  130 ms
04-30 01:26:47.665 12145 12208 I SCS@AiSearch user 0: (BaseCollector::AOSP_MP) fetchChanges: applied 0 items
04-30 01:26:47.666 12145 12208 I SCS@AiSearch user 0: (BaseCollector::AOSP_MP) Collect finished. Result: true
04-30 01:26:47.669 12145 12204 I WM-WorkerWrapper: Worker result SUCCESS for Work [ id=2ef8b949-978b-451c-92a1-4dda27a8bd8f, tags={ com.sec.android.app.myfiles, com.samsung.android.scs.ai.search.data.collector.ObserverWorker } ]
04-30 01:26:47.669 12235 12258 D Benchmark: Copying /storage/emulated/0/Android/data/org.jetbrains.android_benchmark.test/cache/org.jetbrains.android_benchmark.test-benchmarkData.json to /sdcard/Android/media/org.jetbrains.android_benchmark.test/additional_test_output/org.jetbrains.android_benchmark.test-benchmarkData.json
04-30 01:26:47.675 12145 12208 I SCS@AiSearch user 0: (BaseCollector::AOSP_MP) enqueue ObserverWorker name: com.sec.android.app.myfiles, policy: APPEND_OR_REPLACE
04-30 01:26:47.716  5429  8528 D SyncManager: userId - 0 auto - true
04-30 01:26:47.717  8350 20860 I MediaProvider: Deleted 1 0 0 0 0 0 0 items on external_primary due to org.jetbrains.android_benchmark.test
04-30 01:26:47.723  8350 20859 W MediaProvider: isAppCloneUserPair for user 0: false
04-30 01:26:47.752 12235 12258 I TestRunner: finished: inlineDouble(org.jetbrains.android_benchmark.Wolf3dBenchmark)
