04-19 15:57:30.501 19093 19093 I SamsungAccount: [MobileServiceStateImpl] serviceName : PlaceService
04-19 15:57:30.501 19093 19093 I SamsungAccount: [MobileServiceStateProxy] registerServiceState, PlaceService is added
04-19 15:57:30.502 19093 19247 D SamsungAnalytics605054: do not send setting < 1day
04-19 15:57:30.509 19093 19253 I SamsungAccount: [DclPolicyManager] 3.1.2 GET SERVICE POLICY
04-19 15:57:30.509 19093 19253 I SamsungAccount: [AccountManagerUtil] isSamsungAccountSignedIn : true
04-19 15:57:30.510  5628  5882 D PackageManager: setEnabledSetting : userId = 0 packageName = com.Slack cmp = androidx.work.impl.background.systemalarm.RescheduleReceiver newState = 1 callingPackage = 10329/com.Slack
04-19 15:57:30.511  5628  5882 D ApplicationPolicy: getApplicationStateEnabled : pkg = com.Slack userId : 0
04-19 15:57:30.511 19093 19253 I SamsungAccount: [DclPolicyManager] Dcl policy : last server request time is not expired.
04-19 15:57:30.511 19093 19253 I SamsungAccount: [DclPolicyManager] Dcl policy : last server request time : 20230418222729
04-19 15:57:30.512  5628  5882 D ApplicationPolicy: getApplicationComponentState : pkg = com.Slack userId : 0
04-19 15:57:30.513 19093 19093 I SamsungAccount: [Migration]  startMigrationService : Migration was completed in the past! status - 2
04-19 15:57:30.513 19093 19093 I SamsungAccount: [EasySignUpMappingManager] requestMappingIfNeeded
04-19 15:57:30.516 19185 19185 I [scsettingv2std][2.0.13.0]: onCreate:
04-19 15:57:30.517 19093 19093 I SamsungAccount: [OpenDBManager] isRequireEmailVerify
04-19 15:57:30.517 19093 19093 I SamsungAccount: [OpenDBManager] getTncCursor
04-19 15:57:30.518 19093 19093 I SamsungAccount: [OpenContentProvider]  URI : content://com.msc.openprovider.openContentProvider/tncRequest
04-19 15:57:30.518 19093 19093 I SamsungAccount: [AccountManagerUtil] isSamsungAccountSignedIn : true
04-19 15:57:30.518 19093 19093 I SamsungAccount: [SignatureCheckUtil] runCheckSignatureWithEmptyId
04-19 15:57:30.518 19093 19093 I SamsungAccount: [SignatureCheckUtil] runCheckSignatureAsync
04-19 15:57:30.518 19093 19093 I SamsungAccount: [SignaturePreconditionChecker] getSignatureResult - fromSesSdk : true
04-19 15:57:30.518 19093 19093 I SamsungAccount: [SignatureInfoDbHelper] getSignatureResult - [][app.signin.]
04-19 15:57:30.519 19093 19093 I SamsungAccount: [SignatureInfoDbHelper] searchOnUser
04-19 15:57:30.523 19093 19093 I SamsungAccount: [SignatureInfoDbHelper] searchOnUser - [][app.signin.][64/3291d] => matched
04-19 15:57:30.523 19093 19093 I SamsungAccount: [SignatureInfoDbHelper] search - matched
04-19 15:57:30.523 19093 19093 I SamsungAccount: [SignatureCheckUtil] runCheckSignatureAsync(fromDb) - matched
04-19 15:57:30.524 19185 19185 I SENL$HashTagNoteProvider: onCreate
04-19 15:57:30.527 19093 19093 I SamsungAccount: [OpenDBManager] isRequireNameValid
04-19 15:57:30.527 19093 19093 I SamsungAccount: [OpenDBManager] getTncCursor
04-19 15:57:30.527 19093 19093 I SamsungAccount: [OpenContentProvider]  URI : content://com.msc.openprovider.openContentProvider/tncRequest
04-19 15:57:30.527 19093 19093 I SamsungAccount: [AccountManagerUtil] isSamsungAccountSignedIn : true
04-19 15:57:30.529 19093 19093 I SamsungAccount: [SignatureCheckUtil] runCheckSignatureWithEmptyId
04-19 15:57:30.529 19093 19093 I SamsungAccount: [SignatureCheckUtil] runCheckSignatureAsync
04-19 15:57:30.529 19093 19093 I SamsungAccount: [SignaturePreconditionChecker] getSignatureResult - fromSesSdk : true
04-19 15:57:30.529 19093 19093 I SamsungAccount: [SignatureInfoDbHelper] getSignatureResult - [][app.signin.]
04-19 15:57:30.529 19093 19093 I SamsungAccount: [SignatureInfoDbHelper] searchOnUser
04-19 15:57:30.531 19093 19093 I SamsungAccount: [SignatureInfoDbHelper] searchOnUser - [][app.signin.][64/3291d] => matched
04-19 15:57:30.531 19093 19093 I SamsungAccount: [SignatureInfoDbHelper] search - matched
04-19 15:57:30.531 19093 19093 I SamsungAccount: [SignatureCheckUtil] runCheckSignatureAsync(fromDb) - matched
04-19 15:57:30.534 19093 19093 I SamsungAccount: [DbManagerV2] getMccFromDB
04-19 15:57:30.534 19093 19093 I SamsungAccount: [DbManagerV2] getDataV02ForItems : MCC from Db
04-19 15:57:30.535 19185 19185 I SENL$ClipDataContentProvider: attachInfo, ProviderInfo info: ContentProviderInfo{name=com.samsung.android.app.notes.clipdatacontentprovider className=com.samsung.android.support.senl.nt.base.framework.provider.ClipDataContentProvider}
04-19 15:57:30.542 19093 19246 I SamsungAccount: [AccountManagerUtil] isSamsungAccountSignedIn : true
04-19 15:57:30.542 19093 19246 I SamsungAccount: [ConsentWorkManager] startWorkerAfterCheckCondition, isHeadlessDevice: false, isRunning : true, isSignOut : false
04-19 15:57:30.542  4613  4613 W keymaster_tee: [WRN]begin req PARAMS: A32 B2 P64
04-19 15:57:30.543 19185 19185 I SENL$NotesMain$ManageTrashProvider: onCreate
04-19 15:57:30.546 19185 19185 I CapsuleProvider_1.0.23: onCreate
04-19 15:57:30.548 19185 19185 I SENL$SC/SDocCountProvider: onCreate()
04-19 15:57:30.548  5628  8965 D PackageManager: setEnabledSetting : userId = 0 packageName = com.osp.app.signin cmp = androidx.work.impl.background.systemalarm.RescheduleReceiver newState = 1 callingPackage = 10104/com.osp.app.signin
04-19 15:57:30.549  5628  8965 D ApplicationPolicy: getApplicationStateEnabled : pkg = com.osp.app.signin userId : 0
04-19 15:57:30.550  5628  8965 D ApplicationPolicy: getApplicationComponentState : pkg = com.osp.app.signin userId : 0
04-19 15:57:30.555 19185 19185 I SENL$NotesData$NotesDatabaseManager: getDatabase, inMemory : false
04-19 15:57:30.556 19093 19257 D CompatibilityChangeReporter: Compat change id reported: 194532703; UID 10104; state: DISABLED
04-19 15:57:30.563  5628  5714 W libprocessgroup: Failed to open /dev/blkio//cgroup.procs: No such file or directory
04-19 15:57:30.571 19185 19185 E SENL$NotesData$NotesSQLiteOpenHelperFactory: enableDataRecovery, e : com.samsung.android.app.notes.data.database.core.sqlite.NotesSQLiteOpenHelper.semSetUserDataRecoveryEnabled [boolean]
04-19 15:57:30.583  5224  5224 E audit   : type=1400 audit(1681912650.577:103064): avc:  denied  { read } for  pid=17110 comm="binder:17110_3" name="u:object_r:perf_prop:s0" dev="tmpfs" ino=16829 scontext=u:r:priv_app:s0:c512,c768 tcontext=u:object_r:perf_prop:s0 tclass=file permissive=0 SEPF_SM-A515F_13_0001 audit_filtered
04-19 15:57:30.583 17110 17143 W libc    : Access denied finding property "sys.perf.boostopt"
04-19 15:57:30.588 19185 19185 I SENL$NotesMain$SettingsSearchProvider: onCreate#
04-19 15:57:30.588 19185 19185 I SENL$NotesMain$SettingsSearchProvider: initMainScreenMenus#
04-19 15:57:30.591  6649  6824 D ConnectivityManager: StackLog: [android.net.ConnectivityManager.sendRequestForNetwork(ConnectivityManager.java:4191)] [android.net.ConnectivityManager.registerDefaultNetworkCallbackForUid(ConnectivityManager.java:4755)] [android.net.ConnectivityManager.registerDefaultNetworkCallback(ConnectivityManager.java:4722)] [android.net.ConnectivityManager.registerDefaultNetworkCallback(ConnectivityManager.java:4696)] [androidx.work.impl.utils.NetworkApi24.registerDefaultNetworkCallbackCompat(Unknown Source:10)] [androidx.work.impl.constraints.trackers.NetworkStateTracker24.startTracking(Unknown Source:15)] [androidx.work.impl.constraints.controllers.ConstraintController.replace(Unknown Source:130)] [androidx.work.impl.constraints.WorkConstraintsTrackerImpl.replace(Unknown Source:41)] [androidx.work.impl.background.greedy.GreedyScheduler.schedule(Unknown Source:300)] [androidx.work.impl.Schedulers.schedule(Unknown Source:149)] [androidx.work.impl.utils.EnqueueRunnable.run(Unknown Source:53)] [androidx.work.Worker$2.run$androidx$work$impl$utils$SerialExecutorImpl$Task(Unknown Source:4)] [androidx.work.Worker$2.run(Unknown Source:868)] [java.util.concurrent.ThreadPoolExecutor.runWorker(ThreadPoolExecutor.java:1137)] [java.util.concurrent.ThreadPoolExecutor$Worker.run(ThreadPoolExecutor.java:637)] [java.lang.Thread.run(Thread.java:1012)]
04-19 15:57:30.591 19185 19185 I SENL$UserHandleCompat: Main user!
04-19 15:57:30.595  5628 11446 D ConnectivityService: requestNetwork for uid/pid:10329/6649 activeRequest: null callbackRequest: 27979 [NetworkRequest [ REQUEST id=27980, [ Capabilities: INTERNET&NOT_RESTRICTED&TRUSTED&NOT_VCN_MANAGED Uid: 10329 RequestorUid: 10329 RequestorPkg: com.Slack UnderlyingNetworks: Null] ]] callback flags: 0 order: 2147483647
04-19 15:57:30.596  5628  8367 D ConnectivityService:    accepting network in place of null
04-19 15:57:30.599  5628  8356 D WifiNetworkFactory: got request NetworkRequest [ REQUEST id=27980, [ Capabilities: INTERNET&NOT_RESTRICTED&TRUSTED&NOT_VCN_MANAGED Uid: 10329 RequestorUid: 10329 RequestorPkg: com.Slack UnderlyingNetworks: Null] ]
04-19 15:57:30.599  5628  8367 D ConnectivityService: Rematched networks [computed 0ms] [applied 1ms] [issued 3]
04-19 15:57:30.600  5628  8367 D ConnectivityService: NetworkReassignment :
04-19 15:57:30.600  5628  8367 D ConnectivityService:   27980 : null  128
04-19 15:57:30.600  5628  8356 D UntrustedWifiNetworkFactory: got request NetworkRequest [ REQUEST id=27980, [ Capabilities: INTERNET&NOT_RESTRICTED&TRUSTED&NOT_VCN_MANAGED Uid: 10329 RequestorUid: 10329 RequestorPkg: com.Slack UnderlyingNetworks: Null] ]
04-19 15:57:30.600  5628  8356 D OemPaidWifiNetworkFactory: got request NetworkRequest [ REQUEST id=27980, [ Capabilities: INTERNET&NOT_RESTRICTED&TRUSTED&NOT_VCN_MANAGED Uid: 10329 RequestorUid: 10329 RequestorPkg: com.Slack UnderlyingNetworks: Null] ]
04-19 15:57:30.600  5628  8356 D MultiInternetWifiNetworkFactory: got request NetworkRequest [ REQUEST id=27980, [ Capabilities: INTERNET&NOT_RESTRICTED&TRUSTED&NOT_VCN_MANAGED Uid: 10329 RequestorUid: 10329 RequestorPkg: com.Slack UnderlyingNetworks: Null] ]
04-19 15:57:30.603 19185 19185 I SENL$SC/CommonUtils: hasCloudSetting: true <- ver >= 5.0.5
04-19 15:57:30.608 19185 19185 I SENL$NotesMain$SettingsSearchProvider: initImportScreenMenus#
04-19 15:57:30.610 19185 19185 I SENL$SystemPropertiesCompat: getDeviceType, deviceType : phone
04-19 15:57:30.610 19185 19185 I SENL$NotesMain$SettingsSearchProvider: initLookWhenSavedScreenMenus#
04-19 15:57:30.610 19185 19185 I SENL$NotesMain$SettingsSearchProvider: initLockScreenMenus#
04-19 15:57:30.611 19093 19093 I SamsungAccount: [DataUtil] Not Skip Name Validation by accountMCC
04-19 15:57:30.612 19093 19093 I SamsungAccount: [OpenDBManager] requireEmailOrNameVerification : false
04-19 15:57:30.612 19185 19185 W SENL$LockUtils: password is not set
04-19 15:57:30.616  5628  5714 W libprocessgroup: Failed to open /dev/blkio//cgroup.procs: No such file or directory
04-19 15:57:30.618 16702 18686 I SEMS:Registration_13.1.12: [AuthLog][binder:16702_4][EsuAgentProvider] uri : content://com.samsung.android.coreapps.easysignup.public/is_auth
04-19 15:57:30.624 19185 19185 I SENL$NotesMain$SettingsSearchProvider: secQueryGetFingerprint#
04-19 15:57:30.638 19185 19216 E SENL$SC/@NotesSyncRpcProvider: isSupported() : java.lang.NullPointerException: Attempt to invoke interface method 'android.content.Context d0.a.getAppContext()' on a null object reference
04-19 15:57:30.638 19185 19216 I SENL$SC/@NotesSyncRpcProvider: isSupported() : true
04-19 15:57:30.638 19185 19216 I [scsettingv2std][2.0.13.0]: isSupported: true
04-19 15:57:30.639 19019 19165 I [SC][DEPENDENCY][STD][com.samsung.android.app.notes.sync][STANDALONE]: isSupported: true
04-19 15:57:30.641 19185 19216 E SENL$SC/@NotesSyncRpcProvider: getAutoSync() : java.lang.NullPointerException: Attempt to invoke interface method 'android.content.Context d0.a.getAppContext()' on a null object reference
04-19 15:57:30.641 19185 19216 I SENL$SC/@NotesSyncRpcProvider: getAutoSync() : false
04-19 15:57:30.641 19185 19216 I [scsettingv2std][2.0.13.0]: getAutoSync: false
04-19 15:57:30.642 19019 19165 I [SC][DEPENDENCY][STD][com.samsung.android.app.notes.sync][STANDALONE]: getAutoSync: false
04-19 15:57:30.642  6649  6649 D ConnectivityManager: StackLog: [android.net.ConnectivityManager.unregisterNetworkCallback(ConnectivityManager.java:4863)] [androidx.work.impl.utils.NetworkApi21.unregisterNetworkCallbackCompat(Unknown Source:10)] [androidx.work.impl.constraints.trackers.NetworkStateTracker24.stopTracking(Unknown Source:15)] [androidx.work.impl.constraints.trackers.ConstraintTracker.removeListener(Unknown Source:24)] [androidx.work.impl.constraints.controllers.ConstraintController.replace(Unknown Source:81)] [androidx.work.impl.constraints.WorkConstraintsTrackerImpl.replace(Unknown Source:41)] [androidx.work.impl.background.greedy.GreedyScheduler.onExecuted(Unknown Source:55)] [androidx.work.impl.Processor.onExecuted(Unknown Source:59)] [com.bugsnag.android.DeliveryDelegate$1.run(Unknown Source:212)]
04-19 15:57:30.642 19185 19185 I SENL$NotesData$NotesDatabaseManager: init!
04-19 15:57:30.643  5628  8367 D ConnectivityService:  Removing from current network [128 WIFI], leaving 162 requests.
04-19 15:57:30.645 19185 19185 I SENL$NotesData$RequestBuilder: request, runnable : com.samsung.android.app.notes.data.repository.category.NotesCategoryTreeRepository$2@62185ec
04-19 15:57:30.646 19185 19185 I SENL$NotesData$RequestBuilder: executeOn, executor : com.samsung.android.app.notes.data.database.core.executor.NotesDataTaskExecutor$2@39c1db5
04-19 15:57:30.646 19185 19185 I SENL$NotesData$RequestBuilder: execute, mDelegate : com.samsung.android.app.notes.data.database.core.executor.NotesDataTaskExecutor$2@39c1db5
04-19 15:57:30.646 19185 19185 I SENL$NotesData$RequestBuilder: setDefaultExecutor, mDelegate : com.samsung.android.app.notes.data.database.core.executor.NotesDataTaskExecutor$2@39c1db5
04-19 15:57:30.647 19185 19261 I SENL$NotesData$RequestBuilder: run - start
04-19 15:57:30.647 19185 19261 I SENL$NotesData$RequestBuilder: executeRunnable
04-19 15:57:30.648 19185 19261 I SENL$NotesData$NotesCategoryTreeRepository: getCategoryEntity, targetUuid : uncategorized:///
04-19 15:57:30.650 19185 19216 I SENL$SC/SyncSettingsUtil: SETTINGS_WIFI_SYNC_ONLY is true
04-19 15:57:30.650 19185 19185 I SENL$NotesData$MainListRepository: getAll_LiveData with param
04-19 15:57:30.650 19185 19216 I SENL$SC/@NotesSyncRpcProvider: getNetworkOption() : 1
04-19 15:57:30.650 19185 19216 I [scsettingv2std][2.0.13.0]: getNetworkOption: 1
04-19 15:57:30.650 19185 19185 I SENL$NotesData$SortQuery: getSortColumn, column : lastModifiedAt, sortType : 2
04-19 15:57:30.651 19019 19165 I [SC][DEPENDENCY][STD][com.samsung.android.app.notes.sync][STANDALONE]: getNetworkOption: 1
04-19 15:57:30.652 19019 19165 I [SC]SyncSettingManager: getCategory: com.samsung.android.app.notes.sync
04-19 15:57:30.658 19019 19165 I [SC]SyncSettingManager: getIsSyncable: com.samsung.android.app.notes.sync
04-19 15:57:30.662 19185 19261 I SENL$NotesData$NotesSQLiteCursorFactory: getDbSize
04-19 15:57:30.662 19185 19261 I SENL$NotesData$NotesSQLiteCursorFactory: getDbSize:188416
04-19 15:57:30.665 16702 18686 I SEMS:Common_13.1.12: [CommonLog][binder:16702_4][SimUtil] MultiSimManagerCompat.getInstance().getDefaultSubId(2) = 2, slotId = 1
04-19 15:57:30.666 19185 19185 I SENL$PackageManagerCompat: is Memo package? false
04-19 15:57:30.670 19185 19216 E SENL$SC/@NotesSyncRpcProvider: getIsSyncable() : java.lang.NullPointerException: Attempt to invoke interface method 'android.content.Context d0.a.getAppContext()' on a null object reference
04-19 15:57:30.670 19185 19216 I SENL$SC/@NotesSyncRpcProvider: getIsSyncable() : 1
04-19 15:57:30.670 19185 19216 I [scsettingv2std][2.0.13.0]: getIsSyncable: 1
04-19 15:57:30.670 19093 19093 I SamsungAccount: [EasySignUpMappingManager] needToCallMapping - result : false
04-19 15:57:30.670 19093 19093 I SamsungAccount: [SamsungService(Application)] onCreate END
04-19 15:57:30.671 19019 19165 I [SC][DEPENDENCY][STD][com.samsung.android.app.notes.sync][STANDALONE]: getIsSyncable: 1
04-19 15:57:30.671 19019 19165 I [SC]SyncSettingManager: setSyncStatus: SyncStatusVo{authority='com.samsung.android.app.notes.sync', state='INACTIVE', errorCode='999'}
04-19 15:57:30.672 19093 19093 I SamsungAccount: [AIDLRequestService] OnCreate Service
04-19 15:57:30.672 19093 19093 I SamsungAccount: [AIDLRequestService] OnBind
04-19 15:57:30.672 19093 19093 I SamsungAccount: [AIDLRequestService] [InAIDL] Service bound
04-19 15:57:30.672 19019 19165 I [SC]SyncSettingManager: getContentVo: com.samsung.android.app.notes.sync, aWluBInwWH
04-19 15:57:30.675 19185 19261 I SENL$NotesData$NotesCategoryTreeRepository: getCategoryEntity, targetUuid : trash:///
04-19 15:57:30.675 19185 19261 I SENL$NotesData$NotesCategoryTreeRepository: getCategoryEntity, targetUuid : old:///
04-19 15:57:30.682 19185 19261 I SENL$NotesData$NotesCategoryTreeRepository: getCategoryEntity, targetUuid : 1
04-19 15:57:30.682 19185 19261 I SENL$NotesData$NotesCategoryTreeRepository: getCategoryEntity, targetUuid : 2
04-19 15:57:30.683 19185 19261 I SENL$NotesData$RequestBuilder: success
04-19 15:57:30.683 19185 19261 I SENL$NotesData$RequestBuilder: run - end
04-19 15:57:30.687 19185 19185 I SENL$BixbyManager: setup activate : true
04-19 15:57:30.688 19185 19185 I SENL$BixbyExecutor: BixbyExecutor
04-19 15:57:30.688 19185 19185 I CapsuleProvider_1.0.23: releasing initialize wait lock.
04-19 15:57:30.689 19185 19185 I SENL$BixbyExecutor: addActionHandler
04-19 15:57:30.692 19185 19185 I SENL$SC/@SyncInitializer: quickInitialize() start
04-19 15:57:30.692 19185 19185 I SENL$SC/@SyncInitializer: quickInitialize() finish
04-19 15:57:30.693 19185 19185 I SENL$MemoApplication: sendRestoreDocumentAction, send restore action - start
04-19 15:57:30.693 19185 19185 I SENL$MemoApplication: sendRestoreDocumentAction, send restore action - end
04-19 15:57:30.703 19093 19264 I SamsungAccount: [SamsungAnalyticsWrapper] setSessionId
04-19 15:57:30.704 19093 19223 I WM-WorkerWrapper: Worker result SUCCESS for Work [ id=6fda0b70-e265-4ca4-93ea-cf71dccc3a6f, tags={ REFRESH_SESSION_ID, com.samsung.android.samsungaccount.utils.samsunganalytics.AnalyticsWorker } ]
04-19 15:57:31.180 30407 30407 I ResourceOverlayService_0: waitAndQuit called
04-19 15:57:31.183 30407 30407 I ResourceOverlayService_0: activity user id 0 process id 0
04-19 15:57:32.186 30407 30407 I ResourceOverlayService_0: waitAndQuit called
04-19 15:57:32.188 30407 30407 I ResourceOverlayService_0: activity user id 0 process id 0
04-19 15:57:32.606  5628  9811 D SemWifiUsabilityStatsMonitor: onWifiUsabilityStats - seqNum 36054, isSameBssidAndFreq true
04-19 15:57:32.610  5628  8422 I SemWifiLinkQualityMonitor: Link Qos Query: 0.021 ms / 375.267 Mbps (433 / 0.000 / 1.154)
04-19 15:57:32.891  5250  5250 D Zygote  : Forked child process 19274
04-19 15:57:32.948 19274 19274 I id.app.reminder: Using CollectorTypeCC GC.
04-19 15:57:32.956 19274 19274 E id.app.reminder: Not starting debugger since process cannot load the jdwp agent.
04-19 15:57:32.968 19274 19274 W libc    : Access denied finding property "sys.perf.boostopt"
04-19 15:57:32.969 19274 19286 W libc    : Access denied finding property "sys.perf.boostopt"
04-19 15:57:32.969  5224  5224 E audit   : type=1400 audit(1681912652.961:103065): avc:  denied  { read } for  pid=19274 comm="id.app.reminder" name="u:object_r:perf_prop:s0" dev="tmpfs" ino=16829 scontext=u:r:platform_app:s0:c512,c768 tcontext=u:object_r:perf_prop:s0 tclass=file permissive=0 SEPF_SM-A515F_13_0001 audit_filtered
04-19 15:57:32.969  5224  5224 E audit   : type=1300 audit(1681912652.961:103065): arch=c00000b7 syscall=56 success=no exit=-13 a0=ffffff9c a1=7ffbc769b8 a2=88000 a3=0 items=0 ppid=5250 pid=19274 auid=4294967295 uid=10150 gid=10150 euid=10150 suid=10150 fsuid=10150 egid=10150 sgid=10150 fsgid=10150 tty=(none) ses=4294967295 comm="id.app.reminder" exe="/system/bin/app_process64" subj=u:r:platform_app:s0:c512,c768 key=(null)
04-19 15:57:32.969  5224  5224 E audit   : type=1327 audit(1681912652.961:103065): proctitle="zygote64"
04-19 15:57:32.969  5224  5224 E audit   : type=1400 audit(1681912652.965:103066): avc:  denied  { read } for  pid=19274 comm="binder:19274_1" name="u:object_r:perf_prop:s0" dev="tmpfs" ino=16829 scontext=u:r:platform_app:s0:c512,c768 tcontext=u:object_r:perf_prop:s0 tclass=file permissive=0 SEPF_SM-A515F_13_0001 audit_filtered
04-19 15:57:32.970 19274 19274 D ActivityThread: setConscryptValidator
04-19 15:57:32.971 19274 19274 D ActivityThread: setConscryptValidator - put
04-19 15:57:32.988 19274 19287 W libc    : Access denied finding property "sys.perf.boostopt"
04-19 15:57:32.988 19274 19274 D CompatibilityChangeReporter: Compat change id reported: 171979766; UID 10150; state: ENABLED
04-19 15:57:33.143 17564 17585 D Benchmark: timeNs[ 0:10]: 12557 12483 13484 13115 13561 12914 13363 13306 13394 13299
04-19 15:57:33.143 17564 17585 D Benchmark: timeNs[10:20]: 13228 13394 13227 13113 13170 12760 13219 13174 13122 12417
04-19 15:57:33.143 17564 17585 D Benchmark: timeNs[20:30]: 12337 12369 12360 12389 12358 12379 12362 12370 12407 13067
04-19 15:57:33.143 17564 17585 D Benchmark: timeNs[30:40]: 12664 12361 12210 12304 12223 12230 12254 12234 12230 12236
04-19 15:57:33.143 17564 17585 D Benchmark: timeNs[40:50]: 12244 12225 12215 12223 12236 12231 12252 12342 12380 12284
04-19 15:57:33.151 19274 19274 I [scsettingv2std][2.0.14.0]: onCreate:
04-19 15:57:33.174 19274 19274 I SettingSearchProvider: onCreate isSupported = true
04-19 15:57:33.176 19274 19274 I SettingSearchProvider: secQueryGetFingerprint : 1240308000en_GB
04-19 15:57:33.177 19274 19274 I CapsuleProvider_1.0.23: onCreate
04-19 15:57:33.190 30407 30407 I ResourceOverlayService_0: waitAndQuit called
04-19 15:57:33.191 30407 30407 I ResourceOverlayService_0: activity user id 0 process id 0
04-19 15:57:33.204  5628  5653 D PackageManager: setEnabledSetting : userId = 0 packageName = com.samsung.android.app.reminder cmp = androidx.work.impl.background.systemjob.SystemJobService newState = 1 callingPackage = 10150/com.samsung.android.app.reminder
04-19 15:57:33.206  5628  5653 D ApplicationPolicy: getApplicationStateEnabled : pkg = com.samsung.android.app.reminder userId : 0
04-19 15:57:33.208  5628  5653 D ApplicationPolicy: getApplicationComponentState : pkg = com.samsung.android.app.reminder userId : 0
04-19 15:57:33.242 19274 19288 I Reminder$Sync-SCloudSyncServiceHelper: addProgressListener
04-19 15:57:33.245 19274 19288 I Reminder$Sync-SCloudSyncServiceHelper: Added mStateChangeListeners - size : 1
04-19 15:57:33.255 19274 19288 I Reminder$FeatureUtils: isKnoxMode: false
04-19 15:57:33.257 19274 19296 I Reminder$Bixby2.0: [BixbyService] initialize Bixby2.0
04-19 15:57:33.258 19274 19296 I CapsuleProvider_1.0.23: releasing initialize wait lock.
04-19 15:57:33.259 19274 19288 I Reminder$FeatureUtils: isRunningUnderAndroidForWork: false
04-19 15:57:33.259 19274 19288 I [scsettingv2std][2.0.14.0]: isSupported: true
04-19 15:57:33.260 19019 19159 I [SC][DEPENDENCY][STD][com.samsung.android.app.reminder][STANDALONE]: isSupported: true
04-19 15:57:33.267 19274 19296 I Reminder$DeviceIdHelper: initOAID
04-19 15:57:33.269 19274 19288 I Reminder$CloudConnectionProvider: getAutoSync true
04-19 15:57:33.269 19274 19288 I [scsettingv2std][2.0.14.0]: getAutoSync: true
04-19 15:57:33.269 19274 19296 I Reminder$DeviceIdHelper: it is not china mcc or deviceidservice is not installed
04-19 15:57:33.271 19019 19159 I [SC][DEPENDENCY][STD][com.samsung.android.app.reminder][STANDALONE]: getAutoSync: true
04-19 15:57:33.273 19274 19288 I Reminder$CloudConnectionProvider: getNetworkOption false
04-19 15:57:33.273 19274 19288 I [scsettingv2std][2.0.14.0]: getNetworkOption: 0
04-19 15:57:33.274 19019 19159 I [SC][DEPENDENCY][STD][com.samsung.android.app.reminder][STANDALONE]: getNetworkOption: 0
04-19 15:57:33.274 19019 19159 I [SC]SyncSettingManager: getCategory: com.samsung.android.app.reminder
04-19 15:57:33.281 19019 19159 I [SC]SyncSettingManager: getIsSyncable: com.samsung.android.app.reminder
04-19 15:57:33.288 19274 19288 I [scsettingv2std][2.0.14.0]: getIsSyncable: 1
04-19 15:57:33.289 19019 19159 I [SC][DEPENDENCY][STD][com.samsung.android.app.reminder][STANDALONE]: getIsSyncable: 1
04-19 15:57:33.290 19019 19159 I [SC]SyncSettingManager: setSyncStatus: SyncStatusVo{authority='com.samsung.android.app.reminder', state='INACTIVE', errorCode='999'}
04-19 15:57:33.290 19019 19159 I [SC]SyncSettingManager: getContentVo: com.samsung.android.app.reminder, kRDlpo6Brb
04-19 15:57:33.293 19274 19296 I FirebaseApp: Device unlocked: initializing all Firebase APIs for app [DEFAULT]
04-19 15:57:33.303 19019 19107 I [SC]SyncSettingManager: getCategories
04-19 15:57:33.308 19019 19107 I [SC]SyncRunnerManager: initializing: com.samsung.android.aremoji.cloud
04-19 15:57:33.308 19019 19107 I [SC]SyncRunnerFactory: SyncRunner: com.samsung.android.aremoji.cloud is created
04-19 15:57:33.309 19019 19107 I [SC]SyncRunnerManager: initializing: com.android.contacts
04-19 15:57:33.309 19019 19107 I [SC]SyncRunnerFactory: SyncRunner: com.android.contacts is created
04-19 15:57:33.309 19019 19107 I [SC]SyncRunnerManager: initializing: com.android.calendar
04-19 15:57:33.309 19019 19107 I [SC]SyncRunnerFactory: SyncRunner: com.android.calendar is created
04-19 15:57:33.309 19019 19107 I [SC]SyncRunnerManager: initializing: com.samsung.bt.btservice.btsettingsprovider
04-19 15:57:33.309 19019 19107 I [SC]SyncRunnerFactory: SyncRunner: com.samsung.bt.btservice.btsettingsprovider is created
04-19 15:57:33.309 19019 19107 I [SC]SyncRunnerManager: initializing: com.android.settings.wifiprofilesync
04-19 15:57:33.309 19019 19107 I [SC]SyncRunnerFactory: SyncRunner: com.android.settings.wifiprofilesync is created
04-19 15:57:33.309 19019 19107 I [SC]SyncRunnerManager: initializing: media
04-19 15:57:33.309 19019 19107 I [SC]SyncRunnerFactory: SyncRunner: media is created
04-19 15:57:33.309 19019 19107 I [SC]SyncRunnerManager: initializing: com.samsung.android.samsungpass.scloud
04-19 15:57:33.309 19019 19107 I [SC]SyncRunnerFactory: SyncRunner: com.samsung.android.samsungpass.scloud is created
04-19 15:57:33.309 19019 19107 I [SC]SyncRunnerManager: initializing: com.samsung.android.app.reminder
04-19 15:57:33.309 19019 19107 I [SC]SyncRunnerFactory: SyncRunner: com.samsung.android.app.reminder is created
04-19 15:57:33.309 19019 19107 I [SC]SyncRunnerManager: initializing: com.samsung.android.app.notes.sync
04-19 15:57:33.309 19019 19107 I [SC]SyncRunnerFactory: SyncRunner: com.samsung.android.app.notes.sync is created
04-19 15:57:33.309 19019 19107 I [SC]DevicePropertyManager: addPropertyChangeListener: isCloudAppEnabled
04-19 15:57:33.312 19019 19107 I [SC]SyncRunnerManager: initializing 9 runners are done
04-19 15:57:33.532 17564 17585 D Benchmark: allocationCount[ 0:10]: 0 0 0 0 0
04-19 15:57:33.532 17564 17585 D Benchmark: Set 17585 (Bench thread) to priority -8. Was -20, now -8
04-19 15:57:33.533 17564 17585 D Benchmark: Set 17572 (Jit) to priority 9. Was -15, now 9
04-19 15:57:33.533 17564 17585 D Benchmark: Warmup: t=0.255, iter=10116, fastAvg=15876, slowAvg=16456
04-19 15:57:33.533 17564 17585 I PerfettoCapture: Stopping perfetto.
04-19 15:57:33.576 19005 19005 I perfetto:    perfetto_cmd.cc:1168 SIGINT/SIGTERM received: disabling tracing.
04-19 15:57:33.580 17564 17585 D Benchmark: kill -TERM command output -
04-19 15:57:33.597  5403  5403 I perfetto:  probes_producer.cc:396 Producer stop (id=737)
04-19 15:57:33.600  5403  5403 I perfetto:    ftrace_procfs.cc:342 disabled ftrace in /sys/kernel/tracing/
04-19 15:57:33.660  4378  4378 I hwservicemanager: getTransport: Cannot find entry android.hardware.atrace@1.0::IAtraceDevice/default in either framework or device VINTF manifest.
04-19 15:57:33.665 19019 19087 I [SC]AutoBackup: default off: false, support disable menu : false
04-19 15:57:33.669  5403  5403 I perfetto:  probes_producer.cc:396 Producer stop (id=738)
04-19 15:57:33.669 19019 19087 I [SC]AutoBackupUtil: skipped scheduled by pending job
04-19 15:57:33.670 19019 19087 I [SC]AutoBackupUtil: verifyLegacy: need to update: false
04-19 15:57:33.670 19019 19087 I [SC]AutoBackupUtil: migrateSettingValue: isMigrated: true
04-19 15:57:33.671  5403  5403 I perfetto:  probes_producer.cc:396 Producer stop (id=739)
04-19 15:57:33.672 19019 19087 I [SC]BackupInitializer: backup features initialized.
04-19 15:57:33.672 19019 19019 I [SC]SamsungCloudApp: time elapsed to initialize BackupInitializer: 4147
04-19 15:57:33.673 19019 19019 I [SC]SamsungCloudApp: time elapsed to initialize DeviceDependentInitializer: 4138
04-19 15:57:33.673 19019 19019 I [SC]SamsungCloudApp: time elapsed to initialize SyncInitializer: 4124
04-19 15:57:33.673 19019 19019 I [SC]SamsungCloudApp: time elapsed to initialize CtbInitializer: 4123
04-19 15:57:33.673 19019 19019 I [SC]SamsungCloudApp: time elapsed to initialize OdmInitializer: 4119
04-19 15:57:33.673 19019 19019 I [SC]SamsungCloudApp: time elapsed to initialize AccountDependentInitializer: 4102
04-19 15:57:33.676 19019 19019 I [SC]SamsungCloudApp: onCreate: completed.
04-19 15:57:33.684 19019 19321 I DIAGMON_SDK[605036][026-399-529756] : Report AppPerf: application_initializing(e4e5c647-5a83-44dc-ac5b-ad001ef47d77)
04-19 15:57:33.704 11006 11152 I DMASA[D][026-399-529756]: [DiagmonProvider]Received msg based on provider : aperf / report_aperf
04-19 15:57:33.710 19005 19005 I perfetto:    perfetto_cmd.cc:1124 Trace written into the output file
04-19 15:57:33.715 11006 11152 I DMASA[D][026-399-529756]: [DiagmonProvider]Signature Check Success
04-19 15:57:33.717 11006 11152 I DMASA[D][026-399-529756]: [DiagmonProvider]Action : Report aPerf data
04-19 15:57:33.723  5406  5406 I perfetto: ng_service_impl.cc:2426 Tracing session 185 ended, total sessions:0
04-19 15:57:33.728 19019 19019 I CapsuleProvider_1.0.23: releasing initialize wait lock.
04-19 15:57:33.729 19019 19019 I [SC]SbixbyProxy: Bixby 2.0 was activiated
04-19 15:57:33.730 19019 19019 I [SC]SiopLevelMonitorReceiverImpl: onReceive: com.samsung.intent.action.CHECK_SIOP_LEVEL
04-19 15:57:33.731 11006 11152 I DMASA[D]: [a]Generate operation: application_initializing(e4e5c647-5a83-44dc-ac5b-ad001ef47d77)
04-19 15:57:33.743 11006 11152 I DMASA[D]: [b]3.0
04-19 15:57:33.744 19019 19019 I [SC]BatteryMonitorReceiverImpl: onReceive: android.intent.action.BATTERY_CHANGED
04-19 15:57:33.750 19019 19328 I [SC][AUTH]SamsungAccountService: onServiceConnected.
04-19 15:57:33.759 19019 19325 I [SC]CalendarSyncAdapterProxy: onPerformSync - started.
04-19 15:57:33.759  5628  8965 D IcccManagerService: IcccManagerService() - Valid Caller
04-19 15:57:33.759 19019 19325 I [SC]SyncSettingManager: setSyncStatus: SyncStatusVo{authority='com.android.calendar', state='START', errorCode='999'}
04-19 15:57:33.761 19019 19325 I [SC]SyncSettingManager: getCategory: com.android.calendar
04-19 15:57:33.762 19093 19121 I SamsungAccount: [OpenContentProvider]  URI : content://com.msc.openprovider.openContentProvider/tncRequest
04-19 15:57:33.762 19093 19121 I SamsungAccount: [AccountManagerUtil] isSamsungAccountSignedIn : true
04-19 15:57:33.763 19093 19121 I SamsungAccount: [SignatureCheckUtil] runCheckSignatureWithEmptyId
04-19 15:57:33.764 19093 19121 I SamsungAccount: [SignatureCheckUtil] runCheckSignatureAsync
04-19 15:57:33.764 19093 19121 I SamsungAccount: [SignaturePreconditionChecker] getSignatureResult - fromSesSdk : true
04-19 15:57:33.764 19093 19121 I SamsungAccount: [SignatureInfoDbHelper] getSignatureResult - [][android.scloud.]
04-19 15:57:33.766 19093 19121 I SamsungAccount: [SignatureInfoHelper] getClientIdFromMetaData : [10/c27bh]
04-19 15:57:33.766  4378  4378 I hwservicemanager: Since vendor.samsung.hardware.tlc.iccc@1.0::ISehIccc/default is not registered, trying to start it as a lazy HAL.
04-19 15:57:33.767 19093 19121 I SamsungAccount: [SignatureInfoDbHelper] searchOnUser
04-19 15:57:33.773  4378  4378 I hwservicemanager: Since vendor.samsung.hardware.tlc.iccc@1.0::ISehIccc/default is not registered, trying to start it as a lazy HAL.
04-19 15:57:33.775  5628  8965 I HidlServiceManagement: getService: Trying again for vendor.samsung.hardware.tlc.iccc@1.0::ISehIccc/default...
04-19 15:57:33.781 19019 19330 I [SC]CtbDeviceRepository: updateSiopLevel. siopLevel: -2
04-19 15:57:33.787 19093 19121 I SamsungAccount: [SignatureInfoDbHelper] searchOnUser - [10/c27bh][android.scloud.][64/3291d] => matched
04-19 15:57:33.787 19093 19121 I SamsungAccount: [SignatureInfoDbHelper] search - matched
04-19 15:57:33.787 19093 19121 I SamsungAccount: [SignatureCheckUtil] runCheckSignatureAsync(fromDb) - matched
04-19 15:57:33.793 19019 19328 I [SC][AUTH]AccountSupplier: isValidSamsungAccount: name: 0 email: 0
04-19 15:57:33.797 19019 19334 I [SC][AUTH]AuthUtil: getAuthData
04-19 15:57:33.806 19093 19121 I SamsungAccount: [OpenContentProvider]  URI : content://com.msc.openprovider.openContentProvider/tncRequest
04-19 15:57:33.806 19093 19121 I SamsungAccount: [AccountManagerUtil] isSamsungAccountSignedIn : true
04-19 15:57:33.808 19093 19121 I SamsungAccount: [SignatureCheckUtil] runCheckSignatureWithEmptyId
04-19 15:57:33.808 19093 19121 I SamsungAccount: [SignatureCheckUtil] runCheckSignatureAsync
04-19 15:57:33.808 19093 19121 I SamsungAccount: [SignaturePreconditionChecker] getSignatureResult - fromSesSdk : true
04-19 15:57:33.808 19093 19121 I SamsungAccount: [SignatureInfoDbHelper] getSignatureResult - [][android.scloud.]
04-19 15:57:33.809 19093 19121 I SamsungAccount: [SignatureInfoHelper] getClientIdFromMetaData : [10/c27bh]
04-19 15:57:33.809 19093 19121 I SamsungAccount: [SignatureInfoDbHelper] searchOnUser
04-19 15:57:33.817 19093 19121 I SamsungAccount: [SignatureInfoDbHelper] searchOnUser - [10/c27bh][android.scloud.][64/3291d] => matched
04-19 15:57:33.817 19093 19121 I SamsungAccount: [SignatureInfoDbHelper] search - matched
04-19 15:57:33.817 19093 19121 I SamsungAccount: [SignatureCheckUtil] runCheckSignatureAsync(fromDb) - matched
04-19 15:57:33.823 19019 19328 I [SC][AUTH]AccountSupplier: isValidSamsungAccount: name: 0 email: 0
04-19 15:57:33.827 19093 19121 I SamsungAccount: [AIDLInterfaceBinder] [InAIDL] registerCallback start
04-19 15:57:33.830 19093 19121 I SamsungAccount: [AIDLInterfaceBinder] [InAIDL] REG_CALLING_PACKAGE : android.scloud.
04-19 15:57:33.830 19093 19121 I SamsungAccount: [AIDLInterfaceBinder] [InAIDL] registerCallback start. Package = android.scloud.
04-19 15:57:33.831 19093 19121 I SamsungAccount: [CBM] CallbackManager
04-19 15:57:33.832 19093 19121 I SamsungAccount: [CBM] [InAIDL-CallbackManager] registerCallback
04-19 15:57:33.832 19093 19121 I SamsungAccount: [CBM] [InAIDL-CallbackManager] checkRegisterCallbackCondition
04-19 15:57:33.833 19093 19121 I SamsungAccount: [CBM] [InAIDL-CallbackManager]getRegistrationCodeIfAlreadyRegistered
04-19 15:57:33.834 19093 19121 I SamsungAccount: [CBM] [InAIDL-CallbackManager]Success registerCallback
04-19 15:57:33.834 19093 19121 I SamsungAccount: [AIDLInterfaceBinder] [InAIDL] registerCallback end. registrationCode :Y29tLnNhbXN1bmcuYW5kcm9pZC5zY2xvdWQx Package = android.scloud.
04-19 15:57:33.835 19019 19328 I [SC][AUTH]SamsungAccountService: ServiceConnection: onServiceConnected. Y29tLnNhbXN1bmcuYW5kcm9pZC5zY2xvdWQx
04-19 15:57:33.835 19019 19328 I [SC][AUTH]SamsungAccountService: ServiceConnection: onServiceConnected. request.
04-19 15:57:33.835 19093 19121 I SamsungAccount: [AIDLInterfaceBinder] [InAIDL] requestAccesstoken
04-19 15:57:33.836 19093 19121 I SamsungAccount: [AIDLInterfaceBinder] [InAIDL] BundleInfo = [ additional:user_id,cc,api_server_url,auth_server_url,login_id, scope:galaxystore.openapi]
04-19 15:57:33.836 19093 19121 I SamsungAccount: [AIDLInterfaceBinder] [InAIDL] checkRequestCondition
04-19 15:57:33.836 19093 19121 I SamsungAccount: [CBM] [InAIDL-CallbackManager]getCallbackInfo
04-19 15:57:33.837 19093 19121 I SamsungAccount: [CBM] [InAIDL-CallbackManager]getCallbackInfo
04-19 15:57:33.837 19093 19121 I SamsungAccount: [AIDLInterfaceBinder] [InAIDL]Start AccessTokenRunnable Thread. package = android.scloud.
04-19 15:57:33.839 19093 19121 I SamsungAccount: [PermissionsUtils] checkPrivilegedPhonePermissionOfCallingPackage
04-19 15:57:33.840 19093 19121 I SamsungAccount: [PermissionsUtils] hasPrivilegedPhonePermission : true
04-19 15:57:33.843 19093 19121 I SamsungAccount: [CBM] [InAIDL-CallbackManager]getCallbackInfo
04-19 15:57:33.843 19093 19121 I SamsungAccount: [CBM] setCurrentRequestType :1
04-19 15:57:33.844 19093 19335 I SamsungAccount: [AbstractProcessRunnable] [InAIDL-AbstractProcessRunnable]isAvailableRunningProcess start Package = android.scloud.
04-19 15:57:33.847 19093 19335 I SamsungAccount: [NetworkStateUtil] == networkStateCheck == true
04-19 15:57:33.847 19093 19335 I SamsungAccount: [AccountManagerUtil] isSamsungAccountSignedIn : true
04-19 15:57:33.856  4613  4613 W keymaster_tee: [WRN]begin req PARAMS: A32 B2 P64
04-19 15:57:33.865 19093 19335 I SamsungAccount: [DbManagerV2] getDataState : VALID
04-19 15:57:33.865 19093 19335 I SamsungAccount: [SignatureCheckUtil] runCheckSignatureAsync
04-19 15:57:33.865 19093 19335 I SamsungAccount: [SignaturePreconditionChecker] getSignatureResult - fromSesSdk : false
04-19 15:57:33.866 19093 19335 I SamsungAccount: [SignatureInfoDbHelper] getSignatureResult - [10/c27bh][android.scloud.]
04-19 15:57:33.866 19093 19335 I SamsungAccount: [SignatureInfoDbHelper] searchOnUser
04-19 15:57:33.871 19093 19335 I SamsungAccount: [SignatureInfoDbHelper] searchOnUser - [10/c27bh][android.scloud.][64/3291d] => matched
04-19 15:57:33.871 19093 19335 I SamsungAccount: [SignatureInfoDbHelper] search - matched
04-19 15:57:33.871 19093 19335 I SamsungAccount: [SignatureCheckUtil] runCheckSignatureAsync(fromDb) - matched
04-19 15:57:33.871 19093 19335 I SamsungAccount: [AbstractProcessRunnable] [InAIDL-AbstractProcessRunnable]isAvailableRunningProcess end. Package = android.scloud.
04-19 15:57:33.872 19093 19335 I SamsungAccount: [AccessTokenRunnable] [InAIDL-AccessTokenRunnable]runProcess start. Package = android.scloud.
04-19 15:57:33.873 19093 19335 I SamsungAccount: [StateCheckUtil] isGoogleLinked = true
04-19 15:57:33.873 19333 19333 I teecl   : NW> Starting log for teecl
04-19 15:57:33.873 19093 19335 I SamsungAccount: [AccessTokenRunnable] check_basic_profile = false needToCheckServer = false
04-19 15:57:33.879 19333 19333 I HidlServiceManagement: Registered vendor.samsung.hardware.tlc.iccc@1.0::ISehIccc/default
04-19 15:57:33.879 19333 19333 I HidlServiceManagement: Removing namespace from process name vendor.samsung.hardware.tlc.iccc@1.0-service to iccc@1.0-service.
04-19 15:57:33.883  4378  4378 I hw-BpHwBinder: onLastStrongRef automatically unlinking death recipients
04-19 15:57:33.884 19333 19337 I TZ_ICCC_initialize_TLC: process = 000000000000000000000053545354ab, process_strlen = 32
04-19 15:57:33.884 19093 19335 I SamsungAccount: [DeviceManager] salesCode : SER
04-19 15:57:33.885 19093 19335 I SamsungAccount: [DeviceManager] isNewLduProdCode : false
04-19 15:57:33.885 19093 19335 I SamsungAccount: [CountryCodeUtil] isChinaCountryCode : false
04-19 15:57:33.886 19093 19335 I SamsungAccount: [ChinaPermissionUtil] isChnSecurityPopupNeeded - false
04-19 15:57:33.890 19093 19335 I SamsungAccount: [StateCheckUtil] isChildAccount : false
04-19 15:57:33.893 19093 19335 I SamsungAccount: [AccessTokenRunnable] [InAIDL-AccessTokenRunnable]isAccessTokenReusable. Package = android.scloud.
04-19 15:57:33.894 19093 19335 I SamsungAccount: [StateCheckUtil] isOverIntervalTime, renewTimeStamp = false
04-19 15:57:33.894 19093 19335 I SamsungAccount: [AccessTokenRunnable] [InAIDL-AccessTokenRunnable]checkAndSetAccessToken. Package = android.scloud.
04-19 15:57:33.894 19093 19335 I SamsungAccount: [AccessToken] getAccessTokenInfo
04-19 15:57:33.926 19333 19333 I TZ_ICCC_device_info_TLC: Trustlet response is completed
04-19 15:57:33.927 19333 19333 I TZ_ICCC_device_info_TLC: returning in the end of the method
04-19 15:57:33.927 19333 19333 I ICCC_HIDL_SERVICE: HIDL server return from TZ_ICCC_device_info_TLC api
04-19 15:57:33.927  5628  8965 I ICCC_HIDL_CLIENT: ICCC_device_info service returned success
04-19 15:57:33.928  5628  8965 I system_server: ICCC - Success to iccc_device_info, ret = 0
04-19 15:57:33.945 19093 19335 I SamsungAccount: [RBIVO] getStringFormAdditionalBundleKey : expired_access_token
04-19 15:57:33.946 19093 19335 I SamsungAccount: [AccessTokenRunnable] expiredAccessToken is Empty. curTimeSec=1681912653, TimeGap=72036
04-19 15:57:33.946 19093 19335 I SamsungAccount: [AccessTokenRunnable] IsTokenReusable : true
04-19 15:57:33.946 19093 19335 I SamsungAccount: [AccessTokenRunnable] Accesstoken is reusable and isNeedToCheckServer is false
04-19 15:57:33.946 19093 19335 I SamsungAccount: [DbManagerV2] getMccFromDB
04-19 15:57:33.946 19093 19335 I SamsungAccount: [DbManagerV2] getDataV02ForItems : MCC from Cache
04-19 15:57:33.946 19093 19335 I SamsungAccount: [DataUtil] Not Skip Name Validation by accountMCC
04-19 15:57:33.946 19093 19335 I SamsungAccount: [LocalBusinessException] Not Skip Name Validation by AppId
04-19 15:57:33.946 19093 19335 I SamsungAccount: [OpenDBManager] getCheckListFromOpenDB
04-19 15:57:33.947 19093 19335 I SamsungAccount: [OpenDBManager] getTncResult
04-19 15:57:33.947 19093 19335 I SamsungAccount: [OpenDBManager] getTncCursor
04-19 15:57:33.947 19093 19335 I SamsungAccount: [OpenContentProvider]  URI : content://com.msc.openprovider.openContentProvider/tncRequest
04-19 15:57:33.947 19093 19335 I SamsungAccount: [AccountManagerUtil] isSamsungAccountSignedIn : true
04-19 15:57:33.948 19093 19335 I SamsungAccount: [SignatureCheckUtil] runCheckSignatureWithEmptyId
04-19 15:57:33.948 19093 19335 I SamsungAccount: [SignatureCheckUtil] runCheckSignatureAsync
04-19 15:57:33.948 19093 19335 I SamsungAccount: [SignaturePreconditionChecker] getSignatureResult - fromSesSdk : true
04-19 15:57:33.948 19093 19335 I SamsungAccount: [SignatureInfoDbHelper] getSignatureResult - [][app.signin.]
04-19 15:57:33.949 19093 19335 I SamsungAccount: [SignatureInfoDbHelper] searchOnUser
04-19 15:57:33.956 19093 19335 I SamsungAccount: [SignatureInfoDbHelper] searchOnUser - [][app.signin.][64/3291d] => matched
04-19 15:57:33.956 19093 19335 I SamsungAccount: [SignatureInfoDbHelper] search - matched
04-19 15:57:33.956 19093 19335 I SamsungAccount: [SignatureCheckUtil] runCheckSignatureAsync(fromDb) - matched
04-19 15:57:33.960 19093 19335 I SamsungAccount: [DbManagerV2] getMccFromDB
04-19 15:57:33.960 19093 19335 I SamsungAccount: [DbManagerV2] getDataV02ForItems : MCC from Cache
04-19 15:57:33.961 19093 19335 I SamsungAccount: [DataUtil] Not Skip Name Validation by accountMCC
04-19 15:57:33.963 19093 19335 I SamsungAccount: [OpenDBManager] isRequireField
04-19 15:57:33.963 19093 19335 I SamsungAccount: [OpenDBManager] getFieldCursor
04-19 15:57:33.964 19093 19335 I SamsungAccount: [OpenContentProvider]  URI : content://com.msc.openprovider.openContentProvider/mandatoryField
04-19 15:57:33.964 19093 19335 I SamsungAccount: [AccountManagerUtil] isSamsungAccountSignedIn : true
04-19 15:57:33.972 11006 11152 I DMASA[D][026-399-529756]: [DiagmonProvider]Remain quota: 961
04-19 15:57:33.974 19019 19321 I DIAGMON_SDK[605036][026-399-529756] : Results : Success, application_initializing(e4e5c647-5a83-44dc-ac5b-ad001ef47d77)
04-19 15:57:33.976  4613  4613 W keymaster_tee: [WRN]begin req PARAMS: A32 B2 P64
04-19 15:57:33.994 19093 19335 I SamsungAccount: [StateCheckUtil] Validation Process is completed true
04-19 15:57:33.994 19093 19335 I SamsungAccount: [AccessTokenRunnable] [InAIDL-AccessTokenRunnable]AccessToken reuse. runProcess end. Package = android.scloud.
04-19 15:57:33.994 19093 19335 I SamsungAccount: [CBM] [InAIDL-CallbackManager]getCallbackInfo
04-19 15:57:33.994 19093 19335 I SamsungAccount: [CBM] setCurrentRequestType :0
04-19 15:57:33.994 19093 19335 I SamsungAccount: [AccountManagerUtil] isSamsungAccountSignedIn : true
04-19 15:57:33.994 19093 19335 I SamsungAccount: [AccessTokenRunnable] [InAIDL-AccessTokenRunnable]onProcessFinished. Package = android.scloud.
04-19 15:57:33.995 19093 19335 I SamsungAccount: [DeviceManager] salesCode : SER
04-19 15:57:33.995 19093 19335 I SamsungAccount: [DeviceManager] isNewLduProdCode : false
04-19 15:57:33.996 19093 19335 I SamsungAccount: [CountryCodeUtil] isChinaCountryCode : false
04-19 15:57:33.996 19093 19335 I SamsungAccount: [ChinaPermissionUtil] isChnSecurityPopupNeeded - false
04-19 15:57:33.999 19093 19335 I SamsungAccount: [AccessTokenRunnable] [InAIDL-AccessTokenRunnable]checkAccessTokenAndRefreshToken. Package = android.scloud.
04-19 15:57:33.999 19093 19335 I SamsungAccount: [AccessTokenRunnable] [InAIDL-AccessTokenRunnable]handleProcessSuccessResult start. Package = android.scloud.
04-19 15:57:34.000 19093 19335 I SamsungAccount: [RBIVO] getStringArrFromAdditionalBundleKey : additional
04-19 15:57:34.000 19093 19335 I SamsungAccount: [AccessTokenRunnable] [InAIDL-AccessTokenRunnable]setAdditionalInfo start. Package = android.scloud.
04-19 15:57:34.000 19093 19335 I SamsungAccount: [AccessTokenRunnable] [InAIDL-AccessTokenRunnable]set user_id
04-19 15:57:34.000 19093 19335 I SamsungAccount: [DbManagerV2] getUserID
04-19 15:57:34.000 19093 19335 I SamsungAccount: [DbManagerV2] getDataV02ForItems : USER_ID from Db
04-19 15:57:34.012  4613  4613 W keymaster_tee: [WRN]begin req PARAMS: A32 B2 P64
04-19 15:57:34.023 19093 19335 I SamsungAccount: [AccessTokenRunnable] [InAIDL-AccessTokenRunnable]set cc
04-19 15:57:34.024 19093 19335 I SamsungAccount: [DbManagerV2] getCountryCodeFromDB
04-19 15:57:34.024 19093 19335 I SamsungAccount: [DbManagerV2] getDataV02ForItems : COUNTRY_CODE from Db
04-19 15:57:34.038  4613  4613 W keymaster_tee: [WRN]begin req PARAMS: A32 B2 P64
04-19 15:57:34.056 19093 19335 I SamsungAccount: [AccessTokenRunnable] [InAIDL-AccessTokenRunnable]set api_server_url
04-19 15:57:34.063 19093 19335 I SamsungAccount: [UrlManagerAuth] api_server_url for region
04-19 15:57:34.063 19093 19335 I SamsungAccount: [UrlManagerAuth] return region server url
04-19 15:57:34.064 19093 19335 I SamsungAccount: [AccessTokenRunnable] [InAIDL-AccessTokenRunnable]set auth_server_url
04-19 15:57:34.064 19093 19335 I SamsungAccount: [UrlManagerAuth] auth_server_url for region
04-19 15:57:34.064 19093 19335 I SamsungAccount: [UrlManagerAuth] return region server url
04-19 15:57:34.064 19093 19335 I SamsungAccount: [AccessTokenRunnable] [InAIDL-AccessTokenRunnable]set login_id
04-19 15:57:34.064 19093 19335 I SamsungAccount: [AccessTokenRunnable] [InAIDL-AccessTokenRunnable]setAdditionalInfo finish. Package = android.scloud.
04-19 15:57:34.065 19019 19034 I [SC][AUTH]SamsungAccountService: onReceiveAccessToken: true
04-19 15:57:34.066 19019 19034 I [SC][AUTH]AuthDataManager: setAccessToken
04-19 15:57:34.066 19019 19034 I [SC][AUTH]AuthDataManager: countDown: 0
04-19 15:57:34.066 19019 19068 I [SC][AUTH]AuthDataManager: Await countDownLatch: 0
04-19 15:57:34.066 19019 19068 I [SC]DeviceUtil: hasSepLiteSpec: false
04-19 15:57:34.067 19019 19068 I [SC]DeviceUtil: hasSepLiteSpec: false
04-19 15:57:34.067 19019 19068 I [SC]OneDrivePolicyManager: Loading Configuration Policy
04-19 15:57:34.068 19019 19124 W .android.scloud: Long monitor contention with owner pool-7-thread-1 (19068) at void com.samsung.scsp.framework.core.identity.ScspIdentity.transaction(java.lang.Runnable)(ScspIdentity.java:3) waiters=0 in void com.samsung.scsp.framework.core.identity.ScspIdentity.transaction(java.lang.Runnable) for 4.392s
04-19 15:57:34.069 19019 19114 W .android.scloud: Long monitor contention with owner pool-7-thread-1 (19068) at void com.samsung.scsp.framework.core.identity.ScspIdentity.transaction(java.lang.Runnable)(ScspIdentity.java:3) waiters=1 in void com.samsung.scsp.framework.core.identity.ScspIdentity.transaction(java.lang.Runnable) for 4.358s
04-19 15:57:34.070 19019 19068 I [SC]ConfigurationManager: getCountryPolicy
04-19 15:57:34.071 19019 19114 I [SCSDK][C][2.0.14]: [SamsungCloud]getCloudToken
04-19 15:57:34.071 19019 19114 E [SCSDK][C][2.0.14]: [SContext]context is null
04-19 15:57:34.071 19093 19335 I SamsungAccount: [AIDLInterfaceBinder] [InAIDL] unregisterCallback start
04-19 15:57:34.071 19093 19335 I SamsungAccount: [CBM] [InAIDL-CallbackManager]getCallbackInfo
04-19 15:57:34.071 19019 19114 E [SCSDK][C][2.0.14]: [SamsungCloud]Cloud SDK is not initialized.
04-19 15:57:34.071 19093 19335 I SamsungAccount: [RequestHistoryManager] ==AIDL ACCTOKEN HISTORY== android.scloud. => 04/19-15:57:33
04-19 15:57:34.071 19093 19335 I SamsungAccount: [CBM] [InAIDL-CallbackManager]unRegisterCallback
04-19 15:57:34.071 19093 19335 I SamsungAccount: [CBM] [InAIDL-CallbackManager]checkUnregisterCallbackCondition
04-19 15:57:34.071 19093 19335 I SamsungAccount: [CBM] [InAIDL-CallbackManager]getCallbackInfo
04-19 15:57:34.072 19019 19114 I [SC][AUTH]AuthUtil: getAuthData
04-19 15:57:34.072 19093 19335 I SamsungAccount: [CBM] [InAIDL-CallbackManager] Unregister SuccessPackage = android.scloud.
04-19 15:57:34.072 19093 19335 I SamsungAccount: [AIDLInterfaceBinder] [InAIDL] unregisterCallback end
04-19 15:57:34.077 19019 19068 I [SC]ConfigurationItemDataManager: getFilePath : configurationName = scloud_migrationCountry
04-19 15:57:34.079 19093 19093 I SamsungAccount: [AIDLRequestService] OnDestroy Service
04-19 15:57:34.081 19019 19114 I [SC][AUTH]AuthUtil: getAuthData
04-19 15:57:34.084 19093 19335 I SamsungAccount: [AccessTokenRunnable] [InAIDL-AccessTokenRunnable]handleProcessSuccessResult finish. Package = android.scloud.
04-19 15:57:34.084 19093 19335 I SamsungAccount: [StateCheckUtil] isChildAccount : false
04-19 15:57:34.086 19019 19114 I [SC][AUTH]AuthUtil: getAuthData
04-19 15:57:34.094  4613  4613 W keymaster_tee: [WRN]begin req PARAMS: A32 B2 P64
04-19 15:57:34.138 19019 19341 I .android.scloud: Waiting for a blocking GC ClassLinker
