04-09 23:05:39.395  6284  6284 D BubblesManager: onRankingUpdate : shouldBubbleUp=false ,pkg=ru.mail.mailapp ,key=0|ru.mail.mailapp|1291137120|zhelenskiy@mail.ru|10221
04-09 23:05:39.395  6284  6284 D InterruptionStateProvider: Group alert behavior is suppressed but we want to alert bubble
04-09 23:05:39.396  5665  8502 I MediaFocusControl: requestAudioFocus() from uid/pid 10054/6284 AA=USAGE_NOTIFICATION/CONTENT_TYPE_SONIFICATION clientId=android.media.AudioManager@585fa9b callingPack=com.android.systemui req=3 flags=0x0 sdk=33
04-09 23:05:39.397  6284  6284 D BubblesManager: onRankingUpdate : shouldBubbleUp=false ,pkg=ru.mail.mailapp ,key=0|ru.mail.mailapp|406243825|zhelenskiy@mail.ru|10221
04-09 23:05:39.397  6284  6284 D BubblesManager: onRankingUpdate : shouldBubbleUp=false ,pkg=android ,key=0|android|38|AccountManagerService:38:-904454848:838749127:10427|1000
04-09 23:05:39.397  9619 10534 I NotificationPipeline: Processing new notification: 0|org.telegram.messenger|212076729|null|10268
04-09 23:05:39.398  6284  6284 D InterruptionStateProvider: Group alert behavior is suppressed but we want to alert bubble
04-09 23:05:39.398  6284  6284 D BubblesManager: onRankingUpdate : shouldBubbleUp=false ,pkg=com.google.android.googlequicksearchbox ,key=0|com.google.android.googlequicksearchbox|0|-1997195081::SUMMARY::wx|10233
04-09 23:05:39.398  9619 10534 E Notification4Heart_NB: WatchFactory.getWatch-lastConnectedNodeId is null
04-09 23:05:39.398  6284  6284 D BubblesManager: onRankingUpdate : shouldBubbleUp=false ,pkg=com.google.android.googlequicksearchbox ,key=0|com.google.android.googlequicksearchbox|0|-1997195081::a:snotification:[0x394,wx.f,NOTIFICATION]|10233
04-09 23:05:39.398  6210  6210 I FreeformContainer: [SmartPopupViewService] onNotificationPosted: StatusBarNotification(pkg=org.telegram.messenger user=UserHandle{0} id=212076729 tag=null key=0|org.telegram.messenger|212076729|null|10268: Notification(channel=0channel_private_c21f9_-1661474636190883206 shortcut=ndid_212076729 contentView=null vibrate=null sound=null defaults=0x0 flags=0x10 color=0xff11acfa category=msg sortKey=9223370355780438807 actions=2 vis=PRIVATE locusId=LocusId[14_chars] semFlags=0x0 semPriority=0 semMissedCount=0))
04-09 23:05:39.398  5665  8502 D MediaFocusControl: selectFocusStack, uid = 10054, appDevice = 0, device = 2
04-09 23:05:39.398  6284  6284 D BubblesManager: onRankingUpdate : shouldBubbleUp=false ,pkg=android ,key=-1|android|27|null|1000
04-09 23:05:39.399  6210  6210 V FreeformContainer: [SmartPopupViewService] isSmartPopupViewTarget: org.telegram.messenger is not enabled
04-09 23:05:39.399  6284  6284 D BubblesManager: onRankingUpdate : shouldBubbleUp=false ,pkg=com.android.systemui ,key=-1|com.android.systemui|2131428959|charging_state|10054
04-09 23:05:39.399  5665  8502 I AudioService.FadeOutManager: unfadeOutUid() uid:10054
04-09 23:05:39.399  6284  6315 D Bubbles : onRankingUpdated : isActiveOrInOverflow= false , mTmpRanking.canBubble()= false ,isActive= false ,shouldBubbleUp= false ,mTmpRanking.isBubble()= false
04-09 23:05:39.400  6284  6315 D Bubbles : onRankingUpdated : isActiveOrInOverflow= false , mTmpRanking.canBubble()= false ,isActive= false ,shouldBubbleUp= false ,mTmpRanking.isBubble()= false
04-09 23:05:39.400  6284  6315 D Bubbles : onRankingUpdated : isActiveOrInOverflow= false , mTmpRanking.canBubble()= false ,isActive= false ,shouldBubbleUp= false ,mTmpRanking.isBubble()= false
04-09 23:05:39.400  6284  6315 D Bubbles : onRankingUpdated : isActiveOrInOverflow= false , mTmpRanking.canBubble()= false ,isActive= false ,shouldBubbleUp= false ,mTmpRanking.isBubble()= false
04-09 23:05:39.400  6284  6315 D Bubbles : onRankingUpdated : isActiveOrInOverflow= false , mTmpRanking.canBubble()= false ,isActive= false ,shouldBubbleUp= false ,mTmpRanking.isBubble()= false
04-09 23:05:39.400  6284  6315 D Bubbles : onRankingUpdated : isActiveOrInOverflow= false , mTmpRanking.canBubble()= false ,isActive= false ,shouldBubbleUp= false ,mTmpRanking.isBubble()= false
04-09 23:05:39.400  6284  6315 D Bubbles : onRankingUpdated : isActiveOrInOverflow= false , mTmpRanking.canBubble()= false ,isActive= false ,shouldBubbleUp= false ,mTmpRanking.isBubble()= false
04-09 23:05:39.400  6284  6315 D Bubbles : onRankingUpdated : isActiveOrInOverflow= false , mTmpRanking.canBubble()= false ,isActive= false ,shouldBubbleUp= false ,mTmpRanking.isBubble()= false
04-09 23:05:39.400  6284  6315 D Bubbles : onRankingUpdated : isActiveOrInOverflow= false , mTmpRanking.canBubble()= false ,isActive= false ,shouldBubbleUp= false ,mTmpRanking.isBubble()= false
04-09 23:05:39.400  6284  6315 D Bubbles : onRankingUpdated : isActiveOrInOverflow= false , mTmpRanking.canBubble()= false ,isActive= false ,shouldBubbleUp= false ,mTmpRanking.isBubble()= false
04-09 23:05:39.400  6284  6315 D Bubbles : onRankingUpdated : isActiveOrInOverflow= false , mTmpRanking.canBubble()= false ,isActive= false ,shouldBubbleUp= false ,mTmpRanking.isBubble()= false
04-09 23:05:39.400  6284  6315 D Bubbles : onRankingUpdated : isActiveOrInOverflow= false , mTmpRanking.canBubble()= false ,isActive= false ,shouldBubbleUp= false ,mTmpRanking.isBubble()= false
04-09 23:05:39.400  6284  6315 D Bubbles : onRankingUpdated : isActiveOrInOverflow= false , mTmpRanking.canBubble()= false ,isActive= false ,shouldBubbleUp= false ,mTmpRanking.isBubble()= false
04-09 23:05:39.400  6284  6315 D Bubbles : onRankingUpdated : isActiveOrInOverflow= false , mTmpRanking.canBubble()= false ,isActive= false ,shouldBubbleUp= false ,mTmpRanking.isBubble()= false
04-09 23:05:39.400  6284  6315 D Bubbles : onRankingUpdated : isActiveOrInOverflow= false , mTmpRanking.canBubble()= false ,isActive= false ,shouldBubbleUp= false ,mTmpRanking.isBubble()= false
04-09 23:05:39.401  5665  5665 D MotionRecognitionManager: @ member 0 = com.android.server.notification.EasyMuteController$1@621b28f
04-09 23:05:39.401  5665  5665 D MotionRecognitionService:   .unregisterCallback : 0, client=com.android.server.notification.EasyMuteController$1@621b28f
04-09 23:05:39.401  5665  5665 D MotionRecognitionService: Acc/Gyro will be disabled by motion sensor  = 1
04-09 23:05:39.401  5665  5665 D MotionRecognitionService: Acc/Gyro will be disabled by motion sensor  = 2
04-09 23:05:39.401  6284  6373 D PeopleSpaceWidgetMgr: No app widget ids returned
04-09 23:05:39.402  5665  5665 D SensorService: Calling activate off 1601008243
04-09 23:05:39.403  6284 26415 V MediaPlayer: resetDrmState:  mDrmInfo=null mDrmProvisioningThread=null mPrepareDrmInProgress=false mActiveDrmScheme=false
04-09 23:05:39.403  6284 26415 V MediaPlayer: cleanDrmObj: mDrmObj=null mDrmSessionId=null
04-09 23:05:39.403  6284 26415 V MediaPlayer-JNI: release
04-09 23:05:39.403  6284 26415 V MediaPlayerNative: setListener
04-09 23:05:39.403  6284 26415 V MediaPlayerNative: disconnect
04-09 23:05:39.403  6284 26415 V MediaPlayerNative: destructor
04-09 23:05:39.403  5297  5297 I SensorsHub: activate: handle 1 enable 0
04-09 23:05:39.403  5297  5297 I SensorsHub: type : 1, enable : 0
04-09 23:05:39.404  6284 26415 V MediaPlayerNative: disconnect
04-09 23:05:39.405  5297  5297 I SensorsHub: activate: handle 4 enable 0
04-09 23:05:39.405  5297  5297 I SensorsHub: type : 4, enable : 0
04-09 23:05:39.406  5665  5665 D SensorManager: unregisterListener :: com.samsung.android.gesture.MotionRecognitionService$SensorListener@bcb6afa
04-09 23:05:39.406  5665  5665 D MotionRecognitionService:   .finalizeMotionEngine
04-09 23:05:39.406  6284 26415 V MediaPlayer-JNI: native_setup
04-09 23:05:39.406  5665  5665 I MotionRecognitionManager:   .unregisterListener : / listener count = 1->0, name :com.android.server.notification.EasyMuteController$1@621b28f
04-09 23:05:39.406  6284 26415 V MediaPlayerNative: constructor
04-09 23:05:39.408  9619 10534 W Notification4Heart_NB: NotificationBridgeCallback.onNotificationPosted-never connected before
04-09 23:05:39.410  6284 26415 V MediaPlayerNative: setListener
04-09 23:05:39.413  6284 26415 V MediaPlayer-JNI: setParameter: key 1400
04-09 23:05:39.413  6284 26415 V MediaPlayerNative: MediaPlayer::setParameter(1400)
04-09 23:05:39.417  5249  5249 E audit   : type=1400 audit(1681074339.402:864): avc:  denied  { dac_override } for  pid=2228 comm="irq/166-1198000" capability=1  scontext=u:r:kernel:s0 tcontext=u:r:kernel:s0 tclass=capability permissive=0 SEPF_SM-A515F_13_0001 audit_filtered
04-09 23:05:39.428  9619 10534 I NotificationPipeline: Processing notification dismissal on phone: 0|org.telegram.messenger|212076729|null|10268
04-09 23:05:39.428  9619 10534 E Notification4Heart_NB: WatchFactory.getWatch-lastConnectedNodeId is null
04-09 23:05:39.433  6284  6284 D BubblesManager: onEntryAdded : bubbleEntryAdded=false
04-09 23:05:39.436  6284 26415 V MediaPlayer-JNI: setDataSourceFD: fd 522
04-09 23:05:39.436  6284 26415 V MediaPlayerNative: setDataSource(522, 6239784, 27128)
04-09 23:05:39.438  5491  5491 V MediaPlayerService: Create new client(15) from AttributionSourceState{pid: 6284, uid: 10054, packageName: com.android.systemui, attributionTag: (null), token: {no toString() implemented}, renouncedPermissions: [], next: []},
04-09 23:05:39.439  6210  6210 I FreeformContainer: [SmartPopupViewService] onNotificationRemoved: StatusBarNotification(pkg=org.telegram.messenger user=UserHandle{0} id=212076729 tag=null key=0|org.telegram.messenger|212076729|null|10268: Notification(channel=0channel_private_c21f9_-1661474636190883206 shortcut=ndid_212076729 contentView=null vibrate=null sound=null defaults=0x0 flags=0x10 color=0xff11acfa category=msg sortKey=9223370355780438807 actions=2 vis=PRIVATE locusId=LocusId[14_chars] semFlags=0x0 semPriority=0 semMissedCount=0))
04-09 23:05:39.440  6210  6246 I FreeformContainer: [Manager] handleMessage: SMART_POPUP_VIEW_REMOVE_ITEM
04-09 23:05:39.440  6210  6246 W FreeformContainer: [Manager] SMART_POPUP_VIEW_REMOVE_ITEM failed, due to no smart popup view item which has packageName: org.telegram.messenger
04-09 23:05:39.440  5491  5491 V MediaPlayerService: setDataSource fd=8, offset=6239784, length=27128
04-09 23:05:39.441  5491  5491 V MediaPlayerService: st_dev  = 64772
04-09 23:05:39.441  5491  5491 V MediaPlayerService: st_mode = 33188
04-09 23:05:39.441  5491  5491 V MediaPlayerService: st_uid  = 0
04-09 23:05:39.441  5491  5491 V MediaPlayerService: st_gid  = 0
04-09 23:05:39.441  9619 10534 I NotifDismissalHandler: Notification 0|org.telegram.messenger|212076729|null|10268 dismissed on phone, deleting data item /bridger/stream_item:c8317ad1:org.telegram.messenger:212076729:null_tag:0~7Corg.telegram.messenger~7C212076729~7Cnull~7C10268
04-09 23:05:39.441  5491  5491 V MediaPlayerService: st_size = 74659314
04-09 23:05:39.441  5491  5491 V MediaPlayerService: player type = 4
04-09 23:05:39.443  5491  5491 D NuPlayerDriver: NuPlayerDriver(0xec690d40) created, clientPid(6284)
04-09 23:05:39.445  6284  6284 D BubblesManager: setupNotifPipeline(), onEntryRemoved : reason=10
04-09 23:05:39.448  6284  6373 D PeopleSpaceWidgetMgr: No app widget ids returned
04-09 23:05:39.487  5491  5491 V AudioSink: AudioOutput(865)
04-09 23:05:39.487  5491  5491 V NuPlayerDriver: setDataSource(0xec690d40) file(8)
04-09 23:05:39.487  5491  5491 V NuPlayer: setDataSourceAsync fd 8/6239784/27128 source: 0xecb97580
04-09 23:05:39.487  5491 26417 V NuPlayer: kWhatSetAudioSink
04-09 23:05:39.488  5491 26417 V NuPlayer: kWhatSetDataSource
04-09 23:05:39.488  6284 26415 V MediaPlayer-JNI: setLooping: 0
04-09 23:05:39.488  6284 26415 V MediaPlayerNative: MediaPlayer::setLooping
04-09 23:05:39.489  5491  7423 V MediaPlayerService: [15] setLooping(0)
04-09 23:05:39.489  6284 26415 V MediaPlayerNative: setVideoSurfaceTexture
04-09 23:05:39.490  5491  7423 V MediaPlayerService: [15] setVideoSurfaceTexture(0x0)
04-09 23:05:39.490  6284 26415 V MediaPlayerNative: prepare
04-09 23:05:39.491  5491  7423 V MediaPlayerService: [15] setParameter(1400)
04-09 23:05:39.491  5491  7423 V MediaPlayerService: setAudioAttributes_l() usage=5 content=4 flags=0x800 tags=
04-09 23:05:39.494  5491  7423 V MediaPlayerService: [15] prepareAsync
04-09 23:05:39.494  5491  7423 V NuPlayerDriver: prepareAsync(0xec690d40)
04-09 23:05:39.494  5491  7423 V NuPlayer: prepareAsync
04-09 23:05:39.495  5491 26417 V NuPlayer: onMessageReceived kWhatPrepare
04-09 23:05:39.495  5491 26417 I MediaMonitor: MediaMonitor()
04-09 23:05:39.504  6284  6373 D MobileStatusTracker(1/2): onDataActivity: direction=0
04-09 23:05:39.505  5415  5415 I DrmManagerService(Native): value of perm = 2 return true from DRM FW
04-09 23:05:39.506  5415  5415 E SEC_DRM_PLUGIN_Omafl: OmaPlugin::onOpenDecryptSession(fd)::Drm2IsDrmFileByExtFd::file is NOT DRM by extension
04-09 23:05:39.507  6284  6373 D MobileSignalController(1/2): notifyListener: enabled=true, connected=true, dataConnected=true, networkType=LTE/LTE_CA (4G+), emergencyOnly=false, roaming=false, isDefault=true, dataActivity=, level=2, ca=true, mmWave=false, disabledDataIcon=false, simCard=ETC
04-09 23:05:39.509  5491 26418 D GenericSource: FileSource remote
04-09 23:05:39.519  5480  8143 I MediaExtractorFactory: Created an extractor 'SECOggExtractor' with confidence 0.51
04-09 23:05:39.525  5491 26418 I AnotherPacketSource: setFormat() : audio/vorbis
04-09 23:05:39.526  5491 26417 V NuPlayer: onSourceNotify() kWhatFlagsChanged  FLAG_CAN_PAUSE: 1  FLAG_CAN_SEEK_BACKWARD: 1
04-09 23:05:39.526  5491 26417 V NuPlayer: 				 FLAG_CAN_SEEK_FORWARD: 1  FLAG_CAN_SEEK: 1  FLAG_DYNAMIC_DURATION: 0
04-09 23:05:39.526  5491 26417 V NuPlayer: 				 FLAG_SECURE: 0  FLAG_PROTECTED: 0
04-09 23:05:39.526  5491 26418 V NuPlayer: Source::notifyPrepared 0
04-09 23:05:39.526  5491 26417 V NuPlayer: prepare posted successfully.
04-09 23:05:39.526  5491 26417 I NuPlayer: ORmode enabled : unsupportedAudio = 0, unsupportedVideo = 0, mHaveAudioTrack = 1, mHaveVideoTrack = 0
04-09 23:05:39.526  5491 26417 V MediaPlayerService: [15] notify (200, 10973, 0)
04-09 23:05:39.527  5491 26417 V NuPlayer: NuPlayer::onSourceNotify Source::kWhatPrepared source: 0xecb97580
04-09 23:05:39.527  6284 10101 V MediaPlayerNative: message received msg=200, ext1=10973, ext2=0
04-09 23:05:39.527  6284 10101 W MediaPlayerNative: info/warning (10973, 0)
04-09 23:05:39.527  5491 26417 V NuPlayer: extractMetadata Tracks : 1
04-09 23:05:39.530  5491 26417 V NuPlayer: enableInbandTextFromExtr
04-09 23:05:39.532  5491 26417 V NuPlayerDriver: notifyPrepareCompleted 0
04-09 23:05:39.532  5491 26417 V MediaPlayerService: [15] notify (1, 0, 0)
04-09 23:05:39.533  6284 10101 V MediaPlayerNative: message received msg=1, ext1=0, ext2=0
04-09 23:05:39.533  6284 10101 V MediaPlayerNative: MediaPlayer::notify() prepared
04-09 23:05:39.533  6284 10101 V MediaPlayerNative: signal application thread
04-09 23:05:39.533  6284 26415 V MediaPlayerNative: prepare complete - status=0
04-09 23:05:39.536  6284 26415 V MediaPlayerNative: invoke 76
04-09 23:05:39.536  5491  7423 V NuPlayer: getTrackInfo
04-09 23:05:39.536  5491 26417 W NuPlayer: no name
04-09 23:05:39.538  5491  7423 V MediaPlayerService: [15] enableAudioDeviceCallback, 1
04-09 23:05:39.538  5491  7423 V AudioSink: enableAudioDeviceCallback, 1
04-09 23:05:39.539  6284 26415 V MediaPlayer-JNI: start
04-09 23:05:39.539  6284 26415 V MediaPlayerNative: start
04-09 23:05:39.539  5665  5665 D AudioPlayerStateMonitor: Found a new active media playback. AudioPlaybackConfiguration piid:903 deviceId:0 type:android.media.MediaPlayer u/pid:10054/6284 state:started attr:AudioAttributes: usage=USAGE_NOTIFICATION content=CONTENT_TYPE_SONIFICATION flags=0x800 tags= bundle=null sessionId:0
04-09 23:05:39.539  5491  7423 V MediaPlayerService: [15] setLooping(0)
04-09 23:05:39.539  5491  7423 V MediaPlayerService: [15] setVolume(1.000000, 1.000000)
04-09 23:05:39.540  5491  7423 V AudioSink: setVolume(1.000000, 1.000000)
04-09 23:05:39.540  6284  6284 D MediaRouter: onRestoreRoute() : route=RouteInfo{ name=Phone, description=null, status=null, category=RouteCategory{ name=System types=ROUTE_TYPE_LIVE_AUDIO ROUTE_TYPE_LIVE_VIDEO  groupable=false }, supportedTypes=ROUTE_TYPE_LIVE_AUDIO ROUTE_TYPE_LIVE_VIDEO , presentationDisplay=null }
04-09 23:05:39.540  6284  6284 V MediaRouter: Selecting route: RouteInfo{ name=Phone, description=null, status=null, category=RouteCategory{ name=System types=ROUTE_TYPE_LIVE_AUDIO ROUTE_TYPE_LIVE_VIDEO  groupable=false }, supportedTypes=ROUTE_TYPE_LIVE_AUDIO ROUTE_TYPE_LIVE_VIDEO , presentationDisplay=null }
04-09 23:05:39.541  5491  7423 V MediaPlayerService: [15] setAuxEffectSendLevel(0.000000)
04-09 23:05:39.541  5491  7423 V AudioSink: setAuxEffectSendLevel(0.000000)
04-09 23:05:39.543  5491  7423 V MediaPlayerService: [15] start
04-09 23:05:39.543  5491  7423 V MediaPlayerService: getClientDuration
04-09 23:05:39.543  5491  7423 V MediaPlayerService: getDuration
04-09 23:05:39.543  5491  7423 V MediaPlayerService: [15] getDuration = 2294
04-09 23:05:39.543  5491  7423 V NuPlayerDriver: start(0xec690d40), state is 4, eos is 0
04-09 23:05:39.544  5491 26417 V NuPlayer: kWhatStart
04-09 23:05:39.544  5491 26417 V NuPlayer: onStart: mCrypto: 0x0 (0)
04-09 23:05:39.544  5491 26417 I GenericSource: start
04-09 23:05:39.544  6284 26414 W RingtonePlayer: STOP command without a player
04-09 23:05:39.544  5491 26417 V NuPlayer: checkOffloadExceptions is true, call canOffloadStream
04-09 23:05:39.545  6284 26415 V MediaPlayerNative: invoke 76
04-09 23:05:39.545  5325  8369 V APM_AudioPolicyManager: getOffloadSupport: SR=44100, CM=0x3, Format=0x7000000, StreamType=5, BitRate=128000, duration=2294195 us, has_video=0
04-09 23:05:39.545  5325  8369 V APM_AudioPolicyManager: isOffloadPossible: stream_type != MUSIC, returning false
04-09 23:05:39.545  5491 26417 I MediaClock: setPlaybackRate rate : 1.000000
04-09 23:05:39.548  5491  7423 V NuPlayer: getTrackInfo
04-09 23:05:39.548  5491 26420 I NuPlayerRenderer: onConfigPlayback
04-09 23:05:39.548  5491 26420 I MediaClock: setPlaybackRate rate : 1.000000
04-09 23:05:39.549  5491 26420 I MediaClock: setSpeedAjust mSASpeed (0), mMinClockModificationTimeUs (80000)
04-09 23:05:39.549  5491 26417 I NuPlayerRenderer: setDuration (2294195)
04-09 23:05:39.549  5491 26417 I AudioFrameCollector: use AudioFrameCollector
04-09 23:05:39.549  5491 26417 V NuPlayer: startPlaybackTimer() time        2238091814590 (onstart)
04-09 23:05:39.549  5491 26420 I NuPlayerRenderer: kWhatSetRefRate - refRate(1.000000)
04-09 23:05:39.550  5491 26417 W NuPlayer: no name
04-09 23:05:39.550  5491 26417 V NuPlayer: scanning sources haveAudio=0, haveVideo=0
04-09 23:05:39.550  5491 26417 V NuPlayer: checkOffloadExceptions is true, call canOffloadStream
04-09 23:05:39.551  5325  8369 V APM_AudioPolicyManager: getOffloadSupport: SR=44100, CM=0x3, Format=0x7000000, StreamType=5, BitRate=128000, duration=2294195 us, has_video=0
04-09 23:05:39.551  5325  8369 V APM_AudioPolicyManager: isOffloadPossible: stream_type != MUSIC, returning false
04-09 23:05:39.551  5491 26417 V NuPlayer: make Decoder (audio)
04-09 23:05:39.552  5491 26417 V NuPlayer: instantiateDecoder audio Decoder
04-09 23:05:39.555  5491 26422 I CCodec  : state->set(ALLOCATING)
04-09 23:05:39.556  5491 26422 I CCodec  : allocate(c2.android.vorbis.decoder)
04-09 23:05:39.568  5491 26422 I CCodec  : setting up 'default' as default (vendor) store
04-09 23:05:39.569  5525 31404 V C2Store : in init
04-09 23:05:39.569  5525 31404 V C2Store : loading dll
04-09 23:05:39.572  5491 26418 I GenericSource: readBuffer(Audio) mode = 0, EOS
04-09 23:05:39.581  5491 26422 I CCodec  : Created component [c2.android.vorbis.decoder]
04-09 23:05:39.581  5491 26422 I CCodec  : state->set(ALLOCATED)
04-09 23:05:39.583  5491 26422 D CCodecConfig: read media type: audio/vorbis
04-09 23:05:39.596  5491 26422 D ReflectedParamUpdater: extent() != 1 for single value type: algo.buffers.max-count.values
04-09 23:05:39.599  5491 26422 D ReflectedParamUpdater: extent() != 1 for single value type: output.subscribed-indices.values
04-09 23:05:39.600  5491 26422 D ReflectedParamUpdater: extent() != 1 for single value type: input.buffers.allocator-ids.values
04-09 23:05:39.600  5491 26422 D ReflectedParamUpdater: extent() != 1 for single value type: output.buffers.allocator-ids.values
04-09 23:05:39.601  5491 26422 D ReflectedParamUpdater: extent() != 1 for single value type: algo.buffers.allocator-ids.values
04-09 23:05:39.601  5491 26422 D ReflectedParamUpdater: extent() != 1 for single value type: output.buffers.pool-ids.values
04-09 23:05:39.602  5491 26422 D ReflectedParamUpdater: extent() != 1 for single value type: algo.buffers.pool-ids.values
04-09 23:05:39.608  5491 26422 I CCodecConfig: query failed after returning 7 values (BAD_INDEX)
04-09 23:05:39.608  5491 26422 D CCodecConfig: c2 config diff is Dict {
04-09 23:05:39.608  5491 26422 D CCodecConfig:   c2::u32 coded.bitrate.value = 64000
04-09 23:05:39.608  5491 26422 D CCodecConfig:   c2::u32 input.buffers.max-size.value = 32768
04-09 23:05:39.608  5491 26422 D CCodecConfig:   c2::u32 input.delay.value = 0
04-09 23:05:39.608  5491 26422 D CCodecConfig:   string input.media-type.value = "audio/vorbis"
04-09 23:05:39.608  5491 26422 D CCodecConfig:   string output.media-type.value = "audio/raw"
04-09 23:05:39.608  5491 26422 D CCodecConfig:   c2::u32 raw.channel-count.value = 1
04-09 23:05:39.608  5491 26422 D CCodecConfig:   c2::u32 raw.sample-rate.value = 48000
04-09 23:05:39.608  5491 26422 D CCodecConfig: }
04-09 23:05:39.611  5491 26422 D CCodec  : [c2.android.vorbis.decoder] buffers are bound to CCodec for this session
04-09 23:05:39.611  5491 26422 I CCodec  : appPid(6284) width(0) height(0)
04-09 23:05:39.611  5491 26422 D CCodecConfig: no c2 equivalents for durationUs
04-09 23:05:39.612  5491 26422 D CCodecConfig: no c2 equivalents for csd-1
04-09 23:05:39.612  5491 26422 D CCodecConfig: no c2 equivalents for app-pid
04-09 23:05:39.612  5491 26422 D CCodecConfig: no c2 equivalents for flags
04-09 23:05:39.613  5491 26422 D CCodecConfig: c2 config diff is   c2::u32 coded.bitrate.value = 128000
04-09 23:05:39.613  5491 26422 D CCodecConfig:   c2::u32 raw.channel-count.value = 2
04-09 23:05:39.613  5491 26422 D CCodecConfig:   c2::u32 raw.sample-rate.value = 44100
04-09 23:05:39.615  5491 26422 W Codec2Client: query -- param skipped: index = 1107298332.
04-09 23:05:39.615  5491 26422 D CCodec  : encoding statistics level = 0
04-09 23:05:39.615  5491 26422 D CCodec  : setup formats input: AMessage(what = 0x00000000) = {
04-09 23:05:39.615  5491 26422 D CCodec  :   int32_t bitrate = 128000
04-09 23:05:39.615  5491 26422 D CCodec  :   int32_t channel-count = 2
04-09 23:05:39.615  5491 26422 D CCodec  :   int32_t max-input-size = 32768
04-09 23:05:39.615  5491 26422 D CCodec  :   string mime = "audio/vorbis"
04-09 23:05:39.615  5491 26422 D CCodec  :   int32_t sample-rate = 44100
04-09 23:05:39.615  5491 26422 D CCodec  :   int64_t durationUs = 2294195
04-09 23:05:39.615  5491 26422 D CCodec  : }
04-09 23:05:39.615  5491 26422 D CCodec  : setup formats output: AMessage(what = 0x00000000) = {
04-09 23:05:39.615  5491 26422 D CCodec  :   int32_t channel-count = 2
04-09 23:05:39.615  5491 26422 D CCodec  :   string mime = "audio/raw"
04-09 23:05:39.615  5491 26422 D CCodec  :   int32_t sample-rate = 44100
04-09 23:05:39.615  5491 26422 D CCodec  :   int32_t channel-mask = 3
04-09 23:05:39.615  5491 26422 D CCodec  :   int32_t android._config-pcm-encoding = 2
04-09 23:05:39.615  5491 26422 D CCodec  : }
04-09 23:05:39.616  5491 26422 I CCodecConfig: query failed after returning 7 values (BAD_INDEX)
04-09 23:05:39.618  5491 26422 I MediaCodec: MediaCodec will operate in async mode
04-09 23:05:39.618  5491 26421 D MediaCodec: keep callback message for reclaim
04-09 23:05:39.619  5491 26422 I CCodec  : state->set(STARTING)
04-09 23:05:39.621  5491 26422 W Codec2Client: query -- param skipped: index = 1342179345.
04-09 23:05:39.621  5491 26422 W Codec2Client: query -- param skipped: index = 2415921170.
04-09 23:05:39.624  5491 26422 D CCodecBufferChannel: [c2.android.vorbis.decoder#567] Created input block pool with allocatorID 16 => poolID 30 - OK (0)
04-09 23:05:39.624  5525 31404 D BufferPoolAccessor2.0: bufferpool2 0x7c6903ac28 : 0(0 size) total buffers - 0(0 size) used buffers - 102/106 (recycle/alloc) - 4/105 (fetch/transfer)
04-09 23:05:39.625  5525 31404 D BufferPoolAccessor2.0: Destruction - bufferpool2 0x7c6903ac28 cached: 0/0M, 0/0% in use; allocs: 106, 96% recycled; transfers: 105, 96% unfetched
04-09 23:05:39.627  6284  6284 D SecPowerUI.Notification: showChargingNotice oldChargingType : 11 currentChargingType : 11 oldChargingTime : 3262000 mChargingTime : 3262000
04-09 23:05:39.627  5491 31326 D BufferPoolAccessor2.0: bufferpool2 0xeca8ba98 : 0(0 size) total buffers - 0(0 size) used buffers - 102/110 (recycle/alloc) - 8/216 (fetch/transfer)
04-09 23:05:39.627  6284  6284 D SecPowerUI.Notification: There is no change about charging status, so return!
04-09 23:05:39.627  5491 31326 D BufferPoolAccessor2.0: Destruction - bufferpool2 0xeca8ba98 cached: 0/0M, 0/0% in use; allocs: 110, 93% recycled; transfers: 216, 96% unfetched
04-09 23:05:39.627  5491 26422 I CCodecBufferChannel: [c2.android.vorbis.decoder#567] Created output block pool with allocatorID 16 => poolID 30 - OK
04-09 23:05:39.628  5491 26422 D CCodecBufferChannel: [c2.android.vorbis.decoder#567] Configured output block pool ids 30 => OK
04-09 23:05:39.629  5491 26422 I CCodec  : state->set(RUNNING)
04-09 23:05:39.629  5310  5310 I SEC_componentStore: >>SEC Codec2's2 SetIonUsage : 1
04-09 23:05:39.630  5310  5310 I SEC_componentStore: >>SEC Codec2's SetIonUsage
04-09 23:05:39.631  5491 26422 I CCodecBufferChannel: [c2.android.vorbis.decoder#567] 4 initial input buffers available
04-09 23:05:39.633  5525 26423 D SimpleC2Component: Using output block pool with poolID 30 => got 30 - 0
04-09 23:05:39.649  5310  5310 I SEC_componentStore: >>SEC Codec2's2 SetIonUsage : 1
04-09 23:05:39.650  5310  5310 I SEC_componentStore: >>SEC Codec2's SetIonUsage
04-09 23:05:39.658  5491 26420 I NuPlayerRenderer: openAudioSink: open AudioSink in NON-offload mode audioFormat : 1, flags : 0
04-09 23:05:39.658  5491 26420 V AudioSink: +++ close
04-09 23:05:39.658  5491 26420 V AudioSink: --- close
04-09 23:05:39.660  5325  8369 V APM_AudioPolicyManager: selectOutput new bestOutput 13 criteria 0 100 0 0 0 1 0 2
04-09 23:05:39.660  5325  8369 V APM_AudioPolicyManager: getOutput() stream 3 selected devices {AUDIO_DEVICE_OUT_SPEAKER, @:}, output 13
04-09 23:05:39.662  5325  5528 V APM_AudioPolicyManager: selectOutput new bestOutput 13 criteria 0 100 0 0 0 1 0 2
04-09 23:05:39.662  5325  5528 V APM_AudioPolicyManager: getOutput() stream 3 selected devices {AUDIO_DEVICE_OUT_SPEAKER, @:}, output 13
04-09 23:05:39.664  5325  5531 V APM_AudioPolicyManager: selectOutput new bestOutput 13 criteria 0 100 0 0 0 1 0 2
04-09 23:05:39.664  5325  5531 V APM_AudioPolicyManager: getOutput() stream 3 selected devices {AUDIO_DEVICE_OUT_SPEAKER, @:}, output 13
04-09 23:05:39.665  5491 26420 I NuPlayerRenderer: checkAudioSinkPcmMsSetting 500
04-09 23:05:39.665  5491 26420 V AudioSink: open(44100, 2, 0x3, 0x1, 0, 865 0x0)
04-09 23:05:39.666  5325  5528 V APM_AudioPolicyManager: selectOutput new bestOutput 13 criteria 0 100 0 0 0 0 0 2
04-09 23:05:39.666  5325  5528 V APM_AudioPolicyManager: getOutput() stream 5 selected devices {AUDIO_DEVICE_OUT_SPEAKER, @:}, output 13
04-09 23:05:39.668  5325  8369 V APM_AudioPolicyManager: selectOutput new bestOutput 13 criteria 0 100 0 0 0 0 0 2
04-09 23:05:39.668  5325  8369 V APM_AudioPolicyManager: getOutput() stream 5 selected devices {AUDIO_DEVICE_OUT_SPEAKER, @:}, output 13
04-09 23:05:39.668  5491 26420 V AudioSink: no track available to recycle
04-09 23:05:39.668  5491 26420 V AudioSink: creating new AudioTrack
04-09 23:05:39.674  5325  6980 V APM_AudioPolicyManager: getOutputForAttrInt() attributes={ Content type: AUDIO_CONTENT_TYPE_SONIFICATION Usage: AUDIO_USAGE_NOTIFICATION Source: AUDIO_SOURCE_INVALID Flags: 0x800 Tags:  } stream=AUDIO_STREAM_NOTIFICATION session 865 selectedDeviceId 0
04-09 23:05:39.674  5325  6980 V APM_AudioPolicyManager: getOutputForAttrInt() device {AUDIO_DEVICE_OUT_SPEAKER, @:}, sampling rate 44100, format 0x1, channel mask 0x3, flags 0x300002 stream AUDIO_STREAM_NOTIFICATION
04-09 23:05:39.675  5325  6980 V APM_AudioPolicyManager: selectOutput new bestOutput 13 criteria 0 100 0 0 0 1 4 2
04-09 23:05:39.675  5325  6980 V APM_AudioPolicyManager: getOutputForAttrInt returns output 13 selectedDeviceId 3
04-09 23:05:39.675  5325  6980 V APM_AudioPolicyManager: getOutputForAttr() returns output 13 requestedPortId 0 selectedDeviceId 3 for port ID 26
04-09 23:05:39.675  5325  6980 I AudioFlinger: nonSecFlag 0, secFlag 300000, outputFlags a
04-09 23:05:39.676  5325  6980 D AudioFlinger: Client defaulted notificationFrames to 7350 for frameCount 22050
04-09 23:05:39.684  5325  6980 D AF::TrackHandle: OpPlayAudio: track:65 usage:5 not muted
04-09 23:05:39.688  5325  6980 I AF::Track: setMixerOutConfig expectKey 202
04-09 23:05:39.688  5325  6980 I AF::Track: setMixerOutConfig select, mixer out f 5, s 48000, thread out f 1, s 48000
04-09 23:05:39.692  5491 26420 V AudioSink: deleteRecycledTrack_l
04-09 23:05:39.692  5491 26420 V AudioSink: setVolume
04-09 23:05:39.692  5491 26420 D AudioTrack: setVolume(1.000000, 1.000000) pid : 6284
04-09 23:05:39.694  5491 26420 V AudioSink: updateTrack() DONE status 0
04-09 23:05:39.694  5491 26420 V AudioSink: setPlaybackRate(1.000000 1.000000 2 0)
04-09 23:05:39.694  5491 26420 V AudioSink: start
04-09 23:05:39.694  5491 26420 D AudioTrack: setVolume(1.000000, 1.000000) pid : 6284
04-09 23:05:39.695  5491 26420 I SAG_VOR_a32: VoiceActivityDetectionInit() Version Samsung VAD v3.0 a32 2020.06.22)
04-09 23:05:39.699  5325  5528 I AF::Track: setMixerOutConfig expectKey 202
04-09 23:05:39.699  5325  5528 I AF::Track: setMixerOutConfig select, mixer out f 5, s 48000, thread out f 1, s 48000
04-09 23:05:39.701  5325  5528 E EffectsConfig: Invalid <stream|device> type sec_voice_communication: <stream type="sec_voice_communication">
04-09 23:05:39.701  5325  5528 E EffectsConfig:     <apply effect="aec"/>
04-09 23:05:39.701  5325  5528 E EffectsConfig: </stream>
04-09 23:05:39.701  5325  5528 V APM_AudioPolicyManager: startOutput portId 26
04-09 23:05:39.701  5325  5528 V APM_AudioPolicyManager: startOutput() output 13, stream 5, session 865
04-09 23:05:39.701  5325  5528 V APM_AudioPolicyManager: setBeaconMute(1) mBeaconMuteRefCount=1 mBeaconPlayingRefCount=0
04-09 23:05:39.702  5325  5528 V APM_AudioPolicyManager: getNewOutputDevices selected devices {AUDIO_DEVICE_OUT_SPEAKER, @:}
04-09 23:05:39.702  5325  5528 V APM_AudioPolicyManager: setOutputDevices device {AUDIO_DEVICE_OUT_SPEAKER, @:} delayMs 0
04-09 23:05:39.702  5325  5528 V APM_AudioPolicyManager: setOutputDevices() prevDevice {AUDIO_DEVICE_OUT_SPEAKER, @:}
04-09 23:05:39.702  5325  5528 V APM_AudioPolicyManager: setOutputDevices: suppressing checkDeviceMuteStrategies
04-09 23:05:39.702  5325  5528 V APM_AudioPolicyManager: setOutputDevices setting same device {AUDIO_DEVICE_OUT_SPEAKER, @:} or null device, force=0, patch handle=4
04-09 23:05:39.703  5325  5528 V APM_AudioPolicyManager: computeVolume: stream 5, index 2, volume 0.044668, deviceTypes 0x2
04-09 23:05:39.705  5325  5528 I AudioFlinger: updateStageIndex new -1303
04-09 23:05:39.707  5325  5643 I SoundBoosterEffectPlus: SB_setVolume(0x7c58e3a900)
04-09 23:05:39.707  5491 26420 I MediaClock: setThreshold mThresholdTimeUsForAnchor(500000), mMinClockModificationTimeUs(80000), mMaxCorrectionTimeUs(30000)
04-09 23:05:39.707  5325  5643 I SoundBoosterEffectPlus: command EFFECT_CMD_SET_VOLUME left = 1.000000, right =1.000000
04-09 23:05:39.707  5491 26420 I NuPlayerRenderer: onAudioSinkChanged() getPosition : 0
04-09 23:05:39.707  5491 26420 I MediaClock: setPlaybackRate rate : 0.000000
04-09 23:05:39.707  5491 26420 I NuPlayerRenderer: onDrainAudioQueue() send kWhatPollingAudioStarted audio_out : 0
04-09 23:05:39.708  5491  7423 V MediaPlayerService: [15] notify (10000, 13, 3)
04-09 23:05:39.708  5491 26420 I NuPlayerRenderer: setAudioFirstAnchorTime mAudioFirstAnchorTimeMediaUs : -1, new mediaTimeUs : 0
04-09 23:05:39.708  5491 26420 I MediaClock: getMediaTime_l - mAnchorTimeRealUs is '-1'
04-09 23:05:39.708  5491 26420 I MediaClock: getMediaTime_l - mAnchorTimeRealUs is '-1'
04-09 23:05:39.708  5491 26420 I MediaClock: getMediaTime_l - mAnchorTimeRealUs is '-1'
04-09 23:05:39.708  6284 10101 V MediaPlayerNative: message received msg=10000, ext1=13, ext2=3
04-09 23:05:39.708  5491 26420 I MediaClock: getMediaTime_l - mAnchorTimeRealUs is '-1'
04-09 23:05:39.708  5491 26417 V NuPlayer: media rendering started
04-09 23:05:39.708  5491 26417 V MediaPlayerService: [15] notify (6, 0, 0)
04-09 23:05:39.709  5491 26420 I MediaClock: getMediaTime_l - mAnchorTimeRealUs is '-1'
04-09 23:05:39.709  6284 10101 V MediaPlayerNative: message received msg=6, ext1=0, ext2=0
04-09 23:05:39.709  5491  7423 V MediaPlayerService: [15] getRoutedDeviceId
04-09 23:05:39.709  5491  7423 V AudioSink: getRoutedDeviceId
04-09 23:05:39.710  5491 26420 I MediaClock: getMediaTime_l - mAnchorTimeRealUs is '-1'
04-09 23:05:39.710  5491 26420 I MediaClock: getMediaTime_l - mAnchorTimeRealUs is '-1'
04-09 23:05:39.710  5325  5528 V APM_AudioPolicyManager: listAudioPorts() role 0 type 0 num_ports 0 ports 0x7c58eeef88
04-09 23:05:39.710  5281  5281 D audio_hw_primary: primary_out-out_update_source_metadata: called, but not implemented yet
04-09 23:05:39.710  5325  5528 V APM_AudioPolicyManager: listAudioPorts() got 0 ports needed 9
04-09 23:05:39.710  5281  5281 D audio_hw_primary: primary_out-out_update_source_metadata: This stream has 1 tracks
04-09 23:05:39.710  5281  5281 D audio_hw_primary: 1 Track has Usage(5), Content Type(4), Gain(0.000000)
04-09 23:05:39.711  6284 10101 V MediaPlayerNative: Received media started message
04-09 23:05:39.711  5325  5528 V APM_AudioPolicyManager: listAudioPorts() role 0 type 0 num_ports 9 ports 0x7c3ed281c0
04-09 23:05:39.712  5325  5528 V APM_AudioPolicyManager: listAudioPorts() got 9 ports needed 9
04-09 23:05:39.714  5281  8203 I audio_hw_primary: primary_out-out_write: transited to Ready
04-09 23:05:39.714  5281  8203 D audio_hw_primary: primary_out-get_mode_from_active_outputs: return primary_output :0
04-09 23:05:39.714  5281  8203 D audio_hw_primary: primary_out-check_and_set_backend_mixer: no need to update backend 0 -> 0, out->backend_mode:0
04-09 23:05:39.714  5281  8203 I audio_hw_primary: primary_out-out_write: try to route for playback
04-09 23:05:39.714  5281  8203 I audio_hw_proxy_9610: proxy-proxy_set_route: disable fm radio path
04-09 23:05:39.715  5281  8203 I audio_hw_proxy_9610: proxy-proxy_set_mixercontrol: set Mixer Control(ABOX Tickle) to 1
04-09 23:05:39.715  5281  8203 I audio_route: > audio_route_apply_path : "media-speaker"
04-09 23:05:39.715  5281  8203 D audio_route: Apply path: media-speaker
04-09 23:05:39.715  5281  8203 I audio_route: > audio_route_update_path + : "media-speaker" reverse(0)
04-09 23:05:39.715  5281  8203 I audio_route: > audio_route_update_path + : path length = 9
04-09 23:05:39.715  5281  8203 V audio_route: ctl(0)   : "ABOX ERAP info DSM On" value 1
04-09 23:05:39.716  5281  8203 V audio_route: ctl(1)   : "ABOX UAIF0 SPK" value "SIFS0"
04-09 23:05:39.717  5281  8203 V audio_route: ctl(2)   : "ABOX NSRC2" value "UAIF4"
04-09 23:05:39.717  5281  8203 V audio_route: ctl(3)   : "ABOX SIFM2" value "WDMA"
04-09 23:05:39.718  5281  8203 V audio_route: ctl(4)   : "ABOX NSRC3" value "UAIF2"
04-09 23:05:39.718  5281  8203 V audio_route: ctl(5)   : "ABOX SIFM3" value "WDMA"
04-09 23:05:39.718  5281  8203 V audio_route: ctl(6)   : "ABOX SPUS OUT7" value "SIFS1"
04-09 23:05:39.719  5281  8203 V audio_route: ctl(7)   : "ABOX SIFS1" value "SPUS OUT7"
04-09 23:05:39.720  5281  8203 V audio_route: ctl(8)   : "ABOX UAIF2 SPK" value "SIFS1"
04-09 23:05:39.720  5281  8203 I audio_hw_proxy_9610: proxy-set_route: routed to media-speaker
04-09 23:05:39.720  5281  8203 I audio_route: > audio_route_apply_path : "gain-media-speaker"
04-09 23:05:39.720  5281  8203 D audio_route: Apply path: gain-media-speaker
04-09 23:05:39.720  5281  8203 I audio_route: > audio_route_update_path + : "gain-media-speaker" reverse(0)
04-09 23:05:39.721  5281  8203 I audio_route: > audio_route_update_path + : path length = 0
04-09 23:05:39.721  5281  8203 I audio_hw_proxy_9610: proxy-set_route: set gain as gain-media-speaker
04-09 23:05:39.723  5281  8203 I audio_hw_proxy_9610: proxy-enable_spkamp_playback: SPKAMP Playback PCM Device(/dev/snd/pcmC0D7p) with SR(48000) PF(0) CC(2) is opened
04-09 23:05:39.729  5491 26420 I MediaClock: getMediaTime_l - mAnchorTimeRealUs is '-1'
04-09 23:05:39.732  5491 26420 I MediaClock: getMediaTime_l - mAnchorTimeRealUs is '-1'
04-09 23:05:39.732  5491 26420 I MediaClock: getMediaTime_l - mAnchorTimeRealUs is '-1'
04-09 23:05:39.732  5491 26420 I MediaClock: getMediaTime_l - mAnchorTimeRealUs is '-1'
04-09 23:05:39.735  5491 26420 I MediaClock: getMediaTime_l - mAnchorTimeRealUs is '-1'
04-09 23:05:39.735  5281  8203 I audio_hw_proxy_9610: proxy-enable_spkamp_playback: SPKAMP Playback PCM Device(/dev/snd/pcmC0D7p) with SR(48000) PF(0) CC(2) is started
04-09 23:05:39.737  5281  8203 I audio_hw_proxy_9610: proxy-enable_erap_in: ERAP In PCM Device(/dev/snd/pcmC0D11c) with SR(48000) PF(0) CC(2) is opened
04-09 23:05:39.739  5281  8203 I audio_hw_proxy_9610: proxy-enable_erap_in: ERAP In PCM Device(/dev/snd/pcmC0D11c) with SR(48000) PF(0) CC(2) is started
04-09 23:05:39.740  5491  7423 I MediaClock: getMediaTime_l - mAnchorTimeRealUs is '-1'
04-09 23:05:39.741  5281  8203 I audio_hw_proxy_9610: proxy-enable_spkamp_reference: SPKAMP Reference PCM Device(/dev/snd/pcmC0D12c) with SR(48000) PF(0) CC(2) is opened
04-09 23:05:39.743  5281  8203 I audio_hw_proxy_9610: proxy-enable_spkamp_reference: SPKAMP Reference PCM Device(/dev/snd/pcmC0D12c) with SR(48000) PF(0) CC(2) is started
04-09 23:05:39.743  5281  8203 I audio_hw_primary: primary_out-adev_set_route-1: routes to device(speaker) for usage(media)
04-09 23:05:39.745  5491 26420 I MediaClock: getMediaTime_l - mAnchorTimeRealUs is '-1'
04-09 23:05:39.745  5281  8203 I audio_hw_proxy_9610: primary_out-proxy_open_playback_stream: The opened PCM Device is /dev/snd/pcmC0D0p with Sampling_Rate(48000) PCM_Format(0)
04-09 23:05:39.745  5281  8203 I audio_hw_primary: primary_out-out_write: transited to Idle
04-09 23:05:39.747  5491 26420 I MediaClock: getMediaTime_l - mAnchorTimeRealUs is '-1'
04-09 23:05:39.749  5281  8203 I audio_hw_primary: primary_out-out_write: transited to Playing
04-09 23:05:39.750  5491 26420 D AudioTrack: getTimestamp_l(26): device stall time corrected using current time 2238293030090
04-09 23:05:39.751  5491 26420 I MediaClock: getMediaTime_l - mAnchorTimeRealUs is '-1'
04-09 23:05:39.753  5491 26420 I MediaClock: getMediaTime_l - mAnchorTimeRealUs is '-1'
04-09 23:05:39.756  5491 26420 I MediaClock: getMediaTime_l - mAnchorTimeRealUs is '-1'
04-09 23:05:39.759  5491 26420 I MediaClock: getMediaTime_l - mAnchorTimeRealUs is '-1'
04-09 23:05:39.740  5491  7423 V NuPlayerDriver: getCurrentPosition(0xec690d40) 0 (msec), at state 5
04-09 23:05:39.763  5491 26420 I MediaClock: getMediaTime_l - mAnchorTimeRealUs is '-1'
04-09 23:05:39.767  5491 26420 I MediaClock: getMediaTime_l - mAnchorTimeRealUs is '-1'
04-09 23:05:39.770  5491 26420 I MediaClock: getMediaTime_l - mAnchorTimeRealUs is '-1'
04-09 23:05:39.773  5491 26420 I MediaClock: getMediaTime_l - mAnchorTimeRealUs is '-1'
04-09 23:05:39.776  5491 26420 I MediaClock: getMediaTime_l - mAnchorTimeRealUs is '-1'
04-09 23:05:39.780  5491 26420 I MediaClock: getMediaTime_l - mAnchorTimeRealUs is '-1'
04-09 23:05:39.783  5491 26420 I MediaClock: getMediaTime_l - mAnchorTimeRealUs is '-1'
04-09 23:05:39.786  5491 26420 I MediaClock: getMediaTime_l - mAnchorTimeRealUs is '-1'
04-09 23:05:39.789  5491 26420 I MediaClock: getMediaTime_l - mAnchorTimeRealUs is '-1'
04-09 23:05:39.793  5491 26420 I MediaClock: getMediaTime_l - mAnchorTimeRealUs is '-1'
04-09 23:05:39.793  5325  5643 I AudioMixer: create resampler src 44100, 2, dst 48000, 2, f 0x5, q 8
04-09 23:05:39.793  5281  5281 D audio_hw_primary: primary_out-out_update_source_metadata: called, but not implemented yet
04-09 23:05:39.794  5281  5281 D audio_hw_primary: primary_out-out_update_source_metadata: This stream has 1 tracks
04-09 23:05:39.794  5281  5281 D audio_hw_primary: 1 Track has Usage(5), Content Type(4), Gain(0.044668)
04-09 23:05:39.794  5325  5643 I SoundAlive_SRC384 arch64: SoundAlive_SRC384() ID = 16 GID = 17
04-09 23:05:39.794  5325  5643 I SoundAlive_SRC384 arch64: SoundAlive_SRC384: Instance 16 Init(outFs 7, InFs 7, chnum 0, outBW 0, inBW 0)
04-09 23:05:39.794  5325  5643 I Samsung_SoundAlive_SRC arch64: SRC384 version Samsung SoundAlive SRC ver320 arch64  2021.08.04 (Cppref for ARM64, ver.300.c 32bit 07_10_2016 based)
04-09 23:05:39.794  5325  5643 D SoundAliveResampler: [SoundAliveResampler] Init+++
04-09 23:05:39.794  5325  5643 I SoundAlive_SRC384 arch64: SoundAlive_SRC384: Instance 16 Init(outFs 8, InFs 7, chnum 2, outBW 3, inBW 3)
04-09 23:05:39.794  5325  5643 I Samsung_SoundAlive_SRC arch64: SRC384 version Samsung SoundAlive SRC ver320 arch64  2021.08.04 (Cppref for ARM64, ver.300.c 32bit 07_10_2016 based)
04-09 23:05:39.801  5491 26420 D AudioTrack: getTimestamp_l(26): stale timestamp time corrected, currentTimeNanos: 2162660748182 < limitNs: 2238157531282 < mStartNs: 2238237531282
04-09 23:05:39.801  5491 26420 W AudioTrack: getTimestamp_l(26): retrograde timestamp time corrected, 2238157531282 < 2238337974474
04-09 23:05:39.935  5491 26420 I NuPlayerRenderer: kWhatPollingAudioStarted clock running played_out : 16557 us, audio_out : 0 us, gap : 16557 us
04-09 23:05:39.935  5491 26420 I NuPlayerRenderer: kWhatPollingAudioStarted update nowMediaUs : 11432 us
04-09 23:05:39.936  5491 26420 I MediaClock: setPlaybackRate rate : 1.000000
04-09 23:05:39.936  5491 26420 I MediaClock: setSpeedAjust mSASpeed (0), mMinClockModificationTimeUs (80000)
04-09 23:05:39.936  5491 26417 V MediaPlayerService: [15] notify (211, 0, 0)
04-09 23:05:39.936  5491 26417 V MediaPlayerService: [15] notify (211, 0, 0)
04-09 23:05:39.937  6284 10101 V MediaPlayerNative: message received msg=211, ext1=0, ext2=0
04-09 23:05:39.937  6284 10101 V MediaPlayerNative: message received msg=211, ext1=0, ext2=0
04-09 23:05:41.296  7623 26388 D ConnectivityManager: StackLog: [android.net.ConnectivityManager.reportNetworkConnectivity(ConnectivityManager.java:3390)] [anpu.i(:com.google.android.gms@231115044@23.11.15 (190400-520109968):0)] [anpi.run(:com.google.android.gms@231115044@23.11.15 (190400-520109968):57)] [anqi.run(:com.google.android.gms@231115044@23.11.15 (190400-520109968):2)] [dapd.run(:com.google.android.gms@231115044@23.11.15 (190400-520109968):2)] [abbj.c(:com.google.android.gms@231115044@23.11.15 (190400-520109968):6)] [abbj.run(:com.google.android.gms@231115044@23.11.15 (190400-520109968):7)] [java.util.concurrent.ThreadPoolExecutor.runWorker(ThreadPoolExecutor.java:1137)] [java.util.concurrent.ThreadPoolExecutor$Worker.run(ThreadPoolExecutor.java:637)] [abgp.run(:com.google.android.gms@231115044@23.11.15 (190400-520109968):0)] [java.lang.Thread.run(Thread.java:1012)]
04-09 23:05:41.301  7623 26388 I AlarmManager: setExactAndAllowWhileIdle [name: GCM_HB_ALARM type: 2 triggerAtMillis: 3079843]
04-09 23:05:41.313  7623 26388 E GmsTaskScheduler: sendWakeUpEvent called on SchedulerClientBroadcastStrategy
04-09 23:05:41.315 18903 18920 I BadgeProvider: query, [selection] : package=?
04-09 23:05:41.324 18903 18903 I BadgeCountReceiver: badge intent : Intent { act=android.intent.action.BADGE_COUNT_UPDATE flg=0x1000010 cmp=com.sec.android.provider.badge/.BadgeCountReceiver (has extras) }
04-09 23:05:41.324 18903 18903 I BadgeCountReceiver: packageName: org.telegram.messenger, className: org.telegram.messenger.NoxIcon, count: 0
04-09 23:05:41.328 18903 19542 E DatabaseUtils: Writing exception to parcel
04-09 23:05:41.328 18903 19542 E DatabaseUtils: java.lang.SecurityException: Permission Denial: writing com.sec.android.provider.badge.BadgeProvider uri content://com.sec.badge/apps?notify=true from pid=25321, uid=10268 requires com.sec.android.provider.badge.permission.WRITE, or grantUriPermission()
04-09 23:05:41.328 18903 19542 E DatabaseUtils: 	at android.content.ContentProvider.enforceWritePermissionInner(ContentProvider.java:1025)
04-09 23:05:41.328 18903 19542 E DatabaseUtils: 	at android.content.ContentProvider.semEnforceWritePermission(ContentProvider.java:951)
04-09 23:05:41.328 18903 19542 E DatabaseUtils: 	at android.content.ContentProvider$Transport.enforceWritePermission(ContentProvider.java:730)
04-09 23:05:41.328 18903 19542 E DatabaseUtils: 	at android.content.ContentProvider$Transport.update(ContentProvider.java:462)
04-09 23:05:41.328 18903 19542 E DatabaseUtils: 	at android.content.ContentProviderNative.onTransact(ContentProviderNative.java:231)
04-09 23:05:41.328 18903 19542 E DatabaseUtils: 	at android.os.Binder.execTransactInternal(Binder.java:1321)
04-09 23:05:41.328 18903 19542 E DatabaseUtils: 	at android.os.Binder.execTransact(Binder.java:1280)
04-09 23:05:41.329  6837  6837 I BadgeCountUpdaterImpl: onChange
04-09 23:05:41.332  6837  6837 I BadgeCountUpdaterImpl: onChange
04-09 23:05:41.333 18903 18903 I BadgeProvider: sendNotify entered. [uri] : content://com.sec.badge/apps
04-09 23:05:41.333 18903 18903 I BadgeProvider: sendNotify, [notify] : null
04-09 23:05:41.334 18903 18903 I BadgeProvider: update, getCallingPackage() : com.sec.android.provider.badge
04-09 23:05:41.334 18903 18903 I BadgeProvider: update, [uri] : content://com.sec.badge/apps
04-09 23:05:41.334 18903 18903 I BadgeProvider: update, [uri.query] : null
04-09 23:05:41.334 18903 18903 I BadgeProvider: update, [BadgeCount] : badgecount=0
04-09 23:05:41.334 18903 18903 I BadgeProvider: update, [UpdateCount] : 1
04-09 23:05:41.335  7623 26106 I AlarmManager: setExactAndAllowWhileIdle [name: FcmRetry type: 2 triggerAtMillis: 2359864]
04-09 23:05:41.346  5665  5741 W libprocessgroup: Failed to open /dev/blkio//cgroup.procs: No such file or directory
04-09 23:05:41.378  5665  5741 W libprocessgroup: Failed to open /dev/blkio//cgroup.procs: No such file or directory
04-09 23:05:41.529  5491 26418 I GenericSource: readBuffer(Audio) mode = 0, EOS
04-09 23:05:41.533  5491 26418 I GenericSource: readBuffer(Audio) mode = 0, EOS
04-09 23:05:41.533  5491 26421 I NuPlayerDecoder: End of Stream
04-09 23:05:41.534  6837  7268 I BadgeCountUpdaterImpl: reload badge without refresh
04-09 23:05:41.534  5491 26421 I NuPlayerDecoder: End of Stream
04-09 23:05:41.535  5491 26422 D CCodecBufferChannel: [c2.android.vorbis.decoder#567] buffers after EOS ignored (0 us)
04-09 23:05:41.536  5491 26421 I NuPlayerDecoder: End of Stream
04-09 23:05:41.536  5491 26422 D CCodecBufferChannel: [c2.android.vorbis.decoder#567] buffers after EOS ignored (0 us)
04-09 23:05:41.539  5491 26420 I NuPlayerRenderer: onQueueEOS audio finalResult : -1011
04-09 23:05:41.545 18903 19542 I BadgeProvider: query, [selection] : null
04-09 23:05:41.550  6837  7268 I BadgeCache: update cache : org.telegram.messenger user : UserHandle{0}  count : 0
04-09 23:05:41.550  6837  7268 I BadgeCache: update cache : com.vkontakte.android user : UserHandle{0}  count : 7
04-09 23:05:41.550  6837  7268 I BadgeCache: add to cache : com.vk.imuser : UserHandle{0}  count : 1
04-09 23:05:41.551  6837  7268 I BadgeCache: update cache : com.vkontakte.android user : UserHandle{0}  count : 0
04-09 23:05:41.551  6837  7268 I BadgeCache: add to cache : com.vkontakte.androiduser : UserHandle{0}  count : 1
04-09 23:05:41.551  6837  7268 I BadgeCache: add to cache : org.telegram.messengeruser : UserHandle{0}  count : 1
04-09 23:05:41.551  6837  7268 I BadgeCache: update cache : org.telegram.messenger user : UserHandle{0}  count : 0
04-09 23:05:41.551  6837  7268 I BadgeCache: update cache : com.vk.im user : UserHandle{0}  count : 0
04-09 23:05:41.567  6284  6373 D MobileStatusTracker(1/2): onDataActivity: direction=3
04-09 23:05:41.569  6284  6373 D MobileSignalController(1/2): notifyListener: enabled=true, connected=true, dataConnected=true, networkType=LTE/LTE_CA (4G+), emergencyOnly=false, roaming=false, isDefault=true, dataActivity=inout, level=2, ca=true, mmWave=false, disabledDataIcon=false, simCard=ETC
04-09 23:05:41.571  6837  7268 I BadgeCache: reloadBadge size : 3
04-09 23:05:41.787  5491 26420 I NuPlayerRenderer: [audio] notifyEOS() End of Stream, delayUs : 428095
04-09 23:05:41.787  5491 26420 V AudioSink: stop
04-09 23:05:41.787  5491 26420 D AudioTrack: stop(26): called with 101174 frames delivered
04-09 23:05:42.056  5325  5643 I SoundAlive_SRC384 arch64: SoundAlive_SRC384: Instance 16 Init(outFs 8, InFs 7, chnum 2, outBW 3, inBW 3)
04-09 23:05:42.057  5325  5643 I Samsung_SoundAlive_SRC arch64: SRC384 version Samsung SoundAlive SRC ver320 arch64  2021.08.04 (Cppref for ARM64, ver.300.c 32bit 07_10_2016 based)
04-09 23:05:42.180  5329  5329 I SurfaceFlinger: SFWD update time=2240722499242
04-09 23:05:42.215  5491 26420 I NuPlayerRenderer: [audio] notifyEOS() End of Stream, delayUs : 0
04-09 23:05:42.216  5491 26417 V NuPlayer: reached audio EOS
04-09 23:05:42.216  5491 26417 V NuPlayerDriver: notifyListener_l(0xec690d40), playback complete, loop setting(0, 0)
04-09 23:05:42.216  5491 26417 V MediaPlayerService: [15] notify (2, 0, 0)
04-09 23:05:42.216  5491 26417 V NuPlayer: updatePlaybackTimer(stop)  time        2238091814590 (onPause)
04-09 23:05:42.216  5491 26417 V NuPlayer: updatePlaybackTimer()  log            2667022383
04-09 23:05:42.216  5491 26417 I GenericSource: pause
