04-27 20:15:52.080 26164 26187 I TestRunner: started: valueDouble(org.jetbrains.android_benchmark.Wolf3dBenchmark)
04-27 20:15:52.084 26164 26164 I MonitoringInstr: Activities that are still in CREATED to STOPPED: 1
04-27 20:15:52.084 26164 26164 I MonitoringInstr: Finishing activity: androidx.benchmark.IsolationActivity@60bdc39
04-27 20:15:52.089 26164 26187 I GrantPermissionCallable: Permission: android.permission.WRITE_EXTERNAL_STORAGE is already granted!
04-27 20:15:52.089 26164 26187 I GrantPermissionCallable: Permission: android.permission.READ_EXTERNAL_STORAGE is already granted!
04-27 20:15:52.089 26164 26187 D Benchmark: -- Running org.jetbrains.android_benchmark.Wolf3dBenchmark#valueDouble --
04-27 20:15:52.090 26164 26187 D PerfettoCapture: Supported ABIs: arm64-v8a, armeabi-v7a, armeabi
04-27 20:15:52.090 26164 26187 D PerfettoCapture: Recording perfetto trace
04-27 20:15:52.132 26164 26187 I PerfettoCapture: Cleanup perfetto before starting.
04-27 20:15:52.204  5429  5488 W libprocessgroup: Failed to open /dev/blkio//cgroup.procs: No such file or directory
04-27 20:15:52.206  5429  5488 W libprocessgroup: Failed to open /dev/blkio//cgroup.procs: No such file or directory
04-27 20:15:52.223  6734 28907 I NetworkScheduler.Stats: Task com.google.android.gms/com.google.android.gms.ipa.base.IpaGcmTaskService started execution. cause:9 exec_start_elapsed_seconds: 28892 [CONTEXT service_id=218 ]
04-27 20:15:52.239  6734 30358 I NetworkScheduler.Stats: Task com.google.android.gms/com.google.android.gms.ipa.base.IpaGcmTaskService finished executing. cause:9 result: 1 elapsed_millis: 47 uptime_millis: 47 exec_start_elapsed_seconds: 28892 [CONTEXT service_id=218 ]
04-27 20:15:52.283 26164 26187 I PerfettoCapture: Perfetto output file cleanup -
04-27 20:15:52.283 26164 26187 I PerfettoCapture: Starting perfetto tracing with cmd: cat /storage/emulated/0/Android/data/org.jetbrains.android_benchmark.test/cache/trace_config.pb | perfetto --background -c - -o /data/misc/perfetto-traces/trace_output.pb
04-27 20:15:52.561 30374 30374 I perfetto:    perfetto_cmd.cc:1001 Connected to the Perfetto traced service, starting tracing
04-27 20:15:52.563  5131  5131 I perfetto: ing_service_impl.cc:953 Configured tracing session 35, #sources:4, duration:0 ms, #buffers:2, total buffer size:36864 KB, total sessions:1, uid:2000 session name: ""
04-27 20:15:52.565  5130  5130 I perfetto:  probes_producer.cc:139 Ftrace setup (target_buf=69)
04-27 20:15:52.643  4389  4389 I hwservicemanager: getTransport: Cannot find entry android.hardware.atrace@1.0::IAtraceDevice/default in either framework or device VINTF manifest.
04-27 20:15:52.669  5130  5130 I perfetto:    ftrace_procfs.cc:335 enabled ftrace in /sys/kernel/tracing/
04-27 20:15:52.846 26164 26187 I PerfettoCapture: Perfetto output - 30374
04-27 20:15:52.846 26164 26187 I PerfettoCapture: EXITCODE=0
04-27 20:15:52.951 26164 26187 I PerfettoCapture: Perfetto tracing started successfully with pid 30374.
04-27 20:15:52.976  5429  5488 W libprocessgroup: Failed to open /dev/blkio//cgroup.procs: No such file or directory
04-27 20:15:52.977  5429  5488 W libprocessgroup: Failed to open /dev/blkio//cgroup.procs: No such file or directory
04-27 20:15:53.029  6734 30347 I NetworkScheduler.Stats: Task com.google.android.gms/com.google.android.gms.stats.PlatformStatsCollectorService finished executing. cause:5 result: 1 elapsed_millis: 1118 uptime_millis: 1118 exec_start_elapsed_seconds: 28891 [CONTEXT service_id=218 ]
04-27 20:15:53.058 26164 26187 I PerfettoCapture: /sys/kernel/tracing/tracing_on = 1, polled 0 times, capture fully started
04-27 20:15:53.211 26164 26187 D Benchmark: Set 26187 (Bench thread) to priority -20. Was -8, now -20
04-27 20:15:53.211 26164 26187 D Benchmark: Set 26172 (Jit) to priority -15. Was 9, now -15
04-27 20:15:53.243 26164 26187 I _benchmark.test: Explicit concurrent copying GC freed 445277(7533KB) AllocSpace objects, 1(20KB) LOS objects, 67% free, 2942KB/9086KB, paused 286us,53us total 31.063ms
04-27 20:15:53.468  5429  5488 W libprocessgroup: Failed to open /dev/blkio//cgroup.procs: No such file or directory
04-27 20:15:53.770  5429  7411 D SemWifiUsabilityStatsMonitor: onWifiUsabilityStats - seqNum 3792, isSameBssidAndFreq true
04-27 20:15:53.775  5429  5717 I SemWifiLinkQualityMonitor: Link Qos Query: 0.111 ms / 72.000 Mbps (72 / 0.000 / 1.000)
04-27 20:15:55.395  5878  5878 D SecPowerUI.Notification: showChargingNotice oldChargingType : 11 / currentChargingType : 11, oldChargingTime : 2725000 / mChargingTime : 2725000
04-27 20:15:55.395  5878  5878 D SecPowerUI.Notification: There is no change about charging status, so return!
04-27 20:15:55.852 30307 30315 W android.dqagent: Suspending all threads took: 10.726ms
04-27 20:15:56.801  5429  7411 D SemWifiUsabilityStatsMonitor: onWifiUsabilityStats - seqNum 3793, isSameBssidAndFreq true
04-27 20:15:56.804  5429  5717 I SemWifiLinkQualityMonitor: Link Qos Query: 0.111 ms / 72.000 Mbps (72 / 0.000 / 1.000)
04-27 20:15:59.844  5429  7411 D SemWifiUsabilityStatsMonitor: onWifiUsabilityStats - seqNum 3794, isSameBssidAndFreq true
04-27 20:15:59.849  5429  5717 I SemWifiLinkQualityMonitor: Link Qos Query: 0.111 ms / 72.000 Mbps (72 / 0.000 / 1.000)
04-27 20:15:59.849  5878  5878 D NetworkController.WifiSignalController: notifyListener: visible=true, connected=true, inetCondition=1, isDefault=true, wifiTestReported=true, receivedInetCondition=-1, hideDuringMobileSwitching=false
04-27 20:15:59.853  5878  6043 D Tile.WifiTile: handleUpdateState isTransient=false transientEnabling =false cb.isTransient=false state.state = 2 mStateBeforeClick.value =false enabled =true
04-27 20:16:00.011  5878  5878 D KeyguardUpdateMonitor: received broadcast android.intent.action.TIME_TICK
04-27 20:16:00.023  5878  6453 D QSClockBellTower: onReceive(android.intent.action.TIME_TICK) mTimeZoneString:null
04-27 20:16:00.025  5878  5878 D KeyguardUpdateMonitor: handleTimeUpdate
04-27 20:16:00.028  5878  5878 D FaceWidgetPagesController: onTimeChanged()
04-27 20:16:00.039  5878  5878 D QSClockBellTower: He is ready to ring the bell. (((QSClockBellSound - TimeText:20:16, TimeContentDescription:20:16, DateText:Thu, 27 April, ShortDateText:Thu, 27 Apr, Demo:false, QuickStar-Second(false|12:34:56))))
04-27 20:16:00.040  5878  5878 D QSClockIndicatorView: Home Indicator status_bar_clock 20:16 notifyTimeChanged(QSClockBellSound - TimeText:20:16, TimeContentDescription:20:16, DateText:Thu, 27 April, ShortDateText:Thu, 27 Apr, Demo:false, QuickStar-Second(false|12:34:56)) ClockVisibleByPolicy:true, ClockVisibleByUser:true, visible?false, parent:android.widget.LinearLayout{fc169f7 V.E...... ........ 0,0-0,55 #7f0b04f0 app:id/left_clock_container}
04-27 20:16:00.041  5878  5878 D QSClockBellTower: Everyone heard the bell. run(currentTime:1682619360036,   getTime():Thu Apr 27 20:16:00 GMT+02:00 2023,   getTimeZone():libcore.util.ZoneInfo[mDstSavings=3600000,mUseDst=true,mDelegate=[id="Europe/Belgrade",mRawOffset=3600000,mEarliestRawOffset=4920000,transitions=119]])
04-27 20:16:00.055  5878  5878 I FaceWidgetPositionAlgorithm: getClockContainerHeight() supplier = 270, bottom margin = 0, real height = 333
04-27 20:16:00.055  5878  5878 I FaceWidgetPositionAlgorithm: getClockContainerHeight() supplier = 270, bottom margin = 63, real height = 333
04-27 20:16:00.056  5878  5878 I FaceWidgetPositionAlgorithm: getMediaContainerHeight() height = 0 container Visibility = 8, isValid = false, mIsDozing = false, fraction = 1.0, source = 0, target = 0
04-27 20:16:00.056  5878  5878 I FaceWidgetPositionAlgorithm: getMediaContainerHeight() supplier = 0
04-27 20:16:00.060  5878  5878 V QsExpandAnimator: setQsExpansionPosition 0.0
04-27 20:16:00.069  5878  5878 V QsExpandAnimator: updateAnimators
04-27 20:16:00.069  5878  5878 V QsExpandAnimator: clearAnimationState
04-27 20:16:00.070  5878  5878 V QsExpandAnimator: updateViews
04-27 20:16:00.073  5878  5878 V QsExpandAnimator: updateTileAnimator
04-27 20:16:00.076  5878  5878 V QsExpandAnimator: updateHeaderAnimator
04-27 20:16:00.077  5878  5878 V QsExpandAnimator: updateBarAnimator
04-27 20:16:00.077  5878  5878 V QsExpandAnimator: setQsExpansionPosition 0.0
04-27 20:16:00.077  5878  5878 V QsExpandAnimator: onAnimationAtStart
04-27 20:16:00.397  5067  5067 E sehhealth-service: Could not open /sys/class/power_supply/battery/lrp
04-27 20:16:00.400  5429  5429 D PhoneWindowManagerExt: ACTION_BATTERY_CHANGED - Level=71, status=2
04-27 20:16:00.403  5429  5602 D MotionRecognitionService: [SAR]  onReceive : ACTION_BATTERY_CHANGED, Plugged: 2
04-27 20:16:00.417  5429  5429 D SemWifiApBroadcastReceiver: Received : android.intent.action.BATTERY_CHANGED
04-27 20:16:00.419  5787  5787 D SemBigDataInfoController: Intent: android.intent.action.BATTERY_CHANGED
04-27 20:16:00.421  5787  5787 D SemBigDataInfoController: Intent: android.intent.action.BATTERY_CHANGED
04-27 20:16:00.422  5878  5878 I PowerUI : mBootCompleted = true |  mFullyConnected = true
04-27 20:16:00.423  5878  5878 W PowerUI : Plug reason
04-27 20:16:00.423  5878  5878 W PowerUI : Skip charging animation - by plug status
04-27 20:16:00.423  5878  5878 D PowerUI : priorPlugType = 2 mPlugType = 2 priorBatteryStatus = 2 mBatteryStatus = 2
04-27 20:16:00.423  5878  5878 W PowerUI : Plug reason
04-27 20:16:00.423  5878  5878 W PowerUI : Skip charging sound - by plug status
04-27 20:16:00.423  5878  5878 I PowerUI : oldMisalign : false, curMisalign : false
04-27 20:16:00.424  5878  6757 D SecPowerUI.Notification: dismissing low battery warning: level=71
04-27 20:16:00.425  5878  6757 D SecPowerUI.Notification: updateNotification mWarning=false mPlaySound=false
04-27 20:16:00.425  5878  6757 D SecPowerUI.Notification: SecBatteryStatsSnapshot{batteryLevel=71, currentBatteryMode=0, chargingTime=2725000, chargingType=11, batteryHealth=2, automaticTestMode=false, isHiccupState=false}
04-27 20:16:00.427  5878  6757 D SecPowerUI.Notification: 1. restoreScreenTimeOut - saved_value : :
04-27 20:16:00.427  5878  6757 E SecPowerUI.Notification: no saved value, so we do nothing !!
04-27 20:16:00.428  5878  5878 D SecPowerUI.Notification: showChargingNotice oldChargingType : 11 / currentChargingType : 11, oldChargingTime : 2725000 / mChargingTime : 2725000
04-27 20:16:00.428  5878  5878 D SecPowerUI.Notification: There is no change about charging status, so return!
04-27 20:16:00.428  5878  5878 D PowerUI : Battery swelling mode - priorBatterySwellingMode = 0 mBatterySwellingMode = 0 mBatteryStatus = 2
04-27 20:16:00.428  5878  5878 I PowerUI : mBatteryMiscEvent = 65536
04-27 20:16:00.429  5878  5878 D KeyguardUpdateMonitor: received broadcast android.intent.action.BATTERY_CHANGED
04-27 20:16:00.429  5878  5878 D SamsungBatteryMeterDrawable: onBatteryLevelChanged isSomethingChanged: false
04-27 20:16:00.435  5878  5878 D SamsungBatteryMeterDrawable: onBatteryLevelChanged isSomethingChanged: false
04-27 20:16:00.435  5878  5878 D SamsungBatteryMeterDrawable: onBatteryLevelChanged isSomethingChanged: false
04-27 20:16:00.435  5878  5878 D SamsungBatteryMeterDrawable: onBatteryLevelChanged isSomethingChanged: false
04-27 20:16:00.436  5878  5878 I AODBatteryManager: updateBatteryData: ACTION_BATTERY_CHANGED
04-27 20:16:00.437  5878  5878 I AODBatteryManager: saveBatteryData : AOD BatteryData [mBatteryLevel=71, mBatteryStatus=CHARGING, mBatteryPlugType=USB, mBatteryPlugged=true, mRemainingChargeTime=2725000, mBatteryChargingType=2, mBatteryChargerType=FAST, mBatteryOnline=NOT_DEFINED, mBatterySwellingMode=NONE, mBatteryProtectMode=false]
04-27 20:16:00.437  5878  5878 D KeyguardUpdateMonitor: handleBatteryUpdate
04-27 20:16:00.544  5429  5488 W libprocessgroup: Failed to open /dev/blkio//cgroup.procs: No such file or directory
04-27 20:16:00.581  5429  5488 W libprocessgroup: Failed to open /dev/blkio//cgroup.procs: No such file or directory
04-27 20:16:00.601 26084 26084 I SCS@AiSearch user 0: (ObserverWorker::AOSP_MP) [main] entering in startWork():
04-27 20:16:00.601 26084 26084 I SCS@AiSearch user 0: (BaseCollector::AOSP_MP) [main] entering in onChange():
04-27 20:16:00.603 26084 26142 I SCS@AiSearch user 0: (BaseCollector::AOSP_MP) [AOSP_MP-0] entering in collectChanges():
04-27 20:16:00.619  5429  8538 D PackageManager: setEnabledSetting : userId = 0 packageName = com.samsung.android.scs cmp = androidx.work.impl.background.systemalarm.RescheduleReceiver newState = 1 callingPackage = 10380/com.samsung.android.scs
04-27 20:16:00.620  5429  8538 D ApplicationPolicy: getApplicationStateEnabled : pkg = com.samsung.android.scs userId : 0
04-27 20:16:00.621  5429  8538 D ApplicationPolicy: getApplicationComponentState : pkg = com.samsung.android.scs userId : 0
04-27 20:16:00.680 26084 26142 I SCS@AiSearch user 0: (BaseCollector::AOSP_MP) fetchInternal values : maxSyncId: 1000008086 indexCount: 1705 sourceCount: 1705
04-27 20:16:00.757 26084 26142 I SCS@AiSearch user 0: (IndexManager) [AOSP_MP-0] entering in addIndex():
04-27 20:16:00.763 26084 26142 I SCS@AiSearch user 0: (BaseCollector::AOSP_MP) fetch: fetching took  113 ms
04-27 20:16:00.763 26084 26142 I SCS@AiSearch user 0: (BaseCollector::AOSP_MP) fetchChanges: applied 0 items
04-27 20:16:00.764 26084 26142 I SCS@AiSearch user 0: (BaseCollector::AOSP_MP) Collect finished. Result: true
04-27 20:16:00.767 26084 26138 I WM-WorkerWrapper: Worker result SUCCESS for Work [ id=13a0ea8d-8f99-4bbf-a4a9-4e44faa74b0d, tags={ com.sec.android.app.myfiles, com.samsung.android.scs.ai.search.data.collector.ObserverWorker } ]
04-27 20:16:00.780 26084 26142 I SCS@AiSearch user 0: (BaseCollector::AOSP_MP) enqueue ObserverWorker name: com.sec.android.app.myfiles, policy: APPEND_OR_REPLACE
04-27 20:16:00.814  5429  8531 D PackageManager: setEnabledSetting : userId = 0 packageName = com.samsung.android.scs cmp = androidx.work.impl.background.systemalarm.RescheduleReceiver newState = 1 callingPackage = 10380/com.samsung.android.scs
04-27 20:16:00.815  5429  8531 D ApplicationPolicy: getApplicationStateEnabled : pkg = com.samsung.android.scs userId : 0
04-27 20:16:00.817  5429  8531 D ApplicationPolicy: getApplicationComponentState : pkg = com.samsung.android.scs userId : 0
04-27 20:16:02.015  5095  5095 I SurfaceFlinger: SFWD update time=21671208113190
04-27 20:16:02.866  5429  7411 D SemWifiUsabilityStatsMonitor: onWifiUsabilityStats - seqNum 3795, isSameBssidAndFreq true
04-27 20:16:02.869  5878  5878 D NetworkController.WifiSignalController: notifyListener: visible=true, connected=true, inetCondition=1, isDefault=true, wifiTestReported=true, receivedInetCondition=-1, hideDuringMobileSwitching=false
04-27 20:16:02.871  5878  6043 D Tile.WifiTile: handleUpdateState isTransient=false transientEnabling =false cb.isTransient=false state.state = 2 mStateBeforeClick.value =false enabled =true
04-27 20:16:02.872  5429  5717 I SemWifiLinkQualityMonitor: Link Qos Query: 0.111 ms / 72.000 Mbps (72 / 0.000 / 1.000)
04-27 20:16:03.182  5429  5705 I ChimeraAggressivePolicyHandler: executePolicy() - triggerSource: TRIGGER_SOURCE_LMKD
04-27 20:16:03.184  5429  5705 I ChimeraAggressivePolicyHandler: available memory: 943360, free memory target: 870400, quit chimera
04-27 20:16:05.435  5878  5878 D SecPowerUI.Notification: showChargingNotice oldChargingType : 11 / currentChargingType : 11, oldChargingTime : 2725000 / mChargingTime : 2725000
04-27 20:16:05.436  5878  5878 D SecPowerUI.Notification: There is no change about charging status, so return!
04-27 20:16:05.892  5429  7411 D SemWifiUsabilityStatsMonitor: onWifiUsabilityStats - seqNum 3796, isSameBssidAndFreq true
04-27 20:16:05.895  5429  5717 I SemWifiLinkQualityMonitor: Link Qos Query: 0.111 ms / 72.000 Mbps (72 / 0.000 / 1.000)
04-27 20:16:05.897  5878  5878 D NetworkController.WifiSignalController: notifyListener: visible=true, connected=true, inetCondition=1, isDefault=true, wifiTestReported=true, receivedInetCondition=-1, hideDuringMobileSwitching=false
04-27 20:16:05.900  5878  6043 D Tile.WifiTile: handleUpdateState isTransient=false transientEnabling =false cb.isTransient=false state.state = 2 mStateBeforeClick.value =false enabled =true
04-27 20:16:06.101  5429  5665 D ConnectivityService: reportNetworkActive, notify 0 listeners
04-27 20:16:08.936  5429  7411 D SemWifiUsabilityStatsMonitor: onWifiUsabilityStats - seqNum 3797, isSameBssidAndFreq true
04-27 20:16:08.941  5429  5717 I SemWifiLinkQualityMonitor: Link Qos Query: 0.111 ms / 72.000 Mbps (72 / 0.000 / 1.000)
04-27 20:16:10.416  5067  5067 E sehhealth-service: Could not open /sys/class/power_supply/battery/lrp
04-27 20:16:10.419  5429  5429 D PhoneWindowManagerExt: ACTION_BATTERY_CHANGED - Level=71, status=2
04-27 20:16:10.422  5429  5429 D SemWifiApBroadcastReceiver: Received : android.intent.action.BATTERY_CHANGED
04-27 20:16:10.423  5787  5787 D SemBigDataInfoController: Intent: android.intent.action.BATTERY_CHANGED
04-27 20:16:10.425  5429  5602 D MotionRecognitionService: [SAR]  onReceive : ACTION_BATTERY_CHANGED, Plugged: 2
04-27 20:16:10.428  5787  5787 D SemBigDataInfoController: Intent: android.intent.action.BATTERY_CHANGED
04-27 20:16:10.428  5878  5878 I PowerUI : mBootCompleted = true |  mFullyConnected = true
04-27 20:16:10.429  5878  5878 W PowerUI : Plug reason
04-27 20:16:10.429  5878  5878 W PowerUI : Skip charging animation - by plug status
04-27 20:16:10.429  5878  5878 D PowerUI : priorPlugType = 2 mPlugType = 2 priorBatteryStatus = 2 mBatteryStatus = 2
04-27 20:16:10.429  5878  5878 W PowerUI : Plug reason
04-27 20:16:10.429  5878  5878 W PowerUI : Skip charging sound - by plug status
04-27 20:16:10.429  5878  5878 I PowerUI : oldMisalign : false, curMisalign : false
04-27 20:16:10.432  5878  7399 D SecPowerUI.Notification: dismissing low battery warning: level=71
04-27 20:16:10.432  5878  7399 D SecPowerUI.Notification: updateNotification mWarning=false mPlaySound=false
04-27 20:16:10.432  5878  7399 D SecPowerUI.Notification: SecBatteryStatsSnapshot{batteryLevel=71, currentBatteryMode=0, chargingTime=2725000, chargingType=11, batteryHealth=2, automaticTestMode=false, isHiccupState=false}
04-27 20:16:10.439  5878  7399 D SecPowerUI.Notification: 1. restoreScreenTimeOut - saved_value : :
04-27 20:16:10.440  5878  7399 E SecPowerUI.Notification: no saved value, so we do nothing !!
04-27 20:16:10.441  5878  5878 D SecPowerUI.Notification: showChargingNotice oldChargingType : 11 / currentChargingType : 11, oldChargingTime : 2725000 / mChargingTime : 2718000
04-27 20:16:10.441  5878  5878 D SecPowerUI.Notification: showChargingNotification()
04-27 20:16:10.441  5878  5878 D SecPowerUI.Notification: SecBatteryStatsSnapshot{batteryLevel=71, currentBatteryMode=0, chargingTime=2718000, chargingType=11, batteryHealth=2, automaticTestMode=false, isHiccupState=false}
04-27 20:16:10.446  5429  5835 D ApplicationPolicy: isStatusBarNotificationAllowedAsUser: packageName = com.android.systemui,userId = 0
04-27 20:16:10.446  5429  5835 D ApplicationPolicy: isStatusBarNotificationAllowedAsUser: packageName = com.android.systemui,userId = -1
04-27 20:16:10.446  5429  5835 D ApplicationPolicy: isStatusBarNotificationAllowedAsUser: converting userId from USER_ALLto 0
04-27 20:16:10.448  5878  5878 D PowerUI : Battery swelling mode - priorBatterySwellingMode = 0 mBatterySwellingMode = 0 mBatteryStatus = 2
04-27 20:16:10.449  5878  5878 I PowerUI : mBatteryMiscEvent = 65536
04-27 20:16:10.449  5878  5878 D KeyguardUpdateMonitor: received broadcast android.intent.action.BATTERY_CHANGED
04-27 20:16:10.450  5878  5878 D SamsungBatteryMeterDrawable: onBatteryLevelChanged isSomethingChanged: false
04-27 20:16:10.450  5878  5878 D SamsungBatteryMeterDrawable: onBatteryLevelChanged isSomethingChanged: false
04-27 20:16:10.451  5878  5878 D SamsungBatteryMeterDrawable: onBatteryLevelChanged isSomethingChanged: false
04-27 20:16:10.452  5878  5878 D SamsungBatteryMeterDrawable: onBatteryLevelChanged isSomethingChanged: false
04-27 20:16:10.453  5878  5878 I AODBatteryManager: updateBatteryData: ACTION_BATTERY_CHANGED
04-27 20:16:10.456  5878  5878 I AODBatteryManager: saveBatteryData : AOD BatteryData [mBatteryLevel=71, mBatteryStatus=CHARGING, mBatteryPlugType=USB, mBatteryPlugged=true, mRemainingChargeTime=2718000, mBatteryChargingType=2, mBatteryChargerType=FAST, mBatteryOnline=NOT_DEFINED, mBatterySwellingMode=NONE, mBatteryProtectMode=false]
04-27 20:16:10.456  5878  5878 I ChargingInfoManager: updateChargingInfo: newState = AOD ChargingInfo [mState=BATTERY_AND_REMAIN_TIME, mIsCharging=true, mIsFullyCharged=false, mIsBatteryProtectMode=false], oldState = AOD ChargingInfo [mState=BATTERY_AND_REMAIN_TIME, mIsCharging=true, mIsFullyCharged=false, mIsBatteryProtectMode=false]
04-27 20:16:10.458  5878  5878 D KeyguardUpdateMonitor: handleBatteryUpdate
04-27 20:16:10.465  5878  5878 D KeyguardSecIndicationController: addIndicationTimeout() returned - unlocking
04-27 20:16:10.465  5878  5878 D KeyguardSecIndicationController: addIndication() returned - unlocking
04-27 20:16:10.466  5878  5878 D KeyguardSecIndicationPolicy:  remove Item pos = DEFAULT, type =           OWNER_INFO
04-27 20:16:10.466  5878  5878 D KeyguardSecIndicationController: addBatteryAndOwnerInfoIndication() battery status = BatteryStatus{status=2,level=71,plugged=2,health=2,maxChargingWattage=-1,remaining=2718000ultraFastCharger=1}
04-27 20:16:10.466  5878  5878 I ChargingInfoView: handleMessage: MSG_SHOW_CHARGING_INFO
04-27 20:16:10.466  5878  5878 I ChargingInfoView: updateContents: BATTERY_AND_REMAIN_TIME
04-27 20:16:10.466  5878  5878 I ChargingInfoView: handleMessage: MSG_SHOW_CHARGING_INFO
04-27 20:16:10.466  5878  5878 I ChargingInfoView: updateContents: BATTERY_AND_REMAIN_TIME
04-27 20:16:10.689  6323  6323 I Launcher.NotificationListener: onNotificationPosted : com.android.systemui number : 0
04-27 20:16:10.690  9209  9748 I NotificationPipeline: Processing new notification: -1|com.android.systemui|2131428972|charging_state|10054
04-27 20:16:10.690  9209  9748 W Notification4Heart_NB: NotificationBridgeCallback.onNotificationPosted-Ignored package : [-1] com.android.systemui
04-27 20:16:10.690  5785  5785 I FreeformContainer: [SmartPopupViewService] onNotificationPosted: StatusBarNotification(pkg=com.android.systemui user=UserHandle{-1} id=2131428972 tag=charging_state key=-1|com.android.systemui|2131428972|charging_state|10054: Notification(channel=CHR shortcut=null contentView=null vibrate=null sound=null defaults=0x0 flags=0xa color=0xff5075a1 category=sys groupKey=CHARGING vis=PUBLIC semFlags=0x0 semPriority=0 semMissedCount=0))
04-27 20:16:10.690  5785  5785 V FreeformContainer: [SmartPopupViewService] isSmartPopupViewTarget: com.android.systemui is not enabled
04-27 20:16:10.702  5878  5878 D PluginAODManager: onNotificationInfoUpdated() 0
04-27 20:16:10.703  5878  5878 I AODNotificationManager: updateVisibleNotifications: 0
04-27 20:16:10.703  5878  5878 I a       : updateStatusBarNotifications: open
04-27 20:16:10.703  5878  5878 I a       : updateStatusBarNotifications: open
04-27 20:16:10.887  5878  5878 D BubblesManager: onEntryUpdated : shouldBubbleUp=false ,key=-1|com.android.systemui|2131428972|charging_state|10054
04-27 20:16:10.920  5878  5878 I FaceWidgetPositionAlgorithm: getClockContainerHeight() supplier = 270, bottom margin = 0, real height = 333
04-27 20:16:10.920  5878  5878 I FaceWidgetPositionAlgorithm: getClockContainerHeight() supplier = 270, bottom margin = 63, real height = 333
04-27 20:16:10.921  5878  5878 I FaceWidgetPositionAlgorithm: getMediaContainerHeight() height = 0 container Visibility = 8, isValid = false, mIsDozing = false, fraction = 1.0, source = 0, target = 0
04-27 20:16:10.921  5878  5878 I FaceWidgetPositionAlgorithm: getMediaContainerHeight() supplier = 0
04-27 20:16:10.934  5878  5878 D PluginAODManager: onNotificationInfoUpdated() 0
04-27 20:16:10.935  5878  5878 I AODNotificationManager: updateVisibleNotifications: 0
04-27 20:16:10.935  5878  5878 I a       : updateStatusBarNotifications: open
04-27 20:16:10.935  5878  5878 I a       : updateStatusBarNotifications: open
04-27 20:16:10.966  5878  5878 I FaceWidgetPositionAlgorithm: getClockContainerHeight() supplier = 270, bottom margin = 0, real height = 333
04-27 20:16:10.967  5878  5878 I FaceWidgetPositionAlgorithm: getClockContainerHeight() supplier = 270, bottom margin = 63, real height = 333
04-27 20:16:10.967  5878  5878 I FaceWidgetPositionAlgorithm: getMediaContainerHeight() height = 0 container Visibility = 8, isValid = false, mIsDozing = false, fraction = 1.0, source = 0, target = 0
04-27 20:16:10.967  5878  5878 I FaceWidgetPositionAlgorithm: getMediaContainerHeight() supplier = 0
04-27 20:16:11.021  5878  5878 I FaceWidgetPositionAlgorithm: getClockContainerHeight() supplier = 270, bottom margin = 0, real height = 333
04-27 20:16:11.021  5878  5878 I FaceWidgetPositionAlgorithm: getClockContainerHeight() supplier = 270, bottom margin = 63, real height = 333
04-27 20:16:11.021  5878  5878 I FaceWidgetPositionAlgorithm: getMediaContainerHeight() height = 0 container Visibility = 8, isValid = false, mIsDozing = false, fraction = 1.0, source = 0, target = 0
04-27 20:16:11.021  5878  5878 I FaceWidgetPositionAlgorithm: getMediaContainerHeight() supplier = 0
04-27 20:16:11.026  5878  5878 D PluginAODManager: onNotificationInfoUpdated() 0
04-27 20:16:11.026  5878  5878 I AODNotificationManager: updateVisibleNotifications: 0
04-27 20:16:11.026  5878  5878 I a       : updateStatusBarNotifications: open
04-27 20:16:11.026  5878  5878 I a       : updateStatusBarNotifications: open
04-27 20:16:11.957  5429  7411 D SemWifiUsabilityStatsMonitor: onWifiUsabilityStats - seqNum 3798, isSameBssidAndFreq true
04-27 20:16:11.959  5429  5717 I SemWifiLinkQualityMonitor: Link Qos Query: 0.111 ms / 72.000 Mbps (72 / 0.000 / 1.000)
04-27 20:16:11.959  5878  5878 D NetworkController.WifiSignalController: notifyListener: visible=true, connected=true, inetCondition=1, isDefault=true, wifiTestReported=true, receivedInetCondition=-1, hideDuringMobileSwitching=false
04-27 20:16:11.960  5878  6043 D Tile.WifiTile: handleUpdateState isTransient=false transientEnabling =false cb.isTransient=false state.state = 2 mStateBeforeClick.value =false enabled =true
04-27 20:16:15.000  5429  7411 D SemWifiUsabilityStatsMonitor: onWifiUsabilityStats - seqNum 3799, isSameBssidAndFreq true
04-27 20:16:15.003  5429  5717 I SemWifiLinkQualityMonitor: Link Qos Query: 0.111 ms / 72.000 Mbps (72 / 0.000 / 1.000)
04-27 20:16:15.004  5878  5878 D NetworkController.WifiSignalController: notifyListener: visible=true, connected=true, inetCondition=1, isDefault=true, wifiTestReported=true, receivedInetCondition=-1, hideDuringMobileSwitching=false
04-27 20:16:15.007  5878  6043 D Tile.WifiTile: handleUpdateState isTransient=false transientEnabling =false cb.isTransient=false state.state = 2 mStateBeforeClick.value =false enabled =true
04-27 20:16:15.452  5878  5878 D SecPowerUI.Notification: showChargingNotice oldChargingType : 11 / currentChargingType : 11, oldChargingTime : 2718000 / mChargingTime : 2718000
04-27 20:16:15.452  5878  5878 D SecPowerUI.Notification: There is no change about charging status, so return!
04-27 20:16:18.042  5429  7411 D SemWifiUsabilityStatsMonitor: onWifiUsabilityStats - seqNum 3800, isSameBssidAndFreq true
04-27 20:16:18.045  5429  5717 I SemWifiLinkQualityMonitor: Link Qos Query: 0.111 ms / 72.000 Mbps (72 / 0.000 / 1.000)
04-27 20:16:18.047  5878  5878 D NetworkController.WifiSignalController: notifyListener: visible=true, connected=true, inetCondition=1, isDefault=true, wifiTestReported=true, receivedInetCondition=-1, hideDuringMobileSwitching=false
04-27 20:16:18.049  5878  6043 D Tile.WifiTile: handleUpdateState isTransient=false transientEnabling =false cb.isTransient=false state.state = 2 mStateBeforeClick.value =false enabled =true
04-27 20:16:20.354  4899  4899 E audit   : type=1400 audit(1682619380.347:17839): avc:  denied  { getattr } for  pid=5429 comm="BinderProcsColl" path="/sys/kernel/debug/binder/proc/5429" dev="debugfs" ino=28624 scontext=u:r:system_server:s0 tcontext=u:object_r:sec_debugfs:s0 tclass=file permissive=0 SEPF_SM-A515F_13_0001 audit_filtered
04-27 20:16:20.354  4899  4899 E audit   : type=1300 audit(1682619380.347:17839): arch=c00000b7 syscall=79 success=no exit=-13 a0=ffffff9c a1=7770391100 a2=768437b680 a3=0 items=0 ppid=4924 pid=5429 auid=4294967295 uid=1000 gid=1000 euid=1000 suid=1000 fsuid=1000 egid=1000 sgid=1000 fsgid=1000 tty=(none) ses=4294967295 comm="BinderProcsColl" exe="/system/bin/app_process64" subj=u:r:system_server:s0 key=(null)
04-27 20:16:20.354  4899  4899 E audit   : type=1327 audit(1682619380.347:17839): proctitle="system_server"
04-27 20:16:20.458  5067  5067 E sehhealth-service: Could not open /sys/class/power_supply/battery/lrp
04-27 20:16:20.460  5429  5602 D MotionRecognitionService: [SAR]  onReceive : ACTION_BATTERY_CHANGED, Plugged: 2
04-27 20:16:20.466  5429  5429 D PhoneWindowManagerExt: ACTION_BATTERY_CHANGED - Level=71, status=2
04-27 20:16:20.467  5787  5787 D SemBigDataInfoController: Intent: android.intent.action.BATTERY_CHANGED
04-27 20:16:20.468  5787  5787 D SemBigDataInfoController: Intent: android.intent.action.BATTERY_CHANGED
04-27 20:16:20.468  5429  5429 D SemWifiApBroadcastReceiver: Received : android.intent.action.BATTERY_CHANGED
04-27 20:16:20.470  5878  5878 I PowerUI : mBootCompleted = true |  mFullyConnected = true
04-27 20:16:20.471  5878  5878 W PowerUI : Plug reason
04-27 20:16:20.471  5878  7746 D SecPowerUI.Notification: dismissing low battery warning: level=71
04-27 20:16:20.471  5878  7746 D SecPowerUI.Notification: updateNotification mWarning=false mPlaySound=false
04-27 20:16:20.471  5878  5878 W PowerUI : Skip charging animation - by plug status
04-27 20:16:20.471  5878  7746 D SecPowerUI.Notification: SecBatteryStatsSnapshot{batteryLevel=71, currentBatteryMode=0, chargingTime=2718000, chargingType=11, batteryHealth=2, automaticTestMode=false, isHiccupState=false}
04-27 20:16:20.472  5878  5878 D PowerUI : priorPlugType = 2 mPlugType = 2 priorBatteryStatus = 2 mBatteryStatus = 2
04-27 20:16:20.472  5878  5878 W PowerUI : Plug reason
04-27 20:16:20.472  5878  5878 W PowerUI : Skip charging sound - by plug status
04-27 20:16:20.472  5878  5878 I PowerUI : oldMisalign : false, curMisalign : false
04-27 20:16:20.483  5878  5878 D SecPowerUI.Notification: showChargingNotice oldChargingType : 11 / currentChargingType : 11, oldChargingTime : 2718000 / mChargingTime : 2718000
04-27 20:16:20.483  5878  5878 D SecPowerUI.Notification: There is no change about charging status, so return!
04-27 20:16:20.484  5878  5878 D PowerUI : Battery swelling mode - priorBatterySwellingMode = 0 mBatterySwellingMode = 0 mBatteryStatus = 2
04-27 20:16:20.484  5878  5878 I PowerUI : mBatteryMiscEvent = 65536
04-27 20:16:20.484  5878  5878 D KeyguardUpdateMonitor: received broadcast android.intent.action.BATTERY_CHANGED
04-27 20:16:20.484  5878  5878 D SamsungBatteryMeterDrawable: onBatteryLevelChanged isSomethingChanged: false
04-27 20:16:20.484  5878  7746 D SecPowerUI.Notification: 1. restoreScreenTimeOut - saved_value : :
04-27 20:16:20.485  5878  7746 E SecPowerUI.Notification: no saved value, so we do nothing !!
04-27 20:16:20.485  5878  5878 D SamsungBatteryMeterDrawable: onBatteryLevelChanged isSomethingChanged: false
04-27 20:16:20.485  5878  5878 D SamsungBatteryMeterDrawable: onBatteryLevelChanged isSomethingChanged: false
04-27 20:16:20.486  5878  5878 D SamsungBatteryMeterDrawable: onBatteryLevelChanged isSomethingChanged: false
04-27 20:16:20.487  5878  5878 I AODBatteryManager: updateBatteryData: ACTION_BATTERY_CHANGED
04-27 20:16:20.489  5878  5878 I AODBatteryManager: saveBatteryData : AOD BatteryData [mBatteryLevel=71, mBatteryStatus=CHARGING, mBatteryPlugType=USB, mBatteryPlugged=true, mRemainingChargeTime=2718000, mBatteryChargingType=2, mBatteryChargerType=FAST, mBatteryOnline=NOT_DEFINED, mBatterySwellingMode=NONE, mBatteryProtectMode=false]
04-27 20:16:20.489  5878  5878 D KeyguardUpdateMonitor: handleBatteryUpdate
04-27 20:16:21.057  5429  7411 D SemWifiUsabilityStatsMonitor: onWifiUsabilityStats - seqNum 3801, isSameBssidAndFreq true
04-27 20:16:21.061  5429  5717 I SemWifiLinkQualityMonitor: Link Qos Query: 0.111 ms / 72.000 Mbps (72 / 0.000 / 1.000)
04-27 20:16:21.918 11246 30513 I GmscoreIpa: Starting mediastore instant index [CONTEXT service_id=255 ]
04-27 20:16:24.099  5429  7411 D SemWifiUsabilityStatsMonitor: onWifiUsabilityStats - seqNum 3802, isSameBssidAndFreq true
04-27 20:16:24.105  5429  5717 I SemWifiLinkQualityMonitor: Link Qos Query: 0.111 ms / 72.000 Mbps (72 / 0.000 / 1.000)
04-27 20:16:24.105  5878  5878 D NetworkController.WifiSignalController: notifyListener: visible=true, connected=true, inetCondition=1, isDefault=true, wifiTestReported=true, receivedInetCondition=-1, hideDuringMobileSwitching=false
04-27 20:16:24.111  5878  6043 D Tile.WifiTile: handleUpdateState isTransient=false transientEnabling =false cb.isTransient=false state.state = 2 mStateBeforeClick.value =false enabled =true
04-27 20:16:25.489  5878  5878 D SecPowerUI.Notification: showChargingNotice oldChargingType : 11 / currentChargingType : 11, oldChargingTime : 2718000 / mChargingTime : 2718000
04-27 20:16:25.489  5878  5878 D SecPowerUI.Notification: There is no change about charging status, so return!
04-27 20:16:27.132  5429  7411 D SemWifiUsabilityStatsMonitor: onWifiUsabilityStats - seqNum 3803, isSameBssidAndFreq true
04-27 20:16:27.135  5429  5717 I SemWifiLinkQualityMonitor: Link Qos Query: 0.111 ms / 72.000 Mbps (72 / 0.000 / 1.000)
04-27 20:16:27.244  5429 30536 D TrafficStats: tagSocket(831) with statsTag=0xffffffff, statsUid=-1
04-27 20:16:27.249  5429 30536 D TrafficStats: tagSocket(854) with statsTag=0xffffffff, statsUid=-1
04-27 20:16:27.456  5429 30536 D WifiConnectivityMonitor.DnsThread:  [|212] []
04-27 20:16:27.457  5429  5738 D WifiConnectivityMonitor.NetworkStatsAnalyzer: DNS resultType : 0, responseTime : 212
04-27 20:16:27.459  5429  5736 D OpenNetworkQos[4.00]: updateBssidLatestDnsResultType - result: 0
04-27 20:16:27.459  5429  5736 D OpenNetworkQos[4.00]: updateBssidNoInternet: mBssidNoInternet = false
04-27 20:16:27.459  5429  5736 D OpenNetworkQos[4.00]: getOpenNetworkQosNoInternetStatus: false
04-27 20:16:27.459  5429  5736 D OpenNetworkQos[4.00]: getOpenNetworkQosScores: 26 25 0
04-27 20:16:27.459  5429  5736 I WifiProfileShare: network QoS data was changed (internet), updateQoSData networkType: true, qosData: false
04-27 20:16:27.460  5429  7167 V WifiProfileShare.Caster: update wips network, size: 0
04-27 20:16:27.460  5429  7167 D WifiProfileShare: nearby scanning settings run
04-27 20:16:27.460  5429  7167 D WifiProfileShare: network score provider settings enabled
04-27 20:16:27.460  5429  7167 D OpenNetworkQos[4.00]: getOpenNetworkQosScores: 26 25 0
04-27 20:16:27.460  5429  7167 D OpenNetworkQos[4.00]: getOpenNetworkQosNoInternetStatus: false
04-27 20:16:27.460  5429  7167 I WifiProfileShare.Caster: current network type: 0, score: [26, 25, 0]
04-27 20:16:27.461  5429  7167 V WifiProfileShare.Cache: update network score 0c:8d:db:**:**:7d
04-27 20:16:27.462  5429  7167 D WifiProfileShare.ScanMatcher: getMcfDataList size:20
04-27 20:16:27.462  5429  7167 I WifiProfileShare.Caster: qos data was updated , before:type:QOS, pBssid:e8:51:71, qosData:78 after:type:QOS, pBssid:e8:51:71, qosData:78
04-27 20:16:27.464  5429  7167 I [MCFSDK_android_1.2.4010]_4_b: isNetworkEnabled - type : 1 ret : true
04-27 20:16:27.464  5429  7167 D WifiProfileShare.McfCast: -ME--- mIsNetworkEnabled :true
04-27 20:16:27.464  5429  7167 D WifiProfileShare.McfCast: updateQoSData ignored, same contents
04-27 20:16:27.464  5429  7167 D WifiProfileShare.MCF: success update QosData !
04-27 20:16:27.465  5429  7167 I [MCFSDK_android_1.2.4010]_4_b: isNetworkEnabled - type : 1 ret : true
04-27 20:16:27.465  5429  7167 D WifiProfileShare.McfCast: -ME--- mIsNetworkEnabled :true
04-27 20:16:27.466  5429  7167 D WifiProfileShare.McfCast: -ME--- updatePasswordDate pwdData size:20
04-27 20:16:28.057  6865  8672 I ContactsProvider_EventLog: cp_s: [CONTACT con(156) dat(1077) acc({sim(3)=15, sec(6)=1, sim2(4)=1, google(2)=81, org.telegram.messenger(236)=99, com.whatsapp(14)=39}) calls([logtype:100 cnt:867, logtype:200 cnt:5, logtype:300 cnt:495, logtype:1000 cnt:608, logtype:1150 cnt:161]) Iso(RS) uId(0) ]
04-27 20:16:28.057  6865  8672 I ContactsProvider_EventLog: cp_s: [ agr({[2 ,2 ,14 ,236]=1, [2 ,14 ,236]=32, [3]=15, [14]=1, [4]=1, [2 ,14]=4, [2 ,2]=2, [2]=33, [6 ,14]=1, [2 ,236]=6, [236]=60}) ]
04-27 20:16:28.057  6865  8672 I ContactsProvider_EventLog: cp_s: [ cnt({acore(6865)=1}) ]
04-27 20:16:28.057  6865  8672 I ContactsProvider_EventLog: cp_s: [PROFILE con(1) dat(1) acc({vnd.sec.contact.phone=1}) ] [SAPROFILE ]
04-27 20:16:28.057  6865  8672 I ContactsProvider_EventLog: cp_s: [STATE R(T) ]
04-27 20:16:28.779 26164 26187 D Benchmark: timeNs[ 0:10]: 434270807 432851538 449624038 433157730 444931346 430021077 428874308 453737962 449209499 433892807
04-27 20:16:28.779 26164 26187 D Benchmark: timeNs[10:20]: 436752231 437328115 440580769 445887269 437405885 440617422 449416154 438541730 447293846 431240884
04-27 20:16:28.779 26164 26187 D Benchmark: timeNs[20:30]: 435423077 444714692 446672731 443777115 432557885 427744000 445626654 437256076 447770038 437863115
04-27 20:16:28.779 26164 26187 D Benchmark: timeNs[30:40]: 436668461 450723731 446116192 444634308 432396307 445273807 441340500 435277615 441802269 441447423
04-27 20:16:28.779 26164 26187 D Benchmark: timeNs[40:50]: 431302076 460101769 431130038 439814346 458200230 445253692 445233307 436208769 430861077 437137154
04-27 20:16:28.845  5429  5705 I ChimeraAggressivePolicyHandler: executePolicy() - triggerSource: TRIGGER_SOURCE_LMKD
04-27 20:16:28.848  5429  5705 I ChimeraAggressivePolicyHandler: available memory: 929864, free memory target: 870400, quit chimera
04-27 20:16:29.610 26164 26187 W _benchmark.test: Suspending all threads took: 6.168ms
04-27 20:16:30.167  5429  7411 D SemWifiUsabilityStatsMonitor: onWifiUsabilityStats - seqNum 3804, isSameBssidAndFreq true
04-27 20:16:30.172  5429  5717 I SemWifiLinkQualityMonitor: Link Qos Query: 0.111 ms / 72.000 Mbps (72 / 0.000 / 1.000)
04-27 20:16:30.489  5067  5067 E sehhealth-service: Could not open /sys/class/power_supply/battery/lrp
04-27 20:16:30.492  5429  5602 D MotionRecognitionService: [SAR]  onReceive : ACTION_BATTERY_CHANGED, Plugged: 2
04-27 20:16:30.494  5429  5429 D PhoneWindowManagerExt: ACTION_BATTERY_CHANGED - Level=71, status=2
04-27 20:16:30.499  5787  5787 D SemBigDataInfoController: Intent: android.intent.action.BATTERY_CHANGED
04-27 20:16:30.499  5429  5429 D SemWifiApBroadcastReceiver: Received : android.intent.action.BATTERY_CHANGED
04-27 20:16:30.500  5787  5787 D SemBigDataInfoController: Intent: android.intent.action.BATTERY_CHANGED
04-27 20:16:30.502  5878  5878 I PowerUI : mBootCompleted = true |  mFullyConnected = true
04-27 20:16:30.502  5878  5878 W PowerUI : Plug reason
04-27 20:16:30.502  5878  5878 W PowerUI : Skip charging animation - by plug status
04-27 20:16:30.502  5878  5878 D PowerUI : priorPlugType = 2 mPlugType = 2 priorBatteryStatus = 2 mBatteryStatus = 2
04-27 20:16:30.502  5878  5878 W PowerUI : Plug reason
04-27 20:16:30.502  5878  5878 W PowerUI : Skip charging sound - by plug status
04-27 20:16:30.503  5878  5878 I PowerUI : oldMisalign : false, curMisalign : false
04-27 20:16:30.504  5878  7763 D SecPowerUI.Notification: dismissing low battery warning: level=71
04-27 20:16:30.504  5878  7763 D SecPowerUI.Notification: updateNotification mWarning=false mPlaySound=false
04-27 20:16:30.505  5878  7763 D SecPowerUI.Notification: SecBatteryStatsSnapshot{batteryLevel=71, currentBatteryMode=0, chargingTime=2718000, chargingType=11, batteryHealth=2, automaticTestMode=false, isHiccupState=false}
04-27 20:16:30.507  5878  7763 D SecPowerUI.Notification: 1. restoreScreenTimeOut - saved_value : :
04-27 20:16:30.507  5878  7763 E SecPowerUI.Notification: no saved value, so we do nothing !!
04-27 20:16:30.511  5878  5878 D SecPowerUI.Notification: showChargingNotice oldChargingType : 11 / currentChargingType : 11, oldChargingTime : 2718000 / mChargingTime : 2711000
04-27 20:16:30.511  5878  5878 D SecPowerUI.Notification: showChargingNotification()
04-27 20:16:30.511  5878  5878 D SecPowerUI.Notification: SecBatteryStatsSnapshot{batteryLevel=71, currentBatteryMode=0, chargingTime=2711000, chargingType=11, batteryHealth=2, automaticTestMode=false, isHiccupState=false}
04-27 20:16:30.519  5429  5835 D ApplicationPolicy: isStatusBarNotificationAllowedAsUser: packageName = com.android.systemui,userId = 0
04-27 20:16:30.520  5429  5835 D ApplicationPolicy: isStatusBarNotificationAllowedAsUser: packageName = com.android.systemui,userId = -1
04-27 20:16:30.520  5429  5835 D ApplicationPolicy: isStatusBarNotificationAllowedAsUser: converting userId from USER_ALLto 0
04-27 20:16:30.521  5878  5878 D PowerUI : Battery swelling mode - priorBatterySwellingMode = 0 mBatterySwellingMode = 0 mBatteryStatus = 2
04-27 20:16:30.521  5878  5878 I PowerUI : mBatteryMiscEvent = 65536
04-27 20:16:30.522  5878  5878 D KeyguardUpdateMonitor: received broadcast android.intent.action.BATTERY_CHANGED
04-27 20:16:30.522  5878  5878 D SamsungBatteryMeterDrawable: onBatteryLevelChanged isSomethingChanged: false
04-27 20:16:30.522  5878  5878 D SamsungBatteryMeterDrawable: onBatteryLevelChanged isSomethingChanged: false
04-27 20:16:30.522  5878  5878 D SamsungBatteryMeterDrawable: onBatteryLevelChanged isSomethingChanged: false
04-27 20:16:30.523  5878  5878 D SamsungBatteryMeterDrawable: onBatteryLevelChanged isSomethingChanged: false
04-27 20:16:30.523  5878  5878 I AODBatteryManager: updateBatteryData: ACTION_BATTERY_CHANGED
04-27 20:16:30.526  5878  5878 I AODBatteryManager: saveBatteryData : AOD BatteryData [mBatteryLevel=71, mBatteryStatus=CHARGING, mBatteryPlugType=USB, mBatteryPlugged=true, mRemainingChargeTime=2711000, mBatteryChargingType=2, mBatteryChargerType=FAST, mBatteryOnline=NOT_DEFINED, mBatterySwellingMode=NONE, mBatteryProtectMode=false]
04-27 20:16:30.526  5878  5878 I ChargingInfoManager: updateChargingInfo: newState = AOD ChargingInfo [mState=BATTERY_AND_REMAIN_TIME, mIsCharging=true, mIsFullyCharged=false, mIsBatteryProtectMode=false], oldState = AOD ChargingInfo [mState=BATTERY_AND_REMAIN_TIME, mIsCharging=true, mIsFullyCharged=false, mIsBatteryProtectMode=false]
04-27 20:16:30.528  5878  5878 D KeyguardUpdateMonitor: handleBatteryUpdate
04-27 20:16:30.534  5878  5878 D KeyguardSecIndicationController: addIndicationTimeout() returned - unlocking
04-27 20:16:30.534  5878  5878 D KeyguardSecIndicationController: addIndication() returned - unlocking
04-27 20:16:30.535  5878  5878 D KeyguardSecIndicationPolicy:  remove Item pos = DEFAULT, type =           OWNER_INFO
04-27 20:16:30.535  5878  5878 D KeyguardSecIndicationController: addBatteryAndOwnerInfoIndication() battery status = BatteryStatus{status=2,level=71,plugged=2,health=2,maxChargingWattage=-1,remaining=2711000ultraFastCharger=1}
04-27 20:16:30.535  5878  5878 I ChargingInfoView: handleMessage: MSG_SHOW_CHARGING_INFO
04-27 20:16:30.535  5878  5878 I ChargingInfoView: updateContents: BATTERY_AND_REMAIN_TIME
04-27 20:16:30.536  5878  5878 I ChargingInfoView: handleMessage: MSG_SHOW_CHARGING_INFO
04-27 20:16:30.536  5878  5878 I ChargingInfoView: updateContents: BATTERY_AND_REMAIN_TIME
04-27 20:16:30.740  5785  5785 I FreeformContainer: [SmartPopupViewService] onNotificationPosted: StatusBarNotification(pkg=com.android.systemui user=UserHandle{-1} id=2131428972 tag=charging_state key=-1|com.android.systemui|2131428972|charging_state|10054: Notification(channel=CHR shortcut=null contentView=null vibrate=null sound=null defaults=0x0 flags=0xa color=0xff5075a1 category=sys groupKey=CHARGING vis=PUBLIC semFlags=0x0 semPriority=0 semMissedCount=0))
04-27 20:16:30.740  5785  5785 V FreeformContainer: [SmartPopupViewService] isSmartPopupViewTarget: com.android.systemui is not enabled
04-27 20:16:30.742  6323  6323 I Launcher.NotificationListener: onNotificationPosted : com.android.systemui number : 0
04-27 20:16:30.744  9209  9748 I NotificationPipeline: Processing new notification: -1|com.android.systemui|2131428972|charging_state|10054
04-27 20:16:30.745  9209  9748 W Notification4Heart_NB: NotificationBridgeCallback.onNotificationPosted-Ignored package : [-1] com.android.systemui
04-27 20:16:30.763  5878  5878 D PluginAODManager: onNotificationInfoUpdated() 0
04-27 20:16:30.763  5878  5878 I AODNotificationManager: updateVisibleNotifications: 0
04-27 20:16:30.764  5878  5878 I a       : updateStatusBarNotifications: open
04-27 20:16:30.764  5878  5878 I a       : updateStatusBarNotifications: open
04-27 20:16:30.943  5878  5878 D BubblesManager: onEntryUpdated : shouldBubbleUp=false ,key=-1|com.android.systemui|2131428972|charging_state|10054
04-27 20:16:30.987  5878  5878 I FaceWidgetPositionAlgorithm: getClockContainerHeight() supplier = 270, bottom margin = 0, real height = 333
04-27 20:16:30.988  5878  5878 I FaceWidgetPositionAlgorithm: getClockContainerHeight() supplier = 270, bottom margin = 63, real height = 333
04-27 20:16:30.988  5878  5878 I FaceWidgetPositionAlgorithm: getMediaContainerHeight() height = 0 container Visibility = 8, isValid = false, mIsDozing = false, fraction = 1.0, source = 0, target = 0
04-27 20:16:30.989  5878  5878 I FaceWidgetPositionAlgorithm: getMediaContainerHeight() supplier = 0
04-27 20:16:31.002  5878  5878 D PluginAODManager: onNotificationInfoUpdated() 0
04-27 20:16:31.004  5878  5878 I AODNotificationManager: updateVisibleNotifications: 0
04-27 20:16:31.004  5878  5878 I a       : updateStatusBarNotifications: open
04-27 20:16:31.004  5878  5878 I a       : updateStatusBarNotifications: open
04-27 20:16:31.037  5878  5878 I FaceWidgetPositionAlgorithm: getClockContainerHeight() supplier = 270, bottom margin = 0, real height = 333
04-27 20:16:31.037  5878  5878 I FaceWidgetPositionAlgorithm: getClockContainerHeight() supplier = 270, bottom margin = 63, real height = 333
04-27 20:16:31.037  5878  5878 I FaceWidgetPositionAlgorithm: getMediaContainerHeight() height = 0 container Visibility = 8, isValid = false, mIsDozing = false, fraction = 1.0, source = 0, target = 0
04-27 20:16:31.038  5878  5878 I FaceWidgetPositionAlgorithm: getMediaContainerHeight() supplier = 0
04-27 20:16:31.088  5878  5878 I FaceWidgetPositionAlgorithm: getClockContainerHeight() supplier = 270, bottom margin = 0, real height = 333
04-27 20:16:31.088  5878  5878 I FaceWidgetPositionAlgorithm: getClockContainerHeight() supplier = 270, bottom margin = 63, real height = 333
04-27 20:16:31.088  5878  5878 I FaceWidgetPositionAlgorithm: getMediaContainerHeight() height = 0 container Visibility = 8, isValid = false, mIsDozing = false, fraction = 1.0, source = 0, target = 0
04-27 20:16:31.088  5878  5878 I FaceWidgetPositionAlgorithm: getMediaContainerHeight() supplier = 0
04-27 20:16:31.091  5878  5878 D PluginAODManager: onNotificationInfoUpdated() 0
04-27 20:16:31.091  5878  5878 I AODNotificationManager: updateVisibleNotifications: 0
04-27 20:16:31.091  5878  5878 I a       : updateStatusBarNotifications: open
04-27 20:16:31.091  5878  5878 I a       : updateStatusBarNotifications: open
04-27 20:16:31.278 26164 26187 W _benchmark.test: Suspending all threads took: 10.620ms
04-27 20:16:32.015  5095  5095 I SurfaceFlinger: SFWD update time=21701208951668
04-27 20:16:32.956 26164 26187 W _benchmark.test: Suspending all threads took: 5.293ms
04-27 20:16:32.959 26164 26187 D Benchmark: allocationCount[ 0:10]: 8872465 8872477 8872471 8872459 8872463
04-27 20:16:32.959 26164 26187 D Benchmark: Set 26187 (Bench thread) to priority -8. Was -20, now -8
04-27 20:16:32.960 26164 26187 D Benchmark: Set 26172 (Jit) to priority 9. Was -15, now 9
04-27 20:16:32.961 26164 26187 D Benchmark: Warmup: t=13.506, iter=30, fastAvg=456344288, slowAvg=709488640
04-27 20:16:32.961 26164 26187 I PerfettoCapture: Stopping perfetto.
04-27 20:16:33.002 30374 30374 I perfetto:    perfetto_cmd.cc:1168 SIGINT/SIGTERM received: disabling tracing.
04-27 20:16:33.006 26164 26187 D Benchmark: kill -TERM command output -
04-27 20:16:33.027  5130  5130 I perfetto:  probes_producer.cc:396 Producer stop (id=137)
04-27 20:16:33.029  5130  5130 I perfetto:    ftrace_procfs.cc:342 disabled ftrace in /sys/kernel/tracing/
04-27 20:16:33.087  4389  4389 I hwservicemanager: getTransport: Cannot find entry android.hardware.atrace@1.0::IAtraceDevice/default in either framework or device VINTF manifest.
04-27 20:16:33.094  5130  5130 I perfetto:  probes_producer.cc:396 Producer stop (id=138)
04-27 20:16:33.094  5130  5130 I perfetto:  probes_producer.cc:396 Producer stop (id=139)
04-27 20:16:33.204  5429  7411 D SemWifiUsabilityStatsMonitor: onWifiUsabilityStats - seqNum 3805, isSameBssidAndFreq true
04-27 20:16:33.209  5429  5717 I SemWifiLinkQualityMonitor: Link Qos Query: 0.111 ms / 72.000 Mbps (72 / 0.000 / 1.000)
04-27 20:16:33.311  5429  5749 D BrightnessHandler: inject brightness = 166.0, Brightness: 0.6491764
04-27 20:16:33.315  4993  4993 I SensorsHub: LightSensor::injectSensorData: brightness 166
04-27 20:16:33.317  5429  5749 D BrightnessHandler: inject brightness = 166.0, Brightness: 0.6491764
04-27 20:16:33.320  4993  4993 I SensorsHub: LightSensor::injectSensorData: brightness 166
04-27 20:16:33.325  5047  5047 I SehLight: lcd : 166+
04-27 20:16:33.335  5047  5047 I SehLight: lcd : 166-
04-27 20:16:33.368 30374 30374 I perfetto:    perfetto_cmd.cc:1124 Trace written into the output file
04-27 20:16:33.393  5131  5131 I perfetto: ng_service_impl.cc:2426 Tracing session 35 ended, total sessions:0
