04-19 15:56:28.345 17564 17585 I TestRunner: started: valueLong(org.jetbrains.android_benchmark.AckermannBenchmark)
04-19 15:56:28.349 17564 17564 I MonitoringInstr: Activities that are still in CREATED to STOPPED: 1
04-19 15:56:28.349 17564 17564 I MonitoringInstr: Finishing activity: androidx.benchmark.IsolationActivity@f5684be
04-19 15:56:28.355 17564 17585 I GrantPermissionCallable: Permission: android.permission.WRITE_EXTERNAL_STORAGE is already granted!
04-19 15:56:28.355 17564 17585 I GrantPermissionCallable: Permission: android.permission.READ_EXTERNAL_STORAGE is already granted!
04-19 15:56:28.355 17564 17585 D Benchmark: -- Running org.jetbrains.android_benchmark.AckermannBenchmark#valueLong --
04-19 15:56:28.356 17564 17585 D PerfettoCapture: Supported ABIs: arm64-v8a, armeabi-v7a, armeabi
04-19 15:56:28.356 17564 17585 D PerfettoCapture: Recording perfetto trace
04-19 15:56:28.385  5628  5714 W libprocessgroup: Failed to open /dev/blkio//cgroup.procs: No such file or directory
04-19 15:56:28.392 23109 18379 I NetworkScheduler.Stats: Task com.google.android.gms/com.google.android.gms.ipa.base.IpaGcmTaskService started execution. cause:9 exec_start_elapsed_seconds: 345634 [CONTEXT service_id=218 ]
04-19 15:56:28.394 17564 17585 I PerfettoCapture: Cleanup perfetto before starting.
04-19 15:56:28.401 23109 17252 I NetworkScheduler.Stats: Task com.google.android.gms/com.google.android.gms.ipa.base.IpaGcmTaskService finished executing. cause:9 result: 1 elapsed_millis: 31 uptime_millis: 31 exec_start_elapsed_seconds: 345634 [CONTEXT service_id=218 ]
04-19 15:56:28.563 17564 17585 I PerfettoCapture: Perfetto output file cleanup -
04-19 15:56:28.563 17564 17585 I PerfettoCapture: Starting perfetto tracing with cmd: cat /storage/emulated/0/Android/data/org.jetbrains.android_benchmark.test/cache/trace_config.pb | perfetto --background -c - -o /data/misc/perfetto-traces/trace_output.pb
04-19 15:56:28.577  5628  9811 D SemWifiUsabilityStatsMonitor: onWifiUsabilityStats - seqNum 36033, isSameBssidAndFreq true
04-19 15:56:28.581  5628  8422 I SemWifiLinkQualityMonitor: Link Qos Query: 0.025 ms / 324.750 Mbps (433 / 0.000 / 1.333)
04-19 15:56:28.740 18451 18451 I perfetto:    perfetto_cmd.cc:1001 Connected to the Perfetto traced service, starting tracing
04-19 15:56:28.741  5406  5406 I perfetto: ing_service_impl.cc:953 Configured tracing session 179, #sources:4, duration:0 ms, #buffers:2, total buffer size:36864 KB, total sessions:1, uid:2000 session name: ""
04-19 15:56:28.742  5403  5403 I perfetto:  probes_producer.cc:139 Ftrace setup (target_buf=357)
04-19 15:56:28.786 17564 17585 I PerfettoCapture: Perfetto output - 18451
04-19 15:56:28.786 17564 17585 I PerfettoCapture: EXITCODE=0
04-19 15:56:28.810  4378  4378 I hwservicemanager: getTransport: Cannot find entry android.hardware.atrace@1.0::IAtraceDevice/default in either framework or device VINTF manifest.
04-19 15:56:28.835  5403  5403 I perfetto:    ftrace_procfs.cc:335 enabled ftrace in /sys/kernel/tracing/
04-19 15:56:28.852  5628  5714 W libprocessgroup: Failed to open /dev/blkio//cgroup.procs: No such file or directory
04-19 15:56:28.871 13194 13194 I SCS@AiSearch user 0: (ObserverWorker::AOSP_MP) [main] entering in startWork():
04-19 15:56:28.871 13194 13194 I SCS@AiSearch user 0: (BaseCollector::AOSP_MP) [main] entering in onChange():
04-19 15:56:28.873 13194 15497 I SCS@AiSearch user 0: (BaseCollector::AOSP_MP) [AOSP_MP-0] entering in collectChanges():
04-19 15:56:28.882 30407 30407 I ResourceOverlayService_0: waitAndQuit called
04-19 15:56:28.884 30407 30407 I ResourceOverlayService_0: activity user id 0 process id 0
04-19 15:56:28.884  5628  8567 D PackageManager: setEnabledSetting : userId = 0 packageName = com.samsung.android.scs cmp = androidx.work.impl.background.systemalarm.RescheduleReceiver newState = 1 callingPackage = 10380/com.samsung.android.scs
04-19 15:56:28.885  5628  8567 D ApplicationPolicy: getApplicationStateEnabled : pkg = com.samsung.android.scs userId : 0
04-19 15:56:28.886  5628  8567 D ApplicationPolicy: getApplicationComponentState : pkg = com.samsung.android.scs userId : 0
04-19 15:56:28.921 17564 17585 I PerfettoCapture: Perfetto tracing started successfully with pid 18451.
04-19 15:56:28.937 13194 15497 I SCS@AiSearch user 0: (BaseCollector::AOSP_MP) fetchInternal values : maxSyncId: 1000007868 indexCount: 1709 sourceCount: 1709
04-19 15:56:28.996 13194 15497 I SCS@AiSearch user 0: (IndexManager) [AOSP_MP-0] entering in addIndex():
04-19 15:56:29.002 13194 15497 I SCS@AiSearch user 0: (BaseCollector::AOSP_MP) fetch: fetching took  94 ms
04-19 15:56:29.002 13194 15497 I SCS@AiSearch user 0: (BaseCollector::AOSP_MP) fetchChanges: applied 0 items
04-19 15:56:29.003 13194 15497 I SCS@AiSearch user 0: (BaseCollector::AOSP_MP) Collect finished. Result: true
04-19 15:56:29.005 13194 13250 I WM-WorkerWrapper: Worker result SUCCESS for Work [ id=a72c632f-d6e1-441a-957b-9d285fc664b9, tags={ com.sec.android.app.myfiles, com.samsung.android.scs.ai.search.data.collector.ObserverWorker } ]
04-19 15:56:29.008 17564 17585 I PerfettoCapture: /sys/kernel/tracing/tracing_on = 1, polled 0 times, capture fully started
04-19 15:56:29.009 17564 17585 D Benchmark: Set 17585 (Bench thread) to priority -20. Was -8, now -20
04-19 15:56:29.009 17564 17585 D Benchmark: Set 17572 (Jit) to priority -15. Was 9, now -15
04-19 15:56:29.010 13194 15497 I SCS@AiSearch user 0: (BaseCollector::AOSP_MP) enqueue ObserverWorker name: com.sec.android.app.myfiles, policy: APPEND_OR_REPLACE
04-19 15:56:29.042 17564 17585 I _benchmark.test: Explicit concurrent copying GC freed 11361(733KB) AllocSpace objects, 1(20KB) LOS objects, 68% free, 2869KB/9013KB, paused 250us,80us total 32.007ms
04-19 15:56:29.067  5628  8567 D PackageManager: setEnabledSetting : userId = 0 packageName = com.samsung.android.scs cmp = androidx.work.impl.background.systemalarm.RescheduleReceiver newState = 1 callingPackage = 10380/com.samsung.android.scs
04-19 15:56:29.068  5628  8567 D ApplicationPolicy: getApplicationStateEnabled : pkg = com.samsung.android.scs userId : 0
04-19 15:56:29.069  5628  8567 D ApplicationPolicy: getApplicationComponentState : pkg = com.samsung.android.scs userId : 0
04-19 15:56:29.166 27910 18467 I GmscoreIpa: Starting mediastore instant index [CONTEXT service_id=255 ]
04-19 15:56:29.785  5288  5288 E sehhealth-service: Could not open /sys/class/power_supply/battery/lrp
04-19 15:56:29.886 30407 30407 I ResourceOverlayService_0: waitAndQuit called
04-19 15:56:29.888 30407 30407 I ResourceOverlayService_0: activity user id 0 process id 0
04-19 15:56:30.236  5224  5224 E audit   : type=1400 audit(1681912590.229:103045): avc:  denied  { getattr } for  pid=5628 comm="BinderProcsColl" path="/sys/kernel/debug/binder/proc/5628" dev="debugfs" ino=25430 scontext=u:r:system_server:s0 tcontext=u:object_r:sec_debugfs:s0 tclass=file permissive=0 SEPF_SM-A515F_13_0001 audit_filtered
04-19 15:56:30.236  5224  5224 E audit   : type=1300 audit(1681912590.229:103045): arch=c00000b7 syscall=79 success=no exit=-13 a0=ffffff9c a1=7dd4817400 a2=7cb001b680 a3=0 items=0 ppid=5250 pid=5628 auid=4294967295 uid=1000 gid=1000 euid=1000 suid=1000 fsuid=1000 egid=1000 sgid=1000 fsgid=1000 tty=(none) ses=4294967295 comm="BinderProcsColl" exe="/system/bin/app_process64" subj=u:r:system_server:s0 key=(null)
04-19 15:56:30.237  5224  5224 E audit   : type=1327 audit(1681912590.229:103045): proctitle="system_server"
04-19 15:56:30.522  5628  5653 D PackageManager: setEnabledSetting : userId = 0 packageName = com.Slack cmp = androidx.work.impl.background.systemalarm.RescheduleReceiver newState = 1 callingPackage = 10329/com.Slack
04-19 15:56:30.525  5628  5653 D ApplicationPolicy: getApplicationStateEnabled : pkg = com.Slack userId : 0
04-19 15:56:30.526  5628  5653 D ApplicationPolicy: getApplicationComponentState : pkg = com.Slack userId : 0
04-19 15:56:30.566  5628  5714 W libprocessgroup: Failed to open /dev/blkio//cgroup.procs: No such file or directory
04-19 15:56:30.601  6649  6824 D ConnectivityManager: StackLog: [android.net.ConnectivityManager.sendRequestForNetwork(ConnectivityManager.java:4191)] [android.net.ConnectivityManager.registerDefaultNetworkCallbackForUid(ConnectivityManager.java:4755)] [android.net.ConnectivityManager.registerDefaultNetworkCallback(ConnectivityManager.java:4722)] [android.net.ConnectivityManager.registerDefaultNetworkCallback(ConnectivityManager.java:4696)] [androidx.work.impl.utils.NetworkApi24.registerDefaultNetworkCallbackCompat(Unknown Source:10)] [androidx.work.impl.constraints.trackers.NetworkStateTracker24.startTracking(Unknown Source:15)] [androidx.work.impl.constraints.controllers.ConstraintController.replace(Unknown Source:130)] [androidx.work.impl.constraints.WorkConstraintsTrackerImpl.replace(Unknown Source:41)] [androidx.work.impl.background.greedy.GreedyScheduler.schedule(Unknown Source:300)] [androidx.work.impl.Schedulers.schedule(Unknown Source:149)] [androidx.work.impl.utils.EnqueueRunnable.run(Unknown Source:53)] [androidx.work.Worker$2.run$androidx$work$impl$utils$SerialExecutorImpl$Task(Unknown Source:4)] [androidx.work.Worker$2.run(Unknown Source:868)] [java.util.concurrent.ThreadPoolExecutor.runWorker(ThreadPoolExecutor.java:1137)] [java.util.concurrent.ThreadPoolExecutor$Worker.run(ThreadPoolExecutor.java:637)] [java.lang.Thread.run(Thread.java:1012)]
04-19 15:56:30.605  5628 11453 D ConnectivityService: requestNetwork for uid/pid:10329/6649 activeRequest: null callbackRequest: 27974 [NetworkRequest [ REQUEST id=27975, [ Capabilities: INTERNET&NOT_RESTRICTED&TRUSTED&NOT_VCN_MANAGED Uid: 10329 RequestorUid: 10329 RequestorPkg: com.Slack UnderlyingNetworks: Null] ]] callback flags: 0 order: 2147483647
04-19 15:56:30.606  5628  8367 D ConnectivityService:    accepting network in place of null
04-19 15:56:30.609  5628  8356 D WifiNetworkFactory: got request NetworkRequest [ REQUEST id=27975, [ Capabilities: INTERNET&NOT_RESTRICTED&TRUSTED&NOT_VCN_MANAGED Uid: 10329 RequestorUid: 10329 RequestorPkg: com.Slack UnderlyingNetworks: Null] ]
04-19 15:56:30.610  5628  8356 D UntrustedWifiNetworkFactory: got request NetworkRequest [ REQUEST id=27975, [ Capabilities: INTERNET&NOT_RESTRICTED&TRUSTED&NOT_VCN_MANAGED Uid: 10329 RequestorUid: 10329 RequestorPkg: com.Slack UnderlyingNetworks: Null] ]
04-19 15:56:30.611  5628  8356 D OemPaidWifiNetworkFactory: got request NetworkRequest [ REQUEST id=27975, [ Capabilities: INTERNET&NOT_RESTRICTED&TRUSTED&NOT_VCN_MANAGED Uid: 10329 RequestorUid: 10329 RequestorPkg: com.Slack UnderlyingNetworks: Null] ]
04-19 15:56:30.612  5628  8356 D MultiInternetWifiNetworkFactory: got request NetworkRequest [ REQUEST id=27975, [ Capabilities: INTERNET&NOT_RESTRICTED&TRUSTED&NOT_VCN_MANAGED Uid: 10329 RequestorUid: 10329 RequestorPkg: com.Slack UnderlyingNetworks: Null] ]
04-19 15:56:30.617  5628  8367 D ConnectivityService: Rematched networks [computed 0ms] [applied 2ms] [issued 9]
04-19 15:56:30.617  5628  8367 D ConnectivityService: NetworkReassignment :
04-19 15:56:30.617  5628  8367 D ConnectivityService:   27975 : null → 128
04-19 15:56:30.689  6649  6649 D ConnectivityManager: StackLog: [android.net.ConnectivityManager.unregisterNetworkCallback(ConnectivityManager.java:4863)] [androidx.work.impl.utils.NetworkApi21.unregisterNetworkCallbackCompat(Unknown Source:10)] [androidx.work.impl.constraints.trackers.NetworkStateTracker24.stopTracking(Unknown Source:15)] [androidx.work.impl.constraints.trackers.ConstraintTracker.removeListener(Unknown Source:24)] [androidx.work.impl.constraints.controllers.ConstraintController.replace(Unknown Source:81)] [androidx.work.impl.constraints.WorkConstraintsTrackerImpl.replace(Unknown Source:41)] [androidx.work.impl.background.greedy.GreedyScheduler.onExecuted(Unknown Source:55)] [androidx.work.impl.Processor.onExecuted(Unknown Source:59)] [com.bugsnag.android.DeliveryDelegate$1.run(Unknown Source:212)]
04-19 15:56:30.691  5628  8367 D ConnectivityService:  Removing from current network [128 WIFI], leaving 162 requests.
04-19 15:56:30.891 30407 30407 I ResourceOverlayService_0: waitAndQuit called
04-19 15:56:30.892 30407 30407 I ResourceOverlayService_0: activity user id 0 process id 0
04-19 15:56:31.645  5628  9811 D SemWifiUsabilityStatsMonitor: onWifiUsabilityStats - seqNum 36034, isSameBssidAndFreq true
04-19 15:56:31.652  5628  8422 I SemWifiLinkQualityMonitor: Link Qos Query: 0.018 ms / 433.000 Mbps (433 / 0.000 / 1.000)
04-19 15:56:31.895 30407 30407 I ResourceOverlayService_0: waitAndQuit called
04-19 15:56:31.898 30407 30407 I ResourceOverlayService_0: activity user id 0 process id 0
04-19 15:56:32.901 30407 30407 I ResourceOverlayService_0: waitAndQuit called
04-19 15:56:32.902 30407 30407 I ResourceOverlayService_0: activity user id 0 process id 0
04-19 15:56:33.148 23109 15265 D ConnectivityManager: StackLog: [android.net.ConnectivityManager.unregisterNetworkCallback(ConnectivityManager.java:4863)] [wwe.run(:com.google.android.gms@231312044@23.13.12 (190400-519946965):13)] [abiv.run(:com.google.android.gms@231312044@23.13.12 (190400-519946965):5)] [java.util.concurrent.ThreadPoolExecutor.runWorker(ThreadPoolExecutor.java:1137)] [java.util.concurrent.ThreadPoolExecutor$Worker.run(ThreadPoolExecutor.java:637)] [abod.run(:com.google.android.gms@231312044@23.13.12 (190400-519946965):0)] [java.lang.Thread.run(Thread.java:1012)]
04-19 15:56:33.151 23109 15265 I CastDatabase: Saving the database
04-19 15:56:33.189 23109 15265 I SQLiteCastStore: [CastNetworkInfo] saved: 0, skipped: 0, [CastDeviceInfo]: saved 0, skipped 0, [Paired Guest Mode DeviceInfo] saved: 0, skipped: 0. [ProbedNetworks]: saved 0, skipped: 0, [ProbedSocketAddress]: saved 0, skipped: 0, [Network-Device pairs]: saved: 0
04-19 15:56:33.905 30407 30407 I ResourceOverlayService_0: waitAndQuit called
04-19 15:56:33.906 30407 30407 I ResourceOverlayService_0: activity user id 0 process id 0
04-19 15:56:34.707  5628  9811 D SemWifiUsabilityStatsMonitor: onWifiUsabilityStats - seqNum 36035, isSameBssidAndFreq true
04-19 15:56:34.713  5628  8422 I SemWifiLinkQualityMonitor: Link Qos Query: 0.018 ms / 433.000 Mbps (433 / 0.000 / 1.000)
04-19 15:56:34.714  8513  8513 D NetworkController.WifiSignalController: notifyListener: visible=true, connected=true, inetCondition=1, isDefault=true, wifiTestReported=true, receivedInetCondition=-1, hideDuringMobileSwitching=false
04-19 15:56:34.723  8513  8599 D Tile.WifiTile: handleUpdateState isTransient=false transientEnabling =false cb.isTransient=false state.state = 2 mStateBeforeClick.value =false enabled =true
04-19 15:56:34.908 30407 30407 I ResourceOverlayService_0: waitAndQuit called
04-19 15:56:34.910 30407 30407 I ResourceOverlayService_0: activity user id 0 process id 0
04-19 15:56:35.377 17564 17585 D Benchmark: timeNs[ 0:10]: 102802 100017 112137 102866 101585 102278 106041 100163 99069 110098
04-19 15:56:35.377 17564 17585 D Benchmark: timeNs[10:20]: 96530 105692 98279 99568 99772 99684 102159 101786 98413 101690
04-19 15:56:35.377 17564 17585 D Benchmark: timeNs[20:30]: 99403 101205 100078 101026 104462 93811 95067 97570 107067 100322
04-19 15:56:35.377 17564 17585 D Benchmark: timeNs[30:40]: 99452 104331 96161 99284 100843 96280 104283 101682 93271 94653
04-19 15:56:35.377 17564 17585 D Benchmark: timeNs[40:50]: 112618 105811 95298 97350 104065 93887 96340 92640 100815 101570
04-19 15:56:35.912 30407 30407 I ResourceOverlayService_0: waitAndQuit called
04-19 15:56:35.914 30407 30407 I ResourceOverlayService_0: activity user id 0 process id 0
04-19 15:56:36.160 17564 17585 D Benchmark: allocationCount[ 0:10]: 1843 1844 1844 1843 1844
04-19 15:56:36.161 17564 17585 D Benchmark: Set 17585 (Bench thread) to priority -8. Was -20, now -8
04-19 15:56:36.161 17564 17585 D Benchmark: Set 17572 (Jit) to priority 9. Was -15, now 9
04-19 15:56:36.161 17564 17585 D Benchmark: Warmup: t=1.876, iter=16712, fastAvg=114453, slowAvg=116526
04-19 15:56:36.161 17564 17585 I PerfettoCapture: Stopping perfetto.
04-19 15:56:36.213 17564 17585 D Benchmark: kill -TERM command output -
04-19 15:56:36.209 18451 18451 I perfetto:    perfetto_cmd.cc:1168 SIGINT/SIGTERM received: disabling tracing.
04-19 15:56:36.224  5403  5403 I perfetto:  probes_producer.cc:396 Producer stop (id=713)
04-19 15:56:36.226  5403  5403 I perfetto:    ftrace_procfs.cc:342 disabled ftrace in /sys/kernel/tracing/
04-19 15:56:36.279  4378  4378 I hwservicemanager: getTransport: Cannot find entry android.hardware.atrace@1.0::IAtraceDevice/default in either framework or device VINTF manifest.
04-19 15:56:36.286  5403  5403 I perfetto:  probes_producer.cc:396 Producer stop (id=714)
04-19 15:56:36.286  5403  5403 I perfetto:  probes_producer.cc:396 Producer stop (id=715)
04-19 15:56:36.369 18451 18451 I perfetto:    perfetto_cmd.cc:1124 Trace written into the output file
04-19 15:56:36.377  5406  5406 I perfetto: ng_service_impl.cc:2426 Tracing session 179 ended, total sessions:0
04-19 15:56:36.815 17564 17585 D Benchmark: Waiting 500 ms for [ProcessPid(processName=perfetto, pid=18451)] to die
04-19 15:56:36.916 30407 30407 I ResourceOverlayService_0: waitAndQuit called
04-19 15:56:36.917 30407 30407 I ResourceOverlayService_0: activity user id 0 process id 0
04-19 15:56:36.950 17564 17585 I PerfettoCapture: Writing to /storage/emulated/0/Android/data/org.jetbrains.android_benchmark.test/cache/AckermannBenchmark_valueLong_2023-04-19-13-56-36.perfetto-trace.
04-19 15:56:37.047 23109 23109 D BoundBrokerSvc: onUnbind: Intent { act=com.google.android.gms.auth.account.workaccount.START dat=chimera-action:/... cmp=com.google.android.gms/.chimera.PersistentApiService }
04-19 15:56:37.107 17564 17585 D Benchmark: Copying /storage/emulated/0/Android/data/org.jetbrains.android_benchmark.test/cache/AckermannBenchmark_valueLong_2023-04-19-13-56-36.perfetto-trace to /sdcard/Android/media/org.jetbrains.android_benchmark.test/additional_test_output/AckermannBenchmark_valueLong_2023-04-19-13-56-36.perfetto-trace
04-19 15:56:37.149 10919 18332 W MediaProvider: isAppCloneUserPair for user 0: false
04-19 15:56:37.202  5628 11453 D SyncManager: userId - 0 auto - true
04-19 15:56:37.263  5628  5714 W libprocessgroup: Failed to open /dev/blkio//cgroup.procs: No such file or directory
04-19 15:56:37.285 23109 17252 I NetworkScheduler.Stats: Task com.google.android.gms/com.google.android.gms.ipa.base.IpaGcmTaskService started execution. cause:9 exec_start_elapsed_seconds: 345643 [CONTEXT service_id=218 ]
04-19 15:56:37.307 23109 16216 I NetworkScheduler.Stats: Task com.google.android.gms/com.google.android.gms.ipa.base.IpaGcmTaskService finished executing. cause:9 result: 1 elapsed_millis: 54 uptime_millis: 53 exec_start_elapsed_seconds: 345643 [CONTEXT service_id=218 ]
04-19 15:56:37.375 17564 17585 I Benchmark: AckermannBenchmark.valueLong[Metric (timeNs) results: median 100243.01660939289, min 92640.36540664376, max 112618.51317296678, standardDeviation: 4480.804636467043, Metric (allocationCount) results: median 1844.0, min 1843.9977090492555, max 1844.0022909507445, standardDeviation: 0.0020490886391496366]count=873
04-19 15:56:37.380 17564 17585 D Benchmark: writing results to /storage/emulated/0/Android/data/org.jetbrains.android_benchmark.test/cache/org.jetbrains.android_benchmark.test-benchmarkData.json
04-19 15:56:37.382 17564 17585 D Benchmark: Copying /storage/emulated/0/Android/data/org.jetbrains.android_benchmark.test/cache/org.jetbrains.android_benchmark.test-benchmarkData.json to /sdcard/Android/media/org.jetbrains.android_benchmark.test/additional_test_output/org.jetbrains.android_benchmark.test-benchmarkData.json
04-19 15:56:37.397 10919 18332 I MediaProvider: Deleted 1 0 0 0 0 0 0 items on external_primary due to org.jetbrains.android_benchmark.test
04-19 15:56:37.398  5628  5653 D SyncManager: userId - 0 auto - true
04-19 15:56:37.405 10919 18335 W MediaProvider: isAppCloneUserPair for user 0: false
04-19 15:56:37.414  5628  5653 D SyncManager: userId - 0 auto - true
04-19 15:56:37.415 17564 17585 I TestRunner: finished: valueLong(org.jetbrains.android_benchmark.AckermannBenchmark)
