04-27 20:19:20.033  5429  7411 D SemWifiUsabilityStatsMonitor: onWifiUsabilityStats - seqNum 3860, isSameBssidAndFreq true
04-27 20:19:20.036  5429  5717 I SemWifiLinkQualityMonitor: Link Qos Query: 0.167 ms / 48.000 Mbps (72 / 0.000 / 1.500)
04-27 20:19:20.933  4899  4899 E audit   : type=1400 audit(1682619560.927:17874): avc:  denied  { getattr } for  pid=5429 comm="BinderProcsColl" path="/sys/kernel/debug/binder/proc/5429" dev="debugfs" ino=28624 scontext=u:r:system_server:s0 tcontext=u:object_r:sec_debugfs:s0 tclass=file permissive=0 SEPF_SM-A515F_13_0001 audit_filtered
04-27 20:19:20.933  4899  4899 E audit   : type=1300 audit(1682619560.927:17874): arch=c00000b7 syscall=79 success=no exit=-13 a0=ffffff9c a1=77702beae0 a2=768437b680 a3=0 items=0 ppid=4924 pid=5429 auid=4294967295 uid=1000 gid=1000 euid=1000 suid=1000 fsuid=1000 egid=1000 sgid=1000 fsgid=1000 tty=(none) ses=4294967295 comm="BinderProcsColl" exe="/system/bin/app_process64" subj=u:r:system_server:s0 key=(null)
04-27 20:19:20.933  4899  4899 E audit   : type=1327 audit(1682619560.927:17874): proctitle="system_server"
04-27 20:19:21.097  5067  5067 E sehhealth-service: Could not open /sys/class/power_supply/battery/lrp
04-27 20:19:21.099  5429  5602 D MotionRecognitionService: [SAR]  onReceive : ACTION_BATTERY_CHANGED, Plugged: 2
04-27 20:19:21.101  5429  5429 D PhoneWindowManagerExt: ACTION_BATTERY_CHANGED - Level=72, status=2
04-27 20:19:21.122  5429  5429 D SemWifiApBroadcastReceiver: Received : android.intent.action.BATTERY_CHANGED
04-27 20:19:21.125  5787  5787 D SemBigDataInfoController: Intent: android.intent.action.BATTERY_CHANGED
04-27 20:19:21.126  5787  5787 D SemBigDataInfoController: Intent: android.intent.action.BATTERY_CHANGED
04-27 20:19:21.128  5878  5878 I PowerUI : mBootCompleted = true |  mFullyConnected = true
04-27 20:19:21.128  5878  5878 W PowerUI : Plug reason
04-27 20:19:21.129  5878  5878 W PowerUI : Skip charging animation - by plug status
04-27 20:19:21.129  5878  5878 D PowerUI : priorPlugType = 2 mPlugType = 2 priorBatteryStatus = 2 mBatteryStatus = 2
04-27 20:19:21.129  5878  5878 W PowerUI : Plug reason
04-27 20:19:21.129  5878  5878 W PowerUI : Skip charging sound - by plug status
04-27 20:19:21.129  5878  5878 I PowerUI : oldMisalign : false, curMisalign : false
04-27 20:19:21.131  5878  7772 D SecPowerUI.Notification: dismissing low battery warning: level=72
04-27 20:19:21.131  5878  7772 D SecPowerUI.Notification: updateNotification mWarning=false mPlaySound=false
04-27 20:19:21.131  5878  7772 D SecPowerUI.Notification: SecBatteryStatsSnapshot{batteryLevel=72, currentBatteryMode=0, chargingTime=2653000, chargingType=11, batteryHealth=2, automaticTestMode=false, isHiccupState=false}
04-27 20:19:21.134  5878  7772 D SecPowerUI.Notification: 1. restoreScreenTimeOut - saved_value : :
04-27 20:19:21.134  5878  7772 E SecPowerUI.Notification: no saved value, so we do nothing !!
04-27 20:19:21.136  5878  5878 D SecPowerUI.Notification: showChargingNotice oldChargingType : 11 / currentChargingType : 11, oldChargingTime : 2653000 / mChargingTime : 2653000
04-27 20:19:21.137  5878  5878 D SecPowerUI.Notification: There is no change about charging status, so return!
04-27 20:19:21.137  5878  5878 D PowerUI : Battery swelling mode - priorBatterySwellingMode = 0 mBatterySwellingMode = 0 mBatteryStatus = 2
04-27 20:19:21.137  5878  5878 I PowerUI : mBatteryMiscEvent = 65536
04-27 20:19:21.137  5878  5878 D KeyguardUpdateMonitor: received broadcast android.intent.action.BATTERY_CHANGED
04-27 20:19:21.138  5878  5878 D SamsungBatteryMeterDrawable: onBatteryLevelChanged isSomethingChanged: false
04-27 20:19:21.138  5878  5878 D SamsungBatteryMeterDrawable: onBatteryLevelChanged isSomethingChanged: false
04-27 20:19:21.140  5878  5878 D SamsungBatteryMeterDrawable: onBatteryLevelChanged isSomethingChanged: false
04-27 20:19:21.141  5878  5878 D SamsungBatteryMeterDrawable: onBatteryLevelChanged isSomethingChanged: false
04-27 20:19:21.141  5878  5878 I AODBatteryManager: updateBatteryData: ACTION_BATTERY_CHANGED
04-27 20:19:21.143  5878  5878 I AODBatteryManager: saveBatteryData : AOD BatteryData [mBatteryLevel=72, mBatteryStatus=CHARGING, mBatteryPlugType=USB, mBatteryPlugged=true, mRemainingChargeTime=2653000, mBatteryChargingType=2, mBatteryChargerType=FAST, mBatteryOnline=NOT_DEFINED, mBatterySwellingMode=NONE, mBatteryProtectMode=false]
04-27 20:19:21.143  5878  5878 D KeyguardUpdateMonitor: handleBatteryUpdate
04-27 20:19:23.060  5429  7411 D SemWifiUsabilityStatsMonitor: onWifiUsabilityStats - seqNum 3861, isSameBssidAndFreq true
04-27 20:19:23.065  5429  5717 I SemWifiLinkQualityMonitor: Link Qos Query: 0.167 ms / 48.000 Mbps (72 / 0.000 / 1.500)
04-27 20:19:23.066  5878  5878 D NetworkController.WifiSignalController: notifyListener: visible=true, connected=true, inetCondition=1, isDefault=true, wifiTestReported=true, receivedInetCondition=-1, hideDuringMobileSwitching=false
04-27 20:19:23.068  5878  6043 D Tile.WifiTile: handleUpdateState isTransient=false transientEnabling =false cb.isTransient=false state.state = 2 mStateBeforeClick.value =false enabled =true
04-27 20:19:23.474  8401  8401 W GattConnObserver: GATT connect timeout!
04-27 20:19:23.475  8401  8401 D BluetoothGatt: cancelOpen() - device: 645DF4_1
04-27 20:19:23.486  6118  6654 D BtGatt.GattService: clientDisconnect(com.google.android.googlequicksearchbox) - address=645DF4_1, connId=null, clientIf: 6
04-27 20:19:23.491  6118  6631 W bt_bta_gattc: bta_gattc_process_api_open_cancel
04-27 20:19:23.491  6118  6631 W bt_bta_gattc: Cancel GATT client direct connection
04-27 20:19:23.491  6118  6631 I bt_stack: [INFO:bta_gattc_main.cc(314)] bta_gattc_sm_execute: State 0x01, Event 0x1f02
04-27 20:19:23.491  6118  6631 W bt_bta_gattc: bta_gattc_cancel_open
04-27 20:19:23.492  6118  6631 W bt_stack: [WARNING:gatt_api.cc(1322)] GATT_CancelConnect: gatt_if:6, address: 645df4, direct:1
04-27 20:19:23.495  6118  6631 W bt_stack: gatt_disconnect
04-27 20:19:23.495  6118  6631 W bt_stack: Unable to find background connection to remove
04-27 20:19:23.495  6118  6631 W bt_stack: BTM_AcceptlistRemove
04-27 20:19:23.495  6118  6631 W bt_stack: IgnoreLeConnectionFrom xx:xx:xx:xx:b3:b1
04-27 20:19:23.495  6118  6631 W gatt_utils: gatt_cleanup_upon_disc
04-27 20:19:23.495  6118  6631 W gatt_utils: gatt_cleanup_upon_disc :: GATT_CH_CLOSE
04-27 20:19:23.496  6118  6611 W bt_stack: Ignore Le connection from remote:xx:xx:xx:xx:b3:b1[PUBLIC_DEVICE_ADDRESS]
04-27 20:19:23.496  6118  6611 W bt_stack: cancel_connection_and_remove_device_from_background_connection_list 64:5d:f4
04-27 20:19:23.496  6118  6611 W bt_stack: remove_device_from_background_connection_list 64:5d:f4
04-27 20:19:23.496  6118  6611 W bt_stack: cancel_connect 64:5d:f4
04-27 20:19:23.496  6118  6631 W bt_stack: Unable to find background connection to remove
04-27 20:19:23.496  6118  6611 W bt_stack: remove_device_from_connect_list 64:5d:f4 :: Send command after register
04-27 20:19:23.496  6118  6631 I bt_stack: [INFO:bta_gattc_main.cc(314)] bta_gattc_sm_execute: State 0x01, Event 0x1f03
04-27 20:19:23.497  6118  6611 W bt_stack: remove_device_from_connect_list :: Device is found in security db(64:5d:f4 -> 645df4)
04-27 20:19:23.497  6118  6611 W bt_stack: remove_device_from_connect_list :: set address_with_type as identity_addr
04-27 20:19:23.497  6118  6611 W bt_stack: pause_registered_clients()
04-27 20:19:23.497  6118  6611 W bt_stack: le_scanning_manager :: OnPause()
04-27 20:19:23.497  6118  6611 W bt_stack: Stop LeSetScanEnable
04-27 20:19:23.497  6118  6611 W bt_stack: le_scanning_manager :: OnPause() - call AckPause
04-27 20:19:23.497  6118  6611 W bt_stack: le_impl :: OnPause()
04-27 20:19:23.497  6118  6631 W bt_bta_gattc: bta_gattc_cancel_open_ok
04-27 20:19:23.497  6118  6611 W bt_stack: le_impl :: Try to disarm connectability
04-27 20:19:23.497  6118  6611 W bt_stack: disarm_connectability()
04-27 20:19:23.497  6118  6611 W bt_stack: Pause Background Connection
04-27 20:19:23.497  6118  6611 W bt_stack: pause_registered_clients()
04-27 20:19:23.497  6118  6631 W bt_bta_gattc: bta_gattc_process_api_open_cancel
04-27 20:19:23.498  6118  6631 W bt_bta_gattc: Cancel GATT client background connection
04-27 20:19:23.498  6118  6631 W bt_bta_gattc: bta_gattc_cancel_bk_conn
04-27 20:19:23.498  6118  6611 W bt_stack: le_address_manager :: ack_pause()
04-27 20:19:23.498  6118  6611 W bt_stack: le_address_manager :: ack_pause() - make sure all client paused. Return
04-27 20:19:23.498  6118  6631 E bt_stack: [ERROR:bta_gattc_utils.cc(447)] bta_gattc_mark_bg_conn unable to find the bg connection mask for bd_addr=645df4
04-27 20:19:23.499  6118  6631 E bta_gattc_main: Ignore unknown conn ID: 3
04-27 20:19:23.499  6118  6631 E bta_gattc_main: Ignore unknown conn ID: 4
04-27 20:19:23.499  6118  6631 E bta_gattc_main: Ignore unknown conn ID: 5
04-27 20:19:23.499  6118  6631 E bta_gattc_main: Ignore unknown conn ID: 6
04-27 20:19:23.500  8401  9381 I BistoGattHelper: (REDACTED) [%s] GATT disconnected
04-27 20:19:23.507  6118  6611 W bt_stack: on_le_enhanced_connection_complete()
04-27 20:19:23.507  6118  6611 W bt_stack: on_le_enhanced_connection_complete :: Role is central. Set connectability to DISARMED
04-27 20:19:23.507  6118  6611 W bt_stack: on_le_enhanced_connection_complete :: pause_connection : 1
04-27 20:19:23.507  6118  6611 W bt_stack: on_le_connection_canceled_on_pause(). Set connectability to DISARMED
04-27 20:19:23.507  6118  6611 W bt_stack: le_address_manager :: ack_pause()
04-27 20:19:23.508  6118  6611 W bt_stack: le_address_manager :: ack_pause() - handle_next_command
04-27 20:19:23.508  6118  6611 W bt_stack: handle_next_command()
04-27 20:19:23.511  8401  9381 I RemotePeerStateCommunicator: (REDACTED) RemotePeerStateCommunicator scheduling message : %d, action: %s, device id : %s
04-27 20:19:23.513  6118  6611 W bt_stack: Received command complete with op_code LE_REMOVE_DEVICE_FROM_FILTER_ACCEPT_LIST
04-27 20:19:23.513  6118  6611 W bt_stack: handle_next_command()
04-27 20:19:23.517  6118  6611 W bt_stack: Received command complete with op_code LE_REMOVE_DEVICE_FROM_FILTER_ACCEPT_LIST
04-27 20:19:23.517  6118  6611 W bt_stack: le_scanning_manager :: OnResume()
04-27 20:19:23.517  6118  6611 W bt_stack: Start LeSetScan
04-27 20:19:23.517  6118  6611 W bt_stack: le_scanning_manager :: OnResume() - call AckResume
04-27 20:19:23.517  6118  6611 W bt_stack: le_impl :: OnResume()
04-27 20:19:23.517  6118  6611 W bt_stack: le_impl :: OnResume - Try arm connectability
04-27 20:19:23.517  6118  6611 W bt_stack: arm_connectability()
04-27 20:19:23.517  6118  6611 W bt_stack: le_impl :: check_for_unregister()
04-27 20:19:23.517  6118  6611 W bt_stack: le_address_manager :: ack_resume()
04-27 20:19:23.518  6118  6611 W bt_stack: le_address_manager :: ack_resume()
04-27 20:19:23.519  8401  9381 I BistoGattHelper: (REDACTED) [%s] close
04-27 20:19:23.526  8401  9381 I BistoGattHelper: (REDACTED) [%s] executeNextShutdownOperation
04-27 20:19:23.526  8401  9381 D BluetoothGatt: close()
04-27 20:19:23.529  8401  9381 D BluetoothGatt: unregisterApp() - mClientIf=6
04-27 20:19:23.532  6118  6654 D BtGatt.GattService: unregisterClient(com.google.android.googlequicksearchbox) - clientIf=6
04-27 20:19:23.534  6118  6654 D BtGatt.ContextMap: remove() - id: 6
04-27 20:19:23.537  6118  6654 E BtGatt.ContextMap: remove() - removed: 6
04-27 20:19:23.538  6118  6631 W bt_bta_gattc: bta_gattc_deregister
04-27 20:19:23.538  6118  6631 I bt_stack: [INFO:gatt_api.cc(1111)] GATT_Deregister gatt_if=6
04-27 20:19:23.538  6118  6631 W bt_stack: on_app_deregistered :: app_id=6
04-27 20:19:23.538  6118  6631 I bt_stack: [INFO:gatt_api.cc(1164)] Initialize tGATT_REG
04-27 20:19:23.542  8401  9381 I BistoGattHelper: (REDACTED) [%s] GATT released
04-27 20:19:23.543  8401  9381 I BistoGattHelper: (REDACTED) [%s] close
04-27 20:19:23.543  8401  9381 I BistoGattHelper: (REDACTED) [%s] executeNextShutdownOperation
04-27 20:19:23.559  8401  9381 E GmuTls  : You must initialize the system with proper values before handshake
04-27 20:19:25.945  5429  5705 I ChimeraAggressivePolicyHandler: executePolicy() - triggerSource: TRIGGER_SOURCE_LMKD
04-27 20:19:25.948  5429  5705 I ChimeraAggressivePolicyHandler: memAvailable: 839188, memFreeTarget: 870400, releaseTarget:31212, protectedLruCount: 10
04-27 20:19:25.960  5429  5705 I NSLocationMonitor: getGPSUsingApps() called
04-27 20:19:25.998  7025 30276 I NSLocationManager_FLP: getGPSUsingApps, NO_FREEZE={5013} / FREEZE={10234}
04-27 20:19:26.016  5429  5705 I ChimeraAggressivePolicyHandler: Start doKill, protected policy: NORMAL
04-27 20:19:26.017  5429  5705 I ChimeraAggressivePolicyHandler: Killed on trigger0 : com.linkedin.android[31339], freed: 59695, 10006[31339]:G1(0x1) score=37.8(13 10/10 59695), pids: 31339 / stats: 19 / adjs: 935
04-27 20:19:26.025  5429  5705 I ChimeraAggressivePolicyHandler: kill complete: killed 1 apps, freed 59695 KB
04-27 20:19:26.025  5429  5705 I ChimeraAggressivePolicyHandler: Skipped reason: LR, pids: 26164 19519
04-27 20:19:26.025  5429  5705 I ChimeraAggressivePolicyHandler: Skipped reason: CA, pids: 31104 30801 30906
04-27 20:19:26.025  5429  5705 I ChimeraAggressivePolicyHandler: Skipped reason: PE, pids: 8449 9537 11589 27147 6156 6734 19664 6865 5848 5787 8348 8350 6174 25567 7327 11360 8419 6180 26084 6118 6190 11246 23151 7025 6196 5429 25653 5878 10679 9209 10299 28092 6655
04-27 20:19:26.025  5429  5705 I ChimeraAggressivePolicyHandler: Skipped reason: CA, pids: 22494
04-27 20:19:26.025  5429  5705 I ChimeraAggressivePolicyHandler: Processing time(ms) 80
04-27 20:19:26.031  5429  5486 I libprocessgroup: Successfully killed process cgroup uid 10006 pid 31339 in 8ms
04-27 20:19:26.080  5429  8531 D ConnectivityService: ConnectivityService NetworkRequestInfo binderDied(uid/pid:10006/31339, [NetworkRequest [ REQUEST id=3890, [ Capabilities: INTERNET&NOT_RESTRICTED&TRUSTED&NOT_VCN_MANAGED Uid: 10006 RequestorUid: 10006 RequestorPkg: com.linkedin.android UnderlyingNetworks: Null] ]], android.os.BinderProxy@1c92093)
04-27 20:19:26.080  5429  5443 D ConnectivityService: ConnectivityService NetworkRequestInfo binderDied(uid/pid:10006/31339, [NetworkRequest [ LISTEN id=3893, [ Capabilities: INTERNET&NOT_RESTRICTED&TRUSTED&FOREGROUND&NOT_VCN_MANAGED Uid: 10006 RequestorUid: 10006 RequestorPkg: com.linkedin.android UnderlyingNetworks: Null] ]], android.os.BinderProxy@ff8e0c9)
04-27 20:19:26.081  5429  8518 D ConnectivityService: ConnectivityService NetworkRequestInfo binderDied(uid/pid:10006/31339, [NetworkRequest [ REQUEST id=3892, [ Capabilities: INTERNET&NOT_RESTRICTED&TRUSTED&NOT_VCN_MANAGED Uid: 10006 RequestorUid: 10006 RequestorPkg: com.linkedin.android UnderlyingNetworks: Null] ]], android.os.BinderProxy@f41d8d0)
04-27 20:19:26.081  4924  4924 I Zygote  : Process 31339 exited due to signal 9 (Killed)
04-27 20:19:26.081  5429  5665 D ConnectivityService: releasing NetworkRequest [ REQUEST id=3890, [ Capabilities: INTERNET&NOT_RESTRICTED&TRUSTED&NOT_VCN_MANAGED Uid: 10006 RequestorUid: 10006 RequestorPkg: com.linkedin.android UnderlyingNetworks: Null] ] (release request)
04-27 20:19:26.081  5429  5665 D ConnectivityService:  Removing from current network [108 WIFI], leaving 154 requests.
04-27 20:19:26.082  5429  5665 D ConnectivityService: releasing NetworkRequest [ REQUEST id=3892, [ Capabilities: INTERNET&NOT_RESTRICTED&TRUSTED&NOT_VCN_MANAGED Uid: 10006 RequestorUid: 10006 RequestorPkg: com.linkedin.android UnderlyingNetworks: Null] ] (release request)
04-27 20:19:26.082  5429  5665 D ConnectivityService:  Removing from current network [108 WIFI], leaving 152 requests.
04-27 20:19:26.082  5429  7411 D SemWifiUsabilityStatsMonitor: onWifiUsabilityStats - seqNum 3862, isSameBssidAndFreq true
04-27 20:19:26.089  5429  5717 I SemWifiLinkQualityMonitor: Link Qos Query: 0.167 ms / 48.000 Mbps (72 / 0.000 / 1.500)
04-27 20:19:26.142  5878  5878 D SecPowerUI.Notification: showChargingNotice oldChargingType : 11 / currentChargingType : 11, oldChargingTime : 2653000 / mChargingTime : 2653000
04-27 20:19:26.143  5878  5878 D SecPowerUI.Notification: There is no change about charging status, so return!
04-27 20:19:27.516  5878  6043 D NetworkController.WifiSignalController: notifyListener: visible=true, connected=true, inetCondition=1, isDefault=true, wifiTestReported=true, receivedInetCondition=-1, hideDuringMobileSwitching=false
04-27 20:19:27.523  5878  6043 D MobileSignalController(0/1): notifyListener: enabled=true, connected=true, dataConnected=false, networkType=LTE (4G), emergencyOnly=false, roaming=true, isDefault=false, dataActivity=, level=4, ca=false, mmWave=false, disabledDataIcon=false, simCard=ETC
04-27 20:19:27.524  5878  6043 D MobileSignalController(1/2): notifyListener: enabled=true, connected=true, dataConnected=false, networkType=LTE (4G), emergencyOnly=false, roaming=false, isDefault=false, dataActivity=, level=4, ca=false, mmWave=false, disabledDataIcon=false, simCard=ETC
04-27 20:19:27.543  5878  6043 I Tile.HotspotTile: handleUpdateState
04-27 20:19:27.558  5878  5878 I Tile.HotspotTile: onDataSaverChanged: false
04-27 20:19:27.563  5878  5878 I Tile.HotspotTile: onHotspotChanged: false
04-27 20:19:27.570  5429  8535 I SemWifiApTetheredClientInfo: getWifiApStaListDetail
04-27 20:19:27.570  5878  5878 D Tile.HotspotTile: updateItems
04-27 20:19:27.570  5878  5878 D Tile.HotspotTile:  updateConnectedDeviceList mConnectedDevices = []
04-27 20:19:27.597  5878  6043 D Tile.MobileDataTile: handleUpdateState : state true
04-27 20:19:27.599  5878  6043 I Tile.HotspotTile: handleUpdateState
04-27 20:19:27.605  5878  6043 I Tile.HotspotTile: handleUpdateState
04-27 20:19:27.608  5878  6043 I Tile.HotspotTile: handleUpdateState
04-27 20:19:27.743  5878  6043 D Tile.DndTile: handleUpdateState zen 0  state = BooleanState[spec=Dnd,icon=ResourceIcon[resId=0x7f0809c1],iconSupplier=null,label=Do not
04-27 20:19:27.743  5878  6043 D Tile.DndTile: disturb,secondaryLabel=null,contentDescription=null,stateDescription=null,dualLabelContentDescription=null,expandedAccessibilityClassName=null,disabledByPolicy=false,dualTarget=true,isTransient=false,state=1,slash="null",sideViewCustomDrawable=null,tileClassName=null,value=false,forceExpandIcon=false]
04-27 20:19:27.803  5429  8535 D SyncManager: userId - 0 auto - true
04-27 20:19:27.808  5878  6043 D Tile.SyncTile: hasUserRestriction: false
04-27 20:19:27.984  5878  6043 W Settings: Setting all_sound_off has moved from android.provider.Settings.System to android.provider.Settings.Global, returning read-only value.
04-27 20:19:28.020  5878  6043 D Tile.RotationLockTile:  handleUpdateState: true orientation = true
04-27 20:19:28.023  5878  6043 D NetworkController: IsPowerOffServiceState is false: 0
04-27 20:19:28.023  5878  6043 D Tile.AirplaneModeTile:  handleUpdateState: airplane mode is disabled : enter mSetting.getValue() == 0 mIsWiFiOnlyDevice false isNoSimState false !isPowerOffServiceState true
04-27 20:19:28.023  5878  6043 D Tile.AirplaneModeTile:  handleUpdateState:  value = false, state = 1
04-27 20:19:28.027  5878  6043 D Tile.BluetoothTile:  handleUpdateState enabled = true connected = true connecting = false changedState =false bluetoothState = 12 enabledChanging = false state = BooleanState[spec=Bluetooth,icon=ResourceIcon[resId=0x7f0809bd],iconSupplier=null,label='s Watch5 Pro,secondaryLabel=null,contentDescription=Bluetooth,On,Connected to 's Watch5 Pro.,stateDescription=null,dualLabelContentDescription=Connected to 's Watch5 Pro.,expandedAccessibilityClassName=null,disabledByPolicy=false,dualTarget=true,isTransient=false,state=2,slash="null",sideViewCustomDrawable=null,tileClassName=null,value=true,forceExpandIcon=false]
04-27 20:19:28.052  5878  6043 D Tile.BluetoothTile: connectedDeviceCount = 1, musicShareConnectedCount = 0
04-27 20:19:28.319  6865  8672 I ContactsProvider_EventLog: cp_s: [CONTACT con(156) dat(1077) acc({sim(3)=15, sec(6)=1, sim2(4)=1, google(2)=81, org.telegram.messenger(236)=99, com.whatsapp(14)=39}) calls([logtype:100 cnt:867, logtype:200 cnt:5, logtype:300 cnt:495, logtype:1000 cnt:608, logtype:1150 cnt:161]) Iso(RS) uId(0) ]
04-27 20:19:28.319  6865  8672 I ContactsProvider_EventLog: cp_s: [ agr({[2 ,2 ,14 ,236]=1, [2 ,14 ,236]=32, [3]=15, [14]=1, [4]=1, [2 ,14]=4, [2 ,2]=2, [2]=33, [6 ,14]=1, [2 ,236]=6, [236]=60}) ]
04-27 20:19:28.319  6865  8672 I ContactsProvider_EventLog: cp_s: [ cnt({acore(6865)=1}) ]
04-27 20:19:28.319  6865  8672 I ContactsProvider_EventLog: cp_s: [PROFILE con(1) dat(1) acc({vnd.sec.contact.phone=1}) ] [SAPROFILE ]
04-27 20:19:28.319  6865  8672 I ContactsProvider_EventLog: cp_s: [STATE R(T) ]
04-27 20:19:28.358 30801 30815 W libc    : Access denied finding property "sys.perf.boostopt"
04-27 20:19:28.358  4899  4899 E audit   : type=1400 audit(1682619568.351:17875): avc:  denied  { read } for  pid=30801 comm="binder:30801_2" name="u:object_r:perf_prop:s0" dev="tmpfs" ino=21617 scontext=u:r:untrusted_app_30:s0:c12,c257,c512,c768 tcontext=u:object_r:perf_prop:s0 tclass=file permissive=0 SEPF_SM-A515F_13_0001 audit_filtered
04-27 20:19:28.358  4899  4899 E audit   : type=1300 audit(1682619568.351:17875): arch=c00000b7 syscall=56 success=no exit=-13 a0=ffffff9c a1=7804ab32f8 a2=88000 a3=0 items=0 ppid=4924 pid=30801 auid=4294967295 uid=10268 gid=10268 euid=10268 suid=10268 fsuid=10268 egid=10268 sgid=10268 fsgid=10268 tty=(none) ses=4294967295 comm="binder:30801_2" exe="/system/bin/app_process64" subj=u:r:untrusted_app_30:s0:c12,c257,c512,c768 key=(null)
04-27 20:19:28.359  4899  4899 E audit   : type=1327 audit(1682619568.351:17875): proctitle="<pre-initialized>"
04-27 20:19:28.544  8401 10267 W BistoGattHelper: (REDACTED) [%s] GATT already released after un-subscribing, doing nothing.
04-27 20:19:29.103  5429  7411 D SemWifiUsabilityStatsMonitor: onWifiUsabilityStats - seqNum 3863, isSameBssidAndFreq true
04-27 20:19:29.107  5429  5717 I SemWifiLinkQualityMonitor: Link Qos Query: 0.148 ms / 54.000 Mbps (72 / 0.000 / 1.333)
04-27 20:19:29.107  5878  5878 D NetworkController.WifiSignalController: notifyListener: visible=true, connected=true, inetCondition=1, isDefault=true, wifiTestReported=true, receivedInetCondition=-1, hideDuringMobileSwitching=false
04-27 20:19:29.110  5878  6043 D Tile.WifiTile: handleUpdateState isTransient=false transientEnabling =false cb.isTransient=false state.state = 2 mStateBeforeClick.value =false enabled =true
04-27 20:19:29.542  5429  8535 D PackageManager: setEnabledSetting : userId = 0 packageName = com.Slack cmp = androidx.work.impl.background.systemalarm.RescheduleReceiver newState = 1 callingPackage = 10329/com.Slack
04-27 20:19:29.543  5429  8535 D ApplicationPolicy: getApplicationStateEnabled : pkg = com.Slack userId : 0
04-27 20:19:29.544  5429  8535 D ApplicationPolicy: getApplicationComponentState : pkg = com.Slack userId : 0
04-27 20:19:29.582  5429  5488 W libprocessgroup: Failed to open /dev/blkio//cgroup.procs: No such file or directory
04-27 20:19:29.606 31104 31178 D ConnectivityManager: StackLog: [android.net.ConnectivityManager.sendRequestForNetwork(ConnectivityManager.java:4191)] [android.net.ConnectivityManager.registerDefaultNetworkCallbackForUid(ConnectivityManager.java:4755)] [android.net.ConnectivityManager.registerDefaultNetworkCallback(ConnectivityManager.java:4722)] [android.net.ConnectivityManager.registerDefaultNetworkCallback(ConnectivityManager.java:4696)] [androidx.work.impl.utils.NetworkApi24.registerDefaultNetworkCallbackCompat(Unknown Source:10)] [androidx.work.impl.constraints.trackers.NetworkStateTracker24.startTracking(Unknown Source:15)] [androidx.work.impl.constraints.controllers.ConstraintController.replace(Unknown Source:130)] [androidx.work.impl.constraints.WorkConstraintsTrackerImpl.replace(Unknown Source:41)] [androidx.work.impl.background.greedy.GreedyScheduler.schedule(Unknown Source:300)] [androidx.work.impl.Schedulers.schedule(Unknown Source:149)] [androidx.work.impl.utils.EnqueueRunnable.run(Unknown Source:53)] [androidx.work.Worker$2.run$androidx$work$impl$utils$SerialExecutorImpl$Task(Unknown Source:4)] [androidx.work.Worker$2.run(Unknown Source:868)] [java.util.concurrent.ThreadPoolExecutor.runWorker(ThreadPoolExecutor.java:1137)] [java.util.concurrent.ThreadPoolExecutor$Worker.run(ThreadPoolExecutor.java:637)] [java.lang.Thread.run(Thread.java:1012)]
04-27 20:19:29.611  5429  8538 D ConnectivityService: requestNetwork for uid/pid:10329/31104 activeRequest: null callbackRequest: 3902 [NetworkRequest [ REQUEST id=3903, [ Capabilities: INTERNET&NOT_RESTRICTED&TRUSTED&NOT_VCN_MANAGED Uid: 10329 RequestorUid: 10329 RequestorPkg: com.Slack UnderlyingNetworks: Null] ]] callback flags: 0 order: 2147483647
04-27 20:19:29.612  5429  5665 D ConnectivityService:    accepting network in place of null
04-27 20:19:29.621  5429  5655 D WifiNetworkFactory: got request NetworkRequest [ REQUEST id=3903, [ Capabilities: INTERNET&NOT_RESTRICTED&TRUSTED&NOT_VCN_MANAGED Uid: 10329 RequestorUid: 10329 RequestorPkg: com.Slack UnderlyingNetworks: Null] ]
04-27 20:19:29.623  5429  5655 D UntrustedWifiNetworkFactory: got request NetworkRequest [ REQUEST id=3903, [ Capabilities: INTERNET&NOT_RESTRICTED&TRUSTED&NOT_VCN_MANAGED Uid: 10329 RequestorUid: 10329 RequestorPkg: com.Slack UnderlyingNetworks: Null] ]
04-27 20:19:29.626  5429  5655 D OemPaidWifiNetworkFactory: got request NetworkRequest [ REQUEST id=3903, [ Capabilities: INTERNET&NOT_RESTRICTED&TRUSTED&NOT_VCN_MANAGED Uid: 10329 RequestorUid: 10329 RequestorPkg: com.Slack UnderlyingNetworks: Null] ]
04-27 20:19:29.627  5429  5655 D MultiInternetWifiNetworkFactory: got request NetworkRequest [ REQUEST id=3903, [ Capabilities: INTERNET&NOT_RESTRICTED&TRUSTED&NOT_VCN_MANAGED Uid: 10329 RequestorUid: 10329 RequestorPkg: com.Slack UnderlyingNetworks: Null] ]
04-27 20:19:29.629  5429  5665 D ConnectivityService: Rematched networks [computed 1ms] [applied 1ms] [issued 16]
04-27 20:19:29.629  5429  5665 D ConnectivityService: NetworkReassignment :
04-27 20:19:29.629  5429  5665 D ConnectivityService:   3903 : null  108
04-27 20:19:29.653 31104 31104 D ConnectivityManager: StackLog: [android.net.ConnectivityManager.unregisterNetworkCallback(ConnectivityManager.java:4863)] [androidx.work.impl.utils.NetworkApi21.unregisterNetworkCallbackCompat(Unknown Source:10)] [androidx.work.impl.constraints.trackers.NetworkStateTracker24.stopTracking(Unknown Source:15)] [androidx.work.impl.constraints.trackers.ConstraintTracker.removeListener(Unknown Source:24)] [androidx.work.impl.constraints.controllers.ConstraintController.replace(Unknown Source:81)] [androidx.work.impl.constraints.WorkConstraintsTrackerImpl.replace(Unknown Source:41)] [androidx.work.impl.background.greedy.GreedyScheduler.onExecuted(Unknown Source:55)] [androidx.work.impl.Processor.onExecuted(Unknown Source:59)] [com.bugsnag.android.DeliveryDelegate$1.run(Unknown Source:212)]
04-27 20:19:29.655  5429  5665 D ConnectivityService:  Removing from current network [108 WIFI], leaving 152 requests.
04-27 20:19:31.133  5429  5429 D PhoneWindowManagerExt: ACTION_BATTERY_CHANGED - Level=72, status=2
04-27 20:19:31.135  5429  5602 D MotionRecognitionService: [SAR]  onReceive : ACTION_BATTERY_CHANGED, Plugged: 2
04-27 20:19:31.136  5067  5067 E sehhealth-service: Could not open /sys/class/power_supply/battery/lrp
04-27 20:19:31.138  5429  5429 D SemWifiApBroadcastReceiver: Received : android.intent.action.BATTERY_CHANGED
04-27 20:19:31.140  5787  5787 D SemBigDataInfoController: Intent: android.intent.action.BATTERY_CHANGED
04-27 20:19:31.142  5787  5787 D SemBigDataInfoController: Intent: android.intent.action.BATTERY_CHANGED
04-27 20:19:31.145  5878  5878 I PowerUI : mBootCompleted = true |  mFullyConnected = true
04-27 20:19:31.146  5878  5878 W PowerUI : Plug reason
04-27 20:19:31.146  5878  5878 W PowerUI : Skip charging animation - by plug status
04-27 20:19:31.146  5878  5878 D PowerUI : priorPlugType = 2 mPlugType = 2 priorBatteryStatus = 2 mBatteryStatus = 2
04-27 20:19:31.146  5878  5878 W PowerUI : Plug reason
04-27 20:19:31.146  5878  5878 W PowerUI : Skip charging sound - by plug status
04-27 20:19:31.146  5878  5878 I PowerUI : oldMisalign : false, curMisalign : false
04-27 20:19:31.146  5878  7825 D SecPowerUI.Notification: dismissing low battery warning: level=72
04-27 20:19:31.147  5878  7825 D SecPowerUI.Notification: updateNotification mWarning=false mPlaySound=false
04-27 20:19:31.147  5878  7825 D SecPowerUI.Notification: SecBatteryStatsSnapshot{batteryLevel=72, currentBatteryMode=0, chargingTime=2653000, chargingType=11, batteryHealth=2, automaticTestMode=false, isHiccupState=false}
04-27 20:19:31.155  5878  7825 D SecPowerUI.Notification: 1. restoreScreenTimeOut - saved_value : :
04-27 20:19:31.155  5878  7825 E SecPowerUI.Notification: no saved value, so we do nothing !!
04-27 20:19:31.158  5878  5878 D SecPowerUI.Notification: showChargingNotice oldChargingType : 11 / currentChargingType : 11, oldChargingTime : 2653000 / mChargingTime : 2650000
04-27 20:19:31.158  5878  5878 D SecPowerUI.Notification: showChargingNotification()
04-27 20:19:31.158  5878  5878 D SecPowerUI.Notification: SecBatteryStatsSnapshot{batteryLevel=72, currentBatteryMode=0, chargingTime=2650000, chargingType=11, batteryHealth=2, automaticTestMode=false, isHiccupState=false}
04-27 20:19:31.166  5429  8526 D ApplicationPolicy: isStatusBarNotificationAllowedAsUser: packageName = com.android.systemui,userId = 0
04-27 20:19:31.167  5429  8526 D ApplicationPolicy: isStatusBarNotificationAllowedAsUser: packageName = com.android.systemui,userId = -1
04-27 20:19:31.167  5429  8526 D ApplicationPolicy: isStatusBarNotificationAllowedAsUser: converting userId from USER_ALLto 0
04-27 20:19:31.173  5878  5878 D PowerUI : Battery swelling mode - priorBatterySwellingMode = 0 mBatterySwellingMode = 0 mBatteryStatus = 2
04-27 20:19:31.174  5878  5878 I PowerUI : mBatteryMiscEvent = 65536
04-27 20:19:31.175  5878  5878 D KeyguardUpdateMonitor: received broadcast android.intent.action.BATTERY_CHANGED
04-27 20:19:31.175  5878  5878 D SamsungBatteryMeterDrawable: onBatteryLevelChanged isSomethingChanged: false
04-27 20:19:31.175  5878  5878 D SamsungBatteryMeterDrawable: onBatteryLevelChanged isSomethingChanged: false
04-27 20:19:31.175  5878  5878 D SamsungBatteryMeterDrawable: onBatteryLevelChanged isSomethingChanged: false
04-27 20:19:31.176  5878  5878 D SamsungBatteryMeterDrawable: onBatteryLevelChanged isSomethingChanged: false
04-27 20:19:31.176  5878  5878 I AODBatteryManager: updateBatteryData: ACTION_BATTERY_CHANGED
04-27 20:19:31.177  5878  5878 I AODBatteryManager: saveBatteryData : AOD BatteryData [mBatteryLevel=72, mBatteryStatus=CHARGING, mBatteryPlugType=USB, mBatteryPlugged=true, mRemainingChargeTime=2650000, mBatteryChargingType=2, mBatteryChargerType=FAST, mBatteryOnline=NOT_DEFINED, mBatterySwellingMode=NONE, mBatteryProtectMode=false]
04-27 20:19:31.177  5878  5878 I ChargingInfoManager: updateChargingInfo: newState = AOD ChargingInfo [mState=BATTERY_AND_REMAIN_TIME, mIsCharging=true, mIsFullyCharged=false, mIsBatteryProtectMode=false], oldState = AOD ChargingInfo [mState=BATTERY_AND_REMAIN_TIME, mIsCharging=true, mIsFullyCharged=false, mIsBatteryProtectMode=false]
04-27 20:19:31.179  5878  5878 D KeyguardUpdateMonitor: handleBatteryUpdate
04-27 20:19:31.196  5878  5878 D KeyguardSecIndicationController: addIndicationTimeout() returned - unlocking
04-27 20:19:31.196  5878  5878 D KeyguardSecIndicationController: addIndication() returned - unlocking
04-27 20:19:31.197  5878  5878 D KeyguardSecIndicationPolicy:  remove Item pos = DEFAULT, type =           OWNER_INFO
04-27 20:19:31.197  5878  5878 D KeyguardSecIndicationController: addBatteryAndOwnerInfoIndication() battery status = BatteryStatus{status=2,level=72,plugged=2,health=2,maxChargingWattage=-1,remaining=2650000ultraFastCharger=1}
04-27 20:19:31.197  5878  5878 I ChargingInfoView: handleMessage: MSG_SHOW_CHARGING_INFO
04-27 20:19:31.197  5878  5878 I ChargingInfoView: updateContents: BATTERY_AND_REMAIN_TIME
04-27 20:19:31.197  5878  5878 I ChargingInfoView: handleMessage: MSG_SHOW_CHARGING_INFO
04-27 20:19:31.197  5878  5878 I ChargingInfoView: updateContents: BATTERY_AND_REMAIN_TIME
04-27 20:19:31.395  6323  6323 I Launcher.NotificationListener: onNotificationPosted : com.android.systemui number : 0
04-27 20:19:31.396  5785  5785 I FreeformContainer: [SmartPopupViewService] onNotificationPosted: StatusBarNotification(pkg=com.android.systemui user=UserHandle{-1} id=2131428972 tag=charging_state key=-1|com.android.systemui|2131428972|charging_state|10054: Notification(channel=CHR shortcut=null contentView=null vibrate=null sound=null defaults=0x0 flags=0xa color=0xff5075a1 category=sys groupKey=CHARGING vis=PUBLIC semFlags=0x0 semPriority=0 semMissedCount=0))
04-27 20:19:31.396  5785  5785 V FreeformContainer: [SmartPopupViewService] isSmartPopupViewTarget: com.android.systemui is not enabled
04-27 20:19:31.397  9209  9748 I NotificationPipeline: Processing new notification: -1|com.android.systemui|2131428972|charging_state|10054
04-27 20:19:31.397  9209  9748 W Notification4Heart_NB: NotificationBridgeCallback.onNotificationPosted-Ignored package : [-1] com.android.systemui
04-27 20:19:31.419  5878  5878 D PluginAODManager: onNotificationInfoUpdated() 0
04-27 20:19:31.419  5878  5878 I AODNotificationManager: updateVisibleNotifications: 0
04-27 20:19:31.419  5878  5878 I a       : updateStatusBarNotifications: open
04-27 20:19:31.419  5878  5878 I a       : updateStatusBarNotifications: open
04-27 20:19:31.601  5878  5878 D BubblesManager: onEntryUpdated : shouldBubbleUp=false ,key=-1|com.android.systemui|2131428972|charging_state|10054
04-27 20:19:31.645  5878  5878 I FaceWidgetPositionAlgorithm: getClockContainerHeight() supplier = 270, bottom margin = 0, real height = 333
04-27 20:19:31.646  5878  5878 I FaceWidgetPositionAlgorithm: getClockContainerHeight() supplier = 270, bottom margin = 63, real height = 333
04-27 20:19:31.646  5878  5878 I FaceWidgetPositionAlgorithm: getMediaContainerHeight() height = 0 container Visibility = 8, isValid = false, mIsDozing = false, fraction = 1.0, source = 0, target = 0
04-27 20:19:31.646  5878  5878 I FaceWidgetPositionAlgorithm: getMediaContainerHeight() supplier = 0
04-27 20:19:31.669  5878  5878 D PluginAODManager: onNotificationInfoUpdated() 0
04-27 20:19:31.670  5878  5878 I AODNotificationManager: updateVisibleNotifications: 0
04-27 20:19:31.670  5878  5878 I a       : updateStatusBarNotifications: open
04-27 20:19:31.670  5878  5878 I a       : updateStatusBarNotifications: open
04-27 20:19:31.704  5878  5878 I FaceWidgetPositionAlgorithm: getClockContainerHeight() supplier = 270, bottom margin = 0, real height = 333
04-27 20:19:31.705  5878  5878 I FaceWidgetPositionAlgorithm: getClockContainerHeight() supplier = 270, bottom margin = 63, real height = 333
04-27 20:19:31.705  5878  5878 I FaceWidgetPositionAlgorithm: getMediaContainerHeight() height = 0 container Visibility = 8, isValid = false, mIsDozing = false, fraction = 1.0, source = 0, target = 0
04-27 20:19:31.706  5878  5878 I FaceWidgetPositionAlgorithm: getMediaContainerHeight() supplier = 0
04-27 20:19:31.761  5878  5878 I FaceWidgetPositionAlgorithm: getClockContainerHeight() supplier = 270, bottom margin = 0, real height = 333
04-27 20:19:31.761  5878  5878 I FaceWidgetPositionAlgorithm: getClockContainerHeight() supplier = 270, bottom margin = 63, real height = 333
04-27 20:19:31.761  5878  5878 I FaceWidgetPositionAlgorithm: getMediaContainerHeight() height = 0 container Visibility = 8, isValid = false, mIsDozing = false, fraction = 1.0, source = 0, target = 0
04-27 20:19:31.761  5878  5878 I FaceWidgetPositionAlgorithm: getMediaContainerHeight() supplier = 0
04-27 20:19:31.765  5878  5878 D PluginAODManager: onNotificationInfoUpdated() 0
04-27 20:19:31.765  5878  5878 I AODNotificationManager: updateVisibleNotifications: 0
04-27 20:19:31.765  5878  5878 I a       : updateStatusBarNotifications: open
04-27 20:19:31.765  5878  5878 I a       : updateStatusBarNotifications: open
04-27 20:19:31.961 26164 26187 D Benchmark: timeNs[ 0:10]: 638900961 645986192 645805422 641788653 643433846 644141538 640118730 629614923 654071115 636383999
04-27 20:19:31.961 26164 26187 D Benchmark: timeNs[10:20]: 664317192 635296230 627380423 658154538 645560807 651710077 650333192 642171346 653616808 649163499
04-27 20:19:31.961 26164 26187 D Benchmark: timeNs[20:30]: 647031730 635018730 675509807 639262999 642253538 657355538 660981461 666109230 650268499 635822499
04-27 20:19:31.962 26164 26187 D Benchmark: timeNs[30:40]: 652542038 660048307 659509538 649001577 641137884 642334807 663255384 646855077 637576499 643271845
04-27 20:19:31.962 26164 26187 D Benchmark: timeNs[40:50]: 645580461 635866654 639745307 657724191 641378692 644497653 630762769 656591230 661225807 645772692
04-27 20:19:32.019  5095  5095 I SurfaceFlinger: SFWD update time=21881212207616
04-27 20:19:32.135  5429  7411 D SemWifiUsabilityStatsMonitor: onWifiUsabilityStats - seqNum 3864, isSameBssidAndFreq true
04-27 20:19:32.142  5878  5878 D NetworkController.WifiSignalController: notifyListener: visible=true, connected=true, inetCondition=1, isDefault=true, wifiTestReported=true, receivedInetCondition=-1, hideDuringMobileSwitching=false
04-27 20:19:32.143  5429  5717 I SemWifiLinkQualityMonitor: Link Qos Query: 0.148 ms / 54.000 Mbps (72 / 0.000 / 1.333)
04-27 20:19:32.144  5878  6043 D Tile.WifiTile: handleUpdateState isTransient=false transientEnabling =false cb.isTransient=false state.state = 2 mStateBeforeClick.value =false enabled =true
04-27 20:19:32.248  5429 31862 D TrafficStats: tagSocket(831) with statsTag=0xffffffff, statsUid=-1
04-27 20:19:32.253  5429 31862 D TrafficStats: tagSocket(854) with statsTag=0xffffffff, statsUid=-1
04-27 20:19:32.457  5429 31862 D WifiConnectivityMonitor.DnsThread:  [|210] []
04-27 20:19:32.459  5429  5738 D WifiConnectivityMonitor.NetworkStatsAnalyzer: DNS resultType : 0, responseTime : 210
04-27 20:19:32.460  5429  5736 D OpenNetworkQos[4.00]: updateBssidLatestDnsResultType - result: 0
04-27 20:19:32.460  5429  5736 D OpenNetworkQos[4.00]: updateBssidNoInternet: mBssidNoInternet = false
04-27 20:19:32.460  5429  5736 D OpenNetworkQos[4.00]: getOpenNetworkQosNoInternetStatus: false
04-27 20:19:32.460  5429  5736 D OpenNetworkQos[4.00]: getOpenNetworkQosScores: 26 25 0
04-27 20:19:32.461  5429  5736 I WifiProfileShare: network QoS data was changed (internet), updateQoSData networkType: true, qosData: false
04-27 20:19:32.461  5429  7167 V WifiProfileShare.Caster: update wips network, size: 0
04-27 20:19:32.461  5429  7167 D WifiProfileShare: nearby scanning settings run
04-27 20:19:32.462  5429  7167 D WifiProfileShare: network score provider settings enabled
04-27 20:19:32.462  5429  7167 D OpenNetworkQos[4.00]: getOpenNetworkQosScores: 26 25 0
04-27 20:19:32.462  5429  7167 D OpenNetworkQos[4.00]: getOpenNetworkQosNoInternetStatus: false
04-27 20:19:32.462  5429  7167 I WifiProfileShare.Caster: current network type: 0, score: [26, 25, 0]
04-27 20:19:32.464  5429  7167 V WifiProfileShare.Cache: update network score 0c:8d:db:**:**:7d
04-27 20:19:32.465  5429  7167 D WifiProfileShare.ScanMatcher: getMcfDataList size:20
04-27 20:19:32.466  5429  7167 I WifiProfileShare.Caster: qos data was updated , before:type:QOS, pBssid:e8:51:71, qosData:78 after:type:QOS, pBssid:e8:51:71, qosData:78
04-27 20:19:32.468  5429  7167 I [MCFSDK_android_1.2.4010]_4_b: isNetworkEnabled - type : 1 ret : true
04-27 20:19:32.469  5429  7167 D WifiProfileShare.McfCast: -ME--- mIsNetworkEnabled :true
04-27 20:19:32.469  5429  7167 D WifiProfileShare.McfCast: updateQoSData ignored, same contents
04-27 20:19:32.469  5429  7167 D WifiProfileShare.MCF: success update QosData !
04-27 20:19:32.470  5429  7167 I [MCFSDK_android_1.2.4010]_4_b: isNetworkEnabled - type : 1 ret : true
04-27 20:19:32.470  5429  7167 D WifiProfileShare.McfCast: -ME--- mIsNetworkEnabled :true
04-27 20:19:32.470  5429  7167 D WifiProfileShare.McfCast: -ME--- updatePasswordDate pwdData size:20
04-27 20:19:33.478  5429  5749 D BrightnessHandler: inject brightness = 160.0, Brightness: 0.62729406
04-27 20:19:33.480  4993  4993 I SensorsHub: LightSensor::injectSensorData: brightness 160
04-27 20:19:33.481  5429  5749 D BrightnessHandler: inject brightness = 160.0, Brightness: 0.62729406
04-27 20:19:33.482  4993  4993 I SensorsHub: LightSensor::injectSensorData: brightness 160
04-27 20:19:33.485  5047  5047 I SehLight: lcd : 160+
04-27 20:19:33.486  5047  5047 I SehLight: lcd : 160-
04-27 20:19:35.177  5429  7411 D SemWifiUsabilityStatsMonitor: onWifiUsabilityStats - seqNum 3865, isSameBssidAndFreq true
04-27 20:19:35.181  5429  5717 I SemWifiLinkQualityMonitor: Link Qos Query: 0.111 ms / 72.000 Mbps (72 / 0.000 / 1.000)
04-27 20:19:35.183  5878  5878 D NetworkController.WifiSignalController: notifyListener: visible=true, connected=true, inetCondition=1, isDefault=true, wifiTestReported=true, receivedInetCondition=-1, hideDuringMobileSwitching=false
04-27 20:19:35.185  5878  6043 D Tile.WifiTile: handleUpdateState isTransient=false transientEnabling =false cb.isTransient=false state.state = 2 mStateBeforeClick.value =false enabled =true
04-27 20:19:35.279  6118  6611 W bt_stack: pause_registered_clients()
04-27 20:19:35.280  6118  6611 W bt_stack: le_scanning_manager :: OnPause()
04-27 20:19:35.280  6118  6611 W bt_stack: Stop LeSetScanEnable
04-27 20:19:35.280  6118  6611 W bt_stack: le_scanning_manager :: OnPause() - call AckPause
04-27 20:19:35.280  6118  6611 W bt_stack: le_impl :: OnPause()
04-27 20:19:35.280  6118  6611 W bt_stack: le_impl :: ConnectabilityState is DISARMED. Call AckPause()
04-27 20:19:35.283  6118  6611 W bt_stack: le_address_manager :: ack_pause()
04-27 20:19:35.283  6118  6611 W bt_stack: le_address_manager :: ack_pause() - make sure all client paused. Return
04-27 20:19:35.284  6118  6611 W bt_stack: le_address_manager :: ack_pause()
04-27 20:19:35.284  6118  6611 W bt_stack: le_address_manager :: ack_pause() - handle_next_command
04-27 20:19:35.284  6118  6611 W bt_stack: handle_next_command()
04-27 20:19:35.294  6118  6611 W bt_stack: Received command complete with op_code LE_SET_RANDOM_ADDRESS
04-27 20:19:35.294  6118  6611 W bt_stack: le_scanning_manager :: OnResume()
04-27 20:19:35.295  6118  6611 W bt_stack: Start LeSetScan
04-27 20:19:35.295  6118  6611 W bt_stack: le_scanning_manager :: OnResume() - call AckResume
04-27 20:19:35.295  6118  6611 W bt_stack: le_impl :: OnResume()
04-27 20:19:35.295  6118  6611 W bt_stack: le_impl :: check_for_unregister()
04-27 20:19:35.295  6118  6611 W bt_stack: le_address_manager :: ack_resume()
04-27 20:19:35.298  6118  6611 W bt_stack: le_address_manager :: ack_resume()
04-27 20:19:36.177  5878  5878 D SecPowerUI.Notification: showChargingNotice oldChargingType : 11 / currentChargingType : 11, oldChargingTime : 2650000 / mChargingTime : 2650000
04-27 20:19:36.177  5878  5878 D SecPowerUI.Notification: There is no change about charging status, so return!
04-27 20:19:38.221  5429  7411 D SemWifiUsabilityStatsMonitor: onWifiUsabilityStats - seqNum 3866, isSameBssidAndFreq true
04-27 20:19:38.226  5429  5717 I SemWifiLinkQualityMonitor: Link Qos Query: 0.111 ms / 72.000 Mbps (72 / 0.000 / 1.000)
04-27 20:19:38.986 26164 26187 W _benchmark.test: Suspending all threads took: 7.482ms
04-27 20:19:38.988 26164 26187 D Benchmark: allocationCount[ 0:10]: 16515860 16515866 16515856 16515857 16515848
04-27 20:19:38.988 26164 26187 D Benchmark: Set 26187 (Bench thread) to priority -8. Was -20, now -8
04-27 20:19:38.988 26164 26187 D Benchmark: Set 26172 (Jit) to priority 9. Was -15, now 9
04-27 20:19:38.988 26164 26187 D Benchmark: Warmup: t=19.561, iter=30, fastAvg=655963136, slowAvg=735923456
04-27 20:19:38.989 26164 26187 I PerfettoCapture: Stopping perfetto.
04-27 20:19:39.029 30622 30622 I perfetto:    perfetto_cmd.cc:1168 SIGINT/SIGTERM received: disabling tracing.
04-27 20:19:39.033 26164 26187 D Benchmark: kill -TERM command output -
04-27 20:19:39.045  5130  5130 I perfetto:  probes_producer.cc:396 Producer stop (id=141)
04-27 20:19:39.049  5130  5130 I perfetto:    ftrace_procfs.cc:342 disabled ftrace in /sys/kernel/tracing/
04-27 20:19:39.116  4389  4389 I hwservicemanager: getTransport: Cannot find entry android.hardware.atrace@1.0::IAtraceDevice/default in either framework or device VINTF manifest.
04-27 20:19:39.121  5130  5130 I perfetto:  probes_producer.cc:396 Producer stop (id=142)
04-27 20:19:39.122  5130  5130 I perfetto:  probes_producer.cc:396 Producer stop (id=143)
04-27 20:19:39.310 30622 30622 I perfetto:    perfetto_cmd.cc:1124 Trace written into the output file
04-27 20:19:39.345  5131  5131 I perfetto: ng_service_impl.cc:2426 Tracing session 36 ended, total sessions:0
04-27 20:19:39.646 26164 26187 D Benchmark: Waiting 500 ms for [ProcessPid(processName=perfetto, pid=30622)] to die
04-27 20:19:39.774 26164 26187 I PerfettoCapture: Writing to /storage/emulated/0/Android/data/org.jetbrains.android_benchmark.test/cache/Wolf3dBenchmark_inlineFloat_2023-04-27-18-19-38.perfetto-trace.
04-27 20:19:40.289  5429  5705 I ChimeraAggressivePolicyHandler: executePolicy() - triggerSource: TRIGGER_SOURCE_LMKD
04-27 20:19:40.290  5429  5705 I ChimeraAggressivePolicyHandler: available memory: 925404, free memory target: 870400, quit chimera
04-27 20:19:41.152  5067  5067 E sehhealth-service: Could not open /sys/class/power_supply/battery/lrp
04-27 20:19:41.161  5429  5602 D MotionRecognitionService: [SAR]  onReceive : ACTION_BATTERY_CHANGED, Plugged: 2
04-27 20:19:41.164  5429  5429 D PhoneWindowManagerExt: ACTION_BATTERY_CHANGED - Level=73, status=2
04-27 20:19:41.165  5429  5429 D SemWifiApBroadcastReceiver: Received : android.intent.action.BATTERY_CHANGED
04-27 20:19:41.170  5878  5878 I PowerUI : mBootCompleted = true |  mFullyConnected = true
04-27 20:19:41.171  5878  5878 W PowerUI : Plug reason
04-27 20:19:41.171  5878  5878 W PowerUI : Skip charging animation - by plug status
04-27 20:19:41.171  5878  5878 D PowerUI : priorPlugType = 2 mPlugType = 2 priorBatteryStatus = 2 mBatteryStatus = 2
04-27 20:19:41.172  5878  5878 W PowerUI : Plug reason
04-27 20:19:41.172  5878  5878 W PowerUI : Skip charging sound - by plug status
04-27 20:19:41.172  5878  5878 I PowerUI : oldMisalign : false, curMisalign : false
04-27 20:19:41.172  5878  7994 D SecPowerUI.Notification: dismissing low battery warning: level=73
04-27 20:19:41.172  5878  7994 D SecPowerUI.Notification: updateNotification mWarning=false mPlaySound=false
04-27 20:19:41.172  5878  7994 D SecPowerUI.Notification: SecBatteryStatsSnapshot{batteryLevel=73, currentBatteryMode=0, chargingTime=2650000, chargingType=11, batteryHealth=2, automaticTestMode=false, isHiccupState=false}
04-27 20:19:41.166  5787  5787 D SemBigDataInfoController: Intent: android.intent.action.BATTERY_CHANGED
04-27 20:19:41.175  5787  5787 D SemBigDataInfoController: Intent: android.intent.action.BATTERY_CHANGED
04-27 20:19:41.177  5878  7994 D SecPowerUI.Notification: 1. restoreScreenTimeOut - saved_value : :
04-27 20:19:41.177  5878  7994 E SecPowerUI.Notification: no saved value, so we do nothing !!
04-27 20:19:41.177  5878  5878 D SecPowerUI.Notification: showChargingNotice oldChargingType : 11 / currentChargingType : 11, oldChargingTime : 2650000 / mChargingTime : 2642000
04-27 20:19:41.177  5878  5878 D SecPowerUI.Notification: showChargingNotification()
04-27 20:19:41.177  5878  5878 D SecPowerUI.Notification: SecBatteryStatsSnapshot{batteryLevel=73, currentBatteryMode=0, chargingTime=2642000, chargingType=11, batteryHealth=2, automaticTestMode=false, isHiccupState=false}
04-27 20:19:41.203  5429  8528 D ApplicationPolicy: isStatusBarNotificationAllowedAsUser: packageName = com.android.systemui,userId = 0
04-27 20:19:41.203  5429  8528 D ApplicationPolicy: isStatusBarNotificationAllowedAsUser: packageName = com.android.systemui,userId = -1
04-27 20:19:41.204  5429  8528 D ApplicationPolicy: isStatusBarNotificationAllowedAsUser: converting userId from USER_ALLto 0
04-27 20:19:41.209  5878  5878 D PowerUI : Battery swelling mode - priorBatterySwellingMode = 0 mBatterySwellingMode = 0 mBatteryStatus = 2
04-27 20:19:41.209  5878  5878 I PowerUI : mBatteryMiscEvent = 65536
04-27 20:19:41.210  5878  5878 D KeyguardUpdateMonitor: received broadcast android.intent.action.BATTERY_CHANGED
04-27 20:19:41.210  5878  5878 D SamsungBatteryMeterDrawable: onBatteryLevelChanged isSomethingChanged: true
04-27 20:19:41.211  5878  5878 D SamsungBatteryMeterDrawable: onBatteryLevelChanged isSomethingChanged: true
04-27 20:19:41.212  5878  5878 D SamsungBatteryMeterDrawable: onBatteryLevelChanged isSomethingChanged: true
04-27 20:19:41.212  5878  5878 D SamsungBatteryMeterDrawable: onBatteryLevelChanged isSomethingChanged: true
04-27 20:19:41.212  5878  5878 I AODBatteryManager: updateBatteryData: ACTION_BATTERY_CHANGED
04-27 20:19:41.213  5878  5878 I AODBatteryManager: saveBatteryData : AOD BatteryData [mBatteryLevel=73, mBatteryStatus=CHARGING, mBatteryPlugType=USB, mBatteryPlugged=true, mRemainingChargeTime=2642000, mBatteryChargingType=2, mBatteryChargerType=FAST, mBatteryOnline=NOT_DEFINED, mBatterySwellingMode=NONE, mBatteryProtectMode=false]
04-27 20:19:41.213  5878  5878 I ChargingInfoManager: updateChargingInfo: newState = AOD ChargingInfo [mState=BATTERY_AND_REMAIN_TIME, mIsCharging=true, mIsFullyCharged=false, mIsBatteryProtectMode=false], oldState = AOD ChargingInfo [mState=BATTERY_AND_REMAIN_TIME, mIsCharging=true, mIsFullyCharged=false, mIsBatteryProtectMode=false]
04-27 20:19:41.214  5878  5878 D KeyguardUpdateMonitor: handleBatteryUpdate
