04-24 04:29:03.714 24372 24372 D nativeloader: Configuring classloader-namespace for other apk /data/app/~~MzvrqyELbRDtnebB8F8f9Q==/com.Slack-6VpdGVQ_ucmXiBd5yDiNKg==/base.apk:/data/app/~~MzvrqyELbRDtnebB8F8f9Q==/com.Slack-6VpdGVQ_ucmXiBd5yDiNKg==/split_config.arm64_v8a.apk:/data/app/~~MzvrqyELbRDtnebB8F8f9Q==/com.Slack-6VpdGVQ_ucmXiBd5yDiNKg==/split_config.xxhdpi.apk. target_sdk_version=33, uses_libraries=, library_path=/data/app/~~MzvrqyELbRDtnebB8F8f9Q==/com.Slack-6VpdGVQ_ucmXiBd5yDiNKg==/lib/arm64:/data/app/~~MzvrqyELbRDtnebB8F8f9Q==/com.Slack-6VpdGVQ_ucmXiBd5yDiNKg==/base.apk!/lib/arm64-v8a:/data/app/~~MzvrqyELbRDtnebB8F8f9Q==/com.Slack-6VpdGVQ_ucmXiBd5yDiNKg==/split_config.arm64_v8a.apk!/lib/arm64-v8a:/data/app/~~MzvrqyELbRDtnebB8F8f9Q==/com.Slack-6VpdGVQ_ucmXiBd5yDiNKg==/split_config.xxhdpi.apk!/lib/arm64-v8a, permitted_path=/data:/mnt/expand:/data/user/0/com.Slack
04-24 04:29:03.718 24371 24371 D NetworkSecurityConfig: No Network Security Config specified, using platform default
04-24 04:29:03.721 24371 24371 D NetworkSecurityConfig: No Network Security Config specified, using platform default
04-24 04:29:03.751 24372 24372 W com.Slack: JIT profile information will not be recorded: profile file does not exist.
04-24 04:29:03.751 24372 24372 W com.Slack: JIT profile information will not be recorded: profile file does not exist.
04-24 04:29:03.755  5635  6215 I ChimeraAggressivePolicyHandler: executePolicy() - triggerSource: TRIGGER_SOURCE_LMKD
04-24 04:29:03.757  5635  6215 I ChimeraAggressivePolicyHandler: memAvailable: 831608, memFreeTarget: 870400, releaseTarget:38792, protectedLruCount: 10
04-24 04:29:03.771 24255 24317 D CompatibilityChangeReporter: Compat change id reported: 160794467; UID 10268; state: ENABLED
04-24 04:29:03.783  5635  6264 D NetdEventListenerService: DNS Requested by : 100, 10229
04-24 04:29:03.788  5635  6215 I NSLocationMonitor: getGPSUsingApps() called
04-24 04:29:03.794 24372 24372 V GraphicsEnvironment: ANGLE Developer option for 'com.Slack' set to: 'default'
04-24 04:29:03.794 24372 24372 V GraphicsEnvironment: ANGLE GameManagerService for com.Slack: false
04-24 04:29:03.794 24372 24372 V GraphicsEnvironment: Neither updatable production driver nor prerelease driver is supported.
04-24 04:29:03.801 24372 24372 D NetworkSecurityConfig: No Network Security Config specified, using platform default
04-24 04:29:03.801  7192  7356 I NSLocationManager_FLP: getGPSUsingApps, NO_FREEZE={5013} / FREEZE={10234}
04-24 04:29:03.805 24372 24372 D NetworkSecurityConfig: No Network Security Config specified, using platform default
04-24 04:29:03.807 21675 21691 I BadgeProvider: query, [selection] : package=?
04-24 04:29:03.808 14067 14118 D TrafficStats: tagSocket(145) with statsTag=0x4be64f9b, statsUid=-1
04-24 04:29:03.814 21675 21691 E DatabaseUtils: Writing exception to parcel
04-24 04:29:03.814 21675 21691 E DatabaseUtils: java.lang.SecurityException: Permission Denial: writing com.sec.android.provider.badge.BadgeProvider uri content://com.sec.badge/apps?notify=true from pid=24255, uid=10268 requires com.sec.android.provider.badge.permission.WRITE, or grantUriPermission()
04-24 04:29:03.814 21675 21691 E DatabaseUtils: 	at android.content.ContentProvider.enforceWritePermissionInner(ContentProvider.java:1025)
04-24 04:29:03.814 21675 21691 E DatabaseUtils: 	at android.content.ContentProvider.semEnforceWritePermission(ContentProvider.java:951)
04-24 04:29:03.814 21675 21691 E DatabaseUtils: 	at android.content.ContentProvider$Transport.enforceWritePermission(ContentProvider.java:730)
04-24 04:29:03.814 21675 21691 E DatabaseUtils: 	at android.content.ContentProvider$Transport.update(ContentProvider.java:462)
04-24 04:29:03.814 21675 21691 E DatabaseUtils: 	at android.content.ContentProviderNative.onTransact(ContentProviderNative.java:231)
04-24 04:29:03.814 21675 21691 E DatabaseUtils: 	at android.os.Binder.execTransactInternal(Binder.java:1321)
04-24 04:29:03.814 21675 21691 E DatabaseUtils: 	at android.os.Binder.execTransact(Binder.java:1280)
04-24 04:29:03.817  5635  6215 I ChimeraAggressivePolicyHandler: Start doKill, protected policy: NORMAL
04-24 04:29:03.818  5635  6215 I ChimeraAggressivePolicyHandler: Killed on trigger0 : com.twitter.android[22345], freed: 95439, 10083[22345]:G1(0x1) score=49.8(22 10/10 95439), pids: 22345 / stats: 19 / adjs: 975
04-24 04:29:03.818 21675 21675 I BadgeCountReceiver: badge intent : Intent { act=android.intent.action.BADGE_COUNT_UPDATE flg=0x1000010 cmp=com.sec.android.provider.badge/.BadgeCountReceiver (has extras) }
04-24 04:29:03.818 21675 21675 I BadgeCountReceiver: packageName: org.telegram.messenger, className: org.telegram.messenger.NoxIcon, count: 0
04-24 04:29:03.827  6839  6839 I BadgeCountUpdaterImpl: onChange
04-24 04:29:03.833  5635  6215 I ChimeraAggressivePolicyHandler: kill complete: killed 1 apps, freed 95439 KB
04-24 04:29:03.833  5635  6215 I ChimeraAggressivePolicyHandler: Skipped reason: LR, pids: 21331
04-24 04:29:03.833  5635  6215 I ChimeraAggressivePolicyHandler: Skipped reason: CA, pids: 13505 21602 28208 24121
04-24 04:29:03.833  5635  6215 I ChimeraAggressivePolicyHandler: Skipped reason: PE, pids: 6721 5635 21125 21126 8394 6730 8333 10384 6673 6355 7192 15320 6298 6748 28898 6691 6374 12392 14573 8366 24371 2483 6708 2228 24372 8314 7231
04-24 04:29:03.833  5635  6215 I ChimeraAggressivePolicyHandler: Skipped reason: SE, pids: 24255
04-24 04:29:03.833  5635  6215 I ChimeraAggressivePolicyHandler: Processing time(ms) 78
04-24 04:29:03.837 21675 21675 I BadgeProvider: sendNotify entered. [uri] : content://com.sec.badge/apps
04-24 04:29:03.838 21675 21675 I BadgeProvider: sendNotify, [notify] : null
04-24 04:29:03.838  6839  6839 I BadgeCountUpdaterImpl: onChange
04-24 04:29:03.838 21675 21675 I BadgeProvider: update, getCallingPackage() : com.sec.android.provider.badge
04-24 04:29:03.838 21675 21675 I BadgeProvider: update, [uri] : content://com.sec.badge/apps
04-24 04:29:03.838 21675 21675 I BadgeProvider: update, [uri.query] : null
04-24 04:29:03.838 21675 21675 I BadgeProvider: update, [BadgeCount] : badgecount=0
04-24 04:29:03.838 21675 21675 I BadgeProvider: update, [UpdateCount] : 1
04-24 04:29:03.843  5635  5712 I libprocessgroup: Successfully killed process cgroup uid 10083 pid 22345 in 15ms
04-24 04:29:03.843  5635  7198 W LocationManagerService: onFreezeStateChanged, uid[10083]=false
04-24 04:29:03.845  6673  7234 W BtGatt.GattService: unfreezeScan() - No AppScanStats found with uid: 10083
04-24 04:29:03.908 24371 24371 D CompatibilityChangeReporter: Compat change id reported: 194532703; UID 10230; state: ENABLED
04-24 04:29:03.994 28898 29249 I nightwatch-target: monitor resources last 600 iteration: 300618 msec
04-24 04:29:04.039  5241  5241 I Zygote  : Process 22345 exited due to signal 9 (Killed)
04-24 04:29:04.039  6839  7132 I BadgeCountUpdaterImpl: reload badge without refresh
04-24 04:29:04.043 21675 21691 I BadgeProvider: query, [selection] : null
04-24 04:29:04.056  6839  7132 I BadgeCache: update cache : com.vkontakte.android user : UserHandle{0}  count : 7
04-24 04:29:04.068  6839  7132 I BadgeCache: update cache : com.vkontakte.android user : UserHandle{0}  count : 1
04-24 04:29:04.076  6839  7132 I BadgeCache: reloadBadge size : 1
04-24 04:29:04.149 24372 24372 D CompatibilityChangeReporter: Compat change id reported: 183155436; UID 10329; state: ENABLED
04-24 04:29:04.169 24255 24308 D CompatibilityChangeReporter: Compat change id reported: 194532703; UID 10268; state: DISABLED
04-24 04:29:04.205 24255 24304 I AppWidgetManager: notifyAppWidgetViewDataChanged() appWidgetIds = [43], viewId = 2131230850
04-24 04:29:04.243 14067 14144 D Volley  : [208] agcb.d: java.io.FileNotFoundException: /data/user/0/com.android.vending/cache/main/UTJbK2ecUh9wWPOdQuKuLiM572o: open failed: ENOENT (No such file or directory) - Failed to write header for /data/user/0/com.android.vending/cache/main/UTJbK2ecUh9wWPOdQuKuLiM572o. Cleaning up file succeeded: false
04-24 04:29:04.245 14067 14144 D Volley  : [208] agcb.m: Re-initializing cache after external clearing.
04-24 04:29:04.396  6298  6298 D TelephonyManager: requestModemActivityInfo: Sending result to app: ModemActivityInfo{ mTimestamp=155326949 mSleepTimeMs=29572957 mIdleTimeMs=8277201 mActivityStatsTechSpecificInfo=[{mRat=UNKNOWN,mFrequencyRange=UNKNOWN,mTxTimeMs[]=[38825, 33682, 22215, 348, 136354],mRxTimeMs=83687817}]}
04-24 04:29:04.444  6374  6652 D MobileStatusTracker(1/2): onSignalStrengthsChanged level=2, vendorLevel=1
04-24 04:29:04.445  6374  6652 D MobileSignalController(1/2): notifyListener: enabled=true, connected=true, dataConnected=true, networkType=LTE/LTE_CA (4G+), emergencyOnly=false, roaming=false, isDefault=true, dataActivity=inout, level=1, ca=true, mmWave=false, disabledDataIcon=false, simCard=ETC
04-24 04:29:04.454  6374  6652 D NetworkController: SignalStrength from intent slotId=1
04-24 04:29:04.484 24372 24372 W BugsnagNDK: Initialization complete!
04-24 04:29:04.492  8394  8582 I SemDvfsHyPerManager: acquire hyper - SIOP_GPU_FREQ_MAX/8394@4, type = 536875010
04-24 04:29:04.493  5267  5300 I HYPER-HAL: [RequestManager.cpp]acquire(): Acquired ID : 35267405  [8394 / 4]    HINT :      list : [GPUMaxFreq / 683000]
04-24 04:29:04.494 24372 24450 D ConnectivityManager: StackLog: [android.net.ConnectivityManager.sendRequestForNetwork(ConnectivityManager.java:4191)] [android.net.ConnectivityManager.registerDefaultNetworkCallbackForUid(ConnectivityManager.java:4755)] [android.net.ConnectivityManager.registerDefaultNetworkCallback(ConnectivityManager.java:4722)] [android.net.ConnectivityManager.registerDefaultNetworkCallback(ConnectivityManager.java:4696)] [com.bugsnag.android.ConnectivityApi24.registerForNetworkChanges(Unknown Source:4)] [com.bugsnag.android.ConnectivityCompat.registerForNetworkChanges(Unknown Source:2)] [androidx.work.Worker$1.run(Unknown Source:357)] [java.util.concurrent.Executors$RunnableAdapter.call(Executors.java:463)] [java.util.concurrent.FutureTask.run(FutureTask.java:264)] [java.util.concurrent.ThreadPoolExecutor.runWorker(ThreadPoolExecutor.java:1137)] [java.util.concurrent.ThreadPoolExecutor$Worker.run(ThreadPoolExecutor.java:637)] [java.lang.Thread.run(Thread.java:1012)]
04-24 04:29:04.497  5635  7327 D ConnectivityService: requestNetwork for uid/pid:10329/24372 activeRequest: null callbackRequest: 8768 [NetworkRequest [ REQUEST id=8769, [ Capabilities: INTERNET&NOT_RESTRICTED&TRUSTED&NOT_VCN_MANAGED Uid: 10329 RequestorUid: 10329 RequestorPkg: com.Slack UnderlyingNetworks: Null] ]] callback flags: 0 order: 2147483647
04-24 04:29:04.498  5635  6162 D ConnectivityService:    accepting network in place of null
04-24 04:29:04.509  5635  6124 D WifiNetworkFactory: got request NetworkRequest [ REQUEST id=8769, [ Capabilities: INTERNET&NOT_RESTRICTED&TRUSTED&NOT_VCN_MANAGED Uid: 10329 RequestorUid: 10329 RequestorPkg: com.Slack UnderlyingNetworks: Null] ]
04-24 04:29:04.510  5635  6124 D UntrustedWifiNetworkFactory: got request NetworkRequest [ REQUEST id=8769, [ Capabilities: INTERNET&NOT_RESTRICTED&TRUSTED&NOT_VCN_MANAGED Uid: 10329 RequestorUid: 10329 RequestorPkg: com.Slack UnderlyingNetworks: Null] ]
04-24 04:29:04.512  5635  6124 D OemPaidWifiNetworkFactory: got request NetworkRequest [ REQUEST id=8769, [ Capabilities: INTERNET&NOT_RESTRICTED&TRUSTED&NOT_VCN_MANAGED Uid: 10329 RequestorUid: 10329 RequestorPkg: com.Slack UnderlyingNetworks: Null] ]
04-24 04:29:04.512  5635  6124 D MultiInternetWifiNetworkFactory: got request NetworkRequest [ REQUEST id=8769, [ Capabilities: INTERNET&NOT_RESTRICTED&TRUSTED&NOT_VCN_MANAGED Uid: 10329 RequestorUid: 10329 RequestorPkg: com.Slack UnderlyingNetworks: Null] ]
04-24 04:29:04.512  5635  6162 D ConnectivityService: Rematched networks [computed 0ms] [applied 1ms] [issued 14]
04-24 04:29:04.513  5635  6162 D ConnectivityService: NetworkReassignment :
04-24 04:29:04.513  5635  6162 D ConnectivityService:   8769 : null  100
04-24 04:29:04.732  5635  7327 D PackageManager: setEnabledSetting : userId = 0 packageName = com.Slack cmp = androidx.work.impl.background.systemjob.SystemJobService newState = 1 callingPackage = 10329/com.Slack
04-24 04:29:04.734  5635  7327 D ApplicationPolicy: getApplicationStateEnabled : pkg = com.Slack userId : 0
04-24 04:29:04.738  5635  7327 D ApplicationPolicy: getApplicationComponentState : pkg = com.Slack userId : 0
04-24 04:29:04.837  5241  5241 D Zygote  : Forked child process 24485
04-24 04:29:04.885 24485 24485 I e.process.gapps: Using CollectorTypeCC GC.
04-24 04:29:04.885 24372 24479 D CompatibilityChangeReporter: Compat change id reported: 160794467; UID 10329; state: ENABLED
04-24 04:29:04.901 24485 24485 E e.process.gapps: Not starting debugger since process cannot load the jdwp agent.
04-24 04:29:04.922 24485 24485 W libc    : Access denied finding property "sys.perf.boostopt"
04-24 04:29:04.922  5216  5216 E audit   : type=1400 audit(1682303344.919:57542): avc:  denied  { read } for  pid=24485 comm="e.process.gapps" name="u:object_r:perf_prop:s0" dev="tmpfs" ino=17922 scontext=u:r:priv_app:s0:c512,c768 tcontext=u:object_r:perf_prop:s0 tclass=file permissive=0 SEPF_SM-A515F_13_0001 audit_filtered
04-24 04:29:04.922  5216  5216 E audit   : type=1300 audit(1682303344.919:57542): arch=c00000b7 syscall=56 success=no exit=-13 a0=ffffff9c a1=7fd2cd8f88 a2=88000 a3=0 items=0 ppid=5241 pid=24485 auid=4294967295 uid=10226 gid=10226 euid=10226 suid=10226 fsuid=10226 egid=10226 sgid=10226 fsgid=10226 tty=(none) ses=4294967295 comm="e.process.gapps" exe="/system/bin/app_process64" subj=u:r:priv_app:s0:c512,c768 key=(null)
04-24 04:29:04.922  5216  5216 E audit   : type=1327 audit(1682303344.919:57542): proctitle="zygote64"
04-24 04:29:04.927 24485 24500 W libc    : Access denied finding property "sys.perf.boostopt"
04-24 04:29:04.927  5216  5216 E audit   : type=1400 audit(1682303344.923:57543): avc:  denied  { read } for  pid=24485 comm="binder:24485_1" name="u:object_r:perf_prop:s0" dev="tmpfs" ino=17922 scontext=u:r:priv_app:s0:c512,c768 tcontext=u:object_r:perf_prop:s0 tclass=file permissive=0 SEPF_SM-A515F_13_0001 audit_filtered
04-24 04:29:04.928 24485 24485 D ActivityThread: setConscryptValidator
04-24 04:29:04.928 24485 24485 D ActivityThread: setConscryptValidator - put
04-24 04:29:04.947 24485 24500 W libc    : Access denied finding property "sys.perf.boostopt"
04-24 04:29:04.950 24485 24485 D CompatibilityChangeReporter: Compat change id reported: 171979766; UID 10226; state: ENABLED
04-24 04:29:04.985 24372 24372 W FontsContract: Platform version of downloadable fonts is deprecated. Please use androidx version instead.
04-24 04:29:04.987 24485 24485 D nativeloader: Configuring classloader-namespace-shared for other apk /system/framework/org.apache.http.legacy.jar. target_sdk_version=33, uses_libraries=ALL, library_path=/system/system_ext/priv-app/GoogleServicesFramework/lib/arm64:/system/system_ext/priv-app/GoogleServicesFramework/GoogleServicesFramework.apk!/lib/arm64-v8a:/system/lib64:/system/system_ext/lib64, permitted_path=/data:/mnt/expand:/data/user/0/com.google.android.gsf:/system/system_ext/priv-app/GoogleServicesFramework:/system/lib64:/system/system_ext/lib64
04-24 04:29:04.987 24485 24485 D nativeloader: Extending system_exposed_libraries: libhumantracking.arcsoft.so:libPortraitDistortionCorrection.arcsoft.so:libPortraitDistortionCorrectionCali.arcsoft.so:libface_landmark.arcsoft.so:libFacialStickerEngine.arcsoft.so:libveengine.arcsoft.so:liblow_light_hdr.arcsoft.so:libhigh_dynamic_range.arcsoft.so:libFacialAttributeDetection.arcsoft.so:libBeauty_v4.camera.samsung.so:libexifa.camera.samsung.so:libjpega.camera.samsung.so:libOpenCv.camera.samsung.so:libImageScreener.camera.samsung.so:libMyFilter.camera.samsung.so:libtensorflowLite.myfilter.camera.samsung.so:libtensorflowlite_inference_api.myfilter.camera.samsung.so:libEventFinder.camera.samsung.so:libHIDTSnapJNI.camera.samsung.so:libSmartScan.camera.samsung.so:libRectify.camera.samsung.so:libDocRectifyWrapper.camera.samsung.so:libUltraWideDistortionCorrection.camera.samsung.so:libHpr_RecGAE_cvFeature_v1.0.camera.samsung.so:libHprFace_GAE_api.camera.samsung.so:libFace_Landmark_API.camera.samsung.so:libHprFace_GAE_jni.camera.samsung.so:libFacialBasedSelfieCorrec
04-24 04:29:05.001 21600  1535 I FontLog : Received query Lato, URI content://com.google.android.gms.fonts [CONTEXT service_id=132 ]
04-24 04:29:05.003 24372 24479 D CompatibilityChangeReporter: Compat change id reported: 194532703; UID 10329; state: ENABLED
04-24 04:29:05.004 21600  1535 I FontLog : Query [Lato] resolved to {Lato, wdth 100.0, wght 400, ital 0.0, bestEffort false} [CONTEXT service_id=132 ]
04-24 04:29:05.006 24485 24485 D nativeloader: Configuring classloader-namespace-shared for other apk /system/system_ext/priv-app/GoogleServicesFramework/GoogleServicesFramework.apk. target_sdk_version=33, uses_libraries=, library_path=/system/system_ext/priv-app/GoogleServicesFramework/lib/arm64:/system/system_ext/priv-app/GoogleServicesFramework/GoogleServicesFramework.apk!/lib/arm64-v8a:/system/lib64:/system/system_ext/lib64, permitted_path=/data:/mnt/expand:/data/user/0/com.google.android.gsf:/system/system_ext/priv-app/GoogleServicesFramework:/system/lib64:/system/system_ext/lib64
04-24 04:29:05.013 21600  1535 I FontLog : Fetch {Lato, wdth 100.0, wght 400, ital 0.0, bestEffort false} end status Status{statusCode=SUCCESS, resolution=null} [CONTEXT service_id=132 ]
04-24 04:29:05.019 21600  1535 I FontLog : Pulling font file for id = 140, cache size = 4 [CONTEXT service_id=132 ]
04-24 04:29:05.040 24372 24372 I Choreographer: Skipped 46 frames!  The application may be doing too much work on its main thread.
04-24 04:29:05.049  5635  5714 W libprocessgroup: Failed to open /dev/blkio//cgroup.procs: No such file or directory
04-24 04:29:05.069 24485 24485 V GraphicsEnvironment: ANGLE Developer option for 'com.google.android.gsf' set to: 'default'
04-24 04:29:05.069 24485 24485 V GraphicsEnvironment: ANGLE GameManagerService for com.google.android.gsf: false
04-24 04:29:05.069 24485 24485 V GraphicsEnvironment: Neither updatable production driver nor prerelease driver is supported.
04-24 04:29:05.078 24485 24485 D NetworkSecurityConfig: No Network Security Config specified, using platform default
04-24 04:29:05.081 24485 24485 D NetworkSecurityConfig: No Network Security Config specified, using platform default
04-24 04:29:05.138  5635  5714 W libprocessgroup: Failed to open /dev/blkio//cgroup.procs: No such file or directory
04-24 04:29:05.145 24485 24485 I GoogleHttpClient: GMS http client unavailable, use old client
04-24 04:29:05.239  5635  5714 W libprocessgroup: Failed to open /dev/blkio//cgroup.procs: No such file or directory
04-24 04:29:05.322 24372 24479 D ConnectivityManager: StackLog: [android.net.ConnectivityManager.sendRequestForNetwork(ConnectivityManager.java:4191)] [android.net.ConnectivityManager.registerDefaultNetworkCallbackForUid(ConnectivityManager.java:4755)] [android.net.ConnectivityManager.registerDefaultNetworkCallback(ConnectivityManager.java:4722)] [android.net.ConnectivityManager.registerDefaultNetworkCallback(ConnectivityManager.java:4696)] [androidx.work.impl.utils.NetworkApi24.registerDefaultNetworkCallbackCompat(Unknown Source:10)] [androidx.work.impl.constraints.trackers.NetworkStateTracker24.startTracking(Unknown Source:15)] [androidx.work.impl.constraints.controllers.ConstraintController.replace(Unknown Source:130)] [androidx.work.impl.constraints.WorkConstraintsTrackerImpl.replace(Unknown Source:41)] [androidx.work.impl.background.greedy.GreedyScheduler.schedule(Unknown Source:300)] [androidx.work.impl.Schedulers.schedule(Unknown Source:149)] [androidx.work.impl.WorkManagerImpl.rescheduleEligibleWork(Unknown Source:108)] [androidx.work.impl.utils.ForceStopRunnable.forceStopRunnable(Unknown Source:524)] [androidx.work.impl.utils.ForceStopRunnable.run(Unknown Source:74)] [androidx.work.Worker$2.run$androidx$work$impl$utils$SerialExecutorImpl$Task(Unknown Source:4)] [androidx.work.Worker$2.run(Unknown Source:868)] [java.util.concurrent.ThreadPoolExecutor.runWorker(ThreadPoolExecutor.java:1137)] [java.util.concurrent.ThreadPoolExecutor$Worker.run(ThreadPoolExecutor.java:637)] [java.lang.Thread.run(Thread.java:1012)]
04-24 04:29:05.325  5635  8921 D ConnectivityService: requestNetwork for uid/pid:10329/24372 activeRequest: null callbackRequest: 8770 [NetworkRequest [ REQUEST id=8771, [ Capabilities: INTERNET&NOT_RESTRICTED&TRUSTED&NOT_VCN_MANAGED Uid: 10329 RequestorUid: 10329 RequestorPkg: com.Slack UnderlyingNetworks: Null] ]] callback flags: 0 order: 2147483647
04-24 04:29:05.328  5635  6162 D ConnectivityService:    accepting network in place of null
04-24 04:29:05.347  5635  6124 D WifiNetworkFactory: got request NetworkRequest [ REQUEST id=8771, [ Capabilities: INTERNET&NOT_RESTRICTED&TRUSTED&NOT_VCN_MANAGED Uid: 10329 RequestorUid: 10329 RequestorPkg: com.Slack UnderlyingNetworks: Null] ]
04-24 04:29:05.347  5635  6124 D UntrustedWifiNetworkFactory: got request NetworkRequest [ REQUEST id=8771, [ Capabilities: INTERNET&NOT_RESTRICTED&TRUSTED&NOT_VCN_MANAGED Uid: 10329 RequestorUid: 10329 RequestorPkg: com.Slack UnderlyingNetworks: Null] ]
04-24 04:29:05.348  5635  6124 D OemPaidWifiNetworkFactory: got request NetworkRequest [ REQUEST id=8771, [ Capabilities: INTERNET&NOT_RESTRICTED&TRUSTED&NOT_VCN_MANAGED Uid: 10329 RequestorUid: 10329 RequestorPkg: com.Slack UnderlyingNetworks: Null] ]
04-24 04:29:05.349  5635  6124 D MultiInternetWifiNetworkFactory: got request NetworkRequest [ REQUEST id=8771, [ Capabilities: INTERNET&NOT_RESTRICTED&TRUSTED&NOT_VCN_MANAGED Uid: 10329 RequestorUid: 10329 RequestorPkg: com.Slack UnderlyingNetworks: Null] ]
04-24 04:29:05.349  5635  6162 D ConnectivityService: Rematched networks [computed 1ms] [applied 2ms] [issued 19]
04-24 04:29:05.349  5635  6162 D ConnectivityService: NetworkReassignment :
04-24 04:29:05.349  5635  6162 D ConnectivityService:   8771 : null  100
04-24 04:29:05.474 14067 14108 D PaySecureElementClient: Felica app not found; returning isSecureElementAvailable = false!
04-24 04:29:05.559  4621  4621 W keymaster_tee: [WRN]begin req PARAMS: A32 B32 P1
04-24 04:29:05.580  4621  4621 W keymaster_tee: [WRN]begin req PARAMS: A32 B2 P64
04-24 04:29:05.629  5635  6343 D PackageManager: setEnabledSetting : userId = 0 packageName = com.Slack cmp = androidx.work.impl.background.systemalarm.RescheduleReceiver newState = 1 callingPackage = 10329/com.Slack
04-24 04:29:05.631  5635  6343 D ApplicationPolicy: getApplicationStateEnabled : pkg = com.Slack userId : 0
04-24 04:29:05.633  5635  6343 D ApplicationPolicy: getApplicationComponentState : pkg = com.Slack userId : 0
04-24 04:29:05.684  5635  5714 W libprocessgroup: Failed to open /dev/blkio//cgroup.procs: No such file or directory
04-24 04:29:05.889 24255 24273 W libc    : Access denied finding property "sys.perf.boostopt"
04-24 04:29:06.040 24255 24454 I egram.messenger: IncrementDisableThreadFlip blocked for 9.273ms
04-24 04:29:06.316  5635  5714 W libprocessgroup: Failed to open /dev/blkio//cgroup.procs: No such file or directory
04-24 04:29:06.328  5635  5714 W libprocessgroup: Failed to open /dev/blkio//cgroup.procs: No such file or directory
04-24 04:29:06.536  5635  5714 W libprocessgroup: Failed to open /dev/blkio//cgroup.procs: No such file or directory
04-24 04:29:06.553 21675 21688 W libc    : Access denied finding property "sys.perf.boostopt"
04-24 04:29:06.554  5216  5216 E audit   : type=1400 audit(1682303346.551:57546): avc:  denied  { read } for  pid=21675 comm="binder:21675_1" name="u:object_r:perf_prop:s0" dev="tmpfs" ino=17922 scontext=u:r:platform_app:s0:c512,c768 tcontext=u:object_r:perf_prop:s0 tclass=file permissive=0 SEPF_SM-A515F_13_0001 audit_filtered
04-24 04:29:06.554  5216  5216 E audit   : type=1300 audit(1682303346.551:57546): arch=c00000b7 syscall=56 success=no exit=-13 a0=ffffff9c a1=709bdfb2f8 a2=88000 a3=0 items=0 ppid=5241 pid=21675 auid=4294967295 uid=10059 gid=10059 euid=10059 suid=10059 fsuid=10059 egid=10059 sgid=10059 fsgid=10059 tty=(none) ses=4294967295 comm="binder:21675_1" exe="/system/bin/app_process64" subj=u:r:platform_app:s0:c512,c768 key=(null)
04-24 04:29:06.554  5216  5216 E audit   : type=1327 audit(1682303346.551:57546): proctitle="com.kms.free"
04-24 04:29:06.554 21902 21902 I [SC]AutoBackupTriggerJobService: onCreate
04-24 04:29:06.615 21902 24530 I [SC]AutoBackupUtil: isAllowed: notAfw: true, mum: true, enabled: true, menu visible : true
04-24 04:29:06.618 21902 24530 I [SC]AutoBackupUtil: isAutoBackupOn: true
04-24 04:29:06.627 21902 21902 I [SC]AutoBackupTriggerJobService: onStopJob
04-24 04:29:06.632 21902 24530 I [SC]AutoBackupUtil: registerTriggerJob: Mon Apr 24 05:29:06 GMT+02:00 2023
04-24 04:29:06.633 21902 24530 I [SC]AutoBackupCondition: Bundle[{screenOff=false}] [Result: false]
04-24 04:29:06.641 21902 21902 I [SC]AutoBackupTriggerJobService: onDestroy
04-24 04:29:07.770  5635  6343 D PackageManager: setEnabledSetting : userId = 0 packageName = com.Slack cmp = androidx.work.impl.background.systemalarm.RescheduleReceiver newState = 1 callingPackage = 10329/com.Slack
04-24 04:29:07.773  5635  6343 D ApplicationPolicy: getApplicationStateEnabled : pkg = com.Slack userId : 0
04-24 04:29:07.775  5635  6343 D ApplicationPolicy: getApplicationComponentState : pkg = com.Slack userId : 0
04-24 04:29:07.835  5635  5714 W libprocessgroup: Failed to open /dev/blkio//cgroup.procs: No such file or directory
04-24 04:29:08.055 21902 22008 I [SC]SecMediaChangeMonitor: handleMessage: 256
04-24 04:29:08.102 21902 22008 I [SC]MediaCloudPolicy: Disable : true
04-24 04:29:08.103 21902 22008 I [SC]SecMediaChangeMonitor: Run MediaSyncJob: false
04-24 04:29:08.299  6374  6652 D MobileStatusTracker(1/2): onSignalStrengthsChanged level=2, vendorLevel=2
04-24 04:29:08.302  6374  6652 D MobileSignalController(1/2): notifyListener: enabled=true, connected=true, dataConnected=true, networkType=LTE/LTE_CA (4G+), emergencyOnly=false, roaming=false, isDefault=true, dataActivity=inout, level=2, ca=true, mmWave=false, disabledDataIcon=false, simCard=ETC
04-24 04:29:08.302  6374  6652 D NetworkController: SignalStrength from intent slotId=1
04-24 04:29:08.683  5216  5216 E audit   : type=1400 audit(1682303348.679:57547): avc:  denied  { read } for  pid=12392 comm="binder:12392_3" name="u:object_r:perf_prop:s0" dev="tmpfs" ino=17922 scontext=u:r:priv_app:s0:c512,c768 tcontext=u:object_r:perf_prop:s0 tclass=file permissive=0 SEPF_SM-A515F_13_0001 audit_filtered
04-24 04:29:08.684  5216  5216 E audit   : type=1300 audit(1682303348.679:57547): arch=c00000b7 syscall=56 success=no exit=-13 a0=ffffff9c a1=70947112f8 a2=88000 a3=0 items=0 ppid=5241 pid=12392 auid=4294967295 uid=10226 gid=10226 euid=10226 suid=10226 fsuid=10226 egid=10226 sgid=10226 fsgid=10226 tty=(none) ses=4294967295 comm="binder:12392_3" exe="/system/bin/app_process64" subj=u:r:priv_app:s0:c512,c768 key=(null)
04-24 04:29:08.684  5216  5216 E audit   : type=1327 audit(1682303348.679:57547): proctitle="com.google.process.gservices"
04-24 04:29:08.684 12392 12412 W libc    : Access denied finding property "sys.perf.boostopt"
04-24 04:29:08.797  5635  6109 D ApplicationPolicy: isStatusBarNotificationAllowedAsUser: packageName = android,userId = 0
04-24 04:29:08.799  5635  6109 D ApplicationPolicy: isStatusBarNotificationAllowedAsUser: packageName = android,userId = -1
04-24 04:29:08.799  5635  6109 D ApplicationPolicy: isStatusBarNotificationAllowedAsUser: converting userId from USER_ALLto 0
04-24 04:29:08.854  6298  6940 D PhoneInterfaceManager: setDataEnabledForReason() Reason=1 Pid=5635 App=system
04-24 04:29:08.856  6298  6940 D PhoneInterfaceManager: setDataEnabledForReason() Reason=1 Pid=5635 App=system
04-24 04:29:09.121  6296  6296 I FreeformContainer: [SmartPopupViewService] onNotificationPosted: StatusBarNotification(pkg=android user=UserHandle{-1} id=34 tag=NetworkPolicy:945656281:34 key=-1|android|34|NetworkPolicy:945656281:34|1000: Notification(channel=NETWORK_ALERTS shortcut=null contentView=null vibrate=null sound=null tick defaults=0x0 flags=0x8 color=0xff888fa2 vis=PRIVATE semFlags=0x0 semPriority=0 semMissedCount=0))
04-24 04:29:09.129  6839  6839 I Launcher.NotificationListener: onNotificationPosted : android number : 0
04-24 04:29:09.132 21126 21231 I NotificationPipeline: Processing new notification: -1|android|34|NetworkPolicy:945656281:34|1000
04-24 04:29:09.152 21126 21231 W Notification4Heart_NB: Watch.isEnabled-not found packageName : [-1] android
04-24 04:29:09.153 21126 21231 W Notification4Heart_NB: NotificationBridgeCallback.onNotificationPosted-block : [-1] android
04-24 04:29:09.157  6374  6374 D BubblesManager: onEntryUpdated : shouldBubbleUp=false ,key=-1|android|34|NetworkPolicy:945656281:34|1000
04-24 04:29:09.231  6374  6374 I FaceWidgetPositionAlgorithm: getClockContainerHeight() supplier = 270, bottom margin = 0, real height = 333
04-24 04:29:09.232  6374  6374 I FaceWidgetPositionAlgorithm: getClockContainerHeight() supplier = 270, bottom margin = 63, real height = 333
04-24 04:29:09.232  6374  6374 I FaceWidgetPositionAlgorithm: getMediaContainerHeight() height = 0 container Visibility = 8, isValid = false, mIsDozing = false, fraction = 1.0, source = 0, target = 0
04-24 04:29:09.232  6374  6374 I FaceWidgetPositionAlgorithm: getMediaContainerHeight() supplier = 0
04-24 04:29:09.242  6374  6374 D PluginAODManager: onNotificationInfoUpdated() 0
04-24 04:29:09.243  6374  6374 I AODNotificationManager: updateVisibleNotifications: 0
04-24 04:29:09.244  6374  6374 I a       : updateStatusBarNotifications: open
04-24 04:29:09.244  6374  6374 I a       : updateStatusBarNotifications: open
04-24 04:29:09.483  6374  6374 I FaceWidgetPositionAlgorithm: getClockContainerHeight() supplier = 270, bottom margin = 0, real height = 333
04-24 04:29:09.484  6374  6374 I FaceWidgetPositionAlgorithm: getClockContainerHeight() supplier = 270, bottom margin = 63, real height = 333
04-24 04:29:09.484  6374  6374 I FaceWidgetPositionAlgorithm: getMediaContainerHeight() height = 0 container Visibility = 8, isValid = false, mIsDozing = false, fraction = 1.0, source = 0, target = 0
04-24 04:29:09.484  6374  6374 I FaceWidgetPositionAlgorithm: getMediaContainerHeight() supplier = 0
04-24 04:29:09.490  6374  6374 D PluginAODManager: onNotificationInfoUpdated() 0
04-24 04:29:09.491  6374  6374 I AODNotificationManager: updateVisibleNotifications: 0
04-24 04:29:09.491  6374  6374 I a       : updateStatusBarNotifications: open
04-24 04:29:09.491  6374  6374 I a       : updateStatusBarNotifications: open
04-24 04:29:09.515  6298  6298 D TelephonyManager: requestModemActivityInfo: Sending result to app: ModemActivityInfo{ mTimestamp=155326949 mSleepTimeMs=29572957 mIdleTimeMs=8277201 mActivityStatsTechSpecificInfo=[{mRat=UNKNOWN,mFrequencyRange=UNKNOWN,mTxTimeMs[]=[38825, 33682, 22215, 348, 136354],mRxTimeMs=83687817}]}
04-24 04:29:09.531  6374  6652 D MobileStatusTracker(0/1): onSignalStrengthsChanged level=2, vendorLevel=2
04-24 04:29:09.533  6374  6652 D MobileSignalController(0/1): notifyListener: enabled=true, connected=true, dataConnected=false, networkType=LTE (4G), emergencyOnly=false, roaming=true, isDefault=true, dataActivity=, level=2, ca=false, mmWave=false, disabledDataIcon=false, simCard=ETC
04-24 04:29:09.535  6374  6652 D NetworkController: SignalStrength from intent slotId=0
04-24 04:29:12.088  5295  5295 I SurfaceFlinger: SFWD update time=122281485125152
04-24 04:29:12.362  5635  5714 W libprocessgroup: Failed to open /dev/blkio//cgroup.procs: No such file or directory
04-24 04:29:13.942  8329  9791 I BluetoothAdapter: STATE_ON
04-24 04:29:13.956  8329  9791 D BluetoothGatt: connect() - device: 645DF4_1, auto: false
04-24 04:29:13.957  8329  9791 D BluetoothGatt: registerApp()
04-24 04:29:13.957  8329  9791 D BluetoothGatt: registerApp() - UUID=7649bc6d-4063-4eb4-b740-06e6424c682e
04-24 04:29:13.973  6673  7234 D BtGatt.GattService: registerClient(com.google.android.googlequicksearchbox) - UUID=7649bc6d-4063-4eb4-b740-06e6424c682e
04-24 04:29:13.980  6673  7234 D BtGatt.ContextMap: add() - appUid: 10233, appPid: 8329, appName: com.google.android.googlequicksearchbox
04-24 04:29:13.983  6673  7145 W bt_bta_gattc: bta_gattc_register :: state: 2, uuid=7649bc6d-4063-4eb4-b740-06e6424c682e
04-24 04:29:13.984  6673  7145 W bt_bta_gattc: Registered GATT client interface 6 with uuid=7649bc6d-4063-4eb4-b740-06e6424c682e, starting it on main thread
04-24 04:29:13.986  6673  6809 D BtGatt.GattService: onClientRegistered() - UUID=7649bc6d-4063-4eb4-b740-06e6424c682e, clientIf=6
04-24 04:29:13.987  6673  7145 W bt_bta_gattc: client_if=6
04-24 04:29:13.993  8329  9791 I GattConnObserver: GATT connect started, beginning countdown timer
04-24 04:29:13.994  8329 21093 D BluetoothGatt: onClientRegistered() - status=0 clientIf=6
04-24 04:29:14.005  6673  7234 D BtGatt.GattService: clientConnect(com.google.android.googlequicksearchbox) - address = 645DF4_1, isDirect=true transport =2 set own addr = false own addr type:0, clientIf: 6, opportunistic=false, phy: 1
04-24 04:29:14.010  6673  7145 W bt_btm_ble: BTM_SecAddBleDevice :: dev_type=0x3
04-24 04:29:14.010  6673  7145 W bt_bta_gattc: bta_gattc_process_api_open
04-24 04:29:14.012  6673  7145 I bt_stack: [INFO:bta_gattc_main.cc(314)] bta_gattc_sm_execute: State 0x00, Event 0x1f00
04-24 04:29:14.013  6673  7145 W bt_bta_gattc: bta_gattc_open
04-24 04:29:14.014  6673  7145 W bt_stack: [WARNING:gatt_api.cc(1238)] GATT_Connect
04-24 04:29:14.014  6673  7145 W bt_stack: Starting direct connect gatt_if=6 address=645df4
04-24 04:29:14.014  6673  7145 W bt_stack: gatt_act_connect
04-24 04:29:14.016  6673  7145 I bt_stack: [INFO:gatt_attr.cc(886)] gatt_sr_init_cl_status: bda=645df4, cl_supp_feat=0000, aware=1
04-24 04:29:14.017  6673  7145 W bt_stack: gatt_connect
04-24 04:29:14.017  6673  7145 W bt_stack: gatt_connect :: call acl_create_le_connection_with_id
04-24 04:29:14.017  6673  7145 W btm_acl : Creating le direct connection to:xx:xx:xx:xx:b3:b1[public]
04-24 04:29:14.017  6673  7145 W bt_stack: AcceptLeConnectionFrom xx:xx:xx:xx:b3:b1
04-24 04:29:14.018  6673  7122 W bt_stack: Allow Le connection from remote:xx:xx:xx:xx:b3:b1[PUBLIC_DEVICE_ADDRESS]
04-24 04:29:14.020  6673  7122 W bt_stack: create_le_connection :: address : 64:5d:f4, add_to_connect_list : 1, is_direct : 1
04-24 04:29:14.020  6673  7122 W bt_stack: add_device_to_connect_list 64:5d:f4 :: Send command after register
04-24 04:29:14.022  6673  7122 W bt_stack: add_device_to_connect_list :: Device is found in security db(64:5d:f4 -> 645df4)
04-24 04:29:14.022  6673  7122 W bt_stack: add_device_to_connect_list :: set address_with_type as identity_addr
04-24 04:29:14.022  6673  7122 W bt_stack: Fast Connection Mode is already Set!!!
04-24 04:29:14.023  6673  7122 W bt_stack: Deferred until filter accept list has completed
04-24 04:29:14.023  6673  7122 W bt_stack: pause_registered_clients()
04-24 04:29:14.023  6673  7122 W bt_stack: le_impl :: OnPause()
04-24 04:29:14.023  6673  7122 W bt_stack: le_impl :: ConnectabilityState is DISARMED. Call AckPause()
04-24 04:29:14.023  6673  7122 W bt_stack: le_scanning_manager :: OnPause()
04-24 04:29:14.024  6673  7122 W bt_stack: Stop LeSetScanEnable
04-24 04:29:14.024  6673  7122 W bt_stack: le_scanning_manager :: OnPause() - call AckPause
04-24 04:29:14.024  6673  7122 W bt_stack: pause_registered_clients()
04-24 04:29:14.026  6673  7122 W bt_stack: le_address_manager :: ack_pause()
04-24 04:29:14.026  6673  7122 W bt_stack: le_address_manager :: ack_pause() - make sure all client paused. Return
04-24 04:29:14.026  6673  7122 W bt_stack: le_address_manager :: ack_pause()
04-24 04:29:14.026  6673  7122 W bt_stack: le_address_manager :: ack_pause() - handle_next_command
04-24 04:29:14.026  6673  7122 W bt_stack: handle_next_command()
04-24 04:29:14.034  6673  7122 W bt_stack: Received command complete with op_code LE_ADD_DEVICE_TO_FILTER_ACCEPT_LIST
04-24 04:29:14.034  6673  7122 W bt_stack: handle_next_command()
04-24 04:29:14.037  6673  7122 W bt_stack: Received command complete with op_code LE_ADD_DEVICE_TO_FILTER_ACCEPT_LIST
04-24 04:29:14.037  6673  7122 W bt_stack: le_impl :: OnResume()
04-24 04:29:14.037  6673  7122 W bt_stack: le_impl :: OnResume - Try arm connectability
04-24 04:29:14.037  6673  7122 W bt_stack: arm_connectability()
04-24 04:29:14.038  6673  7122 W bt_stack: le_impl :: check_for_unregister()
04-24 04:29:14.038  6673  7122 W bt_stack: le_scanning_manager :: OnResume()
04-24 04:29:14.038  6673  7122 W bt_stack: Start LeSetScan
04-24 04:29:14.038  6673  7122 W bt_stack: le_scanning_manager :: OnResume() - call AckResume
04-24 04:29:14.038  6673  7122 W bt_stack: le_address_manager :: ack_resume()
04-24 04:29:14.040  6673  7122 W bt_stack: le_address_manager :: ack_resume()
04-24 04:29:14.043  6673  7122 E bt_stack: on_create_connection :: Command status is success. Set ConnectabilityState to ARMED
04-24 04:29:14.385  6374  6652 D MobileStatusTracker(1/2): onSignalStrengthsChanged level=2, vendorLevel=2
04-24 04:29:14.390  6374  6652 D MobileSignalController(1/2): notifyListener: enabled=true, connected=true, dataConnected=true, networkType=LTE/LTE_CA (4G+), emergencyOnly=false, roaming=false, isDefault=true, dataActivity=inout, level=2, ca=true, mmWave=false, disabledDataIcon=false, simCard=ETC
04-24 04:29:14.409  6374  6652 D NetworkController: SignalStrength from intent slotId=1
04-24 04:29:15.679  6374  6652 D MobileStatusTracker(1/2): onDataActivity: direction=0
04-24 04:29:15.683  6374  6652 D MobileSignalController(1/2): notifyListener: enabled=true, connected=true, dataConnected=true, networkType=LTE/LTE_CA (4G+), emergencyOnly=false, roaming=false, isDefault=true, dataActivity=, level=2, ca=true, mmWave=false, disabledDataIcon=false, simCard=ETC
04-24 04:29:16.730  6374  6652 D MobileStatusTracker(1/2): onDataActivity: direction=3
04-24 04:29:16.736  6374  6652 D MobileSignalController(1/2): notifyListener: enabled=true, connected=true, dataConnected=true, networkType=LTE/LTE_CA (4G+), emergencyOnly=false, roaming=false, isDefault=true, dataActivity=inout, level=2, ca=true, mmWave=false, disabledDataIcon=false, simCard=ETC
04-24 04:29:17.069  5635  8921 D TelephonyManager: requestModemActivityInfo: Sending result to app: ModemActivityInfo{ mTimestamp=155339623 mSleepTimeMs=29572957 mIdleTimeMs=8278193 mActivityStatsTechSpecificInfo=[{mRat=UNKNOWN,mFrequencyRange=UNKNOWN,mTxTimeMs[]=[38825, 33682, 22215, 348, 136354],mRxTimeMs=83694379}]}
04-24 04:29:17.216  5635  5653 I system_server: Background young concurrent copying GC freed 371239(17MB) AllocSpace objects, 7(232KB) LOS objects, 15% free, 96MB/114MB, paused 649us,352us total 117.159ms
04-24 04:29:17.467 21600 21600 D BoundBrokerSvc: onUnbind: Intent { act=com.google.android.gms.scheduler.ACTION_PROXY_SCHEDULE dat=chimera-action:/... cmp=com.google.android.gms/.chimera.PersistentApiService }
04-24 04:29:17.782  6374  6652 D MobileStatusTracker(1/2): onDataActivity: direction=0
04-24 04:29:17.786  6374  6652 D MobileSignalController(1/2): notifyListener: enabled=true, connected=true, dataConnected=true, networkType=LTE/LTE_CA (4G+), emergencyOnly=false, roaming=false, isDefault=true, dataActivity=, level=2, ca=true, mmWave=false, disabledDataIcon=false, simCard=ETC
04-24 04:29:18.361  5272  5272 E sehhealth-service: Could not open /sys/class/power_supply/battery/lrp
04-24 04:29:19.004  8329  8329 W GattConnObserver: GATT connect timeout!
04-24 04:29:19.005  8329  8329 D BluetoothGatt: cancelOpen() - device: 645DF4_1
04-24 04:29:19.014  6673  7234 D BtGatt.GattService: clientDisconnect(com.google.android.googlequicksearchbox) - address=645DF4_1, connId=null, clientIf: 6
04-24 04:29:19.023  6673  7145 W bt_bta_gattc: bta_gattc_process_api_open_cancel
04-24 04:29:19.023  6673  7145 W bt_bta_gattc: Cancel GATT client direct connection
04-24 04:29:19.024  6673  7122 W bt_stack: on_create_connection_timeout, address: 64:5d:f4
04-24 04:29:19.024  6673  7145 I bt_stack: [INFO:bta_gattc_main.cc(314)] bta_gattc_sm_execute: State 0x01, Event 0x1f02
04-24 04:29:19.024  6673  7145 W bt_bta_gattc: bta_gattc_cancel_open
04-24 04:29:19.025  6673  7122 W bt_stack: on_create_connection_timeout :: remove timeouted device from accept list
04-24 04:29:19.025  6673  7145 W bt_stack: [WARNING:gatt_api.cc(1322)] GATT_CancelConnect: gatt_if:6, address: 645df4, direct:1
04-24 04:29:19.025  6673  7122 W bt_stack: cancel_connect 64:5d:f4
04-24 04:29:19.025  6673  7145 W bt_stack: gatt_disconnect
04-24 04:29:19.026  6673  7145 W bt_stack: Unable to find background connection to remove
04-24 04:29:19.026  6673  7145 W bt_stack: BTM_AcceptlistRemove
04-24 04:29:19.026  6673  7145 W bt_stack: IgnoreLeConnectionFrom xx:xx:xx:xx:b3:b1
04-24 04:29:19.030  6673  7122 W bt_stack: remove_device_from_connect_list 64:5d:f4 :: Send command after register
04-24 04:29:19.030  6673  7145 W gatt_utils: gatt_cleanup_upon_disc
04-24 04:29:19.030  6673  7122 W bt_stack: remove_device_from_connect_list :: Device is found in security db(64:5d:f4 -> 645df4)
04-24 04:29:19.031  6673  7145 W gatt_utils: gatt_cleanup_upon_disc :: GATT_CH_CLOSE
04-24 04:29:19.031  6673  7122 W bt_stack: remove_device_from_connect_list :: set address_with_type as identity_addr
04-24 04:29:19.031  6673  7145 W bt_stack: Unable to find background connection to remove
04-24 04:29:19.032  6673  7145 I bt_stack: [INFO:bta_gattc_main.cc(314)] bta_gattc_sm_execute: State 0x01, Event 0x1f03
04-24 04:29:19.032  6673  7122 W bt_stack: Ignore Le connection from remote:xx:xx:xx:xx:b3:b1[PUBLIC_DEVICE_ADDRESS]
04-24 04:29:19.032  6673  7122 W bt_stack: pause_registered_clients()
04-24 04:29:19.033  6673  7122 W bt_stack: le_impl :: OnPause()
04-24 04:29:19.033  6673  7145 W bt_bta_gattc: bta_gattc_cancel_open_ok
04-24 04:29:19.033  6673  7122 W bt_stack: le_impl :: Try to disarm connectability
04-24 04:29:19.033  6673  7122 W bt_stack: disarm_connectability()
04-24 04:29:19.033  6673  7122 W bt_stack: Pause Background Connection
04-24 04:29:19.034  6673  7122 W bt_stack: le_scanning_manager :: OnPause()
04-24 04:29:19.034  6673  7145 W bt_bta_gattc: bta_gattc_process_api_open_cancel
04-24 04:29:19.034  6673  7145 W bt_bta_gattc: Cancel GATT client background connection
04-24 04:29:19.034  6673  7145 W bt_bta_gattc: bta_gattc_cancel_bk_conn
04-24 04:29:19.034  6673  7122 W bt_stack: Stop LeSetScanEnable
04-24 04:29:19.035  6673  7122 W bt_stack: le_scanning_manager :: OnPause() - call AckPause
04-24 04:29:19.035  6673  7145 E bt_stack: [ERROR:bta_gattc_utils.cc(447)] bta_gattc_mark_bg_conn unable to find the bg connection mask for bd_addr=645df4
04-24 04:29:19.035  6673  7122 W bt_stack: Unknown device being removed from acceptlist:xx:xx:xx:xx:b3:b1[PUBLIC_DEVICE_ADDRESS]
04-24 04:29:19.036  6673  7122 W bt_stack: Connection failed le remote:xx:xx:xx:xx:b3:b1[PUBLIC_DEVICE_ADDRESS]
04-24 04:29:19.036  6673  7145 E bta_gattc_main: Ignore unknown conn ID: 3
04-24 04:29:19.036  6673  7145 E bta_gattc_main: Ignore unknown conn ID: 4
04-24 04:29:19.036  6673  7145 E bta_gattc_main: Ignore unknown conn ID: 5
04-24 04:29:19.036  6673  7145 E bta_gattc_main: Ignore unknown conn ID: 6
04-24 04:29:19.037  6673  7145 W bt_stack: gatt_le_connect_cback  connected : 0, reason : 255
04-24 04:29:19.037  6673  7145 W gatt_utils: gatt_cleanup_upon_disc
04-24 04:29:19.040  8329  9793 I BistoGattHelper: (REDACTED) [%s] GATT disconnected
04-24 04:29:19.041  6673  7122 W bt_stack: pause_registered_clients()
04-24 04:29:19.044  8329  9793 I RemotePeerStateCommunicator: (REDACTED) RemotePeerStateCommunicator scheduling message : %d, action: %s, device id : %s
04-24 04:29:19.044  6673  7122 W bt_stack: cancel_connection_and_remove_device_from_background_connection_list 64:5d:f4
04-24 04:29:19.044  6673  7122 W bt_stack: remove_device_from_background_connection_list 64:5d:f4
04-24 04:29:19.044  6673  7122 W bt_stack: cancel_connect 64:5d:f4
04-24 04:29:19.045  6673  7122 W bt_stack: Device not in acceptlist and cannot be removed:b3:b1[PUBLIC_DEVICE_ADDRESS]
04-24 04:29:19.045  6673  7122 W bt_stack: le_address_manager :: ack_pause()
04-24 04:29:19.045  6673  7122 W bt_stack: le_address_manager :: ack_pause() - make sure all client paused. Return
04-24 04:29:19.048  6673  7122 W bt_stack: on_le_enhanced_connection_complete()
04-24 04:29:19.048  6673  7122 W bt_stack: on_le_enhanced_connection_complete :: Role is central. Set connectability to DISARMED
04-24 04:29:19.048  6673  7122 W bt_stack: on_le_enhanced_connection_complete :: pause_connection : 1
04-24 04:29:19.048  6673  7122 W bt_stack: on_le_connection_canceled_on_pause(). Set connectability to DISARMED
04-24 04:29:19.048  6673  7122 W bt_stack: le_address_manager :: ack_pause()
04-24 04:29:19.048  6673  7122 W bt_stack: le_address_manager :: ack_pause() - handle_next_command
04-24 04:29:19.048  6673  7122 W bt_stack: handle_next_command()
04-24 04:29:19.058  6673  7122 W bt_stack: Received command complete with op_code LE_REMOVE_DEVICE_FROM_FILTER_ACCEPT_LIST
04-24 04:29:19.058  6673  7122 W bt_stack: handle_next_command()
04-24 04:29:19.059  8329  9793 I BistoGattHelper: (REDACTED) [%s] close
04-24 04:29:19.061  6673  7122 W bt_stack: Received command complete with op_code LE_REMOVE_DEVICE_FROM_FILTER_ACCEPT_LIST
04-24 04:29:19.062  6673  7122 W bt_stack: le_impl :: OnResume()
04-24 04:29:19.062  6673  7122 W bt_stack: le_impl :: OnResume - Try arm connectability
04-24 04:29:19.062  6673  7122 W bt_stack: arm_connectability()
04-24 04:29:19.062  6673  7122 W bt_stack: le_impl :: check_for_unregister()
04-24 04:29:19.062  6673  7122 W bt_stack: le_scanning_manager :: OnResume()
04-24 04:29:19.062  6673  7122 W bt_stack: Start LeSetScan
04-24 04:29:19.062  6673  7122 W bt_stack: le_scanning_manager :: OnResume() - call AckResume
04-24 04:29:19.062  6673  7122 W bt_stack: le_address_manager :: ack_resume()
04-24 04:29:19.063  6673  7122 W bt_stack: le_address_manager :: ack_resume()
04-24 04:29:19.069  8329  9793 I BistoGattHelper: (REDACTED) [%s] executeNextShutdownOperation
04-24 04:29:19.069  8329  9793 D BluetoothGatt: close()
04-24 04:29:19.073  8329  9793 D BluetoothGatt: unregisterApp() - mClientIf=6
04-24 04:29:19.075  6673  7234 D BtGatt.GattService: unregisterClient(com.google.android.googlequicksearchbox) - clientIf=6
04-24 04:29:19.078  6673  7234 D BtGatt.ContextMap: remove() - id: 6
04-24 04:29:19.078  6673  7234 E BtGatt.ContextMap: remove() - removed: 6
04-24 04:29:19.079  6673  7145 W bt_bta_gattc: bta_gattc_deregister
04-24 04:29:19.079  6673  7145 I bt_stack: [INFO:gatt_api.cc(1111)] GATT_Deregister gatt_if=6
04-24 04:29:19.079  6673  7145 W bt_stack: on_app_deregistered :: app_id=6
04-24 04:29:19.079  6673  7145 I bt_stack: [INFO:gatt_api.cc(1164)] Initialize tGATT_REG
04-24 04:29:19.084  8329  9793 I BistoGattHelper: (REDACTED) [%s] GATT released
04-24 04:29:19.085  8329  9793 I BistoGattHelper: (REDACTED) [%s] close
04-24 04:29:19.085  8329  9793 I BistoGattHelper: (REDACTED) [%s] executeNextShutdownOperation
04-24 04:29:19.090  8329  9793 E GmuTls  : You must initialize the system with proper values before handshake
04-24 04:29:23.337  6374  6652 D MobileStatusTracker(1/2): onSignalStrengthsChanged level=2, vendorLevel=1
04-24 04:29:23.343  6374  6652 D MobileSignalController(1/2): notifyListener: enabled=true, connected=true, dataConnected=true, networkType=LTE/LTE_CA (4G+), emergencyOnly=false, roaming=false, isDefault=true, dataActivity=, level=1, ca=true, mmWave=false, disabledDataIcon=false, simCard=ETC
04-24 04:29:23.344  6374  6652 D NetworkController: SignalStrength from intent slotId=1
04-24 04:29:24.086  8329  9109 W BistoGattHelper: (REDACTED) [%s] GATT already released after un-subscribing, doing nothing.
04-24 04:29:25.565  5635  7327 D PackageManager: setEnabledSetting : userId = 0 packageName = com.Slack cmp = androidx.work.impl.background.systemalarm.RescheduleReceiver newState = 1 callingPackage = 10329/com.Slack
04-24 04:29:25.569  5635  7327 D ApplicationPolicy: getApplicationStateEnabled : pkg = com.Slack userId : 0
04-24 04:29:25.572  5635  7327 D ApplicationPolicy: getApplicationComponentState : pkg = com.Slack userId : 0
04-24 04:29:25.616  5635  5714 W libprocessgroup: Failed to open /dev/blkio//cgroup.procs: No such file or directory
04-24 04:29:25.652  5635  7327 D PackageManager: setEnabledSetting : userId = 0 packageName = com.Slack cmp = androidx.work.impl.background.systemalarm.RescheduleReceiver newState = 1 callingPackage = 10329/com.Slack
04-24 04:29:25.654  5635  7327 D ApplicationPolicy: getApplicationStateEnabled : pkg = com.Slack userId : 0
04-24 04:29:25.655  5635  7327 D ApplicationPolicy: getApplicationComponentState : pkg = com.Slack userId : 0
04-24 04:29:25.720  5635  7327 D PackageManager: setEnabledSetting : userId = 0 packageName = com.Slack cmp = androidx.work.impl.background.systemalarm.RescheduleReceiver newState = 1 callingPackage = 10329/com.Slack
04-24 04:29:25.722  5635  7327 D ApplicationPolicy: getApplicationStateEnabled : pkg = com.Slack userId : 0
04-24 04:29:25.723  5635  7327 D ApplicationPolicy: getApplicationComponentState : pkg = com.Slack userId : 0
04-24 04:29:25.758  5635  7327 D PackageManager: setEnabledSetting : userId = 0 packageName = com.Slack cmp = androidx.work.impl.background.systemalarm.RescheduleReceiver newState = 1 callingPackage = 10329/com.Slack
04-24 04:29:25.759  5635  7327 D ApplicationPolicy: getApplicationStateEnabled : pkg = com.Slack userId : 0
04-24 04:29:25.760  5635  7327 D ApplicationPolicy: getApplicationComponentState : pkg = com.Slack userId : 0
04-24 04:29:26.058  4621  4621 W keymaster_tee: [WRN]begin req PARAMS: A32 B32 P1
04-24 04:29:26.076  4621  4621 W keymaster_tee: [WRN]begin req PARAMS: A32 B32 P1
