04-16 04:32:49.654 20153 20177 I TestRunner: started: mutableRefIntIn1Long(org.jetbrains.android_benchmark.FibonacciBenchmark)
04-16 04:32:49.681  5331  5375 I SurfaceFlinger: id=3320 createSurf flag=80004, WindowToken{a262a5b type=2032 android.os.Binder@c2ae56a}#3320
04-16 04:32:49.701  9284  9353 I RequestManager_FLP: onOpChanged, op=0 / packageName=com.kms.free
04-16 04:32:49.717  5331  5331 I Layer   : id=3127 removeFromCurrentState WindowToken{2852466 type=2032 android.os.Binder@51ea4c1}#3127 (142)
04-16 04:32:49.717  5331  5331 I SurfaceFlinger: id=3127 Removed WindowToken{2852466 type=2032 android.os.Binder@51ea4c1}#3127 (142)
04-16 04:32:49.717  5331  5331 I Layer   : id=3127 Destroyed WindowToken{2852466 type=2032 android.os.Binder@51ea4c1}#3127
04-16 04:32:49.722 20153 20177 D Benchmark: launching Benchmark IsolationActivity
04-16 04:32:49.725  5628  5628 I AccessibilityManagerService: semIsAccessibilityServiceEnabled()
04-16 04:32:49.726  5628  5628 I AccessibilityManagerService: semIsAccessibilityServiceEnabled()
04-16 04:32:49.727  5628  5628 D AS.AudioService: Accessibility volume enabled = false
04-16 04:32:49.727  5628  5695 I ChimeraSystemEventListener: appLaunchIntent package name is: org.jetbrains.android_benchmark.test
04-16 04:32:49.747  9109 10153 I TouchInteractionService: onActiveNavBarRegionChanges, region : SkRegion((0,2274,388,2400)(389,2274,690,2400)(691,2274,961,2400))
04-16 04:32:49.748 19761 19761 V SafetyCenterAccessibilityListener: accessibility event occurred, safety center feature not enabled.
04-16 04:32:49.750  8513  8513 V Navbar.Store: ----handleEvent(0) OnUpdateRemoteViewContainer(leftContainer=android.widget.LinearLayout{bf353b1 I.E...... ......I. 0,0-118,126 #7f0b04f6 app:id/left_remoteview}, rightContainer=android.widget.LinearLayout{600c096 I.E...... ......I. 962,0-1080,126 #7f0b07aa app:id/right_remoteview}, contextualButtonVisible=false, darkIntensity=0.0) [Module] SamsungNavigationBarView
04-16 04:32:49.751  8513  8513 V Navbar.Store: ------[Band]REMOTE_VIEW_PACK_SET_REMOTEVIEW_CONTAINER
04-16 04:32:49.752  5628  9278 I SemDvfsHyPerManager: acquire hyper - AMS_APP_SWITCH/5628@23, type = -999
04-16 04:32:49.754  5331  8956 I SurfaceFlinger: id=3321 createSurf flag=24004, Task=5274#3321
04-16 04:32:49.756  5276  5311 I HYPER-HAL: [RequestManager.cpp]acquire(): Acquired ID : 15969749  [5628 / 23]    HINT : AMS_APP_SWITCH    list :
04-16 04:32:49.759  8513  8513 V Navbar.Store: --------apply(0) UpdateRemoteViewContainer
04-16 04:32:49.759 11012 11012 I SemDvfsHyPerManager: acquire hyper - APP_START_SHORT/11012@12, type = -999
04-16 04:32:49.760  5276  5311 I HYPER-HAL: [RequestManager.cpp]acquire(): Acquired ID : 60769812  [11012 / 12]    HINT : APP_START    list : [TIMEOUT / 1500]
04-16 04:32:49.760  8513  8513 V Navbar.Store: --------apply(0) UpdateRemoteViewDarkIntensity
04-16 04:32:49.760  8513  8513 V Navbar.Store: handleEvent(0) OnNavBarUpdateA11YService(clickable=false, longClickable=false) [Module] NavigationBar
04-16 04:32:49.761  8513  8513 V Navbar.Store: --[Band]SETUPWIZARD_PACK_UPDATE_A11Y_SERVICE
04-16 04:32:49.761  5276  5311 I HYPER-HAL: [RequestManager.cpp]releaseLocked(): Released ID : 60681640
04-16 04:32:49.761  5276  5311 I HYPER-HAL: [RequestManager.cpp]releaseLocked(): Released ID : 60659607
04-16 04:32:49.763  5331  8956 I SurfaceFlinger: id=3322 createSurf flag=80004, ActivityRecord{e746a4 u0 org.jetbrains.android_benchmark.test/androidx.benchmark.IsolationActivity} t5274}#3322
04-16 04:32:49.768  9109 10153 I TouchInteractionService: onActiveNavBarRegionChanges, region : SkRegion((0,2274,388,2400)(389,2274,690,2400)(691,2274,961,2400))
04-16 04:32:49.779  5628 11254 I SemDvfsHyPerManager: acquire hyper - AMS_APP_LAUNCH/5628@20, type = -999
04-16 04:32:49.779  8513  8575 D NativeCustomFrequencyManager: [NativeCFMS] BpCustomFrequencyManager::BpCustomFrequencyManager()
04-16 04:32:49.779  5445 14098 I CameraService: onUidStateChanged: uid=10054, procState is changed. (0 -> 1)
04-16 04:32:49.779  5628  5714 W libprocessgroup: Failed to open /dev/blkio//cgroup.procs: No such file or directory
04-16 04:32:49.781  5276  5311 I HYPER-HAL: [RequestManager.cpp]acquire(): Acquired ID : 15952796  [5628 / 20]    HINT : AMS_APP_LAUNCH    list :
04-16 04:32:49.784 11012 11012 I SemDvfsHyPerManager: acquire hyper - APP_START/11012@14, type = -999
04-16 04:32:49.785  5276  5311 I HYPER-HAL: [RequestManager.cpp]acquire(): Acquired ID : 60791865  [11012 / 14]    HINT : APP_START    list :
04-16 04:32:49.791  9109  9109 I TopTaskTracker: onTaskMovedToFront : taskId = 5274
04-16 04:32:49.791  5628  5992 D InputTransport: Input channel constructed: 'b0cf02f', fd=1097
04-16 04:32:49.791  5628  5992 D InputTransport: Input channel constructed: 'b0cf02f', fd=1098
04-16 04:32:49.791  5628  5992 D InputTransport: Input channel constructed: 'b0cf02f', fd=1099
04-16 04:32:49.792  5331  8956 I SurfaceFlinger: id=3323 createSurf flag=80004, b0cf02f Splash Screen org.jetbrains.android_benchmark.test#3323
04-16 04:32:49.793  5628  5992 D InputTransport: Input channel destroyed: 'b0cf02f', fd=1099
04-16 04:32:49.795  8513  8570 D InsetsController: onStateChanged: InsetsState: {mDisplayFrame=Rect(0, 0 - 1080, 2400), mDisplayCutout=DisplayCutout{insets=Rect(0, 88 - 0, 0) waterfall=Insets{left=0, top=0, right=0, bottom=0} boundingRect={Bounds=[Rect(0, 0 - 0, 0), Rect(512, 0 - 568, 88), Rect(0, 0 - 0, 0), Rect(0, 0 - 0, 0)]} cutoutPathParserInfo={CutoutPathParserInfo{displayWidth=1080 displayHeight=2400 physicalDisplayWidth=1080 physicalDisplayHeight=2400 density={2.625} cutoutSpec={M 0,0 M 0,12.25101276465640 a 10.60613009248640,10.60613009248640 0 1,0 0,21.21226018497290 a 10.60613009248640,10.60613009248640 0 1,0 0,-21.21226018497290 Z @dp} rotation={0} scale={1.0} physicalPixelDisplaySizeRatio={1.0}}}}, mRoundedCorners=RoundedCorners{[RoundedCorner{position=TopLeft, radius=84, center=Point(84, 84)}, RoundedCorner{position=TopRight, radius=84, center=Point(996, 84)}, RoundedCorner{position=BottomRight, radius=84, center=Point(996, 2316)}, RoundedCorner{position=BottomLeft, radius=84, center=Point(84, 2316)}]}  mRoundedCornerFrame=Rect(0, 0 - 1080, 2400), mPrivacyIndicatorBounds=PrivacyIndicatorBounds {static bounds=Rect(964, 0 - 1080, 88) rotation=0}, mSources= { InsetsSource: {mType=ITYPE_STATUS_BAR, mFrame=[0,0][1080,88], mVisible=true, mInsetsRoundedCornerFrame=false}, InsetsSource: {mType=ITYPE_NAVIGATION_BAR, mFrame=[0,2274][1080,2400], mVisible=true, mInsetsRoundedCornerFrame=false}, InsetsSource: {mType=ITYPE_LEFT_GESTURES, mFrame=[0,0][0,2400], mVisible=true, mInsetsRoundedCornerFrame=false}, InsetsSource: {mType=ITYPE_RIGHT_GESTURES, mFrame=[1080,0][1080,2400], mVisible=true, mInsetsRoundedCornerFrame=false}, InsetsSource: {mType=ITYPE_TOP_MANDATORY_GESTURES, mFrame=[0,0][1080,120], mVisible=true, mInsetsRoundedCornerFrame=false}, InsetsSource: {mType=ITYPE_BOTTOM_MANDATORY_GESTURES, mFrame=[0,2274][1080,2400], mVisible=true, mInsetsRoundedCornerFrame=false}, InsetsSource: {mType=ITYPE_LEFT_DISPLAY_CUTOUT, mFrame=[0,0][-100000,2400], mVisible=true, mInsetsRoundedCornerFrame=false}, InsetsSource: {mType=ITYPE_TOP_DISPLAY_CUTOUT, mFrame=[0,0][1080,88], mVisible=true, mInsetsRoundedCornerFrame=false}, InsetsSource: {mType=ITYPE_RIGHT_DISPLAY_CUTOUT, mFrame=[100000,0][1080,2400], mVisible=true, mInsetsRoundedCornerFrame=false}, InsetsSource: {mType=ITYPE_BOTTOM_DISPLAY_CUTOUT, mFrame=[0,100000][1080,2400], mVisible=true, mInsetsRoundedCornerFrame=false}, InsetsSource: {mType=ITYPE_TOP_TAPPABLE_ELEMENT, mFrame=[0,0][1080,88], mVisible=true, mInsetsRoundedCornerFrame=false}, InsetsSource: {mType=ITYPE_BOTTOM_TAPPABLE_ELEMENT, mFrame=[0,2274][1080,2400], mVisible=true, mInsetsRoundedCornerFrame=false} } host=Splash Screen org.jetbrains.android_benchmark.test from=android.view.ViewRootImpl.setView:1732
04-16 04:32:49.799  8513  8570 I ViewRootImpl@2238c52[test]: setView = android.widget.FrameLayout@52c167f TM=true
04-16 04:32:49.800  5628  5714 W libprocessgroup: Failed to open /dev/blkio//cgroup.procs: No such file or directory
04-16 04:32:49.801  8513  8570 I ViewRootImpl@2238c52[test]: performTraversals params={(0,0)(fillxfill) sim={adjust=pan} ty=APPLICATION_STARTING fmt=TRANSLUCENT wanim=0x1030001
04-16 04:32:49.801  8513  8570 I ViewRootImpl@2238c52[test]:   fl=81030118
04-16 04:32:49.801  8513  8570 I ViewRootImpl@2238c52[test]:   pfl=16000010
04-16 04:32:49.801  8513  8570 I ViewRootImpl@2238c52[test]:   apr=LIGHT_STATUS_BARS LIGHT_NAVIGATION_BARS
04-16 04:32:49.801  8513  8570 I ViewRootImpl@2238c52[test]:   bhv=DEFAULT
04-16 04:32:49.801  8513  8570 I ViewRootImpl@2238c52[test]:   fitSides= naviIconColor=0}
04-16 04:32:49.802  8513  8570 I ViewRootImpl@2238c52[test]: performTraversals mFirst=true windowShouldResize=true viewVisibilityChanged=false mForceNextWindowRelayout=false params={(0,0)(fillxfill) sim={adjust=pan} ty=APPLICATION_STARTING fmt=TRANSLUCENT wanim=0x1030001
04-16 04:32:49.802  8513  8570 I ViewRootImpl@2238c52[test]:   fl=81030118
04-16 04:32:49.802  8513  8570 I ViewRootImpl@2238c52[test]:   pfl=16000010
04-16 04:32:49.802  8513  8570 I ViewRootImpl@2238c52[test]:   apr=LIGHT_STATUS_BARS LIGHT_NAVIGATION_BARS
04-16 04:32:49.802  8513  8570 I ViewRootImpl@2238c52[test]:   bhv=DEFAULT
04-16 04:32:49.802  8513  8570 I ViewRootImpl@2238c52[test]:   fitSides= naviIconColor=0}
04-16 04:32:49.808  5628  5653 D InputDispatcher: Focused application(0): ActivityRecord{e746a4 u0 org.jetbrains.android_benchmark.test/androidx.benchmark.IsolationActivity} t5274}
04-16 04:32:49.815 20153 20191 D OpenGLRenderer: RenderThread::requireGlContext()
04-16 04:32:49.816 10239 10239 I SmWidget.UpdateMgr: status : 1, Configuration : {1.1 250mcc2mnc [en_GB,ru_RU] ldltr sw411dp w411dp h832dp 420dpi nrml long port night finger -keyb/v/h -nav/h winConfig={ mBounds=Rect(0, 0 - 1080, 2400) mAppBounds=Rect(0, 88 - 1080, 2274) mMaxBounds=Rect(0, 0 - 1080, 2400) mDisplayRotation=ROTATION_0 mWindowingMode=fullscreen mDisplayWindowingMode=fullscreen mActivityType=undefined mAlwaysOnTop=undefined mRotation=ROTATION_0 mPopOver=undefined mStageConfig=undefined mFreeformTaskPinningState=undefined mFreeformStashState=undefined} s.1089 fontWeightAdjustment=0 ff=0 bf=0 bts=0 themeSeq=0 nightDim=-1}
04-16 04:32:49.816  5628  5992 V WindowManager: Relayout Window{b0cf02f u0 Splash Screen org.jetbrains.android_benchmark.test}: viewVisibility=0 req=1080x2400 d0
04-16 04:32:49.817  5331  8956 I SurfaceFlinger: id=3324 createSurf flag=40004, Splash Screen org.jetbrains.android_benchmark.test$_8513#3324
04-16 04:32:49.819  5628  5714 W libprocessgroup: Failed to open /dev/blkio//cgroup.procs: No such file or directory
04-16 04:32:49.821 10239 10239 I SmWidget.UpdateMgr: config loaded id 15 as widgetId: 15, BgColor: 0, BgOpacity: 100, TextColor: 1, matchDark: true, usageOption: 0
04-16 04:32:49.821  5628 16160 D MotionRecognitionService: values = 100.0
04-16 04:32:49.821  5628 16160 D MotionRecognitionService: onReceive lux: 100.0  action:
04-16 04:32:49.821  5628 16160 D MotionRecognitionService: Inject brightness form Cam 100.0
04-16 04:32:49.821  5628 16160 D MotionRecognitionService: Inject calibrated lux
04-16 04:32:49.821  5628  5992 V WindowManager: Relayout hash=b0cf02f, pid=8513, syncId=-1: mAttrs={(0,0)(fillxfill) sim={adjust=pan} ty=APPLICATION_STARTING fmt=TRANSLUCENT wanim=0x1030001
04-16 04:32:49.821  5628  5992 V WindowManager:   fl=81030118
04-16 04:32:49.821  5628  5992 V WindowManager:   pfl=16000010
04-16 04:32:49.821  5628  5992 V WindowManager:   apr=LIGHT_STATUS_BARS LIGHT_NAVIGATION_BARS
04-16 04:32:49.821  5628  5992 V WindowManager:   bhv=DEFAULT
04-16 04:32:49.821  5628  5992 V WindowManager:   fitSides= naviIconColor=0}
04-16 04:32:49.823  5271  5271 I SensorsHub: AutoBrightnessSensor::injectSensorData: camLux 100
04-16 04:32:49.826  8513  8570 D InsetsController: onStateChanged: InsetsState: {mDisplayFrame=Rect(0, 0 - 1080, 2400), mDisplayCutout=DisplayCutout{insets=Rect(0, 88 - 0, 0) waterfall=Insets{left=0, top=0, right=0, bottom=0} boundingRect={Bounds=[Rect(0, 0 - 0, 0), Rect(512, 0 - 568, 88), Rect(0, 0 - 0, 0), Rect(0, 0 - 0, 0)]} cutoutPathParserInfo={CutoutPathParserInfo{displayWidth=1080 displayHeight=2400 physicalDisplayWidth=1080 physicalDisplayHeight=2400 density={2.625} cutoutSpec={M 0,0 M 0,12.25101276465640 a 10.60613009248640,10.60613009248640 0 1,0 0,21.21226018497290 a 10.60613009248640,10.60613009248640 0 1,0 0,-21.21226018497290 Z @dp} rotation={0} scale={1.0} physicalPixelDisplaySizeRatio={1.0}}}}, mRoundedCorners=RoundedCorners{[RoundedCorner{position=TopLeft, radius=84, center=Point(84, 84)}, RoundedCorner{position=TopRight, radius=84, center=Point(996, 84)}, RoundedCorner{position=BottomRight, radius=84, center=Point(996, 2316)}, RoundedCorner{position=BottomLeft, radius=84, center=Point(84, 2316)}]}  mRoundedCornerFrame=Rect(0, 0 - 1080, 2400), mPrivacyIndicatorBounds=PrivacyIndicatorBounds {static bounds=Rect(964, 0 - 1080, 88) rotation=0}, mSources= { InsetsSource: {mType=ITYPE_STATUS_BAR, mFrame=[0,0][1080,88], mVisible=true, mInsetsRoundedCornerFrame=false}, InsetsSource: {mType=ITYPE_NAVIGATION_BAR, mFrame=[0,2274][1080,2400], mVisible=true, mInsetsRoundedCornerFrame=false}, InsetsSource: {mType=ITYPE_LEFT_GESTURES, mFrame=[0,0][0,2400], mVisible=true, mInsetsRoundedCornerFrame=false}, InsetsSource: {mType=ITYPE_RIGHT_GESTURES, mFrame=[1080,0][1080,2400], mVisible=true, mInsetsRoundedCornerFrame=false}, InsetsSource: {mType=ITYPE_TOP_MANDATORY_GESTURES, mFrame=[0,0][1080,120], mVisible=true, mInsetsRoundedCornerFrame=false}, InsetsSource: {mType=ITYPE_BOTTOM_MANDATORY_GESTURES, mFrame=[0,2274][1080,2400], mVisible=true, mInsetsRoundedCornerFrame=false}, InsetsSource: {mType=ITYPE_LEFT_DISPLAY_CUTOUT, mFrame=[0,0][-100000,2400], mVisible=true, mInsetsRoundedCornerFrame=false}, InsetsSource: {mType=ITYPE_TOP_DISPLAY_CUTOUT, mFrame=[0,0][1080,88], mVisible=true, mInsetsRoundedCornerFrame=false}, InsetsSource: {mType=ITYPE_RIGHT_DISPLAY_CUTOUT, mFrame=[100000,0][1080,2400], mVisible=true, mInsetsRoundedCornerFrame=false}, InsetsSource: {mType=ITYPE_BOTTOM_DISPLAY_CUTOUT, mFrame=[0,100000][1080,2400], mVisible=true, mInsetsRoundedCornerFrame=false}, InsetsSource: {mType=ITYPE_TOP_TAPPABLE_ELEMENT, mFrame=[0,0][1080,88], mVisible=true, mInsetsRoundedCornerFrame=false}, InsetsSource: {mType=ITYPE_BOTTOM_TAPPABLE_ELEMENT, mFrame=[0,2274][1080,2400], mVisible=true, mInsetsRoundedCornerFrame=false}, InsetsSource: {mType=ITYPE_IME, mFrame=[0,0][0,0], mVisibleFrame=[0,2274][1080,2400], mVisible=false, mInsetsRoundedCornerFrame=false} } host=Splash Screen org.jetbrains.android_benchmark.test from=android.view.ViewRootImpl.relayoutWindow:9802
04-16 04:32:49.826  8513  8570 I ViewRootImpl@2238c52[test]: updateBlastSurfaceIfNeeded mBlastBufferQueue=null isSameSurfaceControl=false
04-16 04:32:49.827  8513  8570 I BLASTBufferQueue: new BLASTBufferQueue, mName= ViewRootImpl@2238c52[test] mNativeObject= 0x7d20059100 sc.mNativeObject= 0x7d200c9be0 caller= android.view.ViewRootImpl.updateBlastSurfaceIfNeeded:2909 android.view.ViewRootImpl.relayoutWindow:9847 android.view.ViewRootImpl.performTraversals:3884 android.view.ViewRootImpl.doTraversal:3116 android.view.ViewRootImpl$TraversalRunnable.run:10885 android.view.Choreographer$CallbackRecord.run:1301 android.view.Choreographer$CallbackRecord.run:1309 android.view.Choreographer.doCallbacks:923 android.view.Choreographer.doFrame:852 android.view.Choreographer$FrameDisplayEventReceiver.run:1283
04-16 04:32:49.827  8513  8570 I BLASTBufferQueue: update, w= 1080 h= 2400 mName = ViewRootImpl@2238c52[test] mNativeObject= 0x7d20059100 sc.mNativeObject= 0x7d200c9be0 format= -3 caller= android.graphics.BLASTBufferQueue.<init>:84 android.view.ViewRootImpl.updateBlastSurfaceIfNeeded:2909 android.view.ViewRootImpl.relayoutWindow:9847 android.view.ViewRootImpl.performTraversals:3884 android.view.ViewRootImpl.doTraversal:3116 android.view.ViewRootImpl$TraversalRunnable.run:10885
04-16 04:32:49.829  8513  8570 I ViewRootImpl@2238c52[test]: Relayout returned: old=(0,0,1080,2400) new=(0,0,1080,2400) req=(1080,2400)0 dur=24 res=0x3 s={true 0x7cd340b000} ch=true seqId=0
04-16 04:32:49.830  8513  8570 I ViewRootImpl@2238c52[test]: mThreadedRenderer.initialize() mSurface={isValid=true 0x7cd340b000} hwInitialized=true
04-16 04:32:49.831  8513  8575 D OpenGLRenderer: eglCreateWindowSurface
04-16 04:32:49.831  5331  5331 D SurfaceFlinger: [input] inputWindowCommands.focusRequests size is 1
04-16 04:32:49.833  5331  5427 D SurfaceFlinger: [input] setFocusedWindow: <null>
04-16 04:32:49.834  5628  5653 D InputDispatcher: Focus left window (0): ec3147f com.samsung.android.lool/com.samsung.android.sm.ram.ui.RamActivity2
04-16 04:32:49.834  8513  8570 I ViewRootImpl@2238c52[test]: reportNextDraw android.view.ViewRootImpl.performTraversals:4438 android.view.ViewRootImpl.doTraversal:3116 android.view.ViewRootImpl$TraversalRunnable.run:10885 android.view.Choreographer$CallbackRecord.run:1301 android.view.Choreographer$CallbackRecord.run:1309
04-16 04:32:49.834  8513  8570 I ViewRootImpl@2238c52[test]: Setup new sync id=0
04-16 04:32:49.834  8513  8570 I ViewRootImpl@2238c52[test]: Setting syncFrameCallback
04-16 04:32:49.834  8513  8570 I ViewRootImpl@2238c52[test]: registerCallbacksForSync syncBuffer=false
04-16 04:32:49.835  5628  8457 D NetdEventListenerService: DNS Requested by : 106, 1000
04-16 04:32:49.836  5628  8434 D TrafficStats: tagSocket(1100) with statsTag=0xffffffff, statsUid=-1
04-16 04:32:49.836  8513  8597 I ViewRootImpl@2238c52[test]: Received frameDrawingCallback syncResult=0 frameNum=1.
04-16 04:32:49.836  8513  8597 I ViewRootImpl@2238c52[test]: Setting up sync and frameCommitCallback
04-16 04:32:49.844 20153 20191 D OpenGLRenderer: RenderThread::setGrContext()
04-16 04:32:49.844 20153 20153 D LifecycleMonitor: Lifecycle status change: androidx.benchmark.IsolationActivity@f5684be in: PRE_ON_CREATE
04-16 04:32:49.848  8513  8575 I BLASTBufferQueue: [ViewRootImpl@2238c52[test]#123](f:0,a:0) onFrameAvailable the first frame is available
04-16 04:32:49.849  8513  8575 I ViewRootImpl@2238c52[test]: Received frameCommittedCallback lastAttemptedDrawFrameNum=1 didProduceBuffer=true
04-16 04:32:49.849  8513  8575 D OpenGLRenderer: CFMS:: SetUp Pid : 8513    Tid : 8575
04-16 04:32:49.852  8513  8570 I ViewRootImpl@2238c52[test]: onSyncComplete
04-16 04:32:49.853  8513  8570 I ViewRootImpl@2238c52[test]: setupSync seqId=0 mSyncId=0 fn=1 caller=android.view.ViewRootImpl$$ExternalSyntheticLambda11.accept:6 android.window.SurfaceSyncer.lambda$setupSync$1$android-window-SurfaceSyncer:128 android.window.SurfaceSyncer$$ExternalSyntheticLambda1.accept:8 android.window.SurfaceSyncer$SyncSet.checkIfSyncIsComplete:382 android.window.SurfaceSyncer$SyncSet.markSyncReady:359 android.window.SurfaceSyncer.markSyncReady:151 android.view.ViewRootImpl.performTraversals:4503
04-16 04:32:49.853  8513  8570 I ViewRootImpl@2238c52[test]: reportDrawFinished seqId=0 mSyncId=-1 fn=1 mSurfaceChangedTransaction=0x7d73e3e100
04-16 04:32:49.858 20153 20153 I DecorView: [INFO] isPopOver=false config=true
04-16 04:32:49.858 20153 20153 I DecorView: updateCaptionType: isFloating=false isApplication=true hasWindowDecorCaption=false this=DecorView@7722eca[]
04-16 04:32:49.858 20153 20153 D DecorView: setCaptionType = 0, this = DecorView@7722eca[]
04-16 04:32:49.859  5331  5375 I SurfaceFlinger: id=3325 createSurf flag=24000, Surface(name=Task=5268)/@0xd279b2d - animation-leash of app_transition#3325
04-16 04:32:49.860 20153 20153 I DecorView: getCurrentDensityDpi: from real metrics. densityDpi=420 msg=resources_loaded
04-16 04:32:49.860 20153 20153 I DecorView: setWindowBackground: isPopOver=false color=fff6f6f6 d=android.graphics.drawable.StateListDrawable@1aacb58
04-16 04:32:49.861  5331  8956 I SurfaceFlinger: id=3326 createSurf flag=20004, DimAnimationLayer for Task=5274#3326
04-16 04:32:49.862 20153 20153 D CompatibilityChangeReporter: Compat change id reported: 210923482; UID 10130; state: DISABLED
04-16 04:32:49.862  5331  5456 I SurfaceFlinger: id=3327 createSurf flag=24004, Surface(name=Task=5274)/@0xcde129c - animation-leash of app_transition#3327
04-16 04:32:49.862 20153 20153 D CompatibilityChangeReporter: Compat change id reported: 37756858; UID 10130; state: ENABLED
04-16 04:32:49.869  5628  9492 I MediaSessionMonitor: Media session stopped : controllerList empty
04-16 04:32:49.874  5331  5331 I Layer   : id=3328 Destroyed Screenshot Parent#3328
04-16 04:32:49.884  5331  5376 I SurfaceFlinger: id=3329 createSurf flag=80000, a131137 ActivityRecordInputSink org.jetbrains.android_benchmark.test/androidx.benchmark.IsolationActivity#3329
04-16 04:32:49.897 20022 20147 W libc    : Access denied finding property "sys.perf.boostopt"
04-16 04:32:49.898  5331  5331 I Layer   : Layer [Splash Screen org.jetbrains.android_benchmark.test$_8513#3324] hidden!! flag(0)
04-16 04:32:49.901  5331  5331 I Layer   : id=3330 Destroyed Screenshot Parent#3330
04-16 04:32:49.902 10239 10239 I AppWidgetManager: updateAppWidget() appWidgetIds = [15]
04-16 04:32:49.905 10239 10239 I ViewRootImpl@199c48c[RamActivity2]: MSG_WINDOW_FOCUS_CHANGED 0 0
04-16 04:32:49.906  5331  5376 I SurfaceFlinger: id=3331 createSurf flag=40404, Bottom Edge Extension#3331
04-16 04:32:49.907  5331  5376 I SurfaceFlinger: id=3332 createSurf flag=400, bbq-wrapper#3332
04-16 04:32:49.908  5628 32319 I BLASTBufferQueue: [bbq-adapter#119](f:0,a:0) onFrameAvailable the first frame is available
04-16 04:32:49.911  5331  5331 I Layer   : id=3333 Destroyed Screenshot Parent#3333
04-16 04:32:49.914  5331  5375 I SurfaceFlinger: id=3334 createSurf flag=40404, Top Edge Extension#3334
04-16 04:32:49.916  9109 10153 I RecentModel: onTaskStackChangedBackground
04-16 04:32:49.919  5331  5375 I SurfaceFlinger: id=3335 createSurf flag=400, bbq-wrapper#3335
04-16 04:32:49.920  5628 32320 I BLASTBufferQueue: [bbq-adapter#120](f:0,a:0) onFrameAvailable the first frame is available
04-16 04:32:49.957  5331  5331 D SurfaceFlinger: Display 0 HWC layers:
04-16 04:32:49.957  5331  5331 D SurfaceFlinger:      CLIENT | 0x79c7eca0c0 | 0102 | RGBA_8888    |    0.0    0.0    0.0    0.0 |    0 2393 1080 2400 | bbq-wrapper#3332
04-16 04:32:49.957  5331  5331 D SurfaceFlinger:      CLIENT | 0x79aa08da40 | 0102 | RGBA_8888    |    0.0    7.0 1080.0 2400.0 |    0    0 1080 2393 | com.samsung.android.lool/com.samsung[...]d.sm.ram.ui.RamActivity2$_10239#3306
04-16 04:32:49.957  5331  5331 D SurfaceFlinger:      CLIENT | 0x79c63ef680 | 0102 | RGBA_8888    |    0.0    0.0 1080.0    1.0 |    0    0 1080  403 | bbq-wrapper#3335
04-16 04:32:49.957  5331  5331 D SurfaceFlinger:      CLIENT | 0x7993788f00 | 0100 | RGBA_8888    |    0.0    0.0 1080.0 1997.0 |    0  403 1080 2400 | Splash Screen org.jetbrains.android_benchmark.test$_8513#3324
04-16 04:32:49.957  5331  5331 D SurfaceFlinger:      CLIENT | 0x79aa45b300 | 0100 | RGBA_8888    |    0.0    0.0 1080.0   88.0 |    0    0 1080   88 | StatusBar$_8513#99
04-16 04:32:49.957  5331  5331 D SurfaceFlinger:      DEVICE | 0x79aa45db00 | 0100 | RGBA_8888    |    0.0    0.0 1080.0  126.0 |    0 2274 1080 2400 | NavigationBar0$_8513#92
04-16 04:32:49.957  5331  5331 D SurfaceFlinger:      DEVICE | 0x79aa45cfc0 | 0140 | RGBA_8888    |    0.0    0.0 1080.0  100.0 |    0    0 1080  100 | ScreenDecorOverlay$_8513#109
04-16 04:32:49.957  5331  5331 D SurfaceFlinger:      DEVICE | 0x79aa45cd40 | 0140
04-16 04:32:49.957  5331  5331 D SurfaceFlinger: | RGBA_8888    |    0.0    0.0 1080.0  100.0 |    0 2300 1080 2400 | ScreenDecorOverlayBottom$_8513#110
04-16 04:32:49.957  5331  5331 D SurfaceFlinger:
04-16 04:32:49.971  5331  5331 D SurfaceFlinger: Display 0 HWC layers:
04-16 04:32:49.971  5331  5331 D SurfaceFlinger:      CLIENT | 0x79c7eca0c0 | 0102 | RGBA_8888    |    0.0    0.0    0.0    0.0 |    0 2382 1080 2400 | bbq-wrapper#3332
04-16 04:32:49.971  5331  5331 D SurfaceFlinger:      CLIENT | 0x79aa08da40 | 0102 | RGBA_8888    |    0.0   18.0 1080.0 2400.0 |    0    0 1080 2382 | com.samsung.android.lool/com.samsung[...]d.sm.ram.ui.RamActivity2$_10239#3306
04-16 04:32:49.971  5331  5331 D SurfaceFlinger:      CLIENT | 0x79c63ef680 | 0102 | RGBA_8888    |    0.0    0.0 1080.0    1.0 |    0    0 1080  333 | bbq-wrapper#3335
04-16 04:32:49.971  5331  5331 D SurfaceFlinger:      CLIENT |              | 0000 |  Unknown  |    0.0    0.0    0.0    0.0 |    0    0 1080 2400 | DimAnimationLayer for Task=5274#3326
04-16 04:32:49.971  5331  5331 D SurfaceFlinger:      CLIENT | 0x7993788f00 | 0100 | RGBA_8888    |    0.0    0.0 1080.0 2067.0 |    0  333 1080 2400 | Splash Screen org.jetbrains.android_benchmark.test$_8513#3324
04-16 04:32:49.971  5331  5331 D SurfaceFlinger:      CLIENT | 0x79aa45b300 | 0100 | RGBA_8888    |    0.0    0.0 1080.0   88.0 |    0    0 1080   88 | StatusBar$_8513#99
04-16 04:32:49.971  5331  5331 D SurfaceFlinger:      DEVICE | 0x79aa45db00 | 0100 | RGBA_8888    |    0.0    0.0 1080.0  126.0 |    0 2274 1080 2400 | NavigationBar0$_8513#92
04-16 04:32:49.971  5331  5331 D SurfaceFlinger:      DEVICE | 0x79aa45cfc0 |
04-16 04:32:49.971  5331  5331 D SurfaceFlinger: 0140 | RGBA_8888    |    0.0    0.0 1080.0  100.0 |    0    0 1080  100 | ScreenDecorOverlay$_8513#109
04-16 04:32:49.971  5331  5331 D SurfaceFlinger:      DEVICE | 0x79aa45cd40 | 0140 | RGBA_8888    |    0.0    0.0 1080.0  100.0 |    0 2300 1080 2400 | ScreenDecorOverlayBottom$_8513#110
04-16 04:32:49.971  5331  5331 D SurfaceFlinger:
04-16 04:32:50.000  5628  8434 W SemWifiTransportLayerUtils: getApplicationCategory - IOException org.jetbrains.android_benchmark.test
04-16 04:32:50.000  5628  8434 W System.err: java.io.FileNotFoundException: https://play.google.com/store/apps/details?id=org.jetbrains.android_benchmark.test&hl=en
04-16 04:32:50.000  5628  8434 W System.err: 	at com.android.okhttp.internal.huc.HttpURLConnectionImpl.getInputStream(HttpURLConnectionImpl.java:255)
04-16 04:32:50.000  5628  8434 W System.err: 	at com.android.okhttp.internal.huc.DelegatingHttpsURLConnection.getInputStream(DelegatingHttpsURLConnection.java:211)
04-16 04:32:50.000  5628  8434 W System.err: 	at com.android.okhttp.internal.huc.HttpsURLConnectionImpl.getInputStream(HttpsURLConnectionImpl.java:30)
04-16 04:32:50.000  5628  8434 W System.err: 	at com.samsung.android.server.wifi.tcp.SemWifiTransportLayerUtils.getApplicationCategory(SemWifiTransportLayerUtils.java:104)
04-16 04:32:50.000  5628  8434 W System.err: 	at com.samsung.android.server.wifi.tcp.SemWifiTransportLayerMonitor$TcpMonitorHandler.handleMessage(SemWifiTransportLayerMonitor.java:244)
04-16 04:32:50.000  5628  8434 W System.err: 	at android.os.Handler.dispatchMessage(Handler.java:106)
04-16 04:32:50.000  5628  8434 W System.err: 	at android.os.Looper.loopOnce(Looper.java:226)
04-16 04:32:50.000  5628  8434 W System.err: 	at android.os.Looper.loop(Looper.java:313)
04-16 04:32:50.000  5628  8434 W System.err: 	at android.os.HandlerThread.run(HandlerThread.java:67)
04-16 04:32:50.001  5628  8434 D SemWifiTransportLayerMonitor.TcpMonitorHandler: MSG_SAVE_PACKAGE_INFO
04-16 04:32:50.001  5628  8434 D SemWifiTransportLayerFileManager: saveWifiPackageInfoToFile
04-16 04:32:50.001  5628  8434 D SemWifiTransportLayerFileManager: writeWifiPackageInfoList
04-16 04:32:50.021  5628 16160 D MotionRecognitionService: values = 100.0
04-16 04:32:50.021  5628 16160 D MotionRecognitionService: onReceive lux: 100.0  action:
04-16 04:32:50.021  5628 16160 D MotionRecognitionService: Inject brightness form Cam 100.0
04-16 04:32:50.021  5628 16160 D MotionRecognitionService: Inject calibrated lux
04-16 04:32:50.024  5271  5271 I SensorsHub: AutoBrightnessSensor::injectSensorData: camLux 100
04-16 04:32:50.133  9109  9129 I id.app.launcher: NativeAlloc concurrent copying GC freed 171411(7731KB) AllocSpace objects, 8(384KB) LOS objects, 49% free, 15MB/30MB, paused 120us,75us total 240.023ms
04-16 04:32:50.134  9109  9129 W id.app.launcher: Reducing the number of considered missed Gc histogram windows from 251 to 100
04-16 04:32:50.148  5628  5708 I AccessibilityServiceInfo: took more than 100ms mComponentName : ComponentInfo{com.microsoft.launcher/com.microsoft.launcher.accessibility.LauncherAccessibilityService}, elapsedTime : 102
04-16 04:32:50.219 16167 16213 I CameraLightSensor_Service: MSG_SERVICE_CAMERA_LOOP
04-16 04:32:50.219 16167 16213 I CameraLightSensor_Service: startBackgroundThread : mBackgroundHandler is set
04-16 04:32:50.219 16167 16213 I CameraLightSensor_Service: Camera ID 3 is available
04-16 04:32:50.220  5445 12691 I CameraService: this package can access to hidden camera ids.
04-16 04:32:50.220 16167 16213 I CameraManager: registerAvailabilityCallback: Is device callback = false
04-16 04:32:50.220 16167 16213 I CameraManagerGlobal: postSingleUpdate device: camera id 0 status STATUS_PRESENT
04-16 04:32:50.220 16167 16213 I CameraManagerGlobal: postSingleUpdate device: camera id 1 status STATUS_PRESENT
04-16 04:32:50.220 16167 16213 I CameraManagerGlobal: postSingleUpdate device: camera id 2 status STATUS_PRESENT
04-16 04:32:50.220 16167 16213 I CameraManagerGlobal: postSingleUpdate device: camera id 3 status STATUS_PRESENT
04-16 04:32:50.220 16167 16213 I CameraManagerGlobal: postSingleUpdate device: camera id 20 status STATUS_PRESENT
04-16 04:32:50.221 16167 20239 I CameraLightSensor_Service: Camera 3 is available
04-16 04:32:50.221 16167 16213 I CameraManagerGlobal: postSingleUpdate device: camera id 23 status STATUS_PRESENT
04-16 04:32:50.221 16167 20239 I CameraLightSensor_Service: Camera open callback start
04-16 04:32:50.221 16167 16213 I CameraManagerGlobal: postSingleUpdate device: camera id 50 status STATUS_PRESENT
04-16 04:32:50.221 16167 16213 I CameraManagerGlobal: postSingleUpdate device: camera id 52 status STATUS_PRESENT
04-16 04:32:50.221 16167 16213 I CameraManagerGlobal: postSingleUpdate device: camera id 54 status STATUS_PRESENT
04-16 04:32:50.221  5628 16160 D MotionRecognitionService: values = 100.0
04-16 04:32:50.221  5628 16160 D MotionRecognitionService: onReceive lux: 100.0  action:
04-16 04:32:50.221  5628 16160 D MotionRecognitionService: Inject brightness form Cam 100.0
04-16 04:32:50.221  5628 16160 D MotionRecognitionService: Inject calibrated lux
04-16 04:32:50.223  5445 12691 I CameraService: CameraService::connect call (PID -1 "com.samsung.adaptivebrightnessgo", camera ID 3) and Camera API version 2
04-16 04:32:50.223  5271  5271 I SensorsHub: AutoBrightnessSensor::injectSensorData: camLux 100
04-16 04:32:50.223  5445 12691 I CameraService: isUidActiveLocked E: uid 5021, callingPackage com.samsung.adaptivebrightnessgo, isRegistered true
04-16 04:32:50.223  5445 12691 I CameraService: isUidActiveLocked X: return true.
04-16 04:32:50.223  5445 12691 I CameraService: this package is a adaptive brightness app.
04-16 04:32:50.223  5445 12691 I CameraService: CameraService::validateClientPermissionsLocked is ok : calling pid 16167, calling uid 5021, client com.samsung.adaptivebrightnessgo , cameraservice pid=5445, device user 0, currently allowed device users: 0
04-16 04:32:50.223  5445 12691 I CameraService: CameraService::handleEvictionsLocked
04-16 04:32:50.223  5445 12691 I CameraService: this package is a adaptive brightness app.
04-16 04:32:50.223  5445 12691 I CameraService: wouldEvictLocked: [incoming client] owner = 16167, priority-score=999, cost=51, returnIncompatibleClients=false
04-16 04:32:50.223  5445 12691 I CameraService: wouldEvictLocked: [cost info] current cost=0, adding cost=51, total cost=51, max cost=100
04-16 04:32:50.223  5445 12691 I CameraService: wouldEvictLocked: [highestPriority] owner=16167, score=999
04-16 04:32:50.223  5445 12691 I CameraFlashlight: prepareDeviceOpen: prepare for device open(cameraId=3)
04-16 04:32:50.223  5445 12691 I Camera2ClientBase: Camera 3: Opened. Client: com.samsung.adaptivebrightnessgo (PID 16167, UID 5021)
04-16 04:32:50.223  5445 12691 I CameraDeviceClient: CameraDeviceClient 3: Opened
04-16 04:32:50.224  5445 12691 I CameraService: service.camera.client set to com.samsung.adaptivebrightnessgo
04-16 04:32:50.224  5445 12691 I CameraService: startCameraOps: Start camera ops, package name = com.samsung.adaptivebrightnessgo, client UID = 5021
04-16 04:32:50.224  5445 12691 I CameraService: this package is a adaptive brightness app.
04-16 04:32:50.227  5445 12691 I CameraService: Drop checking dpm for package com.samsung.adaptivebrightnessgo(pid 16167) from startCameraOps()
04-16 04:32:50.227  5445 12691 I CameraService: Drop updateStatus callbak for package com.samsung.adaptivebrightnessgo(pid 16167)
04-16 04:32:50.227  5445 12691 D Camera3-RequestInjector: RequestInjector[3] Mapper created
04-16 04:32:50.227  5445 12691 D HidlCamera3-Device: CameraPerf: initialize E
04-16 04:32:50.227  5445 12691 D HidlCamera3-Device: initialize: mInterfaceLock.lock()
04-16 04:32:50.228  5445 12691 I CameraProviderManager: openHidlSession, using trampoline for v5.0
04-16 04:32:50.228  5445 12691 D CameraProviderManager: CameraPerf: openHidlSession E
04-16 04:32:50.228  5287  5525 I SehCamDev@5.0-impl: [CAMKPI] camera3->open : E
04-16 04:32:50.228  5287  5525 I ExynosCameraInterface: INFO(HAL3_camera_device_open[67]):camera(3) master(1), slave(-1) camInfoIndex(3) in ======
04-16 04:32:50.228  5287  5525 I ExynosCameraInterface: [m_checkAndSetMultiDeviceCamId : 772] camera (1) is opened at idx (0, 0)
04-16 04:32:50.228  5287  5525 E ExynosCamera: Build Date is (Jan 16 2023) (13:38:55)
04-16 04:32:50.228  5287  5525 I ExynosCamera: [CAM(1)][Front_0]-(m_init[97]):CameraId_0 (1)
04-16 04:32:50.228  5287  5525 I ExynosCamera: [CAM(1)][Front_0]-(m_init[110]):Single cameara enabled! CameraId (1) m_scenario(0) sensorType(1)
04-16 04:32:50.228  5287  5525 I ExynosCameraSec: [CAM(1)][Front_0]-(m_vendorSpecificPreConstructor[56]):-IN-
04-16 04:32:50.229  5287  5525 I SecCameraUtil: INFO(isEEprom[225]): SAMSUNG_EEPROM_FRONT is not defined
04-16 04:32:50.229  5287  5525 I ExynosCameraSec: [CAM(1)][Front_0]-(m_vendorSpecificPreConstructor[60]):-OUT-
04-16 04:32:50.229  5287  5525 I ExynosCameraSensorInfo: [CAM_ID(1)]-INFO(createExynosCameraSensorInfo[601]):sensorId 121 name IMX616
04-16 04:32:50.229  5287  5525 I SecCameraUtil: INFO(checkFpsProperty[72]): set cam_fps property (0).
04-16 04:32:50.229  5287  5525 I ExynosCameraConfigurationsSec: [CAM(1)][Front_0]-(checkCountryCodeProperty[1347]):countryCode Property - (RU)
04-16 04:32:50.229  5287  5525 I ExynosCameraConfigurations: [CAM(1)][Front_0]-(setDefaultCameraInfo[148]):
04-16 04:32:50.229  5287  5525 I ExynosCameraSensorInfo: [CAM_ID(1)]-INFO(createExynosCameraSensorInfo[601]):sensorId 121 name IMX616
04-16 04:32:50.229  5287  5525 I SecCameraUtil: INFO(checkBinningProperty[89]): set cam_binning property 0
04-16 04:32:50.229  5287  5525 I ExynosCameraParameters: [CAM(1)][Front_0]-(setDefaultCameraInfo[139]):
04-16 04:32:50.229  5287  5525 I ExynosCamera: [CAM(1)][Front_0]-(m_createIonAllocator[4769]):try(1) to create IonAllocator
04-16 04:32:50.229  5287  5525 I ExynosCamera: [CAM(1)][Front_0]-(m_initMultiCam[366]):-IN-
04-16 04:32:50.229  5287  5525 I ExynosCamera: [CAM(1)][Front_0]-(m_initMultiCam[442]):-OUT-
04-16 04:32:50.229  5287  5525 I ExynosCameraSec: [CAM(1)][Front_0]-(m_vendorSpecificConstructor[67]):-IN-
04-16 04:32:50.229  5287  5525 I ExynosCameraSec: [CAM(1)][Front_0]-(m_vendorSpecificConstructor[127]):-OUT-
04-16 04:32:50.229  5287  5525 I ExynosCameraInterface: INFO(HAL3_camera_device_open[134]):camera(1) out from new g_cam_device3[1]->priv()
04-16 04:32:50.230  5445 12691 I CameraProviderManager: Camera device device@3.5/legacy/3 torch status is now NOT_AVAILABLE
04-16 04:32:50.230  5445 12691 I CameraService: onTorchStatusChangedLocked: Torch status changed for cameraId=3, newStatus=0
04-16 04:32:50.230  5445 12691 E CameraService: onTorchStatusChangedLocked: cannot get torch status of camera 3: No such file or directory (-2)
04-16 04:32:50.230  5287  5525 I ExynosCameraInterface: INFO(HAL3_camera_device_open[246]):camera(1) out =====
04-16 04:32:50.230  5287  5525 I ExynosCameraInterface: DEBUG:duration time(    2 msec):(HAL3_camera_device_open)
04-16 04:32:50.230  5287  5525 I SehCamDev@5.0-impl: [CAMKPI] camera3->open : X
04-16 04:32:50.232  5287  5525 I ExynosCameraInterface: INFO(HAL3_camera_device_initialize[393]):in =====
04-16 04:32:50.232  5287  5525 E ExynosCameraInterface: INFO(HAL3_camera_device_initialize[399]): dual cam_state[0](3)
04-16 04:32:50.232  5287  5525 I ExynosCameraInterface: INFO(HAL3_camera_device_initialize[409]):out =====
04-16 04:32:50.232  5287  5525 I ExynosCameraInterface: DEBUG:duration time(    0 msec):(HAL3_camera_device_initialize)
04-16 04:32:50.235  5445 12691 D CameraProviderManager: CameraPerf: openHidlSession X (7ms)
04-16 04:32:50.237  5445 12691 D HidlCamera3-Device: CameraPerf: initialize X (9ms)
04-16 04:32:50.237  5445 12691 D Camera3-Device: CameraPerf: initializeCommonLocked: E
04-16 04:32:50.237  5445 12691 I Camera3-Status: addComponent: Adding new component 0 - InflightRequests
04-16 04:32:50.237  5445 12691 I Camera3-Status: addComponent: Adding new component 1 - RequestThread
04-16 04:32:50.237  5445 12691 D Camera3-Device: initializeCommonLocked mTimestampOffset = 17647447487475ns.
04-16 04:32:50.237  5445 12691 D Camera3-Device: CameraPerf: initializeCommonLocked: X (0ms)
04-16 04:32:50.237  5445 12691 E Camera2-FrameProcessorBase: FrameProcessorBase: created
04-16 04:32:50.238  5445 12691 E Camera2-FrameProcessorBase: registerListener: Registering listener for frame id range 0 - 2147483647
04-16 04:32:50.238  5628  8607 E CameraService_proxy: Recent tasks don't include camera client package name: com.samsung.adaptivebrightnessgo
04-16 04:32:50.239  5445 12691 I CameraService: connectHelper: overrideCameraMuteMode = false, isCameraPrivacyEnabled = false
04-16 04:32:50.239  5445 12691 I CameraService: CameraService::finishConnectLocked E
04-16 04:32:50.239  5445 12691 I CameraService: wouldEvictLocked: [incoming client] owner = 16167, priority-score=999, cost=51, returnIncompatibleClients=false
04-16 04:32:50.239  5445 12691 I CameraService: wouldEvictLocked: [cost info] current cost=0, adding cost=51, total cost=51, max cost=100
04-16 04:32:50.239  5445 12691 I CameraService: wouldEvictLocked: [highestPriority] owner=16167, score=999
04-16 04:32:50.239  5445 12691 I CameraService: this package is a adaptive brightness app.
04-16 04:32:50.239  5445 12691 I CameraService: addAndEvict: push the client(owner 16167, priorityScore 999, state 6) to mClients
04-16 04:32:50.239  5445 12691 I CameraService: CameraService::finishConnectLocked X
04-16 04:32:50.239  5445 12691 I CameraDeviceClient: notifyAppPackageName
04-16 04:32:50.239  5445 12691 D HidlCamera3-Device: CameraPerf: setParameters E
04-16 04:32:50.239  5287  5525 I ExynosCameraInterface: DEBUG(HAL3_camera_device_set_parameters[525]):
04-16 04:32:50.240  5287  5525 I ExynosCameraSec: [CAM(1)][Front_0]-(setParameters[1498]):
04-16 04:32:50.240  5287  5525 I ExynosCameraConfigurationsSec: [CAM(1)][Front_0]-(checkClientPackageName[1497]):packageName (com.samsung.adaptivebrightnessgo) cameraClient (0)
04-16 04:32:50.240  5287  5525 I ExynosCameraInterface: DEBUG:duration time(    1 msec):(HAL3_camera_device_set_parameters)
04-16 04:32:50.240  5445 12691 D HidlCamera3-Device: CameraPerf: setParameters X (0ms)
04-16 04:32:50.240  5445 12691 I CameraService: Notified package name to HAL.
04-16 04:32:50.240  5445 12691 I CameraServiceProxyWrapper: updateProxyDeviceState: notifyCameraState for Camera ID 3, newState 0, facing 1, clientName com.samsung.adaptivebrightnessgo, apiLevel 2
04-16 04:32:50.240  5628 11254 I CameraManagerGlobal: Camera 3 facing CAMERA_FACING_FRONT state now CAMERA_STATE_OPEN for client com.samsung.adaptivebrightnessgo API Level 2
04-16 04:32:50.240  8513 10612 I CameraManagerGlobal: Camera 3 facing CAMERA_FACING_FRONT state now CAMERA_STATE_OPEN for client com.samsung.adaptivebrightnessgo API Level 2
04-16 04:32:50.240  5628  8607 I AudioManager: setParameters keyValuePairs = cameraFacing=front
04-16 04:32:50.241  8924  9043 I CameraManagerGlobal: Camera 3 facing CAMERA_FACING_FRONT state now CAMERA_STATE_OPEN for client com.samsung.adaptivebrightnessgo API Level 2
04-16 04:32:50.241 16167 20239 I CameraLightSensor_Service: Camera open callback finish
04-16 04:32:50.241 16167 20239 I CameraLightSensor_Service: Camera acquired, time = 45416029
04-16 04:32:50.241 11012  2913 I CameraManagerGlobal: Camera 3 facing CAMERA_FACING_FRONT state now CAMERA_STATE_OPEN for client com.samsung.adaptivebrightnessgo API Level 2
04-16 04:32:50.241 11012  2913 I CameraManagerGlobal: onCameraDeviceStateChangedLocked: post device state update
04-16 04:32:50.241 11012  2913 I CameraManagerGlobal: onCameraDeviceStateChangedLocked: post device state update
04-16 04:32:50.241 16167 14010 I CameraManagerGlobal: Camera 3 facing CAMERA_FACING_FRONT state now CAMERA_STATE_OPEN for client com.samsung.adaptivebrightnessgo API Level 2
04-16 04:32:50.241  5445 12691 D HidlCamera3-Device: CameraPerf: constructDefaultRequestSettings templateId: 1 E
04-16 04:32:50.242  5287  5525 I ExynosCameraInterface: INFO(HAL3_camera_device_construct_default_request_settings[455]):in =====
04-16 04:32:50.242  5287  5525 I ExynosCameraMetadataConverter: [CAM(1)][]-(constructDefaultRequestSettings[95]):Type(1)
04-16 04:32:50.242  5287  5525 I ExynosCameraMetadataConverter: [CAM(1)][]-(constructDefaultRequestSettings[124]):type is ANDROID_CONTROL_CAPTURE_INTENT_PREVIEW
04-16 04:32:50.242  5287  5525 I ExynosCameraMetadataConverter: [CAM(1)][]-(constructDefaultRequestSettings[478]):Registered default request template(1)
04-16 04:32:50.242  5287  5525 I ExynosCamera: [CAM(1)][Front_0]-(construct_default_request_settings[1172]):out
04-16 04:32:50.242  5287  5525 I ExynosCameraInterface: INFO(HAL3_camera_device_construct_default_request_settings[464]):out =====
04-16 04:32:50.242  5287  5525 I ExynosCameraInterface: DEBUG:duration time(    0 msec):(HAL3_camera_device_construct_default_request_settings)
04-16 04:32:50.242  8513  9595 D CameraAvailabilityListener: onCameraDeviceStateChanged: id=3, facing=1, state=CAMERA_STATE_OPEN, client=com.samsung.adaptivebrightnessgo
04-16 04:32:50.242  5445 12691 D HidlCamera3-Device: CameraPerf: constructDefaultRequestSettings X (0ms)
04-16 04:32:50.242  5256 21725 D audio_hw_primary: device-adev_set_parameters: enter
04-16 04:32:50.243  5256 21725 D audio_hw_primary: device-adev_set_parameters: param (cameraFacing=front)
04-16 04:32:50.243  5445 12691 D HidlCamera3-Device: CameraPerf: setParameters E
04-16 04:32:50.243  5287  5525 I ExynosCameraInterface: DEBUG(HAL3_camera_device_set_parameters[525]):
04-16 04:32:50.243  5287  5525 I ExynosCameraSec: [CAM(1)][Front_0]-(setParameters[1498]):
04-16 04:32:50.243  5287  5525 I ExynosCameraConfigurationsSec: [CAM(1)][Front_0]-(m_checkDeviceSwitching[1529]):device-switching is NULL
04-16 04:32:50.243  5287  5525 I ExynosCameraConfigurationsSec: [CAM(1)][Front_0]-(m_checkShootingMode[1775]):shootingmode 30
04-16 04:32:50.243  5287  5525 I ExynosCameraConfigurationsSec: [CAM(1)][Front_0]-(m_checkVtMode[1739]):newVTMode (-1)
04-16 04:32:50.244  5287 20246 I ExynosCameraSec: [CAM(1)][Front_0]-(m_fastenPreviewFactoryThreadFunc[31034]):
04-16 04:32:50.244  5287  5525 I ExynosCameraInterface: DEBUG:duration time(    1 msec):(HAL3_camera_device_set_parameters)
04-16 04:32:50.244  5445 12691 D HidlCamera3-Device: CameraPerf: setParameters X (1ms)
04-16 04:32:50.245  5287 20246 I ExynosCameraFrameFactoryPreview: [CAM(1)][Front_0]-(create[43]):
04-16 04:32:50.245  5287 20246 I ExynosCameraFrameFactoryBase: [CAM(1)][Front_0]-(create[37]):
04-16 04:32:50.245  5287 20246 I ExynosCameraFrameFactoryPreviewSec: [CAM(1)][Front_0]-(m_setupConfig[256]):
04-16 04:32:50.245  5287 20246 I ExynosCameraFrameFactoryPreview: [CAM(1)][Front_0]-(m_setDeviceInfo[731]):
04-16 04:32:50.245  5287 20246 I ExynosCameraFrameFactoryPreviewSec: [CAM(1)][Front_0]-(m_constructPipes[340]):
04-16 04:32:50.245  5445 12691 D Camera3-Device: waitUntilDrained: mInterfaceLock.unlock()
04-16 04:32:50.246  5287 20246 I exynos-libhwjpeg: CHWJpegV4L2Compressor Created: 0xed921008, FD 11
04-16 04:32:50.246  5287 20246 I exynos-libhwjpeg: CHWJpegV4L2Compressor Created: 0xed18db00, FD 12
04-16 04:32:50.246  5287 20246 I exynos-libhwjpeg: Created thumbnail scaler: legacy V4L2 Scaler
04-16 04:32:50.246  5287 20246 I exynos-libhwjpeg: ExynosJpegEncoderForCamera Created: 0xed921004, ION 13
04-16 04:32:50.246  5287 20246 I ExynosCameraFrameFactoryPreviewSec: [CAM(1)][Front_0]-(m_constructPipes[564]):pipe ids for preview
04-16 04:32:50.246  5287 20246 I ExynosCameraFrameFactoryPreviewSec: [CAM(1)][Front_0]-(m_constructPipes[567]):m_pipes[0] : PipeId(0)
04-16 04:32:50.246  5287 20246 I ExynosCameraFrameFactoryPreviewSec: [CAM(1)][Front_0]-(m_constructPipes[567]):m_pipes[6] : PipeId(6)
04-16 04:32:50.246  5287 20246 I ExynosCameraFrameFactoryPreviewSec: [CAM(1)][Front_0]-(m_constructPipes[567]):m_pipes[11] : PipeId(11)
04-16 04:32:50.246  5445 12691 D CameraDeviceClient: createStream E
04-16 04:32:50.246  5287 20246 I ExynosCameraFrameFactoryPreviewSec: [CAM(1)][Front_0]-(m_constructPipes[567]):m_pipes[26] : PipeId(26)
04-16 04:32:50.246  5287 20246 I ExynosCameraFrameFactoryPreviewSec: [CAM(1)][Front_0]-(m_constructPipes[567]):m_pipes[33] : PipeId(33)
04-16 04:32:50.246  5287 20246 I ExynosCameraFrameFactoryPreviewSec: [CAM(1)][Front_0]-(m_constructPipes[567]):m_pipes[41] : PipeId(41)
04-16 04:32:50.246  5445 12691 D SessionConfigUtils: createSurfaceFromGbp E: logicalCameraId=3, isStreamInfoValid=0, useCase=0, option=0x0, mirrorMode=0
04-16 04:32:50.246  5287 20246 I ExynosCameraFrameFactoryPreviewSec: [CAM(1)][Front_0]-(m_constructPipes[567]):m_pipes[42] : PipeId(42)
04-16 04:32:50.246  5287 20246 I ExynosCameraFrameFactoryPreviewSec: [CAM(1)][Front_0]-(m_constructPipes[567]):m_pipes[43] : PipeId(43)
04-16 04:32:50.246  5287 20246 I ExynosCameraFrameFactoryPreviewSec: [CAM(1)][Front_0]-(m_constructPipes[567]):m_pipes[44] : PipeId(44)
04-16 04:32:50.246  5287 20246 I ExynosCameraFrameFactoryPreviewSec: [CAM(1)][Front_0]-(m_constructPipes[567]):m_pipes[54] : PipeId(54)
04-16 04:32:50.247  5287 20246 I ExynosCameraFrameFactoryPreviewSec: [CAM(1)][Front_0]-(m_constructPipes[567]):m_pipes[55] : PipeId(55)
04-16 04:32:50.247  5287 20246 I ExynosCameraFrameFactoryPreviewSec: [CAM(1)][Front_0]-(m_constructPipes[567]):m_pipes[56] : PipeId(56)
04-16 04:32:50.247  5287 20246 I ExynosCameraFrameFactoryPreviewSec: [CAM(1)][Front_0]-(m_constructPipes[567]):m_pipes[57] : PipeId(57)
04-16 04:32:50.247  5445 12691 W SessionConfigUtils: createSurfaceFromGbp: Camera 3 with consumer usage flag: 256: Forcing asynchronous mode forstream
04-16 04:32:50.247  5445 12691 D SessionConfigUtils: createSurfaceFromGbp: consumer usage flag: 256, useAsync: 1
04-16 04:32:50.248  5445 12691 D SessionConfigUtils: createSurfaceFromGbp: width=1, height=1, format=1, dataSpace=0
04-16 04:32:50.248  5445 12691 W SessionConfigUtils: createSurfaceFromGbp: Camera 3: Overriding format 0x1 to IMPLEMENTATION_DEFINED
04-16 04:32:50.248  5445 12691 D SessionConfigUtils: roundBufferDimensionNearest  inWidth=1 inHeight=1, outWidth=176 outHeight=144 X
04-16 04:32:50.248  5445 12691 D SessionConfigUtils: createSurfaceFromGbp X
04-16 04:32:50.249  5445 12691 D Camera3-Device: createStream: mInterfaceLock.lock()
04-16 04:32:50.249  5445 12691 D Camera3-Device: createStream: Camera 3: Creating new stream 0: 176 x 144, format 0x22(IMPL_DEF), dataspace 0 rotation 0 consumer usage 0, isShared 0, physicalCameraId , isMultiResolution 0 dynamicRangeProfile 0x1, streamUseCase 0, option 0x0, timestampBase 0, mirrorMode 0
04-16 04:32:50.247  5287 20246 I ExynosCameraMCPipe: [CAM(1)][PIPE_FLITE]-(m_preCreate[1446]):m_preCreate() is succeed, Pipe(0), prepare(0)
04-16 04:32:50.249  5287 20246 I ExynosCameraMCPipe: [CAM(1)][PIPE_FLITE]-(m_postCreate[1471]):m_postCreate() is succeed, Pipe(0)
04-16 04:32:50.251  5445 12691 D Camera3-Device: createStream: mInterfaceLock.unlock()
04-16 04:32:50.251  5445 12691 D CameraDeviceClient: createStream: Camera 3: Successfully created a new stream ID 0 for output surface (176 x 144) with format 0x22.
04-16 04:32:50.251  5445 12691 D Camera3-Device: setStreamTransform: mInterfaceLock.lock()
04-16 04:32:50.251  5445 12691 D CameraDeviceClient: createStream X
04-16 04:32:50.252  5445 12691 D Camera3-Device: filterParamsAndConfigureLocked : operatingMode=0
04-16 04:32:50.252  5445 12691 D Camera3-Device: CameraPerf: configureStreamsLocked: Camera 3: Stream configuration E
04-16 04:32:50.252  5445 12691 I HidlCamera3-Device: configureStreams Before configuration Stream[0] : [176 x 144], usage: 0x100
04-16 04:32:50.253  5287  5525 I SehCamDevSession@5.0-impl: [CAMKPI] camera3->configure_streams : E
04-16 04:32:50.253  5287  5525 I ExynosCameraInterface: INFO(HAL3_camera_device_configure_streams[423]):in =====
04-16 04:32:50.253  5287  5525 I ExynosCameraSec: [CAM(1)][Front_0]-(configureStreams[7706]):In
04-16 04:32:50.253  5287  5525 I ExynosCameraSec: [CAM(1)][Front_0]-(configureStreams[7735]):m_firstPreviewTimer start
04-16 04:32:50.253  5287  5525 I ExynosCameraConfigurationsSec: [CAM(1)][Front_0]-(m_checkCameraClient[1429]):Camera Client 0
04-16 04:32:50.253  5287  5525 I ExynosCameraMetadataConverterVendor: [CAM(1)][]-(setVendorPreSessionParams[6464]):SHOT_MODE(30)
04-16 04:32:50.254  5287  5525 I ExynosCameraConfigurationsSec: [CAM(1)][Front_0]-(setMode[470]):YSUM Recording OFF
04-16 04:32:50.254  5287  5525 I ExynosCameraSec: [CAM(1)][Front_0]-(m_enumStreamInfo[7089]):setting usage read|write
04-16 04:32:50.254  5287  5525 I ExynosCameraStreamManager: INFO(m_insert[638]):inserted stream and id is (1)
