04-24 04:49:32.617 21331 21358 I TestRunner: started: inlineDouble(org.jetbrains.android_benchmark.Wolf3dBenchmark)
04-24 04:49:32.619 21331 21331 I MonitoringInstr: Activities that are still in CREATED to STOPPED: 1
04-24 04:49:32.619 21331 21331 I MonitoringInstr: Finishing activity: androidx.benchmark.IsolationActivity@c388c9b
04-24 04:49:32.621  5635  5714 W libprocessgroup: Failed to open /dev/blkio//cgroup.procs: No such file or directory
04-24 04:49:32.625 21331 21358 I GrantPermissionCallable: Permission: android.permission.WRITE_EXTERNAL_STORAGE is already granted!
04-24 04:49:32.625 21331 21358 I GrantPermissionCallable: Permission: android.permission.READ_EXTERNAL_STORAGE is already granted!
04-24 04:49:32.625 21331 21358 D Benchmark: -- Running org.jetbrains.android_benchmark.Wolf3dBenchmark#inlineDouble --
04-24 04:49:32.626 21331 21358 D PerfettoCapture: Supported ABIs: arm64-v8a, armeabi-v7a, armeabi
04-24 04:49:32.626 21331 21358 D PerfettoCapture: Recording perfetto trace
04-24 04:49:32.640 21600 31774 I NetworkScheduler.Stats: Task com.google.android.gms/com.google.android.gms.ipa.base.IpaGcmTaskService started execution. cause:9 exec_start_elapsed_seconds: 156555 [CONTEXT service_id=218 ]
04-24 04:49:32.651 21600 29515 I NetworkScheduler.Stats: Task com.google.android.gms/com.google.android.gms.ipa.base.IpaGcmTaskService finished executing. cause:9 result: 1 elapsed_millis: 55 uptime_millis: 55 exec_start_elapsed_seconds: 156555 [CONTEXT service_id=218 ]
04-24 04:49:32.653 21331 21358 I PerfettoCapture: Cleanup perfetto before starting.
04-24 04:49:32.891 21331 21358 I PerfettoCapture: Perfetto output file cleanup -
04-24 04:49:32.891 21331 21358 I PerfettoCapture: Starting perfetto tracing with cmd: cat /storage/emulated/0/Android/data/org.jetbrains.android_benchmark.test/cache/trace_config.pb | perfetto --background -c - -o /data/misc/perfetto-traces/trace_output.pb
04-24 04:49:33.087 32320 32320 I perfetto:    perfetto_cmd.cc:1001 Connected to the Perfetto traced service, starting tracing
04-24 04:49:33.088  5413  5413 I perfetto: ing_service_impl.cc:953 Configured tracing session 87, #sources:4, duration:0 ms, #buffers:2, total buffer size:36864 KB, total sessions:1, uid:2000 session name: ""
04-24 04:49:33.089  5403  5403 I perfetto:  probes_producer.cc:139 Ftrace setup (target_buf=173)
04-24 04:49:33.109  5635  5714 W libprocessgroup: Failed to open /dev/blkio//cgroup.procs: No such file or directory
04-24 04:49:33.133 13505 13505 I SCS@AiSearch user 0: (ObserverWorker::AOSP_MP) [main] entering in startWork():
04-24 04:49:33.134 13505 13505 I SCS@AiSearch user 0: (BaseCollector::AOSP_MP) [main] entering in onChange():
04-24 04:49:33.135 13505 13578 I SCS@AiSearch user 0: (BaseCollector::AOSP_MP) [AOSP_MP-0] entering in collectChanges():
04-24 04:49:33.141 21331 21358 I PerfettoCapture: Perfetto output - 32320
04-24 04:49:33.141 21331 21358 I PerfettoCapture: EXITCODE=0
04-24 04:49:33.162  5635  6735 D PackageManager: setEnabledSetting : userId = 0 packageName = com.samsung.android.scs cmp = androidx.work.impl.background.systemalarm.RescheduleReceiver newState = 1 callingPackage = 10380/com.samsung.android.scs
04-24 04:49:33.162  4388  4388 I hwservicemanager: getTransport: Cannot find entry android.hardware.atrace@1.0::IAtraceDevice/default in either framework or device VINTF manifest.
04-24 04:49:33.163  5635  6735 D ApplicationPolicy: getApplicationStateEnabled : pkg = com.samsung.android.scs userId : 0
04-24 04:49:33.165  5635  6735 D ApplicationPolicy: getApplicationComponentState : pkg = com.samsung.android.scs userId : 0
04-24 04:49:33.185  5403  5403 I perfetto:    ftrace_procfs.cc:335 enabled ftrace in /sys/kernel/tracing/
04-24 04:49:33.240 13505 13578 I SCS@AiSearch user 0: (BaseCollector::AOSP_MP) fetchInternal values : maxSyncId: 1000007967 indexCount: 1702 sourceCount: 1702
04-24 04:49:33.296 21331 21358 I PerfettoCapture: Perfetto tracing started successfully with pid 32320.
04-24 04:49:33.324 13505 13578 I SCS@AiSearch user 0: (IndexManager) [AOSP_MP-0] entering in addIndex():
04-24 04:49:33.338 13505 13578 I SCS@AiSearch user 0: (BaseCollector::AOSP_MP) fetch: fetching took  145 ms
04-24 04:49:33.339 13505 13578 I SCS@AiSearch user 0: (BaseCollector::AOSP_MP) fetchChanges: applied 0 items
04-24 04:49:33.340 13505 13578 I SCS@AiSearch user 0: (BaseCollector::AOSP_MP) Collect finished. Result: true
04-24 04:49:33.346 13505 13561 I WM-WorkerWrapper: Worker result SUCCESS for Work [ id=336bd30f-46fb-47a0-a579-13f52fe2c9d3, tags={ com.sec.android.app.myfiles, com.samsung.android.scs.ai.search.data.collector.ObserverWorker } ]
04-24 04:49:33.357 13505 13578 I SCS@AiSearch user 0: (BaseCollector::AOSP_MP) enqueue ObserverWorker name: com.sec.android.app.myfiles, policy: APPEND_OR_REPLACE
04-24 04:49:33.377 21331 21358 I PerfettoCapture: /sys/kernel/tracing/tracing_on = 1, polled 0 times, capture fully started
04-24 04:49:33.384 21331 21358 D Benchmark: Set 21358 (Bench thread) to priority -20. Was -8, now -20
04-24 04:49:33.384 21331 21358 D Benchmark: Set 21342 (Jit) to priority -15. Was 9, now -15
04-24 04:49:33.415 21331 21358 I _benchmark.test: Explicit concurrent copying GC freed 8460(718KB) AllocSpace objects, 1(20KB) LOS objects, 67% free, 2962KB/9106KB, paused 301us,70us total 31.401ms
04-24 04:49:33.445  5635  8927 D PackageManager: setEnabledSetting : userId = 0 packageName = com.samsung.android.scs cmp = androidx.work.impl.background.systemalarm.RescheduleReceiver newState = 1 callingPackage = 10380/com.samsung.android.scs
04-24 04:49:33.447  5635  8927 D ApplicationPolicy: getApplicationStateEnabled : pkg = com.samsung.android.scs userId : 0
04-24 04:49:33.449  5635  8927 D ApplicationPolicy: getApplicationComponentState : pkg = com.samsung.android.scs userId : 0
04-24 04:49:34.470  8329  9109 I BluetoothAdapter: STATE_ON
04-24 04:49:34.476  8329  9109 D BluetoothGatt: connect() - device: 645DF4_1, auto: false
04-24 04:49:34.476  8329  9109 D BluetoothGatt: registerApp()
04-24 04:49:34.477  8329  9109 D BluetoothGatt: registerApp() - UUID=18e222e7-21cf-4797-a523-e547425a25c8
04-24 04:49:34.483  6673 24629 D BtGatt.GattService: registerClient(com.google.android.googlequicksearchbox) - UUID=18e222e7-21cf-4797-a523-e547425a25c8
04-24 04:49:34.488  6673 24629 D BtGatt.ContextMap: add() - appUid: 10233, appPid: 8329, appName: com.google.android.googlequicksearchbox
04-24 04:49:34.490  6673  7145 W bt_bta_gattc: bta_gattc_register :: state: 2, uuid=18e222e7-21cf-4797-a523-e547425a25c8
04-24 04:49:34.490  6673  7145 W bt_bta_gattc: Registered GATT client interface 6 with uuid=18e222e7-21cf-4797-a523-e547425a25c8, starting it on main thread
04-24 04:49:34.491  6673  7145 W bt_bta_gattc: client_if=6
04-24 04:49:34.491  6673  6809 D BtGatt.GattService: onClientRegistered() - UUID=18e222e7-21cf-4797-a523-e547425a25c8, clientIf=6
04-24 04:49:34.495  8329 11188 D BluetoothGatt: onClientRegistered() - status=0 clientIf=6
04-24 04:49:34.505  8329  9109 I GattConnObserver: GATT connect started, beginning countdown timer
04-24 04:49:34.512  6673 24629 D BtGatt.GattService: clientConnect(com.google.android.googlequicksearchbox) - address = 645DF4_1, isDirect=true transport =2 set own addr = false own addr type:0, clientIf: 6, opportunistic=false, phy: 1
04-24 04:49:34.517  6673  7145 W bt_btm_ble: BTM_SecAddBleDevice :: dev_type=0x3
04-24 04:49:34.517  6673  7145 W bt_bta_gattc: bta_gattc_process_api_open
04-24 04:49:34.518  6673  7145 I bt_stack: [INFO:bta_gattc_main.cc(314)] bta_gattc_sm_execute: State 0x00, Event 0x1f00
04-24 04:49:34.520  6673  7145 W bt_bta_gattc: bta_gattc_open
04-24 04:49:34.521  6673  7145 W bt_stack: [WARNING:gatt_api.cc(1238)] GATT_Connect
04-24 04:49:34.521  6673  7145 W bt_stack: Starting direct connect gatt_if=6 address=645df4
04-24 04:49:34.521  6673  7145 W bt_stack: gatt_act_connect
04-24 04:49:34.523  6673  7145 I bt_stack: [INFO:gatt_attr.cc(886)] gatt_sr_init_cl_status: bda=645df4, cl_supp_feat=0000, aware=1
04-24 04:49:34.523  6673  7145 W bt_stack: gatt_connect
04-24 04:49:34.523  6673  7145 W bt_stack: gatt_connect :: call acl_create_le_connection_with_id
04-24 04:49:34.524  6673  7145 W btm_acl : Creating le direct connection to:xx:xx:xx:xx:b3:b1[public]
04-24 04:49:34.524  6673  7145 W bt_stack: AcceptLeConnectionFrom xx:xx:xx:xx:b3:b1
04-24 04:49:34.524  6673  7122 W bt_stack: Allow Le connection from remote:xx:xx:xx:xx:b3:b1[PUBLIC_DEVICE_ADDRESS]
04-24 04:49:34.525  6673  7122 W bt_stack: create_le_connection :: address : 64:5d:f4, add_to_connect_list : 1, is_direct : 1
04-24 04:49:34.525  6673  7122 W bt_stack: add_device_to_connect_list 64:5d:f4 :: Send command after register
04-24 04:49:34.526  6673  7122 W bt_stack: add_device_to_connect_list :: Device is found in security db(64:5d:f4 -> 645df4)
04-24 04:49:34.526  6673  7122 W bt_stack: add_device_to_connect_list :: set address_with_type as identity_addr
04-24 04:49:34.526  6673  7122 W bt_stack: Fast Connection Mode is already Set!!!
04-24 04:49:34.526  6673  7122 W bt_stack: Deferred until filter accept list has completed
04-24 04:49:34.526  6673  7122 W bt_stack: pause_registered_clients()
04-24 04:49:34.526  6673  7122 W bt_stack: le_impl :: OnPause()
04-24 04:49:34.526  6673  7122 W bt_stack: le_impl :: ConnectabilityState is DISARMED. Call AckPause()
04-24 04:49:34.527  6673  7122 W bt_stack: le_scanning_manager :: OnPause()
04-24 04:49:34.527  6673  7122 W bt_stack: Stop LeSetScanEnable
04-24 04:49:34.527  6673  7122 W bt_stack: le_scanning_manager :: OnPause() - call AckPause
04-24 04:49:34.527  6673  7122 W bt_stack: pause_registered_clients()
04-24 04:49:34.529  6673  7122 W bt_stack: le_address_manager :: ack_pause()
04-24 04:49:34.529  6673  7122 W bt_stack: le_address_manager :: ack_pause() - make sure all client paused. Return
04-24 04:49:34.529  6673  7122 W bt_stack: le_address_manager :: ack_pause()
04-24 04:49:34.529  6673  7122 W bt_stack: le_address_manager :: ack_pause() - handle_next_command
04-24 04:49:34.530  6673  7122 W bt_stack: handle_next_command()
04-24 04:49:34.538  6673  7122 W bt_stack: Received command complete with op_code LE_ADD_DEVICE_TO_FILTER_ACCEPT_LIST
04-24 04:49:34.539  6673  7122 W bt_stack: handle_next_command()
04-24 04:49:34.543  6673  7122 W bt_stack: Received command complete with op_code LE_ADD_DEVICE_TO_FILTER_ACCEPT_LIST
04-24 04:49:34.543  6673  7122 W bt_stack: le_impl :: OnResume()
04-24 04:49:34.543  6673  7122 W bt_stack: le_impl :: OnResume - Try arm connectability
04-24 04:49:34.543  6673  7122 W bt_stack: arm_connectability()
04-24 04:49:34.544  6673  7122 W bt_stack: le_impl :: check_for_unregister()
04-24 04:49:34.544  6673  7122 W bt_stack: le_scanning_manager :: OnResume()
04-24 04:49:34.545  6673  7122 W bt_stack: Start LeSetScan
04-24 04:49:34.545  6673  7122 W bt_stack: le_scanning_manager :: OnResume() - call AckResume
04-24 04:49:34.546  6673  7122 W bt_stack: le_address_manager :: ack_resume()
04-24 04:49:34.547  6673  7122 W bt_stack: le_address_manager :: ack_resume()
04-24 04:49:34.549  6673  7122 E bt_stack: on_create_connection :: Command status is success. Set ConnectabilityState to ARMED
04-24 04:49:35.748  5635  6215 I ChimeraAggressivePolicyHandler: executePolicy() - triggerSource: TRIGGER_SOURCE_LMKD
04-24 04:49:35.754  5635  6215 I ChimeraAggressivePolicyHandler: available memory: 989116, free memory target: 870400, quit chimera
04-24 04:49:37.742  5262  5343 I SensorsHub: context 6 0 5 1,1,55,0,1,3, 156560296910010
04-24 04:49:37.744  5635  5838 D SensorHubManager: onGetSensorHubDataLocked: library(6) = 1, 1, 55, 0, 1, 3
04-24 04:49:37.746  5635  5839 D CAE     : onGetSensorHubData(SensorHubParserProvider.java:89) - onGetSensorHubData Event [event buffer len :6], AP_WAKEUP
04-24 04:49:37.747  5635  5839 I CAE     : parse(SensorHubParserProvider.java:190) - buffer size = 6
04-24 04:49:37.748  5635  5839 I CAE     : parse(SensorHubParserProvider.java:201) - 1, 1, 55, 0, 1, 3,
04-24 04:49:37.749  5635  5839 I CAE     : parse(SLocationRunner.java:88) - SLocationRunner parse start : 3
04-24 04:49:37.749  5635  5839 D CAE     : display(ContextProvider.java:375) - ================= SLOCATION_RUNNER =================
04-24 04:49:37.750  5635  5839 I CAE     : display(ContextProvider.java:391) - ExtraDataArray=[1, 1, 55, 0, 1, 3]
04-24 04:49:37.751  5635  5839 I CAE     : parse(SLocationRunner.java:96) - SLocationRunner parse end:6
04-24 04:49:37.752  5635  5836 D SemContextService: Service.updateContext() : service = SLocation Core
04-24 04:49:37.753  5635  5635 D SemContextManager: onSemContextChanged() : event = SLocation Core
04-24 04:49:37.753  5635  5635 D SLocation: SLocationCoreSem - SemContextChanged type = 47, packet received
04-24 04:49:37.754  5635  6549 I SLocation: SemContextParser -  parse start : 3
04-24 04:49:37.754  5635  6549 I SLocation: SemContextParser -  packet Length : 1packet total size : 6
04-24 04:49:37.754  5635  6549 I SLocation: SemContextParser - packet : [3]
04-24 04:49:37.755  5635  6549 D SLocation: GeofenceCoreManager - received Extra Data from core, len : 1
04-24 04:49:37.767  5635  6549 D SLocation: CommonCoreManager - received Extra Data from core, len : 1
04-24 04:49:37.768  5635  6549 D SLocation: PositionManager - last location time exceed threshold 290385 / 30000
04-24 04:49:37.768  5635  6549 D SLocation: GeopointGeofenceManager - getLastLocation is abnromal!
04-24 04:49:37.771  5635  6549 D SLocation: LocationProviderStatus - try to update provider status (GPS/NLP)
04-24 04:49:37.771  5635  6549 D SLocation: LocationProviderStatus - set isGpsOn : true, isNlpOn : true
04-24 04:49:37.771  5635  6549 D SLocation: LocationProviderStatus - gps & nlp status not changed
04-24 04:49:37.771  5635  6549 D SLocation: SContentManager - IsNetworkAvailable = true
04-24 04:49:37.772  5635  6549 D SLocation: PositionManager - requestLocationUpdates(1) : NETWORK_PROVIDER
04-24 04:49:37.773  5635  6549 D SLocation: NLPManager - requestUpdate - NLP
04-24 04:49:37.793  5635  6735 D PackageManager: setEnabledSetting : userId = 0 packageName = com.Slack cmp = androidx.work.impl.background.systemalarm.RescheduleReceiver newState = 1 callingPackage = 10329/com.Slack
04-24 04:49:37.795  5635  6735 D ApplicationPolicy: getApplicationStateEnabled : pkg = com.Slack userId : 0
04-24 04:49:37.796  5635  6735 D ApplicationPolicy: getApplicationComponentState : pkg = com.Slack userId : 0
04-24 04:49:37.797  5635  6549 D LocationManagerService: network provider added registration from 1000/android[SLocationService]/756E01A3 -> Request[@0 BALANCED, WorkSource{1000 android}]
04-24 04:49:37.824  7192  7240 I RequestManager_FLP: request from system, change packageName from system to system(slocation)
04-24 04:49:37.825  7192  7240 E RequestManager_FLP: [LocationManager] Location request 756E01A3(Listener) network interval=0ms (min=0ms) from system(slocation) (1000_FINE_unknown_false_foreground)
04-24 04:49:37.849  5635  5714 W libprocessgroup: Failed to open /dev/blkio//cgroup.procs: No such file or directory
04-24 04:49:37.892 21600 21784 W SystemServiceRegistry: No service published for: wifirtt
04-24 04:49:37.963  6721  6914 I PhoneStateTracker<1>: onCellInfoChanged: xxxxx
04-24 04:49:37.967  6721  6914 I ImsCallSessionManager: onCellInfoChanged, phoneId: 1
04-24 04:49:37.967  6721  6914 I RegiMgr-Handler: handleMessage: EVENT_CELL_INFO_CHANGED
04-24 04:49:37.977  6721  6914 I RegiMgr<1>: updatePani RegisterTask[1][mProfile=Telenor Serbia IMS, mRegistrationRat=13, mPdnType=11, mState=REGISTERED, mObject=UserAgent - :
04-24 04:49:37.977  6721  6914 I RegiMgr<1>:  total records=1776
04-24 04:49:37.977  6721  6914 I RegiMgr<1>:  rec[0]: time=04-24 04:33:09.839 processed=ReadyState org=RegisteredState dest=<null> what=34(0x22)
04-24 04:49:37.977  6721  6914 I RegiMgr<1>:  rec[1]: time=04-24 04:33:09.841 processed=RegisteredState org=RegisteredState dest=<null> what=2000(0x7d0)
04-24 04:49:37.977  6721  6914 I RegiMgr<1>:  rec[2]: time=04-24 04:33:12.785 processed=ReadyState org=RegisteredState dest=<null> what=34(0x22)
04-24 04:49:37.977  6721  6914 I RegiMgr<1>:  rec[3]: time=04-24 04:33:12.787 processed=RegisteredState org=RegisteredState dest=<null> what=2000(0x7d0)
04-24 04:49:37.977  6721  6914 I RegiMgr<1>:  rec[4]: time=04-24 04:35:04.063 processed=ReadyState org=RegisteredState dest=<null> what=34(0x22)
04-24 04:49:37.977  6721  6914 I RegiMgr<1>:  rec[5]: time=04-24 04:35:04.064 processed=RegisteredState org=RegisteredState dest=<null> what=2000(0x7d0)
04-24 04:49:37.977  6721  6914 I RegiMgr<1>:  rec[6]: time=04-24 04:38:39.052 processed=ReadyState org=RegisteredState dest=<null> what=34(0x22)
04-24 04:49:37.977  6721  6914 I RegiMgr<1>:  rec[7]: time=04-24 04:38:39.053 processed=RegisteredState org=RegisteredState dest=<null> what=2000(0x7d0)
04-24 04:49:37.977  6721  6914 I RegiMgr<1>:  rec[8]: time=04-24 04:38:41.974 processed=ReadyState org=RegisteredState dest=<null> what=34(0x22)
04-24 04:49:37.977  6721  6914 I RegiMgr<1>:  rec[9]: time=04-24 04:38:41.976 processed=RegisteredState org=RegisteredState dest=<null> what=2000(0x7d0)
04-24 04:49:37.977  6721  6914 I RegiMgr<1>:  rec[10]: time=04-24 04:42:24.406 processed=ReadyState org=RegisteredState dest=<null> what=34(0x22)
04-24 04:49:37.977  6721  6914 I RegiMgr<1>:  rec[11]: time=04-24 04:42:24.422 processed=RegisteredState org=RegisteredState dest=<null> what=2000(0x7d0)
04-24 04:49:37.977  6721  6914 I RegiMgr<1>:  rec[12]: time=04-24 04:42:48.078 processed=ReadyState org=RegisteredState dest=<null> what=34(0x22)
04-24 04:49:37.977  6721  6914 I RegiMgr<1>:  rec[13]: time=04-24 04:42:48.080 processed=RegisteredState org=RegisteredState dest=<null> what=2000(0x7d0)
04-24 04:49:37.977  6721  6914 I RegiMgr<1>:  rec[14]: time=04-24 04:43:43.162 processed=ReadyState org=RegisteredState dest=<null> what=34(0x22)
04-24 04:49:37.977  6721  6914 I RegiMgr<1>:  rec[15]: time=04-24 04:43:43.163 processed=RegisteredState org=RegisteredState dest=<null> what=2000(0x7d0)
04-24 04:49:37.977  6721  6914 I RegiMgr<1>:  rec[16]: time=04-24 04:44:44.261 processed=ReadyState org=RegisteredState dest=<null> what=34(0x22)
04-24 04:49:37.977  6721  6914 I RegiMgr<1>:  rec[17]: time=04-24 04:44:44.264 processed=RegisteredState org=RegisteredState dest=<null> what=2000(0x7d0)
04-24 04:49:37.977  6721  6914 I RegiMgr<1>:  rec[18]: time=04-24 04:44:47.660 processed=ReadyState org=RegisteredState dest=<null> what=34(0x22)
04-24 04:49:37.977  6721  6914 I RegiMgr<1>:  rec[19]: time=04-24 04:44:47.662 processed=RegisteredState org=RegisteredState dest=<null> what=2000(0x7d0)
04-24 04:49:37.977  6721  6914 I RegiMgr<1>: curState=RegisteredState
04-24 04:49:37.977  6721  6914 I RegiMgr<1>: , mReason=, mPcscfHostname=null, mDeregiReason=41]
04-24 04:49:37.983  6721  6914 I PaniGenerator<1>: generate: subId=2, network=13
04-24 04:49:37.983  6721  6914 I PaniGenerator<1>: generate: network=13, fallbackPlmn=22001
04-24 04:49:37.984  6721  6914 I PdnController<1>: getAllCellInfo mNeedCellLocationUpdate : false
04-24 04:49:37.984  6721  6914 I PaniGenerator: generate: change to NW PLMN(22001)
04-24 04:49:37.984  6721  6914 I PaniGenerator: setLkcForLastPani: No Last PANI header for Telenor Serbia IMS
04-24 04:49:37.984  6721  6914 I UserAgent<1>: updatePani: pani=3GPP-E-UTRAN-FDD;utran-cell-id-3gpp=220012b7301a3e03, updatePani: lastPani=
04-24 04:49:37.985  6721  7065 I StackIF : updatePani: 6152 pani: [3GPP-E-UTRAN-FDD;utran-cell-id-3gpp=220012b7301a3e03]
04-24 04:49:37.986  6721  7065 I SECIMSJ : [2378]> 140
04-24 04:49:37.989  6721  6914 I RegiMgr<1>: tryRegister:
04-24 04:49:37.991  6721  6914 I RegiMgr<0>: RegisterTask(s): Megafon VoLTE (IDLE)
04-24 04:49:37.991  6721  7071 I [IMS6.0]: IMS_onResponse()
04-24 04:49:37.992  6721  6914 I RegiMgr<1>: RegisterTask(s): Telenor Serbia IMS (REGISTERED, rat = 13, service = [mmtel-video, smsip, mmtel]), Global GC RCS (IDLE)
04-24 04:49:37.992  6721  6914 I RcsPolicyMgr<1>: pendingRcsRegister: mActiveDataPhoneId = 1
04-24 04:49:37.993  6721  6914 I RcsPolicyMgr<1>: pendingRcsRegister: mActiveDataPhoneId = 1
04-24 04:49:37.993  6721  6914 I RegisterTask: isSuspended: mSuspended(false) mSuspendByIrat(false)
04-24 04:49:37.993  6721  6914 I RegiMgr<1>: [Global GC RCS|IDLE] checkForTryRegister id: 1003
04-24 04:49:37.994  6721  6914 I RegiMgr : isPdnConnected: false, PdnType: 0
04-24 04:49:38.000  6721  6914 I PdnController: getDefaultNetworkBearer: CELLULAR
04-24 04:49:38.002  6721  7071 I StackIF : processMessage 2
04-24 04:49:38.002  6721  7071 I StackIF : Processing Response
04-24 04:49:38.002  6721  7071 I SECIMSJ : [2378]< 600
04-24 04:49:38.002  6721  7071 I StackIF : processResponse: reqId 600
04-24 04:49:38.002  6721  7071 I StackIF : processResponse: handle 6152 result 0 reason 0
04-24 04:49:38.008  6721  6914 I RegiMgr-Utils<1>: findBestNetwork: LTE
04-24 04:49:38.010  6721  6914 I RegiGvnBase<1>: isReadyToDualRegister : true
04-24 04:49:38.018  6721  6914 I RegiMgr<1>: [Global GC RCS|IDLE] checkInitialRegistrationIsReady: APM ON [false], Roamimg [false]
04-24 04:49:38.019  6721  6914 I RcsPolicyMgr<1>: pendingRcsRegister: mActiveDataPhoneId = 1
04-24 04:49:38.019  6721  6914 I ImsProfile: isRttSupportByCallApp : false ttyType : 1
04-24 04:49:38.019  6721  6914 I RegiMgr-Utils<1>: getPriorityRegiedTask : isPriority  High? true
04-24 04:49:38.024  6721  6914 I RegiGvnBase: checkRegiStatus: getState()=IDLE mIsUpdateRegistering=false
04-24 04:49:38.024  6721  6914 I RegiMgr<1>: getTelephonyCallStatus:
04-24 04:49:38.030  6721  6914 I ConfigProvider: query uri:xxxxx
04-24 04:49:38.043  6721  6914 I ConfigProvider: queryStorage path content://com.samsung.rcs.autoconfigurationprovider/parameter/version#simslot1
04-24 04:49:38.064  6721  6914 E GlobalSettingsRepoBase: globalgcsettings No matched key : dual_rcs_policy
04-24 04:49:38.067  6721  6914 I ImsServiceSwitchEur[1]:  isRcsEnabled: true mDefaultSms true mUpsmEnabled false mEmergencyEnabled false
04-24 04:49:38.080  6721  6914 I ConfigTrigger<1>: isWaitAutoConfig:
04-24 04:49:38.080  6721  6914 E GlobalSettingsRepoBase: globalgcsettings No matched key : dual_rcs_policy
04-24 04:49:38.083  6721  6914 I ImsServiceSwitchEur[1]:  isRcsEnabled: true mDefaultSms true mUpsmEnabled false mEmergencyEnabled false
04-24 04:49:38.083  6721  6914 I RegiMgr-Utils: selectPdnType: rat=13pdn=0
04-24 04:49:38.083  6721  6914 I RegiMgr<1>: getServiceForNetwork: network 13
04-24 04:49:38.084  6721  6914 I RegiMgr<1>: getServiceForNetwork: service {options, chatbot-communication, ft_http, im, euc, gls}
04-24 04:49:38.101  6721  6914 I ConfigTrigger<1>: isValidAcsVersion:
04-24 04:49:38.101  6721  6914 E GlobalSettingsRepoBase: globalgcsettings No matched key : dual_rcs_policy
04-24 04:49:38.104  6721  6914 I ConfigProvider: query uri:xxxxx
04-24 04:49:38.112  6721  6914 I ConfigProvider: queryStorage path content://com.samsung.rcs.autoconfigurationprovider/parameter/version#simslot1
04-24 04:49:38.116  5635  5660 D SecContentProvider2: query(), uri = 18 selection = isRCSEnabled
04-24 04:49:38.117  5635  5660 I PhoneRestrictionPolicy: isRCSEnabledInternal(), showMsg: false, columnName: enableRCS
04-24 04:49:38.117  5635  5660 E PhoneRestrictionPolicy: getEmergencyCall >>false
04-24 04:49:38.118  5635  5660 I PhoneRestrictionPolicy: isRCSEnabledInternal(), showMsg: false, columnName: enableRCSForSimSlot1
04-24 04:49:38.118  5635  5660 E PhoneRestrictionPolicy: getEmergencyCall >>false
04-24 04:49:38.120  6721  6914 I ConfigTrigger<1>: RCS switch: true, version: 0, isRcsAcsCompleted: true
04-24 04:49:38.120  6721  6914 I ConfigTrigger<1>: version is improper : 0
04-24 04:49:38.123  6721  6914 I RegiGvnBase: isVideoCallEnabled: Enable
04-24 04:49:38.128  6721  6914 I RegiMgr<1>: getServiceForNetwork: filtered service []
04-24 04:49:38.129  6721  6914 I RegiMgr<1>: Global GC RCS: no ims service for current rat13
04-24 04:49:38.131  6721  6914 I PdnController: slot[1]: stopPdnConnectivity: network 0, callback is null
04-24 04:49:38.132  6721  6914 E PdnController<1>: requestStopNetwork: callback not found
04-24 04:49:38.136  6721  6914 E #IMSCR  : 04-24 04:49:38 0x1101000B:1,FILTERED ALL:0
04-24 04:49:38.136  6721  6914 I PdnController: handleMessage: what 107
04-24 04:49:38.137  6721  6914 I PdnController: slot[1]: requestStopNetwork: network 0, callback is null
04-24 04:49:38.858  5635  6162 D ConnectivityService: reportNetworkActive, notify 0 listeners
04-24 04:49:38.961  6298  6338 I System.out: Broadcasting: Intent { act=com.sec.intent.action.SARDEVICE_CP flg=0x10000000 (has extras) }
04-24 04:49:38.980  5635  5845 D MotionRecognitionService: [SAR]  onReceive : SARDEVICE_CP, callAction = on deviceID = 3 slot = 1 device_ext = 0
04-24 04:49:38.981  5635  5845 I MotionRecognitionService: [SAR] id : 0 cmd :on
04-24 04:49:38.981  5635  5845 I MotionRecognitionService: [SAR] A96T3X6 Grip sensor enableSensor
04-24 04:49:38.983  5635  5845 D SensorService: [GripSensor] ++ setGripThdWithMCC  (65560)
04-24 04:49:38.983  5635  5845 D SensorService: GripSensor: MCC Path does not exist
04-24 04:49:38.985  5262  5262 I SensorsGrip: [grip_sensor] enable: GripSensor: enable handle = 11 en = 1
04-24 04:49:38.989  5262  5262 E SensorsGrip: [grip_sensor] enable: mEnabled : 1, first_grip_event : 1
04-24 04:49:38.989  5262  5389 I SensorsGrip: [grip_sensor] readEvents: GripSensor: grip 1ch data = RELEASE
04-24 04:49:38.989  5262  5389 I SensorsGrip: [grip_sensor] readEvents: GripSensor: grip 1ch unknown NORMAL MODE
04-24 04:49:38.990  5635  5845 D SensorManager: registerListener :: 33554443, A96T3X6 Grip sensor, 200000, 0, com.samsung.android.gesture.MotionRecognitionSAR$GripSensorWrapper$1@7995f8c
04-24 04:49:38.990  5635  5845 I MotionRecognitionService: [SAR] A96T3X6 Grip sensor enable channel 0 : 2 , channel 1 : 0
04-24 04:49:38.991  5635  5845 I MotionRecognitionService: [SAR] A96T3X6_SUB Grip sensor for sub enableSensor
04-24 04:49:38.993  5635  5845 D SensorService: [GripSensor] ++ setGripThdWithMCC  (65560)
04-24 04:49:38.993  5635  5845 D SensorService: GripSensor: MCC Path does not exist
04-24 04:49:38.994  5262  5262 I SensorsGrip: [grip_sensor_sub] enable: GripSensor: enable handle = 18 en = 1
04-24 04:49:38.998  5262  5262 E SensorsGrip: [grip_sensor_sub] enable: mEnabled : 1, first_grip_event : 1
04-24 04:49:38.998  5262  5391 I SensorsGrip: [grip_sensor_sub] readEvents: GripSensor: grip 1ch data = RELEASE
04-24 04:49:38.998  5635  5845 D SensorManager: registerListener :: 33554450, A96T3X6_SUB Grip sensor for sub, 200000, 0, com.samsung.android.gesture.MotionRecognitionSAR$GripSensorWrapper$1@eb90dbb
04-24 04:49:38.998  5635  5845 I MotionRecognitionService: [SAR] A96T3X6_SUB Grip sensor for sub enable channel 0 : 2 , channel 1 : 0
04-24 04:49:38.999  5635  5845 I MotionRecognitionService: [SAR] id : 1 cmd :on
04-24 04:49:39.002  6298  6394 I System.out: Broadcast completed: result=0
04-24 04:49:39.010  5635  5845 I MotionRecognitionService: [SAR] A96T3X6 Grip sensor onSensorChanged : 5.0 , 0.0 , 0.0 , 1.0 , 0.0
04-24 04:49:39.016  5635  5845 I MotionRecognitionService: [SAR] A96T3X6 Grip sensor clearBackOff channel: 0 , index: 0
04-24 04:49:39.017  5635  5845 I MotionRecognitionService: [SAR] A96T3X6 Grip sensorsetTunerGrip 8589934592 , state: false
04-24 04:49:39.027  5635  5845 D MotionRecognitionService: [SAR] set setTransmitPowerExt  value : 8589934592 : false
04-24 04:49:39.027  5635  5845 I MotionRecognitionService: [SAR] tunerGrip is 8589934592, state : false
04-24 04:49:39.027  5635  5845 I MotionRecognitionService: [SAR] A96T3X6_SUB Grip sensor for sub onSensorChanged : 5.0 , 0.0 , 0.0 , 0.0 , 0.0
04-24 04:49:39.028  5635  5845 I MotionRecognitionService: [SAR] A96T3X6_SUB Grip sensor for sub clearBackOff channel: 0 , index: 1
04-24 04:49:39.028  5635  5845 I MotionRecognitionService: [SAR] A96T3X6_SUB Grip sensor for subsetTunerGrip 8589934592 , state: false
04-24 04:49:39.045  5635  5845 D MotionRecognitionService: [SAR] set setTransmitPowerExt  value : 8589934592 : false
04-24 04:49:39.046  5635  5845 I MotionRecognitionService: [SAR] tunerGrip is 8589934592, state : false
04-24 04:49:39.514  8329  8329 W GattConnObserver: GATT connect timeout!
04-24 04:49:39.515  8329  8329 D BluetoothGatt: cancelOpen() - device: 645DF4_1
04-24 04:49:39.522  6673 24629 D BtGatt.GattService: clientDisconnect(com.google.android.googlequicksearchbox) - address=645DF4_1, connId=null, clientIf: 6
04-24 04:49:39.527  6673  7122 W bt_stack: on_create_connection_timeout, address: 64:5d:f4
04-24 04:49:39.527  6673  7122 W bt_stack: on_create_connection_timeout :: remove timeouted device from accept list
04-24 04:49:39.527  6673  7122 W bt_stack: cancel_connect 64:5d:f4
04-24 04:49:39.528  6673  7145 W bt_bta_gattc: bta_gattc_process_api_open_cancel
04-24 04:49:39.528  6673  7145 W bt_bta_gattc: Cancel GATT client direct connection
04-24 04:49:39.528  6673  7122 W bt_stack: remove_device_from_connect_list 64:5d:f4 :: Send command after register
04-24 04:49:39.528  6673  7122 W bt_stack: remove_device_from_connect_list :: Device is found in security db(64:5d:f4 -> 645df4)
04-24 04:49:39.528  6673  7122 W bt_stack: remove_device_from_connect_list :: set address_with_type as identity_addr
04-24 04:49:39.528  6673  7145 I bt_stack: [INFO:bta_gattc_main.cc(314)] bta_gattc_sm_execute: State 0x01, Event 0x1f02
04-24 04:49:39.529  6673  7145 W bt_bta_gattc: bta_gattc_cancel_open
04-24 04:49:39.529  6673  7145 W bt_stack: [WARNING:gatt_api.cc(1322)] GATT_CancelConnect: gatt_if:6, address: 645df4, direct:1
04-24 04:49:39.529  6673  7145 W bt_stack: gatt_disconnect
04-24 04:49:39.529  6673  7145 W bt_stack: Unable to find background connection to remove
04-24 04:49:39.529  6673  7145 W bt_stack: BTM_AcceptlistRemove
04-24 04:49:39.529  6673  7145 W bt_stack: IgnoreLeConnectionFrom xx:xx:xx:xx:b3:b1
04-24 04:49:39.529  6673  7122 W bt_stack: pause_registered_clients()
04-24 04:49:39.529  6673  7122 W bt_stack: le_impl :: OnPause()
04-24 04:49:39.532  6673  7122 W bt_stack: le_impl :: Try to disarm connectability
04-24 04:49:39.532  6673  7145 W gatt_utils: gatt_cleanup_upon_disc
04-24 04:49:39.532  6673  7122 W bt_stack: disarm_connectability()
04-24 04:49:39.532  6673  7122 W bt_stack: Pause Background Connection
04-24 04:49:39.532  6673  7145 W gatt_utils: gatt_cleanup_upon_disc :: GATT_CH_CLOSE
04-24 04:49:39.532  6673  7122 W bt_stack: le_scanning_manager :: OnPause()
04-24 04:49:39.533  6673  7122 W bt_stack: Stop LeSetScanEnable
04-24 04:49:39.533  6673  7122 W bt_stack: le_scanning_manager :: OnPause() - call AckPause
04-24 04:49:39.533  6673  7145 W bt_stack: Unable to find background connection to remove
04-24 04:49:39.533  6673  7122 W bt_stack: Connection failed le remote:xx:xx:xx:xx:b3:b1[PUBLIC_DEVICE_ADDRESS]
04-24 04:49:39.533  6673  7122 W bt_stack: pause_registered_clients()
04-24 04:49:39.533  6673  7122 W bt_stack: Unknown device being removed from acceptlist:xx:xx:xx:xx:b3:b1[PUBLIC_DEVICE_ADDRESS]
04-24 04:49:39.533  6673  7145 I bt_stack: [INFO:bta_gattc_main.cc(314)] bta_gattc_sm_execute: State 0x01, Event 0x1f03
04-24 04:49:39.533  6673  7122 W bt_stack: Ignore Le connection from remote:xx:xx:xx:xx:b3:b1[PUBLIC_DEVICE_ADDRESS]
04-24 04:49:39.533  6673  7145 W bt_bta_gattc: bta_gattc_cancel_open_ok
04-24 04:49:39.533  6673  7145 W bt_bta_gattc: bta_gattc_process_api_open_cancel
04-24 04:49:39.533  6673  7145 W bt_bta_gattc: Cancel GATT client background connection
04-24 04:49:39.533  6673  7145 W bt_bta_gattc: bta_gattc_cancel_bk_conn
04-24 04:49:39.534  6673  7145 E bt_stack: [ERROR:bta_gattc_utils.cc(447)] bta_gattc_mark_bg_conn unable to find the bg connection mask for bd_addr=645df4
04-24 04:49:39.534  6673  7145 E bta_gattc_main: Ignore unknown conn ID: 3
04-24 04:49:39.534  6673  7145 E bta_gattc_main: Ignore unknown conn ID: 4
04-24 04:49:39.534  6673  7145 E bta_gattc_main: Ignore unknown conn ID: 5
04-24 04:49:39.534  6673  7145 E bta_gattc_main: Ignore unknown conn ID: 6
04-24 04:49:39.535  6673  7122 W bt_stack: le_address_manager :: ack_pause()
04-24 04:49:39.535  6673  7122 W bt_stack: le_address_manager :: ack_pause() - make sure all client paused. Return
04-24 04:49:39.535  6673  7122 W bt_stack: cancel_connection_and_remove_device_from_background_connection_list 64:5d:f4
04-24 04:49:39.535  6673  7122 W bt_stack: remove_device_from_background_connection_list 64:5d:f4
04-24 04:49:39.535  6673  7122 W bt_stack: cancel_connect 64:5d:f4
04-24 04:49:39.535  6673  7122 W bt_stack: Device not in acceptlist and cannot be removed:b3:b1[PUBLIC_DEVICE_ADDRESS]
04-24 04:49:39.537  6673  7145 W bt_stack: gatt_le_connect_cback  connected : 0, reason : 255
04-24 04:49:39.537  6673  7145 W gatt_utils: gatt_cleanup_upon_disc
04-24 04:49:39.542  8329  9793 I BistoGattHelper: (REDACTED) [%s] GATT disconnected
04-24 04:49:39.543  6673  7122 W bt_stack: on_le_enhanced_connection_complete()
04-24 04:49:39.543  6673  7122 W bt_stack: on_le_enhanced_connection_complete :: Role is central. Set connectability to DISARMED
04-24 04:49:39.543  6673  7122 W bt_stack: on_le_enhanced_connection_complete :: pause_connection : 1
04-24 04:49:39.543  6673  7122 W bt_stack: on_le_connection_canceled_on_pause(). Set connectability to DISARMED
04-24 04:49:39.543  6673  7122 W bt_stack: le_address_manager :: ack_pause()
04-24 04:49:39.543  6673  7122 W bt_stack: le_address_manager :: ack_pause() - handle_next_command
04-24 04:49:39.543  6673  7122 W bt_stack: handle_next_command()
04-24 04:49:39.553  6673  7122 W bt_stack: Received command complete with op_code LE_REMOVE_DEVICE_FROM_FILTER_ACCEPT_LIST
04-24 04:49:39.553  6673  7122 W bt_stack: handle_next_command()
04-24 04:49:39.554  6673  7122 W bt_stack: Received command complete with op_code LE_REMOVE_DEVICE_FROM_FILTER_ACCEPT_LIST
04-24 04:49:39.554  6673  7122 W bt_stack: le_impl :: OnResume()
04-24 04:49:39.554  6673  7122 W bt_stack: le_impl :: OnResume - Try arm connectability
04-24 04:49:39.554  6673  7122 W bt_stack: arm_connectability()
04-24 04:49:39.555  6673  7122 W bt_stack: le_impl :: check_for_unregister()
04-24 04:49:39.555  6673  7122 W bt_stack: le_scanning_manager :: OnResume()
04-24 04:49:39.555  6673  7122 W bt_stack: Start LeSetScan
04-24 04:49:39.555  6673  7122 W bt_stack: le_scanning_manager :: OnResume() - call AckResume
04-24 04:49:39.555  6673  7122 W bt_stack: le_address_manager :: ack_resume()
04-24 04:49:39.556  6673  7122 W bt_stack: le_address_manager :: ack_resume()
04-24 04:49:39.562  8329  9793 I RemotePeerStateCommunicator: (REDACTED) RemotePeerStateCommunicator scheduling message : %d, action: %s, device id : %s
04-24 04:49:39.576  8329  9793 I BistoGattHelper: (REDACTED) [%s] close
04-24 04:49:39.589  8329  9793 I BistoGattHelper: (REDACTED) [%s] executeNextShutdownOperation
04-24 04:49:39.590  8329  9793 D BluetoothGatt: close()
04-24 04:49:39.595  8329  9793 D BluetoothGatt: unregisterApp() - mClientIf=6
04-24 04:49:39.597  6673 24629 D BtGatt.GattService: unregisterClient(com.google.android.googlequicksearchbox) - clientIf=6
04-24 04:49:39.598  6673 24629 D BtGatt.ContextMap: remove() - id: 6
04-24 04:49:39.598  6673 24629 E BtGatt.ContextMap: remove() - removed: 6
04-24 04:49:39.599  6673  7145 W bt_bta_gattc: bta_gattc_deregister
04-24 04:49:39.599  6673  7145 I bt_stack: [INFO:gatt_api.cc(1111)] GATT_Deregister gatt_if=6
04-24 04:49:39.599  6673  7145 W bt_stack: on_app_deregistered :: app_id=6
04-24 04:49:39.599  6673  7145 I bt_stack: [INFO:gatt_api.cc(1164)] Initialize tGATT_REG
04-24 04:49:39.604  8329  9793 I BistoGattHelper: (REDACTED) [%s] GATT released
04-24 04:49:39.604  8329  9793 I BistoGattHelper: (REDACTED) [%s] close
04-24 04:49:39.604  8329  9793 I BistoGattHelper: (REDACTED) [%s] executeNextShutdownOperation
04-24 04:49:39.614  8329  9793 E GmuTls  : You must initialize the system with proper values before handshake
04-24 04:49:39.677  6374  6652 D MobileStatusTracker(1/2): onDataActivity: direction=3
04-24 04:49:39.688  6374  6652 D MobileSignalController(1/2): notifyListener: enabled=true, connected=true, dataConnected=true, networkType=LTE (4G), emergencyOnly=false, roaming=false, isDefault=true, dataActivity=inout, level=2, ca=false, mmWave=false, disabledDataIcon=false, simCard=ETC
04-24 04:49:40.226  6374  6384 I ndroid.systemui: Background concurrent copying GC freed 352571(19MB) AllocSpace objects, 232(4640KB) LOS objects, 40% free, 35MB/59MB, paused 261us,140us total 544.602ms
04-24 04:49:40.708  6374  6652 D MobileStatusTracker(1/2): onDataActivity: direction=0
04-24 04:49:40.715  6374  6652 D MobileSignalController(1/2): notifyListener: enabled=true, connected=true, dataConnected=true, networkType=LTE (4G), emergencyOnly=false, roaming=false, isDefault=true, dataActivity=, level=2, ca=false, mmWave=false, disabledDataIcon=false, simCard=ETC
04-24 04:49:40.851  2483  2539 I ContactsProvider_EventLog: cp_s: [CONTACT con(156) dat(1077) acc({sim(3)=15, sec(6)=1, sim2(4)=1, google(2)=81, com.whatsapp(14)=39, org.telegram.messenger(235)=99}) calls([logtype:100 cnt:867, logtype:200 cnt:5, logtype:300 cnt:495, logtype:1000 cnt:605, logtype:1150 cnt:161]) Iso(RS) uId(0) ]
04-24 04:49:40.851  2483  2539 I ContactsProvider_EventLog: cp_s: [ agr({[2 ,2 ,14 ,235]=1, [3]=15, [14]=1, [2 ,14 ,235]=32, [4]=1, [2 ,14]=4, [2 ,2]=2, [2]=33, [6 ,14]=1, [2 ,235]=6, [235]=60}) ]
04-24 04:49:40.851  2483  2539 I ContactsProvider_EventLog: cp_s: [ cnt({acore(2483)=1}) ]
04-24 04:49:40.851  2483  2539 I ContactsProvider_EventLog: cp_s: [PROFILE con(1) dat(1) acc({vnd.sec.contact.phone=1}) ] [SAPROFILE ]
04-24 04:49:40.851  2483  2539 I ContactsProvider_EventLog: cp_s: [STATE R(T) ]
04-24 04:49:41.640  5635  7327 D WifiNl80211Manager: Scan result ready event
04-24 04:49:41.640  5635  7327 D WifiNative: Scan result ready event
04-24 04:49:41.692  5635  6124 D WakeupController: Attempted to handleScanResults while not enabled
04-24 04:49:41.693  5635  6218 D SemWifiScanPool: countryCode: RS, count: 10, totalSamples: 14, rate: 71.42857%
04-24 04:49:41.693  5635  6218 V SemWifiScanPool: updateScanResult, full scan:21 configKeys: 17 pool_bssid:36 pool_configKeys:26
04-24 04:49:41.694  5635  6218 D WifiConnectivityMonitor: onScanResultUpdated
04-24 04:49:41.694  5635  6218 D WifiConnectivityMonitor: mMaxScannedCountryCode : RS
04-24 04:49:41.865  5635  8934 V LocationManagerService: network provider registration 10234/com.google.android.as/3AEAE7B8 dropped delivery - too close
04-24 04:49:41.867  7192  7240 I NlpMonitor_FLP: monitorNlp, package=system(slocation)/ interval=0
04-24 04:49:41.875  5635  8934 V LocationManagerService: passive provider registration 5023/com.samsung.android.networkdiagnostic/4FDF9C6D dropped delivery - too close
04-24 04:49:41.875  5635  8934 V LocationManagerService: passive provider registration 1000/android[SensorNotificationService]/79F70BEC dropped delivery - too close
04-24 04:49:41.887  5635  6549 D SLocation: PositionManager - ActiveonLocationChanged network 1682304581633
04-24 04:49:41.898  5635  6549 D SLocation: PositionManager - onLocationChanged - filter passive location because it same active location
04-24 04:49:41.898  5635  6549 D SLocation: ARDistanceBigData - BIGDATA ARD - receive location
04-24 04:49:41.899  5635  6549 D SLocation: ARDistanceBigData - BIGDATA ARD - end log 34, 156564454___BIGDATA ARD - end log 35, 156564455___BIGDATA ARD - end log 36, 156564455___BIGDATA ARD - end log 37, 156564455___BIGDATA ARD - end log 38, 156564455___BIGDATA ARD - end log 39, 156564455___BIGDATA ARD - end log 40, 156564455___BIGDATA ARD - end log 41, 156564455___BIGDATA ARD - end log 42, 156564455___BIGDATA ARD - end log 43, 156564455___BIGDATA ARD - end log 44, 156564455___
04-24 04:49:41.901  5635  6549 D SLocation: ARDistanceBigData - BIGDATA ARD - unique id 45
04-24 04:49:41.901  5635  6549 D SLocation: GeopointGeofenceManager - Location reported : fix method = 2 / 18.849
04-24 04:49:41.901  5635  6549 D SLocation: NLPManager - removeUpdates - NLP
04-24 04:49:41.908  7192  7240 E RequestManager_FLP: [LocationManager] Location remove 756E01A3 from system
04-24 04:49:41.909  7192  7240 I LocationRequestData_FLP: Remove in requestInfoList, 756E01A3 / ListSize[network]=1
04-24 04:49:41.911  5635  6549 D LocationManagerService: network provider removed registration from 1000/android[SLocationService]/756E01A3
04-24 04:49:41.913  5635  6549 W Settings: Setting airplane_mode_on has moved from android.provider.Settings.System to android.provider.Settings.Global, returning read-only value.
04-24 04:49:41.925  5635  6549 D SLocation: SLocationCoreSem - send to coreSem, packet length : 23 / [2, 26, 183, 30, 158, 12, 49, 250, 40, 0, 0, 0, 18, 2, 0, 0, 1, 135, 177, 42, 192, 1, 0]
04-24 04:49:41.925  5635  6549 D SemContextLocationCoreAttribute: setAttribute() mode : 0 action : 23
04-24 04:49:41.929  5635  6549 D SemContextService: lock : changeParameters
04-24 04:49:41.929  5635  6549 D SemContext.CaeProvider.LocationCoreImpl: setAttribute() mode : 0 action : 23
04-24 04:49:41.930  5635  6549 W CAE     : setCAProperty(ContextAwareService.java:513) - [setProperty 01] Mutex is locked for SLOCATION_RUNNER
04-24 04:49:41.930  5635  6549 I CAE     : setPropertyValue(SLocationRunner.java:116) - SLocationRunner setProperty header : 2, len : 23
04-24 04:49:41.930  5635  6549 I CAE     : sendCmdToSensorHub(SensorHubCommManager.java:156) - -63, 23, 55, 2, 26, -73, 30, -98, 12, 49, -6, 40, 0, 0, 0, 18, 2, 0, 0, 1, -121, -79, 42, -64, 1, 0,
04-24 04:49:41.931  5635  5841 D SensorService: setSContextDataLocked ints length 8 , byte length 26
04-24 04:49:41.931  5635  5841 D SensorService: setSContextDataLocked 23717c1
04-24 04:49:41.932  5262  5262 I SensorsHub: SContextSensor::injecet_sensor_data
04-24 04:49:41.933  5262  5262 D SensorsHub: c1 17 37 02 1a b7 1e 9e 0c 31 fa 28 00 00 00 12
04-24 04:49:41.933  5262  5262 D SensorsHub: 02 00 00 01 87 b1 2a c0 01 00
04-24 04:49:41.933  5262  5262 D SensorsHub: inject_scontext_data: New ssp_data_injection_fd(28)
04-24 04:49:41.933  5262  5262 D SensorsHub: SContext Data Injection return 26
04-24 04:49:41.934  5262  5343 I SensorsHub: context 10 0 9 1,1,55,0,5,2,2,0,0,0, 156564488648968
04-24 04:49:41.935  5635  6549 W CAE     : setCAProperty(ContextAwareService.java:519) - [setProperty 02] Mutex is unlocked for SLOCATION_RUNNER
04-24 04:49:41.935  5635  6549 D SemContextService: unlock : changeParameters
04-24 04:49:41.936  5635  6549 D SemContextManager:   .changeParameters : listener = com.samsung.android.location.semcontext.a@1cb5071, service=SLocation Core
04-24 04:49:41.936  5635  6549 D SLocation: ARDistanceLibManager - request distance diff to AR Distance Library
04-24 04:49:41.936  5635  6549 D SLocation: SLocationCoreSem - send to coreSem, packet length : 1 / [34]
04-24 04:49:41.936  5635  6549 D SemContextLocationCoreAttribute: setAttribute() mode : 0 action : 23
04-24 04:49:41.936  5635  6549 D SemContextService: lock : changeParameters
04-24 04:49:41.936  5635  6549 D SemContext.CaeProvider.LocationCoreImpl: setAttribute() mode : 0 action : 23
04-24 04:49:41.936  5635  5838 D SensorHubManager: onGetSensorHubDataLocked: library(10) = 1, 1, 55, 0, 5, 2, 2, 0, 0, 0
04-24 04:49:41.936  5635  6549 W CAE     : setCAProperty(ContextAwareService.java:513) - [setProperty 01] Mutex is locked for SLOCATION_RUNNER
04-24 04:49:41.937  5635  6549 I CAE     : setPropertyValue(SLocationRunner.java:116) - SLocationRunner setProperty header : 34, len : 1
04-24 04:49:41.937  5635  5839 D CAE     : onGetSensorHubData(SensorHubParserProvider.java:89) - onGetSensorHubData Event [event buffer len :10], AP_WAKEUP
04-24 04:49:41.937  5635  6549 I CAE     : sendCmdToSensorHub(SensorHubCommManager.java:156) - -63, 23, 55, 34,
04-24 04:49:41.937  5635  5839 I CAE     : parse(SensorHubParserProvider.java:190) - buffer size = 10
04-24 04:49:41.938  5635  5839 I CAE     : parse(SensorHubParserProvider.java:201) - 1, 1, 55, 0, 5, 2, 2, 0, 0, 0,
04-24 04:49:41.938  5635  5839 I CAE     : parse(SLocationRunner.java:88) - SLocationRunner parse start : 3
04-24 04:49:41.940  5635  5841 D SensorService: setSContextDataLocked ints length 2 , byte length 4
04-24 04:49:41.940  5635  5841 D SensorService: setSContextDataLocked 223717c1
04-24 04:49:41.940  5262  5262 I SensorsHub: SContextSensor::injecet_sensor_data
04-24 04:49:41.940  5262  5262 D SensorsHub: c1 17 37 22
04-24 04:49:41.940  5262  5262 D SensorsHub: inject_scontext_data: New ssp_data_injection_fd(28)
04-24 04:49:41.940  5262  5262 D SensorsHub: SContext Data Injection return 4
04-24 04:49:41.941  7192  7240 I GmsPassiveListener_FLP: onGmsLocationChanged, provider=fused / speed=0.0 / time=1682304581634 / elapsed=156564189000000
04-24 04:49:41.941  5635  6549 W CAE     : setCAProperty(ContextAwareService.java:519) - [setProperty 02] Mutex is unlocked for SLOCATION_RUNNER
04-24 04:49:41.941  5635  6549 D SemContextService: unlock : changeParameters
04-24 04:49:41.941  5635  6549 D SemContextManager:   .changeParameters : listener = com.samsung.android.location.semcontext.a@1cb5071, service=SLocation Core
04-24 04:49:41.941  5262  5343 I SensorsHub: context 38 0 37 1,1,55,0,33,33,0,0,0,0,23,88,175,29,64,220,186,0,26,183,24,64,12,50,8,80,0,0,0,32,0,153,218,184,0,0,0,83, 156564496335122
04-24 04:49:41.942  5635  5839 D CAE     : display(ContextProvider.java:375) - ================= SLOCATION_RUNNER =================
04-24 04:49:41.942  5262  5343 I SensorsHub: context 10 0 9 1,1,55,0,5,2,34,0,0,0, 156564496366430
04-24 04:49:41.942  5635  5839 I CAE     : display(ContextProvider.java:391) - ExtraDataArray=[1, 1, 55, 0, 5, 2, 2, 0, 0, 0]
04-24 04:49:41.943  5635  5839 I CAE     : parse(SLocationRunner.java:96) - SLocationRunner parse end:10
04-24 04:49:41.943  5635  5836 D SemContextService: Service.updateContext() : service = SLocation Core
04-24 04:49:41.944  5635  6549 D SLocation: LocationProcessingAlgorithm - entry condition - dist : 4644.7773 padding : 0.0, accuracy : 18.849, provider : network, dir : 2
04-24 04:49:41.944  5635  6549 D SLocation: LocationProcessingAlgorithm - entry condition - dist : 3807519.8 padding : 0.0, accuracy : 18.849, provider : network, dir : 2
04-24 04:49:41.944  5635  6549 D SLocation: LocationProcessingAlgorithm - entry condition - dist : 90753.39 padding : 0.0, accuracy : 18.849, provider : network, dir : 2
04-24 04:49:41.944  5635  6549 D SLocation: LocationProcessingAlgorithm - entry condition - dist : 3807943.5 padding : 0.0, accuracy : 18.849, provider : network, dir : 2
04-24 04:49:41.944  5635  6549 D SLocation: LocationProcessingAlgorithm - entry condition - dist : 682.0704 padding : 0.0, accuracy : 18.849, provider : network, dir : 2
04-24 04:49:41.945  5635  6549 D SLocation: LocationProcessingAlgorithm - entry condition - dist : 1917394.1 padding : 0.0, accuracy : 18.849, provider : network, dir : 2
04-24 04:49:41.945  5635  6549 D SLocation: LocationProcessingAlgorithm - entry condition - dist : 13355.04 padding : 0.0, accuracy : 18.849, provider : network, dir : 2
04-24 04:49:41.945  5635  6549 D SLocation: LocationProcessingAlgorithm - entry condition - dist : 3807943.5 padding : 0.0, accuracy : 18.849, provider : network, dir : 2
04-24 04:49:41.945  5635  6549 D SLocation: LocationProcessingAlgorithm - entry condition - dist : 1801174.6 padding : 0.0, accuracy : 18.849, provider : network, dir : 2
04-24 04:49:41.945  5635  6549 D SLocation: LocationProcessingAlgorithm - entry condition - dist : 661.09674 padding : 0.0, accuracy : 18.849, provider : network, dir : 2
04-24 04:49:41.945  5635  6549 D SLocation: LocationProcessingAlgorithm - entry condition - dist : 3.7505653 padding : 0.0, accuracy : 18.849, provider : network, dir : 1
04-24 04:49:41.945  5635  6549 D SLocation: GeopointReceiver - send geopoint result - 1
04-24 04:49:41.946  5635  6549 D SLocation: LocationProcessingAlgorithm - entry condition - dist : 430.5947 padding : 0.0, accuracy : 18.849, provider : network, dir : 1
04-24 04:49:41.946  5635  6549 D SLocation: GeopointReceiver - send geopoint result - 1
04-24 04:49:41.948  5635  5635 D SemContextManager: onSemContextChanged() : event = SLocation Core
04-24 04:49:41.948  5635  5635 D SLocation: SLocationCoreSem - SemContextChanged type = 47, packet received
04-24 04:49:41.950  5635  5838 D SensorHubManager: onGetSensorHubDataLocked: library(38) = 1, 1, 55, 0, 33, 33, 0, 0, 0, 0, 23, 88, -81, 29, 64, -36, -70, 0, 26, -73, 24, 64, 12, 50, 8, 80, 0, 0, 0, 32, 0, -103, -38, -72, 0, 0, 0, 83
04-24 04:49:41.950  5635  5838 D SensorHubManager: onGetSensorHubDataLocked: library(10) = 1, 1, 55, 0, 5, 2, 34, 0, 0, 0
04-24 04:49:41.952  5635  7327 V LocationManagerService: passive provider registration 5023/com.samsung.android.networkdiagnostic/4FDF9C6D dropped delivery - too close
04-24 04:49:41.952  5635  5839 D CAE     : onGetSensorHubData(SensorHubParserProvider.java:89) - onGetSensorHubData Event [event buffer len :38], AP_WAKEUP
04-24 04:49:41.954  5635  7327 V LocationManagerService: passive provider registration 1000/android[SensorNotificationService]/79F70BEC dropped delivery - too close
04-24 04:49:41.955  5635  6549 I SLocation: SemContextParser -  parse start : 3
04-24 04:49:41.955  5635  6549 I SLocation: SemContextParser -  packet Length : 5packet total size : 10
04-24 04:49:41.956  5635  6549 I SLocation: SemContextParser - packet : [2, 2, 0, 0, 0]
04-24 04:49:41.956  5635  6549 D SLocation: GeofenceCoreManager - received Extra Data from core, len : 5
04-24 04:49:41.956  5635  6549 D SLocation: GeofenceCoreManager - handleCommandCallback - UNKNOWN_CALLBACK 2 SUCCESS
04-24 04:49:41.956  5635  6549 D SLocation: CommonCoreManager - received Extra Data from core, len : 5
