04-27 20:31:03.879  5785  5785 I FreeformContainer: [SmartPopupViewService] onNotificationPosted: StatusBarNotification(pkg=com.android.systemui user=UserHandle{-1} id=2131428972 tag=charging_state key=-1|com.android.systemui|2131428972|charging_state|10054: Notification(channel=CHR shortcut=null contentView=null vibrate=null sound=null defaults=0x0 flags=0xa color=0xff5075a1 category=sys groupKey=CHARGING vis=PUBLIC semFlags=0x0 semPriority=0 semMissedCount=0))
04-27 20:31:03.879  5785  5785 V FreeformContainer: [SmartPopupViewService] isSmartPopupViewTarget: com.android.systemui is not enabled
04-27 20:31:03.882  6323  6323 I Launcher.NotificationListener: onNotificationPosted : com.android.systemui number : 0
04-27 20:31:03.884  9209  9748 I NotificationPipeline: Processing new notification: -1|com.android.systemui|2131428972|charging_state|10054
04-27 20:31:03.885  9209  9748 W Notification4Heart_NB: NotificationBridgeCallback.onNotificationPosted-Ignored package : [-1] com.android.systemui
04-27 20:31:03.889  4458  4458 I FirebaseApp: Device unlocked: initializing all Firebase APIs for app [DEFAULT]
04-27 20:31:03.896  5878  5878 D PluginAODManager: onNotificationInfoUpdated() 0
04-27 20:31:03.897  5878  5878 I AODNotificationManager: updateVisibleNotifications: 0
04-27 20:31:03.897  5878  5878 I a       : updateStatusBarNotifications: open
04-27 20:31:03.897  5878  5878 I a       : updateStatusBarNotifications: open
04-27 20:31:03.936  4458  4458 I FirebaseCrashlytics: Initializing Firebase Crashlytics 18.3.5 for com.twitter.android
04-27 20:31:04.065  4458  4489 I DynamiteModule: Considering local module com.google.android.gms.measurement.dynamite:86 and remote module com.google.android.gms.measurement.dynamite:88
04-27 20:31:04.065  4458  4489 I DynamiteModule: Selected remote version of com.google.android.gms.measurement.dynamite, version >= 88
04-27 20:31:04.065  4458  4489 V DynamiteModule: Dynamite loader version >= 2, using loadModule2NoCrashUtils
04-27 20:31:04.077  5878  5878 D BubblesManager: onEntryUpdated : shouldBubbleUp=false ,key=-1|com.android.systemui|2131428972|charging_state|10054
04-27 20:31:04.096  4458  4489 W System  : ClassLoader referenced unknown path:
04-27 20:31:04.097  4458  4489 D nativeloader: Configuring classloader-namespace for other apk . target_sdk_version=33, uses_libraries=, library_path=/data/app/~~fupSe7mT3TYRtpByrpi4GQ==/com.google.android.gms-bmnvTG7hLJarQuEcM9Lr_Q==/lib/arm64:/data/app/~~fupSe7mT3TYRtpByrpi4GQ==/com.google.android.gms-bmnvTG7hLJarQuEcM9Lr_Q==/base.apk!/lib/arm64-v8a, permitted_path=/data:/mnt/expand:/data/user/0/com.google.android.gms
04-27 20:31:04.099  5878  5878 I FaceWidgetPositionAlgorithm: getClockContainerHeight() supplier = 270, bottom margin = 0, real height = 333
04-27 20:31:04.100  5878  5878 I FaceWidgetPositionAlgorithm: getClockContainerHeight() supplier = 270, bottom margin = 63, real height = 333
04-27 20:31:04.100  5878  5878 I FaceWidgetPositionAlgorithm: getMediaContainerHeight() height = 0 container Visibility = 8, isValid = false, mIsDozing = false, fraction = 1.0, source = 0, target = 0
04-27 20:31:04.101  5878  5878 I FaceWidgetPositionAlgorithm: getMediaContainerHeight() supplier = 0
04-27 20:31:04.112  5878  5878 D PluginAODManager: onNotificationInfoUpdated() 0
04-27 20:31:04.112  5878  5878 I AODNotificationManager: updateVisibleNotifications: 0
04-27 20:31:04.112  5878  5878 I a       : updateStatusBarNotifications: open
04-27 20:31:04.112  5878  5878 I a       : updateStatusBarNotifications: open
04-27 20:31:04.122  4458  4458 I FirebaseInitProvider: FirebaseApp initialization successful
04-27 20:31:04.149  4458  4490 D libcrashlytics: Initializing libcrashlytics version 3.2.0
04-27 20:31:04.155  5878  5878 I FaceWidgetPositionAlgorithm: getClockContainerHeight() supplier = 270, bottom margin = 0, real height = 333
04-27 20:31:04.155  5878  5878 I FaceWidgetPositionAlgorithm: getClockContainerHeight() supplier = 270, bottom margin = 63, real height = 333
04-27 20:31:04.155  5878  5878 I FaceWidgetPositionAlgorithm: getMediaContainerHeight() height = 0 container Visibility = 8, isValid = false, mIsDozing = false, fraction = 1.0, source = 0, target = 0
04-27 20:31:04.155  5878  5878 I FaceWidgetPositionAlgorithm: getMediaContainerHeight() supplier = 0
04-27 20:31:04.180  4458  4495 W twitter.android: Accessing hidden field Ljava/util/Collections$SynchronizedCollection;->mutex:Ljava/lang/Object; (max-target-o, reflection, denied)
04-27 20:31:04.181  5878  5878 I FaceWidgetPositionAlgorithm: getClockContainerHeight() supplier = 270, bottom margin = 0, real height = 333
04-27 20:31:04.181  5878  5878 I FaceWidgetPositionAlgorithm: getClockContainerHeight() supplier = 270, bottom margin = 63, real height = 333
04-27 20:31:04.181  5878  5878 I FaceWidgetPositionAlgorithm: getMediaContainerHeight() height = 0 container Visibility = 8, isValid = false, mIsDozing = false, fraction = 1.0, source = 0, target = 0
04-27 20:31:04.181  5878  5878 I FaceWidgetPositionAlgorithm: getMediaContainerHeight() supplier = 0
04-27 20:31:04.185  5878  5878 D PluginAODManager: onNotificationInfoUpdated() 0
04-27 20:31:04.186  5878  5878 I AODNotificationManager: updateVisibleNotifications: 0
04-27 20:31:04.186  5878  5878 I a       : updateStatusBarNotifications: open
04-27 20:31:04.186  5878  5878 I a       : updateStatusBarNotifications: open
04-27 20:31:04.218  4458  4495 W twitter.android: Accessing hidden method Ljava/util/Collections$SynchronizedSet;-><init>(Ljava/util/Set;Ljava/lang/Object;)V (max-target-o, reflection, denied)
04-27 20:31:04.218  4458  4495 W twitter.android: Accessing hidden method Ljava/util/Collections$SynchronizedCollection;-><init>(Ljava/util/Collection;Ljava/lang/Object;)V (max-target-o, reflection, denied)
04-27 20:31:04.256  4458  4490 D libcrashlytics: Initializing native crash handling successful.
04-27 20:31:04.731  4458  4510 I FA      : App measurement initialized, version: 76011
04-27 20:31:04.731  4458  4510 I FA      : To enable debug logging run: adb shell setprop log.tag.FA VERBOSE
04-27 20:31:04.731  4458  4510 I FA      : To enable faster debug mode event logging run:
04-27 20:31:04.731  4458  4510 I FA      :   adb shell setprop debug.firebase.analytics.app com.twitter.android
04-27 20:31:04.794 11246 11246 D BoundBrokerSvc: onBind: Intent { act=com.google.android.gms.measurement.START pkg=com.google.android.gms }
04-27 20:31:04.794 11246 11246 D BoundBrokerSvc: Loading bound service for intent: Intent { act=com.google.android.gms.measurement.START pkg=com.google.android.gms }
04-27 20:31:04.949  4458  4518 W twitter.android: Accessing hidden method Landroid/telephony/SignalStrength;->getLteRssnr()I (max-target-p, reflection, denied)
04-27 20:31:05.068  5429  8528 D PackageManager: setEnabledSetting : userId = 0 packageName = com.twitter.android cmp = androidx.work.impl.background.systemjob.SystemJobService newState = 1 callingPackage = 10083/com.twitter.android
04-27 20:31:05.070  5429  8528 D ApplicationPolicy: getApplicationStateEnabled : pkg = com.twitter.android userId : 0
04-27 20:31:05.071  5429  8528 D ApplicationPolicy: getApplicationComponentState : pkg = com.twitter.android userId : 0
04-27 20:31:05.249  4458  4532 D CompatibilityChangeReporter: Compat change id reported: 160794467; UID 10083; state: ENABLED
04-27 20:31:05.268  4458  4458 I Choreographer: Skipped 64 frames!  The application may be doing too much work on its main thread.
04-27 20:31:05.279  5429  5488 W libprocessgroup: Failed to open /dev/blkio//cgroup.procs: No such file or directory
04-27 20:31:05.286  5429  5488 W libprocessgroup: Failed to open /dev/blkio//cgroup.procs: No such file or directory
04-27 20:31:05.288  5429  5488 W libprocessgroup: Failed to open /dev/blkio//cgroup.procs: No such file or directory
04-27 20:31:05.289  5429  5488 W libprocessgroup: Failed to open /dev/blkio//cgroup.procs: No such file or directory
04-27 20:31:05.299  4458  4458 D CompatibilityChangeReporter: Compat change id reported: 147600208; UID 10083; state: ENABLED
04-27 20:31:05.377  5429  5488 W libprocessgroup: Failed to open /dev/blkio//cgroup.procs: No such file or directory
04-27 20:31:05.379  5429  5488 W libprocessgroup: Failed to open /dev/blkio//cgroup.procs: No such file or directory
04-27 20:31:05.380  5429  5488 W libprocessgroup: Failed to open /dev/blkio//cgroup.procs: No such file or directory
04-27 20:31:05.381  5429  5488 W libprocessgroup: Failed to open /dev/blkio//cgroup.procs: No such file or directory
04-27 20:31:05.439  4458  4532 D CompatibilityChangeReporter: Compat change id reported: 194532703; UID 10083; state: ENABLED
04-27 20:31:05.444  4113  4240 I downloadWifiLock: [Download Executor Thread:fs.c] wifi lock released WifiLock{ 16ad452; not refcounted }
04-27 20:31:05.445  4113  4240 I ru.yandex.disk: wifi lock released WifiLock{ 16ad452; not refcounted }
04-27 20:31:05.498  4458  4530 W DynamiteModule: Local module descriptor class for com.google.android.gms.providerinstaller.dynamite not found.
04-27 20:31:05.523  6734 11455 W ProviderHelper: Unknown dynamite feature providerinstaller.dynamite
04-27 20:31:05.551  4458  4530 I DynamiteModule: Considering local module com.google.android.gms.providerinstaller.dynamite:0 and remote module com.google.android.gms.providerinstaller.dynamite:0
04-27 20:31:05.551  4458  4530 W ProviderInstaller: Failed to load providerinstaller module: No acceptable module com.google.android.gms.providerinstaller.dynamite found. Local version is 0 and remote version is 0.
04-27 20:31:05.710 26164 26173 W _benchmark.test: Suspending all threads took: 5.310ms
04-27 20:31:05.719 26164 26173 I _benchmark.test: Background concurrent copying GC freed 1252242(19MB) AllocSpace objects, 0(0B) LOS objects, 49% free, 14MB/28MB, paused 269us,5.574ms total 45.219ms
04-27 20:31:05.792  4458  4530 D nativeloader: Configuring classloader-namespace for other apk /system/framework/com.android.media.remotedisplay.jar. target_sdk_version=33, uses_libraries=ALL, library_path=/data/app/~~fupSe7mT3TYRtpByrpi4GQ==/com.google.android.gms-bmnvTG7hLJarQuEcM9Lr_Q==/lib/arm64:/data/app/~~fupSe7mT3TYRtpByrpi4GQ==/com.google.android.gms-bmnvTG7hLJarQuEcM9Lr_Q==/base.apk!/lib/arm64-v8a, permitted_path=/data:/mnt/expand:/data/user/0/com.google.android.gms
04-27 20:31:05.792  4458  4530 D nativeloader: Extending system_exposed_libraries: libhumantracking.arcsoft.so:libPortraitDistortionCorrection.arcsoft.so:libPortraitDistortionCorrectionCali.arcsoft.so:libface_landmark.arcsoft.so:libFacialStickerEngine.arcsoft.so:libveengine.arcsoft.so:liblow_light_hdr.arcsoft.so:libhigh_dynamic_range.arcsoft.so:libFacialAttributeDetection.arcsoft.so:libBeauty_v4.camera.samsung.so:libexifa.camera.samsung.so:libjpega.camera.samsung.so:libOpenCv.camera.samsung.so:libImageScreener.camera.samsung.so:libMyFilter.camera.samsung.so:libtensorflowLite.myfilter.camera.samsung.so:libtensorflowlite_inference_api.myfilter.camera.samsung.so:libEventFinder.camera.samsung.so:libHIDTSnapJNI.camera.samsung.so:libSmartScan.camera.samsung.so:libRectify.camera.samsung.so:libDocRectifyWrapper.camera.samsung.so:libUltraWideDistortionCorrection.camera.samsung.so:libHpr_RecGAE_cvFeature_v1.0.camera.samsung.so:libHprFace_GAE_api.camera.samsung.so:libFace_Landmark_API.camera.samsung.so:libHprFace_GAE_jni.camera.samsung.so:libFacialBasedSelfieCorrec
04-27 20:31:05.849  4458  4530 D nativeloader: Configuring classloader-namespace for other apk /system/framework/com.android.location.provider.jar. target_sdk_version=33, uses_libraries=ALL, library_path=/data/app/~~fupSe7mT3TYRtpByrpi4GQ==/com.google.android.gms-bmnvTG7hLJarQuEcM9Lr_Q==/lib/arm64:/data/app/~~fupSe7mT3TYRtpByrpi4GQ==/com.google.android.gms-bmnvTG7hLJarQuEcM9Lr_Q==/base.apk!/lib/arm64-v8a, permitted_path=/data:/mnt/expand:/data/user/0/com.google.android.gms
04-27 20:31:05.850  4458  4530 D nativeloader: Extending system_exposed_libraries: libhumantracking.arcsoft.so:libPortraitDistortionCorrection.arcsoft.so:libPortraitDistortionCorrectionCali.arcsoft.so:libface_landmark.arcsoft.so:libFacialStickerEngine.arcsoft.so:libveengine.arcsoft.so:liblow_light_hdr.arcsoft.so:libhigh_dynamic_range.arcsoft.so:libFacialAttributeDetection.arcsoft.so:libBeauty_v4.camera.samsung.so:libexifa.camera.samsung.so:libjpega.camera.samsung.so:libOpenCv.camera.samsung.so:libImageScreener.camera.samsung.so:libMyFilter.camera.samsung.so:libtensorflowLite.myfilter.camera.samsung.so:libtensorflowlite_inference_api.myfilter.camera.samsung.so:libEventFinder.camera.samsung.so:libHIDTSnapJNI.camera.samsung.so:libSmartScan.camera.samsung.so:libRectify.camera.samsung.so:libDocRectifyWrapper.camera.samsung.so:libUltraWideDistortionCorrection.camera.samsung.so:libHpr_RecGAE_cvFeature_v1.0.camera.samsung.so:libHprFace_GAE_api.camera.samsung.so:libFace_Landmark_API.camera.samsung.so:libHprFace_GAE_jni.camera.samsung.so:libFacialBasedSelfieCorrec
04-27 20:31:05.876  4458  4530 W ziparchive: Unable to open '/system_ext/framework/org.carconnectivity.android.digitalkey.timesync.dm': No such file or directory
04-27 20:31:05.877  4458  4530 W ziparchive: Unable to open '/system_ext/framework/org.carconnectivity.android.digitalkey.timesync.dm': No such file or directory
04-27 20:31:05.910  4458  4530 D nativeloader: Configuring classloader-namespace for other apk /system_ext/framework/org.carconnectivity.android.digitalkey.timesync.jar. target_sdk_version=33, uses_libraries=ALL, library_path=/data/app/~~fupSe7mT3TYRtpByrpi4GQ==/com.google.android.gms-bmnvTG7hLJarQuEcM9Lr_Q==/lib/arm64:/data/app/~~fupSe7mT3TYRtpByrpi4GQ==/com.google.android.gms-bmnvTG7hLJarQuEcM9Lr_Q==/base.apk!/lib/arm64-v8a, permitted_path=/data:/mnt/expand:/data/user/0/com.google.android.gms
04-27 20:31:05.910  4458  4530 D nativeloader: Extending system_exposed_libraries: libhumantracking.arcsoft.so:libPortraitDistortionCorrection.arcsoft.so:libPortraitDistortionCorrectionCali.arcsoft.so:libface_landmark.arcsoft.so:libFacialStickerEngine.arcsoft.so:libveengine.arcsoft.so:liblow_light_hdr.arcsoft.so:libhigh_dynamic_range.arcsoft.so:libFacialAttributeDetection.arcsoft.so:libBeauty_v4.camera.samsung.so:libexifa.camera.samsung.so:libjpega.camera.samsung.so:libOpenCv.camera.samsung.so:libImageScreener.camera.samsung.so:libMyFilter.camera.samsung.so:libtensorflowLite.myfilter.camera.samsung.so:libtensorflowlite_inference_api.myfilter.camera.samsung.so:libEventFinder.camera.samsung.so:libHIDTSnapJNI.camera.samsung.so:libSmartScan.camera.samsung.so:libRectify.camera.samsung.so:libDocRectifyWrapper.camera.samsung.so:libUltraWideDistortionCorrection.camera.samsung.so:libHpr_RecGAE_cvFeature_v1.0.camera.samsung.so:libHprFace_GAE_api.camera.samsung.so:libFace_Landmark_API.camera.samsung.so:libHprFace_GAE_jni.camera.samsung.so:libFacialBasedSelfieCorrec
04-27 20:31:06.022  4458  4518 V SoLoader: libtwittermedia.so not found on /data/app/~~1wbyZG-ybDrhUxDpY6mkgw==/com.twitter.android-BzPfXiBbLb3hUkjME_S6rQ==/lib/arm64
04-27 20:31:06.022  4458  4518 V SoLoader: libtwittermedia.so not found on /data/app/~~1wbyZG-ybDrhUxDpY6mkgw==/com.twitter.android-BzPfXiBbLb3hUkjME_S6rQ==/split_config.en.apk!/lib/arm64-v8a
04-27 20:31:06.022  4458  4518 V SoLoader: libtwittermedia.so not found on /data/app/~~1wbyZG-ybDrhUxDpY6mkgw==/com.twitter.android-BzPfXiBbLb3hUkjME_S6rQ==/base.apk!/lib/arm64-v8a
04-27 20:31:06.022  4458  4518 V SoLoader: libtwittermedia.so not found on /data/app/~~1wbyZG-ybDrhUxDpY6mkgw==/com.twitter.android-BzPfXiBbLb3hUkjME_S6rQ==/split_config.arm64_v8a.apk!/lib/arm64-v8a
04-27 20:31:06.022  4458  4518 V SoLoader: libtwittermedia.so not found on /data/app/~~1wbyZG-ybDrhUxDpY6mkgw==/com.twitter.android-BzPfXiBbLb3hUkjME_S6rQ==/split_config.ru.apk!/lib/arm64-v8a
04-27 20:31:06.022  4458  4518 V SoLoader: libtwittermedia.so not found on /data/app/~~1wbyZG-ybDrhUxDpY6mkgw==/com.twitter.android-BzPfXiBbLb3hUkjME_S6rQ==/split_config.xxhdpi.apk!/lib/arm64-v8a
04-27 20:31:06.022  4458  4518 V SoLoader: libtwittermedia.so not found on /data/app/~~1wbyZG-ybDrhUxDpY6mkgw==/com.twitter.android-BzPfXiBbLb3hUkjME_S6rQ==/split_config.xxhdpi.apk!/lib/arm64-v8a
04-27 20:31:06.023  4458  4518 V SoLoader: libtwittermedia.so not found on /data/app/~~1wbyZG-ybDrhUxDpY6mkgw==/com.twitter.android-BzPfXiBbLb3hUkjME_S6rQ==/split_config.ru.apk!/lib/arm64-v8a
04-27 20:31:06.023  4458  4518 V SoLoader: libtwittermedia.so not found on /data/app/~~1wbyZG-ybDrhUxDpY6mkgw==/com.twitter.android-BzPfXiBbLb3hUkjME_S6rQ==/split_config.en.apk!/lib/arm64-v8a
04-27 20:31:06.030  4458  4518 V SoLoader: liblog.so not found on /data/app/~~1wbyZG-ybDrhUxDpY6mkgw==/com.twitter.android-BzPfXiBbLb3hUkjME_S6rQ==/lib/arm64
04-27 20:31:06.030  4458  4518 V SoLoader: liblog.so not found on /data/app/~~1wbyZG-ybDrhUxDpY6mkgw==/com.twitter.android-BzPfXiBbLb3hUkjME_S6rQ==/split_config.en.apk!/lib/arm64-v8a
04-27 20:31:06.030  4458  4518 V SoLoader: liblog.so not found on /data/app/~~1wbyZG-ybDrhUxDpY6mkgw==/com.twitter.android-BzPfXiBbLb3hUkjME_S6rQ==/base.apk!/lib/arm64-v8a
04-27 20:31:06.030  4458  4518 V SoLoader: liblog.so not found on /data/app/~~1wbyZG-ybDrhUxDpY6mkgw==/com.twitter.android-BzPfXiBbLb3hUkjME_S6rQ==/split_config.arm64_v8a.apk!/lib/arm64-v8a
04-27 20:31:06.030  4458  4518 V SoLoader: liblog.so not found on /data/app/~~1wbyZG-ybDrhUxDpY6mkgw==/com.twitter.android-BzPfXiBbLb3hUkjME_S6rQ==/split_config.ru.apk!/lib/arm64-v8a
04-27 20:31:06.030  4458  4518 V SoLoader: liblog.so not found on /data/app/~~1wbyZG-ybDrhUxDpY6mkgw==/com.twitter.android-BzPfXiBbLb3hUkjME_S6rQ==/split_config.xxhdpi.apk!/lib/arm64-v8a
04-27 20:31:06.030  4458  4518 V SoLoader: liblog.so not found on /data/app/~~1wbyZG-ybDrhUxDpY6mkgw==/com.twitter.android-BzPfXiBbLb3hUkjME_S6rQ==/split_config.xxhdpi.apk!/lib/arm64-v8a
04-27 20:31:06.031  4458  4518 V SoLoader: liblog.so not found on /data/app/~~1wbyZG-ybDrhUxDpY6mkgw==/com.twitter.android-BzPfXiBbLb3hUkjME_S6rQ==/split_config.ru.apk!/lib/arm64-v8a
04-27 20:31:06.036  4458  4518 V SoLoader: liblog.so not found on /data/app/~~1wbyZG-ybDrhUxDpY6mkgw==/com.twitter.android-BzPfXiBbLb3hUkjME_S6rQ==/split_config.en.apk!/lib/arm64-v8a
04-27 20:31:06.036  4458  4518 V SoLoader: liblog.so not found on /data/app/~~1wbyZG-ybDrhUxDpY6mkgw==/com.twitter.android-BzPfXiBbLb3hUkjME_S6rQ==/split_config.arm64_v8a.apk!/lib/arm64-v8a
04-27 20:31:06.036  4458  4518 D SoLoader: liblog.so found on /system/lib64
04-27 20:31:06.036  4458  4518 D SoLoader: liblog.so loaded implicitly
04-27 20:31:06.037  4458  4518 V SoLoader: libGLESv2.so not found on /data/app/~~1wbyZG-ybDrhUxDpY6mkgw==/com.twitter.android-BzPfXiBbLb3hUkjME_S6rQ==/lib/arm64
04-27 20:31:06.037  4458  4518 V SoLoader: libGLESv2.so not found on /data/app/~~1wbyZG-ybDrhUxDpY6mkgw==/com.twitter.android-BzPfXiBbLb3hUkjME_S6rQ==/split_config.en.apk!/lib/arm64-v8a
04-27 20:31:06.037  4458  4518 V SoLoader: libGLESv2.so not found on /data/app/~~1wbyZG-ybDrhUxDpY6mkgw==/com.twitter.android-BzPfXiBbLb3hUkjME_S6rQ==/base.apk!/lib/arm64-v8a
04-27 20:31:06.037  4458  4518 V SoLoader: libGLESv2.so not found on /data/app/~~1wbyZG-ybDrhUxDpY6mkgw==/com.twitter.android-BzPfXiBbLb3hUkjME_S6rQ==/split_config.arm64_v8a.apk!/lib/arm64-v8a
04-27 20:31:06.037  4458  4518 V SoLoader: libGLESv2.so not found on /data/app/~~1wbyZG-ybDrhUxDpY6mkgw==/com.twitter.android-BzPfXiBbLb3hUkjME_S6rQ==/split_config.ru.apk!/lib/arm64-v8a
04-27 20:31:06.037  4458  4518 V SoLoader: libGLESv2.so not found on /data/app/~~1wbyZG-ybDrhUxDpY6mkgw==/com.twitter.android-BzPfXiBbLb3hUkjME_S6rQ==/split_config.xxhdpi.apk!/lib/arm64-v8a
04-27 20:31:06.037  4458  4518 V SoLoader: libGLESv2.so not found on /data/app/~~1wbyZG-ybDrhUxDpY6mkgw==/com.twitter.android-BzPfXiBbLb3hUkjME_S6rQ==/split_config.xxhdpi.apk!/lib/arm64-v8a
04-27 20:31:06.037  4458  4518 V SoLoader: libGLESv2.so not found on /data/app/~~1wbyZG-ybDrhUxDpY6mkgw==/com.twitter.android-BzPfXiBbLb3hUkjME_S6rQ==/split_config.ru.apk!/lib/arm64-v8a
04-27 20:31:06.038  4458  4518 V SoLoader: libGLESv2.so not found on /data/app/~~1wbyZG-ybDrhUxDpY6mkgw==/com.twitter.android-BzPfXiBbLb3hUkjME_S6rQ==/split_config.en.apk!/lib/arm64-v8a
04-27 20:31:06.038  4458  4518 V SoLoader: libGLESv2.so not found on /data/app/~~1wbyZG-ybDrhUxDpY6mkgw==/com.twitter.android-BzPfXiBbLb3hUkjME_S6rQ==/split_config.arm64_v8a.apk!/lib/arm64-v8a
04-27 20:31:06.038  4458  4518 D SoLoader: libGLESv2.so found on /system/lib64
04-27 20:31:06.038  4458  4518 D SoLoader: libGLESv2.so loaded implicitly
04-27 20:31:06.039  4458  4518 V SoLoader: libjnigraphics.so not found on /data/app/~~1wbyZG-ybDrhUxDpY6mkgw==/com.twitter.android-BzPfXiBbLb3hUkjME_S6rQ==/lib/arm64
04-27 20:31:06.039  4458  4518 V SoLoader: libjnigraphics.so not found on /data/app/~~1wbyZG-ybDrhUxDpY6mkgw==/com.twitter.android-BzPfXiBbLb3hUkjME_S6rQ==/split_config.en.apk!/lib/arm64-v8a
04-27 20:31:06.039  4458  4518 V SoLoader: libjnigraphics.so not found on /data/app/~~1wbyZG-ybDrhUxDpY6mkgw==/com.twitter.android-BzPfXiBbLb3hUkjME_S6rQ==/base.apk!/lib/arm64-v8a
04-27 20:31:06.039  4458  4518 V SoLoader: libjnigraphics.so not found on /data/app/~~1wbyZG-ybDrhUxDpY6mkgw==/com.twitter.android-BzPfXiBbLb3hUkjME_S6rQ==/split_config.arm64_v8a.apk!/lib/arm64-v8a
04-27 20:31:06.039  4458  4518 V SoLoader: libjnigraphics.so not found on /data/app/~~1wbyZG-ybDrhUxDpY6mkgw==/com.twitter.android-BzPfXiBbLb3hUkjME_S6rQ==/split_config.ru.apk!/lib/arm64-v8a
04-27 20:31:06.039  4458  4518 V SoLoader: libjnigraphics.so not found on /data/app/~~1wbyZG-ybDrhUxDpY6mkgw==/com.twitter.android-BzPfXiBbLb3hUkjME_S6rQ==/split_config.xxhdpi.apk!/lib/arm64-v8a
04-27 20:31:06.039  4458  4518 V SoLoader: libjnigraphics.so not found on /data/app/~~1wbyZG-ybDrhUxDpY6mkgw==/com.twitter.android-BzPfXiBbLb3hUkjME_S6rQ==/split_config.xxhdpi.apk!/lib/arm64-v8a
04-27 20:31:06.039  4458  4518 V SoLoader: libjnigraphics.so not found on /data/app/~~1wbyZG-ybDrhUxDpY6mkgw==/com.twitter.android-BzPfXiBbLb3hUkjME_S6rQ==/split_config.ru.apk!/lib/arm64-v8a
04-27 20:31:06.039  4458  4518 V SoLoader: libjnigraphics.so not found on /data/app/~~1wbyZG-ybDrhUxDpY6mkgw==/com.twitter.android-BzPfXiBbLb3hUkjME_S6rQ==/split_config.en.apk!/lib/arm64-v8a
04-27 20:31:06.039  4458  4518 V SoLoader: libjnigraphics.so not found on /data/app/~~1wbyZG-ybDrhUxDpY6mkgw==/com.twitter.android-BzPfXiBbLb3hUkjME_S6rQ==/split_config.arm64_v8a.apk!/lib/arm64-v8a
04-27 20:31:06.040  4458  4518 D SoLoader: libjnigraphics.so found on /system/lib64
04-27 20:31:06.040  4458  4518 D SoLoader: libjnigraphics.so loaded implicitly
04-27 20:31:06.040  4458  4518 V SoLoader: libz.so not found on /data/app/~~1wbyZG-ybDrhUxDpY6mkgw==/com.twitter.android-BzPfXiBbLb3hUkjME_S6rQ==/lib/arm64
04-27 20:31:06.041  4458  4518 V SoLoader: libz.so not found on /data/app/~~1wbyZG-ybDrhUxDpY6mkgw==/com.twitter.android-BzPfXiBbLb3hUkjME_S6rQ==/split_config.en.apk!/lib/arm64-v8a
04-27 20:31:06.041  4458  4518 V SoLoader: libz.so not found on /data/app/~~1wbyZG-ybDrhUxDpY6mkgw==/com.twitter.android-BzPfXiBbLb3hUkjME_S6rQ==/base.apk!/lib/arm64-v8a
04-27 20:31:06.041  4458  4518 V SoLoader: libz.so not found on /data/app/~~1wbyZG-ybDrhUxDpY6mkgw==/com.twitter.android-BzPfXiBbLb3hUkjME_S6rQ==/split_config.arm64_v8a.apk!/lib/arm64-v8a
04-27 20:31:06.041  4458  4518 V SoLoader: libz.so not found on /data/app/~~1wbyZG-ybDrhUxDpY6mkgw==/com.twitter.android-BzPfXiBbLb3hUkjME_S6rQ==/split_config.ru.apk!/lib/arm64-v8a
04-27 20:31:06.041  4458  4518 V SoLoader: libz.so not found on /data/app/~~1wbyZG-ybDrhUxDpY6mkgw==/com.twitter.android-BzPfXiBbLb3hUkjME_S6rQ==/split_config.xxhdpi.apk!/lib/arm64-v8a
04-27 20:31:06.041  4458  4518 V SoLoader: libz.so not found on /data/app/~~1wbyZG-ybDrhUxDpY6mkgw==/com.twitter.android-BzPfXiBbLb3hUkjME_S6rQ==/split_config.xxhdpi.apk!/lib/arm64-v8a
04-27 20:31:06.041  4458  4518 V SoLoader: libz.so not found on /data/app/~~1wbyZG-ybDrhUxDpY6mkgw==/com.twitter.android-BzPfXiBbLb3hUkjME_S6rQ==/split_config.ru.apk!/lib/arm64-v8a
04-27 20:31:06.041  4458  4518 V SoLoader: libz.so not found on /data/app/~~1wbyZG-ybDrhUxDpY6mkgw==/com.twitter.android-BzPfXiBbLb3hUkjME_S6rQ==/split_config.en.apk!/lib/arm64-v8a
04-27 20:31:06.041  4458  4518 V SoLoader: libz.so not found on /data/app/~~1wbyZG-ybDrhUxDpY6mkgw==/com.twitter.android-BzPfXiBbLb3hUkjME_S6rQ==/split_config.arm64_v8a.apk!/lib/arm64-v8a
04-27 20:31:06.041  4458  4518 D SoLoader: libz.so found on /system/lib64
04-27 20:31:06.041  4458  4518 D SoLoader: libz.so loaded implicitly
04-27 20:31:06.042  4458  4518 V SoLoader: libm.so not found on /data/app/~~1wbyZG-ybDrhUxDpY6mkgw==/com.twitter.android-BzPfXiBbLb3hUkjME_S6rQ==/lib/arm64
04-27 20:31:06.042  4458  4518 V SoLoader: libm.so not found on /data/app/~~1wbyZG-ybDrhUxDpY6mkgw==/com.twitter.android-BzPfXiBbLb3hUkjME_S6rQ==/split_config.en.apk!/lib/arm64-v8a
04-27 20:31:06.042  4458  4518 V SoLoader: libm.so not found on /data/app/~~1wbyZG-ybDrhUxDpY6mkgw==/com.twitter.android-BzPfXiBbLb3hUkjME_S6rQ==/base.apk!/lib/arm64-v8a
04-27 20:31:06.042  4458  4518 V SoLoader: libm.so not found on /data/app/~~1wbyZG-ybDrhUxDpY6mkgw==/com.twitter.android-BzPfXiBbLb3hUkjME_S6rQ==/split_config.arm64_v8a.apk!/lib/arm64-v8a
04-27 20:31:06.043  4458  4520 W twitter.android: Long monitor contention with owner io-core-Thread-1 (4519) at java.lang.Object cp8.get()(Twttr:68) waiters=0 in java.lang.Object cp8.get() for 672ms
04-27 20:31:06.044  4458  4518 V SoLoader: libm.so not found on /data/app/~~1wbyZG-ybDrhUxDpY6mkgw==/com.twitter.android-BzPfXiBbLb3hUkjME_S6rQ==/split_config.ru.apk!/lib/arm64-v8a
04-27 20:31:06.044  4458  4518 V SoLoader: libm.so not found on /data/app/~~1wbyZG-ybDrhUxDpY6mkgw==/com.twitter.android-BzPfXiBbLb3hUkjME_S6rQ==/split_config.xxhdpi.apk!/lib/arm64-v8a
04-27 20:31:06.044  4458  4518 V SoLoader: libm.so not found on /data/app/~~1wbyZG-ybDrhUxDpY6mkgw==/com.twitter.android-BzPfXiBbLb3hUkjME_S6rQ==/split_config.xxhdpi.apk!/lib/arm64-v8a
04-27 20:31:06.044  4458  4518 V SoLoader: libm.so not found on /data/app/~~1wbyZG-ybDrhUxDpY6mkgw==/com.twitter.android-BzPfXiBbLb3hUkjME_S6rQ==/split_config.ru.apk!/lib/arm64-v8a
04-27 20:31:06.044  4458  4518 V SoLoader: libm.so not found on /data/app/~~1wbyZG-ybDrhUxDpY6mkgw==/com.twitter.android-BzPfXiBbLb3hUkjME_S6rQ==/split_config.en.apk!/lib/arm64-v8a
04-27 20:31:06.044  4458  4518 V SoLoader: libm.so not found on /data/app/~~1wbyZG-ybDrhUxDpY6mkgw==/com.twitter.android-BzPfXiBbLb3hUkjME_S6rQ==/split_config.arm64_v8a.apk!/lib/arm64-v8a
04-27 20:31:06.045  4458  4458 W twitter.android: Long monitor contention with owner io-variable-Thread-0 (4520) at java.lang.Object cp8.get()(Twttr:68) waiters=0 in java.lang.Object cp8.get() for 568ms
04-27 20:31:06.045  4458  4518 D SoLoader: libm.so found on /system/lib64
04-27 20:31:06.045  4458  4518 D SoLoader: libm.so loaded implicitly
04-27 20:31:06.048  4458  4518 V SoLoader: libdl.so not found on /data/app/~~1wbyZG-ybDrhUxDpY6mkgw==/com.twitter.android-BzPfXiBbLb3hUkjME_S6rQ==/lib/arm64
04-27 20:31:06.052  4458  4518 V SoLoader: libdl.so not found on /data/app/~~1wbyZG-ybDrhUxDpY6mkgw==/com.twitter.android-BzPfXiBbLb3hUkjME_S6rQ==/split_config.en.apk!/lib/arm64-v8a
04-27 20:31:06.052  4458  4518 V SoLoader: libdl.so not found on /data/app/~~1wbyZG-ybDrhUxDpY6mkgw==/com.twitter.android-BzPfXiBbLb3hUkjME_S6rQ==/base.apk!/lib/arm64-v8a
04-27 20:31:06.052  4458  4518 V SoLoader: libdl.so not found on /data/app/~~1wbyZG-ybDrhUxDpY6mkgw==/com.twitter.android-BzPfXiBbLb3hUkjME_S6rQ==/split_config.arm64_v8a.apk!/lib/arm64-v8a
04-27 20:31:06.052  4458  4518 V SoLoader: libdl.so not found on /data/app/~~1wbyZG-ybDrhUxDpY6mkgw==/com.twitter.android-BzPfXiBbLb3hUkjME_S6rQ==/split_config.ru.apk!/lib/arm64-v8a
04-27 20:31:06.052  4458  4518 V SoLoader: libdl.so not found on /data/app/~~1wbyZG-ybDrhUxDpY6mkgw==/com.twitter.android-BzPfXiBbLb3hUkjME_S6rQ==/split_config.xxhdpi.apk!/lib/arm64-v8a
04-27 20:31:06.052  4458  4518 V SoLoader: libdl.so not found on /data/app/~~1wbyZG-ybDrhUxDpY6mkgw==/com.twitter.android-BzPfXiBbLb3hUkjME_S6rQ==/split_config.xxhdpi.apk!/lib/arm64-v8a
04-27 20:31:06.052  4458  4518 V SoLoader: libdl.so not found on /data/app/~~1wbyZG-ybDrhUxDpY6mkgw==/com.twitter.android-BzPfXiBbLb3hUkjME_S6rQ==/split_config.ru.apk!/lib/arm64-v8a
04-27 20:31:06.052  4458  4518 V SoLoader: libdl.so not found on /data/app/~~1wbyZG-ybDrhUxDpY6mkgw==/com.twitter.android-BzPfXiBbLb3hUkjME_S6rQ==/split_config.en.apk!/lib/arm64-v8a
04-27 20:31:06.052  4458  4518 V SoLoader: libdl.so not found on /data/app/~~1wbyZG-ybDrhUxDpY6mkgw==/com.twitter.android-BzPfXiBbLb3hUkjME_S6rQ==/split_config.arm64_v8a.apk!/lib/arm64-v8a
04-27 20:31:06.053  4458  4518 D SoLoader: libdl.so found on /system/lib64
04-27 20:31:06.053  4458  4518 D SoLoader: libdl.so loaded implicitly
04-27 20:31:06.054  4458  4518 V SoLoader: libc.so not found on /data/app/~~1wbyZG-ybDrhUxDpY6mkgw==/com.twitter.android-BzPfXiBbLb3hUkjME_S6rQ==/lib/arm64
04-27 20:31:06.054  4458  4518 V SoLoader: libc.so not found on /data/app/~~1wbyZG-ybDrhUxDpY6mkgw==/com.twitter.android-BzPfXiBbLb3hUkjME_S6rQ==/split_config.en.apk!/lib/arm64-v8a
04-27 20:31:06.054  4458  4518 V SoLoader: libc.so not found on /data/app/~~1wbyZG-ybDrhUxDpY6mkgw==/com.twitter.android-BzPfXiBbLb3hUkjME_S6rQ==/base.apk!/lib/arm64-v8a
04-27 20:31:06.054  4458  4518 V SoLoader: libc.so not found on /data/app/~~1wbyZG-ybDrhUxDpY6mkgw==/com.twitter.android-BzPfXiBbLb3hUkjME_S6rQ==/split_config.arm64_v8a.apk!/lib/arm64-v8a
04-27 20:31:06.054  4458  4518 V SoLoader: libc.so not found on /data/app/~~1wbyZG-ybDrhUxDpY6mkgw==/com.twitter.android-BzPfXiBbLb3hUkjME_S6rQ==/split_config.ru.apk!/lib/arm64-v8a
04-27 20:31:06.054  4458  4518 V SoLoader: libc.so not found on /data/app/~~1wbyZG-ybDrhUxDpY6mkgw==/com.twitter.android-BzPfXiBbLb3hUkjME_S6rQ==/split_config.xxhdpi.apk!/lib/arm64-v8a
04-27 20:31:06.054  4458  4518 V SoLoader: libc.so not found on /data/app/~~1wbyZG-ybDrhUxDpY6mkgw==/com.twitter.android-BzPfXiBbLb3hUkjME_S6rQ==/split_config.xxhdpi.apk!/lib/arm64-v8a
04-27 20:31:06.054  4458  4518 V SoLoader: libc.so not found on /data/app/~~1wbyZG-ybDrhUxDpY6mkgw==/com.twitter.android-BzPfXiBbLb3hUkjME_S6rQ==/split_config.ru.apk!/lib/arm64-v8a
04-27 20:31:06.054  4458  4518 V SoLoader: libc.so not found on /data/app/~~1wbyZG-ybDrhUxDpY6mkgw==/com.twitter.android-BzPfXiBbLb3hUkjME_S6rQ==/split_config.en.apk!/lib/arm64-v8a
04-27 20:31:06.055  4458  4518 V SoLoader: libc.so not found on /data/app/~~1wbyZG-ybDrhUxDpY6mkgw==/com.twitter.android-BzPfXiBbLb3hUkjME_S6rQ==/split_config.arm64_v8a.apk!/lib/arm64-v8a
04-27 20:31:06.055  4458  4518 D SoLoader: libc.so found on /system/lib64
04-27 20:31:06.055  4458  4518 D SoLoader: libc.so loaded implicitly
04-27 20:31:06.115  4458  4530 D nativeloader: Configuring classloader-namespace for other apk /data/app/~~fupSe7mT3TYRtpByrpi4GQ==/com.google.android.gms-bmnvTG7hLJarQuEcM9Lr_Q==/base.apk. target_sdk_version=33, uses_libraries=, library_path=/data/app/~~fupSe7mT3TYRtpByrpi4GQ==/com.google.android.gms-bmnvTG7hLJarQuEcM9Lr_Q==/lib/arm64:/data/app/~~fupSe7mT3TYRtpByrpi4GQ==/com.google.android.gms-bmnvTG7hLJarQuEcM9Lr_Q==/base.apk!/lib/arm64-v8a, permitted_path=/data:/mnt/expand:/data/user/0/com.google.android.gms
04-27 20:31:06.137  4458  4518 D SoLoader: libtwittermedia.so found on /data/app/~~1wbyZG-ybDrhUxDpY6mkgw==/com.twitter.android-BzPfXiBbLb3hUkjME_S6rQ==/split_config.arm64_v8a.apk!/lib/arm64-v8a
04-27 20:31:06.187  5429  5488 W libprocessgroup: Failed to open /dev/blkio//cgroup.procs: No such file or directory
04-27 20:31:06.194  5429  5488 W libprocessgroup: Failed to open /dev/blkio//cgroup.procs: No such file or directory
04-27 20:31:06.195  5429  5488 W libprocessgroup: Failed to open /dev/blkio//cgroup.procs: No such file or directory
04-27 20:31:06.196  5429  5488 W libprocessgroup: Failed to open /dev/blkio//cgroup.procs: No such file or directory
04-27 20:31:06.207  6734  9375 I FontLog : Received query Noto Color Emoji Compat, URI content://com.google.android.gms.fonts [CONTEXT service_id=132 ]
04-27 20:31:06.209  6734  9375 I FontLog : Query [emojicompat-emoji-font] resolved to {Noto Color Emoji Compat, wdth 100.0, wght 400, ital 0.0, bestEffort false} [CONTEXT service_id=132 ]
04-27 20:31:06.240  5429  7411 D SemWifiUsabilityStatsMonitor: onWifiUsabilityStats - seqNum 4093, isSameBssidAndFreq true
04-27 20:31:06.243  5429  5717 I SemWifiLinkQualityMonitor: Link Qos Query: 0.148 ms / 54.000 Mbps (72 / 0.000 / 1.333)
04-27 20:31:06.251  4458  4532 D ConnectivityManager: StackLog: [android.net.ConnectivityManager.sendRequestForNetwork(ConnectivityManager.java:4191)] [android.net.ConnectivityManager.registerDefaultNetworkCallbackForUid(ConnectivityManager.java:4755)] [android.net.ConnectivityManager.registerDefaultNetworkCallback(ConnectivityManager.java:4722)] [android.net.ConnectivityManager.registerDefaultNetworkCallback(ConnectivityManager.java:4696)] [e40.c(Twttr:1)] [jsh.a(Twttr:11)] [auh.d(Twttr:18)] [ha6.d(Twttr:155)] [s0w.d(Twttr:41)] [hsb.d(Twttr:360)] [fvn.a(Twttr:164)] [af.f0(Twttr:84)] [t2w.run(Twttr:212)] [ono$a.run(Twttr:3)] [java.util.concurrent.ThreadPoolExecutor.runWorker(ThreadPoolExecutor.java:1137)] [java.util.concurrent.ThreadPoolExecutor$Worker.run(ThreadPoolExecutor.java:637)] [java.lang.Thread.run(Thread.java:1012)]
04-27 20:31:06.254  5429  8509 D ConnectivityService: requestNetwork for uid/pid:10083/4458 activeRequest: null callbackRequest: 3973 [NetworkRequest [ REQUEST id=3974, [ Capabilities: INTERNET&NOT_RESTRICTED&TRUSTED&NOT_VCN_MANAGED Uid: 10083 RequestorUid: 10083 RequestorPkg: com.twitter.android UnderlyingNetworks: Null] ]] callback flags: 0 order: 2147483647
04-27 20:31:06.255  5429  5665 D ConnectivityService:    accepting network in place of null
04-27 20:31:06.263  6734  9375 I FontLog : Fetch {Noto Color Emoji Compat, wdth 100.0, wght 400, ital 0.0, bestEffort false} end status Status{statusCode=SUCCESS, resolution=null} [CONTEXT service_id=132 ]
04-27 20:31:06.268  5429  5655 D WifiNetworkFactory: got request NetworkRequest [ REQUEST id=3974, [ Capabilities: INTERNET&NOT_RESTRICTED&TRUSTED&NOT_VCN_MANAGED Uid: 10083 RequestorUid: 10083 RequestorPkg: com.twitter.android UnderlyingNetworks: Null] ]
04-27 20:31:06.269  5429  5655 D UntrustedWifiNetworkFactory: got request NetworkRequest [ REQUEST id=3974, [ Capabilities: INTERNET&NOT_RESTRICTED&TRUSTED&NOT_VCN_MANAGED Uid: 10083 RequestorUid: 10083 RequestorPkg: com.twitter.android UnderlyingNetworks: Null] ]
04-27 20:31:06.272  5429  5655 D OemPaidWifiNetworkFactory: got request NetworkRequest [ REQUEST id=3974, [ Capabilities: INTERNET&NOT_RESTRICTED&TRUSTED&NOT_VCN_MANAGED Uid: 10083 RequestorUid: 10083 RequestorPkg: com.twitter.android UnderlyingNetworks: Null] ]
04-27 20:31:06.272  5429  5665 D ConnectivityService: Rematched networks [computed 1ms] [applied 1ms] [issued 16]
04-27 20:31:06.273  6734  9375 I FontLog : Pulling font file for id = 210, cache size = 6 [CONTEXT service_id=132 ]
04-27 20:31:06.273  5429  5665 D ConnectivityService: NetworkReassignment :
04-27 20:31:06.273  5429  5665 D ConnectivityService:   3974 : null â†’ 108
04-27 20:31:06.274  5429  5655 D MultiInternetWifiNetworkFactory: got request NetworkRequest [ REQUEST id=3974, [ Capabilities: INTERNET&NOT_RESTRICTED&TRUSTED&NOT_VCN_MANAGED Uid: 10083 RequestorUid: 10083 RequestorPkg: com.twitter.android UnderlyingNetworks: Null] ]
04-27 20:31:06.294  6734  9375 I FontLog : Pulling font file for id = 210, cache size = 6 [CONTEXT service_id=132 ]
04-27 20:31:06.346  4458  4520 W SQLiteLog: (28) double-quoted string literal: "0"
04-27 20:31:06.367  2187  2187 I BadgeCountReceiver: badge intent : Intent { act=android.intent.action.BADGE_COUNT_UPDATE flg=0x1000010 cmp=com.sec.android.provider.badge/.BadgeCountReceiver (has extras) }
04-27 20:31:06.367  2187  2187 I BadgeCountReceiver: packageName: com.twitter.android, className: com.twitter.android.StartActivity, count: 1
04-27 20:31:06.371  6323  6323 I BadgeCountUpdaterImpl: onChange
04-27 20:31:06.378  6323  6323 I BadgeCountUpdaterImpl: onChange
04-27 20:31:06.381  2187  2187 I BadgeProvider: sendNotify entered. [uri] : content://com.sec.badge/apps
04-27 20:31:06.381  2187  2187 I BadgeProvider: sendNotify, [notify] : null
04-27 20:31:06.382  2187  2187 I BadgeProvider: update, getCallingPackage() : com.sec.android.provider.badge
04-27 20:31:06.382  2187  2187 I BadgeProvider: update, [uri] : content://com.sec.badge/apps
04-27 20:31:06.382  2187  2187 I BadgeProvider: update, [uri.query] : null
04-27 20:31:06.383  2187  2187 I BadgeProvider: update, [BadgeCount] : badgecount=1
04-27 20:31:06.383  2187  2187 I BadgeProvider: update, [UpdateCount] : 1
04-27 20:31:06.403  5429  8509 D PackageManager: setEnabledSetting : userId = 0 packageName = com.twitter.android cmp = androidx.work.impl.background.systemalarm.RescheduleReceiver newState = 1 callingPackage = 10083/com.twitter.android
04-27 20:31:06.404  5429  8509 D ApplicationPolicy: getApplicationStateEnabled : pkg = com.twitter.android userId : 0
04-27 20:31:06.405  5429  8509 D ApplicationPolicy: getApplicationComponentState : pkg = com.twitter.android userId : 0
04-27 20:31:06.462  4458  4518 W SQLiteLog: (28) double-quoted string literal: "0"
04-27 20:31:06.541  5429  5649 D PackageManager: setEnabledSetting : userId = 0 packageName = com.twitter.android cmp = androidx.work.impl.background.systemalarm.RescheduleReceiver newState = 1 callingPackage = 10083/com.twitter.android
04-27 20:31:06.542  2187  2187 I BadgeCountReceiver: badge intent : Intent { act=android.intent.action.BADGE_COUNT_UPDATE flg=0x1000010 cmp=com.sec.android.provider.badge/.BadgeCountReceiver (has extras) }
04-27 20:31:06.542  2187  2187 I BadgeCountReceiver: packageName: com.twitter.android, className: com.twitter.android.StartActivity, count: 2
04-27 20:31:06.543  5429  5649 D ApplicationPolicy: getApplicationStateEnabled : pkg = com.twitter.android userId : 0
04-27 20:31:06.544  5429  5649 D ApplicationPolicy: getApplicationComponentState : pkg = com.twitter.android userId : 0
04-27 20:31:06.552  6323  6323 I BadgeCountUpdaterImpl: onChange
04-27 20:31:06.556  6323  6323 I BadgeCountUpdaterImpl: onChange
04-27 20:31:06.558  2187  2187 I BadgeProvider: sendNotify entered. [uri] : content://com.sec.badge/apps
04-27 20:31:06.558  2187  2187 I BadgeProvider: sendNotify, [notify] : null
04-27 20:31:06.560  2187  2187 I BadgeProvider: update, getCallingPackage() : com.sec.android.provider.badge
04-27 20:31:06.560  2187  2187 I BadgeProvider: update, [uri] : content://com.sec.badge/apps
04-27 20:31:06.560  2187  2187 I BadgeProvider: update, [uri.query] : null
04-27 20:31:06.560  2187  2187 I BadgeProvider: update, [BadgeCount] : badgecount=2
04-27 20:31:06.560  2187  2187 I BadgeProvider: update, [UpdateCount] : 1
04-27 20:31:06.632  4458  4561 I WM-WorkerWrapper: Worker result SUCCESS for Work [ id=6a6fa52c-c0ad-4817-829d-8719aa3f78c6, tags={ com.twitter.permissions.PermissionReportingWorker } ]
04-27 20:31:06.685  4458  4530 V NativeCrypto: Registering com/google/android/gms/org/conscrypt/NativeCrypto's 295 native methods...
04-27 20:31:06.757  6323  6626 I BadgeCountUpdaterImpl: reload badge without refresh
04-27 20:31:06.764  5429  5488 W libprocessgroup: Failed to open /dev/blkio//cgroup.procs: No such file or directory
04-27 20:31:06.772  2187  3556 I BadgeProvider: query, [selection] : null
04-27 20:31:06.799  4458  4530 I ProviderInstaller: Installed default security provider GmsCore_OpenSSL
04-27 20:31:06.801  4458  4530 W twitter.android: Accessing hidden method Lcom/android/org/conscrypt/OpenSSLSocketImpl;->setAlpnProtocols([B)V (max-target-q,core-platform-api, reflection, denied)
04-27 20:31:06.801  6323  6626 I BadgeCache: update cache : com.vkontakte.android user : UserHandle{0}  count : 7
04-27 20:31:06.801  4458  4530 W twitter.android: Accessing hidden method Lcom/android/org/conscrypt/AbstractConscryptSocket;->setAlpnProtocols([B)V (max-target-q, reflection, denied)
04-27 20:31:06.801  4458  4530 W twitter.android: Accessing hidden method Lcom/android/org/conscrypt/OpenSSLSocketImpl;->setAlpnProtocols([B)V (max-target-q,core-platform-api, reflection, denied)
04-27 20:31:06.801  4458  4530 W twitter.android: Accessing hidden method Lcom/android/org/conscrypt/AbstractConscryptSocket;->setAlpnProtocols([B)V (max-target-q, reflection, denied)
04-27 20:31:06.802  4458  4530 W twitter.android: Accessing hidden method Lcom/android/org/conscrypt/OpenSSLSocketImpl;->setAlpnProtocols([B)V (max-target-q,core-platform-api, reflection, denied)
04-27 20:31:06.802  4458  4530 W twitter.android: Accessing hidden method Lcom/android/org/conscrypt/AbstractConscryptSocket;->setAlpnProtocols([B)V (max-target-q, reflection, denied)
04-27 20:31:06.802  4458  4530 W twitter.android: Accessing hidden method Lcom/android/org/conscrypt/OpenSSLSocketImpl;->setAlpnProtocols([B)V (max-target-q,core-platform-api, reflection, denied)
04-27 20:31:06.802  4458  4530 W twitter.android: Accessing hidden method Lcom/android/org/conscrypt/AbstractConscryptSocket;->setAlpnProtocols([B)V (max-target-q, reflection, denied)
04-27 20:31:06.803  4458  4530 W twitter.android: Accessing hidden method Lcom/android/org/conscrypt/OpenSSLSocketImpl;->setAlpnProtocols([B)V (max-target-q,core-platform-api, reflection, denied)
04-27 20:31:06.804  4458  4530 W twitter.android: Accessing hidden method Lcom/android/org/conscrypt/AbstractConscryptSocket;->setAlpnProtocols([B)V (max-target-q, reflection, denied)
04-27 20:31:06.804  4458  4530 W twitter.android: Accessing hidden method Lcom/android/org/conscrypt/OpenSSLSocketImpl;->setAlpnProtocols([B)V (max-target-q,core-platform-api, reflection, denied)
04-27 20:31:06.804  4458  4530 W twitter.android: Accessing hidden method Lcom/android/org/conscrypt/AbstractConscryptSocket;->setAlpnProtocols([B)V (max-target-q, reflection, denied)
04-27 20:31:06.805  4458  4530 W twitter.android: Accessing hidden method Lcom/android/org/conscrypt/OpenSSLSocketImpl;->setAlpnProtocols([B)V (max-target-q,core-platform-api, reflection, denied)
04-27 20:31:06.805  4458  4530 W twitter.android: Accessing hidden method Lcom/android/org/conscrypt/AbstractConscryptSocket;->setAlpnProtocols([B)V (max-target-q, reflection, denied)
04-27 20:31:06.805  4458  4530 W twitter.android: Accessing hidden method Lcom/android/org/conscrypt/OpenSSLSocketImpl;->setAlpnProtocols([B)V (max-target-q,core-platform-api, reflection, denied)
04-27 20:31:06.805  4458  4530 W twitter.android: Accessing hidden method Lcom/android/org/conscrypt/AbstractConscryptSocket;->setAlpnProtocols([B)V (max-target-q, reflection, denied)
04-27 20:31:06.806  4458  4530 W twitter.android: Accessing hidden method Lcom/android/org/conscrypt/OpenSSLSocketImpl;->setAlpnProtocols([B)V (max-target-q,core-platform-api, reflection, denied)
04-27 20:31:06.806  4458  4530 W twitter.android: Accessing hidden method Lcom/android/org/conscrypt/AbstractConscryptSocket;->setAlpnProtocols([B)V (max-target-q, reflection, denied)
04-27 20:31:06.807  4458  4530 W twitter.android: Accessing hidden method Lcom/android/org/conscrypt/OpenSSLSocketImpl;->setAlpnProtocols([B)V (max-target-q,core-platform-api, reflection, denied)
04-27 20:31:06.808  4458  4530 W twitter.android: Accessing hidden method Lcom/android/org/conscrypt/AbstractConscryptSocket;->setAlpnProtocols([B)V (max-target-q, reflection, denied)
04-27 20:31:06.808  4458  4530 W twitter.android: Accessing hidden method Lcom/android/org/conscrypt/OpenSSLSocketImpl;->setAlpnProtocols([B)V (max-target-q,core-platform-api, reflection, denied)
04-27 20:31:06.808  4458  4530 W twitter.android: Accessing hidden method Lcom/android/org/conscrypt/AbstractConscryptSocket;->setAlpnProtocols([B)V (max-target-q, reflection, denied)
04-27 20:31:06.809  4458  4530 W twitter.android: Accessing hidden method Lcom/android/org/conscrypt/OpenSSLSocketImpl;->setAlpnProtocols([B)V (max-target-q,core-platform-api, reflection, denied)
04-27 20:31:06.809  4458  4530 W twitter.android: Accessing hidden method Lcom/android/org/conscrypt/AbstractConscryptSocket;->setAlpnProtocols([B)V (max-target-q, reflection, denied)
04-27 20:31:06.810  4458  4530 W twitter.android: Accessing hidden method Lcom/android/org/conscrypt/OpenSSLSocketImpl;->setAlpnProtocols([B)V (max-target-q,core-platform-api, reflection, denied)
04-27 20:31:06.810  4458  4530 W twitter.android: Accessing hidden method Lcom/android/org/conscrypt/AbstractConscryptSocket;->setAlpnProtocols([B)V (max-target-q, reflection, denied)
04-27 20:31:06.810  4458  4530 W twitter.android: Accessing hidden method Lcom/android/org/conscrypt/OpenSSLSocketImpl;->setAlpnProtocols([B)V (max-target-q,core-platform-api, reflection, denied)
04-27 20:31:06.810  4458  4530 W twitter.android: Accessing hidden method Lcom/android/org/conscrypt/AbstractConscryptSocket;->setAlpnProtocols([B)V (max-target-q, reflection, denied)
04-27 20:31:06.816  6323  6626 I BadgeCache: update cache : com.twitter.android user : UserHandle{0}  count : 2
04-27 20:31:06.820  6323  6626 I BadgeCache: update cache : com.vkontakte.android user : UserHandle{0}  count : 1
04-27 20:31:06.827  6734  6734 D BoundBrokerSvc: onUnbind: Intent { act=com.google.android.gms.scheduler.ACTION_PROXY_SCHEDULE dat=chimera-action:/... cmp=com.google.android.gms/.chimera.PersistentApiService }
04-27 20:31:06.836  6323  6626 I BadgeCache: reloadBadge size : 2
04-27 20:31:06.998  4458  4580 W twitter.android: Long monitor contention with owner mainNetwork-core-Thread-0 (4530) at vbc yqj.a()(Twttr:14) waiters=0 in vbc yqj.b(xbc$a) for 584ms
04-27 20:31:07.049  4458  4530 D TrafficStats: tagSocket(145) with statsTag=0xffffffff, statsUid=-1
04-27 20:31:07.051  4458  4587 D TrafficStats: tagSocket(147) with statsTag=0xffffffff, statsUid=-1
04-27 20:31:07.052  4458  4580 D TrafficStats: tagSocket(149) with statsTag=0xffffffff, statsUid=-1
04-27 20:31:08.636  4458  4532 I WM-WorkerWrapper: Worker result SUCCESS for Work [ id=d258aa86-fa16-4727-85b9-1adf2f3e0730, tags={ com.twitter.repository.hashflags.HashflagRefreshWorker } ]
04-27 20:31:08.646  4458  4458 D ConnectivityManager: StackLog: [android.net.ConnectivityManager.unregisterNetworkCallback(ConnectivityManager.java:4863)] [hsh.c(Twttr:11)] [auh.e(Twttr:18)] [la6.b(Twttr:25)] [ha6.d(Twttr:81)] [s0w.d(Twttr:41)] [hsb.a(Twttr:72)] [zbk.a(Twttr:98)] [zbk$a.run(Twttr:19)]
04-27 20:31:08.648  5429  5665 D ConnectivityService:  Removing from current network [108 WIFI], leaving 151 requests.
04-27 20:31:08.652  5878  5878 D SecPowerUI.Notification: showChargingNotice oldChargingType : 11 / currentChargingType : 11, oldChargingTime : 2390000 / mChargingTime : 2390000
04-27 20:31:08.652  5878  5878 D SecPowerUI.Notification: There is no change about charging status, so return!
04-27 20:31:09.266  5429  7411 D SemWifiUsabilityStatsMonitor: onWifiUsabilityStats - seqNum 4094, isSameBssidAndFreq true
04-27 20:31:09.269  5429  5717 I SemWifiLinkQualityMonitor: Link Qos Query: 0.126 ms / 63.474 Mbps (72 / 0.000 / 1.134)
04-27 20:31:10.506  4458  4629 D ProfileInstaller: Installing profile for com.twitter.android
04-27 20:31:10.592  4113  4358 D CompatibilityChangeReporter: Compat change id reported: 150939131; UID 10309; state: ENABLED
04-27 20:31:11.251  4458  4644 D TrafficStats: tagSocket(151) with statsTag=0xffffffff, statsUid=-1
04-27 20:31:11.251  4458  4637 D TrafficStats: tagSocket(155) with statsTag=0xffffffff, statsUid=-1
04-27 20:31:11.253  4458  4636 D TrafficStats: tagSocket(156) with statsTag=0xffffffff, statsUid=-1
04-27 20:31:11.260  4458  4643 D TrafficStats: tagSocket(157) with statsTag=0xffffffff, statsUid=-1
04-27 20:31:11.287  5429  5751 D NetdEventListenerService: DNS Requested by : 108, 10083
04-27 20:31:11.288  5429  5751 D NetdEventListenerService: DNS Requested by : 108, 10083
04-27 20:31:11.288  5429  5751 D NetdEventListenerService: DNS Requested by : 108, 10083
04-27 20:31:11.289  5429  5751 D NetdEventListenerService: DNS Requested by : 108, 10083
04-27 20:31:12.298  5429  7411 D SemWifiUsabilityStatsMonitor: onWifiUsabilityStats - seqNum 4095, isSameBssidAndFreq true
04-27 20:31:12.303  5429  5717 I SemWifiLinkQualityMonitor: Link Qos Query: 0.123 ms / 64.800 Mbps (72 / 0.000 / 1.111)
04-27 20:31:13.631  5067  5067 E sehhealth-service: Could not open /sys/class/power_supply/battery/lrp
04-27 20:31:13.652  5429  5602 D MotionRecognitionService: [SAR]  onReceive : ACTION_BATTERY_CHANGED, Plugged: 2
04-27 20:31:13.655  5429  5429 D PhoneWindowManagerExt: ACTION_BATTERY_CHANGED - Level=77, status=2
04-27 20:31:13.672  5429  5429 D SemWifiApBroadcastReceiver: Received : android.intent.action.BATTERY_CHANGED
04-27 20:31:13.674  5787  5787 D SemBigDataInfoController: Intent: android.intent.action.BATTERY_CHANGED
04-27 20:31:13.676  5787  5787 D SemBigDataInfoController: Intent: android.intent.action.BATTERY_CHANGED
04-27 20:31:13.679  5878  5878 I PowerUI : mBootCompleted = true |  mFullyConnected = true
04-27 20:31:13.679  5878  5878 W PowerUI : Plug reason
04-27 20:31:13.679  5878  5878 W PowerUI : Skip charging animation - by plug status
04-27 20:31:13.680  5878  7763 D SecPowerUI.Notification: dismissing low battery warning: level=77
04-27 20:31:13.680  5878  5878 D PowerUI : priorPlugType = 2 mPlugType = 2 priorBatteryStatus = 2 mBatteryStatus = 2
04-27 20:31:13.680  5878  5878 W PowerUI : Plug reason
04-27 20:31:13.680  5878  5878 W PowerUI : Skip charging sound - by plug status
04-27 20:31:13.680  5878  5878 I PowerUI : oldMisalign : false, curMisalign : false
04-27 20:31:13.681  5878  7763 D SecPowerUI.Notification: updateNotification mWarning=false mPlaySound=false
04-27 20:31:13.682  5878  7763 D SecPowerUI.Notification: SecBatteryStatsSnapshot{batteryLevel=77, currentBatteryMode=0, chargingTime=2390000, chargingType=11, batteryHealth=2, automaticTestMode=false, isHiccupState=false}
