04-24 04:24:16.537 22345 22403 V SoLoader: libtwittermedia.so not found on /data/app/~~4xIqx-w-MVjQyUzL7uYorA==/com.twitter.android-qPcXj7LV5IKWdZ-762z0yA==/base.apk!/lib/arm64-v8a
04-24 04:24:16.537 22345 22403 V SoLoader: libtwittermedia.so not found on /data/app/~~4xIqx-w-MVjQyUzL7uYorA==/com.twitter.android-qPcXj7LV5IKWdZ-762z0yA==/split_config.xxhdpi.apk!/lib/arm64-v8a
04-24 04:24:16.537 22345 22403 V SoLoader: libtwittermedia.so not found on /data/app/~~4xIqx-w-MVjQyUzL7uYorA==/com.twitter.android-qPcXj7LV5IKWdZ-762z0yA==/split_config.en.apk!/lib/arm64-v8a
04-24 04:24:16.537 22345 22403 V SoLoader: libtwittermedia.so not found on /data/app/~~4xIqx-w-MVjQyUzL7uYorA==/com.twitter.android-qPcXj7LV5IKWdZ-762z0yA==/split_config.arm64_v8a.apk!/lib/arm64-v8a
04-24 04:24:16.537 22345 22403 V SoLoader: libtwittermedia.so not found on /data/app/~~4xIqx-w-MVjQyUzL7uYorA==/com.twitter.android-qPcXj7LV5IKWdZ-762z0yA==/split_config.ru.apk!/lib/arm64-v8a
04-24 04:24:16.537 22345 22403 V SoLoader: libtwittermedia.so not found on /data/app/~~4xIqx-w-MVjQyUzL7uYorA==/com.twitter.android-qPcXj7LV5IKWdZ-762z0yA==/split_config.xxhdpi.apk!/lib/arm64-v8a
04-24 04:24:16.537 22345 22403 V SoLoader: libtwittermedia.so not found on /data/app/~~4xIqx-w-MVjQyUzL7uYorA==/com.twitter.android-qPcXj7LV5IKWdZ-762z0yA==/split_config.ru.apk!/lib/arm64-v8a
04-24 04:24:16.537 22345 22403 V SoLoader: libtwittermedia.so not found on /data/app/~~4xIqx-w-MVjQyUzL7uYorA==/com.twitter.android-qPcXj7LV5IKWdZ-762z0yA==/split_config.en.apk!/lib/arm64-v8a
04-24 04:24:16.562 22345 22414 D nativeloader: Configuring classloader-namespace for other apk /system_ext/framework/org.carconnectivity.android.digitalkey.timesync.jar. target_sdk_version=33, uses_libraries=ALL, library_path=/data/app/~~fupSe7mT3TYRtpByrpi4GQ==/com.google.android.gms-bmnvTG7hLJarQuEcM9Lr_Q==/lib/arm64:/data/app/~~fupSe7mT3TYRtpByrpi4GQ==/com.google.android.gms-bmnvTG7hLJarQuEcM9Lr_Q==/base.apk!/lib/arm64-v8a, permitted_path=/data:/mnt/expand:/data/user/0/com.google.android.gms
04-24 04:24:16.562 22345 22414 D nativeloader: Extending system_exposed_libraries: libhumantracking.arcsoft.so:libPortraitDistortionCorrection.arcsoft.so:libPortraitDistortionCorrectionCali.arcsoft.so:libface_landmark.arcsoft.so:libFacialStickerEngine.arcsoft.so:libveengine.arcsoft.so:liblow_light_hdr.arcsoft.so:libhigh_dynamic_range.arcsoft.so:libFacialAttributeDetection.arcsoft.so:libBeauty_v4.camera.samsung.so:libexifa.camera.samsung.so:libjpega.camera.samsung.so:libOpenCv.camera.samsung.so:libImageScreener.camera.samsung.so:libMyFilter.camera.samsung.so:libtensorflowLite.myfilter.camera.samsung.so:libtensorflowlite_inference_api.myfilter.camera.samsung.so:libEventFinder.camera.samsung.so:libHIDTSnapJNI.camera.samsung.so:libSmartScan.camera.samsung.so:libRectify.camera.samsung.so:libDocRectifyWrapper.camera.samsung.so:libUltraWideDistortionCorrection.camera.samsung.so:libHpr_RecGAE_cvFeature_v1.0.camera.samsung.so:libHprFace_GAE_api.camera.samsung.so:libFace_Landmark_API.camera.samsung.so:libHprFace_GAE_jni.camera.samsung.so:libFacialBasedSelfieCorrec
04-24 04:24:16.572 22345 22405 W twitter.android: Long monitor contention with owner io-core-Thread-1 (22404) at java.lang.Object po8.get()(Twttr:68) waiters=0 in java.lang.Object po8.get() for 982ms
04-24 04:24:16.596 22345 22403 V SoLoader: liblog.so not found on /data/app/~~4xIqx-w-MVjQyUzL7uYorA==/com.twitter.android-qPcXj7LV5IKWdZ-762z0yA==/lib/arm64
04-24 04:24:16.597 22345 22403 V SoLoader: liblog.so not found on /data/app/~~4xIqx-w-MVjQyUzL7uYorA==/com.twitter.android-qPcXj7LV5IKWdZ-762z0yA==/base.apk!/lib/arm64-v8a
04-24 04:24:16.597 22345 22403 V SoLoader: liblog.so not found on /data/app/~~4xIqx-w-MVjQyUzL7uYorA==/com.twitter.android-qPcXj7LV5IKWdZ-762z0yA==/split_config.xxhdpi.apk!/lib/arm64-v8a
04-24 04:24:16.597 22345 22403 V SoLoader: liblog.so not found on /data/app/~~4xIqx-w-MVjQyUzL7uYorA==/com.twitter.android-qPcXj7LV5IKWdZ-762z0yA==/split_config.en.apk!/lib/arm64-v8a
04-24 04:24:16.597 22345 22403 V SoLoader: liblog.so not found on /data/app/~~4xIqx-w-MVjQyUzL7uYorA==/com.twitter.android-qPcXj7LV5IKWdZ-762z0yA==/split_config.arm64_v8a.apk!/lib/arm64-v8a
04-24 04:24:16.598 22345 22403 V SoLoader: liblog.so not found on /data/app/~~4xIqx-w-MVjQyUzL7uYorA==/com.twitter.android-qPcXj7LV5IKWdZ-762z0yA==/split_config.ru.apk!/lib/arm64-v8a
04-24 04:24:16.598 22345 22403 V SoLoader: liblog.so not found on /data/app/~~4xIqx-w-MVjQyUzL7uYorA==/com.twitter.android-qPcXj7LV5IKWdZ-762z0yA==/split_config.xxhdpi.apk!/lib/arm64-v8a
04-24 04:24:16.598 22345 22403 V SoLoader: liblog.so not found on /data/app/~~4xIqx-w-MVjQyUzL7uYorA==/com.twitter.android-qPcXj7LV5IKWdZ-762z0yA==/split_config.ru.apk!/lib/arm64-v8a
04-24 04:24:16.598 22345 22403 V SoLoader: liblog.so not found on /data/app/~~4xIqx-w-MVjQyUzL7uYorA==/com.twitter.android-qPcXj7LV5IKWdZ-762z0yA==/split_config.en.apk!/lib/arm64-v8a
04-24 04:24:16.598 22345 22403 V SoLoader: liblog.so not found on /data/app/~~4xIqx-w-MVjQyUzL7uYorA==/com.twitter.android-qPcXj7LV5IKWdZ-762z0yA==/split_config.arm64_v8a.apk!/lib/arm64-v8a
04-24 04:24:16.598 22345 22403 D SoLoader: liblog.so found on /system/lib64
04-24 04:24:16.598 22345 22403 D SoLoader: liblog.so loaded implicitly
04-24 04:24:16.599 22345 22403 V SoLoader: libGLESv2.so not found on /data/app/~~4xIqx-w-MVjQyUzL7uYorA==/com.twitter.android-qPcXj7LV5IKWdZ-762z0yA==/lib/arm64
04-24 04:24:16.599 22345 22403 V SoLoader: libGLESv2.so not found on /data/app/~~4xIqx-w-MVjQyUzL7uYorA==/com.twitter.android-qPcXj7LV5IKWdZ-762z0yA==/base.apk!/lib/arm64-v8a
04-24 04:24:16.599 22345 22403 V SoLoader: libGLESv2.so not found on /data/app/~~4xIqx-w-MVjQyUzL7uYorA==/com.twitter.android-qPcXj7LV5IKWdZ-762z0yA==/split_config.xxhdpi.apk!/lib/arm64-v8a
04-24 04:24:16.599 22345 22403 V SoLoader: libGLESv2.so not found on /data/app/~~4xIqx-w-MVjQyUzL7uYorA==/com.twitter.android-qPcXj7LV5IKWdZ-762z0yA==/split_config.en.apk!/lib/arm64-v8a
04-24 04:24:16.599 22345 22403 V SoLoader: libGLESv2.so not found on /data/app/~~4xIqx-w-MVjQyUzL7uYorA==/com.twitter.android-qPcXj7LV5IKWdZ-762z0yA==/split_config.arm64_v8a.apk!/lib/arm64-v8a
04-24 04:24:16.599 22345 22403 V SoLoader: libGLESv2.so not found on /data/app/~~4xIqx-w-MVjQyUzL7uYorA==/com.twitter.android-qPcXj7LV5IKWdZ-762z0yA==/split_config.ru.apk!/lib/arm64-v8a
04-24 04:24:16.599 22345 22403 V SoLoader: libGLESv2.so not found on /data/app/~~4xIqx-w-MVjQyUzL7uYorA==/com.twitter.android-qPcXj7LV5IKWdZ-762z0yA==/split_config.xxhdpi.apk!/lib/arm64-v8a
04-24 04:24:16.599 22345 22403 V SoLoader: libGLESv2.so not found on /data/app/~~4xIqx-w-MVjQyUzL7uYorA==/com.twitter.android-qPcXj7LV5IKWdZ-762z0yA==/split_config.ru.apk!/lib/arm64-v8a
04-24 04:24:16.600 22345 22403 V SoLoader: libGLESv2.so not found on /data/app/~~4xIqx-w-MVjQyUzL7uYorA==/com.twitter.android-qPcXj7LV5IKWdZ-762z0yA==/split_config.en.apk!/lib/arm64-v8a
04-24 04:24:16.600 22345 22403 V SoLoader: libGLESv2.so not found on /data/app/~~4xIqx-w-MVjQyUzL7uYorA==/com.twitter.android-qPcXj7LV5IKWdZ-762z0yA==/split_config.arm64_v8a.apk!/lib/arm64-v8a
04-24 04:24:16.600 22345 22403 D SoLoader: libGLESv2.so found on /system/lib64
04-24 04:24:16.600 22345 22403 D SoLoader: libGLESv2.so loaded implicitly
04-24 04:24:16.601 22345 22403 V SoLoader: libjnigraphics.so not found on /data/app/~~4xIqx-w-MVjQyUzL7uYorA==/com.twitter.android-qPcXj7LV5IKWdZ-762z0yA==/lib/arm64
04-24 04:24:16.602 22345 22406 W twitter.android: Long monitor contention with owner io-variable-Thread-0 (22405) at java.lang.Object po8.get()(Twttr:68) waiters=0 in java.lang.Object po8.get() for 449ms
04-24 04:24:16.628 22345 22403 V SoLoader: libjnigraphics.so not found on /data/app/~~4xIqx-w-MVjQyUzL7uYorA==/com.twitter.android-qPcXj7LV5IKWdZ-762z0yA==/base.apk!/lib/arm64-v8a
04-24 04:24:16.628 22345 22403 V SoLoader: libjnigraphics.so not found on /data/app/~~4xIqx-w-MVjQyUzL7uYorA==/com.twitter.android-qPcXj7LV5IKWdZ-762z0yA==/split_config.xxhdpi.apk!/lib/arm64-v8a
04-24 04:24:16.628 22345 22403 V SoLoader: libjnigraphics.so not found on /data/app/~~4xIqx-w-MVjQyUzL7uYorA==/com.twitter.android-qPcXj7LV5IKWdZ-762z0yA==/split_config.en.apk!/lib/arm64-v8a
04-24 04:24:16.628 22345 22403 V SoLoader: libjnigraphics.so not found on /data/app/~~4xIqx-w-MVjQyUzL7uYorA==/com.twitter.android-qPcXj7LV5IKWdZ-762z0yA==/split_config.arm64_v8a.apk!/lib/arm64-v8a
04-24 04:24:16.628 22345 22403 V SoLoader: libjnigraphics.so not found on /data/app/~~4xIqx-w-MVjQyUzL7uYorA==/com.twitter.android-qPcXj7LV5IKWdZ-762z0yA==/split_config.ru.apk!/lib/arm64-v8a
04-24 04:24:16.628 22345 22403 V SoLoader: libjnigraphics.so not found on /data/app/~~4xIqx-w-MVjQyUzL7uYorA==/com.twitter.android-qPcXj7LV5IKWdZ-762z0yA==/split_config.xxhdpi.apk!/lib/arm64-v8a
04-24 04:24:16.628 22345 22403 V SoLoader: libjnigraphics.so not found on /data/app/~~4xIqx-w-MVjQyUzL7uYorA==/com.twitter.android-qPcXj7LV5IKWdZ-762z0yA==/split_config.ru.apk!/lib/arm64-v8a
04-24 04:24:16.628 22345 22403 V SoLoader: libjnigraphics.so not found on /data/app/~~4xIqx-w-MVjQyUzL7uYorA==/com.twitter.android-qPcXj7LV5IKWdZ-762z0yA==/split_config.en.apk!/lib/arm64-v8a
04-24 04:24:16.628 22345 22403 V SoLoader: libjnigraphics.so not found on /data/app/~~4xIqx-w-MVjQyUzL7uYorA==/com.twitter.android-qPcXj7LV5IKWdZ-762z0yA==/split_config.arm64_v8a.apk!/lib/arm64-v8a
04-24 04:24:16.629 22345 22403 D SoLoader: libjnigraphics.so found on /system/lib64
04-24 04:24:16.629 22345 22403 D SoLoader: libjnigraphics.so loaded implicitly
04-24 04:24:16.629 22345 22403 V SoLoader: libz.so not found on /data/app/~~4xIqx-w-MVjQyUzL7uYorA==/com.twitter.android-qPcXj7LV5IKWdZ-762z0yA==/lib/arm64
04-24 04:24:16.630 22345 22403 V SoLoader: libz.so not found on /data/app/~~4xIqx-w-MVjQyUzL7uYorA==/com.twitter.android-qPcXj7LV5IKWdZ-762z0yA==/base.apk!/lib/arm64-v8a
04-24 04:24:16.630 22345 22403 V SoLoader: libz.so not found on /data/app/~~4xIqx-w-MVjQyUzL7uYorA==/com.twitter.android-qPcXj7LV5IKWdZ-762z0yA==/split_config.xxhdpi.apk!/lib/arm64-v8a
04-24 04:24:16.630 22345 22403 V SoLoader: libz.so not found on /data/app/~~4xIqx-w-MVjQyUzL7uYorA==/com.twitter.android-qPcXj7LV5IKWdZ-762z0yA==/split_config.en.apk!/lib/arm64-v8a
04-24 04:24:16.630 22345 22403 V SoLoader: libz.so not found on /data/app/~~4xIqx-w-MVjQyUzL7uYorA==/com.twitter.android-qPcXj7LV5IKWdZ-762z0yA==/split_config.arm64_v8a.apk!/lib/arm64-v8a
04-24 04:24:16.630 22345 22403 V SoLoader: libz.so not found on /data/app/~~4xIqx-w-MVjQyUzL7uYorA==/com.twitter.android-qPcXj7LV5IKWdZ-762z0yA==/split_config.ru.apk!/lib/arm64-v8a
04-24 04:24:16.630 22345 22403 V SoLoader: libz.so not found on /data/app/~~4xIqx-w-MVjQyUzL7uYorA==/com.twitter.android-qPcXj7LV5IKWdZ-762z0yA==/split_config.xxhdpi.apk!/lib/arm64-v8a
04-24 04:24:16.630 22345 22403 V SoLoader: libz.so not found on /data/app/~~4xIqx-w-MVjQyUzL7uYorA==/com.twitter.android-qPcXj7LV5IKWdZ-762z0yA==/split_config.ru.apk!/lib/arm64-v8a
04-24 04:24:16.630 22345 22403 V SoLoader: libz.so not found on /data/app/~~4xIqx-w-MVjQyUzL7uYorA==/com.twitter.android-qPcXj7LV5IKWdZ-762z0yA==/split_config.en.apk!/lib/arm64-v8a
04-24 04:24:16.630 22345 22403 V SoLoader: libz.so not found on /data/app/~~4xIqx-w-MVjQyUzL7uYorA==/com.twitter.android-qPcXj7LV5IKWdZ-762z0yA==/split_config.arm64_v8a.apk!/lib/arm64-v8a
04-24 04:24:16.630 22345 22403 D SoLoader: libz.so found on /system/lib64
04-24 04:24:16.631 22345 22403 D SoLoader: libz.so loaded implicitly
04-24 04:24:16.639 22345 22403 V SoLoader: libm.so not found on /data/app/~~4xIqx-w-MVjQyUzL7uYorA==/com.twitter.android-qPcXj7LV5IKWdZ-762z0yA==/lib/arm64
04-24 04:24:16.639 22345 22403 V SoLoader: libm.so not found on /data/app/~~4xIqx-w-MVjQyUzL7uYorA==/com.twitter.android-qPcXj7LV5IKWdZ-762z0yA==/base.apk!/lib/arm64-v8a
04-24 04:24:16.639 22345 22403 V SoLoader: libm.so not found on /data/app/~~4xIqx-w-MVjQyUzL7uYorA==/com.twitter.android-qPcXj7LV5IKWdZ-762z0yA==/split_config.xxhdpi.apk!/lib/arm64-v8a
04-24 04:24:16.639 22345 22403 V SoLoader: libm.so not found on /data/app/~~4xIqx-w-MVjQyUzL7uYorA==/com.twitter.android-qPcXj7LV5IKWdZ-762z0yA==/split_config.en.apk!/lib/arm64-v8a
04-24 04:24:16.669 22345 22403 V SoLoader: libm.so not found on /data/app/~~4xIqx-w-MVjQyUzL7uYorA==/com.twitter.android-qPcXj7LV5IKWdZ-762z0yA==/split_config.arm64_v8a.apk!/lib/arm64-v8a
04-24 04:24:16.670 22345 22403 V SoLoader: libm.so not found on /data/app/~~4xIqx-w-MVjQyUzL7uYorA==/com.twitter.android-qPcXj7LV5IKWdZ-762z0yA==/split_config.ru.apk!/lib/arm64-v8a
04-24 04:24:16.670 22345 22403 V SoLoader: libm.so not found on /data/app/~~4xIqx-w-MVjQyUzL7uYorA==/com.twitter.android-qPcXj7LV5IKWdZ-762z0yA==/split_config.xxhdpi.apk!/lib/arm64-v8a
04-24 04:24:16.670 22345 22403 V SoLoader: libm.so not found on /data/app/~~4xIqx-w-MVjQyUzL7uYorA==/com.twitter.android-qPcXj7LV5IKWdZ-762z0yA==/split_config.ru.apk!/lib/arm64-v8a
04-24 04:24:16.670 22345 22403 V SoLoader: libm.so not found on /data/app/~~4xIqx-w-MVjQyUzL7uYorA==/com.twitter.android-qPcXj7LV5IKWdZ-762z0yA==/split_config.en.apk!/lib/arm64-v8a
04-24 04:24:16.670 22345 22403 V SoLoader: libm.so not found on /data/app/~~4xIqx-w-MVjQyUzL7uYorA==/com.twitter.android-qPcXj7LV5IKWdZ-762z0yA==/split_config.arm64_v8a.apk!/lib/arm64-v8a
04-24 04:24:16.672 22345 22403 D SoLoader: libm.so found on /system/lib64
04-24 04:24:16.672 22345 22403 D SoLoader: libm.so loaded implicitly
04-24 04:24:16.678 22345 22403 V SoLoader: libdl.so not found on /data/app/~~4xIqx-w-MVjQyUzL7uYorA==/com.twitter.android-qPcXj7LV5IKWdZ-762z0yA==/lib/arm64
04-24 04:24:16.680 22345 22403 V SoLoader: libdl.so not found on /data/app/~~4xIqx-w-MVjQyUzL7uYorA==/com.twitter.android-qPcXj7LV5IKWdZ-762z0yA==/base.apk!/lib/arm64-v8a
04-24 04:24:16.680 22345 22403 V SoLoader: libdl.so not found on /data/app/~~4xIqx-w-MVjQyUzL7uYorA==/com.twitter.android-qPcXj7LV5IKWdZ-762z0yA==/split_config.xxhdpi.apk!/lib/arm64-v8a
04-24 04:24:16.680 22345 22403 V SoLoader: libdl.so not found on /data/app/~~4xIqx-w-MVjQyUzL7uYorA==/com.twitter.android-qPcXj7LV5IKWdZ-762z0yA==/split_config.en.apk!/lib/arm64-v8a
04-24 04:24:16.680 22345 22403 V SoLoader: libdl.so not found on /data/app/~~4xIqx-w-MVjQyUzL7uYorA==/com.twitter.android-qPcXj7LV5IKWdZ-762z0yA==/split_config.arm64_v8a.apk!/lib/arm64-v8a
04-24 04:24:16.680 22345 22403 V SoLoader: libdl.so not found on /data/app/~~4xIqx-w-MVjQyUzL7uYorA==/com.twitter.android-qPcXj7LV5IKWdZ-762z0yA==/split_config.ru.apk!/lib/arm64-v8a
04-24 04:24:16.680 22345 22403 V SoLoader: libdl.so not found on /data/app/~~4xIqx-w-MVjQyUzL7uYorA==/com.twitter.android-qPcXj7LV5IKWdZ-762z0yA==/split_config.xxhdpi.apk!/lib/arm64-v8a
04-24 04:24:16.680 22345 22403 V SoLoader: libdl.so not found on /data/app/~~4xIqx-w-MVjQyUzL7uYorA==/com.twitter.android-qPcXj7LV5IKWdZ-762z0yA==/split_config.ru.apk!/lib/arm64-v8a
04-24 04:24:16.680 22345 22403 V SoLoader: libdl.so not found on /data/app/~~4xIqx-w-MVjQyUzL7uYorA==/com.twitter.android-qPcXj7LV5IKWdZ-762z0yA==/split_config.en.apk!/lib/arm64-v8a
04-24 04:24:16.680 22345 22403 V SoLoader: libdl.so not found on /data/app/~~4xIqx-w-MVjQyUzL7uYorA==/com.twitter.android-qPcXj7LV5IKWdZ-762z0yA==/split_config.arm64_v8a.apk!/lib/arm64-v8a
04-24 04:24:16.681 22345 22403 D SoLoader: libdl.so found on /system/lib64
04-24 04:24:16.681 22345 22403 D SoLoader: libdl.so loaded implicitly
04-24 04:24:16.683 22345 22403 V SoLoader: libc.so not found on /data/app/~~4xIqx-w-MVjQyUzL7uYorA==/com.twitter.android-qPcXj7LV5IKWdZ-762z0yA==/lib/arm64
04-24 04:24:16.684 22345 22403 V SoLoader: libc.so not found on /data/app/~~4xIqx-w-MVjQyUzL7uYorA==/com.twitter.android-qPcXj7LV5IKWdZ-762z0yA==/base.apk!/lib/arm64-v8a
04-24 04:24:16.687 22345 22403 V SoLoader: libc.so not found on /data/app/~~4xIqx-w-MVjQyUzL7uYorA==/com.twitter.android-qPcXj7LV5IKWdZ-762z0yA==/split_config.xxhdpi.apk!/lib/arm64-v8a
04-24 04:24:16.687 22345 22403 V SoLoader: libc.so not found on /data/app/~~4xIqx-w-MVjQyUzL7uYorA==/com.twitter.android-qPcXj7LV5IKWdZ-762z0yA==/split_config.en.apk!/lib/arm64-v8a
04-24 04:24:16.687 22345 22403 V SoLoader: libc.so not found on /data/app/~~4xIqx-w-MVjQyUzL7uYorA==/com.twitter.android-qPcXj7LV5IKWdZ-762z0yA==/split_config.arm64_v8a.apk!/lib/arm64-v8a
04-24 04:24:16.687 22345 22403 V SoLoader: libc.so not found on /data/app/~~4xIqx-w-MVjQyUzL7uYorA==/com.twitter.android-qPcXj7LV5IKWdZ-762z0yA==/split_config.ru.apk!/lib/arm64-v8a
04-24 04:24:16.687 22345 22403 V SoLoader: libc.so not found on /data/app/~~4xIqx-w-MVjQyUzL7uYorA==/com.twitter.android-qPcXj7LV5IKWdZ-762z0yA==/split_config.xxhdpi.apk!/lib/arm64-v8a
04-24 04:24:16.687 22345 22403 V SoLoader: libc.so not found on /data/app/~~4xIqx-w-MVjQyUzL7uYorA==/com.twitter.android-qPcXj7LV5IKWdZ-762z0yA==/split_config.ru.apk!/lib/arm64-v8a
04-24 04:24:16.690 22345 22403 V SoLoader: libc.so not found on /data/app/~~4xIqx-w-MVjQyUzL7uYorA==/com.twitter.android-qPcXj7LV5IKWdZ-762z0yA==/split_config.en.apk!/lib/arm64-v8a
04-24 04:24:16.690 22345 22403 V SoLoader: libc.so not found on /data/app/~~4xIqx-w-MVjQyUzL7uYorA==/com.twitter.android-qPcXj7LV5IKWdZ-762z0yA==/split_config.arm64_v8a.apk!/lib/arm64-v8a
04-24 04:24:16.694 22345 22403 D SoLoader: libc.so found on /system/lib64
04-24 04:24:16.700 22345 22403 D SoLoader: libc.so loaded implicitly
04-24 04:24:16.758 21600 21612 I FontLog : Received query Noto Color Emoji Compat, URI content://com.google.android.gms.fonts [CONTEXT service_id=132 ]
04-24 04:24:16.762 21600 21612 I FontLog : Query [emojicompat-emoji-font] resolved to {Noto Color Emoji Compat, wdth 100.0, wght 400, ital 0.0, bestEffort false} [CONTEXT service_id=132 ]
04-24 04:24:16.776  5635  5714 W libprocessgroup: Failed to open /dev/blkio//cgroup.procs: No such file or directory
04-24 04:24:16.779  5635  5714 W libprocessgroup: Failed to open /dev/blkio//cgroup.procs: No such file or directory
04-24 04:24:16.780  5635  5714 W libprocessgroup: Failed to open /dev/blkio//cgroup.procs: No such file or directory
04-24 04:24:16.781 22345 22403 D SoLoader: libtwittermedia.so found on /data/app/~~4xIqx-w-MVjQyUzL7uYorA==/com.twitter.android-qPcXj7LV5IKWdZ-762z0yA==/split_config.arm64_v8a.apk!/lib/arm64-v8a
04-24 04:24:16.811 21600 21612 I FontLog : Fetch {Noto Color Emoji Compat, wdth 100.0, wght 400, ital 0.0, bestEffort false} end status Status{statusCode=SUCCESS, resolution=null} [CONTEXT service_id=132 ]
04-24 04:24:16.812 22345 22404 I SQLiteConnection: /data/user/0/com.twitter.android/databases/1384865963351363587-66.db-wal 1400832 bytes: Bigger than 1048576; truncating
04-24 04:24:16.825 21600 21612 I FontLog : Pulling font file for id = 139, cache size = 6 [CONTEXT service_id=132 ]
04-24 04:24:16.828 22345 22440 D ConnectivityManager: StackLog: [android.net.ConnectivityManager.sendRequestForNetwork(ConnectivityManager.java:4191)] [android.net.ConnectivityManager.registerDefaultNetworkCallbackForUid(ConnectivityManager.java:4755)] [android.net.ConnectivityManager.registerDefaultNetworkCallback(ConnectivityManager.java:4722)] [android.net.ConnectivityManager.registerDefaultNetworkCallback(ConnectivityManager.java:4696)] [xn0.c(Twttr:1)] [frh.a(Twttr:11)] [tsh.d(Twttr:18)] [x96.d(Twttr:155)] [mzv.d(Twttr:41)] [orb.d(Twttr:360)] [stn.a(Twttr:164)] [pdi.Z(Twttr:84)] [n1w.run(Twttr:212)] [zlo$a.run(Twttr:3)] [java.util.concurrent.ThreadPoolExecutor.runWorker(ThreadPoolExecutor.java:1137)] [java.util.concurrent.ThreadPoolExecutor$Worker.run(ThreadPoolExecutor.java:637)] [java.lang.Thread.run(Thread.java:1012)]
04-24 04:24:16.832  5635  5987 D ConnectivityService: requestNetwork for uid/pid:10083/22345 activeRequest: null callbackRequest: 8759 [NetworkRequest [ REQUEST id=8760, [ Capabilities: INTERNET&NOT_RESTRICTED&TRUSTED&NOT_VCN_MANAGED Uid: 10083 RequestorUid: 10083 RequestorPkg: com.twitter.android UnderlyingNetworks: Null] ]] callback flags: 0 order: 2147483647
04-24 04:24:16.834  5635  6162 D ConnectivityService:    accepting network in place of null
04-24 04:24:16.847  5635  6124 D WifiNetworkFactory: got request NetworkRequest [ REQUEST id=8760, [ Capabilities: INTERNET&NOT_RESTRICTED&TRUSTED&NOT_VCN_MANAGED Uid: 10083 RequestorUid: 10083 RequestorPkg: com.twitter.android UnderlyingNetworks: Null] ]
04-24 04:24:16.847 21600 21612 I FontLog : Pulling font file for id = 139, cache size = 6 [CONTEXT service_id=132 ]
04-24 04:24:16.848  5635  6124 D UntrustedWifiNetworkFactory: got request NetworkRequest [ REQUEST id=8760, [ Capabilities: INTERNET&NOT_RESTRICTED&TRUSTED&NOT_VCN_MANAGED Uid: 10083 RequestorUid: 10083 RequestorPkg: com.twitter.android UnderlyingNetworks: Null] ]
04-24 04:24:16.852  5635  6124 D OemPaidWifiNetworkFactory: got request NetworkRequest [ REQUEST id=8760, [ Capabilities: INTERNET&NOT_RESTRICTED&TRUSTED&NOT_VCN_MANAGED Uid: 10083 RequestorUid: 10083 RequestorPkg: com.twitter.android UnderlyingNetworks: Null] ]
04-24 04:24:16.852  5635  6162 D ConnectivityService: Rematched networks [computed 0ms] [applied 2ms] [issued 16]
04-24 04:24:16.852  5635  6124 D MultiInternetWifiNetworkFactory: got request NetworkRequest [ REQUEST id=8760, [ Capabilities: INTERNET&NOT_RESTRICTED&TRUSTED&NOT_VCN_MANAGED Uid: 10083 RequestorUid: 10083 RequestorPkg: com.twitter.android UnderlyingNetworks: Null] ]
04-24 04:24:16.854  5635  6162 D ConnectivityService: NetworkReassignment :
04-24 04:24:16.854  5635  6162 D ConnectivityService:   8760 : null  100
04-24 04:24:16.963  5635  5987 D PackageManager: setEnabledSetting : userId = 0 packageName = com.twitter.android cmp = androidx.work.impl.background.systemalarm.RescheduleReceiver newState = 1 callingPackage = 10083/com.twitter.android
04-24 04:24:16.966  5635  5987 D ApplicationPolicy: getApplicationStateEnabled : pkg = com.twitter.android userId : 0
04-24 04:24:16.969  5635  5987 D ApplicationPolicy: getApplicationComponentState : pkg = com.twitter.android userId : 0
04-24 04:24:16.994 22345 22414 D nativeloader: Configuring classloader-namespace for other apk /data/app/~~fupSe7mT3TYRtpByrpi4GQ==/com.google.android.gms-bmnvTG7hLJarQuEcM9Lr_Q==/base.apk. target_sdk_version=33, uses_libraries=, library_path=/data/app/~~fupSe7mT3TYRtpByrpi4GQ==/com.google.android.gms-bmnvTG7hLJarQuEcM9Lr_Q==/lib/arm64:/data/app/~~fupSe7mT3TYRtpByrpi4GQ==/com.google.android.gms-bmnvTG7hLJarQuEcM9Lr_Q==/base.apk!/lib/arm64-v8a, permitted_path=/data:/mnt/expand:/data/user/0/com.google.android.gms
04-24 04:24:17.153 22345 22404 W SQLiteLog: (28) double-quoted string literal: "0"
04-24 04:24:17.205  5635  8482 D PackageManager: setEnabledSetting : userId = 0 packageName = com.twitter.android cmp = androidx.work.impl.background.systemalarm.RescheduleReceiver newState = 1 callingPackage = 10083/com.twitter.android
04-24 04:24:17.209 21675 21675 I BadgeCountReceiver: badge intent : Intent { act=android.intent.action.BADGE_COUNT_UPDATE flg=0x1000010 cmp=com.sec.android.provider.badge/.BadgeCountReceiver (has extras) }
04-24 04:24:17.210 21675 21675 I BadgeCountReceiver: packageName: com.twitter.android, className: com.twitter.android.StartActivity, count: 1
04-24 04:24:17.215  5635  8482 D ApplicationPolicy: getApplicationStateEnabled : pkg = com.twitter.android userId : 0
04-24 04:24:17.216  5635  8482 D ApplicationPolicy: getApplicationComponentState : pkg = com.twitter.android userId : 0
04-24 04:24:17.219  6839  6839 I BadgeCountUpdaterImpl: onChange
04-24 04:24:17.224  6839  6839 I BadgeCountUpdaterImpl: onChange
04-24 04:24:17.227 21675 21675 I BadgeProvider: sendNotify entered. [uri] : content://com.sec.badge/apps
04-24 04:24:17.228 21675 21675 I BadgeProvider: sendNotify, [notify] : null
04-24 04:24:17.229 21675 21675 I BadgeProvider: update, getCallingPackage() : com.sec.android.provider.badge
04-24 04:24:17.230 21675 21675 I BadgeProvider: update, [uri] : content://com.sec.badge/apps
04-24 04:24:17.230 21675 21675 I BadgeProvider: update, [uri.query] : null
04-24 04:24:17.230 21675 21675 I BadgeProvider: update, [BadgeCount] : badgecount=1
04-24 04:24:17.230 21675 21675 I BadgeProvider: update, [UpdateCount] : 1
04-24 04:24:17.331 22345 22414 V NativeCrypto: Registering com/google/android/gms/org/conscrypt/NativeCrypto's 295 native methods...
04-24 04:24:17.425  6839  7132 I BadgeCountUpdaterImpl: reload badge without refresh
04-24 04:24:17.429  5635  5714 W libprocessgroup: Failed to open /dev/blkio//cgroup.procs: No such file or directory
04-24 04:24:17.444 21675 21688 I BadgeProvider: query, [selection] : null
04-24 04:24:17.455 22345 22414 I ProviderInstaller: Installed default security provider GmsCore_OpenSSL
04-24 04:24:17.461 22345 22414 W twitter.android: Accessing hidden method Lcom/android/org/conscrypt/OpenSSLSocketImpl;->setAlpnProtocols([B)V (max-target-q,core-platform-api, reflection, denied)
04-24 04:24:17.461 22345 22414 W twitter.android: Accessing hidden method Lcom/android/org/conscrypt/AbstractConscryptSocket;->setAlpnProtocols([B)V (max-target-q, reflection, denied)
04-24 04:24:17.462 22345 22414 W twitter.android: Accessing hidden method Lcom/android/org/conscrypt/OpenSSLSocketImpl;->setAlpnProtocols([B)V (max-target-q,core-platform-api, reflection, denied)
04-24 04:24:17.462 22345 22414 W twitter.android: Accessing hidden method Lcom/android/org/conscrypt/AbstractConscryptSocket;->setAlpnProtocols([B)V (max-target-q, reflection, denied)
04-24 04:24:17.462 22345 22414 W twitter.android: Accessing hidden method Lcom/android/org/conscrypt/OpenSSLSocketImpl;->setAlpnProtocols([B)V (max-target-q,core-platform-api, reflection, denied)
04-24 04:24:17.462 22345 22414 W twitter.android: Accessing hidden method Lcom/android/org/conscrypt/AbstractConscryptSocket;->setAlpnProtocols([B)V (max-target-q, reflection, denied)
04-24 04:24:17.463 22345 22414 W twitter.android: Accessing hidden method Lcom/android/org/conscrypt/OpenSSLSocketImpl;->setAlpnProtocols([B)V (max-target-q,core-platform-api, reflection, denied)
04-24 04:24:17.463 22345 22414 W twitter.android: Accessing hidden method Lcom/android/org/conscrypt/AbstractConscryptSocket;->setAlpnProtocols([B)V (max-target-q, reflection, denied)
04-24 04:24:17.463 22345 22414 W twitter.android: Accessing hidden method Lcom/android/org/conscrypt/OpenSSLSocketImpl;->setAlpnProtocols([B)V (max-target-q,core-platform-api, reflection, denied)
04-24 04:24:17.464 22345 22414 W twitter.android: Accessing hidden method Lcom/android/org/conscrypt/AbstractConscryptSocket;->setAlpnProtocols([B)V (max-target-q, reflection, denied)
04-24 04:24:17.464 22345 22414 W twitter.android: Accessing hidden method Lcom/android/org/conscrypt/OpenSSLSocketImpl;->setAlpnProtocols([B)V (max-target-q,core-platform-api, reflection, denied)
04-24 04:24:17.464 22345 22414 W twitter.android: Accessing hidden method Lcom/android/org/conscrypt/AbstractConscryptSocket;->setAlpnProtocols([B)V (max-target-q, reflection, denied)
04-24 04:24:17.465 22345 22414 W twitter.android: Accessing hidden method Lcom/android/org/conscrypt/OpenSSLSocketImpl;->setAlpnProtocols([B)V (max-target-q,core-platform-api, reflection, denied)
04-24 04:24:17.465 22345 22414 W twitter.android: Accessing hidden method Lcom/android/org/conscrypt/AbstractConscryptSocket;->setAlpnProtocols([B)V (max-target-q, reflection, denied)
04-24 04:24:17.465 22345 22414 W twitter.android: Accessing hidden method Lcom/android/org/conscrypt/OpenSSLSocketImpl;->setAlpnProtocols([B)V (max-target-q,core-platform-api, reflection, denied)
04-24 04:24:17.465 22345 22414 W twitter.android: Accessing hidden method Lcom/android/org/conscrypt/AbstractConscryptSocket;->setAlpnProtocols([B)V (max-target-q, reflection, denied)
04-24 04:24:17.466 22345 22414 W twitter.android: Accessing hidden method Lcom/android/org/conscrypt/OpenSSLSocketImpl;->setAlpnProtocols([B)V (max-target-q,core-platform-api, reflection, denied)
04-24 04:24:17.466 22345 22414 W twitter.android: Accessing hidden method Lcom/android/org/conscrypt/AbstractConscryptSocket;->setAlpnProtocols([B)V (max-target-q, reflection, denied)
04-24 04:24:17.466 22345 22414 W twitter.android: Accessing hidden method Lcom/android/org/conscrypt/OpenSSLSocketImpl;->setAlpnProtocols([B)V (max-target-q,core-platform-api, reflection, denied)
04-24 04:24:17.466 22345 22414 W twitter.android: Accessing hidden method Lcom/android/org/conscrypt/AbstractConscryptSocket;->setAlpnProtocols([B)V (max-target-q, reflection, denied)
04-24 04:24:17.467 22345 22414 W twitter.android: Accessing hidden method Lcom/android/org/conscrypt/OpenSSLSocketImpl;->setAlpnProtocols([B)V (max-target-q,core-platform-api, reflection, denied)
04-24 04:24:17.467 22345 22414 W twitter.android: Accessing hidden method Lcom/android/org/conscrypt/AbstractConscryptSocket;->setAlpnProtocols([B)V (max-target-q, reflection, denied)
04-24 04:24:17.467 22345 22414 W twitter.android: Accessing hidden method Lcom/android/org/conscrypt/OpenSSLSocketImpl;->setAlpnProtocols([B)V (max-target-q,core-platform-api, reflection, denied)
04-24 04:24:17.468 22345 22414 W twitter.android: Accessing hidden method Lcom/android/org/conscrypt/AbstractConscryptSocket;->setAlpnProtocols([B)V (max-target-q, reflection, denied)
04-24 04:24:17.468 22345 22414 W twitter.android: Accessing hidden method Lcom/android/org/conscrypt/OpenSSLSocketImpl;->setAlpnProtocols([B)V (max-target-q,core-platform-api, reflection, denied)
04-24 04:24:17.469 22345 22414 W twitter.android: Accessing hidden method Lcom/android/org/conscrypt/AbstractConscryptSocket;->setAlpnProtocols([B)V (max-target-q, reflection, denied)
04-24 04:24:17.469 22345 22414 W twitter.android: Accessing hidden method Lcom/android/org/conscrypt/OpenSSLSocketImpl;->setAlpnProtocols([B)V (max-target-q,core-platform-api, reflection, denied)
04-24 04:24:17.469 22345 22414 W twitter.android: Accessing hidden method Lcom/android/org/conscrypt/AbstractConscryptSocket;->setAlpnProtocols([B)V (max-target-q, reflection, denied)
04-24 04:24:17.470  6839  7132 I BadgeCache: update cache : com.vkontakte.android user : UserHandle{0}  count : 7
04-24 04:24:17.482  6839  7132 I BadgeCache: update cache : com.vkontakte.android user : UserHandle{0}  count : 1
04-24 04:24:17.490  6839  7132 I BadgeCache: reloadBadge size : 1
04-24 04:24:17.747 22345 22457 W twitter.android: Long monitor contention with owner mainNetwork-core-Thread-0 (22414) at dbc npj.a()(Twttr:14) waiters=0 in dbc npj.b(fbc$a) for 774ms
04-24 04:24:17.819  5635  6660 D TelephonyManager: requestModemActivityInfo: Sending result to app: ModemActivityInfo{ mTimestamp=155040372 mSleepTimeMs=29505774 mIdleTimeMs=8260847 mActivityStatsTechSpecificInfo=[{mRat=UNKNOWN,mFrequencyRange=UNKNOWN,mTxTimeMs[]=[38825, 33682, 22209, 346, 136345],mRxTimeMs=83525227}]}
04-24 04:24:17.832 22345 22414 D TrafficStats: tagSocket(148) with statsTag=0xffffffff, statsUid=-1
04-24 04:24:17.832 22345 22406 D TrafficStats: tagSocket(147) with statsTag=0xffffffff, statsUid=-1
04-24 04:24:17.834 22345 22463 D TrafficStats: tagSocket(151) with statsTag=0xffffffff, statsUid=-1
04-24 04:24:17.837 22345 22457 D TrafficStats: tagSocket(153) with statsTag=0xffffffff, statsUid=-1
04-24 04:24:17.925  5272  5272 E sehhealth-service: Could not open /sys/class/power_supply/battery/lrp
04-24 04:24:17.994  7192  7240 I GmsPassiveListener_FLP: onGmsLocationChanged, provider=fused / speed=0.0 / time=1682303057906 / elapsed=155040462000000
04-24 04:24:18.006  5635  5987 V LocationManagerService: passive provider registration 5023/com.samsung.android.networkdiagnostic/4FDF9C6D dropped delivery - too close
04-24 04:24:18.007  5635  5987 V LocationManagerService: passive provider registration 1000/android[SensorNotificationService]/79F70BEC dropped delivery - too close
04-24 04:24:18.009  5635  6549 D SLocation: PositionManager - PassiveonLocationChanged fused 1682303057906
04-24 04:24:18.010  5635  6549 W SLocation: PositionManager - do not refresh last location about fused location
04-24 04:24:18.010  5635  6549 D SLocation: ARDistanceBigData - BIGDATA ARD - receive location
04-24 04:24:18.030  5635  6549 D SLocation: ARDistanceLibManager - request distance diff to AR Distance Library
04-24 04:24:18.030  5635  6549 D SLocation: SLocationCoreSem - send to coreSem, packet length : 1 / [34]
04-24 04:24:18.030  5635  6549 D SemContextLocationCoreAttribute: setAttribute() mode : 0 action : 23
04-24 04:24:18.030  5635  6549 D SemContextService: lock : changeParameters
04-24 04:24:18.031  5635  6549 D SemContext.CaeProvider.LocationCoreImpl: setAttribute() mode : 0 action : 23
04-24 04:24:18.052  5635  6549 W CAE     : setCAProperty(ContextAwareService.java:513) - [setProperty 01] Mutex is locked for SLOCATION_RUNNER
04-24 04:24:18.053  5635  6549 I CAE     : setPropertyValue(SLocationRunner.java:116) - SLocationRunner setProperty header : 34, len : 1
04-24 04:24:18.054  5635  6549 I CAE     : sendCmdToSensorHub(SensorHubCommManager.java:156) - -63, 23, 55, 34,
04-24 04:24:18.057  5635  5841 D SensorService: setSContextDataLocked ints length 2 , byte length 4
04-24 04:24:18.057  5635  5841 D SensorService: setSContextDataLocked 223717c1
04-24 04:24:18.059  5262  5262 I SensorsHub: SContextSensor::injecet_sensor_data
04-24 04:24:18.061  5262  5262 D SensorsHub: c1 17 37 22
04-24 04:24:18.061  5262  5262 D SensorsHub: inject_scontext_data: New ssp_data_injection_fd(28)
04-24 04:24:18.061  5262  5262 D SensorsHub: SContext Data Injection return 4
04-24 04:24:18.062  5262  5343 I SensorsHub: context 38 0 37 1,1,55,0,33,33,0,0,0,0,23,88,175,29,64,220,186,0,26,183,24,64,12,50,8,80,0,0,0,32,0,130,122,88,0,0,0,83, 155040617087981
04-24 04:24:18.062  5262  5343 I SensorsHub: context 10 0 9 1,1,55,0,5,2,34,0,0,0, 155040617258558
04-24 04:24:18.066  5635  5838 D SensorHubManager: onGetSensorHubDataLocked: library(38) = 1, 1, 55, 0, 33, 33, 0, 0, 0, 0, 23, 88, -81, 29, 64, -36, -70, 0, 26, -73, 24, 64, 12, 50, 8, 80, 0, 0, 0, 32, 0, -126, 122, 88, 0, 0, 0, 83
04-24 04:24:18.067  5635  5838 D SensorHubManager: onGetSensorHubDataLocked: library(10) = 1, 1, 55, 0, 5, 2, 34, 0, 0, 0
04-24 04:24:18.067  5635  5839 D CAE     : onGetSensorHubData(SensorHubParserProvider.java:89) - onGetSensorHubData Event [event buffer len :38], AP_WAKEUP
04-24 04:24:18.067  5635  5839 I CAE     : parse(SensorHubParserProvider.java:190) - buffer size = 38
04-24 04:24:18.068  5635  5839 I CAE     : parse(SensorHubParserProvider.java:201) - 1, 1, 55, 0, 33, 33, 0, 0, 0, 0, 23, 88, -81, 29, 64, -36, -70, 0, 26, -73, 24, 64, 12, 50, 8, 80, 0, 0, 0, 32, 0, -126, 122, 88, 0, 0, 0, 83,
04-24 04:24:18.068  5635  5839 I CAE     : parse(SLocationRunner.java:88) - SLocationRunner parse start : 3
04-24 04:24:18.069  5635  5839 D CAE     : display(ContextProvider.java:375) - ================= SLOCATION_RUNNER =================
04-24 04:24:18.069  5635  6549 W CAE     : setCAProperty(ContextAwareService.java:519) - [setProperty 02] Mutex is unlocked for SLOCATION_RUNNER
04-24 04:24:18.069  5635  6549 D SemContextService: unlock : changeParameters
04-24 04:24:18.069  5635  6549 D SemContextManager:   .changeParameters : listener = com.samsung.android.location.semcontext.a@1cb5071, service=SLocation Core
04-24 04:24:18.070  5635  6549 D SLocation: PositionManager - receive fused location
04-24 04:24:18.070  5635  5839 I CAE     : display(ContextProvider.java:391) - ExtraDataArray=[1, 1, 55, 0, 33, 33, 0, 0, 0, 0, 23, 88, -81, 29, 64, -36, -70, 0, 26, -73, 24, 64, 12, 50, 8, 80, 0, 0, 0, 32, 0, -126, 122, 88, 0, 0, 0, 83]
04-24 04:24:18.071  5635  5839 I CAE     : parse(SLocationRunner.java:96) - SLocationRunner parse end:38
04-24 04:24:18.071  5635  5839 D CAE     : onGetSensorHubData(SensorHubParserProvider.java:89) - onGetSensorHubData Event [event buffer len :10], AP_WAKEUP
04-24 04:24:18.072  5635  5839 I CAE     : parse(SensorHubParserProvider.java:190) - buffer size = 10
04-24 04:24:18.072  5635  5836 D SemContextService: Service.updateContext() : service = SLocation Core
04-24 04:24:18.072  5635  5839 I CAE     : parse(SensorHubParserProvider.java:201) - 1, 1, 55, 0, 5, 2, 34, 0, 0, 0,
04-24 04:24:18.072  5635  5839 I CAE     : parse(SLocationRunner.java:88) - SLocationRunner parse start : 3
04-24 04:24:18.073  5635  5839 D CAE     : display(ContextProvider.java:375) - ================= SLOCATION_RUNNER =================
04-24 04:24:18.073  5635  5839 I CAE     : display(ContextProvider.java:391) - ExtraDataArray=[1, 1, 55, 0, 5, 2, 34, 0, 0, 0]
04-24 04:24:18.073  5635  5635 D SemContextManager: onSemContextChanged() : event = SLocation Core
04-24 04:24:18.074  5635  5635 D SLocation: SLocationCoreSem - SemContextChanged type = 47, packet received
04-24 04:24:18.075  5635  5836 D SemContextService: Service.updateContext() : service = SLocation Core
04-24 04:24:18.075  5635  6549 I SLocation: SemContextParser -  parse start : 3
04-24 04:24:18.075  5635  6549 I SLocation: SemContextParser -  packet Length : 33packet total size : 38
04-24 04:24:18.076  5635  6549 I SLocation: SemContextParser - packet : [33, 0, 0, 0, 0, 23, 88, -81, 29, 64, -36, -70, 0, 26, -73, 24, 64, 12, 50, 8, 80, 0, 0, 0, 32, 0, -126, 122, 88, 0, 0, 0, 83]
04-24 04:24:18.076  5635  6549 D SLocation: GeofenceCoreManager - received Extra Data from core, len : 33
04-24 04:24:18.076  5635  6549 D SLocation: ARDistanceGetARDistance - convertSensorHubTimeToElapsedTime 1682285318851982555
04-24 04:24:18.076  5635  6549 D SLocation: ARDistanceGetARDistance - invalid location time from core pvt 1682285318851982555, do not use distance info
04-24 04:24:18.076  5635  5635 D SemContextManager: onSemContextChanged() : event = SLocation Core
04-24 04:24:18.076  5635  5635 D SLocation: SLocationCoreSem - SemContextChanged type = 47, packet received
04-24 04:24:18.076  5635  6549 D SLocation: CommonCoreManager - received Extra Data from core, len : 33
04-24 04:24:18.076  5635  6549 I SLocation: SemContextParser -  parse start : 3
04-24 04:24:18.076  5635  6549 I SLocation: SemContextParser -  packet Length : 5packet total size : 10
04-24 04:24:18.077  5635  6549 I SLocation: SemContextParser - packet : [2, 34, 0, 0, 0]
04-24 04:24:18.077  5635  6549 D SLocation: GeofenceCoreManager - received Extra Data from core, len : 5
04-24 04:24:18.077  5635  6549 D SLocation: GeofenceCoreManager - handleCommandCallback - UNKNOWN_CALLBACK 34 SUCCESS
04-24 04:24:18.077  5635  6549 D SLocation: ARDistanceLibManager - command callback received - CURRENT_LOCATION_REQUEST_DISTANCE ERROR CODE : ERROR_NONE
04-24 04:24:18.077  5635  6549 D SLocation: CommonCoreManager - received Extra Data from core, len : 5
04-24 04:24:18.079  5635  5839 I CAE     : parse(SLocationRunner.java:96) - SLocationRunner parse end:10
04-24 04:24:18.153  6374  6652 D MobileStatusTracker(1/2): onDataActivity: direction=3
04-24 04:24:18.161  6374  6652 D MobileSignalController(1/2): notifyListener: enabled=true, connected=true, dataConnected=true, networkType=LTE/LTE_CA (4G+), emergencyOnly=false, roaming=false, isDefault=true, dataActivity=inout, level=3, ca=true, mmWave=false, disabledDataIcon=false, simCard=ETC
04-24 04:24:18.188 21600 22475 I GCoreUlr: Successfully inserted 1 locations
04-24 04:24:18.227 21331 21358 D Benchmark: timeNs[ 0:10]: 47438 45796 47479 44029 44696 44963 46534 44444 45606 44617
04-24 04:24:18.227 21331 21358 D Benchmark: timeNs[10:20]: 43538 45341 42686 45351 43448 47280 44835 45778 48360 47011
04-24 04:24:18.227 21331 21358 D Benchmark: timeNs[20:30]: 50290 53005 42758 42864 41057 43696 40386 44111 41853 43189
04-24 04:24:18.227 21331 21358 D Benchmark: timeNs[30:40]: 42597 42328 45499 43787 42757 42817 43733 43408 44511 40972
04-24 04:24:18.228 21331 21358 D Benchmark: timeNs[40:50]: 46281 41766 42317 40832 45361 46967 49571 47080 48963 45874
04-24 04:24:18.339 21600 20794 I SemanticLocation: [Inferrer] IncrementalTimelineInferrer.predict() logs:
04-24 04:24:18.339 21600 20794 I SemanticLocation: Timeline Paths Enabled! Start Computing the timeline paths.
04-24 04:24:18.339 21600 20794 I SemanticLocation:
04-24 04:24:18.339 21600 20794 I SemanticLocation: [CONTEXT service_id=173 ]
04-24 04:24:18.883 21331 21358 W _benchmark.test: Suspending all threads took: 10.554ms
04-24 04:24:18.920  8329  9792 W BistoGattHelper: (REDACTED) [%s] GATT already released after un-subscribing, doing nothing.
04-24 04:24:18.927 22345 22403 W System.err: SLF4J: Failed to load class "org.slf4j.impl.StaticLoggerBinder".
04-24 04:24:18.927 22345 22403 W System.err: SLF4J: Defaulting to no-operation (NOP) logger implementation
04-24 04:24:18.927 22345 22403 W System.err: SLF4J: See http://www.slf4j.org/codes.html#StaticLoggerBinder for further details.
04-24 04:24:19.047 21331 21358 D Benchmark: allocationCount[ 0:10]: 931 930 930 930 930
04-24 04:24:19.047 21331 21358 D Benchmark: Set 21358 (Bench thread) to priority -8. Was -20, now -8
04-24 04:24:19.047 21331 21358 D Benchmark: Set 21342 (Jit) to priority 9. Was -15, now 9
04-24 04:24:19.047 21331 21358 D Benchmark: Warmup: t=0.397, iter=5758, fastAvg=54443, slowAvg=54206
04-24 04:24:19.048 21331 21358 I PerfettoCapture: Stopping perfetto.
04-24 04:24:19.094 22329 22329 I perfetto:    perfetto_cmd.cc:1168 SIGINT/SIGTERM received: disabling tracing.
04-24 04:24:19.098 21331 21358 D Benchmark: kill -TERM command output -
04-24 04:24:19.108  5403  5403 I perfetto:  probes_producer.cc:396 Producer stop (id=193)
04-24 04:24:19.110  5403  5403 I perfetto:    ftrace_procfs.cc:342 disabled ftrace in /sys/kernel/tracing/
04-24 04:24:19.176  4388  4388 I hwservicemanager: getTransport: Cannot find entry android.hardware.atrace@1.0::IAtraceDevice/default in either framework or device VINTF manifest.
04-24 04:24:19.178 28208 22497 I GmscoreIpa: Starting mediastore instant index [CONTEXT service_id=255 ]
04-24 04:24:19.183  5403  5403 I perfetto:  probes_producer.cc:396 Producer stop (id=194)
04-24 04:24:19.183  5403  5403 I perfetto:  probes_producer.cc:396 Producer stop (id=195)
04-24 04:24:19.219  6298  6298 D TelephonyManager: requestModemActivityInfo: Sending result to app: ModemActivityInfo{ mTimestamp=155040372 mSleepTimeMs=29505774 mIdleTimeMs=8260847 mActivityStatsTechSpecificInfo=[{mRat=UNKNOWN,mFrequencyRange=UNKNOWN,mTxTimeMs[]=[38825, 33682, 22209, 346, 136345],mRxTimeMs=83525227}]}
04-24 04:24:19.256 22345 22406 W SQLiteLog: (28) double-quoted string literal: "0"
04-24 04:24:19.272 22329 22329 I perfetto:    perfetto_cmd.cc:1124 Trace written into the output file
04-24 04:24:19.279  5413  5413 I perfetto: ng_service_impl.cc:2426 Tracing session 49 ended, total sessions:0
04-24 04:24:19.282 21331 21358 I PerfettoCapture: Writing to /storage/emulated/0/Android/data/org.jetbrains.android_benchmark.test/cache/AckermannBenchmark_valueInt_2023-04-24-02-24-19.perfetto-trace.
04-24 04:24:19.427 21331 21358 D Benchmark: Copying /storage/emulated/0/Android/data/org.jetbrains.android_benchmark.test/cache/AckermannBenchmark_valueInt_2023-04-24-02-24-19.perfetto-trace to /sdcard/Android/media/org.jetbrains.android_benchmark.test/additional_test_output/AckermannBenchmark_valueInt_2023-04-24-02-24-19.perfetto-trace
04-24 04:24:19.461  8333 16136 W MediaProvider: isAppCloneUserPair for user 0: false
04-24 04:24:19.540  5635  6660 D SyncManager: userId - 0 auto - true
04-24 04:24:19.620 22345 22414 W twitter.android: Long monitor contention with owner mainNetwork-core-Thread-2 (22457) at java.lang.Object po8.get()(Twttr:68) waiters=0 in java.lang.Object po8.get() for 754ms
04-24 04:24:19.627 22345 22463 W twitter.android: Long monitor contention with owner mainNetwork-core-Thread-2 (22457) at java.lang.Object po8.get()(Twttr:68) waiters=1 in java.lang.Object po8.get() for 732ms
04-24 04:24:19.646  5635  5714 W libprocessgroup: Failed to open /dev/blkio//cgroup.procs: No such file or directory
04-24 04:24:19.665 21331 21358 I Benchmark: AckermannBenchmark.valueInt[Metric (timeNs) results: median 44564.96160130719, min 40386.8779956427, max 53005.53050108933, standardDeviation: 2586.225280893416, Metric (allocationCount) results: median 930.9994553376906, min 930.9978213507625, max 931.0, standardDeviation: 8.949714992113903E-4]count=1836
04-24 04:24:19.668 21331 21358 D Benchmark: writing results to /storage/emulated/0/Android/data/org.jetbrains.android_benchmark.test/cache/org.jetbrains.android_benchmark.test-benchmarkData.json
04-24 04:24:19.670 21600 20794 I NetworkScheduler.Stats: Task com.google.android.gms/com.google.android.gms.ipa.base.IpaGcmTaskService started execution. cause:9 exec_start_elapsed_seconds: 155042 [CONTEXT service_id=218 ]
04-24 04:24:19.673 21331 21358 D Benchmark: Copying /storage/emulated/0/Android/data/org.jetbrains.android_benchmark.test/cache/org.jetbrains.android_benchmark.test-benchmarkData.json to /sdcard/Android/media/org.jetbrains.android_benchmark.test/additional_test_output/org.jetbrains.android_benchmark.test-benchmarkData.json
04-24 04:24:19.695  5635  6660 D SyncManager: userId - 0 auto - true
04-24 04:24:19.701  8333 16314 I MediaProvider: Deleted 1 0 0 0 0 0 0 items on external_primary due to org.jetbrains.android_benchmark.test
04-24 04:24:19.713  8333 22289 W MediaProvider: isAppCloneUserPair for user 0: false
04-24 04:24:19.716 21600 22475 I NetworkScheduler.Stats: Task com.google.android.gms/com.google.android.gms.ipa.base.IpaGcmTaskService finished executing. cause:9 result: 1 elapsed_millis: 88 uptime_millis: 88 exec_start_elapsed_seconds: 155042 [CONTEXT service_id=218 ]
04-24 04:24:19.736  5635  5987 D SyncManager: userId - 0 auto - true
04-24 04:24:19.737 21331 21358 I TestRunner: finished: valueInt(org.jetbrains.android_benchmark.AckermannBenchmark)
