04-19 15:59:47.655 20556 20649 D ActionDispatcher: variable : get/bt_sync_status, operator : ==, value : false, getter value : true, value type class : class java.lang.Boolean
04-19 15:59:47.655 20556 20649 I ActionDispatcher: executeAction : tag = flow_control/branch_endif
04-19 15:59:47.655 20556 20649 D Engine  : runActionFlow : Wifi Sync On
04-19 15:59:47.655 20556 20649 I ActionDispatcher: executeAction : tag = get/is_samsung_account_signed_in
04-19 15:59:47.657 20556 20649 I ActionDispatcher: executeAction : tag = get/wifi_sync_status
04-19 15:59:47.657 20556 20649 D [MdeResource]WiFiSyncStatusChecker: Status Id : wifi_sync_status
04-19 15:59:47.657 20556 20649 I [scsettingv2suggestion][2.0.11.0]: getStatus
04-19 15:59:47.659 20676 20785 I [SC]SCloudStatusProvider: tagId: sync, method: get_status_by_id, arg: null
04-19 15:59:47.659 20676 20785 I [SC]SyncSettingManager: getCategoryAutoSync: com.android.settings.wifiprofilesync
04-19 15:59:47.666 20676 20785 I [SC][SyncRunner-com.android.settings.wifiprofilesync]: getAutoSync: false
04-19 15:59:47.667 20556 20649 D [MdeResource]WiFiSyncStatusChecker: Status result : 0
04-19 15:59:47.667 20556 20649 I ActionDispatcher: executeAction : tag = get/is_possible_wifi_sync
04-19 15:59:47.674 20556 20649 D [MdeResource]WiFiSyncEnabledChecker: isWifiConnected : true
04-19 15:59:47.674 20556 20649 I ActionDispatcher: executeAction : tag = flow_control/branch_if
04-19 15:59:47.674 20556 20649 I ActionDispatcher: param.TYPE : STRING
04-19 15:59:47.674 20556 20649 I ActionDispatcher: param.VALUE : 1&&2&&3
04-19 15:59:47.675 20556 20649 I ActionDispatcher: param token : 1
04-19 15:59:47.675 20556 20649 I ActionDispatcher: param token : 2
04-19 15:59:47.675 20556 20649 I ActionDispatcher: param token : 3
04-19 15:59:47.675 20556 20649 I ActionDispatcher: expression.TYPE : LIST{STRING}
04-19 15:59:47.675 20556 20649 D ActionDispatcher: variable : get/is_samsung_account_signed_in, operator : ==, value : true, getter value : true, value type class : class java.lang.Boolean
04-19 15:59:47.675 20556 20649 D ActionDispatcher: variable : get/wifi_sync_status, operator : ==, value : false, getter value : false, value type class : class java.lang.Boolean
04-19 15:59:47.675 20556 20649 D ActionDispatcher: variable : get/is_possible_wifi_sync, operator : ==, value : true, getter value : true, value type class : class java.lang.Boolean
04-19 15:59:47.675 20556 20649 I ActionDispatcher: executeAction : tag = mde_tip_suggestion
04-19 15:59:47.675 20556 20649 D ActionDispatcher: executeSuggestion pkg : com.samsung.android.scloud , suggestionId : AS-12
04-19 15:59:47.675 20556 20649 D Utils   : getClickCountToLocalStorage key : AS-12_clickCount , value : 0
04-19 15:59:47.675 20556 20649 D Utils   : putCreateTimeToLocalStorage key : AS-12_createTime , value : 1681912787675
04-19 15:59:47.676 20556 20649 D Utils   : putIdPkgToLocalStorage id_list : AS-09,AS-12
04-19 15:59:47.676 20556 20649 D Utils   : putIdPkgToLocalStorage pkg key : AS-12_packageName , value : com.samsung.android.scloud
04-19 15:59:47.677 20556 20649 I ActionDispatcher: executeAction : tag = flow_control/branch_endif
04-19 15:59:47.677 20556 20649 D Engine  : runActionFlow : Offline Finding On
04-19 15:59:47.677 20556 20649 I ActionDispatcher: executeAction : tag = get/is_samsung_account_signed_in
04-19 15:59:47.679 20556 20649 I ActionDispatcher: executeAction : tag = get/offline_finding_status
04-19 15:59:47.682 20556 20649 D [MdeResource]OfflineFindingStatusChecker: offline finding status : true
04-19 15:59:47.682 20556 20649 D [MdeResource]OfflineFindingStatusChecker: Status ID : offline_finding_status
04-19 15:59:47.682 20556 20649 I [SCPMSDK][0.9.1000][ScpmDeviceService]: call : Method = setStatus, appId = 7ifb2oyy52
04-19 15:59:47.693 20559 20591 I [SCPMV2][DeviceSettingsPreferences]: save. id: offline_finding_status
04-19 15:59:47.695 20556 20649 I [SCPMSDK][0.9.1000][ScpmDeviceService]: result = 1, rcode = 20000000, rmsg = .
04-19 15:59:47.695 20556 20649 I ActionDispatcher: executeAction : tag = get/is_china_model
04-19 15:59:47.698 20556 20649 I ActionDispatcher: executeAction : tag = flow_control/branch_if
04-19 15:59:47.698 20556 20649 I ActionDispatcher: param.TYPE : STRING
04-19 15:59:47.698 20556 20649 I ActionDispatcher: param.VALUE : 1&&2&&3
04-19 15:59:47.698 20556 20649 I ActionDispatcher: param token : 1
04-19 15:59:47.699 20556 20649 I ActionDispatcher: param token : 2
04-19 15:59:47.699 20556 20649 I ActionDispatcher: param token : 3
04-19 15:59:47.699 20556 20649 I ActionDispatcher: expression.TYPE : LIST{STRING}
04-19 15:59:47.699 20556 20649 D ActionDispatcher: variable : get/is_samsung_account_signed_in, operator : ==, value : true, getter value : true, value type class : class java.lang.Boolean
04-19 15:59:47.699 20556 20649 D ActionDispatcher: variable : get/offline_finding_status, operator : ==, value : false, getter value : true, value type class : class java.lang.Boolean
04-19 15:59:47.699 20556 20649 I ActionDispatcher: executeAction : tag = flow_control/branch_endif
04-19 15:59:47.699 20556 20649 D Utils   : getIdListToLocalStorage : AS-09,AS-12
04-19 15:59:47.699 20556 20649 D Utils   : getPkgToLocalStorage pkg key : AS-09_packageName , value : com.samsung.android.scloud
04-19 15:59:47.699 20556 20649 D Utils   : getPkgToLocalStorage pkg key : AS-12_packageName , value : com.samsung.android.scloud
04-19 15:59:47.700 20556 20649 D Utils   : getIdListToLocalStorage : AS-09,AS-12
04-19 15:59:47.700 20556 20649 D Utils   : getCreateTimeToLocalStorage key : AS-09_createTime , value : 1681912787637
04-19 15:59:47.700 20556 20649 D Utils   : getCreateTimeToLocalStorage key : AS-12_createTime , value : 1681912787675
04-19 15:59:47.701 20556 20649 D ActionExecutionHandler: handleMessage : MSG_FINISH
04-19 15:59:47.749 30407 30407 I ResourceOverlayService_0: waitAndQuit called
04-19 15:59:47.751 30407 30407 I ResourceOverlayService_0: activity user id 0 process id 0
04-19 15:59:48.231  5628  5628 D SemWifiP2pGoPowerSave: GopsReceiver : received : com.samsung.intent.action.CHECK_SIOP_LEVEL
04-19 15:59:48.231  5628  5628 I SemWifiP2pGoPowerSave: siop_level = 0
04-19 15:59:48.233  7867  7944 I SystemBroadcastReceiver: [#CMH#] onReceive completed :  0
04-19 15:59:48.235  7867  7867 I PolicyManager: [#CMH#] onReceive action = EVENT_SIOP
04-19 15:59:48.237 20676 20676 I [SC]SiopLevelMonitorReceiverImpl: onReceive: com.samsung.intent.action.CHECK_SIOP_LEVEL
04-19 15:59:48.241 20676 21001 I [SC]CtbDeviceRepository: updateSiopLevel. siopLevel: 0
04-19 15:59:48.753 30407 30407 I ResourceOverlayService_0: waitAndQuit called
04-19 15:59:48.754 30407 30407 I ResourceOverlayService_0: activity user id 0 process id 0
04-19 15:59:49.137  5628  5714 W libprocessgroup: Failed to open /dev/blkio//cgroup.procs: No such file or directory
04-19 15:59:49.372  5628  9811 D SemWifiUsabilityStatsMonitor: onWifiUsabilityStats - seqNum 36099, isSameBssidAndFreq true
04-19 15:59:49.375  5628  8422 I SemWifiLinkQualityMonitor: Link Qos Query: 0.019 ms / 418.069 Mbps (433 / 0.000 / 1.036)
04-19 15:59:49.756 30407 30407 I ResourceOverlayService_0: waitAndQuit called
04-19 15:59:49.758 30407 30407 I ResourceOverlayService_0: activity user id 0 process id 0
04-19 15:59:49.959  5628  8409 I ChimeraAggressivePolicyHandler: executePolicy() - triggerSource: TRIGGER_SOURCE_LMKD
04-19 15:59:49.960  5628  8409 I ChimeraAggressivePolicyHandler: memAvailable: 776768, memFreeTarget: 870400, releaseTarget:93632, protectedLruCount: 10
04-19 15:59:49.990  5628  8409 I NSLocationMonitor: getGPSUsingApps() called
04-19 15:59:50.002  9284  9332 I NSLocationManager_FLP: getGPSUsingApps, NO_FREEZE={5013} / FREEZE={10234}
04-19 15:59:50.009  5628  8409 I ChimeraAggressivePolicyHandler: Start doKill, protected policy: NORMAL
04-19 15:59:50.013  5628  8409 I ChimeraAggressivePolicyHandler: kill complete: killed 0 apps, freed 0 KB
04-19 15:59:50.013  5628  8409 I ChimeraAggressivePolicyHandler: Start doKill, protected policy: HEAVY
04-19 15:59:50.016  5628  8409 I ChimeraAggressivePolicyHandler: kill complete: killed 0 apps, freed 0 KB
04-19 15:59:50.016  5628  8409 I ChimeraAggressivePolicyHandler: Skipped reason: LR, pids: 17564
04-19 15:59:50.016  5628  8409 I ChimeraAggressivePolicyHandler: Skipped reason: CA, pids: 18056 13194 20367 7867 20676 20940 20556 20965 20846 6649
04-19 15:59:50.016  5628  8409 I ChimeraAggressivePolicyHandler: Skipped reason: PE, pids: 8513 8962 26179 8900 11012 9284 23109 8840 6090 5900 10317 31118 8924 8989 10919 19881 6057 8940 4141 8815 19504 23986 9524 8955 5628 11006
04-19 15:59:50.016  5628  8409 I ChimeraAggressivePolicyHandler: Skipped reason: IN, pids: 20004 19943 19368 31891 17110 17467 31931 19163 30300 16702 14911
04-19 15:59:50.016  5628  8409 I ChimeraAggressivePolicyHandler: Skipped reason: WA, pids: 15040
04-19 15:59:50.016  5628  8409 I ChimeraAggressivePolicyHandler: Skipped reason: SE, pids: 7170 30722 27910 20592 20465 19806
04-19 15:59:50.016  5628  8409 I ChimeraAggressivePolicyHandler: Skipped reason: AD, pids: 31107 6159 19093 31127 20506 20891 16167 682 31148 31170 30407 4557 20559 30805 31086 31103
04-19 15:59:50.016  5628  8409 I ChimeraAggressivePolicyHandler: Processing time(ms) 57
04-19 15:59:50.161  8513  8513 W TouchableRegionManager: onHeadsUpPinnedModeChanged
04-19 15:59:50.178  8513  8513 W NotificationEntryMgr: While running New Pipeline: updateNotifications(reason=onHeadsUpStateChanged)
04-19 15:59:50.211  8513  8513 I FaceWidgetPositionAlgorithm: getClockContainerHeight() supplier = 270, bottom margin = 0, real height = 333
04-19 15:59:50.211  8513  8513 I FaceWidgetPositionAlgorithm: getClockContainerHeight() supplier = 270, bottom margin = 63, real height = 333
04-19 15:59:50.211  8513  8513 I FaceWidgetPositionAlgorithm: getMediaContainerHeight() height = 0 container Visibility = 8, isValid = false, mIsDozing = false, fraction = 1.0, source = 0, target = 0
04-19 15:59:50.211  8513  8513 I FaceWidgetPositionAlgorithm: getMediaContainerHeight() supplier = 0
04-19 15:59:50.212  8513  8513 W View    : requestLayout() improperly called by com.android.internal.widget.RemeasuringLinearLayout{c4d3b02 V.E...... ......ID 0,32-927,148 #1020449 android:id/notification_action_list_margin_target} during layout: running second layout pass
04-19 15:59:50.212  8513  8513 W View    : requestLayout() improperly called by com.android.internal.widget.RemeasuringLinearLayout{8dc3795 V.E...... ......ID 0,32-927,148 #1020449 android:id/notification_action_list_margin_target} during layout: running second layout pass
04-19 15:59:50.212  8513  8513 W View    : requestLayout() improperly called by com.android.internal.widget.RemeasuringLinearLayout{6645abd V.E...... ......ID 0,32-927,148 #1020449 android:id/notification_action_list_margin_target} during layout: running second layout pass
04-19 15:59:50.218  8513  8513 I FaceWidgetPositionAlgorithm: getClockContainerHeight() supplier = 270, bottom margin = 0, real height = 333
04-19 15:59:50.219  8513  8513 I FaceWidgetPositionAlgorithm: getClockContainerHeight() supplier = 270, bottom margin = 63, real height = 333
04-19 15:59:50.219  8513  8513 I FaceWidgetPositionAlgorithm: getMediaContainerHeight() height = 0 container Visibility = 8, isValid = false, mIsDozing = false, fraction = 1.0, source = 0, target = 0
04-19 15:59:50.219  8513  8513 I FaceWidgetPositionAlgorithm: getMediaContainerHeight() supplier = 0
04-19 15:59:50.243  7867  7969 I PolicyManager: [#CMH#] Is foreground game app: false
04-19 15:59:50.269  8513  8513 I FaceWidgetPositionAlgorithm: getClockContainerHeight() supplier = 270, bottom margin = 0, real height = 333
04-19 15:59:50.269  8513  8513 I FaceWidgetPositionAlgorithm: getClockContainerHeight() supplier = 270, bottom margin = 63, real height = 333
04-19 15:59:50.269  8513  8513 I FaceWidgetPositionAlgorithm: getMediaContainerHeight() height = 0 container Visibility = 8, isValid = false, mIsDozing = false, fraction = 1.0, source = 0, target = 0
04-19 15:59:50.269  8513  8513 I FaceWidgetPositionAlgorithm: getMediaContainerHeight() supplier = 0
04-19 15:59:50.271  8513  8513 W View    : requestLayout() improperly called by android.widget.FrameLayout{82c433e V.E...... ......ID 927,0-1028,148 #10202d9 android:id/expand_button_container} during layout: running second layout pass
04-19 15:59:50.271  8513  8513 W View    : requestLayout() improperly called by com.android.internal.widget.RemeasuringLinearLayout{c4d3b02 V.E...... ......ID 0,32-1028,148 #1020449 android:id/notification_action_list_margin_target} during layout: running second layout pass
04-19 15:59:50.271  8513  8513 W View    : requestLayout() improperly called by android.widget.FrameLayout{3c58a7 V.E...... ......ID 927,0-1028,179 #10202d9 android:id/expand_button_container} during layout: running second layout pass
04-19 15:59:50.271  8513  8513 W View    : requestLayout() improperly called by com.android.internal.widget.RemeasuringLinearLayout{8dc3795 V.E...... ......ID 0,32-1028,148 #1020449 android:id/notification_action_list_margin_target} during layout: running second layout pass
04-19 15:59:50.276  8513  8513 I FaceWidgetPositionAlgorithm: getClockContainerHeight() supplier = 270, bottom margin = 0, real height = 333
04-19 15:59:50.277  8513  8513 I FaceWidgetPositionAlgorithm: getClockContainerHeight() supplier = 270, bottom margin = 63, real height = 333
04-19 15:59:50.277  8513  8513 I FaceWidgetPositionAlgorithm: getMediaContainerHeight() height = 0 container Visibility = 8, isValid = false, mIsDozing = false, fraction = 1.0, source = 0, target = 0
04-19 15:59:50.277  8513  8513 I FaceWidgetPositionAlgorithm: getMediaContainerHeight() supplier = 0
04-19 15:59:50.299  8513  8513 D PluginAODManager: onNotificationInfoUpdated() 0
04-19 15:59:50.300  8513  8513 I AODNotificationManager: updateVisibleNotifications: 0
04-19 15:59:50.300  8513  8513 I a       : updateStatusBarNotifications: open
04-19 15:59:50.300  8513  8513 I a       : updateStatusBarNotifications: open
04-19 15:59:50.334  8513  8513 I FaceWidgetPositionAlgorithm: getClockContainerHeight() supplier = 270, bottom margin = 0, real height = 333
04-19 15:59:50.334  8513  8513 I FaceWidgetPositionAlgorithm: getClockContainerHeight() supplier = 270, bottom margin = 63, real height = 333
04-19 15:59:50.334  8513  8513 I FaceWidgetPositionAlgorithm: getMediaContainerHeight() height = 0 container Visibility = 8, isValid = false, mIsDozing = false, fraction = 1.0, source = 0, target = 0
04-19 15:59:50.334  8513  8513 I FaceWidgetPositionAlgorithm: getMediaContainerHeight() supplier = 0
04-19 15:59:50.658  8513  8513 D PanelView: shouldPanelBeVisible false / headUpVisible=false, why=0
04-19 15:59:50.664  8513  8513 D KeyguardVisible: go panelState: OPENING -> CLOSED tracking=false, expanded=true, fraction=0.0
04-19 15:59:50.665  8513  8513 D KeyguardVisible: go panelState: CLOSED -> CLOSED tracking=false, expanded=false, fraction=0.0
04-19 15:59:50.695  8513  8513 I ViewRootImpl@93ed0f[NotificationShade]: performTraversals params={(0,0)(fillxfill) gr=TOP CENTER_VERTICAL sim={adjust=resize} layoutInDisplayCutoutMode=always ty=NOTIFICATION_SHADE fmt=TRANSLUCENT
04-19 15:59:50.695  8513  8513 I ViewRootImpl@93ed0f[NotificationShade]:   fl=81840048
04-19 15:59:50.695  8513  8513 I ViewRootImpl@93ed0f[NotificationShade]:   pfl=1a000000
04-19 15:59:50.695  8513  8513 I ViewRootImpl@93ed0f[NotificationShade]:   bhv=SHOW_TRANSIENT_BARS_BY_SWIPE naviIconColor=0
04-19 15:59:50.695  8513  8513 I ViewRootImpl@93ed0f[NotificationShade]:   sfl=60000}
04-19 15:59:50.695  8513  8513 I ViewRootImpl@93ed0f[NotificationShade]: performTraversals mFirst=false windowShouldResize=false viewVisibilityChanged=false mForceNextWindowRelayout=false params={(0,0)(fillxfill) gr=TOP CENTER_VERTICAL sim={adjust=resize} layoutInDisplayCutoutMode=always ty=NOTIFICATION_SHADE fmt=TRANSLUCENT
04-19 15:59:50.695  8513  8513 I ViewRootImpl@93ed0f[NotificationShade]:   fl=81840048
04-19 15:59:50.695  8513  8513 I ViewRootImpl@93ed0f[NotificationShade]:   pfl=1a000000
04-19 15:59:50.695  8513  8513 I ViewRootImpl@93ed0f[NotificationShade]:   bhv=SHOW_TRANSIENT_BARS_BY_SWIPE naviIconColor=0
04-19 15:59:50.695  8513  8513 I ViewRootImpl@93ed0f[NotificationShade]:   sfl=60000}
04-19 15:59:50.696  5628  5652 V WindowManager: Relayout Window{298c8e7 u0 NotificationShade}: viewVisibility=0 req=1080x2400 d0
04-19 15:59:50.701  5628  5652 V WindowManager: Relayout hash=298c8e7, pid=8513, syncId=-1: mAttrs={(0,0)(fillxfill) gr=TOP CENTER_VERTICAL sim={adjust=resize} layoutInDisplayCutoutMode=always ty=NOTIFICATION_SHADE fmt=TRANSLUCENT
04-19 15:59:50.701  5628  5652 V WindowManager:   fl=81840048
04-19 15:59:50.701  5628  5652 V WindowManager:   pfl=1a000000
04-19 15:59:50.701  5628  5652 V WindowManager:   bhv=SHOW_TRANSIENT_BARS_BY_SWIPE naviIconColor=0
04-19 15:59:50.701  5628  5652 V WindowManager:   sfl=60000}
04-19 15:59:50.702  8513  8513 I ViewRootImpl@93ed0f[NotificationShade]: updateBlastSurfaceIfNeeded mBlastBufferQueue=0x7c9ffb0000 isSameSurfaceControl=true
04-19 15:59:50.702  8513  8513 I BLASTBufferQueue: update, w= 1080 h= 2400 mName = ViewRootImpl@93ed0f[NotificationShade] mNativeObject= 0x7c9ffb0000 sc.mNativeObject= 0x7ca00a9700 format= -3 caller= android.view.ViewRootImpl.updateBlastSurfaceIfNeeded:2898 android.view.ViewRootImpl.relayoutWindow:9847 android.view.ViewRootImpl.performTraversals:3884 android.view.ViewRootImpl.doTraversal:3116 android.view.ViewRootImpl$TraversalRunnable.run:10885 android.view.Choreographer$CallbackRecord.run:1301
04-19 15:59:50.703  8513  8513 I ViewRootImpl@93ed0f[NotificationShade]: Relayout returned: old=(0,0,1080,2400) new=(0,0,1080,2400) req=(1080,2400)0 dur=7 res=0x0 s={true 0x7c5e2d9000} ch=false seqId=8
04-19 15:59:50.703  8513  8513 I FaceWidgetPositionAlgorithm: getClockContainerHeight() supplier = 270, bottom margin = 0, real height = 333
04-19 15:59:50.703  8513  8513 I FaceWidgetPositionAlgorithm: getClockContainerHeight() supplier = 270, bottom margin = 63, real height = 333
04-19 15:59:50.703  8513  8513 I FaceWidgetPositionAlgorithm: getMediaContainerHeight() height = 0 container Visibility = 8, isValid = false, mIsDozing = false, fraction = 1.0, source = 0, target = 0
04-19 15:59:50.703  8513  8513 I FaceWidgetPositionAlgorithm: getMediaContainerHeight() supplier = 0
04-19 15:59:50.714  8513  8513 D SecPanelLogger: makeExpandedInvisible() mExpandedVisible:true shouldBlockPanelCollapsing:false mNotificationShadeWindowView==null?false
04-19 15:59:50.720  8513  8513 D KeyguardSecAffordanceView: reset right:false
04-19 15:59:50.721  8513  8513 D KeyguardSecAffordanceView: reset right:true
04-19 15:59:50.727  8513  8513 V SecQsTransitionAnimator: restorePanelView
04-19 15:59:50.727  8513  8513 D MultiSIMPreferredSlotBar: setExpanded : false mShowing : true
04-19 15:59:50.727  8513  8513 D MultiSIMController: unRegisterSimCardManagerCallback : mSimCardManagerService is null
04-19 15:59:50.728  8513  8513 V SecQsTransitionAnimator: restorePanelView
04-19 15:59:50.728  8513  8513 D MultiSIMPreferredSlotBar: setExpanded : false mShowing : true
04-19 15:59:50.729  8513  8513 D MultiSIMController: unRegisterSimCardManagerCallback : mSimCardManagerService is null
04-19 15:59:50.729  8513  8513 D MultiSIMPreferredSlotBar: setExpanded : false mShowing : true
04-19 15:59:50.729  8513  8513 D MultiSIMController: unRegisterSimCardManagerCallback : mSimCardManagerService is null
04-19 15:59:50.732  8513  8513 D KeyguardTouchAnimator: reset unlockExecuted=false
04-19 15:59:50.732  8513  8513 D KeyguardEditModeAnimatorController: reset false
04-19 15:59:50.734  8513  8513 D KeyguardEditModeAnimatorController: long pressed false
04-19 15:59:50.734  8513  8513 D KeyguardEditModeAnimatorController: resetViews
04-19 15:59:50.735  8513  8513 D KeyguardEditModeController: cancel() true
04-19 15:59:50.735  8513  8513 D KeyguardTouchAnimator: resetChildViewVI(): false
04-19 15:59:50.736  8513  8513 D KeyguardTouchDymLockInjector: resetDynamicLock mIsDynamicLockEnabled: false
04-19 15:59:50.739  8513  8513 D KeyguardVisible: isExpanded: true -> false
04-19 15:59:50.739  8513  8513 D KeyguardVisible: Window state diff only {
04-19 15:59:50.739  8513  8513 D KeyguardVisible:   mNotificationShadeFocusable: true -> false
04-19 15:59:50.739  8513  8513 D KeyguardVisible:   mPanelVisible: true -> false
04-19 15:59:50.739  8513  8513 D KeyguardVisible: }
04-19 15:59:50.747  5628  5714 W libprocessgroup: Failed to open /dev/blkio//cgroup.procs: No such file or directory
04-19 15:59:50.749  5445  5445 I CameraService: onUidStateChanged: uid=10054, procState is changed. (1 -> 0)
04-19 15:59:50.760 30407 30407 I ResourceOverlayService_0: waitAndQuit called
04-19 15:59:50.760  8513  8513 D CentralSurfaces: Received new disable state: enaihbcrsokt.qingr (unchanged)
04-19 15:59:50.761 30407 30407 I ResourceOverlayService_0: activity user id 0 process id 0
04-19 15:59:50.761  8513  8513 D KeyguardVisible: visibilityChanged 0 -> 4
04-19 15:59:50.762  8513  8513 D SecPanelConfigurationBellTower: onWindowViewVisibilityChanged (cSeq.5578 : vSeq.5578) dState(dW:1080, dH:2400) rPicker(pW:1080, pH:2123, adH:2123, cH:88, nbH:126) Rotation(0, c:0, v:0)
04-19 15:59:50.766  8513  8575 D OpenGLRenderer: setSurface called with nullptr
04-19 15:59:50.766  8513  8575 D OpenGLRenderer: setSurface() destroyed EGLSurface
04-19 15:59:50.766  8513  8575 D OpenGLRenderer: destroyEglSurface
04-19 15:59:50.771  8513  8513 I ViewRootImpl@93ed0f[NotificationShade]: performTraversals params={(0,0)(fillxfill) gr=TOP CENTER_VERTICAL sim={adjust=resize} layoutInDisplayCutoutMode=always ty=NOTIFICATION_SHADE fmt=TRANSLUCENT
04-19 15:59:50.771  8513  8513 I ViewRootImpl@93ed0f[NotificationShade]:   fl=81840048
04-19 15:59:50.771  8513  8513 I ViewRootImpl@93ed0f[NotificationShade]:   pfl=1b000000
04-19 15:59:50.771  8513  8513 I ViewRootImpl@93ed0f[NotificationShade]:   bhv=SHOW_TRANSIENT_BARS_BY_SWIPE naviIconColor=0
04-19 15:59:50.771  8513  8513 I ViewRootImpl@93ed0f[NotificationShade]:   sfl=60000}
04-19 15:59:50.771  8513  8513 I ViewRootImpl@93ed0f[NotificationShade]: performTraversals mFirst=false windowShouldResize=false viewVisibilityChanged=true mForceNextWindowRelayout=false params={(0,0)(fillxfill) gr=TOP CENTER_VERTICAL sim={adjust=resize} layoutInDisplayCutoutMode=always ty=NOTIFICATION_SHADE fmt=TRANSLUCENT
04-19 15:59:50.771  8513  8513 I ViewRootImpl@93ed0f[NotificationShade]:   fl=81840048
04-19 15:59:50.771  8513  8513 I ViewRootImpl@93ed0f[NotificationShade]:   pfl=1b000000
04-19 15:59:50.771  8513  8513 I ViewRootImpl@93ed0f[NotificationShade]:   bhv=SHOW_TRANSIENT_BARS_BY_SWIPE naviIconColor=0
04-19 15:59:50.771  8513  8513 I ViewRootImpl@93ed0f[NotificationShade]:   sfl=60000}
04-19 15:59:50.773  5628  9148 V WindowManager: Relayout Window{298c8e7 u0 NotificationShade}: viewVisibility=4 req=1080x2400 d0
04-19 15:59:50.787  5331  5331 I Layer   : id=19353 removeFromCurrentState NotificationShade$_8513#19353 (148)
04-19 15:59:50.789  5628  9148 V WindowManager: Relayout hash=298c8e7, pid=8513, syncId=-1: mAttrs={(0,0)(fillxfill) gr=TOP CENTER_VERTICAL sim={adjust=resize} layoutInDisplayCutoutMode=always ty=NOTIFICATION_SHADE fmt=TRANSLUCENT
04-19 15:59:50.789  5628  9148 V WindowManager:   fl=81840048
04-19 15:59:50.789  5628  9148 V WindowManager:   pfl=1b000000
04-19 15:59:50.789  5628  9148 V WindowManager:   bhv=SHOW_TRANSIENT_BARS_BY_SWIPE naviIconColor=0
04-19 15:59:50.789  5628  9148 V WindowManager:   sfl=60000}
04-19 15:59:50.794  8513  8513 I ViewRootImpl@93ed0f[NotificationShade]: Relayout returned: old=(0,0,1080,2400) new=(0,0,1080,2400) req=(1080,2400)4 dur=21 res=0x2 s={false 0x0} ch=true seqId=8
04-19 15:59:50.797  5331  5331 D SurfaceFlinger: Display 0 HWC layers:
04-19 15:59:50.797  5331  5331 D SurfaceFlinger:  SOLID_COLOR |              | 0000 |  Unknown  |    0.0    0.0    0.0    0.0 |    0    0 1080   88 | Letterbox - top#19345
04-19 15:59:50.797  5331  5331 D SurfaceFlinger:      DEVICE | 0x79aa45dc40 | 0102 | RGBA_8888    |    0.0    0.0 1080.0 2312.0 |    0   88 1080 2400 | org.jetbrains.android_benchmark.test[...]hmark.IsolationActivity$_17564#19341
04-19 15:59:50.797  5331  5331 D SurfaceFlinger:      DEVICE | 0x79c63ef680 | 0100 | RGBA_8888    |  810.0  452.0  975.0  617.0 |  810  452  975  617 | FreeformContainer$_8492#19256
04-19 15:59:50.797  5331  5331 D SurfaceFlinger:      DEVICE | 0x799347a080 | 0100 | RGBA_8888    |    0.0    0.0 1080.0   88.0 |    0    0 1080   88 | StatusBar$_8513#99
04-19 15:59:50.797  5331  5331 D SurfaceFlinger:      DEVICE | 0x79c63f1340 | 0100 | RGBA_8888    |    0.0    0.0 1080.0  126.0 |    0 2274 1080 2400 | NavigationBar0$_8513#92
04-19 15:59:50.797  5331  5331 D SurfaceFlinger:      DEVICE | 0x79c7ec87c0 | 0140 | RGBA_8888    |    0.0    0.0 1080.0  100.0 |    0    0 1080  100 | ScreenDecorOverlay$_8513#6827
04-19 15:59:50.797  5331  5331 D SurfaceFlinger:      DEVICE | 0x79a9f42580 | 0140 | RGBA_8888    |    0.0    0.0 1080.0  100.0 |    0 2300 1080 2400 | ScreenDecorOverlayBottom$_8513#6828
04-19 15:59:50.797  5331  5331 D SurfaceFlinger:
04-19 15:59:50.802  8513  8513 I ViewRootImpl@2a26f07[StatusBar]: performTraversals params={(0,0)(fillx88) gr=TOP CENTER_VERTICAL sim={adjust=pan} layoutInDisplayCutoutMode=always ty=STATUS_BAR fmt=TRANSLUCENT
04-19 15:59:50.802  8513  8513 I ViewRootImpl@2a26f07[StatusBar]:   fl=81000008
04-19 15:59:50.802  8513  8513 I ViewRootImpl@2a26f07[StatusBar]:   pfl=13000000
04-19 15:59:50.802  8513  8513 I ViewRootImpl@2a26f07[StatusBar]:   bhv=DEFAULT
04-19 15:59:50.802  8513  8513 I ViewRootImpl@2a26f07[StatusBar]:   paramsForRotation=
04-19 15:59:50.802  8513  8513 I ViewRootImpl@2a26f07[StatusBar]:   rot[0]={(0,0)(fillx88) gr=TOP CENTER_VERTICAL layoutInDisplayCutoutMode=always ty=STATUS_BAR fmt=TRANSLUCENT
04-19 15:59:50.802  8513  8513 I ViewRootImpl@2a26f07[StatusBar]:   fl=80000008
04-19 15:59:50.802  8513  8513 I ViewRootImpl@2a26f07[StatusBar]:   pfl=11000000
04-19 15:59:50.802  8513  8513 I ViewRootImpl@2a26f07[StatusBar]:   bhv=DEFAULT naviIconColor=0}
04-19 15:59:50.802  8513  8513 I ViewRootImpl@2a26f07[StatusBar]:   rot[1]={(0,0)(fillx63) gr=TOP CENTER_VERTICAL layoutInDisplayCutoutMode=always ty=STATUS_BAR fmt=TRANSLUCENT
04-19 15:59:50.802  8513  8513 I ViewRootImpl@2a26f07[StatusBar]:   fl=80000008
04-19 15:59:50.802  8513  8513 I ViewRootImpl@2a26f07[StatusBar]:   pfl=11000000
04-19 15:59:50.802  8513  8513 I ViewRootImpl@2a26f07[StatusBar]:   bhv=DEFAULT naviIconColor=0}
04-19 15:59:50.802  8513  8513 I ViewRootImpl@2a26f07[StatusBar]:   rot[2]={(0,0)(fillx88) gr=TOP CENTER_VERTICAL layoutInDisplayCutoutMode=always ty=STATUS_BAR fmt=TRANSLUCENT
04-19 15:59:50.802  8513  8513 I ViewRootImpl@2a26f07[StatusBar]:   fl=80000008
04-19 15:59:50.802  8513  8513 I ViewRootImpl@2a26f07[StatusBar]:   pfl=11000000
04-19 15:59:50.802  8513  8513 I ViewRootImpl@2a26f07[StatusBar]:   bhv=DEFAULT naviIconColor=0}
04-19 15:59:50.802  8513  8513 I ViewRootImpl@2a26f07[StatusBar]:   rot[3]={(0,0)(fillx63) gr=TOP CENTER_VERTICAL layoutInDisplayCutoutMode=always ty=STATUS_BAR fmt=TRANSLUCENT
04-19 15:59:50.802  8513  8513 I ViewRootImpl@2a26f07[StatusBar]:   fl=80000008
04-19 15:59:50.802  8513  8513 I ViewRootImpl@2a26f07[StatusBar]:   pfl=11000000
04-19 15:59:50.802  8513  8513 I ViewRootImpl@2a26f07[StatusBar]:   bhv=DEFAULT naviIconColor=0} naviIconColor=0}
04-19 15:59:50.804  5331  5331 I SurfaceFlinger: id=19353 Removed NotificationShade$_8513#19353 (148)
04-19 15:59:50.804  8513  8513 I ViewRootImpl@2a26f07[StatusBar]: performTraversals mFirst=false windowShouldResize=false viewVisibilityChanged=false mForceNextWindowRelayout=false params={(0,0)(fillx88) gr=TOP CENTER_VERTICAL sim={adjust=pan} layoutInDisplayCutoutMode=always ty=STATUS_BAR fmt=TRANSLUCENT
04-19 15:59:50.804  8513  8513 I ViewRootImpl@2a26f07[StatusBar]:   fl=81000008
04-19 15:59:50.804  8513  8513 I ViewRootImpl@2a26f07[StatusBar]:   pfl=13000000
04-19 15:59:50.804  8513  8513 I ViewRootImpl@2a26f07[StatusBar]:   bhv=DEFAULT
04-19 15:59:50.804  8513  8513 I ViewRootImpl@2a26f07[StatusBar]:   paramsForRotation=
04-19 15:59:50.804  8513  8513 I ViewRootImpl@2a26f07[StatusBar]:   rot[0]={(0,0)(fillx88) gr=TOP CENTER_VERTICAL layoutInDisplayCutoutMode=always ty=STATUS_BAR fmt=TRANSLUCENT
04-19 15:59:50.804  8513  8513 I ViewRootImpl@2a26f07[StatusBar]:   fl=80000008
04-19 15:59:50.804  8513  8513 I ViewRootImpl@2a26f07[StatusBar]:   pfl=11000000
04-19 15:59:50.804  8513  8513 I ViewRootImpl@2a26f07[StatusBar]:   bhv=DEFAULT naviIconColor=0}
04-19 15:59:50.804  8513  8513 I ViewRootImpl@2a26f07[StatusBar]:   rot[1]={(0,0)(fillx63) gr=TOP CENTER_VERTICAL layoutInDisplayCutoutMode=always ty=STATUS_BAR fmt=TRANSLUCENT
04-19 15:59:50.804  8513  8513 I ViewRootImpl@2a26f07[StatusBar]:   fl=80000008
04-19 15:59:50.804  8513  8513 I ViewRootImpl@2a26f07[StatusBar]:   pfl=11000000
04-19 15:59:50.804  8513  8513 I ViewRootImpl@2a26f07[StatusBar]:   bhv=DEFAULT naviIconColor=0}
04-19 15:59:50.804  8513  8513 I ViewRootImpl@2a26f07[StatusBar]:   rot[2]={(0,0)(fillx88) gr=TOP CENTER_VERTICAL layoutInDisplayCutoutMode=always ty=STATUS_BAR fmt=TRANSLUCENT
04-19 15:59:50.804  8513  8513 I ViewRootImpl@2a26f07[StatusBar]:   fl=80000008
04-19 15:59:50.804  8513  8513 I ViewRootImpl@2a26f07[StatusBar]:   pfl=11000000
04-19 15:59:50.804  8513  8513 I ViewRootImpl@2a26f07[StatusBar]:   bhv=DEFAULT naviIconColor=0}
04-19 15:59:50.804  8513  8513 I ViewRootImpl@2a26f07[StatusBar]:   rot[3]={(0,0)(fillx63) gr=TOP CENTER_VERTICAL layoutInDisplayCutoutMode=always ty=STATUS_BAR fmt=TRANSLUCENT
04-19 15:59:50.804  8513  8513 I ViewRootImpl@2a26f07[StatusBar]:   fl=80000008
04-19 15:59:50.804  8513  8513 I ViewRootImpl@2a26f07[StatusBar]:   pfl=11000000
04-19 15:59:50.804  8513  8513 I ViewRootImpl@2a26f07[StatusBar]:   bhv=DEFAULT naviIconColor=0} naviIconColor=0}
04-19 15:59:50.804  5331  5331 I Layer   : id=19353 Destroyed NotificationShade$_8513#19353
04-19 15:59:50.812  5628  5652 V WindowManager: Relayout Window{cee1519 u0 StatusBar}: viewVisibility=0 req=1080x88 d0
04-19 15:59:50.815  5331  5456 I SurfaceFlinger: id=19354 createSurf flag=24000, Surface(name=cee1519 StatusBar)/@0xa388342 - animation-leash of insets_animation#19354
04-19 15:59:50.826 17564 17564 D InsetsController: onStateChanged: InsetsState: {mDisplayFrame=Rect(0, 0 - 1080, 2400), mDisplayCutout=DisplayCutout{insets=Rect(0, 88 - 0, 0) waterfall=Insets{left=0, top=0, right=0, bottom=0} boundingRect={Bounds=[Rect(0, 0 - 0, 0), Rect(512, 0 - 568, 88), Rect(0, 0 - 0, 0), Rect(0, 0 - 0, 0)]} cutoutPathParserInfo={CutoutPathParserInfo{displayWidth=1080 displayHeight=2400 physicalDisplayWidth=1080 physicalDisplayHeight=2400 density={2.625} cutoutSpec={M 0,0 M 0,12.25101276465640 a 10.60613009248640,10.60613009248640 0 1,0 0,21.21226018497290 a 10.60613009248640,10.60613009248640 0 1,0 0,-21.21226018497290 Z @dp} rotation={0} scale={1.0} physicalPixelDisplaySizeRatio={1.0}}}}, mRoundedCorners=RoundedCorners{[RoundedCorner{position=TopLeft, radius=84, center=Point(84, 84)}, RoundedCorner{position=TopRight, radius=84, center=Point(996, 84)}, RoundedCorner{position=BottomRight, radius=84, center=Point(996, 2316)}, RoundedCorner{position=BottomLeft, radius=84, center=Point(84, 2316)}]}  mRoundedCornerFrame=Rect(0, 0 - 1080, 2400), mPrivacyIndicatorBounds=PrivacyIndicatorBounds {static bounds=Rect(964, 0 - 1080, 88) rotation=0}, mSources= { InsetsSource: {mType=ITYPE_STATUS_BAR, mFrame=[0,0][1080,88], mVisible=true, mInsetsRoundedCornerFrame=false}, InsetsSource: {mType=ITYPE_NAVIGATION_BAR, mFrame=[0,2274][1080,2400], mVisible=true, mInsetsRoundedCornerFrame=false}, InsetsSource: {mType=ITYPE_LEFT_GESTURES, mFrame=[0,0][0,2400], mVisible=true, mInsetsRoundedCornerFrame=false}, InsetsSource: {mType=ITYPE_RIGHT_GESTURES, mFrame=[1080,0][1080,2400], mVisible=true, mInsetsRoundedCornerFrame=false}, InsetsSource: {mType=ITYPE_TOP_MANDATORY_GESTURES, mFrame=[0,0][1080,120], mVisible=true, mInsetsRoundedCornerFrame=false}, InsetsSource: {mType=ITYPE_BOTTOM_MANDATORY_GESTURES, mFrame=[0,2274][1080,2400], mVisible=true, mInsetsRoundedCornerFrame=false}, InsetsSource: {mType=ITYPE_LEFT_DISPLAY_CUTOUT, mFrame=[0,0][-100000,2400], mVisible=true, mInsetsRoundedCornerFrame=false}, InsetsSource: {mType=ITYPE_TOP_DISPLAY_CUTOUT, mFrame=[0,0][1080,88], mVisible=true, mInsetsRoundedCornerFrame=false}, InsetsSource: {mType=ITYPE_RIGHT_DISPLAY_CUTOUT, mFrame=[100000,0][1080,2400], mVisible=true, mInsetsRoundedCornerFrame=false}, InsetsSource: {mType=ITYPE_BOTTOM_DISPLAY_CUTOUT, mFrame=[0,100000][1080,2400], mVisible=true, mInsetsRoundedCornerFrame=false}, InsetsSource: {mType=ITYPE_TOP_TAPPABLE_ELEMENT, mFrame=[0,0][1080,88], mVisible=true, mInsetsRoundedCornerFrame=false}, InsetsSource: {mType=ITYPE_BOTTOM_TAPPABLE_ELEMENT, mFrame=[0,2274][1080,2400], mVisible=true, mInsetsRoundedCornerFrame=false}, InsetsSource: {mType=ITYPE_IME, mFrame=[0,0][0,0], mVisibleFrame=[0,2274][1080,2400], mVisible=false, mInsetsRoundedCornerFrame=false} } host=org.jetbrains.android_benchmark.test/androidx.benchmark.IsolationActivity from=android.view.ViewRootImpl$ViewRootHandler.handleMessageImpl:6740
04-19 15:59:50.832  5628  5652 V WindowManager: Relayout hash=cee1519, pid=8513, syncId=-1: mAttrs={(0,0)(fillx88) gr=TOP CENTER_VERTICAL sim={adjust=pan} layoutInDisplayCutoutMode=always ty=STATUS_BAR fmt=TRANSLUCENT
04-19 15:59:50.832  5628  5652 V WindowManager:   fl=81000008
04-19 15:59:50.832  5628  5652 V WindowManager:   pfl=13000000
04-19 15:59:50.832  5628  5652 V WindowManager:   bhv=DEFAULT
04-19 15:59:50.832  5628  5652 V WindowManager:   paramsForRotation=
04-19 15:59:50.832  5628  5652 V WindowManager:   rot[0]={(0,0)(fillx88) gr=TOP CENTER_VERTICAL layoutInDisplayCutoutMode=always ty=STATUS_BAR fmt=TRANSLUCENT
04-19 15:59:50.832  5628  5652 V WindowManager:   fl=80000008
04-19 15:59:50.832  5628  5652 V WindowManager:   pfl=11000000
04-19 15:59:50.832  5628  5652 V WindowManager:   bhv=DEFAULT naviIconColor=0}
04-19 15:59:50.832  5628  5652 V WindowManager:   rot[1]={(0,0)(fillx63) gr=TOP CENTER_VERTICAL layoutInDisplayCutoutMode=always ty=STATUS_BAR fmt=TRANSLUCENT
04-19 15:59:50.832  5628  5652 V WindowManager:   fl=80000008
04-19 15:59:50.832  5628  5652 V WindowManager:   pfl=11000000
04-19 15:59:50.832  5628  5652 V WindowManager:   bhv=DEFAULT naviIconColor=0}
04-19 15:59:50.832  5628  5652 V WindowManager:   rot[2]={(0,0)(fillx88) gr=TOP CENTER_VERTICAL layoutInDisplayCutoutMode=always ty=STATUS_BAR fmt=TRANSLUCENT
04-19 15:59:50.832  5628  5652 V WindowManager:   fl=80000008
04-19 15:59:50.832  5628  5652 V WindowManager:   pfl=11000000
04-19 15:59:50.832  5628  5652 V WindowManager:   bhv=DEFAULT naviIconColor=0}
04-19 15:59:50.832  5628  5652 V WindowManager:   rot[3]={(0,0)(fillx63) gr=TOP CENTER_VERTICAL layoutInDisplayCutoutMode=always ty=STATUS_BAR fmt=TRANSLUCENT
04-19 15:59:50.832  5628  5652 V WindowManager:   fl=80000008
04-19 15:59:50.832  5628  5652 V WindowManager:   pfl=11000000
04-19 15:59:50.832  5628  5652 V WindowManager:   bhv=DEFAULT naviIconColor=0} naviIconColor=0}
04-19 15:59:50.838  5331  5331 I Layer   : id=19352 removeFromCurrentState Surface(name=cee1519 StatusBar)/@0xa388342 - animation-leash of insets_animation#19352 (148)
04-19 15:59:50.838  5331  5331 I SurfaceFlinger: id=19352 Removed Surface(name=cee1519 StatusBar)/@0xa388342 - animation-leash of insets_animation#19352 (148)
04-19 15:59:50.838  5331  5331 I Layer   : id=19352 Destroyed Surface(name=cee1519 StatusBar)/@0xa388342 - animation-leash of insets_animation#19352
04-19 15:59:50.841  8513  8513 I ViewRootImpl@2a26f07[StatusBar]: updateBlastSurfaceIfNeeded mBlastBufferQueue=0x7d30703d00 isSameSurfaceControl=true
04-19 15:59:50.842  8513  8513 I BLASTBufferQueue: update, w= 1080 h= 88 mName = ViewRootImpl@2a26f07[StatusBar] mNativeObject= 0x7d30703d00 sc.mNativeObject= 0x7ca00a9700 format= -3 caller= android.view.ViewRootImpl.updateBlastSurfaceIfNeeded:2898 android.view.ViewRootImpl.relayoutWindow:9847 android.view.ViewRootImpl.performTraversals:3884 android.view.ViewRootImpl.doTraversal:3116 android.view.ViewRootImpl$TraversalRunnable.run:10885 android.view.Choreographer$CallbackRecord.run:1301
04-19 15:59:50.842  8513  8513 I ViewRootImpl@2a26f07[StatusBar]: Relayout returned: old=(0,0,1080,88) new=(0,0,1080,88) req=(1080,88)0 dur=37 res=0x1 s={true 0x7d30718800} ch=false seqId=116
04-19 15:59:50.842  8513  8513 I ViewRootImpl@2a26f07[StatusBar]: reportNextDraw android.view.ViewRootImpl.performTraversals:4438 android.view.ViewRootImpl.doTraversal:3116 android.view.ViewRootImpl$TraversalRunnable.run:10885 android.view.Choreographer$CallbackRecord.run:1301 android.view.Choreographer$CallbackRecord.run:1309
04-19 15:59:50.842  8513  8513 I ViewRootImpl@2a26f07[StatusBar]: Setup new sync id=669
04-19 15:59:50.842  8513  8513 I ViewRootImpl@2a26f07[StatusBar]: Setting syncFrameCallback
04-19 15:59:50.842  8513  8513 I ViewRootImpl@2a26f07[StatusBar]: registerCallbacksForSync syncBuffer=false
04-19 15:59:50.843  8513  8596 I ViewRootImpl@2a26f07[StatusBar]: Received frameDrawingCallback syncResult=0 frameNum=29298.
04-19 15:59:50.844  8513  8596 I ViewRootImpl@2a26f07[StatusBar]: Setting up sync and frameCommitCallback
04-19 15:59:50.845  5331  5331 D SurfaceFlinger: Display 0 HWC layers:
04-19 15:59:50.845  5331  5331 D SurfaceFlinger:  SOLID_COLOR |              | 0000 |  Unknown  |    0.0    0.0    0.0    0.0 |    0    0 1080   88 | Letterbox - top#19345
04-19 15:59:50.845  5331  5331 D SurfaceFlinger:      DEVICE | 0x79aa45dc40 | 0102 | RGBA_8888    |    0.0    0.0 1080.0 2312.0 |    0   88 1080 2400 | org.jetbrains.android_benchmark.test[...]hmark.IsolationActivity$_17564#19341
04-19 15:59:50.845  5331  5331 D SurfaceFlinger:      DEVICE | 0x79c63ef680 | 0100 | RGBA_8888    |  810.0  452.0  975.0  617.0 |  810  452  975  617 | FreeformContainer$_8492#19256
04-19 15:59:50.845  5331  5331 D SurfaceFlinger:      DEVICE | 0x79c63f1340 | 0100 | RGBA_8888    |    0.0    0.0 1080.0  126.0 |    0 2274 1080 2400 | NavigationBar0$_8513#92
04-19 15:59:50.845  5331  5331 D SurfaceFlinger:      DEVICE | 0x79c7ec87c0 | 0140 | RGBA_8888    |    0.0    0.0 1080.0  100.0 |    0    0 1080  100 | ScreenDecorOverlay$_8513#6827
04-19 15:59:50.845  5331  5331 D SurfaceFlinger:      DEVICE | 0x79a9f42580 | 0140 | RGBA_8888    |    0.0    0.0 1080.0  100.0 |    0 2300 1080 2400 | ScreenDecorOverlayBottom$_8513#6828
04-19 15:59:50.845  5331  5331 D SurfaceFlinger:
04-19 15:59:50.848 17564 17590 I ViewRootImpl@8fe1f7e[IsolationActivity]: Resizing android.view.ViewRootImpl@eefda71: frame = [0,88][1080,2400] reportDraw = false forceLayout = false syncSeqId = 0
04-19 15:59:50.849 17564 17564 D InsetsController: onStateChanged: InsetsState: {mDisplayFrame=Rect(0, 0 - 1080, 2400), mDisplayCutout=DisplayCutout{insets=Rect(0, 88 - 0, 0) waterfall=Insets{left=0, top=0, right=0, bottom=0} boundingRect={Bounds=[Rect(0, 0 - 0, 0), Rect(512, 0 - 568, 88), Rect(0, 0 - 0, 0), Rect(0, 0 - 0, 0)]} cutoutPathParserInfo={CutoutPathParserInfo{displayWidth=1080 displayHeight=2400 physicalDisplayWidth=1080 physicalDisplayHeight=2400 density={2.625} cutoutSpec={M 0,0 M 0,12.25101276465640 a 10.60613009248640,10.60613009248640 0 1,0 0,21.21226018497290 a 10.60613009248640,10.60613009248640 0 1,0 0,-21.21226018497290 Z @dp} rotation={0} scale={1.0} physicalPixelDisplaySizeRatio={1.0}}}}, mRoundedCorners=RoundedCorners{[RoundedCorner{position=TopLeft, radius=84, center=Point(84, 84)}, RoundedCorner{position=TopRight, radius=84, center=Point(996, 84)}, RoundedCorner{position=BottomRight, radius=84, center=Point(996, 2316)}, RoundedCorner{position=BottomLeft, radius=84, center=Point(84, 2316)}]}  mRoundedCornerFrame=Rect(0, 0 - 1080, 2400), mPrivacyIndicatorBounds=PrivacyIndicatorBounds {static bounds=Rect(964, 0 - 1080, 88) rotation=0}, mSources= { InsetsSource: {mType=ITYPE_STATUS_BAR, mFrame=[0,0][1080,88], mVisible=false, mInsetsRoundedCornerFrame=false}, InsetsSource: {mType=ITYPE_NAVIGATION_BAR, mFrame=[0,2274][1080,2400], mVisible=true, mInsetsRoundedCornerFrame=false}, InsetsSource: {mType=ITYPE_LEFT_GESTURES, mFrame=[0,0][0,2400], mVisible=true, mInsetsRoundedCornerFrame=false}, InsetsSource: {mType=ITYPE_RIGHT_GESTURES, mFrame=[1080,0][1080,2400], mVisible=true, mInsetsRoundedCornerFrame=false}, InsetsSource: {mType=ITYPE_TOP_MANDATORY_GESTURES, mFrame=[0,0][1080,120], mVisible=true, mInsetsRoundedCornerFrame=false}, InsetsSource: {mType=ITYPE_BOTTOM_MANDATORY_GESTURES, mFrame=[0,2274][1080,2400], mVisible=true, mInsetsRoundedCornerFrame=false}, InsetsSource: {mType=ITYPE_LEFT_DISPLAY_CUTOUT, mFrame=[0,0][-100000,2400], mVisible=true, mInsetsRoundedCornerFrame=false}, InsetsSource: {mType=ITYPE_TOP_DISPLAY_CUTOUT, mFrame=[0,0][1080,88], mVisible=true, mInsetsRoundedCornerFrame=false}, InsetsSource: {mType=ITYPE_RIGHT_DISPLAY_CUTOUT, mFrame=[100000,0][1080,2400], mVisible=true, mInsetsRoundedCornerFrame=false}, InsetsSource: {mType=ITYPE_BOTTOM_DISPLAY_CUTOUT, mFrame=[0,100000][1080,2400], mVisible=true, mInsetsRoundedCornerFrame=false}, InsetsSource: {mType=ITYPE_TOP_TAPPABLE_ELEMENT, mFrame=[0,0][1080,88], mVisible=true, mInsetsRoundedCornerFrame=false}, InsetsSource: {mType=ITYPE_BOTTOM_TAPPABLE_ELEMENT, mFrame=[0,2274][1080,2400], mVisible=true, mInsetsRoundedCornerFrame=false}, InsetsSource: {mType=ITYPE_IME, mFrame=[0,0][0,0], mVisibleFrame=[0,2274][1080,2400], mVisible=false, mInsetsRoundedCornerFrame=false} } host=org.jetbrains.android_benchmark.test/androidx.benchmark.IsolationActivity from=android.view.ViewRootImpl$ViewRootHandler.handleMessageImpl:6727
04-19 15:59:50.849 17564 17564 I ViewRootImpl@8fe1f7e[IsolationActivity]: handleResized, msg = 4 frames=ClientWindowFrames{frame=[0,88][1080,2400] display=[0,88][1080,2400] parentFrame=[0,0][0,0] parentClippedByDisplayCutout=false} forceNextWindowRelayout=false displayId=0 resizeMode=-1 frameChanged=false displayFrameChanged=false configChanged=false displayChanged=false
04-19 15:59:50.852  8513  8575 I ViewRootImpl@2a26f07[StatusBar]: Received frameCommittedCallback lastAttemptedDrawFrameNum=29298 didProduceBuffer=true
04-19 15:59:50.854  8492  8508 I ViewRootImpl@da2db48[FreeformContainer]: Resizing android.view.ViewRootImpl@cae63f4: frame = [0,0][1080,2400] reportDraw = false forceLayout = false syncSeqId = 0
04-19 15:59:50.854  8492  8568 D InsetsController: onStateChanged: InsetsState: {mDisplayFrame=Rect(0, 0 - 1080, 2400), mDisplayCutout=DisplayCutout{insets=Rect(0, 88 - 0, 0) waterfall=Insets{left=0, top=0, right=0, bottom=0} boundingRect={Bounds=[Rect(0, 0 - 0, 0), Rect(512, 0 - 568, 88), Rect(0, 0 - 0, 0), Rect(0, 0 - 0, 0)]} cutoutPathParserInfo={CutoutPathParserInfo{displayWidth=1080 displayHeight=2400 physicalDisplayWidth=1080 physicalDisplayHeight=2400 density={2.625} cutoutSpec={M 0,0 M 0,12.25101276465640 a 10.60613009248640,10.60613009248640 0 1,0 0,21.21226018497290 a 10.60613009248640,10.60613009248640 0 1,0 0,-21.21226018497290 Z @dp} rotation={0} scale={1.0} physicalPixelDisplaySizeRatio={1.0}}}}, mRoundedCorners=RoundedCorners{[RoundedCorner{position=TopLeft, radius=84, center=Point(84, 84)}, RoundedCorner{position=TopRight, radius=84, center=Point(996, 84)}, RoundedCorner{position=BottomRight, radius=84, center=Point(996, 2316)}, RoundedCorner{position=BottomLeft, radius=84, center=Point(84, 2316)}]}  mRoundedCornerFrame=Rect(0, 0 - 0, 0), mPrivacyIndicatorBounds=PrivacyIndicatorBounds {static bounds=Rect(964, 0 - 1080, 88) rotation=0}, mSources= { InsetsSource: {mType=ITYPE_STATUS_BAR, mFrame=[0,0][1080,88], mVisible=false, mInsetsRoundedCornerFrame=false}, InsetsSource: {mType=ITYPE_NAVIGATION_BAR, mFrame=[0,2274][1080,2400], mVisible=true, mInsetsRoundedCornerFrame=false}, InsetsSource: {mType=ITYPE_LEFT_GESTURES, mFrame=[0,0][0,2400], mVisible=true, mInsetsRoundedCornerFrame=false}, InsetsSource: {mType=ITYPE_RIGHT_GESTURES, mFrame=[1080,0][1080,2400], mVisible=true, mInsetsRoundedCornerFrame=false}, InsetsSource: {mType=ITYPE_TOP_MANDATORY_GESTURES, mFrame=[0,0][1080,120], mVisible=true, mInsetsRoundedCornerFrame=false}, InsetsSource: {mType=ITYPE_BOTTOM_MANDATORY_GESTURES, mFrame=[0,2274][1080,2400], mVisible=true, mInsetsRoundedCornerFrame=false}, InsetsSource: {mType=ITYPE_LEFT_DISPLAY_CUTOUT, mFrame=[0,0][-100000,2400], mVisible=true, mInsetsRoundedCornerFrame=false}, InsetsSource: {mType=ITYPE_TOP_DISPLAY_CUTOUT, mFrame=[0,0][1080,88], mVisible=true, mInsetsRoundedCornerFrame=false}, InsetsSource: {mType=ITYPE_RIGHT_DISPLAY_CUTOUT, mFrame=[100000,0][1080,2400], mVisible=true, mInsetsRoundedCornerFrame=false}, InsetsSource: {mType=ITYPE_BOTTOM_DISPLAY_CUTOUT, mFrame=[0,100000][1080,2400], mVisible=true, mInsetsRoundedCornerFrame=false}, InsetsSource: {mType=ITYPE_TOP_TAPPABLE_ELEMENT, mFrame=[0,0][1080,88], mVisible=true, mInsetsRoundedCornerFrame=false}, InsetsSource: {mType=ITYPE_BOTTOM_TAPPABLE_ELEMENT, mFrame=[0,2274][1080,2400], mVisible=true, mInsetsRoundedCornerFrame=false} } host=FreeformContainer from=android.view.ViewRootImpl$ViewRootHandler.handleMessageImpl:6727
04-19 15:59:50.855  5628  9148 V LocationManagerService: passive provider registration 5023/com.samsung.android.networkdiagnostic/4FDF9C6D dropped delivery - too close
04-19 15:59:50.855  8492  8568 I ViewRootImpl@da2db48[FreeformContainer]: handleResized, msg = 4 frames=ClientWindowFrames{frame=[0,0][1080,2400] display=[-100000,-100000][100000,100000] parentFrame=[0,0][0,0] parentClippedByDisplayCutout=false} forceNextWindowRelayout=false displayId=0 resizeMode=-1 frameChanged=false displayFrameChanged=false configChanged=false displayChanged=false
04-19 15:59:50.855  8513  8513 I ViewRootImpl@2a26f07[StatusBar]: onSyncComplete
04-19 15:59:50.855  8513  8513 I ViewRootImpl@2a26f07[StatusBar]: setupSync seqId=116 mSyncId=669 fn=29298 caller=android.view.ViewRootImpl$$ExternalSyntheticLambda11.accept:6 android.window.SurfaceSyncer.lambda$setupSync$1$android-window-SurfaceSyncer:128 android.window.SurfaceSyncer$$ExternalSyntheticLambda1.accept:8 android.window.SurfaceSyncer$SyncSet.checkIfSyncIsComplete:382 android.window.SurfaceSyncer$SyncSet.markSyncReady:359 android.window.SurfaceSyncer.markSyncReady:151 android.view.ViewRootImpl.performTraversals:4503
04-19 15:59:50.855  8513 10615 I ViewRootImpl@16ee4ad[NavigationBar0]: Resizing android.view.ViewRootImpl@534bc2e: frame = [0,2274][1080,2400] reportDraw = false forceLayout = false syncSeqId = 88
04-19 15:59:50.856  8513 10475 I ViewRootImpl@11d6108[ScreenDecorOverlay]: Resizing android.view.ViewRootImpl@95de023: frame = [0,0][1080,100] reportDraw = false forceLayout = false syncSeqId = 173
04-19 15:59:50.856  8513  8513 I ViewRootImpl@2a26f07[StatusBar]: reportDrawFinished seqId=116 mSyncId=-1 fn=29298 mSurfaceChangedTransaction=0x7d30429000
04-19 15:59:50.856  8513  9595 I ViewRootImpl@11d6108[ScreenDecorOverlay]: handleResized, msg = 4 frames=ClientWindowFrames{frame=[0,0][1080,100] display=[0,0][1080,2400] parentFrame=[0,0][0,0] parentClippedByDisplayCutout=false} forceNextWindowRelayout=false displayId=0 resizeMode=-1 frameChanged=false displayFrameChanged=false configChanged=false displayChanged=false
04-19 15:59:50.856  5628  9148 V LocationManagerService: passive provider registration 1000/android[SensorNotificationService]/B3D20444 dropped delivery - too close
04-19 15:59:50.858  8513 10475 I ViewRootImpl@814549e[ScreenDecorOverlayBottom]: Resizing android.view.ViewRootImpl@3ad309b: frame = [0,2300][1080,2400] reportDraw = false forceLayout = false syncSeqId = 174
04-19 15:59:50.858  8513  9595 I ViewRootImpl@814549e[ScreenDecorOverlayBottom]: handleResized, msg = 4 frames=ClientWindowFrames{frame=[0,2300][1080,2400] display=[0,0][1080,2400] parentFrame=[0,0][0,0] parentClippedByDisplayCutout=false} forceNextWindowRelayout=false displayId=0 resizeMode=-1 frameChanged=false displayFrameChanged=false configChanged=false displayChanged=false
04-19 15:59:50.862  8513  8513 D KeyguardSecAffordanceView: reset right:false
04-19 15:59:50.862  5628  8841 D SLocation: PositionManager - PassiveonLocationChanged fused 1681912790789
04-19 15:59:50.862  8513  8513 D KeyguardSecAffordanceView: reset right:true
04-19 15:59:50.863  5628  8841 W SLocation: PositionManager - do not refresh last location about fused location
04-19 15:59:50.863  8513  8513 V SecQsTransitionAnimator: restorePanelView
04-19 15:59:50.864  8513  8513 D MultiSIMPreferredSlotBar: setExpanded : false mShowing : true
04-19 15:59:50.864  5628  8841 D SLocation: ARDistanceBigData - BIGDATA ARD - receive location
04-19 15:59:50.864  8513  8513 D MultiSIMController: unRegisterSimCardManagerCallback : mSimCardManagerService is null
04-19 15:59:50.864  8513  8513 V SecQsTransitionAnimator: restorePanelView
04-19 15:59:50.864  8513  8513 D MultiSIMPreferredSlotBar: setExpanded : false mShowing : true
04-19 15:59:50.864  8513  8513 D MultiSIMController: unRegisterSimCardManagerCallback : mSimCardManagerService is null
04-19 15:59:50.864  8513  8513 D MultiSIMPreferredSlotBar: setExpanded : false mShowing : true
04-19 15:59:50.864  8513  8513 D MultiSIMController: unRegisterSimCardManagerCallback : mSimCardManagerService is null
04-19 15:59:50.865  8513  8513 D KeyguardTouchAnimator: reset unlockExecuted=false
04-19 15:59:50.865  8513  8513 D KeyguardEditModeAnimatorController: reset false
04-19 15:59:50.865  8513  8513 D KeyguardEditModeAnimatorController: long pressed false
04-19 15:59:50.865  8513  8513 D KeyguardEditModeAnimatorController: resetViews
04-19 15:59:50.865  8513  8513 D KeyguardEditModeController: cancel() true
04-19 15:59:50.865  8513  8513 D KeyguardTouchAnimator: resetChildViewVI(): false
