04-27 20:30:00.532  5429  5655 D WifiNetworkFactory: got request NetworkRequest [ REQUEST id=3959, [ Capabilities: INTERNET&NOT_RESTRICTED&TRUSTED&NOT_VCN_MANAGED Uid: 10006 RequestorUid: 10006 RequestorPkg: com.linkedin.android UnderlyingNetworks: Null] ]
04-27 20:30:00.532  5429  5655 D UntrustedWifiNetworkFactory: got request NetworkRequest [ REQUEST id=3959, [ Capabilities: INTERNET&NOT_RESTRICTED&TRUSTED&NOT_VCN_MANAGED Uid: 10006 RequestorUid: 10006 RequestorPkg: com.linkedin.android UnderlyingNetworks: Null] ]
04-27 20:30:00.533  5429  5655 D OemPaidWifiNetworkFactory: got request NetworkRequest [ REQUEST id=3959, [ Capabilities: INTERNET&NOT_RESTRICTED&TRUSTED&NOT_VCN_MANAGED Uid: 10006 RequestorUid: 10006 RequestorPkg: com.linkedin.android UnderlyingNetworks: Null] ]
04-27 20:30:00.534  5429  5665 D ConnectivityService: Rematched networks [computed 1ms] [applied 1ms] [issued 14]
04-27 20:30:00.534  5429  5655 D MultiInternetWifiNetworkFactory: got request NetworkRequest [ REQUEST id=3959, [ Capabilities: INTERNET&NOT_RESTRICTED&TRUSTED&NOT_VCN_MANAGED Uid: 10006 RequestorUid: 10006 RequestorPkg: com.linkedin.android UnderlyingNetworks: Null] ]
04-27 20:30:00.534  5429  5665 D ConnectivityService: NetworkReassignment :
04-27 20:30:00.534  5429  5665 D ConnectivityService:   3959 : null → 108
04-27 20:30:00.685  3729  3729 I FlagshipApplication: [main] Granular phase APP_DEPENDENCY_INJECTION completed. Interval(startNanos=1682620200523000000ns, durationNanos=161000000ns)
04-27 20:30:00.819  5429  5442 D PackageManager: setEnabledSetting : userId = 0 packageName = com.linkedin.android cmp = androidx.work.impl.background.systemjob.SystemJobService newState = 1 callingPackage = 10006/com.linkedin.android
04-27 20:30:00.821  5429  5442 D ApplicationPolicy: getApplicationStateEnabled : pkg = com.linkedin.android userId : 0
04-27 20:30:00.822  5429  5442 D ApplicationPolicy: getApplicationComponentState : pkg = com.linkedin.android userId : 0
04-27 20:30:00.939  3729  3771 D ConnectivityManager: StackLog: [android.net.ConnectivityManager.sendRequestForNetwork(ConnectivityManager.java:4191)] [android.net.ConnectivityManager.registerDefaultNetworkCallbackForUid(ConnectivityManager.java:4755)] [android.net.ConnectivityManager.registerDefaultNetworkCallback(ConnectivityManager.java:4722)] [org.chromium.net.NetworkChangeNotifierAutoDetect$RegistrationPolicy.register(NetworkChangeNotifierAutoDetect.java:38)] [org.chromium.net.RegistrationPolicyAlwaysRegister.init(RegistrationPolicyAlwaysRegister.java:3)] [org.chromium.net.NetworkChangeNotifierAutoDetect.<init>(NetworkChangeNotifierAutoDetect.java:105)] [org.chromium.net.NetworkChangeNotifier.setAutoDetectConnectivityStateInternal(NetworkChangeNotifier.java:14)] [org.chromium.net.impl.CronetLibraryLoader.ensureInitializedOnInitThread(CronetLibraryLoader.java:17)] [org.chromium.net.impl.CronetLibraryLoader$1.run(CronetLibraryLoader.java:1)]
04-27 20:30:00.945  5429  5442 D ConnectivityService: requestNetwork for uid/pid:10006/3729 activeRequest: null callbackRequest: 3960 [NetworkRequest [ REQUEST id=3961, [ Capabilities: INTERNET&NOT_RESTRICTED&TRUSTED&NOT_VCN_MANAGED Uid: 10006 RequestorUid: 10006 RequestorPkg: com.linkedin.android UnderlyingNetworks: Null] ]] callback flags: 0 order: 2147483647
04-27 20:30:00.947  5429  5665 D ConnectivityService:    accepting network in place of null
04-27 20:30:00.957  5429  5655 D WifiNetworkFactory: got request NetworkRequest [ REQUEST id=3961, [ Capabilities: INTERNET&NOT_RESTRICTED&TRUSTED&NOT_VCN_MANAGED Uid: 10006 RequestorUid: 10006 RequestorPkg: com.linkedin.android UnderlyingNetworks: Null] ]
04-27 20:30:00.957  5429  5655 D UntrustedWifiNetworkFactory: got request NetworkRequest [ REQUEST id=3961, [ Capabilities: INTERNET&NOT_RESTRICTED&TRUSTED&NOT_VCN_MANAGED Uid: 10006 RequestorUid: 10006 RequestorPkg: com.linkedin.android UnderlyingNetworks: Null] ]
04-27 20:30:00.959  3729  3771 D ConnectivityManager: StackLog: [android.net.ConnectivityManager.sendRequestForNetwork(ConnectivityManager.java:4191)] [android.net.ConnectivityManager.sendRequestForNetwork(ConnectivityManager.java:4233)] [android.net.ConnectivityManager.registerNetworkCallback(ConnectivityManager.java:4615)] [org.chromium.net.NetworkChangeNotifierAutoDetect$RegistrationPolicy.register(NetworkChangeNotifierAutoDetect.java:111)] [org.chromium.net.RegistrationPolicyAlwaysRegister.init(RegistrationPolicyAlwaysRegister.java:3)] [org.chromium.net.NetworkChangeNotifierAutoDetect.<init>(NetworkChangeNotifierAutoDetect.java:105)] [org.chromium.net.NetworkChangeNotifier.setAutoDetectConnectivityStateInternal(NetworkChangeNotifier.java:14)] [org.chromium.net.impl.CronetLibraryLoader.ensureInitializedOnInitThread(CronetLibraryLoader.java:17)] [org.chromium.net.impl.CronetLibraryLoader$1.run(CronetLibraryLoader.java:1)]
04-27 20:30:00.959  5429  5655 D OemPaidWifiNetworkFactory: got request NetworkRequest [ REQUEST id=3961, [ Capabilities: INTERNET&NOT_RESTRICTED&TRUSTED&NOT_VCN_MANAGED Uid: 10006 RequestorUid: 10006 RequestorPkg: com.linkedin.android UnderlyingNetworks: Null] ]
04-27 20:30:00.960  5429  5655 D MultiInternetWifiNetworkFactory: got request NetworkRequest [ REQUEST id=3961, [ Capabilities: INTERNET&NOT_RESTRICTED&TRUSTED&NOT_VCN_MANAGED Uid: 10006 RequestorUid: 10006 RequestorPkg: com.linkedin.android UnderlyingNetworks: Null] ]
04-27 20:30:00.961  5429  5665 D ConnectivityService: Rematched networks [computed 0ms] [applied 2ms] [issued 12]
04-27 20:30:00.961  5429  5665 D ConnectivityService: NetworkReassignment :
04-27 20:30:00.961  5429  5665 D ConnectivityService:   3961 : null → 108
04-27 20:30:00.968  5429  5665 D ConnectivityService: Rematched networks [computed 0ms] [applied 1ms] [issued 4]
04-27 20:30:00.968  5429  5665 D ConnectivityService: NetworkReassignment : no changes
04-27 20:30:00.976  3729  3770 D CompatibilityChangeReporter: Compat change id reported: 160794467; UID 10006; state: ENABLED
04-27 20:30:01.117  3729  3769 I cr_CronetLibraryLoader: Cronet version: 102.0.5005.125, arch: aarch64
04-27 20:30:01.171  3729  3785 I LMDBLRUCache: Entry init duration: 2ms
04-27 20:30:01.172  3729  3729 W DaggerInfraApplicationD: [main] Cannot set the application tracking stack multiple times. Skipping assignment.
04-27 20:30:01.172  3729  3729 D GlobalSequence: Global Sequence already initialized. Ignoring
04-27 20:30:01.228  3729  3790 W ThreadPoolExecutor: [ConnectionMonitor-1] ConnectionStateChangedListener added to ConnectionMonitor, but ConnectionMonitor has not been started.
04-27 20:30:01.270  5429  5705 I ChimeraAggressivePolicyHandler: executePolicy() - triggerSource: TRIGGER_SOURCE_LMKD
04-27 20:30:01.272  5429  5705 I ChimeraAggressivePolicyHandler: available memory: 912420, free memory target: 870400, quit chimera
04-27 20:30:01.389  5429  5751 D NetdEventListenerService: DNS Requested by : 108, 10006
04-27 20:30:01.672  3729  3729 D AppLaunchRateLimiter: [main] shouldLimitAppLaunchNetworkCalls: S600
04-27 20:30:01.674  3729  3729 D LaunchManagerImpl: [main] onAppProcessStarted(): shouldLimitNetworkCalls=false
04-27 20:30:01.689  3729  3729 D ShortcutBadger: Finding badger
04-27 20:30:01.722  3729  3729 D ShortcutBadger: Current badger:me.leolin.shortcutbadger.impl.DefaultBadger
04-27 20:30:01.744  3729  3785 V ShareDataStoreManager: [LMDBCache-Writer (flagship-disk-cache-lmdb)] Saved ShareDataStore using FissionTransaction to cache successfully
04-27 20:30:01.868  3729  3810 W WM-WorkSpec: Flex duration lesser than minimum allowed value; Changed to 300000
04-27 20:30:01.984  3729  3810 W WM-WorkSpec: Flex duration lesser than minimum allowed value; Changed to 300000
04-27 20:30:02.030  5095  5095 I SurfaceFlinger: SFWD update time=22511223531396
04-27 20:30:02.051  3729  3810 W WM-WorkSpec: Flex duration lesser than minimum allowed value; Changed to 300000
04-27 20:30:02.123  3729  3729 D EventBus: No subscribers registered for event class com.linkedin.android.infra.events.VideoAutoPlaySettingChangedEvent
04-27 20:30:02.123  3729  3729 D EventBus: No subscribers registered for event class org.greenrobot.eventbus.NoSubscriberEvent
04-27 20:30:02.145  3729  3729 D CompatibilityChangeReporter: Compat change id reported: 194532703; UID 10006; state: ENABLED
04-27 20:30:02.161  3729  3823 W WM-WorkSpec: Flex duration lesser than minimum allowed value; Changed to 300000
04-27 20:30:02.230  3729  3810 W WM-WorkSpec: Flex duration lesser than minimum allowed value; Changed to 300000
04-27 20:30:02.249  3729  3729 I Choreographer: Skipped 104 frames!  The application may be doing too much work on its main thread.
04-27 20:30:02.321  5429  5835 D PackageManager: setEnabledSetting : userId = 0 packageName = com.linkedin.android cmp = androidx.work.impl.background.systemalarm.RescheduleReceiver newState = 1 callingPackage = 10006/com.linkedin.android
04-27 20:30:02.323  5429  5835 D ApplicationPolicy: getApplicationStateEnabled : pkg = com.linkedin.android userId : 0
04-27 20:30:02.324  5429  5835 D ApplicationPolicy: getApplicationComponentState : pkg = com.linkedin.android userId : 0
04-27 20:30:02.348  3729  3743 W libc    : Access denied finding property "sys.perf.boostopt"
04-27 20:30:02.350  4899  4899 E audit   : type=1400 audit(1682620202.343:17963): avc:  denied  { read } for  pid=3729 comm="binder:3729_3" name="u:object_r:perf_prop:s0" dev="tmpfs" ino=21617 scontext=u:r:untrusted_app:s0:c6,c256,c512,c768 tcontext=u:object_r:perf_prop:s0 tclass=file permissive=0 SEPF_SM-A515F_13_0001 audit_filtered
04-27 20:30:02.350  4899  4899 E audit   : type=1300 audit(1682620202.343:17963): arch=c00000b7 syscall=56 success=no exit=-13 a0=ffffff9c a1=78049b52f8 a2=88000 a3=0 items=0 ppid=4924 pid=3729 auid=4294967295 uid=10006 gid=10006 euid=10006 suid=10006 fsuid=10006 egid=10006 sgid=10006 fsgid=10006 tty=(none) ses=4294967295 comm="binder:3729_3" exe="/system/bin/app_process64" subj=u:r:untrusted_app:s0:c6,c256,c512,c768 key=(null)
04-27 20:30:02.350  4899  4899 E audit   : type=1327 audit(1682620202.343:17963): proctitle="com.linkedin.android"
04-27 20:30:02.360  3729  3810 W WM-WorkSpec: Flex duration lesser than minimum allowed value; Changed to 300000
04-27 20:30:02.372  5429  5835 D PackageManager: setEnabledSetting : userId = 0 packageName = com.linkedin.android cmp = com.linkedin.android.messaging.MessagingNotificationReceiver newState = 1 callingPackage = 10006/com.linkedin.android
04-27 20:30:02.373  5429  5835 D ApplicationPolicy: getApplicationStateEnabled : pkg = com.linkedin.android userId : 0
04-27 20:30:02.374  5429  5835 D ApplicationPolicy: getApplicationComponentState : pkg = com.linkedin.android userId : 0
04-27 20:30:02.407  5429  5488 W libprocessgroup: Failed to open /dev/blkio//cgroup.procs: No such file or directory
04-27 20:30:02.419  3729  3817 D ConnectivityManager: StackLog: [android.net.ConnectivityManager.sendRequestForNetwork(ConnectivityManager.java:4191)] [android.net.ConnectivityManager.registerDefaultNetworkCallbackForUid(ConnectivityManager.java:4755)] [android.net.ConnectivityManager.registerDefaultNetworkCallback(ConnectivityManager.java:4722)] [android.net.ConnectivityManager.registerDefaultNetworkCallback(ConnectivityManager.java:4696)] [androidx.work.impl.constraints.trackers.NetworkStateTracker.startTracking(NetworkStateTracker.java:19)] [androidx.work.impl.constraints.controllers.ConstraintController.replace(ConstraintController.java:136)] [androidx.work.impl.constraints.WorkConstraintsTracker.replace(WorkConstraintsTracker.java:39)] [androidx.work.impl.background.greedy.GreedyScheduler.schedule(GreedyScheduler.java:301)] [androidx.work.impl.Schedulers.schedule(Schedulers.java:152)] [androidx.work.impl.utils.EnqueueRunnable.run(EnqueueRunnable.java:52)] [androidx.work.impl.utils.SerialExecutor$Task.run(SerialExecutor.java:5)] [java.util.concurrent.ThreadPoolExecutor.runWorker(ThreadPoolExecutor.java:1137)] [java.util.concurrent.ThreadPoolExecutor$Worker.run(ThreadPoolExecutor.java:637)] [java.lang.Thread.run(Thread.java:1012)]
04-27 20:30:02.422  5429  5442 D ConnectivityService: requestNetwork for uid/pid:10006/3729 activeRequest: null callbackRequest: 3963 [NetworkRequest [ REQUEST id=3964, [ Capabilities: INTERNET&NOT_RESTRICTED&TRUSTED&NOT_VCN_MANAGED Uid: 10006 RequestorUid: 10006 RequestorPkg: com.linkedin.android UnderlyingNetworks: Null] ]] callback flags: 0 order: 2147483647
04-27 20:30:02.423  5429  5665 D ConnectivityService:    accepting network in place of null
04-27 20:30:02.432  5429  5655 D WifiNetworkFactory: got request NetworkRequest [ REQUEST id=3964, [ Capabilities: INTERNET&NOT_RESTRICTED&TRUSTED&NOT_VCN_MANAGED Uid: 10006 RequestorUid: 10006 RequestorPkg: com.linkedin.android UnderlyingNetworks: Null] ]
04-27 20:30:02.433  5429  5655 D UntrustedWifiNetworkFactory: got request NetworkRequest [ REQUEST id=3964, [ Capabilities: INTERNET&NOT_RESTRICTED&TRUSTED&NOT_VCN_MANAGED Uid: 10006 RequestorUid: 10006 RequestorPkg: com.linkedin.android UnderlyingNetworks: Null] ]
04-27 20:30:02.434  5429  5655 D OemPaidWifiNetworkFactory: got request NetworkRequest [ REQUEST id=3964, [ Capabilities: INTERNET&NOT_RESTRICTED&TRUSTED&NOT_VCN_MANAGED Uid: 10006 RequestorUid: 10006 RequestorPkg: com.linkedin.android UnderlyingNetworks: Null] ]
04-27 20:30:02.435  5429  5655 D MultiInternetWifiNetworkFactory: got request NetworkRequest [ REQUEST id=3964, [ Capabilities: INTERNET&NOT_RESTRICTED&TRUSTED&NOT_VCN_MANAGED Uid: 10006 RequestorUid: 10006 RequestorPkg: com.linkedin.android UnderlyingNetworks: Null] ]
04-27 20:30:02.436  5429  5665 D ConnectivityService: Rematched networks [computed 0ms] [applied 2ms] [issued 10]
04-27 20:30:02.436  5429  5665 D ConnectivityService: NetworkReassignment :
04-27 20:30:02.436  5429  5665 D ConnectivityService:   3964 : null → 108
04-27 20:30:02.484  3729  3810 W WM-WorkSpec: Flex duration lesser than minimum allowed value; Changed to 300000
04-27 20:30:02.512  5429  6683 D ApplicationPolicy: isStatusBarNotificationAllowedAsUser: packageName = com.linkedin.android,userId = 0
04-27 20:30:02.515  5429  6683 D ApplicationPolicy: isStatusBarNotificationAllowedAsUser: packageName = com.linkedin.android,userId = 0
04-27 20:30:02.537  2187  2187 I BadgeCountReceiver: badge intent : Intent { act=android.intent.action.BADGE_COUNT_UPDATE flg=0x1000010 cmp=com.sec.android.provider.badge/.BadgeCountReceiver (has extras) }
04-27 20:30:02.538  2187  2187 I BadgeCountReceiver: packageName: com.linkedin.android, className: com.linkedin.android.authenticator.LaunchActivity, count: 28
04-27 20:30:02.543  6323  6323 I BadgeCountUpdaterImpl: onChange
04-27 20:30:02.546  5429  5442 D ApplicationPolicy: isStatusBarNotificationAllowedAsUser: packageName = com.linkedin.android,userId = 0
04-27 20:30:02.547  5429  5442 D ApplicationPolicy: isStatusBarNotificationAllowedAsUser: packageName = com.linkedin.android,userId = 0
04-27 20:30:02.548  6323  6323 I BadgeCountUpdaterImpl: onChange
04-27 20:30:02.549  2187  2187 I BadgeProvider: sendNotify entered. [uri] : content://com.sec.badge/apps
04-27 20:30:02.549  2187  2187 I BadgeProvider: sendNotify, [notify] : null
04-27 20:30:02.552  2187  2187 I BadgeProvider: update, getCallingPackage() : com.sec.android.provider.badge
04-27 20:30:02.552  2187  2187 I BadgeProvider: update, [uri] : content://com.sec.badge/apps
04-27 20:30:02.552  2187  2187 I BadgeProvider: update, [uri.query] : null
04-27 20:30:02.552  2187  2187 I BadgeProvider: update, [BadgeCount] : badgecount=28
04-27 20:30:02.552  2187  2187 I BadgeProvider: update, [UpdateCount] : 1
04-27 20:30:02.573  2187  2187 I BadgeCountReceiver: badge intent : Intent { act=android.intent.action.BADGE_COUNT_UPDATE flg=0x1000010 cmp=com.sec.android.provider.badge/.BadgeCountReceiver (has extras) }
04-27 20:30:02.574  2187  2187 I BadgeCountReceiver: packageName: com.linkedin.android, className: com.linkedin.android.authenticator.LaunchActivity, count: 28
04-27 20:30:02.577  6323  6323 I BadgeCountUpdaterImpl: onChange
04-27 20:30:02.579  6323  6323 I BadgeCountUpdaterImpl: onChange
04-27 20:30:02.579  2187  2187 I BadgeProvider: sendNotify entered. [uri] : content://com.sec.badge/apps
04-27 20:30:02.580  2187  2187 I BadgeProvider: sendNotify, [notify] : null
04-27 20:30:02.580  2187  2187 I BadgeProvider: update, getCallingPackage() : com.sec.android.provider.badge
04-27 20:30:02.580  2187  2187 I BadgeProvider: update, [uri] : content://com.sec.badge/apps
04-27 20:30:02.580  2187  2187 I BadgeProvider: update, [uri.query] : null
04-27 20:30:02.581  2187  2187 I BadgeProvider: update, [BadgeCount] : badgecount=28
04-27 20:30:02.581  2187  2187 I BadgeProvider: update, [UpdateCount] : 1
04-27 20:30:02.593  5429  7411 D SemWifiUsabilityStatsMonitor: onWifiUsabilityStats - seqNum 4072, isSameBssidAndFreq true
04-27 20:30:02.595  5429  5717 I SemWifiLinkQualityMonitor: Link Qos Query: 0.141 ms / 56.571 Mbps (72 / 0.000 / 1.273)
04-27 20:30:02.638  4993  5068 I SensorsHub: context 6 0 5 1,1,55,0,1,3, 29742611068387
04-27 20:30:02.641  5429  5595 D SensorHubManager: onGetSensorHubDataLocked: library(6) = 1, 1, 55, 0, 1, 3
04-27 20:30:02.643  5429  5596 D CAE     : onGetSensorHubData(SensorHubParserProvider.java:89) - onGetSensorHubData Event [event buffer len :6], AP_WAKEUP
04-27 20:30:02.644  5429  5596 I CAE     : parse(SensorHubParserProvider.java:190) - buffer size = 6
04-27 20:30:02.645  5429  5596 I CAE     : parse(SensorHubParserProvider.java:201) - 1, 1, 55, 0, 1, 3,
04-27 20:30:02.645  5429  5596 I CAE     : parse(SLocationRunner.java:88) - SLocationRunner parse start : 3
04-27 20:30:02.646  5429  5596 D CAE     : display(ContextProvider.java:375) - ================= SLOCATION_RUNNER =================
04-27 20:30:02.647  5429  5596 I CAE     : display(ContextProvider.java:391) - ExtraDataArray=[1, 1, 55, 0, 1, 3]
04-27 20:30:02.648  5429  5596 I CAE     : parse(SLocationRunner.java:96) - SLocationRunner parse end:6
04-27 20:30:02.649  5429  5593 D SemContextService: Service.updateContext() : service = SLocation Core
04-27 20:30:02.651  5429  5429 D SemContextManager: onSemContextChanged() : event = SLocation Core
04-27 20:30:02.651  5429  5429 D SLocation: SLocationCoreSem - SemContextChanged type = 47, packet received
04-27 20:30:02.652  5429  6058 I SLocation: SemContextParser -  parse start : 3
04-27 20:30:02.652  5429  6058 I SLocation: SemContextParser -  packet Length : 1packet total size : 6
04-27 20:30:02.652  5429  6058 I SLocation: SemContextParser - packet : [3]
04-27 20:30:02.652  5429  6058 D SLocation: GeofenceCoreManager - received Extra Data from core, len : 1
04-27 20:30:02.655  5429  6058 D SLocation: CommonCoreManager - received Extra Data from core, len : 1
04-27 20:30:02.658  5429  6058 D SLocation: PositionManager - last location time exceed threshold 322976 / 30000
04-27 20:30:02.660  5429  6058 D SLocation: GeopointGeofenceManager - getLastLocation is abnromal!
04-27 20:30:02.660  5429  6058 D SLocation: LocationProviderStatus - try to update provider status (GPS/NLP)
04-27 20:30:02.661  5429  6058 D SLocation: LocationProviderStatus - set isGpsOn : true, isNlpOn : true
04-27 20:30:02.661  5429  6058 D SLocation: LocationProviderStatus - gps & nlp status not changed
04-27 20:30:02.662  5429  6058 D SLocation: SContentManager - IsNetworkAvailable = true
04-27 20:30:02.662  5429  6058 D SLocation: PositionManager - requestLocationUpdates(1) : NETWORK_PROVIDER
04-27 20:30:02.662  5429  6058 D SLocation: NLPManager - requestUpdate - NLP
04-27 20:30:02.679  5429  6058 D LocationManagerService: network provider added registration from 1000/android[SLocationService]/A22C6A3C -> Request[@0 BALANCED, WorkSource{1000 android}]
04-27 20:30:02.714  7025  7069 I RequestManager_FLP: request from system, change packageName from system to system(slocation)
04-27 20:30:02.715  7025  7069 E RequestManager_FLP: [LocationManager] Location request A22C6A3C(Listener) network interval=0ms (min=0ms) from system(slocation) (1000_FINE_unknown_false_foreground)
04-27 20:30:02.744  6734 11121 W SystemServiceRegistry: No service published for: wifirtt
04-27 20:30:02.764  5785  5785 I FreeformContainer: [SmartPopupViewService] onNotificationPosted: StatusBarNotification(pkg=com.linkedin.android user=UserHandle{0} id=-601305883 tag=null key=0|com.linkedin.android|-601305883|null|10006: Notification(channel=UnreadNotificationsChannel shortcut=null contentView=null vibrate=null sound=null defaults=0x0 flags=0x10 color=0xff0073b1 vis=PRIVATE semFlags=0x0 semPriority=0 semMissedCount=0))
04-27 20:30:02.764  5785  5785 V FreeformContainer: [SmartPopupViewService] isSmartPopupViewTarget: com.linkedin.android is not enabled
04-27 20:30:02.766  6323  6323 I Launcher.NotificationListener: onNotificationPosted : com.linkedin.android number : 28
04-27 20:30:02.768  6323  6626 I Launcher.NotificationListener: notificationIsValidForUI : com.linkedin.android missingTitleAndText : false isGroupHeader : false
04-27 20:30:02.770  5785  5785 I FreeformContainer: [SmartPopupViewService] onNotificationPosted: StatusBarNotification(pkg=com.linkedin.android user=UserHandle{0} id=-601305883 tag=null key=0|com.linkedin.android|-601305883|null|10006: Notification(channel=UnreadNotificationsChannel shortcut=null contentView=null vibrate=null sound=null defaults=0x0 flags=0x10 color=0xff0073b1 vis=PRIVATE semFlags=0x0 semPriority=0 semMissedCount=0))
04-27 20:30:02.770  5785  5785 V FreeformContainer: [SmartPopupViewService] isSmartPopupViewTarget: com.linkedin.android is not enabled
04-27 20:30:02.777  6323  6323 I Launcher.NotificationListener: onNotificationPosted : com.linkedin.android number : 28
04-27 20:30:02.777  6323  6626 I Launcher.NotificationListener: notificationIsValidForUI : com.linkedin.android missingTitleAndText : false isGroupHeader : false
04-27 20:30:02.777  9209  9748 I NotificationPipeline: Processing new notification: 0|com.linkedin.android|-601305883|null|10006
04-27 20:30:02.778  3729  3770 I WM-WorkerWrapper: Worker result SUCCESS for Work [ id=cc420e47-b42e-4942-baf1-ca05a2353241, tags={ com.linkedin.android.litrackinglib.network.SendTrackingEventWorker, send_one_batch_events_work } ]
04-27 20:30:02.779  6323  6626 I BadgeCountUpdaterImpl: reload badge without refresh
04-27 20:30:02.783  9209  9748 W Notification4Heart_NB: Watch.isEnabled-main switch - off : [0] com.linkedin.android
04-27 20:30:02.784  9209  9748 W Notification4Heart_NB: NotificationBridgeCallback.onNotificationPosted-block : [0] com.linkedin.android
04-27 20:30:02.784  9209  9748 I NotificationPipeline: Processing new notification: 0|com.linkedin.android|-601305883|null|10006
04-27 20:30:02.785  5878  5878 D BubblesManager: onEntryAdded : bubbleEntryAdded=false
04-27 20:30:02.786  9209  9748 W Notification4Heart_NB: Watch.isEnabled-main switch - off : [0] com.linkedin.android
04-27 20:30:02.786  9209  9748 W Notification4Heart_NB: NotificationBridgeCallback.onNotificationPosted-block : [0] com.linkedin.android
04-27 20:30:02.788  5429  5488 W libprocessgroup: Failed to open /dev/blkio//cgroup.procs: No such file or directory
04-27 20:30:02.789  5778  5778 I wpa_supplicant: nl80211: Drv Event 33 (NL80211_CMD_TRIGGER_SCAN) received for wlan0
04-27 20:30:02.792  3729  3729 D ConnectivityManager: StackLog: [android.net.ConnectivityManager.unregisterNetworkCallback(ConnectivityManager.java:4863)] [androidx.work.impl.constraints.trackers.NetworkStateTracker.stopTracking(NetworkStateTracker.java:19)] [androidx.work.impl.constraints.controllers.ConstraintController.replace(ConstraintController.java:65)] [androidx.work.impl.constraints.WorkConstraintsTracker.replace(WorkConstraintsTracker.java:39)] [androidx.work.impl.background.greedy.GreedyScheduler.onExecuted(GreedyScheduler.java:62)] [androidx.work.impl.Processor.onExecuted(Processor.java:62)] [androidx.work.impl.Processor$FutureListener.run(Processor.java:19)]
04-27 20:30:02.792  2187  3556 I BadgeProvider: query, [selection] : null
04-27 20:30:02.794  5429  5665 D ConnectivityService:  Removing from current network [108 WIFI], leaving 152 requests.
04-27 20:30:02.795  5778  5778 I wpa_supplicant: wlan0: nl80211: Scan trigger
04-27 20:30:02.797  5878  5878 D BubblesManager: onEntryUpdated : shouldBubbleUp=false ,key=0|com.linkedin.android|-601305883|null|10006
04-27 20:30:02.807  6323  6626 I BadgeCache: update cache : com.vkontakte.android user : UserHandle{0}  count : 7
04-27 20:30:02.816  6323  6626 I BadgeCache: update cache : com.vkontakte.android user : UserHandle{0}  count : 1
04-27 20:30:02.820  5785  5785 I FreeformContainer: [SmartPopupViewService] onNotificationRemoved: StatusBarNotification(pkg=com.linkedin.android user=UserHandle{0} id=-601305883 tag=null key=0|com.linkedin.android|-601305883|null|10006: Notification(channel=UnreadNotificationsChannel shortcut=null contentView=null vibrate=null sound=null defaults=0x0 flags=0x10 color=0xff0073b1 vis=PRIVATE semFlags=0x0 semPriority=0 semMissedCount=0))
04-27 20:30:02.823  5785  5827 I FreeformContainer: [Manager] handleMessage: SMART_POPUP_VIEW_REMOVE_ITEM
04-27 20:30:02.823  5785  5827 W FreeformContainer: [Manager] SMART_POPUP_VIEW_REMOVE_ITEM failed, due to no smart popup view item which has packageName: com.linkedin.android
04-27 20:30:02.833  6323  6626 I BadgeCache: reloadBadge size : 1
04-27 20:30:02.834  9209  9748 I NotificationPipeline: Processing notification dismissal on phone: 0|com.linkedin.android|-601305883|null|10006
04-27 20:30:02.838  9209  9748 I Notification4Heart_NB: NotificationBridgeCallback.onNotificationRemoved->>> Enter <<<
04-27 20:30:02.839  6180  6405 I PhoneStateTracker<1>: onCellInfoChanged: xxxxx
04-27 20:30:02.842  5878  5878 D PluginAODManager: onNotificationInfoUpdated() 0
04-27 20:30:02.843  5878  5878 I AODNotificationManager: updateVisibleNotifications: 0
04-27 20:30:02.843  5878  5878 I a       : updateStatusBarNotifications: open
04-27 20:30:02.843  5878  5878 I a       : updateStatusBarNotifications: open
04-27 20:30:02.845  6180  6405 I ImsCallSessionManager: onCellInfoChanged, phoneId: 1
04-27 20:30:02.846  6180  6405 I RegiMgr-Handler: handleMessage: EVENT_CELL_INFO_CHANGED
04-27 20:30:02.851  5878  5878 D BubblesManager: setupNotifPipeline(), onEntryRemoved : reason=10
04-27 20:30:02.853  6180  6405 I RegiMgr<1>: updatePani RegisterTask[1][mProfile=Telenor Serbia IMS, mRegistrationRat=13, mPdnType=11, mState=REGISTERED, mObject=UserAgent - :
04-27 20:30:02.853  6180  6405 I RegiMgr<1>:  total records=1570
04-27 20:30:02.853  6180  6405 I RegiMgr<1>:  rec[0]: time=04-27 19:25:29.083 processed=ReadyState org=RegisteredState dest=<null> what=34(0x22)
04-27 20:30:02.853  6180  6405 I RegiMgr<1>:  rec[1]: time=04-27 19:25:29.084 processed=RegisteredState org=RegisteredState dest=<null> what=2000(0x7d0)
04-27 20:30:02.853  6180  6405 I RegiMgr<1>:  rec[2]: time=04-27 19:31:00.432 processed=ReadyState org=RegisteredState dest=<null> what=34(0x22)
04-27 20:30:02.853  6180  6405 I RegiMgr<1>:  rec[3]: time=04-27 19:31:00.434 processed=RegisteredState org=RegisteredState dest=<null> what=2000(0x7d0)
04-27 20:30:02.853  6180  6405 I RegiMgr<1>:  rec[4]: time=04-27 19:34:21.593 processed=ReadyState org=RegisteredState dest=<null> what=34(0x22)
04-27 20:30:02.853  6180  6405 I RegiMgr<1>:  rec[5]: time=04-27 19:34:21.594 processed=RegisteredState org=RegisteredState dest=<null> what=2000(0x7d0)
04-27 20:30:02.853  6180  6405 I RegiMgr<1>:  rec[6]: time=04-27 19:45:14.662 processed=RegisteredState org=RegisteredState dest=<null> what=8(0x8)
04-27 20:30:02.853  6180  6405 I RegiMgr<1>:  rec[7]: time=04-27 19:45:14.837 processed=RegisteredState org=RegisteredState dest=<null> what=1000(0x3e8)
04-27 20:30:02.853  6180  6405 I RegiMgr<1>:  rec[8]: time=04-27 20:02:09.165 processed=ReadyState org=RegisteredState dest=<null> what=34(0x22)
04-27 20:30:02.853  6180  6405 I RegiMgr<1>:  rec[9]: time=04-27 20:02:09.166 processed=RegisteredState org=RegisteredState dest=<null> what=2000(0x7d0)
04-27 20:30:02.853  6180  6405 I RegiMgr<1>:  rec[10]: time=04-27 20:02:47.045 processed=ReadyState org=RegisteredState dest=<null> what=34(0x22)
04-27 20:30:02.853  6180  6405 I RegiMgr<1>:  rec[11]: time=04-27 20:02:47.061 processed=RegisteredState org=RegisteredState dest=<null> what=2000(0x7d0)
04-27 20:30:02.853  6180  6405 I RegiMgr<1>:  rec[12]: time=04-27 20:08:06.512 processed=ReadyState org=RegisteredState dest=<null> what=34(0x22)
04-27 20:30:02.853  6180  6405 I RegiMgr<1>:  rec[13]: time=04-27 20:08:06.521 processed=RegisteredState org=RegisteredState dest=<null> what=2000(0x7d0)
04-27 20:30:02.853  6180  6405 I RegiMgr<1>:  rec[14]: time=04-27 20:13:35.762 processed=ReadyState org=RegisteredState dest=<null> what=34(0x22)
04-27 20:30:02.853  6180  6405 I RegiMgr<1>:  rec[15]: time=04-27 20:13:35.786 processed=RegisteredState org=RegisteredState dest=<null> what=2000(0x7d0)
04-27 20:30:02.853  6180  6405 I RegiMgr<1>:  rec[16]: time=04-27 20:19:04.546 processed=ReadyState org=RegisteredState dest=<null> what=34(0x22)
04-27 20:30:02.853  6180  6405 I RegiMgr<1>:  rec[17]: time=04-27 20:19:04.558 processed=RegisteredState org=RegisteredState dest=<null> what=2000(0x7d0)
04-27 20:30:02.853  6180  6405 I RegiMgr<1>:  rec[18]: time=04-27 20:24:33.593 processed=ReadyState org=RegisteredState dest=<null> what=34(0x22)
04-27 20:30:02.853  6180  6405 I RegiMgr<1>:  rec[19]: time=04-27 20:24:33.597 processed=RegisteredState org=RegisteredState dest=<null> what=2000(0x7d0)
04-27 20:30:02.853  6180  6405 I RegiMgr<1>: curState=RegisteredState
04-27 20:30:02.853  6180  6405 I RegiMgr<1>: , mReason=, mPcscfHostname=null, mDeregiReason=41]
04-27 20:30:02.859  6180  6405 I PaniGenerator<1>: generate: subId=2, network=13
04-27 20:30:02.859  5878  5878 D PluginAODManager: onNotificationInfoUpdated() 0
04-27 20:30:02.859  5878  5878 I AODNotificationManager: updateVisibleNotifications: 0
04-27 20:30:02.859  5878  5878 I a       : updateStatusBarNotifications: open
04-27 20:30:02.859  5878  5878 I a       : updateStatusBarNotifications: open
04-27 20:30:02.859  5429  5442 D NotificationService: NMS : requestListenerHintsForWearable state=0
04-27 20:30:02.860  9209  9748 W Notification4Heart_NB: PendingManager.onBridgeFlushQueueEvent-pending maintain why NOT_WEARING_WATCH
04-27 20:30:02.860  6180  6405 I PaniGenerator<1>: generate: network=13, fallbackPlmn=22001
04-27 20:30:02.861  6180  6405 I PdnController<1>: getAllCellInfo mNeedCellLocationUpdate : false
04-27 20:30:02.862  6180  6405 I PaniGenerator: generate: change to NW PLMN(22001)
04-27 20:30:02.862  6180  6405 I PaniGenerator: setLkcForLastPani: No Last PANI header for Telenor Serbia IMS
04-27 20:30:02.862  6180  6405 I UserAgent<1>: updatePani: pani=3GPP-E-UTRAN-FDD;utran-cell-id-3gpp=220012ba5017a703, updatePani: lastPani=
04-27 20:30:02.865  6180  6504 I StackIF : updatePani: 5 pani: [3GPP-E-UTRAN-FDD;utran-cell-id-3gpp=220012ba5017a703]
04-27 20:30:02.867  6180  6504 I SECIMSJ : [0883]> 140
04-27 20:30:02.868  6180  6405 I RegiMgr<1>: tryRegister:
04-27 20:30:02.869  6180  6405 I RegiMgr<0>: RegisterTask(s): Megafon VoLTE (IDLE)
04-27 20:30:02.871  6180  6405 I RegiMgr<1>: RegisterTask(s): Telenor Serbia IMS (REGISTERED, rat = 13, service = [mmtel-video, smsip, mmtel]), Global GC RCS (IDLE)
04-27 20:30:02.871  6180  6405 I RcsPolicyMgr<1>: pendingRcsRegister: mActiveDataPhoneId = 1
04-27 20:30:02.871  6180  6405 I RcsPolicyMgr<1>: pendingRcsRegister: mActiveDataPhoneId = 1
04-27 20:30:02.871  6180  6405 I RegisterTask: isSuspended: mSuspended(false) mSuspendByIrat(false)
04-27 20:30:02.871  6180  6405 I RegiMgr<1>: [Global GC RCS|IDLE] checkForTryRegister id: 1003
04-27 20:30:02.871  6180  6405 I RegiMgr : isPdnConnected: false, PdnType: 1
04-27 20:30:02.874  6180  6509 I [IMS6.0]: IMS_onResponse()
04-27 20:30:02.877  6180  6405 I PdnController: getDefaultNetworkBearer:  WIFI
04-27 20:30:02.880  6180  6405 I PdnController: isWifiConnected: [type: WIFI[], state: CONNECTED/CONNECTED, reason: (unspecified), extra: , failover: false, available: true, roaming: false]
04-27 20:30:02.880  6180  6405 I RegiMgr-Utils<1>: findBestNetwork: WIFI needWifiNetwork = true
04-27 20:30:02.881  6180  6509 I StackIF : processMessage 2
04-27 20:30:02.881  6180  6509 I StackIF : Processing Response
04-27 20:30:02.881  6180  6509 I SECIMSJ : [0883]< 600
04-27 20:30:02.881  6180  6509 I StackIF : processResponse: reqId 600
04-27 20:30:02.881  6180  6509 I StackIF : processResponse: handle 5 result 0 reason 0
04-27 20:30:02.883  6180  6405 I RegiGvnBase<1>: isReadyToDualRegister : true
04-27 20:30:02.886  6180  6405 I RegiMgr<1>: [Global GC RCS|IDLE] checkInitialRegistrationIsReady: APM ON [false], Roamimg [false]
04-27 20:30:02.886  6180  6405 I RcsPolicyMgr<1>: pendingRcsRegister: mActiveDataPhoneId = 1
04-27 20:30:02.886  6180  6405 I ImsProfile: isRttSupportByCallApp : false ttyType : 1
04-27 20:30:02.887  6180  6405 I RegiMgr-Utils<1>: getPriorityRegiedTask : isPriority  High? true
04-27 20:30:02.888  6180  6405 I RegiGvnBase: checkRegiStatus: getState()=IDLE mIsUpdateRegistering=false
04-27 20:30:02.888  6180  6405 I RegiMgr<1>: getTelephonyCallStatus:
04-27 20:30:02.893  6180  6405 I ConfigProvider: query uri:xxxxx
04-27 20:30:02.902  6180  6405 I ConfigProvider: queryStorage path content://com.samsung.rcs.autoconfigurationprovider/parameter/version#simslot1
04-27 20:30:02.904  9209  9748 I NotifDismissalHandler: Notification 0|com.linkedin.android|-601305883|null|10006 dismissed on phone, deleting data item /bridger/stream_item:c8317ad1:com.linkedin.android:-601305883:null_tag:0~7Ccom.linkedin.android~7C-601305883~7Cnull~7C10006
04-27 20:30:02.911  6180  6405 E GlobalSettingsRepoBase: globalgcsettings No matched key : dual_rcs_policy
04-27 20:30:02.913  6180  6405 I ImsServiceSwitchEur[1]:  isRcsEnabled: true mDefaultSms true mUpsmEnabled false mEmergencyEnabled false
04-27 20:30:02.920  6180  6405 I ConfigTrigger<1>: isWaitAutoConfig:
04-27 20:30:02.920  6180  6405 E GlobalSettingsRepoBase: globalgcsettings No matched key : dual_rcs_policy
04-27 20:30:02.923  6180  6405 I ImsServiceSwitchEur[1]:  isRcsEnabled: true mDefaultSms true mUpsmEnabled false mEmergencyEnabled false
04-27 20:30:02.923  6180  6405 I RegiMgr-Utils: selectPdnType: rat=18pdn=1
04-27 20:30:02.923  6180  6405 I RegiMgr<1>: getServiceForNetwork: network 18
04-27 20:30:02.923  6180  6405 I RegiMgr<1>: getServiceForNetwork: service {options, chatbot-communication, ft_http, im, euc, gls}
04-27 20:30:02.932  6180  6405 I ConfigTrigger<1>: isValidAcsVersion:
04-27 20:30:02.932  6180  6405 E GlobalSettingsRepoBase: globalgcsettings No matched key : dual_rcs_policy
04-27 20:30:02.934  6180  6405 I ConfigProvider: query uri:xxxxx
04-27 20:30:02.940  6180  6405 I ConfigProvider: queryStorage path content://com.samsung.rcs.autoconfigurationprovider/parameter/version#simslot1
04-27 20:30:02.941  5429  5442 D SecContentProvider2: query(), uri = 18 selection = isRCSEnabled
04-27 20:30:02.942  5429  5442 I PhoneRestrictionPolicy: isRCSEnabledInternal(), showMsg: false, columnName: enableRCS
04-27 20:30:02.942  5429  5442 E PhoneRestrictionPolicy: getEmergencyCall >>false
04-27 20:30:02.943  5429  5442 I PhoneRestrictionPolicy: isRCSEnabledInternal(), showMsg: false, columnName: enableRCSForSimSlot1
04-27 20:30:02.943  5429  5442 E PhoneRestrictionPolicy: getEmergencyCall >>false
04-27 20:30:02.944  6180  6405 I ConfigTrigger<1>: RCS switch: true, version: 0, isRcsAcsCompleted: true
04-27 20:30:02.944  6180  6405 I ConfigTrigger<1>: version is improper : 0
04-27 20:30:02.946  6180  6405 I RegiGvnBase: isVideoCallEnabled: Enable
04-27 20:30:02.946  6180  6405 I RegiMgr<1>: getServiceForNetwork: filtered service []
04-27 20:30:02.946  6180  6405 I RegiMgr<1>: Global GC RCS: no ims service for current rat18
04-27 20:30:02.948  6180  6405 I PdnController: slot[1]: stopPdnConnectivity: network 1, callback is null
04-27 20:30:02.949  6180  6405 E PdnController<1>: requestStopNetwork: callback not found
04-27 20:30:02.949  6180  6405 E #IMSCR  : 04-27 20:30:02 0x1101000B:1,FILTERED ALL:1
04-27 20:30:02.949  6180  6405 I PdnController: handleMessage: what 107
04-27 20:30:02.949  6180  6405 I PdnController: slot[1]: requestStopNetwork: network 1, callback is null
04-27 20:30:03.353  5067  5067 E sehhealth-service: Could not open /sys/class/power_supply/battery/lrp
04-27 20:30:03.367  5429  5602 D MotionRecognitionService: [SAR]  onReceive : ACTION_BATTERY_CHANGED, Plugged: 2
04-27 20:30:03.375  5429  5429 D PhoneWindowManagerExt: ACTION_BATTERY_CHANGED - Level=77, status=2
04-27 20:30:03.388  5429  5429 D SemWifiApBroadcastReceiver: Received : android.intent.action.BATTERY_CHANGED
04-27 20:30:03.390  5787  5787 D SemBigDataInfoController: Intent: android.intent.action.BATTERY_CHANGED
04-27 20:30:03.393  5787  5787 D SemBigDataInfoController: Intent: android.intent.action.BATTERY_CHANGED
04-27 20:30:03.398  5878  5878 I PowerUI : mBootCompleted = true |  mFullyConnected = true
04-27 20:30:03.398  5878  5878 W PowerUI : Plug reason
04-27 20:30:03.398  5878  5878 W PowerUI : Skip charging animation - by plug status
04-27 20:30:03.398  5878  5878 D PowerUI : priorPlugType = 2 mPlugType = 2 priorBatteryStatus = 2 mBatteryStatus = 2
04-27 20:30:03.398  5878  5878 W PowerUI : Plug reason
04-27 20:30:03.399  5878  5878 W PowerUI : Skip charging sound - by plug status
04-27 20:30:03.399  5878  5878 I PowerUI : oldMisalign : false, curMisalign : false
04-27 20:30:03.399  5878  7772 D SecPowerUI.Notification: dismissing low battery warning: level=77
04-27 20:30:03.399  5878  7772 D SecPowerUI.Notification: updateNotification mWarning=false mPlaySound=false
04-27 20:30:03.399  5878  7772 D SecPowerUI.Notification: SecBatteryStatsSnapshot{batteryLevel=77, currentBatteryMode=0, chargingTime=2419000, chargingType=11, batteryHealth=2, automaticTestMode=false, isHiccupState=false}
04-27 20:30:03.401  5878  5878 D SecPowerUI.Notification: showChargingNotice oldChargingType : 11 / currentChargingType : 11, oldChargingTime : 2419000 / mChargingTime : 2412000
04-27 20:30:03.401  5878  5878 D SecPowerUI.Notification: showChargingNotification()
04-27 20:30:03.401  5878  5878 D SecPowerUI.Notification: SecBatteryStatsSnapshot{batteryLevel=77, currentBatteryMode=0, chargingTime=2412000, chargingType=11, batteryHealth=2, automaticTestMode=false, isHiccupState=false}
04-27 20:30:03.401  5878  7772 D SecPowerUI.Notification: 1. restoreScreenTimeOut - saved_value : :
04-27 20:30:03.401  5878  7772 E SecPowerUI.Notification: no saved value, so we do nothing !!
04-27 20:30:03.421  5429  5442 D ApplicationPolicy: isStatusBarNotificationAllowedAsUser: packageName = com.android.systemui,userId = 0
04-27 20:30:03.422  5429  5442 D ApplicationPolicy: isStatusBarNotificationAllowedAsUser: packageName = com.android.systemui,userId = -1
04-27 20:30:03.422  5429  5442 D ApplicationPolicy: isStatusBarNotificationAllowedAsUser: converting userId from USER_ALLto 0
04-27 20:30:03.430  5878  5878 D PowerUI : Battery swelling mode - priorBatterySwellingMode = 0 mBatterySwellingMode = 0 mBatteryStatus = 2
04-27 20:30:03.430  5878  5878 I PowerUI : mBatteryMiscEvent = 65536
04-27 20:30:03.431  5878  5878 D KeyguardUpdateMonitor: received broadcast android.intent.action.BATTERY_CHANGED
04-27 20:30:03.431  5878  5878 D SamsungBatteryMeterDrawable: onBatteryLevelChanged isSomethingChanged: true
04-27 20:30:03.432  5878  5878 D SamsungBatteryMeterDrawable: onBatteryLevelChanged isSomethingChanged: true
04-27 20:30:03.432  5878  5878 D SamsungBatteryMeterDrawable: onBatteryLevelChanged isSomethingChanged: true
04-27 20:30:03.433  5878  5878 D SamsungBatteryMeterDrawable: onBatteryLevelChanged isSomethingChanged: true
04-27 20:30:03.434  5878  5878 I AODBatteryManager: updateBatteryData: ACTION_BATTERY_CHANGED
04-27 20:30:03.435  5878  5878 I AODBatteryManager: saveBatteryData : AOD BatteryData [mBatteryLevel=77, mBatteryStatus=CHARGING, mBatteryPlugType=USB, mBatteryPlugged=true, mRemainingChargeTime=2412000, mBatteryChargingType=2, mBatteryChargerType=FAST, mBatteryOnline=NOT_DEFINED, mBatterySwellingMode=NONE, mBatteryProtectMode=false]
04-27 20:30:03.435  5878  5878 I ChargingInfoManager: updateChargingInfo: newState = AOD ChargingInfo [mState=BATTERY_AND_REMAIN_TIME, mIsCharging=true, mIsFullyCharged=false, mIsBatteryProtectMode=false], oldState = AOD ChargingInfo [mState=BATTERY_AND_REMAIN_TIME, mIsCharging=true, mIsFullyCharged=false, mIsBatteryProtectMode=false]
04-27 20:30:03.437  5878  5878 D KeyguardUpdateMonitor: handleBatteryUpdate
04-27 20:30:03.443  5878  5878 D KeyguardSecIndicationController: addIndicationTimeout() returned - unlocking
04-27 20:30:03.443  5878  5878 D KeyguardSecIndicationController: addIndication() returned - unlocking
04-27 20:30:03.443  5878  5878 D KeyguardSecIndicationPolicy:  remove Item pos = DEFAULT, type =           OWNER_INFO
04-27 20:30:03.444  5878  5878 D KeyguardSecIndicationController: addBatteryAndOwnerInfoIndication() battery status = BatteryStatus{status=2,level=77,plugged=2,health=2,maxChargingWattage=-1,remaining=2412000ultraFastCharger=1}
04-27 20:30:03.450  5878  5878 I FaceWidgetPositionAlgorithm: getClockContainerHeight() supplier = 270, bottom margin = 0, real height = 333
04-27 20:30:03.451  5878  5878 I FaceWidgetPositionAlgorithm: getClockContainerHeight() supplier = 270, bottom margin = 63, real height = 333
04-27 20:30:03.451  5878  5878 I FaceWidgetPositionAlgorithm: getMediaContainerHeight() height = 0 container Visibility = 8, isValid = false, mIsDozing = false, fraction = 1.0, source = 0, target = 0
04-27 20:30:03.451  5878  5878 I FaceWidgetPositionAlgorithm: getMediaContainerHeight() supplier = 0
04-27 20:30:03.454  5878  5878 V QsExpandAnimator: setQsExpansionPosition 0.0
04-27 20:30:03.463  5878  5878 I ChargingInfoView: handleMessage: MSG_SHOW_CHARGING_INFO
04-27 20:30:03.463  5878  5878 I ChargingInfoView: updateContents: BATTERY_AND_REMAIN_TIME
04-27 20:30:03.463  5878  5878 I ChargingInfoView: handleMessage: MSG_SHOW_CHARGING_INFO
04-27 20:30:03.463  5878  5878 I ChargingInfoView: updateContents: BATTERY_AND_REMAIN_TIME
04-27 20:30:03.647  5785  5785 I FreeformContainer: [SmartPopupViewService] onNotificationPosted: StatusBarNotification(pkg=com.android.systemui user=UserHandle{-1} id=2131428972 tag=charging_state key=-1|com.android.systemui|2131428972|charging_state|10054: Notification(channel=CHR shortcut=null contentView=null vibrate=null sound=null defaults=0x0 flags=0xa color=0xff5075a1 category=sys groupKey=CHARGING vis=PUBLIC semFlags=0x0 semPriority=0 semMissedCount=0))
04-27 20:30:03.647  5785  5785 V FreeformContainer: [SmartPopupViewService] isSmartPopupViewTarget: com.android.systemui is not enabled
04-27 20:30:03.648  6323  6323 I Launcher.NotificationListener: onNotificationPosted : com.android.systemui number : 0
04-27 20:30:03.651  9209  9748 I NotificationPipeline: Processing new notification: -1|com.android.systemui|2131428972|charging_state|10054
04-27 20:30:03.652  9209  9748 W Notification4Heart_NB: NotificationBridgeCallback.onNotificationPosted-Ignored package : [-1] com.android.systemui
04-27 20:30:03.663  5878  5878 D PluginAODManager: onNotificationInfoUpdated() 0
04-27 20:30:03.663  5878  5878 I AODNotificationManager: updateVisibleNotifications: 0
04-27 20:30:03.663  5878  5878 I a       : updateStatusBarNotifications: open
04-27 20:30:03.663  5878  5878 I a       : updateStatusBarNotifications: open
04-27 20:30:03.843  5878  5878 D BubblesManager: onEntryUpdated : shouldBubbleUp=false ,key=-1|com.android.systemui|2131428972|charging_state|10054
04-27 20:30:03.892  5878  5878 I FaceWidgetPositionAlgorithm: getClockContainerHeight() supplier = 270, bottom margin = 0, real height = 333
04-27 20:30:03.893  5878  5878 I FaceWidgetPositionAlgorithm: getClockContainerHeight() supplier = 270, bottom margin = 63, real height = 333
04-27 20:30:03.893  5878  5878 I FaceWidgetPositionAlgorithm: getMediaContainerHeight() height = 0 container Visibility = 8, isValid = false, mIsDozing = false, fraction = 1.0, source = 0, target = 0
04-27 20:30:03.894  5878  5878 I FaceWidgetPositionAlgorithm: getMediaContainerHeight() supplier = 0
04-27 20:30:03.912  5878  5878 D PluginAODManager: onNotificationInfoUpdated() 0
04-27 20:30:03.913  5878  5878 I AODNotificationManager: updateVisibleNotifications: 0
04-27 20:30:03.913  5878  5878 I a       : updateStatusBarNotifications: open
04-27 20:30:03.913  5878  5878 I a       : updateStatusBarNotifications: open
04-27 20:30:03.954  5878  5878 I FaceWidgetPositionAlgorithm: getClockContainerHeight() supplier = 270, bottom margin = 0, real height = 333
04-27 20:30:03.956  5878  5878 I FaceWidgetPositionAlgorithm: getClockContainerHeight() supplier = 270, bottom margin = 63, real height = 333
04-27 20:30:03.956  5878  5878 I FaceWidgetPositionAlgorithm: getMediaContainerHeight() height = 0 container Visibility = 8, isValid = false, mIsDozing = false, fraction = 1.0, source = 0, target = 0
04-27 20:30:03.956  5878  5878 I FaceWidgetPositionAlgorithm: getMediaContainerHeight() supplier = 0
04-27 20:30:04.083  5878  5878 I FaceWidgetPositionAlgorithm: getClockContainerHeight() supplier = 270, bottom margin = 0, real height = 333
04-27 20:30:04.083  5878  5878 I FaceWidgetPositionAlgorithm: getClockContainerHeight() supplier = 270, bottom margin = 63, real height = 333
04-27 20:30:04.083  5878  5878 I FaceWidgetPositionAlgorithm: getMediaContainerHeight() height = 0 container Visibility = 8, isValid = false, mIsDozing = false, fraction = 1.0, source = 0, target = 0
04-27 20:30:04.083  5878  5878 I FaceWidgetPositionAlgorithm: getMediaContainerHeight() supplier = 0
04-27 20:30:04.088  5878  5878 D PluginAODManager: onNotificationInfoUpdated() 0
04-27 20:30:04.088  5878  5878 I AODNotificationManager: updateVisibleNotifications: 0
04-27 20:30:04.088  5878  5878 I a       : updateStatusBarNotifications: open
04-27 20:30:04.088  5878  5878 I a       : updateStatusBarNotifications: open
04-27 20:30:05.627  5429  7411 D SemWifiUsabilityStatsMonitor: onWifiUsabilityStats - seqNum 4073, isSameBssidAndFreq true
04-27 20:30:05.635  5429  5717 I SemWifiLinkQualityMonitor: Link Qos Query: 0.111 ms / 72.000 Mbps (72 / 0.000 / 1.000)
04-27 20:30:05.737  5429  6683 D WifiNl80211Manager: Scan result ready event
04-27 20:30:05.739  5429  6683 D WifiNative: Scan result ready event
04-27 20:30:05.743  5848  6422 D IpClient/wlan0: interfaceLinkStateChanged: ifindex 11 up
04-27 20:30:05.760  5778  5778 I wpa_supplicant: nl80211: Drv Event 34 (NL80211_CMD_NEW_SCAN_RESULTS) received for wlan0
04-27 20:30:05.761  5778  5778 I wpa_supplicant: wlan0: nl80211: New scan results available
04-27 20:30:05.762  5778  5778 I wpa_supplicant: nl80211: Scan probed for SSID ''
04-27 20:30:05.763  5778  5778 I wpa_supplicant: nl80211: Scan included frequencies: 2412 2417 2422 2427 2432 2437 2442 2447 2452 2457 2462 2467 2472 5180 5200 5220 5240 5260 5280 5300 5320 5745 5765 5785 5805 5825
04-27 20:30:05.769  5429  5442 W WifiService: Permission violation - getScanResults not allowed for uid=10222, packageName=ru.yandex.searchplugin, reason=java.lang.SecurityException: UID 10222 has no location permission
04-27 20:30:05.796  5429  5708 D SemWifiScanPool: remove old scan results, size:1
04-27 20:30:05.797  5429  5708 D SemWifiScanPool: countryCode: RS, count: 22, totalSamples: 24, rate: 91.666664%
04-27 20:30:05.798  5429  5708 V SemWifiScanPool: updateScanResult, full scan:27 configKeys: 12 pool_bssid:44 pool_configKeys:14
04-27 20:30:05.798  5429  5708 D WifiConnectivityMonitor: onScanResultUpdated
04-27 20:30:05.798  5429  5708 D WifiConnectivityMonitor: mMaxScannedCountryCode : RS
04-27 20:30:05.910  5429  6109 V LocationManagerService: network provider registration 10234/com.google.android.as/A56E473A dropped delivery - too close
04-27 20:30:05.912  5429  6109 V LocationManagerService: passive provider registration 5023/com.samsung.android.networkdiagnostic/4FDF9C6D dropped delivery - too close
04-27 20:30:05.912  5429  6109 V LocationManagerService: passive provider registration 1000/android[SensorNotificationService]/CC5BC53F dropped delivery - too close
04-27 20:30:05.913  7025  7069 I NlpMonitor_FLP: monitorNlp, package=system(slocation)/ interval=0
04-27 20:30:05.926  5429  6058 D SLocation: PositionManager - ActiveonLocationChanged network 1682620205728
04-27 20:30:05.928  5429  6058 D SLocation: PositionManager - onLocationChanged - filter passive location because it same active location
04-27 20:30:05.928  5429  6058 D SLocation: ARDistanceBigData - BIGDATA ARD - receive location
04-27 20:30:05.929  5429  6058 D SLocation: ARDistanceBigData - BIGDATA ARD - end log 67, 29745901___BIGDATA ARD - end log 68, 29745901___BIGDATA ARD - end log 69, 29745901___BIGDATA ARD - end log 70, 29745901___BIGDATA ARD - end log 71, 29745901___BIGDATA ARD - end log 72, 29745901___BIGDATA ARD - end log 73, 29745901___
04-27 20:30:05.929  5429  6058 D SLocation: ARDistanceBigData - BIGDATA ARD - unique id 74
04-27 20:30:05.929  5429  6058 D SLocation: GeopointGeofenceManager - Location reported : fix method = 2 / 13.02
04-27 20:30:05.933  5429  6058 D SLocation: NLPManager - removeUpdates - NLP
04-27 20:30:05.934  5429  6058 D LocationManagerService: network provider removed registration from 1000/android[SLocationService]/A22C6A3C
04-27 20:30:05.935  5429  6058 W Settings: Setting airplane_mode_on has moved from android.provider.Settings.System to android.provider.Settings.Global, returning read-only value.
04-27 20:30:05.936  7025  7069 E RequestManager_FLP: [LocationManager] Location remove A22C6A3C from system
04-27 20:30:05.943  7025  7069 I LocationRequestData_FLP: Remove in requestInfoList, A22C6A3C / ListSize[network]=1
