04-24 04:49:41.956  5635  6549 D SLocation: CommonCoreManager - handleCommandCallback - FUNC_TYPE : SET_LOCATION ERROR_CODE : ERROR_NONE
04-24 04:49:41.956  5635  5839 I CAE     : parse(SensorHubParserProvider.java:190) - buffer size = 38
04-24 04:49:41.956  5635  5839 I CAE     : parse(SensorHubParserProvider.java:201) - 1, 1, 55, 0, 33, 33, 0, 0, 0, 0, 23, 88, -81, 29, 64, -36, -70, 0, 26, -73, 24, 64, 12, 50, 8, 80, 0, 0, 0, 32, 0, -103, -38, -72, 0, 0, 0, 83,
04-24 04:49:41.957  5635  5839 I CAE     : parse(SLocationRunner.java:88) - SLocationRunner parse start : 3
04-24 04:49:41.957  5635  5839 D CAE     : display(ContextProvider.java:375) - ================= SLOCATION_RUNNER =================
04-24 04:49:41.958  5635  5839 I CAE     : display(ContextProvider.java:391) - ExtraDataArray=[1, 1, 55, 0, 33, 33, 0, 0, 0, 0, 23, 88, -81, 29, 64, -36, -70, 0, 26, -73, 24, 64, 12, 50, 8, 80, 0, 0, 0, 32, 0, -103, -38, -72, 0, 0, 0, 83]
04-24 04:49:41.958  5635  5839 I CAE     : parse(SLocationRunner.java:96) - SLocationRunner parse end:38
04-24 04:49:41.959  5635  5839 D CAE     : onGetSensorHubData(SensorHubParserProvider.java:89) - onGetSensorHubData Event [event buffer len :10], AP_WAKEUP
04-24 04:49:41.959  5635  5836 D SemContextService: Service.updateContext() : service = SLocation Core
04-24 04:49:41.961  5635  5839 I CAE     : parse(SensorHubParserProvider.java:190) - buffer size = 10
04-24 04:49:41.961  5635  5635 D SemContextManager: onSemContextChanged() : event = SLocation Core
04-24 04:49:41.961  5635  5635 D SLocation: SLocationCoreSem - SemContextChanged type = 47, packet received
04-24 04:49:41.962  5635  5839 I CAE     : parse(SensorHubParserProvider.java:201) - 1, 1, 55, 0, 5, 2, 34, 0, 0, 0,
04-24 04:49:41.962  5635  6549 I SLocation: SemContextParser -  parse start : 3
04-24 04:49:41.962  5635  6549 I SLocation: SemContextParser -  packet Length : 33packet total size : 38
04-24 04:49:41.962  5635  6549 I SLocation: SemContextParser - packet : [33, 0, 0, 0, 0, 23, 88, -81, 29, 64, -36, -70, 0, 26, -73, 24, 64, 12, 50, 8, 80, 0, 0, 0, 32, 0, -103, -38, -72, 0, 0, 0, 83]
04-24 04:49:41.962  5635  6549 D SLocation: GeofenceCoreManager - received Extra Data from core, len : 33
04-24 04:49:41.962  5635  5839 I CAE     : parse(SLocationRunner.java:88) - SLocationRunner parse start : 3
04-24 04:49:41.962  5635  6549 D SLocation: ARDistanceGetARDistance - convertSensorHubTimeToElapsedTime 1682285318851982555
04-24 04:49:41.962  5635  6549 D SLocation: ARDistanceGetARDistance - invalid location time from core pvt 1682285318851982555, do not use distance info
04-24 04:49:41.962  5635  6549 D SLocation: CommonCoreManager - received Extra Data from core, len : 33
04-24 04:49:41.963  5635  5839 D CAE     : display(ContextProvider.java:375) - ================= SLOCATION_RUNNER =================
04-24 04:49:41.963  5635  5839 I CAE     : display(ContextProvider.java:391) - ExtraDataArray=[1, 1, 55, 0, 5, 2, 34, 0, 0, 0]
04-24 04:49:41.964  5635  5839 I CAE     : parse(SLocationRunner.java:96) - SLocationRunner parse end:10
04-24 04:49:41.964  5635  5836 D SemContextService: Service.updateContext() : service = SLocation Core
04-24 04:49:41.965  5635  5635 D SemContextManager: onSemContextChanged() : event = SLocation Core
04-24 04:49:41.965  5635  5635 D SLocation: SLocationCoreSem - SemContextChanged type = 47, packet received
04-24 04:49:41.965  5635  6549 I SLocation: SemContextParser -  parse start : 3
04-24 04:49:41.965  5635  6549 I SLocation: SemContextParser -  packet Length : 5packet total size : 10
04-24 04:49:41.965  5635  6549 I SLocation: SemContextParser - packet : [2, 34, 0, 0, 0]
04-24 04:49:41.966  5635  6549 D SLocation: GeofenceCoreManager - received Extra Data from core, len : 5
04-24 04:49:41.966  5635  6549 D SLocation: GeofenceCoreManager - handleCommandCallback - UNKNOWN_CALLBACK 34 SUCCESS
04-24 04:49:41.966  5635  6549 D SLocation: ARDistanceLibManager - command callback received - CURRENT_LOCATION_REQUEST_DISTANCE ERROR CODE : ERROR_NONE
04-24 04:49:41.966  5635  6549 D SLocation: CommonCoreManager - received Extra Data from core, len : 5
04-24 04:49:41.994 21600 21784 W SystemServiceRegistry: No service published for: wifirtt
04-24 04:49:42.107  5295  5295 I SurfaceFlinger: SFWD update time=123511503860772
04-24 04:49:42.110  5635  6549 D SLocation: PositionManager - PassiveonLocationChanged fused 1682304581634
04-24 04:49:42.113  5635  6549 W SLocation: PositionManager - do not refresh last location about fused location
04-24 04:49:42.114  5635  6549 D SLocation: ARDistanceBigData - BIGDATA ARD - receive location
04-24 04:49:42.114  5635  6549 D SLocation: ARDistanceLibManager - request distance diff to AR Distance Library
04-24 04:49:42.115  5635  6549 D SLocation: SLocationCoreSem - send to coreSem, packet length : 1 / [34]
04-24 04:49:42.115  5635  6549 D SemContextLocationCoreAttribute: setAttribute() mode : 0 action : 23
04-24 04:49:42.115  5635  6549 D SemContextService: lock : changeParameters
04-24 04:49:42.115  5635  6549 D SemContext.CaeProvider.LocationCoreImpl: setAttribute() mode : 0 action : 23
04-24 04:49:42.116  5635  6549 W CAE     : setCAProperty(ContextAwareService.java:513) - [setProperty 01] Mutex is locked for SLOCATION_RUNNER
04-24 04:49:42.117  5635  6549 I CAE     : setPropertyValue(SLocationRunner.java:116) - SLocationRunner setProperty header : 34, len : 1
04-24 04:49:42.117  5635  6549 I CAE     : sendCmdToSensorHub(SensorHubCommManager.java:156) - -63, 23, 55, 34,
04-24 04:49:42.118  5635  5841 D SensorService: setSContextDataLocked ints length 2 , byte length 4
04-24 04:49:42.118  5635  5841 D SensorService: setSContextDataLocked 223717c1
04-24 04:49:42.119  5262  5262 I SensorsHub: SContextSensor::injecet_sensor_data
04-24 04:49:42.119  5262  5262 D SensorsHub: c1 17 37 22
04-24 04:49:42.119  5262  5262 D SensorsHub: inject_scontext_data: New ssp_data_injection_fd(28)
04-24 04:49:42.119  5262  5262 D SensorsHub: SContext Data Injection return 4
04-24 04:49:42.120  5262  5343 I SensorsHub: context 38 0 37 1,1,55,0,33,33,0,0,0,0,23,88,175,29,64,220,186,0,26,183,24,64,12,50,8,80,0,0,0,32,0,155,159,216,0,0,0,83, 156564675019584
04-24 04:49:42.120  5635  6549 W CAE     : setCAProperty(ContextAwareService.java:519) - [setProperty 02] Mutex is unlocked for SLOCATION_RUNNER
04-24 04:49:42.120  5262  5343 I SensorsHub: context 10 0 9 1,1,55,0,5,2,34,0,0,0, 156564675094776
04-24 04:49:42.120  5635  6549 D SemContextService: unlock : changeParameters
04-24 04:49:42.120  5635  6549 D SemContextManager:   .changeParameters : listener = com.samsung.android.location.semcontext.a@1cb5071, service=SLocation Core
04-24 04:49:42.121  5635  6549 D SLocation: PositionManager - receive fused location
04-24 04:49:42.121  5635  5838 D SensorHubManager: onGetSensorHubDataLocked: library(38) = 1, 1, 55, 0, 33, 33, 0, 0, 0, 0, 23, 88, -81, 29, 64, -36, -70, 0, 26, -73, 24, 64, 12, 50, 8, 80, 0, 0, 0, 32, 0, -101, -97, -40, 0, 0, 0, 83
04-24 04:49:42.121  5635  5838 D SensorHubManager: onGetSensorHubDataLocked: library(10) = 1, 1, 55, 0, 5, 2, 34, 0, 0, 0
04-24 04:49:42.123  5635  5839 D CAE     : onGetSensorHubData(SensorHubParserProvider.java:89) - onGetSensorHubData Event [event buffer len :38], AP_WAKEUP
04-24 04:49:42.124  5635  5839 I CAE     : parse(SensorHubParserProvider.java:190) - buffer size = 38
04-24 04:49:42.124  5635  5839 I CAE     : parse(SensorHubParserProvider.java:201) - 1, 1, 55, 0, 33, 33, 0, 0, 0, 0, 23, 88, -81, 29, 64, -36, -70, 0, 26, -73, 24, 64, 12, 50, 8, 80, 0, 0, 0, 32, 0, -101, -97, -40, 0, 0, 0, 83,
04-24 04:49:42.125  5635  5839 I CAE     : parse(SLocationRunner.java:88) - SLocationRunner parse start : 3
04-24 04:49:42.125  5635  5839 D CAE     : display(ContextProvider.java:375) - ================= SLOCATION_RUNNER =================
04-24 04:49:42.126  5635  5839 I CAE     : display(ContextProvider.java:391) - ExtraDataArray=[1, 1, 55, 0, 33, 33, 0, 0, 0, 0, 23, 88, -81, 29, 64, -36, -70, 0, 26, -73, 24, 64, 12, 50, 8, 80, 0, 0, 0, 32, 0, -101, -97, -40, 0, 0, 0, 83]
04-24 04:49:42.126  5635  5839 I CAE     : parse(SLocationRunner.java:96) - SLocationRunner parse end:38
04-24 04:49:42.127  5635  5836 D SemContextService: Service.updateContext() : service = SLocation Core
04-24 04:49:42.127  5635  5635 D SemContextManager: onSemContextChanged() : event = SLocation Core
04-24 04:49:42.128  5635  5635 D SLocation: SLocationCoreSem - SemContextChanged type = 47, packet received
04-24 04:49:42.132  5635  6549 I SLocation: SemContextParser -  parse start : 3
04-24 04:49:42.132  5635  6549 I SLocation: SemContextParser -  packet Length : 33packet total size : 38
04-24 04:49:42.132  5635  6549 I SLocation: SemContextParser - packet : [33, 0, 0, 0, 0, 23, 88, -81, 29, 64, -36, -70, 0, 26, -73, 24, 64, 12, 50, 8, 80, 0, 0, 0, 32, 0, -101, -97, -40, 0, 0, 0, 83]
04-24 04:49:42.132  5635  6549 D SLocation: GeofenceCoreManager - received Extra Data from core, len : 33
04-24 04:49:42.132  5635  6549 D SLocation: ARDistanceGetARDistance - convertSensorHubTimeToElapsedTime 1682285318851982555
04-24 04:49:42.132  5635  6549 D SLocation: ARDistanceGetARDistance - invalid location time from core pvt 1682285318851982555, do not use distance info
04-24 04:49:42.132  5635  6549 D SLocation: CommonCoreManager - received Extra Data from core, len : 33
04-24 04:49:42.137  5635  5839 D CAE     : onGetSensorHubData(SensorHubParserProvider.java:89) - onGetSensorHubData Event [event buffer len :10], AP_WAKEUP
04-24 04:49:42.137  5635  5839 I CAE     : parse(SensorHubParserProvider.java:190) - buffer size = 10
04-24 04:49:42.138  5635  5839 I CAE     : parse(SensorHubParserProvider.java:201) - 1, 1, 55, 0, 5, 2, 34, 0, 0, 0,
04-24 04:49:42.139  5635  5839 I CAE     : parse(SLocationRunner.java:88) - SLocationRunner parse start : 3
04-24 04:49:42.140  5635  5839 D CAE     : display(ContextProvider.java:375) - ================= SLOCATION_RUNNER =================
04-24 04:49:42.140  5635  5839 I CAE     : display(ContextProvider.java:391) - ExtraDataArray=[1, 1, 55, 0, 5, 2, 34, 0, 0, 0]
04-24 04:49:42.141  5635  5836 D SemContextService: Service.updateContext() : service = SLocation Core
04-24 04:49:42.141  5635  5839 I CAE     : parse(SLocationRunner.java:96) - SLocationRunner parse end:10
04-24 04:49:42.143  5635  5635 D SemContextManager: onSemContextChanged() : event = SLocation Core
04-24 04:49:42.144  5635  5635 D SLocation: SLocationCoreSem - SemContextChanged type = 47, packet received
04-24 04:49:42.145  5635  5653 I system_server: Background young concurrent copying GC freed 358481(18MB) AllocSpace objects, 12(908KB) LOS objects, 17% free, 93MB/112MB, paused 877us,2.609ms total 282.181ms
04-24 04:49:42.151  5635  6549 I SLocation: SemContextParser -  parse start : 3
04-24 04:49:42.151  5635  6549 I SLocation: SemContextParser -  packet Length : 5packet total size : 10
04-24 04:49:42.152  5635  6549 I SLocation: SemContextParser - packet : [2, 34, 0, 0, 0]
04-24 04:49:42.152  5635  6549 D SLocation: GeofenceCoreManager - received Extra Data from core, len : 5
04-24 04:49:42.152  5635  6549 D SLocation: GeofenceCoreManager - handleCommandCallback - UNKNOWN_CALLBACK 34 SUCCESS
04-24 04:49:42.152  5635  6549 D SLocation: ARDistanceLibManager - command callback received - CURRENT_LOCATION_REQUEST_DISTANCE ERROR CODE : ERROR_NONE
04-24 04:49:42.152  5635  6549 D SLocation: CommonCoreManager - received Extra Data from core, len : 5
04-24 04:49:42.187  6721  6914 I PhoneStateTracker<1>: onCellInfoChanged: xxxxx
04-24 04:49:42.187  6721  6914 I ImsCallSessionManager: onCellInfoChanged, phoneId: 1
04-24 04:49:42.188  6721  6914 I RegiMgr-Handler: handleMessage: EVENT_CELL_INFO_CHANGED
04-24 04:49:42.190  6721  6914 I RegiMgr<1>: updatePani RegisterTask[1][mProfile=Telenor Serbia IMS, mRegistrationRat=13, mPdnType=11, mState=REGISTERED, mObject=UserAgent - :
04-24 04:49:42.190  6721  6914 I RegiMgr<1>:  total records=1778
04-24 04:49:42.190  6721  6914 I RegiMgr<1>:  rec[0]: time=04-24 04:33:12.785 processed=ReadyState org=RegisteredState dest=<null> what=34(0x22)
04-24 04:49:42.190  6721  6914 I RegiMgr<1>:  rec[1]: time=04-24 04:33:12.787 processed=RegisteredState org=RegisteredState dest=<null> what=2000(0x7d0)
04-24 04:49:42.190  6721  6914 I RegiMgr<1>:  rec[2]: time=04-24 04:35:04.063 processed=ReadyState org=RegisteredState dest=<null> what=34(0x22)
04-24 04:49:42.190  6721  6914 I RegiMgr<1>:  rec[3]: time=04-24 04:35:04.064 processed=RegisteredState org=RegisteredState dest=<null> what=2000(0x7d0)
04-24 04:49:42.190  6721  6914 I RegiMgr<1>:  rec[4]: time=04-24 04:38:39.052 processed=ReadyState org=RegisteredState dest=<null> what=34(0x22)
04-24 04:49:42.190  6721  6914 I RegiMgr<1>:  rec[5]: time=04-24 04:38:39.053 processed=RegisteredState org=RegisteredState dest=<null> what=2000(0x7d0)
04-24 04:49:42.190  6721  6914 I RegiMgr<1>:  rec[6]: time=04-24 04:38:41.974 processed=ReadyState org=RegisteredState dest=<null> what=34(0x22)
04-24 04:49:42.190  6721  6914 I RegiMgr<1>:  rec[7]: time=04-24 04:38:41.976 processed=RegisteredState org=RegisteredState dest=<null> what=2000(0x7d0)
04-24 04:49:42.190  6721  6914 I RegiMgr<1>:  rec[8]: time=04-24 04:42:24.406 processed=ReadyState org=RegisteredState dest=<null> what=34(0x22)
04-24 04:49:42.190  6721  6914 I RegiMgr<1>:  rec[9]: time=04-24 04:42:24.422 processed=RegisteredState org=RegisteredState dest=<null> what=2000(0x7d0)
04-24 04:49:42.190  6721  6914 I RegiMgr<1>:  rec[10]: time=04-24 04:42:48.078 processed=ReadyState org=RegisteredState dest=<null> what=34(0x22)
04-24 04:49:42.190  6721  6914 I RegiMgr<1>:  rec[11]: time=04-24 04:42:48.080 processed=RegisteredState org=RegisteredState dest=<null> what=2000(0x7d0)
04-24 04:49:42.190  6721  6914 I RegiMgr<1>:  rec[12]: time=04-24 04:43:43.162 processed=ReadyState org=RegisteredState dest=<null> what=34(0x22)
04-24 04:49:42.190  6721  6914 I RegiMgr<1>:  rec[13]: time=04-24 04:43:43.163 processed=RegisteredState org=RegisteredState dest=<null> what=2000(0x7d0)
04-24 04:49:42.190  6721  6914 I RegiMgr<1>:  rec[14]: time=04-24 04:44:44.261 processed=ReadyState org=RegisteredState dest=<null> what=34(0x22)
04-24 04:49:42.190  6721  6914 I RegiMgr<1>:  rec[15]: time=04-24 04:44:44.264 processed=RegisteredState org=RegisteredState dest=<null> what=2000(0x7d0)
04-24 04:49:42.190  6721  6914 I RegiMgr<1>:  rec[16]: time=04-24 04:44:47.660 processed=ReadyState org=RegisteredState dest=<null> what=34(0x22)
04-24 04:49:42.190  6721  6914 I RegiMgr<1>:  rec[17]: time=04-24 04:44:47.662 processed=RegisteredState org=RegisteredState dest=<null> what=2000(0x7d0)
04-24 04:49:42.190  6721  6914 I RegiMgr<1>:  rec[18]: time=04-24 04:49:37.986 processed=ReadyState org=RegisteredState dest=<null> what=34(0x22)
04-24 04:49:42.190  6721  6914 I RegiMgr<1>:  rec[19]: time=04-24 04:49:38.003 processed=RegisteredState org=RegisteredState dest=<null> what=2000(0x7d0)
04-24 04:49:42.190  6721  6914 I RegiMgr<1>: curState=RegisteredState
04-24 04:49:42.190  6721  6914 I RegiMgr<1>: , mReason=, mPcscfHostname=null, mDeregiReason=41]
04-24 04:49:42.193  6721  6914 I PaniGenerator<1>: generate: subId=2, network=13
04-24 04:49:42.194  6721  6914 I PaniGenerator<1>: generate: network=13, fallbackPlmn=22001
04-24 04:49:42.194  6721  6914 I PdnController<1>: getAllCellInfo mNeedCellLocationUpdate : false
04-24 04:49:42.194  6721  6914 I PaniGenerator: generate: change to NW PLMN(22001)
04-24 04:49:42.194  6721  6914 I PaniGenerator: setLkcForLastPani: No Last PANI header for Telenor Serbia IMS
04-24 04:49:42.194  6721  6914 I UserAgent<1>: updatePani: pani=3GPP-E-UTRAN-FDD;utran-cell-id-3gpp=220012b7301a3e03, updatePani: lastPani=
04-24 04:49:42.195  6721  7065 I StackIF : updatePani: 6152 pani: [3GPP-E-UTRAN-FDD;utran-cell-id-3gpp=220012b7301a3e03]
04-24 04:49:42.195  6721  7065 I SECIMSJ : [2379]> 140
04-24 04:49:42.196  6721  7071 I [IMS6.0]: IMS_onResponse()
04-24 04:49:42.196  6721  7071 I StackIF : processMessage 2
04-24 04:49:42.196  6721  7071 I StackIF : Processing Response
04-24 04:49:42.196  6721  7071 I SECIMSJ : [2379]< 600
04-24 04:49:42.196  6721  7071 I StackIF : processResponse: reqId 600
04-24 04:49:42.197  6721  7071 I StackIF : processResponse: handle 6152 result 0 reason 0
04-24 04:49:42.197  6721  6914 I RegiMgr<1>: tryRegister:
04-24 04:49:42.198  6721  6914 I RegiMgr<0>: RegisterTask(s): Megafon VoLTE (IDLE)
04-24 04:49:42.198  6721  6914 I RegiMgr<1>: RegisterTask(s): Telenor Serbia IMS (REGISTERED, rat = 13, service = [mmtel-video, smsip, mmtel]), Global GC RCS (IDLE)
04-24 04:49:42.198  6721  6914 I RcsPolicyMgr<1>: pendingRcsRegister: mActiveDataPhoneId = 1
04-24 04:49:42.198  6721  6914 I RcsPolicyMgr<1>: pendingRcsRegister: mActiveDataPhoneId = 1
04-24 04:49:42.199  6721  6914 I RegisterTask: isSuspended: mSuspended(false) mSuspendByIrat(false)
04-24 04:49:42.199  6721  6914 I RegiMgr<1>: [Global GC RCS|IDLE] checkForTryRegister id: 1003
04-24 04:49:42.199  6721  6914 I RegiMgr : isPdnConnected: false, PdnType: 0
04-24 04:49:42.204  6721  6914 I PdnController: getDefaultNetworkBearer: CELLULAR
04-24 04:49:42.206  6721  6914 I RegiMgr-Utils<1>: findBestNetwork: LTE
04-24 04:49:42.208  6721  6914 I RegiGvnBase<1>: isReadyToDualRegister : true
04-24 04:49:42.211  6721  6914 I RegiMgr<1>: [Global GC RCS|IDLE] checkInitialRegistrationIsReady: APM ON [false], Roamimg [false]
04-24 04:49:42.211  6721  6914 I RcsPolicyMgr<1>: pendingRcsRegister: mActiveDataPhoneId = 1
04-24 04:49:42.211  6721  6914 I ImsProfile: isRttSupportByCallApp : false ttyType : 1
04-24 04:49:42.211  6721  6914 I RegiMgr-Utils<1>: getPriorityRegiedTask : isPriority  High? true
04-24 04:49:42.212  6721  6914 I RegiGvnBase: checkRegiStatus: getState()=IDLE mIsUpdateRegistering=false
04-24 04:49:42.212  6721  6914 I RegiMgr<1>: getTelephonyCallStatus:
04-24 04:49:42.216  6721  6914 I ConfigProvider: query uri:xxxxx
04-24 04:49:42.219 21600 29515 I GCoreUlr: Successfully inserted 1 locations
04-24 04:49:42.228  6721  6914 I ConfigProvider: queryStorage path content://com.samsung.rcs.autoconfigurationprovider/parameter/version#simslot1
04-24 04:49:42.248  6721  6914 E GlobalSettingsRepoBase: globalgcsettings No matched key : dual_rcs_policy
04-24 04:49:42.251  6721  6914 I ImsServiceSwitchEur[1]:  isRcsEnabled: true mDefaultSms true mUpsmEnabled false mEmergencyEnabled false
04-24 04:49:42.258  6721  6914 I ConfigTrigger<1>: isWaitAutoConfig:
04-24 04:49:42.258  6721  6914 E GlobalSettingsRepoBase: globalgcsettings No matched key : dual_rcs_policy
04-24 04:49:42.261  6721  6914 I ImsServiceSwitchEur[1]:  isRcsEnabled: true mDefaultSms true mUpsmEnabled false mEmergencyEnabled false
04-24 04:49:42.261  6721  6914 I RegiMgr-Utils: selectPdnType: rat=13pdn=0
04-24 04:49:42.261  6721  6914 I RegiMgr<1>: getServiceForNetwork: network 13
04-24 04:49:42.262  6721  6914 I RegiMgr<1>: getServiceForNetwork: service {options, chatbot-communication, ft_http, im, euc, gls}
04-24 04:49:42.275  6721  6914 I ConfigTrigger<1>: isValidAcsVersion:
04-24 04:49:42.275  6721  6914 E GlobalSettingsRepoBase: globalgcsettings No matched key : dual_rcs_policy
04-24 04:49:42.278  6721  6914 I ConfigProvider: query uri:xxxxx
04-24 04:49:42.285  6721  6914 I ConfigProvider: queryStorage path content://com.samsung.rcs.autoconfigurationprovider/parameter/version#simslot1
04-24 04:49:42.287  5635  6735 D SecContentProvider2: query(), uri = 18 selection = isRCSEnabled
04-24 04:49:42.287  5635  6735 I PhoneRestrictionPolicy: isRCSEnabledInternal(), showMsg: false, columnName: enableRCS
04-24 04:49:42.288  5635  6735 E PhoneRestrictionPolicy: getEmergencyCall >>false
04-24 04:49:42.289  5635  6735 I PhoneRestrictionPolicy: isRCSEnabledInternal(), showMsg: false, columnName: enableRCSForSimSlot1
04-24 04:49:42.290  5635  6735 E PhoneRestrictionPolicy: getEmergencyCall >>false
04-24 04:49:42.292  6721  6914 I ConfigTrigger<1>: RCS switch: true, version: 0, isRcsAcsCompleted: true
04-24 04:49:42.292  6721  6914 I ConfigTrigger<1>: version is improper : 0
04-24 04:49:42.294  6721  6914 I RegiGvnBase: isVideoCallEnabled: Enable
04-24 04:49:42.299  6721  6914 I RegiMgr<1>: getServiceForNetwork: filtered service []
04-24 04:49:42.299  6721  6914 I RegiMgr<1>: Global GC RCS: no ims service for current rat13
04-24 04:49:42.301  6721  6914 I PdnController: slot[1]: stopPdnConnectivity: network 0, callback is null
04-24 04:49:42.302  6721  6914 E PdnController<1>: requestStopNetwork: callback not found
04-24 04:49:42.302  6721  6914 E #IMSCR  : 04-24 04:49:42 0x1101000B:1,FILTERED ALL:0
04-24 04:49:42.302  6721  6914 I PdnController: handleMessage: what 107
04-24 04:49:42.302  6721  6914 I PdnController: slot[1]: requestStopNetwork: network 0, callback is null
04-24 04:49:42.306 21600 32297 I SemanticLocation: [Inferrer] IncrementalTimelineInferrer.predict() logs:
04-24 04:49:42.306 21600 32297 I SemanticLocation: Timeline Paths Enabled! Start Computing the timeline paths.
04-24 04:49:42.306 21600 32297 I SemanticLocation:
04-24 04:49:42.306 21600 32297 I SemanticLocation: [CONTEXT service_id=173 ]
04-24 04:49:42.624  5635  5714 W libprocessgroup: Failed to open /dev/blkio//cgroup.procs: No such file or directory
04-24 04:49:43.846  5216  5216 E audit   : type=1400 audit(1682304583.843:57753): avc:  denied  { getattr } for  pid=5635 comm="BinderProcsColl" path="/sys/kernel/debug/binder/proc/5635" dev="debugfs" ino=26363 scontext=u:r:system_server:s0 tcontext=u:object_r:sec_debugfs:s0 tclass=file permissive=0 SEPF_SM-A515F_13_0001 audit_filtered
04-24 04:49:43.846  5216  5216 E audit   : type=1300 audit(1682304583.843:57753): arch=c00000b7 syscall=79 success=no exit=-13 a0=ffffff9c a1=6ff2b75410 a2=6f854f1680 a3=0 items=0 ppid=5241 pid=5635 auid=4294967295 uid=1000 gid=1000 euid=1000 suid=1000 fsuid=1000 egid=1000 sgid=1000 fsgid=1000 tty=(none) ses=4294967295 comm="BinderProcsColl" exe="/system/bin/app_process64" subj=u:r:system_server:s0 key=(null)
04-24 04:49:43.846  5216  5216 E audit   : type=1327 audit(1682304583.843:57753): proctitle="system_server"
04-24 04:49:44.611  8329  9792 W BistoGattHelper: (REDACTED) [%s] GATT already released after un-subscribing, doing nothing.
04-24 04:49:45.082  5635  7327 D WifiNl80211Manager: Scan result ready event
04-24 04:49:45.083  5635  7327 D WifiNative: Scan result ready event
04-24 04:49:45.126  5635  6151 D WificondScannerImpl: Filtering out 5 scan results.
04-24 04:49:45.164  5635  6218 D SemWifiScanPool: countryCode: RS, count: 10, totalSamples: 15, rate: 66.666664%
04-24 04:49:45.164  5635  6218 V SemWifiScanPool: updateScanResult, full scan:23 configKeys: 18 pool_bssid:36 pool_configKeys:26
04-24 04:49:45.164  5635  6218 D WifiConnectivityMonitor: onScanResultUpdated
04-24 04:49:45.164  5635  6218 D WifiConnectivityMonitor: mMaxScannedCountryCode : RS
04-24 04:49:45.169  5635  6124 D WakeupController: Attempted to handleScanResults while not enabled
04-24 04:49:45.330  5635  8922 V LocationManagerService: network provider registration 10234/com.google.android.as/3AEAE7B8 dropped delivery - too close
04-24 04:49:45.331  5635  8922 V LocationManagerService: passive provider registration 5023/com.samsung.android.networkdiagnostic/4FDF9C6D dropped delivery - too close
04-24 04:49:45.331  5635  8922 V LocationManagerService: passive provider registration 1000/android[SensorNotificationService]/79F70BEC dropped delivery - too close
04-24 04:49:45.333  7192  7240 I NlpMonitor_FLP: monitorNlp, package=com.google.android.as/ interval=21600000
04-24 04:49:45.337  5635  6549 D SLocation: PositionManager - PassiveonLocationChanged network 1682304585070
04-24 04:49:45.338  5635  6549 D SLocation: ARDistanceBigData - BIGDATA ARD - receive location
04-24 04:49:45.338  5635  6549 D SLocation: GeofenceLocationFilter - location sent before 3415, need to filter / provider : network, accuracy : 18.961
04-24 04:49:45.338  5635  6549 I SLocation: GeofenceLocationFilter - alarm set, next time to send location : 156570478, com.samsung.android.location.geofence.geopoint.d@b807a7b
04-24 04:49:45.345  5635  6549 D SLocation: SLocationCoreSem - send to coreSem, packet length : 23 / [2, 26, 183, 30, 115, 12, 49, 249, 239, 0, 0, 0, 18, 2, 0, 0, 1, 135, 177, 42, 205, 110, 0]
04-24 04:49:45.345  5635  6549 D SemContextLocationCoreAttribute: setAttribute() mode : 0 action : 23
04-24 04:49:45.346  5635  6549 D SemContextService: lock : changeParameters
04-24 04:49:45.346  5635  6549 D SemContext.CaeProvider.LocationCoreImpl: setAttribute() mode : 0 action : 23
04-24 04:49:45.346  5635  6549 W CAE     : setCAProperty(ContextAwareService.java:513) - [setProperty 01] Mutex is locked for SLOCATION_RUNNER
04-24 04:49:45.349  5635  6549 I CAE     : setPropertyValue(SLocationRunner.java:116) - SLocationRunner setProperty header : 2, len : 23
04-24 04:49:45.349  5635  6549 I CAE     : sendCmdToSensorHub(SensorHubCommManager.java:156) - -63, 23, 55, 2, 26, -73, 30, 115, 12, 49, -7, -17, 0, 0, 0, 18, 2, 0, 0, 1, -121, -79, 42, -51, 110, 0,
04-24 04:49:45.350  5635  5841 D SensorService: setSContextDataLocked ints length 8 , byte length 26
04-24 04:49:45.350  5635  5841 D SensorService: setSContextDataLocked 23717c1
04-24 04:49:45.350  5262  5262 I SensorsHub: SContextSensor::injecet_sensor_data
04-24 04:49:45.351  5262  5262 D SensorsHub: c1 17 37 02 1a b7 1e 73 0c 31 f9 ef 00 00 00 12
04-24 04:49:45.351  5262  5262 D SensorsHub: 02 00 00 01 87 b1 2a cd 6e 00
04-24 04:49:45.351  5262  5262 D SensorsHub: inject_scontext_data: New ssp_data_injection_fd(28)
04-24 04:49:45.351  5262  5262 D SensorsHub: SContext Data Injection return 26
04-24 04:49:45.352  5635  6549 W CAE     : setCAProperty(ContextAwareService.java:519) - [setProperty 02] Mutex is unlocked for SLOCATION_RUNNER
04-24 04:49:45.352  5635  6549 D SemContextService: unlock : changeParameters
04-24 04:49:45.352  5262  5343 I SensorsHub: context 10 0 9 1,1,55,0,5,2,2,0,0,0, 156567907777504
04-24 04:49:45.352  5635  6549 D SemContextManager:   .changeParameters : listener = com.samsung.android.location.semcontext.a@1cb5071, service=SLocation Core
04-24 04:49:45.353  5635  6549 D SLocation: ARDistanceLibManager - request distance diff to AR Distance Library
04-24 04:49:45.354  5635  5838 D SensorHubManager: onGetSensorHubDataLocked: library(10) = 1, 1, 55, 0, 5, 2, 2, 0, 0, 0
04-24 04:49:45.355  5635  6549 D SLocation: SLocationCoreSem - send to coreSem, packet length : 1 / [34]
04-24 04:49:45.355  5635  6549 D SemContextLocationCoreAttribute: setAttribute() mode : 0 action : 23
04-24 04:49:45.355  5635  5839 D CAE     : onGetSensorHubData(SensorHubParserProvider.java:89) - onGetSensorHubData Event [event buffer len :10], AP_WAKEUP
04-24 04:49:45.356  5635  6549 D SemContextService: lock : changeParameters
04-24 04:49:45.356  5635  5839 I CAE     : parse(SensorHubParserProvider.java:190) - buffer size = 10
04-24 04:49:45.356  5635  6549 D SemContext.CaeProvider.LocationCoreImpl: setAttribute() mode : 0 action : 23
04-24 04:49:45.356  5635  5839 I CAE     : parse(SensorHubParserProvider.java:201) - 1, 1, 55, 0, 5, 2, 2, 0, 0, 0,
04-24 04:49:45.356  5635  6549 W CAE     : setCAProperty(ContextAwareService.java:513) - [setProperty 01] Mutex is locked for SLOCATION_RUNNER
04-24 04:49:45.356  5635  5839 I CAE     : parse(SLocationRunner.java:88) - SLocationRunner parse start : 3
04-24 04:49:45.357  5635  5839 D CAE     : display(ContextProvider.java:375) - ================= SLOCATION_RUNNER =================
04-24 04:49:45.357  5635  6549 I CAE     : setPropertyValue(SLocationRunner.java:116) - SLocationRunner setProperty header : 34, len : 1
04-24 04:49:45.357  5635  5839 I CAE     : display(ContextProvider.java:391) - ExtraDataArray=[1, 1, 55, 0, 5, 2, 2, 0, 0, 0]
04-24 04:49:45.358  5635  6549 I CAE     : sendCmdToSensorHub(SensorHubCommManager.java:156) - -63, 23, 55, 34,
04-24 04:49:45.358  5635  5841 D SensorService: setSContextDataLocked ints length 2 , byte length 4
04-24 04:49:45.359  5635  5841 D SensorService: setSContextDataLocked 223717c1
04-24 04:49:45.359  5262  5262 I SensorsHub: SContextSensor::injecet_sensor_data
04-24 04:49:45.359  5262  5262 D SensorsHub: c1 17 37 22
04-24 04:49:45.360  5262  5262 D SensorsHub: inject_scontext_data: New ssp_data_injection_fd(28)
04-24 04:49:45.360  5262  5262 D SensorsHub: SContext Data Injection return 4
04-24 04:49:45.361  5262  5343 I SensorsHub: context 38 0 37 1,1,55,0,33,33,0,0,0,0,23,88,175,29,64,220,186,0,26,183,24,64,12,50,8,80,0,0,0,32,0,155,159,216,0,0,0,83, 156567915567581
04-24 04:49:45.361  5635  5836 D SemContextService: Service.updateContext() : service = SLocation Core
04-24 04:49:45.361  5262  5343 I SensorsHub: context 10 0 9 1,1,55,0,5,2,34,0,0,0, 156567915641543
04-24 04:49:45.361  5635  5635 D SemContextManager: onSemContextChanged() : event = SLocation Core
04-24 04:49:45.361  5635  5635 D SLocation: SLocationCoreSem - SemContextChanged type = 47, packet received
04-24 04:49:45.362  5635  5839 I CAE     : parse(SLocationRunner.java:96) - SLocationRunner parse end:10
04-24 04:49:45.362  5635  5838 D SensorHubManager: onGetSensorHubDataLocked: library(38) = 1, 1, 55, 0, 33, 33, 0, 0, 0, 0, 23, 88, -81, 29, 64, -36, -70, 0, 26, -73, 24, 64, 12, 50, 8, 80, 0, 0, 0, 32, 0, -101, -97, -40, 0, 0, 0, 83
04-24 04:49:45.362  5635  5838 D SensorHubManager: onGetSensorHubDataLocked: library(10) = 1, 1, 55, 0, 5, 2, 34, 0, 0, 0
04-24 04:49:45.363  5635  6549 W CAE     : setCAProperty(ContextAwareService.java:519) - [setProperty 02] Mutex is unlocked for SLOCATION_RUNNER
04-24 04:49:45.363  5635  6549 D SemContextService: unlock : changeParameters
04-24 04:49:45.364  5635  5839 D CAE     : onGetSensorHubData(SensorHubParserProvider.java:89) - onGetSensorHubData Event [event buffer len :38], AP_WAKEUP
04-24 04:49:45.364  5635  5839 I CAE     : parse(SensorHubParserProvider.java:190) - buffer size = 38
04-24 04:49:45.365  5635  5839 I CAE     : parse(SensorHubParserProvider.java:201) - 1, 1, 55, 0, 33, 33, 0, 0, 0, 0, 23, 88, -81, 29, 64, -36, -70, 0, 26, -73, 24, 64, 12, 50, 8, 80, 0, 0, 0, 32, 0, -101, -97, -40, 0, 0, 0, 83,
04-24 04:49:45.365  5635  5839 I CAE     : parse(SLocationRunner.java:88) - SLocationRunner parse start : 3
04-24 04:49:45.366  5635  5839 D CAE     : display(ContextProvider.java:375) - ================= SLOCATION_RUNNER =================
04-24 04:49:45.366  5635  5839 I CAE     : display(ContextProvider.java:391) - ExtraDataArray=[1, 1, 55, 0, 33, 33, 0, 0, 0, 0, 23, 88, -81, 29, 64, -36, -70, 0, 26, -73, 24, 64, 12, 50, 8, 80, 0, 0, 0, 32, 0, -101, -97, -40, 0, 0, 0, 83]
04-24 04:49:45.367  5635  6549 D SemContextManager:   .changeParameters : listener = com.samsung.android.location.semcontext.a@1cb5071, service=SLocation Core
04-24 04:49:45.367  5635  6549 I SLocation: SemContextParser -  parse start : 3
04-24 04:49:45.367  5635  5839 I CAE     : parse(SLocationRunner.java:96) - SLocationRunner parse end:38
04-24 04:49:45.368  5635  6549 I SLocation: SemContextParser -  packet Length : 5packet total size : 10
04-24 04:49:45.368  5635  6549 I SLocation: SemContextParser - packet : [2, 2, 0, 0, 0]
04-24 04:49:45.368  5635  5839 D CAE     : onGetSensorHubData(SensorHubParserProvider.java:89) - onGetSensorHubData Event [event buffer len :10], AP_WAKEUP
04-24 04:49:45.368  5635  6549 D SLocation: GeofenceCoreManager - received Extra Data from core, len : 5
04-24 04:49:45.368  5635  6549 D SLocation: GeofenceCoreManager - handleCommandCallback - UNKNOWN_CALLBACK 2 SUCCESS
04-24 04:49:45.368  5635  6549 D SLocation: CommonCoreManager - received Extra Data from core, len : 5
04-24 04:49:45.368  5635  5839 I CAE     : parse(SensorHubParserProvider.java:190) - buffer size = 10
04-24 04:49:45.368  5635  6549 D SLocation: CommonCoreManager - handleCommandCallback - FUNC_TYPE : SET_LOCATION ERROR_CODE : ERROR_NONE
04-24 04:49:45.368  5635  5839 I CAE     : parse(SensorHubParserProvider.java:201) - 1, 1, 55, 0, 5, 2, 34, 0, 0, 0,
04-24 04:49:45.369  5635  6735 V LocationManagerService: passive provider registration 5023/com.samsung.android.networkdiagnostic/4FDF9C6D dropped delivery - too close
04-24 04:49:45.369  5635  5836 D SemContextService: Service.updateContext() : service = SLocation Core
04-24 04:49:45.369  5635  6735 V LocationManagerService: passive provider registration 1000/android[SensorNotificationService]/79F70BEC dropped delivery - too close
04-24 04:49:45.369  5635  5635 D SemContextManager: onSemContextChanged() : event = SLocation Core
04-24 04:49:45.370  5635  5839 I CAE     : parse(SLocationRunner.java:88) - SLocationRunner parse start : 3
04-24 04:49:45.370  5635  5635 D SLocation: SLocationCoreSem - SemContextChanged type = 47, packet received
04-24 04:49:45.370  5635  5839 D CAE     : display(ContextProvider.java:375) - ================= SLOCATION_RUNNER =================
04-24 04:49:45.370  5635  6549 I SLocation: SemContextParser -  parse start : 3
04-24 04:49:45.370  5635  6549 I SLocation: SemContextParser -  packet Length : 33packet total size : 38
04-24 04:49:45.370  5635  6549 I SLocation: SemContextParser - packet : [33, 0, 0, 0, 0, 23, 88, -81, 29, 64, -36, -70, 0, 26, -73, 24, 64, 12, 50, 8, 80, 0, 0, 0, 32, 0, -101, -97, -40, 0, 0, 0, 83]
04-24 04:49:45.370  5635  6549 D SLocation: GeofenceCoreManager - received Extra Data from core, len : 33
04-24 04:49:45.371  5635  6549 D SLocation: ARDistanceGetARDistance - convertSensorHubTimeToElapsedTime 1682285318851982555
04-24 04:49:45.371  5635  6549 D SLocation: ARDistanceGetARDistance - invalid location time from core pvt 1682285318851982555, do not use distance info
04-24 04:49:45.371  5635  6549 D SLocation: CommonCoreManager - received Extra Data from core, len : 33
04-24 04:49:45.371  5635  6549 D SLocation: PositionManager - PassiveonLocationChanged fused 1682304585070
04-24 04:49:45.371  5635  5839 I CAE     : display(ContextProvider.java:391) - ExtraDataArray=[1, 1, 55, 0, 5, 2, 34, 0, 0, 0]
04-24 04:49:45.371  5635  6549 W SLocation: PositionManager - do not refresh last location about fused location
04-24 04:49:45.371  5635  6549 D SLocation: ARDistanceBigData - BIGDATA ARD - receive location
04-24 04:49:45.371  5635  5839 I CAE     : parse(SLocationRunner.java:96) - SLocationRunner parse end:10
04-24 04:49:45.372  5635  6549 D SLocation: ARDistanceLibManager - request distance diff to AR Distance Library
04-24 04:49:45.372  5635  6549 D SLocation: SLocationCoreSem - send to coreSem, packet length : 1 / [34]
04-24 04:49:45.372  7192  7240 I GmsPassiveListener_FLP: onGmsLocationChanged, provider=fused / speed=0.0 / time=1682304585070 / elapsed=156567626000000
04-24 04:49:45.372  5635  6549 D SemContextLocationCoreAttribute: setAttribute() mode : 0 action : 23
04-24 04:49:45.372  5635  5836 D SemContextService: Service.updateContext() : service = SLocation Core
04-24 04:49:45.372  5635  6549 D SemContextService: lock : changeParameters
04-24 04:49:45.372  5635  6549 D SemContext.CaeProvider.LocationCoreImpl: setAttribute() mode : 0 action : 23
04-24 04:49:45.372  5635  5635 D SemContextManager: onSemContextChanged() : event = SLocation Core
04-24 04:49:45.373  5635  5635 D SLocation: SLocationCoreSem - SemContextChanged type = 47, packet received
04-24 04:49:45.373  5635  6549 W CAE     : setCAProperty(ContextAwareService.java:513) - [setProperty 01] Mutex is locked for SLOCATION_RUNNER
04-24 04:49:45.373  5635  6549 I CAE     : setPropertyValue(SLocationRunner.java:116) - SLocationRunner setProperty header : 34, len : 1
04-24 04:49:45.373  5635  6549 I CAE     : sendCmdToSensorHub(SensorHubCommManager.java:156) - -63, 23, 55, 34,
04-24 04:49:45.374  5635  5841 D SensorService: setSContextDataLocked ints length 2 , byte length 4
04-24 04:49:45.374  5635  5841 D SensorService: setSContextDataLocked 223717c1
04-24 04:49:45.374  5262  5262 I SensorsHub: SContextSensor::injecet_sensor_data
04-24 04:49:45.374  5262  5262 D SensorsHub: c1 17 37 22
04-24 04:49:45.374  5262  5262 D SensorsHub: inject_scontext_data: New ssp_data_injection_fd(28)
04-24 04:49:45.374  5262  5262 D SensorsHub: SContext Data Injection return 4
04-24 04:49:45.375  5262  5343 I SensorsHub: context 38 0 37 1,1,55,0,33,33,0,0,0,0,23,88,175,29,64,220,186,0,26,183,24,64,12,50,8,80,0,0,0,32,0,155,171,144,0,0,0,83, 156567930130620
04-24 04:49:45.375  5262  5343 I SensorsHub: context 10 0 9 1,1,55,0,5,2,34,0,0,0, 156567930186120
04-24 04:49:45.375  5635  6549 W CAE     : setCAProperty(ContextAwareService.java:519) - [setProperty 02] Mutex is unlocked for SLOCATION_RUNNER
04-24 04:49:45.375  5635  6549 D SemContextService: unlock : changeParameters
04-24 04:49:45.375  5635  6549 D SemContextManager:   .changeParameters : listener = com.samsung.android.location.semcontext.a@1cb5071, service=SLocation Core
04-24 04:49:45.376  5635  6549 D SLocation: PositionManager - receive fused location
04-24 04:49:45.376  5635  6549 I SLocation: SemContextParser -  parse start : 3
04-24 04:49:45.376  5635  6549 I SLocation: SemContextParser -  packet Length : 5packet total size : 10
04-24 04:49:45.376  5635  5838 D SensorHubManager: onGetSensorHubDataLocked: library(38) = 1, 1, 55, 0, 33, 33, 0, 0, 0, 0, 23, 88, -81, 29, 64, -36, -70, 0, 26, -73, 24, 64, 12, 50, 8, 80, 0, 0, 0, 32, 0, -101, -85, -112, 0, 0, 0, 83
04-24 04:49:45.376  5635  6549 I SLocation: SemContextParser - packet : [2, 34, 0, 0, 0]
04-24 04:49:45.376  5635  5838 D SensorHubManager: onGetSensorHubDataLocked: library(10) = 1, 1, 55, 0, 5, 2, 34, 0, 0, 0
04-24 04:49:45.376  5635  6549 D SLocation: GeofenceCoreManager - received Extra Data from core, len : 5
04-24 04:49:45.376  5635  6549 D SLocation: GeofenceCoreManager - handleCommandCallback - UNKNOWN_CALLBACK 34 SUCCESS
04-24 04:49:45.376  5635  6549 D SLocation: ARDistanceLibManager - command callback received - CURRENT_LOCATION_REQUEST_DISTANCE ERROR CODE : ERROR_NONE
04-24 04:49:45.377  5635  6549 D SLocation: CommonCoreManager - received Extra Data from core, len : 5
04-24 04:49:45.377  5635  5839 D CAE     : onGetSensorHubData(SensorHubParserProvider.java:89) - onGetSensorHubData Event [event buffer len :38], AP_WAKEUP
04-24 04:49:45.377  5635  5839 I CAE     : parse(SensorHubParserProvider.java:190) - buffer size = 38
04-24 04:49:45.378  5635  5839 I CAE     : parse(SensorHubParserProvider.java:201) - 1, 1, 55, 0, 33, 33, 0, 0, 0, 0, 23, 88, -81, 29, 64, -36, -70, 0, 26, -73, 24, 64, 12, 50, 8, 80, 0, 0, 0, 32, 0, -101, -85, -112, 0, 0, 0, 83,
04-24 04:49:45.379  5635  5839 I CAE     : parse(SLocationRunner.java:88) - SLocationRunner parse start : 3
04-24 04:49:45.379  5635  5839 D CAE     : display(ContextProvider.java:375) - ================= SLOCATION_RUNNER =================
04-24 04:49:45.382  5635  5839 I CAE     : display(ContextProvider.java:391) - ExtraDataArray=[1, 1, 55, 0, 33, 33, 0, 0, 0, 0, 23, 88, -81, 29, 64, -36, -70, 0, 26, -73, 24, 64, 12, 50, 8, 80, 0, 0, 0, 32, 0, -101, -85, -112, 0, 0, 0, 83]
04-24 04:49:45.383  5635  5839 I CAE     : parse(SLocationRunner.java:96) - SLocationRunner parse end:38
04-24 04:49:45.384  5635  5836 D SemContextService: Service.updateContext() : service = SLocation Core
04-24 04:49:45.385  5635  5635 D SemContextManager: onSemContextChanged() : event = SLocation Core
04-24 04:49:45.385  5635  5635 D SLocation: SLocationCoreSem - SemContextChanged type = 47, packet received
04-24 04:49:45.385  5635  6549 I SLocation: SemContextParser -  parse start : 3
04-24 04:49:45.385  5635  5839 D CAE     : onGetSensorHubData(SensorHubParserProvider.java:89) - onGetSensorHubData Event [event buffer len :10], AP_WAKEUP
04-24 04:49:45.386  5635  6549 I SLocation: SemContextParser -  packet Length : 33packet total size : 38
04-24 04:49:45.386  5635  6549 I SLocation: SemContextParser - packet : [33, 0, 0, 0, 0, 23, 88, -81, 29, 64, -36, -70, 0, 26, -73, 24, 64, 12, 50, 8, 80, 0, 0, 0, 32, 0, -101, -85, -112, 0, 0, 0, 83]
04-24 04:49:45.386  5635  6549 D SLocation: GeofenceCoreManager - received Extra Data from core, len : 33
04-24 04:49:45.386  5635  5839 I CAE     : parse(SensorHubParserProvider.java:190) - buffer size = 10
04-24 04:49:45.386  5635  6549 D SLocation: ARDistanceGetARDistance - convertSensorHubTimeToElapsedTime 1682285318851982555
04-24 04:49:45.386  5635  6549 D SLocation: ARDistanceGetARDistance - invalid location time from core pvt 1682285318851982555, do not use distance info
04-24 04:49:45.386  5635  6549 D SLocation: CommonCoreManager - received Extra Data from core, len : 33
04-24 04:49:45.387  5635  5839 I CAE     : parse(SensorHubParserProvider.java:201) - 1, 1, 55, 0, 5, 2, 34, 0, 0, 0,
04-24 04:49:45.387  5635  5839 I CAE     : parse(SLocationRunner.java:88) - SLocationRunner parse start : 3
04-24 04:49:45.388  5635  5839 D CAE     : display(ContextProvider.java:375) - ================= SLOCATION_RUNNER =================
04-24 04:49:45.389  5635  5839 I CAE     : display(ContextProvider.java:391) - ExtraDataArray=[1, 1, 55, 0, 5, 2, 34, 0, 0, 0]
04-24 04:49:45.389  5635  5839 I CAE     : parse(SLocationRunner.java:96) - SLocationRunner parse end:10
04-24 04:49:45.390  5635  5836 D SemContextService: Service.updateContext() : service = SLocation Core
04-24 04:49:45.390  5635  5635 D SemContextManager: onSemContextChanged() : event = SLocation Core
04-24 04:49:45.390  5635  5635 D SLocation: SLocationCoreSem - SemContextChanged type = 47, packet received
04-24 04:49:45.391  5635  6549 I SLocation: SemContextParser -  parse start : 3
04-24 04:49:45.391  5635  6549 I SLocation: SemContextParser -  packet Length : 5packet total size : 10
04-24 04:49:45.391  5635  6549 I SLocation: SemContextParser - packet : [2, 34, 0, 0, 0]
04-24 04:49:45.391  5635  6549 D SLocation: GeofenceCoreManager - received Extra Data from core, len : 5
04-24 04:49:45.391  5635  6549 D SLocation: GeofenceCoreManager - handleCommandCallback - UNKNOWN_CALLBACK 34 SUCCESS
04-24 04:49:45.391  5635  6549 D SLocation: ARDistanceLibManager - command callback received - CURRENT_LOCATION_REQUEST_DISTANCE ERROR CODE : ERROR_NONE
04-24 04:49:45.391  5635  6549 D SLocation: CommonCoreManager - received Extra Data from core, len : 5
04-24 04:49:47.704 21600 21600 D BoundBrokerSvc: onUnbind: Intent { act=com.google.android.gms.scheduler.ACTION_PROXY_SCHEDULE dat=chimera-action:/... cmp=com.google.android.gms/.chimera.PersistentApiService }
04-24 04:49:47.742 28208 32380 I GmscoreIpa: Starting mediastore instant index [CONTEXT service_id=255 ]
04-24 04:49:47.924  5635  6549 D SLocation: GeopointGeofenceManager - Location reported : fix method = 4 / 18.961
04-24 04:49:47.925  5635  6549 W Settings: Setting airplane_mode_on has moved from android.provider.Settings.System to android.provider.Settings.Global, returning read-only value.
04-24 04:49:47.930  5635  6549 D SLocation: LocationProcessingAlgorithm - entry condition - dist : 4644.2153 padding : 0.0, accuracy : 18.961, provider : network, dir : 2
04-24 04:49:47.931  5635  6549 D SLocation: LocationProcessingAlgorithm - entry condition - dist : 3807520.0 padding : 0.0, accuracy : 18.961, provider : network, dir : 2
04-24 04:49:47.931  5635  6549 D SLocation: LocationProcessingAlgorithm - entry condition - dist : 90753.164 padding : 0.0, accuracy : 18.961, provider : network, dir : 2
04-24 04:49:47.932  5635  6549 D SLocation: LocationProcessingAlgorithm - entry condition - dist : 3807943.5 padding : 0.0, accuracy : 18.961, provider : network, dir : 2
04-24 04:49:47.932  5635  6549 D SLocation: LocationProcessingAlgorithm - entry condition - dist : 682.5673 padding : 0.0, accuracy : 18.961, provider : network, dir : 2
04-24 04:49:47.932  5635  6549 D SLocation: LocationProcessingAlgorithm - entry condition - dist : 1917394.6 padding : 0.0, accuracy : 18.961, provider : network, dir : 2
04-24 04:49:47.933  5635  6549 D SLocation: LocationProcessingAlgorithm - entry condition - dist : 13354.583 padding : 0.0, accuracy : 18.961, provider : network, dir : 2
04-24 04:49:47.933  5635  6549 D SLocation: LocationProcessingAlgorithm - entry condition - dist : 3807943.5 padding : 0.0, accuracy : 18.961, provider : network, dir : 2
04-24 04:49:47.933  5635  6549 D SLocation: LocationProcessingAlgorithm - entry condition - dist : 1801175.2 padding : 0.0, accuracy : 18.961, provider : network, dir : 2
04-24 04:49:47.934  5635  6549 D SLocation: LocationProcessingAlgorithm - entry condition - dist : 661.6237 padding : 0.0, accuracy : 18.961, provider : network, dir : 2
04-24 04:49:47.934  5635  6549 D SLocation: LocationProcessingAlgorithm - entry condition - dist : 4.3857327 padding : 0.0, accuracy : 18.961, provider : network, dir : 1
04-24 04:49:47.934  5635  6549 D SLocation: GeopointReceiver - send geopoint result - 1
04-24 04:49:47.935  5635  6549 D SLocation: LocationProcessingAlgorithm - entry condition - dist : 430.02502 padding : 0.0, accuracy : 18.961, provider : network, dir : 1
04-24 04:49:47.935  5635  6549 D SLocation: GeopointReceiver - send geopoint result - 1
04-24 04:49:49.000  6374  6652 D MobileStatusTracker(1/2): onDataActivity: direction=3
04-24 04:49:49.003  6374  6652 D MobileSignalController(1/2): notifyListener: enabled=true, connected=true, dataConnected=true, networkType=LTE (4G), emergencyOnly=false, roaming=false, isDefault=true, dataActivity=inout, level=2, ca=false, mmWave=false, disabledDataIcon=false, simCard=ETC
04-24 04:49:50.029  6374  6652 D MobileStatusTracker(1/2): onDataActivity: direction=0
04-24 04:49:50.030  6374  6652 D MobileSignalController(1/2): notifyListener: enabled=true, connected=true, dataConnected=true, networkType=LTE (4G), emergencyOnly=false, roaming=false, isDefault=true, dataActivity=, level=2, ca=false, mmWave=false, disabledDataIcon=false, simCard=ETC
04-24 04:49:50.350  5272  5272 E sehhealth-service: Could not open /sys/class/power_supply/battery/lrp
04-24 04:49:55.937  6673  7145 I bt_stack: [INFO:rfc_port_fsm.cc(106)] rfc_port_sm_execute: BD_ADDR=645df4_1, PORT=18, STATE=4, EVENT=4
04-24 04:49:55.961  6673  7145 I bt_stack: [INFO:rfc_port_fsm.cc(106)] rfc_port_sm_execute: BD_ADDR=645df4_1, PORT=18, STATE=4, EVENT=14
04-24 04:49:56.050  6673  7145 I bt_stack: [INFO:rfc_port_fsm.cc(106)] rfc_port_sm_execute: BD_ADDR=645df4_1, PORT=18, STATE=4, EVENT=14
04-24 04:49:56.051  6673  7145 I bt_stack: [INFO:rfc_port_fsm.cc(106)] rfc_port_sm_execute: BD_ADDR=645df4_1, PORT=18, STATE=4, EVENT=14
04-24 04:49:56.052  6673  7145 I bt_stack: [INFO:rfc_port_fsm.cc(106)] rfc_port_sm_execute: BD_ADDR=645df4_1, PORT=18, STATE=4, EVENT=14
04-24 04:49:56.053  6673  7145 I bt_stack: [INFO:rfc_port_fsm.cc(106)] rfc_port_sm_execute: BD_ADDR=645df4_1, PORT=18, STATE=4, EVENT=14
04-24 04:49:56.054  6673  7145 I bt_stack: [INFO:rfc_port_fsm.cc(106)] rfc_port_sm_execute: BD_ADDR=645df4_1, PORT=18, STATE=4, EVENT=14
04-24 04:49:56.061  6673  7145 I bt_stack: [INFO:rfc_port_fsm.cc(106)] rfc_port_sm_execute: BD_ADDR=645df4_1, PORT=18, STATE=4, EVENT=14
04-24 04:49:56.110  6673  7145 I bt_stack: [INFO:rfc_port_fsm.cc(106)] rfc_port_sm_execute: BD_ADDR=645df4_1, PORT=18, STATE=4, EVENT=4
04-24 04:49:56.115  6673  7145 I bt_stack: [INFO:rfc_port_fsm.cc(106)] rfc_port_sm_execute: BD_ADDR=645df4_1, PORT=18, STATE=4, EVENT=14
04-24 04:49:56.121  6673  7145 I bt_stack: [INFO:rfc_port_fsm.cc(106)] rfc_port_sm_execute: BD_ADDR=645df4_1, PORT=18, STATE=4, EVENT=4
04-24 04:49:56.130  6673  7145 I bt_stack: [INFO:rfc_port_fsm.cc(106)] rfc_port_sm_execute: BD_ADDR=645df4_1, PORT=18, STATE=4, EVENT=14
04-24 04:49:56.142  6673  7145 I bt_stack: [INFO:rfc_port_fsm.cc(106)] rfc_port_sm_execute: BD_ADDR=645df4_1, PORT=18, STATE=4, EVENT=14
04-24 04:49:56.170  6673  7145 I bt_stack: [INFO:rfc_port_fsm.cc(106)] rfc_port_sm_execute: BD_ADDR=645df4_1, PORT=18, STATE=4, EVENT=14
04-24 04:49:56.231  6673  7145 I bt_stack: [INFO:rfc_port_fsm.cc(106)] rfc_port_sm_execute: BD_ADDR=645df4_1, PORT=18, STATE=4, EVENT=4
04-24 04:49:56.240  6374  6652 D MobileStatusTracker(1/2): onDataActivity: direction=3
04-24 04:49:56.248  6673  7145 I bt_stack: [INFO:rfc_port_fsm.cc(106)] rfc_port_sm_execute: BD_ADDR=645df4_1, PORT=18, STATE=4, EVENT=4
04-24 04:49:56.249  6374  6652 D MobileSignalController(1/2): notifyListener: enabled=true, connected=true, dataConnected=true, networkType=LTE (4G), emergencyOnly=false, roaming=false, isDefault=true, dataActivity=inout, level=2, ca=false, mmWave=false, disabledDataIcon=false, simCard=ETC
04-24 04:49:56.258  6673  7145 I bt_stack: [INFO:rfc_port_fsm.cc(106)] rfc_port_sm_execute: BD_ADDR=645df4_1, PORT=18, STATE=4, EVENT=14
04-24 04:49:56.520  6673  7145 I bt_stack: [INFO:rfc_port_fsm.cc(106)] rfc_port_sm_execute: BD_ADDR=645df4_1, PORT=18, STATE=4, EVENT=14
04-24 04:49:56.520  6673  7145 I bt_stack: [INFO:rfc_port_fsm.cc(106)] rfc_port_sm_execute: BD_ADDR=645df4_1, PORT=18, STATE=4, EVENT=14
04-24 04:49:56.520  6673  7145 I bt_stack: [INFO:rfc_port_fsm.cc(106)] rfc_port_sm_execute: BD_ADDR=645df4_1, PORT=18, STATE=4, EVENT=14
04-24 04:49:56.521  6673  7145 I bt_stack: [INFO:rfc_port_fsm.cc(106)] rfc_port_sm_execute: BD_ADDR=645df4_1, PORT=18, STATE=4, EVENT=14
04-24 04:49:56.521  6673  7145 I bt_stack: [INFO:rfc_port_fsm.cc(106)] rfc_port_sm_execute: BD_ADDR=645df4_1, PORT=18, STATE=4, EVENT=14
04-24 04:49:56.529  6673  7145 I bt_stack: [INFO:rfc_port_fsm.cc(106)] rfc_port_sm_execute: BD_ADDR=645df4_1, PORT=18, STATE=4, EVENT=14
04-24 04:49:56.529  6673  7145 I bt_stack: [INFO:rfc_port_fsm.cc(106)] rfc_port_sm_execute: BD_ADDR=645df4_1, PORT=18, STATE=4, EVENT=14
04-24 04:49:56.675  6673  7145 I bt_stack: [INFO:rfc_port_fsm.cc(106)] rfc_port_sm_execute: BD_ADDR=645df4_1, PORT=18, STATE=4, EVENT=4
04-24 04:49:56.680  6673  7145 I bt_stack: [INFO:rfc_port_fsm.cc(106)] rfc_port_sm_execute: BD_ADDR=645df4_1, PORT=18, STATE=4, EVENT=14
04-24 04:49:56.816  6673  7145 I bt_stack: [INFO:rfc_port_fsm.cc(106)] rfc_port_sm_execute: BD_ADDR=645df4_1, PORT=18, STATE=4, EVENT=14
