04-09 22:43:19.718  5665  5741 W libprocessgroup: Failed to apply LowIoPriority task profile: No such file or directory
04-09 22:43:19.724 14051 14051 D CompatibilityChangeReporter: Compat change id reported: 171979766; UID 10124; state: ENABLED
04-09 22:43:19.726  6284  6284 I FaceWidgetPositionAlgorithm: getMediaContainerHeight() height = 0 container Visibility = 8, isValid = false, mIsDozing = false, fraction = 1.0, source = 0, target = 0
04-09 22:43:19.726  6284  6284 I FaceWidgetPositionAlgorithm: getMediaContainerHeight() supplier = 0
04-09 22:43:19.728 31881 31881 I MSHandlerLifeCycle: removeMultiSplitHandler: no exist. decor=DecorView@9504463[MainActivity]
04-09 22:43:19.730 31881 31881 D InputTransport: Input channel destroyed: 'ClientS', fd=197
04-09 22:43:19.738  5665  6152 D NetdEventListenerService: DNS Requested by : 100, 10221
04-09 22:43:19.738  6284  6330 D OpenGLRenderer: setSurface called with nullptr
04-09 22:43:19.738  6284  6330 D OpenGLRenderer: setSurface() destroyed EGLSurface
04-09 22:43:19.738  6284  6330 D OpenGLRenderer: destroyEglSurface
04-09 22:43:19.742  6284  6324 D ViewRootImpl@73cdf45[test]: performTraversals mFirst=false windowShouldResize=false viewVisibilityChanged=true mForceNextWindowRelayout=false params=null
04-09 22:43:19.744  5665  8234 V WindowManager: Relayout Window{cc57a6b u0 Splash Screen org.jetbrains.android_benchmark.test}: viewVisibility=8 req=1080x2400 d0
04-09 22:43:19.749  5329  5329 I Layer   : Layer [Splash Screen org.jetbrains.android_benchmark.test$_6284#275] hidden!! flag(1)
04-09 22:43:19.750  5665  8234 V WindowManager: Relayout hash=cc57a6b, pid=6284, syncId=-1: mAttrs={(0,0)(fillxfill) sim={adjust=pan} ty=APPLICATION_STARTING fmt=TRANSLUCENT wanim=0x1030001
04-09 22:43:19.750  5665  8234 V WindowManager:   fl=81030118
04-09 22:43:19.750  5665  8234 V WindowManager:   pfl=16000010
04-09 22:43:19.750  5665  8234 V WindowManager:   bhv=DEFAULT
04-09 22:43:19.750  5665  8234 V WindowManager:   fitSides= naviIconColor=0}
04-09 22:43:19.752  6284  6324 I ViewRootImpl@73cdf45[test]: Relayout returned: old=(0,0,1080,2400) new=(0,0,1080,2400) req=(1080,2400)8 dur=9 res=0x2 s={false 0x0} ch=true seqId=0
04-09 22:43:19.754  6284  6324 I ViewRootImpl@73cdf45[test]: dispatchDetachedFromWindow
04-09 22:43:19.756  5329  5329 D SurfaceFlinger: Display 0 HWC layers:
04-09 22:43:19.756  5329  5329 D SurfaceFlinger:      DEVICE | 0x773f0c9580 | 0102 | RGBA_8888    |    0.0    0.0 1080.0 2310.0 |    0   90 1080 2400 | org.jetbrains.android_benchmark.test[...]nchmark.IsolationActivity$_13828#282
04-09 22:43:19.756  5329  5329 D SurfaceFlinger:      DEVICE | 0x7712269780 | 0100 | RGBA_8888    |    0.0   61.0 1080.0   88.0 |    0    0 1080   27 | StatusBar$_6284#103
04-09 22:43:19.756  5329  5329 D SurfaceFlinger:      DEVICE | 0x773f0a7440 | 0100 | RGBA_8888    |    0.0    0.0 1080.0  126.0 |    0 2274 1080 2400 | NavigationBar0$_6284#94
04-09 22:43:19.756  5329  5329 D SurfaceFlinger:      DEVICE | 0x771226a040 | 0140 | RGBA_8888    |    0.0    0.0 1080.0  100.0 |    0    0 1080  100 | ScreenDecorOverlay$_6284#113
04-09 22:43:19.756  5329  5329 D SurfaceFlinger:      DEVICE | 0x771470d040 | 0140 | RGBA_8888    |    0.0    0.0 1080.0  100.0 |    0 2300 1080 2400 | ScreenDecorOverlayBottom$_6284#114
04-09 22:43:19.756  5329  5329 D SurfaceFlinger:
04-09 22:43:19.758  5665  5741 W libprocessgroup: Failed to open /dev/blkio//cgroup.procs: No such file or directory
04-09 22:43:19.758  5466  5816 I CameraService: onUidStateChanged: uid=10054, procState is changed. (1 -> 0)
04-09 22:43:19.761  5307 13878 I HYPER-HAL: [RequestManager.cpp]releaseLocked(): Released ID : 37467508
04-09 22:43:19.776  5329  6937 I SurfaceFlinger: id=288 createSurf flag=24004, Surface(name=8d36f32 InputMethod)/@0x5947e39 - animation-leash of insets_animation#288
04-09 22:43:19.789 13828 13828 D InsetsController: onStateChanged: InsetsState: {mDisplayFrame=Rect(0, 0 - 1080, 2400), mDisplayCutout=DisplayCutout{insets=Rect(0, 88 - 0, 0) waterfall=Insets{left=0, top=0, right=0, bottom=0} boundingRect={Bounds=[Rect(0, 0 - 0, 0), Rect(512, 0 - 568, 88), Rect(0, 0 - 0, 0), Rect(0, 0 - 0, 0)]} cutoutPathParserInfo={CutoutPathParserInfo{displayWidth=1080 displayHeight=2400 physicalDisplayWidth=1080 physicalDisplayHeight=2400 density={2.625} cutoutSpec={M 0,0 M 0,12.25101276465640 a 10.60613009248640,10.60613009248640 0 1,0 0,21.21226018497290 a 10.60613009248640,10.60613009248640 0 1,0 0,-21.21226018497290 Z @dp} rotation={0} scale={1.0} physicalPixelDisplaySizeRatio={1.0}}}}, mRoundedCorners=RoundedCorners{[RoundedCorner{position=TopLeft, radius=84, center=Point(84, 84)}, RoundedCorner{position=TopRight, radius=84, center=Point(996, 84)}, RoundedCorner{position=BottomRight, radius=84, center=Point(996, 2316)}, RoundedCorner{position=BottomLeft, radius=84, center=Point(84, 2316)}]}  mRoundedCornerFrame=Rect(0, 0 - 1080, 2400), mPrivacyIndicatorBounds=PrivacyIndicatorBounds {static bounds=Rect(964, 0 - 1080, 88) rotation=0}, mSources= { InsetsSource: {mType=ITYPE_STATUS_BAR, mFrame=[0,0][1080,88], mVisible=false, mInsetsRoundedCornerFrame=false}, InsetsSource: {mType=ITYPE_NAVIGATION_BAR, mFrame=[0,2274][1080,2400], mVisible=true, mInsetsRoundedCornerFrame=false}, InsetsSource: {mType=ITYPE_LEFT_GESTURES, mFrame=[0,0][0,2400], mVisible=true, mInsetsRoundedCornerFrame=false}, InsetsSource: {mType=ITYPE_RIGHT_GESTURES, mFrame=[1080,0][1080,2400], mVisible=true, mInsetsRoundedCornerFrame=false}, InsetsSource: {mType=ITYPE_TOP_MANDATORY_GESTURES, mFrame=[0,0][1080,120], mVisible=true, mInsetsRoundedCornerFrame=false}, InsetsSource: {mType=ITYPE_BOTTOM_MANDATORY_GESTURES, mFrame=[0,2274][1080,2400], mVisible=true, mInsetsRoundedCornerFrame=false}, InsetsSource: {mType=ITYPE_LEFT_DISPLAY_CUTOUT, mFrame=[0,0][-100000,2400], mVisible=true, mInsetsRoundedCornerFrame=false}, InsetsSource: {mType=ITYPE_TOP_DISPLAY_CUTOUT, mFrame=[0,0][1080,88], mVisible=true, mInsetsRoundedCornerFrame=false}, InsetsSource: {mType=ITYPE_RIGHT_DISPLAY_CUTOUT, mFrame=[100000,0][1080,2400], mVisible=true, mInsetsRoundedCornerFrame=false}, InsetsSource: {mType=ITYPE_BOTTOM_DISPLAY_CUTOUT, mFrame=[0,100000][1080,2400], mVisible=true, mInsetsRoundedCornerFrame=false}, InsetsSource: {mType=ITYPE_TOP_TAPPABLE_ELEMENT, mFrame=[0,0][1080,88], mVisible=true, mInsetsRoundedCornerFrame=false}, InsetsSource: {mType=ITYPE_BOTTOM_TAPPABLE_ELEMENT, mFrame=[0,2274][1080,2400], mVisible=true, mInsetsRoundedCornerFrame=false}, InsetsSource: {mType=ITYPE_IME, mFrame=[0,0][0,0], mVisibleFrame=[0,2274][1080,2400], mVisible=false, mInsetsRoundedCornerFrame=false} } host=org.jetbrains.android_benchmark.test/androidx.benchmark.IsolationActivity from=android.view.ViewRootImpl$ViewRootHandler.handleMessageImpl:6534
04-09 22:43:19.794  5665  9359 D InputTransport: Input channel destroyed: 'cc57a6b', fd=1024
04-09 22:43:19.795  5665  9359 W InputManager-JNI: Input channel object 'cc57a6b Splash Screen org.jetbrains.android_benchmark.test (client)' was disposed without first being removed with the input manager!
04-09 22:43:19.795  5665  9359 D InputTransport: Input channel destroyed: 'cc57a6b', fd=1025
04-09 22:43:19.798  5329  5329 I Layer   : id=263 removeFromCurrentState rs.telenor.mymenu/rs.telenor.mymenu.MainActivity$_31881#263 (112)
04-09 22:43:19.799  5329  5329 I Layer   : id=270 removeFromCurrentState Surface(name=8d36f32 InputMethod)/@0x5947e39 - animation-leash of insets_animation#270 (112)
04-09 22:43:19.799  5329  5329 I SurfaceFlinger: id=270 Removed Surface(name=8d36f32 InputMethod)/@0x5947e39 - animation-leash of insets_animation#270 (112)
04-09 22:43:19.799  5329  5329 I SurfaceFlinger: id=263 Removed rs.telenor.mymenu/rs.telenor.mymenu.MainActivity$_31881#263 (112)
04-09 22:43:19.799  5329  5329 I Layer   : id=263 Destroyed rs.telenor.mymenu/rs.telenor.mymenu.MainActivity$_31881#263
04-09 22:43:19.800  5329  5329 I Layer   : id=270 Destroyed Surface(name=8d36f32 InputMethod)/@0x5947e39 - animation-leash of insets_animation#270
04-09 22:43:19.806  5665  9359 D InputTransport: Input channel constructed: 'Letterb', fd=1024
04-09 22:43:19.806  5665  9359 D InputTransport: Input channel constructed: 'Letterb', fd=1025
04-09 22:43:19.806  5665  9359 D InputTransport: Input channel constructed: 'Letterb', fd=1093
04-09 22:43:19.806  5665  9359 D InputTransport: Input channel constructed: 'Letterb', fd=1094
04-09 22:43:19.807  5665  9359 D InputTransport: Input channel constructed: 'Letterb', fd=1095
04-09 22:43:19.808  5665  9359 D InputTransport: Input channel constructed: 'Letterb', fd=1100
04-09 22:43:19.808  5665  9359 D InputTransport: Input channel constructed: 'Letterb', fd=1101
04-09 22:43:19.808  5665  9359 D InputTransport: Input channel constructed: 'Letterb', fd=1102
04-09 22:43:19.813  5329  6937 I SurfaceFlinger: id=289 createSurf flag=20004, Letterbox - top#289
04-09 22:43:19.818  5665  6404 D InputMethodManagerService: isImeSwitcherDisabledPackage : false
04-09 22:43:19.821  6284  6284 D CentralSurfaces: Received new disable state: enaihbcrsokt.qingr (unchanged)
04-09 22:43:19.822  6284  6324 D InputTransport: Input channel destroyed: 'cc57a6b', fd=495
04-09 22:43:19.827  6284  6284 D SamsungLightBarControlHelper: onStatusBarAppearanceChanged() -  sbModeChanged:false, statusBarMode:MODE_TRANSPARENT, barState:SHADE, isKeyguardShowing:false, navbarColorManagedByIme:false, stackAppearancesChanged:true, (), packageName:org.jetbrains.android_benchmark.test
04-09 22:43:19.832  5329  5329 I Layer   : id=274 removeFromCurrentState cc57a6b Splash Screen org.jetbrains.android_benchmark.test#274 (111)
04-09 22:43:19.832  5329  5329 I Layer   : id=275 removeFromCurrentState Splash Screen org.jetbrains.android_benchmark.test$_6284#275 (111)
04-09 22:43:19.832  5329  5329 I Layer   : id=287 removeFromCurrentState Surface(name=f1904f2 org.jetbrains.android_benchmark.test/androidx.benchmark.IsolationActivity)/@0x55b5180 - animation-leash of starting_reveal#287 (111)
04-09 22:43:19.832  5329  5329 I Layer   : id=275 removeFromCurrentState Splash Screen org.jetbrains.android_benchmark.test$_6284#275 (111)
04-09 22:43:19.833  5329  5329 I SurfaceFlinger: id=274 Removed cc57a6b Splash Screen org.jetbrains.android_benchmark.test#274 (111)
04-09 22:43:19.833  5329  5329 I SurfaceFlinger: id=275 Removed Splash Screen org.jetbrains.android_benchmark.test$_6284#275 (111)
04-09 22:43:19.834  5329  5329 I Layer   : id=274 Destroyed cc57a6b Splash Screen org.jetbrains.android_benchmark.test#274
04-09 22:43:19.834  5329  5329 I Layer   : id=275 Destroyed Splash Screen org.jetbrains.android_benchmark.test$_6284#275
04-09 22:43:19.839 13828 13868 I PerfettoCapture: Cleanup perfetto before starting.
04-09 22:43:19.840  5329  5329 D SurfaceFlinger: Display 0 HWC layers:
04-09 22:43:19.840  5329  5329 D SurfaceFlinger:  SOLID_COLOR |              | 0000 |  Unknown  |    0.0    0.0    0.0    0.0 |    0    0 1080   88 | Letterbox - top#289
04-09 22:43:19.840  5329  5329 D SurfaceFlinger:      DEVICE | 0x773f0a7e40 | 0102 | RGBA_8888    |    0.0    0.0 1080.0 2312.0 |    0   88 1080 2400 | org.jetbrains.android_benchmark.test[...]nchmark.IsolationActivity$_13828#282
04-09 22:43:19.840  5329  5329 D SurfaceFlinger:      DEVICE | 0x771226af40 | 0100 | RGBA_8888    |    0.0   83.0 1080.0   88.0 |    0    0 1080    5 | StatusBar$_6284#103
04-09 22:43:19.840  5329  5329 D SurfaceFlinger:      DEVICE | 0x773f0a7440 | 0100 | RGBA_8888    |    0.0    0.0 1080.0  126.0 |    0 2274 1080 2400 | NavigationBar0$_6284#94
04-09 22:43:19.840  5329  5329 D SurfaceFlinger:      DEVICE | 0x771226a040 | 0140 | RGBA_8888    |    0.0    0.0 1080.0  100.0 |    0    0 1080  100 | ScreenDecorOverlay$_6284#113
04-09 22:43:19.840  5329  5329 D SurfaceFlinger:      DEVICE | 0x771470d040 | 0140 | RGBA_8888    |    0.0    0.0 1080.0  100.0 |    0 2300 1080 2400 | ScreenDecorOverlayBottom$_6284#114
04-09 22:43:19.840  5329  5329 D SurfaceFlinger:
04-09 22:43:19.847  7525  7525 I GoogleInputMethodService: GoogleInputMethodService.onFinishInput():3302
04-09 22:43:19.895 14051 14051 D nativeloader: Configuring classloader-namespace for other apk /system/framework/org.apache.http.legacy.jar. target_sdk_version=33, uses_libraries=ALL, library_path=/data/app/~~A_769ij5H10b6gyL5MNm1w==/ru.tele2.mytele2-mwiqy8m7XDU5y5qIZwI3Tw==/lib/arm64:/data/app/~~A_769ij5H10b6gyL5MNm1w==/ru.tele2.mytele2-mwiqy8m7XDU5y5qIZwI3Tw==/base.apk!/lib/arm64-v8a:/data/app/~~A_769ij5H10b6gyL5MNm1w==/ru.tele2.mytele2-mwiqy8m7XDU5y5qIZwI3Tw==/split_config.arm64_v8a.apk!/lib/arm64-v8a:/data/app/~~A_769ij5H10b6gyL5MNm1w==/ru.tele2.mytele2-mwiqy8m7XDU5y5qIZwI3Tw==/split_config.en.apk!/lib/arm64-v8a:/data/app/~~A_769ij5H10b6gyL5MNm1w==/ru.tele2.mytele2-mwiqy8m7XDU5y5qIZwI3Tw==/split_config.ru.apk!/lib/arm64-v8a:/data/app/~~A_769ij5H10b6gyL5MNm1w==/ru.tele2.mytele2-mwiqy8m7XDU5y5qIZwI3Tw==/split_config.xxhdpi.apk!/lib/arm64-v8a, permitted_path=/data:/mnt/expand:/data/user/0/ru.tele2.mytele2
04-09 22:43:19.895 14051 14051 D nativeloader: Extending system_exposed_libraries: libhumantracking.arcsoft.so:libPortraitDistortionCorrection.arcsoft.so:libPortraitDistortionCorrectionCali.arcsoft.so:libface_landmark.arcsoft.so:libFacialStickerEngine.arcsoft.so:libveengine.arcsoft.so:liblow_light_hdr.arcsoft.so:libhigh_dynamic_range.arcsoft.so:libFacialAttributeDetection.arcsoft.so:libneural.snap.samsung.so:libsnap_aidl.snap.samsung.so:libBestComposition.polarr.so:libTracking.polarr.so:libFeature.polarr.so:libPolarrSnap.polarr.so:libYuv.polarr.so:libhal.wsm.samsung.so:libsce_v1.crypto.samsung.so:libknox_remotedesktopclient.knox.samsung.so:libVDLowLight.visidon.so:libSDKRecognitionText.spensdk.samsung.so:libSFEffect.fonteffect.samsung.so:libheifcapture_jni.media.samsung.so:libjpegsq.media.samsung.so:libslljpeg.media.samsung.so:libsemimagecrop_jni.media.samsung.so:libapex_jni.media.samsung.so:libperfsdk.performance.samsung.so:lib.engmodejni.samsung.so:libSEF.quram.so:libimagecodec.quram.so:libagifencoder.quram.so:libBeauty_v4.camera.samsung.so:libexifa.ca
04-09 22:43:19.903  5329  5329 D SurfaceFlinger: Display 0 HWC layers:
04-09 22:43:19.903  5329  5329 D SurfaceFlinger:  SOLID_COLOR |              | 0000 |  Unknown  |    0.0    0.0    0.0    0.0 |    0    0 1080   88 | Letterbox - top#289
04-09 22:43:19.903  5329  5329 D SurfaceFlinger:      DEVICE | 0x773f0a7e40 | 0102 | RGBA_8888    |    0.0    0.0 1080.0 2312.0 |    0   88 1080 2400 | org.jetbrains.android_benchmark.test[...]nchmark.IsolationActivity$_13828#282
04-09 22:43:19.903  5329  5329 D SurfaceFlinger:      DEVICE | 0x773f0a7440 | 0100 | RGBA_8888    |    0.0    0.0 1080.0  126.0 |    0 2274 1080 2400 | NavigationBar0$_6284#94
04-09 22:43:19.903  5329  5329 D SurfaceFlinger:      DEVICE | 0x771226a040 | 0140 | RGBA_8888    |    0.0    0.0 1080.0  100.0 |    0    0 1080  100 | ScreenDecorOverlay$_6284#113
04-09 22:43:19.903  5329  5329 D SurfaceFlinger:      DEVICE | 0x771470d040 | 0140 | RGBA_8888    |    0.0    0.0 1080.0  100.0 |    0 2300 1080 2400 | ScreenDecorOverlayBottom$_6284#114
04-09 22:43:19.903  5329  5329 D SurfaceFlinger:
04-09 22:43:19.911  5312  5312 E sehhealth-service: Could not open /sys/class/power_supply/battery/lrp
04-09 22:43:19.911  5665  5861 D MotionRecognitionService: [SAR]  onReceive : ACTION_BATTERY_CHANGED, Plugged: 2
04-09 22:43:19.911  5665  5665 D PhoneWindowManagerExt: ACTION_BATTERY_CHANGED - Level=51, status=2
04-09 22:43:19.912  5665  5665 D SemWifiApBroadcastReceiver: Received : android.intent.action.BATTERY_CHANGED
04-09 22:43:19.913  6213  6213 D SemBigDataInfoController: Intent: android.intent.action.BATTERY_CHANGED
04-09 22:43:19.914  6213  6213 D SemBigDataInfoController: Intent: android.intent.action.BATTERY_CHANGED
04-09 22:43:19.915  6284  6284 I PowerUI : mBootCompleted = true |  mFullyConnected = true
04-09 22:43:19.915  6284  6284 W PowerUI : Plug reason
04-09 22:43:19.915  6284  6284 W PowerUI : Skip charging animation - by plug status
04-09 22:43:19.915  6284  6284 D PowerUI : priorPlugType = 2 mPlugType = 2 priorBatteryStatus = 2 mBatteryStatus = 2
04-09 22:43:19.915  6284 10889 D SecPowerUI.Notification: dismissing low battery warning: level=51
04-09 22:43:19.915  6284 10889 D SecPowerUI.Notification: updateNotification mWarning=false mPlaySound=false
04-09 22:43:19.916  6284  6284 W PowerUI : Plug reason
04-09 22:43:19.916  6284  6284 W PowerUI : Skip charging sound - by plug status
04-09 22:43:19.916  6284  6284 I PowerUI : oldMisalign : false, curMisalign : false
04-09 22:43:19.916  6284 10889 D SecPowerUI.Notification: SecBatteryStatsSnapshot{batteryLevel=51, currentBatteryMode=0, chargingTime=3902000, chargingType=11, batteryHealth=2, automaticTestMode=false, isHiccupState=false}
04-09 22:43:19.918  6284  6284 D SecPowerUI.Notification: showChargingNotice oldChargingType : 11 currentChargingType : 11 oldChargingTime : 3902000 mChargingTime : 3895000
04-09 22:43:19.918  6284  6284 D SecPowerUI.Notification: showChargingNotification()
04-09 22:43:19.918  6284 10889 D SecPowerUI.Notification: 1. restoreScreenTimeOut - saved_value : :
04-09 22:43:19.918  6284  6284 D SecPowerUI.Notification: SecBatteryStatsSnapshot{batteryLevel=51, currentBatteryMode=0, chargingTime=3895000, chargingType=11, batteryHealth=2, automaticTestMode=false, isHiccupState=false}
04-09 22:43:19.918  6284 10889 E SecPowerUI.Notification: no saved value, so we do nothing !!
04-09 22:43:19.918  6284  6284 D PowerUi.ChargingNotification: showChargingNotification()
04-09 22:43:19.923  6284  6284 D PowerUi.ChargingNotification: showChargingNotification()
04-09 22:43:19.926  5665  9359 D ApplicationPolicy: isStatusBarNotificationAllowedAsUser: packageName = com.android.systemui,userId = 0
04-09 22:43:19.926  5665  9359 D ApplicationPolicy: isStatusBarNotificationAllowedAsUser: packageName = com.android.systemui,userId = -1
04-09 22:43:19.926  5665  9359 D ApplicationPolicy: isStatusBarNotificationAllowedAsUser: converting userId from USER_ALLto 0
04-09 22:43:19.927  6284  6284 D PowerUI : Battery swelling mode - priorBatterySwellingMode = 0 mBatterySwellingMode = 0 mBatteryStatus = 2
04-09 22:43:19.927  6284  6284 I PowerUI : mBatteryMiscEvent = 65536
04-09 22:43:19.927  6284  6284 D SamsungBatteryMeterDrawable: onBatteryLevelChanged isSomethingChanged: false
04-09 22:43:19.928  6284  6284 D SamsungBatteryMeterDrawable: onBatteryLevelChanged isSomethingChanged: false
04-09 22:43:19.928  6284  6284 D SamsungBatteryMeterDrawable: onBatteryLevelChanged isSomethingChanged: false
04-09 22:43:19.928  6284  6284 D SamsungBatteryMeterDrawable: onBatteryLevelChanged isSomethingChanged: false
04-09 22:43:19.929  6284  6284 D KeyguardUpdateMonitor: received broadcast android.intent.action.BATTERY_CHANGED
04-09 22:43:19.930  6284  6284 I AODBatteryManager: updateBatteryData: ACTION_BATTERY_CHANGED
04-09 22:43:19.932  6284  6284 I AODBatteryManager: saveBatteryData : AOD BatteryData [mBatteryLevel=51, mBatteryStatus=CHARGING, mBatteryPlugType=USB, mBatteryPlugged=true, mRemainingChargeTime=3895000, mBatteryChargingType=2, mBatteryChargerType=FAST, mBatteryOnline=NOT_DEFINED, mBatterySwellingMode=NONE, mBatteryProtectMode=false]
04-09 22:43:19.933  6284  6284 I ChargingInfoManager: updateChargingInfo: newState = AOD ChargingInfo [mState=BATTERY_AND_REMAIN_TIME, mIsCharging=true, mIsFullyCharged=false, mIsBatteryProtectMode=false], oldState = AOD ChargingInfo [mState=BATTERY_AND_REMAIN_TIME, mIsCharging=true, mIsFullyCharged=false, mIsBatteryProtectMode=false]
04-09 22:43:19.933  6284  6284 D KeyguardUpdateMonitor: handleBatteryUpdate
04-09 22:43:19.934 13828 13828 D InsetsController: cancelAnimation of types: 1, animType: 1, host: org.jetbrains.android_benchmark.test/androidx.benchmark.IsolationActivity, from:android.view.InsetsController.notifyFinished:1375 android.view.InsetsAnimationThreadControlRunner$1.lambda$notifyFinished$0$android-view-InsetsAnimationThreadControlRunner$1:84 android.view.InsetsAnimationThreadControlRunner$1$$ExternalSyntheticLambda1.run:4
04-09 22:43:19.938  6284  6284 D KeyguardSecIndicationController: addIndicationTimeout() returned - unlocking
04-09 22:43:19.938  6284  6284 D KeyguardSecIndicationController: addIndication() returned - unlocking
04-09 22:43:19.938  6284  6284 D KeyguardSecIndicationController: addBatteryAndOwnerInfoIndication() battery status = BatteryStatus{status=2,level=51,plugged=2,health=2,maxChargingWattage=-1,remaining=3895000ultraFastCharger=1}
04-09 22:43:19.947 14051 14051 W ziparchive: Unable to open '/data/app/~~A_769ij5H10b6gyL5MNm1w==/ru.tele2.mytele2-mwiqy8m7XDU5y5qIZwI3Tw==/split_config.arm64_v8a.dm': No such file or directory
04-09 22:43:19.947 14051 14051 W ziparchive: Unable to open '/data/app/~~A_769ij5H10b6gyL5MNm1w==/ru.tele2.mytele2-mwiqy8m7XDU5y5qIZwI3Tw==/split_config.arm64_v8a.dm': No such file or directory
04-09 22:43:19.948 14051 14051 W mytele2:Metrica: Entry not found
04-09 22:43:19.949 14051 14051 W ziparchive: Unable to open '/data/app/~~A_769ij5H10b6gyL5MNm1w==/ru.tele2.mytele2-mwiqy8m7XDU5y5qIZwI3Tw==/split_config.en.dm': No such file or directory
04-09 22:43:19.949 14051 14051 W ziparchive: Unable to open '/data/app/~~A_769ij5H10b6gyL5MNm1w==/ru.tele2.mytele2-mwiqy8m7XDU5y5qIZwI3Tw==/split_config.en.dm': No such file or directory
04-09 22:43:19.950 14051 14051 W mytele2:Metrica: Entry not found
04-09 22:43:19.951 14051 14051 W ziparchive: Unable to open '/data/app/~~A_769ij5H10b6gyL5MNm1w==/ru.tele2.mytele2-mwiqy8m7XDU5y5qIZwI3Tw==/split_config.ru.dm': No such file or directory
04-09 22:43:19.951 14051 14051 W ziparchive: Unable to open '/data/app/~~A_769ij5H10b6gyL5MNm1w==/ru.tele2.mytele2-mwiqy8m7XDU5y5qIZwI3Tw==/split_config.ru.dm': No such file or directory
04-09 22:43:19.952 14051 14051 W mytele2:Metrica: Entry not found
04-09 22:43:19.953 14051 14051 W ziparchive: Unable to open '/data/app/~~A_769ij5H10b6gyL5MNm1w==/ru.tele2.mytele2-mwiqy8m7XDU5y5qIZwI3Tw==/split_config.xxhdpi.dm': No such file or directory
04-09 22:43:19.953 14051 14051 W ziparchive: Unable to open '/data/app/~~A_769ij5H10b6gyL5MNm1w==/ru.tele2.mytele2-mwiqy8m7XDU5y5qIZwI3Tw==/split_config.xxhdpi.dm': No such file or directory
04-09 22:43:19.954 14051 14051 W mytele2:Metrica: Entry not found
04-09 22:43:19.958 14051 14051 D nativeloader: Configuring classloader-namespace for other apk /data/app/~~A_769ij5H10b6gyL5MNm1w==/ru.tele2.mytele2-mwiqy8m7XDU5y5qIZwI3Tw==/base.apk:/data/app/~~A_769ij5H10b6gyL5MNm1w==/ru.tele2.mytele2-mwiqy8m7XDU5y5qIZwI3Tw==/split_config.arm64_v8a.apk:/data/app/~~A_769ij5H10b6gyL5MNm1w==/ru.tele2.mytele2-mwiqy8m7XDU5y5qIZwI3Tw==/split_config.en.apk:/data/app/~~A_769ij5H10b6gyL5MNm1w==/ru.tele2.mytele2-mwiqy8m7XDU5y5qIZwI3Tw==/split_config.ru.apk:/data/app/~~A_769ij5H10b6gyL5MNm1w==/ru.tele2.mytele2-mwiqy8m7XDU5y5qIZwI3Tw==/split_config.xxhdpi.apk. target_sdk_version=33, uses_libraries=, library_path=/data/app/~~A_769ij5H10b6gyL5MNm1w==/ru.tele2.mytele2-mwiqy8m7XDU5y5qIZwI3Tw==/lib/arm64:/data/app/~~A_769ij5H10b6gyL5MNm1w==/ru.tele2.mytele2-mwiqy8m7XDU5y5qIZwI3Tw==/base.apk!/lib/arm64-v8a:/data/app/~~A_769ij5H10b6gyL5MNm1w==/ru.tele2.mytele2-mwiqy8m7XDU5y5qIZwI3Tw==/split_config.arm64_v8a.apk!/lib/arm64-v8a:/data/app/~~A_769ij5H10b6gyL5MNm1w==/ru.tele2.mytele2-mwiqy8m7XDU5y5qIZwI3Tw==/split_config.en.apk!/lib/arm64-v8a
04-09 22:43:19.962  7525  7525 I GoogleInputMethodService: GoogleInputMethodService.updateDeviceLockedStatus():2152 repeatCheckTimes = 0, unlocked = true
04-09 22:43:19.962  7525  7525 D InputMethodService: checkFocusedDisplay() display Id 0last 0
04-09 22:43:19.979  7525  7525 I GoogleInputMethodService: GoogleInputMethodService.onStartInput():1930 onStartInput(EditorInfo{inputType=0x0(NULL) imeOptions=0x0 privateImeOptions=null actionName=UNSPECIFIED actionLabel=null actionId=0 initialSelStart=-1 initialSelEnd=-1 initialCapsMode=0x0 hintText=null label=null packageName=org.jetbrains.android_benchmark.test fieldId=-1 fieldName=null extras=Bundle[{displayId=0}]}, false)
04-09 22:43:19.982  7525  7525 I GoogleInputMethodService: GoogleInputMethodService.shouldHideHeaderOnInitialState():4116 ShouldHideHeaderOnInitialState = false
04-09 22:43:19.986  7525  7525 I GoogleInputMethodService: GoogleInputMethodService.updateDeviceLockedStatus():2152 repeatCheckTimes = 2, unlocked = true
04-09 22:43:19.989 12905 13586 D TrafficStats: tagSocket(139) with statsTag=0xffffffff, statsUid=-1
04-09 22:43:20.026 14051 14051 W mytele2:Metrica: JIT profile information will not be recorded: profile file does not exist.
04-09 22:43:20.027 14051 14051 W mytele2:Metrica: JIT profile information will not be recorded: profile file does not exist.
04-09 22:43:20.027 14051 14051 W mytele2:Metrica: JIT profile information will not be recorded: profile file does not exist.
04-09 22:43:20.027 14051 14051 W mytele2:Metrica: JIT profile information will not be recorded: profile file does not exist.
04-09 22:43:20.046 12905 13036 E FA      : Name must start with a letter. Type, name: event param, _email
04-09 22:43:20.047 12905 13036 E FA      : Name must start with a letter. Type, name: event param, _segments_state
04-09 22:43:20.047 12905 13036 E FA      : Name must start with a letter. Type, name: event param, _session_type
04-09 22:43:20.072  7525  7525 I InputMethodService: removeImeSurface
04-09 22:43:20.076 11036 14106 D TrafficStats: tagSocket(6) with statsTag=0xffffffff, statsUid=-1
04-09 22:43:20.098  7525  7525 I MSHandlerLifeCycle: check: return. pkg=com.google.android.inputmethod.latin isActivity=false callers=com.android.internal.policy.DecorView.setVisibility:4378 android.app.Dialog.hide:771 android.inputmethodservice.InputMethodService.removeImeSurface:1290 android.inputmethodservice.InputMethodService.scheduleImeSurfaceRemoval:1279 android.inputmethodservice.InputMethodService.-$$Nest$mscheduleImeSurfaceRemoval:0
04-09 22:43:20.098  7525  7525 I MSHandlerLifeCycle: removeMultiSplitHandler: no exist. decor=DecorView@93b1b5b[InputMethod]
04-09 22:43:20.103 14051 14051 V GraphicsEnvironment: ANGLE Developer option for 'ru.tele2.mytele2' set to: 'default'
04-09 22:43:20.104 14051 14051 V GraphicsEnvironment: ANGLE GameManagerService for ru.tele2.mytele2: false
04-09 22:43:20.104 14051 14051 V GraphicsEnvironment: Neither updatable production driver nor prerelease driver is supported.
04-09 22:43:20.108 11036 14106 D TrafficStats: tagSocket(6) with statsTag=0xffffffff, statsUid=-1
04-09 22:43:20.120 14051 14051 D NetworkSecurityConfig: Using Network Security Config from resource release_network_security_config debugBuild: false
04-09 22:43:20.134  6210  6210 I FreeformContainer: [SmartPopupViewService] onNotificationPosted: StatusBarNotification(pkg=com.android.systemui user=UserHandle{-1} id=2131428959 tag=charging_state key=-1|com.android.systemui|2131428959|charging_state|10054: Notification(channel=CHR shortcut=null contentView=null vibrate=null sound=null defaults=0x0 flags=0xa color=0xff8b94ab category=sys groupKey=CHARGING vis=PUBLIC semFlags=0x0 semPriority=0 semMissedCount=0))
04-09 22:43:20.134  6210  6210 V FreeformContainer: [SmartPopupViewService] isSmartPopupViewTarget: com.android.systemui is not enabled
04-09 22:43:20.138  9619 10534 I NotificationPipeline: Processing new notification: -1|com.android.systemui|2131428959|charging_state|10054
04-09 22:43:20.138  9619 10534 E Notification4Heart_NB: WatchFactory.getWatch-lastConnectedNodeId is null
04-09 22:43:20.139  9619 10534 W Notification4Heart_NB: NotificationBridgeCallback.onNotificationPosted-never connected before
04-09 22:43:20.141  6837  6837 I Launcher.NotificationListener: onNotificationPosted : com.android.systemui number : 0
04-09 22:43:20.143  6284  6284 D InterruptionStateProvider: Group alert behavior is suppressed but we want to alert bubble
04-09 22:43:20.143  6284  6284 D BubblesManager: onRankingUpdate : shouldBubbleUp=false ,pkg=com.samsung.android.messaging ,key=0|com.samsung.android.messaging|123|com.samsung.android.messaging:GROUP_RECEIVED:|10115
04-09 22:43:20.143 14051 14051 D NetworkSecurityConfig: Using Network Security Config from resource release_network_security_config debugBuild: false
04-09 22:43:20.143  6284  6284 D BubblesManager: onRankingUpdate : shouldBubbleUp=false ,pkg=com.samsung.android.messaging ,key=0|com.samsung.android.messaging|123|com.samsung.android.messaging:MESSAGE_RECEIVED:138|10115
04-09 22:43:20.143  6284  6284 D InterruptionStateProvider: Group alert behavior is suppressed but we want to alert bubble
04-09 22:43:20.143  6284  6284 D BubblesManager: onRankingUpdate : shouldBubbleUp=false ,pkg=com.samsung.android.messaging ,key=0|com.samsung.android.messaging|123|com.samsung.android.messaging:MESSAGE_RECEIVED:141|10115
04-09 22:43:20.143  6284  6284 D BubblesManager: onRankingUpdate : shouldBubbleUp=false ,pkg=android ,key=-1|android|34|NetworkPolicy:945656281:34|1000
04-09 22:43:20.143  6284  6284 D BubblesManager: onRankingUpdate : shouldBubbleUp=false ,pkg=com.kms.free ,key=0|com.kms.free|42|null|10299
04-09 22:43:20.143  6284  6284 D BubblesManager: onRankingUpdate : shouldBubbleUp=false ,pkg=com.sec.android.app.shealth ,key=0|com.sec.android.app.shealth|105|null|10256
04-09 22:43:20.143  6284  6284 D BubblesManager: onRankingUpdate : shouldBubbleUp=false ,pkg=com.kms.free ,key=0|com.kms.free|1|null|10299
04-09 22:43:20.143  6284  6284 D BubblesManager: onRankingUpdate : shouldBubbleUp=false ,pkg=mrigapps.andriod.breakfree.deux ,key=0|mrigapps.andriod.breakfree.deux|2|null|10506
04-09 22:43:20.143  6284  6284 D BubblesManager: onRankingUpdate : shouldBubbleUp=false ,pkg=com.android.providers.downloads ,key=0|com.android.providers.downloads|0|3:1244|10068
04-09 22:43:20.143  6284  6284 D BubblesManager: onRankingUpdate : shouldBubbleUp=false ,pkg=android ,key=0|android|38|AccountManagerService:38:-904454848:838749127:10427|1000
04-09 22:43:20.144  6284  6284 D InterruptionStateProvider: Group alert behavior is suppressed but we want to alert bubble
04-09 22:43:20.144  6284  6284 D BubblesManager: onRankingUpdate : shouldBubbleUp=false ,pkg=com.google.android.googlequicksearchbox ,key=0|com.google.android.googlequicksearchbox|0|-1997195081::SUMMARY::wx|10233
04-09 22:43:20.144  6284  6284 D BubblesManager: onRankingUpdate : shouldBubbleUp=false ,pkg=com.google.android.googlequicksearchbox ,key=0|com.google.android.googlequicksearchbox|0|-1997195081::a:snotification:[0x394,wx.f,NOTIFICATION]|10233
04-09 22:43:20.144  6284  6284 D BubblesManager: onRankingUpdate : shouldBubbleUp=false ,pkg=android ,key=-1|android|27|null|1000
04-09 22:43:20.144  6284  6284 D BubblesManager: onRankingUpdate : shouldBubbleUp=false ,pkg=com.android.systemui ,key=-1|com.android.systemui|2131428959|charging_state|10054
04-09 22:43:20.144  6284  6315 D Bubbles : onRankingUpdated : isActiveOrInOverflow= false , mTmpRanking.canBubble()= false ,isActive= false ,shouldBubbleUp= false ,mTmpRanking.isBubble()= false
04-09 22:43:20.144  6284  6315 D Bubbles : onRankingUpdated : isActiveOrInOverflow= false , mTmpRanking.canBubble()= false ,isActive= false ,shouldBubbleUp= false ,mTmpRanking.isBubble()= false
04-09 22:43:20.144  6284  6315 D Bubbles : onRankingUpdated : isActiveOrInOverflow= false , mTmpRanking.canBubble()= false ,isActive= false ,shouldBubbleUp= false ,mTmpRanking.isBubble()= false
04-09 22:43:20.144  6284  6315 D Bubbles : onRankingUpdated : isActiveOrInOverflow= false , mTmpRanking.canBubble()= false ,isActive= false ,shouldBubbleUp= false ,mTmpRanking.isBubble()= false
04-09 22:43:20.144  6284  6315 D Bubbles : onRankingUpdated : isActiveOrInOverflow= false , mTmpRanking.canBubble()= false ,isActive= false ,shouldBubbleUp= false ,mTmpRanking.isBubble()= false
04-09 22:43:20.144  6284  6315 D Bubbles : onRankingUpdated : isActiveOrInOverflow= false , mTmpRanking.canBubble()= false ,isActive= false ,shouldBubbleUp= false ,mTmpRanking.isBubble()= false
04-09 22:43:20.144  6284  6315 D Bubbles : onRankingUpdated : isActiveOrInOverflow= false , mTmpRanking.canBubble()= false ,isActive= false ,shouldBubbleUp= false ,mTmpRanking.isBubble()= false
04-09 22:43:20.144  6284  6315 D Bubbles : onRankingUpdated : isActiveOrInOverflow= false , mTmpRanking.canBubble()= false ,isActive= false ,shouldBubbleUp= false ,mTmpRanking.isBubble()= false
04-09 22:43:20.145  6284  6315 D Bubbles : onRankingUpdated : isActiveOrInOverflow= false , mTmpRanking.canBubble()= false ,isActive= false ,shouldBubbleUp= false ,mTmpRanking.isBubble()= false
04-09 22:43:20.145  6284  6315 D Bubbles : onRankingUpdated : isActiveOrInOverflow= false , mTmpRanking.canBubble()= false ,isActive= false ,shouldBubbleUp= false ,mTmpRanking.isBubble()= false
04-09 22:43:20.145  6284  6315 D Bubbles : onRankingUpdated : isActiveOrInOverflow= false , mTmpRanking.canBubble()= false ,isActive= false ,shouldBubbleUp= false ,mTmpRanking.isBubble()= false
04-09 22:43:20.145  6284  6315 D Bubbles : onRankingUpdated : isActiveOrInOverflow= false , mTmpRanking.canBubble()= false ,isActive= false ,shouldBubbleUp= false ,mTmpRanking.isBubble()= false
04-09 22:43:20.145  6284  6315 D Bubbles : onRankingUpdated : isActiveOrInOverflow= false , mTmpRanking.canBubble()= false ,isActive= false ,shouldBubbleUp= false ,mTmpRanking.isBubble()= false
04-09 22:43:20.145  6284  6315 D Bubbles : onRankingUpdated : isActiveOrInOverflow= false , mTmpRanking.canBubble()= false ,isActive= false ,shouldBubbleUp= false ,mTmpRanking.isBubble()= false
04-09 22:43:20.148 13828 13868 I PerfettoCapture: Perfetto output file cleanup -
04-09 22:43:20.148 13828 13868 I PerfettoCapture: Starting perfetto tracing with cmd: cat /storage/emulated/0/Android/data/org.jetbrains.android_benchmark.test/cache/trace_config.pb | perfetto --background -c - -o /data/misc/perfetto-traces/trace_output.pb
04-09 22:43:20.218 13684 14009 I FA      : App measurement initialized, version: 75157
04-09 22:43:20.219 13684 14009 I FA      : To enable debug logging run: adb shell setprop log.tag.FA VERBOSE
04-09 22:43:20.219 13684 14009 I FA      : To enable faster debug mode event logging run:
04-09 22:43:20.219 13684 14009 I FA      :   adb shell setprop debug.firebase.analytics.app ru.tele2.mytele2
04-09 22:43:20.298  5307 13880 I HYPER-HAL: [RequestManager.cpp]releaseLocked(): Released ID : 16134055
04-09 22:43:20.303  5249  5249 E audit   : type=1400 audit(1681073000.298:730): avc:  denied  { getattr } for  pid=5665 comm="BinderProcsColl" path="/sys/kernel/debug/binder/proc/5665" dev="debugfs" ino=28451 scontext=u:r:system_server:s0 tcontext=u:object_r:sec_debugfs:s0 tclass=file permissive=0 SEPF_SM-A515F_13_0001 audit_filtered
04-09 22:43:20.303  5249  5249 E audit   : type=1300 audit(1681073000.298:730): arch=c00000b7 syscall=79 success=no exit=-13 a0=ffffff9c a1=7129360a10 a2=7139f6c680 a3=0 items=0 ppid=5274 pid=5665 auid=4294967295 uid=1000 gid=1000 euid=1000 suid=1000 fsuid=1000 egid=1000 sgid=1000 fsgid=1000 tty=(none) ses=4294967295 comm="BinderProcsColl" exe="/system/bin/app_process64" subj=u:r:system_server:s0 key=(null)
04-09 22:43:20.303  5249  5249 E audit   : type=1327 audit(1681073000.298:730): proctitle="system_server"
04-09 22:43:20.305 13684 14122 D FirebasePerformance: Transport is not initialized yet, network request trace: https://cdn-settings.appsflyersdk.com/android/v1/6b64a7a40f3eb2129bf85ed9f6645b6b1f1434a0cef69a82ac183ea90b1d565e/settings (responseCode: 200, responseTime: 697.498ms) will be queued for to be dispatched later
04-09 22:43:20.343  6284  6284 D BubblesManager: onEntryUpdated : shouldBubbleUp=false ,key=-1|com.android.systemui|2131428959|charging_state|10054
04-09 22:43:20.357 13684 13684 I Choreographer: Skipped 80 frames!  The application may be doing too much work on its main thread.
04-09 22:43:20.357  5665  5736 I AccessibilityServiceInfo: took more than 100ms mComponentName : ComponentInfo{com.microsoft.launcher/com.microsoft.launcher.accessibility.LauncherAccessibilityService}, elapsedTime : 140
04-09 22:43:20.372 14137 14137 I perfetto:    perfetto_cmd.cc:1001 Connected to the Perfetto traced service, starting tracing
04-09 22:43:20.378  6284  6284 I FaceWidgetPositionAlgorithm: getMediaContainerHeight() height = 0 container Visibility = 8, isValid = false, mIsDozing = false, fraction = 1.0, source = 0, target = 0
04-09 22:43:20.378  6284  6284 I FaceWidgetPositionAlgorithm: getMediaContainerHeight() supplier = 0
04-09 22:43:20.383  5428  5428 I perfetto: ing_service_impl.cc:953 Configured tracing session 3, #sources:4, duration:0 ms, #buffers:2, total buffer size:36864 KB, total sessions:1, uid:2000 session name: ""
04-09 22:43:20.387  5427  5427 I perfetto:  probes_producer.cc:139 Ftrace setup (target_buf=5)
04-09 22:43:20.391  5307 14072 I HYPER-HAL: [RequestManager.cpp]releaseLocked(): Released ID : 16139737
04-09 22:43:20.421 13828 13868 I PerfettoCapture: Perfetto output - 14137
04-09 22:43:20.421 13828 13868 I PerfettoCapture: EXITCODE=0
04-09 22:43:20.433  6284  6284 I FaceWidgetPositionAlgorithm: getMediaContainerHeight() height = 0 container Visibility = 8, isValid = false, mIsDozing = false, fraction = 1.0, source = 0, target = 0
04-09 22:43:20.434  6284  6284 I FaceWidgetPositionAlgorithm: getMediaContainerHeight() supplier = 0
04-09 22:43:20.462  5274  5274 D Zygote  : Forked child process 14150
04-09 22:43:20.466  5665  5739 I libprocessgroup: Successfully killed process cgroup uid 10322 pid 9529 in 0ms
04-09 22:43:20.483  6284  6284 I FaceWidgetPositionAlgorithm: getMediaContainerHeight() height = 0 container Visibility = 8, isValid = false, mIsDozing = false, fraction = 1.0, source = 0, target = 0
04-09 22:43:20.483  6284  6284 I FaceWidgetPositionAlgorithm: getMediaContainerHeight() supplier = 0
04-09 22:43:20.554 14150 14150 I ru.yandex.mail: Using CollectorTypeCC GC.
04-09 22:43:20.562 14150 14150 E ru.yandex.mail: Not starting debugger since process cannot load the jdwp agent.
04-09 22:43:20.573 14150 14150 D ActivityThread: setConscryptValidator
04-09 22:43:20.573 14150 14150 D ActivityThread: setConscryptValidator - put
04-09 22:43:20.586  5274  5274 I Zygote  : Process 9529 exited due to signal 9 (Killed)
04-09 22:43:20.603 13828 13868 I PerfettoCapture: Perfetto tracing started successfully with pid 14137.
04-09 22:43:20.613  4403  4403 I hwservicemanager: getTransport: Cannot find entry android.hardware.atrace@1.0::IAtraceDevice/default in either framework or device VINTF manifest.
04-09 22:43:20.650 14150 14150 D CompatibilityChangeReporter: Compat change id reported: 171979766; UID 10276; state: ENABLED
04-09 22:43:20.673  5427  5427 I perfetto:    ftrace_procfs.cc:335 enabled ftrace in /sys/kernel/tracing/
04-09 22:43:20.779 13828 13868 I PerfettoCapture: /sys/kernel/tracing/tracing_on = 1, polled 0 times, capture fully started
04-09 22:43:20.806 14150 14150 W ziparchive: Unable to open '/data/app/~~If5pGzMlQfEm11GfE82dBw==/ru.yandex.mail-99FI2KQysINND0qhZuIbvA==/split_config.arm64_v8a.dm': No such file or directory
04-09 22:43:20.806 14150 14150 W ziparchive: Unable to open '/data/app/~~If5pGzMlQfEm11GfE82dBw==/ru.yandex.mail-99FI2KQysINND0qhZuIbvA==/split_config.arm64_v8a.dm': No such file or directory
04-09 22:43:20.808 14150 14150 W ru.yandex.mail: Entry not found
04-09 22:43:20.809 11036 14148 D TrafficStats: tagSocket(117) with statsTag=0xffffffff, statsUid=-1
04-09 22:43:20.821 14150 14150 W ziparchive: Unable to open '/data/app/~~If5pGzMlQfEm11GfE82dBw==/ru.yandex.mail-99FI2KQysINND0qhZuIbvA==/split_config.xxhdpi.dm': No such file or directory
04-09 22:43:20.822 14150 14150 W ziparchive: Unable to open '/data/app/~~If5pGzMlQfEm11GfE82dBw==/ru.yandex.mail-99FI2KQysINND0qhZuIbvA==/split_config.xxhdpi.dm': No such file or directory
04-09 22:43:20.824 14150 14150 W ru.yandex.mail: Entry not found
04-09 22:43:20.825 13828 13868 D Benchmark: Set 13868 (Bench thread) to priority -20. Was -8, now -20
04-09 22:43:20.825 13828 13868 D Benchmark: Set 13843 (Jit) to priority -15. Was 9, now -15
04-09 22:43:20.832  5665  5736 I AccessibilityServiceInfo: took more than 100ms mComponentName : ComponentInfo{com.samsung.accessibility/com.samsung.accessibility.assistantmenu.serviceframework.AssistantMenuService}, elapsedTime : 460
04-09 22:43:20.845 14150 14150 D nativeloader: Configuring classloader-namespace for other apk /data/app/~~If5pGzMlQfEm11GfE82dBw==/ru.yandex.mail-99FI2KQysINND0qhZuIbvA==/base.apk:/data/app/~~If5pGzMlQfEm11GfE82dBw==/ru.yandex.mail-99FI2KQysINND0qhZuIbvA==/split_config.arm64_v8a.apk:/data/app/~~If5pGzMlQfEm11GfE82dBw==/ru.yandex.mail-99FI2KQysINND0qhZuIbvA==/split_config.xxhdpi.apk. target_sdk_version=31, uses_libraries=, library_path=/data/app/~~If5pGzMlQfEm11GfE82dBw==/ru.yandex.mail-99FI2KQysINND0qhZuIbvA==/lib/arm64:/data/app/~~If5pGzMlQfEm11GfE82dBw==/ru.yandex.mail-99FI2KQysINND0qhZuIbvA==/base.apk!/lib/arm64-v8a:/data/app/~~If5pGzMlQfEm11GfE82dBw==/ru.yandex.mail-99FI2KQysINND0qhZuIbvA==/split_config.arm64_v8a.apk!/lib/arm64-v8a:/data/app/~~If5pGzMlQfEm11GfE82dBw==/ru.yandex.mail-99FI2KQysINND0qhZuIbvA==/split_config.xxhdpi.apk!/lib/arm64-v8a, permitted_path=/data:/mnt/expand:/data/user/0/ru.yandex.mail
04-09 22:43:20.850 13828 13868 I _benchmark.test: Explicit concurrent copying GC freed 27218(2868KB) AllocSpace objects, 73(1460KB) LOS objects, 71% free, 2414KB/8558KB, paused 282us,118us total 22.137ms
04-09 22:43:20.894 14150 14150 W ru.yandex.mail: JIT profile information will not be recorded: profile file does not exist.
04-09 22:43:20.895 14150 14150 W ru.yandex.mail: JIT profile information will not be recorded: profile file does not exist.
04-09 22:43:20.931 14051 14179 D CompatibilityChangeReporter: Compat change id reported: 183155436; UID 10124; state: ENABLED
04-09 22:43:20.968 14150 14150 V GraphicsEnvironment: ANGLE Developer option for 'ru.yandex.mail' set to: 'default'
04-09 22:43:20.974 14150 14150 V GraphicsEnvironment: ANGLE GameManagerService for ru.yandex.mail: false
04-09 22:43:20.974 14150 14150 V GraphicsEnvironment: Neither updatable production driver nor prerelease driver is supported.
04-09 22:43:20.982 14051 14179 I AppMetrica: Initializing of Metrica, Release type, Version 5.0.0, API Level 105, Dated 18.05.2022.
04-09 22:43:20.988 14150 14150 D NetworkSecurityConfig: No Network Security Config specified, using platform default
04-09 22:43:21.023 14150 14150 D NetworkSecurityConfig: No Network Security Config specified, using platform default
04-09 22:43:21.106 11036 14148 D TrafficStats: tagSocket(118) with statsTag=0xffffffff, statsUid=-1
04-09 22:43:21.121 14051 14181 W mytele2:Metrica: Method void com.yandex.metrica.impl.ob.Ni.a(android.os.Bundle) failed lock verification and will run slower.
04-09 22:43:21.121 14051 14181 W mytele2:Metrica: Common causes for lock verification issues are non-optimized dex code
04-09 22:43:21.121 14051 14181 W mytele2:Metrica: and incorrect proguard optimizations.
04-09 22:43:21.170  5665  5736 I AccessibilityServiceInfo: took more than 100ms mComponentName : ComponentInfo{com.samsung.android.accessibility.talkback/com.samsung.android.marvin.talkback.TalkBackService}, elapsedTime : 326
04-09 22:43:21.198 14051 14179 I AppMetrica: Activate reporter with APIKey 20799a27-xxxx-xxxx-xxxx-xxxxxxxx4180
04-09 22:43:21.286 11769 11777 W ontakte.android: Suspending all threads took: 82.902ms
04-09 22:43:21.329 11036 11048 W System  : A resource failed to call close.
04-09 22:43:21.330 11036 11048 W System  : A resource failed to call close.
04-09 22:43:21.331 11036 11048 W System  : A resource failed to call close.
04-09 22:43:21.531 14051 14186 W mytele2:Metrica: Accessing hidden field Ljava/util/Collections$SynchronizedCollection;->mutex:Ljava/lang/Object; (max-target-o, reflection, denied)
04-09 22:43:21.553 14051 14186 W mytele2:Metrica: Accessing hidden method Ljava/util/Collections$SynchronizedSet;-><init>(Ljava/util/Set;Ljava/lang/Object;)V (max-target-o, reflection, denied)
04-09 22:43:21.554 14051 14186 W mytele2:Metrica: Accessing hidden method Ljava/util/Collections$SynchronizedCollection;-><init>(Ljava/util/Collection;Ljava/lang/Object;)V (max-target-o, reflection, denied)
04-09 22:43:21.644  5665  6152 D NetdEventListenerService: DNS Requested by : 100, 10124
04-09 22:43:21.653 13684 14196 D TrafficStats: tagSocket(6) with statsTag=0x1185eb91, statsUid=-1
04-09 22:43:21.746  5665  5736 I AccessibilityShortcutInfo: took more than 100ms mComponentName : ComponentInfo{com.google.audio.hearing.visualization.accessibility.scribe/com.google.audio.hearing.visualization.accessibility.scribe.MainActivity}, elapsedTime : 434
04-09 22:43:21.771 14051 14117 D CompatibilityChangeReporter: Compat change id reported: 194532703; UID 10124; state: ENABLED
04-09 22:43:21.859 14051 14201 D TrafficStats: tagSocket(107) with statsTag=0xffffffff, statsUid=-1
04-09 22:43:21.868 14051 14201 D TrafficStats: tagSocket(107) with statsTag=0xffffffff, statsUid=-1
04-09 22:43:21.959 14051 14142 I AppMetrica-Attribution: Choosing distribution data: ClidsInfo(chosen=Candidate(clids=null, source=APP), candidates=[Candidate(clids=null, source=APP)])
04-09 22:43:21.972 14051 14177 D CompatibilityChangeReporter: Compat change id reported: 147600208; UID 10124; state: ENABLED
04-09 22:43:22.222 14150 14150 D CompatibilityChangeReporter: Compat change id reported: 183155436; UID 10276; state: DISABLED
04-09 22:43:22.224 14150 14150 I FirebaseApp: Device unlocked: initializing all Firebase APIs for app [DEFAULT]
04-09 22:43:22.298  8644  8933 I SemDvfsHyPerManager: acquire hyper - SIOP_GPU_FREQ_MAX/8644@4, type = 536875010
04-09 22:43:22.299  8644  8933 I SemDvfsHyPerManager: acquire hyper - SIOP_ARM_MAX/8644@2, type = 301993986
04-09 22:43:22.299  5307  5331 I HYPER-HAL: [RequestManager.cpp]acquire(): Acquired ID : 37398280  [8644 / 4]    HINT :      list : [GPUMaxFreq / 683000]
04-09 22:43:22.301  5307 13881 I HYPER-HAL: [RequestManager.cpp]releaseLocked(): Released ID : 37476166
04-09 22:43:22.306  5307  5331 I HYPER-HAL: [RequestManager.cpp]acquire(): Acquired ID : 37380983  [8644 / 2]    HINT :      list : [CPUMaxFreq / 1664000]
04-09 22:43:22.364 14051 14142 I AppMetrica-Attribution: Choosing distribution data: ClidsInfo(chosen=Candidate(clids={}, source=APP), candidates=[Candidate(clids={}, source=APP)])
04-09 22:43:22.408 14150 14150 I FirebaseInitProvider: FirebaseApp initialization successful
04-09 22:43:22.462 14051 14200 D TrafficStats: tagSocket(111) with statsTag=0xffffffff, statsUid=-1
04-09 22:43:22.597 14051 14142 I AppMetrica-Attribution: Choosing distribution data: ClidsInfo(chosen=Candidate(clids=null, source=APP), candidates=[Candidate(clids=null, source=APP)])
04-09 22:43:22.683 14051 14200 D TrafficStats: tagSocket(113) with statsTag=0xffffffff, statsUid=-1
04-09 22:43:22.748  5665  5736 I AccessibilityShortcutInfo: took more than 100ms mComponentName : ComponentInfo{com.samsung.android.honeyboard/com.samsung.android.honeyboard.settings.swipetouchandfeedback.speakkeyboardinputaloud.SpeakKeyboardInputAloudShortcut}, elapsedTime : 883
04-09 22:43:22.867 14051 14142 I AppMetrica-Attribution: Choosing distribution data: ClidsInfo(chosen=Candidate(clids=null, source=APP), candidates=[Candidate(clids=null, source=APP)])
04-09 22:43:23.004  5665  5665 W system_server: Long monitor contention with owner android.bg (5736) at java.util.ArrayList com.android.server.accessibility.AccessibilityManagerService$AccessibilityDisplayListener.getValidDisplayList()(AccessibilityManagerService.java:4849) waiters=0 in void com.android.server.accessibility.AccessibilityManagerService.updateFingerprintGestureHandling(com.android.server.accessibility.AccessibilityUserState) for 213ms
04-09 22:43:23.017  5665  5741 W libprocessgroup: Failed to open /dev/blkio//cgroup.procs: No such file or directory
04-09 22:43:23.036 13208 14234 I GOS:GameIntentService: onHandleIntent. GameIntentService. type: 15, pkgName: org.jetbrains.android_benchmark.test
04-09 22:43:23.075 14051 14142 I AppMetrica-Attribution: Choosing distribution data: ClidsInfo(chosen=Candidate(clids=null, source=APP), candidates=[Candidate(clids=null, source=APP)])
04-09 22:43:23.112 14150 14150 I AppMetrica: Initializing of Metrica, Release type, Version 5.2.1, API Level 105, Dated 30.09.2022.
04-09 22:43:23.124 14150 14150 W ru.yandex.mail: Method void com.yandex.metrica.CounterConfiguration.<init>(com.yandex.metrica.YandexMetricaInternalConfig, com.yandex.metrica.CounterConfiguration$b) failed lock verification and will run slower.
04-09 22:43:23.124 14150 14150 W ru.yandex.mail: Common causes for lock verification issues are non-optimized dex code
04-09 22:43:23.124 14150 14150 W ru.yandex.mail: and incorrect proguard optimizations.
04-09 22:43:23.135  5665  6152 D NetdEventListenerService: DNS Requested by : 100, 10124
04-09 22:43:23.145 14051 14168 D TrafficStats: tagSocket(113) with statsTag=0xffffffff, statsUid=-1
04-09 22:43:23.177 14051 14142 I AppMetrica-Attribution: Choosing distribution data: ClidsInfo(chosen=Candidate(clids=null, source=APP), candidates=[Candidate(clids=null, source=APP)])
04-09 22:43:23.195  6837  6837 I Launcher.Model: isValidStateInKnoxMode:false user:UserHandle{0}
04-09 22:43:23.213  6837  7268 I PackageUpdatedTask: mAllAppsList.updatePackage org.jetbrains.android_benchmark.test
04-09 22:43:23.276  6837  7268 I WidgetsModel: EasyModeWidget will be excluded on WidgetList.
04-09 22:43:23.284 13208 14234 I GOS:GameIntentService: onPackageChanged(). extras: Bundle[{changeType=0, userId=0, pkgName=org.jetbrains.android_benchmark.test, type=15, packageName=org.jetbrains.android_benchmark.test}]
04-09 22:43:23.285 13208 14234 I GOS:GameIntentService: onPackageChanged(). changeType(INSTALLED), pkgName(org.jetbrains.android_benchmark.test), UserHandle(0), userId(0), Installed(true)
04-09 22:43:23.286 14150 14150 D CompatibilityChangeReporter: Compat change id reported: 194532703; UID 10276; state: DISABLED
