04-30 01:16:22.085 12235 12258 I TestRunner: started: valuePreserveBoxDouble(org.jetbrains.android_benchmark.AckermannBenchmark)
04-30 01:16:22.089 12235 12235 I MonitoringInstr: Activities that are still in CREATED to STOPPED: 1
04-30 01:16:22.090 12235 12235 I MonitoringInstr: Finishing activity: androidx.benchmark.IsolationActivity@60bdc39
04-30 01:16:22.092 12235 12258 I GrantPermissionCallable: Permission: android.permission.WRITE_EXTERNAL_STORAGE is already granted!
04-30 01:16:22.092 12235 12258 I GrantPermissionCallable: Permission: android.permission.READ_EXTERNAL_STORAGE is already granted!
04-30 01:16:22.092 12235 12258 D Benchmark: -- Running org.jetbrains.android_benchmark.AckermannBenchmark#valuePreserveBoxDouble --
04-30 01:16:22.092 12235 12258 D PerfettoCapture: Supported ABIs: arm64-v8a, armeabi-v7a, armeabi
04-30 01:16:22.092 12235 12258 D PerfettoCapture: Recording perfetto trace
04-30 01:16:22.094  4899  4899 E audit   : type=1400 audit(1682810182.091:84662): avc:  denied  { read } for  pid=12808 comm=".android.authfw" name="u:object_r:perf_prop:s0" dev="tmpfs" ino=21617 scontext=u:r:platform_app:s0:c512,c768 tcontext=u:object_r:perf_prop:s0 tclass=file permissive=0 SEPF_SM-A515F_13_0001 audit_filtered
04-30 01:16:22.094 12808 12808 W libc    : Access denied finding property "sys.perf.boostopt"
04-30 01:16:22.094  4899  4899 E audit   : type=1300 audit(1682810182.091:84662): arch=c00000b7 syscall=56 success=no exit=-13 a0=ffffff9c a1=7fcb563ba8 a2=88000 a3=0 items=0 ppid=4924 pid=12808 auid=4294967295 uid=5278 gid=5278 euid=5278 suid=5278 fsuid=5278 egid=5278 sgid=5278 fsgid=5278 tty=(none) ses=4294967295 comm=".android.authfw" exe="/system/bin/app_process64" subj=u:r:platform_app:s0:c512,c768 key=(null)
04-30 01:16:22.094  4899  4899 E audit   : type=1327 audit(1682810182.091:84662): proctitle="zygote64"
04-30 01:16:22.097 12808 12808 D ActivityThread: setConscryptValidator
04-30 01:16:22.098 12808 12808 D ActivityThread: setConscryptValidator - put
04-30 01:16:22.098  4899  4899 E audit   : type=1400 audit(1682810182.095:84663): avc:  denied  { read } for  pid=12808 comm="binder:12808_1" name="u:object_r:perf_prop:s0" dev="tmpfs" ino=21617 scontext=u:r:platform_app:s0:c512,c768 tcontext=u:object_r:perf_prop:s0 tclass=file permissive=0 SEPF_SM-A515F_13_0001 audit_filtered
04-30 01:16:22.098 12808 12822 W libc    : Access denied finding property "sys.perf.boostopt"
04-30 01:16:22.106 12808 12824 W libc    : Access denied finding property "sys.perf.boostopt"
04-30 01:16:22.114  9200 12495 I NetworkScheduler.Stats: Task com.google.android.gms/com.google.android.gms.ipa.base.IpaGcmTaskService finished executing. cause:9 result: 1 elapsed_millis: 81 uptime_millis: 81 exec_start_elapsed_seconds: 219721 [CONTEXT service_id=218 ]
04-30 01:16:22.120 12808 12808 D CompatibilityChangeReporter: Compat change id reported: 171979766; UID 5278; state: ENABLED
04-30 01:16:22.149 12235 12258 I PerfettoCapture: Cleanup perfetto before starting.
04-30 01:16:22.220  9200  9209 I .gms.persistent: Background young concurrent copying GC freed 419528(21MB) AllocSpace objects, 6(292KB) LOS objects, 49% free, 22MB/44MB, paused 187us,82us total 191.104ms
04-30 01:16:22.222 12663 12677 W libc    : Access denied finding property "sys.perf.boostopt"
04-30 01:16:22.225 12425 12447 W libc    : Access denied finding property "sys.perf.boostopt"
04-30 01:16:22.228 11420 11751 W libc    : Access denied finding property "sys.perf.boostopt"
04-30 01:16:22.231 11363 11753 W libc    : Access denied finding property "sys.perf.boostopt"
04-30 01:16:22.337 12235 12258 I PerfettoCapture: Perfetto output file cleanup -
04-30 01:16:22.338 12235 12258 I PerfettoCapture: Starting perfetto tracing with cmd: cat /storage/emulated/0/Android/data/org.jetbrains.android_benchmark.test/cache/trace_config.pb | perfetto --background -c - -o /data/misc/perfetto-traces/trace_output.pb
04-30 01:16:22.368 12808 12808 I [AUTHFW][PASS]AuthFwApp:  onCreate
04-30 01:16:22.423 12808 12808 I [AUTHFW][TZ]TzAppAsset: AFD
04-30 01:16:22.424 12808 12808 I [AUTHFW][TZ]TzAppAsset: Found
04-30 01:16:22.424 12808 12808 I [AUTHFW][TZ]TzApp: APEX - asset
04-30 01:16:22.425 12808 12808 I [AUTHFW][TZ]TzApp: Start using TzAppAsset as TzApp
04-30 01:16:22.428 12808 12808 I [PASS][SDK]SamsungPassService: initialize()
04-30 01:16:22.432 12808 12808 I [PASS][SDK]h: bind
04-30 01:16:22.432 12808 12867 I [AUTHFW][TZ]TzUtil: idt start
04-30 01:16:22.437 12808 12867 I [AUTHFW][TZ]TzAppAsset: AFD
04-30 01:16:22.456 12808 12808 I [AUTHFW][PASS]PassService: personaId : 0
04-30 01:16:22.456  4388  4395 I servicemanager: Adding 'u:r:platform_app:s0:c512,c768' service (com.samsung.android.pass.IPassService:12808)
04-30 01:16:22.466 12808 12867 I SAMgr_AM: ta is null
04-30 01:16:22.474 12808 12808 I [AUTHFW][PASS]PassService: onBind:PassOperation
04-30 01:16:22.478 10476 10476 I [PASS][PASS]PassService: onBind:SamsungPassService
04-30 01:16:22.487 12808 12808 I [PASS][SDK]h: onServiceConnected
04-30 01:16:22.488 12808 12808 I [AUTHFW][PASS]AuthFwApp: Samsung Pass Service is connected
04-30 01:16:22.501 10476 10476 I [AUTHFW][PSDK]PassServiceConnection: onServiceConnected
04-30 01:16:22.504 10476 10476 I [PASS][SPASS]SPassApplication: pass connected
04-30 01:16:22.515 12874 12874 I perfetto:    perfetto_cmd.cc:1001 Connected to the Perfetto traced service, starting tracing
04-30 01:16:22.516  5131  5131 I perfetto: ing_service_impl.cc:953 Configured tracing session 256, #sources:4, duration:0 ms, #buffers:2, total buffer size:36864 KB, total sessions:1, uid:2000 session name: ""
04-30 01:16:22.517  5130  5130 I perfetto:  probes_producer.cc:139 Ftrace setup (target_buf=511)
04-30 01:16:22.541 12808 12867 I android_os_HwBinder: HwBinder: Starting thread pool for getting: vendor.samsung.hardware.authfw@1.0::ISehAuthenticationFramework/default
04-30 01:16:22.557 12235 12258 I PerfettoCapture: Perfetto output - 12874
04-30 01:16:22.557 12235 12258 I PerfettoCapture: EXITCODE=0
04-30 01:16:22.591  5429  5488 W libprocessgroup: Failed to open /dev/blkio//cgroup.procs: No such file or directory
04-30 01:16:22.599  4389  4389 I hwservicemanager: getTransport: Cannot find entry android.hardware.atrace@1.0::IAtraceDevice/default in either framework or device VINTF manifest.
04-30 01:16:22.619 12145 12145 I SCS@AiSearch user 0: (ObserverWorker::AOSP_MP) [main] entering in startWork():
04-30 01:16:22.620 12145 12145 I SCS@AiSearch user 0: (BaseCollector::AOSP_MP) [main] entering in onChange():
04-30 01:16:22.620  5130  5130 I perfetto:    ftrace_procfs.cc:335 enabled ftrace in /sys/kernel/tracing/
04-30 01:16:22.621 12145 12208 I SCS@AiSearch user 0: (BaseCollector::AOSP_MP) [AOSP_MP-0] entering in collectChanges():
04-30 01:16:22.640  5429  8514 D PackageManager: setEnabledSetting : userId = 0 packageName = com.samsung.android.scs cmp = androidx.work.impl.background.systemalarm.RescheduleReceiver newState = 1 callingPackage = 10380/com.samsung.android.scs
04-30 01:16:22.641  5429  8514 D ApplicationPolicy: getApplicationStateEnabled : pkg = com.samsung.android.scs userId : 0
04-30 01:16:22.642  5429  8514 D ApplicationPolicy: getApplicationComponentState : pkg = com.samsung.android.scs userId : 0
04-30 01:16:22.674 12235 12258 I PerfettoCapture: Perfetto tracing started successfully with pid 12874.
04-30 01:16:22.725 12145 12208 I SCS@AiSearch user 0: (BaseCollector::AOSP_MP) fetchInternal values : maxSyncId: 1000008329 indexCount: 895 sourceCount: 895
04-30 01:16:22.731 11334 11334 I vendor.samsung.hardware.authfw@1.0-TlcProxyAuthnr: init
04-30 01:16:22.752 12235 12258 I PerfettoCapture: /sys/kernel/tracing/tracing_on = 1, polled 0 times, capture fully started
04-30 01:16:22.753 12235 12258 D Benchmark: Set 12258 (Bench thread) to priority -20. Was -8, now -20
04-30 01:16:22.753 12235 12258 D Benchmark: Set 12243 (Jit) to priority -15. Was 9, now -15
04-30 01:16:22.773 11334 11334 I vendor.samsung.hardware.authfw@1.0-TlcProxyAuthnr: process
04-30 01:16:22.773 11334 11334 I tlcFidoAuthnr: process start.
04-30 01:16:22.773 11334 11334 I tlcFidoAuthnr: process start. state:1
04-30 01:16:22.773 11334 11334 I tlcFidoAuthnr: processPass start. state:2
04-30 01:16:22.782 12808 12867 I SAMgr_HS: ret: true, 10
04-30 01:16:22.784 11334 11334 I vendor.samsung.hardware.authfw@1.0-TlcProxyAuthnr: terminate
04-30 01:16:22.784 11334 11334 I tlcFidoAuthnr: terminateFido start.
04-30 01:16:22.784 11334 11334 I tlcFidoAuthnr: terminateFido start. state:1
04-30 01:16:22.788 12235 12258 I _benchmark.test: Explicit concurrent copying GC freed 318311(5497KB) AllocSpace objects, 1(20KB) LOS objects, 67% free, 2911KB/9055KB, paused 292us,91us total 34.816ms
04-30 01:16:22.792 12808 12867 I [AUTHFW][TZ]TzUtil: nic is not supported on Q
04-30 01:16:22.815 12145 12208 I SCS@AiSearch user 0: (IndexManager) [AOSP_MP-0] entering in addIndex():
04-30 01:16:22.823 12145 12208 I SCS@AiSearch user 0: (BaseCollector::AOSP_MP) fetch: fetching took  145 ms
04-30 01:16:22.823 12145 12208 I SCS@AiSearch user 0: (BaseCollector::AOSP_MP) fetchChanges: applied 0 items
04-30 01:16:22.824 12145 12208 I SCS@AiSearch user 0: (BaseCollector::AOSP_MP) Collect finished. Result: true
04-30 01:16:22.827 12145 12181 I WM-WorkerWrapper: Worker result SUCCESS for Work [ id=d68845de-ac92-4636-9c2e-269a544c0b36, tags={ com.sec.android.app.myfiles, com.samsung.android.scs.ai.search.data.collector.ObserverWorker } ]
04-30 01:16:22.828 12145 12208 I SCS@AiSearch user 0: (BaseCollector::AOSP_MP) enqueue ObserverWorker name: com.sec.android.app.myfiles, policy: APPEND_OR_REPLACE
04-30 01:16:22.886  5429  8540 D PackageManager: setEnabledSetting : userId = 0 packageName = com.samsung.android.scs cmp = androidx.work.impl.background.systemalarm.RescheduleReceiver newState = 1 callingPackage = 10380/com.samsung.android.scs
04-30 01:16:22.888  5429  8540 D ApplicationPolicy: getApplicationStateEnabled : pkg = com.samsung.android.scs userId : 0
04-30 01:16:22.890  5429  8540 D ApplicationPolicy: getApplicationComponentState : pkg = com.samsung.android.scs userId : 0
04-30 01:16:23.929  5429  7411 D SemWifiUsabilityStatsMonitor: onWifiUsabilityStats - seqNum 24845, isSameBssidAndFreq true
04-30 01:16:23.934  5429  5717 I SemWifiLinkQualityMonitor: Link Qos Query: 0.082 ms / 97.500 Mbps (260 / 0.000 / 2.667)
04-30 01:16:23.935  5878  5878 D NetworkController.WifiSignalController: notifyListener: visible=true, connected=true, inetCondition=1, isDefault=true, wifiTestReported=true, receivedInetCondition=-1, hideDuringMobileSwitching=false
04-30 01:16:23.938  5878  6043 D Tile.WifiTile: handleUpdateState isTransient=false transientEnabling =false cb.isTransient=false state.state = 2 mStateBeforeClick.value =false enabled =true
04-30 01:16:24.794 31983 31983 W Finsky  : [2] zww.b(7): STU: Failed to get storage stats for package 'com.google.android.adservices' (1601: Error getting stats: android.content.pm.PackageManager.NameNotFoundException)
04-30 01:16:24.795 31983 31983 W Finsky  : [2] zww.b(7): STU: Failed to get storage stats for package 'com.google.mainline.primary.libs' (1601: Error getting stats: android.content.pm.PackageManager.NameNotFoundException)
04-30 01:16:24.796 31983 31983 W Finsky  : [2] zww.b(7): STU: Failed to get storage stats for package 'com.google.android.permission' (1601: Error getting stats: android.content.pm.PackageManager.NameNotFoundException)
04-30 01:16:24.796 31983 31983 W Finsky  : [2] zww.b(7): STU: Failed to get storage stats for package 'com.google.android.media.swcodec' (1601: Error getting stats: android.content.pm.PackageManager.NameNotFoundException)
04-30 01:16:24.798 31983 31983 W Finsky  : [2] zww.b(7): STU: Failed to get storage stats for package 'com.google.android.art' (1601: Error getting stats: android.content.pm.PackageManager.NameNotFoundException)
04-30 01:16:24.801 31983 31983 W Finsky  : [2] zww.b(7): STU: Failed to get storage stats for package 'com.google.android.mediaprovider' (1601: Error getting stats: android.content.pm.PackageManager.NameNotFoundException)
04-30 01:16:24.803 31983 31983 W Finsky  : [2] zww.b(7): STU: Failed to get storage stats for package 'com.google.android.adbd' (1601: Error getting stats: android.content.pm.PackageManager.NameNotFoundException)
04-30 01:16:24.806 31983 31983 W Finsky  : [2] zww.b(7): STU: Failed to get storage stats for package 'com.google.android.resolv' (1601: Error getting stats: android.content.pm.PackageManager.NameNotFoundException)
04-30 01:16:24.810 31983 31983 W Finsky  : [2] zww.b(7): STU: Failed to get storage stats for package 'com.google.android.media' (1601: Error getting stats: android.content.pm.PackageManager.NameNotFoundException)
04-30 01:16:24.880 31983 31983 W Finsky  : [2] zww.b(7): STU: Failed to get storage stats for package 'com.google.android.tethering' (1601: Error getting stats: android.content.pm.PackageManager.NameNotFoundException)
04-30 01:16:24.900 31983 31983 W Finsky  : [2] zww.b(7): STU: Failed to get storage stats for package 'com.google.android.cellbroadcast' (1601: Error getting stats: android.content.pm.PackageManager.NameNotFoundException)
04-30 01:16:24.942 31983 32123 I Finsky  : [247] ioi.accept(30): AIM: AppInfoManager-Perf > getApps > data collection finished
04-30 01:16:24.959 31983 32123 I Finsky  : [247] qkc.a(117): AppInfoManager-Perf > Successful cache refresh from My Apps Caching hygiene job. Refresh happened: true
04-30 01:16:24.961 31983 32123 I Finsky  : [247] ioj.run(33): AIM: AppInfoManager-Perf > maybeDestroyAppInfoManager is called. actives = 1
04-30 01:16:25.020 31983 32123 I Finsky  : [247] yju.r(4): SCH: jobFinished: 10-93. TimeElapsed: 40922ms.
04-30 01:16:25.078 31983 12904 I Finsky  : [806] xvc.a(38): SCH: Satisfied jobs for 9076 are: 12-1
04-30 01:16:25.106 31983 12905 I Finsky  : [807] ykb.accept(74): SCH: Job 12-1 starting
04-30 01:16:25.116 31983 31983 I Finsky  : [2] ContentSyncJob.v(3): [ContentSync] job started
04-30 01:16:25.382  4387  4387 I lmkd    : cached 2, sandbox(not0) 0
04-30 01:16:25.386  4387  4387 I lmkd    : Reclaim 'com.facebook.services' (11698), uid 10076, oom_score_adj 999, state 19 to free 36344kB rss, 35504kb swap
04-30 01:16:25.387  4387  4387 I lmkd    : Reclaimed 71848kB at oom_score_adj 850
04-30 01:16:25.393  5429  5705 I ChimeraAggressivePolicyHandler: executePolicy() - triggerSource: TRIGGER_SOURCE_LMKD
04-30 01:16:25.394  5429  5705 I ChimeraAggressivePolicyHandler: available memory: 1051196, free memory target: 870400, quit chimera
04-30 01:16:25.407  4924  4924 I Zygote  : Process 11698 exited due to signal 9 (Killed)
04-30 01:16:25.408  5429  5486 I libprocessgroup: Successfully killed process cgroup uid 10076 pid 11698 in 0ms
04-30 01:16:25.744 31983 12912 I Finsky  : [811] jne.h(1): Completed 0 account content syncs with 0 successful.
04-30 01:16:25.745 31983 31983 I Finsky  : [2] ContentSyncJob.a(1): [ContentSync] Installation state replication succeeded.
04-30 01:16:25.747 31983 31983 I Finsky  : [2] yju.r(4): SCH: jobFinished: 12-1. TimeElapsed: 634ms.
04-30 01:16:25.800 31983 32152 I Finsky  : [255] xvd.accept(55): SCH: Scheduling phonesky job Id: 1-1337, CT: 1682809841783, Constraints: [{ L: 43165589, D: 86365589, C: 1, I: 1, N: 1 }]
04-30 01:16:25.803 31983 32152 I Finsky  : [255] xvd.accept(55): SCH: Scheduling phonesky job Id: 10-4, CT: 1682809841678, Constraints: [{ L: 1200000, D: 86400000, C: 1, I: 1, N: 1 }]
04-30 01:16:25.806 31983 32152 I Finsky  : [255] xvd.accept(55): SCH: Scheduling phonesky job Id: 10-11, CT: 1682809841678, Constraints: [{ L: 600000, D: 86400000, C: 1, I: 1, N: 1 }]
04-30 01:16:25.807 31983 32152 I Finsky  : [255] xvd.accept(55): SCH: Scheduling phonesky job Id: 10-26, CT: 1682809841679, Constraints: [{ L: 600000, D: 86400000, C: 1, I: 1, N: 1 }]
04-30 01:16:25.826 31983 32152 I Finsky  : [255] yjt.apply(99): SCH: Scheduling 1 system job(s)
04-30 01:16:25.832 31983 32152 I Finsky  : [255] yjs.d(4): SCH: Scheduling system job Id: 9082, L: 255852, D: 86021546, C: false, I: false, N: 1
04-30 01:16:25.842 31983 12905 I Finsky  : [807] ylf.a(16): SCH: job service finished with id 9076.
04-30 01:16:26.961  5429  7411 D SemWifiUsabilityStatsMonitor: onWifiUsabilityStats - seqNum 24846, isSameBssidAndFreq true
04-30 01:16:26.963  5429  5717 I SemWifiLinkQualityMonitor: Link Qos Query: 0.082 ms / 97.500 Mbps (260 / 0.000 / 2.667)
04-30 01:16:26.964  5878  5878 D NetworkController.WifiSignalController: notifyListener: visible=true, connected=true, inetCondition=1, isDefault=true, wifiTestReported=true, receivedInetCondition=-1, hideDuringMobileSwitching=false
04-30 01:16:26.966  5878  6043 D Tile.WifiTile: handleUpdateState isTransient=false transientEnabling =false cb.isTransient=false state.state = 2 mStateBeforeClick.value =false enabled =true
04-30 01:16:27.107  4924  4924 D Zygote  : Forked child process 12921
04-30 01:16:27.148  6267  6267 D androidtc: Start download work...
04-30 01:16:27.160 10299 10299 I [MCFDs]_CloudInfoDelegate: onAccountsUpdated - accounts:1
04-30 01:16:27.169 15950 15950 I [MCFServer]_ContactHelper: onAccountsUpdated - accounts len:1
04-30 01:16:27.172  6267 14092 D androidtc: model type: annotator, current locale tag: en-GB, best locale tag: en, manifest url: https://www.gstatic.com/android/text_classifier/s/v903/en.fb.manifest
04-30 01:16:27.175 18240 18240 I SettingsCompanion: setAccountUpdatedListener()
04-30 01:16:27.176 15950 15950 I [MCFServer]_ContactHelper: setMySamsungAccountHash - hash : ($h)-B*9*0*..
04-30 01:16:27.183 12921 12921 I ogle.android.gm: Using CollectorTypeCC GC.
04-30 01:16:27.193 10299 10299 I [MCFDs]_CloudInfoDelegate: onAccountsUpdated  - no change - ignore
04-30 01:16:27.206 12235 12258 D Benchmark: timeNs[ 0:10]: 120000 118160 101884 105522 103458 107460 101963 107376 103125 99544
04-30 01:16:27.206 12235 12258 D Benchmark: timeNs[10:20]: 99609 101801 104622 111848 113472 102039 97667 97464 95823 93723
04-30 01:16:27.206 12235 12258 D Benchmark: timeNs[20:30]: 98035 95187 95416 99634 98380 104129 95339 103275 95550 99068
04-30 01:16:27.206 12235 12258 D Benchmark: timeNs[30:40]: 102076 95969 101512 95010 100306 98448 105555 95280 94475 93873
04-30 01:16:27.206 12235 12258 D Benchmark: timeNs[40:50]: 109015 100660 99529 95365 96314 93894 104257 94273 109684 99498
04-30 01:16:27.207  5429  5429 D [MCF_DS_SYS]_PreconditionObserver: onAccountsUpdated - 1
04-30 01:16:27.209  7162  7190 I adbd    : jdwp connection from 12921
04-30 01:16:27.211  5429  5429 D [MCF_DS_SYS]_PreconditionObserver: getSamsungAccount - 1
04-30 01:16:27.211  5429  5429 D [MCF_DS_SYS]_PreconditionObserver: checkAccountUpdated - is not changed
04-30 01:16:27.216  6267 14092 D androidtc: model type: lang_id, current locale tag: en-GB, best locale tag: universal, manifest url: https://www.gstatic.com/android/text_classifier/langid/q/v1/model.smfb.manifest
04-30 01:16:27.219  6267 14092 D androidtc: model type: actions_suggestions, current locale tag: en-GB, best locale tag: en, manifest url: https://www.gstatic.com/android/text_classifier/actions/q/v104/en.model.manifest
04-30 01:16:27.221  6267 14092 D androidtc: All Download Tasks Completed
04-30 01:16:27.221  6267 14092 D androidtc: Start to clean up models and update model lookup cache...
04-30 01:16:27.231 12921 12921 W libc    : Access denied finding property "sys.perf.boostopt"
04-30 01:16:27.233  4899  4899 E audit   : type=1400 audit(1682810187.227:84669): avc:  denied  { read } for  pid=12921 comm="ogle.android.gm" name="u:object_r:perf_prop:s0" dev="tmpfs" ino=21617 scontext=u:r:untrusted_app:s0:c242,c256,c512,c768 tcontext=u:object_r:perf_prop:s0 tclass=file permissive=0 SEPF_SM-A515F_13_0001 audit_filtered
04-30 01:16:27.234  4899  4899 E audit   : type=1300 audit(1682810187.227:84669): arch=c00000b7 syscall=56 success=no exit=-13 a0=ffffff9c a1=7fcb563ba8 a2=88000 a3=0 items=0 ppid=4924 pid=12921 auid=4294967295 uid=10242 gid=10242 euid=10242 suid=10242 fsuid=10242 egid=10242 sgid=10242 fsgid=10242 tty=(none) ses=4294967295 comm="ogle.android.gm" exe="/system/bin/app_process64" subj=u:r:untrusted_app:s0:c242,c256,c512,c768 key=(null)
04-30 01:16:27.234  4899  4899 E audit   : type=1327 audit(1682810187.227:84669): proctitle="zygote64"
04-30 01:16:27.235 12921 12921 D ActivityThread: setConscryptValidator
04-30 01:16:27.235 12921 12921 D ActivityThread: setConscryptValidator - put
04-30 01:16:27.244  4899  4899 E audit   : type=1400 audit(1682810187.239:84670): avc:  denied  { read } for  pid=12921 comm="binder:12921_1" name="u:object_r:perf_prop:s0" dev="tmpfs" ino=21617 scontext=u:r:untrusted_app:s0:c242,c256,c512,c768 tcontext=u:object_r:perf_prop:s0 tclass=file permissive=0 SEPF_SM-A515F_13_0001 audit_filtered
04-30 01:16:27.246  5429  5843 D SyncManager: userId - 0 auto - true
04-30 01:16:27.257 12921 12945 W libc    : Access denied finding property "sys.perf.boostopt"
04-30 01:16:27.258  6267 14092 D androidtc: Updating model lookup cache...
04-30 01:16:27.261  6267 14092 D androidtc: Download work completed: DownloadResult{successCount=0, failureCount=0}
04-30 01:16:27.266  6267 14094 I WM-WorkerWrapper: Worker result SUCCESS for Work [ id=e52356f3-9a4b-4573-9f25-964a14b59526, tags={ com.android.textclassifier.downloader.ModelDownloadWorker } ]
04-30 01:16:27.269  5429  8524 D PackageManager: setEnabledSetting : userId = 0 packageName = com.google.android.ext.services cmp = androidx.work.impl.background.systemalarm.RescheduleReceiver newState = 2 callingPackage = 10081/com.google.android.ext.services
04-30 01:16:27.278  5429  5488 W libprocessgroup: Failed to open /dev/blkio//cgroup.procs: No such file or directory
04-30 01:16:27.286 12921 12921 D CompatibilityChangeReporter: Compat change id reported: 171979766; UID 10242; state: ENABLED
04-30 01:16:27.299  6267  6267 D ConnectivityManager: StackLog: [android.net.ConnectivityManager.unregisterNetworkCallback(ConnectivityManager.java:4863)] [androidx.work.impl.constraints.trackers.NetworkStateTracker.stopTracking(go/retraceme c2e63dbdc3eaa614ae01bb42b671c7f85f126b05da952dca704aad536c00f6e2:18)] [androidx.work.impl.constraints.trackers.ConstraintTracker.removeListener(go/retraceme c2e63dbdc3eaa614ae01bb42b671c7f85f126b05da952dca704aad536c00f6e2:19)] [androidx.work.impl.constraints.controllers.ConstraintController.replace(go/retraceme c2e63dbdc3eaa614ae01bb42b671c7f85f126b05da952dca704aad536c00f6e2:45)] [androidx.work.impl.constraints.WorkConstraintsTracker.replace(go/retraceme c2e63dbdc3eaa614ae01bb42b671c7f85f126b05da952dca704aad536c00f6e2:27)] [androidx.work.impl.background.greedy.GreedyScheduler.onExecuted(go/retraceme c2e63dbdc3eaa614ae01bb42b671c7f85f126b05da952dca704aad536c00f6e2:61)] [androidx.work.impl.Processor.onExecuted(go/retraceme c2e63dbdc3eaa614ae01bb42b671c7f85f126b05da952dca704aad536c00f6e2:61)] [androidx.work.impl.Processor$FutureListener.run(go/retraceme c2e63dbdc3eaa614ae01bb42b671c7f85f126b05da952dca704aad536c00f6e2:18)]
04-30 01:16:27.300 29954 10104 W Icing   : Package com.google.android.googlequicksearchbox targets Android P and isn't allowed to use AppDataSearch indexing API
04-30 01:16:27.302  5429  5665 D ConnectivityService:  Removing from current network [128 WIFI], leaving 153 requests.
04-30 01:16:27.321 29954 29954 D BoundBrokerSvc: onBind: Intent { act=com.google.android.gms.checkin.START pkg=com.google.android.gms }
04-30 01:16:27.322 29954 29954 D BoundBrokerSvc: Loading bound service for intent: Intent { act=com.google.android.gms.checkin.START pkg=com.google.android.gms }
04-30 01:16:27.324  5429  5843 D SyncManager: userId - 0 auto - true
04-30 01:16:27.352 12921 12921 D nativeloader: Configuring classloader-namespace for other apk /system/framework/org.apache.http.legacy.jar. target_sdk_version=33, uses_libraries=ALL, library_path=/data/app/~~gg5StmC5EMo4lKi6x3TZpw==/com.google.android.gm-DY6Q0Lfto8N7UbNYbfEIoA==/lib/arm64:/data/app/~~gg5StmC5EMo4lKi6x3TZpw==/com.google.android.gm-DY6Q0Lfto8N7UbNYbfEIoA==/base.apk!/lib/arm64-v8a:/data/app/~~gg5StmC5EMo4lKi6x3TZpw==/com.google.android.gm-DY6Q0Lfto8N7UbNYbfEIoA==/split_config.arm64_v8a.apk!/lib/arm64-v8a:/data/app/~~gg5StmC5EMo4lKi6x3TZpw==/com.google.android.gm-DY6Q0Lfto8N7UbNYbfEIoA==/split_config.en.apk!/lib/arm64-v8a:/data/app/~~gg5StmC5EMo4lKi6x3TZpw==/com.google.android.gm-DY6Q0Lfto8N7UbNYbfEIoA==/split_config.ru.apk!/lib/arm64-v8a:/data/app/~~gg5StmC5EMo4lKi6x3TZpw==/com.google.android.gm-DY6Q0Lfto8N7UbNYbfEIoA==/split_config.xxhdpi.apk!/lib/arm64-v8a, permitted_path=/data:/mnt/expand:/data/user/0/com.google.android.gm
04-30 01:16:27.352 12921 12921 D nativeloader: Extending system_exposed_libraries: libhumantracking.arcsoft.so:libPortraitDistortionCorrection.arcsoft.so:libPortraitDistortionCorrectionCali.arcsoft.so:libface_landmark.arcsoft.so:libFacialStickerEngine.arcsoft.so:libveengine.arcsoft.so:liblow_light_hdr.arcsoft.so:libhigh_dynamic_range.arcsoft.so:libFacialAttributeDetection.arcsoft.so:libBeauty_v4.camera.samsung.so:libexifa.camera.samsung.so:libjpega.camera.samsung.so:libOpenCv.camera.samsung.so:libImageScreener.camera.samsung.so:libMyFilter.camera.samsung.so:libtensorflowLite.myfilter.camera.samsung.so:libtensorflowlite_inference_api.myfilter.camera.samsung.so:libEventFinder.camera.samsung.so:libHIDTSnapJNI.camera.samsung.so:libSmartScan.camera.samsung.so:libRectify.camera.samsung.so:libDocRectifyWrapper.camera.samsung.so:libUltraWideDistortionCorrection.camera.samsung.so:libHpr_RecGAE_cvFeature_v1.0.camera.samsung.so:libHprFace_GAE_api.camera.samsung.so:libFace_Landmark_API.camera.samsung.so:libHprFace_GAE_jni.camera.samsung.so:libFacialBasedSelfieCorrec
04-30 01:16:27.375 29954 10104 W Icing   : Package com.google.android.gm targets Android P and isn't allowed to use AppDataSearch indexing API
04-30 01:16:27.398  5429  5843 D SyncManager: userId - 0 auto - true
04-30 01:16:27.402 29954 10104 I Icing   : updateResources: need to parse aqpd{com.google.android.gms}
04-30 01:16:27.406 18240 18299 I SettingsCompanion: accounts length : 0
04-30 01:16:27.407 18240 18299 I SettingsCompanion: onAccountResultFinished : false
04-30 01:16:27.422 18240 18240 I Heart:WatchSettings: SettingsCompanion.saveChildAccountRegistered : false
04-30 01:16:27.426 12921 12921 W ziparchive: Unable to open '/data/app/~~gg5StmC5EMo4lKi6x3TZpw==/com.google.android.gm-DY6Q0Lfto8N7UbNYbfEIoA==/split_config.arm64_v8a.dm': No such file or directory
04-30 01:16:27.426 12921 12921 W ziparchive: Unable to open '/data/app/~~gg5StmC5EMo4lKi6x3TZpw==/com.google.android.gm-DY6Q0Lfto8N7UbNYbfEIoA==/split_config.arm64_v8a.dm': No such file or directory
04-30 01:16:27.438 12921 12921 W ogle.android.gm: Entry not found
04-30 01:16:27.442 12921 12921 W ziparchive: Unable to open '/data/app/~~gg5StmC5EMo4lKi6x3TZpw==/com.google.android.gm-DY6Q0Lfto8N7UbNYbfEIoA==/split_config.en.dm': No such file or directory
04-30 01:16:27.442 12921 12921 W ziparchive: Unable to open '/data/app/~~gg5StmC5EMo4lKi6x3TZpw==/com.google.android.gm-DY6Q0Lfto8N7UbNYbfEIoA==/split_config.en.dm': No such file or directory
04-30 01:16:27.445 12921 12921 W ogle.android.gm: Entry not found
04-30 01:16:27.448 12921 12921 W ziparchive: Unable to open '/data/app/~~gg5StmC5EMo4lKi6x3TZpw==/com.google.android.gm-DY6Q0Lfto8N7UbNYbfEIoA==/split_config.ru.dm': No such file or directory
04-30 01:16:27.448 12921 12921 W ziparchive: Unable to open '/data/app/~~gg5StmC5EMo4lKi6x3TZpw==/com.google.android.gm-DY6Q0Lfto8N7UbNYbfEIoA==/split_config.ru.dm': No such file or directory
04-30 01:16:27.454 12921 12921 W ogle.android.gm: Entry not found
04-30 01:16:27.457 12921 12921 W ziparchive: Unable to open '/data/app/~~gg5StmC5EMo4lKi6x3TZpw==/com.google.android.gm-DY6Q0Lfto8N7UbNYbfEIoA==/split_config.xxhdpi.dm': No such file or directory
04-30 01:16:27.457 12921 12921 W ziparchive: Unable to open '/data/app/~~gg5StmC5EMo4lKi6x3TZpw==/com.google.android.gm-DY6Q0Lfto8N7UbNYbfEIoA==/split_config.xxhdpi.dm': No such file or directory
04-30 01:16:27.459  5429  5843 D SyncManager: userId - 0 auto - true
04-30 01:16:27.460 18240 18240 I SettingsCompanion: isSupportBedtimeOnPhone - isSupportedOS:true // isSamsungDevice:true // isChildAccountRegistered:false //isSupportOneUiVersion : true // wellbeing app version  : 410100009
04-30 01:16:27.461 12921 12921 W ogle.android.gm: Entry not found
04-30 01:16:27.466 18240 18299 I SettingsCompanion: isSupportFocusMode - isSupportOS:true // isSamsungDevice:true // isChildAccountRegistered:false //isSupportOneUiVersion : true
04-30 01:16:27.470 12921 12921 D nativeloader: Configuring classloader-namespace for other apk /data/app/~~gg5StmC5EMo4lKi6x3TZpw==/com.google.android.gm-DY6Q0Lfto8N7UbNYbfEIoA==/base.apk:/data/app/~~gg5StmC5EMo4lKi6x3TZpw==/com.google.android.gm-DY6Q0Lfto8N7UbNYbfEIoA==/split_config.arm64_v8a.apk:/data/app/~~gg5StmC5EMo4lKi6x3TZpw==/com.google.android.gm-DY6Q0Lfto8N7UbNYbfEIoA==/split_config.en.apk:/data/app/~~gg5StmC5EMo4lKi6x3TZpw==/com.google.android.gm-DY6Q0Lfto8N7UbNYbfEIoA==/split_config.ru.apk:/data/app/~~gg5StmC5EMo4lKi6x3TZpw==/com.google.android.gm-DY6Q0Lfto8N7UbNYbfEIoA==/split_config.xxhdpi.apk. target_sdk_version=33, uses_libraries=libOpenCL.so, library_path=/data/app/~~gg5StmC5EMo4lKi6x3TZpw==/com.google.android.gm-DY6Q0Lfto8N7UbNYbfEIoA==/lib/arm64:/data/app/~~gg5StmC5EMo4lKi6x3TZpw==/com.google.android.gm-DY6Q0Lfto8N7UbNYbfEIoA==/base.apk!/lib/arm64-v8a:/data/app/~~gg5StmC5EMo4lKi6x3TZpw==/com.google.android.gm-DY6Q0Lfto8N7UbNYbfEIoA==/split_config.arm64_v8a.apk!/lib/arm64-v8a:/data/app/~~gg5StmC5EMo4lKi6x3TZpw==/com.google.android.gm-DY
04-30 01:16:27.474  5429  5488 W libprocessgroup: Failed to open /dev/blkio//cgroup.procs: No such file or directory
04-30 01:16:27.476  5429  5843 D SyncManager: userId - 0 auto - true
04-30 01:16:27.496 12921 12921 W ogle.android.gm: JIT profile information will not be recorded: profile file does not exist.
04-30 01:16:27.496 12921 12921 W ogle.android.gm: JIT profile information will not be recorded: profile file does not exist.
04-30 01:16:27.497 12921 12921 W ogle.android.gm: JIT profile information will not be recorded: profile file does not exist.
04-30 01:16:27.497 12921 12921 W ogle.android.gm: JIT profile information will not be recorded: profile file does not exist.
04-30 01:16:27.509  4924  4924 D Zygote  : Forked child process 12961
04-30 01:16:27.553 12921 12921 V GraphicsEnvironment: ANGLE Developer option for 'com.google.android.gm' set to: 'default'
04-30 01:16:27.554 12921 12921 V GraphicsEnvironment: ANGLE GameManagerService for com.google.android.gm: false
04-30 01:16:27.555 12921 12921 V GraphicsEnvironment: Neither updatable production driver nor prerelease driver is supported.
04-30 01:16:27.568 12921 12921 D NetworkSecurityConfig: Using Network Security Config from resource network_security_config debugBuild: false
04-30 01:16:27.580 12961 12961 I ndroid.calendar: Using CollectorTypeCC GC.
04-30 01:16:27.595 29954 10104 W Icing   : Package com.android.chrome targets Android P and isn't allowed to use AppDataSearch indexing API
04-30 01:16:27.617 12921 12921 D NetworkSecurityConfig: Using Network Security Config from resource network_security_config debugBuild: false
04-30 01:16:27.621  5429  5843 D SyncManager: userId - 0 auto - true
04-30 01:16:27.624 12961 12961 E ndroid.calendar: Not starting debugger since process cannot load the jdwp agent.
04-30 01:16:27.667 12961 12961 W libc    : Access denied finding property "sys.perf.boostopt"
04-30 01:16:27.669 12961 12961 D ActivityThread: setConscryptValidator
04-30 01:16:27.670 12961 12961 D ActivityThread: setConscryptValidator - put
04-30 01:16:27.679  5429  5843 D SyncManager: userId - 0 auto - true
04-30 01:16:27.687 12961 12978 W libc    : Access denied finding property "sys.perf.boostopt"
04-30 01:16:27.696 12961 12961 D CompatibilityChangeReporter: Compat change id reported: 171979766; UID 10235; state: ENABLED
04-30 01:16:27.730 12961 12961 D nativeloader: Configuring classloader-namespace for other apk /system/framework/org.apache.http.legacy.jar. target_sdk_version=33, uses_libraries=ALL, library_path=/data/app/~~A3JRKRIdeLRYJjsgqHBLeA==/com.google.android.calendar-QARlwTIilbdmPyBaeAH0pw==/lib/arm64, permitted_path=/data:/mnt/expand:/data/user/0/com.google.android.calendar
04-30 01:16:27.730 12961 12961 D nativeloader: Extending system_exposed_libraries: libhumantracking.arcsoft.so:libPortraitDistortionCorrection.arcsoft.so:libPortraitDistortionCorrectionCali.arcsoft.so:libface_landmark.arcsoft.so:libFacialStickerEngine.arcsoft.so:libveengine.arcsoft.so:liblow_light_hdr.arcsoft.so:libhigh_dynamic_range.arcsoft.so:libFacialAttributeDetection.arcsoft.so:libBeauty_v4.camera.samsung.so:libexifa.camera.samsung.so:libjpega.camera.samsung.so:libOpenCv.camera.samsung.so:libImageScreener.camera.samsung.so:libMyFilter.camera.samsung.so:libtensorflowLite.myfilter.camera.samsung.so:libtensorflowlite_inference_api.myfilter.camera.samsung.so:libEventFinder.camera.samsung.so:libHIDTSnapJNI.camera.samsung.so:libSmartScan.camera.samsung.so:libRectify.camera.samsung.so:libDocRectifyWrapper.camera.samsung.so:libUltraWideDistortionCorrection.camera.samsung.so:libHpr_RecGAE_cvFeature_v1.0.camera.samsung.so:libHprFace_GAE_api.camera.samsung.so:libFace_Landmark_API.camera.samsung.so:libHprFace_GAE_jni.camera.samsung.so:libFacialBasedSelfieCorrec
04-30 01:16:27.746 12961 12961 D nativeloader: Configuring classloader-namespace for other apk /data/app/~~A3JRKRIdeLRYJjsgqHBLeA==/com.google.android.calendar-QARlwTIilbdmPyBaeAH0pw==/base.apk. target_sdk_version=33, uses_libraries=, library_path=/data/app/~~A3JRKRIdeLRYJjsgqHBLeA==/com.google.android.calendar-QARlwTIilbdmPyBaeAH0pw==/lib/arm64, permitted_path=/data:/mnt/expand:/data/user/0/com.google.android.calendar
04-30 01:16:27.749  5429  5438 I system_server: Background young concurrent copying GC freed 473119(22MB) AllocSpace objects, 43(920KB) LOS objects, 16% free, 109MB/130MB, paused 440us,1.623ms total 278.825ms
04-30 01:16:27.761  5429  5843 D SyncManager: userId - 0 auto - true
04-30 01:16:27.764 29954 10104 I Icing   : Indexing com.google.android.gms-contacts_contact_id from com.google.android.gms
04-30 01:16:27.832  5429  5488 W libprocessgroup: Failed to open /dev/blkio//cgroup.procs: No such file or directory
04-30 01:16:27.873 12961 12961 V GraphicsEnvironment: ANGLE Developer option for 'com.google.android.calendar' set to: 'default'
04-30 01:16:27.877 12961 12961 V GraphicsEnvironment: ANGLE GameManagerService for com.google.android.calendar: false
04-30 01:16:27.878 12961 12961 V GraphicsEnvironment: Neither updatable production driver nor prerelease driver is supported.
04-30 01:16:27.885  5429  5843 W SyncManager: failed sync operation JobId=100345 ***/com.google u0 [com.google.android.gms.chromesync] USER ExpectedIn=-2h35m33s EXPEDITED STANDBY-EXEMPTED Reason=10226, SyncResult: syncAlreadyInProgress: true stats []
04-30 01:16:27.896 12961 12961 D NetworkSecurityConfig: No Network Security Config specified, using platform default
04-30 01:16:27.922 29954 10104 I Icing   : Indexing done com.google.android.gms-contacts_contact_id
04-30 01:16:27.922 29954 10104 I Icing   : Indexing com.google.android.gms-phones_data_id from com.google.android.gms
04-30 01:16:27.928  5429  5843 D SyncManager: userId - 0 auto - true
04-30 01:16:27.934 29954 10104 I Icing   : Indexing done com.google.android.gms-phones_data_id
04-30 01:16:27.935 29954 10104 I Icing   : Indexing com.google.android.gms-emails_data_id from com.google.android.gms
04-30 01:16:27.954 12961 12961 D NetworkSecurityConfig: No Network Security Config specified, using platform default
04-30 01:16:27.982 29954 10104 I Icing   : Indexing done com.google.android.gms-emails_data_id
04-30 01:16:27.982 29954 10104 I Icing   : Indexing com.google.android.gms-apps from com.google.android.gms
04-30 01:16:27.987  4924  4924 D Zygote  : Forked child process 12994
04-30 01:16:27.993 12235 12258 D Benchmark: allocationCount[ 0:10]: 1880 1879 1880 1880 1879
04-30 01:16:27.994 12235 12258 D Benchmark: Set 12258 (Bench thread) to priority -8. Was -20, now -8
04-30 01:16:27.994 12235 12258 D Benchmark: Set 12243 (Jit) to priority 9. Was -15, now 9
04-30 01:16:27.994 12235 12258 D Benchmark: Warmup: t=0.339, iter=2331, fastAvg=124229, slowAvg=125078
04-30 01:16:27.994 12235 12258 I PerfettoCapture: Stopping perfetto.
04-30 01:16:28.003  5429  5843 D SyncManager: userId - 0 auto - true
04-30 01:16:28.008  9200 12980 I AlarmManager: set [name: SystemMemoryCache type: 2 triggerAtMillis: 315579727981 windowMillis: -1 intervalMillis: 0]
04-30 01:16:28.039 12994 12994 I e.process.gapps: Using CollectorTypeCC GC.
04-30 01:16:28.061 12994 12994 E e.process.gapps: Not starting debugger since process cannot load the jdwp agent.
04-30 01:16:28.069 12874 12874 I perfetto:    perfetto_cmd.cc:1168 SIGINT/SIGTERM received: disabling tracing.
04-30 01:16:28.069  5429  5843 W SyncManager: failed sync operation JobId=100352 ***/com.google u0 [com.google.android.gms.chromesync] USER ExpectedIn=-2h34m10s EXPEDITED STANDBY-EXEMPTED Reason=10226, SyncResult: syncAlreadyInProgress: true stats []
04-30 01:16:28.083 12235 12258 D Benchmark: kill -TERM command output -
04-30 01:16:28.093  5429  5843 D SyncManager: userId - 0 auto - true
04-30 01:16:28.098 12994 12994 W libc    : Access denied finding property "sys.perf.boostopt"
04-30 01:16:28.100 12994 13018 W libc    : Access denied finding property "sys.perf.boostopt"
04-30 01:16:28.102 12994 12994 D ActivityThread: setConscryptValidator
04-30 01:16:28.103 12994 12994 D ActivityThread: setConscryptValidator - put
04-30 01:16:28.117  5130  5130 I perfetto:  probes_producer.cc:396 Producer stop (id=1021)
04-30 01:16:28.121  5130  5130 I perfetto:    ftrace_procfs.cc:342 disabled ftrace in /sys/kernel/tracing/
04-30 01:16:28.131  4924  4924 D Zygote  : Forked child process 13022
04-30 01:16:28.134 12994 12994 D CompatibilityChangeReporter: Compat change id reported: 171979766; UID 10226; state: ENABLED
04-30 01:16:28.169  5429  5843 D SyncManager: userId - 0 auto - true
04-30 01:16:28.172 12994 12994 D nativeloader: Configuring classloader-namespace-shared for other apk /system/framework/org.apache.http.legacy.jar. target_sdk_version=33, uses_libraries=ALL, library_path=/system/system_ext/priv-app/GoogleServicesFramework/lib/arm64:/system/system_ext/priv-app/GoogleServicesFramework/GoogleServicesFramework.apk!/lib/arm64-v8a:/system/lib64:/system/system_ext/lib64, permitted_path=/data:/mnt/expand:/data/user/0/com.google.android.gsf:/system/system_ext/priv-app/GoogleServicesFramework:/system/lib64:/system/system_ext/lib64
04-30 01:16:28.172 12994 12994 D nativeloader: Extending system_exposed_libraries: libhumantracking.arcsoft.so:libPortraitDistortionCorrection.arcsoft.so:libPortraitDistortionCorrectionCali.arcsoft.so:libface_landmark.arcsoft.so:libFacialStickerEngine.arcsoft.so:libveengine.arcsoft.so:liblow_light_hdr.arcsoft.so:libhigh_dynamic_range.arcsoft.so:libFacialAttributeDetection.arcsoft.so:libBeauty_v4.camera.samsung.so:libexifa.camera.samsung.so:libjpega.camera.samsung.so:libOpenCv.camera.samsung.so:libImageScreener.camera.samsung.so:libMyFilter.camera.samsung.so:libtensorflowLite.myfilter.camera.samsung.so:libtensorflowlite_inference_api.myfilter.camera.samsung.so:libEventFinder.camera.samsung.so:libHIDTSnapJNI.camera.samsung.so:libSmartScan.camera.samsung.so:libRectify.camera.samsung.so:libDocRectifyWrapper.camera.samsung.so:libUltraWideDistortionCorrection.camera.samsung.so:libHpr_RecGAE_cvFeature_v1.0.camera.samsung.so:libHprFace_GAE_api.camera.samsung.so:libFace_Landmark_API.camera.samsung.so:libHprFace_GAE_jni.camera.samsung.so:libFacialBasedSelfieCorrec
04-30 01:16:28.187 12994 12994 D nativeloader: Configuring classloader-namespace-shared for other apk /system/system_ext/priv-app/GoogleServicesFramework/GoogleServicesFramework.apk. target_sdk_version=33, uses_libraries=, library_path=/system/system_ext/priv-app/GoogleServicesFramework/lib/arm64:/system/system_ext/priv-app/GoogleServicesFramework/GoogleServicesFramework.apk!/lib/arm64-v8a:/system/lib64:/system/system_ext/lib64, permitted_path=/data:/mnt/expand:/data/user/0/com.google.android.gsf:/system/system_ext/priv-app/GoogleServicesFramework:/system/lib64:/system/system_ext/lib64
04-30 01:16:28.207  4924  4924 D Zygote  : Forked child process 13027
04-30 01:16:28.231 13022 13022 I ru.mail.cloud: Using CollectorTypeCC GC.
04-30 01:16:28.259 13022 13022 E ru.mail.cloud: Not starting debugger since process cannot load the jdwp agent.
04-30 01:16:28.275  4389  4389 I hwservicemanager: getTransport: Cannot find entry android.hardware.atrace@1.0::IAtraceDevice/default in either framework or device VINTF manifest.
04-30 01:16:28.277  4899  4899 E audit   : type=1400 audit(1682810188.275:84675): avc:  denied  { read } for  pid=13022 comm="ru.mail.cloud" name="u:object_r:perf_prop:s0" dev="tmpfs" ino=21617 scontext=u:r:untrusted_app_30:s0:c80,c257,c512,c768 tcontext=u:object_r:perf_prop:s0 tclass=file permissive=0 SEPF_SM-A515F_13_0001 audit_filtered
04-30 01:16:28.277  4899  4899 E audit   : type=1300 audit(1682810188.275:84675): arch=c00000b7 syscall=56 success=no exit=-13 a0=ffffff9c a1=7fcb563ba8 a2=88000 a3=0 items=0 ppid=4924 pid=13022 auid=4294967295 uid=10336 gid=10336 euid=10336 suid=10336 fsuid=10336 egid=10336 sgid=10336 fsgid=10336 tty=(none) ses=4294967295 comm="ru.mail.cloud" exe="/system/bin/app_process64" subj=u:r:untrusted_app_30:s0:c80,c257,c512,c768 key=(null)
04-30 01:16:28.277 13022 13022 W libc    : Access denied finding property "sys.perf.boostopt"
04-30 01:16:28.277  4899  4899 E audit   : type=1327 audit(1682810188.275:84675): proctitle="zygote64"
04-30 01:16:28.285  5130  5130 I perfetto:  probes_producer.cc:396 Producer stop (id=1022)
04-30 01:16:28.285  5130  5130 I perfetto:  probes_producer.cc:396 Producer stop (id=1023)
04-30 01:16:28.286 13022 13022 D ActivityThread: setConscryptValidator
04-30 01:16:28.286 13022 13022 D ActivityThread: setConscryptValidator - put
04-30 01:16:28.288 13022 13041 W libc    : Access denied finding property "sys.perf.boostopt"
04-30 01:16:28.289 12994 12994 V GraphicsEnvironment: ANGLE Developer option for 'com.google.android.gsf' set to: 'default'
04-30 01:16:28.289 12994 12994 V GraphicsEnvironment: ANGLE GameManagerService for com.google.android.gsf: false
04-30 01:16:28.289 12994 12994 V GraphicsEnvironment: Neither updatable production driver nor prerelease driver is supported.
04-30 01:16:28.293  4899  4899 E audit   : type=1400 audit(1682810188.283:84676): avc:  denied  { read } for  pid=13022 comm="binder:13022_1" name="u:object_r:perf_prop:s0" dev="tmpfs" ino=21617 scontext=u:r:untrusted_app_30:s0:c80,c257,c512,c768 tcontext=u:object_r:perf_prop:s0 tclass=file permissive=0 SEPF_SM-A515F_13_0001 audit_filtered
04-30 01:16:28.298 13027 13027 I roid.apps.tasks: Using CollectorTypeCC GC.
04-30 01:16:28.306 12994 12994 D NetworkSecurityConfig: No Network Security Config specified, using platform default
04-30 01:16:28.308  5429  5466 I CompanionDeviceManagerService: onPackageModified() u0/com.google.android.ext.services
04-30 01:16:28.309 12994 12994 D NetworkSecurityConfig: No Network Security Config specified, using platform default
04-30 01:16:28.312  5429  5429 I AppWidgetServiceImpl: Received broadcast: android.intent.action.PACKAGE_CHANGED, Updates all providers with com.google.android.ext.services, userId: 0
04-30 01:16:28.315  5429  5843 D SyncManager: userId - 0 auto - true
04-30 01:16:28.323  5429  5579 D SEP_UNION_SemDeviceInfoManagerService: onReceive : android.intent.action.PACKAGE_CHANGED, userId = 0
04-30 01:16:28.326  6118  6118 V AvrcpMediaPlayerList: mPackageChangedBroadcastReceiver: action: android.intent.action.PACKAGE_CHANGED
04-30 01:16:28.332  5878  6139 D PluginInstanceManager: queryPkg com.google.android.ext.services com.android.systemui.action.PLUGIN_NOTIFICATION_MENU_ROW
04-30 01:16:28.333  5878  6139 D PluginInstanceManager: queryPkg com.google.android.ext.services com.android.systemui.action.PLUGIN_OVERLAY
04-30 01:16:28.333  5878  6139 D PluginInstanceManager: queryPkg com.google.android.ext.services com.android.systemui.action.PLUGIN_NOTIFICATION_MENU_ROW
04-30 01:16:28.333  5878  6139 D PluginInstanceManager: queryPkg com.google.android.ext.services com.android.systemui.action.PLUGIN_QS_FACTORY
04-30 01:16:28.333  5878  6139 D PluginInstanceManager: queryPkg com.google.android.ext.services com.android.systemui.action.PLUGIN_LOCKSCREEN_LEFT_BUTTON
04-30 01:16:28.333  5878  6139 D PluginInstanceManager: queryPkg com.google.android.ext.services com.android.systemui.action.PLUGIN_LOCKSCREEN_LEFT_BUTTON
04-30 01:16:28.334  5878  6139 D PluginInstanceManager: queryPkg com.google.android.ext.services com.android.systemui.action.PLUGIN_NOTIFICATION_MENU_ROW
04-30 01:16:28.334  5878  6139 D PluginInstanceManager: queryPkg com.google.android.ext.services com.android.systemui.action.PLUGIN_NOTIFICATION_MENU_ROW
04-30 01:16:28.334  5878  6139 D PluginInstanceManager: queryPkg com.google.android.ext.services com.android.systemui.action.PLUGIN_NOTIFICATION_MENU_ROW
04-30 01:16:28.334  5878  6139 D PluginInstanceManager: queryPkg com.google.android.ext.services com.android.systemui.action.PLUGIN_NOTIFICATION_MENU_ROW
04-30 01:16:28.334  5878  6139 D PluginInstanceManager: queryPkg com.google.android.ext.services com.android.systemui.action.PLUGIN_CLOCK
04-30 01:16:28.334  5878  6139 D PluginInstanceManager: queryPkg com.google.android.ext.services com.android.systemui.action.PLUGIN_NOTIFICATION_MENU_ROW
04-30 01:16:28.334  5878  6139 D PluginInstanceManager: queryPkg com.google.android.ext.services com.samsung.systemui.action.PLUGIN_FACE_WIDGET
04-30 01:16:28.334  5878  6139 D PluginInstanceManager: Too many of com.samsung.systemui.action.PLUGIN_FACE_WIDGET
04-30 01:16:28.335  5878  6139 D PluginInstanceManager: queryPkg com.google.android.ext.services com.android.systemui.action.PLUGIN_NOTIFICATION_MENU_ROW
04-30 01:16:28.335 12145 12145 I SCS@AiSearch user 0: (PackageBroadcastReceiver) onReceive android.intent.action.PACKAGE_CHANGED
04-30 01:16:28.335  5878  6139 D PluginInstanceManager: queryPkg com.google.android.ext.services com.android.systemui.action.PLUGIN_NOTIFICATION_MENU_ROW
04-30 01:16:28.335  5878  6139 D PluginInstanceManager: queryPkg com.google.android.ext.services com.android.systemui.action.PLUGIN_GLOBAL_ACTIONS
04-30 01:16:28.335  5878  6139 D PluginInstanceManager: queryPkg com.google.android.ext.services com.android.systemui.action.PLUGIN_NOTIFICATION_MENU_ROW
04-30 01:16:28.335  5878  6139 D PluginInstanceManager: queryPkg com.google.android.ext.services com.android.systemui.action.PLUGIN_TOAST
04-30 01:16:28.335  5878  6139 D PluginInstanceManager: queryPkg com.google.android.ext.services com.android.systemui.action.PLUGIN_NOTIFICATION_MENU_ROW
04-30 01:16:28.335  5878  6139 D PluginInstanceManager: queryPkg com.google.android.ext.services com.android.systemui.action.PLUGIN_NOTIFICATION_MENU_ROW
04-30 01:16:28.335  5878  6139 D PluginInstanceManager: queryPkg com.google.android.ext.services com.android.systemui.action.PLUGIN_NOTIFICATION_MENU_ROW
04-30 01:16:28.335  5878  6139 D PluginInstanceManager: queryPkg com.google.android.ext.services com.android.systemui.action.PLUGIN_NOTIFICATION_MENU_ROW
04-30 01:16:28.336  5878  6139 D PluginInstanceManager: queryPkg com.google.android.ext.services com.android.systemui.action.PLUGIN_NOTIFICATION_MENU_ROW
04-30 01:16:28.336  5878  6139 D PluginInstanceManager: queryPkg com.google.android.ext.services com.android.systemui.action.PLUGIN_NOTIFICATION_MENU_ROW
04-30 01:16:28.336 12145 12145 I SCS@AiSearch user 0: (PackageBroadcastReceiver) packageName: com.google.android.ext.services
04-30 01:16:28.336  5878  6139 D PluginInstanceManager: queryPkg com.google.android.ext.services com.android.systemui.action.PLUGIN_NOTIFICATION_MENU_ROW
04-30 01:16:28.336  5878  6139 D PluginInstanceManager: queryPkg com.google.android.ext.services com.android.systemui.action.PLUGIN_NOTIFICATION_MENU_ROW
04-30 01:16:28.336 12145 12145 I SCS@AiSearch user 0: (PackageBroadcastReceiver) Packages changed: [com.google.android.ext.services]
04-30 01:16:28.336  5878  6139 D PluginInstanceManager: queryPkg com.google.android.ext.services com.android.systemui.action.PLUGIN_SENSOR_MANAGER
04-30 01:16:28.336  5878  6139 D PluginInstanceManager: queryPkg com.google.android.ext.services com.android.systemui.action.PLUGIN_QS
04-30 01:16:28.336  5878  6139 D PluginInstanceManager: queryPkg com.google.android.ext.services com.android.systemui.action.PLUGIN_NOTIFICATION_MENU_ROW
04-30 01:16:28.336  5878  6139 D PluginInstanceManager: queryPkg com.google.android.ext.services com.android.systemui.action.PLUGIN_NOTIFICATION_MENU_ROW
04-30 01:16:28.342  5429  5576 I RoleService: Granting default roles...
04-30 01:16:28.345 12145 12145 I SCS@AiSearch user 0: (AppsDataObserver) scheduling worker CMD_UPDATE_LIST
04-30 01:16:28.348 13027 13027 E roid.apps.tasks: Not starting debugger since process cannot load the jdwp agent.
04-30 01:16:28.349  5429  5488 W libprocessgroup: Failed to open /dev/blkio//cgroup.procs: No such file or directory
04-30 01:16:28.355  5787  5787 D CarrierSvcBindHelper: onPackageModified: com.google.android.ext.services
04-30 01:16:28.357  5787  5787 D CarrierSvcBindHelper: No carrier app for: 0
04-30 01:16:28.357  5787  5787 D CarrierSvcBindHelper: No carrier app for: 1
04-30 01:16:28.336  5878  6139 D PluginInstanceManager: queryPkg com.google.android.ext.services com.android.systemui.action.PLUGIN_NOTIFICATION_MENU_ROW
04-30 01:16:28.366  5878  5878 D KeyguardUpdateMonitor: received broadcast android.intent.action.PACKAGE_CHANGED
04-30 01:16:28.368  5878  6139 D PluginInstanceManager: queryPkg com.google.android.ext.services com.samsung.systemui.action.PLUGIN_VIEW_COVER
