04-09 23:19:56.547  6837  7268 I BadgeCache: add to cache : com.vkontakte.androiduser : UserHandle{0}  count : 1
04-09 23:19:56.547  6837  7268 I BadgeCache: add to cache : org.telegram.messengeruser : UserHandle{0}  count : 1
04-09 23:19:56.547  6837  7268 I BadgeCache: update cache : org.telegram.messenger user : UserHandle{0}  count : 0
04-09 23:19:56.547  6837  7268 I BadgeCache: update cache : com.vk.im user : UserHandle{0}  count : 0
04-09 23:19:56.552  6837  7268 I BadgeCache: reloadBadge size : 3
04-09 23:19:57.881  6284  6373 D MobileStatusTracker(0/1): onSignalStrengthsChanged level=2, vendorLevel=2
04-09 23:19:57.889  6284  6373 D MobileSignalController(0/1): notifyListener: enabled=true, connected=true, dataConnected=false, networkType=LTE (4G), emergencyOnly=false, roaming=true, isDefault=true, dataActivity=, level=2, ca=false, mmWave=false, disabledDataIcon=false, simCard=ETC
04-09 23:19:57.889  6284  6373 D NetworkController: SignalStrength from intent slotId=0
04-09 23:19:58.045  5312  5312 E sehhealth-service: Could not open /sys/class/power_supply/battery/lrp
04-09 23:19:58.049  5665  5861 D MotionRecognitionService: [SAR]  onReceive : ACTION_BATTERY_CHANGED, Plugged: 2
04-09 23:19:58.054  6213  6213 D SemBigDataInfoController: Intent: android.intent.action.BATTERY_CHANGED
04-09 23:19:58.057  6284  6284 I PowerUI : mBootCompleted = true |  mFullyConnected = true
04-09 23:19:58.057  6284  6284 W PowerUI : Plug reason
04-09 23:19:58.058  6284  6284 W PowerUI : Skip charging animation - by plug status
04-09 23:19:58.058  6284 10889 D SecPowerUI.Notification: dismissing low battery warning: level=70
04-09 23:19:58.058  6284  6284 D PowerUI : priorPlugType = 2 mPlugType = 2 priorBatteryStatus = 2 mBatteryStatus = 2
04-09 23:19:58.058  6284 10889 D SecPowerUI.Notification: updateNotification mWarning=false mPlaySound=false
04-09 23:19:58.058  6284 10889 D SecPowerUI.Notification: SecBatteryStatsSnapshot{batteryLevel=70, currentBatteryMode=0, chargingTime=2826000, chargingType=11, batteryHealth=2, automaticTestMode=false, isHiccupState=false}
04-09 23:19:58.061  6284 10889 D SecPowerUI.Notification: 1. restoreScreenTimeOut - saved_value : :
04-09 23:19:58.061  6284 10889 E SecPowerUI.Notification: no saved value, so we do nothing !!
04-09 23:19:58.076  5665  5665 D PhoneWindowManagerExt: ACTION_BATTERY_CHANGED - Level=70, status=2
04-09 23:19:58.079  5665  5665 D SemWifiApBroadcastReceiver: Received : android.intent.action.BATTERY_CHANGED
04-09 23:19:58.080  6213  6213 D SemBigDataInfoController: Intent: android.intent.action.BATTERY_CHANGED
04-09 23:19:58.080  6634  6634 D HeadsetPhoneState: sendDeviceStateChanged. mService=0 mSignal=0 mRoam=0 mBatteryCharge=4
04-09 23:19:58.082  6284  6284 W PowerUI : Plug reason
04-09 23:19:58.082  6284  6284 W PowerUI : Skip charging sound - by plug status
04-09 23:19:58.083  6284  6284 I PowerUI : oldMisalign : false, curMisalign : false
04-09 23:19:58.085  6284  6284 D SecPowerUI.Notification: showChargingNotice oldChargingType : 11 currentChargingType : 11 oldChargingTime : 2826000 mChargingTime : 2815000
04-09 23:19:58.085  6284  6284 D SecPowerUI.Notification: showChargingNotification()
04-09 23:19:58.085  6284  6284 D SecPowerUI.Notification: SecBatteryStatsSnapshot{batteryLevel=70, currentBatteryMode=0, chargingTime=2815000, chargingType=11, batteryHealth=2, automaticTestMode=false, isHiccupState=false}
04-09 23:19:58.086  6284  6284 D PowerUi.ChargingNotification: showChargingNotification()
04-09 23:19:58.099  6284  6284 D PowerUi.ChargingNotification: showChargingNotification()
04-09 23:19:58.115  5665  8054 D ApplicationPolicy: isStatusBarNotificationAllowedAsUser: packageName = com.android.systemui,userId = 0
04-09 23:19:58.115  5665  8054 D ApplicationPolicy: isStatusBarNotificationAllowedAsUser: packageName = com.android.systemui,userId = -1
04-09 23:19:58.115  5665  8054 D ApplicationPolicy: isStatusBarNotificationAllowedAsUser: converting userId from USER_ALLto 0
04-09 23:19:58.117  6284  6284 D PowerUI : Battery swelling mode - priorBatterySwellingMode = 0 mBatterySwellingMode = 0 mBatteryStatus = 2
04-09 23:19:58.117  6284  6284 I PowerUI : mBatteryMiscEvent = 65536
04-09 23:19:58.118  6284  6284 D SamsungBatteryMeterDrawable: onBatteryLevelChanged isSomethingChanged: true
04-09 23:19:58.118  5274  5274 D Zygote  : Forked child process 3856
04-09 23:19:58.123  6284  6284 D SamsungBatteryMeterDrawable: onBatteryLevelChanged isSomethingChanged: true
04-09 23:19:58.136  6284  6284 D SamsungBatteryMeterDrawable: onBatteryLevelChanged isSomethingChanged: true
04-09 23:19:58.138  6284  6284 D SamsungBatteryMeterDrawable: onBatteryLevelChanged isSomethingChanged: true
04-09 23:19:58.142  6284  6284 D KeyguardUpdateMonitor: received broadcast android.intent.action.BATTERY_CHANGED
04-09 23:19:58.143  6284  6284 I AODBatteryManager: updateBatteryData: ACTION_BATTERY_CHANGED
04-09 23:19:58.144  6284  6284 I AODBatteryManager: saveBatteryData : AOD BatteryData [mBatteryLevel=70, mBatteryStatus=CHARGING, mBatteryPlugType=USB, mBatteryPlugged=true, mRemainingChargeTime=2815000, mBatteryChargingType=2, mBatteryChargerType=FAST, mBatteryOnline=NOT_DEFINED, mBatterySwellingMode=NONE, mBatteryProtectMode=false]
04-09 23:19:58.144  6284  6284 I ChargingInfoManager: updateChargingInfo: newState = AOD ChargingInfo [mState=BATTERY_AND_REMAIN_TIME, mIsCharging=true, mIsFullyCharged=false, mIsBatteryProtectMode=false], oldState = AOD ChargingInfo [mState=BATTERY_AND_REMAIN_TIME, mIsCharging=true, mIsFullyCharged=false, mIsBatteryProtectMode=false]
04-09 23:19:58.157  6284  6284 I FaceWidgetPositionAlgorithm: getMediaContainerHeight() height = 0 container Visibility = 8, isValid = false, mIsDozing = false, fraction = 1.0, source = 0, target = 0
04-09 23:19:58.157  6284  6284 I FaceWidgetPositionAlgorithm: getMediaContainerHeight() supplier = 0
04-09 23:19:58.188  3856  3856 I roid.apps.turbo: Using CollectorTypeCC GC.
04-09 23:19:58.202  3856  3856 E roid.apps.turbo: Not starting debugger since process cannot load the jdwp agent.
04-09 23:19:58.207  6284  6284 V QsExpandAnimator: setQsExpansionPosition 0.0
04-09 23:19:58.219  6284  6284 D KeyguardUpdateMonitor: handleBatteryUpdate
04-09 23:19:58.225  6284  6284 D KeyguardSecIndicationController: addIndicationTimeout() returned - unlocking
04-09 23:19:58.226  6284  6284 D KeyguardSecIndicationController: addIndication() returned - unlocking
04-09 23:19:58.226  6284  6284 D KeyguardSecIndicationController: addBatteryAndOwnerInfoIndication() battery status = BatteryStatus{status=2,level=70,plugged=2,health=2,maxChargingWattage=-1,remaining=2815000ultraFastCharger=1}
04-09 23:19:58.227  3856  3856 D ActivityThread: setConscryptValidator
04-09 23:19:58.228  3856  3856 D ActivityThread: setConscryptValidator - put
04-09 23:19:58.229  6284  6373 D MobileStatusTracker(1/2): onDataActivity: direction=2
04-09 23:19:58.244  6284  6373 D MobileSignalController(1/2): notifyListener: enabled=true, connected=true, dataConnected=true, networkType=LTE/LTE_CA (4G+), emergencyOnly=false, roaming=false, isDefault=true, dataActivity=out, level=2, ca=true, mmWave=false, disabledDataIcon=false, simCard=ETC
04-09 23:19:58.256  3856  3856 D CompatibilityChangeReporter: Compat change id reported: 171979766; UID 10224; state: ENABLED
04-09 23:19:58.331  3856  3856 D nativeloader: Configuring classloader-namespace for other apk /system/framework/org.apache.http.legacy.jar. target_sdk_version=33, uses_libraries=ALL, library_path=/data/app/~~1sqecNRyL9_sbRb64R_Tqg==/com.google.android.apps.turbo-1Mu3t8_j4UI5dXaoBirLFw==/lib/arm64:/data/app/~~1sqecNRyL9_sbRb64R_Tqg==/com.google.android.apps.turbo-1Mu3t8_j4UI5dXaoBirLFw==/base.apk!/lib/arm64-v8a, permitted_path=/data:/mnt/expand:/data/user/0/com.google.android.apps.turbo
04-09 23:19:58.332  3856  3856 D nativeloader: Extending system_exposed_libraries: libhumantracking.arcsoft.so:libPortraitDistortionCorrection.arcsoft.so:libPortraitDistortionCorrectionCali.arcsoft.so:libface_landmark.arcsoft.so:libFacialStickerEngine.arcsoft.so:libveengine.arcsoft.so:liblow_light_hdr.arcsoft.so:libhigh_dynamic_range.arcsoft.so:libFacialAttributeDetection.arcsoft.so:libneural.snap.samsung.so:libsnap_aidl.snap.samsung.so:libBestComposition.polarr.so:libTracking.polarr.so:libFeature.polarr.so:libPolarrSnap.polarr.so:libYuv.polarr.so:libhal.wsm.samsung.so:libsce_v1.crypto.samsung.so:libknox_remotedesktopclient.knox.samsung.so:libVDLowLight.visidon.so:libSDKRecognitionText.spensdk.samsung.so:libSFEffect.fonteffect.samsung.so:libheifcapture_jni.media.samsung.so:libjpegsq.media.samsung.so:libslljpeg.media.samsung.so:libsemimagecrop_jni.media.samsung.so:libapex_jni.media.samsung.so:libperfsdk.performance.samsung.so:lib.engmodejni.samsung.so:libSEF.quram.so:libimagecodec.quram.so:libagifencoder.quram.so:libBeauty_v4.camera.samsung.so:libexifa.ca
04-09 23:19:58.334  6837  6837 I Launcher.NotificationListener: onNotificationPosted : com.android.systemui number : 0
04-09 23:19:58.335  6284  6284 D BubblesManager: onRankingUpdate : shouldBubbleUp=false ,pkg=android ,key=-1|android|34|NetworkPolicy:945656281:34|1000
04-09 23:19:58.335  6210  6210 I FreeformContainer: [SmartPopupViewService] onNotificationPosted: StatusBarNotification(pkg=com.android.systemui user=UserHandle{-1} id=2131428959 tag=charging_state key=-1|com.android.systemui|2131428959|charging_state|10054: Notification(channel=CHR shortcut=null contentView=null vibrate=null sound=null defaults=0x0 flags=0xa color=0xff8b94ab category=sys groupKey=CHARGING vis=PUBLIC semFlags=0x0 semPriority=0 semMissedCount=0))
04-09 23:19:58.335  6284  6284 D BubblesManager: onRankingUpdate : shouldBubbleUp=false ,pkg=com.kms.free ,key=0|com.kms.free|42|null|10299
04-09 23:19:58.335  6210  6210 V FreeformContainer: [SmartPopupViewService] isSmartPopupViewTarget: com.android.systemui is not enabled
04-09 23:19:58.335  6284  6284 D BubblesManager: onRankingUpdate : shouldBubbleUp=false ,pkg=com.sec.android.app.shealth ,key=0|com.sec.android.app.shealth|105|null|10256
04-09 23:19:58.335  6284  6284 D BubblesManager: onRankingUpdate : shouldBubbleUp=false ,pkg=com.kms.free ,key=0|com.kms.free|1|null|10299
04-09 23:19:58.335  6284  6284 D BubblesManager: onRankingUpdate : shouldBubbleUp=false ,pkg=mrigapps.andriod.breakfree.deux ,key=0|mrigapps.andriod.breakfree.deux|2|null|10506
04-09 23:19:58.336  6284  6284 D BubblesManager: onRankingUpdate : shouldBubbleUp=false ,pkg=com.android.providers.downloads ,key=0|com.android.providers.downloads|0|3:1244|10068
04-09 23:19:58.336  6284  6284 D BubblesManager: onRankingUpdate : shouldBubbleUp=false ,pkg=android ,key=0|android|38|AccountManagerService:38:-904454848:838749127:10427|1000
04-09 23:19:58.336  6284  6284 D BubblesManager: onRankingUpdate : shouldBubbleUp=false ,pkg=android ,key=-1|android|27|null|1000
04-09 23:19:58.336  6284  6284 D BubblesManager: onRankingUpdate : shouldBubbleUp=false ,pkg=com.android.systemui ,key=-1|com.android.systemui|2131428959|charging_state|10054
04-09 23:19:58.337  6284  6315 D Bubbles : onRankingUpdated : isActiveOrInOverflow= false , mTmpRanking.canBubble()= false ,isActive= false ,shouldBubbleUp= false ,mTmpRanking.isBubble()= false
04-09 23:19:58.337  6284  6315 D Bubbles : onRankingUpdated : isActiveOrInOverflow= false , mTmpRanking.canBubble()= false ,isActive= false ,shouldBubbleUp= false ,mTmpRanking.isBubble()= false
04-09 23:19:58.337  6284  6315 D Bubbles : onRankingUpdated : isActiveOrInOverflow= false , mTmpRanking.canBubble()= false ,isActive= false ,shouldBubbleUp= false ,mTmpRanking.isBubble()= false
04-09 23:19:58.338  6284  6315 D Bubbles : onRankingUpdated : isActiveOrInOverflow= false , mTmpRanking.canBubble()= false ,isActive= false ,shouldBubbleUp= false ,mTmpRanking.isBubble()= false
04-09 23:19:58.338  6284  6315 D Bubbles : onRankingUpdated : isActiveOrInOverflow= false , mTmpRanking.canBubble()= false ,isActive= false ,shouldBubbleUp= false ,mTmpRanking.isBubble()= false
04-09 23:19:58.338  6284  6315 D Bubbles : onRankingUpdated : isActiveOrInOverflow= false , mTmpRanking.canBubble()= false ,isActive= false ,shouldBubbleUp= false ,mTmpRanking.isBubble()= false
04-09 23:19:58.338  6284  6315 D Bubbles : onRankingUpdated : isActiveOrInOverflow= false , mTmpRanking.canBubble()= false ,isActive= false ,shouldBubbleUp= false ,mTmpRanking.isBubble()= false
04-09 23:19:58.338  6284  6315 D Bubbles : onRankingUpdated : isActiveOrInOverflow= false , mTmpRanking.canBubble()= false ,isActive= false ,shouldBubbleUp= false ,mTmpRanking.isBubble()= false
04-09 23:19:58.338  6284  6315 D Bubbles : onRankingUpdated : isActiveOrInOverflow= false , mTmpRanking.canBubble()= false ,isActive= false ,shouldBubbleUp= false ,mTmpRanking.isBubble()= false
04-09 23:19:58.341  9619 10534 I NotificationPipeline: Processing new notification: -1|com.android.systemui|2131428959|charging_state|10054
04-09 23:19:58.341  9619 10534 E Notification4Heart_NB: WatchFactory.getWatch-lastConnectedNodeId is null
04-09 23:19:58.343  9619 10534 W Notification4Heart_NB: NotificationBridgeCallback.onNotificationPosted-never connected before
04-09 23:19:58.364  3856  3856 D nativeloader: Configuring classloader-namespace for other apk /data/app/~~1sqecNRyL9_sbRb64R_Tqg==/com.google.android.apps.turbo-1Mu3t8_j4UI5dXaoBirLFw==/base.apk. target_sdk_version=33, uses_libraries=, library_path=/data/app/~~1sqecNRyL9_sbRb64R_Tqg==/com.google.android.apps.turbo-1Mu3t8_j4UI5dXaoBirLFw==/lib/arm64:/data/app/~~1sqecNRyL9_sbRb64R_Tqg==/com.google.android.apps.turbo-1Mu3t8_j4UI5dXaoBirLFw==/base.apk!/lib/arm64-v8a, permitted_path=/data:/mnt/expand:/data/user/0/com.google.android.apps.turbo
04-09 23:19:58.407  3856  3856 V GraphicsEnvironment: ANGLE Developer option for 'com.google.android.apps.turbo' set to: 'default'
04-09 23:19:58.409  3856  3856 V GraphicsEnvironment: ANGLE GameManagerService for com.google.android.apps.turbo: false
04-09 23:19:58.409  3856  3856 V GraphicsEnvironment: Neither updatable production driver nor prerelease driver is supported.
04-09 23:19:58.419  3856  3856 D NetworkSecurityConfig: No Network Security Config specified, using platform default
04-09 23:19:58.429  3856  3856 D NetworkSecurityConfig: No Network Security Config specified, using platform default
04-09 23:19:58.535  6284  6284 D BubblesManager: onEntryUpdated : shouldBubbleUp=false ,key=-1|com.android.systemui|2131428959|charging_state|10054
04-09 23:19:58.544  3856  3875 D CompatibilityChangeReporter: Compat change id reported: 183155436; UID 10224; state: ENABLED
04-09 23:19:58.567  6284  6284 I FaceWidgetPositionAlgorithm: getMediaContainerHeight() height = 0 container Visibility = 8, isValid = false, mIsDozing = false, fraction = 1.0, source = 0, target = 0
04-09 23:19:58.568  6284  6284 I FaceWidgetPositionAlgorithm: getMediaContainerHeight() supplier = 0
04-09 23:19:58.602  6284  6284 I FaceWidgetPositionAlgorithm: getMediaContainerHeight() height = 0 container Visibility = 8, isValid = false, mIsDozing = false, fraction = 1.0, source = 0, target = 0
04-09 23:19:58.603  6284  6284 I FaceWidgetPositionAlgorithm: getMediaContainerHeight() supplier = 0
04-09 23:19:58.638  6284  6284 I FaceWidgetPositionAlgorithm: getMediaContainerHeight() height = 0 container Visibility = 8, isValid = false, mIsDozing = false, fraction = 1.0, source = 0, target = 0
04-09 23:19:58.638  6284  6284 I FaceWidgetPositionAlgorithm: getMediaContainerHeight() supplier = 0
04-09 23:19:58.657  5665  5739 I libprocessgroup: Successfully killed process cgroup uid 10150 pid 2756 in 0ms
04-09 23:19:58.690  5274  5274 I Zygote  : Process 2756 exited due to signal 9 (Killed)
04-09 23:19:59.063  5249  5249 E audit   : type=1400 audit(1681075199.046:974): avc:  denied  { getattr } for  pid=5665 comm="BinderProcsColl" path="/sys/kernel/debug/binder/proc/5665" dev="debugfs" ino=28451 scontext=u:r:system_server:s0 tcontext=u:object_r:sec_debugfs:s0 tclass=file permissive=0 SEPF_SM-A515F_13_0001 audit_filtered
04-09 23:19:59.063  5249  5249 E audit   : type=1300 audit(1681075199.046:974): arch=c00000b7 syscall=79 success=no exit=-13 a0=ffffff9c a1=722e51a6b0 a2=721ce91680 a3=0 items=0 ppid=5274 pid=5665 auid=4294967295 uid=1000 gid=1000 euid=1000 suid=1000 fsuid=1000 egid=1000 sgid=1000 fsgid=1000 tty=(none) ses=4294967295 comm="BinderProcsColl" exe="/system/bin/app_process64" subj=u:r:system_server:s0 key=(null)
04-09 23:19:59.063  5249  5249 E audit   : type=1327 audit(1681075199.046:974): proctitle="system_server"
04-09 23:19:59.258  6284  6373 D MobileStatusTracker(1/2): onDataActivity: direction=3
04-09 23:19:59.263  6284  6373 D MobileSignalController(1/2): notifyListener: enabled=true, connected=true, dataConnected=true, networkType=LTE/LTE_CA (4G+), emergencyOnly=false, roaming=false, isDefault=true, dataActivity=inout, level=2, ca=true, mmWave=false, disabledDataIcon=false, simCard=ETC
04-09 23:20:00.012  6284  6284 D KeyguardUpdateMonitor: received broadcast android.intent.action.TIME_TICK
04-09 23:20:00.013  6284  6284 D KeyguardUpdateMonitor: handleTimeUpdate
04-09 23:20:00.016  6284  6284 D FaceWidgetPagesController: onTimeChanged()
04-09 23:20:00.021  6284  6927 D QSClockBellTower: onReceive(android.intent.action.TIME_TICK) mTimeZoneString:null
04-09 23:20:00.030  6284  6284 D QSClockBellTower: He is ready to ring the bell. (((QSClockBellSound - TimeText:23:20, TimeContentDescription:23:20, DateText:Sun, 9 April, ShortDateText:Sun, 9 Apr, Demo:false, QuickStar-Second(false|12:34:56))))
04-09 23:20:00.037  6284  6284 D QSClockIndicatorView: Home Indicator status_bar_clock 23:20 notifyTimeChanged(QSClockBellSound - TimeText:23:20, TimeContentDescription:23:20, DateText:Sun, 9 April, ShortDateText:Sun, 9 Apr, Demo:false, QuickStar-Second(false|12:34:56)) ClockVisibleByPolicy:true, ClockVisibleByUser:true, visible?false, parent:android.widget.LinearLayout{130cee5 V.E...... ........ 0,0-0,55 #7f0b04e9 app:id/left_clock_container}
04-09 23:20:00.038  6284  6284 D QSClockBellTower: Everyone heard the bell. run(currentTime:1681075200025,   getTime():Sun Apr 09 23:20:00 GMT+02:00 2023,   getTimeZone():libcore.util.ZoneInfo[mDstSavings=3600000,mUseDst=true,mDelegate=[id="Europe/Belgrade",mRawOffset=3600000,mEarliestRawOffset=4920000,transitions=119]])
04-09 23:20:00.052  6284  6284 I FaceWidgetPositionAlgorithm: getMediaContainerHeight() height = 0 container Visibility = 8, isValid = false, mIsDozing = false, fraction = 1.0, source = 0, target = 0
04-09 23:20:00.053  6284  6284 I FaceWidgetPositionAlgorithm: getMediaContainerHeight() supplier = 0
04-09 23:20:00.056  6284  6284 V QsExpandAnimator: setQsExpansionPosition 0.0
04-09 23:20:00.067  6284  6284 V QsExpandAnimator: updateAnimators
04-09 23:20:00.067  6284  6284 V QsExpandAnimator: clearAnimationState
04-09 23:20:00.068  6284  6284 V QsExpandAnimator: updateViews
04-09 23:20:00.072  6284  6284 V QsExpandAnimator: updateTileAnimator
04-09 23:20:00.075  6284  6284 V QsExpandAnimator: updateHeaderAnimator
04-09 23:20:00.076  6284  6284 V QsExpandAnimator: updateBarAnimator
04-09 23:20:00.076  6284  6284 V QsExpandAnimator: setQsExpansionPosition 0.0
04-09 23:20:00.077  6284  6284 V QsExpandAnimator: onAnimationAtStart
04-09 23:20:00.281  6284  6373 D MobileStatusTracker(1/2): onDataActivity: direction=1
04-09 23:20:00.287  6284  6373 D MobileSignalController(1/2): notifyListener: enabled=true, connected=true, dataConnected=true, networkType=LTE/LTE_CA (4G+), emergencyOnly=false, roaming=false, isDefault=true, dataActivity=in, level=2, ca=true, mmWave=false, disabledDataIcon=false, simCard=ETC
04-09 23:20:01.316  6284  6373 D MobileStatusTracker(1/2): onDataActivity: direction=0
04-09 23:20:01.320  6284  6373 D MobileSignalController(1/2): notifyListener: enabled=true, connected=true, dataConnected=true, networkType=LTE/LTE_CA (4G+), emergencyOnly=false, roaming=false, isDefault=true, dataActivity=, level=2, ca=true, mmWave=false, disabledDataIcon=false, simCard=ETC
04-09 23:20:02.344  6284  6373 D MobileStatusTracker(1/2): onDataActivity: direction=3
04-09 23:20:02.348  6284  6373 D MobileSignalController(1/2): notifyListener: enabled=true, connected=true, dataConnected=true, networkType=LTE/LTE_CA (4G+), emergencyOnly=false, roaming=false, isDefault=true, dataActivity=inout, level=2, ca=true, mmWave=false, disabledDataIcon=false, simCard=ETC
04-09 23:20:02.751  7973  7973 D BoundBrokerSvc: onUnbind: Intent { act=com.google.android.gms.measurement.START pkg=com.google.android.gms }
04-09 23:20:03.123  6284  6284 D SecPowerUI.Notification: showChargingNotice oldChargingType : 11 currentChargingType : 11 oldChargingTime : 2815000 mChargingTime : 2815000
04-09 23:20:03.124  6284  6284 D SecPowerUI.Notification: There is no change about charging status, so return!
04-09 23:20:03.381  6284  6373 D MobileStatusTracker(1/2): onDataActivity: direction=0
04-09 23:20:03.397  6284  6373 D MobileSignalController(1/2): notifyListener: enabled=true, connected=true, dataConnected=true, networkType=LTE/LTE_CA (4G+), emergencyOnly=false, roaming=false, isDefault=true, dataActivity=, level=2, ca=true, mmWave=false, disabledDataIcon=false, simCard=ETC
04-09 23:20:04.411  6284  6373 D MobileStatusTracker(1/2): onDataActivity: direction=3
04-09 23:20:04.415  6284  6373 D MobileSignalController(1/2): notifyListener: enabled=true, connected=true, dataConnected=true, networkType=LTE/LTE_CA (4G+), emergencyOnly=false, roaming=false, isDefault=true, dataActivity=inout, level=2, ca=true, mmWave=false, disabledDataIcon=false, simCard=ETC
04-09 23:20:04.689   600  3925 D TrafficStats: tagSocket(122) with statsTag=0xffffffff, statsUid=-1
04-09 23:20:04.691   600  3925 D TrafficStats: tagSocket(122) with statsTag=0xffffffff, statsUid=-1
04-09 23:20:05.038   600   768 I AppMetrica-Attribution: Choosing distribution data: ClidsInfo(chosen=Candidate(clids={clid24=2305182, clid1=2207450, clid1010=2295103, clid2023=2395783, clid1003=2207452, clid1004=2207453, clid1002=2207451}, source=APP), candidates=[Candidate(clids={clid24=2305182, clid1=2207450, clid1010=2295103, clid2023=2395783, clid1003=2207452, clid1004=2207453, clid1002=2207451}, source=APP)])
04-09 23:20:05.100   600   653 D TrafficStats: tagSocket(6) with statsTag=0xffffffff, statsUid=-1
04-09 23:20:05.099  5665  6152 D NetdEventListenerService: DNS Requested by : 100, 10222
04-09 23:20:05.263   600   615 W System  : A resource failed to call close.
04-09 23:20:05.264   600   615 W System  : A resource failed to call close.
04-09 23:20:05.410   600  3934 D TrafficStats: tagSocket(121) with statsTag=0xffffffff, statsUid=-1
04-09 23:20:05.477   600  3934 D TrafficStats: tagSocket(123) with statsTag=0xffffffff, statsUid=-1
04-09 23:20:05.612  7973  7973 D BoundBrokerSvc: onUnbind: Intent { act=com.google.android.gms.appset.service.START dat=chimera-action:/... cmp=com.google.android.gms/.chimera.GmsApiService }
04-09 23:20:06.212  7623   323 D ConnectivityManager: StackLog: [android.net.ConnectivityManager.reportNetworkConnectivity(ConnectivityManager.java:3390)] [anpu.i(:com.google.android.gms@231115044@23.11.15 (190400-520109968):0)] [anpi.run(:com.google.android.gms@231115044@23.11.15 (190400-520109968):57)] [anqi.run(:com.google.android.gms@231115044@23.11.15 (190400-520109968):2)] [dapd.run(:com.google.android.gms@231115044@23.11.15 (190400-520109968):2)] [abbj.c(:com.google.android.gms@231115044@23.11.15 (190400-520109968):6)] [abbj.run(:com.google.android.gms@231115044@23.11.15 (190400-520109968):7)] [java.util.concurrent.ThreadPoolExecutor.runWorker(ThreadPoolExecutor.java:1137)] [java.util.concurrent.ThreadPoolExecutor$Worker.run(ThreadPoolExecutor.java:637)] [abgp.run(:com.google.android.gms@231115044@23.11.15 (190400-520109968):0)] [java.lang.Thread.run(Thread.java:1012)]
04-09 23:20:06.216  7623   323 I AlarmManager: setExactAndAllowWhileIdle [name: GCM_HB_ALARM type: 2 triggerAtMillis: 3944758]
04-09 23:20:06.227  7623   323 E GmsTaskScheduler: sendWakeUpEvent called on SchedulerClientBroadcastStrategy
04-09 23:20:06.236  7623  3809 I AlarmManager: setExactAndAllowWhileIdle [name: FcmRetry type: 2 triggerAtMillis: 3224775]
04-09 23:20:06.251  5665  5741 W libprocessgroup: Failed to open /dev/blkio//cgroup.procs: No such file or directory
04-09 23:20:06.255  5665  5741 W libprocessgroup: Failed to open /dev/blkio//cgroup.procs: No such file or directory
04-09 23:20:06.307  5665  5741 W libprocessgroup: Failed to open /dev/blkio//cgroup.procs: No such file or directory
04-09 23:20:06.337  5665  5741 W libprocessgroup: Failed to open /dev/blkio//cgroup.procs: No such file or directory
04-09 23:20:06.353  2629  2629 I BadgeCountReceiver: badge intent : Intent { act=android.intent.action.BADGE_COUNT_UPDATE flg=0x1000010 cmp=com.sec.android.provider.badge/.BadgeCountReceiver (has extras) }
04-09 23:20:06.354  2629  2629 I BadgeCountReceiver: packageName: com.vkontakte.android, className: com.vk.android.launcher.icons.IconAlias.DefaultIcon, count: 1
04-09 23:20:06.363  6837  6837 I BadgeCountUpdaterImpl: onChange
04-09 23:20:06.369  6837  6837 I BadgeCountUpdaterImpl: onChange
04-09 23:20:06.371  2629  2629 I BadgeProvider: sendNotify entered. [uri] : content://com.sec.badge/apps
04-09 23:20:06.371  2629  2629 I BadgeProvider: sendNotify, [notify] : null
04-09 23:20:06.372  2629  2629 I BadgeProvider: update, getCallingPackage() : com.sec.android.provider.badge
04-09 23:20:06.372  2629  2629 I BadgeProvider: update, [uri] : content://com.sec.badge/apps
04-09 23:20:06.372  2629  2629 I BadgeProvider: update, [uri.query] : null
04-09 23:20:06.372  2629  2629 I BadgeProvider: update, [BadgeCount] : badgecount=1
04-09 23:20:06.372  2629  2629 I BadgeProvider: update, [UpdateCount] : 1
04-09 23:20:06.572  6837  7268 I BadgeCountUpdaterImpl: reload badge without refresh
04-09 23:20:06.579  5665  5741 W libprocessgroup: Failed to open /dev/blkio//cgroup.procs: No such file or directory
04-09 23:20:06.588  2629  2663 I BadgeProvider: query, [selection] : null
04-09 23:20:06.593  6837  7268 I BadgeCache: update cache : com.vkontakte.android user : UserHandle{0}  count : 7
04-09 23:20:06.593  6837  7268 I BadgeCache: add to cache : com.vk.imuser : UserHandle{0}  count : 1
04-09 23:20:06.594  6837  7268 I BadgeCache: update cache : com.vkontakte.android user : UserHandle{0}  count : 0
04-09 23:20:06.594  6837  7268 I BadgeCache: add to cache : com.vkontakte.androiduser : UserHandle{0}  count : 1
04-09 23:20:06.594  6837  7268 I BadgeCache: add to cache : org.telegram.messengeruser : UserHandle{0}  count : 1
04-09 23:20:06.594  6837  7268 I BadgeCache: update cache : org.telegram.messenger user : UserHandle{0}  count : 0
04-09 23:20:06.595  6837  7268 I BadgeCache: update cache : com.vk.im user : UserHandle{0}  count : 0
04-09 23:20:06.599  6837  7268 I BadgeCache: reloadBadge size : 3
04-09 23:20:08.079  5312  5312 E sehhealth-service: Could not open /sys/class/power_supply/battery/lrp
04-09 23:20:08.080  5665  5861 D MotionRecognitionService: [SAR]  onReceive : ACTION_BATTERY_CHANGED, Plugged: 2
04-09 23:20:08.081  5665  5665 D PhoneWindowManagerExt: ACTION_BATTERY_CHANGED - Level=70, status=2
04-09 23:20:08.087  5665  5665 D SemWifiApBroadcastReceiver: Received : android.intent.action.BATTERY_CHANGED
04-09 23:20:08.089  6213  6213 D SemBigDataInfoController: Intent: android.intent.action.BATTERY_CHANGED
04-09 23:20:08.091  6213  6213 D SemBigDataInfoController: Intent: android.intent.action.BATTERY_CHANGED
04-09 23:20:08.092  6284  6284 I PowerUI : mBootCompleted = true |  mFullyConnected = true
04-09 23:20:08.093  6284  6284 W PowerUI : Plug reason
04-09 23:20:08.093  6284  6284 W PowerUI : Skip charging animation - by plug status
04-09 23:20:08.093  6284  6284 D PowerUI : priorPlugType = 2 mPlugType = 2 priorBatteryStatus = 2 mBatteryStatus = 2
04-09 23:20:08.093  6284  6284 W PowerUI : Plug reason
04-09 23:20:08.093  6284  6284 W PowerUI : Skip charging sound - by plug status
04-09 23:20:08.093  6284  6284 I PowerUI : oldMisalign : false, curMisalign : false
04-09 23:20:08.095  6284 11242 D SecPowerUI.Notification: dismissing low battery warning: level=70
04-09 23:20:08.095  6284 11242 D SecPowerUI.Notification: updateNotification mWarning=false mPlaySound=false
04-09 23:20:08.095  6284 11242 D SecPowerUI.Notification: SecBatteryStatsSnapshot{batteryLevel=70, currentBatteryMode=0, chargingTime=2815000, chargingType=11, batteryHealth=2, automaticTestMode=false, isHiccupState=false}
04-09 23:20:08.104  6284 11242 D SecPowerUI.Notification: 1. restoreScreenTimeOut - saved_value : :
04-09 23:20:08.104  6284 11242 E SecPowerUI.Notification: no saved value, so we do nothing !!
04-09 23:20:08.116  6284  6284 D SecPowerUI.Notification: showChargingNotice oldChargingType : 11 currentChargingType : 11 oldChargingTime : 2815000 mChargingTime : 2812000
04-09 23:20:08.116  6284  6284 D SecPowerUI.Notification: showChargingNotification()
04-09 23:20:08.116  6284  6284 D SecPowerUI.Notification: SecBatteryStatsSnapshot{batteryLevel=70, currentBatteryMode=0, chargingTime=2812000, chargingType=11, batteryHealth=2, automaticTestMode=false, isHiccupState=false}
04-09 23:20:08.117  6284  6284 D PowerUi.ChargingNotification: showChargingNotification()
04-09 23:20:08.121  6284  6284 D PowerUi.ChargingNotification: showChargingNotification()
04-09 23:20:08.126  5665  9338 D ApplicationPolicy: isStatusBarNotificationAllowedAsUser: packageName = com.android.systemui,userId = 0
04-09 23:20:08.127  5665  9338 D ApplicationPolicy: isStatusBarNotificationAllowedAsUser: packageName = com.android.systemui,userId = -1
04-09 23:20:08.127  5665  9338 D ApplicationPolicy: isStatusBarNotificationAllowedAsUser: converting userId from USER_ALLto 0
04-09 23:20:08.134  6284  6284 D PowerUI : Battery swelling mode - priorBatterySwellingMode = 0 mBatterySwellingMode = 0 mBatteryStatus = 2
04-09 23:20:08.134  6284  6284 I PowerUI : mBatteryMiscEvent = 65536
04-09 23:20:08.134  6284  6284 D SamsungBatteryMeterDrawable: onBatteryLevelChanged isSomethingChanged: false
04-09 23:20:08.135  6284  6284 D SamsungBatteryMeterDrawable: onBatteryLevelChanged isSomethingChanged: false
04-09 23:20:08.136  6284  6284 D SamsungBatteryMeterDrawable: onBatteryLevelChanged isSomethingChanged: false
04-09 23:20:08.137  6284  6284 D SamsungBatteryMeterDrawable: onBatteryLevelChanged isSomethingChanged: false
04-09 23:20:08.138  6284  6284 D KeyguardUpdateMonitor: received broadcast android.intent.action.BATTERY_CHANGED
04-09 23:20:08.139  6284  6284 I AODBatteryManager: updateBatteryData: ACTION_BATTERY_CHANGED
04-09 23:20:08.141  6284  6284 I AODBatteryManager: saveBatteryData : AOD BatteryData [mBatteryLevel=70, mBatteryStatus=CHARGING, mBatteryPlugType=USB, mBatteryPlugged=true, mRemainingChargeTime=2812000, mBatteryChargingType=2, mBatteryChargerType=FAST, mBatteryOnline=NOT_DEFINED, mBatterySwellingMode=NONE, mBatteryProtectMode=false]
04-09 23:20:08.141  6284  6284 I ChargingInfoManager: updateChargingInfo: newState = AOD ChargingInfo [mState=BATTERY_AND_REMAIN_TIME, mIsCharging=true, mIsFullyCharged=false, mIsBatteryProtectMode=false], oldState = AOD ChargingInfo [mState=BATTERY_AND_REMAIN_TIME, mIsCharging=true, mIsFullyCharged=false, mIsBatteryProtectMode=false]
04-09 23:20:08.141  6284  6284 D KeyguardUpdateMonitor: handleBatteryUpdate
04-09 23:20:08.148  6284  6284 D KeyguardSecIndicationController: addIndicationTimeout() returned - unlocking
04-09 23:20:08.148  6284  6284 D KeyguardSecIndicationController: addIndication() returned - unlocking
04-09 23:20:08.148  6284  6284 D KeyguardSecIndicationController: addBatteryAndOwnerInfoIndication() battery status = BatteryStatus{status=2,level=70,plugged=2,health=2,maxChargingWattage=-1,remaining=2812000ultraFastCharger=1}
04-09 23:20:08.355  6284  6284 D BubblesManager: onRankingUpdate : shouldBubbleUp=false ,pkg=android ,key=-1|android|34|NetworkPolicy:945656281:34|1000
04-09 23:20:08.356  6284  6284 D BubblesManager: onRankingUpdate : shouldBubbleUp=false ,pkg=com.kms.free ,key=0|com.kms.free|42|null|10299
04-09 23:20:08.356  6284  6284 D BubblesManager: onRankingUpdate : shouldBubbleUp=false ,pkg=com.sec.android.app.shealth ,key=0|com.sec.android.app.shealth|105|null|10256
04-09 23:20:08.356  6284  6284 D BubblesManager: onRankingUpdate : shouldBubbleUp=false ,pkg=com.kms.free ,key=0|com.kms.free|1|null|10299
04-09 23:20:08.356  6284  6284 D BubblesManager: onRankingUpdate : shouldBubbleUp=false ,pkg=mrigapps.andriod.breakfree.deux ,key=0|mrigapps.andriod.breakfree.deux|2|null|10506
04-09 23:20:08.356  6284  6284 D BubblesManager: onRankingUpdate : shouldBubbleUp=false ,pkg=com.android.providers.downloads ,key=0|com.android.providers.downloads|0|3:1244|10068
04-09 23:20:08.357  6284  6284 D BubblesManager: onRankingUpdate : shouldBubbleUp=false ,pkg=android ,key=0|android|38|AccountManagerService:38:-904454848:838749127:10427|1000
04-09 23:20:08.357  6284  6284 D BubblesManager: onRankingUpdate : shouldBubbleUp=false ,pkg=android ,key=-1|android|27|null|1000
04-09 23:20:08.357  6284  6284 D BubblesManager: onRankingUpdate : shouldBubbleUp=false ,pkg=com.android.systemui ,key=-1|com.android.systemui|2131428959|charging_state|10054
04-09 23:20:08.358  6837  6837 I Launcher.NotificationListener: onNotificationPosted : com.android.systemui number : 0
04-09 23:20:08.358  6284  6315 D Bubbles : onRankingUpdated : isActiveOrInOverflow= false , mTmpRanking.canBubble()= false ,isActive= false ,shouldBubbleUp= false ,mTmpRanking.isBubble()= false
04-09 23:20:08.358  6284  6315 D Bubbles : onRankingUpdated : isActiveOrInOverflow= false , mTmpRanking.canBubble()= false ,isActive= false ,shouldBubbleUp= false ,mTmpRanking.isBubble()= false
04-09 23:20:08.358  6284  6315 D Bubbles : onRankingUpdated : isActiveOrInOverflow= false , mTmpRanking.canBubble()= false ,isActive= false ,shouldBubbleUp= false ,mTmpRanking.isBubble()= false
04-09 23:20:08.358  6284  6315 D Bubbles : onRankingUpdated : isActiveOrInOverflow= false , mTmpRanking.canBubble()= false ,isActive= false ,shouldBubbleUp= false ,mTmpRanking.isBubble()= false
04-09 23:20:08.358  6284  6315 D Bubbles : onRankingUpdated : isActiveOrInOverflow= false , mTmpRanking.canBubble()= false ,isActive= false ,shouldBubbleUp= false ,mTmpRanking.isBubble()= false
04-09 23:20:08.358  6284  6315 D Bubbles : onRankingUpdated : isActiveOrInOverflow= false , mTmpRanking.canBubble()= false ,isActive= false ,shouldBubbleUp= false ,mTmpRanking.isBubble()= false
04-09 23:20:08.358  6284  6315 D Bubbles : onRankingUpdated : isActiveOrInOverflow= false , mTmpRanking.canBubble()= false ,isActive= false ,shouldBubbleUp= false ,mTmpRanking.isBubble()= false
04-09 23:20:08.359  6284  6315 D Bubbles : onRankingUpdated : isActiveOrInOverflow= false , mTmpRanking.canBubble()= false ,isActive= false ,shouldBubbleUp= false ,mTmpRanking.isBubble()= false
04-09 23:20:08.359  6284  6315 D Bubbles : onRankingUpdated : isActiveOrInOverflow= false , mTmpRanking.canBubble()= false ,isActive= false ,shouldBubbleUp= false ,mTmpRanking.isBubble()= false
04-09 23:20:08.361  9619 10534 I NotificationPipeline: Processing new notification: -1|com.android.systemui|2131428959|charging_state|10054
04-09 23:20:08.362  9619 10534 E Notification4Heart_NB: WatchFactory.getWatch-lastConnectedNodeId is null
04-09 23:20:08.363  9619 10534 W Notification4Heart_NB: NotificationBridgeCallback.onNotificationPosted-never connected before
04-09 23:20:08.366  6210  6210 I FreeformContainer: [SmartPopupViewService] onNotificationPosted: StatusBarNotification(pkg=com.android.systemui user=UserHandle{-1} id=2131428959 tag=charging_state key=-1|com.android.systemui|2131428959|charging_state|10054: Notification(channel=CHR shortcut=null contentView=null vibrate=null sound=null defaults=0x0 flags=0xa color=0xff8b94ab category=sys groupKey=CHARGING vis=PUBLIC semFlags=0x0 semPriority=0 semMissedCount=0))
04-09 23:20:08.366  6210  6210 V FreeformContainer: [SmartPopupViewService] isSmartPopupViewTarget: com.android.systemui is not enabled
04-09 23:20:08.524  6284  6373 D MobileStatusTracker(1/2): onDataActivity: direction=0
04-09 23:20:08.528  6284  6373 D MobileSignalController(1/2): notifyListener: enabled=true, connected=true, dataConnected=true, networkType=LTE/LTE_CA (4G+), emergencyOnly=false, roaming=false, isDefault=true, dataActivity=, level=2, ca=true, mmWave=false, disabledDataIcon=false, simCard=ETC
04-09 23:20:08.555  6284  6284 D BubblesManager: onEntryUpdated : shouldBubbleUp=false ,key=-1|com.android.systemui|2131428959|charging_state|10054
04-09 23:20:08.611  6284  6284 I FaceWidgetPositionAlgorithm: getMediaContainerHeight() height = 0 container Visibility = 8, isValid = false, mIsDozing = false, fraction = 1.0, source = 0, target = 0
04-09 23:20:08.611  6284  6284 I FaceWidgetPositionAlgorithm: getMediaContainerHeight() supplier = 0
04-09 23:20:08.685  6284  6284 I FaceWidgetPositionAlgorithm: getMediaContainerHeight() height = 0 container Visibility = 8, isValid = false, mIsDozing = false, fraction = 1.0, source = 0, target = 0
04-09 23:20:08.685  6284  6284 I FaceWidgetPositionAlgorithm: getMediaContainerHeight() supplier = 0
04-09 23:20:08.741  6284  6284 I FaceWidgetPositionAlgorithm: getMediaContainerHeight() height = 0 container Visibility = 8, isValid = false, mIsDozing = false, fraction = 1.0, source = 0, target = 0
04-09 23:20:08.741  6284  6284 I FaceWidgetPositionAlgorithm: getMediaContainerHeight() supplier = 0
04-09 23:20:09.732 16528 16543 W android.mdx.kit: Reducing the number of considered missed Gc histogram windows from 281 to 100
04-09 23:20:12.194  5329  5329 I SurfaceFlinger: SFWD update time=3110736491081
04-09 23:20:13.141  6284  6284 D SecPowerUI.Notification: showChargingNotice oldChargingType : 11 currentChargingType : 11 oldChargingTime : 2812000 mChargingTime : 2812000
04-09 23:20:13.141  6284  6284 D SecPowerUI.Notification: There is no change about charging status, so return!
04-09 23:20:13.624   600   768 I AppMetrica-Attribution: Choosing distribution data: ClidsInfo(chosen=Candidate(clids={clid24=2305182, clid1=2207450, clid1010=2295103, clid2023=2395783, clid1003=2207452, clid1004=2207453, clid1002=2207451}, source=APP), candidates=[Candidate(clids={clid24=2305182, clid1=2207450, clid1010=2295103, clid2023=2395783, clid1003=2207452, clid1004=2207453, clid1002=2207451}, source=APP)])
04-09 23:20:14.707  6284  6373 D MobileStatusTracker(1/2): onDataActivity: direction=3
04-09 23:20:14.710  6284  6373 D MobileSignalController(1/2): notifyListener: enabled=true, connected=true, dataConnected=true, networkType=LTE/LTE_CA (4G+), emergencyOnly=false, roaming=false, isDefault=true, dataActivity=inout, level=2, ca=true, mmWave=false, disabledDataIcon=false, simCard=ETC
04-09 23:20:15.745  6284  6373 D MobileStatusTracker(1/2): onDataActivity: direction=0
04-09 23:20:15.750  6284  6373 D MobileSignalController(1/2): notifyListener: enabled=true, connected=true, dataConnected=true, networkType=LTE/LTE_CA (4G+), emergencyOnly=false, roaming=false, isDefault=true, dataActivity=, level=2, ca=true, mmWave=false, disabledDataIcon=false, simCard=ETC
04-09 23:20:18.103  5312  5312 E sehhealth-service: Could not open /sys/class/power_supply/battery/lrp
04-09 23:20:18.107  5665  5861 D MotionRecognitionService: [SAR]  onReceive : ACTION_BATTERY_CHANGED, Plugged: 2
04-09 23:20:18.108  5665  5665 D PhoneWindowManagerExt: ACTION_BATTERY_CHANGED - Level=70, status=2
04-09 23:20:18.117  5665  5665 D SemWifiApBroadcastReceiver: Received : android.intent.action.BATTERY_CHANGED
04-09 23:20:18.119  6213  6213 D SemBigDataInfoController: Intent: android.intent.action.BATTERY_CHANGED
04-09 23:20:18.121  6213  6213 D SemBigDataInfoController: Intent: android.intent.action.BATTERY_CHANGED
04-09 23:20:18.122  6284  6284 I PowerUI : mBootCompleted = true |  mFullyConnected = true
04-09 23:20:18.123  6284  6284 W PowerUI : Plug reason
04-09 23:20:18.123  6284  6284 W PowerUI : Skip charging animation - by plug status
04-09 23:20:18.123  6284  6284 D PowerUI : priorPlugType = 2 mPlugType = 2 priorBatteryStatus = 2 mBatteryStatus = 2
04-09 23:20:18.123  6284  6284 W PowerUI : Plug reason
04-09 23:20:18.123  6284  6284 W PowerUI : Skip charging sound - by plug status
04-09 23:20:18.124  6284  6284 I PowerUI : oldMisalign : false, curMisalign : false
04-09 23:20:18.124  6284 11507 D SecPowerUI.Notification: dismissing low battery warning: level=70
04-09 23:20:18.124  6284 11507 D SecPowerUI.Notification: updateNotification mWarning=false mPlaySound=false
04-09 23:20:18.125  6284 11507 D SecPowerUI.Notification: SecBatteryStatsSnapshot{batteryLevel=70, currentBatteryMode=0, chargingTime=2812000, chargingType=11, batteryHealth=2, automaticTestMode=false, isHiccupState=false}
04-09 23:20:18.126  6284  6284 D SecPowerUI.Notification: showChargingNotice oldChargingType : 11 currentChargingType : 11 oldChargingTime : 2812000 mChargingTime : 2804000
04-09 23:20:18.126  6284  6284 D SecPowerUI.Notification: showChargingNotification()
04-09 23:20:18.126  6284 11507 D SecPowerUI.Notification: 1. restoreScreenTimeOut - saved_value : :
04-09 23:20:18.126  6284  6284 D SecPowerUI.Notification: SecBatteryStatsSnapshot{batteryLevel=70, currentBatteryMode=0, chargingTime=2804000, chargingType=11, batteryHealth=2, automaticTestMode=false, isHiccupState=false}
04-09 23:20:18.126  6284 11507 E SecPowerUI.Notification: no saved value, so we do nothing !!
04-09 23:20:18.127  6284  6284 D PowerUi.ChargingNotification: showChargingNotification()
04-09 23:20:18.131  6284  6284 D PowerUi.ChargingNotification: showChargingNotification()
04-09 23:20:18.148  5665  8749 D ApplicationPolicy: isStatusBarNotificationAllowedAsUser: packageName = com.android.systemui,userId = 0
04-09 23:20:18.148  5665  8749 D ApplicationPolicy: isStatusBarNotificationAllowedAsUser: packageName = com.android.systemui,userId = -1
04-09 23:20:18.148  5665  8749 D ApplicationPolicy: isStatusBarNotificationAllowedAsUser: converting userId from USER_ALLto 0
04-09 23:20:18.153  6284  6284 D PowerUI : Battery swelling mode - priorBatterySwellingMode = 0 mBatterySwellingMode = 0 mBatteryStatus = 2
04-09 23:20:18.153  6284  6284 I PowerUI : mBatteryMiscEvent = 65536
04-09 23:20:18.154  6284  6284 D SamsungBatteryMeterDrawable: onBatteryLevelChanged isSomethingChanged: false
04-09 23:20:18.155  6284  6284 D SamsungBatteryMeterDrawable: onBatteryLevelChanged isSomethingChanged: false
04-09 23:20:18.156  6284  6284 D SamsungBatteryMeterDrawable: onBatteryLevelChanged isSomethingChanged: false
04-09 23:20:18.156  6284  6284 D SamsungBatteryMeterDrawable: onBatteryLevelChanged isSomethingChanged: false
04-09 23:20:18.157  6284  6284 D KeyguardUpdateMonitor: received broadcast android.intent.action.BATTERY_CHANGED
04-09 23:20:18.158  6284  6284 I AODBatteryManager: updateBatteryData: ACTION_BATTERY_CHANGED
04-09 23:20:18.160  6284  6284 I AODBatteryManager: saveBatteryData : AOD BatteryData [mBatteryLevel=70, mBatteryStatus=CHARGING, mBatteryPlugType=USB, mBatteryPlugged=true, mRemainingChargeTime=2804000, mBatteryChargingType=2, mBatteryChargerType=FAST, mBatteryOnline=NOT_DEFINED, mBatterySwellingMode=NONE, mBatteryProtectMode=false]
04-09 23:20:18.161  6284  6284 I ChargingInfoManager: updateChargingInfo: newState = AOD ChargingInfo [mState=BATTERY_AND_REMAIN_TIME, mIsCharging=true, mIsFullyCharged=false, mIsBatteryProtectMode=false], oldState = AOD ChargingInfo [mState=BATTERY_AND_REMAIN_TIME, mIsCharging=true, mIsFullyCharged=false, mIsBatteryProtectMode=false]
04-09 23:20:18.161  6284  6284 D KeyguardUpdateMonitor: handleBatteryUpdate
04-09 23:20:18.168  6284  6284 D KeyguardSecIndicationController: addIndicationTimeout() returned - unlocking
04-09 23:20:18.168  6284  6284 D KeyguardSecIndicationController: addIndication() returned - unlocking
04-09 23:20:18.169  6284  6284 D KeyguardSecIndicationController: addBatteryAndOwnerInfoIndication() battery status = BatteryStatus{status=2,level=70,plugged=2,health=2,maxChargingWattage=-1,remaining=2804000ultraFastCharger=1}
04-09 23:20:18.371  6210  6210 I FreeformContainer: [SmartPopupViewService] onNotificationPosted: StatusBarNotification(pkg=com.android.systemui user=UserHandle{-1} id=2131428959 tag=charging_state key=-1|com.android.systemui|2131428959|charging_state|10054: Notification(channel=CHR shortcut=null contentView=null vibrate=null sound=null defaults=0x0 flags=0xa color=0xff8b94ab category=sys groupKey=CHARGING vis=PUBLIC semFlags=0x0 semPriority=0 semMissedCount=0))
04-09 23:20:18.371  6284  6284 D BubblesManager: onRankingUpdate : shouldBubbleUp=false ,pkg=android ,key=-1|android|34|NetworkPolicy:945656281:34|1000
04-09 23:20:18.371  6210  6210 V FreeformContainer: [SmartPopupViewService] isSmartPopupViewTarget: com.android.systemui is not enabled
04-09 23:20:18.371  6284  6284 D BubblesManager: onRankingUpdate : shouldBubbleUp=false ,pkg=com.kms.free ,key=0|com.kms.free|42|null|10299
04-09 23:20:18.372  6284  6284 D BubblesManager: onRankingUpdate : shouldBubbleUp=false ,pkg=com.sec.android.app.shealth ,key=0|com.sec.android.app.shealth|105|null|10256
04-09 23:20:18.372  6284  6284 D BubblesManager: onRankingUpdate : shouldBubbleUp=false ,pkg=com.kms.free ,key=0|com.kms.free|1|null|10299
04-09 23:20:18.372  6284  6284 D BubblesManager: onRankingUpdate : shouldBubbleUp=false ,pkg=mrigapps.andriod.breakfree.deux ,key=0|mrigapps.andriod.breakfree.deux|2|null|10506
04-09 23:20:18.372  6284  6284 D BubblesManager: onRankingUpdate : shouldBubbleUp=false ,pkg=com.android.providers.downloads ,key=0|com.android.providers.downloads|0|3:1244|10068
04-09 23:20:18.373  6284  6284 D BubblesManager: onRankingUpdate : shouldBubbleUp=false ,pkg=android ,key=0|android|38|AccountManagerService:38:-904454848:838749127:10427|1000
04-09 23:20:18.373  6284  6284 D BubblesManager: onRankingUpdate : shouldBubbleUp=false ,pkg=android ,key=-1|android|27|null|1000
04-09 23:20:18.373  6284  6284 D BubblesManager: onRankingUpdate : shouldBubbleUp=false ,pkg=com.android.systemui ,key=-1|com.android.systemui|2131428959|charging_state|10054
04-09 23:20:18.374  6837  6837 I Launcher.NotificationListener: onNotificationPosted : com.android.systemui number : 0
04-09 23:20:18.374  6284  6315 D Bubbles : onRankingUpdated : isActiveOrInOverflow= false , mTmpRanking.canBubble()= false ,isActive= false ,shouldBubbleUp= false ,mTmpRanking.isBubble()= false
04-09 23:20:18.375  6284  6315 D Bubbles : onRankingUpdated : isActiveOrInOverflow= false , mTmpRanking.canBubble()= false ,isActive= false ,shouldBubbleUp= false ,mTmpRanking.isBubble()= false
04-09 23:20:18.375  6284  6315 D Bubbles : onRankingUpdated : isActiveOrInOverflow= false , mTmpRanking.canBubble()= false ,isActive= false ,shouldBubbleUp= false ,mTmpRanking.isBubble()= false
04-09 23:20:18.375  6284  6315 D Bubbles : onRankingUpdated : isActiveOrInOverflow= false , mTmpRanking.canBubble()= false ,isActive= false ,shouldBubbleUp= false ,mTmpRanking.isBubble()= false
04-09 23:20:18.375  6284  6315 D Bubbles : onRankingUpdated : isActiveOrInOverflow= false , mTmpRanking.canBubble()= false ,isActive= false ,shouldBubbleUp= false ,mTmpRanking.isBubble()= false
04-09 23:20:18.375  6284  6315 D Bubbles : onRankingUpdated : isActiveOrInOverflow= false , mTmpRanking.canBubble()= false ,isActive= false ,shouldBubbleUp= false ,mTmpRanking.isBubble()= false
04-09 23:20:18.375  6284  6315 D Bubbles : onRankingUpdated : isActiveOrInOverflow= false , mTmpRanking.canBubble()= false ,isActive= false ,shouldBubbleUp= false ,mTmpRanking.isBubble()= false
04-09 23:20:18.375  6284  6315 D Bubbles : onRankingUpdated : isActiveOrInOverflow= false , mTmpRanking.canBubble()= false ,isActive= false ,shouldBubbleUp= false ,mTmpRanking.isBubble()= false
04-09 23:20:18.375  6284  6315 D Bubbles : onRankingUpdated : isActiveOrInOverflow= false , mTmpRanking.canBubble()= false ,isActive= false ,shouldBubbleUp= false ,mTmpRanking.isBubble()= false
04-09 23:20:18.379  9619 10534 I NotificationPipeline: Processing new notification: -1|com.android.systemui|2131428959|charging_state|10054
04-09 23:20:18.379  9619 10534 E Notification4Heart_NB: WatchFactory.getWatch-lastConnectedNodeId is null
04-09 23:20:18.381  9619 10534 W Notification4Heart_NB: NotificationBridgeCallback.onNotificationPosted-never connected before
04-09 23:20:18.571  6284  6284 D BubblesManager: onEntryUpdated : shouldBubbleUp=false ,key=-1|com.android.systemui|2131428959|charging_state|10054
04-09 23:20:18.615  6284  6284 I FaceWidgetPositionAlgorithm: getMediaContainerHeight() height = 0 container Visibility = 8, isValid = false, mIsDozing = false, fraction = 1.0, source = 0, target = 0
04-09 23:20:18.615  6284  6284 I FaceWidgetPositionAlgorithm: getMediaContainerHeight() supplier = 0
04-09 23:20:18.681  6284  6284 I FaceWidgetPositionAlgorithm: getMediaContainerHeight() height = 0 container Visibility = 8, isValid = false, mIsDozing = false, fraction = 1.0, source = 0, target = 0
04-09 23:20:18.681  6284  6284 I FaceWidgetPositionAlgorithm: getMediaContainerHeight() supplier = 0
04-09 23:20:18.747  6284  6284 I FaceWidgetPositionAlgorithm: getMediaContainerHeight() height = 0 container Visibility = 8, isValid = false, mIsDozing = false, fraction = 1.0, source = 0, target = 0
04-09 23:20:18.748  6284  6284 I FaceWidgetPositionAlgorithm: getMediaContainerHeight() supplier = 0
04-09 23:20:20.914  6284  6373 D MobileStatusTracker(0/1): onSignalStrengthsChanged level=2, vendorLevel=2
04-09 23:20:20.922  6284  6373 D MobileSignalController(0/1): notifyListener: enabled=true, connected=true, dataConnected=false, networkType=LTE (4G), emergencyOnly=false, roaming=true, isDefault=true, dataActivity=, level=2, ca=false, mmWave=false, disabledDataIcon=false, simCard=ETC
04-09 23:20:20.924  6284  6373 D NetworkController: SignalStrength from intent slotId=0
