04-19 16:00:34.057 17564 17585 I TestRunner: started: baselineDouble(org.jetbrains.android_benchmark.Wolf3dBenchmark)
04-19 16:00:34.060 17564 17564 I MonitoringInstr: Activities that are still in CREATED to STOPPED: 1
04-19 16:00:34.060 17564 17564 I MonitoringInstr: Finishing activity: androidx.benchmark.IsolationActivity@f5684be
04-19 16:00:34.066 17564 17585 I GrantPermissionCallable: Permission: android.permission.WRITE_EXTERNAL_STORAGE is already granted!
04-19 16:00:34.066 17564 17585 I GrantPermissionCallable: Permission: android.permission.READ_EXTERNAL_STORAGE is already granted!
04-19 16:00:34.066 17564 17585 D Benchmark: -- Running org.jetbrains.android_benchmark.Wolf3dBenchmark#baselineDouble --
04-19 16:00:34.066 17564 17585 D PerfettoCapture: Supported ABIs: arm64-v8a, armeabi-v7a, armeabi
04-19 16:00:34.066 17564 17585 D PerfettoCapture: Recording perfetto trace
04-19 16:00:34.080  5628  5714 W libprocessgroup: Failed to open /dev/blkio//cgroup.procs: No such file or directory
04-19 16:00:34.091 23109 21333 I NetworkScheduler.Stats: Task com.google.android.gms/com.google.android.gms.ipa.base.IpaGcmTaskService started execution. cause:9 exec_start_elapsed_seconds: 345879 [CONTEXT service_id=218 ]
04-19 16:00:34.106 23109 20594 I NetworkScheduler.Stats: Task com.google.android.gms/com.google.android.gms.ipa.base.IpaGcmTaskService finished executing. cause:9 result: 1 elapsed_millis: 39 uptime_millis: 39 exec_start_elapsed_seconds: 345879 [CONTEXT service_id=218 ]
04-19 16:00:34.133 17564 17585 I PerfettoCapture: Cleanup perfetto before starting.
04-19 16:00:34.382 17564 17585 I PerfettoCapture: Perfetto output file cleanup -
04-19 16:00:34.383 17564 17585 I PerfettoCapture: Starting perfetto tracing with cmd: cat /storage/emulated/0/Android/data/org.jetbrains.android_benchmark.test/cache/trace_config.pb | perfetto --background -c - -o /data/misc/perfetto-traces/trace_output.pb
04-19 16:00:34.573  5628  5714 W libprocessgroup: Failed to open /dev/blkio//cgroup.procs: No such file or directory
04-19 16:00:34.589 21360 21360 I perfetto:    perfetto_cmd.cc:1001 Connected to the Perfetto traced service, starting tracing
04-19 16:00:34.591  5406  5406 I perfetto: ing_service_impl.cc:953 Configured tracing session 190, #sources:4, duration:0 ms, #buffers:2, total buffer size:36864 KB, total sessions:1, uid:2000 session name: ""
04-19 16:00:34.593  5403  5403 I perfetto:  probes_producer.cc:139 Ftrace setup (target_buf=379)
04-19 16:00:34.605 13194 13194 I SCS@AiSearch user 0: (ObserverWorker::AOSP_MP) [main] entering in startWork():
04-19 16:00:34.605 13194 13194 I SCS@AiSearch user 0: (BaseCollector::AOSP_MP) [main] entering in onChange():
04-19 16:00:34.606 13194 15497 I SCS@AiSearch user 0: (BaseCollector::AOSP_MP) [AOSP_MP-0] entering in collectChanges():
04-19 16:00:34.624  5628 11446 D PackageManager: setEnabledSetting : userId = 0 packageName = com.samsung.android.scs cmp = androidx.work.impl.background.systemalarm.RescheduleReceiver newState = 1 callingPackage = 10380/com.samsung.android.scs
04-19 16:00:34.627  5628 11446 D ApplicationPolicy: getApplicationStateEnabled : pkg = com.samsung.android.scs userId : 0
04-19 16:00:34.629  5628 11446 D ApplicationPolicy: getApplicationComponentState : pkg = com.samsung.android.scs userId : 0
04-19 16:00:34.639  5628  8409 I ChimeraAggressivePolicyHandler: executePolicy() - triggerSource: TRIGGER_SOURCE_LMKD
04-19 16:00:34.640  5628  8409 I ChimeraAggressivePolicyHandler: available memory: 910716, free memory target: 870400, quit chimera
04-19 16:00:34.644 17564 17585 I PerfettoCapture: Perfetto output - 21360
04-19 16:00:34.644 17564 17585 I PerfettoCapture: EXITCODE=0
04-19 16:00:34.670  4378  4378 I hwservicemanager: getTransport: Cannot find entry android.hardware.atrace@1.0::IAtraceDevice/default in either framework or device VINTF manifest.
04-19 16:00:34.693  5403  5403 I perfetto:    ftrace_procfs.cc:335 enabled ftrace in /sys/kernel/tracing/
04-19 16:00:34.725 13194 15497 I SCS@AiSearch user 0: (BaseCollector::AOSP_MP) fetchInternal values : maxSyncId: 1000007868 indexCount: 1709 sourceCount: 1709
04-19 16:00:34.764 17564 17585 I PerfettoCapture: Perfetto tracing started successfully with pid 21360.
04-19 16:00:34.783 13194 15497 I SCS@AiSearch user 0: (IndexManager) [AOSP_MP-0] entering in addIndex():
04-19 16:00:34.798 13194 15497 I SCS@AiSearch user 0: (BaseCollector::AOSP_MP) fetch: fetching took  121 ms
04-19 16:00:34.798 13194 15497 I SCS@AiSearch user 0: (BaseCollector::AOSP_MP) fetchChanges: applied 0 items
04-19 16:00:34.798 13194 15497 I SCS@AiSearch user 0: (BaseCollector::AOSP_MP) Collect finished. Result: true
04-19 16:00:34.801 13194 13251 I WM-WorkerWrapper: Worker result SUCCESS for Work [ id=24887b70-f7b7-4971-86aa-275f9e9e34ba, tags={ com.sec.android.app.myfiles, com.samsung.android.scs.ai.search.data.collector.ObserverWorker } ]
04-19 16:00:34.802 13194 15497 I SCS@AiSearch user 0: (BaseCollector::AOSP_MP) enqueue ObserverWorker name: com.sec.android.app.myfiles, policy: APPEND_OR_REPLACE
04-19 16:00:34.867 17564 17585 I PerfettoCapture: /sys/kernel/tracing/tracing_on = 1, polled 0 times, capture fully started
04-19 16:00:34.869 17564 17585 D Benchmark: Set 17585 (Bench thread) to priority -20. Was -8, now -20
04-19 16:00:34.869 17564 17585 D Benchmark: Set 17572 (Jit) to priority -15. Was 9, now -15
04-19 16:00:34.900 17564 17585 I _benchmark.test: Explicit concurrent copying GC freed 5432(621KB) AllocSpace objects, 1(20KB) LOS objects, 67% free, 2896KB/9040KB, paused 298us,78us total 30.100ms
04-19 16:00:34.906  5628 11446 D PackageManager: setEnabledSetting : userId = 0 packageName = com.samsung.android.scs cmp = androidx.work.impl.background.systemalarm.RescheduleReceiver newState = 1 callingPackage = 10380/com.samsung.android.scs
04-19 16:00:34.907  5628 11446 D ApplicationPolicy: getApplicationStateEnabled : pkg = com.samsung.android.scs userId : 0
04-19 16:00:34.909  5628 11446 D ApplicationPolicy: getApplicationComponentState : pkg = com.samsung.android.scs userId : 0
04-19 16:00:34.971 30407 30407 I ResourceOverlayService_0: waitAndQuit called
04-19 16:00:34.973 30407 30407 I ResourceOverlayService_0: activity user id 0 process id 0
04-19 16:00:35.055  5628  9811 D SemWifiUsabilityStatsMonitor: onWifiUsabilityStats - seqNum 36114, isSameBssidAndFreq true
04-19 16:00:35.058  5628  8422 I SemWifiLinkQualityMonitor: Link Qos Query: 0.028 ms / 288.667 Mbps (433 / 0.000 / 1.500)
04-19 16:00:35.061  8513  8513 D NetworkController.WifiSignalController: notifyListener: visible=true, connected=true, inetCondition=1, isDefault=true, wifiTestReported=true, receivedInetCondition=-1, hideDuringMobileSwitching=false
04-19 16:00:35.062  8513  8599 D Tile.WifiTile: handleUpdateState isTransient=false transientEnabling =false cb.isTransient=false state.state = 2 mStateBeforeClick.value =false enabled =true
04-19 16:00:35.975 30407 30407 I ResourceOverlayService_0: waitAndQuit called
04-19 16:00:35.978 30407 30407 I ResourceOverlayService_0: activity user id 0 process id 0
04-19 16:00:36.980 30407 30407 I ResourceOverlayService_0: waitAndQuit called
04-19 16:00:36.982 30407 30407 I ResourceOverlayService_0: activity user id 0 process id 0
04-19 16:00:37.984 30407 30407 I ResourceOverlayService_0: waitAndQuit called
04-19 16:00:37.986 30407 30407 I ResourceOverlayService_0: activity user id 0 process id 0
04-19 16:00:38.110  5628  9811 D SemWifiUsabilityStatsMonitor: onWifiUsabilityStats - seqNum 36115, isSameBssidAndFreq true
04-19 16:00:38.115  8513  8513 D NetworkController.WifiSignalController: notifyListener: visible=true, connected=true, inetCondition=1, isDefault=true, wifiTestReported=true, receivedInetCondition=-1, hideDuringMobileSwitching=false
04-19 16:00:38.117  5628  8422 I SemWifiLinkQualityMonitor: Link Qos Query: 0.028 ms / 288.667 Mbps (433 / 0.000 / 1.500)
04-19 16:00:38.117  8513  8599 D Tile.WifiTile: handleUpdateState isTransient=false transientEnabling =false cb.isTransient=false state.state = 2 mStateBeforeClick.value =false enabled =true
04-19 16:00:38.989 30407 30407 I ResourceOverlayService_0: waitAndQuit called
04-19 16:00:38.992 30407 30407 I ResourceOverlayService_0: activity user id 0 process id 0
04-19 16:00:39.994 30407 30407 I ResourceOverlayService_0: waitAndQuit called
04-19 16:00:39.997 30407 30407 I ResourceOverlayService_0: activity user id 0 process id 0
04-19 16:00:40.070  5628  8409 I ChimeraAggressivePolicyHandler: executePolicy() - triggerSource: TRIGGER_SOURCE_LMKD
04-19 16:00:40.073  5628  8409 I ChimeraAggressivePolicyHandler: available memory: 895352, free memory target: 870400, quit chimera
04-19 16:00:40.449  5628  5712 I libprocessgroup: Successfully killed process cgroup uid 10260 pid 20846 in 0ms
04-19 16:00:40.508  5250  5250 I Zygote  : Process 20846 exited due to signal 9 (Killed)
04-19 16:00:41.002 30407 30407 I ResourceOverlayService_0: waitAndQuit called
04-19 16:00:41.003 30407 30407 I ResourceOverlayService_0: activity user id 0 process id 0
04-19 16:00:41.167  5628  9811 D SemWifiUsabilityStatsMonitor: onWifiUsabilityStats - seqNum 36116, isSameBssidAndFreq true
04-19 16:00:41.170  5628  8422 I SemWifiLinkQualityMonitor: Link Qos Query: 0.028 ms / 288.667 Mbps (433 / 0.000 / 1.500)
04-19 16:00:41.171  8513  8513 D NetworkController.WifiSignalController: notifyListener: visible=true, connected=true, inetCondition=1, isDefault=true, wifiTestReported=true, receivedInetCondition=-1, hideDuringMobileSwitching=false
04-19 16:00:41.173  8513  8599 D Tile.WifiTile: handleUpdateState isTransient=false transientEnabling =false cb.isTransient=false state.state = 2 mStateBeforeClick.value =false enabled =true
04-19 16:00:42.011 30407 30407 I ResourceOverlayService_0: waitAndQuit called
04-19 16:00:42.013 30407 30407 I ResourceOverlayService_0: activity user id 0 process id 0
04-19 16:00:43.015 30407 30407 I ResourceOverlayService_0: waitAndQuit called
04-19 16:00:43.017 30407 30407 I ResourceOverlayService_0: activity user id 0 process id 0
04-19 16:00:44.019 30407 30407 I ResourceOverlayService_0: waitAndQuit called
04-19 16:00:44.021 30407 30407 I ResourceOverlayService_0: activity user id 0 process id 0
04-19 16:00:44.073  5628  5714 W libprocessgroup: Failed to open /dev/blkio//cgroup.procs: No such file or directory
04-19 16:00:44.209  5628  9811 D SemWifiUsabilityStatsMonitor: onWifiUsabilityStats - seqNum 36117, isSameBssidAndFreq true
04-19 16:00:44.211  5628  8422 I SemWifiLinkQualityMonitor: Link Qos Query: 0.028 ms / 288.667 Mbps (433 / 0.000 / 1.500)
04-19 16:00:45.023 30407 30407 I ResourceOverlayService_0: waitAndQuit called
04-19 16:00:45.025 30407 30407 I ResourceOverlayService_0: activity user id 0 process id 0
04-19 16:00:45.252  5628  8409 I ChimeraAggressivePolicyHandler: executePolicy() - triggerSource: TRIGGER_SOURCE_LMKD
04-19 16:00:45.253  5628  8409 I ChimeraAggressivePolicyHandler: available memory: 891224, free memory target: 870400, quit chimera
04-19 16:00:46.027 30407 30407 I ResourceOverlayService_0: waitAndQuit called
04-19 16:00:46.029 30407 30407 I ResourceOverlayService_0: activity user id 0 process id 0
04-19 16:00:47.031 30407 30407 I ResourceOverlayService_0: waitAndQuit called
04-19 16:00:47.035 30407 30407 I ResourceOverlayService_0: activity user id 0 process id 0
04-19 16:00:47.272  5628  9811 D SemWifiUsabilityStatsMonitor: onWifiUsabilityStats - seqNum 36118, isSameBssidAndFreq true
04-19 16:00:47.275  5628  8422 I SemWifiLinkQualityMonitor: Link Qos Query: 0.028 ms / 288.667 Mbps (433 / 0.000 / 1.500)
04-19 16:00:47.276  8513  8513 D NetworkController.WifiSignalController: notifyListener: visible=true, connected=true, inetCondition=1, isDefault=true, wifiTestReported=true, receivedInetCondition=-1, hideDuringMobileSwitching=false
04-19 16:00:47.278  8513  8599 D Tile.WifiTile: handleUpdateState isTransient=false transientEnabling =false cb.isTransient=false state.state = 2 mStateBeforeClick.value =false enabled =true
04-19 16:00:48.040 30407 30407 I ResourceOverlayService_0: waitAndQuit called
04-19 16:00:48.042 30407 30407 I ResourceOverlayService_0: activity user id 0 process id 0
04-19 16:00:49.043 30407 30407 I ResourceOverlayService_0: waitAndQuit called
04-19 16:00:49.046 30407 30407 I ResourceOverlayService_0: activity user id 0 process id 0
04-19 16:00:49.165 23109 23109 D BoundBrokerSvc: onUnbind: Intent { act=com.google.android.gms.scheduler.ACTION_PROXY_SCHEDULE dat=chimera-action:/... cmp=com.google.android.gms/.chimera.PersistentApiService }
04-19 16:00:50.048 30407 30407 I ResourceOverlayService_0: waitAndQuit called
04-19 16:00:50.052 30407 30407 I ResourceOverlayService_0: activity user id 0 process id 0
04-19 16:00:50.317  5628  9811 D SemWifiUsabilityStatsMonitor: onWifiUsabilityStats - seqNum 36119, isSameBssidAndFreq true
04-19 16:00:50.322  5628  8422 I SemWifiLinkQualityMonitor: Link Qos Query: 0.028 ms / 288.667 Mbps (433 / 0.000 / 1.500)
04-19 16:00:51.055 30407 30407 I ResourceOverlayService_0: waitAndQuit called
04-19 16:00:51.057 30407 30407 I ResourceOverlayService_0: activity user id 0 process id 0
04-19 16:00:52.059 30407 30407 I ResourceOverlayService_0: waitAndQuit called
04-19 16:00:52.061 30407 30407 I ResourceOverlayService_0: activity user id 0 process id 0
04-19 16:00:53.064 30407 30407 I ResourceOverlayService_0: waitAndQuit called
04-19 16:00:53.065 30407 30407 I ResourceOverlayService_0: activity user id 0 process id 0
04-19 16:00:53.365  5628  9811 D SemWifiUsabilityStatsMonitor: onWifiUsabilityStats - seqNum 36120, isSameBssidAndFreq true
04-19 16:00:53.368  5628  8422 I SemWifiLinkQualityMonitor: Link Qos Query: 0.028 ms / 288.667 Mbps (433 / 0.000 / 1.500)
04-19 16:00:54.068 30407 30407 I ResourceOverlayService_0: waitAndQuit called
04-19 16:00:54.070 30407 30407 I ResourceOverlayService_0: activity user id 0 process id 0
04-19 16:00:54.341  5628  8409 I ChimeraAggressivePolicyHandler: executePolicy() - triggerSource: TRIGGER_SOURCE_LMKD
04-19 16:00:54.343  5628  8409 I ChimeraAggressivePolicyHandler: available memory: 883672, free memory target: 870400, quit chimera
04-19 16:00:55.072 30407 30407 I ResourceOverlayService_0: waitAndQuit called
04-19 16:00:55.074 30407 30407 I ResourceOverlayService_0: activity user id 0 process id 0
04-19 16:00:56.077 30407 30407 I ResourceOverlayService_0: waitAndQuit called
04-19 16:00:56.082 30407 30407 I ResourceOverlayService_0: activity user id 0 process id 0
04-19 16:00:56.413  5628  9811 D SemWifiUsabilityStatsMonitor: onWifiUsabilityStats - seqNum 36121, isSameBssidAndFreq true
04-19 16:00:56.415  5628  8422 I SemWifiLinkQualityMonitor: Link Qos Query: 0.028 ms / 288.667 Mbps (433 / 0.000 / 1.500)
04-19 16:00:57.085 30407 30407 I ResourceOverlayService_0: waitAndQuit called
04-19 16:00:57.086 30407 30407 I ResourceOverlayService_0: activity user id 0 process id 0
04-19 16:00:58.089 30407 30407 I ResourceOverlayService_0: waitAndQuit called
04-19 16:00:58.090 30407 30407 I ResourceOverlayService_0: activity user id 0 process id 0
04-19 16:00:59.093 30407 30407 I ResourceOverlayService_0: waitAndQuit called
04-19 16:00:59.094 30407 30407 I ResourceOverlayService_0: activity user id 0 process id 0
04-19 16:00:59.461  5628  9811 D SemWifiUsabilityStatsMonitor: onWifiUsabilityStats - seqNum 36122, isSameBssidAndFreq true
04-19 16:00:59.463  5628  8422 I SemWifiLinkQualityMonitor: Link Qos Query: 0.028 ms / 288.667 Mbps (433 / 0.000 / 1.500)
04-19 16:01:00.004  8513  8513 D KeyguardUpdateMonitor: received broadcast android.intent.action.TIME_TICK
04-19 16:01:00.005  8513  8513 D KeyguardUpdateMonitor: handleTimeUpdate
04-19 16:01:00.011  8513  9203 D QSClockBellTower: onReceive(android.intent.action.TIME_TICK) mTimeZoneString:null
04-19 16:01:00.012  8513  8513 D FaceWidgetPagesController: onTimeChanged()
04-19 16:01:00.051  5288  5288 E sehhealth-service: Could not open /sys/class/power_supply/battery/lrp
04-19 16:01:00.096 30407 30407 I ResourceOverlayService_0: waitAndQuit called
04-19 16:01:00.098 30407 30407 I ResourceOverlayService_0: activity user id 0 process id 0
04-19 16:01:00.137  8513  8513 D QSClockBellTower: He is ready to ring the bell. (((QSClockBellSound - TimeText:16:01, TimeContentDescription:16:01, DateText:Wed, 19 April, ShortDateText:Wed, 19 Apr, Demo:false, QuickStar-Second(false|12:34:56))))
04-19 16:01:00.138  8513  8513 D QSClockIndicatorView: Home Indicator status_bar_clock 16:01 notifyTimeChanged(QSClockBellSound - TimeText:16:01, TimeContentDescription:16:01, DateText:Wed, 19 April, ShortDateText:Wed, 19 Apr, Demo:false, QuickStar-Second(false|12:34:56)) ClockVisibleByPolicy:true, ClockVisibleByUser:true, visible?false, parent:android.widget.LinearLayout{883fb58 V.E...... ......I. 0,0-0,55 #7f0b04f0 app:id/left_clock_container}
04-19 16:01:00.138  8513  8513 D QSClockBellTower: Everyone heard the bell. run(currentTime:1681912860136,   getTime():Wed Apr 19 16:01:00 GMT+02:00 2023,   getTimeZone():libcore.util.ZoneInfo[mDstSavings=3600000,mUseDst=true,mDelegate=[id="Europe/Belgrade",mRawOffset=3600000,mEarliestRawOffset=4920000,transitions=119]])
04-19 16:01:00.140  8513  8513 D FaceWidgetCalendarManager: onReceive com.android.keyguard.facewidget.pages.calendar.NEXT_EVENT_STARTED
04-19 16:01:00.153  8513  8513 I FaceWidgetPositionAlgorithm: getClockContainerHeight() supplier = 270, bottom margin = 0, real height = 333
04-19 16:01:00.153  8513  8513 I FaceWidgetPositionAlgorithm: getClockContainerHeight() supplier = 270, bottom margin = 63, real height = 333
04-19 16:01:00.154  8513  8513 I FaceWidgetPositionAlgorithm: getMediaContainerHeight() height = 0 container Visibility = 8, isValid = false, mIsDozing = false, fraction = 1.0, source = 0, target = 0
04-19 16:01:00.154  8513  8513 I FaceWidgetPositionAlgorithm: getMediaContainerHeight() supplier = 0
04-19 16:01:00.155  8513  8513 V QsExpandAnimator: setQsExpansionPosition 0.0
04-19 16:01:00.163  8513  8513 V QsExpandAnimator: updateAnimators
04-19 16:01:00.163  8513  8513 V QsExpandAnimator: clearAnimationState
04-19 16:01:00.163  8513  8513 V QsExpandAnimator: updateViews
04-19 16:01:00.166  8513  8513 V QsExpandAnimator: updateTileAnimator
04-19 16:01:00.167  8513  8513 V QsExpandAnimator: updateHeaderAnimator
04-19 16:01:00.168  8513  8513 V QsExpandAnimator: updateBarAnimator
04-19 16:01:00.168  8513  8513 V QsExpandAnimator: setQsExpansionPosition 0.0
04-19 16:01:00.168  8513  8513 V QsExpandAnimator: onAnimationAtStart
04-19 16:01:00.517  5628  9148 D PackageManager: setEnabledSetting : userId = 0 packageName = com.Slack cmp = androidx.work.impl.background.systemalarm.RescheduleReceiver newState = 1 callingPackage = 10329/com.Slack
04-19 16:01:00.519  5628  9148 D ApplicationPolicy: getApplicationStateEnabled : pkg = com.Slack userId : 0
04-19 16:01:00.521  5628  9148 D ApplicationPolicy: getApplicationComponentState : pkg = com.Slack userId : 0
04-19 16:01:00.557  5628  5714 W libprocessgroup: Failed to open /dev/blkio//cgroup.procs: No such file or directory
04-19 16:01:00.577  6649  6823 D ConnectivityManager: StackLog: [android.net.ConnectivityManager.sendRequestForNetwork(ConnectivityManager.java:4191)] [android.net.ConnectivityManager.registerDefaultNetworkCallbackForUid(ConnectivityManager.java:4755)] [android.net.ConnectivityManager.registerDefaultNetworkCallback(ConnectivityManager.java:4722)] [android.net.ConnectivityManager.registerDefaultNetworkCallback(ConnectivityManager.java:4696)] [androidx.work.impl.utils.NetworkApi24.registerDefaultNetworkCallbackCompat(Unknown Source:10)] [androidx.work.impl.constraints.trackers.NetworkStateTracker24.startTracking(Unknown Source:15)] [androidx.work.impl.constraints.controllers.ConstraintController.replace(Unknown Source:130)] [androidx.work.impl.constraints.WorkConstraintsTrackerImpl.replace(Unknown Source:41)] [androidx.work.impl.background.greedy.GreedyScheduler.schedule(Unknown Source:300)] [androidx.work.impl.Schedulers.schedule(Unknown Source:149)] [androidx.work.impl.utils.EnqueueRunnable.run(Unknown Source:53)] [androidx.work.Worker$2.run$androidx$work$impl$utils$SerialExecutorImpl$Task(Unknown Source:4)] [androidx.work.Worker$2.run(Unknown Source:868)] [java.util.concurrent.ThreadPoolExecutor.runWorker(ThreadPoolExecutor.java:1137)] [java.util.concurrent.ThreadPoolExecutor$Worker.run(ThreadPoolExecutor.java:637)] [java.lang.Thread.run(Thread.java:1012)]
04-19 16:01:00.581  5628  9148 D ConnectivityService: requestNetwork for uid/pid:10329/6649 activeRequest: null callbackRequest: 28020 [NetworkRequest [ REQUEST id=28021, [ Capabilities: INTERNET&NOT_RESTRICTED&TRUSTED&NOT_VCN_MANAGED Uid: 10329 RequestorUid: 10329 RequestorPkg: com.Slack UnderlyingNetworks: Null] ]] callback flags: 0 order: 2147483647
04-19 16:01:00.583  5628  8367 D ConnectivityService:    accepting network in place of null
04-19 16:01:00.589  5628  8356 D WifiNetworkFactory: got request NetworkRequest [ REQUEST id=28021, [ Capabilities: INTERNET&NOT_RESTRICTED&TRUSTED&NOT_VCN_MANAGED Uid: 10329 RequestorUid: 10329 RequestorPkg: com.Slack UnderlyingNetworks: Null] ]
04-19 16:01:00.589  5628  8356 D UntrustedWifiNetworkFactory: got request NetworkRequest [ REQUEST id=28021, [ Capabilities: INTERNET&NOT_RESTRICTED&TRUSTED&NOT_VCN_MANAGED Uid: 10329 RequestorUid: 10329 RequestorPkg: com.Slack UnderlyingNetworks: Null] ]
04-19 16:01:00.591  5628  8356 D OemPaidWifiNetworkFactory: got request NetworkRequest [ REQUEST id=28021, [ Capabilities: INTERNET&NOT_RESTRICTED&TRUSTED&NOT_VCN_MANAGED Uid: 10329 RequestorUid: 10329 RequestorPkg: com.Slack UnderlyingNetworks: Null] ]
04-19 16:01:00.591  5628  8356 D MultiInternetWifiNetworkFactory: got request NetworkRequest [ REQUEST id=28021, [ Capabilities: INTERNET&NOT_RESTRICTED&TRUSTED&NOT_VCN_MANAGED Uid: 10329 RequestorUid: 10329 RequestorPkg: com.Slack UnderlyingNetworks: Null] ]
04-19 16:01:00.595  5628  8367 D ConnectivityService: Rematched networks [computed 0ms] [applied 2ms] [issued 11]
04-19 16:01:00.596  5628  8367 D ConnectivityService: NetworkReassignment :
04-19 16:01:00.596  5628  8367 D ConnectivityService:   28021 : null → 128
04-19 16:01:00.637  6649  6649 D ConnectivityManager: StackLog: [android.net.ConnectivityManager.unregisterNetworkCallback(ConnectivityManager.java:4863)] [androidx.work.impl.utils.NetworkApi21.unregisterNetworkCallbackCompat(Unknown Source:10)] [androidx.work.impl.constraints.trackers.NetworkStateTracker24.stopTracking(Unknown Source:15)] [androidx.work.impl.constraints.trackers.ConstraintTracker.removeListener(Unknown Source:24)] [androidx.work.impl.constraints.controllers.ConstraintController.replace(Unknown Source:81)] [androidx.work.impl.constraints.WorkConstraintsTrackerImpl.replace(Unknown Source:41)] [androidx.work.impl.background.greedy.GreedyScheduler.onExecuted(Unknown Source:55)] [androidx.work.impl.Processor.onExecuted(Unknown Source:59)] [com.bugsnag.android.DeliveryDelegate$1.run(Unknown Source:212)]
04-19 16:01:00.639  5628  8367 D ConnectivityService:  Removing from current network [128 WIFI], leaving 166 requests.
04-19 16:01:01.099 30407 30407 I ResourceOverlayService_0: waitAndQuit called
04-19 16:01:01.100 30407 30407 I ResourceOverlayService_0: activity user id 0 process id 0
04-19 16:01:01.118  5224  5224 E audit   : type=1400 audit(1681912861.113:103149): avc:  denied  { getattr } for  pid=5628 comm="BinderProcsColl" path="/sys/kernel/debug/binder/proc/5628" dev="debugfs" ino=25430 scontext=u:r:system_server:s0 tcontext=u:object_r:sec_debugfs:s0 tclass=file permissive=0 SEPF_SM-A515F_13_0001 audit_filtered
04-19 16:01:01.119  5224  5224 E audit   : type=1300 audit(1681912861.113:103149): arch=c00000b7 syscall=79 success=no exit=-13 a0=ffffff9c a1=7d18c427f0 a2=7cb001b680 a3=0 items=0 ppid=5250 pid=5628 auid=4294967295 uid=1000 gid=1000 euid=1000 suid=1000 fsuid=1000 egid=1000 sgid=1000 fsgid=1000 tty=(none) ses=4294967295 comm="BinderProcsColl" exe="/system/bin/app_process64" subj=u:r:system_server:s0 key=(null)
04-19 16:01:01.119  5224  5224 E audit   : type=1327 audit(1681912861.113:103149): proctitle="system_server"
04-19 16:01:01.151  8513 21460 D FaceWidgetCalendarDisposable: begin
04-19 16:01:01.154  8513 21460 I FaceWidgetCalendarManager: No service bound. Query to current context.
04-19 16:01:01.185  5250  5250 D Zygote  : Forked child process 21461
04-19 16:01:01.244 21461 21461 I viders.calendar: Using CollectorTypeCC GC.
04-19 16:01:01.275 21461 21461 E viders.calendar: Not starting debugger since process cannot load the jdwp agent.
04-19 16:01:01.315 21461 21461 W libc    : Access denied finding property "sys.perf.boostopt"
04-19 16:01:01.315  5224  5224 E audit   : type=1400 audit(1681912861.309:103150): avc:  denied  { read } for  pid=21461 comm="viders.calendar" name="u:object_r:perf_prop:s0" dev="tmpfs" ino=16829 scontext=u:r:priv_app:s0:c512,c768 tcontext=u:object_r:perf_prop:s0 tclass=file permissive=0 SEPF_SM-A515F_13_0001 audit_filtered
04-19 16:01:01.316  5224  5224 E audit   : type=1300 audit(1681912861.309:103150): arch=c00000b7 syscall=56 success=no exit=-13 a0=ffffff9c a1=7ffbc769b8 a2=88000 a3=0 items=0 ppid=5250 pid=21461 auid=4294967295 uid=10102 gid=10102 euid=10102 suid=10102 fsuid=10102 egid=10102 sgid=10102 fsgid=10102 tty=(none) ses=4294967295 comm="viders.calendar" exe="/system/bin/app_process64" subj=u:r:priv_app:s0:c512,c768 key=(null)
04-19 16:01:01.316  5224  5224 E audit   : type=1327 audit(1681912861.309:103150): proctitle="zygote64"
04-19 16:01:01.317 21461 21473 W libc    : Access denied finding property "sys.perf.boostopt"
04-19 16:01:01.338 21461 21461 D ActivityThread: setConscryptValidator
04-19 16:01:01.339 21461 21461 D ActivityThread: setConscryptValidator - put
04-19 16:01:01.394 21461 21475 W libc    : Access denied finding property "sys.perf.boostopt"
04-19 16:01:01.411 21461 21461 D CompatibilityChangeReporter: Compat change id reported: 171979766; UID 10102; state: ENABLED
04-19 16:01:01.462 21461 21461 D nativeloader: Configuring classloader-namespace-shared for other apk /system/priv-app/SamsungCalendarProvider/SamsungCalendarProvider.apk. target_sdk_version=31, uses_libraries=, library_path=/system/priv-app/SamsungCalendarProvider/lib/arm64:/system/lib64:/system/system_ext/lib64, permitted_path=/data:/mnt/expand:/data/user/0/com.android.providers.calendar:/system/priv-app/SamsungCalendarProvider:/system/lib64:/system/system_ext/lib64
04-19 16:01:01.518 21461 21461 V GraphicsEnvironment: ANGLE Developer option for 'com.android.providers.calendar' set to: 'default'
04-19 16:01:01.519 21461 21461 V GraphicsEnvironment: ANGLE GameManagerService for com.android.providers.calendar: false
04-19 16:01:01.519 21461 21461 V GraphicsEnvironment: Neither updatable production driver nor prerelease driver is supported.
04-19 16:01:01.539 21461 21461 D NetworkSecurityConfig: No Network Security Config specified, using platform default
04-19 16:01:01.544 21461 21461 D NetworkSecurityConfig: No Network Security Config specified, using platform default
04-19 16:01:01.551 21461 21461 I TasksProvider: TaskProvider Constructor
04-19 16:01:01.562 21461 21461 I CalendarProvider$CalendarProvider2: CalendarProvider Started.
04-19 16:01:01.606 21461 21461 I CalendarProvider$CalendarProvider2: registerIntentFilter
04-19 16:01:01.611 21461 21461 I CalendarProvider$CalendarProvider2: Created com.android.providers.calendar.d@294964b(com.android.providers.calendar.CalendarProvider2@8110828)
04-19 16:01:01.613 21461 21461 I CalendarProvider$CalendarProvider2: startContactBirthdaySync
04-19 16:01:01.613 21461 21461 I CalendarProvider$CalendarProvider2: Success to Start CalendarProvider.
04-19 16:01:01.614 21461 21461 I CalendarProvider$ShadowCalendarProvider: ShadowCalendarProvider started.
04-19 16:01:01.614 21461 21480 I CalendarProvider$CalendarProvider2: Run PostInitializeThread
04-19 16:01:01.645 21461 21476 D CompatibilityChangeReporter: Compat change id reported: 183155436; UID 10102; state: DISABLED
04-19 16:01:01.731  5250  5250 D Zygote  : Forked child process 21481
04-19 16:01:01.797 21481 21481 I ndroid.calendar: Using CollectorTypeCC GC.
04-19 16:01:01.811 21481 21481 E ndroid.calendar: Not starting debugger since process cannot load the jdwp agent.
04-19 16:01:01.824 21481 21481 W libc    : Access denied finding property "sys.perf.boostopt"
04-19 16:01:01.825 21481 21493 W libc    : Access denied finding property "sys.perf.boostopt"
04-19 16:01:01.827 21481 21481 D ActivityThread: setConscryptValidator
04-19 16:01:01.827 21481 21481 D ActivityThread: setConscryptValidator - put
04-19 16:01:01.850 21481 21481 D CompatibilityChangeReporter: Compat change id reported: 171979766; UID 10193; state: ENABLED
04-19 16:01:01.903 21481 21481 W ziparchive: Unable to open '/system/framework/SmpsManager.dm': No such file or directory
04-19 16:01:01.903 21481 21481 W ziparchive: Unable to open '/system/framework/SmpsManager.dm': No such file or directory
04-19 16:01:02.038 21481 21481 I SamsungCalendar$Holiday: [HolidayProvider] HolidayProvider initialized.
04-19 16:01:02.060 21481 21481 I SamsungCalendar$ChinaHolidayProvider: onCreate() called
04-19 16:01:02.070 21481 21481 I CapsuleProvider_1.0.23: onCreate
04-19 16:01:02.095 21481 21481 I SamsungCalendar$StickerProvider: onCreate()
04-19 16:01:02.102 30407 30407 I ResourceOverlayService_0: waitAndQuit called
04-19 16:01:02.104 30407 30407 I ResourceOverlayService_0: activity user id 0 process id 0
04-19 16:01:02.108 21481 21481 I SamsungCalendar$SettingSearchProvider: onCreate isSupported = true
04-19 16:01:02.111 21481 21481 I SamsungCalendar$SettingSearchProvider: secQueryGetFingerprint : 1240500000en_GB
04-19 16:01:02.111 21481 21481 I SamsungCalendar$CalendarAppProvider: onCreate()
04-19 16:01:02.144 21481 21481 I CapsuleProvider_1.0.23: releasing initialize wait lock.
04-19 16:01:02.149  5628  5714 W libprocessgroup: Failed to open /dev/blkio//cgroup.procs: No such file or directory
04-19 16:01:02.150 21481 21494 I SamsungCalendar$PreferenceProvider: query uri [content://com.sec.android.calendar.preference/PreferenceBoolean] from com.android.systemui
04-19 16:01:02.162 20965 20979 I Reminder$ReminderProvider: query uri [content://com.samsung.android.app.reminder/open/space_category] from com.samsung.android.calendar
04-19 16:01:02.165 21481 21498 I SamsungCalendar$Performance: Launch CalendarProvider beforehand
04-19 16:01:02.168  8513 21460 I FaceWidgetCalendarManager: No service bound. Query to current context.
04-19 16:01:02.192  8513 21460 D FaceWidgetCalendarDisposable: getEventsFromCalendar, [[id = 1154][start time = 2023 April 19 (Wednesday) 16:00][end time = 2023 April 19 (Wednesday) 16:30][is all day = false]]
04-19 16:01:02.193  8513 21460 D FaceWidgetCalendarDisposable: end: 1
04-19 16:01:02.195  8513  8513 I FaceWidgetCalendarManager: Next end = [id = 1154][start time = 2023 April 19 (Wednesday) 16:00][end time = 2023 April 19 (Wednesday) 16:30][is all day = false]
04-19 16:01:02.201  8513  8513 I FaceWidgetCalendarManager: Next start = null
04-19 16:01:02.201 21481 21499 I SamsungCalendar$Performance: Launch Reminder beforehand
04-19 16:01:02.202  8513  8513 D FaceWidgetCalendarManager: reset
04-19 16:01:02.494  5628  9811 D SemWifiUsabilityStatsMonitor: onWifiUsabilityStats - seqNum 36123, isSameBssidAndFreq true
04-19 16:01:02.498  5628  8422 I SemWifiLinkQualityMonitor: Link Qos Query: 0.028 ms / 288.667 Mbps (433 / 0.000 / 1.500)
04-19 16:01:02.622 21461 21461 I CalendarProvider$ContactsBirthdaySync: [ContactsBirthdaySyncAdapter] Contacts permission is granted. observer is registered
04-19 16:01:02.622 21461 21504 I CalendarProvider$ContactsBirthdaySync: [ContactsBirthdayUpdater] Init birthdayAlarmOffset
04-19 16:01:02.622 21461 21461 I CalendarProvider$CalendarProvider2: Started observing the contact sync.
04-19 16:01:02.629 21461 21504 I CalendarProvider$ContactsBirthdaySync: [ContactsBirthdayUpdater] Already birthdayAlarmOffset synced.
04-19 16:01:03.105 30407 30407 I ResourceOverlayService_0: waitAndQuit called
04-19 16:01:03.106 30407 30407 I ResourceOverlayService_0: activity user id 0 process id 0
04-19 16:01:03.624 21461 21504 I CalendarProvider$ContactsBirthdaySync: [ContactsBirthdayUpdater] Start contact birthday sync
04-19 16:01:03.624 21461 21504 I CalendarProvider$ContactsBirthdaySync: [ContactsRepositoryImpl] [getDataIdSet] start.
04-19 16:01:03.635  5628  5714 W libprocessgroup: Failed to open /dev/blkio//cgroup.procs: No such file or directory
04-19 16:01:03.661 21481 21481 I SamsungCalendar$DeviceIdHelper: initOAID
04-19 16:01:03.664 21481 21512 I ScsApi@Feature: checkFeature() : FEATURE_TEXT_GET_ENTITY
04-19 16:01:03.668 21481 21481 I SamsungCalendar$DeviceIdHelper: it is not china mcc or deviceidservice is not installed
04-19 16:01:03.671  5628  5714 W libprocessgroup: Failed to open /dev/blkio//cgroup.procs: No such file or directory
04-19 16:01:03.680 21481 21512 I ScsApi@FeatureHolder: setStatus() : FEATURE_TEXT_GET_ENTITY : 0
04-19 16:01:03.681 21481 21512 I SCSUtils: FEATURE_TEXT_GET_ENTITY is available
04-19 16:01:03.681 21461 21504 I CalendarProvider$ContactsBirthdaySync: [ContactsRepositoryImpl] [getDataIdSet] finish : 0
04-19 16:01:03.686 21481 21512 I DIAGMON_SDK[605055]: DiagMonAgent type: 2
04-19 16:01:03.687 21481 21512 I DIAGMON_SDK[605055][cfk7symzua] : generated SR object
04-19 16:01:03.694 21461 21504 I CalendarProvider$ContactsBirthdaySync: [ContactsBirthdayUpdater] MapInfo - Contact : 0, Calendar : 0
04-19 16:01:03.694 21461 21504 I CalendarProvider$ContactsBirthdaySync: [ContactsBirthdayUpdater] birthday sync - d:0, u:0, i:0
04-19 16:01:03.698 21461 21504 I CalendarProvider$ContactsBirthdaySync: Synced contact items : 0
04-19 16:01:03.698 21461 21504 I CalendarProvider$ContactsBirthdaySync: [ContactsBirthdayUpdater] finished contact birthday sync
04-19 16:01:03.698 21461 21504 I CalendarProvider$ContactsBirthdaySync: Birthday sync took 74ms
04-19 16:01:03.728 20592 21095 W libc    : Access denied finding property "sys.perf.boostopt"
04-19 16:01:03.728  5224  5224 E audit   : type=1400 audit(1681912863.721:103155): avc:  denied  { read } for  pid=20592 comm="binder:20592_5" name="u:object_r:perf_prop:s0" dev="tmpfs" ino=16829 scontext=u:r:untrusted_app_30:s0:c12,c257,c512,c768 tcontext=u:object_r:perf_prop:s0 tclass=file permissive=0 SEPF_SM-A515F_13_0001 audit_filtered
04-19 16:01:03.728  5224  5224 E audit   : type=1300 audit(1681912863.721:103155): arch=c00000b7 syscall=56 success=no exit=-13 a0=ffffff9c a1=7dd59e72f8 a2=88000 a3=0 items=0 ppid=5250 pid=20592 auid=4294967295 uid=10268 gid=10268 euid=10268 suid=10268 fsuid=10268 egid=10268 sgid=10268 fsgid=10268 tty=(none) ses=4294967295 comm="binder:20592_5" exe="/system/bin/app_process64" subj=u:r:untrusted_app_30:s0:c12,c257,c512,c768 key=(null)
04-19 16:01:03.728  5224  5224 E audit   : type=1327 audit(1681912863.721:103155): proctitle="org.telegram.messenger"
04-19 16:01:04.110 30407 30407 I ResourceOverlayService_0: waitAndQuit called
04-19 16:01:04.113 30407 30407 I ResourceOverlayService_0: activity user id 0 process id 0
04-19 16:01:04.149 27910 21520 I GmscoreIpa: Starting mediastore instant index [CONTEXT service_id=255 ]
04-19 16:01:05.116 30407 30407 I ResourceOverlayService_0: waitAndQuit called
04-19 16:01:05.119 30407 30407 I ResourceOverlayService_0: activity user id 0 process id 0
04-19 16:01:05.435 23986 24117 I nightwatch-target: monitor resources last 600 iteration: 301529 msec
04-19 16:01:05.548  5628  9811 D SemWifiUsabilityStatsMonitor: onWifiUsabilityStats - seqNum 36124, isSameBssidAndFreq true
04-19 16:01:05.550  5628  8422 I SemWifiLinkQualityMonitor: Link Qos Query: 0.028 ms / 288.667 Mbps (433 / 0.000 / 1.500)
04-19 16:01:05.769 17564 17585 D Benchmark: timeNs[ 0:10]: 420456692 397550000 400123730 388384192 408973385 403990539 409953615 401534884 399106346 382051423
04-19 16:01:05.769 17564 17585 D Benchmark: timeNs[10:20]: 371378154 392457654 402678038 390902115 385389192 368982077 383281731 378655230 374512000 384852462
04-19 16:01:05.769 17564 17585 D Benchmark: timeNs[20:30]: 375155653 381001077 392634615 372638500 382629615 385691115 380264269 374581615 400209731 394448423
04-19 16:01:05.769 17564 17585 D Benchmark: timeNs[30:40]: 387141769 369211423 380931115 371042231 384498538 370448076 372691384 376013461 361735153 373375577
04-19 16:01:05.769 17564 17585 D Benchmark: timeNs[40:50]: 361485154 400235153 384019538 390088731 383934961 389265230 357665616 377339615 375630269 382795885
04-19 16:01:05.807  5628  8367 D ConnectivityService: reportNetworkActive, notify 0 listeners
04-19 16:01:06.122 30407 30407 I ResourceOverlayService_0: waitAndQuit called
04-19 16:01:06.123 30407 30407 I ResourceOverlayService_0: activity user id 0 process id 0
04-19 16:01:06.488  5628 21530 D TrafficStats: tagSocket(856) with statsTag=0xffffffff, statsUid=-1
04-19 16:01:06.692  5628 21530 D WifiConnectivityMonitor.DnsThread:  [|205]
04-19 16:01:06.693  5628  8444 D WifiConnectivityMonitor.NetworkStatsAnalyzer: DNS resultType : 0, responseTime : 205
04-19 16:01:06.694  5628  8438 D OpenNetworkQos[4.00]: updateBssidLatestDnsResultType - result: 0
04-19 16:01:06.694  5628  8438 D OpenNetworkQos[4.00]: updateBssidNoInternet: mBssidNoInternet = false
04-19 16:01:06.694  5628  8438 D OpenNetworkQos[4.00]: getOpenNetworkQosNoInternetStatus: false
04-19 16:01:06.694  5628  8438 D OpenNetworkQos[4.00]: getOpenNetworkQosScores: 30 26 26
04-19 16:01:06.694  5628  8438 I WifiProfileShare: network QoS data was changed (internet), updateQoSData networkType: true, qosData: false
04-19 16:01:06.695  5628  9412 V WifiProfileShare.Caster: update wips network, size: 0
04-19 16:01:06.695  5628  9412 D WifiProfileShare: nearby scanning settings run
04-19 16:01:06.695  5628  9412 D WifiProfileShare: network score provider settings enabled
04-19 16:01:06.696  5628  9412 D OpenNetworkQos[4.00]: getOpenNetworkQosScores: 30 26 26
04-19 16:01:06.696  5628  9412 D OpenNetworkQos[4.00]: getOpenNetworkQosNoInternetStatus: false
04-19 16:01:06.696  5628  9412 I WifiProfileShare.Caster: current network type: 0, score: [30, 26, 26]
04-19 16:01:06.697  5628  9412 V WifiProfileShare.Cache: update network score 00:e4:06:**:**:90
04-19 16:01:06.698  5628  9412 D WifiProfileShare.ScanMatcher: getMcfDataList size:2
04-19 16:01:06.698  5628  9412 I WifiProfileShare.Caster: qos data was updated , before:type:QOS, pBssid:51:2e:90, qosData:7c after:type:QOS, pBssid:51:2e:90, qosData:7c
04-19 16:01:06.702  5628  9412 I [MCFSDK_android_1.2.4010]_4_b: isNetworkEnabled - type : 1 ret : true
04-19 16:01:06.702  5628  9412 D WifiProfileShare.McfCast: -ME--- mIsNetworkEnabled :true
04-19 16:01:06.702  5628  9412 D WifiProfileShare.McfCast: updateQoSData ignored, same contents
04-19 16:01:06.702  5628  9412 D WifiProfileShare.MCF: success update QosData !
04-19 16:01:06.710  5628  9412 I [MCFSDK_android_1.2.4010]_4_b: isNetworkEnabled - type : 1 ret : true
04-19 16:01:06.710  5628  9412 D WifiProfileShare.McfCast: -ME--- mIsNetworkEnabled :true
04-19 16:01:06.711  5628  9412 D WifiProfileShare.McfCast: -ME--- updatePasswordDate pwdData size:2
04-19 16:01:07.126 30407 30407 I ResourceOverlayService_0: waitAndQuit called
04-19 16:01:07.127 30407 30407 I ResourceOverlayService_0: activity user id 0 process id 0
04-19 16:01:08.130 30407 30407 I ResourceOverlayService_0: waitAndQuit called
04-19 16:01:08.132 30407 30407 I ResourceOverlayService_0: activity user id 0 process id 0
04-19 16:01:08.608  5628  9811 D SemWifiUsabilityStatsMonitor: onWifiUsabilityStats - seqNum 36125, isSameBssidAndFreq true
04-19 16:01:08.611  5628  8422 I SemWifiLinkQualityMonitor: Link Qos Query: 0.031 ms / 259.800 Mbps (433 / 0.000 / 1.667)
04-19 16:01:08.612  8513  8513 D NetworkController.WifiSignalController: notifyListener: visible=true, connected=true, inetCondition=1, isDefault=true, wifiTestReported=true, receivedInetCondition=-1, hideDuringMobileSwitching=false
04-19 16:01:08.614  8513  8599 D Tile.WifiTile: handleUpdateState isTransient=false transientEnabling =false cb.isTransient=false state.state = 2 mStateBeforeClick.value =false enabled =true
04-19 16:01:09.134 30407 30407 I ResourceOverlayService_0: waitAndQuit called
04-19 16:01:09.135 30407 30407 I ResourceOverlayService_0: activity user id 0 process id 0
04-19 16:01:09.674 17564 17585 D Benchmark: allocationCount[ 0:10]: 9077885 9077880 9077837 9077853 9077879
04-19 16:01:09.675 17564 17585 D Benchmark: Set 17585 (Bench thread) to priority -8. Was -20, now -8
04-19 16:01:09.675 17564 17585 D Benchmark: Set 17572 (Jit) to priority 9. Was -15, now 9
04-19 16:01:09.675 17564 17585 D Benchmark: Warmup: t=11.631, iter=30, fastAvg=393673536, slowAvg=459005952
04-19 16:01:09.675 17564 17585 I PerfettoCapture: Stopping perfetto.
04-19 16:01:09.722 21360 21360 I perfetto:    perfetto_cmd.cc:1168 SIGINT/SIGTERM received: disabling tracing.
04-19 16:01:09.727 17564 17585 D Benchmark: kill -TERM command output -
04-19 16:01:09.732  5403  5403 I perfetto:  probes_producer.cc:396 Producer stop (id=757)
04-19 16:01:09.735  5403  5403 I perfetto:    ftrace_procfs.cc:342 disabled ftrace in /sys/kernel/tracing/
04-19 16:01:09.796  4378  4378 I hwservicemanager: getTransport: Cannot find entry android.hardware.atrace@1.0::IAtraceDevice/default in either framework or device VINTF manifest.
04-19 16:01:09.803  5403  5403 I perfetto:  probes_producer.cc:396 Producer stop (id=758)
04-19 16:01:09.804  5403  5403 I perfetto:  probes_producer.cc:396 Producer stop (id=759)
04-19 16:01:09.938 21360 21360 I perfetto:    perfetto_cmd.cc:1124 Trace written into the output file
04-19 16:01:09.958  5406  5406 I perfetto: ng_service_impl.cc:2426 Tracing session 190 ended, total sessions:0
04-19 16:01:10.140 30407 30407 I ResourceOverlayService_0: waitAndQuit called
04-19 16:01:10.142 30407 30407 I ResourceOverlayService_0: activity user id 0 process id 0
04-19 16:01:10.358 17564 17585 D Benchmark: Waiting 500 ms for [ProcessPid(processName=perfetto, pid=21360)] to die
04-19 16:01:10.495 17564 17585 I PerfettoCapture: Writing to /storage/emulated/0/Android/data/org.jetbrains.android_benchmark.test/cache/Wolf3dBenchmark_baselineDouble_2023-04-19-14-01-09.perfetto-trace.
04-19 16:01:10.958 17564 17585 D Benchmark: Copying /storage/emulated/0/Android/data/org.jetbrains.android_benchmark.test/cache/Wolf3dBenchmark_baselineDouble_2023-04-19-14-01-09.perfetto-trace to /sdcard/Android/media/org.jetbrains.android_benchmark.test/additional_test_output/Wolf3dBenchmark_baselineDouble_2023-04-19-14-01-09.perfetto-trace
04-19 16:01:10.990 10919 21327 W MediaProvider: isAppCloneUserPair for user 0: false
04-19 16:01:11.062  5628 11446 D SyncManager: userId - 0 auto - true
04-19 16:01:11.146 30407 30407 I ResourceOverlayService_0: waitAndQuit called
04-19 16:01:11.148 30407 30407 I ResourceOverlayService_0: activity user id 0 process id 0
04-19 16:01:11.573  5628  5714 W libprocessgroup: Failed to open /dev/blkio//cgroup.procs: No such file or directory
04-19 16:01:11.598  5628  5714 W libprocessgroup: Failed to open /dev/blkio//cgroup.procs: No such file or directory
04-19 16:01:11.640 23109 20594 I NetworkScheduler.Stats: Task com.google.android.gms/com.google.android.gms.ipa.base.IpaGcmTaskService started execution. cause:9 exec_start_elapsed_seconds: 345917 [CONTEXT service_id=218 ]
04-19 16:01:11.645 13194 13194 I SCS@AiSearch user 0: (ObserverWorker::AOSP_MP) [main] entering in startWork():
04-19 16:01:11.646 13194 13194 I SCS@AiSearch user 0: (BaseCollector::AOSP_MP) [main] entering in onChange():
04-19 16:01:11.647 13194 15497 I SCS@AiSearch user 0: (BaseCollector::AOSP_MP) [AOSP_MP-0] entering in collectChanges():
04-19 16:01:11.657  5628  9811 D SemWifiUsabilityStatsMonitor: onWifiUsabilityStats - seqNum 36126, isSameBssidAndFreq true
04-19 16:01:11.658  5628  8422 I SemWifiLinkQualityMonitor: Link Qos Query: 0.018 ms / 433.000 Mbps (433 / 0.000 / 1.000)
04-19 16:01:11.663 23109 21339 I NetworkScheduler.Stats: Task com.google.android.gms/com.google.android.gms.ipa.base.IpaGcmTaskService finished executing. cause:9 result: 1 elapsed_millis: 112 uptime_millis: 111 exec_start_elapsed_seconds: 345917 [CONTEXT service_id=218 ]
04-19 16:01:11.674 23109 23109 D BoundBrokerSvc: onBind: Intent { act=com.google.android.gms.scheduler.ACTION_PROXY_SCHEDULE dat=chimera-action:/... cmp=com.google.android.gms/.chimera.PersistentApiService }
04-19 16:01:11.674 23109 23109 D BoundBrokerSvc: Loading bound service for intent: Intent { act=com.google.android.gms.scheduler.ACTION_PROXY_SCHEDULE dat=chimera-action:/... cmp=com.google.android.gms/.chimera.PersistentApiService }
04-19 16:01:11.678  5628 11446 D PackageManager: setEnabledSetting : userId = 0 packageName = com.samsung.android.scs cmp = androidx.work.impl.background.systemalarm.RescheduleReceiver newState = 1 callingPackage = 10380/com.samsung.android.scs
04-19 16:01:11.679  5628 11446 D ApplicationPolicy: getApplicationStateEnabled : pkg = com.samsung.android.scs userId : 0
04-19 16:01:11.680  5628 11446 D ApplicationPolicy: getApplicationComponentState : pkg = com.samsung.android.scs userId : 0
04-19 16:01:11.728 13194 15497 I SCS@AiSearch user 0: (BaseCollector::AOSP_MP) fetchInternal values : maxSyncId: 1000007868 indexCount: 1709 sourceCount: 1709
04-19 16:01:11.775 13194 15497 I SCS@AiSearch user 0: (IndexManager) [AOSP_MP-0] entering in addIndex():
04-19 16:01:11.777 13194 15497 I SCS@AiSearch user 0: (BaseCollector::AOSP_MP) fetch: fetching took  79 ms
04-19 16:01:11.778 13194 15497 I SCS@AiSearch user 0: (BaseCollector::AOSP_MP) fetchChanges: applied 0 items
04-19 16:01:11.778 13194 15497 I SCS@AiSearch user 0: (BaseCollector::AOSP_MP) Collect finished. Result: true
04-19 16:01:11.780 13194 15497 I SCS@AiSearch user 0: (BaseCollector::AOSP_MP) enqueue ObserverWorker name: com.sec.android.app.myfiles, policy: APPEND_OR_REPLACE
04-19 16:01:11.780 13194 13237 I WM-WorkerWrapper: Worker result SUCCESS for Work [ id=dc5d15bb-aa92-476b-b18c-d0d631f2de89, tags={ com.sec.android.app.myfiles, com.samsung.android.scs.ai.search.data.collector.ObserverWorker } ]
04-19 16:01:11.857  5628  9148 D PackageManager: setEnabledSetting : userId = 0 packageName = com.samsung.android.scs cmp = androidx.work.impl.background.systemalarm.RescheduleReceiver newState = 1 callingPackage = 10380/com.samsung.android.scs
04-19 16:01:11.858  5628  9148 D ApplicationPolicy: getApplicationStateEnabled : pkg = com.samsung.android.scs userId : 0
04-19 16:01:11.859  5628  9148 D ApplicationPolicy: getApplicationComponentState : pkg = com.samsung.android.scs userId : 0
04-19 16:01:11.927 10919 11687 I FuseDaemon: Threshold exceeded - fadvising 67112960
04-19 16:01:11.927 10919 11687 I FuseDaemon: Threshold now 0
04-19 16:01:12.027 17564 17585 I Benchmark: Wolf3dBenchmark.baselineDouble[Metric (timeNs) results: median 3.83608346E8, min 3.57665616E8, max 4.20456692E8, standardDeviation: 1.3389502088539738E7, Metric (allocationCount) results: median 9077879.0, min 9077837.0, max 9077885.0, standardDeviation: 20.813457185196313]count=1
04-19 16:01:12.042 17564 17585 D Benchmark: writing results to /storage/emulated/0/Android/data/org.jetbrains.android_benchmark.test/cache/org.jetbrains.android_benchmark.test-benchmarkData.json
04-19 16:01:12.059 17564 17585 D Benchmark: Copying /storage/emulated/0/Android/data/org.jetbrains.android_benchmark.test/cache/org.jetbrains.android_benchmark.test-benchmarkData.json to /sdcard/Android/media/org.jetbrains.android_benchmark.test/additional_test_output/org.jetbrains.android_benchmark.test-benchmarkData.json
04-19 16:01:12.090  5628 11261 D SyncManager: userId - 0 auto - true
04-19 16:01:12.090 10919 21324 I MediaProvider: Deleted 1 0 0 0 0 0 0 items on external_primary due to org.jetbrains.android_benchmark.test
04-19 16:01:12.122 10919 21144 W MediaProvider: isAppCloneUserPair for user 0: false
04-19 16:01:12.152 30407 30407 I ResourceOverlayService_0: waitAndQuit called
04-19 16:01:12.154 30407 30407 I ResourceOverlayService_0: activity user id 0 process id 0
04-19 16:01:12.166  5628 11261 D SyncManager: userId - 0 auto - true
04-19 16:01:12.169 17564 17585 I TestRunner: finished: baselineDouble(org.jetbrains.android_benchmark.Wolf3dBenchmark)
