04-19 16:02:49.536 17564 17585 I TestRunner: started: mutableRefDouble(org.jetbrains.android_benchmark.Wolf3dBenchmark)
04-19 16:02:49.539 17564 17564 I MonitoringInstr: Activities that are still in CREATED to STOPPED: 1
04-19 16:02:49.540 17564 17564 I MonitoringInstr: Finishing activity: androidx.benchmark.IsolationActivity@f5684be
04-19 16:02:49.571  8513  8575 D NativeCustomFrequencyManager: [NativeCFMS] BpCustomFrequencyManager::BpCustomFrequencyManager()
04-19 16:02:49.577 17564 17585 I GrantPermissionCallable: Permission: android.permission.WRITE_EXTERNAL_STORAGE is already granted!
04-19 16:02:49.577 17564 17585 I GrantPermissionCallable: Permission: android.permission.READ_EXTERNAL_STORAGE is already granted!
04-19 16:02:49.579 17564 17585 D Benchmark: -- Running org.jetbrains.android_benchmark.Wolf3dBenchmark#mutableRefDouble --
04-19 16:02:49.581 17564 17585 D PerfettoCapture: Supported ABIs: arm64-v8a, armeabi-v7a, armeabi
04-19 16:02:49.581 17564 17585 D PerfettoCapture: Recording perfetto trace
04-19 16:02:49.589  5628  9014 D InputTransport: Input channel constructed: 'ff30128', fd=682
04-19 16:02:49.589  5628  9014 D InputTransport: Input channel constructed: 'ff30128', fd=856
04-19 16:02:49.603  5628  9014 D InputTransport: Input channel constructed: 'ff30128', fd=869
04-19 16:02:49.604 30407 30407 I ResourceOverlayService_0: waitAndQuit called
04-19 16:02:49.606 30407 30407 I ResourceOverlayService_0: activity user id 0 process id 0
04-19 16:02:49.614  5331  5456 I SurfaceFlinger: id=19362 createSurf flag=80004, ff30128 Toast#19362
04-19 16:02:49.618  5628  9014 D InputTransport: Input channel destroyed: 'ff30128', fd=869
04-19 16:02:49.634  8513  8513 D InsetsController: onStateChanged: InsetsState: {mDisplayFrame=Rect(0, 0 - 1080, 2400), mDisplayCutout=DisplayCutout{insets=Rect(0, 88 - 0, 0) waterfall=Insets{left=0, top=0, right=0, bottom=0} boundingRect={Bounds=[Rect(0, 0 - 0, 0), Rect(512, 0 - 568, 88), Rect(0, 0 - 0, 0), Rect(0, 0 - 0, 0)]} cutoutPathParserInfo={CutoutPathParserInfo{displayWidth=1080 displayHeight=2400 physicalDisplayWidth=1080 physicalDisplayHeight=2400 density={2.625} cutoutSpec={M 0,0 M 0,12.25101276465640 a 10.60613009248640,10.60613009248640 0 1,0 0,21.21226018497290 a 10.60613009248640,10.60613009248640 0 1,0 0,-21.21226018497290 Z @dp} rotation={0} scale={1.0} physicalPixelDisplaySizeRatio={1.0}}}}, mRoundedCorners=RoundedCorners{[RoundedCorner{position=TopLeft, radius=84, center=Point(84, 84)}, RoundedCorner{position=TopRight, radius=84, center=Point(996, 84)}, RoundedCorner{position=BottomRight, radius=84, center=Point(996, 2316)}, RoundedCorner{position=BottomLeft, radius=84, center=Point(84, 2316)}]}  mRoundedCornerFrame=Rect(0, 0 - 0, 0), mPrivacyIndicatorBounds=PrivacyIndicatorBounds {static bounds=Rect(964, 0 - 1080, 88) rotation=0}, mSources= { InsetsSource: {mType=ITYPE_NAVIGATION_BAR, mFrame=[0,2274][1080,2400], mVisible=true, mInsetsRoundedCornerFrame=false}, InsetsSource: {mType=ITYPE_LEFT_GESTURES, mFrame=[0,0][0,2400], mVisible=true, mInsetsRoundedCornerFrame=false}, InsetsSource: {mType=ITYPE_RIGHT_GESTURES, mFrame=[1080,0][1080,2400], mVisible=true, mInsetsRoundedCornerFrame=false}, InsetsSource: {mType=ITYPE_TOP_MANDATORY_GESTURES, mFrame=[0,0][1080,120], mVisible=true, mInsetsRoundedCornerFrame=false}, InsetsSource: {mType=ITYPE_BOTTOM_MANDATORY_GESTURES, mFrame=[0,2274][1080,2400], mVisible=true, mInsetsRoundedCornerFrame=false}, InsetsSource: {mType=ITYPE_LEFT_DISPLAY_CUTOUT, mFrame=[0,0][-100000,2400], mVisible=true, mInsetsRoundedCornerFrame=false}, InsetsSource: {mType=ITYPE_TOP_DISPLAY_CUTOUT, mFrame=[0,0][1080,88], mVisible=true, mInsetsRoundedCornerFrame=false}, InsetsSource: {mType=ITYPE_RIGHT_DISPLAY_CUTOUT, mFrame=[100000,0][1080,2400], mVisible=true, mInsetsRoundedCornerFrame=false}, InsetsSource: {mType=ITYPE_BOTTOM_DISPLAY_CUTOUT, mFrame=[0,100000][1080,2400], mVisible=true, mInsetsRoundedCornerFrame=false}, InsetsSource: {mType=ITYPE_BOTTOM_TAPPABLE_ELEMENT, mFrame=[0,2274][1080,2400], mVisible=true, mInsetsRoundedCornerFrame=false} } host=Toast from=android.view.ViewRootImpl.setView:1732
04-19 16:02:49.647  8513  8513 I ViewRootImpl@e0124ac[Toast]: setView = android.widget.LinearLayout@9b1df98 TM=true
04-19 16:02:49.652  8513  8513 D FaceWidgetCalendarManager: onChange ContentObserver
04-19 16:02:49.656 17564 17585 I PerfettoCapture: Cleanup perfetto before starting.
04-19 16:02:49.723  8513  8513 D FaceWidgetCalendarManager: onChange ContentObserver
04-19 16:02:49.745  8513  8513 I ViewRootImpl@e0124ac[Toast]: performTraversals params={(0,168)(wrapxwrap) gr=BOTTOM CENTER sim={adjust=pan} ty=TOAST fmt=TRANSLUCENT wanim=0x1030004
04-19 16:02:49.745  8513  8513 I ViewRootImpl@e0124ac[Toast]:   fl=1000098
04-19 16:02:49.745  8513  8513 I ViewRootImpl@e0124ac[Toast]:   pfl=32000000
04-19 16:02:49.745  8513  8513 I ViewRootImpl@e0124ac[Toast]:   bhv=DEFAULT
04-19 16:02:49.745  8513  8513 I ViewRootImpl@e0124ac[Toast]:   fitTypes=STATUS_BARS NAVIGATION_BARS CAPTION_BAR
04-19 16:02:49.745  8513  8513 I ViewRootImpl@e0124ac[Toast]:   fitIgnoreVis naviIconColor=0}
04-19 16:02:49.745  8513  8513 I ViewRootImpl@e0124ac[Toast]: performTraversals mFirst=true windowShouldResize=false viewVisibilityChanged=false mForceNextWindowRelayout=false params={(0,168)(wrapxwrap) gr=BOTTOM CENTER sim={adjust=pan} ty=TOAST fmt=TRANSLUCENT wanim=0x1030004
04-19 16:02:49.745  8513  8513 I ViewRootImpl@e0124ac[Toast]:   fl=1000098
04-19 16:02:49.745  8513  8513 I ViewRootImpl@e0124ac[Toast]:   pfl=32000000
04-19 16:02:49.745  8513  8513 I ViewRootImpl@e0124ac[Toast]:   bhv=DEFAULT
04-19 16:02:49.745  8513  8513 I ViewRootImpl@e0124ac[Toast]:   fitTypes=STATUS_BARS NAVIGATION_BARS CAPTION_BAR
04-19 16:02:49.745  8513  8513 I ViewRootImpl@e0124ac[Toast]:   fitIgnoreVis naviIconColor=0}
04-19 16:02:49.746  5628  9014 V WindowManager: Relayout Window{ff30128 u0 Toast}: viewVisibility=0 req=840x162 d0
04-19 16:02:49.748  5331  5456 I SurfaceFlinger: id=19363 createSurf flag=40004, Toast$_8513#19363
04-19 16:02:49.752 22993 23049 I SCS@AiSearch user 0: (IndexSearcherManager) Searcher created successfully for com.samsung.android.apps
04-19 16:02:49.762  5628  9014 V WindowManager: Relayout hash=ff30128, pid=8513, syncId=-1: mAttrs={(0,168)(wrapxwrap) gr=BOTTOM CENTER sim={adjust=pan} ty=TOAST fmt=TRANSLUCENT wanim=0x1030004
04-19 16:02:49.762  5628  9014 V WindowManager:   fl=1000098
04-19 16:02:49.762  5628  9014 V WindowManager:   pfl=32000000
04-19 16:02:49.762  5628  9014 V WindowManager:   bhv=DEFAULT
04-19 16:02:49.762  5628  9014 V WindowManager:   fitTypes=STATUS_BARS NAVIGATION_BARS CAPTION_BAR
04-19 16:02:49.762  5628  9014 V WindowManager:   fitIgnoreVis naviIconColor=0}
04-19 16:02:49.766  8513  8513 I ViewRootImpl@e0124ac[Toast]: updateBlastSurfaceIfNeeded mBlastBufferQueue=null isSameSurfaceControl=false
04-19 16:02:49.772  8513  8513 I BLASTBufferQueue: new BLASTBufferQueue, mName= ViewRootImpl@e0124ac[Toast] mNativeObject= 0x7cd3650700 sc.mNativeObject= 0x7c9f6e1480 caller= android.view.ViewRootImpl.updateBlastSurfaceIfNeeded:2909 android.view.ViewRootImpl.relayoutWindow:9847 android.view.ViewRootImpl.performTraversals:3884 android.view.ViewRootImpl.doTraversal:3116 android.view.ViewRootImpl$TraversalRunnable.run:10885 android.view.Choreographer$CallbackRecord.run:1301 android.view.Choreographer$CallbackRecord.run:1309 android.view.Choreographer.doCallbacks:923 android.view.Choreographer.doFrame:852 android.view.Choreographer$FrameDisplayEventReceiver.run:1283
04-19 16:02:49.773  8513  8513 I BLASTBufferQueue: update, w= 840 h= 162 mName = ViewRootImpl@e0124ac[Toast] mNativeObject= 0x7cd3650700 sc.mNativeObject= 0x7c9f6e1480 format= -3 caller= android.graphics.BLASTBufferQueue.<init>:84 android.view.ViewRootImpl.updateBlastSurfaceIfNeeded:2909 android.view.ViewRootImpl.relayoutWindow:9847 android.view.ViewRootImpl.performTraversals:3884 android.view.ViewRootImpl.doTraversal:3116 android.view.ViewRootImpl$TraversalRunnable.run:10885
04-19 16:02:49.774  8513  8513 I ViewRootImpl@e0124ac[Toast]: Relayout returned: old=(0,88,1080,2274) new=(120,1944,960,2106) req=(840,162)0 dur=20 res=0x3 s={true 0x7cd3cd4800} ch=true seqId=0
04-19 16:02:49.775  8513  8513 I ViewRootImpl@e0124ac[Toast]: mThreadedRenderer.initialize() mSurface={isValid=true 0x7cd3cd4800} hwInitialized=true
04-19 16:02:49.776  8513  8575 D OpenGLRenderer: eglCreateWindowSurface
04-19 16:02:49.782  8513  8513 I ViewRootImpl@e0124ac[Toast]: reportNextDraw android.view.ViewRootImpl.performTraversals:4438 android.view.ViewRootImpl.doTraversal:3116 android.view.ViewRootImpl$TraversalRunnable.run:10885 android.view.Choreographer$CallbackRecord.run:1301 android.view.Choreographer$CallbackRecord.run:1309
04-19 16:02:49.783  8513  8513 I ViewRootImpl@e0124ac[Toast]: Setup new sync id=0
04-19 16:02:49.783  8513  8513 I ViewRootImpl@e0124ac[Toast]: Setting syncFrameCallback
04-19 16:02:49.783  8513  8513 I ViewRootImpl@e0124ac[Toast]: registerCallbacksForSync syncBuffer=false
04-19 16:02:49.785  8513  8597 I ViewRootImpl@e0124ac[Toast]: Received frameDrawingCallback syncResult=0 frameNum=1.
04-19 16:02:49.786  8513  8597 I ViewRootImpl@e0124ac[Toast]: Setting up sync and frameCommitCallback
04-19 16:02:49.802  8513  8575 I BLASTBufferQueue: [ViewRootImpl@e0124ac[Toast]#801](f:0,a:0) onFrameAvailable the first frame is available
04-19 16:02:49.804  8513  8575 I ViewRootImpl@e0124ac[Toast]: Received frameCommittedCallback lastAttemptedDrawFrameNum=1 didProduceBuffer=true
04-19 16:02:49.806 22993 23043 I SCS@AiSearch user 0: (IndexSearcherManager) Searcher created successfully for com.google.android.providers.media
04-19 16:02:49.809  8513  8575 D OpenGLRenderer: CFMS:: SetUp Pid : 8513    Tid : 8575
04-19 16:02:49.819  8513  8513 I ViewRootImpl@e0124ac[Toast]: onSyncComplete
04-19 16:02:49.825  8513  8513 I ViewRootImpl@e0124ac[Toast]: setupSync seqId=0 mSyncId=0 fn=1 caller=android.view.ViewRootImpl$$ExternalSyntheticLambda11.accept:6 android.window.SurfaceSyncer.lambda$setupSync$1$android-window-SurfaceSyncer:128 android.window.SurfaceSyncer$$ExternalSyntheticLambda1.accept:8 android.window.SurfaceSyncer$SyncSet.checkIfSyncIsComplete:382 android.window.SurfaceSyncer$SyncSet.markSyncReady:359 android.window.SurfaceSyncer.markSyncReady:151 android.view.ViewRootImpl.performTraversals:4503
04-19 16:02:49.825  8513  8513 I ViewRootImpl@e0124ac[Toast]: reportDrawFinished seqId=0 mSyncId=-1 fn=1 mSurfaceChangedTransaction=0x7d3058fa00
04-19 16:02:49.825  8513  8513 D KeyguardUpdateMonitor: handleTimeUpdate
04-19 16:02:49.826  8513  8513 D FaceWidgetPagesController: onTimeChanged()
04-19 16:02:49.839  5331  5376 I SurfaceFlinger: id=19364 createSurf flag=24004, Surface(name=ff30128 Toast)/@0x3ea0e04 - animation-leash of window_animation#19364
04-19 16:02:49.853  5331  5331 I Layer   : Layer [Toast$_8513#19363] hidden!! flag(0)
04-19 16:02:49.884 22993 23043 I SCS@AiSearch user 0: (BaseCollector::AOSP_MP) fetchInternal values : maxSyncId: 1000007868 indexCount: 1709 sourceCount: 1709
04-19 16:02:49.898 17564 17585 I PerfettoCapture: Perfetto output file cleanup -
04-19 16:02:49.898 17564 17585 I PerfettoCapture: Starting perfetto tracing with cmd: cat /storage/emulated/0/Android/data/org.jetbrains.android_benchmark.test/cache/trace_config.pb | perfetto --background -c - -o /data/misc/perfetto-traces/trace_output.pb
04-19 16:02:49.904  5331  5331 D SurfaceFlinger: Display 0 HWC layers:
04-19 16:02:49.904  5331  5331 D SurfaceFlinger:  SOLID_COLOR |              | 0000 |  Unknown  |    0.0    0.0    0.0    0.0 |    0    0 1080   88 | Letterbox - top#19345
04-19 16:02:49.904  5331  5331 D SurfaceFlinger:      DEVICE | 0x79aa45dc40 | 0102 | RGBA_8888    |    0.0    0.0 1080.0 2312.0 |    0   88 1080 2400 | org.jetbrains.android_benchmark.test[...]hmark.IsolationActivity$_17564#19341
04-19 16:02:49.904  5331  5331 D SurfaceFlinger:      DEVICE | 0x79c63ef680 | 0100 | RGBA_8888    |  810.0  452.0  975.0  617.0 |  810  452  975  617 | FreeformContainer$_8492#19256
04-19 16:02:49.904  5331  5331 D SurfaceFlinger:      DEVICE | 0x79aa92a3c0 | 0100 | RGBA_8888    |    0.0    0.0  840.0  162.0 |  120 1944  960 2106 | Toast$_8513#19363
04-19 16:02:49.904  5331  5331 D SurfaceFlinger:      DEVICE | 0x79c63f1340 | 0100 | RGBA_8888    |    0.0    0.0 1080.0  126.0 |    0 2274 1080 2400 | NavigationBar0$_8513#92
04-19 16:02:49.904  5331  5331 D SurfaceFlinger:      DEVICE | 0x79c7ec87c0 | 0140 | RGBA_8888    |    0.0    0.0 1080.0  100.0 |    0    0 1080  100 | ScreenDecorOverlay$_8513#6827
04-19 16:02:49.904  5331  5331 D SurfaceFlinger:      DEVICE | 0x79a9f42580 | 0140 | RGBA_8888    |    0.0    0.0 1080.0  100.0 |    0 2300 1080 2400 | ScreenDecorOverlayBottom$_8513#6828
04-19 16:02:49.904  5331  5331 D SurfaceFlinger:
04-19 16:02:49.996 22993 23043 I SCS@AiSearch user 0: (IndexManager) [AOSP_MP-0] entering in addIndex():
04-19 16:02:50.001 22993 23043 I SCS@AiSearch user 0: (BaseCollector::AOSP_MP) fetch: fetching took  448 ms
04-19 16:02:50.001 22993 23043 I SCS@AiSearch user 0: (BaseCollector::AOSP_MP) fetchChanges: applied 0 items
04-19 16:02:50.003 22993 23043 I SCS@AiSearch user 0: (BaseCollector::AOSP_MP) Collect finished. Result: true
04-19 16:02:50.006 22993 23035 I WM-WorkerWrapper: Worker result SUCCESS for Work [ id=66d7e3cb-7a84-4915-ad8b-4989b91b47bd, tags={ com.sec.android.app.myfiles, com.samsung.android.scs.ai.search.data.collector.ObserverWorker } ]
04-19 16:02:50.008 22993 23043 I SCS@AiSearch user 0: (BaseCollector::AOSP_MP) enqueue ObserverWorker name: com.sec.android.app.myfiles, policy: APPEND_OR_REPLACE
04-19 16:02:50.082 23079 23079 I perfetto:    perfetto_cmd.cc:1001 Connected to the Perfetto traced service, starting tracing
04-19 16:02:50.084  5406  5406 I perfetto: ing_service_impl.cc:953 Configured tracing session 193, #sources:4, duration:0 ms, #buffers:2, total buffer size:36864 KB, total sessions:1, uid:2000 session name: ""
04-19 16:02:50.091  5403  5403 I perfetto:  probes_producer.cc:139 Ftrace setup (target_buf=385)
04-19 16:02:50.114 17564 17585 I PerfettoCapture: Perfetto output - 23079
04-19 16:02:50.114 17564 17585 I PerfettoCapture: EXITCODE=0
04-19 16:02:50.153  5628  9014 D PackageManager: setEnabledSetting : userId = 0 packageName = com.samsung.android.scs cmp = androidx.work.impl.background.systemalarm.RescheduleReceiver newState = 1 callingPackage = 10380/com.samsung.android.scs
04-19 16:02:50.158  5628  9014 D ApplicationPolicy: getApplicationStateEnabled : pkg = com.samsung.android.scs userId : 0
04-19 16:02:50.160  5628  9014 D ApplicationPolicy: getApplicationComponentState : pkg = com.samsung.android.scs userId : 0
04-19 16:02:50.207 22993 22993 I SCS@AiSearch user 0: (ObserverWorker::TASKS) [main] entering in startWork():
04-19 16:02:50.207 22993 22993 I SCS@AiSearch user 0: (BaseCollector::TASKS) [main] entering in onChange():
04-19 16:02:50.217 21481 21481 I SamsungCalendar$SamsungCalendarNoti: [EventNotificationViewImpl] postNotification | notificationList.size: 1 countOfFiredAlarms: 0
04-19 16:02:50.225 21481 21481 I SamsungCalendar$SamsungCalendarNoti: [CoverUtils]  | isCameraCoverClosed = false
04-19 16:02:50.225 21481 21481 I SamsungCalendar$SamsungCalendarNoti: [quietUpdate: true] isQuietAlert: true / isSnoozed: true / alertState: 0 / shouldDisplayAlertPopup? false / isThrottleRequired? false (56054ms)
04-19 16:02:50.225 21481 21481 I SamsungCalendar$SamsungCalendarNoti: [CustomHeadUpService] isRunning:false
04-19 16:02:50.230  5628  6017 D PackageManager: setEnabledSetting : userId = 0 packageName = com.samsung.android.scs cmp = androidx.work.impl.background.systemalarm.RescheduleReceiver newState = 1 callingPackage = 10380/com.samsung.android.scs
04-19 16:02:50.233  5224  5224 E audit   : type=1400 audit(1681912970.225:103242): avc:  denied  { read } for  pid=21481 comm="binder:21481_1" name="u:object_r:perf_prop:s0" dev="tmpfs" ino=16829 scontext=u:r:platform_app:s0:c512,c768 tcontext=u:object_r:perf_prop:s0 tclass=file permissive=0 SEPF_SM-A515F_13_0001 audit_filtered
04-19 16:02:50.233 21481 21493 W libc    : Access denied finding property "sys.perf.boostopt"
04-19 16:02:50.233  5224  5224 E audit   : type=1300 audit(1681912970.225:103242): arch=c00000b7 syscall=56 success=no exit=-13 a0=ffffff9c a1=7d7757b2f8 a2=88000 a3=0 items=0 ppid=5250 pid=21481 auid=4294967295 uid=10193 gid=10193 euid=10193 suid=10193 fsuid=10193 egid=10193 sgid=10193 fsgid=10193 tty=(none) ses=4294967295 comm="binder:21481_1" exe="/system/bin/app_process64" subj=u:r:platform_app:s0:c512,c768 key=(null)
04-19 16:02:50.233  5224  5224 E audit   : type=1327 audit(1681912970.225:103242): proctitle="com.google.process.gservices"
04-19 16:02:50.234  5628  6017 D ApplicationPolicy: getApplicationStateEnabled : pkg = com.samsung.android.scs userId : 0
04-19 16:02:50.235 22993 23087 I SCS@AiSearch user 0: (BaseCollector::TASKS) [TASKS-0] entering in collectChanges():
04-19 16:02:50.239  5628  6017 D ApplicationPolicy: getApplicationComponentState : pkg = com.samsung.android.scs userId : 0
04-19 16:02:50.257 17564 17585 I PerfettoCapture: Perfetto tracing started successfully with pid 23079.
04-19 16:02:50.263 21481 21923 I SamsungCalendar$SamsungCalendarNoti: [TaskNotificationViewImpl] clearNotificationGroup
04-19 16:02:50.289 21481 21481 I ScsApi@Feature: checkFeature() : FEATURE_TEXT_GET_ENTITY
04-19 16:02:50.296 22993 23087 I SCS@AiSearch user 0: (IndexSearcherManager) Searcher created successfully for com.samsung.android.calendar.synctasks
04-19 16:02:50.299  4378  4378 I hwservicemanager: getTransport: Cannot find entry android.hardware.atrace@1.0::IAtraceDevice/default in either framework or device VINTF manifest.
04-19 16:02:50.349 22993 23087 I SCS@AiSearch user 0: (BaseCollector::TASKS) fetchInternal values : maxSyncId: -1 indexCount: 0 sourceCount: 0
04-19 16:02:50.354 21481 21481 I ScsApi@FeatureHolder: setStatus() : FEATURE_TEXT_GET_ENTITY : 0
04-19 16:02:50.354 21481 21481 I SCSUtils: FEATURE_TEXT_GET_ENTITY is available
04-19 16:02:50.425 21481 21481 I ScsApi@Feature: checkFeature() : FEATURE_TEXT_GET_ENTITY
04-19 16:02:50.429 21481 21481 I ScsApi@FeatureHolder: setStatus() : FEATURE_TEXT_GET_ENTITY : 0
04-19 16:02:50.429 21481 21481 I ScsApi@Feature: checkFeature() : FEATURE_TEXT_GET_ENTITY_DATETIME_NUMERAL
04-19 16:02:50.433 21481 21481 I ScsApi@FeatureHolder: setStatus() : FEATURE_TEXT_GET_ENTITY_DATETIME_NUMERAL : 0
04-19 16:02:50.433 21481 21481 I ScsApi@Feature: checkFeature() : FEATURE_TEXT_GET_ENTITY_PHONE_NUMBER
04-19 16:02:50.437 21481 21481 I ScsApi@FeatureHolder: setStatus() : FEATURE_TEXT_GET_ENTITY_PHONE_NUMBER : 0
04-19 16:02:50.437 21481 21481 I ScsApi@Feature: checkFeature() : FEATURE_TEXT_GET_ENTITY_POI
04-19 16:02:50.438  5403  5403 I perfetto:    ftrace_procfs.cc:335 enabled ftrace in /sys/kernel/tracing/
04-19 16:02:50.441 21481 21481 I ScsApi@FeatureHolder: setStatus() : FEATURE_TEXT_GET_ENTITY_POI : 0
04-19 16:02:50.441 21481 21481 I ScsApi@Feature: checkFeature() : FEATURE_TEXT_GET_ENTITY_BANK
04-19 16:02:50.445 21481 21481 I ScsApi@FeatureHolder: setStatus() : FEATURE_TEXT_GET_ENTITY_BANK : 0
04-19 16:02:50.486  5331  5331 I Layer   : id=19364 removeFromCurrentState Surface(name=ff30128 Toast)/@0x3ea0e04 - animation-leash of window_animation#19364 (151)
04-19 16:02:50.486  5331  5331 I SurfaceFlinger: id=19364 Removed Surface(name=ff30128 Toast)/@0x3ea0e04 - animation-leash of window_animation#19364 (151)
04-19 16:02:50.487  5331  5331 I Layer   : id=19364 Destroyed Surface(name=ff30128 Toast)/@0x3ea0e04 - animation-leash of window_animation#19364
04-19 16:02:50.501 17564 17585 I PerfettoCapture: /sys/kernel/tracing/tracing_on = 1, polled 1 times, capture fully started
04-19 16:02:50.503 17564 17585 D Benchmark: Set 17585 (Bench thread) to priority -20. Was -8, now -20
04-19 16:02:50.503 17564 17585 D Benchmark: Set 17572 (Jit) to priority -15. Was 9, now -15
04-19 16:02:50.506  5250  5250 D Zygote  : Forked child process 23099
04-19 16:02:50.523 22993 23087 I SCS@AiSearch user 0: (IndexManager) [TASKS-0] entering in addIndex():
04-19 16:02:50.527 22993 23087 I SCS@AiSearch user 0: (BaseCollector::TASKS) fetch: fetching took  260 ms
04-19 16:02:50.527 22993 23087 I SCS@AiSearch user 0: (BaseCollector::TASKS) fetchChanges: applied 0 items
04-19 16:02:50.527 22993 23087 I SCS@AiSearch user 0: (BaseCollector::TASKS) Collect finished. Result: true
04-19 16:02:50.532 22993 23018 I WM-WorkerWrapper: Worker result SUCCESS for Work [ id=90b8839a-fdbf-40d5-93df-0837d05590f3, tags={ com.samsung.android.calendar.synctasks, com.samsung.android.scs.ai.search.data.collector.ObserverWorker } ]
04-19 16:02:50.538 22993 23087 I SCS@AiSearch user 0: (BaseCollector::TASKS) enqueue ObserverWorker name: com.samsung.android.calendar.synctasks, policy: APPEND_OR_REPLACE
04-19 16:02:50.541 17564 17585 I _benchmark.test: Explicit concurrent copying GC freed 21296(1040KB) AllocSpace objects, 1(20KB) LOS objects, 67% free, 2902KB/9046KB, paused 512us,94us total 33.748ms
04-19 16:02:50.562  5900  5900 I CCalendar$WatchCalendarSyncJob: Calendar sync job is started
04-19 16:02:50.565  5900 23100 I CCalendar$WatchCalendarSyncJob: Start SyncData.
04-19 16:02:50.565  5900 23100 I CCalendar$EventSynchronizer: S] CacheDB update. 22060901
04-19 16:02:50.577  5628  5714 W libprocessgroup: Failed to open /dev/blkio//cgroup.procs: No such file or directory
04-19 16:02:50.578  5900  5900 I CCalendar$WatchCalendarSyncJob: Registered WatchCalendarSyncJob on Plugin.
04-19 16:02:50.581 23099 23099 I ndroid.scs:text: Using CollectorTypeCC GC.
04-19 16:02:50.586  5628  9014 D PackageManager: setEnabledSetting : userId = 0 packageName = com.samsung.android.scs cmp = androidx.work.impl.background.systemalarm.RescheduleReceiver newState = 1 callingPackage = 10380/com.samsung.android.scs
04-19 16:02:50.588  5628  9014 D ApplicationPolicy: getApplicationStateEnabled : pkg = com.samsung.android.scs userId : 0
04-19 16:02:50.593  5628  9014 D ApplicationPolicy: getApplicationComponentState : pkg = com.samsung.android.scs userId : 0
04-19 16:02:50.599 23099 23099 E ndroid.scs:text: Not starting debugger since process cannot load the jdwp agent.
04-19 16:02:50.608 23099 23099 W libc    : Access denied finding property "sys.perf.boostopt"
04-19 16:02:50.608  5224  5224 E audit   : type=1400 audit(1681912970.601:103243): avc:  denied  { read } for  pid=23099 comm="ndroid.scs:text" name="u:object_r:perf_prop:s0" dev="tmpfs" ino=16829 scontext=u:r:platform_app:s0:c512,c768 tcontext=u:object_r:perf_prop:s0 tclass=file permissive=0 SEPF_SM-A515F_13_0001 audit_filtered
04-19 16:02:50.609 23099 23113 W libc    : Access denied finding property "sys.perf.boostopt"
04-19 16:02:50.609 30407 30407 I ResourceOverlayService_0: waitAndQuit called
04-19 16:02:50.610 30407 30407 I ResourceOverlayService_0: activity user id 0 process id 0
04-19 16:02:50.614 23099 23099 D ActivityThread: setConscryptValidator
04-19 16:02:50.614 23099 23099 D ActivityThread: setConscryptValidator - put
04-19 16:02:50.616  5900 23100 I CCalendar$EventSynchronizer:  Local/Cache Calendars : 10/10
04-19 16:02:50.630  5628  5714 W libprocessgroup: Failed to open /dev/blkio//cgroup.procs: No such file or directory
04-19 16:02:50.631  5628  5714 W libprocessgroup: Failed to open /dev/blkio//cgroup.procs: No such file or directory
04-19 16:02:50.633  5628  5714 W libprocessgroup: Failed to open /dev/blkio//cgroup.procs: No such file or directory
04-19 16:02:50.639 22993 22993 I SCS@AiSearch user 0: (ObserverWorker::CALENDAR) [main] entering in startWork():
04-19 16:02:50.639 22993 22993 I SCS@AiSearch user 0: (BaseCollector::CALENDAR) [main] entering in onChange():
04-19 16:02:50.640 22993 23131 I SCS@AiSearch user 0: (BaseCollector::CALENDAR) [CALENDAR-0] entering in collectChanges():
04-19 16:02:50.645 21481 23089 I SamsungCalendar$PreferenceProvider: query uri [content://com.sec.android.calendar.preference/PreferenceBoolean] from com.samsung.android.heartplugin
04-19 16:02:50.646  5628  6017 D PackageManager: setEnabledSetting : userId = 0 packageName = com.samsung.android.scs cmp = androidx.work.impl.background.systemalarm.RescheduleReceiver newState = 1 callingPackage = 10380/com.samsung.android.scs
04-19 16:02:50.650  5628  6017 D ApplicationPolicy: getApplicationStateEnabled : pkg = com.samsung.android.scs userId : 0
04-19 16:02:50.650  5628  6017 D ApplicationPolicy: getApplicationComponentState : pkg = com.samsung.android.scs userId : 0
04-19 16:02:50.654 21481 23089 I SamsungCalendar$PreferenceProvider: query uri [content://com.sec.android.calendar.preference/PreferenceBoolean] from com.samsung.android.heartplugin
04-19 16:02:50.657 22993 23049 I SCS@AiSearch user 0: (AppsDataObserver) [androidx.work-2] leaving from execute():  result is true
04-19 16:02:50.657 22993 23049 I SCS@AiSearch user 0: (AppsDataWorker) [androidx.work-2] leaving from doWork():
04-19 16:02:50.658 22993 23018 I WM-WorkerWrapper: Worker result SUCCESS for Work [ id=02f0eed9-11d4-405f-b817-70e1c4f58541, tags={ com.samsung.android.scs.ai.search.scheduling.workers.AppsDataWorker, CMD_SCAN } ]
04-19 16:02:50.663 23099 23113 W libc    : Access denied finding property "sys.perf.boostopt"
04-19 16:02:50.664 23099 23099 D CompatibilityChangeReporter: Compat change id reported: 171979766; UID 10380; state: ENABLED
04-19 16:02:50.666  8513 21460 D FaceWidgetCalendarDisposable: begin
04-19 16:02:50.666  8513 21460 I FaceWidgetCalendarManager: No service bound. Query to current context.
04-19 16:02:50.708  5628  8455 D BrightnessHandler: inject brightness = 41.0, Brightness: 0.15887022
04-19 16:02:50.732  5271  5271 I SensorsHub: LightSensor::injectSensorData: brightness 41
04-19 16:02:50.734  5628  8455 D BrightnessHandler: inject brightness = 41.0, Brightness: 0.15887022
04-19 16:02:50.737  5271  5271 I SensorsHub: LightSensor::injectSensorData: brightness 41
04-19 16:02:50.743 22993 23131 I SCS@AiSearch user 0: (IndexSearcherManager) Searcher created successfully for com.samsung.android.calendar
04-19 16:02:50.747 22993 23131 I SCS@AiSearch user 0: (BaseCollector::CALENDAR) [CALENDAR-0] enter():  enter from r
04-19 16:02:50.758  8513  8513 D CentralSurfaces.BrightnessController: updateSliderAnimationDuration() : 1550
04-19 16:02:50.758  8513  8513 D CentralSurfaces.BrightnessController: updateSlider() = 133, brightnessValue = 0.5215686, min = 0.0
04-19 16:02:50.762 22993 23131 I SCS@AiSearch user 0: (BaseCollector::CALENDAR) [CALENDAR-0] leave():  leave
04-19 16:02:50.762 22993 23131 I SCS@AiSearch user 0: (BaseCollector::CALENDAR) fetchInternal values : maxSyncId: 1164 indexCount: 506 sourceCount: 506
04-19 16:02:50.763 22993 23131 I SCS@AiSearch user 0: (BaseCollector::CALENDAR) [CALENDAR-0] enter():  enter from n
04-19 16:02:50.764 21481 23089 I SamsungCalendar$PreferenceProvider: query uri [content://com.sec.android.calendar.preference/PreferenceBoolean] from com.android.systemui
04-19 16:02:50.771  8513 21460 I FaceWidgetCalendarManager: No service bound. Query to current context.
04-19 16:02:50.772  5278  5278 I SehLight: lcd : 41+
04-19 16:02:50.776  5278  5278 I SehLight: lcd : 41-
04-19 16:02:50.779  5628  8455 D BrightnessHandler: inject brightness = 46.0, Brightness: 0.17846376
04-19 16:02:50.788  5900 23100 I CCalendar$EventCacheModelImpl: Deleted Old events : 0
04-19 16:02:50.788  5271  5271 I SensorsHub: LightSensor::injectSensorData: brightness 46
04-19 16:02:50.789  5628  8455 D BrightnessHandler: inject brightness = 46.0, Brightness: 0.17846376
04-19 16:02:50.791  5271  5271 I SensorsHub: LightSensor::injectSensorData: brightness 46
04-19 16:02:50.792  5278  5278 I SehLight: lcd : 46+
04-19 16:02:50.792 22993 23131 I SCS@AiSearch user 0: (BaseCollector::CALENDAR) [CALENDAR-0] leave():  leave
04-19 16:02:50.792  5278  5278 I SehLight: lcd : 46-
04-19 16:02:50.793 22993 23131 I SCS@AiSearch user 0: (BaseCollector::CALENDAR) [CALENDAR-0] enter():  enter from l0
04-19 16:02:50.793  5628  8455 D BrightnessHandler: inject brightness = 47.0, Brightness: 0.18238246
04-19 16:02:50.795  5271  5271 I SensorsHub: LightSensor::injectSensorData: brightness 47
04-19 16:02:50.796  5628  5714 W libprocessgroup: Failed to open /dev/blkio//cgroup.procs: No such file or directory
04-19 16:02:50.797 23099 23114 I ExtractEntityExecutor: extractBasicEntity - start
04-19 16:02:50.797 23099 23099 I ServiceApplication: process:com.samsung.android.scs:text version:2.1.00.26 flavor:full
04-19 16:02:50.797 23099 23114 I ExtractEntityExecutor: extractBasicEntity input text length : 23
04-19 16:02:50.798  5900 23100 I CCalendar$EventSynchronizer:  Local/Cache Events : 6/6
04-19 16:02:50.799  5628  8455 D BrightnessHandler: inject brightness = 47.0, Brightness: 0.18238246
04-19 16:02:50.800  5900 23100 I CCalendar$EventCacheModelImpl: Deleted : 0(0)
04-19 16:02:50.800  5900 23100 I CCalendar$EventCacheModelImpl: Inserted : 0(0)
04-19 16:02:50.801  5900 23100 I CCalendar$EventSynchronizer: F] CacheDB update : C(false), E(false)
04-19 16:02:50.801  5900 23100 I CCalendar$WatchCalendarSyncJob: Finish SyncData.
04-19 16:02:50.801  5271  5271 I SensorsHub: LightSensor::injectSensorData: brightness 47
04-19 16:02:50.806  5278  5278 I SehLight: lcd : 47+
04-19 16:02:50.806  5278  5278 I SehLight: lcd : 47-
04-19 16:02:50.807  5628  8455 D BrightnessHandler: inject brightness = 48.0, Brightness: 0.18630117
04-19 16:02:50.809  5271  5271 I SensorsHub: LightSensor::injectSensorData: brightness 48
04-19 16:02:50.810  5628  8455 D BrightnessHandler: inject brightness = 48.0, Brightness: 0.18630117
04-19 16:02:50.811  5271  5271 I SensorsHub: LightSensor::injectSensorData: brightness 48
04-19 16:02:50.812 22993 23131 I SCS@AiSearch user 0: (BaseCollector::CALENDAR) [CALENDAR-0] leave():  leave
04-19 16:02:50.812 22993 23131 I SCS@AiSearch user 0: (IndexManager) [CALENDAR-0] entering in addIndex():
04-19 16:02:50.812  5278  5278 I SehLight: lcd : 48+
04-19 16:02:50.813  5278  5278 I SehLight: lcd : 48-
04-19 16:02:50.815 22993 23131 I SCS@AiSearch user 0: (BaseCollector::CALENDAR) fetch: fetching took  159 ms
04-19 16:02:50.815 22993 23131 I SCS@AiSearch user 0: (BaseCollector::CALENDAR) fetchChanges: applied 0 items
04-19 16:02:50.815 22993 23131 I SCS@AiSearch user 0: (BaseCollector::CALENDAR) Collect finished. Result: true
04-19 16:02:50.816 22993 23131 I SCS@AiSearch user 0: (BaseCollector::CALENDAR) enqueue ObserverWorker name: com.samsung.android.calendar, policy: APPEND_OR_REPLACE
04-19 16:02:50.816 22993 23038 I WM-WorkerWrapper: Worker result SUCCESS for Work [ id=a04fb6f9-64b2-4c0e-9f7c-57c85913f6c0, tags={ com.samsung.android.scs.ai.search.data.collector.ObserverWorker, com.samsung.android.calendar } ]
04-19 16:02:50.819  5628  8455 D BrightnessHandler: inject brightness = 49.0, Brightness: 0.19021988
04-19 16:02:50.820  5271  5271 I SensorsHub: LightSensor::injectSensorData: brightness 49
04-19 16:02:50.821  5628  8455 D BrightnessHandler: inject brightness = 49.0, Brightness: 0.19021988
04-19 16:02:50.822  5271  5271 I SensorsHub: LightSensor::injectSensorData: brightness 49
04-19 16:02:50.823  5278  5278 I SehLight: lcd : 49+
04-19 16:02:50.823  5278  5278 I SehLight: lcd : 49-
04-19 16:02:50.824  8513 21460 D FaceWidgetCalendarDisposable: getEventsFromCalendar, [[id = 1154][start time = 2023 April 19 (Wednesday) 16:00][end time = 2023 April 19 (Wednesday) 16:30][is all day = false]]
04-19 16:02:50.824  8513 21460 D FaceWidgetCalendarDisposable: end: 1
04-19 16:02:50.836  8513  8513 D CentralSurfaces.BrightnessController: updateSliderAnimationDuration() : 1550
04-19 16:02:50.836  8513  8513 D CentralSurfaces.BrightnessController: updateSlider() = 133, brightnessValue = 0.5215686, min = 0.0
04-19 16:02:50.840  5628  8455 D BrightnessHandler: inject brightness = 50.0, Brightness: 0.19413859
04-19 16:02:50.841  5271  5271 I SensorsHub: LightSensor::injectSensorData: brightness 50
04-19 16:02:50.842  5628  8455 D BrightnessHandler: inject brightness = 50.0, Brightness: 0.19413859
04-19 16:02:50.842  8513  8513 I FaceWidgetCalendarManager: Next end = [id = 1154][start time = 2023 April 19 (Wednesday) 16:00][end time = 2023 April 19 (Wednesday) 16:30][is all day = false]
04-19 16:02:50.843  5271  5271 I SensorsHub: LightSensor::injectSensorData: brightness 50
04-19 16:02:50.844  8513  8513 I FaceWidgetCalendarManager: Next start = null
04-19 16:02:50.845  8513  8513 D FaceWidgetCalendarManager: reset
04-19 16:02:50.846  5278  5278 I SehLight: lcd : 50+
04-19 16:02:50.850  5278  5278 I SehLight: lcd : 50-
04-19 16:02:50.854  5628  8455 D BrightnessHandler: inject brightness = 51.0, Brightness: 0.1980573
04-19 16:02:50.859 23099 23137 I DIAGMON_SDK[605029][4N4-399-535399] : generated SR object
04-19 16:02:50.859  5271  5271 I SensorsHub: LightSensor::injectSensorData: brightness 51
04-19 16:02:50.860  5628  8455 D BrightnessHandler: inject brightness = 51.0, Brightness: 0.1980573
04-19 16:02:50.861  5271  5271 I SensorsHub: LightSensor::injectSensorData: brightness 51
04-19 16:02:50.862  5278  5278 I SehLight: lcd : 51+
04-19 16:02:50.862  5278  5278 I SehLight: lcd : 51-
04-19 16:02:50.870  5628  8455 D BrightnessHandler: inject brightness = 52.0, Brightness: 0.201976
04-19 16:02:50.870  5271  5271 I SensorsHub: LightSensor::injectSensorData: brightness 52
04-19 16:02:50.871  5628  8455 D BrightnessHandler: inject brightness = 52.0, Brightness: 0.201976
04-19 16:02:50.873  5271  5271 I SensorsHub: LightSensor::injectSensorData: brightness 52
04-19 16:02:50.874  5278  5278 I SehLight: lcd : 52+
04-19 16:02:50.875  5278  5278 I SehLight: lcd : 52-
04-19 16:02:50.886  5628  8455 D BrightnessHandler: inject brightness = 53.0, Brightness: 0.20589471
04-19 16:02:50.888  5271  5271 I SensorsHub: LightSensor::injectSensorData: brightness 53
04-19 16:02:50.888  5628  8455 D BrightnessHandler: inject brightness = 53.0, Brightness: 0.20589471
04-19 16:02:50.889  5271  5271 I SensorsHub: LightSensor::injectSensorData: brightness 53
04-19 16:02:50.890  5278  5278 I SehLight: lcd : 53+
04-19 16:02:50.891  5278  5278 I SehLight: lcd : 53-
04-19 16:02:50.902  5628  8455 D BrightnessHandler: inject brightness = 54.0, Brightness: 0.20981342
04-19 16:02:50.904  5271  5271 I SensorsHub: LightSensor::injectSensorData: brightness 54
04-19 16:02:50.905  5628  8455 D BrightnessHandler: inject brightness = 54.0, Brightness: 0.20981342
04-19 16:02:50.906  5271  5271 I SensorsHub: LightSensor::injectSensorData: brightness 54
04-19 16:02:50.908  5278  5278 I SehLight: lcd : 54+
04-19 16:02:50.914  5278  5278 I SehLight: lcd : 54-
04-19 16:02:50.919  5628  8455 D BrightnessHandler: inject brightness = 55.0, Brightness: 0.21373212
04-19 16:02:50.921  5271  5271 I SensorsHub: LightSensor::injectSensorData: brightness 55
04-19 16:02:50.922  5628  8455 D BrightnessHandler: inject brightness = 55.0, Brightness: 0.21373212
04-19 16:02:50.923  5271  5271 I SensorsHub: LightSensor::injectSensorData: brightness 55
04-19 16:02:50.924  5278  5278 I SehLight: lcd : 55+
04-19 16:02:50.925  5278  5278 I SehLight: lcd : 55-
04-19 16:02:50.936  5628  8455 D BrightnessHandler: inject brightness = 56.0, Brightness: 0.21765083
04-19 16:02:50.938  5271  5271 I SensorsHub: LightSensor::injectSensorData: brightness 56
04-19 16:02:50.939  5628  8455 D BrightnessHandler: inject brightness = 56.0, Brightness: 0.21765083
04-19 16:02:50.941  5271  5271 I SensorsHub: LightSensor::injectSensorData: brightness 56
04-19 16:02:50.943  5278  5278 I SehLight: lcd : 56+
04-19 16:02:50.943  5278  5278 I SehLight: lcd : 56-
04-19 16:02:50.953  5628  8455 D BrightnessHandler: inject brightness = 57.0, Brightness: 0.22156954
04-19 16:02:50.954  5271  5271 I SensorsHub: LightSensor::injectSensorData: brightness 57
04-19 16:02:50.954  5628 11464 D PackageManager: setEnabledSetting : userId = 0 packageName = com.samsung.android.scs cmp = androidx.work.impl.background.systemalarm.RescheduleReceiver newState = 1 callingPackage = 10380/com.samsung.android.scs
04-19 16:02:50.955  5628 11464 D ApplicationPolicy: getApplicationStateEnabled : pkg = com.samsung.android.scs userId : 0
04-19 16:02:50.955  5628  8455 D BrightnessHandler: inject brightness = 57.0, Brightness: 0.22156954
04-19 16:02:50.956  5628 11464 D ApplicationPolicy: getApplicationComponentState : pkg = com.samsung.android.scs userId : 0
04-19 16:02:50.957  5271  5271 I SensorsHub: LightSensor::injectSensorData: brightness 57
04-19 16:02:50.958  5278  5278 I SehLight: lcd : 57+
04-19 16:02:50.959  5278  5278 I SehLight: lcd : 57-
04-19 16:02:50.970  5628  8455 D BrightnessHandler: inject brightness = 57.0, Brightness: 0.22548825
04-19 16:02:50.977  5271  5271 I SensorsHub: LightSensor::injectSensorData: brightness 57
04-19 16:02:50.978  5628  8455 D BrightnessHandler: inject brightness = 57.0, Brightness: 0.22548825
04-19 16:02:50.979  5271  5271 I SensorsHub: LightSensor::injectSensorData: brightness 57
04-19 16:02:50.987  5628  8455 D BrightnessHandler: inject brightness = 58.0, Brightness: 0.22940695
04-19 16:02:50.989  5271  5271 I SensorsHub: LightSensor::injectSensorData: brightness 58
04-19 16:02:50.990  5628  8455 D BrightnessHandler: inject brightness = 58.0, Brightness: 0.22940695
04-19 16:02:50.992  5271  5271 I SensorsHub: LightSensor::injectSensorData: brightness 58
04-19 16:02:50.993  5278  5278 I SehLight: lcd : 58+
04-19 16:02:51.000  5278  5278 I SehLight: lcd : 58-
04-19 16:02:51.003  5628  8455 D BrightnessHandler: inject brightness = 59.0, Brightness: 0.23332566
04-19 16:02:51.006  5271  5271 I SensorsHub: LightSensor::injectSensorData: brightness 59
04-19 16:02:51.007  5628  8455 D BrightnessHandler: inject brightness = 59.0, Brightness: 0.23332566
04-19 16:02:51.008  5271  5271 I SensorsHub: LightSensor::injectSensorData: brightness 59
04-19 16:02:51.010  5278  5278 I SehLight: lcd : 59+
04-19 16:02:51.011  5278  5278 I SehLight: lcd : 59-
04-19 16:02:51.019  5628  8455 D BrightnessHandler: inject brightness = 60.0, Brightness: 0.23724437
04-19 16:02:51.021  5271  5271 I SensorsHub: LightSensor::injectSensorData: brightness 60
04-19 16:02:51.022  5628  8455 D BrightnessHandler: inject brightness = 60.0, Brightness: 0.23724437
04-19 16:02:51.023  5271  5271 I SensorsHub: LightSensor::injectSensorData: brightness 60
04-19 16:02:51.025  5278  5278 I SehLight: lcd : 60+
04-19 16:02:51.025  5278  5278 I SehLight: lcd : 60-
04-19 16:02:51.037  5628  8455 D BrightnessHandler: inject brightness = 61.0, Brightness: 0.24116307
04-19 16:02:51.038  5271  5271 I SensorsHub: LightSensor::injectSensorData: brightness 61
04-19 16:02:51.039  5628  8455 D BrightnessHandler: inject brightness = 61.0, Brightness: 0.24116307
04-19 16:02:51.041  5271  5271 I SensorsHub: LightSensor::injectSensorData: brightness 61
04-19 16:02:51.042  5278  5278 I SehLight: lcd : 61+
04-19 16:02:51.042  5278  5278 I SehLight: lcd : 61-
04-19 16:02:51.053  5628  8455 D BrightnessHandler: inject brightness = 62.0, Brightness: 0.24508178
04-19 16:02:51.054  5271  5271 I SensorsHub: LightSensor::injectSensorData: brightness 62
04-19 16:02:51.055  5628  8455 D BrightnessHandler: inject brightness = 62.0, Brightness: 0.24508178
04-19 16:02:51.055  5271  5271 I SensorsHub: LightSensor::injectSensorData: brightness 62
04-19 16:02:51.057  5278  5278 I SehLight: lcd : 62+
04-19 16:02:51.062  5278  5278 I SehLight: lcd : 62-
04-19 16:02:51.069 23099 23114 I ExtractEntityExecutor: extracted size - bee : 0, otp : 0
04-19 16:02:51.069 23099 23114 I ExtractEntityExecutor: extractBasicEntity - end
04-19 16:02:51.069  5628  8455 D BrightnessHandler: inject brightness = 63.0, Brightness: 0.24900049
04-19 16:02:51.070  5271  5271 I SensorsHub: LightSensor::injectSensorData: brightness 63
04-19 16:02:51.071  5628  8455 D BrightnessHandler: inject brightness = 63.0, Brightness: 0.24900049
04-19 16:02:51.073  5271  5271 I SensorsHub: LightSensor::injectSensorData: brightness 63
04-19 16:02:51.074  5278  5278 I SehLight: lcd : 63+
04-19 16:02:51.075  5278  5278 I SehLight: lcd : 63-
04-19 16:02:51.081 21481 21481 I ScsApi@Feature: checkFeature() : FEATURE_TEXT_GET_ENTITY
04-19 16:02:51.083 21481 21481 I ScsApi@FeatureHolder: setStatus() : FEATURE_TEXT_GET_ENTITY : 0
04-19 16:02:51.083 21481 21481 I SCSUtils: FEATURE_TEXT_GET_ENTITY is available
04-19 16:02:51.083 21481 21481 I ScsApi@Feature: checkFeature() : FEATURE_TEXT_GET_ENTITY
04-19 16:02:51.087 21481 21481 I ScsApi@FeatureHolder: setStatus() : FEATURE_TEXT_GET_ENTITY : 0
04-19 16:02:51.087 21481 21481 I ScsApi@Feature: checkFeature() : FEATURE_TEXT_GET_ENTITY_DATETIME_NUMERAL
04-19 16:02:51.088  5628  8455 D BrightnessHandler: inject brightness = 64.0, Brightness: 0.2529192
04-19 16:02:51.090  5271  5271 I SensorsHub: LightSensor::injectSensorData: brightness 64
04-19 16:02:51.091  5628  8455 D BrightnessHandler: inject brightness = 64.0, Brightness: 0.2529192
04-19 16:02:51.092 21481 21481 I ScsApi@FeatureHolder: setStatus() : FEATURE_TEXT_GET_ENTITY_DATETIME_NUMERAL : 0
04-19 16:02:51.092  5271  5271 I SensorsHub: LightSensor::injectSensorData: brightness 64
04-19 16:02:51.093 21481 21481 I ScsApi@Feature: checkFeature() : FEATURE_TEXT_GET_ENTITY_PHONE_NUMBER
04-19 16:02:51.094  5278  5278 I SehLight: lcd : 64+
04-19 16:02:51.094  5278  5278 I SehLight: lcd : 64-
04-19 16:02:51.100 21481 21481 I ScsApi@FeatureHolder: setStatus() : FEATURE_TEXT_GET_ENTITY_PHONE_NUMBER : 0
04-19 16:02:51.101 21481 21481 I ScsApi@Feature: checkFeature() : FEATURE_TEXT_GET_ENTITY_POI
04-19 16:02:51.103  5628  8455 D BrightnessHandler: inject brightness = 65.0, Brightness: 0.2568379
04-19 16:02:51.105  5271  5271 I SensorsHub: LightSensor::injectSensorData: brightness 65
04-19 16:02:51.106  5628  8455 D BrightnessHandler: inject brightness = 65.0, Brightness: 0.2568379
04-19 16:02:51.107 21481 21481 I ScsApi@FeatureHolder: setStatus() : FEATURE_TEXT_GET_ENTITY_POI : 0
04-19 16:02:51.107  5271  5271 I SensorsHub: LightSensor::injectSensorData: brightness 65
04-19 16:02:51.107 21481 21481 I ScsApi@Feature: checkFeature() : FEATURE_TEXT_GET_ENTITY_BANK
04-19 16:02:51.108  5278  5278 I SehLight: lcd : 65+
04-19 16:02:51.109  5278  5278 I SehLight: lcd : 65-
04-19 16:02:51.110 21481 21481 I ScsApi@FeatureHolder: setStatus() : FEATURE_TEXT_GET_ENTITY_BANK : 0
04-19 16:02:51.112 23099 23114 I ExtractEntityExecutor: extractBasicEntity - start
04-19 16:02:51.112 23099 23114 I ExtractEntityExecutor: extractBasicEntity input text length : 72
04-19 16:02:51.119  5628  8455 D BrightnessHandler: inject brightness = 66.0, Brightness: 0.2607566
04-19 16:02:51.122  5271  5271 I SensorsHub: LightSensor::injectSensorData: brightness 66
04-19 16:02:51.123  5628  8455 D BrightnessHandler: inject brightness = 66.0, Brightness: 0.2607566
04-19 16:02:51.125  5271  5271 I SensorsHub: LightSensor::injectSensorData: brightness 66
04-19 16:02:51.126  5278  5278 I SehLight: lcd : 66+
04-19 16:02:51.132  5278  5278 I SehLight: lcd : 66-
04-19 16:02:51.140  5628  8455 D BrightnessHandler: inject brightness = 67.0, Brightness: 0.26467532
04-19 16:02:51.141  5271  5271 I SensorsHub: LightSensor::injectSensorData: brightness 67
04-19 16:02:51.142  5628  8455 D BrightnessHandler: inject brightness = 67.0, Brightness: 0.26467532
04-19 16:02:51.144  5271  5271 I SensorsHub: LightSensor::injectSensorData: brightness 67
04-19 16:02:51.145  5278  5278 I SehLight: lcd : 67+
04-19 16:02:51.146  5278  5278 I SehLight: lcd : 67-
04-19 16:02:51.153  5628  8455 D BrightnessHandler: inject brightness = 68.0, Brightness: 0.26859403
04-19 16:02:51.154  5271  5271 I SensorsHub: LightSensor::injectSensorData: brightness 68
04-19 16:02:51.155  5628  8455 D BrightnessHandler: inject brightness = 68.0, Brightness: 0.26859403
04-19 16:02:51.156  5271  5271 I SensorsHub: LightSensor::injectSensorData: brightness 68
04-19 16:02:51.159  5278  5278 I SehLight: lcd : 68+
04-19 16:02:51.159  5278  5278 I SehLight: lcd : 68-
04-19 16:02:51.169  5331  5376 I SurfaceFlinger: id=19365 createSurf flag=24000, Surface(name=ff30128 Toast)/@0x3ea0e04 - animation-leash of window_animation#19365
04-19 16:02:51.170  5628  8455 D BrightnessHandler: inject brightness = 69.0, Brightness: 0.27251273
04-19 16:02:51.172  5271  5271 I SensorsHub: LightSensor::injectSensorData: brightness 69
04-19 16:02:51.173  5628  8455 D BrightnessHandler: inject brightness = 69.0, Brightness: 0.27251273
04-19 16:02:51.175  5271  5271 I SensorsHub: LightSensor::injectSensorData: brightness 69
04-19 16:02:51.176  5278  5278 I SehLight: lcd : 69+
04-19 16:02:51.177  5278  5278 I SehLight: lcd : 69-
04-19 16:02:51.178 23099 23114 I ExtractEntityExecutor: extracted size - bee : 0, otp : 0
04-19 16:02:51.178 23099 23114 I ExtractEntityExecutor: extractBasicEntity - end
04-19 16:02:51.187  5628  8455 D BrightnessHandler: inject brightness = 70.0, Brightness: 0.27643144
04-19 16:02:51.192 21481 21481 I ScsApi@Feature: checkFeature() : FEATURE_TEXT_GET_ENTITY
04-19 16:02:51.193  5271  5271 I SensorsHub: LightSensor::injectSensorData: brightness 70
04-19 16:02:51.197 21481 21481 I ScsApi@FeatureHolder: setStatus() : FEATURE_TEXT_GET_ENTITY : 0
04-19 16:02:51.197 21481 21481 I SCSUtils: FEATURE_TEXT_GET_ENTITY is available
04-19 16:02:51.197 21481 21481 I ScsApi@Feature: checkFeature() : FEATURE_TEXT_GET_ENTITY
04-19 16:02:51.199  5628  8455 D BrightnessHandler: inject brightness = 70.0, Brightness: 0.27643144
04-19 16:02:51.200  5271  5271 I SensorsHub: LightSensor::injectSensorData: brightness 70
04-19 16:02:51.201 21481 21481 I ScsApi@FeatureHolder: setStatus() : FEATURE_TEXT_GET_ENTITY : 0
04-19 16:02:51.201 21481 21481 I ScsApi@Feature: checkFeature() : FEATURE_TEXT_GET_ENTITY_DATETIME_NUMERAL
04-19 16:02:51.206 21481 21481 I ScsApi@FeatureHolder: setStatus() : FEATURE_TEXT_GET_ENTITY_DATETIME_NUMERAL : 0
04-19 16:02:51.206 21481 21481 I ScsApi@Feature: checkFeature() : FEATURE_TEXT_GET_ENTITY_PHONE_NUMBER
04-19 16:02:51.208 21481 21481 I ScsApi@FeatureHolder: setStatus() : FEATURE_TEXT_GET_ENTITY_PHONE_NUMBER : 0
04-19 16:02:51.208 21481 21481 I ScsApi@Feature: checkFeature() : FEATURE_TEXT_GET_ENTITY_POI
04-19 16:02:51.209  5278  5278 I SehLight: lcd : 70+
04-19 16:02:51.210 21481 21481 I ScsApi@FeatureHolder: setStatus() : FEATURE_TEXT_GET_ENTITY_POI : 0
04-19 16:02:51.210 21481 21481 I ScsApi@Feature: checkFeature() : FEATURE_TEXT_GET_ENTITY_BANK
04-19 16:02:51.211 21481 21481 I ScsApi@FeatureHolder: setStatus() : FEATURE_TEXT_GET_ENTITY_BANK : 0
04-19 16:02:51.212 23099 23114 I ExtractEntityExecutor: extractBasicEntity - start
04-19 16:02:51.212 23099 23114 I ExtractEntityExecutor: extractBasicEntity input text length : 467
04-19 16:02:51.214  5278  5278 I SehLight: lcd : 70-
04-19 16:02:51.215  5628  8455 D BrightnessHandler: inject brightness = 71.0, Brightness: 0.28035015
04-19 16:02:51.215  5271  5271 I SensorsHub: LightSensor::injectSensorData: brightness 71
04-19 16:02:51.216  5628  8455 D BrightnessHandler: inject brightness = 71.0, Brightness: 0.28035015
04-19 16:02:51.220  5271  5271 I SensorsHub: LightSensor::injectSensorData: brightness 71
04-19 16:02:51.223  5278  5278 I SehLight: lcd : 71+
04-19 16:02:51.231  5278  5278 I SehLight: lcd : 71-
04-19 16:02:51.232  5628  8455 D BrightnessHandler: inject brightness = 72.0, Brightness: 0.28427336
04-19 16:02:51.233  5271  5271 I SensorsHub: LightSensor::injectSensorData: brightness 72
04-19 16:02:51.235  5628  8455 D BrightnessHandler: inject brightness = 72.0, Brightness: 0.28427336
04-19 16:02:51.239  5271  5271 I SensorsHub: LightSensor::injectSensorData: brightness 72
04-19 16:02:51.242  5278  5278 I SehLight: lcd : 72+
04-19 16:02:51.248  5278  5278 I SehLight: lcd : 72-
04-19 16:02:51.249  5628  8455 D BrightnessHandler: inject brightness = 73.0, Brightness: 0.2881843
04-19 16:02:51.259  5271  5271 I SensorsHub: LightSensor::injectSensorData: brightness 73
04-19 16:02:51.261  5628  8455 D BrightnessHandler: inject brightness = 73.0, Brightness: 0.2881843
04-19 16:02:51.263  5271  5271 I SensorsHub: LightSensor::injectSensorData: brightness 73
04-19 16:02:51.264  5278  5278 I SehLight: lcd : 73+
04-19 16:02:51.265  5278  5278 I SehLight: lcd : 73-
04-19 16:02:51.267  5628  8455 D BrightnessHandler: inject brightness = 74.0, Brightness: 0.29209912
04-19 16:02:51.269  5271  5271 I SensorsHub: LightSensor::injectSensorData: brightness 74
04-19 16:02:51.270 23099 23114 I ExtractEntityExecutor: extracted size - bee : 5, otp : 0
04-19 16:02:51.270 23099 23114 I ExtractEntityExecutor: extractBasicEntity - end
04-19 16:02:51.275  5628  8455 D BrightnessHandler: inject brightness = 74.0, Brightness: 0.29209912
04-19 16:02:51.277  5271  5271 I SensorsHub: LightSensor::injectSensorData: brightness 74
04-19 16:02:51.280  5278  5278 I SehLight: lcd : 74+
04-19 16:02:51.281  5278  5278 I SehLight: lcd : 74-
04-19 16:02:51.282  5628  8455 D BrightnessHandler: inject brightness = 75.0, Brightness: 0.296019
04-19 16:02:51.282  5271  5271 I SensorsHub: LightSensor::injectSensorData: brightness 75
04-19 16:02:51.283  5628  8455 D BrightnessHandler: inject brightness = 75.0, Brightness: 0.296019
04-19 16:02:51.284  5271  5271 I SensorsHub: LightSensor::injectSensorData: brightness 75
04-19 16:02:51.286  5278  5278 I SehLight: lcd : 75+
04-19 16:02:51.297  5278  5278 I SehLight: lcd : 75-
04-19 16:02:51.299  5628  8455 D BrightnessHandler: inject brightness = 76.0, Brightness: 0.29993963
04-19 16:02:51.300  5271  5271 I SensorsHub: LightSensor::injectSensorData: brightness 76
04-19 16:02:51.301  5628  8455 D BrightnessHandler: inject brightness = 76.0, Brightness: 0.29993963
04-19 16:02:51.303  5271  5271 I SensorsHub: LightSensor::injectSensorData: brightness 76
04-19 16:02:51.307  5278  5278 I SehLight: lcd : 76+
04-19 16:02:51.314  5278  5278 I SehLight: lcd : 76-
04-19 16:02:51.315  5628  8455 D BrightnessHandler: inject brightness = 77.0, Brightness: 0.30386397
