04-27 20:10:44.182 26164 26187 I TestRunner: started: mutableRefIntIn1Long(org.jetbrains.android_benchmark.AckermannBenchmark)
04-27 20:10:44.185 26164 26164 I MonitoringInstr: Activities that are still in CREATED to STOPPED: 1
04-27 20:10:44.185 26164 26164 I MonitoringInstr: Finishing activity: androidx.benchmark.IsolationActivity@60bdc39
04-27 20:10:44.194 26164 26187 I GrantPermissionCallable: Permission: android.permission.WRITE_EXTERNAL_STORAGE is already granted!
04-27 20:10:44.196 26164 26187 I GrantPermissionCallable: Permission: android.permission.READ_EXTERNAL_STORAGE is already granted!
04-27 20:10:44.196 26164 26187 D Benchmark: -- Running org.jetbrains.android_benchmark.AckermannBenchmark#mutableRefIntIn1Long --
04-27 20:10:44.197 26164 26187 D PerfettoCapture: Supported ABIs: arm64-v8a, armeabi-v7a, armeabi
04-27 20:10:44.197 26164 26187 D PerfettoCapture: Recording perfetto trace
04-27 20:10:44.249 26164 26187 I PerfettoCapture: Cleanup perfetto before starting.
04-27 20:10:44.429  5878  5878 D SecPowerUI.Notification: showChargingNotice oldChargingType : 11 / currentChargingType : 11, oldChargingTime : 2812000 / mChargingTime : 2812000
04-27 20:10:44.429  5878  5878 D SecPowerUI.Notification: There is no change about charging status, so return!
04-27 20:10:44.430 26164 26187 I PerfettoCapture: Perfetto output file cleanup -
04-27 20:10:44.430 26164 26187 I PerfettoCapture: Starting perfetto tracing with cmd: cat /storage/emulated/0/Android/data/org.jetbrains.android_benchmark.test/cache/trace_config.pb | perfetto --background -c - -o /data/misc/perfetto-traces/trace_output.pb
04-27 20:10:44.614 26706 26706 I perfetto:    perfetto_cmd.cc:1001 Connected to the Perfetto traced service, starting tracing
04-27 20:10:44.616  5131  5131 I perfetto: ing_service_impl.cc:953 Configured tracing session 2, #sources:4, duration:0 ms, #buffers:2, total buffer size:36864 KB, total sessions:1, uid:2000 session name: ""
04-27 20:10:44.617  5130  5130 I perfetto:  probes_producer.cc:139 Ftrace setup (target_buf=3)
04-27 20:10:44.664 26164 26187 I PerfettoCapture: Perfetto output - 26706
04-27 20:10:44.664 26164 26187 I PerfettoCapture: EXITCODE=0
04-27 20:10:44.683  4389  4389 I hwservicemanager: getTransport: Cannot find entry android.hardware.atrace@1.0::IAtraceDevice/default in either framework or device VINTF manifest.
04-27 20:10:44.693  5429  5488 W libprocessgroup: Failed to open /dev/blkio//cgroup.procs: No such file or directory
04-27 20:10:44.697  5429  5429 D SemWifiP2pGoPowerSave: GopsReceiver : received : com.samsung.intent.action.CHECK_SIOP_LEVEL
04-27 20:10:44.697  5429  5429 I SemWifiP2pGoPowerSave: siop_level = -1
04-27 20:10:44.699 11589 11751 I SystemBroadcastReceiver: [#CMH#] onReceive completed :  0
04-27 20:10:44.700 11589 11589 I PolicyManager: [#CMH#] onReceive action = EVENT_SIOP
04-27 20:10:44.713  5130  5130 I perfetto:    ftrace_procfs.cc:335 enabled ftrace in /sys/kernel/tracing/
04-27 20:10:44.717 26084 26084 I SCS@AiSearch user 0: (ObserverWorker::AOSP_MP) [main] entering in startWork():
04-27 20:10:44.718 26084 26084 I SCS@AiSearch user 0: (BaseCollector::AOSP_MP) [main] entering in onChange():
04-27 20:10:44.729 26084 26142 I SCS@AiSearch user 0: (BaseCollector::AOSP_MP) [AOSP_MP-0] entering in collectChanges():
04-27 20:10:44.737  5429  6256 D PackageManager: setEnabledSetting : userId = 0 packageName = com.samsung.android.scs cmp = androidx.work.impl.background.systemalarm.RescheduleReceiver newState = 1 callingPackage = 10380/com.samsung.android.scs
04-27 20:10:44.738  5429  6256 D ApplicationPolicy: getApplicationStateEnabled : pkg = com.samsung.android.scs userId : 0
04-27 20:10:44.741  5429  6256 D ApplicationPolicy: getApplicationComponentState : pkg = com.samsung.android.scs userId : 0
04-27 20:10:44.748 26164 26187 I PerfettoCapture: Perfetto tracing started successfully with pid 26706.
04-27 20:10:44.824 26164 26187 I PerfettoCapture: /sys/kernel/tracing/tracing_on = 1, polled 0 times, capture fully started
04-27 20:10:44.825 26164 26187 D Benchmark: Set 26187 (Bench thread) to priority -20. Was -8, now -20
04-27 20:10:44.825 26164 26187 D Benchmark: Set 26172 (Jit) to priority -15. Was 9, now -15
04-27 20:10:44.843 26164 26187 I _benchmark.test: Explicit concurrent copying GC freed 229117(5870KB) AllocSpace objects, 2(40KB) LOS objects, 67% free, 2892KB/9036KB, paused 117us,82us total 18.033ms
04-27 20:10:44.880  5429  7411 D SemWifiUsabilityStatsMonitor: onWifiUsabilityStats - seqNum 3690, isSameBssidAndFreq true
04-27 20:10:44.884  5429  5717 I SemWifiLinkQualityMonitor: Link Qos Query: 0.129 ms / 62.182 Mbps (72 / 0.000 / 1.158)
04-27 20:10:44.917  6734 24400 I NetworkScheduler.Stats: Task com.google.android.gms/com.google.android.gms.phenotype.service.sync.PhenotypeConfigurator started execution. cause:5 exec_start_elapsed_seconds: 28584 [CONTEXT service_id=218 ]
04-27 20:10:45.113 26084 26142 I SCS@AiSearch user 0: (BaseCollector::AOSP_MP) fetchInternal values : maxSyncId: 1000008086 indexCount: 1705 sourceCount: 1705
04-27 20:10:45.178 26084 26142 I SCS@AiSearch user 0: (IndexManager) [AOSP_MP-0] entering in addIndex():
04-27 20:10:45.184 26084 26142 I SCS@AiSearch user 0: (BaseCollector::AOSP_MP) fetch: fetching took  158 ms
04-27 20:10:45.185 26084 26142 I SCS@AiSearch user 0: (BaseCollector::AOSP_MP) fetchChanges: applied 0 items
04-27 20:10:45.185 26084 26142 I SCS@AiSearch user 0: (BaseCollector::AOSP_MP) Collect finished. Result: true
04-27 20:10:45.196 26084 26136 I WM-WorkerWrapper: Worker result SUCCESS for Work [ id=de560e5c-726d-45e0-a0a3-6a60cd0284e7, tags={ com.sec.android.app.myfiles, com.samsung.android.scs.ai.search.data.collector.ObserverWorker } ]
04-27 20:10:45.206 26084 26142 I SCS@AiSearch user 0: (BaseCollector::AOSP_MP) enqueue ObserverWorker name: com.sec.android.app.myfiles, policy: APPEND_OR_REPLACE
04-27 20:10:45.298  5429  5838 D PackageManager: setEnabledSetting : userId = 0 packageName = com.samsung.android.scs cmp = androidx.work.impl.background.systemalarm.RescheduleReceiver newState = 1 callingPackage = 10380/com.samsung.android.scs
04-27 20:10:45.299  5429  5838 D ApplicationPolicy: getApplicationStateEnabled : pkg = com.samsung.android.scs userId : 0
04-27 20:10:45.301  5429  5838 D ApplicationPolicy: getApplicationComponentState : pkg = com.samsung.android.scs userId : 0
04-27 20:10:45.352  5429  5438 I system_server: Background young concurrent copying GC freed 457360(20MB) AllocSpace objects, 68(2956KB) LOS objects, 19% free, 98MB/122MB, paused 357us,427us total 156.611ms
04-27 20:10:45.356 26508 26612 W libc    : Access denied finding property "sys.perf.boostopt"
04-27 20:10:45.356  4899  4899 E audit   : type=1400 audit(1682619045.351:17769): avc:  denied  { read } for  pid=26508 comm="binder:26508_3" name="u:object_r:perf_prop:s0" dev="tmpfs" ino=21617 scontext=u:r:untrusted_app:s0:c242,c256,c512,c768 tcontext=u:object_r:perf_prop:s0 tclass=file permissive=0 SEPF_SM-A515F_13_0001 audit_filtered
04-27 20:10:45.356  4899  4899 E audit   : type=1300 audit(1682619045.351:17769): arch=c00000b7 syscall=56 success=no exit=-13 a0=ffffff9c a1=78010fc2f8 a2=88000 a3=0 items=0 ppid=4924 pid=26508 auid=4294967295 uid=10242 gid=10242 euid=10242 suid=10242 fsuid=10242 egid=10242 sgid=10242 fsgid=10242 tty=(none) ses=4294967295 comm="binder:26508_3" exe="/system/bin/app_process64" subj=u:r:untrusted_app:s0:c242,c256,c512,c768 key=(null)
04-27 20:10:45.356  4899  4899 E audit   : type=1327 audit(1682619045.351:17769): proctitle="com.google.android.gm"
04-27 20:10:45.356  4899  4899 E audit   : type=1400 audit(1682619045.351:17770): avc:  denied  { read } for  pid=25568 comm="binder:25568_3" name="u:object_r:perf_prop:s0" dev="tmpfs" ino=21617 scontext=u:r:untrusted_app:s0:c22,c257,c512,c768 tcontext=u:object_r:perf_prop:s0 tclass=file permissive=0 SEPF_SM-A515F_13_0001 audit_filtered
04-27 20:10:45.356  4899  4899 E audit   : type=1300 audit(1682619045.351:17770): arch=c00000b7 syscall=56 success=no exit=-13 a0=ffffff9c a1=78049b52f8 a2=88000 a3=0 items=0 ppid=4924 pid=25568 auid=4294967295 uid=10278 gid=10278 euid=10278 suid=10278 fsuid=10278 egid=10278 sgid=10278 fsgid=10278 tty=(none) ses=4294967295 comm="binder:25568_3" exe="/system/bin/app_process64" subj=u:r:untrusted_app:s0:c22,c257,c512,c768 key=(null)
04-27 20:10:45.357 25568 25599 W libc    : Access denied finding property "sys.perf.boostopt"
04-27 20:10:45.358 26383 26396 W libc    : Access denied finding property "sys.perf.boostopt"
04-27 20:10:45.359 24767 25185 W libc    : Access denied finding property "sys.perf.boostopt"
04-27 20:10:46.492  5429  5705 I ChimeraAggressivePolicyHandler: executePolicy() - triggerSource: TRIGGER_SOURCE_LMKD
04-27 20:10:46.493  5429  5705 I ChimeraAggressivePolicyHandler: memAvailable: 804716, memFreeTarget: 870400, releaseTarget:65684, protectedLruCount: 10
04-27 20:10:46.508  5429  5705 I NSLocationMonitor: getGPSUsingApps() called
04-27 20:10:46.528  7025  7043 I NSLocationManager_FLP: getGPSUsingApps, NO_FREEZE={5013} / FREEZE={10234}
04-27 20:10:46.538  5429  5705 I ChimeraAggressivePolicyHandler: Start doKill, protected policy: NORMAL
04-27 20:10:46.541  5429  5705 I ChimeraAggressivePolicyHandler: kill complete: killed 0 apps, freed 0 KB
04-27 20:10:46.541  5429  5705 I ChimeraAggressivePolicyHandler: Start doKill, protected policy: HEAVY
04-27 20:10:46.544  5429  5705 I ChimeraAggressivePolicyHandler: kill complete: killed 0 apps, freed 0 KB
04-27 20:10:46.544  5429  5705 I ChimeraAggressivePolicyHandler: Skipped reason: LR, pids: 26164 19519
04-27 20:10:46.544  5429  5705 I ChimeraAggressivePolicyHandler: Skipped reason: CA, pids: 26434 25154 26508 26060 24909 26383 6865 25105 26326 22680 25568 26084 25508 23654 25191 25772 11246 25909 24767
04-27 20:10:46.544  5429  5705 I ChimeraAggressivePolicyHandler: Skipped reason: PE, pids: 8449 9537 11589 20358 25226 6156 6734 19664 5848 5787 25691 8348 8350 6174 25567 7327 11360 8419 6180 6118 6190 23151 7025 6196 5429 25653 5878 10679 9209 10299 6655
04-27 20:10:46.544  5429  5705 I ChimeraAggressivePolicyHandler: Skipped reason: IN, pids: 13254 1836 23853 13010 16758 12664
04-27 20:10:46.544  5429  5705 I ChimeraAggressivePolicyHandler: Skipped reason: SE, pids: 8909 1823
04-27 20:10:46.544  5429  5705 I ChimeraAggressivePolicyHandler: Skipped reason: AD, pids: 19267 12037 24781 8401 533 22494 8548 8932 11943 8618 13805 9197 6267 8575
04-27 20:10:46.544  5429  5705 I ChimeraAggressivePolicyHandler: Processing time(ms) 52
04-27 20:10:46.693 20358 26623 W Finsky  : [215] vhg.q(67): Package com.android.apex.cts.shim not installed
04-27 20:10:46.704 11589 11769 I PolicyManager: [#CMH#] Is foreground game app: false
04-27 20:10:46.724 20358 26623 W Finsky  : [215] vhg.q(67): Package com.android.btservices not installed
04-27 20:10:46.731 20358 26623 W Finsky  : [215] vhg.q(67): Package com.android.i18n not installed
04-27 20:10:46.761 20358 26623 W Finsky  : [215] vhg.q(67): Package com.android.runtime not installed
04-27 20:10:46.783 20358 26623 W Finsky  : [215] vhg.q(67): Package com.android.uwb not installed
04-27 20:10:46.785 20358 26623 W Finsky  : [215] vhg.q(67): Package com.android.vndk.v33 not installed
04-27 20:10:46.788 20358 26623 W Finsky  : [215] vhg.q(67): Package com.android.wifi not installed
04-27 20:10:46.795 20358 26623 W Finsky  : [215] vhg.q(67): Package com.samsung.android.authfw.ta not installed
04-27 20:10:46.799 20358 26623 W Finsky  : [215] vhg.q(67): Package com.samsung.android.biometrics.face not installed
04-27 20:10:46.803 20358 26623 W Finsky  : [215] vhg.q(67): Package com.samsung.android.biometrics.fingerprint not installed
04-27 20:10:46.807 20358 26623 W Finsky  : [215] vhg.q(67): Package com.samsung.android.shell not installed
04-27 20:10:46.816 20358 26623 W Finsky  : [215] vhg.q(67): Package com.samsung.android.ipm not installed
04-27 20:10:46.821 20358 26623 W Finsky  : [215] vhg.q(67): Package com.samsung.android.camera.unihal not installed
04-27 20:10:46.826 20358 26623 W Finsky  : [215] vhg.q(67): Package com.samsung.android.spqr not installed
04-27 20:10:47.183  6734  6743 I .gms.persistent: Background concurrent copying GC freed 444553(23MB) AllocSpace objects, 0(0B) LOS objects, 47% free, 26MB/50MB, paused 204us,108us total 382.516ms
04-27 20:10:47.192  4899  4899 E audit   : type=1400 audit(1682619047.187:17773): avc:  denied  { read } for  pid=26508 comm="binder:26508_2" name="u:object_r:perf_prop:s0" dev="tmpfs" ino=21617 scontext=u:r:untrusted_app:s0:c242,c256,c512,c768 tcontext=u:object_r:perf_prop:s0 tclass=file permissive=0 SEPF_SM-A515F_13_0001 audit_filtered
04-27 20:10:47.192  4899  4899 E audit   : type=1300 audit(1682619047.187:17773): arch=c00000b7 syscall=56 success=no exit=-13 a0=ffffff9c a1=78049ad2f8 a2=88000 a3=0 items=0 ppid=4924 pid=26508 auid=4294967295 uid=10242 gid=10242 euid=10242 suid=10242 fsuid=10242 egid=10242 sgid=10242 fsgid=10242 tty=(none) ses=4294967295 comm="binder:26508_2" exe="/system/bin/app_process64" subj=u:r:untrusted_app:s0:c242,c256,c512,c768 key=(null)
04-27 20:10:47.192  4899  4899 E audit   : type=1327 audit(1682619047.187:17773): proctitle="com.google.android.gm"
04-27 20:10:47.192 26508 26522 W libc    : Access denied finding property "sys.perf.boostopt"
04-27 20:10:47.192 26326 26340 W libc    : Access denied finding property "sys.perf.boostopt"
04-27 20:10:47.193  4899  4899 E audit   : type=1400 audit(1682619047.187:17774): avc:  denied  { read } for  pid=26326 comm="binder:26326_2" name="u:object_r:perf_prop:s0" dev="tmpfs" ino=21617 scontext=u:r:untrusted_app:s0:c252,c256,c512,c768 tcontext=u:object_r:perf_prop:s0 tclass=file permissive=0 SEPF_SM-A515F_13_0001 audit_filtered
04-27 20:10:47.196  8401 19373 W libc    : Access denied finding property "sys.perf.boostopt"
04-27 20:10:47.196 26434 26488 W libc    : Access denied finding property "sys.perf.boostopt"
04-27 20:10:47.658 20358 20366 I android.vending: Background concurrent copying GC freed 215095(10MB) AllocSpace objects, 7(428KB) LOS objects, 49% free, 12MB/25MB, paused 315us,324us total 174.908ms
04-27 20:10:47.871  5429  5488 W libprocessgroup: Failed to open /dev/blkio//cgroup.procs: No such file or directory
04-27 20:10:47.872  5429  5488 W libprocessgroup: Failed to open /dev/blkio//cgroup.procs: No such file or directory
04-27 20:10:47.911  5429  7411 D SemWifiUsabilityStatsMonitor: onWifiUsabilityStats - seqNum 3691, isSameBssidAndFreq true
04-27 20:10:47.913  5429  5717 I SemWifiLinkQualityMonitor: Link Qos Query: 0.130 ms / 61.714 Mbps (72 / 0.000 / 1.167)
04-27 20:10:48.497 20358 20358 I Finsky  : [2] jne.h(1): Completed 1 account content syncs with 1 successful.
04-27 20:10:48.506 20358 20358 I Finsky  : [2] ContentSyncJob.a(1): [ContentSync] Installation state replication succeeded.
04-27 20:10:48.507 20358 20358 I Finsky  : [2] yju.r(4): SCH: jobFinished: 12-1. TimeElapsed: 5692ms.
04-27 20:10:48.559 20358 20392 I Finsky  : [78] xvd.accept(55): SCH: Scheduling phonesky job Id: 1-1337, CT: 1682593842310, Constraints: [{ L: 43165084, D: 86365084, C: 1, I: 1, N: 1 }]
04-27 20:10:48.588 20358 20403 I Finsky  : [84] yjt.apply(99): SCH: Scheduling 1 system job(s)
04-27 20:10:48.590 20358 20403 I Finsky  : [84] yjs.d(4): SCH: Scheduling system job Id: 9179, L: 17958805, D: 61158805, C: false, I: false, N: 1
04-27 20:10:48.617 20358 26618 I Finsky  : [214] ylf.a(16): SCH: job service finished with id 9176.
04-27 20:10:49.360  4899  4899 E audit   : type=1400 audit(1682619049.355:17777): avc:  denied  { getattr } for  pid=5429 comm="BinderProcsColl" path="/sys/kernel/debug/binder/proc/5429" dev="debugfs" ino=28624 scontext=u:r:system_server:s0 tcontext=u:object_r:sec_debugfs:s0 tclass=file permissive=0 SEPF_SM-A515F_13_0001 audit_filtered
04-27 20:10:49.360  4899  4899 E audit   : type=1300 audit(1682619049.355:17777): arch=c00000b7 syscall=79 success=no exit=-13 a0=ffffff9c a1=77702bf440 a2=768437b680 a3=0 items=0 ppid=4924 pid=5429 auid=4294967295 uid=1000 gid=1000 euid=1000 suid=1000 fsuid=1000 egid=1000 sgid=1000 fsgid=1000 tty=(none) ses=4294967295 comm="BinderProcsColl" exe="/system/bin/app_process64" subj=u:r:system_server:s0 key=(null)
04-27 20:10:49.360  4899  4899 E audit   : type=1327 audit(1682619049.355:17777): proctitle="system_server"
04-27 20:10:49.409 26164 26187 D Benchmark: timeNs[ 0:10]: 25144 26633 27230 26130 23911 24768 26098 25847 25462 24503
04-27 20:10:49.410 26164 26187 D Benchmark: timeNs[10:20]: 24422 24534 23834 24182 25288 25283 28210 27608 26060 31439
04-27 20:10:49.410 26164 26187 D Benchmark: timeNs[20:30]: 27999 26422 25218 25508 23589 25192 24877 23382 23949 23050
04-27 20:10:49.410 26164 26187 D Benchmark: timeNs[30:40]: 24363 24002 24297 24965 23990 23585 25243 24067 24349 23544
04-27 20:10:49.410 26164 26187 D Benchmark: timeNs[40:50]: 24320 27226 26144 25007 24776 24553 25874 25635 23389 24110
04-27 20:10:49.427  5067  5067 E sehhealth-service: Could not open /sys/class/power_supply/battery/lrp
04-27 20:10:49.428  5429  5429 D PhoneWindowManagerExt: ACTION_BATTERY_CHANGED - Level=70, status=2
04-27 20:10:49.430  5429  5602 D MotionRecognitionService: [SAR]  onReceive : ACTION_BATTERY_CHANGED, Plugged: 2
04-27 20:10:49.434  5429  5429 D SemWifiApBroadcastReceiver: Received : android.intent.action.BATTERY_CHANGED
04-27 20:10:49.437  5787  5787 D SemBigDataInfoController: Intent: android.intent.action.BATTERY_CHANGED
04-27 20:10:49.440  5878  5878 I PowerUI : mBootCompleted = true |  mFullyConnected = true
04-27 20:10:49.441  5878  5878 W PowerUI : Plug reason
04-27 20:10:49.441  5878  5878 W PowerUI : Skip charging animation - by plug status
04-27 20:10:49.441  5878  5878 D PowerUI : priorPlugType = 2 mPlugType = 2 priorBatteryStatus = 2 mBatteryStatus = 2
04-27 20:10:49.441  5878  5878 W PowerUI : Plug reason
04-27 20:10:49.441  5878  5878 W PowerUI : Skip charging sound - by plug status
04-27 20:10:49.441  5878  5878 I PowerUI : oldMisalign : false, curMisalign : false
04-27 20:10:49.443  5878  7399 D SecPowerUI.Notification: dismissing low battery warning: level=70
04-27 20:10:49.443  5878  7399 D SecPowerUI.Notification: updateNotification mWarning=false mPlaySound=false
04-27 20:10:49.443  5878  7399 D SecPowerUI.Notification: SecBatteryStatsSnapshot{batteryLevel=70, currentBatteryMode=0, chargingTime=2812000, chargingType=11, batteryHealth=2, automaticTestMode=false, isHiccupState=false}
04-27 20:10:49.445  5787  5787 D SemBigDataInfoController: Intent: android.intent.action.BATTERY_CHANGED
04-27 20:10:49.445  5878  7399 D SecPowerUI.Notification: 1. restoreScreenTimeOut - saved_value : :
04-27 20:10:49.446  5878  7399 E SecPowerUI.Notification: no saved value, so we do nothing !!
04-27 20:10:49.449  5878  5878 D SecPowerUI.Notification: showChargingNotice oldChargingType : 11 / currentChargingType : 11, oldChargingTime : 2812000 / mChargingTime : 2804000
04-27 20:10:49.449  5878  5878 D SecPowerUI.Notification: showChargingNotification()
04-27 20:10:49.450  5878  5878 D SecPowerUI.Notification: SecBatteryStatsSnapshot{batteryLevel=70, currentBatteryMode=0, chargingTime=2804000, chargingType=11, batteryHealth=2, automaticTestMode=false, isHiccupState=false}
04-27 20:10:49.470  5429  6113 D ApplicationPolicy: isStatusBarNotificationAllowedAsUser: packageName = com.android.systemui,userId = 0
04-27 20:10:49.470  5429  6113 D ApplicationPolicy: isStatusBarNotificationAllowedAsUser: packageName = com.android.systemui,userId = -1
04-27 20:10:49.470  5429  6113 D ApplicationPolicy: isStatusBarNotificationAllowedAsUser: converting userId from USER_ALLto 0
04-27 20:10:49.474  5878  5878 D PowerUI : Battery swelling mode - priorBatterySwellingMode = 0 mBatterySwellingMode = 0 mBatteryStatus = 2
04-27 20:10:49.474  5878  5878 I PowerUI : mBatteryMiscEvent = 65536
04-27 20:10:49.475  5878  5878 D KeyguardUpdateMonitor: received broadcast android.intent.action.BATTERY_CHANGED
04-27 20:10:49.475  5878  5878 D SamsungBatteryMeterDrawable: onBatteryLevelChanged isSomethingChanged: false
04-27 20:10:49.477  5878  5878 D SamsungBatteryMeterDrawable: onBatteryLevelChanged isSomethingChanged: false
04-27 20:10:49.477  5878  5878 D SamsungBatteryMeterDrawable: onBatteryLevelChanged isSomethingChanged: false
04-27 20:10:49.478  5878  5878 D SamsungBatteryMeterDrawable: onBatteryLevelChanged isSomethingChanged: false
04-27 20:10:49.479  5878  5878 I AODBatteryManager: updateBatteryData: ACTION_BATTERY_CHANGED
04-27 20:10:49.480  5878  5878 I AODBatteryManager: saveBatteryData : AOD BatteryData [mBatteryLevel=70, mBatteryStatus=CHARGING, mBatteryPlugType=USB, mBatteryPlugged=true, mRemainingChargeTime=2804000, mBatteryChargingType=2, mBatteryChargerType=FAST, mBatteryOnline=NOT_DEFINED, mBatterySwellingMode=NONE, mBatteryProtectMode=false]
04-27 20:10:49.481  5878  5878 I ChargingInfoManager: updateChargingInfo: newState = AOD ChargingInfo [mState=BATTERY_AND_REMAIN_TIME, mIsCharging=true, mIsFullyCharged=false, mIsBatteryProtectMode=false], oldState = AOD ChargingInfo [mState=BATTERY_AND_REMAIN_TIME, mIsCharging=true, mIsFullyCharged=false, mIsBatteryProtectMode=false]
04-27 20:10:49.484  5878  5878 D KeyguardUpdateMonitor: handleBatteryUpdate
04-27 20:10:49.493  5878  5878 D KeyguardSecIndicationController: addIndicationTimeout() returned - unlocking
04-27 20:10:49.493  5878  5878 D KeyguardSecIndicationController: addIndication() returned - unlocking
04-27 20:10:49.495  5878  5878 D KeyguardSecIndicationPolicy:  remove Item pos = DEFAULT, type =           OWNER_INFO
04-27 20:10:49.495  5878  5878 D KeyguardSecIndicationController: addBatteryAndOwnerInfoIndication() battery status = BatteryStatus{status=2,level=70,plugged=2,health=2,maxChargingWattage=-1,remaining=2804000ultraFastCharger=1}
04-27 20:10:49.495  5878  5878 I ChargingInfoView: handleMessage: MSG_SHOW_CHARGING_INFO
04-27 20:10:49.495  5878  5878 I ChargingInfoView: updateContents: BATTERY_AND_REMAIN_TIME
04-27 20:10:49.495  5878  5878 I ChargingInfoView: handleMessage: MSG_SHOW_CHARGING_INFO
04-27 20:10:49.495  5878  5878 I ChargingInfoView: updateContents: BATTERY_AND_REMAIN_TIME
04-27 20:10:49.545 11246 11246 D BoundBrokerSvc: onUnbind: Intent { act=com.google.android.gms.measurement.START pkg=com.google.android.gms }
04-27 20:10:49.889 26164 26187 D Benchmark: allocationCount[ 0:10]: 43 43 43 43 43
04-27 20:10:49.889 26164 26187 D Benchmark: Set 26187 (Bench thread) to priority -8. Was -20, now -8
04-27 20:10:49.890 26164 26187 D Benchmark: Set 26172 (Jit) to priority 9. Was -15, now 9
04-27 20:10:49.890 26164 26187 D Benchmark: Warmup: t=0.256, iter=5172, fastAvg=29347, slowAvg=30278
04-27 20:10:49.890 26164 26187 I PerfettoCapture: Stopping perfetto.
04-27 20:10:49.915  9209  9748 I NotificationPipeline: Processing new notification: -1|com.android.systemui|2131428972|charging_state|10054
04-27 20:10:49.915  5785  5785 I FreeformContainer: [SmartPopupViewService] onNotificationPosted: StatusBarNotification(pkg=com.android.systemui user=UserHandle{-1} id=2131428972 tag=charging_state key=-1|com.android.systemui|2131428972|charging_state|10054: Notification(channel=CHR shortcut=null contentView=null vibrate=null sound=null defaults=0x0 flags=0xa color=0xff5075a1 category=sys groupKey=CHARGING vis=PUBLIC semFlags=0x0 semPriority=0 semMissedCount=0))
04-27 20:10:49.916  5785  5785 V FreeformContainer: [SmartPopupViewService] isSmartPopupViewTarget: com.android.systemui is not enabled
04-27 20:10:49.918  6323  6323 I Launcher.NotificationListener: onNotificationPosted : com.android.systemui number : 0
04-27 20:10:49.925  9209  9748 W Notification4Heart_NB: NotificationBridgeCallback.onNotificationPosted-Ignored package : [-1] com.android.systemui
04-27 20:10:49.944  5878  5878 D PluginAODManager: onNotificationInfoUpdated() 0
04-27 20:10:49.945  5878  5878 I AODNotificationManager: updateVisibleNotifications: 0
04-27 20:10:49.945  5878  5878 I a       : updateStatusBarNotifications: open
04-27 20:10:49.945  5878  5878 I a       : updateStatusBarNotifications: open
04-27 20:10:49.956 26706 26706 I perfetto:    perfetto_cmd.cc:1168 SIGINT/SIGTERM received: disabling tracing.
04-27 20:10:49.959 26164 26187 D Benchmark: kill -TERM command output -
04-27 20:10:49.969  5130  5130 I perfetto:  probes_producer.cc:396 Producer stop (id=5)
04-27 20:10:49.971  5130  5130 I perfetto:    ftrace_procfs.cc:342 disabled ftrace in /sys/kernel/tracing/
04-27 20:10:50.031  4389  4389 I hwservicemanager: getTransport: Cannot find entry android.hardware.atrace@1.0::IAtraceDevice/default in either framework or device VINTF manifest.
04-27 20:10:50.037  5130  5130 I perfetto:  probes_producer.cc:396 Producer stop (id=6)
04-27 20:10:50.038  5130  5130 I perfetto:  probes_producer.cc:396 Producer stop (id=7)
04-27 20:10:50.074 26706 26706 I perfetto:    perfetto_cmd.cc:1124 Trace written into the output file
04-27 20:10:50.078  5131  5131 I perfetto: ng_service_impl.cc:2426 Tracing session 2 ended, total sessions:0
04-27 20:10:50.124  5878  5878 D BubblesManager: onEntryUpdated : shouldBubbleUp=false ,key=-1|com.android.systemui|2131428972|charging_state|10054
04-27 20:10:50.175  5878  5878 I FaceWidgetPositionAlgorithm: getClockContainerHeight() supplier = 270, bottom margin = 0, real height = 333
04-27 20:10:50.176  5878  5878 I FaceWidgetPositionAlgorithm: getClockContainerHeight() supplier = 270, bottom margin = 63, real height = 333
04-27 20:10:50.176  5878  5878 I FaceWidgetPositionAlgorithm: getMediaContainerHeight() height = 0 container Visibility = 8, isValid = false, mIsDozing = false, fraction = 1.0, source = 0, target = 0
04-27 20:10:50.176  5878  5878 I FaceWidgetPositionAlgorithm: getMediaContainerHeight() supplier = 0
04-27 20:10:50.192  5878  5878 D PluginAODManager: onNotificationInfoUpdated() 0
04-27 20:10:50.193  5878  5878 I AODNotificationManager: updateVisibleNotifications: 0
04-27 20:10:50.193  5878  5878 I a       : updateStatusBarNotifications: open
04-27 20:10:50.193  5878  5878 I a       : updateStatusBarNotifications: open
04-27 20:10:50.290  5878  5878 I FaceWidgetPositionAlgorithm: getClockContainerHeight() supplier = 270, bottom margin = 0, real height = 333
04-27 20:10:50.290  5878  5878 I FaceWidgetPositionAlgorithm: getClockContainerHeight() supplier = 270, bottom margin = 63, real height = 333
04-27 20:10:50.290  5878  5878 I FaceWidgetPositionAlgorithm: getMediaContainerHeight() height = 0 container Visibility = 8, isValid = false, mIsDozing = false, fraction = 1.0, source = 0, target = 0
04-27 20:10:50.290  5878  5878 I FaceWidgetPositionAlgorithm: getMediaContainerHeight() supplier = 0
04-27 20:10:50.294  5878  5878 D PluginAODManager: onNotificationInfoUpdated() 0
04-27 20:10:50.294  5878  5878 I AODNotificationManager: updateVisibleNotifications: 0
04-27 20:10:50.294  5878  5878 I a       : updateStatusBarNotifications: open
04-27 20:10:50.294  5878  5878 I a       : updateStatusBarNotifications: open
04-27 20:10:50.532 20358 20405 E PlayCommon: [86] alak.run(3): Metalog directories were deleted unexpectedly, recreating...
04-27 20:10:50.544 26164 26187 D Benchmark: Waiting 500 ms for [ProcessPid(processName=perfetto, pid=26706)] to die
04-27 20:10:50.642 26164 26187 I PerfettoCapture: Writing to /storage/emulated/0/Android/data/org.jetbrains.android_benchmark.test/cache/AckermannBenchmark_mutableRefIntIn1Long_2023-04-27-18-10-49.perfetto-trace.
04-27 20:10:50.725 26164 26187 D Benchmark: Copying /storage/emulated/0/Android/data/org.jetbrains.android_benchmark.test/cache/AckermannBenchmark_mutableRefIntIn1Long_2023-04-27-18-10-49.perfetto-trace to /sdcard/Android/media/org.jetbrains.android_benchmark.test/additional_test_output/AckermannBenchmark_mutableRefIntIn1Long_2023-04-27-18-10-49.perfetto-trace
04-27 20:10:50.756  8350 26664 W MediaProvider: isAppCloneUserPair for user 0: false
04-27 20:10:50.813  5429  6256 D SyncManager: userId - 0 auto - true
04-27 20:10:50.877  5429  5488 W libprocessgroup: Failed to open /dev/blkio//cgroup.procs: No such file or directory
04-27 20:10:50.878  5429  5488 W libprocessgroup: Failed to open /dev/blkio//cgroup.procs: No such file or directory
04-27 20:10:50.896  6734 25938 I NetworkScheduler.Stats: Task com.google.android.gms/com.google.android.gms.ipa.base.IpaGcmTaskService started execution. cause:9 exec_start_elapsed_seconds: 28590 [CONTEXT service_id=218 ]
04-27 20:10:50.911  6734 26778 I NetworkScheduler.Stats: Task com.google.android.gms/com.google.android.gms.ipa.base.IpaGcmTaskService finished executing. cause:9 result: 1 elapsed_millis: 48 uptime_millis: 48 exec_start_elapsed_seconds: 28590 [CONTEXT service_id=218 ]
04-27 20:10:50.912 26164 26187 I Benchmark: AckermannBenchmark.mutableRefIntIn1Long[Metric (timeNs) results: median 24921.434253008512, min 23050.744056354564, max 31439.96507191077, standardDeviation: 1526.027116748968, Metric (allocationCount) results: median 43.0, min 43.0, max 43.00088054006457, standardDeviation: 3.937894882586863E-4]count=3407
04-27 20:10:50.916 26164 26187 D Benchmark: writing results to /storage/emulated/0/Android/data/org.jetbrains.android_benchmark.test/cache/org.jetbrains.android_benchmark.test-benchmarkData.json
04-27 20:10:50.917 26164 26187 D Benchmark: Copying /storage/emulated/0/Android/data/org.jetbrains.android_benchmark.test/cache/org.jetbrains.android_benchmark.test-benchmarkData.json to /sdcard/Android/media/org.jetbrains.android_benchmark.test/additional_test_output/org.jetbrains.android_benchmark.test-benchmarkData.json
04-27 20:10:50.926  5429  7411 D SemWifiUsabilityStatsMonitor: onWifiUsabilityStats - seqNum 3692, isSameBssidAndFreq true
04-27 20:10:50.927  5429  5717 I SemWifiLinkQualityMonitor: Link Qos Query: 0.179 ms / 44.571 Mbps (72 / 0.000 / 1.615)
04-27 20:10:50.945  5429  6113 D SyncManager: userId - 0 auto - true
04-27 20:10:50.949  8350  8657 I MediaProvider: Deleted 1 0 0 0 0 0 0 items on external_primary due to org.jetbrains.android_benchmark.test
04-27 20:10:50.962  8350 26775 W MediaProvider: isAppCloneUserPair for user 0: false
04-27 20:10:50.976  5429  6113 D SyncManager: userId - 0 auto - true
04-27 20:10:50.981  5429  5488 W libprocessgroup: Failed to open /dev/blkio//cgroup.procs: No such file or directory
04-27 20:10:50.982  5429  5488 W libprocessgroup: Failed to open /dev/blkio//cgroup.procs: No such file or directory
04-27 20:10:50.984 26164 26187 I TestRunner: finished: mutableRefIntIn1Long(org.jetbrains.android_benchmark.AckermannBenchmark)
