04-30 01:15:49.320  5429  7446 D InputTransport: Input channel constructed: 'Letterb', fd=1272
04-30 01:15:49.320  5429  7446 D InputTransport: Input channel constructed: 'Letterb', fd=1273
04-30 01:15:49.320  5429  7446 D InputTransport: Input channel constructed: 'Letterb', fd=1274
04-30 01:15:49.321  5429  7446 D InputTransport: Input channel constructed: 'Letterb', fd=1275
04-30 01:15:49.321  5429  7446 D InputTransport: Input channel constructed: 'Letterb', fd=1276
04-30 01:15:49.322  5095  7608 I SurfaceFlinger: id=16628 createSurf flag=20004, Letterbox - top#16628
04-30 01:15:49.327  5878  5943 D InputTransport: Input channel destroyed: '94438b7', fd=489
04-30 01:15:49.328  5095  5095 I Layer   : id=16617 removeFromCurrentState 94438b7 Splash Screen org.jetbrains.android_benchmark.test#16617 (186)
04-30 01:15:49.328  5095  5095 I Layer   : id=16618 removeFromCurrentState Splash Screen org.jetbrains.android_benchmark.test$_5878#16618 (186)
04-30 01:15:49.328  5095  5095 I Layer   : id=16626 removeFromCurrentState Surface(name=8fa88e4 org.jetbrains.android_benchmark.test/androidx.benchmark.IsolationActivity)/@0x6b847d6 - animation-leash of starting_reveal#16626 (186)
04-30 01:15:49.328  5095  5095 I Layer   : id=16618 removeFromCurrentState Splash Screen org.jetbrains.android_benchmark.test$_5878#16618 (186)
04-30 01:15:49.329  5095  5095 I SurfaceFlinger: id=16617 Removed 94438b7 Splash Screen org.jetbrains.android_benchmark.test#16617 (186)
04-30 01:15:49.329  5095  5095 I SurfaceFlinger: id=16618 Removed Splash Screen org.jetbrains.android_benchmark.test$_5878#16618 (186)
04-30 01:15:49.329  5095  5095 I Layer   : id=16617 Destroyed 94438b7 Splash Screen org.jetbrains.android_benchmark.test#16617
04-30 01:15:49.329  5095  5095 I Layer   : id=16618 Destroyed Splash Screen org.jetbrains.android_benchmark.test$_5878#16618
04-30 01:15:49.335  5095  5095 D SurfaceFlinger: Display 0 HWC layers:
04-30 01:15:49.335  5095  5095 D SurfaceFlinger:  SOLID_COLOR |              | 0000 |  Unknown  |    0.0    0.0    0.0    0.0 |    0    0 1080   88 | Letterbox - top#16628
04-30 01:15:49.335  5095  5095 D SurfaceFlinger:      DEVICE | 0x77535897c0 | 0102 | RGBA_8888    |    0.0    0.0 1080.0 2312.0 |    0   88 1080 2400 | org.jetbrains.android_benchmark.test[...]hmark.IsolationActivity$_12235#16623
04-30 01:15:49.335  5095  5095 D SurfaceFlinger:      DEVICE | 0x77734c87c0 | 0100 | RGBA_8888    |    0.0   73.0 1080.0   88.0 |    0    0 1080   15 | StatusBar$_5878#90
04-30 01:15:49.335  5095  5095 D SurfaceFlinger:      DEVICE | 0x774384f840 | 0100 | RGBA_8888    |    0.0    0.0 1080.0  126.0 |    0 2274 1080 2400 | NavigationBar0$_5878#85
04-30 01:15:49.335  5095  5095 D SurfaceFlinger:      DEVICE | 0x7751542d80 | 0140 | RGBA_8888    |    0.0    0.0 1080.0  100.0 |    0    0 1080  100 | ScreenDecorOverlay$_5878#95
04-30 01:15:49.335  5095  5095 D SurfaceFlinger:      DEVICE | 0x77438ad080 | 0140 | RGBA_8888    |    0.0    0.0 1080.0  100.0 |    0 2300 1080 2400 | ScreenDecorOverlayBottom$_5878#96
04-30 01:15:49.335  5095  5095 D SurfaceFlinger:
04-30 01:15:49.341  5878  5878 D SamsungLightBarControlHelper: onStatusBarAppearanceChanged() -  sbModeChanged:false, statusBarMode:MODE_TRANSPARENT, barState:SHADE, isKeyguardShowing:false, navbarColorManagedByIme:false, stackAppearancesChanged:true, (), packageName:org.jetbrains.android_benchmark.test
04-30 01:15:49.397  5429  5438 I system_server: Background young concurrent copying GC freed 423415(21MB) AllocSpace objects, 81(2448KB) LOS objects, 17% free, 107MB/130MB, paused 365us,516us total 185.300ms
04-30 01:15:49.401  5429  5440 W System  : A resource failed to call end.
04-30 01:15:49.401  5429  5440 W System  : A resource failed to call release.
04-30 01:15:49.409 12145 12232 W SCS@AiSearch user 0: (TransliterationPropertyHelper) There is no matched LangType with en, Will use latin as default
04-30 01:15:49.410 12145 12232 I SCS@AiSearch user 0: (TransliterationAnalyzer) Property=TransliterationProperty{mInputLanguage='la', mOutputLanguage='la', mCategory='app', mNoNeedTransliteration='true'}
04-30 01:15:49.410 12145 12232 I SCS@AiSearch user 0: (TransliterationAnalyzer) Does not need transliteration. Will do nothing
04-30 01:15:49.411  5429  5466 I ActivityTaskManager: Displayed org.jetbrains.android_benchmark.test/androidx.benchmark.IsolationActivity: +1s11ms
04-30 01:15:49.417  7079  7079 E pageboostd: Received HALT command code 2
04-30 01:15:49.435 12145 12232 I SCS@AiSearch user 0: (IndexManager) [UPDATE] Done indexName: com.samsung.android.apps updateList.size():1
04-30 01:15:49.436 12145 12232 I SCS@AiSearch user 0: (IndexSearcherManager) [androidx.work-2] entering in refreshSearcherManager():  refreshSearcherManager for com.samsung.android.apps
04-30 01:15:49.437 12145 12232 I SCS@AiSearch user 0: (IndexSearcherManager) remove: indexName: com.samsung.android.apps
04-30 01:15:49.448 12145 12232 I SCS@AiSearch user 0: (IndexManager) getIndexWriter(): indexName com.samsung.android.apps
04-30 01:15:49.451  5095  5095 D SurfaceFlinger: Display 0 HWC layers:
04-30 01:15:49.451  5095  5095 D SurfaceFlinger:  SOLID_COLOR |              | 0000 |  Unknown  |    0.0    0.0    0.0    0.0 |    0    0 1080   88 | Letterbox - top#16628
04-30 01:15:49.451  5095  5095 D SurfaceFlinger:      DEVICE | 0x77535897c0 | 0102 | RGBA_8888    |    0.0    0.0 1080.0 2312.0 |    0   88 1080 2400 | org.jetbrains.android_benchmark.test[...]hmark.IsolationActivity$_12235#16623
04-30 01:15:49.451  5095  5095 D SurfaceFlinger:      DEVICE | 0x7743406e40 | 0100 | RGBA_8888    |    0.0    0.0 1080.0  126.0 |    0 2274 1080 2400 | NavigationBar0$_5878#85
04-30 01:15:49.451  5095  5095 D SurfaceFlinger:      DEVICE | 0x7751542d80 | 0140 | RGBA_8888    |    0.0    0.0 1080.0  100.0 |    0    0 1080  100 | ScreenDecorOverlay$_5878#95
04-30 01:15:49.451  5095  5095 D SurfaceFlinger:      DEVICE | 0x77438ad080 | 0140 | RGBA_8888    |    0.0    0.0 1080.0  100.0 |    0 2300 1080 2400 | ScreenDecorOverlayBottom$_5878#96
04-30 01:15:49.451  5095  5095 D SurfaceFlinger:
04-30 01:15:49.480 12235 12235 D InsetsController: cancelAnimation of types: 1, animType: 1, host: org.jetbrains.android_benchmark.test/androidx.benchmark.IsolationActivity, from:android.view.InsetsController.notifyFinished:1375 android.view.InsetsAnimationThreadControlRunner$1.lambda$notifyFinished$0$android-view-InsetsAnimationThreadControlRunner$1:84 android.view.InsetsAnimationThreadControlRunner$1$$ExternalSyntheticLambda1.run:4
04-30 01:15:49.577  4899  4899 E audit   : type=1400 audit(1682810149.575:84652): avc:  denied  { write } for  pid=12366 comm="rm" name="trace_output.pb" dev="sda32" ino=553007 scontext=u:r:shell:s0 tcontext=u:object_r:perfetto_traces_data_file:s0 tclass=file permissive=0 SEPF_SM-A515F_13_0001 audit_filtered
04-30 01:15:49.577  4899  4899 E audit   : type=1300 audit(1682810149.575:84652): arch=c00000b7 syscall=48 success=no exit=-13 a0=ffffff9c a1=75490110b1 a2=2 a3=0 items=0 ppid=12209 pid=12366 auid=4294967295 uid=2000 gid=2000 euid=2000 suid=2000 fsuid=2000 egid=2000 sgid=2000 fsgid=2000 tty=pts1 ses=4294967295 comm="rm" exe="/system/bin/toybox" subj=u:r:shell:s0 key=(null)
04-30 01:15:49.577  4899  4899 E audit   : type=1327 audit(1682810149.575:84652): proctitle=726D002F646174612F6D6973632F706572666574746F2D7472616365732F74726163655F6F75747075742E7062
04-30 01:15:49.626 12145 12232 I SCS@AiSearch user 0: (IndexSearcherManager) Searcher created successfully for com.samsung.android.apps
04-30 01:15:49.627 12145 12232 I SCS@AiSearch user 0: (IndexSearcherManager) [androidx.work-2] leaving from refreshSearcherManager():
04-30 01:15:49.627 12145 12232 I SCS@AiSearch user 0: (IndexManager) [androidx.work-2] leaving from updateIndex, result = true():
04-30 01:15:49.628 12145 12232 I SCS@AiSearch user 0: (AppsDataObserver) [androidx.work-2] leaving from execute():  result is true
04-30 01:15:49.628 12145 12369 I SCS@AiSearch user 0: (IndexManager) [pool-15-thread-1] entering in commitIndexWriter():
04-30 01:15:49.628 12145 12232 I SCS@AiSearch user 0: (AppsDataWorker) [androidx.work-2] leaving from doWork():
04-30 01:15:49.630 12145 12204 I WM-WorkerWrapper: Worker result SUCCESS for Work [ id=1508b724-1a02-48c3-ad03-6ee034d5b227, tags={ com.samsung.android.scs.ai.search.scheduling.workers.AppsDataWorker, CMD_SCAN } ]
04-30 01:15:49.636  5429  5488 W libprocessgroup: Failed to open /dev/blkio//cgroup.procs: No such file or directory
04-30 01:15:49.659  5040 12266 I HYPER-HAL: [RequestManager.cpp]releaseLocked(): Released ID : 35798503
04-30 01:15:49.697  5078  5078 I sysinput:Touch: writeInformation:248, OK
04-30 01:15:49.698  5429  5628 D SysinputHAL_V1_3(V1_2): runTspCmdNoRead(1): set_grip_data,1,45,7,15,720(0)
04-30 01:15:49.940  5040 12354 I HYPER-HAL: [RequestManager.cpp]releaseLocked(): Released ID : 14843095
04-30 01:15:50.188  5040 12267 I HYPER-HAL: [RequestManager.cpp]releaseLocked(): Released ID : 14837646
04-30 01:15:50.410 12145 12208 I SCS@AiSearch user 0: (BaseCollector::AOSP_MP) doesDataKeepChanging: postpone count: 0 - source count: very first = 7434, previous = 7434, current = 7434
04-30 01:15:50.410 12145 12208 I SCS@AiSearch user 0: (BaseCollector::AOSP_MP) [AOSP_MP-0] entering in collectChanges():
04-30 01:15:50.459  7025  7069 I RequestManager_FLP: onOpChanged, op=0 / packageName=org.telegram.messenger
04-30 01:15:50.502 31983  7466 E PlayCommon: [705] alak.run(3): Metalog directories were deleted unexpectedly, recreating...
04-30 01:15:50.503 12145 12208 I SCS@AiSearch user 0: (BaseCollector::AOSP_MP) fetchInternal values : maxSyncId: 1000008329 indexCount: 895 sourceCount: 895
04-30 01:15:50.546  5429  7411 D SemWifiUsabilityStatsMonitor: onWifiUsabilityStats - seqNum 24834, isSameBssidAndFreq true
04-30 01:15:50.548  5429  5717 I SemWifiLinkQualityMonitor: Link Qos Query: 0.190 ms / 42.000 Mbps (117 / 0.000 / 2.786)
04-30 01:15:50.602 12145 12208 I SCS@AiSearch user 0: (IndexManager) [AOSP_MP-0] entering in addIndex():
04-30 01:15:50.604 12145 12208 I SCS@AiSearch user 0: (BaseCollector::AOSP_MP) fetch: fetching took  156 ms
04-30 01:15:50.604 12145 12208 I SCS@AiSearch user 0: (BaseCollector::AOSP_MP) fetchChanges: applied 0 items
04-30 01:15:50.605 12145 12208 I SCS@AiSearch user 0: (BaseCollector::AOSP_MP) Collect finished. Result: true
04-30 01:15:50.606 12145 12208 I SCS@AiSearch user 0: (DocumentCollector) enqueue ObserverWorker name: DOCUMENTS policy: KEEP
04-30 01:15:50.607 12145 12208 I SCS@AiSearch user 0: (BaseCollector::AOSP_MP) enqueue ObserverWorker name: com.sec.android.app.myfiles, policy: APPEND_OR_REPLACE
04-30 01:15:50.608 12145 12201 I WM-WorkerWrapper: Worker result SUCCESS for Work [ id=3e3641b7-ff63-4631-a1a7-f7703fa2fdb0, tags={ com.sec.android.app.myfiles, com.samsung.android.scs.ai.search.data.collector.ObserverWorker } ]
04-30 01:15:50.616  5429  5488 W libprocessgroup: Failed to open /dev/blkio//cgroup.procs: No such file or directory
04-30 01:15:50.622  5429  5649 D PackageManager: setEnabledSetting : userId = 0 packageName = com.samsung.android.scs cmp = androidx.work.impl.background.systemalarm.RescheduleReceiver newState = 1 callingPackage = 10380/com.samsung.android.scs
04-30 01:15:50.623  5429  5649 D ApplicationPolicy: getApplicationStateEnabled : pkg = com.samsung.android.scs userId : 0
04-30 01:15:50.623  5429  5649 D ApplicationPolicy: getApplicationComponentState : pkg = com.samsung.android.scs userId : 0
04-30 01:15:50.636  5429  5649 D PackageManager: setEnabledSetting : userId = 0 packageName = com.samsung.android.scs cmp = androidx.work.impl.background.systemalarm.RescheduleReceiver newState = 1 callingPackage = 10380/com.samsung.android.scs
04-30 01:15:50.636  5429  5649 D ApplicationPolicy: getApplicationStateEnabled : pkg = com.samsung.android.scs userId : 0
04-30 01:15:50.637  5429  5649 D ApplicationPolicy: getApplicationComponentState : pkg = com.samsung.android.scs userId : 0
04-30 01:15:50.905 12235 12258 I PerfettoCapture: Perfetto output file cleanup -
04-30 01:15:50.905 12235 12258 I PerfettoCapture: Starting perfetto tracing with cmd: cat /storage/emulated/0/Android/data/org.jetbrains.android_benchmark.test/cache/trace_config.pb | perfetto --background -c - -o /data/misc/perfetto-traces/trace_output.pb
04-30 01:15:51.218  6118  6724 D BluetoothAdapterService: getBondedDevices, remove custom devices:
04-30 01:15:51.427 12145 12369 I SCS@AiSearch user 0: (IndexManager) [pool-15-thread-1] leaving from commitIndexWriter():
04-30 01:15:51.462 12389 12389 I perfetto:    perfetto_cmd.cc:1001 Connected to the Perfetto traced service, starting tracing
04-30 01:15:51.474  5131  5131 I perfetto: ing_service_impl.cc:953 Configured tracing session 252, #sources:4, duration:0 ms, #buffers:2, total buffer size:36864 KB, total sessions:1, uid:2000 session name: ""
04-30 01:15:51.481  5130  5130 I perfetto:  probes_producer.cc:139 Ftrace setup (target_buf=503)
04-30 01:15:51.502 12235 12258 I PerfettoCapture: Perfetto output - 12389
04-30 01:15:51.502 12235 12258 I PerfettoCapture: EXITCODE=0
04-30 01:15:51.561  4389  4389 I hwservicemanager: getTransport: Cannot find entry android.hardware.atrace@1.0::IAtraceDevice/default in either framework or device VINTF manifest.
04-30 01:15:51.587  5130  5130 I perfetto:    ftrace_procfs.cc:335 enabled ftrace in /sys/kernel/tracing/
04-30 01:15:51.602 12235 12258 I PerfettoCapture: Perfetto tracing started successfully with pid 12389.
04-30 01:15:51.674 12235 12258 I PerfettoCapture: /sys/kernel/tracing/tracing_on = 1, polled 0 times, capture fully started
04-30 01:15:51.713 12235 12258 D Benchmark: Set 12258 (Bench thread) to priority -20. Was -8, now -20
04-30 01:15:51.714 12235 12258 D Benchmark: Set 12243 (Jit) to priority -15. Was 9, now -15
04-30 01:15:51.741 12235 12258 I _benchmark.test: Explicit concurrent copying GC freed 120225(7125KB) AllocSpace objects, 72(1440KB) LOS objects, 67% free, 2919KB/9063KB, paused 151us,85us total 16.443ms
04-30 01:15:53.583  5429  7411 D SemWifiUsabilityStatsMonitor: onWifiUsabilityStats - seqNum 24835, isSameBssidAndFreq true
04-30 01:15:53.588  5429  5717 I SemWifiLinkQualityMonitor: Link Qos Query: 0.190 ms / 42.000 Mbps (117 / 0.000 / 2.786)
04-30 01:15:53.589  5878  5878 D NetworkController.WifiSignalController: notifyListener: visible=true, connected=true, inetCondition=1, isDefault=true, wifiTestReported=true, receivedInetCondition=-1, hideDuringMobileSwitching=false
04-30 01:15:53.593  5878  6043 D Tile.WifiTile: handleUpdateState isTransient=false transientEnabling =false cb.isTransient=false state.state = 2 mStateBeforeClick.value =false enabled =true
04-30 01:15:54.046  4993  5068 I SensorsHub: context 6 0 5 1,1,55,0,1,3, 219694018978790
04-30 01:15:54.049  5429  5595 D SensorHubManager: onGetSensorHubDataLocked: library(6) = 1, 1, 55, 0, 1, 3
04-30 01:15:54.052  5429  5596 D CAE     : onGetSensorHubData(SensorHubParserProvider.java:89) - onGetSensorHubData Event [event buffer len :6], AP_WAKEUP
04-30 01:15:54.053  5429  5596 I CAE     : parse(SensorHubParserProvider.java:190) - buffer size = 6
04-30 01:15:54.053  5429  5596 I CAE     : parse(SensorHubParserProvider.java:201) - 1, 1, 55, 0, 1, 3,
04-30 01:15:54.054  5429  5596 I CAE     : parse(SLocationRunner.java:88) - SLocationRunner parse start : 3
04-30 01:15:54.054  5429  5596 D CAE     : display(ContextProvider.java:375) - ================= SLOCATION_RUNNER =================
04-30 01:15:54.055  5429  5596 I CAE     : display(ContextProvider.java:391) - ExtraDataArray=[1, 1, 55, 0, 1, 3]
04-30 01:15:54.055  5429  5596 I CAE     : parse(SLocationRunner.java:96) - SLocationRunner parse end:6
04-30 01:15:54.056  5429  5593 D SemContextService: Service.updateContext() : service = SLocation Core
04-30 01:15:54.057  5429  5429 D SemContextManager: onSemContextChanged() : event = SLocation Core
04-30 01:15:54.057  5429  5429 D SLocation: SLocationCoreSem - SemContextChanged type = 47, packet received
04-30 01:15:54.059  5429  6058 I SLocation: SemContextParser -  parse start : 3
04-30 01:15:54.059  5429  6058 I SLocation: SemContextParser -  packet Length : 1packet total size : 6
04-30 01:15:54.060  5429  6058 I SLocation: SemContextParser - packet : [3]
04-30 01:15:54.060  5429  6058 D SLocation: GeofenceCoreManager - received Extra Data from core, len : 1
04-30 01:15:54.067  5429  6058 D SLocation: CommonCoreManager - received Extra Data from core, len : 1
04-30 01:15:54.067  5429  6058 D SLocation: PositionManager - last location time exceed threshold 322943 / 30000
04-30 01:15:54.068  5429  6058 D SLocation: GeopointGeofenceManager - getLastLocation is abnromal!
04-30 01:15:54.068  5429  6058 D SLocation: LocationProviderStatus - try to update provider status (GPS/NLP)
04-30 01:15:54.069  5429  6058 D SLocation: LocationProviderStatus - set isGpsOn : true, isNlpOn : true
04-30 01:15:54.069  5429  6058 D SLocation: LocationProviderStatus - gps & nlp status not changed
04-30 01:15:54.069  5429  6058 D SLocation: SContentManager - IsNetworkAvailable = true
04-30 01:15:54.069  5429  6058 D SLocation: PositionManager - requestLocationUpdates(1) : NETWORK_PROVIDER
04-30 01:15:54.069  5429  6058 D SLocation: NLPManager - requestUpdate - NLP
04-30 01:15:54.086  5429  6058 D LocationManagerService: network provider added registration from 1000/android[SLocationService]/A22C6A3C -> Request[@0 BALANCED, WorkSource{1000 android}]
04-30 01:15:54.145  7025  7069 I RequestManager_FLP: request from system, change packageName from system to system(slocation)
04-30 01:15:54.145  7025  7069 E RequestManager_FLP: [LocationManager] Location request A22C6A3C(Listener) network interval=0ms (min=0ms) from system(slocation) (1000_FINE_unknown_false_foreground)
04-30 01:15:54.190  5040 12268 I HYPER-HAL: [RequestManager.cpp]releaseLocked(): Released ID : 35815430
04-30 01:15:54.206  5429  5488 W libprocessgroup: Failed to open /dev/blkio//cgroup.procs: No such file or directory
04-30 01:15:54.287  9200  9881 W SystemServiceRegistry: No service published for: wifirtt
04-30 01:15:54.400 11546 11546 I wpa_supplicant: nl80211: Drv Event 33 (NL80211_CMD_TRIGGER_SCAN) received for wlan0
04-30 01:15:54.408 11546 11546 I wpa_supplicant: wlan0: nl80211: Scan trigger
04-30 01:15:54.443  6180  6405 I PhoneStateTracker<1>: onCellInfoChanged: xxxxx
04-30 01:15:54.471  6180  6405 I ImsCallSessionManager: onCellInfoChanged, phoneId: 1
04-30 01:15:54.472  6180  6405 I RegiMgr-Handler: handleMessage: EVENT_CELL_INFO_CHANGED
04-30 01:15:54.485  6180  6405 I RegiMgr<1>: updatePani RegisterTask[1][mProfile=Telenor Serbia IMS, mRegistrationRat=13, mPdnType=11, mState=REGISTERED, mObject=UserAgent - :
04-30 01:15:54.485  6180  6405 I RegiMgr<1>:  total records=2840
04-30 01:15:54.485  6180  6405 I RegiMgr<1>:  rec[0]: time=04-30 00:53:55.644 processed=ReadyState org=RegisteredState dest=<null> what=34(0x22)
04-30 01:15:54.485  6180  6405 I RegiMgr<1>:  rec[1]: time=04-30 00:53:55.649 processed=RegisteredState org=RegisteredState dest=<null> what=2000(0x7d0)
04-30 01:15:54.485  6180  6405 I RegiMgr<1>:  rec[2]: time=04-30 00:53:58.640 processed=ReadyState org=RegisteredState dest=<null> what=34(0x22)
04-30 01:15:54.485  6180  6405 I RegiMgr<1>:  rec[3]: time=04-30 00:53:58.643 processed=RegisteredState org=RegisteredState dest=<null> what=2000(0x7d0)
04-30 01:15:54.485  6180  6405 I RegiMgr<1>:  rec[4]: time=04-30 00:59:25.482 processed=ReadyState org=RegisteredState dest=<null> what=34(0x22)
04-30 01:15:54.485  6180  6405 I RegiMgr<1>:  rec[5]: time=04-30 00:59:25.484 processed=RegisteredState org=RegisteredState dest=<null> what=2000(0x7d0)
04-30 01:15:54.485  6180  6405 I RegiMgr<1>:  rec[6]: time=04-30 00:59:28.494 processed=ReadyState org=RegisteredState dest=<null> what=34(0x22)
04-30 01:15:54.485  6180  6405 I RegiMgr<1>:  rec[7]: time=04-30 00:59:28.495 processed=RegisteredState org=RegisteredState dest=<null> what=2000(0x7d0)
04-30 01:15:54.485  6180  6405 I RegiMgr<1>:  rec[8]: time=04-30 01:04:55.227 processed=ReadyState org=RegisteredState dest=<null> what=34(0x22)
04-30 01:15:54.485  6180  6405 I RegiMgr<1>:  rec[9]: time=04-30 01:04:55.229 processed=RegisteredState org=RegisteredState dest=<null> what=2000(0x7d0)
04-30 01:15:54.485  6180  6405 I RegiMgr<1>:  rec[10]: time=04-30 01:04:58.242 processed=ReadyState org=RegisteredState dest=<null> what=34(0x22)
04-30 01:15:54.485  6180  6405 I RegiMgr<1>:  rec[11]: time=04-30 01:04:58.243 processed=RegisteredState org=RegisteredState dest=<null> what=2000(0x7d0)
04-30 01:15:54.485  6180  6405 I RegiMgr<1>:  rec[12]: time=04-30 01:10:24.946 processed=ReadyState org=RegisteredState dest=<null> what=34(0x22)
04-30 01:15:54.485  6180  6405 I RegiMgr<1>:  rec[13]: time=04-30 01:10:24.948 processed=RegisteredState org=RegisteredState dest=<null> what=2000(0x7d0)
04-30 01:15:54.485  6180  6405 I RegiMgr<1>:  rec[14]: time=04-30 01:10:28.319 processed=ReadyState org=RegisteredState dest=<null> what=34(0x22)
04-30 01:15:54.485  6180  6405 I RegiMgr<1>:  rec[15]: time=04-30 01:10:28.320 processed=RegisteredState org=RegisteredState dest=<null> what=2000(0x7d0)
04-30 01:15:54.485  6180  6405 I RegiMgr<1>:  rec[16]: time=04-30 01:11:36.684 processed=ReadyState org=RegisteredState dest=<null> what=34(0x22)
04-30 01:15:54.485  6180  6405 I RegiMgr<1>:  rec[17]: time=04-30 01:11:36.779 processed=RegisteredState org=RegisteredState dest=<null> what=2000(0x7d0)
04-30 01:15:54.485  6180  6405 I RegiMgr<1>:  rec[18]: time=04-30 01:11:40.931 processed=ReadyState org=RegisteredState dest=<null> what=34(0x22)
04-30 01:15:54.485  6180  6405 I RegiMgr<1>:  rec[19]: time=04-30 01:11:40.936 processed=RegisteredState org=RegisteredState dest=<null> what=2000(0x7d0)
04-30 01:15:54.485  6180  6405 I RegiMgr<1>: curState=RegisteredState
04-30 01:15:54.485  6180  6405 I RegiMgr<1>: , mReason=, mPcscfHostname=null, mDeregiReason=41]
04-30 01:15:54.504  6180  6405 I PaniGenerator<1>: generate: subId=2, network=13
04-30 01:15:54.507  6180  6405 I PaniGenerator<1>: generate: network=13, fallbackPlmn=22001
04-30 01:15:54.507  6180  6405 I PdnController<1>: getAllCellInfo mNeedCellLocationUpdate : false
04-30 01:15:54.507  6180  6405 I PaniGenerator: generate: change to NW PLMN(22001)
04-30 01:15:54.508  6180  6405 I PaniGenerator: setLkcForLastPani: No Last PANI header for Telenor Serbia IMS
04-30 01:15:54.509  6180  6405 I UserAgent<1>: updatePani: pani=3GPP-E-UTRAN-FDD;utran-cell-id-3gpp=220012b7301a3e03, updatePani: lastPani=
04-30 01:15:54.512  6180  6504 I StackIF : updatePani: 7 pani: [3GPP-E-UTRAN-FDD;utran-cell-id-3gpp=220012b7301a3e03]
04-30 01:15:54.513  6180  6405 I RegiMgr<1>: tryRegister:
04-30 01:15:54.515  6180  6405 I RegiMgr<0>: RegisterTask(s): Megafon VoLTE (IDLE)
04-30 01:15:54.516  6180  6405 I RegiMgr<1>: RegisterTask(s): Telenor Serbia IMS (REGISTERED, rat = 13, service = [mmtel-video, smsip, mmtel]), Global GC RCS (IDLE)
04-30 01:15:54.516  6180  6405 I RcsPolicyMgr<1>: pendingRcsRegister: mActiveDataPhoneId = 1
04-30 01:15:54.517  6180  6405 I RcsPolicyMgr<1>: pendingRcsRegister: mActiveDataPhoneId = 1
04-30 01:15:54.517  6180  6405 I RegisterTask: isSuspended: mSuspended(false) mSuspendByIrat(false)
04-30 01:15:54.517  6180  6504 I SECIMSJ : [3119]> 140
04-30 01:15:54.517  6180  6405 I RegiMgr<1>: [Global GC RCS|IDLE] checkForTryRegister id: 1003
04-30 01:15:54.518  6180  6405 I RegiMgr : isPdnConnected: false, PdnType: 1
04-30 01:15:54.525  6180  6405 I PdnController: getDefaultNetworkBearer:  WIFI
04-30 01:15:54.527  6180  6405 I PdnController: isWifiConnected: [type: WIFI[], state: CONNECTED/CONNECTED, reason: (unspecified), extra: , failover: false, available: true, roaming: false]
04-30 01:15:54.528  6180  6405 I RegiMgr-Utils<1>: findBestNetwork: WIFI needWifiNetwork = true
04-30 01:15:54.545  6180  6405 I RegiGvnBase<1>: isReadyToDualRegister : true
04-30 01:15:54.549  6180  6405 I RegiMgr<1>: [Global GC RCS|IDLE] checkInitialRegistrationIsReady: APM ON [false], Roamimg [false]
04-30 01:15:54.550  6180  6405 I RcsPolicyMgr<1>: pendingRcsRegister: mActiveDataPhoneId = 1
04-30 01:15:54.550  6180  6405 I ImsProfile: isRttSupportByCallApp : false ttyType : 1
04-30 01:15:54.550  6180  6405 I RegiMgr-Utils<1>: getPriorityRegiedTask : isPriority  High? true
04-30 01:15:54.552  6180  6509 I [IMS6.0]: IMS_onResponse()
04-30 01:15:54.556  6180  6405 I RegiGvnBase: checkRegiStatus: getState()=IDLE mIsUpdateRegistering=false
04-30 01:15:54.556  6180  6405 I RegiMgr<1>: getTelephonyCallStatus:
04-30 01:15:54.561  6180  6405 I ConfigProvider: query uri:xxxxx
04-30 01:15:54.562  6180  6509 I StackIF : processMessage 2
04-30 01:15:54.562  6180  6509 I StackIF : Processing Response
04-30 01:15:54.562  6180  6509 I SECIMSJ : [3119]< 600
04-30 01:15:54.562  6180  6509 I StackIF : processResponse: reqId 600
04-30 01:15:54.562  6180  6509 I StackIF : processResponse: handle 7 result 0 reason 0
04-30 01:15:54.585  6180  6405 I ConfigProvider: queryStorage path content://com.samsung.rcs.autoconfigurationprovider/parameter/version#simslot1
04-30 01:15:54.602  6180  6405 E GlobalSettingsRepoBase: globalgcsettings No matched key : dual_rcs_policy
04-30 01:15:54.605  6180  6405 I ImsServiceSwitchEur[1]:  isRcsEnabled: true mDefaultSms true mUpsmEnabled false mEmergencyEnabled false
04-30 01:15:54.610  6180  6405 I ConfigTrigger<1>: isWaitAutoConfig:
04-30 01:15:54.610  6180  6405 E GlobalSettingsRepoBase: globalgcsettings No matched key : dual_rcs_policy
04-30 01:15:54.613  6180  6405 I ImsServiceSwitchEur[1]:  isRcsEnabled: true mDefaultSms true mUpsmEnabled false mEmergencyEnabled false
04-30 01:15:54.613  6180  6405 I RegiMgr-Utils: selectPdnType: rat=18pdn=1
04-30 01:15:54.613  6180  6405 I RegiMgr<1>: getServiceForNetwork: network 18
04-30 01:15:54.613  6180  6405 I RegiMgr<1>: getServiceForNetwork: service {options, chatbot-communication, ft_http, im, euc, gls}
04-30 01:15:54.635  6180  6405 I ConfigTrigger<1>: isValidAcsVersion:
04-30 01:15:54.635  6180  6405 E GlobalSettingsRepoBase: globalgcsettings No matched key : dual_rcs_policy
04-30 01:15:54.638  6180  6405 I ConfigProvider: query uri:xxxxx
04-30 01:15:54.647  6180  6405 I ConfigProvider: queryStorage path content://com.samsung.rcs.autoconfigurationprovider/parameter/version#simslot1
04-30 01:15:54.649  5429  8542 D SecContentProvider2: query(), uri = 18 selection = isRCSEnabled
04-30 01:15:54.651  5429  8542 I PhoneRestrictionPolicy: isRCSEnabledInternal(), showMsg: false, columnName: enableRCS
04-30 01:15:54.653  5429  8542 E PhoneRestrictionPolicy: getEmergencyCall >>false
04-30 01:15:54.654  5429  8542 I PhoneRestrictionPolicy: isRCSEnabledInternal(), showMsg: false, columnName: enableRCSForSimSlot1
04-30 01:15:54.655  5429  8542 E PhoneRestrictionPolicy: getEmergencyCall >>false
04-30 01:15:54.658  6180  6405 I ConfigTrigger<1>: RCS switch: true, version: 0, isRcsAcsCompleted: true
04-30 01:15:54.658  6180  6405 I ConfigTrigger<1>: version is improper : 0
04-30 01:15:54.660  6180  6405 I RegiGvnBase: isVideoCallEnabled: Enable
04-30 01:15:54.660  6180  6405 I RegiMgr<1>: getServiceForNetwork: filtered service []
04-30 01:15:54.660  6180  6405 I RegiMgr<1>: Global GC RCS: no ims service for current rat18
04-30 01:15:54.663  6180  6405 I PdnController: slot[1]: stopPdnConnectivity: network 1, callback is null
04-30 01:15:54.664  6180  6405 E PdnController<1>: requestStopNetwork: callback not found
04-30 01:15:54.665  6180  6405 E #IMSCR  : 04-30 01:15:54 0x1101000B:1,FILTERED ALL:1
04-30 01:15:54.665  6180  6405 I PdnController: handleMessage: what 107
04-30 01:15:54.665  6180  6405 I PdnController: slot[1]: requestStopNetwork: network 1, callback is null
04-30 01:15:55.212  5429  5705 I ChimeraAggressivePolicyHandler: executePolicy() - triggerSource: TRIGGER_SOURCE_LMKD
04-30 01:15:55.218  5429  5705 I ChimeraAggressivePolicyHandler: available memory: 1017140, free memory target: 870400, quit chimera
04-30 01:15:55.290  5878  6043 D MobileStatusTracker(1/2): onSignalStrengthsChanged level=2, vendorLevel=1
04-30 01:15:55.295  5878  6043 D MobileSignalController(1/2): notifyListener: enabled=true, connected=true, dataConnected=false, networkType=LTE (4G), emergencyOnly=false, roaming=false, isDefault=false, dataActivity=, level=1, ca=false, mmWave=false, disabledDataIcon=false, simCard=ETC
04-30 01:15:55.311  5878  6043 D NetworkController: SignalStrength from intent slotId=1
04-30 01:15:55.323  4924  4924 D Zygote  : Forked child process 12425
04-30 01:15:55.383 12425 12425 I oid.apps.photos: Using CollectorTypeCC GC.
04-30 01:15:55.397 12425 12425 E oid.apps.photos: Not starting debugger since process cannot load the jdwp agent.
04-30 01:15:55.412 12425 12425 W libc    : Access denied finding property "sys.perf.boostopt"
04-30 01:15:55.412  4899  4899 E audit   : type=1400 audit(1682810155.407:84653): avc:  denied  { read } for  pid=12425 comm="oid.apps.photos" name="u:object_r:perf_prop:s0" dev="tmpfs" ino=21617 scontext=u:r:untrusted_app:s0:c252,c256,c512,c768 tcontext=u:object_r:perf_prop:s0 tclass=file permissive=0 SEPF_SM-A515F_13_0001 audit_filtered
04-30 01:15:55.412  4899  4899 E audit   : type=1300 audit(1682810155.407:84653): arch=c00000b7 syscall=56 success=no exit=-13 a0=ffffff9c a1=7fcb563ba8 a2=88000 a3=0 items=0 ppid=4924 pid=12425 auid=4294967295 uid=10252 gid=10252 euid=10252 suid=10252 fsuid=10252 egid=10252 sgid=10252 fsgid=10252 tty=(none) ses=4294967295 comm="oid.apps.photos" exe="/system/bin/app_process64" subj=u:r:untrusted_app:s0:c252,c256,c512,c768 key=(null)
04-30 01:15:55.412  4899  4899 E audit   : type=1327 audit(1682810155.407:84653): proctitle="zygote64"
04-30 01:15:55.414 12425 12425 D ActivityThread: setConscryptValidator
04-30 01:15:55.414 12425 12425 D ActivityThread: setConscryptValidator - put
04-30 01:15:55.423  4899  4899 E audit   : type=1400 audit(1682810155.419:84654): avc:  denied  { read } for  pid=12425 comm="binder:12425_1" name="u:object_r:perf_prop:s0" dev="tmpfs" ino=21617 scontext=u:r:untrusted_app:s0:c252,c256,c512,c768 tcontext=u:object_r:perf_prop:s0 tclass=file permissive=0 SEPF_SM-A515F_13_0001 audit_filtered
04-30 01:15:55.423  4899  4899 E audit   : type=1300 audit(1682810155.419:84654): arch=c00000b7 syscall=56 success=no exit=-13 a0=ffffff9c a1=7804bb12f8 a2=88000 a3=0 items=0 ppid=4924 pid=12425 auid=4294967295 uid=10252 gid=10252 euid=10252 suid=10252 fsuid=10252 egid=10252 sgid=10252 fsgid=10252 tty=(none) ses=4294967295 comm="binder:12425_1" exe="/system/bin/app_process64" subj=u:r:untrusted_app:s0:c252,c256,c512,c768 key=(null)
04-30 01:15:55.423 12425 12443 W libc    : Access denied finding property "sys.perf.boostopt"
04-30 01:15:55.472 12425 12443 W libc    : Access denied finding property "sys.perf.boostopt"
04-30 01:15:55.486 12425 12425 D CompatibilityChangeReporter: Compat change id reported: 171979766; UID 10252; state: ENABLED
04-30 01:15:55.514 12425 12425 D nativeloader: Configuring classloader-namespace for other apk /system/framework/org.apache.http.legacy.jar. target_sdk_version=33, uses_libraries=ALL, library_path=/data/app/~~yMo4mptYaj6eA2kKA3femQ==/com.google.android.apps.photos-_w_eG9xA30O2uGbSANQ3YA==/lib/arm64:/data/app/~~yMo4mptYaj6eA2kKA3femQ==/com.google.android.apps.photos-_w_eG9xA30O2uGbSANQ3YA==/base.apk!/lib/arm64-v8a:/data/app/~~yMo4mptYaj6eA2kKA3femQ==/com.google.android.apps.photos-_w_eG9xA30O2uGbSANQ3YA==/split_config.en.apk!/lib/arm64-v8a:/data/app/~~yMo4mptYaj6eA2kKA3femQ==/com.google.android.apps.photos-_w_eG9xA30O2uGbSANQ3YA==/split_config.ru.apk!/lib/arm64-v8a:/data/app/~~yMo4mptYaj6eA2kKA3femQ==/com.google.android.apps.photos-_w_eG9xA30O2uGbSANQ3YA==/split_config.xxhdpi.apk!/lib/arm64-v8a, permitted_path=/data:/mnt/expand:/data/user/0/com.google.android.apps.photos
04-30 01:15:55.514 12425 12425 D nativeloader: Extending system_exposed_libraries: libhumantracking.arcsoft.so:libPortraitDistortionCorrection.arcsoft.so:libPortraitDistortionCorrectionCali.arcsoft.so:libface_landmark.arcsoft.so:libFacialStickerEngine.arcsoft.so:libveengine.arcsoft.so:liblow_light_hdr.arcsoft.so:libhigh_dynamic_range.arcsoft.so:libFacialAttributeDetection.arcsoft.so:libBeauty_v4.camera.samsung.so:libexifa.camera.samsung.so:libjpega.camera.samsung.so:libOpenCv.camera.samsung.so:libImageScreener.camera.samsung.so:libMyFilter.camera.samsung.so:libtensorflowLite.myfilter.camera.samsung.so:libtensorflowlite_inference_api.myfilter.camera.samsung.so:libEventFinder.camera.samsung.so:libHIDTSnapJNI.camera.samsung.so:libSmartScan.camera.samsung.so:libRectify.camera.samsung.so:libDocRectifyWrapper.camera.samsung.so:libUltraWideDistortionCorrection.camera.samsung.so:libHpr_RecGAE_cvFeature_v1.0.camera.samsung.so:libHprFace_GAE_api.camera.samsung.so:libFace_Landmark_API.camera.samsung.so:libHprFace_GAE_jni.camera.samsung.so:libFacialBasedSelfieCorrec
04-30 01:15:55.533 12425 12425 W ziparchive: Unable to open '/data/app/~~yMo4mptYaj6eA2kKA3femQ==/com.google.android.apps.photos-_w_eG9xA30O2uGbSANQ3YA==/split_config.en.dm': No such file or directory
04-30 01:15:55.533 12425 12425 W ziparchive: Unable to open '/data/app/~~yMo4mptYaj6eA2kKA3femQ==/com.google.android.apps.photos-_w_eG9xA30O2uGbSANQ3YA==/split_config.en.dm': No such file or directory
04-30 01:15:55.535 12425 12425 W oid.apps.photos: Entry not found
04-30 01:15:55.536 12425 12425 W ziparchive: Unable to open '/data/app/~~yMo4mptYaj6eA2kKA3femQ==/com.google.android.apps.photos-_w_eG9xA30O2uGbSANQ3YA==/split_config.ru.dm': No such file or directory
04-30 01:15:55.537 12425 12425 W ziparchive: Unable to open '/data/app/~~yMo4mptYaj6eA2kKA3femQ==/com.google.android.apps.photos-_w_eG9xA30O2uGbSANQ3YA==/split_config.ru.dm': No such file or directory
04-30 01:15:55.538 12425 12425 W oid.apps.photos: Entry not found
04-30 01:15:55.539 12425 12425 W ziparchive: Unable to open '/data/app/~~yMo4mptYaj6eA2kKA3femQ==/com.google.android.apps.photos-_w_eG9xA30O2uGbSANQ3YA==/split_config.xxhdpi.dm': No such file or directory
04-30 01:15:55.539 12425 12425 W ziparchive: Unable to open '/data/app/~~yMo4mptYaj6eA2kKA3femQ==/com.google.android.apps.photos-_w_eG9xA30O2uGbSANQ3YA==/split_config.xxhdpi.dm': No such file or directory
04-30 01:15:55.541 12425 12425 W oid.apps.photos: Entry not found
04-30 01:15:55.543 12425 12425 D nativeloader: Configuring classloader-namespace for other apk /data/app/~~yMo4mptYaj6eA2kKA3femQ==/com.google.android.apps.photos-_w_eG9xA30O2uGbSANQ3YA==/base.apk:/data/app/~~yMo4mptYaj6eA2kKA3femQ==/com.google.android.apps.photos-_w_eG9xA30O2uGbSANQ3YA==/split_config.en.apk:/data/app/~~yMo4mptYaj6eA2kKA3femQ==/com.google.android.apps.photos-_w_eG9xA30O2uGbSANQ3YA==/split_config.ru.apk:/data/app/~~yMo4mptYaj6eA2kKA3femQ==/com.google.android.apps.photos-_w_eG9xA30O2uGbSANQ3YA==/split_config.xxhdpi.apk. target_sdk_version=33, uses_libraries=libOpenCL.so, library_path=/data/app/~~yMo4mptYaj6eA2kKA3femQ==/com.google.android.apps.photos-_w_eG9xA30O2uGbSANQ3YA==/lib/arm64:/data/app/~~yMo4mptYaj6eA2kKA3femQ==/com.google.android.apps.photos-_w_eG9xA30O2uGbSANQ3YA==/base.apk!/lib/arm64-v8a:/data/app/~~yMo4mptYaj6eA2kKA3femQ==/com.google.android.apps.photos-_w_eG9xA30O2uGbSANQ3YA==/split_config.en.apk!/lib/arm64-v8a:/data/app/~~yMo4mptYaj6eA2kKA3femQ==/com.google.android.apps.photos-_w_eG9xA30O2uGbSANQ3YA==/split_config.ru.apk!/li
04-30 01:15:55.556 12425 12425 W oid.apps.photos: JIT profile information will not be recorded: profile file does not exist.
04-30 01:15:55.556 12425 12425 W oid.apps.photos: JIT profile information will not be recorded: profile file does not exist.
04-30 01:15:55.557 12425 12425 W oid.apps.photos: JIT profile information will not be recorded: profile file does not exist.
04-30 01:15:55.618 12425 12425 V GraphicsEnvironment: ANGLE Developer option for 'com.google.android.apps.photos' set to: 'default'
04-30 01:15:55.619 12425 12425 V GraphicsEnvironment: ANGLE GameManagerService for com.google.android.apps.photos: false
04-30 01:15:55.619 12425 12425 V GraphicsEnvironment: Neither updatable production driver nor prerelease driver is supported.
04-30 01:15:55.624 12425 12425 D NetworkSecurityConfig: No Network Security Config specified, using platform default
04-30 01:15:55.627 12425 12425 D NetworkSecurityConfig: No Network Security Config specified, using platform default
04-30 01:15:55.975 12425 12425 W oid.apps.photos: Accessing hidden field Ljava/util/Collections$SynchronizedCollection;->mutex:Ljava/lang/Object; (max-target-o, reflection, denied)
04-30 01:15:55.976 12425 12425 W oid.apps.photos: Accessing hidden method Ljava/util/Collections$SynchronizedSet;-><init>(Ljava/util/Set;Ljava/lang/Object;)V (max-target-o, reflection, denied)
04-30 01:15:55.976 12425 12425 W oid.apps.photos: Accessing hidden method Ljava/util/Collections$SynchronizedCollection;-><init>(Ljava/util/Collection;Ljava/lang/Object;)V (max-target-o, reflection, denied)
04-30 01:15:55.996 12425 12425 D CompatibilityChangeReporter: Compat change id reported: 183155436; UID 10252; state: ENABLED
04-30 01:15:56.328  9200  9200 D BoundBrokerSvc: onBind: Intent { act=com.google.android.gms.phenotype.service.START pkg=com.google.android.gms }
04-30 01:15:56.328  9200  9200 D BoundBrokerSvc: Loading bound service for intent: Intent { act=com.google.android.gms.phenotype.service.START pkg=com.google.android.gms }
04-30 01:15:56.501 12425 12464 D CompatibilityChangeReporter: Compat change id reported: 194532703; UID 10252; state: ENABLED
04-30 01:15:56.527 12235 12258 D Benchmark: timeNs[ 0:10]: 26563 24000 23894 24634 24633 24261 24645 24432 25459 23239
04-30 01:15:56.527 12235 12258 D Benchmark: timeNs[10:20]: 23956 23196 23086 26019 24911 25258 23158 23120 25188 23741
04-30 01:15:56.527 12235 12258 D Benchmark: timeNs[20:30]: 23893 23479 23040 24076 24820 24610 25057 24780 28938 26514
04-30 01:15:56.527 12235 12258 D Benchmark: timeNs[30:40]: 24321 24100 25050 25427 23507 23756 23284 26088 28429 25618
04-30 01:15:56.527 12235 12258 D Benchmark: timeNs[40:50]: 26101 25278 24634 25285 26287 27585 23885 23129 24086 23125
04-30 01:15:56.617  5429  7411 D SemWifiUsabilityStatsMonitor: onWifiUsabilityStats - seqNum 24836, isSameBssidAndFreq true
04-30 01:15:56.619  5429  5717 I SemWifiLinkQualityMonitor: Link Qos Query: 0.190 ms / 42.000 Mbps (117 / 0.000 / 2.786)
04-30 01:15:56.649 12425 12461 D ConnectivityManager: StackLog: [android.net.ConnectivityManager.sendRequestForNetwork(ConnectivityManager.java:4191)] [android.net.ConnectivityManager.registerDefaultNetworkCallbackForUid(ConnectivityManager.java:4755)] [android.net.ConnectivityManager.registerDefaultNetworkCallback(ConnectivityManager.java:4722)] [android.net.ConnectivityManager.registerDefaultNetworkCallback(ConnectivityManager.java:4696)] [eab.b(PG:2)] [eae.b(PG:3)] [dzg.o(PG:1)] [dzd.a(PG:1)] [_6.<init>(PG:13)] [_970.<init>(PG:1)] [dzr.a(PG:2)] [dzt.b(PG:9)] [dog.d(PG:1)] [_1008.N(PG:1)] [mxc.b(PG:2)] [ejw.as(PG:845)] [ejw.b(PG:6)] [ejw.a(PG:1)] [aikf.C(PG:9)] [aikf.k(PG:2)] [aikf.h(PG:2)] [gsf.call(PG:34)] [agik.call(PG:1)] [agjb.call(PG:2)] [agis.run(PG:8)] [java.util.concurrent.ThreadPoolExecutor.runWorker(ThreadPoolExecutor.java:1137)] [java.util.concurrent.ThreadPoolExecutor$Worker.run(ThreadPoolExecutor.java:637)] [java.lang.Thread.run(Thread.java:1012)] [agie.run(PG:2)]
04-30 01:15:56.651  5429  5649 D ConnectivityService: requestNetwork for uid/pid:10252/12425 activeRequest: null callbackRequest: 19438 [NetworkRequest [ REQUEST id=19439, [ Capabilities: INTERNET&NOT_RESTRICTED&TRUSTED&NOT_VCN_MANAGED Uid: 10252 RequestorUid: 10252 RequestorPkg: com.google.android.apps.photos UnderlyingNetworks: Null] ]] callback flags: 0 order: 2147483647
04-30 01:15:56.653  5429  5665 D ConnectivityService:    accepting network in place of null
04-30 01:15:56.674  5429  5655 D WifiNetworkFactory: got request NetworkRequest [ REQUEST id=19439, [ Capabilities: INTERNET&NOT_RESTRICTED&TRUSTED&NOT_VCN_MANAGED Uid: 10252 RequestorUid: 10252 RequestorPkg: com.google.android.apps.photos UnderlyingNetworks: Null] ]
04-30 01:15:56.676  5429  5655 D UntrustedWifiNetworkFactory: got request NetworkRequest [ REQUEST id=19439, [ Capabilities: INTERNET&NOT_RESTRICTED&TRUSTED&NOT_VCN_MANAGED Uid: 10252 RequestorUid: 10252 RequestorPkg: com.google.android.apps.photos UnderlyingNetworks: Null] ]
04-30 01:15:56.680  5429  5655 D OemPaidWifiNetworkFactory: got request NetworkRequest [ REQUEST id=19439, [ Capabilities: INTERNET&NOT_RESTRICTED&TRUSTED&NOT_VCN_MANAGED Uid: 10252 RequestorUid: 10252 RequestorPkg: com.google.android.apps.photos UnderlyingNetworks: Null] ]
04-30 01:15:56.681  5429  5665 D ConnectivityService: Rematched networks [computed 1ms] [applied 8ms] [issued 20]
04-30 01:15:56.681  5429  5665 D ConnectivityService: NetworkReassignment :
04-30 01:15:56.681  5429  5665 D ConnectivityService:   19439 : null  128
04-30 01:15:56.681  5429  5655 D MultiInternetWifiNetworkFactory: got request NetworkRequest [ REQUEST id=19439, [ Capabilities: INTERNET&NOT_RESTRICTED&TRUSTED&NOT_VCN_MANAGED Uid: 10252 RequestorUid: 10252 RequestorPkg: com.google.android.apps.photos UnderlyingNetworks: Null] ]
04-30 01:15:56.897 12425 12461 D CompatibilityChangeReporter: Compat change id reported: 210923482; UID 10252; state: ENABLED
04-30 01:15:57.023 12235 12258 D Benchmark: allocationCount[ 0:10]: 43 43 43 43 43
04-30 01:15:57.024 12235 12258 D Benchmark: Set 12258 (Bench thread) to priority -8. Was -20, now -8
04-30 01:15:57.024 12235 12258 D Benchmark: Set 12243 (Jit) to priority 9. Was -15, now 9
04-30 01:15:57.024 12235 12258 D Benchmark: Warmup: t=0.250, iter=6015, fastAvg=27399, slowAvg=28105
04-30 01:15:57.025 12235 12258 I PerfettoCapture: Stopping perfetto.
04-30 01:15:57.029  4899  4899 E audit   : type=1400 audit(1682810157.027:84656): avc:  denied  { read } for  pid=12209 comm="binder:12209_2" name="u:object_r:perf_prop:s0" dev="tmpfs" ino=21617 scontext=u:r:shell:s0 tcontext=u:object_r:perf_prop:s0 tclass=file permissive=0 SEPF_SM-A515F_13_0001 audit_filtered
04-30 01:15:57.029 12209 12234 W libc    : Access denied finding property "sys.perf.boostopt"
04-30 01:15:57.029  4899  4899 E audit   : type=1300 audit(1682810157.027:84656): arch=c00000b7 syscall=56 success=no exit=-13 a0=ffffff9c a1=7d90c482f8 a2=88000 a3=0 items=0 ppid=12206 pid=12209 auid=4294967295 uid=2000 gid=2000 euid=2000 suid=2000 fsuid=2000 egid=2000 sgid=2000 fsgid=2000 tty=pts1 ses=4294967295 comm="binder:12209_2" exe="/system/bin/app_process64" subj=u:r:shell:s0 key=(null)
04-30 01:15:57.029  4899  4899 E audit   : type=1327 audit(1682810157.027:84656): proctitle=6170705F70726F63657373002F73797374656D2F62696E00636F6D2E616E64726F69642E636F6D6D616E64732E616D2E416D00696E737472756D656E74002D77002D72002D65006E6F2D69736F6C617465642D73746F726167650031002D6500616E64726F6964782E62656E63686D61726B2E6F75747075742E656E61626C65
04-30 01:15:57.043 12389 12389 I perfetto:    perfetto_cmd.cc:1168 SIGINT/SIGTERM received: disabling tracing.
04-30 01:15:57.051 12235 12258 D Benchmark: kill -TERM command output -
04-30 01:15:57.057  5130  5130 I perfetto:  probes_producer.cc:396 Producer stop (id=1005)
04-30 01:15:57.060  5130  5130 I perfetto:    ftrace_procfs.cc:342 disabled ftrace in /sys/kernel/tracing/
04-30 01:15:57.119  4389  4389 I hwservicemanager: getTransport: Cannot find entry android.hardware.atrace@1.0::IAtraceDevice/default in either framework or device VINTF manifest.
04-30 01:15:57.127  5130  5130 I perfetto:  probes_producer.cc:396 Producer stop (id=1006)
04-30 01:15:57.128  5130  5130 I perfetto:  probes_producer.cc:396 Producer stop (id=1007)
04-30 01:15:57.147   578   610 I PolicyManager: [#CMH#] Is foreground game app: false
04-30 01:15:57.159 12425 12470 D CompatibilityChangeReporter: Compat change id reported: 170233598; UID 10252; state: DISABLED
04-30 01:15:57.170  5429  5649 D WifiNl80211Manager: Scan result ready event
04-30 01:15:57.176 11546 11546 I wpa_supplicant: nl80211: Drv Event 34 (NL80211_CMD_NEW_SCAN_RESULTS) received for wlan0
04-30 01:15:57.176  5429  5649 D WifiNative: Scan result ready event
04-30 01:15:57.176 11546 11546 I wpa_supplicant: wlan0: nl80211: New scan results available
04-30 01:15:57.177  5848 11580 D IpClient/wlan0: interfaceLinkStateChanged: ifindex 11 up
04-30 01:15:57.177 11546 11546 I wpa_supplicant: nl80211: Scan probed for SSID ''
04-30 01:15:57.178 12389 12389 I perfetto:    perfetto_cmd.cc:1124 Trace written into the output file
04-30 01:15:57.178 11546 11546 I wpa_supplicant: nl80211: Scan included frequencies: 2412 2417 2422 2427 2432 2437 2442 2447 2452 2457 2462 2467 2472 5180 5200 5220 5240 5260 5280 5300 5320 5745 5765 5785 5805 5825
04-30 01:15:57.187  5131  5131 I perfetto: ng_service_impl.cc:2426 Tracing session 252 ended, total sessions:0
04-30 01:15:57.219 12235 12258 I PerfettoCapture: Writing to /storage/emulated/0/Android/data/org.jetbrains.android_benchmark.test/cache/AckermannBenchmark_mutableUniversalRefIntIn1Long_2023-04-29-23-15-57.perfetto-trace.
04-30 01:15:57.241  5429  5708 D SemWifiScanPool: remove old scan results, size:2
04-30 01:15:57.242  5429  5708 D SemWifiScanPool: countryCode: RS, count: 8, totalSamples: 10, rate: 80.0%
04-30 01:15:57.242  5429  5708 V SemWifiScanPool: updateScanResult, full scan:14 configKeys: 12 pool_bssid:59 pool_configKeys:28
04-30 01:15:57.242  5429  5708 D WifiConnectivityMonitor: onScanResultUpdated
04-30 01:15:57.243  5429  5708 D WifiConnectivityMonitor: mMaxScannedCountryCode : RS
04-30 01:15:57.273 12235 12258 D Benchmark: Copying /storage/emulated/0/Android/data/org.jetbrains.android_benchmark.test/cache/AckermannBenchmark_mutableUniversalRefIntIn1Long_2023-04-29-23-15-57.perfetto-trace to /sdcard/Android/media/org.jetbrains.android_benchmark.test/additional_test_output/AckermannBenchmark_mutableUniversalRefIntIn1Long_2023-04-29-23-15-57.perfetto-trace
04-30 01:15:57.344  8350 12510 W MediaProvider: isAppCloneUserPair for user 0: false
04-30 01:15:57.388  5429  5649 D SyncManager: userId - 0 auto - true
04-30 01:15:57.437  5429  5751 D NetdEventListenerService: DNS Requested by : 128, 10226
04-30 01:15:57.474 12235 12258 I Benchmark: AckermannBenchmark.mutableUniversalRefIntIn1Long[Metric (timeNs) results: median 24621.914360098657, min 23040.158673609207, max 28938.729240887915, standardDeviation: 1351.1849908821193, Metric (allocationCount) results: median 43.0, min 43.0, max 43.00082214305289, standardDeviation: 4.5030629556588316E-4]count=3649
04-30 01:15:57.478  9200 12494 I NetworkScheduler.Stats: Task com.google.android.gms/com.google.android.gms.ipa.base.IpaGcmTaskService started execution. cause:9 exec_start_elapsed_seconds: 219697 [CONTEXT service_id=218 ]
04-30 01:15:57.481  9200 12494 I NetworkScheduler.Stats: Task com.google.android.gms/com.google.android.gms.ipa.base.IpaGcmTaskService finished executing. cause:9 result: 1 elapsed_millis: 47 uptime_millis: 47 exec_start_elapsed_seconds: 219697 [CONTEXT service_id=218 ]
04-30 01:15:57.482 12235 12258 D Benchmark: writing results to /storage/emulated/0/Android/data/org.jetbrains.android_benchmark.test/cache/org.jetbrains.android_benchmark.test-benchmarkData.json
04-30 01:15:57.486 12235 12258 D Benchmark: Copying /storage/emulated/0/Android/data/org.jetbrains.android_benchmark.test/cache/org.jetbrains.android_benchmark.test-benchmarkData.json to /sdcard/Android/media/org.jetbrains.android_benchmark.test/additional_test_output/org.jetbrains.android_benchmark.test-benchmarkData.json
04-30 01:15:57.487  9200 11208 D TrafficStats: tagSocket(210) with statsTag=0x24000609, statsUid=10226
04-30 01:15:57.510  8350 23277 W MediaProvider: isAppCloneUserPair for user 0: false
04-30 01:15:57.579 13611 13611 I Launcher.NotificationListener: onNotificationRankingUpdate : notification full refresh
04-30 01:15:57.579 13611 13611 I Launcher.NotificationListener: onNotificationFullRefresh
04-30 01:15:57.584  5878  5878 D InterruptionStateProvider: Group alert behavior is suppressed but we want to alert bubble
04-30 01:15:57.585  5878  5878 D InterruptionStateProvider: Group alert behavior is suppressed but we want to alert bubble
04-30 01:15:57.585 12235 12258 I TestRunner: finished: mutableUniversalRefIntIn1Long(org.jetbrains.android_benchmark.AckermannBenchmark)
