04-18 00:40:38.213  4066  4127 I AppsModelWriter: normalizeVisibleItems(visibleItems)> 0, 173, 0, -102, 1, 17, UserHandle{0}, 0, GitHub, -1, -1
04-18 00:40:38.214  3762  3949 W SCS@AiSearch user 0: (TransliterationPropertyHelper) There is no matched LangType with en, Will use latin as default
04-18 00:40:38.214  4066  4127 I AppsModelWriter: normalizeVisibleItems(visibleItems)> 0, 209, 0, -102, 1, 18, UserHandle{0}, 0, Glovo, -1, -1
04-18 00:40:38.214  4066  4127 I AppsModelWriter: normalizeVisibleItems(visibleItems)> 0, 153, 0, -102, 1, 19, UserHandle{0}, 0, Google Japanese Input, -1, -1
04-18 00:40:38.214  4066  4127 I AppsModelWriter: normalizeVisibleItems(visibleItems)> 0, 281, 0, -102, 1, 20, UserHandle{0}, 0, Grammarly, -1, -1
04-18 00:40:38.214  3762  3949 I SCS@AiSearch user 0: (TransliterationAnalyzer) Property=TransliterationProperty{mInputLanguage='la', mOutputLanguage='la', mCategory='common', mNoNeedTransliteration='true'}
04-18 00:40:38.214  3762  3949 I SCS@AiSearch user 0: (TransliterationAnalyzer) Does not need transliteration. Will do nothing
04-18 00:40:38.217  4376  4376 I lmkd    : cached 2, sandbox(not0) 0
04-18 00:40:38.219  4066  4127 I AppsModelWriter: normalizeVisibleItems(visibleItems)> 0, 181, 0, -102, 1, 21, UserHandle{0}, 0, Graphing Calc, -1, -1
04-18 00:40:38.219  4066  4127 I AppsModelWriter: normalizeVisibleItems(visibleItems)> 0, 165, 0, -102, 1, 22, UserHandle{0}, 0, HiPER Scientific Calculator, -1, -1
04-18 00:40:38.219  4066  4127 I AppsModelWriter: normalizeVisibleItems(visibleItems)> 0, 274, 0, -102, 1, 23, UserHandle{0}, 0, Instagram, -1, -1
04-18 00:40:38.220  4066  4127 I AppsModelWriter: normalizeVisibleItems(visibleItems)> 0, 235, 0, -102, 1, 24, UserHandle{0}, 0, KAlgebra, -1, -1
04-18 00:40:38.220  4066  4127 I AppsModelWriter: normalizeVisibleItems(visibleItems)> 0, 139, 0, -102, 1, 25, UserHandle{0}, 0, Kaspersky, -1, -1
04-18 00:40:38.220  4066  4127 I AppsModelWriter: normalizeVisibleItems(visibleItems)> 0, 234, 0, -102, 1, 26, UserHandle{0}, 0, KDE Connect, -1, -1
04-18 00:40:38.220  4066  4127 I AppsModelWriter: normalizeVisibleItems(visibleItems)> 0, 120, 0, -102, 1, 27, UserHandle{0}, 0, Keep notes, -1, -1
04-18 00:40:38.220  4066  4127 I AppsModelWriter: normalizeVisibleItems(visibleItems)> 0, 244, 0, -102, 1, 28, UserHandle{0}, 0, Knowledge, -1, -1
04-18 00:40:38.220  4066  4127 I AppsModelWriter: normalizeVisibleItems(visibleItems)> 0, 228, 0, -102, 1, 29, UserHandle{0}, 0, Lens, -1, -1
04-18 00:40:38.220  4066  4127 I AppsModelWriter: normalizeVisibleItems(visibleItems)> 0, 255, 0, -102, 2, 0, UserHandle{0}, 0, LinkedIn, -1, -1
04-18 00:40:38.220  4066  4127 I AppsModelWriter: normalizeVisibleItems(visibleItems)> 0, 84, 0, -102, 2, 1, UserHandle{0}, 0, Mail, -1, -1
04-18 00:40:38.220  4066  4127 I AppsModelWriter: normalizeVisibleItems(visibleItems)> 0, 117, 0, -102, 2, 2, UserHandle{0}, 0, Mail, -1, -1
04-18 00:40:38.220  4066  4127 I AppsModelWriter: normalizeVisibleItems(visibleItems)> 0, 125, 0, -102, 2, 3, UserHandle{0}, 0, Maps, -1, -1
04-18 00:40:38.220  4066  4127 I AppsModelWriter: normalizeVisibleItems(visibleItems)> 0, 203, 0, -102, 2, 4, UserHandle{0}, 0, meduza, -1, -1
04-18 00:40:38.220  4066  4127 I AppsModelWriter: normalizeVisibleItems(visibleItems)> 0, 218, 0, -102, 2, 5, UserHandle{0}, 0, Meet, -1, -1
04-18 00:40:38.220  4066  4127 I AppsModelWriter: normalizeVisibleItems(visibleItems)> 0, 254, 0, -102, 2, 6, UserHandle{0}, 0, Meet (original), -1, -1
04-18 00:40:38.220  4066  4127 I AppsModelWriter: normalizeVisibleItems(visibleItems)> 0, 276, 0, -102, 2, 7, UserHandle{0}, 0, MegaFonPRO, -1, -1
04-18 00:40:38.220  4066  4127 I AppsModelWriter: normalizeVisibleItems(visibleItems)> 0, 68, 0, -102, 2, 8, UserHandle{0}, 0, Messages, -1, -1
04-18 00:40:38.220  4066  4127 I AppsModelWriter: normalizeVisibleItems(visibleItems)> 0, 103, 0, -102, 2, 9, UserHandle{0}, 0, Microsoft 365 (Office), -1, -1
04-18 00:40:38.220  4066  4127 I AppsModelWriter: normalizeVisibleItems(visibleItems)> 0, 159, 0, -102, 2, 10, UserHandle{0}, 0, Microsoft Launcher, -1, -1
04-18 00:40:38.220  4066  4127 I AppsModelWriter: normalizeVisibleItems(visibleItems)> 0, 261, 0, -102, 2, 11, UserHandle{0}, 0, Moj Maxi, -1, -1
04-18 00:40:38.220  4066  4127 I AppsModelWriter: normalizeVisibleItems(visibleItems)> 0, 252, 0, -102, 2, 12, UserHandle{0}, 0, Moja mBanka, -1, -1
04-18 00:40:38.220  4066  4127 I AppsModelWriter: normalizeVisibleItems(visibleItems)> 0, 233, 0, -102, 2, 13, UserHandle{0}, 0, Moodle, -1, -1
04-18 00:40:38.220  4066  4127 I AppsModelWriter: normalizeVisibleItems(visibleItems)> 0, 258, 0, -102, 2, 14, UserHandle{0}, 0, Moovit, -1, -1
04-18 00:40:38.220  4066  4127 I AppsModelWriter: normalizeVisibleItems(visibleItems)> 0, 275, 0, -102, 2, 15, UserHandle{0}, 0, Music, -1, -1
04-18 00:40:38.220  4066  4127 I AppsModelWriter: normalizeVisibleItems(visibleItems)> 0, 169, 0, -102, 2, 16, UserHandle{0}, 0, my.itmo, -1, -1
04-18 00:40:38.220  4066  4127 I AppsModelWriter: normalizeVisibleItems(visibleItems)> 0, 197, 0, -102, 2, 17, UserHandle{0}, 0, Natural Scientific Calculator, -1, -1
04-18 00:40:38.220  4066  4127 I AppsModelWriter: normalizeVisibleItems(visibleItems)> 0, 260, 0, -102, 2, 18, UserHandle{0}, 0, Notion, -1, -1
04-18 00:40:38.220  4066  4127 I AppsModelWriter: normalizeVisibleItems(visibleItems)> 0, 251, 0, -102, 2, 19, UserHandle{0}, 0, Omnics, -1, -1
04-18 00:40:38.220  4066  4127 I AppsModelWriter: normalizeVisibleItems(visibleItems)> 0, 58, 0, -102, 2, 20, UserHandle{0}, 0, OneDrive, -1, -1
04-18 00:40:38.220  4066  4127 I AppsModelWriter: normalizeVisibleItems(visibleItems)> 0, 149, 0, -102, 2, 21, UserHandle{0}, 0, OONI Probe, -1, -1
04-18 00:40:38.220  4066  4127 I AppsModelWriter: normalizeVisibleItems(visibleItems)> 0, 179, 0, -102, 2, 22, UserHandle{0}, 0, Orbot, -1, -1
04-18 00:40:38.220  4066  4127 I AppsModelWriter: normalizeVisibleItems(visibleItems)> 0, 146, 0, -102, 2, 23, UserHandle{0}, 0, PaintCAD, -1, -1
04-18 00:40:38.220  4066  4127 I AppsModelWriter: normalizeVisibleItems(visibleItems)> 0, 67, 0, -102, 2, 24, UserHandle{0}, 0, Phone, -1, -1
04-18 00:40:38.220  4066  4127 I AppsModelWriter: normalizeVisibleItems(visibleItems)> 0, 219, 0, -102, 2, 25, UserHandle{0}, 0, PhoneAccount Abuse Detector, -1, -1
04-18 00:40:38.220  4066  4127 I AppsModelWriter: normalizeVisibleItems(visibleItems)> 0, 177, 0, -102, 2, 26, UserHandle{0}, 0, Photomath, -1, -1
04-18 00:40:38.220  4066  4127 I AppsModelWriter: normalizeVisibleItems(visibleItems)> 0, 92, 0, -102, 2, 27, UserHandle{0}, 0, Photos, -1, -1
04-18 00:40:38.220  4066  4127 I AppsModelWriter: normalizeVisibleItems(visibleItems)> 0, 132, 0, -102, 2, 28, UserHandle{0}, 0, PhotoScan, -1, -1
04-18 00:40:38.221  4066  4127 I AppsModelWriter: normalizeVisibleItems(visibleItems)> 0, 242, 0, -102, 2, 29, UserHandle{0}, 0, Play Games, -1, -1
04-18 00:40:38.221  4066  4127 I AppsModelWriter: normalizeVisibleItems(visibleItems)> 0, 192, 0, -102, 3, 0, UserHandle{0}, 0, Play Music, -1, -1
04-18 00:40:38.221  4066  4127 I AppsModelWriter: normalizeVisibleItems(visibleItems)> 0, 61, 0, -102, 3, 1, UserHandle{0}, 0, Play Store, -1, -1
04-18 00:40:38.221  4066  4127 I AppsModelWriter: normalizeVisibleItems(visibleItems)> 0, 227, 0, -102, 3, 2, UserHandle{0}, 0, Proton VPN, -1, -1
04-18 00:40:38.221  4066  4127 I AppsModelWriter: normalizeVisibleItems(visibleItems)> 0, 200, 0, -102, 3, 3, UserHandle{0}, 0, Psiphon Pro, -1, -1
04-18 00:40:38.221  4066  4127 I AppsModelWriter: normalizeVisibleItems(visibleItems)> 0, 147, 0, -102, 3, 4, UserHandle{0}, 0, Pydroid 3, -1, -1
04-18 00:40:38.221  4066  4127 I AppsModelWriter: normalizeVisibleItems(visibleItems)> 0, 124, 0, -102, 3, 5, UserHandle{0}, 0, QuickEdit, -1, -1
04-18 00:40:38.221  4066  4127 I AppsModelWriter: normalizeVisibleItems(visibleItems)> 0, 232, 0, -102, 3, 6, UserHandle{0}, 0, Quip, -1, -1
04-18 00:40:38.221  4066  4127 I AppsModelWriter: normalizeVisibleItems(visibleItems)> 0, 221, 0, -102, 3, 7, UserHandle{0}, 0, RaiPay, -1, -1
04-18 00:40:38.221  4066  4127 I AppsModelWriter: normalizeVisibleItems(visibleItems)> 0, 128, 0, -102, 3, 8, UserHandle{0}, 0, RAR, -1, -1
04-18 00:40:38.221  4066  4127 I AppsModelWriter: normalizeVisibleItems(visibleItems)> 0, 245, 0, -102, 3, 9, UserHandle{0}, 0, Reddit, -1, -1
04-18 00:40:38.221  4066  4127 I AppsModelWriter: normalizeVisibleItems(visibleItems)> 0, 96, 0, -102, 3, 10, UserHandle{0}, 0, Samsung Health, -1, -1
04-18 00:40:38.221  4066  4127 I AppsModelWriter: normalizeVisibleItems(visibleItems)> 0, 99, 0, -102, 3, 11, UserHandle{0}, 0, Samsung Members, -1, -1
04-18 00:40:38.221  4066  4127 I AppsModelWriter: normalizeVisibleItems(visibleItems)> 0, 100, 0, -102, 3, 12, UserHandle{0}, 0, Samsung Notes, -1, -1
04-18 00:40:38.221  4066  4127 I AppsModelWriter: normalizeVisibleItems(visibleItems)> 0, 205, 0, -102, 3, 13, UserHandle{0}, 0, ScreenshotGo, -1, -1
04-18 00:40:38.221  4066  4127 I AppsModelWriter: normalizeVisibleItems(visibleItems)> 0, 73, 0, -102, 3, 14, UserHandle{0}, 0, Settings, -1, -1
04-18 00:40:38.221  4066  4127 I AppsModelWriter: normalizeVisibleItems(visibleItems)> 0, 143, 0, -102, 3, 15, UserHandle{0}, 0, Shazam, -1, -1
04-18 00:40:38.221  4066  4127 I AppsModelWriter: normalizeVisibleItems(visibleItems)> 0, 112, 0, -102, 3, 16, UserHandle{0}, 0, Sheets, -1, -1
04-18 00:40:38.221  4066  4127 I AppsModelWriter: normalizeVisibleItems(visibleItems)> 0, 183, 0, -102, 3, 17, UserHandle{0}, 0, Skype, -1, -1
04-18 00:40:38.221  4066  4127 I AppsModelWriter: normalizeVisibleItems(visibleItems)> 0, 170, 0, -102, 3, 18, UserHandle{0}, 0, Slack, -1, -1
04-18 00:40:38.221  4066  4127 I AppsModelWriter: normalizeVisibleItems(visibleItems)> 0, 135, 0, -102, 3, 19, UserHandle{0}, 0, Slides, -1, -1
04-18 00:40:38.221  4066  4127 I AppsModelWriter: normalizeVisibleItems(visibleItems)> 0, 216, 0, -102, 3, 20, UserHandle{0}, 0, Smart Tutor, -1, -1
04-18 00:40:38.221  4066  4127 I AppsModelWriter: normalizeVisibleItems(visibleItems)> 0, 241, 0, -102, 3, 21, UserHandle{0}, 0, Space, -1, -1
04-18 00:40:38.221  4066  4127 I AppsModelWriter: normalizeVisibleItems(visibleItems)> 0, 265, 0, -102, 3, 22, UserHandle{0}, 0, SPACE, -1, -1
04-18 00:40:38.221  4066  4127 I AppsModelWriter: normalizeVisibleItems(visibleItems)> 0, 136, 0, -102, 3, 23, UserHandle{0}, 0, Speedtest, -1, -1
04-18 00:40:38.221  4066  4127 I AppsModelWriter: normalizeVisibleItems(visibleItems)> 0, 237, 0, -102, 3, 24, UserHandle{0}, 0, Splitwise, -1, -1
04-18 00:40:38.221  4066  4127 I AppsModelWriter: normalizeVisibleItems(visibleItems)> 0, 278, 0, -102, 3, 25, UserHandle{0}, 0, Srbija voz, -1, -1
04-18 00:40:38.221  4066  4127 I AppsModelWriter: normalizeVisibleItems(visibleItems)> 0, 109, 0, -102, 3, 26, UserHandle{0}, 0, Stepik, -1, -1
04-18 00:40:38.221  4066  4127 I AppsModelWriter: normalizeVisibleItems(visibleItems)> 0, 122, 0, -102, 3, 27, UserHandle{0}, 0, Tasks, -1, -1
04-18 00:40:38.221  4066  4127 I AppsModelWriter: normalizeVisibleItems(visibleItems)> 0, 267, 0, -102, 3, 28, UserHandle{0}, 0, TeamCityApp, -1, -1
04-18 00:40:38.222  4066  4127 I AppsModelWriter: normalizeVisibleItems(visibleItems)> 0, 223, 0, -102, 3, 29, UserHandle{0}, 0, Teams, -1, -1
04-18 00:40:38.222  4066  4127 I AppsModelWriter: normalizeVisibleItems(visibleItems)> 0, 108, 0, -102, 4, 0, UserHandle{0}, 0, Telegram, -1, -1
04-18 00:40:38.222  4066  4127 I AppsModelWriter: normalizeVisibleItems(visibleItems)> 0, 123, 0, -102, 4, 1, UserHandle{0}, 0, Telegram Beta, -1, -1
04-18 00:40:38.222  4066  4127 I AppsModelWriter: normalizeVisibleItems(visibleItems)> 0, 256, 0, -102, 4, 2, UserHandle{0}, 0, Telemost, -1, -1
04-18 00:40:38.222  4066  4127 I AppsModelWriter: normalizeVisibleItems(visibleItems)> 0, 126, 0, -102, 4, 3, UserHandle{0}, 0, Termux, -1, -1
04-18 00:40:38.222  4066  4127 I AppsModelWriter: normalizeVisibleItems(visibleItems)> 0, 175, 0, -102, 4, 4, UserHandle{0}, 0, Termux Tutorial, -1, -1
04-18 00:40:38.222  4066  4127 I AppsModelWriter: normalizeVisibleItems(visibleItems)> 0, 247, 0, -102, 4, 5, UserHandle{0}, 0, Tinkoff, -1, -1
04-18 00:40:38.222  4066  4127 I AppsModelWriter: normalizeVisibleItems(visibleItems)> 0, 105, 0, -102, 4, 6, UserHandle{0}, 0, Tips, -1, -1
04-18 00:40:38.222  4066  4127 I AppsModelWriter: normalizeVisibleItems(visibleItems)> 0, 243, 0, -102, 4, 7, UserHandle{0}, 0, To Do, -1, -1
04-18 00:40:38.222  4066  4127 I AppsModelWriter: normalizeVisibleItems(visibleItems)> 0, 121, 0, -102, 4, 8, UserHandle{0}, 0, Translate, -1, -1
04-18 00:40:38.222  4066  4127 I AppsModelWriter: normalizeVisibleItems(visibleItems)> 0, 163, 0, -102, 4, 9, UserHandle{0}, 0, Translate, -1, -1
04-18 00:40:38.222  4066  4127 I AppsModelWriter: normalizeVisibleItems(visibleItems)> 0, 199, 0, -102, 4, 10, UserHandle{0}, 0, Twitch, -1, -1
04-18 00:40:38.222  4066  4127 I AppsModelWriter: normalizeVisibleItems(visibleItems)> 0, 248, 0, -102, 4, 11, UserHandle{0}, 0, Twitter, -1, -1
04-18 00:40:38.222  4066  4127 I AppsModelWriter: normalizeVisibleItems(visibleItems)> 0, 110, 0, -102, 4, 12, UserHandle{0}, 0, VK, -1, -1
04-18 00:40:38.222  4066  4127 I AppsModelWriter: normalizeVisibleItems(visibleItems)> 0, 102, 0, -102, 4, 13, UserHandle{0}, 0, Voice Recorder, -1, -1
04-18 00:40:38.222  4066  4127 I AppsModelWriter: normalizeVisibleItems(visibleItems)> 0, 210, 0, -102, 4, 14, UserHandle{0}, 0, Wallet, -1, -1
04-18 00:40:38.222  4066  4127 I AppsModelWriter: normalizeVisibleItems(visibleItems)> 0, 119, 0, -102, 4, 15, UserHandle{0}, 0, WhatsApp, -1, -1
04-18 00:40:38.222  4066  4127 I AppsModelWriter: normalizeVisibleItems(visibleItems)> 0, 231, 0, -102, 4, 16, UserHandle{0}, 0, WiFiAnalyzer, -1, -1
04-18 00:40:38.222  4066  4127 I AppsModelWriter: normalizeVisibleItems(visibleItems)> 0, 156, 0, -102, 4, 17, UserHandle{0}, 0, Wolfram Alpha, -1, -1
04-18 00:40:38.222  4066  4127 I AppsModelWriter: normalizeVisibleItems(visibleItems)> 0, 214, 0, -102, 4, 18, UserHandle{0}, 0, Wolt, -1, -1
04-18 00:40:38.222  4066  4127 I AppsModelWriter: normalizeVisibleItems(visibleItems)> 0, 140, 0, -102, 4, 19, UserHandle{0}, 0, Word, -1, -1
04-18 00:40:38.222  4066  4127 I AppsModelWriter: normalizeVisibleItems(visibleItems)> 0, 262, 0, -102, 4, 20, UserHandle{0}, 0, Xiaomi Home, -1, -1
04-18 00:40:38.222  4066  4127 I AppsModelWriter: normalizeVisibleItems(visibleItems)> 0, 185, 0, -102, 4, 21, UserHandle{0}, 0, Y.Weather, -1, -1
04-18 00:40:38.222  4066  4127 I AppsModelWriter: normalizeVisibleItems(visibleItems)> 0, 150, 0, -102, 4, 22, UserHandle{0}, 0, YandexDisk, -1, -1
04-18 00:40:38.222  4066  4127 I AppsModelWriter: normalizeVisibleItems(visibleItems)> 0, 208, 0, -102, 4, 23, UserHandle{0}, 0, Yandex Metro, -1, -1
04-18 00:40:38.222  4066  4127 I AppsModelWriter: normalizeVisibleItems(visibleItems)> 0, 152, 0, -102, 4, 24, UserHandle{0}, 0, Yandex Navi, -1, -1
04-18 00:40:38.222  4066  4127 I AppsModelWriter: normalizeVisibleItems(visibleItems)> 0, 83, 0, -102, 4, 25, UserHandle{0}, 0, Yandex Start, -1, -1
04-18 00:40:38.222  4066  4127 I AppsModelWriter: normalizeVisibleItems(visibleItems)> 0, 188, 0, -102, 4, 26, UserHandle{0}, 0, YandexGo, -1, -1
04-18 00:40:38.222  4066  4127 I AppsModelWriter: normalizeVisibleItems(visibleItems)> 0, 211, 0, -102, 4, 27, UserHandle{0}, 0, Yettel, -1, -1
04-18 00:40:38.222  4066  4127 I AppsModelWriter: normalizeVisibleItems(visibleItems)> 0, 230, 0, -102, 4, 28, UserHandle{0}, 0, YouTrack, -1, -1
04-18 00:40:38.222  4066  4127 I AppsModelWriter: normalizeVisibleItems(visibleItems)> 0, 215, 0, -102, 4, 29, UserHandle{0}, 0, Zoom, -1, -1
04-18 00:40:38.223  4066  4127 I AppsModelWriter: normalizeVisibleItems(visibleItems)> 0, 206, 0, -102, 5, 0, UserHandle{0}, 0, , -1, -1
04-18 00:40:38.223  4066  4127 I AppsModelWriter: normalizeVisibleItems(visibleItems)> 0, 222, 0, -102, 5, 1, UserHandle{0}, 0, , -1, -1
04-18 00:40:38.223  4066  4127 I AppsModelWriter: normalizeVisibleItems(visibleItems)> 0, 212, 0, -102, 5, 2, UserHandle{0}, 0, , -1, -1
04-18 00:40:38.223  4066  4127 I AppsModelWriter: normalizeVisibleItems(visibleItems)> 0, 246, 0, -102, 5, 3, UserHandle{0}, 0, ., -1, -1
04-18 00:40:38.223  4066  4127 I AppsModelWriter: normalizeVisibleItems(visibleItems)> 0, 85, 0, -102, 5, 4, UserHandle{0}, 0, , -1, -1
04-18 00:40:38.223  4066  4127 I AppsModelWriter: normalizeVisibleItems(visibleItems)> 0, 138, 0, -102, 5, 5, UserHandle{0}, 0, , -1, -1
04-18 00:40:38.223  4066  4127 I AppsModelWriter: normalizeVisibleItems(visibleItems)> 0, 207, 0, -102, 5, 6, UserHandle{0}, 0,  Tele2, -1, -1
04-18 00:40:38.223  4066  4127 I AppsModelWriter: normalizeVisibleItems(visibleItems)> 0, 213, 0, -102, 5, 7, UserHandle{0}, 0,  , -1, -1
04-18 00:40:38.223  4066  4127 I AppsModelWriter: normalizeVisibleItems(visibleItems)> 0, 168, 0, -102, 5, 8, UserHandle{0}, 0, , -1, -1
04-18 00:40:38.223  4066  4127 I AppsModelWriter: normalizeVisibleItems(visibleItems)> 0, 273, 0, -102, 5, 9, UserHandle{0}, 0,  , -1, -1
04-18 00:40:38.223  4066  4127 I AppsModelWriter: normalizeVisibleItems(visibleItems)> 0, 127, 0, -102, 5, 10, UserHandle{0}, 0,  , -1, -1
04-18 00:40:38.223  4376  4376 I lmkd    : Reclaim 'com.samsung.android.messaging' (3297), uid 10115, oom_score_adj 935, state 19 to free 61984kB rss, 29644kb swap
04-18 00:40:38.224  4376  4376 I lmkd    : Reclaimed 91628kB at oom_score_adj 850
04-18 00:40:38.233  4066  4127 I AppsModelWriter: updateItems(end) : updateItem> 0, 178, 0, -102, 0, 21, UserHandle{0}, 0, Cloud Mail.ru, -1, -1
04-18 00:40:38.234  4066  4127 I PostPositionOperator: addAllItems() - All
04-18 00:40:38.234  4066  4066 I AppsModelWriter: bindAppsItems() - visibleAddItems : 0, visibleUpdateItems : 1, removeItems : 0
04-18 00:40:38.236  4066  4066 I Launcher.AppsContainerView: bindAppsUpdates() => add: 0, update: 1, remove: 0
04-18 00:40:38.263  4066  4066 I Launcher.AppsPageDelegate: updateItemToNewPosition = title : Samsung, rank : 1, screenId : 0, user: UserHandle{0}, screenType: 0, pos: 1, screen: 0
04-18 00:40:38.263  4066  4066 I Launcher.AppsPageDelegate: updateItemToNewPosition = title : Google, rank : 0, screenId : 0, user: UserHandle{0}, screenType: 0, pos: 0, screen: 0
04-18 00:40:38.264  4066  4066 I Launcher.AppsPageDelegate: updateItemToNewPosition = title : Camera, rank : 16, screenId : 0, user: UserHandle{0}, screenType: 0, pos: 16, screen: 0
04-18 00:40:38.264  4066  4066 I Launcher.AppsPageDelegate: updateItemToNewPosition = title : Clock, rank : 20, screenId : 0, user: UserHandle{0}, screenType: 0, pos: 20, screen: 0
04-18 00:40:38.264  4066  4066 I Launcher.AppsPageDelegate: updateItemToNewPosition = title : Contacts, rank : 22, screenId : 0, user: UserHandle{0}, screenType: 0, pos: 22, screen: 0
04-18 00:40:38.264  4066  4066 I Launcher.AppsPageDelegate: updateItemToNewPosition = title : Calendar, rank : 14, screenId : 0, user: UserHandle{0}, screenType: 0, pos: 14, screen: 0
04-18 00:40:38.265  4066  4066 I Launcher.AppsPageDelegate: updateItemToNewPosition = title : Calculator, rank : 12, screenId : 0, user: UserHandle{0}, screenType: 0, pos: 12, screen: 0
04-18 00:40:38.265  4066  4066 I Launcher.AppsPageDelegate: updateItemToNewPosition = title : Browser, rank : 11, screenId : 0, user: UserHandle{0}, screenType: 0, pos: 11, screen: 0
04-18 00:40:38.265  4066  4066 I Launcher.AppsPageDelegate: updateItemToNewPosition = title : CDE ITMO, rank : 19, screenId : 0, user: UserHandle{0}, screenType: 0, pos: 19, screen: 0
04-18 00:40:38.265  4066  4066 I Launcher.AppsPageDelegate: updateItemToNewPosition = title : Discord, rank : 27, screenId : 0, user: UserHandle{0}, screenType: 0, pos: 27, screen: 0
04-18 00:40:38.266  4066  4066 I Launcher.AppsPageDelegate: updateItemToNewPosition = title : Cxxdroid, rank : 24, screenId : 0, user: UserHandle{0}, screenType: 0, pos: 24, screen: 0
04-18 00:40:38.266  4066  4066 I Launcher.AppsPageDelegate: updateItemToNewPosition = title : Calculator, rank : 13, screenId : 0, user: UserHandle{0}, screenType: 0, pos: 13, screen: 0
04-18 00:40:38.266  4066  4066 I Launcher.AppsPageDelegate: updateItemToNewPosition = title : 3D Calculator, rank : 2, screenId : 0, user: UserHandle{0}, screenType: 0, pos: 2, screen: 0
04-18 00:40:38.276  5250  5250 I Zygote  : Process 3297 exited due to signal 9 (Killed)
04-18 00:40:38.276  8955 10263 I CapabilityServiceEventListener<0>: unregisterListener: com.sec.internal.ims.servicemodules.options.SemCapabilityDiscoveryService$CapabilityServiceEventCallBack@9d5623c
04-18 00:40:38.276  8955  9007 I CapabilityServiceEventListener<1>: unregisterListener: com.sec.internal.ims.servicemodules.options.SemCapabilityDiscoveryService$CapabilityServiceEventCallBack@a314bc5
04-18 00:40:38.266  4066  4066 I Launcher.AppsPageDelegate: updateItemToNewPosition = title : Assistant, rank : 6, screenId : 0, user: UserHandle{0}, screenType: 0, pos: 6, screen: 0
04-18 00:40:38.282  4066  4127 I PostPositionOperator: addItem() - , isWidgetOnly : false
04-18 00:40:38.282  4066  4066 I Launcher.AppsPageDelegate: updateItemToNewPosition = title : Docs, rank : 28, screenId : 0, user: UserHandle{0}, screenType: 0, pos: 28, screen: 0
04-18 00:40:38.282  4066  4066 I Launcher.AppsPageDelegate: updateItemToNewPosition = title : App Center, rank : 4, screenId : 0, user: UserHandle{0}, screenType: 0, pos: 4, screen: 0
04-18 00:40:38.283  4066  4066 I Launcher.AppsPageDelegate: updateItemToNewPosition = title : Cloud Mail.ru, rank : 21, screenId : 0, user: UserHandle{0}, screenType: 0, pos: 21, screen: 0
04-18 00:40:38.283  4066  4066 I Launcher.AppsPageDelegate: updateItemToNewPosition = title : Authenticator, rank : 7, screenId : 0, user: UserHandle{0}, screenType: 0, pos: 7, screen: 0
04-18 00:40:38.283  4066  4066 I Launcher.AppsPageDelegate: updateItemToNewPosition = title : Dcoder, rank : 25, screenId : 0, user: UserHandle{0}, screenType: 0, pos: 25, screen: 0
04-18 00:40:38.283  4066  4066 I Launcher.AppsPageDelegate: updateItemToNewPosition = title : Contacts, rank : 23, screenId : 0, user: UserHandle{0}, screenType: 0, pos: 23, screen: 0
04-18 00:40:38.283  4066  4066 I Launcher.AppsPageDelegate: updateItemToNewPosition = title : Adobe Acrobat, rank : 3, screenId : 0, user: UserHandle{0}, screenType: 0, pos: 3, screen: 0
04-18 00:40:38.283  4066  4066 I Launcher.AppsPageDelegate: updateItemToNewPosition = title : Canon Print Service, rank : 17, screenId : 0, user: UserHandle{0}, screenType: 0, pos: 17, screen: 0
04-18 00:40:38.283  4066  4066 I Launcher.AppsPageDelegate: updateItemToNewPosition = title : Calendar, rank : 15, screenId : 0, user: UserHandle{0}, screenType: 0, pos: 15, screen: 0
04-18 00:40:38.284  4066  4066 I Launcher.AppsPageDelegate: updateItemToNewPosition = title : CAR:GO, rank : 18, screenId : 0, user: UserHandle{0}, screenType: 0, pos: 18, screen: 0
04-18 00:40:38.284  4066  4066 I Launcher.AppsPageDelegate: updateItemToNewPosition = title : Benchmark, rank : 8, screenId : 0, user: UserHandle{0}, screenType: 0, pos: 8, screen: 0
04-18 00:40:38.284  4066  4066 I Launcher.AppsPageDelegate: updateItemToNewPosition = title : AR Zone, rank : 5, screenId : 0, user: UserHandle{0}, screenType: 0, pos: 5, screen: 0
04-18 00:40:38.284  4066  4066 I Launcher.AppsPageDelegate: updateItemToNewPosition = title : Digital Wellbeing, rank : 26, screenId : 0, user: UserHandle{0}, screenType: 0, pos: 26, screen: 0
04-18 00:40:38.284  4066  4066 I Launcher.AppsPageDelegate: updateItemToNewPosition = title : DontKillMyApp, rank : 29, screenId : 0, user: UserHandle{0}, screenType: 0, pos: 29, screen: 0
04-18 00:40:38.284  4066  4066 I Launcher.AppsPageDelegate: updateItemToNewPosition = title : BeoGRADSKI prevoz, rank : 9, screenId : 0, user: UserHandle{0}, screenType: 0, pos: 9, screen: 0
04-18 00:40:38.284  3762  4023 I SCS@AiSearch user 0: (AppsDataObserver) [androidx.work-3] leaving from execute():  result is true
04-18 00:40:38.284  4066  4066 I Launcher.AppsPageDelegate: updateItemToNewPosition = title : Bing, rank : 10, screenId : 0, user: UserHandle{0}, screenType: 0, pos: 10, screen: 0
04-18 00:40:38.285  3762  4023 I SCS@AiSearch user 0: (AppsDataWorker) [androidx.work-3] leaving from doWork():
04-18 00:40:38.285  4066  4066 I Launcher.AppsPageDelegate: updateItemToNewPosition = title : Galaxy Store, rank : 10, screenId : 1, user: UserHandle{0}, screenType: 0, pos: 10, screen: 1
04-18 00:40:38.285  4066  4066 I Launcher.AppsPageDelegate: updateItemToNewPosition = title : Gallery, rank : 12, screenId : 1, user: UserHandle{0}, screenType: 0, pos: 12, screen: 1
04-18 00:40:38.285  4066  4066 I Launcher.AppsPageDelegate: updateItemToNewPosition = title : Game Launcher, rank : 13, screenId : 1, user: UserHandle{0}, screenType: 0, pos: 13, screen: 1
04-18 00:40:38.285  4066  4066 I Launcher.AppsPageDelegate: updateItemToNewPosition = title : Drive, rank : 0, screenId : 1, user: UserHandle{0}, screenType: 0, pos: 0, screen: 1
04-18 00:40:38.285  4066  4066 I Launcher.AppsPageDelegate: updateItemToNewPosition = title : Galaxy Wearable, rank : 11, screenId : 1, user: UserHandle{0}, screenType: 0, pos: 11, screen: 1
04-18 00:40:38.285  4066  4066 I Launcher.AppsPageDelegate: updateItemToNewPosition = title : Keep notes, rank : 27, screenId : 1, user: UserHandle{0}, screenType: 0, pos: 27, screen: 1
04-18 00:40:38.285  4066  4066 I Launcher.AppsPageDelegate: updateItemToNewPosition = title : Kaspersky, rank : 25, screenId : 1, user: UserHandle{0}, screenType: 0, pos: 25, screen: 1
04-18 00:40:38.286  4066  4066 I Launcher.AppsPageDelegate: updateItemToNewPosition = title : Firefox, rank : 7, screenId : 1, user: UserHandle{0}, screenType: 0, pos: 7, screen: 1
04-18 00:40:38.286  3762  3834 I WM-WorkerWrapper: Worker result SUCCESS for Work [ id=f6ff9b5e-0d42-4a3c-99c6-4b9369f9e6f6, tags={ com.samsung.android.scs.ai.search.scheduling.workers.AppsDataWorker, CMD_UPDATE_LIST } ]
04-18 00:40:38.286  4066  4066 I Launcher.AppsPageDelegate: updateItemToNewPosition = title : Google Japanese Input, rank : 19, screenId : 1, user: UserHandle{0}, screenType: 0, pos: 19, screen: 1
04-18 00:40:38.286  4066  4066 I Launcher.AppsPageDelegate: updateItemToNewPosition = title : HiPER Scientific Calculator, rank : 22, screenId : 1, user: UserHandle{0}, screenType: 0, pos: 22, screen: 1
04-18 00:40:38.286  4066  4066 I Launcher.AppsPageDelegate: updateItemToNewPosition = title : DuckDuckGo, rank : 1, screenId : 1, user: UserHandle{0}, screenType: 0, pos: 1, screen: 1
04-18 00:40:38.286  4066  4066 I Launcher.AppsPageDelegate: updateItemToNewPosition = title : GitHub, rank : 17, screenId : 1, user: UserHandle{0}, screenType: 0, pos: 17, screen: 1
04-18 00:40:38.286  4066  4066 I Launcher.AppsPageDelegate: updateItemToNewPosition = title : Excel, rank : 5, screenId : 1, user: UserHandle{0}, screenType: 0, pos: 5, screen: 1
04-18 00:40:38.286  4066  4066 I Launcher.AppsPageDelegate: updateItemToNewPosition = title : Graphing Calc, rank : 21, screenId : 1, user: UserHandle{0}, screenType: 0, pos: 21, screen: 1
04-18 00:40:38.286  4066  4066 I Launcher.AppsPageDelegate: updateItemToNewPosition = title : Files, rank : 6, screenId : 1, user: UserHandle{0}, screenType: 0, pos: 6, screen: 1
04-18 00:40:38.286  4066  4066 I Launcher.AppsPageDelegate: updateItemToNewPosition = title : Gboard, rank : 16, screenId : 1, user: UserHandle{0}, screenType: 0, pos: 16, screen: 1
04-18 00:40:38.286  4066  4066 I Launcher.AppsPageDelegate: updateItemToNewPosition = title : Edge Canary, rank : 4, screenId : 1, user: UserHandle{0}, screenType: 0, pos: 4, screen: 1
04-18 00:40:38.286  4066  4066 I Launcher.AppsPageDelegate: updateItemToNewPosition = title : Glovo, rank : 18, screenId : 1, user: UserHandle{0}, screenType: 0, pos: 18, screen: 1
04-18 00:40:38.286  4066  4066 I Launcher.AppsPageDelegate: updateItemToNewPosition = title : Lens, rank : 29, screenId : 1, user: UserHandle{0}, screenType: 0, pos: 29, screen: 1
04-18 00:40:38.286  4066  4066 I Launcher.AppsPageDelegate: updateItemToNewPosition = title : KDE Connect, rank : 26, screenId : 1, user: UserHandle{0}, screenType: 0, pos: 26, screen: 1
04-18 00:40:38.286  4066  4066 I Launcher.AppsPageDelegate: updateItemToNewPosition = title : KAlgebra, rank : 24, screenId : 1, user: UserHandle{0}, screenType: 0, pos: 24, screen: 1
04-18 00:40:38.286  4066  4066 I Launcher.AppsPageDelegate: updateItemToNewPosition = title : Game Plugins, rank : 14, screenId : 1, user: UserHandle{0}, screenType: 0, pos: 14, screen: 1
04-18 00:40:38.287  4066  4066 I Launcher.AppsPageDelegate: updateItemToNewPosition = title : Knowledge, rank : 28, screenId : 1, user: UserHandle{0}, screenType: 0, pos: 28, screen: 1
04-18 00:40:38.287  4066  4066 I Launcher.AppsPageDelegate: updateItemToNewPosition = title : Duolingo, rank : 2, screenId : 1, user: UserHandle{0}, screenType: 0, pos: 2, screen: 1
04-18 00:40:38.287  4066  4066 I Launcher.AppsPageDelegate: updateItemToNewPosition = title : Forest, rank : 9, screenId : 1, user: UserHandle{0}, screenType: 0, pos: 9, screen: 1
04-18 00:40:38.287  4066  4066 I Launcher.AppsPageDelegate: updateItemToNewPosition = title : Flipd, rank : 8, screenId : 1, user: UserHandle{0}, screenType: 0, pos: 8, screen: 1
04-18 00:40:38.287  4066  4066 I Launcher.AppsPageDelegate: updateItemToNewPosition = title : Instagram, rank : 23, screenId : 1, user: UserHandle{0}, screenType: 0, pos: 23, screen: 1
04-18 00:40:38.287  4066  4066 I Launcher.AppsPageDelegate: updateItemToNewPosition = title : Durak, rank : 3, screenId : 1, user: UserHandle{0}, screenType: 0, pos: 3, screen: 1
04-18 00:40:38.287  4066  4066 I Launcher.AppsPageDelegate: updateItemToNewPosition = title : Games, rank : 15, screenId : 1, user: UserHandle{0}, screenType: 0, pos: 15, screen: 1
04-18 00:40:38.287  4066  4066 I Launcher.AppsPageDelegate: updateItemToNewPosition = title : Grammarly, rank : 20, screenId : 1, user: UserHandle{0}, screenType: 0, pos: 20, screen: 1
04-18 00:40:38.287  4066  4066 I Launcher.AppsPageDelegate: updateItemToNewPosition = title : OneDrive, rank : 20, screenId : 2, user: UserHandle{0}, screenType: 0, pos: 20, screen: 2
04-18 00:40:38.287  4066  4066 I Launcher.AppsPageDelegate: updateItemToNewPosition = title : Phone, rank : 24, screenId : 2, user: UserHandle{0}, screenType: 0, pos: 24, screen: 2
04-18 00:40:38.287  4066  4066 I Launcher.AppsPageDelegate: updateItemToNewPosition = title : Messages, rank : 8, screenId : 2, user: UserHandle{0}, screenType: 0, pos: 8, screen: 2
04-18 00:40:38.287  4066  4066 I Launcher.AppsPageDelegate: updateItemToNewPosition = title : Mail, rank : 1, screenId : 2, user: UserHandle{0}, screenType: 0, pos: 1, screen: 2
04-18 00:40:38.287  4066  4066 I Launcher.AppsPageDelegate: updateItemToNewPosition = title : Photos, rank : 27, screenId : 2, user: UserHandle{0}, screenType: 0, pos: 27, screen: 2
04-18 00:40:38.287  4066  4066 I Launcher.AppsPageDelegate: updateItemToNewPosition = title : Microsoft 365 (Office), rank : 9, screenId : 2, user: UserHandle{0}, screenType: 0, pos: 9, screen: 2
04-18 00:40:38.287  4066  4066 I Launcher.AppsPageDelegate: updateItemToNewPosition = title : Mail, rank : 2, screenId : 2, user: UserHandle{0}, screenType: 0, pos: 2, screen: 2
04-18 00:40:38.287  4066  4066 I Launcher.AppsPageDelegate: updateItemToNewPosition = title : Maps, rank : 3, screenId : 2, user: UserHandle{0}, screenType: 0, pos: 3, screen: 2
04-18 00:40:38.287  4066  4066 I Launcher.AppsPageDelegate: updateItemToNewPosition = title : PhotoScan, rank : 28, screenId : 2, user: UserHandle{0}, screenType: 0, pos: 28, screen: 2
04-18 00:40:38.287  4066  4066 I Launcher.AppsPageDelegate: updateItemToNewPosition = title : PaintCAD, rank : 23, screenId : 2, user: UserHandle{0}, screenType: 0, pos: 23, screen: 2
04-18 00:40:38.287  4066  4066 I Launcher.AppsPageDelegate: updateItemToNewPosition = title : OONI Probe, rank : 21, screenId : 2, user: UserHandle{0}, screenType: 0, pos: 21, screen: 2
04-18 00:40:38.287  4066  4066 I Launcher.AppsPageDelegate: updateItemToNewPosition = title : Microsoft Launcher, rank : 10, screenId : 2, user: UserHandle{0}, screenType: 0, pos: 10, screen: 2
04-18 00:40:38.287  4066  4066 I Launcher.AppsPageDelegate: updateItemToNewPosition = title : my.itmo, rank : 16, screenId : 2, user: UserHandle{0}, screenType: 0, pos: 16, screen: 2
04-18 00:40:38.287  4066  4066 I Launcher.AppsPageDelegate: updateItemToNewPosition = title : Photomath, rank : 26, screenId : 2, user: UserHandle{0}, screenType: 0, pos: 26, screen: 2
04-18 00:40:38.287  4066  4066 I Launcher.AppsPageDelegate: updateItemToNewPosition = title : Orbot, rank : 22, screenId : 2, user: UserHandle{0}, screenType: 0, pos: 22, screen: 2
04-18 00:40:38.287  4066  4066 I Launcher.AppsPageDelegate: updateItemToNewPosition = title : Natural Scientific Calculator, rank : 17, screenId : 2, user: UserHandle{0}, screenType: 0, pos: 17, screen: 2
04-18 00:40:38.287  4066  4066 I Launcher.AppsPageDelegate: updateItemToNewPosition = title : meduza, rank : 4, screenId : 2, user: UserHandle{0}, screenType: 0, pos: 4, screen: 2
04-18 00:40:38.288  4066  4066 I Launcher.AppsPageDelegate: updateItemToNewPosition = title : Meet, rank : 5, screenId : 2, user: UserHandle{0}, screenType: 0, pos: 5, screen: 2
04-18 00:40:38.288  4066  4066 I Launcher.AppsPageDelegate: updateItemToNewPosition = title : PhoneAccount Abuse Detector, rank : 25, screenId : 2, user: UserHandle{0}, screenType: 0, pos: 25, screen: 2
04-18 00:40:38.288  4066  4066 I Launcher.AppsPageDelegate: updateItemToNewPosition = title : Moodle, rank : 13, screenId : 2, user: UserHandle{0}, screenType: 0, pos: 13, screen: 2
04-18 00:40:38.288  4066  4066 I Launcher.AppsPageDelegate: updateItemToNewPosition = title : Play Games, rank : 29, screenId : 2, user: UserHandle{0}, screenType: 0, pos: 29, screen: 2
04-18 00:40:38.288  4066  4066 I Launcher.AppsPageDelegate: updateItemToNewPosition = title : Omnics, rank : 19, screenId : 2, user: UserHandle{0}, screenType: 0, pos: 19, screen: 2
04-18 00:40:38.288  4066  4066 I Launcher.AppsPageDelegate: updateItemToNewPosition = title : Moja mBanka, rank : 12, screenId : 2, user: UserHandle{0}, screenType: 0, pos: 12, screen: 2
04-18 00:40:38.288  4066  4066 I Launcher.AppsPageDelegate: updateItemToNewPosition = title : Meet (original), rank : 6, screenId : 2, user: UserHandle{0}, screenType: 0, pos: 6, screen: 2
04-18 00:40:38.288  4066  4066 I Launcher.AppsPageDelegate: updateItemToNewPosition = title : LinkedIn, rank : 0, screenId : 2, user: UserHandle{0}, screenType: 0, pos: 0, screen: 2
04-18 00:40:38.288  4066  4066 I Launcher.AppsPageDelegate: updateItemToNewPosition = title : Moovit, rank : 14, screenId : 2, user: UserHandle{0}, screenType: 0, pos: 14, screen: 2
04-18 00:40:38.288  4066  4066 I Launcher.AppsPageDelegate: updateItemToNewPosition = title : Notion, rank : 18, screenId : 2, user: UserHandle{0}, screenType: 0, pos: 18, screen: 2
04-18 00:40:38.288  4066  4066 I Launcher.AppsPageDelegate: updateItemToNewPosition = title : Moj Maxi, rank : 11, screenId : 2, user: UserHandle{0}, screenType: 0, pos: 11, screen: 2
04-18 00:40:38.288  4066  4066 I Launcher.AppsPageDelegate: updateItemToNewPosition = title : Music, rank : 15, screenId : 2, user: UserHandle{0}, screenType: 0, pos: 15, screen: 2
04-18 00:40:38.288  4066  4066 I Launcher.AppsPageDelegate: updateItemToNewPosition = title : MegaFonPRO, rank : 7, screenId : 2, user: UserHandle{0}, screenType: 0, pos: 7, screen: 2
04-18 00:40:38.288  4066  4066 I Launcher.AppsPageDelegate: updateItemToNewPosition = title : Play Store, rank : 1, screenId : 3, user: UserHandle{0}, screenType: 0, pos: 1, screen: 3
04-18 00:40:38.288  4066  4066 I Launcher.AppsPageDelegate: updateItemToNewPosition = title : Settings, rank : 14, screenId : 3, user: UserHandle{0}, screenType: 0, pos: 14, screen: 3
04-18 00:40:38.288  4066  4066 I Launcher.AppsPageDelegate: updateItemToNewPosition = title : Samsung Health, rank : 10, screenId : 3, user: UserHandle{0}, screenType: 0, pos: 10, screen: 3
04-18 00:40:38.288  4066  4066 I Launcher.AppsPageDelegate: updateItemToNewPosition = title : Samsung Members, rank : 11, screenId : 3, user: UserHandle{0}, screenType: 0, pos: 11, screen: 3
04-18 00:40:38.288  4066  4066 I Launcher.AppsPageDelegate: updateItemToNewPosition = title : Samsung Notes, rank : 12, screenId : 3, user: UserHandle{0}, screenType: 0, pos: 12, screen: 3
04-18 00:40:38.288  4066  4066 I Launcher.AppsPageDelegate: updateItemToNewPosition = title : Stepik, rank : 26, screenId : 3, user: UserHandle{0}, screenType: 0, pos: 26, screen: 3
04-18 00:40:38.288  4066  4066 I Launcher.AppsPageDelegate: updateItemToNewPosition = title : Sheets, rank : 16, screenId : 3, user: UserHandle{0}, screenType: 0, pos: 16, screen: 3
04-18 00:40:38.288  4066  4066 I Launcher.AppsPageDelegate: updateItemToNewPosition = title : Tasks, rank : 27, screenId : 3, user: UserHandle{0}, screenType: 0, pos: 27, screen: 3
04-18 00:40:38.288  4066  4066 I Launcher.AppsPageDelegate: updateItemToNewPosition = title : QuickEdit, rank : 5, screenId : 3, user: UserHandle{0}, screenType: 0, pos: 5, screen: 3
04-18 00:40:38.288  4066  4066 I Launcher.AppsPageDelegate: updateItemToNewPosition = title : RAR, rank : 8, screenId : 3, user: UserHandle{0}, screenType: 0, pos: 8, screen: 3
04-18 00:40:38.288  4066  4066 I Launcher.AppsPageDelegate: updateItemToNewPosition = title : Slides, rank : 19, screenId : 3, user: UserHandle{0}, screenType: 0, pos: 19, screen: 3
04-18 00:40:38.288  4066  4066 I Launcher.AppsPageDelegate: updateItemToNewPosition = title : Speedtest, rank : 23, screenId : 3, user: UserHandle{0}, screenType: 0, pos: 23, screen: 3
04-18 00:40:38.288  4066  4066 I Launcher.AppsPageDelegate: updateItemToNewPosition = title : Shazam, rank : 15, screenId : 3, user: UserHandle{0}, screenType: 0, pos: 15, screen: 3
04-18 00:40:38.289  4066  4066 I Launcher.AppsPageDelegate: updateItemToNewPosition = title : Pydroid 3, rank : 4, screenId : 3, user: UserHandle{0}, screenType: 0, pos: 4, screen: 3
04-18 00:40:38.289  4066  4066 I Launcher.AppsPageDelegate: updateItemToNewPosition = title : Slack, rank : 18, screenId : 3, user: UserHandle{0}, screenType: 0, pos: 18, screen: 3
04-18 00:40:38.289  4066  4066 I Launcher.AppsPageDelegate: updateItemToNewPosition = title : Skype, rank : 17, screenId : 3, user: UserHandle{0}, screenType: 0, pos: 17, screen: 3
04-18 00:40:38.289  4066  4066 I Launcher.AppsPageDelegate: updateItemToNewPosition = title : Play Music, rank : 0, screenId : 3, user: UserHandle{0}, screenType: 0, pos: 0, screen: 3
04-18 00:40:38.289  4066  4066 I Launcher.AppsPageDelegate: updateItemToNewPosition = title : Psiphon Pro, rank : 3, screenId : 3, user: UserHandle{0}, screenType: 0, pos: 3, screen: 3
04-18 00:40:38.289  4066  4066 I Launcher.AppsPageDelegate: updateItemToNewPosition = title : ScreenshotGo, rank : 13, screenId : 3, user: UserHandle{0}, screenType: 0, pos: 13, screen: 3
04-18 00:40:38.289  4066  4066 I Launcher.AppsPageDelegate: updateItemToNewPosition = title : Smart Tutor, rank : 20, screenId : 3, user: UserHandle{0}, screenType: 0, pos: 20, screen: 3
04-18 00:40:38.289  4066  4066 I Launcher.AppsPageDelegate: updateItemToNewPosition = title : RaiPay, rank : 7, screenId : 3, user: UserHandle{0}, screenType: 0, pos: 7, screen: 3
04-18 00:40:38.289  4066  4066 I Launcher.AppsPageDelegate: updateItemToNewPosition = title : Teams, rank : 29, screenId : 3, user: UserHandle{0}, screenType: 0, pos: 29, screen: 3
04-18 00:40:38.289  4066  4066 I Launcher.AppsPageDelegate: updateItemToNewPosition = title : Proton VPN, rank : 2, screenId : 3, user: UserHandle{0}, screenType: 0, pos: 2, screen: 3
04-18 00:40:38.289  4066  4066 I Launcher.AppsPageDelegate: updateItemToNewPosition = title : Quip, rank : 6, screenId : 3, user: UserHandle{0}, screenType: 0, pos: 6, screen: 3
04-18 00:40:38.289  4066  4066 I Launcher.AppsPageDelegate: updateItemToNewPosition = title : Splitwise, rank : 24, screenId : 3, user: UserHandle{0}, screenType: 0, pos: 24, screen: 3
04-18 00:40:38.289  4066  4066 I Launcher.AppsPageDelegate: updateItemToNewPosition = title : Space, rank : 21, screenId : 3, user: UserHandle{0}, screenType: 0, pos: 21, screen: 3
04-18 00:40:38.289  4066  4066 I Launcher.AppsPageDelegate: updateItemToNewPosition = title : Reddit, rank : 9, screenId : 3, user: UserHandle{0}, screenType: 0, pos: 9, screen: 3
04-18 00:40:38.289  4066  4066 I Launcher.AppsPageDelegate: updateItemToNewPosition = title : SPACE, rank : 22, screenId : 3, user: UserHandle{0}, screenType: 0, pos: 22, screen: 3
04-18 00:40:38.289  4066  4066 I Launcher.AppsPageDelegate: updateItemToNewPosition = title : TeamCityApp, rank : 28, screenId : 3, user: UserHandle{0}, screenType: 0, pos: 28, screen: 3
04-18 00:40:38.289  4066  4066 I Launcher.AppsPageDelegate: updateItemToNewPosition = title : Srbija voz, rank : 25, screenId : 3, user: UserHandle{0}, screenType: 0, pos: 25, screen: 3
04-18 00:40:38.289  4066  4066 I Launcher.AppsPageDelegate: updateItemToNewPosition = title : Yandex Start, rank : 25, screenId : 4, user: UserHandle{0}, screenType: 0, pos: 25, screen: 4
04-18 00:40:38.289  4066  4066 I Launcher.AppsPageDelegate: updateItemToNewPosition = title : Voice Recorder, rank : 13, screenId : 4, user: UserHandle{0}, screenType: 0, pos: 13, screen: 4
04-18 00:40:38.289  4066  4066 I Launcher.AppsPageDelegate: updateItemToNewPosition = title : Tips, rank : 6, screenId : 4, user: UserHandle{0}, screenType: 0, pos: 6, screen: 4
04-18 00:40:38.289  4066  4066 I Launcher.AppsPageDelegate: updateItemToNewPosition = title : Telegram, rank : 0, screenId : 4, user: UserHandle{0}, screenType: 0, pos: 0, screen: 4
04-18 00:40:38.289  4066  4066 I Launcher.AppsPageDelegate: updateItemToNewPosition = title : VK, rank : 12, screenId : 4, user: UserHandle{0}, screenType: 0, pos: 12, screen: 4
04-18 00:40:38.289  4066  4066 I Launcher.AppsPageDelegate: updateItemToNewPosition = title : WhatsApp, rank : 15, screenId : 4, user: UserHandle{0}, screenType: 0, pos: 15, screen: 4
04-18 00:40:38.289  4066  4066 I Launcher.AppsPageDelegate: updateItemToNewPosition = title : Translate, rank : 8, screenId : 4, user: UserHandle{0}, screenType: 0, pos: 8, screen: 4
04-18 00:40:38.290  4066  4066 I Launcher.AppsPageDelegate: updateItemToNewPosition = title : Telegram Beta, rank : 1, screenId : 4, user: UserHandle{0}, screenType: 0, pos: 1, screen: 4
04-18 00:40:38.290  4066  4066 I Launcher.AppsPageDelegate: updateItemToNewPosition = title : Termux, rank : 3, screenId : 4, user: UserHandle{0}, screenType: 0, pos: 3, screen: 4
04-18 00:40:38.290  4066  4066 I Launcher.AppsPageDelegate: updateItemToNewPosition = title : Word, rank : 19, screenId : 4, user: UserHandle{0}, screenType: 0, pos: 19, screen: 4
04-18 00:40:38.290  4066  4066 I Launcher.AppsPageDelegate: updateItemToNewPosition = title : YandexDisk, rank : 22, screenId : 4, user: UserHandle{0}, screenType: 0, pos: 22, screen: 4
04-18 00:40:38.290  4066  4066 I Launcher.AppsPageDelegate: updateItemToNewPosition = title : Yandex Navi, rank : 24, screenId : 4, user: UserHandle{0}, screenType: 0, pos: 24, screen: 4
04-18 00:40:38.290  4066  4066 I Launcher.AppsPageDelegate: updateItemToNewPosition = title : Wolfram Alpha, rank : 17, screenId : 4, user: UserHandle{0}, screenType: 0, pos: 17, screen: 4
04-18 00:40:38.290  4066  4066 I Launcher.AppsPageDelegate: updateItemToNewPosition = title : Translate, rank : 9, screenId : 4, user: UserHandle{0}, screenType: 0, pos: 9, screen: 4
04-18 00:40:38.290  4066  4066 I Launcher.AppsPageDelegate: updateItemToNewPosition = title : Termux Tutorial, rank : 4, screenId : 4, user: UserHandle{0}, screenType: 0, pos: 4, screen: 4
04-18 00:40:38.290  4066  4066 I Launcher.AppsPageDelegate: updateItemToNewPosition = title : Y.Weather, rank : 21, screenId : 4, user: UserHandle{0}, screenType: 0, pos: 21, screen: 4
04-18 00:40:38.290  4066  4066 I Launcher.AppsPageDelegate: updateItemToNewPosition = title : YandexGo, rank : 26, screenId : 4, user: UserHandle{0}, screenType: 0, pos: 26, screen: 4
04-18 00:40:38.290  4066  4066 I Launcher.AppsPageDelegate: updateItemToNewPosition = title : Twitch, rank : 10, screenId : 4, user: UserHandle{0}, screenType: 0, pos: 10, screen: 4
04-18 00:40:38.290  4066  4066 I Launcher.AppsPageDelegate: updateItemToNewPosition = title : Yandex Metro, rank : 23, screenId : 4, user: UserHandle{0}, screenType: 0, pos: 23, screen: 4
04-18 00:40:38.290  4066  4066 I Launcher.AppsPageDelegate: updateItemToNewPosition = title : Wallet, rank : 14, screenId : 4, user: UserHandle{0}, screenType: 0, pos: 14, screen: 4
04-18 00:40:38.290  4066  4066 I Launcher.AppsPageDelegate: updateItemToNewPosition = title : Yettel, rank : 27, screenId : 4, user: UserHandle{0}, screenType: 0, pos: 27, screen: 4
04-18 00:40:38.290  4066  4066 I Launcher.AppsPageDelegate: updateItemToNewPosition = title : Wolt, rank : 18, screenId : 4, user: UserHandle{0}, screenType: 0, pos: 18, screen: 4
04-18 00:40:38.290  4066  4066 I Launcher.AppsPageDelegate: updateItemToNewPosition = title : Zoom, rank : 29, screenId : 4, user: UserHandle{0}, screenType: 0, pos: 29, screen: 4
04-18 00:40:38.290  4066  4066 I Launcher.AppsPageDelegate: updateItemToNewPosition = title : YouTrack, rank : 28, screenId : 4, user: UserHandle{0}, screenType: 0, pos: 28, screen: 4
04-18 00:40:38.290  4066  4066 I Launcher.AppsPageDelegate: updateItemToNewPosition = title : WiFiAnalyzer, rank : 16, screenId : 4, user: UserHandle{0}, screenType: 0, pos: 16, screen: 4
04-18 00:40:38.290  4066  4066 I Launcher.AppsPageDelegate: updateItemToNewPosition = title : To Do, rank : 7, screenId : 4, user: UserHandle{0}, screenType: 0, pos: 7, screen: 4
04-18 00:40:38.290  4066  4066 I Launcher.AppsPageDelegate: updateItemToNewPosition = title : Tinkoff, rank : 5, screenId : 4, user: UserHandle{0}, screenType: 0, pos: 5, screen: 4
04-18 00:40:38.290  4066  4066 I Launcher.AppsPageDelegate: updateItemToNewPosition = title : Twitter, rank : 11, screenId : 4, user: UserHandle{0}, screenType: 0, pos: 11, screen: 4
04-18 00:40:38.290  4066  4066 I Launcher.AppsPageDelegate: updateItemToNewPosition = title : Telemost, rank : 2, screenId : 4, user: UserHandle{0}, screenType: 0, pos: 2, screen: 4
04-18 00:40:38.290  4066  4066 I Launcher.AppsPageDelegate: updateItemToNewPosition = title : Xiaomi Home, rank : 20, screenId : 4, user: UserHandle{0}, screenType: 0, pos: 20, screen: 4
04-18 00:40:38.290  4066  4066 I Launcher.AppsPageDelegate: updateItemToNewPosition = title : , rank : 4, screenId : 5, user: UserHandle{0}, screenType: 0, pos: 4, screen: 5
04-18 00:40:38.291  4066  4066 I Launcher.AppsPageDelegate: updateItemToNewPosition = title :  , rank : 10, screenId : 5, user: UserHandle{0}, screenType: 0, pos: 10, screen: 5
04-18 00:40:38.291  4066  4066 I Launcher.AppsPageDelegate: updateItemToNewPosition = title : , rank : 5, screenId : 5, user: UserHandle{0}, screenType: 0, pos: 5, screen: 5
04-18 00:40:38.291  4066  4066 I Launcher.AppsPageDelegate: updateItemToNewPosition = title : , rank : 8, screenId : 5, user: UserHandle{0}, screenType: 0, pos: 8, screen: 5
04-18 00:40:38.291  4066  4066 I Launcher.AppsPageDelegate: updateItemToNewPosition = title : , rank : 0, screenId : 5, user: UserHandle{0}, screenType: 0, pos: 0, screen: 5
04-18 00:40:38.291  4066  4066 I Launcher.AppsPageDelegate: updateItemToNewPosition = title :  Tele2, rank : 6, screenId : 5, user: UserHandle{0}, screenType: 0, pos: 6, screen: 5
04-18 00:40:38.291  4066  4066 I Launcher.AppsPageDelegate: updateItemToNewPosition = title : , rank : 2, screenId : 5, user: UserHandle{0}, screenType: 0, pos: 2, screen: 5
04-18 00:40:38.291  4066  4066 I Launcher.AppsPageDelegate: updateItemToNewPosition = title :  , rank : 7, screenId : 5, user: UserHandle{0}, screenType: 0, pos: 7, screen: 5
04-18 00:40:38.291  4066  4066 I Launcher.AppsPageDelegate: updateItemToNewPosition = title : , rank : 1, screenId : 5, user: UserHandle{0}, screenType: 0, pos: 1, screen: 5
04-18 00:40:38.291  4066  4066 I Launcher.AppsPageDelegate: updateItemToNewPosition = title : ., rank : 3, screenId : 5, user: UserHandle{0}, screenType: 0, pos: 3, screen: 5
04-18 00:40:38.291  4066  4066 I Launcher.AppsPageDelegate: updateItemToNewPosition = title :  , rank : 9, screenId : 5, user: UserHandle{0}, screenType: 0, pos: 9, screen: 5
04-18 00:40:38.291  4066  4066 I Launcher.AppsPageDelegate: rearrangeChildren took : 31
04-18 00:40:38.291  4066  4066 I Launcher.AppsPagedView: UpdateItems => id: 178, rank: 21, screenId: 0, cellX: 1, cellY: 4, container: -102, dirty: false, title: Cloud Mail.ru, isFolder: false, user: UserHandle{0}, disabled: false, screenType: 0
04-18 00:40:38.292  4066  4066 I Launcher.AppsPageDelegate: updateItemToNewPosition = title : Samsung, rank : 1, screenId : 0, user: UserHandle{0}, screenType: 0, pos: 1, screen: 0
04-18 00:40:38.292  4066  4066 I Launcher.AppsPageDelegate: updateItemToNewPosition = title : Google, rank : 0, screenId : 0, user: UserHandle{0}, screenType: 0, pos: 0, screen: 0
04-18 00:40:38.292  4066  4066 I Launcher.AppsPageDelegate: updateItemToNewPosition = title : Camera, rank : 16, screenId : 0, user: UserHandle{0}, screenType: 0, pos: 16, screen: 0
04-18 00:40:38.292  4066  4066 I Launcher.AppsPageDelegate: updateItemToNewPosition = title : Clock, rank : 20, screenId : 0, user: UserHandle{0}, screenType: 0, pos: 20, screen: 0
04-18 00:40:38.292  4066  4066 I Launcher.AppsPageDelegate: updateItemToNewPosition = title : Contacts, rank : 22, screenId : 0, user: UserHandle{0}, screenType: 0, pos: 22, screen: 0
04-18 00:40:38.292  4066  4066 I Launcher.AppsPageDelegate: updateItemToNewPosition = title : Calendar, rank : 14, screenId : 0, user: UserHandle{0}, screenType: 0, pos: 14, screen: 0
