04-18 00:49:00.010  8513  9203 D QSClockBellTower: onReceive(android.intent.action.TIME_TICK) mTimeZoneString:null
04-18 00:49:00.011  8513  8513 D KeyguardUpdateMonitor: received broadcast android.intent.action.TIME_TICK
04-18 00:49:00.057  8513  8513 D QSClockBellTower: He is ready to ring the bell. (((QSClockBellSound - TimeText:00:49, TimeContentDescription:00:49, DateText:Tue, 18 April, ShortDateText:Tue, 18 Apr, Demo:false, QuickStar-Second(false|12:34:56))))
04-18 00:49:00.057  8513  8513 D QSClockIndicatorView: Home Indicator status_bar_clock 00:49 notifyTimeChanged(QSClockBellSound - TimeText:00:49, TimeContentDescription:00:49, DateText:Tue, 18 April, ShortDateText:Tue, 18 Apr, Demo:false, QuickStar-Second(false|12:34:56)) ClockVisibleByPolicy:true, ClockVisibleByUser:true, visible?false, parent:android.widget.LinearLayout{883fb58 V.E...... ......I. 0,0-0,55 #7f0b04f0 app:id/left_clock_container}
04-18 00:49:00.057  8513  8513 D QSClockBellTower: Everyone heard the bell. run(currentTime:1681771740055,   getTime():Tue Apr 18 00:49:00 GMT+02:00 2023,   getTimeZone():libcore.util.ZoneInfo[mDstSavings=3600000,mUseDst=true,mDelegate=[id="Europe/Belgrade",mRawOffset=3600000,mEarliestRawOffset=4920000,transitions=119]])
04-18 00:49:00.058  8513  8513 D KeyguardUpdateMonitor: handleTimeUpdate
04-18 00:49:00.058  8513  8513 D FaceWidgetPagesController: onTimeChanged()
04-18 00:49:00.075  8513  8513 I FaceWidgetPositionAlgorithm: getClockContainerHeight() supplier = 270, bottom margin = 0, real height = 813
04-18 00:49:00.076  8513  8513 I FaceWidgetPositionAlgorithm: getClockContainerHeight() supplier = 270, bottom margin = 63, real height = 813
04-18 00:49:00.076  8513  8513 I FaceWidgetPositionAlgorithm: getMediaContainerHeight() height = 0 container Visibility = 8, isValid = false, mIsDozing = false, fraction = 1.0, source = 0, target = 0
04-18 00:49:00.076  8513  8513 I FaceWidgetPositionAlgorithm: getMediaContainerHeight() supplier = 0
04-18 00:49:00.077  8513  8513 V QsExpandAnimator: setQsExpansionPosition 0.0
04-18 00:49:00.082  8513  8513 V QsExpandAnimator: updateAnimators
04-18 00:49:00.082  8513  8513 V QsExpandAnimator: clearAnimationState
04-18 00:49:00.083  8513  8513 V QsExpandAnimator: updateViews
04-18 00:49:00.084  8513  8513 V QsExpandAnimator: updateTileAnimator
04-18 00:49:00.085  8513  8513 V QsExpandAnimator: updateHeaderAnimator
04-18 00:49:00.085  8513  8513 V QsExpandAnimator: updateBarAnimator
04-18 00:49:00.086  8513  8513 V QsExpandAnimator: setQsExpansionPosition 0.0
04-18 00:49:00.086  8513  8513 V QsExpandAnimator: onAnimationAtStart
04-18 00:49:01.183  7170  7170 I ContactsProvider: onTrimMemory-success
04-18 00:49:02.481  5224  5224 E audit   : type=1400 audit(1681771742.474:60061): avc:  denied  { read } for  pid=10710 comm="binder:10710_2" name="u:object_r:perf_prop:s0" dev="tmpfs" ino=16829 scontext=u:r:untrusted_app_30:s0:c12,c257,c512,c768 tcontext=u:object_r:perf_prop:s0 tclass=file permissive=0 SEPF_SM-A515F_13_0001 audit_filtered
04-18 00:49:02.481 10710 10724 W libc    : Access denied finding property "sys.perf.boostopt"
04-18 00:49:02.481  5224  5224 E audit   : type=1300 audit(1681771742.474:60061): arch=c00000b7 syscall=56 success=no exit=-13 a0=ffffff9c a1=7d7647d2f8 a2=88000 a3=0 items=0 ppid=5250 pid=10710 auid=4294967295 uid=10268 gid=10268 euid=10268 suid=10268 fsuid=10268 egid=10268 sgid=10268 fsgid=10268 tty=(none) ses=4294967295 comm="binder:10710_2" exe="/system/bin/app_process64" subj=u:r:untrusted_app_30:s0:c12,c257,c512,c768 key=(null)
04-18 00:49:02.481  5224  5224 E audit   : type=1327 audit(1681771742.474:60061): proctitle="org.telegram.messenger"
04-18 00:49:02.483  5224  5224 E audit   : type=1400 audit(1681771742.478:60062): avc:  denied  { read } for  pid=10710 comm="binder:10710_5" name="u:object_r:perf_prop:s0" dev="tmpfs" ino=16829 scontext=u:r:untrusted_app_30:s0:c12,c257,c512,c768 tcontext=u:object_r:perf_prop:s0 tclass=file permissive=0 SEPF_SM-A515F_13_0001 audit_filtered
04-18 00:49:02.483 10710 10995 W libc    : Access denied finding property "sys.perf.boostopt"
04-18 00:49:02.954  5628  9811 D SemWifiUsabilityStatsMonitor: onWifiUsabilityStats - seqNum 23727, isSameBssidAndFreq true
04-18 00:49:02.957  5628  8422 I SemWifiLinkQualityMonitor: Link Qos Query: 0.025 ms / 324.750 Mbps (433 / 0.000 / 1.333)
04-18 00:49:02.957  8513  8513 D NetworkController.WifiSignalController: notifyListener: visible=true, connected=true, inetCondition=1, isDefault=true, wifiTestReported=true, receivedInetCondition=-1, hideDuringMobileSwitching=false
04-18 00:49:02.960  8513  8599 D Tile.WifiTile: handleUpdateState isTransient=false transientEnabling =false cb.isTransient=false state.state = 2 mStateBeforeClick.value =false enabled =true
04-18 00:49:03.238 18943 18943 D BoundBrokerSvc: onUnbind: Intent { act=com.google.android.gms.udc.service.START dat=chimera-action:/... cmp=com.google.android.gms/.chimera.PersistentApiService }
04-18 00:49:03.485  5628 11430 D TelephonyManager: requestModemActivityInfo: Sending result to app: ModemActivityInfo{ mTimestamp=204789272 mSleepTimeMs=125863548 mIdleTimeMs=4613002 mActivityStatsTechSpecificInfo=[{mRat=UNKNOWN,mFrequencyRange=UNKNOWN,mTxTimeMs[]=[6059, 2192, 2617, 487, 20715],mRxTimeMs=65733242}]}
04-18 00:49:03.600  2747  2799 D Benchmark: timeNs[ 0:10]: 870132345 883673268 867621269 867636999 869672269 859215845 867071076 857362461 864045692 885959345
04-18 00:49:03.600  2747  2799 D Benchmark: timeNs[10:20]: 884295153 871667230 847466576 848987114 876526808 852615346 828658614 872591807 868627538 834301346
04-18 00:49:03.600  2747  2799 D Benchmark: timeNs[20:30]: 845934269 843861884 873322308 851788038 867580153 849889499 869756807 871832884 868504038 868693961
04-18 00:49:03.600  2747  2799 D Benchmark: timeNs[30:40]: 863759922 855396999 988801614 1096959384 912261269 773918499 795069076 796653076 791779730 791808269
04-18 00:49:03.600  2747  2799 D Benchmark: timeNs[40:50]: 799228230 792798653 802415230 795609076 786295845 795368038 801763538 794719268 804255576 788072807
04-18 00:49:03.608  2747  2799 W _benchmark.test: Suspending all threads took: 6.843ms
04-18 00:49:04.847 18943 18943 D BoundBrokerSvc: onUnbind: Intent { act=com.google.android.gms.phenotype.service.START dat=chimera-action:/... cmp=com.google.android.gms/.chimera.PersistentApiService }
04-18 00:49:04.955 18943 18943 D BoundBrokerSvc: onUnbind: Intent { act=com.google.android.gms.scheduler.ACTION_PROXY_SCHEDULE dat=chimera-action:/... cmp=com.google.android.gms/.chimera.PersistentApiService }
04-18 00:49:04.998 10744 10744 D BoundBrokerSvc: onUnbind: Intent { act=com.google.android.gms.gservices.START pkg=com.google.android.gms }
04-18 00:49:06.000  5628  9811 D SemWifiUsabilityStatsMonitor: onWifiUsabilityStats - seqNum 23728, isSameBssidAndFreq true
04-18 00:49:06.003  5628  8422 I SemWifiLinkQualityMonitor: Link Qos Query: 0.021 ms / 378.875 Mbps (433 / 0.000 / 1.143)
04-18 00:49:06.660  2747  2799 W _benchmark.test: Suspending all threads took: 20.814ms
04-18 00:49:06.937  5628  5647 I system_server: Background young concurrent copying GC freed 482367(20MB) AllocSpace objects, 41(1276KB) LOS objects, 17% free, 102MB/124MB, paused 402us,237us total 110.042ms
04-18 00:49:06.939  5224  5224 E audit   : type=1400 audit(1681771746.934:60063): avc:  denied  { read } for  pid=10923 comm="binder:10923_2" name="u:object_r:perf_prop:s0" dev="tmpfs" ino=16829 scontext=u:r:priv_app:s0:c512,c768 tcontext=u:object_r:perf_prop:s0 tclass=file permissive=0 SEPF_SM-A515F_13_0001 audit_filtered
04-18 00:49:06.939 10923 10940 W libc    : Access denied finding property "sys.perf.boostopt"
04-18 00:49:06.939  5224  5224 E audit   : type=1300 audit(1681771746.934:60063): arch=c00000b7 syscall=56 success=no exit=-13 a0=ffffff9c a1=7d7647d2f8 a2=88000 a3=0 items=0 ppid=5250 pid=10923 auid=4294967295 uid=10226 gid=10226 euid=10226 suid=10226 fsuid=10226 egid=10226 sgid=10226 fsgid=10226 tty=(none) ses=4294967295 comm="binder:10923_2" exe="/system/bin/app_process64" subj=u:r:priv_app:s0:c512,c768 key=(null)
04-18 00:49:06.939  5224  5224 E audit   : type=1327 audit(1681771746.934:60063): proctitle="com.google.process.gapps"
04-18 00:49:06.941 10899 10917 W libc    : Access denied finding property "sys.perf.boostopt"
04-18 00:49:06.941  5224  5224 E audit   : type=1400 audit(1681771746.934:60064): avc:  denied  { read } for  pid=10899 comm="binder:10899_3" name="u:object_r:perf_prop:s0" dev="tmpfs" ino=16829 scontext=u:r:platform_app:s0:c512,c768 tcontext=u:object_r:perf_prop:s0 tclass=file permissive=0 SEPF_SM-A515F_13_0001 audit_filtered
04-18 00:49:06.955  5628  5649 W System  : A resource failed to call close.
04-18 00:49:09.050  5628  9811 D SemWifiUsabilityStatsMonitor: onWifiUsabilityStats - seqNum 23729, isSameBssidAndFreq true
04-18 00:49:09.052  5628  8422 I SemWifiLinkQualityMonitor: Link Qos Query: 0.021 ms / 378.875 Mbps (433 / 0.000 / 1.143)
04-18 00:49:09.053  8513  8513 D NetworkController.WifiSignalController: notifyListener: visible=true, connected=true, inetCondition=1, isDefault=true, wifiTestReported=true, receivedInetCondition=-1, hideDuringMobileSwitching=false
04-18 00:49:09.056  8513  8599 D Tile.WifiTile: handleUpdateState isTransient=false transientEnabling =false cb.isTransient=false state.state = 2 mStateBeforeClick.value =false enabled =true
04-18 00:49:09.711  2747  2799 W _benchmark.test: Suspending all threads took: 16.228ms
04-18 00:49:11.241  2747  2799 D Benchmark: allocationCount[ 0:10]: 16515915 16515908 16515903 16515911 16515908
04-18 00:49:11.241  2747  2799 D Benchmark: Set 2799 (Bench thread) to priority -8. Was -20, now -8
04-18 00:49:11.241  2747  2799 D Benchmark: Set 2781 (Jit) to priority 9. Was -15, now 9
04-18 00:49:11.241  2747  2799 D Benchmark: Warmup: t=25.517, iter=30, fastAvg=857282368, slowAvg=895671680
04-18 00:49:11.242  2747  2799 I PerfettoCapture: Stopping perfetto.
04-18 00:49:11.287 10391 10391 I perfetto:    perfetto_cmd.cc:1168 SIGINT/SIGTERM received: disabling tracing.
04-18 00:49:11.298  2747  2799 D Benchmark: kill -TERM command output -
04-18 00:49:11.303  5403  5403 I perfetto:  probes_producer.cc:396 Producer stop (id=477)
04-18 00:49:11.306  5403  5403 I perfetto:    ftrace_procfs.cc:342 disabled ftrace in /sys/kernel/tracing/
04-18 00:49:11.367  4378  4378 I hwservicemanager: getTransport: Cannot find entry android.hardware.atrace@1.0::IAtraceDevice/default in either framework or device VINTF manifest.
04-18 00:49:11.375  5403  5403 I perfetto:  probes_producer.cc:396 Producer stop (id=478)
04-18 00:49:11.377  5403  5403 I perfetto:  probes_producer.cc:396 Producer stop (id=479)
04-18 00:49:11.411 10391 10391 I perfetto:    perfetto_cmd.cc:1124 Trace written into the output file
04-18 00:49:11.427  2747  2799 I PerfettoCapture: Writing to /storage/emulated/0/Android/data/org.jetbrains.android_benchmark.test/cache/Wolf3dBenchmark_inlineDouble_2023-04-17-22-49-11.perfetto-trace.
04-18 00:49:11.438  5406  5406 I perfetto: ng_service_impl.cc:2426 Tracing session 120 ended, total sessions:0
04-18 00:49:12.083  5628  9811 D SemWifiUsabilityStatsMonitor: onWifiUsabilityStats - seqNum 23730, isSameBssidAndFreq true
04-18 00:49:12.087  5628  8422 I SemWifiLinkQualityMonitor: Link Qos Query: 0.021 ms / 378.875 Mbps (433 / 0.000 / 1.143)
04-18 00:49:12.478  2747  2799 D Benchmark: Copying /storage/emulated/0/Android/data/org.jetbrains.android_benchmark.test/cache/Wolf3dBenchmark_inlineDouble_2023-04-17-22-49-11.perfetto-trace to /sdcard/Android/media/org.jetbrains.android_benchmark.test/additional_test_output/Wolf3dBenchmark_inlineDouble_2023-04-17-22-49-11.perfetto-trace
04-18 00:49:12.513 10919  8279 W MediaProvider: isAppCloneUserPair for user 0: false
04-18 00:49:12.896  5628 11213 D SyncManager: userId - 0 auto - true
04-18 00:49:12.990  5628  5714 W libprocessgroup: Failed to open /dev/blkio//cgroup.procs: No such file or directory
04-18 00:49:13.020 18943 10657 I NetworkScheduler.Stats: Task com.google.android.gms/com.google.android.gms.ipa.base.IpaGcmTaskService started execution. cause:9 exec_start_elapsed_seconds: 204798 [CONTEXT service_id=218 ]
04-18 00:49:13.034 18943 11014 I NetworkScheduler.Stats: Task com.google.android.gms/com.google.android.gms.ipa.base.IpaGcmTaskService finished executing. cause:9 result: 1 elapsed_millis: 65 uptime_millis: 65 exec_start_elapsed_seconds: 204798 [CONTEXT service_id=218 ]
04-18 00:49:13.037 18943 18943 D BoundBrokerSvc: onBind: Intent { act=com.google.android.gms.scheduler.ACTION_PROXY_SCHEDULE dat=chimera-action:/... cmp=com.google.android.gms/.chimera.PersistentApiService }
04-18 00:49:13.038 18943 18943 D BoundBrokerSvc: Loading bound service for intent: Intent { act=com.google.android.gms.scheduler.ACTION_PROXY_SCHEDULE dat=chimera-action:/... cmp=com.google.android.gms/.chimera.PersistentApiService }
04-18 00:49:13.315  5331  5331 I SurfaceFlinger: SFWD update time=148245613997888
04-18 00:49:13.761 10919 11687 I FuseDaemon: Threshold exceeded - fadvising 67108864
04-18 00:49:13.762 10919 11687 I FuseDaemon: Threshold now 0
04-18 00:49:15.119  5628  9811 D SemWifiUsabilityStatsMonitor: onWifiUsabilityStats - seqNum 23731, isSameBssidAndFreq true
04-18 00:49:15.124  5628  8422 I SemWifiLinkQualityMonitor: Link Qos Query: 0.021 ms / 378.875 Mbps (433 / 0.000 / 1.143)
04-18 00:49:15.903  2747  2799 I Benchmark: Wolf3dBenchmark.inlineDouble[Metric (timeNs) results: median 8.5637973E8, min 7.73918499E8, max 1.096959384E9, standardDeviation: 5.4032954877539895E7, Metric (allocationCount) results: median 1.6515908E7, min 1.6515903E7, max 1.6515915E7, standardDeviation: 4.415880433163924]count=1
04-18 00:49:15.919  2747  2799 D Benchmark: writing results to /storage/emulated/0/Android/data/org.jetbrains.android_benchmark.test/cache/org.jetbrains.android_benchmark.test-benchmarkData.json
04-18 00:49:15.938  2747  2799 D Benchmark: Copying /storage/emulated/0/Android/data/org.jetbrains.android_benchmark.test/cache/org.jetbrains.android_benchmark.test-benchmarkData.json to /sdcard/Android/media/org.jetbrains.android_benchmark.test/additional_test_output/org.jetbrains.android_benchmark.test-benchmarkData.json
04-18 00:49:15.994  5628 11456 D SyncManager: userId - 0 auto - true
04-18 00:49:16.008 10919 11066 I MediaProvider: Deleted 1 0 0 0 0 0 0 items on external_primary due to org.jetbrains.android_benchmark.test
04-18 00:49:16.043 10919 10352 W MediaProvider: isAppCloneUserPair for user 0: false
04-18 00:49:16.079  5628 12118 D SyncManager: userId - 0 auto - true
04-18 00:49:16.086  2747  2799 I TestRunner: finished: inlineDouble(org.jetbrains.android_benchmark.Wolf3dBenchmark)
