04-30 01:16:59.441 12921 14906 D ConnectivityManager: StackLog: [android.net.ConnectivityManager.sendRequestForNetwork(ConnectivityManager.java:4191)] [android.net.ConnectivityManager.sendRequestForNetwork(ConnectivityManager.java:4233)] [android.net.ConnectivityManager.registerNetworkCallback(ConnectivityManager.java:4615)] [gz.b(:com.google.android.gms.dynamite_cronetdynamite@231417044@23.14.17 (190400-0):7)] [gu.<init>(:com.google.android.gms.dynamite_cronetdynamite@231417044@23.14.17 (190400-0):9)] [org.chromium.net.NetworkChangeNotifier.g(:com.google.android.gms.dynamite_cronetdynamite@231417044@23.14.17 (190400-0):4)] [org.chromium.net.impl.CronetLibraryLoader.b(:com.google.android.gms.dynamite_cronetdynamite@231417044@23.14.17 (190400-0):2)] [hv.run(:com.google.android.gms.dynamite_cronetdynamite@231417044@23.14.17 (190400-0):0)]
04-30 01:16:59.468  5429  5751 D NetdEventListenerService: DNS Requested by : 128, 10235
04-30 01:16:59.504  5429  5665 D ConnectivityService: Rematched networks [computed 0ms] [applied 1ms] [issued 2]
04-30 01:16:59.505  5429  5665 D ConnectivityService: NetworkReassignment : no changes
04-30 01:16:59.526 12961 14846 D TrafficStats: tagSocket(79) with statsTag=0xffffffff, statsUid=-1
04-30 01:16:59.480 13195 13493 E FA      : Name must start with a letter. Type, name: event param, _email
04-30 01:16:59.557 13195 13493 E FA      : Name must start with a letter. Type, name: event param, _segments_state
04-30 01:16:59.557 13195 13493 E FA      : Name must start with a letter. Type, name: event param, _session_type
04-30 01:16:59.670 13195 13211 W ru.mail.mailapp: Suspending all threads took: 24.001ms
04-30 01:16:59.825  9200 12495 W NetworkScheduler: Error inserting flex_time=3595000 job_id=-1 period=7191000 source=16 requires_charging=0 preferred_network_type=1 target_class=com.google.android.gms.measurement.PackageMeasurementTaskService user_id=0 target_package=com.google.android.gms tag=Measurement.PackageMeasurementTaskService.UPLOAD_TASK_TAG task_type=0 required_idleness_state=0 service_kind=0 source_version=231417000 persistence_level=1 preferred_charging_state=1 required_network_type=0 runtime=1682810219820 retry_strategy={"maximum_backoff_seconds":{"3600":0},"initial_backoff_seconds":{"30":0},"retry_policy":{"0":0}} last_runtime=0 [CONTEXT service_id=218 ]
04-30 01:16:59.825  9200 12495 W NetworkScheduler: android.database.sqlite.SQLiteConstraintException: UNIQUE constraint failed: pending_ops.tag, pending_ops.target_class, pending_ops.target_package, pending_ops.user_id (code 2067 SQLITE_CONSTRAINT_UNIQUE[2067])
04-30 01:16:59.825  9200 12495 W NetworkScheduler: 	at android.database.sqlite.SQLiteConnection.nativeExecuteForLastInsertedRowId(Native Method)
04-30 01:16:59.825  9200 12495 W NetworkScheduler: 	at android.database.sqlite.SQLiteConnection.executeForLastInsertedRowId(SQLiteConnection.java:1275)
04-30 01:16:59.825  9200 12495 W NetworkScheduler: 	at android.database.sqlite.SQLiteSession.executeForLastInsertedRowId(SQLiteSession.java:790)
04-30 01:16:59.825  9200 12495 W NetworkScheduler: 	at android.database.sqlite.SQLiteStatement.executeInsert(SQLiteStatement.java:89)
04-30 01:16:59.825  9200 12495 W NetworkScheduler: 	at android.database.sqlite.SQLiteDatabase.insertWithOnConflict(SQLiteDatabase.java:2410)
04-30 01:16:59.825  9200 12495 W NetworkScheduler: 	at android.database.sqlite.SQLiteDatabase.insertOrThrow(SQLiteDatabase.java:2305)
04-30 01:16:59.825  9200 12495 W NetworkScheduler: 	at bwsk.f(:com.google.android.gms@231417044@23.14.17 (190400-527331132):59)
04-30 01:16:59.825  9200 12495 W NetworkScheduler: 	at bwre.n(:com.google.android.gms@231417044@23.14.17 (190400-527331132):3)
04-30 01:16:59.825  9200 12495 W NetworkScheduler: 	at bwre.u(:com.google.android.gms@231417044@23.14.17 (190400-527331132):20)
04-30 01:16:59.825  9200 12495 W NetworkScheduler: 	at bwre.h(:com.google.android.gms@231417044@23.14.17 (190400-527331132):3)
04-30 01:16:59.825  9200 12495 W NetworkScheduler: 	at bwmw.run(:com.google.android.gms@231417044@23.14.17 (190400-527331132):9)
04-30 01:16:59.825  9200 12495 W NetworkScheduler: 	at abpb.c(:com.google.android.gms@231417044@23.14.17 (190400-527331132):6)
04-30 01:16:59.825  9200 12495 W NetworkScheduler: 	at abpb.run(:com.google.android.gms@231417044@23.14.17 (190400-527331132):7)
04-30 01:16:59.825  9200 12495 W NetworkScheduler: 	at java.util.concurrent.ThreadPoolExecutor.runWorker(ThreadPoolExecutor.java:1137)
04-30 01:16:59.825  9200 12495 W NetworkScheduler: 	at java.util.concurrent.ThreadPoolExecutor$Worker.run(ThreadPoolExecutor.java:637)
04-30 01:16:59.825  9200 12495 W NetworkScheduler: 	at abuh.run(:com.google.android.gms@231417044@23.14.17 (190400-527331132):0)
04-30 01:16:59.825  9200 12495 W NetworkScheduler: 	at java.lang.Thread.run(Thread.java:1012)
04-30 01:16:59.840  6118  6631 I bt_stack: [INFO:rfc_port_fsm.cc(106)] rfc_port_sm_execute: BD_ADDR=645df4_1, PORT=28, STATE=4, EVENT=4
04-30 01:16:59.841  9200 32189 D BluetoothSocket: read out:  android.net.LocalSocketImpl$SocketInputStream@b2d6294 ret: 4
04-30 01:16:59.841  9200 32189 D BluetoothSocket: read in:  android.net.LocalSocketImpl$SocketInputStream@b2d6294 len: 37
04-30 01:16:59.841  9200 32189 D BluetoothSocket: read out:  android.net.LocalSocketImpl$SocketInputStream@b2d6294 ret: 37
04-30 01:16:59.842  9200 32189 D BluetoothSocket: read in:  android.net.LocalSocketImpl$SocketInputStream@b2d6294 len: 4
04-30 01:16:59.888 12921 12921 E alcq    : Sync subscriptions not available
04-30 01:16:59.946  6118  6631 I bt_stack: [INFO:rfc_port_fsm.cc(106)] rfc_port_sm_execute: BD_ADDR=645df4_1, PORT=28, STATE=4, EVENT=4
04-30 01:16:59.946  9200 32189 D BluetoothSocket: read out:  android.net.LocalSocketImpl$SocketInputStream@b2d6294 ret: 4
04-30 01:16:59.946  9200 32189 D BluetoothSocket: read in:  android.net.LocalSocketImpl$SocketInputStream@b2d6294 len: 671
04-30 01:16:59.946  9200 32189 D BluetoothSocket: read out:  android.net.LocalSocketImpl$SocketInputStream@b2d6294 ret: 671
04-30 01:16:59.948  9200 32187 D BluetoothSocket: write: android.net.LocalSocketImpl$SocketOutputStream@3d166e7 length: 4
04-30 01:16:59.948  9200 32187 D BluetoothSocket: write out: android.net.LocalSocketImpl$SocketOutputStream@3d166e7 length: 4
04-30 01:16:59.948  9200 32187 D BluetoothSocket: write: android.net.LocalSocketImpl$SocketOutputStream@3d166e7 length: 37
04-30 01:16:59.948  9200 32187 D BluetoothSocket: write out: android.net.LocalSocketImpl$SocketOutputStream@3d166e7 length: 37
04-30 01:16:59.948  6118  6631 I bt_stack: [INFO:rfc_port_fsm.cc(106)] rfc_port_sm_execute: BD_ADDR=645df4_1, PORT=28, STATE=4, EVENT=14
04-30 01:16:59.959  9200 32189 D BluetoothSocket: read in:  android.net.LocalSocketImpl$SocketInputStream@b2d6294 len: 4
04-30 01:16:59.981 30902 30902 I SHEALTH#WI#WearOsListenerService: (print) : onCreate() start
04-30 01:17:00.012  5878  6453 D QSClockBellTower: onReceive(android.intent.action.TIME_TICK) mTimeZoneString:null
04-30 01:17:00.033  5878  5878 D KeyguardUpdateMonitor: received broadcast android.intent.action.TIME_TICK
04-30 01:17:00.041 30902 14919 I SHEALTH#WI#WearOsClientManager: (print) : [GMS] [RECEIVE]  Size :      488, id : 02, path:/samsung_health/wearable_message
04-30 01:17:00.056 30902 14919 E SHEALTH#WI#WearableMessageUtilForBackward: checkAndGetDecompressedBody() Result data length : 163
04-30 01:17:00.057 30902 14919 I SHEALTH#WI#WearableMessageManagerInternal: (print) : [W_MESSAGE] [RECEIVE]  [RESPONSE] SequenceNum :      17, ucSize :       163, cSize :       204
04-30 01:17:00.105  5878  5878 D QSClockBellTower: He is ready to ring the bell. (((QSClockBellSound - TimeText:01:17, TimeContentDescription:01:17, DateText:Sun, 30 April, ShortDateText:Sun, 30 Apr, Demo:false, QuickStar-Second(false|12:34:56))))
04-30 01:17:00.108  5878  5878 D QSClockIndicatorView: Home Indicator status_bar_clock 01:17 notifyTimeChanged(QSClockBellSound - TimeText:01:17, TimeContentDescription:01:17, DateText:Sun, 30 April, ShortDateText:Sun, 30 Apr, Demo:false, QuickStar-Second(false|12:34:56)) ClockVisibleByPolicy:true, ClockVisibleByUser:true, visible?false, parent:android.widget.LinearLayout{fc169f7 V.E...... ........ 0,0-0,55 #7f0b04f0 app:id/left_clock_container}
04-30 01:17:00.109  5878  5878 D QSClockBellTower: Everyone heard the bell. run(currentTime:1682810220102,   getTime():Sun Apr 30 01:17:00 GMT+02:00 2023,   getTimeZone():libcore.util.ZoneInfo[mDstSavings=3600000,mUseDst=true,mDelegate=[id="Europe/Belgrade",mRawOffset=3600000,mEarliestRawOffset=4920000,transitions=119]])
04-30 01:17:00.112 30902 14919 I SHEALTH#WI#WearableSyncInformationManager: (print) : commit. id : 02 , mSyncType : SHEALTH , TotalDuration : 00:00:01.776 , SHealthProcessingTime : 00:00:01.109 , WearableProcessingTime : 00:00:00.667 , mSendDataSize :      2271 , mPressedSendDataSize :      2306 , mReceiveDataSize :       163 , mPressedReceiveDataSize :       163 , mSyncStartTime : 04-30 01:16:58.287 , 1682810218287 , mSyncEndTime : 04-30 01:17:00.063 , 1682810220063 , mDataStartTime : 04-30 01:11:55.455 , 1682809915455 , mDataEndTime : 04-30 01:16:58.313 , 1682810218313 , mDataInfoJsonObject : {} , mSendDataSize : 2271 , mDeleteDataInfoJsonObject : {} , mExerciseTypeJSonObject : {}, mBroadcastSequenceNumber : 0
04-30 01:17:00.122 30902 14919 I SHEALTH#WI#w: (print) : [D_SYNC] [RECEIVE]  [RESPONSE]   [Galaxy Watch5 Pro:02]  sNum :        17, SYNC_DATA
04-30 01:17:00.137  5878  5878 I FaceWidgetPositionAlgorithm: getClockContainerHeight() supplier = 270, bottom margin = 0, real height = 333
04-30 01:17:00.138  5878  5878 I FaceWidgetPositionAlgorithm: getClockContainerHeight() supplier = 270, bottom margin = 63, real height = 333
04-30 01:17:00.138  5878  5878 I FaceWidgetPositionAlgorithm: getMediaContainerHeight() height = 0 container Visibility = 8, isValid = false, mIsDozing = false, fraction = 1.0, source = 0, target = 0
04-30 01:17:00.138  5878  5878 I FaceWidgetPositionAlgorithm: getMediaContainerHeight() supplier = 0
04-30 01:17:00.145  9200  9200 D BoundBrokerSvc: onUnbind: Intent { act=com.google.android.gms.presencemanager.service.START dat=chimera-action:/... cmp=com.google.android.gms/.chimera.PersistentApiService }
04-30 01:17:00.153  5878  5878 V QsExpandAnimator: setQsExpansionPosition 0.0
04-30 01:17:00.162  5878  5878 D KeyguardUpdateMonitor: handleTimeUpdate
04-30 01:17:00.165  5878  5878 D FaceWidgetPagesController: onTimeChanged()
04-30 01:17:00.165  5878  5878 V QsExpandAnimator: updateAnimators
04-30 01:17:00.166  5878  5878 V QsExpandAnimator: clearAnimationState
04-30 01:17:00.166  5878  5878 V QsExpandAnimator: updateViews
04-30 01:17:00.167 13195 13493 E FA      : Name must start with a letter. Type, name: event param, _email
04-30 01:17:00.167 13195 13493 E FA      : Name must start with a letter. Type, name: event param, _segments_state
04-30 01:17:00.168 13195 13493 E FA      : Name must start with a letter. Type, name: event param, _session_type
04-30 01:17:00.169  5878  5878 V QsExpandAnimator: updateTileAnimator
04-30 01:17:00.173  5878  5878 V QsExpandAnimator: updateHeaderAnimator
04-30 01:17:00.173  5878  5878 V QsExpandAnimator: updateBarAnimator
04-30 01:17:00.173  5878  5878 V QsExpandAnimator: setQsExpansionPosition 0.0
04-30 01:17:00.174  5878  5878 V QsExpandAnimator: onAnimationAtStart
04-30 01:17:00.184 30902 14919 I shw     : finish - SHEALTH , SYNC_DATA_FOR_ONE_WAY   , SUCCESS  , msg : [SUCCESS] action : SYNC_DATA
04-30 01:17:00.190  9200  9200 D BoundBrokerSvc: onUnbind: Intent { act=com.google.android.gms.presencemanager.service.INTERNAL_IDENTITY dat=chimera-action:/... cmp=com.google.android.gms/.chimera.PersistentApiService }
04-30 01:17:00.192 30902 14919 I SHEALTH#WI#WearableEnhancedSyncManager: (print) : sendDataUpdatedToAppForOneWay. Finish sync. deviceName = Galaxy Watch5 Pro, request module : WEIGHT
04-30 01:17:00.196 30902 14919 I shw     : finish-oneway(finish BrToApp)
04-30 01:17:00.201 30902 14919 I SHEALTH#WI#WearableSyncFlowManager: (print) :  [SYNC_FLOW_MANAGE] FINISH Finish oneWay : [10008]
04-30 01:17:00.207 30902 14919 I SHEALTH#WI#WearableSyncRequestManagerInternal: (print) :  [SYNC_FLOW_MANAGE] RESULT 10008 result : SUCCESS
04-30 01:17:00.419 13611 13611 I Launcher.NotificationListener: onNotificationRankingUpdate : notification full refresh
04-30 01:17:00.420 13611 13611 I Launcher.NotificationListener: onNotificationFullRefresh
04-30 01:17:00.420  5878  5878 D InterruptionStateProvider: Group alert behavior is suppressed but we want to alert bubble
04-30 01:17:00.421  5878  5878 D InterruptionStateProvider: Group alert behavior is suppressed but we want to alert bubble
04-30 01:17:00.433  5878  5878 D PluginAODManager: onNotificationInfoUpdated() 0
04-30 01:17:00.434  5878  5878 I AODNotificationManager: updateVisibleNotifications: 0
04-30 01:17:00.434  5878  5878 I a       : updateStatusBarNotifications: open
04-30 01:17:00.434  5878  5878 I a       : updateStatusBarNotifications: open
04-30 01:17:00.442  5429  5429 D SemWifiP2pGoPowerSave: GopsReceiver : received : com.samsung.intent.action.CHECK_SIOP_LEVEL
04-30 01:17:00.442  5429  5429 I SemWifiP2pGoPowerSave: siop_level = -1
04-30 01:17:00.456 13611 13723 I Launcher.NotificationListener: notificationIsValidForUI : com.samsung.android.messaging missingTitleAndText : false isGroupHeader : false
04-30 01:17:00.456 13611 13723 I Launcher.NotificationListener: notificationIsValidForUI : com.google.android.youtube missingTitleAndText : false isGroupHeader : false
04-30 01:17:00.456 13611 13723 I Launcher.NotificationListener: notificationIsValidForUI : com.microsoft.todos missingTitleAndText : false isGroupHeader : false
04-30 01:17:00.456 13611 13723 I Launcher.NotificationListener: notificationIsValidForUI : com.osp.app.signin missingTitleAndText : false isGroupHeader : false
04-30 01:17:00.456 13611 13723 I Launcher.NotificationListener: notificationIsValidForUI : com.duolingo missingTitleAndText : false isGroupHeader : false
04-30 01:17:00.456 13611 13723 I Launcher.NotificationListener: notificationIsValidForUI : com.instagram.android missingTitleAndText : true isGroupHeader : true
04-30 01:17:00.456 13611 13723 I Launcher.NotificationListener: notificationIsValidForUI : com.instagram.android missingTitleAndText : false isGroupHeader : false
04-30 01:17:00.456 13611 13723 I Launcher.NotificationListener: notificationIsValidForUI : com.instagram.android missingTitleAndText : false isGroupHeader : false
04-30 01:17:00.456 13611 13723 I Launcher.NotificationListener: notificationIsValidForUI : com.instagram.android missingTitleAndText : false isGroupHeader : false
04-30 01:17:00.456 13611 13723 I Launcher.NotificationListener: notificationIsValidForUI : com.instagram.android missingTitleAndText : false isGroupHeader : false
04-30 01:17:00.456 13611 13723 I Launcher.NotificationListener: notificationIsValidForUI : com.linkedin.android missingTitleAndText : true isGroupHeader : true
04-30 01:17:00.456 13611 13723 I Launcher.NotificationListener: notificationIsValidForUI : com.linkedin.android missingTitleAndText : false isGroupHeader : false
04-30 01:17:00.456 13611 13723 I Launcher.NotificationListener: notificationIsValidForUI : com.linkedin.android missingTitleAndText : false isGroupHeader : false
04-30 01:17:00.456 13611 13723 I Launcher.NotificationListener: notificationIsValidForUI : com.linkedin.android missingTitleAndText : false isGroupHeader : false
04-30 01:17:00.456 13611 13723 I Launcher.NotificationListener: notificationIsValidForUI : com.linkedin.android missingTitleAndText : false isGroupHeader : false
04-30 01:17:00.456 13611 13723 I Launcher.NotificationListener: notificationIsValidForUI : com.google.android.apps.nbu.files missingTitleAndText : false isGroupHeader : false
04-30 01:17:00.457 13611 13723 I Launcher.NotificationListener: notificationIsValidForUI : ru.yandex.disk missingTitleAndText : false isGroupHeader : false
04-30 01:17:00.457 13611 13723 I Launcher.NotificationListener: notificationIsValidForUI : ru.mail.mailapp missingTitleAndText : false isGroupHeader : false
04-30 01:17:00.457 13611 13723 I Launcher.NotificationListener: notificationIsValidForUI : mrigapps.andriod.breakfree.deux missingTitleAndText : true isGroupHeader : false
04-30 01:17:00.457 13611 13723 I Launcher.NotificationListener: notificationIsValidForUI : android missingTitleAndText : false isGroupHeader : false
04-30 01:17:00.457 13611 13723 I Launcher.NotificationListener: Full refresh isConnected : true active size : 17
04-30 01:17:00.465   578   606 I SystemBroadcastReceiver: [#CMH#] onReceive completed :  18
04-30 01:17:00.476   578   578 I PolicyManager: [#CMH#] onReceive action = EVENT_SIOP
04-30 01:17:00.509  5429  7411 D SemWifiUsabilityStatsMonitor: onWifiUsabilityStats - seqNum 24857, isSameBssidAndFreq true
04-30 01:17:00.511  5429  5717 I SemWifiLinkQualityMonitor: Link Qos Query: 0.108 ms / 73.969 Mbps (263 / 0.000 / 3.556)
04-30 01:17:00.544 12921 14799 I cr_CronetLibraryLoader: Cronet version: 111.0.5563.55, arch: aarch64
04-30 01:17:00.546 12921 14799 I ogle.android.gm: Waiting for a blocking GC ClassLinker
04-30 01:17:00.714 12921 14409 D nativeloader: Configuring classloader-namespace for other apk /data/app/~~d3JMdVZb4WLMAhij8OQRsQ==/com.google.android.gms-TXkfI_b9zsk_P7YUY9hvvg==/base.apk. target_sdk_version=33, uses_libraries=, library_path=/data/app/~~d3JMdVZb4WLMAhij8OQRsQ==/com.google.android.gms-TXkfI_b9zsk_P7YUY9hvvg==/lib/arm64:/data/app/~~d3JMdVZb4WLMAhij8OQRsQ==/com.google.android.gms-TXkfI_b9zsk_P7YUY9hvvg==/base.apk!/lib/arm64-v8a, permitted_path=/data:/mnt/expand:/data/user/0/com.google.android.gms
04-30 01:17:00.842 13195 13493 E FA      : Name must start with a letter. Type, name: event param, _email
04-30 01:17:00.842 13195 13493 E FA      : Name must start with a letter. Type, name: event param, _segments_state
04-30 01:17:00.842 13195 13493 E FA      : Name must start with a letter. Type, name: event param, _session_type
04-30 01:17:00.896 12921 14409 I ogle.android.gm: Waiting for a blocking GC ClassLinker
04-30 01:17:00.950  9200 12494 W NetworkScheduler: Error inserting flex_time=3594000 job_id=-1 period=7189000 source=16 requires_charging=0 preferred_network_type=1 target_class=com.google.android.gms.measurement.PackageMeasurementTaskService user_id=0 target_package=com.google.android.gms tag=Measurement.PackageMeasurementTaskService.UPLOAD_TASK_TAG task_type=0 required_idleness_state=0 service_kind=0 source_version=231417000 persistence_level=1 preferred_charging_state=1 required_network_type=0 runtime=1682810220947 retry_strategy={"maximum_backoff_seconds":{"3600":0},"initial_backoff_seconds":{"30":0},"retry_policy":{"0":0}} last_runtime=0 [CONTEXT service_id=218 ]
04-30 01:17:00.950  9200 12494 W NetworkScheduler: android.database.sqlite.SQLiteConstraintException: UNIQUE constraint failed: pending_ops.tag, pending_ops.target_class, pending_ops.target_package, pending_ops.user_id (code 2067 SQLITE_CONSTRAINT_UNIQUE[2067])
04-30 01:17:00.950  9200 12494 W NetworkScheduler: 	at android.database.sqlite.SQLiteConnection.nativeExecuteForLastInsertedRowId(Native Method)
04-30 01:17:00.950  9200 12494 W NetworkScheduler: 	at android.database.sqlite.SQLiteConnection.executeForLastInsertedRowId(SQLiteConnection.java:1275)
04-30 01:17:00.950  9200 12494 W NetworkScheduler: 	at android.database.sqlite.SQLiteSession.executeForLastInsertedRowId(SQLiteSession.java:790)
04-30 01:17:00.950  9200 12494 W NetworkScheduler: 	at android.database.sqlite.SQLiteStatement.executeInsert(SQLiteStatement.java:89)
04-30 01:17:00.950  9200 12494 W NetworkScheduler: 	at android.database.sqlite.SQLiteDatabase.insertWithOnConflict(SQLiteDatabase.java:2410)
04-30 01:17:00.950  9200 12494 W NetworkScheduler: 	at android.database.sqlite.SQLiteDatabase.insertOrThrow(SQLiteDatabase.java:2305)
04-30 01:17:00.950  9200 12494 W NetworkScheduler: 	at bwsk.f(:com.google.android.gms@231417044@23.14.17 (190400-527331132):59)
04-30 01:17:00.950  9200 12494 W NetworkScheduler: 	at bwre.n(:com.google.android.gms@231417044@23.14.17 (190400-527331132):3)
04-30 01:17:00.950  9200 12494 W NetworkScheduler: 	at bwre.u(:com.google.android.gms@231417044@23.14.17 (190400-527331132):20)
04-30 01:17:00.950  9200 12494 W NetworkScheduler: 	at bwre.h(:com.google.android.gms@231417044@23.14.17 (190400-527331132):3)
04-30 01:17:00.950  9200 12494 W NetworkScheduler: 	at bwmw.run(:com.google.android.gms@231417044@23.14.17 (190400-527331132):9)
04-30 01:17:00.950  9200 12494 W NetworkScheduler: 	at abpb.c(:com.google.android.gms@231417044@23.14.17 (190400-527331132):6)
04-30 01:17:00.950  9200 12494 W NetworkScheduler: 	at abpb.run(:com.google.android.gms@231417044@23.14.17 (190400-527331132):7)
04-30 01:17:00.950  9200 12494 W NetworkScheduler: 	at java.util.concurrent.ThreadPoolExecutor.runWorker(ThreadPoolExecutor.java:1137)
04-30 01:17:00.950  9200 12494 W NetworkScheduler: 	at java.util.concurrent.ThreadPoolExecutor$Worker.run(ThreadPoolExecutor.java:637)
04-30 01:17:00.950  9200 12494 W NetworkScheduler: 	at abuh.run(:com.google.android.gms@231417044@23.14.17 (190400-527331132):0)
04-30 01:17:00.950  9200 12494 W NetworkScheduler: 	at java.lang.Thread.run(Thread.java:1012)
04-30 01:17:00.979  5429  5751 D NetdEventListenerService: DNS Requested by : 128, 10281
04-30 01:17:00.986  5429  8536 D SyncManager: userId - 0 auto - true
04-30 01:17:01.140 12921 14393 D StrictMode: StrictMode policy violation: android.os.strictmode.DiskReadViolation
04-30 01:17:01.140 12921 14393 D StrictMode: 	at android.os.StrictMode$AndroidBlockGuardPolicy.onReadFromDisk(StrictMode.java:1658)
04-30 01:17:01.140 12921 14393 D StrictMode: 	at libcore.io.BlockGuardOs.access(BlockGuardOs.java:74)
04-30 01:17:01.140 12921 14393 D StrictMode: 	at libcore.io.ForwardingOs.access(ForwardingOs.java:128)
04-30 01:17:01.140 12921 14393 D StrictMode: 	at android.app.ActivityThread$AndroidOs.access(ActivityThread.java:8610)
04-30 01:17:01.140 12921 14393 D StrictMode: 	at java.io.UnixFileSystem.checkAccess(UnixFileSystem.java:281)
04-30 01:17:01.140 12921 14393 D StrictMode: 	at java.io.File.exists(File.java:813)
04-30 01:17:01.140 12921 14393 D StrictMode: 	at android.app.ContextImpl.ensurePrivateDirExists(ContextImpl.java:790)
04-30 01:17:01.140 12921 14393 D StrictMode: 	at android.app.ContextImpl.ensurePrivateDirExists(ContextImpl.java:781)
04-30 01:17:01.140 12921 14393 D StrictMode: 	at android.app.ContextImpl.getPreferencesDir(ContextImpl.java:737)
04-30 01:17:01.140 12921 14393 D StrictMode: 	at android.app.ContextImpl.getSharedPreferencesPath(ContextImpl.java:975)
04-30 01:17:01.140 12921 14393 D StrictMode: 	at android.app.ContextImpl.getSharedPreferences(ContextImpl.java:573)
04-30 01:17:01.140 12921 14393 D StrictMode: 	at android.content.ContextWrapper.getSharedPreferences(ContextWrapper.java:226)
04-30 01:17:01.140 12921 14393 D StrictMode: 	at pck.b(PG:4)
04-30 01:17:01.140 12921 14393 D StrictMode: 	at igm.a(PG:19)
04-30 01:17:01.140 12921 14393 D StrictMode: 	at auvy.c(PG:2)
04-30 01:17:01.140 12921 14393 D StrictMode: 	at auwa.run(PG:9)
04-30 01:17:01.140 12921 14393 D StrictMode: 	at ylm.run(PG:1)
04-30 01:17:01.140 12921 14393 D StrictMode: 	at java.util.concurrent.ThreadPoolExecutor.runWorker(ThreadPoolExecutor.java:1137)
04-30 01:17:01.140 12921 14393 D StrictMode: 	at java.util.concurrent.ThreadPoolExecutor$Worker.run(ThreadPoolExecutor.java:637)
04-30 01:17:01.140 12921 14393 D StrictMode: 	at xje.run(PG:23)
04-30 01:17:01.140 12921 14393 D StrictMode: 	at java.lang.Thread.run(Thread.java:1012)
04-30 01:17:01.140 12921 14393 D StrictMode: 	at ylp.run(PG:6)
04-30 01:17:01.142 12921 14393 D StrictMode: StrictMode policy violation: android.os.strictmode.DiskReadViolation
04-30 01:17:01.142 12921 14393 D StrictMode: 	at android.os.StrictMode$AndroidBlockGuardPolicy.onReadFromDisk(StrictMode.java:1658)
04-30 01:17:01.142 12921 14393 D StrictMode: 	at android.app.SharedPreferencesImpl.awaitLoadedLocked(SharedPreferencesImpl.java:279)
04-30 01:17:01.142 12921 14393 D StrictMode: 	at android.app.SharedPreferencesImpl.edit(SharedPreferencesImpl.java:372)
04-30 01:17:01.142 12921 14393 D StrictMode: 	at igm.a(PG:19)
04-30 01:17:01.142 12921 14393 D StrictMode: 	at auvy.c(PG:2)
04-30 01:17:01.142 12921 14393 D StrictMode: 	at auwa.run(PG:9)
04-30 01:17:01.142 12921 14393 D StrictMode: 	at ylm.run(PG:1)
04-30 01:17:01.142 12921 14393 D StrictMode: 	at java.util.concurrent.ThreadPoolExecutor.runWorker(ThreadPoolExecutor.java:1137)
04-30 01:17:01.142 12921 14393 D StrictMode: 	at java.util.concurrent.ThreadPoolExecutor$Worker.run(ThreadPoolExecutor.java:637)
04-30 01:17:01.142 12921 14393 D StrictMode: 	at xje.run(PG:23)
04-30 01:17:01.142 12921 14393 D StrictMode: 	at java.lang.Thread.run(Thread.java:1012)
04-30 01:17:01.142 12921 14393 D StrictMode: 	at ylp.run(PG:6)
04-30 01:17:01.166 12921 14426 D StrictMode: StrictMode policy violation: android.os.strictmode.DiskReadViolation
04-30 01:17:01.166 12921 14426 D StrictMode: 	at android.os.StrictMode$AndroidBlockGuardPolicy.onReadFromDisk(StrictMode.java:1658)
04-30 01:17:01.166 12921 14426 D StrictMode: 	at libcore.io.BlockGuardOs.access(BlockGuardOs.java:74)
04-30 01:17:01.166 12921 14426 D StrictMode: 	at libcore.io.ForwardingOs.access(ForwardingOs.java:128)
04-30 01:17:01.166 12921 14426 D StrictMode: 	at android.app.ActivityThread$AndroidOs.access(ActivityThread.java:8610)
04-30 01:17:01.166 12921 14426 D StrictMode: 	at java.io.UnixFileSystem.checkAccess(UnixFileSystem.java:281)
04-30 01:17:01.166 12921 14426 D StrictMode: 	at java.io.File.exists(File.java:813)
04-30 01:17:01.166 12921 14426 D StrictMode: 	at android.app.ContextImpl.ensurePrivateDirExists(ContextImpl.java:790)
04-30 01:17:01.166 12921 14426 D StrictMode: 	at android.app.ContextImpl.ensurePrivateDirExists(ContextImpl.java:781)
04-30 01:17:01.166 12921 14426 D StrictMode: 	at android.app.ContextImpl.getPreferencesDir(ContextImpl.java:737)
04-30 01:17:01.166 12921 14426 D StrictMode: 	at android.app.ContextImpl.getSharedPreferencesPath(ContextImpl.java:975)
04-30 01:17:01.166 12921 14426 D StrictMode: 	at android.app.ContextImpl.getSharedPreferences(ContextImpl.java:573)
04-30 01:17:01.166 12921 14426 D StrictMode: 	at android.content.ContextWrapper.getSharedPreferences(ContextWrapper.java:226)
04-30 01:17:01.166 12921 14426 D StrictMode: 	at pck.b(PG:4)
04-30 01:17:01.166 12921 14426 D StrictMode: 	at igm.a(PG:19)
04-30 01:17:01.166 12921 14426 D StrictMode: 	at auvy.c(PG:2)
04-30 01:17:01.166 12921 14426 D StrictMode: 	at auwa.run(PG:9)
04-30 01:17:01.166 12921 14426 D StrictMode: 	at ylm.run(PG:1)
04-30 01:17:01.166 12921 14426 D StrictMode: 	at java.util.concurrent.ThreadPoolExecutor.runWorker(ThreadPoolExecutor.java:1137)
04-30 01:17:01.166 12921 14426 D StrictMode: 	at java.util.concurrent.ThreadPoolExecutor$Worker.run(ThreadPoolExecutor.java:637)
04-30 01:17:01.166 12921 14426 D StrictMode: 	at xje.run(PG:23)
04-30 01:17:01.166 12921 14426 D StrictMode: 	at java.lang.Thread.run(Thread.java:1012)
04-30 01:17:01.166 12921 14426 D StrictMode: 	at ylp.run(PG:6)
04-30 01:17:01.168 12921 14426 D StrictMode: StrictMode policy violation: android.os.strictmode.DiskReadViolation
04-30 01:17:01.168 12921 14426 D StrictMode: 	at android.os.StrictMode$AndroidBlockGuardPolicy.onReadFromDisk(StrictMode.java:1658)
04-30 01:17:01.168 12921 14426 D StrictMode: 	at android.app.SharedPreferencesImpl.awaitLoadedLocked(SharedPreferencesImpl.java:279)
04-30 01:17:01.168 12921 14426 D StrictMode: 	at android.app.SharedPreferencesImpl.edit(SharedPreferencesImpl.java:372)
04-30 01:17:01.168 12921 14426 D StrictMode: 	at igm.a(PG:19)
04-30 01:17:01.168 12921 14426 D StrictMode: 	at auvy.c(PG:2)
04-30 01:17:01.168 12921 14426 D StrictMode: 	at auwa.run(PG:9)
04-30 01:17:01.168 12921 14426 D StrictMode: 	at ylm.run(PG:1)
04-30 01:17:01.168 12921 14426 D StrictMode: 	at java.util.concurrent.ThreadPoolExecutor.runWorker(ThreadPoolExecutor.java:1137)
04-30 01:17:01.168 12921 14426 D StrictMode: 	at java.util.concurrent.ThreadPoolExecutor$Worker.run(ThreadPoolExecutor.java:637)
04-30 01:17:01.168 12921 14426 D StrictMode: 	at xje.run(PG:23)
04-30 01:17:01.168 12921 14426 D StrictMode: 	at java.lang.Thread.run(Thread.java:1012)
04-30 01:17:01.168 12921 14426 D StrictMode: 	at ylp.run(PG:6)
04-30 01:17:01.177 12921 14393 D StrictMode: StrictMode policy violation: android.os.strictmode.DiskReadViolation
04-30 01:17:01.177 12921 14393 D StrictMode: 	at android.os.StrictMode$AndroidBlockGuardPolicy.onReadFromDisk(StrictMode.java:1658)
04-30 01:17:01.177 12921 14393 D StrictMode: 	at libcore.io.BlockGuardOs.access(BlockGuardOs.java:74)
04-30 01:17:01.177 12921 14393 D StrictMode: 	at libcore.io.ForwardingOs.access(ForwardingOs.java:128)
04-30 01:17:01.177 12921 14393 D StrictMode: 	at android.app.ActivityThread$AndroidOs.access(ActivityThread.java:8610)
04-30 01:17:01.177 12921 14393 D StrictMode: 	at java.io.UnixFileSystem.checkAccess(UnixFileSystem.java:281)
04-30 01:17:01.177 12921 14393 D StrictMode: 	at java.io.File.exists(File.java:813)
04-30 01:17:01.177 12921 14393 D StrictMode: 	at android.app.SharedPreferencesImpl$EditorImpl.isSpeg(SharedPreferencesImpl.java:505)
04-30 01:17:01.177 12921 14393 D StrictMode: 	at android.app.SharedPreferencesImpl$EditorImpl.apply(SharedPreferencesImpl.java:517)
04-30 01:17:01.177 12921 14393 D StrictMode: 	at igm.a(PG:19)
04-30 01:17:01.177 12921 14393 D StrictMode: 	at auvy.c(PG:2)
04-30 01:17:01.177 12921 14393 D StrictMode: 	at auwa.run(PG:9)
04-30 01:17:01.177 12921 14393 D StrictMode: 	at ylm.run(PG:1)
04-30 01:17:01.177 12921 14393 D StrictMode: 	at java.util.concurrent.ThreadPoolExecutor.runWorker(ThreadPoolExecutor.java:1137)
04-30 01:17:01.177 12921 14393 D StrictMode: 	at java.util.concurrent.ThreadPoolExecutor$Worker.run(ThreadPoolExecutor.java:637)
04-30 01:17:01.177 12921 14393 D StrictMode: 	at xje.run(PG:23)
04-30 01:17:01.177 12921 14393 D StrictMode: 	at java.lang.Thread.run(Thread.java:1012)
04-30 01:17:01.177 12921 14393 D StrictMode: 	at ylp.run(PG:6)
04-30 01:17:01.247 12921 12921 W akco    : Failed to find local clusters.
04-30 01:17:01.262  4899  4899 E audit   : type=1400 audit(1682810221.259:84750): avc:  denied  { read } for  pid=12921 comm="binder:12921_1" name="u:object_r:perf_prop:s0" dev="tmpfs" ino=21617 scontext=u:r:untrusted_app:s0:c242,c256,c512,c768 tcontext=u:object_r:perf_prop:s0 tclass=file permissive=0 SEPF_SM-A515F_13_0001 audit_filtered
04-30 01:17:01.263  4899  4899 E audit   : type=1300 audit(1682810221.259:84750): arch=c00000b7 syscall=56 success=no exit=-13 a0=ffffff9c a1=7804aab2f8 a2=88000 a3=0 items=0 ppid=4924 pid=12921 auid=4294967295 uid=10242 gid=10242 euid=10242 suid=10242 fsuid=10242 egid=10242 sgid=10242 fsgid=10242 tty=(none) ses=4294967295 comm="binder:12921_1" exe="/system/bin/app_process64" subj=u:r:untrusted_app:s0:c242,c256,c512,c768 key=(null)
04-30 01:17:01.263  4899  4899 E audit   : type=1327 audit(1682810221.259:84750): proctitle="<pre-initialized>"
04-30 01:17:01.263 12921 12945 W libc    : Access denied finding property "sys.perf.boostopt"
04-30 01:17:01.273 12921 14426 D StrictMode: StrictMode policy violation: android.os.strictmode.DiskReadViolation
04-30 01:17:01.273 12921 14426 D StrictMode: 	at android.os.StrictMode$AndroidBlockGuardPolicy.onReadFromDisk(StrictMode.java:1658)
04-30 01:17:01.273 12921 14426 D StrictMode: 	at libcore.io.BlockGuardOs.access(BlockGuardOs.java:74)
04-30 01:17:01.273 12921 14426 D StrictMode: 	at libcore.io.ForwardingOs.access(ForwardingOs.java:128)
04-30 01:17:01.273 12921 14426 D StrictMode: 	at android.app.ActivityThread$AndroidOs.access(ActivityThread.java:8610)
04-30 01:17:01.273 12921 14426 D StrictMode: 	at java.io.UnixFileSystem.checkAccess(UnixFileSystem.java:281)
04-30 01:17:01.273 12921 14426 D StrictMode: 	at java.io.File.exists(File.java:813)
04-30 01:17:01.273 12921 14426 D StrictMode: 	at android.app.SharedPreferencesImpl$EditorImpl.isSpeg(SharedPreferencesImpl.java:505)
04-30 01:17:01.273 12921 14426 D StrictMode: 	at android.app.SharedPreferencesImpl$EditorImpl.apply(SharedPreferencesImpl.java:517)
04-30 01:17:01.273 12921 14426 D StrictMode: 	at igm.a(PG:19)
04-30 01:17:01.273 12921 14426 D StrictMode: 	at auvy.c(PG:2)
04-30 01:17:01.273 12921 14426 D StrictMode: 	at auwa.run(PG:9)
04-30 01:17:01.273 12921 14426 D StrictMode: 	at ylm.run(PG:1)
04-30 01:17:01.273 12921 14426 D StrictMode: 	at java.util.concurrent.ThreadPoolExecutor.runWorker(ThreadPoolExecutor.java:1137)
04-30 01:17:01.273 12921 14426 D StrictMode: 	at java.util.concurrent.ThreadPoolExecutor$Worker.run(ThreadPoolExecutor.java:637)
04-30 01:17:01.273 12921 14426 D StrictMode: 	at xje.run(PG:23)
04-30 01:17:01.273 12921 14426 D StrictMode: 	at java.lang.Thread.run(Thread.java:1012)
04-30 01:17:01.273 12921 14426 D StrictMode: 	at ylp.run(PG:6)
04-30 01:17:01.289  9200 12495 W NetworkScheduler: Error inserting flex_time=3593000 job_id=-1 period=7188000 source=16 requires_charging=0 preferred_network_type=1 target_class=com.google.android.gms.measurement.PackageMeasurementTaskService user_id=0 target_package=com.google.android.gms tag=Measurement.PackageMeasurementTaskService.UPLOAD_TASK_TAG task_type=0 required_idleness_state=0 service_kind=0 source_version=231417000 persistence_level=1 preferred_charging_state=1 required_network_type=0 runtime=1682810221284 retry_strategy={"maximum_backoff_seconds":{"3600":0},"initial_backoff_seconds":{"30":0},"retry_policy":{"0":0}} last_runtime=0 [CONTEXT service_id=218 ]
04-30 01:17:01.289  9200 12495 W NetworkScheduler: android.database.sqlite.SQLiteConstraintException: UNIQUE constraint failed: pending_ops.tag, pending_ops.target_class, pending_ops.target_package, pending_ops.user_id (code 2067 SQLITE_CONSTRAINT_UNIQUE[2067])
04-30 01:17:01.289  9200 12495 W NetworkScheduler: 	at android.database.sqlite.SQLiteConnection.nativeExecuteForLastInsertedRowId(Native Method)
04-30 01:17:01.289  9200 12495 W NetworkScheduler: 	at android.database.sqlite.SQLiteConnection.executeForLastInsertedRowId(SQLiteConnection.java:1275)
04-30 01:17:01.289  9200 12495 W NetworkScheduler: 	at android.database.sqlite.SQLiteSession.executeForLastInsertedRowId(SQLiteSession.java:790)
04-30 01:17:01.289  9200 12495 W NetworkScheduler: 	at android.database.sqlite.SQLiteStatement.executeInsert(SQLiteStatement.java:89)
04-30 01:17:01.289  9200 12495 W NetworkScheduler: 	at android.database.sqlite.SQLiteDatabase.insertWithOnConflict(SQLiteDatabase.java:2410)
04-30 01:17:01.289  9200 12495 W NetworkScheduler: 	at android.database.sqlite.SQLiteDatabase.insertOrThrow(SQLiteDatabase.java:2305)
04-30 01:17:01.289  9200 12495 W NetworkScheduler: 	at bwsk.f(:com.google.android.gms@231417044@23.14.17 (190400-527331132):59)
04-30 01:17:01.289  9200 12495 W NetworkScheduler: 	at bwre.n(:com.google.android.gms@231417044@23.14.17 (190400-527331132):3)
04-30 01:17:01.289  9200 12495 W NetworkScheduler: 	at bwre.u(:com.google.android.gms@231417044@23.14.17 (190400-527331132):20)
04-30 01:17:01.289  9200 12495 W NetworkScheduler: 	at bwre.h(:com.google.android.gms@231417044@23.14.17 (190400-527331132):3)
04-30 01:17:01.289  9200 12495 W NetworkScheduler: 	at bwmw.run(:com.google.android.gms@231417044@23.14.17 (190400-527331132):9)
04-30 01:17:01.289  9200 12495 W NetworkScheduler: 	at abpb.c(:com.google.android.gms@231417044@23.14.17 (190400-527331132):6)
04-30 01:17:01.289  9200 12495 W NetworkScheduler: 	at abpb.run(:com.google.android.gms@231417044@23.14.17 (190400-527331132):7)
04-30 01:17:01.289  9200 12495 W NetworkScheduler: 	at java.util.concurrent.ThreadPoolExecutor.runWorker(ThreadPoolExecutor.java:1137)
04-30 01:17:01.289  9200 12495 W NetworkScheduler: 	at java.util.concurrent.ThreadPoolExecutor$Worker.run(ThreadPoolExecutor.java:637)
04-30 01:17:01.289  9200 12495 W NetworkScheduler: 	at abuh.run(:com.google.android.gms@231417044@23.14.17 (190400-527331132):0)
04-30 01:17:01.289  9200 12495 W NetworkScheduler: 	at java.lang.Thread.run(Thread.java:1012)
04-30 01:17:01.431 13195 13493 E FA      : Name must start with a letter. Type, name: event param, _email
04-30 01:17:01.431 13195 13493 E FA      : Name must start with a letter. Type, name: event param, _segments_state
04-30 01:17:01.432 13195 13493 E FA      : Name must start with a letter. Type, name: event param, _session_type
04-30 01:17:01.441 12921 12936 W ogle.android.gm: Suspending all threads took: 55.563ms
04-30 01:17:01.471 12921 12921 W akco    : Failed to find local clusters.
04-30 01:17:01.479  5429  8542 D SyncManager: userId - 0 auto - true
04-30 01:17:01.519  5429  8542 D SyncManager: userId - 0 auto - true
04-30 01:17:01.537  5429  5843 D SyncManager: userId - 0 auto - true
04-30 01:17:01.542  5429  5488 W libprocessgroup: Failed to open /dev/blkio//cgroup.procs: No such file or directory
04-30 01:17:01.578  9200 12494 W NetworkScheduler: Error inserting flex_time=3593000 job_id=-1 period=7187000 source=16 requires_charging=0 preferred_network_type=1 target_class=com.google.android.gms.measurement.PackageMeasurementTaskService user_id=0 target_package=com.google.android.gms tag=Measurement.PackageMeasurementTaskService.UPLOAD_TASK_TAG task_type=0 required_idleness_state=0 service_kind=0 source_version=231417000 persistence_level=1 preferred_charging_state=1 required_network_type=0 runtime=1682810221575 retry_strategy={"maximum_backoff_seconds":{"3600":0},"initial_backoff_seconds":{"30":0},"retry_policy":{"0":0}} last_runtime=0 [CONTEXT service_id=218 ]
04-30 01:17:01.578  9200 12494 W NetworkScheduler: android.database.sqlite.SQLiteConstraintException: UNIQUE constraint failed: pending_ops.tag, pending_ops.target_class, pending_ops.target_package, pending_ops.user_id (code 2067 SQLITE_CONSTRAINT_UNIQUE[2067])
04-30 01:17:01.578  9200 12494 W NetworkScheduler: 	at android.database.sqlite.SQLiteConnection.nativeExecuteForLastInsertedRowId(Native Method)
04-30 01:17:01.578  9200 12494 W NetworkScheduler: 	at android.database.sqlite.SQLiteConnection.executeForLastInsertedRowId(SQLiteConnection.java:1275)
04-30 01:17:01.578  9200 12494 W NetworkScheduler: 	at android.database.sqlite.SQLiteSession.executeForLastInsertedRowId(SQLiteSession.java:790)
04-30 01:17:01.578  9200 12494 W NetworkScheduler: 	at android.database.sqlite.SQLiteStatement.executeInsert(SQLiteStatement.java:89)
04-30 01:17:01.578  9200 12494 W NetworkScheduler: 	at android.database.sqlite.SQLiteDatabase.insertWithOnConflict(SQLiteDatabase.java:2410)
04-30 01:17:01.578  9200 12494 W NetworkScheduler: 	at android.database.sqlite.SQLiteDatabase.insertOrThrow(SQLiteDatabase.java:2305)
04-30 01:17:01.578  9200 12494 W NetworkScheduler: 	at bwsk.f(:com.google.android.gms@231417044@23.14.17 (190400-527331132):59)
04-30 01:17:01.578  9200 12494 W NetworkScheduler: 	at bwre.n(:com.google.android.gms@231417044@23.14.17 (190400-527331132):3)
04-30 01:17:01.578  9200 12494 W NetworkScheduler: 	at bwre.u(:com.google.android.gms@231417044@23.14.17 (190400-527331132):20)
04-30 01:17:01.578  9200 12494 W NetworkScheduler: 	at bwre.h(:com.google.android.gms@231417044@23.14.17 (190400-527331132):3)
04-30 01:17:01.578  9200 12494 W NetworkScheduler: 	at bwmw.run(:com.google.android.gms@231417044@23.14.17 (190400-527331132):9)
04-30 01:17:01.578  9200 12494 W NetworkScheduler: 	at abpb.c(:com.google.android.gms@231417044@23.14.17 (190400-527331132):6)
04-30 01:17:01.578  9200 12494 W NetworkScheduler: 	at abpb.run(:com.google.android.gms@231417044@23.14.17 (190400-527331132):7)
04-30 01:17:01.578  9200 12494 W NetworkScheduler: 	at java.util.concurrent.ThreadPoolExecutor.runWorker(ThreadPoolExecutor.java:1137)
04-30 01:17:01.578  9200 12494 W NetworkScheduler: 	at java.util.concurrent.ThreadPoolExecutor$Worker.run(ThreadPoolExecutor.java:637)
04-30 01:17:01.578  9200 12494 W NetworkScheduler: 	at abuh.run(:com.google.android.gms@231417044@23.14.17 (190400-527331132):0)
04-30 01:17:01.578  9200 12494 W NetworkScheduler: 	at java.lang.Thread.run(Thread.java:1012)
04-30 01:17:01.605 13195 13211 W ru.mail.mailapp: Suspending all threads took: 5.064ms
04-30 01:17:01.662 12921 14799 I ogle.android.gm: WaitForGcToComplete blocked ClassLinker on Background for 1.116s
04-30 01:17:01.663 12921 14799 W ogle.android.gm: Verification of void bo.<clinit>() took 1.117s (7.16 bytecodes/s) (1480B approximate peak alloc)
04-30 01:17:01.665 12921 14409 I ogle.android.gm: WaitForGcToComplete blocked ClassLinker on ClassLinker for 768.436ms
04-30 01:17:01.738 12921 12936 W ogle.android.gm: Suspending all threads took: 44.627ms
04-30 01:17:01.751 12921 14768 W ogle.android.gm: Long monitor contention with owner glide-source-thread-0 (14799) at void org.chromium.net.impl.CronetUrlRequestContext.<init>(ht)(:com.google.android.gms.dynamite_cronetdynamite@231417044@23.14.17 (190400-0):14) waiters=0 in void org.chromium.net.impl.CronetUrlRequestContext.<init>(ht) for 1.089s
04-30 01:17:01.883 12921 14409 V NativeCrypto: Registering com/google/android/gms/org/conscrypt/NativeCrypto's 295 native methods...
04-30 01:17:01.890  9200 13193 W NetworkScheduler: Error inserting flex_time=3593000 job_id=-1 period=7187000 source=16 requires_charging=0 preferred_network_type=1 target_class=com.google.android.gms.measurement.PackageMeasurementTaskService user_id=0 target_package=com.google.android.gms tag=Measurement.PackageMeasurementTaskService.UPLOAD_TASK_TAG task_type=0 required_idleness_state=0 service_kind=0 source_version=231417000 persistence_level=1 preferred_charging_state=1 required_network_type=0 runtime=1682810221886 retry_strategy={"maximum_backoff_seconds":{"3600":0},"initial_backoff_seconds":{"30":0},"retry_policy":{"0":0}} last_runtime=0 [CONTEXT service_id=218 ]
04-30 01:17:01.890  9200 13193 W NetworkScheduler: android.database.sqlite.SQLiteConstraintException: UNIQUE constraint failed: pending_ops.tag, pending_ops.target_class, pending_ops.target_package, pending_ops.user_id (code 2067 SQLITE_CONSTRAINT_UNIQUE[2067])
04-30 01:17:01.890  9200 13193 W NetworkScheduler: 	at android.database.sqlite.SQLiteConnection.nativeExecuteForLastInsertedRowId(Native Method)
04-30 01:17:01.890  9200 13193 W NetworkScheduler: 	at android.database.sqlite.SQLiteConnection.executeForLastInsertedRowId(SQLiteConnection.java:1275)
04-30 01:17:01.890  9200 13193 W NetworkScheduler: 	at android.database.sqlite.SQLiteSession.executeForLastInsertedRowId(SQLiteSession.java:790)
04-30 01:17:01.890  9200 13193 W NetworkScheduler: 	at android.database.sqlite.SQLiteStatement.executeInsert(SQLiteStatement.java:89)
04-30 01:17:01.890  9200 13193 W NetworkScheduler: 	at android.database.sqlite.SQLiteDatabase.insertWithOnConflict(SQLiteDatabase.java:2410)
04-30 01:17:01.890  9200 13193 W NetworkScheduler: 	at android.database.sqlite.SQLiteDatabase.insertOrThrow(SQLiteDatabase.java:2305)
04-30 01:17:01.890  9200 13193 W NetworkScheduler: 	at bwsk.f(:com.google.android.gms@231417044@23.14.17 (190400-527331132):59)
04-30 01:17:01.890  9200 13193 W NetworkScheduler: 	at bwre.n(:com.google.android.gms@231417044@23.14.17 (190400-527331132):3)
04-30 01:17:01.890  9200 13193 W NetworkScheduler: 	at bwre.u(:com.google.android.gms@231417044@23.14.17 (190400-527331132):20)
04-30 01:17:01.890  9200 13193 W NetworkScheduler: 	at bwre.h(:com.google.android.gms@231417044@23.14.17 (190400-527331132):3)
04-30 01:17:01.890  9200 13193 W NetworkScheduler: 	at bwmw.run(:com.google.android.gms@231417044@23.14.17 (190400-527331132):9)
04-30 01:17:01.890  9200 13193 W NetworkScheduler: 	at abpb.c(:com.google.android.gms@231417044@23.14.17 (190400-527331132):6)
04-30 01:17:01.890  9200 13193 W NetworkScheduler: 	at abpb.run(:com.google.android.gms@231417044@23.14.17 (190400-527331132):7)
04-30 01:17:01.890  9200 13193 W NetworkScheduler: 	at java.util.concurrent.ThreadPoolExecutor.runWorker(ThreadPoolExecutor.java:1137)
04-30 01:17:01.890  9200 13193 W NetworkScheduler: 	at java.util.concurrent.ThreadPoolExecutor$Worker.run(ThreadPoolExecutor.java:637)
04-30 01:17:01.890  9200 13193 W NetworkScheduler: 	at abuh.run(:com.google.android.gms@231417044@23.14.17 (190400-527331132):0)
04-30 01:17:01.890  9200 13193 W NetworkScheduler: 	at java.lang.Thread.run(Thread.java:1012)
04-30 01:17:01.944 29954 14948 I SyncManager: Executing sync [CONTEXT service_id=80 ]
04-30 01:17:02.047 13027 14911 I cr_CronetUrlRequestContext: destroyNativeStreamLocked org.chromium.net.impl.CronetBidirectionalStream@8b147cd
04-30 01:17:02.053 13027 13146 I gcw     : Received successful sync response; latencyMs=13006; numEntitiesFetched=0
04-30 01:17:02.072 13027 13146 I gcv     : Got endResult sync response; syncWatermark=[1682810221s 301245000ns]
04-30 01:17:02.075 13027 13146 I gcv     : Retrieve secondary data before client response.
04-30 01:17:02.086  5429  8524 D SyncManager: userId - 0 auto - true
04-30 01:17:02.090  5429  8524 D SyncManager: userId - 0 auto - true
04-30 01:17:02.077 13027 13175 I gpe     : Started new WRITEABLE transaction writetx13 [(Unnamed)]
04-30 01:17:02.125 13027 14355 I gpe     : Closing transaction writetx13 [(Unnamed)]: Stats[3 Writes (rows inserted: 1, updated: 0, deleted: 0)] after 49 ms
04-30 01:17:02.393  5429  5843 W JobInfo : Requested flex +28m48s0ms for job 101279 is too small; raising to +36m0s0ms
04-30 01:17:02.397  5429  5486 I libprocessgroup: Successfully killed process cgroup uid 10217 pid 11869 in 0ms
04-30 01:17:02.414 12921 14766 W ogle.android.gm: Long monitor contention with owner btd-services-4-1 (14768) at java.lang.Object ayvs.ur()(PG:2) waiters=0 in java.lang.Object ayvs.ur() for 1.722s
04-30 01:17:02.496  4924  4924 I Zygote  : Process 11869 exited due to signal 9 (Killed)
04-30 01:17:02.520   578   610 I PolicyManager: [#CMH#] Is foreground game app: false
04-30 01:17:02.595 13027 13146 I gou     : Begins sqlite shutdown.
04-30 01:17:02.596 13027 14355 I gon     : Begins shutdown of connection pool with 1 connections (0 idle)
04-30 01:17:02.596 13027 14355 I gon     : Connection VirtualConnection(conn-0) removed from pool (0 connections remaining)
04-30 01:17:02.597 13027 14355 I gol     : Closing released connection VirtualConnection(conn-0)
04-30 01:17:02.598 13027 14355 I gqp     : Closing executor java.util.concurrent.ScheduledThreadPoolExecutor@6e8f301[Running, pool size = 1, active threads = 1, queued tasks = 0, completed tasks = 122]
04-30 01:17:02.599 13027 14355 I gqp     : Successfully closed executor java.util.concurrent.ScheduledThreadPoolExecutor@6e8f301[Shutting down, pool size = 1, active threads = 1, queued tasks = 0, completed tasks = 122]
04-30 01:17:02.600 13027 14355 I gol     : VirtualConnection(conn-0) is now closed.
04-30 01:17:02.602 13027 14355 I gou     : Closing the native database.
04-30 01:17:02.602 13027 14355 I gpp     : Shutting down Android SQLiteDatabase at /data/user/0/com.google.android.apps.tasks/files/tasks-107112683768049889804/data.db
04-30 01:17:02.612  5429  5486 I libprocessgroup: Successfully killed process cgroup uid 10268 pid 3848 in 7ms
04-30 01:17:02.635 13027 14355 I gou     : Shutdown completed.
04-30 01:17:02.692 12921 14409 I ogle.android.gm: Waiting for a blocking GC ClassLinker
04-30 01:17:02.758  5429  8514 D SyncManager: userId - 0 auto - true
04-30 01:17:02.953 29954 14948 I SyncManager: Executing sync finished in 1009 ms [CONTEXT service_id=80 ]
04-30 01:17:02.956 12921 14409 I ogle.android.gm: WaitForGcToComplete blocked ClassLinker on Background for 367.686ms
04-30 01:17:02.968 12921 14409 I ProviderInstaller: Installed default security provider GmsCore_OpenSSL
04-30 01:17:03.018 29954 14948 I SyncAdapter: Successfully synced in 1115 milliseconds with request: zjb{account=<hide PII>, eventType=700, waitForInitialization=false, notificationHint=null, zipitVersionInfo=null}. [CONTEXT service_id=80 ]
04-30 01:17:03.035 29954 29954 D BoundBrokerSvc: onUnbind: Intent { act=com.google.android.mobstore.service.START pkg=com.google.android.gms }
04-30 01:17:03.070  5429  8540 D SyncManager: userId - 0 auto - true
04-30 01:17:03.077  5429  5843 D SyncManager: userId - 0 auto - true
04-30 01:17:03.082  5429  5488 W libprocessgroup: Failed to open /dev/blkio//cgroup.procs: No such file or directory
04-30 01:17:03.083  5429  5488 W libprocessgroup: Failed to open /dev/blkio//cgroup.procs: No such file or directory
04-30 01:17:03.117  5429  8540 D SyncManager: userId - 0 auto - true
04-30 01:17:03.136  5429  8540 D SyncManager: userId - 0 auto - true
04-30 01:17:03.170 12921 14347 D StrictMode: StrictMode policy violation: android.os.strictmode.DiskReadViolation
04-30 01:17:03.170 12921 14347 D StrictMode: 	at android.os.StrictMode$AndroidBlockGuardPolicy.onReadFromDisk(StrictMode.java:1658)
04-30 01:17:03.170 12921 14347 D StrictMode: 	at libcore.io.BlockGuardOs.access(BlockGuardOs.java:74)
04-30 01:17:03.170 12921 14347 D StrictMode: 	at libcore.io.ForwardingOs.access(ForwardingOs.java:128)
04-30 01:17:03.170 12921 14347 D StrictMode: 	at android.app.ActivityThread$AndroidOs.access(ActivityThread.java:8610)
04-30 01:17:03.170 12921 14347 D StrictMode: 	at java.io.UnixFileSystem.checkAccess(UnixFileSystem.java:281)
04-30 01:17:03.170 12921 14347 D StrictMode: 	at java.io.File.exists(File.java:813)
04-30 01:17:03.170 12921 14347 D StrictMode: 	at android.app.ContextImpl.ensurePrivateDirExists(ContextImpl.java:790)
04-30 01:17:03.170 12921 14347 D StrictMode: 	at android.app.ContextImpl.ensurePrivateDirExists(ContextImpl.java:781)
04-30 01:17:03.170 12921 14347 D StrictMode: 	at android.app.ContextImpl.getPreferencesDir(ContextImpl.java:737)
04-30 01:17:03.170 12921 14347 D StrictMode: 	at android.app.ContextImpl.getSharedPreferencesPath(ContextImpl.java:975)
04-30 01:17:03.170 12921 14347 D StrictMode: 	at android.app.ContextImpl.getSharedPreferences(ContextImpl.java:573)
