04-30 01:16:47.791 12235 12258 W _benchmark.test: Suspending all threads took: 10.810ms
04-30 01:16:47.826 29954  1536 I MdiSyncModule: Receiving API connection from package 'com.google.android.gm'...
04-30 01:16:47.842 12921 13716 D CompatibilityChangeReporter: Compat change id reported: 160794467; UID 10242; state: ENABLED
04-30 01:16:47.866 29954  1536 I MdiSyncModule: API connection successful!
04-30 01:16:47.874  5429  5438 I system_server: Background young concurrent copying GC freed 363793(21MB) AllocSpace objects, 27(956KB) LOS objects, 17% free, 103MB/125MB, paused 11.340ms,312us total 190.667ms
04-30 01:16:47.899  5429  8514 D PackageManager: setEnabledSetting : userId = 0 packageName = com.samsung.android.scs cmp = androidx.work.impl.background.systemalarm.RescheduleReceiver newState = 1 callingPackage = 10380/com.samsung.android.scs
04-30 01:16:47.902  5429  8514 D ApplicationPolicy: getApplicationStateEnabled : pkg = com.samsung.android.scs userId : 0
04-30 01:16:47.905  5429  8514 D ApplicationPolicy: getApplicationComponentState : pkg = com.samsung.android.scs userId : 0
04-30 01:16:47.957 30902 30972 I .shealth:remote: Background young concurrent copying GC freed 94305(5620KB) AllocSpace objects, 35(1252KB) LOS objects, 39% free, 10137KB/16MB, paused 5.407ms,686us total 152.372ms
04-30 01:16:48.018 13090 13115 W com.whatsapp: Suspending all threads took: 37.195ms
04-30 01:16:48.049 14427 14427 I MyFiles : [0001/PackageCheckUtils   ] getVersionName : com.sec.android.app.myfiles 14.1.03.16
04-30 01:16:48.067  5878  5878 D BubblesManager: onNotificationChannelModified : pkg=ru.mail.cloud ,modificationType:1
04-30 01:16:48.080  5878  5878 D PluginAODManager: onNotificationInfoUpdated() 0
04-30 01:16:48.083  5878  5878 I AODNotificationManager: updateVisibleNotifications: 0
04-30 01:16:48.083  5878  5878 I a       : updateStatusBarNotifications: open
04-30 01:16:48.084  5878  5878 I a       : updateStatusBarNotifications: open
04-30 01:16:48.084  5878  5878 D BubblesManager: onNotificationChannelModified : pkg=ru.mail.cloud ,modificationType:1
04-30 01:16:48.092  5878  5878 D PluginAODManager: onNotificationInfoUpdated() 0
04-30 01:16:48.101  5878  5878 I AODNotificationManager: updateVisibleNotifications: 0
04-30 01:16:48.101  5878  5878 I a       : updateStatusBarNotifications: open
04-30 01:16:48.101  5878  5878 I a       : updateStatusBarNotifications: open
04-30 01:16:48.175 14427 14427 I CapsuleProvider_1.0.23: onCreate
04-30 01:16:48.389  5429  7411 D SemWifiUsabilityStatsMonitor: onWifiUsabilityStats - seqNum 24853, isSameBssidAndFreq true
04-30 01:16:48.398  5429  5717 I SemWifiLinkQualityMonitor: Link Qos Query: 0.045 ms / 176.129 Mbps (260 / 0.000 / 1.476)
04-30 01:16:48.402 13581 13815 I AppMetrica-Attribution: Choosing distribution data: ClidsInfo(chosen=Candidate(clids=null, source=APP), candidates=[Candidate(clids=null, source=APP)])
04-30 01:16:48.403 14427 14427 I MyFiles : [0002/MyFilesApplication  ] [Performance] MyFilesApplication
04-30 01:16:48.422 12145 12232 I SCS@AiSearch user 0: (AppsDataWorker) [androidx.work-2] entering in doWork():
04-30 01:16:48.422 12145 12232 I SCS@AiSearch user 0: (AppsDataObserver) [androidx.work-2] entering in execute():
04-30 01:16:48.422 12145 12232 I SCS@AiSearch user 0: (AppsDataObserver-CMD_UPDATE_LIST) changed package count: 1
04-30 01:16:48.465 13356 14351 W ru.yandex.disk: Long monitor contention with owner queuingExecutor:ru.yandex.disk.commonactions.u2 (14356) at sv.m ru.yandex.disk.Yatagan$CoreComponent$UserComponentsImpl.m9()(SourceFile:-1) waiters=0 in sv.m ru.yandex.disk.Yatagan$CoreComponent$UserComponentsImpl.m9() for 892ms
04-30 01:16:48.502 14427 14427 I MyFiles : [0003/StorageMonitorReceiver] onReceive() ] action : android.intent.action.DEVICE_STORAGE_OK
04-30 01:16:48.533 14427 14515 I MyFiles : [0004/DiagMonLogger       ] DiagMon init
04-30 01:16:48.574 14427 14515 I DIAGMON_SDK[605055]: DiagMonAgent type: 2
04-30 01:16:48.575 14427 14515 I DIAGMON_SDK[605055][mf3km12ugy] : generated SR object
04-30 01:16:48.593 14427 14514 I MyFiles : [0005/PackageCheckUtils   ] isPackageInstalled() ] com.samsung.android.voc isPackageInstalled, versionCode: 450011000, minVersionCode: 170001000
04-30 01:16:48.609 14427 14514 I MyFiles : [0006/EnvManager          ] checkUnder3GBRam() ] Ram : 3570
04-30 01:16:48.616 12235 12258 D Benchmark: allocationCount[ 0:10]: 1844 1843 1844 1844 1843
04-30 01:16:48.616 12235 12258 D Benchmark: Set 12258 (Bench thread) to priority -8. Was -20, now -8
04-30 01:16:48.616 12235 12258 D Benchmark: Set 12243 (Jit) to priority 9. Was -15, now 9
04-30 01:16:48.617 12235 12258 D Benchmark: Warmup: t=0.595, iter=4155, fastAvg=112177, slowAvg=113084
04-30 01:16:48.617 12235 12258 I PerfettoCapture: Stopping perfetto.
04-30 01:16:48.619 14448 14448 I Process : Sending signal. PID: 14448 SIG: 9
04-30 01:16:48.625 14427 14514 I MyFiles : [0007/PackageCheckUtils   ] isPackageInstalled() ] com.samsung.android.scs isPackageInstalled, versionCode: 210036200, minVersionCode: 0
04-30 01:16:48.641 14427 14514 I MyFiles : [0008/PackageCheckUtils   ] com.samsung.android.scs State - 0
04-30 01:16:48.651  5429  8528 D PersonaManagerService: getMoveToKnoxMenuList:0
04-30 01:16:48.651  5429  8528 D PersonaManagerService: getMoveToKnoxMenuList : calling pkg name : com.sec.android.app.myfiles
04-30 01:16:48.652  5429  8528 D PersonaManagerService: getMoveToKnoxMenuList : contact pkg name : com.samsung.android.app.contacts
04-30 01:16:48.654  5429  8528 D PersonaManagerService: getMoveToKnoxMenuList : is WP-C : false
04-30 01:16:48.655  5429  8528 D PersonaManagerService: isSecureFolderSupported | secure folder config supported  : true
04-30 01:16:48.662  5429  8528 D PersonaManagerService: Added permanent item :: Move to Secure Folder
04-30 01:16:48.663  5429  8528 D PersonaManagerService: PersonaIds list null or empty
04-30 01:16:48.665  5429  8528 D PersonaManagerService: getMoveToKnoxMenuList:0
04-30 01:16:48.666  5429  8528 D PersonaManagerService: getMoveToKnoxMenuList : calling pkg name : com.sec.android.app.myfiles
04-30 01:16:48.666  5429  8528 D PersonaManagerService: getMoveToKnoxMenuList : contact pkg name : com.samsung.android.app.contacts
04-30 01:16:48.666  5429  8528 D PersonaManagerService: getMoveToKnoxMenuList : is WP-C : false
04-30 01:16:48.666  5429  8528 D PersonaManagerService: isSecureFolderSupported | secure folder config supported  : true
04-30 01:16:48.666  5429  8528 D PersonaManagerService: Added permanent item :: Move to Secure Folder
04-30 01:16:48.666  5429  8528 D PersonaManagerService: PersonaIds list null or empty
04-30 01:16:48.667  5429  8528 D PersonaManagerService: getMoveToKnoxMenuList:0
04-30 01:16:48.667  5429  8528 D PersonaManagerService: getMoveToKnoxMenuList : calling pkg name : com.sec.android.app.myfiles
04-30 01:16:48.667  5429  8528 D PersonaManagerService: getMoveToKnoxMenuList : contact pkg name : com.samsung.android.app.contacts
04-30 01:16:48.667  5429  8528 D PersonaManagerService: getMoveToKnoxMenuList : is WP-C : false
04-30 01:16:48.667  5429  8528 D PersonaManagerService: isSecureFolderSupported | secure folder config supported  : true
04-30 01:16:48.667  5429  8528 D PersonaManagerService: Added permanent item :: Move to Secure Folder
04-30 01:16:48.667  5429  8528 D PersonaManagerService: PersonaIds list null or empty
04-30 01:16:48.671 14427 14427 I MyFiles : [0009/KnoxManager         ] getKnoxName ] moveToKnoxMenuList is not null and knox name is Secure Folder
04-30 01:16:48.672 14427 14427 I MyFiles : [0010/StorageMonitorReceiver] Free Space is more than 500 MB.
04-30 01:16:48.714 14322 14322 I perfetto:    perfetto_cmd.cc:1168 SIGINT/SIGTERM received: disabling tracing.
04-30 01:16:48.721 12235 12258 D Benchmark: kill -TERM command output -
04-30 01:16:48.738  5130  5130 I perfetto:  probes_producer.cc:396 Producer stop (id=1029)
04-30 01:16:48.741  5130  5130 I perfetto:    ftrace_procfs.cc:342 disabled ftrace in /sys/kernel/tracing/
04-30 01:16:48.748 12145 12232 I SCS@AiSearch user 0: (AppsDataObserver) [androidx.work-2] leaving from execute():  result is true
04-30 01:16:48.748 12145 12232 I SCS@AiSearch user 0: (AppsDataWorker) [androidx.work-2] leaving from doWork():
04-30 01:16:48.751 12145 12181 I WM-WorkerWrapper: Worker result SUCCESS for Work [ id=953c2c0d-2e25-4325-baeb-1585e2674145, tags={ com.samsung.android.scs.ai.search.scheduling.workers.AppsDataWorker, CMD_UPDATE_LIST } ]
04-30 01:16:48.781 12921 13716 D CompatibilityChangeReporter: Compat change id reported: 194532703; UID 10242; state: ENABLED
04-30 01:16:48.877 13022 13037 W ru.mail.cloud: Suspending all threads took: 24.032ms
04-30 01:16:48.908  4389  4389 I hwservicemanager: getTransport: Cannot find entry android.hardware.atrace@1.0::IAtraceDevice/default in either framework or device VINTF manifest.
04-30 01:16:48.909 14427 14513 W oid.app.myfiles: Long monitor contention with owner Thread-4 (14516) at java.io.File android.app.ContextImpl.getPreferencesDir()(ContextImpl.java:737) waiters=0 in java.io.File android.app.ContextImpl.getDatabasesDir() for 199ms
04-30 01:16:48.916  5130  5130 I perfetto:  probes_producer.cc:396 Producer stop (id=1030)
04-30 01:16:48.916  5130  5130 I perfetto:  probes_producer.cc:396 Producer stop (id=1031)
04-30 01:16:48.957 14322 14322 I perfetto:    perfetto_cmd.cc:1124 Trace written into the output file
04-30 01:16:48.966  5131  5131 I perfetto: ng_service_impl.cc:2426 Tracing session 258 ended, total sessions:0
04-30 01:16:49.038 13581 13815 I AppMetrica-Attribution: Choosing distribution data: ClidsInfo(chosen=Candidate(clids=null, source=APP), candidates=[Candidate(clids=null, source=APP)])
04-30 01:16:49.095  5429  5483 I SearchManagerService: updateSearchables
04-30 01:16:49.099 13611 13611 I Launcher.Model: isValidStateInKnoxMode:false user:UserHandle{0}
04-30 01:16:49.099 13611 13611 I Launcher.Model: package changed received : ru.mail.cloud
04-30 01:16:49.100 13611 13723 I PackageUpdatedTask: mAllAppsList.updatePackage ru.mail.cloud
04-30 01:16:49.150 30902 31671 I SHEALTH#TodayDataManager: SKIP, not initialized.
04-30 01:16:49.162 13611 13723 I AppIconSolution: getThemeIconWithBG called with public API, pkg = ru.mail.cloud, mode = 48
04-30 01:16:49.163 13611 13723 I AppIconSolution: return adaptive icon for ru.mail.cloud, isNight = true
04-30 01:16:49.167 13611 13723 I LauncherActivityInfo: packageName: ru.mail.cloud, useThemeIcon: false, height: 288, width: 288, density: 640
04-30 01:16:49.198 13611 13723 I HsAllAppsList: set ComponentInfo{ru.mail.cloud/ru.mail.cloud.ui.views.MainActivity} app progress level to 100
04-30 01:16:49.207 13611 13723 I WidgetsModel: EasyModeWidget will be excluded on WidgetList.
04-30 01:16:49.214  5429  5751 D NetdEventListenerService: DNS Requested by : 128, 10309
04-30 01:16:49.216 13611 13723 I AppIconSolution: return adaptive icon for ru.mail.cloud, isNight = true
04-30 01:16:49.226  5429  8514 D PackageManager: setEnabledSetting : userId = 0 packageName = com.whatsapp cmp = androidx.work.impl.background.systemjob.SystemJobService newState = 1 callingPackage = 10278/com.whatsapp
04-30 01:16:49.229  5429  8514 D ApplicationPolicy: getApplicationStateEnabled : pkg = com.whatsapp userId : 0
04-30 01:16:49.229  5429  8514 D ApplicationPolicy: getApplicationComponentState : pkg = com.whatsapp userId : 0
04-30 01:16:49.231 14427 14513 I CapsuleProvider_1.0.23: releasing initialize wait lock.
04-30 01:16:49.235 13090 14419 D WM-PackageManagerHelper: androidx.work.impl.background.systemjob.SystemJobService enabled
04-30 01:16:49.236 13090 14419 D WM-Schedulers: Created SystemJobScheduler and enabled SystemJobService
04-30 01:16:49.248 13090 14507 E SQLiteLog: (1) duplicate column name: mute_reactions in "ALTER TABLE settings ADD mute_reactions INTEGER"
04-30 01:16:49.249 13611 13723 I PackageUpdatedTask: modified, appInfo : AppInfo(id=178 type=APP hidden=0 container=all_apps screen=0 rank=21 rankOfList=-1 user=UserHandle{0} title=Cloud Mail.ru componentName=ComponentInfo{ru.mail.cloud/ru.mail.cloud.ui.views.MainActivity} screenType=0 runtimeStatusFlags=384 status=0)
04-30 01:16:49.254 13611 13723 I AppsModelWriter: updateItems(start) : needToNormalize = true
04-30 01:16:49.254 13611 13723 I AppsModelWriter: updateItems(start) > needToBind = true
04-30 01:16:49.256 13611 13723 I AppsModelWriter: updateItems(start)> 0, 178, 0, -102, 0, 21, UserHandle{0}, 0, Cloud Mail.ru, -1, -1
04-30 01:16:49.262 13611 13723 I AppsModelWriter: normalizeVisibleItems : [matched = true] col = 5, raw : 6
04-30 01:16:49.266 13611 13723 I AppsModelWriter: normalizeVisibleItems(visibleItems)> 0, 46, 2, -102, 0, 0, UserHandle{0}, 0, Google, -1, -1
04-30 01:16:49.266 13611 13723 I AppsModelWriter: normalizeVisibleItems(visibleItems)> 0, 36, 2, -102, 0, 1, UserHandle{0}, 0, Samsung, -1, -1
04-30 01:16:49.266 13611 13723 I AppsModelWriter: normalizeVisibleItems(visibleItems)> 0, 160, 0, -102, 0, 2, UserHandle{0}, 0, 3D Calculator, -1, -1
04-30 01:16:49.266 13611 13723 I AppsModelWriter: normalizeVisibleItems(visibleItems)> 0, 202, 0, -102, 0, 3, UserHandle{0}, 0, Adobe Acrobat, -1, -1
04-30 01:16:49.266 13611 13723 I AppsModelWriter: normalizeVisibleItems(visibleItems)> 0, 176, 0, -102, 0, 4, UserHandle{0}, 0, App Center, -1, -1
04-30 01:16:49.266 13611 13723 I AppsModelWriter: normalizeVisibleItems(visibleItems)> 0, 250, 0, -102, 0, 5, UserHandle{0}, 0, AR Zone, -1, -1
04-30 01:16:49.266 13611 13723 I AppsModelWriter: normalizeVisibleItems(visibleItems)> 0, 161, 0, -102, 0, 6, UserHandle{0}, 0, Assistant, -1, -1
04-30 01:16:49.266 13611 13723 I AppsModelWriter: normalizeVisibleItems(visibleItems)> 0, 180, 0, -102, 0, 7, UserHandle{0}, 0, Authenticator, -1, -1
04-30 01:16:49.266 13611 13723 I AppsModelWriter: normalizeVisibleItems(visibleItems)> 0, 249, 0, -102, 0, 8, UserHandle{0}, 0, Benchmark, -1, -1
04-30 01:16:49.266 13611 13723 I AppsModelWriter: normalizeVisibleItems(visibleItems)> 0, 270, 0, -102, 0, 9, UserHandle{0}, 0, BeoGRADSKI prevoz, -1, -1
04-30 01:16:49.266 13611 13723 I AppsModelWriter: normalizeVisibleItems(visibleItems)> 0, 277, 0, -102, 0, 10, UserHandle{0}, 0, Bing, -1, -1
04-30 01:16:49.266 13611 13723 I AppsModelWriter: normalizeVisibleItems(visibleItems)> 0, 111, 0, -102, 0, 11, UserHandle{0}, 0, Browser, -1, -1
04-30 01:16:49.266 13611 13723 I AppsModelWriter: normalizeVisibleItems(visibleItems)> 0, 93, 0, -102, 0, 12, UserHandle{0}, 0, Calculator, -1, -1
04-30 01:16:49.266 13611 13723 I AppsModelWriter: normalizeVisibleItems(visibleItems)> 0, 158, 0, -102, 0, 13, UserHandle{0}, 0, Calculator, -1, -1
04-30 01:16:49.266 13611 13723 I AppsModelWriter: normalizeVisibleItems(visibleItems)> 0, 74, 0, -102, 0, 14, UserHandle{0}, 0, Calendar, -1, -1
04-30 01:16:49.266 13611 13723 I AppsModelWriter: normalizeVisibleItems(visibleItems)> 0, 224, 0, -102, 0, 15, UserHandle{0}, 0, Calendar, -1, -1
04-30 01:16:49.266 13611 13723 I AppsModelWriter: normalizeVisibleItems(visibleItems)> 0, 69, 0, -102, 0, 16, UserHandle{0}, 0, Camera, -1, -1
04-30 01:16:49.266 13611 13723 I AppsModelWriter: normalizeVisibleItems(visibleItems)> 0, 204, 0, -102, 0, 17, UserHandle{0}, 0, Canon Print Service, -1, -1
04-30 01:16:49.266 13611 13723 I AppsModelWriter: normalizeVisibleItems(visibleItems)> 0, 236, 0, -102, 0, 18, UserHandle{0}, 0, CAR:GO, -1, -1
04-30 01:16:49.266 13611 13723 I AppsModelWriter: normalizeVisibleItems(visibleItems)> 0, 116, 0, -102, 0, 19, UserHandle{0}, 0, CDE ITMO, -1, -1
04-30 01:16:49.266 13611 13723 I AppsModelWriter: normalizeVisibleItems(visibleItems)> 0, 71, 0, -102, 0, 20, UserHandle{0}, 0, Clock, -1, -1
04-30 01:16:49.266 13611 13723 I AppsModelWriter: normalizeVisibleItems(visibleItems)> 0, 178, 0, -102, 0, 21, UserHandle{0}, 0, Cloud Mail.ru, -1, -1
04-30 01:16:49.266 13611 13723 I AppsModelWriter: normalizeVisibleItems(visibleItems)> 0, 72, 0, -102, 0, 22, UserHandle{0}, 0, Contacts, -1, -1
04-30 01:16:49.266 13611 13723 I AppsModelWriter: normalizeVisibleItems(visibleItems)> 0, 195, 0, -102, 0, 23, UserHandle{0}, 0, Contacts, -1, -1
04-30 01:16:49.266 13611 13723 I AppsModelWriter: normalizeVisibleItems(visibleItems)> 0, 151, 0, -102, 0, 24, UserHandle{0}, 0, Cxxdroid, -1, -1
04-30 01:16:49.266 13611 13723 I AppsModelWriter: normalizeVisibleItems(visibleItems)> 0, 193, 0, -102, 0, 25, UserHandle{0}, 0, Dcoder, -1, -1
04-30 01:16:49.267 13611 13723 I AppsModelWriter: normalizeVisibleItems(visibleItems)> 0, 266, 0, -102, 0, 26, UserHandle{0}, 0, Digital Wellbeing, -1, -1
04-30 01:16:49.267 13611 13723 I AppsModelWriter: normalizeVisibleItems(visibleItems)> 0, 118, 0, -102, 0, 27, UserHandle{0}, 0, Discord, -1, -1
04-30 01:16:49.267 13611 13723 I AppsModelWriter: normalizeVisibleItems(visibleItems)> 0, 171, 0, -102, 0, 28, UserHandle{0}, 0, Docs, -1, -1
04-30 01:16:49.267 13611 13723 I AppsModelWriter: normalizeVisibleItems(visibleItems)> 0, 268, 0, -102, 0, 29, UserHandle{0}, 0, DontKillMyApp, -1, -1
04-30 01:16:49.267 13611 13723 I AppsModelWriter: normalizeVisibleItems(visibleItems)> 0, 86, 0, -102, 1, 0, UserHandle{0}, 0, Drive, -1, -1
04-30 01:16:49.267 13611 13723 I AppsModelWriter: normalizeVisibleItems(visibleItems)> 0, 166, 0, -102, 1, 1, UserHandle{0}, 0, DuckDuckGo, -1, -1
04-30 01:16:49.267 13611 13723 I AppsModelWriter: normalizeVisibleItems(visibleItems)> 0, 253, 0, -102, 1, 2, UserHandle{0}, 0, Duolingo, -1, -1
04-30 01:16:49.267 13611 13723 I AppsModelWriter: normalizeVisibleItems(visibleItems)> 0, 279, 0, -102, 1, 3, UserHandle{0}, 0, Durak, -1, -1
04-30 01:16:49.267 13611 13723 I AppsModelWriter: normalizeVisibleItems(visibleItems)> 0, 174, 0, -102, 1, 4, UserHandle{0}, 0, Excel, -1, -1
04-30 01:16:49.267 13611 13723 I AppsModelWriter: normalizeVisibleItems(visibleItems)> 0, 196, 0, -102, 1, 5, UserHandle{0}, 0, Files, -1, -1
04-30 01:16:49.267 13611 13723 I AppsModelWriter: normalizeVisibleItems(visibleItems)> 0, 145, 0, -102, 1, 6, UserHandle{0}, 0, Firefox, -1, -1
04-30 01:16:49.267 13611 13723 I AppsModelWriter: normalizeVisibleItems(visibleItems)> 0, 264, 0, -102, 1, 7, UserHandle{0}, 0, Flipd, -1, -1
04-30 01:16:49.267 13611 13723 I AppsModelWriter: normalizeVisibleItems(visibleItems)> 0, 263, 0, -102, 1, 8, UserHandle{0}, 0, Forest, -1, -1
04-30 01:16:49.267 13611 13723 I AppsModelWriter: normalizeVisibleItems(visibleItems)> 0, 63, 0, -102, 1, 9, UserHandle{0}, 0, Galaxy Store, -1, -1
04-30 01:16:49.267 13611 13723 I AppsModelWriter: normalizeVisibleItems(visibleItems)> 0, 94, 0, -102, 1, 10, UserHandle{0}, 0, Galaxy Wearable, -1, -1
04-30 01:16:49.267 13611 13723 I AppsModelWriter: normalizeVisibleItems(visibleItems)> 0, 70, 0, -102, 1, 11, UserHandle{0}, 0, Gallery, -1, -1
04-30 01:16:49.267 13611 13723 I AppsModelWriter: normalizeVisibleItems(visibleItems)> 0, 78, 0, -102, 1, 12, UserHandle{0}, 0, Game Launcher, -1, -1
04-30 01:16:49.267 13611 13723 I AppsModelWriter: normalizeVisibleItems(visibleItems)> 0, 239, 0, -102, 1, 13, UserHandle{0}, 0, Game Plugins, -1, -1
04-30 01:16:49.267 13611 13723 I AppsModelWriter: normalizeVisibleItems(visibleItems)> 0, 280, 0, -102, 1, 14, UserHandle{0}, 0, Games, -1, -1
04-30 01:16:49.267 13611 13723 I AppsModelWriter: normalizeVisibleItems(visibleItems)> 0, 198, 0, -102, 1, 15, UserHandle{0}, 0, Gboard, -1, -1
04-30 01:16:49.267 13611 13723 I AppsModelWriter: normalizeVisibleItems(visibleItems)> 0, 173, 0, -102, 1, 16, UserHandle{0}, 0, GitHub, -1, -1
04-30 01:16:49.267 13611 13723 I AppsModelWriter: normalizeVisibleItems(visibleItems)> 0, 209, 0, -102, 1, 17, UserHandle{0}, 0, Glovo, -1, -1
04-30 01:16:49.267 13611 13723 I AppsModelWriter: normalizeVisibleItems(visibleItems)> 0, 153, 0, -102, 1, 18, UserHandle{0}, 0, Google Japanese Input, -1, -1
04-30 01:16:49.267 13611 13723 I AppsModelWriter: normalizeVisibleItems(visibleItems)> 0, 281, 0, -102, 1, 19, UserHandle{0}, 0, Grammarly, -1, -1
04-30 01:16:49.267 13611 13723 I AppsModelWriter: normalizeVisibleItems(visibleItems)> 0, 181, 0, -102, 1, 20, UserHandle{0}, 0, Graphing Calc, -1, -1
04-30 01:16:49.267 13611 13723 I AppsModelWriter: normalizeVisibleItems(visibleItems)> 0, 165, 0, -102, 1, 21, UserHandle{0}, 0, HiPER Scientific Calculator, -1, -1
04-30 01:16:49.267 13611 13723 I AppsModelWriter: normalizeVisibleItems(visibleItems)> 0, 274, 0, -102, 1, 22, UserHandle{0}, 0, Instagram, -1, -1
04-30 01:16:49.267 13611 13723 I AppsModelWriter: normalizeVisibleItems(visibleItems)> 0, 235, 0, -102, 1, 23, UserHandle{0}, 0, KAlgebra, -1, -1
04-30 01:16:49.267 13611 13723 I AppsModelWriter: normalizeVisibleItems(visibleItems)> 0, 139, 0, -102, 1, 24, UserHandle{0}, 0, Kaspersky, -1, -1
04-30 01:16:49.267 13611 13723 I AppsModelWriter: normalizeVisibleItems(visibleItems)> 0, 234, 0, -102, 1, 25, UserHandle{0}, 0, KDE Connect, -1, -1
04-30 01:16:49.267 13611 13723 I AppsModelWriter: normalizeVisibleItems(visibleItems)> 0, 120, 0, -102, 1, 26, UserHandle{0}, 0, Keep notes, -1, -1
04-30 01:16:49.267 13611 13723 I AppsModelWriter: normalizeVisibleItems(visibleItems)> 0, 244, 0, -102, 1, 27, UserHandle{0}, 0, Knowledge, -1, -1
04-30 01:16:49.267 13611 13723 I AppsModelWriter: normalizeVisibleItems(visibleItems)> 0, 228, 0, -102, 1, 28, UserHandle{0}, 0, Lens, -1, -1
04-30 01:16:49.267 13611 13723 I AppsModelWriter: normalizeVisibleItems(visibleItems)> 0, 255, 0, -102, 1, 29, UserHandle{0}, 0, LinkedIn, -1, -1
04-30 01:16:49.267 13611 13723 I AppsModelWriter: normalizeVisibleItems(visibleItems)> 0, 84, 0, -102, 2, 0, UserHandle{0}, 0, Mail, -1, -1
04-30 01:16:49.267 13611 13723 I AppsModelWriter: normalizeVisibleItems(visibleItems)> 0, 117, 0, -102, 2, 1, UserHandle{0}, 0, Mail, -1, -1
04-30 01:16:49.267 13611 13723 I AppsModelWriter: normalizeVisibleItems(visibleItems)> 0, 125, 0, -102, 2, 2, UserHandle{0}, 0, Maps, -1, -1
04-30 01:16:49.268 13611 13723 I AppsModelWriter: normalizeVisibleItems(visibleItems)> 0, 203, 0, -102, 2, 3, UserHandle{0}, 0, meduza, -1, -1
04-30 01:16:49.268 13611 13723 I AppsModelWriter: normalizeVisibleItems(visibleItems)> 0, 218, 0, -102, 2, 4, UserHandle{0}, 0, Meet, -1, -1
04-30 01:16:49.268 13611 13723 I AppsModelWriter: normalizeVisibleItems(visibleItems)> 0, 254, 0, -102, 2, 5, UserHandle{0}, 0, Meet (original), -1, -1
04-30 01:16:49.268 13611 13723 I AppsModelWriter: normalizeVisibleItems(visibleItems)> 0, 276, 0, -102, 2, 6, UserHandle{0}, 0, MegaFonPRO, -1, -1
04-30 01:16:49.268 13611 13723 I AppsModelWriter: normalizeVisibleItems(visibleItems)> 0, 68, 0, -102, 2, 7, UserHandle{0}, 0, Messages, -1, -1
04-30 01:16:49.268 13611 13723 I AppsModelWriter: normalizeVisibleItems(visibleItems)> 0, 103, 0, -102, 2, 8, UserHandle{0}, 0, Microsoft 365 (Office), -1, -1
04-30 01:16:49.268 13611 13723 I AppsModelWriter: normalizeVisibleItems(visibleItems)> 0, 159, 0, -102, 2, 9, UserHandle{0}, 0, Microsoft Launcher, -1, -1
04-30 01:16:49.268 13611 13723 I AppsModelWriter: normalizeVisibleItems(visibleItems)> 0, 261, 0, -102, 2, 10, UserHandle{0}, 0, Moj Maxi, -1, -1
04-30 01:16:49.268 13611 13723 I AppsModelWriter: normalizeVisibleItems(visibleItems)> 0, 252, 0, -102, 2, 11, UserHandle{0}, 0, Moja mBanka, -1, -1
04-30 01:16:49.268 13611 13723 I AppsModelWriter: normalizeVisibleItems(visibleItems)> 0, 233, 0, -102, 2, 12, UserHandle{0}, 0, Moodle, -1, -1
04-30 01:16:49.268 13611 13723 I AppsModelWriter: normalizeVisibleItems(visibleItems)> 0, 258, 0, -102, 2, 13, UserHandle{0}, 0, Moovit, -1, -1
04-30 01:16:49.268 13611 13723 I AppsModelWriter: normalizeVisibleItems(visibleItems)> 0, 275, 0, -102, 2, 14, UserHandle{0}, 0, Music, -1, -1
04-30 01:16:49.268 13611 13723 I AppsModelWriter: normalizeVisibleItems(visibleItems)> 0, 169, 0, -102, 2, 15, UserHandle{0}, 0, my.itmo, -1, -1
04-30 01:16:49.268 13611 13723 I AppsModelWriter: normalizeVisibleItems(visibleItems)> 0, 197, 0, -102, 2, 16, UserHandle{0}, 0, Natural Scientific Calculator, -1, -1
04-30 01:16:49.268 13611 13723 I AppsModelWriter: normalizeVisibleItems(visibleItems)> 0, 260, 0, -102, 2, 17, UserHandle{0}, 0, Notion, -1, -1
04-30 01:16:49.268 13611 13723 I AppsModelWriter: normalizeVisibleItems(visibleItems)> 0, 251, 0, -102, 2, 18, UserHandle{0}, 0, Omnics, -1, -1
04-30 01:16:49.268 13611 13723 I AppsModelWriter: normalizeVisibleItems(visibleItems)> 0, 58, 0, -102, 2, 19, UserHandle{0}, 0, OneDrive, -1, -1
04-30 01:16:49.268 13611 13723 I AppsModelWriter: normalizeVisibleItems(visibleItems)> 0, 149, 0, -102, 2, 20, UserHandle{0}, 0, OONI Probe, -1, -1
04-30 01:16:49.268 13611 13723 I AppsModelWriter: normalizeVisibleItems(visibleItems)> 0, 179, 0, -102, 2, 21, UserHandle{0}, 0, Orbot, -1, -1
04-30 01:16:49.268 13611 13723 I AppsModelWriter: normalizeVisibleItems(visibleItems)> 0, 146, 0, -102, 2, 22, UserHandle{0}, 0, PaintCAD, -1, -1
04-30 01:16:49.268 13611 13723 I AppsModelWriter: normalizeVisibleItems(visibleItems)> 0, 67, 0, -102, 2, 23, UserHandle{0}, 0, Phone, -1, -1
04-30 01:16:49.268 13611 13723 I AppsModelWriter: normalizeVisibleItems(visibleItems)> 0, 219, 0, -102, 2, 24, UserHandle{0}, 0, PhoneAccount Abuse Detector, -1, -1
04-30 01:16:49.268 13611 13723 I AppsModelWriter: normalizeVisibleItems(visibleItems)> 0, 177, 0, -102, 2, 25, UserHandle{0}, 0, Photomath, -1, -1
04-30 01:16:49.268 13611 13723 I AppsModelWriter: normalizeVisibleItems(visibleItems)> 0, 92, 0, -102, 2, 26, UserHandle{0}, 0, Photos, -1, -1
04-30 01:16:49.268 13611 13723 I AppsModelWriter: normalizeVisibleItems(visibleItems)> 0, 132, 0, -102, 2, 27, UserHandle{0}, 0, PhotoScan, -1, -1
04-30 01:16:49.268 13611 13723 I AppsModelWriter: normalizeVisibleItems(visibleItems)> 0, 242, 0, -102, 2, 28, UserHandle{0}, 0, Play Games, -1, -1
04-30 01:16:49.268 13611 13723 I AppsModelWriter: normalizeVisibleItems(visibleItems)> 0, 192, 0, -102, 2, 29, UserHandle{0}, 0, Play Music, -1, -1
04-30 01:16:49.268 13611 13723 I AppsModelWriter: normalizeVisibleItems(visibleItems)> 0, 61, 0, -102, 3, 0, UserHandle{0}, 0, Play Store, -1, -1
04-30 01:16:49.268 13611 13723 I AppsModelWriter: normalizeVisibleItems(visibleItems)> 0, 227, 0, -102, 3, 1, UserHandle{0}, 0, Proton VPN, -1, -1
04-30 01:16:49.268 13611 13723 I AppsModelWriter: normalizeVisibleItems(visibleItems)> 0, 200, 0, -102, 3, 2, UserHandle{0}, 0, Psiphon Pro, -1, -1
04-30 01:16:49.268 13611 13723 I AppsModelWriter: normalizeVisibleItems(visibleItems)> 0, 147, 0, -102, 3, 3, UserHandle{0}, 0, Pydroid 3, -1, -1
04-30 01:16:49.268 13611 13723 I AppsModelWriter: normalizeVisibleItems(visibleItems)> 0, 124, 0, -102, 3, 4, UserHandle{0}, 0, QuickEdit, -1, -1
04-30 01:16:49.268 13611 13723 I AppsModelWriter: normalizeVisibleItems(visibleItems)> 0, 232, 0, -102, 3, 5, UserHandle{0}, 0, Quip, -1, -1
04-30 01:16:49.268 13611 13723 I AppsModelWriter: normalizeVisibleItems(visibleItems)> 0, 221, 0, -102, 3, 6, UserHandle{0}, 0, RaiPay, -1, -1
04-30 01:16:49.268 13611 13723 I AppsModelWriter: normalizeVisibleItems(visibleItems)> 0, 128, 0, -102, 3, 7, UserHandle{0}, 0, RAR, -1, -1
04-30 01:16:49.268 13611 13723 I AppsModelWriter: normalizeVisibleItems(visibleItems)> 0, 245, 0, -102, 3, 8, UserHandle{0}, 0, Reddit, -1, -1
04-30 01:16:49.269 13611 13723 I AppsModelWriter: normalizeVisibleItems(visibleItems)> 0, 96, 0, -102, 3, 9, UserHandle{0}, 0, Samsung Health, -1, -1
04-30 01:16:49.269 13611 13723 I AppsModelWriter: normalizeVisibleItems(visibleItems)> 0, 99, 0, -102, 3, 10, UserHandle{0}, 0, Samsung Members, -1, -1
04-30 01:16:49.269 13611 13723 I AppsModelWriter: normalizeVisibleItems(visibleItems)> 0, 100, 0, -102, 3, 11, UserHandle{0}, 0, Samsung Notes, -1, -1
04-30 01:16:49.269 13611 13723 I AppsModelWriter: normalizeVisibleItems(visibleItems)> 0, 205, 0, -102, 3, 12, UserHandle{0}, 0, ScreenshotGo, -1, -1
04-30 01:16:49.269 13611 13723 I AppsModelWriter: normalizeVisibleItems(visibleItems)> 0, 73, 0, -102, 3, 13, UserHandle{0}, 0, Settings, -1, -1
04-30 01:16:49.269 13611 13723 I AppsModelWriter: normalizeVisibleItems(visibleItems)> 0, 143, 0, -102, 3, 14, UserHandle{0}, 0, Shazam, -1, -1
04-30 01:16:49.269 13611 13723 I AppsModelWriter: normalizeVisibleItems(visibleItems)> 0, 112, 0, -102, 3, 15, UserHandle{0}, 0, Sheets, -1, -1
04-30 01:16:49.269 13611 13723 I AppsModelWriter: normalizeVisibleItems(visibleItems)> 0, 183, 0, -102, 3, 16, UserHandle{0}, 0, Skype, -1, -1
04-30 01:16:49.269 13611 13723 I AppsModelWriter: normalizeVisibleItems(visibleItems)> 0, 170, 0, -102, 3, 17, UserHandle{0}, 0, Slack, -1, -1
04-30 01:16:49.269 13611 13723 I AppsModelWriter: normalizeVisibleItems(visibleItems)> 0, 135, 0, -102, 3, 18, UserHandle{0}, 0, Slides, -1, -1
04-30 01:16:49.269 13611 13723 I AppsModelWriter: normalizeVisibleItems(visibleItems)> 0, 216, 0, -102, 3, 19, UserHandle{0}, 0, Smart Tutor, -1, -1
04-30 01:16:49.269 13611 13723 I AppsModelWriter: normalizeVisibleItems(visibleItems)> 0, 241, 0, -102, 3, 20, UserHandle{0}, 0, Space, -1, -1
04-30 01:16:49.269 13611 13723 I AppsModelWriter: normalizeVisibleItems(visibleItems)> 0, 265, 0, -102, 3, 21, UserHandle{0}, 0, SPACE, -1, -1
04-30 01:16:49.269 13611 13723 I AppsModelWriter: normalizeVisibleItems(visibleItems)> 0, 136, 0, -102, 3, 22, UserHandle{0}, 0, Speedtest, -1, -1
04-30 01:16:49.269 13611 13723 I AppsModelWriter: normalizeVisibleItems(visibleItems)> 0, 237, 0, -102, 3, 23, UserHandle{0}, 0, Splitwise, -1, -1
04-30 01:16:49.269 13611 13723 I AppsModelWriter: normalizeVisibleItems(visibleItems)> 0, 278, 0, -102, 3, 24, UserHandle{0}, 0, Srbija voz, -1, -1
04-30 01:16:49.269 13611 13723 I AppsModelWriter: normalizeVisibleItems(visibleItems)> 0, 109, 0, -102, 3, 25, UserHandle{0}, 0, Stepik, -1, -1
04-30 01:16:49.269 13611 13723 I AppsModelWriter: normalizeVisibleItems(visibleItems)> 0, 122, 0, -102, 3, 26, UserHandle{0}, 0, Tasks, -1, -1
04-30 01:16:49.269 13611 13723 I AppsModelWriter: normalizeVisibleItems(visibleItems)> 0, 267, 0, -102, 3, 27, UserHandle{0}, 0, TeamCityApp, -1, -1
04-30 01:16:49.269 13611 13723 I AppsModelWriter: normalizeVisibleItems(visibleItems)> 0, 223, 0, -102, 3, 28, UserHandle{0}, 0, Teams, -1, -1
04-30 01:16:49.269 13611 13723 I AppsModelWriter: normalizeVisibleItems(visibleItems)> 0, 108, 0, -102, 3, 29, UserHandle{0}, 0, Telegram, -1, -1
04-30 01:16:49.269 13611 13723 I AppsModelWriter: normalizeVisibleItems(visibleItems)> 0, 256, 0, -102, 4, 0, UserHandle{0}, 0, Telemost, -1, -1
04-30 01:16:49.269 13611 13723 I AppsModelWriter: normalizeVisibleItems(visibleItems)> 0, 126, 0, -102, 4, 1, UserHandle{0}, 0, Termux, -1, -1
04-30 01:16:49.269 13611 13723 I AppsModelWriter: normalizeVisibleItems(visibleItems)> 0, 175, 0, -102, 4, 2, UserHandle{0}, 0, Termux Tutorial, -1, -1
04-30 01:16:49.269 13611 13723 I AppsModelWriter: normalizeVisibleItems(visibleItems)> 0, 247, 0, -102, 4, 3, UserHandle{0}, 0, Tinkoff, -1, -1
04-30 01:16:49.269 13611 13723 I AppsModelWriter: normalizeVisibleItems(visibleItems)> 0, 105, 0, -102, 4, 4, UserHandle{0}, 0, Tips, -1, -1
04-30 01:16:49.269 13611 13723 I AppsModelWriter: normalizeVisibleItems(visibleItems)> 0, 243, 0, -102, 4, 5, UserHandle{0}, 0, To Do, -1, -1
04-30 01:16:49.269 13611 13723 I AppsModelWriter: normalizeVisibleItems(visibleItems)> 0, 121, 0, -102, 4, 6, UserHandle{0}, 0, Translate, -1, -1
04-30 01:16:49.269 13611 13723 I AppsModelWriter: normalizeVisibleItems(visibleItems)> 0, 163, 0, -102, 4, 7, UserHandle{0}, 0, Translate, -1, -1
04-30 01:16:49.269 13611 13723 I AppsModelWriter: normalizeVisibleItems(visibleItems)> 0, 199, 0, -102, 4, 8, UserHandle{0}, 0, Twitch, -1, -1
04-30 01:16:49.269 13611 13723 I AppsModelWriter: normalizeVisibleItems(visibleItems)> 0, 248, 0, -102, 4, 9, UserHandle{0}, 0, Twitter, -1, -1
04-30 01:16:49.269 13611 13723 I AppsModelWriter: normalizeVisibleItems(visibleItems)> 0, 283, 0, -102, 4, 10, UserHandle{0}, 0, Urban VPN, -1, -1
04-30 01:16:49.269 13611 13723 I AppsModelWriter: normalizeVisibleItems(visibleItems)> 0, 110, 0, -102, 4, 11, UserHandle{0}, 0, VK, -1, -1
04-30 01:16:49.269 13611 13723 I AppsModelWriter: normalizeVisibleItems(visibleItems)> 0, 102, 0, -102, 4, 12, UserHandle{0}, 0, Voice Recorder, -1, -1
04-30 01:16:49.269 13611 13723 I AppsModelWriter: normalizeVisibleItems(visibleItems)> 0, 210, 0, -102, 4, 13, UserHandle{0}, 0, Wallet, -1, -1
04-30 01:16:49.269 13611 13723 I AppsModelWriter: normalizeVisibleItems(visibleItems)> 0, 119, 0, -102, 4, 14, UserHandle{0}, 0, WhatsApp, -1, -1
04-30 01:16:49.269 13611 13723 I AppsModelWriter: normalizeVisibleItems(visibleItems)> 0, 231, 0, -102, 4, 15, UserHandle{0}, 0, WiFiAnalyzer, -1, -1
04-30 01:16:49.270 13611 13723 I AppsModelWriter: normalizeVisibleItems(visibleItems)> 0, 156, 0, -102, 4, 16, UserHandle{0}, 0, Wolfram Alpha, -1, -1
04-30 01:16:49.270 13611 13723 I AppsModelWriter: normalizeVisibleItems(visibleItems)> 0, 214, 0, -102, 4, 17, UserHandle{0}, 0, Wolt, -1, -1
04-30 01:16:49.270 13611 13723 I AppsModelWriter: normalizeVisibleItems(visibleItems)> 0, 140, 0, -102, 4, 18, UserHandle{0}, 0, Word, -1, -1
04-30 01:16:49.270 13611 13723 I AppsModelWriter: normalizeVisibleItems(visibleItems)> 0, 262, 0, -102, 4, 19, UserHandle{0}, 0, Xiaomi Home, -1, -1
04-30 01:16:49.270 13611 13723 I AppsModelWriter: normalizeVisibleItems(visibleItems)> 0, 185, 0, -102, 4, 20, UserHandle{0}, 0, Y.Weather, -1, -1
04-30 01:16:49.270 13611 13723 I AppsModelWriter: normalizeVisibleItems(visibleItems)> 0, 150, 0, -102, 4, 21, UserHandle{0}, 0, YandexDisk, -1, -1
04-30 01:16:49.270 13611 13723 I AppsModelWriter: normalizeVisibleItems(visibleItems)> 0, 208, 0, -102, 4, 22, UserHandle{0}, 0, Yandex Metro, -1, -1
04-30 01:16:49.270 13611 13723 I AppsModelWriter: normalizeVisibleItems(visibleItems)> 0, 152, 0, -102, 4, 23, UserHandle{0}, 0, Yandex Navi, -1, -1
04-30 01:16:49.270 13611 13723 I AppsModelWriter: normalizeVisibleItems(visibleItems)> 0, 83, 0, -102, 4, 24, UserHandle{0}, 0, Yandex Start, -1, -1
04-30 01:16:49.270 13611 13723 I AppsModelWriter: normalizeVisibleItems(visibleItems)> 0, 188, 0, -102, 4, 25, UserHandle{0}, 0, YandexGo, -1, -1
04-30 01:16:49.270 13611 13723 I AppsModelWriter: normalizeVisibleItems(visibleItems)> 0, 211, 0, -102, 4, 26, UserHandle{0}, 0, Yettel, -1, -1
04-30 01:16:49.270 13611 13723 I AppsModelWriter: normalizeVisibleItems(visibleItems)> 0, 230, 0, -102, 4, 27, UserHandle{0}, 0, YouTrack, -1, -1
04-30 01:16:49.270 13611 13723 I AppsModelWriter: normalizeVisibleItems(visibleItems)> 0, 215, 0, -102, 4, 28, UserHandle{0}, 0, Zoom, -1, -1
04-30 01:16:49.270 13611 13723 I AppsModelWriter: normalizeVisibleItems(visibleItems)> 0, 206, 0, -102, 4, 29, UserHandle{0}, 0, , -1, -1
04-30 01:16:49.270 13611 13723 I AppsModelWriter: normalizeVisibleItems(visibleItems)> 0, 222, 0, -102, 5, 0, UserHandle{0}, 0, , -1, -1
04-30 01:16:49.270 13611 13723 I AppsModelWriter: normalizeVisibleItems(visibleItems)> 0, 212, 0, -102, 5, 1, UserHandle{0}, 0, , -1, -1
04-30 01:16:49.270 13611 13723 I AppsModelWriter: normalizeVisibleItems(visibleItems)> 0, 246, 0, -102, 5, 2, UserHandle{0}, 0, ., -1, -1
04-30 01:16:49.270 13611 13723 I AppsModelWriter: normalizeVisibleItems(visibleItems)> 0, 85, 0, -102, 5, 3, UserHandle{0}, 0, , -1, -1
04-30 01:16:49.270 13611 13723 I AppsModelWriter: normalizeVisibleItems(visibleItems)> 0, 138, 0, -102, 5, 4, UserHandle{0}, 0, , -1, -1
04-30 01:16:49.270 13611 13723 I AppsModelWriter: normalizeVisibleItems(visibleItems)> 0, 207, 0, -102, 5, 5, UserHandle{0}, 0,  Tele2, -1, -1
04-30 01:16:49.270 13611 13723 I AppsModelWriter: normalizeVisibleItems(visibleItems)> 0, 213, 0, -102, 5, 6, UserHandle{0}, 0,  , -1, -1
04-30 01:16:49.270 13611 13723 I AppsModelWriter: normalizeVisibleItems(visibleItems)> 0, 168, 0, -102, 5, 7, UserHandle{0}, 0, , -1, -1
04-30 01:16:49.270 13611 13723 I AppsModelWriter: normalizeVisibleItems(visibleItems)> 0, 273, 0, -102, 5, 8, UserHandle{0}, 0,  , -1, -1
04-30 01:16:49.270 13611 13723 I AppsModelWriter: normalizeVisibleItems(visibleItems)> 0, 127, 0, -102, 5, 9, UserHandle{0}, 0,  , -1, -1
04-30 01:16:49.284  5429  8528 D PackageManager: setEnabledSetting : userId = 0 packageName = com.google.android.gm cmp = com.google.android.apps.dynamite.DynamiteDeepLinkMultiple newState = 2 callingPackage = 10242/com.google.android.gm
04-30 01:16:49.288  9200  9200 D BoundBrokerSvc: onUnbind: Intent { act=com.google.android.gms.phenotype.service.START dat=chimera-action:/... cmp=com.google.android.gms/.chimera.PersistentApiService }
04-30 01:16:49.311  5429  8528 D PackageManager: setEnabledSetting : userId = 0 packageName = com.google.android.gm cmp = com.google.android.apps.dynamite.features.hub.navigation.PeopleActivity newState = 1 callingPackage = 10242/com.google.android.gm
04-30 01:16:49.312  5429  8528 D ApplicationPolicy: getApplicationStateEnabled : pkg = com.google.android.gm userId : 0
04-30 01:16:49.312 12235 12258 D Benchmark: Waiting 500 ms for [ProcessPid(processName=perfetto, pid=14322)] to die
04-30 01:16:49.319 13611 13723 I AppsModelWriter: updateItems(end) : updateItem> 0, 178, 0, -102, 0, 21, UserHandle{0}, 0, Cloud Mail.ru, -1, -1
04-30 01:16:49.320 13611 13611 I AppsModelWriter: bindAppsItems() - visibleAddItems : 0, visibleUpdateItems : 1, removeItems : 0
04-30 01:16:49.320 13611 13723 I PostPositionOperator: addAllItems() - All
04-30 01:16:49.322 13611 13723 I PostPositionOperator: addItem() - , isWidgetOnly : false
04-30 01:16:49.329  5429  5751 D NetdEventListenerService: DNS Requested by : 128, 10309
04-30 01:16:49.329 13611 13611 I Launcher.AppsContainerView: bindAppsUpdates() => add: 0, update: 1, remove: 0
04-30 01:16:49.334 13611 13611 I Launcher.AppsPageDelegate: updateItemToNewPosition = title : Samsung, rank : 1, screenId : 0, user: UserHandle{0}, screenType: 0, pos: 1, screen: 0
04-30 01:16:49.335 13611 13611 I Launcher.AppsPageDelegate: updateItemToNewPosition = title : Google, rank : 0, screenId : 0, user: UserHandle{0}, screenType: 0, pos: 0, screen: 0
04-30 01:16:49.336 13611 13611 I Launcher.AppsPageDelegate: updateItemToNewPosition = title : Camera, rank : 16, screenId : 0, user: UserHandle{0}, screenType: 0, pos: 16, screen: 0
04-30 01:16:49.336 13611 13611 I Launcher.AppsPageDelegate: updateItemToNewPosition = title : Clock, rank : 20, screenId : 0, user: UserHandle{0}, screenType: 0, pos: 20, screen: 0
04-30 01:16:49.336 13611 13611 I Launcher.AppsPageDelegate: updateItemToNewPosition = title : Contacts, rank : 22, screenId : 0, user: UserHandle{0}, screenType: 0, pos: 22, screen: 0
04-30 01:16:49.336 13611 13611 I Launcher.AppsPageDelegate: updateItemToNewPosition = title : Calendar, rank : 14, screenId : 0, user: UserHandle{0}, screenType: 0, pos: 14, screen: 0
04-30 01:16:49.336 13611 13611 I Launcher.AppsPageDelegate: updateItemToNewPosition = title : Calculator, rank : 12, screenId : 0, user: UserHandle{0}, screenType: 0, pos: 12, screen: 0
04-30 01:16:49.336 13611 13611 I Launcher.AppsPageDelegate: updateItemToNewPosition = title : Browser, rank : 11, screenId : 0, user: UserHandle{0}, screenType: 0, pos: 11, screen: 0
04-30 01:16:49.336 13611 13611 I Launcher.AppsPageDelegate: updateItemToNewPosition = title : CDE ITMO, rank : 19, screenId : 0, user: UserHandle{0}, screenType: 0, pos: 19, screen: 0
04-30 01:16:49.336 13611 13611 I Launcher.AppsPageDelegate: updateItemToNewPosition = title : Discord, rank : 27, screenId : 0, user: UserHandle{0}, screenType: 0, pos: 27, screen: 0
04-30 01:16:49.336 13611 13611 I Launcher.AppsPageDelegate: updateItemToNewPosition = title : Cxxdroid, rank : 24, screenId : 0, user: UserHandle{0}, screenType: 0, pos: 24, screen: 0
04-30 01:16:49.336 13611 13611 I Launcher.AppsPageDelegate: updateItemToNewPosition = title : Calculator, rank : 13, screenId : 0, user: UserHandle{0}, screenType: 0, pos: 13, screen: 0
04-30 01:16:49.336 13611 13611 I Launcher.AppsPageDelegate: updateItemToNewPosition = title : 3D Calculator, rank : 2, screenId : 0, user: UserHandle{0}, screenType: 0, pos: 2, screen: 0
04-30 01:16:49.336 13611 13611 I Launcher.AppsPageDelegate: updateItemToNewPosition = title : Assistant, rank : 6, screenId : 0, user: UserHandle{0}, screenType: 0, pos: 6, screen: 0
04-30 01:16:49.336 13611 13611 I Launcher.AppsPageDelegate: updateItemToNewPosition = title : Docs, rank : 28, screenId : 0, user: UserHandle{0}, screenType: 0, pos: 28, screen: 0
04-30 01:16:49.336 13611 13611 I Launcher.AppsPageDelegate: updateItemToNewPosition = title : App Center, rank : 4, screenId : 0, user: UserHandle{0}, screenType: 0, pos: 4, screen: 0
04-30 01:16:49.337 13611 13611 I Launcher.AppsPageDelegate: updateItemToNewPosition = title : Cloud Mail.ru, rank : 21, screenId : 0, user: UserHandle{0}, screenType: 0, pos: 21, screen: 0
04-30 01:16:49.337 13611 13611 I Launcher.AppsPageDelegate: updateItemToNewPosition = title : Authenticator, rank : 7, screenId : 0, user: UserHandle{0}, screenType: 0, pos: 7, screen: 0
04-30 01:16:49.337 13611 13611 I Launcher.AppsPageDelegate: updateItemToNewPosition = title : Dcoder, rank : 25, screenId : 0, user: UserHandle{0}, screenType: 0, pos: 25, screen: 0
04-30 01:16:49.337 13611 13611 I Launcher.AppsPageDelegate: updateItemToNewPosition = title : Contacts, rank : 23, screenId : 0, user: UserHandle{0}, screenType: 0, pos: 23, screen: 0
04-30 01:16:49.337 13611 13611 I Launcher.AppsPageDelegate: updateItemToNewPosition = title : Adobe Acrobat, rank : 3, screenId : 0, user: UserHandle{0}, screenType: 0, pos: 3, screen: 0
04-30 01:16:49.337 13611 13611 I Launcher.AppsPageDelegate: updateItemToNewPosition = title : Canon Print Service, rank : 17, screenId : 0, user: UserHandle{0}, screenType: 0, pos: 17, screen: 0
04-30 01:16:49.337 13611 13611 I Launcher.AppsPageDelegate: updateItemToNewPosition = title : Calendar, rank : 15, screenId : 0, user: UserHandle{0}, screenType: 0, pos: 15, screen: 0
04-30 01:16:49.337 13611 13611 I Launcher.AppsPageDelegate: updateItemToNewPosition = title : CAR:GO, rank : 18, screenId : 0, user: UserHandle{0}, screenType: 0, pos: 18, screen: 0
04-30 01:16:49.337 13611 13611 I Launcher.AppsPageDelegate: updateItemToNewPosition = title : Benchmark, rank : 8, screenId : 0, user: UserHandle{0}, screenType: 0, pos: 8, screen: 0
04-30 01:16:49.337 13611 13611 I Launcher.AppsPageDelegate: updateItemToNewPosition = title : AR Zone, rank : 5, screenId : 0, user: UserHandle{0}, screenType: 0, pos: 5, screen: 0
04-30 01:16:49.337 13611 13611 I Launcher.AppsPageDelegate: updateItemToNewPosition = title : Digital Wellbeing, rank : 26, screenId : 0, user: UserHandle{0}, screenType: 0, pos: 26, screen: 0
04-30 01:16:49.338 13611 13611 I Launcher.AppsPageDelegate: updateItemToNewPosition = title : DontKillMyApp, rank : 29, screenId : 0, user: UserHandle{0}, screenType: 0, pos: 29, screen: 0
04-30 01:16:49.338 13611 13611 I Launcher.AppsPageDelegate: updateItemToNewPosition = title : BeoGRADSKI prevoz, rank : 9, screenId : 0, user: UserHandle{0}, screenType: 0, pos: 9, screen: 0
04-30 01:16:49.338 13611 13611 I Launcher.AppsPageDelegate: updateItemToNewPosition = title : Bing, rank : 10, screenId : 0, user: UserHandle{0}, screenType: 0, pos: 10, screen: 0
04-30 01:16:49.338 13611 13611 I Launcher.AppsPageDelegate: updateItemToNewPosition = title : Galaxy Store, rank : 9, screenId : 1, user: UserHandle{0}, screenType: 0, pos: 9, screen: 1
04-30 01:16:49.338 13611 13611 I Launcher.AppsPageDelegate: updateItemToNewPosition = title : Gallery, rank : 11, screenId : 1, user: UserHandle{0}, screenType: 0, pos: 11, screen: 1
04-30 01:16:49.338 13611 13611 I Launcher.AppsPageDelegate: updateItemToNewPosition = title : Game Launcher, rank : 12, screenId : 1, user: UserHandle{0}, screenType: 0, pos: 12, screen: 1
04-30 01:16:49.338 13611 13611 I Launcher.AppsPageDelegate: updateItemToNewPosition = title : Drive, rank : 0, screenId : 1, user: UserHandle{0}, screenType: 0, pos: 0, screen: 1
04-30 01:16:49.338 13611 13611 I Launcher.AppsPageDelegate: updateItemToNewPosition = title : Galaxy Wearable, rank : 10, screenId : 1, user: UserHandle{0}, screenType: 0, pos: 10, screen: 1
04-30 01:16:49.338 13611 13611 I Launcher.AppsPageDelegate: updateItemToNewPosition = title : Keep notes, rank : 26, screenId : 1, user: UserHandle{0}, screenType: 0, pos: 26, screen: 1
04-30 01:16:49.338 13611 13611 I Launcher.AppsPageDelegate: updateItemToNewPosition = title : Kaspersky, rank : 24, screenId : 1, user: UserHandle{0}, screenType: 0, pos: 24, screen: 1
04-30 01:16:49.338 13611 13611 I Launcher.AppsPageDelegate: updateItemToNewPosition = title : Firefox, rank : 6, screenId : 1, user: UserHandle{0}, screenType: 0, pos: 6, screen: 1
04-30 01:16:49.338 13611 13611 I Launcher.AppsPageDelegate: updateItemToNewPosition = title : Google Japanese Input, rank : 18, screenId : 1, user: UserHandle{0}, screenType: 0, pos: 18, screen: 1
04-30 01:16:49.338 14427 14427 W oid.app.myfiles: Long monitor contention with owner Thread-4 (14516) at android.content.SharedPreferences android.app.ContextImpl.getSharedPreferences(java.lang.String, int)(ContextImpl.java:576) waiters=1 in android.content.SharedPreferences android.app.ContextImpl.getSharedPreferences(java.lang.String, int) for 665ms
04-30 01:16:49.338 13611 13611 I Launcher.AppsPageDelegate: updateItemToNewPosition = title : HiPER Scientific Calculator, rank : 21, screenId : 1, user: UserHandle{0}, screenType: 0, pos: 21, screen: 1
04-30 01:16:49.338 13611 13611 I Launcher.AppsPageDelegate: updateItemToNewPosition = title : DuckDuckGo, rank : 1, screenId : 1, user: UserHandle{0}, screenType: 0, pos: 1, screen: 1
04-30 01:16:49.338 13611 13611 I Launcher.AppsPageDelegate: updateItemToNewPosition = title : GitHub, rank : 16, screenId : 1, user: UserHandle{0}, screenType: 0, pos: 16, screen: 1
04-30 01:16:49.338 13611 13611 I Launcher.AppsPageDelegate: updateItemToNewPosition = title : Excel, rank : 4, screenId : 1, user: UserHandle{0}, screenType: 0, pos: 4, screen: 1
04-30 01:16:49.338 13611 13611 I Launcher.AppsPageDelegate: updateItemToNewPosition = title : Graphing Calc, rank : 20, screenId : 1, user: UserHandle{0}, screenType: 0, pos: 20, screen: 1
04-30 01:16:49.338 13611 13611 I Launcher.AppsPageDelegate: updateItemToNewPosition = title : Files, rank : 5, screenId : 1, user: UserHandle{0}, screenType: 0, pos: 5, screen: 1
04-30 01:16:49.338 13611 13611 I Launcher.AppsPageDelegate: updateItemToNewPosition = title : Gboard, rank : 15, screenId : 1, user: UserHandle{0}, screenType: 0, pos: 15, screen: 1
04-30 01:16:49.338 13611 13611 I Launcher.AppsPageDelegate: updateItemToNewPosition = title : Glovo, rank : 17, screenId : 1, user: UserHandle{0}, screenType: 0, pos: 17, screen: 1
04-30 01:16:49.339 13611 13611 I Launcher.AppsPageDelegate: updateItemToNewPosition = title : Lens, rank : 28, screenId : 1, user: UserHandle{0}, screenType: 0, pos: 28, screen: 1
04-30 01:16:49.339 13611 13611 I Launcher.AppsPageDelegate: updateItemToNewPosition = title : KDE Connect, rank : 25, screenId : 1, user: UserHandle{0}, screenType: 0, pos: 25, screen: 1
04-30 01:16:49.339 13611 13611 I Launcher.AppsPageDelegate: updateItemToNewPosition = title : KAlgebra, rank : 23, screenId : 1, user: UserHandle{0}, screenType: 0, pos: 23, screen: 1
04-30 01:16:49.339 13611 13611 I Launcher.AppsPageDelegate: updateItemToNewPosition = title : Game Plugins, rank : 13, screenId : 1, user: UserHandle{0}, screenType: 0, pos: 13, screen: 1
04-30 01:16:49.339 13611 13611 I Launcher.AppsPageDelegate: updateItemToNewPosition = title : Knowledge, rank : 27, screenId : 1, user: UserHandle{0}, screenType: 0, pos: 27, screen: 1
04-30 01:16:49.339 13611 13611 I Launcher.AppsPageDelegate: updateItemToNewPosition = title : Duolingo, rank : 2, screenId : 1, user: UserHandle{0}, screenType: 0, pos: 2, screen: 1
04-30 01:16:49.339 13611 13611 I Launcher.AppsPageDelegate: updateItemToNewPosition = title : Forest, rank : 8, screenId : 1, user: UserHandle{0}, screenType: 0, pos: 8, screen: 1
04-30 01:16:49.339 13611 13611 I Launcher.AppsPageDelegate: updateItemToNewPosition = title : Flipd, rank : 7, screenId : 1, user: UserHandle{0}, screenType: 0, pos: 7, screen: 1
04-30 01:16:49.339 13611 13611 I Launcher.AppsPageDelegate: updateItemToNewPosition = title : Instagram, rank : 22, screenId : 1, user: UserHandle{0}, screenType: 0, pos: 22, screen: 1
04-30 01:16:49.339 13611 13611 I Launcher.AppsPageDelegate: updateItemToNewPosition = title : Durak, rank : 3, screenId : 1, user: UserHandle{0}, screenType: 0, pos: 3, screen: 1
04-30 01:16:49.339 13611 13611 I Launcher.AppsPageDelegate: updateItemToNewPosition = title : Games, rank : 14, screenId : 1, user: UserHandle{0}, screenType: 0, pos: 14, screen: 1
04-30 01:16:49.339 13611 13611 I Launcher.AppsPageDelegate: updateItemToNewPosition = title : Grammarly, rank : 19, screenId : 1, user: UserHandle{0}, screenType: 0, pos: 19, screen: 1
04-30 01:16:49.339 13611 13611 I Launcher.AppsPageDelegate: updateItemToNewPosition = title : LinkedIn, rank : 29, screenId : 1, user: UserHandle{0}, screenType: 0, pos: 29, screen: 1
04-30 01:16:49.339 13611 13611 I Launcher.AppsPageDelegate: updateItemToNewPosition = title : OneDrive, rank : 19, screenId : 2, user: UserHandle{0}, screenType: 0, pos: 19, screen: 2
04-30 01:16:49.339 13611 13611 I Launcher.AppsPageDelegate: updateItemToNewPosition = title : Phone, rank : 23, screenId : 2, user: UserHandle{0}, screenType: 0, pos: 23, screen: 2
04-30 01:16:49.339 13611 13611 I Launcher.AppsPageDelegate: updateItemToNewPosition = title : Messages, rank : 7, screenId : 2, user: UserHandle{0}, screenType: 0, pos: 7, screen: 2
04-30 01:16:49.339 13611 13611 I Launcher.AppsPageDelegate: updateItemToNewPosition = title : Mail, rank : 0, screenId : 2, user: UserHandle{0}, screenType: 0, pos: 0, screen: 2
04-30 01:16:49.339 13611 13611 I Launcher.AppsPageDelegate: updateItemToNewPosition = title : Photos, rank : 26, screenId : 2, user: UserHandle{0}, screenType: 0, pos: 26, screen: 2
