04-19 16:03:25.013 17564 17585 I TestRunner: started: baselineFloat(org.jetbrains.android_benchmark.Wolf3dBenchmark)
04-19 16:03:25.016 17564 17564 I MonitoringInstr: Activities that are still in CREATED to STOPPED: 1
04-19 16:03:25.017 17564 17564 I MonitoringInstr: Finishing activity: androidx.benchmark.IsolationActivity@f5684be
04-19 16:03:25.019 23109 23362 I NetworkScheduler.Stats: Task com.google.android.gms/com.google.android.gms.ipa.base.IpaGcmTaskService started execution. cause:9 exec_start_elapsed_seconds: 346050 [CONTEXT service_id=218 ]
04-19 16:03:25.024 23109 23362 I NetworkScheduler.Stats: Task com.google.android.gms/com.google.android.gms.ipa.base.IpaGcmTaskService finished executing. cause:9 result: 1 elapsed_millis: 71 uptime_millis: 72 exec_start_elapsed_seconds: 346050 [CONTEXT service_id=218 ]
04-19 16:03:25.024 23109 23109 D BoundBrokerSvc: onBind: Intent { act=com.google.android.gms.scheduler.ACTION_PROXY_SCHEDULE dat=chimera-action:/... cmp=com.google.android.gms/.chimera.PersistentApiService }
04-19 16:03:25.025 23109 23109 D BoundBrokerSvc: Loading bound service for intent: Intent { act=com.google.android.gms.scheduler.ACTION_PROXY_SCHEDULE dat=chimera-action:/... cmp=com.google.android.gms/.chimera.PersistentApiService }
04-19 16:03:25.025 17564 17585 I GrantPermissionCallable: Permission: android.permission.WRITE_EXTERNAL_STORAGE is already granted!
04-19 16:03:25.026 17564 17585 I GrantPermissionCallable: Permission: android.permission.READ_EXTERNAL_STORAGE is already granted!
04-19 16:03:25.026 17564 17585 D Benchmark: -- Running org.jetbrains.android_benchmark.Wolf3dBenchmark#baselineFloat --
04-19 16:03:25.026 17564 17585 D PerfettoCapture: Supported ABIs: arm64-v8a, armeabi-v7a, armeabi
04-19 16:03:25.026 17564 17585 D PerfettoCapture: Recording perfetto trace
04-19 16:03:25.063 17564 17585 I PerfettoCapture: Cleanup perfetto before starting.
04-19 16:03:25.264 17564 17585 I PerfettoCapture: Perfetto output file cleanup -
04-19 16:03:25.264 17564 17585 I PerfettoCapture: Starting perfetto tracing with cmd: cat /storage/emulated/0/Android/data/org.jetbrains.android_benchmark.test/cache/trace_config.pb | perfetto --background -c - -o /data/misc/perfetto-traces/trace_output.pb
04-19 16:03:25.437 23615 23615 I perfetto:    perfetto_cmd.cc:1001 Connected to the Perfetto traced service, starting tracing
04-19 16:03:25.439  5406  5406 I perfetto: ing_service_impl.cc:953 Configured tracing session 195, #sources:4, duration:0 ms, #buffers:2, total buffer size:36864 KB, total sessions:1, uid:2000 session name: ""
04-19 16:03:25.441  5403  5403 I perfetto:  probes_producer.cc:139 Ftrace setup (target_buf=389)
04-19 16:03:25.442  5628  9811 D SemWifiUsabilityStatsMonitor: onWifiUsabilityStats - seqNum 36170, isSameBssidAndFreq true
04-19 16:03:25.445  5628  8422 I SemWifiLinkQualityMonitor: Link Qos Query: 0.020 ms / 391.762 Mbps (433 / 0.000 / 1.105)
04-19 16:03:25.447  8513  8513 D NetworkController.WifiSignalController: notifyListener: visible=true, connected=true, inetCondition=1, isDefault=true, wifiTestReported=true, receivedInetCondition=-1, hideDuringMobileSwitching=false
04-19 16:03:25.448  8513  8599 D Tile.WifiTile: handleUpdateState isTransient=false transientEnabling =false cb.isTransient=false state.state = 2 mStateBeforeClick.value =false enabled =true
04-19 16:03:25.483 17564 17585 I PerfettoCapture: Perfetto output - 23615
04-19 16:03:25.483 17564 17585 I PerfettoCapture: EXITCODE=0
04-19 16:03:25.500  4378  4378 I hwservicemanager: getTransport: Cannot find entry android.hardware.atrace@1.0::IAtraceDevice/default in either framework or device VINTF manifest.
04-19 16:03:25.523  5628  5714 W libprocessgroup: Failed to open /dev/blkio//cgroup.procs: No such file or directory
04-19 16:03:25.526  5403  5403 I perfetto:    ftrace_procfs.cc:335 enabled ftrace in /sys/kernel/tracing/
04-19 16:03:25.540 22993 22993 I SCS@AiSearch user 0: (ObserverWorker::AOSP_MP) [main] entering in startWork():
04-19 16:03:25.541 22993 22993 I SCS@AiSearch user 0: (BaseCollector::AOSP_MP) [main] entering in onChange():
04-19 16:03:25.549 22993 23043 I SCS@AiSearch user 0: (BaseCollector::AOSP_MP) [AOSP_MP-0] entering in collectChanges():
04-19 16:03:25.555  5628  5992 D PackageManager: setEnabledSetting : userId = 0 packageName = com.samsung.android.scs cmp = androidx.work.impl.background.systemalarm.RescheduleReceiver newState = 1 callingPackage = 10380/com.samsung.android.scs
04-19 16:03:25.557  5628  5992 D ApplicationPolicy: getApplicationStateEnabled : pkg = com.samsung.android.scs userId : 0
04-19 16:03:25.558  5628  5992 D ApplicationPolicy: getApplicationComponentState : pkg = com.samsung.android.scs userId : 0
04-19 16:03:25.600 17564 17585 I PerfettoCapture: Perfetto tracing started successfully with pid 23615.
04-19 16:03:25.632 22993 23043 I SCS@AiSearch user 0: (BaseCollector::AOSP_MP) fetchInternal values : maxSyncId: 1000007868 indexCount: 1709 sourceCount: 1709
04-19 16:03:25.670 17564 17585 I PerfettoCapture: /sys/kernel/tracing/tracing_on = 1, polled 0 times, capture fully started
04-19 16:03:25.672 17564 17585 D Benchmark: Set 17585 (Bench thread) to priority -20. Was -8, now -20
04-19 16:03:25.672 17564 17585 D Benchmark: Set 17572 (Jit) to priority -15. Was 9, now -15
04-19 16:03:25.686 22993 23043 I SCS@AiSearch user 0: (IndexManager) [AOSP_MP-0] entering in addIndex():
04-19 16:03:25.694 22993 23043 I SCS@AiSearch user 0: (BaseCollector::AOSP_MP) fetch: fetching took  93 ms
04-19 16:03:25.694 22993 23043 I SCS@AiSearch user 0: (BaseCollector::AOSP_MP) fetchChanges: applied 0 items
04-19 16:03:25.695 22993 23043 I SCS@AiSearch user 0: (BaseCollector::AOSP_MP) Collect finished. Result: true
04-19 16:03:25.698 22993 23018 I WM-WorkerWrapper: Worker result SUCCESS for Work [ id=5647938a-f496-496a-a363-1935b050b861, tags={ com.sec.android.app.myfiles, com.samsung.android.scs.ai.search.data.collector.ObserverWorker } ]
04-19 16:03:25.703 22993 23043 I SCS@AiSearch user 0: (BaseCollector::AOSP_MP) enqueue ObserverWorker name: com.sec.android.app.myfiles, policy: APPEND_OR_REPLACE
04-19 16:03:25.704 17564 17585 I _benchmark.test: Explicit concurrent copying GC freed 11073(846KB) AllocSpace objects, 1(20KB) LOS objects, 67% free, 2905KB/9049KB, paused 247us,117us total 32.215ms
04-19 16:03:25.755 30407 30407 I ResourceOverlayService_0: waitAndQuit called
04-19 16:03:25.759 30407 30407 I ResourceOverlayService_0: activity user id 0 process id 0
04-19 16:03:25.767  5628  5992 D PackageManager: setEnabledSetting : userId = 0 packageName = com.samsung.android.scs cmp = androidx.work.impl.background.systemalarm.RescheduleReceiver newState = 1 callingPackage = 10380/com.samsung.android.scs
04-19 16:03:25.769  5628  5992 D ApplicationPolicy: getApplicationStateEnabled : pkg = com.samsung.android.scs userId : 0
04-19 16:03:25.770  5628  5992 D ApplicationPolicy: getApplicationComponentState : pkg = com.samsung.android.scs userId : 0
04-19 16:03:25.837  5628  8480 D SyncManager: userId - 0 auto - true
04-19 16:03:25.857  5628  5714 W libprocessgroup: Failed to open /dev/blkio//cgroup.procs: No such file or directory
04-19 16:03:25.883  5628  8480 D SyncManager: userId - 0 auto - true
04-19 16:03:25.904  5250  5250 D Zygote  : Forked child process 23637
04-19 16:03:25.930  5628  8445 D WifiConnectivityMonitor: start WCM Poll.
04-19 16:03:25.946 23637 23637 I .android.scloud: Using CollectorTypeCC GC.
04-19 16:03:25.948  5628  5714 W libprocessgroup: Failed to open /dev/blkio//cgroup.procs: No such file or directory
04-19 16:03:25.955 23637 23637 E .android.scloud: Not starting debugger since process cannot load the jdwp agent.
04-19 16:03:25.970 23637 23637 W libc    : Access denied finding property "sys.perf.boostopt"
04-19 16:03:25.972 23637 23649 W libc    : Access denied finding property "sys.perf.boostopt"
04-19 16:03:25.972  5224  5224 E audit   : type=1400 audit(1681913005.965:103264): avc:  denied  { read } for  pid=23637 comm=".android.scloud" name="u:object_r:perf_prop:s0" dev="tmpfs" ino=16829 scontext=u:r:platform_app:s0:c512,c768 tcontext=u:object_r:perf_prop:s0 tclass=file permissive=0 SEPF_SM-A515F_13_0001 audit_filtered
04-19 16:03:25.972  5224  5224 E audit   : type=1300 audit(1681913005.965:103264): arch=c00000b7 syscall=56 success=no exit=-13 a0=ffffff9c a1=7ffbc769b8 a2=88000 a3=0 items=0 ppid=5250 pid=23637 auid=4294967295 uid=5009 gid=5009 euid=5009 suid=5009 fsuid=5009 egid=5009 sgid=5009 fsgid=5009 tty=(none) ses=4294967295 comm=".android.scloud" exe="/system/bin/app_process64" subj=u:r:platform_app:s0:c512,c768 key=(null)
04-19 16:03:25.972  5224  5224 E audit   : type=1327 audit(1681913005.965:103264): proctitle="zygote64"
04-19 16:03:25.972  5224  5224 E audit   : type=1400 audit(1681913005.965:103265): avc:  denied  { read } for  pid=23637 comm="binder:23637_1" name="u:object_r:perf_prop:s0" dev="tmpfs" ino=16829 scontext=u:r:platform_app:s0:c512,c768 tcontext=u:object_r:perf_prop:s0 tclass=file permissive=0 SEPF_SM-A515F_13_0001 audit_filtered
04-19 16:03:25.976 23637 23637 D ActivityThread: setConscryptValidator
04-19 16:03:25.976 23637 23637 D ActivityThread: setConscryptValidator - put
04-19 16:03:26.006 23637 23637 D CompatibilityChangeReporter: Compat change id reported: 171979766; UID 5009; state: ENABLED
04-19 16:03:26.025  7170  7440 I ContactsProvider_EventLog: cp_s: [CONTACT con(156) dat(1077) acc({sim(3)=15, sec(6)=1, sim2(4)=1, google(2)=81, com.whatsapp(14)=39, org.telegram.messenger(232)=99}) calls([logtype:100 cnt:867, logtype:200 cnt:5, logtype:300 cnt:495, logtype:1000 cnt:604, logtype:1150 cnt:161]) Iso(RS) uId(0) ]
04-19 16:03:26.025  7170  7440 I ContactsProvider_EventLog: cp_s: [ agr({[2 ,14 ,232]=32, [3]=15, [14]=1, [4]=1, [2 ,14]=4, [2 ,2]=2, [2 ,2 ,14 ,232]=1, [2]=33, [6 ,14]=1, [2 ,232]=6, [232]=60}) ]
04-19 16:03:26.025  7170  7440 I ContactsProvider_EventLog: cp_s: [ cnt({com.samsung.android.calendar(21481)=22, com.whatsapp(23409)=1, scs(22993)=1, acore(7170)=1}) ]
04-19 16:03:26.025  7170  7440 I ContactsProvider_EventLog: cp_s: [PROFILE con(1) dat(1) acc({vnd.sec.contact.phone=1}) ] [SAPROFILE ]
04-19 16:03:26.025  7170  7440 I ContactsProvider_EventLog: cp_s: [STATE R(T) ]
04-19 16:03:26.037 22295 23650 W DynamiteModule: Local module descriptor class for com.google.android.gms.providerinstaller.dynamite not found.
04-19 16:03:26.047 23109 23129 W ProviderHelper: Unknown dynamite feature providerinstaller.dynamite
04-19 16:03:26.054 22295 23650 W ProviderInstaller: Failed to load providerinstaller module: No acceptable module com.google.android.gms.providerinstaller.dynamite found. Local version is 0 and remote version is 0.
04-19 16:03:26.102 22295 23650 D nativeloader: Configuring classloader-namespace for other apk /system/framework/com.android.media.remotedisplay.jar. target_sdk_version=33, uses_libraries=ALL, library_path=/data/app/~~fupSe7mT3TYRtpByrpi4GQ==/com.google.android.gms-bmnvTG7hLJarQuEcM9Lr_Q==/lib/arm64:/data/app/~~fupSe7mT3TYRtpByrpi4GQ==/com.google.android.gms-bmnvTG7hLJarQuEcM9Lr_Q==/base.apk!/lib/arm64-v8a, permitted_path=/data:/mnt/expand:/data/user/0/com.google.android.gms
04-19 16:03:26.103 22295 23650 D nativeloader: Extending system_exposed_libraries: libhumantracking.arcsoft.so:libPortraitDistortionCorrection.arcsoft.so:libPortraitDistortionCorrectionCali.arcsoft.so:libface_landmark.arcsoft.so:libFacialStickerEngine.arcsoft.so:libveengine.arcsoft.so:liblow_light_hdr.arcsoft.so:libhigh_dynamic_range.arcsoft.so:libFacialAttributeDetection.arcsoft.so:libBeauty_v4.camera.samsung.so:libexifa.camera.samsung.so:libjpega.camera.samsung.so:libOpenCv.camera.samsung.so:libImageScreener.camera.samsung.so:libMyFilter.camera.samsung.so:libtensorflowLite.myfilter.camera.samsung.so:libtensorflowlite_inference_api.myfilter.camera.samsung.so:libEventFinder.camera.samsung.so:libHIDTSnapJNI.camera.samsung.so:libSmartScan.camera.samsung.so:libRectify.camera.samsung.so:libDocRectifyWrapper.camera.samsung.so:libUltraWideDistortionCorrection.camera.samsung.so:libHpr_RecGAE_cvFeature_v1.0.camera.samsung.so:libHprFace_GAE_api.camera.samsung.so:libFace_Landmark_API.camera.samsung.so:libHprFace_GAE_jni.camera.samsung.so:libFacialBasedSelfieCorrec
04-19 16:03:26.117 22295 23650 D nativeloader: Configuring classloader-namespace for other apk /system/framework/com.android.location.provider.jar. target_sdk_version=33, uses_libraries=ALL, library_path=/data/app/~~fupSe7mT3TYRtpByrpi4GQ==/com.google.android.gms-bmnvTG7hLJarQuEcM9Lr_Q==/lib/arm64:/data/app/~~fupSe7mT3TYRtpByrpi4GQ==/com.google.android.gms-bmnvTG7hLJarQuEcM9Lr_Q==/base.apk!/lib/arm64-v8a, permitted_path=/data:/mnt/expand:/data/user/0/com.google.android.gms
04-19 16:03:26.117 22295 23650 D nativeloader: Extending system_exposed_libraries: libhumantracking.arcsoft.so:libPortraitDistortionCorrection.arcsoft.so:libPortraitDistortionCorrectionCali.arcsoft.so:libface_landmark.arcsoft.so:libFacialStickerEngine.arcsoft.so:libveengine.arcsoft.so:liblow_light_hdr.arcsoft.so:libhigh_dynamic_range.arcsoft.so:libFacialAttributeDetection.arcsoft.so:libBeauty_v4.camera.samsung.so:libexifa.camera.samsung.so:libjpega.camera.samsung.so:libOpenCv.camera.samsung.so:libImageScreener.camera.samsung.so:libMyFilter.camera.samsung.so:libtensorflowLite.myfilter.camera.samsung.so:libtensorflowlite_inference_api.myfilter.camera.samsung.so:libEventFinder.camera.samsung.so:libHIDTSnapJNI.camera.samsung.so:libSmartScan.camera.samsung.so:libRectify.camera.samsung.so:libDocRectifyWrapper.camera.samsung.so:libUltraWideDistortionCorrection.camera.samsung.so:libHpr_RecGAE_cvFeature_v1.0.camera.samsung.so:libHprFace_GAE_api.camera.samsung.so:libFace_Landmark_API.camera.samsung.so:libHprFace_GAE_jni.camera.samsung.so:libFacialBasedSelfieCorrec
04-19 16:03:26.124 22295 23650 W ziparchive: Unable to open '/system_ext/framework/org.carconnectivity.android.digitalkey.timesync.dm': No such file or directory
04-19 16:03:26.124 22295 23650 W ziparchive: Unable to open '/system_ext/framework/org.carconnectivity.android.digitalkey.timesync.dm': No such file or directory
04-19 16:03:26.131 22295 23650 D nativeloader: Configuring classloader-namespace for other apk /system_ext/framework/org.carconnectivity.android.digitalkey.timesync.jar. target_sdk_version=33, uses_libraries=ALL, library_path=/data/app/~~fupSe7mT3TYRtpByrpi4GQ==/com.google.android.gms-bmnvTG7hLJarQuEcM9Lr_Q==/lib/arm64:/data/app/~~fupSe7mT3TYRtpByrpi4GQ==/com.google.android.gms-bmnvTG7hLJarQuEcM9Lr_Q==/base.apk!/lib/arm64-v8a, permitted_path=/data:/mnt/expand:/data/user/0/com.google.android.gms
04-19 16:03:26.131 22295 23650 D nativeloader: Extending system_exposed_libraries: libhumantracking.arcsoft.so:libPortraitDistortionCorrection.arcsoft.so:libPortraitDistortionCorrectionCali.arcsoft.so:libface_landmark.arcsoft.so:libFacialStickerEngine.arcsoft.so:libveengine.arcsoft.so:liblow_light_hdr.arcsoft.so:libhigh_dynamic_range.arcsoft.so:libFacialAttributeDetection.arcsoft.so:libBeauty_v4.camera.samsung.so:libexifa.camera.samsung.so:libjpega.camera.samsung.so:libOpenCv.camera.samsung.so:libImageScreener.camera.samsung.so:libMyFilter.camera.samsung.so:libtensorflowLite.myfilter.camera.samsung.so:libtensorflowlite_inference_api.myfilter.camera.samsung.so:libEventFinder.camera.samsung.so:libHIDTSnapJNI.camera.samsung.so:libSmartScan.camera.samsung.so:libRectify.camera.samsung.so:libDocRectifyWrapper.camera.samsung.so:libUltraWideDistortionCorrection.camera.samsung.so:libHpr_RecGAE_cvFeature_v1.0.camera.samsung.so:libHprFace_GAE_api.camera.samsung.so:libFace_Landmark_API.camera.samsung.so:libHprFace_GAE_jni.camera.samsung.so:libFacialBasedSelfieCorrec
04-19 16:03:26.165 22295 23650 D nativeloader: Configuring classloader-namespace for other apk /data/app/~~fupSe7mT3TYRtpByrpi4GQ==/com.google.android.gms-bmnvTG7hLJarQuEcM9Lr_Q==/base.apk. target_sdk_version=33, uses_libraries=, library_path=/data/app/~~fupSe7mT3TYRtpByrpi4GQ==/com.google.android.gms-bmnvTG7hLJarQuEcM9Lr_Q==/lib/arm64:/data/app/~~fupSe7mT3TYRtpByrpi4GQ==/com.google.android.gms-bmnvTG7hLJarQuEcM9Lr_Q==/base.apk!/lib/arm64-v8a, permitted_path=/data:/mnt/expand:/data/user/0/com.google.android.gms
04-19 16:03:26.187 23637 23637 I [SC]FeatureManager: byod mode enabled: false
04-19 16:03:26.196 23637 23637 I [SC]FeatureManager: FeatureManager ,[SEC_FLOATING_FEATURE_SAMSUNGCLOUD_ENABLE_SETTING_MENU]:true
04-19 16:03:26.196 23637 23637 I [SC]FeatureManager: [SEC_FLOATING_FEATURE_SAMSUNGCLOUD_SUPPORT_CONTENT_SYNC]bln true
04-19 16:03:26.196 23637 23637 I [SC]FeatureManager: [SEC_FLOATING_FEATURE_GALLERY_CONFIG_IMAGE_TAGGER_VERSION]str "V519"
04-19 16:03:26.196 23637 23637 I [SC]FeatureManager: [SEC_FLOATING_FEATURE_SAMSUNGCLOUD_ENABLE_SETTING_MENU]bln true
04-19 16:03:26.229 23637 23637 I [SC]MediaProxyProvider: onCreate()
04-19 16:03:26.239 23637 23637 I [SC]MediaMigration: migrationCloudAgentSetting() need to migrate : false0
04-19 16:03:26.248 23637 23637 I [SC]DataStoreProvider: onCreate() is called
04-19 16:03:26.257 23637 23637 I [SC]DeviceUtil: hasSepLiteSignature: false
04-19 16:03:26.264 23637 23637 I [SC]CustomIndexablesSearchProvider: secQueryGetFingerprint: 530507000en_GB
04-19 16:03:26.268 23637 23637 I CapsuleProvider_1.0.23: onCreate
04-19 16:03:26.271 23637 23637 I [SC]RPCSyncProviderPublic: onCreate
04-19 16:03:26.272 23637 23637 I [SC]RPCSyncProvider: onCreate
04-19 16:03:26.287 23637 23637 I [SC][Scsp]: initialize
04-19 16:03:26.287 23637 23637 I [SC]SamsungCloudApp: onCreate - start.
04-19 16:03:26.290 23637 23637 I DIAGMON_SDK[605036]: DiagMonAgent type: 2
04-19 16:03:26.297 23637 23637 I DIAGMON_SDK[605036][026-399-529756] : generated SR object
04-19 16:03:26.309 23637 23637 I [SC]SamsungCloudApp: time elapsed to initialize ExceptionFilterInitializer: 0
04-19 16:03:26.312 23637 23637 I [SC]SamsungCloudApp: time elapsed to initialize ContextInitializer: 3
04-19 16:03:26.317 22295 23650 V NativeCrypto: Registering com/google/android/gms/org/conscrypt/NativeCrypto's 295 native methods...
04-19 16:03:26.323 23637 23671 I [SC]DeviceUtil: hasSepLiteSignature: false
04-19 16:03:26.353 23637 23683 I [SC]LinkContextProvider: call : LOAD_CONTEXT
04-19 16:03:26.362 23637 23637 I [SC]SyncAccountRecoveryManager: onAppCreated
04-19 16:03:26.372 23637 23683 I [SC][AUTH]AuthUtil: getAuthData
04-19 16:03:26.378 23637 23637 I [SC]SamsungCloudApp: time elapsed to initialize OperatorInitializer: 65
04-19 16:03:26.378 23637 23637 I [SC]SamsungCloudApp: time elapsed to initialize BixbyInitializer: 0
04-19 16:03:26.379 23637 23637 I [SC]SamsungCloudApp: time elapsed to initialize SamsungAccountEventHandlerInitializer: 1
04-19 16:03:26.380 23637 23637 I [SC]SamsungCloudApp: time elapsed to initialize RxJavaInitializer: 0
04-19 16:03:26.388 23637 23693 I [SC]ConfigurationManager: getSimplePolicy
04-19 16:03:26.395  5628  8367 D ConnectivityService: Rematched networks [computed 1ms] [applied 0ms] [issued 3]
04-19 16:03:26.395  5628  8367 D ConnectivityService: NetworkReassignment : no changes
04-19 16:03:26.398  5628  5714 W libprocessgroup: Failed to open /dev/blkio//cgroup.procs: No such file or directory
04-19 16:03:26.402 22809 22809 I SamsungAccount: [AIDLRequestService] OnCreate Service
04-19 16:03:26.405 22809 22809 I SamsungAccount: [AIDLRequestService] OnBind
04-19 16:03:26.405 22809 22809 I SamsungAccount: [AIDLRequestService] [InAIDL] Service bound
04-19 16:03:26.407 23637 23682 I [SC]CommonNotiUtil: hideProgress: GALLERY_EXT_UPLOAD_PROGRESSING
04-19 16:03:26.428 23637 23701 I [SC]DeviceObservers: start
04-19 16:03:26.429 23637 23702 I [SC]SyncInitializer: initialize
04-19 16:03:26.430 23637 23701 I [SC]DevicePropertyManager: addPropertyChangeListener: NetworkConnectionAllowedObservable
04-19 16:03:26.433 23637 23695 I [SC]MediaMigration: existCloudFile : false
04-19 16:03:26.439 23637 23693 I [SC]ConfigurationItemDataManager: getFilePath : configurationName = scloud_simplePolicy
04-19 16:03:26.441 23637 23695 I [SC]BaseSyncUtil: com.android.bluetooth isSupported: true, isEnabled: true
04-19 16:03:26.453 23637 23702 I [SC]SyncInitializer: initializePrivate
04-19 16:03:26.453 23637 23695 I [SC]ComponentInitializer: switchBtComponent: com.samsung.bt.btservice.btsettingsprovider
04-19 16:03:26.453 23637 23702 I [SC][DEPENDENCY][GALLERY]: is created
04-19 16:03:26.453 23637 23695 I [SC]SyncUtil: invisibleSync: com.samsung.android.scloud.deviceproperty
04-19 16:03:26.453 23637 23702 I [SC][DEPENDENCY][AREmoji]: is created
04-19 16:03:26.453 23637 23702 I [SC][DEPENDENCY][WiFi]: is created
04-19 16:03:26.454 23637 23702 I [SC][DEPENDENCY][BT_S]: is created
04-19 16:03:26.464 23637 23697 I [SC]SamsungCloudApp: getWorkManagerConfiguration
04-19 16:03:26.471 23637 23695 I [SC]SyncSettingManager: switchOnOff: com.samsung.android.scloud.deviceproperty, 0
04-19 16:03:26.471 23637 23695 I [SC]SyncSettingManager: setIsSyncable: com.samsung.android.scloud.deviceproperty, 0
04-19 16:03:26.472 23637 23695 I [SC]BaseSyncUtil: visibleSync: com.samsung.bt.btservice.btsettingsprovider
04-19 16:03:26.473 23637 23691 I [SC]DeviceControlOperator: handled: REQUEST_REFRESH_APP_ICON
04-19 16:03:26.473 23637 23702 I [SC]SyncInitialization: initialize
04-19 16:03:26.473 23637 23695 I [SC]SyncSettingManager: setIsSyncable: com.samsung.bt.btservice.btsettingsprovider, 1
04-19 16:03:26.486 23637 23637 I [SC]SamsungCloudApp: time elapsed to initialize ComponentInitializer: 102
04-19 16:03:26.486 23637 23637 I [SC]SamsungCloudApp: time elapsed to initialize DesignCodeConsumerInitializer: 93
04-19 16:03:26.491  5628 11456 D PackageManager: setEnabledSetting : userId = 0 packageName = com.samsung.android.scloud cmp = androidx.work.impl.background.systemjob.SystemJobService newState = 1 callingPackage = 5009/com.samsung.android.scloud
04-19 16:03:26.494  5628 11456 D ApplicationPolicy: getApplicationStateEnabled : pkg = com.samsung.android.scloud userId : 0
04-19 16:03:26.495  5628 11456 D ApplicationPolicy: getApplicationComponentState : pkg = com.samsung.android.scloud userId : 0
04-19 16:03:26.498 22295 23650 I ProviderInstaller: Installed default security provider GmsCore_OpenSSL
04-19 16:03:26.502 22295 23650 W cal.abgm: Application name is not set. Call Builder#setApplicationName.
04-19 16:03:26.542 23637 23707 I [SC][AUTH]SmpUtil: Firebase init
04-19 16:03:26.547 23637 23710 E [SC]SyncDependencyFactory: [E] dependency meta data not found: com.sec.android.app.sbrowser
04-19 16:03:26.549 23637 23697 I [SC]AutoBackupUtil: initialize: nextTimeInterval: 61952940
04-19 16:03:26.549 23637 23705 I [SC]EnqueueConfiguration: run.
04-19 16:03:26.565 23637 23721 I [SC][AUTH]AuthUtil: getAuthData
04-19 16:03:26.566 23637 23710 I [SC][DEPENDENCY][INTERNET]: is created
04-19 16:03:26.567 23637 23710 E [SC]SyncDependencyFactory: [E] dependency meta data not found: com.android.contacts
04-19 16:03:26.567 23637 23710 I [SC][DEPENDENCY][CONTACTS]: is created
04-19 16:03:26.568 23637 23710 E [SC]SyncDependencyFactory: [E] dependency meta data not found: com.android.calendar
04-19 16:03:26.570  4613  4613 W keymaster_tee: [WRN]begin req PARAMS: A32 B2 P64
04-19 16:03:26.572 23637 23707 I FirebaseApp: Device unlocked: initializing all Firebase APIs for app [DEFAULT]
04-19 16:03:26.573 23637 23710 I [SC][DEPENDENCY][STD][com.samsung.android.app.reminder]: is created
04-19 16:03:26.578 23637 23710 I [SC][DEPENDENCY][STD][com.samsung.android.app.notes.sync]: is created
04-19 16:03:26.580 23637 23710 E [SC]SyncDependencyFactory: [E] dependency meta data not found: com.samsung.android.app.memo
04-19 16:03:26.580 23637 23713 I [SC]AbstractPatchDevice: Account or cert isn't exist
04-19 16:03:26.581 23637 23710 E [SC]SyncDependencyFactory: [E] dependency meta data not found: com.samsung.android.snote
04-19 16:03:26.581 23637 23710 I [SC][DEPENDENCY][SNOTE]: is created
04-19 16:03:26.587 23637 23712 I [SC]AbstractPatchDevice: Account or cert isn't exist
04-19 16:03:26.590 23637 23707 I SmpLog  : [SMP] init. S:true P:SPP_ONLY_MODE A:a
04-19 16:03:26.590 23637 23710 I [SC][DEPENDENCY][SPASS]: is created
04-19 16:03:26.607 23637 23710 E [SC]SyncDependencyFactory: [E] dependency meta data not found: com.samsung.android.app.pinboard
04-19 16:03:26.608 23637 23710 I [SC][DEPENDENCY][SCRAPBOOK]: is created
04-19 16:03:26.608 23637 23719 I [SC]SecMediaChangeMonitor: onStartMonitoring
04-19 16:03:26.649 23637 23755 I [SC]SyncProvision: Category: Samsung Notes, Thread id: 262
04-19 16:03:26.649 23637 23752 I [SC]SyncProvision: Category: Bluetooth, Thread id: 259
04-19 16:03:26.649 23637 23711 I [SC]KeyStoreDisabler: Disable Keystore
04-19 16:03:26.650 23637 23751 I [SC]SyncProvision: Category: Memo, Thread id: 258
04-19 16:03:26.650 23637 23754 I [SC]SyncProvision: Category: Gallery, Thread id: 261
04-19 16:03:26.653 23637 23748 I [SC]SyncProvision: Category: AR Emoji, Thread id: 255
04-19 16:03:26.653 23637 23753 I [SC]SyncProvision: Category: Reminder, Thread id: 260
04-19 16:03:26.653 23637 23754 I [SC]DeviceUtil: hasSepLiteSpec: false
04-19 16:03:26.654 23637 23752 I [SC]BaseSyncUtil: com.android.bluetooth isSupported: true, isEnabled: true
04-19 16:03:26.657 23637 23751 E [SC]SyncPolicyManager: [E] com.samsung.android.app.memo is not installed
04-19 16:03:26.658 23637 23759 I [SC]SyncProvision: Category: Samsung Pass, Thread id: 265
04-19 16:03:26.673 23637 23748 I [SC]BaseSyncUtil: com.samsung.android.aremoji isSupported: true, isEnabled: true
04-19 16:03:26.678  5250  5250 D Zygote  : Forked child process 23763
04-19 16:03:26.681  5628  9148 D SyncManager: userId - 0 auto - true
04-19 16:03:26.681 23637 23747 I [SC]SyncProvision: Category: Contacts, Thread id: 253
04-19 16:03:26.681 23637 23750 I [SC]SyncProvision: Category: Scrapbook, Thread id: 256
04-19 16:03:26.682 23637 23754 I [SC]MediaApi: isSyncAutomatically(): master sync: true
04-19 16:03:26.682 23637 23758 I [SC]SyncProvision: Category: Samsung Health, Thread id: 264
04-19 16:03:26.684 23637 23750 E [SC]SyncPolicyManager: [E] com.samsung.android.app.pinboard is not installed
04-19 16:03:26.685 23637 23756 I [SC]SyncProvision: Category: SNote, Thread id: 263
04-19 16:03:26.687 23637 23754 I [SC]MediaApi: isSyncAutomatically(), false
04-19 16:03:26.687  5628  5714 W libprocessgroup: Failed to open /dev/blkio//cgroup.procs: No such file or directory
04-19 16:03:26.688  5628  5714 W libprocessgroup: Failed to open /dev/blkio//cgroup.procs: No such file or directory
04-19 16:03:26.699 23637 23760 I [SC]SyncProvision: Category: Wi-Fi, Thread id: 266
04-19 16:03:26.700  5628  5714 W libprocessgroup: Failed to open /dev/blkio//cgroup.procs: No such file or directory
04-19 16:03:26.701 23637 23761 I [SC]SyncProvision: Category: Internet, Thread id: 267
04-19 16:03:26.702 23637 23758 E [SC]SyncPolicyManager: [E] com.sec.android.app.shealth is not supported (dependency is null!)
04-19 16:03:26.705 23637 23761 E [SC]SyncPolicyManager: [E] com.sec.android.app.sbrowser is not installed
04-19 16:03:26.705 23637 23762 I [SC]SyncProvision: Category: Calendar, Thread id: 269
04-19 16:03:26.707 14911 14923 I [PASS][SPASS]SettingDBProvider: call
04-19 16:03:26.712 23637 23756 E [SC]SyncPolicyManager: [E] com.samsung.android.snote is not installed
04-19 16:03:26.722 23637 23752 I [SC]SyncSettingManager: getCategory: com.samsung.bt.btservice.btsettingsprovider
04-19 16:03:26.722 23637 23762 I [SC]SyncSettingManager: getCategory: com.android.calendar
04-19 16:03:26.722 23637 23747 I [SC]SyncSettingManager: getCategory: com.android.contacts
04-19 16:03:26.723 23637 23748 I [SC]SyncSettingManager: getCategory: com.samsung.android.aremoji.cloud
04-19 16:03:26.726 23637 23759 I [SC]SyncSettingManager: getCategory: com.samsung.android.samsungpass.scloud
04-19 16:03:26.733 23637 23764 I [SC]SyncPackageRemoved: execute: com.samsung.android.memo
04-19 16:03:26.733 23637 23764 I [SC]SyncSettingManager: getCategory: com.samsung.android.memo
04-19 16:03:26.737 23637 23729 I SmpLog  : [SMP] Test mode: false, v:3.3.3.3, com.samsung.android.scloud
04-19 16:03:26.739 23637 23729 I SmpLog  : [SMP] ptype:fcm, token:...vu (152), D:null, U:null, S:false, M:null, P:SPP_ONLY_MODE
04-19 16:03:26.740 23637 23760 I [SC][DEPENDENCY][WiFi]: mum user id: 0, is guest user: false
04-19 16:03:26.741 23637 23760 I [SC]BaseSyncUtil: com.android.settings isSupported: true, isEnabled: true
04-19 16:03:26.742 23637 23754 I [SC]MediaApi: isWiFiOnly(), res - true
04-19 16:03:26.742 23637 23754 I [SC]SyncSettingManager: getCategory: media
04-19 16:03:26.742 23637 23760 I [SC]SyncSettingManager: getCategory: com.android.settings.wifiprofilesync
04-19 16:03:26.743 23637 23752 I [SC]SyncSettingManager: getIsSyncable: com.samsung.bt.btservice.btsettingsprovider
04-19 16:03:26.746 23637 23729 I SmpLog  : [SMP] SEND BR : smp init success
04-19 16:03:26.748 23109 23109 D BoundBrokerSvc: onBind: Intent { act=com.google.android.gms.phenotype.service.START pkg=com.google.android.gms }
04-19 16:03:26.748 23109 23109 D BoundBrokerSvc: Loading bound service for intent: Intent { act=com.google.android.gms.phenotype.service.START pkg=com.google.android.gms }
04-19 16:03:26.756 23637 23762 I [SC]SyncSettingManager: getIsSyncable: com.android.calendar
04-19 16:03:26.760 30407 30407 I ResourceOverlayService_0: waitAndQuit called
04-19 16:03:26.762 23763 23763 I droid.app.notes: Using CollectorTypeCC GC.
04-19 16:03:26.764 23637 23747 I [SC]SyncSettingManager: getIsSyncable: com.android.contacts
04-19 16:03:26.764 30407 30407 I ResourceOverlayService_0: activity user id 0 process id 0
04-19 16:03:26.766 23637 23748 I [SC]SyncSettingManager: getIsSyncable: com.samsung.android.aremoji.cloud
04-19 16:03:26.771 23637 23759 I [SC]SyncSettingManager: setSyncStatus: SyncStatusVo{authority='com.samsung.android.samsungpass.scloud', state='INACTIVE', errorCode='999'}
04-19 16:03:26.772 23637 23759 I [SC]SyncSettingManager: getContentVo: com.samsung.android.samsungpass.scloud, d4FjaEWIDx
04-19 16:03:26.773 23763 23763 E droid.app.notes: Not starting debugger since process cannot load the jdwp agent.
04-19 16:03:26.776 23637 23768 I [SC]SyncPackageRemoved: execute: com.samsung.android.SmartClip
04-19 16:03:26.776 23637 23768 I [SC]SyncSettingManager: getCategory: com.samsung.android.SmartClip
04-19 16:03:26.782 23637 23754 I [SC]SyncSettingManager: setIsSyncable: media, 1
04-19 16:03:26.782 23637 23754 I [SC]SyncSettingManager: setSyncStatus: SyncStatusVo{authority='media', state='INACTIVE', errorCode='999'}
04-19 16:03:26.783 23637 23754 I [SC]SyncSettingManager: getContentVo: media, phzej3S76k
04-19 16:03:26.786 23637 23760 I [SC]SyncSettingManager: getIsSyncable: com.android.settings.wifiprofilesync
04-19 16:03:26.792 23763 23763 W libc    : Access denied finding property "sys.perf.boostopt"
04-19 16:03:26.794 23763 23763 D ActivityThread: setConscryptValidator
04-19 16:03:26.795 23763 23763 D ActivityThread: setConscryptValidator - put
04-19 16:03:26.796 23763 23787 W libc    : Access denied finding property "sys.perf.boostopt"
04-19 16:03:26.801 23637 23752 I [SC]SyncSettingManager: setSyncStatus: SyncStatusVo{authority='com.samsung.bt.btservice.btsettingsprovider', state='INACTIVE', errorCode='999'}
04-19 16:03:26.802 23637 23752 I [SC]SyncSettingManager: getContentVo: com.samsung.bt.btservice.btsettingsprovider, BhjdLP0vkK
04-19 16:03:26.805 23637 23762 I [SC]SyncSettingManager: setSyncStatus: SyncStatusVo{authority='com.android.calendar', state='INACTIVE', errorCode='999'}
04-19 16:03:26.806 23637 23762 I [SC]SyncSettingManager: getContentVo: com.android.calendar, 8kLTKS0V1y
04-19 16:03:26.817 23637 23747 I [SC]SyncSettingManager: setSyncStatus: SyncStatusVo{authority='com.android.contacts', state='INACTIVE', errorCode='999'}
04-19 16:03:26.818 23637 23747 I [SC]SyncSettingManager: getContentVo: com.android.contacts, KEqLhXhtEP
04-19 16:03:26.821 23763 23763 D CompatibilityChangeReporter: Compat change id reported: 171979766; UID 10260; state: ENABLED
04-19 16:03:26.822 23637 23748 I [SC]SyncSettingManager: setSyncStatus: SyncStatusVo{authority='com.samsung.android.aremoji.cloud', state='INACTIVE', errorCode='999'}
04-19 16:03:26.824 23637 23748 I [SC]SyncSettingManager: getContentVo: com.samsung.android.aremoji.cloud, k6M02It8oQ
04-19 16:03:26.836 23637 23769 I [SC]SyncPackageNotSupported: execute: com.sec.android.app.shealth.cloudsync
04-19 16:03:26.836 23637 23769 I [SC]SyncSettingManager: getCategory: com.sec.android.app.shealth.cloudsync
04-19 16:03:26.844 23637 23760 I [SC]SyncSettingManager: setSyncStatus: SyncStatusVo{authority='com.android.settings.wifiprofilesync', state='INACTIVE', errorCode='999'}
04-19 16:03:26.845 23637 23760 I [SC]SyncSettingManager: getContentVo: com.android.settings.wifiprofilesync, wYJPhxEsaA
04-19 16:03:26.858 23763 23763 W ziparchive: Unable to open '/system/framework/SmpsManager.dm': No such file or directory
04-19 16:03:26.858 23763 23763 W ziparchive: Unable to open '/system/framework/SmpsManager.dm': No such file or directory
04-19 16:03:26.870 23637 23748 I [SC]SyncSettingManager: getContentVo: com.samsung.android.aremoji.cloud, vIrDKrcNqn
04-19 16:03:26.877 23637 23770 I [SC]SyncPackageRemoved: execute: com.sec.android.app.sbrowser
04-19 16:03:26.877 23637 23770 I [SC]SyncSettingManager: getCategory: com.sec.android.app.sbrowser
04-19 16:03:26.897 23637 23771 I [SC]SyncPackageRemoved: execute: com.samsung.android.snoteprovider4
04-19 16:03:26.897 23637 23771 I [SC]SyncSettingManager: getCategory: com.samsung.android.snoteprovider4
04-19 16:03:27.010 22295 23650 W ndroid.calendar: Accessing hidden method Landroid/os/PowerManager;->isLightDeviceIdleMode()Z (max-target-s, reflection, denied)
04-19 16:03:27.085 23763 23792 E Drawable: Unable to decode stream: android.graphics.ImageDecoder$DecodeException: Failed to create image decoder with message 'unimplemented'Input contained an error.
04-19 16:03:27.169  5224  5224 E audit   : type=1400 audit(1681913007.161:103268): avc:  denied  { read } for  pid=22375 comm="binder:22375_1" name="u:object_r:perf_prop:s0" dev="tmpfs" ino=16829 scontext=u:r:priv_app:s0:c512,c768 tcontext=u:object_r:perf_prop:s0 tclass=file permissive=0 SEPF_SM-A515F_13_0001 audit_filtered
04-19 16:03:27.169  5224  5224 E audit   : type=1300 audit(1681913007.161:103268): arch=c00000b7 syscall=56 success=no exit=-13 a0=ffffff9c a1=7d7757b2f8 a2=88000 a3=0 items=0 ppid=5250 pid=22375 auid=4294967295 uid=10226 gid=10226 euid=10226 suid=10226 fsuid=10226 egid=10226 sgid=10226 fsgid=10226 tty=(none) ses=4294967295 comm="binder:22375_1" exe="/system/bin/app_process64" subj=u:r:priv_app:s0:c512,c768 key=(null)
04-19 16:03:27.169  5224  5224 E audit   : type=1327 audit(1681913007.161:103268): proctitle="com.google.process.gservices"
04-19 16:03:27.169 22375 22393 W libc    : Access denied finding property "sys.perf.boostopt"
04-19 16:03:27.169 21461 21475 W libc    : Access denied finding property "sys.perf.boostopt"
04-19 16:03:27.169  5224  5224 E audit   : type=1400 audit(1681913007.165:103269): avc:  denied  { read } for  pid=21461 comm="binder:21461_2" name="u:object_r:perf_prop:s0" dev="tmpfs" ino=16829 scontext=u:r:priv_app:s0:c512,c768 tcontext=u:object_r:perf_prop:s0 tclass=file permissive=0 SEPF_SM-A515F_13_0001 audit_filtered
04-19 16:03:27.178 23763 23763 I FirebaseApp: Device unlocked: initializing all Firebase APIs for app [DEFAULT]
04-19 16:03:27.209 23763 23763 I FirebaseInitProvider: FirebaseApp initialization successful
04-19 16:03:27.253 23763 23763 I SENL$ShareFileProvider: attachInfo, ProviderInfo info: ContentProviderInfo{name=com.samsung.android.app.notes.shareprovider className=com.samsung.android.support.senl.nt.base.framework.provider.ShareFileProvider}
04-19 16:03:27.276 23763 23763 I [scsettingv2std][2.0.13.0]: onCreate:
04-19 16:03:27.283 23763 23763 I SENL$HashTagNoteProvider: onCreate
04-19 16:03:27.287 23763 23763 I SENL$ClipDataContentProvider: attachInfo, ProviderInfo info: ContentProviderInfo{name=com.samsung.android.app.notes.clipdatacontentprovider className=com.samsung.android.support.senl.nt.base.framework.provider.ClipDataContentProvider}
04-19 16:03:27.294 23763 23763 I SENL$NotesMain$ManageTrashProvider: onCreate
04-19 16:03:27.298 23763 23763 I CapsuleProvider_1.0.23: onCreate
04-19 16:03:27.299 23763 23763 I SENL$SC/SDocCountProvider: onCreate()
04-19 16:03:27.307 23763 23763 I SENL$NotesData$NotesDatabaseManager: getDatabase, inMemory : false
04-19 16:03:27.324 23763 23763 E SENL$NotesData$NotesSQLiteOpenHelperFactory: enableDataRecovery, e : com.samsung.android.app.notes.data.database.core.sqlite.NotesSQLiteOpenHelper.semSetUserDataRecoveryEnabled [boolean]
04-19 16:03:27.341 23763 23763 I SENL$NotesMain$SettingsSearchProvider: onCreate#
04-19 16:03:27.341 23763 23763 I SENL$NotesMain$SettingsSearchProvider: initMainScreenMenus#
04-19 16:03:27.345 23763 23763 I SENL$UserHandleCompat: Main user!
04-19 16:03:27.352 23763 23763 I SENL$SC/CommonUtils: hasCloudSetting: true <- ver >= 5.0.5
04-19 16:03:27.358 23763 23763 I SENL$NotesMain$SettingsSearchProvider: initImportScreenMenus#
04-19 16:03:27.360 23763 23763 I SENL$SystemPropertiesCompat: getDeviceType, deviceType : phone
04-19 16:03:27.360 23763 23763 I SENL$NotesMain$SettingsSearchProvider: initLookWhenSavedScreenMenus#
04-19 16:03:27.360 23763 23763 I SENL$NotesMain$SettingsSearchProvider: initLockScreenMenus#
04-19 16:03:27.362 23763 23763 W SENL$LockUtils: password is not set
04-19 16:03:27.374 23763 23763 I SENL$NotesMain$SettingsSearchProvider: secQueryGetFingerprint#
04-19 16:03:27.391 23763 23787 E SENL$SC/@NotesSyncRpcProvider: isSupported() : java.lang.NullPointerException: Attempt to invoke interface method 'android.content.Context d0.a.getAppContext()' on a null object reference
04-19 16:03:27.392 23763 23787 I SENL$SC/@NotesSyncRpcProvider: isSupported() : true
04-19 16:03:27.392 23763 23787 I [scsettingv2std][2.0.13.0]: isSupported: true
04-19 16:03:27.393 23763 23763 I SENL$NotesData$NotesDatabaseManager: init!
04-19 16:03:27.393 23637 23755 I [SC][DEPENDENCY][STD][com.samsung.android.app.notes.sync][STANDALONE]: isSupported: true
04-19 16:03:27.395 23763 23763 I SENL$NotesData$RequestBuilder: request, runnable : com.samsung.android.app.notes.data.repository.category.NotesCategoryTreeRepository$2@62185ec
04-19 16:03:27.396 23763 23763 I SENL$NotesData$RequestBuilder: executeOn, executor : com.samsung.android.app.notes.data.database.core.executor.NotesDataTaskExecutor$2@39c1db5
04-19 16:03:27.396 23763 23763 I SENL$NotesData$RequestBuilder: execute, mDelegate : com.samsung.android.app.notes.data.database.core.executor.NotesDataTaskExecutor$2@39c1db5
04-19 16:03:27.396 23763 23763 I SENL$NotesData$RequestBuilder: setDefaultExecutor, mDelegate : com.samsung.android.app.notes.data.database.core.executor.NotesDataTaskExecutor$2@39c1db5
04-19 16:03:27.396 23763 23787 E SENL$SC/@NotesSyncRpcProvider: getAutoSync() : java.lang.NullPointerException: Attempt to invoke interface method 'android.content.Context d0.a.getAppContext()' on a null object reference
04-19 16:03:27.397 23763 23787 I SENL$SC/@NotesSyncRpcProvider: getAutoSync() : false
04-19 16:03:27.397 23763 23787 I [scsettingv2std][2.0.13.0]: getAutoSync: false
04-19 16:03:27.397 23763 23804 I SENL$NotesData$RequestBuilder: run - start
04-19 16:03:27.397 23763 23804 I SENL$NotesData$RequestBuilder: executeRunnable
04-19 16:03:27.398 23637 23755 I [SC][DEPENDENCY][STD][com.samsung.android.app.notes.sync][STANDALONE]: getAutoSync: false
04-19 16:03:27.398 23763 23804 I SENL$NotesData$NotesCategoryTreeRepository: getCategoryEntity, targetUuid : uncategorized:///
04-19 16:03:27.400 23763 23763 I SENL$NotesData$MainListRepository: getAll_LiveData with param
04-19 16:03:27.401 23763 23763 I SENL$NotesData$SortQuery: getSortColumn, column : lastModifiedAt, sortType : 2
04-19 16:03:27.411 23763 23804 I SENL$NotesData$NotesSQLiteCursorFactory: getDbSize
04-19 16:03:27.412 23763 23804 I SENL$NotesData$NotesSQLiteCursorFactory: getDbSize:188416
04-19 16:03:27.418 23763 23787 I SENL$SC/SyncSettingsUtil: SETTINGS_WIFI_SYNC_ONLY is true
04-19 16:03:27.418 23763 23787 I SENL$SC/@NotesSyncRpcProvider: getNetworkOption() : 1
04-19 16:03:27.418 23763 23787 I [scsettingv2std][2.0.13.0]: getNetworkOption: 1
04-19 16:03:27.419 23763 23763 I SENL$PackageManagerCompat: is Memo package? false
04-19 16:03:27.420 23637 23755 I [SC][DEPENDENCY][STD][com.samsung.android.app.notes.sync][STANDALONE]: getNetworkOption: 1
04-19 16:03:27.420 23637 23755 I [SC]SyncSettingManager: getCategory: com.samsung.android.app.notes.sync
04-19 16:03:27.423 23763 23804 I SENL$NotesData$NotesCategoryTreeRepository: getCategoryEntity, targetUuid : trash:///
04-19 16:03:27.424 23763 23804 I SENL$NotesData$NotesCategoryTreeRepository: getCategoryEntity, targetUuid : old:///
04-19 16:03:27.424 23763 23763 I SENL$BixbyManager: setup activate : true
04-19 16:03:27.425 23763 23763 I SENL$BixbyExecutor: BixbyExecutor
04-19 16:03:27.426 23763 23763 I CapsuleProvider_1.0.23: releasing initialize wait lock.
04-19 16:03:27.426 23763 23763 I SENL$BixbyExecutor: addActionHandler
04-19 16:03:27.427 23763 23804 I SENL$NotesData$NotesCategoryTreeRepository: getCategoryEntity, targetUuid : 1
04-19 16:03:27.428 23763 23804 I SENL$NotesData$NotesCategoryTreeRepository: getCategoryEntity, targetUuid : 2
04-19 16:03:27.428 23637 23755 I [SC]SyncSettingManager: getIsSyncable: com.samsung.android.app.notes.sync
04-19 16:03:27.429 23763 23804 I SENL$NotesData$RequestBuilder: success
04-19 16:03:27.429 23763 23804 I SENL$NotesData$RequestBuilder: run - end
04-19 16:03:27.430 23763 23763 I SENL$SC/@SyncInitializer: quickInitialize() start
04-19 16:03:27.430 23763 23763 I SENL$SC/@SyncInitializer: quickInitialize() finish
04-19 16:03:27.431 23763 23763 I SENL$MemoApplication: sendRestoreDocumentAction, send restore action - start
04-19 16:03:27.432 23763 23763 I SENL$MemoApplication: sendRestoreDocumentAction, send restore action - end
04-19 16:03:27.453 23763 23787 I SENL$SC/@NotesSyncRpcProvider: getIsSyncable() : 1
04-19 16:03:27.454 23763 23787 I [scsettingv2std][2.0.13.0]: getIsSyncable: 1
04-19 16:03:27.455 23637 23755 I [SC][DEPENDENCY][STD][com.samsung.android.app.notes.sync][STANDALONE]: getIsSyncable: 1
04-19 16:03:27.455 23637 23755 I [SC]SyncSettingManager: setSyncStatus: SyncStatusVo{authority='com.samsung.android.app.notes.sync', state='INACTIVE', errorCode='999'}
04-19 16:03:27.456 23637 23755 I [SC]SyncSettingManager: getContentVo: com.samsung.android.app.notes.sync, aWluBInwWH
04-19 16:03:27.767 30407 30407 I ResourceOverlayService_0: waitAndQuit called
04-19 16:03:27.769 30407 30407 I ResourceOverlayService_0: activity user id 0 process id 0
04-19 16:03:28.502  5628  9811 D SemWifiUsabilityStatsMonitor: onWifiUsabilityStats - seqNum 36171, isSameBssidAndFreq true
04-19 16:03:28.505  5628  8422 I SemWifiLinkQualityMonitor: Link Qos Query: 0.020 ms / 391.762 Mbps (433 / 0.000 / 1.105)
04-19 16:03:28.507  8513  8513 D NetworkController.WifiSignalController: notifyListener: visible=true, connected=true, inetCondition=1, isDefault=true, wifiTestReported=true, receivedInetCondition=-1, hideDuringMobileSwitching=false
04-19 16:03:28.510  8513  8599 D Tile.WifiTile: handleUpdateState isTransient=false transientEnabling =false cb.isTransient=false state.state = 2 mStateBeforeClick.value =false enabled =true
04-19 16:03:28.772 30407 30407 I ResourceOverlayService_0: waitAndQuit called
04-19 16:03:28.773 30407 30407 I ResourceOverlayService_0: activity user id 0 process id 0
04-19 16:03:29.678  5250  5250 D Zygote  : Forked child process 23813
04-19 16:03:29.742 23813 23813 I id.app.reminder: Using CollectorTypeCC GC.
04-19 16:03:29.752 23813 23813 E id.app.reminder: Not starting debugger since process cannot load the jdwp agent.
04-19 16:03:29.762 23813 23813 W libc    : Access denied finding property "sys.perf.boostopt"
04-19 16:03:29.762  5224  5224 E audit   : type=1400 audit(1681913009.757:103270): avc:  denied  { read } for  pid=23813 comm="id.app.reminder" name="u:object_r:perf_prop:s0" dev="tmpfs" ino=16829 scontext=u:r:platform_app:s0:c512,c768 tcontext=u:object_r:perf_prop:s0 tclass=file permissive=0 SEPF_SM-A515F_13_0001 audit_filtered
04-19 16:03:29.762  5224  5224 E audit   : type=1300 audit(1681913009.757:103270): arch=c00000b7 syscall=56 success=no exit=-13 a0=ffffff9c a1=7ffbc769b8 a2=88000 a3=0 items=0 ppid=5250 pid=23813 auid=4294967295 uid=10150 gid=10150 euid=10150 suid=10150 fsuid=10150 egid=10150 sgid=10150 fsgid=10150 tty=(none) ses=4294967295 comm="id.app.reminder" exe="/system/bin/app_process64" subj=u:r:platform_app:s0:c512,c768 key=(null)
04-19 16:03:29.763  5224  5224 E audit   : type=1327 audit(1681913009.757:103270): proctitle="zygote64"
04-19 16:03:29.763 23813 23825 W libc    : Access denied finding property "sys.perf.boostopt"
04-19 16:03:29.763  5224  5224 E audit   : type=1400 audit(1681913009.757:103271): avc:  denied  { read } for  pid=23813 comm="binder:23813_1" name="u:object_r:perf_prop:s0" dev="tmpfs" ino=16829 scontext=u:r:platform_app:s0:c512,c768 tcontext=u:object_r:perf_prop:s0 tclass=file permissive=0 SEPF_SM-A515F_13_0001 audit_filtered
04-19 16:03:29.765 23813 23813 D ActivityThread: setConscryptValidator
04-19 16:03:29.765 23813 23813 D ActivityThread: setConscryptValidator - put
04-19 16:03:29.774 30407 30407 I ResourceOverlayService_0: waitAndQuit called
04-19 16:03:29.776 30407 30407 I ResourceOverlayService_0: activity user id 0 process id 0
04-19 16:03:29.790 23813 23813 D CompatibilityChangeReporter: Compat change id reported: 171979766; UID 10150; state: ENABLED
04-19 16:03:29.790 23813 23826 W libc    : Access denied finding property "sys.perf.boostopt"
04-19 16:03:30.001 23813 23813 I [scsettingv2std][2.0.14.0]: onCreate:
04-19 16:03:30.029 23813 23813 I SettingSearchProvider: onCreate isSupported = true
04-19 16:03:30.031 23813 23813 I SettingSearchProvider: secQueryGetFingerprint : 1240308000en_GB
04-19 16:03:30.034 23813 23813 I CapsuleProvider_1.0.23: onCreate
04-19 16:03:30.070  5628 11456 D PackageManager: setEnabledSetting : userId = 0 packageName = com.samsung.android.app.reminder cmp = androidx.work.impl.background.systemjob.SystemJobService newState = 1 callingPackage = 10150/com.samsung.android.app.reminder
04-19 16:03:30.073  5628 11456 D ApplicationPolicy: getApplicationStateEnabled : pkg = com.samsung.android.app.reminder userId : 0
04-19 16:03:30.073  5628 11456 D ApplicationPolicy: getApplicationComponentState : pkg = com.samsung.android.app.reminder userId : 0
04-19 16:03:30.114 23813 23827 I Reminder$Sync-SCloudSyncServiceHelper: addProgressListener
04-19 16:03:30.117 23813 23827 I Reminder$Sync-SCloudSyncServiceHelper: Added mStateChangeListeners - size : 1
04-19 16:03:30.136 23813 23839 I Reminder$Bixby2.0: [BixbyService] initialize Bixby2.0
04-19 16:03:30.136 23813 23839 I CapsuleProvider_1.0.23: releasing initialize wait lock.
04-19 16:03:30.137 23813 23827 I Reminder$FeatureUtils: isKnoxMode: false
04-19 16:03:30.140 23813 23827 I Reminder$FeatureUtils: isRunningUnderAndroidForWork: false
04-19 16:03:30.141 23813 23827 I [scsettingv2std][2.0.14.0]: isSupported: true
04-19 16:03:30.142 23637 23753 I [SC][DEPENDENCY][STD][com.samsung.android.app.reminder][STANDALONE]: isSupported: true
04-19 16:03:30.147 23813 23839 I Reminder$DeviceIdHelper: initOAID
04-19 16:03:30.151 23813 23827 I Reminder$CloudConnectionProvider: getAutoSync true
04-19 16:03:30.152 23813 23827 I [scsettingv2std][2.0.14.0]: getAutoSync: true
04-19 16:03:30.152 23813 23839 I Reminder$DeviceIdHelper: it is not china mcc or deviceidservice is not installed
04-19 16:03:30.153 23637 23753 I [SC][DEPENDENCY][STD][com.samsung.android.app.reminder][STANDALONE]: getAutoSync: true
04-19 16:03:30.155 23813 23827 I Reminder$CloudConnectionProvider: getNetworkOption false
04-19 16:03:30.155 23813 23827 I [scsettingv2std][2.0.14.0]: getNetworkOption: 0
04-19 16:03:30.157 23637 23753 I [SC][DEPENDENCY][STD][com.samsung.android.app.reminder][STANDALONE]: getNetworkOption: 0
04-19 16:03:30.157 23637 23753 I [SC]SyncSettingManager: getCategory: com.samsung.android.app.reminder
04-19 16:03:30.168 23637 23753 I [SC]SyncSettingManager: getIsSyncable: com.samsung.android.app.reminder
04-19 16:03:30.176 23813 23827 I [scsettingv2std][2.0.14.0]: getIsSyncable: 1
04-19 16:03:30.176 23813 23839 I FirebaseApp: Device unlocked: initializing all Firebase APIs for app [DEFAULT]
04-19 16:03:30.177 23637 23753 I [SC][DEPENDENCY][STD][com.samsung.android.app.reminder][STANDALONE]: getIsSyncable: 1
04-19 16:03:30.177 23637 23753 I [SC]SyncSettingManager: setSyncStatus: SyncStatusVo{authority='com.samsung.android.app.reminder', state='INACTIVE', errorCode='999'}
04-19 16:03:30.179 23637 23753 I [SC]SyncSettingManager: getContentVo: com.samsung.android.app.reminder, kRDlpo6Brb
04-19 16:03:30.193 23637 23710 I [SC]SyncSettingManager: getCategories
04-19 16:03:30.207 23637 23710 I [SC]SyncRunnerManager: initializing: com.samsung.android.aremoji.cloud
04-19 16:03:30.207 23637 23710 I [SC]SyncRunnerFactory: SyncRunner: com.samsung.android.aremoji.cloud is created
04-19 16:03:30.208 23637 23710 I [SC]SyncRunnerManager: initializing: com.android.contacts
04-19 16:03:30.208 23637 23710 I [SC]SyncRunnerFactory: SyncRunner: com.android.contacts is created
04-19 16:03:30.208 23637 23710 I [SC]SyncRunnerManager: initializing: com.android.calendar
04-19 16:03:30.208 23637 23710 I [SC]SyncRunnerFactory: SyncRunner: com.android.calendar is created
04-19 16:03:30.208 23637 23710 I [SC]SyncRunnerManager: initializing: com.samsung.bt.btservice.btsettingsprovider
04-19 16:03:30.208 23637 23710 I [SC]SyncRunnerFactory: SyncRunner: com.samsung.bt.btservice.btsettingsprovider is created
04-19 16:03:30.208 23637 23710 I [SC]SyncRunnerManager: initializing: com.android.settings.wifiprofilesync
