04-18 00:42:55.915  2747  2799 I TestRunner: started: inlineFloat(org.jetbrains.android_benchmark.Wolf3dBenchmark)
04-18 00:42:55.918  2747  2747 I MonitoringInstr: Activities that are still in CREATED to STOPPED: 1
04-18 00:42:55.918  2747  2747 I MonitoringInstr: Finishing activity: androidx.benchmark.IsolationActivity@f5684be
04-18 00:42:55.925  2747  2799 I GrantPermissionCallable: Permission: android.permission.WRITE_EXTERNAL_STORAGE is already granted!
04-18 00:42:55.925  2747  2799 I GrantPermissionCallable: Permission: android.permission.READ_EXTERNAL_STORAGE is already granted!
04-18 00:42:55.925  2747  2799 D Benchmark: -- Running org.jetbrains.android_benchmark.Wolf3dBenchmark#inlineFloat --
04-18 00:42:55.926  2747  2799 D PerfettoCapture: Supported ABIs: arm64-v8a, armeabi-v7a, armeabi
04-18 00:42:55.926  2747  2799 D PerfettoCapture: Recording perfetto trace
04-18 00:42:55.931 18943  5111 I NetworkScheduler.Stats: Task com.google.android.gms/com.google.android.gms.ipa.base.IpaGcmTaskService finished executing. cause:9 result: 1 elapsed_millis: 48 uptime_millis: 49 exec_start_elapsed_seconds: 204421 [CONTEXT service_id=218 ]
04-18 00:42:55.974  6755  6755 I SCS@AiSearch user 0: (SearchProvider) [main] entering in onCreate():
04-18 00:42:55.974  6755  6755 I SCS@AiSearch user 0: (SearchApplication) [main] entering in init():
04-18 00:42:55.978  6755  6755 I SCS@AiSearch user 0: (SearchApplication) checkIsUpdated(): sIsUpdate = false
04-18 00:42:55.982  6755  6782 I SCS@AiSearch user 0: (AiSearch user 0) [Thread-3] entering in init():  Logger initialization. Path: /data/user/0/com.samsung.android.scs/files/aisearch/log/
04-18 00:42:55.994  5628  5882 D PackageManager: setEnabledSetting : userId = 0 packageName = com.samsung.android.scs cmp = androidx.work.impl.background.systemjob.SystemJobService newState = 1 callingPackage = 10380/com.samsung.android.scs
04-18 00:42:55.995  5628  5882 D ApplicationPolicy: getApplicationStateEnabled : pkg = com.samsung.android.scs userId : 0
04-18 00:42:55.995  2747  2799 I PerfettoCapture: Cleanup perfetto before starting.
04-18 00:42:55.996  5628  5882 D ApplicationPolicy: getApplicationComponentState : pkg = com.samsung.android.scs userId : 0
04-18 00:42:56.006  6755  6755 I SCS@AiSearch user 0: (SearchApplication) [main] leaving from init():
04-18 00:42:56.006  6755  6755 I SCS@AiSearch user 0: (SearchProvider) [main] leaving from onCreate():
04-18 00:42:56.008  6755  6789 I SCS@AiSearch user 0: (ConfigManager) [pool-3-thread-1] entering in loadConfig():
04-18 00:42:56.022  6755  6755 I ServiceApplication: process:com.samsung.android.scs version:2.1.00.26 flavor:full
04-18 00:42:56.022  6755  6755 I SCS@AiSearch user 0: (SearchApplication) [main] entering in init():
04-18 00:42:56.027  6755  6786 I SQLiteConnection: /data/user/0/com.samsung.android.scs/no_backup/androidx.work.workdb-wal 1048576 bytes: Bigger than 1048576; truncating
04-18 00:42:56.029  6755  6789 I SCS@AiSearch user 0: (ConfigManager) Updating App Enable for com.sec.android.app.myfiles, Status: EnabledStatus{mEnabled=true, mDisabledReason=null, mExtra=null}
04-18 00:42:56.030  6755  6789 I SCS@AiSearch user 0: (ConfigManager) Updating App Enable for com.samsung.android.app.reminder, Status: EnabledStatus{mEnabled=true, mDisabledReason=null, mExtra=null}
04-18 00:42:56.031  6755  6789 I SCS@AiSearch user 0: (ConfigManager) Updating App Enable for com.samsung.android.calendar.synctasks, Status: EnabledStatus{mEnabled=true, mDisabledReason=null, mExtra=null}
04-18 00:42:56.032  6755  6789 I SCS@AiSearch user 0: (ConfigManager) Updating App Enable for logs.call, Status: EnabledStatus{mEnabled=true, mDisabledReason=null, mExtra=null}
04-18 00:42:56.033  6755  6789 I SCS@AiSearch user 0: (ConfigManager) Updating App Enable for com.samsung.android.apps, Status: EnabledStatus{mEnabled=true, mDisabledReason=null, mExtra=null}
04-18 00:42:56.033  6755  6789 I SCS@AiSearch user 0: (ConfigManager) Updating App Enable for com.samsung.android.calendar, Status: EnabledStatus{mEnabled=true, mDisabledReason=null, mExtra=null}
04-18 00:42:56.033  6755  6755 I SCS@AiSearch user 0: (SearchProvider) onTrimMemory(): 10
04-18 00:42:56.035  6755  6789 I SCS@AiSearch user 0: (ConfigManager) Updating App Enable for com.samsung.android.contacts, Status: EnabledStatus{mEnabled=true, mDisabledReason=null, mExtra=null}
04-18 00:42:56.054  6755  6789 I SCS@AiSearch user 0: (ConfigManager) isAppEnabled(): FloatingFeature :V519, com.google.android.providers.media enabled :true
04-18 00:42:56.054  6755  6789 I SCS@AiSearch user 0: (ConfigManager) Updating App Enable for com.google.android.providers.media, Status: EnabledStatus{mEnabled=true, mDisabledReason=null, mExtra=null}
04-18 00:42:56.055  6755  6789 I SCS@AiSearch user 0: (ConfigManager) Updating App Enable for analogy, Status: EnabledStatus{mEnabled=true, mDisabledReason=null, mExtra=null}
04-18 00:42:56.056  6755  6789 I SCS@AiSearch user 0: (ConfigManager) Updating App Enable for synonym, Status: EnabledStatus{mEnabled=true, mDisabledReason=null, mExtra=null}
04-18 00:42:56.057  6755  6789 I SCS@AiSearch user 0: (ConfigManager) Updating App Enable for com.samsung.android.scs.documents, Status: EnabledStatus{mEnabled=true, mDisabledReason=null, mExtra=null}
04-18 00:42:56.057  6755  6789 I SCS@AiSearch user 0: (ConfigManager) Updating App Enable for com.android.settings, Status: EnabledStatus{mEnabled=true, mDisabledReason=null, mExtra=null}
04-18 00:42:56.058  6755  6789 I SCS@AiSearch user 0: (ConfigManager) Updating App Enable for correlated, Status: EnabledStatus{mEnabled=true, mDisabledReason=null, mExtra=null}
04-18 00:42:56.058  6755  6789 I SCS@AiSearch user 0: (ConfigManager) [pool-3-thread-1] leaving from loadConfig():
04-18 00:42:56.083  6755  6789 I SCS@AiSearch user 0: (HintsHelper) init collect hints and schedule periodic job isImmediate = false
04-18 00:42:56.110  6755  6793 I DIAGMON_SDK[605029][4N4-399-535399] : generated SR object
04-18 00:42:56.123  6755  6789 I SCS@AiSearch user 0: (SchedulingManager) UsageScoreIndexingWorker: Result:: androidx.work.impl.utils.futures.SettableFuture@e5bde7a[status=PENDING]
04-18 00:42:56.124  6755  6789 I SCS@AiSearch user 0: (SchedulingManager) scheduleJobServiceLogging
04-18 00:42:56.157  5628  5882 D PackageManager: setEnabledSetting : userId = 0 packageName = com.samsung.android.scs cmp = androidx.work.impl.background.systemalarm.RescheduleReceiver newState = 1 callingPackage = 10380/com.samsung.android.scs
04-18 00:42:56.160  5628  5882 D ApplicationPolicy: getApplicationStateEnabled : pkg = com.samsung.android.scs userId : 0
04-18 00:42:56.161  5628  5882 D ApplicationPolicy: getApplicationComponentState : pkg = com.samsung.android.scs userId : 0
04-18 00:42:56.188  5628  5882 D PackageManager: setEnabledSetting : userId = 0 packageName = com.samsung.android.scs cmp = androidx.work.impl.background.systemalarm.RescheduleReceiver newState = 1 callingPackage = 10380/com.samsung.android.scs
04-18 00:42:56.189  5628  5882 D ApplicationPolicy: getApplicationStateEnabled : pkg = com.samsung.android.scs userId : 0
04-18 00:42:56.190  5628  5882 D ApplicationPolicy: getApplicationComponentState : pkg = com.samsung.android.scs userId : 0
04-18 00:42:56.197  2747  2799 I PerfettoCapture: Perfetto output file cleanup -
04-18 00:42:56.197  2747  2799 I PerfettoCapture: Starting perfetto tracing with cmd: cat /storage/emulated/0/Android/data/org.jetbrains.android_benchmark.test/cache/trace_config.pb | perfetto --background -c - -o /data/misc/perfetto-traces/trace_output.pb
04-18 00:42:56.219  6755  6806 I SCS@AiSearch user 0: (j) Creating collector for AOSP_MP
04-18 00:42:56.281  6755  6755 I SCS@AiSearch user 0: (ObserverWorker::AOSP_MP) [main] entering in startWork():
04-18 00:42:56.283  6755  6755 I SCS@AiSearch user 0: (BaseCollector::AOSP_MP) [main] entering in onChange():
04-18 00:42:56.288  6755  6817 I SCS@AiSearch user 0: (BaseCollector::AOSP_MP) [AOSP_MP-0] entering in collectChanges():
04-18 00:42:56.303  5628 11104 D PackageManager: setEnabledSetting : userId = 0 packageName = com.samsung.android.scs cmp = androidx.work.impl.background.systemalarm.RescheduleReceiver newState = 1 callingPackage = 10380/com.samsung.android.scs
04-18 00:42:56.305  5628 11104 D ApplicationPolicy: getApplicationStateEnabled : pkg = com.samsung.android.scs userId : 0
04-18 00:42:56.307  5628 11104 D ApplicationPolicy: getApplicationComponentState : pkg = com.samsung.android.scs userId : 0
04-18 00:42:56.332  6755  6817 I SCS@AiSearch user 0: (k) Schema: name: com.samsung.android.contacts , Major version: 33 , Minor version: 0
04-18 00:42:56.336  6755  6817 I SCS@AiSearch user 0: (k) Schema: name: com.android.settings , Major version: 4 , Minor version: 0
04-18 00:42:56.343  6755  6817 I SCS@AiSearch user 0: (k) Schema: name: com.samsung.android.apps , Major version: 31 , Minor version: 0
04-18 00:42:56.352  6755  6817 I SCS@AiSearch user 0: (k) Schema: name: com.samsung.android.calendar , Major version: 20 , Minor version: 0
04-18 00:42:56.360  6755  6817 I SCS@AiSearch user 0: (k) Schema: name: com.samsung.android.calendar.synctasks , Major version: 5 , Minor version: 0
04-18 00:42:56.370  6755  6817 I SCS@AiSearch user 0: (k) Schema: name: com.samsung.android.app.reminder , Major version: 4 , Minor version: 0
04-18 00:42:56.377  6755  6817 I SCS@AiSearch user 0: (k) Schema: name: logs.call , Major version: 17 , Minor version: 0
04-18 00:42:56.393  6823  6823 I perfetto:    perfetto_cmd.cc:1001 Connected to the Perfetto traced service, starting tracing
04-18 00:42:56.394  5406  5406 I perfetto: ing_service_impl.cc:953 Configured tracing session 115, #sources:4, duration:0 ms, #buffers:2, total buffer size:36864 KB, total sessions:1, uid:2000 session name: ""
04-18 00:42:56.396  5403  5403 I perfetto:  probes_producer.cc:139 Ftrace setup (target_buf=229)
04-18 00:42:56.402  6755  6817 I SCS@AiSearch user 0: (k) Schema: name: com.google.android.providers.media , Major version: 0 , Minor version: 0
04-18 00:42:56.406  6755  6817 I SCS@AiSearch user 0: (k) Schema: name: analogy , Major version: 12 , Minor version: 0
04-18 00:42:56.409  6755  6817 I SCS@AiSearch user 0: (k) Schema: name: synonym , Major version: 4 , Minor version: 0
04-18 00:42:56.412  6755  6817 I SCS@AiSearch user 0: (k) Schema: name: correlated , Major version: 4 , Minor version: 0
04-18 00:42:56.415  6755  6817 I SCS@AiSearch user 0: (k) Schema: name: ranking , Major version: 1 , Minor version: 0
04-18 00:42:56.429  2747  2799 I PerfettoCapture: Perfetto output - 6823
04-18 00:42:56.429  2747  2799 I PerfettoCapture: EXITCODE=0
04-18 00:42:56.470  4378  4378 I hwservicemanager: getTransport: Cannot find entry android.hardware.atrace@1.0::IAtraceDevice/default in either framework or device VINTF manifest.
04-18 00:42:56.504  5403  5403 I perfetto:    ftrace_procfs.cc:335 enabled ftrace in /sys/kernel/tracing/
04-18 00:42:56.536  2747  2799 I PerfettoCapture: Perfetto tracing started successfully with pid 6823.
04-18 00:42:56.621  2747  2799 I PerfettoCapture: /sys/kernel/tracing/tracing_on = 1, polled 0 times, capture fully started
04-18 00:42:56.624  2747  2799 D Benchmark: Set 2799 (Bench thread) to priority -20. Was -8, now -20
04-18 00:42:56.624  2747  2799 D Benchmark: Set 2781 (Jit) to priority -15. Was 9, now -15
04-18 00:42:56.660  2747  2799 I _benchmark.test: Explicit concurrent copying GC freed 718140(15MB) AllocSpace objects, 1(20KB) LOS objects, 68% free, 2889KB/9033KB, paused 340us,79us total 35.300ms
04-18 00:42:56.898  6755  6817 I SCS@AiSearch user 0: (IndexSearcherManager) Searcher created successfully for com.google.android.providers.media
04-18 00:42:56.952  6755  6817 I SCS@AiSearch user 0: (BaseCollector::AOSP_MP) fetchInternal values : maxSyncId: 1000007771 indexCount: 1707 sourceCount: 1707
04-18 00:42:57.014  6755  6817 I SCS@AiSearch user 0: (IndexManager) [AOSP_MP-0] entering in addIndex():
04-18 00:42:57.022  6755  6817 I SCS@AiSearch user 0: (BaseCollector::AOSP_MP) fetch: fetching took  532 ms
04-18 00:42:57.022  6755  6817 I SCS@AiSearch user 0: (BaseCollector::AOSP_MP) fetchChanges: applied 0 items
04-18 00:42:57.023  6755  6817 I SCS@AiSearch user 0: (BaseCollector::AOSP_MP) Collect finished. Result: true
04-18 00:42:57.026  6755  6817 I SCS@AiSearch user 0: (BaseCollector::AOSP_MP) enqueue ObserverWorker name: com.sec.android.app.myfiles, policy: APPEND_OR_REPLACE
04-18 00:42:57.027  6755  6806 I WM-WorkerWrapper: Worker result SUCCESS for Work [ id=023d523c-530e-4892-82bd-6aa6b4619c9f, tags={ com.sec.android.app.myfiles, com.samsung.android.scs.ai.search.data.collector.ObserverWorker } ]
04-18 00:42:57.031  6755  6806 I WM-WorkerWrapper: Setting status to enqueued for 4c0d05f1-01de-412e-905e-53397059e111
04-18 00:42:57.062  6755  6755 I SCS@AiSearch user 0: (SearchProvider) onTrimMemory(): 40
04-18 00:42:57.140  5250  5250 D Zygote  : Forked child process 6837
04-18 00:42:57.172  5628  5714 W libprocessgroup: Failed to open /dev/blkio//cgroup.procs: No such file or directory
04-18 00:42:57.173  6755  6838 I SCS@AiSearch user 0: (InitialIndexingWorker) [androidx.work-1] entering in doWork():
04-18 00:42:57.174  6755  6838 I SCS@AiSearch user 0: (InitialIndexingWorker) [androidx.work-1] entering in initAllIndexes():
04-18 00:42:57.175  6755  6838 I SCS@AiSearch user 0: (WorkerUtils) [androidx.work-1] entering in handleLocaleChange():
04-18 00:42:57.175  6755  6838 I SCS@AiSearch user 0: (WorkerUtils) [androidx.work-1] leaving from handleLocaleChange():
04-18 00:42:57.178  6755  6838 I SCS@AiSearch user 0: (ANALOGY) initIndexImpl: took 2 ms
04-18 00:42:57.179  6755  6838 W SCS@AiSearch user 0: (t) The resource for the current locale is not found : res/values-en-GB/synonyms.xml
04-18 00:42:57.180  6755  6838 I SCS@AiSearch user 0: (SYNONYM) initIndexImpl: took 1 ms
04-18 00:42:57.181  6755  6838 I SCS@AiSearch user 0: (j) Creating collector for CONTACTS
04-18 00:42:57.182  6755  6838 I SCS@AiSearch user 0: (ContactsRelation) initRelationDataFromContactsProvider called
04-18 00:42:57.201  6837  6837 I tinkoff.android: Using CollectorTypeCC GC.
04-18 00:42:57.209  6837  6837 E tinkoff.android: Not starting debugger since process cannot load the jdwp agent.
04-18 00:42:57.212  6755  6838 I SCS@AiSearch user 0: (CORRELATED) initIndexImpl: took 0 ms
04-18 00:42:57.212  6755  6838 I SCS@AiSearch user 0: (CONTACTS) initIndexImpl: took 0 ms
04-18 00:42:57.212  6755  6838 I SCS@AiSearch user 0: (CALLLOG) initIndexImpl: took 0 ms
04-18 00:42:57.213  6755  6838 I SCS@AiSearch user 0: (CALENDAR) initIndexImpl: took 0 ms
04-18 00:42:57.213  6755  6838 I SCS@AiSearch user 0: (TASKS) initIndexImpl: took 0 ms
04-18 00:42:57.213  6755  6838 I SCS@AiSearch user 0: (REMINDER) initIndexImpl: took 0 ms
04-18 00:42:57.214  6755  6838 I SCS@AiSearch user 0: (AppsDataObserver) scheduling worker CMD_SCAN
04-18 00:42:57.215  6755  6838 I SCS@AiSearch user 0: (APPLICATIONS) initIndexImpl: took 1 ms
04-18 00:42:57.215  6755  6838 I SCS@AiSearch user 0: (AOSP_MP) initIndexImpl: took 0 ms
04-18 00:42:57.215  6755  6838 I SCS@AiSearch user 0: (IMAGES) initIndexImpl: took 0 ms
04-18 00:42:57.216  6755  6838 I SCS@AiSearch user 0: (SchedulingManager) scheduleSaLogging: Result:: androidx.work.impl.utils.futures.SettableFuture@b54466[status=PENDING]
04-18 00:42:57.216  6755  6838 I SCS@AiSearch user 0: (InitialIndexingWorker) [androidx.work-1] leaving from initAllIndexes():
04-18 00:42:57.218  5224  5224 E audit   : type=1400 audit(1681771377.210:59889): avc:  denied  { read } for  pid=6837 comm="tinkoff.android" name="u:object_r:perf_prop:s0" dev="tmpfs" ino=16829 scontext=u:r:untrusted_app_30:s0:c149,c257,c512,c768 tcontext=u:object_r:perf_prop:s0 tclass=file permissive=0 SEPF_SM-A515F_13_0001 audit_filtered
04-18 00:42:57.218  5224  5224 E audit   : type=1300 audit(1681771377.210:59889): arch=c00000b7 syscall=56 success=no exit=-13 a0=ffffff9c a1=7ffbc769b8 a2=88000 a3=0 items=0 ppid=5250 pid=6837 auid=4294967295 uid=10405 gid=10405 euid=10405 suid=10405 fsuid=10405 egid=10405 sgid=10405 fsgid=10405 tty=(none) ses=4294967295 comm="tinkoff.android" exe="/system/bin/app_process64" subj=u:r:untrusted_app_30:s0:c149,c257,c512,c768 key=(null)
04-18 00:42:57.218  5224  5224 E audit   : type=1327 audit(1681771377.210:59889): proctitle="zygote64"
04-18 00:42:57.218  6755  6838 I SCS@AiSearch user 0: (BaseCollector::CONTACTS) enqueue ObserverWorker name: CONTACTS policy: KEEP
04-18 00:42:57.218  6755  6838 I SCS@AiSearch user 0: (j) Creating collector for CALLLOG
04-18 00:42:57.219  6837  6837 W libc    : Access denied finding property "sys.perf.boostopt"
04-18 00:42:57.219  6755  6838 I SCS@AiSearch user 0: (BaseCollector::CALLLOG) enqueue ObserverWorker name: CALLLOG policy: KEEP
04-18 00:42:57.220  6755  6838 I SCS@AiSearch user 0: (j) Creating collector for CALENDAR
04-18 00:42:57.220  6837  6851 W libc    : Access denied finding property "sys.perf.boostopt"
04-18 00:42:57.220  5224  5224 E audit   : type=1400 audit(1681771377.214:59890): avc:  denied  { read } for  pid=6837 comm="binder:6837_1" name="u:object_r:perf_prop:s0" dev="tmpfs" ino=16829 scontext=u:r:untrusted_app_30:s0:c149,c257,c512,c768 tcontext=u:object_r:perf_prop:s0 tclass=file permissive=0 SEPF_SM-A515F_13_0001 audit_filtered
04-18 00:42:57.221  6755  6838 I SCS@AiSearch user 0: (BaseCollector::CALENDAR) enqueue ObserverWorker name: CALENDAR policy: KEEP
04-18 00:42:57.221  6837  6837 D ActivityThread: setConscryptValidator
04-18 00:42:57.221  6755  6838 I SCS@AiSearch user 0: (j) Creating collector for TASKS
04-18 00:42:57.221  6837  6837 D ActivityThread: setConscryptValidator - put
04-18 00:42:57.223  5628 11104 D PackageManager: setEnabledSetting : userId = 0 packageName = com.samsung.android.scs cmp = androidx.work.impl.background.systemalarm.RescheduleReceiver newState = 1 callingPackage = 10380/com.samsung.android.scs
04-18 00:42:57.226  6755  6838 I SCS@AiSearch user 0: (BaseCollector::TASKS) enqueue ObserverWorker name: TASKS policy: KEEP
04-18 00:42:57.226  6755  6838 I SCS@AiSearch user 0: (j) Creating collector for REMINDER
04-18 00:42:57.228  6755  6838 I SCS@AiSearch user 0: (BaseCollector::REMINDER) enqueue ObserverWorker name: REMINDER policy: KEEP
04-18 00:42:57.229  6755  6838 I SCS@AiSearch user 0: (BaseCollector::AOSP_MP) enqueue ObserverWorker name: AOSP_MP policy: KEEP
04-18 00:42:57.230  6755  6838 I SCS@AiSearch user 0: (j) Creating collector for GALLERY
04-18 00:42:57.230  5628 11104 D ApplicationPolicy: getApplicationStateEnabled : pkg = com.samsung.android.scs userId : 0
04-18 00:42:57.231  6755  6838 I SCS@AiSearch user 0: (BaseCollector::GALLERY) enqueue ObserverWorker name: GALLERY policy: KEEP
04-18 00:42:57.231  6755  6838 I SCS@AiSearch user 0: (j) Creating collector for DOCUMENTS
04-18 00:42:57.232  5628 11104 D ApplicationPolicy: getApplicationComponentState : pkg = com.samsung.android.scs userId : 0
04-18 00:42:57.232  6755  6838 I SCS@AiSearch user 0: (InitialIndexingWorker) Indexing time: 0.057seconds
04-18 00:42:57.240  6837  6852 W libc    : Access denied finding property "sys.perf.boostopt"
04-18 00:42:57.244  6837  6837 D CompatibilityChangeReporter: Compat change id reported: 171979766; UID 10405; state: ENABLED
04-18 00:42:57.269  6837  6837 D nativeloader: Configuring classloader-namespace for other apk /system/framework/org.apache.http.legacy.jar. target_sdk_version=31, uses_libraries=ALL, library_path=/data/app/~~RtIfO1Pj-HEcYAkypgnpUg==/com.idamob.tinkoff.android-Oi12quggZN0msa7SqQ5tDg==/lib/arm64:/data/app/~~RtIfO1Pj-HEcYAkypgnpUg==/com.idamob.tinkoff.android-Oi12quggZN0msa7SqQ5tDg==/base.apk!/lib/arm64-v8a:/data/app/~~RtIfO1Pj-HEcYAkypgnpUg==/com.idamob.tinkoff.android-Oi12quggZN0msa7SqQ5tDg==/split_config.arm64_v8a.apk!/lib/arm64-v8a:/data/app/~~RtIfO1Pj-HEcYAkypgnpUg==/com.idamob.tinkoff.android-Oi12quggZN0msa7SqQ5tDg==/split_config.xxhdpi.apk!/lib/arm64-v8a, permitted_path=/data:/mnt/expand:/data/user/0/com.idamob.tinkoff.android
04-18 00:42:57.269  6837  6837 D nativeloader: Extending system_exposed_libraries: libhumantracking.arcsoft.so:libPortraitDistortionCorrection.arcsoft.so:libPortraitDistortionCorrectionCali.arcsoft.so:libface_landmark.arcsoft.so:libFacialStickerEngine.arcsoft.so:libveengine.arcsoft.so:liblow_light_hdr.arcsoft.so:libhigh_dynamic_range.arcsoft.so:libFacialAttributeDetection.arcsoft.so:libBeauty_v4.camera.samsung.so:libexifa.camera.samsung.so:libjpega.camera.samsung.so:libOpenCv.camera.samsung.so:libImageScreener.camera.samsung.so:libMyFilter.camera.samsung.so:libtensorflowLite.myfilter.camera.samsung.so:libtensorflowlite_inference_api.myfilter.camera.samsung.so:libEventFinder.camera.samsung.so:libHIDTSnapJNI.camera.samsung.so:libSmartScan.camera.samsung.so:libRectify.camera.samsung.so:libDocRectifyWrapper.camera.samsung.so:libUltraWideDistortionCorrection.camera.samsung.so:libHpr_RecGAE_cvFeature_v1.0.camera.samsung.so:libHprFace_GAE_api.camera.samsung.so:libFace_Landmark_API.camera.samsung.so:libHprFace_GAE_jni.camera.samsung.so:libFacialBasedSelfieCorrec
04-18 00:42:57.323  6755  6786 I WM-WorkerWrapper: Worker result SUCCESS for Work [ id=f6901d93-399c-4fda-aade-273326574fe8, tags={ com.samsung.android.scs.ai.search.scheduling.workers.InitialIndexingWorker, InitialIndexingWorker } ]
04-18 00:42:57.370  6755  6854 I SCS@AiSearch user 0: (AppsDataWorker) [androidx.work-2] entering in doWork():
04-18 00:42:57.370  6755  6854 I SCS@AiSearch user 0: (AppsDataObserver) [androidx.work-2] entering in execute():
04-18 00:42:57.371  6755  6854 I SCS@AiSearch user 0: (AppsDataObserver-CMD_SCAN) Scanning applications for indexing...
04-18 00:42:57.395  6837  6837 W ziparchive: Unable to open '/data/app/~~RtIfO1Pj-HEcYAkypgnpUg==/com.idamob.tinkoff.android-Oi12quggZN0msa7SqQ5tDg==/split_config.arm64_v8a.dm': No such file or directory
04-18 00:42:57.395  6837  6837 W ziparchive: Unable to open '/data/app/~~RtIfO1Pj-HEcYAkypgnpUg==/com.idamob.tinkoff.android-Oi12quggZN0msa7SqQ5tDg==/split_config.arm64_v8a.dm': No such file or directory
04-18 00:42:57.396  6837  6837 W tinkoff.android: Entry not found
04-18 00:42:57.397  6837  6837 W ziparchive: Unable to open '/data/app/~~RtIfO1Pj-HEcYAkypgnpUg==/com.idamob.tinkoff.android-Oi12quggZN0msa7SqQ5tDg==/split_config.xxhdpi.dm': No such file or directory
04-18 00:42:57.397  6837  6837 W ziparchive: Unable to open '/data/app/~~RtIfO1Pj-HEcYAkypgnpUg==/com.idamob.tinkoff.android-Oi12quggZN0msa7SqQ5tDg==/split_config.xxhdpi.dm': No such file or directory
04-18 00:42:57.399  6837  6837 W tinkoff.android: Entry not found
04-18 00:42:57.400  6837  6837 D nativeloader: Configuring classloader-namespace for other apk /data/app/~~RtIfO1Pj-HEcYAkypgnpUg==/com.idamob.tinkoff.android-Oi12quggZN0msa7SqQ5tDg==/base.apk:/data/app/~~RtIfO1Pj-HEcYAkypgnpUg==/com.idamob.tinkoff.android-Oi12quggZN0msa7SqQ5tDg==/split_config.arm64_v8a.apk:/data/app/~~RtIfO1Pj-HEcYAkypgnpUg==/com.idamob.tinkoff.android-Oi12quggZN0msa7SqQ5tDg==/split_config.xxhdpi.apk. target_sdk_version=31, uses_libraries=, library_path=/data/app/~~RtIfO1Pj-HEcYAkypgnpUg==/com.idamob.tinkoff.android-Oi12quggZN0msa7SqQ5tDg==/lib/arm64:/data/app/~~RtIfO1Pj-HEcYAkypgnpUg==/com.idamob.tinkoff.android-Oi12quggZN0msa7SqQ5tDg==/base.apk!/lib/arm64-v8a:/data/app/~~RtIfO1Pj-HEcYAkypgnpUg==/com.idamob.tinkoff.android-Oi12quggZN0msa7SqQ5tDg==/split_config.arm64_v8a.apk!/lib/arm64-v8a:/data/app/~~RtIfO1Pj-HEcYAkypgnpUg==/com.idamob.tinkoff.android-Oi12quggZN0msa7SqQ5tDg==/split_config.xxhdpi.apk!/lib/arm64-v8a, permitted_path=/data:/mnt/expand:/data/user/0/com.idamob.tinkoff.android
04-18 00:42:57.406  6837  6837 W tinkoff.android: JIT profile information will not be recorded: profile file does not exist.
04-18 00:42:57.406  6837  6837 W tinkoff.android: JIT profile information will not be recorded: profile file does not exist.
04-18 00:42:57.434  6755  6854 I SCS@AiSearch user 0: (IndexSearcherManager) Searcher created successfully for com.samsung.android.apps
04-18 00:42:57.435  6837  6837 V GraphicsEnvironment: ANGLE Developer option for 'com.idamob.tinkoff.android' set to: 'default'
04-18 00:42:57.435  6837  6837 V GraphicsEnvironment: ANGLE GameManagerService for com.idamob.tinkoff.android: false
04-18 00:42:57.436  6837  6837 V GraphicsEnvironment: Neither updatable production driver nor prerelease driver is supported.
04-18 00:42:57.443  6837  6837 D NetworkSecurityConfig: Using Network Security Config from resource network_security_config debugBuild: false
04-18 00:42:57.447  6837  6837 D NetworkSecurityConfig: Using Network Security Config from resource network_security_config debugBuild: false
04-18 00:42:57.589  6837  6837 W HMSSDK_PushPreferences: get new sharedPreferences failed,start to get from context.
04-18 00:42:57.615  5628  9811 D SemWifiUsabilityStatsMonitor: onWifiUsabilityStats - seqNum 23607, isSameBssidAndFreq true
04-18 00:42:57.618  5628  8422 I SemWifiLinkQualityMonitor: Link Qos Query: 0.025 ms / 324.750 Mbps (433 / 0.000 / 1.333)
04-18 00:42:57.706  6837  6837 D CompatibilityChangeReporter: Compat change id reported: 183155436; UID 10405; state: DISABLED
04-18 00:42:57.823  6837  6862 W System  : ClassLoader referenced unknown path:
04-18 00:42:57.824  6837  6862 D nativeloader: Configuring classloader-namespace for other apk . target_sdk_version=33, uses_libraries=, library_path=/data/app/~~fupSe7mT3TYRtpByrpi4GQ==/com.google.android.gms-bmnvTG7hLJarQuEcM9Lr_Q==/lib/arm64:/data/app/~~fupSe7mT3TYRtpByrpi4GQ==/com.google.android.gms-bmnvTG7hLJarQuEcM9Lr_Q==/base.apk!/lib/arm64-v8a, permitted_path=/data:/mnt/expand:/data/user/0/com.google.android.gms
04-18 00:42:57.902  6837  6866 D libcrashlytics: Initializing libcrashlytics version 3.2.0
04-18 00:42:57.916  6837  6866 D libcrashlytics: Initializing native crash handling successful.
04-18 00:42:57.958  6755  6854 I SCS@AiSearch user 0: (AppsDataObserver) [androidx.work-2] leaving from execute():  result is true
04-18 00:42:57.958  6755  6854 I SCS@AiSearch user 0: (AppsDataWorker) [androidx.work-2] leaving from doWork():
04-18 00:42:57.959  6755  6806 I WM-WorkerWrapper: Worker result SUCCESS for Work [ id=1e5c7396-5d7e-4383-946d-67f330b1ce2d, tags={ com.samsung.android.scs.ai.search.scheduling.workers.AppsDataWorker, CMD_SCAN } ]
04-18 00:42:57.992  6755  6755 I SCS@AiSearch user 0: (SearchProvider) onTrimMemory(): 40
04-18 00:42:57.993  7170  7170 I ContactsProvider: onTrimMemory-success
04-18 00:42:58.050  6837  6879 I FA      : App measurement initialized, version: 76011
04-18 00:42:58.050  6837  6879 I FA      : To enable debug logging run: adb shell setprop log.tag.FA VERBOSE
04-18 00:42:58.050  6837  6879 I FA      : To enable faster debug mode event logging run:
04-18 00:42:58.050  6837  6879 I FA      :   adb shell setprop debug.firebase.analytics.app com.idamob.tinkoff.android
04-18 00:42:58.139  5628  5714 W libprocessgroup: Failed to open /dev/blkio//cgroup.procs: No such file or directory
04-18 00:42:58.143  6755  6755 I SCS@AiSearch user 0: (SearchProvider) onTrimMemory(): 60
04-18 00:42:58.152   401   401 D BoundBrokerSvc: onBind: Intent { act=com.google.android.gms.measurement.START pkg=com.google.android.gms }
04-18 00:42:58.152   401   401 D BoundBrokerSvc: Loading bound service for intent: Intent { act=com.google.android.gms.measurement.START pkg=com.google.android.gms }
04-18 00:42:58.390  6837  6837 E HMSSDK_HMSPackageManager: query hms action, resolveInfoList is null or empty.
04-18 00:42:58.392  6837  6837 E HMSSDK_HMSPackageManager: query aglite action, resolveInfoList is null or empty
04-18 00:42:58.392  6837  6837 E HMSSDK_HMSPackageManager: PackagePriorityInfo list is null
04-18 00:42:58.393  6837  6837 E HMSSDK_HMSPackageManager: <initHmsPackageInfoForMultiService> Failed to find HMS apk
04-18 00:42:58.394  6837  6837 I HMSSDK_HMSPackageManager: Enter getHMSPackageNameForMultiService
04-18 00:42:58.397  6837  6837 E HMSSDK_HMSPackageManager: query hms action, resolveInfoList is null or empty.
04-18 00:42:58.398  6837  6837 E HMSSDK_HMSPackageManager: query aglite action, resolveInfoList is null or empty
04-18 00:42:58.399  6837  6837 E HMSSDK_HMSPackageManager: PackagePriorityInfo list is null
04-18 00:42:58.400  6837  6837 E HMSSDK_HMSPackageManager: <initHmsPackageInfoForMultiService> Failed to find HMS apk
04-18 00:42:58.400  6837  6837 I HMSSDK_HuaweiMobileServicesUtil: hmsPackageName is com.huawei.hwid
04-18 00:42:58.402  6837  6837 E HMSSDK_HMSPackageManager: query hms action, resolveInfoList is null or empty.
04-18 00:42:58.405  6837  6892 I HMSSDK_HMSPackageManager: enter asyncOnceCheckMDMState
04-18 00:42:58.410  6837  6837 E HMSSDK_HMSPackageManager: query aglite action, resolveInfoList is null or empty
04-18 00:42:58.411  6837  6837 E HMSSDK_HMSPackageManager: PackagePriorityInfo list is null
04-18 00:42:58.411  6837  6837 E HMSSDK_HMSPackageManager: <initHmsPackageInfoForMultiService> Failed to find HMS apk
04-18 00:42:58.413  6837  6837 I HMSSDK_HuaweiMobileServicesUtil: HMS is not installed
04-18 00:42:58.469  6837  6895 D ConnectivityManager: StackLog: [android.net.ConnectivityManager.sendRequestForNetwork(ConnectivityManager.java:4191)] [android.net.ConnectivityManager.sendRequestForNetwork(ConnectivityManager.java:4233)] [android.net.ConnectivityManager.registerNetworkCallback(ConnectivityManager.java:4615)] [android.net.ConnectivityManager.registerNetworkCallback(ConnectivityManager.java:4585)] [vq.f.<init>(SourceFile:9)] [vq.f.b(SourceFile:2)] [bq.g.run(SourceFile:23)]
04-18 00:42:58.488  5628  8367 D ConnectivityService: Rematched networks [computed 1ms] [applied 2ms] [issued 13]
04-18 00:42:58.489  5628  8367 D ConnectivityService: NetworkReassignment : no changes
04-18 00:42:58.656  5250  5250 D Zygote  : Forked child process 6909
04-18 00:42:58.688  6837  6837 W tinkoff.android: Long monitor contention with owner RxCachedThreadScheduler-1 (6890) at java.security.cert.X509Certificate[] android.security.net.config.NetworkSecurityTrustManager.getAcceptedIssuers()(NetworkSecurityTrustManager.java:178) waiters=0 in java.security.cert.X509Certificate[] android.security.net.config.NetworkSecurityTrustManager.getAcceptedIssuers() for 165ms
04-18 00:42:58.718  6909  6909 I oobe.samsung.gl: Using CollectorTypeCC GC.
04-18 00:42:58.726  6909  6909 E oobe.samsung.gl: Not starting debugger since process cannot load the jdwp agent.
04-18 00:42:58.741  6909  6909 W libc    : Access denied finding property "sys.perf.boostopt"
04-18 00:42:58.741  5224  5224 E audit   : type=1400 audit(1681771378.734:59892): avc:  denied  { read } for  pid=6909 comm="oobe.samsung.gl" name="u:object_r:perf_prop:s0" dev="tmpfs" ino=16829 scontext=u:r:priv_app:s0:c512,c768 tcontext=u:object_r:perf_prop:s0 tclass=file permissive=0 SEPF_SM-A515F_13_0001 audit_filtered
04-18 00:42:58.741  5224  5224 E audit   : type=1300 audit(1681771378.734:59892): arch=c00000b7 syscall=56 success=no exit=-13 a0=ffffff9c a1=7ffbc769b8 a2=88000 a3=0 items=0 ppid=5250 pid=6909 auid=4294967295 uid=10053 gid=10053 euid=10053 suid=10053 fsuid=10053 egid=10053 sgid=10053 fsgid=10053 tty=(none) ses=4294967295 comm="oobe.samsung.gl" exe="/system/bin/app_process64" subj=u:r:priv_app:s0:c512,c768 key=(null)
04-18 00:42:58.741  5224  5224 E audit   : type=1327 audit(1681771378.734:59892): proctitle="zygote64"
04-18 00:42:58.743  6909  6929 W libc    : Access denied finding property "sys.perf.boostopt"
04-18 00:42:58.743  5224  5224 E audit   : type=1400 audit(1681771378.738:59893): avc:  denied  { read } for  pid=6909 comm="binder:6909_1" name="u:object_r:perf_prop:s0" dev="tmpfs" ino=16829 scontext=u:r:priv_app:s0:c512,c768 tcontext=u:object_r:perf_prop:s0 tclass=file permissive=0 SEPF_SM-A515F_13_0001 audit_filtered
04-18 00:42:58.745  6909  6909 D ActivityThread: setConscryptValidator
04-18 00:42:58.745  6909  6909 D ActivityThread: setConscryptValidator - put
04-18 00:42:58.753  6837  6911 D TrafficStats: tagSocket(91) with statsTag=0xffffffff, statsUid=-1
04-18 00:42:58.753  5628  8457 D NetdEventListenerService: DNS Requested by : 117, 10405
04-18 00:42:58.765  6909  6930 W libc    : Access denied finding property "sys.perf.boostopt"
04-18 00:42:58.766  6909  6909 D CompatibilityChangeReporter: Compat change id reported: 171979766; UID 10053; state: ENABLED
04-18 00:42:58.835  6837  6862 E FA      : Name is too long. Type, maximum supported length, name: user property, 24, mband_56178_sentry_sdk_for_crashes
04-18 00:42:58.876  4376  4376 I lmkd    : 1(delay), 0(swap), 0(freelimit), 0(reentrymode) memory pressure events were skipped after a kill!
04-18 00:42:58.877  4376  4376 I lmkd    : cached 2, sandbox(not0) 0
04-18 00:42:58.895  4376  4376 I lmkd    : Reclaim 'com.instagram.android' (28719), uid 10126, oom_score_adj 925, state 19 to free 65316kB rss, 70896kb swap
04-18 00:42:58.896  4376  4376 I lmkd    : Reclaimed 136212kB at oom_score_adj 850
04-18 00:42:58.932  6837  6879 I FA      : Tag Manager is not found and thus will not be used
04-18 00:42:58.983  5250  5250 I Zygote  : Process 28719 exited due to signal 9 (Killed)
04-18 00:42:58.986  5628  5712 I libprocessgroup: Successfully killed process cgroup uid 10126 pid 28719 in 1ms
04-18 00:42:58.991  8492  8492 D SystemUIService: SYSUI_RAM_OPTIMIZATION onTrimMemory=10
04-18 00:42:58.999  4376  4376 I lmkd    : 1(delay), 0(swap), 0(freelimit), 0(reentrymode) memory pressure events were skipped after a kill!
04-18 00:42:59.004 11006 11006 W DMASA[U]: [AppLogData]onTrimMemory(10):1681771379003
04-18 00:42:59.007  6837  6837 D CompatibilityChangeReporter: Compat change id reported: 170233598; UID 10405; state: DISABLED
04-18 00:42:59.013  9284  9284 W DeviceManager_FLP: onTrimMemory : 10
04-18 00:42:59.014  9284  9353 I GpsSessionManager_FLP: arrangeInvalidSessions
04-18 00:42:59.019  5900  5900 I com.samsung.android.companionservice.service.WRCompanionServiceInterface: requestOnTrimMemory + level=10
04-18 00:42:59.019  5900  5900 I [WF]_WatchFaceCompanion: onTrimMemory 10
04-18 00:42:59.024 28978 28978 I AiAi    : onTrimMemory() with level 10
04-18 00:42:59.027 11006 11006 I id.diagmonagent: Explicit concurrent copying GC freed 194(48KB) AllocSpace objects, 0(0B) LOS objects, 69% free, 2686KB/8830KB, paused 151us,117us total 22.741ms
04-18 00:42:59.028 11006 11006 W DMASA[C]: [DiagMonAgentApplication]onTrimMemory (10)
04-18 00:42:59.030 28537 28537 I DWBTrimMemDispatcher: onTrimMemory(10)
04-18 00:42:59.030  6504  6504 W SmApplication: onTrimMemory : 10
04-18 00:42:59.031  5628  8607 D PackageManager: setEnabledSetting : userId = 0 packageName = com.idamob.tinkoff.android cmp = androidx.work.impl.background.systemjob.SystemJobService newState = 1 callingPackage = 10405/com.idamob.tinkoff.android
04-18 00:42:59.034  5628  8607 D ApplicationPolicy: getApplicationStateEnabled : pkg = com.idamob.tinkoff.android userId : 0
04-18 00:42:59.037  5628  8607 D ApplicationPolicy: getApplicationComponentState : pkg = com.idamob.tinkoff.android userId : 0
04-18 00:42:59.044  8513  8513 D SystemUIService: SYSUI_RAM_OPTIMIZATION onTrimMemory=10
04-18 00:42:59.048  6090  6090 I AppBase : AppBase.onTrimMemory():498 onTrimMemory(): 10
04-18 00:42:59.049  6090  6090 I GoogleInputMethodService: GoogleInputMethodService.onTrimMemory():4517 onTrimMemory(): 10
04-18 00:42:59.049 18530 18530 I Finsky  : [2] tes.onTrimMemory(1): Memory trim requested to level 10
04-18 00:42:59.109  6837  6862 E FA      : Name is too long. Type, maximum supported length, name: user property, 24, mband_21291_switch_authorized_zone
04-18 00:42:59.111  6837  6958 D CompatibilityChangeReporter: Compat change id reported: 160794467; UID 10405; state: ENABLED
04-18 00:42:59.131  5628 11220 D PackageManager: setEnabledSetting : userId = 0 packageName = com.idamob.tinkoff.android cmp = ru.tinkoff.mb.feature.auth.ui.partner.PartnerAuthActivity newState = 1 callingPackage = 10405/com.idamob.tinkoff.android
04-18 00:42:59.132  5628 11220 D ApplicationPolicy: getApplicationStateEnabled : pkg = com.idamob.tinkoff.android userId : 0
04-18 00:42:59.134  5628 11220 D ApplicationPolicy: getApplicationComponentState : pkg = com.idamob.tinkoff.android userId : 0
04-18 00:42:59.224  5628  8457 D NetdEventListenerService: DNS Requested by : 117, 10053
04-18 00:42:59.236  6837  6939 D CompatibilityChangeReporter: Compat change id reported: 170188668; UID 10405; state: ENABLED
04-18 00:42:59.250  6837  6837 I Choreographer: Skipped 67 frames!  The application may be doing too much work on its main thread.
04-18 00:42:59.274  4376  4376 I lmkd    : cached 2, sandbox(not0) 0
04-18 00:42:59.280  4376  4376 I lmkd    : Reclaim 'com.samsung.android.scs' (6755), uid 10380, oom_score_adj 905, state 19 to free 77988kB rss, 33016kb swap
04-18 00:42:59.281  4376  4376 I lmkd    : Reclaimed 111004kB at oom_score_adj 850
04-18 00:42:59.343  5250  5250 I Zygote  : Process 6755 exited due to signal 9 (Killed)
04-18 00:42:59.345  5628  5712 I libprocessgroup: Successfully killed process cgroup uid 10380 pid 6755 in 0ms
04-18 00:42:59.351  8492  8492 D SystemUIService: SYSUI_RAM_OPTIMIZATION onTrimMemory=15
04-18 00:42:59.355  9284  9284 W DeviceManager_FLP: onTrimMemory : 15
04-18 00:42:59.355  9284  9353 I GpsSessionManager_FLP: arrangeInvalidSessions
04-18 00:42:59.355 11006 11006 W DMASA[U]: [AppLogData]onTrimMemory(15):1681771379355
04-18 00:42:59.360  8513  8513 D SystemUIService: SYSUI_RAM_OPTIMIZATION onTrimMemory=15
04-18 00:42:59.362 28978 28978 I AiAi    : onTrimMemory() with level 15
04-18 00:42:59.366  5900  5900 I com.samsung.android.companionservice.service.WRCompanionServiceInterface: requestOnTrimMemory + level=15
04-18 00:42:59.367  5900  5900 I [WF]_WatchFaceCompanion: onTrimMemory 15
04-18 00:42:59.368 11006 11006 I id.diagmonagent: Explicit concurrent copying GC freed 194(48KB) AllocSpace objects, 0(0B) LOS objects, 69% free, 2686KB/8830KB, paused 117us,62us total 12.127ms
04-18 00:42:59.369 11006 11006 W DMASA[C]: [DiagMonAgentApplication]onTrimMemory (15)
04-18 00:42:59.377 28537 28537 I DWBTrimMemDispatcher: onTrimMemory(15)
04-18 00:42:59.378  6504  6504 W SmApplication: onTrimMemory : 15
04-18 00:42:59.380  6504  6504 I DC.AppIconCache: clear icon cache
04-18 00:42:59.380 18530 18530 I Finsky  : [2] tes.onTrimMemory(1): Memory trim requested to level 15
04-18 00:42:59.397  6090  6090 I AppBase : AppBase.onTrimMemory():498 onTrimMemory(): 15
04-18 00:42:59.398  6090  6090 I GoogleInputMethodService: GoogleInputMethodService.onTrimMemory():4517 onTrimMemory(): 15
04-18 00:42:59.546  6909  6909 I FirebaseApp: Device unlocked: initializing all Firebase APIs for app [DEFAULT]
04-18 00:42:59.568  6837  6953 W tinkoff.android: Long monitor contention with owner OkHttp https://acdn.tinkoff.ru/... (6911) at void ru.tinkoff.core.components.security.sslverifier.pins.CachingSingle.subscribeActual(ku.c0)(SourceFile:4) waiters=0 in void ru.tinkoff.core.components.security.sslverifier.pins.CachingSingle.subscribeActual(ku.c0) for 602ms
04-18 00:42:59.612  5628  8457 D NetdEventListenerService: DNS Requested by : 117, 10405
04-18 00:42:59.612  5628  8457 D NetdEventListenerService: DNS Requested by : 117, 10405
04-18 00:42:59.613  6837  6911 D TrafficStats: tagSocket(126) with statsTag=0xffffffff, statsUid=-1
04-18 00:42:59.620  5628  8457 D NetdEventListenerService: DNS Requested by : 117, 10405
04-18 00:42:59.620  6837  6939 D TrafficStats: tagSocket(116) with statsTag=0xffffffff, statsUid=-1
04-18 00:42:59.621  6837  6936 D TrafficStats: tagSocket(123) with statsTag=0xffffffff, statsUid=-1
04-18 00:42:59.630  5628  8457 D NetdEventListenerService: DNS Requested by : 117, 10405
04-18 00:42:59.631  6837  6953 D TrafficStats: tagSocket(124) with statsTag=0xffffffff, statsUid=-1
04-18 00:42:59.701  6909  6909 I FirebaseCrashlytics: Initializing Crashlytics 17.2.1
04-18 00:42:59.712  6837  7066 D TrafficStats: tagSocket(134) with statsTag=0xffffffff, statsUid=-1
04-18 00:43:00.006  8513  8513 D KeyguardUpdateMonitor: received broadcast android.intent.action.TIME_TICK
04-18 00:43:00.007  8513  8513 D KeyguardUpdateMonitor: handleTimeUpdate
04-18 00:43:00.008  8513  8513 D FaceWidgetPagesController: onTimeChanged()
04-18 00:43:00.013  8513  9203 D QSClockBellTower: onReceive(android.intent.action.TIME_TICK) mTimeZoneString:null
04-18 00:43:00.019  6837  7066 D TrafficStats: tagSocket(138) with statsTag=0xffffffff, statsUid=-1
04-18 00:43:00.056  8513  8513 D QSClockBellTower: He is ready to ring the bell. (((QSClockBellSound - TimeText:00:43, TimeContentDescription:00:43, DateText:Tue, 18 April, ShortDateText:Tue, 18 Apr, Demo:false, QuickStar-Second(false|12:34:56))))
04-18 00:43:00.058  8513  8513 D QSClockIndicatorView: Home Indicator status_bar_clock 00:43 notifyTimeChanged(QSClockBellSound - TimeText:00:43, TimeContentDescription:00:43, DateText:Tue, 18 April, ShortDateText:Tue, 18 Apr, Demo:false, QuickStar-Second(false|12:34:56)) ClockVisibleByPolicy:true, ClockVisibleByUser:true, visible?false, parent:android.widget.LinearLayout{883fb58 V.E...... ......I. 0,0-0,55 #7f0b04f0 app:id/left_clock_container}
04-18 00:43:00.058  8513  8513 D QSClockBellTower: Everyone heard the bell. run(currentTime:1681771380055,   getTime():Tue Apr 18 00:43:00 GMT+02:00 2023,   getTimeZone():libcore.util.ZoneInfo[mDstSavings=3600000,mUseDst=true,mDelegate=[id="Europe/Belgrade",mRawOffset=3600000,mEarliestRawOffset=4920000,transitions=119]])
04-18 00:43:00.063  8513  8513 I FaceWidgetPositionAlgorithm: getClockContainerHeight() supplier = 270, bottom margin = 0, real height = 813
04-18 00:43:00.064  8513  8513 I FaceWidgetPositionAlgorithm: getClockContainerHeight() supplier = 270, bottom margin = 63, real height = 813
04-18 00:43:00.064  8513  8513 I FaceWidgetPositionAlgorithm: getMediaContainerHeight() height = 0 container Visibility = 8, isValid = false, mIsDozing = false, fraction = 1.0, source = 0, target = 0
04-18 00:43:00.064  8513  8513 I FaceWidgetPositionAlgorithm: getMediaContainerHeight() supplier = 0
04-18 00:43:00.065  8513  8513 V QsExpandAnimator: setQsExpansionPosition 0.0
04-18 00:43:00.071  8513  8513 V QsExpandAnimator: updateAnimators
04-18 00:43:00.071  8513  8513 V QsExpandAnimator: clearAnimationState
04-18 00:43:00.071  8513  8513 V QsExpandAnimator: updateViews
04-18 00:43:00.072  8513  8513 V QsExpandAnimator: updateTileAnimator
04-18 00:43:00.073  8513  8513 V QsExpandAnimator: updateHeaderAnimator
04-18 00:43:00.073  8513  8513 V QsExpandAnimator: updateBarAnimator
04-18 00:43:00.074  8513  8513 V QsExpandAnimator: setQsExpansionPosition 0.0
04-18 00:43:00.074  8513  8513 V QsExpandAnimator: onAnimationAtStart
04-18 00:43:00.220  4376  4376 I lmkd    : 2(delay), 0(swap), 0(freelimit), 0(reentrymode) memory pressure events were skipped after a kill!
04-18 00:43:00.252  4376  4376 I lmkd    : cached 2, sandbox(not0) 0
04-18 00:43:00.257  4376  4376 I lmkd    : Reclaim 'com.google.android.apps.photos' (6614), uid 10252, oom_score_adj 905, state 19 to free 76688kB rss, 29040kb swap
04-18 00:43:00.258  4376  4376 I lmkd    : Reclaimed 105728kB at oom_score_adj 850
04-18 00:43:00.279  5628 11104 D ConnectivityService: ConnectivityService NetworkRequestInfo binderDied(uid/pid:10252/6614, [NetworkRequest [ REQUEST id=15792, [ Capabilities: INTERNET&NOT_RESTRICTED&TRUSTED&NOT_VCN_MANAGED Uid: 10252 RequestorUid: 10252 RequestorPkg: com.google.android.apps.photos UnderlyingNetworks: Null] ]], android.os.BinderProxy@e8986bd)
04-18 00:43:00.280  5628  8367 D ConnectivityService: releasing NetworkRequest [ REQUEST id=15792, [ Capabilities: INTERNET&NOT_RESTRICTED&TRUSTED&NOT_VCN_MANAGED Uid: 10252 RequestorUid: 10252 RequestorPkg: com.google.android.apps.photos UnderlyingNetworks: Null] ] (release request)
04-18 00:43:00.280  5628  8367 D ConnectivityService:  Removing from current network [117 WIFI], leaving 156 requests.
04-18 00:43:00.284  5250  5250 I Zygote  : Process 6614 exited due to signal 9 (Killed)
04-18 00:43:00.300  5628  5712 I libprocessgroup: Successfully killed process cgroup uid 10252 pid 6614 in 0ms
04-18 00:43:00.635  5628  9811 D SemWifiUsabilityStatsMonitor: onWifiUsabilityStats - seqNum 23608, isSameBssidAndFreq true
04-18 00:43:00.635  6837  6936 W tinkoff.android: Long monitor contention with owner OkHttp https://acdn.tinkoff.ru/... (7066) at i10.f0 la1.a.intercept(i10.x$a)(SourceFile:26) waiters=0 in boolean m10.j.a(i10.a, m10.e, java.util.List, boolean) for 615ms
04-18 00:43:00.639  8513  8513 D NetworkController.WifiSignalController: notifyListener: visible=true, connected=true, inetCondition=1, isDefault=true, wifiTestReported=true, receivedInetCondition=-1, hideDuringMobileSwitching=false
04-18 00:43:00.639  5628  8422 I SemWifiLinkQualityMonitor: Link Qos Query: 0.025 ms / 322.279 Mbps (433 / 0.000 / 1.344)
04-18 00:43:00.641  8513  8599 D Tile.WifiTile: handleUpdateState isTransient=false transientEnabling =false cb.isTransient=false state.state = 2 mStateBeforeClick.value =false enabled =true
04-18 00:43:00.701  6837  6862 E FA      : Name is too long. Type, maximum supported length, name: user property, 24, mband_51079_http_metrics_to_statist
04-18 00:43:00.764  5628  8457 D NetdEventListenerService: DNS Requested by : 117, 10405
04-18 00:43:00.766  6837  7093 D TrafficStats: tagSocket(116) with statsTag=0xd83ddc19, statsUid=-1
04-18 00:43:00.841  5628  5714 W libprocessgroup: Failed to open /dev/blkio//cgroup.procs: No such file or directory
04-18 00:43:00.845  5628  5714 W libprocessgroup: Failed to open /dev/blkio//cgroup.procs: No such file or directory
04-18 00:43:00.865  6837  6973 D CompatibilityChangeReporter: Compat change id reported: 194532703; UID 10405; state: DISABLED
04-18 00:43:00.926  8815  9668 W TelephonyPermissions: reportAccessDeniedToReadIdentifiers:com.idamob.tinkoff.android:getDeviceId:1
04-18 00:43:00.943  8815  9668 W TelephonyPermissions: reportAccessDeniedToReadIdentifiers:com.idamob.tinkoff.android:getSubscriberIdForSubscriber:2
04-18 00:43:00.962  8815  9668 I LocationAccessPolicy: com.idamob.tinkoff.android is aware of fine but the app-ops permission is specifically denied.
04-18 00:43:00.962  8815  9668 I LocationAccessPolicy: checkLocationPermission - callingUid: 10405, callingPid: 6837, resultForFine: DENIED_SOFT
04-18 00:43:01.035 18943 18943 D BoundBrokerSvc: onBind: Intent { act=com.google.android.gms.presencemanager.service.START dat=chimera-action:/... cmp=com.google.android.gms/.chimera.PersistentApiService }
04-18 00:43:01.035 18943 18943 D BoundBrokerSvc: Loading bound service for intent: Intent { act=com.google.android.gms.presencemanager.service.START dat=chimera-action:/... cmp=com.google.android.gms/.chimera.PersistentApiService }
04-18 00:43:01.111 18943 18943 D BoundBrokerSvc: onBind: Intent { act=com.google.android.gms.presencemanager.service.INTERNAL_IDENTITY dat=chimera-action:/... cmp=com.google.android.gms/.chimera.PersistentApiService }
04-18 00:43:01.111 18943 18943 D BoundBrokerSvc: Loading bound service for intent: Intent { act=com.google.android.gms.presencemanager.service.INTERNAL_IDENTITY dat=chimera-action:/... cmp=com.google.android.gms/.chimera.PersistentApiService }
04-18 00:43:01.205   401  7084 E FA-SVC  : Too many unique user properties are set. Ignoring user property: read_storage_allowed, true
04-18 00:43:01.208   401  7084 E FA-SVC  : Too many unique user properties are set. Ignoring user property: camera_allowed, true
04-18 00:43:01.210   401  7084 E FA-SVC  : Too many unique user properties are set. Ignoring user property: dco_ic, d3c6543a-d7c0-11ed-8000-00002e794bcf
04-18 00:43:01.218 18943  5608 W NetworkScheduler: Error inserting flex_time=2317000 job_id=-1 period=4636000 source=16 requires_charging=0 preferred_network_type=1 target_class=com.google.android.gms.measurement.PackageMeasurementTaskService user_id=0 target_package=com.google.android.gms tag=Measurement.PackageMeasurementTaskService.UPLOAD_TASK_TAG task_type=0 required_idleness_state=0 service_kind=0 source_version=231312000 persistence_level=1 preferred_charging_state=1 required_network_type=0 runtime=1681771381207 retry_strategy={"maximum_backoff_seconds":{"3600":0},"initial_backoff_seconds":{"30":0},"retry_policy":{"0":0}} last_runtime=0 [CONTEXT service_id=218 ]
04-18 00:43:01.218 18943  5608 W NetworkScheduler: android.database.sqlite.SQLiteConstraintException: UNIQUE constraint failed: pending_ops.tag, pending_ops.target_class, pending_ops.target_package, pending_ops.user_id (code 2067 SQLITE_CONSTRAINT_UNIQUE[2067])
04-18 00:43:01.218 18943  5608 W NetworkScheduler: 	at android.database.sqlite.SQLiteConnection.nativeExecuteForLastInsertedRowId(Native Method)
04-18 00:43:01.218 18943  5608 W NetworkScheduler: 	at android.database.sqlite.SQLiteConnection.executeForLastInsertedRowId(SQLiteConnection.java:1275)
04-18 00:43:01.218 18943  5608 W NetworkScheduler: 	at android.database.sqlite.SQLiteSession.executeForLastInsertedRowId(SQLiteSession.java:790)
04-18 00:43:01.218 18943  5608 W NetworkScheduler: 	at android.database.sqlite.SQLiteStatement.executeInsert(SQLiteStatement.java:89)
04-18 00:43:01.218 18943  5608 W NetworkScheduler: 	at android.database.sqlite.SQLiteDatabase.insertWithOnConflict(SQLiteDatabase.java:2410)
04-18 00:43:01.218 18943  5608 W NetworkScheduler: 	at android.database.sqlite.SQLiteDatabase.insertOrThrow(SQLiteDatabase.java:2305)
04-18 00:43:01.218 18943  5608 W NetworkScheduler: 	at bwce.f(:com.google.android.gms@231312044@23.13.12 (190400-519946965):53)
04-18 00:43:01.218 18943  5608 W NetworkScheduler: 	at bway.n(:com.google.android.gms@231312044@23.13.12 (190400-519946965):3)
04-18 00:43:01.218 18943  5608 W NetworkScheduler: 	at bway.u(:com.google.android.gms@231312044@23.13.12 (190400-519946965):20)
04-18 00:43:01.218 18943  5608 W NetworkScheduler: 	at bway.h(:com.google.android.gms@231312044@23.13.12 (190400-519946965):3)
