04-09 23:11:56.413  6284  6315 D Bubbles : onRankingUpdated : isActiveOrInOverflow= false , mTmpRanking.canBubble()= false ,isActive= false ,shouldBubbleUp= false ,mTmpRanking.isBubble()= false
04-09 23:11:56.414  6284  6315 D Bubbles : onRankingUpdated : isActiveOrInOverflow= false , mTmpRanking.canBubble()= false ,isActive= false ,shouldBubbleUp= false ,mTmpRanking.isBubble()= false
04-09 23:11:56.414  6284  6315 D Bubbles : onRankingUpdated : isActiveOrInOverflow= false , mTmpRanking.canBubble()= false ,isActive= false ,shouldBubbleUp= false ,mTmpRanking.isBubble()= false
04-09 23:11:56.414  6284  6315 D Bubbles : onRankingUpdated : isActiveOrInOverflow= false , mTmpRanking.canBubble()= false ,isActive= false ,shouldBubbleUp= false ,mTmpRanking.isBubble()= false
04-09 23:11:56.414  6284  6315 D Bubbles : onRankingUpdated : isActiveOrInOverflow= false , mTmpRanking.canBubble()= false ,isActive= false ,shouldBubbleUp= false ,mTmpRanking.isBubble()= false
04-09 23:11:56.414  6284  6315 D Bubbles : onRankingUpdated : isActiveOrInOverflow= false , mTmpRanking.canBubble()= false ,isActive= false ,shouldBubbleUp= false ,mTmpRanking.isBubble()= false
04-09 23:11:56.415  9619 10534 I NotificationPipeline: Processing new notification: -1|com.android.systemui|2131428959|charging_state|10054
04-09 23:11:56.415  9619 10534 E Notification4Heart_NB: WatchFactory.getWatch-lastConnectedNodeId is null
04-09 23:11:56.416  9619 10534 W Notification4Heart_NB: NotificationBridgeCallback.onNotificationPosted-never connected before
04-09 23:11:56.539  7623 26669 E WakeLock: WearableBluetooth ** IS FORCE-RELEASED ON TIMEOUT **
04-09 23:11:56.609  6284  6284 D BubblesManager: onEntryUpdated : shouldBubbleUp=false ,key=-1|com.android.systemui|2131428959|charging_state|10054
04-09 23:11:56.666  6284  6284 I FaceWidgetPositionAlgorithm: getMediaContainerHeight() height = 0 container Visibility = 8, isValid = false, mIsDozing = false, fraction = 1.0, source = 0, target = 0
04-09 23:11:56.667  6284  6284 I FaceWidgetPositionAlgorithm: getMediaContainerHeight() supplier = 0
04-09 23:11:56.768  6284  6284 I FaceWidgetPositionAlgorithm: getMediaContainerHeight() height = 0 container Visibility = 8, isValid = false, mIsDozing = false, fraction = 1.0, source = 0, target = 0
04-09 23:11:56.769  6284  6284 I FaceWidgetPositionAlgorithm: getMediaContainerHeight() supplier = 0
04-09 23:11:56.827  6284  6284 I FaceWidgetPositionAlgorithm: getMediaContainerHeight() height = 0 container Visibility = 8, isValid = false, mIsDozing = false, fraction = 1.0, source = 0, target = 0
04-09 23:11:56.827  6284  6284 I FaceWidgetPositionAlgorithm: getMediaContainerHeight() supplier = 0
04-09 23:11:57.182  5249  5249 E audit   : type=1400 audit(1681074717.174:879): avc:  denied  { getattr } for  pid=5665 comm="BinderProcsColl" path="/sys/kernel/debug/binder/proc/5665" dev="debugfs" ino=28451 scontext=u:r:system_server:s0 tcontext=u:object_r:sec_debugfs:s0 tclass=file permissive=0 SEPF_SM-A515F_13_0001 audit_filtered
04-09 23:11:57.182  5249  5249 E audit   : type=1300 audit(1681074717.174:879): arch=c00000b7 syscall=79 success=no exit=-13 a0=ffffff9c a1=722e51a620 a2=721ce91680 a3=0 items=0 ppid=5274 pid=5665 auid=4294967295 uid=1000 gid=1000 euid=1000 suid=1000 fsuid=1000 egid=1000 sgid=1000 fsgid=1000 tty=(none) ses=4294967295 comm="BinderProcsColl" exe="/system/bin/app_process64" subj=u:r:system_server:s0 key=(null)
04-09 23:11:57.182  5249  5249 E audit   : type=1327 audit(1681074717.174:879): proctitle="system_server"
04-09 23:11:58.732 13828 13868 D Benchmark: Copying /storage/emulated/0/Android/data/org.jetbrains.android_benchmark.test/cache/AndroidBenchmark_baselineFloat_2023-04-09-21-11-54.perfetto-trace to /sdcard/Android/media/org.jetbrains.android_benchmark.test/additional_test_output/AndroidBenchmark_baselineFloat_2023-04-09-21-11-54.perfetto-trace
04-09 23:11:58.756  8572 27831 W MediaProvider: isAppCloneUserPair for user 0: false
04-09 23:11:58.811  5665  8767 D SyncManager: userId - 0 auto - true
04-09 23:11:59.956  5665  5741 W libprocessgroup: Failed to open /dev/blkio//cgroup.procs: No such file or directory
04-09 23:11:59.973  7623 27855 I NetworkScheduler.Stats: Task com.google.android.gms/com.google.android.gms.ipa.base.IpaGcmTaskService started execution. cause:9 exec_start_elapsed_seconds: 2618 [CONTEXT service_id=218 ]
04-09 23:11:59.985  7623 27335 I NetworkScheduler.Stats: Task com.google.android.gms/com.google.android.gms.ipa.base.IpaGcmTaskService finished executing. cause:9 result: 1 elapsed_millis: 62 uptime_millis: 62 exec_start_elapsed_seconds: 2618 [CONTEXT service_id=218 ]
04-09 23:11:59.996  7623  7623 D BoundBrokerSvc: onBind: Intent { act=com.google.android.gms.scheduler.ACTION_PROXY_SCHEDULE dat=chimera-action:/... cmp=com.google.android.gms/.chimera.PersistentApiService }
04-09 23:11:59.996  7623  7623 D BoundBrokerSvc: Loading bound service for intent: Intent { act=com.google.android.gms.scheduler.ACTION_PROXY_SCHEDULE dat=chimera-action:/... cmp=com.google.android.gms/.chimera.PersistentApiService }
04-09 23:12:00.023  6284  6284 D KeyguardUpdateMonitor: received broadcast android.intent.action.TIME_TICK
04-09 23:12:00.023  6284  6284 D KeyguardUpdateMonitor: handleTimeUpdate
04-09 23:12:00.025  6284  6284 D FaceWidgetPagesController: onTimeChanged()
04-09 23:12:00.041  6284  6927 D QSClockBellTower: onReceive(android.intent.action.TIME_TICK) mTimeZoneString:null
04-09 23:12:00.079  6284  6284 D QSClockBellTower: He is ready to ring the bell. (((QSClockBellSound - TimeText:23:12, TimeContentDescription:23:12, DateText:Sun, 9 April, ShortDateText:Sun, 9 Apr, Demo:false, QuickStar-Second(false|12:34:56))))
04-09 23:12:00.081  6284  6284 D QSClockIndicatorView: Home Indicator status_bar_clock 23:12 notifyTimeChanged(QSClockBellSound - TimeText:23:12, TimeContentDescription:23:12, DateText:Sun, 9 April, ShortDateText:Sun, 9 Apr, Demo:false, QuickStar-Second(false|12:34:56)) ClockVisibleByPolicy:true, ClockVisibleByUser:true, visible?false, parent:android.widget.LinearLayout{130cee5 V.E...... ........ 0,0-0,55 #7f0b04e9 app:id/left_clock_container}
04-09 23:12:00.082  6284  6284 D QSClockBellTower: Everyone heard the bell. run(currentTime:1681074720076,   getTime():Sun Apr 09 23:12:00 GMT+02:00 2023,   getTimeZone():libcore.util.ZoneInfo[mDstSavings=3600000,mUseDst=true,mDelegate=[id="Europe/Belgrade",mRawOffset=3600000,mEarliestRawOffset=4920000,transitions=119]])
04-09 23:12:00.106  6284  6284 I FaceWidgetPositionAlgorithm: getMediaContainerHeight() height = 0 container Visibility = 8, isValid = false, mIsDozing = false, fraction = 1.0, source = 0, target = 0
04-09 23:12:00.106  6284  6284 I FaceWidgetPositionAlgorithm: getMediaContainerHeight() supplier = 0
04-09 23:12:00.111  6284  6284 V QsExpandAnimator: setQsExpansionPosition 0.0
04-09 23:12:00.123  6284  6284 V QsExpandAnimator: updateAnimators
04-09 23:12:00.123  6284  6284 V QsExpandAnimator: clearAnimationState
04-09 23:12:00.123  6284  6284 V QsExpandAnimator: updateViews
04-09 23:12:00.127  6284  6284 V QsExpandAnimator: updateTileAnimator
04-09 23:12:00.129  6284  6284 V QsExpandAnimator: updateHeaderAnimator
04-09 23:12:00.129  6284  6284 V QsExpandAnimator: updateBarAnimator
04-09 23:12:00.129  6284  6284 V QsExpandAnimator: setQsExpansionPosition 0.0
04-09 23:12:00.129  6284  6284 V QsExpandAnimator: onAnimationAtStart
04-09 23:12:00.130  5665  5741 W libprocessgroup: Failed to open /dev/blkio//cgroup.procs: No such file or directory
04-09 23:12:00.173  7623 28097 I NetworkScheduler.Stats: Task com.google.android.gms/com.google.android.gms.mdisync.service.MdiSyncBackgroundTaskService started execution. cause:5 exec_start_elapsed_seconds: 2618 [CONTEXT service_id=218 ]
04-09 23:12:00.314  7973 13560 I MdiSyncModule: Dispatching task '2_PERIODIC'...
04-09 23:12:00.322  7973 13560 I MdiSyncModule: Running singleton-scoped task '2 PERIODIC (2_PERIODIC)'...
04-09 23:12:01.114  8572  9084 I FuseDaemon: Threshold exceeded - fadvising 67211264
04-09 23:12:01.114  8572  9084 I FuseDaemon: Threshold now 0
04-09 23:12:01.191  6284  6284 D SecPowerUI.Notification: showChargingNotice oldChargingType : 11 currentChargingType : 11 oldChargingTime : 3074000 mChargingTime : 3074000
04-09 23:12:01.191  6284  6284 D SecPowerUI.Notification: There is no change about charging status, so return!
04-09 23:12:01.247  6284  6373 D MobileStatusTracker(1/2): onSignalStrengthsChanged level=2, vendorLevel=1
04-09 23:12:01.251  6284  6373 D MobileSignalController(1/2): notifyListener: enabled=true, connected=true, dataConnected=true, networkType=LTE (4G), emergencyOnly=false, roaming=false, isDefault=true, dataActivity=, level=1, ca=false, mmWave=false, disabledDataIcon=false, simCard=ETC
04-09 23:12:01.258  6284  6373 D NetworkController: SignalStrength from intent slotId=1
04-09 23:12:01.862  7973 13560 I MdiSyncModule: Singleton-scoped task '2 PERIODIC (2_PERIODIC)' finished with result '0'!
04-09 23:12:01.875  7973 13560 I GmsCoreXrpcWrapper: Returning a channel provider with trafficStatsTag=22017 trafficStatsUid=-1
04-09 23:12:01.972  6634  7262 W bt_stack: Connection failed classic remote:xx:xx:xx:xx:b3:b1 reason:PAGE_TIMEOUT
04-09 23:12:01.972  6634  7316 W bt_l2cap: L2CAP - no CCB for L2CA_disc_req, CID: 78
04-09 23:12:01.973  6634  7262 W bt_stack: Unhandled vendor specific event of type 0x90
04-09 23:12:01.973  6634  7316 W btm_acl : Unable to find active acl
04-09 23:12:01.973  6634  7342 E bt_btif_sock_rfcomm: find_rfc_slot_by_id unable to find RFCOMM slot id: 24
04-09 23:12:01.979  7623 11673 W WearableConn: Failed to connect, error: read failed, socket might closed or timeout, read ret: -1
04-09 23:12:01.979  7623 11673 D BluetoothSocket: close() this: android.bluetooth.BluetoothSocket@bd0c4f7, channel: -1, mSocketIS: android.net.LocalSocketImpl$SocketInputStream@1f14f64, mSocketOS: android.net.LocalSocketImpl$SocketOutputStream@54775cd, mSocket: android.net.LocalSocket@edfce82 impl:android.net.LocalSocketImpl@c2b993 fd:java.io.FileDescriptor@225fdd0, mSocketState: INIT
04-09 23:12:01.990  6634  6779 D BluetoothUtils: getBtEnabledContainers(): btContainers = []
04-09 23:12:01.997  6284  6373 V BluetoothEventManager: onReceive :: android.bluetooth.device.action.NAME_CHANGED
04-09 23:12:01.997  6284  6373 I BluetoothAdapter: STATE_ON
04-09 23:12:02.001  7623 11673 I WearableConn: Setting alarm for 256.0 seconds to retry connection
04-09 23:12:02.004  6713  6713 V BluetoothEventManager: onReceive :: android.bluetooth.device.action.NAME_CHANGED
04-09 23:12:02.004  6713  6713 I BluetoothAdapter: STATE_ON
04-09 23:12:02.008  7623 11673 I AlarmManager: setExactAndAllowWhileIdle [name: WearableBluetooth type: 2 triggerAtMillis: 2876543]
04-09 23:12:02.010  6634  6779 D BluetoothUtils: getBtEnabledContainers(): btContainers = []
04-09 23:12:02.016  7973 13560 I MdiSyncModule: Running account-scoped task '2 PERIODIC (2_PERIODIC)'...
04-09 23:12:02.039  6284  6373 D CachedBluetoothDeviceManager: onDeviceNameUpdated :: skip same name update
04-09 23:12:02.040  6284  6373 V BluetoothEventManager: onReceive :: android.bluetooth.device.action.CLASS_CHANGED
04-09 23:12:02.042  6713  6713 D CachedBluetoothDeviceManager: onDeviceNameUpdated :: skip same name update
04-09 23:12:02.042  6713  6713 V BluetoothEventManager: onReceive :: android.bluetooth.device.action.CLASS_CHANGED
04-09 23:12:02.050  6284  6373 V BluetoothEventManager: onReceive :: com.samsung.bluetooth.device.action.MANUFACTURER_CHANGED
04-09 23:12:02.062  6713  6713 V BluetoothEventManager: onReceive :: com.samsung.bluetooth.device.action.MANUFACTURER_CHANGED
04-09 23:12:02.778  5665  5878 I HqmInfo::HqmManagerService: MSG_TYPE:MSG_TYPE_PROCESS_LOG_BY_HQM
04-09 23:12:02.841  7973 13560 I MdiSyncModule: Running account-scoped task '2 PERIODIC (2_PERIODIC)'...
04-09 23:12:02.896  5665  6082 I ChimeraAggressivePolicyHandler: executePolicy() - triggerSource: TRIGGER_SOURCE_LMKD
04-09 23:12:02.899  5665  6082 I ChimeraAggressivePolicyHandler: available memory: 1168736, free memory target: 890880, quit chimera
04-09 23:12:03.299  7973 13560 I MdiSyncModule: Task '2 PERIODIC (2_PERIODIC)' finished with result '0'!
04-09 23:12:03.328  7623 27335 I NetworkScheduler.Stats: Task com.google.android.gms/com.google.android.gms.mdisync.service.MdiSyncBackgroundTaskService finished executing. cause:5 result: 1 elapsed_millis: 3213 uptime_millis: 3213 exec_start_elapsed_seconds: 2618 [CONTEXT service_id=218 ]
04-09 23:12:06.212  5312  5312 E sehhealth-service: Could not open /sys/class/power_supply/battery/lrp
04-09 23:12:06.217  6213  6213 D SemBigDataInfoController: Intent: android.intent.action.BATTERY_CHANGED
04-09 23:12:06.219  6213  6213 D SemBigDataInfoController: Intent: android.intent.action.BATTERY_CHANGED
04-09 23:12:06.221  6284  6284 I PowerUI : mBootCompleted = true |  mFullyConnected = true
04-09 23:12:06.221  6284  6284 W PowerUI : Plug reason
04-09 23:12:06.222  6284  6284 W PowerUI : Skip charging animation - by plug status
04-09 23:12:06.222  6284 11507 D SecPowerUI.Notification: dismissing low battery warning: level=65
04-09 23:12:06.222  6284  6284 D PowerUI : priorPlugType = 2 mPlugType = 2 priorBatteryStatus = 2 mBatteryStatus = 2
04-09 23:12:06.222  6284 11507 D SecPowerUI.Notification: updateNotification mWarning=false mPlaySound=false
04-09 23:12:06.222  6284  6284 W PowerUI : Plug reason
04-09 23:12:06.222  6284  6284 W PowerUI : Skip charging sound - by plug status
04-09 23:12:06.222  6284 11507 D SecPowerUI.Notification: SecBatteryStatsSnapshot{batteryLevel=65, currentBatteryMode=0, chargingTime=3074000, chargingType=11, batteryHealth=2, automaticTestMode=false, isHiccupState=false}
04-09 23:12:06.222  6284  6284 I PowerUI : oldMisalign : false, curMisalign : false
04-09 23:12:06.225  6284  6284 D SecPowerUI.Notification: showChargingNotice oldChargingType : 11 currentChargingType : 11 oldChargingTime : 3074000 mChargingTime : 3071000
04-09 23:12:06.225  6284  6284 D SecPowerUI.Notification: showChargingNotification()
04-09 23:12:06.225  6284  6284 D SecPowerUI.Notification: SecBatteryStatsSnapshot{batteryLevel=65, currentBatteryMode=0, chargingTime=3071000, chargingType=11, batteryHealth=2, automaticTestMode=false, isHiccupState=false}
04-09 23:12:06.226  6284  6284 D PowerUi.ChargingNotification: showChargingNotification()
04-09 23:12:06.228  6284 11507 D SecPowerUI.Notification: 1. restoreScreenTimeOut - saved_value : :
04-09 23:12:06.228  6284 11507 E SecPowerUI.Notification: no saved value, so we do nothing !!
04-09 23:12:06.230  6284  6284 D PowerUi.ChargingNotification: showChargingNotification()
04-09 23:12:06.231  5665  5861 D MotionRecognitionService: [SAR]  onReceive : ACTION_BATTERY_CHANGED, Plugged: 2
04-09 23:12:06.232  5665  8767 D ApplicationPolicy: isStatusBarNotificationAllowedAsUser: packageName = com.android.systemui,userId = 0
04-09 23:12:06.232  5665  8767 D ApplicationPolicy: isStatusBarNotificationAllowedAsUser: packageName = com.android.systemui,userId = -1
04-09 23:12:06.233  5665  8767 D ApplicationPolicy: isStatusBarNotificationAllowedAsUser: converting userId from USER_ALLto 0
04-09 23:12:06.236  6284  6284 D PowerUI : Battery swelling mode - priorBatterySwellingMode = 0 mBatterySwellingMode = 0 mBatteryStatus = 2
04-09 23:12:06.236  5665  5665 D PhoneWindowManagerExt: ACTION_BATTERY_CHANGED - Level=65, status=2
04-09 23:12:06.236  6284  6284 I PowerUI : mBatteryMiscEvent = 65536
04-09 23:12:06.237  6284  6284 D SamsungBatteryMeterDrawable: onBatteryLevelChanged isSomethingChanged: false
04-09 23:12:06.237  5665  5665 D SemWifiApBroadcastReceiver: Received : android.intent.action.BATTERY_CHANGED
04-09 23:12:06.238  6284  6284 D SamsungBatteryMeterDrawable: onBatteryLevelChanged isSomethingChanged: false
04-09 23:12:06.238  6284  6284 D SamsungBatteryMeterDrawable: onBatteryLevelChanged isSomethingChanged: false
04-09 23:12:06.239  6284  6284 D SamsungBatteryMeterDrawable: onBatteryLevelChanged isSomethingChanged: false
04-09 23:12:06.240  6284  6284 D KeyguardUpdateMonitor: received broadcast android.intent.action.BATTERY_CHANGED
04-09 23:12:06.241  6284  6284 I AODBatteryManager: updateBatteryData: ACTION_BATTERY_CHANGED
04-09 23:12:06.243  6284  6284 I AODBatteryManager: saveBatteryData : AOD BatteryData [mBatteryLevel=65, mBatteryStatus=CHARGING, mBatteryPlugType=USB, mBatteryPlugged=true, mRemainingChargeTime=3071000, mBatteryChargingType=2, mBatteryChargerType=FAST, mBatteryOnline=NOT_DEFINED, mBatterySwellingMode=NONE, mBatteryProtectMode=false]
04-09 23:12:06.243  6284  6284 I ChargingInfoManager: updateChargingInfo: newState = AOD ChargingInfo [mState=BATTERY_AND_REMAIN_TIME, mIsCharging=true, mIsFullyCharged=false, mIsBatteryProtectMode=false], oldState = AOD ChargingInfo [mState=BATTERY_AND_REMAIN_TIME, mIsCharging=true, mIsFullyCharged=false, mIsBatteryProtectMode=false]
04-09 23:12:06.243  6284  6284 D KeyguardUpdateMonitor: handleBatteryUpdate
04-09 23:12:06.248  6284  6284 D KeyguardSecIndicationController: addIndicationTimeout() returned - unlocking
04-09 23:12:06.248  6284  6284 D KeyguardSecIndicationController: addIndication() returned - unlocking
04-09 23:12:06.249  6284  6284 D KeyguardSecIndicationController: addBatteryAndOwnerInfoIndication() battery status = BatteryStatus{status=2,level=65,plugged=2,health=2,maxChargingWattage=-1,remaining=3071000ultraFastCharger=1}
04-09 23:12:06.366  6284  6373 D MobileStatusTracker(1/2): onSignalStrengthsChanged level=2, vendorLevel=1
04-09 23:12:06.372  6284  6373 D MobileSignalController(1/2): notifyListener: enabled=true, connected=true, dataConnected=true, networkType=LTE (4G), emergencyOnly=false, roaming=false, isDefault=true, dataActivity=, level=1, ca=false, mmWave=false, disabledDataIcon=false, simCard=ETC
04-09 23:12:06.372  6284  6373 D NetworkController: SignalStrength from intent slotId=1
04-09 23:12:06.434  8572  9084 I FuseDaemon: Threshold exceeded - fadvising 67231744
04-09 23:12:06.434  8572  9084 I FuseDaemon: Threshold now 0
04-09 23:12:06.463  6210  6210 I FreeformContainer: [SmartPopupViewService] onNotificationPosted: StatusBarNotification(pkg=com.android.systemui user=UserHandle{-1} id=2131428959 tag=charging_state key=-1|com.android.systemui|2131428959|charging_state|10054: Notification(channel=CHR shortcut=null contentView=null vibrate=null sound=null defaults=0x0 flags=0xa color=0xff8b94ab category=sys groupKey=CHARGING vis=PUBLIC semFlags=0x0 semPriority=0 semMissedCount=0))
04-09 23:12:06.463  6210  6210 V FreeformContainer: [SmartPopupViewService] isSmartPopupViewTarget: com.android.systemui is not enabled
04-09 23:12:06.464  9619 10534 I NotificationPipeline: Processing new notification: -1|com.android.systemui|2131428959|charging_state|10054
04-09 23:12:06.465  9619 10534 E Notification4Heart_NB: WatchFactory.getWatch-lastConnectedNodeId is null
04-09 23:12:06.466  9619 10534 W Notification4Heart_NB: NotificationBridgeCallback.onNotificationPosted-never connected before
04-09 23:12:06.468  6284  6284 D BubblesManager: onRankingUpdate : shouldBubbleUp=false ,pkg=android ,key=-1|android|34|NetworkPolicy:945656281:34|1000
04-09 23:12:06.468  6284  6284 D BubblesManager: onRankingUpdate : shouldBubbleUp=false ,pkg=com.kms.free ,key=0|com.kms.free|42|null|10299
04-09 23:12:06.468  6837  6837 I Launcher.NotificationListener: onNotificationPosted : com.android.systemui number : 0
04-09 23:12:06.469  6284  6284 D BubblesManager: onRankingUpdate : shouldBubbleUp=false ,pkg=com.sec.android.app.shealth ,key=0|com.sec.android.app.shealth|105|null|10256
04-09 23:12:06.469  6284  6284 D BubblesManager: onRankingUpdate : shouldBubbleUp=false ,pkg=com.kms.free ,key=0|com.kms.free|1|null|10299
04-09 23:12:06.469  6284  6284 D BubblesManager: onRankingUpdate : shouldBubbleUp=false ,pkg=mrigapps.andriod.breakfree.deux ,key=0|mrigapps.andriod.breakfree.deux|2|null|10506
04-09 23:12:06.469  6284  6284 D BubblesManager: onRankingUpdate : shouldBubbleUp=false ,pkg=com.android.providers.downloads ,key=0|com.android.providers.downloads|0|3:1244|10068
04-09 23:12:06.470  6284  6284 D BubblesManager: onRankingUpdate : shouldBubbleUp=false ,pkg=ru.mail.mailapp ,key=0|ru.mail.mailapp|1073741824|zhelenskiy@mail.ru|10221
04-09 23:12:06.470  6284  6284 D InterruptionStateProvider: Group alert behavior is suppressed but we want to alert bubble
04-09 23:12:06.470  6284  6284 D BubblesManager: onRankingUpdate : shouldBubbleUp=false ,pkg=ru.mail.mailapp ,key=0|ru.mail.mailapp|1291137120|zhelenskiy@mail.ru|10221
04-09 23:12:06.471  6284  6284 D InterruptionStateProvider: Group alert behavior is suppressed but we want to alert bubble
04-09 23:12:06.471  6284  6284 D BubblesManager: onRankingUpdate : shouldBubbleUp=false ,pkg=ru.mail.mailapp ,key=0|ru.mail.mailapp|406243825|zhelenskiy@mail.ru|10221
04-09 23:12:06.471  6284  6284 D BubblesManager: onRankingUpdate : shouldBubbleUp=false ,pkg=android ,key=0|android|38|AccountManagerService:38:-904454848:838749127:10427|1000
04-09 23:12:06.471  6284  6284 D InterruptionStateProvider: Group alert behavior is suppressed but we want to alert bubble
04-09 23:12:06.472  6284  6284 D BubblesManager: onRankingUpdate : shouldBubbleUp=false ,pkg=com.google.android.googlequicksearchbox ,key=0|com.google.android.googlequicksearchbox|0|-1997195081::SUMMARY::wx|10233
04-09 23:12:06.472  6284  6284 D BubblesManager: onRankingUpdate : shouldBubbleUp=false ,pkg=com.google.android.googlequicksearchbox ,key=0|com.google.android.googlequicksearchbox|0|-1997195081::a:snotification:[0x394,wx.f,NOTIFICATION]|10233
04-09 23:12:06.472  6284  6284 D BubblesManager: onRankingUpdate : shouldBubbleUp=false ,pkg=android ,key=-1|android|27|null|1000
04-09 23:12:06.472  6284  6284 D BubblesManager: onRankingUpdate : shouldBubbleUp=false ,pkg=com.android.systemui ,key=-1|com.android.systemui|2131428959|charging_state|10054
04-09 23:12:06.473  6284  6315 D Bubbles : onRankingUpdated : isActiveOrInOverflow= false , mTmpRanking.canBubble()= false ,isActive= false ,shouldBubbleUp= false ,mTmpRanking.isBubble()= false
04-09 23:12:06.474  6284  6315 D Bubbles : onRankingUpdated : isActiveOrInOverflow= false , mTmpRanking.canBubble()= false ,isActive= false ,shouldBubbleUp= false ,mTmpRanking.isBubble()= false
04-09 23:12:06.474  6284  6315 D Bubbles : onRankingUpdated : isActiveOrInOverflow= false , mTmpRanking.canBubble()= false ,isActive= false ,shouldBubbleUp= false ,mTmpRanking.isBubble()= false
04-09 23:12:06.474  6284  6315 D Bubbles : onRankingUpdated : isActiveOrInOverflow= false , mTmpRanking.canBubble()= false ,isActive= false ,shouldBubbleUp= false ,mTmpRanking.isBubble()= false
04-09 23:12:06.474  6284  6315 D Bubbles : onRankingUpdated : isActiveOrInOverflow= false , mTmpRanking.canBubble()= false ,isActive= false ,shouldBubbleUp= false ,mTmpRanking.isBubble()= false
04-09 23:12:06.475  6284  6315 D Bubbles : onRankingUpdated : isActiveOrInOverflow= false , mTmpRanking.canBubble()= false ,isActive= false ,shouldBubbleUp= false ,mTmpRanking.isBubble()= false
04-09 23:12:06.475  6284  6315 D Bubbles : onRankingUpdated : isActiveOrInOverflow= false , mTmpRanking.canBubble()= false ,isActive= false ,shouldBubbleUp= false ,mTmpRanking.isBubble()= false
04-09 23:12:06.475  6284  6315 D Bubbles : onRankingUpdated : isActiveOrInOverflow= false , mTmpRanking.canBubble()= false ,isActive= false ,shouldBubbleUp= false ,mTmpRanking.isBubble()= false
04-09 23:12:06.476  6284  6315 D Bubbles : onRankingUpdated : isActiveOrInOverflow= false , mTmpRanking.canBubble()= false ,isActive= false ,shouldBubbleUp= false ,mTmpRanking.isBubble()= false
04-09 23:12:06.476  6284  6315 D Bubbles : onRankingUpdated : isActiveOrInOverflow= false , mTmpRanking.canBubble()= false ,isActive= false ,shouldBubbleUp= false ,mTmpRanking.isBubble()= false
04-09 23:12:06.476  6284  6315 D Bubbles : onRankingUpdated : isActiveOrInOverflow= false , mTmpRanking.canBubble()= false ,isActive= false ,shouldBubbleUp= false ,mTmpRanking.isBubble()= false
04-09 23:12:06.476  6284  6315 D Bubbles : onRankingUpdated : isActiveOrInOverflow= false , mTmpRanking.canBubble()= false ,isActive= false ,shouldBubbleUp= false ,mTmpRanking.isBubble()= false
04-09 23:12:06.476  6284  6315 D Bubbles : onRankingUpdated : isActiveOrInOverflow= false , mTmpRanking.canBubble()= false ,isActive= false ,shouldBubbleUp= false ,mTmpRanking.isBubble()= false
04-09 23:12:06.476  6284  6315 D Bubbles : onRankingUpdated : isActiveOrInOverflow= false , mTmpRanking.canBubble()= false ,isActive= false ,shouldBubbleUp= false ,mTmpRanking.isBubble()= false
04-09 23:12:06.671  6284  6284 D BubblesManager: onEntryUpdated : shouldBubbleUp=false ,key=-1|com.android.systemui|2131428959|charging_state|10054
04-09 23:12:06.703  6284  6284 I FaceWidgetPositionAlgorithm: getMediaContainerHeight() height = 0 container Visibility = 8, isValid = false, mIsDozing = false, fraction = 1.0, source = 0, target = 0
04-09 23:12:06.704  6284  6284 I FaceWidgetPositionAlgorithm: getMediaContainerHeight() supplier = 0
04-09 23:12:06.764 13828 13868 I Benchmark: AndroidBenchmark.baselineFloat[Metric (timeNs) results: median 1.10071105625E7, min 1.04286875E7, max 1.208975E7, standardDeviation: 447734.83275383944, Metric (allocationCount) results: median 249317.0, min 249316.375, max 249317.125, standardDeviation: 0.33541019662496846]count=8
04-09 23:12:06.768  6284  6284 I FaceWidgetPositionAlgorithm: getMediaContainerHeight() height = 0 container Visibility = 8, isValid = false, mIsDozing = false, fraction = 1.0, source = 0, target = 0
04-09 23:12:06.769  6284  6284 I FaceWidgetPositionAlgorithm: getMediaContainerHeight() supplier = 0
04-09 23:12:06.773 13828 13868 D Benchmark: writing results to /storage/emulated/0/Android/data/org.jetbrains.android_benchmark.test/cache/org.jetbrains.android_benchmark.test-benchmarkData.json
04-09 23:12:06.783 13828 13868 D Benchmark: Copying /storage/emulated/0/Android/data/org.jetbrains.android_benchmark.test/cache/org.jetbrains.android_benchmark.test-benchmarkData.json to /sdcard/Android/media/org.jetbrains.android_benchmark.test/additional_test_output/org.jetbrains.android_benchmark.test-benchmarkData.json
04-09 23:12:06.805  6284  6284 I FaceWidgetPositionAlgorithm: getMediaContainerHeight() height = 0 container Visibility = 8, isValid = false, mIsDozing = false, fraction = 1.0, source = 0, target = 0
04-09 23:12:06.805  6284  6284 I FaceWidgetPositionAlgorithm: getMediaContainerHeight() supplier = 0
04-09 23:12:06.899  5665  6796 D SyncManager: userId - 0 auto - true
04-09 23:12:06.899  8572 27829 I MediaProvider: Deleted 1 0 0 0 0 0 0 items on external_primary due to org.jetbrains.android_benchmark.test
04-09 23:12:06.917  8572 26131 W MediaProvider: isAppCloneUserPair for user 0: false
04-09 23:12:06.957  5665  6796 D SyncManager: userId - 0 auto - true
04-09 23:12:06.958 13828 13868 I TestRunner: finished: baselineFloat(org.jetbrains.android_benchmark.AndroidBenchmark)
