04-19 16:04:41.940 17564 17585 I TestRunner: started: valueFloat(org.jetbrains.android_benchmark.Wolf3dBenchmark)
04-19 16:04:41.943 17564 17564 I MonitoringInstr: Activities that are still in CREATED to STOPPED: 1
04-19 16:04:41.943 17564 17564 I MonitoringInstr: Finishing activity: androidx.benchmark.IsolationActivity@f5684be
04-19 16:04:41.949 17564 17585 I GrantPermissionCallable: Permission: android.permission.WRITE_EXTERNAL_STORAGE is already granted!
04-19 16:04:41.949 17564 17585 I GrantPermissionCallable: Permission: android.permission.READ_EXTERNAL_STORAGE is already granted!
04-19 16:04:41.950 17564 17585 D Benchmark: -- Running org.jetbrains.android_benchmark.Wolf3dBenchmark#valueFloat --
04-19 16:04:41.950 17564 17585 D PerfettoCapture: Supported ABIs: arm64-v8a, armeabi-v7a, armeabi
04-19 16:04:41.950 17564 17585 D PerfettoCapture: Recording perfetto trace
04-19 16:04:41.981 17564 17585 I PerfettoCapture: Cleanup perfetto before starting.
04-19 16:04:42.087 30407 30407 I ResourceOverlayService_0: waitAndQuit called
04-19 16:04:42.089 30407 30407 I ResourceOverlayService_0: activity user id 0 process id 0
04-19 16:04:42.187 17564 17585 I PerfettoCapture: Perfetto output file cleanup -
04-19 16:04:42.187 17564 17585 I PerfettoCapture: Starting perfetto tracing with cmd: cat /storage/emulated/0/Android/data/org.jetbrains.android_benchmark.test/cache/trace_config.pb | perfetto --background -c - -o /data/misc/perfetto-traces/trace_output.pb
04-19 16:04:42.366 24449 24449 I perfetto:    perfetto_cmd.cc:1001 Connected to the Perfetto traced service, starting tracing
04-19 16:04:42.368  5406  5406 I perfetto: ing_service_impl.cc:953 Configured tracing session 199, #sources:4, duration:0 ms, #buffers:2, total buffer size:36864 KB, total sessions:1, uid:2000 session name: ""
04-19 16:04:42.369  5403  5403 I perfetto:  probes_producer.cc:139 Ftrace setup (target_buf=397)
04-19 16:04:42.422 17564 17585 I PerfettoCapture: Perfetto output - 24449
04-19 16:04:42.422 17564 17585 I PerfettoCapture: EXITCODE=0
04-19 16:04:42.438  4378  4378 I hwservicemanager: getTransport: Cannot find entry android.hardware.atrace@1.0::IAtraceDevice/default in either framework or device VINTF manifest.
04-19 16:04:42.447  5628  5714 W libprocessgroup: Failed to open /dev/blkio//cgroup.procs: No such file or directory
04-19 16:04:42.471  5403  5403 I perfetto:    ftrace_procfs.cc:335 enabled ftrace in /sys/kernel/tracing/
04-19 16:04:42.477 22993 22993 I SCS@AiSearch user 0: (ObserverWorker::AOSP_MP) [main] entering in startWork():
04-19 16:04:42.478 22993 22993 I SCS@AiSearch user 0: (BaseCollector::AOSP_MP) [main] entering in onChange():
04-19 16:04:42.479 22993 23043 I SCS@AiSearch user 0: (BaseCollector::AOSP_MP) [AOSP_MP-0] entering in collectChanges():
04-19 16:04:42.489  5628 11414 D PackageManager: setEnabledSetting : userId = 0 packageName = com.samsung.android.scs cmp = androidx.work.impl.background.systemalarm.RescheduleReceiver newState = 1 callingPackage = 10380/com.samsung.android.scs
04-19 16:04:42.491  5628 11414 D ApplicationPolicy: getApplicationStateEnabled : pkg = com.samsung.android.scs userId : 0
04-19 16:04:42.491  5628 11414 D ApplicationPolicy: getApplicationComponentState : pkg = com.samsung.android.scs userId : 0
04-19 16:04:42.536 22993 23043 I SCS@AiSearch user 0: (BaseCollector::AOSP_MP) fetchInternal values : maxSyncId: 1000007868 indexCount: 1709 sourceCount: 1709
04-19 16:04:42.536 17564 17585 I PerfettoCapture: Perfetto tracing started successfully with pid 24449.
04-19 16:04:42.594 22993 23043 I SCS@AiSearch user 0: (IndexManager) [AOSP_MP-0] entering in addIndex():
04-19 16:04:42.601 22993 23043 I SCS@AiSearch user 0: (BaseCollector::AOSP_MP) fetch: fetching took  91 ms
04-19 16:04:42.601 22993 23043 I SCS@AiSearch user 0: (BaseCollector::AOSP_MP) fetchChanges: applied 0 items
04-19 16:04:42.602 22993 23043 I SCS@AiSearch user 0: (BaseCollector::AOSP_MP) Collect finished. Result: true
04-19 16:04:42.605 22993 23035 I WM-WorkerWrapper: Worker result SUCCESS for Work [ id=e8f4c617-9d18-4e7c-b555-10897746d6ed, tags={ com.sec.android.app.myfiles, com.samsung.android.scs.ai.search.data.collector.ObserverWorker } ]
04-19 16:04:42.611 22993 23043 I SCS@AiSearch user 0: (BaseCollector::AOSP_MP) enqueue ObserverWorker name: com.sec.android.app.myfiles, policy: APPEND_OR_REPLACE
04-19 16:04:42.624 17564 17585 I PerfettoCapture: /sys/kernel/tracing/tracing_on = 1, polled 0 times, capture fully started
04-19 16:04:42.626 17564 17585 D Benchmark: Set 17585 (Bench thread) to priority -20. Was -8, now -20
04-19 16:04:42.626 17564 17585 D Benchmark: Set 17572 (Jit) to priority -15. Was 9, now -15
04-19 16:04:42.658 17564 17585 I _benchmark.test: Explicit concurrent copying GC freed 7048(655KB) AllocSpace objects, 1(20KB) LOS objects, 67% free, 2911KB/9055KB, paused 271us,91us total 31.346ms
04-19 16:04:42.687  5628 11414 D PackageManager: setEnabledSetting : userId = 0 packageName = com.samsung.android.scs cmp = androidx.work.impl.background.systemalarm.RescheduleReceiver newState = 1 callingPackage = 10380/com.samsung.android.scs
04-19 16:04:42.691  5628 11414 D ApplicationPolicy: getApplicationStateEnabled : pkg = com.samsung.android.scs userId : 0
04-19 16:04:42.693  5628 11414 D ApplicationPolicy: getApplicationComponentState : pkg = com.samsung.android.scs userId : 0
04-19 16:04:43.091 30407 30407 I ResourceOverlayService_0: waitAndQuit called
04-19 16:04:43.094 30407 30407 I ResourceOverlayService_0: activity user id 0 process id 0
04-19 16:04:44.096 30407 30407 I ResourceOverlayService_0: waitAndQuit called
04-19 16:04:44.098 30407 30407 I ResourceOverlayService_0: activity user id 0 process id 0
04-19 16:04:44.540  5628  9811 D SemWifiUsabilityStatsMonitor: onWifiUsabilityStats - seqNum 36196, isSameBssidAndFreq true
04-19 16:04:44.545  5628  8422 I SemWifiLinkQualityMonitor: Link Qos Query: 0.018 ms / 433.000 Mbps (433 / 0.000 / 1.000)
04-19 16:04:44.546  8513  8513 D NetworkController.WifiSignalController: notifyListener: visible=true, connected=true, inetCondition=1, isDefault=true, wifiTestReported=true, receivedInetCondition=-1, hideDuringMobileSwitching=false
04-19 16:04:44.548  8513  8599 D Tile.WifiTile: handleUpdateState isTransient=false transientEnabling =false cb.isTransient=false state.state = 2 mStateBeforeClick.value =false enabled =true
04-19 16:04:45.100 30407 30407 I ResourceOverlayService_0: waitAndQuit called
04-19 16:04:45.101 30407 30407 I ResourceOverlayService_0: activity user id 0 process id 0
04-19 16:04:46.104 30407 30407 I ResourceOverlayService_0: waitAndQuit called
04-19 16:04:46.109 30407 30407 I ResourceOverlayService_0: activity user id 0 process id 0
04-19 16:04:47.112 30407 30407 I ResourceOverlayService_0: waitAndQuit called
04-19 16:04:47.113 30407 30407 I ResourceOverlayService_0: activity user id 0 process id 0
04-19 16:04:47.577  5628  9811 D SemWifiUsabilityStatsMonitor: onWifiUsabilityStats - seqNum 36197, isSameBssidAndFreq true
04-19 16:04:47.581  5628  8422 I SemWifiLinkQualityMonitor: Link Qos Query: 0.018 ms / 433.000 Mbps (433 / 0.000 / 1.000)
04-19 16:04:48.115 30407 30407 I ResourceOverlayService_0: waitAndQuit called
04-19 16:04:48.117 30407 30407 I ResourceOverlayService_0: activity user id 0 process id 0
04-19 16:04:49.119 30407 30407 I ResourceOverlayService_0: waitAndQuit called
04-19 16:04:49.121 30407 30407 I ResourceOverlayService_0: activity user id 0 process id 0
04-19 16:04:50.123 30407 30407 I ResourceOverlayService_0: waitAndQuit called
04-19 16:04:50.126 30407 30407 I ResourceOverlayService_0: activity user id 0 process id 0
04-19 16:04:50.613  5628  9811 D SemWifiUsabilityStatsMonitor: onWifiUsabilityStats - seqNum 36198, isSameBssidAndFreq true
04-19 16:04:50.618  8513  8513 D NetworkController.WifiSignalController: notifyListener: visible=true, connected=true, inetCondition=1, isDefault=true, wifiTestReported=true, receivedInetCondition=-1, hideDuringMobileSwitching=false
04-19 16:04:50.619  8513  8599 D Tile.WifiTile: handleUpdateState isTransient=false transientEnabling =false cb.isTransient=false state.state = 2 mStateBeforeClick.value =false enabled =true
04-19 16:04:50.621  5628  8422 I SemWifiLinkQualityMonitor: Link Qos Query: 0.018 ms / 433.000 Mbps (433 / 0.000 / 1.000)
04-19 16:04:51.127 30407 30407 I ResourceOverlayService_0: waitAndQuit called
04-19 16:04:51.128 30407 30407 I ResourceOverlayService_0: activity user id 0 process id 0
04-19 16:04:51.944  5628  5714 W libprocessgroup: Failed to open /dev/blkio//cgroup.procs: No such file or directory
04-19 16:04:52.131 30407 30407 I ResourceOverlayService_0: waitAndQuit called
04-19 16:04:52.132 30407 30407 I ResourceOverlayService_0: activity user id 0 process id 0
04-19 16:04:53.134 30407 30407 I ResourceOverlayService_0: waitAndQuit called
04-19 16:04:53.136 30407 30407 I ResourceOverlayService_0: activity user id 0 process id 0
04-19 16:04:53.663  5628  9811 D SemWifiUsabilityStatsMonitor: onWifiUsabilityStats - seqNum 36199, isSameBssidAndFreq true
04-19 16:04:53.668  5628  8422 I SemWifiLinkQualityMonitor: Link Qos Query: 0.018 ms / 433.000 Mbps (433 / 0.000 / 1.000)
04-19 16:04:54.138 30407 30407 I ResourceOverlayService_0: waitAndQuit called
04-19 16:04:54.141 30407 30407 I ResourceOverlayService_0: activity user id 0 process id 0
04-19 16:04:55.144 30407 30407 I ResourceOverlayService_0: waitAndQuit called
04-19 16:04:55.146 30407 30407 I ResourceOverlayService_0: activity user id 0 process id 0
04-19 16:04:56.149 30407 30407 I ResourceOverlayService_0: waitAndQuit called
04-19 16:04:56.150 30407 30407 I ResourceOverlayService_0: activity user id 0 process id 0
04-19 16:04:56.280  8513  8599 D MobileStatusTracker(0/1): onSignalStrengthsChanged level=2, vendorLevel=2
04-19 16:04:56.284  8513  8599 D MobileSignalController(0/1): notifyListener: enabled=true, connected=true, dataConnected=false, networkType=LTE (4G), emergencyOnly=false, roaming=true, isDefault=false, dataActivity=, level=2, ca=false, mmWave=false, disabledDataIcon=false, simCard=ETC
04-19 16:04:56.290  8513  8599 D NetworkController: SignalStrength from intent slotId=0
04-19 16:04:56.721  5628  9811 D SemWifiUsabilityStatsMonitor: onWifiUsabilityStats - seqNum 36200, isSameBssidAndFreq true
04-19 16:04:56.728  5628  8422 I SemWifiLinkQualityMonitor: Link Qos Query: 0.018 ms / 433.000 Mbps (433 / 0.000 / 1.000)
04-19 16:04:56.982 23109 23109 D BoundBrokerSvc: onUnbind: Intent { act=com.google.android.gms.scheduler.ACTION_PROXY_SCHEDULE dat=chimera-action:/... cmp=com.google.android.gms/.chimera.PersistentApiService }
04-19 16:04:57.153 30407 30407 I ResourceOverlayService_0: waitAndQuit called
04-19 16:04:57.156 30407 30407 I ResourceOverlayService_0: activity user id 0 process id 0
04-19 16:04:57.900 27910 24513 I GmscoreIpa: Starting mediastore instant index [CONTEXT service_id=255 ]
04-19 16:04:58.159 30407 30407 I ResourceOverlayService_0: waitAndQuit called
04-19 16:04:58.161 30407 30407 I ResourceOverlayService_0: activity user id 0 process id 0
04-19 16:04:59.163 30407 30407 I ResourceOverlayService_0: waitAndQuit called
04-19 16:04:59.165 30407 30407 I ResourceOverlayService_0: activity user id 0 process id 0
04-19 16:04:59.770  5628  9811 D SemWifiUsabilityStatsMonitor: onWifiUsabilityStats - seqNum 36201, isSameBssidAndFreq true
04-19 16:04:59.772  5628  8422 I SemWifiLinkQualityMonitor: Link Qos Query: 0.018 ms / 433.000 Mbps (433 / 0.000 / 1.000)
04-19 16:05:00.004  8513  8513 D KeyguardUpdateMonitor: received broadcast android.intent.action.TIME_TICK
04-19 16:05:00.005  8513  8513 D KeyguardUpdateMonitor: handleTimeUpdate
04-19 16:05:00.006  8513  8513 D FaceWidgetPagesController: onTimeChanged()
04-19 16:05:00.012  8513  9203 D QSClockBellTower: onReceive(android.intent.action.TIME_TICK) mTimeZoneString:null
04-19 16:05:00.047  4557  4557 I p       : processValidityUpdateForAllData
04-19 16:05:00.151  8513  8513 D QSClockBellTower: He is ready to ring the bell. (((QSClockBellSound - TimeText:16:05, TimeContentDescription:16:05, DateText:Wed, 19 April, ShortDateText:Wed, 19 Apr, Demo:false, QuickStar-Second(false|12:34:56))))
04-19 16:05:00.152  8513  8513 D QSClockIndicatorView: Home Indicator status_bar_clock 16:05 notifyTimeChanged(QSClockBellSound - TimeText:16:05, TimeContentDescription:16:05, DateText:Wed, 19 April, ShortDateText:Wed, 19 Apr, Demo:false, QuickStar-Second(false|12:34:56)) ClockVisibleByPolicy:true, ClockVisibleByUser:true, visible?false, parent:android.widget.LinearLayout{883fb58 V.E...... ........ 0,0-0,55 #7f0b04f0 app:id/left_clock_container}
04-19 16:05:00.152  8513  8513 D QSClockBellTower: Everyone heard the bell. run(currentTime:1681913100150,   getTime():Wed Apr 19 16:05:00 GMT+02:00 2023,   getTimeZone():libcore.util.ZoneInfo[mDstSavings=3600000,mUseDst=true,mDelegate=[id="Europe/Belgrade",mRawOffset=3600000,mEarliestRawOffset=4920000,transitions=119]])
04-19 16:05:00.155  8513  8513 I FaceWidgetPositionAlgorithm: getClockContainerHeight() supplier = 270, bottom margin = 0, real height = 333
04-19 16:05:00.156  8513  8513 I FaceWidgetPositionAlgorithm: getClockContainerHeight() supplier = 270, bottom margin = 63, real height = 333
04-19 16:05:00.156  8513  8513 I FaceWidgetPositionAlgorithm: getMediaContainerHeight() height = 0 container Visibility = 8, isValid = false, mIsDozing = false, fraction = 1.0, source = 0, target = 0
04-19 16:05:00.156  8513  8513 I FaceWidgetPositionAlgorithm: getMediaContainerHeight() supplier = 0
04-19 16:05:00.157  8513  8513 V QsExpandAnimator: setQsExpansionPosition 0.0
04-19 16:05:00.167 30407 30407 I ResourceOverlayService_0: waitAndQuit called
04-19 16:05:00.167  8513  8513 V QsExpandAnimator: updateAnimators
04-19 16:05:00.167  8513  8513 V QsExpandAnimator: clearAnimationState
04-19 16:05:00.167  8513  8513 V QsExpandAnimator: updateViews
04-19 16:05:00.168 30407 30407 I ResourceOverlayService_0: activity user id 0 process id 0
04-19 16:05:00.169  8513  8513 V QsExpandAnimator: updateTileAnimator
04-19 16:05:00.170  8513  8513 V QsExpandAnimator: updateHeaderAnimator
04-19 16:05:00.171  8513  8513 V QsExpandAnimator: updateBarAnimator
04-19 16:05:00.171  8513  8513 V QsExpandAnimator: setQsExpansionPosition 0.0
04-19 16:05:00.171  8513  8513 V QsExpandAnimator: onAnimationAtStart
04-19 16:05:00.190  4557  4657 I e       : BC Smartspace data listener is not enabled on device
04-19 16:05:00.192  4557  4669 I z       : Smartspace widget and OEM data listener is not enabled on device
04-19 16:05:00.196  4557  4727 I SSDataManagerImpl: #handlePcpDataUpdate
04-19 16:05:00.223  4557  4727 I PCP.ImplV0: getProactiveContent
04-19 16:05:00.226  4557  4727 I PCP.ImplV0: PCP V1 flow is enabled.
04-19 16:05:00.271  4557  4727 I A       : Falling back to non-UDC sources
04-19 16:05:00.272  4557  4727 I A       : (REDACTED) Setting = %s, optedInt = %s
04-19 16:05:00.273  4557  4727 I A       : Falling back to non-UDC sources
04-19 16:05:00.273  4557  4727 I A       : (REDACTED) Setting = %s, optedInt = %s
04-19 16:05:00.273  4557  4727 I A       : Falling back to non-UDC sources
04-19 16:05:00.281  4557  4727 I A       : (REDACTED) Setting = %s, optedInt = %s
04-19 16:05:00.281  4557  4727 I A       : Falling back to non-UDC sources
04-19 16:05:00.282  4557  4727 I A       : (REDACTED) Setting = %s, optedInt = %s
04-19 16:05:00.290  4557  4573 V ClearcutMetricXmitter: Transmission is done.
04-19 16:05:00.328  5288  5288 E sehhealth-service: Could not open /sys/class/power_supply/battery/lrp
04-19 16:05:00.395  4557  4727 I A       : getLocaleToModelSpecsMap
04-19 16:05:00.396  4557  4727 I A       : getLocaleToModelSpecsMap
04-19 16:05:00.396  4557  4727 I A       : getLocaleToModelSpecsMap
04-19 16:05:00.401  4557  4727 I A       : getLocaleToModelSpecsMap
04-19 16:05:00.402  4557  4727 I A       : Proto config empty. Exit merge.
04-19 16:05:00.402  4557  4727 I A       : getLocaleToModelSpecsMap
04-19 16:05:00.403  4557  4727 I A       : getLocaleToModelSpecsMap
04-19 16:05:00.403  4557  4727 I A       : getLocaleToModelSpecsMap
04-19 16:05:00.403  4557  4727 I A       : getLocaleToModelSpecsMap
04-19 16:05:00.403  4557  4727 I A       : Proto config empty. Exit merge.
04-19 16:05:00.425  4557  4727 I ChAmOptIn: Not enabled for version S+
04-19 16:05:00.492  5628 11453 D PackageManager: setEnabledSetting : userId = 0 packageName = com.Slack cmp = androidx.work.impl.background.systemalarm.RescheduleReceiver newState = 1 callingPackage = 10329/com.Slack
04-19 16:05:00.494  5628 11453 D ApplicationPolicy: getApplicationStateEnabled : pkg = com.Slack userId : 0
04-19 16:05:00.496  5628 11453 D ApplicationPolicy: getApplicationComponentState : pkg = com.Slack userId : 0
04-19 16:05:00.551  5628  5714 W libprocessgroup: Failed to open /dev/blkio//cgroup.procs: No such file or directory
04-19 16:05:00.562  5628  8409 I ChimeraAggressivePolicyHandler: executePolicy() - triggerSource: TRIGGER_SOURCE_LMKD
04-19 16:05:00.562  6649  6797 D ConnectivityManager: StackLog: [android.net.ConnectivityManager.sendRequestForNetwork(ConnectivityManager.java:4191)] [android.net.ConnectivityManager.registerDefaultNetworkCallbackForUid(ConnectivityManager.java:4755)] [android.net.ConnectivityManager.registerDefaultNetworkCallback(ConnectivityManager.java:4722)] [android.net.ConnectivityManager.registerDefaultNetworkCallback(ConnectivityManager.java:4696)] [androidx.work.impl.utils.NetworkApi24.registerDefaultNetworkCallbackCompat(Unknown Source:10)] [androidx.work.impl.constraints.trackers.NetworkStateTracker24.startTracking(Unknown Source:15)] [androidx.work.impl.constraints.controllers.ConstraintController.replace(Unknown Source:130)] [androidx.work.impl.constraints.WorkConstraintsTrackerImpl.replace(Unknown Source:41)] [androidx.work.impl.background.greedy.GreedyScheduler.schedule(Unknown Source:300)] [androidx.work.impl.Schedulers.schedule(Unknown Source:149)] [androidx.work.impl.utils.EnqueueRunnable.run(Unknown Source:53)] [androidx.work.Worker$2.run$androidx$work$impl$utils$SerialExecutorImpl$Task(Unknown Source:4)] [androidx.work.Worker$2.run(Unknown Source:868)] [java.util.concurrent.ThreadPoolExecutor.runWorker(ThreadPoolExecutor.java:1137)] [java.util.concurrent.ThreadPoolExecutor$Worker.run(ThreadPoolExecutor.java:637)] [java.lang.Thread.run(Thread.java:1012)]
04-19 16:05:00.564  5628  8409 I ChimeraAggressivePolicyHandler: available memory: 951228, free memory target: 870400, quit chimera
04-19 16:05:00.567  5628 11414 D ConnectivityService: requestNetwork for uid/pid:10329/6649 activeRequest: null callbackRequest: 28058 [NetworkRequest [ REQUEST id=28059, [ Capabilities: INTERNET&NOT_RESTRICTED&TRUSTED&NOT_VCN_MANAGED Uid: 10329 RequestorUid: 10329 RequestorPkg: com.Slack UnderlyingNetworks: Null] ]] callback flags: 0 order: 2147483647
04-19 16:05:00.568  5628  8367 D ConnectivityService:    accepting network in place of null
04-19 16:05:00.573  5628  8356 D WifiNetworkFactory: got request NetworkRequest [ REQUEST id=28059, [ Capabilities: INTERNET&NOT_RESTRICTED&TRUSTED&NOT_VCN_MANAGED Uid: 10329 RequestorUid: 10329 RequestorPkg: com.Slack UnderlyingNetworks: Null] ]
04-19 16:05:00.574  5628  8356 D UntrustedWifiNetworkFactory: got request NetworkRequest [ REQUEST id=28059, [ Capabilities: INTERNET&NOT_RESTRICTED&TRUSTED&NOT_VCN_MANAGED Uid: 10329 RequestorUid: 10329 RequestorPkg: com.Slack UnderlyingNetworks: Null] ]
04-19 16:05:00.575  5628  8356 D OemPaidWifiNetworkFactory: got request NetworkRequest [ REQUEST id=28059, [ Capabilities: INTERNET&NOT_RESTRICTED&TRUSTED&NOT_VCN_MANAGED Uid: 10329 RequestorUid: 10329 RequestorPkg: com.Slack UnderlyingNetworks: Null] ]
04-19 16:05:00.577  5628  8356 D MultiInternetWifiNetworkFactory: got request NetworkRequest [ REQUEST id=28059, [ Capabilities: INTERNET&NOT_RESTRICTED&TRUSTED&NOT_VCN_MANAGED Uid: 10329 RequestorUid: 10329 RequestorPkg: com.Slack UnderlyingNetworks: Null] ]
04-19 16:05:00.590  5628  8367 D ConnectivityService: Rematched networks [computed 1ms] [applied 2ms] [issued 19]
04-19 16:05:00.591  5628  8367 D ConnectivityService: NetworkReassignment :
04-19 16:05:00.591  5628  8367 D ConnectivityService:   28059 : null → 128
04-19 16:05:00.634  6649  6649 D ConnectivityManager: StackLog: [android.net.ConnectivityManager.unregisterNetworkCallback(ConnectivityManager.java:4863)] [androidx.work.impl.utils.NetworkApi21.unregisterNetworkCallbackCompat(Unknown Source:10)] [androidx.work.impl.constraints.trackers.NetworkStateTracker24.stopTracking(Unknown Source:15)] [androidx.work.impl.constraints.trackers.ConstraintTracker.removeListener(Unknown Source:24)] [androidx.work.impl.constraints.controllers.ConstraintController.replace(Unknown Source:81)] [androidx.work.impl.constraints.WorkConstraintsTrackerImpl.replace(Unknown Source:41)] [androidx.work.impl.background.greedy.GreedyScheduler.onExecuted(Unknown Source:55)] [androidx.work.impl.Processor.onExecuted(Unknown Source:59)] [com.bugsnag.android.DeliveryDelegate$1.run(Unknown Source:212)]
04-19 16:05:00.637  5628  8367 D ConnectivityService:  Removing from current network [128 WIFI], leaving 164 requests.
04-19 16:05:00.675  5628  9148 V AS.AudioDeviceBroker: requestedCommunicationDevice, device: null mode owner pid: 0
04-19 16:05:00.676  5628  9148 V AS.AudioDeviceBroker: requestedCommunicationDevice, device: null mode owner pid: 0
04-19 16:05:00.682  5250  5250 D Zygote  : Forked child process 24530
04-19 16:05:00.733 24530 24530 I e.process.gapps: Using CollectorTypeCC GC.
04-19 16:05:00.741 24530 24530 E e.process.gapps: Not starting debugger since process cannot load the jdwp agent.
04-19 16:05:00.750 24530 24530 W libc    : Access denied finding property "sys.perf.boostopt"
04-19 16:05:00.750  5224  5224 E audit   : type=1400 audit(1681913100.745:103285): avc:  denied  { read } for  pid=24530 comm="e.process.gapps" name="u:object_r:perf_prop:s0" dev="tmpfs" ino=16829 scontext=u:r:priv_app:s0:c512,c768 tcontext=u:object_r:perf_prop:s0 tclass=file permissive=0 SEPF_SM-A515F_13_0001 audit_filtered
04-19 16:05:00.751  5224  5224 E audit   : type=1300 audit(1681913100.745:103285): arch=c00000b7 syscall=56 success=no exit=-13 a0=ffffff9c a1=7ffbc769b8 a2=88000 a3=0 items=0 ppid=5250 pid=24530 auid=4294967295 uid=10226 gid=10226 euid=10226 suid=10226 fsuid=10226 egid=10226 sgid=10226 fsgid=10226 tty=(none) ses=4294967295 comm="e.process.gapps" exe="/system/bin/app_process64" subj=u:r:priv_app:s0:c512,c768 key=(null)
04-19 16:05:00.751  5224  5224 E audit   : type=1327 audit(1681913100.745:103285): proctitle="zygote64"
04-19 16:05:00.757 24530 24542 W libc    : Access denied finding property "sys.perf.boostopt"
04-19 16:05:00.757  5224  5224 E audit   : type=1400 audit(1681913100.753:103286): avc:  denied  { read } for  pid=24530 comm="binder:24530_1" name="u:object_r:perf_prop:s0" dev="tmpfs" ino=16829 scontext=u:r:priv_app:s0:c512,c768 tcontext=u:object_r:perf_prop:s0 tclass=file permissive=0 SEPF_SM-A515F_13_0001 audit_filtered
04-19 16:05:00.757  5224  5224 E audit   : type=1300 audit(1681913100.753:103286): arch=c00000b7 syscall=56 success=no exit=-13 a0=ffffff9c a1=7d7757b2f8 a2=88000 a3=0 items=0 ppid=5250 pid=24530 auid=4294967295 uid=10226 gid=10226 euid=10226 suid=10226 fsuid=10226 egid=10226 sgid=10226 fsgid=10226 tty=(none) ses=4294967295 comm="binder:24530_1" exe="/system/bin/app_process64" subj=u:r:priv_app:s0:c512,c768 key=(null)
04-19 16:05:00.757 24530 24530 D ActivityThread: setConscryptValidator
04-19 16:05:00.759 24530 24530 D ActivityThread: setConscryptValidator - put
04-19 16:05:00.777 24530 24542 W libc    : Access denied finding property "sys.perf.boostopt"
04-19 16:05:00.781 24530 24530 D CompatibilityChangeReporter: Compat change id reported: 171979766; UID 10226; state: ENABLED
04-19 16:05:00.804  4557 24525 I DeviceCapHelper: (REDACTED) Adding surface identity to the device capabilities for surface %s.
04-19 16:05:00.855 24530 24530 D nativeloader: Configuring classloader-namespace-shared for other apk /system/framework/org.apache.http.legacy.jar. target_sdk_version=33, uses_libraries=ALL, library_path=/system/system_ext/priv-app/GoogleServicesFramework/lib/arm64:/system/system_ext/priv-app/GoogleServicesFramework/GoogleServicesFramework.apk!/lib/arm64-v8a:/system/lib64:/system/system_ext/lib64, permitted_path=/data:/mnt/expand:/data/user/0/com.google.android.gsf:/system/system_ext/priv-app/GoogleServicesFramework:/system/lib64:/system/system_ext/lib64
04-19 16:05:00.856 24530 24530 D nativeloader: Extending system_exposed_libraries: libhumantracking.arcsoft.so:libPortraitDistortionCorrection.arcsoft.so:libPortraitDistortionCorrectionCali.arcsoft.so:libface_landmark.arcsoft.so:libFacialStickerEngine.arcsoft.so:libveengine.arcsoft.so:liblow_light_hdr.arcsoft.so:libhigh_dynamic_range.arcsoft.so:libFacialAttributeDetection.arcsoft.so:libBeauty_v4.camera.samsung.so:libexifa.camera.samsung.so:libjpega.camera.samsung.so:libOpenCv.camera.samsung.so:libImageScreener.camera.samsung.so:libMyFilter.camera.samsung.so:libtensorflowLite.myfilter.camera.samsung.so:libtensorflowlite_inference_api.myfilter.camera.samsung.so:libEventFinder.camera.samsung.so:libHIDTSnapJNI.camera.samsung.so:libSmartScan.camera.samsung.so:libRectify.camera.samsung.so:libDocRectifyWrapper.camera.samsung.so:libUltraWideDistortionCorrection.camera.samsung.so:libHpr_RecGAE_cvFeature_v1.0.camera.samsung.so:libHprFace_GAE_api.camera.samsung.so:libFace_Landmark_API.camera.samsung.so:libHprFace_GAE_jni.camera.samsung.so:libFacialBasedSelfieCorrec
04-19 16:05:00.880 24530 24530 D nativeloader: Configuring classloader-namespace-shared for other apk /system/system_ext/priv-app/GoogleServicesFramework/GoogleServicesFramework.apk. target_sdk_version=33, uses_libraries=, library_path=/system/system_ext/priv-app/GoogleServicesFramework/lib/arm64:/system/system_ext/priv-app/GoogleServicesFramework/GoogleServicesFramework.apk!/lib/arm64-v8a:/system/lib64:/system/system_ext/lib64, permitted_path=/data:/mnt/expand:/data/user/0/com.google.android.gsf:/system/system_ext/priv-app/GoogleServicesFramework:/system/lib64:/system/system_ext/lib64
04-19 16:05:00.932 24530 24530 V GraphicsEnvironment: ANGLE Developer option for 'com.google.android.gsf' set to: 'default'
04-19 16:05:00.933 24530 24530 V GraphicsEnvironment: ANGLE GameManagerService for com.google.android.gsf: false
04-19 16:05:00.933 24530 24530 V GraphicsEnvironment: Neither updatable production driver nor prerelease driver is supported.
04-19 16:05:00.943 24530 24530 D NetworkSecurityConfig: No Network Security Config specified, using platform default
04-19 16:05:00.955 24530 24530 D NetworkSecurityConfig: No Network Security Config specified, using platform default
04-19 16:05:01.030 24530 24530 I GoogleHttpClient: GMS http client unavailable, use old client
04-19 16:05:01.171 30407 30407 I ResourceOverlayService_0: waitAndQuit called
04-19 16:05:01.173 30407 30407 I ResourceOverlayService_0: activity user id 0 process id 0
04-19 16:05:01.206  4557  4600 I A       : Flag is_largescreen_foldable_phone is false
04-19 16:05:01.207  4557  4600 I A       : (REDACTED) Flag is_whitelisted_as_tablet is %b
04-19 16:05:01.209  4557  4600 I A       : (REDACTED) R.bool.is_tablet is %b
04-19 16:05:01.253  4557  4573 V ClearcutMetricXmitter: Transmission is done.
04-19 16:05:01.395  4557  4598 I PCP.DataQuery: (REDACTED) %s getProactiveContent: %s
04-19 16:05:01.403  4557  4598 I AccountDatabaseHelper: (REDACTED) #getLastReturnedProactiveData for client type %s and proactive data type %s
04-19 16:05:01.404  4557  4598 I PCP.Database: (REDACTED) #getLastReturnedProactiveData for client type %s and proactive data type %s
04-19 16:05:01.406  4557  4598 I AccountDatabaseHelper: (REDACTED) #getLastReturnedProactiveData for client type %s and proactive data type %s
04-19 16:05:01.406  4557  4598 I PCP.Database: (REDACTED) #getLastReturnedProactiveData for client type %s and proactive data type %s
04-19 16:05:01.409  4557  4598 I PCP.Database: (REDACTED) #getLastReturnedProactiveData for client type %s and proactive data type %s
04-19 16:05:01.438  4557  4573 V ClearcutMetricXmitter: Transmission is done.
04-19 16:05:01.442  4557  4600 I PCP.DataFetch: #updateLastReturnedDatabase
04-19 16:05:01.446  4557  4573 V ClearcutMetricXmitter: Transmission is done.
04-19 16:05:01.447  4557  4599 I AccountDatabaseHelper: #putNewReturnedDataQuery
04-19 16:05:01.449  4557  4598 I AccountDatabaseHelper: #putNewReturnedDataQuery
04-19 16:05:01.450  4557  4598 I PCP.Database: #putNewReturnedDataQuery
04-19 16:05:01.450  4557  4599 I PCP.Database: #putNewReturnedDataQuery
04-19 16:05:01.454  4557  4599 I SSPcpDataCtrl: #logProactiveDataReceived
04-19 16:05:01.460  4557  4599 I SSPcpDataCtrl: (REDACTED) data type: %s, update type: %s
04-19 16:05:01.461  4557  4599 I SSPcpDataCtrl: (REDACTED) diffAndUpdateContentStore data type : %s
04-19 16:05:01.461  4557  4600 I PCP.SingletonDatabase: #putNewReturnedDataQuery
04-19 16:05:01.461  4557  4600 I PCP.Database: #putNewReturnedDataQuery
04-19 16:05:01.462  4557  4599 I PcpSSDataUtils: (REDACTED) event Id %s
04-19 16:05:01.504  4557  4599 W PcpSSDataUtils: (REDACTED) Attempt to compute Smartspace Calendar card ID without localCalendarEventData set in ProactiveData updateType=%s
04-19 16:05:01.591  4557 24549 I CrossProfileSender: tryMakeAsyncCalls
04-19 16:05:01.592  4557 24549 I CrossProfileSender: Attempting to bind
04-19 16:05:01.603  4557 24549 I CrossProfileSender: Binding attempt failed: Permission not granted
04-19 16:05:01.628  4557  4599 W CPDataMediator: Missing weather card from content store
04-19 16:05:01.636  4557  4600 I SSDataManagerImpl: (REDACTED) card deleted type: %s
04-19 16:05:01.639  4557  4600 I A       : updateCurrentCard
04-19 16:05:01.653  4557  4653 W A       : Weather card is missing from cache.
04-19 16:05:01.661  4557  4653 W A       : (REDACTED) cardType: %s has no icon.
04-19 16:05:01.666  4557  4653 W A       : Weather card is missing from cache.
04-19 16:05:01.675  4557  4653 I A       : logCardsSentInAmbientLogs
04-19 16:05:01.681  4557  4653 I A       : (REDACTED) sending card %s , pre event title : %s, during event title: %s, post event title: %s, event start time: %d, updated at time: %d, isTriggeringUpdate? %b, is from work profile? %b, expirationTimeMillis %d
04-19 16:05:01.704  4557  4653 I A       : getLocaleToModelSpecsMap
04-19 16:05:01.704  4557  4653 I A       : getLocaleToModelSpecsMap
04-19 16:05:01.704  4557  4653 I A       : getLocaleToModelSpecsMap
04-19 16:05:01.705  4557  4653 I A       : getLocaleToModelSpecsMap
04-19 16:05:01.705  4557  4653 I A       : Proto config empty. Exit merge.
04-19 16:05:01.706  4557  4653 I A       : (REDACTED) hasHotwordEverywhere-%b
04-19 16:05:01.708  4557  4653 I A       : getLocaleToModelSpecsMap
04-19 16:05:01.708  4557  4653 I A       : getLocaleToModelSpecsMap
04-19 16:05:01.708  4557  4653 I A       : getLocaleToModelSpecsMap
04-19 16:05:01.709  4557  4653 I A       : getLocaleToModelSpecsMap
04-19 16:05:01.710  4557  4653 I A       : Proto config empty. Exit merge.
04-19 16:05:01.717  4557  4653 I A       : (REDACTED) sending card type %s
04-19 16:05:01.742  4557  4653 I A       : (REDACTED) received card type %s
04-19 16:05:01.763  4557  4653 D CompatibilityChangeReporter: Compat change id reported: 170233598; UID 10233; state: DISABLED
04-19 16:05:01.777  5628  5714 W libprocessgroup: Failed to open /dev/blkio//cgroup.procs: No such file or directory
04-19 16:05:01.849  4376  4376 I lmkd    : cached 0, sandbox(not0) 0
04-19 16:05:01.858  4376  4376 I lmkd    : Reclaim 'com.android.vending' (19806), uid 10229, oom_score_adj 999, state 19 to free 39512kB rss, 70108kb swap
04-19 16:05:01.859  4376  4376 I lmkd    : Reclaimed 109620kB at oom_score_adj 850
04-19 16:05:01.900  5628  9255 D ConnectivityService: ConnectivityService NetworkRequestInfo binderDied(uid/pid:10229/19806, [NetworkRequest [ REQUEST id=27994, [ Capabilities: INTERNET&NOT_RESTRICTED&TRUSTED&NOT_VCN_MANAGED Uid: 10229 RequestorUid: 10229 RequestorPkg: com.android.vending UnderlyingNetworks: Null] ]], android.os.BinderProxy@e021369)
04-19 16:05:01.901  5250  5250 I Zygote  : Process 19806 exited due to signal 9 (Killed)
04-19 16:05:01.901  5628  8367 D ConnectivityService: releasing NetworkRequest [ REQUEST id=27994, [ Capabilities: INTERNET&NOT_RESTRICTED&TRUSTED&NOT_VCN_MANAGED Uid: 10229 RequestorUid: 10229 RequestorPkg: com.android.vending UnderlyingNetworks: Null] ] (release request)
04-19 16:05:01.901  5628  8367 D ConnectivityService:  Removing from current network [128 WIFI], leaving 163 requests.
04-19 16:05:01.901  5628 11235 D ConnectivityService: ConnectivityService NetworkRequestInfo binderDied(uid/pid:10229/19806, [NetworkRequest [ LISTEN id=27995, [ Capabilities: INTERNET&NOT_RESTRICTED&TRUSTED&NOT_VCN_MANAGED Uid: 10229 RequestorUid: 10229 RequestorPkg: com.android.vending UnderlyingNetworks: Null] ]], android.os.BinderProxy@50271ee)
04-19 16:05:01.902  5628  5712 I libprocessgroup: Successfully killed process cgroup uid 10229 pid 19806 in 1ms
04-19 16:05:01.922 20592 20592 W BillingClient: Billing service disconnected.
04-19 16:05:01.930  5628  8367 D ConnectivityService: reportNetworkActive, notify 0 listeners
04-19 16:05:01.962  5224  5224 E audit   : type=1400 audit(1681913101.957:103288): avc:  denied  { getattr } for  pid=5628 comm="BinderProcsColl" path="/sys/kernel/debug/binder/proc/5628" dev="debugfs" ino=25430 scontext=u:r:system_server:s0 tcontext=u:object_r:sec_debugfs:s0 tclass=file permissive=0 SEPF_SM-A515F_13_0001 audit_filtered
04-19 16:05:01.962  5224  5224 E audit   : type=1300 audit(1681913101.957:103288): arch=c00000b7 syscall=79 success=no exit=-13 a0=ffffff9c a1=7d18c42fa0 a2=7cb001b680 a3=0 items=0 ppid=5250 pid=5628 auid=4294967295 uid=1000 gid=1000 euid=1000 suid=1000 fsuid=1000 egid=1000 sgid=1000 fsgid=1000 tty=(none) ses=4294967295 comm="BinderProcsColl" exe="/system/bin/app_process64" subj=u:r:system_server:s0 key=(null)
04-19 16:05:01.962  5224  5224 E audit   : type=1327 audit(1681913101.957:103288): proctitle="system_server"
04-19 16:05:02.176 30407 30407 I ResourceOverlayService_0: waitAndQuit called
04-19 16:05:02.177 30407 30407 I ResourceOverlayService_0: activity user id 0 process id 0
04-19 16:05:02.610  4557 24549 I CrossProfileSender: Attempting to bind
04-19 16:05:02.612  4557 24549 I CrossProfileSender: Binding attempt failed: Not trying to bind
04-19 16:05:02.612  4557 24549 I CrossProfileSender: Unbind
04-19 16:05:02.820  5628  9811 D SemWifiUsabilityStatsMonitor: onWifiUsabilityStats - seqNum 36202, isSameBssidAndFreq true
04-19 16:05:02.826  8513  8513 D NetworkController.WifiSignalController: notifyListener: visible=true, connected=true, inetCondition=1, isDefault=true, wifiTestReported=true, receivedInetCondition=-1, hideDuringMobileSwitching=false
04-19 16:05:02.828  8513  8599 D Tile.WifiTile: handleUpdateState isTransient=false transientEnabling =false cb.isTransient=false state.state = 2 mStateBeforeClick.value =false enabled =true
04-19 16:05:02.829  5628  8422 I SemWifiLinkQualityMonitor: Link Qos Query: 0.028 ms / 288.667 Mbps (433 / 0.000 / 1.500)
04-19 16:05:02.941  5250  5250 D Zygote  : Forked child process 24559
04-19 16:05:03.000 24559 24559 I android.vending: Using CollectorTypeCC GC.
04-19 16:05:03.011 24559 24559 E android.vending: Not starting debugger since process cannot load the jdwp agent.
04-19 16:05:03.019 24559 24559 W libc    : Access denied finding property "sys.perf.boostopt"
04-19 16:05:03.020  5224  5224 E audit   : type=1400 audit(1681913103.013:103289): avc:  denied  { read } for  pid=24559 comm="android.vending" name="u:object_r:perf_prop:s0" dev="tmpfs" ino=16829 scontext=u:r:priv_app:s0:c512,c768 tcontext=u:object_r:perf_prop:s0 tclass=file permissive=0 SEPF_SM-A515F_13_0001 audit_filtered
04-19 16:05:03.020  5224  5224 E audit   : type=1300 audit(1681913103.013:103289): arch=c00000b7 syscall=56 success=no exit=-13 a0=ffffff9c a1=7ffbc769b8 a2=88000 a3=0 items=0 ppid=5250 pid=24559 auid=4294967295 uid=10229 gid=10229 euid=10229 suid=10229 fsuid=10229 egid=10229 sgid=10229 fsgid=10229 tty=(none) ses=4294967295 comm="android.vending" exe="/system/bin/app_process64" subj=u:r:priv_app:s0:c512,c768 key=(null)
04-19 16:05:03.020  5224  5224 E audit   : type=1327 audit(1681913103.013:103289): proctitle="zygote64"
04-19 16:05:03.021 24559 24572 W libc    : Access denied finding property "sys.perf.boostopt"
04-19 16:05:03.021  5224  5224 E audit   : type=1400 audit(1681913103.017:103290): avc:  denied  { read } for  pid=24559 comm="binder:24559_1" name="u:object_r:perf_prop:s0" dev="tmpfs" ino=16829 scontext=u:r:priv_app:s0:c512,c768 tcontext=u:object_r:perf_prop:s0 tclass=file permissive=0 SEPF_SM-A515F_13_0001 audit_filtered
04-19 16:05:03.021  5224  5224 E audit   : type=1300 audit(1681913103.017:103290): arch=c00000b7 syscall=56 success=no exit=-13 a0=ffffff9c a1=7d7757b2f8 a2=88000 a3=0 items=0 ppid=5250 pid=24559 auid=4294967295 uid=10229 gid=10229 euid=10229 suid=10229 fsuid=10229 egid=10229 sgid=10229 fsgid=10229 tty=(none) ses=4294967295 comm="binder:24559_1" exe="/system/bin/app_process64" subj=u:r:priv_app:s0:c512,c768 key=(null)
04-19 16:05:03.022 24559 24559 D ActivityThread: setConscryptValidator
04-19 16:05:03.022 24559 24559 D ActivityThread: setConscryptValidator - put
04-19 16:05:03.045 24559 24572 W libc    : Access denied finding property "sys.perf.boostopt"
04-19 16:05:03.047 24559 24559 D CompatibilityChangeReporter: Compat change id reported: 171979766; UID 10229; state: ENABLED
04-19 16:05:03.100 24559 24559 D nativeloader: Configuring classloader-namespace for other apk /system/framework/org.apache.http.legacy.jar. target_sdk_version=33, uses_libraries=ALL, library_path=/data/app/~~uTBQqUTOpZMAc86i7JRLHg==/com.android.vending-1PjuJ6bbtqXEQBgpriGcDA==/lib/arm64:/data/app/~~uTBQqUTOpZMAc86i7JRLHg==/com.android.vending-1PjuJ6bbtqXEQBgpriGcDA==/base.apk!/lib/arm64-v8a:/data/app/~~uTBQqUTOpZMAc86i7JRLHg==/com.android.vending-1PjuJ6bbtqXEQBgpriGcDA==/split_config.arm64_v8a.apk!/lib/arm64-v8a:/data/app/~~uTBQqUTOpZMAc86i7JRLHg==/com.android.vending-1PjuJ6bbtqXEQBgpriGcDA==/split_config.en.apk!/lib/arm64-v8a:/data/app/~~uTBQqUTOpZMAc86i7JRLHg==/com.android.vending-1PjuJ6bbtqXEQBgpriGcDA==/split_config.ru.apk!/lib/arm64-v8a:/data/app/~~uTBQqUTOpZMAc86i7JRLHg==/com.android.vending-1PjuJ6bbtqXEQBgpriGcDA==/split_phonesky_data_loader.apk!/lib/arm64-v8a:/data/app/~~uTBQqUTOpZMAc86i7JRLHg==/com.android.vending-1PjuJ6bbtqXEQBgpriGcDA==/split_phonesky_data_loader.config.arm64_v8a.apk!/lib/arm64-v8a, permitted_path=/data:/mnt/expand:/data/user
04-19 16:05:03.100 24559 24559 D nativeloader: Extending system_exposed_libraries: libhumantracking.arcsoft.so:libPortraitDistortionCorrection.arcsoft.so:libPortraitDistortionCorrectionCali.arcsoft.so:libface_landmark.arcsoft.so:libFacialStickerEngine.arcsoft.so:libveengine.arcsoft.so:liblow_light_hdr.arcsoft.so:libhigh_dynamic_range.arcsoft.so:libFacialAttributeDetection.arcsoft.so:libBeauty_v4.camera.samsung.so:libexifa.camera.samsung.so:libjpega.camera.samsung.so:libOpenCv.camera.samsung.so:libImageScreener.camera.samsung.so:libMyFilter.camera.samsung.so:libtensorflowLite.myfilter.camera.samsung.so:libtensorflowlite_inference_api.myfilter.camera.samsung.so:libEventFinder.camera.samsung.so:libHIDTSnapJNI.camera.samsung.so:libSmartScan.camera.samsung.so:libRectify.camera.samsung.so:libDocRectifyWrapper.camera.samsung.so:libUltraWideDistortionCorrection.camera.samsung.so:libHpr_RecGAE_cvFeature_v1.0.camera.samsung.so:libHprFace_GAE_api.camera.samsung.so:libFace_Landmark_API.camera.samsung.so:libHprFace_GAE_jni.camera.samsung.so:libFacialBasedSelfieCorrec
04-19 16:05:03.180 30407 30407 I ResourceOverlayService_0: waitAndQuit called
04-19 16:05:03.183 30407 30407 I ResourceOverlayService_0: activity user id 0 process id 0
04-19 16:05:03.228  4376  4376 I lmkd    : 2(delay), 0(swap), 0(freelimit), 0(reentrymode) memory pressure events were skipped after a kill!
04-19 16:05:03.258 24559 24559 W ziparchive: Unable to open '/data/app/~~uTBQqUTOpZMAc86i7JRLHg==/com.android.vending-1PjuJ6bbtqXEQBgpriGcDA==/split_config.arm64_v8a.dm': No such file or directory
04-19 16:05:03.258 24559 24559 W ziparchive: Unable to open '/data/app/~~uTBQqUTOpZMAc86i7JRLHg==/com.android.vending-1PjuJ6bbtqXEQBgpriGcDA==/split_config.arm64_v8a.dm': No such file or directory
04-19 16:05:03.263 24559 24559 W android.vending: Entry not found
04-19 16:05:03.267 24559 24559 W ziparchive: Unable to open '/data/app/~~uTBQqUTOpZMAc86i7JRLHg==/com.android.vending-1PjuJ6bbtqXEQBgpriGcDA==/split_config.en.dm': No such file or directory
04-19 16:05:03.267 24559 24559 W ziparchive: Unable to open '/data/app/~~uTBQqUTOpZMAc86i7JRLHg==/com.android.vending-1PjuJ6bbtqXEQBgpriGcDA==/split_config.en.dm': No such file or directory
04-19 16:05:03.273 24559 24559 W android.vending: Entry not found
04-19 16:05:03.277 24559 24559 W ziparchive: Unable to open '/data/app/~~uTBQqUTOpZMAc86i7JRLHg==/com.android.vending-1PjuJ6bbtqXEQBgpriGcDA==/split_config.ru.dm': No such file or directory
04-19 16:05:03.278 24559 24559 W ziparchive: Unable to open '/data/app/~~uTBQqUTOpZMAc86i7JRLHg==/com.android.vending-1PjuJ6bbtqXEQBgpriGcDA==/split_config.ru.dm': No such file or directory
04-19 16:05:03.281 24559 24559 W android.vending: Entry not found
04-19 16:05:03.285 24559 24559 W ziparchive: Unable to open '/data/app/~~uTBQqUTOpZMAc86i7JRLHg==/com.android.vending-1PjuJ6bbtqXEQBgpriGcDA==/split_phonesky_data_loader.dm': No such file or directory
04-19 16:05:03.286 24559 24559 W ziparchive: Unable to open '/data/app/~~uTBQqUTOpZMAc86i7JRLHg==/com.android.vending-1PjuJ6bbtqXEQBgpriGcDA==/split_phonesky_data_loader.dm': No such file or directory
04-19 16:05:03.289 24559 24559 W android.vending: Entry not found
04-19 16:05:03.293 24559 24559 W ziparchive: Unable to open '/data/app/~~uTBQqUTOpZMAc86i7JRLHg==/com.android.vending-1PjuJ6bbtqXEQBgpriGcDA==/split_phonesky_data_loader.config.arm64_v8a.dm': No such file or directory
04-19 16:05:03.293 24559 24559 W ziparchive: Unable to open '/data/app/~~uTBQqUTOpZMAc86i7JRLHg==/com.android.vending-1PjuJ6bbtqXEQBgpriGcDA==/split_phonesky_data_loader.config.arm64_v8a.dm': No such file or directory
04-19 16:05:03.296 24559 24559 W android.vending: Entry not found
04-19 16:05:03.301 24559 24559 D nativeloader: Configuring classloader-namespace for other apk /data/app/~~uTBQqUTOpZMAc86i7JRLHg==/com.android.vending-1PjuJ6bbtqXEQBgpriGcDA==/base.apk:/data/app/~~uTBQqUTOpZMAc86i7JRLHg==/com.android.vending-1PjuJ6bbtqXEQBgpriGcDA==/split_config.arm64_v8a.apk:/data/app/~~uTBQqUTOpZMAc86i7JRLHg==/com.android.vending-1PjuJ6bbtqXEQBgpriGcDA==/split_config.en.apk:/data/app/~~uTBQqUTOpZMAc86i7JRLHg==/com.android.vending-1PjuJ6bbtqXEQBgpriGcDA==/split_config.ru.apk:/data/app/~~uTBQqUTOpZMAc86i7JRLHg==/com.android.vending-1PjuJ6bbtqXEQBgpriGcDA==/split_phonesky_data_loader.apk:/data/app/~~uTBQqUTOpZMAc86i7JRLHg==/com.android.vending-1PjuJ6bbtqXEQBgpriGcDA==/split_phonesky_data_loader.config.arm64_v8a.apk. target_sdk_version=33, uses_libraries=, library_path=/data/app/~~uTBQqUTOpZMAc86i7JRLHg==/com.android.vending-1PjuJ6bbtqXEQBgpriGcDA==/lib/arm64:/data/app/~~uTBQqUTOpZMAc86i7JRLHg==/com.android.vending-1PjuJ6bbtqXEQBgpriGcDA==/base.apk!/lib/arm64-v8a:/data/app/~~uTBQqUTOpZMAc86i7JRLHg==/com.android.vending-1PjuJ6bbtqXEQBgpriG
04-19 16:05:03.307 24559 24559 W android.vending: JIT profile information will not be recorded: profile file does not exist.
04-19 16:05:03.307 24559 24559 W android.vending: JIT profile information will not be recorded: profile file does not exist.
04-19 16:05:03.308 24559 24559 W android.vending: JIT profile information will not be recorded: profile file does not exist.
04-19 16:05:03.308 24559 24559 W android.vending: JIT profile information will not be recorded: profile file does not exist.
04-19 16:05:03.308 24559 24559 W android.vending: JIT profile information will not be recorded: profile file does not exist.
04-19 16:05:03.386 24559 24559 V GraphicsEnvironment: ANGLE Developer option for 'com.android.vending' set to: 'default'
04-19 16:05:03.387 24559 24559 V GraphicsEnvironment: ANGLE GameManagerService for com.android.vending: false
04-19 16:05:03.387 24559 24559 V GraphicsEnvironment: Neither updatable production driver nor prerelease driver is supported.
04-19 16:05:03.397 24559 24559 D NetworkSecurityConfig: No Network Security Config specified, using platform default
04-19 16:05:03.411 24559 24559 D NetworkSecurityConfig: No Network Security Config specified, using platform default
04-19 16:05:03.511 24559 24559 I Finsky  : [2] jiv.i(6): Process created at version: 35.3.10-21 [0] [PR] 522652521
04-19 16:05:03.706 24559 24579 I Finsky  : [174] wrk.l(20): Finished reading experiment flags from file [0tGUNCGIkbk4o6-fQ335kUYSKwVj4lusnHT-A5Dsy08].
04-19 16:05:03.761 24559 24579 I Finsky  : [174] wrk.l(20): Finished reading experiment flags from file [Se-xCc4LzNyh3UrKMIU2sUf-PUKz4oQEbpKZDMuaFno].
04-19 16:05:03.931 24559 24559 D CompatibilityChangeReporter: Compat change id reported: 183155436; UID 10229; state: ENABLED
04-19 16:05:03.965 24559 24584 I Finsky  : [179] wrk.l(20): Finished reading experiment flags from file [LRIUB0XrWxhCHClKLQhMJkUhwQzdNlPaayxBLZzR4Fw].
04-19 16:05:03.988 24559 24584 I Finsky  : [179] wrk.l(20): Finished reading experiment flags from file [HdCfC3F88ILn46eFYHP0pFjjxhcMB9Z0_oOYSClX-cs].
04-19 16:05:04.000 24559 24559 I Finsky  : [2] jgp.ak(57): Profiling: Starting up (1)
04-19 16:05:04.012 24559 24581 I Finsky  : [176] jgp.L(1): pcsi: PROCESS_START
04-19 16:05:04.085 24559 24580 I Finsky  : [175] let.i(2): Subscription detail: DataSubscriptionInfo{groupIdLevel1=null, serviceProviderName=[zeas1XYiVSmCBJBC24UkeAOBvZHL0DrstFBI93Y_U6k], simCarrierId=1012}
04-19 16:05:04.134 24559 24598 D ConnectivityManager: StackLog: [android.net.ConnectivityManager.sendRequestForNetwork(ConnectivityManager.java:4191)] [android.net.ConnectivityManager.registerDefaultNetworkCallbackForUid(ConnectivityManager.java:4755)] [android.net.ConnectivityManager.registerDefaultNetworkCallback(ConnectivityManager.java:4722)] [axdy.b(PG:3)] [axds.<init>(PG:10)] [org.chromium.net.NetworkChangeNotifier.g(PG:4)] [org.chromium.net.impl.CronetLibraryLoader.b(PG:2)] [avfb.run(PG:9)]
04-19 16:05:04.137  5628 11213 D ConnectivityService: requestNetwork for uid/pid:10229/24559 activeRequest: null callbackRequest: 28060 [NetworkRequest [ REQUEST id=28061, [ Capabilities: INTERNET&NOT_RESTRICTED&TRUSTED&NOT_VCN_MANAGED Uid: 10229 RequestorUid: 10229 RequestorPkg: com.android.vending UnderlyingNetworks: Null] ]] callback flags: 0 order: 2147483647
04-19 16:05:04.139  5628  8367 D ConnectivityService:    accepting network in place of null
04-19 16:05:04.143  5628  8356 D WifiNetworkFactory: got request NetworkRequest [ REQUEST id=28061, [ Capabilities: INTERNET&NOT_RESTRICTED&TRUSTED&NOT_VCN_MANAGED Uid: 10229 RequestorUid: 10229 RequestorPkg: com.android.vending UnderlyingNetworks: Null] ]
04-19 16:05:04.146  5628  8356 D UntrustedWifiNetworkFactory: got request NetworkRequest [ REQUEST id=28061, [ Capabilities: INTERNET&NOT_RESTRICTED&TRUSTED&NOT_VCN_MANAGED Uid: 10229 RequestorUid: 10229 RequestorPkg: com.android.vending UnderlyingNetworks: Null] ]
04-19 16:05:04.147 24559 24598 D ConnectivityManager: StackLog: [android.net.ConnectivityManager.sendRequestForNetwork(ConnectivityManager.java:4191)] [android.net.ConnectivityManager.sendRequestForNetwork(ConnectivityManager.java:4233)] [android.net.ConnectivityManager.registerNetworkCallback(ConnectivityManager.java:4615)] [axdy.b(PG:7)] [axds.<init>(PG:10)] [org.chromium.net.NetworkChangeNotifier.g(PG:4)] [org.chromium.net.impl.CronetLibraryLoader.b(PG:2)] [avfb.run(PG:9)]
04-19 16:05:04.148  5628  8356 D OemPaidWifiNetworkFactory: got request NetworkRequest [ REQUEST id=28061, [ Capabilities: INTERNET&NOT_RESTRICTED&TRUSTED&NOT_VCN_MANAGED Uid: 10229 RequestorUid: 10229 RequestorPkg: com.android.vending UnderlyingNetworks: Null] ]
04-19 16:05:04.150 24559 24582 I cr_CronetLibraryLoader: Cronet version: 113.0.5672.24, arch: aarch64
04-19 16:05:04.150  5628  8356 D MultiInternetWifiNetworkFactory: got request NetworkRequest [ REQUEST id=28061, [ Capabilities: INTERNET&NOT_RESTRICTED&TRUSTED&NOT_VCN_MANAGED Uid: 10229 RequestorUid: 10229 RequestorPkg: com.android.vending UnderlyingNetworks: Null] ]
04-19 16:05:04.155  5628  8367 D ConnectivityService: Rematched networks [computed 0ms] [applied 2ms] [issued 15]
04-19 16:05:04.156  5628  8367 D ConnectivityService: NetworkReassignment :
04-19 16:05:04.156  5628  8367 D ConnectivityService:   28061 : null → 128
04-19 16:05:04.169  5628  8367 D ConnectivityService: Rematched networks [computed 1ms] [applied 1ms] [issued 10]
04-19 16:05:04.169  5628  8367 D ConnectivityService: NetworkReassignment : no changes
04-19 16:05:04.179  5628 11235 D PackageManager: setEnabledSetting : userId = 0 packageName = com.android.vending cmp = com.android.vending.AssetBrowserActivity newState = 1 callingPackage = 10229/com.android.vending
04-19 16:05:04.180  5628 11235 D ApplicationPolicy: getApplicationStateEnabled : pkg = com.android.vending userId : 0
04-19 16:05:04.182  5628 11235 D ApplicationPolicy: getApplicationComponentState : pkg = com.android.vending userId : 0
04-19 16:05:04.185  5628 11213 D PackageManager: setEnabledSetting : userId = 0 packageName = com.android.vending cmp = com.google.android.finsky.prewarmservice.PrewarmService newState = 1 callingPackage = 10229/com.android.vending
04-19 16:05:04.187  5628 11213 D ApplicationPolicy: getApplicationStateEnabled : pkg = com.android.vending userId : 0
04-19 16:05:04.189 30407 30407 I ResourceOverlayService_0: waitAndQuit called
