04-19 15:57:34.183 19019 19068 I [SC]ConfigurationManager: getModelPolicy
04-19 15:57:34.186 19019 19068 I [SC]ConfigurationItemDataManager: getFilePath : configurationName = scloud_migrationModel
04-19 15:57:34.194 30407 30407 I ResourceOverlayService_0: waitAndQuit called
04-19 15:57:34.196 30407 30407 I ResourceOverlayService_0: activity user id 0 process id 0
04-19 15:57:34.198  4613  4613 W keymaster_tee: [WRN]begin req PARAMS: A32 B2 P64
04-19 15:57:34.211 19019 19341 I .android.scloud: WaitForGcToComplete blocked ClassLinker on CollectorTransition for 72.765ms
04-19 15:57:34.213 17564 17585 D Benchmark: Waiting 500 ms for [ProcessPid(processName=perfetto, pid=19005)] to die
04-19 15:57:34.214 19019 19029 W System  : A resource failed to call close.
04-19 15:57:34.214 19019 19029 W System  : A resource failed to call SQLiteConnectionPool.close.
04-19 15:57:34.215 19019 19029 W SQLiteConnectionPool: A SQLiteConnection object for database '+data+user+0+com_samsung_android_scloud+databases+certificate_db' was leaked!  Please fix your application to end transactions in progress properly and to close the database when it is no longer needed.
04-19 15:57:34.215 19019 19029 W System  : A resource failed to call SQLiteConnection.close.
04-19 15:57:34.216 19019 19341 I DynamiteModule: Considering local module com.google.android.gms.cronet_dynamite:0 and remote module com.google.android.gms.cronet_dynamite:2411
04-19 15:57:34.216 19019 19341 I DynamiteModule: Selected remote version of com.google.android.gms.cronet_dynamite, version >= 2411
04-19 15:57:34.247 19019 19341 W System  : ClassLoader referenced unknown path:
04-19 15:57:34.284 19019 19068 I [SC]OneDrivePolicyManager: country entry size: 142
04-19 15:57:34.284 19019 19068 I [SC]OneDrivePolicyManager: model entry size: 141
04-19 15:57:34.284 19019 19068 I [SC]OneDrivePolicyManager: isMigrationSupported: RUS,SER,true
04-19 15:57:34.284 19019 19068 I [SC]LinkContextManager: loadLinkContext: linkContext=LinkContext{contextType=CACHED, linkType=OneDrive, linkState=None, isTriggeredDevice=false, linkPolicy=LinkPolicy{policyData=Bundle[{IS_LINK_START_SUPPORTED=true, IsChinaDevice=false, IS_SEP_LITE_DEVICE=false, IsChinaAccount=false}]}}
04-19 15:57:34.285 19019 19068 I [SC]DeviceUtil: hasSepLiteSpec: false
04-19 15:57:34.286 19019 19068 I [SC]LinkContextMonitor: notifyContextReceived: linkContext=LinkContext{contextType=CACHED, linkType=OneDrive, linkState=None, isTriggeredDevice=false, linkPolicy=LinkPolicy{policyData=Bundle[{IS_LINK_START_SUPPORTED=true, IsChinaDevice=false, IS_SEP_LITE_DEVICE=false, IsChinaAccount=false}]}}, linkResponse=null, stateUpdateEvent=APP_CREATED
04-19 15:57:34.287 19019 19068 I [SC]DeviceUtil: hasSepLiteSpec: false
04-19 15:57:34.287 19019 19068 I [SC]LinkContextProvider: call : CLOUD_SETTING
04-19 15:57:34.288 19019 19068 I [SC]CloudSettingCommandResolverImpl: Execute getPartnerQuota with : true, false
04-19 15:57:34.290 19019 19070 I [SC]RequestObject: New request object created : 0, UPDATE_STATUS
04-19 15:57:34.292 19019 19070 I [SC]TipsOperator: handled: REQUEST_UPDATE_TIPS_ACCOUNT_LINK_RESULT
04-19 15:57:34.293 19019 19347 I [SC]TipsProvider: call : UPDATE_STATUS
04-19 15:57:34.341 17564 17585 I PerfettoCapture: Writing to /storage/emulated/0/Android/data/org.jetbrains.android_benchmark.test/cache/AckermannBenchmark_longPackInt_2023-04-19-13-57-33.perfetto-trace.
04-19 15:57:34.342  5628  5653 D ConnectivityService: requestNetwork for uid/pid:5009/19019 activeRequest: null callbackRequest: 27981 [NetworkRequest [ REQUEST id=27982, [ Capabilities: INTERNET&NOT_RESTRICTED&TRUSTED&NOT_VCN_MANAGED Uid: 5009 RequestorUid: 5009 RequestorPkg: com.samsung.android.scloud UnderlyingNetworks: Null] ]] callback flags: 0 order: 2147483647
04-19 15:57:34.344  5628  8367 D ConnectivityService:    accepting network in place of null
04-19 15:57:34.348  5628  8356 D WifiNetworkFactory: got request NetworkRequest [ REQUEST id=27982, [ Capabilities: INTERNET&NOT_RESTRICTED&TRUSTED&NOT_VCN_MANAGED Uid: 5009 RequestorUid: 5009 RequestorPkg: com.samsung.android.scloud UnderlyingNetworks: Null] ]
04-19 15:57:34.355  5628  8356 D UntrustedWifiNetworkFactory: got request NetworkRequest [ REQUEST id=27982, [ Capabilities: INTERNET&NOT_RESTRICTED&TRUSTED&NOT_VCN_MANAGED Uid: 5009 RequestorUid: 5009 RequestorPkg: com.samsung.android.scloud UnderlyingNetworks: Null] ]
04-19 15:57:34.361  5628  8356 D OemPaidWifiNetworkFactory: got request NetworkRequest [ REQUEST id=27982, [ Capabilities: INTERNET&NOT_RESTRICTED&TRUSTED&NOT_VCN_MANAGED Uid: 5009 RequestorUid: 5009 RequestorPkg: com.samsung.android.scloud UnderlyingNetworks: Null] ]
04-19 15:57:34.362  5628  8356 D MultiInternetWifiNetworkFactory: got request NetworkRequest [ REQUEST id=27982, [ Capabilities: INTERNET&NOT_RESTRICTED&TRUSTED&NOT_VCN_MANAGED Uid: 5009 RequestorUid: 5009 RequestorPkg: com.samsung.android.scloud UnderlyingNetworks: Null] ]
04-19 15:57:34.364  5628  8367 D ConnectivityService: Rematched networks [computed 1ms] [applied 2ms] [issued 17]
04-19 15:57:34.364  5628  8367 D ConnectivityService: NetworkReassignment :
04-19 15:57:34.364  5628  8367 D ConnectivityService:   27982 : null  128
04-19 15:57:34.370 19019 19114 I cr_CronetLibraryLoader: Cronet version: 111.0.5563.55, arch: aarch64
04-19 15:57:34.372  5628  8367 D ConnectivityService: Rematched networks [computed 0ms] [applied 1ms] [issued 7]
04-19 15:57:34.372  5628  8367 D ConnectivityService: NetworkReassignment : no changes
04-19 15:57:34.408 19019 19114 I [SC][AUTH]AuthUtil: getAuthData
04-19 15:57:34.419 19019 19114 I [SC][Registration]: register
04-19 15:57:34.421 19019 19114 I [SC][AUTH]AuthUtil: getAuthData
04-19 15:57:34.425 17564 17585 D Benchmark: Copying /storage/emulated/0/Android/data/org.jetbrains.android_benchmark.test/cache/AckermannBenchmark_longPackInt_2023-04-19-13-57-33.perfetto-trace to /sdcard/Android/media/org.jetbrains.android_benchmark.test/additional_test_output/AckermannBenchmark_longPackInt_2023-04-19-13-57-33.perfetto-trace
04-19 15:57:34.427 19019 19114 I [SC][AUTH]AuthUtil: getAuthData
04-19 15:57:34.431 19019 19114 I [SC][AUTH]AuthUtil: getAuthData
04-19 15:57:34.435 19019 19114 I [SC][AUTH]AuthUtil: getAuthData
04-19 15:57:34.437 19019 19114 I [SC][Registration]: Already registered.
04-19 15:57:34.437 19019 19114 I [SC][Token]: Get token
04-19 15:57:34.439 19019 19114 I [SC][AUTH]AuthUtil: getAuthData
04-19 15:57:34.447 19019 19114 I [SC][AUTH]AuthUtil: getAuthData
04-19 15:57:34.450 19019 19114 I [SC][Token]: CloudToken is valid
04-19 15:57:34.452 10919 18980 W MediaProvider: isAppCloneUserPair for user 0: false
04-19 15:57:34.456 19019 19114 I SmpLog  : [SMP] get token : ...vu (152)
04-19 15:57:34.457 19019 19114 I SmpLog  : [SMP] get push type : fcm
04-19 15:57:34.476 19019 19114 I [SC][DeviceUtil]:  : getSimMcc()
04-19 15:57:34.479 19019 19114 I [SC][DeviceUtil]:  : getSimMnc()
04-19 15:57:34.483 19019 19114 I [SC][DeviceUtil]: One UI version : 5.1.0
04-19 15:57:34.490 19019 19114 I [SCSDK][C][2.0.14]: [SamsungCloudFactory]initialize
04-19 15:57:34.505  5628  5653 D SyncManager: userId - 0 auto - true
04-19 15:57:34.517 19019 19114 I [SCSDK][C][2.0.14]: [SamsungCloudActivate]No expire
04-19 15:57:34.520 19093 19121 I SamsungAccount: [OpenContentProvider]  URI : content://com.msc.openprovider.openContentProvider/tncRequest
04-19 15:57:34.520 19093 19121 I SamsungAccount: [AccountManagerUtil] isSamsungAccountSignedIn : true
04-19 15:57:34.522 19093 19121 I SamsungAccount: [SignatureCheckUtil] runCheckSignatureWithEmptyId
04-19 15:57:34.522 19093 19121 I SamsungAccount: [SignatureCheckUtil] runCheckSignatureAsync
04-19 15:57:34.522 19093 19121 I SamsungAccount: [SignaturePreconditionChecker] getSignatureResult - fromSesSdk : true
04-19 15:57:34.522 19093 19121 I SamsungAccount: [SignatureInfoDbHelper] getSignatureResult - [][android.scloud.]
04-19 15:57:34.522 19093 19121 I SamsungAccount: [SignatureInfoHelper] getClientIdFromMetaData : [10/c27bh]
04-19 15:57:34.522 19093 19121 I SamsungAccount: [SignatureInfoDbHelper] searchOnUser
04-19 15:57:34.527 19093 19121 I SamsungAccount: [SignatureInfoDbHelper] searchOnUser - [10/c27bh][android.scloud.][64/3291d] => matched
04-19 15:57:34.527 19093 19121 I SamsungAccount: [SignatureInfoDbHelper] search - matched
04-19 15:57:34.528 19093 19121 I SamsungAccount: [SignatureCheckUtil] runCheckSignatureAsync(fromDb) - matched
04-19 15:57:34.537 19019 19114 I [SC][AUTH]AccountSupplier: isValidSamsungAccount: name: 0 email: 0
04-19 15:57:34.543 19019 19114 I [SCSDK][C][2.0.14]: [SamsungCloud]getCloudToken
04-19 15:57:34.543 19019 19114 I [SCSDK][C][2.0.14]: [SamsungCloudDevice]version : 2.0.14
04-19 15:57:34.543 19019 19098 W .android.scloud: Long monitor contention with owner pool-7-thread-1 (19068) at void com.samsung.scsp.framework.core.identity.ScspIdentity.transaction(java.lang.Runnable)(ScspIdentity.java:3) waiters=2 in void com.samsung.scsp.framework.core.identity.ScspIdentity.transaction(java.lang.Runnable) for 4.707s
04-19 15:57:34.545 19019 19098 I [SC][AUTH]AuthUtil: getAuthData
04-19 15:57:34.559 19019 19098 I SmpLog  : [SMP] get token : ...vu (152)
04-19 15:57:34.559 19019 19098 I SmpLog  : [SMP] get push type : fcm
04-19 15:57:34.573 19019 19334 W .android.scloud: Long monitor contention with owner pool-7-thread-1 (19068) at void com.samsung.scsp.framework.core.identity.ScspIdentity.transaction(java.lang.Runnable)(ScspIdentity.java:3) waiters=3 in void com.samsung.scsp.framework.core.identity.ScspIdentity.transaction(java.lang.Runnable) for 775ms
04-19 15:57:34.574 19019 19098 I [SC][AUTH]SmpUtil: initializeSmp
04-19 15:57:34.574 17564 17585 I Benchmark: AckermannBenchmark.longPackInt[Metric (timeNs) results: median 12380.313035884408, min 12210.078913940933, max 13561.54588758336, standardDeviation: 456.0577880298239, Metric (allocationCount) results: median 0.0, min 0.0, max 0.0, standardDeviation: 0.0]count=6298
04-19 15:57:34.576 19019 19334 I [SC][AUTH]AuthUtil: getAuthData
04-19 15:57:34.580 17564 17585 D Benchmark: writing results to /storage/emulated/0/Android/data/org.jetbrains.android_benchmark.test/cache/org.jetbrains.android_benchmark.test-benchmarkData.json
04-19 15:57:34.584  5628  5714 W libprocessgroup: Failed to open /dev/blkio//cgroup.procs: No such file or directory
04-19 15:57:34.584 17564 17585 D Benchmark: Copying /storage/emulated/0/Android/data/org.jetbrains.android_benchmark.test/cache/org.jetbrains.android_benchmark.test-benchmarkData.json to /sdcard/Android/media/org.jetbrains.android_benchmark.test/additional_test_output/org.jetbrains.android_benchmark.test-benchmarkData.json
04-19 15:57:34.602 10919 18627 I MediaProvider: Deleted 1 0 0 0 0 0 0 items on external_primary due to org.jetbrains.android_benchmark.test
04-19 15:57:34.605  5628 11446 D SyncManager: userId - 0 auto - true
04-19 15:57:34.611 23109 16216 I NetworkScheduler.Stats: Task com.google.android.gms/com.google.android.gms.ipa.base.IpaGcmTaskService started execution. cause:9 exec_start_elapsed_seconds: 345700 [CONTEXT service_id=218 ]
04-19 15:57:34.618 19019 19098 I [SC]AllowListBuilder: setDefaultAllowList
04-19 15:57:34.621 10919 19367 W MediaProvider: isAppCloneUserPair for user 0: false
04-19 15:57:34.623 19019 19325 I [SC]SyncSettingManager: setSyncStatus: SyncStatusVo{authority='com.android.calendar', state='ACTIVE', errorCode='999'}
04-19 15:57:34.623 19019 19325 I [SC]SyncSettingManager: verifyContentSync: 8kLTKS0V1y
04-19 15:57:34.630 23109 15265 I NetworkScheduler.Stats: Task com.google.android.gms/com.google.android.gms.ipa.base.IpaGcmTaskService finished executing. cause:9 result: 1 elapsed_millis: 77 uptime_millis: 77 exec_start_elapsed_seconds: 345700 [CONTEXT service_id=218 ]
04-19 15:57:34.633  5628  5882 D SyncManager: userId - 0 auto - true
04-19 15:57:34.635 17564 17585 I TestRunner: finished: longPackInt(org.jetbrains.android_benchmark.AckermannBenchmark)
