04-27 20:10:38.408 24767 24787 I SamsungAccount: [AIDLInterfaceBinder] [InAIDL]Start AccessTokenRunnable Thread. package = app.spage.
04-27 20:10:38.409 24767 24787 I SamsungAccount: [PermissionsUtils] checkPrivilegedPhonePermissionOfCallingPackage
04-27 20:10:38.412 24767 24787 I SamsungAccount: [PermissionsUtils] hasPrivilegedPhonePermission : true
04-27 20:10:38.412 24767 24787 I SamsungAccount: [CBM] [InAIDL-CallbackManager]getCallbackInfo
04-27 20:10:38.412 24767 24787 I SamsungAccount: [CBM] setCurrentRequestType :1
04-27 20:10:38.417  5429  5488 W libprocessgroup: Failed to open /dev/blkio//cgroup.procs: No such file or directory
04-27 20:10:38.420  5429  5488 W libprocessgroup: Failed to open /dev/blkio//cgroup.procs: No such file or directory
04-27 20:10:38.422 24767 26494 I SamsungAccount: [AbstractProcessRunnable] [InAIDL-AbstractProcessRunnable]isAvailableRunningProcess start Package = app.spage.
04-27 20:10:38.423 24767 26494 I SamsungAccount: [NetworkStateUtil] == networkStateCheck == true
04-27 20:10:38.423 24767 26494 I SamsungAccount: [AccountManagerUtil] isSamsungAccountSignedIn : true
04-27 20:10:38.423 24767 26494 I SamsungAccount: [DbManagerV2] getDataState : VALID
04-27 20:10:38.423 24767 26494 I SamsungAccount: [SignatureCheckUtil] runCheckSignatureAsync
04-27 20:10:38.423 24767 26494 I SamsungAccount: [SignaturePreconditionChecker] getSignatureResult - fromSesSdk : false
04-27 20:10:38.424 24767 26494 I SamsungAccount: [SignatureInfoDbHelper] getSignatureResult - [10/26mm5][app.spage.]
04-27 20:10:38.424 24767 26494 I SamsungAccount: [SignatureInfoDbHelper] searchOnUser
04-27 20:10:38.430  6118  6654 W BtGatt.GattService: unfreezeScan() - No AppScanStats found with uid: 10242
04-27 20:10:38.432 26434 26492 I SmpLog  : [SMP] Test mode: false, v:3.2.5, com.samsung.android.app.spage
04-27 20:10:38.434  5429  5486 I libprocessgroup: Successfully killed process cgroup uid 10242 pid 23723 in 7ms
04-27 20:10:38.440 26434 26492 I SmpLog  : [SMP] ptype:fcm, token:...RH (163), D:false, U:false, S:false, M:null, P:FCM_ONLY_MODE
04-27 20:10:38.461  5429  7046 W LocationManagerService: onFreezeStateChanged, uid[10242]=false
04-27 20:10:38.464 25653 25995 I AppMetrica-Attribution: Choosing distribution data: ClidsInfo(chosen=Candidate(clids=null, source=APP), candidates=[Candidate(clids=null, source=APP)])
04-27 20:10:38.472 24767 26494 I SamsungAccount: [SignatureInfoDbHelper] searchOnUser - [10/26mm5][app.spage.][64/3291d] => matched
04-27 20:10:38.472 24767 26494 I SamsungAccount: [SignatureInfoDbHelper] search - matched
04-27 20:10:38.472 24767 26494 I SamsungAccount: [SignatureCheckUtil] runCheckSignatureAsync(fromDb) - matched
04-27 20:10:38.472 24767 26494 I SamsungAccount: [AbstractProcessRunnable] [InAIDL-AbstractProcessRunnable]isAvailableRunningProcess end. Package = app.spage.
04-27 20:10:38.472 24767 26494 I SamsungAccount: [AccessTokenRunnable] [InAIDL-AccessTokenRunnable]runProcess start. Package = app.spage.
04-27 20:10:38.473 24767 26494 I SamsungAccount: [StateCheckUtil] isGoogleLinked = true
04-27 20:10:38.473 24767 26494 I SamsungAccount: [AccessTokenRunnable] check_basic_profile = false needToCheckServer = false
04-27 20:10:38.483 24767 26494 I SamsungAccount: [DeviceManager] salesCode : SER
04-27 20:10:38.483 24767 26494 I SamsungAccount: [DeviceManager] isNewLduProdCode : false
04-27 20:10:38.484 24767 26494 I SamsungAccount: [CountryCodeUtil] isChinaCountryCode : false
04-27 20:10:38.484 24767 26494 I SamsungAccount: [ChinaPermissionUtil] isChnSecurityPopupNeeded - false
04-27 20:10:38.494  5429  5488 W libprocessgroup: Failed to open /dev/blkio//cgroup.procs: No such file or directory
04-27 20:10:38.495 24767 26494 I SamsungAccount: [StateCheckUtil] isChildAccount : false
04-27 20:10:38.496 24767 26494 I SamsungAccount: [AccessTokenRunnable] [InAIDL-AccessTokenRunnable]isAccessTokenReusable. Package = app.spage.
04-27 20:10:38.496 24767 26494 I SamsungAccount: [StateCheckUtil] isOverIntervalTime, renewTimeStamp = false
04-27 20:10:38.496 24767 26494 I SamsungAccount: [AccessTokenRunnable] [InAIDL-AccessTokenRunnable]checkAndSetAccessToken. Package = app.spage.
04-27 20:10:38.496 24767 26494 I SamsungAccount: [AccessToken] getAccessTokenInfo
04-27 20:10:38.513 24767 26494 I SamsungAccount: [RBIVO] getStringFormAdditionalBundleKey : expired_access_token
04-27 20:10:38.513 24767 26494 I SamsungAccount: [AccessTokenRunnable] expiredAccessToken is Empty. curTimeSec=1682619038, TimeGap=27078
04-27 20:10:38.513 24767 26494 I SamsungAccount: [AccessTokenRunnable] IsTokenReusable : true
04-27 20:10:38.513 24767 26494 I SamsungAccount: [AccessTokenRunnable] Accesstoken is reusable and isNeedToCheckServer is false
04-27 20:10:38.513 24767 26494 I SamsungAccount: [DbManagerV2] getMccFromDB
04-27 20:10:38.513 24767 26494 I SamsungAccount: [DbManagerV2] getDataV02ForItems : MCC from Cache
04-27 20:10:38.514 24767 26494 I SamsungAccount: [DataUtil] Not Skip Name Validation by accountMCC
04-27 20:10:38.514 24767 26494 I SamsungAccount: [LocalBusinessException] Not Skip Name Validation by AppId
04-27 20:10:38.514 24767 26494 I SamsungAccount: [OpenDBManager] getCheckListFromOpenDB
04-27 20:10:38.514 24767 26494 I SamsungAccount: [OpenDBManager] getTncResult
04-27 20:10:38.514 24767 26494 I SamsungAccount: [OpenDBManager] getTncCursor
04-27 20:10:38.515 24767 26494 I SamsungAccount: [OpenContentProvider]  URI : content://com.msc.openprovider.openContentProvider/tncRequest
04-27 20:10:38.515 24767 26494 I SamsungAccount: [AccountManagerUtil] isSamsungAccountSignedIn : true
04-27 20:10:38.517 24767 26494 I SamsungAccount: [SignatureCheckUtil] runCheckSignatureWithEmptyId
04-27 20:10:38.518 24767 26494 I SamsungAccount: [SignatureCheckUtil] runCheckSignatureAsync
04-27 20:10:38.519 24767 26494 I SamsungAccount: [SignaturePreconditionChecker] getSignatureResult - fromSesSdk : true
04-27 20:10:38.521 24767 26494 I SamsungAccount: [SignatureInfoDbHelper] getSignatureResult - [][app.signin.]
04-27 20:10:38.522 24767 26494 I SamsungAccount: [SignatureInfoDbHelper] searchOnUser
04-27 20:10:38.541 24767 26494 I SamsungAccount: [SignatureInfoDbHelper] searchOnUser - [][app.signin.][64/3291d] => matched
04-27 20:10:38.542 24767 26494 I SamsungAccount: [SignatureInfoDbHelper] search - matched
04-27 20:10:38.542 24767 26494 I SamsungAccount: [SignatureCheckUtil] runCheckSignatureAsync(fromDb) - matched
04-27 20:10:38.558 24767 26494 I SamsungAccount: [DbManagerV2] getMccFromDB
04-27 20:10:38.559 24767 26494 I SamsungAccount: [DbManagerV2] getDataV02ForItems : MCC from Cache
04-27 20:10:38.559 24767 26494 I SamsungAccount: [DataUtil] Not Skip Name Validation by accountMCC
04-27 20:10:38.560 24767 26494 I SamsungAccount: [OpenDBManager] isRequireField
04-27 20:10:38.560 24767 26494 I SamsungAccount: [OpenDBManager] getFieldCursor
04-27 20:10:38.560 24767 26494 I SamsungAccount: [OpenContentProvider]  URI : content://com.msc.openprovider.openContentProvider/mandatoryField
04-27 20:10:38.561 24767 26494 I SamsungAccount: [AccountManagerUtil] isSamsungAccountSignedIn : true
04-27 20:10:38.563 26434 26483 I Carnival-SamsungAccountManager(): updated /20000031/ (23)
04-27 20:10:38.563 26434 26483 I Carnival-SamsungAccountManager(): updateAuthIfAccountIsSameUser
04-27 20:10:38.565 26434 26483 I Carnival-SamsungAccountManager(): same user! guid apiServerUrl can be used
04-27 20:10:38.566 26434 26483 I Carnival-SamsungAccountManager(): checked valid guid and apiServerUrl true
04-27 20:10:38.566 26434 26483 I Carnival-SamsungAccountManager(): updateProfile Done guid len:10
04-27 20:10:38.567 26434 26483 I Carnival-SPageApplication(): Load done samsung account data
04-27 20:10:38.569 26434 26483 I Carnival-AppDataHandleManager(): handleAppData before:true current:true
04-27 20:10:38.569  4623  4623 W keymaster_tee: [WRN]begin req PARAMS: A32 B2 P64
04-27 20:10:38.572 26434 26483 I Carnival-AppDataHandleManager(): handleData: no need to handle data
04-27 20:10:38.572 26434 26483 I Carnival-AppDataHandleManager(): saveSignInState before:truecurrent:true
04-27 20:10:38.573 26434 26483 I Carnival-ContextExt(): setSignInState true
04-27 20:10:38.581 24767 26494 I SamsungAccount: [StateCheckUtil] Validation Process is completed true
04-27 20:10:38.581 24767 26494 I SamsungAccount: [AccessTokenRunnable] [InAIDL-AccessTokenRunnable]AccessToken reuse. runProcess end. Package = app.spage.
04-27 20:10:38.581 24767 26494 I SamsungAccount: [CBM] [InAIDL-CallbackManager]getCallbackInfo
04-27 20:10:38.581 24767 26494 I SamsungAccount: [CBM] setCurrentRequestType :0
04-27 20:10:38.581 24767 26494 I SamsungAccount: [AccountManagerUtil] isSamsungAccountSignedIn : true
04-27 20:10:38.581 24767 26494 I SamsungAccount: [AccessTokenRunnable] [InAIDL-AccessTokenRunnable]onProcessFinished. Package = app.spage.
04-27 20:10:38.583 24767 26494 I SamsungAccount: [DeviceManager] salesCode : SER
04-27 20:10:38.583 24767 26494 I SamsungAccount: [DeviceManager] isNewLduProdCode : false
04-27 20:10:38.583 24767 26494 I SamsungAccount: [CountryCodeUtil] isChinaCountryCode : false
04-27 20:10:38.583 24767 26494 I SamsungAccount: [ChinaPermissionUtil] isChnSecurityPopupNeeded - false
04-27 20:10:38.587 24767 26494 I SamsungAccount: [AccessTokenRunnable] [InAIDL-AccessTokenRunnable]checkAccessTokenAndRefreshToken. Package = app.spage.
04-27 20:10:38.587 24767 26494 I SamsungAccount: [AccessTokenRunnable] [InAIDL-AccessTokenRunnable]handleProcessSuccessResult start. Package = app.spage.
04-27 20:10:38.587 24767 26494 I SamsungAccount: [RBIVO] getStringArrFromAdditionalBundleKey : additional
04-27 20:10:38.587 24767 26494 I SamsungAccount: [AccessTokenRunnable] [InAIDL-AccessTokenRunnable]setAdditionalInfo start. Package = app.spage.
04-27 20:10:38.587 24767 26494 I SamsungAccount: [AccessTokenRunnable] [InAIDL-AccessTokenRunnable]set user_id
04-27 20:10:38.587 24767 26494 I SamsungAccount: [DbManagerV2] getUserID
04-27 20:10:38.587 24767 26494 I SamsungAccount: [DbManagerV2] getDataV02ForItems : USER_ID from Cache
04-27 20:10:38.587 24767 26494 I SamsungAccount: [AccessTokenRunnable] [InAIDL-AccessTokenRunnable]set api_server_url
04-27 20:10:38.587 24767 26494 I SamsungAccount: [UrlManagerAuth] api_server_url for region
04-27 20:10:38.588 24767 26494 I SamsungAccount: [UrlManagerAuth] return region server url
04-27 20:10:38.588 24767 26494 I SamsungAccount: [AccessTokenRunnable] [InAIDL-AccessTokenRunnable]setAdditionalInfo finish. Package = app.spage.
04-27 20:10:38.590 24767 26494 I SamsungAccount: [AIDLInterfaceBinder] [InAIDL] unregisterCallback start
04-27 20:10:38.590 24767 26494 I SamsungAccount: [CBM] [InAIDL-CallbackManager]getCallbackInfo
04-27 20:10:38.590 24767 26494 I SamsungAccount: [RequestHistoryManager] ==AIDL ACCTOKEN HISTORY== app.spage. => 04/27-20:10:38
04-27 20:10:38.590 24767 26494 I SamsungAccount: [CBM] [InAIDL-CallbackManager]unRegisterCallback
04-27 20:10:38.590 24767 26494 I SamsungAccount: [CBM] [InAIDL-CallbackManager]checkUnregisterCallbackCondition
04-27 20:10:38.590 24767 26494 I SamsungAccount: [CBM] [InAIDL-CallbackManager]getCallbackInfo
04-27 20:10:38.590 24767 26494 I SamsungAccount: [CBM] [InAIDL-CallbackManager] Unregister SuccessPackage = app.spage.
04-27 20:10:38.590 24767 26494 I SamsungAccount: [AIDLInterfaceBinder] [InAIDL] unregisterCallback end
04-27 20:10:38.605 26434 26483 I Carnival-SamsungAccountService(): SuspendCoroutine done for getting auth data
04-27 20:10:38.606 26434 26483 I Carnival-SamsungAccountManager(): updateAuthData guid is exist: 10
04-27 20:10:38.607 26434 26483 I Carnival-SamsungAccountManager(): notifyDataUpdated isSignedIn: true
04-27 20:10:38.607 24767 24767 I SamsungAccount: [AIDLRequestService] OnDestroy Service
04-27 20:10:38.608 24767 26494 I SamsungAccount: [AccessTokenRunnable] [InAIDL-AccessTokenRunnable]handleProcessSuccessResult finish. Package = app.spage.
04-27 20:10:38.608 24767 26494 I SamsungAccount: [StateCheckUtil] isChildAccount : false
04-27 20:10:38.611 26434 26485 I Carnival-SamsungAccountManager(): queryAuth
04-27 20:10:38.612 26434 26481 I Carnival-AppDataHandleManager(): onAccountInformationChanged before: true current: true
04-27 20:10:38.617 26434 26485 I Carnival-SamsungAccountManager(): getAuthData
04-27 20:10:38.618 26434 26485 I Carnival-SamsungAccountService(): requestUserID
04-27 20:10:38.623 26434 26481 I Carnival-AppDataHandleManager(): changed: no need to handle data
04-27 20:10:38.624 26434 26481 I Carnival-AppDataHandleManager(): saveSignInState before:truecurrent:true
04-27 20:10:38.624 26434 26481 I Carnival-ContextExt(): setSignInState true
04-27 20:10:38.646 24767 24767 I SamsungAccount: [AIDLRequestService] OnCreate Service
04-27 20:10:38.652 24767 24767 I SamsungAccount: [AIDLRequestService] OnBind
04-27 20:10:38.652 24767 24767 I SamsungAccount: [AIDLRequestService] [InAIDL] Service bound
04-27 20:10:38.655 26434 26434 I Carnival-SamsungAccountService(): requestUserAgreement : onServiceConnected start
04-27 20:10:38.659 24767 25185 I SamsungAccount: [AIDLInterfaceBinder] [InAIDL] registerCallback start
04-27 20:10:38.659 24767 25185 I SamsungAccount: [AIDLInterfaceBinder] [InAIDL] REG_CALLING_PACKAGE : app.spage.
04-27 20:10:38.659 24767 25185 I SamsungAccount: [AIDLInterfaceBinder] [InAIDL] registerCallback start. Package = app.spage.
04-27 20:10:38.659 24767 25185 I SamsungAccount: [CBM] [InAIDL-CallbackManager] registerCallback
04-27 20:10:38.659 24767 25185 I SamsungAccount: [CBM] [InAIDL-CallbackManager] checkRegisterCallbackCondition
04-27 20:10:38.659 24767 25185 I SamsungAccount: [CBM] [InAIDL-CallbackManager]getRegistrationCodeIfAlreadyRegistered
04-27 20:10:38.659 24767 25185 I SamsungAccount: [CBM] [InAIDL-CallbackManager]Success registerCallback
04-27 20:10:38.660 24767 25185 I SamsungAccount: [AIDLInterfaceBinder] [InAIDL] registerCallback end. registrationCode :Y29tLnNhbXN1bmcuYW5kcm9pZC5hcHAuc3BhZ2U0 Package = app.spage.
04-27 20:10:38.663 24767 25185 I SamsungAccount: [AIDLInterfaceBinder] [InAIDL] requestAccesstoken
04-27 20:10:38.664 24767 25185 I SamsungAccount: [AIDLInterfaceBinder] [InAIDL] BundleInfo = [ additional:user_id,api_server_url,]
04-27 20:10:38.664 24767 25185 I SamsungAccount: [AIDLInterfaceBinder] [InAIDL] checkRequestCondition
04-27 20:10:38.664 24767 25185 I SamsungAccount: [CBM] [InAIDL-CallbackManager]getCallbackInfo
04-27 20:10:38.664 24767 25185 I SamsungAccount: [CBM] [InAIDL-CallbackManager]getCallbackInfo
04-27 20:10:38.665 24767 25185 I SamsungAccount: [AIDLInterfaceBinder] [InAIDL]Start AccessTokenRunnable Thread. package = app.spage.
04-27 20:10:38.667 24767 25185 I SamsungAccount: [PermissionsUtils] checkPrivilegedPhonePermissionOfCallingPackage
04-27 20:10:38.667 24767 25185 I SamsungAccount: [PermissionsUtils] hasPrivilegedPhonePermission : true
04-27 20:10:38.667 24767 25185 I SamsungAccount: [CBM] [InAIDL-CallbackManager]getCallbackInfo
04-27 20:10:38.667 24767 25185 I SamsungAccount: [CBM] setCurrentRequestType :1
04-27 20:10:38.675 24767 26501 I SamsungAccount: [AbstractProcessRunnable] [InAIDL-AbstractProcessRunnable]isAvailableRunningProcess start Package = app.spage.
04-27 20:10:38.681 24767 26501 I SamsungAccount: [NetworkStateUtil] == networkStateCheck == true
04-27 20:10:38.682 24767 26501 I SamsungAccount: [AccountManagerUtil] isSamsungAccountSignedIn : true
04-27 20:10:38.682 24767 26501 I SamsungAccount: [DbManagerV2] getDataState : VALID
04-27 20:10:38.682 24767 26501 I SamsungAccount: [SignatureCheckUtil] runCheckSignatureAsync
04-27 20:10:38.682 24767 26501 I SamsungAccount: [SignaturePreconditionChecker] getSignatureResult - fromSesSdk : false
04-27 20:10:38.682 24767 26501 I SamsungAccount: [SignatureInfoDbHelper] getSignatureResult - [10/26mm5][app.spage.]
04-27 20:10:38.682 24767 26501 I SamsungAccount: [SignatureInfoDbHelper] searchOnUser
04-27 20:10:38.691  5429  5486 I libprocessgroup: Successfully killed process cgroup uid 10242 pid 23723 in 0ms
04-27 20:10:38.693 24767 26501 I SamsungAccount: [SignatureInfoDbHelper] searchOnUser - [10/26mm5][app.spage.][64/3291d] => matched
04-27 20:10:38.693 24767 26501 I SamsungAccount: [SignatureInfoDbHelper] search - matched
04-27 20:10:38.694 24767 26501 I SamsungAccount: [SignatureCheckUtil] runCheckSignatureAsync(fromDb) - matched
04-27 20:10:38.694 24767 26501 I SamsungAccount: [AbstractProcessRunnable] [InAIDL-AbstractProcessRunnable]isAvailableRunningProcess end. Package = app.spage.
04-27 20:10:38.694 24767 26501 I SamsungAccount: [AccessTokenRunnable] [InAIDL-AccessTokenRunnable]runProcess start. Package = app.spage.
04-27 20:10:38.695 24767 26501 I SamsungAccount: [StateCheckUtil] isGoogleLinked = true
04-27 20:10:38.696 24767 26501 I SamsungAccount: [AccessTokenRunnable] check_basic_profile = false needToCheckServer = false
04-27 20:10:38.698 24767 26501 I SamsungAccount: [DeviceManager] salesCode : SER
04-27 20:10:38.698 24767 26501 I SamsungAccount: [DeviceManager] isNewLduProdCode : false
04-27 20:10:38.698 24767 26501 I SamsungAccount: [CountryCodeUtil] isChinaCountryCode : false
04-27 20:10:38.698 24767 26501 I SamsungAccount: [ChinaPermissionUtil] isChnSecurityPopupNeeded - false
04-27 20:10:38.702 24767 26501 I SamsungAccount: [StateCheckUtil] isChildAccount : false
04-27 20:10:38.704 24767 26501 I SamsungAccount: [AccessTokenRunnable] [InAIDL-AccessTokenRunnable]isAccessTokenReusable. Package = app.spage.
04-27 20:10:38.704 24767 26501 I SamsungAccount: [StateCheckUtil] isOverIntervalTime, renewTimeStamp = false
04-27 20:10:38.704 24767 26501 I SamsungAccount: [AccessTokenRunnable] [InAIDL-AccessTokenRunnable]checkAndSetAccessToken. Package = app.spage.
04-27 20:10:38.705 24767 26501 I SamsungAccount: [AccessToken] getAccessTokenInfo
04-27 20:10:38.720 24767 26501 I SamsungAccount: [RBIVO] getStringFormAdditionalBundleKey : expired_access_token
04-27 20:10:38.720 24767 26501 I SamsungAccount: [AccessTokenRunnable] expiredAccessToken is Empty. curTimeSec=1682619038, TimeGap=27078
04-27 20:10:38.720 24767 26501 I SamsungAccount: [AccessTokenRunnable] IsTokenReusable : true
04-27 20:10:38.720 24767 26501 I SamsungAccount: [AccessTokenRunnable] Accesstoken is reusable and isNeedToCheckServer is false
04-27 20:10:38.720 24767 26501 I SamsungAccount: [DbManagerV2] getMccFromDB
04-27 20:10:38.720 24767 26501 I SamsungAccount: [DbManagerV2] getDataV02ForItems : MCC from Cache
04-27 20:10:38.721 24767 26501 I SamsungAccount: [DataUtil] Not Skip Name Validation by accountMCC
04-27 20:10:38.721 24767 26501 I SamsungAccount: [LocalBusinessException] Not Skip Name Validation by AppId
04-27 20:10:38.721 24767 26501 I SamsungAccount: [OpenDBManager] getCheckListFromOpenDB
04-27 20:10:38.721 24767 26501 I SamsungAccount: [OpenDBManager] getTncResult
04-27 20:10:38.721 24767 26501 I SamsungAccount: [OpenDBManager] getTncCursor
04-27 20:10:38.721 24767 26501 I SamsungAccount: [OpenContentProvider]  URI : content://com.msc.openprovider.openContentProvider/tncRequest
04-27 20:10:38.721 24767 26501 I SamsungAccount: [AccountManagerUtil] isSamsungAccountSignedIn : true
04-27 20:10:38.722 24767 26501 I SamsungAccount: [SignatureCheckUtil] runCheckSignatureWithEmptyId
04-27 20:10:38.723 24767 26501 I SamsungAccount: [SignatureCheckUtil] runCheckSignatureAsync
04-27 20:10:38.723 24767 26501 I SamsungAccount: [SignaturePreconditionChecker] getSignatureResult - fromSesSdk : true
04-27 20:10:38.723 24767 26501 I SamsungAccount: [SignatureInfoDbHelper] getSignatureResult - [][app.signin.]
04-27 20:10:38.723 24767 26501 I SamsungAccount: [SignatureInfoDbHelper] searchOnUser
04-27 20:10:38.729 24767 26501 I SamsungAccount: [SignatureInfoDbHelper] searchOnUser - [][app.signin.][64/3291d] => matched
04-27 20:10:38.730 24767 26501 I SamsungAccount: [SignatureInfoDbHelper] search - matched
04-27 20:10:38.730 24767 26501 I SamsungAccount: [SignatureCheckUtil] runCheckSignatureAsync(fromDb) - matched
04-27 20:10:38.732 24767 26501 I SamsungAccount: [DbManagerV2] getMccFromDB
04-27 20:10:38.733 24767 26501 I SamsungAccount: [DbManagerV2] getDataV02ForItems : MCC from Cache
04-27 20:10:38.733 24767 26501 I SamsungAccount: [DataUtil] Not Skip Name Validation by accountMCC
04-27 20:10:38.734 24767 26501 I SamsungAccount: [OpenDBManager] isRequireField
04-27 20:10:38.734 24767 26501 I SamsungAccount: [OpenDBManager] getFieldCursor
04-27 20:10:38.735 24767 26501 I SamsungAccount: [OpenContentProvider]  URI : content://com.msc.openprovider.openContentProvider/mandatoryField
04-27 20:10:38.735 24767 26501 I SamsungAccount: [AccountManagerUtil] isSamsungAccountSignedIn : true
04-27 20:10:38.741  5429  7411 D SemWifiUsabilityStatsMonitor: onWifiUsabilityStats - seqNum 3688, isSameBssidAndFreq true
04-27 20:10:38.743  5429  5717 I SemWifiLinkQualityMonitor: Link Qos Query: 0.125 ms / 64.000 Mbps (72 / 0.000 / 1.125)
04-27 20:10:38.745  4623  4623 W keymaster_tee: [WRN]begin req PARAMS: A32 B2 P64
04-27 20:10:38.770 24767 26501 I SamsungAccount: [StateCheckUtil] Validation Process is completed true
04-27 20:10:38.770 24767 26501 I SamsungAccount: [AccessTokenRunnable] [InAIDL-AccessTokenRunnable]AccessToken reuse. runProcess end. Package = app.spage.
04-27 20:10:38.770 24767 26501 I SamsungAccount: [CBM] [InAIDL-CallbackManager]getCallbackInfo
04-27 20:10:38.770 24767 26501 I SamsungAccount: [CBM] setCurrentRequestType :0
04-27 20:10:38.770 24767 26501 I SamsungAccount: [AccountManagerUtil] isSamsungAccountSignedIn : true
04-27 20:10:38.770 24767 26501 I SamsungAccount: [AccessTokenRunnable] [InAIDL-AccessTokenRunnable]onProcessFinished. Package = app.spage.
04-27 20:10:38.771 24767 26501 I SamsungAccount: [DeviceManager] salesCode : SER
04-27 20:10:38.771 24767 26501 I SamsungAccount: [DeviceManager] isNewLduProdCode : false
04-27 20:10:38.771 24767 26501 I SamsungAccount: [CountryCodeUtil] isChinaCountryCode : false
04-27 20:10:38.771 24767 26501 I SamsungAccount: [ChinaPermissionUtil] isChnSecurityPopupNeeded - false
04-27 20:10:38.785 24767 26501 I SamsungAccount: [AccessTokenRunnable] [InAIDL-AccessTokenRunnable]checkAccessTokenAndRefreshToken. Package = app.spage.
04-27 20:10:38.785 24767 26501 I SamsungAccount: [AccessTokenRunnable] [InAIDL-AccessTokenRunnable]handleProcessSuccessResult start. Package = app.spage.
04-27 20:10:38.785 24767 26501 I SamsungAccount: [RBIVO] getStringArrFromAdditionalBundleKey : additional
04-27 20:10:38.785 24767 26501 I SamsungAccount: [AccessTokenRunnable] [InAIDL-AccessTokenRunnable]setAdditionalInfo start. Package = app.spage.
04-27 20:10:38.785 24767 26501 I SamsungAccount: [AccessTokenRunnable] [InAIDL-AccessTokenRunnable]set user_id
04-27 20:10:38.785 24767 26501 I SamsungAccount: [DbManagerV2] getUserID
04-27 20:10:38.785 24767 26501 I SamsungAccount: [DbManagerV2] getDataV02ForItems : USER_ID from Cache
04-27 20:10:38.785 24767 26501 I SamsungAccount: [AccessTokenRunnable] [InAIDL-AccessTokenRunnable]set api_server_url
04-27 20:10:38.786 24767 26501 I SamsungAccount: [UrlManagerAuth] api_server_url for region
04-27 20:10:38.786 24767 26501 I SamsungAccount: [UrlManagerAuth] return region server url
04-27 20:10:38.786 24767 26501 I SamsungAccount: [AccessTokenRunnable] [InAIDL-AccessTokenRunnable]setAdditionalInfo finish. Package = app.spage.
04-27 20:10:38.787 24767 26501 I SamsungAccount: [AIDLInterfaceBinder] [InAIDL] unregisterCallback start
04-27 20:10:38.787 24767 26501 I SamsungAccount: [CBM] [InAIDL-CallbackManager]getCallbackInfo
04-27 20:10:38.788 24767 26501 I SamsungAccount: [RequestHistoryManager] ==AIDL ACCTOKEN HISTORY== app.spage. => 04/27-20:10:38
04-27 20:10:38.788 24767 26501 I SamsungAccount: [RequestHistoryManager] ==AIDL ACCTOKEN HISTORY== app.spage. => 04/27-20:10:38
04-27 20:10:38.788 24767 26501 I SamsungAccount: [CBM] [InAIDL-CallbackManager]unRegisterCallback
04-27 20:10:38.788 24767 26501 I SamsungAccount: [CBM] [InAIDL-CallbackManager]checkUnregisterCallbackCondition
04-27 20:10:38.788 24767 26501 I SamsungAccount: [CBM] [InAIDL-CallbackManager]getCallbackInfo
04-27 20:10:38.788 24767 26501 I SamsungAccount: [CBM] [InAIDL-CallbackManager] Unregister SuccessPackage = app.spage.
04-27 20:10:38.788 24767 26501 I SamsungAccount: [AIDLInterfaceBinder] [InAIDL] unregisterCallback end
04-27 20:10:38.796 24767 24767 I SamsungAccount: [AIDLRequestService] OnDestroy Service
04-27 20:10:38.799 26434 26485 I Carnival-SamsungAccountService(): SuspendCoroutine done for getting auth data
04-27 20:10:38.799 24767 26501 I SamsungAccount: [AccessTokenRunnable] [InAIDL-AccessTokenRunnable]handleProcessSuccessResult finish. Package = app.spage.
04-27 20:10:38.799 24767 26501 I SamsungAccount: [StateCheckUtil] isChildAccount : false
04-27 20:10:38.800 26434 26485 I Carnival-SamsungAccountManager(): updateAuthData guid is exist: 10
04-27 20:10:38.800 26434 26485 I Carnival-SamsungAccountManager(): notifyDataUpdated isSignedIn: true
04-27 20:10:38.802 26434 26485 I Carnival-AppDataHandleManager(): onAccountInformationChanged before: true current: true
04-27 20:10:38.807 26434 26485 I Carnival-AppDataHandleManager(): changed: no need to handle data
04-27 20:10:38.807 26434 26485 I Carnival-AppDataHandleManager(): saveSignInState before:truecurrent:true
04-27 20:10:38.807 26434 26485 I Carnival-ContextExt(): setSignInState true
04-27 20:10:38.925 26434 26495 I FA      : App measurement initialized, version: 76011
04-27 20:10:38.925 26434 26495 I FA      : To enable debug logging run: adb shell setprop log.tag.FA VERBOSE
04-27 20:10:38.926 26434 26495 I FA      : To enable faster debug mode event logging run:
04-27 20:10:38.926 26434 26495 I FA      :   adb shell setprop debug.firebase.analytics.app com.samsung.android.app.spage
04-27 20:10:38.974  5429  6256 D PackageManager: setEnabledSetting : userId = 0 packageName = com.whatsapp cmp = androidx.work.impl.background.systemjob.SystemJobService newState = 1 callingPackage = 10278/com.whatsapp
04-27 20:10:38.976  5429  6256 D ApplicationPolicy: getApplicationStateEnabled : pkg = com.whatsapp userId : 0
04-27 20:10:38.979  5429  6256 D ApplicationPolicy: getApplicationComponentState : pkg = com.whatsapp userId : 0
04-27 20:10:38.986 25568 26500 D WM-PackageManagerHelper: androidx.work.impl.background.systemjob.SystemJobService enabled
04-27 20:10:38.987 25568 26500 D WM-Schedulers: Created SystemJobScheduler and enabled SystemJobService
04-27 20:10:39.009 25568 26506 D WM-ForceStopRunnable: The default process name was not specified.
04-27 20:10:39.015 25568 26506 D WM-ForceStopRunnable: Performing cleanup operations.
04-27 20:10:39.022  5429  7446 D ConnectivityService: ConnectivityService NetworkRequestInfo binderDied(uid/pid:10242/23723, [NetworkRequest [ REQUEST id=3834, [ Capabilities: INTERNET&NOT_RESTRICTED&TRUSTED&NOT_VCN_MANAGED Uid: 10242 RequestorUid: 10242 RequestorPkg: com.google.android.gm UnderlyingNetworks: Null] ]], android.os.BinderProxy@54990e0)
04-27 20:10:39.023  5429  8514 D ConnectivityService: ConnectivityService NetworkRequestInfo binderDied(uid/pid:10242/23723, [NetworkRequest [ LISTEN id=3837, [ Capabilities: INTERNET&NOT_RESTRICTED&TRUSTED&NOT_VCN_MANAGED Uid: 10242 RequestorUid: 10242 RequestorPkg: com.google.android.gm UnderlyingNetworks: Null] ]], android.os.BinderProxy@def425e)
04-27 20:10:39.023  5429  5665 D ConnectivityService: releasing NetworkRequest [ REQUEST id=3834, [ Capabilities: INTERNET&NOT_RESTRICTED&TRUSTED&NOT_VCN_MANAGED Uid: 10242 RequestorUid: 10242 RequestorPkg: com.google.android.gm UnderlyingNetworks: Null] ] (release request)
04-27 20:10:39.023  5429  5665 D ConnectivityService:  Removing from current network [108 WIFI], leaving 152 requests.
04-27 20:10:39.027  4924  4924 I Zygote  : Process 23723 exited due to signal 9 (Killed)
04-27 20:10:39.027  5429  5442 D ConnectivityService: ConnectivityService NetworkRequestInfo binderDied(uid/pid:10242/23723, [NetworkRequest [ REQUEST id=3836, [ Capabilities: INTERNET&NOT_RESTRICTED&TRUSTED&NOT_VCN_MANAGED Uid: 10242 RequestorUid: 10242 RequestorPkg: com.google.android.gm UnderlyingNetworks: Null] ]], android.os.BinderProxy@7b71f99)
04-27 20:10:39.029  5429  5665 D ConnectivityService: releasing NetworkRequest [ REQUEST id=3836, [ Capabilities: INTERNET&NOT_RESTRICTED&TRUSTED&NOT_VCN_MANAGED Uid: 10242 RequestorUid: 10242 RequestorPkg: com.google.android.gm UnderlyingNetworks: Null] ] (release request)
04-27 20:10:39.029  5429  5665 D ConnectivityService:  Removing from current network [108 WIFI], leaving 150 requests.
04-27 20:10:39.042  4924  4924 D Zygote  : Forked child process 26508
04-27 20:10:39.097 26508 26508 I ogle.android.gm: Using CollectorTypeCC GC.
04-27 20:10:39.109  7162  7190 I adbd    : jdwp connection from 26508
04-27 20:10:39.117 26508 26508 W libc    : Access denied finding property "sys.perf.boostopt"
04-27 20:10:39.118 26508 26521 W libc    : Access denied finding property "sys.perf.boostopt"
04-27 20:10:39.119  4899  4899 E audit   : type=1400 audit(1682619039.111:17764): avc:  denied  { read } for  pid=26508 comm="ogle.android.gm" name="u:object_r:perf_prop:s0" dev="tmpfs" ino=21617 scontext=u:r:untrusted_app:s0:c242,c256,c512,c768 tcontext=u:object_r:perf_prop:s0 tclass=file permissive=0 SEPF_SM-A515F_13_0001 audit_filtered
04-27 20:10:39.121 26508 26508 D ActivityThread: setConscryptValidator
04-27 20:10:39.121 26508 26508 D ActivityThread: setConscryptValidator - put
04-27 20:10:39.149 25568 26506 D WM-SystemJobScheduler: Reconciling jobs
04-27 20:10:39.156 26508 26508 D CompatibilityChangeReporter: Compat change id reported: 171979766; UID 10242; state: ENABLED
04-27 20:10:39.197 25568 26506 D WM-ForceStopRunnable: Found unfinished work, scheduling it.
04-27 20:10:39.227 26508 26508 D nativeloader: Configuring classloader-namespace for other apk /system/framework/org.apache.http.legacy.jar. target_sdk_version=33, uses_libraries=ALL, library_path=/data/app/~~gg5StmC5EMo4lKi6x3TZpw==/com.google.android.gm-DY6Q0Lfto8N7UbNYbfEIoA==/lib/arm64:/data/app/~~gg5StmC5EMo4lKi6x3TZpw==/com.google.android.gm-DY6Q0Lfto8N7UbNYbfEIoA==/base.apk!/lib/arm64-v8a:/data/app/~~gg5StmC5EMo4lKi6x3TZpw==/com.google.android.gm-DY6Q0Lfto8N7UbNYbfEIoA==/split_config.arm64_v8a.apk!/lib/arm64-v8a:/data/app/~~gg5StmC5EMo4lKi6x3TZpw==/com.google.android.gm-DY6Q0Lfto8N7UbNYbfEIoA==/split_config.en.apk!/lib/arm64-v8a:/data/app/~~gg5StmC5EMo4lKi6x3TZpw==/com.google.android.gm-DY6Q0Lfto8N7UbNYbfEIoA==/split_config.ru.apk!/lib/arm64-v8a:/data/app/~~gg5StmC5EMo4lKi6x3TZpw==/com.google.android.gm-DY6Q0Lfto8N7UbNYbfEIoA==/split_config.xxhdpi.apk!/lib/arm64-v8a, permitted_path=/data:/mnt/expand:/data/user/0/com.google.android.gm
04-27 20:10:39.227 26508 26508 D nativeloader: Extending system_exposed_libraries: libhumantracking.arcsoft.so:libPortraitDistortionCorrection.arcsoft.so:libPortraitDistortionCorrectionCali.arcsoft.so:libface_landmark.arcsoft.so:libFacialStickerEngine.arcsoft.so:libveengine.arcsoft.so:liblow_light_hdr.arcsoft.so:libhigh_dynamic_range.arcsoft.so:libFacialAttributeDetection.arcsoft.so:libBeauty_v4.camera.samsung.so:libexifa.camera.samsung.so:libjpega.camera.samsung.so:libOpenCv.camera.samsung.so:libImageScreener.camera.samsung.so:libMyFilter.camera.samsung.so:libtensorflowLite.myfilter.camera.samsung.so:libtensorflowlite_inference_api.myfilter.camera.samsung.so:libEventFinder.camera.samsung.so:libHIDTSnapJNI.camera.samsung.so:libSmartScan.camera.samsung.so:libRectify.camera.samsung.so:libDocRectifyWrapper.camera.samsung.so:libUltraWideDistortionCorrection.camera.samsung.so:libHpr_RecGAE_cvFeature_v1.0.camera.samsung.so:libHprFace_GAE_api.camera.samsung.so:libFace_Landmark_API.camera.samsung.so:libHprFace_GAE_jni.camera.samsung.so:libFacialBasedSelfieCorrec
04-27 20:10:39.235 25568 26506 D WM-SystemJobScheduler: Scheduling work ID 26ad818e-1f1e-4489-be88-fda5c01136aaJob ID 2436
04-27 20:10:39.262 22494 22516 W System  : A resource failed to call close.
04-27 20:10:39.263 22494 22516 W System  : A resource failed to call SQLiteConnectionPool.close.
04-27 20:10:39.263 22494 22516 W SQLiteConnectionPool: A SQLiteConnection object for database '+data+user+0+com_google_android_googlequicksearchbox+databases+icing-mdh_db' was leaked!  Please fix your application to end transactions in progress properly and to close the database when it is no longer needed.
04-27 20:10:39.263 22494 22516 W System  : A resource failed to call SQLiteConnection.close.
04-27 20:10:39.325 26508 26508 W ziparchive: Unable to open '/data/app/~~gg5StmC5EMo4lKi6x3TZpw==/com.google.android.gm-DY6Q0Lfto8N7UbNYbfEIoA==/split_config.arm64_v8a.dm': No such file or directory
04-27 20:10:39.326 26508 26508 W ziparchive: Unable to open '/data/app/~~gg5StmC5EMo4lKi6x3TZpw==/com.google.android.gm-DY6Q0Lfto8N7UbNYbfEIoA==/split_config.arm64_v8a.dm': No such file or directory
04-27 20:10:39.336 26508 26508 W ogle.android.gm: Entry not found
04-27 20:10:39.340 11246 11246 D BoundBrokerSvc: onBind: Intent { act=com.google.android.gms.measurement.START pkg=com.google.android.gms }
04-27 20:10:39.340 11246 11246 D BoundBrokerSvc: Loading bound service for intent: Intent { act=com.google.android.gms.measurement.START pkg=com.google.android.gms }
04-27 20:10:39.340 26508 26508 W ziparchive: Unable to open '/data/app/~~gg5StmC5EMo4lKi6x3TZpw==/com.google.android.gm-DY6Q0Lfto8N7UbNYbfEIoA==/split_config.en.dm': No such file or directory
04-27 20:10:39.340 26508 26508 W ziparchive: Unable to open '/data/app/~~gg5StmC5EMo4lKi6x3TZpw==/com.google.android.gm-DY6Q0Lfto8N7UbNYbfEIoA==/split_config.en.dm': No such file or directory
04-27 20:10:39.343 26508 26508 W ogle.android.gm: Entry not found
04-27 20:10:39.348 26508 26508 W ziparchive: Unable to open '/data/app/~~gg5StmC5EMo4lKi6x3TZpw==/com.google.android.gm-DY6Q0Lfto8N7UbNYbfEIoA==/split_config.ru.dm': No such file or directory
04-27 20:10:39.348 26508 26508 W ziparchive: Unable to open '/data/app/~~gg5StmC5EMo4lKi6x3TZpw==/com.google.android.gm-DY6Q0Lfto8N7UbNYbfEIoA==/split_config.ru.dm': No such file or directory
04-27 20:10:39.351 26508 26508 W ogle.android.gm: Entry not found
04-27 20:10:39.353 26508 26508 W ziparchive: Unable to open '/data/app/~~gg5StmC5EMo4lKi6x3TZpw==/com.google.android.gm-DY6Q0Lfto8N7UbNYbfEIoA==/split_config.xxhdpi.dm': No such file or directory
04-27 20:10:39.353 26508 26508 W ziparchive: Unable to open '/data/app/~~gg5StmC5EMo4lKi6x3TZpw==/com.google.android.gm-DY6Q0Lfto8N7UbNYbfEIoA==/split_config.xxhdpi.dm': No such file or directory
04-27 20:10:39.355 26508 26508 W ogle.android.gm: Entry not found
04-27 20:10:39.364 26508 26508 D nativeloader: Configuring classloader-namespace for other apk /data/app/~~gg5StmC5EMo4lKi6x3TZpw==/com.google.android.gm-DY6Q0Lfto8N7UbNYbfEIoA==/base.apk:/data/app/~~gg5StmC5EMo4lKi6x3TZpw==/com.google.android.gm-DY6Q0Lfto8N7UbNYbfEIoA==/split_config.arm64_v8a.apk:/data/app/~~gg5StmC5EMo4lKi6x3TZpw==/com.google.android.gm-DY6Q0Lfto8N7UbNYbfEIoA==/split_config.en.apk:/data/app/~~gg5StmC5EMo4lKi6x3TZpw==/com.google.android.gm-DY6Q0Lfto8N7UbNYbfEIoA==/split_config.ru.apk:/data/app/~~gg5StmC5EMo4lKi6x3TZpw==/com.google.android.gm-DY6Q0Lfto8N7UbNYbfEIoA==/split_config.xxhdpi.apk. target_sdk_version=33, uses_libraries=libOpenCL.so, library_path=/data/app/~~gg5StmC5EMo4lKi6x3TZpw==/com.google.android.gm-DY6Q0Lfto8N7UbNYbfEIoA==/lib/arm64:/data/app/~~gg5StmC5EMo4lKi6x3TZpw==/com.google.android.gm-DY6Q0Lfto8N7UbNYbfEIoA==/base.apk!/lib/arm64-v8a:/data/app/~~gg5StmC5EMo4lKi6x3TZpw==/com.google.android.gm-DY6Q0Lfto8N7UbNYbfEIoA==/split_config.arm64_v8a.apk!/lib/arm64-v8a:/data/app/~~gg5StmC5EMo4lKi6x3TZpw==/com.google.android.gm-DY
04-27 20:10:39.396 26508 26508 W ogle.android.gm: JIT profile information will not be recorded: profile file does not exist.
04-27 20:10:39.397 26508 26508 W ogle.android.gm: JIT profile information will not be recorded: profile file does not exist.
04-27 20:10:39.397 26508 26508 W ogle.android.gm: JIT profile information will not be recorded: profile file does not exist.
04-27 20:10:39.399 26508 26508 W ogle.android.gm: JIT profile information will not be recorded: profile file does not exist.
04-27 20:10:39.407  5067  5067 E sehhealth-service: Could not open /sys/class/power_supply/battery/lrp
04-27 20:10:39.409  5429  5602 D MotionRecognitionService: [SAR]  onReceive : ACTION_BATTERY_CHANGED, Plugged: 2
04-27 20:10:39.413  5429  5429 D PhoneWindowManagerExt: ACTION_BATTERY_CHANGED - Level=70, status=2
04-27 20:10:39.415  5787  5787 D SemBigDataInfoController: Intent: android.intent.action.BATTERY_CHANGED
04-27 20:10:39.420  5878  5878 I PowerUI : mBootCompleted = true |  mFullyConnected = true
04-27 20:10:39.420  5878  5878 W PowerUI : Plug reason
04-27 20:10:39.420  5878  5878 W PowerUI : Skip charging animation - by plug status
04-27 20:10:39.420  5878  5878 D PowerUI : priorPlugType = 2 mPlugType = 2 priorBatteryStatus = 2 mBatteryStatus = 2
04-27 20:10:39.420  5878  5878 W PowerUI : Plug reason
04-27 20:10:39.420  5878  5878 W PowerUI : Skip charging sound - by plug status
04-27 20:10:39.420  5878  5878 I PowerUI : oldMisalign : false, curMisalign : false
04-27 20:10:39.422  5878  6757 D SecPowerUI.Notification: dismissing low battery warning: level=70
04-27 20:10:39.422  5878  6757 D SecPowerUI.Notification: updateNotification mWarning=false mPlaySound=false
04-27 20:10:39.422  5429  5429 D SemWifiApBroadcastReceiver: Received : android.intent.action.BATTERY_CHANGED
04-27 20:10:39.422  5878  6757 D SecPowerUI.Notification: SecBatteryStatsSnapshot{batteryLevel=70, currentBatteryMode=0, chargingTime=2812000, chargingType=11, batteryHealth=2, automaticTestMode=false, isHiccupState=false}
04-27 20:10:39.423  5787  5787 D SemBigDataInfoController: Intent: android.intent.action.BATTERY_CHANGED
04-27 20:10:39.424  5878  5878 D SecPowerUI.Notification: showChargingNotice oldChargingType : 11 / currentChargingType : 11, oldChargingTime : 2812000 / mChargingTime : 2812000
04-27 20:10:39.424  5878  5878 D SecPowerUI.Notification: There is no change about charging status, so return!
04-27 20:10:39.424  5878  5878 D PowerUI : Battery swelling mode - priorBatterySwellingMode = 0 mBatterySwellingMode = 0 mBatteryStatus = 2
04-27 20:10:39.424  5878  5878 I PowerUI : mBatteryMiscEvent = 65536
04-27 20:10:39.425  5878  5878 D KeyguardUpdateMonitor: received broadcast android.intent.action.BATTERY_CHANGED
04-27 20:10:39.425  5878  6757 D SecPowerUI.Notification: 1. restoreScreenTimeOut - saved_value : :
04-27 20:10:39.426  5878  6757 E SecPowerUI.Notification: no saved value, so we do nothing !!
04-27 20:10:39.428  5878  5878 D SamsungBatteryMeterDrawable: onBatteryLevelChanged isSomethingChanged: false
04-27 20:10:39.429  5878  5878 D SamsungBatteryMeterDrawable: onBatteryLevelChanged isSomethingChanged: false
04-27 20:10:39.429  5878  5878 D SamsungBatteryMeterDrawable: onBatteryLevelChanged isSomethingChanged: false
04-27 20:10:39.429  5878  5878 D SamsungBatteryMeterDrawable: onBatteryLevelChanged isSomethingChanged: false
04-27 20:10:39.430  5878  5878 I AODBatteryManager: updateBatteryData: ACTION_BATTERY_CHANGED
04-27 20:10:39.432  5878  5878 I AODBatteryManager: saveBatteryData : AOD BatteryData [mBatteryLevel=70, mBatteryStatus=CHARGING, mBatteryPlugType=USB, mBatteryPlugged=true, mRemainingChargeTime=2812000, mBatteryChargingType=2, mBatteryChargerType=FAST, mBatteryOnline=NOT_DEFINED, mBatterySwellingMode=NONE, mBatteryProtectMode=false]
04-27 20:10:39.433  5878  5878 D KeyguardUpdateMonitor: handleBatteryUpdate
04-27 20:10:39.456 26508 26508 V GraphicsEnvironment: ANGLE Developer option for 'com.google.android.gm' set to: 'default'
04-27 20:10:39.457 26508 26508 V GraphicsEnvironment: ANGLE GameManagerService for com.google.android.gm: false
04-27 20:10:39.457 26508 26508 V GraphicsEnvironment: Neither updatable production driver nor prerelease driver is supported.
04-27 20:10:39.465  5429  5751 D NetdEventListenerService: DNS Requested by : 108, 10278
04-27 20:10:39.469 26508 26508 D NetworkSecurityConfig: Using Network Security Config from resource network_security_config debugBuild: false
04-27 20:10:39.479 25568 26500 D TrafficStats: tagSocket(147) with statsTag=0x4, statsUid=-1
04-27 20:10:39.512 26508 26508 D NetworkSecurityConfig: Using Network Security Config from resource network_security_config debugBuild: false
04-27 20:10:39.726  5429  5705 I ChimeraAggressivePolicyHandler: executePolicy() - triggerSource: TRIGGER_SOURCE_LMKD
04-27 20:10:39.727  5429  5705 I ChimeraAggressivePolicyHandler: memAvailable: 782024, memFreeTarget: 870400, releaseTarget:88376, protectedLruCount: 10
04-27 20:10:39.781  5429  5488 W libprocessgroup: Failed to open /dev/blkio//cgroup.procs: No such file or directory
04-27 20:10:39.793  5429  5705 I NSLocationMonitor: getGPSUsingApps() called
04-27 20:10:39.807  7025  7043 I NSLocationManager_FLP: getGPSUsingApps, NO_FREEZE={5013} / FREEZE={10234}
04-27 20:10:39.816  5429  5705 I ChimeraAggressivePolicyHandler: Start doKill, protected policy: NORMAL
04-27 20:10:39.819  5429  5705 I ChimeraAggressivePolicyHandler: Killed on trigger0 : com.facebook.services[24553], freed: 9400, 10076[24553]:G2(0x20000) score=30.6(45 10/10 9400), pids: 24553 / stats: 19 / adjs: 999
04-27 20:10:39.823  5429  5705 I ChimeraAggressivePolicyHandler: kill complete: killed 1 apps, freed 9400 KB
04-27 20:10:39.823  5429  5705 I ChimeraAggressivePolicyHandler: Skipped reason: LR, pids: 26164 19519
04-27 20:10:39.823  5429  5705 I ChimeraAggressivePolicyHandler: Skipped reason: CA, pids: 26434 25154 25226 26060 24781 24909 26383 6865 25105 26326 22680 26084 25508 23654 25772 25909 24767
04-27 20:10:39.823  5429  5705 I ChimeraAggressivePolicyHandler: Skipped reason: PE, pids: 8449 9537 11589 6156 24589 6734 19664 24853 5848 5787 25691 8348 8350 6174 25567 7327 25568 11360 8419 6180 6118 6190 11246 23151 7025 6196 5429 25653 5878 10679 9209 10299 6655
04-27 20:10:39.823  5429  5705 I ChimeraAggressivePolicyHandler: Skipped reason: IN, pids: 13254 1836 23853 13010 16758 12664
04-27 20:10:39.823  5429  5705 I ChimeraAggressivePolicyHandler: Skipped reason: SE, pids: 8909 1823
04-27 20:10:39.823  5429  5705 I ChimeraAggressivePolicyHandler: Skipped reason: AD, pids: 19267 12037 20358 26508 8401 533 22494 8548 8932 11943 25191 8618 13805 9197 6267 8575
04-27 20:10:39.823  5429  5705 I ChimeraAggressivePolicyHandler: Processing time(ms) 97
04-27 20:10:39.827  5429  5486 I libprocessgroup: Successfully killed process cgroup uid 10076 pid 24553 in 0ms
04-27 20:10:39.855  5429  5488 W libprocessgroup: Failed to open /dev/blkio//cgroup.procs: No such file or directory
04-27 20:10:39.858 11589 11769 I PolicyManager: [#CMH#] Is foreground game app: false
04-27 20:10:39.863  4924  4924 I Zygote  : Process 24553 exited due to signal 9 (Killed)
04-27 20:10:40.071 25568 26500 E SQLiteLog: (1) duplicate column name: mute_reactions in "ALTER TABLE settings ADD mute_reactions INTEGER"
04-27 20:10:40.105 26508 26546 D CompatibilityChangeReporter: Compat change id reported: 183155436; UID 10242; state: ENABLED
04-27 20:10:40.368  5429  5488 W libprocessgroup: Failed to open /dev/blkio//cgroup.procs: No such file or directory
04-27 20:10:40.372  5429  5488 W libprocessgroup: Failed to open /dev/blkio//cgroup.procs: No such file or directory
04-27 20:10:40.943 26508 26557 W ogle.android.gm: Accessing hidden field Ljava/util/Collections$SynchronizedCollection;->mutex:Ljava/lang/Object; (max-target-o, reflection, denied)
04-27 20:10:40.945 26508 26557 W ogle.android.gm: Accessing hidden method Ljava/util/Collections$SynchronizedSet;-><init>(Ljava/util/Set;Ljava/lang/Object;)V (max-target-o, reflection, denied)
04-27 20:10:40.945 26508 26557 W ogle.android.gm: Accessing hidden method Ljava/util/Collections$SynchronizedCollection;-><init>(Ljava/util/Collection;Ljava/lang/Object;)V (max-target-o, reflection, denied)
04-27 20:10:41.272 11246 11246 D BoundBrokerSvc: onBind: Intent { act=com.google.android.mobstore.service.START pkg=com.google.android.gms }
04-27 20:10:41.272 11246 11246 D BoundBrokerSvc: Loading bound service for intent: Intent { act=com.google.android.mobstore.service.START pkg=com.google.android.gms }
04-27 20:10:41.493 26383 26393 W System  : A resource failed to call AbstractCursor.close.
04-27 20:10:41.693 11246 11246 D BoundBrokerSvc: onBind: Intent { act=com.google.android.gms.mdisync.service.START dat=chimera-action:/... cmp=com.google.android.gms/.chimera.GmsApiService }
04-27 20:10:41.693 11246 11246 D BoundBrokerSvc: Loading bound service for intent: Intent { act=com.google.android.gms.mdisync.service.START dat=chimera-action:/... cmp=com.google.android.gms/.chimera.GmsApiService }
04-27 20:10:41.726 11246 11246 D BoundBrokerSvc: onUnbind: Intent { act=com.google.android.gms.appset.service.START dat=chimera-action:/... cmp=com.google.android.gms/.chimera.GmsApiService }
04-27 20:10:41.728 26164 26187 D Benchmark: timeNs[ 0:10]: 99088 97711 98248 100625 98015 100686 99001 100311 102230 103190
04-27 20:10:41.728 26164 26187 D Benchmark: timeNs[10:20]: 101529 103565 98937 102827 109671 108799 107048 102842 97649 102347
04-27 20:10:41.728 26164 26187 D Benchmark: timeNs[20:30]: 101394 103032 113033 97426 100666 110956 105732 98495 102322 98790
04-27 20:10:41.728 26164 26187 D Benchmark: timeNs[30:40]: 98612 101995 96579 99306 107578 102121 106407 101000 104715 98923
04-27 20:10:41.728 26164 26187 D Benchmark: timeNs[40:50]: 95692 98228 104836 101247 94934 98419 96419 94179 94299 97552
04-27 20:10:41.731 26508 26571 W CacheStorage: cache doesn't exist
04-27 20:10:41.760 26508 26573 I org.webrtc.Logging: CrashStartupListener: Checking conference crashes for 2 account(s).
04-27 20:10:41.765 11246 11246 D BoundBrokerSvc: onUnbind: Intent { act=com.google.android.gms.feedback.internal.IFeedbackService dat=chimera-action:/... cmp=com.google.android.gms/.chimera.GmsBoundBrokerService }
04-27 20:10:41.864  5429  7411 D SemWifiUsabilityStatsMonitor: onWifiUsabilityStats - seqNum 3689, isSameBssidAndFreq true
04-27 20:10:41.870  5429  5717 I SemWifiLinkQualityMonitor: Link Qos Query: 0.271 ms / 29.545 Mbps (65 / 0.000 / 2.200)
04-27 20:10:41.943 26508 26581 W System  : ClassLoader referenced unknown path:
04-27 20:10:41.944 26508 26581 D nativeloader: Configuring classloader-namespace for other apk . target_sdk_version=33, uses_libraries=, library_path=/data/app/~~fupSe7mT3TYRtpByrpi4GQ==/com.google.android.gms-bmnvTG7hLJarQuEcM9Lr_Q==/lib/arm64:/data/app/~~fupSe7mT3TYRtpByrpi4GQ==/com.google.android.gms-bmnvTG7hLJarQuEcM9Lr_Q==/base.apk!/lib/arm64-v8a, permitted_path=/data:/mnt/expand:/data/user/0/com.google.android.gms
04-27 20:10:41.990 26508 26589 D StrictMode: StrictMode policy violation: android.os.strictmode.DiskReadViolation
04-27 20:10:41.990 26508 26589 D StrictMode: 	at android.os.StrictMode$AndroidBlockGuardPolicy.onReadFromDisk(StrictMode.java:1658)
04-27 20:10:41.990 26508 26589 D StrictMode: 	at libcore.io.BlockGuardOs.access(BlockGuardOs.java:74)
04-27 20:10:41.990 26508 26589 D StrictMode: 	at libcore.io.ForwardingOs.access(ForwardingOs.java:128)
04-27 20:10:41.990 26508 26589 D StrictMode: 	at android.app.ActivityThread$AndroidOs.access(ActivityThread.java:8610)
04-27 20:10:41.990 26508 26589 D StrictMode: 	at java.io.UnixFileSystem.checkAccess(UnixFileSystem.java:281)
04-27 20:10:41.990 26508 26589 D StrictMode: 	at java.io.File.exists(File.java:813)
04-27 20:10:41.990 26508 26589 D StrictMode: 	at android.app.ContextImpl.ensurePrivateDirExists(ContextImpl.java:790)
04-27 20:10:41.990 26508 26589 D StrictMode: 	at android.app.ContextImpl.ensurePrivateDirExists(ContextImpl.java:781)
04-27 20:10:41.990 26508 26589 D StrictMode: 	at android.app.ContextImpl.getPreferencesDir(ContextImpl.java:737)
04-27 20:10:41.990 26508 26589 D StrictMode: 	at android.app.ContextImpl.getSharedPreferencesPath(ContextImpl.java:975)
04-27 20:10:41.990 26508 26589 D StrictMode: 	at android.app.ContextImpl.getSharedPreferences(ContextImpl.java:573)
04-27 20:10:41.990 26508 26589 D StrictMode: 	at android.content.ContextWrapper.getSharedPreferences(ContextWrapper.java:226)
04-27 20:10:41.990 26508 26589 D StrictMode: 	at ioe.<init>(PG:2)
04-27 20:10:41.990 26508 26589 D StrictMode: 	at hhx.<init>(Unknown Source:12)
04-27 20:10:41.990 26508 26589 D StrictMode: 	at hhx.m(PG:2)
04-27 20:10:41.990 26508 26589 D StrictMode: 	at opz.a(PG:4)
04-27 20:10:41.990 26508 26589 D StrictMode: 	at pay.b(PG:1)
04-27 20:10:41.990 26508 26589 D StrictMode: 	at aafh.g(PG:3)
04-27 20:10:41.990 26508 26589 D StrictMode: 	at aafh.c(PG:1)
04-27 20:10:41.990 26508 26589 D StrictMode: 	at umf.x(Unknown Source:4)
04-27 20:10:41.990 26508 26589 D StrictMode: 	at szj.a(PG:36)
04-27 20:10:41.990 26508 26589 D StrictMode: 	at auwm.a(PG:3)
04-27 20:10:41.990 26508 26589 D StrictMode: 	at auvy.c(PG:2)
04-27 20:10:41.990 26508 26589 D StrictMode: 	at auwa.run(PG:9)
04-27 20:10:41.990 26508 26589 D StrictMode: 	at ylm.run(PG:1)
04-27 20:10:41.990 26508 26589 D StrictMode: 	at java.util.concurrent.ThreadPoolExecutor.runWorker(ThreadPoolExecutor.java:1137)
04-27 20:10:41.990 26508 26589 D StrictMode: 	at java.util.concurrent.ThreadPoolExecutor$Worker.run(ThreadPoolExecutor.java:637)
04-27 20:10:41.990 26508 26589 D StrictMode: 	at xje.run(PG:23)
04-27 20:10:41.990 26508 26589 D StrictMode: 	at java.lang.Thread.run(Thread.java:1012)
04-27 20:10:41.990 26508 26589 D StrictMode: 	at ylp.run(PG:6)
04-27 20:10:42.001 26508 26589 D StrictMode: StrictMode policy violation: android.os.strictmode.DiskReadViolation
04-27 20:10:42.001 26508 26589 D StrictMode: 	at android.os.StrictMode$AndroidBlockGuardPolicy.onReadFromDisk(StrictMode.java:1658)
04-27 20:10:42.001 26508 26589 D StrictMode: 	at android.app.SharedPreferencesImpl.awaitLoadedLocked(SharedPreferencesImpl.java:279)
04-27 20:10:42.001 26508 26589 D StrictMode: 	at android.app.SharedPreferencesImpl.edit(SharedPreferencesImpl.java:372)
04-27 20:10:42.001 26508 26589 D StrictMode: 	at ioe.<init>(PG:2)
