04-27 22:22:52.001 21539 21563 I TestRunner: started: inlineFloat(org.jetbrains.android_benchmark.Wolf3dBenchmark)
04-27 22:22:52.007 21539 21539 I MonitoringInstr: Activities that are still in CREATED to STOPPED: 1
04-27 22:22:52.007 21539 21539 I MonitoringInstr: Finishing activity: androidx.benchmark.IsolationActivity@60bdc39
04-27 22:22:52.013 21539 21563 I GrantPermissionCallable: Permission: android.permission.WRITE_EXTERNAL_STORAGE is already granted!
04-27 22:22:52.013 21539 21563 I GrantPermissionCallable: Permission: android.permission.READ_EXTERNAL_STORAGE is already granted!
04-27 22:22:52.013 21539 21563 D Benchmark: -- Running org.jetbrains.android_benchmark.Wolf3dBenchmark#inlineFloat --
04-27 22:22:52.013 21539 21563 D PerfettoCapture: Supported ABIs: arm64-v8a, armeabi-v7a, armeabi
04-27 22:22:52.013 21539 21563 D PerfettoCapture: Recording perfetto trace
04-27 22:22:52.014  6734 27465 I NetworkScheduler.Stats: Task com.google.android.gms/com.google.android.gms.ipa.base.IpaGcmTaskService started execution. cause:9 exec_start_elapsed_seconds: 36511 [CONTEXT service_id=218 ]
04-27 22:22:52.019  6734 24142 I NetworkScheduler.Stats: Task com.google.android.gms/com.google.android.gms.ipa.base.IpaGcmTaskService finished executing. cause:9 result: 1 elapsed_millis: 46 uptime_millis: 46 exec_start_elapsed_seconds: 36511 [CONTEXT service_id=218 ]
04-27 22:22:52.025 22361 22361 I [PASS][CMN]DrawableCache: clearData LruCache[maxSize=32768,hits=0,misses=0,hitRate=0%]
04-27 22:22:52.046 21539 21563 I PerfettoCapture: Cleanup perfetto before starting.
04-27 22:22:52.093  5429  7411 D SemWifiUsabilityStatsMonitor: onWifiUsabilityStats - seqNum 6304, isSameBssidAndFreq true
04-27 22:22:52.095  5429  5717 I SemWifiLinkQualityMonitor: Link Qos Query: 0.111 ms / 72.000 Mbps (72 / 0.000 / 1.000)
04-27 22:22:52.190  5429  5665 D ConnectivityService: reportNetworkActive, notify 0 listeners
04-27 22:22:52.211 21539 21563 I PerfettoCapture: Perfetto output file cleanup -
04-27 22:22:52.211 21539 21563 I PerfettoCapture: Starting perfetto tracing with cmd: cat /storage/emulated/0/Android/data/org.jetbrains.android_benchmark.test/cache/trace_config.pb | perfetto --background -c - -o /data/misc/perfetto-traces/trace_output.pb
04-27 22:22:52.361  5429  5751 D NetdEventListenerService: DNS Requested by : 108, 10126
04-27 22:22:52.394 27498 27498 I perfetto:    perfetto_cmd.cc:1001 Connected to the Perfetto traced service, starting tracing
04-27 22:22:52.396  5131  5131 I perfetto: ing_service_impl.cc:953 Configured tracing session 126, #sources:4, duration:0 ms, #buffers:2, total buffer size:36864 KB, total sessions:1, uid:2000 session name: ""
04-27 22:22:52.400  5130  5130 I perfetto:  probes_producer.cc:139 Ftrace setup (target_buf=251)
04-27 22:22:52.427 21539 21563 I PerfettoCapture: Perfetto output - 27498
04-27 22:22:52.427 21539 21563 I PerfettoCapture: EXITCODE=0
04-27 22:22:52.431  5067  5067 E sehhealth-service: Could not open /sys/class/power_supply/battery/lrp
04-27 22:22:52.501  4389  4389 I hwservicemanager: getTransport: Cannot find entry android.hardware.atrace@1.0::IAtraceDevice/default in either framework or device VINTF manifest.
04-27 22:22:52.536  5130  5130 I perfetto:    ftrace_procfs.cc:335 enabled ftrace in /sys/kernel/tracing/
04-27 22:22:52.572 21539 21563 I PerfettoCapture: Perfetto tracing started successfully with pid 27498.
04-27 22:22:52.677 21539 21563 I PerfettoCapture: /sys/kernel/tracing/tracing_on = 1, polled 0 times, capture fully started
04-27 22:22:52.679 21539 21563 D Benchmark: Set 21563 (Bench thread) to priority -20. Was -8, now -20
04-27 22:22:52.679 21539 21563 D Benchmark: Set 21548 (Jit) to priority -15. Was 9, now -15
04-27 22:22:52.722 21539 21563 I _benchmark.test: Explicit concurrent copying GC freed 547117(12MB) AllocSpace objects, 1(20KB) LOS objects, 67% free, 2956KB/9100KB, paused 303us,117us total 42.289ms
04-27 22:22:53.341  8350  8651 I FuseDaemon: Threshold exceeded - fadvising 67108864
04-27 22:22:53.342  8350  8651 I FuseDaemon: Threshold now 0
04-27 22:22:55.108  6118  6611 W bt_stack: pause_registered_clients()
04-27 22:22:55.109  6118  6611 W bt_stack: le_scanning_manager :: OnPause()
04-27 22:22:55.109  6118  6611 W bt_stack: Stop LeSetScanEnable
04-27 22:22:55.109  6118  6611 W bt_stack: le_scanning_manager :: OnPause() - call AckPause
04-27 22:22:55.109  6118  6611 W bt_stack: le_impl :: OnPause()
04-27 22:22:55.109  6118  6611 W bt_stack: le_impl :: ConnectabilityState is DISARMED. Call AckPause()
04-27 22:22:55.111  6118  6611 W bt_stack: le_address_manager :: ack_pause()
04-27 22:22:55.111  6118  6611 W bt_stack: le_address_manager :: ack_pause() - make sure all client paused. Return
04-27 22:22:55.111  6118  6611 W bt_stack: le_address_manager :: ack_pause()
04-27 22:22:55.111  6118  6611 W bt_stack: le_address_manager :: ack_pause() - handle_next_command
04-27 22:22:55.111  6118  6611 W bt_stack: handle_next_command()
04-27 22:22:55.121  6118  6611 W bt_stack: Received command complete with op_code LE_SET_RANDOM_ADDRESS
04-27 22:22:55.121  6118  6611 W bt_stack: le_scanning_manager :: OnResume()
04-27 22:22:55.121  6118  6611 W bt_stack: Start LeSetScan
04-27 22:22:55.121  6118  6611 W bt_stack: le_scanning_manager :: OnResume() - call AckResume
04-27 22:22:55.121  6118  6611 W bt_stack: le_impl :: OnResume()
04-27 22:22:55.121  6118  6611 W bt_stack: le_impl :: check_for_unregister()
04-27 22:22:55.121  6118  6611 W bt_stack: le_address_manager :: ack_resume()
04-27 22:22:55.122  6118  6611 W bt_stack: le_address_manager :: ack_resume()
04-27 22:22:55.134  5429  7411 D SemWifiUsabilityStatsMonitor: onWifiUsabilityStats - seqNum 6305, isSameBssidAndFreq true
04-27 22:22:55.138  5429  5717 I SemWifiLinkQualityMonitor: Link Qos Query: 0.123 ms / 64.800 Mbps (72 / 0.000 / 1.111)
04-27 22:22:55.140  5878  5878 D NetworkController.WifiSignalController: notifyListener: visible=true, connected=true, inetCondition=1, isDefault=true, wifiTestReported=true, receivedInetCondition=-1, hideDuringMobileSwitching=false
04-27 22:22:55.142  5878  6043 D Tile.WifiTile: handleUpdateState isTransient=false transientEnabling =false cb.isTransient=false state.state = 2 mStateBeforeClick.value =false enabled =true
04-27 22:22:57.677  5429  5739 D WifiConnectivityMonitor: start WCM Poll.
04-27 22:22:58.164  5429  7411 D SemWifiUsabilityStatsMonitor: onWifiUsabilityStats - seqNum 6306, isSameBssidAndFreq true
04-27 22:22:58.170  5429  5717 I SemWifiLinkQualityMonitor: Link Qos Query: 0.123 ms / 64.800 Mbps (72 / 0.000 / 1.111)
04-27 22:22:58.170  5878  5878 D NetworkController.WifiSignalController: notifyListener: visible=true, connected=true, inetCondition=1, isDefault=true, wifiTestReported=true, receivedInetCondition=-1, hideDuringMobileSwitching=false
04-27 22:22:58.174  5878  6043 D Tile.WifiTile: handleUpdateState isTransient=false transientEnabling =false cb.isTransient=false state.state = 2 mStateBeforeClick.value =false enabled =true
04-27 22:22:59.282  5429  8509 V LocationManagerService: passive provider registration 5023/com.samsung.android.networkdiagnostic/4FDF9C6D dropped delivery - too close
04-27 22:22:59.282  5429  8509 V LocationManagerService: passive provider registration 1000/android[SensorNotificationService]/CC5BC53F dropped delivery - too close
04-27 22:22:59.285  5429  6058 D SLocation: PositionManager - PassiveonLocationChanged fused 1682626979257
04-27 22:22:59.285  5429  6058 W SLocation: PositionManager - do not refresh last location about fused location
04-27 22:22:59.286  5429  6058 D SLocation: ARDistanceBigData - BIGDATA ARD - receive location
04-27 22:22:59.286  5429  6058 D SLocation: ARDistanceLibManager - request distance diff to AR Distance Library
04-27 22:22:59.286  5429  6058 D SLocation: SLocationCoreSem - send to coreSem, packet length : 1 / [34]
04-27 22:22:59.286  5429  6058 D SemContextLocationCoreAttribute: setAttribute() mode : 0 action : 23
04-27 22:22:59.287  5429  6058 D SemContextService: lock : changeParameters
04-27 22:22:59.287  5429  6058 D SemContext.CaeProvider.LocationCoreImpl: setAttribute() mode : 0 action : 23
04-27 22:22:59.287  5429  6058 W CAE     : setCAProperty(ContextAwareService.java:513) - [setProperty 01] Mutex is locked for SLOCATION_RUNNER
04-27 22:22:59.288  5429  6058 I CAE     : setPropertyValue(SLocationRunner.java:116) - SLocationRunner setProperty header : 34, len : 1
04-27 22:22:59.288  5429  6058 I CAE     : sendCmdToSensorHub(SensorHubCommManager.java:156) - -63, 23, 55, 34,
04-27 22:22:59.288  7025  7069 I GmsPassiveListener_FLP: onGmsLocationChanged, provider=fused / speed=0.48908177 / time=1682626979257 / elapsed=36519230000000
04-27 22:22:59.289  5429  5598 D SensorService: setSContextDataLocked ints length 2 , byte length 4
04-27 22:22:59.289  5429  5598 D SensorService: setSContextDataLocked 223717c1
04-27 22:22:59.290  4993  4993 I SensorsHub: SContextSensor::injecet_sensor_data
04-27 22:22:59.290  4993  4993 D SensorsHub: c1 17 37 22
04-27 22:22:59.291  4993  4993 D SensorsHub: inject_scontext_data: New ssp_data_injection_fd(28)
04-27 22:22:59.291  4993  4993 D SensorsHub: SContext Data Injection return 4
04-27 22:22:59.291  4993  5068 I SensorsHub: context 38 0 37 1,1,55,0,33,33,0,0,0,0,23,89,207,201,119,130,96,0,26,181,23,224,12,41,111,224,0,0,0,8,4,93,231,152,0,0,57,144, 36519264267271
04-27 22:22:59.292  4993  5068 I SensorsHub: context 10 0 9 1,1,55,0,5,2,34,0,0,0, 36519264299002
04-27 22:22:59.292  5429  6058 W CAE     : setCAProperty(ContextAwareService.java:519) - [setProperty 02] Mutex is unlocked for SLOCATION_RUNNER
04-27 22:22:59.292  5429  6058 D SemContextService: unlock : changeParameters
04-27 22:22:59.292  5429  6058 D SemContextManager:   .changeParameters : listener = com.samsung.android.location.semcontext.a@14d0c89, service=SLocation Core
04-27 22:22:59.292  5429  5595 D SensorHubManager: onGetSensorHubDataLocked: library(38) = 1, 1, 55, 0, 33, 33, 0, 0, 0, 0, 23, 89, -49, -55, 119, -126, 96, 0, 26, -75, 23, -32, 12, 41, 111, -32, 0, 0, 0, 8, 4, 93, -25, -104, 0, 0, 57, -112
04-27 22:22:59.293  5429  5595 D SensorHubManager: onGetSensorHubDataLocked: library(10) = 1, 1, 55, 0, 5, 2, 34, 0, 0, 0
04-27 22:22:59.293  5429  5596 D CAE     : onGetSensorHubData(SensorHubParserProvider.java:89) - onGetSensorHubData Event [event buffer len :38], AP_WAKEUP
04-27 22:22:59.293  5429  5596 I CAE     : parse(SensorHubParserProvider.java:190) - buffer size = 38
04-27 22:22:59.293  5429  5596 I CAE     : parse(SensorHubParserProvider.java:201) - 1, 1, 55, 0, 33, 33, 0, 0, 0, 0, 23, 89, -49, -55, 119, -126, 96, 0, 26, -75, 23, -32, 12, 41, 111, -32, 0, 0, 0, 8, 4, 93, -25, -104, 0, 0, 57, -112,
04-27 22:22:59.294  5429  5596 I CAE     : parse(SLocationRunner.java:88) - SLocationRunner parse start : 3
04-27 22:22:59.296  5429  5596 D CAE     : display(ContextProvider.java:375) - ================= SLOCATION_RUNNER =================
04-27 22:22:59.296  5429  5596 I CAE     : display(ContextProvider.java:391) - ExtraDataArray=[1, 1, 55, 0, 33, 33, 0, 0, 0, 0, 23, 89, -49, -55, 119, -126, 96, 0, 26, -75, 23, -32, 12, 41, 111, -32, 0, 0, 0, 8, 4, 93, -25, -104, 0, 0, 57, -112]
04-27 22:22:59.297  5429  5596 I CAE     : parse(SLocationRunner.java:96) - SLocationRunner parse end:38
04-27 22:22:59.297  5429  5596 D CAE     : onGetSensorHubData(SensorHubParserProvider.java:89) - onGetSensorHubData Event [event buffer len :10], AP_WAKEUP
04-27 22:22:59.297  5429  5596 I CAE     : parse(SensorHubParserProvider.java:190) - buffer size = 10
04-27 22:22:59.298  5429  5596 I CAE     : parse(SensorHubParserProvider.java:201) - 1, 1, 55, 0, 5, 2, 34, 0, 0, 0,
04-27 22:22:59.300  5429  5596 I CAE     : parse(SLocationRunner.java:88) - SLocationRunner parse start : 3
04-27 22:22:59.300  5429  5596 D CAE     : display(ContextProvider.java:375) - ================= SLOCATION_RUNNER =================
04-27 22:22:59.301  5429  5593 D SemContextService: Service.updateContext() : service = SLocation Core
04-27 22:22:59.301  5429  6058 D SLocation: PositionManager - receive fused location
04-27 22:22:59.301  5429  5596 I CAE     : display(ContextProvider.java:391) - ExtraDataArray=[1, 1, 55, 0, 5, 2, 34, 0, 0, 0]
04-27 22:22:59.302  5429  5429 D SemContextManager: onSemContextChanged() : event = SLocation Core
04-27 22:22:59.302  5429  5596 I CAE     : parse(SLocationRunner.java:96) - SLocationRunner parse end:10
04-27 22:22:59.302  5429  5429 D SLocation: SLocationCoreSem - SemContextChanged type = 47, packet received
04-27 22:22:59.302  5429  6058 I SLocation: SemContextParser -  parse start : 3
04-27 22:22:59.302  5429  6058 I SLocation: SemContextParser -  packet Length : 33packet total size : 38
04-27 22:22:59.302  5429  6058 I SLocation: SemContextParser - packet : [33, 0, 0, 0, 0, 23, 89, -49, -55, 119, -126, 96, 0, 26, -75, 23, -32, 12, 41, 111, -32, 0, 0, 0, 8, 4, 93, -25, -104, 0, 0, 57, -112]
04-27 22:22:59.303  5429  6058 D SLocation: GeofenceCoreManager - received Extra Data from core, len : 33
04-27 22:22:59.303  5429  6058 D SLocation: ARDistanceGetARDistance - convertSensorHubTimeToElapsedTime 1682602717409539973
04-27 22:22:59.303  5429  6058 D SLocation: ARDistanceGetARDistance - invalid location time from core pvt 1682602717409539973, do not use distance info
04-27 22:22:59.303  5429  6058 D SLocation: CommonCoreManager - received Extra Data from core, len : 33
04-27 22:22:59.303  5429  5593 D SemContextService: Service.updateContext() : service = SLocation Core
04-27 22:22:59.304  5429  5429 D SemContextManager: onSemContextChanged() : event = SLocation Core
04-27 22:22:59.304  5429  5429 D SLocation: SLocationCoreSem - SemContextChanged type = 47, packet received
04-27 22:22:59.304  5429  6058 I SLocation: SemContextParser -  parse start : 3
04-27 22:22:59.304  5429  6058 I SLocation: SemContextParser -  packet Length : 5packet total size : 10
04-27 22:22:59.304  5429  6058 I SLocation: SemContextParser - packet : [2, 34, 0, 0, 0]
04-27 22:22:59.305  5429  6058 D SLocation: GeofenceCoreManager - received Extra Data from core, len : 5
04-27 22:22:59.305  5429  6058 D SLocation: GeofenceCoreManager - handleCommandCallback - UNKNOWN_CALLBACK 34 SUCCESS
04-27 22:22:59.305  5429  6058 D SLocation: ARDistanceLibManager - command callback received - CURRENT_LOCATION_REQUEST_DISTANCE ERROR CODE : ERROR_NONE
04-27 22:22:59.305  5429  6058 D SLocation: CommonCoreManager - received Extra Data from core, len : 5
04-27 22:22:59.338  6734 24142 I GCoreUlr: Successfully inserted 1 locations
04-27 22:22:59.406  6734 27469 I SemanticLocation: [Inferrer] IncrementalTimelineInferrer.predict() logs:
04-27 22:22:59.406  6734 27469 I SemanticLocation: Timeline Paths Enabled! Start Computing the timeline paths.
04-27 22:22:59.406  6734 27469 I SemanticLocation:
04-27 22:22:59.406  6734 27469 I SemanticLocation: [CONTEXT service_id=173 ]
04-27 22:22:59.670  5429  8509 D PackageManager: setEnabledSetting : userId = 0 packageName = com.Slack cmp = androidx.work.impl.background.systemalarm.RescheduleReceiver newState = 1 callingPackage = 10329/com.Slack
04-27 22:22:59.672  5429  8509 D ApplicationPolicy: getApplicationStateEnabled : pkg = com.Slack userId : 0
04-27 22:22:59.674  5429  8509 D ApplicationPolicy: getApplicationComponentState : pkg = com.Slack userId : 0
04-27 22:22:59.699 31104 31178 D ConnectivityManager: StackLog: [android.net.ConnectivityManager.sendRequestForNetwork(ConnectivityManager.java:4191)] [android.net.ConnectivityManager.registerDefaultNetworkCallbackForUid(ConnectivityManager.java:4755)] [android.net.ConnectivityManager.registerDefaultNetworkCallback(ConnectivityManager.java:4722)] [android.net.ConnectivityManager.registerDefaultNetworkCallback(ConnectivityManager.java:4696)] [androidx.work.impl.utils.NetworkApi24.registerDefaultNetworkCallbackCompat(Unknown Source:10)] [androidx.work.impl.constraints.trackers.NetworkStateTracker24.startTracking(Unknown Source:15)] [androidx.work.impl.constraints.controllers.ConstraintController.replace(Unknown Source:130)] [androidx.work.impl.constraints.WorkConstraintsTrackerImpl.replace(Unknown Source:41)] [androidx.work.impl.background.greedy.GreedyScheduler.schedule(Unknown Source:300)] [androidx.work.impl.Schedulers.schedule(Unknown Source:149)] [androidx.work.impl.utils.EnqueueRunnable.run(Unknown Source:53)] [androidx.work.Worker$2.run$androidx$work$impl$utils$SerialExecutorImpl$Task(Unknown Source:4)] [androidx.work.Worker$2.run(Unknown Source:868)] [java.util.concurrent.ThreadPoolExecutor.runWorker(ThreadPoolExecutor.java:1137)] [java.util.concurrent.ThreadPoolExecutor$Worker.run(ThreadPoolExecutor.java:637)] [java.lang.Thread.run(Thread.java:1012)]
04-27 22:22:59.703  5429  8509 D ConnectivityService: requestNetwork for uid/pid:10329/31104 activeRequest: null callbackRequest: 4795 [NetworkRequest [ REQUEST id=4796, [ Capabilities: INTERNET&NOT_RESTRICTED&TRUSTED&NOT_VCN_MANAGED Uid: 10329 RequestorUid: 10329 RequestorPkg: com.Slack UnderlyingNetworks: Null] ]] callback flags: 0 order: 2147483647
04-27 22:22:59.704  5429  5665 D ConnectivityService:    accepting network in place of null
04-27 22:22:59.721  5429  5655 D WifiNetworkFactory: got request NetworkRequest [ REQUEST id=4796, [ Capabilities: INTERNET&NOT_RESTRICTED&TRUSTED&NOT_VCN_MANAGED Uid: 10329 RequestorUid: 10329 RequestorPkg: com.Slack UnderlyingNetworks: Null] ]
04-27 22:22:59.724  5429  5655 D UntrustedWifiNetworkFactory: got request NetworkRequest [ REQUEST id=4796, [ Capabilities: INTERNET&NOT_RESTRICTED&TRUSTED&NOT_VCN_MANAGED Uid: 10329 RequestorUid: 10329 RequestorPkg: com.Slack UnderlyingNetworks: Null] ]
04-27 22:22:59.728  5429  5655 D OemPaidWifiNetworkFactory: got request NetworkRequest [ REQUEST id=4796, [ Capabilities: INTERNET&NOT_RESTRICTED&TRUSTED&NOT_VCN_MANAGED Uid: 10329 RequestorUid: 10329 RequestorPkg: com.Slack UnderlyingNetworks: Null] ]
04-27 22:22:59.730 31104 31104 D ConnectivityManager: StackLog: [android.net.ConnectivityManager.unregisterNetworkCallback(ConnectivityManager.java:4863)] [androidx.work.impl.utils.NetworkApi21.unregisterNetworkCallbackCompat(Unknown Source:10)] [androidx.work.impl.constraints.trackers.NetworkStateTracker24.stopTracking(Unknown Source:15)] [androidx.work.impl.constraints.trackers.ConstraintTracker.removeListener(Unknown Source:24)] [androidx.work.impl.constraints.controllers.ConstraintController.replace(Unknown Source:81)] [androidx.work.impl.constraints.WorkConstraintsTrackerImpl.replace(Unknown Source:41)] [androidx.work.impl.background.greedy.GreedyScheduler.onExecuted(Unknown Source:55)] [androidx.work.impl.Processor.onExecuted(Unknown Source:59)] [com.bugsnag.android.DeliveryDelegate$1.run(Unknown Source:212)]
04-27 22:22:59.732  5429  5655 D MultiInternetWifiNetworkFactory: got request NetworkRequest [ REQUEST id=4796, [ Capabilities: INTERNET&NOT_RESTRICTED&TRUSTED&NOT_VCN_MANAGED Uid: 10329 RequestorUid: 10329 RequestorPkg: com.Slack UnderlyingNetworks: Null] ]
04-27 22:22:59.734  5429  5665 D ConnectivityService: Rematched networks [computed 1ms] [applied 2ms] [issued 27]
04-27 22:22:59.735  5429  5665 D ConnectivityService: NetworkReassignment :
04-27 22:22:59.735  5429  5665 D ConnectivityService:   4796 : null → 108
04-27 22:22:59.736  5429  5665 D ConnectivityService:  Removing from current network [108 WIFI], leaving 149 requests.
04-27 22:23:00.004  5878  5878 D KeyguardUpdateMonitor: received broadcast android.intent.action.TIME_TICK
04-27 22:23:00.005  5878  5878 D KeyguardUpdateMonitor: handleTimeUpdate
04-27 22:23:00.007  5878  5878 D FaceWidgetPagesController: onTimeChanged()
04-27 22:23:00.009  5878  6453 D QSClockBellTower: onReceive(android.intent.action.TIME_TICK) mTimeZoneString:null
04-27 22:23:00.023  5878  5878 D QSClockBellTower: He is ready to ring the bell. (((QSClockBellSound - TimeText:22:23, TimeContentDescription:22:23, DateText:Thu, 27 April, ShortDateText:Thu, 27 Apr, Demo:false, QuickStar-Second(false|12:34:56))))
04-27 22:23:00.024  5878  5878 D QSClockIndicatorView: Home Indicator status_bar_clock 22:23 notifyTimeChanged(QSClockBellSound - TimeText:22:23, TimeContentDescription:22:23, DateText:Thu, 27 April, ShortDateText:Thu, 27 Apr, Demo:false, QuickStar-Second(false|12:34:56)) ClockVisibleByPolicy:true, ClockVisibleByUser:true, visible?false, parent:android.widget.LinearLayout{fc169f7 V.E...... ......I. 0,0-0,55 #7f0b04f0 app:id/left_clock_container}
04-27 22:23:00.024  5878  5878 D QSClockBellTower: Everyone heard the bell. run(currentTime:1682626980018,   getTime():Thu Apr 27 22:23:00 GMT+02:00 2023,   getTimeZone():libcore.util.ZoneInfo[mDstSavings=3600000,mUseDst=true,mDelegate=[id="Europe/Belgrade",mRawOffset=3600000,mEarliestRawOffset=4920000,transitions=119]])
04-27 22:23:00.035  5878  5878 I FaceWidgetPositionAlgorithm: getClockContainerHeight() supplier = 270, bottom margin = 0, real height = 333
04-27 22:23:00.036  5878  5878 I FaceWidgetPositionAlgorithm: getClockContainerHeight() supplier = 270, bottom margin = 63, real height = 333
04-27 22:23:00.036  5878  5878 I FaceWidgetPositionAlgorithm: getMediaContainerHeight() height = 0 container Visibility = 8, isValid = false, mIsDozing = false, fraction = 1.0, source = 0, target = 0
04-27 22:23:00.036  5878  5878 I FaceWidgetPositionAlgorithm: getMediaContainerHeight() supplier = 0
04-27 22:23:00.039  5878  5878 V QsExpandAnimator: setQsExpansionPosition 0.0
04-27 22:23:00.047  5878  5878 V QsExpandAnimator: updateAnimators
04-27 22:23:00.047  5878  5878 V QsExpandAnimator: clearAnimationState
04-27 22:23:00.047  5878  5878 V QsExpandAnimator: updateViews
04-27 22:23:00.049  5878  5878 V QsExpandAnimator: updateTileAnimator
04-27 22:23:00.051  5878  5878 V QsExpandAnimator: updateHeaderAnimator
04-27 22:23:00.052  5878  5878 V QsExpandAnimator: updateBarAnimator
04-27 22:23:00.052  5878  5878 V QsExpandAnimator: setQsExpansionPosition 0.0
04-27 22:23:00.052  5878  5878 V QsExpandAnimator: onAnimationAtStart
04-27 22:23:00.771  5429  5749 D BrightnessHandler: inject brightness = 151.0, Brightness: 0.593647
04-27 22:23:00.773  4993  4993 I SensorsHub: LightSensor::injectSensorData: brightness 151
04-27 22:23:00.775  5429  5749 D BrightnessHandler: inject brightness = 151.0, Brightness: 0.593647
04-27 22:23:00.776  4993  4993 I SensorsHub: LightSensor::injectSensorData: brightness 151
04-27 22:23:00.778  5047  5047 I SehLight: lcd : 151+
04-27 22:23:00.783  5047  5047 I SehLight: lcd : 151-
04-27 22:23:01.200  5429  7411 D SemWifiUsabilityStatsMonitor: onWifiUsabilityStats - seqNum 6307, isSameBssidAndFreq true
04-27 22:23:01.203  5429  5717 I SemWifiLinkQualityMonitor: Link Qos Query: 0.123 ms / 64.800 Mbps (72 / 0.000 / 1.111)
04-27 22:23:02.135  5095  5095 I SurfaceFlinger: SFWD update time=29291328167547
04-27 22:23:04.223  5429  7411 D SemWifiUsabilityStatsMonitor: onWifiUsabilityStats - seqNum 6308, isSameBssidAndFreq true
04-27 22:23:04.227  5429  5717 I SemWifiLinkQualityMonitor: Link Qos Query: 0.111 ms / 72.000 Mbps (72 / 0.000 / 1.000)
04-27 22:23:04.227  5878  5878 D NetworkController.WifiSignalController: notifyListener: visible=true, connected=true, inetCondition=1, isDefault=true, wifiTestReported=true, receivedInetCondition=-1, hideDuringMobileSwitching=false
04-27 22:23:04.230  5878  6043 D Tile.WifiTile: handleUpdateState isTransient=false transientEnabling =false cb.isTransient=false state.state = 2 mStateBeforeClick.value =false enabled =true
04-27 22:23:06.725  5429  5736 D WifiConnectivityMonitor: Stop WCM Poll. cnt : 5
04-27 22:23:07.077  6734  6734 D BoundBrokerSvc: onUnbind: Intent { act=com.google.android.gms.scheduler.ACTION_PROXY_SCHEDULE dat=chimera-action:/... cmp=com.google.android.gms/.chimera.PersistentApiService }
04-27 22:23:07.245  5429  7411 D SemWifiUsabilityStatsMonitor: onWifiUsabilityStats - seqNum 6309, isSameBssidAndFreq true
04-27 22:23:07.248  5878  5878 D NetworkController.WifiSignalController: notifyListener: visible=true, connected=true, inetCondition=1, isDefault=true, wifiTestReported=true, receivedInetCondition=-1, hideDuringMobileSwitching=false
04-27 22:23:07.250  5878  6043 D Tile.WifiTile: handleUpdateState isTransient=false transientEnabling =false cb.isTransient=false state.state = 2 mStateBeforeClick.value =false enabled =true
04-27 22:23:07.250  5429  5717 I SemWifiLinkQualityMonitor: Link Qos Query: 0.111 ms / 72.000 Mbps (72 / 0.000 / 1.000)
04-27 22:23:07.292 11360 11382 I .shealth:remote: Background concurrent copying GC freed 245080(7804KB) AllocSpace objects, 15(492KB) LOS objects, 49% free, 7058KB/13MB, paused 458us,510us total 237.232ms
04-27 22:23:07.296 24856 25567 W libc    : Access denied finding property "sys.perf.boostopt"
04-27 22:23:07.297  4899  4899 E audit   : type=1400 audit(1682626987.291:20085): avc:  denied  { read } for  pid=24856 comm="binder:24856_4" name="u:object_r:perf_prop:s0" dev="tmpfs" ino=21617 scontext=u:r:sec_untrusted_app:s0:c512,c768 tcontext=u:object_r:perf_prop:s0 tclass=file permissive=0 SEPF_SM-A515F_13_0001 audit_filtered
04-27 22:23:07.298  4899  4899 E audit   : type=1300 audit(1682626987.291:20085): arch=c00000b7 syscall=56 success=no exit=-13 a0=ffffff9c a1=780c9fb2f8 a2=88000 a3=0 items=0 ppid=4924 pid=24856 auid=4294967295 uid=10256 gid=10256 euid=10256 suid=10256 fsuid=10256 egid=10256 sgid=10256 fsgid=10256 tty=(none) ses=4294967295 comm="binder:24856_4" exe="/system/bin/app_process64" subj=u:r:sec_untrusted_app:s0:c512,c768 key=(null)
04-27 22:23:07.298  4899  4899 E audit   : type=1327 audit(1682626987.291:20085): proctitle="com.sec.android.app.shealth"
04-27 22:23:10.270  5429  7411 D SemWifiUsabilityStatsMonitor: onWifiUsabilityStats - seqNum 6310, isSameBssidAndFreq true
04-27 22:23:10.275  5878  5878 D NetworkController.WifiSignalController: notifyListener: visible=true, connected=true, inetCondition=1, isDefault=true, wifiTestReported=true, receivedInetCondition=-1, hideDuringMobileSwitching=false
04-27 22:23:10.275  5429  5717 I SemWifiLinkQualityMonitor: Link Qos Query: 0.222 ms / 36.000 Mbps (72 / 0.000 / 2.000)
04-27 22:23:10.277  5878  6043 D Tile.WifiTile: handleUpdateState isTransient=false transientEnabling =false cb.isTransient=false state.state = 2 mStateBeforeClick.value =false enabled =true
04-27 22:23:11.075  6118  6631 I bt_stack: [INFO:rfc_port_fsm.cc(106)] rfc_port_sm_execute: BD_ADDR=645df4_1, PORT=17, STATE=4, EVENT=4
04-27 22:23:11.111  6118  6631 I bt_stack: [INFO:rfc_port_fsm.cc(106)] rfc_port_sm_execute: BD_ADDR=645df4_1, PORT=17, STATE=4, EVENT=14
04-27 22:23:11.123  5429  5665 D ConnectivityService: reportNetworkActive, notify 0 listeners
04-27 22:23:11.268  6118  6631 I bt_stack: [INFO:rfc_port_fsm.cc(106)] rfc_port_sm_execute: BD_ADDR=645df4_1, PORT=17, STATE=4, EVENT=14
04-27 22:23:11.807  5429 27569 D TrafficStats: tagSocket(792) with statsTag=0xffffffff, statsUid=-1
04-27 22:23:11.812  5429 27569 D TrafficStats: tagSocket(831) with statsTag=0xffffffff, statsUid=-1
04-27 22:23:12.224  5429 27569 D WifiConnectivityMonitor.DnsThread:  [|418] []
04-27 22:23:12.226  5429  5738 D WifiConnectivityMonitor.NetworkStatsAnalyzer: DNS resultType : 0, responseTime : 418
04-27 22:23:12.227  5429  5736 D OpenNetworkQos[4.00]: updateBssidLatestDnsResultType - result: 0
04-27 22:23:12.227  5429  5736 D OpenNetworkQos[4.00]: updateBssidNoInternet: mBssidNoInternet = false
04-27 22:23:12.227  5429  5736 D OpenNetworkQos[4.00]: getOpenNetworkQosNoInternetStatus: false
04-27 22:23:12.227  5429  5736 D OpenNetworkQos[4.00]: getOpenNetworkQosScores: 30 25 0
04-27 22:23:12.228  5429  5736 I WifiProfileShare: network QoS data was changed (internet), updateQoSData networkType: true, qosData: false
04-27 22:23:12.230  5429  7167 V WifiProfileShare.Caster: update wips network, size: 0
04-27 22:23:12.230  5429  7167 D WifiProfileShare: nearby scanning settings run
04-27 22:23:12.230  5429  7167 D WifiProfileShare: network score provider settings enabled
04-27 22:23:12.230  5429  7167 D OpenNetworkQos[4.00]: getOpenNetworkQosScores: 30 25 0
04-27 22:23:12.230  5429  7167 D OpenNetworkQos[4.00]: getOpenNetworkQosNoInternetStatus: false
04-27 22:23:12.230  5429  7167 I WifiProfileShare.Caster: current network type: 0, score: [30, 25, 0]
04-27 22:23:12.237  5429  7167 V WifiProfileShare.Cache: update network score 0c:8d:db:**:**:7d
04-27 22:23:12.237  5429  7167 D WifiProfileShare.ScanMatcher: getMcfDataList size:20
04-27 22:23:12.238  5429  7167 I WifiProfileShare.Caster: qos data was updated , before:type:QOS, pBssid:e8:51:71, qosData:78 after:type:QOS, pBssid:e8:51:71, qosData:78
04-27 22:23:12.242  5429  7167 I [MCFSDK_android_1.2.4010]_4_b: isNetworkEnabled - type : 1 ret : true
04-27 22:23:12.242  5429  7167 D WifiProfileShare.McfCast: -ME--- mIsNetworkEnabled :true
04-27 22:23:12.242  5429  7167 D WifiProfileShare.McfCast: updateQoSData ignored, same contents
04-27 22:23:12.242  5429  7167 D WifiProfileShare.MCF: success update QosData !
04-27 22:23:12.244  5429  7167 I [MCFSDK_android_1.2.4010]_4_b: isNetworkEnabled - type : 1 ret : true
04-27 22:23:12.244  5429  7167 D WifiProfileShare.McfCast: -ME--- mIsNetworkEnabled :true
04-27 22:23:12.244  5429  7167 D WifiProfileShare.McfCast: -ME--- updatePasswordDate pwdData size:20
04-27 22:23:13.295  5429  7411 D SemWifiUsabilityStatsMonitor: onWifiUsabilityStats - seqNum 6311, isSameBssidAndFreq true
04-27 22:23:13.298  5429  5717 I SemWifiLinkQualityMonitor: Link Qos Query: 0.156 ms / 51.429 Mbps (72 / 0.000 / 1.400)
04-27 22:23:16.315  5429  7411 D SemWifiUsabilityStatsMonitor: onWifiUsabilityStats - seqNum 6312, isSameBssidAndFreq true
04-27 22:23:16.318  5429  5717 I SemWifiLinkQualityMonitor: Link Qos Query: 0.156 ms / 51.429 Mbps (72 / 0.000 / 1.400)
04-27 22:23:16.318  5878  5878 D NetworkController.WifiSignalController: notifyListener: visible=true, connected=true, inetCondition=1, isDefault=true, wifiTestReported=true, receivedInetCondition=-1, hideDuringMobileSwitching=false
04-27 22:23:16.320  5878  6043 D Tile.WifiTile: handleUpdateState isTransient=false transientEnabling =false cb.isTransient=false state.state = 2 mStateBeforeClick.value =false enabled =true
04-27 22:23:16.921  4899  4899 E audit   : type=1400 audit(1682626996.915:20086): avc:  denied  { getattr } for  pid=5429 comm="BinderProcsColl" path="/sys/kernel/debug/binder/proc/5429" dev="debugfs" ino=28624 scontext=u:r:system_server:s0 tcontext=u:object_r:sec_debugfs:s0 tclass=file permissive=0 SEPF_SM-A515F_13_0001 audit_filtered
04-27 22:23:16.921  4899  4899 E audit   : type=1300 audit(1682626996.915:20086): arch=c00000b7 syscall=79 success=no exit=-13 a0=ffffff9c a1=77702bea50 a2=773f43b680 a3=0 items=0 ppid=4924 pid=5429 auid=4294967295 uid=1000 gid=1000 euid=1000 suid=1000 fsuid=1000 egid=1000 sgid=1000 fsgid=1000 tty=(none) ses=4294967295 comm="BinderProcsColl" exe="/system/bin/app_process64" subj=u:r:system_server:s0 key=(null)
04-27 22:23:16.921  4899  4899 E audit   : type=1327 audit(1682626996.915:20086): proctitle="system_server"
04-27 22:23:19.337  5429  7411 D SemWifiUsabilityStatsMonitor: onWifiUsabilityStats - seqNum 6313, isSameBssidAndFreq true
04-27 22:23:19.341  5429  5717 I SemWifiLinkQualityMonitor: Link Qos Query: 0.156 ms / 51.429 Mbps (72 / 0.000 / 1.400)
04-27 22:23:21.649 11246 27583 I GmscoreIpa: Starting mediastore instant index [CONTEXT service_id=255 ]
04-27 22:23:22.362  5429  7411 D SemWifiUsabilityStatsMonitor: onWifiUsabilityStats - seqNum 6314, isSameBssidAndFreq true
04-27 22:23:22.366  5429  5717 I SemWifiLinkQualityMonitor: Link Qos Query: 0.156 ms / 51.429 Mbps (72 / 0.000 / 1.400)
04-27 22:23:22.442  5067  5067 E sehhealth-service: Could not open /sys/class/power_supply/battery/lrp
04-27 22:23:25.390  5429  7411 D SemWifiUsabilityStatsMonitor: onWifiUsabilityStats - seqNum 6315, isSameBssidAndFreq true
04-27 22:23:25.394  5429  5717 I SemWifiLinkQualityMonitor: Link Qos Query: 0.156 ms / 51.429 Mbps (72 / 0.000 / 1.400)
04-27 22:23:26.412 21539 21549 I _benchmark.test: Background concurrent copying GC freed 1848083(28MB) AllocSpace objects, 0(0B) LOS objects, 49% free, 23MB/47MB, paused 193us,203us total 105.614ms
04-27 22:23:28.414  5429  7411 D SemWifiUsabilityStatsMonitor: onWifiUsabilityStats - seqNum 6316, isSameBssidAndFreq true
04-27 22:23:28.416  5429  5717 I SemWifiLinkQualityMonitor: Link Qos Query: 0.111 ms / 72.000 Mbps (72 / 0.000 / 1.000)
04-27 22:23:28.417  5878  5878 D NetworkController.WifiSignalController: notifyListener: visible=true, connected=true, inetCondition=1, isDefault=true, wifiTestReported=true, receivedInetCondition=-1, hideDuringMobileSwitching=false
04-27 22:23:28.420  5878  6043 D Tile.WifiTile: handleUpdateState isTransient=false transientEnabling =false cb.isTransient=false state.state = 2 mStateBeforeClick.value =false enabled =true
04-27 22:23:28.674 22361 22361 I [PASS][CMN]DrawableCache: clearData LruCache[maxSize=32768,hits=0,misses=0,hitRate=0%]
04-27 22:23:29.670  5429  8509 D PackageManager: setEnabledSetting : userId = 0 packageName = com.Slack cmp = androidx.work.impl.background.systemalarm.RescheduleReceiver newState = 1 callingPackage = 10329/com.Slack
04-27 22:23:29.672  5429  8509 D ApplicationPolicy: getApplicationStateEnabled : pkg = com.Slack userId : 0
04-27 22:23:29.673  5429  8509 D ApplicationPolicy: getApplicationComponentState : pkg = com.Slack userId : 0
04-27 22:23:29.698 31104 31178 D ConnectivityManager: StackLog: [android.net.ConnectivityManager.sendRequestForNetwork(ConnectivityManager.java:4191)] [android.net.ConnectivityManager.registerDefaultNetworkCallbackForUid(ConnectivityManager.java:4755)] [android.net.ConnectivityManager.registerDefaultNetworkCallback(ConnectivityManager.java:4722)] [android.net.ConnectivityManager.registerDefaultNetworkCallback(ConnectivityManager.java:4696)] [androidx.work.impl.utils.NetworkApi24.registerDefaultNetworkCallbackCompat(Unknown Source:10)] [androidx.work.impl.constraints.trackers.NetworkStateTracker24.startTracking(Unknown Source:15)] [androidx.work.impl.constraints.controllers.ConstraintController.replace(Unknown Source:130)] [androidx.work.impl.constraints.WorkConstraintsTrackerImpl.replace(Unknown Source:41)] [androidx.work.impl.background.greedy.GreedyScheduler.schedule(Unknown Source:300)] [androidx.work.impl.Schedulers.schedule(Unknown Source:149)] [androidx.work.impl.utils.EnqueueRunnable.run(Unknown Source:53)] [androidx.work.Worker$2.run$androidx$work$impl$utils$SerialExecutorImpl$Task(Unknown Source:4)] [androidx.work.Worker$2.run(Unknown Source:868)] [java.util.concurrent.ThreadPoolExecutor.runWorker(ThreadPoolExecutor.java:1137)] [java.util.concurrent.ThreadPoolExecutor$Worker.run(ThreadPoolExecutor.java:637)] [java.lang.Thread.run(Thread.java:1012)]
04-27 22:23:29.701  5429  8509 D ConnectivityService: requestNetwork for uid/pid:10329/31104 activeRequest: null callbackRequest: 4797 [NetworkRequest [ REQUEST id=4798, [ Capabilities: INTERNET&NOT_RESTRICTED&TRUSTED&NOT_VCN_MANAGED Uid: 10329 RequestorUid: 10329 RequestorPkg: com.Slack UnderlyingNetworks: Null] ]] callback flags: 0 order: 2147483647
04-27 22:23:29.702  5429  5665 D ConnectivityService:    accepting network in place of null
04-27 22:23:29.712  5429  5655 D WifiNetworkFactory: got request NetworkRequest [ REQUEST id=4798, [ Capabilities: INTERNET&NOT_RESTRICTED&TRUSTED&NOT_VCN_MANAGED Uid: 10329 RequestorUid: 10329 RequestorPkg: com.Slack UnderlyingNetworks: Null] ]
04-27 22:23:29.714  5429  5655 D UntrustedWifiNetworkFactory: got request NetworkRequest [ REQUEST id=4798, [ Capabilities: INTERNET&NOT_RESTRICTED&TRUSTED&NOT_VCN_MANAGED Uid: 10329 RequestorUid: 10329 RequestorPkg: com.Slack UnderlyingNetworks: Null] ]
04-27 22:23:29.714  5429  5655 D OemPaidWifiNetworkFactory: got request NetworkRequest [ REQUEST id=4798, [ Capabilities: INTERNET&NOT_RESTRICTED&TRUSTED&NOT_VCN_MANAGED Uid: 10329 RequestorUid: 10329 RequestorPkg: com.Slack UnderlyingNetworks: Null] ]
04-27 22:23:29.721  5429  5655 D MultiInternetWifiNetworkFactory: got request NetworkRequest [ REQUEST id=4798, [ Capabilities: INTERNET&NOT_RESTRICTED&TRUSTED&NOT_VCN_MANAGED Uid: 10329 RequestorUid: 10329 RequestorPkg: com.Slack UnderlyingNetworks: Null] ]
04-27 22:23:29.721  5429  5665 D ConnectivityService: Rematched networks [computed 1ms] [applied 2ms] [issued 17]
04-27 22:23:29.721  5429  5665 D ConnectivityService: NetworkReassignment :
04-27 22:23:29.721  5429  5665 D ConnectivityService:   4798 : null → 108
04-27 22:23:29.727 31104 31104 D ConnectivityManager: StackLog: [android.net.ConnectivityManager.unregisterNetworkCallback(ConnectivityManager.java:4863)] [androidx.work.impl.utils.NetworkApi21.unregisterNetworkCallbackCompat(Unknown Source:10)] [androidx.work.impl.constraints.trackers.NetworkStateTracker24.stopTracking(Unknown Source:15)] [androidx.work.impl.constraints.trackers.ConstraintTracker.removeListener(Unknown Source:24)] [androidx.work.impl.constraints.controllers.ConstraintController.replace(Unknown Source:81)] [androidx.work.impl.constraints.WorkConstraintsTrackerImpl.replace(Unknown Source:41)] [androidx.work.impl.background.greedy.GreedyScheduler.onExecuted(Unknown Source:55)] [androidx.work.impl.Processor.onExecuted(Unknown Source:59)] [com.bugsnag.android.DeliveryDelegate$1.run(Unknown Source:212)]
04-27 22:23:29.729  5429  5665 D ConnectivityService:  Removing from current network [108 WIFI], leaving 149 requests.
04-27 22:23:31.436  5429  7411 D SemWifiUsabilityStatsMonitor: onWifiUsabilityStats - seqNum 6317, isSameBssidAndFreq true
04-27 22:23:31.440  5429  5717 I SemWifiLinkQualityMonitor: Link Qos Query: 0.111 ms / 72.000 Mbps (72 / 0.000 / 1.000)
04-27 22:23:31.441  5878  5878 D NetworkController.WifiSignalController: notifyListener: visible=true, connected=true, inetCondition=1, isDefault=true, wifiTestReported=true, receivedInetCondition=-1, hideDuringMobileSwitching=false
04-27 22:23:31.444  5878  6043 D Tile.WifiTile: handleUpdateState isTransient=false transientEnabling =false cb.isTransient=false state.state = 2 mStateBeforeClick.value =false enabled =true
04-27 22:23:32.135  5095  5095 I SurfaceFlinger: SFWD update time=29321328536410
04-27 22:23:34.458  5429  7411 D SemWifiUsabilityStatsMonitor: onWifiUsabilityStats - seqNum 6318, isSameBssidAndFreq true
04-27 22:23:34.463  5429  5717 I SemWifiLinkQualityMonitor: Link Qos Query: 0.111 ms / 72.000 Mbps (72 / 0.000 / 1.000)
04-27 22:23:34.464  5878  5878 D NetworkController.WifiSignalController: notifyListener: visible=true, connected=true, inetCondition=1, isDefault=true, wifiTestReported=true, receivedInetCondition=-1, hideDuringMobileSwitching=false
04-27 22:23:34.468  5878  6043 D Tile.WifiTile: handleUpdateState isTransient=false transientEnabling =false cb.isTransient=false state.state = 2 mStateBeforeClick.value =false enabled =true
04-27 22:23:37.485  5429  7411 D SemWifiUsabilityStatsMonitor: onWifiUsabilityStats - seqNum 6319, isSameBssidAndFreq true
04-27 22:23:37.490  5429  5717 I SemWifiLinkQualityMonitor: Link Qos Query: 0.111 ms / 72.000 Mbps (72 / 0.000 / 1.000)
04-27 22:23:37.493  5878  5878 D NetworkController.WifiSignalController: notifyListener: visible=true, connected=true, inetCondition=1, isDefault=true, wifiTestReported=true, receivedInetCondition=-1, hideDuringMobileSwitching=false
04-27 22:23:37.495  5878  6043 D Tile.WifiTile: handleUpdateState isTransient=false transientEnabling =false cb.isTransient=false state.state = 2 mStateBeforeClick.value =false enabled =true
04-27 22:23:40.527  5429  7411 D SemWifiUsabilityStatsMonitor: onWifiUsabilityStats - seqNum 6320, isSameBssidAndFreq true
04-27 22:23:40.530  5429  5717 I SemWifiLinkQualityMonitor: Link Qos Query: 0.111 ms / 72.000 Mbps (72 / 0.000 / 1.000)
04-27 22:23:43.549  5429  7411 D SemWifiUsabilityStatsMonitor: onWifiUsabilityStats - seqNum 6321, isSameBssidAndFreq true
04-27 22:23:43.552  5429  5717 I SemWifiLinkQualityMonitor: Link Qos Query: 0.111 ms / 72.000 Mbps (72 / 0.000 / 1.000)
04-27 22:23:43.553  5878  5878 D NetworkController.WifiSignalController: notifyListener: visible=true, connected=true, inetCondition=1, isDefault=true, wifiTestReported=true, receivedInetCondition=-1, hideDuringMobileSwitching=false
04-27 22:23:43.560  5878  6043 D Tile.WifiTile: handleUpdateState isTransient=false transientEnabling =false cb.isTransient=false state.state = 2 mStateBeforeClick.value =false enabled =true
04-27 22:23:46.575  5429  7411 D SemWifiUsabilityStatsMonitor: onWifiUsabilityStats - seqNum 6322, isSameBssidAndFreq true
04-27 22:23:46.578  5429  5717 I SemWifiLinkQualityMonitor: Link Qos Query: 0.111 ms / 72.000 Mbps (72 / 0.000 / 1.000)
04-27 22:23:46.581  5878  5878 D NetworkController.WifiSignalController: notifyListener: visible=true, connected=true, inetCondition=1, isDefault=true, wifiTestReported=true, receivedInetCondition=-1, hideDuringMobileSwitching=false
04-27 22:23:46.583  5878  6043 D Tile.WifiTile: handleUpdateState isTransient=false transientEnabling =false cb.isTransient=false state.state = 2 mStateBeforeClick.value =false enabled =true
04-27 22:23:47.022  4899  4899 E audit   : type=1400 audit(1682627027.015:20087): avc:  denied  { getattr } for  pid=5429 comm="BinderProcsColl" path="/sys/kernel/debug/binder/proc/5429" dev="debugfs" ino=28624 scontext=u:r:system_server:s0 tcontext=u:object_r:sec_debugfs:s0 tclass=file permissive=0 SEPF_SM-A515F_13_0001 audit_filtered
04-27 22:23:47.023  4899  4899 E audit   : type=1300 audit(1682627027.015:20087): arch=c00000b7 syscall=79 success=no exit=-13 a0=ffffff9c a1=77704a2240 a2=773f43b680 a3=0 items=0 ppid=4924 pid=5429 auid=4294967295 uid=1000 gid=1000 euid=1000 suid=1000 fsuid=1000 egid=1000 sgid=1000 fsgid=1000 tty=(none) ses=4294967295 comm="BinderProcsColl" exe="/system/bin/app_process64" subj=u:r:system_server:s0 key=(null)
04-27 22:23:47.023  4899  4899 E audit   : type=1327 audit(1682627027.015:20087): proctitle="system_server"
04-27 22:23:47.143  6865  8672 I ContactsProvider_EventLog: cp_s: [CONTACT con(156) dat(1077) acc({sim(3)=15, sec(6)=1, sim2(4)=1, google(2)=81, org.telegram.messenger(236)=99, com.whatsapp(14)=39}) calls([logtype:100 cnt:867, logtype:200 cnt:5, logtype:300 cnt:495, logtype:1000 cnt:608, logtype:1150 cnt:161]) Iso(RS) uId(0) ]
04-27 22:23:47.143  6865  8672 I ContactsProvider_EventLog: cp_s: [ agr({[2 ,2 ,14 ,236]=1, [2 ,14 ,236]=32, [3]=15, [14]=1, [4]=1, [2 ,14]=4, [2 ,2]=2, [2]=33, [6 ,14]=1, [2 ,236]=6, [236]=60}) ]
04-27 22:23:47.143  6865  8672 I ContactsProvider_EventLog: cp_s: [ cnt({acore(6865)=1}) ]
04-27 22:23:47.143  6865  8672 I ContactsProvider_EventLog: cp_s: [PROFILE con(1) dat(1) acc({vnd.sec.contact.phone=1}) ] [SAPROFILE ]
04-27 22:23:47.143  6865  8672 I ContactsProvider_EventLog: cp_s: [STATE R(T) ]
04-27 22:23:47.383  4923  5022 W doh::connection: Connection driver returns some Err: Closed
04-27 22:23:49.607  5429  7411 D SemWifiUsabilityStatsMonitor: onWifiUsabilityStats - seqNum 6323, isSameBssidAndFreq true
04-27 22:23:49.612  5429  5717 I SemWifiLinkQualityMonitor: Link Qos Query: 0.111 ms / 72.000 Mbps (72 / 0.000 / 1.000)
04-27 22:23:49.612  5878  5878 D NetworkController.WifiSignalController: notifyListener: visible=true, connected=true, inetCondition=1, isDefault=true, wifiTestReported=true, receivedInetCondition=-1, hideDuringMobileSwitching=false
04-27 22:23:49.615  5878  6043 D Tile.WifiTile: handleUpdateState isTransient=false transientEnabling =false cb.isTransient=false state.state = 2 mStateBeforeClick.value =false enabled =true
04-27 22:23:52.472  5067  5067 E sehhealth-service: Could not open /sys/class/power_supply/battery/lrp
04-27 22:23:52.630  5429  7411 D SemWifiUsabilityStatsMonitor: onWifiUsabilityStats - seqNum 6324, isSameBssidAndFreq true
04-27 22:23:52.633  5429  5717 I SemWifiLinkQualityMonitor: Link Qos Query: 0.111 ms / 72.000 Mbps (72 / 0.000 / 1.000)
04-27 22:23:52.637  5878  5878 D NetworkController.WifiSignalController: notifyListener: visible=true, connected=true, inetCondition=1, isDefault=true, wifiTestReported=true, receivedInetCondition=-1, hideDuringMobileSwitching=false
04-27 22:23:52.640  5878  6043 D Tile.WifiTile: handleUpdateState isTransient=false transientEnabling =false cb.isTransient=false state.state = 2 mStateBeforeClick.value =false enabled =true
04-27 22:23:55.668  5429  7411 D SemWifiUsabilityStatsMonitor: onWifiUsabilityStats - seqNum 6325, isSameBssidAndFreq true
04-27 22:23:55.671  5429  5717 I SemWifiLinkQualityMonitor: Link Qos Query: 0.111 ms / 72.000 Mbps (72 / 0.000 / 1.000)
04-27 22:23:55.806  5878  6043 D NetworkController.WifiSignalController: notifyListener: visible=true, connected=true, inetCondition=1, isDefault=true, wifiTestReported=true, receivedInetCondition=-1, hideDuringMobileSwitching=false
04-27 22:23:55.832  5878  6043 D MobileSignalController(0/1): notifyListener: enabled=true, connected=true, dataConnected=false, networkType=LTE (4G), emergencyOnly=false, roaming=true, isDefault=false, dataActivity=, level=4, ca=false, mmWave=false, disabledDataIcon=false, simCard=ETC
04-27 22:23:55.833  5878  6043 D MobileSignalController(1/2): notifyListener: enabled=true, connected=true, dataConnected=false, networkType=LTE (4G), emergencyOnly=false, roaming=false, isDefault=false, dataActivity=, level=4, ca=false, mmWave=false, disabledDataIcon=false, simCard=ETC
04-27 22:23:55.862  5878  6043 W Settings: Setting all_sound_off has moved from android.provider.Settings.System to android.provider.Settings.Global, returning read-only value.
04-27 22:23:55.900  5878  5878 I Tile.HotspotTile: onDataSaverChanged: false
04-27 22:23:55.903  5878  5878 I Tile.HotspotTile: onHotspotChanged: false
04-27 22:23:55.913  5429  8509 I SemWifiApTetheredClientInfo: getWifiApStaListDetail
04-27 22:23:55.914  5878  5878 D Tile.HotspotTile: updateItems
04-27 22:23:55.915  5878  5878 D Tile.HotspotTile:  updateConnectedDeviceList mConnectedDevices = []
04-27 22:23:55.923  5878  6043 D Tile.MobileDataTile: handleUpdateState : state true
04-27 22:23:55.927  5878  6043 I Tile.HotspotTile: handleUpdateState
04-27 22:23:55.937  5878  6043 I Tile.HotspotTile: handleUpdateState
04-27 22:23:55.939  5878  6043 I Tile.HotspotTile: handleUpdateState
04-27 22:23:55.941  5878  6043 I Tile.HotspotTile: handleUpdateState
04-27 22:23:55.950  5878  6043 D Tile.DndTile: handleUpdateState zen 0  state = BooleanState[spec=Dnd,icon=ResourceIcon[resId=0x7f0809c1],iconSupplier=null,label=Do not
04-27 22:23:55.950  5878  6043 D Tile.DndTile: disturb,secondaryLabel=null,contentDescription=null,stateDescription=null,dualLabelContentDescription=null,expandedAccessibilityClassName=null,disabledByPolicy=false,dualTarget=true,isTransient=false,state=1,slash="null",sideViewCustomDrawable=null,tileClassName=null,value=false,forceExpandIcon=false]
04-27 22:23:55.978  5878  6043 D Tile.RotationLockTile:  handleUpdateState: true orientation = true
04-27 22:23:55.988  5429  8538 D SyncManager: userId - 0 auto - true
04-27 22:23:55.991  5878  6043 D Tile.SyncTile: hasUserRestriction: false
04-27 22:23:56.011  5878  6043 D Tile.BluetoothTile:  handleUpdateState enabled = true connected = true connecting = false changedState =false bluetoothState = 12 enabledChanging = false state = BooleanState[spec=Bluetooth,icon=ResourceIcon[resId=0x7f0809bd],iconSupplier=null,label=Евгений's Watch5 Pro,secondaryLabel=null,contentDescription=Bluetooth,On,Connected to Евгений's Watch5 Pro.,stateDescription=null,dualLabelContentDescription=Connected to Евгений's Watch5 Pro.,expandedAccessibilityClassName=null,disabledByPolicy=false,dualTarget=true,isTransient=false,state=2,slash="null",sideViewCustomDrawable=null,tileClassName=null,value=true,forceExpandIcon=false]
04-27 22:23:56.036  5878  6043 D Tile.BluetoothTile: connectedDeviceCount = 1, musicShareConnectedCount = 0
04-27 22:23:58.689  5429  7411 D SemWifiUsabilityStatsMonitor: onWifiUsabilityStats - seqNum 6326, isSameBssidAndFreq true
04-27 22:23:58.692  5429  5717 I SemWifiLinkQualityMonitor: Link Qos Query: 0.111 ms / 72.000 Mbps (72 / 0.000 / 1.000)
04-27 22:23:58.693  5878  5878 D NetworkController.WifiSignalController: notifyListener: visible=true, connected=true, inetCondition=1, isDefault=true, wifiTestReported=true, receivedInetCondition=-1, hideDuringMobileSwitching=false
04-27 22:23:58.695  5878  6043 D Tile.WifiTile: handleUpdateState isTransient=false transientEnabling =false cb.isTransient=false state.state = 2 mStateBeforeClick.value =false enabled =true
04-27 22:23:59.672  5429  8526 D PackageManager: setEnabledSetting : userId = 0 packageName = com.Slack cmp = androidx.work.impl.background.systemalarm.RescheduleReceiver newState = 1 callingPackage = 10329/com.Slack
04-27 22:23:59.675  5429  8526 D ApplicationPolicy: getApplicationStateEnabled : pkg = com.Slack userId : 0
04-27 22:23:59.679  5429  8526 D ApplicationPolicy: getApplicationComponentState : pkg = com.Slack userId : 0
