04-27 20:32:23.986  5878  7746 D SecPowerUI.Notification: SecBatteryStatsSnapshot{batteryLevel=78, currentBatteryMode=0, chargingTime=2358000, chargingType=11, batteryHealth=2, automaticTestMode=false, isHiccupState=false}
04-27 20:32:24.007  5878  7746 D SecPowerUI.Notification: 1. restoreScreenTimeOut - saved_value : :
04-27 20:32:24.007  5878  7746 E SecPowerUI.Notification: no saved value, so we do nothing !!
04-27 20:32:24.011  5878  5878 D SecPowerUI.Notification: showChargingNotice oldChargingType : 11 / currentChargingType : 11, oldChargingTime : 2358000 / mChargingTime : 2354000
04-27 20:32:24.011  5878  5878 D SecPowerUI.Notification: showChargingNotification()
04-27 20:32:24.011  5878  5878 D SecPowerUI.Notification: SecBatteryStatsSnapshot{batteryLevel=78, currentBatteryMode=0, chargingTime=2354000, chargingType=11, batteryHealth=2, automaticTestMode=false, isHiccupState=false}
04-27 20:32:24.025  5429  6416 D ApplicationPolicy: isStatusBarNotificationAllowedAsUser: packageName = com.android.systemui,userId = 0
04-27 20:32:24.025  5429  6416 D ApplicationPolicy: isStatusBarNotificationAllowedAsUser: packageName = com.android.systemui,userId = -1
04-27 20:32:24.025  5429  6416 D ApplicationPolicy: isStatusBarNotificationAllowedAsUser: converting userId from USER_ALLto 0
04-27 20:32:24.027  5878  5878 D PowerUI : Battery swelling mode - priorBatterySwellingMode = 0 mBatterySwellingMode = 0 mBatteryStatus = 2
04-27 20:32:24.027  5878  5878 I PowerUI : mBatteryMiscEvent = 65536
04-27 20:32:24.027  5878  5878 D KeyguardUpdateMonitor: received broadcast android.intent.action.BATTERY_CHANGED
04-27 20:32:24.028  5878  5878 D SamsungBatteryMeterDrawable: onBatteryLevelChanged isSomethingChanged: true
04-27 20:32:24.029  5878  5878 D SamsungBatteryMeterDrawable: onBatteryLevelChanged isSomethingChanged: true
04-27 20:32:24.030  5878  5878 D SamsungBatteryMeterDrawable: onBatteryLevelChanged isSomethingChanged: true
04-27 20:32:24.030  5878  5878 D SamsungBatteryMeterDrawable: onBatteryLevelChanged isSomethingChanged: true
04-27 20:32:24.030 30906 31078 I WM-WorkerWrapper: Worker result SUCCESS for Work [ id=313eeea2-40bb-4a15-8f30-bd957ce381b1, tags={ com.samsung.android.app.shealth.social.together.service.SocialStepSyncWorker } ]
04-27 20:32:24.031  5878  5878 I AODBatteryManager: updateBatteryData: ACTION_BATTERY_CHANGED
04-27 20:32:24.037 30906 31078 I WM-WorkerWrapper: Setting status to enqueued for c906978f-9d0e-4911-8bfa-536ec0ec73c0
04-27 20:32:24.037  5878  5878 I AODBatteryManager: saveBatteryData : AOD BatteryData [mBatteryLevel=78, mBatteryStatus=CHARGING, mBatteryPlugType=USB, mBatteryPlugged=true, mRemainingChargeTime=2354000, mBatteryChargingType=2, mBatteryChargerType=FAST, mBatteryOnline=NOT_DEFINED, mBatterySwellingMode=NONE, mBatteryProtectMode=false]
04-27 20:32:24.037  5878  5878 I ChargingInfoManager: updateChargingInfo: newState = AOD ChargingInfo [mState=BATTERY_AND_REMAIN_TIME, mIsCharging=true, mIsFullyCharged=false, mIsBatteryProtectMode=false], oldState = AOD ChargingInfo [mState=BATTERY_AND_REMAIN_TIME, mIsCharging=true, mIsFullyCharged=false, mIsBatteryProtectMode=false]
04-27 20:32:24.039  5878  5878 D KeyguardUpdateMonitor: handleBatteryUpdate
04-27 20:32:24.043  5878  5878 D KeyguardSecIndicationController: addIndicationTimeout() returned - unlocking
04-27 20:32:24.043  5878  5878 D KeyguardSecIndicationController: addIndication() returned - unlocking
04-27 20:32:24.043  5429  5665 D ConnectivityService:  Removing from current network [108 WIFI], leaving 151 requests.
04-27 20:32:24.044  5878  5878 D KeyguardSecIndicationPolicy:  remove Item pos = DEFAULT, type =           OWNER_INFO
04-27 20:32:24.044  5878  5878 D KeyguardSecIndicationController: addBatteryAndOwnerInfoIndication() battery status = BatteryStatus{status=2,level=78,plugged=2,health=2,maxChargingWattage=-1,remaining=2354000ultraFastCharger=1}
04-27 20:32:24.051  5878  5878 I FaceWidgetPositionAlgorithm: getClockContainerHeight() supplier = 270, bottom margin = 0, real height = 333
04-27 20:32:24.051  5878  5878 I FaceWidgetPositionAlgorithm: getClockContainerHeight() supplier = 270, bottom margin = 63, real height = 333
04-27 20:32:24.051  5878  5878 I FaceWidgetPositionAlgorithm: getMediaContainerHeight() height = 0 container Visibility = 8, isValid = false, mIsDozing = false, fraction = 1.0, source = 0, target = 0
04-27 20:32:24.051  5878  5878 I FaceWidgetPositionAlgorithm: getMediaContainerHeight() supplier = 0
04-27 20:32:24.054  5878  5878 V QsExpandAnimator: setQsExpansionPosition 0.0
04-27 20:32:24.061  5878  5878 I ChargingInfoView: handleMessage: MSG_SHOW_CHARGING_INFO
04-27 20:32:24.061  5878  5878 I ChargingInfoView: updateContents: BATTERY_AND_REMAIN_TIME
04-27 20:32:24.061  5878  5878 I ChargingInfoView: handleMessage: MSG_SHOW_CHARGING_INFO
04-27 20:32:24.061  5878  5878 I ChargingInfoView: updateContents: BATTERY_AND_REMAIN_TIME
04-27 20:32:24.241  5785  5785 I FreeformContainer: [SmartPopupViewService] onNotificationPosted: StatusBarNotification(pkg=com.android.systemui user=UserHandle{-1} id=2131428972 tag=charging_state key=-1|com.android.systemui|2131428972|charging_state|10054: Notification(channel=CHR shortcut=null contentView=null vibrate=null sound=null defaults=0x0 flags=0xa color=0xff5075a1 category=sys groupKey=CHARGING vis=PUBLIC semFlags=0x0 semPriority=0 semMissedCount=0))
04-27 20:32:24.241  5785  5785 V FreeformContainer: [SmartPopupViewService] isSmartPopupViewTarget: com.android.systemui is not enabled
04-27 20:32:24.246  9209  9748 I NotificationPipeline: Processing new notification: -1|com.android.systemui|2131428972|charging_state|10054
04-27 20:32:24.247  9209  9748 W Notification4Heart_NB: NotificationBridgeCallback.onNotificationPosted-Ignored package : [-1] com.android.systemui
04-27 20:32:24.251  6323  6323 I Launcher.NotificationListener: onNotificationPosted : com.android.systemui number : 0
04-27 20:32:24.262  5878  5878 D PluginAODManager: onNotificationInfoUpdated() 0
04-27 20:32:24.262  5878  5878 I AODNotificationManager: updateVisibleNotifications: 0
04-27 20:32:24.263  5878  5878 I a       : updateStatusBarNotifications: open
04-27 20:32:24.263  5878  5878 I a       : updateStatusBarNotifications: open
04-27 20:32:24.447  5878  5878 D BubblesManager: onEntryUpdated : shouldBubbleUp=false ,key=-1|com.android.systemui|2131428972|charging_state|10054
04-27 20:32:24.480  5878  5878 I FaceWidgetPositionAlgorithm: getClockContainerHeight() supplier = 270, bottom margin = 0, real height = 333
04-27 20:32:24.481  5878  5878 I FaceWidgetPositionAlgorithm: getClockContainerHeight() supplier = 270, bottom margin = 63, real height = 333
04-27 20:32:24.482  5878  5878 I FaceWidgetPositionAlgorithm: getMediaContainerHeight() height = 0 container Visibility = 8, isValid = false, mIsDozing = false, fraction = 1.0, source = 0, target = 0
04-27 20:32:24.482  5878  5878 I FaceWidgetPositionAlgorithm: getMediaContainerHeight() supplier = 0
04-27 20:32:24.490  5878  5878 D PluginAODManager: onNotificationInfoUpdated() 0
04-27 20:32:24.490  5878  5878 I AODNotificationManager: updateVisibleNotifications: 0
04-27 20:32:24.490  5878  5878 I a       : updateStatusBarNotifications: open
04-27 20:32:24.490  5878  5878 I a       : updateStatusBarNotifications: open
04-27 20:32:24.527  5878  5878 I FaceWidgetPositionAlgorithm: getClockContainerHeight() supplier = 270, bottom margin = 0, real height = 333
04-27 20:32:24.527  5878  5878 I FaceWidgetPositionAlgorithm: getClockContainerHeight() supplier = 270, bottom margin = 63, real height = 333
04-27 20:32:24.528  5878  5878 I FaceWidgetPositionAlgorithm: getMediaContainerHeight() height = 0 container Visibility = 8, isValid = false, mIsDozing = false, fraction = 1.0, source = 0, target = 0
04-27 20:32:24.528  5878  5878 I FaceWidgetPositionAlgorithm: getMediaContainerHeight() supplier = 0
04-27 20:32:24.597  5878  5878 I FaceWidgetPositionAlgorithm: getClockContainerHeight() supplier = 270, bottom margin = 0, real height = 333
04-27 20:32:24.598  5878  5878 I FaceWidgetPositionAlgorithm: getClockContainerHeight() supplier = 270, bottom margin = 63, real height = 333
04-27 20:32:24.598  5878  5878 I FaceWidgetPositionAlgorithm: getMediaContainerHeight() height = 0 container Visibility = 8, isValid = false, mIsDozing = false, fraction = 1.0, source = 0, target = 0
04-27 20:32:24.598  5878  5878 I FaceWidgetPositionAlgorithm: getMediaContainerHeight() supplier = 0
04-27 20:32:24.602  5878  5878 D PluginAODManager: onNotificationInfoUpdated() 0
04-27 20:32:24.602  5878  5878 I AODNotificationManager: updateVisibleNotifications: 0
04-27 20:32:24.602  5878  5878 I a       : updateStatusBarNotifications: open
04-27 20:32:24.602  5878  5878 I a       : updateStatusBarNotifications: open
04-27 20:32:25.163  5429  7411 D SemWifiUsabilityStatsMonitor: onWifiUsabilityStats - seqNum 4119, isSameBssidAndFreq true
04-27 20:32:25.165  5878  5878 D NetworkController.WifiSignalController: notifyListener: visible=true, connected=true, inetCondition=1, isDefault=true, wifiTestReported=true, receivedInetCondition=-1, hideDuringMobileSwitching=false
04-27 20:32:25.167  5429  5717 I SemWifiLinkQualityMonitor: Link Qos Query: 0.167 ms / 48.000 Mbps (72 / 0.000 / 1.500)
04-27 20:32:25.168  5878  6043 D Tile.WifiTile: handleUpdateState isTransient=false transientEnabling =false cb.isTransient=false state.state = 2 mStateBeforeClick.value =false enabled =true
04-27 20:32:25.837  8348  8661 I AiAiStatsd: No op: the most recent atoms from the date 2023-04-26 have been uploaded.
04-27 20:32:26.012  4168  4301 I AppMetrica-Attribution: Choosing distribution data: ClidsInfo(chosen=Candidate(clids=null, source=APP), candidates=[Candidate(clids=null, source=APP)])
04-27 20:32:26.129  6118  6631 I bt_stack: [INFO:rfc_port_fsm.cc(106)] rfc_port_sm_execute: BD_ADDR=645df4_1, PORT=17, STATE=4, EVENT=14
04-27 20:32:26.151  6118  6631 E bt_bta_dm: Received unknown power mode status event:5
04-27 20:32:26.969  6118  6631 I bt_stack: [INFO:rfc_port_fsm.cc(106)] rfc_port_sm_execute: BD_ADDR=645df4_1, PORT=17, STATE=4, EVENT=4
04-27 20:32:26.980  6118  6631 I bt_stack: [INFO:rfc_port_fsm.cc(106)] rfc_port_sm_execute: BD_ADDR=645df4_1, PORT=17, STATE=4, EVENT=14
04-27 20:32:27.474  4168  4301 I AppMetrica-Attribution: Choosing distribution data: ClidsInfo(chosen=Candidate(clids=null, source=APP), candidates=[Candidate(clids=null, source=APP)])
04-27 20:32:27.500 31104 31104 D ConnectivityManager: StackLog: [android.net.ConnectivityManager.sendRequestForNetwork(ConnectivityManager.java:4191)] [android.net.ConnectivityManager.registerDefaultNetworkCallbackForUid(ConnectivityManager.java:4755)] [android.net.ConnectivityManager.registerDefaultNetworkCallback(ConnectivityManager.java:4722)] [android.net.ConnectivityManager.registerDefaultNetworkCallback(ConnectivityManager.java:4696)] [androidx.work.impl.utils.NetworkApi24.registerDefaultNetworkCallbackCompat(Unknown Source:10)] [androidx.work.impl.constraints.trackers.NetworkStateTracker24.startTracking(Unknown Source:15)] [androidx.work.impl.constraints.controllers.ConstraintController.replace(Unknown Source:130)] [androidx.work.impl.constraints.WorkConstraintsTrackerImpl.replace(Unknown Source:41)] [androidx.work.impl.background.greedy.GreedyScheduler.schedule(Unknown Source:300)] [androidx.work.Worker$2.run(Unknown Source:1077)]
04-27 20:32:27.516  5429  5649 D ConnectivityService: requestNetwork for uid/pid:10329/31104 activeRequest: null callbackRequest: 3983 [NetworkRequest [ REQUEST id=3984, [ Capabilities: INTERNET&NOT_RESTRICTED&TRUSTED&NOT_VCN_MANAGED Uid: 10329 RequestorUid: 10329 RequestorPkg: com.Slack UnderlyingNetworks: Null] ]] callback flags: 0 order: 2147483647
04-27 20:32:27.520  5429  5665 D ConnectivityService:    accepting network in place of null
04-27 20:32:27.538  5429  5655 D WifiNetworkFactory: got request NetworkRequest [ REQUEST id=3984, [ Capabilities: INTERNET&NOT_RESTRICTED&TRUSTED&NOT_VCN_MANAGED Uid: 10329 RequestorUid: 10329 RequestorPkg: com.Slack UnderlyingNetworks: Null] ]
04-27 20:32:27.538  5429  5655 D UntrustedWifiNetworkFactory: got request NetworkRequest [ REQUEST id=3984, [ Capabilities: INTERNET&NOT_RESTRICTED&TRUSTED&NOT_VCN_MANAGED Uid: 10329 RequestorUid: 10329 RequestorPkg: com.Slack UnderlyingNetworks: Null] ]
04-27 20:32:27.540  5429  5655 D OemPaidWifiNetworkFactory: got request NetworkRequest [ REQUEST id=3984, [ Capabilities: INTERNET&NOT_RESTRICTED&TRUSTED&NOT_VCN_MANAGED Uid: 10329 RequestorUid: 10329 RequestorPkg: com.Slack UnderlyingNetworks: Null] ]
04-27 20:32:27.543  5429  5655 D MultiInternetWifiNetworkFactory: got request NetworkRequest [ REQUEST id=3984, [ Capabilities: INTERNET&NOT_RESTRICTED&TRUSTED&NOT_VCN_MANAGED Uid: 10329 RequestorUid: 10329 RequestorPkg: com.Slack UnderlyingNetworks: Null] ]
04-27 20:32:27.545  5429  5665 D ConnectivityService: Rematched networks [computed 1ms] [applied 3ms] [issued 21]
04-27 20:32:27.546  5429  5665 D ConnectivityService: NetworkReassignment :
04-27 20:32:27.546  5429  5665 D ConnectivityService:   3984 : null â†’ 108
04-27 20:32:27.688  5429  5488 W libprocessgroup: Failed to open /dev/blkio//cgroup.procs: No such file or directory
04-27 20:32:27.712 31104 31104 D ConnectivityManager: StackLog: [android.net.ConnectivityManager.unregisterNetworkCallback(ConnectivityManager.java:4863)] [androidx.work.impl.utils.NetworkApi21.unregisterNetworkCallbackCompat(Unknown Source:10)] [androidx.work.impl.constraints.trackers.NetworkStateTracker24.stopTracking(Unknown Source:15)] [androidx.work.impl.constraints.trackers.ConstraintTracker.removeListener(Unknown Source:24)] [androidx.work.impl.constraints.controllers.ConstraintController.replace(Unknown Source:81)] [androidx.work.impl.constraints.WorkConstraintsTrackerImpl.replace(Unknown Source:41)] [androidx.work.impl.background.greedy.GreedyScheduler.onExecuted(Unknown Source:55)] [androidx.work.impl.Processor.onExecuted(Unknown Source:59)] [com.bugsnag.android.DeliveryDelegate$1.run(Unknown Source:212)]
04-27 20:32:27.714  5429  5665 D ConnectivityService:  Removing from current network [108 WIFI], leaving 151 requests.
04-27 20:32:27.844  5429  5751 D NetdEventListenerService: DNS Requested by : 108, 10309
04-27 20:32:27.850  4168  4212 D TrafficStats: tagSocket(6) with statsTag=0xffffffff, statsUid=-1
04-27 20:32:28.188  5429  7411 D SemWifiUsabilityStatsMonitor: onWifiUsabilityStats - seqNum 4120, isSameBssidAndFreq true
04-27 20:32:28.193  5429  5717 I SemWifiLinkQualityMonitor: Link Qos Query: 0.122 ms / 65.647 Mbps (72 / 0.000 / 1.097)
04-27 20:32:29.033  5878  5878 D SecPowerUI.Notification: showChargingNotice oldChargingType : 11 / currentChargingType : 11, oldChargingTime : 2354000 / mChargingTime : 2354000
04-27 20:32:29.033  5878  5878 D SecPowerUI.Notification: There is no change about charging status, so return!
04-27 20:32:29.344  4168  4301 I AppMetrica-Attribution: Choosing distribution data: ClidsInfo(chosen=Candidate(clids=null, source=APP), candidates=[Candidate(clids=null, source=APP)])
04-27 20:32:29.550  5429  8528 D PackageManager: setEnabledSetting : userId = 0 packageName = com.Slack cmp = androidx.work.impl.background.systemalarm.RescheduleReceiver newState = 1 callingPackage = 10329/com.Slack
04-27 20:32:29.554  5429  8528 D ApplicationPolicy: getApplicationStateEnabled : pkg = com.Slack userId : 0
04-27 20:32:29.557  5429  8528 D ApplicationPolicy: getApplicationComponentState : pkg = com.Slack userId : 0
04-27 20:32:29.625  5429  5488 W libprocessgroup: Failed to open /dev/blkio//cgroup.procs: No such file or directory
04-27 20:32:29.646 31104 31178 D ConnectivityManager: StackLog: [android.net.ConnectivityManager.sendRequestForNetwork(ConnectivityManager.java:4191)] [android.net.ConnectivityManager.registerDefaultNetworkCallbackForUid(ConnectivityManager.java:4755)] [android.net.ConnectivityManager.registerDefaultNetworkCallback(ConnectivityManager.java:4722)] [android.net.ConnectivityManager.registerDefaultNetworkCallback(ConnectivityManager.java:4696)] [androidx.work.impl.utils.NetworkApi24.registerDefaultNetworkCallbackCompat(Unknown Source:10)] [androidx.work.impl.constraints.trackers.NetworkStateTracker24.startTracking(Unknown Source:15)] [androidx.work.impl.constraints.controllers.ConstraintController.replace(Unknown Source:130)] [androidx.work.impl.constraints.WorkConstraintsTrackerImpl.replace(Unknown Source:41)] [androidx.work.impl.background.greedy.GreedyScheduler.schedule(Unknown Source:300)] [androidx.work.impl.Schedulers.schedule(Unknown Source:149)] [androidx.work.impl.utils.EnqueueRunnable.run(Unknown Source:53)] [androidx.work.Worker$2.run$androidx$work$impl$utils$SerialExecutorImpl$Task(Unknown Source:4)] [androidx.work.Worker$2.run(Unknown Source:868)] [java.util.concurrent.ThreadPoolExecutor.runWorker(ThreadPoolExecutor.java:1137)] [java.util.concurrent.ThreadPoolExecutor$Worker.run(ThreadPoolExecutor.java:637)] [java.lang.Thread.run(Thread.java:1012)]
04-27 20:32:29.649  5429  8526 D ConnectivityService: requestNetwork for uid/pid:10329/31104 activeRequest: null callbackRequest: 3985 [NetworkRequest [ REQUEST id=3986, [ Capabilities: INTERNET&NOT_RESTRICTED&TRUSTED&NOT_VCN_MANAGED Uid: 10329 RequestorUid: 10329 RequestorPkg: com.Slack UnderlyingNetworks: Null] ]] callback flags: 0 order: 2147483647
04-27 20:32:29.650  5429  5665 D ConnectivityService:    accepting network in place of null
04-27 20:32:29.659  5429  5655 D WifiNetworkFactory: got request NetworkRequest [ REQUEST id=3986, [ Capabilities: INTERNET&NOT_RESTRICTED&TRUSTED&NOT_VCN_MANAGED Uid: 10329 RequestorUid: 10329 RequestorPkg: com.Slack UnderlyingNetworks: Null] ]
04-27 20:32:29.660  5429  5655 D UntrustedWifiNetworkFactory: got request NetworkRequest [ REQUEST id=3986, [ Capabilities: INTERNET&NOT_RESTRICTED&TRUSTED&NOT_VCN_MANAGED Uid: 10329 RequestorUid: 10329 RequestorPkg: com.Slack UnderlyingNetworks: Null] ]
04-27 20:32:29.662  5429  5655 D OemPaidWifiNetworkFactory: got request NetworkRequest [ REQUEST id=3986, [ Capabilities: INTERNET&NOT_RESTRICTED&TRUSTED&NOT_VCN_MANAGED Uid: 10329 RequestorUid: 10329 RequestorPkg: com.Slack UnderlyingNetworks: Null] ]
04-27 20:32:29.662  5429  5655 D MultiInternetWifiNetworkFactory: got request NetworkRequest [ REQUEST id=3986, [ Capabilities: INTERNET&NOT_RESTRICTED&TRUSTED&NOT_VCN_MANAGED Uid: 10329 RequestorUid: 10329 RequestorPkg: com.Slack UnderlyingNetworks: Null] ]
04-27 20:32:29.663  5429  5665 D ConnectivityService: Rematched networks [computed 1ms] [applied 2ms] [issued 10]
04-27 20:32:29.663  5429  5665 D ConnectivityService: NetworkReassignment :
04-27 20:32:29.663  5429  5665 D ConnectivityService:   3986 : null â†’ 108
04-27 20:32:29.688 31104 31104 D ConnectivityManager: StackLog: [android.net.ConnectivityManager.unregisterNetworkCallback(ConnectivityManager.java:4863)] [androidx.work.impl.utils.NetworkApi21.unregisterNetworkCallbackCompat(Unknown Source:10)] [androidx.work.impl.constraints.trackers.NetworkStateTracker24.stopTracking(Unknown Source:15)] [androidx.work.impl.constraints.trackers.ConstraintTracker.removeListener(Unknown Source:24)] [androidx.work.impl.constraints.controllers.ConstraintController.replace(Unknown Source:81)] [androidx.work.impl.constraints.WorkConstraintsTrackerImpl.replace(Unknown Source:41)] [androidx.work.impl.background.greedy.GreedyScheduler.onExecuted(Unknown Source:55)] [androidx.work.impl.Processor.onExecuted(Unknown Source:59)] [com.bugsnag.android.DeliveryDelegate$1.run(Unknown Source:212)]
04-27 20:32:29.691  5429  5665 D ConnectivityService:  Removing from current network [108 WIFI], leaving 151 requests.
04-27 20:32:30.545  8449  8666 I SemDvfsHyPerManager: acquire hyper - SIOP_GPU_FREQ_MAX/8449@4, type = 536875010
04-27 20:32:30.547  5040  5080 I HYPER-HAL: [RequestManager.cpp]acquire(): Acquired ID : 35730835  [8449 / 4]    HINT :      list : [GPUMaxFreq / 949000]
04-27 20:32:30.549  8449  8666 I SemDvfsHyPerManager: acquire hyper - SIOP_ARM_MAX/8449@2, type = 301993986
04-27 20:32:30.552  5040  5080 I HYPER-HAL: [RequestManager.cpp]acquire(): Acquired ID : 35713928  [8449 / 2]    HINT :      list : [CPUMaxFreq / 1976000]
04-27 20:32:31.206  5429  7411 D SemWifiUsabilityStatsMonitor: onWifiUsabilityStats - seqNum 4121, isSameBssidAndFreq true
04-27 20:32:31.215  5429  5717 I SemWifiLinkQualityMonitor: Link Qos Query: 0.444 ms / 18.000 Mbps (72 / 0.000 / 4.000)
04-27 20:32:31.436  6865  8672 I ContactsProvider_EventLog: cp_s: [CONTACT con(156) dat(1077) acc({sim(3)=15, sec(6)=1, sim2(4)=1, google(2)=81, org.telegram.messenger(236)=99, com.whatsapp(14)=39}) calls([logtype:100 cnt:867, logtype:200 cnt:5, logtype:300 cnt:495, logtype:1000 cnt:608, logtype:1150 cnt:161]) Iso(RS) uId(0) ]
04-27 20:32:31.436  6865  8672 I ContactsProvider_EventLog: cp_s: [ agr({[2 ,2 ,14 ,236]=1, [2 ,14 ,236]=32, [3]=15, [14]=1, [4]=1, [2 ,14]=4, [2 ,2]=2, [2]=33, [6 ,14]=1, [2 ,236]=6, [236]=60}) ]
04-27 20:32:31.436  6865  8672 I ContactsProvider_EventLog: cp_s: [ cnt({acore(6865)=1}) ]
04-27 20:32:31.436  6865  8672 I ContactsProvider_EventLog: cp_s: [PROFILE con(1) dat(1) acc({vnd.sec.contact.phone=1}) ] [SAPROFILE ]
04-27 20:32:31.436  6865  8672 I ContactsProvider_EventLog: cp_s: [STATE R(T) ]
04-27 20:32:31.451  6180  7875 I SimpleEventLog: PdnController Read written lines: 222(6 ms)
04-27 20:32:32.033  5095  5095 I SurfaceFlinger: SFWD update time=22661225996174
04-27 20:32:33.753 11246 11246 D BoundBrokerSvc: onUnbind: Intent { act=com.google.android.gms.measurement.START pkg=com.google.android.gms }
04-27 20:32:34.000  5067  5067 E sehhealth-service: Could not open /sys/class/power_supply/battery/lrp
04-27 20:32:34.005  5429  5429 D PhoneWindowManagerExt: ACTION_BATTERY_CHANGED - Level=78, status=2
04-27 20:32:34.014  5787  5787 D SemBigDataInfoController: Intent: android.intent.action.BATTERY_CHANGED
04-27 20:32:34.015  5787  5787 D SemBigDataInfoController: Intent: android.intent.action.BATTERY_CHANGED
04-27 20:32:34.018  5429  5602 D MotionRecognitionService: [SAR]  onReceive : ACTION_BATTERY_CHANGED, Plugged: 2
04-27 20:32:34.019  5429  5429 D SemWifiApBroadcastReceiver: Received : android.intent.action.BATTERY_CHANGED
04-27 20:32:34.030  5878  5878 I PowerUI : mBootCompleted = true |  mFullyConnected = true
04-27 20:32:34.031  5878  5878 W PowerUI : Plug reason
04-27 20:32:34.032  5878  5878 W PowerUI : Skip charging animation - by plug status
04-27 20:32:34.032  5878  5878 D PowerUI : priorPlugType = 2 mPlugType = 2 priorBatteryStatus = 2 mBatteryStatus = 2
04-27 20:32:34.032  5878  5878 W PowerUI : Plug reason
04-27 20:32:34.032  5878  5878 W PowerUI : Skip charging sound - by plug status
04-27 20:32:34.032  5878  5878 I PowerUI : oldMisalign : false, curMisalign : false
04-27 20:32:34.037  5878  7763 D SecPowerUI.Notification: dismissing low battery warning: level=78
04-27 20:32:34.037  5878  7763 D SecPowerUI.Notification: updateNotification mWarning=false mPlaySound=false
04-27 20:32:34.038  5878  7763 D SecPowerUI.Notification: SecBatteryStatsSnapshot{batteryLevel=78, currentBatteryMode=0, chargingTime=2354000, chargingType=11, batteryHealth=2, automaticTestMode=false, isHiccupState=false}
04-27 20:32:34.044  5878  7763 D SecPowerUI.Notification: 1. restoreScreenTimeOut - saved_value : :
04-27 20:32:34.044  5878  7763 E SecPowerUI.Notification: no saved value, so we do nothing !!
04-27 20:32:34.046  5878  5878 D SecPowerUI.Notification: showChargingNotice oldChargingType : 11 / currentChargingType : 11, oldChargingTime : 2354000 / mChargingTime : 2354000
04-27 20:32:34.046  5878  5878 D SecPowerUI.Notification: There is no change about charging status, so return!
04-27 20:32:34.046  5878  5878 D PowerUI : Battery swelling mode - priorBatterySwellingMode = 0 mBatterySwellingMode = 0 mBatteryStatus = 2
04-27 20:32:34.046  5878  5878 I PowerUI : mBatteryMiscEvent = 65536
04-27 20:32:34.047  5878  5878 D KeyguardUpdateMonitor: received broadcast android.intent.action.BATTERY_CHANGED
04-27 20:32:34.048  5878  5878 D SamsungBatteryMeterDrawable: onBatteryLevelChanged isSomethingChanged: false
04-27 20:32:34.050  5878  5878 D SamsungBatteryMeterDrawable: onBatteryLevelChanged isSomethingChanged: false
04-27 20:32:34.051  5878  5878 D SamsungBatteryMeterDrawable: onBatteryLevelChanged isSomethingChanged: false
04-27 20:32:34.052  5878  5878 D SamsungBatteryMeterDrawable: onBatteryLevelChanged isSomethingChanged: false
04-27 20:32:34.053  5878  5878 I AODBatteryManager: updateBatteryData: ACTION_BATTERY_CHANGED
04-27 20:32:34.056  5878  5878 I AODBatteryManager: saveBatteryData : AOD BatteryData [mBatteryLevel=78, mBatteryStatus=CHARGING, mBatteryPlugType=USB, mBatteryPlugged=true, mRemainingChargeTime=2354000, mBatteryChargingType=2, mBatteryChargerType=FAST, mBatteryOnline=NOT_DEFINED, mBatterySwellingMode=NONE, mBatteryProtectMode=false]
04-27 20:32:34.057  5878  5878 D KeyguardUpdateMonitor: handleBatteryUpdate
04-27 20:32:34.250  5429  7411 D SemWifiUsabilityStatsMonitor: onWifiUsabilityStats - seqNum 4122, isSameBssidAndFreq true
04-27 20:32:34.256  5429  5717 I SemWifiLinkQualityMonitor: Link Qos Query: 0.148 ms / 54.000 Mbps (72 / 0.000 / 1.333)
04-27 20:32:37.288  5429  7411 D SemWifiUsabilityStatsMonitor: onWifiUsabilityStats - seqNum 4123, isSameBssidAndFreq true
04-27 20:32:37.298  5429  5717 I SemWifiLinkQualityMonitor: Link Qos Query: 0.148 ms / 54.000 Mbps (72 / 0.000 / 1.333)
04-27 20:32:37.298  5878  5878 D NetworkController.WifiSignalController: notifyListener: visible=true, connected=true, inetCondition=1, isDefault=true, wifiTestReported=true, receivedInetCondition=-1, hideDuringMobileSwitching=false
04-27 20:32:37.301  5878  6043 D Tile.WifiTile: handleUpdateState isTransient=false transientEnabling =false cb.isTransient=false state.state = 2 mStateBeforeClick.value =false enabled =true
04-27 20:32:39.054  5878  5878 D SecPowerUI.Notification: showChargingNotice oldChargingType : 11 / currentChargingType : 11, oldChargingTime : 2354000 / mChargingTime : 2354000
04-27 20:32:39.054  5878  5878 D SecPowerUI.Notification: There is no change about charging status, so return!
04-27 20:32:40.141  4993  5068 I SensorsHub: context 10 0 9 1,1,26,1,3,250,189,168,4,1, 29900113561697
04-27 20:32:40.143  5429  5595 D SensorHubManager: onGetSensorHubDataLocked: library(10) = 1, 1, 26, 1, 3, -6, -67, -88, 4, 1
04-27 20:32:40.145  5429  5596 D CAE     : onGetSensorHubData(SensorHubParserProvider.java:89) - onGetSensorHubData Event [event buffer len :10], AP_WAKEUP
04-27 20:32:40.146  5429  5596 I CAE     : parse(SensorHubParserProvider.java:190) - buffer size = 10
04-27 20:32:40.147  5429  5596 I CAE     : parse(SensorHubParserProvider.java:201) - 1, 1, 26, 1, 3, -6, -67, -88, 4, 1,
04-27 20:32:40.148  5429  5596 E CAE     : parse(SensorHubModeHandler.java:72) - ERROR : Service is not registered
04-27 20:32:40.148  5429  5596 E CAE     : onGetSensorHubData(SensorHubParserProvider.java:112) - ERROR : Data field parsing error
04-27 20:32:40.318  5429  7411 D SemWifiUsabilityStatsMonitor: onWifiUsabilityStats - seqNum 4124, isSameBssidAndFreq true
04-27 20:32:40.321  5429  5717 I SemWifiLinkQualityMonitor: Link Qos Query: 0.148 ms / 54.000 Mbps (72 / 0.000 / 1.333)
04-27 20:32:40.601  8449  8666 I SemDvfsHyPerManager: acquire hyper - SIOP_ARM_MAX/8449@2, type = 301993986
04-27 20:32:40.603  5040  5080 I HYPER-HAL: [RequestManager.cpp]acquire(): Acquired ID : 35713928  [8449 / 2]    HINT :      list : [CPUMaxFreq / 1898000]
04-27 20:32:43.360  5429  7411 D SemWifiUsabilityStatsMonitor: onWifiUsabilityStats - seqNum 4125, isSameBssidAndFreq true
04-27 20:32:43.367  5429  5717 I SemWifiLinkQualityMonitor: Link Qos Query: 0.148 ms / 54.000 Mbps (72 / 0.000 / 1.333)
04-27 20:32:44.028  5067  5067 E sehhealth-service: Could not open /sys/class/power_supply/battery/lrp
04-27 20:32:44.031  5429  5602 D MotionRecognitionService: [SAR]  onReceive : ACTION_BATTERY_CHANGED, Plugged: 2
04-27 20:32:44.032  5429  5429 D PhoneWindowManagerExt: ACTION_BATTERY_CHANGED - Level=78, status=2
04-27 20:32:44.042  5429  5429 D SemWifiApBroadcastReceiver: Received : android.intent.action.BATTERY_CHANGED
04-27 20:32:44.044  5787  5787 D SemBigDataInfoController: Intent: android.intent.action.BATTERY_CHANGED
04-27 20:32:44.052  5878  5878 I PowerUI : mBootCompleted = true |  mFullyConnected = true
04-27 20:32:44.053  5878  5878 W PowerUI : Plug reason
04-27 20:32:44.053  5878  5878 W PowerUI : Skip charging animation - by plug status
04-27 20:32:44.054  5878  7772 D SecPowerUI.Notification: dismissing low battery warning: level=78
04-27 20:32:44.054  5878  7772 D SecPowerUI.Notification: updateNotification mWarning=false mPlaySound=false
04-27 20:32:44.054  5878  7772 D SecPowerUI.Notification: SecBatteryStatsSnapshot{batteryLevel=78, currentBatteryMode=0, chargingTime=2354000, chargingType=11, batteryHealth=2, automaticTestMode=false, isHiccupState=false}
04-27 20:32:44.059  5878  5878 D PowerUI : priorPlugType = 2 mPlugType = 2 priorBatteryStatus = 2 mBatteryStatus = 2
04-27 20:32:44.059  5878  5878 W PowerUI : Plug reason
04-27 20:32:44.059  5878  5878 W PowerUI : Skip charging sound - by plug status
04-27 20:32:44.059  5878  5878 I PowerUI : oldMisalign : false, curMisalign : false
04-27 20:32:44.063  5787  5787 D SemBigDataInfoController: Intent: android.intent.action.BATTERY_CHANGED
04-27 20:32:44.064  5878  7772 D SecPowerUI.Notification: 1. restoreScreenTimeOut - saved_value : :
04-27 20:32:44.064  5878  7772 E SecPowerUI.Notification: no saved value, so we do nothing !!
04-27 20:32:44.074  5878  5878 D SecPowerUI.Notification: showChargingNotice oldChargingType : 11 / currentChargingType : 11, oldChargingTime : 2354000 / mChargingTime : 2347000
04-27 20:32:44.074  5878  5878 D SecPowerUI.Notification: showChargingNotification()
04-27 20:32:44.075  5878  5878 D SecPowerUI.Notification: SecBatteryStatsSnapshot{batteryLevel=78, currentBatteryMode=0, chargingTime=2347000, chargingType=11, batteryHealth=2, automaticTestMode=false, isHiccupState=false}
04-27 20:32:44.086  5429  5649 D ApplicationPolicy: isStatusBarNotificationAllowedAsUser: packageName = com.android.systemui,userId = 0
04-27 20:32:44.087  5429  5649 D ApplicationPolicy: isStatusBarNotificationAllowedAsUser: packageName = com.android.systemui,userId = -1
04-27 20:32:44.087  5429  5649 D ApplicationPolicy: isStatusBarNotificationAllowedAsUser: converting userId from USER_ALLto 0
04-27 20:32:44.089  5878  5878 D PowerUI : Battery swelling mode - priorBatterySwellingMode = 0 mBatterySwellingMode = 0 mBatteryStatus = 2
04-27 20:32:44.089  5878  5878 I PowerUI : mBatteryMiscEvent = 65536
04-27 20:32:44.089  5878  5878 D KeyguardUpdateMonitor: received broadcast android.intent.action.BATTERY_CHANGED
04-27 20:32:44.090  5878  5878 D SamsungBatteryMeterDrawable: onBatteryLevelChanged isSomethingChanged: false
04-27 20:32:44.092  5878  5878 D SamsungBatteryMeterDrawable: onBatteryLevelChanged isSomethingChanged: false
04-27 20:32:44.093  5878  5878 D SamsungBatteryMeterDrawable: onBatteryLevelChanged isSomethingChanged: false
04-27 20:32:44.093  5878  5878 D SamsungBatteryMeterDrawable: onBatteryLevelChanged isSomethingChanged: false
04-27 20:32:44.095  5878  5878 I AODBatteryManager: updateBatteryData: ACTION_BATTERY_CHANGED
04-27 20:32:44.097  5878  5878 I AODBatteryManager: saveBatteryData : AOD BatteryData [mBatteryLevel=78, mBatteryStatus=CHARGING, mBatteryPlugType=USB, mBatteryPlugged=true, mRemainingChargeTime=2347000, mBatteryChargingType=2, mBatteryChargerType=FAST, mBatteryOnline=NOT_DEFINED, mBatterySwellingMode=NONE, mBatteryProtectMode=false]
04-27 20:32:44.097  5878  5878 I ChargingInfoManager: updateChargingInfo: newState = AOD ChargingInfo [mState=BATTERY_AND_REMAIN_TIME, mIsCharging=true, mIsFullyCharged=false, mIsBatteryProtectMode=false], oldState = AOD ChargingInfo [mState=BATTERY_AND_REMAIN_TIME, mIsCharging=true, mIsFullyCharged=false, mIsBatteryProtectMode=false]
04-27 20:32:44.099  5878  5878 D KeyguardUpdateMonitor: handleBatteryUpdate
04-27 20:32:44.108  5878  5878 D KeyguardSecIndicationController: addIndicationTimeout() returned - unlocking
04-27 20:32:44.108  5878  5878 D KeyguardSecIndicationController: addIndication() returned - unlocking
04-27 20:32:44.109  5878  5878 D KeyguardSecIndicationPolicy:  remove Item pos = DEFAULT, type =           OWNER_INFO
04-27 20:32:44.110  5878  5878 D KeyguardSecIndicationController: addBatteryAndOwnerInfoIndication() battery status = BatteryStatus{status=2,level=78,plugged=2,health=2,maxChargingWattage=-1,remaining=2347000ultraFastCharger=1}
04-27 20:32:44.110  5878  5878 I ChargingInfoView: handleMessage: MSG_SHOW_CHARGING_INFO
04-27 20:32:44.110  5878  5878 I ChargingInfoView: updateContents: BATTERY_AND_REMAIN_TIME
04-27 20:32:44.110  5878  5878 I ChargingInfoView: handleMessage: MSG_SHOW_CHARGING_INFO
04-27 20:32:44.110  5878  5878 I ChargingInfoView: updateContents: BATTERY_AND_REMAIN_TIME
04-27 20:32:44.263  6118  6131 D BluetoothAdapterService: getBondedDevices, remove custom devices:
04-27 20:32:44.308  5785  5785 I FreeformContainer: [SmartPopupViewService] onNotificationPosted: StatusBarNotification(pkg=com.android.systemui user=UserHandle{-1} id=2131428972 tag=charging_state key=-1|com.android.systemui|2131428972|charging_state|10054: Notification(channel=CHR shortcut=null contentView=null vibrate=null sound=null defaults=0x0 flags=0xa color=0xff5075a1 category=sys groupKey=CHARGING vis=PUBLIC semFlags=0x0 semPriority=0 semMissedCount=0))
04-27 20:32:44.308  5785  5785 V FreeformContainer: [SmartPopupViewService] isSmartPopupViewTarget: com.android.systemui is not enabled
04-27 20:32:44.319  9209  9748 I NotificationPipeline: Processing new notification: -1|com.android.systemui|2131428972|charging_state|10054
04-27 20:32:44.319  9209  9748 W Notification4Heart_NB: NotificationBridgeCallback.onNotificationPosted-Ignored package : [-1] com.android.systemui
04-27 20:32:44.321  6323  6323 I Launcher.NotificationListener: onNotificationPosted : com.android.systemui number : 0
04-27 20:32:44.333  5878  5878 D PluginAODManager: onNotificationInfoUpdated() 0
04-27 20:32:44.334  5878  5878 I AODNotificationManager: updateVisibleNotifications: 0
04-27 20:32:44.334  5878  5878 I a       : updateStatusBarNotifications: open
04-27 20:32:44.334  5878  5878 I a       : updateStatusBarNotifications: open
04-27 20:32:44.511  5878  5878 D BubblesManager: onEntryUpdated : shouldBubbleUp=false ,key=-1|com.android.systemui|2131428972|charging_state|10054
04-27 20:32:44.566  5878  5878 I FaceWidgetPositionAlgorithm: getClockContainerHeight() supplier = 270, bottom margin = 0, real height = 333
04-27 20:32:44.568  5878  5878 I FaceWidgetPositionAlgorithm: getClockContainerHeight() supplier = 270, bottom margin = 63, real height = 333
04-27 20:32:44.568  5878  5878 I FaceWidgetPositionAlgorithm: getMediaContainerHeight() height = 0 container Visibility = 8, isValid = false, mIsDozing = false, fraction = 1.0, source = 0, target = 0
04-27 20:32:44.569  5878  5878 I FaceWidgetPositionAlgorithm: getMediaContainerHeight() supplier = 0
04-27 20:32:44.573  5429  5429 D SemWifiP2pGoPowerSave: GopsReceiver : received : com.samsung.intent.action.CHECK_SIOP_LEVEL
04-27 20:32:44.574  5429  5429 I SemWifiP2pGoPowerSave: siop_level = -1
04-27 20:32:44.574 11589 11751 I SystemBroadcastReceiver: [#CMH#] onReceive completed :  1
04-27 20:32:44.575 11589 11589 I PolicyManager: [#CMH#] onReceive action = EVENT_SIOP
04-27 20:32:44.597  5878  5878 D PluginAODManager: onNotificationInfoUpdated() 0
04-27 20:32:44.598  5878  5878 I AODNotificationManager: updateVisibleNotifications: 0
04-27 20:32:44.599  5878  5878 I a       : updateStatusBarNotifications: open
04-27 20:32:44.599  5878  5878 I a       : updateStatusBarNotifications: open
04-27 20:32:44.648  5878  5878 I FaceWidgetPositionAlgorithm: getClockContainerHeight() supplier = 270, bottom margin = 0, real height = 333
04-27 20:32:44.648  5878  5878 I FaceWidgetPositionAlgorithm: getClockContainerHeight() supplier = 270, bottom margin = 63, real height = 333
04-27 20:32:44.649  5878  5878 I FaceWidgetPositionAlgorithm: getMediaContainerHeight() height = 0 container Visibility = 8, isValid = false, mIsDozing = false, fraction = 1.0, source = 0, target = 0
04-27 20:32:44.649  5878  5878 I FaceWidgetPositionAlgorithm: getMediaContainerHeight() supplier = 0
04-27 20:32:44.718  5878  5878 I FaceWidgetPositionAlgorithm: getClockContainerHeight() supplier = 270, bottom margin = 0, real height = 333
04-27 20:32:44.719  5878  5878 I FaceWidgetPositionAlgorithm: getClockContainerHeight() supplier = 270, bottom margin = 63, real height = 333
04-27 20:32:44.719  5878  5878 I FaceWidgetPositionAlgorithm: getMediaContainerHeight() height = 0 container Visibility = 8, isValid = false, mIsDozing = false, fraction = 1.0, source = 0, target = 0
04-27 20:32:44.719  5878  5878 I FaceWidgetPositionAlgorithm: getMediaContainerHeight() supplier = 0
04-27 20:32:44.724  5878  5878 D PluginAODManager: onNotificationInfoUpdated() 0
04-27 20:32:44.724  5878  5878 I AODNotificationManager: updateVisibleNotifications: 0
04-27 20:32:44.724  5878  5878 I a       : updateStatusBarNotifications: open
04-27 20:32:44.724  5878  5878 I a       : updateStatusBarNotifications: open
04-27 20:32:46.397  5429  7411 D SemWifiUsabilityStatsMonitor: onWifiUsabilityStats - seqNum 4126, isSameBssidAndFreq true
04-27 20:32:46.402  5429  5717 I SemWifiLinkQualityMonitor: Link Qos Query: 0.111 ms / 72.000 Mbps (72 / 0.000 / 1.000)
04-27 20:32:46.403  5878  5878 D NetworkController.WifiSignalController: notifyListener: visible=true, connected=true, inetCondition=1, isDefault=true, wifiTestReported=true, receivedInetCondition=-1, hideDuringMobileSwitching=false
04-27 20:32:46.407  5878  6043 D Tile.WifiTile: handleUpdateState isTransient=false transientEnabling =false cb.isTransient=false state.state = 2 mStateBeforeClick.value =false enabled =true
04-27 20:32:46.582 11589 11769 I PolicyManager: [#CMH#] Is foreground game app: false
04-27 20:32:46.678  5429  5665 D ConnectivityService: reportNetworkActive, notify 0 listeners
04-27 20:32:48.758 19664 19868 I nightwatch-target: monitor resources last 600 iteration: 300695 msec
04-27 20:32:49.094  5878  5878 D SecPowerUI.Notification: showChargingNotice oldChargingType : 11 / currentChargingType : 11, oldChargingTime : 2347000 / mChargingTime : 2347000
04-27 20:32:49.095  5878  5878 D SecPowerUI.Notification: There is no change about charging status, so return!
04-27 20:32:49.417  5429  7411 D SemWifiUsabilityStatsMonitor: onWifiUsabilityStats - seqNum 4127, isSameBssidAndFreq true
04-27 20:32:49.420  5429  5717 I SemWifiLinkQualityMonitor: Link Qos Query: 0.167 ms / 48.000 Mbps (72 / 0.000 / 1.500)
04-27 20:32:49.472  5429  5705 I ChimeraAggressivePolicyHandler: executePolicy() - triggerSource: TRIGGER_SOURCE_LMKD
04-27 20:32:49.473  5429  5705 I ChimeraAggressivePolicyHandler: available memory: 901256, free memory target: 870400, quit chimera
04-27 20:32:50.013 26164 26187 W _benchmark.test: Suspending all threads took: 7.884ms
04-27 20:32:50.654  5040  5080 I HYPER-HAL: [RequestManager.cpp]releaseLocked(): Released ID : 35730835
04-27 20:32:50.661  5040  5080 I HYPER-HAL: [RequestManager.cpp]releaseLocked(): Released ID : 35713928
04-27 20:32:51.475 26164 26187 D Benchmark: allocationCount[ 0:10]: 8872443 8872431 8872442 8872441 8872458
04-27 20:32:51.476 26164 26187 D Benchmark: Set 26187 (Bench thread) to priority -8. Was -20, now -8
04-27 20:32:51.476 26164 26187 D Benchmark: Set 26172 (Jit) to priority 9. Was -15, now 9
04-27 20:32:51.476 26164 26187 D Benchmark: Warmup: t=8.234, iter=30, fastAvg=276529152, slowAvg=385288992
04-27 20:32:51.476 26164 26187 I PerfettoCapture: Stopping perfetto.
04-27 20:32:51.521  4092  4092 I perfetto:    perfetto_cmd.cc:1168 SIGINT/SIGTERM received: disabling tracing.
04-27 20:32:51.523 26164 26187 D Benchmark: kill -TERM command output -
04-27 20:32:51.533  5130  5130 I perfetto:  probes_producer.cc:396 Producer stop (id=189)
04-27 20:32:51.536  5130  5130 I perfetto:    ftrace_procfs.cc:342 disabled ftrace in /sys/kernel/tracing/
04-27 20:32:51.593  4389  4389 I hwservicemanager: getTransport: Cannot find entry android.hardware.atrace@1.0::IAtraceDevice/default in either framework or device VINTF manifest.
04-27 20:32:51.600  5130  5130 I perfetto:  probes_producer.cc:396 Producer stop (id=190)
04-27 20:32:51.601  5130  5130 I perfetto:  probes_producer.cc:396 Producer stop (id=191)
04-27 20:32:51.702  4092  4092 I perfetto:    perfetto_cmd.cc:1124 Trace written into the output file
04-27 20:32:51.740  5131  5131 I perfetto: ng_service_impl.cc:2426 Tracing session 48 ended, total sessions:0
04-27 20:32:52.163 26164 26187 D Benchmark: Waiting 500 ms for [ProcessPid(processName=perfetto, pid=4092)] to die
04-27 20:32:52.283 26164 26187 I PerfettoCapture: Writing to /storage/emulated/0/Android/data/org.jetbrains.android_benchmark.test/cache/Wolf3dBenchmark_valueFloat_2023-04-27-18-32-51.perfetto-trace.
04-27 20:32:52.451  5429  7411 D SemWifiUsabilityStatsMonitor: onWifiUsabilityStats - seqNum 4128, isSameBssidAndFreq true
04-27 20:32:52.455  5429  5717 I SemWifiLinkQualityMonitor: Link Qos Query: 0.167 ms / 48.000 Mbps (72 / 0.000 / 1.500)
04-27 20:32:52.561  5429  5923 D TrafficStats: tagSocket(901) with statsTag=0xffffffff, statsUid=-1
04-27 20:32:52.567  5429  5923 D TrafficStats: tagSocket(907) with statsTag=0xffffffff, statsUid=-1
04-27 20:32:52.769  5429  5923 D WifiConnectivityMonitor.DnsThread:  [|208] []
04-27 20:32:52.770  5429  5738 D WifiConnectivityMonitor.NetworkStatsAnalyzer: DNS resultType : 0, responseTime : 208
04-27 20:32:52.770  5429  5736 D OpenNetworkQos[4.00]: updateBssidLatestDnsResultType - result: 0
04-27 20:32:52.770  5429  5736 D OpenNetworkQos[4.00]: updateBssidNoInternet: mBssidNoInternet = false
04-27 20:32:52.770  5429  5736 D OpenNetworkQos[4.00]: getOpenNetworkQosNoInternetStatus: false
04-27 20:32:52.771  5429  5736 D OpenNetworkQos[4.00]: getOpenNetworkQosScores: 26 25 0
04-27 20:32:52.771  5429  5736 I WifiProfileShare: network QoS data was changed (internet), updateQoSData networkType: true, qosData: false
04-27 20:32:52.772  5429  7167 V WifiProfileShare.Caster: update wips network, size: 0
04-27 20:32:52.772  5429  7167 D WifiProfileShare: nearby scanning settings run
04-27 20:32:52.772  5429  7167 D WifiProfileShare: network score provider settings enabled
04-27 20:32:52.772  5429  7167 D OpenNetworkQos[4.00]: getOpenNetworkQosScores: 26 25 0
04-27 20:32:52.772  5429  7167 D OpenNetworkQos[4.00]: getOpenNetworkQosNoInternetStatus: false
04-27 20:32:52.772  5429  7167 I WifiProfileShare.Caster: current network type: 0, score: [26, 25, 0]
04-27 20:32:52.773  5429  7167 V WifiProfileShare.Cache: update network score 0c:8d:db:**:**:7d
04-27 20:32:52.774  5429  7167 D WifiProfileShare.ScanMatcher: getMcfDataList size:20
04-27 20:32:52.776  5429  7167 I WifiProfileShare.Caster: qos data was updated , before:type:QOS, pBssid:e8:51:71, qosData:78 after:type:QOS, pBssid:e8:51:71, qosData:78
04-27 20:32:52.778  5429  7167 I [MCFSDK_android_1.2.4010]_4_b: isNetworkEnabled - type : 1 ret : true
04-27 20:32:52.778  5429  7167 D WifiProfileShare.McfCast: -ME--- mIsNetworkEnabled :true
04-27 20:32:52.778  5429  7167 D WifiProfileShare.McfCast: updateQoSData ignored, same contents
04-27 20:32:52.778  5429  7167 D WifiProfileShare.MCF: success update QosData !
04-27 20:32:52.781  5429  7167 I [MCFSDK_android_1.2.4010]_4_b: isNetworkEnabled - type : 1 ret : true
04-27 20:32:52.781  5429  7167 D WifiProfileShare.McfCast: -ME--- mIsNetworkEnabled :true
04-27 20:32:52.781  5429  7167 D WifiProfileShare.McfCast: -ME--- updatePasswordDate pwdData size:20
04-27 20:32:52.821 26164 26187 D Benchmark: Copying /storage/emulated/0/Android/data/org.jetbrains.android_benchmark.test/cache/Wolf3dBenchmark_valueFloat_2023-04-27-18-32-51.perfetto-trace to /sdcard/Android/media/org.jetbrains.android_benchmark.test/additional_test_output/Wolf3dBenchmark_valueFloat_2023-04-27-18-32-51.perfetto-trace
04-27 20:32:52.856  8350  3109 W MediaProvider: isAppCloneUserPair for user 0: false
04-27 20:32:52.995  5429  6416 D SyncManager: userId - 0 auto - true
04-27 20:32:53.126  5429  5488 W libprocessgroup: Failed to open /dev/blkio//cgroup.procs: No such file or directory
04-27 20:32:53.128  5429  5488 W libprocessgroup: Failed to open /dev/blkio//cgroup.procs: No such file or directory
04-27 20:32:53.150  6734 28907 I NetworkScheduler.Stats: Task com.google.android.gms/com.google.android.gms.ipa.base.IpaGcmTaskService started execution. cause:9 exec_start_elapsed_seconds: 29913 [CONTEXT service_id=218 ]
04-27 20:32:53.174  6734  3468 I NetworkScheduler.Stats: Task com.google.android.gms/com.google.android.gms.ipa.base.IpaGcmTaskService finished executing. cause:9 result: 1 elapsed_millis: 59 uptime_millis: 58 exec_start_elapsed_seconds: 29913 [CONTEXT service_id=218 ]
04-27 20:32:53.191  6734  6734 D BoundBrokerSvc: onBind: Intent { act=com.google.android.gms.scheduler.ACTION_PROXY_SCHEDULE dat=chimera-action:/... cmp=com.google.android.gms/.chimera.PersistentApiService }
04-27 20:32:53.192  6734  6734 D BoundBrokerSvc: Loading bound service for intent: Intent { act=com.google.android.gms.scheduler.ACTION_PROXY_SCHEDULE dat=chimera-action:/... cmp=com.google.android.gms/.chimera.PersistentApiService }
04-27 20:32:53.441  8350  8651 I FuseDaemon: Threshold exceeded - fadvising 67190784
04-27 20:32:53.441  8350  8651 I FuseDaemon: Threshold now 0
04-27 20:32:53.498  5429  5488 W libprocessgroup: Failed to open /dev/blkio//cgroup.procs: No such file or directory
04-27 20:32:53.528 26084 26084 I SCS@AiSearch user 0: (ObserverWorker::AOSP_MP) [main] entering in startWork():
04-27 20:32:53.528 26084 26084 I SCS@AiSearch user 0: (BaseCollector::AOSP_MP) [main] entering in onChange():
04-27 20:32:53.530 26084 26142 I SCS@AiSearch user 0: (BaseCollector::AOSP_MP) [AOSP_MP-0] entering in collectChanges():
04-27 20:32:53.537 26164 26187 I Benchmark: Wolf3dBenchmark.valueFloat[Metric (timeNs) results: median 2.708624035E8, min 2.52868384E8, max 2.90395846E8, standardDeviation: 9105529.563692564, Metric (allocationCount) results: median 8872442.0, min 8872431.0, max 8872458.0, standardDeviation: 9.669539802906858]count=1
04-27 20:32:53.545 26164 26187 D Benchmark: writing results to /storage/emulated/0/Android/data/org.jetbrains.android_benchmark.test/cache/org.jetbrains.android_benchmark.test-benchmarkData.json
04-27 20:32:53.567 26164 26187 D Benchmark: Copying /storage/emulated/0/Android/data/org.jetbrains.android_benchmark.test/cache/org.jetbrains.android_benchmark.test-benchmarkData.json to /sdcard/Android/media/org.jetbrains.android_benchmark.test/additional_test_output/org.jetbrains.android_benchmark.test-benchmarkData.json
04-27 20:32:53.644  5429  6416 D PackageManager: setEnabledSetting : userId = 0 packageName = com.samsung.android.scs cmp = androidx.work.impl.background.systemalarm.RescheduleReceiver newState = 1 callingPackage = 10380/com.samsung.android.scs
04-27 20:32:53.647  5429  6416 D ApplicationPolicy: getApplicationStateEnabled : pkg = com.samsung.android.scs userId : 0
04-27 20:32:53.647 26084 26142 I SCS@AiSearch user 0: (BaseCollector::AOSP_MP) fetchInternal values : maxSyncId: 1000008086 indexCount: 1705 sourceCount: 1705
04-27 20:32:53.648  5429  6416 D ApplicationPolicy: getApplicationComponentState : pkg = com.samsung.android.scs userId : 0
04-27 20:32:53.658  5429  6416 D SyncManager: userId - 0 auto - true
04-27 20:32:53.658  8350  5932 I MediaProvider: Deleted 1 0 0 0 0 0 0 items on external_primary due to org.jetbrains.android_benchmark.test
04-27 20:32:53.682  8350  1076 W MediaProvider: isAppCloneUserPair for user 0: false
04-27 20:32:53.728  5429  6416 D SyncManager: userId - 0 auto - true
04-27 20:32:53.729 26164 26187 I TestRunner: finished: valueFloat(org.jetbrains.android_benchmark.Wolf3dBenchmark)
