04-09 23:05:24.799  6284  6284 D BubblesManager: onRankingUpdate : shouldBubbleUp=false ,pkg=ru.mail.mailapp ,key=0|ru.mail.mailapp|1291137120|zhelenskiy@mail.ru|10221
04-09 23:05:24.800  6284  6284 D InterruptionStateProvider: Group alert behavior is suppressed but we want to alert bubble
04-09 23:05:24.800  6284  6284 D BubblesManager: onRankingUpdate : shouldBubbleUp=false ,pkg=ru.mail.mailapp ,key=0|ru.mail.mailapp|406243825|zhelenskiy@mail.ru|10221
04-09 23:05:24.800  6284  6284 D BubblesManager: onRankingUpdate : shouldBubbleUp=false ,pkg=android ,key=0|android|38|AccountManagerService:38:-904454848:838749127:10427|1000
04-09 23:05:24.801  6284  6284 D InterruptionStateProvider: Group alert behavior is suppressed but we want to alert bubble
04-09 23:05:24.801  6284  6284 D BubblesManager: onRankingUpdate : shouldBubbleUp=false ,pkg=com.google.android.googlequicksearchbox ,key=0|com.google.android.googlequicksearchbox|0|-1997195081::SUMMARY::wx|10233
04-09 23:05:24.802  6284  6284 D BubblesManager: onRankingUpdate : shouldBubbleUp=false ,pkg=com.google.android.googlequicksearchbox ,key=0|com.google.android.googlequicksearchbox|0|-1997195081::a:snotification:[0x394,wx.f,NOTIFICATION]|10233
04-09 23:05:24.803  6284  6284 D BubblesManager: onRankingUpdate : shouldBubbleUp=false ,pkg=android ,key=-1|android|27|null|1000
04-09 23:05:24.803  6284  6284 D BubblesManager: onRankingUpdate : shouldBubbleUp=false ,pkg=com.android.systemui ,key=-1|com.android.systemui|2131428959|charging_state|10054
04-09 23:05:24.804  6284  6315 D Bubbles : onRankingUpdated : isActiveOrInOverflow= false , mTmpRanking.canBubble()= false ,isActive= false ,shouldBubbleUp= false ,mTmpRanking.isBubble()= false
04-09 23:05:24.804  6284  6315 D Bubbles : onRankingUpdated : isActiveOrInOverflow= false , mTmpRanking.canBubble()= false ,isActive= false ,shouldBubbleUp= false ,mTmpRanking.isBubble()= false
04-09 23:05:24.805  6284  6315 D Bubbles : onRankingUpdated : isActiveOrInOverflow= false , mTmpRanking.canBubble()= false ,isActive= false ,shouldBubbleUp= false ,mTmpRanking.isBubble()= false
04-09 23:05:24.805  6284  6315 D Bubbles : onRankingUpdated : isActiveOrInOverflow= false , mTmpRanking.canBubble()= false ,isActive= false ,shouldBubbleUp= false ,mTmpRanking.isBubble()= false
04-09 23:05:24.805  6284  6315 D Bubbles : onRankingUpdated : isActiveOrInOverflow= false , mTmpRanking.canBubble()= false ,isActive= false ,shouldBubbleUp= false ,mTmpRanking.isBubble()= false
04-09 23:05:24.805  6284  6315 D Bubbles : onRankingUpdated : isActiveOrInOverflow= false , mTmpRanking.canBubble()= false ,isActive= false ,shouldBubbleUp= false ,mTmpRanking.isBubble()= false
04-09 23:05:24.805  6284  6315 D Bubbles : onRankingUpdated : isActiveOrInOverflow= false , mTmpRanking.canBubble()= false ,isActive= false ,shouldBubbleUp= false ,mTmpRanking.isBubble()= false
04-09 23:05:24.805  6284  6315 D Bubbles : onRankingUpdated : isActiveOrInOverflow= false , mTmpRanking.canBubble()= false ,isActive= false ,shouldBubbleUp= false ,mTmpRanking.isBubble()= false
04-09 23:05:24.805  6284  6315 D Bubbles : onRankingUpdated : isActiveOrInOverflow= false , mTmpRanking.canBubble()= false ,isActive= false ,shouldBubbleUp= false ,mTmpRanking.isBubble()= false
04-09 23:05:24.805  6284  6315 D Bubbles : onRankingUpdated : isActiveOrInOverflow= false , mTmpRanking.canBubble()= false ,isActive= false ,shouldBubbleUp= false ,mTmpRanking.isBubble()= false
04-09 23:05:24.805  6284  6315 D Bubbles : onRankingUpdated : isActiveOrInOverflow= false , mTmpRanking.canBubble()= false ,isActive= false ,shouldBubbleUp= false ,mTmpRanking.isBubble()= false
04-09 23:05:24.806  6284  6315 D Bubbles : onRankingUpdated : isActiveOrInOverflow= false , mTmpRanking.canBubble()= false ,isActive= false ,shouldBubbleUp= false ,mTmpRanking.isBubble()= false
04-09 23:05:24.806  6284  6315 D Bubbles : onRankingUpdated : isActiveOrInOverflow= false , mTmpRanking.canBubble()= false ,isActive= false ,shouldBubbleUp= false ,mTmpRanking.isBubble()= false
04-09 23:05:24.806  6284  6315 D Bubbles : onRankingUpdated : isActiveOrInOverflow= false , mTmpRanking.canBubble()= false ,isActive= false ,shouldBubbleUp= false ,mTmpRanking.isBubble()= false
04-09 23:05:24.996  6284  6284 D BubblesManager: onEntryUpdated : shouldBubbleUp=false ,key=-1|com.android.systemui|2131428959|charging_state|10054
04-09 23:05:25.066  6284  6284 I FaceWidgetPositionAlgorithm: getMediaContainerHeight() height = 0 container Visibility = 8, isValid = false, mIsDozing = false, fraction = 1.0, source = 0, target = 0
04-09 23:05:25.066  6284  6284 I FaceWidgetPositionAlgorithm: getMediaContainerHeight() supplier = 0
04-09 23:05:25.106  6284  6284 I FaceWidgetPositionAlgorithm: getMediaContainerHeight() height = 0 container Visibility = 8, isValid = false, mIsDozing = false, fraction = 1.0, source = 0, target = 0
04-09 23:05:25.106  6284  6284 I FaceWidgetPositionAlgorithm: getMediaContainerHeight() supplier = 0
04-09 23:05:25.137  6284  6284 I FaceWidgetPositionAlgorithm: getMediaContainerHeight() height = 0 container Visibility = 8, isValid = false, mIsDozing = false, fraction = 1.0, source = 0, target = 0
04-09 23:05:25.137  6284  6284 I FaceWidgetPositionAlgorithm: getMediaContainerHeight() supplier = 0
04-09 23:05:25.313  5249  5249 E audit   : type=1400 audit(1681074325.306:863): avc:  denied  { getattr } for  pid=5665 comm="BinderProcsColl" path="/sys/kernel/debug/binder/proc/5665" dev="debugfs" ino=28451 scontext=u:r:system_server:s0 tcontext=u:object_r:sec_debugfs:s0 tclass=file permissive=0 SEPF_SM-A515F_13_0001 audit_filtered
04-09 23:05:25.313  5249  5249 E audit   : type=1300 audit(1681074325.306:863): arch=c00000b7 syscall=79 success=no exit=-13 a0=ffffff9c a1=72ede30ea0 a2=721cf9b680 a3=0 items=0 ppid=5274 pid=5665 auid=4294967295 uid=1000 gid=1000 euid=1000 suid=1000 fsuid=1000 egid=1000 sgid=1000 fsgid=1000 tty=(none) ses=4294967295 comm="BinderProcsColl" exe="/system/bin/app_process64" subj=u:r:system_server:s0 key=(null)
04-09 23:05:25.313  5249  5249 E audit   : type=1327 audit(1681074325.306:863): proctitle="system_server"
04-09 23:05:25.436  7623 25804 D ConnectivityManager: StackLog: [android.net.ConnectivityManager.reportNetworkConnectivity(ConnectivityManager.java:3390)] [anpu.i(:com.google.android.gms@231115044@23.11.15 (190400-520109968):0)] [anpi.run(:com.google.android.gms@231115044@23.11.15 (190400-520109968):57)] [anqi.run(:com.google.android.gms@231115044@23.11.15 (190400-520109968):2)] [dapd.run(:com.google.android.gms@231115044@23.11.15 (190400-520109968):2)] [abbj.c(:com.google.android.gms@231115044@23.11.15 (190400-520109968):6)] [abbj.run(:com.google.android.gms@231115044@23.11.15 (190400-520109968):7)] [java.util.concurrent.ThreadPoolExecutor.runWorker(ThreadPoolExecutor.java:1137)] [java.util.concurrent.ThreadPoolExecutor$Worker.run(ThreadPoolExecutor.java:637)] [abgp.run(:com.google.android.gms@231115044@23.11.15 (190400-520109968):0)] [java.lang.Thread.run(Thread.java:1012)]
04-09 23:05:25.439  7623 25804 I AlarmManager: setExactAndAllowWhileIdle [name: GCM_HB_ALARM type: 2 triggerAtMillis: 3063981]
04-09 23:05:25.441 18903 18903 I BadgeCountReceiver: badge intent : Intent { act=android.intent.action.BADGE_COUNT_UPDATE flg=0x1000010 cmp=com.sec.android.provider.badge/.BadgeCountReceiver (has extras) }
04-09 23:05:25.441 18903 18903 I BadgeCountReceiver: packageName: org.telegram.messenger, className: org.telegram.messenger.NoxIcon, count: 1
04-09 23:05:25.446  6837  6837 I BadgeCountUpdaterImpl: onChange
04-09 23:05:25.451  6837  6837 I BadgeCountUpdaterImpl: onChange
04-09 23:05:25.453 18903 19542 I BadgeProvider: query, [selection] : package=?
04-09 23:05:25.454 18903 18903 I BadgeProvider: sendNotify entered. [uri] : content://com.sec.badge/apps
04-09 23:05:25.454 18903 18903 I BadgeProvider: sendNotify, [notify] : null
04-09 23:05:25.457 18903 18903 I BadgeProvider: update, getCallingPackage() : com.sec.android.provider.badge
04-09 23:05:25.457 18903 18903 I BadgeProvider: update, [uri] : content://com.sec.badge/apps
04-09 23:05:25.457 18903 18903 I BadgeProvider: update, [uri.query] : null
04-09 23:05:25.457 18903 18903 I BadgeProvider: update, [BadgeCount] : badgecount=1
04-09 23:05:25.457 18903 18903 I BadgeProvider: update, [UpdateCount] : 1
04-09 23:05:25.461 18903 19542 E DatabaseUtils: Writing exception to parcel
04-09 23:05:25.461 18903 19542 E DatabaseUtils: java.lang.SecurityException: Permission Denial: writing com.sec.android.provider.badge.BadgeProvider uri content://com.sec.badge/apps?notify=true from pid=25321, uid=10268 requires com.sec.android.provider.badge.permission.WRITE, or grantUriPermission()
04-09 23:05:25.461 18903 19542 E DatabaseUtils: 	at android.content.ContentProvider.enforceWritePermissionInner(ContentProvider.java:1025)
04-09 23:05:25.461 18903 19542 E DatabaseUtils: 	at android.content.ContentProvider.semEnforceWritePermission(ContentProvider.java:951)
04-09 23:05:25.461 18903 19542 E DatabaseUtils: 	at android.content.ContentProvider$Transport.enforceWritePermission(ContentProvider.java:730)
04-09 23:05:25.461 18903 19542 E DatabaseUtils: 	at android.content.ContentProvider$Transport.update(ContentProvider.java:462)
04-09 23:05:25.461 18903 19542 E DatabaseUtils: 	at android.content.ContentProviderNative.onTransact(ContentProviderNative.java:231)
04-09 23:05:25.461 18903 19542 E DatabaseUtils: 	at android.os.Binder.execTransactInternal(Binder.java:1321)
04-09 23:05:25.461 18903 19542 E DatabaseUtils: 	at android.os.Binder.execTransact(Binder.java:1280)
04-09 23:05:25.463  7623 25804 E GmsTaskScheduler: sendWakeUpEvent called on SchedulerClientBroadcastStrategy
04-09 23:05:25.471 18903 19542 I BadgeProvider: query, [selection] : package=?
04-09 23:05:25.471  7623 26106 I AlarmManager: setExactAndAllowWhileIdle [name: FcmRetry type: 2 triggerAtMillis: 2344011]
04-09 23:05:25.476 18903 18903 I BadgeCountReceiver: badge intent : Intent { act=android.intent.action.BADGE_COUNT_UPDATE flg=0x1000010 cmp=com.sec.android.provider.badge/.BadgeCountReceiver (has extras) }
04-09 23:05:25.476 18903 18903 I BadgeCountReceiver: packageName: org.telegram.messenger, className: org.telegram.messenger.NoxIcon, count: 0
04-09 23:05:25.479 18903 19542 E DatabaseUtils: Writing exception to parcel
04-09 23:05:25.479 18903 19542 E DatabaseUtils: java.lang.SecurityException: Permission Denial: writing com.sec.android.provider.badge.BadgeProvider uri content://com.sec.badge/apps?notify=true from pid=25321, uid=10268 requires com.sec.android.provider.badge.permission.WRITE, or grantUriPermission()
04-09 23:05:25.479 18903 19542 E DatabaseUtils: 	at android.content.ContentProvider.enforceWritePermissionInner(ContentProvider.java:1025)
04-09 23:05:25.479 18903 19542 E DatabaseUtils: 	at android.content.ContentProvider.semEnforceWritePermission(ContentProvider.java:951)
04-09 23:05:25.479 18903 19542 E DatabaseUtils: 	at android.content.ContentProvider$Transport.enforceWritePermission(ContentProvider.java:730)
04-09 23:05:25.479 18903 19542 E DatabaseUtils: 	at android.content.ContentProvider$Transport.update(ContentProvider.java:462)
04-09 23:05:25.479 18903 19542 E DatabaseUtils: 	at android.content.ContentProviderNative.onTransact(ContentProviderNative.java:231)
04-09 23:05:25.479 18903 19542 E DatabaseUtils: 	at android.os.Binder.execTransactInternal(Binder.java:1321)
04-09 23:05:25.479 18903 19542 E DatabaseUtils: 	at android.os.Binder.execTransact(Binder.java:1280)
04-09 23:05:25.481  6837  6837 I BadgeCountUpdaterImpl: onChange
04-09 23:05:25.488  5665  5741 W libprocessgroup: Failed to open /dev/blkio//cgroup.procs: No such file or directory
04-09 23:05:25.491 18903 18903 I BadgeProvider: sendNotify entered. [uri] : content://com.sec.badge/apps
04-09 23:05:25.492 18903 18903 I BadgeProvider: sendNotify, [notify] : null
04-09 23:05:25.493  6837  6837 I BadgeCountUpdaterImpl: onChange
04-09 23:05:25.493 18903 18903 I BadgeProvider: update, getCallingPackage() : com.sec.android.provider.badge
04-09 23:05:25.493 18903 18903 I BadgeProvider: update, [uri] : content://com.sec.badge/apps
04-09 23:05:25.494 18903 18903 I BadgeProvider: update, [uri.query] : null
04-09 23:05:25.494 18903 18903 I BadgeProvider: update, [BadgeCount] : badgecount=0
04-09 23:05:25.494  5665  5741 W libprocessgroup: Failed to open /dev/blkio//cgroup.procs: No such file or directory
04-09 23:05:25.494 18903 18903 I BadgeProvider: update, [UpdateCount] : 1
04-09 23:05:25.512  5665  5741 W libprocessgroup: Failed to open /dev/blkio//cgroup.procs: No such file or directory
04-09 23:05:25.694  6837  7268 I BadgeCountUpdaterImpl: reload badge without refresh
04-09 23:05:25.700  5665  5741 W libprocessgroup: Failed to open /dev/blkio//cgroup.procs: No such file or directory
04-09 23:05:25.729 18903 18920 I BadgeProvider: query, [selection] : null
04-09 23:05:25.735  6837  7268 I BadgeCache: update cache : com.vkontakte.android user : UserHandle{0}  count : 7
04-09 23:05:25.735  6837  7268 I BadgeCache: add to cache : com.vk.imuser : UserHandle{0}  count : 1
04-09 23:05:25.736  6837  7268 I BadgeCache: update cache : com.vkontakte.android user : UserHandle{0}  count : 0
04-09 23:05:25.736  6837  7268 I BadgeCache: add to cache : com.vkontakte.androiduser : UserHandle{0}  count : 1
04-09 23:05:25.736  6837  7268 I BadgeCache: add to cache : org.telegram.messengeruser : UserHandle{0}  count : 1
04-09 23:05:25.736  6837  7268 I BadgeCache: update cache : org.telegram.messenger user : UserHandle{0}  count : 0
04-09 23:05:25.736  6837  7268 I BadgeCache: update cache : com.vk.im user : UserHandle{0}  count : 0
04-09 23:05:25.741  6837  7268 I BadgeCache: reloadBadge size : 3
04-09 23:05:26.120  6284  6373 D MobileStatusTracker(1/2): onDataActivity: direction=3
04-09 23:05:26.127  6284  6373 D MobileSignalController(1/2): notifyListener: enabled=true, connected=true, dataConnected=true, networkType=LTE/LTE_CA (4G+), emergencyOnly=false, roaming=false, isDefault=true, dataActivity=inout, level=2, ca=true, mmWave=false, disabledDataIcon=false, simCard=ETC
04-09 23:05:29.226  6284  6373 D MobileStatusTracker(1/2): onDataActivity: direction=0
04-09 23:05:29.231  6284  6373 D MobileSignalController(1/2): notifyListener: enabled=true, connected=true, dataConnected=true, networkType=LTE/LTE_CA (4G+), emergencyOnly=false, roaming=false, isDefault=true, dataActivity=, level=2, ca=true, mmWave=false, disabledDataIcon=false, simCard=ETC
04-09 23:05:29.576  6284  6284 D SecPowerUI.Notification: showChargingNotice oldChargingType : 11 currentChargingType : 11 oldChargingTime : 3265000 mChargingTime : 3265000
04-09 23:05:29.576  6284  6284 D SecPowerUI.Notification: There is no change about charging status, so return!
04-09 23:05:31.060  6284  6373 D MobileStatusTracker(1/2): onSignalStrengthsChanged level=3, vendorLevel=2
04-09 23:05:31.067  6284  6373 D MobileSignalController(1/2): notifyListener: enabled=true, connected=true, dataConnected=true, networkType=LTE/LTE_CA (4G+), emergencyOnly=false, roaming=false, isDefault=true, dataActivity=, level=2, ca=true, mmWave=false, disabledDataIcon=false, simCard=ETC
04-09 23:05:31.079  6284  6373 D NetworkController: SignalStrength from intent slotId=1
04-09 23:05:31.313  6213  6323 I TelephonyProvider: D/TelephonyProvider: subIdString = 2 subId = 2
04-09 23:05:31.358  5665  6036 D ConnectivityService: notifyType CALLBACK_CAP_CHANGED for [100 CELLULAR]
04-09 23:05:31.365  6213  6323 I TelephonyProvider: D/TelephonyProvider: subIdString = 2 subId = 2
04-09 23:05:31.405  5665  6036 D ConnectivityService: notifyType CALLBACK_CAP_CHANGED for [101 CELLULAR]
04-09 23:05:31.409  6678  6864 I PdnController<1>: onCapabilitiesChanged: network 101 networkCapabilities [ Transports: CELLULAR Capabilities: IMS&NOT_METERED&TRUSTED&NOT_VPN&VALIDATED&NOT_ROAMING&FOREGROUND&NOT_CONGESTED&NOT_SUSPENDED&NOT_VCN_MANAGED LinkUpBandwidth>=15000Kbps LinkDnBandwidth>=17781Kbps Specifier: <TelephonyNetworkSpecifier [mSubId = 2]> SubscriptionIds: {2} UnderlyingNetworks: Null]
04-09 23:05:31.418 10220 11595 E Connection4Heart: ProxyManager.requestSetNetworkSuspended() : watch is not connected
04-09 23:05:32.916  6284  6373 D MobileStatusTracker(0/1): onSignalStrengthsChanged level=3, vendorLevel=2
04-09 23:05:32.925  6284  6373 D MobileSignalController(0/1): notifyListener: enabled=true, connected=true, dataConnected=false, networkType=LTE (4G), emergencyOnly=false, roaming=true, isDefault=true, dataActivity=, level=2, ca=false, mmWave=false, disabledDataIcon=false, simCard=ETC
04-09 23:05:32.925  6284  6373 D NetworkController: SignalStrength from intent slotId=0
04-09 23:05:33.341  6284  6373 D MobileStatusTracker(1/2): onDataActivity: direction=3
04-09 23:05:33.348  6284  6373 D MobileSignalController(1/2): notifyListener: enabled=true, connected=true, dataConnected=true, networkType=LTE/LTE_CA (4G+), emergencyOnly=false, roaming=false, isDefault=true, dataActivity=inout, level=2, ca=true, mmWave=false, disabledDataIcon=false, simCard=ETC
04-09 23:05:33.555  7973 26368 I GmscoreIpa: Starting mediastore instant index [CONTEXT service_id=255 ]
04-09 23:05:34.576  5312  5312 E sehhealth-service: Could not open /sys/class/power_supply/battery/lrp
04-09 23:05:34.581  5665  5665 D PhoneWindowManagerExt: ACTION_BATTERY_CHANGED - Level=62, status=2
04-09 23:05:34.583  5665  5861 D MotionRecognitionService: [SAR]  onReceive : ACTION_BATTERY_CHANGED, Plugged: 2
04-09 23:05:34.595  5665  5665 D SemWifiApBroadcastReceiver: Received : android.intent.action.BATTERY_CHANGED
04-09 23:05:34.596  6213  6213 D SemBigDataInfoController: Intent: android.intent.action.BATTERY_CHANGED
04-09 23:05:34.598  6213  6213 D SemBigDataInfoController: Intent: android.intent.action.BATTERY_CHANGED
04-09 23:05:34.600  6284  6284 I PowerUI : mBootCompleted = true |  mFullyConnected = true
04-09 23:05:34.601  6284  6284 W PowerUI : Plug reason
04-09 23:05:34.601  6284  6284 W PowerUI : Skip charging animation - by plug status
04-09 23:05:34.601  6284  6284 D PowerUI : priorPlugType = 2 mPlugType = 2 priorBatteryStatus = 2 mBatteryStatus = 2
04-09 23:05:34.601  6284  6284 W PowerUI : Plug reason
04-09 23:05:34.602  6284  6284 W PowerUI : Skip charging sound - by plug status
04-09 23:05:34.602  6284  6284 I PowerUI : oldMisalign : false, curMisalign : false
04-09 23:05:34.602  6284 12502 D SecPowerUI.Notification: dismissing low battery warning: level=62
04-09 23:05:34.602  6284 12502 D SecPowerUI.Notification: updateNotification mWarning=false mPlaySound=false
04-09 23:05:34.602  6284 12502 D SecPowerUI.Notification: SecBatteryStatsSnapshot{batteryLevel=62, currentBatteryMode=0, chargingTime=3265000, chargingType=11, batteryHealth=2, automaticTestMode=false, isHiccupState=false}
04-09 23:05:34.605  6284 12502 D SecPowerUI.Notification: 1. restoreScreenTimeOut - saved_value : :
04-09 23:05:34.605  6284 12502 E SecPowerUI.Notification: no saved value, so we do nothing !!
04-09 23:05:34.606  6284  6284 D SecPowerUI.Notification: showChargingNotice oldChargingType : 11 currentChargingType : 11 oldChargingTime : 3265000 mChargingTime : 3262000
04-09 23:05:34.606  6284  6284 D SecPowerUI.Notification: showChargingNotification()
04-09 23:05:34.606  6284  6284 D SecPowerUI.Notification: SecBatteryStatsSnapshot{batteryLevel=62, currentBatteryMode=0, chargingTime=3262000, chargingType=11, batteryHealth=2, automaticTestMode=false, isHiccupState=false}
04-09 23:05:34.607  6284  6284 D PowerUi.ChargingNotification: showChargingNotification()
04-09 23:05:34.611  6284  6284 D PowerUi.ChargingNotification: showChargingNotification()
04-09 23:05:34.622  5665  8502 D ApplicationPolicy: isStatusBarNotificationAllowedAsUser: packageName = com.android.systemui,userId = 0
04-09 23:05:34.622  5665  8502 D ApplicationPolicy: isStatusBarNotificationAllowedAsUser: packageName = com.android.systemui,userId = -1
04-09 23:05:34.622  5665  8502 D ApplicationPolicy: isStatusBarNotificationAllowedAsUser: converting userId from USER_ALLto 0
04-09 23:05:34.623  6284  6284 D PowerUI : Battery swelling mode - priorBatterySwellingMode = 0 mBatterySwellingMode = 0 mBatteryStatus = 2
04-09 23:05:34.624  6284  6284 I PowerUI : mBatteryMiscEvent = 65536
04-09 23:05:34.624  6284  6284 D SamsungBatteryMeterDrawable: onBatteryLevelChanged isSomethingChanged: false
04-09 23:05:34.625  6284  6284 D SamsungBatteryMeterDrawable: onBatteryLevelChanged isSomethingChanged: false
04-09 23:05:34.625  6284  6284 D SamsungBatteryMeterDrawable: onBatteryLevelChanged isSomethingChanged: false
04-09 23:05:34.625  6284  6284 D SamsungBatteryMeterDrawable: onBatteryLevelChanged isSomethingChanged: false
04-09 23:05:34.626  6284  6284 D KeyguardUpdateMonitor: received broadcast android.intent.action.BATTERY_CHANGED
04-09 23:05:34.626  6284  6284 I AODBatteryManager: updateBatteryData: ACTION_BATTERY_CHANGED
04-09 23:05:34.628  6284  6284 I AODBatteryManager: saveBatteryData : AOD BatteryData [mBatteryLevel=62, mBatteryStatus=CHARGING, mBatteryPlugType=USB, mBatteryPlugged=true, mRemainingChargeTime=3262000, mBatteryChargingType=2, mBatteryChargerType=FAST, mBatteryOnline=NOT_DEFINED, mBatterySwellingMode=NONE, mBatteryProtectMode=false]
04-09 23:05:34.628  6284  6284 I ChargingInfoManager: updateChargingInfo: newState = AOD ChargingInfo [mState=BATTERY_AND_REMAIN_TIME, mIsCharging=true, mIsFullyCharged=false, mIsBatteryProtectMode=false], oldState = AOD ChargingInfo [mState=BATTERY_AND_REMAIN_TIME, mIsCharging=true, mIsFullyCharged=false, mIsBatteryProtectMode=false]
04-09 23:05:34.628  6284  6284 D KeyguardUpdateMonitor: handleBatteryUpdate
04-09 23:05:34.633  6284  6284 D KeyguardSecIndicationController: addIndicationTimeout() returned - unlocking
04-09 23:05:34.633  6284  6284 D KeyguardSecIndicationController: addIndication() returned - unlocking
04-09 23:05:34.633  6284  6284 D KeyguardSecIndicationController: addBatteryAndOwnerInfoIndication() battery status = BatteryStatus{status=2,level=62,plugged=2,health=2,maxChargingWattage=-1,remaining=3262000ultraFastCharger=1}
04-09 23:05:34.839  6210  6210 I FreeformContainer: [SmartPopupViewService] onNotificationPosted: StatusBarNotification(pkg=com.android.systemui user=UserHandle{-1} id=2131428959 tag=charging_state key=-1|com.android.systemui|2131428959|charging_state|10054: Notification(channel=CHR shortcut=null contentView=null vibrate=null sound=null defaults=0x0 flags=0xa color=0xff8b94ab category=sys groupKey=CHARGING vis=PUBLIC semFlags=0x0 semPriority=0 semMissedCount=0))
04-09 23:05:34.840  6210  6210 V FreeformContainer: [SmartPopupViewService] isSmartPopupViewTarget: com.android.systemui is not enabled
04-09 23:05:34.842  6284  6284 D BubblesManager: onRankingUpdate : shouldBubbleUp=false ,pkg=android ,key=-1|android|34|NetworkPolicy:945656281:34|1000
04-09 23:05:34.843  6284  6284 D BubblesManager: onRankingUpdate : shouldBubbleUp=false ,pkg=com.kms.free ,key=0|com.kms.free|42|null|10299
04-09 23:05:34.843  6284  6284 D BubblesManager: onRankingUpdate : shouldBubbleUp=false ,pkg=com.sec.android.app.shealth ,key=0|com.sec.android.app.shealth|105|null|10256
04-09 23:05:34.843  6284  6284 D BubblesManager: onRankingUpdate : shouldBubbleUp=false ,pkg=com.kms.free ,key=0|com.kms.free|1|null|10299
04-09 23:05:34.843  6284  6284 D BubblesManager: onRankingUpdate : shouldBubbleUp=false ,pkg=mrigapps.andriod.breakfree.deux ,key=0|mrigapps.andriod.breakfree.deux|2|null|10506
04-09 23:05:34.844  6284  6284 D BubblesManager: onRankingUpdate : shouldBubbleUp=false ,pkg=com.android.providers.downloads ,key=0|com.android.providers.downloads|0|3:1244|10068
04-09 23:05:34.844  6284  6284 D BubblesManager: onRankingUpdate : shouldBubbleUp=false ,pkg=ru.mail.mailapp ,key=0|ru.mail.mailapp|1073741824|zhelenskiy@mail.ru|10221
04-09 23:05:34.844  6284  6284 D InterruptionStateProvider: Group alert behavior is suppressed but we want to alert bubble
04-09 23:05:34.845  6284  6284 D BubblesManager: onRankingUpdate : shouldBubbleUp=false ,pkg=ru.mail.mailapp ,key=0|ru.mail.mailapp|1291137120|zhelenskiy@mail.ru|10221
04-09 23:05:34.845  6284  6284 D InterruptionStateProvider: Group alert behavior is suppressed but we want to alert bubble
04-09 23:05:34.845  6284  6284 D BubblesManager: onRankingUpdate : shouldBubbleUp=false ,pkg=ru.mail.mailapp ,key=0|ru.mail.mailapp|406243825|zhelenskiy@mail.ru|10221
04-09 23:05:34.845  6284  6284 D BubblesManager: onRankingUpdate : shouldBubbleUp=false ,pkg=android ,key=0|android|38|AccountManagerService:38:-904454848:838749127:10427|1000
04-09 23:05:34.846  6284  6284 D InterruptionStateProvider: Group alert behavior is suppressed but we want to alert bubble
04-09 23:05:34.846  6284  6284 D BubblesManager: onRankingUpdate : shouldBubbleUp=false ,pkg=com.google.android.googlequicksearchbox ,key=0|com.google.android.googlequicksearchbox|0|-1997195081::SUMMARY::wx|10233
04-09 23:05:34.846  6284  6284 D BubblesManager: onRankingUpdate : shouldBubbleUp=false ,pkg=com.google.android.googlequicksearchbox ,key=0|com.google.android.googlequicksearchbox|0|-1997195081::a:snotification:[0x394,wx.f,NOTIFICATION]|10233
04-09 23:05:34.846  6284  6284 D BubblesManager: onRankingUpdate : shouldBubbleUp=false ,pkg=android ,key=-1|android|27|null|1000
04-09 23:05:34.847  6284  6284 D BubblesManager: onRankingUpdate : shouldBubbleUp=false ,pkg=com.android.systemui ,key=-1|com.android.systemui|2131428959|charging_state|10054
04-09 23:05:34.847  6837  6837 I Launcher.NotificationListener: onNotificationPosted : com.android.systemui number : 0
04-09 23:05:34.847  6284  6315 D Bubbles : onRankingUpdated : isActiveOrInOverflow= false , mTmpRanking.canBubble()= false ,isActive= false ,shouldBubbleUp= false ,mTmpRanking.isBubble()= false
04-09 23:05:34.848  6284  6315 D Bubbles : onRankingUpdated : isActiveOrInOverflow= false , mTmpRanking.canBubble()= false ,isActive= false ,shouldBubbleUp= false ,mTmpRanking.isBubble()= false
04-09 23:05:34.848  6284  6315 D Bubbles : onRankingUpdated : isActiveOrInOverflow= false , mTmpRanking.canBubble()= false ,isActive= false ,shouldBubbleUp= false ,mTmpRanking.isBubble()= false
04-09 23:05:34.848  6284  6315 D Bubbles : onRankingUpdated : isActiveOrInOverflow= false , mTmpRanking.canBubble()= false ,isActive= false ,shouldBubbleUp= false ,mTmpRanking.isBubble()= false
04-09 23:05:34.848  6284  6315 D Bubbles : onRankingUpdated : isActiveOrInOverflow= false , mTmpRanking.canBubble()= false ,isActive= false ,shouldBubbleUp= false ,mTmpRanking.isBubble()= false
04-09 23:05:34.848  6284  6315 D Bubbles : onRankingUpdated : isActiveOrInOverflow= false , mTmpRanking.canBubble()= false ,isActive= false ,shouldBubbleUp= false ,mTmpRanking.isBubble()= false
04-09 23:05:34.848  6284  6315 D Bubbles : onRankingUpdated : isActiveOrInOverflow= false , mTmpRanking.canBubble()= false ,isActive= false ,shouldBubbleUp= false ,mTmpRanking.isBubble()= false
04-09 23:05:34.854  9619 10534 I NotificationPipeline: Processing new notification: -1|com.android.systemui|2131428959|charging_state|10054
04-09 23:05:34.854  9619 10534 E Notification4Heart_NB: WatchFactory.getWatch-lastConnectedNodeId is null
04-09 23:05:34.855  9619 10534 W Notification4Heart_NB: NotificationBridgeCallback.onNotificationPosted-never connected before
04-09 23:05:34.858  6284  6315 D Bubbles : onRankingUpdated : isActiveOrInOverflow= false , mTmpRanking.canBubble()= false ,isActive= false ,shouldBubbleUp= false ,mTmpRanking.isBubble()= false
04-09 23:05:34.858  6284  6315 D Bubbles : onRankingUpdated : isActiveOrInOverflow= false , mTmpRanking.canBubble()= false ,isActive= false ,shouldBubbleUp= false ,mTmpRanking.isBubble()= false
04-09 23:05:34.858  6284  6315 D Bubbles : onRankingUpdated : isActiveOrInOverflow= false , mTmpRanking.canBubble()= false ,isActive= false ,shouldBubbleUp= false ,mTmpRanking.isBubble()= false
04-09 23:05:34.858  6284  6315 D Bubbles : onRankingUpdated : isActiveOrInOverflow= false , mTmpRanking.canBubble()= false ,isActive= false ,shouldBubbleUp= false ,mTmpRanking.isBubble()= false
04-09 23:05:34.858  6284  6315 D Bubbles : onRankingUpdated : isActiveOrInOverflow= false , mTmpRanking.canBubble()= false ,isActive= false ,shouldBubbleUp= false ,mTmpRanking.isBubble()= false
04-09 23:05:34.858  6284  6315 D Bubbles : onRankingUpdated : isActiveOrInOverflow= false , mTmpRanking.canBubble()= false ,isActive= false ,shouldBubbleUp= false ,mTmpRanking.isBubble()= false
04-09 23:05:34.858  6284  6315 D Bubbles : onRankingUpdated : isActiveOrInOverflow= false , mTmpRanking.canBubble()= false ,isActive= false ,shouldBubbleUp= false ,mTmpRanking.isBubble()= false
04-09 23:05:34.883  6284  6373 D MobileStatusTracker(1/2): onSignalStrengthsChanged level=2, vendorLevel=2
04-09 23:05:34.895  6284  6373 D MobileSignalController(1/2): notifyListener: enabled=true, connected=true, dataConnected=true, networkType=LTE/LTE_CA (4G+), emergencyOnly=false, roaming=false, isDefault=true, dataActivity=inout, level=2, ca=true, mmWave=false, disabledDataIcon=false, simCard=ETC
04-09 23:05:34.896  6284  6373 D NetworkController: SignalStrength from intent slotId=1
04-09 23:05:35.043  6284  6284 D BubblesManager: onEntryUpdated : shouldBubbleUp=false ,key=-1|com.android.systemui|2131428959|charging_state|10054
04-09 23:05:35.089  6284  6284 I FaceWidgetPositionAlgorithm: getMediaContainerHeight() height = 0 container Visibility = 8, isValid = false, mIsDozing = false, fraction = 1.0, source = 0, target = 0
04-09 23:05:35.090  6284  6284 I FaceWidgetPositionAlgorithm: getMediaContainerHeight() supplier = 0
04-09 23:05:35.204  6284  6284 I FaceWidgetPositionAlgorithm: getMediaContainerHeight() height = 0 container Visibility = 8, isValid = false, mIsDozing = false, fraction = 1.0, source = 0, target = 0
04-09 23:05:35.204  6284  6284 I FaceWidgetPositionAlgorithm: getMediaContainerHeight() supplier = 0
04-09 23:05:35.251  6284  6284 I FaceWidgetPositionAlgorithm: getMediaContainerHeight() height = 0 container Visibility = 8, isValid = false, mIsDozing = false, fraction = 1.0, source = 0, target = 0
04-09 23:05:35.251  6284  6284 I FaceWidgetPositionAlgorithm: getMediaContainerHeight() supplier = 0
04-09 23:05:36.225  7623 26106 D ConnectivityManager: StackLog: [android.net.ConnectivityManager.reportNetworkConnectivity(ConnectivityManager.java:3390)] [anpu.i(:com.google.android.gms@231115044@23.11.15 (190400-520109968):0)] [anpi.run(:com.google.android.gms@231115044@23.11.15 (190400-520109968):57)] [anqi.run(:com.google.android.gms@231115044@23.11.15 (190400-520109968):2)] [dapd.run(:com.google.android.gms@231115044@23.11.15 (190400-520109968):2)] [abbj.c(:com.google.android.gms@231115044@23.11.15 (190400-520109968):6)] [abbj.run(:com.google.android.gms@231115044@23.11.15 (190400-520109968):7)] [java.util.concurrent.ThreadPoolExecutor.runWorker(ThreadPoolExecutor.java:1137)] [java.util.concurrent.ThreadPoolExecutor$Worker.run(ThreadPoolExecutor.java:637)] [abgp.run(:com.google.android.gms@231115044@23.11.15 (190400-520109968):0)] [java.lang.Thread.run(Thread.java:1012)]
04-09 23:05:36.229  7623 26106 I AlarmManager: setExactAndAllowWhileIdle [name: GCM_HB_ALARM type: 2 triggerAtMillis: 3074771]
04-09 23:05:36.250  7623 26106 E GmsTaskScheduler: sendWakeUpEvent called on SchedulerClientBroadcastStrategy
04-09 23:05:36.266  7623 25804 I AlarmManager: setExactAndAllowWhileIdle [name: FcmRetry type: 2 triggerAtMillis: 2354804]
04-09 23:05:36.278  7623 26106 E GmsTaskScheduler: sendWakeUpEvent called on SchedulerClientBroadcastStrategy
04-09 23:05:36.279  7623 26106 I AlarmManager: setExactAndAllowWhileIdle [name: GCM_HB_ALARM type: 2 triggerAtMillis: 3074821]
04-09 23:05:36.290  5665  5741 W libprocessgroup: Failed to open /dev/blkio//cgroup.procs: No such file or directory
04-09 23:05:36.323 18903 18903 I BadgeCountReceiver: badge intent : Intent { act=android.intent.action.BADGE_COUNT_UPDATE flg=0x1000010 cmp=com.sec.android.provider.badge/.BadgeCountReceiver (has extras) }
04-09 23:05:36.323 18903 18903 I BadgeCountReceiver: packageName: org.telegram.messenger, className: org.telegram.messenger.NoxIcon, count: 1
04-09 23:05:36.326  5665  5741 W libprocessgroup: Failed to open /dev/blkio//cgroup.procs: No such file or directory
04-09 23:05:36.336 18903 19542 I BadgeProvider: query, [selection] : package=?
04-09 23:05:36.345 18903 19542 E DatabaseUtils: Writing exception to parcel
04-09 23:05:36.345 18903 19542 E DatabaseUtils: java.lang.SecurityException: Permission Denial: writing com.sec.android.provider.badge.BadgeProvider uri content://com.sec.badge/apps?notify=true from pid=25321, uid=10268 requires com.sec.android.provider.badge.permission.WRITE, or grantUriPermission()
04-09 23:05:36.345 18903 19542 E DatabaseUtils: 	at android.content.ContentProvider.enforceWritePermissionInner(ContentProvider.java:1025)
04-09 23:05:36.345 18903 19542 E DatabaseUtils: 	at android.content.ContentProvider.semEnforceWritePermission(ContentProvider.java:951)
04-09 23:05:36.345 18903 19542 E DatabaseUtils: 	at android.content.ContentProvider$Transport.enforceWritePermission(ContentProvider.java:730)
04-09 23:05:36.345 18903 19542 E DatabaseUtils: 	at android.content.ContentProvider$Transport.update(ContentProvider.java:462)
04-09 23:05:36.345 18903 19542 E DatabaseUtils: 	at android.content.ContentProviderNative.onTransact(ContentProviderNative.java:231)
04-09 23:05:36.345 18903 19542 E DatabaseUtils: 	at android.os.Binder.execTransactInternal(Binder.java:1321)
04-09 23:05:36.345 18903 19542 E DatabaseUtils: 	at android.os.Binder.execTransact(Binder.java:1280)
04-09 23:05:36.347  6837  6837 I BadgeCountUpdaterImpl: onChange
04-09 23:05:36.352  6837  6837 I BadgeCountUpdaterImpl: onChange
04-09 23:05:36.354 18903 18903 I BadgeProvider: sendNotify entered. [uri] : content://com.sec.badge/apps
04-09 23:05:36.354 18903 18903 I BadgeProvider: sendNotify, [notify] : null
04-09 23:05:36.357 18903 18903 I BadgeProvider: update, getCallingPackage() : com.sec.android.provider.badge
04-09 23:05:36.357 18903 18903 I BadgeProvider: update, [uri] : content://com.sec.badge/apps
04-09 23:05:36.357 18903 18903 I BadgeProvider: update, [uri.query] : null
04-09 23:05:36.357 18903 18903 I BadgeProvider: update, [BadgeCount] : badgecount=1
04-09 23:05:36.357 18903 18903 I BadgeProvider: update, [UpdateCount] : 1
04-09 23:05:36.363 18903 18920 I BadgeProvider: query, [selection] : package=?
04-09 23:05:36.369 18903 18920 E DatabaseUtils: Writing exception to parcel
04-09 23:05:36.369 18903 18920 E DatabaseUtils: java.lang.SecurityException: Permission Denial: writing com.sec.android.provider.badge.BadgeProvider uri content://com.sec.badge/apps?notify=true from pid=25321, uid=10268 requires com.sec.android.provider.badge.permission.WRITE, or grantUriPermission()
04-09 23:05:36.369 18903 18920 E DatabaseUtils: 	at android.content.ContentProvider.enforceWritePermissionInner(ContentProvider.java:1025)
04-09 23:05:36.369 18903 18920 E DatabaseUtils: 	at android.content.ContentProvider.semEnforceWritePermission(ContentProvider.java:951)
04-09 23:05:36.369 18903 18920 E DatabaseUtils: 	at android.content.ContentProvider$Transport.enforceWritePermission(ContentProvider.java:730)
04-09 23:05:36.369 18903 18920 E DatabaseUtils: 	at android.content.ContentProvider$Transport.update(ContentProvider.java:462)
04-09 23:05:36.369 18903 18920 E DatabaseUtils: 	at android.content.ContentProviderNative.onTransact(ContentProviderNative.java:231)
04-09 23:05:36.369 18903 18920 E DatabaseUtils: 	at android.os.Binder.execTransactInternal(Binder.java:1321)
04-09 23:05:36.369 18903 18920 E DatabaseUtils: 	at android.os.Binder.execTransact(Binder.java:1280)
04-09 23:05:36.371 18903 18903 I BadgeCountReceiver: badge intent : Intent { act=android.intent.action.BADGE_COUNT_UPDATE flg=0x1000010 cmp=com.sec.android.provider.badge/.BadgeCountReceiver (has extras) }
04-09 23:05:36.372 18903 18903 I BadgeCountReceiver: packageName: org.telegram.messenger, className: org.telegram.messenger.NoxIcon, count: 0
04-09 23:05:36.378  6837  6837 I BadgeCountUpdaterImpl: onChange
04-09 23:05:36.381  6837  6837 I BadgeCountUpdaterImpl: onChange
04-09 23:05:36.382 18903 18903 I BadgeProvider: sendNotify entered. [uri] : content://com.sec.badge/apps
04-09 23:05:36.383 18903 18903 I BadgeProvider: sendNotify, [notify] : null
04-09 23:05:36.385 18903 18903 I BadgeProvider: update, getCallingPackage() : com.sec.android.provider.badge
04-09 23:05:36.385 18903 18903 I BadgeProvider: update, [uri] : content://com.sec.badge/apps
04-09 23:05:36.385 18903 18903 I BadgeProvider: update, [uri.query] : null
04-09 23:05:36.385 18903 18903 I BadgeProvider: update, [BadgeCount] : badgecount=0
04-09 23:05:36.385 18903 18903 I BadgeProvider: update, [UpdateCount] : 1
04-09 23:05:36.429  6213  6323 I TelephonyProvider: D/TelephonyProvider: subIdString = 2 subId = 2
04-09 23:05:36.452  5665  6036 D ConnectivityService: notifyType CALLBACK_CAP_CHANGED for [100 CELLULAR]
04-09 23:05:36.452  6213  6323 I TelephonyProvider: D/TelephonyProvider: subIdString = 2 subId = 2
04-09 23:05:36.491 10220 11595 E Connection4Heart: ProxyManager.requestSetNetworkSuspended() : watch is not connected
04-09 23:05:36.497  5665  6036 D ConnectivityService: notifyType CALLBACK_CAP_CHANGED for [101 CELLULAR]
04-09 23:05:36.501  6678  6864 I PdnController<1>: onCapabilitiesChanged: network 101 networkCapabilities [ Transports: CELLULAR Capabilities: IMS&NOT_METERED&TRUSTED&NOT_VPN&VALIDATED&NOT_ROAMING&FOREGROUND&NOT_CONGESTED&NOT_SUSPENDED&NOT_VCN_MANAGED LinkUpBandwidth>=15000Kbps LinkDnBandwidth>=19873Kbps Specifier: <TelephonyNetworkSpecifier [mSubId = 2]> SubscriptionIds: {2} UnderlyingNetworks: Null]
04-09 23:05:36.583  6837  7268 I BadgeCountUpdaterImpl: reload badge without refresh
04-09 23:05:36.594  5665  5741 W libprocessgroup: Failed to open /dev/blkio//cgroup.procs: No such file or directory
04-09 23:05:36.603 18903 19542 I BadgeProvider: query, [selection] : null
04-09 23:05:36.611  6837  7268 I BadgeCache: update cache : com.vkontakte.android user : UserHandle{0}  count : 7
04-09 23:05:36.611  6837  7268 I BadgeCache: add to cache : com.vk.imuser : UserHandle{0}  count : 1
04-09 23:05:36.611  6837  7268 I BadgeCache: update cache : com.vkontakte.android user : UserHandle{0}  count : 0
04-09 23:05:36.611  6837  7268 I BadgeCache: add to cache : com.vkontakte.androiduser : UserHandle{0}  count : 1
04-09 23:05:36.611  6837  7268 I BadgeCache: add to cache : org.telegram.messengeruser : UserHandle{0}  count : 1
04-09 23:05:36.612  6837  7268 I BadgeCache: update cache : org.telegram.messenger user : UserHandle{0}  count : 0
04-09 23:05:36.612  6837  7268 I BadgeCache: update cache : com.vk.im user : UserHandle{0}  count : 0
04-09 23:05:36.619  6837  7268 I BadgeCache: reloadBadge size : 3
04-09 23:05:37.434  6284  6373 D MobileStatusTracker(1/2): onDataActivity: direction=0
04-09 23:05:37.437  6284  6373 D MobileSignalController(1/2): notifyListener: enabled=true, connected=true, dataConnected=true, networkType=LTE/LTE_CA (4G+), emergencyOnly=false, roaming=false, isDefault=true, dataActivity=, level=2, ca=true, mmWave=false, disabledDataIcon=false, simCard=ETC
04-09 23:05:37.942 18903 18903 I BadgeCountReceiver: badge intent : Intent { act=android.intent.action.BADGE_COUNT_UPDATE flg=0x1000010 cmp=com.sec.android.provider.badge/.BadgeCountReceiver (has extras) }
04-09 23:05:37.942 18903 18903 I BadgeCountReceiver: packageName: org.telegram.messenger, className: org.telegram.messenger.NoxIcon, count: 1
04-09 23:05:37.948  6837  6837 I BadgeCountUpdaterImpl: onChange
04-09 23:05:37.952 18903 18920 I BadgeProvider: query, [selection] : package=?
04-09 23:05:37.956  6837  6837 I BadgeCountUpdaterImpl: onChange
04-09 23:05:37.958 18903 18920 E DatabaseUtils: Writing exception to parcel
04-09 23:05:37.958 18903 18920 E DatabaseUtils: java.lang.SecurityException: Permission Denial: writing com.sec.android.provider.badge.BadgeProvider uri content://com.sec.badge/apps?notify=true from pid=25321, uid=10268 requires com.sec.android.provider.badge.permission.WRITE, or grantUriPermission()
04-09 23:05:37.958 18903 18920 E DatabaseUtils: 	at android.content.ContentProvider.enforceWritePermissionInner(ContentProvider.java:1025)
04-09 23:05:37.958 18903 18920 E DatabaseUtils: 	at android.content.ContentProvider.semEnforceWritePermission(ContentProvider.java:951)
04-09 23:05:37.958 18903 18920 E DatabaseUtils: 	at android.content.ContentProvider$Transport.enforceWritePermission(ContentProvider.java:730)
04-09 23:05:37.958 18903 18920 E DatabaseUtils: 	at android.content.ContentProvider$Transport.update(ContentProvider.java:462)
04-09 23:05:37.958 18903 18920 E DatabaseUtils: 	at android.content.ContentProviderNative.onTransact(ContentProviderNative.java:231)
04-09 23:05:37.958 18903 18920 E DatabaseUtils: 	at android.os.Binder.execTransactInternal(Binder.java:1321)
04-09 23:05:37.958 18903 18920 E DatabaseUtils: 	at android.os.Binder.execTransact(Binder.java:1280)
04-09 23:05:37.968 18903 18903 I BadgeProvider: sendNotify entered. [uri] : content://com.sec.badge/apps
04-09 23:05:37.968 18903 18903 I BadgeProvider: sendNotify, [notify] : null
04-09 23:05:37.969 18903 18903 I BadgeProvider: update, getCallingPackage() : com.sec.android.provider.badge
04-09 23:05:37.969 18903 18903 I BadgeProvider: update, [uri] : content://com.sec.badge/apps
04-09 23:05:37.970 18903 18903 I BadgeProvider: update, [uri.query] : null
04-09 23:05:37.970 18903 18903 I BadgeProvider: update, [BadgeCount] : badgecount=1
04-09 23:05:37.970 18903 18903 I BadgeProvider: update, [UpdateCount] : 1
04-09 23:05:38.157  6837  7268 I BadgeCountUpdaterImpl: reload badge without refresh
04-09 23:05:38.172 18903 18920 I BadgeProvider: query, [selection] : null
04-09 23:05:38.182  6837  7268 I BadgeCache: update cache : com.vkontakte.android user : UserHandle{0}  count : 7
04-09 23:05:38.182  6837  7268 I BadgeCache: add to cache : com.vk.imuser : UserHandle{0}  count : 1
04-09 23:05:38.183  6837  7268 I BadgeCache: update cache : com.vkontakte.android user : UserHandle{0}  count : 0
04-09 23:05:38.183  6837  7268 I BadgeCache: add to cache : com.vkontakte.androiduser : UserHandle{0}  count : 1
04-09 23:05:38.183  6837  7268 I BadgeCache: add to cache : org.telegram.messengeruser : UserHandle{0}  count : 1
04-09 23:05:38.183  6837  7268 I BadgeCache: update cache : org.telegram.messenger user : UserHandle{0}  count : 0
04-09 23:05:38.183  6837  7268 I BadgeCache: add to cache : org.telegram.messengeruser : UserHandle{0}  count : 1
04-09 23:05:38.183  6837  7268 I BadgeCache: update cache : com.vk.im user : UserHandle{0}  count : 0
04-09 23:05:38.191  6837  7268 I BadgeCache: reloadBadge size : 3
04-09 23:05:38.474  6284  6373 D MobileStatusTracker(1/2): onDataActivity: direction=3
04-09 23:05:38.478  6284  6373 D MobileSignalController(1/2): notifyListener: enabled=true, connected=true, dataConnected=true, networkType=LTE/LTE_CA (4G+), emergencyOnly=false, roaming=false, isDefault=true, dataActivity=inout, level=2, ca=true, mmWave=false, disabledDataIcon=false, simCard=ETC
04-09 23:05:39.109 25321 25535 W Notification: Bubbles work best with icons of TYPE_URI or TYPE_URI_ADAPTIVE_BITMAP. In the future, using an icon of this type will be required.
04-09 23:05:39.133  5665  8502 D ApplicationPolicy: isStatusBarNotificationAllowedAsUser: packageName = org.telegram.messenger,userId = 0
04-09 23:05:39.137  5665  8502 D ApplicationPolicy: isStatusBarNotificationAllowedAsUser: packageName = org.telegram.messenger,userId = 0
04-09 23:05:39.156  7076 10931 D androidtc: Initializing SystemTextClassifier, type = System
04-09 23:05:39.319  6284  6373 D MobileStatusTracker(0/1): onSignalStrengthsChanged level=2, vendorLevel=2
04-09 23:05:39.328  6284  6373 D MobileSignalController(0/1): notifyListener: enabled=true, connected=true, dataConnected=false, networkType=LTE (4G), emergencyOnly=false, roaming=true, isDefault=true, dataActivity=, level=2, ca=false, mmWave=false, disabledDataIcon=false, simCard=ETC
04-09 23:05:39.329  6284  6373 D NetworkController: SignalStrength from intent slotId=0
04-09 23:05:39.355  5665  5665 D MotionRecognitionService:   .registerCallback : 1, required_sensors=3, client=com.android.server.notification.EasyMuteController$1@621b28f
04-09 23:05:39.356  5665  5665 D MotionRecognitionService: Screen: On
04-09 23:05:39.356  5665  5665 D MotionRecognitionService: [getUsedSensorForEvents] sensors : Settings = 10000100100000010000000101
04-09 23:05:39.356  5665  5665 D MotionRecognitionService: [getUsedSensorForEvents] sensors for motion : 10011
04-09 23:05:39.357  5665  5665 V MotionRecognitionManager:   .registerListener : success. listener count = 0->1, motion_events=1, name :com.android.server.notification.EasyMuteController$1@621b28f
04-09 23:05:39.358  5665  5859 D MotionRecognitionService:   .isMotionEngineEnabled : true
04-09 23:05:39.358  5665  5859 D MotionRecognitionService:   .initializeMotionEngine
04-09 23:05:39.359  5665  5665 I AccessibilityManager: semStartFlashNotification notitype = msg, getOpPackageName = android, sbnPackageName = org.telegram.messenger
04-09 23:05:39.359  5665  5665 D AccessibilityManagerService: semStartFlashNotification
04-09 23:05:39.364  5665  5859 D MotionEngine: [MotionEngine]->Build Binary Type(user):0
04-09 23:05:39.364  5665  5859 D MotionEngine: [@@@ Motion Engine @@@] InitializeMotionManager.... GetNumberOfUsingPrimitive
04-09 23:05:39.364  5665  5859 D MotionEngine: [@@@ Motion Engine @@@] InitializeMotionManager ALL, DPS setting 2
04-09 23:05:39.365  5665  5665 I AccessibilityManagerService: semStartFlashNotificationInner() type=Default, pkgName=android, token=android.os.Binder@217c223, sbnPkgName=org.telegram.messenger, previewType=0
04-09 23:05:39.365  5665  5665 D AccessibilityManagerService: Can not use light notification
04-09 23:05:39.366  5297  5297 I SensorsHub: batch: handle=1 period=20000000 timeout=0
04-09 23:05:39.367  6284 26415 V MediaPlayer-JNI: native_setup
04-09 23:05:39.367  6284 26415 V MediaPlayerNative: constructor
04-09 23:05:39.368  5297  5297 I SensorsHub: activate: handle 1 enable 1
04-09 23:05:39.368  5297  5297 I SensorsHub: type : 1, enable : 1
04-09 23:05:39.369  5297  5297 I SensorsHub: batch: handle=4 period=20000000 timeout=0
04-09 23:05:39.369  6284 26415 V MediaPlayerNative: setListener
04-09 23:05:39.370  5297  5297 I SensorsHub: activate: handle 4 enable 1
04-09 23:05:39.370  5297  5297 I SensorsHub: type : 4, enable : 1
04-09 23:05:39.370  5665  5859 D SensorManager: registerListener :: 1601008243, Motion Sensor, 200000, 0, com.samsung.android.gesture.MotionRecognitionService$SensorListener@bcb6afa
04-09 23:05:39.371  5665  5859 D MotionRecognitionService: Acc/Gyro was enable by motion sensor  = 1
04-09 23:05:39.371  5665  5859 D MotionRecognitionService: Acc/Gyro was enable by motion sensor  = 2
04-09 23:05:39.371  5665  5859 D MotionRecognitionService: Motion, result = 1
04-09 23:05:39.372  5665  5859 D MotionRecognitionService: Motion, result = 1
04-09 23:05:39.372  5665  5859 D MotionRecognitionService: Settings updated : 10000100100000010000000101
04-09 23:05:39.372  5665  5859 I PalmMotion: [PALM] SURFACE_MOTION_ENGINE: 1 SURFACE_PALM_TOUCH: 1 PALM_TOUCH_TO_SLEEP: 0
04-09 23:05:39.373  5665  5859 I PalmMotion: [PALM] SURFACE_PALM_SWEEP: 1 Mobile Keyboard : 0
04-09 23:05:39.373  6284 26415 V MediaPlayer-JNI: setParameter: key 1400
04-09 23:05:39.373  5665  5859 D PalmMotion: [PALM] SETTINGS : [TOUCH: true] [SWEEP: true] [PalmScreenOff: false]
04-09 23:05:39.373  6284 26415 V MediaPlayerNative: MediaPlayer::setParameter(1400)
04-09 23:05:39.373  5665  5859 D PalmMotion: [PALM] ACCEPTED : [default] PALM_CNT : 1, M_TOUCH : 1000.0, M_SWEEP : 100.0, E_SWEEP : 2.0, IGNORE_M_SWEEP : false
04-09 23:05:39.373  5665  5859 E SensorManager: sensor or listener is null
04-09 23:05:39.374  5665  5811 D SensorService: MotionSensorEngine:: ACTUAL_GYRO : does not send event, cause gyro data not delivered yet.
04-09 23:05:39.384  6284  6284 D BubblesManager: onRankingUpdate : shouldBubbleUp=false ,pkg=null ,key=0|org.telegram.messenger|212076729|null|10268
04-09 23:05:39.384  6284  6284 D BubblesManager: onRankingUpdate : shouldBubbleUp=false ,pkg=android ,key=-1|android|34|NetworkPolicy:945656281:34|1000
04-09 23:05:39.385  6284  6284 D BubblesManager: onRankingUpdate : shouldBubbleUp=false ,pkg=com.kms.free ,key=0|com.kms.free|42|null|10299
04-09 23:05:39.386  6284  6284 D BubblesManager: onRankingUpdate : shouldBubbleUp=false ,pkg=com.sec.android.app.shealth ,key=0|com.sec.android.app.shealth|105|null|10256
04-09 23:05:39.387  6284  6284 D BubblesManager: onRankingUpdate : shouldBubbleUp=false ,pkg=com.kms.free ,key=0|com.kms.free|1|null|10299
04-09 23:05:39.387  6284  6284 D BubblesManager: onRankingUpdate : shouldBubbleUp=false ,pkg=mrigapps.andriod.breakfree.deux ,key=0|mrigapps.andriod.breakfree.deux|2|null|10506
04-09 23:05:39.387  6284  6284 D BubblesManager: onRankingUpdate : shouldBubbleUp=false ,pkg=com.android.providers.downloads ,key=0|com.android.providers.downloads|0|3:1244|10068
04-09 23:05:39.388  6284  6284 D BubblesManager: onRankingUpdate : shouldBubbleUp=false ,pkg=ru.mail.mailapp ,key=0|ru.mail.mailapp|1073741824|zhelenskiy@mail.ru|10221
04-09 23:05:39.391  6837  6837 I Launcher.NotificationListener: onNotificationPosted : org.telegram.messenger number : 1
04-09 23:05:39.391  6837  7268 I Launcher.NotificationListener: notificationIsValidForUI : org.telegram.messenger missingTitleAndText : false isGroupHeader : false
04-09 23:05:39.393  5325  8369 V APM_AudioPolicyManager: setAudioPolicyConfig: audioParam;l_smart_view_split_sound_enable=false
04-09 23:05:39.394  6284  6284 D InterruptionStateProvider: Group alert behavior is suppressed but we want to alert bubble
