04-09 22:53:01.000  5665  8770 V LocationManagerService: passive provider registration 1000/android[SensorNotificationService]/771E0F2D dropped delivery - too fast
04-09 22:53:01.003  5665  8770 V LocationManagerService: passive provider registration 10226/com.google.android.gms[fused_location_provider]/95FDCDFE dropped delivery - too fast
04-09 22:53:01.003  5665  8770 V LocationManagerService: passive provider registration 10226/com.google.android.gms[network_location_provider]/EA84DBB3 dropped delivery - too fast
04-09 22:53:01.003  5665  8770 V LocationManagerService: passive provider registration 1000/android[SLocationService]/AA848692 dropped delivery - too fast
04-09 22:53:01.004  5665  8770 V LocationManagerService: passive provider registration 5023/com.samsung.android.networkdiagnostic/4FDF9C6D dropped delivery - too fast
04-09 22:53:01.006  7623  7634 D BluetoothSocket: close() this: android.bluetooth.BluetoothSocket@4489654, channel: -1, mSocketIS: android.net.LocalSocketImpl$SocketInputStream@9adc9fd, mSocketOS: android.net.LocalSocketImpl$SocketOutputStream@93846f2, mSocket: null, mSocketState: CLOSED
04-09 22:53:01.007  5665  8770 V LocationManagerService: passive provider registration 1000/android[SensorNotificationService]/771E0F2D dropped delivery - too fast
04-09 22:53:01.008  5665  6515 D SLocation: ARDistanceBigData - BIGDATA ARD - receive location
04-09 22:53:01.008  5665  6515 D SLocation: ARDistanceBigData - BIGDATA ARD disabled, onReceiveLocation
04-09 22:53:01.008  5665  6515 D SLocation: GeopointGeofenceManager - Location reported : fix method = 2 / 15.777
04-09 22:53:01.009  5665  8770 V LocationManagerService: passive provider registration 5023/com.samsung.android.networkdiagnostic/4FDF9C6D dropped delivery - too fast
04-09 22:53:01.017  5665  6515 D SLocation: NLPManager - removeUpdates - NLP
04-09 22:53:01.018  5665  6515 D LocationManagerService: network provider removed registration from 1000/android[SLocationService]/DAA57E77
04-09 22:53:01.018  5665  6515 W Settings: Setting airplane_mode_on has moved from android.provider.Settings.System to android.provider.Settings.Global, returning read-only value.
04-09 22:53:01.018  7080  7224 E RequestManager_FLP: [LocationManager] Location remove DAA57E77 from system
04-09 22:53:01.020  7623  7634 D BluetoothSocket: close() this: android.bluetooth.BluetoothSocket@34a3065, channel: -1, mSocketIS: android.net.LocalSocketImpl$SocketInputStream@473913a, mSocketOS: android.net.LocalSocketImpl$SocketOutputStream@850b1eb, mSocket: null, mSocketState: CLOSED
04-09 22:53:01.021  7623  7634 D BluetoothSocket: close() this: android.bluetooth.BluetoothSocket@456a3d7, channel: -1, mSocketIS: android.net.LocalSocketImpl$SocketInputStream@e1974c4, mSocketOS: android.net.LocalSocketImpl$SocketOutputStream@6029fad, mSocket: null, mSocketState: CLOSED
04-09 22:53:01.023  7080  7224 I LocationRequestData_FLP: Remove in requestInfoList, DAA57E77 / ListSize[network]=1
04-09 22:53:01.031  5665  6515 D SLocation: ARDistanceLibManager - request distance diff to AR Distance Library
04-09 22:53:01.031  5665  6515 D SLocation: SLocationCoreSem - core is not running, skip command to sensorhub
04-09 22:53:01.031  5665  6515 D SLocation: PositionManager - onLocationChanged - filter passive location because it same active location
04-09 22:53:01.032  5665  6515 D SLocation: LocationProcessingAlgorithm - entry condition - dist : 4664.1777 padding : 0.0, accuracy : 15.777, provider : network, dir : 2
04-09 22:53:01.032  5665  6515 D SLocation: LocationProcessingAlgorithm - entry condition - dist : 3807521.0 padding : 0.0, accuracy : 15.777, provider : network, dir : 2
04-09 22:53:01.032  5665  6515 D SLocation: LocationProcessingAlgorithm - entry condition - dist : 90752.055 padding : 0.0, accuracy : 15.777, provider : network, dir : 2
04-09 22:53:01.032  5665  6515 D SLocation: LocationProcessingAlgorithm - entry condition - dist : 3807944.8 padding : 0.0, accuracy : 15.777, provider : network, dir : 2
04-09 22:53:01.032  5665  6515 D SLocation: LocationProcessingAlgorithm - entry condition - dist : 673.4296 padding : 0.0, accuracy : 15.777, provider : network, dir : 2
04-09 22:53:01.033  5665  6515 D SLocation: LocationProcessingAlgorithm - entry condition - dist : 1917385.2 padding : 0.0, accuracy : 15.777, provider : network, dir : 2
04-09 22:53:01.033  5665  6515 D SLocation: LocationProcessingAlgorithm - entry condition - dist : 13357.344 padding : 0.0, accuracy : 15.777, provider : network, dir : 2
04-09 22:53:01.033  5665  6515 D SLocation: LocationProcessingAlgorithm - entry condition - dist : 3807944.8 padding : 0.0, accuracy : 15.777, provider : network, dir : 2
04-09 22:53:01.033  5665  6515 D SLocation: LocationProcessingAlgorithm - entry condition - dist : 1801165.8 padding : 0.0, accuracy : 15.777, provider : network, dir : 2
04-09 22:53:01.033  5665  6515 D SLocation: LocationProcessingAlgorithm - entry condition - dist : 652.3448 padding : 0.0, accuracy : 15.777, provider : network, dir : 2
04-09 22:53:01.033  5665  6515 D SLocation: LocationProcessingAlgorithm - entry condition - dist : 10.600281 padding : 0.0, accuracy : 15.777, provider : network, dir : 1
04-09 22:53:01.034  7623 10953 D SensorManager: requestTrigger :: 17, Significant Motion, cvgk@46129a3
04-09 22:53:01.034  5665  6515 D SLocation: GeopointReceiver - send geopoint result - 1
04-09 22:53:01.036  5665  6515 D SLocation: LocationProcessingAlgorithm - entry condition - dist : 439.42657 padding : 0.0, accuracy : 15.777, provider : network, dir : 1
04-09 22:53:01.036  5665  6515 D SLocation: GeopointReceiver - send geopoint result - 1
04-09 22:53:01.035  5274  5274 D Zygote  : Forked child process 20877
04-09 22:53:01.043  7623 11499 W SystemServiceRegistry: No service published for: wifirtt
04-09 22:53:01.045  7623 13565 I GCoreUlr: Successfully inserted 2 locations
04-09 22:53:01.084 20877 20877 I tworkdiagnostic: Using CollectorTypeCC GC.
04-09 22:53:01.093 20877 20877 E tworkdiagnostic: Not starting debugger since process cannot load the jdwp agent.
04-09 22:53:01.094  6678  6983 I PhoneStateTracker<1>: onCellInfoChanged: ns=not null
04-09 22:53:01.094  6678  6983 I ImsCallSessionManager: onCellInfoChanged, phoneId: 1
04-09 22:53:01.095  6678  6983 I RegiMgr-Handler: handleMessage: EVENT_CELL_INFO_CHANGED
04-09 22:53:01.105 20877 20877 D ActivityThread: setConscryptValidator
04-09 22:53:01.105 20877 20877 D ActivityThread: setConscryptValidator - put
04-09 22:53:01.107  6678  6983 I RegiMgr<1>: updatePani RegisterTask[1][mProfile=Telenor Serbia IMS, mRegistrationRat=13, mPdnType=11, mState=REGISTERED, mObject=UserAgent - :
04-09 22:53:01.107  6678  6983 I RegiMgr<1>:  total records=57
04-09 22:53:01.107  6678  6983 I RegiMgr<1>:  rec[0]: time=04-09 22:42:51.248 processed=ReadyState org=RegisteredState dest=<null> what=34(0x22)
04-09 22:53:01.107  6678  6983 I RegiMgr<1>:  rec[1]: time=04-09 22:42:51.286 processed=RegisteredState org=RegisteredState dest=<null> what=2000(0x7d0)
04-09 22:53:01.107  6678  6983 I RegiMgr<1>:  rec[2]: time=04-09 22:44:13.037 processed=ReadyState org=RegisteredState dest=<null> what=34(0x22)
04-09 22:53:01.107  6678  6983 I RegiMgr<1>:  rec[3]: time=04-09 22:44:13.060 processed=RegisteredState org=RegisteredState dest=<null> what=2000(0x7d0)
04-09 22:53:01.107  6678  6983 I RegiMgr<1>:  rec[4]: time=04-09 22:44:52.359 processed=ReadyState org=RegisteredState dest=<null> what=34(0x22)
04-09 22:53:01.107  6678  6983 I RegiMgr<1>:  rec[5]: time=04-09 22:44:52.365 processed=RegisteredState org=RegisteredState dest=<null> what=2000(0x7d0)
04-09 22:53:01.107  6678  6983 I RegiMgr<1>:  rec[6]: time=04-09 22:46:18.930 processed=ReadyState org=RegisteredState dest=<null> what=34(0x22)
04-09 22:53:01.107  6678  6983 I RegiMgr<1>:  rec[7]: time=04-09 22:46:18.932 processed=RegisteredState org=RegisteredState dest=<null> what=2000(0x7d0)
04-09 22:53:01.107  6678  6983 I RegiMgr<1>:  rec[8]: time=04-09 22:47:50.434 processed=ReadyState org=RegisteredState dest=<null> what=34(0x22)
04-09 22:53:01.107  6678  6983 I RegiMgr<1>:  rec[9]: time=04-09 22:47:50.436 processed=RegisteredState org=RegisteredState dest=<null> what=2000(0x7d0)
04-09 22:53:01.107  6678  6983 I RegiMgr<1>:  rec[10]: time=04-09 22:47:54.298 processed=ReadyState org=RegisteredState dest=<null> what=34(0x22)
04-09 22:53:01.107  6678  6983 I RegiMgr<1>:  rec[11]: time=04-09 22:47:54.302 processed=RegisteredState org=RegisteredState dest=<null> what=2000(0x7d0)
04-09 22:53:01.107  6678  6983 I RegiMgr<1>:  rec[12]: time=04-09 22:47:57.596 processed=ReadyState org=RegisteredState dest=<null> what=34(0x22)
04-09 22:53:01.107  6678  6983 I RegiMgr<1>:  rec[13]: time=04-09 22:47:57.598 processed=RegisteredState org=RegisteredState dest=<null> what=2000(0x7d0)
04-09 22:53:01.107  6678  6983 I RegiMgr<1>:  rec[14]: time=04-09 22:48:06.531 processed=ReadyState org=RegisteredState dest=<null> what=34(0x22)
04-09 22:53:01.107  6678  6983 I RegiMgr<1>:  rec[15]: time=04-09 22:48:06.536 processed=RegisteredState org=RegisteredState dest=<null> what=2000(0x7d0)
04-09 22:53:01.107  6678  6983 I RegiMgr<1>:  rec[16]: time=04-09 22:51:25.235 processed=ReadyState org=RegisteredState dest=<null> what=34(0x22)
04-09 22:53:01.107  6678  6983 I RegiMgr<1>:  rec[17]: time=04-09 22:51:25.236 processed=RegisteredState org=RegisteredState dest=<null> what=2000(0x7d0)
04-09 22:53:01.107  6678  6983 I RegiMgr<1>:  rec[18]: time=04-09 22:52:57.704 processed=ReadyState org=RegisteredState dest=<null> what=34(0x22)
04-09 22:53:01.107  6678  6983 I RegiMgr<1>:  rec[19]: time=04-09 22:52:57.706 processed=RegisteredState org=RegisteredState dest=<null> what=2000(0x7d0)
04-09 22:53:01.107  6678  6983 I RegiMgr<1>: curState=RegisteredState
04-09 22:53:01.107  6678  6983 I RegiMgr<1>: , mReason=, mPcscfHostname=null, mDeregiReason=41]
04-09 22:53:01.109  6678  6983 I PaniGenerator<1>: generate: subId=2, network=13
04-09 22:53:01.109  6678  6983 I PaniGenerator<1>: generate: network=13, fallbackPlmn=22001
04-09 22:53:01.110  6678  6983 I PdnController<1>: getAllCellInfo mNeedCellLocationUpdate : false
04-09 22:53:01.110  6678  6983 I PaniGenerator: generate: change to NW PLMN(22001)
04-09 22:53:01.110  6678  6983 I PaniGenerator: setLkcForLastPani: No Last PANI header for Telenor Serbia IMS
04-09 22:53:01.111  6678  6983 I UserAgent<1>: updatePani: pani=3GPP-E-UTRAN-FDD;utran-cell-id-3gpp=220012b7301a3e03, updatePani: lastPani=
04-09 22:53:01.113  6678  7285 I StackIF : updatePani: 4101 pani: [3GPP-E-UTRAN-FDD;utran-cell-id-3gpp=220012b7301a3e03]
04-09 22:53:01.113  6678  7285 I SECIMSJ : [0038]> 140
04-09 22:53:01.114  6678  7294 I [IMS6.0]: IMS_onResponse()
04-09 22:53:01.114  6678  7294 I StackIF : processMessage 2
04-09 22:53:01.114  6678  7294 I StackIF : Processing Response
04-09 22:53:01.114  6678  7294 I SECIMSJ : [0038]< 600
04-09 22:53:01.114  6678  7294 I StackIF : processResponse: reqId 600
04-09 22:53:01.114  6678  7294 I StackIF : processResponse: handle 4101 result 0 reason 0
04-09 22:53:01.135 20877 20877 D CompatibilityChangeReporter: Compat change id reported: 171979766; UID 5023; state: ENABLED
04-09 22:53:01.148  7623 18992 I SemanticLocation: [Inferrer] IncrementalTimelineInferrer.predict() logs:
04-09 22:53:01.148  7623 18992 I SemanticLocation: Timeline Paths Enabled! Start Computing the timeline paths.
04-09 22:53:01.148  7623 18992 I SemanticLocation:
04-09 22:53:01.148  7623 18992 I SemanticLocation: [CONTEXT service_id=173 ]
04-09 22:53:01.415 20877 20877 I [ND]SurveyProvider: main | onCreate
04-09 22:53:01.437 20877 20877 I [ND]NetworkDiagnosticApplication: main | onCreate
04-09 22:53:01.494 20877 20877 I DIAGMON_SDK[605026]: SetConfiguration
04-09 22:53:01.495 20877 20877 I DIAGMON_SDK[605026]: generated SR object
04-09 22:53:01.544  5665  5685 D PackageManager: setEnabledSetting : userId = 0 packageName = com.samsung.android.networkdiagnostic cmp = androidx.work.impl.background.systemjob.SystemJobService newState = 1 callingPackage = 5023/com.samsung.android.networkdiagnostic
04-09 22:53:01.546  5665  5685 D ApplicationPolicy: getApplicationStateEnabled : pkg = com.samsung.android.networkdiagnostic userId : 0
04-09 22:53:01.548  5665  5685 D ApplicationPolicy: getApplicationComponentState : pkg = com.samsung.android.networkdiagnostic userId : 0
04-09 22:53:01.615 20877 20907 I SQLiteConnection: /data/user/0/com.samsung.android.networkdiagnostic/no_backup/androidx.work.workdb-wal 1048576 bytes: Bigger than 1048576; truncating
04-09 22:53:01.631 20877 20877 I [ND]NetworkDiagnosticReceiver: main | onReceive: sec.intent.action.networkdiagnostic.LOCATION_UPDATED
04-09 22:53:01.631 20877 20877 I [ND]NetworkDiagnosticReceiver: main | onReceive: Bundle[mParcelledData.dataSize=232]
04-09 22:53:01.669  5665  7155 W LocationManagerService: onFreezeStateChanged, uid[10221]=false
04-09 22:53:01.671  6634  7445 W BtGatt.GattService: unfreezeScan() - No AppScanStats found with uid: 10221
04-09 22:53:01.692  5665  5739 I libprocessgroup: Successfully killed process cgroup uid 10221 pid 12905 in 22ms
04-09 22:53:01.806  5312  5312 E sehhealth-service: Could not open /sys/class/power_supply/battery/lrp
04-09 22:53:01.812  5665  5861 D MotionRecognitionService: [SAR]  onReceive : ACTION_BATTERY_CHANGED, Plugged: 2
04-09 22:53:01.817  6213  6213 D SemBigDataInfoController: Intent: android.intent.action.BATTERY_CHANGED
04-09 22:53:01.813  5665  5665 D PhoneWindowManagerExt: ACTION_BATTERY_CHANGED - Level=55, status=2
04-09 22:53:01.818  6213  6213 D SemBigDataInfoController: Intent: android.intent.action.BATTERY_CHANGED
04-09 22:53:01.821  6284  6284 I PowerUI : mBootCompleted = true |  mFullyConnected = true
04-09 22:53:01.821  6284  6284 W PowerUI : Plug reason
04-09 22:53:01.821  6284  6284 W PowerUI : Skip charging animation - by plug status
04-09 22:53:01.822  6284  6284 D PowerUI : priorPlugType = 2 mPlugType = 2 priorBatteryStatus = 2 mBatteryStatus = 2
04-09 22:53:01.822  6284  6284 W PowerUI : Plug reason
04-09 22:53:01.822  6284  6284 W PowerUI : Skip charging sound - by plug status
04-09 22:53:01.822  6284  6284 I PowerUI : oldMisalign : false, curMisalign : false
04-09 22:53:01.823  6284 11242 D SecPowerUI.Notification: dismissing low battery warning: level=55
04-09 22:53:01.823  6284 11242 D SecPowerUI.Notification: updateNotification mWarning=false mPlaySound=false
04-09 22:53:01.823  6284 11242 D SecPowerUI.Notification: SecBatteryStatsSnapshot{batteryLevel=55, currentBatteryMode=0, chargingTime=3661000, chargingType=11, batteryHealth=2, automaticTestMode=false, isHiccupState=false}
04-09 22:53:01.826  6284  6284 D SecPowerUI.Notification: showChargingNotice oldChargingType : 11 currentChargingType : 11 oldChargingTime : 3661000 mChargingTime : 3654000
04-09 22:53:01.827  6284  6284 D SecPowerUI.Notification: showChargingNotification()
04-09 22:53:01.827  6284  6284 D SecPowerUI.Notification: SecBatteryStatsSnapshot{batteryLevel=55, currentBatteryMode=0, chargingTime=3654000, chargingType=11, batteryHealth=2, automaticTestMode=false, isHiccupState=false}
04-09 22:53:01.828  6284  6284 D PowerUi.ChargingNotification: showChargingNotification()
04-09 22:53:01.833  6284 11242 D SecPowerUI.Notification: 1. restoreScreenTimeOut - saved_value : :
04-09 22:53:01.833  6284 11242 E SecPowerUI.Notification: no saved value, so we do nothing !!
04-09 22:53:01.839  6284  6284 D PowerUi.ChargingNotification: showChargingNotification()
04-09 22:53:01.844  5665  5665 D SemWifiApBroadcastReceiver: Received : android.intent.action.BATTERY_CHANGED
04-09 22:53:01.847  5665  5685 D ApplicationPolicy: isStatusBarNotificationAllowedAsUser: packageName = com.android.systemui,userId = 0
04-09 22:53:01.847  5665  5685 D ApplicationPolicy: isStatusBarNotificationAllowedAsUser: packageName = com.android.systemui,userId = -1
04-09 22:53:01.848  5665  5685 D ApplicationPolicy: isStatusBarNotificationAllowedAsUser: converting userId from USER_ALLto 0
04-09 22:53:01.849  6284  6284 D PowerUI : Battery swelling mode - priorBatterySwellingMode = 0 mBatterySwellingMode = 0 mBatteryStatus = 2
04-09 22:53:01.849  6284  6284 I PowerUI : mBatteryMiscEvent = 65536
04-09 22:53:01.850  6284  6284 D SamsungBatteryMeterDrawable: onBatteryLevelChanged isSomethingChanged: false
04-09 22:53:01.851  6284  6284 D SamsungBatteryMeterDrawable: onBatteryLevelChanged isSomethingChanged: false
04-09 22:53:01.852  6284  6284 D SamsungBatteryMeterDrawable: onBatteryLevelChanged isSomethingChanged: false
04-09 22:53:01.852  6284  6284 D SamsungBatteryMeterDrawable: onBatteryLevelChanged isSomethingChanged: false
04-09 22:53:01.853  6284  6284 D KeyguardUpdateMonitor: received broadcast android.intent.action.BATTERY_CHANGED
04-09 22:53:01.854  6284  6284 I AODBatteryManager: updateBatteryData: ACTION_BATTERY_CHANGED
04-09 22:53:01.856  6284  6284 I AODBatteryManager: saveBatteryData : AOD BatteryData [mBatteryLevel=55, mBatteryStatus=CHARGING, mBatteryPlugType=USB, mBatteryPlugged=true, mRemainingChargeTime=3654000, mBatteryChargingType=2, mBatteryChargerType=FAST, mBatteryOnline=NOT_DEFINED, mBatterySwellingMode=NONE, mBatteryProtectMode=false]
04-09 22:53:01.856  6284  6284 I ChargingInfoManager: updateChargingInfo: newState = AOD ChargingInfo [mState=BATTERY_AND_REMAIN_TIME, mIsCharging=true, mIsFullyCharged=false, mIsBatteryProtectMode=false], oldState = AOD ChargingInfo [mState=BATTERY_AND_REMAIN_TIME, mIsCharging=true, mIsFullyCharged=false, mIsBatteryProtectMode=false]
04-09 22:53:01.856  6284  6284 D KeyguardUpdateMonitor: handleBatteryUpdate
04-09 22:53:01.867  5665  9323 D ConnectivityService: ConnectivityService NetworkRequestInfo binderDied(uid/pid:10221/12905, [NetworkRequest [ REQUEST id=544, [ Capabilities: INTERNET&NOT_RESTRICTED&TRUSTED&NOT_VCN_MANAGED Uid: 10221 RequestorUid: 10221 RequestorPkg: ru.mail.mailapp UnderlyingNetworks: Null] ]], android.os.BinderProxy@864b24d)
04-09 22:53:01.868  5665  8054 D ConnectivityService: ConnectivityService NetworkRequestInfo binderDied(uid/pid:10221/12905, [NetworkRequest [ REQUEST id=547, [ Capabilities: INTERNET&NOT_RESTRICTED&TRUSTED&NOT_VCN_MANAGED Uid: 10221 RequestorUid: 10221 RequestorPkg: ru.mail.mailapp UnderlyingNetworks: Null] ]], android.os.BinderProxy@5c19102)
04-09 22:53:01.868  5665  6036 D ConnectivityService: releasing NetworkRequest [ REQUEST id=544, [ Capabilities: INTERNET&NOT_RESTRICTED&TRUSTED&NOT_VCN_MANAGED Uid: 10221 RequestorUid: 10221 RequestorPkg: ru.mail.mailapp UnderlyingNetworks: Null] ] (release request)
04-09 22:53:01.868  5325  5528 I AudioFlinger: removeDlbCodecCallback pid:12905 type:-1
04-09 22:53:01.868  5665  6036 D ConnectivityService:  Removing from current network [100 CELLULAR], leaving 133 requests.
04-09 22:53:01.869  5665  6036 D ConnectivityService: releasing NetworkRequest [ REQUEST id=547, [ Capabilities: INTERNET&NOT_RESTRICTED&TRUSTED&NOT_VCN_MANAGED Uid: 10221 RequestorUid: 10221 RequestorPkg: ru.mail.mailapp UnderlyingNetworks: Null] ] (release request)
04-09 22:53:01.869  5665  6036 D ConnectivityService:  Removing from current network [100 CELLULAR], leaving 132 requests.
04-09 22:53:01.872  5665  8767 D ConnectivityService: ConnectivityService NetworkRequestInfo binderDied(uid/pid:10221/12905, [NetworkRequest [ LISTEN id=545, [ Capabilities: INTERNET&NOT_RESTRICTED&TRUSTED&NOT_VPN&NOT_VCN_MANAGED Uid: 10221 RequestorUid: 10221 RequestorPkg: ru.mail.mailapp UnderlyingNetworks: Null] ]], android.os.BinderProxy@7258a13)
04-09 22:53:01.872  5665  8049 D MediaSessionRecord: unregistering callback android.os.BinderProxy@8bfc450
04-09 22:53:01.873  5274  5274 I Zygote  : Process 12905 exited due to signal 9 (Killed)
04-09 22:53:01.875  6284  6284 D KeyguardSecIndicationController: addIndicationTimeout() returned - unlocking
04-09 22:53:01.875  6284  6284 D KeyguardSecIndicationController: addIndication() returned - unlocking
04-09 22:53:01.876  6284  6284 D KeyguardSecIndicationController: addBatteryAndOwnerInfoIndication() battery status = BatteryStatus{status=2,level=55,plugged=2,health=2,maxChargingWattage=-1,remaining=3654000ultraFastCharger=1}
04-09 22:53:01.879  6634  6634 V AvrcpMediaPlayerList: onActiveSessionsChanged: number of controllers: 0
04-09 22:53:01.881 10220 10220 I smedia  : SMediaSessionHelper.OnActiveSessionsChanged(0)
04-09 22:53:01.883  5665  8770 D MediaSessionRecord: unregistering callback android.os.BinderProxy@d572649
04-09 22:53:01.904  5665  6260 W MediaSessionRecord: error unlinking to binder death
04-09 22:53:01.904  5665  6260 W MediaSessionRecord: java.util.NoSuchElementException: Death link does not exist (NAME_NOT_FOUND)
04-09 22:53:01.904  5665  6260 W MediaSessionRecord: 	at android.os.BinderProxy.unlinkToDeath(Native Method)
04-09 22:53:01.904  5665  6260 W MediaSessionRecord: 	at com.android.server.media.MediaSessionRecord$ControllerStub.unregisterCallback(MediaSessionRecord.java:1486)
04-09 22:53:01.904  5665  6260 W MediaSessionRecord: 	at android.media.session.ISessionController$Stub.onTransact(ISessionController.java:394)
04-09 22:53:01.904  5665  6260 W MediaSessionRecord: 	at android.os.Binder.execTransactInternal(Binder.java:1321)
04-09 22:53:01.904  5665  6260 W MediaSessionRecord: 	at android.os.Binder.execTransact(Binder.java:1280)
04-09 22:53:01.904  5665  6260 D MediaSessionRecord: unregistering callback android.os.BinderProxy@5d4b46f
04-09 22:53:01.905 10220 10220 I smedia  : SMediaSessionHelper.releaseActiveController(true): 'ru.mail.mailapp'
04-09 22:53:01.906 10220 10220 I smedia  : SMediaSessionHelper.setActiveController(true): 'ru.mail.mailapp' -> '' [empty]
04-09 22:53:01.907 10220 10220 I smedia  : SMediaController.onActiveControllerSet(, true)
04-09 22:53:01.909 10220 10220 I smedia  : SMediaNodeHelper.aliveConnection(): No connected node.
04-09 22:53:01.909 10220 10220 I smedia  : SMediaNodeHelper.aliveConnection(): No connected node.
04-09 22:53:01.909 10220 10220 I smedia  : SMediaNodeHelper.aliveConnection(): No connected node.
04-09 22:53:01.909 10220 10220 I smedia  : SMediaNodeHelper.aliveConnection(): No connected node.
04-09 22:53:01.909 10220 10220 I smedia  : SMediaSessionHelper.findActive(): [true]
04-09 22:53:01.911 10220 10220 I smedia  : SMediaAppManager.buildAppsData()
04-09 22:53:01.911  5665  7411 D MediaSessionRecord: unregistering callback android.media.session.MediaController$CallbackStub@bf0ac0a
04-09 22:53:01.912  5665  6078 V MediaSessionRecord: error unlinking to binder death, this=ru.mail.mailapp/MusicService (userId=0), callback package=com.android.systemui, exception=java.util.NoSuchElementException: Death link does not exist (NAME_NOT_FOUND)
04-09 22:53:01.916  5665  8502 D TelephonyManager: requestModemActivityInfo: Sending result to app: ModemActivityInfo{ mTimestamp=1480457 mSleepTimeMs=11212 mIdleTimeMs=77090 mActivityStatsTechSpecificInfo=[{mRat=UNKNOWN,mFrequencyRange=UNKNOWN,mTxTimeMs[]=[0, 0, 86, 26, 95],mRxTimeMs=1047514}]}
04-09 22:53:01.961  5665  8767 D PackageManager: setEnabledSetting : userId = 0 packageName = com.samsung.android.networkdiagnostic cmp = androidx.work.impl.background.systemalarm.RescheduleReceiver newState = 1 callingPackage = 5023/com.samsung.android.networkdiagnostic
04-09 22:53:01.963  5665  8767 D ApplicationPolicy: getApplicationStateEnabled : pkg = com.samsung.android.networkdiagnostic userId : 0
04-09 22:53:01.964  5665  8767 D ApplicationPolicy: getApplicationComponentState : pkg = com.samsung.android.networkdiagnostic userId : 0
04-09 22:53:01.999  5665  8767 D PackageManager: setEnabledSetting : userId = 0 packageName = com.samsung.android.networkdiagnostic cmp = androidx.work.impl.background.systemalarm.RescheduleReceiver newState = 1 callingPackage = 5023/com.samsung.android.networkdiagnostic
04-09 22:53:02.000  5665  8767 D ApplicationPolicy: getApplicationStateEnabled : pkg = com.samsung.android.networkdiagnostic userId : 0
04-09 22:53:02.002  5665  8767 D ApplicationPolicy: getApplicationComponentState : pkg = com.samsung.android.networkdiagnostic userId : 0
04-09 22:53:02.066  6837  6837 I Launcher.NotificationListener: onNotificationPosted : com.android.systemui number : 0
04-09 22:53:02.068  6210  6210 I FreeformContainer: [SmartPopupViewService] onNotificationPosted: StatusBarNotification(pkg=com.android.systemui user=UserHandle{-1} id=2131428959 tag=charging_state key=-1|com.android.systemui|2131428959|charging_state|10054: Notification(channel=CHR shortcut=null contentView=null vibrate=null sound=null defaults=0x0 flags=0xa color=0xff8b94ab category=sys groupKey=CHARGING vis=PUBLIC semFlags=0x0 semPriority=0 semMissedCount=0))
04-09 22:53:02.068  6210  6210 V FreeformContainer: [SmartPopupViewService] isSmartPopupViewTarget: com.android.systemui is not enabled
04-09 22:53:02.071  6284  6284 D InterruptionStateProvider: Group alert behavior is suppressed but we want to alert bubble
04-09 22:53:02.071  6284  6284 D BubblesManager: onRankingUpdate : shouldBubbleUp=false ,pkg=com.samsung.android.messaging ,key=0|com.samsung.android.messaging|123|com.samsung.android.messaging:GROUP_RECEIVED:|10115
04-09 22:53:02.071  9619 10534 I NotificationPipeline: Processing new notification: -1|com.android.systemui|2131428959|charging_state|10054
04-09 22:53:02.071  6284  6284 D BubblesManager: onRankingUpdate : shouldBubbleUp=false ,pkg=com.samsung.android.messaging ,key=0|com.samsung.android.messaging|123|com.samsung.android.messaging:MESSAGE_RECEIVED:138|10115
04-09 22:53:02.072  9619 10534 E Notification4Heart_NB: WatchFactory.getWatch-lastConnectedNodeId is null
04-09 22:53:02.072  6284  6284 D InterruptionStateProvider: Group alert behavior is suppressed but we want to alert bubble
04-09 22:53:02.072  6284  6284 D BubblesManager: onRankingUpdate : shouldBubbleUp=false ,pkg=com.samsung.android.messaging ,key=0|com.samsung.android.messaging|123|com.samsung.android.messaging:MESSAGE_RECEIVED:141|10115
04-09 22:53:02.072  6284  6284 D BubblesManager: onRankingUpdate : shouldBubbleUp=false ,pkg=android ,key=-1|android|34|NetworkPolicy:945656281:34|1000
04-09 22:53:02.072  6284  6284 D BubblesManager: onRankingUpdate : shouldBubbleUp=false ,pkg=com.kms.free ,key=0|com.kms.free|42|null|10299
04-09 22:53:02.073  6284  6284 D BubblesManager: onRankingUpdate : shouldBubbleUp=false ,pkg=com.sec.android.app.shealth ,key=0|com.sec.android.app.shealth|105|null|10256
04-09 22:53:02.073  9619 10534 W Notification4Heart_NB: NotificationBridgeCallback.onNotificationPosted-never connected before
04-09 22:53:02.073  6284  6284 D BubblesManager: onRankingUpdate : shouldBubbleUp=false ,pkg=com.kms.free ,key=0|com.kms.free|1|null|10299
04-09 22:53:02.073  6284  6284 D BubblesManager: onRankingUpdate : shouldBubbleUp=false ,pkg=mrigapps.andriod.breakfree.deux ,key=0|mrigapps.andriod.breakfree.deux|2|null|10506
04-09 22:53:02.073  6284  6284 D BubblesManager: onRankingUpdate : shouldBubbleUp=false ,pkg=com.android.providers.downloads ,key=0|com.android.providers.downloads|0|3:1244|10068
04-09 22:53:02.074  6284  6284 D BubblesManager: onRankingUpdate : shouldBubbleUp=false ,pkg=ru.mail.mailapp ,key=0|ru.mail.mailapp|1073741824|zhelenskiy@mail.ru|10221
04-09 22:53:02.074  6284  6284 D InterruptionStateProvider: Group alert behavior is suppressed but we want to alert bubble
04-09 22:53:02.074  6284  6284 D BubblesManager: onRankingUpdate : shouldBubbleUp=false ,pkg=ru.mail.mailapp ,key=0|ru.mail.mailapp|1291137120|zhelenskiy@mail.ru|10221
04-09 22:53:02.074  6284  6284 D InterruptionStateProvider: Group alert behavior is suppressed but we want to alert bubble
04-09 22:53:02.075  6284  6284 D BubblesManager: onRankingUpdate : shouldBubbleUp=false ,pkg=ru.mail.mailapp ,key=0|ru.mail.mailapp|406243825|zhelenskiy@mail.ru|10221
04-09 22:53:02.075  6284  6284 D BubblesManager: onRankingUpdate : shouldBubbleUp=false ,pkg=android ,key=0|android|38|AccountManagerService:38:-904454848:838749127:10427|1000
04-09 22:53:02.075  6284  6284 D InterruptionStateProvider: Group alert behavior is suppressed but we want to alert bubble
04-09 22:53:02.075  6284  6284 D BubblesManager: onRankingUpdate : shouldBubbleUp=false ,pkg=com.google.android.googlequicksearchbox ,key=0|com.google.android.googlequicksearchbox|0|-1997195081::SUMMARY::wx|10233
04-09 22:53:02.075  6284  6284 D BubblesManager: onRankingUpdate : shouldBubbleUp=false ,pkg=com.google.android.googlequicksearchbox ,key=0|com.google.android.googlequicksearchbox|0|-1997195081::a:snotification:[0x394,wx.f,NOTIFICATION]|10233
04-09 22:53:02.076  6284  6284 D BubblesManager: onRankingUpdate : shouldBubbleUp=false ,pkg=android ,key=-1|android|27|null|1000
04-09 22:53:02.076  6284  6284 D BubblesManager: onRankingUpdate : shouldBubbleUp=false ,pkg=com.android.systemui ,key=-1|com.android.systemui|2131428959|charging_state|10054
04-09 22:53:02.077  6284  6315 D Bubbles : onRankingUpdated : isActiveOrInOverflow= false , mTmpRanking.canBubble()= false ,isActive= false ,shouldBubbleUp= false ,mTmpRanking.isBubble()= false
04-09 22:53:02.077  6284  6315 D Bubbles : onRankingUpdated : isActiveOrInOverflow= false , mTmpRanking.canBubble()= false ,isActive= false ,shouldBubbleUp= false ,mTmpRanking.isBubble()= false
04-09 22:53:02.077  6284  6315 D Bubbles : onRankingUpdated : isActiveOrInOverflow= false , mTmpRanking.canBubble()= false ,isActive= false ,shouldBubbleUp= false ,mTmpRanking.isBubble()= false
04-09 22:53:02.077  6284  6315 D Bubbles : onRankingUpdated : isActiveOrInOverflow= false , mTmpRanking.canBubble()= false ,isActive= false ,shouldBubbleUp= false ,mTmpRanking.isBubble()= false
04-09 22:53:02.077  6284  6315 D Bubbles : onRankingUpdated : isActiveOrInOverflow= false , mTmpRanking.canBubble()= false ,isActive= false ,shouldBubbleUp= false ,mTmpRanking.isBubble()= false
04-09 22:53:02.077  6284  6315 D Bubbles : onRankingUpdated : isActiveOrInOverflow= false , mTmpRanking.canBubble()= false ,isActive= false ,shouldBubbleUp= false ,mTmpRanking.isBubble()= false
04-09 22:53:02.077  6284  6315 D Bubbles : onRankingUpdated : isActiveOrInOverflow= false , mTmpRanking.canBubble()= false ,isActive= false ,shouldBubbleUp= false ,mTmpRanking.isBubble()= false
04-09 22:53:02.077  6284  6315 D Bubbles : onRankingUpdated : isActiveOrInOverflow= false , mTmpRanking.canBubble()= false ,isActive= false ,shouldBubbleUp= false ,mTmpRanking.isBubble()= false
04-09 22:53:02.077  6284  6315 D Bubbles : onRankingUpdated : isActiveOrInOverflow= false , mTmpRanking.canBubble()= false ,isActive= false ,shouldBubbleUp= false ,mTmpRanking.isBubble()= false
04-09 22:53:02.078  6284  6315 D Bubbles : onRankingUpdated : isActiveOrInOverflow= false , mTmpRanking.canBubble()= false ,isActive= false ,shouldBubbleUp= false ,mTmpRanking.isBubble()= false
04-09 22:53:02.078  6284  6315 D Bubbles : onRankingUpdated : isActiveOrInOverflow= false , mTmpRanking.canBubble()= false ,isActive= false ,shouldBubbleUp= false ,mTmpRanking.isBubble()= false
04-09 22:53:02.078  6284  6315 D Bubbles : onRankingUpdated : isActiveOrInOverflow= false , mTmpRanking.canBubble()= false ,isActive= false ,shouldBubbleUp= false ,mTmpRanking.isBubble()= false
04-09 22:53:02.078  6284  6315 D Bubbles : onRankingUpdated : isActiveOrInOverflow= false , mTmpRanking.canBubble()= false ,isActive= false ,shouldBubbleUp= false ,mTmpRanking.isBubble()= false
04-09 22:53:02.078  6284  6315 D Bubbles : onRankingUpdated : isActiveOrInOverflow= false , mTmpRanking.canBubble()= false ,isActive= false ,shouldBubbleUp= false ,mTmpRanking.isBubble()= false
04-09 22:53:02.078  6284  6315 D Bubbles : onRankingUpdated : isActiveOrInOverflow= false , mTmpRanking.canBubble()= false ,isActive= false ,shouldBubbleUp= false ,mTmpRanking.isBubble()= false
04-09 22:53:02.078  6284  6315 D Bubbles : onRankingUpdated : isActiveOrInOverflow= false , mTmpRanking.canBubble()= false ,isActive= false ,shouldBubbleUp= false ,mTmpRanking.isBubble()= false
04-09 22:53:02.078  6284  6315 D Bubbles : onRankingUpdated : isActiveOrInOverflow= false , mTmpRanking.canBubble()= false ,isActive= false ,shouldBubbleUp= false ,mTmpRanking.isBubble()= false
04-09 22:53:02.130  4656  4656 W keymaster_tee: [WRN]begin req PARAMS: A32 B2 P64
04-09 22:53:02.270  6284  6284 D BubblesManager: onEntryUpdated : shouldBubbleUp=false ,key=-1|com.android.systemui|2131428959|charging_state|10054
04-09 22:53:02.303 20877 20925 I [ND]CellMeasurementWorker: androidx.work-1 | Start Work
04-09 22:53:02.313  6284  6284 I FaceWidgetPositionAlgorithm: getMediaContainerHeight() height = 0 container Visibility = 8, isValid = false, mIsDozing = false, fraction = 1.0, source = 0, target = 0
04-09 22:53:02.313  6284  6284 I FaceWidgetPositionAlgorithm: getMediaContainerHeight() supplier = 0
04-09 22:53:02.315 20877 20926 I [ND]RecordBufferedLocationWorker: androidx.work-2 | Start Work
04-09 22:53:02.357  6284  6284 I FaceWidgetPositionAlgorithm: getMediaContainerHeight() height = 0 container Visibility = 8, isValid = false, mIsDozing = false, fraction = 1.0, source = 0, target = 0
04-09 22:53:02.357  6284  6284 I FaceWidgetPositionAlgorithm: getMediaContainerHeight() supplier = 0
04-09 22:53:02.401  6284  6284 I FaceWidgetPositionAlgorithm: getMediaContainerHeight() height = 0 container Visibility = 8, isValid = false, mIsDozing = false, fraction = 1.0, source = 0, target = 0
04-09 22:53:02.401  6284  6284 I FaceWidgetPositionAlgorithm: getMediaContainerHeight() supplier = 0
04-09 22:53:02.439 20877 20925 W tworkdiagnostic: Long monitor contention with owner androidx.work-2 (20926) at android.database.sqlite.SQLiteDatabase com.samsung.android.database.sqlite.SemSQLiteSecureOpenHelper.getWritableDatabase(byte[])(SemSQLiteSecureOpenHelper.java:378) waiters=0 in androidx.sqlite.db.SupportSQLiteDatabase com.samsung.android.semsecureroomdatabase.SupportSQLiteSecureOpenHelper$OpenHelper.getWritableSupportDatabase() for 109ms
04-09 22:53:02.489 20877 20926 I [ND]RecordBufferedLocationWorker: androidx.work-2 | onComplete
04-09 22:53:02.490 20877 20926 I [ND]RecordBufferedLocationWorker: androidx.work-2 | End Work: Success {mOutputData=Data {}}
04-09 22:53:02.493 20877 20907 I WM-WorkerWrapper: Worker result SUCCESS for Work [ id=36137714-93b1-4573-abe0-366c9b780ed4, tags={ Measurements, com.samsung.android.networkdiagnostic.core.background.measurement.RecordBufferedLocationWorker } ]
04-09 22:53:02.529 20877 20925 E SensorManager: sensor or listener is null
04-09 22:53:02.530  6213  6255 I System.out: Broadcasting: Intent { act=com.samsung.android.intent.action.CELL_INFO_RES_V2 cmp=com.samsung.android.networkdiagnostic/.receiver.NetworkDiagnosticReceiver (has extras) }
04-09 22:53:02.545 20877 20877 I [ND]NetworkDiagnosticReceiver: main | onReceive: com.samsung.android.intent.action.CELL_INFO_RES_V2
04-09 22:53:02.545 20877 20877 I [ND]NetworkDiagnosticReceiver: main | onReceive: Bundle[mParcelledData.dataSize=992]
04-09 22:53:02.546 20877 20877 I [ND]JobScheduleUtil: main | schedule
04-09 22:53:02.546 20877 20877 I [ND]JobScheduleUtil: main | INTENT_FROM_CP_CELL_INFO_RES_V2
04-09 22:53:02.546 20877 20877 I [ND]JobScheduleUtil: main | CELL_INFO
04-09 22:53:02.549  6213  7584 I System.out: Broadcast completed: result=0
04-09 22:53:03.756  5665  9338 D WifiNl80211Manager: Scan result ready event
04-09 22:53:03.756  5665  9338 D WifiNative: Scan result ready event
04-09 22:53:03.783  5665  6030 D WificondScannerImpl: Filtering out 6 scan results.
04-09 22:53:03.815  5665  6085 D SemWifiScanPool: countryCode: RS, count: 7, totalSamples: 9, rate: 77.77778%
04-09 22:53:03.815  5665  6085 V SemWifiScanPool: updateScanResult, full scan:18 configKeys: 15 pool_bssid:35 pool_configKeys:25
04-09 22:53:03.815  5665  6085 D WifiConnectivityMonitor: onScanResultUpdated
04-09 22:53:03.815  5665  6085 D WifiConnectivityMonitor: mMaxScannedCountryCode : RS
04-09 22:53:03.825  5665  6026 D WakeupController: Attempted to handleScanResults while not enabled
04-09 22:53:03.991  5665  8502 V LocationManagerService: passive provider registration 1000/android[SensorNotificationService]/771E0F2D dropped delivery - too fast
04-09 22:53:03.991  7080  7224 I GmsPassiveListener_FLP: onLocationResult, time=1681073583748 / elapsed=1482290000000
04-09 22:53:04.000  5665  8502 V LocationManagerService: passive provider registration 5023/com.samsung.android.networkdiagnostic/4FDF9C6D dropped delivery - too fast
04-09 22:53:04.001  5665  6515 D SLocation: PositionManager - PassiveonLocationChanged fused 1681073583748
04-09 22:53:04.002  5665  6515 W SLocation: PositionManager - do not refresh last location about fused location
04-09 22:53:04.002  5665  6515 D SLocation: ARDistanceBigData - BIGDATA ARD - receive location
04-09 22:53:04.003  5665  6515 D SLocation: ARDistanceBigData - BIGDATA ARD disabled, onReceiveLocation
04-09 22:53:04.003  5665  6515 D SLocation: ARDistanceLibManager - request distance diff to AR Distance Library
04-09 22:53:04.003  5665  6515 D SLocation: PositionManager - receive fused location
04-09 22:53:04.010  5665  6260 V LocationManagerService: network provider registration 10234/com.google.android.as/9D21509E dropped delivery - too fast
04-09 22:53:04.011  5665  6260 V LocationManagerService: passive provider registration 1000/android[SensorNotificationService]/771E0F2D dropped delivery - too fast
04-09 22:53:04.011  5665  6260 V LocationManagerService: passive provider registration 5023/com.samsung.android.networkdiagnostic/4FDF9C6D dropped delivery - too fast
04-09 22:53:04.012  7080  7224 I NlpMonitor_FLP: monitorNlp, package=com.google.android.as/ interval=21600000
04-09 22:53:04.028  5665  6515 D SLocation: PositionManager - PassiveonLocationChanged network 1681073583748
04-09 22:53:04.029  5665  6515 D SLocation: ARDistanceBigData - BIGDATA ARD - receive location
04-09 22:53:04.029  5665  6515 D SLocation: ARDistanceBigData - BIGDATA ARD disabled, onReceiveLocation
04-09 22:53:04.029  5665  6515 D SLocation: GeofenceLocationFilter - location sent before 2998, need to filter / provider : network, accuracy : 14.858
04-09 22:53:04.032  5665  6515 I SLocation: GeofenceLocationFilter - alarm set, next time to send location : 1485573, com.samsung.android.location.geofence.geopoint.d@365164f
04-09 22:53:04.035  5665  6515 D SLocation: ARDistanceLibManager - request distance diff to AR Distance Library
04-09 22:53:04.043  5665  6515 D SLocation: SLocationCoreSem - core is not running, skip command to sensorhub
04-09 22:53:04.051  7623 20050 W GCoreUlr: Received location statuses too frequently: [NetworkLocationStatus: Wifi status: 0 Cell status: 0 elapsed time NS: 1482290000000 system time ms: 1681073583748, timeStamp(ms): 1681073583748], [NetworkLocationStatus: Wifi status: 0 Cell status: 0 elapsed time NS: 1482554000000 system time ms: 1681073584050, timeStamp(ms): 1681073584050]
04-09 22:53:06.857  6284  6284 D SecPowerUI.Notification: showChargingNotice oldChargingType : 11 currentChargingType : 11 oldChargingTime : 3654000 mChargingTime : 3654000
04-09 22:53:06.857  6284  6284 D SecPowerUI.Notification: There is no change about charging status, so return!
04-09 22:53:07.032  5665  6515 D SLocation: GeopointGeofenceManager - Location reported : fix method = 4 / 14.858
04-09 22:53:07.035  5665  6515 W Settings: Setting airplane_mode_on has moved from android.provider.Settings.System to android.provider.Settings.Global, returning read-only value.
04-09 22:53:07.040  5665  6515 D SLocation: LocationProcessingAlgorithm - entry condition - dist : 4663.465 padding : 0.0, accuracy : 14.858, provider : network, dir : 2
04-09 22:53:07.041  5665  6515 D SLocation: LocationProcessingAlgorithm - entry condition - dist : 3807521.8 padding : 0.0, accuracy : 14.858, provider : network, dir : 2
04-09 22:53:07.043  5665  6515 D SLocation: LocationProcessingAlgorithm - entry condition - dist : 90751.42 padding : 0.0, accuracy : 14.858, provider : network, dir : 2
04-09 22:53:07.044  5665  6515 D SLocation: LocationProcessingAlgorithm - entry condition - dist : 3807945.2 padding : 0.0, accuracy : 14.858, provider : network, dir : 2
04-09 22:53:07.045  5665  6515 D SLocation: LocationProcessingAlgorithm - entry condition - dist : 673.53674 padding : 0.0, accuracy : 14.858, provider : network, dir : 2
04-09 22:53:07.048  5665  6515 D SLocation: LocationProcessingAlgorithm - entry condition - dist : 1917385.5 padding : 0.0, accuracy : 14.858, provider : network, dir : 2
04-09 22:53:07.049  5665  6515 D SLocation: LocationProcessingAlgorithm - entry condition - dist : 13356.623 padding : 0.0, accuracy : 14.858, provider : network, dir : 2
04-09 22:53:07.050  5665  6515 D SLocation: LocationProcessingAlgorithm - entry condition - dist : 3807945.2 padding : 0.0, accuracy : 14.858, provider : network, dir : 2
04-09 22:53:07.051  5665  6515 D SLocation: LocationProcessingAlgorithm - entry condition - dist : 1801166.1 padding : 0.0, accuracy : 14.858, provider : network, dir : 2
04-09 22:53:07.052  5665  6515 D SLocation: LocationProcessingAlgorithm - entry condition - dist : 652.5045 padding : 0.0, accuracy : 14.858, provider : network, dir : 2
04-09 22:53:07.053  5665  6515 D SLocation: LocationProcessingAlgorithm - entry condition - dist : 9.972618 padding : 0.0, accuracy : 14.858, provider : network, dir : 1
04-09 22:53:07.054  5665  6515 D SLocation: GeopointReceiver - send geopoint result - 1
04-09 22:53:07.055  5665  6515 D SLocation: LocationProcessingAlgorithm - entry condition - dist : 439.18344 padding : 0.0, accuracy : 14.858, provider : network, dir : 1
04-09 22:53:07.055  5665  6515 D SLocation: GeopointReceiver - send geopoint result - 1
04-09 22:53:07.531 20877 20931 E [ND]BarometerUtilityImpl: RxCachedThreadScheduler-1 | getBarometer - onError: java.util.concurrent.TimeoutException: The source did not signal an event for 5 seconds and has been terminated.
04-09 22:53:07.636 20877 20931 I [ND]CellMeasurementWorker: RxCachedThreadScheduler-1 | End Work: Success {mOutputData=Data {}}
04-09 22:53:07.641 20877 20918 I WM-WorkerWrapper: Worker result SUCCESS for Work [ id=8f3423c1-a2ea-48ae-9cce-081f7b3a0759, tags={ com.samsung.android.networkdiagnostic.core.background.measurement.CellMeasurementWorker, Measurements } ]
04-09 22:53:09.316  5665  6023 D ApplicationPolicy: isStatusBarNotificationAllowedAsUser: packageName = android,userId = 0
04-09 22:53:09.317  5665  6023 D ApplicationPolicy: isStatusBarNotificationAllowedAsUser: packageName = android,userId = -1
04-09 22:53:09.317  5665  6023 D ApplicationPolicy: isStatusBarNotificationAllowedAsUser: converting userId from USER_ALLto 0
04-09 22:53:09.359  6213  6226 D PhoneInterfaceManager: setDataEnabledForReason() Reason=1 Pid=5665 App=system
04-09 22:53:09.366  6213  6226 D PhoneInterfaceManager: setDataEnabledForReason() Reason=1 Pid=5665 App=system
04-09 22:53:09.549  6210  6210 I FreeformContainer: [SmartPopupViewService] onNotificationPosted: StatusBarNotification(pkg=android user=UserHandle{-1} id=34 tag=NetworkPolicy:945656281:34 key=-1|android|34|NetworkPolicy:945656281:34|1000: Notification(channel=NETWORK_ALERTS shortcut=null contentView=null vibrate=null sound=null tick defaults=0x0 flags=0x8 color=0xff888fa2 vis=PRIVATE semFlags=0x0 semPriority=0 semMissedCount=0))
04-09 22:53:09.549  6210  6210 V FreeformContainer: [SmartPopupViewService] isSmartPopupViewTarget: android is not enabled
04-09 22:53:09.549  6284  6284 D BubblesManager: onEntryUpdated : shouldBubbleUp=false ,key=-1|android|34|NetworkPolicy:945656281:34|1000
04-09 22:53:09.552  9619 10534 I NotificationPipeline: Processing new notification: -1|android|34|NetworkPolicy:945656281:34|1000
04-09 22:53:09.552  9619 10534 E Notification4Heart_NB: WatchFactory.getWatch-lastConnectedNodeId is null
04-09 22:53:09.554  9619 10534 W Notification4Heart_NB: NotificationBridgeCallback.onNotificationPosted-never connected before
04-09 22:53:09.562  6837  6837 I Launcher.NotificationListener: onNotificationPosted : android number : 0
04-09 22:53:09.593  6284  6284 I FaceWidgetPositionAlgorithm: getMediaContainerHeight() height = 0 container Visibility = 8, isValid = false, mIsDozing = false, fraction = 1.0, source = 0, target = 0
04-09 22:53:09.593  6284  6284 I FaceWidgetPositionAlgorithm: getMediaContainerHeight() supplier = 0
04-09 22:53:09.656  6284  6284 I FaceWidgetPositionAlgorithm: getMediaContainerHeight() height = 0 container Visibility = 8, isValid = false, mIsDozing = false, fraction = 1.0, source = 0, target = 0
04-09 22:53:09.656  6284  6284 I FaceWidgetPositionAlgorithm: getMediaContainerHeight() supplier = 0
04-09 22:53:09.696  6284  6284 I FaceWidgetPositionAlgorithm: getMediaContainerHeight() height = 0 container Visibility = 8, isValid = false, mIsDozing = false, fraction = 1.0, source = 0, target = 0
04-09 22:53:09.696  6284  6284 I FaceWidgetPositionAlgorithm: getMediaContainerHeight() supplier = 0
04-09 22:53:11.857  5312  5312 E sehhealth-service: Could not open /sys/class/power_supply/battery/lrp
04-09 22:53:11.861  5665  5665 D PhoneWindowManagerExt: ACTION_BATTERY_CHANGED - Level=55, status=2
04-09 22:53:11.862  5665  5861 D MotionRecognitionService: [SAR]  onReceive : ACTION_BATTERY_CHANGED, Plugged: 2
04-09 22:53:11.874  5665  5665 D SemWifiApBroadcastReceiver: Received : android.intent.action.BATTERY_CHANGED
04-09 22:53:11.876  6213  6213 D SemBigDataInfoController: Intent: android.intent.action.BATTERY_CHANGED
04-09 22:53:11.877  6213  6213 D SemBigDataInfoController: Intent: android.intent.action.BATTERY_CHANGED
04-09 22:53:11.880  6284  6284 I PowerUI : mBootCompleted = true |  mFullyConnected = true
04-09 22:53:11.881  6284  6284 W PowerUI : Plug reason
04-09 22:53:11.881  6284  6284 W PowerUI : Skip charging animation - by plug status
04-09 22:53:11.881  6284  6284 D PowerUI : priorPlugType = 2 mPlugType = 2 priorBatteryStatus = 2 mBatteryStatus = 2
04-09 22:53:11.881  6284 11507 D SecPowerUI.Notification: dismissing low battery warning: level=55
04-09 22:53:11.882  6284  6284 W PowerUI : Plug reason
04-09 22:53:11.882  6284  6284 W PowerUI : Skip charging sound - by plug status
04-09 22:53:11.882  6284 11507 D SecPowerUI.Notification: updateNotification mWarning=false mPlaySound=false
04-09 22:53:11.882  6284  6284 I PowerUI : oldMisalign : false, curMisalign : false
04-09 22:53:11.882  6284 11507 D SecPowerUI.Notification: SecBatteryStatsSnapshot{batteryLevel=55, currentBatteryMode=0, chargingTime=3654000, chargingType=11, batteryHealth=2, automaticTestMode=false, isHiccupState=false}
04-09 22:53:11.883  6284  6284 D SecPowerUI.Notification: showChargingNotice oldChargingType : 11 currentChargingType : 11 oldChargingTime : 3654000 mChargingTime : 3647000
04-09 22:53:11.883  6284  6284 D SecPowerUI.Notification: showChargingNotification()
04-09 22:53:11.884  6284  6284 D SecPowerUI.Notification: SecBatteryStatsSnapshot{batteryLevel=55, currentBatteryMode=0, chargingTime=3647000, chargingType=11, batteryHealth=2, automaticTestMode=false, isHiccupState=false}
04-09 22:53:11.884  6284  6284 D PowerUi.ChargingNotification: showChargingNotification()
04-09 22:53:11.884  6284 11507 D SecPowerUI.Notification: 1. restoreScreenTimeOut - saved_value : :
04-09 22:53:11.884  6284 11507 E SecPowerUI.Notification: no saved value, so we do nothing !!
04-09 22:53:11.886  6284  6284 D PowerUi.ChargingNotification: showChargingNotification()
04-09 22:53:11.892  5665  8767 D ApplicationPolicy: isStatusBarNotificationAllowedAsUser: packageName = com.android.systemui,userId = 0
04-09 22:53:11.892  5665  8767 D ApplicationPolicy: isStatusBarNotificationAllowedAsUser: packageName = com.android.systemui,userId = -1
04-09 22:53:11.892  5665  8767 D ApplicationPolicy: isStatusBarNotificationAllowedAsUser: converting userId from USER_ALLto 0
04-09 22:53:11.894  6284  6284 D PowerUI : Battery swelling mode - priorBatterySwellingMode = 0 mBatterySwellingMode = 0 mBatteryStatus = 2
04-09 22:53:11.894  6284  6284 I PowerUI : mBatteryMiscEvent = 65536
04-09 22:53:11.894  6284  6284 D SamsungBatteryMeterDrawable: onBatteryLevelChanged isSomethingChanged: false
04-09 22:53:11.895  6284  6284 D SamsungBatteryMeterDrawable: onBatteryLevelChanged isSomethingChanged: false
04-09 22:53:11.895  6284  6284 D SamsungBatteryMeterDrawable: onBatteryLevelChanged isSomethingChanged: false
04-09 22:53:11.895  6284  6284 D SamsungBatteryMeterDrawable: onBatteryLevelChanged isSomethingChanged: false
04-09 22:53:11.896  6284  6284 D KeyguardUpdateMonitor: received broadcast android.intent.action.BATTERY_CHANGED
04-09 22:53:11.896  6284  6284 I AODBatteryManager: updateBatteryData: ACTION_BATTERY_CHANGED
04-09 22:53:11.898  6284  6284 I AODBatteryManager: saveBatteryData : AOD BatteryData [mBatteryLevel=55, mBatteryStatus=CHARGING, mBatteryPlugType=USB, mBatteryPlugged=true, mRemainingChargeTime=3647000, mBatteryChargingType=2, mBatteryChargerType=FAST, mBatteryOnline=NOT_DEFINED, mBatterySwellingMode=NONE, mBatteryProtectMode=false]
04-09 22:53:11.899  6284  6284 I ChargingInfoManager: updateChargingInfo: newState = AOD ChargingInfo [mState=BATTERY_AND_REMAIN_TIME, mIsCharging=true, mIsFullyCharged=false, mIsBatteryProtectMode=false], oldState = AOD ChargingInfo [mState=BATTERY_AND_REMAIN_TIME, mIsCharging=true, mIsFullyCharged=false, mIsBatteryProtectMode=false]
04-09 22:53:11.899  6284  6284 D KeyguardUpdateMonitor: handleBatteryUpdate
04-09 22:53:11.904  6284  6284 D KeyguardSecIndicationController: addIndicationTimeout() returned - unlocking
04-09 22:53:11.904  6284  6284 D KeyguardSecIndicationController: addIndication() returned - unlocking
04-09 22:53:11.904  6284  6284 D KeyguardSecIndicationController: addBatteryAndOwnerInfoIndication() battery status = BatteryStatus{status=2,level=55,plugged=2,health=2,maxChargingWattage=-1,remaining=3647000ultraFastCharger=1}
