04-24 04:38:20.288 21331 21358 I TestRunner: started: valuePreserveBoxInt(org.jetbrains.android_benchmark.BoxRecreationBenchmark)
04-24 04:38:20.291 21331 21331 I MonitoringInstr: Activities that are still in CREATED to STOPPED: 1
04-24 04:38:20.291 21331 21331 I MonitoringInstr: Finishing activity: androidx.benchmark.IsolationActivity@c388c9b
04-24 04:38:20.298 21331 21358 I GrantPermissionCallable: Permission: android.permission.WRITE_EXTERNAL_STORAGE is already granted!
04-24 04:38:20.298 21331 21358 I GrantPermissionCallable: Permission: android.permission.READ_EXTERNAL_STORAGE is already granted!
04-24 04:38:20.298 21331 21358 D Benchmark: -- Running org.jetbrains.android_benchmark.BoxRecreationBenchmark#valuePreserveBoxInt --
04-24 04:38:20.298 21331 21358 D PerfettoCapture: Supported ABIs: arm64-v8a, armeabi-v7a, armeabi
04-24 04:38:20.298 21331 21358 D PerfettoCapture: Recording perfetto trace
04-24 04:38:20.327 21331 21358 I PerfettoCapture: Cleanup perfetto before starting.
04-24 04:38:20.530 21331 21358 I PerfettoCapture: Perfetto output file cleanup -
04-24 04:38:20.530 21331 21358 I PerfettoCapture: Starting perfetto tracing with cmd: cat /storage/emulated/0/Android/data/org.jetbrains.android_benchmark.test/cache/trace_config.pb | perfetto --background -c - -o /data/misc/perfetto-traces/trace_output.pb
04-24 04:38:20.705 27577 27577 I perfetto:    perfetto_cmd.cc:1001 Connected to the Perfetto traced service, starting tracing
04-24 04:38:20.706  5413  5413 I perfetto: ing_service_impl.cc:953 Configured tracing session 78, #sources:4, duration:0 ms, #buffers:2, total buffer size:36864 KB, total sessions:1, uid:2000 session name: ""
04-24 04:38:20.708  5403  5403 I perfetto:  probes_producer.cc:139 Ftrace setup (target_buf=155)
04-24 04:38:20.756 21331 21358 I PerfettoCapture: Perfetto output - 27577
04-24 04:38:20.756 21331 21358 I PerfettoCapture: EXITCODE=0
04-24 04:38:20.774  4388  4388 I hwservicemanager: getTransport: Cannot find entry android.hardware.atrace@1.0::IAtraceDevice/default in either framework or device VINTF manifest.
04-24 04:38:20.791  5635  5714 W libprocessgroup: Failed to open /dev/blkio//cgroup.procs: No such file or directory
04-24 04:38:20.809 13505 13505 I SCS@AiSearch user 0: (ObserverWorker::AOSP_MP) [main] entering in startWork():
04-24 04:38:20.810 13505 13505 I SCS@AiSearch user 0: (BaseCollector::AOSP_MP) [main] entering in onChange():
04-24 04:38:20.816  5403  5403 I perfetto:    ftrace_procfs.cc:335 enabled ftrace in /sys/kernel/tracing/
04-24 04:38:20.819 13505 13578 I SCS@AiSearch user 0: (BaseCollector::AOSP_MP) [AOSP_MP-0] entering in collectChanges():
04-24 04:38:20.834  5635  5852 D PackageManager: setEnabledSetting : userId = 0 packageName = com.samsung.android.scs cmp = androidx.work.impl.background.systemalarm.RescheduleReceiver newState = 1 callingPackage = 10380/com.samsung.android.scs
04-24 04:38:20.836  5635  5852 D ApplicationPolicy: getApplicationStateEnabled : pkg = com.samsung.android.scs userId : 0
04-24 04:38:20.837  5635  5852 D ApplicationPolicy: getApplicationComponentState : pkg = com.samsung.android.scs userId : 0
04-24 04:38:20.898 21331 21358 I PerfettoCapture: Perfetto tracing started successfully with pid 27577.
04-24 04:38:20.905 13505 13578 I SCS@AiSearch user 0: (BaseCollector::AOSP_MP) fetchInternal values : maxSyncId: 1000007967 indexCount: 1702 sourceCount: 1702
04-24 04:38:20.983 21331 21358 I PerfettoCapture: /sys/kernel/tracing/tracing_on = 1, polled 0 times, capture fully started
04-24 04:38:20.987 21331 21358 D Benchmark: Set 21358 (Bench thread) to priority -20. Was -8, now -20
04-24 04:38:20.987 21331 21358 D Benchmark: Set 21342 (Jit) to priority -15. Was 9, now -15
04-24 04:38:21.004 13505 13578 I SCS@AiSearch user 0: (IndexManager) [AOSP_MP-0] entering in addIndex():
04-24 04:38:21.013 13505 13578 I SCS@AiSearch user 0: (BaseCollector::AOSP_MP) fetch: fetching took  143 ms
04-24 04:38:21.014 13505 13578 I SCS@AiSearch user 0: (BaseCollector::AOSP_MP) fetchChanges: applied 0 items
04-24 04:38:21.014 13505 13578 I SCS@AiSearch user 0: (BaseCollector::AOSP_MP) Collect finished. Result: true
04-24 04:38:21.017 13505 13563 I WM-WorkerWrapper: Worker result SUCCESS for Work [ id=7fa1d6de-ad0b-461f-bdb2-fc96d8c481d4, tags={ com.sec.android.app.myfiles, com.samsung.android.scs.ai.search.data.collector.ObserverWorker } ]
04-24 04:38:21.017 13505 13578 I SCS@AiSearch user 0: (BaseCollector::AOSP_MP) enqueue ObserverWorker name: com.sec.android.app.myfiles, policy: APPEND_OR_REPLACE
04-24 04:38:21.022 21331 21358 I _benchmark.test: Explicit concurrent copying GC freed 109879(2285KB) AllocSpace objects, 1(20KB) LOS objects, 67% free, 2939KB/9083KB, paused 438us,102us total 34.929ms
04-24 04:38:21.056  6374  6652 D MobileStatusTracker(1/2): onSignalStrengthsChanged level=2, vendorLevel=1
04-24 04:38:21.058  6374  6652 D MobileSignalController(1/2): notifyListener: enabled=true, connected=true, dataConnected=true, networkType=LTE (4G), emergencyOnly=false, roaming=false, isDefault=true, dataActivity=, level=1, ca=false, mmWave=false, disabledDataIcon=false, simCard=ETC
04-24 04:38:21.060  6374  6652 D NetworkController: SignalStrength from intent slotId=1
04-24 04:38:21.091  5635  8434 D PackageManager: setEnabledSetting : userId = 0 packageName = com.samsung.android.scs cmp = androidx.work.impl.background.systemalarm.RescheduleReceiver newState = 1 callingPackage = 10380/com.samsung.android.scs
04-24 04:38:21.092  5635  8434 D ApplicationPolicy: getApplicationStateEnabled : pkg = com.samsung.android.scs userId : 0
04-24 04:38:21.093  5635  8434 D ApplicationPolicy: getApplicationComponentState : pkg = com.samsung.android.scs userId : 0
04-24 04:38:26.026 21331 21358 D Benchmark: timeNs[ 0:10]: 524 533 515 486 514 526 498 499 520 546
04-24 04:38:26.026 21331 21358 D Benchmark: timeNs[10:20]: 493 493 500 526 530 600 517 498 516 554
04-24 04:38:26.027 21331 21358 D Benchmark: timeNs[20:30]: 501 503 521 492 519 533 505 501 519 534
04-24 04:38:26.027 21331 21358 D Benchmark: timeNs[30:40]: 537 501 501 495 514 521 503 504 523 520
04-24 04:38:26.027 21331 21358 D Benchmark: timeNs[40:50]: 543 498 495 503 528 520 518 494 498 537
04-24 04:38:26.143 21331 21358 W _benchmark.test: Suspending all threads took: 5.148ms
04-24 04:38:26.161 21331 21358 W _benchmark.test: Suspending all threads took: 17.485ms
04-24 04:38:26.197 21331 21358 D Benchmark: allocationCount[ 0:10]: 10 10 10 10 9
04-24 04:38:26.198 21331 21358 D Benchmark: Set 21358 (Bench thread) to priority -8. Was -20, now -8
04-24 04:38:26.198 21331 21358 D Benchmark: Set 21342 (Jit) to priority 9. Was -15, now 9
04-24 04:38:26.198 21331 21358 D Benchmark: Warmup: t=2.387, iter=900139, fastAvg=3404, slowAvg=3492
04-24 04:38:26.198 21331 21358 I PerfettoCapture: Stopping perfetto.
04-24 04:38:26.240 27577 27577 I perfetto:    perfetto_cmd.cc:1168 SIGINT/SIGTERM received: disabling tracing.
04-24 04:38:26.253  5403  5403 I perfetto:  probes_producer.cc:396 Producer stop (id=309)
04-24 04:38:26.255  5403  5403 I perfetto:    ftrace_procfs.cc:342 disabled ftrace in /sys/kernel/tracing/
04-24 04:38:26.259 21331 21358 D Benchmark: kill -TERM command output -
04-24 04:38:26.317  4388  4388 I hwservicemanager: getTransport: Cannot find entry android.hardware.atrace@1.0::IAtraceDevice/default in either framework or device VINTF manifest.
04-24 04:38:26.324  5403  5403 I perfetto:  probes_producer.cc:396 Producer stop (id=310)
04-24 04:38:26.324  5403  5403 I perfetto:  probes_producer.cc:396 Producer stop (id=311)
04-24 04:38:26.369 27577 27577 I perfetto:    perfetto_cmd.cc:1124 Trace written into the output file
04-24 04:38:26.371  5413  5413 I perfetto: ng_service_impl.cc:2426 Tracing session 78 ended, total sessions:0
04-24 04:38:26.377 21331 21358 I PerfettoCapture: Writing to /storage/emulated/0/Android/data/org.jetbrains.android_benchmark.test/cache/BoxRecreationBenchmark_valuePreserveBoxInt_2023-04-24-02-38-26.perfetto-trace.
04-24 04:38:26.442 21331 21358 D Benchmark: Copying /storage/emulated/0/Android/data/org.jetbrains.android_benchmark.test/cache/BoxRecreationBenchmark_valuePreserveBoxInt_2023-04-24-02-38-26.perfetto-trace to /sdcard/Android/media/org.jetbrains.android_benchmark.test/additional_test_output/BoxRecreationBenchmark_valuePreserveBoxInt_2023-04-24-02-38-26.perfetto-trace
04-24 04:38:26.469  8333 27137 W MediaProvider: isAppCloneUserPair for user 0: false
04-24 04:38:26.500  5635  8434 D SyncManager: userId - 0 auto - true
04-24 04:38:26.570 21331 21358 I Benchmark: BoxRecreationBenchmark.valuePreserveBoxInt[Metric (timeNs) results: median 515.6697358567635, min 486.47862345973175, max 600.8695622574716, standardDeviation: 20.279873127662267, Metric (allocationCount) results: median 10.0, min 9.99996596092314, max 10.00006807815372, standardDeviation: 3.728794046605674E-5]count=29378
04-24 04:38:26.580 21331 21358 D Benchmark: writing results to /storage/emulated/0/Android/data/org.jetbrains.android_benchmark.test/cache/org.jetbrains.android_benchmark.test-benchmarkData.json
04-24 04:38:26.608 21331 21358 D Benchmark: Copying /storage/emulated/0/Android/data/org.jetbrains.android_benchmark.test/cache/org.jetbrains.android_benchmark.test-benchmarkData.json to /sdcard/Android/media/org.jetbrains.android_benchmark.test/additional_test_output/org.jetbrains.android_benchmark.test-benchmarkData.json
04-24 04:38:26.613  5635  5714 W libprocessgroup: Failed to open /dev/blkio//cgroup.procs: No such file or directory
04-24 04:38:26.624  8333 27478 I MediaProvider: Deleted 1 0 0 0 0 0 0 items on external_primary due to org.jetbrains.android_benchmark.test
04-24 04:38:26.625  5635  5852 D SyncManager: userId - 0 auto - true
04-24 04:38:26.633  8333 27620 W MediaProvider: isAppCloneUserPair for user 0: false
04-24 04:38:26.634 21600 25891 I NetworkScheduler.Stats: Task com.google.android.gms/com.google.android.gms.ipa.base.IpaGcmTaskService started execution. cause:9 exec_start_elapsed_seconds: 155889 [CONTEXT service_id=218 ]
04-24 04:38:26.641  5635  5852 D SyncManager: userId - 0 auto - true
04-24 04:38:26.644 21331 21358 I TestRunner: finished: valuePreserveBoxInt(org.jetbrains.android_benchmark.BoxRecreationBenchmark)
