05-10 03:14:41.302 23197 23221 I TestRunner: started: valueDouble(org.jetbrains.android_benchmark.Wolf3dBenchmark)
05-10 03:14:41.306 23197 23197 I MonitoringInstr: Activities that are still in CREATED to STOPPED: 1
05-10 03:14:41.306 23197 23197 I MonitoringInstr: Finishing activity: androidx.benchmark.IsolationActivity@2611a25
05-10 03:14:41.315 23197 23221 I GrantPermissionCallable: Permission: android.permission.WRITE_EXTERNAL_STORAGE is already granted!
05-10 03:14:41.315 23197 23221 I GrantPermissionCallable: Permission: android.permission.READ_EXTERNAL_STORAGE is already granted!
05-10 03:14:41.315 23197 23221 D Benchmark: -- Running org.jetbrains.android_benchmark.Wolf3dBenchmark#valueDouble --
05-10 03:14:41.316 23197 23221 D PerfettoCapture: Supported ABIs: arm64-v8a, armeabi-v7a, armeabi
05-10 03:14:41.316 23197 23221 D PerfettoCapture: Recording perfetto trace
05-10 03:14:41.357 23197 23221 I PerfettoCapture: Cleanup perfetto before starting.
05-10 03:14:41.446  5679  5748 W libprocessgroup: Failed to open /dev/blkio//cgroup.procs: No such file or directory
05-10 03:14:41.476 30196 26426 I NetworkScheduler.Stats: Task com.google.android.gms/com.google.android.gms.ipa.base.IpaGcmTaskService started execution. cause:9 exec_start_elapsed_seconds: 249466 [CONTEXT service_id=218 ]
05-10 03:14:41.487 30196 26175 I NetworkScheduler.Stats: Task com.google.android.gms/com.google.android.gms.ipa.base.IpaGcmTaskService finished executing. cause:9 result: 1 elapsed_millis: 61 uptime_millis: 60 exec_start_elapsed_seconds: 249466 [CONTEXT service_id=218 ]
05-10 03:14:41.569 23197 23221 I PerfettoCapture: Perfetto output file cleanup -
05-10 03:14:41.569 23197 23221 I PerfettoCapture: Starting perfetto tracing with cmd: cat /storage/emulated/0/Android/data/org.jetbrains.android_benchmark.test/cache/trace_config.pb | perfetto --background -c - -o /data/misc/perfetto-traces/trace_output.pb
05-10 03:14:41.749 26622 26622 I perfetto:    perfetto_cmd.cc:1001 Connected to the Perfetto traced service, starting tracing
05-10 03:14:41.750  5440  5440 I perfetto: ing_service_impl.cc:953 Configured tracing session 41, #sources:4, duration:0 ms, #buffers:2, total buffer size:36864 KB, total sessions:1, uid:2000 session name: ""
05-10 03:14:41.752  5438  5438 I perfetto:  probes_producer.cc:139 Ftrace setup (target_buf=81)
05-10 03:14:41.800  5679  5748 W libprocessgroup: Failed to open /dev/blkio//cgroup.procs: No such file or directory
05-10 03:14:41.803 23197 23221 I PerfettoCapture: Perfetto output - 26622
05-10 03:14:41.803 23197 23221 I PerfettoCapture: EXITCODE=0
05-10 03:14:41.819  4389  4389 I hwservicemanager: getTransport: Cannot find entry android.hardware.atrace@1.0::IAtraceDevice/default in either framework or device VINTF manifest.
05-10 03:14:41.822 12790 12790 I SCS@AiSearch user 0: (ObserverWorker::AOSP_MP) [main] entering in startWork():
05-10 03:14:41.822 12790 12790 I SCS@AiSearch user 0: (BaseCollector::AOSP_MP) [main] entering in onChange():
05-10 03:14:41.823 12790 12831 I SCS@AiSearch user 0: (BaseCollector::AOSP_MP) [AOSP_MP-0] entering in collectChanges():
05-10 03:14:41.838  5679  8504 D PackageManager: setEnabledSetting : userId = 0 packageName = com.samsung.android.scs cmp = androidx.work.impl.background.systemalarm.RescheduleReceiver newState = 1 callingPackage = 10380/com.samsung.android.scs
05-10 03:14:41.840  5679  8504 D ApplicationPolicy: getApplicationStateEnabled : pkg = com.samsung.android.scs userId : 0
05-10 03:14:41.842  5679  8504 D ApplicationPolicy: getApplicationComponentState : pkg = com.samsung.android.scs userId : 0
05-10 03:14:41.857  5438  5438 I perfetto:    ftrace_procfs.cc:335 enabled ftrace in /sys/kernel/tracing/
05-10 03:14:41.920 23197 23221 I PerfettoCapture: Perfetto tracing started successfully with pid 26622.
05-10 03:14:41.921 12790 12831 I SCS@AiSearch user 0: (BaseCollector::AOSP_MP) fetchInternal values : maxSyncId: 1000008667 indexCount: 891 sourceCount: 891
05-10 03:14:41.970 23159 23196 W libc    : Access denied finding property "sys.perf.boostopt"
05-10 03:14:41.971  5260  5260 E audit   : type=1400 audit(1683681281.967:98846): avc:  denied  { read } for  pid=23159 comm="binder:23159_2" name="u:object_r:perf_prop:s0" dev="tmpfs" ino=21600 scontext=u:r:shell:s0 tcontext=u:object_r:perf_prop:s0 tclass=file permissive=0 SEPF_SM-A515F_13_0001 audit_filtered
05-10 03:14:41.971  5260  5260 E audit   : type=1300 audit(1683681281.967:98846): arch=c00000b7 syscall=56 success=no exit=-13 a0=ffffff9c a1=6f6ed162f8 a2=88000 a3=0 items=0 ppid=23154 pid=23159 auid=4294967295 uid=2000 gid=2000 euid=2000 suid=2000 fsuid=2000 egid=2000 sgid=2000 fsgid=2000 tty=pts1 ses=4294967295 comm="binder:23159_2" exe="/system/bin/app_process64" subj=u:r:shell:s0 key=(null)
05-10 03:14:41.972  5260  5260 E audit   : type=1327 audit(1683681281.967:98846): proctitle=6170705F70726F63657373002F73797374656D2F62696E00636F6D2E616E64726F69642E636F6D6D616E64732E616D2E416D00696E737472756D656E74002D77002D72002D65006E6F2D69736F6C617465642D73746F726167650031002D6500616E64726F6964782E62656E63686D61726B2E6F75747075742E656E61626C65
05-10 03:14:41.986 12790 12831 I SCS@AiSearch user 0: (IndexManager) [AOSP_MP-0] entering in addIndex():
05-10 03:14:41.992 12790 12831 I SCS@AiSearch user 0: (BaseCollector::AOSP_MP) fetch: fetching took  93 ms
05-10 03:14:41.992 12790 12831 I SCS@AiSearch user 0: (BaseCollector::AOSP_MP) fetchChanges: applied 0 items
05-10 03:14:41.993 12790 12831 I SCS@AiSearch user 0: (BaseCollector::AOSP_MP) Collect finished. Result: true
05-10 03:14:41.995 12790 12825 I WM-WorkerWrapper: Worker result SUCCESS for Work [ id=2656d6ba-6738-490e-9a9c-5163653ec485, tags={ com.sec.android.app.myfiles, com.samsung.android.scs.ai.search.data.collector.ObserverWorker } ]
05-10 03:14:42.002 12790 12831 I SCS@AiSearch user 0: (BaseCollector::AOSP_MP) enqueue ObserverWorker name: com.sec.android.app.myfiles, policy: APPEND_OR_REPLACE
05-10 03:14:42.016 23197 23221 I PerfettoCapture: /sys/kernel/tracing/tracing_on = 1, polled 0 times, capture fully started
05-10 03:14:42.018 23197 23221 D Benchmark: Set 23221 (Bench thread) to priority -20. Was -8, now -20
05-10 03:14:42.018 23197 23221 D Benchmark: Set 23206 (Jit) to priority -15. Was 9, now -15
05-10 03:14:42.057  5679  8504 D PackageManager: setEnabledSetting : userId = 0 packageName = com.samsung.android.scs cmp = androidx.work.impl.background.systemalarm.RescheduleReceiver newState = 1 callingPackage = 10380/com.samsung.android.scs
05-10 03:14:42.059  5679  8504 D ApplicationPolicy: getApplicationStateEnabled : pkg = com.samsung.android.scs userId : 0
05-10 03:14:42.061  5679  8504 D ApplicationPolicy: getApplicationComponentState : pkg = com.samsung.android.scs userId : 0
05-10 03:14:42.062 23197 23221 I _benchmark.test: Explicit concurrent copying GC freed 1471832(23MB) AllocSpace objects, 1(20KB) LOS objects, 67% free, 2974KB/9118KB, paused 423us,119us total 42.958ms
05-10 03:14:42.395  5679  7439 D SemWifiUsabilityStatsMonitor: onWifiUsabilityStats - seqNum 11525, isSameBssidAndFreq true
05-10 03:14:42.397  5679  6237 I SemWifiLinkQualityMonitor: Link Qos Query: 0.034 ms / 234.000 Mbps (390 / 0.000 / 1.667)
05-10 03:14:43.792  5260  5260 E audit   : type=1400 audit(1683681283.787:98847): avc:  denied  { getattr } for  pid=5679 comm="BinderProcsColl" path="/sys/kernel/debug/binder/proc/5679" dev="debugfs" ino=30009 scontext=u:r:system_server:s0 tcontext=u:object_r:sec_debugfs:s0 tclass=file permissive=0 SEPF_SM-A515F_13_0001 audit_filtered
05-10 03:14:43.792  5260  5260 E audit   : type=1300 audit(1683681283.787:98847): arch=c00000b7 syscall=79 success=no exit=-13 a0=ffffff9c a1=7273f91920 a2=7151fb7680 a3=0 items=0 ppid=5285 pid=5679 auid=4294967295 uid=1000 gid=1000 euid=1000 suid=1000 fsuid=1000 egid=1000 sgid=1000 fsgid=1000 tty=(none) ses=4294967295 comm="BinderProcsColl" exe="/system/bin/app_process64" subj=u:r:system_server:s0 key=(null)
05-10 03:14:43.792  5260  5260 E audit   : type=1327 audit(1683681283.787:98847): proctitle="system_server"
05-10 03:14:45.159  5679 26648 D TrafficStats: tagSocket(1079) with statsTag=0xffffffff, statsUid=-1
05-10 03:14:45.367  5679 26648 D WifiConnectivityMonitor.DnsThread:  [|209]
05-10 03:14:45.369  5679  6269 D WifiConnectivityMonitor.NetworkStatsAnalyzer: DNS resultType : 0, responseTime : 209
05-10 03:14:45.370  5679  6262 D OpenNetworkQos[4.00]: updateBssidLatestDnsResultType - result: 0
05-10 03:14:45.371  5679  6262 D OpenNetworkQos[4.00]: updateBssidNoInternet: mBssidNoInternet = false
05-10 03:14:45.371  5679  6262 D OpenNetworkQos[4.00]: getOpenNetworkQosNoInternetStatus: false
05-10 03:14:45.371  5679  6262 D OpenNetworkQos[4.00]: getOpenNetworkQosScores: 26 26 19
05-10 03:14:45.371  5679  6262 I WifiProfileShare: network QoS data was changed (internet), updateQoSData networkType: true, qosData: false
05-10 03:14:45.372  5679  7326 V WifiProfileShare.Caster: update wips network, size: 0
05-10 03:14:45.372  5679  7326 D WifiProfileShare: nearby scanning settings run
05-10 03:14:45.372  5679  7326 D WifiProfileShare: network score provider settings enabled
05-10 03:14:45.372  5679  7326 D OpenNetworkQos[4.00]: getOpenNetworkQosScores: 26 26 19
05-10 03:14:45.373  5679  7326 D OpenNetworkQos[4.00]: getOpenNetworkQosNoInternetStatus: false
05-10 03:14:45.373  5679  7326 I WifiProfileShare.Caster: current network type: 0, score: [26, 26, 19]
05-10 03:14:45.374  5679  7326 V WifiProfileShare.Cache: update network score 00:e4:06:**:**:90
05-10 03:14:45.374  5679  7326 D WifiProfileShare.ScanMatcher: getMcfDataList size:2
05-10 03:14:45.374  5679  7326 I WifiProfileShare.Caster: qos data was updated , before:type:QOS, pBssid:51:2e:90, qosData:7b after:type:QOS, pBssid:51:2e:90, qosData:7b
05-10 03:14:45.379  5679  7326 I [MCFSDK_android_1.2.4010]_4_b: isNetworkEnabled - type : 1 ret : true
05-10 03:14:45.379  5679  7326 D WifiProfileShare.McfCast: -ME--- mIsNetworkEnabled :true
05-10 03:14:45.379  5679  7326 D WifiProfileShare.McfCast: updateQoSData ignored, same contents
05-10 03:14:45.379  5679  7326 D WifiProfileShare.MCF: success update QosData !
05-10 03:14:45.382  5679  7326 I [MCFSDK_android_1.2.4010]_4_b: isNetworkEnabled - type : 1 ret : true
05-10 03:14:45.382  5679  7326 D WifiProfileShare.McfCast: -ME--- mIsNetworkEnabled :true
05-10 03:14:45.382  5679  7326 D WifiProfileShare.McfCast: -ME--- updatePasswordDate pwdData size:2
05-10 03:14:45.417  5679  7439 D SemWifiUsabilityStatsMonitor: onWifiUsabilityStats - seqNum 11526, isSameBssidAndFreq true
05-10 03:14:45.420  5679  6237 I SemWifiLinkQualityMonitor: Link Qos Query: 0.053 ms / 150.429 Mbps (351 / 0.000 / 2.333)
05-10 03:14:48.246  5679  5699 D PackageManager: setEnabledSetting : userId = 0 packageName = com.Slack cmp = androidx.work.impl.background.systemalarm.RescheduleReceiver newState = 1 callingPackage = 10329/com.Slack
05-10 03:14:48.248  5679  5699 D ApplicationPolicy: getApplicationStateEnabled : pkg = com.Slack userId : 0
05-10 03:14:48.250  5679  5699 D ApplicationPolicy: getApplicationComponentState : pkg = com.Slack userId : 0
05-10 03:14:48.282  5679  5748 W libprocessgroup: Failed to open /dev/blkio//cgroup.procs: No such file or directory
05-10 03:14:48.326 22703 22785 D ConnectivityManager: StackLog: [android.net.ConnectivityManager.sendRequestForNetwork(ConnectivityManager.java:4191)] [android.net.ConnectivityManager.registerDefaultNetworkCallbackForUid(ConnectivityManager.java:4755)] [android.net.ConnectivityManager.registerDefaultNetworkCallback(ConnectivityManager.java:4722)] [android.net.ConnectivityManager.registerDefaultNetworkCallback(ConnectivityManager.java:4696)] [androidx.work.impl.utils.NetworkApi24.registerDefaultNetworkCallbackCompat(Unknown Source:10)] [androidx.work.impl.constraints.trackers.NetworkStateTracker24.startTracking(Unknown Source:15)] [androidx.work.impl.constraints.controllers.ConstraintController.replace(Unknown Source:130)] [androidx.work.impl.constraints.WorkConstraintsTrackerImpl.replace(Unknown Source:41)] [androidx.work.impl.background.greedy.GreedyScheduler.schedule(Unknown Source:302)] [androidx.work.impl.Schedulers.schedule(Unknown Source:149)] [androidx.work.impl.utils.EnqueueRunnable.run(Unknown Source:53)] [androidx.work.Worker$2.run$androidx$work$impl$utils$SerialExecutorImpl$Task(Unknown Source:4)] [androidx.work.Worker$2.run(Unknown Source:868)] [java.util.concurrent.ThreadPoolExecutor.runWorker(ThreadPoolExecutor.java:1137)] [java.util.concurrent.ThreadPoolExecutor$Worker.run(ThreadPoolExecutor.java:637)] [java.lang.Thread.run(Thread.java:1012)]
05-10 03:14:48.331  5679  8513 D ConnectivityService: requestNetwork for uid/pid:10329/22703 activeRequest: null callbackRequest: 18767 [NetworkRequest [ REQUEST id=18768, [ Capabilities: INTERNET&NOT_RESTRICTED&TRUSTED&NOT_VCN_MANAGED Uid: 10329 RequestorUid: 10329 RequestorPkg: com.Slack UnderlyingNetworks: Null] ]] callback flags: 0 order: 2147483647
05-10 03:14:48.333  5679  6088 D ConnectivityService:    accepting network in place of null
05-10 03:14:48.337  5679  6066 D WifiNetworkFactory: got request NetworkRequest [ REQUEST id=18768, [ Capabilities: INTERNET&NOT_RESTRICTED&TRUSTED&NOT_VCN_MANAGED Uid: 10329 RequestorUid: 10329 RequestorPkg: com.Slack UnderlyingNetworks: Null] ]
05-10 03:14:48.338  5679  6066 D UntrustedWifiNetworkFactory: got request NetworkRequest [ REQUEST id=18768, [ Capabilities: INTERNET&NOT_RESTRICTED&TRUSTED&NOT_VCN_MANAGED Uid: 10329 RequestorUid: 10329 RequestorPkg: com.Slack UnderlyingNetworks: Null] ]
05-10 03:14:48.338  5679  6066 D OemPaidWifiNetworkFactory: got request NetworkRequest [ REQUEST id=18768, [ Capabilities: INTERNET&NOT_RESTRICTED&TRUSTED&NOT_VCN_MANAGED Uid: 10329 RequestorUid: 10329 RequestorPkg: com.Slack UnderlyingNetworks: Null] ]
05-10 03:14:48.338  5679  6066 D MultiInternetWifiNetworkFactory: got request NetworkRequest [ REQUEST id=18768, [ Capabilities: INTERNET&NOT_RESTRICTED&TRUSTED&NOT_VCN_MANAGED Uid: 10329 RequestorUid: 10329 RequestorPkg: com.Slack UnderlyingNetworks: Null] ]
05-10 03:14:48.339  5679  6088 D ConnectivityService: Rematched networks [computed 1ms] [applied 3ms] [issued 3]
05-10 03:14:48.339  5679  6088 D ConnectivityService: NetworkReassignment :
05-10 03:14:48.339  5679  6088 D ConnectivityService:   18768 : null → 112
05-10 03:14:48.352 22703 22703 D ConnectivityManager: StackLog: [android.net.ConnectivityManager.unregisterNetworkCallback(ConnectivityManager.java:4863)] [androidx.work.impl.utils.NetworkApi21.unregisterNetworkCallbackCompat(Unknown Source:10)] [androidx.work.impl.constraints.trackers.NetworkStateTracker24.stopTracking(Unknown Source:15)] [androidx.work.impl.constraints.trackers.ConstraintTracker.removeListener(Unknown Source:24)] [androidx.work.impl.constraints.controllers.ConstraintController.replace(Unknown Source:81)] [androidx.work.impl.constraints.WorkConstraintsTrackerImpl.replace(Unknown Source:41)] [androidx.work.impl.background.greedy.GreedyScheduler.onExecuted(Unknown Source:55)] [androidx.work.impl.Processor.onExecuted(Unknown Source:59)] [com.bugsnag.android.DeliveryDelegate$1.run(Unknown Source:212)]
05-10 03:14:48.354  5679  6088 D ConnectivityService:  Removing from current network [112 WIFI], leaving 155 requests.
05-10 03:14:48.447  5679  7439 D SemWifiUsabilityStatsMonitor: onWifiUsabilityStats - seqNum 11527, isSameBssidAndFreq true
05-10 03:14:48.451  5679  6237 I SemWifiLinkQualityMonitor: Link Qos Query: 0.041 ms / 195.000 Mbps (390 / 0.000 / 2.000)
05-10 03:14:50.884  5679  6193 I ChimeraAggressivePolicyHandler: executePolicy() - triggerSource: TRIGGER_SOURCE_LMKD
05-10 03:14:50.885  5679  6193 I ChimeraAggressivePolicyHandler: memAvailable: 809000, memFreeTarget: 870400, releaseTarget:61400, protectedLruCount: 10
05-10 03:14:50.942  5679  6193 I NSLocationMonitor: getGPSUsingApps() called
05-10 03:14:50.968  7227 11862 I NSLocationManager_FLP: getGPSUsingApps, NO_FREEZE={5013} / FREEZE={10234}
05-10 03:14:50.982  5679  6193 I ChimeraAggressivePolicyHandler: Start doKill, protected policy: HEAVY
05-10 03:14:50.986  5679  6193 I ChimeraAggressivePolicyHandler: kill complete: killed 0 apps, freed 0 KB
05-10 03:14:50.986  5679  6193 I ChimeraAggressivePolicyHandler: Skipped reason: LR, pids: 22307 4936 23197
05-10 03:14:50.986  5679  6193 I ChimeraAggressivePolicyHandler: Skipped reason: CA, pids: 16258 26403 21412 22703 12790
05-10 03:14:50.986  5679  6193 I ChimeraAggressivePolicyHandler: Skipped reason: PE, pids: 8330 28298 6795 6797 20686 28306 8403 8916 6809 6747 6363 10466 29283 27683 9768 21096 7337 6507 9900 21869 6766 5679 8435 28212 24951 7227 6397 6782
05-10 03:14:50.986  5679  6193 I ChimeraAggressivePolicyHandler: Skipped reason: IN, pids: 11587 22981 11592 11593 22802 11954 17012 23124 11611 19582
05-10 03:14:50.986  5679  6193 I ChimeraAggressivePolicyHandler: Skipped reason: SE, pids: 8680 24784
05-10 03:14:50.986  5679  6193 I ChimeraAggressivePolicyHandler: Skipped reason: AD, pids: 14757 10502 14408 21864 21896 21386 21868 18796 10477 5647 22161 21844 3988 9720 26104 26329 30619 21917 8637 21950
05-10 03:14:50.986  5679  6193 I ChimeraAggressivePolicyHandler: Processing time(ms) 102
05-10 03:14:51.303  5679  5748 W libprocessgroup: Failed to open /dev/blkio//cgroup.procs: No such file or directory
05-10 03:14:51.471  5679  7439 D SemWifiUsabilityStatsMonitor: onWifiUsabilityStats - seqNum 11528, isSameBssidAndFreq true
05-10 03:14:51.475  5679  6237 I SemWifiLinkQualityMonitor: Link Qos Query: 0.031 ms / 260.000 Mbps (390 / 0.000 / 1.500)
05-10 03:14:53.627  5679  5679 D SemWifiP2pGoPowerSave: GopsReceiver : received : com.samsung.intent.action.CHECK_SIOP_LEVEL
05-10 03:14:53.628  5679  5679 I SemWifiP2pGoPowerSave: siop_level = 0
05-10 03:14:53.631  8916  8976 I SystemBroadcastReceiver: [#CMH#] onReceive completed :  0
05-10 03:14:53.631  8916  8916 I PolicyManager: [#CMH#] onReceive action = EVENT_SIOP
05-10 03:14:54.511  5679  7439 D SemWifiUsabilityStatsMonitor: onWifiUsabilityStats - seqNum 11529, isSameBssidAndFreq true
05-10 03:14:54.515  5679  6237 I SemWifiLinkQualityMonitor: Link Qos Query: 0.031 ms / 260.000 Mbps (390 / 0.000 / 1.500)
05-10 03:14:54.517  6397  6397 D NetworkController.WifiSignalController: notifyListener: visible=true, connected=true, inetCondition=1, isDefault=true, wifiTestReported=true, receivedInetCondition=-1, hideDuringMobileSwitching=false
05-10 03:14:54.519  6397  6497 D Tile.WifiTile: handleUpdateState isTransient=false transientEnabling =false cb.isTransient=false state.state = 2 mStateBeforeClick.value =false enabled =true
05-10 03:14:55.639  8916  8983 I PolicyManager: [#CMH#] Is foreground game app: false
05-10 03:14:56.542 30196 30196 D BoundBrokerSvc: onUnbind: Intent { act=com.google.android.gms.scheduler.ACTION_PROXY_SCHEDULE dat=chimera-action:/... cmp=com.google.android.gms/.chimera.PersistentApiService }
05-10 03:14:57.539  5679  7439 D SemWifiUsabilityStatsMonitor: onWifiUsabilityStats - seqNum 11530, isSameBssidAndFreq true
05-10 03:14:57.543  6397  6397 D NetworkController.WifiSignalController: notifyListener: visible=true, connected=true, inetCondition=1, isDefault=true, wifiTestReported=true, receivedInetCondition=-1, hideDuringMobileSwitching=false
05-10 03:14:57.543  5679  6237 I SemWifiLinkQualityMonitor: Link Qos Query: 0.031 ms / 260.000 Mbps (390 / 0.000 / 1.500)
05-10 03:14:57.546  6397  6497 D Tile.WifiTile: handleUpdateState isTransient=false transientEnabling =false cb.isTransient=false state.state = 2 mStateBeforeClick.value =false enabled =true
05-10 03:15:00.009  6397  6397 D KeyguardUpdateMonitor: received broadcast android.intent.action.TIME_TICK
05-10 03:15:00.016  6397  6397 D KeyguardUpdateMonitor: handleTimeUpdate
05-10 03:15:00.016  6397  6397 D FaceWidgetPagesController: onTimeChanged()
05-10 03:15:00.018  6397  7006 D QSClockBellTower: onReceive(android.intent.action.TIME_TICK) mTimeZoneString:null
05-10 03:15:00.058  6397  6397 D QSClockBellTower: He is ready to ring the bell. (((QSClockBellSound - TimeText:03:15, TimeContentDescription:03:15, DateText:Wed, 10 May, ShortDateText:Wed, 10 May, Demo:false, QuickStar-Second(false|12:34:56))))
05-10 03:15:00.060  6397  6397 D QSClockIndicatorView: Home Indicator status_bar_clock 03:15 notifyTimeChanged(QSClockBellSound - TimeText:03:15, TimeContentDescription:03:15, DateText:Wed, 10 May, ShortDateText:Wed, 10 May, Demo:false, QuickStar-Second(false|12:34:56)) ClockVisibleByPolicy:true, ClockVisibleByUser:true, visible?false, parent:android.widget.LinearLayout{ebb6f9 V.E...... ......I. 0,0-0,55 #7f0b04f0 app:id/left_clock_container}
05-10 03:15:00.061  6397  6397 D QSClockBellTower: Everyone heard the bell. run(currentTime:1683681300056,   getTime():Wed May 10 03:15:00 GMT+02:00 2023,   getTimeZone():libcore.util.ZoneInfo[mDstSavings=3600000,mUseDst=true,mDelegate=[id="Europe/Belgrade",mRawOffset=3600000,mEarliestRawOffset=4920000,transitions=119]])
05-10 03:15:00.071  6397  6397 I FaceWidgetPositionAlgorithm: getClockContainerHeight() supplier = 270, bottom margin = 0, real height = 333
05-10 03:15:00.072  6397  6397 I FaceWidgetPositionAlgorithm: getClockContainerHeight() supplier = 270, bottom margin = 63, real height = 333
05-10 03:15:00.072  6397  6397 I FaceWidgetPositionAlgorithm: getMediaContainerHeight() height = 0 container Visibility = 8, isValid = false, mIsDozing = false, fraction = 1.0, source = 0, target = 0
05-10 03:15:00.073  6397  6397 I FaceWidgetPositionAlgorithm: getMediaContainerHeight() supplier = 0
05-10 03:15:00.075  6397  6397 V QsExpandAnimator: setQsExpansionPosition 0.0
05-10 03:15:00.081  6397  6397 V QsExpandAnimator: updateAnimators
05-10 03:15:00.081  6397  6397 V QsExpandAnimator: clearAnimationState
05-10 03:15:00.081  6397  6397 V QsExpandAnimator: updateViews
05-10 03:15:00.083  6397  6397 V QsExpandAnimator: updateTileAnimator
05-10 03:15:00.084  6397  6397 V QsExpandAnimator: updateHeaderAnimator
05-10 03:15:00.084  6397  6397 V QsExpandAnimator: updateBarAnimator
05-10 03:15:00.084  6397  6397 V QsExpandAnimator: setQsExpansionPosition 0.0
05-10 03:15:00.084  6397  6397 V QsExpandAnimator: onAnimationAtStart
05-10 03:15:00.576  5679  7439 D SemWifiUsabilityStatsMonitor: onWifiUsabilityStats - seqNum 11531, isSameBssidAndFreq true
05-10 03:15:00.580  5679  6237 I SemWifiLinkQualityMonitor: Link Qos Query: 0.031 ms / 260.000 Mbps (390 / 0.000 / 1.500)
05-10 03:15:00.580  6397  6397 D NetworkController.WifiSignalController: notifyListener: visible=true, connected=true, inetCondition=1, isDefault=true, wifiTestReported=true, receivedInetCondition=-1, hideDuringMobileSwitching=false
05-10 03:15:00.582  6397  6497 D Tile.WifiTile: handleUpdateState isTransient=false transientEnabling =false cb.isTransient=false state.state = 2 mStateBeforeClick.value =false enabled =true
05-10 03:15:03.622  5679  7439 D SemWifiUsabilityStatsMonitor: onWifiUsabilityStats - seqNum 11532, isSameBssidAndFreq true
05-10 03:15:03.624  5679  6237 I SemWifiLinkQualityMonitor: Link Qos Query: 0.055 ms / 144.333 Mbps (433 / 0.000 / 3.000)
05-10 03:15:03.625  6397  6397 D NetworkController.WifiSignalController: notifyListener: visible=true, connected=true, inetCondition=1, isDefault=true, wifiTestReported=true, receivedInetCondition=-1, hideDuringMobileSwitching=false
05-10 03:15:03.627  6397  6497 D Tile.WifiTile: handleUpdateState isTransient=false transientEnabling =false cb.isTransient=false state.state = 2 mStateBeforeClick.value =false enabled =true
05-10 03:15:06.018  5322  5322 E sehhealth-service: Could not open /sys/class/power_supply/battery/lrp
05-10 03:15:06.648  5679  7439 D SemWifiUsabilityStatsMonitor: onWifiUsabilityStats - seqNum 11533, isSameBssidAndFreq true
05-10 03:15:06.654  5679  6237 I SemWifiLinkQualityMonitor: Link Qos Query: 0.037 ms / 216.500 Mbps (433 / 0.000 / 2.000)
05-10 03:15:09.672  5679  7439 D SemWifiUsabilityStatsMonitor: onWifiUsabilityStats - seqNum 11534, isSameBssidAndFreq true
05-10 03:15:09.675  5679  6237 I SemWifiLinkQualityMonitor: Link Qos Query: 0.028 ms / 288.667 Mbps (433 / 0.000 / 1.500)
05-10 03:15:10.549  5345  5345 I SurfaceFlinger: SFWD update time=153495945024250
05-10 03:15:11.119 16258 26670 I GmscoreIpa: Starting mediastore instant index [CONTEXT service_id=255 ]
05-10 03:15:12.714  5679  7439 D SemWifiUsabilityStatsMonitor: onWifiUsabilityStats - seqNum 11535, isSameBssidAndFreq true
05-10 03:15:12.719  5679  6237 I SemWifiLinkQualityMonitor: Link Qos Query: 0.037 ms / 216.500 Mbps (433 / 0.000 / 2.000)
05-10 03:15:13.900  5260  5260 E audit   : type=1400 audit(1683681313.899:98848): avc:  denied  { getattr } for  pid=5679 comm="BinderProcsColl" path="/sys/kernel/debug/binder/proc/5679" dev="debugfs" ino=30009 scontext=u:r:system_server:s0 tcontext=u:object_r:sec_debugfs:s0 tclass=file permissive=0 SEPF_SM-A515F_13_0001 audit_filtered
05-10 03:15:13.901  5260  5260 E audit   : type=1300 audit(1683681313.899:98848): arch=c00000b7 syscall=79 success=no exit=-13 a0=ffffff9c a1=71afd1f240 a2=7151fb7680 a3=0 items=0 ppid=5285 pid=5679 auid=4294967295 uid=1000 gid=1000 euid=1000 suid=1000 fsuid=1000 egid=1000 sgid=1000 fsgid=1000 tty=(none) ses=4294967295 comm="BinderProcsColl" exe="/system/bin/app_process64" subj=u:r:system_server:s0 key=(null)
05-10 03:15:13.901  5260  5260 E audit   : type=1327 audit(1683681313.899:98848): proctitle="system_server"
05-10 03:15:15.753  5679  7439 D SemWifiUsabilityStatsMonitor: onWifiUsabilityStats - seqNum 11536, isSameBssidAndFreq true
05-10 03:15:15.758  6397  6397 D NetworkController.WifiSignalController: notifyListener: visible=true, connected=true, inetCondition=1, isDefault=true, wifiTestReported=true, receivedInetCondition=-1, hideDuringMobileSwitching=false
05-10 03:15:15.759  5679  6237 I SemWifiLinkQualityMonitor: Link Qos Query: 0.037 ms / 216.500 Mbps (433 / 0.000 / 2.000)
05-10 03:15:15.763  6397  6497 D Tile.WifiTile: handleUpdateState isTransient=false transientEnabling =false cb.isTransient=false state.state = 2 mStateBeforeClick.value =false enabled =true
05-10 03:15:17.201  5679  6193 I ChimeraAggressivePolicyHandler: executePolicy() - triggerSource: TRIGGER_SOURCE_LMKD
05-10 03:15:17.203  5679  6193 I ChimeraAggressivePolicyHandler: memAvailable: 779968, memFreeTarget: 870400, releaseTarget:90432, protectedLruCount: 10
05-10 03:15:17.213  5679  6193 I NSLocationMonitor: getGPSUsingApps() called
05-10 03:15:17.235  7227 11862 I NSLocationManager_FLP: getGPSUsingApps, NO_FREEZE={5013} / FREEZE={10234}
05-10 03:15:17.252  5679  6193 I ChimeraAggressivePolicyHandler: Start doKill, protected policy: HEAVY
05-10 03:15:17.258  5679  6193 I ChimeraAggressivePolicyHandler: Killed on trigger0 : com.samsung.android.privacydashboard[26104], freed: 11143, 10316[26104]:G2(0x20000) score=20.2(19 10/10 11143), pids: 26104 / stats: 19 / adjs: 975
05-10 03:15:17.265  5679  5746 I libprocessgroup: Successfully killed process cgroup uid 10316 pid 26104 in 0ms
05-10 03:15:17.266  5679  6193 I ChimeraAggressivePolicyHandler: kill complete: killed 1 apps, freed 11143 KB
05-10 03:15:17.266  5679  6193 I ChimeraAggressivePolicyHandler: Skipped reason: LR, pids: 22307 4936 23197
05-10 03:15:17.267  5679  6193 I ChimeraAggressivePolicyHandler: Skipped reason: CA, pids: 26329 26403 21412 18796 22703 12790
05-10 03:15:17.267  5679  6193 I ChimeraAggressivePolicyHandler: Skipped reason: PE, pids: 8330 28298 6795 6797 20686 28306 8403 8916 6809 6747 6363 10466 29283 27683 9768 21096 7337 6507 9900 21869 6766 5679 8435 28212 24951 7227 6397 6782
05-10 03:15:17.267  5679  6193 I ChimeraAggressivePolicyHandler: Skipped reason: IN, pids: 11587 22981 11592 11593 22802 11954 17012 23124 11611 19582
05-10 03:15:17.267  5679  6193 I ChimeraAggressivePolicyHandler: Skipped reason: SE, pids: 16258 8680 21386 5647 24784
05-10 03:15:17.267  5679  6193 I ChimeraAggressivePolicyHandler: Skipped reason: AD, pids: 14757 10502 14408 21864 21896 21868 10477 22161 21844 3988 9720 30619 21917 8637 21950
05-10 03:15:17.267  5679  6193 I ChimeraAggressivePolicyHandler: Processing time(ms) 66
05-10 03:15:17.314  5285  5285 I Zygote  : Process 26104 exited due to signal 9 (Killed)
05-10 03:15:18.246  5679  8513 D PackageManager: setEnabledSetting : userId = 0 packageName = com.Slack cmp = androidx.work.impl.background.systemalarm.RescheduleReceiver newState = 1 callingPackage = 10329/com.Slack
05-10 03:15:18.247  5679  8513 D ApplicationPolicy: getApplicationStateEnabled : pkg = com.Slack userId : 0
05-10 03:15:18.248  5679  8513 D ApplicationPolicy: getApplicationComponentState : pkg = com.Slack userId : 0
05-10 03:15:18.273  5679  5748 W libprocessgroup: Failed to open /dev/blkio//cgroup.procs: No such file or directory
05-10 03:15:18.298 22703 22785 D ConnectivityManager: StackLog: [android.net.ConnectivityManager.sendRequestForNetwork(ConnectivityManager.java:4191)] [android.net.ConnectivityManager.registerDefaultNetworkCallbackForUid(ConnectivityManager.java:4755)] [android.net.ConnectivityManager.registerDefaultNetworkCallback(ConnectivityManager.java:4722)] [android.net.ConnectivityManager.registerDefaultNetworkCallback(ConnectivityManager.java:4696)] [androidx.work.impl.utils.NetworkApi24.registerDefaultNetworkCallbackCompat(Unknown Source:10)] [androidx.work.impl.constraints.trackers.NetworkStateTracker24.startTracking(Unknown Source:15)] [androidx.work.impl.constraints.controllers.ConstraintController.replace(Unknown Source:130)] [androidx.work.impl.constraints.WorkConstraintsTrackerImpl.replace(Unknown Source:41)] [androidx.work.impl.background.greedy.GreedyScheduler.schedule(Unknown Source:302)] [androidx.work.impl.Schedulers.schedule(Unknown Source:149)] [androidx.work.impl.utils.EnqueueRunnable.run(Unknown Source:53)] [androidx.work.Worker$2.run$androidx$work$impl$utils$SerialExecutorImpl$Task(Unknown Source:4)] [androidx.work.Worker$2.run(Unknown Source:868)] [java.util.concurrent.ThreadPoolExecutor.runWorker(ThreadPoolExecutor.java:1137)] [java.util.concurrent.ThreadPoolExecutor$Worker.run(ThreadPoolExecutor.java:637)] [java.lang.Thread.run(Thread.java:1012)]
05-10 03:15:18.301  5679  8515 D ConnectivityService: requestNetwork for uid/pid:10329/22703 activeRequest: null callbackRequest: 18769 [NetworkRequest [ REQUEST id=18770, [ Capabilities: INTERNET&NOT_RESTRICTED&TRUSTED&NOT_VCN_MANAGED Uid: 10329 RequestorUid: 10329 RequestorPkg: com.Slack UnderlyingNetworks: Null] ]] callback flags: 0 order: 2147483647
05-10 03:15:18.302  5679  6088 D ConnectivityService:    accepting network in place of null
05-10 03:15:18.308  5679  6066 D WifiNetworkFactory: got request NetworkRequest [ REQUEST id=18770, [ Capabilities: INTERNET&NOT_RESTRICTED&TRUSTED&NOT_VCN_MANAGED Uid: 10329 RequestorUid: 10329 RequestorPkg: com.Slack UnderlyingNetworks: Null] ]
05-10 03:15:18.308  5679  6066 D UntrustedWifiNetworkFactory: got request NetworkRequest [ REQUEST id=18770, [ Capabilities: INTERNET&NOT_RESTRICTED&TRUSTED&NOT_VCN_MANAGED Uid: 10329 RequestorUid: 10329 RequestorPkg: com.Slack UnderlyingNetworks: Null] ]
05-10 03:15:18.317  5679  6066 D OemPaidWifiNetworkFactory: got request NetworkRequest [ REQUEST id=18770, [ Capabilities: INTERNET&NOT_RESTRICTED&TRUSTED&NOT_VCN_MANAGED Uid: 10329 RequestorUid: 10329 RequestorPkg: com.Slack UnderlyingNetworks: Null] ]
05-10 03:15:18.318  5679  6066 D MultiInternetWifiNetworkFactory: got request NetworkRequest [ REQUEST id=18770, [ Capabilities: INTERNET&NOT_RESTRICTED&TRUSTED&NOT_VCN_MANAGED Uid: 10329 RequestorUid: 10329 RequestorPkg: com.Slack UnderlyingNetworks: Null] ]
05-10 03:15:18.324 22703 22703 D ConnectivityManager: StackLog: [android.net.ConnectivityManager.unregisterNetworkCallback(ConnectivityManager.java:4863)] [androidx.work.impl.utils.NetworkApi21.unregisterNetworkCallbackCompat(Unknown Source:10)] [androidx.work.impl.constraints.trackers.NetworkStateTracker24.stopTracking(Unknown Source:15)] [androidx.work.impl.constraints.trackers.ConstraintTracker.removeListener(Unknown Source:24)] [androidx.work.impl.constraints.controllers.ConstraintController.replace(Unknown Source:81)] [androidx.work.impl.constraints.WorkConstraintsTrackerImpl.replace(Unknown Source:41)] [androidx.work.impl.background.greedy.GreedyScheduler.onExecuted(Unknown Source:55)] [androidx.work.impl.Processor.onExecuted(Unknown Source:59)] [com.bugsnag.android.DeliveryDelegate$1.run(Unknown Source:212)]
05-10 03:15:18.330  5679  6088 D ConnectivityService: Rematched networks [computed 0ms] [applied 2ms] [issued 26]
05-10 03:15:18.330  5679  6088 D ConnectivityService: NetworkReassignment :
05-10 03:15:18.330  5679  6088 D ConnectivityService:   18770 : null → 112
05-10 03:15:18.331  5679  6088 D ConnectivityService:  Removing from current network [112 WIFI], leaving 155 requests.
05-10 03:15:18.787  5679  7439 D SemWifiUsabilityStatsMonitor: onWifiUsabilityStats - seqNum 11537, isSameBssidAndFreq true
05-10 03:15:18.790  5679  6237 I SemWifiLinkQualityMonitor: Link Qos Query: 0.037 ms / 216.500 Mbps (433 / 0.000 / 2.000)
05-10 03:15:19.211 23197 23221 I _benchmark.test: Starting a blocking GC Alloc
05-10 03:15:19.215 23197 23221 I _benchmark.test: Starting a blocking GC Alloc
05-10 03:15:19.224 23197 23221 I _benchmark.test: Alloc young concurrent copying GC freed 164833(3599KB) AllocSpace objects, 0(0B) LOS objects, 81% free, 3057KB/16MB, paused 215us,59us total 8.969ms
05-10 03:15:19.264 23197 23221 I _benchmark.test: Waiting for a blocking GC Alloc
05-10 03:15:19.272 23197 23221 I _benchmark.test: WaitForGcToComplete blocked Alloc on Background for 8.254ms
05-10 03:15:19.272 23197 23221 I _benchmark.test: Starting a blocking GC Alloc
05-10 03:15:19.308 23197 23221 I _benchmark.test: Waiting for a blocking GC Alloc
05-10 03:15:19.314 23197 23221 I _benchmark.test: WaitForGcToComplete blocked Alloc on Background for 6.054ms
05-10 03:15:19.314 23197 23221 I _benchmark.test: Starting a blocking GC Alloc
05-10 03:15:19.345 23197 23221 I _benchmark.test: Waiting for a blocking GC Alloc
05-10 03:15:19.352 23197 23221 I _benchmark.test: WaitForGcToComplete blocked Alloc on Background for 6.784ms
05-10 03:15:19.352 23197 23221 I _benchmark.test: Starting a blocking GC Alloc
05-10 03:15:19.385 23197 23221 D Benchmark: timeNs[ 0:10]: 461945038 463496808 462057192 463252423 458592077 461144039 461591615 468418192 472288577 458343346
05-10 03:15:19.385 23197 23221 D Benchmark: timeNs[10:20]: 469632192 475746769 460965654 470106461 458276423 462870423 469233768 469918577 461654961 481649191
05-10 03:15:19.385 23197 23221 D Benchmark: timeNs[20:30]: 467466962 479515653 469644346 472864500 484588115 465482961 476827192 463603653 467445038 472605807
05-10 03:15:19.386 23197 23221 D Benchmark: timeNs[30:40]: 461740346 466309346 466550307 475276423 470989999 473305615 461359653 454242654 477055115 475746731
05-10 03:15:19.386 23197 23221 D Benchmark: timeNs[40:50]: 469370269 470761000 479095884 467422115 483355346 456992692 469504346 458268961 472694231 515630884
05-10 03:15:19.395 23197 23221 W _benchmark.test: Suspending all threads took: 9.028ms
05-10 03:15:19.520 23197 23221 I _benchmark.test: Waiting for a blocking GC Alloc
05-10 03:15:19.531 23197 23221 I _benchmark.test: WaitForGcToComplete blocked Alloc on Background for 11.274ms
05-10 03:15:19.531 23197 23221 I _benchmark.test: Starting a blocking GC Alloc
05-10 03:15:19.586 23197 23221 I _benchmark.test: Waiting for a blocking GC Alloc
05-10 03:15:19.602 23197 23221 I _benchmark.test: WaitForGcToComplete blocked Alloc on Background for 16.134ms
05-10 03:15:19.602 23197 23221 I _benchmark.test: Starting a blocking GC Alloc
05-10 03:15:19.661 23197 23221 I _benchmark.test: Waiting for a blocking GC Alloc
05-10 03:15:19.679 23197 23221 I _benchmark.test: WaitForGcToComplete blocked Alloc on Background for 18.380ms
05-10 03:15:19.679 23197 23221 I _benchmark.test: Starting a blocking GC Alloc
05-10 03:15:19.734 23197 23221 I _benchmark.test: Waiting for a blocking GC Alloc
05-10 03:15:19.757 23197 23221 I _benchmark.test: WaitForGcToComplete blocked Alloc on Background for 22.897ms
05-10 03:15:19.757 23197 23221 I _benchmark.test: Starting a blocking GC Alloc
05-10 03:15:19.816 23197 23221 I _benchmark.test: Waiting for a blocking GC Alloc
05-10 03:15:19.838 23197 23221 I _benchmark.test: WaitForGcToComplete blocked Alloc on Background for 21.576ms
05-10 03:15:19.838 23197 23221 I _benchmark.test: Starting a blocking GC Alloc
05-10 03:15:19.896 23197 23221 I _benchmark.test: Waiting for a blocking GC Alloc
05-10 03:15:19.923 23197 23221 I _benchmark.test: WaitForGcToComplete blocked Alloc on Background for 27.081ms
05-10 03:15:19.923 23197 23221 I _benchmark.test: Starting a blocking GC Alloc
05-10 03:15:19.981 23197 23221 I _benchmark.test: Waiting for a blocking GC Alloc
05-10 03:15:20.009 23197 23221 I _benchmark.test: WaitForGcToComplete blocked Alloc on Background for 28.490ms
05-10 03:15:20.009 23197 23221 I _benchmark.test: Starting a blocking GC Alloc
05-10 03:15:20.067 23197 23221 I _benchmark.test: Waiting for a blocking GC Alloc
05-10 03:15:20.101 23197 23221 I _benchmark.test: WaitForGcToComplete blocked Alloc on Background for 34.124ms
05-10 03:15:20.101 23197 23221 I _benchmark.test: Starting a blocking GC Alloc
05-10 03:15:20.159 23197 23221 I _benchmark.test: Starting a blocking GC Alloc
05-10 03:15:20.159 23197 23221 I _benchmark.test: Starting a blocking GC Alloc
05-10 03:15:20.170 23197 23221 I _benchmark.test: Alloc young concurrent copying GC freed 624251(13MB) AllocSpace objects, 0(0B) LOS objects, 81% free, 3078KB/16MB, paused 212us,50us total 10.666ms
05-10 03:15:20.223 23197 23221 I _benchmark.test: Starting a blocking GC Alloc
05-10 03:15:20.223 23197 23221 I _benchmark.test: Starting a blocking GC Alloc
05-10 03:15:20.235 23197 23221 I _benchmark.test: Alloc young concurrent copying GC freed 612364(13MB) AllocSpace objects, 0(0B) LOS objects, 81% free, 3078KB/16MB, paused 132us,52us total 11.354ms
05-10 03:15:20.287 23197 23221 I _benchmark.test: Starting a blocking GC Alloc
05-10 03:15:20.287 23197 23221 I _benchmark.test: Starting a blocking GC Alloc
05-10 03:15:20.299 23197 23221 I _benchmark.test: Alloc young concurrent copying GC freed 600308(12MB) AllocSpace objects, 0(0B) LOS objects, 81% free, 3078KB/16MB, paused 133us,51us total 11.917ms
05-10 03:15:20.351 23197 23221 I _benchmark.test: Starting a blocking GC Alloc
05-10 03:15:20.351 23197 23221 I _benchmark.test: Starting a blocking GC Alloc
05-10 03:15:20.360 23197 23221 I _benchmark.test: Alloc young concurrent copying GC freed 588568(12MB) AllocSpace objects, 0(0B) LOS objects, 81% free, 3078KB/16MB, paused 135us,50us total 9.570ms
05-10 03:15:20.411 23197 23221 I _benchmark.test: Starting a blocking GC Alloc
05-10 03:15:20.411 23197 23221 I _benchmark.test: Starting a blocking GC Alloc
05-10 03:15:20.422 23197 23221 I _benchmark.test: Alloc young concurrent copying GC freed 576857(12MB) AllocSpace objects, 0(0B) LOS objects, 81% free, 3078KB/16MB, paused 217us,49us total 10.702ms
05-10 03:15:20.471 23197 23221 I _benchmark.test: Starting a blocking GC Alloc
05-10 03:15:20.471 23197 23221 I _benchmark.test: Starting a blocking GC Alloc
05-10 03:15:20.481 23197 23221 I _benchmark.test: Alloc young concurrent copying GC freed 565727(12MB) AllocSpace objects, 0(0B) LOS objects, 81% free, 3078KB/16MB, paused 131us,55us total 9.946ms
05-10 03:15:20.530 23197 23221 I _benchmark.test: Starting a blocking GC Alloc
05-10 03:15:20.530 23197 23221 I _benchmark.test: Starting a blocking GC Alloc
05-10 03:15:20.541 23197 23221 I _benchmark.test: Alloc young concurrent copying GC freed 554104(11MB) AllocSpace objects, 0(0B) LOS objects, 81% free, 3078KB/16MB, paused 133us,49us total 10.888ms
05-10 03:15:20.588 23197 23221 I _benchmark.test: Starting a blocking GC Alloc
05-10 03:15:20.588 23197 23221 I _benchmark.test: Starting a blocking GC Alloc
05-10 03:15:20.599 23197 23221 I _benchmark.test: Alloc young concurrent copying GC freed 541969(11MB) AllocSpace objects, 0(0B) LOS objects, 81% free, 3078KB/16MB, paused 135us,54us total 10.913ms
05-10 03:15:20.646 23197 23221 I _benchmark.test: Starting a blocking GC Alloc
05-10 03:15:20.646 23197 23221 I _benchmark.test: Starting a blocking GC Alloc
05-10 03:15:20.656 23197 23221 I _benchmark.test: Alloc young concurrent copying GC freed 530427(11MB) AllocSpace objects, 0(0B) LOS objects, 81% free, 3078KB/16MB, paused 129us,56us total 10.253ms
05-10 03:15:20.702 23197 23221 I _benchmark.test: Starting a blocking GC Alloc
05-10 03:15:20.702 23197 23221 I _benchmark.test: Starting a blocking GC Alloc
05-10 03:15:20.715 23197 23221 I _benchmark.test: Alloc young concurrent copying GC freed 518541(11MB) AllocSpace objects, 0(0B) LOS objects, 81% free, 3079KB/16MB, paused 133us,49us total 12.791ms
05-10 03:15:20.759 23197 23221 I _benchmark.test: Starting a blocking GC Alloc
05-10 03:15:20.759 23197 23221 I _benchmark.test: Starting a blocking GC Alloc
05-10 03:15:20.770 23197 23221 I _benchmark.test: Alloc young concurrent copying GC freed 506463(10MB) AllocSpace objects, 0(0B) LOS objects, 81% free, 3079KB/16MB, paused 131us,58us total 11.075ms
05-10 03:15:20.813 23197 23221 I _benchmark.test: Starting a blocking GC Alloc
05-10 03:15:20.813 23197 23221 I _benchmark.test: Starting a blocking GC Alloc
05-10 03:15:20.825 23197 23221 I _benchmark.test: Alloc young concurrent copying GC freed 494731(10MB) AllocSpace objects, 0(0B) LOS objects, 81% free, 3079KB/16MB, paused 132us,49us total 11.808ms
05-10 03:15:20.867 23197 23221 I _benchmark.test: Starting a blocking GC Alloc
05-10 03:15:20.867 23197 23221 I _benchmark.test: Starting a blocking GC Alloc
05-10 03:15:20.879 23197 23221 I _benchmark.test: Alloc young concurrent copying GC freed 482939(10MB) AllocSpace objects, 0(0B) LOS objects, 81% free, 3079KB/16MB, paused 133us,53us total 11.615ms
05-10 03:15:20.920 23197 23221 I _benchmark.test: Starting a blocking GC Alloc
05-10 03:15:20.920 23197 23221 I _benchmark.test: Starting a blocking GC Alloc
05-10 03:15:20.932 23197 23221 I _benchmark.test: Alloc young concurrent copying GC freed 471258(10MB) AllocSpace objects, 0(0B) LOS objects, 81% free, 3079KB/16MB, paused 135us,50us total 12.278ms
05-10 03:15:20.943  5679  6262 D WifiConnectivityMonitor: Stop WCM Poll. cnt : 9
05-10 03:15:20.972 23197 23221 I _benchmark.test: Starting a blocking GC Alloc
05-10 03:15:20.972 23197 23221 I _benchmark.test: Starting a blocking GC Alloc
05-10 03:15:20.985 23197 23221 I _benchmark.test: Alloc young concurrent copying GC freed 459383(9999KB) AllocSpace objects, 0(0B) LOS objects, 81% free, 3079KB/16MB, paused 133us,56us total 12.237ms
05-10 03:15:21.024 23197 23221 I _benchmark.test: Starting a blocking GC Alloc
05-10 03:15:21.024 23197 23221 I _benchmark.test: Starting a blocking GC Alloc
05-10 03:15:21.033 23197 23221 I _benchmark.test: Alloc young concurrent copying GC freed 447578(9743KB) AllocSpace objects, 0(0B) LOS objects, 81% free, 3079KB/16MB, paused 134us,47us total 9.655ms
05-10 03:15:21.072 23197 23221 I _benchmark.test: Starting a blocking GC Alloc
05-10 03:15:21.072 23197 23221 I _benchmark.test: Starting a blocking GC Alloc
05-10 03:15:21.084 23197 23221 I _benchmark.test: Alloc young concurrent copying GC freed 435711(9487KB) AllocSpace objects, 0(0B) LOS objects, 81% free, 3079KB/16MB, paused 135us,55us total 11.918ms
05-10 03:15:21.121 23197 23221 I _benchmark.test: Starting a blocking GC Alloc
05-10 03:15:21.121 23197 23221 I _benchmark.test: Starting a blocking GC Alloc
05-10 03:15:21.131 23197 23221 I _benchmark.test: Alloc young concurrent copying GC freed 423930(9231KB) AllocSpace objects, 0(0B) LOS objects, 81% free, 3079KB/16MB, paused 135us,70us total 9.949ms
05-10 03:15:21.167 23197 23221 I _benchmark.test: Starting a blocking GC Alloc
05-10 03:15:21.168 23197 23221 I _benchmark.test: Starting a blocking GC Alloc
05-10 03:15:21.177 23197 23221 I _benchmark.test: Alloc young concurrent copying GC freed 412043(8975KB) AllocSpace objects, 0(0B) LOS objects, 81% free, 3079KB/16MB, paused 124us,61us total 9.180ms
05-10 03:15:21.212 23197 23221 I _benchmark.test: Starting a blocking GC Alloc
05-10 03:15:21.212 23197 23221 I _benchmark.test: Starting a blocking GC Alloc
05-10 03:15:21.221 23197 23221 I _benchmark.test: Alloc young concurrent copying GC freed 400250(8719KB) AllocSpace objects, 0(0B) LOS objects, 81% free, 3079KB/16MB, paused 142us,63us total 9.387ms
05-10 03:15:21.255 23197 23221 I _benchmark.test: Starting a blocking GC Alloc
05-10 03:15:21.255 23197 23221 I _benchmark.test: Starting a blocking GC Alloc
05-10 03:15:21.265 23197 23221 I _benchmark.test: Alloc young concurrent copying GC freed 388553(8463KB) AllocSpace objects, 0(0B) LOS objects, 81% free, 3079KB/16MB, paused 130us,58us total 9.311ms
05-10 03:15:21.298 23197 23221 I _benchmark.test: Starting a blocking GC Alloc
05-10 03:15:21.298 23197 23221 I _benchmark.test: Starting a blocking GC Alloc
05-10 03:15:21.309 23197 23221 I _benchmark.test: Alloc young concurrent copying GC freed 376848(8207KB) AllocSpace objects, 0(0B) LOS objects, 81% free, 3080KB/16MB, paused 134us,51us total 11.292ms
05-10 03:15:21.341 23197 23221 I _benchmark.test: Starting a blocking GC Alloc
05-10 03:15:21.341 23197 23221 I _benchmark.test: Starting a blocking GC Alloc
05-10 03:15:21.352 23197 23221 I _benchmark.test: Alloc young concurrent copying GC freed 365103(7951KB) AllocSpace objects, 0(0B) LOS objects, 81% free, 3080KB/16MB, paused 138us,50us total 11.201ms
05-10 03:15:21.383 23197 23221 I _benchmark.test: Starting a blocking GC Alloc
05-10 03:15:21.383 23197 23221 I _benchmark.test: Starting a blocking GC Alloc
05-10 03:15:21.392 23197 23221 I _benchmark.test: Alloc young concurrent copying GC freed 352871(7695KB) AllocSpace objects, 0(0B) LOS objects, 81% free, 3080KB/16MB, paused 130us,50us total 8.790ms
05-10 03:15:21.422 23197 23221 I _benchmark.test: Starting a blocking GC Alloc
05-10 03:15:21.422 23197 23221 I _benchmark.test: Starting a blocking GC Alloc
05-10 03:15:21.431 23197 23221 I _benchmark.test: Alloc young concurrent copying GC freed 341615(7439KB) AllocSpace objects, 0(0B) LOS objects, 81% free, 3080KB/16MB, paused 133us,51us total 8.889ms
05-10 03:15:21.460 23197 23221 I _benchmark.test: Starting a blocking GC Alloc
05-10 03:15:21.460 23197 23221 I _benchmark.test: Starting a blocking GC Alloc
05-10 03:15:21.469 23197 23221 I _benchmark.test: Alloc young concurrent copying GC freed 330034(7183KB) AllocSpace objects, 0(0B) LOS objects, 81% free, 3080KB/16MB, paused 137us,59us total 8.295ms
05-10 03:15:21.497 23197 23221 I _benchmark.test: Starting a blocking GC Alloc
05-10 03:15:21.497 23197 23221 I _benchmark.test: Starting a blocking GC Alloc
05-10 03:15:21.506 23197 23221 I _benchmark.test: Alloc young concurrent copying GC freed 318404(6927KB) AllocSpace objects, 0(0B) LOS objects, 81% free, 3080KB/16MB, paused 140us,50us total 9.293ms
05-10 03:15:21.533 23197 23221 I _benchmark.test: Starting a blocking GC Alloc
05-10 03:15:21.533 23197 23221 I _benchmark.test: Starting a blocking GC Alloc
05-10 03:15:21.543 23197 23221 I _benchmark.test: Alloc young concurrent copying GC freed 306395(6671KB) AllocSpace objects, 0(0B) LOS objects, 81% free, 3080KB/16MB, paused 137us,54us total 10.513ms
05-10 03:15:21.569 23197 23221 I _benchmark.test: Starting a blocking GC Alloc
05-10 03:15:21.569 23197 23221 I _benchmark.test: Starting a blocking GC Alloc
05-10 03:15:21.578 23197 23221 I _benchmark.test: Alloc young concurrent copying GC freed 294513(6415KB) AllocSpace objects, 0(0B) LOS objects, 81% free, 3080KB/16MB, paused 130us,62us total 8.706ms
05-10 03:15:21.603 23197 23221 I _benchmark.test: Starting a blocking GC Alloc
05-10 03:15:21.603 23197 23221 I _benchmark.test: Starting a blocking GC Alloc
05-10 03:15:21.613 23197 23221 I _benchmark.test: Alloc young concurrent copying GC freed 282995(6159KB) AllocSpace objects, 0(0B) LOS objects, 81% free, 3080KB/16MB, paused 136us,52us total 10.299ms
05-10 03:15:21.638 23197 23221 I _benchmark.test: Starting a blocking GC Alloc
05-10 03:15:21.638 23197 23221 I _benchmark.test: Starting a blocking GC Alloc
05-10 03:15:21.646 23197 23221 I _benchmark.test: Alloc young concurrent copying GC freed 271116(5903KB) AllocSpace objects, 0(0B) LOS objects, 81% free, 3080KB/16MB, paused 138us,51us total 8.505ms
05-10 03:15:21.669 23197 23221 I _benchmark.test: Starting a blocking GC Alloc
05-10 03:15:21.669 23197 23221 I _benchmark.test: Starting a blocking GC Alloc
05-10 03:15:21.678 23197 23221 I _benchmark.test: Alloc young concurrent copying GC freed 259296(5647KB) AllocSpace objects, 0(0B) LOS objects, 81% free, 3080KB/16MB, paused 135us,50us total 8.498ms
05-10 03:15:21.699 23197 23221 I _benchmark.test: Starting a blocking GC Alloc
05-10 03:15:21.699 23197 23221 I _benchmark.test: Starting a blocking GC Alloc
05-10 03:15:21.709 23197 23221 I _benchmark.test: Alloc young concurrent copying GC freed 247341(5391KB) AllocSpace objects, 0(0B) LOS objects, 81% free, 3081KB/16MB, paused 134us,49us total 9.872ms
05-10 03:15:21.730 23197 23221 I _benchmark.test: Starting a blocking GC Alloc
05-10 03:15:21.730 23197 23221 I _benchmark.test: Starting a blocking GC Alloc
05-10 03:15:21.740 23197 23221 I _benchmark.test: Alloc young concurrent copying GC freed 235644(5135KB) AllocSpace objects, 0(0B) LOS objects, 81% free, 3081KB/16MB, paused 134us,53us total 9.790ms
05-10 03:15:21.760 23197 23221 I _benchmark.test: Starting a blocking GC Alloc
05-10 03:15:21.760 23197 23221 I _benchmark.test: Starting a blocking GC Alloc
05-10 03:15:21.768 23197 23221 I _benchmark.test: Alloc young concurrent copying GC freed 223856(4879KB) AllocSpace objects, 0(0B) LOS objects, 81% free, 3081KB/16MB, paused 132us,54us total 8.376ms
05-10 03:15:21.787 23197 23221 I _benchmark.test: Starting a blocking GC Alloc
