04-27 20:30:13.441  5429  5429 D SemWifiApBroadcastReceiver: Received : android.intent.action.BATTERY_CHANGED
04-27 20:30:13.445  5787  5787 D SemBigDataInfoController: Intent: android.intent.action.BATTERY_CHANGED
04-27 20:30:13.450  5878  5878 I PowerUI : mBootCompleted = true |  mFullyConnected = true
04-27 20:30:13.451  5878  5878 W PowerUI : Plug reason
04-27 20:30:13.451  5878  5878 W PowerUI : Skip charging animation - by plug status
04-27 20:30:13.452  5878  5878 D PowerUI : priorPlugType = 2 mPlugType = 2 priorBatteryStatus = 2 mBatteryStatus = 2
04-27 20:30:13.452  5878  5878 W PowerUI : Plug reason
04-27 20:30:13.452  5878  5878 W PowerUI : Skip charging sound - by plug status
04-27 20:30:13.452  5878  5878 I PowerUI : oldMisalign : false, curMisalign : false
04-27 20:30:13.452  5878  7825 D SecPowerUI.Notification: dismissing low battery warning: level=77
04-27 20:30:13.452  5878  7825 D SecPowerUI.Notification: updateNotification mWarning=false mPlaySound=false
04-27 20:30:13.453  5878  7825 D SecPowerUI.Notification: SecBatteryStatsSnapshot{batteryLevel=77, currentBatteryMode=0, chargingTime=2412000, chargingType=11, batteryHealth=2, automaticTestMode=false, isHiccupState=false}
04-27 20:30:13.457  5878  5878 D SecPowerUI.Notification: showChargingNotice oldChargingType : 11 / currentChargingType : 11, oldChargingTime : 2412000 / mChargingTime : 2412000
04-27 20:30:13.457  5878  5878 D SecPowerUI.Notification: There is no change about charging status, so return!
04-27 20:30:13.457  5878  5878 D PowerUI : Battery swelling mode - priorBatterySwellingMode = 0 mBatterySwellingMode = 0 mBatteryStatus = 2
04-27 20:30:13.457  5878  5878 I PowerUI : mBatteryMiscEvent = 65536
04-27 20:30:13.460  5878  7825 D SecPowerUI.Notification: 1. restoreScreenTimeOut - saved_value : :
04-27 20:30:13.461  5878  7825 E SecPowerUI.Notification: no saved value, so we do nothing !!
04-27 20:30:13.470  5878  5878 D KeyguardUpdateMonitor: received broadcast android.intent.action.BATTERY_CHANGED
04-27 20:30:13.471  5878  5878 D SamsungBatteryMeterDrawable: onBatteryLevelChanged isSomethingChanged: false
04-27 20:30:13.472  5878  5878 D SamsungBatteryMeterDrawable: onBatteryLevelChanged isSomethingChanged: false
04-27 20:30:13.473  5878  5878 D SamsungBatteryMeterDrawable: onBatteryLevelChanged isSomethingChanged: false
04-27 20:30:13.473  5878  5878 D SamsungBatteryMeterDrawable: onBatteryLevelChanged isSomethingChanged: false
04-27 20:30:13.476  5878  5878 I AODBatteryManager: updateBatteryData: ACTION_BATTERY_CHANGED
04-27 20:30:13.480  5878  5878 I AODBatteryManager: saveBatteryData : AOD BatteryData [mBatteryLevel=77, mBatteryStatus=CHARGING, mBatteryPlugType=USB, mBatteryPlugged=true, mRemainingChargeTime=2412000, mBatteryChargingType=2, mBatteryChargerType=FAST, mBatteryOnline=NOT_DEFINED, mBatterySwellingMode=NONE, mBatteryProtectMode=false]
04-27 20:30:13.480  5878  5878 D KeyguardUpdateMonitor: handleBatteryUpdate
04-27 20:30:14.724  5429  7411 D SemWifiUsabilityStatsMonitor: onWifiUsabilityStats - seqNum 4076, isSameBssidAndFreq true
04-27 20:30:14.727  5878  5878 D NetworkController.WifiSignalController: notifyListener: visible=true, connected=true, inetCondition=1, isDefault=true, wifiTestReported=true, receivedInetCondition=-1, hideDuringMobileSwitching=false
04-27 20:30:14.728  5429  5717 I SemWifiLinkQualityMonitor: Link Qos Query: 0.167 ms / 48.000 Mbps (72 / 0.000 / 1.500)
04-27 20:30:14.729  5878  6043 D Tile.WifiTile: handleUpdateState isTransient=false transientEnabling =false cb.isTransient=false state.state = 2 mStateBeforeClick.value =false enabled =true
04-27 20:30:17.762  5429  7411 D SemWifiUsabilityStatsMonitor: onWifiUsabilityStats - seqNum 4077, isSameBssidAndFreq true
04-27 20:30:17.767  5429  5717 I SemWifiLinkQualityMonitor: Link Qos Query: 0.167 ms / 48.000 Mbps (72 / 0.000 / 1.500)
04-27 20:30:18.463  5878  5878 D SecPowerUI.Notification: showChargingNotice oldChargingType : 11 / currentChargingType : 11, oldChargingTime : 2412000 / mChargingTime : 2412000
04-27 20:30:18.464  5878  5878 D SecPowerUI.Notification: There is no change about charging status, so return!
04-27 20:30:19.946  8449  8666 I SemDvfsHyPerManager: acquire hyper - SIOP_ARM_MAX/8449@2, type = 301993986
04-27 20:30:19.948  5040  5080 I HYPER-HAL: [RequestManager.cpp]acquire(): Acquired ID : 35713928  [8449 / 2]    HINT :      list : [CPUMaxFreq / 1898000]
04-27 20:30:20.790  5429  7411 D SemWifiUsabilityStatsMonitor: onWifiUsabilityStats - seqNum 4078, isSameBssidAndFreq true
04-27 20:30:20.795  5429  5717 I SemWifiLinkQualityMonitor: Link Qos Query: 0.167 ms / 48.000 Mbps (72 / 0.000 / 1.500)
04-27 20:30:23.286  4899  4899 E audit   : type=1400 audit(1682620223.279:17964): avc:  denied  { getattr } for  pid=5429 comm="BinderProcsColl" path="/sys/kernel/debug/binder/proc/5429" dev="debugfs" ino=28624 scontext=u:r:system_server:s0 tcontext=u:object_r:sec_debugfs:s0 tclass=file permissive=0 SEPF_SM-A515F_13_0001 audit_filtered
04-27 20:30:23.286  4899  4899 E audit   : type=1300 audit(1682620223.279:17964): arch=c00000b7 syscall=79 success=no exit=-13 a0=ffffff9c a1=77704a4250 a2=7682c2d680 a3=0 items=0 ppid=4924 pid=5429 auid=4294967295 uid=1000 gid=1000 euid=1000 suid=1000 fsuid=1000 egid=1000 sgid=1000 fsgid=1000 tty=(none) ses=4294967295 comm="BinderProcsColl" exe="/system/bin/app_process64" subj=u:r:system_server:s0 key=(null)
04-27 20:30:23.286  4899  4899 E audit   : type=1327 audit(1682620223.279:17964): proctitle="system_server"
04-27 20:30:23.458  5429  5429 D PhoneWindowManagerExt: ACTION_BATTERY_CHANGED - Level=77, status=2
04-27 20:30:23.457  5067  5067 E sehhealth-service: Could not open /sys/class/power_supply/battery/lrp
04-27 20:30:23.461  5429  5602 D MotionRecognitionService: [SAR]  onReceive : ACTION_BATTERY_CHANGED, Plugged: 2
04-27 20:30:23.468  5787  5787 D SemBigDataInfoController: Intent: android.intent.action.BATTERY_CHANGED
04-27 20:30:23.472  5787  5787 D SemBigDataInfoController: Intent: android.intent.action.BATTERY_CHANGED
04-27 20:30:23.476  5878  5878 I PowerUI : mBootCompleted = true |  mFullyConnected = true
04-27 20:30:23.477  5878  5878 W PowerUI : Plug reason
04-27 20:30:23.478  5878  5878 W PowerUI : Skip charging animation - by plug status
04-27 20:30:23.478  5878  5878 D PowerUI : priorPlugType = 2 mPlugType = 2 priorBatteryStatus = 2 mBatteryStatus = 2
04-27 20:30:23.478  5878  5878 W PowerUI : Plug reason
04-27 20:30:23.478  5878  5878 W PowerUI : Skip charging sound - by plug status
04-27 20:30:23.478  5878  5878 I PowerUI : oldMisalign : false, curMisalign : false
04-27 20:30:23.484  5878  7994 D SecPowerUI.Notification: dismissing low battery warning: level=77
04-27 20:30:23.484  5878  7994 D SecPowerUI.Notification: updateNotification mWarning=false mPlaySound=false
04-27 20:30:23.484  5878  7994 D SecPowerUI.Notification: SecBatteryStatsSnapshot{batteryLevel=77, currentBatteryMode=0, chargingTime=2412000, chargingType=11, batteryHealth=2, automaticTestMode=false, isHiccupState=false}
04-27 20:30:23.491  5878  7994 D SecPowerUI.Notification: 1. restoreScreenTimeOut - saved_value : :
04-27 20:30:23.491  5878  7994 E SecPowerUI.Notification: no saved value, so we do nothing !!
04-27 20:30:23.495  5878  5878 D SecPowerUI.Notification: showChargingNotice oldChargingType : 11 / currentChargingType : 11, oldChargingTime : 2412000 / mChargingTime : 2405000
04-27 20:30:23.495  5878  5878 D SecPowerUI.Notification: showChargingNotification()
04-27 20:30:23.495  5878  5878 D SecPowerUI.Notification: SecBatteryStatsSnapshot{batteryLevel=77, currentBatteryMode=0, chargingTime=2405000, chargingType=11, batteryHealth=2, automaticTestMode=false, isHiccupState=false}
04-27 20:30:23.498  5429  5429 D SemWifiApBroadcastReceiver: Received : android.intent.action.BATTERY_CHANGED
04-27 20:30:23.503  5429  8509 D ApplicationPolicy: isStatusBarNotificationAllowedAsUser: packageName = com.android.systemui,userId = 0
04-27 20:30:23.503  5429  8509 D ApplicationPolicy: isStatusBarNotificationAllowedAsUser: packageName = com.android.systemui,userId = -1
04-27 20:30:23.503  5429  8509 D ApplicationPolicy: isStatusBarNotificationAllowedAsUser: converting userId from USER_ALLto 0
04-27 20:30:23.505  5878  5878 D PowerUI : Battery swelling mode - priorBatterySwellingMode = 0 mBatterySwellingMode = 0 mBatteryStatus = 2
04-27 20:30:23.505  5878  5878 I PowerUI : mBatteryMiscEvent = 65536
04-27 20:30:23.506  5878  5878 D KeyguardUpdateMonitor: received broadcast android.intent.action.BATTERY_CHANGED
04-27 20:30:23.506  5878  5878 D SamsungBatteryMeterDrawable: onBatteryLevelChanged isSomethingChanged: false
04-27 20:30:23.507  5878  5878 D SamsungBatteryMeterDrawable: onBatteryLevelChanged isSomethingChanged: false
04-27 20:30:23.508  5878  5878 D SamsungBatteryMeterDrawable: onBatteryLevelChanged isSomethingChanged: false
04-27 20:30:23.509  5878  5878 D SamsungBatteryMeterDrawable: onBatteryLevelChanged isSomethingChanged: false
04-27 20:30:23.510  5878  5878 I AODBatteryManager: updateBatteryData: ACTION_BATTERY_CHANGED
04-27 20:30:23.513  5878  5878 I AODBatteryManager: saveBatteryData : AOD BatteryData [mBatteryLevel=77, mBatteryStatus=CHARGING, mBatteryPlugType=USB, mBatteryPlugged=true, mRemainingChargeTime=2405000, mBatteryChargingType=2, mBatteryChargerType=FAST, mBatteryOnline=NOT_DEFINED, mBatterySwellingMode=NONE, mBatteryProtectMode=false]
04-27 20:30:23.514  5878  5878 I ChargingInfoManager: updateChargingInfo: newState = AOD ChargingInfo [mState=BATTERY_AND_REMAIN_TIME, mIsCharging=true, mIsFullyCharged=false, mIsBatteryProtectMode=false], oldState = AOD ChargingInfo [mState=BATTERY_AND_REMAIN_TIME, mIsCharging=true, mIsFullyCharged=false, mIsBatteryProtectMode=false]
04-27 20:30:23.516  5878  5878 D KeyguardUpdateMonitor: handleBatteryUpdate
04-27 20:30:23.524  5878  5878 D KeyguardSecIndicationController: addIndicationTimeout() returned - unlocking
04-27 20:30:23.524  5878  5878 D KeyguardSecIndicationController: addIndication() returned - unlocking
04-27 20:30:23.525  5878  5878 D KeyguardSecIndicationPolicy:  remove Item pos = DEFAULT, type =           OWNER_INFO
04-27 20:30:23.525  5878  5878 D KeyguardSecIndicationController: addBatteryAndOwnerInfoIndication() battery status = BatteryStatus{status=2,level=77,plugged=2,health=2,maxChargingWattage=-1,remaining=2405000ultraFastCharger=1}
04-27 20:30:23.525  5878  5878 I ChargingInfoView: handleMessage: MSG_SHOW_CHARGING_INFO
04-27 20:30:23.525  5878  5878 I ChargingInfoView: updateContents: BATTERY_AND_REMAIN_TIME
04-27 20:30:23.525  5878  5878 I ChargingInfoView: handleMessage: MSG_SHOW_CHARGING_INFO
04-27 20:30:23.525  5878  5878 I ChargingInfoView: updateContents: BATTERY_AND_REMAIN_TIME
04-27 20:30:23.719  5785  5785 I FreeformContainer: [SmartPopupViewService] onNotificationPosted: StatusBarNotification(pkg=com.android.systemui user=UserHandle{-1} id=2131428972 tag=charging_state key=-1|com.android.systemui|2131428972|charging_state|10054: Notification(channel=CHR shortcut=null contentView=null vibrate=null sound=null defaults=0x0 flags=0xa color=0xff5075a1 category=sys groupKey=CHARGING vis=PUBLIC semFlags=0x0 semPriority=0 semMissedCount=0))
04-27 20:30:23.720  5785  5785 V FreeformContainer: [SmartPopupViewService] isSmartPopupViewTarget: com.android.systemui is not enabled
04-27 20:30:23.724  9209  9748 I NotificationPipeline: Processing new notification: -1|com.android.systemui|2131428972|charging_state|10054
04-27 20:30:23.724  9209  9748 W Notification4Heart_NB: NotificationBridgeCallback.onNotificationPosted-Ignored package : [-1] com.android.systemui
04-27 20:30:23.727  6323  6323 I Launcher.NotificationListener: onNotificationPosted : com.android.systemui number : 0
04-27 20:30:23.744  5878  5878 D PluginAODManager: onNotificationInfoUpdated() 0
04-27 20:30:23.745  5878  5878 I AODNotificationManager: updateVisibleNotifications: 0
04-27 20:30:23.745  5878  5878 I a       : updateStatusBarNotifications: open
04-27 20:30:23.745  5878  5878 I a       : updateStatusBarNotifications: open
04-27 20:30:23.824  5429  7411 D SemWifiUsabilityStatsMonitor: onWifiUsabilityStats - seqNum 4079, isSameBssidAndFreq true
04-27 20:30:23.827  5878  5878 D NetworkController.WifiSignalController: notifyListener: visible=true, connected=true, inetCondition=1, isDefault=true, wifiTestReported=true, receivedInetCondition=-1, hideDuringMobileSwitching=false
04-27 20:30:23.828  5429  5717 I SemWifiLinkQualityMonitor: Link Qos Query: 0.111 ms / 72.000 Mbps (72 / 0.000 / 1.000)
04-27 20:30:23.829  5878  6043 D Tile.WifiTile: handleUpdateState isTransient=false transientEnabling =false cb.isTransient=false state.state = 2 mStateBeforeClick.value =false enabled =true
04-27 20:30:23.921  5878  5878 D BubblesManager: onEntryUpdated : shouldBubbleUp=false ,key=-1|com.android.systemui|2131428972|charging_state|10054
04-27 20:30:23.940  5878  5878 I FaceWidgetPositionAlgorithm: getClockContainerHeight() supplier = 270, bottom margin = 0, real height = 333
04-27 20:30:23.940  5878  5878 I FaceWidgetPositionAlgorithm: getClockContainerHeight() supplier = 270, bottom margin = 63, real height = 333
04-27 20:30:23.941  5878  5878 I FaceWidgetPositionAlgorithm: getMediaContainerHeight() height = 0 container Visibility = 8, isValid = false, mIsDozing = false, fraction = 1.0, source = 0, target = 0
04-27 20:30:23.941  5878  5878 I FaceWidgetPositionAlgorithm: getMediaContainerHeight() supplier = 0
04-27 20:30:23.948  5878  5878 D PluginAODManager: onNotificationInfoUpdated() 0
04-27 20:30:23.948  5878  5878 I AODNotificationManager: updateVisibleNotifications: 0
04-27 20:30:23.948  5878  5878 I a       : updateStatusBarNotifications: open
04-27 20:30:23.948  5878  5878 I a       : updateStatusBarNotifications: open
04-27 20:30:24.016  5878  5878 I FaceWidgetPositionAlgorithm: getClockContainerHeight() supplier = 270, bottom margin = 0, real height = 333
04-27 20:30:24.017  5878  5878 I FaceWidgetPositionAlgorithm: getClockContainerHeight() supplier = 270, bottom margin = 63, real height = 333
04-27 20:30:24.017  5878  5878 I FaceWidgetPositionAlgorithm: getMediaContainerHeight() height = 0 container Visibility = 8, isValid = false, mIsDozing = false, fraction = 1.0, source = 0, target = 0
04-27 20:30:24.017  5878  5878 I FaceWidgetPositionAlgorithm: getMediaContainerHeight() supplier = 0
04-27 20:30:24.054  5878  5878 I FaceWidgetPositionAlgorithm: getClockContainerHeight() supplier = 270, bottom margin = 0, real height = 333
04-27 20:30:24.055  5878  5878 I FaceWidgetPositionAlgorithm: getClockContainerHeight() supplier = 270, bottom margin = 63, real height = 333
04-27 20:30:24.055  5878  5878 I FaceWidgetPositionAlgorithm: getMediaContainerHeight() height = 0 container Visibility = 8, isValid = false, mIsDozing = false, fraction = 1.0, source = 0, target = 0
04-27 20:30:24.055  5878  5878 I FaceWidgetPositionAlgorithm: getMediaContainerHeight() supplier = 0
04-27 20:30:24.060  5878  5878 D PluginAODManager: onNotificationInfoUpdated() 0
04-27 20:30:24.061  5878  5878 I AODNotificationManager: updateVisibleNotifications: 0
04-27 20:30:24.061  5878  5878 I a       : updateStatusBarNotifications: open
04-27 20:30:24.061  5878  5878 I a       : updateStatusBarNotifications: open
04-27 20:30:24.754 20358 25549 E PlayCommon: [199] alak.run(3): Metalog directories were deleted unexpectedly, recreating...
04-27 20:30:26.869  5429  7411 D SemWifiUsabilityStatsMonitor: onWifiUsabilityStats - seqNum 4080, isSameBssidAndFreq true
04-27 20:30:26.879  5878  5878 D NetworkController.WifiSignalController: notifyListener: visible=true, connected=true, inetCondition=1, isDefault=true, wifiTestReported=true, receivedInetCondition=-1, hideDuringMobileSwitching=false
04-27 20:30:26.881  5878  6043 D Tile.WifiTile: handleUpdateState isTransient=false transientEnabling =false cb.isTransient=false state.state = 2 mStateBeforeClick.value =false enabled =true
04-27 20:30:26.881  5429  5717 I SemWifiLinkQualityMonitor: Link Qos Query: 0.111 ms / 72.000 Mbps (72 / 0.000 / 1.000)
04-27 20:30:28.513  5878  5878 D SecPowerUI.Notification: showChargingNotice oldChargingType : 11 / currentChargingType : 11, oldChargingTime : 2405000 / mChargingTime : 2405000
04-27 20:30:28.513  5878  5878 D SecPowerUI.Notification: There is no change about charging status, so return!
04-27 20:30:29.583  5429  6109 D PackageManager: setEnabledSetting : userId = 0 packageName = com.Slack cmp = androidx.work.impl.background.systemalarm.RescheduleReceiver newState = 1 callingPackage = 10329/com.Slack
04-27 20:30:29.586  5429  6109 D ApplicationPolicy: getApplicationStateEnabled : pkg = com.Slack userId : 0
04-27 20:30:29.592  5429  6109 D ApplicationPolicy: getApplicationComponentState : pkg = com.Slack userId : 0
04-27 20:30:29.643  5429  5488 W libprocessgroup: Failed to open /dev/blkio//cgroup.procs: No such file or directory
04-27 20:30:29.668 31104 31178 D ConnectivityManager: StackLog: [android.net.ConnectivityManager.sendRequestForNetwork(ConnectivityManager.java:4191)] [android.net.ConnectivityManager.registerDefaultNetworkCallbackForUid(ConnectivityManager.java:4755)] [android.net.ConnectivityManager.registerDefaultNetworkCallback(ConnectivityManager.java:4722)] [android.net.ConnectivityManager.registerDefaultNetworkCallback(ConnectivityManager.java:4696)] [androidx.work.impl.utils.NetworkApi24.registerDefaultNetworkCallbackCompat(Unknown Source:10)] [androidx.work.impl.constraints.trackers.NetworkStateTracker24.startTracking(Unknown Source:15)] [androidx.work.impl.constraints.controllers.ConstraintController.replace(Unknown Source:130)] [androidx.work.impl.constraints.WorkConstraintsTrackerImpl.replace(Unknown Source:41)] [androidx.work.impl.background.greedy.GreedyScheduler.schedule(Unknown Source:300)] [androidx.work.impl.Schedulers.schedule(Unknown Source:149)] [androidx.work.impl.utils.EnqueueRunnable.run(Unknown Source:53)] [androidx.work.Worker$2.run$androidx$work$impl$utils$SerialExecutorImpl$Task(Unknown Source:4)] [androidx.work.Worker$2.run(Unknown Source:868)] [java.util.concurrent.ThreadPoolExecutor.runWorker(ThreadPoolExecutor.java:1137)] [java.util.concurrent.ThreadPoolExecutor$Worker.run(ThreadPoolExecutor.java:637)] [java.lang.Thread.run(Thread.java:1012)]
04-27 20:30:29.671  5429  5442 D ConnectivityService: requestNetwork for uid/pid:10329/31104 activeRequest: null callbackRequest: 3965 [NetworkRequest [ REQUEST id=3966, [ Capabilities: INTERNET&NOT_RESTRICTED&TRUSTED&NOT_VCN_MANAGED Uid: 10329 RequestorUid: 10329 RequestorPkg: com.Slack UnderlyingNetworks: Null] ]] callback flags: 0 order: 2147483647
04-27 20:30:29.673  5429  5665 D ConnectivityService:    accepting network in place of null
04-27 20:30:29.683  5429  5655 D WifiNetworkFactory: got request NetworkRequest [ REQUEST id=3966, [ Capabilities: INTERNET&NOT_RESTRICTED&TRUSTED&NOT_VCN_MANAGED Uid: 10329 RequestorUid: 10329 RequestorPkg: com.Slack UnderlyingNetworks: Null] ]
04-27 20:30:29.684  5429  5655 D UntrustedWifiNetworkFactory: got request NetworkRequest [ REQUEST id=3966, [ Capabilities: INTERNET&NOT_RESTRICTED&TRUSTED&NOT_VCN_MANAGED Uid: 10329 RequestorUid: 10329 RequestorPkg: com.Slack UnderlyingNetworks: Null] ]
04-27 20:30:29.685  5429  5655 D OemPaidWifiNetworkFactory: got request NetworkRequest [ REQUEST id=3966, [ Capabilities: INTERNET&NOT_RESTRICTED&TRUSTED&NOT_VCN_MANAGED Uid: 10329 RequestorUid: 10329 RequestorPkg: com.Slack UnderlyingNetworks: Null] ]
04-27 20:30:29.686  5429  5655 D MultiInternetWifiNetworkFactory: got request NetworkRequest [ REQUEST id=3966, [ Capabilities: INTERNET&NOT_RESTRICTED&TRUSTED&NOT_VCN_MANAGED Uid: 10329 RequestorUid: 10329 RequestorPkg: com.Slack UnderlyingNetworks: Null] ]
04-27 20:30:29.686  5429  5665 D ConnectivityService: Rematched networks [computed 1ms] [applied 2ms] [issued 11]
04-27 20:30:29.686  5429  5665 D ConnectivityService: NetworkReassignment :
04-27 20:30:29.686  5429  5665 D ConnectivityService:   3966 : null → 108
04-27 20:30:29.705 31104 31104 D ConnectivityManager: StackLog: [android.net.ConnectivityManager.unregisterNetworkCallback(ConnectivityManager.java:4863)] [androidx.work.impl.utils.NetworkApi21.unregisterNetworkCallbackCompat(Unknown Source:10)] [androidx.work.impl.constraints.trackers.NetworkStateTracker24.stopTracking(Unknown Source:15)] [androidx.work.impl.constraints.trackers.ConstraintTracker.removeListener(Unknown Source:24)] [androidx.work.impl.constraints.controllers.ConstraintController.replace(Unknown Source:81)] [androidx.work.impl.constraints.WorkConstraintsTrackerImpl.replace(Unknown Source:41)] [androidx.work.impl.background.greedy.GreedyScheduler.onExecuted(Unknown Source:55)] [androidx.work.impl.Processor.onExecuted(Unknown Source:59)] [com.bugsnag.android.DeliveryDelegate$1.run(Unknown Source:212)]
04-27 20:30:29.708  5429  5665 D ConnectivityService:  Removing from current network [108 WIFI], leaving 152 requests.
04-27 20:30:29.888  5429  7411 D SemWifiUsabilityStatsMonitor: onWifiUsabilityStats - seqNum 4081, isSameBssidAndFreq true
04-27 20:30:29.890  5878  5878 D NetworkController.WifiSignalController: notifyListener: visible=true, connected=true, inetCondition=1, isDefault=true, wifiTestReported=true, receivedInetCondition=-1, hideDuringMobileSwitching=false
04-27 20:30:29.892  5878  6043 D Tile.WifiTile: handleUpdateState isTransient=false transientEnabling =false cb.isTransient=false state.state = 2 mStateBeforeClick.value =false enabled =true
04-27 20:30:29.893  5429  5717 I SemWifiLinkQualityMonitor: Link Qos Query: 0.159 ms / 50.400 Mbps (72 / 0.000 / 1.429)
04-27 20:30:31.177  6865  8672 I ContactsProvider_EventLog: cp_s: [CONTACT con(156) dat(1077) acc({sim(3)=15, sec(6)=1, sim2(4)=1, google(2)=81, org.telegram.messenger(236)=99, com.whatsapp(14)=39}) calls([logtype:100 cnt:867, logtype:200 cnt:5, logtype:300 cnt:495, logtype:1000 cnt:608, logtype:1150 cnt:161]) Iso(RS) uId(0) ]
04-27 20:30:31.177  6865  8672 I ContactsProvider_EventLog: cp_s: [ agr({[2 ,2 ,14 ,236]=1, [2 ,14 ,236]=32, [3]=15, [14]=1, [4]=1, [2 ,14]=4, [2 ,2]=2, [2]=33, [6 ,14]=1, [2 ,236]=6, [236]=60}) ]
04-27 20:30:31.177  6865  8672 I ContactsProvider_EventLog: cp_s: [ cnt({acore(6865)=1}) ]
04-27 20:30:31.177  6865  8672 I ContactsProvider_EventLog: cp_s: [PROFILE con(1) dat(1) acc({vnd.sec.contact.phone=1}) ] [SAPROFILE ]
04-27 20:30:31.177  6865  8672 I ContactsProvider_EventLog: cp_s: [STATE R(T) ]
04-27 20:30:32.031  5095  5095 I SurfaceFlinger: SFWD update time=22541224213529
04-27 20:30:32.924  5429  7411 D SemWifiUsabilityStatsMonitor: onWifiUsabilityStats - seqNum 4082, isSameBssidAndFreq true
04-27 20:30:32.929  5878  5878 D NetworkController.WifiSignalController: notifyListener: visible=true, connected=true, inetCondition=1, isDefault=true, wifiTestReported=true, receivedInetCondition=-1, hideDuringMobileSwitching=false
04-27 20:30:32.933  5429  5717 I SemWifiLinkQualityMonitor: Link Qos Query: 0.159 ms / 50.400 Mbps (72 / 0.000 / 1.429)
04-27 20:30:32.938  5878  6043 D Tile.WifiTile: handleUpdateState isTransient=false transientEnabling =false cb.isTransient=false state.state = 2 mStateBeforeClick.value =false enabled =true
04-27 20:30:33.470  5067  5067 E sehhealth-service: Could not open /sys/class/power_supply/battery/lrp
04-27 20:30:33.479  5429  5429 D PhoneWindowManagerExt: ACTION_BATTERY_CHANGED - Level=77, status=2
04-27 20:30:33.482  5429  5602 D MotionRecognitionService: [SAR]  onReceive : ACTION_BATTERY_CHANGED, Plugged: 2
04-27 20:30:33.495  5429  5429 D SemWifiApBroadcastReceiver: Received : android.intent.action.BATTERY_CHANGED
04-27 20:30:33.498  5787  5787 D SemBigDataInfoController: Intent: android.intent.action.BATTERY_CHANGED
04-27 20:30:33.503  5878  5878 I PowerUI : mBootCompleted = true |  mFullyConnected = true
04-27 20:30:33.503  5878  5878 W PowerUI : Plug reason
04-27 20:30:33.503  5878  5878 W PowerUI : Skip charging animation - by plug status
04-27 20:30:33.503  5878  5878 D PowerUI : priorPlugType = 2 mPlugType = 2 priorBatteryStatus = 2 mBatteryStatus = 2
04-27 20:30:33.503  5878  5878 W PowerUI : Plug reason
04-27 20:30:33.504  5878  5878 W PowerUI : Skip charging sound - by plug status
04-27 20:30:33.504  5878  5878 I PowerUI : oldMisalign : false, curMisalign : false
04-27 20:30:33.504  5878  7984 D SecPowerUI.Notification: dismissing low battery warning: level=77
04-27 20:30:33.505  5878  7984 D SecPowerUI.Notification: updateNotification mWarning=false mPlaySound=false
04-27 20:30:33.505  5878  7984 D SecPowerUI.Notification: SecBatteryStatsSnapshot{batteryLevel=77, currentBatteryMode=0, chargingTime=2405000, chargingType=11, batteryHealth=2, automaticTestMode=false, isHiccupState=false}
04-27 20:30:33.509  5787  5787 D SemBigDataInfoController: Intent: android.intent.action.BATTERY_CHANGED
04-27 20:30:33.510  5878  5878 D SecPowerUI.Notification: showChargingNotice oldChargingType : 11 / currentChargingType : 11, oldChargingTime : 2405000 / mChargingTime : 2401000
04-27 20:30:33.510  5878  5878 D SecPowerUI.Notification: showChargingNotification()
04-27 20:30:33.510  5878  5878 D SecPowerUI.Notification: SecBatteryStatsSnapshot{batteryLevel=77, currentBatteryMode=0, chargingTime=2401000, chargingType=11, batteryHealth=2, automaticTestMode=false, isHiccupState=false}
04-27 20:30:33.519  5878  7984 D SecPowerUI.Notification: 1. restoreScreenTimeOut - saved_value : :
04-27 20:30:33.519  5878  7984 E SecPowerUI.Notification: no saved value, so we do nothing !!
04-27 20:30:33.531  5429  8509 D ApplicationPolicy: isStatusBarNotificationAllowedAsUser: packageName = com.android.systemui,userId = 0
04-27 20:30:33.531  5429  8509 D ApplicationPolicy: isStatusBarNotificationAllowedAsUser: packageName = com.android.systemui,userId = -1
04-27 20:30:33.532  5429  8509 D ApplicationPolicy: isStatusBarNotificationAllowedAsUser: converting userId from USER_ALLto 0
04-27 20:30:33.534  5878  5878 D PowerUI : Battery swelling mode - priorBatterySwellingMode = 0 mBatterySwellingMode = 0 mBatteryStatus = 2
04-27 20:30:33.534  5878  5878 I PowerUI : mBatteryMiscEvent = 65536
04-27 20:30:33.535  5878  5878 D KeyguardUpdateMonitor: received broadcast android.intent.action.BATTERY_CHANGED
04-27 20:30:33.535  5878  5878 D SamsungBatteryMeterDrawable: onBatteryLevelChanged isSomethingChanged: false
04-27 20:30:33.536  5878  5878 D SamsungBatteryMeterDrawable: onBatteryLevelChanged isSomethingChanged: false
04-27 20:30:33.538  5878  5878 D SamsungBatteryMeterDrawable: onBatteryLevelChanged isSomethingChanged: false
04-27 20:30:33.538  5878  5878 D SamsungBatteryMeterDrawable: onBatteryLevelChanged isSomethingChanged: false
04-27 20:30:33.539  5878  5878 I AODBatteryManager: updateBatteryData: ACTION_BATTERY_CHANGED
04-27 20:30:33.543  5878  5878 I AODBatteryManager: saveBatteryData : AOD BatteryData [mBatteryLevel=77, mBatteryStatus=CHARGING, mBatteryPlugType=USB, mBatteryPlugged=true, mRemainingChargeTime=2401000, mBatteryChargingType=2, mBatteryChargerType=FAST, mBatteryOnline=NOT_DEFINED, mBatterySwellingMode=NONE, mBatteryProtectMode=false]
04-27 20:30:33.543  5878  5878 I ChargingInfoManager: updateChargingInfo: newState = AOD ChargingInfo [mState=BATTERY_AND_REMAIN_TIME, mIsCharging=true, mIsFullyCharged=false, mIsBatteryProtectMode=false], oldState = AOD ChargingInfo [mState=BATTERY_AND_REMAIN_TIME, mIsCharging=true, mIsFullyCharged=false, mIsBatteryProtectMode=false]
04-27 20:30:33.546  5878  5878 D KeyguardUpdateMonitor: handleBatteryUpdate
04-27 20:30:33.552  5878  5878 D KeyguardSecIndicationController: addIndicationTimeout() returned - unlocking
04-27 20:30:33.553  5878  5878 D KeyguardSecIndicationController: addIndication() returned - unlocking
04-27 20:30:33.553  5878  5878 D KeyguardSecIndicationPolicy:  remove Item pos = DEFAULT, type =           OWNER_INFO
04-27 20:30:33.553  5878  5878 D KeyguardSecIndicationController: addBatteryAndOwnerInfoIndication() battery status = BatteryStatus{status=2,level=77,plugged=2,health=2,maxChargingWattage=-1,remaining=2401000ultraFastCharger=1}
04-27 20:30:33.554  5878  5878 I ChargingInfoView: handleMessage: MSG_SHOW_CHARGING_INFO
04-27 20:30:33.554  5878  5878 I ChargingInfoView: updateContents: BATTERY_AND_REMAIN_TIME
04-27 20:30:33.554  5878  5878 I ChargingInfoView: handleMessage: MSG_SHOW_CHARGING_INFO
04-27 20:30:33.554  5878  5878 I ChargingInfoView: updateContents: BATTERY_AND_REMAIN_TIME
04-27 20:30:33.764  5785  5785 I FreeformContainer: [SmartPopupViewService] onNotificationPosted: StatusBarNotification(pkg=com.android.systemui user=UserHandle{-1} id=2131428972 tag=charging_state key=-1|com.android.systemui|2131428972|charging_state|10054: Notification(channel=CHR shortcut=null contentView=null vibrate=null sound=null defaults=0x0 flags=0xa color=0xff5075a1 category=sys groupKey=CHARGING vis=PUBLIC semFlags=0x0 semPriority=0 semMissedCount=0))
04-27 20:30:33.764  5785  5785 V FreeformContainer: [SmartPopupViewService] isSmartPopupViewTarget: com.android.systemui is not enabled
04-27 20:30:33.768  9209  9748 I NotificationPipeline: Processing new notification: -1|com.android.systemui|2131428972|charging_state|10054
04-27 20:30:33.768  9209  9748 W Notification4Heart_NB: NotificationBridgeCallback.onNotificationPosted-Ignored package : [-1] com.android.systemui
04-27 20:30:33.772  6323  6323 I Launcher.NotificationListener: onNotificationPosted : com.android.systemui number : 0
04-27 20:30:33.785  5878  5878 D PluginAODManager: onNotificationInfoUpdated() 0
04-27 20:30:33.786  5878  5878 I AODNotificationManager: updateVisibleNotifications: 0
04-27 20:30:33.786  5878  5878 I a       : updateStatusBarNotifications: open
04-27 20:30:33.786  5878  5878 I a       : updateStatusBarNotifications: open
04-27 20:30:33.971  5878  5878 D BubblesManager: onEntryUpdated : shouldBubbleUp=false ,key=-1|com.android.systemui|2131428972|charging_state|10054
04-27 20:30:34.028  5878  5878 I FaceWidgetPositionAlgorithm: getClockContainerHeight() supplier = 270, bottom margin = 0, real height = 333
04-27 20:30:34.030  5878  5878 I FaceWidgetPositionAlgorithm: getClockContainerHeight() supplier = 270, bottom margin = 63, real height = 333
04-27 20:30:34.030  5878  5878 I FaceWidgetPositionAlgorithm: getMediaContainerHeight() height = 0 container Visibility = 8, isValid = false, mIsDozing = false, fraction = 1.0, source = 0, target = 0
04-27 20:30:34.030  5878  5878 I FaceWidgetPositionAlgorithm: getMediaContainerHeight() supplier = 0
04-27 20:30:34.052  5878  5878 D PluginAODManager: onNotificationInfoUpdated() 0
04-27 20:30:34.052  5878  5878 I AODNotificationManager: updateVisibleNotifications: 0
04-27 20:30:34.053  5878  5878 I a       : updateStatusBarNotifications: open
04-27 20:30:34.053  5878  5878 I a       : updateStatusBarNotifications: open
04-27 20:30:34.103  5878  5878 I FaceWidgetPositionAlgorithm: getClockContainerHeight() supplier = 270, bottom margin = 0, real height = 333
04-27 20:30:34.104  5878  5878 I FaceWidgetPositionAlgorithm: getClockContainerHeight() supplier = 270, bottom margin = 63, real height = 333
04-27 20:30:34.104  5878  5878 I FaceWidgetPositionAlgorithm: getMediaContainerHeight() height = 0 container Visibility = 8, isValid = false, mIsDozing = false, fraction = 1.0, source = 0, target = 0
04-27 20:30:34.104  5878  5878 I FaceWidgetPositionAlgorithm: getMediaContainerHeight() supplier = 0
04-27 20:30:34.172  5878  5878 I FaceWidgetPositionAlgorithm: getClockContainerHeight() supplier = 270, bottom margin = 0, real height = 333
04-27 20:30:34.172  5878  5878 I FaceWidgetPositionAlgorithm: getClockContainerHeight() supplier = 270, bottom margin = 63, real height = 333
04-27 20:30:34.172  5878  5878 I FaceWidgetPositionAlgorithm: getMediaContainerHeight() height = 0 container Visibility = 8, isValid = false, mIsDozing = false, fraction = 1.0, source = 0, target = 0
04-27 20:30:34.172  5878  5878 I FaceWidgetPositionAlgorithm: getMediaContainerHeight() supplier = 0
04-27 20:30:34.178  5878  5878 D PluginAODManager: onNotificationInfoUpdated() 0
04-27 20:30:34.179  5878  5878 I AODNotificationManager: updateVisibleNotifications: 0
04-27 20:30:34.179  5878  5878 I a       : updateStatusBarNotifications: open
04-27 20:30:34.179  5878  5878 I a       : updateStatusBarNotifications: open
04-27 20:30:34.390  5878  5888 I ndroid.systemui: Background young concurrent copying GC freed 515476(20MB) AllocSpace objects, 12(240KB) LOS objects, 37% free, 33MB/53MB, paused 1.390ms,147us total 311.044ms
04-27 20:30:34.553  5429  5429 D SemWifiP2pGoPowerSave: GopsReceiver : received : com.samsung.intent.action.CHECK_SIOP_LEVEL
04-27 20:30:34.553  5429  5429 I SemWifiP2pGoPowerSave: siop_level = -1
04-27 20:30:34.556 11589 11751 I SystemBroadcastReceiver: [#CMH#] onReceive completed :  0
04-27 20:30:34.557 11589 11589 I PolicyManager: [#CMH#] onReceive action = EVENT_SIOP
04-27 20:30:35.042  5429  3979 D TrafficStats: tagSocket(926) with statsTag=0xffffffff, statsUid=-1
04-27 20:30:35.050  5429  3979 D TrafficStats: tagSocket(937) with statsTag=0xffffffff, statsUid=-1
04-27 20:30:35.260  5429  3979 D WifiConnectivityMonitor.DnsThread:  [|219] []
04-27 20:30:35.262  5429  5738 D WifiConnectivityMonitor.NetworkStatsAnalyzer: DNS resultType : 0, responseTime : 219
04-27 20:30:35.264  5429  5736 D OpenNetworkQos[4.00]: updateBssidLatestDnsResultType - result: 0
04-27 20:30:35.264  5429  5736 D OpenNetworkQos[4.00]: updateBssidNoInternet: mBssidNoInternet = false
04-27 20:30:35.264  5429  5736 D OpenNetworkQos[4.00]: getOpenNetworkQosNoInternetStatus: false
04-27 20:30:35.264  5429  5736 D OpenNetworkQos[4.00]: getOpenNetworkQosScores: 26 25 0
04-27 20:30:35.265  5429  5736 I WifiProfileShare: network QoS data was changed (internet), updateQoSData networkType: true, qosData: false
04-27 20:30:35.265  5429  7167 V WifiProfileShare.Caster: update wips network, size: 0
04-27 20:30:35.265  5429  7167 D WifiProfileShare: nearby scanning settings run
04-27 20:30:35.266  5429  7167 D WifiProfileShare: network score provider settings enabled
04-27 20:30:35.266  5429  7167 D OpenNetworkQos[4.00]: getOpenNetworkQosScores: 26 25 0
04-27 20:30:35.266  5429  7167 D OpenNetworkQos[4.00]: getOpenNetworkQosNoInternetStatus: false
04-27 20:30:35.266  5429  7167 I WifiProfileShare.Caster: current network type: 0, score: [26, 25, 0]
04-27 20:30:35.267  5429  7167 V WifiProfileShare.Cache: update network score 0c:8d:db:**:**:7d
04-27 20:30:35.268  5429  7167 D WifiProfileShare.ScanMatcher: getMcfDataList size:20
04-27 20:30:35.269  5429  7167 I WifiProfileShare.Caster: qos data was updated , before:type:QOS, pBssid:e8:51:71, qosData:78 after:type:QOS, pBssid:e8:51:71, qosData:78
04-27 20:30:35.273  5429  7167 I [MCFSDK_android_1.2.4010]_4_b: isNetworkEnabled - type : 1 ret : true
04-27 20:30:35.273  5429  7167 D WifiProfileShare.McfCast: -ME--- mIsNetworkEnabled :true
04-27 20:30:35.273  5429  7167 D WifiProfileShare.McfCast: updateQoSData ignored, same contents
04-27 20:30:35.273  5429  7167 D WifiProfileShare.MCF: success update QosData !
04-27 20:30:35.275  5429  7167 I [MCFSDK_android_1.2.4010]_4_b: isNetworkEnabled - type : 1 ret : true
04-27 20:30:35.275  5429  7167 D WifiProfileShare.McfCast: -ME--- mIsNetworkEnabled :true
04-27 20:30:35.276  5429  7167 D WifiProfileShare.McfCast: -ME--- updatePasswordDate pwdData size:20
04-27 20:30:35.972  5429  7411 D SemWifiUsabilityStatsMonitor: onWifiUsabilityStats - seqNum 4083, isSameBssidAndFreq true
04-27 20:30:35.977  5429  5717 I SemWifiLinkQualityMonitor: Link Qos Query: 0.167 ms / 48.000 Mbps (72 / 0.000 / 1.500)
04-27 20:30:35.977  5878  5878 D NetworkController.WifiSignalController: notifyListener: visible=true, connected=true, inetCondition=1, isDefault=true, wifiTestReported=true, receivedInetCondition=-1, hideDuringMobileSwitching=false
04-27 20:30:35.992  5878  6043 D Tile.WifiTile: handleUpdateState isTransient=false transientEnabling =false cb.isTransient=false state.state = 2 mStateBeforeClick.value =false enabled =true
04-27 20:30:36.562 11589 11769 I PolicyManager: [#CMH#] Is foreground game app: false
04-27 20:30:38.543  5878  5878 D SecPowerUI.Notification: showChargingNotice oldChargingType : 11 / currentChargingType : 11, oldChargingTime : 2401000 / mChargingTime : 2401000
04-27 20:30:38.544  5878  5878 D SecPowerUI.Notification: There is no change about charging status, so return!
04-27 20:30:39.001  5429  7411 D SemWifiUsabilityStatsMonitor: onWifiUsabilityStats - seqNum 4084, isSameBssidAndFreq true
04-27 20:30:39.006  5429  5717 I SemWifiLinkQualityMonitor: Link Qos Query: 0.167 ms / 48.000 Mbps (72 / 0.000 / 1.500)
04-27 20:30:39.008  5878  5878 D NetworkController.WifiSignalController: notifyListener: visible=true, connected=true, inetCondition=1, isDefault=true, wifiTestReported=true, receivedInetCondition=-1, hideDuringMobileSwitching=false
04-27 20:30:39.020  5878  6043 D Tile.WifiTile: handleUpdateState isTransient=false transientEnabling =false cb.isTransient=false state.state = 2 mStateBeforeClick.value =false enabled =true
04-27 20:30:40.058  5040  5080 I HYPER-HAL: [RequestManager.cpp]releaseLocked(): Released ID : 35713928
04-27 20:30:42.040  5429  7411 D SemWifiUsabilityStatsMonitor: onWifiUsabilityStats - seqNum 4085, isSameBssidAndFreq true
04-27 20:30:42.049  5429  5717 I SemWifiLinkQualityMonitor: Link Qos Query: 0.167 ms / 48.000 Mbps (72 / 0.000 / 1.500)
04-27 20:30:43.503  5067  5067 E sehhealth-service: Could not open /sys/class/power_supply/battery/lrp
04-27 20:30:43.509  5429  5429 D PhoneWindowManagerExt: ACTION_BATTERY_CHANGED - Level=77, status=2
04-27 20:30:43.512  5429  5602 D MotionRecognitionService: [SAR]  onReceive : ACTION_BATTERY_CHANGED, Plugged: 2
04-27 20:30:43.520  5429  5429 D SemWifiApBroadcastReceiver: Received : android.intent.action.BATTERY_CHANGED
04-27 20:30:43.521  5787  5787 D SemBigDataInfoController: Intent: android.intent.action.BATTERY_CHANGED
04-27 20:30:43.523  5787  5787 D SemBigDataInfoController: Intent: android.intent.action.BATTERY_CHANGED
04-27 20:30:43.527  5878  5878 I PowerUI : mBootCompleted = true |  mFullyConnected = true
04-27 20:30:43.528  5878  5878 W PowerUI : Plug reason
04-27 20:30:43.528  5878  5878 W PowerUI : Skip charging animation - by plug status
04-27 20:30:43.528  5878  5878 D PowerUI : priorPlugType = 2 mPlugType = 2 priorBatteryStatus = 2 mBatteryStatus = 2
04-27 20:30:43.528  5878  5878 W PowerUI : Plug reason
04-27 20:30:43.528  5878  5878 W PowerUI : Skip charging sound - by plug status
04-27 20:30:43.528  5878  6757 D SecPowerUI.Notification: dismissing low battery warning: level=77
04-27 20:30:43.528  5878  6757 D SecPowerUI.Notification: updateNotification mWarning=false mPlaySound=false
04-27 20:30:43.529  5878  6757 D SecPowerUI.Notification: SecBatteryStatsSnapshot{batteryLevel=77, currentBatteryMode=0, chargingTime=2401000, chargingType=11, batteryHealth=2, automaticTestMode=false, isHiccupState=false}
04-27 20:30:43.529  5878  5878 I PowerUI : oldMisalign : false, curMisalign : false
04-27 20:30:43.532  5878  6757 D SecPowerUI.Notification: 1. restoreScreenTimeOut - saved_value : :
04-27 20:30:43.532  5878  6757 E SecPowerUI.Notification: no saved value, so we do nothing !!
04-27 20:30:43.534  5878  5878 D SecPowerUI.Notification: showChargingNotice oldChargingType : 11 / currentChargingType : 11, oldChargingTime : 2401000 / mChargingTime : 2394000
04-27 20:30:43.534  5878  5878 D SecPowerUI.Notification: showChargingNotification()
04-27 20:30:43.534  5878  5878 D SecPowerUI.Notification: SecBatteryStatsSnapshot{batteryLevel=77, currentBatteryMode=0, chargingTime=2394000, chargingType=11, batteryHealth=2, automaticTestMode=false, isHiccupState=false}
04-27 20:30:43.549  5429  5442 D ApplicationPolicy: isStatusBarNotificationAllowedAsUser: packageName = com.android.systemui,userId = 0
04-27 20:30:43.549  5429  5442 D ApplicationPolicy: isStatusBarNotificationAllowedAsUser: packageName = com.android.systemui,userId = -1
04-27 20:30:43.549  5429  5442 D ApplicationPolicy: isStatusBarNotificationAllowedAsUser: converting userId from USER_ALLto 0
04-27 20:30:43.551  5878  5878 D PowerUI : Battery swelling mode - priorBatterySwellingMode = 0 mBatterySwellingMode = 0 mBatteryStatus = 2
04-27 20:30:43.551  5878  5878 I PowerUI : mBatteryMiscEvent = 65536
04-27 20:30:43.551  5878  5878 D KeyguardUpdateMonitor: received broadcast android.intent.action.BATTERY_CHANGED
04-27 20:30:43.552  5878  5878 D SamsungBatteryMeterDrawable: onBatteryLevelChanged isSomethingChanged: false
04-27 20:30:43.552  5878  5878 D SamsungBatteryMeterDrawable: onBatteryLevelChanged isSomethingChanged: false
04-27 20:30:43.553  5878  5878 D SamsungBatteryMeterDrawable: onBatteryLevelChanged isSomethingChanged: false
04-27 20:30:43.553  5878  5878 D SamsungBatteryMeterDrawable: onBatteryLevelChanged isSomethingChanged: false
04-27 20:30:43.553  5878  5878 I AODBatteryManager: updateBatteryData: ACTION_BATTERY_CHANGED
04-27 20:30:43.555  5878  5878 I AODBatteryManager: saveBatteryData : AOD BatteryData [mBatteryLevel=77, mBatteryStatus=CHARGING, mBatteryPlugType=USB, mBatteryPlugged=true, mRemainingChargeTime=2394000, mBatteryChargingType=2, mBatteryChargerType=FAST, mBatteryOnline=NOT_DEFINED, mBatterySwellingMode=NONE, mBatteryProtectMode=false]
04-27 20:30:43.556  5878  5878 I ChargingInfoManager: updateChargingInfo: newState = AOD ChargingInfo [mState=BATTERY_AND_REMAIN_TIME, mIsCharging=true, mIsFullyCharged=false, mIsBatteryProtectMode=false], oldState = AOD ChargingInfo [mState=BATTERY_AND_REMAIN_TIME, mIsCharging=true, mIsFullyCharged=false, mIsBatteryProtectMode=false]
04-27 20:30:43.559  5878  5878 D KeyguardUpdateMonitor: handleBatteryUpdate
04-27 20:30:43.569  5878  5878 D KeyguardSecIndicationController: addIndicationTimeout() returned - unlocking
04-27 20:30:43.569  5878  5878 D KeyguardSecIndicationController: addIndication() returned - unlocking
04-27 20:30:43.569  5878  5878 D KeyguardSecIndicationPolicy:  remove Item pos = DEFAULT, type =           OWNER_INFO
04-27 20:30:43.570  5878  5878 D KeyguardSecIndicationController: addBatteryAndOwnerInfoIndication() battery status = BatteryStatus{status=2,level=77,plugged=2,health=2,maxChargingWattage=-1,remaining=2394000ultraFastCharger=1}
04-27 20:30:43.570  5878  5878 I ChargingInfoView: handleMessage: MSG_SHOW_CHARGING_INFO
04-27 20:30:43.570  5878  5878 I ChargingInfoView: updateContents: BATTERY_AND_REMAIN_TIME
04-27 20:30:43.570  5878  5878 I ChargingInfoView: handleMessage: MSG_SHOW_CHARGING_INFO
04-27 20:30:43.570  5878  5878 I ChargingInfoView: updateContents: BATTERY_AND_REMAIN_TIME
04-27 20:30:43.771  5785  5785 I FreeformContainer: [SmartPopupViewService] onNotificationPosted: StatusBarNotification(pkg=com.android.systemui user=UserHandle{-1} id=2131428972 tag=charging_state key=-1|com.android.systemui|2131428972|charging_state|10054: Notification(channel=CHR shortcut=null contentView=null vibrate=null sound=null defaults=0x0 flags=0xa color=0xff5075a1 category=sys groupKey=CHARGING vis=PUBLIC semFlags=0x0 semPriority=0 semMissedCount=0))
04-27 20:30:43.771  5785  5785 V FreeformContainer: [SmartPopupViewService] isSmartPopupViewTarget: com.android.systemui is not enabled
04-27 20:30:43.775  9209  9748 I NotificationPipeline: Processing new notification: -1|com.android.systemui|2131428972|charging_state|10054
04-27 20:30:43.775  9209  9748 W Notification4Heart_NB: NotificationBridgeCallback.onNotificationPosted-Ignored package : [-1] com.android.systemui
04-27 20:30:43.778  6323  6323 I Launcher.NotificationListener: onNotificationPosted : com.android.systemui number : 0
04-27 20:30:43.802  5878  5878 D PluginAODManager: onNotificationInfoUpdated() 0
04-27 20:30:43.803  5878  5878 I AODNotificationManager: updateVisibleNotifications: 0
04-27 20:30:43.803  5878  5878 I a       : updateStatusBarNotifications: open
04-27 20:30:43.803  5878  5878 I a       : updateStatusBarNotifications: open
04-27 20:30:43.985  5878  5878 D BubblesManager: onEntryUpdated : shouldBubbleUp=false ,key=-1|com.android.systemui|2131428972|charging_state|10054
04-27 20:30:44.019  5878  5878 I FaceWidgetPositionAlgorithm: getClockContainerHeight() supplier = 270, bottom margin = 0, real height = 333
04-27 20:30:44.020  5878  5878 I FaceWidgetPositionAlgorithm: getClockContainerHeight() supplier = 270, bottom margin = 63, real height = 333
04-27 20:30:44.020  5878  5878 I FaceWidgetPositionAlgorithm: getMediaContainerHeight() height = 0 container Visibility = 8, isValid = false, mIsDozing = false, fraction = 1.0, source = 0, target = 0
04-27 20:30:44.021  5878  5878 I FaceWidgetPositionAlgorithm: getMediaContainerHeight() supplier = 0
04-27 20:30:44.035  5878  5878 D PluginAODManager: onNotificationInfoUpdated() 0
04-27 20:30:44.037  5878  5878 I AODNotificationManager: updateVisibleNotifications: 0
04-27 20:30:44.037  5878  5878 I a       : updateStatusBarNotifications: open
04-27 20:30:44.037  5878  5878 I a       : updateStatusBarNotifications: open
04-27 20:30:44.080  5878  5878 I FaceWidgetPositionAlgorithm: getClockContainerHeight() supplier = 270, bottom margin = 0, real height = 333
04-27 20:30:44.080  5878  5878 I FaceWidgetPositionAlgorithm: getClockContainerHeight() supplier = 270, bottom margin = 63, real height = 333
04-27 20:30:44.081  5878  5878 I FaceWidgetPositionAlgorithm: getMediaContainerHeight() height = 0 container Visibility = 8, isValid = false, mIsDozing = false, fraction = 1.0, source = 0, target = 0
04-27 20:30:44.081  5878  5878 I FaceWidgetPositionAlgorithm: getMediaContainerHeight() supplier = 0
04-27 20:30:44.149  5878  5878 I FaceWidgetPositionAlgorithm: getClockContainerHeight() supplier = 270, bottom margin = 0, real height = 333
04-27 20:30:44.149  5878  5878 I FaceWidgetPositionAlgorithm: getClockContainerHeight() supplier = 270, bottom margin = 63, real height = 333
04-27 20:30:44.149  5878  5878 I FaceWidgetPositionAlgorithm: getMediaContainerHeight() height = 0 container Visibility = 8, isValid = false, mIsDozing = false, fraction = 1.0, source = 0, target = 0
04-27 20:30:44.150  5878  5878 I FaceWidgetPositionAlgorithm: getMediaContainerHeight() supplier = 0
04-27 20:30:44.157  5878  5878 D PluginAODManager: onNotificationInfoUpdated() 0
04-27 20:30:44.157  5878  5878 I AODNotificationManager: updateVisibleNotifications: 0
04-27 20:30:44.158  5878  5878 I a       : updateStatusBarNotifications: open
04-27 20:30:44.158  5878  5878 I a       : updateStatusBarNotifications: open
04-27 20:30:45.072  5429  7411 D SemWifiUsabilityStatsMonitor: onWifiUsabilityStats - seqNum 4086, isSameBssidAndFreq true
04-27 20:30:45.075  5429  5717 I SemWifiLinkQualityMonitor: Link Qos Query: 0.167 ms / 48.000 Mbps (72 / 0.000 / 1.500)
04-27 20:30:48.086  5429  7411 D SemWifiUsabilityStatsMonitor: onWifiUsabilityStats - seqNum 4087, isSameBssidAndFreq true
04-27 20:30:48.091  5878  5878 D NetworkController.WifiSignalController: notifyListener: visible=true, connected=true, inetCondition=1, isDefault=true, wifiTestReported=true, receivedInetCondition=-1, hideDuringMobileSwitching=false
04-27 20:30:48.093  5878  6043 D Tile.WifiTile: handleUpdateState isTransient=false transientEnabling =false cb.isTransient=false state.state = 2 mStateBeforeClick.value =false enabled =true
04-27 20:30:48.095  5429  5717 I SemWifiLinkQualityMonitor: Link Qos Query: 0.111 ms / 72.000 Mbps (72 / 0.000 / 1.000)
04-27 20:30:48.556  5878  5878 D SecPowerUI.Notification: showChargingNotice oldChargingType : 11 / currentChargingType : 11, oldChargingTime : 2394000 / mChargingTime : 2394000
04-27 20:30:48.556  5878  5878 D SecPowerUI.Notification: There is no change about charging status, so return!
04-27 20:30:49.524 26164 26187 D Benchmark: timeNs[ 0:10]: 17792953 17609077 17618369 17634892 17639977 17626215 17612077 17619038 17590400 17654777
04-27 20:30:49.524 26164 26187 D Benchmark: timeNs[10:20]: 17881184 17623292 17673038 17614500 17624507 17616315 17622215 17610607 17598938 17602207
04-27 20:30:49.524 26164 26187 D Benchmark: timeNs[20:30]: 17605592 17609361 17624323 17621876 17622015 17608569 17656238 17592953 17620161 17613861
04-27 20:30:49.524 26164 26187 D Benchmark: timeNs[30:40]: 17604646 17595177 17564361 17655146 18185561 17620946 17615077 17628015 17627730 17611792
04-27 20:30:49.524 26164 26187 D Benchmark: timeNs[40:50]: 17604200 17606669 17596615 17590346 17599707 17620400 17621730 17597115 17633346 17616730
04-27 20:30:49.967 26164 26187 D Benchmark: allocationCount[ 0:10]: 0 0 0 0 0
04-27 20:30:49.968 26164 26187 D Benchmark: Set 26187 (Bench thread) to priority -8. Was -20, now -8
04-27 20:30:49.968 26164 26187 D Benchmark: Set 26172 (Jit) to priority 9. Was -15, now 9
04-27 20:30:49.968 26164 26187 D Benchmark: Warmup: t=8.012, iter=449, fastAvg=17716214, slowAvg=26450168
04-27 20:30:49.968 26164 26187 I PerfettoCapture: Stopping perfetto.
04-27 20:30:50.013  3367  3367 I perfetto:    perfetto_cmd.cc:1168 SIGINT/SIGTERM received: disabling tracing.
04-27 20:30:50.017 26164 26187 D Benchmark: kill -TERM command output -
04-27 20:30:50.022  5130  5130 I perfetto:  probes_producer.cc:396 Producer stop (id=185)
04-27 20:30:50.025  5130  5130 I perfetto:    ftrace_procfs.cc:342 disabled ftrace in /sys/kernel/tracing/
04-27 20:30:50.087  4389  4389 I hwservicemanager: getTransport: Cannot find entry android.hardware.atrace@1.0::IAtraceDevice/default in either framework or device VINTF manifest.
04-27 20:30:50.095  5130  5130 I perfetto:  probes_producer.cc:396 Producer stop (id=186)
04-27 20:30:50.096  5130  5130 I perfetto:  probes_producer.cc:396 Producer stop (id=187)
04-27 20:30:50.115  5040  5080 I HYPER-HAL: [RequestManager.cpp]releaseLocked(): Released ID : 35730835
04-27 20:30:50.117  3367  3367 I perfetto:    perfetto_cmd.cc:1124 Trace written into the output file
