04-18 00:45:09.433  2747  2799 I TestRunner: started: baselineDouble(org.jetbrains.android_benchmark.Wolf3dBenchmark)
04-18 00:45:09.437  2747  2747 I MonitoringInstr: Activities that are still in CREATED to STOPPED: 1
04-18 00:45:09.438  2747  2747 I MonitoringInstr: Finishing activity: androidx.benchmark.IsolationActivity@f5684be
04-18 00:45:09.445  2747  2799 I GrantPermissionCallable: Permission: android.permission.WRITE_EXTERNAL_STORAGE is already granted!
04-18 00:45:09.445  2747  2799 I GrantPermissionCallable: Permission: android.permission.READ_EXTERNAL_STORAGE is already granted!
04-18 00:45:09.446  2747  2799 D Benchmark: -- Running org.jetbrains.android_benchmark.Wolf3dBenchmark#baselineDouble --
04-18 00:45:09.446  2747  2799 D PerfettoCapture: Supported ABIs: arm64-v8a, armeabi-v7a, armeabi
04-18 00:45:09.446  2747  2799 D PerfettoCapture: Recording perfetto trace
04-18 00:45:09.471  2747  2799 I PerfettoCapture: Cleanup perfetto before starting.
04-18 00:45:09.478  5628  5714 W libprocessgroup: Failed to open /dev/blkio//cgroup.procs: No such file or directory
04-18 00:45:09.496 18943  8278 I NetworkScheduler.Stats: Task com.google.android.gms/com.google.android.gms.ipa.base.IpaGcmTaskService started execution. cause:9 exec_start_elapsed_seconds: 204555 [CONTEXT service_id=218 ]
04-18 00:45:09.528 18943  7593 I NetworkScheduler.Stats: Task com.google.android.gms/com.google.android.gms.ipa.base.IpaGcmTaskService finished executing. cause:9 result: 1 elapsed_millis: 64 uptime_millis: 65 exec_start_elapsed_seconds: 204555 [CONTEXT service_id=218 ]
04-18 00:45:09.623  2747  2799 I PerfettoCapture: Perfetto output file cleanup -
04-18 00:45:09.623  2747  2799 I PerfettoCapture: Starting perfetto tracing with cmd: cat /storage/emulated/0/Android/data/org.jetbrains.android_benchmark.test/cache/trace_config.pb | perfetto --background -c - -o /data/misc/perfetto-traces/trace_output.pb
04-18 00:45:09.764   401  8316 I GmscoreIpa: Starting mediastore instant index [CONTEXT service_id=255 ]
04-18 00:45:09.797  8318  8318 I perfetto:    perfetto_cmd.cc:1001 Connected to the Perfetto traced service, starting tracing
04-18 00:45:09.799  5406  5406 I perfetto: ing_service_impl.cc:953 Configured tracing session 118, #sources:4, duration:0 ms, #buffers:2, total buffer size:36864 KB, total sessions:1, uid:2000 session name: ""
04-18 00:45:09.800  5403  5403 I perfetto:  probes_producer.cc:139 Ftrace setup (target_buf=235)
04-18 00:45:09.833  2747  2799 I PerfettoCapture: Perfetto output - 8318
04-18 00:45:09.833  2747  2799 I PerfettoCapture: EXITCODE=0
04-18 00:45:09.888  4378  4378 I hwservicemanager: getTransport: Cannot find entry android.hardware.atrace@1.0::IAtraceDevice/default in either framework or device VINTF manifest.
04-18 00:45:09.911  5403  5403 I perfetto:    ftrace_procfs.cc:335 enabled ftrace in /sys/kernel/tracing/
04-18 00:45:09.939  5628  5714 W libprocessgroup: Failed to open /dev/blkio//cgroup.procs: No such file or directory
04-18 00:45:09.957  8085  8085 I SCS@AiSearch user 0: (ObserverWorker::AOSP_MP) [main] entering in startWork():
04-18 00:45:09.957  8085  8085 I SCS@AiSearch user 0: (BaseCollector::AOSP_MP) [main] entering in onChange():
04-18 00:45:09.958  8085  8150 I SCS@AiSearch user 0: (BaseCollector::AOSP_MP) [AOSP_MP-0] entering in collectChanges():
04-18 00:45:09.964  5628 11464 D PackageManager: setEnabledSetting : userId = 0 packageName = com.samsung.android.scs cmp = androidx.work.impl.background.systemalarm.RescheduleReceiver newState = 1 callingPackage = 10380/com.samsung.android.scs
04-18 00:45:09.964  2747  2799 I PerfettoCapture: Perfetto tracing started successfully with pid 8318.
04-18 00:45:09.967  5628 11464 D ApplicationPolicy: getApplicationStateEnabled : pkg = com.samsung.android.scs userId : 0
04-18 00:45:09.969  5628 11464 D ApplicationPolicy: getApplicationComponentState : pkg = com.samsung.android.scs userId : 0
04-18 00:45:10.064  2747  2799 I PerfettoCapture: /sys/kernel/tracing/tracing_on = 1, polled 0 times, capture fully started
04-18 00:45:10.065  2747  2799 D Benchmark: Set 2799 (Bench thread) to priority -20. Was -8, now -20
04-18 00:45:10.065  2747  2799 D Benchmark: Set 2781 (Jit) to priority -15. Was 9, now -15
04-18 00:45:10.094  8085  8150 I SCS@AiSearch user 0: (BaseCollector::AOSP_MP) fetchInternal values : maxSyncId: 1000007771 indexCount: 1707 sourceCount: 1707
04-18 00:45:10.094  2747  2799 I _benchmark.test: Explicit concurrent copying GC freed 62001(1518KB) AllocSpace objects, 1(20KB) LOS objects, 67% free, 2894KB/9038KB, paused 370us,116us total 28.616ms
04-18 00:45:10.143  8085  8150 I SCS@AiSearch user 0: (IndexManager) [AOSP_MP-0] entering in addIndex():
04-18 00:45:10.150  8085  8150 I SCS@AiSearch user 0: (BaseCollector::AOSP_MP) fetch: fetching took  121 ms
04-18 00:45:10.150  8085  8150 I SCS@AiSearch user 0: (BaseCollector::AOSP_MP) fetchChanges: applied 0 items
04-18 00:45:10.151  8085  8150 I SCS@AiSearch user 0: (BaseCollector::AOSP_MP) Collect finished. Result: true
04-18 00:45:10.152  8085  8150 I SCS@AiSearch user 0: (BaseCollector::AOSP_MP) enqueue ObserverWorker name: com.sec.android.app.myfiles, policy: APPEND_OR_REPLACE
04-18 00:45:10.153  8085  8141 I WM-WorkerWrapper: Worker result SUCCESS for Work [ id=b256ef0c-1f59-4381-82d7-e5029b9e1b88, tags={ com.sec.android.app.myfiles, com.samsung.android.scs.ai.search.data.collector.ObserverWorker } ]
04-18 00:45:10.159  8085  8141 I WM-WorkerWrapper: Setting status to enqueued for cb4bc500-58f2-45a1-8f35-9965da7dfaec
04-18 00:45:10.180  8085  8085 I SCS@AiSearch user 0: (SearchProvider) onTrimMemory(): 40
04-18 00:45:11.379  5628  9811 D SemWifiUsabilityStatsMonitor: onWifiUsabilityStats - seqNum 23651, isSameBssidAndFreq true
04-18 00:45:11.382  5628  8422 I SemWifiLinkQualityMonitor: Link Qos query: inf. ms / 0 Mbps
04-18 00:45:13.310  5331  5331 I SurfaceFlinger: SFWD update time=148005608664252
04-18 00:45:14.232  5628 11464 V LocationManagerService: passive provider registration 5023/com.samsung.android.networkdiagnostic/4FDF9C6D dropped delivery - too close
04-18 00:45:14.232  5628 11464 V LocationManagerService: passive provider registration 1000/android[SensorNotificationService]/B3D20444 dropped delivery - too close
04-18 00:45:14.233  5628  8841 D SLocation: PositionManager - PassiveonLocationChanged fused 1681771514198
04-18 00:45:14.234  5628  8841 W SLocation: PositionManager - do not refresh last location about fused location
04-18 00:45:14.234  5628  8841 D SLocation: ARDistanceBigData - BIGDATA ARD - receive location
04-18 00:45:14.234  5628  8841 D SLocation: ARDistanceLibManager - request distance diff to AR Distance Library
04-18 00:45:14.235  5628  8841 D SLocation: SLocationCoreSem - send to coreSem, packet length : 1 / [34]
04-18 00:45:14.235  5628  8841 D SemContextLocationCoreAttribute: setAttribute() mode : 0 action : 23
04-18 00:45:14.235  5628  8841 D SemContextService: lock : changeParameters
04-18 00:45:14.235  5628  8841 D SemContext.CaeProvider.LocationCoreImpl: setAttribute() mode : 0 action : 23
04-18 00:45:14.236  5628  8841 W CAE     : setCAProperty(ContextAwareService.java:513) - [setProperty 01] Mutex is locked for SLOCATION_RUNNER
04-18 00:45:14.236  5628  8841 I CAE     : setPropertyValue(SLocationRunner.java:116) - SLocationRunner setProperty header : 34, len : 1
04-18 00:45:14.237  5628  8841 I CAE     : sendCmdToSensorHub(SensorHubCommManager.java:156) - -63, 23, 55, 34,
04-18 00:45:14.238  5628  5927 D SensorService: setSContextDataLocked ints length 2 , byte length 4
04-18 00:45:14.238  5628  5927 D SensorService: setSContextDataLocked 223717c1
04-18 00:45:14.239  5271  5271 I SensorsHub: SContextSensor::injecet_sensor_data
04-18 00:45:14.239  5271  5271 D SensorsHub: c1 17 37 22
04-18 00:45:14.239  5271  5271 D SensorsHub: inject_scontext_data: New ssp_data_injection_fd(28)
04-18 00:45:14.239  5271  5271 D SensorsHub: SContext Data Injection return 4
04-18 00:45:14.240  9284  9353 I GmsPassiveListener_FLP: onGmsLocationChanged, provider=fused / speed=0.15775308 / time=1681771514198 / elapsed=204559986000000
04-18 00:45:14.241  5271  5313 I SensorsHub: context 38 0 37 1,1,55,0,33,33,0,0,0,0,23,86,192,72,39,31,77,0,26,183,21,160,12,50,11,128,0,0,0,24,4,224,238,144,0,0,1,244, 204560028919348
04-18 00:45:14.241  5271  5313 I SensorsHub: context 10 0 9 1,1,55,0,5,2,34,0,0,0, 204560029045848
04-18 00:45:14.244  5628  8841 W CAE     : setCAProperty(ContextAwareService.java:519) - [setProperty 02] Mutex is unlocked for SLOCATION_RUNNER
04-18 00:45:14.244  5628  8841 D SemContextService: unlock : changeParameters
04-18 00:45:14.244  5628  8841 D SemContextManager:   .changeParameters : listener = com.samsung.android.location.semcontext.a@695d2c0, service=SLocation Core
04-18 00:45:14.244  5628  8841 D SLocation: PositionManager - receive fused location
04-18 00:45:14.246  5628  5924 D SensorHubManager: onGetSensorHubDataLocked: library(38) = 1, 1, 55, 0, 33, 33, 0, 0, 0, 0, 23, 86, -64, 72, 39, 31, 77, 0, 26, -73, 21, -96, 12, 50, 11, -128, 0, 0, 0, 24, 4, -32, -18, -112, 0, 0, 1, -12
04-18 00:45:14.246  5628  5924 D SensorHubManager: onGetSensorHubDataLocked: library(10) = 1, 1, 55, 0, 5, 2, 34, 0, 0, 0
04-18 00:45:14.247  5628  5925 D CAE     : onGetSensorHubData(SensorHubParserProvider.java:89) - onGetSensorHubData Event [event buffer len :38], AP_WAKEUP
04-18 00:45:14.247  5628  5925 I CAE     : parse(SensorHubParserProvider.java:190) - buffer size = 38
04-18 00:45:14.247  5628  5925 I CAE     : parse(SensorHubParserProvider.java:201) - 1, 1, 55, 0, 33, 33, 0, 0, 0, 0, 23, 86, -64, 72, 39, 31, 77, 0, 26, -73, 21, -96, 12, 50, 11, -128, 0, 0, 0, 24, 4, -32, -18, -112, 0, 0, 1, -12,
04-18 00:45:14.248  5628  5925 I CAE     : parse(SLocationRunner.java:88) - SLocationRunner parse start : 3
04-18 00:45:14.248  5628  5925 D CAE     : display(ContextProvider.java:375) - ================= SLOCATION_RUNNER =================
04-18 00:45:14.249  5628  5925 I CAE     : display(ContextProvider.java:391) - ExtraDataArray=[1, 1, 55, 0, 33, 33, 0, 0, 0, 0, 23, 86, -64, 72, 39, 31, 77, 0, 26, -73, 21, -96, 12, 50, 11, -128, 0, 0, 0, 24, 4, -32, -18, -112, 0, 0, 1, -12]
04-18 00:45:14.250  5628  5925 I CAE     : parse(SLocationRunner.java:96) - SLocationRunner parse end:38
04-18 00:45:14.250  5628  5922 D SemContextService: Service.updateContext() : service = SLocation Core
04-18 00:45:14.250  5628  5925 D CAE     : onGetSensorHubData(SensorHubParserProvider.java:89) - onGetSensorHubData Event [event buffer len :10], AP_WAKEUP
04-18 00:45:14.250  5628  5628 D SemContextManager: onSemContextChanged() : event = SLocation Core
04-18 00:45:14.251  5628  5925 I CAE     : parse(SensorHubParserProvider.java:190) - buffer size = 10
04-18 00:45:14.251  5628  5925 I CAE     : parse(SensorHubParserProvider.java:201) - 1, 1, 55, 0, 5, 2, 34, 0, 0, 0,
04-18 00:45:14.251  5628  5628 D SLocation: SLocationCoreSem - SemContextChanged type = 47, packet received
04-18 00:45:14.251  5628  5925 I CAE     : parse(SLocationRunner.java:88) - SLocationRunner parse start : 3
04-18 00:45:14.251  5628  8841 I SLocation: SemContextParser -  parse start : 3
04-18 00:45:14.251  5628  8841 I SLocation: SemContextParser -  packet Length : 33packet total size : 38
04-18 00:45:14.251  5628  8841 I SLocation: SemContextParser - packet : [33, 0, 0, 0, 0, 23, 86, -64, 72, 39, 31, 77, 0, 26, -73, 21, -96, 12, 50, 11, -128, 0, 0, 0, 24, 4, -32, -18, -112, 0, 0, 1, -12]
04-18 00:45:14.252  5628  5925 D CAE     : display(ContextProvider.java:375) - ================= SLOCATION_RUNNER =================
04-18 00:45:14.252  5628  8841 D SLocation: GeofenceCoreManager - received Extra Data from core, len : 33
04-18 00:45:14.252  5628  8841 D SLocation: ARDistanceGetARDistance - convertSensorHubTimeToElapsedTime 1681741245429045788
04-18 00:45:14.252  5628  5925 I CAE     : display(ContextProvider.java:391) - ExtraDataArray=[1, 1, 55, 0, 5, 2, 34, 0, 0, 0]
04-18 00:45:14.252  5628  8841 D SLocation: ARDistanceGetARDistance - invalid location time from core pvt 1681741245429045788, do not use distance info
04-18 00:45:14.252  5628  8841 D SLocation: CommonCoreManager - received Extra Data from core, len : 33
04-18 00:45:14.252  5628  5925 I CAE     : parse(SLocationRunner.java:96) - SLocationRunner parse end:10
04-18 00:45:14.253  5628  5922 D SemContextService: Service.updateContext() : service = SLocation Core
04-18 00:45:14.253  5628  5628 D SemContextManager: onSemContextChanged() : event = SLocation Core
04-18 00:45:14.253  5628  5628 D SLocation: SLocationCoreSem - SemContextChanged type = 47, packet received
04-18 00:45:14.254  5628  8841 I SLocation: SemContextParser -  parse start : 3
04-18 00:45:14.254  5628  8841 I SLocation: SemContextParser -  packet Length : 5packet total size : 10
04-18 00:45:14.254  5628  8841 I SLocation: SemContextParser - packet : [2, 34, 0, 0, 0]
04-18 00:45:14.254  5628  8841 D SLocation: GeofenceCoreManager - received Extra Data from core, len : 5
04-18 00:45:14.254  5628  8841 D SLocation: GeofenceCoreManager - handleCommandCallback - UNKNOWN_CALLBACK 34 SUCCESS
04-18 00:45:14.254  5628  8841 D SLocation: ARDistanceLibManager - command callback received - CURRENT_LOCATION_REQUEST_DISTANCE ERROR CODE : ERROR_NONE
04-18 00:45:14.254  5628  8841 D SLocation: CommonCoreManager - received Extra Data from core, len : 5
04-18 00:45:14.290 18943  8278 I GCoreUlr: Successfully inserted 1 locations
04-18 00:45:14.363 18943  7593 I SemanticLocation: [Inferrer] IncrementalTimelineInferrer.predict() logs:
04-18 00:45:14.363 18943  7593 I SemanticLocation: Timeline Paths Enabled! Start Computing the timeline paths.
04-18 00:45:14.363 18943  7593 I SemanticLocation:
04-18 00:45:14.363 18943  7593 I SemanticLocation: [CONTEXT service_id=173 ]
04-18 00:45:14.423  5628  9811 D SemWifiUsabilityStatsMonitor: onWifiUsabilityStats - seqNum 23652, isSameBssidAndFreq true
04-18 00:45:14.427  5628  8422 I SemWifiLinkQualityMonitor: Link Qos query: inf. ms / 0 Mbps
04-18 00:45:14.959   401   401 D BoundBrokerSvc: onUnbind: Intent { act=com.google.android.gms.feedback.internal.IFeedbackService dat=chimera-action:/... cmp=com.google.android.gms/.chimera.GmsBoundBrokerService }
04-18 00:45:15.213 18943 18943 D BoundBrokerSvc: onUnbind: Intent { act=com.google.android.gms.icing.LIGHTWEIGHT_INDEX_SERVICE dat=chimera-action:/... cmp=com.google.android.gms/.chimera.PersistentApiService }
04-18 00:45:15.616  5628  8367 D ConnectivityService: reportNetworkActive, notify 0 listeners
04-18 00:45:16.801  8085  8085 I SCS@AiSearch user 0: (SearchProvider) onTrimMemory(): 60
04-18 00:45:17.470  5628  9811 D SemWifiUsabilityStatsMonitor: onWifiUsabilityStats - seqNum 23653, isSameBssidAndFreq true
04-18 00:45:17.475  5628  8422 I SemWifiLinkQualityMonitor: Link Qos Query: 0.037 ms / 216.500 Mbps (433 / 0.000 / 2.000)
04-18 00:45:17.476  8513  8513 D NetworkController.WifiSignalController: notifyListener: visible=true, connected=true, inetCondition=1, isDefault=true, wifiTestReported=true, receivedInetCondition=-1, hideDuringMobileSwitching=false
04-18 00:45:17.479  8513  8599 D Tile.WifiTile: handleUpdateState isTransient=false transientEnabling =false cb.isTransient=false state.state = 2 mStateBeforeClick.value =false enabled =true
04-18 00:45:19.453  5628  5714 W libprocessgroup: Failed to open /dev/blkio//cgroup.procs: No such file or directory
04-18 00:45:20.507  5628  9811 D SemWifiUsabilityStatsMonitor: onWifiUsabilityStats - seqNum 23654, isSameBssidAndFreq true
04-18 00:45:20.511  5628  8422 I SemWifiLinkQualityMonitor: Link Qos Query: 0.037 ms / 216.500 Mbps (433 / 0.000 / 2.000)
04-18 00:45:20.511  8513  8513 D NetworkController.WifiSignalController: notifyListener: visible=true, connected=true, inetCondition=1, isDefault=true, wifiTestReported=true, receivedInetCondition=-1, hideDuringMobileSwitching=false
04-18 00:45:20.515  8513  8599 D Tile.WifiTile: handleUpdateState isTransient=false transientEnabling =false cb.isTransient=false state.state = 2 mStateBeforeClick.value =false enabled =true
04-18 00:45:22.622  5628  8491 D TrafficStats: tagSocket(918) with statsTag=0xffffffff, statsUid=-1
04-18 00:45:22.825  5288  5288 E sehhealth-service: Could not open /sys/class/power_supply/battery/lrp
04-18 00:45:22.826  5628  8491 D WifiConnectivityMonitor.DnsThread:  [|205]
04-18 00:45:22.827  5628  8444 D WifiConnectivityMonitor.NetworkStatsAnalyzer: DNS resultType : 0, responseTime : 205
04-18 00:45:22.827  5628  8438 D OpenNetworkQos[4.00]: updateBssidLatestDnsResultType - result: 0
04-18 00:45:22.828  5628  8438 D OpenNetworkQos[4.00]: updateBssidNoInternet: mBssidNoInternet = false
04-18 00:45:22.828  5628  8438 D OpenNetworkQos[4.00]: getOpenNetworkQosNoInternetStatus: false
04-18 00:45:22.828  5628  8438 D OpenNetworkQos[4.00]: getOpenNetworkQosScores: 30 26 30
04-18 00:45:22.828  5628  8438 I WifiProfileShare: network QoS data was changed (internet), updateQoSData networkType: true, qosData: false
04-18 00:45:22.829  5628  9412 V WifiProfileShare.Caster: update wips network, size: 0
04-18 00:45:22.829  5628  9412 D WifiProfileShare: nearby scanning settings run
04-18 00:45:22.829  5628  9412 D WifiProfileShare: network score provider settings enabled
04-18 00:45:22.830  5628  9412 D OpenNetworkQos[4.00]: getOpenNetworkQosScores: 30 26 30
04-18 00:45:22.830  5628  9412 D OpenNetworkQos[4.00]: getOpenNetworkQosNoInternetStatus: false
04-18 00:45:22.830  5628  9412 I WifiProfileShare.Caster: current network type: 0, score: [30, 26, 30]
04-18 00:45:22.831  5628  9412 V WifiProfileShare.Cache: update network score 00:e4:06:**:**:90
04-18 00:45:22.831  5628  9412 D WifiProfileShare.ScanMatcher: getMcfDataList size:2
04-18 00:45:22.832  5628  9412 I WifiProfileShare.Caster: qos data was updated , before:type:QOS, pBssid:51:2e:90, qosData:7c after:type:QOS, pBssid:51:2e:90, qosData:7c
04-18 00:45:22.836  5628  9412 I [MCFSDK_android_1.2.4010]_4_b: isNetworkEnabled - type : 1 ret : true
04-18 00:45:22.836  5628  9412 D WifiProfileShare.McfCast: -ME--- mIsNetworkEnabled :true
04-18 00:45:22.836  5628  9412 D WifiProfileShare.McfCast: updateQoSData ignored, same contents
04-18 00:45:22.836  5628  9412 D WifiProfileShare.MCF: success update QosData !
04-18 00:45:22.838  5628  9412 I [MCFSDK_android_1.2.4010]_4_b: isNetworkEnabled - type : 1 ret : true
04-18 00:45:22.838  5628  9412 D WifiProfileShare.McfCast: -ME--- mIsNetworkEnabled :true
04-18 00:45:22.838  5628  9412 D WifiProfileShare.McfCast: -ME--- updatePasswordDate pwdData size:2
04-18 00:45:23.548  5628  9811 D SemWifiUsabilityStatsMonitor: onWifiUsabilityStats - seqNum 23655, isSameBssidAndFreq true
04-18 00:45:23.551  5628  8422 I SemWifiLinkQualityMonitor: Link Qos Query: 0.026 ms / 303.100 Mbps (433 / 0.000 / 1.429)
04-18 00:45:23.552  8513  8513 D NetworkController.WifiSignalController: notifyListener: visible=true, connected=true, inetCondition=1, isDefault=true, wifiTestReported=true, receivedInetCondition=-1, hideDuringMobileSwitching=false
04-18 00:45:23.554  8513  8599 D Tile.WifiTile: handleUpdateState isTransient=false transientEnabling =false cb.isTransient=false state.state = 2 mStateBeforeClick.value =false enabled =true
04-18 00:45:26.604  5628  9811 D SemWifiUsabilityStatsMonitor: onWifiUsabilityStats - seqNum 23656, isSameBssidAndFreq true
04-18 00:45:26.607  5628  8422 I SemWifiLinkQualityMonitor: Link Qos Query: 0.028 ms / 288.667 Mbps (433 / 0.000 / 1.500)
04-18 00:45:26.980  4066  4066 I LiveIconUpdateEventHandler: onReceive: Intent { act=com.samsung.action.EVERY_MINUTE_CLOCK_UPDATE flg=0x10 }
04-18 00:45:26.980  4066  4066 I LiveIconUpdateEventHandler: onReceive: com.samsung.action.EVERY_MINUTE_CLOCK_UPDATE
04-18 00:45:26.981  4066  4128 I LiveIconUpdateEventHandler: LiveIcon DateChanged
04-18 00:45:26.982  4066  4128 I LiveIconUpdateEventHandler: updateLiveIcon type:0
04-18 00:45:26.987  4066  4128 I LiveIconUpdateEventHandler: cancelMinuteChangeAlarm
04-18 00:45:26.990  4066  4128 I LiveIconUpdateEventHandler: setMinuteChangeAlarm Tue Apr 18 00:46:00 GMT+02:00 2023
04-18 00:45:27.033  5250  5250 D Zygote  : Forked child process 8525
04-18 00:45:27.048  5250  5250 D Zygote  : Forked child process 8527
04-18 00:45:27.155  8527  8527 I inkedin.android: Using CollectorTypeCC GC.
04-18 00:45:27.159  8525  8525 I com.Slack: Using CollectorTypeCC GC.
04-18 00:45:27.167  8527  8527 E inkedin.android: Not starting debugger since process cannot load the jdwp agent.
04-18 00:45:27.171  8525  8525 E com.Slack: Not starting debugger since process cannot load the jdwp agent.
04-18 00:45:27.180  8527  8527 W libc    : Access denied finding property "sys.perf.boostopt"
04-18 00:45:27.180  5224  5224 E audit   : type=1400 audit(1681771527.174:59938): avc:  denied  { read } for  pid=8527 comm="inkedin.android" name="u:object_r:perf_prop:s0" dev="tmpfs" ino=16829 scontext=u:r:untrusted_app:s0:c6,c256,c512,c768 tcontext=u:object_r:perf_prop:s0 tclass=file permissive=0 SEPF_SM-A515F_13_0001 audit_filtered
04-18 00:45:27.180  5224  5224 E audit   : type=1300 audit(1681771527.174:59938): arch=c00000b7 syscall=56 success=no exit=-13 a0=ffffff9c a1=7ffbc769b8 a2=88000 a3=0 items=0 ppid=5250 pid=8527 auid=4294967295 uid=10006 gid=10006 euid=10006 suid=10006 fsuid=10006 egid=10006 sgid=10006 fsgid=10006 tty=(none) ses=4294967295 comm="inkedin.android" exe="/system/bin/app_process64" subj=u:r:untrusted_app:s0:c6,c256,c512,c768 key=(null)
04-18 00:45:27.181  5224  5224 E audit   : type=1327 audit(1681771527.174:59938): proctitle="zygote64"
04-18 00:45:27.181  8527  8577 W libc    : Access denied finding property "sys.perf.boostopt"
04-18 00:45:27.181  5224  5224 E audit   : type=1400 audit(1681771527.174:59939): avc:  denied  { read } for  pid=8527 comm="binder:8527_1" name="u:object_r:perf_prop:s0" dev="tmpfs" ino=16829 scontext=u:r:untrusted_app:s0:c6,c256,c512,c768 tcontext=u:object_r:perf_prop:s0 tclass=file permissive=0 SEPF_SM-A515F_13_0001 audit_filtered
04-18 00:45:27.181  5224  5224 E audit   : type=1300 audit(1681771527.174:59939): arch=c00000b7 syscall=56 success=no exit=-13 a0=ffffff9c a1=7dc8fa42f8 a2=88000 a3=0 items=0 ppid=5250 pid=8527 auid=4294967295 uid=10006 gid=10006 euid=10006 suid=10006 fsuid=10006 egid=10006 sgid=10006 fsgid=10006 tty=(none) ses=4294967295 comm="binder:8527_1" exe="/system/bin/app_process64" subj=u:r:untrusted_app:s0:c6,c256,c512,c768 key=(null)
04-18 00:45:27.182  5224  5224 E audit   : type=1327 audit(1681771527.174:59939): proctitle="com.linkedin.android"
04-18 00:45:27.183  8527  8527 D ActivityThread: setConscryptValidator
04-18 00:45:27.184  8527  8527 D ActivityThread: setConscryptValidator - put
04-18 00:45:27.186  8525  8525 W libc    : Access denied finding property "sys.perf.boostopt"
04-18 00:45:27.187  8525  8590 W libc    : Access denied finding property "sys.perf.boostopt"
04-18 00:45:27.188  8525  8525 D ActivityThread: setConscryptValidator
04-18 00:45:27.189  8525  8525 D ActivityThread: setConscryptValidator - put
04-18 00:45:27.207  8527  8578 W libc    : Access denied finding property "sys.perf.boostopt"
04-18 00:45:27.209  8527  8527 D CompatibilityChangeReporter: Compat change id reported: 171979766; UID 10006; state: ENABLED
04-18 00:45:27.221  8525  8525 D CompatibilityChangeReporter: Compat change id reported: 171979766; UID 10329; state: ENABLED
04-18 00:45:27.225  8525  8591 W libc    : Access denied finding property "sys.perf.boostopt"
04-18 00:45:27.240  8527  8527 D nativeloader: Configuring classloader-namespace for other apk /system/framework/org.apache.http.legacy.jar. target_sdk_version=33, uses_libraries=ALL, library_path=/data/app/~~rSwT42nbAOn2w7Zg481IdA==/com.linkedin.android-6bOENviFklIPylzDps5Y6w==/lib/arm64:/data/app/~~rSwT42nbAOn2w7Zg481IdA==/com.linkedin.android-6bOENviFklIPylzDps5Y6w==/base.apk!/lib/arm64-v8a:/data/app/~~rSwT42nbAOn2w7Zg481IdA==/com.linkedin.android-6bOENviFklIPylzDps5Y6w==/split_config.arm64_v8a.apk!/lib/arm64-v8a:/data/app/~~rSwT42nbAOn2w7Zg481IdA==/com.linkedin.android-6bOENviFklIPylzDps5Y6w==/split_config.en.apk!/lib/arm64-v8a:/data/app/~~rSwT42nbAOn2w7Zg481IdA==/com.linkedin.android-6bOENviFklIPylzDps5Y6w==/split_config.ru.apk!/lib/arm64-v8a:/data/app/~~rSwT42nbAOn2w7Zg481IdA==/com.linkedin.android-6bOENviFklIPylzDps5Y6w==/split_config.xxhdpi.apk!/lib/arm64-v8a, permitted_path=/data:/mnt/expand:/data/user/0/com.linkedin.android
04-18 00:45:27.240  8527  8527 D nativeloader: Extending system_exposed_libraries: libhumantracking.arcsoft.so:libPortraitDistortionCorrection.arcsoft.so:libPortraitDistortionCorrectionCali.arcsoft.so:libface_landmark.arcsoft.so:libFacialStickerEngine.arcsoft.so:libveengine.arcsoft.so:liblow_light_hdr.arcsoft.so:libhigh_dynamic_range.arcsoft.so:libFacialAttributeDetection.arcsoft.so:libBeauty_v4.camera.samsung.so:libexifa.camera.samsung.so:libjpega.camera.samsung.so:libOpenCv.camera.samsung.so:libImageScreener.camera.samsung.so:libMyFilter.camera.samsung.so:libtensorflowLite.myfilter.camera.samsung.so:libtensorflowlite_inference_api.myfilter.camera.samsung.so:libEventFinder.camera.samsung.so:libHIDTSnapJNI.camera.samsung.so:libSmartScan.camera.samsung.so:libRectify.camera.samsung.so:libDocRectifyWrapper.camera.samsung.so:libUltraWideDistortionCorrection.camera.samsung.so:libHpr_RecGAE_cvFeature_v1.0.camera.samsung.so:libHprFace_GAE_api.camera.samsung.so:libFace_Landmark_API.camera.samsung.so:libHprFace_GAE_jni.camera.samsung.so:libFacialBasedSelfieCorrec
04-18 00:45:27.262  8525  8525 D nativeloader: Configuring classloader-namespace for other apk /system/framework/org.apache.http.legacy.jar. target_sdk_version=33, uses_libraries=ALL, library_path=/data/app/~~MzvrqyELbRDtnebB8F8f9Q==/com.Slack-6VpdGVQ_ucmXiBd5yDiNKg==/lib/arm64:/data/app/~~MzvrqyELbRDtnebB8F8f9Q==/com.Slack-6VpdGVQ_ucmXiBd5yDiNKg==/base.apk!/lib/arm64-v8a:/data/app/~~MzvrqyELbRDtnebB8F8f9Q==/com.Slack-6VpdGVQ_ucmXiBd5yDiNKg==/split_config.arm64_v8a.apk!/lib/arm64-v8a:/data/app/~~MzvrqyELbRDtnebB8F8f9Q==/com.Slack-6VpdGVQ_ucmXiBd5yDiNKg==/split_config.xxhdpi.apk!/lib/arm64-v8a, permitted_path=/data:/mnt/expand:/data/user/0/com.Slack
04-18 00:45:27.262  8525  8525 D nativeloader: Extending system_exposed_libraries: libhumantracking.arcsoft.so:libPortraitDistortionCorrection.arcsoft.so:libPortraitDistortionCorrectionCali.arcsoft.so:libface_landmark.arcsoft.so:libFacialStickerEngine.arcsoft.so:libveengine.arcsoft.so:liblow_light_hdr.arcsoft.so:libhigh_dynamic_range.arcsoft.so:libFacialAttributeDetection.arcsoft.so:libBeauty_v4.camera.samsung.so:libexifa.camera.samsung.so:libjpega.camera.samsung.so:libOpenCv.camera.samsung.so:libImageScreener.camera.samsung.so:libMyFilter.camera.samsung.so:libtensorflowLite.myfilter.camera.samsung.so:libtensorflowlite_inference_api.myfilter.camera.samsung.so:libEventFinder.camera.samsung.so:libHIDTSnapJNI.camera.samsung.so:libSmartScan.camera.samsung.so:libRectify.camera.samsung.so:libDocRectifyWrapper.camera.samsung.so:libUltraWideDistortionCorrection.camera.samsung.so:libHpr_RecGAE_cvFeature_v1.0.camera.samsung.so:libHprFace_GAE_api.camera.samsung.so:libFace_Landmark_API.camera.samsung.so:libHprFace_GAE_jni.camera.samsung.so:libFacialBasedSelfieCorrec
04-18 00:45:27.321  8527  8527 W ziparchive: Unable to open '/data/app/~~rSwT42nbAOn2w7Zg481IdA==/com.linkedin.android-6bOENviFklIPylzDps5Y6w==/split_config.arm64_v8a.dm': No such file or directory
04-18 00:45:27.321  8527  8527 W ziparchive: Unable to open '/data/app/~~rSwT42nbAOn2w7Zg481IdA==/com.linkedin.android-6bOENviFklIPylzDps5Y6w==/split_config.arm64_v8a.dm': No such file or directory
04-18 00:45:27.327  8527  8527 W inkedin.android: Entry not found
04-18 00:45:27.329  8527  8527 W ziparchive: Unable to open '/data/app/~~rSwT42nbAOn2w7Zg481IdA==/com.linkedin.android-6bOENviFklIPylzDps5Y6w==/split_config.en.dm': No such file or directory
04-18 00:45:27.329  8527  8527 W ziparchive: Unable to open '/data/app/~~rSwT42nbAOn2w7Zg481IdA==/com.linkedin.android-6bOENviFklIPylzDps5Y6w==/split_config.en.dm': No such file or directory
04-18 00:45:27.332  8527  8527 W inkedin.android: Entry not found
04-18 00:45:27.333  8527  8527 W ziparchive: Unable to open '/data/app/~~rSwT42nbAOn2w7Zg481IdA==/com.linkedin.android-6bOENviFklIPylzDps5Y6w==/split_config.ru.dm': No such file or directory
04-18 00:45:27.333  8527  8527 W ziparchive: Unable to open '/data/app/~~rSwT42nbAOn2w7Zg481IdA==/com.linkedin.android-6bOENviFklIPylzDps5Y6w==/split_config.ru.dm': No such file or directory
04-18 00:45:27.336  8527  8527 W inkedin.android: Entry not found
04-18 00:45:27.339  8527  8527 W ziparchive: Unable to open '/data/app/~~rSwT42nbAOn2w7Zg481IdA==/com.linkedin.android-6bOENviFklIPylzDps5Y6w==/split_config.xxhdpi.dm': No such file or directory
04-18 00:45:27.339  8527  8527 W ziparchive: Unable to open '/data/app/~~rSwT42nbAOn2w7Zg481IdA==/com.linkedin.android-6bOENviFklIPylzDps5Y6w==/split_config.xxhdpi.dm': No such file or directory
04-18 00:45:27.346  8527  8527 W inkedin.android: Entry not found
04-18 00:45:27.348  8527  8527 D nativeloader: Configuring classloader-namespace for other apk /data/app/~~rSwT42nbAOn2w7Zg481IdA==/com.linkedin.android-6bOENviFklIPylzDps5Y6w==/base.apk:/data/app/~~rSwT42nbAOn2w7Zg481IdA==/com.linkedin.android-6bOENviFklIPylzDps5Y6w==/split_config.arm64_v8a.apk:/data/app/~~rSwT42nbAOn2w7Zg481IdA==/com.linkedin.android-6bOENviFklIPylzDps5Y6w==/split_config.en.apk:/data/app/~~rSwT42nbAOn2w7Zg481IdA==/com.linkedin.android-6bOENviFklIPylzDps5Y6w==/split_config.ru.apk:/data/app/~~rSwT42nbAOn2w7Zg481IdA==/com.linkedin.android-6bOENviFklIPylzDps5Y6w==/split_config.xxhdpi.apk. target_sdk_version=33, uses_libraries=, library_path=/data/app/~~rSwT42nbAOn2w7Zg481IdA==/com.linkedin.android-6bOENviFklIPylzDps5Y6w==/lib/arm64:/data/app/~~rSwT42nbAOn2w7Zg481IdA==/com.linkedin.android-6bOENviFklIPylzDps5Y6w==/base.apk!/lib/arm64-v8a:/data/app/~~rSwT42nbAOn2w7Zg481IdA==/com.linkedin.android-6bOENviFklIPylzDps5Y6w==/split_config.arm64_v8a.apk!/lib/arm64-v8a:/data/app/~~rSwT42nbAOn2w7Zg481IdA==/com.linkedin.android-6bOENviFklIPylzDps5Y6w=
04-18 00:45:27.354  8527  8527 W inkedin.android: JIT profile information will not be recorded: profile file does not exist.
04-18 00:45:27.354  8527  8527 W inkedin.android: JIT profile information will not be recorded: profile file does not exist.
04-18 00:45:27.354  8527  8527 W inkedin.android: JIT profile information will not be recorded: profile file does not exist.
04-18 00:45:27.354  8527  8527 W inkedin.android: JIT profile information will not be recorded: profile file does not exist.
04-18 00:45:27.358  8525  8525 W ziparchive: Unable to open '/data/app/~~MzvrqyELbRDtnebB8F8f9Q==/com.Slack-6VpdGVQ_ucmXiBd5yDiNKg==/split_config.arm64_v8a.dm': No such file or directory
04-18 00:45:27.358  8525  8525 W ziparchive: Unable to open '/data/app/~~MzvrqyELbRDtnebB8F8f9Q==/com.Slack-6VpdGVQ_ucmXiBd5yDiNKg==/split_config.arm64_v8a.dm': No such file or directory
04-18 00:45:27.361  8525  8525 W com.Slack: Entry not found
04-18 00:45:27.362  8525  8525 W ziparchive: Unable to open '/data/app/~~MzvrqyELbRDtnebB8F8f9Q==/com.Slack-6VpdGVQ_ucmXiBd5yDiNKg==/split_config.xxhdpi.dm': No such file or directory
04-18 00:45:27.362  8525  8525 W ziparchive: Unable to open '/data/app/~~MzvrqyELbRDtnebB8F8f9Q==/com.Slack-6VpdGVQ_ucmXiBd5yDiNKg==/split_config.xxhdpi.dm': No such file or directory
04-18 00:45:27.366  8525  8525 W com.Slack: Entry not found
04-18 00:45:27.368  8525  8525 D nativeloader: Configuring classloader-namespace for other apk /data/app/~~MzvrqyELbRDtnebB8F8f9Q==/com.Slack-6VpdGVQ_ucmXiBd5yDiNKg==/base.apk:/data/app/~~MzvrqyELbRDtnebB8F8f9Q==/com.Slack-6VpdGVQ_ucmXiBd5yDiNKg==/split_config.arm64_v8a.apk:/data/app/~~MzvrqyELbRDtnebB8F8f9Q==/com.Slack-6VpdGVQ_ucmXiBd5yDiNKg==/split_config.xxhdpi.apk. target_sdk_version=33, uses_libraries=, library_path=/data/app/~~MzvrqyELbRDtnebB8F8f9Q==/com.Slack-6VpdGVQ_ucmXiBd5yDiNKg==/lib/arm64:/data/app/~~MzvrqyELbRDtnebB8F8f9Q==/com.Slack-6VpdGVQ_ucmXiBd5yDiNKg==/base.apk!/lib/arm64-v8a:/data/app/~~MzvrqyELbRDtnebB8F8f9Q==/com.Slack-6VpdGVQ_ucmXiBd5yDiNKg==/split_config.arm64_v8a.apk!/lib/arm64-v8a:/data/app/~~MzvrqyELbRDtnebB8F8f9Q==/com.Slack-6VpdGVQ_ucmXiBd5yDiNKg==/split_config.xxhdpi.apk!/lib/arm64-v8a, permitted_path=/data:/mnt/expand:/data/user/0/com.Slack
04-18 00:45:27.376  8525  8525 W com.Slack: JIT profile information will not be recorded: profile file does not exist.
04-18 00:45:27.376  8525  8525 W com.Slack: JIT profile information will not be recorded: profile file does not exist.
04-18 00:45:27.409  8527  8527 V GraphicsEnvironment: ANGLE Developer option for 'com.linkedin.android' set to: 'default'
04-18 00:45:27.409  8527  8527 V GraphicsEnvironment: ANGLE GameManagerService for com.linkedin.android: false
04-18 00:45:27.410  8527  8527 V GraphicsEnvironment: Neither updatable production driver nor prerelease driver is supported.
04-18 00:45:27.415  8525  8525 V GraphicsEnvironment: ANGLE Developer option for 'com.Slack' set to: 'default'
04-18 00:45:27.416  8525  8525 V GraphicsEnvironment: ANGLE GameManagerService for com.Slack: false
04-18 00:45:27.416  8525  8525 V GraphicsEnvironment: Neither updatable production driver nor prerelease driver is supported.
04-18 00:45:27.416  8527  8527 D NetworkSecurityConfig: Using Network Security Config from resource network_security_config debugBuild: false
04-18 00:45:27.421  8525  8525 D NetworkSecurityConfig: No Network Security Config specified, using platform default
04-18 00:45:27.423  8527  8527 D NetworkSecurityConfig: Using Network Security Config from resource network_security_config debugBuild: false
04-18 00:45:27.426  8525  8525 D NetworkSecurityConfig: No Network Security Config specified, using platform default
04-18 00:45:27.500  8525  8525 D CompatibilityChangeReporter: Compat change id reported: 183155436; UID 10329; state: ENABLED
04-18 00:45:27.623  8527  8527 I EKGCrashLoopDetector: Last crash time: 0
04-18 00:45:27.623  8527  8527 D EKGCrashLoopDetector: Didn't crash at startup last launch
04-18 00:45:27.683  8527  8643 D ExceptionHandler: [EKG-BackgroundExecutor] Uploading pending java crashes
04-18 00:45:27.697  8527  8527 D EKGNDKCrashReporter: miniDumpFilePath: /data/user/0/com.linkedin.android/files/ekg_ndk_crashes_v1/0.880.99/7f9f1e96-59ef-4bb5-1bf3f39f-918d50ed.dmp
04-18 00:45:27.697  8527  8527 D EKGNDKCrashReporter: pageKeyFilePath: /data/user/0/com.linkedin.android/files/ekg_ndk_crashes_v1/0.880.99/7f9f1e96-59ef-4bb5-1bf3f39f-918d50ed.pagekey
04-18 00:45:27.705  8527  8643 D ExceptionHandler: [EKG-BackgroundExecutor] Number of crash files to process: 0
04-18 00:45:27.706  8527  8643 D ExceptionHandler: [EKG-BackgroundExecutor] Uploading native crashes
04-18 00:45:27.707  8527  8643 D ExceptionHandler: [EKG-BackgroundExecutor] Number of crash files to process: 0
04-18 00:45:27.708  8527  8527 I FlagshipApplication: [main] Granular phase APP_ATTACH completed. Interval(startNanos=1681771527531000000ns, durationNanos=176000000ns)
04-18 00:45:27.756  4376  4376 I lmkd    : cached 2, sandbox(not0) 0
04-18 00:45:27.760  5628  8409 I ChimeraAggressivePolicyHandler: executePolicy() - triggerSource: TRIGGER_SOURCE_LMKD
04-18 00:45:27.762  5628  8409 I ChimeraAggressivePolicyHandler: available memory: 946564, free memory target: 870400, quit chimera
04-18 00:45:27.764  4376  4376 I lmkd    : Reclaim 'com.google.process.gservices' (6552), uid 10226, oom_score_adj 945, state 19 to free 39376kB rss, 31664kb swap
04-18 00:45:27.765  4376  4376 I lmkd    : Reclaimed 71040kB at oom_score_adj 850
04-18 00:45:27.785  8527  8527 D CompatibilityChangeReporter: Compat change id reported: 183155436; UID 10006; state: ENABLED
04-18 00:45:27.787  8527  8527 I FirebaseApp: Device unlocked: initializing all Firebase APIs for app [DEFAULT]
04-18 00:45:27.788  5250  5250 I Zygote  : Process 6552 exited due to signal 9 (Killed)
04-18 00:45:27.803  5628  5712 I libprocessgroup: Successfully killed process cgroup uid 10226 pid 6552 in 0ms
04-18 00:45:27.812  8527  8527 I FirebaseInitProvider: FirebaseApp initialization successful
04-18 00:45:27.863  4376  4376 I lmkd    : 1(delay), 0(swap), 0(freelimit), 0(reentrymode) memory pressure events were skipped after a kill!
04-18 00:45:27.864  8527  8527 E FlagshipApplication: [main] FlagshipApplication#onCreate() called for process id 8527
04-18 00:45:27.875  8527  8527 D ConnectivityManager: StackLog: [android.net.ConnectivityManager.sendRequestForNetwork(ConnectivityManager.java:4191)] [android.net.ConnectivityManager.registerDefaultNetworkCallbackForUid(ConnectivityManager.java:4755)] [android.net.ConnectivityManager.registerDefaultNetworkCallback(ConnectivityManager.java:4722)] [android.net.ConnectivityManager.registerDefaultNetworkCallback(ConnectivityManager.java:4696)] [com.linkedin.android.networking.util.NetworkMonitor.<init>(NetworkMonitor.java:58)] [com.linkedin.android.networking.util.NetworkMonitor.initialize(NetworkMonitor.java:40)] [com.linkedin.android.app.FlagshipApplication.onCreate(FlagshipApplication.java:84)] [android.app.Instrumentation.callApplicationOnCreate(Instrumentation.java:1266)] [android.app.ActivityThread.handleBindApplication(ActivityThread.java:7614)] [android.app.ActivityThread.-$$Nest$mhandleBindApplication(Unknown Source:0)] [android.app.ActivityThread$H.handleMessage(ActivityThread.java:2400)]
04-18 00:45:27.877  5628 11220 D ConnectivityService: requestNetwork for uid/pid:10006/8527 activeRequest: null callbackRequest: 15798 [NetworkRequest [ REQUEST id=15799, [ Capabilities: INTERNET&NOT_RESTRICTED&TRUSTED&NOT_VCN_MANAGED Uid: 10006 RequestorUid: 10006 RequestorPkg: com.linkedin.android UnderlyingNetworks: Null] ]] callback flags: 0 order: 2147483647
04-18 00:45:27.878  5628  8367 D ConnectivityService:    accepting network in place of null
04-18 00:45:27.880  5628  8356 D WifiNetworkFactory: got request NetworkRequest [ REQUEST id=15799, [ Capabilities: INTERNET&NOT_RESTRICTED&TRUSTED&NOT_VCN_MANAGED Uid: 10006 RequestorUid: 10006 RequestorPkg: com.linkedin.android UnderlyingNetworks: Null] ]
04-18 00:45:27.880  5628  8356 D UntrustedWifiNetworkFactory: got request NetworkRequest [ REQUEST id=15799, [ Capabilities: INTERNET&NOT_RESTRICTED&TRUSTED&NOT_VCN_MANAGED Uid: 10006 RequestorUid: 10006 RequestorPkg: com.linkedin.android UnderlyingNetworks: Null] ]
04-18 00:45:27.880  5628  8356 D OemPaidWifiNetworkFactory: got request NetworkRequest [ REQUEST id=15799, [ Capabilities: INTERNET&NOT_RESTRICTED&TRUSTED&NOT_VCN_MANAGED Uid: 10006 RequestorUid: 10006 RequestorPkg: com.linkedin.android UnderlyingNetworks: Null] ]
04-18 00:45:27.881  5628  8356 D MultiInternetWifiNetworkFactory: got request NetworkRequest [ REQUEST id=15799, [ Capabilities: INTERNET&NOT_RESTRICTED&TRUSTED&NOT_VCN_MANAGED Uid: 10006 RequestorUid: 10006 RequestorPkg: com.linkedin.android UnderlyingNetworks: Null] ]
04-18 00:45:27.882  5628  8367 D ConnectivityService: Rematched networks [computed 0ms] [applied 1ms] [issued 3]
04-18 00:45:27.882  5628  8367 D ConnectivityService: NetworkReassignment :
04-18 00:45:27.882  5628  8367 D ConnectivityService:   15799 : null → 117
04-18 00:45:27.917  4376  4376 I lmkd    : cached 2, sandbox(not0) 0
04-18 00:45:27.924  4376  4376 I lmkd    : Reclaim 'com.samsung.android.mobileservice' (7812), uid 10107, oom_score_adj 975, state 19 to free 60092kB rss, 29940kb swap
04-18 00:45:27.924  4376  4376 I lmkd    : Reclaimed 90032kB at oom_score_adj 850
04-18 00:45:27.938  5250  5250 I Zygote  : Process 7812 exited due to signal 9 (Killed)
04-18 00:45:27.945  5628  5712 I libprocessgroup: Successfully killed process cgroup uid 10107 pid 7812 in 0ms
04-18 00:45:27.946  7867  7867 I CMHApplication: [#CMH#] Block to verify, Change Trim Memory Level: 80
04-18 00:45:27.968  8527  8527 I FlagshipApplication: [main] Granular phase APP_DEPENDENCY_INJECTION completed. Interval(startNanos=1681771527879000000ns, durationNanos=88000000ns)
04-18 00:45:27.976  8525  8525 W BugsnagNDK: Initialization complete!
04-18 00:45:27.989  8525  8658 D ConnectivityManager: StackLog: [android.net.ConnectivityManager.sendRequestForNetwork(ConnectivityManager.java:4191)] [android.net.ConnectivityManager.registerDefaultNetworkCallbackForUid(ConnectivityManager.java:4755)] [android.net.ConnectivityManager.registerDefaultNetworkCallback(ConnectivityManager.java:4722)] [android.net.ConnectivityManager.registerDefaultNetworkCallback(ConnectivityManager.java:4696)] [com.bugsnag.android.ConnectivityApi24.registerForNetworkChanges(Unknown Source:4)] [com.bugsnag.android.ConnectivityCompat.registerForNetworkChanges(Unknown Source:2)] [androidx.work.Worker$1.run(Unknown Source:357)] [java.util.concurrent.Executors$RunnableAdapter.call(Executors.java:463)] [java.util.concurrent.FutureTask.run(FutureTask.java:264)] [java.util.concurrent.ThreadPoolExecutor.runWorker(ThreadPoolExecutor.java:1137)] [java.util.concurrent.ThreadPoolExecutor$Worker.run(ThreadPoolExecutor.java:637)] [java.lang.Thread.run(Thread.java:1012)]
04-18 00:45:27.991  5628 11254 D ConnectivityService: requestNetwork for uid/pid:10329/8525 activeRequest: null callbackRequest: 15800 [NetworkRequest [ REQUEST id=15801, [ Capabilities: INTERNET&NOT_RESTRICTED&TRUSTED&NOT_VCN_MANAGED Uid: 10329 RequestorUid: 10329 RequestorPkg: com.Slack UnderlyingNetworks: Null] ]] callback flags: 0 order: 2147483647
04-18 00:45:27.992  5628  8367 D ConnectivityService:    accepting network in place of null
04-18 00:45:27.994  5628  8356 D WifiNetworkFactory: got request NetworkRequest [ REQUEST id=15801, [ Capabilities: INTERNET&NOT_RESTRICTED&TRUSTED&NOT_VCN_MANAGED Uid: 10329 RequestorUid: 10329 RequestorPkg: com.Slack UnderlyingNetworks: Null] ]
04-18 00:45:27.994  5628  8356 D UntrustedWifiNetworkFactory: got request NetworkRequest [ REQUEST id=15801, [ Capabilities: INTERNET&NOT_RESTRICTED&TRUSTED&NOT_VCN_MANAGED Uid: 10329 RequestorUid: 10329 RequestorPkg: com.Slack UnderlyingNetworks: Null] ]
04-18 00:45:27.995  5628  8356 D OemPaidWifiNetworkFactory: got request NetworkRequest [ REQUEST id=15801, [ Capabilities: INTERNET&NOT_RESTRICTED&TRUSTED&NOT_VCN_MANAGED Uid: 10329 RequestorUid: 10329 RequestorPkg: com.Slack UnderlyingNetworks: Null] ]
04-18 00:45:27.995  5628  8356 D MultiInternetWifiNetworkFactory: got request NetworkRequest [ REQUEST id=15801, [ Capabilities: INTERNET&NOT_RESTRICTED&TRUSTED&NOT_VCN_MANAGED Uid: 10329 RequestorUid: 10329 RequestorPkg: com.Slack UnderlyingNetworks: Null] ]
04-18 00:45:27.996  5628  8367 D ConnectivityService: Rematched networks [computed 1ms] [applied 0ms] [issued 4]
04-18 00:45:27.996  5628  8367 D ConnectivityService: NetworkReassignment :
04-18 00:45:27.996  5628  8367 D ConnectivityService:   15801 : null → 117
04-18 00:45:28.023  5628 11254 D PackageManager: setEnabledSetting : userId = 0 packageName = com.linkedin.android cmp = androidx.work.impl.background.systemjob.SystemJobService newState = 1 callingPackage = 10006/com.linkedin.android
04-18 00:45:28.024  5628 11254 D ApplicationPolicy: getApplicationStateEnabled : pkg = com.linkedin.android userId : 0
04-18 00:45:28.027  5628 11254 D ApplicationPolicy: getApplicationComponentState : pkg = com.linkedin.android userId : 0
04-18 00:45:28.049  8527  8673 D ConnectivityManager: StackLog: [android.net.ConnectivityManager.sendRequestForNetwork(ConnectivityManager.java:4191)] [android.net.ConnectivityManager.registerDefaultNetworkCallbackForUid(ConnectivityManager.java:4755)] [android.net.ConnectivityManager.registerDefaultNetworkCallback(ConnectivityManager.java:4722)] [org.chromium.net.NetworkChangeNotifierAutoDetect$RegistrationPolicy.register(NetworkChangeNotifierAutoDetect.java:38)] [org.chromium.net.RegistrationPolicyAlwaysRegister.init(RegistrationPolicyAlwaysRegister.java:3)] [org.chromium.net.NetworkChangeNotifierAutoDetect.<init>(NetworkChangeNotifierAutoDetect.java:105)] [org.chromium.net.NetworkChangeNotifier.setAutoDetectConnectivityStateInternal(NetworkChangeNotifier.java:14)] [org.chromium.net.impl.CronetLibraryLoader.ensureInitializedOnInitThread(CronetLibraryLoader.java:17)] [org.chromium.net.impl.CronetLibraryLoader$1.run(CronetLibraryLoader.java:1)]
04-18 00:45:28.052  5628 11254 D ConnectivityService: requestNetwork for uid/pid:10006/8527 activeRequest: null callbackRequest: 15802 [NetworkRequest [ REQUEST id=15803, [ Capabilities: INTERNET&NOT_RESTRICTED&TRUSTED&NOT_VCN_MANAGED Uid: 10006 RequestorUid: 10006 RequestorPkg: com.linkedin.android UnderlyingNetworks: Null] ]] callback flags: 0 order: 2147483647
04-18 00:45:28.056  5628  8367 D ConnectivityService:    accepting network in place of null
04-18 00:45:28.061  5628  8356 D WifiNetworkFactory: got request NetworkRequest [ REQUEST id=15803, [ Capabilities: INTERNET&NOT_RESTRICTED&TRUSTED&NOT_VCN_MANAGED Uid: 10006 RequestorUid: 10006 RequestorPkg: com.linkedin.android UnderlyingNetworks: Null] ]
04-18 00:45:28.061  5628  8356 D UntrustedWifiNetworkFactory: got request NetworkRequest [ REQUEST id=15803, [ Capabilities: INTERNET&NOT_RESTRICTED&TRUSTED&NOT_VCN_MANAGED Uid: 10006 RequestorUid: 10006 RequestorPkg: com.linkedin.android UnderlyingNetworks: Null] ]
04-18 00:45:28.063  5628  8356 D OemPaidWifiNetworkFactory: got request NetworkRequest [ REQUEST id=15803, [ Capabilities: INTERNET&NOT_RESTRICTED&TRUSTED&NOT_VCN_MANAGED Uid: 10006 RequestorUid: 10006 RequestorPkg: com.linkedin.android UnderlyingNetworks: Null] ]
04-18 00:45:28.064  5628  8356 D MultiInternetWifiNetworkFactory: got request NetworkRequest [ REQUEST id=15803, [ Capabilities: INTERNET&NOT_RESTRICTED&TRUSTED&NOT_VCN_MANAGED Uid: 10006 RequestorUid: 10006 RequestorPkg: com.linkedin.android UnderlyingNetworks: Null] ]
04-18 00:45:28.065  8527  8673 D ConnectivityManager: StackLog: [android.net.ConnectivityManager.sendRequestForNetwork(ConnectivityManager.java:4191)] [android.net.ConnectivityManager.sendRequestForNetwork(ConnectivityManager.java:4233)] [android.net.ConnectivityManager.registerNetworkCallback(ConnectivityManager.java:4615)] [org.chromium.net.NetworkChangeNotifierAutoDetect$RegistrationPolicy.register(NetworkChangeNotifierAutoDetect.java:111)] [org.chromium.net.RegistrationPolicyAlwaysRegister.init(RegistrationPolicyAlwaysRegister.java:3)] [org.chromium.net.NetworkChangeNotifierAutoDetect.<init>(NetworkChangeNotifierAutoDetect.java:105)] [org.chromium.net.NetworkChangeNotifier.setAutoDetectConnectivityStateInternal(NetworkChangeNotifier.java:14)] [org.chromium.net.impl.CronetLibraryLoader.ensureInitializedOnInitThread(CronetLibraryLoader.java:17)] [org.chromium.net.impl.CronetLibraryLoader$1.run(CronetLibraryLoader.java:1)]
04-18 00:45:28.070  5628  8367 D ConnectivityService: Rematched networks [computed 1ms] [applied 2ms] [issued 12]
04-18 00:45:28.070  5628  8367 D ConnectivityService: NetworkReassignment :
04-18 00:45:28.070  5628  8367 D ConnectivityService:   15803 : null → 117
04-18 00:45:28.083  5628  8367 D ConnectivityService: Rematched networks [computed 0ms] [applied 2ms] [issued 9]
04-18 00:45:28.083  5628  8367 D ConnectivityService: NetworkReassignment : no changes
04-18 00:45:28.085  8527  8669 I cr_CronetLibraryLoader: Cronet version: 102.0.5005.125, arch: aarch64
04-18 00:45:28.090  4376  4376 I lmkd    : cached 2, sandbox(not0) 0
04-18 00:45:28.093  4376  4376 I lmkd    : Reclaim 'com.osp.app.signin' (7760), uid 10104, oom_score_adj 965, state 19 to free 65996kB rss, 29864kb swap
04-18 00:45:28.094  4376  4376 I lmkd    : Reclaimed 95860kB at oom_score_adj 850
04-18 00:45:28.124  5250  5250 I Zygote  : Process 7760 exited due to signal 9 (Killed)
04-18 00:45:28.125  5628  5712 I libprocessgroup: Successfully killed process cgroup uid 10104 pid 7760 in 0ms
04-18 00:45:28.133  7170  7170 I ContactsProvider: onTrimMemory-success
04-18 00:45:28.136  8527  8674 D CompatibilityChangeReporter: Compat change id reported: 160794467; UID 10006; state: ENABLED
04-18 00:45:28.180  8527  8674 D CompatibilityChangeReporter: Compat change id reported: 194532703; UID 10006; state: ENABLED
04-18 00:45:28.208  8527  8674 D ConnectivityManager: StackLog: [android.net.ConnectivityManager.sendRequestForNetwork(ConnectivityManager.java:4191)] [android.net.ConnectivityManager.registerDefaultNetworkCallbackForUid(ConnectivityManager.java:4755)] [android.net.ConnectivityManager.registerDefaultNetworkCallback(ConnectivityManager.java:4722)] [android.net.ConnectivityManager.registerDefaultNetworkCallback(ConnectivityManager.java:4696)] [androidx.work.impl.constraints.trackers.NetworkStateTracker.startTracking(NetworkStateTracker.java:19)] [androidx.work.impl.constraints.controllers.ConstraintController.replace(ConstraintController.java:136)] [androidx.work.impl.constraints.WorkConstraintsTracker.replace(WorkConstraintsTracker.java:39)] [androidx.work.impl.background.greedy.GreedyScheduler.schedule(GreedyScheduler.java:301)] [androidx.work.impl.Schedulers.schedule(Schedulers.java:152)] [androidx.work.impl.utils.ForceStopRunnable.forceStopRunnable(ForceStopRunnable.java:570)] [androidx.work.impl.utils.ForceStopRunnable.run(ForceStopRunnable.java:32)] [androidx.work.impl.utils.SerialExecutor$Task.run(SerialExecutor.java:5)] [java.util.concurrent.ThreadPoolExecutor.runWorker(ThreadPoolExecutor.java:1137)] [java.util.concurrent.ThreadPoolExecutor$Worker.run(ThreadPoolExecutor.java:637)] [java.lang.Thread.run(Thread.java:1012)]
04-18 00:45:28.210  5628  8565 D ConnectivityService: requestNetwork for uid/pid:10006/8527 activeRequest: null callbackRequest: 15805 [NetworkRequest [ REQUEST id=15806, [ Capabilities: INTERNET&NOT_RESTRICTED&TRUSTED&NOT_VCN_MANAGED Uid: 10006 RequestorUid: 10006 RequestorPkg: com.linkedin.android UnderlyingNetworks: Null] ]] callback flags: 0 order: 2147483647
04-18 00:45:28.211  5628  8367 D ConnectivityService:    accepting network in place of null
