04-27 20:18:52.147  5095  5095 I Layer   : id=3830 Destroyed Surface(name=734acd5 org.jetbrains.android_benchmark.test/androidx.benchmark.IsolationActivity)/@0x57bf4b9 - animation-leash of starting_reveal#3830
04-27 20:18:52.174  5878  5954 D OpenGLRenderer: setSurface called with nullptr
04-27 20:18:52.178  5878  5954 D OpenGLRenderer: setSurface called with nullptr
04-27 20:18:52.196  5878  5890 W System  : A resource failed to call release.
04-27 20:18:52.198  5878  5890 W System  : A resource failed to call release.
04-27 20:18:52.198  5095  5273 I SurfaceFlinger: id=1741 Removed Task=5636#1741 (126)
04-27 20:18:52.198  5095  5273 I SurfaceFlinger: id=383 Removed Task=5629#383 (126)
04-27 20:18:52.206  5095  5095 I Layer   : id=1741 Destroyed Task=5636#1741
04-27 20:18:52.207  5095  5095 I Layer   : id=383 Destroyed Task=5629#383
04-27 20:18:52.281  5878  5890 W System  : A resource failed to call release.
04-27 20:18:52.282  5095  5273 I SurfaceFlinger: id=3798 Removed Task=5645#3798 (124)
04-27 20:18:52.289  5095  5095 I Layer   : id=3798 Destroyed Task=5645#3798
04-27 20:18:52.290  5878  5890 V MediaPlayer-JNI: native_finalize
04-27 20:18:52.290  5878  5890 V MediaPlayer-JNI: release
04-27 20:18:52.297  5878  5890 W System  : A resource failed to call release.
04-27 20:18:52.297  5878  5890 W System  : A resource failed to call release.
04-27 20:18:52.297  5095  5273 I SurfaceFlinger: id=2876 Removed Task=5639#2876 (123)
04-27 20:18:52.298  5095  5273 I SurfaceFlinger: id=2684 Removed Task=5624#2684 (123)
04-27 20:18:52.307  5095  5095 I Layer   : id=2684 Destroyed Task=5624#2684
04-27 20:18:52.307  5095  5095 I Layer   : id=2876 Destroyed Task=5639#2876
04-27 20:18:52.785  5429  7411 D SemWifiUsabilityStatsMonitor: onWifiUsabilityStats - seqNum 3851, isSameBssidAndFreq true
04-27 20:18:52.793  5429  5717 I SemWifiLinkQualityMonitor: Link Qos Query: 0.167 ms / 48.000 Mbps (72 / 0.000 / 1.500)
04-27 20:18:52.794  5878  5878 D NetworkController.WifiSignalController: notifyListener: visible=true, connected=true, inetCondition=1, isDefault=true, wifiTestReported=true, receivedInetCondition=-1, hideDuringMobileSwitching=false
04-27 20:18:52.802  5878  6043 D Tile.WifiTile: handleUpdateState isTransient=false transientEnabling =false cb.isTransient=false state.state = 2 mStateBeforeClick.value =false enabled =true
04-27 20:18:53.338  5429  5488 W libprocessgroup: Failed to open /dev/blkio//cgroup.procs: No such file or directory
04-27 20:18:53.357 30986 31315 I SamsungAccount: [AccountManagerProvider] Calling package : app.shealth.
04-27 20:18:53.357 30986 31315 I SamsungAccount: [SignatureCheckUtil] runCheckSignatureAsync
04-27 20:18:53.357 30986 31315 I SamsungAccount: [SignaturePreconditionChecker] getSignatureResult - fromSesSdk : false
04-27 20:18:53.357 30986 31315 I SamsungAccount: [SignatureInfoDbHelper] getSignatureResult - [10/1y90e][app.shealth.]
04-27 20:18:53.358 30986 31315 I SamsungAccount: [SignatureInfoDbHelper] searchOnUser
04-27 20:18:53.364 30986 31315 I SamsungAccount: [SignatureInfoDbHelper] searchOnUser - [10/1y90e][app.shealth.][64/14aaf] => matched
04-27 20:18:53.364 30986 31315 I SamsungAccount: [SignatureInfoDbHelper] search - matched
04-27 20:18:53.364 30986 31315 I SamsungAccount: [SignatureCheckUtil] runCheckSignatureAsync(fromDb) - matched
04-27 20:18:53.364 30986 31315 I SamsungAccount: [AccountManagerProvider] This is the access of the allowed application
04-27 20:18:53.457  5429  5843 D SyncManager: userId - 0 auto - true
04-27 20:18:53.534 11360 31663 I [SCSDK][C][1.0.04]: [DeviceUtil] : getMnc()
04-27 20:18:53.534 11360 31663 I [SCSDK][C][1.0.04]: [DeviceUtil] : getMcc()
04-27 20:18:53.799  5429  5751 D NetdEventListenerService: DNS Requested by : 108, 10256
04-27 20:18:53.800  5429  5751 D NetdEventListenerService: DNS Requested by : 108, 10256
04-27 20:18:53.802  5429  5751 D NetdEventListenerService: DNS Requested by : 108, 10256
04-27 20:18:53.810  5429  5751 D NetdEventListenerService: DNS Requested by : 108, 10256
04-27 20:18:54.410 11360 11382 I .shealth:remote: Background young concurrent copying GC freed 168530(5969KB) AllocSpace objects, 18(676KB) LOS objects, 47% free, 7789KB/14MB, paused 1.700ms,248us total 106.620ms
04-27 20:18:54.412 30906 31314 W libc    : Access denied finding property "sys.perf.boostopt"
04-27 20:18:54.413  4899  4899 E audit   : type=1400 audit(1682619534.407:17869): avc:  denied  { read } for  pid=30906 comm="binder:30906_4" name="u:object_r:perf_prop:s0" dev="tmpfs" ino=21617 scontext=u:r:sec_untrusted_app:s0:c512,c768 tcontext=u:object_r:perf_prop:s0 tclass=file permissive=0 SEPF_SM-A515F_13_0001 audit_filtered
04-27 20:18:54.413  4899  4899 E audit   : type=1300 audit(1682619534.407:17869): arch=c00000b7 syscall=56 success=no exit=-13 a0=ffffff9c a1=780c9fb2f8 a2=88000 a3=0 items=0 ppid=4924 pid=30906 auid=4294967295 uid=10256 gid=10256 euid=10256 suid=10256 fsuid=10256 egid=10256 sgid=10256 fsgid=10256 tty=(none) ses=4294967295 comm="binder:30906_4" exe="/system/bin/app_process64" subj=u:r:sec_untrusted_app:s0:c512,c768 key=(null)
04-27 20:18:54.413  4899  4899 E audit   : type=1327 audit(1682619534.407:17869): proctitle="com.sec.android.app.shealth"
04-27 20:18:54.626 30986 31315 I SamsungAccount: [AccountManagerProvider] Calling package : app.shealth.
04-27 20:18:54.627 30986 31315 I SamsungAccount: [SignatureCheckUtil] runCheckSignatureAsync
04-27 20:18:54.627 30986 31315 I SamsungAccount: [SignaturePreconditionChecker] getSignatureResult - fromSesSdk : false
04-27 20:18:54.627 30986 31315 I SamsungAccount: [SignatureInfoDbHelper] getSignatureResult - [10/1y90e][app.shealth.]
04-27 20:18:54.627 30986 31315 I SamsungAccount: [SignatureInfoDbHelper] searchOnUser
04-27 20:18:54.637 30986 31315 I SamsungAccount: [SignatureInfoDbHelper] searchOnUser - [10/1y90e][app.shealth.][64/14aaf] => matched
04-27 20:18:54.637 30986 31315 I SamsungAccount: [SignatureInfoDbHelper] search - matched
04-27 20:18:54.637 30986 31315 I SamsungAccount: [SignatureCheckUtil] runCheckSignatureAsync(fromDb) - matched
04-27 20:18:54.637 30986 31315 I SamsungAccount: [AccountManagerProvider] This is the access of the allowed application
04-27 20:18:54.637 30986 31315 I SamsungAccount: [AccountManagerUtil] isSamsungAccountSignedIn : true
04-27 20:18:54.637 30986 31315 I SamsungAccount: [DbManagerV2] getDataState : VALID
04-27 20:18:54.640 30986 31315 I SamsungAccount: [TPMU]  SIMState     :SIM_STATE_READY
04-27 20:18:54.640 30986 31315 I SamsungAccount: [CountryCodeUtil] isChinaCountryCode : false
04-27 20:18:54.640 30986 31315 I SamsungAccount: [ChinaPermissionUtil] isChnSecurityPopupNeeded - false
04-27 20:18:54.649 30986 31315 I SamsungAccount: [TPMU] getMccFromUsim
04-27 20:18:54.649 30986 31315 I SamsungAccount: [DbManagerV2] getMccFromDB
04-27 20:18:54.649 30986 31315 I SamsungAccount: [DbManagerV2] getDataV02ForItems : MCC from Cache
04-27 20:18:54.649 30986 31315 I SamsungAccount: [FamilyGroupUtil] isSupportedOneUiVersionOnFamilyService, oneUiVersion is 5.1 or higher 140100
04-27 20:18:54.651 30986 31315 E SamsungAccount: [PackageUtils] com.samsung.android.app.parentalcare
04-27 20:18:54.651 30986 31315 I SamsungAccount: [PackageUtils] isPackageExist, Package not found : com.samsung.android.app.parentalcare
04-27 20:18:54.651 30986 31315 I SamsungAccount: [FamilyGroupUtil] isSupportFamilyService, isParentalCareInstalled: false
04-27 20:18:54.663 11360 11568 W StepServerDataSyncReceiver: [STB SS] status = true, false
04-27 20:18:55.271  5429  5751 D NetdEventListenerService: DNS Requested by : 108, 10299
04-27 20:18:55.805  5429  7411 D SemWifiUsabilityStatsMonitor: onWifiUsabilityStats - seqNum 3852, isSameBssidAndFreq true
04-27 20:18:55.808  5878  5878 D NetworkController.WifiSignalController: notifyListener: visible=true, connected=true, inetCondition=1, isDefault=true, wifiTestReported=true, receivedInetCondition=-1, hideDuringMobileSwitching=false
04-27 20:18:55.812  5429  5717 I SemWifiLinkQualityMonitor: Link Qos Query: 0.120 ms / 66.755 Mbps (72 / 0.000 / 1.079)
04-27 20:18:55.816  5878  6043 D Tile.WifiTile: handleUpdateState isTransient=false transientEnabling =false cb.isTransient=false state.state = 2 mStateBeforeClick.value =false enabled =true
04-27 20:18:56.058  5878  5878 D SecPowerUI.Notification: showChargingNotice oldChargingType : 11 / currentChargingType : 11, oldChargingTime : 2660000 / mChargingTime : 2660000
04-27 20:18:56.058  5878  5878 D SecPowerUI.Notification: There is no change about charging status, so return!
04-27 20:18:56.397 11360 11568 I SHEALTH#TodayDataManager: SKIP, not initialized.
04-27 20:18:56.526 11360 11382 I .shealth:remote: Background concurrent copying GC freed 97251(6456KB) AllocSpace objects, 36(1468KB) LOS objects, 49% free, 8000KB/15MB, paused 612us,761us total 177.910ms
04-27 20:18:56.527 30906 31689 W libc    : Access denied finding property "sys.perf.boostopt"
04-27 20:18:56.527  4899  4899 E audit   : type=1400 audit(1682619536.523:17870): avc:  denied  { read } for  pid=30906 comm="binder:30906_5" name="u:object_r:perf_prop:s0" dev="tmpfs" ino=21617 scontext=u:r:sec_untrusted_app:s0:c512,c768 tcontext=u:object_r:perf_prop:s0 tclass=file permissive=0 SEPF_SM-A515F_13_0001 audit_filtered
04-27 20:18:56.528  4899  4899 E audit   : type=1300 audit(1682619536.523:17870): arch=c00000b7 syscall=56 success=no exit=-13 a0=ffffff9c a1=780c8fd2f8 a2=88000 a3=0 items=0 ppid=4924 pid=30906 auid=4294967295 uid=10256 gid=10256 euid=10256 suid=10256 fsuid=10256 egid=10256 sgid=10256 fsgid=10256 tty=(none) ses=4294967295 comm="binder:30906_5" exe="/system/bin/app_process64" subj=u:r:sec_untrusted_app:s0:c512,c768 key=(null)
04-27 20:18:56.528  4899  4899 E audit   : type=1327 audit(1682619536.523:17870): proctitle="com.sec.android.app.shealth"
04-27 20:18:56.786 11360 11568 I SHEALTH#StartForegroundServicePolicy: case 6. After Android P device.
04-27 20:18:56.788 11360 11568 I SHEALTH#SFN_Manager: [FGMode] 9, false, 16007, 100003
04-27 20:18:56.798 11360 11568 I SHEALTH#SFN_Manager: [TOSN] SN 42, 2, 0, 7701
04-27 20:18:56.801  5429  8535 D ApplicationPolicy: isStatusBarNotificationAllowedAsUser: packageName = com.sec.android.app.shealth,userId = 0
04-27 20:18:56.806  5429  8535 D ApplicationPolicy: isStatusBarNotificationAllowedAsUser: packageName = com.sec.android.app.shealth,userId = 0
04-27 20:18:56.810 11360 11568 I SHEALTH#WidgetManager: updateWidgets - C : 16007 status : 0 device type : 100003 caller = TodayDataManager - sendResponse
04-27 20:18:56.814 11360 11568 I SHEALTH#WidgetUtil: [RO] isSensorAvailable : false isHeartRateAllowed : true
04-27 20:18:56.815 11360 11568 I SHEALTH#StepsWidgetView: [RO] mContext = com.samsung.android.app.shealth.SHealthApplication@ae0b0ef, mAppWidgetId = 14, mDayData = TS: 1682546400000 TU: 86400000 CA: 531.8912353515625 D: 12247.060546875 C: 16007 TU: 86400000 S: 5.228651523590088 R: 86 W: 15921 H: 0 A: 8432272.0 RE: 6000 DT: 100003 NO: false HE: 0 NH: 0 IN: 0 ST: 0, mIsSetting = false, mIsHrSupported : false, mStatus : 9, mIsSamsungTablet : false
04-27 20:18:56.816 11360 11568 I SHEALTH#StepsWidgetView: [RO] mTheme : 0, mTransparency : 0, mMatchWithDarkMode : true
04-27 20:18:56.818 11360 11568 I SHEALTH#StepsWidgetView: [RO] minWidth = 354, minHeight = 49, maxWidth = 806, maxHeight = 117
04-27 20:18:56.819 11360 11568 I SHEALTH#StepsWidgetView: [RO] columnSpan : -1, rowSpan : -1
04-27 20:18:56.833 11360 11568 I SHEALTH#WidgetUtil: [RO] samsunghome
04-27 20:18:56.833 11360 11568 I SHEALTH#WidgetUtil: [RO] not dcmhome
04-27 20:18:56.833 11360 11568 I SHEALTH#StepsWidgetView: [RO] defaultHomePackageName : com.sec.android.app.launcher, isSamsungHome : true, isDcmHome : false
04-27 20:18:56.833 11360 11568 I SHEALTH#StepsWidgetView: [RO] cellWidth : 116, cellHeight : 157, spanX : 4, dcmCellWidth : 100, dcmCellHeight : 110, dcmSpanX : 4}
04-27 20:18:56.833 11360 11568 I SHEALTH#StepsWidgetView: [RO] isDcmHome: false isDcmMinHeightCase: false isNormalMinHeightCase: false
04-27 20:18:56.833 11360 11568 I SHEALTH#StepsWidgetView: [RO] isStepPaused : false
04-27 20:18:56.835 11360 11568 I SHEALTH#StepsWidgetView: [RO] portraitRemoteViews : android.widget.RemoteViews@ddc0aa6, landscapeRemoteViews : android.widget.RemoteViews@4534ce7, remoteViews : android.widget.RemoteViews@a905094
04-27 20:18:56.840 11360 11568 I SHEALTH#StepsWidgetView: [RO] widthPixels 1080, heightPixels 2186, density 2.625, densityDpi 420, scaledDensity 2.8875, xdpi 409.432, ydpi 406.4
04-27 20:18:56.841 11360 11568 I SHEALTH#StepsWidgetView: [RO] isLandscapeView : false, orientation 1, screenWidthDp 411, screenHeightDp 832, smallestScreenWidthDp 411
04-27 20:18:56.841 11360 11568 I SHEALTH#WidgetUtil: [RO] uiMode : 33
04-27 20:18:56.841 11360 11568 I SHEALTH#StepsWidgetView: [RO] mMatchWithDarkMode : true, isNightModeEnabled : true, isBlackThemeAppliedByDarkMode : true
04-27 20:18:56.843 11360 11568 I SHEALTH#WidgetUtil: [RO] needDarkFont : 0
04-27 20:18:56.844 11360 11568 I SHEALTH#StepsWidgetView: [RO] theme : 1, transparency : 0, opacity : 255, isDarkFont : false, isNoBG : false
04-27 20:18:56.844 11360 11568 I SHEALTH#StepsWidgetView: [RO] isStatusOobe : false, isStepPaused : false, isSourceBand : false
04-27 20:18:56.847 11360 11568 I SHEALTH#StepsWidgetView: [RO] widthPixels 1080, heightPixels 2186, density 2.625, densityDpi 420, scaledDensity 2.8875, xdpi 409.432, ydpi 406.4
04-27 20:18:56.848 11360 11568 I SHEALTH#StepsWidgetView: [RO] isLandscapeView : true, orientation 1, screenWidthDp 411, screenHeightDp 832, smallestScreenWidthDp 411
04-27 20:18:56.848 11360 11568 I SHEALTH#WidgetUtil: [RO] uiMode : 33
04-27 20:18:56.848 11360 11568 I SHEALTH#StepsWidgetView: [RO] mMatchWithDarkMode : true, isNightModeEnabled : true, isBlackThemeAppliedByDarkMode : true
04-27 20:18:56.848 11360 11568 I SHEALTH#WidgetUtil: [RO] needDarkFont : 0
04-27 20:18:56.848 11360 11568 I SHEALTH#StepsWidgetView: [RO] theme : 1, transparency : 0, opacity : 255, isDarkFont : false, isNoBG : false
04-27 20:18:56.848 11360 11568 I SHEALTH#StepsWidgetView: [RO] isStatusOobe : false, isStepPaused : false, isSourceBand : false
04-27 20:18:56.850 11360 11568 I AppWidgetManager: updateAppWidget() appWidgetIds = [14]
04-27 20:18:56.856 11360 11568 I SHEALTH#WidgetUtil: [RO] isSensorAvailable : false isHeartRateAllowed : true
04-27 20:18:56.857 11360 11568 I SHEALTH#StepsWidgetView: [RO] mContext = com.samsung.android.app.shealth.SHealthApplication@ae0b0ef, mAppWidgetId = 27, mDayData = TS: 1682546400000 TU: 86400000 CA: 531.8912353515625 D: 12247.060546875 C: 16007 TU: 86400000 S: 5.228651523590088 R: 86 W: 15921 H: 0 A: 8432272.0 RE: 6000 DT: 100003 NO: false HE: 0 NH: 0 IN: 0 ST: 0, mIsSetting = false, mIsHrSupported : false, mStatus : 9, mIsSamsungTablet : false
04-27 20:18:56.857 11360 11568 I SHEALTH#StepsWidgetView: [RO] mTheme : 0, mTransparency : 255, mMatchWithDarkMode : true
04-27 20:18:56.859 11360 11568 I SHEALTH#StepsWidgetView: [RO] minWidth = 451, minHeight = 123, maxWidth = 451, maxHeight = 123
04-27 20:18:56.859 11360 11568 I SHEALTH#StepsWidgetView: [RO] columnSpan : 5, rowSpan : 1
04-27 20:18:56.872 11360 11568 I SHEALTH#WidgetUtil: [RO] samsunghome
04-27 20:18:56.872 11360 11568 I SHEALTH#WidgetUtil: [RO] not dcmhome
04-27 20:18:56.872 11360 11568 I SHEALTH#StepsWidgetView: [RO] defaultHomePackageName : com.sec.android.app.launcher, isSamsungHome : true, isDcmHome : false
04-27 20:18:56.872 11360 11568 I SHEALTH#StepsWidgetView: [RO] isDcmHome: false isDcmMinHeightCase: false isNormalMinHeightCase: false
04-27 20:18:56.872 11360 11568 I SHEALTH#StepsWidgetView: [RO] isStepPaused : false
04-27 20:18:56.872 11360 11568 I SHEALTH#StepsWidgetView: [RO] portraitRemoteViews : android.widget.RemoteViews@e77973d, landscapeRemoteViews : android.widget.RemoteViews@f2e2b32, remoteViews : android.widget.RemoteViews@27dd083
04-27 20:18:56.877 11360 11568 I SHEALTH#StepsWidgetView: [RO] widthPixels 1080, heightPixels 2186, density 2.625, densityDpi 420, scaledDensity 2.8875, xdpi 409.432, ydpi 406.4
04-27 20:18:56.877 11360 11568 I SHEALTH#StepsWidgetView: [RO] isLandscapeView : false, orientation 1, screenWidthDp 411, screenHeightDp 832, smallestScreenWidthDp 411
04-27 20:18:56.878 11360 11568 I SHEALTH#WidgetUtil: [RO] uiMode : 33
04-27 20:18:56.878 11360 11568 I SHEALTH#StepsWidgetView: [RO] mMatchWithDarkMode : true, isNightModeEnabled : true, isBlackThemeAppliedByDarkMode : true
04-27 20:18:56.878 11360 11568 I SHEALTH#WidgetUtil: [RO] needDarkFont : 0
04-27 20:18:56.878 11360 11568 I SHEALTH#StepsWidgetView: [RO] theme : 0, transparency : 255, opacity : 0, isDarkFont : false, isNoBG : true
04-27 20:18:56.878 11360 11568 I SHEALTH#StepsWidgetView: [RO] isStatusOobe : false, isStepPaused : false, isSourceBand : false
04-27 20:18:56.882 11360 11568 I SHEALTH#StepsWidgetView: [RO] widthPixels 1080, heightPixels 2186, density 2.625, densityDpi 420, scaledDensity 2.8875, xdpi 409.432, ydpi 406.4
04-27 20:18:56.882 11360 11568 I SHEALTH#StepsWidgetView: [RO] isLandscapeView : true, orientation 1, screenWidthDp 411, screenHeightDp 832, smallestScreenWidthDp 411
04-27 20:18:56.882 11360 11568 I SHEALTH#WidgetUtil: [RO] uiMode : 33
04-27 20:18:56.882 11360 11568 I SHEALTH#StepsWidgetView: [RO] mMatchWithDarkMode : true, isNightModeEnabled : true, isBlackThemeAppliedByDarkMode : true
04-27 20:18:56.882 11360 11568 I SHEALTH#WidgetUtil: [RO] needDarkFont : 0
04-27 20:18:56.882 11360 11568 I SHEALTH#StepsWidgetView: [RO] theme : 0, transparency : 255, opacity : 0, isDarkFont : false, isNoBG : true
04-27 20:18:56.882 11360 11568 I SHEALTH#StepsWidgetView: [RO] isStatusOobe : false, isStepPaused : false, isSourceBand : false
04-27 20:18:56.885 11360 11568 I AppWidgetManager: updateAppWidget() appWidgetIds = [27]
04-27 20:18:56.891 11360 11568 I SHEALTH#StepCoverAppWidget: appWidgetIds is zero.
04-27 20:18:58.846  5429  7411 D SemWifiUsabilityStatsMonitor: onWifiUsabilityStats - seqNum 3853, isSameBssidAndFreq true
04-27 20:18:58.854  5878  5878 D NetworkController.WifiSignalController: notifyListener: visible=true, connected=true, inetCondition=1, isDefault=true, wifiTestReported=true, receivedInetCondition=-1, hideDuringMobileSwitching=false
04-27 20:18:58.856  5429  5717 I SemWifiLinkQualityMonitor: Link Qos Query: 0.120 ms / 66.755 Mbps (72 / 0.000 / 1.079)
04-27 20:18:58.859  5878  6043 D Tile.WifiTile: handleUpdateState isTransient=false transientEnabling =false cb.isTransient=false state.state = 2 mStateBeforeClick.value =false enabled =true
04-27 20:18:59.538  5429  8535 D PackageManager: setEnabledSetting : userId = 0 packageName = com.Slack cmp = androidx.work.impl.background.systemalarm.RescheduleReceiver newState = 1 callingPackage = 10329/com.Slack
04-27 20:18:59.540  5429  8535 D ApplicationPolicy: getApplicationStateEnabled : pkg = com.Slack userId : 0
04-27 20:18:59.543  5429  8535 D ApplicationPolicy: getApplicationComponentState : pkg = com.Slack userId : 0
04-27 20:18:59.590  5429  5488 W libprocessgroup: Failed to open /dev/blkio//cgroup.procs: No such file or directory
04-27 20:18:59.612 31104 31178 D ConnectivityManager: StackLog: [android.net.ConnectivityManager.sendRequestForNetwork(ConnectivityManager.java:4191)] [android.net.ConnectivityManager.registerDefaultNetworkCallbackForUid(ConnectivityManager.java:4755)] [android.net.ConnectivityManager.registerDefaultNetworkCallback(ConnectivityManager.java:4722)] [android.net.ConnectivityManager.registerDefaultNetworkCallback(ConnectivityManager.java:4696)] [androidx.work.impl.utils.NetworkApi24.registerDefaultNetworkCallbackCompat(Unknown Source:10)] [androidx.work.impl.constraints.trackers.NetworkStateTracker24.startTracking(Unknown Source:15)] [androidx.work.impl.constraints.controllers.ConstraintController.replace(Unknown Source:130)] [androidx.work.impl.constraints.WorkConstraintsTrackerImpl.replace(Unknown Source:41)] [androidx.work.impl.background.greedy.GreedyScheduler.schedule(Unknown Source:300)] [androidx.work.impl.Schedulers.schedule(Unknown Source:149)] [androidx.work.impl.utils.EnqueueRunnable.run(Unknown Source:53)] [androidx.work.Worker$2.run$androidx$work$impl$utils$SerialExecutorImpl$Task(Unknown Source:4)] [androidx.work.Worker$2.run(Unknown Source:868)] [java.util.concurrent.ThreadPoolExecutor.runWorker(ThreadPoolExecutor.java:1137)] [java.util.concurrent.ThreadPoolExecutor$Worker.run(ThreadPoolExecutor.java:637)] [java.lang.Thread.run(Thread.java:1012)]
04-27 20:18:59.615  5429  5443 D ConnectivityService: requestNetwork for uid/pid:10329/31104 activeRequest: null callbackRequest: 3900 [NetworkRequest [ REQUEST id=3901, [ Capabilities: INTERNET&NOT_RESTRICTED&TRUSTED&NOT_VCN_MANAGED Uid: 10329 RequestorUid: 10329 RequestorPkg: com.Slack UnderlyingNetworks: Null] ]] callback flags: 0 order: 2147483647
04-27 20:18:59.616  5429  5665 D ConnectivityService:    accepting network in place of null
04-27 20:18:59.632  5429  5655 D WifiNetworkFactory: got request NetworkRequest [ REQUEST id=3901, [ Capabilities: INTERNET&NOT_RESTRICTED&TRUSTED&NOT_VCN_MANAGED Uid: 10329 RequestorUid: 10329 RequestorPkg: com.Slack UnderlyingNetworks: Null] ]
04-27 20:18:59.633  5429  5655 D UntrustedWifiNetworkFactory: got request NetworkRequest [ REQUEST id=3901, [ Capabilities: INTERNET&NOT_RESTRICTED&TRUSTED&NOT_VCN_MANAGED Uid: 10329 RequestorUid: 10329 RequestorPkg: com.Slack UnderlyingNetworks: Null] ]
04-27 20:18:59.634  5429  5655 D OemPaidWifiNetworkFactory: got request NetworkRequest [ REQUEST id=3901, [ Capabilities: INTERNET&NOT_RESTRICTED&TRUSTED&NOT_VCN_MANAGED Uid: 10329 RequestorUid: 10329 RequestorPkg: com.Slack UnderlyingNetworks: Null] ]
04-27 20:18:59.635  5429  5655 D MultiInternetWifiNetworkFactory: got request NetworkRequest [ REQUEST id=3901, [ Capabilities: INTERNET&NOT_RESTRICTED&TRUSTED&NOT_VCN_MANAGED Uid: 10329 RequestorUid: 10329 RequestorPkg: com.Slack UnderlyingNetworks: Null] ]
04-27 20:18:59.635  5429  5665 D ConnectivityService: Rematched networks [computed 1ms] [applied 2ms] [issued 16]
04-27 20:18:59.636  5429  5665 D ConnectivityService: NetworkReassignment :
04-27 20:18:59.636  5429  5665 D ConnectivityService:   3901 : null  108
04-27 20:18:59.645 31104 31104 D ConnectivityManager: StackLog: [android.net.ConnectivityManager.unregisterNetworkCallback(ConnectivityManager.java:4863)] [androidx.work.impl.utils.NetworkApi21.unregisterNetworkCallbackCompat(Unknown Source:10)] [androidx.work.impl.constraints.trackers.NetworkStateTracker24.stopTracking(Unknown Source:15)] [androidx.work.impl.constraints.trackers.ConstraintTracker.removeListener(Unknown Source:24)] [androidx.work.impl.constraints.controllers.ConstraintController.replace(Unknown Source:81)] [androidx.work.impl.constraints.WorkConstraintsTrackerImpl.replace(Unknown Source:41)] [androidx.work.impl.background.greedy.GreedyScheduler.onExecuted(Unknown Source:55)] [androidx.work.impl.Processor.onExecuted(Unknown Source:59)] [com.bugsnag.android.DeliveryDelegate$1.run(Unknown Source:212)]
04-27 20:18:59.646  5429  5665 D ConnectivityService:  Removing from current network [108 WIFI], leaving 155 requests.
04-27 20:19:00.006  5878  5878 D KeyguardUpdateMonitor: received broadcast android.intent.action.TIME_TICK
04-27 20:19:00.007  5878  5878 D KeyguardUpdateMonitor: handleTimeUpdate
04-27 20:19:00.010  5878  5878 D FaceWidgetPagesController: onTimeChanged()
04-27 20:19:00.012  5878  6453 D QSClockBellTower: onReceive(android.intent.action.TIME_TICK) mTimeZoneString:null
04-27 20:19:00.027  5878  5878 D QSClockBellTower: He is ready to ring the bell. (((QSClockBellSound - TimeText:20:19, TimeContentDescription:20:19, DateText:Thu, 27 April, ShortDateText:Thu, 27 Apr, Demo:false, QuickStar-Second(false|12:34:56))))
04-27 20:19:00.031  5878  5878 D QSClockIndicatorView: Home Indicator status_bar_clock 20:19 notifyTimeChanged(QSClockBellSound - TimeText:20:19, TimeContentDescription:20:19, DateText:Thu, 27 April, ShortDateText:Thu, 27 Apr, Demo:false, QuickStar-Second(false|12:34:56)) ClockVisibleByPolicy:true, ClockVisibleByUser:true, visible?false, parent:android.widget.LinearLayout{fc169f7 V.E...... ........ 0,0-0,55 #7f0b04f0 app:id/left_clock_container}
04-27 20:19:00.032  5878  5878 D QSClockBellTower: Everyone heard the bell. run(currentTime:1682619540024,   getTime():Thu Apr 27 20:19:00 GMT+02:00 2023,   getTimeZone():libcore.util.ZoneInfo[mDstSavings=3600000,mUseDst=true,mDelegate=[id="Europe/Belgrade",mRawOffset=3600000,mEarliestRawOffset=4920000,transitions=119]])
04-27 20:19:00.048  5878  5878 I FaceWidgetPositionAlgorithm: getClockContainerHeight() supplier = 270, bottom margin = 0, real height = 333
04-27 20:19:00.049  5878  5878 I FaceWidgetPositionAlgorithm: getClockContainerHeight() supplier = 270, bottom margin = 63, real height = 333
04-27 20:19:00.049  5878  5878 I FaceWidgetPositionAlgorithm: getMediaContainerHeight() height = 0 container Visibility = 8, isValid = false, mIsDozing = false, fraction = 1.0, source = 0, target = 0
04-27 20:19:00.049  5878  5878 I FaceWidgetPositionAlgorithm: getMediaContainerHeight() supplier = 0
04-27 20:19:00.053  5878  5878 V QsExpandAnimator: setQsExpansionPosition 0.0
04-27 20:19:00.065  5878  5878 V QsExpandAnimator: updateAnimators
04-27 20:19:00.065  5878  5878 V QsExpandAnimator: clearAnimationState
04-27 20:19:00.066  5878  5878 V QsExpandAnimator: updateViews
04-27 20:19:00.071  5878  5878 V QsExpandAnimator: updateTileAnimator
04-27 20:19:00.074  5878  5878 V QsExpandAnimator: updateHeaderAnimator
04-27 20:19:00.076  5878  5878 V QsExpandAnimator: updateBarAnimator
04-27 20:19:00.076  5878  5878 V QsExpandAnimator: setQsExpansionPosition 0.0
04-27 20:19:00.076  5878  5878 V QsExpandAnimator: onAnimationAtStart
04-27 20:19:01.051  5429  5602 D MotionRecognitionService: [SAR]  onReceive : ACTION_BATTERY_CHANGED, Plugged: 2
04-27 20:19:01.051  5429  5429 D PhoneWindowManagerExt: ACTION_BATTERY_CHANGED - Level=72, status=2
04-27 20:19:01.052  5067  5067 E sehhealth-service: Could not open /sys/class/power_supply/battery/lrp
04-27 20:19:01.055  5429  5429 D SemWifiApBroadcastReceiver: Received : android.intent.action.BATTERY_CHANGED
04-27 20:19:01.058  5787  5787 D SemBigDataInfoController: Intent: android.intent.action.BATTERY_CHANGED
04-27 20:19:01.059  5787  5787 D SemBigDataInfoController: Intent: android.intent.action.BATTERY_CHANGED
04-27 20:19:01.060  5878  5878 I PowerUI : mBootCompleted = true |  mFullyConnected = true
04-27 20:19:01.061  5878  5878 W PowerUI : Plug reason
04-27 20:19:01.061  5878  5878 W PowerUI : Skip charging animation - by plug status
04-27 20:19:01.061  5878  5878 D PowerUI : priorPlugType = 2 mPlugType = 2 priorBatteryStatus = 2 mBatteryStatus = 2
04-27 20:19:01.061  5878  5878 W PowerUI : Plug reason
04-27 20:19:01.061  5878  5878 W PowerUI : Skip charging sound - by plug status
04-27 20:19:01.061  5878  5878 I PowerUI : oldMisalign : false, curMisalign : false
04-27 20:19:01.062  5878  7746 D SecPowerUI.Notification: dismissing low battery warning: level=72
04-27 20:19:01.062  5878  7746 D SecPowerUI.Notification: updateNotification mWarning=false mPlaySound=false
04-27 20:19:01.063  5878  7746 D SecPowerUI.Notification: SecBatteryStatsSnapshot{batteryLevel=72, currentBatteryMode=0, chargingTime=2660000, chargingType=11, batteryHealth=2, automaticTestMode=false, isHiccupState=false}
04-27 20:19:01.065  5878  7746 D SecPowerUI.Notification: 1. restoreScreenTimeOut - saved_value : :
04-27 20:19:01.065  5878  7746 E SecPowerUI.Notification: no saved value, so we do nothing !!
04-27 20:19:01.066  5878  5878 D SecPowerUI.Notification: showChargingNotice oldChargingType : 11 / currentChargingType : 11, oldChargingTime : 2660000 / mChargingTime : 2653000
04-27 20:19:01.066  5878  5878 D SecPowerUI.Notification: showChargingNotification()
04-27 20:19:01.066  5878  5878 D SecPowerUI.Notification: SecBatteryStatsSnapshot{batteryLevel=72, currentBatteryMode=0, chargingTime=2653000, chargingType=11, batteryHealth=2, automaticTestMode=false, isHiccupState=false}
04-27 20:19:01.089  5429  5835 D ApplicationPolicy: isStatusBarNotificationAllowedAsUser: packageName = com.android.systemui,userId = 0
04-27 20:19:01.089  5429  5835 D ApplicationPolicy: isStatusBarNotificationAllowedAsUser: packageName = com.android.systemui,userId = -1
04-27 20:19:01.089  5429  5835 D ApplicationPolicy: isStatusBarNotificationAllowedAsUser: converting userId from USER_ALLto 0
04-27 20:19:01.091  5878  5878 D PowerUI : Battery swelling mode - priorBatterySwellingMode = 0 mBatterySwellingMode = 0 mBatteryStatus = 2
04-27 20:19:01.091  5878  5878 I PowerUI : mBatteryMiscEvent = 65536
04-27 20:19:01.091  5878  5878 D KeyguardUpdateMonitor: received broadcast android.intent.action.BATTERY_CHANGED
04-27 20:19:01.092  5878  5878 D SamsungBatteryMeterDrawable: onBatteryLevelChanged isSomethingChanged: false
04-27 20:19:01.093  5878  5878 D SamsungBatteryMeterDrawable: onBatteryLevelChanged isSomethingChanged: false
04-27 20:19:01.094  5878  5878 D SamsungBatteryMeterDrawable: onBatteryLevelChanged isSomethingChanged: false
04-27 20:19:01.095  5878  5878 D SamsungBatteryMeterDrawable: onBatteryLevelChanged isSomethingChanged: false
04-27 20:19:01.096  5878  5878 I AODBatteryManager: updateBatteryData: ACTION_BATTERY_CHANGED
04-27 20:19:01.096  5878  5878 I AODBatteryManager: saveBatteryData : AOD BatteryData [mBatteryLevel=72, mBatteryStatus=CHARGING, mBatteryPlugType=USB, mBatteryPlugged=true, mRemainingChargeTime=2653000, mBatteryChargingType=2, mBatteryChargerType=FAST, mBatteryOnline=NOT_DEFINED, mBatterySwellingMode=NONE, mBatteryProtectMode=false]
04-27 20:19:01.097  5878  5878 I ChargingInfoManager: updateChargingInfo: newState = AOD ChargingInfo [mState=BATTERY_AND_REMAIN_TIME, mIsCharging=true, mIsFullyCharged=false, mIsBatteryProtectMode=false], oldState = AOD ChargingInfo [mState=BATTERY_AND_REMAIN_TIME, mIsCharging=true, mIsFullyCharged=false, mIsBatteryProtectMode=false]
04-27 20:19:01.097  5878  5878 D KeyguardUpdateMonitor: handleBatteryUpdate
04-27 20:19:01.113  5878  5878 D KeyguardSecIndicationController: addIndicationTimeout() returned - unlocking
04-27 20:19:01.113  5878  5878 D KeyguardSecIndicationController: addIndication() returned - unlocking
04-27 20:19:01.113  5878  5878 D KeyguardSecIndicationPolicy:  remove Item pos = DEFAULT, type =           OWNER_INFO
04-27 20:19:01.113  5878  5878 D KeyguardSecIndicationController: addBatteryAndOwnerInfoIndication() battery status = BatteryStatus{status=2,level=72,plugged=2,health=2,maxChargingWattage=-1,remaining=2653000ultraFastCharger=1}
04-27 20:19:01.113  5878  5878 I ChargingInfoView: handleMessage: MSG_SHOW_CHARGING_INFO
04-27 20:19:01.113  5878  5878 I ChargingInfoView: updateContents: BATTERY_AND_REMAIN_TIME
04-27 20:19:01.113  5878  5878 I ChargingInfoView: handleMessage: MSG_SHOW_CHARGING_INFO
04-27 20:19:01.114  5878  5878 I ChargingInfoView: updateContents: BATTERY_AND_REMAIN_TIME
04-27 20:19:01.315  5785  5785 I FreeformContainer: [SmartPopupViewService] onNotificationPosted: StatusBarNotification(pkg=com.android.systemui user=UserHandle{-1} id=2131428972 tag=charging_state key=-1|com.android.systemui|2131428972|charging_state|10054: Notification(channel=CHR shortcut=null contentView=null vibrate=null sound=null defaults=0x0 flags=0xa color=0xff5075a1 category=sys groupKey=CHARGING vis=PUBLIC semFlags=0x0 semPriority=0 semMissedCount=0))
04-27 20:19:01.316  5785  5785 V FreeformContainer: [SmartPopupViewService] isSmartPopupViewTarget: com.android.systemui is not enabled
04-27 20:19:01.321  9209  9748 I NotificationPipeline: Processing new notification: -1|com.android.systemui|2131428972|charging_state|10054
04-27 20:19:01.322  9209  9748 W Notification4Heart_NB: NotificationBridgeCallback.onNotificationPosted-Ignored package : [-1] com.android.systemui
04-27 20:19:01.323  6323  6323 I Launcher.NotificationListener: onNotificationPosted : com.android.systemui number : 0
04-27 20:19:01.337  5878  5878 D PluginAODManager: onNotificationInfoUpdated() 0
04-27 20:19:01.337  5878  5878 I AODNotificationManager: updateVisibleNotifications: 0
04-27 20:19:01.337  5878  5878 I a       : updateStatusBarNotifications: open
04-27 20:19:01.337  5878  5878 I a       : updateStatusBarNotifications: open
04-27 20:19:01.518  5878  5878 D BubblesManager: onEntryUpdated : shouldBubbleUp=false ,key=-1|com.android.systemui|2131428972|charging_state|10054
04-27 20:19:01.553  5878  5878 I FaceWidgetPositionAlgorithm: getClockContainerHeight() supplier = 270, bottom margin = 0, real height = 333
04-27 20:19:01.554  5878  5878 I FaceWidgetPositionAlgorithm: getClockContainerHeight() supplier = 270, bottom margin = 63, real height = 333
04-27 20:19:01.554  5878  5878 I FaceWidgetPositionAlgorithm: getMediaContainerHeight() height = 0 container Visibility = 8, isValid = false, mIsDozing = false, fraction = 1.0, source = 0, target = 0
04-27 20:19:01.554  5878  5878 I FaceWidgetPositionAlgorithm: getMediaContainerHeight() supplier = 0
04-27 20:19:01.567  5878  5878 D PluginAODManager: onNotificationInfoUpdated() 0
04-27 20:19:01.568  5878  5878 I AODNotificationManager: updateVisibleNotifications: 0
04-27 20:19:01.568  5878  5878 I a       : updateStatusBarNotifications: open
04-27 20:19:01.568  5878  5878 I a       : updateStatusBarNotifications: open
04-27 20:19:01.625  5878  5878 I FaceWidgetPositionAlgorithm: getClockContainerHeight() supplier = 270, bottom margin = 0, real height = 333
04-27 20:19:01.626  5878  5878 I FaceWidgetPositionAlgorithm: getClockContainerHeight() supplier = 270, bottom margin = 63, real height = 333
04-27 20:19:01.626  5878  5878 I FaceWidgetPositionAlgorithm: getMediaContainerHeight() height = 0 container Visibility = 8, isValid = false, mIsDozing = false, fraction = 1.0, source = 0, target = 0
04-27 20:19:01.626  5878  5878 I FaceWidgetPositionAlgorithm: getMediaContainerHeight() supplier = 0
04-27 20:19:01.720  5878  5878 I FaceWidgetPositionAlgorithm: getClockContainerHeight() supplier = 270, bottom margin = 0, real height = 333
04-27 20:19:01.720  5878  5878 I FaceWidgetPositionAlgorithm: getClockContainerHeight() supplier = 270, bottom margin = 63, real height = 333
04-27 20:19:01.720  5878  5878 I FaceWidgetPositionAlgorithm: getMediaContainerHeight() height = 0 container Visibility = 8, isValid = false, mIsDozing = false, fraction = 1.0, source = 0, target = 0
04-27 20:19:01.720  5878  5878 I FaceWidgetPositionAlgorithm: getMediaContainerHeight() supplier = 0
04-27 20:19:01.724  5878  5878 D PluginAODManager: onNotificationInfoUpdated() 0
04-27 20:19:01.724  5878  5878 I AODNotificationManager: updateVisibleNotifications: 0
04-27 20:19:01.725  5878  5878 I a       : updateStatusBarNotifications: open
04-27 20:19:01.725  5878  5878 I a       : updateStatusBarNotifications: open
04-27 20:19:01.872  5429  7411 D SemWifiUsabilityStatsMonitor: onWifiUsabilityStats - seqNum 3854, isSameBssidAndFreq true
04-27 20:19:01.876  5429  5717 I SemWifiLinkQualityMonitor: Link Qos Query: 0.120 ms / 66.755 Mbps (72 / 0.000 / 1.079)
04-27 20:19:01.878  5878  5878 D NetworkController.WifiSignalController: notifyListener: visible=true, connected=true, inetCondition=1, isDefault=true, wifiTestReported=true, receivedInetCondition=-1, hideDuringMobileSwitching=false
04-27 20:19:01.882  5878  6043 D Tile.WifiTile: handleUpdateState isTransient=false transientEnabling =false cb.isTransient=false state.state = 2 mStateBeforeClick.value =false enabled =true
04-27 20:19:04.300  4993  5068 I SensorsHub: context 6 0 5 1,1,55,0,1,3, 29084272190781
04-27 20:19:04.303  5429  5595 D SensorHubManager: onGetSensorHubDataLocked: library(6) = 1, 1, 55, 0, 1, 3
04-27 20:19:04.305  5429  5596 D CAE     : onGetSensorHubData(SensorHubParserProvider.java:89) - onGetSensorHubData Event [event buffer len :6], AP_WAKEUP
04-27 20:19:04.306  5429  5596 I CAE     : parse(SensorHubParserProvider.java:190) - buffer size = 6
04-27 20:19:04.306  5429  5596 I CAE     : parse(SensorHubParserProvider.java:201) - 1, 1, 55, 0, 1, 3,
04-27 20:19:04.307  5429  5596 I CAE     : parse(SLocationRunner.java:88) - SLocationRunner parse start : 3
04-27 20:19:04.308  5429  5596 D CAE     : display(ContextProvider.java:375) - ================= SLOCATION_RUNNER =================
04-27 20:19:04.308  5429  5596 I CAE     : display(ContextProvider.java:391) - ExtraDataArray=[1, 1, 55, 0, 1, 3]
04-27 20:19:04.309  5429  5596 I CAE     : parse(SLocationRunner.java:96) - SLocationRunner parse end:6
04-27 20:19:04.310  5429  5593 D SemContextService: Service.updateContext() : service = SLocation Core
04-27 20:19:04.311  5429  5429 D SemContextManager: onSemContextChanged() : event = SLocation Core
04-27 20:19:04.311  5429  5429 D SLocation: SLocationCoreSem - SemContextChanged type = 47, packet received
04-27 20:19:04.312  5429  6058 I SLocation: SemContextParser -  parse start : 3
04-27 20:19:04.312  5429  6058 I SLocation: SemContextParser -  packet Length : 1packet total size : 6
04-27 20:19:04.312  5429  6058 I SLocation: SemContextParser - packet : [3]
04-27 20:19:04.312  5429  6058 D SLocation: GeofenceCoreManager - received Extra Data from core, len : 1
04-27 20:19:04.317  5429  6058 D SLocation: CommonCoreManager - received Extra Data from core, len : 1
04-27 20:19:04.318  5429  6058 D SLocation: PositionManager - last location time exceed threshold 322969 / 30000
04-27 20:19:04.319  5429  6058 D SLocation: GeopointGeofenceManager - getLastLocation is abnromal!
04-27 20:19:04.319  5429  6058 D SLocation: LocationProviderStatus - try to update provider status (GPS/NLP)
04-27 20:19:04.319  5429  6058 D SLocation: LocationProviderStatus - set isGpsOn : true, isNlpOn : true
04-27 20:19:04.320  5429  6058 D SLocation: LocationProviderStatus - gps & nlp status not changed
04-27 20:19:04.320  5429  6058 D SLocation: SContentManager - IsNetworkAvailable = true
04-27 20:19:04.320  5429  6058 D SLocation: PositionManager - requestLocationUpdates(1) : NETWORK_PROVIDER
04-27 20:19:04.320  5429  6058 D SLocation: NLPManager - requestUpdate - NLP
04-27 20:19:04.338  5429  6058 D LocationManagerService: network provider added registration from 1000/android[SLocationService]/A22C6A3C -> Request[@0 BALANCED, WorkSource{1000 android}]
04-27 20:19:04.395  7025  7069 I RequestManager_FLP: request from system, change packageName from system to system(slocation)
04-27 20:19:04.397  7025  7069 E RequestManager_FLP: [LocationManager] Location request A22C6A3C(Listener) network interval=0ms (min=0ms) from system(slocation) (1000_FINE_unknown_false_foreground)
04-27 20:19:04.427  6734 11121 W SystemServiceRegistry: No service published for: wifirtt
04-27 20:19:04.487  5778  5778 I wpa_supplicant: nl80211: Drv Event 33 (NL80211_CMD_TRIGGER_SCAN) received for wlan0
04-27 20:19:04.491  5778  5778 I wpa_supplicant: wlan0: nl80211: Scan trigger
04-27 20:19:04.499  5429  5429 D SemWifiP2pGoPowerSave: GopsReceiver : received : com.samsung.intent.action.CHECK_SIOP_LEVEL
04-27 20:19:04.500  5429  5429 I SemWifiP2pGoPowerSave: siop_level = 0
04-27 20:19:04.503 11589 11751 I SystemBroadcastReceiver: [#CMH#] onReceive completed :  0
04-27 20:19:04.504 11589 11589 I PolicyManager: [#CMH#] onReceive action = EVENT_SIOP
04-27 20:19:04.506  6180  6405 I PhoneStateTracker<1>: onCellInfoChanged: xxxxx
04-27 20:19:04.513  6180  6405 I ImsCallSessionManager: onCellInfoChanged, phoneId: 1
04-27 20:19:04.516  6180  6405 I RegiMgr-Handler: handleMessage: EVENT_CELL_INFO_CHANGED
04-27 20:19:04.525  6180  6405 I RegiMgr<1>: updatePani RegisterTask[1][mProfile=Telenor Serbia IMS, mRegistrationRat=13, mPdnType=11, mState=REGISTERED, mObject=UserAgent - :
04-27 20:19:04.525  6180  6405 I RegiMgr<1>:  total records=1566
04-27 20:19:04.525  6180  6405 I RegiMgr<1>:  rec[0]: time=04-27 19:14:26.636 processed=ReadyState org=RegisteredState dest=<null> what=34(0x22)
04-27 20:19:04.525  6180  6405 I RegiMgr<1>:  rec[1]: time=04-27 19:14:26.650 processed=RegisteredState org=RegisteredState dest=<null> what=2000(0x7d0)
04-27 20:19:04.525  6180  6405 I RegiMgr<1>:  rec[2]: time=04-27 19:19:57.801 processed=ReadyState org=RegisteredState dest=<null> what=34(0x22)
04-27 20:19:04.525  6180  6405 I RegiMgr<1>:  rec[3]: time=04-27 19:19:57.802 processed=RegisteredState org=RegisteredState dest=<null> what=2000(0x7d0)
04-27 20:19:04.525  6180  6405 I RegiMgr<1>:  rec[4]: time=04-27 19:25:29.083 processed=ReadyState org=RegisteredState dest=<null> what=34(0x22)
04-27 20:19:04.525  6180  6405 I RegiMgr<1>:  rec[5]: time=04-27 19:25:29.084 processed=RegisteredState org=RegisteredState dest=<null> what=2000(0x7d0)
04-27 20:19:04.525  6180  6405 I RegiMgr<1>:  rec[6]: time=04-27 19:31:00.432 processed=ReadyState org=RegisteredState dest=<null> what=34(0x22)
04-27 20:19:04.525  6180  6405 I RegiMgr<1>:  rec[7]: time=04-27 19:31:00.434 processed=RegisteredState org=RegisteredState dest=<null> what=2000(0x7d0)
04-27 20:19:04.525  6180  6405 I RegiMgr<1>:  rec[8]: time=04-27 19:34:21.593 processed=ReadyState org=RegisteredState dest=<null> what=34(0x22)
04-27 20:19:04.525  6180  6405 I RegiMgr<1>:  rec[9]: time=04-27 19:34:21.594 processed=RegisteredState org=RegisteredState dest=<null> what=2000(0x7d0)
04-27 20:19:04.525  6180  6405 I RegiMgr<1>:  rec[10]: time=04-27 19:45:14.662 processed=RegisteredState org=RegisteredState dest=<null> what=8(0x8)
04-27 20:19:04.525  6180  6405 I RegiMgr<1>:  rec[11]: time=04-27 19:45:14.837 processed=RegisteredState org=RegisteredState dest=<null> what=1000(0x3e8)
04-27 20:19:04.525  6180  6405 I RegiMgr<1>:  rec[12]: time=04-27 20:02:09.165 processed=ReadyState org=RegisteredState dest=<null> what=34(0x22)
04-27 20:19:04.525  6180  6405 I RegiMgr<1>:  rec[13]: time=04-27 20:02:09.166 processed=RegisteredState org=RegisteredState dest=<null> what=2000(0x7d0)
04-27 20:19:04.525  6180  6405 I RegiMgr<1>:  rec[14]: time=04-27 20:02:47.045 processed=ReadyState org=RegisteredState dest=<null> what=34(0x22)
04-27 20:19:04.525  6180  6405 I RegiMgr<1>:  rec[15]: time=04-27 20:02:47.061 processed=RegisteredState org=RegisteredState dest=<null> what=2000(0x7d0)
04-27 20:19:04.525  6180  6405 I RegiMgr<1>:  rec[16]: time=04-27 20:08:06.512 processed=ReadyState org=RegisteredState dest=<null> what=34(0x22)
04-27 20:19:04.525  6180  6405 I RegiMgr<1>:  rec[17]: time=04-27 20:08:06.521 processed=RegisteredState org=RegisteredState dest=<null> what=2000(0x7d0)
04-27 20:19:04.525  6180  6405 I RegiMgr<1>:  rec[18]: time=04-27 20:13:35.762 processed=ReadyState org=RegisteredState dest=<null> what=34(0x22)
04-27 20:19:04.525  6180  6405 I RegiMgr<1>:  rec[19]: time=04-27 20:13:35.786 processed=RegisteredState org=RegisteredState dest=<null> what=2000(0x7d0)
04-27 20:19:04.525  6180  6405 I RegiMgr<1>: curState=RegisteredState
04-27 20:19:04.525  6180  6405 I RegiMgr<1>: , mReason=, mPcscfHostname=null, mDeregiReason=41]
04-27 20:19:04.530  6180  6405 I PaniGenerator<1>: generate: subId=2, network=13
04-27 20:19:04.535  6180  6405 I PaniGenerator<1>: generate: network=13, fallbackPlmn=22001
04-27 20:19:04.536  6180  6405 I PdnController<1>: getAllCellInfo mNeedCellLocationUpdate : false
04-27 20:19:04.536  6180  6405 I PaniGenerator: generate: change to NW PLMN(22001)
04-27 20:19:04.537  6180  6405 I PaniGenerator: setLkcForLastPani: No Last PANI header for Telenor Serbia IMS
04-27 20:19:04.538  6180  6405 I UserAgent<1>: updatePani: pani=3GPP-E-UTRAN-FDD;utran-cell-id-3gpp=220012ba5017a703, updatePani: lastPani=
04-27 20:19:04.542  6180  6504 I StackIF : updatePani: 5 pani: [3GPP-E-UTRAN-FDD;utran-cell-id-3gpp=220012ba5017a703]
04-27 20:19:04.545  6180  6504 I SECIMSJ : [0881]> 140
04-27 20:19:04.551  6180  6509 I [IMS6.0]: IMS_onResponse()
04-27 20:19:04.552  6180  6405 I RegiMgr<1>: tryRegister:
04-27 20:19:04.553  6180  6405 I RegiMgr<0>: RegisterTask(s): Megafon VoLTE (IDLE)
04-27 20:19:04.556  6180  6405 I RegiMgr<1>: RegisterTask(s): Telenor Serbia IMS (REGISTERED, rat = 13, service = [mmtel-video, smsip, mmtel]), Global GC RCS (IDLE)
04-27 20:19:04.557  6180  6405 I RcsPolicyMgr<1>: pendingRcsRegister: mActiveDataPhoneId = 1
04-27 20:19:04.557  6180  6405 I RcsPolicyMgr<1>: pendingRcsRegister: mActiveDataPhoneId = 1
04-27 20:19:04.557  6180  6405 I RegisterTask: isSuspended: mSuspended(false) mSuspendByIrat(false)
04-27 20:19:04.557  6180  6405 I RegiMgr<1>: [Global GC RCS|IDLE] checkForTryRegister id: 1003
04-27 20:19:04.557  6180  6405 I RegiMgr : isPdnConnected: false, PdnType: 1
04-27 20:19:04.558  6180  6509 I StackIF : processMessage 2
04-27 20:19:04.558  6180  6509 I StackIF : Processing Response
04-27 20:19:04.558  6180  6509 I SECIMSJ : [0881]< 600
04-27 20:19:04.558  6180  6509 I StackIF : processResponse: reqId 600
04-27 20:19:04.558  6180  6509 I StackIF : processResponse: handle 5 result 0 reason 0
04-27 20:19:04.563  6180  6405 I PdnController: getDefaultNetworkBearer:  WIFI
04-27 20:19:04.567  6180  6405 I PdnController: isWifiConnected: [type: WIFI[], state: CONNECTED/CONNECTED, reason: (unspecified), extra: , failover: false, available: true, roaming: false]
04-27 20:19:04.569  6180  6405 I RegiMgr-Utils<1>: findBestNetwork: WIFI needWifiNetwork = true
04-27 20:19:04.572  6180  6405 I RegiGvnBase<1>: isReadyToDualRegister : true
04-27 20:19:04.577  6180  6405 I RegiMgr<1>: [Global GC RCS|IDLE] checkInitialRegistrationIsReady: APM ON [false], Roamimg [false]
04-27 20:19:04.577  6180  6405 I RcsPolicyMgr<1>: pendingRcsRegister: mActiveDataPhoneId = 1
04-27 20:19:04.577  6180  6405 I ImsProfile: isRttSupportByCallApp : false ttyType : 1
04-27 20:19:04.577  6180  6405 I RegiMgr-Utils<1>: getPriorityRegiedTask : isPriority  High? true
04-27 20:19:04.578  6180  6405 I RegiGvnBase: checkRegiStatus: getState()=IDLE mIsUpdateRegistering=false
04-27 20:19:04.579  6180  6405 I RegiMgr<1>: getTelephonyCallStatus:
04-27 20:19:04.584  6180  6405 I ConfigProvider: query uri:xxxxx
04-27 20:19:04.595  6180  6405 I ConfigProvider: queryStorage path content://com.samsung.rcs.autoconfigurationprovider/parameter/version#simslot1
04-27 20:19:04.616  6180  6405 E GlobalSettingsRepoBase: globalgcsettings No matched key : dual_rcs_policy
04-27 20:19:04.620  6180  6405 I ImsServiceSwitchEur[1]:  isRcsEnabled: true mDefaultSms true mUpsmEnabled false mEmergencyEnabled false
04-27 20:19:04.633  6180  6405 I ConfigTrigger<1>: isWaitAutoConfig:
04-27 20:19:04.633  6180  6405 E GlobalSettingsRepoBase: globalgcsettings No matched key : dual_rcs_policy
04-27 20:19:04.636  6180  6405 I ImsServiceSwitchEur[1]:  isRcsEnabled: true mDefaultSms true mUpsmEnabled false mEmergencyEnabled false
04-27 20:19:04.636  6180  6405 I RegiMgr-Utils: selectPdnType: rat=18pdn=1
04-27 20:19:04.636  6180  6405 I RegiMgr<1>: getServiceForNetwork: network 18
04-27 20:19:04.637  6180  6405 I RegiMgr<1>: getServiceForNetwork: service {options, chatbot-communication, ft_http, im, euc, gls}
04-27 20:19:04.647  6180  6405 I ConfigTrigger<1>: isValidAcsVersion:
04-27 20:19:04.648  6180  6405 E GlobalSettingsRepoBase: globalgcsettings No matched key : dual_rcs_policy
04-27 20:19:04.650  6180  6405 I ConfigProvider: query uri:xxxxx
04-27 20:19:04.661  6180  6405 I ConfigProvider: queryStorage path content://com.samsung.rcs.autoconfigurationprovider/parameter/version#simslot1
04-27 20:19:04.663  5429  8531 D SecContentProvider2: query(), uri = 18 selection = isRCSEnabled
04-27 20:19:04.663  5429  8531 I PhoneRestrictionPolicy: isRCSEnabledInternal(), showMsg: false, columnName: enableRCS
04-27 20:19:04.664  5429  8531 E PhoneRestrictionPolicy: getEmergencyCall >>false
04-27 20:19:04.664  5429  8531 I PhoneRestrictionPolicy: isRCSEnabledInternal(), showMsg: false, columnName: enableRCSForSimSlot1
04-27 20:19:04.665  5429  8531 E PhoneRestrictionPolicy: getEmergencyCall >>false
04-27 20:19:04.666  6180  6405 I ConfigTrigger<1>: RCS switch: true, version: 0, isRcsAcsCompleted: true
04-27 20:19:04.666  6180  6405 I ConfigTrigger<1>: version is improper : 0
04-27 20:19:04.669  6180  6405 I RegiGvnBase: isVideoCallEnabled: Enable
04-27 20:19:04.669  6180  6405 I RegiMgr<1>: getServiceForNetwork: filtered service []
04-27 20:19:04.669  6180  6405 I RegiMgr<1>: Global GC RCS: no ims service for current rat18
04-27 20:19:04.671  6180  6405 I PdnController: slot[1]: stopPdnConnectivity: network 1, callback is null
04-27 20:19:04.672  6180  6405 E PdnController<1>: requestStopNetwork: callback not found
04-27 20:19:04.672  6180  6405 E #IMSCR  : 04-27 20:19:04 0x1101000B:1,FILTERED ALL:1
04-27 20:19:04.672  6180  6405 I PdnController: handleMessage: what 107
04-27 20:19:04.673  6180  6405 I PdnController: slot[1]: requestStopNetwork: network 1, callback is null
04-27 20:19:04.901  5429  7411 D SemWifiUsabilityStatsMonitor: onWifiUsabilityStats - seqNum 3855, isSameBssidAndFreq true
04-27 20:19:04.906  5878  5878 D NetworkController.WifiSignalController: notifyListener: visible=true, connected=true, inetCondition=1, isDefault=true, wifiTestReported=true, receivedInetCondition=-1, hideDuringMobileSwitching=false
04-27 20:19:04.908  5429  5717 I SemWifiLinkQualityMonitor: Link Qos Query: 0.120 ms / 66.755 Mbps (72 / 0.000 / 1.079)
04-27 20:19:04.910  5878  6043 D Tile.WifiTile: handleUpdateState isTransient=false transientEnabling =false cb.isTransient=false state.state = 2 mStateBeforeClick.value =false enabled =true
04-27 20:19:06.096  5878  5878 D SecPowerUI.Notification: showChargingNotice oldChargingType : 11 / currentChargingType : 11, oldChargingTime : 2653000 / mChargingTime : 2653000
04-27 20:19:06.096  5878  5878 D SecPowerUI.Notification: There is no change about charging status, so return!
04-27 20:19:06.507 11589 11769 I PolicyManager: [#CMH#] Is foreground game app: false
04-27 20:19:07.293  5848  6422 D IpClient/wlan0: interfaceLinkStateChanged: ifindex 11 up
04-27 20:19:07.296  5429  5835 D WifiNl80211Manager: Scan result ready event
