04-19 15:57:13.710 17564 17585 I TestRunner: started: valuePreserveBoxInt(org.jetbrains.android_benchmark.AckermannBenchmark)
04-19 15:57:13.713 17564 17564 I MonitoringInstr: Activities that are still in CREATED to STOPPED: 1
04-19 15:57:13.713 17564 17564 I MonitoringInstr: Finishing activity: androidx.benchmark.IsolationActivity@f5684be
04-19 15:57:13.715 17564 17585 I GrantPermissionCallable: Permission: android.permission.WRITE_EXTERNAL_STORAGE is already granted!
04-19 15:57:13.715 17564 17585 I GrantPermissionCallable: Permission: android.permission.READ_EXTERNAL_STORAGE is already granted!
04-19 15:57:13.715 17564 17585 D Benchmark: -- Running org.jetbrains.android_benchmark.AckermannBenchmark#valuePreserveBoxInt --
04-19 15:57:13.715 17564 17585 D PerfettoCapture: Supported ABIs: arm64-v8a, armeabi-v7a, armeabi
04-19 15:57:13.715 17564 17585 D PerfettoCapture: Recording perfetto trace
04-19 15:57:13.727  5628  5714 W libprocessgroup: Failed to open /dev/blkio//cgroup.procs: No such file or directory
04-19 15:57:13.734 23109 16216 I NetworkScheduler.Stats: Task com.google.android.gms/com.google.android.gms.ipa.base.IpaGcmTaskService started execution. cause:9 exec_start_elapsed_seconds: 345679 [CONTEXT service_id=218 ]
04-19 15:57:13.743 23109 15265 I NetworkScheduler.Stats: Task com.google.android.gms/com.google.android.gms.ipa.base.IpaGcmTaskService finished executing. cause:9 result: 1 elapsed_millis: 27 uptime_millis: 27 exec_start_elapsed_seconds: 345679 [CONTEXT service_id=218 ]
04-19 15:57:13.749 17564 17585 I PerfettoCapture: Cleanup perfetto before starting.
04-19 15:57:13.945 17564 17585 I PerfettoCapture: Perfetto output file cleanup -
04-19 15:57:13.945 17564 17585 I PerfettoCapture: Starting perfetto tracing with cmd: cat /storage/emulated/0/Android/data/org.jetbrains.android_benchmark.test/cache/trace_config.pb | perfetto --background -c - -o /data/misc/perfetto-traces/trace_output.pb
04-19 15:57:14.096 30407 30407 I ResourceOverlayService_0: waitAndQuit called
04-19 15:57:14.098 30407 30407 I ResourceOverlayService_0: activity user id 0 process id 0
04-19 15:57:14.125 18842 18842 I perfetto:    perfetto_cmd.cc:1001 Connected to the Perfetto traced service, starting tracing
04-19 15:57:14.127  5406  5406 I perfetto: ing_service_impl.cc:953 Configured tracing session 183, #sources:4, duration:0 ms, #buffers:2, total buffer size:36864 KB, total sessions:1, uid:2000 session name: ""
04-19 15:57:14.128  5403  5403 I perfetto:  probes_producer.cc:139 Ftrace setup (target_buf=365)
04-19 15:57:14.172 17564 17585 I PerfettoCapture: Perfetto output - 18842
04-19 15:57:14.172 17564 17585 I PerfettoCapture: EXITCODE=0
04-19 15:57:14.192  4378  4378 I hwservicemanager: getTransport: Cannot find entry android.hardware.atrace@1.0::IAtraceDevice/default in either framework or device VINTF manifest.
04-19 15:57:14.218  5403  5403 I perfetto:    ftrace_procfs.cc:335 enabled ftrace in /sys/kernel/tracing/
04-19 15:57:14.219  5628  5714 W libprocessgroup: Failed to open /dev/blkio//cgroup.procs: No such file or directory
04-19 15:57:14.247 13194 13194 I SCS@AiSearch user 0: (ObserverWorker::AOSP_MP) [main] entering in startWork():
04-19 15:57:14.248 13194 13194 I SCS@AiSearch user 0: (BaseCollector::AOSP_MP) [main] entering in onChange():
04-19 15:57:14.248 13194 15497 I SCS@AiSearch user 0: (BaseCollector::AOSP_MP) [AOSP_MP-0] entering in collectChanges():
04-19 15:57:14.271  5628  5882 D PackageManager: setEnabledSetting : userId = 0 packageName = com.samsung.android.scs cmp = androidx.work.impl.background.systemalarm.RescheduleReceiver newState = 1 callingPackage = 10380/com.samsung.android.scs
04-19 15:57:14.272  5628  5882 D ApplicationPolicy: getApplicationStateEnabled : pkg = com.samsung.android.scs userId : 0
04-19 15:57:14.274  5628  5882 D ApplicationPolicy: getApplicationComponentState : pkg = com.samsung.android.scs userId : 0
04-19 15:57:14.278 17564 17585 I PerfettoCapture: Perfetto tracing started successfully with pid 18842.
04-19 15:57:14.343  5628  9811 D SemWifiUsabilityStatsMonitor: onWifiUsabilityStats - seqNum 36048, isSameBssidAndFreq true
04-19 15:57:14.344 13194 15497 I SCS@AiSearch user 0: (BaseCollector::AOSP_MP) fetchInternal values : maxSyncId: 1000007868 indexCount: 1709 sourceCount: 1709
04-19 15:57:14.345  5628  8422 I SemWifiLinkQualityMonitor: Link Qos Query: 0.018 ms / 433.000 Mbps (433 / 0.000 / 1.000)
04-19 15:57:14.405 17564 17585 I PerfettoCapture: /sys/kernel/tracing/tracing_on = 1, polled 0 times, capture fully started
04-19 15:57:14.406 17564 17585 D Benchmark: Set 17585 (Bench thread) to priority -20. Was -8, now -20
04-19 15:57:14.406 17564 17585 D Benchmark: Set 17572 (Jit) to priority -15. Was 9, now -15
04-19 15:57:14.409 13194 15497 I SCS@AiSearch user 0: (IndexManager) [AOSP_MP-0] entering in addIndex():
04-19 15:57:14.415 13194 15497 I SCS@AiSearch user 0: (BaseCollector::AOSP_MP) fetch: fetching took  98 ms
04-19 15:57:14.415 13194 15497 I SCS@AiSearch user 0: (BaseCollector::AOSP_MP) fetchChanges: applied 0 items
04-19 15:57:14.415 13194 15497 I SCS@AiSearch user 0: (BaseCollector::AOSP_MP) Collect finished. Result: true
04-19 15:57:14.418 13194 13251 I WM-WorkerWrapper: Worker result SUCCESS for Work [ id=c0f4f60d-d5be-452b-89a0-53b12b99cae7, tags={ com.sec.android.app.myfiles, com.samsung.android.scs.ai.search.data.collector.ObserverWorker } ]
04-19 15:57:14.425 13194 15497 I SCS@AiSearch user 0: (BaseCollector::AOSP_MP) enqueue ObserverWorker name: com.sec.android.app.myfiles, policy: APPEND_OR_REPLACE
04-19 15:57:14.443 17564 17585 I _benchmark.test: Explicit concurrent copying GC freed 420079(7097KB) AllocSpace objects, 1(20KB) LOS objects, 68% free, 2875KB/9019KB, paused 310us,121us total 35.956ms
04-19 15:57:14.478  5628  8965 D PackageManager: setEnabledSetting : userId = 0 packageName = com.samsung.android.scs cmp = androidx.work.impl.background.systemalarm.RescheduleReceiver newState = 1 callingPackage = 10380/com.samsung.android.scs
04-19 15:57:14.480  5628  8965 D ApplicationPolicy: getApplicationStateEnabled : pkg = com.samsung.android.scs userId : 0
04-19 15:57:14.481  5628  8965 D ApplicationPolicy: getApplicationComponentState : pkg = com.samsung.android.scs userId : 0
04-19 15:57:14.901 23109 15265 I GCoreUlr: Starting scheduled upload task
04-19 15:57:15.006 23109 16216 I GCoreUlr: LocationReporter sending 20 locations, 1 activities, and 9 metadata for account account#-1# request #0; requests: []
04-19 15:57:15.093 23109 23109 D BoundBrokerSvc: onBind: Intent { act=com.google.android.gms.auth.account.workaccount.START dat=chimera-action:/... cmp=com.google.android.gms/.chimera.PersistentApiService }
04-19 15:57:15.093 23109 23109 D BoundBrokerSvc: Loading bound service for intent: Intent { act=com.google.android.gms.auth.account.workaccount.START dat=chimera-action:/... cmp=com.google.android.gms/.chimera.PersistentApiService }
04-19 15:57:15.101 30407 30407 I ResourceOverlayService_0: waitAndQuit called
04-19 15:57:15.104 30407 30407 I ResourceOverlayService_0: activity user id 0 process id 0
04-19 15:57:15.205  5628  9290 W LocationManagerService: onFreezeStateChanged, uid[10268]=true
04-19 15:57:15.226 23109 18717 D TrafficStats: tagSocket(168) with statsTag=0x30002200, statsUid=10226
04-19 15:57:15.259 23109 18717 W Conscrypt: Could not set socket write timeout: java.net.SocketException: Socket closed
04-19 15:57:15.265 23109 18717 W Conscrypt: 	at com.google.android.gms.org.conscrypt.Platform.setSocketWriteTimeout(:com.google.android.gms@231312044@23.13.12 (190400-519946965):2)
04-19 15:57:15.265 23109 18717 W Conscrypt: 	at com.google.android.gms.org.conscrypt.ConscryptFileDescriptorSocket.setSoWriteTimeout(:com.google.android.gms@231312044@23.13.12 (190400-519946965):0)
04-19 15:57:15.309 23109 18717 W Conscrypt: Could not set socket write timeout: java.net.SocketException: Socket closed
04-19 15:57:15.309 23109 18717 W Conscrypt: 	at com.google.android.gms.org.conscrypt.Platform.setSocketWriteTimeout(:com.google.android.gms@231312044@23.13.12 (190400-519946965):2)
04-19 15:57:15.309 23109 18717 W Conscrypt: 	at com.google.android.gms.org.conscrypt.ConscryptFileDescriptorSocket.setSoWriteTimeout(:com.google.android.gms@231312044@23.13.12 (190400-519946965):0)
04-19 15:57:15.333  8513  8599 D MobileStatusTracker(1/2): onSignalStrengthsChanged level=3, vendorLevel=2
04-19 15:57:15.335  8513  8599 D MobileSignalController(1/2): notifyListener: enabled=true, connected=true, dataConnected=false, networkType=LTE (4G), emergencyOnly=false, roaming=false, isDefault=false, dataActivity=, level=2, ca=false, mmWave=false, disabledDataIcon=false, simCard=ETC
04-19 15:57:15.342  8513  8599 D NetworkController: SignalStrength from intent slotId=1
04-19 15:57:15.379 23109 23118 I .gms.persistent: Background concurrent copying GC freed 418835(22MB) AllocSpace objects, 1(20KB) LOS objects, 49% free, 22MB/44MB, paused 188us,195us total 199.414ms
04-19 15:57:15.392  5224  5224 E audit   : type=1400 audit(1681912635.385:103051): avc:  denied  { read } for  pid=18056 comm="binder:18056_3" name="u:object_r:perf_prop:s0" dev="tmpfs" ino=16829 scontext=u:r:untrusted_app:s0:c252,c256,c512,c768 tcontext=u:object_r:perf_prop:s0 tclass=file permissive=0 SEPF_SM-A515F_13_0001 audit_filtered
04-19 15:57:15.392  5224  5224 E audit   : type=1300 audit(1681912635.385:103051): arch=c00000b7 syscall=56 success=no exit=-13 a0=ffffff9c a1=7d7537f2f8 a2=88000 a3=0 items=0 ppid=5250 pid=18056 auid=4294967295 uid=10252 gid=10252 euid=10252 suid=10252 fsuid=10252 egid=10252 sgid=10252 fsgid=10252 tty=(none) ses=4294967295 comm="binder:18056_3" exe="/system/bin/app_process64" subj=u:r:untrusted_app:s0:c252,c256,c512,c768 key=(null)
04-19 15:57:15.392 18056 18070 W libc    : Access denied finding property "sys.perf.boostopt"
04-19 15:57:15.392  5224  5224 E audit   : type=1327 audit(1681912635.385:103051): proctitle="com.google.android.apps.photos"
04-19 15:57:15.395  5224  5224 E audit   : type=1400 audit(1681912635.389:103052): avc:  denied  { read } for  pid=17649 comm="binder:17649_4" name="u:object_r:perf_prop:s0" dev="tmpfs" ino=16829 scontext=u:r:untrusted_app_30:s0:c149,c257,c512,c768 tcontext=u:object_r:perf_prop:s0 tclass=file permissive=0 SEPF_SM-A515F_13_0001 audit_filtered
04-19 15:57:15.395  5224  5224 E audit   : type=1300 audit(1681912635.389:103052): arch=c00000b7 syscall=56 success=no exit=-13 a0=ffffff9c a1=7cccff72f8 a2=88000 a3=0 items=0 ppid=5250 pid=17649 auid=4294967295 uid=10405 gid=10405 euid=10405 suid=10405 fsuid=10405 egid=10405 sgid=10405 fsgid=10405 tty=(none) ses=4294967295 comm="binder:17649_4" exe="/system/bin/app_process64" subj=u:r:untrusted_app_30:s0:c149,c257,c512,c768 key=(null)
04-19 15:57:15.396  5224  5224 E audit   : type=1327 audit(1681912635.389:103052): proctitle="com.idamob.tinkoff.android"
04-19 15:57:15.396 17649 18035 W libc    : Access denied finding property "sys.perf.boostopt"
04-19 15:57:15.399 17467 17483 W libc    : Access denied finding property "sys.perf.boostopt"
04-19 15:57:15.622 23109 16216 I GCoreUlr: Batch Location Update succeeded for account account#-1#
04-19 15:57:16.106 30407 30407 I ResourceOverlayService_0: waitAndQuit called
04-19 15:57:16.108 30407 30407 I ResourceOverlayService_0: activity user id 0 process id 0
04-19 15:57:17.110 30407 30407 I ResourceOverlayService_0: waitAndQuit called
04-19 15:57:17.112 30407 30407 I ResourceOverlayService_0: activity user id 0 process id 0
04-19 15:57:17.393  5628  9811 D SemWifiUsabilityStatsMonitor: onWifiUsabilityStats - seqNum 36049, isSameBssidAndFreq true
04-19 15:57:17.398  8513  8513 D NetworkController.WifiSignalController: notifyListener: visible=true, connected=true, inetCondition=1, isDefault=true, wifiTestReported=true, receivedInetCondition=-1, hideDuringMobileSwitching=false
04-19 15:57:17.401  8513  8599 D Tile.WifiTile: handleUpdateState isTransient=false transientEnabling =false cb.isTransient=false state.state = 2 mStateBeforeClick.value =false enabled =true
04-19 15:57:17.405  5628  8422 I SemWifiLinkQualityMonitor: Link Qos Query: 0.021 ms / 375.267 Mbps (433 / 0.000 / 1.154)
04-19 15:57:18.115 30407 30407 I ResourceOverlayService_0: waitAndQuit called
04-19 15:57:18.118 30407 30407 I ResourceOverlayService_0: activity user id 0 process id 0
04-19 15:57:18.900  9284  9353 I GmsPassiveListener_FLP: onGmsLocationChanged, provider=fused / speed=0.9521256 / time=1681912638859 / elapsed=345684647000000
04-19 15:57:18.913  5628  5653 V LocationManagerService: passive provider registration 5023/com.samsung.android.networkdiagnostic/4FDF9C6D dropped delivery - too close
04-19 15:57:18.917  5628  5653 V LocationManagerService: passive provider registration 1000/android[SensorNotificationService]/B3D20444 dropped delivery - too close
04-19 15:57:18.920  5628  8841 D SLocation: PositionManager - PassiveonLocationChanged fused 1681912638859
04-19 15:57:18.921  5628  8841 W SLocation: PositionManager - do not refresh last location about fused location
04-19 15:57:18.921  5628  8841 D SLocation: ARDistanceBigData - BIGDATA ARD - receive location
04-19 15:57:18.926  5628  8841 D SLocation: ARDistanceLibManager - request distance diff to AR Distance Library
04-19 15:57:18.926  5628  8841 D SLocation: SLocationCoreSem - send to coreSem, packet length : 1 / [34]
04-19 15:57:18.926  5628  8841 D SemContextLocationCoreAttribute: setAttribute() mode : 0 action : 23
04-19 15:57:18.927  5628  8841 D SemContextService: lock : changeParameters
04-19 15:57:18.927  5628  8841 D SemContext.CaeProvider.LocationCoreImpl: setAttribute() mode : 0 action : 23
04-19 15:57:18.955  5628  8841 W CAE     : setCAProperty(ContextAwareService.java:513) - [setProperty 01] Mutex is locked for SLOCATION_RUNNER
04-19 15:57:18.958 23109 18717 I GCoreUlr: Successfully inserted 1 locations
04-19 15:57:18.958  5628  8841 I CAE     : setPropertyValue(SLocationRunner.java:116) - SLocationRunner setProperty header : 34, len : 1
04-19 15:57:18.962  5628  8841 I CAE     : sendCmdToSensorHub(SensorHubCommManager.java:156) - -63, 23, 55, 34,
04-19 15:57:18.965  5628  5927 D SensorService: setSContextDataLocked ints length 2 , byte length 4
04-19 15:57:18.965  5628  5927 D SensorService: setSContextDataLocked 223717c1
04-19 15:57:18.975  5271  5271 I SensorsHub: SContextSensor::injecet_sensor_data
04-19 15:57:18.976  5271  5271 D SensorsHub: c1 17 37 22
04-19 15:57:18.976  5271  5271 D SensorsHub: inject_scontext_data: New ssp_data_injection_fd(28)
04-19 15:57:18.976  5271  5271 D SensorsHub: SContext Data Injection return 4
04-19 15:57:18.976  5271  5313 I SensorsHub: context 38 0 37 1,1,55,0,33,33,0,0,0,0,23,87,42,196,110,97,90,0,26,183,10,160,12,49,233,96,0,0,0,46,2,252,189,112,0,0,0,154, 345684765170841
04-19 15:57:18.977  5271  5313 I SensorsHub: context 10 0 9 1,1,55,0,5,2,34,0,0,0, 345684765229880
04-19 15:57:18.977  5628  8841 W CAE     : setCAProperty(ContextAwareService.java:519) - [setProperty 02] Mutex is unlocked for SLOCATION_RUNNER
04-19 15:57:18.977  5628  8841 D SemContextService: unlock : changeParameters
04-19 15:57:18.978  5628  8841 D SemContextManager:   .changeParameters : listener = com.samsung.android.location.semcontext.a@695d2c0, service=SLocation Core
04-19 15:57:18.978  5628  8841 D SLocation: PositionManager - receive fused location
04-19 15:57:18.978  5628  5924 D SensorHubManager: onGetSensorHubDataLocked: library(38) = 1, 1, 55, 0, 33, 33, 0, 0, 0, 0, 23, 87, 42, -60, 110, 97, 90, 0, 26, -73, 10, -96, 12, 49, -23, 96, 0, 0, 0, 46, 2, -4, -67, 112, 0, 0, 0, -102
04-19 15:57:18.979  5628  5924 D SensorHubManager: onGetSensorHubDataLocked: library(10) = 1, 1, 55, 0, 5, 2, 34, 0, 0, 0
04-19 15:57:18.980  5628  5925 D CAE     : onGetSensorHubData(SensorHubParserProvider.java:89) - onGetSensorHubData Event [event buffer len :38], AP_WAKEUP
04-19 15:57:18.981  5628  5925 I CAE     : parse(SensorHubParserProvider.java:190) - buffer size = 38
04-19 15:57:18.981  5628  5925 I CAE     : parse(SensorHubParserProvider.java:201) - 1, 1, 55, 0, 33, 33, 0, 0, 0, 0, 23, 87, 42, -60, 110, 97, 90, 0, 26, -73, 10, -96, 12, 49, -23, 96, 0, 0, 0, 46, 2, -4, -67, 112, 0, 0, 0, -102,
04-19 15:57:18.983  5628  5925 I CAE     : parse(SLocationRunner.java:88) - SLocationRunner parse start : 3
04-19 15:57:18.983  5628  5925 D CAE     : display(ContextProvider.java:375) - ================= SLOCATION_RUNNER =================
04-19 15:57:18.984  5628  5925 I CAE     : display(ContextProvider.java:391) - ExtraDataArray=[1, 1, 55, 0, 33, 33, 0, 0, 0, 0, 23, 87, 42, -60, 110, 97, 90, 0, 26, -73, 10, -96, 12, 49, -23, 96, 0, 0, 0, 46, 2, -4, -67, 112, 0, 0, 0, -102]
04-19 15:57:18.984  5628  5925 I CAE     : parse(SLocationRunner.java:96) - SLocationRunner parse end:38
04-19 15:57:18.985  5628  5925 D CAE     : onGetSensorHubData(SensorHubParserProvider.java:89) - onGetSensorHubData Event [event buffer len :10], AP_WAKEUP
04-19 15:57:18.985  5628  5925 I CAE     : parse(SensorHubParserProvider.java:190) - buffer size = 10
04-19 15:57:18.986  5628  5925 I CAE     : parse(SensorHubParserProvider.java:201) - 1, 1, 55, 0, 5, 2, 34, 0, 0, 0,
04-19 15:57:18.986  5628  5925 I CAE     : parse(SLocationRunner.java:88) - SLocationRunner parse start : 3
04-19 15:57:18.986  5628  5922 D SemContextService: Service.updateContext() : service = SLocation Core
04-19 15:57:18.986  5628  5925 D CAE     : display(ContextProvider.java:375) - ================= SLOCATION_RUNNER =================
04-19 15:57:18.987  5628  5925 I CAE     : display(ContextProvider.java:391) - ExtraDataArray=[1, 1, 55, 0, 5, 2, 34, 0, 0, 0]
04-19 15:57:18.987  5628  5628 D SemContextManager: onSemContextChanged() : event = SLocation Core
04-19 15:57:18.987  5628  5628 D SLocation: SLocationCoreSem - SemContextChanged type = 47, packet received
04-19 15:57:18.987  5628  5925 I CAE     : parse(SLocationRunner.java:96) - SLocationRunner parse end:10
04-19 15:57:18.988  5628  5922 D SemContextService: Service.updateContext() : service = SLocation Core
04-19 15:57:18.989  5628  5628 D SemContextManager: onSemContextChanged() : event = SLocation Core
04-19 15:57:18.989  5628  5628 D SLocation: SLocationCoreSem - SemContextChanged type = 47, packet received
04-19 15:57:18.990  5628  8841 I SLocation: SemContextParser -  parse start : 3
04-19 15:57:18.990  5628  8841 I SLocation: SemContextParser -  packet Length : 33packet total size : 38
04-19 15:57:18.990  5628  8841 I SLocation: SemContextParser - packet : [33, 0, 0, 0, 0, 23, 87, 42, -60, 110, 97, 90, 0, 26, -73, 10, -96, 12, 49, -23, 96, 0, 0, 0, 46, 2, -4, -67, 112, 0, 0, 0, -102]
04-19 15:57:18.991  5628  8841 I SLocation: SemContextParser -  parse start : 3
04-19 15:57:18.991  5628  8841 I SLocation: SemContextParser -  packet Length : 5packet total size : 10
04-19 15:57:18.991  5628  8841 I SLocation: SemContextParser - packet : [2, 34, 0, 0, 0]
04-19 15:57:18.992  5628  8841 D SLocation: GeofenceCoreManager - received Extra Data from core, len : 33
04-19 15:57:18.992  5628  8841 D SLocation: ARDistanceGetARDistance - convertSensorHubTimeToElapsedTime 1681858327433045789
04-19 15:57:18.992  5628  8841 D SLocation: ARDistanceGetARDistance - invalid location time from core pvt 1681858327433045789, do not use distance info
04-19 15:57:18.993  5628  8841 D SLocation: CommonCoreManager - received Extra Data from core, len : 33
04-19 15:57:18.993  5628  8841 D SLocation: GeofenceCoreManager - received Extra Data from core, len : 5
04-19 15:57:18.993  5628  8841 D SLocation: GeofenceCoreManager - handleCommandCallback - UNKNOWN_CALLBACK 34 SUCCESS
04-19 15:57:18.993  5628  8841 D SLocation: ARDistanceLibManager - command callback received - CURRENT_LOCATION_REQUEST_DISTANCE ERROR CODE : ERROR_NONE
04-19 15:57:18.993  5628  8841 D SLocation: CommonCoreManager - received Extra Data from core, len : 5
04-19 15:57:19.018  8900 12244 D BluetoothAdapterService: getBondedDevices, remove custom devices:
04-19 15:57:19.120 30407 30407 I ResourceOverlayService_0: waitAndQuit called
04-19 15:57:19.122 30407 30407 I ResourceOverlayService_0: activity user id 0 process id 0
04-19 15:57:19.210 23109 15265 I SemanticLocation: [Inferrer] IncrementalTimelineInferrer.predict() logs:
04-19 15:57:19.210 23109 15265 I SemanticLocation: Timeline Paths Enabled! Start Computing the timeline paths.
04-19 15:57:19.210 23109 15265 I SemanticLocation:
04-19 15:57:19.210 23109 15265 I SemanticLocation: [CONTEXT service_id=173 ]
04-19 15:57:19.509 17564 17585 D Benchmark: timeNs[ 0:10]: 46724 44891 45202 41430 42349 41945 43167 45533 43089 44430
04-19 15:57:19.509 17564 17585 D Benchmark: timeNs[10:20]: 41979 43939 46271 43701 43743 42931 42340 44511 43935 45134
04-19 15:57:19.510 17564 17585 D Benchmark: timeNs[20:30]: 46413 47332 46738 46773 45900 46375 43037 45478 42930 43116
04-19 15:57:19.510 17564 17585 D Benchmark: timeNs[30:40]: 43590 42955 46444 43748 43963 48092 42269 41906 47940 44257
04-19 15:57:19.510 17564 17585 D Benchmark: timeNs[40:50]: 45282 42435 42997 42974 43236 43482 44462 43909 42817 44016
04-19 15:57:20.125 30407 30407 I ResourceOverlayService_0: waitAndQuit called
04-19 15:57:20.126 30407 30407 I ResourceOverlayService_0: activity user id 0 process id 0
04-19 15:57:20.417 17564 17585 W _benchmark.test: Suspending all threads took: 9.522ms
04-19 15:57:20.418 17564 17585 D Benchmark: allocationCount[ 0:10]: 930 930 931 931 931
04-19 15:57:20.418 17564 17585 D Benchmark: Set 17585 (Bench thread) to priority -8. Was -20, now -8
04-19 15:57:20.418 17564 17585 D Benchmark: Set 17572 (Jit) to priority 9. Was -15, now 9
04-19 15:57:20.418 17564 17585 D Benchmark: Warmup: t=0.320, iter=4842, fastAvg=46775, slowAvg=48117
04-19 15:57:20.418 17564 17585 I PerfettoCapture: Stopping perfetto.
04-19 15:57:20.427  5628  9811 D SemWifiUsabilityStatsMonitor: onWifiUsabilityStats - seqNum 36050, isSameBssidAndFreq true
04-19 15:57:20.438  5628  8422 I SemWifiLinkQualityMonitor: Link Qos Query: 0.021 ms / 375.267 Mbps (433 / 0.000 / 1.154)
04-19 15:57:20.438  8513  8513 D NetworkController.WifiSignalController: notifyListener: visible=true, connected=true, inetCondition=1, isDefault=true, wifiTestReported=true, receivedInetCondition=-1, hideDuringMobileSwitching=false
04-19 15:57:20.440  8513  8599 D Tile.WifiTile: handleUpdateState isTransient=false transientEnabling =false cb.isTransient=false state.state = 2 mStateBeforeClick.value =false enabled =true
04-19 15:57:20.467 18842 18842 I perfetto:    perfetto_cmd.cc:1168 SIGINT/SIGTERM received: disabling tracing.
04-19 15:57:20.479 17564 17585 D Benchmark: kill -TERM command output -
04-19 15:57:20.486  5403  5403 I perfetto:  probes_producer.cc:396 Producer stop (id=729)
04-19 15:57:20.489  5403  5403 I perfetto:    ftrace_procfs.cc:342 disabled ftrace in /sys/kernel/tracing/
04-19 15:57:20.543  4378  4378 I hwservicemanager: getTransport: Cannot find entry android.hardware.atrace@1.0::IAtraceDevice/default in either framework or device VINTF manifest.
04-19 15:57:20.551  5403  5403 I perfetto:  probes_producer.cc:396 Producer stop (id=730)
04-19 15:57:20.552  5403  5403 I perfetto:  probes_producer.cc:396 Producer stop (id=731)
04-19 15:57:20.599 18842 18842 I perfetto:    perfetto_cmd.cc:1124 Trace written into the output file
04-19 15:57:20.606  5406  5406 I perfetto: ng_service_impl.cc:2426 Tracing session 183 ended, total sessions:0
04-19 15:57:21.105 17564 17585 D Benchmark: Waiting 500 ms for [ProcessPid(processName=perfetto, pid=18842)] to die
04-19 15:57:21.128 30407 30407 I ResourceOverlayService_0: waitAndQuit called
04-19 15:57:21.130 30407 30407 I ResourceOverlayService_0: activity user id 0 process id 0
04-19 15:57:21.240 17564 17585 I PerfettoCapture: Writing to /storage/emulated/0/Android/data/org.jetbrains.android_benchmark.test/cache/AckermannBenchmark_valuePreserveBoxInt_2023-04-19-13-57-20.perfetto-trace.
04-19 15:57:21.368 17564 17585 D Benchmark: Copying /storage/emulated/0/Android/data/org.jetbrains.android_benchmark.test/cache/AckermannBenchmark_valuePreserveBoxInt_2023-04-19-13-57-20.perfetto-trace to /sdcard/Android/media/org.jetbrains.android_benchmark.test/additional_test_output/AckermannBenchmark_valuePreserveBoxInt_2023-04-19-13-57-20.perfetto-trace
04-19 15:57:21.408 10919 18812 W MediaProvider: isAppCloneUserPair for user 0: false
04-19 15:57:21.446  5628 11235 D SyncManager: userId - 0 auto - true
04-19 15:57:21.531  5628  5714 W libprocessgroup: Failed to open /dev/blkio//cgroup.procs: No such file or directory
04-19 15:57:21.549 23109 18717 I NetworkScheduler.Stats: Task com.google.android.gms/com.google.android.gms.ipa.base.IpaGcmTaskService started execution. cause:9 exec_start_elapsed_seconds: 345687 [CONTEXT service_id=218 ]
04-19 15:57:21.557 23109 18863 I NetworkScheduler.Stats: Task com.google.android.gms/com.google.android.gms.ipa.base.IpaGcmTaskService finished executing. cause:9 result: 1 elapsed_millis: 46 uptime_millis: 47 exec_start_elapsed_seconds: 345687 [CONTEXT service_id=218 ]
04-19 15:57:21.582 17564 17585 I Benchmark: AckermannBenchmark.valuePreserveBoxInt[Metric (timeNs) results: median 43922.527842770236, min 41430.16799251287, max 48092.581188582124, standardDeviation: 1697.7731473766332, Metric (allocationCount) results: median 931.0, min 930.996724379972, max 931.0023397285914, standardDeviation: 0.002169775034008882]count=2137
04-19 15:57:21.585 17564 17585 D Benchmark: writing results to /storage/emulated/0/Android/data/org.jetbrains.android_benchmark.test/cache/org.jetbrains.android_benchmark.test-benchmarkData.json
04-19 15:57:21.587 17564 17585 D Benchmark: Copying /storage/emulated/0/Android/data/org.jetbrains.android_benchmark.test/cache/org.jetbrains.android_benchmark.test-benchmarkData.json to /sdcard/Android/media/org.jetbrains.android_benchmark.test/additional_test_output/org.jetbrains.android_benchmark.test-benchmarkData.json
04-19 15:57:21.608 10919 18903 I MediaProvider: Deleted 1 0 0 0 0 0 0 items on external_primary due to org.jetbrains.android_benchmark.test
04-19 15:57:21.609  5628  5653 D SyncManager: userId - 0 auto - true
04-19 15:57:21.619 10919 18628 W MediaProvider: isAppCloneUserPair for user 0: false
04-19 15:57:21.630  5628 11235 D SyncManager: userId - 0 auto - true
04-19 15:57:21.632 17564 17585 I TestRunner: finished: valuePreserveBoxInt(org.jetbrains.android_benchmark.AckermannBenchmark)
