04-16 04:33:13.605  5224  5224 E audit   : type=1400 audit(1681612393.599:17675): avc:  denied  { read } for  pid=21477 comm="binder:21477_1" name="u:object_r:perf_prop:s0" dev="tmpfs" ino=16829 scontext=u:r:platform_app:s0:c512,c768 tcontext=u:object_r:perf_prop:s0 tclass=file permissive=0 SEPF_SM-A515F_13_0001 audit_filtered
04-16 04:33:13.605  5224  5224 E audit   : type=1300 audit(1681612393.599:17675): arch=c00000b7 syscall=56 success=no exit=-13 a0=ffffff9c a1=7d7757b2f8 a2=88000 a3=0 items=0 ppid=5250 pid=21477 auid=4294967295 uid=10111 gid=10111 euid=10111 suid=10111 fsuid=10111 egid=10111 sgid=10111 fsgid=10111 tty=(none) ses=4294967295 comm="binder:21477_1" exe="/system/bin/app_process64" subj=u:r:platform_app:s0:c512,c768 key=(null)
04-16 04:33:13.606 21111 21346 D TrafficStats: tagSocket(141) with statsTag=0xffffffff, statsUid=-1
04-16 04:33:13.606 21477 21477 D ActivityThread: setConscryptValidator
04-16 04:33:13.606 21477 21477 D ActivityThread: setConscryptValidator - put
04-16 04:33:13.614 23292 15751 W NetworkScheduler: Error inserting flex_time=2966000 job_id=-1 period=5934000 source=16 requires_charging=0 preferred_network_type=1 target_class=com.google.android.gms.measurement.PackageMeasurementTaskService user_id=0 target_package=com.google.android.gms tag=Measurement.PackageMeasurementTaskService.UPLOAD_TASK_TAG task_type=0 required_idleness_state=0 service_kind=0 source_version=231312000 persistence_level=1 preferred_charging_state=1 required_network_type=0 runtime=1681612393606 retry_strategy={"maximum_backoff_seconds":{"3600":0},"initial_backoff_seconds":{"30":0},"retry_policy":{"0":0}} last_runtime=0 [CONTEXT service_id=218 ]
04-16 04:33:13.614 23292 15751 W NetworkScheduler: android.database.sqlite.SQLiteConstraintException: UNIQUE constraint failed: pending_ops.tag, pending_ops.target_class, pending_ops.target_package, pending_ops.user_id (code 2067 SQLITE_CONSTRAINT_UNIQUE[2067])
04-16 04:33:13.614 23292 15751 W NetworkScheduler: 	at android.database.sqlite.SQLiteConnection.nativeExecuteForLastInsertedRowId(Native Method)
04-16 04:33:13.614 23292 15751 W NetworkScheduler: 	at android.database.sqlite.SQLiteConnection.executeForLastInsertedRowId(SQLiteConnection.java:1275)
04-16 04:33:13.614 23292 15751 W NetworkScheduler: 	at android.database.sqlite.SQLiteSession.executeForLastInsertedRowId(SQLiteSession.java:790)
04-16 04:33:13.614 23292 15751 W NetworkScheduler: 	at android.database.sqlite.SQLiteStatement.executeInsert(SQLiteStatement.java:89)
04-16 04:33:13.614 23292 15751 W NetworkScheduler: 	at android.database.sqlite.SQLiteDatabase.insertWithOnConflict(SQLiteDatabase.java:2410)
04-16 04:33:13.614 23292 15751 W NetworkScheduler: 	at android.database.sqlite.SQLiteDatabase.insertOrThrow(SQLiteDatabase.java:2305)
04-16 04:33:13.614 23292 15751 W NetworkScheduler: 	at bwce.f(:com.google.android.gms@231312044@23.13.12 (190400-519946965):53)
04-16 04:33:13.614 23292 15751 W NetworkScheduler: 	at bway.n(:com.google.android.gms@231312044@23.13.12 (190400-519946965):3)
04-16 04:33:13.614 23292 15751 W NetworkScheduler: 	at bway.u(:com.google.android.gms@231312044@23.13.12 (190400-519946965):20)
04-16 04:33:13.614 23292 15751 W NetworkScheduler: 	at bway.h(:com.google.android.gms@231312044@23.13.12 (190400-519946965):3)
04-16 04:33:13.614 23292 15751 W NetworkScheduler: 	at bvwq.run(:com.google.android.gms@231312044@23.13.12 (190400-519946965):9)
04-16 04:33:13.614 23292 15751 W NetworkScheduler: 	at abix.c(:com.google.android.gms@231312044@23.13.12 (190400-519946965):6)
04-16 04:33:13.614 23292 15751 W NetworkScheduler: 	at abix.run(:com.google.android.gms@231312044@23.13.12 (190400-519946965):7)
04-16 04:33:13.614 23292 15751 W NetworkScheduler: 	at java.util.concurrent.ThreadPoolExecutor.runWorker(ThreadPoolExecutor.java:1137)
04-16 04:33:13.614 23292 15751 W NetworkScheduler: 	at java.util.concurrent.ThreadPoolExecutor$Worker.run(ThreadPoolExecutor.java:637)
04-16 04:33:13.614 23292 15751 W NetworkScheduler: 	at abod.run(:com.google.android.gms@231312044@23.13.12 (190400-519946965):0)
04-16 04:33:13.614 23292 15751 W NetworkScheduler: 	at java.lang.Thread.run(Thread.java:1012)
04-16 04:33:13.656 21477 21477 D CompatibilityChangeReporter: Compat change id reported: 171979766; UID 10111; state: ENABLED
04-16 04:33:13.663 21477 21502 W libc    : Access denied finding property "sys.perf.boostopt"
04-16 04:33:13.710  5628 16160 D MotionRecognitionService: values = 100.0
04-16 04:33:13.710  5628 16160 D MotionRecognitionService: onReceive lux: 100.0  action:
04-16 04:33:13.710  5628 16160 D MotionRecognitionService: Inject brightness form Cam 100.0
04-16 04:33:13.710  5628 16160 D MotionRecognitionService: Inject calibrated lux
04-16 04:33:13.712  5271  5271 I SensorsHub: AutoBrightnessSensor::injectSensorData: camLux 100
04-16 04:33:13.911  5628 16160 D MotionRecognitionService: values = 100.0
04-16 04:33:13.911  5628 16160 D MotionRecognitionService: onReceive lux: 100.0  action:
04-16 04:33:13.912  5628 16160 D MotionRecognitionService: Inject brightness form Cam 100.0
04-16 04:33:13.912  5628 16160 D MotionRecognitionService: Inject calibrated lux
04-16 04:33:13.916  5271  5271 I SensorsHub: AutoBrightnessSensor::injectSensorData: camLux 100
04-16 04:33:14.070 21111 21322 D CompatibilityChangeReporter: Compat change id reported: 194532703; UID 10405; state: DISABLED
04-16 04:33:14.112  5628 16160 D MotionRecognitionService: values = 100.0
04-16 04:33:14.112  5628 16160 D MotionRecognitionService: onReceive lux: 100.0  action:
04-16 04:33:14.113  5628 16160 D MotionRecognitionService: Inject brightness form Cam 100.0
04-16 04:33:14.113  5628 16160 D MotionRecognitionService: Inject calibrated lux
04-16 04:33:14.115  5271  5271 I SensorsHub: AutoBrightnessSensor::injectSensorData: camLux 100
04-16 04:33:14.311 16167 16213 I CameraLightSensor_Service: MSG_SERVICE_CAMERA_LOOP
04-16 04:33:14.313 16167 16213 I CameraLightSensor_Service: startBackgroundThread : mBackgroundHandler is set
04-16 04:33:14.314  5628 16160 D MotionRecognitionService: values = 100.0
04-16 04:33:14.314  5628 16160 D MotionRecognitionService: onReceive lux: 100.0  action:
04-16 04:33:14.314  5628 16160 D MotionRecognitionService: Inject brightness form Cam 100.0
04-16 04:33:14.314  5628 16160 D MotionRecognitionService: Inject calibrated lux
04-16 04:33:14.316  5271  5271 I SensorsHub: AutoBrightnessSensor::injectSensorData: camLux 100
04-16 04:33:14.320 16167 16213 I CameraLightSensor_Service: Camera ID 3 is available
04-16 04:33:14.322  5445 10101 I CameraService: this package can access to hidden camera ids.
04-16 04:33:14.323 16167 16213 I CameraManager: registerAvailabilityCallback: Is device callback = false
04-16 04:33:14.325 16167 16213 I CameraManagerGlobal: postSingleUpdate device: camera id 0 status STATUS_PRESENT
04-16 04:33:14.326 16167 16213 I CameraManagerGlobal: postSingleUpdate device: camera id 1 status STATUS_PRESENT
04-16 04:33:14.327 16167 16213 I CameraManagerGlobal: postSingleUpdate device: camera id 2 status STATUS_PRESENT
04-16 04:33:14.327 16167 16213 I CameraManagerGlobal: postSingleUpdate device: camera id 3 status STATUS_PRESENT
04-16 04:33:14.327 16167 21507 I CameraLightSensor_Service: Camera 3 is available
04-16 04:33:14.327 16167 21507 I CameraLightSensor_Service: Camera open callback start
04-16 04:33:14.328 16167 16213 I CameraManagerGlobal: postSingleUpdate device: camera id 20 status STATUS_PRESENT
04-16 04:33:14.329 16167 16213 I CameraManagerGlobal: postSingleUpdate device: camera id 23 status STATUS_PRESENT
04-16 04:33:14.330 16167 16213 I CameraManagerGlobal: postSingleUpdate device: camera id 50 status STATUS_PRESENT
04-16 04:33:14.330 16167 16213 I CameraManagerGlobal: postSingleUpdate device: camera id 52 status STATUS_PRESENT
04-16 04:33:14.330 16167 16213 I CameraManagerGlobal: postSingleUpdate device: camera id 54 status STATUS_PRESENT
04-16 04:33:14.337  5445 11482 I CameraService: CameraService::connect call (PID -1 "com.samsung.adaptivebrightnessgo", camera ID 3) and Camera API version 2
04-16 04:33:14.338  5445 11482 I CameraService: isUidActiveLocked E: uid 5021, callingPackage com.samsung.adaptivebrightnessgo, isRegistered true
04-16 04:33:14.338  5445 11482 I CameraService: isUidActiveLocked X: return true.
04-16 04:33:14.338  5445 11482 I CameraService: this package is a adaptive brightness app.
04-16 04:33:14.339  5445 11482 I CameraService: CameraService::validateClientPermissionsLocked is ok : calling pid 16167, calling uid 5021, client com.samsung.adaptivebrightnessgo , cameraservice pid=5445, device user 0, currently allowed device users: 0
04-16 04:33:14.339  5445 11482 I CameraService: CameraService::handleEvictionsLocked
04-16 04:33:14.340  5445 11482 I CameraService: this package is a adaptive brightness app.
04-16 04:33:14.340  5445 11482 I CameraService: wouldEvictLocked: [incoming client] owner = 16167, priority-score=999, cost=51, returnIncompatibleClients=false
04-16 04:33:14.340  5445 11482 I CameraService: wouldEvictLocked: [cost info] current cost=0, adding cost=51, total cost=51, max cost=100
04-16 04:33:14.340  5445 11482 I CameraService: wouldEvictLocked: [highestPriority] owner=16167, score=999
04-16 04:33:14.340  5445 11482 I CameraFlashlight: prepareDeviceOpen: prepare for device open(cameraId=3)
04-16 04:33:14.340  5445 11482 I Camera2ClientBase: Camera 3: Opened. Client: com.samsung.adaptivebrightnessgo (PID 16167, UID 5021)
04-16 04:33:14.340  5445 11482 I CameraDeviceClient: CameraDeviceClient 3: Opened
04-16 04:33:14.343  5445 11482 I CameraService: service.camera.client set to com.samsung.adaptivebrightnessgo
04-16 04:33:14.343  5445 11482 I CameraService: startCameraOps: Start camera ops, package name = com.samsung.adaptivebrightnessgo, client UID = 5021
04-16 04:33:14.343  5445 11482 I CameraService: this package is a adaptive brightness app.
04-16 04:33:14.349  5445 11482 I CameraService: Drop checking dpm for package com.samsung.adaptivebrightnessgo(pid 16167) from startCameraOps()
04-16 04:33:14.349  5445 11482 I CameraService: Drop updateStatus callbak for package com.samsung.adaptivebrightnessgo(pid 16167)
04-16 04:33:14.354  5445 11482 D Camera3-RequestInjector: RequestInjector[3] Mapper created
04-16 04:33:14.354  5445 11482 D HidlCamera3-Device: CameraPerf: initialize E
04-16 04:33:14.354  5445 11482 D HidlCamera3-Device: initialize: mInterfaceLock.lock()
04-16 04:33:14.355  5445 11482 I CameraProviderManager: openHidlSession, using trampoline for v5.0
04-16 04:33:14.356  5445 11482 D CameraProviderManager: CameraPerf: openHidlSession E
04-16 04:33:14.356  5287  5524 I SehCamDev@5.0-impl: [CAMKPI] camera3->open : E
04-16 04:33:14.356  5287  5524 I ExynosCameraInterface: INFO(HAL3_camera_device_open[67]):camera(3) master(1), slave(-1) camInfoIndex(3) in ======
04-16 04:33:14.356  5287  5524 I ExynosCameraInterface: [m_checkAndSetMultiDeviceCamId : 772] camera (1) is opened at idx (0, 0)
04-16 04:33:14.357  5287  5524 E ExynosCamera: Build Date is (Jan 16 2023) (13:38:55)
04-16 04:33:14.357  5287  5524 I ExynosCamera: [CAM(1)][Front_0]-(m_init[97]):CameraId_0 (1)
04-16 04:33:14.357  5287  5524 I ExynosCamera: [CAM(1)][Front_0]-(m_init[110]):Single cameara enabled! CameraId (1) m_scenario(0) sensorType(1)
04-16 04:33:14.357  5287  5524 I ExynosCameraSec: [CAM(1)][Front_0]-(m_vendorSpecificPreConstructor[56]):-IN-
04-16 04:33:14.357  5287  5524 I SecCameraUtil: INFO(isEEprom[225]): SAMSUNG_EEPROM_FRONT is not defined
04-16 04:33:14.357  5287  5524 I ExynosCameraSec: [CAM(1)][Front_0]-(m_vendorSpecificPreConstructor[60]):-OUT-
04-16 04:33:14.357  5287  5524 I ExynosCameraSensorInfo: [CAM_ID(1)]-INFO(createExynosCameraSensorInfo[601]):sensorId 121 name IMX616
04-16 04:33:14.357  5287  5524 I SecCameraUtil: INFO(checkFpsProperty[72]): set cam_fps property (0).
04-16 04:33:14.357  5287  5524 I ExynosCameraConfigurationsSec: [CAM(1)][Front_0]-(checkCountryCodeProperty[1347]):countryCode Property - (RU)
04-16 04:33:14.357  5287  5524 I ExynosCameraConfigurations: [CAM(1)][Front_0]-(setDefaultCameraInfo[148]):
04-16 04:33:14.357  5287  5524 I ExynosCameraSensorInfo: [CAM_ID(1)]-INFO(createExynosCameraSensorInfo[601]):sensorId 121 name IMX616
04-16 04:33:14.358  5287  5524 I SecCameraUtil: INFO(checkBinningProperty[89]): set cam_binning property 0
04-16 04:33:14.358  5287  5524 I ExynosCameraParameters: [CAM(1)][Front_0]-(setDefaultCameraInfo[139]):
04-16 04:33:14.359  5287  5524 I ExynosCamera: [CAM(1)][Front_0]-(m_createIonAllocator[4769]):try(1) to create IonAllocator
04-16 04:33:14.360  5287  5524 I ExynosCamera: [CAM(1)][Front_0]-(m_initMultiCam[366]):-IN-
04-16 04:33:14.360  5287  5524 I ExynosCamera: [CAM(1)][Front_0]-(m_initMultiCam[442]):-OUT-
04-16 04:33:14.361  5287  5524 I ExynosCameraSec: [CAM(1)][Front_0]-(m_vendorSpecificConstructor[67]):-IN-
04-16 04:33:14.361  5287  5524 I ExynosCameraSec: [CAM(1)][Front_0]-(m_vendorSpecificConstructor[127]):-OUT-
04-16 04:33:14.361  5287  5524 I ExynosCameraInterface: INFO(HAL3_camera_device_open[134]):camera(1) out from new g_cam_device3[1]->priv()
04-16 04:33:14.362  5445 11482 I CameraProviderManager: Camera device device@3.5/legacy/3 torch status is now NOT_AVAILABLE
04-16 04:33:14.362  5445 11482 I CameraService: onTorchStatusChangedLocked: Torch status changed for cameraId=3, newStatus=0
04-16 04:33:14.362  5445 11482 E CameraService: onTorchStatusChangedLocked: cannot get torch status of camera 3: No such file or directory (-2)
04-16 04:33:14.362  5287  5524 I ExynosCameraInterface: INFO(HAL3_camera_device_open[246]):camera(1) out =====
04-16 04:33:14.363  5287  5524 I ExynosCameraInterface: DEBUG:duration time(    7 msec):(HAL3_camera_device_open)
04-16 04:33:14.363  5287  5524 I SehCamDev@5.0-impl: [CAMKPI] camera3->open : X
04-16 04:33:14.364  5287  5524 I ExynosCameraInterface: INFO(HAL3_camera_device_initialize[393]):in =====
04-16 04:33:14.364  5287  5524 E ExynosCameraInterface: INFO(HAL3_camera_device_initialize[399]): dual cam_state[0](3)
04-16 04:33:14.364  5287  5524 I ExynosCameraInterface: INFO(HAL3_camera_device_initialize[409]):out =====
04-16 04:33:14.364  5287  5524 I ExynosCameraInterface: DEBUG:duration time(    1 msec):(HAL3_camera_device_initialize)
04-16 04:33:14.370  5445 11482 D CameraProviderManager: CameraPerf: openHidlSession X (14ms)
04-16 04:33:14.377  5445 11482 D HidlCamera3-Device: CameraPerf: initialize X (23ms)
04-16 04:33:14.377  5445 11482 D Camera3-Device: CameraPerf: initializeCommonLocked: E
04-16 04:33:14.379  5445 11482 I Camera3-Status: addComponent: Adding new component 0 - InflightRequests
04-16 04:33:14.379  5445 11482 I Camera3-Status: addComponent: Adding new component 1 - RequestThread
04-16 04:33:14.379  5445 11482 D Camera3-Device: initializeCommonLocked mTimestampOffset = 17647447487821ns.
04-16 04:33:14.379  5445 11482 D Camera3-Device: CameraPerf: initializeCommonLocked: X (2ms)
04-16 04:33:14.380  5445 11482 E Camera2-FrameProcessorBase: FrameProcessorBase: created
04-16 04:33:14.380  5445 11482 E Camera2-FrameProcessorBase: registerListener: Registering listener for frame id range 0 - 2147483647
04-16 04:33:14.382  5628 11220 E CameraService_proxy: Recent tasks don't include camera client package name: com.samsung.adaptivebrightnessgo
04-16 04:33:14.382  5445 11482 I CameraService: connectHelper: overrideCameraMuteMode = false, isCameraPrivacyEnabled = false
04-16 04:33:14.382  5445 11482 I CameraService: CameraService::finishConnectLocked E
04-16 04:33:14.382  5445 11482 I CameraService: wouldEvictLocked: [incoming client] owner = 16167, priority-score=999, cost=51, returnIncompatibleClients=false
04-16 04:33:14.383  5445 11482 I CameraService: wouldEvictLocked: [cost info] current cost=0, adding cost=51, total cost=51, max cost=100
04-16 04:33:14.383  5445 11482 I CameraService: wouldEvictLocked: [highestPriority] owner=16167, score=999
04-16 04:33:14.383  5445 11482 I CameraService: this package is a adaptive brightness app.
04-16 04:33:14.385  5445 11482 I CameraService: addAndEvict: push the client(owner 16167, priorityScore 999, state 6) to mClients
04-16 04:33:14.386  5445 11482 I CameraService: CameraService::finishConnectLocked X
04-16 04:33:14.386  5445 11482 I CameraDeviceClient: notifyAppPackageName
04-16 04:33:14.386  5445 11482 D HidlCamera3-Device: CameraPerf: setParameters E
04-16 04:33:14.387  5287  5524 I ExynosCameraInterface: DEBUG(HAL3_camera_device_set_parameters[525]):
04-16 04:33:14.387  5287  5524 I ExynosCameraSec: [CAM(1)][Front_0]-(setParameters[1498]):
04-16 04:33:14.387  5287  5524 I ExynosCameraConfigurationsSec: [CAM(1)][Front_0]-(checkClientPackageName[1497]):packageName (com.samsung.adaptivebrightnessgo) cameraClient (0)
04-16 04:33:14.387  5287  5524 I ExynosCameraInterface: DEBUG:duration time(    0 msec):(HAL3_camera_device_set_parameters)
04-16 04:33:14.388  5445 11482 D HidlCamera3-Device: CameraPerf: setParameters X (1ms)
04-16 04:33:14.388  5445 11482 I CameraService: Notified package name to HAL.
04-16 04:33:14.389  5445 11482 I CameraServiceProxyWrapper: updateProxyDeviceState: notifyCameraState for Camera ID 3, newState 0, facing 1, clientName com.samsung.adaptivebrightnessgo, apiLevel 2
04-16 04:33:14.390  5628 11220 I AudioManager: setParameters keyValuePairs = cameraFacing=front
04-16 04:33:14.390  5628  5653 I CameraManagerGlobal: Camera 3 facing CAMERA_FACING_FRONT state now CAMERA_STATE_OPEN for client com.samsung.adaptivebrightnessgo API Level 2
04-16 04:33:14.391  2959  2985 I CameraManagerGlobal: Camera 3 facing CAMERA_FACING_FRONT state now CAMERA_STATE_OPEN for client com.samsung.adaptivebrightnessgo API Level 2
04-16 04:33:14.391  8513  8543 I CameraManagerGlobal: Camera 3 facing CAMERA_FACING_FRONT state now CAMERA_STATE_OPEN for client com.samsung.adaptivebrightnessgo API Level 2
04-16 04:33:14.391 16167 21507 I CameraLightSensor_Service: Camera open callback finish
04-16 04:33:14.392 16167 21507 I CameraLightSensor_Service: Camera acquired, time = 45440180
04-16 04:33:14.392  8924  9043 I CameraManagerGlobal: Camera 3 facing CAMERA_FACING_FRONT state now CAMERA_STATE_OPEN for client com.samsung.adaptivebrightnessgo API Level 2
04-16 04:33:14.393  5445 10101 D HidlCamera3-Device: CameraPerf: constructDefaultRequestSettings templateId: 1 E
04-16 04:33:14.394 11012  2913 I CameraManagerGlobal: Camera 3 facing CAMERA_FACING_FRONT state now CAMERA_STATE_OPEN for client com.samsung.adaptivebrightnessgo API Level 2
04-16 04:33:14.394 11012  2913 I CameraManagerGlobal: onCameraDeviceStateChangedLocked: post device state update
04-16 04:33:14.394  5256 21725 D audio_hw_primary: device-adev_set_parameters: enter
04-16 04:33:14.394 11012  2913 I CameraManagerGlobal: onCameraDeviceStateChangedLocked: post device state update
04-16 04:33:14.394  5256 21725 D audio_hw_primary: device-adev_set_parameters: param (cameraFacing=front)
04-16 04:33:14.397  8513  9595 D CameraAvailabilityListener: onCameraDeviceStateChanged: id=3, facing=1, state=CAMERA_STATE_OPEN, client=com.samsung.adaptivebrightnessgo
04-16 04:33:14.397  5287  5525 I ExynosCameraInterface: INFO(HAL3_camera_device_construct_default_request_settings[455]):in =====
04-16 04:33:14.398  5287  5525 I ExynosCameraMetadataConverter: [CAM(1)][]-(constructDefaultRequestSettings[95]):Type(1)
04-16 04:33:14.398  5287  5525 I ExynosCameraMetadataConverter: [CAM(1)][]-(constructDefaultRequestSettings[124]):type is ANDROID_CONTROL_CAPTURE_INTENT_PREVIEW
04-16 04:33:14.398  5287  5525 I ExynosCameraMetadataConverter: [CAM(1)][]-(constructDefaultRequestSettings[478]):Registered default request template(1)
04-16 04:33:14.398  5287  5525 I ExynosCamera: [CAM(1)][Front_0]-(construct_default_request_settings[1172]):out
04-16 04:33:14.398  5287  5525 I ExynosCameraInterface: INFO(HAL3_camera_device_construct_default_request_settings[464]):out =====
04-16 04:33:14.398  5287  5525 I ExynosCameraInterface: DEBUG:duration time(    1 msec):(HAL3_camera_device_construct_default_request_settings)
04-16 04:33:14.399  5445 10101 D HidlCamera3-Device: CameraPerf: constructDefaultRequestSettings X (6ms)
04-16 04:33:14.399 16167 14012 I CameraManagerGlobal: Camera 3 facing CAMERA_FACING_FRONT state now CAMERA_STATE_OPEN for client com.samsung.adaptivebrightnessgo API Level 2
04-16 04:33:14.400  5445 10101 D HidlCamera3-Device: CameraPerf: setParameters E
04-16 04:33:14.403  5287  5525 I ExynosCameraInterface: DEBUG(HAL3_camera_device_set_parameters[525]):
04-16 04:33:14.403  5287  5525 I ExynosCameraSec: [CAM(1)][Front_0]-(setParameters[1498]):
04-16 04:33:14.403  5287  5525 I ExynosCameraConfigurationsSec: [CAM(1)][Front_0]-(m_checkDeviceSwitching[1529]):device-switching is NULL
04-16 04:33:14.403  5287  5525 I ExynosCameraConfigurationsSec: [CAM(1)][Front_0]-(m_checkShootingMode[1775]):shootingmode 30
04-16 04:33:14.403  5287  5525 I ExynosCameraConfigurationsSec: [CAM(1)][Front_0]-(m_checkVtMode[1739]):newVTMode (-1)
04-16 04:33:14.404  5287  5525 I ExynosCameraInterface: DEBUG:duration time(    1 msec):(HAL3_camera_device_set_parameters)
04-16 04:33:14.404  5445 10101 D HidlCamera3-Device: CameraPerf: setParameters X (3ms)
04-16 04:33:14.405  5445 10101 D Camera3-Device: waitUntilDrained: mInterfaceLock.unlock()
04-16 04:33:14.407  5445 10101 D CameraDeviceClient: createStream E
04-16 04:33:14.407  5445 10101 D SessionConfigUtils: createSurfaceFromGbp E: logicalCameraId=3, isStreamInfoValid=0, useCase=0, option=0x0, mirrorMode=0
04-16 04:33:14.408  5445 10101 W SessionConfigUtils: createSurfaceFromGbp: Camera 3 with consumer usage flag: 256: Forcing asynchronous mode forstream
04-16 04:33:14.408  5445 10101 D SessionConfigUtils: createSurfaceFromGbp: consumer usage flag: 256, useAsync: 1
04-16 04:33:14.408  5287 21515 I ExynosCameraSec: [CAM(1)][Front_0]-(m_fastenPreviewFactoryThreadFunc[31034]):
04-16 04:33:14.410  5445 10101 D SessionConfigUtils: createSurfaceFromGbp: width=1, height=1, format=1, dataSpace=0
04-16 04:33:14.410  5445 10101 W SessionConfigUtils: createSurfaceFromGbp: Camera 3: Overriding format 0x1 to IMPLEMENTATION_DEFINED
04-16 04:33:14.410  5445 10101 D SessionConfigUtils: roundBufferDimensionNearest  inWidth=1 inHeight=1, outWidth=176 outHeight=144 X
04-16 04:33:14.410  5445 10101 D SessionConfigUtils: createSurfaceFromGbp X
04-16 04:33:14.413  5445 10101 D Camera3-Device: createStream: mInterfaceLock.lock()
04-16 04:33:14.413  5445 10101 D Camera3-Device: createStream: Camera 3: Creating new stream 0: 176 x 144, format 0x22(IMPL_DEF), dataspace 0 rotation 0 consumer usage 0, isShared 0, physicalCameraId , isMultiResolution 0 dynamicRangeProfile 0x1, streamUseCase 0, option 0x0, timestampBase 0, mirrorMode 0
04-16 04:33:14.415  5445 10101 D Camera3-Device: createStream: mInterfaceLock.unlock()
04-16 04:33:14.415  5445 10101 D CameraDeviceClient: createStream: Camera 3: Successfully created a new stream ID 0 for output surface (176 x 144) with format 0x22.
04-16 04:33:14.416  5445 10101 D Camera3-Device: setStreamTransform: mInterfaceLock.lock()
04-16 04:33:14.416  5445 10101 D CameraDeviceClient: createStream X
04-16 04:33:14.417  5445 10101 D Camera3-Device: filterParamsAndConfigureLocked : operatingMode=0
04-16 04:33:14.417  5445 10101 D Camera3-Device: CameraPerf: configureStreamsLocked: Camera 3: Stream configuration E
04-16 04:33:14.418  5445 10101 I HidlCamera3-Device: configureStreams Before configuration Stream[0] : [176 x 144], usage: 0x100
04-16 04:33:14.418  5287  5525 I SehCamDevSession@5.0-impl: [CAMKPI] camera3->configure_streams : E
04-16 04:33:14.418  5287  5525 I ExynosCameraInterface: INFO(HAL3_camera_device_configure_streams[423]):in =====
04-16 04:33:14.418  5287  5525 I ExynosCameraSec: [CAM(1)][Front_0]-(configureStreams[7706]):In
04-16 04:33:14.419  5287  5525 I ExynosCameraSec: [CAM(1)][Front_0]-(configureStreams[7735]):m_firstPreviewTimer start
04-16 04:33:14.419  5287  5525 I ExynosCameraConfigurationsSec: [CAM(1)][Front_0]-(m_checkCameraClient[1429]):Camera Client 0
04-16 04:33:14.419  5287  5525 I ExynosCameraMetadataConverterVendor: [CAM(1)][]-(setVendorPreSessionParams[6464]):SHOT_MODE(30)
04-16 04:33:14.419  5287 21515 I ExynosCameraFrameFactoryPreview: [CAM(1)][Front_0]-(create[43]):
04-16 04:33:14.419  5287 21515 I ExynosCameraFrameFactoryBase: [CAM(1)][Front_0]-(create[37]):
04-16 04:33:14.419  5287 21515 I ExynosCameraFrameFactoryPreviewSec: [CAM(1)][Front_0]-(m_setupConfig[256]):
04-16 04:33:14.419  5287 21515 I ExynosCameraFrameFactoryPreview: [CAM(1)][Front_0]-(m_setDeviceInfo[731]):
04-16 04:33:14.420  5287 21515 I ExynosCameraFrameFactoryPreviewSec: [CAM(1)][Front_0]-(m_constructPipes[340]):
04-16 04:33:14.420  5287  5525 I ExynosCameraConfigurationsSec: [CAM(1)][Front_0]-(setMode[470]):YSUM Recording OFF
04-16 04:33:14.420  5287  5525 I ExynosCameraSec: [CAM(1)][Front_0]-(m_enumStreamInfo[7089]):setting usage read|write
04-16 04:33:14.420  5287  5525 I ExynosCameraStreamManager: INFO(m_insert[638]):inserted stream and id is (1)
04-16 04:33:14.420  5287  5525 I ExynosCameraStreamManager: INFO(m_insert[653]):m_increaseYuvStreamCount(1)
04-16 04:33:14.420  5287  5525 I ExynosCameraSec: [CAM(1)][Front_0]-(m_enumStreamInfo[7441]):streamId(1) needGSC(0)
04-16 04:33:14.420  5287  5525 I ExynosCameraSec: [CAM(1)][Front_0]-(m_constructFrameFactory[391]):-IN-
04-16 04:33:14.420  5287  5525 I ExynosCameraSec: [CAM(1)][Front_0]-(m_constructFrameFactory[571]):-OUT-
04-16 04:33:14.420  5287  5525 I ExynosCameraSec: DEBUG:duration time(    0 msec):(m_constructFrameFactory)
04-16 04:33:14.420  5287  5525 I ExynosCameraSec: [CAM(1)][Front_0]-(m_checkVideoStreamPriority[33569]):m_flagVideoStreamPriority(0), m_flagUseOnePort(0)
04-16 04:33:14.420  5287  5525 I ExynosCameraSec: [CAM(1)][Front_0]-(configureStreams[8098]):list_index 0 streamId 1, stream_type 0, size 176x144, format 22, usage 0x20133
04-16 04:33:14.420  5287  5525 I ExynosCameraSec: [CAM(1)][Front_0]-(configureStreams[8100]):max_buffers 9, needMmap 1, physCamID -1, optionPhysCamId 0, remoteStreamOption 0, option 0
04-16 04:33:14.420  5287  5525 I ExynosCameraSec: [CAM(1)][Front_0]-(configureStreams[8116]):registerStream 2 registerbuffer 17
04-16 04:33:14.421  5287  5525 I ExynosCameraParametersSec: [CAM(1)][Front_0]-(checkYuvSize[1236]):camType(0) curYuvSize(0x0) newYuvSize(176x144) outputPortId(0) curRatio(6)
04-16 04:33:14.421  5287  5525 I ExynosCameraParametersSec: [CAM(1)][Front_0]-(checkHwYuvSize[1309]):curHwYuvSize 0x0 newHwYuvSize 176x144 outputPortId 0
04-16 04:33:14.421  5287  5525 I ExynosCameraConfigurations: [CAM(1)][Front_0]-(checkYuvFormat[263]):curYuvFormat NV21 newYuvFormat NM21 pixelSizeNum 0 outputPortId 0
04-16 04:33:14.421  5287  5525 I ExynosCameraSec: [CAM(1)][Front_0]-(configureStreams[8522]):Create buffer manager(PREVIEW)
04-16 04:33:14.421  5287  5525 I ExynosCameraBufferSupplier: [CAM(1)][BufferSupplier]-(createBufferManager[181]):[PREVIEW_STREAM_BUF]Created. P 27,-1,-1,-1,-1, T 2
04-16 04:33:14.421  5287  5525 I ExynosCameraSec: [CAM(1)][Front_0]-(configureStreams[8547]):planeCount = 2+1, planeSize[0] = 25344, planeSize[1] = 12672, planeSize[2] = 0, bytesPerLine[0] = 0, outputPortId = 0
04-16 04:33:14.422  5287 21515 I exynos-libhwjpeg: CHWJpegV4L2Compressor Created: 0xed4b2008, FD 14
04-16 04:33:14.422  5287 21515 I exynos-libhwjpeg: CHWJpegV4L2Compressor Created: 0xed18d780, FD 17
04-16 04:33:14.422  5287 21515 I exynos-libhwjpeg: Created thumbnail scaler: legacy V4L2 Scaler
04-16 04:33:14.423  5287 21515 I exynos-libhwjpeg: ExynosJpegEncoderForCamera Created: 0xed4b2004, ION 19
04-16 04:33:14.423  5287 21515 I ExynosCameraFrameFactoryPreviewSec: [CAM(1)][Front_0]-(m_constructPipes[564]):pipe ids for preview
04-16 04:33:14.423  5287 21515 I ExynosCameraFrameFactoryPreviewSec: [CAM(1)][Front_0]-(m_constructPipes[567]):m_pipes[0] : PipeId(0)
04-16 04:33:14.423  5287 21515 I ExynosCameraFrameFactoryPreviewSec: [CAM(1)][Front_0]-(m_constructPipes[567]):m_pipes[6] : PipeId(6)
04-16 04:33:14.423  5287 21515 I ExynosCameraFrameFactoryPreviewSec: [CAM(1)][Front_0]-(m_constructPipes[567]):m_pipes[11] : PipeId(11)
04-16 04:33:14.423  5287 21515 I ExynosCameraFrameFactoryPreviewSec: [CAM(1)][Front_0]-(m_constructPipes[567]):m_pipes[26] : PipeId(26)
04-16 04:33:14.423  5287 21515 I ExynosCameraFrameFactoryPreviewSec: [CAM(1)][Front_0]-(m_constructPipes[567]):m_pipes[33] : PipeId(33)
04-16 04:33:14.423  5287 21515 I ExynosCameraFrameFactoryPreviewSec: [CAM(1)][Front_0]-(m_constructPipes[567]):m_pipes[41] : PipeId(41)
04-16 04:33:14.423  5287 21515 I ExynosCameraFrameFactoryPreviewSec: [CAM(1)][Front_0]-(m_constructPipes[567]):m_pipes[42] : PipeId(42)
04-16 04:33:14.423  5287 21515 I ExynosCameraFrameFactoryPreviewSec: [CAM(1)][Front_0]-(m_constructPipes[567]):m_pipes[43] : PipeId(43)
04-16 04:33:14.423  5287 21515 I ExynosCameraFrameFactoryPreviewSec: [CAM(1)][Front_0]-(m_constructPipes[567]):m_pipes[44] : PipeId(44)
04-16 04:33:14.423  5287 21515 I ExynosCameraFrameFactoryPreviewSec: [CAM(1)][Front_0]-(m_constructPipes[567]):m_pipes[54] : PipeId(54)
04-16 04:33:14.423  5287 21515 I ExynosCameraFrameFactoryPreviewSec: [CAM(1)][Front_0]-(m_constructPipes[567]):m_pipes[55] : PipeId(55)
04-16 04:33:14.424  5287 21515 I ExynosCameraFrameFactoryPreviewSec: [CAM(1)][Front_0]-(m_constructPipes[567]):m_pipes[56] : PipeId(56)
04-16 04:33:14.424  5287 21515 I ExynosCameraFrameFactoryPreviewSec: [CAM(1)][Front_0]-(m_constructPipes[567]):m_pipes[57] : PipeId(57)
04-16 04:33:14.424  5287 21515 I ExynosCameraMCPipe: [CAM(1)][PIPE_FLITE]-(m_preCreate[1446]):m_preCreate() is succeed, Pipe(0), prepare(0)
04-16 04:33:14.424  5287 21515 I ExynosCameraMCPipe: [CAM(1)][PIPE_FLITE]-(m_postCreate[1471]):m_postCreate() is succeed, Pipe(0)
04-16 04:33:14.435  5287  5525 I ExynosCameraBufferManager: DEBUG:duration time(   14 msec):(alloc)
04-16 04:33:14.435  5287  5525 I ExynosCameraParameters: [CAM(1)][Front_0]-(updateBinningScaleRatio[855]):New sensor binning ratio(2000)
04-16 04:33:14.435  5287  5525 I ExynosCameraSec: [CAM(1)][Front_0]-(configureStreams[10089]):MaxYuvSize:176x144 ratio:6
04-16 04:33:14.436  5287  5525 I ExynosCameraSec: [CAM(1)][Front_0]-(configureStreams[10229]):Out
04-16 04:33:14.436  5287  5525 I ExynosCameraInterface: INFO(HAL3_camera_device_configure_streams[439]):out =====
04-16 04:33:14.437  5287  5525 I ExynosCameraInterface: DEBUG:duration time(   18 msec):(HAL3_camera_device_configure_streams)
04-16 04:33:14.437  5287  5525 I SehCamDevSession@5.0-impl: [CAMKPI] camera3->configure_streams : X
04-16 04:33:14.438  5445 10101 D HidlCamera3-Device: configureStreams : stream[0] : format = 0x22(IMPL_DEF), data_space = 146931712, usage flag = 0x20133 max_buffers = 9, physical_camera_id =
04-16 04:33:14.438  5445 10101 D Camera3-Device: CameraPerf: Connect Streams E
04-16 04:33:14.438  5445 10101 I Camera3-Status: addComponent: Adding new component 2 - streamId = 0, format = 0x22(IMPL_DEF), width = 176, height = 144, option = 0x0, type = OUTPUT
04-16 04:33:14.437  5287 21520 I ExynosCamera: [CAM(1)][Front_0]-(m_setBuffersThreadFunc[5296]):
04-16 04:33:14.440  5287 21520 I ExynosCameraSec: [CAM(1)][Front_0]-(m_setBuffers[20774]):alloc buffer - camera ID: 1
04-16 04:33:14.441  5287 21520 I ExynosCameraSec: [CAM(1)][Front_0]-(m_setBuffers[20807]):HW Sensor MAX width x height = 2640x1980
04-16 04:33:14.441  5287 21520 I ExynosCameraSec: [CAM(1)][Front_0]-(m_setBuffers[20808]):Preview BDS width x height = 264x148
04-16 04:33:14.442  5287 21520 I ExynosCameraSec: [CAM(1)][Front_0]-(m_setBuffers[20824]):PreviewSize(Max) width x height = 2640x1980
04-16 04:33:14.442  5287 21520 I ExynosCameraSec: [CAM(1)][Front_0]-(m_setBuffers[20828]):DS width x height = 640x480
04-16 04:33:14.442  5287 21520 I ExynosCameraBufferSupplier: [CAM(1)][BufferSupplier]-(createBufferManager[181]):[FLITE_BUF]Created. P 1,-1,-1,-1,-1, T 0
04-16 04:33:14.443  5445 10101 D Camera3-OutputStream: configureConsumerQueueLocked: Consumer wants 2 buffers, HAL wants 9
04-16 04:33:14.443  5287 21520 I ExynosCameraBufferManager: DEBUG:duration time(    0 msec):(alloc)
04-16 04:33:14.445  5287 21520 I ExynosCameraBufferSupplier: [CAM(1)][BufferSupplier]-(createBufferManager[181]):[3AA_IN_BUF]Created. P 0,6,-1,-1,-1, T 0
04-16 04:33:14.447  5445 10101 D Camera3-Device: CameraPerf: Connect Streams X (9ms)
04-16 04:33:14.449  5287 21520 I ExynosCameraBufferManager: [CAM(1)][3AA_IN_BUF]-(m_defaultAlloc[934]):duration time (    1 msec) alloc count=8, total count=8, type=0, size=4096, batchSize=1, reserved count=0, non-cache => 0 0 1 0 0 0 0 0
04-16 04:33:14.449  5287 21520 I ExynosCameraBufferManager: DEBUG:duration time(    4 msec):(alloc)
04-16 04:33:14.450  5287 21520 I ExynosCameraBufferSupplier: [CAM(1)][BufferSupplier]-(createBufferManager[181]):[ISP_BUF]Created. P 8,11,-1,-1,-1, T 0
04-16 04:33:14.450  5445 10101 D Camera3-Device: Set real time priority for request queue thread (tid 21512)
04-16 04:33:14.450  5445 10101 D Camera3-Device: CameraPerf: configureStreamsLocked: Camera 3: Stream configuration X (32ms)
04-16 04:33:14.451 16167 21507 I CameraLightSensor_Service: mBackgroundHandler: Handler (android.os.Handler) {6ce8e04}
04-16 04:33:14.451 16167 21507 I CameraLightSensor_Service: capture session start
04-16 04:33:14.451 16167 21507 I CameraLightSensor_Service: mBackgroundHandler: Handler (android.os.Handler) {6ce8e04}
04-16 04:33:14.451 16167 21507 I CameraLightSensor_Service: capture session finish
04-16 04:33:14.452 16167 21507 I CameraLightSensor_Service: capture session finish - spot metering
04-16 04:33:14.453 16167 21507 I CameraLightSensor_Service: open preview start
04-16 04:33:14.454  5445 10101 D Camera3-Device: setStreamingRequestList: Enter: calling submitRequestsHelper: repeating = true
04-16 04:33:14.455  5445 10101 D Camera3-Device: submitRequestsHelper: mInterfaceLock.lock()
04-16 04:33:14.457  5287 21520 I ExynosCameraBufferManager: [CAM(1)][ISP_BUF]-(m_defaultAlloc[934]):duration time (    2 msec) alloc count=8, total count=8, type=0, size=59200, batchSize=1, reserved count=0, non-cache => 1 0 0 0 0 1 0 0
04-16 04:33:14.457  5287 21520 I ExynosCameraBufferManager: DEBUG:duration time(    7 msec):(alloc)
04-16 04:33:14.457  5287 21520 I ExynosCameraBufferSupplier: [CAM(1)][BufferSupplier]-(createBufferManager[181]):[VRA_BUF]Created. P 32,228,33,229,-1, T 0
04-16 04:33:14.458  5287 21520 I ExynosCameraBufferManager: DEBUG:duration time(    1 msec):(alloc)
04-16 04:33:14.458  5287 21520 I ExynosCameraSec: [CAM(1)][Front_0]-(m_setBuffers[21684]):alloc buffer done - camera ID: 1
04-16 04:33:14.458  5287 21520 I ExynosCameraSec: DEBUG:duration time(   18 msec):(m_setBuffers)
04-16 04:33:14.458  5287 21520 I ExynosCamera: DEBUG:duration time(   18 msec):(m_setBuffersThreadFunc)
04-16 04:33:14.458  5445 10101 I Camera3-Device: Submit request type: 0x1, repeating(true), burst(false)
04-16 04:33:14.459  5445 10101 D Camera3-Device: setRepeatingRequests: lastFrameNumber 0.
04-16 04:33:14.459  5445 10101 I Camera3-Status: markComponent: Component 1 is now active - RequestThread
04-16 04:33:14.459  5445 21512 D Camera3-Device: CameraPerf: PrepareHALRequests E
04-16 04:33:14.459  5445 10101 D Camera3-Device: submitRequestsHelper: mInterfaceLock.unlock()
04-16 04:33:14.459  5445 21511 I CameraService: startCameraStreamingOps: Start camera streaming ops, package name = com.samsung.adaptivebrightnessgo, client UID = 5021
04-16 04:33:14.459  5445 21511 I CameraService: this package is a adaptive brightness app.
04-16 04:33:14.460 16167 21507 I CameraLightSensor_Service: mBackgroundHandler: Handler (android.os.Handler) {6ce8e04}
04-16 04:33:14.463  5445 21511 I CameraService: Drop checking dpm for package com.samsung.adaptivebrightnessgo(pid 16167) from startCameraStreamingOps()
04-16 04:33:14.464  5445 21511 I CameraServiceProxyWrapper: updateProxyDeviceState: notifyCameraState for Camera ID 3, newState 1, facing 1, clientName com.samsung.adaptivebrightnessgo, apiLevel 2
04-16 04:33:14.464  2959  2985 I CameraManagerGlobal: Camera 3 facing CAMERA_FACING_FRONT state now CAMERA_STATE_ACTIVE for client com.samsung.adaptivebrightnessgo API Level 2
04-16 04:33:14.464 16167 16192 I CameraManagerGlobal: Camera 3 facing CAMERA_FACING_FRONT state now CAMERA_STATE_ACTIVE for client com.samsung.adaptivebrightnessgo API Level 2
04-16 04:33:14.465 11012  2913 I CameraManagerGlobal: Camera 3 facing CAMERA_FACING_FRONT state now CAMERA_STATE_ACTIVE for client com.samsung.adaptivebrightnessgo API Level 2
04-16 04:33:14.465 11012  2913 I CameraManagerGlobal: onCameraDeviceStateChangedLocked: post device state update
04-16 04:33:14.465 11012  2913 I CameraManagerGlobal: onCameraDeviceStateChangedLocked: post device state update
04-16 04:33:14.465  8924  9043 I CameraManagerGlobal: Camera 3 facing CAMERA_FACING_FRONT state now CAMERA_STATE_ACTIVE for client com.samsung.adaptivebrightnessgo API Level 2
04-16 04:33:14.471  5628 11246 I CameraManagerGlobal: Camera 3 facing CAMERA_FACING_FRONT state now CAMERA_STATE_ACTIVE for client com.samsung.adaptivebrightnessgo API Level 2
04-16 04:33:14.472  8513  8543 I CameraManagerGlobal: Camera 3 facing CAMERA_FACING_FRONT state now CAMERA_STATE_ACTIVE for client com.samsung.adaptivebrightnessgo API Level 2
04-16 04:33:14.473  5628  9492 D AutoRotationHandler: inject auto rotation priority = 1.0
04-16 04:33:14.473  8513  9595 D CameraAvailabilityListener: onCameraDeviceStateChanged: id=3, facing=1, state=CAMERA_STATE_ACTIVE, client=com.samsung.adaptivebrightnessgo
04-16 04:33:14.475  5287 21515 I ExynosCameraMCPipe: [CAM(1)][PIPE_3AA]-(m_preCreate[1446]):m_preCreate() is succeed, Pipe(6), prepare(0)
04-16 04:33:14.475  5287 21515 I ExynosCameraMCPipe: [CAM(1)][PIPE_3AA]-(m_postCreate[1471]):m_postCreate() is succeed, Pipe(6)
04-16 04:33:14.477  5271  5271 I SensorsHub: DeviceOrientation::injectSensorData: mode 1
04-16 04:33:14.480  5445 21512 I Camera3-Status: markComponent: Component 2 is now active - streamId = 0, format = 0x22(IMPL_DEF), width = 176, height = 144, option = 0x0, type = OUTPUT
04-16 04:33:14.480  5445 21512 I Camera3-Status: markComponent: Component 0 is now active - InflightRequests
04-16 04:33:14.480  5445 21512 D Camera3-Device: CameraPerf: PrepareHALRequests X (21ms)
04-16 04:33:14.480  5445 21512 D Camera3-Device: CameraPerf: sendRequestsBatch E
04-16 04:33:14.483  5287  5524 I SehCamDevSession@5.0-impl: [CAMKPI] camera3->process_capture_request : E
04-16 04:33:14.483  5287  5524 I ExynosCameraMetadataConverter: [CAM(1)][]-(translateColorControlData[1835]):ANDROID_COLOR_CORRECTION_MODE(1)
04-16 04:33:14.483  5287  5524 I ExynosCameraMetadataConverter: [CAM(1)][]-(translateColorControlData[1871]):ANDROID_COLOR_CORRECTION_ABERRATION_MODE(0)
04-16 04:33:14.483  5287  5524 I ExynosCameraMetadataConverterVendor: [CAM(1)][]-(translatePreVendorControlControlData[2234]):SAMSUNG_ANDROID_CONTROL_SHOOTING_MODE(30)
04-16 04:33:14.483  5287  5524 I ExynosCameraMetadataConverterVendor: [CAM(1)][]-(translatePreVendorControlControlData[2235]):CONFIGURATION_ALWAYS_FD_ON_MODE(0)
04-16 04:33:14.483  5287  5524 I ExynosCameraMetadataConverterVendor: [CAM(1)][]-(translatePreVendorControlControlData[2303]):SAMSUNG_ANDROID_CONTROL_BEAUTY_FACE_RETOUCH_LEVEL(0)
04-16 04:33:14.483  5287  5524 I ExynosCameraMetadataConverterVendor: [CAM(1)][]-(translatePreVendorControlControlData[2323]):SAMSUNG_ANDROID_CONTROL_BEAUTY_FACE_SKIN_COLOR_LEVEL(0)
04-16 04:33:14.483  5287  5524 I ExynosCameraMetadataConverterVendor: [CAM(1)][]-(translateControlControlData[1449]):ANDROID_COLOR_AE_ANTIBANDING_MODE(3), m_defaultAntibanding(100)
04-16 04:33:14.483  5287  5524 I ExynosCameraMetadataConverterVendor: [CAM(1)][]-(translateControlControlData[1466]):ANDROID_CONTROL_AE_EXPOSURE_COMPENSATION(0)
04-16 04:33:14.483  5287  5524 I ExynosCameraMetadataConverterVendor: [CAM(1)][]-(translateControlControlData[1541]):ANDROID_CONTROL_AE_MODE(1)
04-16 04:33:14.483  5287  5524 I ExynosCameraMetadataConverterVendor: [CAM(1)][]-(translateControlControlData[1557]):ANDROID_CONTROL_AE_LOCK(0)
04-16 04:33:14.483  5287  5524 I ExynosCameraMetadataConverterVendor: [CAM(1)][]-(translateControlControlData[1722]):ANDROID_CONTROL_AE_TARGET_FPS_RANGE(8-30)
04-16 04:33:14.483  5287  5524 I ExynosCameraMetadataConverterVendor: [CAM(1)][]-(translateControlControlData[1739]):ANDROID_CONTROL_AE_PRECAPTURE_TRIGGER(0)
04-16 04:33:14.483  5287  5524 I ExynosCameraMetadataConverterVendor: [CAM(1)][]-(translateControlControlData[1865]):ANDROID_CONTROL_AF_MODE(0)
04-16 04:33:14.483  5287  5524 I ExynosCameraMetadataConverterVendor: [CAM(1)][]-(translateControlControlData[1882]):ANDROID_CONTROL_AF_TRIGGER(0)
04-16 04:33:14.483  5287  5524 I ExynosCameraMetadataConverterVendor: [CAM(1)][]-(translateControlControlData[1903]):ANDROID_CONTROL_AWB_LOCK(0)
04-16 04:33:14.484  5287  5524 I ExynosCameraMetadataConverterVendor: [CAM(1)][]-(translateControlControlData[1919]):ANDROID_CONTROL_AWB_MODE(1)
04-16 04:33:14.484  5287  5524 I ExynosCameraMetadataConverterVendor: [CAM(1)][]-(translateControlControlData[1935]):ANDROID_CONTROL_EFFECT_MODE(0)
04-16 04:33:14.484  5287  5524 I ExynosCameraMetadataConverterVendor: [CAM(1)][]-(translateControlControlData[1951]):ANDROID_CONTROL_MODE(1)
04-16 04:33:14.484  5287  5524 I ExynosCameraMetadataConverterVendor: [CAM(1)][]-(translateControlControlData[1984]):ANDROID_CONTROL_SCENE_MODE(0)
04-16 04:33:14.484  5287  5524 I ExynosCameraMetadataConverterVendor: [CAM(1)][]-(translateControlControlData[2001]):ANDROID_CONTROL_VIDEO_STABILIZATION_MODE(0)
04-16 04:33:14.484  5287  5524 I ExynosCameraMetadataConverterVendor: [CAM(1)][]-(translateControlControlData[2066]):ANDROID_CONTROL_CAPTURE_INTENT(1)
04-16 04:33:14.484  5287  5524 I ExynosCameraMetadataConverterVendor: [CAM(1)][]-(translateVendorControlControlData[2413]):SAMSUNG_ANDROID_CONTROL_METERING_MODE(5, aeMode = 107)
04-16 04:33:14.484  5287  5524 I ExynosCameraMetadataConverterVendor: [CAM(1)][]-(translateVendorControlControlData[2434]):SAMSUNG_ANDROID_CONTROL_PAF_MODE(1)
04-16 04:33:14.484  5287  5524 I ExynosCameraMetadataConverterVendor: [CAM(1)][]-(translateVendorControlControlData[2494]):SAMSUNG_ANDROID_CONTROL_LIVE_HDR_MODE(0)
04-16 04:33:14.484  5287  5524 I ExynosCameraMetadataConverterVendor: [CAM(1)][]-(translateVendorControlControlData[2553]):SAMSUNG_ANDROID_CONTROL_LIGHT_CONDITION_ENABLE_MODE(1)
04-16 04:33:14.484  5287  5524 I ExynosCameraMetadataConverterVendor: [CAM(1)][]-(translateVendorControlControlData[2575]):ANDROID_CONTROL_AWB_MODE(1)
04-16 04:33:14.484  5287  5524 I ExynosCameraMetadataConverterVendor: [CAM(1)][]-(translateVendorControlControlData[2598]):SAMSUNG_ANDROID_CONTROL_COLOR_TEMPERATURE(0)
04-16 04:33:14.484  5287  5524 I ExynosCameraMetadataConverterVendor: [CAM(1)][]-(translateVendorControlControlData[2621]):SAMSUNG_ANDROID_CONTROL_WBLEVEL(0)
04-16 04:33:14.484  5287  5524 I ExynosCameraMetadataConverterVendor: [CAM(1)][]-(translateVendorControlControlData[2707]):SAMSUNG_ANDROID_CONTROL_TRANSIENTACTION(0)
04-16 04:33:14.484  5287  5524 I ExynosCameraMetadataConverterVendor: [CAM(1)][]-(translateVendorControlControlData[2784]):SAMSUNG_ANDROID_CONTROL_BOKEH_BLUR_STRENGTH(0)
04-16 04:33:14.484  5287  5524 I ExynosCameraMetadataConverterVendor: [CAM(1)][]-(translateVendorControlControlData[2803]):SAMSUNG_ANDROID_CONTROL_BOKEH_SPECIAL_EFFECT_INFO(0, 0)
04-16 04:33:14.484  5287  5524 I ExynosCameraMetadataConverterVendor: [CAM(1)][]-(translateVendorControlControlData[2823]):SAMSUNG_ANDROID_CONTROL_ZOOM_IN_OUT_PHOTO(0)
04-16 04:33:14.484  5287  5524 I ExynosCameraMetadataConverterVendor: [CAM(1)][]-(translateVendorControlControlData[2862]):SAMSUNG_ANDROID_CONTROL_REPEATING_REQUEST_HINT(0)
04-16 04:33:14.484  5287  5524 I ExynosCameraMetadataConverterVendor: [CAM(1)][]-(translateVendorControlControlData[2913]):SAMSUNG_ANDROID_CONTROL_DYNAMIC_SHOT_DEVICE_INFO(0)
04-16 04:33:14.484  5287  5524 I ExynosCameraMetadataConverterVendor: [CAM(1)][]-(translateVendorControlControlData[3025]):SAMSUNG_ANDROID_CONTROL_LENS_DISTORTION_CORRECTION_MODE(0)
04-16 04:33:14.484  5287  5524 I ExynosCameraMetadataConverterVendor: [CAM(1)][]-(translateVendorControlControlData[3042]):SAMSUNG_ANDROID_CONTROL_SSRM_HINT(0)
04-16 04:33:14.484  5287  5524 I ExynosCameraMetadataConverterVendor: [CAM(1)][]-(translateVendorControlControlData[3075]):SAMSUNG_ANDROID_CONTROL_HYPERLAPSE_TRIGGER(0)
04-16 04:33:14.484  5287  5524 I ExynosCameraMetadataConverter: [CAM(1)][]-(translateDemosaicControlData[1903]):ANDROID_DEMOSAIC_MODE(0)
04-16 04:33:14.484  5287  5524 I ExynosCameraMetadataConverter: [CAM(1)][]-(translateEdgeControlData[1951]):ANDROID_EDGE_MODE(1)
04-16 04:33:14.484  5287  5524 I ExynosCameraMetadataConverter: [CAM(1)][]-(translateFlashControlData[2000]):ANDROID_FLASH_FIRING_POWER(0)
04-16 04:33:14.484  5287  5524 I ExynosCameraMetadataConverter: [CAM(1)][]-(translateFlashControlData[2015]):ANDROID_FLASH_FIRING_TIME(0)
04-16 04:33:14.484  5287  5524 I ExynosCameraMetadataConverter: [CAM(1)][]-(translateFlashControlData[2037]):ANDROID_FLASH_MODE(0)
04-16 04:33:14.484  5287  5524 I ExynosCameraMetadataConverter: [CAM(1)][]-(translateHotPixelControlData[2082]):ANDROID_HOT_PIXEL_MODE(1)
04-16 04:33:14.484  5287  5524 I ExynosCameraMetadataConverter: [CAM(1)][]-(translateJpegControlData[2156]):ANDROID_JPEG_ORIENTATION(0)
04-16 04:33:14.485  5287  5524 I ExynosCameraMetadataConverter: [CAM(1)][]-(translateJpegControlData[2172]):ANDROID_JPEG_QUALITY(96)
04-16 04:33:14.485  5287  5524 I ExynosCameraMetadataConverter: [CAM(1)][]-(translateJpegControlData[2188]):ANDROID_JPEG_THUMBNAIL_QUALITY(100)
04-16 04:33:14.485  5287  5524 I ExynosCameraMetadataConverter: [CAM(1)][]-(translateJpegControlData[2207]):ANDROID_JPEG_THUMBNAIL_SIZE(512, 384)
04-16 04:33:14.485  5287  5524 I ExynosCameraMetadataConverterVendor: [CAM(1)][]-(translateVendorScalerControlData[4228]):SAMSUNG_ANDROID_SCALER_FLIP_MODE(0)
04-16 04:33:14.485  5287  5524 I ExynosCameraMetadataConverter: [CAM(1)][]-(translateLensControlData[2261]):ANDROID_LENS_FILTER_DENSITY(0.000000)
04-16 04:33:14.485  5287  5524 I ExynosCameraMetadataConverter: [CAM(1)][]-(translateLensControlData[2277]):ANDROID_LENS_FOCAL_LENGTH(3.720000)
04-16 04:33:14.485  5287  5524 I ExynosCameraMetadataConverter: [CAM(1)][]-(translateLensControlData[2302]):ANDROID_LENS_FOCUS_DISTANCE(-1.000000)
04-16 04:33:14.485  5287  5524 I ExynosCameraMetadataConverter: [CAM(1)][]-(translateLensControlData[2319]):ANDROID_LENS_OPTICAL_STABILIZATION_MODE(0)
04-16 04:33:14.485  5287  5524 I ExynosCameraMetadataConverterVendor: [CAM(1)][]-(translateVendorLensControlData[3360]):SAMSUNG_ANDROID_LENS_FOCUS_LENS_POS(0)
04-16 04:33:14.485  5287  5524 I ExynosCameraMetadataConverterVendor: [CAM(1)][]-(translateVendorLensControlData[3419]):ANDROID_LENS_APERTURE(220)
04-16 04:33:14.485  5287  5524 I ExynosCameraMetadataConverter: [CAM(1)][]-(translateNoiseControlData[2379]):ANDROID_NOISE_REDUCTION_MODE(1)
04-16 04:33:14.485  5287  5524 I ExynosCameraMetadataConverter: [CAM(1)][]-(translateRequestControlData[2425]):ANDROID_REQUEST_ID(0)
04-16 04:33:14.485  5287  5524 I ExynosCameraMetadataConverter: [CAM(1)][]-(translateRequestControlData[2444]):ANDROID_REQUEST_METADATA_MODE(1)
04-16 04:33:14.485  5287  5524 I ExynosCameraMetadataConverter: [CAM(1)][]-(translateSensorControlData[2762]):ANDROID_SENSOR_TEST_PATTERN_MODE(0)
04-16 04:33:14.485  5287  5524 I ExynosCameraMetadataConverter: [CAM(1)][]-(translateShadingControlData[2824]):ANDROID_SHADING_MODE(1)
04-16 04:33:14.485  5287  5524 I ExynosCameraMetadataConverter: [CAM(1)][]-(translateStatisticsControlData[2894]):ANDROID_STATISTICS_FACE_DETECT_MODE(0)
04-16 04:33:14.485  5287  5524 I ExynosCameraMetadataConverter: [CAM(1)][]-(translateStatisticsControlData[2910]):ANDROID_STATISTICS_HISTOGRAM_MODE(0)
04-16 04:33:14.485  5287  5524 I ExynosCameraMetadataConverter: [CAM(1)][]-(translateStatisticsControlData[2926]):ANDROID_STATISTICS_SHARPNESS_MAP_MODE(0)
04-16 04:33:14.485  5287  5524 I ExynosCameraMetadataConverter: [CAM(1)][]-(translateStatisticsControlData[2942]):ANDROID_STATISTICS_HOT_PIXEL_MAP_MODE(0)
04-16 04:33:14.485  5287  5524 I ExynosCameraMetadataConverter: [CAM(1)][]-(translateStatisticsControlData[2958]):ANDROID_STATISTICS_LENS_SHADING_MAP_MODE(0)
04-16 04:33:14.485  5287  5524 I ExynosCameraMetadataConverter: [CAM(1)][]-(translateTonemapControlData[2990]):ANDROID_TONEMAP_MODE(1)
04-16 04:33:14.485  5287  5524 I ExynosCameraMetadataConverter: [CAM(1)][]-(translateBlackLevelControlData[3189]):ANDROID_BLACK_LEVEL_LOCK(0)
04-16 04:33:14.486  5287 21515 I ExynosCameraMCPipe: [CAM(1)][PIPE_ISP]-(m_preCreate[1446]):m_preCreate() is succeed, Pipe(11), prepare(0)
04-16 04:33:14.486  5287 21515 I ExynosCameraMCPipe: [CAM(1)][PIPE_ISP]-(m_postCreate[1471]):m_postCreate() is succeed, Pipe(11)
04-16 04:33:14.486  5287 21515 I ExynosCameraMCPipe: [CAM(1)][PIPE_MCSC]-(m_preCreate[1446]):m_preCreate() is succeed, Pipe(26), prepare(0)
04-16 04:33:14.486  5287  5524 I ExynosCameraSec: [CAM(1)][Front_0]-(processCaptureRequest[4078]):first frame: [R0] Start FrameFactory. state 3
04-16 04:33:14.486  5287 21515 I ExynosCameraMCPipe: [CAM(1)][PIPE_MCSC]-(m_postCreate[1471]):m_postCreate() is succeed, Pipe(26)
04-16 04:33:14.488  9877 21509 I GmscoreIpa: Starting mediastore instant index [CONTEXT service_id=255 ]
04-16 04:33:14.490  5287 21515 I ExynosCameraPipeVRA: [CAM(1)][PIPE_VRA]-(create[79]):create() is succeed (33) prepare (0)
04-16 04:33:14.490  5287 21515 I ExynosCameraSWPipe: [CAM(1)][PIPE_GSC]-(create[35]):create() is succeed (41)
04-16 04:33:14.490  5287 21515 I ExynosCameraSWPipe: [CAM(1)][PIPE_GSC_VIDEO]-(create[35]):create() is succeed (42)
04-16 04:33:14.490  5287 21515 I ExynosCameraSWPipe: [CAM(1)][PIPE_GSC_PICTURE]-(create[35]):create() is succeed (43)
04-16 04:33:14.490  5287 21515 I ExynosCameraSWPipe: [CAM(1)][PIPE_JPEG]-(create[35]):create() is succeed (44)
