05-10 03:20:13.975 23197 23221 I _benchmark.test: Alloc young concurrent copying GC freed 568250(12MB) AllocSpace objects, 0(0B) LOS objects, 84% free, 3196KB/20MB, paused 135us,57us total 9.779ms
05-10 03:20:14.000 23197 23221 I _benchmark.test: Starting a blocking GC Alloc
05-10 03:20:14.000 23197 23221 I _benchmark.test: Starting a blocking GC Alloc
05-10 03:20:14.014 23197 23221 I _benchmark.test: Alloc young concurrent copying GC freed 556823(12MB) AllocSpace objects, 0(0B) LOS objects, 84% free, 3197KB/20MB, paused 133us,50us total 13.588ms
05-10 03:20:14.038 23197 23221 I _benchmark.test: Starting a blocking GC Alloc
05-10 03:20:14.038 23197 23221 I _benchmark.test: Starting a blocking GC Alloc
05-10 03:20:14.048 23197 23221 I _benchmark.test: Alloc young concurrent copying GC freed 545725(12MB) AllocSpace objects, 0(0B) LOS objects, 84% free, 3197KB/20MB, paused 131us,50us total 9.699ms
05-10 03:20:14.071 23197 23221 I _benchmark.test: Starting a blocking GC Alloc
05-10 03:20:14.071 23197 23221 I _benchmark.test: Starting a blocking GC Alloc
05-10 03:20:14.085 23197 23221 I _benchmark.test: Alloc young concurrent copying GC freed 534328(11MB) AllocSpace objects, 0(0B) LOS objects, 84% free, 3197KB/20MB, paused 137us,57us total 13.425ms
05-10 03:20:14.108 23197 23221 I _benchmark.test: Starting a blocking GC Alloc
05-10 03:20:14.108 23197 23221 I _benchmark.test: Starting a blocking GC Alloc
05-10 03:20:14.119 23197 23221 I _benchmark.test: Alloc young concurrent copying GC freed 522931(11MB) AllocSpace objects, 0(0B) LOS objects, 84% free, 3197KB/20MB, paused 144us,56us total 11.324ms
05-10 03:20:14.142 23197 23221 I _benchmark.test: Starting a blocking GC Alloc
05-10 03:20:14.142 23197 23221 I _benchmark.test: Starting a blocking GC Alloc
05-10 03:20:14.153 23197 23221 I _benchmark.test: Alloc young concurrent copying GC freed 511520(11MB) AllocSpace objects, 0(0B) LOS objects, 84% free, 3197KB/20MB, paused 154us,52us total 11.142ms
05-10 03:20:14.177 23197 23221 I _benchmark.test: Starting a blocking GC Alloc
05-10 03:20:14.178 23197 23221 I _benchmark.test: Starting a blocking GC Alloc
05-10 03:20:14.188 23197 23221 I _benchmark.test: Alloc young concurrent copying GC freed 500185(11MB) AllocSpace objects, 0(0B) LOS objects, 84% free, 3198KB/20MB, paused 129us,60us total 10.065ms
05-10 03:20:14.209 23197 23221 I _benchmark.test: Starting a blocking GC Alloc
05-10 03:20:14.210 23197 23221 I _benchmark.test: Starting a blocking GC Alloc
05-10 03:20:14.222 23197 23221 I _benchmark.test: Alloc young concurrent copying GC freed 488853(10MB) AllocSpace objects, 0(0B) LOS objects, 84% free, 3198KB/20MB, paused 136us,53us total 12.778ms
05-10 03:20:14.244 23197 23221 I _benchmark.test: Starting a blocking GC Alloc
05-10 03:20:14.244 23197 23221 I _benchmark.test: Starting a blocking GC Alloc
05-10 03:20:14.255 23197 23221 I _benchmark.test: Alloc young concurrent copying GC freed 477461(10MB) AllocSpace objects, 0(0B) LOS objects, 84% free, 3198KB/20MB, paused 135us,51us total 10.694ms
05-10 03:20:14.276 23197 23221 I _benchmark.test: Starting a blocking GC Alloc
05-10 03:20:14.276 23197 23221 I _benchmark.test: Starting a blocking GC Alloc
05-10 03:20:14.287 23197 23221 I _benchmark.test: Alloc young concurrent copying GC freed 466076(10MB) AllocSpace objects, 0(0B) LOS objects, 84% free, 3198KB/20MB, paused 129us,51us total 10.625ms
05-10 03:20:14.306 23197 23221 I _benchmark.test: Starting a blocking GC Alloc
05-10 03:20:14.306 23197 23221 I _benchmark.test: Starting a blocking GC Alloc
05-10 03:20:14.318 23197 23221 I _benchmark.test: Alloc young concurrent copying GC freed 454686(10MB) AllocSpace objects, 0(0B) LOS objects, 84% free, 3199KB/20MB, paused 131us,130us total 11.076ms
05-10 03:20:14.336 23197 23221 I _benchmark.test: Starting a blocking GC Alloc
05-10 03:20:14.337 23197 23221 I _benchmark.test: Starting a blocking GC Alloc
05-10 03:20:14.347 23197 23221 I _benchmark.test: Alloc young concurrent copying GC freed 443336(9999KB) AllocSpace objects, 0(0B) LOS objects, 84% free, 3199KB/20MB, paused 128us,51us total 10.177ms
05-10 03:20:14.366 23197 23221 I _benchmark.test: Starting a blocking GC Alloc
05-10 03:20:14.366 23197 23221 I _benchmark.test: Starting a blocking GC Alloc
05-10 03:20:14.377 23197 23221 I _benchmark.test: Alloc young concurrent copying GC freed 431948(9743KB) AllocSpace objects, 0(0B) LOS objects, 84% free, 3199KB/20MB, paused 127us,63us total 10.574ms
05-10 03:20:14.395 23197 23221 I _benchmark.test: Starting a blocking GC Alloc
05-10 03:20:14.395 23197 23221 I _benchmark.test: Starting a blocking GC Alloc
05-10 03:20:14.407 23197 23221 I _benchmark.test: Alloc young concurrent copying GC freed 420578(9487KB) AllocSpace objects, 0(0B) LOS objects, 84% free, 3199KB/20MB, paused 127us,54us total 11.906ms
05-10 03:20:14.426 23197 23221 I _benchmark.test: Starting a blocking GC Alloc
05-10 03:20:14.426 23197 23221 I _benchmark.test: Starting a blocking GC Alloc
05-10 03:20:14.435 23197 23221 I _benchmark.test: Alloc young concurrent copying GC freed 409185(9231KB) AllocSpace objects, 0(0B) LOS objects, 84% free, 3199KB/20MB, paused 133us,51us total 9.508ms
05-10 03:20:14.453 23197 23221 I _benchmark.test: Starting a blocking GC Alloc
05-10 03:20:14.453 23197 23221 I _benchmark.test: Starting a blocking GC Alloc
05-10 03:20:14.463 23197 23221 I _benchmark.test: Alloc young concurrent copying GC freed 397836(8975KB) AllocSpace objects, 0(0B) LOS objects, 84% free, 3200KB/20MB, paused 133us,67us total 9.387ms
05-10 03:20:14.480 23197 23221 I _benchmark.test: Starting a blocking GC Alloc
05-10 03:20:14.480 23197 23221 I _benchmark.test: Starting a blocking GC Alloc
05-10 03:20:14.491 23197 23221 I _benchmark.test: Alloc young concurrent copying GC freed 386457(8719KB) AllocSpace objects, 0(0B) LOS objects, 84% free, 3200KB/20MB, paused 130us,53us total 11.202ms
05-10 03:20:14.508 23197 23221 I _benchmark.test: Starting a blocking GC Alloc
05-10 03:20:14.508 23197 23221 I _benchmark.test: Starting a blocking GC Alloc
05-10 03:20:14.520 23197 23221 I _benchmark.test: Alloc young concurrent copying GC freed 375077(8463KB) AllocSpace objects, 0(0B) LOS objects, 84% free, 3200KB/20MB, paused 130us,51us total 11.498ms
05-10 03:20:14.536 23197 23221 I _benchmark.test: Starting a blocking GC Alloc
05-10 03:20:14.536 23197 23221 I _benchmark.test: Starting a blocking GC Alloc
05-10 03:20:14.545 23197 23221 I _benchmark.test: Alloc young concurrent copying GC freed 363669(8207KB) AllocSpace objects, 0(0B) LOS objects, 84% free, 3200KB/20MB, paused 135us,51us total 8.733ms
05-10 03:20:14.561 23197 23221 I _benchmark.test: Starting a blocking GC Alloc
05-10 03:20:14.561 23197 23221 I _benchmark.test: Starting a blocking GC Alloc
05-10 03:20:14.570 23197 23221 I _benchmark.test: Alloc young concurrent copying GC freed 352330(7951KB) AllocSpace objects, 0(0B) LOS objects, 84% free, 3200KB/20MB, paused 133us,61us total 8.958ms
05-10 03:20:14.585 23197 23221 I _benchmark.test: Starting a blocking GC Alloc
05-10 03:20:14.586 23197 23221 I _benchmark.test: Starting a blocking GC Alloc
05-10 03:20:14.597 23197 23221 I _benchmark.test: Alloc young concurrent copying GC freed 341029(7695KB) AllocSpace objects, 0(0B) LOS objects, 84% free, 3201KB/20MB, paused 135us,52us total 10.998ms
05-10 03:20:14.612 23197 23221 I _benchmark.test: Starting a blocking GC Alloc
05-10 03:20:14.613 23197 23221 I _benchmark.test: Starting a blocking GC Alloc
05-10 03:20:14.624 23197 23221 I _benchmark.test: Alloc young concurrent copying GC freed 329643(7439KB) AllocSpace objects, 0(0B) LOS objects, 84% free, 3201KB/20MB, paused 171us,71us total 11.408ms
05-10 03:20:14.640 23197 23221 I _benchmark.test: Starting a blocking GC Alloc
05-10 03:20:14.640 23197 23221 I _benchmark.test: Starting a blocking GC Alloc
05-10 03:20:14.649 23197 23221 I _benchmark.test: Alloc young concurrent copying GC freed 318287(7183KB) AllocSpace objects, 0(0B) LOS objects, 84% free, 3201KB/20MB, paused 138us,61us total 9.596ms
05-10 03:20:14.664 23197 23221 I _benchmark.test: Starting a blocking GC Alloc
05-10 03:20:14.664 23197 23221 I _benchmark.test: Starting a blocking GC Alloc
05-10 03:20:14.673 23197 23221 I _benchmark.test: Alloc young concurrent copying GC freed 306794(6927KB) AllocSpace objects, 0(0B) LOS objects, 84% free, 3201KB/20MB, paused 165us,62us total 9.022ms
05-10 03:20:14.686 23197 23221 I _benchmark.test: Starting a blocking GC Alloc
05-10 03:20:14.687 23197 23221 I _benchmark.test: Starting a blocking GC Alloc
05-10 03:20:14.695 23197 23221 I _benchmark.test: Alloc young concurrent copying GC freed 295516(6671KB) AllocSpace objects, 0(0B) LOS objects, 84% free, 3202KB/20MB, paused 132us,52us total 8.590ms
05-10 03:20:14.708 23197 23221 I _benchmark.test: Starting a blocking GC Alloc
05-10 03:20:14.708 23197 23221 I _benchmark.test: Starting a blocking GC Alloc
05-10 03:20:14.717 23197 23221 I _benchmark.test: Alloc young concurrent copying GC freed 284243(6415KB) AllocSpace objects, 0(0B) LOS objects, 84% free, 3202KB/20MB, paused 134us,54us total 8.369ms
05-10 03:20:14.729 23197 23221 I _benchmark.test: Starting a blocking GC Alloc
05-10 03:20:14.729 23197 23221 I _benchmark.test: Starting a blocking GC Alloc
05-10 03:20:14.737 23197 23221 I _benchmark.test: Alloc young concurrent copying GC freed 272716(6159KB) AllocSpace objects, 0(0B) LOS objects, 84% free, 3202KB/20MB, paused 124us,52us total 8.198ms
05-10 03:20:14.749 23197 23221 I _benchmark.test: Starting a blocking GC Alloc
05-10 03:20:14.749 23197 23221 I _benchmark.test: Starting a blocking GC Alloc
05-10 03:20:14.757 23197 23221 I _benchmark.test: Alloc young concurrent copying GC freed 261397(5903KB) AllocSpace objects, 0(0B) LOS objects, 84% free, 3202KB/20MB, paused 132us,56us total 8.067ms
05-10 03:20:14.768 23197 23221 I _benchmark.test: Starting a blocking GC Alloc
05-10 03:20:14.768 23197 23221 I _benchmark.test: Starting a blocking GC Alloc
05-10 03:20:14.776 23197 23221 I _benchmark.test: Alloc young concurrent copying GC freed 250138(5647KB) AllocSpace objects, 0(0B) LOS objects, 84% free, 3202KB/20MB, paused 131us,50us total 7.892ms
05-10 03:20:14.787 23197 23221 I _benchmark.test: Starting a blocking GC Alloc
05-10 03:20:14.787 23197 23221 I _benchmark.test: Starting a blocking GC Alloc
05-10 03:20:14.797 23197 23221 I _benchmark.test: Alloc young concurrent copying GC freed 238546(5391KB) AllocSpace objects, 0(0B) LOS objects, 84% free, 3202KB/20MB, paused 130us,55us total 9.465ms
05-10 03:20:14.807 23197 23221 I _benchmark.test: Starting a blocking GC Alloc
05-10 03:20:14.807 23197 23221 I _benchmark.test: Starting a blocking GC Alloc
05-10 03:20:14.817 23197 23221 I _benchmark.test: Alloc young concurrent copying GC freed 227363(5135KB) AllocSpace objects, 0(0B) LOS objects, 84% free, 3203KB/20MB, paused 131us,50us total 9.890ms
05-10 03:20:14.826 23197 23221 I _benchmark.test: Starting a blocking GC Alloc
05-10 03:20:14.826 23197 23221 I _benchmark.test: Starting a blocking GC Alloc
05-10 03:20:14.834 23197 23221 I _benchmark.test: Alloc young concurrent copying GC freed 215934(4879KB) AllocSpace objects, 0(0B) LOS objects, 84% free, 3203KB/20MB, paused 137us,50us total 7.793ms
05-10 03:20:14.844 23197 23221 I _benchmark.test: Starting a blocking GC Alloc
05-10 03:20:14.844 23197 23221 I _benchmark.test: Starting a blocking GC Alloc
05-10 03:20:14.853 23197 23221 I _benchmark.test: Alloc young concurrent copying GC freed 204589(4623KB) AllocSpace objects, 0(0B) LOS objects, 84% free, 3203KB/20MB, paused 134us,59us total 9.632ms
05-10 03:20:14.862 23197 23221 I _benchmark.test: Starting a blocking GC Alloc
05-10 03:20:14.862 23197 23221 I _benchmark.test: Starting a blocking GC Alloc
05-10 03:20:14.871 23197 23221 I _benchmark.test: Alloc young concurrent copying GC freed 193190(4367KB) AllocSpace objects, 0(0B) LOS objects, 84% free, 3203KB/20MB, paused 131us,54us total 8.252ms
05-10 03:20:14.879 23197 23221 I _benchmark.test: Starting a blocking GC Alloc
05-10 03:20:14.879 23197 23221 I _benchmark.test: Starting a blocking GC Alloc
05-10 03:20:14.887 23197 23221 I _benchmark.test: Alloc young concurrent copying GC freed 181872(4111KB) AllocSpace objects, 0(0B) LOS objects, 84% free, 3204KB/20MB, paused 218us,57us total 7.631ms
05-10 03:20:14.894 23197 23221 I _benchmark.test: Starting a blocking GC Alloc
05-10 03:20:14.894 23197 23221 I _benchmark.test: Starting a blocking GC Alloc
05-10 03:20:14.899  5260  5260 E audit   : type=1400 audit(1683681614.895:98970): avc:  denied  { getattr } for  pid=5679 comm="BinderProcsColl" path="/sys/kernel/debug/binder/proc/5679" dev="debugfs" ino=30009 scontext=u:r:system_server:s0 tcontext=u:object_r:sec_debugfs:s0 tclass=file permissive=0 SEPF_SM-A515F_13_0001 audit_filtered
05-10 03:20:14.899  5260  5260 E audit   : type=1300 audit(1683681614.895:98970): arch=c00000b7 syscall=79 success=no exit=-13 a0=ffffff9c a1=71afd20a70 a2=71523be680 a3=0 items=0 ppid=5285 pid=5679 auid=4294967295 uid=1000 gid=1000 euid=1000 suid=1000 fsuid=1000 egid=1000 sgid=1000 fsgid=1000 tty=(none) ses=4294967295 comm="BinderProcsColl" exe="/system/bin/app_process64" subj=u:r:system_server:s0 key=(null)
05-10 03:20:14.899  5260  5260 E audit   : type=1327 audit(1683681614.895:98970): proctitle="system_server"
05-10 03:20:14.902 23197 23221 I _benchmark.test: Alloc young concurrent copying GC freed 170427(3855KB) AllocSpace objects, 0(0B) LOS objects, 84% free, 3204KB/20MB, paused 131us,109us total 7.836ms
05-10 03:20:14.910 23197 23221 I _benchmark.test: Starting a blocking GC Alloc
05-10 03:20:14.910 23197 23221 I _benchmark.test: Starting a blocking GC Alloc
05-10 03:20:14.918 23197 23221 I _benchmark.test: Alloc young concurrent copying GC freed 159236(3599KB) AllocSpace objects, 0(0B) LOS objects, 84% free, 3204KB/20MB, paused 164us,52us total 7.642ms
05-10 03:20:14.924 23197 23221 I _benchmark.test: Starting a blocking GC Alloc
05-10 03:20:14.925 23197 23221 I _benchmark.test: Starting a blocking GC Alloc
05-10 03:20:14.932 23197 23221 I _benchmark.test: Alloc young concurrent copying GC freed 147644(3343KB) AllocSpace objects, 0(0B) LOS objects, 84% free, 3204KB/20MB, paused 137us,55us total 7.525ms
05-10 03:20:14.938 23197 23221 I _benchmark.test: Starting a blocking GC Alloc
05-10 03:20:14.938 23197 23221 I _benchmark.test: Starting a blocking GC Alloc
05-10 03:20:14.946 23197 23221 I _benchmark.test: Alloc young concurrent copying GC freed 136378(3087KB) AllocSpace objects, 0(0B) LOS objects, 84% free, 3204KB/20MB, paused 138us,57us total 7.462ms
05-10 03:20:14.952 23197 23221 I _benchmark.test: Starting a blocking GC Alloc
05-10 03:20:14.952 23197 23221 I _benchmark.test: Starting a blocking GC Alloc
05-10 03:20:14.973 23197 23221 I _benchmark.test: Alloc concurrent copying GC freed 134522(3044KB) AllocSpace objects, 0(0B) LOS objects, 67% free, 2992KB/9136KB, paused 219us,70us total 21.104ms
05-10 03:20:15.270  5679  5748 W libprocessgroup: Failed to open /dev/blkio//cgroup.procs: No such file or directory
05-10 03:20:15.274  5679  5748 W libprocessgroup: Failed to open /dev/blkio//cgroup.procs: No such file or directory
05-10 03:20:15.509 18796 18796 I BadgeCountReceiver: badge intent : Intent { act=android.intent.action.BADGE_COUNT_UPDATE flg=0x1000010 cmp=com.sec.android.provider.badge/.BadgeCountReceiver (has extras) }
05-10 03:20:15.509 18796 18796 I BadgeCountReceiver: packageName: org.telegram.messenger, className: org.telegram.messenger.NoxIcon, count: 2
05-10 03:20:15.516  6910  6910 I BadgeCountUpdaterImpl: onChange
05-10 03:20:15.520 18796 26158 I BadgeProvider: query, [selection] : package=?
05-10 03:20:15.523  6910  6910 I BadgeCountUpdaterImpl: onChange
05-10 03:20:15.525 18796 18796 I BadgeProvider: sendNotify entered. [uri] : content://com.sec.badge/apps
05-10 03:20:15.525 18796 18796 I BadgeProvider: sendNotify, [notify] : null
05-10 03:20:15.526 18796 18796 I BadgeProvider: update, getCallingPackage() : com.sec.android.provider.badge
05-10 03:20:15.526 18796 18796 I BadgeProvider: update, [uri] : content://com.sec.badge/apps
05-10 03:20:15.526 18796 26158 E DatabaseUtils: Writing exception to parcel
05-10 03:20:15.526 18796 26158 E DatabaseUtils: java.lang.SecurityException: Permission Denial: writing com.sec.android.provider.badge.BadgeProvider uri content://com.sec.badge/apps?notify=true from pid=24784, uid=10268 requires com.sec.android.provider.badge.permission.WRITE, or grantUriPermission()
05-10 03:20:15.526 18796 26158 E DatabaseUtils: 	at android.content.ContentProvider.enforceWritePermissionInner(ContentProvider.java:1025)
05-10 03:20:15.526 18796 26158 E DatabaseUtils: 	at android.content.ContentProvider.semEnforceWritePermission(ContentProvider.java:951)
05-10 03:20:15.526 18796 26158 E DatabaseUtils: 	at android.content.ContentProvider$Transport.enforceWritePermission(ContentProvider.java:730)
05-10 03:20:15.526 18796 26158 E DatabaseUtils: 	at android.content.ContentProvider$Transport.update(ContentProvider.java:462)
05-10 03:20:15.526 18796 26158 E DatabaseUtils: 	at android.content.ContentProviderNative.onTransact(ContentProviderNative.java:231)
05-10 03:20:15.526 18796 26158 E DatabaseUtils: 	at android.os.Binder.execTransactInternal(Binder.java:1321)
05-10 03:20:15.526 18796 26158 E DatabaseUtils: 	at android.os.Binder.execTransact(Binder.java:1280)
05-10 03:20:15.526 18796 18796 I BadgeProvider: update, [uri.query] : null
05-10 03:20:15.526 18796 18796 I BadgeProvider: update, [BadgeCount] : badgecount=2
05-10 03:20:15.526 18796 18796 I BadgeProvider: update, [UpdateCount] : 1
05-10 03:20:15.628  5679  7439 D SemWifiUsabilityStatsMonitor: onWifiUsabilityStats - seqNum 11635, isSameBssidAndFreq true
05-10 03:20:15.630  5679  6237 I SemWifiLinkQualityMonitor: Link Qos Query: 0.021 ms / 378.875 Mbps (433 / 0.000 / 1.143)
05-10 03:20:15.724  6910  7270 I BadgeCountUpdaterImpl: reload badge without refresh
05-10 03:20:15.731  5679  5748 W libprocessgroup: Failed to open /dev/blkio//cgroup.procs: No such file or directory
05-10 03:20:15.737 18796 26158 I BadgeProvider: query, [selection] : null
05-10 03:20:15.757  6910  7270 I BadgeCache: update cache : org.telegram.messenger user : UserHandle{0}  count : 0
05-10 03:20:15.762  6910  7270 I BadgeCache: update cache : com.vkontakte.android user : UserHandle{0}  count : 7
05-10 03:20:15.787  6910  7270 I BadgeCache: update cache : com.vkontakte.android user : UserHandle{0}  count : 1
05-10 03:20:15.792  6910  7270 I BadgeCache: add to cache : org.telegram.messengeruser : UserHandle{0}  count : 2
05-10 03:20:15.803  6910  7270 I BadgeCache: reloadBadge size : 2
05-10 03:20:16.601 24784 24843 W Notification: Bubbles work best with icons of TYPE_URI or TYPE_URI_ADAPTIVE_BITMAP. In the future, using an icon of this type will be required.
05-10 03:20:16.621  5679  8453 D ApplicationPolicy: isStatusBarNotificationAllowedAsUser: packageName = org.telegram.messenger,userId = 0
05-10 03:20:16.622  5679  8453 D ApplicationPolicy: isStatusBarNotificationAllowedAsUser: packageName = org.telegram.messenger,userId = 0
05-10 03:20:16.635 21864 22097 D androidtc: Initializing SystemTextClassifier, type = System
05-10 03:20:16.858  6361  6361 I FreeformContainer: [SmartPopupViewService] onNotificationPosted: StatusBarNotification(pkg=org.telegram.messenger user=UserHandle{0} id=212076729 tag=null key=0|org.telegram.messenger|212076729|null|10268: Notification(channel=0channel_private_b9fad_4960645241598996430 shortcut=ndid_212076729 contentView=null vibrate=null sound=null defaults=0x0 flags=0x10 color=0xff11acfa category=msg sortKey=9223370353173161807 actions=2 vis=PRIVATE locusId=LocusId[14_chars] semFlags=0x0 semPriority=0 semMissedCount=0))
05-10 03:20:16.860  6397  6397 D InterruptionStateProvider: Group alert behavior is suppressed but we want to alert bubble
05-10 03:20:16.861  6397  6397 D InterruptionStateProvider: Group alert behavior is suppressed but we want to alert bubble
05-10 03:20:16.861 28298 28453 I NotificationPipeline: Processing new notification: 0|org.telegram.messenger|212076729|null|10268
05-10 03:20:16.862 28298 28453 I Notification4Heart_NB: NotificationAlertUtil.getAlertType-result: 0
05-10 03:20:16.863 28298 28453 I Notification4Heart_NB: NotificationAlertUtil.getAlertTypeFromChannel-importance : 4
05-10 03:20:16.863 28298 28453 I Notification4Heart_NB: NotificationAlertUtil.isAlertNoti-alert : 3
05-10 03:20:16.864 28298 28453 I Notification4Heart_NB: PendingManager.getPendingState-SEND
05-10 03:20:16.864  6910  6910 I Launcher.NotificationListener: onNotificationPosted : org.telegram.messenger number : 1
05-10 03:20:16.864 28298 28453 I Notification4Heart_NB: NotificationBridgeCallback.onNotificationPosted-sent : 1683681614000, [0] org.telegram.messenger
05-10 03:20:16.865 28298 28453 I NotificationPipeline: Flushing notifications queue, size: 1
05-10 03:20:16.865  6910  7270 I Launcher.NotificationListener: notificationIsValidForUI : org.telegram.messenger missingTitleAndText : false isGroupHeader : false
05-10 03:20:16.869  6397  6497 D PeopleSpaceWidgetMgr: No app widget ids returned
05-10 03:20:16.877  6397  6397 D PluginAODManager: onNotificationInfoUpdated() 0
05-10 03:20:16.877  6397  6397 I AODNotificationManager: updateVisibleNotifications: 0
05-10 03:20:16.877  6397  6397 I a       : updateStatusBarNotifications: open
05-10 03:20:16.877  6397  6397 I a       : updateStatusBarNotifications: open
05-10 03:20:16.886  6361  6361 I FreeformContainer: [SmartPopupViewService] onNotificationRemoved: StatusBarNotification(pkg=org.telegram.messenger user=UserHandle{0} id=212076729 tag=null key=0|org.telegram.messenger|212076729|null|10268: Notification(channel=0channel_private_b9fad_4960645241598996430 shortcut=ndid_212076729 contentView=null vibrate=null sound=null defaults=0x0 flags=0x10 color=0xff11acfa category=msg sortKey=9223370353173161807 actions=2 vis=PRIVATE locusId=LocusId[14_chars] semFlags=0x0 semPriority=0 semMissedCount=0))
05-10 03:20:16.887  6361  6456 I FreeformContainer: [Manager] handleMessage: SMART_POPUP_VIEW_REMOVE_ITEM
05-10 03:20:16.887  6361  6456 W FreeformContainer: [Manager] SMART_POPUP_VIEW_REMOVE_ITEM failed, due to no smart popup view item which has packageName: org.telegram.messenger
05-10 03:20:16.890  6397  6397 D BubblesManager: onEntryAdded : bubbleEntryAdded=false
05-10 03:20:16.893  6397  6397 D BubblesManager: setupNotifPipeline(), onEntryRemoved : reason=10
05-10 03:20:16.895  6397  6497 D PeopleSpaceWidgetMgr: No app widget ids returned
05-10 03:20:16.905 28298 28453 I Notification4Heart_NB: NotificationBridgeCallback.onNotificationSend-time : 1683681614000, package : org.telegram.messenger
05-10 03:20:16.906 28298 28453 I Notification4Heart_NB: WearableExtenderFeature.extractBackground->>> Enter <<<
05-10 03:20:16.906 28298 28453 I Notification4Heart_NB: NotificationAlertUtil.getAlertType-result: 0
05-10 03:20:16.907 28298 28453 I Notification4Heart_NB: NotificationAlertUtil.getAlertTypeFromChannel-importance : 4
05-10 03:20:16.907 28298 28453 I Notification4Heart_NB: NotificationAlertUtil.isAlertNoti-alert : 3
05-10 03:20:16.908 28298 28453 I Notification4Heart_NB: DebugHistory.[send:SEND][mute:false] {0, 0|org.telegram.messenger|212076729|null|10268} d:{} - 03:20:14.000
05-10 03:20:16.912  6397  6397 D PluginAODManager: onNotificationInfoUpdated() 0
05-10 03:20:16.912  6397  6397 I AODNotificationManager: updateVisibleNotifications: 0
05-10 03:20:16.912  6397  6397 I a       : updateStatusBarNotifications: open
05-10 03:20:16.912  6397  6397 I a       : updateStatusBarNotifications: open
05-10 03:20:16.989 28298 28453 I NotificationSender: Putting notification data item /bridger/stream_item:c8317ad1:org.telegram.messenger:212076729:null_tag:0~7Corg.telegram.messenger~7C212076729~7Cnull~7C10268
05-10 03:20:17.031 28298 28453 I NotificationPipeline: Processing notification dismissal on phone: 0|org.telegram.messenger|212076729|null|10268
05-10 03:20:17.032 30196 30463 D BluetoothSocket: write: android.net.LocalSocketImpl$SocketOutputStream@eea12f6 length: 4
05-10 03:20:17.033 30196 30463 D BluetoothSocket: write out: android.net.LocalSocketImpl$SocketOutputStream@eea12f6 length: 4
05-10 03:20:17.033 30196 30463 D BluetoothSocket: write: android.net.LocalSocketImpl$SocketOutputStream@eea12f6 length: 2943
05-10 03:20:17.033 30196 30463 D BluetoothSocket: write out: android.net.LocalSocketImpl$SocketOutputStream@eea12f6 length: 2943
05-10 03:20:17.033  6747  7221 I bt_stack: [INFO:rfc_port_fsm.cc(106)] rfc_port_sm_execute: BD_ADDR=645df4_1, PORT=3, STATE=4, EVENT=14
05-10 03:20:17.034  6747  7221 I bt_stack: [INFO:rfc_port_fsm.cc(106)] rfc_port_sm_execute: BD_ADDR=645df4_1, PORT=3, STATE=4, EVENT=14
05-10 03:20:17.034  6747  7221 I bt_stack: [INFO:rfc_port_fsm.cc(106)] rfc_port_sm_execute: BD_ADDR=645df4_1, PORT=3, STATE=4, EVENT=14
05-10 03:20:17.040  6747  7221 E bt_bta_dm: Received unknown power mode status event:5
05-10 03:20:17.043 28298 28453 I PhLocalNotifDismissal: Sending dismissal info for path: /bridge_mode/dismissal/org.telegram.messenger/
05-10 03:20:17.055 30196 30463 D BluetoothSocket: write: android.net.LocalSocketImpl$SocketOutputStream@eea12f6 length: 4
05-10 03:20:17.056 30196 30463 D BluetoothSocket: write out: android.net.LocalSocketImpl$SocketOutputStream@eea12f6 length: 4
05-10 03:20:17.056 28298 28453 I PhLocalNotifDismissal: Successfully dismissed notification on watch.
05-10 03:20:17.056 30196 30463 D BluetoothSocket: write: android.net.LocalSocketImpl$SocketOutputStream@eea12f6 length: 7065
05-10 03:20:17.056 28298 28453 I Notification4Heart_NB: NotificationBridgeCallback.onNotificationRemoved->>> Enter <<<
05-10 03:20:17.056  6747  7221 I bt_stack: [INFO:rfc_port_fsm.cc(106)] rfc_port_sm_execute: BD_ADDR=645df4_1, PORT=3, STATE=4, EVENT=14
05-10 03:20:17.056 30196 30463 D BluetoothSocket: write out: android.net.LocalSocketImpl$SocketOutputStream@eea12f6 length: 7065
05-10 03:20:17.058  6747  7221 E bt_btm_pm: pm_pending_link maxed out
05-10 03:20:17.058  6747  7221 W bt_bta_dm: Unable to set active power mode for device:xx:xx:xx:xx:b3:b1 status:BTM_NO_RESOURCES
05-10 03:20:17.058  6747  7221 I bt_stack: [INFO:rfc_port_fsm.cc(106)] rfc_port_sm_execute: BD_ADDR=645df4_1, PORT=3, STATE=4, EVENT=14
05-10 03:20:17.058  6747  7221 I bt_stack: [INFO:rfc_port_fsm.cc(106)] rfc_port_sm_execute: BD_ADDR=645df4_1, PORT=3, STATE=4, EVENT=14
05-10 03:20:17.059  6747  7221 I bt_stack: [INFO:rfc_port_fsm.cc(106)] rfc_port_sm_execute: BD_ADDR=645df4_1, PORT=3, STATE=4, EVENT=14
05-10 03:20:17.059  6747  7221 I bt_stack: [INFO:rfc_port_fsm.cc(106)] rfc_port_sm_execute: BD_ADDR=645df4_1, PORT=3, STATE=4, EVENT=14
05-10 03:20:17.059  6747  7221 I bt_stack: [INFO:rfc_port_fsm.cc(106)] rfc_port_sm_execute: BD_ADDR=645df4_1, PORT=3, STATE=4, EVENT=14
05-10 03:20:17.060  6747  7221 I bt_stack: [INFO:rfc_port_fsm.cc(106)] rfc_port_sm_execute: BD_ADDR=645df4_1, PORT=3, STATE=4, EVENT=14
05-10 03:20:17.060  6747  7221 I bt_stack: [INFO:rfc_port_fsm.cc(106)] rfc_port_sm_execute: BD_ADDR=645df4_1, PORT=3, STATE=4, EVENT=14
05-10 03:20:17.060  6747  7221 I bt_stack: [INFO:rfc_port_fsm.cc(106)] rfc_port_sm_execute: BD_ADDR=645df4_1, PORT=3, STATE=4, EVENT=14
05-10 03:20:17.072  5679  5820 D NotificationService: NMS : requestListenerHintsForWearable state=0
05-10 03:20:17.072 28298 28453 W Notification4Heart_NB: PendingManager.onBridgeFlushQueueEvent-flush pending notifications!!
05-10 03:20:17.073 28298 28453 I Notification4Heart_NB: PendingManager.requestFlushNotifications->>> Enter <<<
05-10 03:20:17.077 28298 28453 I NotifDismissalHandler: Notification 0|org.telegram.messenger|212076729|null|10268 dismissed on phone, deleting data item /bridger/stream_item:c8317ad1:org.telegram.messenger:212076729:null_tag:0~7Corg.telegram.messenger~7C212076729~7Cnull~7C10268
05-10 03:20:17.087 28298 28453 I NotificationPipeline: Flushing notifications queue, size: 0
05-10 03:20:17.088 30196 30463 D BluetoothSocket: write: android.net.LocalSocketImpl$SocketOutputStream@eea12f6 length: 4
05-10 03:20:17.088 30196 30463 D BluetoothSocket: write out: android.net.LocalSocketImpl$SocketOutputStream@eea12f6 length: 4
05-10 03:20:17.088 30196 30463 D BluetoothSocket: write: android.net.LocalSocketImpl$SocketOutputStream@eea12f6 length: 292
05-10 03:20:17.088 30196 30463 D BluetoothSocket: write out: android.net.LocalSocketImpl$SocketOutputStream@eea12f6 length: 292
05-10 03:20:17.088  6747  7221 E bt_btm_pm: pm_pending_link maxed out
05-10 03:20:17.088  6747  7221 W bt_bta_dm: Unable to set active power mode for device:xx:xx:xx:xx:b3:b1 status:BTM_NO_RESOURCES
05-10 03:20:17.088  6747  7221 I bt_stack: [INFO:rfc_port_fsm.cc(106)] rfc_port_sm_execute: BD_ADDR=645df4_1, PORT=3, STATE=4, EVENT=14
05-10 03:20:17.117 28298 28298 I NotifDismissalHandler: Received dismissal from watch, now dismissing on phone 0|org.telegram.messenger|212076729|null|10268
05-10 03:20:17.174  6747  7221 I bt_stack: [INFO:rfc_port_fsm.cc(106)] rfc_port_sm_execute: BD_ADDR=645df4_1, PORT=3, STATE=4, EVENT=4
05-10 03:20:17.175 30196 30467 D BluetoothSocket: read out:  android.net.LocalSocketImpl$SocketInputStream@f7c4b93 ret: 4
05-10 03:20:17.175 30196 30467 D BluetoothSocket: read in:  android.net.LocalSocketImpl$SocketInputStream@f7c4b93 len: 37
05-10 03:20:17.175 30196 30467 D BluetoothSocket: read out:  android.net.LocalSocketImpl$SocketInputStream@f7c4b93 ret: 37
05-10 03:20:17.175 30196 30467 D BluetoothSocket: read in:  android.net.LocalSocketImpl$SocketInputStream@f7c4b93 len: 4
05-10 03:20:17.232  6747  7221 I bt_stack: [INFO:rfc_port_fsm.cc(106)] rfc_port_sm_execute: BD_ADDR=645df4_1, PORT=3, STATE=4, EVENT=4
05-10 03:20:17.232 30196 30467 D BluetoothSocket: read out:  android.net.LocalSocketImpl$SocketInputStream@f7c4b93 ret: 4
05-10 03:20:17.232 30196 30467 D BluetoothSocket: read in:  android.net.LocalSocketImpl$SocketInputStream@f7c4b93 len: 37
05-10 03:20:17.232 30196 30467 D BluetoothSocket: read out:  android.net.LocalSocketImpl$SocketInputStream@f7c4b93 ret: 37
05-10 03:20:17.233 30196 30467 D BluetoothSocket: read in:  android.net.LocalSocketImpl$SocketInputStream@f7c4b93 len: 4
05-10 03:20:17.234  6747  7221 I bt_stack: [INFO:rfc_port_fsm.cc(106)] rfc_port_sm_execute: BD_ADDR=645df4_1, PORT=3, STATE=4, EVENT=4
05-10 03:20:17.235 30196 30467 D BluetoothSocket: read out:  android.net.LocalSocketImpl$SocketInputStream@f7c4b93 ret: 4
05-10 03:20:17.235 30196 30467 D BluetoothSocket: read in:  android.net.LocalSocketImpl$SocketInputStream@f7c4b93 len: 37
05-10 03:20:17.235 30196 30467 D BluetoothSocket: read out:  android.net.LocalSocketImpl$SocketInputStream@f7c4b93 ret: 37
05-10 03:20:17.236 30196 30467 D BluetoothSocket: read in:  android.net.LocalSocketImpl$SocketInputStream@f7c4b93 len: 4
05-10 03:20:18.333  5679  5748 W libprocessgroup: Failed to open /dev/blkio//cgroup.procs: No such file or directory
05-10 03:20:18.335  5679  5748 W libprocessgroup: Failed to open /dev/blkio//cgroup.procs: No such file or directory
05-10 03:20:18.339 30196 29223 D ConnectivityManager: StackLog: [android.net.ConnectivityManager.reportNetworkConnectivity(ConnectivityManager.java:3390)] [aovh.i(:com.google.android.gms@231613044@23.16.13 (190400-527363516):0)] [aouv.run(:com.google.android.gms@231613044@23.16.13 (190400-527363516):57)] [aovv.run(:com.google.android.gms@231613044@23.16.13 (190400-527363516):2)] [dege.run(:com.google.android.gms@231613044@23.16.13 (190400-527363516):2)] [abzd.c(:com.google.android.gms@231613044@23.16.13 (190400-527363516):6)] [abzd.run(:com.google.android.gms@231613044@23.16.13 (190400-527363516):7)] [java.util.concurrent.ThreadPoolExecutor.runWorker(ThreadPoolExecutor.java:1137)] [java.util.concurrent.ThreadPoolExecutor$Worker.run(ThreadPoolExecutor.java:637)] [acej.run(:com.google.android.gms@231613044@23.16.13 (190400-527363516):0)] [java.lang.Thread.run(Thread.java:1012)]
05-10 03:20:18.343 30196 29223 I AlarmManager: setExactAndAllowWhileIdle [name: GCM_HB_ALARM type: 2 triggerAtMillis: 250993254]
05-10 03:20:18.348 18796 18796 I BadgeCountReceiver: badge intent : Intent { act=android.intent.action.BADGE_COUNT_UPDATE flg=0x1000010 cmp=com.sec.android.provider.badge/.BadgeCountReceiver (has extras) }
05-10 03:20:18.349 18796 18796 I BadgeCountReceiver: packageName: org.telegram.messenger, className: org.telegram.messenger.NoxIcon, count: 0
05-10 03:20:18.358 18796 26158 I BadgeProvider: query, [selection] : package=?
05-10 03:20:18.361  6910  6910 I BadgeCountUpdaterImpl: onChange
05-10 03:20:18.363 18796 26158 E DatabaseUtils: Writing exception to parcel
05-10 03:20:18.363 18796 26158 E DatabaseUtils: java.lang.SecurityException: Permission Denial: writing com.sec.android.provider.badge.BadgeProvider uri content://com.sec.badge/apps?notify=true from pid=24784, uid=10268 requires com.sec.android.provider.badge.permission.WRITE, or grantUriPermission()
05-10 03:20:18.363 18796 26158 E DatabaseUtils: 	at android.content.ContentProvider.enforceWritePermissionInner(ContentProvider.java:1025)
05-10 03:20:18.363 18796 26158 E DatabaseUtils: 	at android.content.ContentProvider.semEnforceWritePermission(ContentProvider.java:951)
05-10 03:20:18.363 18796 26158 E DatabaseUtils: 	at android.content.ContentProvider$Transport.enforceWritePermission(ContentProvider.java:730)
05-10 03:20:18.363 18796 26158 E DatabaseUtils: 	at android.content.ContentProvider$Transport.update(ContentProvider.java:462)
05-10 03:20:18.363 18796 26158 E DatabaseUtils: 	at android.content.ContentProviderNative.onTransact(ContentProviderNative.java:231)
05-10 03:20:18.363 18796 26158 E DatabaseUtils: 	at android.os.Binder.execTransactInternal(Binder.java:1321)
05-10 03:20:18.363 18796 26158 E DatabaseUtils: 	at android.os.Binder.execTransact(Binder.java:1280)
05-10 03:20:18.363  6910  6910 I BadgeCountUpdaterImpl: onChange
05-10 03:20:18.368 30196 29373 I AlarmManager: setExactAndAllowWhileIdle [name: FcmRetry type: 2 triggerAtMillis: 249923278]
05-10 03:20:18.368 18796 18796 I BadgeProvider: sendNotify entered. [uri] : content://com.sec.badge/apps
05-10 03:20:18.368 18796 18796 I BadgeProvider: sendNotify, [notify] : null
05-10 03:20:18.368 18796 18796 I BadgeProvider: update, getCallingPackage() : com.sec.android.provider.badge
05-10 03:20:18.368 18796 18796 I BadgeProvider: update, [uri] : content://com.sec.badge/apps
05-10 03:20:18.368 18796 18796 I BadgeProvider: update, [uri.query] : null
05-10 03:20:18.368 18796 18796 I BadgeProvider: update, [BadgeCount] : badgecount=0
05-10 03:20:18.369 18796 18796 I BadgeProvider: update, [UpdateCount] : 1
05-10 03:20:18.380 30196 30196 D BoundBrokerSvc: onBind: Intent { act=com.google.android.gms.scheduler.ACTION_PROXY_SCHEDULE dat=chimera-action:/... cmp=com.google.android.gms/.chimera.PersistentApiService }
05-10 03:20:18.380 30196 30196 D BoundBrokerSvc: Loading bound service for intent: Intent { act=com.google.android.gms.scheduler.ACTION_PROXY_SCHEDULE dat=chimera-action:/... cmp=com.google.android.gms/.chimera.PersistentApiService }
05-10 03:20:18.387  5679  5748 W libprocessgroup: Failed to open /dev/blkio//cgroup.procs: No such file or directory
05-10 03:20:18.389  5679  5748 W libprocessgroup: Failed to open /dev/blkio//cgroup.procs: No such file or directory
05-10 03:20:18.405  5679  5748 W libprocessgroup: Failed to open /dev/blkio//cgroup.procs: No such file or directory
05-10 03:20:18.414  5679  5748 W libprocessgroup: Failed to open /dev/blkio//cgroup.procs: No such file or directory
05-10 03:20:18.564  6910  7270 I BadgeCountUpdaterImpl: reload badge without refresh
05-10 03:20:18.571 18796 26158 I BadgeProvider: query, [selection] : null
05-10 03:20:18.590  6910  7270 I BadgeCache: update cache : org.telegram.messenger user : UserHandle{0}  count : 0
05-10 03:20:18.595  6910  7270 I BadgeCache: update cache : com.vkontakte.android user : UserHandle{0}  count : 7
05-10 03:20:18.614  6910  7270 I BadgeCache: update cache : com.vkontakte.android user : UserHandle{0}  count : 1
05-10 03:20:18.623  6910  7270 I BadgeCache: reloadBadge size : 2
05-10 03:20:18.643  5679  7439 D SemWifiUsabilityStatsMonitor: onWifiUsabilityStats - seqNum 11636, isSameBssidAndFreq true
05-10 03:20:18.646  5679  6237 I SemWifiLinkQualityMonitor: Link Qos Query: 0.022 ms / 360.833 Mbps (433 / 0.000 / 1.200)
05-10 03:20:19.904  5679  5748 W libprocessgroup: Failed to open /dev/blkio//cgroup.procs: No such file or directory
05-10 03:20:19.912  5679  5748 W libprocessgroup: Failed to open /dev/blkio//cgroup.procs: No such file or directory
05-10 03:20:19.920 18796 26158 I BadgeProvider: query, [selection] : package=?
05-10 03:20:19.923 18796 18796 I BadgeCountReceiver: badge intent : Intent { act=android.intent.action.BADGE_COUNT_UPDATE flg=0x1000010 cmp=com.sec.android.provider.badge/.BadgeCountReceiver (has extras) }
05-10 03:20:19.923 18796 18796 I BadgeCountReceiver: packageName: org.telegram.messenger, className: org.telegram.messenger.NoxIcon, count: 1
05-10 03:20:19.927  6910  6910 I BadgeCountUpdaterImpl: onChange
05-10 03:20:19.929 18796 26158 E DatabaseUtils: Writing exception to parcel
05-10 03:20:19.929 18796 26158 E DatabaseUtils: java.lang.SecurityException: Permission Denial: writing com.sec.android.provider.badge.BadgeProvider uri content://com.sec.badge/apps?notify=true from pid=24784, uid=10268 requires com.sec.android.provider.badge.permission.WRITE, or grantUriPermission()
05-10 03:20:19.929 18796 26158 E DatabaseUtils: 	at android.content.ContentProvider.enforceWritePermissionInner(ContentProvider.java:1025)
05-10 03:20:19.929 18796 26158 E DatabaseUtils: 	at android.content.ContentProvider.semEnforceWritePermission(ContentProvider.java:951)
05-10 03:20:19.929 18796 26158 E DatabaseUtils: 	at android.content.ContentProvider$Transport.enforceWritePermission(ContentProvider.java:730)
05-10 03:20:19.929 18796 26158 E DatabaseUtils: 	at android.content.ContentProvider$Transport.update(ContentProvider.java:462)
05-10 03:20:19.929 18796 26158 E DatabaseUtils: 	at android.content.ContentProviderNative.onTransact(ContentProviderNative.java:231)
05-10 03:20:19.929 18796 26158 E DatabaseUtils: 	at android.os.Binder.execTransactInternal(Binder.java:1321)
05-10 03:20:19.929 18796 26158 E DatabaseUtils: 	at android.os.Binder.execTransact(Binder.java:1280)
05-10 03:20:19.938  6910  6910 I BadgeCountUpdaterImpl: onChange
05-10 03:20:19.943 18796 26158 I BadgeProvider: query, [selection] : package=?
05-10 03:20:19.943 30196 29218 D ConnectivityManager: StackLog: [android.net.ConnectivityManager.reportNetworkConnectivity(ConnectivityManager.java:3390)] [aovh.i(:com.google.android.gms@231613044@23.16.13 (190400-527363516):0)] [aouv.run(:com.google.android.gms@231613044@23.16.13 (190400-527363516):57)] [aovv.run(:com.google.android.gms@231613044@23.16.13 (190400-527363516):2)] [dege.run(:com.google.android.gms@231613044@23.16.13 (190400-527363516):2)] [abzd.c(:com.google.android.gms@231613044@23.16.13 (190400-527363516):6)] [abzd.run(:com.google.android.gms@231613044@23.16.13 (190400-527363516):7)] [java.util.concurrent.ThreadPoolExecutor.runWorker(ThreadPoolExecutor.java:1137)] [java.util.concurrent.ThreadPoolExecutor$Worker.run(ThreadPoolExecutor.java:637)] [acej.run(:com.google.android.gms@231613044@23.16.13 (190400-527363516):0)] [java.lang.Thread.run(Thread.java:1012)]
05-10 03:20:19.944 18796 18796 I BadgeProvider: sendNotify entered. [uri] : content://com.sec.badge/apps
05-10 03:20:19.944 18796 18796 I BadgeProvider: sendNotify, [notify] : null
05-10 03:20:19.944 18796 18796 I BadgeProvider: update, getCallingPackage() : com.sec.android.provider.badge
05-10 03:20:19.945 18796 18796 I BadgeProvider: update, [uri] : content://com.sec.badge/apps
05-10 03:20:19.945 18796 18796 I BadgeProvider: update, [uri.query] : null
05-10 03:20:19.945 18796 18796 I BadgeProvider: update, [BadgeCount] : badgecount=1
05-10 03:20:19.945 18796 18796 I BadgeProvider: update, [UpdateCount] : 1
05-10 03:20:19.946 30196 29218 I AlarmManager: setExactAndAllowWhileIdle [name: GCM_HB_ALARM type: 2 triggerAtMillis: 250994857]
05-10 03:20:19.947 18796 26158 E DatabaseUtils: Writing exception to parcel
05-10 03:20:19.947 18796 26158 E DatabaseUtils: java.lang.SecurityException: Permission Denial: writing com.sec.android.provider.badge.BadgeProvider uri content://com.sec.badge/apps?notify=true from pid=24784, uid=10268 requires com.sec.android.provider.badge.permission.WRITE, or grantUriPermission()
05-10 03:20:19.947 18796 26158 E DatabaseUtils: 	at android.content.ContentProvider.enforceWritePermissionInner(ContentProvider.java:1025)
05-10 03:20:19.947 18796 26158 E DatabaseUtils: 	at android.content.ContentProvider.semEnforceWritePermission(ContentProvider.java:951)
05-10 03:20:19.947 18796 26158 E DatabaseUtils: 	at android.content.ContentProvider$Transport.enforceWritePermission(ContentProvider.java:730)
05-10 03:20:19.947 18796 26158 E DatabaseUtils: 	at android.content.ContentProvider$Transport.update(ContentProvider.java:462)
05-10 03:20:19.947 18796 26158 E DatabaseUtils: 	at android.content.ContentProviderNative.onTransact(ContentProviderNative.java:231)
05-10 03:20:19.947 18796 26158 E DatabaseUtils: 	at android.os.Binder.execTransactInternal(Binder.java:1321)
05-10 03:20:19.947 18796 26158 E DatabaseUtils: 	at android.os.Binder.execTransact(Binder.java:1280)
05-10 03:20:19.949 18796 18796 I BadgeCountReceiver: badge intent : Intent { act=android.intent.action.BADGE_COUNT_UPDATE flg=0x1000010 cmp=com.sec.android.provider.badge/.BadgeCountReceiver (has extras) }
05-10 03:20:19.949 18796 18796 I BadgeCountReceiver: packageName: org.telegram.messenger, className: org.telegram.messenger.NoxIcon, count: 0
05-10 03:20:19.951  6910  6910 I BadgeCountUpdaterImpl: onChange
05-10 03:20:19.953 18796 18796 I BadgeProvider: sendNotify entered. [uri] : content://com.sec.badge/apps
05-10 03:20:19.953 18796 18796 I BadgeProvider: sendNotify, [notify] : null
05-10 03:20:19.954 18796 18796 I BadgeProvider: update, getCallingPackage() : com.sec.android.provider.badge
05-10 03:20:19.954 18796 18796 I BadgeProvider: update, [uri] : content://com.sec.badge/apps
05-10 03:20:19.954 18796 18796 I BadgeProvider: update, [uri.query] : null
05-10 03:20:19.954 18796 18796 I BadgeProvider: update, [BadgeCount] : badgecount=0
05-10 03:20:19.954 18796 18796 I BadgeProvider: update, [UpdateCount] : 1
05-10 03:20:19.955  6910  6910 I BadgeCountUpdaterImpl: onChange
05-10 03:20:19.970 30196 29223 I AlarmManager: setExactAndAllowWhileIdle [name: FcmRetry type: 2 triggerAtMillis: 249924876]
05-10 03:20:19.977 30196 29218 I AlarmManager: setExactAndAllowWhileIdle [name: GCM_HB_ALARM type: 2 triggerAtMillis: 250994888]
05-10 03:20:19.977  5679  5748 W libprocessgroup: Failed to open /dev/blkio//cgroup.procs: No such file or directory
05-10 03:20:19.979  5679  5748 W libprocessgroup: Failed to open /dev/blkio//cgroup.procs: No such file or directory
05-10 03:20:19.992  5679  5748 W libprocessgroup: Failed to open /dev/blkio//cgroup.procs: No such file or directory
05-10 03:20:20.155  6910  7270 I BadgeCountUpdaterImpl: reload badge without refresh
05-10 03:20:20.162 18796 18810 I BadgeProvider: query, [selection] : null
05-10 03:20:20.184  6910  7270 I BadgeCache: update cache : com.vkontakte.android user : UserHandle{0}  count : 7
05-10 03:20:20.205  6910  7270 I BadgeCache: update cache : com.vkontakte.android user : UserHandle{0}  count : 1
05-10 03:20:20.215  6910  7270 I BadgeCache: reloadBadge size : 1
05-10 03:20:21.317  5679  5748 W libprocessgroup: Failed to open /dev/blkio//cgroup.procs: No such file or directory
05-10 03:20:21.321  5679  5748 W libprocessgroup: Failed to open /dev/blkio//cgroup.procs: No such file or directory
05-10 03:20:21.344 18796 18810 I BadgeProvider: query, [selection] : package=?
05-10 03:20:21.346 18796 18796 I BadgeCountReceiver: badge intent : Intent { act=android.intent.action.BADGE_COUNT_UPDATE flg=0x1000010 cmp=com.sec.android.provider.badge/.BadgeCountReceiver (has extras) }
05-10 03:20:21.346 18796 18796 I BadgeCountReceiver: packageName: org.telegram.messenger, className: org.telegram.messenger.NoxIcon, count: 1
05-10 03:20:21.351 18796 26158 E DatabaseUtils: Writing exception to parcel
05-10 03:20:21.351 18796 26158 E DatabaseUtils: java.lang.SecurityException: Permission Denial: writing com.sec.android.provider.badge.BadgeProvider uri content://com.sec.badge/apps?notify=true from pid=24784, uid=10268 requires com.sec.android.provider.badge.permission.WRITE, or grantUriPermission()
05-10 03:20:21.351 18796 26158 E DatabaseUtils: 	at android.content.ContentProvider.enforceWritePermissionInner(ContentProvider.java:1025)
05-10 03:20:21.351 18796 26158 E DatabaseUtils: 	at android.content.ContentProvider.semEnforceWritePermission(ContentProvider.java:951)
05-10 03:20:21.351 18796 26158 E DatabaseUtils: 	at android.content.ContentProvider$Transport.enforceWritePermission(ContentProvider.java:730)
05-10 03:20:21.351 18796 26158 E DatabaseUtils: 	at android.content.ContentProvider$Transport.update(ContentProvider.java:462)
05-10 03:20:21.351 18796 26158 E DatabaseUtils: 	at android.content.ContentProviderNative.onTransact(ContentProviderNative.java:231)
05-10 03:20:21.351 18796 26158 E DatabaseUtils: 	at android.os.Binder.execTransactInternal(Binder.java:1321)
05-10 03:20:21.351 18796 26158 E DatabaseUtils: 	at android.os.Binder.execTransact(Binder.java:1280)
05-10 03:20:21.355  6910  6910 I BadgeCountUpdaterImpl: onChange
05-10 03:20:21.356  6910  6910 I BadgeCountUpdaterImpl: onChange
05-10 03:20:21.357 18796 18796 I BadgeProvider: sendNotify entered. [uri] : content://com.sec.badge/apps
05-10 03:20:21.357 18796 18796 I BadgeProvider: sendNotify, [notify] : null
05-10 03:20:21.357 18796 18796 I BadgeProvider: update, getCallingPackage() : com.sec.android.provider.badge
05-10 03:20:21.357 18796 18796 I BadgeProvider: update, [uri] : content://com.sec.badge/apps
05-10 03:20:21.357 18796 18796 I BadgeProvider: update, [uri.query] : null
05-10 03:20:21.357 18796 18796 I BadgeProvider: update, [BadgeCount] : badgecount=1
05-10 03:20:21.357 18796 18796 I BadgeProvider: update, [UpdateCount] : 1
05-10 03:20:21.360 18796 26158 I BadgeProvider: query, [selection] : package=?
05-10 03:20:21.365 18796 26158 E DatabaseUtils: Writing exception to parcel
05-10 03:20:21.365 18796 26158 E DatabaseUtils: java.lang.SecurityException: Permission Denial: writing com.sec.android.provider.badge.BadgeProvider uri content://com.sec.badge/apps?notify=true from pid=24784, uid=10268 requires com.sec.android.provider.badge.permission.WRITE, or grantUriPermission()
05-10 03:20:21.365 18796 26158 E DatabaseUtils: 	at android.content.ContentProvider.enforceWritePermissionInner(ContentProvider.java:1025)
05-10 03:20:21.365 18796 26158 E DatabaseUtils: 	at android.content.ContentProvider.semEnforceWritePermission(ContentProvider.java:951)
05-10 03:20:21.365 18796 26158 E DatabaseUtils: 	at android.content.ContentProvider$Transport.enforceWritePermission(ContentProvider.java:730)
05-10 03:20:21.365 18796 26158 E DatabaseUtils: 	at android.content.ContentProvider$Transport.update(ContentProvider.java:462)
05-10 03:20:21.365 18796 26158 E DatabaseUtils: 	at android.content.ContentProviderNative.onTransact(ContentProviderNative.java:231)
05-10 03:20:21.365 18796 26158 E DatabaseUtils: 	at android.os.Binder.execTransactInternal(Binder.java:1321)
05-10 03:20:21.365 18796 26158 E DatabaseUtils: 	at android.os.Binder.execTransact(Binder.java:1280)
05-10 03:20:21.373 18796 18796 I BadgeCountReceiver: badge intent : Intent { act=android.intent.action.BADGE_COUNT_UPDATE flg=0x1000010 cmp=com.sec.android.provider.badge/.BadgeCountReceiver (has extras) }
05-10 03:20:21.373 18796 18796 I BadgeCountReceiver: packageName: org.telegram.messenger, className: org.telegram.messenger.NoxIcon, count: 0
05-10 03:20:21.375 30196 29503 D ConnectivityManager: StackLog: [android.net.ConnectivityManager.reportNetworkConnectivity(ConnectivityManager.java:3390)] [aovh.i(:com.google.android.gms@231613044@23.16.13 (190400-527363516):0)] [aouv.run(:com.google.android.gms@231613044@23.16.13 (190400-527363516):57)] [aovv.run(:com.google.android.gms@231613044@23.16.13 (190400-527363516):2)] [dege.run(:com.google.android.gms@231613044@23.16.13 (190400-527363516):2)] [abzd.c(:com.google.android.gms@231613044@23.16.13 (190400-527363516):6)] [abzd.run(:com.google.android.gms@231613044@23.16.13 (190400-527363516):7)] [java.util.concurrent.ThreadPoolExecutor.runWorker(ThreadPoolExecutor.java:1137)] [java.util.concurrent.ThreadPoolExecutor$Worker.run(ThreadPoolExecutor.java:637)] [acej.run(:com.google.android.gms@231613044@23.16.13 (190400-527363516):0)] [java.lang.Thread.run(Thread.java:1012)]
05-10 03:20:21.376  6910  6910 I BadgeCountUpdaterImpl: onChange
05-10 03:20:21.377 30196 29503 I AlarmManager: setExactAndAllowWhileIdle [name: GCM_HB_ALARM type: 2 triggerAtMillis: 250996288]
05-10 03:20:21.379  6910  6910 I BadgeCountUpdaterImpl: onChange
05-10 03:20:21.380 18796 18796 I BadgeProvider: sendNotify entered. [uri] : content://com.sec.badge/apps
05-10 03:20:21.380 18796 18796 I BadgeProvider: sendNotify, [notify] : null
05-10 03:20:21.380 18796 18796 I BadgeProvider: update, getCallingPackage() : com.sec.android.provider.badge
05-10 03:20:21.380 18796 18796 I BadgeProvider: update, [uri] : content://com.sec.badge/apps
05-10 03:20:21.380 18796 18796 I BadgeProvider: update, [uri.query] : null
05-10 03:20:21.380 18796 18796 I BadgeProvider: update, [BadgeCount] : badgecount=0
05-10 03:20:21.380 18796 18796 I BadgeProvider: update, [UpdateCount] : 1
05-10 03:20:21.394 30196 29218 I AlarmManager: setExactAndAllowWhileIdle [name: FcmRetry type: 2 triggerAtMillis: 249926304]
05-10 03:20:21.402  5679  5748 W libprocessgroup: Failed to open /dev/blkio//cgroup.procs: No such file or directory
