04-19 16:02:04.887  5224  5224 E audit   : type=1300 audit(1681912924.877:103218): arch=c00000b7 syscall=56 success=no exit=-13 a0=ffffff9c a1=7dd51102f8 a2=88000 a3=0 items=0 ppid=5250 pid=22295 auid=4294967295 uid=10235 gid=10235 euid=10235 suid=10235 fsuid=10235 egid=10235 sgid=10235 fsgid=10235 tty=(none) ses=4294967295 comm="binder:22295_3" exe="/system/bin/app_process64" subj=u:r:untrusted_app:s0:c235,c256,c512,c768 key=(null)
04-19 16:02:04.887  5224  5224 E audit   : type=1327 audit(1681912924.877:103218): proctitle="com.google.android.calendar"
04-19 16:02:04.941  5628  5712 I libprocessgroup: Successfully killed process cgroup uid 1000 pid 21696 in 0ms
04-19 16:02:04.942  5628  5712 I libprocessgroup: Successfully killed process cgroup uid 5278 pid 21732 in 0ms
04-19 16:02:04.987 21928 22127 D Yandex Mobile Ads: [206] qd0.a: HTTP response for request=<[ ] https://mobile.yandexadexchange.net/v1/startup?uuid=4b7200a14cd9427eb4dba1227dc6ec11&mauid=16493a5a0a784c3999bd55e52f54f38a&screen_width=411&screen_height=833&scalefactor=2.625&dnt=0&gaid_reset=0&google_aid=d800a48c-63e7-4dc8-8895-cd858bdbd9ec&device_type=phone&os_name=android&os_version=13&manufacturer=samsung&model=SM-A515F&locale=en_GB&app_id=com.yandex.browser&app_version_code=1916863810&app_version_name=23.3.4.84&appmetrica_version=5.3.2&device-id=ea692350b8d0e6c8ffc972e9c0e28b39&screen_dpi=420&cmp_present=0&sdk_version=5.32&sdk_version_name=5.3.2 0x63e782f2 NORMAL 1> [lifetime=8799], [size=4166], [rc=200], [retryCount=0]
04-19 16:02:04.990  5628  5882 D ConnectivityService: ConnectivityService NetworkRequestInfo binderDied(uid/pid:10229/19928, [NetworkRequest [ REQUEST id=27997, [ Capabilities: INTERNET&NOT_RESTRICTED&TRUSTED&NOT_VCN_MANAGED Uid: 10229 RequestorUid: 10229 RequestorPkg: com.android.vending UnderlyingNetworks: Null] ]], android.os.BinderProxy@7584db7)
04-19 16:02:04.991  5628  8367 D ConnectivityService: releasing NetworkRequest [ REQUEST id=27997, [ Capabilities: INTERNET&NOT_RESTRICTED&TRUSTED&NOT_VCN_MANAGED Uid: 10229 RequestorUid: 10229 RequestorPkg: com.android.vending UnderlyingNetworks: Null] ] (release request)
04-19 16:02:04.991  5628  8367 D ConnectivityService:  Removing from current network [128 WIFI], leaving 164 requests.
04-19 16:02:04.992  5250  5250 I Zygote  : Process 19928 exited due to signal 9 (Killed)
04-19 16:02:05.009 21948 21948 W ex.searchplugin: Long monitor contention with owner SL-low (22543) at android.content.SharedPreferences android.app.ContextImpl.getSharedPreferences(java.io.File, int)(ContextImpl.java:609) waiters=0 in android.content.SharedPreferences android.app.ContextImpl.getSharedPreferences(java.lang.String, int) for 819ms
04-19 16:02:05.022  5628 11220 D PackageManager: setEnabledSetting : userId = 0 packageName = ru.yandex.searchplugin cmp = ru.yandex.searchplugin.bixby.SearchCardContentProvider newState = 1 callingPackage = 10222/ru.yandex.searchplugin
04-19 16:02:05.023  5628 11220 D ApplicationPolicy: getApplicationStateEnabled : pkg = ru.yandex.searchplugin userId : 0
04-19 16:02:05.025  5628 11220 D ApplicationPolicy: getApplicationComponentState : pkg = ru.yandex.searchplugin userId : 0
04-19 16:02:05.030 21948 21948 D CardContentManager: content provider is null
04-19 16:02:05.390 30407 30407 I ResourceOverlayService_0: waitAndQuit called
04-19 16:02:05.391 30407 30407 I ResourceOverlayService_0: activity user id 0 process id 0
04-19 16:02:05.445 21948 21948 I chromium: [INFO:model_executor_impl.cc(188)] Segmentation model result: 8 for segment OPTIMIZATION_TARGET_SEGMENTATION_FEED_USER
04-19 16:02:05.446 21948 21948 I chromium: [INFO:model_executor_impl.cc(188)] Segmentation model result: 8 for segment OPTIMIZATION_TARGET_SEGMENTATION_FEED_USER
04-19 16:02:05.479 21928 21928 I chromium: [INFO:model_executor_impl.cc(188)] Segmentation model result: 1 for segment OPTIMIZATION_TARGET_SEGMENTATION_CHROME_LOW_USER_ENGAGEMENT
04-19 16:02:05.480 21928 21928 I chromium: [INFO:model_executor_impl.cc(188)] Segmentation model result: 1 for segment OPTIMIZATION_TARGET_SEGMENTATION_CHROME_LOW_USER_ENGAGEMENT
04-19 16:02:05.487 21928 21928 I chromium: [INFO:model_executor_impl.cc(188)] Segmentation model result: 1 for segment OPTIMIZATION_TARGET_SEGMENTATION_SEARCH_USER
04-19 16:02:05.488 21928 21928 I chromium: [INFO:model_executor_impl.cc(188)] Segmentation model result: 1 for segment OPTIMIZATION_TARGET_SEGMENTATION_SEARCH_USER
04-19 16:02:05.489 21928 21928 I chromium: [INFO:model_executor_impl.cc(188)] Segmentation model result: 0 for segment OPTIMIZATION_TARGET_SEGMENTATION_SHOPPING_USER
04-19 16:02:05.489 21928 21928 I chromium: [INFO:model_executor_impl.cc(188)] Segmentation model result: 0 for segment OPTIMIZATION_TARGET_SEGMENTATION_SHOPPING_USER
04-19 16:02:05.495 22317 22562 I cr_LibraryLoader: Successfully loaded native library
04-19 16:02:05.568 22317 22562 I cr_CachingUmaRecorder: Flushed 13 samples from 13 histograms.
04-19 16:02:05.574 21928 21928 I chromium: [INFO:model_executor_impl.cc(188)] Segmentation model result: 1 for segment CROSS_DEVICE_USER_SEGMENT
04-19 16:02:05.609 21928 21928 I chromium: [INFO:model_executor_impl.cc(188)] Segmentation model result: 1 for segment CROSS_DEVICE_USER_SEGMENT
04-19 16:02:05.611 21928 21928 I chromium: [INFO:model_executor_impl.cc(188)] Segmentation model result: 0 for segment RESUME_HEAVY_USER_SEGMENT
04-19 16:02:05.611 21928 21928 I chromium: [INFO:model_executor_impl.cc(188)] Segmentation model result: 0 for segment RESUME_HEAVY_USER_SEGMENT
04-19 16:02:05.627 21928 22610 D ProfileInstaller: Skipping profile installation for com.yandex.browser
04-19 16:02:06.067 21928 21928 D Yandex Mobile Ads: [2] am0.a: Changing log tag to Yandex Mobile Ads
04-19 16:02:06.106 22317 22562 D vulkan  : searching for layers in '/data/app/~~LOuKj_UdFDjKkqpP0fMb8Q==/ru.yandex.searchplugin-kUw0XWvAje0zJ7jy7WKjdw==/lib/arm64'
04-19 16:02:06.133 22317 22562 D vulkan  : searching for layers in '/data/app/~~LOuKj_UdFDjKkqpP0fMb8Q==/ru.yandex.searchplugin-kUw0XWvAje0zJ7jy7WKjdw==/base.apk!/lib/arm64-v8a'
04-19 16:02:06.166 22317 22562 D vulkan  : searching for layers in '/data/app/~~LOuKj_UdFDjKkqpP0fMb8Q==/ru.yandex.searchplugin-kUw0XWvAje0zJ7jy7WKjdw==/split_config.en.apk!/lib/arm64-v8a'
04-19 16:02:06.167 22317 22562 D vulkan  : searching for layers in '/data/app/~~LOuKj_UdFDjKkqpP0fMb8Q==/ru.yandex.searchplugin-kUw0XWvAje0zJ7jy7WKjdw==/split_config.ru.apk!/lib/arm64-v8a'
04-19 16:02:06.169 22317 22562 D vulkan  : searching for layers in '/data/app/~~LOuKj_UdFDjKkqpP0fMb8Q==/ru.yandex.searchplugin-kUw0XWvAje0zJ7jy7WKjdw==/split_config.xxhdpi.apk!/lib/arm64-v8a'
04-19 16:02:06.181  4557  4557 I A       : LocalCalendarUpdateWorker#startWork
04-19 16:02:06.183 21928 21928 I YandexAdsIntegrityCheck: Yandex Mobile Ads 5.3.2 initialized successfully
04-19 16:02:06.204 21928 21928 I chromium: [INFO:model_executor_impl.cc(188)] Segmentation model result: 8 for segment OPTIMIZATION_TARGET_SEGMENTATION_FEED_USER
04-19 16:02:06.204 21928 21928 I chromium: [INFO:model_executor_impl.cc(188)] Segmentation model result: 8 for segment OPTIMIZATION_TARGET_SEGMENTATION_FEED_USER
04-19 16:02:06.392 30407 30407 I ResourceOverlayService_0: waitAndQuit called
04-19 16:02:06.394 30407 30407 I ResourceOverlayService_0: activity user id 0 process id 0
04-19 16:02:06.427  5628  9811 D SemWifiUsabilityStatsMonitor: onWifiUsabilityStats - seqNum 36144, isSameBssidAndFreq true
04-19 16:02:06.431  5628  8422 I SemWifiLinkQualityMonitor: Link Qos Query: 0.031 ms / 254.949 Mbps (351 / 0.000 / 1.377)
04-19 16:02:06.480  8900  9513 I bt_stack: [INFO:rfc_port_fsm.cc(106)] rfc_port_sm_execute: BD_ADDR=645df4_1, PORT=18, STATE=4, EVENT=4
04-19 16:02:06.481  8900  9513 I bt_stack: [INFO:rfc_port_fsm.cc(106)] rfc_port_sm_execute: BD_ADDR=645df4_1, PORT=18, STATE=4, EVENT=4
04-19 16:02:06.485  8900  9513 I bt_stack: [INFO:rfc_port_fsm.cc(106)] rfc_port_sm_execute: BD_ADDR=645df4_1, PORT=18, STATE=4, EVENT=14
04-19 16:02:06.619  5628 22656 D TrafficStats: tagSocket(869) with statsTag=0xffffffff, statsUid=-1
04-19 16:02:06.673 22061 22288 I AppMetrica-Attribution: Choosing distribution data: ClidsInfo(chosen=Candidate(clids={clid10=2263180, clid21=2251107, clid4=2066560, clid7=2041723, clid6=2041722, clid1=2041720, clid1010=2263185, clid1003=2315897, clid1002=2268488}, source=APP), candidates=[Candidate(clids={clid10=2263180, clid21=2251107, clid4=2066560, clid7=2041723, clid6=2041722, clid1=2041720, clid1010=2263185, clid1003=2315897, clid1002=2268488}, source=APP)])
04-19 16:02:06.735 22182 22501 W rowser:passport: Long monitor contention with owner DefaultDispatcher-worker-1 (22503) at java.lang.Object vge.get()(SourceFile:68) waiters=0 in java.lang.Object vge.get() for 719ms
04-19 16:02:06.827  5628 22656 D WifiConnectivityMonitor.DnsThread:  [|210]
04-19 16:02:06.830  5628  8444 D WifiConnectivityMonitor.NetworkStatsAnalyzer: DNS resultType : 0, responseTime : 210
04-19 16:02:06.831  5628  8438 D OpenNetworkQos[4.00]: updateBssidLatestDnsResultType - result: 0
04-19 16:02:06.831  5628  8438 D OpenNetworkQos[4.00]: updateBssidNoInternet: mBssidNoInternet = false
04-19 16:02:06.831  5628  8438 D OpenNetworkQos[4.00]: getOpenNetworkQosNoInternetStatus: false
04-19 16:02:06.831  5628  8438 D OpenNetworkQos[4.00]: getOpenNetworkQosScores: 30 26 26
04-19 16:02:06.833  5628  8438 I WifiProfileShare: network QoS data was changed (internet), updateQoSData networkType: true, qosData: false
04-19 16:02:06.834  5628  9412 V WifiProfileShare.Caster: update wips network, size: 0
04-19 16:02:06.834  5628  9412 D WifiProfileShare: nearby scanning settings run
04-19 16:02:06.834  5628  9412 D WifiProfileShare: network score provider settings enabled
04-19 16:02:06.834  5628  9412 D OpenNetworkQos[4.00]: getOpenNetworkQosScores: 30 26 26
04-19 16:02:06.835  5628  9412 D OpenNetworkQos[4.00]: getOpenNetworkQosNoInternetStatus: false
04-19 16:02:06.835  5628  9412 I WifiProfileShare.Caster: current network type: 0, score: [30, 26, 26]
04-19 16:02:06.837  5628  9412 V WifiProfileShare.Cache: update network score 00:e4:06:**:**:90
04-19 16:02:06.837  5628  9412 D WifiProfileShare.ScanMatcher: getMcfDataList size:2
04-19 16:02:06.837  5628  9412 I WifiProfileShare.Caster: qos data was updated , before:type:QOS, pBssid:51:2e:90, qosData:7c after:type:QOS, pBssid:51:2e:90, qosData:7c
04-19 16:02:06.849  5628  9412 I [MCFSDK_android_1.2.4010]_4_b: isNetworkEnabled - type : 1 ret : true
04-19 16:02:06.849  5628  9412 D WifiProfileShare.McfCast: -ME--- mIsNetworkEnabled :true
04-19 16:02:06.849  5628  9412 D WifiProfileShare.McfCast: updateQoSData ignored, same contents
04-19 16:02:06.849  5628  9412 D WifiProfileShare.MCF: success update QosData !
04-19 16:02:06.850  5628  9412 I [MCFSDK_android_1.2.4010]_4_b: isNetworkEnabled - type : 1 ret : true
04-19 16:02:06.850  5628  9412 D WifiProfileShare.McfCast: -ME--- mIsNetworkEnabled :true
04-19 16:02:06.850  5628  9412 D WifiProfileShare.McfCast: -ME--- updatePasswordDate pwdData size:2
04-19 16:02:06.896 22182 22503 D CompatibilityChangeReporter: Compat change id reported: 194532703; UID 10271; state: ENABLED
04-19 16:02:06.918 22182 22208 W libc    : Access denied finding property "sys.perf.boostopt"
04-19 16:02:06.919  5628  5714 W libprocessgroup: Failed to open /dev/blkio//cgroup.procs: No such file or directory
04-19 16:02:06.920  5224  5224 E audit   : type=1400 audit(1681912926.913:103219): avc:  denied  { read } for  pid=22182 comm="binder:22182_1" name="u:object_r:perf_prop:s0" dev="tmpfs" ino=16829 scontext=u:r:untrusted_app:s0:c15,c257,c512,c768 tcontext=u:object_r:perf_prop:s0 tclass=file permissive=0 SEPF_SM-A515F_13_0001 audit_filtered
04-19 16:02:06.920  5224  5224 E audit   : type=1300 audit(1681912926.913:103219): arch=c00000b7 syscall=56 success=no exit=-13 a0=ffffff9c a1=7dd53362f8 a2=88000 a3=0 items=0 ppid=5250 pid=22182 auid=4294967295 uid=10271 gid=10271 euid=10271 suid=10271 fsuid=10271 egid=10271 sgid=10271 fsgid=10271 tty=(none) ses=4294967295 comm="binder:22182_1" exe="/system/bin/app_process64" subj=u:r:untrusted_app:s0:c15,c257,c512,c768 key=(null)
04-19 16:02:06.920  5224  5224 E audit   : type=1327 audit(1681912926.913:103219): proctitle="<pre-initialized>"
04-19 16:02:06.932  5628  5714 W libprocessgroup: Failed to open /dev/blkio//cgroup.procs: No such file or directory
04-19 16:02:06.934  5628  5714 W libprocessgroup: Failed to open /dev/blkio//cgroup.procs: No such file or directory
04-19 16:02:06.936  5628  5714 W libprocessgroup: Failed to open /dev/blkio//cgroup.procs: No such file or directory
04-19 16:02:06.941 22182 22660 W libc    : Access denied finding property "sys.perf.boostopt"
04-19 16:02:06.941  5224  5224 E audit   : type=1400 audit(1681912926.937:103220): avc:  denied  { read } for  pid=22182 comm="binder:22182_4" name="u:object_r:perf_prop:s0" dev="tmpfs" ino=16829 scontext=u:r:untrusted_app:s0:c15,c257,c512,c768 tcontext=u:object_r:perf_prop:s0 tclass=file permissive=0 SEPF_SM-A515F_13_0001 audit_filtered
04-19 16:02:06.941  5224  5224 E audit   : type=1300 audit(1681912926.937:103220): arch=c00000b7 syscall=56 success=no exit=-13 a0=ffffff9c a1=7dd47fb2f8 a2=88000 a3=0 items=0 ppid=5250 pid=22182 auid=4294967295 uid=10271 gid=10271 euid=10271 suid=10271 fsuid=10271 egid=10271 sgid=10271 fsgid=10271 tty=(none) ses=4294967295 comm="binder:22182_4" exe="/system/bin/app_process64" subj=u:r:untrusted_app:s0:c15,c257,c512,c768 key=(null)
04-19 16:02:06.941  5224  5224 E audit   : type=1327 audit(1681912926.937:103220): proctitle="com.yandex.browser:passport"
04-19 16:02:07.037 22229 22551 D CompatibilityChangeReporter: Compat change id reported: 194532703; UID 10222; state: ENABLED
04-19 16:02:07.068 22182 22209 W rowser:passport: Long monitor contention with owner Thread-2 (22501) at pn mn.a()(SourceFile:13) waiters=0 in pn mn.a() for 291ms
04-19 16:02:07.150 22061 22137 I AppMetrica-Attribution: Choosing distribution data: ClidsInfo(chosen=Candidate(clids={clid10=2263180, clid21=2251107, clid4=2066560, clid7=2041723, clid6=2041722, clid1=2041720, clid1010=2263185, clid1003=2315897, clid1002=2268488}, source=APP), candidates=[Candidate(clids={clid10=2263180, clid21=2251107, clid4=2066560, clid7=2041723, clid6=2041722, clid1=2041720, clid1010=2263185, clid1003=2315897, clid1002=2268488}, source=APP)])
04-19 16:02:07.294 22229 22245 W plugin:passport: Long monitor contention with owner binder:22229_3 (22248) at java.lang.Object sag.get()(SourceFile:68) waiters=0 in java.lang.Object sag.get() for 1.852s
04-19 16:02:07.324  4557  4599 I LocalCalendarAccessorIm: (REDACTED) getUpcomingEvents(%s, %s)
04-19 16:02:07.396 30407 30407 I ResourceOverlayService_0: waitAndQuit called
04-19 16:02:07.397 30407 30407 I ResourceOverlayService_0: activity user id 0 process id 0
04-19 16:02:07.401 22229 22248 W plugin:passport: Weak pointer dereference blocked for 11 milliseconds.
04-19 16:02:07.474 21948 22279 I ShortcutBadger: Checking if platform supports badge counters, attempt 1/3.
04-19 16:02:07.522 21948 22279 I ShortcutBadger: Badge counter is supported in this platform.
04-19 16:02:07.525 20891 20891 I BadgeCountReceiver: badge intent : Intent { act=android.intent.action.BADGE_COUNT_UPDATE flg=0x1000010 cmp=com.sec.android.provider.badge/.BadgeCountReceiver (has extras) }
04-19 16:02:07.526 20891 20891 I BadgeCountReceiver: packageName: ru.yandex.searchplugin, className: ru.yandex.searchplugin.MainActivity, count: 0
04-19 16:02:07.530  4066  4066 I BadgeCountUpdaterImpl: onChange
04-19 16:02:07.532  4066  4066 I BadgeCountUpdaterImpl: onChange
04-19 16:02:07.532 20891 20891 I BadgeProvider: sendNotify entered. [uri] : content://com.sec.badge/apps
04-19 16:02:07.532 20891 20891 I BadgeProvider: sendNotify, [notify] : null
04-19 16:02:07.535 20891 20891 I BadgeProvider: update, getCallingPackage() : com.sec.android.provider.badge
04-19 16:02:07.535 20891 20891 I BadgeProvider: update, [uri] : content://com.sec.badge/apps
04-19 16:02:07.535 20891 20891 I BadgeProvider: update, [uri.query] : null
04-19 16:02:07.535 20891 20891 I BadgeProvider: update, [BadgeCount] : badgecount=0
04-19 16:02:07.535 20891 20891 I BadgeProvider: update, [UpdateCount] : 1
04-19 16:02:07.547 20891 20891 I BadgeCountReceiver: badge intent : Intent { act=android.intent.action.BADGE_COUNT_UPDATE flg=0x1000010 cmp=com.sec.android.provider.badge/.BadgeCountReceiver (has extras) }
04-19 16:02:07.548 20891 20891 I BadgeCountReceiver: packageName: ru.yandex.searchplugin, className: ru.yandex.searchplugin.MainActivity, count: 0
04-19 16:02:07.552  4066  4066 I BadgeCountUpdaterImpl: onChange
04-19 16:02:07.569  4066  4066 I BadgeCountUpdaterImpl: onChange
04-19 16:02:07.576 20891 20891 I BadgeProvider: sendNotify entered. [uri] : content://com.sec.badge/apps
04-19 16:02:07.577 20891 20891 I BadgeProvider: sendNotify, [notify] : null
04-19 16:02:07.581 20891 20891 I BadgeProvider: update, getCallingPackage() : com.sec.android.provider.badge
04-19 16:02:07.581 20891 20891 I BadgeProvider: update, [uri] : content://com.sec.badge/apps
04-19 16:02:07.581 20891 20891 I BadgeProvider: update, [uri.query] : null
04-19 16:02:07.581 20891 20891 I BadgeProvider: update, [BadgeCount] : badgecount=0
04-19 16:02:07.581 20891 20891 I BadgeProvider: update, [UpdateCount] : 1
04-19 16:02:07.678 21948 22530 I chromium: [INFO:video_translation_component_installer.cc(186)] Expecting Video Translation component version: android_stable
04-19 16:02:07.689 21948 22294 I cr_BindingManager: Visible binding enabled: maxSize=-1
04-19 16:02:07.770  4066  4127 I BadgeCountUpdaterImpl: reload badge without refresh
04-19 16:02:07.774  5628  5714 W libprocessgroup: Failed to open /dev/blkio//cgroup.procs: No such file or directory
04-19 16:02:07.788 20891 20905 I BadgeProvider: query, [selection] : null
04-19 16:02:07.805  4066  4127 I BadgeCache: update cache : org.telegram.messenger user : UserHandle{0}  count : 0
04-19 16:02:07.807  4066  4127 I BadgeCache: update cache : com.vkontakte.android user : UserHandle{0}  count : 7
04-19 16:02:07.822  4066  4127 I BadgeCache: update cache : com.vkontakte.android user : UserHandle{0}  count : 1
04-19 16:02:07.824  4066  4127 I BadgeCache: add to cache : org.telegram.messengeruser : UserHandle{0}  count : 2
04-19 16:02:07.843  4066  4127 I BadgeCache: reloadBadge size : 2
04-19 16:02:07.857 22229 22244 W libc    : Access denied finding property "sys.perf.boostopt"
04-19 16:02:07.892 22182 22210 W rowser:passport: Long monitor contention with owner Thread-2 (22501) at pn mn.a()(SourceFile:13) waiters=0 in pn mn.a() for 168ms
04-19 16:02:07.938 21948 22281 E chromium: [ERROR:component_verifier.cc(100)] Could not read /data/user/0/ru.yandex.searchplugin/app_chromium/video_translation/23.4.13.0/video_banner
04-19 16:02:07.942  5628  8409 I ChimeraAggressivePolicyHandler: executePolicy() - triggerSource: TRIGGER_SOURCE_LMKD
04-19 16:02:07.943  5628  8409 I ChimeraAggressivePolicyHandler: memAvailable: 706000, memFreeTarget: 870400, releaseTarget:164400, protectedLruCount: 10
04-19 16:02:07.949 21948 22281 E chromium: [ERROR:component_verifier.cc(100)] Could not read /data/user/0/ru.yandex.searchplugin/app_chromium/video_translation/23.4.13.0/asr_subtitles
04-19 16:02:07.954 21948 22280 E chromium: [ERROR:component_verifier.cc(100)] Could not read /data/user/0/ru.yandex.searchplugin/app_chromium/video_translation/23.4.13.0/video_banner
04-19 16:02:07.961 21948 22281 E chromium: [ERROR:component_verifier.cc(100)] Could not read /data/user/0/ru.yandex.searchplugin/app_chromium/video_translation/23.4.13.0/asr_subtitles
04-19 16:02:07.977  5628  8409 I NSLocationMonitor: getGPSUsingApps() called
04-19 16:02:07.991  9284  9332 I NSLocationManager_FLP: getGPSUsingApps, NO_FREEZE={5013} / FREEZE={10234}
04-19 16:02:07.992  5628  5647 I system_server: Background young concurrent copying GC freed 493689(23MB) AllocSpace objects, 16(320KB) LOS objects, 17% free, 111MB/135MB, paused 352us,287us total 122.368ms
04-19 16:02:07.994  5628  5649 W System  : A resource failed to call close.
04-19 16:02:07.994  5224  5224 E audit   : type=1400 audit(1681912927.989:103222): avc:  denied  { read } for  pid=21948 comm="binder:21948_4" name="u:object_r:perf_prop:s0" dev="tmpfs" ino=16829 scontext=u:r:untrusted_app:s0:c222,c256,c512,c768 tcontext=u:object_r:perf_prop:s0 tclass=file permissive=0 SEPF_SM-A515F_13_0001 audit_filtered
04-19 16:02:07.994  5224  5224 E audit   : type=1300 audit(1681912927.989:103222): arch=c00000b7 syscall=56 success=no exit=-13 a0=ffffff9c a1=7d4623b2f8 a2=88000 a3=0 items=0 ppid=5250 pid=21948 auid=4294967295 uid=10222 gid=10222 euid=10222 suid=10222 fsuid=10222 egid=10222 sgid=10222 fsgid=10222 tty=(none) ses=4294967295 comm="binder:21948_4" exe="/system/bin/app_process64" subj=u:r:untrusted_app:s0:c222,c256,c512,c768 key=(null)
04-19 16:02:07.995 21948 22224 W libc    : Access denied finding property "sys.perf.boostopt"
04-19 16:02:07.995  5224  5224 E audit   : type=1327 audit(1681912927.989:103222): proctitle="ru.yandex.searchplugin"
04-19 16:02:08.004  5628  8409 I ChimeraAggressivePolicyHandler: Start doKill, protected policy: NORMAL
04-19 16:02:08.006 21948 22280 E chromium: [ERROR:component_verifier.cc(100)] Could not read /data/user/0/ru.yandex.searchplugin/app_chromium/video_translation/23.4.13.0/video_banner
04-19 16:02:08.006  5628  8409 I ChimeraAggressivePolicyHandler: kill complete: killed 0 apps, freed 0 KB
04-19 16:02:08.006  5628  8409 I ChimeraAggressivePolicyHandler: Start doKill, protected policy: HEAVY
04-19 16:02:08.007 21948 22281 E chromium: [ERROR:component_verifier.cc(100)] Could not read /data/user/0/ru.yandex.searchplugin/app_chromium/video_translation/23.4.13.0/asr_subtitles
04-19 16:02:08.009  5628  8409 I ChimeraAggressivePolicyHandler: kill complete: killed 0 apps, freed 0 KB
04-19 16:02:08.009  5628  8409 I ChimeraAggressivePolicyHandler: Skipped reason: LR, pids: 17564
04-19 16:02:08.009  5628  8409 I ChimeraAggressivePolicyHandler: Skipped reason: CA, pids: 18056 13194 20367 22421 22293 22295 21927 21928 22317 21948 14911 22093 22229 22375 20592 6649
04-19 16:02:08.009  5628  8409 I ChimeraAggressivePolicyHandler: Skipped reason: PE, pids: 8513 8962 7170 26179 8900 11012 9284 23109 27910 8840 6090 5900 4557 31118 8924 8989 22182 10919 6057 8940 22061 8815 23986 9524 8955 7867 5628 11006 31103
04-19 16:02:08.009  5628  8409 I ChimeraAggressivePolicyHandler: Skipped reason: IN, pids: 20465 31891 31931 30300 19806
04-19 16:02:08.009  5628  8409 I ChimeraAggressivePolicyHandler: Skipped reason: WA, pids: 15040
04-19 16:02:08.009  5628  8409 I ChimeraAggressivePolicyHandler: Skipped reason: SE, pids: 30722 19368 19163
04-19 16:02:08.009  5628  8409 I ChimeraAggressivePolicyHandler: Skipped reason: AD, pids: 31107 6159 31127 20891 16167 682 31148 31170 30407 30805 21461 21481 31086
04-19 16:02:08.009  5628  8409 I ChimeraAggressivePolicyHandler: Processing time(ms) 67
04-19 16:02:08.010 21948 22280 E chromium: [ERROR:component_verifier.cc(100)] Could not read /data/user/0/ru.yandex.searchplugin/app_chromium/video_translation/23.4.13.0/video_banner
04-19 16:02:08.015  5250  5250 I Zygote  : Process 21645 exited due to signal 9 (Killed)
04-19 16:02:08.022 21948 22281 E chromium: [ERROR:component_verifier.cc(100)] Could not read /data/user/0/ru.yandex.searchplugin/app_chromium/video_translation/23.4.13.0/asr_subtitles
04-19 16:02:08.095 22229 22671 W libc    : Access denied finding property "sys.perf.boostopt"
04-19 16:02:08.096  5224  5224 E audit   : type=1400 audit(1681912928.089:103223): avc:  denied  { read } for  pid=22229 comm="binder:22229_4" name="u:object_r:perf_prop:s0" dev="tmpfs" ino=16829 scontext=u:r:untrusted_app:s0:c222,c256,c512,c768 tcontext=u:object_r:perf_prop:s0 tclass=file permissive=0 SEPF_SM-A515F_13_0001 audit_filtered
04-19 16:02:08.100  5250  5250 I Zygote  : Process 19093 exited due to signal 9 (Killed)
04-19 16:02:08.161 22229 22674 W libc    : Access denied finding property "sys.perf.boostopt"
04-19 16:02:08.176 22061 22103 I AppMetrica-Attribution: Choosing distribution data: ClidsInfo(chosen=Candidate(clids={clid10=2263180, clid21=2251107, clid4=2066560, clid7=2041723, clid6=2041722, clid1=2041720, clid1010=2263185, clid1003=2315897, clid1002=2268488}, source=APP), candidates=[Candidate(clids={clid10=2263180, clid21=2251107, clid4=2066560, clid7=2041723, clid6=2041722, clid1=2041720, clid1010=2263185, clid1003=2315897, clid1002=2268488}, source=APP)])
04-19 16:02:08.255 21948 22082 I AppMetrica: Activate reporter with APIKey 9c5e85e6-xxxx-xxxx-xxxx-xxxxxxxx0a57
04-19 16:02:08.262 22093 22154 I AppMetrica-Attribution: Choosing distribution data: ClidsInfo(chosen=Candidate(clids={clid24=2305182, clid1=2207450, clid1010=2295103, clid2023=2395783, clid1003=2207452, clid1004=2207453, clid1002=2207451}, source=APP), candidates=[Candidate(clids={clid24=2305182, clid1=2207450, clid1010=2295103, clid2023=2395783, clid1003=2207452, clid1004=2207453, clid1002=2207451}, source=APP)])
04-19 16:02:08.285 21928 22554 I chromium: [INFO:video_translation_component_installer.cc(186)] Expecting Video Translation component version: android_stable
04-19 16:02:08.410 30407 30407 I ResourceOverlayService_0: waitAndQuit called
04-19 16:02:08.412 30407 30407 I ResourceOverlayService_0: activity user id 0 process id 0
04-19 16:02:08.324  4557 21681 I PCP.Calendar: (REDACTED) filterInvalidEvents pre-filter size=%s
04-19 16:02:08.515 21928 22255 E chromium: [ERROR:component_verifier.cc(100)] Could not read /data/user/0/com.yandex.browser/app_chromium/video_translation/23.4.13.0/video_banner
04-19 16:02:08.516 21928 22255 E chromium: [ERROR:component_verifier.cc(100)] Could not read /data/user/0/com.yandex.browser/app_chromium/video_translation/23.4.13.0/asr_subtitles
04-19 16:02:08.518 21928 22255 E chromium: [ERROR:component_verifier.cc(100)] Could not read /data/user/0/com.yandex.browser/app_chromium/video_translation/23.4.13.0/video_banner
04-19 16:02:08.519 21928 22272 E chromium: [ERROR:component_verifier.cc(100)] Could not read /data/user/0/com.yandex.browser/app_chromium/video_translation/23.4.13.0/asr_subtitles
04-19 16:02:08.532 21928 22259 E chromium: [ERROR:component_verifier.cc(100)] Could not read /data/user/0/com.yandex.browser/app_chromium/video_translation/23.4.13.0/video_banner
04-19 16:02:08.542  5628 11466 D PackageManager: setEnabledSetting : userId = 0 packageName = ru.yandex.searchplugin cmp = com.yandex.messaging.ShareAlias newState = 2 callingPackage = 10222/ru.yandex.searchplugin
04-19 16:02:08.565 21928 22255 E chromium: [ERROR:component_verifier.cc(100)] Could not read /data/user/0/com.yandex.browser/app_chromium/video_translation/23.4.13.0/asr_subtitles
04-19 16:02:08.571 21928 22285 I cr_BindingManager: Visible binding enabled: maxSize=-1
04-19 16:02:08.571 21928 22255 E chromium: [ERROR:component_verifier.cc(100)] Could not read /data/user/0/com.yandex.browser/app_chromium/video_translation/23.4.13.0/video_banner
04-19 16:02:08.575  5628  8566 D PackageManager: setEnabledSetting : userId = 0 packageName = ru.yandex.searchplugin cmp = com.yandex.messaging.DeepLinkActivityAlias newState = 2 callingPackage = 10222/ru.yandex.searchplugin
04-19 16:02:08.579  5628  9255 D PackageManager: setEnabledSetting : userId = 0 packageName = ru.yandex.searchplugin cmp = com.yandex.messaging.CallActivityAlias newState = 1 callingPackage = 10222/ru.yandex.searchplugin
04-19 16:02:08.580 21928 22255 E chromium: [ERROR:component_verifier.cc(100)] Could not read /data/user/0/com.yandex.browser/app_chromium/video_translation/23.4.13.0/asr_subtitles
04-19 16:02:08.581  5628  9255 D ApplicationPolicy: getApplicationStateEnabled : pkg = ru.yandex.searchplugin userId : 0
04-19 16:02:08.583  5628  9255 D ApplicationPolicy: getApplicationComponentState : pkg = ru.yandex.searchplugin userId : 0
04-19 16:02:08.586  5628 11466 D PackageManager: setEnabledSetting : userId = 0 packageName = ru.yandex.searchplugin cmp = com.yandex.messaging.InviteLinkProdTeamActivityAlias newState = 2 callingPackage = 10222/ru.yandex.searchplugin
04-19 16:02:08.588  5628  9255 D PackageManager: setEnabledSetting : userId = 0 packageName = ru.yandex.searchplugin cmp = com.yandex.messaging.InviteLinkProdActivityAlias newState = 2 callingPackage = 10222/ru.yandex.searchplugin
04-19 16:02:08.591  5628  9255 D PackageManager: setEnabledSetting : userId = 0 packageName = ru.yandex.searchplugin cmp = com.yandex.messaging.InviteLinkAlphaActivityAlias newState = 2 callingPackage = 10222/ru.yandex.searchplugin
04-19 16:02:08.845  4557 21681 I PCP.Calendar: (REDACTED) post-filter events size=%s
04-19 16:02:08.878  5250  5250 D Zygote  : Forked child process 22691
04-19 16:02:08.906 22691 22691 I .android.authfw: Using CollectorTypeCC GC.
04-19 16:02:08.915 22691 22691 E .android.authfw: Not starting debugger since process cannot load the jdwp agent.
04-19 16:02:08.928 22691 22691 W libc    : Access denied finding property "sys.perf.boostopt"
04-19 16:02:08.932 22691 22691 D ActivityThread: setConscryptValidator
04-19 16:02:08.933 22691 22691 D ActivityThread: setConscryptValidator - put
04-19 16:02:08.934 22691 22703 W libc    : Access denied finding property "sys.perf.boostopt"
04-19 16:02:08.958 22691 22691 D CompatibilityChangeReporter: Compat change id reported: 171979766; UID 5278; state: ENABLED
04-19 16:02:08.978 22691 22703 W libc    : Access denied finding property "sys.perf.boostopt"
04-19 16:02:09.125 21948 21948 W chromium: [WARNING:collections_blacklist_service.cc(115)] Config collections_blacklist ignored: blacklist_video_url_patterns key not found.
04-19 16:02:09.126 21948 21948 W chromium: [WARNING:collections_blacklist_service.cc(115)] Config collections_blacklist ignored: whitelist_video_url_patterns key not found.
04-19 16:02:09.126 21948 21948 W chromium: [WARNING:collections_blacklist_service.cc(184)] Config collections_blacklist ignored: blacklist_image_urls key not found.
04-19 16:02:09.374 22691 22691 I [AUTHFW][PASS]AuthFwApp:  onCreate
04-19 16:02:09.414 30407 30407 I ResourceOverlayService_0: waitAndQuit called
04-19 16:02:09.417 30407 30407 I ResourceOverlayService_0: activity user id 0 process id 0
04-19 16:02:09.453  5628  9811 D SemWifiUsabilityStatsMonitor: onWifiUsabilityStats - seqNum 36145, isSameBssidAndFreq true
04-19 16:02:09.458  5628  8422 I SemWifiLinkQualityMonitor: Link Qos Query: 0.019 ms / 414.958 Mbps (433 / 0.000 / 1.043)
04-19 16:02:09.766  5628  5714 W libprocessgroup: Failed to open /dev/blkio//cgroup.procs: No such file or directory
04-19 16:02:09.766  5628  5714 W libprocessgroup: Failed to open /dev/blkio//cgroup.procs: No such file or directory
04-19 16:02:09.767  5628  5714 W libprocessgroup: Failed to open /dev/blkio//cgroup.procs: No such file or directory
04-19 16:02:09.768  5628  5714 W libprocessgroup: Failed to open /dev/blkio//cgroup.procs: No such file or directory
04-19 16:02:10.224  5628  8457 D NetdEventListenerService: DNS Requested by : 128, 10271
04-19 16:02:10.225 21928 22255 D TrafficStats: tagSocket(205) with statsTag=0xffffffff, statsUid=-1
04-19 16:02:10.291  5224  5224 E audit   : type=1400 audit(1681912930.285:103228): avc:  denied  { read } for  pid=22093 comm="binder:22093_2" name="u:object_r:perf_prop:s0" dev="tmpfs" ino=16829 scontext=u:r:untrusted_app:s0:c222,c256,c512,c768 tcontext=u:object_r:perf_prop:s0 tclass=file permissive=0 SEPF_SM-A515F_13_0001 audit_filtered
04-19 16:02:10.291 22093 22121 W libc    : Access denied finding property "sys.perf.boostopt"
04-19 16:02:10.291  5224  5224 E audit   : type=1300 audit(1681912930.285:103228): arch=c00000b7 syscall=56 success=no exit=-13 a0=ffffff9c a1=7dd52042f8 a2=88000 a3=0 items=0 ppid=5250 pid=22093 auid=4294967295 uid=10222 gid=10222 euid=10222 suid=10222 fsuid=10222 egid=10222 sgid=10222 fsgid=10222 tty=(none) ses=4294967295 comm="binder:22093_2" exe="/system/bin/app_process64" subj=u:r:untrusted_app:s0:c222,c256,c512,c768 key=(null)
04-19 16:02:10.292  5224  5224 E audit   : type=1327 audit(1681912930.285:103228): proctitle="<pre-initialized>"
04-19 16:02:10.319  4557  4576 V ClearcutMetricXmitter: Transmission is done.
04-19 16:02:10.327 22093 22154 I AppMetrica-Attribution: Choosing distribution data: ClidsInfo(chosen=Candidate(clids={clid24=2305182, clid1=2207450, clid1010=2295103, clid2023=2395783, clid1003=2207452, clid1004=2207453, clid1002=2207451}, source=APP), candidates=[Candidate(clids={clid24=2305182, clid1=2207450, clid1010=2295103, clid2023=2395783, clid1003=2207452, clid1004=2207453, clid1002=2207451}, source=APP)])
04-19 16:02:10.381  5628  8566 D LocationManagerService: passive provider removed registration from 10222/ru.yandex.searchplugin/A8149125
04-19 16:02:10.381  5628  8566 D LocationManagerService: passive provider added registration from 10222/ru.yandex.searchplugin/A8149125 -> Request[PASSIVE, minUpdateInterval=+1s0ms, WorkSource{10222 ru.yandex.searchplugin}]
04-19 16:02:10.383 22093 22185 D [GplLibraryWrapper]: updateLastKnownLocation
04-19 16:02:10.384  9284  9353 E RequestManager_FLP: [LocationManager] Location remove A8149125 from ru.yandex.searchplugin
04-19 16:02:10.384  9284  9353 W LocationRequestData_FLP: Not registered using location provider, A8149125
04-19 16:02:10.386  9284  9353 E RequestManager_FLP: [LocationManager] Location request (NOT STARTED) A8149125(Listener) passive (min=1000ms) from ru.yandex.searchplugin (10222_FINE_perceptible_false_background)
04-19 16:02:10.392  5628  8566 W WifiService: Permission violation - getScanResults not allowed for uid=10222, packageName=ru.yandex.searchplugin, reason=java.lang.SecurityException: UID 10222 has no location permission
04-19 16:02:10.418 30407 30407 I ResourceOverlayService_0: waitAndQuit called
04-19 16:02:10.420 30407 30407 I ResourceOverlayService_0: activity user id 0 process id 0
04-19 16:02:10.482 22691 22691 I [AUTHFW][TZ]TzAppAsset: AFD
04-19 16:02:10.483 22691 22691 W [AUTHFW][TZ]TzAppAsset: getAssetFileDescriptor fails to openFd()
04-19 16:02:10.483 22691 22691 I [AUTHFW][TZ]TzAppAsset: Not found
04-19 16:02:10.483 22691 22691 I [AUTHFW][TZ]TzApp: APEX - apex
04-19 16:02:10.483 22691 22691 I [AUTHFW][TZ]TzApp: Start using TzAppApex as TzApp
04-19 16:02:10.526  5628  8566 D LocationManagerService: passive provider removed registration from 10222/ru.yandex.searchplugin/A8149125
04-19 16:02:10.526  5628  8566 D LocationManagerService: passive provider added registration from 10222/ru.yandex.searchplugin/A8149125 -> Request[PASSIVE, minUpdateInterval=+1s0ms, WorkSource{10222 ru.yandex.searchplugin}]
04-19 16:02:10.526  9284  9353 E RequestManager_FLP: [LocationManager] Location remove A8149125 from ru.yandex.searchplugin
04-19 16:02:10.526  9284  9353 W LocationRequestData_FLP: Not registered using location provider, A8149125
04-19 16:02:10.527  9284  9353 E RequestManager_FLP: [LocationManager] Location request (NOT STARTED) A8149125(Listener) passive (min=1000ms) from ru.yandex.searchplugin (10222_FINE_perceptible_false_background)
04-19 16:02:10.528 22093 22185 D [GplLibraryWrapper]: updateLastKnownLocation
04-19 16:02:10.528 22691 22691 I [PASS][SDK]SamsungPassService: initialize()
04-19 16:02:10.553 22691 22691 I [PASS][SDK]h: bind
04-19 16:02:10.553 22691 22727 I [AUTHFW][TZ]TzUtil: idt start
04-19 16:02:10.557 22093 22154 I AppMetrica-Attribution: Choosing distribution data: ClidsInfo(chosen=Candidate(clids={clid24=2305182, clid1=2207450, clid1010=2295103, clid2023=2395783, clid1003=2207452, clid1004=2207453, clid1002=2207451}, source=APP), candidates=[Candidate(clids={clid24=2305182, clid1=2207450, clid1010=2295103, clid2023=2395783, clid1003=2207452, clid1004=2207453, clid1002=2207451}, source=APP)])
04-19 16:02:10.566 22691 22727 I [AUTHFW][TZ]TzAppApex: FFD
04-19 16:02:10.573 14911 14911 I [PASS][PASS]PassService: onBind:SamsungPassService
04-19 16:02:10.589 22691 22691 I [AUTHFW][PASS]PassService: personaId : 0
04-19 16:02:10.593 22691 22727 I SAMgr_AM: ta is null
04-19 16:02:10.593  4377  4625 I servicemanager: Adding 'u:r:platform_app:s0:c512,c768' service (com.samsung.android.pass.IPassService:22691)
04-19 16:02:10.600 21948 22679 D ConnectivityManager: StackLog: [android.net.ConnectivityManager.sendRequestForNetwork(ConnectivityManager.java:4191)] [android.net.ConnectivityManager.registerDefaultNetworkCallbackForUid(ConnectivityManager.java:4755)] [android.net.ConnectivityManager.registerDefaultNetworkCallback(ConnectivityManager.java:4722)] [cfu.a(Unknown Source:0)] [dfu.<init>(SourceFile:15)] [qiz.get(SourceFile:36)] [sag.get(SourceFile:14)] [qh20.get(SourceFile:3)] [sag.get(SourceFile:14)] [e9m.get(SourceFile:12)] [ev9.get(SourceFile:11)] [qez.get(SourceFile:11)] [h83.get(SourceFile:11)] [did0.get(SourceFile:19)] [sag.get(SourceFile:14)] [d83.get(SourceFile:3)] [sag.get(SourceFile:14)] [t590.e(SourceFile:32)] [pg9.run(SourceFile:89)]
04-19 16:02:10.602  5628 11220 D ConnectivityService: requestNetwork for uid/pid:10222/21948 activeRequest: null callbackRequest: 28036 [NetworkRequest [ REQUEST id=28037, [ Capabilities: INTERNET&NOT_RESTRICTED&TRUSTED&NOT_VCN_MANAGED Uid: 10222 RequestorUid: 10222 RequestorPkg: ru.yandex.searchplugin UnderlyingNetworks: Null] ]] callback flags: 0 order: 2147483647
04-19 16:02:10.603  5628  8367 D ConnectivityService:    accepting network in place of null
04-19 16:02:10.605  5628  8356 D WifiNetworkFactory: got request NetworkRequest [ REQUEST id=28037, [ Capabilities: INTERNET&NOT_RESTRICTED&TRUSTED&NOT_VCN_MANAGED Uid: 10222 RequestorUid: 10222 RequestorPkg: ru.yandex.searchplugin UnderlyingNetworks: Null] ]
04-19 16:02:10.605  5628  8356 D UntrustedWifiNetworkFactory: got request NetworkRequest [ REQUEST id=28037, [ Capabilities: INTERNET&NOT_RESTRICTED&TRUSTED&NOT_VCN_MANAGED Uid: 10222 RequestorUid: 10222 RequestorPkg: ru.yandex.searchplugin UnderlyingNetworks: Null] ]
04-19 16:02:10.605  5628  8356 D OemPaidWifiNetworkFactory: got request NetworkRequest [ REQUEST id=28037, [ Capabilities: INTERNET&NOT_RESTRICTED&TRUSTED&NOT_VCN_MANAGED Uid: 10222 RequestorUid: 10222 RequestorPkg: ru.yandex.searchplugin UnderlyingNetworks: Null] ]
04-19 16:02:10.605  5628  8356 D MultiInternetWifiNetworkFactory: got request NetworkRequest [ REQUEST id=28037, [ Capabilities: INTERNET&NOT_RESTRICTED&TRUSTED&NOT_VCN_MANAGED Uid: 10222 RequestorUid: 10222 RequestorPkg: ru.yandex.searchplugin UnderlyingNetworks: Null] ]
04-19 16:02:10.609  5628  8367 D ConnectivityService: Rematched networks [computed 0ms] [applied 1ms] [issued 5]
04-19 16:02:10.609  5628  8367 D ConnectivityService: NetworkReassignment :
04-19 16:02:10.609  5628  8367 D ConnectivityService:   28037 : null → 128
04-19 16:02:10.618 22691 22691 I [AUTHFW][PASS]PassService: onBind:PassOperation
04-19 16:02:10.621 14911 14911 I [AUTHFW][PSDK]PassServiceConnection: onServiceConnected
04-19 16:02:10.621 14911 14911 I [PASS][SPASS]SPassApplication: pass connected
04-19 16:02:10.625 22691 22727 I android_os_HwBinder: HwBinder: Starting thread pool for getting: vendor.samsung.hardware.authfw@1.0::ISehAuthenticationFramework/default
04-19 16:02:10.652 22691 22691 I [PASS][SDK]h: onServiceConnected
04-19 16:02:10.652 22691 22691 I [AUTHFW][PASS]AuthFwApp: Samsung Pass Service is connected
04-19 16:02:10.751  5628 11466 D PackageManager: setEnabledSetting : userId = 0 packageName = com.google.android.googlequicksearchbox cmp = androidx.work.impl.background.systemalarm.RescheduleReceiver newState = 1 callingPackage = 10233/com.google.android.googlequicksearchbox
04-19 16:02:10.752  5628 11466 D ApplicationPolicy: getApplicationStateEnabled : pkg = com.google.android.googlequicksearchbox userId : 0
04-19 16:02:10.753  5628 11466 D ApplicationPolicy: getApplicationComponentState : pkg = com.google.android.googlequicksearchbox userId : 0
04-19 16:02:10.753 22229 22240 W plugin:passport: Suspending all threads took: 27.201ms
04-19 16:02:10.982  4557  4598 I WM-WorkerWrapper: Worker result SUCCESS for Work [ id=d71b07b1-5155-4c66-bd1e-9011672890bd, tags={ com.google.apps.tiktok.contrib.work.TikTokListenableWorker, TikTokWorker#com.google.android.apps.search.assistant.platform.pcp.featuredata.localcalendar.LocalCalendarUpdateWorker } ]
04-19 16:02:10.997  5628  8457 D NetdEventListenerService: DNS Requested by : 128, 10222
04-19 16:02:11.001 21948 22738 D TrafficStats: tagSocket(143) with statsTag=0xffffffff, statsUid=-1
04-19 16:02:11.080 13965 13965 I vendor.samsung.hardware.authfw@1.0-TlcProxyAuthnr: init
04-19 16:02:11.083  8513  8513 D InterruptionStateProvider: Group alert behavior is suppressed but we want to alert bubble
04-19 16:02:11.083  8513  8513 D InterruptionStateProvider: Group alert behavior is suppressed but we want to alert bubble
04-19 16:02:11.083  8513  8513 D InterruptionStateProvider: Group alert behavior is suppressed but we want to alert bubble
04-19 16:02:11.083  8513  8513 D InterruptionStateProvider: Group alert behavior is suppressed but we want to alert bubble
04-19 16:02:11.083  8513  8513 D InterruptionStateProvider: Group alert behavior is suppressed but we want to alert bubble
04-19 16:02:11.084  8513  8513 D InterruptionStateProvider: Group alert behavior is suppressed but we want to alert bubble
04-19 16:02:11.084  8513  8513 D InterruptionStateProvider: Group alert behavior is suppressed but we want to alert bubble
04-19 16:02:11.084  8513  8513 D InterruptionStateProvider: Group alert behavior is suppressed but we want to alert bubble
04-19 16:02:11.084  8513  8513 D InterruptionStateProvider: Group alert behavior is suppressed but we want to alert bubble
04-19 16:02:11.084  8513  8513 D InterruptionStateProvider: Group alert behavior is suppressed but we want to alert bubble
04-19 16:02:11.084  8513  8513 D InterruptionStateProvider: Group alert behavior is suppressed but we want to alert bubble
04-19 16:02:11.084  8513  8513 D InterruptionStateProvider: Group alert behavior is suppressed but we want to alert bubble
04-19 16:02:11.084  8513  8513 D InterruptionStateProvider: Group alert behavior is suppressed but we want to alert bubble
04-19 16:02:11.084  8513  8513 D InterruptionStateProvider: Group alert behavior is suppressed but we want to alert bubble
04-19 16:02:11.085  8513  8513 D InterruptionStateProvider: Group alert behavior is suppressed but we want to alert bubble
04-19 16:02:11.085  8513  8513 D InterruptionStateProvider: Group alert behavior is suppressed but we want to alert bubble
04-19 16:02:11.085  8513  8513 D InterruptionStateProvider: Group alert behavior is suppressed but we want to alert bubble
04-19 16:02:11.091  5628  5714 W libprocessgroup: Failed to open /dev/blkio//cgroup.procs: No such file or directory
04-19 16:02:11.096  5628  5714 W libprocessgroup: Failed to open /dev/blkio//cgroup.procs: No such file or directory
04-19 16:02:11.099  5628  5714 W libprocessgroup: Failed to open /dev/blkio//cgroup.procs: No such file or directory
04-19 16:02:11.101  8513  8513 D PluginInstanceManager: stopListening
04-19 16:02:11.102  5628  5714 W libprocessgroup: Failed to open /dev/blkio//cgroup.procs: No such file or directory
04-19 16:02:11.104  8513  8513 D PluginInstanceManager: startListening
04-19 16:02:11.104  8513  8613 D PluginInstanceManager: queryAll com.android.systemui.action.PLUGIN_NOTIFICATION_MENU_ROW
04-19 16:02:11.106  8513  8513 D PluginInstanceManager: stopListening
04-19 16:02:11.107  8513  8513 D PluginInstanceManager: startListening
04-19 16:02:11.109  8513  8513 D PluginInstanceManager: stopListening
04-19 16:02:11.110  8513  8513 D PluginInstanceManager: stopListening
04-19 16:02:11.110  8513  8513 D PluginInstanceManager: stopListening
04-19 16:02:11.111  8513  8513 D PluginInstanceManager: stopListening
04-19 16:02:11.112  8513  8513 D PluginInstanceManager: stopListening
04-19 16:02:11.112  8513  8513 D PluginInstanceManager: stopListening
04-19 16:02:11.113  8513  8513 D PluginInstanceManager: stopListening
04-19 16:02:11.114  8513  8513 D PluginInstanceManager: stopListening
04-19 16:02:11.114  8513  8513 D PluginInstanceManager: stopListening
04-19 16:02:11.115  8513  8513 D PluginInstanceManager: stopListening
04-19 16:02:11.116  8513  8513 D PluginInstanceManager: startListening
04-19 16:02:11.117  8513  8613 D PluginInstanceManager: Found 0 plugins
04-19 16:02:11.117  8513  8613 D PluginInstanceManager: queryAll com.android.systemui.action.PLUGIN_NOTIFICATION_MENU_ROW
04-19 16:02:11.119  8513  8513 D PluginInstanceManager: startListening
04-19 16:02:11.120  8513  8613 D PluginInstanceManager: Found 0 plugins
04-19 16:02:11.120  8513  8513 D PluginInstanceManager: startListening
04-19 16:02:11.121  8513  8613 D PluginInstanceManager: queryAll com.android.systemui.action.PLUGIN_NOTIFICATION_MENU_ROW
04-19 16:02:11.121  8513  8513 D PluginInstanceManager: startListening
04-19 16:02:11.122  8513  8513 D PluginInstanceManager: startListening
04-19 16:02:11.122  4066  4066 I Launcher.NotificationListener: onNotificationRankingUpdate : notification full refresh
04-19 16:02:11.123  4066  4066 I Launcher.NotificationListener: onNotificationFullRefresh
04-19 16:02:11.123  8513  8513 D PluginInstanceManager: startListening
04-19 16:02:11.124  8513  8513 D PluginInstanceManager: startListening
04-19 16:02:11.125  8513  8513 D PluginInstanceManager: startListening
04-19 16:02:11.126  8513  8513 D PluginInstanceManager: startListening
04-19 16:02:11.128  8513  8513 D PluginInstanceManager: startListening
04-19 16:02:11.129  4066  4066 I Launcher.NotificationListener: onNotificationRankingUpdate : notification full refresh
04-19 16:02:11.129  4066  4066 I Launcher.NotificationListener: onNotificationFullRefresh
04-19 16:02:11.132  8513  8613 D PluginInstanceManager: Found 0 plugins
04-19 16:02:11.132  8513  8613 D PluginInstanceManager: queryAll com.android.systemui.action.PLUGIN_NOTIFICATION_MENU_ROW
04-19 16:02:11.133  8513  8513 D PluginInstanceManager: stopListening
04-19 16:02:11.134  8513  8513 D PluginInstanceManager: startListening
04-19 16:02:11.137  8513  8513 D PluginInstanceManager: stopListening
04-19 16:02:11.137  8513  8513 D PluginInstanceManager: startListening
04-19 16:02:11.139  8513  8513 D PluginInstanceManager: stopListening
04-19 16:02:11.139  8513  8513 D PluginInstanceManager: startListening
04-19 16:02:11.141  8513  8613 D PluginInstanceManager: Found 0 plugins
04-19 16:02:11.142  8513  8613 D PluginInstanceManager: queryAll com.android.systemui.action.PLUGIN_NOTIFICATION_MENU_ROW
04-19 16:02:11.143  8513  8613 D PluginInstanceManager: Found 0 plugins
04-19 16:02:11.143  8513  8613 D PluginInstanceManager: queryAll com.android.systemui.action.PLUGIN_NOTIFICATION_MENU_ROW
04-19 16:02:11.145 13965 13965 I vendor.samsung.hardware.authfw@1.0-TlcProxyAuthnr: process
04-19 16:02:11.145 13965 13965 I tlcFidoAuthnr: process start.
04-19 16:02:11.145 13965 13965 I tlcFidoAuthnr: process start. state:1
04-19 16:02:11.145 13965 13965 I tlcFidoAuthnr: processPass start. state:2
04-19 16:02:11.145  8513  8613 D PluginInstanceManager: Found 0 plugins
04-19 16:02:11.145  8513  8613 D PluginInstanceManager: queryAll com.android.systemui.action.PLUGIN_NOTIFICATION_MENU_ROW
04-19 16:02:11.147  8513  8613 D PluginInstanceManager: Found 0 plugins
04-19 16:02:11.147  8513  8613 D PluginInstanceManager: queryAll com.android.systemui.action.PLUGIN_NOTIFICATION_MENU_ROW
04-19 16:02:11.148  8513  8613 D PluginInstanceManager: Found 0 plugins
04-19 16:02:11.148  8513  8613 D PluginInstanceManager: queryAll com.android.systemui.action.PLUGIN_NOTIFICATION_MENU_ROW
04-19 16:02:11.150  8513  8613 D PluginInstanceManager: Found 0 plugins
04-19 16:02:11.150  8513  8613 D PluginInstanceManager: queryAll com.android.systemui.action.PLUGIN_NOTIFICATION_MENU_ROW
04-19 16:02:11.151  8513  8613 D PluginInstanceManager: Found 0 plugins
04-19 16:02:11.151  8513  8613 D PluginInstanceManager: queryAll com.android.systemui.action.PLUGIN_NOTIFICATION_MENU_ROW
04-19 16:02:11.152  8513  8613 D PluginInstanceManager: Found 0 plugins
04-19 16:02:11.153  8513  8613 D PluginInstanceManager: queryAll com.android.systemui.action.PLUGIN_NOTIFICATION_MENU_ROW
04-19 16:02:11.161  8513  8613 D PluginInstanceManager: Found 0 plugins
04-19 16:02:11.161  8513  8613 D PluginInstanceManager: queryAll com.android.systemui.action.PLUGIN_NOTIFICATION_MENU_ROW
04-19 16:02:11.162 22691 22727 I SAMgr_HS: ret: true, 10
04-19 16:02:11.164 13965 13965 I vendor.samsung.hardware.authfw@1.0-TlcProxyAuthnr: terminate
04-19 16:02:11.164 13965 13965 I tlcFidoAuthnr: terminateFido start.
04-19 16:02:11.165 13965 13965 I tlcFidoAuthnr: terminateFido start. state:1
04-19 16:02:11.169 22691 22727 I [AUTHFW][TZ]TzUtil: nic is not supported on Q
04-19 16:02:11.169  8513  8613 D PluginInstanceManager: Found 0 plugins
04-19 16:02:11.169  8513  8613 D PluginInstanceManager: queryAll com.android.systemui.action.PLUGIN_NOTIFICATION_MENU_ROW
04-19 16:02:11.170  8513  8613 D PluginInstanceManager: Found 0 plugins
04-19 16:02:11.170  8513  8613 D PluginInstanceManager: queryAll com.android.systemui.action.PLUGIN_NOTIFICATION_MENU_ROW
04-19 16:02:11.171  8513  8613 D PluginInstanceManager: Found 0 plugins
04-19 16:02:11.184  8513  8513 I FaceWidgetPositionAlgorithm: getClockContainerHeight() supplier = 270, bottom margin = 0, real height = 333
04-19 16:02:11.184  8513  8513 I FaceWidgetPositionAlgorithm: getClockContainerHeight() supplier = 270, bottom margin = 63, real height = 333
04-19 16:02:11.184  8513  8513 I FaceWidgetPositionAlgorithm: getMediaContainerHeight() height = 0 container Visibility = 8, isValid = false, mIsDozing = false, fraction = 1.0, source = 0, target = 0
04-19 16:02:11.184  8513  8513 I FaceWidgetPositionAlgorithm: getMediaContainerHeight() supplier = 0
04-19 16:02:11.199  8513  8513 D PluginAODManager: onNotificationInfoUpdated() 0
