04-27 22:22:43.032  5878  6043 D Tile.WifiTile: handleUpdateState isTransient=false transientEnabling =false cb.isTransient=false state.state = 2 mStateBeforeClick.value =false enabled =true
04-27 22:22:43.584 21539 21549 I _benchmark.test: Background concurrent copying GC freed 1832247(38MB) AllocSpace objects, 0(0B) LOS objects, 41% free, 33MB/57MB, paused 209us,610us total 145.284ms
04-27 22:22:44.139 21539 21563 D Benchmark: timeNs[ 0:10]: 558721923 561332461 556406807 553719730 577125922 559384654 556755192 567796923 563342153 561725422
04-27 22:22:44.139 21539 21563 D Benchmark: timeNs[10:20]: 576961192 562786038 555788153 561269846 557947769 557938577 556720384 564321461 552951769 559357192
04-27 22:22:44.139 21539 21563 D Benchmark: timeNs[20:30]: 557643500 563907230 572840615 554001923 552743230 583009423 587443268 586774922 596576769 587601884
04-27 22:22:44.139 21539 21563 D Benchmark: timeNs[30:40]: 601652692 559407269 556107307 565539999 564532961 557429346 556354038 556793731 566848961 576162961
04-27 22:22:44.139 21539 21563 D Benchmark: timeNs[40:50]: 561490077 564761461 558835038 558887423 560123384 552837538 555246461 554270115 577265115 571126653
04-27 22:22:44.159 21539 21563 W _benchmark.test: Suspending all threads took: 19.443ms
04-27 22:22:44.264  6118  6654 D BluetoothAdapterService: getBondedDevices, remove custom devices:
04-27 22:22:46.048  5429  7411 D SemWifiUsabilityStatsMonitor: onWifiUsabilityStats - seqNum 6302, isSameBssidAndFreq true
04-27 22:22:46.050  5429  5717 I SemWifiLinkQualityMonitor: Link Qos Query: 0.111 ms / 72.000 Mbps (72 / 0.000 / 1.000)
04-27 22:22:46.055  5878  5878 D NetworkController.WifiSignalController: notifyListener: visible=true, connected=true, inetCondition=1, isDefault=true, wifiTestReported=true, receivedInetCondition=-1, hideDuringMobileSwitching=false
04-27 22:22:46.057  5878  6043 D Tile.WifiTile: handleUpdateState isTransient=false transientEnabling =false cb.isTransient=false state.state = 2 mStateBeforeClick.value =false enabled =true
04-27 22:22:46.340 21539 21563 W _benchmark.test: Suspending all threads took: 11.831ms
04-27 22:22:46.811  4899  4899 E audit   : type=1400 audit(1682626966.803:20084): avc:  denied  { getattr } for  pid=5429 comm="BinderProcsColl" path="/sys/kernel/debug/binder/proc/5429" dev="debugfs" ino=28624 scontext=u:r:system_server:s0 tcontext=u:object_r:sec_debugfs:s0 tclass=file permissive=0 SEPF_SM-A515F_13_0001 audit_filtered
04-27 22:22:46.811  4899  4899 E audit   : type=1300 audit(1682626966.803:20084): arch=c00000b7 syscall=79 success=no exit=-13 a0=ffffff9c a1=77702a64e0 a2=773f43b680 a3=0 items=0 ppid=4924 pid=5429 auid=4294967295 uid=1000 gid=1000 euid=1000 suid=1000 fsuid=1000 egid=1000 sgid=1000 fsgid=1000 tty=(none) ses=4294967295 comm="BinderProcsColl" exe="/system/bin/app_process64" subj=u:r:system_server:s0 key=(null)
04-27 22:22:46.811  4899  4899 E audit   : type=1327 audit(1682626966.803:20084): proctitle="system_server"
04-27 22:22:47.050  6865  8672 I ContactsProvider_EventLog: cp_s: [CONTACT con(156) dat(1077) acc({sim(3)=15, sec(6)=1, sim2(4)=1, google(2)=81, org.telegram.messenger(236)=99, com.whatsapp(14)=39}) calls([logtype:100 cnt:867, logtype:200 cnt:5, logtype:300 cnt:495, logtype:1000 cnt:608, logtype:1150 cnt:161]) Iso(RS) uId(0) ]
04-27 22:22:47.050  6865  8672 I ContactsProvider_EventLog: cp_s: [ agr({[2 ,2 ,14 ,236]=1, [2 ,14 ,236]=32, [3]=15, [14]=1, [4]=1, [2 ,14]=4, [2 ,2]=2, [2]=33, [6 ,14]=1, [2 ,236]=6, [236]=60}) ]
04-27 22:22:47.050  6865  8672 I ContactsProvider_EventLog: cp_s: [ cnt({acore(6865)=1}) ]
04-27 22:22:47.050  6865  8672 I ContactsProvider_EventLog: cp_s: [PROFILE con(1) dat(1) acc({vnd.sec.contact.phone=1}) ] [SAPROFILE ]
04-27 22:22:47.050  6865  8672 I ContactsProvider_EventLog: cp_s: [STATE R(T) ]
04-27 22:22:47.464 21539 21563 W _benchmark.test: Suspending all threads took: 15.205ms
04-27 22:22:47.478 21539 21563 W _benchmark.test: Suspending all threads took: 13.487ms
04-27 22:22:49.070  5429  7411 D SemWifiUsabilityStatsMonitor: onWifiUsabilityStats - seqNum 6303, isSameBssidAndFreq true
04-27 22:22:49.073  5429  5717 I SemWifiLinkQualityMonitor: Link Qos Query: 0.111 ms / 72.000 Mbps (72 / 0.000 / 1.000)
04-27 22:22:49.075  5878  5878 D NetworkController.WifiSignalController: notifyListener: visible=true, connected=true, inetCondition=1, isDefault=true, wifiTestReported=true, receivedInetCondition=-1, hideDuringMobileSwitching=false
04-27 22:22:49.079  5878  6043 D Tile.WifiTile: handleUpdateState isTransient=false transientEnabling =false cb.isTransient=false state.state = 2 mStateBeforeClick.value =false enabled =true
04-27 22:22:49.660 21539 21563 D Benchmark: allocationCount[ 0:10]: 8872477 8872480 8872482 8872481 8872479
04-27 22:22:49.660 21539 21563 D Benchmark: Set 21563 (Bench thread) to priority -8. Was -20, now -8
04-27 22:22:49.660 21539 21563 D Benchmark: Set 21548 (Jit) to priority 9. Was -15, now 9
04-27 22:22:49.660 21539 21563 D Benchmark: Warmup: t=17.419, iter=30, fastAvg=576294272, slowAvg=838837376
04-27 22:22:49.661 21539 21563 I PerfettoCapture: Stopping perfetto.
04-27 22:22:49.705 27290 27290 I perfetto:    perfetto_cmd.cc:1168 SIGINT/SIGTERM received: disabling tracing.
04-27 22:22:49.708 21539 21563 D Benchmark: kill -TERM command output -
04-27 22:22:49.725  5130  5130 I perfetto:  probes_producer.cc:396 Producer stop (id=497)
04-27 22:22:49.728  5130  5130 I perfetto:    ftrace_procfs.cc:342 disabled ftrace in /sys/kernel/tracing/
04-27 22:22:49.789  4389  4389 I hwservicemanager: getTransport: Cannot find entry android.hardware.atrace@1.0::IAtraceDevice/default in either framework or device VINTF manifest.
04-27 22:22:49.798  5130  5130 I perfetto:  probes_producer.cc:396 Producer stop (id=498)
04-27 22:22:49.800  5130  5130 I perfetto:  probes_producer.cc:396 Producer stop (id=499)
04-27 22:22:49.849 27290 27290 I perfetto:    perfetto_cmd.cc:1124 Trace written into the output file
04-27 22:22:49.854 21539 21563 I PerfettoCapture: Writing to /storage/emulated/0/Android/data/org.jetbrains.android_benchmark.test/cache/Wolf3dBenchmark_valueDouble_2023-04-27-20-22-49.perfetto-trace.
04-27 22:22:49.873  5131  5131 I perfetto: ng_service_impl.cc:2426 Tracing session 125 ended, total sessions:0
04-27 22:22:50.501 21539 21563 D Benchmark: Copying /storage/emulated/0/Android/data/org.jetbrains.android_benchmark.test/cache/Wolf3dBenchmark_valueDouble_2023-04-27-20-22-49.perfetto-trace to /sdcard/Android/media/org.jetbrains.android_benchmark.test/additional_test_output/Wolf3dBenchmark_valueDouble_2023-04-27-20-22-49.perfetto-trace
04-27 22:22:50.553  8350 26505 W MediaProvider: isAppCloneUserPair for user 0: false
04-27 22:22:50.605  5429  5831 D SyncManager: userId - 0 auto - true
04-27 22:22:51.122  5429  5488 W libprocessgroup: Failed to open /dev/blkio//cgroup.procs: No such file or directory
04-27 22:22:51.432 24151 24151 I SCS@AiSearch user 0: (ObserverWorker::AOSP_MP) [main] entering in startWork():
04-27 22:22:51.432 24151 24151 I SCS@AiSearch user 0: (BaseCollector::AOSP_MP) [main] entering in onChange():
04-27 22:22:51.434 24151 24224 I SCS@AiSearch user 0: (BaseCollector::AOSP_MP) [AOSP_MP-0] entering in collectChanges():
04-27 22:22:51.446  5429  5831 D PackageManager: setEnabledSetting : userId = 0 packageName = com.samsung.android.scs cmp = androidx.work.impl.background.systemalarm.RescheduleReceiver newState = 1 callingPackage = 10380/com.samsung.android.scs
04-27 22:22:51.451  5429  5831 D ApplicationPolicy: getApplicationStateEnabled : pkg = com.samsung.android.scs userId : 0
04-27 22:22:51.453  5429  5831 D ApplicationPolicy: getApplicationComponentState : pkg = com.samsung.android.scs userId : 0
04-27 22:22:51.573  5429  5488 W libprocessgroup: Failed to open /dev/blkio//cgroup.procs: No such file or directory
04-27 22:22:51.575  5429  5488 W libprocessgroup: Failed to open /dev/blkio//cgroup.procs: No such file or directory
04-27 22:22:51.583 24151 24224 I SCS@AiSearch user 0: (BaseCollector::AOSP_MP) fetchInternal values : maxSyncId: 1000008202 indexCount: 1705 sourceCount: 1705
04-27 22:22:51.597  6734 27362 I NetworkScheduler.Stats: Task com.google.android.gms/com.google.android.gms.ipa.base.IpaGcmTaskService started execution. cause:9 exec_start_elapsed_seconds: 36511 [CONTEXT service_id=218 ]
04-27 22:22:51.617  6734 24142 I NetworkScheduler.Stats: Task com.google.android.gms/com.google.android.gms.ipa.base.IpaGcmTaskService finished executing. cause:9 result: 1 elapsed_millis: 92 uptime_millis: 92 exec_start_elapsed_seconds: 36511 [CONTEXT service_id=218 ]
04-27 22:22:51.627  6734  6734 D BoundBrokerSvc: onBind: Intent { act=com.google.android.gms.scheduler.ACTION_PROXY_SCHEDULE dat=chimera-action:/... cmp=com.google.android.gms/.chimera.PersistentApiService }
04-27 22:22:51.627  6734  6734 D BoundBrokerSvc: Loading bound service for intent: Intent { act=com.google.android.gms.scheduler.ACTION_PROXY_SCHEDULE dat=chimera-action:/... cmp=com.google.android.gms/.chimera.PersistentApiService }
04-27 22:22:51.673 24151 24224 I SCS@AiSearch user 0: (IndexManager) [AOSP_MP-0] entering in addIndex():
04-27 22:22:51.677 24151 24224 I SCS@AiSearch user 0: (BaseCollector::AOSP_MP) fetch: fetching took  155 ms
04-27 22:22:51.677 24151 24224 I SCS@AiSearch user 0: (BaseCollector::AOSP_MP) fetchChanges: applied 0 items
04-27 22:22:51.678 24151 24224 I SCS@AiSearch user 0: (BaseCollector::AOSP_MP) Collect finished. Result: true
04-27 22:22:51.680 24151 24224 I SCS@AiSearch user 0: (BaseCollector::AOSP_MP) enqueue ObserverWorker name: com.sec.android.app.myfiles, policy: APPEND_OR_REPLACE
04-27 22:22:51.687 24151 24206 I WM-WorkerWrapper: Worker result SUCCESS for Work [ id=c859c866-7820-41fe-ac7b-7512fbf18873, tags={ com.sec.android.app.myfiles, com.samsung.android.scs.ai.search.data.collector.ObserverWorker } ]
04-27 22:22:51.713 22361 22361 I [PASS][CMN]DrawableCache: clearData LruCache[maxSize=32768,hits=0,misses=0,hitRate=0%]
04-27 22:22:51.715 24151 24151 I SCS@AiSearch user 0: (SearchProvider) onTrimMemory(): 40
04-27 22:22:51.826  5429  8526 D PackageManager: setEnabledSetting : userId = 0 packageName = com.samsung.android.scs cmp = androidx.work.impl.background.systemalarm.RescheduleReceiver newState = 1 callingPackage = 10380/com.samsung.android.scs
04-27 22:22:51.828  5429  8526 D ApplicationPolicy: getApplicationStateEnabled : pkg = com.samsung.android.scs userId : 0
04-27 22:22:51.830  5429  8526 D ApplicationPolicy: getApplicationComponentState : pkg = com.samsung.android.scs userId : 0
04-27 22:22:51.833  8350  8651 I FuseDaemon: Threshold exceeded - fadvising 67223552
04-27 22:22:51.833  8350  8651 I FuseDaemon: Threshold now 0
04-27 22:22:51.868 21539 21563 I Benchmark: Wolf3dBenchmark.valueDouble[Metric (timeNs) results: median 5.60696615E8, min 5.5274323E8, max 6.01652692E8, standardDeviation: 1.1736808642243443E7, Metric (allocationCount) results: median 8872480.0, min 8872477.0, max 8872482.0, standardDeviation: 1.9235384061671346]count=1
04-27 22:22:51.875 21539 21563 D Benchmark: writing results to /storage/emulated/0/Android/data/org.jetbrains.android_benchmark.test/cache/org.jetbrains.android_benchmark.test-benchmarkData.json
04-27 22:22:51.897 21539 21563 D Benchmark: Copying /storage/emulated/0/Android/data/org.jetbrains.android_benchmark.test/cache/org.jetbrains.android_benchmark.test-benchmarkData.json to /sdcard/Android/media/org.jetbrains.android_benchmark.test/additional_test_output/org.jetbrains.android_benchmark.test-benchmarkData.json
04-27 22:22:51.937  5429  8526 D SyncManager: userId - 0 auto - true
04-27 22:22:51.939  8350 27459 I MediaProvider: Deleted 1 0 0 0 0 0 0 items on external_primary due to org.jetbrains.android_benchmark.test
04-27 22:22:51.953  8350 27157 W MediaProvider: isAppCloneUserPair for user 0: false
04-27 22:22:51.983  5429  8526 D SyncManager: userId - 0 auto - true
04-27 22:22:51.987 21539 21563 I TestRunner: finished: valueDouble(org.jetbrains.android_benchmark.Wolf3dBenchmark)
