04-19 15:56:06.866 17564 17564 D InsetsController: onStateChanged: InsetsState: {mDisplayFrame=Rect(0, 0 - 1080, 2400), mDisplayCutout=DisplayCutout{insets=Rect(0, 88 - 0, 0) waterfall=Insets{left=0, top=0, right=0, bottom=0} boundingRect={Bounds=[Rect(0, 0 - 0, 0), Rect(512, 0 - 568, 88), Rect(0, 0 - 0, 0), Rect(0, 0 - 0, 0)]} cutoutPathParserInfo={CutoutPathParserInfo{displayWidth=1080 displayHeight=2400 physicalDisplayWidth=1080 physicalDisplayHeight=2400 density={2.625} cutoutSpec={M 0,0 M 0,12.25101276465640 a 10.60613009248640,10.60613009248640 0 1,0 0,21.21226018497290 a 10.60613009248640,10.60613009248640 0 1,0 0,-21.21226018497290 Z @dp} rotation={0} scale={1.0} physicalPixelDisplaySizeRatio={1.0}}}}, mRoundedCorners=RoundedCorners{[RoundedCorner{position=TopLeft, radius=84, center=Point(84, 84)}, RoundedCorner{position=TopRight, radius=84, center=Point(996, 84)}, RoundedCorner{position=BottomRight, radius=84, center=Point(996, 2316)}, RoundedCorner{position=BottomLeft, radius=84, center=Point(84, 2316)}]}  mRoundedCornerFrame=Rect(0, 0 - 1080, 2400), mPrivacyIndicatorBounds=PrivacyIndicatorBounds {static bounds=Rect(964, 0 - 1080, 88) rotation=0}, mSources= { InsetsSource: {mType=ITYPE_STATUS_BAR, mFrame=[0,0][1080,88], mVisible=false, mInsetsRoundedCornerFrame=false}, InsetsSource: {mType=ITYPE_NAVIGATION_BAR, mFrame=[0,2274][1080,2400], mVisible=true, mInsetsRoundedCornerFrame=false}, InsetsSource: {mType=ITYPE_LEFT_GESTURES, mFrame=[0,0][0,2400], mVisible=true, mInsetsRoundedCornerFrame=false}, InsetsSource: {mType=ITYPE_RIGHT_GESTURES, mFrame=[1080,0][1080,2400], mVisible=true, mInsetsRoundedCornerFrame=false}, InsetsSource: {mType=ITYPE_TOP_MANDATORY_GESTURES, mFrame=[0,0][1080,120], mVisible=true, mInsetsRoundedCornerFrame=false}, InsetsSource: {mType=ITYPE_BOTTOM_MANDATORY_GESTURES, mFrame=[0,2274][1080,2400], mVisible=true, mInsetsRoundedCornerFrame=false}, InsetsSource: {mType=ITYPE_LEFT_DISPLAY_CUTOUT, mFrame=[0,0][-100000,2400], mVisible=true, mInsetsRoundedCornerFrame=false}, InsetsSource: {mType=ITYPE_TOP_DISPLAY_CUTOUT, mFrame=[0,0][1080,88], mVisible=true, mInsetsRoundedCornerFrame=false}, InsetsSource: {mType=ITYPE_RIGHT_DISPLAY_CUTOUT, mFrame=[100000,0][1080,2400], mVisible=true, mInsetsRoundedCornerFrame=false}, InsetsSource: {mType=ITYPE_BOTTOM_DISPLAY_CUTOUT, mFrame=[0,100000][1080,2400], mVisible=true, mInsetsRoundedCornerFrame=false}, InsetsSource: {mType=ITYPE_TOP_TAPPABLE_ELEMENT, mFrame=[0,0][1080,88], mVisible=true, mInsetsRoundedCornerFrame=false}, InsetsSource: {mType=ITYPE_BOTTOM_TAPPABLE_ELEMENT, mFrame=[0,2274][1080,2400], mVisible=true, mInsetsRoundedCornerFrame=false}, InsetsSource: {mType=ITYPE_IME, mFrame=[0,0][0,0], mVisibleFrame=[0,2274][1080,2400], mVisible=false, mInsetsRoundedCornerFrame=false} } host=org.jetbrains.android_benchmark.test/androidx.benchmark.IsolationActivity from=android.view.ViewRootImpl$ViewRootHandler.handleMessageImpl:6727
04-19 15:56:06.866 17564 17564 I ViewRootImpl@8fe1f7e[IsolationActivity]: handleResized, msg = 4 frames=ClientWindowFrames{frame=[0,88][1080,2400] display=[0,88][1080,2400] parentFrame=[0,0][0,0] parentClippedByDisplayCutout=false} forceNextWindowRelayout=false displayId=0 resizeMode=-1 frameChanged=false displayFrameChanged=false configChanged=false displayChanged=false
04-19 15:56:06.867  5331  5331 D SurfaceFlinger: Display 0 HWC layers:
04-19 15:56:06.867  5331  5331 D SurfaceFlinger:  SOLID_COLOR |              | 0000 |  Unknown  |    0.0    0.0    0.0    0.0 |    0    0 1080   88 | Letterbox - top#19345
04-19 15:56:06.867  5331  5331 D SurfaceFlinger:      DEVICE | 0x79aa45dc40 | 0102 | RGBA_8888    |    0.0    0.0 1080.0 2312.0 |    0   88 1080 2400 | org.jetbrains.android_benchmark.test[...]hmark.IsolationActivity$_17564#19341
04-19 15:56:06.867  5331  5331 D SurfaceFlinger:      DEVICE | 0x79c63ef680 | 0100 | RGBA_8888    |  810.0  452.0  975.0  617.0 |  810  452  975  617 | FreeformContainer$_8492#19256
04-19 15:56:06.867  5331  5331 D SurfaceFlinger:      DEVICE | 0x79c63f1340 | 0100 | RGBA_8888    |    0.0    0.0 1080.0  126.0 |    0 2274 1080 2400 | NavigationBar0$_8513#92
04-19 15:56:06.867  5331  5331 D SurfaceFlinger:      DEVICE | 0x79c7ec87c0 | 0140 | RGBA_8888    |    0.0    0.0 1080.0  100.0 |    0    0 1080  100 | ScreenDecorOverlay$_8513#6827
04-19 15:56:06.867  5331  5331 D SurfaceFlinger:      DEVICE | 0x79a9f42580 | 0140 | RGBA_8888    |    0.0    0.0 1080.0  100.0 |    0 2300 1080 2400 | ScreenDecorOverlayBottom$_8513#6828
04-19 15:56:06.867  5331  5331 D SurfaceFlinger:
04-19 15:56:06.869  8513  8513 V SecQsTransitionAnimator: restorePanelView
04-19 15:56:06.869  8513  8513 D MultiSIMPreferredSlotBar: setExpanded : false mShowing : true
04-19 15:56:06.869  8513  8513 D MultiSIMController: unRegisterSimCardManagerCallback : mSimCardManagerService is null
04-19 15:56:06.869  8513  8513 V SecQsTransitionAnimator: restorePanelView
04-19 15:56:06.869  8513  8513 D MultiSIMPreferredSlotBar: setExpanded : false mShowing : true
04-19 15:56:06.869  8513  8513 D MultiSIMController: unRegisterSimCardManagerCallback : mSimCardManagerService is null
04-19 15:56:06.869  8513  8513 D MultiSIMPreferredSlotBar: setExpanded : false mShowing : true
04-19 15:56:06.869  8513  8513 D MultiSIMController: unRegisterSimCardManagerCallback : mSimCardManagerService is null
04-19 15:56:06.870  8513  8513 D KeyguardTouchAnimator: reset unlockExecuted=false
04-19 15:56:06.870  8513  8513 D KeyguardEditModeAnimatorController: reset false
04-19 15:56:06.870  8492  8508 I ViewRootImpl@da2db48[FreeformContainer]: Resizing android.view.ViewRootImpl@cae63f4: frame = [0,0][1080,2400] reportDraw = false forceLayout = false syncSeqId = 0
04-19 15:56:06.870  8513  8513 D KeyguardEditModeAnimatorController: long pressed false
04-19 15:56:06.870  8513  8513 D KeyguardEditModeAnimatorController: resetViews
04-19 15:56:06.870  8513  8513 D KeyguardEditModeController: cancel() true
04-19 15:56:06.870  8513  8513 D KeyguardTouchAnimator: resetChildViewVI(): false
04-19 15:56:06.870  8513  8513 D KeyguardTouchDymLockInjector: resetDynamicLock mIsDynamicLockEnabled: false
04-19 15:56:06.872  8513 10475 I ViewRootImpl@16ee4ad[NavigationBar0]: Resizing android.view.ViewRootImpl@534bc2e: frame = [0,2274][1080,2400] reportDraw = false forceLayout = false syncSeqId = 88
04-19 15:56:06.874  8513  9392 I ViewRootImpl@814549e[ScreenDecorOverlayBottom]: Resizing android.view.ViewRootImpl@3ad309b: frame = [0,2300][1080,2400] reportDraw = false forceLayout = false syncSeqId = 174
04-19 15:56:06.876  8513  9595 I ViewRootImpl@814549e[ScreenDecorOverlayBottom]: handleResized, msg = 4 frames=ClientWindowFrames{frame=[0,2300][1080,2400] display=[0,0][1080,2400] parentFrame=[0,0][0,0] parentClippedByDisplayCutout=false} forceNextWindowRelayout=false displayId=0 resizeMode=-1 frameChanged=false displayFrameChanged=false configChanged=false displayChanged=false
04-19 15:56:06.876  8513  8513 D CentralSurfaces: Received new disable state: enaihbcrsokt.qingr (unchanged)
04-19 15:56:06.877  8513 10475 I ViewRootImpl@11d6108[ScreenDecorOverlay]: Resizing android.view.ViewRootImpl@95de023: frame = [0,0][1080,100] reportDraw = false forceLayout = false syncSeqId = 173
04-19 15:56:06.878  8513  9595 I ViewRootImpl@11d6108[ScreenDecorOverlay]: handleResized, msg = 4 frames=ClientWindowFrames{frame=[0,0][1080,100] display=[0,0][1080,2400] parentFrame=[0,0][0,0] parentClippedByDisplayCutout=false} forceNextWindowRelayout=false displayId=0 resizeMode=-1 frameChanged=false displayFrameChanged=false configChanged=false displayChanged=false
04-19 15:56:06.883  8492  8568 D InsetsController: onStateChanged: InsetsState: {mDisplayFrame=Rect(0, 0 - 1080, 2400), mDisplayCutout=DisplayCutout{insets=Rect(0, 88 - 0, 0) waterfall=Insets{left=0, top=0, right=0, bottom=0} boundingRect={Bounds=[Rect(0, 0 - 0, 0), Rect(512, 0 - 568, 88), Rect(0, 0 - 0, 0), Rect(0, 0 - 0, 0)]} cutoutPathParserInfo={CutoutPathParserInfo{displayWidth=1080 displayHeight=2400 physicalDisplayWidth=1080 physicalDisplayHeight=2400 density={2.625} cutoutSpec={M 0,0 M 0,12.25101276465640 a 10.60613009248640,10.60613009248640 0 1,0 0,21.21226018497290 a 10.60613009248640,10.60613009248640 0 1,0 0,-21.21226018497290 Z @dp} rotation={0} scale={1.0} physicalPixelDisplaySizeRatio={1.0}}}}, mRoundedCorners=RoundedCorners{[RoundedCorner{position=TopLeft, radius=84, center=Point(84, 84)}, RoundedCorner{position=TopRight, radius=84, center=Point(996, 84)}, RoundedCorner{position=BottomRight, radius=84, center=Point(996, 2316)}, RoundedCorner{position=BottomLeft, radius=84, center=Point(84, 2316)}]}  mRoundedCornerFrame=Rect(0, 0 - 0, 0), mPrivacyIndicatorBounds=PrivacyIndicatorBounds {static bounds=Rect(964, 0 - 1080, 88) rotation=0}, mSources= { InsetsSource: {mType=ITYPE_STATUS_BAR, mFrame=[0,0][1080,88], mVisible=false, mInsetsRoundedCornerFrame=false}, InsetsSource: {mType=ITYPE_NAVIGATION_BAR, mFrame=[0,2274][1080,2400], mVisible=true, mInsetsRoundedCornerFrame=false}, InsetsSource: {mType=ITYPE_LEFT_GESTURES, mFrame=[0,0][0,2400], mVisible=true, mInsetsRoundedCornerFrame=false}, InsetsSource: {mType=ITYPE_RIGHT_GESTURES, mFrame=[1080,0][1080,2400], mVisible=true, mInsetsRoundedCornerFrame=false}, InsetsSource: {mType=ITYPE_TOP_MANDATORY_GESTURES, mFrame=[0,0][1080,120], mVisible=true, mInsetsRoundedCornerFrame=false}, InsetsSource: {mType=ITYPE_BOTTOM_MANDATORY_GESTURES, mFrame=[0,2274][1080,2400], mVisible=true, mInsetsRoundedCornerFrame=false}, InsetsSource: {mType=ITYPE_LEFT_DISPLAY_CUTOUT, mFrame=[0,0][-100000,2400], mVisible=true, mInsetsRoundedCornerFrame=false}, InsetsSource: {mType=ITYPE_TOP_DISPLAY_CUTOUT, mFrame=[0,0][1080,88], mVisible=true, mInsetsRoundedCornerFrame=false}, InsetsSource: {mType=ITYPE_RIGHT_DISPLAY_CUTOUT, mFrame=[100000,0][1080,2400], mVisible=true, mInsetsRoundedCornerFrame=false}, InsetsSource: {mType=ITYPE_BOTTOM_DISPLAY_CUTOUT, mFrame=[0,100000][1080,2400], mVisible=true, mInsetsRoundedCornerFrame=false}, InsetsSource: {mType=ITYPE_TOP_TAPPABLE_ELEMENT, mFrame=[0,0][1080,88], mVisible=true, mInsetsRoundedCornerFrame=false}, InsetsSource: {mType=ITYPE_BOTTOM_TAPPABLE_ELEMENT, mFrame=[0,2274][1080,2400], mVisible=true, mInsetsRoundedCornerFrame=false} } host=FreeformContainer from=android.view.ViewRootImpl$ViewRootHandler.handleMessageImpl:6727
04-19 15:56:06.889  5628  5696 D SurfaceControl: applyGlobalTransaction called, mName=finishDrawing_syncId(116)_StatusBar
04-19 15:56:06.897 17649 17690 E FA      : Name is too long. Type, maximum supported length, name: user property, 24, mband_21291_switch_authorized_zone
04-19 15:56:06.898  8513  8513 I ViewRootImpl@16ee4ad[NavigationBar0]: handleResized, msg = 4 frames=ClientWindowFrames{frame=[0,2274][1080,2400] display=[0,0][1080,2400] parentFrame=[0,0][0,0] parentClippedByDisplayCutout=false} forceNextWindowRelayout=false displayId=0 resizeMode=-1 frameChanged=false displayFrameChanged=false configChanged=false displayChanged=false
04-19 15:56:06.899  8492  8568 I ViewRootImpl@da2db48[FreeformContainer]: handleResized, msg = 4 frames=ClientWindowFrames{frame=[0,0][1080,2400] display=[-100000,-100000][100000,100000] parentFrame=[0,0][0,0] parentClippedByDisplayCutout=false} forceNextWindowRelayout=false displayId=0 resizeMode=-1 frameChanged=false displayFrameChanged=false configChanged=false displayChanged=false
04-19 15:56:06.905 17649 17824 D CompatibilityChangeReporter: Compat change id reported: 160794467; UID 10405; state: ENABLED
04-19 15:56:06.917  8492  8568 I FreeformContainer: [ContainerView] scalePointerPosition, new position=(810.5,452.5) scale=(1.0,1.0)
04-19 15:56:06.918  5628  8965 D PackageManager: setEnabledSetting : userId = 0 packageName = com.idamob.tinkoff.android cmp = ru.tinkoff.mb.feature.auth.ui.partner.PartnerAuthActivity newState = 1 callingPackage = 10405/com.idamob.tinkoff.android
04-19 15:56:06.919  5628  8965 D ApplicationPolicy: getApplicationStateEnabled : pkg = com.idamob.tinkoff.android userId : 0
04-19 15:56:06.920  5628  8965 D ApplicationPolicy: getApplicationComponentState : pkg = com.idamob.tinkoff.android userId : 0
04-19 15:56:06.993 17649 17789 D CompatibilityChangeReporter: Compat change id reported: 170188668; UID 10405; state: ENABLED
04-19 15:56:07.090 17649 17649 I Choreographer: Skipped 80 frames!  The application may be doing too much work on its main thread.
04-19 15:56:07.352 17763 17763 I FirebaseApp: Device unlocked: initializing all Firebase APIs for app [DEFAULT]
04-19 15:56:07.375  5250  5250 D Zygote  : Forked child process 17898
04-19 15:56:07.384 17763 17763 I FirebaseCrashlytics: Initializing Crashlytics 17.2.1
04-19 15:56:07.391 17649 17780 W tinkoff.android: Long monitor contention with owner RxCachedThreadScheduler-8 (17810) at java.lang.Object l85.c.load()(SourceFile:13) waiters=0 in java.lang.Object l85.c.load() for 550ms
04-19 15:56:07.394  5628  8422 I SemWifiLinkQualityMonitor: Link Qos Query: 0.019 ms / 422.930 Mbps (433 / 0.000 / 1.024)
04-19 15:56:07.396  5628  9811 D SemWifiUsabilityStatsMonitor: onWifiUsabilityStats - seqNum 36026, isSameBssidAndFreq true
04-19 15:56:07.415  5628  8457 D NetdEventListenerService: DNS Requested by : 128, 10405
04-19 15:56:07.421  5628  8457 D NetdEventListenerService: DNS Requested by : 128, 10405
04-19 15:56:07.439 17649 17789 D TrafficStats: tagSocket(123) with statsTag=0xffffffff, statsUid=-1
04-19 15:56:07.439 17898 17898 I microsoft.todos: Using CollectorTypeCC GC.
04-19 15:56:07.441 17649 17780 D TrafficStats: tagSocket(126) with statsTag=0xffffffff, statsUid=-1
04-19 15:56:07.453 17898 17898 E microsoft.todos: Not starting debugger since process cannot load the jdwp agent.
04-19 15:56:07.459  5628  8457 D NetdEventListenerService: DNS Requested by : 128, 10405
04-19 15:56:07.461 17649 17818 D TrafficStats: tagSocket(124) with statsTag=0xffffffff, statsUid=-1
04-19 15:56:07.469  4557  4557 I A       : LocalCalendarUpdateWorker#startWork
04-19 15:56:07.472  5224  5224 E audit   : type=1400 audit(1681912567.465:103024): avc:  denied  { read } for  pid=17898 comm="microsoft.todos" name="u:object_r:perf_prop:s0" dev="tmpfs" ino=16829 scontext=u:r:untrusted_app:s0:c16,c256,c512,c768 tcontext=u:object_r:perf_prop:s0 tclass=file permissive=0 SEPF_SM-A515F_13_0001 audit_filtered
04-19 15:56:07.472 17898 17898 W libc    : Access denied finding property "sys.perf.boostopt"
04-19 15:56:07.472  5224  5224 E audit   : type=1300 audit(1681912567.465:103024): arch=c00000b7 syscall=56 success=no exit=-13 a0=ffffff9c a1=7ffbc769b8 a2=88000 a3=0 items=0 ppid=5250 pid=17898 auid=4294967295 uid=10016 gid=10016 euid=10016 suid=10016 fsuid=10016 egid=10016 sgid=10016 fsgid=10016 tty=(none) ses=4294967295 comm="microsoft.todos" exe="/system/bin/app_process64" subj=u:r:untrusted_app:s0:c16,c256,c512,c768 key=(null)
04-19 15:56:07.472  5224  5224 E audit   : type=1327 audit(1681912567.465:103024): proctitle="zygote64"
04-19 15:56:07.479 17898 17898 D ActivityThread: setConscryptValidator
04-19 15:56:07.479 17898 17898 D ActivityThread: setConscryptValidator - put
04-19 15:56:07.482 17898 17941 W libc    : Access denied finding property "sys.perf.boostopt"
04-19 15:56:07.484  5224  5224 E audit   : type=1400 audit(1681912567.477:103025): avc:  denied  { read } for  pid=17898 comm="binder:17898_1" name="u:object_r:perf_prop:s0" dev="tmpfs" ino=16829 scontext=u:r:untrusted_app:s0:c16,c256,c512,c768 tcontext=u:object_r:perf_prop:s0 tclass=file permissive=0 SEPF_SM-A515F_13_0001 audit_filtered
04-19 15:56:07.525 17898 17941 W libc    : Access denied finding property "sys.perf.boostopt"
04-19 15:56:07.530 17649 17949 D TrafficStats: tagSocket(113) with statsTag=0xffffffff, statsUid=-1
04-19 15:56:07.548 17898 17898 D CompatibilityChangeReporter: Compat change id reported: 171979766; UID 10016; state: ENABLED
04-19 15:56:07.632  5628  8409 I ChimeraAggressivePolicyHandler: executePolicy() - triggerSource: TRIGGER_SOURCE_LMKD
04-19 15:56:07.634  5628  8409 I ChimeraAggressivePolicyHandler: memAvailable: 739760, memFreeTarget: 870400, releaseTarget:130640, protectedLruCount: 10
04-19 15:56:07.711  5628  8409 I NSLocationMonitor: getGPSUsingApps() called
04-19 15:56:07.726  9284  9332 I NSLocationManager_FLP: getGPSUsingApps, NO_FREEZE={5013} / FREEZE={10234}
04-19 15:56:07.735  5628  8409 I ChimeraAggressivePolicyHandler: Start doKill, protected policy: HEAVY
04-19 15:56:07.738  5628  8409 I ChimeraAggressivePolicyHandler: kill complete: killed 0 apps, freed 0 KB
04-19 15:56:07.738  5628  8409 I ChimeraAggressivePolicyHandler: Skipped reason: LR, pids: 17564
04-19 15:56:07.738  5628  8409 I ChimeraAggressivePolicyHandler: Skipped reason: CA, pids: 7170 13194 16531 14107 17180 17445 17467 16702 14911 17351 16331 16589 16593 17111 16094 16231 17257 17391 6649 17021 17022
04-19 15:56:07.738  5628  8409 I ChimeraAggressivePolicyHandler: Skipped reason: PE, pids: 8513 8962 26179 8900 11012 9284 23109 27910 8840 6090 5900 4557 10317 31118 8924 8989 17763 10919 6057 8940 4141 8815 17649 23986 9524 8955 7867 5628 11006 31103
04-19 15:56:07.738  5628  8409 I ChimeraAggressivePolicyHandler: Skipped reason: IN, pids: 32131 31891 31931 30300
04-19 15:56:07.738  5628  8409 I ChimeraAggressivePolicyHandler: Skipped reason: WA, pids: 15040
04-19 15:56:07.738  5628  8409 I ChimeraAggressivePolicyHandler: Skipped reason: SE, pids: 15392 30722 19368 19163
04-19 15:56:07.738  5628  8409 I ChimeraAggressivePolicyHandler: Skipped reason: AD, pids: 31107 15498 6159 31127 16167 682 31148 17079 16314 31170 30407 30805 17110 17898 31086
04-19 15:56:07.738  5628  8409 I ChimeraAggressivePolicyHandler: Processing time(ms) 106
04-19 15:56:07.767 17898 17898 D nativeloader: Configuring classloader-namespace for other apk /data/app/~~6P4_TctnFs_Ruq9Ee84cww==/com.microsoft.todos-JwwOpq3l_ln_5efA9M6lGQ==/base.apk. target_sdk_version=32, uses_libraries=, library_path=/data/app/~~6P4_TctnFs_Ruq9Ee84cww==/com.microsoft.todos-JwwOpq3l_ln_5efA9M6lGQ==/lib/arm64:/data/app/~~6P4_TctnFs_Ruq9Ee84cww==/com.microsoft.todos-JwwOpq3l_ln_5efA9M6lGQ==/base.apk!/lib/arm64-v8a, permitted_path=/data:/mnt/expand:/data/user/0/com.microsoft.todos
04-19 15:56:07.792 30407 30407 I ResourceOverlayService_0: waitAndQuit called
04-19 15:56:07.795 30407 30407 I ResourceOverlayService_0: activity user id 0 process id 0
04-19 15:56:07.796 17649 17949 D TrafficStats: tagSocket(133) with statsTag=0xffffffff, statsUid=-1
04-19 15:56:07.958  4557  4598 I LocalCalendarAccessorIm: (REDACTED) getUpcomingEvents(%s, %s)
04-19 15:56:07.983 17898 17898 V GraphicsEnvironment: ANGLE Developer option for 'com.microsoft.todos' set to: 'default'
04-19 15:56:07.984 17898 17898 V GraphicsEnvironment: ANGLE GameManagerService for com.microsoft.todos: false
04-19 15:56:07.985 17898 17898 V GraphicsEnvironment: Neither updatable production driver nor prerelease driver is supported.
04-19 15:56:08.024  5628  5712 I libprocessgroup: Successfully killed process cgroup uid 5278 pid 16531 in 0ms
04-19 15:56:08.066  5628 11254 D PackageManager: setEnabledSetting : userId = 0 packageName = com.aura.oobe.samsung.gl cmp = com.ironsource.aura.ams.ui.PreInstallDialogActivity newState = 2 callingPackage = 10053/com.aura.oobe.samsung.gl
04-19 15:56:08.073  4377  5719 I servicemanager: 'com.samsung.android.pass.IPassService' died
04-19 15:56:08.073  5250  5250 I Zygote  : Process 16531 exited due to signal 9 (Killed)
04-19 15:56:08.083 14911 14911 I [AUTHFW][PSDK]PassServiceConnection: onServiceDisconnected
04-19 15:56:08.100 14911 14911 I [PASS][SPASS]SPassApplication: pass disconnected
04-19 15:56:08.109 17898 17898 D NetworkSecurityConfig: No Network Security Config specified, using platform default
04-19 15:56:08.189 17763 17777 W libc    : Access denied finding property "sys.perf.boostopt"
04-19 15:56:08.597 17898 17898 D NetworkSecurityConfig: No Network Security Config specified, using platform default
04-19 15:56:08.746 17649 18005 D TrafficStats: tagSocket(125) with statsTag=0xd83ddc19, statsUid=-1
04-19 15:56:08.746  5628  8457 D NetdEventListenerService: DNS Requested by : 128, 10405
04-19 15:56:08.796 30407 30407 I ResourceOverlayService_0: waitAndQuit called
04-19 15:56:08.800 30407 30407 I ResourceOverlayService_0: activity user id 0 process id 0
04-19 15:56:08.928 17763 17988 W oobe.samsung.gl: Long monitor contention with owner pool-8-thread-1 (17874) at com.ironsource.aura.infra.GaidInfo com.ironsource.aura.infra.GaidManager.b()(SourceFile:12) waiters=0 in com.ironsource.aura.infra.GaidInfo com.ironsource.aura.infra.GaidManager.b() for 1.074s
04-19 15:56:08.943 17649 17979 W tinkoff.android: Long monitor contention with owner OkHttp https://acdn.tinkoff.ru/... (17949) at i10.f0 la1.a.intercept(i10.x$a)(SourceFile:26) waiters=0 in long m10.j$a.a() for 1.145s
04-19 15:56:08.966 23109 23109 D BoundBrokerSvc: onBind: Intent { act=com.google.android.gms.presencemanager.service.START dat=chimera-action:/... cmp=com.google.android.gms/.chimera.PersistentApiService }
04-19 15:56:08.966 23109 23109 D BoundBrokerSvc: Loading bound service for intent: Intent { act=com.google.android.gms.presencemanager.service.START dat=chimera-action:/... cmp=com.google.android.gms/.chimera.PersistentApiService }
04-19 15:56:08.976 23109 23109 D BoundBrokerSvc: onBind: Intent { act=com.google.android.gms.presencemanager.service.INTERNAL_IDENTITY dat=chimera-action:/... cmp=com.google.android.gms/.chimera.PersistentApiService }
04-19 15:56:08.976 23109 23109 D BoundBrokerSvc: Loading bound service for intent: Intent { act=com.google.android.gms.presencemanager.service.INTERNAL_IDENTITY dat=chimera-action:/... cmp=com.google.android.gms/.chimera.PersistentApiService }
04-19 15:56:09.018 27910 18013 E FA-SVC  : Too many unique user properties are set. Ignoring user property: read_storage_allowed, true
04-19 15:56:09.019 17649 17690 E FA      : Name is too long. Type, maximum supported length, name: user property, 24, mband_51079_http_metrics_to_statist
04-19 15:56:09.020 17649 17690 E FA      : Name is too long. Type, maximum supported length, name: user property, 24, mband_51079_http_metrics_to_statist
04-19 15:56:09.021 23109 17253 W NetworkScheduler: Error inserting flex_time=1912000 job_id=-1 period=3825000 source=16 requires_charging=0 preferred_network_type=1 target_class=com.google.android.gms.measurement.PackageMeasurementTaskService user_id=0 target_package=com.google.android.gms tag=Measurement.PackageMeasurementTaskService.UPLOAD_TASK_TAG task_type=0 required_idleness_state=0 service_kind=0 source_version=231312000 persistence_level=1 preferred_charging_state=1 required_network_type=0 runtime=1681912569010 retry_strategy={"maximum_backoff_seconds":{"3600":0},"initial_backoff_seconds":{"30":0},"retry_policy":{"0":0}} last_runtime=0 [CONTEXT service_id=218 ]
04-19 15:56:09.021 23109 17253 W NetworkScheduler: android.database.sqlite.SQLiteConstraintException: UNIQUE constraint failed: pending_ops.tag, pending_ops.target_class, pending_ops.target_package, pending_ops.user_id (code 2067 SQLITE_CONSTRAINT_UNIQUE[2067])
04-19 15:56:09.021 23109 17253 W NetworkScheduler: 	at android.database.sqlite.SQLiteConnection.nativeExecuteForLastInsertedRowId(Native Method)
04-19 15:56:09.021 23109 17253 W NetworkScheduler: 	at android.database.sqlite.SQLiteConnection.executeForLastInsertedRowId(SQLiteConnection.java:1275)
04-19 15:56:09.021 23109 17253 W NetworkScheduler: 	at android.database.sqlite.SQLiteSession.executeForLastInsertedRowId(SQLiteSession.java:790)
04-19 15:56:09.021 23109 17253 W NetworkScheduler: 	at android.database.sqlite.SQLiteStatement.executeInsert(SQLiteStatement.java:89)
04-19 15:56:09.021 23109 17253 W NetworkScheduler: 	at android.database.sqlite.SQLiteDatabase.insertWithOnConflict(SQLiteDatabase.java:2410)
04-19 15:56:09.021 23109 17253 W NetworkScheduler: 	at android.database.sqlite.SQLiteDatabase.insertOrThrow(SQLiteDatabase.java:2305)
04-19 15:56:09.021 23109 17253 W NetworkScheduler: 	at bwce.f(:com.google.android.gms@231312044@23.13.12 (190400-519946965):53)
04-19 15:56:09.021 23109 17253 W NetworkScheduler: 	at bway.n(:com.google.android.gms@231312044@23.13.12 (190400-519946965):3)
04-19 15:56:09.021 23109 17253 W NetworkScheduler: 	at bway.u(:com.google.android.gms@231312044@23.13.12 (190400-519946965):20)
04-19 15:56:09.021 23109 17253 W NetworkScheduler: 	at bway.h(:com.google.android.gms@231312044@23.13.12 (190400-519946965):3)
04-19 15:56:09.021 23109 17253 W NetworkScheduler: 	at bvwq.run(:com.google.android.gms@231312044@23.13.12 (190400-519946965):9)
04-19 15:56:09.021 23109 17253 W NetworkScheduler: 	at abix.c(:com.google.android.gms@231312044@23.13.12 (190400-519946965):6)
04-19 15:56:09.021 23109 17253 W NetworkScheduler: 	at abix.run(:com.google.android.gms@231312044@23.13.12 (190400-519946965):7)
04-19 15:56:09.021 23109 17253 W NetworkScheduler: 	at java.util.concurrent.ThreadPoolExecutor.runWorker(ThreadPoolExecutor.java:1137)
04-19 15:56:09.021 23109 17253 W NetworkScheduler: 	at java.util.concurrent.ThreadPoolExecutor$Worker.run(ThreadPoolExecutor.java:637)
04-19 15:56:09.021 23109 17253 W NetworkScheduler: 	at abod.run(:com.google.android.gms@231312044@23.13.12 (190400-519946965):0)
04-19 15:56:09.021 23109 17253 W NetworkScheduler: 	at java.lang.Thread.run(Thread.java:1012)
04-19 15:56:09.021 27910 18013 E FA-SVC  : Too many unique user properties are set. Ignoring user property: camera_allowed, true
04-19 15:56:09.048 23109 17252 W NetworkScheduler: Error inserting flex_time=1912000 job_id=-1 period=3825000 source=16 requires_charging=0 preferred_network_type=1 target_class=com.google.android.gms.measurement.PackageMeasurementTaskService user_id=0 target_package=com.google.android.gms tag=Measurement.PackageMeasurementTaskService.UPLOAD_TASK_TAG task_type=0 required_idleness_state=0 service_kind=0 source_version=231312000 persistence_level=1 preferred_charging_state=1 required_network_type=0 runtime=1681912569039 retry_strategy={"maximum_backoff_seconds":{"3600":0},"initial_backoff_seconds":{"30":0},"retry_policy":{"0":0}} last_runtime=0 [CONTEXT service_id=218 ]
04-19 15:56:09.048 23109 17252 W NetworkScheduler: android.database.sqlite.SQLiteConstraintException: UNIQUE constraint failed: pending_ops.tag, pending_ops.target_class, pending_ops.target_package, pending_ops.user_id (code 2067 SQLITE_CONSTRAINT_UNIQUE[2067])
04-19 15:56:09.048 23109 17252 W NetworkScheduler: 	at android.database.sqlite.SQLiteConnection.nativeExecuteForLastInsertedRowId(Native Method)
04-19 15:56:09.048 23109 17252 W NetworkScheduler: 	at android.database.sqlite.SQLiteConnection.executeForLastInsertedRowId(SQLiteConnection.java:1275)
04-19 15:56:09.048 23109 17252 W NetworkScheduler: 	at android.database.sqlite.SQLiteSession.executeForLastInsertedRowId(SQLiteSession.java:790)
04-19 15:56:09.048 23109 17252 W NetworkScheduler: 	at android.database.sqlite.SQLiteStatement.executeInsert(SQLiteStatement.java:89)
04-19 15:56:09.048 23109 17252 W NetworkScheduler: 	at android.database.sqlite.SQLiteDatabase.insertWithOnConflict(SQLiteDatabase.java:2410)
04-19 15:56:09.048 23109 17252 W NetworkScheduler: 	at android.database.sqlite.SQLiteDatabase.insertOrThrow(SQLiteDatabase.java:2305)
04-19 15:56:09.048 23109 17252 W NetworkScheduler: 	at bwce.f(:com.google.android.gms@231312044@23.13.12 (190400-519946965):53)
04-19 15:56:09.048 23109 17252 W NetworkScheduler: 	at bway.n(:com.google.android.gms@231312044@23.13.12 (190400-519946965):3)
04-19 15:56:09.048 23109 17252 W NetworkScheduler: 	at bway.u(:com.google.android.gms@231312044@23.13.12 (190400-519946965):20)
04-19 15:56:09.048 23109 17252 W NetworkScheduler: 	at bway.h(:com.google.android.gms@231312044@23.13.12 (190400-519946965):3)
04-19 15:56:09.048 23109 17252 W NetworkScheduler: 	at bvwq.run(:com.google.android.gms@231312044@23.13.12 (190400-519946965):9)
04-19 15:56:09.048 23109 17252 W NetworkScheduler: 	at abix.c(:com.google.android.gms@231312044@23.13.12 (190400-519946965):6)
04-19 15:56:09.048 23109 17252 W NetworkScheduler: 	at abix.run(:com.google.android.gms@231312044@23.13.12 (190400-519946965):8)
04-19 15:56:09.048 23109 17252 W NetworkScheduler: 	at java.util.concurrent.ThreadPoolExecutor.runWorker(ThreadPoolExecutor.java:1137)
04-19 15:56:09.048 23109 17252 W NetworkScheduler: 	at java.util.concurrent.ThreadPoolExecutor$Worker.run(ThreadPoolExecutor.java:637)
04-19 15:56:09.048 23109 17252 W NetworkScheduler: 	at abod.run(:com.google.android.gms@231312044@23.13.12 (190400-519946965):0)
04-19 15:56:09.048 23109 17252 W NetworkScheduler: 	at java.lang.Thread.run(Thread.java:1012)
04-19 15:56:09.057 23109 16216 W NetworkScheduler: Error inserting flex_time=1912000 job_id=-1 period=3825000 source=16 requires_charging=0 preferred_network_type=1 target_class=com.google.android.gms.measurement.PackageMeasurementTaskService user_id=0 target_package=com.google.android.gms tag=Measurement.PackageMeasurementTaskService.UPLOAD_TASK_TAG task_type=0 required_idleness_state=0 service_kind=0 source_version=231312000 persistence_level=1 preferred_charging_state=1 required_network_type=0 runtime=1681912569054 retry_strategy={"maximum_backoff_seconds":{"3600":0},"initial_backoff_seconds":{"30":0},"retry_policy":{"0":0}} last_runtime=0 [CONTEXT service_id=218 ]
04-19 15:56:09.057 23109 16216 W NetworkScheduler: android.database.sqlite.SQLiteConstraintException: UNIQUE constraint failed: pending_ops.tag, pending_ops.target_class, pending_ops.target_package, pending_ops.user_id (code 2067 SQLITE_CONSTRAINT_UNIQUE[2067])
04-19 15:56:09.057 23109 16216 W NetworkScheduler: 	at android.database.sqlite.SQLiteConnection.nativeExecuteForLastInsertedRowId(Native Method)
04-19 15:56:09.057 23109 16216 W NetworkScheduler: 	at android.database.sqlite.SQLiteConnection.executeForLastInsertedRowId(SQLiteConnection.java:1275)
04-19 15:56:09.057 23109 16216 W NetworkScheduler: 	at android.database.sqlite.SQLiteSession.executeForLastInsertedRowId(SQLiteSession.java:790)
04-19 15:56:09.057 23109 16216 W NetworkScheduler: 	at android.database.sqlite.SQLiteStatement.executeInsert(SQLiteStatement.java:89)
04-19 15:56:09.057 23109 16216 W NetworkScheduler: 	at android.database.sqlite.SQLiteDatabase.insertWithOnConflict(SQLiteDatabase.java:2410)
04-19 15:56:09.057 23109 16216 W NetworkScheduler: 	at android.database.sqlite.SQLiteDatabase.insertOrThrow(SQLiteDatabase.java:2305)
04-19 15:56:09.057 23109 16216 W NetworkScheduler: 	at bwce.f(:com.google.android.gms@231312044@23.13.12 (190400-519946965):53)
04-19 15:56:09.057 23109 16216 W NetworkScheduler: 	at bway.n(:com.google.android.gms@231312044@23.13.12 (190400-519946965):3)
04-19 15:56:09.057 23109 16216 W NetworkScheduler: 	at bway.u(:com.google.android.gms@231312044@23.13.12 (190400-519946965):20)
04-19 15:56:09.057 23109 16216 W NetworkScheduler: 	at bway.h(:com.google.android.gms@231312044@23.13.12 (190400-519946965):3)
04-19 15:56:09.057 23109 16216 W NetworkScheduler: 	at bvwq.run(:com.google.android.gms@231312044@23.13.12 (190400-519946965):9)
04-19 15:56:09.057 23109 16216 W NetworkScheduler: 	at abix.c(:com.google.android.gms@231312044@23.13.12 (190400-519946965):6)
04-19 15:56:09.057 23109 16216 W NetworkScheduler: 	at abix.run(:com.google.android.gms@231312044@23.13.12 (190400-519946965):7)
04-19 15:56:09.057 23109 16216 W NetworkScheduler: 	at java.util.concurrent.ThreadPoolExecutor.runWorker(ThreadPoolExecutor.java:1137)
04-19 15:56:09.057 23109 16216 W NetworkScheduler: 	at java.util.concurrent.ThreadPoolExecutor$Worker.run(ThreadPoolExecutor.java:637)
04-19 15:56:09.057 23109 16216 W NetworkScheduler: 	at abod.run(:com.google.android.gms@231312044@23.13.12 (190400-519946965):0)
04-19 15:56:09.057 23109 16216 W NetworkScheduler: 	at java.lang.Thread.run(Thread.java:1012)
04-19 15:56:09.066 27910 18013 E FA-SVC  : Too many unique user properties are set. Ignoring user property: dco_ic, f47fa629-ddee-11ed-8000-000083d9c417
04-19 15:56:09.103 23109 17253 W NetworkScheduler: Error inserting flex_time=1912000 job_id=-1 period=3825000 source=16 requires_charging=0 preferred_network_type=1 target_class=com.google.android.gms.measurement.PackageMeasurementTaskService user_id=0 target_package=com.google.android.gms tag=Measurement.PackageMeasurementTaskService.UPLOAD_TASK_TAG task_type=0 required_idleness_state=0 service_kind=0 source_version=231312000 persistence_level=1 preferred_charging_state=1 required_network_type=0 runtime=1681912569099 retry_strategy={"maximum_backoff_seconds":{"3600":0},"initial_backoff_seconds":{"30":0},"retry_policy":{"0":0}} last_runtime=0 [CONTEXT service_id=218 ]
04-19 15:56:09.103 23109 17253 W NetworkScheduler: android.database.sqlite.SQLiteConstraintException: UNIQUE constraint failed: pending_ops.tag, pending_ops.target_class, pending_ops.target_package, pending_ops.user_id (code 2067 SQLITE_CONSTRAINT_UNIQUE[2067])
04-19 15:56:09.103 23109 17253 W NetworkScheduler: 	at android.database.sqlite.SQLiteConnection.nativeExecuteForLastInsertedRowId(Native Method)
04-19 15:56:09.103 23109 17253 W NetworkScheduler: 	at android.database.sqlite.SQLiteConnection.executeForLastInsertedRowId(SQLiteConnection.java:1275)
04-19 15:56:09.103 23109 17253 W NetworkScheduler: 	at android.database.sqlite.SQLiteSession.executeForLastInsertedRowId(SQLiteSession.java:790)
04-19 15:56:09.103 23109 17253 W NetworkScheduler: 	at android.database.sqlite.SQLiteStatement.executeInsert(SQLiteStatement.java:89)
04-19 15:56:09.103 23109 17253 W NetworkScheduler: 	at android.database.sqlite.SQLiteDatabase.insertWithOnConflict(SQLiteDatabase.java:2410)
04-19 15:56:09.103 23109 17253 W NetworkScheduler: 	at android.database.sqlite.SQLiteDatabase.insertOrThrow(SQLiteDatabase.java:2305)
04-19 15:56:09.103 23109 17253 W NetworkScheduler: 	at bwce.f(:com.google.android.gms@231312044@23.13.12 (190400-519946965):53)
04-19 15:56:09.103 23109 17253 W NetworkScheduler: 	at bway.n(:com.google.android.gms@231312044@23.13.12 (190400-519946965):3)
04-19 15:56:09.103 23109 17253 W NetworkScheduler: 	at bway.u(:com.google.android.gms@231312044@23.13.12 (190400-519946965):20)
04-19 15:56:09.103 23109 17253 W NetworkScheduler: 	at bway.h(:com.google.android.gms@231312044@23.13.12 (190400-519946965):3)
04-19 15:56:09.103 23109 17253 W NetworkScheduler: 	at bvwq.run(:com.google.android.gms@231312044@23.13.12 (190400-519946965):9)
04-19 15:56:09.103 23109 17253 W NetworkScheduler: 	at abix.c(:com.google.android.gms@231312044@23.13.12 (190400-519946965):6)
04-19 15:56:09.103 23109 17253 W NetworkScheduler: 	at abix.run(:com.google.android.gms@231312044@23.13.12 (190400-519946965):7)
04-19 15:56:09.103 23109 17253 W NetworkScheduler: 	at java.util.concurrent.ThreadPoolExecutor.runWorker(ThreadPoolExecutor.java:1137)
04-19 15:56:09.103 23109 17253 W NetworkScheduler: 	at java.util.concurrent.ThreadPoolExecutor$Worker.run(ThreadPoolExecutor.java:637)
04-19 15:56:09.103 23109 17253 W NetworkScheduler: 	at abod.run(:com.google.android.gms@231312044@23.13.12 (190400-519946965):0)
04-19 15:56:09.103 23109 17253 W NetworkScheduler: 	at java.lang.Thread.run(Thread.java:1012)
04-19 15:56:09.108 17898 17898 I MAMInfo : MAMInfo initialized. Debug=false, Agent=PRODUCTION, ManagedDialogDisabled=false, PolicyRequired=false, MultiIdentityEnabled=true, FullBackupContent=true, DataExtractionRules=true, UseDefaultEnrollment=false, ExceptionOnInit=false, Debuggable=false
04-19 15:56:09.133 17898 17898 I MultiDex: VM with version 2.1.0 has multidex support
04-19 15:56:09.133 17898 17898 I MultiDex: Installing application
04-19 15:56:09.133 17898 17898 I MultiDex: VM has multidex support, MultiDex support library is disabled.
04-19 15:56:09.177 17898 17898 D CompatibilityChangeReporter: Compat change id reported: 183155436; UID 10016; state: DISABLED
04-19 15:56:09.201 17898 17898 I FirebaseInitProvider: FirebaseApp initialization successful
04-19 15:56:09.410  5224  5224 E audit   : type=1400 audit(1681912569.405:103035): avc:  denied  { read } for  pid=17110 comm="binder:17110_5" name="u:object_r:perf_prop:s0" dev="tmpfs" ino=16829 scontext=u:r:priv_app:s0:c512,c768 tcontext=u:object_r:perf_prop:s0 tclass=file permissive=0 SEPF_SM-A515F_13_0001 audit_filtered
04-19 15:56:09.410  5224  5224 E audit   : type=1300 audit(1681912569.405:103035): arch=c00000b7 syscall=56 success=no exit=-13 a0=ffffff9c a1=7d7173d2f8 a2=88000 a3=0 items=0 ppid=5250 pid=17110 auid=4294967295 uid=10102 gid=10102 euid=10102 suid=10102 fsuid=10102 egid=10102 sgid=10102 fsgid=10102 tty=(none) ses=4294967295 comm="binder:17110_5" exe="/system/bin/app_process64" subj=u:r:priv_app:s0:c512,c768 key=(null)
04-19 15:56:09.410 17110 17209 W libc    : Access denied finding property "sys.perf.boostopt"
04-19 15:56:09.410  5224  5224 E audit   : type=1327 audit(1681912569.405:103035): proctitle="com.android.providers.calendar"
04-19 15:56:09.534 17649 17664 W libc    : Access denied finding property "sys.perf.boostopt"
04-19 15:56:09.535  5224  5224 E audit   : type=1400 audit(1681912569.529:103036): avc:  denied  { read } for  pid=17649 comm="binder:17649_2" name="u:object_r:perf_prop:s0" dev="tmpfs" ino=16829 scontext=u:r:untrusted_app_30:s0:c149,c257,c512,c768 tcontext=u:object_r:perf_prop:s0 tclass=file permissive=0 SEPF_SM-A515F_13_0001 audit_filtered
04-19 15:56:09.537  8815  8829 W TelephonyPermissions: reportAccessDeniedToReadIdentifiers:com.idamob.tinkoff.android:getDeviceId:1
04-19 15:56:09.561  5628  5712 I libprocessgroup: Successfully killed process cgroup uid 5010 pid 16593 in 8ms
04-19 15:56:09.568  8815  8829 W TelephonyPermissions: reportAccessDeniedToReadIdentifiers:com.idamob.tinkoff.android:getSubscriberIdForSubscriber:2
04-19 15:56:09.654  8815  8829 I LocationAccessPolicy: com.idamob.tinkoff.android is aware of fine but the app-ops permission is specifically denied.
04-19 15:56:09.654  8815  8829 I LocationAccessPolicy: checkLocationPermission - callingUid: 10405, callingPid: 17649, resultForFine: DENIED_SOFT
04-19 15:56:09.705 27910 27910 D BoundBrokerSvc: onUnbind: Intent { act=com.google.android.gms.safetynet.service.START pkg=com.google.android.gms }
04-19 15:56:09.747 17898 17898 D CompatibilityChangeReporter: Compat change id reported: 194532703; UID 10016; state: DISABLED
04-19 15:56:09.789  5628  5712 I libprocessgroup: Successfully killed process cgroup uid 10256 pid 14107 in 0ms
04-19 15:56:09.802 30407 30407 I ResourceOverlayService_0: waitAndQuit called
04-19 15:56:09.803 30407 30407 I ResourceOverlayService_0: activity user id 0 process id 0
04-19 15:56:09.805 27910 18013 W FA-SVC  : Event created with reverse previous/current timestamps. appId, name: com.idamob.tinkoff.android, _err
04-19 15:56:09.824 23109 17252 W NetworkScheduler: Error inserting flex_time=1911000 job_id=-1 period=3823000 source=16 requires_charging=0 preferred_network_type=1 target_class=com.google.android.gms.measurement.PackageMeasurementTaskService user_id=0 target_package=com.google.android.gms tag=Measurement.PackageMeasurementTaskService.UPLOAD_TASK_TAG task_type=0 required_idleness_state=0 service_kind=0 source_version=231312000 persistence_level=1 preferred_charging_state=1 required_network_type=0 runtime=1681912569819 retry_strategy={"maximum_backoff_seconds":{"3600":0},"initial_backoff_seconds":{"30":0},"retry_policy":{"0":0}} last_runtime=0 [CONTEXT service_id=218 ]
04-19 15:56:09.824 23109 17252 W NetworkScheduler: android.database.sqlite.SQLiteConstraintException: UNIQUE constraint failed: pending_ops.tag, pending_ops.target_class, pending_ops.target_package, pending_ops.user_id (code 2067 SQLITE_CONSTRAINT_UNIQUE[2067])
04-19 15:56:09.824 23109 17252 W NetworkScheduler: 	at android.database.sqlite.SQLiteConnection.nativeExecuteForLastInsertedRowId(Native Method)
04-19 15:56:09.824 23109 17252 W NetworkScheduler: 	at android.database.sqlite.SQLiteConnection.executeForLastInsertedRowId(SQLiteConnection.java:1275)
04-19 15:56:09.824 23109 17252 W NetworkScheduler: 	at android.database.sqlite.SQLiteSession.executeForLastInsertedRowId(SQLiteSession.java:790)
04-19 15:56:09.824 23109 17252 W NetworkScheduler: 	at android.database.sqlite.SQLiteStatement.executeInsert(SQLiteStatement.java:89)
04-19 15:56:09.824 23109 17252 W NetworkScheduler: 	at android.database.sqlite.SQLiteDatabase.insertWithOnConflict(SQLiteDatabase.java:2410)
04-19 15:56:09.824 23109 17252 W NetworkScheduler: 	at android.database.sqlite.SQLiteDatabase.insertOrThrow(SQLiteDatabase.java:2305)
04-19 15:56:09.824 23109 17252 W NetworkScheduler: 	at bwce.f(:com.google.android.gms@231312044@23.13.12 (190400-519946965):53)
04-19 15:56:09.824 23109 17252 W NetworkScheduler: 	at bway.n(:com.google.android.gms@231312044@23.13.12 (190400-519946965):3)
04-19 15:56:09.824 23109 17252 W NetworkScheduler: 	at bway.u(:com.google.android.gms@231312044@23.13.12 (190400-519946965):20)
04-19 15:56:09.824 23109 17252 W NetworkScheduler: 	at bway.h(:com.google.android.gms@231312044@23.13.12 (190400-519946965):3)
04-19 15:56:09.824 23109 17252 W NetworkScheduler: 	at bvwq.run(:com.google.android.gms@231312044@23.13.12 (190400-519946965):9)
04-19 15:56:09.824 23109 17252 W NetworkScheduler: 	at abix.c(:com.google.android.gms@231312044@23.13.12 (190400-519946965):6)
04-19 15:56:09.824 23109 17252 W NetworkScheduler: 	at abix.run(:com.google.android.gms@231312044@23.13.12 (190400-519946965):8)
04-19 15:56:09.824 23109 17252 W NetworkScheduler: 	at java.util.concurrent.ThreadPoolExecutor.runWorker(ThreadPoolExecutor.java:1137)
04-19 15:56:09.824 23109 17252 W NetworkScheduler: 	at java.util.concurrent.ThreadPoolExecutor$Worker.run(ThreadPoolExecutor.java:637)
04-19 15:56:09.824 23109 17252 W NetworkScheduler: 	at abod.run(:com.google.android.gms@231312044@23.13.12 (190400-519946965):0)
04-19 15:56:09.824 23109 17252 W NetworkScheduler: 	at java.lang.Thread.run(Thread.java:1012)
04-19 15:56:09.844  5250  5250 I Zygote  : Process 14107 exited due to signal 9 (Killed)
04-19 15:56:09.873 27910 18013 E FA-SVC  : Too many unique user properties are set. Ignoring user property: dco_ic, f47fa629-ddee-11ed-8000-000083d9c417
04-19 15:56:09.889 17649 17835 D CompatibilityChangeReporter: Compat change id reported: 194532703; UID 10405; state: DISABLED
04-19 15:56:09.898  5250  5250 I Zygote  : Process 16593 exited due to signal 9 (Killed)
04-19 15:56:09.919 23109 17253 W NetworkScheduler: Error inserting flex_time=1911000 job_id=-1 period=3823000 source=16 requires_charging=0 preferred_network_type=1 target_class=com.google.android.gms.measurement.PackageMeasurementTaskService user_id=0 target_package=com.google.android.gms tag=Measurement.PackageMeasurementTaskService.UPLOAD_TASK_TAG task_type=0 required_idleness_state=0 service_kind=0 source_version=231312000 persistence_level=1 preferred_charging_state=1 required_network_type=0 runtime=1681912569914 retry_strategy={"maximum_backoff_seconds":{"3600":0},"initial_backoff_seconds":{"30":0},"retry_policy":{"0":0}} last_runtime=0 [CONTEXT service_id=218 ]
04-19 15:56:09.919 23109 17253 W NetworkScheduler: android.database.sqlite.SQLiteConstraintException: UNIQUE constraint failed: pending_ops.tag, pending_ops.target_class, pending_ops.target_package, pending_ops.user_id (code 2067 SQLITE_CONSTRAINT_UNIQUE[2067])
04-19 15:56:09.919 23109 17253 W NetworkScheduler: 	at android.database.sqlite.SQLiteConnection.nativeExecuteForLastInsertedRowId(Native Method)
04-19 15:56:09.919 23109 17253 W NetworkScheduler: 	at android.database.sqlite.SQLiteConnection.executeForLastInsertedRowId(SQLiteConnection.java:1275)
04-19 15:56:09.919 23109 17253 W NetworkScheduler: 	at android.database.sqlite.SQLiteSession.executeForLastInsertedRowId(SQLiteSession.java:790)
04-19 15:56:09.919 23109 17253 W NetworkScheduler: 	at android.database.sqlite.SQLiteStatement.executeInsert(SQLiteStatement.java:89)
04-19 15:56:09.919 23109 17253 W NetworkScheduler: 	at android.database.sqlite.SQLiteDatabase.insertWithOnConflict(SQLiteDatabase.java:2410)
04-19 15:56:09.919 23109 17253 W NetworkScheduler: 	at android.database.sqlite.SQLiteDatabase.insertOrThrow(SQLiteDatabase.java:2305)
04-19 15:56:09.919 23109 17253 W NetworkScheduler: 	at bwce.f(:com.google.android.gms@231312044@23.13.12 (190400-519946965):53)
04-19 15:56:09.919 23109 17253 W NetworkScheduler: 	at bway.n(:com.google.android.gms@231312044@23.13.12 (190400-519946965):3)
04-19 15:56:09.919 23109 17253 W NetworkScheduler: 	at bway.u(:com.google.android.gms@231312044@23.13.12 (190400-519946965):20)
04-19 15:56:09.919 23109 17253 W NetworkScheduler: 	at bway.h(:com.google.android.gms@231312044@23.13.12 (190400-519946965):3)
04-19 15:56:09.919 23109 17253 W NetworkScheduler: 	at bvwq.run(:com.google.android.gms@231312044@23.13.12 (190400-519946965):9)
04-19 15:56:09.919 23109 17253 W NetworkScheduler: 	at abix.c(:com.google.android.gms@231312044@23.13.12 (190400-519946965):6)
04-19 15:56:09.919 23109 17253 W NetworkScheduler: 	at abix.run(:com.google.android.gms@231312044@23.13.12 (190400-519946965):7)
04-19 15:56:09.919 23109 17253 W NetworkScheduler: 	at java.util.concurrent.ThreadPoolExecutor.runWorker(ThreadPoolExecutor.java:1137)
04-19 15:56:09.919 23109 17253 W NetworkScheduler: 	at java.util.concurrent.ThreadPoolExecutor$Worker.run(ThreadPoolExecutor.java:637)
04-19 15:56:09.919 23109 17253 W NetworkScheduler: 	at abod.run(:com.google.android.gms@231312044@23.13.12 (190400-519946965):0)
04-19 15:56:09.919 23109 17253 W NetworkScheduler: 	at java.lang.Thread.run(Thread.java:1012)
04-19 15:56:09.939  5276 17594 I HYPER-HAL: [RequestManager.cpp]releaseLocked(): Released ID : 60791865
04-19 15:56:10.023 17079 17331 W libc    : Access denied finding property "sys.perf.boostopt"
04-19 15:56:10.032  5628  8457 D NetdEventListenerService: DNS Requested by : 128, 10405
04-19 15:56:10.037 17649 17843 D TrafficStats: tagSocket(127) with statsTag=0xffffffff, statsUid=-1
04-19 15:56:10.045  5628  8457 D NetdEventListenerService: DNS Requested by : 128, 10405
04-19 15:56:10.046 17649 17842 D TrafficStats: tagSocket(116) with statsTag=0xffffffff, statsUid=-1
04-19 15:56:10.051 17649 17840 D TrafficStats: tagSocket(126) with statsTag=0xffffffff, statsUid=-1
04-19 15:56:10.053  5628  8457 D NetdEventListenerService: DNS Requested by : 128, 10405
04-19 15:56:10.057  4613  4613 W keymaster_tee: [WRN]begin req PARAMS: A32 B32 P1
04-19 15:56:10.061  5628  8457 D NetdEventListenerService: DNS Requested by : 128, 10405
04-19 15:56:10.062 17649 17841 D TrafficStats: tagSocket(138) with statsTag=0xffffffff, statsUid=-1
04-19 15:56:10.079  4613  4613 W keymaster_tee: [WRN]begin req PARAMS: A32 B32 P1
04-19 15:56:10.095  4613  4613 W keymaster_tee: [WRN]begin req PARAMS: A32 B32 P1
04-19 15:56:10.125  4557 16196 I PCP.Calendar: (REDACTED) filterInvalidEvents pre-filter size=%s
04-19 15:56:10.169  4613  4613 W keymaster_tee: [WRN]begin req PARAMS: A32 B32 P1
04-19 15:56:10.177  5250  5250 D Zygote  : Forked child process 18056
04-19 15:56:10.208  4613  4613 W keymaster_tee: [WRN]begin req PARAMS: A32 B32 P1
04-19 15:56:10.228  4613  4613 W keymaster_tee: [WRN]begin req PARAMS: A32 B32 P1
04-19 15:56:10.228 18056 18056 I oid.apps.photos: Using CollectorTypeCC GC.
04-19 15:56:10.235 18056 18056 E oid.apps.photos: Not starting debugger since process cannot load the jdwp agent.
04-19 15:56:10.243 18056 18056 W libc    : Access denied finding property "sys.perf.boostopt"
04-19 15:56:10.243 18056 18068 W libc    : Access denied finding property "sys.perf.boostopt"
04-19 15:56:10.245 18056 18056 D ActivityThread: setConscryptValidator
04-19 15:56:10.245 18056 18056 D ActivityThread: setConscryptValidator - put
04-19 15:56:10.259 17649 17902 I mi.n    : Provider GmsCore_OpenSSL not available
04-19 15:56:10.261 18056 18069 W libc    : Access denied finding property "sys.perf.boostopt"
04-19 15:56:10.263 18056 18056 D CompatibilityChangeReporter: Compat change id reported: 171979766; UID 10252; state: ENABLED
04-19 15:56:10.286 18056 18056 D nativeloader: Configuring classloader-namespace for other apk /system/framework/org.apache.http.legacy.jar. target_sdk_version=33, uses_libraries=ALL, library_path=/data/app/~~bWD3g5lHpFZ4kO2I02iuCg==/com.google.android.apps.photos-NIdmTL3igYn9lwATRGPMmg==/lib/arm64:/data/app/~~bWD3g5lHpFZ4kO2I02iuCg==/com.google.android.apps.photos-NIdmTL3igYn9lwATRGPMmg==/base.apk!/lib/arm64-v8a:/data/app/~~bWD3g5lHpFZ4kO2I02iuCg==/com.google.android.apps.photos-NIdmTL3igYn9lwATRGPMmg==/split_config.en.apk!/lib/arm64-v8a:/data/app/~~bWD3g5lHpFZ4kO2I02iuCg==/com.google.android.apps.photos-NIdmTL3igYn9lwATRGPMmg==/split_config.ru.apk!/lib/arm64-v8a:/data/app/~~bWD3g5lHpFZ4kO2I02iuCg==/com.google.android.apps.photos-NIdmTL3igYn9lwATRGPMmg==/split_config.xxhdpi.apk!/lib/arm64-v8a, permitted_path=/data:/mnt/expand:/data/user/0/com.google.android.apps.photos
04-19 15:56:10.286 18056 18056 D nativeloader: Extending system_exposed_libraries: libhumantracking.arcsoft.so:libPortraitDistortionCorrection.arcsoft.so:libPortraitDistortionCorrectionCali.arcsoft.so:libface_landmark.arcsoft.so:libFacialStickerEngine.arcsoft.so:libveengine.arcsoft.so:liblow_light_hdr.arcsoft.so:libhigh_dynamic_range.arcsoft.so:libFacialAttributeDetection.arcsoft.so:libBeauty_v4.camera.samsung.so:libexifa.camera.samsung.so:libjpega.camera.samsung.so:libOpenCv.camera.samsung.so:libImageScreener.camera.samsung.so:libMyFilter.camera.samsung.so:libtensorflowLite.myfilter.camera.samsung.so:libtensorflowlite_inference_api.myfilter.camera.samsung.so:libEventFinder.camera.samsung.so:libHIDTSnapJNI.camera.samsung.so:libSmartScan.camera.samsung.so:libRectify.camera.samsung.so:libDocRectifyWrapper.camera.samsung.so:libUltraWideDistortionCorrection.camera.samsung.so:libHpr_RecGAE_cvFeature_v1.0.camera.samsung.so:libHprFace_GAE_api.camera.samsung.so:libFace_Landmark_API.camera.samsung.so:libHprFace_GAE_jni.camera.samsung.so:libFacialBasedSelfieCorrec
