04-27 20:29:14.631 20358 20421 D Volley  : [95] aghp.d: java.io.FileNotFoundException: /data/user/0/com.android.vending/cache/main/UTJbK2ecUh9wWPOdQuKuLiM572o: open failed: ENOENT (No such file or directory) - Failed to write header for /data/user/0/com.android.vending/cache/main/UTJbK2ecUh9wWPOdQuKuLiM572o. Cleaning up file succeeded: false
04-27 20:29:14.632 20358 20421 D Volley  : [95] aghp.m: Re-initializing cache after external clearing.
04-27 20:29:14.745 20358 20612 E Finsky  : [147] ti.A(27): Failure reading max api version from valuestore.
04-27 20:29:14.880  3411  3418 I egram.messenger: JIT allocated 56KB for compiled code of void org.telegram.messenger.MessagesStorage.putMessagesInternal(java.util.ArrayList, boolean, boolean, int, boolean, boolean, int)
04-27 20:29:14.881  3411  3418 I egram.messenger: Compiler allocated 15MB to compile void org.telegram.messenger.MessagesStorage.putMessagesInternal(java.util.ArrayList, boolean, boolean, int, boolean, boolean, int)
04-27 20:29:15.112 26164 26187 D Benchmark: THERMAL THROTTLE DETECTED, SLEEPING FOR 90 SECONDS
04-27 20:29:15.298  5429  5488 W libprocessgroup: Failed to open /dev/blkio//cgroup.procs: No such file or directory
04-27 20:29:15.388 20358 20411 D PaySecureElementClient: Felica app not found; returning isSecureElementAvailable = false!
04-27 20:29:15.533  4623  4623 W keymaster_tee: [WRN]begin req PARAMS: A32 B32 P1
04-27 20:29:15.554  4623  4623 W keymaster_tee: [WRN]begin req PARAMS: A32 B2 P64
04-27 20:29:15.647  5429  5488 W libprocessgroup: Failed to open /dev/blkio//cgroup.procs: No such file or directory
04-27 20:29:15.648  5429  5488 W libprocessgroup: Failed to open /dev/blkio//cgroup.procs: No such file or directory
04-27 20:29:15.666  5429  5488 W libprocessgroup: Failed to apply TimerSlackHigh process profile: No such file or directory
04-27 20:29:16.535 11589 11769 I PolicyManager: [#CMH#] Is foreground game app: false
04-27 20:29:17.099  5429  7411 D SemWifiUsabilityStatsMonitor: onWifiUsabilityStats - seqNum 4057, isSameBssidAndFreq true
04-27 20:29:17.107  5429  5717 I SemWifiLinkQualityMonitor: Link Qos Query: 0.115 ms / 69.795 Mbps (72 / 0.000 / 1.032)
04-27 20:29:17.370  5429  5652 D ApplicationPolicy: isStatusBarNotificationAllowedAsUser: packageName = android,userId = 0
04-27 20:29:17.370  5429  5652 D ApplicationPolicy: isStatusBarNotificationAllowedAsUser: packageName = android,userId = -1
04-27 20:29:17.370  5429  5652 D ApplicationPolicy: isStatusBarNotificationAllowedAsUser: converting userId from USER_ALLto 0
04-27 20:29:17.398  5787  6053 D PhoneInterfaceManager: setDataEnabledForReason() Reason=1 Pid=5429 App=system
04-27 20:29:17.404  5787  6053 D PhoneInterfaceManager: setDataEnabledForReason() Reason=1 Pid=5429 App=system
04-27 20:29:17.610  5785  5785 I FreeformContainer: [SmartPopupViewService] onNotificationPosted: StatusBarNotification(pkg=android user=UserHandle{-1} id=34 tag=NetworkPolicy:945656281:34 key=-1|android|34|NetworkPolicy:945656281:34|1000: Notification(channel=NETWORK_ALERTS shortcut=null contentView=null vibrate=null sound=null tick defaults=0x0 flags=0x8 color=0xff888fa2 vis=PRIVATE semFlags=0x0 semPriority=0 semMissedCount=0))
04-27 20:29:17.611  5785  5785 V FreeformContainer: [SmartPopupViewService] isSmartPopupViewTarget: android is not enabled
04-27 20:29:17.612  9209  9748 I NotificationPipeline: Processing new notification: -1|android|34|NetworkPolicy:945656281:34|1000
04-27 20:29:17.615  5878  5878 D BubblesManager: onEntryUpdated : shouldBubbleUp=false ,key=-1|android|34|NetworkPolicy:945656281:34|1000
04-27 20:29:17.616  9209  9748 W Notification4Heart_NB: Watch.isEnabled-not found packageName : [-1] android
04-27 20:29:17.618  9209  9748 W Notification4Heart_NB: NotificationBridgeCallback.onNotificationPosted-block : [-1] android
04-27 20:29:17.621  6323  6323 I Launcher.NotificationListener: onNotificationPosted : android number : 0
04-27 20:29:17.656  5878  5878 I FaceWidgetPositionAlgorithm: getClockContainerHeight() supplier = 270, bottom margin = 0, real height = 333
04-27 20:29:17.656  5878  5878 I FaceWidgetPositionAlgorithm: getClockContainerHeight() supplier = 270, bottom margin = 63, real height = 333
04-27 20:29:17.656  5878  5878 I FaceWidgetPositionAlgorithm: getMediaContainerHeight() height = 0 container Visibility = 8, isValid = false, mIsDozing = false, fraction = 1.0, source = 0, target = 0
04-27 20:29:17.657  5878  5878 I FaceWidgetPositionAlgorithm: getMediaContainerHeight() supplier = 0
04-27 20:29:17.662  5878  5878 D PluginAODManager: onNotificationInfoUpdated() 0
04-27 20:29:17.663  5878  5878 I AODNotificationManager: updateVisibleNotifications: 0
04-27 20:29:17.663  5878  5878 I a       : updateStatusBarNotifications: open
04-27 20:29:17.663  5878  5878 I a       : updateStatusBarNotifications: open
04-27 20:29:17.716  5878  5878 I FaceWidgetPositionAlgorithm: getClockContainerHeight() supplier = 270, bottom margin = 0, real height = 333
04-27 20:29:17.718  5878  5878 I FaceWidgetPositionAlgorithm: getClockContainerHeight() supplier = 270, bottom margin = 63, real height = 333
04-27 20:29:17.718  5878  5878 I FaceWidgetPositionAlgorithm: getMediaContainerHeight() height = 0 container Visibility = 8, isValid = false, mIsDozing = false, fraction = 1.0, source = 0, target = 0
04-27 20:29:17.718  5878  5878 I FaceWidgetPositionAlgorithm: getMediaContainerHeight() supplier = 0
04-27 20:29:17.749  5878  5878 I FaceWidgetPositionAlgorithm: getClockContainerHeight() supplier = 270, bottom margin = 0, real height = 333
04-27 20:29:17.749  5878  5878 I FaceWidgetPositionAlgorithm: getClockContainerHeight() supplier = 270, bottom margin = 63, real height = 333
04-27 20:29:17.749  5878  5878 I FaceWidgetPositionAlgorithm: getMediaContainerHeight() height = 0 container Visibility = 8, isValid = false, mIsDozing = false, fraction = 1.0, source = 0, target = 0
04-27 20:29:17.749  5878  5878 I FaceWidgetPositionAlgorithm: getMediaContainerHeight() supplier = 0
04-27 20:29:17.753  5878  5878 D PluginAODManager: onNotificationInfoUpdated() 0
04-27 20:29:17.753  5878  5878 I AODNotificationManager: updateVisibleNotifications: 0
04-27 20:29:17.754  5878  5878 I a       : updateStatusBarNotifications: open
04-27 20:29:17.754  5878  5878 I a       : updateStatusBarNotifications: open
04-27 20:29:17.832  5429  5438 I system_server: Background young concurrent copying GC freed 420934(21MB) AllocSpace objects, 39(1892KB) LOS objects, 19% free, 95MB/119MB, paused 1.515ms,324us total 112.681ms
04-27 20:29:17.835  4899  4899 E audit   : type=1400 audit(1682620157.827:17955): avc:  denied  { read } for  pid=2187 comm="binder:2187_1" name="u:object_r:perf_prop:s0" dev="tmpfs" ino=21617 scontext=u:r:platform_app:s0:c512,c768 tcontext=u:object_r:perf_prop:s0 tclass=file permissive=0 SEPF_SM-A515F_13_0001 audit_filtered
04-27 20:29:17.835  2187  2199 W libc    : Access denied finding property "sys.perf.boostopt"
04-27 20:29:17.835  4899  4899 E audit   : type=1300 audit(1682620157.827:17955): arch=c00000b7 syscall=56 success=no exit=-13 a0=ffffff9c a1=7804bb12f8 a2=88000 a3=0 items=0 ppid=4924 pid=2187 auid=4294967295 uid=10059 gid=10059 euid=10059 suid=10059 fsuid=10059 egid=10059 sgid=10059 fsgid=10059 tty=(none) ses=4294967295 comm="binder:2187_1" exe="/system/bin/app_process64" subj=u:r:platform_app:s0:c512,c768 key=(null)
04-27 20:29:17.835  4899  4899 E audit   : type=1327 audit(1682620157.827:17955): proctitle="zygote64"
04-27 20:29:17.838  5429  5440 W System  : A resource failed to call close.
04-27 20:29:17.838  2832  2847 W libc    : Access denied finding property "sys.perf.boostopt"
04-27 20:29:17.841  4899  4899 E audit   : type=1400 audit(1682620157.831:17956): avc:  denied  { read } for  pid=2832 comm="binder:2832_2" name="u:object_r:perf_prop:s0" dev="tmpfs" ino=21617 scontext=u:r:priv_app:s0:c512,c768 tcontext=u:object_r:perf_prop:s0 tclass=file permissive=0 SEPF_SM-A515F_13_0001 audit_filtered
04-27 20:29:17.841  5429  5440 W System  : A resource failed to call close.
04-27 20:29:18.213  5878  5878 D SecPowerUI.Notification: showChargingNotice oldChargingType : 11 / currentChargingType : 11, oldChargingTime : 2434000 / mChargingTime : 2434000
04-27 20:29:18.214  5878  5878 D SecPowerUI.Notification: There is no change about charging status, so return!
04-27 20:29:19.729  8449  8666 I SemDvfsHyPerManager: acquire hyper - SIOP_ARM_MAX/8449@2, type = 301993986
04-27 20:29:19.731  5040  5080 I HYPER-HAL: [RequestManager.cpp]acquire(): Acquired ID : 35713928  [8449 / 2]    HINT :      list : [CPUMaxFreq / 2184000]
04-27 20:29:20.138  5429  7411 D SemWifiUsabilityStatsMonitor: onWifiUsabilityStats - seqNum 4058, isSameBssidAndFreq true
04-27 20:29:20.143  5429  5717 I SemWifiLinkQualityMonitor: Link Qos Query: 0.117 ms / 68.211 Mbps (72 / 0.000 / 1.056)
04-27 20:29:20.484  5429  5652 D ApplicationPolicy: isStatusBarNotificationAllowedAsUser: packageName = android,userId = 0
04-27 20:29:20.484  5429  5652 D ApplicationPolicy: isStatusBarNotificationAllowedAsUser: packageName = android,userId = -1
04-27 20:29:20.484  5429  5652 D ApplicationPolicy: isStatusBarNotificationAllowedAsUser: converting userId from USER_ALLto 0
04-27 20:29:20.527  5787  5842 D PhoneInterfaceManager: setDataEnabledForReason() Reason=1 Pid=5429 App=system
04-27 20:29:20.530  5787  5842 D PhoneInterfaceManager: setDataEnabledForReason() Reason=1 Pid=5429 App=system
04-27 20:29:20.725  5785  5785 I FreeformContainer: [SmartPopupViewService] onNotificationPosted: StatusBarNotification(pkg=android user=UserHandle{-1} id=34 tag=NetworkPolicy:945656281:34 key=-1|android|34|NetworkPolicy:945656281:34|1000: Notification(channel=NETWORK_ALERTS shortcut=null contentView=null vibrate=null sound=null tick defaults=0x0 flags=0x8 color=0xff888fa2 vis=PRIVATE semFlags=0x0 semPriority=0 semMissedCount=0))
04-27 20:29:20.725  5785  5785 V FreeformContainer: [SmartPopupViewService] isSmartPopupViewTarget: android is not enabled
04-27 20:29:20.732  6323  6323 I Launcher.NotificationListener: onNotificationPosted : android number : 0
04-27 20:29:20.733  9209  9748 I NotificationPipeline: Processing new notification: -1|android|34|NetworkPolicy:945656281:34|1000
04-27 20:29:20.736  9209  9748 W Notification4Heart_NB: Watch.isEnabled-not found packageName : [-1] android
04-27 20:29:20.737  5878  5878 D BubblesManager: onEntryUpdated : shouldBubbleUp=false ,key=-1|android|34|NetworkPolicy:945656281:34|1000
04-27 20:29:20.739  9209  9748 W Notification4Heart_NB: NotificationBridgeCallback.onNotificationPosted-block : [-1] android
04-27 20:29:20.775  5878  5878 I FaceWidgetPositionAlgorithm: getClockContainerHeight() supplier = 270, bottom margin = 0, real height = 333
04-27 20:29:20.776  5878  5878 I FaceWidgetPositionAlgorithm: getClockContainerHeight() supplier = 270, bottom margin = 63, real height = 333
04-27 20:29:20.776  5878  5878 I FaceWidgetPositionAlgorithm: getMediaContainerHeight() height = 0 container Visibility = 8, isValid = false, mIsDozing = false, fraction = 1.0, source = 0, target = 0
04-27 20:29:20.776  5878  5878 I FaceWidgetPositionAlgorithm: getMediaContainerHeight() supplier = 0
04-27 20:29:20.789  5878  5878 D PluginAODManager: onNotificationInfoUpdated() 0
04-27 20:29:20.791  5878  5878 I AODNotificationManager: updateVisibleNotifications: 0
04-27 20:29:20.791  5878  5878 I a       : updateStatusBarNotifications: open
04-27 20:29:20.791  5878  5878 I a       : updateStatusBarNotifications: open
04-27 20:29:20.838  5878  5878 I FaceWidgetPositionAlgorithm: getClockContainerHeight() supplier = 270, bottom margin = 0, real height = 333
04-27 20:29:20.839  5878  5878 I FaceWidgetPositionAlgorithm: getClockContainerHeight() supplier = 270, bottom margin = 63, real height = 333
04-27 20:29:20.839  5878  5878 I FaceWidgetPositionAlgorithm: getMediaContainerHeight() height = 0 container Visibility = 8, isValid = false, mIsDozing = false, fraction = 1.0, source = 0, target = 0
04-27 20:29:20.840  5878  5878 I FaceWidgetPositionAlgorithm: getMediaContainerHeight() supplier = 0
04-27 20:29:20.896  5878  5878 I FaceWidgetPositionAlgorithm: getClockContainerHeight() supplier = 270, bottom margin = 0, real height = 333
04-27 20:29:20.896  5878  5878 I FaceWidgetPositionAlgorithm: getClockContainerHeight() supplier = 270, bottom margin = 63, real height = 333
04-27 20:29:20.896  5878  5878 I FaceWidgetPositionAlgorithm: getMediaContainerHeight() height = 0 container Visibility = 8, isValid = false, mIsDozing = false, fraction = 1.0, source = 0, target = 0
04-27 20:29:20.896  5878  5878 I FaceWidgetPositionAlgorithm: getMediaContainerHeight() supplier = 0
04-27 20:29:20.905  5878  5878 D PluginAODManager: onNotificationInfoUpdated() 0
04-27 20:29:20.905  5878  5878 I AODNotificationManager: updateVisibleNotifications: 0
04-27 20:29:20.905  5878  5878 I a       : updateStatusBarNotifications: open
04-27 20:29:20.905  5878  5878 I a       : updateStatusBarNotifications: open
04-27 20:29:21.718  5429  5488 W libprocessgroup: Failed to open /dev/blkio//cgroup.procs: No such file or directory
04-27 20:29:23.071  4899  4899 E audit   : type=1400 audit(1682620163.063:17957): avc:  denied  { getattr } for  pid=5429 comm="BinderProcsColl" path="/sys/kernel/debug/binder/proc/5429" dev="debugfs" ino=28624 scontext=u:r:system_server:s0 tcontext=u:object_r:sec_debugfs:s0 tclass=file permissive=0 SEPF_SM-A515F_13_0001 audit_filtered
04-27 20:29:23.071  4899  4899 E audit   : type=1300 audit(1682620163.063:17957): arch=c00000b7 syscall=79 success=no exit=-13 a0=ffffff9c a1=77702a85e0 a2=768437b680 a3=0 items=0 ppid=4924 pid=5429 auid=4294967295 uid=1000 gid=1000 euid=1000 suid=1000 fsuid=1000 egid=1000 sgid=1000 fsgid=1000 tty=(none) ses=4294967295 comm="BinderProcsColl" exe="/system/bin/app_process64" subj=u:r:system_server:s0 key=(null)
04-27 20:29:23.071  4899  4899 E audit   : type=1327 audit(1682620163.063:17957): proctitle="system_server"
04-27 20:29:23.165  5429  7411 D SemWifiUsabilityStatsMonitor: onWifiUsabilityStats - seqNum 4059, isSameBssidAndFreq true
04-27 20:29:23.168  5429  5717 I SemWifiLinkQualityMonitor: Link Qos Query: 0.150 ms / 53.217 Mbps (72 / 0.000 / 1.353)
04-27 20:29:23.217  5067  5067 E sehhealth-service: Could not open /sys/class/power_supply/battery/lrp
04-27 20:29:23.221  5429  5429 D PhoneWindowManagerExt: ACTION_BATTERY_CHANGED - Level=76, status=2
04-27 20:29:23.221  5429  5602 D MotionRecognitionService: [SAR]  onReceive : ACTION_BATTERY_CHANGED, Plugged: 2
04-27 20:29:23.226  5429  5429 D SemWifiApBroadcastReceiver: Received : android.intent.action.BATTERY_CHANGED
04-27 20:29:23.228  5787  5787 D SemBigDataInfoController: Intent: android.intent.action.BATTERY_CHANGED
04-27 20:29:23.230  5787  5787 D SemBigDataInfoController: Intent: android.intent.action.BATTERY_CHANGED
04-27 20:29:23.232  5878  5878 I PowerUI : mBootCompleted = true |  mFullyConnected = true
04-27 20:29:23.232  5878  5878 W PowerUI : Plug reason
04-27 20:29:23.232  5878  5878 W PowerUI : Skip charging animation - by plug status
04-27 20:29:23.233  5878  5878 D PowerUI : priorPlugType = 2 mPlugType = 2 priorBatteryStatus = 2 mBatteryStatus = 2
04-27 20:29:23.233  5878  5878 W PowerUI : Plug reason
04-27 20:29:23.233  5878  5878 W PowerUI : Skip charging sound - by plug status
04-27 20:29:23.233  5878  5878 I PowerUI : oldMisalign : false, curMisalign : false
04-27 20:29:23.233  5878  6757 D SecPowerUI.Notification: dismissing low battery warning: level=76
04-27 20:29:23.233  5878  6757 D SecPowerUI.Notification: updateNotification mWarning=false mPlaySound=false
04-27 20:29:23.233  5878  6757 D SecPowerUI.Notification: SecBatteryStatsSnapshot{batteryLevel=76, currentBatteryMode=0, chargingTime=2434000, chargingType=11, batteryHealth=2, automaticTestMode=false, isHiccupState=false}
04-27 20:29:23.235  5878  5878 D SecPowerUI.Notification: showChargingNotice oldChargingType : 11 / currentChargingType : 11, oldChargingTime : 2434000 / mChargingTime : 2430000
04-27 20:29:23.235  5878  5878 D SecPowerUI.Notification: showChargingNotification()
04-27 20:29:23.236  5878  5878 D SecPowerUI.Notification: SecBatteryStatsSnapshot{batteryLevel=76, currentBatteryMode=0, chargingTime=2430000, chargingType=11, batteryHealth=2, automaticTestMode=false, isHiccupState=false}
04-27 20:29:23.236  5878  6757 D SecPowerUI.Notification: 1. restoreScreenTimeOut - saved_value : :
04-27 20:29:23.236  5878  6757 E SecPowerUI.Notification: no saved value, so we do nothing !!
04-27 20:29:23.250  5429  6109 D ApplicationPolicy: isStatusBarNotificationAllowedAsUser: packageName = com.android.systemui,userId = 0
04-27 20:29:23.250  5429  6109 D ApplicationPolicy: isStatusBarNotificationAllowedAsUser: packageName = com.android.systemui,userId = -1
04-27 20:29:23.251  5429  6109 D ApplicationPolicy: isStatusBarNotificationAllowedAsUser: converting userId from USER_ALLto 0
04-27 20:29:23.252  5878  5878 D PowerUI : Battery swelling mode - priorBatterySwellingMode = 0 mBatterySwellingMode = 0 mBatteryStatus = 2
04-27 20:29:23.252  5878  5878 I PowerUI : mBatteryMiscEvent = 65536
04-27 20:29:23.252  5878  5878 D KeyguardUpdateMonitor: received broadcast android.intent.action.BATTERY_CHANGED
04-27 20:29:23.253  5878  5878 D SamsungBatteryMeterDrawable: onBatteryLevelChanged isSomethingChanged: false
04-27 20:29:23.253  5878  5878 D SamsungBatteryMeterDrawable: onBatteryLevelChanged isSomethingChanged: false
04-27 20:29:23.254  5878  5878 D SamsungBatteryMeterDrawable: onBatteryLevelChanged isSomethingChanged: false
04-27 20:29:23.254  5878  5878 D SamsungBatteryMeterDrawable: onBatteryLevelChanged isSomethingChanged: false
04-27 20:29:23.254  5878  5878 I AODBatteryManager: updateBatteryData: ACTION_BATTERY_CHANGED
04-27 20:29:23.256  5878  5878 I AODBatteryManager: saveBatteryData : AOD BatteryData [mBatteryLevel=76, mBatteryStatus=CHARGING, mBatteryPlugType=USB, mBatteryPlugged=true, mRemainingChargeTime=2430000, mBatteryChargingType=2, mBatteryChargerType=FAST, mBatteryOnline=NOT_DEFINED, mBatterySwellingMode=NONE, mBatteryProtectMode=false]
04-27 20:29:23.256  5878  5878 I ChargingInfoManager: updateChargingInfo: newState = AOD ChargingInfo [mState=BATTERY_AND_REMAIN_TIME, mIsCharging=true, mIsFullyCharged=false, mIsBatteryProtectMode=false], oldState = AOD ChargingInfo [mState=BATTERY_AND_REMAIN_TIME, mIsCharging=true, mIsFullyCharged=false, mIsBatteryProtectMode=false]
04-27 20:29:23.257  5878  5878 D KeyguardUpdateMonitor: handleBatteryUpdate
04-27 20:29:23.261  5878  5878 D KeyguardSecIndicationController: addIndicationTimeout() returned - unlocking
04-27 20:29:23.261  5878  5878 D KeyguardSecIndicationController: addIndication() returned - unlocking
04-27 20:29:23.262  5878  5878 D KeyguardSecIndicationPolicy:  remove Item pos = DEFAULT, type =           OWNER_INFO
04-27 20:29:23.262  5878  5878 D KeyguardSecIndicationController: addBatteryAndOwnerInfoIndication() battery status = BatteryStatus{status=2,level=76,plugged=2,health=2,maxChargingWattage=-1,remaining=2430000ultraFastCharger=1}
04-27 20:29:23.262  5878  5878 I ChargingInfoView: handleMessage: MSG_SHOW_CHARGING_INFO
04-27 20:29:23.262  5878  5878 I ChargingInfoView: updateContents: BATTERY_AND_REMAIN_TIME
04-27 20:29:23.263  5878  5878 I ChargingInfoView: handleMessage: MSG_SHOW_CHARGING_INFO
04-27 20:29:23.263  5878  5878 I ChargingInfoView: updateContents: BATTERY_AND_REMAIN_TIME
04-27 20:29:23.504  6323  6323 I Launcher.NotificationListener: onNotificationPosted : com.android.systemui number : 0
04-27 20:29:23.507  9209  9748 I NotificationPipeline: Processing new notification: -1|com.android.systemui|2131428972|charging_state|10054
04-27 20:29:23.508  9209  9748 W Notification4Heart_NB: NotificationBridgeCallback.onNotificationPosted-Ignored package : [-1] com.android.systemui
04-27 20:29:23.514  5785  5785 I FreeformContainer: [SmartPopupViewService] onNotificationPosted: StatusBarNotification(pkg=com.android.systemui user=UserHandle{-1} id=2131428972 tag=charging_state key=-1|com.android.systemui|2131428972|charging_state|10054: Notification(channel=CHR shortcut=null contentView=null vibrate=null sound=null defaults=0x0 flags=0xa color=0xff5075a1 category=sys groupKey=CHARGING vis=PUBLIC semFlags=0x0 semPriority=0 semMissedCount=0))
04-27 20:29:23.514  5785  5785 V FreeformContainer: [SmartPopupViewService] isSmartPopupViewTarget: com.android.systemui is not enabled
04-27 20:29:23.524  5878  5878 D PluginAODManager: onNotificationInfoUpdated() 0
04-27 20:29:23.524  5878  5878 I AODNotificationManager: updateVisibleNotifications: 0
04-27 20:29:23.525  5878  5878 I a       : updateStatusBarNotifications: open
04-27 20:29:23.525  5878  5878 I a       : updateStatusBarNotifications: open
04-27 20:29:23.706  5878  5878 D BubblesManager: onEntryUpdated : shouldBubbleUp=false ,key=-1|com.android.systemui|2131428972|charging_state|10054
04-27 20:29:23.736  5878  5878 I FaceWidgetPositionAlgorithm: getClockContainerHeight() supplier = 270, bottom margin = 0, real height = 333
04-27 20:29:23.737  5878  5878 I FaceWidgetPositionAlgorithm: getClockContainerHeight() supplier = 270, bottom margin = 63, real height = 333
04-27 20:29:23.738  5878  5878 I FaceWidgetPositionAlgorithm: getMediaContainerHeight() height = 0 container Visibility = 8, isValid = false, mIsDozing = false, fraction = 1.0, source = 0, target = 0
04-27 20:29:23.738  5878  5878 I FaceWidgetPositionAlgorithm: getMediaContainerHeight() supplier = 0
04-27 20:29:23.754  5878  5878 D PluginAODManager: onNotificationInfoUpdated() 0
04-27 20:29:23.755  5878  5878 I AODNotificationManager: updateVisibleNotifications: 0
04-27 20:29:23.755  5878  5878 I a       : updateStatusBarNotifications: open
04-27 20:29:23.755  5878  5878 I a       : updateStatusBarNotifications: open
04-27 20:29:23.796  5878  5878 I FaceWidgetPositionAlgorithm: getClockContainerHeight() supplier = 270, bottom margin = 0, real height = 333
04-27 20:29:23.797  5878  5878 I FaceWidgetPositionAlgorithm: getClockContainerHeight() supplier = 270, bottom margin = 63, real height = 333
04-27 20:29:23.797  5878  5878 I FaceWidgetPositionAlgorithm: getMediaContainerHeight() height = 0 container Visibility = 8, isValid = false, mIsDozing = false, fraction = 1.0, source = 0, target = 0
04-27 20:29:23.797  5878  5878 I FaceWidgetPositionAlgorithm: getMediaContainerHeight() supplier = 0
04-27 20:29:23.851  5878  5878 I FaceWidgetPositionAlgorithm: getClockContainerHeight() supplier = 270, bottom margin = 0, real height = 333
04-27 20:29:23.851  5878  5878 I FaceWidgetPositionAlgorithm: getClockContainerHeight() supplier = 270, bottom margin = 63, real height = 333
04-27 20:29:23.851  5878  5878 I FaceWidgetPositionAlgorithm: getMediaContainerHeight() height = 0 container Visibility = 8, isValid = false, mIsDozing = false, fraction = 1.0, source = 0, target = 0
04-27 20:29:23.852  5878  5878 I FaceWidgetPositionAlgorithm: getMediaContainerHeight() supplier = 0
04-27 20:29:23.857  5878  5878 D PluginAODManager: onNotificationInfoUpdated() 0
04-27 20:29:23.857  5878  5878 I AODNotificationManager: updateVisibleNotifications: 0
04-27 20:29:23.857  5878  5878 I a       : updateStatusBarNotifications: open
04-27 20:29:23.857  5878  5878 I a       : updateStatusBarNotifications: open
04-27 20:29:24.542  5429  5429 D SemWifiP2pGoPowerSave: GopsReceiver : received : com.samsung.intent.action.CHECK_SIOP_LEVEL
04-27 20:29:24.542  5429  5429 I SemWifiP2pGoPowerSave: siop_level = 0
04-27 20:29:24.543 11589 11751 I SystemBroadcastReceiver: [#CMH#] onReceive completed :  0
04-27 20:29:24.546 11589 11589 I PolicyManager: [#CMH#] onReceive action = EVENT_SIOP
04-27 20:29:26.193  5429  7411 D SemWifiUsabilityStatsMonitor: onWifiUsabilityStats - seqNum 4060, isSameBssidAndFreq true
04-27 20:29:26.197  5429  5717 I SemWifiLinkQualityMonitor: Link Qos Query: 0.150 ms / 53.217 Mbps (72 / 0.000 / 1.353)
04-27 20:29:26.198  5878  5878 D NetworkController.WifiSignalController: notifyListener: visible=true, connected=true, inetCondition=1, isDefault=true, wifiTestReported=true, receivedInetCondition=-1, hideDuringMobileSwitching=false
04-27 20:29:26.201  5878  6043 D Tile.WifiTile: handleUpdateState isTransient=false transientEnabling =false cb.isTransient=false state.state = 2 mStateBeforeClick.value =false enabled =true
04-27 20:29:26.554 11589 11769 I PolicyManager: [#CMH#] Is foreground game app: false
04-27 20:29:26.972  5429  5835 D TelephonyManager: requestModemActivityInfo: Sending result to app: ModemActivityInfo{ mTimestamp=29706941 mSleepTimeMs=16895299 mIdleTimeMs=837286 mActivityStatsTechSpecificInfo=[{mRat=UNKNOWN,mFrequencyRange=UNKNOWN,mTxTimeMs[]=[69, 42, 54, 34, 72],mRxTimeMs=9653637}]}
04-27 20:29:27.619  5878  6043 D NetworkController.WifiSignalController: notifyListener: visible=true, connected=true, inetCondition=1, isDefault=true, wifiTestReported=true, receivedInetCondition=-1, hideDuringMobileSwitching=false
04-27 20:29:27.632  5878  6043 D MobileSignalController(0/1): notifyListener: enabled=true, connected=true, dataConnected=false, networkType=LTE (4G), emergencyOnly=false, roaming=true, isDefault=false, dataActivity=, level=4, ca=false, mmWave=false, disabledDataIcon=false, simCard=ETC
04-27 20:29:27.633  5878  6043 D MobileSignalController(1/2): notifyListener: enabled=true, connected=true, dataConnected=false, networkType=LTE (4G), emergencyOnly=false, roaming=false, isDefault=false, dataActivity=, level=4, ca=false, mmWave=false, disabledDataIcon=false, simCard=ETC
04-27 20:29:27.654  5878  6043 I Tile.HotspotTile: handleUpdateState
04-27 20:29:27.668  5878  5878 I Tile.HotspotTile: onDataSaverChanged: false
04-27 20:29:27.668  5878  5878 I Tile.HotspotTile: onHotspotChanged: false
04-27 20:29:27.679  5429  6109 I SemWifiApTetheredClientInfo: getWifiApStaListDetail
04-27 20:29:27.679  5878  5878 D Tile.HotspotTile: updateItems
04-27 20:29:27.679  5878  5878 D Tile.HotspotTile:  updateConnectedDeviceList mConnectedDevices = []
04-27 20:29:27.691  5878  6043 D Tile.MobileDataTile: handleUpdateState : state true
04-27 20:29:27.693  5878  6043 I Tile.HotspotTile: handleUpdateState
04-27 20:29:27.696  5878  6043 I Tile.HotspotTile: handleUpdateState
04-27 20:29:27.699  5878  6043 I Tile.HotspotTile: handleUpdateState
04-27 20:29:27.767  5878  6043 D Tile.DndTile: handleUpdateState zen 0  state = BooleanState[spec=Dnd,icon=ResourceIcon[resId=0x7f0809c1],iconSupplier=null,label=Do not
04-27 20:29:27.767  5878  6043 D Tile.DndTile: disturb,secondaryLabel=null,contentDescription=null,stateDescription=null,dualLabelContentDescription=null,expandedAccessibilityClassName=null,disabledByPolicy=false,dualTarget=true,isTransient=false,state=1,slash="null",sideViewCustomDrawable=null,tileClassName=null,value=false,forceExpandIcon=false]
04-27 20:29:27.816  5429  6109 D SyncManager: userId - 0 auto - true
04-27 20:29:27.820  5878  6043 D Tile.SyncTile: hasUserRestriction: false
04-27 20:29:27.998  5878  6043 W Settings: Setting all_sound_off has moved from android.provider.Settings.System to android.provider.Settings.Global, returning read-only value.
04-27 20:29:28.042  5878  6043 D Tile.RotationLockTile:  handleUpdateState: true orientation = true
04-27 20:29:28.048  5878  6043 D NetworkController: IsPowerOffServiceState is false: 0
04-27 20:29:28.048  5878  6043 D Tile.AirplaneModeTile:  handleUpdateState: airplane mode is disabled : enter mSetting.getValue() == 0 mIsWiFiOnlyDevice false isNoSimState false !isPowerOffServiceState true
04-27 20:29:28.048  5878  6043 D Tile.AirplaneModeTile:  handleUpdateState:  value = false, state = 1
04-27 20:29:28.065  5878  6043 D Tile.BluetoothTile:  handleUpdateState enabled = true connected = true connecting = false changedState =false bluetoothState = 12 enabledChanging = false state = BooleanState[spec=Bluetooth,icon=ResourceIcon[resId=0x7f0809bd],iconSupplier=null,label=Евгений's Watch5 Pro,secondaryLabel=null,contentDescription=Bluetooth,On,Connected to Евгений's Watch5 Pro.,stateDescription=null,dualLabelContentDescription=Connected to Евгений's Watch5 Pro.,expandedAccessibilityClassName=null,disabledByPolicy=false,dualTarget=true,isTransient=false,state=2,slash="null",sideViewCustomDrawable=null,tileClassName=null,value=true,forceExpandIcon=false]
04-27 20:29:28.090  5878  6043 D Tile.BluetoothTile: connectedDeviceCount = 1, musicShareConnectedCount = 0
04-27 20:29:28.261  5878  5878 D SecPowerUI.Notification: showChargingNotice oldChargingType : 11 / currentChargingType : 11, oldChargingTime : 2430000 / mChargingTime : 2430000
04-27 20:29:28.262  5878  5878 D SecPowerUI.Notification: There is no change about charging status, so return!
04-27 20:29:28.750  8401  9381 I BluetoothAdapter: STATE_ON
04-27 20:29:28.759  8401  9381 D BluetoothGatt: connect() - device: 645DF4_1, auto: false
04-27 20:29:28.762  8401  9381 D BluetoothGatt: registerApp()
04-27 20:29:28.763  8401  9381 D BluetoothGatt: registerApp() - UUID=eac86b97-bcdd-423f-a19e-1cb827e8029b
04-27 20:29:28.782  6118  6654 D BtGatt.GattService: registerClient(com.google.android.googlequicksearchbox) - UUID=eac86b97-bcdd-423f-a19e-1cb827e8029b
04-27 20:29:28.789  6118  6654 D BtGatt.ContextMap: add() - appUid: 10233, appPid: 8401, appName: com.google.android.googlequicksearchbox
04-27 20:29:28.793  6118  6631 W bt_bta_gattc: bta_gattc_register :: state: 2, uuid=eac86b97-bcdd-423f-a19e-1cb827e8029b
04-27 20:29:28.795  6118  6631 W bt_bta_gattc: Registered GATT client interface 6 with uuid=eac86b97-bcdd-423f-a19e-1cb827e8029b, starting it on main thread
04-27 20:29:28.795  6118  6324 D BtGatt.GattService: onClientRegistered() - UUID=eac86b97-bcdd-423f-a19e-1cb827e8029b, clientIf=6
04-27 20:29:28.796  6118  6631 W bt_bta_gattc: client_if=6
04-27 20:29:28.794  8401  9381 I GattConnObserver: GATT connect started, beginning countdown timer
04-27 20:29:28.803  8401  1334 D BluetoothGatt: onClientRegistered() - status=0 clientIf=6
04-27 20:29:28.819  6118  6654 D BtGatt.GattService: clientConnect(com.google.android.googlequicksearchbox) - address = 645DF4_1, isDirect=true transport =2 set own addr = false own addr type:0, clientIf: 6, opportunistic=false, phy: 1
04-27 20:29:28.822  6118  6631 W bt_btm_ble: BTM_SecAddBleDevice :: dev_type=0x3
04-27 20:29:28.823  6118  6631 W bt_bta_gattc: bta_gattc_process_api_open
04-27 20:29:28.827  6118  6631 I bt_stack: [INFO:bta_gattc_main.cc(314)] bta_gattc_sm_execute: State 0x00, Event 0x1f00
04-27 20:29:28.827  6118  6631 W bt_bta_gattc: bta_gattc_open
04-27 20:29:28.827  6118  6631 W bt_stack: [WARNING:gatt_api.cc(1238)] GATT_Connect
04-27 20:29:28.828  6118  6631 W bt_stack: Starting direct connect gatt_if=6 address=645df4
04-27 20:29:28.829  6118  6631 W bt_stack: gatt_act_connect
04-27 20:29:28.833  6118  6631 I bt_stack: [INFO:gatt_attr.cc(886)] gatt_sr_init_cl_status: bda=645df4, cl_supp_feat=0000, aware=1
04-27 20:29:28.833  6118  6631 W bt_stack: gatt_connect
04-27 20:29:28.834  6118  6631 W bt_stack: gatt_connect :: call acl_create_le_connection_with_id
04-27 20:29:28.835  6118  6631 W btm_acl : Creating le direct connection to:xx:xx:xx:xx:b3:b1[public]
04-27 20:29:28.835  6118  6631 W bt_stack: AcceptLeConnectionFrom xx:xx:xx:xx:b3:b1
04-27 20:29:28.836  6118  6611 W bt_stack: Allow Le connection from remote:xx:xx:xx:xx:b3:b1[PUBLIC_DEVICE_ADDRESS]
04-27 20:29:28.839  6118  6611 W bt_stack: create_le_connection :: address : 64:5d:f4, add_to_connect_list : 1, is_direct : 1
04-27 20:29:28.840  6118  6611 W bt_stack: add_device_to_connect_list 64:5d:f4 :: Send command after register
04-27 20:29:28.840  6118  6611 W bt_stack: add_device_to_connect_list :: Device is found in security db(64:5d:f4 -> 645df4)
04-27 20:29:28.840  6118  6611 W bt_stack: add_device_to_connect_list :: set address_with_type as identity_addr
04-27 20:29:28.840  6118  6611 W bt_stack: Fast Connection Mode is already Set!!!
04-27 20:29:28.842  6118  6611 W bt_stack: Deferred until filter accept list has completed
04-27 20:29:28.842  6118  6611 W bt_stack: pause_registered_clients()
04-27 20:29:28.842  6118  6611 W bt_stack: le_scanning_manager :: OnPause()
04-27 20:29:28.842  6118  6611 W bt_stack: Stop LeSetScanEnable
04-27 20:29:28.842  6118  6611 W bt_stack: le_scanning_manager :: OnPause() - call AckPause
04-27 20:29:28.842  6118  6611 W bt_stack: le_impl :: OnPause()
04-27 20:29:28.843  6118  6611 W bt_stack: le_impl :: ConnectabilityState is DISARMED. Call AckPause()
04-27 20:29:28.843  6118  6611 W bt_stack: pause_registered_clients()
04-27 20:29:28.847  6118  6611 W bt_stack: le_address_manager :: ack_pause()
04-27 20:29:28.847  6118  6611 W bt_stack: le_address_manager :: ack_pause() - make sure all client paused. Return
04-27 20:29:28.847  6118  6611 W bt_stack: le_address_manager :: ack_pause()
04-27 20:29:28.847  6118  6611 W bt_stack: le_address_manager :: ack_pause() - handle_next_command
04-27 20:29:28.847  6118  6611 W bt_stack: handle_next_command()
04-27 20:29:28.860  6118  6611 W bt_stack: Received command complete with op_code LE_ADD_DEVICE_TO_FILTER_ACCEPT_LIST
04-27 20:29:28.860  6118  6611 W bt_stack: handle_next_command()
04-27 20:29:28.869  6118  6611 W bt_stack: Received command complete with op_code LE_ADD_DEVICE_TO_FILTER_ACCEPT_LIST
04-27 20:29:28.869  6118  6611 W bt_stack: le_scanning_manager :: OnResume()
04-27 20:29:28.869  6118  6611 W bt_stack: Start LeSetScan
04-27 20:29:28.869  6118  6611 W bt_stack: le_scanning_manager :: OnResume() - call AckResume
04-27 20:29:28.869  6118  6611 W bt_stack: le_impl :: OnResume()
04-27 20:29:28.869  6118  6611 W bt_stack: le_impl :: OnResume - Try arm connectability
04-27 20:29:28.869  6118  6611 W bt_stack: arm_connectability()
04-27 20:29:28.870  6118  6611 W bt_stack: le_impl :: check_for_unregister()
04-27 20:29:28.870  6118  6611 W bt_stack: le_address_manager :: ack_resume()
04-27 20:29:28.872  6118  6611 W bt_stack: le_address_manager :: ack_resume()
04-27 20:29:28.877  6118  6611 E bt_stack: on_create_connection :: Command status is success. Set ConnectabilityState to ARMED
04-27 20:29:29.229  5429  7411 D SemWifiUsabilityStatsMonitor: onWifiUsabilityStats - seqNum 4061, isSameBssidAndFreq true
04-27 20:29:29.233  5429  5717 I SemWifiLinkQualityMonitor: Link Qos Query: 0.150 ms / 53.217 Mbps (72 / 0.000 / 1.353)
04-27 20:29:29.563  5429  5835 D PackageManager: setEnabledSetting : userId = 0 packageName = com.Slack cmp = androidx.work.impl.background.systemalarm.RescheduleReceiver newState = 1 callingPackage = 10329/com.Slack
04-27 20:29:29.564  5429  5835 D ApplicationPolicy: getApplicationStateEnabled : pkg = com.Slack userId : 0
04-27 20:29:29.566  5429  5835 D ApplicationPolicy: getApplicationComponentState : pkg = com.Slack userId : 0
04-27 20:29:29.611  5429  5488 W libprocessgroup: Failed to open /dev/blkio//cgroup.procs: No such file or directory
04-27 20:29:29.633 31104 31177 D ConnectivityManager: StackLog: [android.net.ConnectivityManager.sendRequestForNetwork(ConnectivityManager.java:4191)] [android.net.ConnectivityManager.registerDefaultNetworkCallbackForUid(ConnectivityManager.java:4755)] [android.net.ConnectivityManager.registerDefaultNetworkCallback(ConnectivityManager.java:4722)] [android.net.ConnectivityManager.registerDefaultNetworkCallback(ConnectivityManager.java:4696)] [androidx.work.impl.utils.NetworkApi24.registerDefaultNetworkCallbackCompat(Unknown Source:10)] [androidx.work.impl.constraints.trackers.NetworkStateTracker24.startTracking(Unknown Source:15)] [androidx.work.impl.constraints.controllers.ConstraintController.replace(Unknown Source:130)] [androidx.work.impl.constraints.WorkConstraintsTrackerImpl.replace(Unknown Source:41)] [androidx.work.impl.background.greedy.GreedyScheduler.schedule(Unknown Source:300)] [androidx.work.impl.Schedulers.schedule(Unknown Source:149)] [androidx.work.impl.utils.EnqueueRunnable.run(Unknown Source:53)] [androidx.work.Worker$2.run$androidx$work$impl$utils$SerialExecutorImpl$Task(Unknown Source:4)] [androidx.work.Worker$2.run(Unknown Source:868)] [java.util.concurrent.ThreadPoolExecutor.runWorker(ThreadPoolExecutor.java:1137)] [java.util.concurrent.ThreadPoolExecutor$Worker.run(ThreadPoolExecutor.java:637)] [java.lang.Thread.run(Thread.java:1012)]
04-27 20:29:29.636  5429  5442 D ConnectivityService: requestNetwork for uid/pid:10329/31104 activeRequest: null callbackRequest: 3954 [NetworkRequest [ REQUEST id=3955, [ Capabilities: INTERNET&NOT_RESTRICTED&TRUSTED&NOT_VCN_MANAGED Uid: 10329 RequestorUid: 10329 RequestorPkg: com.Slack UnderlyingNetworks: Null] ]] callback flags: 0 order: 2147483647
04-27 20:29:29.637  5429  5665 D ConnectivityService:    accepting network in place of null
04-27 20:29:29.647  5429  5655 D WifiNetworkFactory: got request NetworkRequest [ REQUEST id=3955, [ Capabilities: INTERNET&NOT_RESTRICTED&TRUSTED&NOT_VCN_MANAGED Uid: 10329 RequestorUid: 10329 RequestorPkg: com.Slack UnderlyingNetworks: Null] ]
04-27 20:29:29.650  5429  5655 D UntrustedWifiNetworkFactory: got request NetworkRequest [ REQUEST id=3955, [ Capabilities: INTERNET&NOT_RESTRICTED&TRUSTED&NOT_VCN_MANAGED Uid: 10329 RequestorUid: 10329 RequestorPkg: com.Slack UnderlyingNetworks: Null] ]
04-27 20:29:29.653  5429  5655 D OemPaidWifiNetworkFactory: got request NetworkRequest [ REQUEST id=3955, [ Capabilities: INTERNET&NOT_RESTRICTED&TRUSTED&NOT_VCN_MANAGED Uid: 10329 RequestorUid: 10329 RequestorPkg: com.Slack UnderlyingNetworks: Null] ]
04-27 20:29:29.653  5429  5655 D MultiInternetWifiNetworkFactory: got request NetworkRequest [ REQUEST id=3955, [ Capabilities: INTERNET&NOT_RESTRICTED&TRUSTED&NOT_VCN_MANAGED Uid: 10329 RequestorUid: 10329 RequestorPkg: com.Slack UnderlyingNetworks: Null] ]
04-27 20:29:29.653  5429  5665 D ConnectivityService: Rematched networks [computed 1ms] [applied 2ms] [issued 14]
04-27 20:29:29.654  5429  5665 D ConnectivityService: NetworkReassignment :
04-27 20:29:29.654  5429  5665 D ConnectivityService:   3955 : null → 108
04-27 20:29:29.695 31104 31104 D ConnectivityManager: StackLog: [android.net.ConnectivityManager.unregisterNetworkCallback(ConnectivityManager.java:4863)] [androidx.work.impl.utils.NetworkApi21.unregisterNetworkCallbackCompat(Unknown Source:10)] [androidx.work.impl.constraints.trackers.NetworkStateTracker24.stopTracking(Unknown Source:15)] [androidx.work.impl.constraints.trackers.ConstraintTracker.removeListener(Unknown Source:24)] [androidx.work.impl.constraints.controllers.ConstraintController.replace(Unknown Source:81)] [androidx.work.impl.constraints.WorkConstraintsTrackerImpl.replace(Unknown Source:41)] [androidx.work.impl.background.greedy.GreedyScheduler.onExecuted(Unknown Source:55)] [androidx.work.impl.Processor.onExecuted(Unknown Source:59)] [com.bugsnag.android.DeliveryDelegate$1.run(Unknown Source:212)]
04-27 20:29:29.698  5429  5665 D ConnectivityService:  Removing from current network [108 WIFI], leaving 149 requests.
04-27 20:29:29.760  8449  8666 I SemDvfsHyPerManager: acquire hyper - SIOP_GPU_FREQ_MAX/8449@4, type = 536875010
04-27 20:29:29.763  5040  5080 I HYPER-HAL: [RequestManager.cpp]acquire(): Acquired ID : 35730835  [8449 / 4]    HINT :      list : [GPUMaxFreq / 949000]
04-27 20:29:31.108  6865  8672 I ContactsProvider_EventLog: cp_s: [CONTACT con(156) dat(1077) acc({sim(3)=15, sec(6)=1, sim2(4)=1, google(2)=81, org.telegram.messenger(236)=99, com.whatsapp(14)=39}) calls([logtype:100 cnt:867, logtype:200 cnt:5, logtype:300 cnt:495, logtype:1000 cnt:608, logtype:1150 cnt:161]) Iso(RS) uId(0) ]
04-27 20:29:31.108  6865  8672 I ContactsProvider_EventLog: cp_s: [ agr({[2 ,2 ,14 ,236]=1, [2 ,14 ,236]=32, [3]=15, [14]=1, [4]=1, [2 ,14]=4, [2 ,2]=2, [2]=33, [6 ,14]=1, [2 ,236]=6, [236]=60}) ]
04-27 20:29:31.108  6865  8672 I ContactsProvider_EventLog: cp_s: [ cnt({acore(6865)=1, org.telegram.messenger(3411)=8}) ]
04-27 20:29:31.108  6865  8672 I ContactsProvider_EventLog: cp_s: [PROFILE con(1) dat(1) acc({vnd.sec.contact.phone=1}) ] [SAPROFILE ]
04-27 20:29:31.108  6865  8672 I ContactsProvider_EventLog: cp_s: [STATE R(T) ]
04-27 20:29:31.200  3411  3425 W libc    : Access denied finding property "sys.perf.boostopt"
04-27 20:29:31.200  4899  4899 E audit   : type=1400 audit(1682620171.195:17958): avc:  denied  { read } for  pid=3411 comm="binder:3411_3" name="u:object_r:perf_prop:s0" dev="tmpfs" ino=21617 scontext=u:r:untrusted_app_30:s0:c12,c257,c512,c768 tcontext=u:object_r:perf_prop:s0 tclass=file permissive=0 SEPF_SM-A515F_13_0001 audit_filtered
04-27 20:29:31.200  4899  4899 E audit   : type=1300 audit(1682620171.195:17958): arch=c00000b7 syscall=56 success=no exit=-13 a0=ffffff9c a1=78049b52f8 a2=88000 a3=0 items=0 ppid=4924 pid=3411 auid=4294967295 uid=10268 gid=10268 euid=10268 suid=10268 fsuid=10268 egid=10268 sgid=10268 fsgid=10268 tty=(none) ses=4294967295 comm="binder:3411_3" exe="/system/bin/app_process64" subj=u:r:untrusted_app_30:s0:c12,c257,c512,c768 key=(null)
04-27 20:29:31.200  4899  4899 E audit   : type=1327 audit(1682620171.195:17958): proctitle="org.telegram.messenger"
04-27 20:29:31.348  5429  3615 D TrafficStats: tagSocket(831) with statsTag=0xffffffff, statsUid=-1
04-27 20:29:31.359  5429  3615 D TrafficStats: tagSocket(856) with statsTag=0xffffffff, statsUid=-1
04-27 20:29:31.565  5429  3615 D WifiConnectivityMonitor.DnsThread:  [|219] []
04-27 20:29:31.567  5429  5738 D WifiConnectivityMonitor.NetworkStatsAnalyzer: DNS resultType : 0, responseTime : 219
04-27 20:29:31.568  5429  5736 D OpenNetworkQos[4.00]: updateBssidLatestDnsResultType - result: 0
04-27 20:29:31.568  5429  5736 D OpenNetworkQos[4.00]: updateBssidNoInternet: mBssidNoInternet = false
04-27 20:29:31.568  5429  5736 D OpenNetworkQos[4.00]: getOpenNetworkQosNoInternetStatus: false
04-27 20:29:31.568  5429  5736 D OpenNetworkQos[4.00]: getOpenNetworkQosScores: 26 25 0
04-27 20:29:31.570  5429  5736 I WifiProfileShare: network QoS data was changed (internet), updateQoSData networkType: true, qosData: false
04-27 20:29:31.571  5429  7167 V WifiProfileShare.Caster: update wips network, size: 0
04-27 20:29:31.572  5429  7167 D WifiProfileShare: nearby scanning settings run
04-27 20:29:31.572  5429  7167 D WifiProfileShare: network score provider settings enabled
04-27 20:29:31.573  5429  7167 D OpenNetworkQos[4.00]: getOpenNetworkQosScores: 26 25 0
04-27 20:29:31.573  5429  7167 D OpenNetworkQos[4.00]: getOpenNetworkQosNoInternetStatus: false
04-27 20:29:31.573  5429  7167 I WifiProfileShare.Caster: current network type: 0, score: [26, 25, 0]
04-27 20:29:31.577  5429  7167 V WifiProfileShare.Cache: update network score 0c:8d:db:**:**:7d
04-27 20:29:31.577  5429  7167 D WifiProfileShare.ScanMatcher: getMcfDataList size:20
04-27 20:29:31.580  5429  7167 I WifiProfileShare.Caster: qos data was updated , before:type:QOS, pBssid:e8:51:71, qosData:78 after:type:QOS, pBssid:e8:51:71, qosData:78
04-27 20:29:31.586  5429  7167 I [MCFSDK_android_1.2.4010]_4_b: isNetworkEnabled - type : 1 ret : true
04-27 20:29:31.587  5429  7167 D WifiProfileShare.McfCast: -ME--- mIsNetworkEnabled :true
04-27 20:29:31.587  5429  7167 D WifiProfileShare.McfCast: updateQoSData ignored, same contents
04-27 20:29:31.587  5429  7167 D WifiProfileShare.MCF: success update QosData !
04-27 20:29:31.590  5429  7167 I [MCFSDK_android_1.2.4010]_4_b: isNetworkEnabled - type : 1 ret : true
04-27 20:29:31.590  5429  7167 D WifiProfileShare.McfCast: -ME--- mIsNetworkEnabled :true
04-27 20:29:31.591  5429  7167 D WifiProfileShare.McfCast: -ME--- updatePasswordDate pwdData size:20
04-27 20:29:32.260  5429  7411 D SemWifiUsabilityStatsMonitor: onWifiUsabilityStats - seqNum 4062, isSameBssidAndFreq true
04-27 20:29:32.268  5878  5878 D NetworkController.WifiSignalController: notifyListener: visible=true, connected=true, inetCondition=1, isDefault=true, wifiTestReported=true, receivedInetCondition=-1, hideDuringMobileSwitching=false
04-27 20:29:32.271  5878  6043 D Tile.WifiTile: handleUpdateState isTransient=false transientEnabling =false cb.isTransient=false state.state = 2 mStateBeforeClick.value =false enabled =true
04-27 20:29:32.272  5429  5717 I SemWifiLinkQualityMonitor: Link Qos Query: 0.235 ms / 34.105 Mbps (72 / 0.000 / 2.111)
04-27 20:29:33.239  5067  5067 E sehhealth-service: Could not open /sys/class/power_supply/battery/lrp
04-27 20:29:33.245  5429  5602 D MotionRecognitionService: [SAR]  onReceive : ACTION_BATTERY_CHANGED, Plugged: 2
04-27 20:29:33.250  5429  5429 D PhoneWindowManagerExt: ACTION_BATTERY_CHANGED - Level=76, status=2
04-27 20:29:33.258  5429  5429 D SemWifiApBroadcastReceiver: Received : android.intent.action.BATTERY_CHANGED
04-27 20:29:33.261  5787  5787 D SemBigDataInfoController: Intent: android.intent.action.BATTERY_CHANGED
04-27 20:29:33.261  5787  5787 D SemBigDataInfoController: Intent: android.intent.action.BATTERY_CHANGED
04-27 20:29:33.264  5878  5878 I PowerUI : mBootCompleted = true |  mFullyConnected = true
04-27 20:29:33.265  5878  5878 W PowerUI : Plug reason
04-27 20:29:33.265  5878  5878 W PowerUI : Skip charging animation - by plug status
04-27 20:29:33.265  5878  5878 D PowerUI : priorPlugType = 2 mPlugType = 2 priorBatteryStatus = 2 mBatteryStatus = 2
04-27 20:29:33.265  5878  5878 W PowerUI : Plug reason
04-27 20:29:33.265  5878  5878 W PowerUI : Skip charging sound - by plug status
04-27 20:29:33.265  5878  5878 I PowerUI : oldMisalign : false, curMisalign : false
04-27 20:29:33.268  5878  7399 D SecPowerUI.Notification: dismissing low battery warning: level=76
04-27 20:29:33.268  5878  7399 D SecPowerUI.Notification: updateNotification mWarning=false mPlaySound=false
04-27 20:29:33.271  5878  7399 D SecPowerUI.Notification: SecBatteryStatsSnapshot{batteryLevel=76, currentBatteryMode=0, chargingTime=2430000, chargingType=11, batteryHealth=2, automaticTestMode=false, isHiccupState=false}
04-27 20:29:33.273  5878  7399 D SecPowerUI.Notification: 1. restoreScreenTimeOut - saved_value : :
04-27 20:29:33.274  5878  7399 E SecPowerUI.Notification: no saved value, so we do nothing !!
04-27 20:29:33.278  5878  5878 D SecPowerUI.Notification: showChargingNotice oldChargingType : 11 / currentChargingType : 11, oldChargingTime : 2430000 / mChargingTime : 2430000
04-27 20:29:33.278  5878  5878 D SecPowerUI.Notification: There is no change about charging status, so return!
04-27 20:29:33.278  5878  5878 D PowerUI : Battery swelling mode - priorBatterySwellingMode = 0 mBatterySwellingMode = 0 mBatteryStatus = 2
04-27 20:29:33.278  5878  5878 I PowerUI : mBatteryMiscEvent = 65536
04-27 20:29:33.279  5878  5878 D KeyguardUpdateMonitor: received broadcast android.intent.action.BATTERY_CHANGED
04-27 20:29:33.279  5878  5878 D SamsungBatteryMeterDrawable: onBatteryLevelChanged isSomethingChanged: false
04-27 20:29:33.281  5878  5878 D SamsungBatteryMeterDrawable: onBatteryLevelChanged isSomethingChanged: false
04-27 20:29:33.281  5878  5878 D SamsungBatteryMeterDrawable: onBatteryLevelChanged isSomethingChanged: false
04-27 20:29:33.281  5878  5878 D SamsungBatteryMeterDrawable: onBatteryLevelChanged isSomethingChanged: false
04-27 20:29:33.282  5878  5878 I AODBatteryManager: updateBatteryData: ACTION_BATTERY_CHANGED
04-27 20:29:33.283  5878  5878 I AODBatteryManager: saveBatteryData : AOD BatteryData [mBatteryLevel=76, mBatteryStatus=CHARGING, mBatteryPlugType=USB, mBatteryPlugged=true, mRemainingChargeTime=2430000, mBatteryChargingType=2, mBatteryChargerType=FAST, mBatteryOnline=NOT_DEFINED, mBatterySwellingMode=NONE, mBatteryProtectMode=false]
04-27 20:29:33.283  5878  5878 D KeyguardUpdateMonitor: handleBatteryUpdate
04-27 20:29:33.808  8401  8401 W GattConnObserver: GATT connect timeout!
04-27 20:29:33.810  8401  8401 D BluetoothGatt: cancelOpen() - device: 645DF4_1
04-27 20:29:33.820  6118  6654 D BtGatt.GattService: clientDisconnect(com.google.android.googlequicksearchbox) - address=645DF4_1, connId=null, clientIf: 6
04-27 20:29:33.829  6118  6631 W bt_bta_gattc: bta_gattc_process_api_open_cancel
04-27 20:29:33.830  6118  6631 W bt_bta_gattc: Cancel GATT client direct connection
04-27 20:29:33.830  6118  6631 I bt_stack: [INFO:bta_gattc_main.cc(314)] bta_gattc_sm_execute: State 0x01, Event 0x1f02
04-27 20:29:33.830  6118  6631 W bt_bta_gattc: bta_gattc_cancel_open
04-27 20:29:33.834  6118  6631 W bt_stack: [WARNING:gatt_api.cc(1322)] GATT_CancelConnect: gatt_if:6, address: 645df4, direct:1
04-27 20:29:33.835  6118  6631 W bt_stack: gatt_disconnect
04-27 20:29:33.836  6118  6631 W bt_stack: Unable to find background connection to remove
04-27 20:29:33.836  6118  6631 W bt_stack: BTM_AcceptlistRemove
04-27 20:29:33.836  6118  6631 W bt_stack: IgnoreLeConnectionFrom xx:xx:xx:xx:b3:b1
04-27 20:29:33.837  6118  6631 W gatt_utils: gatt_cleanup_upon_disc
04-27 20:29:33.837  6118  6631 W gatt_utils: gatt_cleanup_upon_disc :: GATT_CH_CLOSE
04-27 20:29:33.837  6118  6611 W bt_stack: Ignore Le connection from remote:xx:xx:xx:xx:b3:b1[PUBLIC_DEVICE_ADDRESS]
04-27 20:29:33.837  6118  6631 W bt_stack: Unable to find background connection to remove
04-27 20:29:33.838  6118  6631 I bt_stack: [INFO:bta_gattc_main.cc(314)] bta_gattc_sm_execute: State 0x01, Event 0x1f03
04-27 20:29:33.838  6118  6611 W bt_stack: cancel_connection_and_remove_device_from_background_connection_list 64:5d:f4
04-27 20:29:33.838  6118  6611 W bt_stack: remove_device_from_background_connection_list 64:5d:f4
04-27 20:29:33.838  6118  6631 W bt_bta_gattc: bta_gattc_cancel_open_ok
04-27 20:29:33.839  6118  6611 W bt_stack: cancel_connect 64:5d:f4
04-27 20:29:33.839  6118  6631 W bt_bta_gattc: bta_gattc_process_api_open_cancel
04-27 20:29:33.839  6118  6631 W bt_bta_gattc: Cancel GATT client background connection
04-27 20:29:33.839  6118  6631 W bt_bta_gattc: bta_gattc_cancel_bk_conn
04-27 20:29:33.840  6118  6631 E bt_stack: [ERROR:bta_gattc_utils.cc(447)] bta_gattc_mark_bg_conn unable to find the bg connection mask for bd_addr=645df4
