04-19 15:56:05.307  4066  4066 I ViewRootImpl@af1bdd3[LauncherActivity]: performTraversals params={(0,0)(fillxfill) sim={adjust=nothing} layoutInDisplayCutoutMode=shortEdges ty=BASE_APPLICATION fmt=TRANSPARENT wanim=0x10302f4
04-19 15:56:05.307  4066  4066 I ViewRootImpl@af1bdd3[LauncherActivity]:   fl=81910100
04-19 15:56:05.307  4066  4066 I ViewRootImpl@af1bdd3[LauncherActivity]:   pfl=1e020040
04-19 15:56:05.307  4066  4066 I ViewRootImpl@af1bdd3[LauncherActivity]:   vsysui=1700
04-19 15:56:05.307  4066  4066 I ViewRootImpl@af1bdd3[LauncherActivity]:   bhv=SHOW_TRANSIENT_BARS_BY_SWIPE
04-19 15:56:05.307  4066  4066 I ViewRootImpl@af1bdd3[LauncherActivity]:   fitSides= naviIconColor=0}
04-19 15:56:05.307  4066  4066 I ViewRootImpl@af1bdd3[LauncherActivity]: performTraversals mFirst=false windowShouldResize=false viewVisibilityChanged=false mForceNextWindowRelayout=false params={(0,0)(fillxfill) sim={adjust=nothing} layoutInDisplayCutoutMode=shortEdges ty=BASE_APPLICATION fmt=TRANSPARENT wanim=0x10302f4
04-19 15:56:05.307  4066  4066 I ViewRootImpl@af1bdd3[LauncherActivity]:   fl=81910100
04-19 15:56:05.307  4066  4066 I ViewRootImpl@af1bdd3[LauncherActivity]:   pfl=1e020040
04-19 15:56:05.307  4066  4066 I ViewRootImpl@af1bdd3[LauncherActivity]:   vsysui=1700
04-19 15:56:05.307  4066  4066 I ViewRootImpl@af1bdd3[LauncherActivity]:   bhv=SHOW_TRANSIENT_BARS_BY_SWIPE
04-19 15:56:05.307  4066  4066 I ViewRootImpl@af1bdd3[LauncherActivity]:   fitSides= naviIconColor=0}
04-19 15:56:05.308  5628 11220 D InputTransport: Input channel destroyed: '7bb78c8', fd=1357
04-19 15:56:05.309  4066  4128 I LiveIconUpdateEventHandler: cancelMinuteChangeAlarm
04-19 15:56:05.310  5628 11220 W InputManager-JNI: Input channel object '7bb78c8 Splash Screen org.jetbrains.android_benchmark.test (client)' was disposed without first being removed with the input manager!
04-19 15:56:05.310  5628 11220 D InputTransport: Input channel destroyed: '7bb78c8', fd=1358
04-19 15:56:05.320  5628 11220 D InputTransport: Input channel constructed: 'Letterb', fd=1357
04-19 15:56:05.320  5628 11220 D InputTransport: Input channel constructed: 'Letterb', fd=1358
04-19 15:56:05.321  5628 11220 D InputTransport: Input channel constructed: 'Letterb', fd=1375
04-19 15:56:05.321  5628 11220 D InputTransport: Input channel constructed: 'Letterb', fd=1376
04-19 15:56:05.321  5628 11220 D InputTransport: Input channel constructed: 'Letterb', fd=1377
04-19 15:56:05.321  5628 11220 D InputTransport: Input channel constructed: 'Letterb', fd=1378
04-19 15:56:05.321  5628 11220 D InputTransport: Input channel constructed: 'Letterb', fd=1379
04-19 15:56:05.321  5628 11220 D InputTransport: Input channel constructed: 'Letterb', fd=1380
04-19 15:56:05.323  5331  6013 I SurfaceFlinger: id=19345 createSurf flag=20004, Letterbox - top#19345
04-19 15:56:05.326  6090  6090 I GoogleInputMethodService: GoogleInputMethodService.updateDeviceLockedStatus():2152 repeatCheckTimes = 0, unlocked = true
04-19 15:56:05.326  5331  5331 I Layer   : id=19335 removeFromCurrentState 7bb78c8 Splash Screen org.jetbrains.android_benchmark.test#19335 (155)
04-19 15:56:05.327  5331  5331 I Layer   : id=19336 removeFromCurrentState Splash Screen org.jetbrains.android_benchmark.test$_8513#19336 (155)
04-19 15:56:05.327  5331  5331 I Layer   : id=19343 removeFromCurrentState Surface(name=884acf org.jetbrains.android_benchmark.test/androidx.benchmark.IsolationActivity)/@0x96f5243 - animation-leash of starting_reveal#19343 (155)
04-19 15:56:05.327  5331  5331 I Layer   : id=19336 removeFromCurrentState Splash Screen org.jetbrains.android_benchmark.test$_8513#19336 (155)
04-19 15:56:05.327  6090  6090 D InputMethodService: checkFocusedDisplay() display Id 0last 0
04-19 15:56:05.327  5331  5331 I SurfaceFlinger: id=19335 Removed 7bb78c8 Splash Screen org.jetbrains.android_benchmark.test#19335 (155)
04-19 15:56:05.327  5331  5331 I SurfaceFlinger: id=19336 Removed Splash Screen org.jetbrains.android_benchmark.test$_8513#19336 (155)
04-19 15:56:05.327  5331  5331 I Layer   : id=19335 Destroyed 7bb78c8 Splash Screen org.jetbrains.android_benchmark.test#19335
04-19 15:56:05.327  5331  5331 I Layer   : id=19336 Destroyed Splash Screen org.jetbrains.android_benchmark.test$_8513#19336
04-19 15:56:05.329  8513  8570 D InputTransport: Input channel destroyed: '7bb78c8', fd=346
04-19 15:56:05.333  5331  5331 D SurfaceFlinger: Display 0 HWC layers:
04-19 15:56:05.333  5331  5331 D SurfaceFlinger:  SOLID_COLOR |              | 0000 |  Unknown  |    0.0    0.0    0.0    0.0 |    0    0 1080   88 | Letterbox - top#19345
04-19 15:56:05.333  5331  5331 D SurfaceFlinger:      DEVICE | 0x79aa45dc40 | 0102 | RGBA_8888    |    0.0    0.0 1080.0 2312.0 |    0   88 1080 2400 | org.jetbrains.android_benchmark.test[...]hmark.IsolationActivity$_17564#19341
04-19 15:56:05.333  5331  5331 D SurfaceFlinger:      DEVICE | 0x79c63ef680 | 0100 | RGBA_8888    |  810.0  452.0  975.0  617.0 |  810  452  975  617 | FreeformContainer$_8492#19256
04-19 15:56:05.333  5331  5331 D SurfaceFlinger:      DEVICE | 0x79c63f10c0 | 0100 | RGBA_8888    |    0.0    0.0 1080.0   88.0 |    0    0 1080   88 | StatusBar$_8513#99
04-19 15:56:05.333  5331  5331 D SurfaceFlinger:      DEVICE | 0x79aa45bbc0 | 0100 | RGBA_8888    |    0.0    0.0 1080.0 2400.0 |    0    0 1080 2400 | NotificationShade$_8513#19331
04-19 15:56:05.333  5331  5331 D SurfaceFlinger:      DEVICE | 0x7993479cc0 | 0100 | RGBA_8888    |    0.0    0.0 1080.0  126.0 |    0 2274 1080 2400 | NavigationBar0$_8513#92
04-19 15:56:05.333  5331  5331 D SurfaceFlinger:      DEVICE | 0x79c7ec87c0 | 0140 | RGBA_8888    |    0.0    0.0 1080.0  100.0 |    0    0 1080  100 | ScreenDecorOverlay$_8513#6827
04-19 15:56:05.333  5331  5331 D SurfaceFlinger:      DEVICE | 0x79a9f42580 | 0140 | RGBA_8888
04-19 15:56:05.334  5331  5331 D SurfaceFlinger: |    0.0    0.0 1080.0  100.0 |    0 2300 1080 2400 | ScreenDecorOverlayBottom$_8513#6828
04-19 15:56:05.334  5331  5331 D SurfaceFlinger:
04-19 15:56:05.334  5628  9229 V WindowManager: Relayout Window{3031f81 u0 com.sec.android.app.launcher/com.sec.android.app.launcher.activities.LauncherActivity}: viewVisibility=8 req=1080x2400 d0
04-19 15:56:05.338  6090  6090 I GoogleInputMethodService: GoogleInputMethodService.onStartInput():1930 onStartInput(EditorInfo{inputType=0x0(NULL) imeOptions=0x0 privateImeOptions=null actionName=UNSPECIFIED actionLabel=null actionId=0 initialSelStart=-1 initialSelEnd=-1 initialCapsMode=0x0 hintText=null label=null packageName=org.jetbrains.android_benchmark.test fieldId=-1 fieldName=null extras=Bundle[{displayId=0}]}, false)
04-19 15:56:05.338  6090  6090 I GoogleInputMethodService: GoogleInputMethodService.shouldHideHeaderOnInitialState():4116 ShouldHideHeaderOnInitialState = false
04-19 15:56:05.339  6090  6090 I GoogleInputMethodService: GoogleInputMethodService.updateDeviceLockedStatus():2152 repeatCheckTimes = 2, unlocked = true
04-19 15:56:05.341  5628  9229 V WindowManager: Relayout hash=3031f81, pid=4066, syncId=-1: mAttrs={(0,0)(fillxfill) sim={adjust=nothing} layoutInDisplayCutoutMode=shortEdges ty=BASE_APPLICATION fmt=TRANSPARENT wanim=0x10302f4
04-19 15:56:05.341  5628  9229 V WindowManager:   fl=81910100
04-19 15:56:05.341  5628  9229 V WindowManager:   pfl=1e020040
04-19 15:56:05.341  5628  9229 V WindowManager:   vsysui=1700
04-19 15:56:05.341  5628  9229 V WindowManager:   bhv=SHOW_TRANSIENT_BARS_BY_SWIPE
04-19 15:56:05.341  5628  9229 V WindowManager:   fitSides= naviIconColor=0}
04-19 15:56:05.344  5331  8956 I SurfaceFlinger: id=19329 Removed Surface(name=5d8515d InputMethod)/@0x84da659 - animation-leash of insets_animation#19329 (153)
04-19 15:56:05.350  4066  4066 I ViewRootImpl@af1bdd3[LauncherActivity]: Relayout returned: old=(0,0,1080,2400) new=(0,0,1080,2400) req=(1080,2400)8 dur=43 res=0x2 s={false 0x0} ch=false seqId=0
04-19 15:56:05.360  5331  5331 I Layer   : id=19329 Destroyed Surface(name=5d8515d InputMethod)/@0x84da659 - animation-leash of insets_animation#19329
04-19 15:56:05.376  5331  5331 I Layer   : id=19323 removeFromCurrentState com.sec.android.app.launcher/com.sec.android.app.launcher.activities.LauncherActivity$_4066#19323 (152)
04-19 15:56:05.379  5331  5456 I SurfaceFlinger: id=19323 Removed com.sec.android.app.launcher/com.sec.android.app.launcher.activities.LauncherActivity$_4066#19323 (152)
04-19 15:56:05.393  5331  5331 I Layer   : id=19323 Destroyed com.sec.android.app.launcher/com.sec.android.app.launcher.activities.LauncherActivity$_4066#19323
04-19 15:56:05.405  5628  5647 I system_server: Background young concurrent copying GC freed 457222(22MB) AllocSpace objects, 76(2308KB) LOS objects, 17% free, 110MB/134MB, paused 796us,524us total 268.784ms
04-19 15:56:05.405  5628  5712 I libprocessgroup: Successfully killed process cgroup uid 1000 pid 800 in 0ms
04-19 15:56:05.422  5250  5250 I Zygote  : Process 800 exited due to signal 9 (Killed)
04-19 15:56:05.431 17445 17459 W libc    : Access denied finding property "sys.perf.boostopt"
04-19 15:56:05.431  5224  5224 E audit   : type=1400 audit(1681912565.425:103020): avc:  denied  { read } for  pid=17445 comm="binder:17445_3" name="u:object_r:perf_prop:s0" dev="tmpfs" ino=16829 scontext=u:r:system_app:s0 tcontext=u:object_r:perf_prop:s0 tclass=file permissive=0 SEPF_SM-A515F_13_0001 audit_filtered
04-19 15:56:05.431  5224  5224 E audit   : type=1300 audit(1681912565.425:103020): arch=c00000b7 syscall=56 success=no exit=-13 a0=ffffff9c a1=7d7537f2f8 a2=88000 a3=0 items=0 ppid=5250 pid=17445 auid=4294967295 uid=1000 gid=1000 euid=1000 suid=1000 fsuid=1000 egid=1000 sgid=1000 fsgid=1000 tty=(none) ses=4294967295 comm="binder:17445_3" exe="/system/bin/app_process64" subj=u:r:system_app:s0 key=(null)
04-19 15:56:05.431  5224  5224 E audit   : type=1327 audit(1681912565.425:103020): proctitle="com.samsung.android.provider.filterprovider"
04-19 15:56:05.435  6090  6090 I InputMethodService: removeImeSurface
04-19 15:56:05.440  6090  6090 I MSHandlerLifeCycle: check: return. pkg=com.google.android.inputmethod.latin isActivity=false callers=com.android.internal.policy.DecorView.setVisibility:4408 android.app.Dialog.hide:767 android.inputmethodservice.InputMethodService.removeImeSurface:1290 android.inputmethodservice.InputMethodService.scheduleImeSurfaceRemoval:1279 android.inputmethodservice.InputMethodService.-$$Nest$mscheduleImeSurfaceRemoval:0
04-19 15:56:05.441  6090  6090 I MSHandlerLifeCycle: removeMultiSplitHandler: no exist. decor=DecorView@635d23e[InputMethod]
04-19 15:56:05.445  5628  5649 W System  : A resource failed to call HardwareBuffer.close.
04-19 15:56:05.446  5628  5649 W System  : A resource failed to call end.
04-19 15:56:05.446  5628  5649 W System  : A resource failed to call HardwareBuffer.close.
04-19 15:56:05.447  5628  5649 W System  : A resource failed to call release.
04-19 15:56:05.464 17649 17690 W System  : ClassLoader referenced unknown path:
04-19 15:56:05.465 17649 17690 D nativeloader: Configuring classloader-namespace for other apk . target_sdk_version=33, uses_libraries=, library_path=/data/app/~~fupSe7mT3TYRtpByrpi4GQ==/com.google.android.gms-bmnvTG7hLJarQuEcM9Lr_Q==/lib/arm64:/data/app/~~fupSe7mT3TYRtpByrpi4GQ==/com.google.android.gms-bmnvTG7hLJarQuEcM9Lr_Q==/base.apk!/lib/arm64-v8a, permitted_path=/data:/mnt/expand:/data/user/0/com.google.android.gms
04-19 15:56:05.477  5628  5649 W System  : A resource failed to call close.
04-19 15:56:05.487  5628  5692 I ActivityTaskManager: Displayed org.jetbrains.android_benchmark.test/androidx.benchmark.IsolationActivity: +1s433ms
04-19 15:56:05.491  9356  9356 E pageboostd: Received HALT command code 2
04-19 15:56:05.514 17564 17585 I PerfettoCapture: Perfetto output file cleanup -
04-19 15:56:05.514 17564 17585 I PerfettoCapture: Starting perfetto tracing with cmd: cat /storage/emulated/0/Android/data/org.jetbrains.android_benchmark.test/cache/trace_config.pb | perfetto --background -c - -o /data/misc/perfetto-traces/trace_output.pb
04-19 15:56:05.544 17649 17697 D libcrashlytics: Initializing libcrashlytics version 3.2.0
04-19 15:56:05.554 17649 17697 D libcrashlytics: Initializing native crash handling successful.
04-19 15:56:05.579 17649 17706 I FA      : App measurement initialized, version: 76011
04-19 15:56:05.579 17649 17706 I FA      : To enable debug logging run: adb shell setprop log.tag.FA VERBOSE
04-19 15:56:05.579 17649 17706 I FA      : To enable faster debug mode event logging run:
04-19 15:56:05.579 17649 17706 I FA      :   adb shell setprop debug.firebase.analytics.app com.idamob.tinkoff.android
04-19 15:56:05.630 27910 27910 D BoundBrokerSvc: onBind: Intent { act=com.google.android.gms.measurement.START pkg=com.google.android.gms }
04-19 15:56:05.630 27910 27910 D BoundBrokerSvc: Loading bound service for intent: Intent { act=com.google.android.gms.measurement.START pkg=com.google.android.gms }
04-19 15:56:05.663 17726 17726 I perfetto:    perfetto_cmd.cc:1001 Connected to the Perfetto traced service, starting tracing
04-19 15:56:05.682  5406  5406 I perfetto: ing_service_impl.cc:953 Configured tracing session 176, #sources:4, duration:0 ms, #buffers:2, total buffer size:36864 KB, total sessions:1, uid:2000 session name: ""
04-19 15:56:05.686  5403  5403 I perfetto:  probes_producer.cc:139 Ftrace setup (target_buf=351)
04-19 15:56:05.688 17564 17585 I PerfettoCapture: Perfetto output - 17726
04-19 15:56:05.688 17564 17585 I PerfettoCapture: EXITCODE=0
04-19 15:56:05.744  4378  4378 I hwservicemanager: getTransport: Cannot find entry android.hardware.atrace@1.0::IAtraceDevice/default in either framework or device VINTF manifest.
04-19 15:56:05.762  5403  5403 I perfetto:    ftrace_procfs.cc:335 enabled ftrace in /sys/kernel/tracing/
04-19 15:56:05.787 30407 30407 I ResourceOverlayService_0: waitAndQuit called
04-19 15:56:05.788 30407 30407 I ResourceOverlayService_0: activity user id 0 process id 0
04-19 15:56:05.793 17564 17585 I PerfettoCapture: Perfetto tracing started successfully with pid 17726.
04-19 15:56:05.875 17564 17585 I PerfettoCapture: /sys/kernel/tracing/tracing_on = 1, polled 0 times, capture fully started
04-19 15:56:05.887 17564 17585 D Benchmark: Set 17585 (Bench thread) to priority -20. Was -8, now -20
04-19 15:56:05.887 17564 17585 D Benchmark: Set 17572 (Jit) to priority -15. Was 9, now -15
04-19 15:56:05.895 17649 17649 E HMSSDK_HMSPackageManager: query hms action, resolveInfoList is null or empty.
04-19 15:56:05.897 17649 17649 E HMSSDK_HMSPackageManager: query aglite action, resolveInfoList is null or empty
04-19 15:56:05.897 17649 17649 E HMSSDK_HMSPackageManager: PackagePriorityInfo list is null
04-19 15:56:05.898 17649 17649 E HMSSDK_HMSPackageManager: <initHmsPackageInfoForMultiService> Failed to find HMS apk
04-19 15:56:05.899 17649 17649 I HMSSDK_HMSPackageManager: Enter getHMSPackageNameForMultiService
04-19 15:56:05.900 17649 17746 I HMSSDK_HMSPackageManager: enter asyncOnceCheckMDMState
04-19 15:56:05.901 17649 17649 E HMSSDK_HMSPackageManager: query hms action, resolveInfoList is null or empty.
04-19 15:56:05.902 17649 17649 E HMSSDK_HMSPackageManager: query aglite action, resolveInfoList is null or empty
04-19 15:56:05.903 17649 17649 E HMSSDK_HMSPackageManager: PackagePriorityInfo list is null
04-19 15:56:05.904 17649 17649 E HMSSDK_HMSPackageManager: <initHmsPackageInfoForMultiService> Failed to find HMS apk
04-19 15:56:05.905 17649 17649 I HMSSDK_HuaweiMobileServicesUtil: hmsPackageName is com.huawei.hwid
04-19 15:56:05.906 17649 17649 E HMSSDK_HMSPackageManager: query hms action, resolveInfoList is null or empty.
04-19 15:56:05.907 17564 17585 I _benchmark.test: Explicit concurrent copying GC freed 109303(6606KB) AllocSpace objects, 71(1420KB) LOS objects, 68% free, 2876KB/9020KB, paused 154us,60us total 17.632ms
04-19 15:56:05.907 17649 17649 E HMSSDK_HMSPackageManager: query aglite action, resolveInfoList is null or empty
04-19 15:56:05.908 17649 17649 E HMSSDK_HMSPackageManager: PackagePriorityInfo list is null
04-19 15:56:05.909 17649 17649 E HMSSDK_HMSPackageManager: <initHmsPackageInfoForMultiService> Failed to find HMS apk
04-19 15:56:05.909 17649 17649 I HMSSDK_HuaweiMobileServicesUtil: HMS is not installed
04-19 15:56:05.928  5276 17678 I HYPER-HAL: [RequestManager.cpp]releaseLocked(): Released ID : 15958446
04-19 15:56:05.939  5276 17593 I HYPER-HAL: [RequestManager.cpp]releaseLocked(): Released ID : 15952796
04-19 15:56:05.973 17649 17748 D ConnectivityManager: StackLog: [android.net.ConnectivityManager.sendRequestForNetwork(ConnectivityManager.java:4191)] [android.net.ConnectivityManager.sendRequestForNetwork(ConnectivityManager.java:4233)] [android.net.ConnectivityManager.registerNetworkCallback(ConnectivityManager.java:4615)] [android.net.ConnectivityManager.registerNetworkCallback(ConnectivityManager.java:4585)] [vq.f.<init>(SourceFile:9)] [vq.f.b(SourceFile:2)] [bq.g.run(SourceFile:23)]
04-19 15:56:05.993  5628  8367 D ConnectivityService: Rematched networks [computed 1ms] [applied 2ms] [issued 12]
04-19 15:56:05.993  5628  8367 D ConnectivityService: NetworkReassignment : no changes
04-19 15:56:06.115  8513  8513 W TouchableRegionManager: onHeadsUpPinnedModeChanged
04-19 15:56:06.139  8513  8513 W NotificationEntryMgr: While running New Pipeline: updateNotifications(reason=onHeadsUpStateChanged)
04-19 15:56:06.153  5250  5250 D Zygote  : Forked child process 17763
04-19 15:56:06.155  8513  8513 D PluginInstanceManager: stopListening
04-19 15:56:06.161  8513  8513 D PluginInstanceManager: stopListening
04-19 15:56:06.162  8513  8513 D PluginInstanceManager: stopListening
04-19 15:56:06.164  8513  8513 D PluginInstanceManager: startListening
04-19 15:56:06.165  8513  8613 D PluginInstanceManager: queryAll com.android.systemui.action.PLUGIN_NOTIFICATION_MENU_ROW
04-19 15:56:06.166  8513  8613 D PluginInstanceManager: Found 0 plugins
04-19 15:56:06.169  8513  8513 D PluginInstanceManager: startListening
04-19 15:56:06.170  8513  8613 D PluginInstanceManager: queryAll com.android.systemui.action.PLUGIN_NOTIFICATION_MENU_ROW
04-19 15:56:06.171  8513  8613 D PluginInstanceManager: Found 0 plugins
04-19 15:56:06.171  8513  8513 D PluginInstanceManager: startListening
04-19 15:56:06.172  8513  8613 D PluginInstanceManager: queryAll com.android.systemui.action.PLUGIN_NOTIFICATION_MENU_ROW
04-19 15:56:06.173  8513  8613 D PluginInstanceManager: Found 0 plugins
04-19 15:56:06.179  8513  8513 D PluginInstanceManager: stopListening
04-19 15:56:06.180  8513  8513 D PluginInstanceManager: startListening
04-19 15:56:06.180  8513  8613 D PluginInstanceManager: queryAll com.android.systemui.action.PLUGIN_NOTIFICATION_MENU_ROW
04-19 15:56:06.181  8513  8613 D PluginInstanceManager: Found 0 plugins
04-19 15:56:06.202  8513  8513 I FaceWidgetPositionAlgorithm: getClockContainerHeight() supplier = 270, bottom margin = 0, real height = 333
04-19 15:56:06.203  8513  8513 I FaceWidgetPositionAlgorithm: getClockContainerHeight() supplier = 270, bottom margin = 63, real height = 333
04-19 15:56:06.203  8513  8513 I FaceWidgetPositionAlgorithm: getMediaContainerHeight() height = 0 container Visibility = 8, isValid = false, mIsDozing = false, fraction = 1.0, source = 0, target = 0
04-19 15:56:06.203  8513  8513 I FaceWidgetPositionAlgorithm: getMediaContainerHeight() supplier = 0
04-19 15:56:06.204 17649 17649 W tinkoff.android: Long monitor contention with owner RxCachedThreadScheduler-1 (17744) at java.security.cert.X509Certificate[] android.security.net.config.NetworkSecurityTrustManager.getAcceptedIssuers()(NetworkSecurityTrustManager.java:178) waiters=0 in java.security.cert.X509Certificate[] android.security.net.config.NetworkSecurityTrustManager.getAcceptedIssuers() for 202ms
04-19 15:56:06.214 17763 17763 I oobe.samsung.gl: Using CollectorTypeCC GC.
04-19 15:56:06.224 17763 17763 E oobe.samsung.gl: Not starting debugger since process cannot load the jdwp agent.
04-19 15:56:06.235  8513  8513 D PluginAODManager: onNotificationInfoUpdated() 0
04-19 15:56:06.236  8513  8513 I AODNotificationManager: updateVisibleNotifications: 0
04-19 15:56:06.236  8513  8513 I a       : updateStatusBarNotifications: open
04-19 15:56:06.236  8513  8513 I a       : updateStatusBarNotifications: open
04-19 15:56:06.240 17763 17763 W libc    : Access denied finding property "sys.perf.boostopt"
04-19 15:56:06.241  5224  5224 E audit   : type=1400 audit(1681912566.233:103021): avc:  denied  { read } for  pid=17763 comm="oobe.samsung.gl" name="u:object_r:perf_prop:s0" dev="tmpfs" ino=16829 scontext=u:r:priv_app:s0:c512,c768 tcontext=u:object_r:perf_prop:s0 tclass=file permissive=0 SEPF_SM-A515F_13_0001 audit_filtered
04-19 15:56:06.254 17763 17763 D ActivityThread: setConscryptValidator
04-19 15:56:06.254 17763 17763 D ActivityThread: setConscryptValidator - put
04-19 15:56:06.255 17763 17776 W libc    : Access denied finding property "sys.perf.boostopt"
04-19 15:56:06.259 17649 17752 W tinkoff.android: Long monitor contention with owner RxCachedThreadScheduler-1 (17744) at java.lang.Object ps.c.get()(SourceFile:8) waiters=0 in java.lang.Object ps.c.get() for 120ms
04-19 15:56:06.318 17763 17777 W libc    : Access denied finding property "sys.perf.boostopt"
04-19 15:56:06.322 17763 17763 D CompatibilityChangeReporter: Compat change id reported: 171979766; UID 10053; state: ENABLED
04-19 15:56:06.351 17649 17780 D TrafficStats: tagSocket(95) with statsTag=0xffffffff, statsUid=-1
04-19 15:56:06.353  5628  8457 D NetdEventListenerService: DNS Requested by : 128, 10405
04-19 15:56:06.354  8513  8513 I FaceWidgetPositionAlgorithm: getClockContainerHeight() supplier = 270, bottom margin = 0, real height = 333
04-19 15:56:06.354  8513  8513 I FaceWidgetPositionAlgorithm: getClockContainerHeight() supplier = 270, bottom margin = 63, real height = 333
04-19 15:56:06.355  8513  8513 I FaceWidgetPositionAlgorithm: getMediaContainerHeight() height = 0 container Visibility = 8, isValid = false, mIsDozing = false, fraction = 1.0, source = 0, target = 0
04-19 15:56:06.355  8513  8513 I FaceWidgetPositionAlgorithm: getMediaContainerHeight() supplier = 0
04-19 15:56:06.440 17649 17690 E FA      : Name is too long. Type, maximum supported length, name: user property, 24, mband_56178_sentry_sdk_for_crashes
04-19 15:56:06.621 17649 17706 I FA      : Tag Manager is not found and thus will not be used
04-19 15:56:06.629  8513  8513 D PanelView: shouldPanelBeVisible false / headUpVisible=false, why=0
04-19 15:56:06.636  8513  8513 D KeyguardVisible: go panelState: OPENING -> CLOSED tracking=false, expanded=true, fraction=0.0
04-19 15:56:06.636  8513  8513 D KeyguardVisible: go panelState: CLOSED -> CLOSED tracking=false, expanded=false, fraction=0.0
04-19 15:56:06.679  5628  5714 W libprocessgroup: Failed to open /dev/blkio//cgroup.procs: No such file or directory
04-19 15:56:06.703  8513  8513 I ViewRootImpl@93ed0f[NotificationShade]: performTraversals params={(0,0)(fillxfill) gr=TOP CENTER_VERTICAL sim={adjust=resize} layoutInDisplayCutoutMode=always ty=NOTIFICATION_SHADE fmt=TRANSLUCENT
04-19 15:56:06.703  8513  8513 I ViewRootImpl@93ed0f[NotificationShade]:   fl=81840048
04-19 15:56:06.703  8513  8513 I ViewRootImpl@93ed0f[NotificationShade]:   pfl=1a000000
04-19 15:56:06.703  8513  8513 I ViewRootImpl@93ed0f[NotificationShade]:   bhv=SHOW_TRANSIENT_BARS_BY_SWIPE naviIconColor=0
04-19 15:56:06.703  8513  8513 I ViewRootImpl@93ed0f[NotificationShade]:   sfl=60000}
04-19 15:56:06.704  8513  8513 I ViewRootImpl@93ed0f[NotificationShade]: performTraversals mFirst=false windowShouldResize=false viewVisibilityChanged=false mForceNextWindowRelayout=false params={(0,0)(fillxfill) gr=TOP CENTER_VERTICAL sim={adjust=resize} layoutInDisplayCutoutMode=always ty=NOTIFICATION_SHADE fmt=TRANSLUCENT
04-19 15:56:06.704  8513  8513 I ViewRootImpl@93ed0f[NotificationShade]:   fl=81840048
04-19 15:56:06.704  8513  8513 I ViewRootImpl@93ed0f[NotificationShade]:   pfl=1a000000
04-19 15:56:06.704  8513  8513 I ViewRootImpl@93ed0f[NotificationShade]:   bhv=SHOW_TRANSIENT_BARS_BY_SWIPE naviIconColor=0
04-19 15:56:06.704  8513  8513 I ViewRootImpl@93ed0f[NotificationShade]:   sfl=60000}
04-19 15:56:06.705  5628 11453 V WindowManager: Relayout Window{298c8e7 u0 NotificationShade}: viewVisibility=0 req=1080x2400 d0
04-19 15:56:06.710  5628 11453 V WindowManager: Relayout hash=298c8e7, pid=8513, syncId=-1: mAttrs={(0,0)(fillxfill) gr=TOP CENTER_VERTICAL sim={adjust=resize} layoutInDisplayCutoutMode=always ty=NOTIFICATION_SHADE fmt=TRANSLUCENT
04-19 15:56:06.710  5628 11453 V WindowManager:   fl=81840048
04-19 15:56:06.710  5628 11453 V WindowManager:   pfl=1a000000
04-19 15:56:06.710  5628 11453 V WindowManager:   bhv=SHOW_TRANSIENT_BARS_BY_SWIPE naviIconColor=0
04-19 15:56:06.710  5628 11453 V WindowManager:   sfl=60000}
04-19 15:56:06.717  8513  8513 I ViewRootImpl@93ed0f[NotificationShade]: updateBlastSurfaceIfNeeded mBlastBufferQueue=0x7cd3442a00 isSameSurfaceControl=true
04-19 15:56:06.718  8513  8513 I BLASTBufferQueue: update, w= 1080 h= 2400 mName = ViewRootImpl@93ed0f[NotificationShade] mNativeObject= 0x7cd3442a00 sc.mNativeObject= 0x7c9fb7a420 format= -3 caller= android.view.ViewRootImpl.updateBlastSurfaceIfNeeded:2898 android.view.ViewRootImpl.relayoutWindow:9847 android.view.ViewRootImpl.performTraversals:3884 android.view.ViewRootImpl.doTraversal:3116 android.view.ViewRootImpl$TraversalRunnable.run:10885 android.view.Choreographer$CallbackRecord.run:1301
04-19 15:56:06.718  8513  8513 I ViewRootImpl@93ed0f[NotificationShade]: Relayout returned: old=(0,0,1080,2400) new=(0,0,1080,2400) req=(1080,2400)0 dur=13 res=0x0 s={true 0x7cd3174000} ch=false seqId=8
04-19 15:56:06.719  8513  8513 I FaceWidgetPositionAlgorithm: getClockContainerHeight() supplier = 270, bottom margin = 0, real height = 333
04-19 15:56:06.719  8513  8513 I FaceWidgetPositionAlgorithm: getClockContainerHeight() supplier = 270, bottom margin = 63, real height = 333
04-19 15:56:06.720  8513  8513 I FaceWidgetPositionAlgorithm: getMediaContainerHeight() height = 0 container Visibility = 8, isValid = false, mIsDozing = false, fraction = 1.0, source = 0, target = 0
04-19 15:56:06.720  8513  8513 I FaceWidgetPositionAlgorithm: getMediaContainerHeight() supplier = 0
04-19 15:56:06.733  8513  8513 D SecPanelLogger: makeExpandedInvisible() mExpandedVisible:true shouldBlockPanelCollapsing:false mNotificationShadeWindowView==null?false
04-19 15:56:06.741  8513  8513 D KeyguardSecAffordanceView: reset right:false
04-19 15:56:06.741  8513  8513 D KeyguardSecAffordanceView: reset right:true
04-19 15:56:06.747 17649 17649 D CompatibilityChangeReporter: Compat change id reported: 170233598; UID 10405; state: DISABLED
04-19 15:56:06.749  8513  8513 V SecQsTransitionAnimator: restorePanelView
04-19 15:56:06.750  8513  8513 D MultiSIMPreferredSlotBar: setExpanded : false mShowing : true
04-19 15:56:06.750  8513  8513 D MultiSIMController: unRegisterSimCardManagerCallback : mSimCardManagerService is null
04-19 15:56:06.751  8513  8513 V SecQsTransitionAnimator: restorePanelView
04-19 15:56:06.751  8513  8513 D MultiSIMPreferredSlotBar: setExpanded : false mShowing : true
04-19 15:56:06.751  8513  8513 D MultiSIMController: unRegisterSimCardManagerCallback : mSimCardManagerService is null
04-19 15:56:06.751  8513  8513 D MultiSIMPreferredSlotBar: setExpanded : false mShowing : true
04-19 15:56:06.751  8513  8513 D MultiSIMController: unRegisterSimCardManagerCallback : mSimCardManagerService is null
04-19 15:56:06.754  8513  8513 D KeyguardTouchAnimator: reset unlockExecuted=false
04-19 15:56:06.755  8513  8513 D KeyguardEditModeAnimatorController: reset false
04-19 15:56:06.758  8513  8513 D KeyguardEditModeAnimatorController: long pressed false
04-19 15:56:06.758  8513  8513 D KeyguardEditModeAnimatorController: resetViews
04-19 15:56:06.760  8513  8513 D KeyguardEditModeController: cancel() true
04-19 15:56:06.760  8513  8513 D KeyguardTouchAnimator: resetChildViewVI(): false
04-19 15:56:06.760  8513  8513 D KeyguardTouchDymLockInjector: resetDynamicLock mIsDynamicLockEnabled: false
04-19 15:56:06.764  8513  8513 D KeyguardVisible: isExpanded: true -> false
04-19 15:56:06.764  8513  8513 D KeyguardVisible: Window state diff only {
04-19 15:56:06.764  8513  8513 D KeyguardVisible:   mNotificationShadeFocusable: true -> false
04-19 15:56:06.764  8513  8513 D KeyguardVisible:   mPanelVisible: true -> false
04-19 15:56:06.764  8513  8513 D KeyguardVisible: }
04-19 15:56:06.772  5628 11262 D PackageManager: setEnabledSetting : userId = 0 packageName = com.idamob.tinkoff.android cmp = androidx.work.impl.background.systemjob.SystemJobService newState = 1 callingPackage = 10405/com.idamob.tinkoff.android
04-19 15:56:06.774  5445  5877 I CameraService: onUidStateChanged: uid=10054, procState is changed. (1 -> 0)
04-19 15:56:06.775  5628  5714 W libprocessgroup: Failed to open /dev/blkio//cgroup.procs: No such file or directory
04-19 15:56:06.776  5628 11262 D ApplicationPolicy: getApplicationStateEnabled : pkg = com.idamob.tinkoff.android userId : 0
04-19 15:56:06.777  5628 11262 D ApplicationPolicy: getApplicationComponentState : pkg = com.idamob.tinkoff.android userId : 0
04-19 15:56:06.782  8513  8513 D CentralSurfaces: Received new disable state: enaihbcrsokt.qingr (unchanged)
04-19 15:56:06.786  8513  8513 D KeyguardVisible: visibilityChanged 0 -> 4
04-19 15:56:06.787  8513  8513 D SecPanelConfigurationBellTower: onWindowViewVisibilityChanged (cSeq.5578 : vSeq.5578) dState(dW:1080, dH:2400) rPicker(pW:1080, pH:2123, adH:2123, cH:88, nbH:126) Rotation(0, c:0, v:0)
04-19 15:56:06.790 30407 30407 I ResourceOverlayService_0: waitAndQuit called
04-19 15:56:06.790 30407 30407 I ResourceOverlayService_0: activity user id 0 process id 0
04-19 15:56:06.797  8513  8575 D OpenGLRenderer: setSurface called with nullptr
04-19 15:56:06.797  8513  8575 D OpenGLRenderer: setSurface() destroyed EGLSurface
04-19 15:56:06.797  8513  8575 D OpenGLRenderer: destroyEglSurface
04-19 15:56:06.801  8513  8513 I ViewRootImpl@93ed0f[NotificationShade]: performTraversals params={(0,0)(fillxfill) gr=TOP CENTER_VERTICAL sim={adjust=resize} layoutInDisplayCutoutMode=always ty=NOTIFICATION_SHADE fmt=TRANSLUCENT
04-19 15:56:06.801  8513  8513 I ViewRootImpl@93ed0f[NotificationShade]:   fl=81840048
04-19 15:56:06.801  8513  8513 I ViewRootImpl@93ed0f[NotificationShade]:   pfl=1b000000
04-19 15:56:06.801  8513  8513 I ViewRootImpl@93ed0f[NotificationShade]:   bhv=SHOW_TRANSIENT_BARS_BY_SWIPE naviIconColor=0
04-19 15:56:06.801  8513  8513 I ViewRootImpl@93ed0f[NotificationShade]:   sfl=60000}
04-19 15:56:06.802  8513  8513 I ViewRootImpl@93ed0f[NotificationShade]: performTraversals mFirst=false windowShouldResize=false viewVisibilityChanged=true mForceNextWindowRelayout=false params={(0,0)(fillxfill) gr=TOP CENTER_VERTICAL sim={adjust=resize} layoutInDisplayCutoutMode=always ty=NOTIFICATION_SHADE fmt=TRANSLUCENT
04-19 15:56:06.802  8513  8513 I ViewRootImpl@93ed0f[NotificationShade]:   fl=81840048
04-19 15:56:06.802  8513  8513 I ViewRootImpl@93ed0f[NotificationShade]:   pfl=1b000000
04-19 15:56:06.802  8513  8513 I ViewRootImpl@93ed0f[NotificationShade]:   bhv=SHOW_TRANSIENT_BARS_BY_SWIPE naviIconColor=0
04-19 15:56:06.802  8513  8513 I ViewRootImpl@93ed0f[NotificationShade]:   sfl=60000}
04-19 15:56:06.803  5628 11254 V WindowManager: Relayout Window{298c8e7 u0 NotificationShade}: viewVisibility=4 req=1080x2400 d0
04-19 15:56:06.809  5331  5331 I Layer   : id=19331 removeFromCurrentState NotificationShade$_8513#19331 (151)
04-19 15:56:06.812  5628 11254 V WindowManager: Relayout hash=298c8e7, pid=8513, syncId=-1: mAttrs={(0,0)(fillxfill) gr=TOP CENTER_VERTICAL sim={adjust=resize} layoutInDisplayCutoutMode=always ty=NOTIFICATION_SHADE fmt=TRANSLUCENT
04-19 15:56:06.812  5628 11254 V WindowManager:   fl=81840048
04-19 15:56:06.812  5628 11254 V WindowManager:   pfl=1b000000
04-19 15:56:06.812  5628 11254 V WindowManager:   bhv=SHOW_TRANSIENT_BARS_BY_SWIPE naviIconColor=0
04-19 15:56:06.812  5628 11254 V WindowManager:   sfl=60000}
04-19 15:56:06.815  8513  8513 I ViewRootImpl@93ed0f[NotificationShade]: Relayout returned: old=(0,0,1080,2400) new=(0,0,1080,2400) req=(1080,2400)4 dur=11 res=0x2 s={false 0x0} ch=true seqId=8
04-19 15:56:06.817  5331  5331 D SurfaceFlinger: Display 0 HWC layers:
04-19 15:56:06.817  5331  5331 D SurfaceFlinger:  SOLID_COLOR |              | 0000 |  Unknown  |    0.0    0.0    0.0    0.0 |    0    0 1080   88 | Letterbox - top#19345
04-19 15:56:06.817  5331  5331 D SurfaceFlinger:      DEVICE | 0x79aa45dc40 | 0102 | RGBA_8888    |    0.0    0.0 1080.0 2312.0 |    0   88 1080 2400 | org.jetbrains.android_benchmark.test[...]hmark.IsolationActivity$_17564#19341
04-19 15:56:06.817  5331  5331 D SurfaceFlinger:      DEVICE | 0x79c63ef680 | 0100 | RGBA_8888    |  810.0  452.0  975.0  617.0 |  810  452  975  617 | FreeformContainer$_8492#19256
04-19 15:56:06.817  5331  5331 D SurfaceFlinger:      DEVICE | 0x799347a080 | 0100 | RGBA_8888    |    0.0    0.0 1080.0   88.0 |    0    0 1080   88 | StatusBar$_8513#99
04-19 15:56:06.817  5331  5331 D SurfaceFlinger:      DEVICE | 0x79c63f1340 | 0100 | RGBA_8888    |    0.0    0.0 1080.0  126.0 |    0 2274 1080 2400 | NavigationBar0$_8513#92
04-19 15:56:06.817  5331  5331 D SurfaceFlinger:      DEVICE | 0x79c7ec87c0 | 0140 | RGBA_8888    |    0.0    0.0 1080.0  100.0 |    0    0 1080  100 | ScreenDecorOverlay$_8513#6827
04-19 15:56:06.817  5331  5331 D SurfaceFlinger:      DEVICE | 0x79a9f42580 | 0140 | RGBA_8888    |    0.0    0.0 1080.0  100.0 |    0 2300 1080 2400 | ScreenDecorOverlayBottom$_8513#6828
04-19 15:56:06.817  5331  5331 D SurfaceFlinger:
04-19 15:56:06.823 17649 17818 W tinkoff.android: Long monitor contention with owner OkHttp https://acdn.tinkoff.ru/... (17780) at void ru.tinkoff.core.components.security.sslverifier.pins.CachingSingle.subscribeActual(ku.c0)(SourceFile:4) waiters=0 in void ru.tinkoff.core.components.security.sslverifier.pins.CachingSingle.subscribeActual(ku.c0) for 166ms
04-19 15:56:06.826  5331  5331 I SurfaceFlinger: id=19331 Removed NotificationShade$_8513#19331 (151)
04-19 15:56:06.827  8513  8513 I ViewRootImpl@2a26f07[StatusBar]: performTraversals params={(0,0)(fillx88) gr=TOP CENTER_VERTICAL sim={adjust=pan} layoutInDisplayCutoutMode=always ty=STATUS_BAR fmt=TRANSLUCENT
04-19 15:56:06.827  8513  8513 I ViewRootImpl@2a26f07[StatusBar]:   fl=81000008
04-19 15:56:06.827  8513  8513 I ViewRootImpl@2a26f07[StatusBar]:   pfl=13000000
04-19 15:56:06.827  8513  8513 I ViewRootImpl@2a26f07[StatusBar]:   bhv=DEFAULT
04-19 15:56:06.827  8513  8513 I ViewRootImpl@2a26f07[StatusBar]:   paramsForRotation=
04-19 15:56:06.827  8513  8513 I ViewRootImpl@2a26f07[StatusBar]:   rot[0]={(0,0)(fillx88) gr=TOP CENTER_VERTICAL layoutInDisplayCutoutMode=always ty=STATUS_BAR fmt=TRANSLUCENT
04-19 15:56:06.827  8513  8513 I ViewRootImpl@2a26f07[StatusBar]:   fl=80000008
04-19 15:56:06.827  8513  8513 I ViewRootImpl@2a26f07[StatusBar]:   pfl=11000000
04-19 15:56:06.827  8513  8513 I ViewRootImpl@2a26f07[StatusBar]:   bhv=DEFAULT naviIconColor=0}
04-19 15:56:06.827  8513  8513 I ViewRootImpl@2a26f07[StatusBar]:   rot[1]={(0,0)(fillx63) gr=TOP CENTER_VERTICAL layoutInDisplayCutoutMode=always ty=STATUS_BAR fmt=TRANSLUCENT
04-19 15:56:06.827  8513  8513 I ViewRootImpl@2a26f07[StatusBar]:   fl=80000008
04-19 15:56:06.827  8513  8513 I ViewRootImpl@2a26f07[StatusBar]:   pfl=11000000
04-19 15:56:06.827  8513  8513 I ViewRootImpl@2a26f07[StatusBar]:   bhv=DEFAULT naviIconColor=0}
04-19 15:56:06.827  8513  8513 I ViewRootImpl@2a26f07[StatusBar]:   rot[2]={(0,0)(fillx88) gr=TOP CENTER_VERTICAL layoutInDisplayCutoutMode=always ty=STATUS_BAR fmt=TRANSLUCENT
04-19 15:56:06.827  8513  8513 I ViewRootImpl@2a26f07[StatusBar]:   fl=80000008
04-19 15:56:06.827  8513  8513 I ViewRootImpl@2a26f07[StatusBar]:   pfl=11000000
04-19 15:56:06.827  8513  8513 I ViewRootImpl@2a26f07[StatusBar]:   bhv=DEFAULT naviIconColor=0}
04-19 15:56:06.827  8513  8513 I ViewRootImpl@2a26f07[StatusBar]:   rot[3]={(0,0)(fillx63) gr=TOP CENTER_VERTICAL layoutInDisplayCutoutMode=always ty=STATUS_BAR fmt=TRANSLUCENT
04-19 15:56:06.827  8513  8513 I ViewRootImpl@2a26f07[StatusBar]:   fl=80000008
04-19 15:56:06.827  8513  8513 I ViewRootImpl@2a26f07[StatusBar]:   pfl=11000000
04-19 15:56:06.827  8513  8513 I ViewRootImpl@2a26f07[StatusBar]:   bhv=DEFAULT naviIconColor=0} naviIconColor=0}
04-19 15:56:06.829  8513  8513 I ViewRootImpl@2a26f07[StatusBar]: performTraversals mFirst=false windowShouldResize=false viewVisibilityChanged=false mForceNextWindowRelayout=false params={(0,0)(fillx88) gr=TOP CENTER_VERTICAL sim={adjust=pan} layoutInDisplayCutoutMode=always ty=STATUS_BAR fmt=TRANSLUCENT
04-19 15:56:06.829  8513  8513 I ViewRootImpl@2a26f07[StatusBar]:   fl=81000008
04-19 15:56:06.829  8513  8513 I ViewRootImpl@2a26f07[StatusBar]:   pfl=13000000
04-19 15:56:06.829  8513  8513 I ViewRootImpl@2a26f07[StatusBar]:   bhv=DEFAULT
04-19 15:56:06.829  8513  8513 I ViewRootImpl@2a26f07[StatusBar]:   paramsForRotation=
04-19 15:56:06.829  8513  8513 I ViewRootImpl@2a26f07[StatusBar]:   rot[0]={(0,0)(fillx88) gr=TOP CENTER_VERTICAL layoutInDisplayCutoutMode=always ty=STATUS_BAR fmt=TRANSLUCENT
04-19 15:56:06.829  8513  8513 I ViewRootImpl@2a26f07[StatusBar]:   fl=80000008
04-19 15:56:06.829  8513  8513 I ViewRootImpl@2a26f07[StatusBar]:   pfl=11000000
04-19 15:56:06.829  8513  8513 I ViewRootImpl@2a26f07[StatusBar]:   bhv=DEFAULT naviIconColor=0}
04-19 15:56:06.829  8513  8513 I ViewRootImpl@2a26f07[StatusBar]:   rot[1]={(0,0)(fillx63) gr=TOP CENTER_VERTICAL layoutInDisplayCutoutMode=always ty=STATUS_BAR fmt=TRANSLUCENT
04-19 15:56:06.829  8513  8513 I ViewRootImpl@2a26f07[StatusBar]:   fl=80000008
04-19 15:56:06.829  8513  8513 I ViewRootImpl@2a26f07[StatusBar]:   pfl=11000000
04-19 15:56:06.829  8513  8513 I ViewRootImpl@2a26f07[StatusBar]:   bhv=DEFAULT naviIconColor=0}
04-19 15:56:06.829  8513  8513 I ViewRootImpl@2a26f07[StatusBar]:   rot[2]={(0,0)(fillx88) gr=TOP CENTER_VERTICAL layoutInDisplayCutoutMode=always ty=STATUS_BAR fmt=TRANSLUCENT
04-19 15:56:06.829  8513  8513 I ViewRootImpl@2a26f07[StatusBar]:   fl=80000008
04-19 15:56:06.829  8513  8513 I ViewRootImpl@2a26f07[StatusBar]:   pfl=11000000
04-19 15:56:06.829  8513  8513 I ViewRootImpl@2a26f07[StatusBar]:   bhv=DEFAULT naviIconColor=0}
04-19 15:56:06.829  8513  8513 I ViewRootImpl@2a26f07[StatusBar]:   rot[3]={(0,0)(fillx63) gr=TOP CENTER_VERTICAL layoutInDisplayCutoutMode=always ty=STATUS_BAR fmt=TRANSLUCENT
04-19 15:56:06.829  8513  8513 I ViewRootImpl@2a26f07[StatusBar]:   fl=80000008
04-19 15:56:06.829  8513  8513 I ViewRootImpl@2a26f07[StatusBar]:   pfl=11000000
04-19 15:56:06.829  8513  8513 I ViewRootImpl@2a26f07[StatusBar]:   bhv=DEFAULT naviIconColor=0} naviIconColor=0}
04-19 15:56:06.830  5628 11262 V WindowManager: Relayout Window{cee1519 u0 StatusBar}: viewVisibility=0 req=1080x88 d0
04-19 15:56:06.832  5331  5456 I SurfaceFlinger: id=19346 createSurf flag=24000, Surface(name=cee1519 StatusBar)/@0xa388342 - animation-leash of insets_animation#19346
04-19 15:56:06.834  5331  5331 I Layer   : id=19331 Destroyed NotificationShade$_8513#19331
04-19 15:56:06.844  5331  5331 I Layer   : id=19330 removeFromCurrentState Surface(name=cee1519 StatusBar)/@0xa388342 - animation-leash of insets_animation#19330 (151)
04-19 15:56:06.844  5331  5331 I SurfaceFlinger: id=19330 Removed Surface(name=cee1519 StatusBar)/@0xa388342 - animation-leash of insets_animation#19330 (151)
04-19 15:56:06.845  5331  5331 I Layer   : id=19330 Destroyed Surface(name=cee1519 StatusBar)/@0xa388342 - animation-leash of insets_animation#19330
04-19 15:56:06.846 17564 17564 D InsetsController: onStateChanged: InsetsState: {mDisplayFrame=Rect(0, 0 - 1080, 2400), mDisplayCutout=DisplayCutout{insets=Rect(0, 88 - 0, 0) waterfall=Insets{left=0, top=0, right=0, bottom=0} boundingRect={Bounds=[Rect(0, 0 - 0, 0), Rect(512, 0 - 568, 88), Rect(0, 0 - 0, 0), Rect(0, 0 - 0, 0)]} cutoutPathParserInfo={CutoutPathParserInfo{displayWidth=1080 displayHeight=2400 physicalDisplayWidth=1080 physicalDisplayHeight=2400 density={2.625} cutoutSpec={M 0,0 M 0,12.25101276465640 a 10.60613009248640,10.60613009248640 0 1,0 0,21.21226018497290 a 10.60613009248640,10.60613009248640 0 1,0 0,-21.21226018497290 Z @dp} rotation={0} scale={1.0} physicalPixelDisplaySizeRatio={1.0}}}}, mRoundedCorners=RoundedCorners{[RoundedCorner{position=TopLeft, radius=84, center=Point(84, 84)}, RoundedCorner{position=TopRight, radius=84, center=Point(996, 84)}, RoundedCorner{position=BottomRight, radius=84, center=Point(996, 2316)}, RoundedCorner{position=BottomLeft, radius=84, center=Point(84, 2316)}]}  mRoundedCornerFrame=Rect(0, 0 - 1080, 2400), mPrivacyIndicatorBounds=PrivacyIndicatorBounds {static bounds=Rect(964, 0 - 1080, 88) rotation=0}, mSources= { InsetsSource: {mType=ITYPE_STATUS_BAR, mFrame=[0,0][1080,88], mVisible=true, mInsetsRoundedCornerFrame=false}, InsetsSource: {mType=ITYPE_NAVIGATION_BAR, mFrame=[0,2274][1080,2400], mVisible=true, mInsetsRoundedCornerFrame=false}, InsetsSource: {mType=ITYPE_LEFT_GESTURES, mFrame=[0,0][0,2400], mVisible=true, mInsetsRoundedCornerFrame=false}, InsetsSource: {mType=ITYPE_RIGHT_GESTURES, mFrame=[1080,0][1080,2400], mVisible=true, mInsetsRoundedCornerFrame=false}, InsetsSource: {mType=ITYPE_TOP_MANDATORY_GESTURES, mFrame=[0,0][1080,120], mVisible=true, mInsetsRoundedCornerFrame=false}, InsetsSource: {mType=ITYPE_BOTTOM_MANDATORY_GESTURES, mFrame=[0,2274][1080,2400], mVisible=true, mInsetsRoundedCornerFrame=false}, InsetsSource: {mType=ITYPE_LEFT_DISPLAY_CUTOUT, mFrame=[0,0][-100000,2400], mVisible=true, mInsetsRoundedCornerFrame=false}, InsetsSource: {mType=ITYPE_TOP_DISPLAY_CUTOUT, mFrame=[0,0][1080,88], mVisible=true, mInsetsRoundedCornerFrame=false}, InsetsSource: {mType=ITYPE_RIGHT_DISPLAY_CUTOUT, mFrame=[100000,0][1080,2400], mVisible=true, mInsetsRoundedCornerFrame=false}, InsetsSource: {mType=ITYPE_BOTTOM_DISPLAY_CUTOUT, mFrame=[0,100000][1080,2400], mVisible=true, mInsetsRoundedCornerFrame=false}, InsetsSource: {mType=ITYPE_TOP_TAPPABLE_ELEMENT, mFrame=[0,0][1080,88], mVisible=true, mInsetsRoundedCornerFrame=false}, InsetsSource: {mType=ITYPE_BOTTOM_TAPPABLE_ELEMENT, mFrame=[0,2274][1080,2400], mVisible=true, mInsetsRoundedCornerFrame=false}, InsetsSource: {mType=ITYPE_IME, mFrame=[0,0][0,0], mVisibleFrame=[0,2274][1080,2400], mVisible=false, mInsetsRoundedCornerFrame=false} } host=org.jetbrains.android_benchmark.test/androidx.benchmark.IsolationActivity from=android.view.ViewRootImpl$ViewRootHandler.handleMessageImpl:6740
04-19 15:56:06.853  5628 11262 V WindowManager: Relayout hash=cee1519, pid=8513, syncId=-1: mAttrs={(0,0)(fillx88) gr=TOP CENTER_VERTICAL sim={adjust=pan} layoutInDisplayCutoutMode=always ty=STATUS_BAR fmt=TRANSLUCENT
04-19 15:56:06.853  5628 11262 V WindowManager:   fl=81000008
04-19 15:56:06.853  5628 11262 V WindowManager:   pfl=13000000
04-19 15:56:06.853  5628 11262 V WindowManager:   bhv=DEFAULT
04-19 15:56:06.853  5628 11262 V WindowManager:   paramsForRotation=
04-19 15:56:06.853  5628 11262 V WindowManager:   rot[0]={(0,0)(fillx88) gr=TOP CENTER_VERTICAL layoutInDisplayCutoutMode=always ty=STATUS_BAR fmt=TRANSLUCENT
04-19 15:56:06.853  5628 11262 V WindowManager:   fl=80000008
04-19 15:56:06.853  5628 11262 V WindowManager:   pfl=11000000
04-19 15:56:06.853  5628 11262 V WindowManager:   bhv=DEFAULT naviIconColor=0}
04-19 15:56:06.853  5628 11262 V WindowManager:   rot[1]={(0,0)(fillx63) gr=TOP CENTER_VERTICAL layoutInDisplayCutoutMode=always ty=STATUS_BAR fmt=TRANSLUCENT
04-19 15:56:06.853  5628 11262 V WindowManager:   fl=80000008
04-19 15:56:06.853  5628 11262 V WindowManager:   pfl=11000000
04-19 15:56:06.853  5628 11262 V WindowManager:   bhv=DEFAULT naviIconColor=0}
04-19 15:56:06.853  5628 11262 V WindowManager:   rot[2]={(0,0)(fillx88) gr=TOP CENTER_VERTICAL layoutInDisplayCutoutMode=always ty=STATUS_BAR fmt=TRANSLUCENT
04-19 15:56:06.853  5628 11262 V WindowManager:   fl=80000008
04-19 15:56:06.853  5628 11262 V WindowManager:   pfl=11000000
04-19 15:56:06.853  5628 11262 V WindowManager:   bhv=DEFAULT naviIconColor=0}
04-19 15:56:06.853  5628 11262 V WindowManager:   rot[3]={(0,0)(fillx63) gr=TOP CENTER_VERTICAL layoutInDisplayCutoutMode=always ty=STATUS_BAR fmt=TRANSLUCENT
04-19 15:56:06.853  5628 11262 V WindowManager:   fl=80000008
04-19 15:56:06.853  5628 11262 V WindowManager:   pfl=11000000
04-19 15:56:06.853  5628 11262 V WindowManager:   bhv=DEFAULT naviIconColor=0} naviIconColor=0}
04-19 15:56:06.854  8513  8513 I ViewRootImpl@2a26f07[StatusBar]: updateBlastSurfaceIfNeeded mBlastBufferQueue=0x7d30703d00 isSameSurfaceControl=true
04-19 15:56:06.855  8513  8513 I BLASTBufferQueue: update, w= 1080 h= 88 mName = ViewRootImpl@2a26f07[StatusBar] mNativeObject= 0x7d30703d00 sc.mNativeObject= 0x7c9fb7a420 format= -3 caller= android.view.ViewRootImpl.updateBlastSurfaceIfNeeded:2898 android.view.ViewRootImpl.relayoutWindow:9847 android.view.ViewRootImpl.performTraversals:3884 android.view.ViewRootImpl.doTraversal:3116 android.view.ViewRootImpl$TraversalRunnable.run:10885 android.view.Choreographer$CallbackRecord.run:1301
04-19 15:56:06.855  8513  8513 I ViewRootImpl@2a26f07[StatusBar]: Relayout returned: old=(0,0,1080,88) new=(0,0,1080,88) req=(1080,88)0 dur=25 res=0x1 s={true 0x7d30718800} ch=false seqId=116
04-19 15:56:06.855  8513  8513 I ViewRootImpl@2a26f07[StatusBar]: reportNextDraw android.view.ViewRootImpl.performTraversals:4438 android.view.ViewRootImpl.doTraversal:3116 android.view.ViewRootImpl$TraversalRunnable.run:10885 android.view.Choreographer$CallbackRecord.run:1301 android.view.Choreographer$CallbackRecord.run:1309
04-19 15:56:06.855  8513  8513 I ViewRootImpl@2a26f07[StatusBar]: Setup new sync id=668
04-19 15:56:06.855  8513  8513 I ViewRootImpl@2a26f07[StatusBar]: Setting syncFrameCallback
04-19 15:56:06.855  8513  8513 I ViewRootImpl@2a26f07[StatusBar]: registerCallbacksForSync syncBuffer=false
04-19 15:56:06.857  8513  8596 I ViewRootImpl@2a26f07[StatusBar]: Received frameDrawingCallback syncResult=0 frameNum=29274.
04-19 15:56:06.857  8513  8596 I ViewRootImpl@2a26f07[StatusBar]: Setting up sync and frameCommitCallback
04-19 15:56:06.862  8513  8575 I ViewRootImpl@2a26f07[StatusBar]: Received frameCommittedCallback lastAttemptedDrawFrameNum=29274 didProduceBuffer=true
04-19 15:56:06.863  8513  8513 I ViewRootImpl@2a26f07[StatusBar]: onSyncComplete
04-19 15:56:06.863  8513  8513 I ViewRootImpl@2a26f07[StatusBar]: setupSync seqId=116 mSyncId=668 fn=29274 caller=android.view.ViewRootImpl$$ExternalSyntheticLambda11.accept:6 android.window.SurfaceSyncer.lambda$setupSync$1$android-window-SurfaceSyncer:128 android.window.SurfaceSyncer$$ExternalSyntheticLambda1.accept:8 android.window.SurfaceSyncer$SyncSet.checkIfSyncIsComplete:382 android.window.SurfaceSyncer$SyncSet.markSyncReady:359 android.window.SurfaceSyncer.markSyncReady:151 android.view.ViewRootImpl.performTraversals:4503
04-19 15:56:06.864  8513  8513 I ViewRootImpl@2a26f07[StatusBar]: reportDrawFinished seqId=116 mSyncId=-1 fn=29274 mSurfaceChangedTransaction=0x7d30429000
04-19 15:56:06.865 17564 17590 I ViewRootImpl@8fe1f7e[IsolationActivity]: Resizing android.view.ViewRootImpl@eefda71: frame = [0,88][1080,2400] reportDraw = false forceLayout = false syncSeqId = 0
04-19 15:56:06.865  8513  8513 D KeyguardSecAffordanceView: reset right:false
04-19 15:56:06.865  8513  8513 D KeyguardSecAffordanceView: reset right:true
