05-10 03:17:59.677 30196 28681 D ConnectivityManager: StackLog: [android.net.ConnectivityManager.reportNetworkConnectivity(ConnectivityManager.java:3390)] [aovh.i(:com.google.android.gms@231613044@23.16.13 (190400-527363516):0)] [aouv.run(:com.google.android.gms@231613044@23.16.13 (190400-527363516):57)] [aovv.run(:com.google.android.gms@231613044@23.16.13 (190400-527363516):2)] [dege.run(:com.google.android.gms@231613044@23.16.13 (190400-527363516):2)] [abzd.c(:com.google.android.gms@231613044@23.16.13 (190400-527363516):6)] [abzd.run(:com.google.android.gms@231613044@23.16.13 (190400-527363516):7)] [java.util.concurrent.ThreadPoolExecutor.runWorker(ThreadPoolExecutor.java:1137)] [java.util.concurrent.ThreadPoolExecutor$Worker.run(ThreadPoolExecutor.java:637)] [acej.run(:com.google.android.gms@231613044@23.16.13 (190400-527363516):0)] [java.lang.Thread.run(Thread.java:1012)]
05-10 03:17:59.680 30196 28681 I AlarmManager: setExactAndAllowWhileIdle [name: GCM_HB_ALARM type: 2 triggerAtMillis: 250854591]
05-10 03:17:59.717 30196 28331 I AlarmManager: setExactAndAllowWhileIdle [name: FcmRetry type: 2 triggerAtMillis: 249784616]
05-10 03:17:59.728 30196 28778 I AlarmManager: setExactAndAllowWhileIdle [name: GCM_HB_ALARM type: 2 triggerAtMillis: 250854639]
05-10 03:17:59.736  5679  5748 W libprocessgroup: Failed to open /dev/blkio//cgroup.procs: No such file or directory
05-10 03:17:59.738  5679  5748 W libprocessgroup: Failed to open /dev/blkio//cgroup.procs: No such file or directory
05-10 03:18:00.007  6397  6397 D KeyguardUpdateMonitor: received broadcast android.intent.action.TIME_TICK
05-10 03:18:00.011  6397  6397 D KeyguardUpdateMonitor: handleTimeUpdate
05-10 03:18:00.017  6397  6397 D FaceWidgetPagesController: onTimeChanged()
05-10 03:18:00.025  6397  7006 D QSClockBellTower: onReceive(android.intent.action.TIME_TICK) mTimeZoneString:null
05-10 03:18:00.031  6397  6397 D QSClockBellTower: He is ready to ring the bell. (((QSClockBellSound - TimeText:03:18, TimeContentDescription:03:18, DateText:Wed, 10 May, ShortDateText:Wed, 10 May, Demo:false, QuickStar-Second(false|12:34:56))))
05-10 03:18:00.034  6397  6397 D QSClockIndicatorView: Home Indicator status_bar_clock 03:18 notifyTimeChanged(QSClockBellSound - TimeText:03:18, TimeContentDescription:03:18, DateText:Wed, 10 May, ShortDateText:Wed, 10 May, Demo:false, QuickStar-Second(false|12:34:56)) ClockVisibleByPolicy:true, ClockVisibleByUser:true, visible?false, parent:android.widget.LinearLayout{ebb6f9 V.E...... ......I. 0,0-0,55 #7f0b04f0 app:id/left_clock_container}
05-10 03:18:00.034  6397  6397 D QSClockBellTower: Everyone heard the bell. run(currentTime:1683681480028,   getTime():Wed May 10 03:18:00 GMT+02:00 2023,   getTimeZone():libcore.util.ZoneInfo[mDstSavings=3600000,mUseDst=true,mDelegate=[id="Europe/Belgrade",mRawOffset=3600000,mEarliestRawOffset=4920000,transitions=119]])
05-10 03:18:00.064  6397  6397 I FaceWidgetPositionAlgorithm: getClockContainerHeight() supplier = 270, bottom margin = 0, real height = 333
05-10 03:18:00.065  6397  6397 I FaceWidgetPositionAlgorithm: getClockContainerHeight() supplier = 270, bottom margin = 63, real height = 333
05-10 03:18:00.065  6397  6397 I FaceWidgetPositionAlgorithm: getMediaContainerHeight() height = 0 container Visibility = 8, isValid = false, mIsDozing = false, fraction = 1.0, source = 0, target = 0
05-10 03:18:00.065  6397  6397 I FaceWidgetPositionAlgorithm: getMediaContainerHeight() supplier = 0
05-10 03:18:00.066  6397  6397 V QsExpandAnimator: setQsExpansionPosition 0.0
05-10 03:18:00.071  6397  6397 V QsExpandAnimator: updateAnimators
05-10 03:18:00.071  6397  6397 V QsExpandAnimator: clearAnimationState
05-10 03:18:00.072  6397  6397 V QsExpandAnimator: updateViews
05-10 03:18:00.073  6397  6397 V QsExpandAnimator: updateTileAnimator
05-10 03:18:00.075  6397  6397 V QsExpandAnimator: updateHeaderAnimator
05-10 03:18:00.075  6397  6397 V QsExpandAnimator: updateBarAnimator
05-10 03:18:00.076  6397  6397 V QsExpandAnimator: setQsExpansionPosition 0.0
05-10 03:18:00.076  6397  6397 V QsExpandAnimator: onAnimationAtStart
05-10 03:18:02.260  5679  7439 D SemWifiUsabilityStatsMonitor: onWifiUsabilityStats - seqNum 11591, isSameBssidAndFreq true
05-10 03:18:02.264  5679  6237 I SemWifiLinkQualityMonitor: Link Qos Query: 0.028 ms / 288.667 Mbps (433 / 0.000 / 1.500)
05-10 03:18:02.266  6397  6397 D NetworkController.WifiSignalController: notifyListener: visible=true, connected=true, inetCondition=1, isDefault=true, wifiTestReported=true, receivedInetCondition=-1, hideDuringMobileSwitching=false
05-10 03:18:02.271  6397  6497 D Tile.WifiTile: handleUpdateState isTransient=false transientEnabling =false cb.isTransient=false state.state = 2 mStateBeforeClick.value =false enabled =true
05-10 03:18:02.779 23197 23221 D Benchmark: timeNs[ 0:10]: 288547576 283800269 286677846 280590076 289329038 299858923 289639269 292954577 297824076 301040577
05-10 03:18:02.779 23197 23221 D Benchmark: timeNs[10:20]: 292127922 292675539 290682846 298557999 287073269 288085807 312429385 266918923 276747577 289300192
05-10 03:18:02.779 23197 23221 D Benchmark: timeNs[20:30]: 287647116 276022692 279297307 296109730 286034385 288061538 293378192 280557039 280582230 280863730
05-10 03:18:02.779 23197 23221 D Benchmark: timeNs[30:40]: 281822307 277118423 286282462 279443346 282734730 278073269 288525231 284249461 283526462 288315039
05-10 03:18:02.779 23197 23221 D Benchmark: timeNs[40:50]: 273281077 273113423 291823846 301985807 280477731 289599576 287288807 278795384 282703692 297601192
05-10 03:18:03.469 30196 28778 D ConnectivityManager: StackLog: [android.net.ConnectivityManager.reportNetworkConnectivity(ConnectivityManager.java:3390)] [aovh.i(:com.google.android.gms@231613044@23.16.13 (190400-527363516):0)] [aouv.run(:com.google.android.gms@231613044@23.16.13 (190400-527363516):57)] [aovv.run(:com.google.android.gms@231613044@23.16.13 (190400-527363516):2)] [dege.run(:com.google.android.gms@231613044@23.16.13 (190400-527363516):2)] [abzd.c(:com.google.android.gms@231613044@23.16.13 (190400-527363516):6)] [abzd.run(:com.google.android.gms@231613044@23.16.13 (190400-527363516):7)] [java.util.concurrent.ThreadPoolExecutor.runWorker(ThreadPoolExecutor.java:1137)] [java.util.concurrent.ThreadPoolExecutor$Worker.run(ThreadPoolExecutor.java:637)] [acej.run(:com.google.android.gms@231613044@23.16.13 (190400-527363516):0)] [java.lang.Thread.run(Thread.java:1012)]
05-10 03:18:03.472 30196 28778 I AlarmManager: setExactAndAllowWhileIdle [name: GCM_HB_ALARM type: 2 triggerAtMillis: 250858383]
05-10 03:18:03.498 30196 28331 I AlarmManager: setExactAndAllowWhileIdle [name: FcmRetry type: 2 triggerAtMillis: 249788406]
05-10 03:18:03.511  5679  5748 W libprocessgroup: Failed to open /dev/blkio//cgroup.procs: No such file or directory
05-10 03:18:03.513  5679  5748 W libprocessgroup: Failed to open /dev/blkio//cgroup.procs: No such file or directory
05-10 03:18:05.280  5679  7439 D SemWifiUsabilityStatsMonitor: onWifiUsabilityStats - seqNum 11592, isSameBssidAndFreq true
05-10 03:18:05.284  5679  6237 I SemWifiLinkQualityMonitor: Link Qos Query: 0.031 ms / 259.800 Mbps (433 / 0.000 / 1.667)
05-10 03:18:05.389 23197 23221 W _benchmark.test: Suspending all threads took: 7.468ms
05-10 03:18:05.403 23197 23221 W _benchmark.test: Suspending all threads took: 13.343ms
05-10 03:18:05.512 30196 28777 D ConnectivityManager: StackLog: [android.net.ConnectivityManager.reportNetworkConnectivity(ConnectivityManager.java:3390)] [aovh.i(:com.google.android.gms@231613044@23.16.13 (190400-527363516):0)] [aouv.run(:com.google.android.gms@231613044@23.16.13 (190400-527363516):57)] [aovv.run(:com.google.android.gms@231613044@23.16.13 (190400-527363516):2)] [dege.run(:com.google.android.gms@231613044@23.16.13 (190400-527363516):2)] [abzd.c(:com.google.android.gms@231613044@23.16.13 (190400-527363516):6)] [abzd.run(:com.google.android.gms@231613044@23.16.13 (190400-527363516):7)] [java.util.concurrent.ThreadPoolExecutor.runWorker(ThreadPoolExecutor.java:1137)] [java.util.concurrent.ThreadPoolExecutor$Worker.run(ThreadPoolExecutor.java:637)] [acej.run(:com.google.android.gms@231613044@23.16.13 (190400-527363516):0)] [java.lang.Thread.run(Thread.java:1012)]
05-10 03:18:05.517 30196 28777 I AlarmManager: setExactAndAllowWhileIdle [name: GCM_HB_ALARM type: 2 triggerAtMillis: 250860428]
05-10 03:18:05.543 30196 28778 I AlarmManager: setExactAndAllowWhileIdle [name: FcmRetry type: 2 triggerAtMillis: 249790451]
05-10 03:18:05.545 30196 28777 I AlarmManager: setExactAndAllowWhileIdle [name: GCM_HB_ALARM type: 2 triggerAtMillis: 250860456]
05-10 03:18:05.558  5679  5748 W libprocessgroup: Failed to open /dev/blkio//cgroup.procs: No such file or directory
05-10 03:18:05.559  5679  5748 W libprocessgroup: Failed to open /dev/blkio//cgroup.procs: No such file or directory
05-10 03:18:06.060 23197 23221 W _benchmark.test: Suspending all threads took: 9.621ms
05-10 03:18:06.061 23197 23221 D Benchmark: allocationCount[ 0:10]: 8872464 8872477 8872473 8872475 8872460
05-10 03:18:06.061 23197 23221 D Benchmark: Set 23221 (Bench thread) to priority -8. Was -20, now -8
05-10 03:18:06.061 23197 23221 D Benchmark: Set 23206 (Jit) to priority 9. Was -15, now 9
05-10 03:18:06.061 23197 23221 D Benchmark: Warmup: t=8.808, iter=30, fastAvg=301653952, slowAvg=648968320
05-10 03:18:06.062 23197 23221 I PerfettoCapture: Stopping perfetto.
05-10 03:18:06.109 28711 28711 I perfetto:    perfetto_cmd.cc:1168 SIGINT/SIGTERM received: disabling tracing.
05-10 03:18:06.115 23197 23221 D Benchmark: kill -TERM command output -
05-10 03:18:06.119  5438  5438 I perfetto:  probes_producer.cc:396 Producer stop (id=177)
05-10 03:18:06.123  5438  5438 I perfetto:    ftrace_procfs.cc:342 disabled ftrace in /sys/kernel/tracing/
05-10 03:18:06.178  4389  4389 I hwservicemanager: getTransport: Cannot find entry android.hardware.atrace@1.0::IAtraceDevice/default in either framework or device VINTF manifest.
05-10 03:18:06.186  5438  5438 I perfetto:  probes_producer.cc:396 Producer stop (id=178)
05-10 03:18:06.187  5438  5438 I perfetto:  probes_producer.cc:396 Producer stop (id=179)
05-10 03:18:06.240  5322  5322 E sehhealth-service: Could not open /sys/class/power_supply/battery/lrp
05-10 03:18:06.429 28711 28711 I perfetto:    perfetto_cmd.cc:1124 Trace written into the output file
05-10 03:18:06.458  5440  5440 I perfetto: ng_service_impl.cc:2426 Tracing session 45 ended, total sessions:0
05-10 03:18:06.751 23197 23221 D Benchmark: Waiting 500 ms for [ProcessPid(processName=perfetto, pid=28711)] to die
05-10 03:18:06.891 23197 23221 I PerfettoCapture: Writing to /storage/emulated/0/Android/data/org.jetbrains.android_benchmark.test/cache/Wolf3dBenchmark_valuePreserveBoxFloat_2023-05-10-01-18-06.perfetto-trace.
05-10 03:18:07.286 23197 23221 D Benchmark: Copying /storage/emulated/0/Android/data/org.jetbrains.android_benchmark.test/cache/Wolf3dBenchmark_valuePreserveBoxFloat_2023-05-10-01-18-06.perfetto-trace to /sdcard/Android/media/org.jetbrains.android_benchmark.test/additional_test_output/Wolf3dBenchmark_valuePreserveBoxFloat_2023-05-10-01-18-06.perfetto-trace
05-10 03:18:07.355  8330 28675 W MediaProvider: isAppCloneUserPair for user 0: false
05-10 03:18:07.428  5679  8514 D SyncManager: userId - 0 auto - true
05-10 03:18:07.734 16258 28827 I GmscoreIpa: Starting mediastore instant index [CONTEXT service_id=255 ]
05-10 03:18:08.308  5679  7439 D SemWifiUsabilityStatsMonitor: onWifiUsabilityStats - seqNum 11593, isSameBssidAndFreq true
05-10 03:18:08.313  5679  6237 I SemWifiLinkQualityMonitor: Link Qos Query: 0.028 ms / 288.667 Mbps (433 / 0.000 / 1.500)
05-10 03:18:08.456  5679  5748 W libprocessgroup: Failed to open /dev/blkio//cgroup.procs: No such file or directory
05-10 03:18:08.473 30196 28681 I NetworkScheduler.Stats: Task com.google.android.gms/com.google.android.gms.ipa.base.IpaGcmTaskService started execution. cause:9 exec_start_elapsed_seconds: 249673 [CONTEXT service_id=218 ]
05-10 03:18:08.486 30196 28778 I NetworkScheduler.Stats: Task com.google.android.gms/com.google.android.gms.ipa.base.IpaGcmTaskService finished executing. cause:9 result: 1 elapsed_millis: 59 uptime_millis: 59 exec_start_elapsed_seconds: 249673 [CONTEXT service_id=218 ]
05-10 03:18:08.557 23197 23221 I Benchmark: Wolf3dBenchmark.valuePreserveBoxFloat[Metric (timeNs) results: median 2.87181038E8, min 2.66918923E8, max 3.12429385E8, standardDeviation: 8515221.611477472, Metric (allocationCount) results: median 8872473.0, min 8872460.0, max 8872477.0, standardDeviation: 7.395944834840239]count=1
05-10 03:18:08.564 23197 23221 D Benchmark: writing results to /storage/emulated/0/Android/data/org.jetbrains.android_benchmark.test/cache/org.jetbrains.android_benchmark.test-benchmarkData.json
05-10 03:18:08.600 23197 23221 D Benchmark: Copying /storage/emulated/0/Android/data/org.jetbrains.android_benchmark.test/cache/org.jetbrains.android_benchmark.test-benchmarkData.json to /sdcard/Android/media/org.jetbrains.android_benchmark.test/additional_test_output/org.jetbrains.android_benchmark.test-benchmarkData.json
05-10 03:18:08.751  5679  8514 D SyncManager: userId - 0 auto - true
05-10 03:18:08.758  8330 28826 I MediaProvider: Deleted 1 0 0 0 0 0 0 items on external_primary due to org.jetbrains.android_benchmark.test
05-10 03:18:08.790  8330 28820 W MediaProvider: isAppCloneUserPair for user 0: false
05-10 03:18:08.852  5679  5748 W libprocessgroup: Failed to open /dev/blkio//cgroup.procs: No such file or directory
05-10 03:18:08.879 30196 28777 I NetworkScheduler.Stats: Task com.google.android.gms/com.google.android.gms.ipa.base.IpaGcmTaskService started execution. cause:9 exec_start_elapsed_seconds: 249673 [CONTEXT service_id=218 ]
05-10 03:18:08.893  5679  8506 D SyncManager: userId - 0 auto - true
05-10 03:18:08.900 30196 28681 I NetworkScheduler.Stats: Task com.google.android.gms/com.google.android.gms.ipa.base.IpaGcmTaskService finished executing. cause:9 result: 1 elapsed_millis: 66 uptime_millis: 66 exec_start_elapsed_seconds: 249673 [CONTEXT service_id=218 ]
05-10 03:18:08.900 23197 23221 I TestRunner: finished: valuePreserveBoxFloat(org.jetbrains.android_benchmark.Wolf3dBenchmark)
