05-10 03:16:04.595 27414 27441 I CameraManagerGlobal: Camera 2 facing CAMERA_FACING_BACK state now CAMERA_STATE_CLOSED for client android.system API Level 2
05-10 03:16:04.595 27414 27441 I CameraManagerGlobal: Camera 20 facing CAMERA_FACING_BACK state now CAMERA_STATE_CLOSED for client android.system API Level 2
05-10 03:16:04.595 27414 27441 I CameraManagerGlobal: Camera 23 facing CAMERA_FACING_BACK state now CAMERA_STATE_CLOSED for client android.system API Level 2
05-10 03:16:04.596 27414 27441 I CameraManagerGlobal: Camera 3 facing CAMERA_FACING_FRONT state now CAMERA_STATE_CLOSED for client com.samsung.adaptivebrightnessgo API Level 2
05-10 03:16:04.596 27414 27441 I CameraManagerGlobal: Camera 4 facing CAMERA_FACING_FRONT state now CAMERA_STATE_CLOSED for client client.pid<5315> API Level 2
05-10 03:16:04.597 27414 27441 I CameraManagerGlobal: Camera 50 facing CAMERA_FACING_BACK state now CAMERA_STATE_CLOSED for client android.system API Level 2
05-10 03:16:04.597 27414 27441 W libc    : Access denied finding property "sys.perf.boostopt"
05-10 03:16:04.598 27414 27441 I CameraManagerGlobal: Camera 52 facing CAMERA_FACING_BACK state now CAMERA_STATE_CLOSED for client android.system API Level 2
05-10 03:16:04.599 27414 27437 I CameraManagerGlobal: Camera 54 facing CAMERA_FACING_BACK state now CAMERA_STATE_CLOSED for client android.system API Level 2
05-10 03:16:04.601  5679  5883 D BluetoothManagerService: mDisableBleCallbacks count 17
05-10 03:16:04.604 27414 27504 I CameraManagerGlobal: postSingleUpdate device: camera id 0 status STATUS_PRESENT
05-10 03:16:04.605 27414 27503 I IC_Service[1.2.93]: onCameraAvailable(0)
05-10 03:16:04.605 27414 27504 I CameraManagerGlobal: postSingleUpdate device: camera id 1 status STATUS_PRESENT
05-10 03:16:04.606 27414 27504 I CameraManagerGlobal: postSingleUpdate device: camera id 2 status STATUS_PRESENT
05-10 03:16:04.606 27414 27504 I CameraManagerGlobal: postSingleUpdate device: camera id 3 status STATUS_PRESENT
05-10 03:16:04.607 27414 27504 I CameraManagerGlobal: postSingleUpdate device: camera id 20 status STATUS_PRESENT
05-10 03:16:04.607 27414 27504 I CameraManagerGlobal: postSingleUpdate device: camera id 23 status STATUS_PRESENT
05-10 03:16:04.607 27414 27504 I CameraManagerGlobal: postSingleUpdate device: camera id 50 status STATUS_PRESENT
05-10 03:16:04.607 27414 27504 I CameraManagerGlobal: postSingleUpdate device: camera id 52 status STATUS_PRESENT
05-10 03:16:04.607 27414 27504 I CameraManagerGlobal: postSingleUpdate device: camera id 54 status STATUS_PRESENT
05-10 03:16:04.608 27414 27504 I IC_Service[1.2.93]: initialize() - camCb registered
05-10 03:16:04.608 27414 27503 I IC_Service[1.2.93]: onCameraAvailable(1)
05-10 03:16:04.609 27414 27503 I IC_Service[1.2.93]: onCameraAvailable(2)
05-10 03:16:04.609 27414 27503 I IC_Service[1.2.93]: onCameraAvailable(3)
05-10 03:16:04.609 27414 27503 I IC_Service[1.2.93]: onCameraAvailable(20)
05-10 03:16:04.609 27414 27503 I IC_Service[1.2.93]: onCameraAvailable(23)
05-10 03:16:04.609 27414 27503 I IC_Service[1.2.93]: onCameraAvailable(50)
05-10 03:16:04.609 27414 27414 I BluetoothAdapter: BluetoothAdapter() : com.samsung.android.easysetup
05-10 03:16:04.609 27414 27503 I IC_Service[1.2.93]: onCameraAvailable(52)
05-10 03:16:04.609 27414 27503 I IC_Service[1.2.93]: onCameraAvailable(54)
05-10 03:16:04.614 27258 27459 I SamsungAccount: [UrlManagerAuth] api_server_url for region
05-10 03:16:04.614 27258 27459 I SamsungAccount: [UrlManagerAuth] return region server url
05-10 03:16:04.614 27258 27459 I SamsungAccount: [AccessTokenRunnable] [InAIDL-AccessTokenRunnable]set auth_server_url
05-10 03:16:04.614 27258 27459 I SamsungAccount: [UrlManagerAuth] auth_server_url for region
05-10 03:16:04.614 27258 27459 I SamsungAccount: [UrlManagerAuth] return region server url
05-10 03:16:04.614 27258 27459 I SamsungAccount: [AccessTokenRunnable] [InAIDL-AccessTokenRunnable]set login_id
05-10 03:16:04.614 27258 27459 I SamsungAccount: [AccessTokenRunnable] [InAIDL-AccessTokenRunnable]setAdditionalInfo finish. Package = android.scpm.
05-10 03:16:04.615 27202 27229 I [SCPMV2][SamsungAccountService]: onReceiveAccessToken: true
05-10 03:16:04.616 27202 27229 I [SCPMV2][AuthDataManager]: setAccessToken
05-10 03:16:04.617 27258 27459 I SamsungAccount: [AIDLInterfaceBinder] [InAIDL] unregisterCallback start
05-10 03:16:04.617 27258 27459 I SamsungAccount: [CBM] [InAIDL-CallbackManager]getCallbackInfo
05-10 03:16:04.617 27258 27459 I SamsungAccount: [RequestHistoryManager] ==AIDL ACCTOKEN HISTORY== android.scpm. => 05/10-03:16:03
05-10 03:16:04.617 27258 27459 I SamsungAccount: [CBM] [InAIDL-CallbackManager]unRegisterCallback
05-10 03:16:04.617 27258 27459 I SamsungAccount: [CBM] [InAIDL-CallbackManager]checkUnregisterCallbackCondition
05-10 03:16:04.617 27258 27459 I SamsungAccount: [CBM] [InAIDL-CallbackManager]getCallbackInfo
05-10 03:16:04.617 27258 27459 I SamsungAccount: [CBM] [InAIDL-CallbackManager] Unregister SuccessPackage = android.scpm.
05-10 03:16:04.618 27258 27459 I SamsungAccount: [AIDLInterfaceBinder] [InAIDL] unregisterCallback end
05-10 03:16:04.620 27258 27273 I SamsungAccount: [OpenContentProvider]  URI : content://com.msc.openprovider.openContentProvider/tncRequest
05-10 03:16:04.620 27258 27273 I SamsungAccount: [AccountManagerUtil] isSamsungAccountSignedIn : true
05-10 03:16:04.621 27258 27273 I SamsungAccount: [SignatureCheckUtil] runCheckSignatureWithEmptyId
05-10 03:16:04.621 27258 27273 I SamsungAccount: [SignatureCheckUtil] runCheckSignatureAsync
05-10 03:16:04.621 27258 27273 I SamsungAccount: [SignaturePreconditionChecker] getSignatureResult - fromSesSdk : true
05-10 03:16:04.622 27258 27273 I SamsungAccount: [SignatureInfoDbHelper] getSignatureResult - [][android.scpm.]
05-10 03:16:04.622 27258 27273 I SamsungAccount: [SignatureInfoDbHelper] searchOnUser
05-10 03:16:04.625 27258 27459 I SamsungAccount: [AccessTokenRunnable] [InAIDL-AccessTokenRunnable]handleProcessSuccessResult finish. Package = android.scpm.
05-10 03:16:04.625 27258 27459 I SamsungAccount: [StateCheckUtil] isChildAccount : false
05-10 03:16:04.648 27258 27273 I SamsungAccount: [SignatureInfoDbHelper] searchOnUser - [][android.scpm.][64/3291d] => matched
05-10 03:16:04.648 27258 27273 I SamsungAccount: [SignatureInfoDbHelper] search - matched
05-10 03:16:04.648 27258 27273 I SamsungAccount: [SignatureCheckUtil] runCheckSignatureAsync(fromDb) - matched
05-10 03:16:04.655 27202 27228 I [SCPMV2][AuthFunctionImpl]: isValidSamsungAccount: name: 0 email: 0
05-10 03:16:04.668 27414 27414 I BluetoothAdapter: STATE_ON
05-10 03:16:04.668 27414 27414 I BluetoothAdapter: STATE_ON
05-10 03:16:04.674 27202 27228 I [SCPMV2][RequestSmp]: PushPreference exist.
05-10 03:16:04.675 27202 27251 W ng.android.scpm: Long monitor contention with owner binder:27202_1 (27228) at void com.samsung.scsp.framework.core.identity.ScspIdentity.transaction(java.lang.Runnable)(ScspIdentity.java:3) waiters=0 in void com.samsung.scsp.framework.core.identity.ScspIdentity.transaction(java.lang.Runnable) for 2.687s
05-10 03:16:04.679 27202 27251 I [SCPMV2][AuthUtil]: getAuthData
05-10 03:16:04.680  4387  4387 I lmkd    : cached 1, sandbox(not0) 0
05-10 03:16:04.684  4387  4387 I lmkd    : Reclaim 'com.sec.android.app.shealth' (26403), uid 10256, oom_score_adj 999, state 19 to free 56312kB rss, 29772kb swap
05-10 03:16:04.685  4387  4387 I lmkd    : Reclaimed 86084kB at oom_score_adj 850
05-10 03:16:04.694 27202 27251 W System.err: java.lang.NullPointerException: Attempt to invoke virtual method 'boolean com.samsung.scsp.framework.core.ScspConfig.isForceFallback()' on a null object reference
05-10 03:16:04.706 27202 27251 W System.err: 	at com.samsung.scsp.framework.core.SContextHolder$NetworkFactory.lambda$get$0(SContextHolder.java:1)
05-10 03:16:04.706 27202 27251 W System.err: 	at com.samsung.scsp.framework.core.f.get(Unknown Source:2)
05-10 03:16:04.706 27202 27251 W System.err: 	at a.c.c.a.f.b(FaultBarrier.java:1)
05-10 03:16:04.707 27202 27251 W System.err: 	at a.c.c.a.f.a(FaultBarrier.java:1)
05-10 03:16:04.707 27202 27251 W System.err: 	at com.samsung.scsp.framework.core.SContextHolder$NetworkFactory.get(SContextHolder.java:1)
05-10 03:16:04.708 27202 27251 W System.err: 	at com.samsung.scsp.framework.core.SContextHolder$NetworkFactory.access$100(SContextHolder.java:1)
05-10 03:16:04.708 27202 27251 W System.err: 	at com.samsung.scsp.framework.core.SContextHolder.<init>(SContextHolder.java:5)
05-10 03:16:04.708 27202 27251 W System.err: 	at com.samsung.scsp.framework.core.identity.IdentityImpl.<init>(IdentityImpl.java:3)
05-10 03:16:04.709 27202 27251 W System.err: 	at com.samsung.scsp.framework.core.identity.ScspIdentity$LazyHolder.<clinit>(ScspIdentity.java:1)
05-10 03:16:04.709 27202 27251 W System.err: 	at com.samsung.scsp.framework.core.identity.ScspIdentity.updatePush(ScspIdentity.java:1)
05-10 03:16:04.709 27202 27251 W System.err: 	at com.samsung.scsp.framework.core.identity.PushInfoSupplier.update(PushInfoSupplier.java:1)
05-10 03:16:04.709 27202 27251 W System.err: 	at com.samsung.android.scpm.auth.d1.c(PushInfoSupplierFactory.java:3)
05-10 03:16:04.709 27202 27251 W System.err: 	at com.samsung.android.scpm.auth.z0.c(AuthUtil.java:1)
05-10 03:16:04.710 27202 27251 W System.err: 	at com.samsung.android.scpm.auth.z0.d(Unknown Source:0)
05-10 03:16:04.711 27202 27251 W System.err: 	at com.samsung.android.scpm.auth.n.run(Unknown Source:2)
05-10 03:16:04.711  5285  5285 I Zygote  : Process 26403 exited due to signal 9 (Killed)
05-10 03:16:04.711 27202 27251 W System.err: 	at a.c.c.a.f.d(FaultBarrier.java:1)
05-10 03:16:04.711 27202 27251 W System.err: 	at a.c.c.a.f.c(FaultBarrier.java:1)
05-10 03:16:04.711 27202 27251 W System.err: 	at com.samsung.android.scpm.auth.z0.e(AuthUtil.java:3)
05-10 03:16:04.711 27202 27251 W System.err: 	at com.samsung.android.scpm.auth.z0.f(Unknown Source:0)
05-10 03:16:04.712 27202 27251 W System.err: 	at com.samsung.android.scpm.auth.o.run(Unknown Source:2)
05-10 03:16:04.712 27202 27251 W System.err: 	at com.samsung.scsp.framework.core.identity.ScspIdentity.transaction(ScspIdentity.java:2)
05-10 03:16:04.712 27202 27251 W System.err: 	at com.samsung.android.scpm.auth.z0.i(AuthUtil.java:1)
05-10 03:16:04.712 27202 27251 W System.err: 	at com.samsung.android.scpm.auth.m1.c(SmpUtil.java:11)
05-10 03:16:04.713  5679  5746 I libprocessgroup: Successfully killed process cgroup uid 10256 pid 26403 in 0ms
05-10 03:16:04.714 27202 27251 W System.err: 	at com.samsung.android.scpm.auth.m1.d(Unknown Source:0)
05-10 03:16:04.715 27202 27251 W System.err: 	at com.samsung.android.scpm.auth.t0.run(Unknown Source:4)
05-10 03:16:04.715 27202 27251 W System.err: 	at a.c.c.a.f.d(FaultBarrier.java:1)
05-10 03:16:04.715 27202 27251 W System.err: 	at a.c.c.a.f.c(FaultBarrier.java:1)
05-10 03:16:04.715 27202 27251 W System.err: 	at com.samsung.android.scpm.auth.m1.a(SmpUtil.java:1)
05-10 03:16:04.716 27202 27251 W System.err: 	at com.samsung.android.scpm.app.AccountDependentInitializer.lambda$accept$0(AccountDependentInitializer.java:2)
05-10 03:16:04.716 27202 27251 W System.err: 	at com.samsung.android.scpm.app.a.run(Unknown Source:2)
05-10 03:16:04.717 27202 27251 W System.err: 	at a.c.c.a.f.d(FaultBarrier.java:1)
05-10 03:16:04.717 27202 27251 W System.err: 	at a.c.c.a.f.c(FaultBarrier.java:1)
05-10 03:16:04.717 27202 27251 W System.err: 	at com.samsung.android.scpm.app.AccountDependentInitializer.accept(AccountDependentInitializer.java:2)
05-10 03:16:04.717 27202 27251 W System.err: 	at com.samsung.android.scpm.app.AccountDependentInitializer.accept(AccountDependentInitializer.java:1)
05-10 03:16:04.717 27202 27251 W System.err: 	at com.samsung.scsp.common.l3.lambda$onCreate$0(ScspApplication.java:1)
05-10 03:16:04.718 27202 27251 W System.err: 	at com.samsung.scsp.common.l3.a(Unknown Source:0)
05-10 03:16:04.718 27202 27251 W System.err: 	at com.samsung.scsp.common.u0.accept(Unknown Source:4)
05-10 03:16:04.719 27202 27251 W System.err: 	at java.util.ArrayList.forEach(ArrayList.java:1262)
05-10 03:16:04.719 27202 27251 W System.err: 	at com.samsung.scsp.common.l3.lambda$onCreate$1(ScspApplication.java:1)
05-10 03:16:04.719 27202 27251 W System.err: 	at com.samsung.scsp.common.l3.b(Unknown Source:0)
05-10 03:16:04.719 27202 27251 W System.err: 	at com.samsung.scsp.common.t0.run(Unknown Source:4)
05-10 03:16:04.719 27202 27251 W System.err: 	at java.lang.Thread.run(Thread.java:1012)
05-10 03:16:04.721  5307  5307 I SensorsHub: batch: handle=17 period=1000000 timeout=0
05-10 03:16:04.722  5679  6473 D SensorService: Calling activate off
05-10 03:16:04.722 27202 27251 W System.err: java.lang.NullPointerException: Attempt to invoke virtual method 'boolean com.samsung.scsp.framework.core.ScspConfig.isEnableHttp2()' on a null object reference
05-10 03:16:04.723 27202 27251 W System.err: 	at com.samsung.scsp.framework.core.CronetEngineFactory.lambda$get$0(CronetEngineFactory.java:1)
05-10 03:16:04.723 27202 27251 W System.err: 	at com.samsung.scsp.framework.core.c.get(Unknown Source:2)
05-10 03:16:04.723 27202 27251 W System.err: 	at a.c.c.a.f.b(FaultBarrier.java:1)
05-10 03:16:04.723 27202 27251 W System.err: 	at a.c.c.a.f.a(FaultBarrier.java:1)
05-10 03:16:04.723 27202 27251 W System.err: 	at com.samsung.scsp.framework.core.CronetEngineFactory.get(CronetEngineFactory.java:1)
05-10 03:16:04.723 27202 27251 W System.err: 	at com.samsung.scsp.framework.core.SContextHolder$NetworkFactory.get(SContextHolder.java:4)
05-10 03:16:04.723 27202 27251 W System.err: 	at com.samsung.scsp.framework.core.SContextHolder$NetworkFactory.access$100(SContextHolder.java:1)
05-10 03:16:04.723 27202 27251 W System.err: 	at com.samsung.scsp.framework.core.SContextHolder.<init>(SContextHolder.java:5)
05-10 03:16:04.723 27202 27251 W System.err: 	at com.samsung.scsp.framework.core.identity.IdentityImpl.<init>(IdentityImpl.java:3)
05-10 03:16:04.723 27202 27251 W System.err: 	at com.samsung.scsp.framework.core.identity.ScspIdentity$LazyHolder.<clinit>(ScspIdentity.java:1)
05-10 03:16:04.723 27202 27251 W System.err: 	at com.samsung.scsp.framework.core.identity.ScspIdentity.updatePush(ScspIdentity.java:1)
05-10 03:16:04.723 27202 27251 W System.err: 	at com.samsung.scsp.framework.core.identity.PushInfoSupplier.update(PushInfoSupplier.java:1)
05-10 03:16:04.723 27202 27251 W System.err: 	at com.samsung.android.scpm.auth.d1.c(PushInfoSupplierFactory.java:3)
05-10 03:16:04.724 27202 27251 W System.err: 	at com.samsung.android.scpm.auth.z0.c(AuthUtil.java:1)
05-10 03:16:04.724 27202 27251 W System.err: 	at com.samsung.android.scpm.auth.z0.d(Unknown Source:0)
05-10 03:16:04.724 27202 27251 W System.err: 	at com.samsung.android.scpm.auth.n.run(Unknown Source:2)
05-10 03:16:04.724 27202 27251 W System.err: 	at a.c.c.a.f.d(FaultBarrier.java:1)
05-10 03:16:04.725 27202 27251 W System.err: 	at a.c.c.a.f.c(FaultBarrier.java:1)
05-10 03:16:04.726 27202 27251 W System.err: 	at com.samsung.android.scpm.auth.z0.e(AuthUtil.java:3)
05-10 03:16:04.726 27202 27251 W System.err: 	at com.samsung.android.scpm.auth.z0.f(Unknown Source:0)
05-10 03:16:04.726 27202 27251 W System.err: 	at com.samsung.android.scpm.auth.o.run(Unknown Source:2)
05-10 03:16:04.727 27202 27251 W System.err: 	at com.samsung.scsp.framework.core.identity.ScspIdentity.transaction(ScspIdentity.java:2)
05-10 03:16:04.727 27202 27251 W System.err: 	at com.samsung.android.scpm.auth.z0.i(AuthUtil.java:1)
05-10 03:16:04.727 27202 27251 W System.err: 	at com.samsung.android.scpm.auth.m1.c(SmpUtil.java:11)
05-10 03:16:04.727 27202 27251 W System.err: 	at com.samsung.android.scpm.auth.m1.d(Unknown Source:0)
05-10 03:16:04.727 27202 27251 W System.err: 	at com.samsung.android.scpm.auth.t0.run(Unknown Source:4)
05-10 03:16:04.727 27202 27251 W System.err: 	at a.c.c.a.f.d(FaultBarrier.java:1)
05-10 03:16:04.727 27202 27251 W System.err: 	at a.c.c.a.f.c(FaultBarrier.java:1)
05-10 03:16:04.729 27202 27251 W System.err: 	at com.samsung.android.scpm.auth.m1.a(SmpUtil.java:1)
05-10 03:16:04.729 27202 27251 W System.err: 	at com.samsung.android.scpm.app.AccountDependentInitializer.lambda$accept$0(AccountDependentInitializer.java:2)
05-10 03:16:04.729 27202 27251 W System.err: 	at com.samsung.android.scpm.app.a.run(Unknown Source:2)
05-10 03:16:04.729 27202 27251 W System.err: 	at a.c.c.a.f.d(FaultBarrier.java:1)
05-10 03:16:04.729 27202 27251 W System.err: 	at a.c.c.a.f.c(FaultBarrier.java:1)
05-10 03:16:04.729 27202 27251 W System.err: 	at com.samsung.android.scpm.app.AccountDependentInitializer.accept(AccountDependentInitializer.java:2)
05-10 03:16:04.729 27202 27251 W System.err: 	at com.samsung.android.scpm.app.AccountDependentInitializer.accept(AccountDependentInitializer.java:1)
05-10 03:16:04.729 27202 27251 W System.err: 	at com.samsung.scsp.common.l3.lambda$onCreate$0(ScspApplication.java:1)
05-10 03:16:04.729 27202 27251 W System.err: 	at com.samsung.scsp.common.l3.a(Unknown Source:0)
05-10 03:16:04.730 27202 27251 W System.err: 	at com.samsung.scsp.common.u0.accept(Unknown Source:4)
05-10 03:16:04.730 27202 27251 W System.err: 	at java.util.ArrayList.forEach(ArrayList.java:1262)
05-10 03:16:04.730 27202 27251 W System.err: 	at com.samsung.scsp.common.l3.lambda$onCreate$1(ScspApplication.java:1)
05-10 03:16:04.730 27202 27251 W System.err: 	at com.samsung.scsp.common.l3.b(Unknown Source:0)
05-10 03:16:04.730 27202 27251 W System.err: 	at com.samsung.scsp.common.t0.run(Unknown Source:4)
05-10 03:16:04.730 27202 27251 W System.err: 	at java.lang.Thread.run(Thread.java:1012)
05-10 03:16:04.731 27202 27251 W System.err: java.lang.NullPointerException: Attempt to invoke virtual method 'boolean com.samsung.scsp.framework.core.ScspConfig.isEnableQuic()' on a null object reference
05-10 03:16:04.733 27202 27251 W System.err: 	at com.samsung.scsp.framework.core.CronetEngineFactory.lambda$get$1(CronetEngineFactory.java:1)
05-10 03:16:04.733 27202 27251 W System.err: 	at com.samsung.scsp.framework.core.b.get(Unknown Source:2)
05-10 03:16:04.733 27202 27251 W System.err: 	at a.c.c.a.f.b(FaultBarrier.java:1)
05-10 03:16:04.733 27202 27251 W System.err: 	at a.c.c.a.f.a(FaultBarrier.java:1)
05-10 03:16:04.734 27202 27251 W System.err: 	at com.samsung.scsp.framework.core.CronetEngineFactory.get(CronetEngineFactory.java:2)
05-10 03:16:04.734 27202 27251 W System.err: 	at com.samsung.scsp.framework.core.SContextHolder$NetworkFactory.get(SContextHolder.java:4)
05-10 03:16:04.734 27202 27251 W System.err: 	at com.samsung.scsp.framework.core.SContextHolder$NetworkFactory.access$100(SContextHolder.java:1)
05-10 03:16:04.734 27202 27251 W System.err: 	at com.samsung.scsp.framework.core.SContextHolder.<init>(SContextHolder.java:5)
05-10 03:16:04.734 27202 27251 W System.err: 	at com.samsung.scsp.framework.core.identity.IdentityImpl.<init>(IdentityImpl.java:3)
05-10 03:16:04.734 27202 27251 W System.err: 	at com.samsung.scsp.framework.core.identity.ScspIdentity$LazyHolder.<clinit>(ScspIdentity.java:1)
05-10 03:16:04.735 27202 27251 W System.err: 	at com.samsung.scsp.framework.core.identity.ScspIdentity.updatePush(ScspIdentity.java:1)
05-10 03:16:04.735 27202 27251 W System.err: 	at com.samsung.scsp.framework.core.identity.PushInfoSupplier.update(PushInfoSupplier.java:1)
05-10 03:16:04.735 27202 27251 W System.err: 	at com.samsung.android.scpm.auth.d1.c(PushInfoSupplierFactory.java:3)
05-10 03:16:04.735 27202 27251 W System.err: 	at com.samsung.android.scpm.auth.z0.c(AuthUtil.java:1)
05-10 03:16:04.735 27202 27251 W System.err: 	at com.samsung.android.scpm.auth.z0.d(Unknown Source:0)
05-10 03:16:04.735 27202 27251 W System.err: 	at com.samsung.android.scpm.auth.n.run(Unknown Source:2)
05-10 03:16:04.735 27202 27251 W System.err: 	at a.c.c.a.f.d(FaultBarrier.java:1)
05-10 03:16:04.735 27202 27251 W System.err: 	at a.c.c.a.f.c(FaultBarrier.java:1)
05-10 03:16:04.736 27202 27251 W System.err: 	at com.samsung.android.scpm.auth.z0.e(AuthUtil.java:3)
05-10 03:16:04.736 27202 27251 W System.err: 	at com.samsung.android.scpm.auth.z0.f(Unknown Source:0)
05-10 03:16:04.736 27202 27251 W System.err: 	at com.samsung.android.scpm.auth.o.run(Unknown Source:2)
05-10 03:16:04.736 27202 27251 W System.err: 	at com.samsung.scsp.framework.core.identity.ScspIdentity.transaction(ScspIdentity.java:2)
05-10 03:16:04.737 27202 27251 W System.err: 	at com.samsung.android.scpm.auth.z0.i(AuthUtil.java:1)
05-10 03:16:04.737 27202 27251 W System.err: 	at com.samsung.android.scpm.auth.m1.c(SmpUtil.java:11)
05-10 03:16:04.737 27202 27251 W System.err: 	at com.samsung.android.scpm.auth.m1.d(Unknown Source:0)
05-10 03:16:04.737 27202 27251 W System.err: 	at com.samsung.android.scpm.auth.t0.run(Unknown Source:4)
05-10 03:16:04.737 27202 27251 W System.err: 	at a.c.c.a.f.d(FaultBarrier.java:1)
05-10 03:16:04.737 27202 27251 W System.err: 	at a.c.c.a.f.c(FaultBarrier.java:1)
05-10 03:16:04.737 27202 27251 W System.err: 	at com.samsung.android.scpm.auth.m1.a(SmpUtil.java:1)
05-10 03:16:04.737 27202 27251 W System.err: 	at com.samsung.android.scpm.app.AccountDependentInitializer.lambda$accept$0(AccountDependentInitializer.java:2)
05-10 03:16:04.738 27202 27251 W System.err: 	at com.samsung.android.scpm.app.a.run(Unknown Source:2)
05-10 03:16:04.738 27202 27251 W System.err: 	at a.c.c.a.f.d(FaultBarrier.java:1)
05-10 03:16:04.738 27202 27251 W System.err: 	at a.c.c.a.f.c(FaultBarrier.java:1)
05-10 03:16:04.738 27202 27251 W System.err: 	at com.samsung.android.scpm.app.AccountDependentInitializer.accept(AccountDependentInitializer.java:2)
05-10 03:16:04.738 27202 27251 W System.err: 	at com.samsung.android.scpm.app.AccountDependentInitializer.accept(AccountDependentInitializer.java:1)
05-10 03:16:04.739 27202 27251 W System.err: 	at com.samsung.scsp.common.l3.lambda$onCreate$0(ScspApplication.java:1)
05-10 03:16:04.739 27202 27251 W System.err: 	at com.samsung.scsp.common.l3.a(Unknown Source:0)
05-10 03:16:04.739 27202 27251 W System.err: 	at com.samsung.scsp.common.u0.accept(Unknown Source:4)
05-10 03:16:04.739 27202 27251 W System.err: 	at java.util.ArrayList.forEach(ArrayList.java:1262)
05-10 03:16:04.740 27202 27251 W System.err: 	at com.samsung.scsp.common.l3.lambda$onCreate$1(ScspApplication.java:1)
05-10 03:16:04.740 27202 27251 W System.err: 	at com.samsung.scsp.common.l3.b(Unknown Source:0)
05-10 03:16:04.740 27202 27251 W System.err: 	at com.samsung.scsp.common.t0.run(Unknown Source:4)
05-10 03:16:04.740 27202 27251 W System.err: 	at java.lang.Thread.run(Thread.java:1012)
05-10 03:16:04.741 27202 27228 I [SCPMV2][PatchDevice]: execute
05-10 03:16:04.754  5679  5883 I BluetoothManagerService: addProxy from com.samsung.android.easysetup (11)
05-10 03:16:04.760 27202 27228 I [SCPMV2][PatchDevice]: extras is not null
05-10 03:16:04.760 27202 27228 I [SCPMV2][CertificateCallFunction]: Lock end
05-10 03:16:04.760 27202 27228 I [SCPMV2][GetFingerPrintExecutorImpl]: execute
05-10 03:16:04.761 27202 27228 I [SCPMV2][GetFingerPrintExecutorImpl]: User
05-10 03:16:04.775 27115 27189 I [SCPM][K][0.9.1002]: [x]Method : get_finger_print, Argument : user, Result : true
05-10 03:16:04.775 27115 27189 I [SCPM][K][0.9.1002]: [x]getCertificate
05-10 03:16:04.790 27202 27228 I [SCPMV2][AuthUtil]: getAuthData
05-10 03:16:04.796 27202 27518 I DynamiteModule: Considering local module com.google.android.gms.cronet_dynamite:0 and remote module com.google.android.gms.cronet_dynamite:2411
05-10 03:16:04.796 27202 27518 I DynamiteModule: Selected remote version of com.google.android.gms.cronet_dynamite, version >= 2411
05-10 03:16:04.831 27202 27518 W System  : ClassLoader referenced unknown path:
05-10 03:16:04.834 27414 27414 I IC_g[1.2.93]: checkConnectPermission CONNECT SDK_INT : 33
05-10 03:16:04.848 27414 27414 I IC_g[1.2.93]: mGetPermissionStatus : 0
05-10 03:16:04.848 27414 27414 I IC_g[1.2.93]: mGetPermissionStatus : 0
05-10 03:16:04.862 27414 27414 I IC_g[1.2.93]: mGetPermissionStatus : 0
05-10 03:16:04.865 27414 27414 I IC_g[1.2.93]: mGetPermissionStatus : 0
05-10 03:16:04.866 27414 27414 I IC_g[1.2.93]: mGetPermissionStatus : 0
05-10 03:16:04.887 27414 27414 I IC_g[1.2.93]: mGetPermissionStatus : 0
05-10 03:16:04.899 27414 27414 I IC_g[1.2.93]: mGetPermissionStatus : 0
05-10 03:16:04.900 27414 27414 I IC_g[1.2.93]: mGetPermissionStatus : 0
05-10 03:16:04.920 27414 27414 I IC_g[1.2.93]: mGetPermissionStatus : 0
05-10 03:16:04.930 27414 27414 I IC_g[1.2.93]: mGetPermissionStatus : 0
05-10 03:16:04.931 27414 27414 I IC_g[1.2.93]: mGetPermissionStatus : 0
05-10 03:16:04.935 27414 27414 I IC_g[1.2.93]: mGetPermissionStatus : 0
05-10 03:16:04.951 27414 27414 I IC_g[1.2.93]: mGetPermissionStatus : 0
05-10 03:16:04.955 27414 27414 I IC_g[1.2.93]: mGetPermissionStatus : 0
05-10 03:16:04.979 27414 27414 I IC_g[1.2.93]: mGetPermissionStatus : 0
05-10 03:16:04.983 27414 27414 I IC_g[1.2.93]: mGetPermissionStatus : 0
05-10 03:16:04.983 27414 27414 I IC_g[1.2.93]: mGetPermissionStatus : 0
05-10 03:16:05.005 27414 27414 I IC_g[1.2.93]: mGetPermissionStatus : 0
05-10 03:16:05.014 27414 27414 I IC_g[1.2.93]: mGetPermissionStatus : 0
05-10 03:16:05.014 27414 27414 I IC_g[1.2.93]: mGetPermissionStatus : 0
05-10 03:16:05.018 27414 27414 I IC_g[1.2.93]: mGetPermissionStatus : 0
05-10 03:16:05.042 27414 27414 I IC_g[1.2.93]: mGetPermissionStatus : 0
05-10 03:16:05.042 27414 27414 I IC_g[1.2.93]: mGetPermissionStatus : 0
05-10 03:16:05.049 27414 27414 I IC_g[1.2.93]: mGetPermissionStatus : 0
05-10 03:16:05.054 27414 27414 I IC_g[1.2.93]: mGetPermissionStatus : 0
05-10 03:16:05.054 27414 27414 I IC_g[1.2.93]: mGetPermissionStatus : 0
05-10 03:16:05.058 27414 27414 I IC_g[1.2.93]: mGetPermissionStatus : 0
05-10 03:16:05.061 27414 27414 I IC_g[1.2.93]: mGetPermissionStatus : 0
05-10 03:16:05.061 27414 27414 I IC_g[1.2.93]: mGetPermissionStatus : 0
05-10 03:16:05.064 27414 27414 I IC_g[1.2.93]: mGetPermissionStatus : 0
05-10 03:16:05.067 27463 27523 E Drawable: Unable to decode stream: android.graphics.ImageDecoder$DecodeException: Failed to create image decoder with message 'unimplemented'Input contained an error.
05-10 03:16:05.069 27414 27414 I IC_g[1.2.93]: mGetPermissionStatus : 0
05-10 03:16:05.069 27414 27414 I IC_g[1.2.93]: mGetPermissionStatus : 0
05-10 03:16:05.077 27414 27414 I IC_g[1.2.93]: mGetPermissionStatus : 0
05-10 03:16:05.082 27414 27414 I IC_g[1.2.93]: mGetPermissionStatus : 0
05-10 03:16:05.082 27414 27414 I IC_g[1.2.93]: mGetPermissionStatus : 0
05-10 03:16:05.092 27414 27414 I IC_g[1.2.93]: mGetPermissionStatus : 0
05-10 03:16:05.096 27414 27414 I IC_g[1.2.93]: mGetPermissionStatus : 0
05-10 03:16:05.096 27414 27414 I IC_g[1.2.93]: mGetPermissionStatus : 0
05-10 03:16:05.099 27471 27471 I FirebaseApp: Device unlocked: initializing all Firebase APIs for app [DEFAULT]
05-10 03:16:05.099 27414 27414 I IC_g[1.2.93]: mGetPermissionStatus : 0
05-10 03:16:05.104 27414 27414 I IC_g[1.2.93]: mGetPermissionStatus : 0
05-10 03:16:05.104 27414 27414 I IC_g[1.2.93]: mGetPermissionStatus : 0
05-10 03:16:05.111 27414 27414 I IC_g[1.2.93]: mGetPermissionStatus : 0
05-10 03:16:05.125 27414 27414 I IC_g[1.2.93]: mGetPermissionStatus : 0
05-10 03:16:05.126 27414 27414 I IC_g[1.2.93]: mGetPermissionStatus : 0
05-10 03:16:05.133 27414 27414 I IC_g[1.2.93]: mGetPermissionStatus : 0
05-10 03:16:05.151 27463 27463 I FirebaseApp: Device unlocked: initializing all Firebase APIs for app [DEFAULT]
05-10 03:16:05.160 27414 27414 I IC_g[1.2.93]: mGetPermissionStatus : 0
05-10 03:16:05.160 27414 27414 I IC_g[1.2.93]: mGetPermissionStatus : 0
05-10 03:16:05.163 27414 27414 I IC_g[1.2.93]: mGetPermissionStatus : 0
05-10 03:16:05.173 27414 27414 I IC_g[1.2.93]: mGetPermissionStatus : 0
05-10 03:16:05.173 27414 27414 I IC_g[1.2.93]: mGetPermissionStatus : 0
05-10 03:16:05.177 27414 27414 I IC_g[1.2.93]: mGetPermissionStatus : 0
05-10 03:16:05.179  5679  7432 D ConnectivityService: requestNetwork for uid/pid:5009/27202 activeRequest: null callbackRequest: 18780 [NetworkRequest [ REQUEST id=18781, [ Capabilities: INTERNET&NOT_RESTRICTED&TRUSTED&NOT_VCN_MANAGED Uid: 5009 RequestorUid: 5009 RequestorPkg: com.samsung.android.scpm UnderlyingNetworks: Null] ]] callback flags: 0 order: 2147483647
05-10 03:16:05.181  5679  6088 D ConnectivityService:    accepting network in place of null
05-10 03:16:05.183 27414 27414 I IC_g[1.2.93]: mGetPermissionStatus : 0
05-10 03:16:05.183 27414 27414 I IC_g[1.2.93]: mGetPermissionStatus : 0
05-10 03:16:05.184 27471 27471 I FirebaseInitProvider: FirebaseApp initialization successful
05-10 03:16:05.187  5679  6066 D WifiNetworkFactory: got request NetworkRequest [ REQUEST id=18781, [ Capabilities: INTERNET&NOT_RESTRICTED&TRUSTED&NOT_VCN_MANAGED Uid: 5009 RequestorUid: 5009 RequestorPkg: com.samsung.android.scpm UnderlyingNetworks: Null] ]
05-10 03:16:05.187  5679  6066 D UntrustedWifiNetworkFactory: got request NetworkRequest [ REQUEST id=18781, [ Capabilities: INTERNET&NOT_RESTRICTED&TRUSTED&NOT_VCN_MANAGED Uid: 5009 RequestorUid: 5009 RequestorPkg: com.samsung.android.scpm UnderlyingNetworks: Null] ]
05-10 03:16:05.191 27414 27414 I IC_g[1.2.93]: mGetPermissionStatus : 0
05-10 03:16:05.192  5679  6066 D OemPaidWifiNetworkFactory: got request NetworkRequest [ REQUEST id=18781, [ Capabilities: INTERNET&NOT_RESTRICTED&TRUSTED&NOT_VCN_MANAGED Uid: 5009 RequestorUid: 5009 RequestorPkg: com.samsung.android.scpm UnderlyingNetworks: Null] ]
05-10 03:16:05.193  5679  6066 D MultiInternetWifiNetworkFactory: got request NetworkRequest [ REQUEST id=18781, [ Capabilities: INTERNET&NOT_RESTRICTED&TRUSTED&NOT_VCN_MANAGED Uid: 5009 RequestorUid: 5009 RequestorPkg: com.samsung.android.scpm UnderlyingNetworks: Null] ]
05-10 03:16:05.199 27414 27414 I IC_g[1.2.93]: mGetPermissionStatus : 0
05-10 03:16:05.199 27414 27414 I IC_g[1.2.93]: mGetPermissionStatus : 0
05-10 03:16:05.199  5679  6088 D ConnectivityService: Rematched networks [computed 1ms] [applied 1ms] [issued 17]
05-10 03:16:05.200  5679  6088 D ConnectivityService: NetworkReassignment :
05-10 03:16:05.200  5679  6088 D ConnectivityService:   18781 : null  112
05-10 03:16:05.212 27414 27414 I IC_g[1.2.93]: mGetPermissionStatus : 0
05-10 03:16:05.218 27414 27414 I IC_g[1.2.93]: mGetPermissionStatus : 0
05-10 03:16:05.218 27414 27414 I IC_g[1.2.93]: mGetPermissionStatus : 0
05-10 03:16:05.229 27414 27414 I IC_g[1.2.93]: mGetPermissionStatus : 0
05-10 03:16:05.233 27414 27414 I IC_g[1.2.93]: mGetPermissionStatus : 0
05-10 03:16:05.234 27414 27414 I IC_g[1.2.93]: mGetPermissionStatus : 0
05-10 03:16:05.248 27414 27414 I IC_g[1.2.93]: mGetPermissionStatus : 0
05-10 03:16:05.251 27414 27414 I IC_g[1.2.93]: mGetPermissionStatus : 0
05-10 03:16:05.252 27414 27414 I IC_g[1.2.93]: mGetPermissionStatus : 0
05-10 03:16:05.257  5679  6088 D ConnectivityService: Rematched networks [computed 1ms] [applied 2ms] [issued 15]
05-10 03:16:05.257  5679  6088 D ConnectivityService: NetworkReassignment : no changes
05-10 03:16:05.270 27414 27414 I IC_g[1.2.93]: mGetPermissionStatus : 0
05-10 03:16:05.273 27414 27414 I IC_g[1.2.93]: mGetPermissionStatus : 0
05-10 03:16:05.274 27414 27414 I IC_g[1.2.93]: mGetPermissionStatus : 0
05-10 03:16:05.277 27414 27414 I IC_g[1.2.93]: mGetPermissionStatus : 0
05-10 03:16:05.289 27414 27414 I IC_g[1.2.93]: mGetPermissionStatus : 0
05-10 03:16:05.289 27414 27414 I IC_g[1.2.93]: mGetPermissionStatus : 0
05-10 03:16:05.292 27414 27414 I IC_g[1.2.93]: mGetPermissionStatus : 0
05-10 03:16:05.299 27471 27471 I CrashlyticsInitProvider: CrashlyticsInitProvider skipping initialization
05-10 03:16:05.302 27202 27251 I cr_CronetLibraryLoader: Cronet version: 111.0.5563.55, arch: aarch64
05-10 03:16:05.330 27414 27414 I IC_g[1.2.93]: mGetPermissionStatus : 0
05-10 03:16:05.330 27414 27414 I IC_g[1.2.93]: mGetPermissionStatus : 0
05-10 03:16:05.334 27414 27414 I IC_g[1.2.93]: mGetPermissionStatus : 0
05-10 03:16:05.351 27471 27471 I [PASS][SPASS]SamsungPassSettingsProvider: onCreateData
05-10 03:16:05.354 27471 27471 I [PASS][SPASS]SamsungPassSettingsProvider: checkCondition - Build.Version:33, UserId:0, UserIsGuest:false
05-10 03:16:05.369 27471 27471 I [PASS][SPASS]EasySigninProvider: onCreate
05-10 03:16:05.373 27414 27414 I IC_g[1.2.93]: mGetPermissionStatus : 0
05-10 03:16:05.374 27414 27414 I IC_g[1.2.93]: mGetPermissionStatus : 0
05-10 03:16:05.374 27148 27207 W libc    : Access denied finding property "sys.perf.boostopt"
05-10 03:16:05.374  5260  5260 E audit   : type=1400 audit(1683681365.371:98902): avc:  denied  { read } for  pid=27148 comm="binder:27148_3" name="u:object_r:perf_prop:s0" dev="tmpfs" ino=21600 scontext=u:r:platform_app:s0:c512,c768 tcontext=u:object_r:perf_prop:s0 tclass=file permissive=0 SEPF_SM-A515F_13_0001 audit_filtered
05-10 03:16:05.374  5260  5260 E audit   : type=1300 audit(1683681365.371:98902): arch=c00000b7 syscall=56 success=no exit=-13 a0=ffffff9c a1=720bee42f8 a2=88000 a3=0 items=0 ppid=5285 pid=27148 auid=4294967295 uid=5026 gid=5026 euid=5026 suid=5026 fsuid=5026 egid=5026 sgid=5026 fsgid=5026 tty=(none) ses=4294967295 comm="binder:27148_3" exe="/system/bin/app_process64" subj=u:r:platform_app:s0:c512,c768 key=(null)
05-10 03:16:05.374  5260  5260 E audit   : type=1327 audit(1683681365.371:98902): proctitle="com.samsung.android.app.sharelive"
05-10 03:16:05.377 27414 27414 I IC_g[1.2.93]: mGetPermissionStatus : 0
05-10 03:16:05.395 27471 27471 I [PASS][CMN]WalletDeeplinkTokenProvider: onCreate
05-10 03:16:05.405 27471 27471 I [PASS][SPASS]SettingDBProvider: onCreate
05-10 03:16:05.410 27471 27471 I [PASS][SPASS]WalletSettingsProvider: onCreate
05-10 03:16:05.411 27414 27414 I IC_g[1.2.93]: mGetPermissionStatus : 0
05-10 03:16:05.411 27414 27414 I IC_g[1.2.93]: mGetPermissionStatus : 0
05-10 03:16:05.414 27414 27414 I IC_g[1.2.93]: mGetPermissionStatus : 0
05-10 03:16:05.427 27463 27463 I FirebaseInitProvider: FirebaseApp initialization successful
05-10 03:16:05.436 27414 27414 I IC_g[1.2.93]: mGetPermissionStatus : 0
05-10 03:16:05.437 27471 27471 I [PASS][SPASS]SPassApplication: onCreate
05-10 03:16:05.440 27471 27499 I [PASS][SPASS]SettingDBProvider: call
05-10 03:16:05.441 27414 27414 I IC_g[1.2.93]: mGetPermissionStatus : 0
05-10 03:16:05.450 27414 27414 I IC_g[1.2.93]: mGetPermissionStatus : 0
05-10 03:16:05.459 27471 27471 I [PASS][SPASS]FrameworkUtils: isInitialized : true
05-10 03:16:05.459 27471 27471 I [PASS][SPASS]FrameworkHelper: initialize - already initialized
05-10 03:16:05.480 27414 27414 I IC_g[1.2.93]: mGetPermissionStatus : 0
05-10 03:16:05.480 27414 27414 I IC_g[1.2.93]: mGetPermissionStatus : 0
05-10 03:16:05.483 27414 27414 I IC_g[1.2.93]: mGetPermissionStatus : 0
05-10 03:16:05.492 27414 27414 I IC_g[1.2.93]: mGetPermissionStatus : 0
05-10 03:16:05.492 27286 27452 I [SC]SyncSettingManager: getCategory: com.samsung.android.samsungpass.scloud
05-10 03:16:05.492 27414 27414 I IC_g[1.2.93]: mGetPermissionStatus : 0
05-10 03:16:05.497 27414 27414 I IC_g[1.2.93]: mGetPermissionStatus : 0
05-10 03:16:05.501 27414 27414 I IC_g[1.2.93]: mGetPermissionStatus : 0
05-10 03:16:05.501 27414 27414 I IC_g[1.2.93]: mGetPermissionStatus : 0
05-10 03:16:05.505 27414 27414 I IC_g[1.2.93]: mGetPermissionStatus : 0
05-10 03:16:05.506 27286 27452 I [SC]SyncSettingManager: setSyncStatus: SyncStatusVo{authority='com.samsung.android.samsungpass.scloud', state='INACTIVE', errorCode='999'}
05-10 03:16:05.507 27286 27452 I [SC]SyncSettingManager: getContentVo: com.samsung.android.samsungpass.scloud, d4FjaEWIDx
05-10 03:16:05.510 27414 27414 I IC_g[1.2.93]: mGetPermissionStatus : 0
05-10 03:16:05.511 27414 27414 I IC_g[1.2.93]: mGetPermissionStatus : 0
05-10 03:16:05.522 27414 27414 I IC_g[1.2.93]: mGetPermissionStatus : 0
05-10 03:16:05.525 27414 27414 I IC_g[1.2.93]: mGetPermissionStatus : 0
05-10 03:16:05.525 27414 27414 I IC_g[1.2.93]: mGetPermissionStatus : 0
05-10 03:16:05.529 27414 27414 I IC_g[1.2.93]: mGetPermissionStatus : 0
05-10 03:16:05.530 27414 27414 I IC_g[1.2.93]: mGetPermissionStatus : 0
05-10 03:16:05.530 27414 27414 I IC_DeviceManager[1.2.93]: Getting info from BT Settings
05-10 03:16:05.530 27414 27414 I IC_g[1.2.93]: mGetPermissionStatus : 0
05-10 03:16:05.533 27202 27251 I SmpLog  : [SMP] get token : ...y0 (163)
05-10 03:16:05.533 27202 27251 I SmpLog  : [SMP] get push type : fcm
05-10 03:16:05.536 27471 27471 I [PASS][SPASS]SPassApplication: checkDeviceId true
05-10 03:16:05.536 27471 27471 I [PASS][SPASS]FrameworkUtils: isInitialized : true
05-10 03:16:05.536 27471 27471 I [PASS][SPASS]PassFramework: ISU
05-10 03:16:05.555  6747  7536 D BluetoothSettingsProvider: query
05-10 03:16:05.562  4622  4622 W keymaster_tee: [WRN]begin req PARAMS: A32 B2 P64
05-10 03:16:05.562 27202 27228 W ng.android.scpm: Long monitor contention with owner INITIALIZE (27251) at void com.samsung.scsp.framework.core.identity.ScspIdentity.transaction(java.lang.Runnable)(ScspIdentity.java:3) waiters=0 in void com.samsung.scsp.framework.core.identity.ScspIdentity.transaction(java.lang.Runnable) for 766ms
05-10 03:16:05.569  6747  7536 D BluetoothSettingsProvider: Created cursor android.database.sqlite.SQLiteCursor@c28bf99
05-10 03:16:05.579 27202 27202 I [SCPMV2][SystemMonitorReceiver]: onReceive: android.intent.action.BATTERY_CHANGED
05-10 03:16:05.582 27471 27471 W [PASS][PASS]PermissionHelper: usrId is invalid : -1
05-10 03:16:05.582 27471 27471 I [PASS][SPASS]FrameworkUtils: isSignedUp - false
05-10 03:16:05.584 27414 27414 I IC_Service[1.2.93]: registerIcDeviceStateListener()
05-10 03:16:05.588 27414 27414 I IC_Service[1.2.93]: registerIcPackageAddedListener()
05-10 03:16:05.596 27202 27228 I [SCPMV2][PatchDevice]: execute
05-10 03:16:05.603 27202 27557 I [SCPMV2][PatchDevice]: execute
05-10 03:16:05.609 27202 27228 I [SCPMV2][PatchDevice]: extras is not null
05-10 03:16:05.610 27202 27228 I [SCPMV2][CertificateCallFunction]: Lock end
05-10 03:16:05.610 27202 27228 I [SCPMV2][GetCertificateExecutorImpl]: execute
05-10 03:16:05.610 27202 27228 I [SCPMV2][GetCertificateExecutorImpl]: User
05-10 03:16:05.618 27202 27228 I [SCPMV2][GetCertificateExecutorImpl]: Certificate is valid
05-10 03:16:05.620 27115 27189 I [SCPM][K][0.9.1002]: [x]Method : get_certificate, Argument : user, Result : true
05-10 03:16:05.621 27115 27189 I MCFQS   : (CloudKeyStoreImpl) setAccountInfo()-[td:RxNewThreadScheduler-2] from=getAccountId, 2613116bc8, cert=740
05-10 03:16:05.622 27115 27183 I MCFQS   : (LocalDeviceHelper) updateAccountId()-[td:Disco] Local{@id[06*a1*33], account=@id[26*11], contact=}
05-10 03:16:05.654 27115 27142 I MCFQS   : (ContinuityServiceRepository) isEnabled()-[td:RxCachedThreadScheduler-1] enabled=false
05-10 03:16:05.655 27115 27142 I MCFQS   : (ContinuityServiceRepository) getAdapter()-[td:RxCachedThreadScheduler-1] ignore - continuity is off
05-10 03:16:05.656 27115 27142 E MCFQS   : () ()-[td:RxCachedThreadScheduler-1]  Fail to get ContinuityAdapter
05-10 03:16:05.657 27115 27183 I MCFQS   : (DiscoveryResponseUseCaseImpl) listenPhoneVisibility()-[td:Disco] type: MY_DEVICE
05-10 03:16:05.677  5260  5260 E audit   : type=1400 audit(1683681365.675:98903): avc:  denied  { read } for  pid=27115 comm="binder:27115_1" name="u:object_r:perf_prop:s0" dev="tmpfs" ino=21600 scontext=u:r:platform_app:s0:c512,c768 tcontext=u:object_r:perf_prop:s0 tclass=file permissive=0 SEPF_SM-A515F_13_0001 audit_filtered
05-10 03:16:05.677 27115 27127 W libc    : Access denied finding property "sys.perf.boostopt"
05-10 03:16:05.679 27414 27414 I IC_g[1.2.93]: SCloudClient() - Update not needed: 86400000, 2023-05-09 17:13:14.633, 2023-05-10 01:16:05.648
05-10 03:16:05.680 27463 27463 I SENL$ShareFileProvider: attachInfo, ProviderInfo info: ContentProviderInfo{name=com.samsung.android.app.notes.shareprovider className=com.samsung.android.support.senl.nt.base.framework.provider.ShareFileProvider}
05-10 03:16:05.683 27115 27115 I MCFQS   : (BleScanRepository) updateBleScan()-[td:main] screenOn new REQUEST_FROM_MY_DEVICE_ONLY
05-10 03:16:05.683 27115 27115 I BluetoothAdapter: STATE_ON
05-10 03:16:05.685 27115 27115 I MCFQS   : (BleScanRepository) startBleScan()-[td:main] (data:[4201082613110000000000000000000000000000006bc8],mask:[00ffc82613110000000000000000000000000000006bc8]) (data:[420108000000002613116bc8],mask:[00ffc8000000002613116bc8]) , cb=59637241
05-10 03:16:05.685 27115 27115 I BluetoothAdapter: STATE_ON
05-10 03:16:05.687 27115 27115 I BluetoothAdapter: STATE_ON
05-10 03:16:05.689 27471 27471 I [PASS][CMN]WalletUtil: getWalletMigrated : false
05-10 03:16:05.693 27471 27471 I [PASS][SPASS]IconUtils:  checkVersionAddIcon : criticalUpdateVersion : true firstCheck : false appIconExist : false  walletMigrated : false
05-10 03:16:05.693 27471 27471 I [PASS][SPASS]FrameworkUtils: isInitialized : true
05-10 03:16:05.693 27471 27471 I [PASS][SPASS]PassFramework: ISU
05-10 03:16:05.693 27471 27471 W [PASS][PASS]PermissionHelper: usrId is invalid : -1
05-10 03:16:05.693 27471 27471 I [PASS][SPASS]FrameworkUtils: isSignedUp - false
05-10 03:16:05.696 27471 27471 I [PASS][CMN]WalletUtil: getWalletMigrated : false
05-10 03:16:05.696 27471 27471 I [PASS][SPASS]IconUtils: setComponentEnabledSetting : false, walletMigrated : false
05-10 03:16:05.696 27414 27414 I IC_Service[1.2.93]: onStartCommand() - Called, intent: null
05-10 03:16:05.696 27414 27414 E IC_Service[1.2.93]: onStartCommand(), intent null
05-10 03:16:05.696 27414 27414 I IC_g[1.2.93]: mGetPermissionStatus : 0
05-10 03:16:05.697 27115 27115 I BluetoothAdapter: STATE_ON
05-10 03:16:05.697 27414 27565 I IC_g[1.2.93]: executeRequests() - No requests
05-10 03:16:05.699  5679  8504 D PackageManager: setEnabledSetting : userId = 0 packageName = com.samsung.android.samsungpass cmp = com.samsung.android.samsungpass.launcher.EntryLauncher newState = 2 callingPackage = 10111/com.samsung.android.samsungpass
05-10 03:16:05.704  5679  8504 D PackageManager: setEnabledSetting : userId = 0 packageName = com.samsung.android.samsungpass cmp = com.samsung.android.samsungpass.ui.activity.EntryLauncher newState = 2 callingPackage = 10111/com.samsung.android.samsungpass
05-10 03:16:05.711  5679  7436 D PackageManager: setEnabledSetting : userId = 0 packageName = com.samsung.android.samsungpass cmp = com.samsung.android.samsungpass.launcher.EntryLauncherJPN newState = 2 callingPackage = 10111/com.samsung.android.samsungpass
05-10 03:16:05.712 27414 27414 I IC_DeviceManager[1.2.93]: Bluetooth A2dp service connected
05-10 03:16:05.713 27414 27414 I IC_g[1.2.93]: mGetPermissionStatus : 0
05-10 03:16:05.714  6747  7536 D BtGatt.ContextMap: add() - appUid: 5025, appPid: 27115, appName: android.uid.mdxkit
05-10 03:16:05.714  6747  7536 I bt_stack: [INFO:le_scanning_manager.cc(165)] RegisterScanner in shim layer
05-10 03:16:05.714  5679  7436 D ConnectivityService: requestNetwork for uid/pid:10071/27414 activeRequest: null callbackRequest: 18783 [NetworkRequest [ REQUEST id=18784, [ Capabilities: INTERNET&NOT_RESTRICTED&TRUSTED&NOT_VCN_MANAGED Uid: 10071 RequestorUid: 10071 RequestorPkg: com.samsung.android.easysetup UnderlyingNetworks: Null] ]] callback flags: 0 order: 2147483647
05-10 03:16:05.714  6747  6888 D BtGatt.GattService: onScannerRegistered() - UUID=e8db4e89-18aa-4e98-b696-0ec894560fae, scannerId=7, status=0
05-10 03:16:05.716  5679  7432 D PackageManager: setEnabledSetting : userId = 0 packageName = com.samsung.android.samsungpass cmp = com.samsung.android.samsungpass.launcher.SearchableActivity newState = 1 callingPackage = 10111/com.samsung.android.samsungpass
05-10 03:16:05.716  5679  6088 D ConnectivityService:    accepting network in place of null
05-10 03:16:05.718  6747  7536 I BluetoothAdapter: STATE_ON
05-10 03:16:05.720  5679  7432 D ApplicationPolicy: getApplicationStateEnabled : pkg = com.samsung.android.samsungpass userId : 0
05-10 03:16:05.720 27414 27569 I IC_Service[1.2.93]: initialize() - networkCb registered(Since N)
05-10 03:16:05.721  5679  7432 D ApplicationPolicy: getApplicationComponentState : pkg = com.samsung.android.samsungpass userId : 0
05-10 03:16:05.725  5679  6066 D WifiNetworkFactory: got request NetworkRequest [ REQUEST id=18784, [ Capabilities: INTERNET&NOT_RESTRICTED&TRUSTED&NOT_VCN_MANAGED Uid: 10071 RequestorUid: 10071 RequestorPkg: com.samsung.android.easysetup UnderlyingNetworks: Null] ]
05-10 03:16:05.725  5679  6066 D UntrustedWifiNetworkFactory: got request NetworkRequest [ REQUEST id=18784, [ Capabilities: INTERNET&NOT_RESTRICTED&TRUSTED&NOT_VCN_MANAGED Uid: 10071 RequestorUid: 10071 RequestorPkg: com.samsung.android.easysetup UnderlyingNetworks: Null] ]
05-10 03:16:05.726  5679  6066 D OemPaidWifiNetworkFactory: got request NetworkRequest [ REQUEST id=18784, [ Capabilities: INTERNET&NOT_RESTRICTED&TRUSTED&NOT_VCN_MANAGED Uid: 10071 RequestorUid: 10071 RequestorPkg: com.samsung.android.easysetup UnderlyingNetworks: Null] ]
05-10 03:16:05.726  5679  6066 D MultiInternetWifiNetworkFactory: got request NetworkRequest [ REQUEST id=18784, [ Capabilities: INTERNET&NOT_RESTRICTED&TRUSTED&NOT_VCN_MANAGED Uid: 10071 RequestorUid: 10071 RequestorPkg: com.samsung.android.easysetup UnderlyingNetworks: Null] ]
05-10 03:16:05.726 27414 27571 I IC_f[1.2.93]: setNetworkAvailable(true)
05-10 03:16:05.727  5679  6088 D ConnectivityService: Rematched networks [computed 0ms] [applied 3ms] [issued 8]
05-10 03:16:05.727  5679  6088 D ConnectivityService: NetworkReassignment :
05-10 03:16:05.727  5679  6088 D ConnectivityService:   18784 : null  112
05-10 03:16:05.728 27414 27571 I IC_f[1.2.93]: isOnline() - Online
05-10 03:16:05.728 27414 27571 I IC_Service[1.2.93]: onNetworkAvailable() - online: true
05-10 03:16:05.728 27414 27571 I IC_Service[1.2.93]: onOnline()
05-10 03:16:05.730 27414 27571 I IC_g[1.2.93]: onOnline() - Update not needed: 86400000, 2023-05-09 17:13:14.633, 2023-05-10 01:16:05.728
05-10 03:16:05.733 27414 27572 I IC_g[1.2.93]: executeRequests() - No requests
05-10 03:16:05.737  6747  7536 D ActivityAttributionService: notifyActivityAttributionInfo UID=1002 packageName=com.android.bluetooth deviceAddress=no_active_device_address
05-10 03:16:05.738  6747  7156 I BluetoothAdapter: STATE_ON
05-10 03:16:05.743  6747  7156 I BluetoothAdapter: STATE_ON
05-10 03:16:05.744  6747  7156 I BluetoothAdapter: STATE_ON
05-10 03:16:05.744  6747  7156 I bt_stack: [INFO:le_scanning_manager.cc(269)] ScanFilterEnable in shim layer
05-10 03:16:05.745  6747  7164 E BtGatt.GattService: [GSIM LOG]: gsimLogHandler, msg: MESSAGE_SCAN_START, appName: android.uid.mdxkit, scannerId: 7, reportDelayMillis=0
05-10 03:16:05.747 27471 27471 I MockDeskModeManager:  isDeskMode : false
05-10 03:16:05.747 27471 27471 I MockDeskModeManager: Adding Desktop State change Listeners
05-10 03:16:05.748 27463 27463 I [scsettingv2std][2.0.13.0]: onCreate:
05-10 03:16:05.761  6747  7156 I bt_stack: [INFO:le_scanning_manager.cc(240)] ScanFilterAdd in shim layer
05-10 03:16:05.762  6747  7156 D BtGatt.ScanManager: configureFilterParamter() : onFoundTimeout | onLostTimeout | onFoundCount | numOfTrackingEntries | scanFilterRssiThreshold | trackableScanFilterRssiThreshold | matchMode
05-10 03:16:05.762  6747  7156 D BtGatt.ScanManager: configureFilterParamter() : __________500__|________10000__|___________1__|___________________0__|___________________-128__|____________________________-128__|________1_
05-10 03:16:05.771  6747  7156 I bt_stack: [INFO:le_scanning_manager.cc(198)] ScanFilterParamSetup in shim layer
05-10 03:16:05.772  6747  7156 I bt_stack: [INFO:le_scanning_manager.cc(240)] ScanFilterAdd in shim layer
05-10 03:16:05.773  6747  7156 D BtGatt.ScanManager: configureFilterParamter() : onFoundTimeout | onLostTimeout | onFoundCount | numOfTrackingEntries | scanFilterRssiThreshold | trackableScanFilterRssiThreshold | matchMode
05-10 03:16:05.774  6747  7156 D BtGatt.ScanManager: configureFilterParamter() : __________500__|________10000__|___________1__|___________________0__|___________________-128__|____________________________-128__|________1_
05-10 03:16:05.774  6747  7156 I bt_stack: [INFO:le_scanning_manager.cc(198)] ScanFilterParamSetup in shim layer
05-10 03:16:05.777 27463 27463 I SENL$HashTagNoteProvider: onCreate
05-10 03:16:05.789 27463 27463 I SENL$ClipDataContentProvider: attachInfo, ProviderInfo info: ContentProviderInfo{name=com.samsung.android.app.notes.clipdatacontentprovider className=com.samsung.android.support.senl.nt.base.framework.provider.ClipDataContentProvider}
05-10 03:16:05.805 27463 27463 I SENL$NotesMain$ManageTrashProvider: onCreate
05-10 03:16:05.811 27463 27463 I CapsuleProvider_1.0.23: onCreate
05-10 03:16:05.814 27471 27471 W [PASS][PASS]PermissionHelper: usrId is invalid : -1
05-10 03:16:05.820 27463 27463 I SENL$SC/SDocCountProvider: onCreate()
05-10 03:16:05.834 27414 27573 I IC_Service[1.2.93]: adding filter for screenOnFilterServiceData
05-10 03:16:05.837 27414 27573 E Peripheral_SPenManager[1.2.93]: Empty feature
05-10 03:16:05.840 27463 27463 I SENL$NotesData$NotesDatabaseManager: getDatabase, inMemory : false
05-10 03:16:05.840 27414 27573 I IC_g[1.2.93]: isCHNDevice :: result = false
05-10 03:16:05.840 27414 27573 E IC_Service[1.2.93]: NDS set buds filter, st filter : false
05-10 03:16:05.841 27414 27573 I IC_Service[1.2.93]: requestUpdateScanFilter
05-10 03:16:05.841 27414 27573 E IC_Service[1.2.93]: onAccountUpdated() REGISTERED, requestUpdateScanFilter Failed, ret: false
05-10 03:16:05.847 27414 27573 I IC_DeviceManager[1.2.93]: onAccountRegistered() - Called
05-10 03:16:05.854 27471 27471 I [AUTHFW][PSDK]PassOperation: initialize
05-10 03:16:05.856 27471 27471 I [AUTHFW][PSDK]PassServiceConnection: bindService
05-10 03:16:05.858 27471 27584 I [PASS][CMN]WalletUtil: getWalletMigrated : false
05-10 03:16:05.860 27471 27584 I [PASS][CMN]SamsungAnalyticsLog: initializeSamsungAnalytics
05-10 03:16:05.862 27471 27584 I [PASS][CMN]WalletUtil: getWalletMigrated : false
05-10 03:16:05.870 27471 27471 I [PASS][SPASS]FrameworkUtils: isInitialized : true
