04-19 16:02:52.286  8513  8513 I FaceWidgetPositionAlgorithm: getClockContainerHeight() supplier = 270, bottom margin = 0, real height = 333
04-19 16:02:52.286  8513  8513 I FaceWidgetPositionAlgorithm: getClockContainerHeight() supplier = 270, bottom margin = 63, real height = 333
04-19 16:02:52.286  8513  8513 I FaceWidgetPositionAlgorithm: getMediaContainerHeight() height = 0 container Visibility = 8, isValid = false, mIsDozing = false, fraction = 1.0, source = 0, target = 0
04-19 16:02:52.286  8513  8513 I FaceWidgetPositionAlgorithm: getMediaContainerHeight() supplier = 0
04-19 16:02:52.326  8513  8513 I FaceWidgetPositionAlgorithm: getClockContainerHeight() supplier = 270, bottom margin = 0, real height = 333
04-19 16:02:52.326  8513  8513 I FaceWidgetPositionAlgorithm: getClockContainerHeight() supplier = 270, bottom margin = 63, real height = 333
04-19 16:02:52.326  8513  8513 I FaceWidgetPositionAlgorithm: getMediaContainerHeight() height = 0 container Visibility = 8, isValid = false, mIsDozing = false, fraction = 1.0, source = 0, target = 0
04-19 16:02:52.326  8513  8513 I FaceWidgetPositionAlgorithm: getMediaContainerHeight() supplier = 0
04-19 16:02:52.332  8513  8513 D PluginAODManager: onNotificationInfoUpdated() 0
04-19 16:02:52.333  8513  8513 I AODNotificationManager: updateVisibleNotifications: 0
04-19 16:02:52.333  8513  8513 I a       : updateStatusBarNotifications: open
04-19 16:02:52.333  8513  8513 I a       : updateStatusBarNotifications: open
04-19 16:02:52.390  8513  8513 D InterruptionStateProvider: Group alert behavior is suppressed but we want to alert bubble
04-19 16:02:52.390  8513  8513 D InterruptionStateProvider: Group alert behavior is suppressed but we want to alert bubble
04-19 16:02:52.390  8513  8513 D InterruptionStateProvider: Group alert behavior is suppressed but we want to alert bubble
04-19 16:02:52.390  8513  8513 D InterruptionStateProvider: Group alert behavior is suppressed but we want to alert bubble
04-19 16:02:52.390  8513  8513 D InterruptionStateProvider: Group alert behavior is suppressed but we want to alert bubble
04-19 16:02:52.390  8513  8513 D InterruptionStateProvider: Group alert behavior is suppressed but we want to alert bubble
04-19 16:02:52.390  8513  8513 D InterruptionStateProvider: Group alert behavior is suppressed but we want to alert bubble
04-19 16:02:52.390  8513  8513 D InterruptionStateProvider: Group alert behavior is suppressed but we want to alert bubble
04-19 16:02:52.390  8513  8513 D InterruptionStateProvider: Group alert behavior is suppressed but we want to alert bubble
04-19 16:02:52.390  8513  8513 D InterruptionStateProvider: Group alert behavior is suppressed but we want to alert bubble
04-19 16:02:52.391  8513  8513 D InterruptionStateProvider: Group alert behavior is suppressed but we want to alert bubble
04-19 16:02:52.391  8513  8513 D InterruptionStateProvider: Group alert behavior is suppressed but we want to alert bubble
04-19 16:02:52.391  8513  8513 D InterruptionStateProvider: Group alert behavior is suppressed but we want to alert bubble
04-19 16:02:52.391  8513  8513 D InterruptionStateProvider: Group alert behavior is suppressed but we want to alert bubble
04-19 16:02:52.391  8513  8513 D InterruptionStateProvider: Group alert behavior is suppressed but we want to alert bubble
04-19 16:02:52.391  8513  8513 D InterruptionStateProvider: Group alert behavior is suppressed but we want to alert bubble
04-19 16:02:52.391  8513  8513 D InterruptionStateProvider: Group alert behavior is suppressed but we want to alert bubble
04-19 16:02:52.391  8492  8492 I FreeformContainer: [SmartPopupViewService] onNotificationPosted: StatusBarNotification(pkg=com.samsung.android.calendar user=UserHandle{0} id=1 tag=1154 key=0|com.samsung.android.calendar|1|1154|10193: Notification(channel=calendar_noti_ch_id_reminder shortcut=null contentView=null vibrate=null sound=null defaults=0x0 flags=0x8 color=0xff0087aa category=event groupKey=com.samsung.android.app.calendar.notification.EVENT_GROUP actions=3 vis=PRIVATE semFlags=0x0 semPriority=0 semMissedCount=0))
04-19 16:02:52.391  8492  8492 V FreeformContainer: [SmartPopupViewService] isSmartPopupViewTarget: com.samsung.android.calendar is not enabled
04-19 16:02:52.394  4066  4066 I Launcher.NotificationListener: onNotificationPosted : com.samsung.android.calendar number : 0
04-19 16:02:52.397  6057  6576 I NotificationPipeline: Processing new notification: 0|com.samsung.android.calendar|1|1154|10193
04-19 16:02:52.397  6057  6576 W Notification4Heart_NB: NotificationBridgeCallback.onNotificationPosted-no bridge app : [0] com.samsung.android.calendar
04-19 16:02:52.428  8492  8492 I FreeformContainer: [SmartPopupViewService] onNotificationPosted: StatusBarNotification(pkg=com.samsung.android.calendar user=UserHandle{0} id=1 tag=2147483646 key=0|com.samsung.android.calendar|1|2147483646|10193: Notification(channel=calendar_noti_ch_id_reminder shortcut=null contentView=null vibrate=null sound=null defaults=0x0 flags=0x208 color=0xff0087aa category=event groupKey=com.samsung.android.app.calendar.notification.EVENT_GROUP vis=PRIVATE semFlags=0x100 semPriority=0 semMissedCount=0))
04-19 16:02:52.428  8492  8492 V FreeformContainer: [SmartPopupViewService] isSmartPopupViewTarget: com.samsung.android.calendar is not enabled
04-19 16:02:52.429  4066  4066 I Launcher.NotificationListener: onNotificationPosted : com.samsung.android.calendar number : 0
04-19 16:02:52.436  6057  6576 I NotificationPipeline: Processing new notification: 0|com.samsung.android.calendar|1|2147483646|10193
04-19 16:02:52.436  6057  6576 W Notification4Heart_NB: NotificationBridgeCallback.onNotificationPosted-no bridge app : [0] com.samsung.android.calendar
04-19 16:02:52.436  8513  8513 D PluginAODManager: onNotificationInfoUpdated() 0
04-19 16:02:52.436  8513  8513 I AODNotificationManager: updateVisibleNotifications: 0
04-19 16:02:52.436  8513  8513 I a       : updateStatusBarNotifications: open
04-19 16:02:52.436  8513  8513 I a       : updateStatusBarNotifications: open
04-19 16:02:52.438  8513  8513 D InterruptionStateProvider: Group alert behavior is suppressed but we want to alert bubble
04-19 16:02:52.438  8513  8513 D InterruptionStateProvider: Group alert behavior is suppressed but we want to alert bubble
04-19 16:02:52.438  8513  8513 D InterruptionStateProvider: Group alert behavior is suppressed but we want to alert bubble
04-19 16:02:52.438  8513  8513 D InterruptionStateProvider: Group alert behavior is suppressed but we want to alert bubble
04-19 16:02:52.439  8513  8513 D InterruptionStateProvider: Group alert behavior is suppressed but we want to alert bubble
04-19 16:02:52.439  8513  8513 D InterruptionStateProvider: Group alert behavior is suppressed but we want to alert bubble
04-19 16:02:52.439  8513  8513 D InterruptionStateProvider: Group alert behavior is suppressed but we want to alert bubble
04-19 16:02:52.439  8513  8513 D InterruptionStateProvider: Group alert behavior is suppressed but we want to alert bubble
04-19 16:02:52.439  8513  8513 D InterruptionStateProvider: Group alert behavior is suppressed but we want to alert bubble
04-19 16:02:52.440  8513  8513 D InterruptionStateProvider: Group alert behavior is suppressed but we want to alert bubble
04-19 16:02:52.440  8513  8513 D InterruptionStateProvider: Group alert behavior is suppressed but we want to alert bubble
04-19 16:02:52.440  8513  8513 D InterruptionStateProvider: Group alert behavior is suppressed but we want to alert bubble
04-19 16:02:52.440  8513  8513 D InterruptionStateProvider: Group alert behavior is suppressed but we want to alert bubble
04-19 16:02:52.441  8513  8513 D InterruptionStateProvider: Group alert behavior is suppressed but we want to alert bubble
04-19 16:02:52.441  8513  8513 D InterruptionStateProvider: Group alert behavior is suppressed but we want to alert bubble
04-19 16:02:52.441  8513  8513 D InterruptionStateProvider: Group alert behavior is suppressed but we want to alert bubble
04-19 16:02:52.441  8513  8513 D InterruptionStateProvider: Group alert behavior is suppressed but we want to alert bubble
04-19 16:02:52.459  8513  8513 D PluginAODManager: onNotificationInfoUpdated() 0
04-19 16:02:52.460  8513  8513 I AODNotificationManager: updateVisibleNotifications: 0
04-19 16:02:52.460  8513  8513 I a       : updateStatusBarNotifications: open
04-19 16:02:52.460  8513  8513 I a       : updateStatusBarNotifications: open
04-19 16:02:52.616 30407 30407 I ResourceOverlayService_0: waitAndQuit called
04-19 16:02:52.617 30407 30407 I ResourceOverlayService_0: activity user id 0 process id 0
04-19 16:02:52.640  8513  8513 D InterruptionStateProvider: Group alert behavior is suppressed but we want to alert bubble
04-19 16:02:52.640  8513  8513 D BubblesManager: onEntryUpdated : shouldBubbleUp=false ,key=0|com.samsung.android.calendar|1|2147483646|10193
04-19 16:02:52.643  8513  8513 D BubblesManager: onEntryUpdated : shouldBubbleUp=false ,key=0|com.samsung.android.calendar|1|1154|10193
04-19 16:02:52.676  8513  8513 I FaceWidgetPositionAlgorithm: getClockContainerHeight() supplier = 270, bottom margin = 0, real height = 333
04-19 16:02:52.677  8513  8513 I FaceWidgetPositionAlgorithm: getClockContainerHeight() supplier = 270, bottom margin = 63, real height = 333
04-19 16:02:52.677  8513  8513 I FaceWidgetPositionAlgorithm: getMediaContainerHeight() height = 0 container Visibility = 8, isValid = false, mIsDozing = false, fraction = 1.0, source = 0, target = 0
04-19 16:02:52.677  8513  8513 I FaceWidgetPositionAlgorithm: getMediaContainerHeight() supplier = 0
04-19 16:02:52.703  8513  8513 D PluginAODManager: onNotificationInfoUpdated() 0
04-19 16:02:52.703  8513  8513 I AODNotificationManager: updateVisibleNotifications: 0
04-19 16:02:52.703  8513  8513 I a       : updateStatusBarNotifications: open
04-19 16:02:52.704  8513  8513 I a       : updateStatusBarNotifications: open
04-19 16:02:52.747  8513  8513 I FaceWidgetPositionAlgorithm: getClockContainerHeight() supplier = 270, bottom margin = 0, real height = 333
04-19 16:02:52.747  8513  8513 I FaceWidgetPositionAlgorithm: getClockContainerHeight() supplier = 270, bottom margin = 63, real height = 333
04-19 16:02:52.748  8513  8513 I FaceWidgetPositionAlgorithm: getMediaContainerHeight() height = 0 container Visibility = 8, isValid = false, mIsDozing = false, fraction = 1.0, source = 0, target = 0
04-19 16:02:52.748  8513  8513 I FaceWidgetPositionAlgorithm: getMediaContainerHeight() supplier = 0
04-19 16:02:52.786  8513  8513 I FaceWidgetPositionAlgorithm: getClockContainerHeight() supplier = 270, bottom margin = 0, real height = 333
04-19 16:02:52.787  8513  8513 I FaceWidgetPositionAlgorithm: getClockContainerHeight() supplier = 270, bottom margin = 63, real height = 333
04-19 16:02:52.787  8513  8513 I FaceWidgetPositionAlgorithm: getMediaContainerHeight() height = 0 container Visibility = 8, isValid = false, mIsDozing = false, fraction = 1.0, source = 0, target = 0
04-19 16:02:52.787  8513  8513 I FaceWidgetPositionAlgorithm: getMediaContainerHeight() supplier = 0
04-19 16:02:52.794  8513  8513 D PluginAODManager: onNotificationInfoUpdated() 0
04-19 16:02:52.794  8513  8513 I AODNotificationManager: updateVisibleNotifications: 0
04-19 16:02:52.794  8513  8513 I a       : updateStatusBarNotifications: open
04-19 16:02:52.794  8513  8513 I a       : updateStatusBarNotifications: open
04-19 16:02:53.619 30407 30407 I ResourceOverlayService_0: waitAndQuit called
04-19 16:02:53.619 30407 30407 I ResourceOverlayService_0: activity user id 0 process id 0
04-19 16:02:54.191  5628  5714 W libprocessgroup: Failed to open /dev/blkio//cgroup.procs: No such file or directory
04-19 16:02:54.208  5628  5714 W libprocessgroup: Failed to open /dev/blkio//cgroup.procs: No such file or directory
04-19 16:02:54.280 22421 22421 I SEMS:Social_13.1.12: [CLog][main][ObserverJobService] ObserverJobService Start
04-19 16:02:54.282 22421 22421 I SEMS:Social_13.1.12: [CLog][main][ObserverJobService] scheduleJob for calendar
04-19 16:02:54.308 22421 22421 I SEMS:Social_13.1.12: [CLog][main][ObserverJobService] scheduled: true
04-19 16:02:54.392 22421 22421 I SEMS:Registration_13.1.12: [ActivateLog][main][MobileServiceActivate] checkActivate
04-19 16:02:54.398 22421 22421 I SEMS:Common_13.1.12: [CommonLog][main][DeviceUtils] isSamsungAccountSignedIn : true
04-19 16:02:54.398 22421 22421 I SEMS:Common_13.1.12: [CommonLog][main][CommonPref] getBoolean - key : sa_reagree_state , value : false
04-19 16:02:54.402 22421 22421 I SEMS:Registration_13.1.12: [][main][CscChecker] MCC based : mcc = 220 / type = 0
04-19 16:02:54.403 22421 22421 I SEMS:Registration_13.1.12: [][main][CscChecker] MCC based : mcc = 220 / type = 0
04-19 16:02:54.403 22421 22421 I SEMS:Registration_13.1.12: [][main][CscChecker] MCC based : mcc = 220 / type = 0
04-19 16:02:54.414 22421 22421 I SEMS:DataAdapter_13.1.12: [][main][DatabaseManager] created new db manager instance
04-19 16:02:54.414 22421 22421 I SEMS:Registration_13.1.12: [ActivateLog][main][ActivateDBHandler] refreshCachedMap
04-19 16:02:54.461  4613  4613 W keymaster_tee: [WRN]begin req PARAMS: A32 B2 P64
04-19 16:02:54.477  4613  4613 W keymaster_tee: [WRN]begin req PARAMS: A32 B2 P64
04-19 16:02:54.491  4613  4613 W keymaster_tee: [WRN]begin req PARAMS: A32 B2 P64
04-19 16:02:54.503  4613  4613 W keymaster_tee: [WRN]begin req PARAMS: A32 B2 P64
04-19 16:02:54.515  4613  4613 W keymaster_tee: [WRN]begin req PARAMS: A32 B2 P64
04-19 16:02:54.525  4613  4613 W keymaster_tee: [WRN]begin req PARAMS: A32 B2 P64
04-19 16:02:54.537  4613  4613 W keymaster_tee: [WRN]begin req PARAMS: A32 B2 P64
04-19 16:02:54.566 22421 22421 I SEMS:Registration_13.1.12: [ActivateLog][main][MobileServiceActivate] checkActivate : AVAILABLE_NORMAL(Calendar)
04-19 16:02:54.567 22421 22421 I SEMS:Registration_13.1.12: [ActivateLog][main][ActivatePref] isServiceActivated : true
04-19 16:02:54.573 22421 22421 I SEMS:Common_13.1.12: [CommonUILog][main][PermissionManager] requestPermissionSocial return true
04-19 16:02:54.621 30407 30407 I ResourceOverlayService_0: waitAndQuit called
04-19 16:02:54.623 30407 30407 I ResourceOverlayService_0: activity user id 0 process id 0
04-19 16:02:54.661 22421 22421 I SEMS:Social_13.1.12: [CLog][main][LocalCalendarDataSourceImpl] dirty event count. total:0, writable: 0
04-19 16:02:55.018  5628  9811 D SemWifiUsabilityStatsMonitor: onWifiUsabilityStats - seqNum 36160, isSameBssidAndFreq true
04-19 16:02:55.022  5628  8422 I SemWifiLinkQualityMonitor: Link Qos Query: 0.021 ms / 375.267 Mbps (433 / 0.000 / 1.154)
04-19 16:02:55.626 30407 30407 I ResourceOverlayService_0: waitAndQuit called
04-19 16:02:55.628 30407 30407 I ResourceOverlayService_0: activity user id 0 process id 0
04-19 16:02:56.630 30407 30407 I ResourceOverlayService_0: waitAndQuit called
04-19 16:02:56.632 30407 30407 I ResourceOverlayService_0: activity user id 0 process id 0
04-19 16:02:56.827  5628  8438 D WifiConnectivityMonitor: Stop WCM Poll. cnt : 9
04-19 16:02:57.634 30407 30407 I ResourceOverlayService_0: waitAndQuit called
04-19 16:02:57.635 30407 30407 I ResourceOverlayService_0: activity user id 0 process id 0
04-19 16:02:58.072  5628  9811 D SemWifiUsabilityStatsMonitor: onWifiUsabilityStats - seqNum 36161, isSameBssidAndFreq true
04-19 16:02:58.074  5628  8422 I SemWifiLinkQualityMonitor: Link Qos Query: 0.021 ms / 375.267 Mbps (433 / 0.000 / 1.154)
04-19 16:02:58.638 30407 30407 I ResourceOverlayService_0: waitAndQuit called
04-19 16:02:58.640 30407 30407 I ResourceOverlayService_0: activity user id 0 process id 0
04-19 16:02:58.962  5628  5714 W libprocessgroup: Failed to open /dev/blkio//cgroup.procs: No such file or directory
04-19 16:02:59.020  4557  4557 I A       : LocalCalendarUpdateWorker#startWork
04-19 16:02:59.029  4557  4599 I LocalCalendarAccessorIm: (REDACTED) getUpcomingEvents(%s, %s)
04-19 16:02:59.063  4557 21681 I PCP.Calendar: (REDACTED) filterInvalidEvents pre-filter size=%s
04-19 16:02:59.068  4557 21681 I PCP.Calendar: (REDACTED) post-filter events size=%s
04-19 16:02:59.113  5628  9014 D PackageManager: setEnabledSetting : userId = 0 packageName = com.google.android.googlequicksearchbox cmp = androidx.work.impl.background.systemalarm.RescheduleReceiver newState = 1 callingPackage = 10233/com.google.android.googlequicksearchbox
04-19 16:02:59.115  5628  9014 D ApplicationPolicy: getApplicationStateEnabled : pkg = com.google.android.googlequicksearchbox userId : 0
04-19 16:02:59.117  5628  9014 D ApplicationPolicy: getApplicationComponentState : pkg = com.google.android.googlequicksearchbox userId : 0
04-19 16:02:59.140  4557  4599 I WM-WorkerWrapper: Worker result SUCCESS for Work [ id=b05bcddd-2bef-4b10-86cd-f36fbdff8de3, tags={ com.google.apps.tiktok.contrib.work.TikTokListenableWorker, TikTokWorker#com.google.android.apps.search.assistant.platform.pcp.featuredata.localcalendar.LocalCalendarUpdateWorker } ]
04-19 16:02:59.166  4557  9508 V ClearcutMetricXmitter: Transmission is done.
04-19 16:02:59.493  5250  5250 D Zygote  : Forked child process 23264
04-19 16:02:59.542 23264 23264 I oid.apps.photos: Using CollectorTypeCC GC.
04-19 16:02:59.549 23264 23264 E oid.apps.photos: Not starting debugger since process cannot load the jdwp agent.
04-19 16:02:59.556 23264 23264 W libc    : Access denied finding property "sys.perf.boostopt"
04-19 16:02:59.556  5224  5224 E audit   : type=1400 audit(1681912979.549:103246): avc:  denied  { read } for  pid=23264 comm="oid.apps.photos" name="u:object_r:perf_prop:s0" dev="tmpfs" ino=16829 scontext=u:r:untrusted_app:s0:c252,c256,c512,c768 tcontext=u:object_r:perf_prop:s0 tclass=file permissive=0 SEPF_SM-A515F_13_0001 audit_filtered
04-19 16:02:59.557  5224  5224 E audit   : type=1300 audit(1681912979.549:103246): arch=c00000b7 syscall=56 success=no exit=-13 a0=ffffff9c a1=7ffbc769b8 a2=88000 a3=0 items=0 ppid=5250 pid=23264 auid=4294967295 uid=10252 gid=10252 euid=10252 suid=10252 fsuid=10252 egid=10252 sgid=10252 fsgid=10252 tty=(none) ses=4294967295 comm="oid.apps.photos" exe="/system/bin/app_process64" subj=u:r:untrusted_app:s0:c252,c256,c512,c768 key=(null)
04-19 16:02:59.557 23264 23276 W libc    : Access denied finding property "sys.perf.boostopt"
04-19 16:02:59.557  5224  5224 E audit   : type=1327 audit(1681912979.549:103246): proctitle="zygote64"
04-19 16:02:59.557  5224  5224 E audit   : type=1400 audit(1681912979.553:103247): avc:  denied  { read } for  pid=23264 comm="binder:23264_1" name="u:object_r:perf_prop:s0" dev="tmpfs" ino=16829 scontext=u:r:untrusted_app:s0:c252,c256,c512,c768 tcontext=u:object_r:perf_prop:s0 tclass=file permissive=0 SEPF_SM-A515F_13_0001 audit_filtered
04-19 16:02:59.558 23264 23264 D ActivityThread: setConscryptValidator
04-19 16:02:59.558 23264 23264 D ActivityThread: setConscryptValidator - put
04-19 16:02:59.575 23264 23277 W libc    : Access denied finding property "sys.perf.boostopt"
04-19 16:02:59.576 23264 23264 D CompatibilityChangeReporter: Compat change id reported: 171979766; UID 10252; state: ENABLED
04-19 16:02:59.598 23264 23264 D nativeloader: Configuring classloader-namespace for other apk /system/framework/org.apache.http.legacy.jar. target_sdk_version=33, uses_libraries=ALL, library_path=/data/app/~~bWD3g5lHpFZ4kO2I02iuCg==/com.google.android.apps.photos-NIdmTL3igYn9lwATRGPMmg==/lib/arm64:/data/app/~~bWD3g5lHpFZ4kO2I02iuCg==/com.google.android.apps.photos-NIdmTL3igYn9lwATRGPMmg==/base.apk!/lib/arm64-v8a:/data/app/~~bWD3g5lHpFZ4kO2I02iuCg==/com.google.android.apps.photos-NIdmTL3igYn9lwATRGPMmg==/split_config.en.apk!/lib/arm64-v8a:/data/app/~~bWD3g5lHpFZ4kO2I02iuCg==/com.google.android.apps.photos-NIdmTL3igYn9lwATRGPMmg==/split_config.ru.apk!/lib/arm64-v8a:/data/app/~~bWD3g5lHpFZ4kO2I02iuCg==/com.google.android.apps.photos-NIdmTL3igYn9lwATRGPMmg==/split_config.xxhdpi.apk!/lib/arm64-v8a, permitted_path=/data:/mnt/expand:/data/user/0/com.google.android.apps.photos
04-19 16:02:59.599 23264 23264 D nativeloader: Extending system_exposed_libraries: libhumantracking.arcsoft.so:libPortraitDistortionCorrection.arcsoft.so:libPortraitDistortionCorrectionCali.arcsoft.so:libface_landmark.arcsoft.so:libFacialStickerEngine.arcsoft.so:libveengine.arcsoft.so:liblow_light_hdr.arcsoft.so:libhigh_dynamic_range.arcsoft.so:libFacialAttributeDetection.arcsoft.so:libBeauty_v4.camera.samsung.so:libexifa.camera.samsung.so:libjpega.camera.samsung.so:libOpenCv.camera.samsung.so:libImageScreener.camera.samsung.so:libMyFilter.camera.samsung.so:libtensorflowLite.myfilter.camera.samsung.so:libtensorflowlite_inference_api.myfilter.camera.samsung.so:libEventFinder.camera.samsung.so:libHIDTSnapJNI.camera.samsung.so:libSmartScan.camera.samsung.so:libRectify.camera.samsung.so:libDocRectifyWrapper.camera.samsung.so:libUltraWideDistortionCorrection.camera.samsung.so:libHpr_RecGAE_cvFeature_v1.0.camera.samsung.so:libHprFace_GAE_api.camera.samsung.so:libFace_Landmark_API.camera.samsung.so:libHprFace_GAE_jni.camera.samsung.so:libFacialBasedSelfieCorrec
04-19 16:02:59.642 30407 30407 I ResourceOverlayService_0: waitAndQuit called
04-19 16:02:59.644 30407 30407 I ResourceOverlayService_0: activity user id 0 process id 0
04-19 16:02:59.653 23264 23264 W ziparchive: Unable to open '/data/app/~~bWD3g5lHpFZ4kO2I02iuCg==/com.google.android.apps.photos-NIdmTL3igYn9lwATRGPMmg==/split_config.en.dm': No such file or directory
04-19 16:02:59.653 23264 23264 W ziparchive: Unable to open '/data/app/~~bWD3g5lHpFZ4kO2I02iuCg==/com.google.android.apps.photos-NIdmTL3igYn9lwATRGPMmg==/split_config.en.dm': No such file or directory
04-19 16:02:59.654 23264 23264 W oid.apps.photos: Entry not found
04-19 16:02:59.657 23264 23264 W ziparchive: Unable to open '/data/app/~~bWD3g5lHpFZ4kO2I02iuCg==/com.google.android.apps.photos-NIdmTL3igYn9lwATRGPMmg==/split_config.ru.dm': No such file or directory
04-19 16:02:59.657 23264 23264 W ziparchive: Unable to open '/data/app/~~bWD3g5lHpFZ4kO2I02iuCg==/com.google.android.apps.photos-NIdmTL3igYn9lwATRGPMmg==/split_config.ru.dm': No such file or directory
04-19 16:02:59.659 23264 23264 W oid.apps.photos: Entry not found
04-19 16:02:59.661 23264 23264 W ziparchive: Unable to open '/data/app/~~bWD3g5lHpFZ4kO2I02iuCg==/com.google.android.apps.photos-NIdmTL3igYn9lwATRGPMmg==/split_config.xxhdpi.dm': No such file or directory
04-19 16:02:59.661 23264 23264 W ziparchive: Unable to open '/data/app/~~bWD3g5lHpFZ4kO2I02iuCg==/com.google.android.apps.photos-NIdmTL3igYn9lwATRGPMmg==/split_config.xxhdpi.dm': No such file or directory
04-19 16:02:59.663 23264 23264 W oid.apps.photos: Entry not found
04-19 16:02:59.664 23264 23264 D nativeloader: Configuring classloader-namespace for other apk /data/app/~~bWD3g5lHpFZ4kO2I02iuCg==/com.google.android.apps.photos-NIdmTL3igYn9lwATRGPMmg==/base.apk:/data/app/~~bWD3g5lHpFZ4kO2I02iuCg==/com.google.android.apps.photos-NIdmTL3igYn9lwATRGPMmg==/split_config.en.apk:/data/app/~~bWD3g5lHpFZ4kO2I02iuCg==/com.google.android.apps.photos-NIdmTL3igYn9lwATRGPMmg==/split_config.ru.apk:/data/app/~~bWD3g5lHpFZ4kO2I02iuCg==/com.google.android.apps.photos-NIdmTL3igYn9lwATRGPMmg==/split_config.xxhdpi.apk. target_sdk_version=33, uses_libraries=libOpenCL.so, library_path=/data/app/~~bWD3g5lHpFZ4kO2I02iuCg==/com.google.android.apps.photos-NIdmTL3igYn9lwATRGPMmg==/lib/arm64:/data/app/~~bWD3g5lHpFZ4kO2I02iuCg==/com.google.android.apps.photos-NIdmTL3igYn9lwATRGPMmg==/base.apk!/lib/arm64-v8a:/data/app/~~bWD3g5lHpFZ4kO2I02iuCg==/com.google.android.apps.photos-NIdmTL3igYn9lwATRGPMmg==/split_config.en.apk!/lib/arm64-v8a:/data/app/~~bWD3g5lHpFZ4kO2I02iuCg==/com.google.android.apps.photos-NIdmTL3igYn9lwATRGPMmg==/split_config.ru.apk!/li
04-19 16:02:59.669 23264 23264 W oid.apps.photos: JIT profile information will not be recorded: profile file does not exist.
04-19 16:02:59.669 23264 23264 W oid.apps.photos: JIT profile information will not be recorded: profile file does not exist.
04-19 16:02:59.669 23264 23264 W oid.apps.photos: JIT profile information will not be recorded: profile file does not exist.
04-19 16:02:59.706 23264 23264 V GraphicsEnvironment: ANGLE Developer option for 'com.google.android.apps.photos' set to: 'default'
04-19 16:02:59.707 23264 23264 V GraphicsEnvironment: ANGLE GameManagerService for com.google.android.apps.photos: false
04-19 16:02:59.707 23264 23264 V GraphicsEnvironment: Neither updatable production driver nor prerelease driver is supported.
04-19 16:02:59.711 23264 23264 D NetworkSecurityConfig: No Network Security Config specified, using platform default
04-19 16:02:59.714 23264 23264 D NetworkSecurityConfig: No Network Security Config specified, using platform default
04-19 16:02:59.851 23264 23264 W oid.apps.photos: Accessing hidden field Ljava/util/Collections$SynchronizedCollection;->mutex:Ljava/lang/Object; (max-target-o, reflection, denied)
04-19 16:02:59.851 23264 23264 W oid.apps.photos: Accessing hidden method Ljava/util/Collections$SynchronizedSet;-><init>(Ljava/util/Set;Ljava/lang/Object;)V (max-target-o, reflection, denied)
04-19 16:02:59.852 23264 23264 W oid.apps.photos: Accessing hidden method Ljava/util/Collections$SynchronizedCollection;-><init>(Ljava/util/Collection;Ljava/lang/Object;)V (max-target-o, reflection, denied)
04-19 16:02:59.867 23264 23264 D CompatibilityChangeReporter: Compat change id reported: 183155436; UID 10252; state: ENABLED
04-19 16:03:00.005  8513  8513 D KeyguardUpdateMonitor: received broadcast android.intent.action.TIME_TICK
04-19 16:03:00.005  8513  8513 D KeyguardUpdateMonitor: handleTimeUpdate
04-19 16:03:00.006  8513  8513 D FaceWidgetPagesController: onTimeChanged()
04-19 16:03:00.008  8513  9203 D QSClockBellTower: onReceive(android.intent.action.TIME_TICK) mTimeZoneString:null
04-19 16:03:00.020  8513  8599 D MobileStatusTracker(1/2): onSignalStrengthsChanged level=2, vendorLevel=1
04-19 16:03:00.033  8513  8599 D MobileSignalController(1/2): notifyListener: enabled=true, connected=true, dataConnected=false, networkType=LTE (4G), emergencyOnly=false, roaming=false, isDefault=false, dataActivity=, level=1, ca=false, mmWave=false, disabledDataIcon=false, simCard=ETC
04-19 16:03:00.033  8513  8599 D NetworkController: SignalStrength from intent slotId=1
04-19 16:03:00.034 23264 23292 D CompatibilityChangeReporter: Compat change id reported: 194532703; UID 10252; state: ENABLED
04-19 16:03:00.048 23109 23109 D BoundBrokerSvc: onBind: Intent { act=com.google.android.gms.phenotype.service.START pkg=com.google.android.gms }
04-19 16:03:00.048 23109 23109 D BoundBrokerSvc: Loading bound service for intent: Intent { act=com.google.android.gms.phenotype.service.START pkg=com.google.android.gms }
04-19 16:03:00.100  8513  8513 D QSClockBellTower: He is ready to ring the bell. (((QSClockBellSound - TimeText:16:03, TimeContentDescription:16:03, DateText:Wed, 19 April, ShortDateText:Wed, 19 Apr, Demo:false, QuickStar-Second(false|12:34:56))))
04-19 16:03:00.103  8513  8513 D QSClockIndicatorView: Home Indicator status_bar_clock 16:03 notifyTimeChanged(QSClockBellSound - TimeText:16:03, TimeContentDescription:16:03, DateText:Wed, 19 April, ShortDateText:Wed, 19 Apr, Demo:false, QuickStar-Second(false|12:34:56)) ClockVisibleByPolicy:true, ClockVisibleByUser:true, visible?false, parent:android.widget.LinearLayout{883fb58 V.E...... ......I. 0,0-0,55 #7f0b04f0 app:id/left_clock_container}
04-19 16:03:00.104  8513  8513 D QSClockBellTower: Everyone heard the bell. run(currentTime:1681912980098,   getTime():Wed Apr 19 16:03:00 GMT+02:00 2023,   getTimeZone():libcore.util.ZoneInfo[mDstSavings=3600000,mUseDst=true,mDelegate=[id="Europe/Belgrade",mRawOffset=3600000,mEarliestRawOffset=4920000,transitions=119]])
04-19 16:03:00.136  5628  5712 I libprocessgroup: Successfully killed process cgroup uid 10222 pid 22317 in 9ms
04-19 16:03:00.145  8513  8513 I FaceWidgetPositionAlgorithm: getClockContainerHeight() supplier = 270, bottom margin = 0, real height = 333
04-19 16:03:00.145  8513  8513 I FaceWidgetPositionAlgorithm: getClockContainerHeight() supplier = 270, bottom margin = 63, real height = 333
04-19 16:03:00.145  8513  8513 I FaceWidgetPositionAlgorithm: getMediaContainerHeight() height = 0 container Visibility = 8, isValid = false, mIsDozing = false, fraction = 1.0, source = 0, target = 0
04-19 16:03:00.146  8513  8513 I FaceWidgetPositionAlgorithm: getMediaContainerHeight() supplier = 0
04-19 16:03:00.149  8513  8513 V QsExpandAnimator: setQsExpansionPosition 0.0
04-19 16:03:00.150 23264 23292 D ConnectivityManager: StackLog: [android.net.ConnectivityManager.sendRequestForNetwork(ConnectivityManager.java:4191)] [android.net.ConnectivityManager.registerDefaultNetworkCallbackForUid(ConnectivityManager.java:4755)] [android.net.ConnectivityManager.registerDefaultNetworkCallback(ConnectivityManager.java:4722)] [android.net.ConnectivityManager.registerDefaultNetworkCallback(ConnectivityManager.java:4696)] [dzu.b(PG:2)] [dzx.b(PG:3)] [dyz.o(PG:1)] [dyw.a(PG:1)] [_6.<init>(PG:13)] [_968.<init>(PG:1)] [dzk.a(PG:2)] [dzm.b(PG:9)] [dny.d(PG:1)] [_852.ap(PG:1)] [mxj.b(PG:2)] [ejp.as(PG:844)] [ejp.b(PG:6)] [ejp.a(PG:1)] [aijw.C(PG:9)] [aijw.k(PG:2)] [aijw.h(PG:2)] [grt.call(PG:34)] [agie.call(PG:1)] [agiv.call(PG:2)] [agim.run(PG:8)] [java.util.concurrent.ThreadPoolExecutor.runWorker(ThreadPoolExecutor.java:1137)] [java.util.concurrent.ThreadPoolExecutor$Worker.run(ThreadPoolExecutor.java:637)] [java.lang.Thread.run(Thread.java:1012)] [aghy.run(PG:2)]
04-19 16:03:00.160  8513  8513 V QsExpandAnimator: updateAnimators
04-19 16:03:00.160  8513  8513 V QsExpandAnimator: clearAnimationState
04-19 16:03:00.160  8513  8513 V QsExpandAnimator: updateViews
04-19 16:03:00.162  5288  5288 E sehhealth-service: Could not open /sys/class/power_supply/battery/lrp
04-19 16:03:00.163  8513  8513 V QsExpandAnimator: updateTileAnimator
04-19 16:03:00.164  8513  8513 V QsExpandAnimator: updateHeaderAnimator
04-19 16:03:00.165  8513  8513 V QsExpandAnimator: updateBarAnimator
04-19 16:03:00.165  8513  8513 V QsExpandAnimator: setQsExpansionPosition 0.0
04-19 16:03:00.165  8513  8513 V QsExpandAnimator: onAnimationAtStart
04-19 16:03:00.174  5628  5931 D MotionRecognitionService: [SAR]  onReceive : ACTION_BATTERY_CHANGED, Plugged: 2
04-19 16:03:00.180  5628  5628 D PhoneWindowManagerExt: ACTION_BATTERY_CHANGED - Level=100, status=5
04-19 16:03:00.183  8815  8815 D SemBigDataInfoController: Intent: android.intent.action.BATTERY_CHANGED
04-19 16:03:00.198  5628  8565 D ConnectivityService: requestNetwork for uid/pid:10252/23264 activeRequest: null callbackRequest: 28042 [NetworkRequest [ REQUEST id=28043, [ Capabilities: INTERNET&NOT_RESTRICTED&TRUSTED&NOT_VCN_MANAGED Uid: 10252 RequestorUid: 10252 RequestorPkg: com.google.android.apps.photos UnderlyingNetworks: Null] ]] callback flags: 0 order: 2147483647
04-19 16:03:00.200  5628  8367 D ConnectivityService:    accepting network in place of null
04-19 16:03:00.202  8815  8815 D SemBigDataInfoController: Intent: android.intent.action.BATTERY_CHANGED
04-19 16:03:00.205  5628  8356 D WifiNetworkFactory: got request NetworkRequest [ REQUEST id=28043, [ Capabilities: INTERNET&NOT_RESTRICTED&TRUSTED&NOT_VCN_MANAGED Uid: 10252 RequestorUid: 10252 RequestorPkg: com.google.android.apps.photos UnderlyingNetworks: Null] ]
04-19 16:03:00.205  5628  8356 D UntrustedWifiNetworkFactory: got request NetworkRequest [ REQUEST id=28043, [ Capabilities: INTERNET&NOT_RESTRICTED&TRUSTED&NOT_VCN_MANAGED Uid: 10252 RequestorUid: 10252 RequestorPkg: com.google.android.apps.photos UnderlyingNetworks: Null] ]
04-19 16:03:00.205  5628  8356 D OemPaidWifiNetworkFactory: got request NetworkRequest [ REQUEST id=28043, [ Capabilities: INTERNET&NOT_RESTRICTED&TRUSTED&NOT_VCN_MANAGED Uid: 10252 RequestorUid: 10252 RequestorPkg: com.google.android.apps.photos UnderlyingNetworks: Null] ]
04-19 16:03:00.205  5628  8356 D MultiInternetWifiNetworkFactory: got request NetworkRequest [ REQUEST id=28043, [ Capabilities: INTERNET&NOT_RESTRICTED&TRUSTED&NOT_VCN_MANAGED Uid: 10252 RequestorUid: 10252 RequestorPkg: com.google.android.apps.photos UnderlyingNetworks: Null] ]
04-19 16:03:00.206  5628  8367 D ConnectivityService: Rematched networks [computed 1ms] [applied 2ms] [issued 4]
04-19 16:03:00.206  5628  8367 D ConnectivityService: NetworkReassignment :
04-19 16:03:00.206  5628  8367 D ConnectivityService:   28043 : null  128
04-19 16:03:00.208  8513  8513 D SamsungBatteryMeterDrawable: onBatteryLevelChanged isSomethingChanged: false
04-19 16:03:00.211  5250  5250 I Zygote  : Process 22317 exited due to signal 9 (Killed)
04-19 16:03:00.215  5628  5628 D SemWifiApBroadcastReceiver: Received : android.intent.action.BATTERY_CHANGED
04-19 16:03:00.223  8513  8513 D SamsungBatteryMeterDrawable: onBatteryLevelChanged isSomethingChanged: false
04-19 16:03:00.223  8513  8513 D SamsungBatteryMeterDrawable: onBatteryLevelChanged isSomethingChanged: false
04-19 16:03:00.223  8513  8513 D SamsungBatteryMeterDrawable: onBatteryLevelChanged isSomethingChanged: false
04-19 16:03:00.223  8513  8513 D KeyguardUpdateMonitor: received broadcast android.intent.action.BATTERY_CHANGED
04-19 16:03:00.225  8513  8513 I PowerUI : mBootCompleted = true |  mFullyConnected = true
04-19 16:03:00.228  8513  8513 W PowerUI : Plug reason
04-19 16:03:00.228  8513  8513 W PowerUI : Skip charging animation - by plug status
04-19 16:03:00.228  8513  8513 D PowerUI : priorPlugType = 2 mPlugType = 2 priorBatteryStatus = 5 mBatteryStatus = 5
04-19 16:03:00.228  8513  8513 W PowerUI : Plug reason
04-19 16:03:00.228  8513  8513 W PowerUI : Skip charging sound - by plug status
04-19 16:03:00.228  8513  8513 I PowerUI : oldMisalign : false, curMisalign : false
04-19 16:03:00.229  8513  8513 D SecPowerUI.Notification: dismissSlowByChargerConnectionInfoPopUp()
04-19 16:03:00.230  8513  8513 D SecPowerUI.Notification: dismissChargingNotification()
04-19 16:03:00.230  8513 14590 D SecPowerUI.Notification: dismissing low battery warning: level=100
04-19 16:03:00.231  8513 14590 D SecPowerUI.Notification: updateNotification mWarning=false mPlaySound=false
04-19 16:03:00.231  8513  8513 D SecPowerUI.Notification: SecBatteryStatsSnapshot{batteryLevel=100, currentBatteryMode=0, chargingTime=0, chargingType=0, batteryHealth=2, automaticTestMode=false, isHiccupState=false}
04-19 16:03:00.231  8513 14590 D SecPowerUI.Notification: SecBatteryStatsSnapshot{batteryLevel=100, currentBatteryMode=0, chargingTime=0, chargingType=0, batteryHealth=2, automaticTestMode=false, isHiccupState=false}
04-19 16:03:00.232  8513 14590 D SecPowerUI.Notification: 1. restoreScreenTimeOut - saved_value : :
04-19 16:03:00.232  8513 14590 E SecPowerUI.Notification: no saved value, so we do nothing !!
04-19 16:03:00.242 21948 21948 E chromium: [ERROR:gpu_process_host.cc(1026)] GPU process exited unexpectedly: exit_code=0
04-19 16:03:00.242 21948 21948 W chromium: [WARNING:gpu_process_host.cc(1428)] The GPU process has crashed 1 time(s)
04-19 16:03:00.248  8513  8513 D PowerUI : Battery swelling mode - priorBatterySwellingMode = 0 mBatterySwellingMode = 0 mBatteryStatus = 5
04-19 16:03:00.248  8513  8513 I PowerUI : mBatteryMiscEvent = 65536
04-19 16:03:00.250  8513  8513 I AODBatteryManager: updateBatteryData: ACTION_BATTERY_CHANGED
04-19 16:03:00.250  8513  8513 I AODBatteryManager: getChargeEstimateTime: not charging
04-19 16:03:00.250  8513  8513 I AODBatteryManager: saveBatteryData : AOD BatteryData [mBatteryLevel=100, mBatteryStatus=FULL, mBatteryPlugType=USB, mBatteryPlugged=true, mRemainingChargeTime=0, mBatteryChargingType=0, mBatteryChargerType=FAST, mBatteryOnline=NOT_DEFINED, mBatterySwellingMode=NONE, mBatteryProtectMode=false]
04-19 16:03:00.251  8513  8513 D KeyguardUpdateMonitor: handleBatteryUpdate
04-19 16:03:00.333 23264 23292 D CompatibilityChangeReporter: Compat change id reported: 210923482; UID 10252; state: ENABLED
04-19 16:03:00.510  5628  8567 D PackageManager: setEnabledSetting : userId = 0 packageName = com.Slack cmp = androidx.work.impl.background.systemalarm.RescheduleReceiver newState = 1 callingPackage = 10329/com.Slack
04-19 16:03:00.512  5628  8567 D ApplicationPolicy: getApplicationStateEnabled : pkg = com.Slack userId : 0
04-19 16:03:00.514  5628  8567 D ApplicationPolicy: getApplicationComponentState : pkg = com.Slack userId : 0
04-19 16:03:00.540  5628  5714 W libprocessgroup: Failed to open /dev/blkio//cgroup.procs: No such file or directory
04-19 16:03:00.562 23264 23306 D CompatibilityChangeReporter: Compat change id reported: 170233598; UID 10252; state: DISABLED
04-19 16:03:00.565  6649  6823 D ConnectivityManager: StackLog: [android.net.ConnectivityManager.sendRequestForNetwork(ConnectivityManager.java:4191)] [android.net.ConnectivityManager.registerDefaultNetworkCallbackForUid(ConnectivityManager.java:4755)] [android.net.ConnectivityManager.registerDefaultNetworkCallback(ConnectivityManager.java:4722)] [android.net.ConnectivityManager.registerDefaultNetworkCallback(ConnectivityManager.java:4696)] [androidx.work.impl.utils.NetworkApi24.registerDefaultNetworkCallbackCompat(Unknown Source:10)] [androidx.work.impl.constraints.trackers.NetworkStateTracker24.startTracking(Unknown Source:15)] [androidx.work.impl.constraints.controllers.ConstraintController.replace(Unknown Source:130)] [androidx.work.impl.constraints.WorkConstraintsTrackerImpl.replace(Unknown Source:41)] [androidx.work.impl.background.greedy.GreedyScheduler.schedule(Unknown Source:300)] [androidx.work.impl.Schedulers.schedule(Unknown Source:149)] [androidx.work.impl.utils.EnqueueRunnable.run(Unknown Source:53)] [androidx.work.Worker$2.run$androidx$work$impl$utils$SerialExecutorImpl$Task(Unknown Source:4)] [androidx.work.Worker$2.run(Unknown Source:868)] [java.util.concurrent.ThreadPoolExecutor.runWorker(ThreadPoolExecutor.java:1137)] [java.util.concurrent.ThreadPoolExecutor$Worker.run(ThreadPoolExecutor.java:637)] [java.lang.Thread.run(Thread.java:1012)]
04-19 16:03:00.567  5628 11464 D ConnectivityService: requestNetwork for uid/pid:10329/6649 activeRequest: null callbackRequest: 28044 [NetworkRequest [ REQUEST id=28045, [ Capabilities: INTERNET&NOT_RESTRICTED&TRUSTED&NOT_VCN_MANAGED Uid: 10329 RequestorUid: 10329 RequestorPkg: com.Slack UnderlyingNetworks: Null] ]] callback flags: 0 order: 2147483647
04-19 16:03:00.568  5628  8367 D ConnectivityService:    accepting network in place of null
04-19 16:03:00.572  5628  8356 D WifiNetworkFactory: got request NetworkRequest [ REQUEST id=28045, [ Capabilities: INTERNET&NOT_RESTRICTED&TRUSTED&NOT_VCN_MANAGED Uid: 10329 RequestorUid: 10329 RequestorPkg: com.Slack UnderlyingNetworks: Null] ]
04-19 16:03:00.573  5628  8356 D UntrustedWifiNetworkFactory: got request NetworkRequest [ REQUEST id=28045, [ Capabilities: INTERNET&NOT_RESTRICTED&TRUSTED&NOT_VCN_MANAGED Uid: 10329 RequestorUid: 10329 RequestorPkg: com.Slack UnderlyingNetworks: Null] ]
04-19 16:03:00.581  5628  8356 D OemPaidWifiNetworkFactory: got request NetworkRequest [ REQUEST id=28045, [ Capabilities: INTERNET&NOT_RESTRICTED&TRUSTED&NOT_VCN_MANAGED Uid: 10329 RequestorUid: 10329 RequestorPkg: com.Slack UnderlyingNetworks: Null] ]
04-19 16:03:00.581  5628  8356 D MultiInternetWifiNetworkFactory: got request NetworkRequest [ REQUEST id=28045, [ Capabilities: INTERNET&NOT_RESTRICTED&TRUSTED&NOT_VCN_MANAGED Uid: 10329 RequestorUid: 10329 RequestorPkg: com.Slack UnderlyingNetworks: Null] ]
04-19 16:03:00.582  5628  8367 D ConnectivityService: Rematched networks [computed 0ms] [applied 3ms] [issued 12]
04-19 16:03:00.582  5628  8367 D ConnectivityService: NetworkReassignment :
04-19 16:03:00.582  5628  8367 D ConnectivityService:   28045 : null  128
04-19 16:03:00.616  6649  6649 D ConnectivityManager: StackLog: [android.net.ConnectivityManager.unregisterNetworkCallback(ConnectivityManager.java:4863)] [androidx.work.impl.utils.NetworkApi21.unregisterNetworkCallbackCompat(Unknown Source:10)] [androidx.work.impl.constraints.trackers.NetworkStateTracker24.stopTracking(Unknown Source:15)] [androidx.work.impl.constraints.trackers.ConstraintTracker.removeListener(Unknown Source:24)] [androidx.work.impl.constraints.controllers.ConstraintController.replace(Unknown Source:81)] [androidx.work.impl.constraints.WorkConstraintsTrackerImpl.replace(Unknown Source:41)] [androidx.work.impl.background.greedy.GreedyScheduler.onExecuted(Unknown Source:55)] [androidx.work.impl.Processor.onExecuted(Unknown Source:59)] [com.bugsnag.android.DeliveryDelegate$1.run(Unknown Source:212)]
04-19 16:03:00.618  5628  8367 D ConnectivityService:  Removing from current network [128 WIFI], leaving 163 requests.
04-19 16:03:00.646 30407 30407 I ResourceOverlayService_0: waitAndQuit called
04-19 16:03:00.647 30407 30407 I ResourceOverlayService_0: activity user id 0 process id 0
04-19 16:03:01.093  5628  9811 D SemWifiUsabilityStatsMonitor: onWifiUsabilityStats - seqNum 36162, isSameBssidAndFreq true
04-19 16:03:01.096  5628  8422 I SemWifiLinkQualityMonitor: Link Qos Query: 0.021 ms / 375.267 Mbps (433 / 0.000 / 1.154)
04-19 16:03:01.635  5224  5224 E audit   : type=1400 audit(1681912981.629:103249): avc:  denied  { getattr } for  pid=5628 comm="BinderProcsColl" path="/sys/kernel/debug/binder/proc/5628" dev="debugfs" ino=25430 scontext=u:r:system_server:s0 tcontext=u:object_r:sec_debugfs:s0 tclass=file permissive=0 SEPF_SM-A515F_13_0001 audit_filtered
04-19 16:03:01.635  5224  5224 E audit   : type=1300 audit(1681912981.629:103249): arch=c00000b7 syscall=79 success=no exit=-13 a0=ffffff9c a1=7d18c42190 a2=7cb001b680 a3=0 items=0 ppid=5250 pid=5628 auid=4294967295 uid=1000 gid=1000 euid=1000 suid=1000 fsuid=1000 egid=1000 sgid=1000 fsgid=1000 tty=(none) ses=4294967295 comm="BinderProcsColl" exe="/system/bin/app_process64" subj=u:r:system_server:s0 key=(null)
04-19 16:03:01.635  5224  5224 E audit   : type=1327 audit(1681912981.629:103249): proctitle="system_server"
04-19 16:03:01.649 30407 30407 I ResourceOverlayService_0: waitAndQuit called
04-19 16:03:01.649 30407 30407 I ResourceOverlayService_0: activity user id 0 process id 0
04-19 16:03:01.680 21481 23089 W libc    : Access denied finding property "sys.perf.boostopt"
04-19 16:03:01.681  5224  5224 E audit   : type=1400 audit(1681912981.673:103250): avc:  denied  { read } for  pid=21481 comm="binder:21481_4" name="u:object_r:perf_prop:s0" dev="tmpfs" ino=16829 scontext=u:r:platform_app:s0:c512,c768 tcontext=u:object_r:perf_prop:s0 tclass=file permissive=0 SEPF_SM-A515F_13_0001 audit_filtered
04-19 16:03:02.387  4066  4066 I Launcher.NotificationListener: onNotificationRankingUpdate : notification full refresh
04-19 16:03:02.388  4066  4066 I Launcher.NotificationListener: onNotificationFullRefresh
04-19 16:03:02.390  8513  8513 D InterruptionStateProvider: Group alert behavior is suppressed but we want to alert bubble
04-19 16:03:02.391  8513  8513 D InterruptionStateProvider: Group alert behavior is suppressed but we want to alert bubble
04-19 16:03:02.391  8513  8513 D InterruptionStateProvider: Group alert behavior is suppressed but we want to alert bubble
04-19 16:03:02.391  8513  8513 D InterruptionStateProvider: Group alert behavior is suppressed but we want to alert bubble
04-19 16:03:02.391  8513  8513 D InterruptionStateProvider: Group alert behavior is suppressed but we want to alert bubble
04-19 16:03:02.392  8513  8513 D InterruptionStateProvider: Group alert behavior is suppressed but we want to alert bubble
04-19 16:03:02.394  8513  8513 D InterruptionStateProvider: Group alert behavior is suppressed but we want to alert bubble
04-19 16:03:02.394  8513  8513 D InterruptionStateProvider: Group alert behavior is suppressed but we want to alert bubble
04-19 16:03:02.394  8513  8513 D InterruptionStateProvider: Group alert behavior is suppressed but we want to alert bubble
04-19 16:03:02.394  8513  8513 D InterruptionStateProvider: Group alert behavior is suppressed but we want to alert bubble
04-19 16:03:02.395  8513  8513 D InterruptionStateProvider: Group alert behavior is suppressed but we want to alert bubble
04-19 16:03:02.395  8513  8513 D InterruptionStateProvider: Group alert behavior is suppressed but we want to alert bubble
04-19 16:03:02.395  8513  8513 D InterruptionStateProvider: Group alert behavior is suppressed but we want to alert bubble
04-19 16:03:02.396  8513  8513 D InterruptionStateProvider: Group alert behavior is suppressed but we want to alert bubble
04-19 16:03:02.396  8513  8513 D InterruptionStateProvider: Group alert behavior is suppressed but we want to alert bubble
04-19 16:03:02.396  8513  8513 D InterruptionStateProvider: Group alert behavior is suppressed but we want to alert bubble
04-19 16:03:02.396  8513  8513 D InterruptionStateProvider: Group alert behavior is suppressed but we want to alert bubble
04-19 16:03:02.419  8513  8513 D PluginInstanceManager: stopListening
04-19 16:03:02.427  4066  4066 I Launcher.NotificationListener: onNotificationRankingUpdate : notification full refresh
04-19 16:03:02.427  4066  4066 I Launcher.NotificationListener: onNotificationFullRefresh
04-19 16:03:02.428  8513  8513 D PluginInstanceManager: startListening
04-19 16:03:02.431  8513  8613 D PluginInstanceManager: queryAll com.android.systemui.action.PLUGIN_NOTIFICATION_MENU_ROW
04-19 16:03:02.432  8513  8613 D PluginInstanceManager: Found 0 plugins
04-19 16:03:02.432  8513  8513 D PluginInstanceManager: stopListening
04-19 16:03:02.433  8513  8513 D PluginInstanceManager: startListening
04-19 16:03:02.434  8513  8613 D PluginInstanceManager: queryAll com.android.systemui.action.PLUGIN_NOTIFICATION_MENU_ROW
04-19 16:03:02.435  8513  8613 D PluginInstanceManager: Found 0 plugins
04-19 16:03:02.439  8513  8513 D PluginInstanceManager: stopListening
04-19 16:03:02.440  8513  8513 D PluginInstanceManager: stopListening
04-19 16:03:02.442  8513  8513 D PluginInstanceManager: stopListening
04-19 16:03:02.443  8513  8513 D PluginInstanceManager: stopListening
04-19 16:03:02.445  8513  8513 D PluginInstanceManager: stopListening
04-19 16:03:02.446  8513  8513 D PluginInstanceManager: stopListening
04-19 16:03:02.448  8513  8513 D PluginInstanceManager: stopListening
04-19 16:03:02.449  8513  8513 D PluginInstanceManager: stopListening
04-19 16:03:02.450  8513  8513 D PluginInstanceManager: stopListening
04-19 16:03:02.452  8513  8513 D PluginInstanceManager: stopListening
04-19 16:03:02.453  8513  8513 D PluginInstanceManager: startListening
04-19 16:03:02.454  8513  8613 D PluginInstanceManager: queryAll com.android.systemui.action.PLUGIN_NOTIFICATION_MENU_ROW
04-19 16:03:02.454  8513  8513 D PluginInstanceManager: startListening
04-19 16:03:02.455  8513  8613 D PluginInstanceManager: Found 0 plugins
04-19 16:03:02.455  8513  8613 D PluginInstanceManager: queryAll com.android.systemui.action.PLUGIN_NOTIFICATION_MENU_ROW
04-19 16:03:02.455  8513  8513 D PluginInstanceManager: startListening
04-19 16:03:02.455  8513  8513 D PluginInstanceManager: startListening
04-19 16:03:02.456  8513  8613 D PluginInstanceManager: Found 0 plugins
04-19 16:03:02.456  8513  8613 D PluginInstanceManager: queryAll com.android.systemui.action.PLUGIN_NOTIFICATION_MENU_ROW
04-19 16:03:02.456  8513  8513 D PluginInstanceManager: startListening
04-19 16:03:02.456  8513  8513 D PluginInstanceManager: startListening
04-19 16:03:02.457  8513  8513 D PluginInstanceManager: startListening
04-19 16:03:02.457  8513  8613 D PluginInstanceManager: Found 0 plugins
04-19 16:03:02.457  8513  8613 D PluginInstanceManager: queryAll com.android.systemui.action.PLUGIN_NOTIFICATION_MENU_ROW
04-19 16:03:02.457  8513  8513 D PluginInstanceManager: startListening
04-19 16:03:02.458  8513  8513 D PluginInstanceManager: startListening
04-19 16:03:02.458  8513  8613 D PluginInstanceManager: Found 0 plugins
04-19 16:03:02.458  8513  8613 D PluginInstanceManager: queryAll com.android.systemui.action.PLUGIN_NOTIFICATION_MENU_ROW
04-19 16:03:02.458  8513  8513 D PluginInstanceManager: startListening
04-19 16:03:02.459  8513  8613 D PluginInstanceManager: Found 0 plugins
04-19 16:03:02.459  8513  8613 D PluginInstanceManager: queryAll com.android.systemui.action.PLUGIN_NOTIFICATION_MENU_ROW
04-19 16:03:02.460  8513  8513 D PluginInstanceManager: stopListening
04-19 16:03:02.461  8513  8513 D PluginInstanceManager: startListening
04-19 16:03:02.461  8513  8613 D PluginInstanceManager: Found 0 plugins
04-19 16:03:02.461  8513  8613 D PluginInstanceManager: queryAll com.android.systemui.action.PLUGIN_NOTIFICATION_MENU_ROW
04-19 16:03:02.462  8513  8613 D PluginInstanceManager: Found 0 plugins
04-19 16:03:02.463  8513  8613 D PluginInstanceManager: queryAll com.android.systemui.action.PLUGIN_NOTIFICATION_MENU_ROW
04-19 16:03:02.463  8513  8513 D PluginInstanceManager: stopListening
04-19 16:03:02.463  8513  8513 D PluginInstanceManager: startListening
04-19 16:03:02.463  8513  8613 D PluginInstanceManager: Found 0 plugins
04-19 16:03:02.464  8513  8613 D PluginInstanceManager: queryAll com.android.systemui.action.PLUGIN_NOTIFICATION_MENU_ROW
04-19 16:03:02.464  8513  8513 D PluginInstanceManager: stopListening
04-19 16:03:02.465  8513  8513 D PluginInstanceManager: startListening
04-19 16:03:02.466  8513  8613 D PluginInstanceManager: Found 0 plugins
04-19 16:03:02.466  8513  8613 D PluginInstanceManager: queryAll com.android.systemui.action.PLUGIN_NOTIFICATION_MENU_ROW
04-19 16:03:02.467  8513  8613 D PluginInstanceManager: Found 0 plugins
04-19 16:03:02.467  8513  8613 D PluginInstanceManager: queryAll com.android.systemui.action.PLUGIN_NOTIFICATION_MENU_ROW
04-19 16:03:02.468  8513  8613 D PluginInstanceManager: Found 0 plugins
04-19 16:03:02.468  8513  8613 D PluginInstanceManager: queryAll com.android.systemui.action.PLUGIN_NOTIFICATION_MENU_ROW
04-19 16:03:02.470  8513  8613 D PluginInstanceManager: Found 0 plugins
