04-19 16:03:44.679  4066  4127 I Launcher.NotificationListener: notificationIsValidForUI : android missingTitleAndText : false isGroupHeader : false
04-19 16:03:44.680  4066  4127 I Launcher.NotificationListener: Full refresh isConnected : true active size : 42
04-19 16:03:44.690  8513  8513 I FaceWidgetPositionAlgorithm: getClockContainerHeight() supplier = 270, bottom margin = 0, real height = 333
04-19 16:03:44.691  8513  8513 I FaceWidgetPositionAlgorithm: getClockContainerHeight() supplier = 270, bottom margin = 63, real height = 333
04-19 16:03:44.691  8513  8513 I FaceWidgetPositionAlgorithm: getMediaContainerHeight() height = 0 container Visibility = 8, isValid = false, mIsDozing = false, fraction = 1.0, source = 0, target = 0
04-19 16:03:44.691  8513  8513 I FaceWidgetPositionAlgorithm: getMediaContainerHeight() supplier = 0
04-19 16:03:44.704  8513  8513 D PluginAODManager: onNotificationInfoUpdated() 0
04-19 16:03:44.705  8513  8513 I AODNotificationManager: updateVisibleNotifications: 0
04-19 16:03:44.705  8513  8513 I a       : updateStatusBarNotifications: open
04-19 16:03:44.705  8513  8513 I a       : updateStatusBarNotifications: open
04-19 16:03:44.734  4066  4127 I Launcher.NotificationListener: notificationIsValidForUI : org.telegram.messenger missingTitleAndText : false isGroupHeader : true
04-19 16:03:44.735  4066  4127 I Launcher.NotificationListener: notificationIsValidForUI : org.telegram.messenger missingTitleAndText : false isGroupHeader : false
04-19 16:03:44.735  4066  4127 I Launcher.NotificationListener: notificationIsValidForUI : org.telegram.messenger missingTitleAndText : false isGroupHeader : false
04-19 16:03:44.735  4066  4127 I Launcher.NotificationListener: notificationIsValidForUI : com.Slack missingTitleAndText : false isGroupHeader : true
04-19 16:03:44.735  4066  4127 I Launcher.NotificationListener: notificationIsValidForUI : com.Slack missingTitleAndText : false isGroupHeader : false
04-19 16:03:44.735  4066  4127 I Launcher.NotificationListener: notificationIsValidForUI : com.Slack missingTitleAndText : false isGroupHeader : false
04-19 16:03:44.735  4066  4127 I Launcher.NotificationListener: notificationIsValidForUI : com.google.android.calendar missingTitleAndText : false isGroupHeader : false
04-19 16:03:44.735  4066  4127 I Launcher.NotificationListener: notificationIsValidForUI : rs.Raiffeisen.mobile missingTitleAndText : true isGroupHeader : true
04-19 16:03:44.735  4066  4127 I Launcher.NotificationListener: notificationIsValidForUI : rs.Raiffeisen.mobile missingTitleAndText : false isGroupHeader : false
04-19 16:03:44.735  4066  4127 I Launcher.NotificationListener: notificationIsValidForUI : rs.Raiffeisen.mobile missingTitleAndText : false isGroupHeader : false
04-19 16:03:44.735  4066  4127 I Launcher.NotificationListener: notificationIsValidForUI : rs.Raiffeisen.mobile missingTitleAndText : false isGroupHeader : false
04-19 16:03:44.735  4066  4127 I Launcher.NotificationListener: notificationIsValidForUI : rs.Raiffeisen.mobile missingTitleAndText : false isGroupHeader : false
04-19 16:03:44.735  4066  4127 I Launcher.NotificationListener: notificationIsValidForUI : rs.Raiffeisen.mobile missingTitleAndText : false isGroupHeader : false
04-19 16:03:44.735  4066  4127 I Launcher.NotificationListener: notificationIsValidForUI : rs.Raiffeisen.mobile missingTitleAndText : false isGroupHeader : false
04-19 16:03:44.735  4066  4127 I Launcher.NotificationListener: notificationIsValidForUI : rs.Raiffeisen.mobile missingTitleAndText : false isGroupHeader : false
04-19 16:03:44.735  4066  4127 I Launcher.NotificationListener: notificationIsValidForUI : rs.Raiffeisen.mobile missingTitleAndText : false isGroupHeader : false
04-19 16:03:44.735  4066  4127 I Launcher.NotificationListener: notificationIsValidForUI : rs.Raiffeisen.mobile missingTitleAndText : false isGroupHeader : false
04-19 16:03:44.735  4066  4127 I Launcher.NotificationListener: notificationIsValidForUI : com.google.android.youtube missingTitleAndText : false isGroupHeader : false
04-19 16:03:44.735  4066  4127 I Launcher.NotificationListener: notificationIsValidForUI : com.microsoft.todos missingTitleAndText : false isGroupHeader : false
04-19 16:03:44.735  4066  4127 I Launcher.NotificationListener: notificationIsValidForUI : com.microsoft.todos missingTitleAndText : false isGroupHeader : false
04-19 16:03:44.735  4066  4127 I Launcher.NotificationListener: notificationIsValidForUI : com.google.android.gm missingTitleAndText : false isGroupHeader : true
04-19 16:03:44.736  4066  4127 I Launcher.NotificationListener: notificationIsValidForUI : com.google.android.gm missingTitleAndText : false isGroupHeader : false
04-19 16:03:44.736  4066  4127 I Launcher.NotificationListener: notificationIsValidForUI : com.google.android.gm missingTitleAndText : false isGroupHeader : false
04-19 16:03:44.736  4066  4127 I Launcher.NotificationListener: notificationIsValidForUI : com.google.android.gm missingTitleAndText : false isGroupHeader : false
04-19 16:03:44.736  4066  4127 I Launcher.NotificationListener: notificationIsValidForUI : com.instagram.android missingTitleAndText : true isGroupHeader : true
04-19 16:03:44.736  4066  4127 I Launcher.NotificationListener: notificationIsValidForUI : com.instagram.android missingTitleAndText : false isGroupHeader : false
04-19 16:03:44.736  4066  4127 I Launcher.NotificationListener: notificationIsValidForUI : com.instagram.android missingTitleAndText : false isGroupHeader : false
04-19 16:03:44.736  4066  4127 I Launcher.NotificationListener: notificationIsValidForUI : com.instagram.android missingTitleAndText : false isGroupHeader : false
04-19 16:03:44.736  4066  4127 I Launcher.NotificationListener: notificationIsValidForUI : com.instagram.android missingTitleAndText : false isGroupHeader : false
04-19 16:03:44.736  4066  4127 I Launcher.NotificationListener: notificationIsValidForUI : com.instagram.android missingTitleAndText : false isGroupHeader : false
04-19 16:03:44.736  4066  4127 I Launcher.NotificationListener: notificationIsValidForUI : ru.yandex.mail missingTitleAndText : false isGroupHeader : true
04-19 16:03:44.736  4066  4127 I Launcher.NotificationListener: notificationIsValidForUI : ru.yandex.mail missingTitleAndText : false isGroupHeader : false
04-19 16:03:44.736  4066  4127 I Launcher.NotificationListener: notificationIsValidForUI : ru.yandex.mail missingTitleAndText : false isGroupHeader : false
04-19 16:03:44.736  4066  4127 I Launcher.NotificationListener: notificationIsValidForUI : ru.yandex.mail missingTitleAndText : false isGroupHeader : false
04-19 16:03:44.736  4066  4127 I Launcher.NotificationListener: notificationIsValidForUI : com.linkedin.android missingTitleAndText : true isGroupHeader : true
04-19 16:03:44.736  4066  4127 I Launcher.NotificationListener: notificationIsValidForUI : com.linkedin.android missingTitleAndText : false isGroupHeader : false
04-19 16:03:44.736  4066  4127 I Launcher.NotificationListener: notificationIsValidForUI : com.linkedin.android missingTitleAndText : false isGroupHeader : false
04-19 16:03:44.736  4066  4127 I Launcher.NotificationListener: notificationIsValidForUI : com.linkedin.android missingTitleAndText : false isGroupHeader : false
04-19 16:03:44.736  4066  4127 I Launcher.NotificationListener: notificationIsValidForUI : com.linkedin.android missingTitleAndText : false isGroupHeader : false
04-19 16:03:44.736  4066  4127 I Launcher.NotificationListener: notificationIsValidForUI : ru.mail.mailapp missingTitleAndText : false isGroupHeader : false
04-19 16:03:44.736  4066  4127 I Launcher.NotificationListener: notificationIsValidForUI : ru.mail.mailapp missingTitleAndText : false isGroupHeader : false
04-19 16:03:44.736  4066  4127 I Launcher.NotificationListener: notificationIsValidForUI : org.telegram.messenger.beta missingTitleAndText : false isGroupHeader : false
04-19 16:03:44.736  4066  4127 I Launcher.NotificationListener: notificationIsValidForUI : com.google.android.apps.nbu.files missingTitleAndText : false isGroupHeader : false
04-19 16:03:44.737  4066  4127 I Launcher.NotificationListener: notificationIsValidForUI : ru.yandex.music missingTitleAndText : false isGroupHeader : false
04-19 16:03:44.737  4066  4127 I Launcher.NotificationListener: notificationIsValidForUI : mrigapps.andriod.breakfree.deux missingTitleAndText : true isGroupHeader : false
04-19 16:03:44.737  4066  4127 I Launcher.NotificationListener: notificationIsValidForUI : org.telegram.messenger missingTitleAndText : false isGroupHeader : false
04-19 16:03:44.737  4066  4127 I Launcher.NotificationListener: notificationIsValidForUI : ru.mail.mailapp missingTitleAndText : false isGroupHeader : true
04-19 16:03:44.737  4066  4127 I Launcher.NotificationListener: notificationIsValidForUI : ru.mail.mailapp missingTitleAndText : false isGroupHeader : false
04-19 16:03:44.737  4066  4127 I Launcher.NotificationListener: notificationIsValidForUI : ru.mail.mailapp missingTitleAndText : false isGroupHeader : false
04-19 16:03:44.737  4066  4127 I Launcher.NotificationListener: notificationIsValidForUI : ru.mail.mailapp missingTitleAndText : false isGroupHeader : false
04-19 16:03:44.737  4066  4127 I Launcher.NotificationListener: notificationIsValidForUI : android missingTitleAndText : false isGroupHeader : false
04-19 16:03:44.737  4066  4127 I Launcher.NotificationListener: Full refresh isConnected : true active size : 42
04-19 16:03:44.840 30407 30407 I ResourceOverlayService_0: waitAndQuit called
04-19 16:03:44.842 30407 30407 I ResourceOverlayService_0: activity user id 0 process id 0
04-19 16:03:45.843 30407 30407 I ResourceOverlayService_0: waitAndQuit called
04-19 16:03:45.847 30407 30407 I ResourceOverlayService_0: activity user id 0 process id 0
04-19 16:03:46.056  8513  8599 D MobileStatusTracker(1/2): onSignalStrengthsChanged level=2, vendorLevel=2
04-19 16:03:46.061  8513  8599 D MobileSignalController(1/2): notifyListener: enabled=true, connected=true, dataConnected=false, networkType=LTE (4G), emergencyOnly=false, roaming=false, isDefault=false, dataActivity=, level=2, ca=false, mmWave=false, disabledDataIcon=false, simCard=ETC
04-19 16:03:46.067  8513  8599 D NetworkController: SignalStrength from intent slotId=1
04-19 16:03:46.697  5628  5714 W libprocessgroup: Failed to open /dev/blkio//cgroup.procs: No such file or directory
04-19 16:03:46.746  5628  9811 D SemWifiUsabilityStatsMonitor: onWifiUsabilityStats - seqNum 36177, isSameBssidAndFreq true
04-19 16:03:46.749  5628  8422 I SemWifiLinkQualityMonitor: Link Qos Query: 0.025 ms / 324.750 Mbps (433 / 0.000 / 1.333)
04-19 16:03:46.830  5224  5224 E audit   : type=1400 audit(1681913026.825:103276): avc:  denied  { read } for  pid=21461 comm="binder:21461_3" name="u:object_r:perf_prop:s0" dev="tmpfs" ino=16829 scontext=u:r:priv_app:s0:c512,c768 tcontext=u:object_r:perf_prop:s0 tclass=file permissive=0 SEPF_SM-A515F_13_0001 audit_filtered
04-19 16:03:46.830  5224  5224 E audit   : type=1300 audit(1681913026.825:103276): arch=c00000b7 syscall=56 success=no exit=-13 a0=ffffff9c a1=7d7537f2f8 a2=88000 a3=0 items=0 ppid=5250 pid=21461 auid=4294967295 uid=10102 gid=10102 euid=10102 suid=10102 fsuid=10102 egid=10102 sgid=10102 fsgid=10102 tty=(none) ses=4294967295 comm="binder:21461_3" exe="/system/bin/app_process64" subj=u:r:priv_app:s0:c512,c768 key=(null)
04-19 16:03:46.830  5224  5224 E audit   : type=1327 audit(1681913026.825:103276): proctitle="com.android.providers.calendar"
04-19 16:03:46.830 21461 21476 W libc    : Access denied finding property "sys.perf.boostopt"
04-19 16:03:46.849 30407 30407 I ResourceOverlayService_0: waitAndQuit called
04-19 16:03:46.850 30407 30407 I ResourceOverlayService_0: activity user id 0 process id 0
04-19 16:03:47.539 22993 23956 I SCS@AiSearch user 0: (JobServiceLoggingWorker) [androidx.work-3] entering in doWork():
04-19 16:03:47.542 22993 23956 I SCS@AiSearch user 0: (JobServiceLoggingWorker) JobService Information:
04-19 16:03:47.542 22993 23956 I SCS@AiSearch user 0: JobId = 147118, WorkId = 2701ae19-5915-4621-a018-22dc2b662172, triggerUri = content://call_log
04-19 16:03:47.542 22993 23956 I SCS@AiSearch user 0: JobId = 147414, WorkId = 64573b8f-793d-4414-872d-28850d31f183, triggerUri = content://com.android.contacts/contacts
04-19 16:03:47.542 22993 23956 I SCS@AiSearch user 0: JobId = 147508, WorkId = f5d01e5e-2dd3-4421-b73b-273efa3e38c9, triggerUri = content://com.android.calendar/syncTasks
04-19 16:03:47.542 22993 23956 I SCS@AiSearch user 0: JobId = 147507, WorkId = 91868e14-4ebb-47f9-b00d-17333e89ea65, triggerUri = content://com.android.calendar/events
04-19 16:03:47.542 22993 23956 I SCS@AiSearch user 0: JobId = 147122, WorkId = dd063e76-f0e8-4d25-bd92-caf7747ba3cb, triggerUri = content://com.samsung.android.app.reminder
04-19 16:03:47.542 22993 23956 I SCS@AiSearch user 0: JobId = 147332, WorkId = 5b4701cb-af67-4a19-be70-ef142150198f, triggerUri = content://secmedia/video/media
04-19 16:03:47.542 22993 23956 I SCS@AiSearch user 0: JobId = 147504, WorkId = cc3b17ab-aa47-4ef1-be94-ef30501f4254, triggerUri = content://media/external/file
04-19 16:03:47.544 22993 23956 I SCS@AiSearch user 0: (JobServiceLoggingWorker) [androidx.work-3] leaving from doWork():
04-19 16:03:47.545 22993 23035 I WM-WorkerWrapper: Worker result SUCCESS for Work [ id=621ef056-f4c2-4072-baf0-0e050d29c1ad, tags={ com.samsung.android.scs.ai.search.scheduling.workers.JobServiceLoggingWorker, JobServiceLoggingWorker } ]
04-19 16:03:47.853 30407 30407 I ResourceOverlayService_0: waitAndQuit called
04-19 16:03:47.854 30407 30407 I ResourceOverlayService_0: activity user id 0 process id 0
04-19 16:03:48.857 30407 30407 I ResourceOverlayService_0: waitAndQuit called
04-19 16:03:48.858 30407 30407 I ResourceOverlayService_0: activity user id 0 process id 0
04-19 16:03:49.800  5628  9811 D SemWifiUsabilityStatsMonitor: onWifiUsabilityStats - seqNum 36178, isSameBssidAndFreq true
04-19 16:03:49.803  8513  8513 D NetworkController.WifiSignalController: notifyListener: visible=true, connected=true, inetCondition=1, isDefault=true, wifiTestReported=true, receivedInetCondition=-1, hideDuringMobileSwitching=false
04-19 16:03:49.804  5628  8422 I SemWifiLinkQualityMonitor: Link Qos Query: 0.025 ms / 324.750 Mbps (433 / 0.000 / 1.333)
04-19 16:03:49.806  8513  8599 D Tile.WifiTile: handleUpdateState isTransient=false transientEnabling =false cb.isTransient=false state.state = 2 mStateBeforeClick.value =false enabled =true
04-19 16:03:49.861 30407 30407 I ResourceOverlayService_0: waitAndQuit called
04-19 16:03:49.862 30407 30407 I ResourceOverlayService_0: activity user id 0 process id 0
04-19 16:03:50.641 17564 17585 D Benchmark: timeNs[ 0:10]: 303403307 309790731 310754499 300295884 310703154 308068423 322950653 315765269 316021077 312483077
04-19 16:03:50.641 17564 17585 D Benchmark: timeNs[10:20]: 306379423 307972000 307223077 313071923 309050808 300022615 316059999 301153346 309408115 306656846
04-19 16:03:50.641 17564 17585 D Benchmark: timeNs[20:30]: 311474730 308635462 301106038 320658654 306520769 307172154 313496692 309478615 320235961 312685846
04-19 16:03:50.641 17564 17585 D Benchmark: timeNs[30:40]: 314598230 300230576 303488692 316001846 309541423 301297307 321344961 308516884 303203000 309335654
04-19 16:03:50.641 17564 17585 D Benchmark: timeNs[40:50]: 308422115 314361615 300875115 308595115 315560269 316614345 309789000 320718884 300482923 318161461
04-19 16:03:50.865 30407 30407 I ResourceOverlayService_0: waitAndQuit called
04-19 16:03:50.867 30407 30407 I ResourceOverlayService_0: activity user id 0 process id 0
04-19 16:03:51.869 30407 30407 I ResourceOverlayService_0: waitAndQuit called
04-19 16:03:51.871 30407 30407 I ResourceOverlayService_0: activity user id 0 process id 0
04-19 16:03:52.861  5628  9811 D SemWifiUsabilityStatsMonitor: onWifiUsabilityStats - seqNum 36179, isSameBssidAndFreq true
04-19 16:03:52.864  5628  8422 I SemWifiLinkQualityMonitor: Link Qos Query: 0.025 ms / 324.750 Mbps (433 / 0.000 / 1.333)
04-19 16:03:52.874 30407 30407 I ResourceOverlayService_0: waitAndQuit called
04-19 16:03:52.875 30407 30407 I ResourceOverlayService_0: activity user id 0 process id 0
04-19 16:03:53.878 30407 30407 I ResourceOverlayService_0: waitAndQuit called
04-19 16:03:53.879 30407 30407 I ResourceOverlayService_0: activity user id 0 process id 0
04-19 16:03:54.063  5628  8438 D WifiConnectivityMonitor: Stop WCM Poll. cnt : 9
04-19 16:03:54.154  8513  8599 D MobileStatusTracker(0/1): onSignalStrengthsChanged level=2, vendorLevel=2
04-19 16:03:54.159  8513  8599 D MobileSignalController(0/1): notifyListener: enabled=true, connected=true, dataConnected=false, networkType=LTE (4G), emergencyOnly=false, roaming=true, isDefault=false, dataActivity=, level=2, ca=false, mmWave=false, disabledDataIcon=false, simCard=ETC
04-19 16:03:54.160  8513  8599 D NetworkController: SignalStrength from intent slotId=0
04-19 16:03:54.290 17564 17585 D Benchmark: allocationCount[ 0:10]: 9077849 9077849 9077854 9077834 9077842
04-19 16:03:54.290 17564 17585 D Benchmark: Set 17585 (Bench thread) to priority -8. Was -20, now -8
04-19 16:03:54.290 17564 17585 D Benchmark: Set 17572 (Jit) to priority 9. Was -15, now 9
04-19 16:03:54.290 17564 17585 D Benchmark: Warmup: t=9.433, iter=30, fastAvg=315876736, slowAvg=405518560
04-19 16:03:54.290 17564 17585 I PerfettoCapture: Stopping perfetto.
04-19 16:03:54.335 23615 23615 I perfetto:    perfetto_cmd.cc:1168 SIGINT/SIGTERM received: disabling tracing.
04-19 16:03:54.338 17564 17585 D Benchmark: kill -TERM command output -
04-19 16:03:54.354  5403  5403 I perfetto:  probes_producer.cc:396 Producer stop (id=777)
04-19 16:03:54.357  5403  5403 I perfetto:    ftrace_procfs.cc:342 disabled ftrace in /sys/kernel/tracing/
04-19 16:03:54.413  4378  4378 I hwservicemanager: getTransport: Cannot find entry android.hardware.atrace@1.0::IAtraceDevice/default in either framework or device VINTF manifest.
04-19 16:03:54.420  5403  5403 I perfetto:  probes_producer.cc:396 Producer stop (id=778)
04-19 16:03:54.421  5403  5403 I perfetto:  probes_producer.cc:396 Producer stop (id=779)
04-19 16:03:54.502 23615 23615 I perfetto:    perfetto_cmd.cc:1124 Trace written into the output file
04-19 16:03:54.520  5406  5406 I perfetto: ng_service_impl.cc:2426 Tracing session 195 ended, total sessions:0
04-19 16:03:54.881 30407 30407 I ResourceOverlayService_0: waitAndQuit called
04-19 16:03:54.884 30407 30407 I ResourceOverlayService_0: activity user id 0 process id 0
04-19 16:03:54.954 17564 17585 D Benchmark: Waiting 500 ms for [ProcessPid(processName=perfetto, pid=23615)] to die
04-19 16:03:55.059 27910 23992 I GmscoreIpa: Starting mediastore instant index [CONTEXT service_id=255 ]
04-19 16:03:55.085 17564 17585 I PerfettoCapture: Writing to /storage/emulated/0/Android/data/org.jetbrains.android_benchmark.test/cache/Wolf3dBenchmark_baselineFloat_2023-04-19-14-03-54.perfetto-trace.
04-19 16:03:55.495 17564 17585 D Benchmark: Copying /storage/emulated/0/Android/data/org.jetbrains.android_benchmark.test/cache/Wolf3dBenchmark_baselineFloat_2023-04-19-14-03-54.perfetto-trace to /sdcard/Android/media/org.jetbrains.android_benchmark.test/additional_test_output/Wolf3dBenchmark_baselineFloat_2023-04-19-14-03-54.perfetto-trace
04-19 16:03:55.528 10919 23353 W MediaProvider: isAppCloneUserPair for user 0: false
04-19 16:03:55.710  5628  8566 D SyncManager: userId - 0 auto - true
04-19 16:03:55.803  5628  5714 W libprocessgroup: Failed to open /dev/blkio//cgroup.procs: No such file or directory
04-19 16:03:55.816 23109 22799 I NetworkScheduler.Stats: Task com.google.android.gms/com.google.android.gms.ipa.base.IpaGcmTaskService started execution. cause:9 exec_start_elapsed_seconds: 346081 [CONTEXT service_id=218 ]
04-19 16:03:55.833 23109 23008 I NetworkScheduler.Stats: Task com.google.android.gms/com.google.android.gms.ipa.base.IpaGcmTaskService finished executing. cause:9 result: 1 elapsed_millis: 46 uptime_millis: 46 exec_start_elapsed_seconds: 346081 [CONTEXT service_id=218 ]
04-19 16:03:55.833 23109 23109 D BoundBrokerSvc: onBind: Intent { act=com.google.android.gms.scheduler.ACTION_PROXY_SCHEDULE dat=chimera-action:/... cmp=com.google.android.gms/.chimera.PersistentApiService }
04-19 16:03:55.834 23109 23109 D BoundBrokerSvc: Loading bound service for intent: Intent { act=com.google.android.gms.scheduler.ACTION_PROXY_SCHEDULE dat=chimera-action:/... cmp=com.google.android.gms/.chimera.PersistentApiService }
04-19 16:03:55.887 30407 30407 I ResourceOverlayService_0: waitAndQuit called
04-19 16:03:55.889 30407 30407 I ResourceOverlayService_0: activity user id 0 process id 0
04-19 16:03:55.906  5628  9811 D SemWifiUsabilityStatsMonitor: onWifiUsabilityStats - seqNum 36180, isSameBssidAndFreq true
04-19 16:03:55.907  5628  8422 I SemWifiLinkQualityMonitor: Link Qos Query: 0.025 ms / 324.750 Mbps (433 / 0.000 / 1.333)
04-19 16:03:56.120 17564 17585 I Benchmark: Wolf3dBenchmark.baselineFloat[Metric (timeNs) results: median 3.09443365E8, min 3.00022615E8, max 3.22950653E8, standardDeviation: 6211590.393370372, Metric (allocationCount) results: median 9077849.0, min 9077834.0, max 9077854.0, standardDeviation: 7.765307463326871]count=1
04-19 16:03:56.127 17564 17585 D Benchmark: writing results to /storage/emulated/0/Android/data/org.jetbrains.android_benchmark.test/cache/org.jetbrains.android_benchmark.test-benchmarkData.json
04-19 16:03:56.146 17564 17585 D Benchmark: Copying /storage/emulated/0/Android/data/org.jetbrains.android_benchmark.test/cache/org.jetbrains.android_benchmark.test-benchmarkData.json to /sdcard/Android/media/org.jetbrains.android_benchmark.test/additional_test_output/org.jetbrains.android_benchmark.test-benchmarkData.json
04-19 16:03:56.190  5628  9255 D SyncManager: userId - 0 auto - true
04-19 16:03:56.190 10919 24003 I MediaProvider: Deleted 1 0 0 0 0 0 0 items on external_primary due to org.jetbrains.android_benchmark.test
04-19 16:03:56.216 10919 24005 W MediaProvider: isAppCloneUserPair for user 0: false
04-19 16:03:56.242  5628  5714 W libprocessgroup: Failed to open /dev/blkio//cgroup.procs: No such file or directory
04-19 16:03:56.252 23109 23362 I NetworkScheduler.Stats: Task com.google.android.gms/com.google.android.gms.ipa.base.IpaGcmTaskService started execution. cause:9 exec_start_elapsed_seconds: 346082 [CONTEXT service_id=218 ]
04-19 16:03:56.259  5628 11456 D SyncManager: userId - 0 auto - true
04-19 16:03:56.264 23109 22799 I NetworkScheduler.Stats: Task com.google.android.gms/com.google.android.gms.ipa.base.IpaGcmTaskService finished executing. cause:9 result: 1 elapsed_millis: 32 uptime_millis: 32 exec_start_elapsed_seconds: 346082 [CONTEXT service_id=218 ]
04-19 16:03:56.267 17564 17585 I TestRunner: finished: baselineFloat(org.jetbrains.android_benchmark.Wolf3dBenchmark)
