04-09 23:08:31.267 13828 13868 I TestRunner: started: baselineFloat(org.jetbrains.android_benchmark.AndroidBenchmark)
04-09 23:08:31.270 13828 13828 I MonitoringInstr: Activities that are still in CREATED to STOPPED: 1
04-09 23:08:31.270 13828 13828 I MonitoringInstr: Finishing activity: androidx.benchmark.IsolationActivity@88dd6e9
04-09 23:08:31.276 13828 13868 I GrantPermissionCallable: Permission: android.permission.WRITE_EXTERNAL_STORAGE is already granted!
04-09 23:08:31.276 13828 13868 I GrantPermissionCallable: Permission: android.permission.READ_EXTERNAL_STORAGE is already granted!
04-09 23:08:31.277 13828 13868 D Benchmark: -- Running org.jetbrains.android_benchmark.AndroidBenchmark#baselineFloat --
04-09 23:08:31.277 13828 13868 D PerfettoCapture: Supported ABIs: arm64-v8a, armeabi-v7a, armeabi
04-09 23:08:31.277 13828 13868 D PerfettoCapture: Recording perfetto trace
04-09 23:08:31.284  7623 27020 I NetworkScheduler.Stats: Task com.google.android.gms/com.google.android.gms.ipa.base.IpaGcmTaskService started execution. cause:9 exec_start_elapsed_seconds: 2409 [CONTEXT service_id=218 ]
04-09 23:08:31.305  7623 27335 I NetworkScheduler.Stats: Task com.google.android.gms/com.google.android.gms.ipa.base.IpaGcmTaskService finished executing. cause:9 result: 1 elapsed_millis: 72 uptime_millis: 72 exec_start_elapsed_seconds: 2409 [CONTEXT service_id=218 ]
04-09 23:08:31.314 13828 13868 I PerfettoCapture: Cleanup perfetto before starting.
04-09 23:08:31.502 13828 13868 I PerfettoCapture: Perfetto output file cleanup -
04-09 23:08:31.502 13828 13868 I PerfettoCapture: Starting perfetto tracing with cmd: cat /storage/emulated/0/Android/data/org.jetbrains.android_benchmark.test/cache/trace_config.pb | perfetto --background -c - -o /data/misc/perfetto-traces/trace_output.pb
04-09 23:08:31.682 27876 27876 I perfetto:    perfetto_cmd.cc:1001 Connected to the Perfetto traced service, starting tracing
04-09 23:08:31.684  5428  5428 I perfetto: ing_service_impl.cc:953 Configured tracing session 10, #sources:4, duration:0 ms, #buffers:2, total buffer size:36864 KB, total sessions:1, uid:2000 session name: ""
04-09 23:08:31.685  5427  5427 I perfetto:  probes_producer.cc:139 Ftrace setup (target_buf=19)
04-09 23:08:31.735 13828 13868 I PerfettoCapture: Perfetto output - 27876
04-09 23:08:31.735 13828 13868 I PerfettoCapture: EXITCODE=0
04-09 23:08:31.766  4403  4403 I hwservicemanager: getTransport: Cannot find entry android.hardware.atrace@1.0::IAtraceDevice/default in either framework or device VINTF manifest.
04-09 23:08:31.795  5427  5427 I perfetto:    ftrace_procfs.cc:335 enabled ftrace in /sys/kernel/tracing/
04-09 23:08:31.872 13828 13868 I PerfettoCapture: Perfetto tracing started successfully with pid 27876.
04-09 23:08:31.964 13828 13868 I PerfettoCapture: /sys/kernel/tracing/tracing_on = 1, polled 0 times, capture fully started
04-09 23:08:31.966 13828 13868 D Benchmark: Set 13868 (Bench thread) to priority -20. Was -8, now -20
04-09 23:08:31.966 13828 13868 D Benchmark: Set 13843 (Jit) to priority -15. Was 9, now -15
04-09 23:08:31.997 13828 13868 I _benchmark.test: Explicit concurrent copying GC freed 281396(4922KB) AllocSpace objects, 1(20KB) LOS objects, 71% free, 2436KB/8580KB, paused 295us,167us total 29.863ms
04-09 23:08:35.374  5312  5312 E sehhealth-service: Could not open /sys/class/power_supply/battery/lrp
04-09 23:08:35.390  5665  5861 D MotionRecognitionService: [SAR]  onReceive : ACTION_BATTERY_CHANGED, Plugged: 2
04-09 23:08:35.393  5665  5665 D PhoneWindowManagerExt: ACTION_BATTERY_CHANGED - Level=63, status=2
04-09 23:08:35.400  5665  5665 D SemWifiApBroadcastReceiver: Received : android.intent.action.BATTERY_CHANGED
04-09 23:08:35.401  6213  6213 D SemBigDataInfoController: Intent: android.intent.action.BATTERY_CHANGED
04-09 23:08:35.403  6213  6213 D SemBigDataInfoController: Intent: android.intent.action.BATTERY_CHANGED
04-09 23:08:35.404  6284  6284 I PowerUI : mBootCompleted = true |  mFullyConnected = true
04-09 23:08:35.405  6284  6284 W PowerUI : Plug reason
04-09 23:08:35.405  6284  7556 D SecPowerUI.Notification: dismissing low battery warning: level=63
04-09 23:08:35.406  6284  7556 D SecPowerUI.Notification: updateNotification mWarning=false mPlaySound=false
04-09 23:08:35.406  6284  7556 D SecPowerUI.Notification: SecBatteryStatsSnapshot{batteryLevel=63, currentBatteryMode=0, chargingTime=3175000, chargingType=11, batteryHealth=2, automaticTestMode=false, isHiccupState=false}
04-09 23:08:35.407  6284  6284 W PowerUI : Skip charging animation - by plug status
04-09 23:08:35.407  6284  6284 D PowerUI : priorPlugType = 2 mPlugType = 2 priorBatteryStatus = 2 mBatteryStatus = 2
04-09 23:08:35.407  6284  6284 W PowerUI : Plug reason
04-09 23:08:35.407  6284  6284 W PowerUI : Skip charging sound - by plug status
04-09 23:08:35.407  6284  6284 I PowerUI : oldMisalign : false, curMisalign : false
04-09 23:08:35.410  6284  7556 D SecPowerUI.Notification: 1. restoreScreenTimeOut - saved_value : :
04-09 23:08:35.410  6284  7556 E SecPowerUI.Notification: no saved value, so we do nothing !!
04-09 23:08:35.412  6284  6284 D SecPowerUI.Notification: showChargingNotice oldChargingType : 11 currentChargingType : 11 oldChargingTime : 3175000 mChargingTime : 3175000
04-09 23:08:35.412  6284  6284 D SecPowerUI.Notification: There is no change about charging status, so return!
04-09 23:08:35.412  6284  6284 D PowerUI : Battery swelling mode - priorBatterySwellingMode = 0 mBatterySwellingMode = 0 mBatteryStatus = 2
04-09 23:08:35.413  6284  6284 I PowerUI : mBatteryMiscEvent = 65536
04-09 23:08:35.415  6284  6284 D SamsungBatteryMeterDrawable: onBatteryLevelChanged isSomethingChanged: false
04-09 23:08:35.416  6284  6284 D SamsungBatteryMeterDrawable: onBatteryLevelChanged isSomethingChanged: false
04-09 23:08:35.416  6284  6284 D SamsungBatteryMeterDrawable: onBatteryLevelChanged isSomethingChanged: false
04-09 23:08:35.416  6284  6284 D SamsungBatteryMeterDrawable: onBatteryLevelChanged isSomethingChanged: false
04-09 23:08:35.417  6284  6284 D KeyguardUpdateMonitor: received broadcast android.intent.action.BATTERY_CHANGED
04-09 23:08:35.417  6284  6284 I AODBatteryManager: updateBatteryData: ACTION_BATTERY_CHANGED
04-09 23:08:35.419  6284  6284 I AODBatteryManager: saveBatteryData : AOD BatteryData [mBatteryLevel=63, mBatteryStatus=CHARGING, mBatteryPlugType=USB, mBatteryPlugged=true, mRemainingChargeTime=3175000, mBatteryChargingType=2, mBatteryChargerType=FAST, mBatteryOnline=NOT_DEFINED, mBatterySwellingMode=NONE, mBatteryProtectMode=false]
04-09 23:08:35.419  6284  6284 D KeyguardUpdateMonitor: handleBatteryUpdate
04-09 23:08:40.421  6284  6284 D SecPowerUI.Notification: showChargingNotice oldChargingType : 11 currentChargingType : 11 oldChargingTime : 3175000 mChargingTime : 3175000
04-09 23:08:40.422  6284  6284 D SecPowerUI.Notification: There is no change about charging status, so return!
04-09 23:08:42.310 13828 13844 I _benchmark.test: Background concurrent copying GC freed 898918(13MB) AllocSpace objects, 0(0B) LOS objects, 47% free, 26MB/50MB, paused 172us,100us total 107.658ms
04-09 23:08:44.398 13828 13868 D Benchmark: THERMAL THROTTLE DETECTED, SLEEPING FOR 90 SECONDS
04-09 23:08:45.418  5312  5312 E sehhealth-service: Could not open /sys/class/power_supply/battery/lrp
04-09 23:08:45.423  5665  5861 D MotionRecognitionService: [SAR]  onReceive : ACTION_BATTERY_CHANGED, Plugged: 2
04-09 23:08:45.430  5665  5665 D PhoneWindowManagerExt: ACTION_BATTERY_CHANGED - Level=63, status=2
04-09 23:08:45.448  5665  5665 D SemWifiApBroadcastReceiver: Received : android.intent.action.BATTERY_CHANGED
04-09 23:08:45.453  6213  6213 D SemBigDataInfoController: Intent: android.intent.action.BATTERY_CHANGED
04-09 23:08:45.455  6213  6213 D SemBigDataInfoController: Intent: android.intent.action.BATTERY_CHANGED
04-09 23:08:45.457  6284  6284 I PowerUI : mBootCompleted = true |  mFullyConnected = true
04-09 23:08:45.459  6284  6284 W PowerUI : Plug reason
04-09 23:08:45.459  6284  6284 W PowerUI : Skip charging animation - by plug status
04-09 23:08:45.459  6284  6284 D PowerUI : priorPlugType = 2 mPlugType = 2 priorBatteryStatus = 2 mBatteryStatus = 2
04-09 23:08:45.459  6284  6284 W PowerUI : Plug reason
04-09 23:08:45.459  6284  7925 D SecPowerUI.Notification: dismissing low battery warning: level=63
04-09 23:08:45.459  6284  7925 D SecPowerUI.Notification: updateNotification mWarning=false mPlaySound=false
04-09 23:08:45.459  6284  7925 D SecPowerUI.Notification: SecBatteryStatsSnapshot{batteryLevel=63, currentBatteryMode=0, chargingTime=3175000, chargingType=11, batteryHealth=2, automaticTestMode=false, isHiccupState=false}
04-09 23:08:45.459  6284  6284 W PowerUI : Skip charging sound - by plug status
04-09 23:08:45.460  6284  6284 I PowerUI : oldMisalign : false, curMisalign : false
04-09 23:08:45.464  6284  6284 D SecPowerUI.Notification: showChargingNotice oldChargingType : 11 currentChargingType : 11 oldChargingTime : 3175000 mChargingTime : 3168000
04-09 23:08:45.465  6284  6284 D SecPowerUI.Notification: showChargingNotification()
04-09 23:08:45.465  6284  6284 D SecPowerUI.Notification: SecBatteryStatsSnapshot{batteryLevel=63, currentBatteryMode=0, chargingTime=3168000, chargingType=11, batteryHealth=2, automaticTestMode=false, isHiccupState=false}
04-09 23:08:45.466  6284  6284 D PowerUi.ChargingNotification: showChargingNotification()
04-09 23:08:45.470  6284  6284 D PowerUi.ChargingNotification: showChargingNotification()
04-09 23:08:45.478  6284  7925 D SecPowerUI.Notification: 1. restoreScreenTimeOut - saved_value : :
04-09 23:08:45.478  6284  7925 E SecPowerUI.Notification: no saved value, so we do nothing !!
04-09 23:08:45.479  5665  5814 D ApplicationPolicy: isStatusBarNotificationAllowedAsUser: packageName = com.android.systemui,userId = 0
04-09 23:08:45.479  5665  5814 D ApplicationPolicy: isStatusBarNotificationAllowedAsUser: packageName = com.android.systemui,userId = -1
04-09 23:08:45.480  5665  5814 D ApplicationPolicy: isStatusBarNotificationAllowedAsUser: converting userId from USER_ALLto 0
04-09 23:08:45.481  6284  6284 D PowerUI : Battery swelling mode - priorBatterySwellingMode = 0 mBatterySwellingMode = 0 mBatteryStatus = 2
04-09 23:08:45.481  6284  6284 I PowerUI : mBatteryMiscEvent = 65536
04-09 23:08:45.482  6284  6284 D SamsungBatteryMeterDrawable: onBatteryLevelChanged isSomethingChanged: false
04-09 23:08:45.482  6284  6284 D SamsungBatteryMeterDrawable: onBatteryLevelChanged isSomethingChanged: false
04-09 23:08:45.482  6284  6284 D SamsungBatteryMeterDrawable: onBatteryLevelChanged isSomethingChanged: false
04-09 23:08:45.483  6284  6284 D SamsungBatteryMeterDrawable: onBatteryLevelChanged isSomethingChanged: false
04-09 23:08:45.483  6284  6284 D KeyguardUpdateMonitor: received broadcast android.intent.action.BATTERY_CHANGED
04-09 23:08:45.483  6284  6284 I AODBatteryManager: updateBatteryData: ACTION_BATTERY_CHANGED
04-09 23:08:45.485  6284  6284 I AODBatteryManager: saveBatteryData : AOD BatteryData [mBatteryLevel=63, mBatteryStatus=CHARGING, mBatteryPlugType=USB, mBatteryPlugged=true, mRemainingChargeTime=3168000, mBatteryChargingType=2, mBatteryChargerType=FAST, mBatteryOnline=NOT_DEFINED, mBatterySwellingMode=NONE, mBatteryProtectMode=false]
04-09 23:08:45.485  6284  6284 I ChargingInfoManager: updateChargingInfo: newState = AOD ChargingInfo [mState=BATTERY_AND_REMAIN_TIME, mIsCharging=true, mIsFullyCharged=false, mIsBatteryProtectMode=false], oldState = AOD ChargingInfo [mState=BATTERY_AND_REMAIN_TIME, mIsCharging=true, mIsFullyCharged=false, mIsBatteryProtectMode=false]
04-09 23:08:45.486  6284  6284 D KeyguardUpdateMonitor: handleBatteryUpdate
04-09 23:08:45.490  6284  6284 D KeyguardSecIndicationController: addIndicationTimeout() returned - unlocking
04-09 23:08:45.490  6284  6284 D KeyguardSecIndicationController: addIndication() returned - unlocking
04-09 23:08:45.490  6284  6284 D KeyguardSecIndicationController: addBatteryAndOwnerInfoIndication() battery status = BatteryStatus{status=2,level=63,plugged=2,health=2,maxChargingWattage=-1,remaining=3168000ultraFastCharger=1}
04-09 23:08:45.713  6210  6210 I FreeformContainer: [SmartPopupViewService] onNotificationPosted: StatusBarNotification(pkg=com.android.systemui user=UserHandle{-1} id=2131428959 tag=charging_state key=-1|com.android.systemui|2131428959|charging_state|10054: Notification(channel=CHR shortcut=null contentView=null vibrate=null sound=null defaults=0x0 flags=0xa color=0xff8b94ab category=sys groupKey=CHARGING vis=PUBLIC semFlags=0x0 semPriority=0 semMissedCount=0))
04-09 23:08:45.713  6210  6210 V FreeformContainer: [SmartPopupViewService] isSmartPopupViewTarget: com.android.systemui is not enabled
04-09 23:08:45.714  6837  6837 I Launcher.NotificationListener: onNotificationPosted : com.android.systemui number : 0
04-09 23:08:45.716  9619 10534 I NotificationPipeline: Processing new notification: -1|com.android.systemui|2131428959|charging_state|10054
04-09 23:08:45.717  9619 10534 E Notification4Heart_NB: WatchFactory.getWatch-lastConnectedNodeId is null
04-09 23:08:45.718  6284  6284 D BubblesManager: onRankingUpdate : shouldBubbleUp=false ,pkg=android ,key=-1|android|34|NetworkPolicy:945656281:34|1000
04-09 23:08:45.718  6284  6284 D BubblesManager: onRankingUpdate : shouldBubbleUp=false ,pkg=com.kms.free ,key=0|com.kms.free|42|null|10299
04-09 23:08:45.718  6284  6284 D BubblesManager: onRankingUpdate : shouldBubbleUp=false ,pkg=com.sec.android.app.shealth ,key=0|com.sec.android.app.shealth|105|null|10256
04-09 23:08:45.718  6284  6284 D BubblesManager: onRankingUpdate : shouldBubbleUp=false ,pkg=com.kms.free ,key=0|com.kms.free|1|null|10299
04-09 23:08:45.719  6284  6284 D BubblesManager: onRankingUpdate : shouldBubbleUp=false ,pkg=mrigapps.andriod.breakfree.deux ,key=0|mrigapps.andriod.breakfree.deux|2|null|10506
04-09 23:08:45.719  6284  6284 D BubblesManager: onRankingUpdate : shouldBubbleUp=false ,pkg=com.android.providers.downloads ,key=0|com.android.providers.downloads|0|3:1244|10068
04-09 23:08:45.719  6284  6284 D BubblesManager: onRankingUpdate : shouldBubbleUp=false ,pkg=ru.mail.mailapp ,key=0|ru.mail.mailapp|1073741824|zhelenskiy@mail.ru|10221
04-09 23:08:45.719  9619 10534 W Notification4Heart_NB: NotificationBridgeCallback.onNotificationPosted-never connected before
04-09 23:08:45.719  6284  6284 D InterruptionStateProvider: Group alert behavior is suppressed but we want to alert bubble
04-09 23:08:45.719  6284  6284 D BubblesManager: onRankingUpdate : shouldBubbleUp=false ,pkg=ru.mail.mailapp ,key=0|ru.mail.mailapp|1291137120|zhelenskiy@mail.ru|10221
04-09 23:08:45.719  6284  6284 D InterruptionStateProvider: Group alert behavior is suppressed but we want to alert bubble
04-09 23:08:45.719  6284  6284 D BubblesManager: onRankingUpdate : shouldBubbleUp=false ,pkg=ru.mail.mailapp ,key=0|ru.mail.mailapp|406243825|zhelenskiy@mail.ru|10221
04-09 23:08:45.719  6284  6284 D BubblesManager: onRankingUpdate : shouldBubbleUp=false ,pkg=android ,key=0|android|38|AccountManagerService:38:-904454848:838749127:10427|1000
04-09 23:08:45.719  6284  6284 D InterruptionStateProvider: Group alert behavior is suppressed but we want to alert bubble
04-09 23:08:45.719  6284  6284 D BubblesManager: onRankingUpdate : shouldBubbleUp=false ,pkg=com.google.android.googlequicksearchbox ,key=0|com.google.android.googlequicksearchbox|0|-1997195081::SUMMARY::wx|10233
04-09 23:08:45.719  6284  6284 D BubblesManager: onRankingUpdate : shouldBubbleUp=false ,pkg=com.google.android.googlequicksearchbox ,key=0|com.google.android.googlequicksearchbox|0|-1997195081::a:snotification:[0x394,wx.f,NOTIFICATION]|10233
04-09 23:08:45.719  6284  6284 D BubblesManager: onRankingUpdate : shouldBubbleUp=false ,pkg=android ,key=-1|android|27|null|1000
04-09 23:08:45.720  6284  6284 D BubblesManager: onRankingUpdate : shouldBubbleUp=false ,pkg=com.android.systemui ,key=-1|com.android.systemui|2131428959|charging_state|10054
04-09 23:08:45.720  6284  6315 D Bubbles : onRankingUpdated : isActiveOrInOverflow= false , mTmpRanking.canBubble()= false ,isActive= false ,shouldBubbleUp= false ,mTmpRanking.isBubble()= false
04-09 23:08:45.720  6284  6315 D Bubbles : onRankingUpdated : isActiveOrInOverflow= false , mTmpRanking.canBubble()= false ,isActive= false ,shouldBubbleUp= false ,mTmpRanking.isBubble()= false
04-09 23:08:45.720  6284  6315 D Bubbles : onRankingUpdated : isActiveOrInOverflow= false , mTmpRanking.canBubble()= false ,isActive= false ,shouldBubbleUp= false ,mTmpRanking.isBubble()= false
04-09 23:08:45.721  6284  6315 D Bubbles : onRankingUpdated : isActiveOrInOverflow= false , mTmpRanking.canBubble()= false ,isActive= false ,shouldBubbleUp= false ,mTmpRanking.isBubble()= false
04-09 23:08:45.721  6284  6315 D Bubbles : onRankingUpdated : isActiveOrInOverflow= false , mTmpRanking.canBubble()= false ,isActive= false ,shouldBubbleUp= false ,mTmpRanking.isBubble()= false
04-09 23:08:45.721  6284  6315 D Bubbles : onRankingUpdated : isActiveOrInOverflow= false , mTmpRanking.canBubble()= false ,isActive= false ,shouldBubbleUp= false ,mTmpRanking.isBubble()= false
04-09 23:08:45.721  6284  6315 D Bubbles : onRankingUpdated : isActiveOrInOverflow= false , mTmpRanking.canBubble()= false ,isActive= false ,shouldBubbleUp= false ,mTmpRanking.isBubble()= false
04-09 23:08:45.721  6284  6315 D Bubbles : onRankingUpdated : isActiveOrInOverflow= false , mTmpRanking.canBubble()= false ,isActive= false ,shouldBubbleUp= false ,mTmpRanking.isBubble()= false
04-09 23:08:45.722  6284  6315 D Bubbles : onRankingUpdated : isActiveOrInOverflow= false , mTmpRanking.canBubble()= false ,isActive= false ,shouldBubbleUp= false ,mTmpRanking.isBubble()= false
04-09 23:08:45.722  6284  6315 D Bubbles : onRankingUpdated : isActiveOrInOverflow= false , mTmpRanking.canBubble()= false ,isActive= false ,shouldBubbleUp= false ,mTmpRanking.isBubble()= false
04-09 23:08:45.722  6284  6315 D Bubbles : onRankingUpdated : isActiveOrInOverflow= false , mTmpRanking.canBubble()= false ,isActive= false ,shouldBubbleUp= false ,mTmpRanking.isBubble()= false
04-09 23:08:45.722  6284  6315 D Bubbles : onRankingUpdated : isActiveOrInOverflow= false , mTmpRanking.canBubble()= false ,isActive= false ,shouldBubbleUp= false ,mTmpRanking.isBubble()= false
04-09 23:08:45.722  6284  6315 D Bubbles : onRankingUpdated : isActiveOrInOverflow= false , mTmpRanking.canBubble()= false ,isActive= false ,shouldBubbleUp= false ,mTmpRanking.isBubble()= false
04-09 23:08:45.722  6284  6315 D Bubbles : onRankingUpdated : isActiveOrInOverflow= false , mTmpRanking.canBubble()= false ,isActive= false ,shouldBubbleUp= false ,mTmpRanking.isBubble()= false
04-09 23:08:45.920  6284  6284 D BubblesManager: onEntryUpdated : shouldBubbleUp=false ,key=-1|com.android.systemui|2131428959|charging_state|10054
04-09 23:08:45.963  6284  6284 I FaceWidgetPositionAlgorithm: getMediaContainerHeight() height = 0 container Visibility = 8, isValid = false, mIsDozing = false, fraction = 1.0, source = 0, target = 0
04-09 23:08:45.963  6284  6284 I FaceWidgetPositionAlgorithm: getMediaContainerHeight() supplier = 0
04-09 23:08:46.050  6284  6284 I FaceWidgetPositionAlgorithm: getMediaContainerHeight() height = 0 container Visibility = 8, isValid = false, mIsDozing = false, fraction = 1.0, source = 0, target = 0
04-09 23:08:46.050  6284  6284 I FaceWidgetPositionAlgorithm: getMediaContainerHeight() supplier = 0
04-09 23:08:46.095  6284  6284 I FaceWidgetPositionAlgorithm: getMediaContainerHeight() height = 0 container Visibility = 8, isValid = false, mIsDozing = false, fraction = 1.0, source = 0, target = 0
04-09 23:08:46.096  6284  6284 I FaceWidgetPositionAlgorithm: getMediaContainerHeight() supplier = 0
04-09 23:08:46.185  7790  9193 I ContactsProvider_EventLog: cp_s: [CONTACT con(158) dat(1089) acc({sim(3)=15, sec(6)=1, org.telegram.messenger(228)=102, sim2(4)=1, google(2)=81, com.whatsapp(14)=39}) calls([logtype:100 cnt:866, logtype:200 cnt:5, logtype:300 cnt:495, logtype:1000 cnt:600, logtype:1150 cnt:161]) Iso(RS) uId(0) ]
04-09 23:08:46.185  7790  9193 I ContactsProvider_EventLog: cp_s: [ agr({[3]=15, [14]=1, [4]=1, [2 ,14]=4, [2 ,2]=2, [2]=32, [6 ,14]=1, [2 ,14 ,228]=32, [2 ,228]=7, [228]=62, [2 ,2 ,14 ,228]=1}) ]
04-09 23:08:46.185  7790  9193 I ContactsProvider_EventLog: cp_s: [ cnt({acore(7790)=1}) ]
04-09 23:08:46.185  7790  9193 I ContactsProvider_EventLog: cp_s: [PROFILE con(1) dat(1) acc({vnd.sec.contact.phone=1}) ] [SAPROFILE ]
04-09 23:08:46.185  7790  9193 I ContactsProvider_EventLog: cp_s: [STATE R(T) ]
04-09 23:08:46.352  7623  7623 D BoundBrokerSvc: onUnbind: Intent { act=com.google.android.gms.scheduler.ACTION_PROXY_SCHEDULE dat=chimera-action:/... cmp=com.google.android.gms/.chimera.PersistentApiService }
04-09 23:08:48.135  6284  6373 D MobileStatusTracker(0/1): onSignalStrengthsChanged level=2, vendorLevel=2
04-09 23:08:48.141  6284  6373 D MobileSignalController(0/1): notifyListener: enabled=true, connected=true, dataConnected=false, networkType=LTE (4G), emergencyOnly=false, roaming=true, isDefault=true, dataActivity=, level=2, ca=false, mmWave=false, disabledDataIcon=false, simCard=ETC
04-09 23:08:48.144  6284  6373 D NetworkController: SignalStrength from intent slotId=0
04-09 23:08:50.485  6284  6284 D SecPowerUI.Notification: showChargingNotice oldChargingType : 11 currentChargingType : 11 oldChargingTime : 3168000 mChargingTime : 3168000
04-09 23:08:50.485  6284  6284 D SecPowerUI.Notification: There is no change about charging status, so return!
04-09 23:08:53.252  6284  6373 D MobileStatusTracker(0/1): onSignalStrengthsChanged level=3, vendorLevel=2
04-09 23:08:53.259  6284  6373 D MobileSignalController(0/1): notifyListener: enabled=true, connected=true, dataConnected=false, networkType=LTE (4G), emergencyOnly=false, roaming=true, isDefault=true, dataActivity=, level=2, ca=false, mmWave=false, disabledDataIcon=false, simCard=ETC
04-09 23:08:53.263  6284  6373 D NetworkController: SignalStrength from intent slotId=0
04-09 23:08:55.448  5312  5312 E sehhealth-service: Could not open /sys/class/power_supply/battery/lrp
04-09 23:08:55.453  5665  5665 D PhoneWindowManagerExt: ACTION_BATTERY_CHANGED - Level=64, status=2
04-09 23:08:55.458  5665  5665 D SemWifiApBroadcastReceiver: Received : android.intent.action.BATTERY_CHANGED
04-09 23:08:55.458  5665  5861 D MotionRecognitionService: [SAR]  onReceive : ACTION_BATTERY_CHANGED, Plugged: 2
04-09 23:08:55.463  6213  6213 D SemBigDataInfoController: Intent: android.intent.action.BATTERY_CHANGED
04-09 23:08:55.465  6284  6284 I PowerUI : mBootCompleted = true |  mFullyConnected = true
04-09 23:08:55.466  6284  6284 W PowerUI : Plug reason
04-09 23:08:55.466  6284  6284 W PowerUI : Skip charging animation - by plug status
04-09 23:08:55.466  6284  6284 D PowerUI : priorPlugType = 2 mPlugType = 2 priorBatteryStatus = 2 mBatteryStatus = 2
04-09 23:08:55.466  6284  6284 W PowerUI : Plug reason
04-09 23:08:55.467  6284  6284 W PowerUI : Skip charging sound - by plug status
04-09 23:08:55.467  6284  6284 I PowerUI : oldMisalign : false, curMisalign : false
04-09 23:08:55.467  6213  6213 D SemBigDataInfoController: Intent: android.intent.action.BATTERY_CHANGED
04-09 23:08:55.468  6284  8451 D SecPowerUI.Notification: dismissing low battery warning: level=64
04-09 23:08:55.468  6284  8451 D SecPowerUI.Notification: updateNotification mWarning=false mPlaySound=false
04-09 23:08:55.468  6284  8451 D SecPowerUI.Notification: SecBatteryStatsSnapshot{batteryLevel=64, currentBatteryMode=0, chargingTime=3168000, chargingType=11, batteryHealth=2, automaticTestMode=false, isHiccupState=false}
04-09 23:08:55.471  6284  8451 D SecPowerUI.Notification: 1. restoreScreenTimeOut - saved_value : :
04-09 23:08:55.471  6284  8451 E SecPowerUI.Notification: no saved value, so we do nothing !!
04-09 23:08:55.471  6284  6284 D SecPowerUI.Notification: showChargingNotice oldChargingType : 11 currentChargingType : 11 oldChargingTime : 3168000 mChargingTime : 3164000
04-09 23:08:55.471  6284  6284 D SecPowerUI.Notification: showChargingNotification()
04-09 23:08:55.472  6284  6284 D SecPowerUI.Notification: SecBatteryStatsSnapshot{batteryLevel=64, currentBatteryMode=0, chargingTime=3164000, chargingType=11, batteryHealth=2, automaticTestMode=false, isHiccupState=false}
04-09 23:08:55.472  6284  6284 D PowerUi.ChargingNotification: showChargingNotification()
04-09 23:08:55.476  6284  6284 D PowerUi.ChargingNotification: showChargingNotification()
04-09 23:08:55.493  5665  8054 D ApplicationPolicy: isStatusBarNotificationAllowedAsUser: packageName = com.android.systemui,userId = 0
04-09 23:08:55.493  5665  8054 D ApplicationPolicy: isStatusBarNotificationAllowedAsUser: packageName = com.android.systemui,userId = -1
04-09 23:08:55.493  5665  8054 D ApplicationPolicy: isStatusBarNotificationAllowedAsUser: converting userId from USER_ALLto 0
04-09 23:08:55.499  6284  6284 D PowerUI : Battery swelling mode - priorBatterySwellingMode = 0 mBatterySwellingMode = 0 mBatteryStatus = 2
04-09 23:08:55.500  6284  6284 I PowerUI : mBatteryMiscEvent = 65536
04-09 23:08:55.501  6284  6284 D SamsungBatteryMeterDrawable: onBatteryLevelChanged isSomethingChanged: true
04-09 23:08:55.501  6284  6284 D SamsungBatteryMeterDrawable: onBatteryLevelChanged isSomethingChanged: true
04-09 23:08:55.503  6284  6284 D SamsungBatteryMeterDrawable: onBatteryLevelChanged isSomethingChanged: true
04-09 23:08:55.504  6284  6284 D SamsungBatteryMeterDrawable: onBatteryLevelChanged isSomethingChanged: true
04-09 23:08:55.505  6284  6284 D KeyguardUpdateMonitor: received broadcast android.intent.action.BATTERY_CHANGED
04-09 23:08:55.505  6284  6284 I AODBatteryManager: updateBatteryData: ACTION_BATTERY_CHANGED
04-09 23:08:55.509  6284  6284 I AODBatteryManager: saveBatteryData : AOD BatteryData [mBatteryLevel=64, mBatteryStatus=CHARGING, mBatteryPlugType=USB, mBatteryPlugged=true, mRemainingChargeTime=3164000, mBatteryChargingType=2, mBatteryChargerType=FAST, mBatteryOnline=NOT_DEFINED, mBatterySwellingMode=NONE, mBatteryProtectMode=false]
04-09 23:08:55.510  6284  6284 I ChargingInfoManager: updateChargingInfo: newState = AOD ChargingInfo [mState=BATTERY_AND_REMAIN_TIME, mIsCharging=true, mIsFullyCharged=false, mIsBatteryProtectMode=false], oldState = AOD ChargingInfo [mState=BATTERY_AND_REMAIN_TIME, mIsCharging=true, mIsFullyCharged=false, mIsBatteryProtectMode=false]
04-09 23:08:55.523  6284  6284 I FaceWidgetPositionAlgorithm: getMediaContainerHeight() height = 0 container Visibility = 8, isValid = false, mIsDozing = false, fraction = 1.0, source = 0, target = 0
04-09 23:08:55.524  6284  6284 I FaceWidgetPositionAlgorithm: getMediaContainerHeight() supplier = 0
04-09 23:08:55.526  6284  6284 V QsExpandAnimator: setQsExpansionPosition 0.0
04-09 23:08:55.527  5665  6036 D ConnectivityService: reportNetworkActive, notify 0 listeners
04-09 23:08:55.535  6284  6284 D KeyguardUpdateMonitor: handleBatteryUpdate
04-09 23:08:55.540  6284  6284 D KeyguardSecIndicationController: addIndicationTimeout() returned - unlocking
04-09 23:08:55.540  6284  6284 D KeyguardSecIndicationController: addIndication() returned - unlocking
04-09 23:08:55.540  6284  6284 D KeyguardSecIndicationController: addBatteryAndOwnerInfoIndication() battery status = BatteryStatus{status=2,level=64,plugged=2,health=2,maxChargingWattage=-1,remaining=3164000ultraFastCharger=1}
04-09 23:08:55.624  6213  6255 I System.out: Broadcasting: Intent { act=com.sec.intent.action.SARDEVICE_CP flg=0x10000000 (has extras) }
04-09 23:08:55.634  5665  5861 D MotionRecognitionService: [SAR]  onReceive : SARDEVICE_CP, callAction = on deviceID = 3 slot = 1 device_ext = 0
04-09 23:08:55.634  5665  5861 I MotionRecognitionService: [SAR] id : 0 cmd :on
04-09 23:08:55.634  6678  8139 I RILClient: processUnsolicited(): resp_id (11090), len(118)
04-09 23:08:55.634  5665  5861 I MotionRecognitionService: [SAR] A96T3X6 Grip sensor enableSensor
04-09 23:08:55.638  5665  5861 D SensorService: [GripSensor] ++ setGripThdWithMCC  (65560)
04-09 23:08:55.639  5665  5861 D SensorService: GripSensor: MCC Path does not exist
04-09 23:08:55.642  5297  5297 I SensorsGrip: [grip_sensor] enable: GripSensor: enable handle = 11 en = 1
04-09 23:08:55.647  5297  5297 E SensorsGrip: [grip_sensor] enable: mEnabled : 1, first_grip_event : 1
04-09 23:08:55.647  5297  5367 I SensorsGrip: [grip_sensor] readEvents: GripSensor: grip 1ch data = RELEASE
04-09 23:08:55.647  5665  5861 D SensorManager: registerListener :: 33554443, A96T3X6 Grip sensor, 200000, 0, com.samsung.android.gesture.MotionRecognitionSAR$GripSensor$1@ea0c55f
04-09 23:08:55.648  5665  5861 I MotionRecognitionService: [SAR] A96T3X6 Grip sensor enable channel 0 : 2 , channel 1 : 0
04-09 23:08:55.648  5665  5861 I MotionRecognitionService: [SAR] id : 1 cmd :on
04-09 23:08:55.650  6213  6986 I System.out: Broadcast completed: result=0
04-09 23:08:55.655  5665  5861 I MotionRecognitionService: [SAR] A96T3X6 Grip sensor onSensorChanged : 5.0 , 0.0 , 0.0 , 0.0 , 0.0
04-09 23:08:55.656  5665  5861 I MotionRecognitionService: [SAR] A96T3X6 Grip sensor clearBackOff channel: 0 , index: 0
04-09 23:08:55.656  5665  5861 I MotionRecognitionService: [SAR] A96T3X6 Grip sensorsetTunerGrip 8589934592 , state: false
04-09 23:08:55.667  5665  5861 D MotionRecognitionService: [SAR] set setTransmitPowerExt  value : 8589934592 : false
04-09 23:08:55.667  5665  5861 I MotionRecognitionService: [SAR] tunerGrip is 8589934592, state : false
04-09 23:08:55.722  9619 10534 I NotificationPipeline: Processing new notification: -1|com.android.systemui|2131428959|charging_state|10054
04-09 23:08:55.723  9619 10534 E Notification4Heart_NB: WatchFactory.getWatch-lastConnectedNodeId is null
04-09 23:08:55.725  6210  6210 I FreeformContainer: [SmartPopupViewService] onNotificationPosted: StatusBarNotification(pkg=com.android.systemui user=UserHandle{-1} id=2131428959 tag=charging_state key=-1|com.android.systemui|2131428959|charging_state|10054: Notification(channel=CHR shortcut=null contentView=null vibrate=null sound=null defaults=0x0 flags=0xa color=0xff8b94ab category=sys groupKey=CHARGING vis=PUBLIC semFlags=0x0 semPriority=0 semMissedCount=0))
04-09 23:08:55.725  6210  6210 V FreeformContainer: [SmartPopupViewService] isSmartPopupViewTarget: com.android.systemui is not enabled
04-09 23:08:55.725  6284  6284 D BubblesManager: onRankingUpdate : shouldBubbleUp=false ,pkg=android ,key=-1|android|34|NetworkPolicy:945656281:34|1000
04-09 23:08:55.726  6284  6284 D BubblesManager: onRankingUpdate : shouldBubbleUp=false ,pkg=com.kms.free ,key=0|com.kms.free|42|null|10299
04-09 23:08:55.726  6284  6284 D BubblesManager: onRankingUpdate : shouldBubbleUp=false ,pkg=com.sec.android.app.shealth ,key=0|com.sec.android.app.shealth|105|null|10256
04-09 23:08:55.727  6284  6284 D BubblesManager: onRankingUpdate : shouldBubbleUp=false ,pkg=com.kms.free ,key=0|com.kms.free|1|null|10299
04-09 23:08:55.727  6284  6284 D BubblesManager: onRankingUpdate : shouldBubbleUp=false ,pkg=mrigapps.andriod.breakfree.deux ,key=0|mrigapps.andriod.breakfree.deux|2|null|10506
04-09 23:08:55.727  6284  6284 D BubblesManager: onRankingUpdate : shouldBubbleUp=false ,pkg=com.android.providers.downloads ,key=0|com.android.providers.downloads|0|3:1244|10068
04-09 23:08:55.728  6284  6284 D BubblesManager: onRankingUpdate : shouldBubbleUp=false ,pkg=ru.mail.mailapp ,key=0|ru.mail.mailapp|1073741824|zhelenskiy@mail.ru|10221
04-09 23:08:55.728  9619 10534 W Notification4Heart_NB: NotificationBridgeCallback.onNotificationPosted-never connected before
04-09 23:08:55.729  6284  6284 D InterruptionStateProvider: Group alert behavior is suppressed but we want to alert bubble
04-09 23:08:55.729  6284  6284 D BubblesManager: onRankingUpdate : shouldBubbleUp=false ,pkg=ru.mail.mailapp ,key=0|ru.mail.mailapp|1291137120|zhelenskiy@mail.ru|10221
04-09 23:08:55.729  6284  6284 D InterruptionStateProvider: Group alert behavior is suppressed but we want to alert bubble
04-09 23:08:55.730  6284  6284 D BubblesManager: onRankingUpdate : shouldBubbleUp=false ,pkg=ru.mail.mailapp ,key=0|ru.mail.mailapp|406243825|zhelenskiy@mail.ru|10221
04-09 23:08:55.730  6284  6284 D BubblesManager: onRankingUpdate : shouldBubbleUp=false ,pkg=android ,key=0|android|38|AccountManagerService:38:-904454848:838749127:10427|1000
04-09 23:08:55.731  6284  6284 D InterruptionStateProvider: Group alert behavior is suppressed but we want to alert bubble
04-09 23:08:55.731  6284  6284 D BubblesManager: onRankingUpdate : shouldBubbleUp=false ,pkg=com.google.android.googlequicksearchbox ,key=0|com.google.android.googlequicksearchbox|0|-1997195081::SUMMARY::wx|10233
04-09 23:08:55.732  6284  6284 D BubblesManager: onRankingUpdate : shouldBubbleUp=false ,pkg=com.google.android.googlequicksearchbox ,key=0|com.google.android.googlequicksearchbox|0|-1997195081::a:snotification:[0x394,wx.f,NOTIFICATION]|10233
04-09 23:08:55.732  6284  6284 D BubblesManager: onRankingUpdate : shouldBubbleUp=false ,pkg=android ,key=-1|android|27|null|1000
04-09 23:08:55.733  6284  6284 D BubblesManager: onRankingUpdate : shouldBubbleUp=false ,pkg=com.android.systemui ,key=-1|com.android.systemui|2131428959|charging_state|10054
04-09 23:08:55.733  6837  6837 I Launcher.NotificationListener: onNotificationPosted : com.android.systemui number : 0
04-09 23:08:55.738  6284  6315 D Bubbles : onRankingUpdated : isActiveOrInOverflow= false , mTmpRanking.canBubble()= false ,isActive= false ,shouldBubbleUp= false ,mTmpRanking.isBubble()= false
04-09 23:08:55.738  6284  6315 D Bubbles : onRankingUpdated : isActiveOrInOverflow= false , mTmpRanking.canBubble()= false ,isActive= false ,shouldBubbleUp= false ,mTmpRanking.isBubble()= false
04-09 23:08:55.738  6284  6315 D Bubbles : onRankingUpdated : isActiveOrInOverflow= false , mTmpRanking.canBubble()= false ,isActive= false ,shouldBubbleUp= false ,mTmpRanking.isBubble()= false
04-09 23:08:55.739  6284  6315 D Bubbles : onRankingUpdated : isActiveOrInOverflow= false , mTmpRanking.canBubble()= false ,isActive= false ,shouldBubbleUp= false ,mTmpRanking.isBubble()= false
04-09 23:08:55.739  6284  6315 D Bubbles : onRankingUpdated : isActiveOrInOverflow= false , mTmpRanking.canBubble()= false ,isActive= false ,shouldBubbleUp= false ,mTmpRanking.isBubble()= false
04-09 23:08:55.739  6284  6315 D Bubbles : onRankingUpdated : isActiveOrInOverflow= false , mTmpRanking.canBubble()= false ,isActive= false ,shouldBubbleUp= false ,mTmpRanking.isBubble()= false
04-09 23:08:55.739  6284  6315 D Bubbles : onRankingUpdated : isActiveOrInOverflow= false , mTmpRanking.canBubble()= false ,isActive= false ,shouldBubbleUp= false ,mTmpRanking.isBubble()= false
04-09 23:08:55.739  6284  6315 D Bubbles : onRankingUpdated : isActiveOrInOverflow= false , mTmpRanking.canBubble()= false ,isActive= false ,shouldBubbleUp= false ,mTmpRanking.isBubble()= false
04-09 23:08:55.739  6284  6315 D Bubbles : onRankingUpdated : isActiveOrInOverflow= false , mTmpRanking.canBubble()= false ,isActive= false ,shouldBubbleUp= false ,mTmpRanking.isBubble()= false
04-09 23:08:55.739  6284  6315 D Bubbles : onRankingUpdated : isActiveOrInOverflow= false , mTmpRanking.canBubble()= false ,isActive= false ,shouldBubbleUp= false ,mTmpRanking.isBubble()= false
04-09 23:08:55.739  6284  6315 D Bubbles : onRankingUpdated : isActiveOrInOverflow= false , mTmpRanking.canBubble()= false ,isActive= false ,shouldBubbleUp= false ,mTmpRanking.isBubble()= false
04-09 23:08:55.739  6284  6315 D Bubbles : onRankingUpdated : isActiveOrInOverflow= false , mTmpRanking.canBubble()= false ,isActive= false ,shouldBubbleUp= false ,mTmpRanking.isBubble()= false
04-09 23:08:55.739  6284  6315 D Bubbles : onRankingUpdated : isActiveOrInOverflow= false , mTmpRanking.canBubble()= false ,isActive= false ,shouldBubbleUp= false ,mTmpRanking.isBubble()= false
04-09 23:08:55.739  6284  6315 D Bubbles : onRankingUpdated : isActiveOrInOverflow= false , mTmpRanking.canBubble()= false ,isActive= false ,shouldBubbleUp= false ,mTmpRanking.isBubble()= false
04-09 23:08:55.806  6284  6373 D MobileStatusTracker(1/2): onDataActivity: direction=3
04-09 23:08:55.811  6284  6373 D MobileSignalController(1/2): notifyListener: enabled=true, connected=true, dataConnected=true, networkType=LTE (4G), emergencyOnly=false, roaming=false, isDefault=true, dataActivity=inout, level=2, ca=false, mmWave=false, disabledDataIcon=false, simCard=ETC
04-09 23:08:55.927  6284  6284 D BubblesManager: onEntryUpdated : shouldBubbleUp=false ,key=-1|com.android.systemui|2131428959|charging_state|10054
04-09 23:08:55.975  6284  6284 I FaceWidgetPositionAlgorithm: getMediaContainerHeight() height = 0 container Visibility = 8, isValid = false, mIsDozing = false, fraction = 1.0, source = 0, target = 0
04-09 23:08:55.976  6284  6284 I FaceWidgetPositionAlgorithm: getMediaContainerHeight() supplier = 0
04-09 23:08:55.996 18903 18920 I BadgeProvider: query, [selection] : package=?
04-09 23:08:56.000 18903 18903 I BadgeCountReceiver: badge intent : Intent { act=android.intent.action.BADGE_COUNT_UPDATE flg=0x1000010 cmp=com.sec.android.provider.badge/.BadgeCountReceiver (has extras) }
04-09 23:08:56.000 18903 18903 I BadgeCountReceiver: packageName: org.telegram.messenger, className: org.telegram.messenger.NoxIcon, count: 1
04-09 23:08:56.007  6837  6837 I BadgeCountUpdaterImpl: onChange
04-09 23:08:56.010 18903 18920 E DatabaseUtils: Writing exception to parcel
04-09 23:08:56.010 18903 18920 E DatabaseUtils: java.lang.SecurityException: Permission Denial: writing com.sec.android.provider.badge.BadgeProvider uri content://com.sec.badge/apps?notify=true from pid=25321, uid=10268 requires com.sec.android.provider.badge.permission.WRITE, or grantUriPermission()
04-09 23:08:56.010 18903 18920 E DatabaseUtils: 	at android.content.ContentProvider.enforceWritePermissionInner(ContentProvider.java:1025)
04-09 23:08:56.010 18903 18920 E DatabaseUtils: 	at android.content.ContentProvider.semEnforceWritePermission(ContentProvider.java:951)
04-09 23:08:56.010 18903 18920 E DatabaseUtils: 	at android.content.ContentProvider$Transport.enforceWritePermission(ContentProvider.java:730)
04-09 23:08:56.010 18903 18920 E DatabaseUtils: 	at android.content.ContentProvider$Transport.update(ContentProvider.java:462)
04-09 23:08:56.010 18903 18920 E DatabaseUtils: 	at android.content.ContentProviderNative.onTransact(ContentProviderNative.java:231)
04-09 23:08:56.010 18903 18920 E DatabaseUtils: 	at android.os.Binder.execTransactInternal(Binder.java:1321)
04-09 23:08:56.010 18903 18920 E DatabaseUtils: 	at android.os.Binder.execTransact(Binder.java:1280)
04-09 23:08:56.012  6837  6837 I BadgeCountUpdaterImpl: onChange
04-09 23:08:56.018 18903 18903 I BadgeProvider: sendNotify entered. [uri] : content://com.sec.badge/apps
04-09 23:08:56.019 18903 18903 I BadgeProvider: sendNotify, [notify] : null
04-09 23:08:56.020 18903 18903 I BadgeProvider: update, getCallingPackage() : com.sec.android.provider.badge
04-09 23:08:56.020 18903 18903 I BadgeProvider: update, [uri] : content://com.sec.badge/apps
04-09 23:08:56.020 18903 18903 I BadgeProvider: update, [uri.query] : null
04-09 23:08:56.020 18903 18903 I BadgeProvider: update, [BadgeCount] : badgecount=1
04-09 23:08:56.020 18903 18903 I BadgeProvider: update, [UpdateCount] : 1
04-09 23:08:56.055  6284  6284 I FaceWidgetPositionAlgorithm: getMediaContainerHeight() height = 0 container Visibility = 8, isValid = false, mIsDozing = false, fraction = 1.0, source = 0, target = 0
04-09 23:08:56.055  6284  6284 I FaceWidgetPositionAlgorithm: getMediaContainerHeight() supplier = 0
04-09 23:08:56.076 18903 19542 I BadgeProvider: query, [selection] : package=?
04-09 23:08:56.080 18903 18903 I BadgeCountReceiver: badge intent : Intent { act=android.intent.action.BADGE_COUNT_UPDATE flg=0x1000010 cmp=com.sec.android.provider.badge/.BadgeCountReceiver (has extras) }
04-09 23:08:56.080 18903 18903 I BadgeCountReceiver: packageName: org.telegram.messenger, className: org.telegram.messenger.NoxIcon, count: 0
04-09 23:08:56.086  6837  6837 I BadgeCountUpdaterImpl: onChange
04-09 23:08:56.091  6837  6837 I BadgeCountUpdaterImpl: onChange
04-09 23:08:56.092 18903 19542 E DatabaseUtils: Writing exception to parcel
04-09 23:08:56.092 18903 19542 E DatabaseUtils: java.lang.SecurityException: Permission Denial: writing com.sec.android.provider.badge.BadgeProvider uri content://com.sec.badge/apps?notify=true from pid=25321, uid=10268 requires com.sec.android.provider.badge.permission.WRITE, or grantUriPermission()
04-09 23:08:56.092 18903 19542 E DatabaseUtils: 	at android.content.ContentProvider.enforceWritePermissionInner(ContentProvider.java:1025)
04-09 23:08:56.092 18903 19542 E DatabaseUtils: 	at android.content.ContentProvider.semEnforceWritePermission(ContentProvider.java:951)
04-09 23:08:56.092 18903 19542 E DatabaseUtils: 	at android.content.ContentProvider$Transport.enforceWritePermission(ContentProvider.java:730)
04-09 23:08:56.092 18903 19542 E DatabaseUtils: 	at android.content.ContentProvider$Transport.update(ContentProvider.java:462)
04-09 23:08:56.092 18903 19542 E DatabaseUtils: 	at android.content.ContentProviderNative.onTransact(ContentProviderNative.java:231)
04-09 23:08:56.092 18903 19542 E DatabaseUtils: 	at android.os.Binder.execTransactInternal(Binder.java:1321)
04-09 23:08:56.092 18903 19542 E DatabaseUtils: 	at android.os.Binder.execTransact(Binder.java:1280)
04-09 23:08:56.093 18903 18903 I BadgeProvider: sendNotify entered. [uri] : content://com.sec.badge/apps
04-09 23:08:56.093 18903 18903 I BadgeProvider: sendNotify, [notify] : null
04-09 23:08:56.094 18903 18903 I BadgeProvider: update, getCallingPackage() : com.sec.android.provider.badge
04-09 23:08:56.095 18903 18903 I BadgeProvider: update, [uri] : content://com.sec.badge/apps
04-09 23:08:56.095 18903 18903 I BadgeProvider: update, [uri.query] : null
04-09 23:08:56.095 18903 18903 I BadgeProvider: update, [BadgeCount] : badgecount=0
04-09 23:08:56.095 18903 18903 I BadgeProvider: update, [UpdateCount] : 1
04-09 23:08:56.098  6284  6284 I FaceWidgetPositionAlgorithm: getMediaContainerHeight() height = 0 container Visibility = 8, isValid = false, mIsDozing = false, fraction = 1.0, source = 0, target = 0
04-09 23:08:56.098  6284  6284 I FaceWidgetPositionAlgorithm: getMediaContainerHeight() supplier = 0
04-09 23:08:56.155  5249  5249 E audit   : type=1400 audit(1681074536.150:873): avc:  denied  { getattr } for  pid=5665 comm="BinderProcsColl" path="/sys/kernel/debug/binder/proc/5665" dev="debugfs" ino=28451 scontext=u:r:system_server:s0 tcontext=u:object_r:sec_debugfs:s0 tclass=file permissive=0 SEPF_SM-A515F_13_0001 audit_filtered
04-09 23:08:56.156  5249  5249 E audit   : type=1300 audit(1681074536.150:873): arch=c00000b7 syscall=79 success=no exit=-13 a0=ffffff9c a1=722c5d8cf0 a2=721c54e680 a3=0 items=0 ppid=5274 pid=5665 auid=4294967295 uid=1000 gid=1000 euid=1000 suid=1000 fsuid=1000 egid=1000 sgid=1000 fsgid=1000 tty=(none) ses=4294967295 comm="BinderProcsColl" exe="/system/bin/app_process64" subj=u:r:system_server:s0 key=(null)
04-09 23:08:56.156  5249  5249 E audit   : type=1327 audit(1681074536.150:873): proctitle="system_server"
04-09 23:08:56.179  7623 27855 D ConnectivityManager: StackLog: [android.net.ConnectivityManager.reportNetworkConnectivity(ConnectivityManager.java:3390)] [anpu.i(:com.google.android.gms@231115044@23.11.15 (190400-520109968):0)] [anpi.run(:com.google.android.gms@231115044@23.11.15 (190400-520109968):57)] [anqi.run(:com.google.android.gms@231115044@23.11.15 (190400-520109968):2)] [dapd.run(:com.google.android.gms@231115044@23.11.15 (190400-520109968):2)] [abbj.c(:com.google.android.gms@231115044@23.11.15 (190400-520109968):6)] [abbj.run(:com.google.android.gms@231115044@23.11.15 (190400-520109968):7)] [java.util.concurrent.ThreadPoolExecutor.runWorker(ThreadPoolExecutor.java:1137)] [java.util.concurrent.ThreadPoolExecutor$Worker.run(ThreadPoolExecutor.java:637)] [abgp.run(:com.google.android.gms@231115044@23.11.15 (190400-520109968):0)] [java.lang.Thread.run(Thread.java:1012)]
04-09 23:08:56.183  7623 27855 I AlarmManager: setExactAndAllowWhileIdle [name: GCM_HB_ALARM type: 2 triggerAtMillis: 3274725]
04-09 23:08:56.195  7623 27855 E GmsTaskScheduler: sendWakeUpEvent called on SchedulerClientBroadcastStrategy
04-09 23:08:56.213  7623 27335 I AlarmManager: setExactAndAllowWhileIdle [name: FcmRetry type: 2 triggerAtMillis: 2554751]
04-09 23:08:56.236  5665  5741 W libprocessgroup: Failed to open /dev/blkio//cgroup.procs: No such file or directory
04-09 23:08:56.238  5665  5741 W libprocessgroup: Failed to open /dev/blkio//cgroup.procs: No such file or directory
04-09 23:08:56.278  5665  5741 W libprocessgroup: Failed to open /dev/blkio//cgroup.procs: No such file or directory
04-09 23:08:56.293  6837  7268 I BadgeCountUpdaterImpl: reload badge without refresh
04-09 23:08:56.309  5665  5741 W libprocessgroup: Failed to open /dev/blkio//cgroup.procs: No such file or directory
04-09 23:08:56.316 18903 19542 I BadgeProvider: query, [selection] : null
04-09 23:08:56.323  6837  7268 I BadgeCache: update cache : com.vkontakte.android user : UserHandle{0}  count : 7
04-09 23:08:56.324  6837  7268 I BadgeCache: add to cache : com.vk.imuser : UserHandle{0}  count : 1
04-09 23:08:56.325  6837  7268 I BadgeCache: update cache : com.vkontakte.android user : UserHandle{0}  count : 0
04-09 23:08:56.325  6837  7268 I BadgeCache: add to cache : com.vkontakte.androiduser : UserHandle{0}  count : 1
04-09 23:08:56.325  6837  7268 I BadgeCache: add to cache : org.telegram.messengeruser : UserHandle{0}  count : 1
04-09 23:08:56.325  6837  7268 I BadgeCache: update cache : org.telegram.messenger user : UserHandle{0}  count : 0
04-09 23:08:56.325  6837  7268 I BadgeCache: update cache : com.vk.im user : UserHandle{0}  count : 0
04-09 23:08:56.334  6837  7268 I BadgeCache: reloadBadge size : 3
04-09 23:08:56.791  5519  5698 D SemNativeCarrierFeature_vendor: getInstance
04-09 23:08:56.813  5665  6515 D SLocation: CellLocationManager - onServiceStateChanged 0
04-09 23:08:56.817  6652  6652 I VcidController: onServiceStateChanged:{mVoiceRegState=0(IN_SERVICE), mDataRegState=0(IN_SERVICE), mChannelNumber=550, duplexMode()=1, mCellBandwidths=[], mOperatorAlphaLong=Yettel, mOperatorAlphaShort=Yettel, isManualNetworkSelection=false(automatic), getRilVoiceRadioTechnology=14(LTE), getRilDataRadioTechnology=14(LTE), mCssIndicator=unsupported, mNetworkId=*1, mSystemId=*1, mCdmaRoamingIndicator=-1, mCdmaDefaultRoamingIndicator=-1, VoiceRegType=0, Snap=0, MobileData=IN_SERVICE, MobileDataRoamingType=home, MobileDataRat=LTE, PsOnly=false, FemtocellInd=0, SprDisplayRoam=false, OptRadioTech=0, MsimSubmode=0, mIsEmergencyOnly=false, isUsingCarrierAggregation=true, mArfcnRsrpBoost=0, mNetworkRegistrationInfos=[NetworkRegistrationInfo{ domain=CS transportType=WWAN registrationState=HOME roamingType=NOT_ROAMING accessNetworkTechnology=LTE rejectCause=0 emergencyEnabled=false availableServices=[VOICE,SMS,VIDEO] cellIdentity=CellIdentityLte:{ mCi=1****11 mPci=191 mTac=1***3 mEarfcn=550 mBands=[] mBandwidth=2147483647 mMcc=220 mMnc=01 mAlphaLong=Yettel mAlphaShort=Yettel mAdditionalPlmns={} mCsgInfo=null} voiceSpecificInfo=VoiceSpecificRegistrationInfo { mCssSupported=false mRoamingIndicator=0 mSystemIsInPrl=0 mDefaultRoamingIndicator=0} dataSpecificInfo=null nrState=**** rRplmn=22001 isUsingCarrierAggregation=false}, NetworkRegistrationInfo{ domain=PS transportType=WWAN registrationState=HOME roamingType=NOT_ROAMING accessNetworkTechnology=LTE rejectCause=0 emergencyEnabled=false availableServices=[DATA] cellIdentity=CellIdentityLte:{ mCi=1****11 mPci=191 mTac=1***3 mEarfcn=550 mBands=[] mBandwidth=2147483647 mMcc=220 mMnc=01 mAlphaLong=Yettel mAlphaShort=Yettel mAdditionalPlmns={} mCsgInfo=null} voiceSpecificInfo=null dataSpecificInfo=android.telephony.DataSpecificRegistrationInfo :{ maxDataCalls = 4 isDcNrRestricted = false isNrAvailable = false isEnDcAvailable = false LteVopsSupportInfo :  mVopsSupport = 2 mEmcBearerSupport = 3 } nrState=**** rRplmn=22001 isUsingCarrierAggregation=true}], mNrFrequencyRange=0, mOperatorAlphaLongRaw=Yettel, mOperatorAlphaShortRaw=Yettel, mIsDataRoamingFromRegistration=false, mIsIwlanPreferred=false}
04-09 23:08:56.819  6284  6373 D MobileStatusTracker(1/2): onServiceStateChanged voiceState=0 dataState=0
04-09 23:08:56.820  5665  5665 D SemWifiApServiceImpl: onServiceStateChanged : 0dataNetworkType : 13
04-09 23:08:56.821  5665  5665 W NSLocationMonitor: onServiceStateChanged, state=0 / channel=550
04-09 23:08:56.821  5665  5665 I NSLocationMonitor: networkType[13]=LTE / nrState=false
04-09 23:08:56.821  6284  6373 D MobileSignalController(1/2): notifyListener: enabled=true, connected=true, dataConnected=true, networkType=LTE (4G), emergencyOnly=false, roaming=false, isDefault=true, dataActivity=inout, level=2, ca=false, mmWave=false, disabledDataIcon=false, simCard=ETC
04-09 23:08:56.821  5665  5665 W NSLocationMonitor: onServiceStateChanged, state=0 / channel=550
04-09 23:08:56.821  5665  5665 I NSLocationMonitor: networkType[13]=LTE / nrState=false
