04-10 01:36:50.684  3958  4085 W WM-WorkSpec: Flex duration lesser than minimum allowed value; Changed to 300000
04-10 01:36:50.685  3958  4085 W WM-WorkSpec: Flex duration lesser than minimum allowed value; Changed to 300000
04-10 01:36:50.732  6284  6373 D MobileStatusTracker(1/2): onSignalStrengthsChanged level=2, vendorLevel=2
04-10 01:36:50.737  6284  6373 D MobileSignalController(1/2): notifyListener: enabled=true, connected=true, dataConnected=true, networkType=LTE/LTE_CA (4G+), emergencyOnly=false, roaming=false, isDefault=true, dataActivity=inout, level=2, ca=true, mmWave=false, disabledDataIcon=false, simCard=ETC
04-10 01:36:50.739  6284  6373 D NetworkController: SignalStrength from intent slotId=1
04-10 01:36:50.776  3976  3976 I FirebaseCrashlytics: Initializing Firebase Crashlytics 18.2.13 for ru.yandex.weatherplugin
04-10 01:36:50.915  3870  3870 D ConnectivityManager: StackLog: [android.net.ConnectivityManager.unregisterNetworkCallback(ConnectivityManager.java:4863)] [p1.e.f(NetworkStateTracker.java:3)] [p1.d.c(ConstraintTracker.java:3)] [o1.c.e(ConstraintController.java:6)] [n1.d.d(WorkConstraintsTracker.java:5)] [l1.b.i(GreedyScheduler.java:6)] [l1.b.e(GreedyScheduler.java:1)] [k1.d.e(Processor.java:7)] [k1.d$a.run(Processor.java:2)]
04-10 01:36:50.917  5665  6036 D ConnectivityService:  Removing from current network [100 CELLULAR], leaving 137 requests.
04-10 01:36:50.981  3976  4106 I DynamiteModule: Considering local module com.google.android.gms.measurement.dynamite:83 and remote module com.google.android.gms.measurement.dynamite:87
04-10 01:36:50.982  3976  4106 I DynamiteModule: Selected remote version of com.google.android.gms.measurement.dynamite, version >= 87
04-10 01:36:50.983  3976  4106 V DynamiteModule: Dynamite loader version >= 2, using loadModule2NoCrashUtils
04-10 01:36:51.016  3958  4032 I WM-WorkerWrapper: Worker result SUCCESS for Work [ id=dbe285dc-442d-435a-98ee-043537842ff6, tags={ com.linkedin.android.tracking.sensor.SensorMetricTapeWorker } ]
04-10 01:36:51.037  3976  4106 W System  : ClassLoader referenced unknown path:
04-10 01:36:51.039  3976  4106 D nativeloader: Configuring classloader-namespace for other apk . target_sdk_version=33, uses_libraries=, library_path=/data/app/~~mYdPq_NGLdUB2yWaL5NTvg==/com.google.android.gms-TCk7i077yxnS0ebFZetrAQ==/lib/arm64:/data/app/~~mYdPq_NGLdUB2yWaL5NTvg==/com.google.android.gms-TCk7i077yxnS0ebFZetrAQ==/base.apk!/lib/arm64-v8a, permitted_path=/data:/mnt/expand:/data/user/0/com.google.android.gms
04-10 01:36:51.402  7623  7623 D BoundBrokerSvc: onUnbind: Intent { act=com.google.android.gms.scheduler.ACTION_PROXY_SCHEDULE dat=chimera-action:/... cmp=com.google.android.gms/.chimera.PersistentApiService }
04-10 01:36:51.412  3976  3976 I FirebaseInitProvider: FirebaseApp initialization successful
04-10 01:36:51.618  3870  3977 W microsoft.todos: Long monitor contention with owner Aria-Helper-thread-1 (3910) at void com.microsoft.applications.telemetry.core.e0.c(java.util.Queue)(PersistentStorageManager.java:19) waiters=0 in void com.microsoft.applications.telemetry.core.e0.f(java.util.ArrayList) for 829ms
04-10 01:36:52.010  3976  4140 I AppMetrica: Initializing of Metrica, Release type, Version 5.0.0, API Level 105, Dated 19.05.2022.
04-10 01:36:52.109  3976  3976 I WeatherApplication: Start application
04-10 01:36:52.293  3870  4109 D TokenSharingManager_v1.6.4: Library works in release mode
04-10 01:36:52.302  3976  4142 W x.weatherplugin: Method void com.yandex.metrica.impl.ob.Vi.a(android.os.Bundle) failed lock verification and will run slower.
04-10 01:36:52.302  3976  4142 W x.weatherplugin: Common causes for lock verification issues are non-optimized dex code
04-10 01:36:52.302  3976  4142 W x.weatherplugin: and incorrect proguard optimizations.
04-10 01:36:52.337  6284  6373 D MobileStatusTracker(1/2): onSignalStrengthsChanged level=3, vendorLevel=2
04-10 01:36:52.353  6284  6373 D MobileSignalController(1/2): notifyListener: enabled=true, connected=true, dataConnected=true, networkType=LTE/LTE_CA (4G+), emergencyOnly=false, roaming=false, isDefault=true, dataActivity=inout, level=2, ca=true, mmWave=false, disabledDataIcon=false, simCard=ETC
04-10 01:36:52.353  6284  6373 D NetworkController: SignalStrength from intent slotId=1
04-10 01:36:52.384  3976  4141 I AppMetrica: Activate reporter with APIKey 20799a27-xxxx-xxxx-xxxx-xxxxxxxx4180
04-10 01:36:52.420  5274  5274 D Zygote  : Forked child process 4152
04-10 01:36:52.503  4152  4152 I rplugin:Metrica: Using CollectorTypeCC GC.
04-10 01:36:52.512  4152  4152 E rplugin:Metrica: Not starting debugger since process cannot load the jdwp agent.
04-10 01:36:52.523  4152  4152 D ActivityThread: setConscryptValidator
04-10 01:36:52.523  4152  4152 D ActivityThread: setConscryptValidator - put
04-10 01:36:52.597  7623  7623 D BoundBrokerSvc: onUnbind: Intent { act=com.google.android.gms.auth.account.workaccount.START dat=chimera-action:/... cmp=com.google.android.gms/.chimera.PersistentApiService }
04-10 01:36:52.600  4152  4152 D CompatibilityChangeReporter: Compat change id reported: 171979766; UID 10343; state: ENABLED
04-10 01:36:52.678  3976  4138 I FA      : App measurement initialized, version: 75157
04-10 01:36:52.678  3976  4138 I FA      : To enable debug logging run: adb shell setprop log.tag.FA VERBOSE
04-10 01:36:52.679  3976  4138 I FA      : To enable faster debug mode event logging run:
04-10 01:36:52.679  3976  4138 I FA      :   adb shell setprop debug.firebase.analytics.app ru.yandex.weatherplugin
04-10 01:36:52.742  3976  4141 I AppMetrica: Activate reporter with APIKey 67bb016b-xxxx-xxxx-xxxx-xxxxxxxx03d3
04-10 01:36:52.799  4152  4152 D nativeloader: Configuring classloader-namespace for other apk /system/framework/org.apache.http.legacy.jar. target_sdk_version=31, uses_libraries=ALL, library_path=/data/app/~~5QrQUKSKwgpH27UNTggTmw==/ru.yandex.weatherplugin-X7l11oGWOFvbl4p9ePmhTA==/lib/arm64:/data/app/~~5QrQUKSKwgpH27UNTggTmw==/ru.yandex.weatherplugin-X7l11oGWOFvbl4p9ePmhTA==/base.apk!/lib/arm64-v8a:/data/app/~~5QrQUKSKwgpH27UNTggTmw==/ru.yandex.weatherplugin-X7l11oGWOFvbl4p9ePmhTA==/split_config.arm64_v8a.apk!/lib/arm64-v8a:/data/app/~~5QrQUKSKwgpH27UNTggTmw==/ru.yandex.weatherplugin-X7l11oGWOFvbl4p9ePmhTA==/split_config.xxhdpi.apk!/lib/arm64-v8a, permitted_path=/data:/mnt/expand:/data/user/0/ru.yandex.weatherplugin
04-10 01:36:52.799  4152  4152 D nativeloader: Extending system_exposed_libraries: libhumantracking.arcsoft.so:libPortraitDistortionCorrection.arcsoft.so:libPortraitDistortionCorrectionCali.arcsoft.so:libface_landmark.arcsoft.so:libFacialStickerEngine.arcsoft.so:libveengine.arcsoft.so:liblow_light_hdr.arcsoft.so:libhigh_dynamic_range.arcsoft.so:libFacialAttributeDetection.arcsoft.so:libneural.snap.samsung.so:libsnap_aidl.snap.samsung.so:libBestComposition.polarr.so:libTracking.polarr.so:libFeature.polarr.so:libPolarrSnap.polarr.so:libYuv.polarr.so:libhal.wsm.samsung.so:libsce_v1.crypto.samsung.so:libknox_remotedesktopclient.knox.samsung.so:libVDLowLight.visidon.so:libSDKRecognitionText.spensdk.samsung.so:libSFEffect.fonteffect.samsung.so:libheifcapture_jni.media.samsung.so:libjpegsq.media.samsung.so:libslljpeg.media.samsung.so:libsemimagecrop_jni.media.samsung.so:libapex_jni.media.samsung.so:libperfsdk.performance.samsung.so:lib.engmodejni.samsung.so:libSEF.quram.so:libimagecodec.quram.so:libagifencoder.quram.so:libBeauty_v4.camera.samsung.so:libexifa.ca
04-10 01:36:52.852  4152  4152 W ziparchive: Unable to open '/data/app/~~5QrQUKSKwgpH27UNTggTmw==/ru.yandex.weatherplugin-X7l11oGWOFvbl4p9ePmhTA==/split_config.arm64_v8a.dm': No such file or directory
04-10 01:36:52.853  4152  4152 W ziparchive: Unable to open '/data/app/~~5QrQUKSKwgpH27UNTggTmw==/ru.yandex.weatherplugin-X7l11oGWOFvbl4p9ePmhTA==/split_config.arm64_v8a.dm': No such file or directory
04-10 01:36:52.871  4152  4152 W rplugin:Metrica: Entry not found
04-10 01:36:52.873  4152  4152 W ziparchive: Unable to open '/data/app/~~5QrQUKSKwgpH27UNTggTmw==/ru.yandex.weatherplugin-X7l11oGWOFvbl4p9ePmhTA==/split_config.xxhdpi.dm': No such file or directory
04-10 01:36:52.873  4152  4152 W ziparchive: Unable to open '/data/app/~~5QrQUKSKwgpH27UNTggTmw==/ru.yandex.weatherplugin-X7l11oGWOFvbl4p9ePmhTA==/split_config.xxhdpi.dm': No such file or directory
04-10 01:36:52.876  4152  4152 W rplugin:Metrica: Entry not found
04-10 01:36:52.891  4152  4152 D nativeloader: Configuring classloader-namespace for other apk /data/app/~~5QrQUKSKwgpH27UNTggTmw==/ru.yandex.weatherplugin-X7l11oGWOFvbl4p9ePmhTA==/base.apk:/data/app/~~5QrQUKSKwgpH27UNTggTmw==/ru.yandex.weatherplugin-X7l11oGWOFvbl4p9ePmhTA==/split_config.arm64_v8a.apk:/data/app/~~5QrQUKSKwgpH27UNTggTmw==/ru.yandex.weatherplugin-X7l11oGWOFvbl4p9ePmhTA==/split_config.xxhdpi.apk. target_sdk_version=31, uses_libraries=, library_path=/data/app/~~5QrQUKSKwgpH27UNTggTmw==/ru.yandex.weatherplugin-X7l11oGWOFvbl4p9ePmhTA==/lib/arm64:/data/app/~~5QrQUKSKwgpH27UNTggTmw==/ru.yandex.weatherplugin-X7l11oGWOFvbl4p9ePmhTA==/base.apk!/lib/arm64-v8a:/data/app/~~5QrQUKSKwgpH27UNTggTmw==/ru.yandex.weatherplugin-X7l11oGWOFvbl4p9ePmhTA==/split_config.arm64_v8a.apk!/lib/arm64-v8a:/data/app/~~5QrQUKSKwgpH27UNTggTmw==/ru.yandex.weatherplugin-X7l11oGWOFvbl4p9ePmhTA==/split_config.xxhdpi.apk!/lib/arm64-v8a, permitted_path=/data:/mnt/expand:/data/user/0/ru.yandex.weatherplugin
04-10 01:36:52.899  4152  4152 W rplugin:Metrica: JIT profile information will not be recorded: profile file does not exist.
04-10 01:36:52.899  4152  4152 W rplugin:Metrica: JIT profile information will not be recorded: profile file does not exist.
04-10 01:36:52.959  4152  4152 V GraphicsEnvironment: ANGLE Developer option for 'ru.yandex.weatherplugin' set to: 'default'
04-10 01:36:52.962  4152  4152 V GraphicsEnvironment: ANGLE GameManagerService for ru.yandex.weatherplugin: false
04-10 01:36:52.963  4152  4152 V GraphicsEnvironment: Neither updatable production driver nor prerelease driver is supported.
04-10 01:36:52.972  4152  4152 D NetworkSecurityConfig: Using Network Security Config from resource network_security_config debugBuild: false
04-10 01:36:53.002  4152  4152 D NetworkSecurityConfig: Using Network Security Config from resource network_security_config debugBuild: false
04-10 01:36:53.002  3870  3881 W microsoft.todos: Suspending all threads took: 7.600ms
04-10 01:36:53.031  5665  8047 D PackageManager: setEnabledSetting : userId = 0 packageName = ru.yandex.weatherplugin cmp = androidx.work.impl.background.systemjob.SystemJobService newState = 1 callingPackage = 10343/ru.yandex.weatherplugin
04-10 01:36:53.032  5665  8047 D ApplicationPolicy: getApplicationStateEnabled : pkg = ru.yandex.weatherplugin userId : 0
04-10 01:36:53.034  5665  8047 D ApplicationPolicy: getApplicationComponentState : pkg = ru.yandex.weatherplugin userId : 0
04-10 01:36:53.065  3976  3976 D WidgetsWorkManager: scheduleRegularUpdateWidgetsFromNetwork()
04-10 01:36:53.134  3976  3976 D WidgetsWorkManager: scheduleRegularUpdateWidgetsFromCache()
04-10 01:36:53.165  3976  3976 D MetricaJob: Metrica tracking enabled: true
04-10 01:36:53.338  5665  6152 D NetdEventListenerService: DNS Requested by : 100, 10016
04-10 01:36:53.341  3870  4109 D TrafficStats: tagSocket(6) with statsTag=0xffffffff, statsUid=-1
04-10 01:36:53.373  7973  7973 D BoundBrokerSvc: onBind: Intent { act=com.google.android.gms.measurement.START pkg=com.google.android.gms }
04-10 01:36:53.373  7973  7973 D BoundBrokerSvc: Loading bound service for intent: Intent { act=com.google.android.gms.measurement.START pkg=com.google.android.gms }
04-10 01:36:53.416  3976  3976 D CompatibilityChangeReporter: Compat change id reported: 194532703; UID 10343; state: DISABLED
04-10 01:36:53.433  3976  4177 D CompatibilityChangeReporter: Compat change id reported: 160794467; UID 10343; state: ENABLED
04-10 01:36:53.466  3976  3976 D PushSdkInitializer: PushSdk initialized
04-10 01:36:53.546  3976  4141 I AppMetrica: Activate AppMetrica with APIKey 2bc91ad6-xxxx-xxxx-xxxx-xxxxxxxx4c2e
04-10 01:36:53.548  3976  4141 I AppMetrica: Activate reporter with APIKey 0e5e9c33-xxxx-xxxx-xxxx-xxxxxxxx3f72
04-10 01:36:53.604  3976  4207 D ConfigLoader: Start loading flags
04-10 01:36:53.612  6284  6373 D MobileStatusTracker(1/2): onSignalStrengthsChanged level=2, vendorLevel=2
04-10 01:36:53.626  6284  6373 D MobileSignalController(1/2): notifyListener: enabled=true, connected=true, dataConnected=true, networkType=LTE/LTE_CA (4G+), emergencyOnly=false, roaming=false, isDefault=true, dataActivity=inout, level=2, ca=true, mmWave=false, disabledDataIcon=false, simCard=ETC
04-10 01:36:53.626  6284  6373 D NetworkController: SignalStrength from intent slotId=1
04-10 01:36:53.688  3976  4207 D TrafficStats: tagSocket(99) with statsTag=0xffffffff, statsUid=-1
04-10 01:36:53.690  5665  6152 D NetdEventListenerService: DNS Requested by : 100, 10343
04-10 01:36:53.775  4152  4224 D CompatibilityChangeReporter: Compat change id reported: 183155436; UID 10343; state: DISABLED
04-10 01:36:53.783  4152  4224 I AppMetrica: Initializing of Metrica, Release type, Version 5.0.0, API Level 105, Dated 19.05.2022.
04-10 01:36:53.805  3976  3976 I [SL:BaseSearchLibImpl]: SL version: 6025000
04-10 01:36:53.842  4152  4231 W rplugin:Metrica: Method void com.yandex.metrica.impl.ob.Vi.a(android.os.Bundle) failed lock verification and will run slower.
04-10 01:36:53.842  4152  4231 W rplugin:Metrica: Common causes for lock verification issues are non-optimized dex code
04-10 01:36:53.842  4152  4231 W rplugin:Metrica: and incorrect proguard optimizations.
04-10 01:36:53.852  5665  5685 D PackageManager: setEnabledSetting : userId = 0 packageName = ru.yandex.weatherplugin cmp = ru.yandex.searchlib.widget.ext.WidgetExt newState = 2 callingPackage = 10343/ru.yandex.weatherplugin
04-10 01:36:53.916  3976  4141 I AppMetrica: Activate reporter with APIKey 478cb909-xxxx-xxxx-xxxx-xxxxxxxx9f93
04-10 01:36:53.920  4152  4224 I AppMetrica: Activate reporter with APIKey 20799a27-xxxx-xxxx-xxxx-xxxxxxxx4180
04-10 01:36:53.999  3976  3976 D WeatherAppWidgetProvBas: onReceive()
04-10 01:36:54.009  3976  3976 D WeatherAppWidgetProvBas: onUpdate()
04-10 01:36:54.010  3976  3976 D WeatherAppWidgetProvBas: updateWidgetsFromCacheInstant()
04-10 01:36:54.011  3976  3976 D WidgetsWorkManager: updateWidgetsFromCacheInstant()
04-10 01:36:54.076  3976  4235 E x.weatherplugin: Invalid ID 0x00000000.
04-10 01:36:54.223  3870  3906 W microsoft.todos: Long monitor contention with owner Aria-Helper-thread-1 (3910) at void com.microsoft.applications.telemetry.core.e0.c(java.util.Queue)(PersistentStorageManager.java:19) waiters=0 in java.util.HashMap com.microsoft.applications.telemetry.core.e0.d(com.microsoft.applications.telemetry.EventPriority, java.lang.Long) for 755ms
04-10 01:36:54.266  7973  7973 D BoundBrokerSvc: onBind: Intent { act=com.google.android.gms.appset.service.START dat=chimera-action:/... cmp=com.google.android.gms/.chimera.GmsApiService }
04-10 01:36:54.266  7973  7973 D BoundBrokerSvc: Loading bound service for intent: Intent { act=com.google.android.gms.appset.service.START dat=chimera-action:/... cmp=com.google.android.gms/.chimera.GmsApiService }
04-10 01:36:54.416  3976  3987 W x.weatherplugin: Suspending all threads took: 5.894ms
04-10 01:36:54.442  4152  4178 D CompatibilityChangeReporter: Compat change id reported: 194532703; UID 10343; state: DISABLED
04-10 01:36:54.458  5665  5741 W libprocessgroup: Failed to open /dev/blkio//cgroup.procs: No such file or directory
04-10 01:36:54.469  5665  5741 W libprocessgroup: Failed to open /dev/blkio//cgroup.procs: No such file or directory
04-10 01:36:54.477  4152  4221 D CompatibilityChangeReporter: Compat change id reported: 147600208; UID 10343; state: ENABLED
04-10 01:36:54.507  4152  4254 D TrafficStats: tagSocket(107) with statsTag=0xffffffff, statsUid=-1
04-10 01:36:54.511  4152  4254 D TrafficStats: tagSocket(107) with statsTag=0xffffffff, statsUid=-1
04-10 01:36:54.617  3976  4207 D UaasExperimentLoader: Start loading flags
04-10 01:36:54.618  3976  4207 D UaasExperimentLoader: lastExperimentUpdate: 1681082451887
04-10 01:36:54.655  4152  4190 I AppMetrica-Attribution: Choosing distribution data: ClidsInfo(chosen=Candidate(clids=null, source=APP), candidates=[Candidate(clids=null, source=APP)])
04-10 01:36:54.970  3976  4207 D ExperimentController: loadExperimentByChainInternal: Updated successfully
04-10 01:36:55.030  3958  4259 D ProfileInstaller: Skipping profile installation for com.linkedin.android
04-10 01:36:55.070  4152  4253 D TrafficStats: tagSocket(112) with statsTag=0xffffffff, statsUid=-1
04-10 01:36:55.091  5665  6082 I ChimeraAggressivePolicyHandler: executePolicy() - triggerSource: TRIGGER_SOURCE_LMKD
04-10 01:36:55.093  5665  6082 I ChimeraAggressivePolicyHandler: available memory: 939516, free memory target: 890880, quit chimera
04-10 01:36:55.400  3870  4104 D TrafficStats: tagSocket(99) with statsTag=0xffffffff, statsUid=-1
04-10 01:36:55.402  5665  6152 D NetdEventListenerService: DNS Requested by : 100, 10016
04-10 01:36:55.505  4152  4253 D TrafficStats: tagSocket(113) with statsTag=0xffffffff, statsUid=-1
04-10 01:36:55.653  3870  3914 I WidgetProvider: updateWidget all widgets
04-10 01:36:56.377  5665  7155 W LocationManagerService: onFreezeStateChanged, uid[10252]=true
04-10 01:36:57.687  4152  4162 W System  : A resource failed to call close.
04-10 01:36:57.688  4152  4162 W System  : A resource failed to call close.
04-10 01:36:57.764  6284  6373 D MobileStatusTracker(1/2): onDataActivity: direction=1
04-10 01:36:57.772  6284  6373 D MobileSignalController(1/2): notifyListener: enabled=true, connected=true, dataConnected=true, networkType=LTE/LTE_CA (4G+), emergencyOnly=false, roaming=false, isDefault=true, dataActivity=in, level=2, ca=true, mmWave=false, disabledDataIcon=false, simCard=ETC
04-10 01:36:58.074  5312  5312 E sehhealth-service: Could not open /sys/class/power_supply/battery/lrp
04-10 01:36:58.788  6284  6373 D MobileStatusTracker(1/2): onDataActivity: direction=0
04-10 01:36:58.798  6284  6373 D MobileSignalController(1/2): notifyListener: enabled=true, connected=true, dataConnected=true, networkType=LTE/LTE_CA (4G+), emergencyOnly=false, roaming=false, isDefault=true, dataActivity=, level=2, ca=true, mmWave=false, disabledDataIcon=false, simCard=ETC
04-10 01:36:59.502  3976  3976 D WidgetDisplayer: showWeatherCaches: weatherCaches.size = 4
04-10 01:36:59.516  3976  3976 D WidgetDisplayer: showWeatherCaches: widgets.size = 3
04-10 01:36:59.522  3976  3976 D WidgetDisplayer: showWeatherCaches: created ui updater for widget ScreenWidget[id=13,locationId=-1,locationData=LocationData [id=-1; latitude=0.0; longitude=0.0; name=; shortName=; kind=]]
04-10 01:36:59.524  3976  3976 I ScreenWidgetUiUpdaterBa: updateWithData() ScreenWidgetUiUpdaterBase begin
04-10 01:36:59.545  3976  3976 I ScreenWidgetUiUpdaterBa: setTheme() BaseHorizontalWidgetUpdater begin
04-10 01:36:59.549  3976  3976 I ScreenWidgetUiUpdaterBa: setTheme() ScreenWidgetUiUpdaterBase end
04-10 01:36:59.576  3976  3976 D WWidget : isDefaultLauncher launcher = com.sec.android.app.launcher
04-10 01:36:59.636  3976  3976 I ScreenWidgetUiUpdaterBa: updateWithData() ScreenWidgetUiUpdaterBase end
04-10 01:36:59.637  3976  3976 D Now time: Remote: 1681080457
04-10 01:36:59.722  3976  3976 I AppWidgetManager: updateAppWidget() appWidgetIds = [13]
04-10 01:36:59.735  3976  3976 D WidgetDisplayer: showWeatherCaches: created ui updater for widget ScreenWidget[id=37,locationId=-1,locationData=LocationData [id=-1; latitude=44.8239860534668; longitude=20.45982551574707; name=grad Beograd; shortName=grad Beograd; kind=]]
04-10 01:36:59.736  3976  3976 I ScreenWidgetUiUpdaterBa: updateWithData() ScreenWidgetUiUpdaterBase begin
04-10 01:36:59.742  3976  3976 I ScreenWidgetUiUpdaterBa: setTheme() BaseHorizontalWidgetUpdater begin
04-10 01:36:59.745  3976  3976 I ScreenWidgetUiUpdaterBa: setTheme() ScreenWidgetUiUpdaterBase end
04-10 01:36:59.759  3976  3976 D WWidget : isDefaultLauncher launcher = com.sec.android.app.launcher
04-10 01:36:59.781  3976  3976 I ScreenWidgetUiUpdaterBa: updateWithData() ScreenWidgetUiUpdaterBase end
04-10 01:36:59.835  3976  3976 I AppWidgetManager: updateAppWidget() appWidgetIds = [37]
04-10 01:36:59.847  3976  3976 D WidgetDisplayer: showWeatherCaches: created ui updater for widget ScreenWidget[id=39,locationId=-1,locationData=LocationData [id=-1; latitude=44.8239860534668; longitude=20.45982551574707; name=grad Beograd; shortName=grad Beograd; kind=]]
04-10 01:36:59.849  3976  3976 I ScreenWidgetUiUpdaterBa: updateWithData() ScreenWidgetUiUpdaterBase begin
04-10 01:36:59.854  3976  3976 I ScreenWidgetUiUpdaterBa: setTheme() BaseHorizontalWidgetUpdater begin
04-10 01:36:59.858  3976  3976 I ScreenWidgetUiUpdaterBa: setTheme() ScreenWidgetUiUpdaterBase end
04-10 01:36:59.871  3976  3976 D WWidget : isDefaultLauncher launcher = com.sec.android.app.launcher
04-10 01:36:59.895  3976  3976 I ScreenWidgetUiUpdaterBa: updateWithData() ScreenWidgetUiUpdaterBase end
04-10 01:36:59.897  3976  3976 D Now time: Remote: 1681080457
04-10 01:36:59.948  3976  3976 I AppWidgetManager: updateAppWidget() appWidgetIds = [39]
04-10 01:36:59.967  3976  3976 D WidgetDisplayer: showWeatherCaches: widgets.size = 3
04-10 01:36:59.968  3976  3976 D WidgetDisplayer: showWeatherCaches: created ui updater for widget ScreenWidget[id=13,locationId=-1,locationData=LocationData [id=-1; latitude=0.0; longitude=0.0; name=; shortName=; kind=]]
04-10 01:36:59.969  3976  3976 I ScreenWidgetUiUpdaterBa: updateWithData() ScreenWidgetUiUpdaterBase begin
04-10 01:36:59.974  3976  3976 I ScreenWidgetUiUpdaterBa: setTheme() BaseHorizontalWidgetUpdater begin
04-10 01:36:59.979  3976  3976 I ScreenWidgetUiUpdaterBa: setTheme() ScreenWidgetUiUpdaterBase end
04-10 01:36:59.989  3976  3976 D WWidget : isDefaultLauncher launcher = com.sec.android.app.launcher
04-10 01:37:00.009  6284  6927 D QSClockBellTower: onReceive(android.intent.action.TIME_TICK) mTimeZoneString:null
04-10 01:37:00.011  3976  3976 I ScreenWidgetUiUpdaterBa: updateWithData() ScreenWidgetUiUpdaterBase end
04-10 01:37:00.013  3976  3976 D Now time: Remote: 1681080457
04-10 01:37:00.013  6284  6284 D KeyguardUpdateMonitor: received broadcast android.intent.action.TIME_TICK
04-10 01:37:00.030  6284  6284 D QSClockBellTower: He is ready to ring the bell. (((QSClockBellSound - TimeText:01:37, TimeContentDescription:01:37, DateText:Mon, 10 April, ShortDateText:Mon, 10 Apr, Demo:false, QuickStar-Second(false|12:34:56))))
04-10 01:37:00.033  6284  6284 D QSClockIndicatorView: Home Indicator status_bar_clock 01:37 notifyTimeChanged(QSClockBellSound - TimeText:01:37, TimeContentDescription:01:37, DateText:Mon, 10 April, ShortDateText:Mon, 10 Apr, Demo:false, QuickStar-Second(false|12:34:56)) ClockVisibleByPolicy:true, ClockVisibleByUser:true, visible?false, parent:android.widget.LinearLayout{130cee5 V.E...... ......I. 0,0-0,55 #7f0b04e9 app:id/left_clock_container}
04-10 01:37:00.034  6284  6284 D QSClockBellTower: Everyone heard the bell. run(currentTime:1681083420019,   getTime():Mon Apr 10 01:37:00 GMT+02:00 2023,   getTimeZone():libcore.util.ZoneInfo[mDstSavings=3600000,mUseDst=true,mDelegate=[id="Europe/Belgrade",mRawOffset=3600000,mEarliestRawOffset=4920000,transitions=119]])
04-10 01:37:00.037  6284  6284 D KeyguardUpdateMonitor: handleTimeUpdate
04-10 01:37:00.039  6284  6284 D FaceWidgetPagesController: onTimeChanged()
04-10 01:37:00.065  6284  6284 I FaceWidgetPositionAlgorithm: getClockContainerHeight() supplier = 270, bottom margin = 0, real height = 503
04-10 01:37:00.066  6284  6284 I FaceWidgetPositionAlgorithm: getClockContainerHeight() supplier = 270, bottom margin = 63, real height = 503
04-10 01:37:00.066  6284  6284 I FaceWidgetPositionAlgorithm: getMediaContainerHeight() height = 0 container Visibility = 8, isValid = false, mIsDozing = false, fraction = 1.0, source = 0, target = 0
04-10 01:37:00.066  6284  6284 I FaceWidgetPositionAlgorithm: getMediaContainerHeight() supplier = 0
04-10 01:37:00.068  3976  3976 I AppWidgetManager: updateAppWidget() appWidgetIds = [13]
04-10 01:37:00.071  6284  6284 V QsExpandAnimator: setQsExpansionPosition 0.0
04-10 01:37:00.080  6284  6284 V QsExpandAnimator: updateAnimators
04-10 01:37:00.080  6284  6284 V QsExpandAnimator: clearAnimationState
04-10 01:37:00.081  6284  6284 V QsExpandAnimator: updateViews
04-10 01:37:00.084  6284  6284 V QsExpandAnimator: updateTileAnimator
04-10 01:37:00.085  3976  3976 D WidgetDisplayer: showWeatherCaches: created ui updater for widget ScreenWidget[id=37,locationId=-1,locationData=LocationData [id=-1; latitude=44.8239860534668; longitude=20.45982551574707; name=grad Beograd; shortName=grad Beograd; kind=]]
04-10 01:37:00.086  3976  3976 I ScreenWidgetUiUpdaterBa: updateWithData() ScreenWidgetUiUpdaterBase begin
04-10 01:37:00.087  6284  6284 V QsExpandAnimator: updateHeaderAnimator
04-10 01:37:00.088  6284  6284 V QsExpandAnimator: updateBarAnimator
04-10 01:37:00.088  6284  6284 V QsExpandAnimator: setQsExpansionPosition 0.0
04-10 01:37:00.088  6284  6284 V QsExpandAnimator: onAnimationAtStart
04-10 01:37:00.092  3976  3976 I ScreenWidgetUiUpdaterBa: setTheme() BaseHorizontalWidgetUpdater begin
04-10 01:37:00.097  3976  3976 I ScreenWidgetUiUpdaterBa: setTheme() ScreenWidgetUiUpdaterBase end
04-10 01:37:00.110  3976  3976 D WWidget : isDefaultLauncher launcher = com.sec.android.app.launcher
04-10 01:37:00.135  3976  3976 I ScreenWidgetUiUpdaterBa: updateWithData() ScreenWidgetUiUpdaterBase end
04-10 01:37:00.176  7623  7623 D BoundBrokerSvc: onUnbind: Intent { act=com.google.android.gms.phenotype.service.START dat=chimera-action:/... cmp=com.google.android.gms/.chimera.PersistentApiService }
04-10 01:37:00.177  3976  3976 I AppWidgetManager: updateAppWidget() appWidgetIds = [37]
04-10 01:37:00.187  3976  3976 D WidgetDisplayer: showWeatherCaches: created ui updater for widget ScreenWidget[id=39,locationId=-1,locationData=LocationData [id=-1; latitude=44.8239860534668; longitude=20.45982551574707; name=grad Beograd; shortName=grad Beograd; kind=]]
04-10 01:37:00.188  3976  3976 I ScreenWidgetUiUpdaterBa: updateWithData() ScreenWidgetUiUpdaterBase begin
04-10 01:37:00.192  3976  3976 I ScreenWidgetUiUpdaterBa: setTheme() BaseHorizontalWidgetUpdater begin
04-10 01:37:00.196  3976  3976 I ScreenWidgetUiUpdaterBa: setTheme() ScreenWidgetUiUpdaterBase end
04-10 01:37:00.209  3976  3976 D WWidget : isDefaultLauncher launcher = com.sec.android.app.launcher
04-10 01:37:00.230  3976  3976 I ScreenWidgetUiUpdaterBa: updateWithData() ScreenWidgetUiUpdaterBase end
04-10 01:37:00.231  3976  3976 D Now time: Remote: 1681080457
04-10 01:37:00.272  7623  7623 D BoundBrokerSvc: onUnbind: Intent { act=com.google.android.gms.udc.service.START dat=chimera-action:/... cmp=com.google.android.gms/.chimera.PersistentApiService }
04-10 01:37:00.287  3976  3976 I AppWidgetManager: updateAppWidget() appWidgetIds = [39]
04-10 01:37:00.307  3976  3976 D WidgetDisplayer: showWeatherCaches: widgets.size = 3
04-10 01:37:00.309  3976  3976 D WidgetDisplayer: showWeatherCaches: created ui updater for widget ScreenWidget[id=13,locationId=-1,locationData=LocationData [id=-1; latitude=0.0; longitude=0.0; name=; shortName=; kind=]]
04-10 01:37:00.310  3976  3976 I ScreenWidgetUiUpdaterBa: updateWithData() ScreenWidgetUiUpdaterBase begin
04-10 01:37:00.315  3976  3976 I ScreenWidgetUiUpdaterBa: setTheme() BaseHorizontalWidgetUpdater begin
04-10 01:37:00.319  3976  3976 I ScreenWidgetUiUpdaterBa: setTheme() ScreenWidgetUiUpdaterBase end
04-10 01:37:00.329  3976  3976 D WWidget : isDefaultLauncher launcher = com.sec.android.app.launcher
04-10 01:37:00.352  3976  3976 I ScreenWidgetUiUpdaterBa: updateWithData() ScreenWidgetUiUpdaterBase end
04-10 01:37:00.354  3976  3976 D Now time: Remote: 1681080457
04-10 01:37:00.403  3976  3976 I AppWidgetManager: updateAppWidget() appWidgetIds = [13]
04-10 01:37:00.412  3976  3976 D WidgetDisplayer: showWeatherCaches: created ui updater for widget ScreenWidget[id=37,locationId=-1,locationData=LocationData [id=-1; latitude=44.8239860534668; longitude=20.45982551574707; name=grad Beograd; shortName=grad Beograd; kind=]]
04-10 01:37:00.414  3976  3976 I ScreenWidgetUiUpdaterBa: updateWithData() ScreenWidgetUiUpdaterBase begin
04-10 01:37:00.418  3976  3976 I ScreenWidgetUiUpdaterBa: setTheme() BaseHorizontalWidgetUpdater begin
04-10 01:37:00.422  3976  3976 I ScreenWidgetUiUpdaterBa: setTheme() ScreenWidgetUiUpdaterBase end
04-10 01:37:00.435  3976  3976 D WWidget : isDefaultLauncher launcher = com.sec.android.app.launcher
04-10 01:37:00.468  3976  3976 I ScreenWidgetUiUpdaterBa: updateWithData() ScreenWidgetUiUpdaterBase end
04-10 01:37:00.509  3976  3976 I AppWidgetManager: updateAppWidget() appWidgetIds = [37]
04-10 01:37:00.520  3976  3976 D WidgetDisplayer: showWeatherCaches: created ui updater for widget ScreenWidget[id=39,locationId=-1,locationData=LocationData [id=-1; latitude=44.8239860534668; longitude=20.45982551574707; name=grad Beograd; shortName=grad Beograd; kind=]]
04-10 01:37:00.521  3976  3976 I ScreenWidgetUiUpdaterBa: updateWithData() ScreenWidgetUiUpdaterBase begin
04-10 01:37:00.526  3976  3976 I ScreenWidgetUiUpdaterBa: setTheme() BaseHorizontalWidgetUpdater begin
04-10 01:37:00.530  3976  3976 I ScreenWidgetUiUpdaterBa: setTheme() ScreenWidgetUiUpdaterBase end
04-10 01:37:00.541  3976  3976 D WWidget : isDefaultLauncher launcher = com.sec.android.app.launcher
04-10 01:37:00.563  3976  3976 I ScreenWidgetUiUpdaterBa: updateWithData() ScreenWidgetUiUpdaterBase end
04-10 01:37:00.564  3976  3976 D Now time: Remote: 1681080457
04-10 01:37:00.613  3976  3976 I AppWidgetManager: updateAppWidget() appWidgetIds = [39]
04-10 01:37:00.630  5249  5249 E audit   : type=1400 audit(1681083420.622:1823): avc:  denied  { getattr } for  pid=5665 comm="BinderProcsColl" path="/sys/kernel/debug/binder/proc/5665" dev="debugfs" ino=28451 scontext=u:r:system_server:s0 tcontext=u:object_r:sec_debugfs:s0 tclass=file permissive=0 SEPF_SM-A515F_13_0001 audit_filtered
04-10 01:37:00.630  5249  5249 E audit   : type=1300 audit(1681083420.622:1823): arch=c00000b7 syscall=79 success=no exit=-13 a0=ffffff9c a1=722e5199f0 a2=71d91e4680 a3=0 items=0 ppid=5274 pid=5665 auid=4294967295 uid=1000 gid=1000 euid=1000 suid=1000 fsuid=1000 egid=1000 sgid=1000 fsgid=1000 tty=(none) ses=4294967295 comm="BinderProcsColl" exe="/system/bin/app_process64" subj=u:r:system_server:s0 key=(null)
04-10 01:37:00.631  5249  5249 E audit   : type=1327 audit(1681083420.622:1823): proctitle="system_server"
04-10 01:37:00.632  3976  3976 D WidgetDisplayer: showWeatherCaches: widgets.size = 3
04-10 01:37:00.633  3976  3976 D WidgetDisplayer: showWeatherCaches: created ui updater for widget ScreenWidget[id=13,locationId=-1,locationData=LocationData [id=-1; latitude=0.0; longitude=0.0; name=; shortName=; kind=]]
04-10 01:37:00.634  3976  3976 I ScreenWidgetUiUpdaterBa: updateWithData() ScreenWidgetUiUpdaterBase begin
04-10 01:37:00.638  3976  3976 I ScreenWidgetUiUpdaterBa: setTheme() BaseHorizontalWidgetUpdater begin
04-10 01:37:00.642  3976  3976 I ScreenWidgetUiUpdaterBa: setTheme() ScreenWidgetUiUpdaterBase end
04-10 01:37:00.649  3976  3976 D WWidget : isDefaultLauncher launcher = com.sec.android.app.launcher
04-10 01:37:00.681  3976  3976 I ScreenWidgetUiUpdaterBa: updateWithData() ScreenWidgetUiUpdaterBase end
04-10 01:37:00.684  3976  3976 D Now time: Remote: 1681080457
04-10 01:37:00.742  3976  3976 I AppWidgetManager: updateAppWidget() appWidgetIds = [13]
04-10 01:37:00.753  3976  3976 D WidgetDisplayer: showWeatherCaches: created ui updater for widget ScreenWidget[id=37,locationId=-1,locationData=LocationData [id=-1; latitude=44.8239860534668; longitude=20.45982551574707; name=grad Beograd; shortName=grad Beograd; kind=]]
04-10 01:37:00.754  3976  3976 I ScreenWidgetUiUpdaterBa: updateWithData() ScreenWidgetUiUpdaterBase begin
04-10 01:37:00.759  3976  3976 I ScreenWidgetUiUpdaterBa: setTheme() BaseHorizontalWidgetUpdater begin
04-10 01:37:00.763  3976  3976 I ScreenWidgetUiUpdaterBa: setTheme() ScreenWidgetUiUpdaterBase end
04-10 01:37:00.777  3976  3976 D WWidget : isDefaultLauncher launcher = com.sec.android.app.launcher
04-10 01:37:00.804  3976  3976 I ScreenWidgetUiUpdaterBa: updateWithData() ScreenWidgetUiUpdaterBase end
04-10 01:37:00.844  3976  3976 I AppWidgetManager: updateAppWidget() appWidgetIds = [37]
04-10 01:37:00.854  3976  3976 D WidgetDisplayer: showWeatherCaches: created ui updater for widget ScreenWidget[id=39,locationId=-1,locationData=LocationData [id=-1; latitude=44.8239860534668; longitude=20.45982551574707; name=grad Beograd; shortName=grad Beograd; kind=]]
04-10 01:37:00.855  3976  3976 I ScreenWidgetUiUpdaterBa: updateWithData() ScreenWidgetUiUpdaterBase begin
04-10 01:37:00.860  3976  3976 I ScreenWidgetUiUpdaterBa: setTheme() BaseHorizontalWidgetUpdater begin
04-10 01:37:00.863  3976  3976 I ScreenWidgetUiUpdaterBa: setTheme() ScreenWidgetUiUpdaterBase end
04-10 01:37:00.874  3976  3976 D WWidget : isDefaultLauncher launcher = com.sec.android.app.launcher
04-10 01:37:00.901  3976  3976 I ScreenWidgetUiUpdaterBa: updateWithData() ScreenWidgetUiUpdaterBase end
04-10 01:37:00.903  3976  3976 D Now time: Remote: 1681080457
04-10 01:37:00.959  3976  3976 I AppWidgetManager: updateAppWidget() appWidgetIds = [39]
04-10 01:37:00.985  5665  5741 W libprocessgroup: Failed to open /dev/blkio//cgroup.procs: No such file or directory
04-10 01:37:00.987  5665  5741 W libprocessgroup: Failed to open /dev/blkio//cgroup.procs: No such file or directory
04-10 01:37:00.989  5665  5741 W libprocessgroup: Failed to open /dev/blkio//cgroup.procs: No such file or directory
04-10 01:37:01.000  3976  4235 E x.weatherplugin: Invalid ID 0x00000000.
04-10 01:37:01.002  3976  4140 D Volley  : [66] et0.a: Changing log tag to Yandex Mobile Ads
04-10 01:37:01.003  4152  4190 I AppMetrica-Attribution: Choosing distribution data: ClidsInfo(chosen=Candidate(clids=null, source=APP), candidates=[Candidate(clids=null, source=APP)])
04-10 01:37:01.006  4152  4190 I AppMetrica-Attribution: Choosing distribution data: ClidsInfo(chosen=Candidate(clids=null, source=APP), candidates=[Candidate(clids=null, source=APP)])
04-10 01:37:01.022  3870  3870 I WidgetProvider: onReceive received:UPDATE_WIDGET
04-10 01:37:01.036  3870  3870 I WidgetProvider: onReceive received:UPDATE_WIDGET
04-10 01:37:01.044  5665  6162 D PackageManager: setEnabledSetting : userId = 0 packageName = com.microsoft.todos cmp = androidx.work.impl.background.systemalarm.RescheduleReceiver newState = 1 callingPackage = 10016/com.microsoft.todos
04-10 01:37:01.045  5665  6162 D ApplicationPolicy: getApplicationStateEnabled : pkg = com.microsoft.todos userId : 0
04-10 01:37:01.046  5665  6162 D ApplicationPolicy: getApplicationComponentState : pkg = com.microsoft.todos userId : 0
04-10 01:37:01.046  3870  3870 I WidgetProvider: onReceive received:UPDATE_WIDGET
04-10 01:37:01.137  4152  4190 I AppMetrica-Attribution: Choosing distribution data: ClidsInfo(chosen=Candidate(clids=null, source=APP), candidates=[Candidate(clids=null, source=APP)])
04-10 01:37:01.198  7623  1685 I NetworkScheduler.Stats: Task com.google.android.gms/com.google.android.gms.auth.account.be.accountstate.GcmTaskService started execution. cause:4 exec_start_elapsed_seconds: 11319 [CONTEXT service_id=218 ]
04-10 01:37:01.212  7623  1685 I NetworkScheduler.Stats: Task com.google.android.gms/com.google.android.gms.auth.account.be.accountstate.GcmTaskService finished executing. cause:4 result: 1 elapsed_millis: 69 uptime_millis: 69 exec_start_elapsed_seconds: 11319 [CONTEXT service_id=218 ]
04-10 01:37:01.234  3976  4140 I YandexAdsIntegrityCheck: Yandex Mobile Ads 5.5.1 initialized successfully
04-10 01:37:01.288  4152  4190 I AppMetrica-Attribution: Choosing distribution data: ClidsInfo(chosen=Candidate(clids=null, source=APP), candidates=[Candidate(clids=null, source=APP)])
04-10 01:37:01.299  3976  3976 D WeatherApplication: initAds(): MobileAds initialized
04-10 01:37:01.300  5665  6945 D PackageManager: setEnabledSetting : userId = 0 packageName = com.microsoft.todos cmp = androidx.work.impl.background.systemalarm.RescheduleReceiver newState = 1 callingPackage = 10016/com.microsoft.todos
04-10 01:37:01.302  5665  6945 D ApplicationPolicy: getApplicationStateEnabled : pkg = com.microsoft.todos userId : 0
04-10 01:37:01.312  5665  6945 D ApplicationPolicy: getApplicationComponentState : pkg = com.microsoft.todos userId : 0
04-10 01:37:01.356  5665  5739 I libprocessgroup: Successfully killed process cgroup uid 10080 pid 1273 in 1ms
04-10 01:37:01.361  5665  5741 W libprocessgroup: Failed to open /dev/blkio//cgroup.procs: No such file or directory
04-10 01:37:01.416  5665  8719 D PackageManager: setEnabledSetting : userId = 0 packageName = com.microsoft.todos cmp = androidx.work.impl.background.systemalarm.RescheduleReceiver newState = 1 callingPackage = 10016/com.microsoft.todos
04-10 01:37:01.419  5665  8719 D ApplicationPolicy: getApplicationStateEnabled : pkg = com.microsoft.todos userId : 0
04-10 01:37:01.421  5665  8719 D ApplicationPolicy: getApplicationComponentState : pkg = com.microsoft.todos userId : 0
04-10 01:37:01.452  5665  5741 W libprocessgroup: Failed to open /dev/blkio//cgroup.procs: No such file or directory
04-10 01:37:01.535  4152  4190 I AppMetrica-Attribution: Choosing distribution data: ClidsInfo(chosen=Candidate(clids=null, source=APP), candidates=[Candidate(clids=null, source=APP)])
04-10 01:37:01.580  3870  4076 I AppWidgetManager: updateAppWidget() appWidgetIds = [20]
04-10 01:37:01.590  3870  4076 I AppWidgetManager: notifyAppWidgetViewDataChanged() appWidgetIds = [20], viewId = 2131296272
04-10 01:37:01.624  4152  4190 I AppMetrica-Attribution: Choosing distribution data: ClidsInfo(chosen=Candidate(clids=null, source=APP), candidates=[Candidate(clids=null, source=APP)])
04-10 01:37:01.710  5665  5739 I libprocessgroup: Successfully killed process cgroup uid 10276 pid 1753 in 0ms
04-10 01:37:01.737  5274  5274 I Zygote  : Process 1273 exited due to signal 9 (Killed)
04-10 01:37:01.758  4152  4190 I AppMetrica-Attribution: Choosing distribution data: ClidsInfo(chosen=Candidate(clids=null, source=APP), candidates=[Candidate(clids=null, source=APP)])
04-10 01:37:01.801  5665  9338 D ConnectivityService: ConnectivityService NetworkRequestInfo binderDied(uid/pid:10276/1753, [NetworkRequest [ REQUEST id=1437, [ Capabilities: INTERNET&NOT_RESTRICTED&TRUSTED&NOT_VCN_MANAGED Uid: 10276 RequestorUid: 10276 RequestorPkg: ru.yandex.mail UnderlyingNetworks: Null] ]], android.os.BinderProxy@8acff64)
04-10 01:37:01.801  5665  6036 D ConnectivityService: releasing NetworkRequest [ REQUEST id=1437, [ Capabilities: INTERNET&NOT_RESTRICTED&TRUSTED&NOT_VCN_MANAGED Uid: 10276 RequestorUid: 10276 RequestorPkg: ru.yandex.mail UnderlyingNetworks: Null] ] (release request)
04-10 01:37:01.802  5665  6036 D ConnectivityService:  Removing from current network [100 CELLULAR], leaving 136 requests.
04-10 01:37:01.803  5274  5274 I Zygote  : Process 1753 exited due to signal 9 (Killed)
04-10 01:37:01.836  4152  4190 I AppMetrica-Attribution: Choosing distribution data: ClidsInfo(chosen=Candidate(clids=null, source=APP), candidates=[Candidate(clids=null, source=APP)])
04-10 01:37:01.862  6284  6373 D MobileStatusTracker(1/2): onDataActivity: direction=3
04-10 01:37:01.878  6284  6373 D MobileSignalController(1/2): notifyListener: enabled=true, connected=true, dataConnected=true, networkType=LTE/LTE_CA (4G+), emergencyOnly=false, roaming=false, isDefault=true, dataActivity=inout, level=2, ca=true, mmWave=false, disabledDataIcon=false, simCard=ETC
04-10 01:37:02.313  3976  4311 D WidgetsWorkManager: updateWidgetsFromCache()
04-10 01:37:02.343  5665  8049 D PackageManager: setEnabledSetting : userId = 0 packageName = ru.yandex.weatherplugin cmp = androidx.work.impl.background.systemalarm.RescheduleReceiver newState = 1 callingPackage = 10343/ru.yandex.weatherplugin
04-10 01:37:02.344  5665  8049 D ApplicationPolicy: getApplicationStateEnabled : pkg = ru.yandex.weatherplugin userId : 0
04-10 01:37:02.346  5665  8049 D ApplicationPolicy: getApplicationComponentState : pkg = ru.yandex.weatherplugin userId : 0
04-10 01:37:02.369  5665  5741 W libprocessgroup: Failed to open /dev/blkio//cgroup.procs: No such file or directory
04-10 01:37:02.370  5665  5741 W libprocessgroup: Failed to open /dev/blkio//cgroup.procs: No such file or directory
04-10 01:37:02.372  5665  5741 W libprocessgroup: Failed to open /dev/blkio//cgroup.procs: No such file or directory
04-10 01:37:02.509  5274  5274 D Zygote  : Forked child process 4342
04-10 01:37:02.557  4342  4342 I .servicemodeapp: Using CollectorTypeCC GC.
04-10 01:37:02.566  4342  4342 E .servicemodeapp: Not starting debugger since process cannot load the jdwp agent.
04-10 01:37:02.580  4342  4342 D ActivityThread: setConscryptValidator
04-10 01:37:02.580  4342  4342 D ActivityThread: setConscryptValidator - put
04-10 01:37:02.618  4342  4342 D CompatibilityChangeReporter: Compat change id reported: 171979766; UID 1000; state: ENABLED
04-10 01:37:03.909  6284  6373 D MobileStatusTracker(1/2): onDataActivity: direction=0
04-10 01:37:03.921  6284  6373 D MobileSignalController(1/2): notifyListener: enabled=true, connected=true, dataConnected=true, networkType=LTE/LTE_CA (4G+), emergencyOnly=false, roaming=false, isDefault=true, dataActivity=, level=2, ca=true, mmWave=false, disabledDataIcon=false, simCard=ETC
04-10 01:37:04.024  7973  4388 I GmscoreIpa: Starting mediastore instant index [CONTEXT service_id=255 ]
04-10 01:37:06.298  3976  4207 D WidgetDisplayer: showWeatherCaches: weatherCaches.size = 4
04-10 01:37:06.307  3976  4207 D WidgetDisplayer: showWeatherCaches: widgets.size = 3
04-10 01:37:06.308  3976  4207 D WidgetDisplayer: showWeatherCaches: created ui updater for widget ScreenWidget[id=13,locationId=-1,locationData=LocationData [id=-1; latitude=0.0; longitude=0.0; name=; shortName=; kind=]]
04-10 01:37:06.309  3976  4207 I ScreenWidgetUiUpdaterBa: updateWithData() ScreenWidgetUiUpdaterBase begin
04-10 01:37:06.315  3976  4207 I ScreenWidgetUiUpdaterBa: setTheme() BaseHorizontalWidgetUpdater begin
04-10 01:37:06.319  3976  4207 I ScreenWidgetUiUpdaterBa: setTheme() ScreenWidgetUiUpdaterBase end
04-10 01:37:06.330  3976  4207 D WWidget : isDefaultLauncher launcher = com.sec.android.app.launcher
04-10 01:37:06.354  3976  4207 I ScreenWidgetUiUpdaterBa: updateWithData() ScreenWidgetUiUpdaterBase end
04-10 01:37:06.356  3976  4207 D Now time: Remote: 1681080457
04-10 01:37:06.408  3976  4207 I AppWidgetManager: updateAppWidget() appWidgetIds = [13]
04-10 01:37:06.420  3976  4207 D WidgetDisplayer: showWeatherCaches: created ui updater for widget ScreenWidget[id=37,locationId=-1,locationData=LocationData [id=-1; latitude=44.8239860534668; longitude=20.45982551574707; name=grad Beograd; shortName=grad Beograd; kind=]]
04-10 01:37:06.421  3976  4207 I ScreenWidgetUiUpdaterBa: updateWithData() ScreenWidgetUiUpdaterBase begin
04-10 01:37:06.426  3976  4207 I ScreenWidgetUiUpdaterBa: setTheme() BaseHorizontalWidgetUpdater begin
04-10 01:37:06.430  3976  4207 I ScreenWidgetUiUpdaterBa: setTheme() ScreenWidgetUiUpdaterBase end
04-10 01:37:06.442  3976  4207 D WWidget : isDefaultLauncher launcher = com.sec.android.app.launcher
04-10 01:37:06.467  3976  4207 I ScreenWidgetUiUpdaterBa: updateWithData() ScreenWidgetUiUpdaterBase end
04-10 01:37:06.520  3976  4207 I AppWidgetManager: updateAppWidget() appWidgetIds = [37]
04-10 01:37:06.531  3976  4207 D WidgetDisplayer: showWeatherCaches: created ui updater for widget ScreenWidget[id=39,locationId=-1,locationData=LocationData [id=-1; latitude=44.8239860534668; longitude=20.45982551574707; name=grad Beograd; shortName=grad Beograd; kind=]]
04-10 01:37:06.532  3976  4207 I ScreenWidgetUiUpdaterBa: updateWithData() ScreenWidgetUiUpdaterBase begin
04-10 01:37:06.537  3976  4207 I ScreenWidgetUiUpdaterBa: setTheme() BaseHorizontalWidgetUpdater begin
04-10 01:37:06.541  3976  4207 I ScreenWidgetUiUpdaterBa: setTheme() ScreenWidgetUiUpdaterBase end
04-10 01:37:06.553  3976  4207 D WWidget : isDefaultLauncher launcher = com.sec.android.app.launcher
04-10 01:37:06.579  3976  4207 I ScreenWidgetUiUpdaterBa: updateWithData() ScreenWidgetUiUpdaterBase end
04-10 01:37:06.580  3976  4207 D Now time: Remote: 1681080457
04-10 01:37:06.630  3976  4207 I AppWidgetManager: updateAppWidget() appWidgetIds = [39]
04-10 01:37:06.651  3976  4207 D WidgetDisplayer: showWeatherCaches: widgets.size = 3
04-10 01:37:06.652  3976  4207 D WidgetDisplayer: showWeatherCaches: created ui updater for widget ScreenWidget[id=13,locationId=-1,locationData=LocationData [id=-1; latitude=0.0; longitude=0.0; name=; shortName=; kind=]]
04-10 01:37:06.653  3976  4207 I ScreenWidgetUiUpdaterBa: updateWithData() ScreenWidgetUiUpdaterBase begin
04-10 01:37:06.659  3976  4207 I ScreenWidgetUiUpdaterBa: setTheme() BaseHorizontalWidgetUpdater begin
04-10 01:37:06.663  3976  4207 I ScreenWidgetUiUpdaterBa: setTheme() ScreenWidgetUiUpdaterBase end
04-10 01:37:06.674  3976  4207 D WWidget : isDefaultLauncher launcher = com.sec.android.app.launcher
04-10 01:37:06.695  3976  4207 I ScreenWidgetUiUpdaterBa: updateWithData() ScreenWidgetUiUpdaterBase end
04-10 01:37:06.697  3976  4207 D Now time: Remote: 1681080457
04-10 01:37:06.747  3976  4207 I AppWidgetManager: updateAppWidget() appWidgetIds = [13]
04-10 01:37:06.758  3976  4207 D WidgetDisplayer: showWeatherCaches: created ui updater for widget ScreenWidget[id=37,locationId=-1,locationData=LocationData [id=-1; latitude=44.8239860534668; longitude=20.45982551574707; name=grad Beograd; shortName=grad Beograd; kind=]]
04-10 01:37:06.759  3976  4207 I ScreenWidgetUiUpdaterBa: updateWithData() ScreenWidgetUiUpdaterBase begin
04-10 01:37:06.764  3976  4207 I ScreenWidgetUiUpdaterBa: setTheme() BaseHorizontalWidgetUpdater begin
04-10 01:37:06.768  3976  4207 I ScreenWidgetUiUpdaterBa: setTheme() ScreenWidgetUiUpdaterBase end
04-10 01:37:06.780  3976  4207 D WWidget : isDefaultLauncher launcher = com.sec.android.app.launcher
04-10 01:37:06.803  3976  4207 I ScreenWidgetUiUpdaterBa: updateWithData() ScreenWidgetUiUpdaterBase end
04-10 01:37:06.857  3976  4207 I AppWidgetManager: updateAppWidget() appWidgetIds = [37]
04-10 01:37:06.868  3976  4207 D WidgetDisplayer: showWeatherCaches: created ui updater for widget ScreenWidget[id=39,locationId=-1,locationData=LocationData [id=-1; latitude=44.8239860534668; longitude=20.45982551574707; name=grad Beograd; shortName=grad Beograd; kind=]]
04-10 01:37:06.869  3976  4207 I ScreenWidgetUiUpdaterBa: updateWithData() ScreenWidgetUiUpdaterBase begin
04-10 01:37:06.874  3976  4207 I ScreenWidgetUiUpdaterBa: setTheme() BaseHorizontalWidgetUpdater begin
04-10 01:37:06.878  3976  4207 I ScreenWidgetUiUpdaterBa: setTheme() ScreenWidgetUiUpdaterBase end
04-10 01:37:06.891  3976  4207 D WWidget : isDefaultLauncher launcher = com.sec.android.app.launcher
04-10 01:37:06.916  3976  4207 I ScreenWidgetUiUpdaterBa: updateWithData() ScreenWidgetUiUpdaterBase end
04-10 01:37:06.917  3976  4207 D Now time: Remote: 1681080457
04-10 01:37:06.980  3976  4207 I AppWidgetManager: updateAppWidget() appWidgetIds = [39]
04-10 01:37:06.997  3976  4207 D WidgetDisplayer: showWeatherCaches: widgets.size = 3
04-10 01:37:06.998  3976  4207 D WidgetDisplayer: showWeatherCaches: created ui updater for widget ScreenWidget[id=13,locationId=-1,locationData=LocationData [id=-1; latitude=0.0; longitude=0.0; name=; shortName=; kind=]]
04-10 01:37:07.000  3976  4207 I ScreenWidgetUiUpdaterBa: updateWithData() ScreenWidgetUiUpdaterBase begin
04-10 01:37:07.005  3976  4207 I ScreenWidgetUiUpdaterBa: setTheme() BaseHorizontalWidgetUpdater begin
04-10 01:37:07.009  3976  4207 I ScreenWidgetUiUpdaterBa: setTheme() ScreenWidgetUiUpdaterBase end
04-10 01:37:07.021  3976  4207 D WWidget : isDefaultLauncher launcher = com.sec.android.app.launcher
04-10 01:37:07.048  3976  4207 I ScreenWidgetUiUpdaterBa: updateWithData() ScreenWidgetUiUpdaterBase end
04-10 01:37:07.050  3976  4207 D Now time: Remote: 1681080457
04-10 01:37:07.103  3976  4207 I AppWidgetManager: updateAppWidget() appWidgetIds = [13]
04-10 01:37:07.114  5665  6515 I SLocation: RequestSamsungPosition - connect To Secphone service
04-10 01:37:07.115  3976  4207 D WidgetDisplayer: showWeatherCaches: created ui updater for widget ScreenWidget[id=37,locationId=-1,locationData=LocationData [id=-1; latitude=44.8239860534668; longitude=20.45982551574707; name=grad Beograd; shortName=grad Beograd; kind=]]
04-10 01:37:07.117  3976  4207 I ScreenWidgetUiUpdaterBa: updateWithData() ScreenWidgetUiUpdaterBase begin
04-10 01:37:07.119  5665  5741 W libprocessgroup: Failed to open /dev/blkio//cgroup.procs: No such file or directory
04-10 01:37:07.123  3976  4207 I ScreenWidgetUiUpdaterBa: setTheme() BaseHorizontalWidgetUpdater begin
04-10 01:37:07.124  5665  6515 D SLocation: SPManager - requestUpdate - SP
04-10 01:37:07.127  3976  4207 I ScreenWidgetUiUpdaterBa: setTheme() ScreenWidgetUiUpdaterBase end
04-10 01:37:07.139  5665  5665 D SLocation: RequestSamsungPosition - onServiceConnected()
04-10 01:37:07.139  5665  5665 I SLocation: RequestSamsungPosition - inside invokeOemRilRequestRaw, send msg to CP through ril for SP.
04-10 01:37:07.140  3976  4207 D WWidget : isDefaultLauncher launcher = com.sec.android.app.launcher
04-10 01:37:07.155  5665  6515 D SLocation: SPManager - invalid SP Location!
04-10 01:37:07.155  5665  6515 D SLocation: DetectMovementSPListener - receive SP timeout!
04-10 01:37:07.157  5665  6515 D SLocation: SPManager - removeUpdate - SP
