04-30 01:28:34.092 12235 12258 I TestRunner: started: valueFloat(org.jetbrains.android_benchmark.Wolf3dBenchmark)
04-30 01:28:34.095 12235 12235 I MonitoringInstr: Activities that are still in CREATED to STOPPED: 1
04-30 01:28:34.095 12235 12235 I MonitoringInstr: Finishing activity: androidx.benchmark.IsolationActivity@60bdc39
04-30 01:28:34.099  5429  5488 W libprocessgroup: Failed to open /dev/blkio//cgroup.procs: No such file or directory
04-30 01:28:34.102 12235 12258 I GrantPermissionCallable: Permission: android.permission.WRITE_EXTERNAL_STORAGE is already granted!
04-30 01:28:34.102 12235 12258 I GrantPermissionCallable: Permission: android.permission.READ_EXTERNAL_STORAGE is already granted!
04-30 01:28:34.103 12235 12258 D Benchmark: -- Running org.jetbrains.android_benchmark.Wolf3dBenchmark#valueFloat --
04-30 01:28:34.103 12235 12258 D PerfettoCapture: Supported ABIs: arm64-v8a, armeabi-v7a, armeabi
04-30 01:28:34.103 12235 12258 D PerfettoCapture: Recording perfetto trace
04-30 01:28:34.112  9200 21653 I NetworkScheduler.Stats: Task com.google.android.gms/com.google.android.gms.ipa.base.IpaGcmTaskService started execution. cause:9 exec_start_elapsed_seconds: 220454 [CONTEXT service_id=218 ]
04-30 01:28:34.122  9200 21513 I NetworkScheduler.Stats: Task com.google.android.gms/com.google.android.gms.ipa.base.IpaGcmTaskService finished executing. cause:9 result: 1 elapsed_millis: 44 uptime_millis: 44 exec_start_elapsed_seconds: 220454 [CONTEXT service_id=218 ]
04-30 01:28:34.136 12235 12258 I PerfettoCapture: Cleanup perfetto before starting.
04-30 01:28:34.346 12235 12258 I PerfettoCapture: Perfetto output file cleanup -
04-30 01:28:34.347 12235 12258 I PerfettoCapture: Starting perfetto tracing with cmd: cat /storage/emulated/0/Android/data/org.jetbrains.android_benchmark.test/cache/trace_config.pb | perfetto --background -c - -o /data/misc/perfetto-traces/trace_output.pb
04-30 01:28:34.394  5429  7411 D SemWifiUsabilityStatsMonitor: onWifiUsabilityStats - seqNum 25085, isSameBssidAndFreq true
04-30 01:28:34.395  5429  5717 I SemWifiLinkQualityMonitor: Link Qos Query: 0.018 ms / 433.000 Mbps (433 / 0.000 / 1.000)
04-30 01:28:34.525 21679 21679 I perfetto:    perfetto_cmd.cc:1001 Connected to the Perfetto traced service, starting tracing
04-30 01:28:34.527  5131  5131 I perfetto: ing_service_impl.cc:953 Configured tracing session 305, #sources:4, duration:0 ms, #buffers:2, total buffer size:36864 KB, total sessions:1, uid:2000 session name: ""
04-30 01:28:34.531  5130  5130 I perfetto:  probes_producer.cc:139 Ftrace setup (target_buf=609)
04-30 01:28:34.567 12235 12258 I PerfettoCapture: Perfetto output - 21679
04-30 01:28:34.567 12235 12258 I PerfettoCapture: EXITCODE=0
04-30 01:28:34.586  5429  5488 W libprocessgroup: Failed to open /dev/blkio//cgroup.procs: No such file or directory
04-30 01:28:34.608 12145 12145 I SCS@AiSearch user 0: (ObserverWorker::AOSP_MP) [main] entering in startWork():
04-30 01:28:34.609  4389  4389 I hwservicemanager: getTransport: Cannot find entry android.hardware.atrace@1.0::IAtraceDevice/default in either framework or device VINTF manifest.
04-30 01:28:34.609 12145 12145 I SCS@AiSearch user 0: (BaseCollector::AOSP_MP) [main] entering in onChange():
04-30 01:28:34.612 12145 12208 I SCS@AiSearch user 0: (BaseCollector::AOSP_MP) [AOSP_MP-0] entering in collectChanges():
04-30 01:28:34.623  5429  5442 D PackageManager: setEnabledSetting : userId = 0 packageName = com.samsung.android.scs cmp = androidx.work.impl.background.systemalarm.RescheduleReceiver newState = 1 callingPackage = 10380/com.samsung.android.scs
04-30 01:28:34.625  5429  5442 D ApplicationPolicy: getApplicationStateEnabled : pkg = com.samsung.android.scs userId : 0
04-30 01:28:34.627  5429  5442 D ApplicationPolicy: getApplicationComponentState : pkg = com.samsung.android.scs userId : 0
04-30 01:28:34.638  5130  5130 I perfetto:    ftrace_procfs.cc:335 enabled ftrace in /sys/kernel/tracing/
04-30 01:28:34.694 12235 12258 I PerfettoCapture: Perfetto tracing started successfully with pid 21679.
04-30 01:28:34.706 12145 12208 I SCS@AiSearch user 0: (BaseCollector::AOSP_MP) fetchInternal values : maxSyncId: 1000008329 indexCount: 895 sourceCount: 895
04-30 01:28:34.765 12235 12258 I PerfettoCapture: /sys/kernel/tracing/tracing_on = 1, polled 0 times, capture fully started
04-30 01:28:34.767 12235 12258 D Benchmark: Set 12258 (Bench thread) to priority -20. Was -8, now -20
04-30 01:28:34.767 12235 12258 D Benchmark: Set 12243 (Jit) to priority -15. Was 9, now -15
04-30 01:28:34.797 12235 12258 I _benchmark.test: Explicit concurrent copying GC freed 13725(926KB) AllocSpace objects, 1(20KB) LOS objects, 67% free, 2998KB/9142KB, paused 457us,59us total 30.095ms
04-30 01:28:34.799 12145 12208 I SCS@AiSearch user 0: (IndexManager) [AOSP_MP-0] entering in addIndex():
04-30 01:28:34.804 12145 12208 I SCS@AiSearch user 0: (BaseCollector::AOSP_MP) fetch: fetching took  148 ms
04-30 01:28:34.804 12145 12208 I SCS@AiSearch user 0: (BaseCollector::AOSP_MP) fetchChanges: applied 0 items
04-30 01:28:34.805 12145 12208 I SCS@AiSearch user 0: (BaseCollector::AOSP_MP) Collect finished. Result: true
04-30 01:28:34.808 12145 12201 I WM-WorkerWrapper: Worker result SUCCESS for Work [ id=3c4145c2-6860-4fb2-a9e0-0935c0a56c6f, tags={ com.sec.android.app.myfiles, com.samsung.android.scs.ai.search.data.collector.ObserverWorker } ]
04-30 01:28:34.814 12145 12208 I SCS@AiSearch user 0: (BaseCollector::AOSP_MP) enqueue ObserverWorker name: com.sec.android.app.myfiles, policy: APPEND_OR_REPLACE
04-30 01:28:34.882  5429  5442 D PackageManager: setEnabledSetting : userId = 0 packageName = com.samsung.android.scs cmp = androidx.work.impl.background.systemalarm.RescheduleReceiver newState = 1 callingPackage = 10380/com.samsung.android.scs
04-30 01:28:34.883  5429  5442 D ApplicationPolicy: getApplicationStateEnabled : pkg = com.samsung.android.scs userId : 0
04-30 01:28:34.885  5429  5442 D ApplicationPolicy: getApplicationComponentState : pkg = com.samsung.android.scs userId : 0
04-30 01:28:35.313 30292 30337 I ContactsProvider_EventLog: cp_s: [CONTACT con(156) dat(1077) acc({sim(3)=15, sec(6)=1, sim2(4)=1, google(2)=81, org.telegram.messenger(236)=99, com.whatsapp(14)=39}) calls([logtype:100 cnt:867, logtype:200 cnt:5, logtype:300 cnt:495, logtype:1000 cnt:608, logtype:1150 cnt:161]) Iso(RS) uId(0) ]
04-30 01:28:35.313 30292 30337 I ContactsProvider_EventLog: cp_s: [ agr({[2 ,2 ,14 ,236]=1, [2 ,14 ,236]=32, [3]=15, [14]=1, [4]=1, [2 ,14]=4, [2 ,2]=2, [2]=33, [6 ,14]=1, [2 ,236]=6, [236]=60}) ]
04-30 01:28:35.313 30292 30337 I ContactsProvider_EventLog: cp_s: [ cnt({acore(30292)=1}) ]
04-30 01:28:35.313 30292 30337 I ContactsProvider_EventLog: cp_s: [PROFILE con(1) dat(1) acc({vnd.sec.contact.phone=1}) ] [SAPROFILE ]
04-30 01:28:35.313 30292 30337 I ContactsProvider_EventLog: cp_s: [STATE R(T) ]
04-30 01:28:37.455  5429  7411 D SemWifiUsabilityStatsMonitor: onWifiUsabilityStats - seqNum 25086, isSameBssidAndFreq true
04-30 01:28:37.456  5429  5717 I SemWifiLinkQualityMonitor: Link Qos Query: 0.018 ms / 433.000 Mbps (433 / 0.000 / 1.000)
04-30 01:28:39.447  4899  4899 E audit   : type=1400 audit(1682810919.443:84936): avc:  denied  { getattr } for  pid=5429 comm="BinderProcsColl" path="/sys/kernel/debug/binder/proc/5429" dev="debugfs" ino=28624 scontext=u:r:system_server:s0 tcontext=u:object_r:sec_debugfs:s0 tclass=file permissive=0 SEPF_SM-A515F_13_0001 audit_filtered
04-30 01:28:39.447  4899  4899 E audit   : type=1300 audit(1682810919.443:84936): arch=c00000b7 syscall=79 success=no exit=-13 a0=ffffff9c a1=76cbc32540 a2=766eae5680 a3=0 items=0 ppid=4924 pid=5429 auid=4294967295 uid=1000 gid=1000 euid=1000 suid=1000 fsuid=1000 egid=1000 sgid=1000 fsgid=1000 tty=(none) ses=4294967295 comm="BinderProcsColl" exe="/system/bin/app_process64" subj=u:r:system_server:s0 key=(null)
04-30 01:28:39.447  4899  4899 E audit   : type=1327 audit(1682810919.443:84936): proctitle="system_server"
04-30 01:28:40.341  5429  5665 D ConnectivityService: reportNetworkActive, notify 0 listeners
04-30 01:28:40.358  5429  5488 W libprocessgroup: Failed to open /dev/blkio//cgroup.procs: No such file or directory
04-30 01:28:40.401  9200 21513 D ConnectivityManager: StackLog: [android.net.ConnectivityManager.reportNetworkConnectivity(ConnectivityManager.java:3390)] [aogg.i(:com.google.android.gms@231417044@23.14.17 (190400-527331132):0)] [aofu.run(:com.google.android.gms@231417044@23.14.17 (190400-527331132):57)] [aogu.run(:com.google.android.gms@231417044@23.14.17 (190400-527331132):2)] [dciw.run(:com.google.android.gms@231417044@23.14.17 (190400-527331132):2)] [abpb.c(:com.google.android.gms@231417044@23.14.17 (190400-527331132):6)] [abpb.run(:com.google.android.gms@231417044@23.14.17 (190400-527331132):7)] [java.util.concurrent.ThreadPoolExecutor.runWorker(ThreadPoolExecutor.java:1137)] [java.util.concurrent.ThreadPoolExecutor$Worker.run(ThreadPoolExecutor.java:637)] [abuh.run(:com.google.android.gms@231417044@23.14.17 (190400-527331132):0)] [java.lang.Thread.run(Thread.java:1012)]
04-30 01:28:40.405  9200 21513 I AlarmManager: setExactAndAllowWhileIdle [name: GCM_HB_ALARM type: 2 triggerAtMillis: 221470378]
04-30 01:28:40.424  9200 21145 I AlarmManager: setExactAndAllowWhileIdle [name: FcmRetry type: 2 triggerAtMillis: 220580394]
04-30 01:28:40.443  5429  5488 W libprocessgroup: Failed to open /dev/blkio//cgroup.procs: No such file or directory
04-30 01:28:40.468  5429  5429 D SemWifiP2pGoPowerSave: GopsReceiver : received : com.samsung.intent.action.CHECK_SIOP_LEVEL
04-30 01:28:40.468  5429  5429 I SemWifiP2pGoPowerSave: siop_level = -1
04-30 01:28:40.470   578   606 I SystemBroadcastReceiver: [#CMH#] onReceive completed :  0
04-30 01:28:40.471   578   578 I PolicyManager: [#CMH#] onReceive action = EVENT_SIOP
04-30 01:28:40.486  5429  7411 D SemWifiUsabilityStatsMonitor: onWifiUsabilityStats - seqNum 25087, isSameBssidAndFreq true
04-30 01:28:40.487  5878  5878 D NetworkController.WifiSignalController: notifyListener: visible=true, connected=true, inetCondition=1, isDefault=true, wifiTestReported=true, receivedInetCondition=-1, hideDuringMobileSwitching=false
04-30 01:28:40.488  5429  5717 I SemWifiLinkQualityMonitor: Link Qos Query: 0.018 ms / 433.000 Mbps (433 / 0.000 / 1.000)
04-30 01:28:40.488  5878  6043 D Tile.WifiTile: handleUpdateState isTransient=false transientEnabling =false cb.isTransient=false state.state = 2 mStateBeforeClick.value =false enabled =true
04-30 01:28:40.495  5429  5488 W libprocessgroup: Failed to open /dev/blkio//cgroup.procs: No such file or directory
04-30 01:28:40.518  5429  5488 W libprocessgroup: Failed to open /dev/blkio//cgroup.procs: No such file or directory
04-30 01:28:40.609  5429  5438 I system_server: Background young concurrent copying GC freed 465815(21MB) AllocSpace objects, 45(1028KB) LOS objects, 17% free, 103MB/125MB, paused 671us,258us total 102.013ms
04-30 01:28:40.616  4899  4899 E audit   : type=1400 audit(1682810920.611:84937): avc:  denied  { read } for  pid=17798 comm="binder:17798_3" name="u:object_r:perf_prop:s0" dev="tmpfs" ino=21617 scontext=u:r:untrusted_app_30:s0:c12,c257,c512,c768 tcontext=u:object_r:perf_prop:s0 tclass=file permissive=0 SEPF_SM-A515F_13_0001 audit_filtered
04-30 01:28:40.616 17798 17851 W libc    : Access denied finding property "sys.perf.boostopt"
04-30 01:28:40.616  4899  4899 E audit   : type=1300 audit(1682810920.611:84937): arch=c00000b7 syscall=56 success=no exit=-13 a0=ffffff9c a1=78010fc2f8 a2=88000 a3=0 items=0 ppid=4924 pid=17798 auid=4294967295 uid=10268 gid=10268 euid=10268 suid=10268 fsuid=10268 egid=10268 sgid=10268 fsgid=10268 tty=(none) ses=4294967295 comm="binder:17798_3" exe="/system/bin/app_process64" subj=u:r:untrusted_app_30:s0:c12,c257,c512,c768 key=(null)
04-30 01:28:40.618  4899  4899 E audit   : type=1327 audit(1682810920.611:84937): proctitle="org.telegram.messenger"
04-30 01:28:40.619  5429  5440 W System  : A resource failed to call close.
04-30 01:28:40.682  9200 21145 D ConnectivityManager: StackLog: [android.net.ConnectivityManager.reportNetworkConnectivity(ConnectivityManager.java:3390)] [aogg.i(:com.google.android.gms@231417044@23.14.17 (190400-527331132):0)] [aofu.run(:com.google.android.gms@231417044@23.14.17 (190400-527331132):57)] [aogu.run(:com.google.android.gms@231417044@23.14.17 (190400-527331132):2)] [dciw.run(:com.google.android.gms@231417044@23.14.17 (190400-527331132):2)] [abpb.c(:com.google.android.gms@231417044@23.14.17 (190400-527331132):6)] [abpb.run(:com.google.android.gms@231417044@23.14.17 (190400-527331132):7)] [java.util.concurrent.ThreadPoolExecutor.runWorker(ThreadPoolExecutor.java:1137)] [java.util.concurrent.ThreadPoolExecutor$Worker.run(ThreadPoolExecutor.java:637)] [abuh.run(:com.google.android.gms@231417044@23.14.17 (190400-527331132):0)] [java.lang.Thread.run(Thread.java:1012)]
04-30 01:28:40.685  9200 21145 I AlarmManager: setExactAndAllowWhileIdle [name: GCM_HB_ALARM type: 2 triggerAtMillis: 221470657]
04-30 01:28:40.709  9200 21724 I AlarmManager: setExactAndAllowWhileIdle [name: FcmRetry type: 2 triggerAtMillis: 220580678]
04-30 01:28:40.719  5429  5488 W libprocessgroup: Failed to open /dev/blkio//cgroup.procs: No such file or directory
04-30 01:28:40.722  9200 21513 I AlarmManager: setExactAndAllowWhileIdle [name: GCM_HB_ALARM type: 2 triggerAtMillis: 221470694]
04-30 01:28:40.737  5429  5488 W libprocessgroup: Failed to open /dev/blkio//cgroup.procs: No such file or directory
04-30 01:28:40.766 17798 17868 D CompatibilityChangeReporter: Compat change id reported: 160794467; UID 10268; state: ENABLED
04-30 01:28:40.809  5429  5488 W libprocessgroup: Failed to open /dev/blkio//cgroup.procs: No such file or directory
04-30 01:28:40.849  9200 21145 D ConnectivityManager: StackLog: [android.net.ConnectivityManager.reportNetworkConnectivity(ConnectivityManager.java:3390)] [aogg.i(:com.google.android.gms@231417044@23.14.17 (190400-527331132):0)] [aofu.run(:com.google.android.gms@231417044@23.14.17 (190400-527331132):57)] [aogu.run(:com.google.android.gms@231417044@23.14.17 (190400-527331132):2)] [dciw.run(:com.google.android.gms@231417044@23.14.17 (190400-527331132):2)] [abpb.c(:com.google.android.gms@231417044@23.14.17 (190400-527331132):6)] [abpb.run(:com.google.android.gms@231417044@23.14.17 (190400-527331132):7)] [java.util.concurrent.ThreadPoolExecutor.runWorker(ThreadPoolExecutor.java:1137)] [java.util.concurrent.ThreadPoolExecutor$Worker.run(ThreadPoolExecutor.java:637)] [abuh.run(:com.google.android.gms@231417044@23.14.17 (190400-527331132):0)] [java.lang.Thread.run(Thread.java:1012)]
04-30 01:28:40.851  9200 21145 I AlarmManager: setExactAndAllowWhileIdle [name: GCM_HB_ALARM type: 2 triggerAtMillis: 221470824]
04-30 01:28:40.871  9200 21513 I AlarmManager: setExactAndAllowWhileIdle [name: FcmRetry type: 2 triggerAtMillis: 220580842]
04-30 01:28:40.873 17798 17868 W Notification: Bubbles work best with icons of TYPE_URI or TYPE_URI_ADAPTIVE_BITMAP. In the future, using an icon of this type will be required.
04-30 01:28:40.878  5429  5488 W libprocessgroup: Failed to open /dev/blkio//cgroup.procs: No such file or directory
04-30 01:28:40.898  5429  8526 D ApplicationPolicy: isStatusBarNotificationAllowedAsUser: packageName = org.telegram.messenger,userId = 0
04-30 01:28:40.899  5429  8526 D ApplicationPolicy: isStatusBarNotificationAllowedAsUser: packageName = org.telegram.messenger,userId = 0
04-30 01:28:40.906  5429  5488 W libprocessgroup: Failed to open /dev/blkio//cgroup.procs: No such file or directory
04-30 01:28:40.934  5429  5488 W libprocessgroup: Failed to open /dev/blkio//cgroup.procs: No such file or directory
04-30 01:28:40.936  5429  5488 W libprocessgroup: Failed to open /dev/blkio//cgroup.procs: No such file or directory
04-30 01:28:40.943 17898 18404 I BadgeProvider: query, [selection] : package=?
04-30 01:28:40.946 17898 17898 I BadgeCountReceiver: badge intent : Intent { act=android.intent.action.BADGE_COUNT_UPDATE flg=0x1000010 cmp=com.sec.android.provider.badge/.BadgeCountReceiver (has extras) }
04-30 01:28:40.947 17898 17898 I BadgeCountReceiver: packageName: org.telegram.messenger, className: org.telegram.messenger.NoxIcon, count: 2
04-30 01:28:40.952 13611 13611 I BadgeCountUpdaterImpl: onChange
04-30 01:28:40.956 13611 13611 I BadgeCountUpdaterImpl: onChange
04-30 01:28:40.956 17898 17898 I BadgeProvider: sendNotify entered. [uri] : content://com.sec.badge/apps
04-30 01:28:40.956 17898 17898 I BadgeProvider: sendNotify, [notify] : null
04-30 01:28:40.957 17898 18404 E DatabaseUtils: Writing exception to parcel
04-30 01:28:40.957 17898 18404 E DatabaseUtils: java.lang.SecurityException: Permission Denial: writing com.sec.android.provider.badge.BadgeProvider uri content://com.sec.badge/apps?notify=true from pid=17798, uid=10268 requires com.sec.android.provider.badge.permission.WRITE, or grantUriPermission()
04-30 01:28:40.957 17898 18404 E DatabaseUtils: 	at android.content.ContentProvider.enforceWritePermissionInner(ContentProvider.java:1025)
04-30 01:28:40.957 17898 18404 E DatabaseUtils: 	at android.content.ContentProvider.semEnforceWritePermission(ContentProvider.java:951)
04-30 01:28:40.957 17898 18404 E DatabaseUtils: 	at android.content.ContentProvider$Transport.enforceWritePermission(ContentProvider.java:730)
04-30 01:28:40.957 17898 18404 E DatabaseUtils: 	at android.content.ContentProvider$Transport.update(ContentProvider.java:462)
04-30 01:28:40.957 17898 18404 E DatabaseUtils: 	at android.content.ContentProviderNative.onTransact(ContentProviderNative.java:231)
04-30 01:28:40.957 17898 18404 E DatabaseUtils: 	at android.os.Binder.execTransactInternal(Binder.java:1321)
04-30 01:28:40.957 17898 18404 E DatabaseUtils: 	at android.os.Binder.execTransact(Binder.java:1280)
04-30 01:28:40.958 17898 17898 I BadgeProvider: update, getCallingPackage() : com.sec.android.provider.badge
04-30 01:28:40.958 17898 17898 I BadgeProvider: update, [uri] : content://com.sec.badge/apps
04-30 01:28:40.958 17898 17898 I BadgeProvider: update, [uri.query] : null
04-30 01:28:40.958 17898 17898 I BadgeProvider: update, [BadgeCount] : badgecount=2
04-30 01:28:40.958 17898 17898 I BadgeProvider: update, [UpdateCount] : 1
04-30 01:28:40.987  6267 10827 D androidtc: Initializing SystemTextClassifier, type = System
04-30 01:28:41.143  5095  5095 I SurfaceFlinger: SFWD update time=159953550192436
04-30 01:28:41.161 13611 13723 I BadgeCountUpdaterImpl: reload badge without refresh
04-30 01:28:41.165  5429  5488 W libprocessgroup: Failed to open /dev/blkio//cgroup.procs: No such file or directory
04-30 01:28:41.176 17898 18404 I BadgeProvider: query, [selection] : null
04-30 01:28:41.184 13611 13611 I Launcher.NotificationListener: onNotificationPosted : org.telegram.messenger number : 1
04-30 01:28:41.196 12816 12941 I NotificationPipeline: Processing new notification: 0|org.telegram.messenger|-1633660172|null|10268
04-30 01:28:41.200  5785  5785 I FreeformContainer: [SmartPopupViewService] onNotificationPosted: StatusBarNotification(pkg=org.telegram.messenger user=UserHandle{0} id=-1633660172 tag=null key=0|org.telegram.messenger|-1633660172|null|10268: Notification(channel=0channel_silent_b2b3a_2691679956280073275 shortcut=ndid_-1633660171 contentView=null vibrate=null sound=null defaults=0x0 flags=0x10 color=0xff11acfa category=msg sortKey=9223370354043855807 actions=2 vis=PRIVATE locusId=LocusId[16_chars] semFlags=0x0 semPriority=0 semMissedCount=0))
04-30 01:28:41.206 13611 13723 I BadgeCache: update cache : org.telegram.messenger user : UserHandle{0}  count : 0
04-30 01:28:41.206  5878  5878 D InterruptionStateProvider: Group alert behavior is suppressed but we want to alert bubble
04-30 01:28:41.207  5878  5878 D InterruptionStateProvider: Group alert behavior is suppressed but we want to alert bubble
04-30 01:28:41.235  5878  6043 D PeopleSpaceWidgetMgr: No app widget ids returned
04-30 01:28:41.236 13611 13723 I BadgeCache: update cache : com.vkontakte.android user : UserHandle{0}  count : 7
04-30 01:28:41.246  5878  5878 D PluginAODManager: onNotificationInfoUpdated() 0
04-30 01:28:41.250  5878  5878 I AODNotificationManager: updateVisibleNotifications: 0
04-30 01:28:41.250  5878  5878 I a       : updateStatusBarNotifications: open
04-30 01:28:41.250  5878  5878 I a       : updateStatusBarNotifications: open
04-30 01:28:41.255 13611 13723 I BadgeCache: update cache : com.vkontakte.android user : UserHandle{0}  count : 1
04-30 01:28:41.265 13611 13723 I BadgeCache: add to cache : org.telegram.messengeruser : UserHandle{0}  count : 2
04-30 01:28:41.278 12816 12941 I Notification4Heart_NB: NotificationAlertUtil.getAlertType-result: 0
04-30 01:28:41.294 12816 12941 I Notification4Heart_NB: NotificationAlertUtil.getAlertTypeFromChannel-importance : 3
04-30 01:28:41.296 12816 12941 I Notification4Heart_NB: NotificationAlertUtil.isAlertNoti-alert : 0
04-30 01:28:41.298 13611 13723 I BadgeCache: reloadBadge size : 2
04-30 01:28:41.299 13611 13723 I Launcher.NotificationListener: notificationIsValidForUI : org.telegram.messenger missingTitleAndText : false isGroupHeader : false
04-30 01:28:41.299 12816 12941 I Notification4Heart_NB: PendingManager.getPendingState-SEND
04-30 01:28:41.300 12816 12941 I Notification4Heart_NB: NotificationBridgeCallback.onNotificationPosted-sent : 1682810920000, [0] org.telegram.messenger
04-30 01:28:41.307  5785  5785 I FreeformContainer: [SmartPopupViewService] onNotificationRemoved: StatusBarNotification(pkg=org.telegram.messenger user=UserHandle{0} id=-1633660172 tag=null key=0|org.telegram.messenger|-1633660172|null|10268: Notification(channel=0channel_silent_b2b3a_2691679956280073275 shortcut=ndid_-1633660171 contentView=null vibrate=null sound=null defaults=0x0 flags=0x10 color=0xff11acfa category=msg sortKey=9223370354043855807 actions=2 vis=PRIVATE locusId=LocusId[16_chars] semFlags=0x0 semPriority=0 semMissedCount=0))
04-30 01:28:41.316  5785  5827 I FreeformContainer: [Manager] handleMessage: SMART_POPUP_VIEW_REMOVE_ITEM
04-30 01:28:41.316  5785  5827 W FreeformContainer: [Manager] SMART_POPUP_VIEW_REMOVE_ITEM failed, due to no smart popup view item which has packageName: org.telegram.messenger
04-30 01:28:41.339 12816 12911 W Notification4Heart_NB: NotificationHistoryInterface.flushHistoryMap-Flush. map size : 2
04-30 01:28:41.340 12816 12941 I NotificationPipeline: Flushing notifications queue, size: 1
04-30 01:28:41.379  5878  5878 D BubblesManager: onEntryAdded : bubbleEntryAdded=false
04-30 01:28:41.414  9673  9707 I .breakfree.deux: Background young concurrent copying GC freed 56339(2105KB) AllocSpace objects, 17(3904KB) LOS objects, 57% free, 4485KB/10MB, paused 484us,137us total 106.655ms
04-30 01:28:41.415  9673  9707 W .breakfree.deux: Reducing the number of considered missed Gc histogram windows from 104 to 100
04-30 01:28:41.425  9673  9713 W System  : A resource failed to call CursorWindow.close.
04-30 01:28:41.425  9673  9713 W System  : A resource failed to call AbstractCursor.close.
04-30 01:28:41.425  9673  9713 W System  : A resource failed to call CursorWindow.close.
04-30 01:28:41.425  9673  9713 W System  : A resource failed to call AbstractCursor.close.
04-30 01:28:41.425  9673  9713 W System  : A resource failed to call CursorWindow.close.
04-30 01:28:41.425  9673  9713 W System  : A resource failed to call AbstractCursor.close.
04-30 01:28:41.426  9673  9713 W System  : A resource failed to call CursorWindow.close.
04-30 01:28:41.426  9673  9713 W System  : A resource failed to call AbstractCursor.close.
04-30 01:28:41.426  9673  9713 W System  : A resource failed to call CursorWindow.close.
04-30 01:28:41.426  9673  9713 W System  : A resource failed to call AbstractCursor.close.
04-30 01:28:41.426  9673  9713 W System  : A resource failed to call CursorWindow.close.
04-30 01:28:41.426  9673  9713 W System  : A resource failed to call AbstractCursor.close.
04-30 01:28:41.426  9673  9713 W System  : A resource failed to call CursorWindow.close.
04-30 01:28:41.426  9673  9713 W System  : A resource failed to call AbstractCursor.close.
04-30 01:28:41.436 18240 18605 I Notification4Heart_AM: NotificationHistoryModel.updateHistories-last: {userId: 0, packageName: org.telegram.messenger, timestamp: 1682810921317, pendingReason: , receivedWatchNodeId: , count: 1}
04-30 01:28:41.447  5878  5878 D BubblesManager: setupNotifPipeline(), onEntryRemoved : reason=10
04-30 01:28:41.449 12816 12941 I Notification4Heart_NB: NotificationBridgeCallback.onNotificationSend-time : 1682810920000, package : org.telegram.messenger
04-30 01:28:41.450 12816 12941 I Notification4Heart_NB: WearableExtenderFeature.extractBackground->>> Enter <<<
04-30 01:28:41.451 12816 12941 I Notification4Heart_NB: NotificationAlertUtil.getAlertType-result: 0
04-30 01:28:41.452 12816 12941 I Notification4Heart_NB: NotificationAlertUtil.getAlertTypeFromChannel-importance : 3
04-30 01:28:41.453 12816 12941 I Notification4Heart_NB: NotificationAlertUtil.isAlertNoti-alert : 0
04-30 01:28:41.456  5878  6043 D PeopleSpaceWidgetMgr: No app widget ids returned
04-30 01:28:41.458  5878  5878 D PluginAODManager: onNotificationInfoUpdated() 0
04-30 01:28:41.458 12816 12941 I Notification4Heart_NB: DebugHistory.[send:SEND][mute:true] {0, 0|org.telegram.messenger|-1633660172|null|10268} d:{{m:12}} - 01:28:40.000
04-30 01:28:41.458  5878  5878 I AODNotificationManager: updateVisibleNotifications: 0
04-30 01:28:41.458  5878  5878 I a       : updateStatusBarNotifications: open
04-30 01:28:41.458  5878  5878 I a       : updateStatusBarNotifications: open
04-30 01:28:41.578 12816 12941 I NotificationSender: Putting notification data item /bridger/stream_item:c8317ad1:org.telegram.messenger:-1633660172:null_tag:0~7Corg.telegram.messenger~7C-1633660172~7Cnull~7C10268
04-30 01:28:41.616  5429  8528 D TelephonyManager: requestModemActivityInfo: Sending result to app: ModemActivityInfo{ mTimestamp=220461587 mSleepTimeMs=134558000 mIdleTimeMs=6558206 mActivityStatsTechSpecificInfo=[{mRat=UNKNOWN,mFrequencyRange=UNKNOWN,mTxTimeMs[]=[13039, 2200, 1823, 192, 10039],mRxTimeMs=69030269}]}
04-30 01:28:41.708 12816 12941 I NotificationPipeline: Processing notification dismissal on phone: 0|org.telegram.messenger|-1633660172|null|10268
04-30 01:28:41.722  9200 32187 D BluetoothSocket: write: android.net.LocalSocketImpl$SocketOutputStream@3d166e7 length: 4
04-30 01:28:41.723  9200 32187 D BluetoothSocket: write out: android.net.LocalSocketImpl$SocketOutputStream@3d166e7 length: 4
04-30 01:28:41.723  9200 32187 D BluetoothSocket: write: android.net.LocalSocketImpl$SocketOutputStream@3d166e7 length: 2713
04-30 01:28:41.723  9200 32187 D BluetoothSocket: write out: android.net.LocalSocketImpl$SocketOutputStream@3d166e7 length: 2713
04-30 01:28:41.725  6118  6631 I bt_stack: [INFO:rfc_port_fsm.cc(106)] rfc_port_sm_execute: BD_ADDR=645df4_1, PORT=28, STATE=4, EVENT=14
04-30 01:28:41.725  6118  6631 I bt_stack: [INFO:rfc_port_fsm.cc(106)] rfc_port_sm_execute: BD_ADDR=645df4_1, PORT=28, STATE=4, EVENT=14
04-30 01:28:41.726  6118  6631 I bt_stack: [INFO:rfc_port_fsm.cc(106)] rfc_port_sm_execute: BD_ADDR=645df4_1, PORT=28, STATE=4, EVENT=14
04-30 01:28:41.730  6118  6631 E bt_bta_dm: Received unknown power mode status event:5
04-30 01:28:41.776 12816 12941 I PhLocalNotifDismissal: Sending dismissal info for path: /bridge_mode/dismissal/org.telegram.messenger/
04-30 01:28:41.776  4621  5693 W android.system.suspend@1.0-service: getWakeLockStats +
04-30 01:28:41.776  4621  5693 W android.system.suspend@1.0-service: getWakeLockStats -
04-30 01:28:41.778  5429  5491 W system_server: Long monitor contention with owner batterystats-worker (5492) at void com.android.server.am.BatteryExternalStatsWorker.updateExternalStatsLocked(java.lang.String, int, boolean, boolean, int, int[], boolean)(BatteryExternalStatsWorker.java:747) waiters=0 in void com.android.server.am.BatteryStatsService.lambda$noteStopWakelockFromSource$26(android.os.WorkSource, int, java.lang.String, java.lang.String, int, long, long) for 159ms
04-30 01:28:41.805 12816 12941 I PhLocalNotifDismissal: Successfully dismissed notification on watch.
04-30 01:28:41.806 12816 12941 I Notification4Heart_NB: NotificationBridgeCallback.onNotificationRemoved->>> Enter <<<
04-30 01:28:41.811  9200 32187 D BluetoothSocket: write: android.net.LocalSocketImpl$SocketOutputStream@3d166e7 length: 4
04-30 01:28:41.811  9200 32187 D BluetoothSocket: write out: android.net.LocalSocketImpl$SocketOutputStream@3d166e7 length: 4
04-30 01:28:41.811  9200 32187 D BluetoothSocket: write: android.net.LocalSocketImpl$SocketOutputStream@3d166e7 length: 7080
04-30 01:28:41.812  9200 32187 D BluetoothSocket: write out: android.net.LocalSocketImpl$SocketOutputStream@3d166e7 length: 7080
04-30 01:28:41.812  6118  6631 I bt_stack: [INFO:rfc_port_fsm.cc(106)] rfc_port_sm_execute: BD_ADDR=645df4_1, PORT=28, STATE=4, EVENT=14
04-30 01:28:41.812  6118  6631 I bt_stack: [INFO:rfc_port_fsm.cc(106)] rfc_port_sm_execute: BD_ADDR=645df4_1, PORT=28, STATE=4, EVENT=14
04-30 01:28:41.812  6118  6631 I bt_stack: [INFO:rfc_port_fsm.cc(106)] rfc_port_sm_execute: BD_ADDR=645df4_1, PORT=28, STATE=4, EVENT=14
04-30 01:28:41.812  6118  6631 I bt_stack: [INFO:rfc_port_fsm.cc(106)] rfc_port_sm_execute: BD_ADDR=645df4_1, PORT=28, STATE=4, EVENT=14
04-30 01:28:41.812  6118  6631 I bt_stack: [INFO:rfc_port_fsm.cc(106)] rfc_port_sm_execute: BD_ADDR=645df4_1, PORT=28, STATE=4, EVENT=14
04-30 01:28:41.813  6118  6631 I bt_stack: [INFO:rfc_port_fsm.cc(106)] rfc_port_sm_execute: BD_ADDR=645df4_1, PORT=28, STATE=4, EVENT=14
04-30 01:28:41.813  6118  6631 I bt_stack: [INFO:rfc_port_fsm.cc(106)] rfc_port_sm_execute: BD_ADDR=645df4_1, PORT=28, STATE=4, EVENT=14
04-30 01:28:41.813  6118  6631 I bt_stack: [INFO:rfc_port_fsm.cc(106)] rfc_port_sm_execute: BD_ADDR=645df4_1, PORT=28, STATE=4, EVENT=14
04-30 01:28:41.837  5429  8528 D NotificationService: NMS : requestListenerHintsForWearable state=0
04-30 01:28:41.838 12816 12941 W Notification4Heart_NB: PendingManager.onBridgeFlushQueueEvent-flush pending notifications!!
04-30 01:28:41.839 12816 12941 I Notification4Heart_NB: PendingManager.requestFlushNotifications->>> Enter <<<
04-30 01:28:41.891 12816 12941 I NotifDismissalHandler: Notification 0|org.telegram.messenger|-1633660172|null|10268 dismissed on phone, deleting data item /bridger/stream_item:c8317ad1:org.telegram.messenger:-1633660172:null_tag:0~7Corg.telegram.messenger~7C-1633660172~7Cnull~7C10268
04-30 01:28:41.918 12816 12941 I NotificationPipeline: Flushing notifications queue, size: 0
04-30 01:28:41.923  9200 32187 D BluetoothSocket: write: android.net.LocalSocketImpl$SocketOutputStream@3d166e7 length: 4
04-30 01:28:41.923  9200 32187 D BluetoothSocket: write out: android.net.LocalSocketImpl$SocketOutputStream@3d166e7 length: 4
04-30 01:28:41.923  9200 32187 D BluetoothSocket: write: android.net.LocalSocketImpl$SocketOutputStream@3d166e7 length: 296
04-30 01:28:41.923  9200 32187 D BluetoothSocket: write out: android.net.LocalSocketImpl$SocketOutputStream@3d166e7 length: 296
04-30 01:28:41.928  6118  6631 E bt_btm_pm: pm_pending_link maxed out
04-30 01:28:41.930  6118  6631 W bt_bta_dm: Unable to set active power mode for device:xx:xx:xx:xx:b3:b1 status:BTM_NO_RESOURCES
04-30 01:28:41.931  6118  6631 I bt_stack: [INFO:rfc_port_fsm.cc(106)] rfc_port_sm_execute: BD_ADDR=645df4_1, PORT=28, STATE=4, EVENT=14
04-30 01:28:41.940 12816 12816 I NotifDismissalHandler: Received dismissal from watch, now dismissing on phone 0|org.telegram.messenger|-1633660172|null|10268
04-30 01:28:42.001  5067  5067 E sehhealth-service: Could not open /sys/class/power_supply/battery/lrp
04-30 01:28:42.008  5429  5602 D MotionRecognitionService: [SAR]  onReceive : ACTION_BATTERY_CHANGED, Plugged: 0
04-30 01:28:42.010  5429  5429 D PhoneWindowManagerExt: ACTION_BATTERY_CHANGED - Level=95, status=3
04-30 01:28:42.016  5429  5429 D SemWifiApBroadcastReceiver: Received : android.intent.action.BATTERY_CHANGED
04-30 01:28:42.018  5787  5787 D SemBigDataInfoController: Intent: android.intent.action.BATTERY_CHANGED
04-30 01:28:42.020  5878  5878 I PowerUI : mBootCompleted = true |  mFullyConnected = true
04-30 01:28:42.021  5787  5787 D SemBigDataInfoController: Intent: android.intent.action.BATTERY_CHANGED
04-30 01:28:42.024  5878  5878 W PowerUI : Plug reason
04-30 01:28:42.024  5878  5878 W PowerUI : Skip charging animation - by plug status
04-30 01:28:42.024  5878  5878 D PowerUI : priorPlugType = 0 mPlugType = 0 priorBatteryStatus = 3 mBatteryStatus = 3
04-30 01:28:42.024  5878  5878 W PowerUI : Plug reason
04-30 01:28:42.024  5878  5878 W PowerUI : Skip charging sound - by plug status
04-30 01:28:42.024  5878  5878 I PowerUI : oldMisalign : false, curMisalign : false
04-30 01:28:42.025  5878  5878 D SecPowerUI.Notification: dismissSlowByChargerConnectionInfoPopUp()
04-30 01:28:42.025  5878  5878 D SecPowerUI.Notification: dismissChargingNotification()
04-30 01:28:42.025  5878  5878 D SecPowerUI.Notification: SecBatteryStatsSnapshot{batteryLevel=95, currentBatteryMode=0, chargingTime=0, chargingType=0, batteryHealth=2, automaticTestMode=false, isHiccupState=false}
04-30 01:28:42.042  5878  5878 D PowerUI : Battery swelling mode - priorBatterySwellingMode = 0 mBatterySwellingMode = 0 mBatteryStatus = 3
04-30 01:28:42.042  5878  5878 I PowerUI : mBatteryMiscEvent = 65536
04-30 01:28:42.043  5878  5878 I PowerUI : checkShouldTurnOffProtectBattery : -1, Scheduling start ? : false
04-30 01:28:42.044  5878  5878 I PowerUI : Clear time
04-30 01:28:42.045  5429  8526 D SecContentProvider: query(), uri = 17 selection = isSettingsChangesAllowed
04-30 01:28:42.049  5878  5878 D KeyguardUpdateMonitor: received broadcast android.intent.action.BATTERY_CHANGED
04-30 01:28:42.050  5878  5878 D SamsungBatteryMeterDrawable: onBatteryLevelChanged isSomethingChanged: false
04-30 01:28:42.050  5878  5878 D SamsungBatteryMeterDrawable: onBatteryLevelChanged isSomethingChanged: false
04-30 01:28:42.051  5878  5878 D SamsungBatteryMeterDrawable: onBatteryLevelChanged isSomethingChanged: false
04-30 01:28:42.052  5878  5878 D SamsungBatteryMeterDrawable: onBatteryLevelChanged isSomethingChanged: false
04-30 01:28:42.053  5878  5878 I AODBatteryManager: updateBatteryData: ACTION_BATTERY_CHANGED
04-30 01:28:42.053  5878  5878 I AODBatteryManager: getChargeEstimateTime: not charging
04-30 01:28:42.053  5878  5878 I AODBatteryManager: saveBatteryData : AOD BatteryData [mBatteryLevel=95, mBatteryStatus=DISCHARGING, mBatteryPlugType=NOT_DEFINED, mBatteryPlugged=false, mRemainingChargeTime=0, mBatteryChargingType=0, mBatteryChargerType=NORMAL, mBatteryOnline=NOT_DEFINED, mBatterySwellingMode=NONE, mBatteryProtectMode=false]
04-30 01:28:42.053  5878  5878 D KeyguardUpdateMonitor: handleBatteryUpdate
04-30 01:28:42.447 18240 19572 I Notification4Heart_AM: BroadcastUtils.sendBroadcast-nodeId: all, action: HISTORY_UPDATED
04-30 01:28:42.463  6118  6631 I bt_stack: [INFO:rfc_port_fsm.cc(106)] rfc_port_sm_execute: BD_ADDR=645df4_1, PORT=28, STATE=4, EVENT=4
04-30 01:28:42.464  9200 32189 D BluetoothSocket: read out:  android.net.LocalSocketImpl$SocketInputStream@b2d6294 ret: 4
04-30 01:28:42.465  9200 32189 D BluetoothSocket: read in:  android.net.LocalSocketImpl$SocketInputStream@b2d6294 len: 37
04-30 01:28:42.465  9200 32189 D BluetoothSocket: read out:  android.net.LocalSocketImpl$SocketInputStream@b2d6294 ret: 37
04-30 01:28:42.466  9200 32189 D BluetoothSocket: read in:  android.net.LocalSocketImpl$SocketInputStream@b2d6294 len: 4
04-30 01:28:42.476   578   610 I PolicyManager: [#CMH#] Is foreground game app: false
04-30 01:28:42.492  6118  6631 I bt_stack: [INFO:rfc_port_fsm.cc(106)] rfc_port_sm_execute: BD_ADDR=645df4_1, PORT=28, STATE=4, EVENT=4
04-30 01:28:42.493  9200 32189 D BluetoothSocket: read out:  android.net.LocalSocketImpl$SocketInputStream@b2d6294 ret: 4
04-30 01:28:42.493  9200 32189 D BluetoothSocket: read in:  android.net.LocalSocketImpl$SocketInputStream@b2d6294 len: 147
04-30 01:28:42.495  6118  6631 I bt_stack: [INFO:rfc_port_fsm.cc(106)] rfc_port_sm_execute: BD_ADDR=645df4_1, PORT=28, STATE=4, EVENT=4
04-30 01:28:42.495  9200 32189 D BluetoothSocket: read out:  android.net.LocalSocketImpl$SocketInputStream@b2d6294 ret: 147
04-30 01:28:42.497  9200 32189 D BluetoothSocket: read in:  android.net.LocalSocketImpl$SocketInputStream@b2d6294 len: 4
04-30 01:28:42.499  6118  6631 I bt_stack: [INFO:rfc_port_fsm.cc(106)] rfc_port_sm_execute: BD_ADDR=645df4_1, PORT=28, STATE=4, EVENT=4
04-30 01:28:42.499  9200 32187 D BluetoothSocket: write: android.net.LocalSocketImpl$SocketOutputStream@3d166e7 length: 4
04-30 01:28:42.499  9200 32187 D BluetoothSocket: write out: android.net.LocalSocketImpl$SocketOutputStream@3d166e7 length: 4
04-30 01:28:42.500  9200 32189 D BluetoothSocket: read out:  android.net.LocalSocketImpl$SocketInputStream@b2d6294 ret: 4
04-30 01:28:42.500  9200 32189 D BluetoothSocket: read in:  android.net.LocalSocketImpl$SocketInputStream@b2d6294 len: 147
04-30 01:28:42.500  6118  6631 I bt_stack: [INFO:rfc_port_fsm.cc(106)] rfc_port_sm_execute: BD_ADDR=645df4_1, PORT=28, STATE=4, EVENT=14
04-30 01:28:42.500  9200 32189 D BluetoothSocket: read out:  android.net.LocalSocketImpl$SocketInputStream@b2d6294 ret: 147
04-30 01:28:42.502  9200 32189 D BluetoothSocket: read in:  android.net.LocalSocketImpl$SocketInputStream@b2d6294 len: 4
04-30 01:28:42.504  6118  6631 I bt_stack: [INFO:rfc_port_fsm.cc(106)] rfc_port_sm_execute: BD_ADDR=645df4_1, PORT=28, STATE=4, EVENT=4
04-30 01:28:42.505  9200 32187 D BluetoothSocket: write: android.net.LocalSocketImpl$SocketOutputStream@3d166e7 length: 37
04-30 01:28:42.505  9200 32189 D BluetoothSocket: read out:  android.net.LocalSocketImpl$SocketInputStream@b2d6294 ret: 4
04-30 01:28:42.505  9200 32189 D BluetoothSocket: read in:  android.net.LocalSocketImpl$SocketInputStream@b2d6294 len: 147
04-30 01:28:42.505  9200 32189 D BluetoothSocket: read out:  android.net.LocalSocketImpl$SocketInputStream@b2d6294 ret: 147
04-30 01:28:42.505  6118  6631 I bt_stack: [INFO:rfc_port_fsm.cc(106)] rfc_port_sm_execute: BD_ADDR=645df4_1, PORT=28, STATE=4, EVENT=14
04-30 01:28:42.505  9200 32189 D BluetoothSocket: read in:  android.net.LocalSocketImpl$SocketInputStream@b2d6294 len: 4
04-30 01:28:42.505  9200 32187 D BluetoothSocket: write out: android.net.LocalSocketImpl$SocketOutputStream@3d166e7 length: 37
04-30 01:28:42.507  9200 32187 D BluetoothSocket: write: android.net.LocalSocketImpl$SocketOutputStream@3d166e7 length: 4
04-30 01:28:42.507  9200 32187 D BluetoothSocket: write out: android.net.LocalSocketImpl$SocketOutputStream@3d166e7 length: 4
04-30 01:28:42.507  9200 32187 D BluetoothSocket: write: android.net.LocalSocketImpl$SocketOutputStream@3d166e7 length: 37
04-30 01:28:42.507  9200 32187 D BluetoothSocket: write out: android.net.LocalSocketImpl$SocketOutputStream@3d166e7 length: 37
04-30 01:28:42.508  6118  6631 I bt_stack: [INFO:rfc_port_fsm.cc(106)] rfc_port_sm_execute: BD_ADDR=645df4_1, PORT=28, STATE=4, EVENT=14
04-30 01:28:42.515  6118  6631 I bt_stack: [INFO:rfc_port_fsm.cc(106)] rfc_port_sm_execute: BD_ADDR=645df4_1, PORT=28, STATE=4, EVENT=4
04-30 01:28:42.515  9200 32189 D BluetoothSocket: read out:  android.net.LocalSocketImpl$SocketInputStream@b2d6294 ret: 4
04-30 01:28:42.515  9200 32189 D BluetoothSocket: read in:  android.net.LocalSocketImpl$SocketInputStream@b2d6294 len: 37
04-30 01:28:42.515  9200 32189 D BluetoothSocket: read out:  android.net.LocalSocketImpl$SocketInputStream@b2d6294 ret: 37
04-30 01:28:42.516  9200 32189 D BluetoothSocket: read in:  android.net.LocalSocketImpl$SocketInputStream@b2d6294 len: 4
04-30 01:28:42.519  6118  6631 I bt_stack: [INFO:rfc_port_fsm.cc(106)] rfc_port_sm_execute: BD_ADDR=645df4_1, PORT=28, STATE=4, EVENT=4
04-30 01:28:42.519  9200 32187 D BluetoothSocket: write: android.net.LocalSocketImpl$SocketOutputStream@3d166e7 length: 4
04-30 01:28:42.519  9200 32187 D BluetoothSocket: write out: android.net.LocalSocketImpl$SocketOutputStream@3d166e7 length: 4
04-30 01:28:42.519  9200 32187 D BluetoothSocket: write: android.net.LocalSocketImpl$SocketOutputStream@3d166e7 length: 231
04-30 01:28:42.519  9200 32189 D BluetoothSocket: read out:  android.net.LocalSocketImpl$SocketInputStream@b2d6294 ret: 4
04-30 01:28:42.519  6118  6631 I bt_stack: [INFO:rfc_port_fsm.cc(106)] rfc_port_sm_execute: BD_ADDR=645df4_1, PORT=28, STATE=4, EVENT=14
04-30 01:28:42.519  9200 32187 D BluetoothSocket: write out: android.net.LocalSocketImpl$SocketOutputStream@3d166e7 length: 231
04-30 01:28:42.519  9200 32189 D BluetoothSocket: read in:  android.net.LocalSocketImpl$SocketInputStream@b2d6294 len: 37
04-30 01:28:42.520  9200 32189 D BluetoothSocket: read out:  android.net.LocalSocketImpl$SocketInputStream@b2d6294 ret: 37
04-30 01:28:42.520  9200 32189 D BluetoothSocket: read in:  android.net.LocalSocketImpl$SocketInputStream@b2d6294 len: 4
04-30 01:28:42.521  6118  6631 I bt_stack: [INFO:rfc_port_fsm.cc(106)] rfc_port_sm_execute: BD_ADDR=645df4_1, PORT=28, STATE=4, EVENT=14
04-30 01:28:42.522  9200 32187 D BluetoothSocket: write: android.net.LocalSocketImpl$SocketOutputStream@3d166e7 length: 4
04-30 01:28:42.522  9200 32187 D BluetoothSocket: write out: android.net.LocalSocketImpl$SocketOutputStream@3d166e7 length: 4
04-30 01:28:42.522  9200 32187 D BluetoothSocket: write: android.net.LocalSocketImpl$SocketOutputStream@3d166e7 length: 12288
04-30 01:28:42.522  6118  6631 I bt_stack: [INFO:rfc_port_fsm.cc(106)] rfc_port_sm_execute: BD_ADDR=645df4_1, PORT=28, STATE=4, EVENT=14
04-30 01:28:42.522  9200 32187 D BluetoothSocket: write out: android.net.LocalSocketImpl$SocketOutputStream@3d166e7 length: 12288
04-30 01:28:42.523  9200 32187 D BluetoothSocket: write: android.net.LocalSocketImpl$SocketOutputStream@3d166e7 length: 4
04-30 01:28:42.523  9200 32187 D BluetoothSocket: write out: android.net.LocalSocketImpl$SocketOutputStream@3d166e7 length: 4
04-30 01:28:42.523  9200 32187 D BluetoothSocket: write: android.net.LocalSocketImpl$SocketOutputStream@3d166e7 length: 231
04-30 01:28:42.523  9200 32187 D BluetoothSocket: write out: android.net.LocalSocketImpl$SocketOutputStream@3d166e7 length: 231
04-30 01:28:42.523  6118  6631 I bt_stack: [INFO:rfc_port_fsm.cc(106)] rfc_port_sm_execute: BD_ADDR=645df4_1, PORT=28, STATE=4, EVENT=14
04-30 01:28:42.524  6118  6631 I bt_stack: [INFO:rfc_port_fsm.cc(106)] rfc_port_sm_execute: BD_ADDR=645df4_1, PORT=28, STATE=4, EVENT=14
04-30 01:28:42.524  6118  6631 I bt_stack: [INFO:rfc_port_fsm.cc(106)] rfc_port_sm_execute: BD_ADDR=645df4_1, PORT=28, STATE=4, EVENT=14
04-30 01:28:42.524  6118  6631 I bt_stack: [INFO:rfc_port_fsm.cc(106)] rfc_port_sm_execute: BD_ADDR=645df4_1, PORT=28, STATE=4, EVENT=14
04-30 01:28:42.524  6118  6631 I bt_stack: [INFO:rfc_port_fsm.cc(106)] rfc_port_sm_execute: BD_ADDR=645df4_1, PORT=28, STATE=4, EVENT=14
04-30 01:28:42.524  6118  6631 I bt_stack: [INFO:rfc_port_fsm.cc(106)] rfc_port_sm_execute: BD_ADDR=645df4_1, PORT=28, STATE=4, EVENT=14
04-30 01:28:42.524  6118  6631 I bt_stack: [INFO:rfc_port_fsm.cc(106)] rfc_port_sm_execute: BD_ADDR=645df4_1, PORT=28, STATE=4, EVENT=14
04-30 01:28:42.524  6118  6631 I bt_stack: [INFO:rfc_port_fsm.cc(106)] rfc_port_sm_execute: BD_ADDR=645df4_1, PORT=28, STATE=4, EVENT=14
04-30 01:28:42.524  6118  6631 I bt_stack: [INFO:rfc_port_fsm.cc(106)] rfc_port_sm_execute: BD_ADDR=645df4_1, PORT=28, STATE=4, EVENT=14
04-30 01:28:42.524  6118  6631 I bt_stack: [INFO:rfc_port_fsm.cc(106)] rfc_port_sm_execute: BD_ADDR=645df4_1, PORT=28, STATE=4, EVENT=14
04-30 01:28:42.524  6118  6631 I bt_stack: [INFO:rfc_port_fsm.cc(106)] rfc_port_sm_execute: BD_ADDR=645df4_1, PORT=28, STATE=4, EVENT=14
04-30 01:28:42.524  6118  6631 I bt_stack: [INFO:rfc_port_fsm.cc(106)] rfc_port_sm_execute: BD_ADDR=645df4_1, PORT=28, STATE=4, EVENT=14
04-30 01:28:42.525  6118  6631 I bt_stack: [INFO:rfc_port_fsm.cc(106)] rfc_port_sm_execute: BD_ADDR=645df4_1, PORT=28, STATE=4, EVENT=14
04-30 01:28:42.527  9200 32187 D BluetoothSocket: write: android.net.LocalSocketImpl$SocketOutputStream@3d166e7 length: 4
04-30 01:28:42.527  9200 32187 D BluetoothSocket: write out: android.net.LocalSocketImpl$SocketOutputStream@3d166e7 length: 4
04-30 01:28:42.527  9200 32187 D BluetoothSocket: write: android.net.LocalSocketImpl$SocketOutputStream@3d166e7 length: 12288
04-30 01:28:42.527  9200 32187 D BluetoothSocket: write out: android.net.LocalSocketImpl$SocketOutputStream@3d166e7 length: 12288
04-30 01:28:42.527  6118  6631 I bt_stack: [INFO:rfc_port_fsm.cc(106)] rfc_port_sm_execute: BD_ADDR=645df4_1, PORT=28, STATE=4, EVENT=14
04-30 01:28:42.528  6118  6631 I bt_stack: [INFO:rfc_port_fsm.cc(106)] rfc_port_sm_execute: BD_ADDR=645df4_1, PORT=28, STATE=4, EVENT=14
04-30 01:28:42.528  6118  6631 I bt_stack: [INFO:rfc_port_fsm.cc(106)] rfc_port_sm_execute: BD_ADDR=645df4_1, PORT=28, STATE=4, EVENT=14
04-30 01:28:42.528  6118  6631 I bt_stack: [INFO:rfc_port_fsm.cc(106)] rfc_port_sm_execute: BD_ADDR=645df4_1, PORT=28, STATE=4, EVENT=14
04-30 01:28:42.528  6118  6631 I bt_stack: [INFO:rfc_port_fsm.cc(106)] rfc_port_sm_execute: BD_ADDR=645df4_1, PORT=28, STATE=4, EVENT=14
04-30 01:28:42.528  6118  6631 I bt_stack: [INFO:rfc_port_fsm.cc(106)] rfc_port_sm_execute: BD_ADDR=645df4_1, PORT=28, STATE=4, EVENT=14
04-30 01:28:42.528  6118  6631 I bt_stack: [INFO:rfc_port_fsm.cc(106)] rfc_port_sm_execute: BD_ADDR=645df4_1, PORT=28, STATE=4, EVENT=14
04-30 01:28:42.529  6118  6631 I bt_stack: [INFO:rfc_port_fsm.cc(106)] rfc_port_sm_execute: BD_ADDR=645df4_1, PORT=28, STATE=4, EVENT=14
04-30 01:28:42.529  6118  6631 I bt_stack: [INFO:rfc_port_fsm.cc(106)] rfc_port_sm_execute: BD_ADDR=645df4_1, PORT=28, STATE=4, EVENT=14
04-30 01:28:42.529  6118  6631 I bt_stack: [INFO:rfc_port_fsm.cc(106)] rfc_port_sm_execute: BD_ADDR=645df4_1, PORT=28, STATE=4, EVENT=14
04-30 01:28:42.529  6118  6631 I bt_stack: [INFO:rfc_port_fsm.cc(106)] rfc_port_sm_execute: BD_ADDR=645df4_1, PORT=28, STATE=4, EVENT=14
04-30 01:28:42.529  6118  6631 I bt_stack: [INFO:rfc_port_fsm.cc(106)] rfc_port_sm_execute: BD_ADDR=645df4_1, PORT=28, STATE=4, EVENT=14
04-30 01:28:42.529  6118  6631 I bt_stack: [INFO:rfc_port_fsm.cc(106)] rfc_port_sm_execute: BD_ADDR=645df4_1, PORT=28, STATE=4, EVENT=14
04-30 01:28:42.532  9200 32187 D BluetoothSocket: write: android.net.LocalSocketImpl$SocketOutputStream@3d166e7 length: 4
04-30 01:28:42.532  9200 32187 D BluetoothSocket: write out: android.net.LocalSocketImpl$SocketOutputStream@3d166e7 length: 4
04-30 01:28:42.532  9200 32187 D BluetoothSocket: write: android.net.LocalSocketImpl$SocketOutputStream@3d166e7 length: 127
04-30 01:28:42.532  9200 32187 D BluetoothSocket: write out: android.net.LocalSocketImpl$SocketOutputStream@3d166e7 length: 127
04-30 01:28:42.533  6118  6631 I bt_stack: [INFO:rfc_port_fsm.cc(106)] rfc_port_sm_execute: BD_ADDR=645df4_1, PORT=28, STATE=4, EVENT=14
04-30 01:28:42.533  9200 32187 D BluetoothSocket: write: android.net.LocalSocketImpl$SocketOutputStream@3d166e7 length: 4
04-30 01:28:42.533  9200 32187 D BluetoothSocket: write out: android.net.LocalSocketImpl$SocketOutputStream@3d166e7 length: 4
04-30 01:28:42.533  9200 32187 D BluetoothSocket: write: android.net.LocalSocketImpl$SocketOutputStream@3d166e7 length: 10218
04-30 01:28:42.533  9200 32187 D BluetoothSocket: write out: android.net.LocalSocketImpl$SocketOutputStream@3d166e7 length: 10218
04-30 01:28:42.534  6118  6631 I bt_stack: [INFO:rfc_port_fsm.cc(106)] rfc_port_sm_execute: BD_ADDR=645df4_1, PORT=28, STATE=4, EVENT=14
04-30 01:28:42.534  6118  6631 I bt_stack: [INFO:rfc_port_fsm.cc(106)] rfc_port_sm_execute: BD_ADDR=645df4_1, PORT=28, STATE=4, EVENT=14
04-30 01:28:42.534  6118  6631 I bt_stack: [INFO:rfc_port_fsm.cc(106)] rfc_port_sm_execute: BD_ADDR=645df4_1, PORT=28, STATE=4, EVENT=14
04-30 01:28:42.534  6118  6631 I bt_stack: [INFO:rfc_port_fsm.cc(106)] rfc_port_sm_execute: BD_ADDR=645df4_1, PORT=28, STATE=4, EVENT=14
04-30 01:28:42.534  6118  6631 I bt_stack: [INFO:rfc_port_fsm.cc(106)] rfc_port_sm_execute: BD_ADDR=645df4_1, PORT=28, STATE=4, EVENT=14
04-30 01:28:42.534  6118  6631 I bt_stack: [INFO:rfc_port_fsm.cc(106)] rfc_port_sm_execute: BD_ADDR=645df4_1, PORT=28, STATE=4, EVENT=14
04-30 01:28:42.535  6118  6631 I bt_stack: [INFO:rfc_port_fsm.cc(106)] rfc_port_sm_execute: BD_ADDR=645df4_1, PORT=28, STATE=4, EVENT=14
04-30 01:28:42.535  6118  6631 I bt_stack: [INFO:rfc_port_fsm.cc(106)] rfc_port_sm_execute: BD_ADDR=645df4_1, PORT=28, STATE=4, EVENT=14
04-30 01:28:42.535  6118  6631 I bt_stack: [INFO:rfc_port_fsm.cc(106)] rfc_port_sm_execute: BD_ADDR=645df4_1, PORT=28, STATE=4, EVENT=14
04-30 01:28:42.535  6118  6631 I bt_stack: [INFO:rfc_port_fsm.cc(106)] rfc_port_sm_execute: BD_ADDR=645df4_1, PORT=28, STATE=4, EVENT=14
04-30 01:28:42.535  9200 32187 D BluetoothSocket: write: android.net.LocalSocketImpl$SocketOutputStream@3d166e7 length: 4
04-30 01:28:42.535  9200 32187 D BluetoothSocket: write out: android.net.LocalSocketImpl$SocketOutputStream@3d166e7 length: 4
04-30 01:28:42.535  9200 32187 D BluetoothSocket: write: android.net.LocalSocketImpl$SocketOutputStream@3d166e7 length: 231
04-30 01:28:42.535  9200 32187 D BluetoothSocket: write out: android.net.LocalSocketImpl$SocketOutputStream@3d166e7 length: 231
04-30 01:28:42.537  9200 32187 D BluetoothSocket: write: android.net.LocalSocketImpl$SocketOutputStream@3d166e7 length: 4
04-30 01:28:42.537  9200 32187 D BluetoothSocket: write out: android.net.LocalSocketImpl$SocketOutputStream@3d166e7 length: 4
04-30 01:28:42.537  9200 32187 D BluetoothSocket: write: android.net.LocalSocketImpl$SocketOutputStream@3d166e7 length: 1582
04-30 01:28:42.537  9200 32187 D BluetoothSocket: write out: android.net.LocalSocketImpl$SocketOutputStream@3d166e7 length: 1582
