04-27 22:21:57.699 21539 21563 I TestRunner: started: valueDouble(org.jetbrains.android_benchmark.Wolf3dBenchmark)
04-27 22:21:57.702 21539 21539 I MonitoringInstr: Activities that are still in CREATED to STOPPED: 1
04-27 22:21:57.703 21539 21539 I MonitoringInstr: Finishing activity: androidx.benchmark.IsolationActivity@60bdc39
04-27 22:21:57.710 21539 21563 I GrantPermissionCallable: Permission: android.permission.WRITE_EXTERNAL_STORAGE is already granted!
04-27 22:21:57.710 21539 21563 I GrantPermissionCallable: Permission: android.permission.READ_EXTERNAL_STORAGE is already granted!
04-27 22:21:57.711 21539 21563 D Benchmark: -- Running org.jetbrains.android_benchmark.Wolf3dBenchmark#valueDouble --
04-27 22:21:57.711 21539 21563 D PerfettoCapture: Supported ABIs: arm64-v8a, armeabi-v7a, armeabi
04-27 22:21:57.711 21539 21563 D PerfettoCapture: Recording perfetto trace
04-27 22:21:57.758 21539 21563 I PerfettoCapture: Cleanup perfetto before starting.
04-27 22:21:57.774  5429  5488 W libprocessgroup: Failed to open /dev/blkio//cgroup.procs: No such file or directory
04-27 22:21:57.777  5429  5488 W libprocessgroup: Failed to open /dev/blkio//cgroup.procs: No such file or directory
04-27 22:21:57.795  6734 27213 I NetworkScheduler.Stats: Task com.google.android.gms/com.google.android.gms.ipa.base.IpaGcmTaskService started execution. cause:9 exec_start_elapsed_seconds: 36457 [CONTEXT service_id=218 ]
04-27 22:21:57.822  6734 24142 I NetworkScheduler.Stats: Task com.google.android.gms/com.google.android.gms.ipa.base.IpaGcmTaskService finished executing. cause:9 result: 1 elapsed_millis: 93 uptime_millis: 94 exec_start_elapsed_seconds: 36457 [CONTEXT service_id=218 ]
04-27 22:21:57.972 21539 21563 I PerfettoCapture: Perfetto output file cleanup -
04-27 22:21:57.972 21539 21563 I PerfettoCapture: Starting perfetto tracing with cmd: cat /storage/emulated/0/Android/data/org.jetbrains.android_benchmark.test/cache/trace_config.pb | perfetto --background -c - -o /data/misc/perfetto-traces/trace_output.pb
04-27 22:21:58.101  6734  6734 D BoundBrokerSvc: onUnbind: Intent { act=com.google.android.gms.auth.account.workaccount.START dat=chimera-action:/... cmp=com.google.android.gms/.chimera.PersistentApiService }
04-27 22:21:58.165 27290 27290 I perfetto:    perfetto_cmd.cc:1001 Connected to the Perfetto traced service, starting tracing
04-27 22:21:58.166  5131  5131 I perfetto: ing_service_impl.cc:953 Configured tracing session 125, #sources:4, duration:0 ms, #buffers:2, total buffer size:36864 KB, total sessions:1, uid:2000 session name: ""
04-27 22:21:58.168  5130  5130 I perfetto:  probes_producer.cc:139 Ftrace setup (target_buf=249)
04-27 22:21:58.195 21539 21563 I PerfettoCapture: Perfetto output - 27290
04-27 22:21:58.195 21539 21563 I PerfettoCapture: EXITCODE=0
04-27 22:21:58.200  5429  5488 W libprocessgroup: Failed to open /dev/blkio//cgroup.procs: No such file or directory
04-27 22:21:58.228 24151 24151 I SCS@AiSearch user 0: (ObserverWorker::AOSP_MP) [main] entering in startWork():
04-27 22:21:58.230 24151 24151 I SCS@AiSearch user 0: (BaseCollector::AOSP_MP) [main] entering in onChange():
04-27 22:21:58.231 24151 24224 I SCS@AiSearch user 0: (BaseCollector::AOSP_MP) [AOSP_MP-0] entering in collectChanges():
04-27 22:21:58.232  4389  4389 I hwservicemanager: getTransport: Cannot find entry android.hardware.atrace@1.0::IAtraceDevice/default in either framework or device VINTF manifest.
04-27 22:21:58.251  5429  8529 D PackageManager: setEnabledSetting : userId = 0 packageName = com.samsung.android.scs cmp = androidx.work.impl.background.systemalarm.RescheduleReceiver newState = 1 callingPackage = 10380/com.samsung.android.scs
04-27 22:21:58.252  5429  8529 D ApplicationPolicy: getApplicationStateEnabled : pkg = com.samsung.android.scs userId : 0
04-27 22:21:58.253  5429  8529 D ApplicationPolicy: getApplicationComponentState : pkg = com.samsung.android.scs userId : 0
04-27 22:21:58.254  5130  5130 I perfetto:    ftrace_procfs.cc:335 enabled ftrace in /sys/kernel/tracing/
04-27 22:21:58.338 24151 24224 I SCS@AiSearch user 0: (BaseCollector::AOSP_MP) fetchInternal values : maxSyncId: 1000008202 indexCount: 1705 sourceCount: 1705
04-27 22:21:58.339 21539 21563 I PerfettoCapture: Perfetto tracing started successfully with pid 27290.
04-27 22:21:58.411 24151 24224 I SCS@AiSearch user 0: (IndexManager) [AOSP_MP-0] entering in addIndex():
04-27 22:21:58.419 24151 24224 I SCS@AiSearch user 0: (BaseCollector::AOSP_MP) fetch: fetching took  122 ms
04-27 22:21:58.419 24151 24224 I SCS@AiSearch user 0: (BaseCollector::AOSP_MP) fetchChanges: applied 0 items
04-27 22:21:58.420 24151 24224 I SCS@AiSearch user 0: (BaseCollector::AOSP_MP) Collect finished. Result: true
04-27 22:21:58.424 24151 24209 I WM-WorkerWrapper: Worker result SUCCESS for Work [ id=1d3a3592-c867-4a0d-976f-8e35a21b99e2, tags={ com.sec.android.app.myfiles, com.samsung.android.scs.ai.search.data.collector.ObserverWorker } ]
04-27 22:21:58.433 24151 24224 I SCS@AiSearch user 0: (BaseCollector::AOSP_MP) enqueue ObserverWorker name: com.sec.android.app.myfiles, policy: APPEND_OR_REPLACE
04-27 22:21:58.437 21539 21563 I PerfettoCapture: /sys/kernel/tracing/tracing_on = 1, polled 0 times, capture fully started
04-27 22:21:58.438 21539 21563 D Benchmark: Set 21563 (Bench thread) to priority -20. Was -8, now -20
04-27 22:21:58.439 21539 21563 D Benchmark: Set 21548 (Jit) to priority -15. Was 9, now -15
04-27 22:21:58.473 21539 21563 I _benchmark.test: Explicit concurrent copying GC freed 30247(1037KB) AllocSpace objects, 1(20KB) LOS objects, 67% free, 2945KB/9089KB, paused 302us,112us total 32.850ms
04-27 22:21:58.544  5429  8533 D PackageManager: setEnabledSetting : userId = 0 packageName = com.samsung.android.scs cmp = androidx.work.impl.background.systemalarm.RescheduleReceiver newState = 1 callingPackage = 10380/com.samsung.android.scs
04-27 22:21:58.545  5429  8533 D ApplicationPolicy: getApplicationStateEnabled : pkg = com.samsung.android.scs userId : 0
04-27 22:21:58.547  5429  8533 D ApplicationPolicy: getApplicationComponentState : pkg = com.samsung.android.scs userId : 0
04-27 22:21:59.668  5429  8529 D PackageManager: setEnabledSetting : userId = 0 packageName = com.Slack cmp = androidx.work.impl.background.systemalarm.RescheduleReceiver newState = 1 callingPackage = 10329/com.Slack
04-27 22:21:59.669  5429  8529 D ApplicationPolicy: getApplicationStateEnabled : pkg = com.Slack userId : 0
04-27 22:21:59.671  5429  8529 D ApplicationPolicy: getApplicationComponentState : pkg = com.Slack userId : 0
04-27 22:21:59.686  5429 27308 D TrafficStats: tagSocket(919) with statsTag=0xffffffff, statsUid=-1
04-27 22:21:59.692  5429 27308 D TrafficStats: tagSocket(930) with statsTag=0xffffffff, statsUid=-1
04-27 22:21:59.693  5429  5488 W libprocessgroup: Failed to open /dev/blkio//cgroup.procs: No such file or directory
04-27 22:21:59.716 31104 31168 D ConnectivityManager: StackLog: [android.net.ConnectivityManager.sendRequestForNetwork(ConnectivityManager.java:4191)] [android.net.ConnectivityManager.registerDefaultNetworkCallbackForUid(ConnectivityManager.java:4755)] [android.net.ConnectivityManager.registerDefaultNetworkCallback(ConnectivityManager.java:4722)] [android.net.ConnectivityManager.registerDefaultNetworkCallback(ConnectivityManager.java:4696)] [androidx.work.impl.utils.NetworkApi24.registerDefaultNetworkCallbackCompat(Unknown Source:10)] [androidx.work.impl.constraints.trackers.NetworkStateTracker24.startTracking(Unknown Source:15)] [androidx.work.impl.constraints.controllers.ConstraintController.replace(Unknown Source:130)] [androidx.work.impl.constraints.WorkConstraintsTrackerImpl.replace(Unknown Source:41)] [androidx.work.impl.background.greedy.GreedyScheduler.schedule(Unknown Source:300)] [androidx.work.impl.Schedulers.schedule(Unknown Source:149)] [androidx.work.impl.utils.EnqueueRunnable.run(Unknown Source:53)] [androidx.work.Worker$2.run$androidx$work$impl$utils$SerialExecutorImpl$Task(Unknown Source:4)] [androidx.work.Worker$2.run(Unknown Source:868)] [java.util.concurrent.ThreadPoolExecutor.runWorker(ThreadPoolExecutor.java:1137)] [java.util.concurrent.ThreadPoolExecutor$Worker.run(ThreadPoolExecutor.java:637)] [java.lang.Thread.run(Thread.java:1012)]
04-27 22:21:59.719  5429  8533 D ConnectivityService: requestNetwork for uid/pid:10329/31104 activeRequest: null callbackRequest: 4791 [NetworkRequest [ REQUEST id=4792, [ Capabilities: INTERNET&NOT_RESTRICTED&TRUSTED&NOT_VCN_MANAGED Uid: 10329 RequestorUid: 10329 RequestorPkg: com.Slack UnderlyingNetworks: Null] ]] callback flags: 0 order: 2147483647
04-27 22:21:59.721  5429  5665 D ConnectivityService:    accepting network in place of null
04-27 22:21:59.729  5429  5655 D WifiNetworkFactory: got request NetworkRequest [ REQUEST id=4792, [ Capabilities: INTERNET&NOT_RESTRICTED&TRUSTED&NOT_VCN_MANAGED Uid: 10329 RequestorUid: 10329 RequestorPkg: com.Slack UnderlyingNetworks: Null] ]
04-27 22:21:59.730  5429  5655 D UntrustedWifiNetworkFactory: got request NetworkRequest [ REQUEST id=4792, [ Capabilities: INTERNET&NOT_RESTRICTED&TRUSTED&NOT_VCN_MANAGED Uid: 10329 RequestorUid: 10329 RequestorPkg: com.Slack UnderlyingNetworks: Null] ]
04-27 22:21:59.731  5429  5655 D OemPaidWifiNetworkFactory: got request NetworkRequest [ REQUEST id=4792, [ Capabilities: INTERNET&NOT_RESTRICTED&TRUSTED&NOT_VCN_MANAGED Uid: 10329 RequestorUid: 10329 RequestorPkg: com.Slack UnderlyingNetworks: Null] ]
04-27 22:21:59.732  5429  5655 D MultiInternetWifiNetworkFactory: got request NetworkRequest [ REQUEST id=4792, [ Capabilities: INTERNET&NOT_RESTRICTED&TRUSTED&NOT_VCN_MANAGED Uid: 10329 RequestorUid: 10329 RequestorPkg: com.Slack UnderlyingNetworks: Null] ]
04-27 22:21:59.733  5429  5665 D ConnectivityService: Rematched networks [computed 0ms] [applied 2ms] [issued 10]
04-27 22:21:59.733  5429  5665 D ConnectivityService: NetworkReassignment :
04-27 22:21:59.733  5429  5665 D ConnectivityService:   4792 : null → 108
04-27 22:21:59.747 31104 31104 D ConnectivityManager: StackLog: [android.net.ConnectivityManager.unregisterNetworkCallback(ConnectivityManager.java:4863)] [androidx.work.impl.utils.NetworkApi21.unregisterNetworkCallbackCompat(Unknown Source:10)] [androidx.work.impl.constraints.trackers.NetworkStateTracker24.stopTracking(Unknown Source:15)] [androidx.work.impl.constraints.trackers.ConstraintTracker.removeListener(Unknown Source:24)] [androidx.work.impl.constraints.controllers.ConstraintController.replace(Unknown Source:81)] [androidx.work.impl.constraints.WorkConstraintsTrackerImpl.replace(Unknown Source:41)] [androidx.work.impl.background.greedy.GreedyScheduler.onExecuted(Unknown Source:55)] [androidx.work.impl.Processor.onExecuted(Unknown Source:59)] [com.bugsnag.android.DeliveryDelegate$1.run(Unknown Source:212)]
04-27 22:21:59.753  5429  5665 D ConnectivityService:  Removing from current network [108 WIFI], leaving 154 requests.
04-27 22:21:59.895  5429 27308 D WifiConnectivityMonitor.DnsThread:  [|208] []
04-27 22:21:59.896  5429  5738 D WifiConnectivityMonitor.NetworkStatsAnalyzer: DNS resultType : 0, responseTime : 208
04-27 22:21:59.897  5429  5736 D OpenNetworkQos[4.00]: updateBssidLatestDnsResultType - result: 0
04-27 22:21:59.897  5429  5736 D OpenNetworkQos[4.00]: updateBssidNoInternet: mBssidNoInternet = false
04-27 22:21:59.897  5429  5736 D OpenNetworkQos[4.00]: getOpenNetworkQosNoInternetStatus: false
04-27 22:21:59.897  5429  5736 D OpenNetworkQos[4.00]: getOpenNetworkQosScores: 30 25 0
04-27 22:21:59.897  5429  5736 I WifiProfileShare: network QoS data was changed (internet), updateQoSData networkType: true, qosData: false
04-27 22:21:59.898  5429  7167 V WifiProfileShare.Caster: update wips network, size: 0
04-27 22:21:59.898  5429  7167 D WifiProfileShare: nearby scanning settings run
04-27 22:21:59.898  5429  7167 D WifiProfileShare: network score provider settings enabled
04-27 22:21:59.898  5429  7167 D OpenNetworkQos[4.00]: getOpenNetworkQosScores: 30 25 0
04-27 22:21:59.899  5429  7167 D OpenNetworkQos[4.00]: getOpenNetworkQosNoInternetStatus: false
04-27 22:21:59.899  5429  7167 I WifiProfileShare.Caster: current network type: 0, score: [30, 25, 0]
04-27 22:21:59.900  5429  7167 V WifiProfileShare.Cache: update network score 0c:8d:db:**:**:7d
04-27 22:21:59.900  5429  7167 D WifiProfileShare.ScanMatcher: getMcfDataList size:20
04-27 22:21:59.900  5429  7167 I WifiProfileShare.Caster: qos data was updated , before:type:QOS, pBssid:e8:51:71, qosData:78 after:type:QOS, pBssid:e8:51:71, qosData:78
04-27 22:21:59.903  5429  7167 I [MCFSDK_android_1.2.4010]_4_b: isNetworkEnabled - type : 1 ret : true
04-27 22:21:59.903  5429  7167 D WifiProfileShare.McfCast: -ME--- mIsNetworkEnabled :true
04-27 22:21:59.903  5429  7167 D WifiProfileShare.McfCast: updateQoSData ignored, same contents
04-27 22:21:59.903  5429  7167 D WifiProfileShare.MCF: success update QosData !
04-27 22:21:59.904  5429  7167 I [MCFSDK_android_1.2.4010]_4_b: isNetworkEnabled - type : 1 ret : true
04-27 22:21:59.904  5429  7167 D WifiProfileShare.McfCast: -ME--- mIsNetworkEnabled :true
04-27 22:21:59.904  5429  7167 D WifiProfileShare.McfCast: -ME--- updatePasswordDate pwdData size:20
04-27 22:22:00.015  5878  6453 D QSClockBellTower: onReceive(android.intent.action.TIME_TICK) mTimeZoneString:null
04-27 22:22:00.019  5878  5878 D KeyguardUpdateMonitor: received broadcast android.intent.action.TIME_TICK
04-27 22:22:00.030  5878  5878 D QSClockBellTower: He is ready to ring the bell. (((QSClockBellSound - TimeText:22:22, TimeContentDescription:22:22, DateText:Thu, 27 April, ShortDateText:Thu, 27 Apr, Demo:false, QuickStar-Second(false|12:34:56))))
04-27 22:22:00.032  5878  5878 D QSClockIndicatorView: Home Indicator status_bar_clock 22:22 notifyTimeChanged(QSClockBellSound - TimeText:22:22, TimeContentDescription:22:22, DateText:Thu, 27 April, ShortDateText:Thu, 27 Apr, Demo:false, QuickStar-Second(false|12:34:56)) ClockVisibleByPolicy:true, ClockVisibleByUser:true, visible?false, parent:android.widget.LinearLayout{fc169f7 V.E...... ......I. 0,0-0,55 #7f0b04f0 app:id/left_clock_container}
04-27 22:22:00.033  5878  5878 D QSClockBellTower: Everyone heard the bell. run(currentTime:1682626920026,   getTime():Thu Apr 27 22:22:00 GMT+02:00 2023,   getTimeZone():libcore.util.ZoneInfo[mDstSavings=3600000,mUseDst=true,mDelegate=[id="Europe/Belgrade",mRawOffset=3600000,mEarliestRawOffset=4920000,transitions=119]])
04-27 22:22:00.033  5878  5878 D KeyguardUpdateMonitor: handleTimeUpdate
04-27 22:22:00.034  5878  5878 D FaceWidgetPagesController: onTimeChanged()
04-27 22:22:00.051  5878  5878 I FaceWidgetPositionAlgorithm: getClockContainerHeight() supplier = 270, bottom margin = 0, real height = 333
04-27 22:22:00.051  5878  5878 I FaceWidgetPositionAlgorithm: getClockContainerHeight() supplier = 270, bottom margin = 63, real height = 333
04-27 22:22:00.052  5878  5878 I FaceWidgetPositionAlgorithm: getMediaContainerHeight() height = 0 container Visibility = 8, isValid = false, mIsDozing = false, fraction = 1.0, source = 0, target = 0
04-27 22:22:00.052  5878  5878 I FaceWidgetPositionAlgorithm: getMediaContainerHeight() supplier = 0
04-27 22:22:00.057  5878  5878 V QsExpandAnimator: setQsExpansionPosition 0.0
04-27 22:22:00.067  5878  5878 V QsExpandAnimator: updateAnimators
04-27 22:22:00.067  5878  5878 V QsExpandAnimator: clearAnimationState
04-27 22:22:00.068  5878  5878 V QsExpandAnimator: updateViews
04-27 22:22:00.071  5878  5878 V QsExpandAnimator: updateTileAnimator
04-27 22:22:00.074  5878  5878 V QsExpandAnimator: updateHeaderAnimator
04-27 22:22:00.075  5878  5878 V QsExpandAnimator: updateBarAnimator
04-27 22:22:00.076  5878  5878 V QsExpandAnimator: setQsExpansionPosition 0.0
04-27 22:22:00.076  5878  5878 V QsExpandAnimator: onAnimationAtStart
04-27 22:22:00.673  5429  7411 D SemWifiUsabilityStatsMonitor: onWifiUsabilityStats - seqNum 6287, isSameBssidAndFreq true
04-27 22:22:00.677  5878  5878 D NetworkController.WifiSignalController: notifyListener: visible=true, connected=true, inetCondition=1, isDefault=true, wifiTestReported=true, receivedInetCondition=-1, hideDuringMobileSwitching=false
04-27 22:22:00.683  5878  6043 D Tile.WifiTile: handleUpdateState isTransient=false transientEnabling =false cb.isTransient=false state.state = 2 mStateBeforeClick.value =false enabled =true
04-27 22:22:00.684  5429  5717 I SemWifiLinkQualityMonitor: Link Qos Query: 0.148 ms / 54.000 Mbps (72 / 0.000 / 1.333)
04-27 22:22:00.736  5429  5749 D BrightnessHandler: inject brightness = 153.0, Brightness: 0.60047054
04-27 22:22:00.739  4993  4993 I SensorsHub: LightSensor::injectSensorData: brightness 153
04-27 22:22:00.741  5429  5749 D BrightnessHandler: inject brightness = 153.0, Brightness: 0.60047054
04-27 22:22:00.743  4993  4993 I SensorsHub: LightSensor::injectSensorData: brightness 153
04-27 22:22:00.745  5047  5047 I SehLight: lcd : 153+
04-27 22:22:00.750  5047  5047 I SehLight: lcd : 153-
04-27 22:22:02.134  5095  5095 I SurfaceFlinger: SFWD update time=29231327728782
04-27 22:22:03.718  5429  7411 D SemWifiUsabilityStatsMonitor: onWifiUsabilityStats - seqNum 6288, isSameBssidAndFreq true
04-27 22:22:03.729  5429  5717 I SemWifiLinkQualityMonitor: Link Qos Query: 0.148 ms / 54.000 Mbps (72 / 0.000 / 1.333)
04-27 22:22:03.730  5878  5878 D NetworkController.WifiSignalController: notifyListener: visible=true, connected=true, inetCondition=1, isDefault=true, wifiTestReported=true, receivedInetCondition=-1, hideDuringMobileSwitching=false
04-27 22:22:03.734  5878  6043 D Tile.WifiTile: handleUpdateState isTransient=false transientEnabling =false cb.isTransient=false state.state = 2 mStateBeforeClick.value =false enabled =true
04-27 22:22:05.639  5429  5736 D WifiConnectivityMonitor: Stop WCM Poll. cnt : 5
04-27 22:22:06.741  5429  7411 D SemWifiUsabilityStatsMonitor: onWifiUsabilityStats - seqNum 6289, isSameBssidAndFreq true
04-27 22:22:06.744  5429  5717 I SemWifiLinkQualityMonitor: Link Qos Query: 0.148 ms / 54.000 Mbps (72 / 0.000 / 1.333)
04-27 22:22:07.692  5429  5488 W libprocessgroup: Failed to open /dev/blkio//cgroup.procs: No such file or directory
04-27 22:22:09.762  5429  7411 D SemWifiUsabilityStatsMonitor: onWifiUsabilityStats - seqNum 6290, isSameBssidAndFreq true
04-27 22:22:09.764  5429  5717 I SemWifiLinkQualityMonitor: Link Qos Query: 0.148 ms / 54.000 Mbps (72 / 0.000 / 1.333)
04-27 22:22:12.791  5429  7411 D SemWifiUsabilityStatsMonitor: onWifiUsabilityStats - seqNum 6291, isSameBssidAndFreq true
04-27 22:22:12.793  5429  5717 I SemWifiLinkQualityMonitor: Link Qos Query: 0.148 ms / 54.000 Mbps (72 / 0.000 / 1.333)
04-27 22:22:13.391 21539 21549 I _benchmark.test: Background concurrent copying GC freed 1808706(38MB) AllocSpace objects, 0(0B) LOS objects, 49% free, 24MB/48MB, paused 435us,143us total 101.221ms
04-27 22:22:15.821  5429  7411 D SemWifiUsabilityStatsMonitor: onWifiUsabilityStats - seqNum 6292, isSameBssidAndFreq true
04-27 22:22:15.825  5878  5878 D NetworkController.WifiSignalController: notifyListener: visible=true, connected=true, inetCondition=1, isDefault=true, wifiTestReported=true, receivedInetCondition=-1, hideDuringMobileSwitching=false
04-27 22:22:15.828  5429  5717 I SemWifiLinkQualityMonitor: Link Qos Query: 0.111 ms / 72.000 Mbps (72 / 0.000 / 1.000)
04-27 22:22:15.831  5878  6043 D Tile.WifiTile: handleUpdateState isTransient=false transientEnabling =false cb.isTransient=false state.state = 2 mStateBeforeClick.value =false enabled =true
04-27 22:22:16.703  4899  4899 E audit   : type=1400 audit(1682626936.699:20080): avc:  denied  { getattr } for  pid=5429 comm="BinderProcsColl" path="/sys/kernel/debug/binder/proc/5429" dev="debugfs" ino=28624 scontext=u:r:system_server:s0 tcontext=u:object_r:sec_debugfs:s0 tclass=file permissive=0 SEPF_SM-A515F_13_0001 audit_filtered
04-27 22:22:16.704  4899  4899 E audit   : type=1300 audit(1682626936.699:20080): arch=c00000b7 syscall=79 success=no exit=-13 a0=ffffff9c a1=77704a4a00 a2=773f43b680 a3=0 items=0 ppid=4924 pid=5429 auid=4294967295 uid=1000 gid=1000 euid=1000 suid=1000 fsuid=1000 egid=1000 sgid=1000 fsgid=1000 tty=(none) ses=4294967295 comm="BinderProcsColl" exe="/system/bin/app_process64" subj=u:r:system_server:s0 key=(null)
04-27 22:22:16.704  4899  4899 E audit   : type=1327 audit(1682626936.699:20080): proctitle="system_server"
04-27 22:22:18.844  5429  7411 D SemWifiUsabilityStatsMonitor: onWifiUsabilityStats - seqNum 6293, isSameBssidAndFreq true
04-27 22:22:18.848  5878  5878 D NetworkController.WifiSignalController: notifyListener: visible=true, connected=true, inetCondition=1, isDefault=true, wifiTestReported=true, receivedInetCondition=-1, hideDuringMobileSwitching=false
04-27 22:22:18.851  5878  6043 D Tile.WifiTile: handleUpdateState isTransient=false transientEnabling =false cb.isTransient=false state.state = 2 mStateBeforeClick.value =false enabled =true
04-27 22:22:18.851  5429  5717 I SemWifiLinkQualityMonitor: Link Qos Query: 0.111 ms / 72.000 Mbps (72 / 0.000 / 1.000)
04-27 22:22:19.657  5429  5705 I ChimeraAggressivePolicyHandler: executePolicy() - triggerSource: TRIGGER_SOURCE_LMKD
04-27 22:22:19.659  5429  5705 I ChimeraAggressivePolicyHandler: memAvailable: 823060, memFreeTarget: 870400, releaseTarget:47340, protectedLruCount: 10
04-27 22:22:19.679  5429  5705 I NSLocationMonitor: getGPSUsingApps() called
04-27 22:22:19.707  7025  7040 I NSLocationManager_FLP: getGPSUsingApps, NO_FREEZE={5013} / FREEZE={10234}
04-27 22:22:19.732  5429  5705 I ChimeraAggressivePolicyHandler: Start doKill, protected policy: HEAVY
04-27 22:22:19.734  5429  5705 I ChimeraAggressivePolicyHandler: Killed on trigger0 : com.linkedin.android[25970], freed: 59871, 10006[25970]:G1(0x1) score=39.3(18 10/10 59871), pids: 25970 / stats: 19 / adjs: 965
04-27 22:22:19.748  5429  5705 I ChimeraAggressivePolicyHandler: Killed on trigger0 : ru.yandex.searchplugin[21586, 23766, 23515], freed: 97934, 10222[21586,23766,23515]:G2(0x20001) score=58.8(26 10/10 97934), pids: 21586 23766 23515 / stats: 19 19 19 / adjs: 999 999 999
04-27 22:22:19.751  5429  5486 I libprocessgroup: Successfully killed process cgroup uid 10006 pid 25970 in 0ms
04-27 22:22:19.802  5429  8518 D ConnectivityService: ConnectivityService NetworkRequestInfo binderDied(uid/pid:10006/25970, [NetworkRequest [ REQUEST id=4775, [ Capabilities: INTERNET&NOT_RESTRICTED&TRUSTED&NOT_VCN_MANAGED Uid: 10006 RequestorUid: 10006 RequestorPkg: com.linkedin.android UnderlyingNetworks: Null] ]], android.os.BinderProxy@c7f9af6)
04-27 22:22:19.802  5429  6416 D ConnectivityService: ConnectivityService NetworkRequestInfo binderDied(uid/pid:10006/25970, [NetworkRequest [ REQUEST id=4777, [ Capabilities: INTERNET&NOT_RESTRICTED&TRUSTED&NOT_VCN_MANAGED Uid: 10006 RequestorUid: 10006 RequestorPkg: com.linkedin.android UnderlyingNetworks: Null] ]], android.os.BinderProxy@3d01ef7)
04-27 22:22:19.802  5429  8509 D ConnectivityService: ConnectivityService NetworkRequestInfo binderDied(uid/pid:10006/25970, [NetworkRequest [ LISTEN id=4778, [ Capabilities: INTERNET&NOT_RESTRICTED&TRUSTED&FOREGROUND&NOT_VCN_MANAGED Uid: 10006 RequestorUid: 10006 RequestorPkg: com.linkedin.android UnderlyingNetworks: Null] ]], android.os.BinderProxy@316a164)
04-27 22:22:19.802  5429  5665 D ConnectivityService: releasing NetworkRequest [ REQUEST id=4775, [ Capabilities: INTERNET&NOT_RESTRICTED&TRUSTED&NOT_VCN_MANAGED Uid: 10006 RequestorUid: 10006 RequestorPkg: com.linkedin.android UnderlyingNetworks: Null] ] (release request)
04-27 22:22:19.803  5429  5665 D ConnectivityService:  Removing from current network [108 WIFI], leaving 153 requests.
04-27 22:22:19.804  5429  5665 D ConnectivityService: releasing NetworkRequest [ REQUEST id=4777, [ Capabilities: INTERNET&NOT_RESTRICTED&TRUSTED&NOT_VCN_MANAGED Uid: 10006 RequestorUid: 10006 RequestorPkg: com.linkedin.android UnderlyingNetworks: Null] ] (release request)
04-27 22:22:19.804  5429  5665 D ConnectivityService:  Removing from current network [108 WIFI], leaving 152 requests.
04-27 22:22:19.804  4924  4924 I Zygote  : Process 25970 exited due to signal 9 (Killed)
04-27 22:22:19.806  5429  5705 I ChimeraAggressivePolicyHandler: Killed on trigger0 : com.sec.android.daemonapp[23243], freed: 31298, 10180[23243]:G2(0x20000) score=35.0(33 10/10 31298), pids: 23243 / stats: 19 / adjs: 999
04-27 22:22:19.806  5429  5486 I libprocessgroup: Successfully killed process cgroup uid 10222 pid 21586 in 0ms
04-27 22:22:19.813  5429  5705 I ChimeraAggressivePolicyHandler: Killed on trigger0 : com.samsung.android.rubin.app[23333], freed: 23480, 5010[23333]:G2(0x20002) score=33.3(36 10/10 23480), pids: 23333 / stats: 19 / adjs: 999
04-27 22:22:19.829  5429  5705 I ChimeraAggressivePolicyHandler: Killed on trigger0 : com.samsung.android.app.spage[23623], freed: 23304, 10061[23623]:G2(0x20000) score=32.7(35 10/10 23304), pids: 23623 / stats: 19 / adjs: 999
04-27 22:22:19.834  5429  5705 I ChimeraAggressivePolicyHandler: Killed on trigger0 : com.osp.app.signin[21852], freed: 29607, 10104[21852]:G2(0x20000) score=28.4(21 10/10 29607), pids: 21852 / stats: 19 / adjs: 975
04-27 22:22:19.839  5429  5705 I ChimeraAggressivePolicyHandler: Killed on trigger0 : com.samsung.android.authfw[23652], freed: 8639, 5278[23652]:G2(0x20002) score=26.2(34 10/10 8639), pids: 23652 / stats: 19 / adjs: 999
04-27 22:22:19.855  7025  7025 W DeviceManager_FLP: onTrimMemory : 5
04-27 22:22:19.857  7025  7069 I GpsSessionManager_FLP: arrangeInvalidSessions
04-27 22:22:19.865  5429  5705 I ChimeraAggressivePolicyHandler: Killed on trigger0 : com.sec.android.app.servicemodeapp[24946], freed: 5510, 1000[24946]:G2(0x20002) score=19.1(22 10/10 5510), pids: 24946 / stats: 19 / adjs: 985
04-27 22:22:19.868  9537  9537 I com.samsung.android.companionservice.service.WRCompanionServiceInterface: requestOnTrimMemory + level=5
04-27 22:22:19.870  5429  5705 I ChimeraAggressivePolicyHandler: kill complete: killed 8 apps, freed 279643 KB
04-27 22:22:19.870  5429  5705 I ChimeraAggressivePolicyHandler: Skipped reason: LR, pids: 19920 21539 8223 19519
04-27 22:22:19.870  5429  5705 I ChimeraAggressivePolicyHandler: Skipped reason: CA, pids: 31104 24151 25191 11246 24442 22461
04-27 22:22:19.870  5429  5705 I ChimeraAggressivePolicyHandler: Skipped reason: PE, pids: 8449 9537 11589 6156 6734 6865 5848 24856 5787 8348 8350 6174 7327 11360 23649 8419 6180 28516 24484 6118 6190 7025 6196 5429 5878 10679 9209 10299 6655
04-27 22:22:19.870  5429  5705 I ChimeraAggressivePolicyHandler: Skipped reason: CA, pids: 8553
04-27 22:22:19.870  5429  5705 I ChimeraAggressivePolicyHandler: Skipped reason: IN, pids: 16390 16423 1836 22835 22361 20793 16058 16540 1823
04-27 22:22:19.870  5429  5705 I ChimeraAggressivePolicyHandler: Skipped reason: SE, pids: 20358 8909
04-27 22:22:19.870  5429  5705 I ChimeraAggressivePolicyHandler: Skipped reason: AD, pids: 12037 8401 533 15648 8548 8932 11943 8618 13805 9197 6267 8575
04-27 22:22:19.870  5429  5705 I ChimeraAggressivePolicyHandler: Processing time(ms) 213
04-27 22:22:19.875  5785  5785 D SystemUIService: SYSUI_RAM_OPTIMIZATION onTrimMemory=5
04-27 22:22:19.877  8419  8419 W DMASA[U]: [AppLogData]onTrimMemory(5):1682626939875
04-27 22:22:19.878  8419  8419 W DMASA[C]: [DiagMonAgentApplication]onTrimMemory (5)
04-27 22:22:19.880  9537  9537 I [WF]_WatchFaceCompanion: onTrimMemory 5
04-27 22:22:19.897  5878  5878 D SystemUIService: SYSUI_RAM_OPTIMIZATION onTrimMemory=5
04-27 22:22:19.917  4924  4924 I Zygote  : Process 21586 exited due to signal 9 (Killed)
04-27 22:22:19.919  8348  8348 I AiAi    : onTrimMemory() with level 5
04-27 22:22:19.922 24151 24151 I SCS@AiSearch user 0: (SearchProvider) onTrimMemory(): 40
04-27 22:22:19.932 20358 20358 I Finsky  : [2] teb.onTrimMemory(1): Memory trim requested to level 5
04-27 22:22:19.949  6865  6865 I ContactsProvider: onTrimMemory-success
04-27 22:22:19.955  1836  1836 W SmApplication: onTrimMemory : 5
04-27 22:22:19.958 11589 11589 I CMHApplication: [#CMH#] Block to verify, Change Trim Memory Level: 80
04-27 22:22:19.983  1823  1823 I DWBTrimMemDispatcher: onTrimMemory(5)
04-27 22:22:19.988  4924  4924 I Zygote  : Process 23766 exited due to signal 9 (Killed)
04-27 22:22:19.991  5429  5486 I libprocessgroup: Successfully killed process cgroup uid 10222 pid 23766 in 70ms
04-27 22:22:19.991  5429  5486 I libprocessgroup: Successfully killed process cgroup uid 10222 pid 23515 in 0ms
04-27 22:22:20.005  4924  4924 I Zygote  : Process 24946 exited due to signal 9 (Killed)
04-27 22:22:20.016  7327  7327 I AppBase : AppBase.onTrimMemory():498 onTrimMemory(): 5
04-27 22:22:20.021  5429  6113 D ConnectivityService: ConnectivityService NetworkRequestInfo binderDied(uid/pid:10222/23515, [NetworkRequest [ REQUEST id=4753, [ Capabilities: INTERNET&NOT_RESTRICTED&TRUSTED&NOT_VCN_MANAGED Uid: 10222 RequestorUid: 10222 RequestorPkg: ru.yandex.searchplugin UnderlyingNetworks: Null] ]], android.os.BinderProxy@d275fcd)
04-27 22:22:20.022  5429  5665 D ConnectivityService: releasing NetworkRequest [ REQUEST id=4753, [ Capabilities: INTERNET&NOT_RESTRICTED&TRUSTED&NOT_VCN_MANAGED Uid: 10222 RequestorUid: 10222 RequestorPkg: ru.yandex.searchplugin UnderlyingNetworks: Null] ] (release request)
04-27 22:22:20.023  5429  5665 D ConnectivityService:  Removing from current network [108 WIFI], leaving 150 requests.
04-27 22:22:20.023  5429  5486 I libprocessgroup: Successfully killed process cgroup uid 10180 pid 23243 in 0ms
04-27 22:22:20.024  4924  4924 I Zygote  : Process 23515 exited due to signal 9 (Killed)
04-27 22:22:20.028  7327  7327 I GoogleInputMethodService: GoogleInputMethodService.onTrimMemory():4517 onTrimMemory(): 5
04-27 22:22:20.030 22361 22361 I [PASS][CMN]DrawableCache: clearData LruCache[maxSize=32768,hits=0,misses=0,hitRate=0%]
04-27 22:22:20.046 24151 24151 I SCS@AiSearch user 0: (SearchProvider) onTrimMemory(): 60
04-27 22:22:20.048 22361 22361 I [PASS][CMN]DrawableCache: clearData LruCache[maxSize=32768,hits=0,misses=0,hitRate=0%]
04-27 22:22:20.073  4924  4924 I Zygote  : Process 23243 exited due to signal 9 (Killed)
04-27 22:22:20.076  5429  5486 I libprocessgroup: Successfully killed process cgroup uid 5010 pid 23333 in 0ms
04-27 22:22:20.079  4388  4394 I servicemanager: 'com.samsung.android.pass.IPassService' died
04-27 22:22:20.079 22361 22361 I [AUTHFW][PSDK]PassServiceConnection: onServiceDisconnected
04-27 22:22:20.080 22361 22361 I [PASS][SPASS]SPassApplication: pass disconnected
04-27 22:22:20.081  4924  4924 I Zygote  : Process 23652 exited due to signal 9 (Killed)
04-27 22:22:20.100  4924  4924 I Zygote  : Process 21852 exited due to signal 9 (Killed)
04-27 22:22:20.107  5429  8530 D ConnectivityService: ConnectivityService NetworkRequestInfo binderDied(uid/pid:10061/23623, [NetworkRequest [ REQUEST id=4751, [ Capabilities: INTERNET&NOT_RESTRICTED&TRUSTED&NOT_VCN_MANAGED Uid: 10061 RequestorUid: 10061 RequestorPkg: com.samsung.android.app.spage UnderlyingNetworks: Null] ]], android.os.BinderProxy@e827082)
04-27 22:22:20.107  5429  5665 D ConnectivityService: releasing NetworkRequest [ REQUEST id=4751, [ Capabilities: INTERNET&NOT_RESTRICTED&TRUSTED&NOT_VCN_MANAGED Uid: 10061 RequestorUid: 10061 RequestorPkg: com.samsung.android.app.spage UnderlyingNetworks: Null] ] (release request)
04-27 22:22:20.108  4924  4924 I Zygote  : Process 23623 exited due to signal 9 (Killed)
04-27 22:22:20.108  5429  5665 D ConnectivityService:  Removing from current network [108 WIFI], leaving 149 requests.
04-27 22:22:20.109  4924  4924 I Zygote  : Process 23333 exited due to signal 9 (Killed)
04-27 22:22:20.113  5429  5486 I libprocessgroup: Successfully killed process cgroup uid 10061 pid 23623 in 0ms
04-27 22:22:20.114  5429  5486 I libprocessgroup: Successfully killed process cgroup uid 10104 pid 21852 in 0ms
04-27 22:22:20.114  5429  5486 I libprocessgroup: Successfully killed process cgroup uid 5278 pid 23652 in 0ms
04-27 22:22:20.115  5429  5486 I libprocessgroup: Successfully killed process cgroup uid 1000 pid 24946 in 0ms
04-27 22:22:21.866  5429  7411 D SemWifiUsabilityStatsMonitor: onWifiUsabilityStats - seqNum 6294, isSameBssidAndFreq true
04-27 22:22:21.869  5429  5717 I SemWifiLinkQualityMonitor: Link Qos Query: 0.111 ms / 72.000 Mbps (72 / 0.000 / 1.000)
04-27 22:22:21.870  5878  5878 D NetworkController.WifiSignalController: notifyListener: visible=true, connected=true, inetCondition=1, isDefault=true, wifiTestReported=true, receivedInetCondition=-1, hideDuringMobileSwitching=false
04-27 22:22:21.872  5878  6043 D Tile.WifiTile: handleUpdateState isTransient=false transientEnabling =false cb.isTransient=false state.state = 2 mStateBeforeClick.value =false enabled =true
04-27 22:22:22.338  5067  5067 E sehhealth-service: Could not open /sys/class/power_supply/battery/lrp
04-27 22:22:24.883  5429  7411 D SemWifiUsabilityStatsMonitor: onWifiUsabilityStats - seqNum 6295, isSameBssidAndFreq true
04-27 22:22:24.885  5429  5717 I SemWifiLinkQualityMonitor: Link Qos Query: 0.111 ms / 72.000 Mbps (72 / 0.000 / 1.000)
04-27 22:22:24.885  5878  5878 D NetworkController.WifiSignalController: notifyListener: visible=true, connected=true, inetCondition=1, isDefault=true, wifiTestReported=true, receivedInetCondition=-1, hideDuringMobileSwitching=false
04-27 22:22:24.887  5878  6043 D Tile.WifiTile: handleUpdateState isTransient=false transientEnabling =false cb.isTransient=false state.state = 2 mStateBeforeClick.value =false enabled =true
04-27 22:22:25.380  5787  5902 W SQLiteLog: (28) double-quoted string literal: "nitz_status"
04-27 22:22:26.315  5429  5665 D ConnectivityService: reportNetworkActive, notify 0 listeners
04-27 22:22:26.337  6734 27267 D ConnectivityManager: StackLog: [android.net.ConnectivityManager.reportNetworkConnectivity(ConnectivityManager.java:3390)] [anzl.i(:com.google.android.gms@231312044@23.13.12 (190400-519946965):0)] [anyz.run(:com.google.android.gms@231312044@23.13.12 (190400-519946965):57)] [anzz.run(:com.google.android.gms@231312044@23.13.12 (190400-519946965):2)] [dbpm.run(:com.google.android.gms@231312044@23.13.12 (190400-519946965):2)] [abix.c(:com.google.android.gms@231312044@23.13.12 (190400-519946965):6)] [abix.run(:com.google.android.gms@231312044@23.13.12 (190400-519946965):7)] [java.util.concurrent.ThreadPoolExecutor.runWorker(ThreadPoolExecutor.java:1137)] [java.util.concurrent.ThreadPoolExecutor$Worker.run(ThreadPoolExecutor.java:637)] [abod.run(:com.google.android.gms@231312044@23.13.12 (190400-519946965):0)] [java.lang.Thread.run(Thread.java:1012)]
04-27 22:22:26.342  6734 27267 I AlarmManager: setExactAndAllowWhileIdle [name: GCM_HB_ALARM type: 2 triggerAtMillis: 37256314]
04-27 22:22:26.348  5429  5488 W libprocessgroup: Failed to open /dev/blkio//cgroup.procs: No such file or directory
04-27 22:22:26.374  6734 27267 E GmsTaskScheduler: sendWakeUpEvent called on SchedulerClientBroadcastStrategy
04-27 22:22:26.399  6734 24142 I AlarmManager: setExactAndAllowWhileIdle [name: FcmRetry type: 2 triggerAtMillis: 36606358]
04-27 22:22:26.417  5429  5488 W libprocessgroup: Failed to open /dev/blkio//cgroup.procs: No such file or directory
04-27 22:22:26.427  6734 24142 E GmsTaskScheduler: sendWakeUpEvent called on SchedulerClientBroadcastStrategy
04-27 22:22:26.429  6734 24142 I AlarmManager: setExactAndAllowWhileIdle [name: GCM_HB_ALARM type: 2 triggerAtMillis: 37256402]
04-27 22:22:27.090 22461 22474 I egram.messenger: JIT allocated 56KB for compiled code of void org.telegram.messenger.MessagesStorage.putMessagesInternal(java.util.ArrayList, boolean, boolean, int, boolean, boolean, int)
04-27 22:22:27.091 22461 22474 I egram.messenger: Compiler allocated 15MB to compile void org.telegram.messenger.MessagesStorage.putMessagesInternal(java.util.ArrayList, boolean, boolean, int, boolean, boolean, int)
04-27 22:22:27.176  5429  5438 I system_server: Background young concurrent copying GC freed 399742(15MB) AllocSpace objects, 28(560KB) LOS objects, 13% free, 108MB/124MB, paused 384us,306us total 103.801ms
04-27 22:22:27.200  5429  5440 W System  : A resource failed to call close.
04-27 22:22:27.202  5429  5440 W System  : A resource failed to call close.
04-27 22:22:27.535 22361 22361 I [PASS][CMN]DrawableCache: clearData LruCache[maxSize=32768,hits=0,misses=0,hitRate=0%]
04-27 22:22:27.557 11246 27366 I GmscoreIpa: Starting mediastore instant index [CONTEXT service_id=255 ]
04-27 22:22:27.907  5429  7411 D SemWifiUsabilityStatsMonitor: onWifiUsabilityStats - seqNum 6296, isSameBssidAndFreq true
04-27 22:22:27.909  5429  5717 I SemWifiLinkQualityMonitor: Link Qos Query: 0.138 ms / 58.154 Mbps (72 / 0.000 / 1.238)
04-27 22:22:27.910  5878  5878 D NetworkController.WifiSignalController: notifyListener: visible=true, connected=true, inetCondition=1, isDefault=true, wifiTestReported=true, receivedInetCondition=-1, hideDuringMobileSwitching=false
04-27 22:22:27.912  5878  6043 D Tile.WifiTile: handleUpdateState isTransient=false transientEnabling =false cb.isTransient=false state.state = 2 mStateBeforeClick.value =false enabled =true
04-27 22:22:28.484 21539 21549 I _benchmark.test: Background concurrent copying GC freed 1958007(41MB) AllocSpace objects, 0(0B) LOS objects, 47% free, 26MB/50MB, paused 1.242ms,854us total 127.398ms
04-27 22:22:29.674  5429  6256 D PackageManager: setEnabledSetting : userId = 0 packageName = com.Slack cmp = androidx.work.impl.background.systemalarm.RescheduleReceiver newState = 1 callingPackage = 10329/com.Slack
04-27 22:22:29.677  5429  6256 D ApplicationPolicy: getApplicationStateEnabled : pkg = com.Slack userId : 0
04-27 22:22:29.679  5429  6256 D ApplicationPolicy: getApplicationComponentState : pkg = com.Slack userId : 0
04-27 22:22:29.705  5429  5488 W libprocessgroup: Failed to open /dev/blkio//cgroup.procs: No such file or directory
04-27 22:22:29.722 31104 31177 D ConnectivityManager: StackLog: [android.net.ConnectivityManager.sendRequestForNetwork(ConnectivityManager.java:4191)] [android.net.ConnectivityManager.registerDefaultNetworkCallbackForUid(ConnectivityManager.java:4755)] [android.net.ConnectivityManager.registerDefaultNetworkCallback(ConnectivityManager.java:4722)] [android.net.ConnectivityManager.registerDefaultNetworkCallback(ConnectivityManager.java:4696)] [androidx.work.impl.utils.NetworkApi24.registerDefaultNetworkCallbackCompat(Unknown Source:10)] [androidx.work.impl.constraints.trackers.NetworkStateTracker24.startTracking(Unknown Source:15)] [androidx.work.impl.constraints.controllers.ConstraintController.replace(Unknown Source:130)] [androidx.work.impl.constraints.WorkConstraintsTrackerImpl.replace(Unknown Source:41)] [androidx.work.impl.background.greedy.GreedyScheduler.schedule(Unknown Source:300)] [androidx.work.impl.Schedulers.schedule(Unknown Source:149)] [androidx.work.impl.utils.EnqueueRunnable.run(Unknown Source:53)] [androidx.work.Worker$2.run$androidx$work$impl$utils$SerialExecutorImpl$Task(Unknown Source:4)] [androidx.work.Worker$2.run(Unknown Source:868)] [java.util.concurrent.ThreadPoolExecutor.runWorker(ThreadPoolExecutor.java:1137)] [java.util.concurrent.ThreadPoolExecutor$Worker.run(ThreadPoolExecutor.java:637)] [java.lang.Thread.run(Thread.java:1012)]
04-27 22:22:29.725  5429  6256 D ConnectivityService: requestNetwork for uid/pid:10329/31104 activeRequest: null callbackRequest: 4793 [NetworkRequest [ REQUEST id=4794, [ Capabilities: INTERNET&NOT_RESTRICTED&TRUSTED&NOT_VCN_MANAGED Uid: 10329 RequestorUid: 10329 RequestorPkg: com.Slack UnderlyingNetworks: Null] ]] callback flags: 0 order: 2147483647
04-27 22:22:29.727  5429  5665 D ConnectivityService:    accepting network in place of null
04-27 22:22:29.734  5429  5655 D WifiNetworkFactory: got request NetworkRequest [ REQUEST id=4794, [ Capabilities: INTERNET&NOT_RESTRICTED&TRUSTED&NOT_VCN_MANAGED Uid: 10329 RequestorUid: 10329 RequestorPkg: com.Slack UnderlyingNetworks: Null] ]
04-27 22:22:29.744  5429  5655 D UntrustedWifiNetworkFactory: got request NetworkRequest [ REQUEST id=4794, [ Capabilities: INTERNET&NOT_RESTRICTED&TRUSTED&NOT_VCN_MANAGED Uid: 10329 RequestorUid: 10329 RequestorPkg: com.Slack UnderlyingNetworks: Null] ]
04-27 22:22:29.745  5429  5655 D OemPaidWifiNetworkFactory: got request NetworkRequest [ REQUEST id=4794, [ Capabilities: INTERNET&NOT_RESTRICTED&TRUSTED&NOT_VCN_MANAGED Uid: 10329 RequestorUid: 10329 RequestorPkg: com.Slack UnderlyingNetworks: Null] ]
04-27 22:22:29.746  5429  5665 D ConnectivityService: Rematched networks [computed 1ms] [applied 2ms] [issued 17]
04-27 22:22:29.754  5429  5655 D MultiInternetWifiNetworkFactory: got request NetworkRequest [ REQUEST id=4794, [ Capabilities: INTERNET&NOT_RESTRICTED&TRUSTED&NOT_VCN_MANAGED Uid: 10329 RequestorUid: 10329 RequestorPkg: com.Slack UnderlyingNetworks: Null] ]
04-27 22:22:29.754  5429  5665 D ConnectivityService: NetworkReassignment :
04-27 22:22:29.754  5429  5665 D ConnectivityService:   4794 : null → 108
04-27 22:22:29.776 31104 31104 D ConnectivityManager: StackLog: [android.net.ConnectivityManager.unregisterNetworkCallback(ConnectivityManager.java:4863)] [androidx.work.impl.utils.NetworkApi21.unregisterNetworkCallbackCompat(Unknown Source:10)] [androidx.work.impl.constraints.trackers.NetworkStateTracker24.stopTracking(Unknown Source:15)] [androidx.work.impl.constraints.trackers.ConstraintTracker.removeListener(Unknown Source:24)] [androidx.work.impl.constraints.controllers.ConstraintController.replace(Unknown Source:81)] [androidx.work.impl.constraints.WorkConstraintsTrackerImpl.replace(Unknown Source:41)] [androidx.work.impl.background.greedy.GreedyScheduler.onExecuted(Unknown Source:55)] [androidx.work.impl.Processor.onExecuted(Unknown Source:59)] [com.bugsnag.android.DeliveryDelegate$1.run(Unknown Source:212)]
04-27 22:22:29.778  5429  5665 D ConnectivityService:  Removing from current network [108 WIFI], leaving 149 requests.
04-27 22:22:29.799 22361 22361 I [PASS][CMN]DrawableCache: clearData LruCache[maxSize=32768,hits=0,misses=0,hitRate=0%]
04-27 22:22:29.885  4924  4924 D Zygote  : Forked child process 27376
04-27 22:22:29.933 27376 27376 I .android.authfw: Using CollectorTypeCC GC.
04-27 22:22:29.944 27376 27376 E .android.authfw: Not starting debugger since process cannot load the jdwp agent.
04-27 22:22:29.955  4899  4899 E audit   : type=1400 audit(1682626949.947:20081): avc:  denied  { read } for  pid=27376 comm=".android.authfw" name="u:object_r:perf_prop:s0" dev="tmpfs" ino=21617 scontext=u:r:platform_app:s0:c512,c768 tcontext=u:object_r:perf_prop:s0 tclass=file permissive=0 SEPF_SM-A515F_13_0001 audit_filtered
04-27 22:22:29.955  4899  4899 E audit   : type=1300 audit(1682626949.947:20081): arch=c00000b7 syscall=56 success=no exit=-13 a0=ffffff9c a1=7fcb563ba8 a2=88000 a3=0 items=0 ppid=4924 pid=27376 auid=4294967295 uid=5278 gid=5278 euid=5278 suid=5278 fsuid=5278 egid=5278 sgid=5278 fsgid=5278 tty=(none) ses=4294967295 comm=".android.authfw" exe="/system/bin/app_process64" subj=u:r:platform_app:s0:c512,c768 key=(null)
04-27 22:22:29.955 27376 27376 W libc    : Access denied finding property "sys.perf.boostopt"
04-27 22:22:29.955  4899  4899 E audit   : type=1327 audit(1682626949.947:20081): proctitle="zygote64"
04-27 22:22:29.956 27376 27388 W libc    : Access denied finding property "sys.perf.boostopt"
04-27 22:22:29.956  4899  4899 E audit   : type=1400 audit(1682626949.951:20082): avc:  denied  { read } for  pid=27376 comm="binder:27376_1" name="u:object_r:perf_prop:s0" dev="tmpfs" ino=21617 scontext=u:r:platform_app:s0:c512,c768 tcontext=u:object_r:perf_prop:s0 tclass=file permissive=0 SEPF_SM-A515F_13_0001 audit_filtered
04-27 22:22:29.956  4899  4899 E audit   : type=1300 audit(1682626949.951:20082): arch=c00000b7 syscall=56 success=no exit=-13 a0=ffffff9c a1=7804bb12f8 a2=88000 a3=0 items=0 ppid=4924 pid=27376 auid=4294967295 uid=5278 gid=5278 euid=5278 suid=5278 fsuid=5278 egid=5278 sgid=5278 fsgid=5278 tty=(none) ses=4294967295 comm="binder:27376_1" exe="/system/bin/app_process64" subj=u:r:platform_app:s0:c512,c768 key=(null)
04-27 22:22:29.957  4899  4899 E audit   : type=1327 audit(1682626949.951:20082): proctitle="com.xiaomi.smarthome:pushservice"
04-27 22:22:29.958 27376 27376 D ActivityThread: setConscryptValidator
04-27 22:22:29.958 27376 27376 D ActivityThread: setConscryptValidator - put
04-27 22:22:29.983 27376 27389 W libc    : Access denied finding property "sys.perf.boostopt"
04-27 22:22:29.984  4899  4899 E audit   : type=1400 audit(1682626949.979:20083): avc:  denied  { read } for  pid=27376 comm="binder:27376_2" name="u:object_r:perf_prop:s0" dev="tmpfs" ino=21617 scontext=u:r:platform_app:s0:c512,c768 tcontext=u:object_r:perf_prop:s0 tclass=file permissive=0 SEPF_SM-A515F_13_0001 audit_filtered
04-27 22:22:29.990 27376 27376 D CompatibilityChangeReporter: Compat change id reported: 171979766; UID 5278; state: ENABLED
04-27 22:22:30.156 27376 27376 I [AUTHFW][PASS]AuthFwApp:  onCreate
04-27 22:22:30.182 27376 27376 I [AUTHFW][TZ]TzAppAsset: AFD
04-27 22:22:30.185 27376 27376 I [AUTHFW][TZ]TzAppAsset: Found
04-27 22:22:30.185 27376 27376 I [AUTHFW][TZ]TzApp: APEX - asset
04-27 22:22:30.186 27376 27376 I [AUTHFW][TZ]TzApp: Start using TzAppAsset as TzApp
04-27 22:22:30.188 27376 27398 I [AUTHFW][TZ]TzUtil: idt start
04-27 22:22:30.189 27376 27376 I [PASS][SDK]SamsungPassService: initialize()
04-27 22:22:30.192 27376 27398 I [AUTHFW][TZ]TzAppAsset: AFD
04-27 22:22:30.193 27376 27376 I [PASS][SDK]h: bind
04-27 22:22:30.199 27376 27398 I SAMgr_AM: ta is null
04-27 22:22:30.210 22361 22361 I [PASS][PASS]PassService: onBind:SamsungPassService
04-27 22:22:30.217 27376 27376 I [AUTHFW][PASS]PassService: personaId : 0
04-27 22:22:30.218  4388  4394 I servicemanager: Adding 'u:r:platform_app:s0:c512,c768' service (com.samsung.android.pass.IPassService:27376)
04-27 22:22:30.221 27376 27398 I android_os_HwBinder: HwBinder: Starting thread pool for getting: vendor.samsung.hardware.authfw@1.0::ISehAuthenticationFramework/default
04-27 22:22:30.233 27376 27376 I [AUTHFW][PASS]PassService: onBind:PassOperation
04-27 22:22:30.235 22361 22361 I [AUTHFW][PSDK]PassServiceConnection: onServiceConnected
04-27 22:22:30.235 22361 22361 I [PASS][SPASS]SPassApplication: pass connected
04-27 22:22:30.244 22361 22361 I [PASS][CMN]DrawableCache: clearData LruCache[maxSize=32768,hits=0,misses=0,hitRate=0%]
04-27 22:22:30.248 27376 27376 I [AUTHFW][PASS]AuthFwApp: otlv5
04-27 22:22:30.248 27376 27376 I [PASS][SDK]h: onServiceConnected
04-27 22:22:30.249 27376 27376 I [AUTHFW][PASS]AuthFwApp: Samsung Pass Service is connected
04-27 22:22:30.249 27376 27376 I [AUTHFW][PASS]AuthFwApp: otlv40
04-27 22:22:30.319 11334 11334 I vendor.samsung.hardware.authfw@1.0-TlcProxyAuthnr: init
04-27 22:22:30.356 11334 11334 I vendor.samsung.hardware.authfw@1.0-TlcProxyAuthnr: process
04-27 22:22:30.356 11334 11334 I tlcFidoAuthnr: process start.
04-27 22:22:30.356 11334 11334 I tlcFidoAuthnr: process start. state:1
04-27 22:22:30.356 11334 11334 I tlcFidoAuthnr: processPass start. state:2
04-27 22:22:30.363 27376 27398 I SAMgr_HS: ret: true, 10
04-27 22:22:30.364 11334 11334 I vendor.samsung.hardware.authfw@1.0-TlcProxyAuthnr: terminate
04-27 22:22:30.364 11334 11334 I tlcFidoAuthnr: terminateFido start.
04-27 22:22:30.365 11334 11334 I tlcFidoAuthnr: terminateFido start. state:1
04-27 22:22:30.370 27376 27398 I [AUTHFW][TZ]TzUtil: nic is not supported on Q
04-27 22:22:30.636  5429  5739 D WifiConnectivityMonitor: start WCM Poll.
04-27 22:22:30.931  5429  7411 D SemWifiUsabilityStatsMonitor: onWifiUsabilityStats - seqNum 6297, isSameBssidAndFreq true
04-27 22:22:30.933  5429  5717 I SemWifiLinkQualityMonitor: Link Qos Query: 0.138 ms / 58.154 Mbps (72 / 0.000 / 1.238)
04-27 22:22:30.933  5878  5878 D NetworkController.WifiSignalController: notifyListener: visible=true, connected=true, inetCondition=1, isDefault=true, wifiTestReported=true, receivedInetCondition=-1, hideDuringMobileSwitching=false
04-27 22:22:30.936  5878  6043 D Tile.WifiTile: handleUpdateState isTransient=false transientEnabling =false cb.isTransient=false state.state = 2 mStateBeforeClick.value =false enabled =true
04-27 22:22:33.965  5429  7411 D SemWifiUsabilityStatsMonitor: onWifiUsabilityStats - seqNum 6298, isSameBssidAndFreq true
04-27 22:22:33.968  5429  5717 I SemWifiLinkQualityMonitor: Link Qos Query: 0.138 ms / 58.154 Mbps (72 / 0.000 / 1.238)
04-27 22:22:34.593 27376 27376 I [AUTHFW][PASS]AuthFwApp: otlv60
04-27 22:22:35.677  5429  5736 D WifiConnectivityMonitor: Stop WCM Poll. cnt : 5
04-27 22:22:36.983  5429  7411 D SemWifiUsabilityStatsMonitor: onWifiUsabilityStats - seqNum 6299, isSameBssidAndFreq true
04-27 22:22:36.985  5429  5717 I SemWifiLinkQualityMonitor: Link Qos Query: 0.138 ms / 58.154 Mbps (72 / 0.000 / 1.238)
04-27 22:22:40.007  5429  7411 D SemWifiUsabilityStatsMonitor: onWifiUsabilityStats - seqNum 6300, isSameBssidAndFreq true
04-27 22:22:40.010  5429  5717 I SemWifiLinkQualityMonitor: Link Qos Query: 0.167 ms / 48.000 Mbps (72 / 0.000 / 1.500)
04-27 22:22:40.011  5878  5878 D NetworkController.WifiSignalController: notifyListener: visible=true, connected=true, inetCondition=1, isDefault=true, wifiTestReported=true, receivedInetCondition=-1, hideDuringMobileSwitching=false
04-27 22:22:40.013  5878  6043 D Tile.WifiTile: handleUpdateState isTransient=false transientEnabling =false cb.isTransient=false state.state = 2 mStateBeforeClick.value =false enabled =true
04-27 22:22:43.025  5429  7411 D SemWifiUsabilityStatsMonitor: onWifiUsabilityStats - seqNum 6301, isSameBssidAndFreq true
04-27 22:22:43.028  5429  5717 I SemWifiLinkQualityMonitor: Link Qos Query: 0.167 ms / 48.000 Mbps (72 / 0.000 / 1.500)
04-27 22:22:43.030  5878  5878 D NetworkController.WifiSignalController: notifyListener: visible=true, connected=true, inetCondition=1, isDefault=true, wifiTestReported=true, receivedInetCondition=-1, hideDuringMobileSwitching=false
