05-10 03:16:55.976 23197 23221 I TestRunner: started: valuePreserveBoxDouble(org.jetbrains.android_benchmark.Wolf3dBenchmark)
05-10 03:16:55.982 23197 23197 I MonitoringInstr: Activities that are still in CREATED to STOPPED: 1
05-10 03:16:55.982 23197 23197 I MonitoringInstr: Finishing activity: androidx.benchmark.IsolationActivity@2611a25
05-10 03:16:55.989  5679  5748 W libprocessgroup: Failed to open /dev/blkio//cgroup.procs: No such file or directory
05-10 03:16:55.991  5679  5748 W libprocessgroup: Failed to open /dev/blkio//cgroup.procs: No such file or directory
05-10 03:16:55.992 23197 23221 I GrantPermissionCallable: Permission: android.permission.WRITE_EXTERNAL_STORAGE is already granted!
05-10 03:16:55.992 23197 23221 I GrantPermissionCallable: Permission: android.permission.READ_EXTERNAL_STORAGE is already granted!
05-10 03:16:55.992 23197 23221 D Benchmark: -- Running org.jetbrains.android_benchmark.Wolf3dBenchmark#valuePreserveBoxDouble --
05-10 03:16:55.993 23197 23221 D PerfettoCapture: Supported ABIs: arm64-v8a, armeabi-v7a, armeabi
05-10 03:16:55.993 23197 23221 D PerfettoCapture: Recording perfetto trace
05-10 03:16:56.002 30196 26426 I NetworkScheduler.Stats: Task com.google.android.gms/com.google.android.gms.ipa.base.IpaGcmTaskService started execution. cause:9 exec_start_elapsed_seconds: 249600 [CONTEXT service_id=218 ]
05-10 03:16:56.018 30196 28331 I NetworkScheduler.Stats: Task com.google.android.gms/com.google.android.gms.ipa.base.IpaGcmTaskService finished executing. cause:9 result: 1 elapsed_millis: 51 uptime_millis: 51 exec_start_elapsed_seconds: 249600 [CONTEXT service_id=218 ]
05-10 03:16:56.027 23197 23221 I PerfettoCapture: Cleanup perfetto before starting.
05-10 03:16:56.226 23197 23221 I PerfettoCapture: Perfetto output file cleanup -
05-10 03:16:56.226 23197 23221 I PerfettoCapture: Starting perfetto tracing with cmd: cat /storage/emulated/0/Android/data/org.jetbrains.android_benchmark.test/cache/trace_config.pb | perfetto --background -c - -o /data/misc/perfetto-traces/trace_output.pb
05-10 03:16:56.414 28367 28367 I perfetto:    perfetto_cmd.cc:1001 Connected to the Perfetto traced service, starting tracing
05-10 03:16:56.416  5440  5440 I perfetto: ing_service_impl.cc:953 Configured tracing session 44, #sources:4, duration:0 ms, #buffers:2, total buffer size:36864 KB, total sessions:1, uid:2000 session name: ""
05-10 03:16:56.417  5438  5438 I perfetto:  probes_producer.cc:139 Ftrace setup (target_buf=87)
05-10 03:16:56.476 23197 23221 I PerfettoCapture: Perfetto output - 28367
05-10 03:16:56.476 23197 23221 I PerfettoCapture: EXITCODE=0
05-10 03:16:56.491  4389  4389 I hwservicemanager: getTransport: Cannot find entry android.hardware.atrace@1.0::IAtraceDevice/default in either framework or device VINTF manifest.
05-10 03:16:56.510  5438  5438 I perfetto:    ftrace_procfs.cc:335 enabled ftrace in /sys/kernel/tracing/
05-10 03:16:56.605 23197 23221 I PerfettoCapture: Perfetto tracing started successfully with pid 28367.
05-10 03:16:56.692 23197 23221 I PerfettoCapture: /sys/kernel/tracing/tracing_on = 1, polled 0 times, capture fully started
05-10 03:16:56.695 23197 23221 D Benchmark: Set 23221 (Bench thread) to priority -20. Was -8, now -20
05-10 03:16:56.695 23197 23221 D Benchmark: Set 23206 (Jit) to priority -15. Was 9, now -15
05-10 03:16:56.734 23197 23221 I _benchmark.test: Explicit concurrent copying GC freed 106630(2269KB) AllocSpace objects, 1(20KB) LOS objects, 67% free, 2989KB/9133KB, paused 430us,125us total 38.532ms
05-10 03:16:57.840 28247 28401 D StrictMode: StrictMode policy violation: android.os.strictmode.DiskReadViolation
05-10 03:16:57.840 28247 28401 D StrictMode: 	at android.os.StrictMode$AndroidBlockGuardPolicy.onReadFromDisk(StrictMode.java:1658)
05-10 03:16:57.840 28247 28401 D StrictMode: 	at libcore.io.BlockGuardOs.access(BlockGuardOs.java:74)
05-10 03:16:57.840 28247 28401 D StrictMode: 	at libcore.io.ForwardingOs.access(ForwardingOs.java:128)
05-10 03:16:57.840 28247 28401 D StrictMode: 	at android.app.ActivityThread$AndroidOs.access(ActivityThread.java:8610)
05-10 03:16:57.840 28247 28401 D StrictMode: 	at java.io.UnixFileSystem.checkAccess(UnixFileSystem.java:281)
05-10 03:16:57.840 28247 28401 D StrictMode: 	at java.io.File.exists(File.java:813)
05-10 03:16:57.840 28247 28401 D StrictMode: 	at android.app.ContextImpl.getDataDir(ContextImpl.java:3136)
05-10 03:16:57.840 28247 28401 D StrictMode: 	at android.app.ContextImpl.getDir(ContextImpl.java:3155)
05-10 03:16:57.840 28247 28401 D StrictMode: 	at android.content.ContextWrapper.getDir(ContextWrapper.java:356)
05-10 03:16:57.840 28247 28401 D StrictMode: 	at com.google.android.apps.gsa.search.core.i.af.<init>(PG:2)
05-10 03:16:57.840 28247 28401 D StrictMode: 	at com.google.android.apps.gsa.search.core.i.ag.a(PG:1)
05-10 03:16:57.840 28247 28401 D StrictMode: 	at com.google.android.apps.gsa.binaries.velvet.app.apx.a(Unknown Source:13389)
05-10 03:16:57.840 28247 28401 D StrictMode: 	at com.google.android.apps.gsa.binaries.velvet.app.apx.b(PG:93)
05-10 03:16:57.840 28247 28401 D StrictMode: 	at dagger.a.e.b(PG:1)
05-10 03:16:57.840 28247 28401 D StrictMode: 	at dagger.a.d.b(PG:2)
05-10 03:16:57.840 28247 28401 D StrictMode: 	at com.google.android.apps.gsa.binaries.velvet.app.apx.a(Unknown Source:1778)
05-10 03:16:57.840 28247 28401 D StrictMode: 	at com.google.android.apps.gsa.binaries.velvet.app.apx.b(PG:93)
05-10 03:16:57.840 28247 28401 D StrictMode: 	at com.google.android.apps.gsa.binaries.velvet.app.apx.a(Unknown Source:1421)
05-10 03:16:57.840 28247 28401 D StrictMode: 	at com.google.android.apps.gsa.binaries.velvet.app.apx.b(PG:93)
05-10 03:16:57.840 28247 28401 D StrictMode: 	at dagger.a.e.b(PG:1)
05-10 03:16:57.840 28247 28401 D StrictMode: 	at dagger.a.d.b(PG:2)
05-10 03:16:57.840 28247 28401 D StrictMode: 	at com.google.android.apps.gsa.binaries.velvet.app.apx.l(Unknown Source:4658)
05-10 03:16:57.840 28247 28401 D StrictMode: 	at com.google.android.apps.gsa.binaries.velvet.app.apx.b(PG:93)
05-10 03:16:57.840 28247 28401 D StrictMode: 	at dagger.a.e.b(PG:1)
05-10 03:16:57.840 28247 28401 D StrictMode: 	at com.google.android.apps.gsa.binaries.velvet.app.apx.l(Unknown Source:4768)
05-10 03:16:57.840 28247 28401 D StrictMode: 	at com.google.android.apps.gsa.binaries.velvet.app.apx.b(PG:93)
05-10 03:16:57.840 28247 28401 D StrictMode: 	at dagger.a.e.b(PG:1)
05-10 03:16:57.840 28247 28401 D StrictMode: 	at com.google.android.apps.gsa.shared.d.b.v.c(PG:2)
05-10 03:16:57.840 28247 28401 D StrictMode: 	at com.google.android.apps.gsa.shared.d.b.e.run(PG:1)
05-10 03:16:57.840 28247 28401 D StrictMode: 	at java.util.concurrent.Executors$RunnableAdapter.call(Executors.java:463)
05-10 03:16:57.840 28247 28401 D StrictMode: 	at java.util.concurrent.FutureTask.run(FutureTask.java:264)
05-10 03:16:57.840 28247 28401 D StrictMode: 	at java.util.concurrent.ThreadPoolExecutor.runWorker(ThreadPoolExecutor.java:1137)
05-10 03:16:57.840 28247 28401 D StrictMode: 	at java.util.concurrent.ThreadPoolExecutor$Worker.run(ThreadPoolExecutor.java:637)
05-10 03:16:57.840 28247 28401 D StrictMode: 	at com.google.android.libraries.j.g.run(PG:2)
05-10 03:16:57.840 28247 28401 D StrictMode: 	at java.lang.Thread.run(Thread.java:1012)
05-10 03:16:57.840 28247 28401 D StrictMode: 	at com.google.android.libraries.j.ag.run(PG:5)
05-10 03:16:57.841 28247 28401 D StrictMode: StrictMode policy violation: android.os.strictmode.DiskReadViolation
05-10 03:16:57.841 28247 28401 D StrictMode: 	at android.os.StrictMode$AndroidBlockGuardPolicy.onReadFromDisk(StrictMode.java:1658)
05-10 03:16:57.841 28247 28401 D StrictMode: 	at libcore.io.BlockGuardOs.access(BlockGuardOs.java:74)
05-10 03:16:57.841 28247 28401 D StrictMode: 	at libcore.io.ForwardingOs.access(ForwardingOs.java:128)
05-10 03:16:57.841 28247 28401 D StrictMode: 	at android.app.ActivityThread$AndroidOs.access(ActivityThread.java:8610)
05-10 03:16:57.841 28247 28401 D StrictMode: 	at java.io.UnixFileSystem.checkAccess(UnixFileSystem.java:281)
05-10 03:16:57.841 28247 28401 D StrictMode: 	at java.io.File.exists(File.java:813)
05-10 03:16:57.841 28247 28401 D StrictMode: 	at android.app.ContextImpl.getDir(ContextImpl.java:3156)
05-10 03:16:57.841 28247 28401 D StrictMode: 	at android.content.ContextWrapper.getDir(ContextWrapper.java:356)
05-10 03:16:57.841 28247 28401 D StrictMode: 	at com.google.android.apps.gsa.search.core.i.af.<init>(PG:2)
05-10 03:16:57.841 28247 28401 D StrictMode: 	at com.google.android.apps.gsa.search.core.i.ag.a(PG:1)
05-10 03:16:57.841 28247 28401 D StrictMode: 	at com.google.android.apps.gsa.binaries.velvet.app.apx.a(Unknown Source:13389)
05-10 03:16:57.841 28247 28401 D StrictMode: 	at com.google.android.apps.gsa.binaries.velvet.app.apx.b(PG:93)
05-10 03:16:57.841 28247 28401 D StrictMode: 	at dagger.a.e.b(PG:1)
05-10 03:16:57.841 28247 28401 D StrictMode: 	at dagger.a.d.b(PG:2)
05-10 03:16:57.841 28247 28401 D StrictMode: 	at com.google.android.apps.gsa.binaries.velvet.app.apx.a(Unknown Source:1778)
05-10 03:16:57.841 28247 28401 D StrictMode: 	at com.google.android.apps.gsa.binaries.velvet.app.apx.b(PG:93)
05-10 03:16:57.841 28247 28401 D StrictMode: 	at com.google.android.apps.gsa.binaries.velvet.app.apx.a(Unknown Source:1421)
05-10 03:16:57.841 28247 28401 D StrictMode: 	at com.google.android.apps.gsa.binaries.velvet.app.apx.b(PG:93)
05-10 03:16:57.841 28247 28401 D StrictMode: 	at dagger.a.e.b(PG:1)
05-10 03:16:57.841 28247 28401 D StrictMode: 	at dagger.a.d.b(PG:2)
05-10 03:16:57.841 28247 28401 D StrictMode: 	at com.google.android.apps.gsa.binaries.velvet.app.apx.l(Unknown Source:4658)
05-10 03:16:57.841 28247 28401 D StrictMode: 	at com.google.android.apps.gsa.binaries.velvet.app.apx.b(PG:93)
05-10 03:16:57.841 28247 28401 D StrictMode: 	at dagger.a.e.b(PG:1)
05-10 03:16:57.841 28247 28401 D StrictMode: 	at com.google.android.apps.gsa.binaries.velvet.app.apx.l(Unknown Source:4768)
05-10 03:16:57.841 28247 28401 D StrictMode: 	at com.google.android.apps.gsa.binaries.velvet.app.apx.b(PG:93)
05-10 03:16:57.841 28247 28401 D StrictMode: 	at dagger.a.e.b(PG:1)
05-10 03:16:57.841 28247 28401 D StrictMode: 	at com.google.android.apps.gsa.shared.d.b.v.c(PG:2)
05-10 03:16:57.841 28247 28401 D StrictMode: 	at com.google.android.apps.gsa.shared.d.b.e.run(PG:1)
05-10 03:16:57.841 28247 28401 D StrictMode: 	at java.util.concurrent.Executors$RunnableAdapter.call(Executors.java:463)
05-10 03:16:57.841 28247 28401 D StrictMode: 	at java.util.concurrent.FutureTask.run(FutureTask.java:264)
05-10 03:16:57.841 28247 28401 D StrictMode: 	at java.util.concurrent.ThreadPoolExecutor.runWorker(ThreadPoolExecutor.java:1137)
05-10 03:16:57.841 28247 28401 D StrictMode: 	at java.util.concurrent.ThreadPoolExecutor$Worker.run(ThreadPoolExecutor.java:637)
05-10 03:16:57.841 28247 28401 D StrictMode: 	at com.google.android.libraries.j.g.run(PG:2)
05-10 03:16:57.841 28247 28401 D StrictMode: 	at java.lang.Thread.run(Thread.java:1012)
05-10 03:16:57.841 28247 28401 D StrictMode: 	at com.google.android.libraries.j.ag.run(PG:5)
05-10 03:16:57.879 28247 28401 D StrictMode: StrictMode policy violation: android.os.strictmode.DiskReadViolation
05-10 03:16:57.879 28247 28401 D StrictMode: 	at android.os.StrictMode$AndroidBlockGuardPolicy.onReadFromDisk(StrictMode.java:1658)
05-10 03:16:57.879 28247 28401 D StrictMode: 	at libcore.io.BlockGuardOs.access(BlockGuardOs.java:74)
05-10 03:16:57.879 28247 28401 D StrictMode: 	at libcore.io.ForwardingOs.access(ForwardingOs.java:128)
05-10 03:16:57.879 28247 28401 D StrictMode: 	at android.app.ActivityThread$AndroidOs.access(ActivityThread.java:8610)
05-10 03:16:57.879 28247 28401 D StrictMode: 	at java.io.UnixFileSystem.checkAccess(UnixFileSystem.java:281)
05-10 03:16:57.879 28247 28401 D StrictMode: 	at java.io.File.exists(File.java:813)
05-10 03:16:57.879 28247 28401 D StrictMode: 	at android.app.ContextImpl.getDataDir(ContextImpl.java:3136)
05-10 03:16:57.879 28247 28401 D StrictMode: 	at android.app.ContextImpl.getDir(ContextImpl.java:3155)
05-10 03:16:57.879 28247 28401 D StrictMode: 	at android.content.ContextWrapper.getDir(ContextWrapper.java:356)
05-10 03:16:57.879 28247 28401 D StrictMode: 	at com.google.android.apps.gsa.search.core.i.af.g(PG:2)
05-10 03:16:57.879 28247 28401 D StrictMode: 	at com.google.android.apps.gsa.search.core.i.af.a(PG:2)
05-10 03:16:57.879 28247 28401 D StrictMode: 	at com.google.android.apps.gsa.search.core.i.ah.a(PG:2)
05-10 03:16:57.879 28247 28401 D StrictMode: 	at com.google.android.apps.gsa.binaries.velvet.app.apx.a(Unknown Source:13408)
05-10 03:16:57.879 28247 28401 D StrictMode: 	at com.google.android.apps.gsa.binaries.velvet.app.apx.b(PG:93)
05-10 03:16:57.879 28247 28401 D StrictMode: 	at dagger.a.d.b(PG:2)
05-10 03:16:57.879 28247 28401 D StrictMode: 	at com.google.android.apps.gsa.binaries.velvet.app.apx.a(Unknown Source:75)
05-10 03:16:57.879 28247 28401 D StrictMode: 	at com.google.android.apps.gsa.binaries.velvet.app.apx.b(PG:93)
05-10 03:16:57.879 28247 28401 D StrictMode: 	at dagger.a.e.b(PG:1)
05-10 03:16:57.879 28247 28401 D StrictMode: 	at com.google.android.apps.gsa.binaries.velvet.app.apx.a(Unknown Source:371)
05-10 03:16:57.879 28247 28401 D StrictMode: 	at com.google.android.apps.gsa.binaries.velvet.app.apx.b(PG:93)
05-10 03:16:57.879 28247 28401 D StrictMode: 	at dagger.a.e.b(PG:1)
05-10 03:16:57.879 28247 28401 D StrictMode: 	at dagger.a.d.b(PG:2)
05-10 03:16:57.879 28247 28401 D StrictMode: 	at com.google.android.apps.gsa.binaries.velvet.app.apy.bP(PG:3)
05-10 03:16:57.879 28247 28401 D StrictMode: 	at com.google.android.apps.gsa.binaries.velvet.app.apx.a(Unknown Source:1920)
05-10 03:16:57.879 28247 28401 D StrictMode: 	at com.google.android.apps.gsa.binaries.velvet.app.apx.b(PG:93)
05-10 03:16:57.879 28247 28401 D StrictMode: 	at dagger.a.e.b(PG:1)
05-10 03:16:57.879 28247 28401 D StrictMode: 	at dagger.a.d.b(PG:2)
05-10 03:16:57.879 28247 28401 D StrictMode: 	at com.google.android.apps.gsa.binaries.velvet.app.apx.l(Unknown Source:4675)
05-10 03:16:57.879 28247 28401 D StrictMode: 	at com.google.android.apps.gsa.binaries.velvet.app.apx.b(PG:93)
05-10 03:16:57.879 28247 28401 D StrictMode: 	at dagger.a.e.b(PG:1)
05-10 03:16:57.879 28247 28401 D StrictMode: 	at com.google.android.apps.gsa.binaries.velvet.app.apx.l(Unknown Source:4768)
05-10 03:16:57.879 28247 28401 D StrictMode: 	at com.google.android.apps.gsa.binaries.velvet.app.apx.b(PG:93)
05-10 03:16:57.879 28247 28401 D StrictMode: 	at dagger.a.e.b(PG:1)
05-10 03:16:57.879 28247 28401 D StrictMode: 	at com.google.android.apps.gsa.shared.d.b.v.c(PG:2)
05-10 03:16:57.879 28247 28401 D StrictMode: 	at com.google.android.apps.gsa.shared.d.b.e.run(PG:1)
05-10 03:16:57.879 28247 28401 D StrictMode: 	at java.util.concurrent.Executors$RunnableAdapter.call(Executors.java:463)
05-10 03:16:57.879 28247 28401 D StrictMode: 	at java.util.concurrent.FutureTask.run(FutureTask.java:264)
05-10 03:16:57.879 28247 28401 D StrictMode: 	at java.util.concurrent.ThreadPoolExecutor.runWorker(ThreadPoolExecutor.java:1137)
05-10 03:16:57.879 28247 28401 D StrictMode: 	at java.util.concurrent.ThreadPoolExecutor$Worker.run(ThreadPoolExecutor.java:637)
05-10 03:16:57.879 28247 28401 D StrictMode: 	at com.google.android.libraries.j.g.run(PG:2)
05-10 03:16:57.879 28247 28401 D StrictMode: 	at java.lang.Thread.run(Thread.java:1012)
05-10 03:16:57.879 28247 28401 D StrictMode: 	at com.google.android.libraries.j.ag.run(PG:5)
05-10 03:16:57.881 28247 28401 D StrictMode: StrictMode policy violation: android.os.strictmode.DiskReadViolation
05-10 03:16:57.881 28247 28401 D StrictMode: 	at android.os.StrictMode$AndroidBlockGuardPolicy.onReadFromDisk(StrictMode.java:1658)
05-10 03:16:57.881 28247 28401 D StrictMode: 	at libcore.io.BlockGuardOs.access(BlockGuardOs.java:74)
05-10 03:16:57.881 28247 28401 D StrictMode: 	at libcore.io.ForwardingOs.access(ForwardingOs.java:128)
05-10 03:16:57.881 28247 28401 D StrictMode: 	at android.app.ActivityThread$AndroidOs.access(ActivityThread.java:8610)
05-10 03:16:57.881 28247 28401 D StrictMode: 	at java.io.UnixFileSystem.checkAccess(UnixFileSystem.java:281)
05-10 03:16:57.881 28247 28401 D StrictMode: 	at java.io.File.exists(File.java:813)
05-10 03:16:57.881 28247 28401 D StrictMode: 	at android.app.ContextImpl.getDir(ContextImpl.java:3156)
05-10 03:16:57.881 28247 28401 D StrictMode: 	at android.content.ContextWrapper.getDir(ContextWrapper.java:356)
05-10 03:16:57.881 28247 28401 D StrictMode: 	at com.google.android.apps.gsa.search.core.i.af.g(PG:2)
05-10 03:16:57.881 28247 28401 D StrictMode: 	at com.google.android.apps.gsa.search.core.i.af.a(PG:2)
05-10 03:16:57.881 28247 28401 D StrictMode: 	at com.google.android.apps.gsa.search.core.i.ah.a(PG:2)
05-10 03:16:57.881 28247 28401 D StrictMode: 	at com.google.android.apps.gsa.binaries.velvet.app.apx.a(Unknown Source:13408)
05-10 03:16:57.881 28247 28401 D StrictMode: 	at com.google.android.apps.gsa.binaries.velvet.app.apx.b(PG:93)
05-10 03:16:57.881 28247 28401 D StrictMode: 	at dagger.a.d.b(PG:2)
05-10 03:16:57.881 28247 28401 D StrictMode: 	at com.google.android.apps.gsa.binaries.velvet.app.apx.a(Unknown Source:75)
05-10 03:16:57.881 28247 28401 D StrictMode: 	at com.google.android.apps.gsa.binaries.velvet.app.apx.b(PG:93)
05-10 03:16:57.881 28247 28401 D StrictMode: 	at dagger.a.e.b(PG:1)
05-10 03:16:57.881 28247 28401 D StrictMode: 	at com.google.android.apps.gsa.binaries.velvet.app.apx.a(Unknown Source:371)
05-10 03:16:57.881 28247 28401 D StrictMode: 	at com.google.android.apps.gsa.binaries.velvet.app.apx.b(PG:93)
05-10 03:16:57.881 28247 28401 D StrictMode: 	at dagger.a.e.b(PG:1)
05-10 03:16:57.881 28247 28401 D StrictMode: 	at dagger.a.d.b(PG:2)
05-10 03:16:57.881 28247 28401 D StrictMode: 	at com.google.android.apps.gsa.binaries.velvet.app.apy.bP(PG:3)
05-10 03:16:57.881 28247 28401 D StrictMode: 	at com.google.android.apps.gsa.binaries.velvet.app.apx.a(Unknown Source:1920)
05-10 03:16:57.881 28247 28401 D StrictMode: 	at com.google.android.apps.gsa.binaries.velvet.app.apx.b(PG:93)
05-10 03:16:57.881 28247 28401 D StrictMode: 	at dagger.a.e.b(PG:1)
05-10 03:16:57.881 28247 28401 D StrictMode: 	at dagger.a.d.b(PG:2)
05-10 03:16:57.881 28247 28401 D StrictMode: 	at com.google.android.apps.gsa.binaries.velvet.app.apx.l(Unknown Source:4675)
05-10 03:16:57.881 28247 28401 D StrictMode: 	at com.google.android.apps.gsa.binaries.velvet.app.apx.b(PG:93)
05-10 03:16:57.881 28247 28401 D StrictMode: 	at dagger.a.e.b(PG:1)
05-10 03:16:57.881 28247 28401 D StrictMode: 	at com.google.android.apps.gsa.binaries.velvet.app.apx.l(Unknown Source:4768)
05-10 03:16:57.881 28247 28401 D StrictMode: 	at com.google.android.apps.gsa.binaries.velvet.app.apx.b(PG:93)
05-10 03:16:57.881 28247 28401 D StrictMode: 	at dagger.a.e.b(PG:1)
05-10 03:16:57.881 28247 28401 D StrictMode: 	at com.google.android.apps.gsa.shared.d.b.v.c(PG:2)
05-10 03:16:57.881 28247 28401 D StrictMode: 	at com.google.android.apps.gsa.shared.d.b.e.run(PG:1)
05-10 03:16:57.881 28247 28401 D StrictMode: 	at java.util.concurrent.Executors$RunnableAdapter.call(Executors.java:463)
05-10 03:16:57.881 28247 28401 D StrictMode: 	at java.util.concurrent.FutureTask.run(FutureTask.java:264)
05-10 03:16:57.881 28247 28401 D StrictMode: 	at java.util.concurrent.ThreadPoolExecutor.runWorker(ThreadPoolExecutor.java:1137)
05-10 03:16:57.881 28247 28401 D StrictMode: 	at java.util.concurrent.ThreadPoolExecutor$Worker.run(ThreadPoolExecutor.java:637)
05-10 03:16:57.881 28247 28401 D StrictMode: 	at com.google.android.libraries.j.g.run(PG:2)
05-10 03:16:57.881 28247 28401 D StrictMode: 	at java.lang.Thread.run(Thread.java:1012)
05-10 03:16:57.881 28247 28401 D StrictMode: 	at com.google.android.libraries.j.ag.run(PG:5)
05-10 03:16:57.927  5679  8514 D PackageManager: setEnabledSetting : userId = 0 packageName = com.google.android.googlequicksearchbox cmp = androidx.work.impl.background.systemjob.SystemJobService newState = 1 callingPackage = 10233/com.google.android.googlequicksearchbox
05-10 03:16:57.930  5679  8514 D ApplicationPolicy: getApplicationStateEnabled : pkg = com.google.android.googlequicksearchbox userId : 0
05-10 03:16:57.960  5679  8514 D ApplicationPolicy: getApplicationComponentState : pkg = com.google.android.googlequicksearchbox userId : 0
05-10 03:16:57.988 28247 28401 D StrictMode: StrictMode policy violation: android.os.strictmode.DiskReadViolation
05-10 03:16:57.988 28247 28401 D StrictMode: 	at android.os.StrictMode$AndroidBlockGuardPolicy.onReadFromDisk(StrictMode.java:1658)
05-10 03:16:57.988 28247 28401 D StrictMode: 	at android.database.sqlite.SQLiteConnection.applyBlockGuardPolicy(SQLiteConnection.java:1673)
05-10 03:16:57.988 28247 28401 D StrictMode: 	at android.database.sqlite.SQLiteConnection.executeForCursorWindow(SQLiteConnection.java:1341)
05-10 03:16:57.988 28247 28401 D StrictMode: 	at android.database.sqlite.SQLiteSession.executeForCursorWindow(SQLiteSession.java:838)
05-10 03:16:57.988 28247 28401 D StrictMode: 	at android.database.sqlite.SQLiteQuery.fillWindow(SQLiteQuery.java:62)
05-10 03:16:57.988 28247 28401 D StrictMode: 	at android.database.sqlite.SQLiteCursor.fillWindow(SQLiteCursor.java:157)
05-10 03:16:57.988 28247 28401 D StrictMode: 	at android.database.sqlite.SQLiteCursor.getCount(SQLiteCursor.java:144)
05-10 03:16:57.988 28247 28401 D StrictMode: 	at android.database.AbstractCursor.moveToPosition(AbstractCursor.java:238)
05-10 03:16:57.988 28247 28401 D StrictMode: 	at android.database.AbstractCursor.moveToFirst(AbstractCursor.java:277)
05-10 03:16:57.988 28247 28401 D StrictMode: 	at com.android.server.enterprise.storage.EdmStorageProviderBase.getValues(EdmStorageProviderBase.java:393)
05-10 03:16:57.988 28247 28401 D StrictMode: 	at com.android.server.enterprise.storage.EdmStorageProviderBase.getValuesList(EdmStorageProviderBase.java:1130)
05-10 03:16:57.988 28247 28401 D StrictMode: 	at com.android.server.enterprise.storage.EdmStorageProvider.getValuesList(EdmStorageProvider.java:314)
05-10 03:16:57.988 28247 28401 D StrictMode: 	at com.android.server.enterprise.application.ApplicationPolicy.getContentValues(ApplicationPolicy.java:3855)
05-10 03:16:57.988 28247 28401 D StrictMode: 	at com.android.server.enterprise.application.ApplicationPolicy.getApplicationStateEnabledAsUser(ApplicationPolicy.java:3822)
05-10 03:16:57.988 28247 28401 D StrictMode: 	at com.android.server.enterprise.application.ApplicationPolicy.getApplicationStateEnabledAsUser(ApplicationPolicy.java:3764)
05-10 03:16:57.988 28247 28401 D StrictMode: 	at com.android.server.pm.PackageManagerService.isUpdateAllowedByMdm(PackageManagerService.java:4205)
05-10 03:16:57.988 28247 28401 D StrictMode: 	at com.android.server.pm.PackageManagerService.setEnabledSettings(PackageManagerService.java:4413)
05-10 03:16:57.988 28247 28401 D StrictMode: 	at com.android.server.pm.PackageManagerService.-$$Nest$msetEnabledSettings(Unknown Source:0)
05-10 03:16:57.988 28247 28401 D StrictMode: 	at com.android.server.pm.PackageManagerService$IPackageManagerImpl.setComponentEnabledSetting(PackageManagerService.java:6639)
05-10 03:16:57.988 28247 28401 D StrictMode: 	at android.content.pm.IPackageManager$Stub.onTransact(IPackageManager.java:3217)
05-10 03:16:57.988 28247 28401 D StrictMode: 	at com.android.server.pm.PackageManagerService$IPackageManagerImpl.onTransact(PackageManagerService.java:7022)
05-10 03:16:57.988 28247 28401 D StrictMode: 	at android.os.Binder.execTransactInternal(Binder.java:1316)
05-10 03:16:57.988 28247 28401 D StrictMode: 	at android.os.Binder.execTransact(Binder.java:1280)
05-10 03:16:57.988 28247 28401 D StrictMode: # via Binder call with stack:
05-10 03:16:57.988 28247 28401 D StrictMode: 	at android.os.StrictMode.readAndHandleBinderCallViolations(StrictMode.java:2496)
05-10 03:16:57.988 28247 28401 D StrictMode: 	at android.os.Parcel.readExceptionCode(Parcel.java:2968)
05-10 03:16:57.988 28247 28401 D StrictMode: 	at android.os.Parcel.readException(Parcel.java:2929)
05-10 03:16:57.988 28247 28401 D StrictMode: 	at android.content.pm.IPackageManager$Stub$Proxy.setComponentEnabledSetting(IPackageManager.java:6530)
05-10 03:16:57.988 28247 28401 D StrictMode: 	at android.app.ApplicationPackageManager.setComponentEnabledSetting(ApplicationPackageManager.java:3441)
05-10 03:16:57.988 28247 28401 D StrictMode: 	at androidx.work.impl.utils.p.a(PG:3)
05-10 03:16:57.988 28247 28401 D StrictMode: 	at androidx.work.impl.am.a(PG:5)
05-10 03:16:57.988 28247 28401 D StrictMode: 	at androidx.work.impl.al.j(PG:39)
05-10 03:16:57.988 28247 28401 D StrictMode: 	at androidx.work.impl.al.i(PG:8)
05-10 03:16:57.988 28247 28401 D StrictMode: 	at com.google.android.apps.gsa.binaries.velvet.app.apd.g(PG:146)
05-10 03:16:57.988 28247 28401 D StrictMode: 	at com.google.android.apps.gsa.binaries.velvet.app.apd.b(PG:217)
05-10 03:16:57.988 28247 28401 D StrictMode: 	at dagger.a.e.b(PG:1)
05-10 03:16:57.988 28247 28401 D StrictMode: 	at com.google.android.apps.gsa.binaries.velvet.app.apd.g(PG:145)
05-10 03:16:57.988 28247 28401 D StrictMode: 	at com.google.android.apps.gsa.binaries.velvet.app.apd.b(PG:217)
05-10 03:16:57.988 28247 28401 D StrictMode: 	at dagger.a.e.b(PG:1)
05-10 03:16:57.988 28247 28401 D StrictMode: 	at com.google.apps.tiktok.contrib.work.a.f.a(PG:1)
05-10 03:16:57.988 28247 28401 D StrictMode: 	at com.google.android.apps.gsa.binaries.velvet.app.apx.o(Unknown Source:3298)
05-10 03:16:57.988 28247 28401 D StrictMode: 	at com.google.android.apps.gsa.binaries.velvet.app.apx.b(PG:93)
05-10 03:16:57.988 28247 28401 D StrictMode: 	at dagger.a.e.b(PG:1)
05-10 03:16:57.988 28247 28401 D StrictMode: 	at com.google.android.apps.gsa.binaries.velvet.app.apx.o(Unknown Source:3313)
05-10 03:16:57.988 28247 28401 D StrictMode: 	at com.google.android.apps.gsa.binaries.velvet.app.apx.b(PG:93)
05-10 03:16:57.988 28247 28401 D StrictMode: 	at dagger.a.e.b(PG:1)
05-10 03:16:57.988 28247 28401 D StrictMode: 	at com.google.android.apps.gsa.binaries.velvet.app.apx.i(Unknown Source:5069)
05-10 03:16:57.988 28247 28401 D StrictMode: 	at com.google.android.apps.gsa.binaries.velvet.app.apx.b(PG:93)
05-10 03:16:57.988 28247 28401 D StrictMode: 	at dagger.a.e.b(PG:1)
05-10 03:16:57.988 28247 28401 D StrictMode: 	at com.google.android.apps.gsa.binaries.velvet.app.apx.a(Unknown Source:2028)
05-10 03:16:57.988 28247 28401 D StrictMode: 	at com.google.android.apps.gsa.binaries.velvet.app.apx.b(PG:93)
05-10 03:16:57.988 28247 28401 D StrictMode: 	at dagger.a.e.b(PG:1)
05-10 03:16:57.988 28247 28401 D StrictMode: 	at dagger.a.d.b(PG:2)
05-10 03:16:57.988 28247 28401 D StrictMode: 	at com.google.android.apps.gsa.binaries.velvet.app.apx.l(Unknown Source:4675)
05-10 03:16:57.988 28247 28401 D StrictMode: 	at com.google.android.apps.gsa.binaries.velvet.app.apx.b(PG:93)
05-10 03:16:57.988 28247 28401 D StrictMode: 	at dagger.a.e.b(PG:1)
05-10 03:16:57.988 28247 28401 D StrictMode: 	at com.google.android.apps.gsa.binaries.velvet.app.apx.l(Unknown Source:4768)
05-10 03:16:57.988 28247 28401 D StrictMode: 	at com.google.android.apps.gsa.binaries.velvet.app.apx.b(PG:93)
05-10 03:16:57.988 28247 28401 D StrictMode: 	at dagger.a.e.b(PG:1)
05-10 03:16:57.988 28247 28401 D StrictMode: 	at com.google.android.apps.gsa.shared.d.b.v.c(PG:2)
05-10 03:16:57.988 28247 28401 D StrictMode: 	at com.google.android.apps.gsa.shared.d.b.e.run(PG:1)
05-10 03:16:57.988 28247 28401 D StrictMode: 	at java.util.concurrent.Executors$RunnableAdapter.call(Executors.java:463)
05-10 03:16:57.988 28247 28401 D StrictMode: 	at java.util.concurrent.FutureTask.run(FutureTask.java:264)
05-10 03:16:57.988 28247 28401 D StrictMode: 	at java.util.concurrent.ThreadPoolExecutor.runWorker(ThreadPoolExecutor.java:1137)
05-10 03:16:57.988 28247 28401 D StrictMode: 	at java.util.concurrent.ThreadPoolExecutor$Worker.run(ThreadPoolExecutor.java:637)
05-10 03:16:57.988 28247 28401 D StrictMode: 	at com.google.android.libraries.j.g.run(PG:2)
05-10 03:16:57.988 28247 28401 D StrictMode: 	at java.lang.Thread.run(Thread.java:1012)
05-10 03:16:57.988 28247 28401 D StrictMode: 	at com.google.android.libraries.j.ag.run(PG:5)
05-10 03:16:57.991 28247 28401 D StrictMode: StrictMode policy violation: android.os.strictmode.DiskReadViolation
05-10 03:16:57.991 28247 28401 D StrictMode: 	at android.os.StrictMode$AndroidBlockGuardPolicy.onReadFromDisk(StrictMode.java:1658)
05-10 03:16:57.991 28247 28401 D StrictMode: 	at libcore.io.BlockGuardOs.stat(BlockGuardOs.java:419)
05-10 03:16:57.991 28247 28401 D StrictMode: 	at java.io.UnixFileSystem.getLength(UnixFileSystem.java:298)
05-10 03:16:57.991 28247 28401 D StrictMode: 	at java.io.File.length(File.java:968)
05-10 03:16:57.991 28247 28401 D StrictMode: 	at android.database.sqlite.SQLiteWalBackgroundCheckpoint.tryBackgroundCheckpoint(SQLiteWalBackgroundCheckpoint.java:48)
05-10 03:16:57.991 28247 28401 D StrictMode: 	at android.database.sqlite.SQLiteDatabase.tryWalBackgroundCheckpoint(SQLiteDatabase.java:4229)
05-10 03:16:57.991 28247 28401 D StrictMode: 	at android.database.sqlite.SQLiteQuery.fillWindow(SQLiteQuery.java:66)
05-10 03:16:57.991 28247 28401 D StrictMode: 	at android.database.sqlite.SQLiteCursor.fillWindow(SQLiteCursor.java:157)
05-10 03:16:57.991 28247 28401 D StrictMode: 	at android.database.sqlite.SQLiteCursor.getCount(SQLiteCursor.java:144)
05-10 03:16:57.991 28247 28401 D StrictMode: 	at android.database.AbstractCursor.moveToPosition(AbstractCursor.java:238)
05-10 03:16:57.991 28247 28401 D StrictMode: 	at android.database.AbstractCursor.moveToFirst(AbstractCursor.java:277)
05-10 03:16:57.991 28247 28401 D StrictMode: 	at com.android.server.enterprise.storage.EdmStorageProviderBase.getValues(EdmStorageProviderBase.java:393)
05-10 03:16:57.991 28247 28401 D StrictMode: 	at com.android.server.enterprise.storage.EdmStorageProviderBase.getValuesList(EdmStorageProviderBase.java:1130)
05-10 03:16:57.991 28247 28401 D StrictMode: 	at com.android.server.enterprise.storage.EdmStorageProvider.getValuesList(EdmStorageProvider.java:314)
05-10 03:16:57.991 28247 28401 D StrictMode: 	at com.android.server.enterprise.application.ApplicationPolicy.getContentValues(ApplicationPolicy.java:3855)
05-10 03:16:57.991 28247 28401 D StrictMode: 	at com.android.server.enterprise.application.ApplicationPolicy.getApplicationStateEnabledAsUser(ApplicationPolicy.java:3822)
05-10 03:16:57.991 28247 28401 D StrictMode: 	at com.android.server.enterprise.application.ApplicationPolicy.getApplicationStateEnabledAsUser(ApplicationPolicy.java:3764)
05-10 03:16:57.991 28247 28401 D StrictMode: 	at com.android.server.pm.PackageManagerService.isUpdateAllowedByMdm(PackageManagerService.java:4205)
05-10 03:16:57.991 28247 28401 D StrictMode: 	at com.android.server.pm.PackageManagerService.setEnabledSettings(PackageManagerService.java:4413)
05-10 03:16:57.991 28247 28401 D StrictMode: 	at com.android.server.pm.PackageManagerService.-$$Nest$msetEnabledSettings(Unknown Source:0)
05-10 03:16:57.991 28247 28401 D StrictMode: 	at com.android.server.pm.PackageManagerService$IPackageManagerImpl.setComponentEnabledSetting(PackageManagerService.java:6639)
05-10 03:16:57.991 28247 28401 D StrictMode: 	at android.content.pm.IPackageManager$Stub.onTransact(IPackageManager.java:3217)
05-10 03:16:57.991 28247 28401 D StrictMode: 	at com.android.server.pm.PackageManagerService$IPackageManagerImpl.onTransact(PackageManagerService.java:7022)
05-10 03:16:57.991 28247 28401 D StrictMode: 	at android.os.Binder.execTransactInternal(Binder.java:1316)
05-10 03:16:57.991 28247 28401 D StrictMode: 	at android.os.Binder.execTransact(Binder.java:1280)
05-10 03:16:57.991 28247 28401 D StrictMode: # via Binder call with stack:
05-10 03:16:57.991 28247 28401 D StrictMode: 	at android.os.StrictMode.readAndHandleBinderCallViolations(StrictMode.java:2496)
05-10 03:16:57.991 28247 28401 D StrictMode: 	at android.os.Parcel.readExceptionCode(Parcel.java:2968)
05-10 03:16:57.991 28247 28401 D StrictMode: 	at android.os.Parcel.readException(Parcel.java:2929)
05-10 03:16:57.991 28247 28401 D StrictMode: 	at android.content.pm.IPackageManager$Stub$Proxy.setComponentEnabledSetting(IPackageManager.java:6530)
05-10 03:16:57.991 28247 28401 D StrictMode: 	at android.app.ApplicationPackageManager.setComponentEnabledSetting(ApplicationPackageManager.java:3441)
05-10 03:16:57.991 28247 28401 D StrictMode: 	at androidx.work.impl.utils.p.a(PG:3)
05-10 03:16:57.991 28247 28401 D StrictMode: 	at androidx.work.impl.am.a(PG:5)
05-10 03:16:57.991 28247 28401 D StrictMode: 	at androidx.work.impl.al.j(PG:39)
05-10 03:16:57.991 28247 28401 D StrictMode: 	at androidx.work.impl.al.i(PG:8)
05-10 03:16:57.991 28247 28401 D StrictMode: 	at com.google.android.apps.gsa.binaries.velvet.app.apd.g(PG:146)
05-10 03:16:57.991 28247 28401 D StrictMode: 	at com.google.android.apps.gsa.binaries.velvet.app.apd.b(PG:217)
05-10 03:16:57.991 28247 28401 D StrictMode: 	at dagger.a.e.b(PG:1)
05-10 03:16:57.991 28247 28401 D StrictMode: 	at com.google.android.apps.gsa.binaries.velvet.app.apd.g(PG:145)
05-10 03:16:57.991 28247 28401 D StrictMode: 	at com.google.android.apps.gsa.binaries.velvet.app.apd.b(PG:217)
05-10 03:16:57.991 28247 28401 D StrictMode: 	at dagger.a.e.b(PG:1)
05-10 03:16:57.991 28247 28401 D StrictMode: 	at com.google.apps.tiktok.contrib.work.a.f.a(PG:1)
05-10 03:16:57.991 28247 28401 D StrictMode: 	at com.google.android.apps.gsa.binaries.velvet.app.apx.o(Unknown Source:3298)
05-10 03:16:57.991 28247 28401 D StrictMode: 	at com.google.android.apps.gsa.binaries.velvet.app.apx.b(PG:93)
05-10 03:16:57.991 28247 28401 D StrictMode: 	at dagger.a.e.b(PG:1)
05-10 03:16:57.991 28247 28401 D StrictMode: 	at com.google.android.apps.gsa.binaries.velvet.app.apx.o(Unknown Source:3313)
05-10 03:16:57.991 28247 28401 D StrictMode: 	at com.google.android.apps.gsa.binaries.velvet.app.apx.b(PG:93)
05-10 03:16:57.991 28247 28401 D StrictMode: 	at dagger.a.e.b(PG:1)
05-10 03:16:57.991 28247 28401 D StrictMode: 	at com.google.android.apps.gsa.binaries.velvet.app.apx.i(Unknown Source:5069)
05-10 03:16:57.991 28247 28401 D StrictMode: 	at com.google.android.apps.gsa.binaries.velvet.app.apx.b(PG:93)
05-10 03:16:57.991 28247 28401 D StrictMode: 	at dagger.a.e.b(PG:1)
05-10 03:16:57.991 28247 28401 D StrictMode: 	at com.google.android.apps.gsa.binaries.velvet.app.apx.a(Unknown Source:2028)
05-10 03:16:57.991 28247 28401 D StrictMode: 	at com.google.android.apps.gsa.binaries.velvet.app.apx.b(PG:93)
05-10 03:16:57.991 28247 28401 D StrictMode: 	at dagger.a.e.b(PG:1)
05-10 03:16:57.991 28247 28401 D StrictMode: 	at dagger.a.d.b(PG:2)
05-10 03:16:57.991 28247 28401 D StrictMode: 	at com.google.android.apps.gsa.binaries.velvet.app.apx.l(Unknown Source:4675)
05-10 03:16:57.991 28247 28401 D StrictMode: 	at com.google.android.apps.gsa.binaries.velvet.app.apx.b(PG:93)
05-10 03:16:57.991 28247 28401 D StrictMode: 	at dagger.a.e.b(PG:1)
05-10 03:16:57.991 28247 28401 D StrictMode: 	at com.google.android.apps.gsa.binaries.velvet.app.apx.l(Unknown Source:4768)
05-10 03:16:57.991 28247 28401 D StrictMode: 	at com.google.android.apps.gsa.binaries.velvet.app.apx.b(PG:93)
05-10 03:16:57.991 28247 28401 D StrictMode: 	at dagger.a.e.b(PG:1)
05-10 03:16:57.991 28247 28401 D StrictMode: 	at com.google.android.apps.gsa.shared.d.b.v.c(PG:2)
05-10 03:16:57.991 28247 28401 D StrictMode: 	at com.google.android.apps.gsa.shared.d.b.e.run(PG:1)
05-10 03:16:57.991 28247 28401 D StrictMode: 	at java.util.concurrent.Executors$RunnableAdapter.call(Executors.java:463)
05-10 03:16:57.991 28247 28401 D StrictMode: 	at java.util.concurrent.FutureTask.run(FutureTask.java:264)
05-10 03:16:57.991 28247 28401 D StrictMode: 	at java.util.concurrent.ThreadPoolExecutor.runWorker(ThreadPoolExecutor.java:1137)
05-10 03:16:57.991 28247 28401 D StrictMode: 	at java.util.concurrent.ThreadPoolExecutor$Worker.run(ThreadPoolExecutor.java:637)
05-10 03:16:57.991 28247 28401 D StrictMode: 	at com.google.android.libraries.j.g.run(PG:2)
05-10 03:16:57.991 28247 28401 D StrictMode: 	at java.lang.Thread.run(Thread.java:1012)
05-10 03:16:57.991 28247 28401 D StrictMode: 	at com.google.android.libraries.j.ag.run(PG:5)
05-10 03:16:57.994 28247 28401 D StrictMode: StrictMode policy violation: android.os.strictmode.DiskReadViolation
05-10 03:16:57.994 28247 28401 D StrictMode: 	at android.os.StrictMode$AndroidBlockGuardPolicy.onReadFromDisk(StrictMode.java:1658)
05-10 03:16:57.994 28247 28401 D StrictMode: 	at android.database.sqlite.SQLiteConnection.applyBlockGuardPolicy(SQLiteConnection.java:1673)
05-10 03:16:57.994 28247 28401 D StrictMode: 	at android.database.sqlite.SQLiteConnection.executeForCursorWindow(SQLiteConnection.java:1341)
05-10 03:16:57.994 28247 28401 D StrictMode: 	at android.database.sqlite.SQLiteSession.executeForCursorWindow(SQLiteSession.java:838)
05-10 03:16:57.994 28247 28401 D StrictMode: 	at android.database.sqlite.SQLiteQuery.fillWindow(SQLiteQuery.java:62)
05-10 03:16:57.994 28247 28401 D StrictMode: 	at android.database.sqlite.SQLiteCursor.fillWindow(SQLiteCursor.java:157)
05-10 03:16:57.994 28247 28401 D StrictMode: 	at android.database.sqlite.SQLiteCursor.getCount(SQLiteCursor.java:144)
05-10 03:16:57.994 28247 28401 D StrictMode: 	at android.database.AbstractCursor.moveToPosition(AbstractCursor.java:238)
05-10 03:16:57.994 28247 28401 D StrictMode: 	at android.database.AbstractCursor.moveToFirst(AbstractCursor.java:277)
05-10 03:16:57.994 28247 28401 D StrictMode: 	at com.android.server.enterprise.storage.EdmStorageProviderBase.getValues(EdmStorageProviderBase.java:393)
05-10 03:16:57.994 28247 28401 D StrictMode: 	at com.android.server.enterprise.storage.EdmStorageProviderBase.getValuesList(EdmStorageProviderBase.java:1130)
05-10 03:16:57.994 28247 28401 D StrictMode: 	at com.android.server.enterprise.storage.EdmStorageProvider.getValuesList(EdmStorageProvider.java:314)
05-10 03:16:57.994 28247 28401 D StrictMode: 	at com.android.server.enterprise.application.ApplicationPolicy.getContentValues(ApplicationPolicy.java:3855)
05-10 03:16:57.994 28247 28401 D StrictMode: 	at com.android.server.enterprise.application.ApplicationPolicy.getApplicationComponentState(ApplicationPolicy.java:3286)
05-10 03:16:57.994 28247 28401 D StrictMode: 	at com.android.server.enterprise.application.ApplicationPolicy.getApplicationComponentState(ApplicationPolicy.java:3265)
05-10 03:16:57.994 28247 28401 D StrictMode: 	at com.android.server.pm.PackageManagerService.isUpdateAllowedByMdm(PackageManagerService.java:4213)
05-10 03:16:57.994 28247 28401 D StrictMode: 	at com.android.server.pm.PackageManagerService.setEnabledSettings(PackageManagerService.java:4413)
05-10 03:16:57.994 28247 28401 D StrictMode: 	at com.android.server.pm.PackageManagerService.-$$Nest$msetEnabledSettings(Unknown Source:0)
05-10 03:16:57.994 28247 28401 D StrictMode: 	at com.android.server.pm.PackageManagerService$IPackageManagerImpl.setComponentEnabledSetting(PackageManagerService.java:6639)
05-10 03:16:57.994 28247 28401 D StrictMode: 	at android.content.pm.IPackageManager$Stub.onTransact(IPackageManager.java:3217)
05-10 03:16:57.994 28247 28401 D StrictMode: 	at com.android.server.pm.PackageManagerService$IPackageManagerImpl.onTransact(PackageManagerService.java:7022)
05-10 03:16:57.994 28247 28401 D StrictMode: 	at android.os.Binder.execTransactInternal(Binder.java:1316)
05-10 03:16:57.994 28247 28401 D StrictMode: 	at android.os.Binder.execTransact(Binder.java:1280)
05-10 03:16:57.994 28247 28401 D StrictMode: # via Binder call with stack:
05-10 03:16:57.994 28247 28401 D StrictMode: 	at android.os.StrictMode.readAndHandleBinderCallViolations(StrictMode.java:2496)
05-10 03:16:57.994 28247 28401 D StrictMode: 	at android.os.Parcel.readExceptionCode(Parcel.java:2968)
05-10 03:16:57.994 28247 28401 D StrictMode: 	at android.os.Parcel.readException(Parcel.java:2929)
05-10 03:16:57.994 28247 28401 D StrictMode: 	at android.content.pm.IPackageManager$Stub$Proxy.setComponentEnabledSetting(IPackageManager.java:6530)
05-10 03:16:57.994 28247 28401 D StrictMode: 	at android.app.ApplicationPackageManager.setComponentEnabledSetting(ApplicationPackageManager.java:3441)
05-10 03:16:57.994 28247 28401 D StrictMode: 	at androidx.work.impl.utils.p.a(PG:3)
05-10 03:16:57.994 28247 28401 D StrictMode: 	at androidx.work.impl.am.a(PG:5)
05-10 03:16:57.994 28247 28401 D StrictMode: 	at androidx.work.impl.al.j(PG:39)
05-10 03:16:57.994 28247 28401 D StrictMode: 	at androidx.work.impl.al.i(PG:8)
05-10 03:16:57.994 28247 28401 D StrictMode: 	at com.google.android.apps.gsa.binaries.velvet.app.apd.g(PG:146)
05-10 03:16:57.994 28247 28401 D StrictMode: 	at com.google.android.apps.gsa.binaries.velvet.app.apd.b(PG:217)
05-10 03:16:57.994 28247 28401 D StrictMode: 	at dagger.a.e.b(PG:1)
05-10 03:16:57.994 28247 28401 D StrictMode: 	at com.google.android.apps.gsa.binaries.velvet.app.apd.g(PG:145)
05-10 03:16:57.994 28247 28401 D StrictMode: 	at com.google.android.apps.gsa.binaries.velvet.app.apd.b(PG:217)
05-10 03:16:57.994 28247 28401 D StrictMode: 	at dagger.a.e.b(PG:1)
05-10 03:16:57.994 28247 28401 D StrictMode: 	at com.google.apps.tiktok.contrib.work.a.f.a(PG:1)
05-10 03:16:57.994 28247 28401 D StrictMode: 	at com.google.android.apps.gsa.binaries.velvet.app.apx.o(Unknown Source:3298)
05-10 03:16:57.994 28247 28401 D StrictMode: 	at com.google.android.apps.gsa.binaries.velvet.app.apx.b(PG:93)
05-10 03:16:57.994 28247 28401 D StrictMode: 	at dagger.a.e.b(PG:1)
05-10 03:16:57.994 28247 28401 D StrictMode: 	at com.google.android.apps.gsa.binaries.velvet.app.apx.o(Unknown Source:3313)
05-10 03:16:57.994 28247 28401 D StrictMode: 	at com.google.android.apps.gsa.binaries.velvet.app.apx.b(PG:93)
05-10 03:16:57.994 28247 28401 D StrictMode: 	at dagger.a.e.b(PG:1)
05-10 03:16:57.994 28247 28401 D StrictMode: 	at com.google.android.apps.gsa.binaries.velvet.app.apx.i(Unknown Source:5069)
05-10 03:16:57.994 28247 28401 D StrictMode: 	at com.google.android.apps.gsa.binaries.velvet.app.apx.b(PG:93)
05-10 03:16:57.994 28247 28401 D StrictMode: 	at dagger.a.e.b(PG:1)
05-10 03:16:57.994 28247 28401 D StrictMode: 	at com.google.android.apps.gsa.binaries.velvet.app.apx.a(Unknown Source:2028)
05-10 03:16:57.994 28247 28401 D StrictMode: 	at com.google.android.apps.gsa.binaries.velvet.app.apx.b(PG:93)
05-10 03:16:57.994 28247 28401 D StrictMode: 	at dagger.a.e.b(PG:1)
05-10 03:16:57.994 28247 28401 D StrictMode: 	at dagger.a.d.b(PG:2)
05-10 03:16:57.994 28247 28401 D StrictMode: 	at com.google.android.apps.gsa.binaries.velvet.app.apx.l(Unknown Source:4675)
05-10 03:16:57.994 28247 28401 D StrictMode: 	at com.google.android.apps.gsa.binaries.velvet.app.apx.b(PG:93)
05-10 03:16:57.994 28247 28401 D StrictMode: 	at dagger.a.e.b(PG:1)
05-10 03:16:57.994 28247 28401 D StrictMode: 	at com.google.android.apps.gsa.binaries.velvet.app.apx.l(Unknown Source:4768)
05-10 03:16:57.994 28247 28401 D StrictMode: 	at com.google.android.apps.gsa.binaries.velvet.app.apx.b(PG:93)
05-10 03:16:57.994 28247 28401 D StrictMode: 	at dagger.a.e.b(PG:1)
05-10 03:16:57.994 28247 28401 D StrictMode: 	at com.google.android.apps.gsa.shared.d.b.v.c(PG:2)
05-10 03:16:57.994 28247 28401 D StrictMode: 	at com.google.android.apps.gsa.shared.d.b.e.run(PG:1)
05-10 03:16:57.994 28247 28401 D StrictMode: 	at java.util.concurrent.Executors$RunnableAdapter.call(Executors.java:463)
05-10 03:16:57.994 28247 28401 D StrictMode: 	at java.util.concurrent.FutureTask.run(FutureTask.java:264)
05-10 03:16:57.994 28247 28401 D StrictMode: 	at java.util.concurrent.ThreadPoolExecutor.runWorker(ThreadPoolExecutor.java:1137)
05-10 03:16:57.994 28247 28401 D StrictMode: 	at java.util.concurrent.ThreadPoolExecutor$Worker.run(ThreadPoolExecutor.java:637)
05-10 03:16:57.994 28247 28401 D StrictMode: 	at com.google.android.libraries.j.g.run(PG:2)
05-10 03:16:57.994 28247 28401 D StrictMode: 	at java.lang.Thread.run(Thread.java:1012)
05-10 03:16:57.994 28247 28401 D StrictMode: 	at com.google.android.libraries.j.ag.run(PG:5)
05-10 03:16:57.994 28247 28401 D WM-PackageManagerHelper: androidx.work.impl.background.systemjob.SystemJobService enabled
05-10 03:16:57.994 28247 28401 D WM-Schedulers: Created SystemJobScheduler and enabled SystemJobService
05-10 03:16:58.010 28247 28401 I Search.LoginHelperImpl: Getting accounts.
05-10 03:16:58.078  5679  6287 D NetdEventListenerService: DNS Requested by : 112, 10053
05-10 03:16:58.152 28247 28255 W earchbox:search: Suspending all threads took: 7.259ms
05-10 03:16:58.175 28247 28284 D CompatibilityChangeReporter: Compat change id reported: 160794467; UID 10233; state: ENABLED
05-10 03:16:58.176 28247 28283 D CompatibilityChangeReporter: Compat change id reported: 183155436; UID 10233; state: ENABLED
05-10 03:16:58.206 28247 28284 D CompatibilityChangeReporter: Compat change id reported: 194532703; UID 10233; state: ENABLED
05-10 03:16:58.221 30196 30196 D BoundBrokerSvc: onBind: Intent { act=com.google.android.gms.facs.cache.service.START pkg=com.google.android.gms }
05-10 03:16:58.221 30196 30196 D BoundBrokerSvc: Loading bound service for intent: Intent { act=com.google.android.gms.facs.cache.service.START pkg=com.google.android.gms }
05-10 03:16:58.248 30196 32238 I FacsCacheGmsModule: Receiving API connection to FACS API from package 'com.google.android.googlequicksearchbox'...
05-10 03:16:58.273 30196 32238 I FacsCacheGmsModule: API connection successful!
05-10 03:16:58.278  5679  5748 W libprocessgroup: Failed to open /dev/blkio//cgroup.procs: No such file or directory
05-10 03:16:58.279  5679  5748 W libprocessgroup: Failed to open /dev/blkio//cgroup.procs: No such file or directory
05-10 03:16:58.281 30196 32238 I FacsCacheGmsModule: Receiving API connection to FACS API from package 'com.google.android.googlequicksearchbox'...
05-10 03:16:58.283 16258 16258 D BoundBrokerSvc: onBind: Intent { act=com.google.android.gms.facs.internal.service.START dat=chimera-action:/... cmp=com.google.android.gms/.chimera.GmsInternalApiService }
05-10 03:16:58.284 30196 32238 I FacsCacheGmsModule: API connection successful!
05-10 03:16:58.284 16258 16258 D BoundBrokerSvc: Loading bound service for intent: Intent { act=com.google.android.gms.facs.internal.service.START dat=chimera-action:/... cmp=com.google.android.gms/.chimera.GmsInternalApiService }
05-10 03:16:58.315 16258 21159 I FacsCacheGmsModule: Receiving API connection to internal FACS API...
05-10 03:16:58.357 28247 28283 D SemCarrierFeature: update default carrier features
05-10 03:16:58.359 28247 28283 D FeatureUtil: filePath /optics/configs/carriers/single/SER/conf/system/customer_carrier_feature.json carrierGroup SER canonicalId -1
05-10 03:16:58.368 28247 28283 D FeatureUtil: filePath /omr/carrier/0/customer_carrier_feature.json carrierGroup SER canonicalId -1
05-10 03:16:58.372 28247 28283 D SemCarrierFeature: update carrier features : 0/1016
05-10 03:16:58.372 28247 28283 D FeatureUtil: filePath /optics/configs/carriers/single/SER/conf/system/customer_carrier_feature.json carrierGroup SER canonicalId 1016
05-10 03:16:58.374 28247 28283 D FeatureUtil: filePath /omr/carrier/0/customer_carrier_feature.json carrierGroup SER canonicalId 1016
05-10 03:16:58.376 28247 28283 D SemCarrierFeature: update default carrier features
05-10 03:16:58.377 28247 28283 D FeatureUtil: filePath /optics/configs/carriers/single/SER/conf/system/customer_carrier_feature.json carrierGroup SER canonicalId -1
05-10 03:16:58.379 28247 28283 D FeatureUtil: filePath /omr/carrier/1/customer_carrier_feature.json carrierGroup SER canonicalId -1
05-10 03:16:58.383 28247 28283 D SemCarrierFeature: update carrier features : 1/30581
05-10 03:16:58.383 28247 28283 D FeatureUtil: filePath /optics/configs/carriers/single/SER/conf/system/customer_carrier_feature.json carrierGroup SER canonicalId 30581
05-10 03:16:58.386 28247 28283 D FeatureUtil: filePath /omr/carrier/1/customer_carrier_feature.json carrierGroup SER canonicalId 30581
05-10 03:16:58.431 28247 28283 I A       : (REDACTED) Assistant special experience changed to %s.
05-10 03:16:58.444  5679  5748 W libprocessgroup: Failed to open /dev/blkio//cgroup.procs: No such file or directory
05-10 03:16:58.469 30196 30196 I AlarmManager: set [name: CloudSync type: 2 triggerAtMillis: 250623378 windowMillis: 251223378 intervalMillis: 0]
05-10 03:16:58.502 16258 21159 I FacsCacheGmsModule: API connection successful!
05-10 03:16:58.504 16258 21159 I FacsCacheGmsModule: Receiving API connection to internal FACS API...
05-10 03:16:58.506 16258 21159 I FacsCacheGmsModule: API connection successful!
05-10 03:16:58.520 30196 28331 I AlarmManager: setExactAndAllowWhileIdle [name: GCM_HB_ALARM type: 2 triggerAtMillis: 250793431]
05-10 03:16:58.623  5679  7439 D SemWifiUsabilityStatsMonitor: onWifiUsabilityStats - seqNum 11570, isSameBssidAndFreq true
05-10 03:16:58.625  5679  6237 I SemWifiLinkQualityMonitor: Link Qos Query: 0.022 ms / 360.833 Mbps (433 / 0.000 / 1.200)
05-10 03:16:59.174 28247 28282 I FedAssExpListener: Initializing fed-ass flags.
05-10 03:16:59.183 28247 28285 I OpaEligibilityChecker: send OpaEligibilityChange broadcast to CommonBroadcastReceiver
05-10 03:16:59.194  5679  5699 D PackageManager: setEnabledSetting : userId = 0 packageName = com.google.android.googlequicksearchbox cmp = com.google.android.apps.gsa.staticplugins.opa.EnterOpaActivityFromDeeplink newState = 1 callingPackage = 10233/com.google.android.googlequicksearchbox
05-10 03:16:59.194  5679  5748 W libprocessgroup: Failed to open /dev/blkio//cgroup.procs: No such file or directory
05-10 03:16:59.195  5679  5699 D ApplicationPolicy: getApplicationStateEnabled : pkg = com.google.android.googlequicksearchbox userId : 0
05-10 03:16:59.196 28247 28282 I A       : (REDACTED) Get policy config URI for group: %s
05-10 03:16:59.197  5679  5699 D ApplicationPolicy: getApplicationComponentState : pkg = com.google.android.googlequicksearchbox userId : 0
