04-27 20:25:22.996  1865  1865 W ziparchive: Unable to open '/data/app/~~XgcWeQ2hbc1UXoEBdNZPFw==/ru.yandex.searchplugin-wT7jwe4TGZEB69h3TkIIcw==/split_config.en.dm': No such file or directory
04-27 20:25:22.996  1865  1865 W ziparchive: Unable to open '/data/app/~~XgcWeQ2hbc1UXoEBdNZPFw==/ru.yandex.searchplugin-wT7jwe4TGZEB69h3TkIIcw==/split_config.en.dm': No such file or directory
04-27 20:25:22.997  1865  1865 W hplugin:Metrica: Entry not found
04-27 20:25:22.999  1865  1865 W ziparchive: Unable to open '/data/app/~~XgcWeQ2hbc1UXoEBdNZPFw==/ru.yandex.searchplugin-wT7jwe4TGZEB69h3TkIIcw==/split_config.ru.dm': No such file or directory
04-27 20:25:22.999  1865  1865 W ziparchive: Unable to open '/data/app/~~XgcWeQ2hbc1UXoEBdNZPFw==/ru.yandex.searchplugin-wT7jwe4TGZEB69h3TkIIcw==/split_config.ru.dm': No such file or directory
04-27 20:25:23.000  1865  1865 W hplugin:Metrica: Entry not found
04-27 20:25:23.000  1780  1850 I AppMetrica: Activate reporter with APIKey 478cb909-xxxx-xxxx-xxxx-xxxxxxxx9f93
04-27 20:25:23.001  1865  1865 W ziparchive: Unable to open '/data/app/~~XgcWeQ2hbc1UXoEBdNZPFw==/ru.yandex.searchplugin-wT7jwe4TGZEB69h3TkIIcw==/split_config.xxhdpi.dm': No such file or directory
04-27 20:25:23.001  1865  1865 W ziparchive: Unable to open '/data/app/~~XgcWeQ2hbc1UXoEBdNZPFw==/ru.yandex.searchplugin-wT7jwe4TGZEB69h3TkIIcw==/split_config.xxhdpi.dm': No such file or directory
04-27 20:25:23.002  1865  1865 W hplugin:Metrica: Entry not found
04-27 20:25:23.008  1865  1865 D nativeloader: Configuring classloader-namespace for other apk /data/app/~~XgcWeQ2hbc1UXoEBdNZPFw==/ru.yandex.searchplugin-wT7jwe4TGZEB69h3TkIIcw==/base.apk:/data/app/~~XgcWeQ2hbc1UXoEBdNZPFw==/ru.yandex.searchplugin-wT7jwe4TGZEB69h3TkIIcw==/split_config.en.apk:/data/app/~~XgcWeQ2hbc1UXoEBdNZPFw==/ru.yandex.searchplugin-wT7jwe4TGZEB69h3TkIIcw==/split_config.ru.apk:/data/app/~~XgcWeQ2hbc1UXoEBdNZPFw==/ru.yandex.searchplugin-wT7jwe4TGZEB69h3TkIIcw==/split_config.xxhdpi.apk. target_sdk_version=33, uses_libraries=, library_path=/data/app/~~XgcWeQ2hbc1UXoEBdNZPFw==/ru.yandex.searchplugin-wT7jwe4TGZEB69h3TkIIcw==/lib/arm64:/data/app/~~XgcWeQ2hbc1UXoEBdNZPFw==/ru.yandex.searchplugin-wT7jwe4TGZEB69h3TkIIcw==/base.apk!/lib/arm64-v8a:/data/app/~~XgcWeQ2hbc1UXoEBdNZPFw==/ru.yandex.searchplugin-wT7jwe4TGZEB69h3TkIIcw==/split_config.en.apk!/lib/arm64-v8a:/data/app/~~XgcWeQ2hbc1UXoEBdNZPFw==/ru.yandex.searchplugin-wT7jwe4TGZEB69h3TkIIcw==/split_config.ru.apk!/lib/arm64-v8a:/data/app/~~XgcWeQ2hbc1UXoEBdNZPFw==/ru.yandex.searchplugin-wT7j
04-27 20:25:23.019  1865  1865 W hplugin:Metrica: JIT profile information will not be recorded: profile file does not exist.
04-27 20:25:23.019  1865  1865 W hplugin:Metrica: JIT profile information will not be recorded: profile file does not exist.
04-27 20:25:23.019  1865  1865 W hplugin:Metrica: JIT profile information will not be recorded: profile file does not exist.
04-27 20:25:23.043  5429  8531 D PackageManager: setEnabledSetting : userId = 0 packageName = ru.yandex.searchplugin cmp = com.yandex.browser.InstallReceiver newState = 0 callingPackage = 10222/ru.yandex.searchplugin
04-27 20:25:23.044  5429  8531 D ApplicationPolicy: getApplicationStateEnabled : pkg = ru.yandex.searchplugin userId : 0
04-27 20:25:23.045  5429  8531 D ApplicationPolicy: getApplicationComponentState : pkg = ru.yandex.searchplugin userId : 0
04-27 20:25:23.062  1865  1865 V GraphicsEnvironment: ANGLE Developer option for 'ru.yandex.searchplugin' set to: 'default'
04-27 20:25:23.064  1865  1865 V GraphicsEnvironment: ANGLE GameManagerService for ru.yandex.searchplugin: false
04-27 20:25:23.064  1865  1865 V GraphicsEnvironment: Neither updatable production driver nor prerelease driver is supported.
04-27 20:25:23.077  1865  1865 D NetworkSecurityConfig: Using Network Security Config from resource network_security_config_mobileyandex debugBuild: false
04-27 20:25:23.081  1865  1865 D NetworkSecurityConfig: Using Network Security Config from resource network_security_config_mobileyandex debugBuild: false
04-27 20:25:23.086  5429  5488 W libprocessgroup: Failed to open /dev/blkio//cgroup.procs: No such file or directory
04-27 20:25:23.087  5429  5488 W libprocessgroup: Failed to open /dev/blkio//cgroup.procs: No such file or directory
04-27 20:25:23.088  5429  5488 W libprocessgroup: Failed to open /dev/blkio//cgroup.procs: No such file or directory
04-27 20:25:23.088  1780  1780 D [SL:NotifConnReceiver]: Connectivity change
04-27 20:25:23.089  1780  1780 D [SL:NotifConnReceiver]: Connectivity change
04-27 20:25:23.091  5429  5488 W libprocessgroup: Failed to open /dev/blkio//cgroup.procs: No such file or directory
04-27 20:25:23.092  5429  5488 W libprocessgroup: Failed to open /dev/blkio//cgroup.procs: No such file or directory
04-27 20:25:23.094  5429  5488 W libprocessgroup: Failed to open /dev/blkio//cgroup.procs: No such file or directory
04-27 20:25:23.095  5429  7446 D ConnectivityService: Returning UNBLOCKED NetworkInfo to uid=10222
04-27 20:25:23.100  5429  5751 D NetdEventListenerService: DNS Requested by : 108, 10222
04-27 20:25:23.104  1780  1904 D TrafficStats: tagSocket(94) with statsTag=0xffffffff, statsUid=-1
04-27 20:25:23.104  5429  5751 D NetdEventListenerService: DNS Requested by : 108, 10233
04-27 20:25:23.119 22494  1796 D TrafficStats: tagSocket(259) with statsTag=0x0, statsUid=-1
04-27 20:25:23.129  5878  5878 I FaceWidgetPositionAlgorithm: getClockContainerHeight() supplier = 270, bottom margin = 0, real height = 333
04-27 20:25:23.129  5878  5878 I FaceWidgetPositionAlgorithm: getClockContainerHeight() supplier = 270, bottom margin = 63, real height = 333
04-27 20:25:23.131  5878  5878 I FaceWidgetPositionAlgorithm: getMediaContainerHeight() height = 0 container Visibility = 8, isValid = false, mIsDozing = false, fraction = 1.0, source = 0, target = 0
04-27 20:25:23.131  5878  5878 I FaceWidgetPositionAlgorithm: getMediaContainerHeight() supplier = 0
04-27 20:25:23.134  1780  1905 D TrafficStats: tagSocket(93) with statsTag=0xffffffff, statsUid=-1
04-27 20:25:23.138  5429  5751 D NetdEventListenerService: DNS Requested by : 108, 10222
04-27 20:25:23.141 22494 22657 I DPContextParams: Building Device Properties.
04-27 20:25:23.184  5878  5878 I FaceWidgetPositionAlgorithm: getClockContainerHeight() supplier = 270, bottom margin = 0, real height = 333
04-27 20:25:23.185  5878  5878 I FaceWidgetPositionAlgorithm: getClockContainerHeight() supplier = 270, bottom margin = 63, real height = 333
04-27 20:25:23.185  5878  5878 I FaceWidgetPositionAlgorithm: getMediaContainerHeight() height = 0 container Visibility = 8, isValid = false, mIsDozing = false, fraction = 1.0, source = 0, target = 0
04-27 20:25:23.185  5878  5878 I FaceWidgetPositionAlgorithm: getMediaContainerHeight() supplier = 0
04-27 20:25:23.189  5878  5878 D PluginAODManager: onNotificationInfoUpdated() 0
04-27 20:25:23.189  5878  5878 I AODNotificationManager: updateVisibleNotifications: 0
04-27 20:25:23.189  5878  5878 I a       : updateStatusBarNotifications: open
04-27 20:25:23.189  5878  5878 I a       : updateStatusBarNotifications: open
04-27 20:25:23.203  1693  1733 D CompatibilityChangeReporter: Compat change id reported: 194532703; UID 10236; state: ENABLED
04-27 20:25:23.219  1434  1563 I AppMetrica-Attribution: Choosing distribution data: ClidsInfo(chosen=Candidate(clids={clid10=2263180, clid21=2251107, clid4=2066560, clid7=2041723, clid6=2041722, clid1=2041720, clid1010=2263185, clid1003=2315897, clid1002=2268488}, source=APP), candidates=[Candidate(clids={clid10=2263180, clid21=2251107, clid4=2066560, clid7=2041723, clid6=2041722, clid1=2041720, clid1010=2263185, clid1003=2315897, clid1002=2268488}, source=APP)])
04-27 20:25:23.239  1865  1883 W libc    : Access denied finding property "sys.perf.boostopt"
04-27 20:25:23.264  5429  8531 D PackageManager: setEnabledSetting : userId = 0 packageName = ru.yandex.searchplugin cmp = ru.yandex.searchplugin.browser.BrowserProxyActivity newState = 1 callingPackage = 10222/ru.yandex.searchplugin
04-27 20:25:23.266  5429  8531 D ApplicationPolicy: getApplicationStateEnabled : pkg = ru.yandex.searchplugin userId : 0
04-27 20:25:23.267  5429  8531 D ApplicationPolicy: getApplicationComponentState : pkg = ru.yandex.searchplugin userId : 0
04-27 20:25:23.276  1780  1850 I AppMetrica: Activate reporter with APIKey 0e5e9c33-xxxx-xxxx-xxxx-xxxxxxxx3f72
04-27 20:25:23.290  5429  8531 D PackageManager: setEnabledSetting : userId = 0 packageName = ru.yandex.searchplugin cmp = ru.yandex.searchplugin.browser.CleverYandexSitesInterceptorActivity newState = 2 callingPackage = 10222/ru.yandex.searchplugin
04-27 20:25:23.291  1780  1943 I cr_LibraryLoader: Loading yandexbrowser from within /data/app/~~XgcWeQ2hbc1UXoEBdNZPFw==/ru.yandex.searchplugin-wT7jwe4TGZEB69h3TkIIcw==/base.apk
04-27 20:25:23.307  1434  1470 I AppMetrica-Attribution: Choosing distribution data: ClidsInfo(chosen=Candidate(clids={clid10=2263180, clid21=2251107, clid4=2066560, clid7=2041723, clid6=2041722, clid1=2041720, clid1010=2263185, clid1003=2315897, clid1002=2268488}, source=APP), candidates=[Candidate(clids={clid10=2263180, clid21=2251107, clid4=2066560, clid7=2041723, clid6=2041722, clid1=2041720, clid1010=2263185, clid1003=2315897, clid1002=2268488}, source=APP)])
04-27 20:25:23.315  5429  8531 D PackageManager: setEnabledSetting : userId = 0 packageName = ru.yandex.searchplugin cmp = ru.yandex.searchplugin.browser.YandexRootSitesInterceptorActivity newState = 2 callingPackage = 10222/ru.yandex.searchplugin
04-27 20:25:23.320  5429  8531 D PackageManager: setEnabledSetting : userId = 0 packageName = ru.yandex.searchplugin cmp = ru.yandex.searchplugin.browser.YaSitesInterceptorActivity newState = 2 callingPackage = 10222/ru.yandex.searchplugin
04-27 20:25:23.323  5429  8531 D PackageManager: setEnabledSetting : userId = 0 packageName = ru.yandex.searchplugin cmp = ru.yandex.searchplugin.browser.YandexNewsInterceptorActivity newState = 2 callingPackage = 10222/ru.yandex.searchplugin
04-27 20:25:23.323  1780  1943 I cr_Linker: loadLibraryImplLocked: yandexbrowser, relroMode=1
04-27 20:25:23.325  1780  1780 D CompatibilityChangeReporter: Compat change id reported: 194532703; UID 10222; state: ENABLED
04-27 20:25:23.326  5429  8531 D PackageManager: setEnabledSetting : userId = 0 packageName = ru.yandex.searchplugin cmp = ru.yandex.searchplugin.browser.TvInterceptorActivity newState = 2 callingPackage = 10222/ru.yandex.searchplugin
04-27 20:25:23.332  5429  8531 D PackageManager: setEnabledSetting : userId = 0 packageName = ru.yandex.searchplugin cmp = ru.yandex.searchplugin.browser.ChatInterceptorActivity newState = 2 callingPackage = 10222/ru.yandex.searchplugin
04-27 20:25:23.335  5429  8531 D PackageManager: setEnabledSetting : userId = 0 packageName = ru.yandex.searchplugin cmp = ru.yandex.searchplugin.browser.HealthInterceptorActivity newState = 2 callingPackage = 10222/ru.yandex.searchplugin
04-27 20:25:23.337  5429  8531 D PackageManager: setEnabledSetting : userId = 0 packageName = ru.yandex.searchplugin cmp = ru.yandex.searchplugin.browser.TaxiInterceptorActivity newState = 2 callingPackage = 10222/ru.yandex.searchplugin
04-27 20:25:23.339  5429  8531 D PackageManager: setEnabledSetting : userId = 0 packageName = ru.yandex.searchplugin cmp = ru.yandex.searchplugin.browser.YandexTurboInterceptorActivity newState = 2 callingPackage = 10222/ru.yandex.searchplugin
04-27 20:25:23.456  5429  5488 W libprocessgroup: Failed to open /dev/blkio//cgroup.procs: No such file or directory
04-27 20:25:23.459  5429  5488 W libprocessgroup: Failed to open /dev/blkio//cgroup.procs: No such file or directory
04-27 20:25:23.461  5429  6416 D PackageManager: setEnabledSetting : userId = 0 packageName = com.google.android.googlequicksearchbox cmp = androidx.work.impl.background.systemalarm.RescheduleReceiver newState = 1 callingPackage = 10233/com.google.android.googlequicksearchbox
04-27 20:25:23.467  5429  6416 D ApplicationPolicy: getApplicationStateEnabled : pkg = com.google.android.googlequicksearchbox userId : 0
04-27 20:25:23.469  5429  6416 D ApplicationPolicy: getApplicationComponentState : pkg = com.google.android.googlequicksearchbox userId : 0
04-27 20:25:23.488  8449  9263 I FASProvider: makeValuesForFasUpdate contentValues = package_name=ru.yandex.searchplugin extras=0 reason=deleted_from_mars_auto disableReason=deleted_from_mars_auto disableResetTime=1682537850764 uid=10222 mode=0 level=1 resetTime=0
04-27 20:25:23.523 22494  1590 I A       : (REDACTED) The GellerConfig is not present, defaulting isUploadEnabled for corpus %s to true.
04-27 20:25:23.530 22494  1797 I A       : (REDACTED) No previous syncToken for corpus %s found.
04-27 20:25:23.560  5429  8540 V AS.AudioDeviceBroker: requestedCommunicationDevice, device: null mode owner pid: 0
04-27 20:25:23.562  5429  8540 V AS.AudioDeviceBroker: requestedCommunicationDevice, device: null mode owner pid: 0
04-27 20:25:23.672  5429  5751 D NetdEventListenerService: DNS Requested by : 108, 10271
04-27 20:25:23.673  1376  1555 D TrafficStats: tagSocket(209) with statsTag=0xffffffff, statsUid=-1
04-27 20:25:23.676  5429  7411 D SemWifiUsabilityStatsMonitor: onWifiUsabilityStats - seqNum 3980, isSameBssidAndFreq true
04-27 20:25:23.682  5429  5717 I SemWifiLinkQualityMonitor: Link Qos Query: 0.121 ms / 66.361 Mbps (72 / 0.000 / 1.085)
04-27 20:25:23.683  1780  1841 D CompatibilityChangeReporter: Compat change id reported: 160794467; UID 10222; state: ENABLED
04-27 20:25:23.712  5429  8540 D PackageManager: setEnabledSetting : userId = 0 packageName = com.google.android.tts cmp = androidx.work.impl.background.systemalarm.RescheduleReceiver newState = 1 callingPackage = 10236/com.google.android.tts
04-27 20:25:23.715  5429  8540 D ApplicationPolicy: getApplicationStateEnabled : pkg = com.google.android.tts userId : 0
04-27 20:25:23.716  5429  8540 D ApplicationPolicy: getApplicationComponentState : pkg = com.google.android.tts userId : 0
04-27 20:25:23.753 22494  1590 D TrafficStats: tagSocket(291) with statsTag=0x0, statsUid=-1
04-27 20:25:23.772  1780  1850 I AppMetrica: Activate reporter with APIKey 67bb016b-xxxx-xxxx-xxxx-xxxxxxxx03d3
04-27 20:25:23.892  1865  1959 D CompatibilityChangeReporter: Compat change id reported: 183155436; UID 10222; state: ENABLED
04-27 20:25:23.914 22494 22514 W earchbox:search: Suspending all threads took: 160.155ms
04-27 20:25:23.943  1865  1959 I AppMetrica: Initializing of Metrica, Release type, Version 5.3.2, API Level 106, Dated 23.03.2023.
04-27 20:25:24.009 22494  1797 I A       : (REDACTED) The GellerConfig is not present, defaulting isUploadEnabled for corpus %s to true.
04-27 20:25:24.088 22494  1797 I A       : (REDACTED) No previous syncToken for corpus %s found.
04-27 20:25:24.200  1780  1899 D Volley  : [123] am0.a: Changing log tag to Yandex Mobile Ads
04-27 20:25:24.228  1865  1959 I AppMetrica: Activate reporter with APIKey 20799a27-xxxx-xxxx-xxxx-xxxxxxxx4180
04-27 20:25:24.267 22494  1797 D TrafficStats: tagSocket(294) with statsTag=0x0, statsUid=-1
04-27 20:25:24.280  1780  1815 E ex.searchplugin: Invalid ID 0x00000000.
04-27 20:25:24.280  1780  1936 W ex.searchplugin: Long monitor contention with owner CrAsyncTask #1 (1815) at java.lang.CharSequence android.content.res.AssetManager.getResourceText(int)(AssetManager.java:637) waiters=1 in java.lang.CharSequence android.content.res.AssetManager.getResourceText(int) for 1.066s
04-27 20:25:24.335  5429  5488 W libprocessgroup: Failed to open /dev/blkio//cgroup.procs: No such file or directory
04-27 20:25:24.339  5429  5488 W libprocessgroup: Failed to open /dev/blkio//cgroup.procs: No such file or directory
04-27 20:25:24.340  5429  5488 W libprocessgroup: Failed to open /dev/blkio//cgroup.procs: No such file or directory
04-27 20:25:24.341  5429  5488 W libprocessgroup: Failed to open /dev/blkio//cgroup.procs: No such file or directory
04-27 20:25:24.431  1780  1943 I cr_LibraryLoader: Successfully loaded native library
04-27 20:25:24.440  1780  1943 I cr_CachingUmaRecorder: Flushed 14 samples from 14 histograms.
04-27 20:25:24.469  1780  1899 I YandexAdsIntegrityCheck: Yandex Mobile Ads 5.3.2 initialized successfully
04-27 20:25:24.492  5429  8532 D PackageManager: setEnabledSetting : userId = 0 packageName = com.google.android.googlequicksearchbox cmp = androidx.work.impl.background.systemalarm.RescheduleReceiver newState = 1 callingPackage = 10233/com.google.android.googlequicksearchbox
04-27 20:25:24.494  5429  8532 D ApplicationPolicy: getApplicationStateEnabled : pkg = com.google.android.googlequicksearchbox userId : 0
04-27 20:25:24.495  5429  8532 D ApplicationPolicy: getApplicationComponentState : pkg = com.google.android.googlequicksearchbox userId : 0
04-27 20:25:24.532 11589 11751 I SystemBroadcastReceiver: [#CMH#] onReceive completed :  0
04-27 20:25:24.534  5429  5429 D SemWifiP2pGoPowerSave: GopsReceiver : received : com.samsung.intent.action.CHECK_SIOP_LEVEL
04-27 20:25:24.534  5429  5429 I SemWifiP2pGoPowerSave: siop_level = 1
04-27 20:25:24.535 11589 11589 I PolicyManager: [#CMH#] onReceive action = EVENT_SIOP
04-27 20:25:24.675  5429  7446 D PackageManager: setEnabledSetting : userId = 0 packageName = ru.yandex.searchplugin cmp = ru.yandex.searchlib.notification.BarMarkerService newState = 2 callingPackage = 10222/ru.yandex.searchplugin
04-27 20:25:24.685  4924  4924 D Zygote  : Forked child process 1983
04-27 20:25:24.689  5429  8532 D PackageManager: setEnabledSetting : userId = 0 packageName = ru.yandex.searchplugin cmp = ru.yandex.searchlib.notification.BarMarkerService newState = 2 callingPackage = 10222/ru.yandex.searchplugin
04-27 20:25:24.756  1983  1983 I plugin:passport: Using CollectorTypeCC GC.
04-27 20:25:24.766  1983  1983 E plugin:passport: Not starting debugger since process cannot load the jdwp agent.
04-27 20:25:24.777 20358 25549 E PlayCommon: [199] alak.run(3): Metalog directories were deleted unexpectedly, recreating...
04-27 20:25:24.783  1983  1983 W libc    : Access denied finding property "sys.perf.boostopt"
04-27 20:25:24.784  4899  4899 E audit   : type=1400 audit(1682619924.779:17920): avc:  denied  { read } for  pid=1983 comm="plugin:passport" name="u:object_r:perf_prop:s0" dev="tmpfs" ino=21617 scontext=u:r:untrusted_app:s0:c222,c256,c512,c768 tcontext=u:object_r:perf_prop:s0 tclass=file permissive=0 SEPF_SM-A515F_13_0001 audit_filtered
04-27 20:25:24.784  4899  4899 E audit   : type=1300 audit(1682619924.779:17920): arch=c00000b7 syscall=56 success=no exit=-13 a0=ffffff9c a1=7fcb563ba8 a2=88000 a3=0 items=0 ppid=4924 pid=1983 auid=4294967295 uid=10222 gid=10222 euid=10222 suid=10222 fsuid=10222 egid=10222 sgid=10222 fsgid=10222 tty=(none) ses=4294967295 comm="plugin:passport" exe="/system/bin/app_process64" subj=u:r:untrusted_app:s0:c222,c256,c512,c768 key=(null)
04-27 20:25:24.786  1983  1983 D ActivityThread: setConscryptValidator
04-27 20:25:24.786  1983  1983 D ActivityThread: setConscryptValidator - put
04-27 20:25:24.789  4899  4899 E audit   : type=1327 audit(1682619924.779:17920): proctitle="zygote64"
04-27 20:25:24.790  1865  1988 D TrafficStats: tagSocket(108) with statsTag=0xffffffff, statsUid=-1
04-27 20:25:24.795  1983  2001 W libc    : Access denied finding property "sys.perf.boostopt"
04-27 20:25:24.796  4899  4899 E audit   : type=1400 audit(1682619924.791:17921): avc:  denied  { read } for  pid=1983 comm="binder:1983_1" name="u:object_r:perf_prop:s0" dev="tmpfs" ino=21617 scontext=u:r:untrusted_app:s0:c222,c256,c512,c768 tcontext=u:object_r:perf_prop:s0 tclass=file permissive=0 SEPF_SM-A515F_13_0001 audit_filtered
04-27 20:25:24.810  1865  1988 D TrafficStats: tagSocket(108) with statsTag=0xffffffff, statsUid=-1
04-27 20:25:24.836  1376  1555 W SQLiteLog: (28) double-quoted string literal: "INSERT"
04-27 20:25:24.837  1376  1555 W SQLiteLog: (28) double-quoted string literal: "DELETE"
04-27 20:25:24.851  1983  1983 D CompatibilityChangeReporter: Compat change id reported: 171979766; UID 10222; state: ENABLED
04-27 20:25:24.892  1865  1935 I AppMetrica-Attribution: Choosing distribution data: ClidsInfo(chosen=Candidate(clids={clid24=2305182, clid1=2207450, clid1010=2295103, clid2023=2395783, clid1003=2207452, clid1004=2207453, clid1002=2207451}, source=APP), candidates=[Candidate(clids={clid24=2305182, clid1=2207450, clid1010=2295103, clid2023=2395783, clid1003=2207452, clid1004=2207453, clid1002=2207451}, source=APP)])
04-27 20:25:24.984  1865  1958 D CompatibilityChangeReporter: Compat change id reported: 147600208; UID 10222; state: ENABLED
04-27 20:25:25.000  5429  8509 D LocationManagerService: passive provider added registration from 10222/ru.yandex.searchplugin/6D7CD631 -> Request[PASSIVE, minUpdateInterval=+1s0ms, WorkSource{10222 ru.yandex.searchplugin}]
04-27 20:25:25.016  7025  7069 E RequestManager_FLP: [LocationManager] Location request (NOT STARTED) 6D7CD631(Listener) passive (min=1000ms) from ru.yandex.searchplugin (10222_FINE_perceptible_false_background)
04-27 20:25:25.028  5429  7446 D LocationManagerService: passive provider removed registration from 10222/ru.yandex.searchplugin/6D7CD631
04-27 20:25:25.028  5429  7446 D LocationManagerService: passive provider added registration from 10222/ru.yandex.searchplugin/6D7CD631 -> Request[PASSIVE, minUpdateInterval=+1s0ms, WorkSource{10222 ru.yandex.searchplugin}]
04-27 20:25:25.030  1865  1950 D [GplLibraryWrapper]: updateLastKnownLocation
04-27 20:25:25.031  7025  7069 E RequestManager_FLP: [LocationManager] Location remove 6D7CD631 from ru.yandex.searchplugin
04-27 20:25:25.031  7025  7069 W LocationRequestData_FLP: Not registered using location provider, 6D7CD631
04-27 20:25:25.033  7025  7069 E RequestManager_FLP: [LocationManager] Location request (NOT STARTED) 6D7CD631(Listener) passive (min=1000ms) from ru.yandex.searchplugin (10222_FINE_perceptible_false_background)
04-27 20:25:25.063  1983  1983 D nativeloader: Configuring classloader-namespace for other apk /system/framework/org.apache.http.legacy.jar. target_sdk_version=33, uses_libraries=ALL, library_path=/data/app/~~XgcWeQ2hbc1UXoEBdNZPFw==/ru.yandex.searchplugin-wT7jwe4TGZEB69h3TkIIcw==/lib/arm64:/data/app/~~XgcWeQ2hbc1UXoEBdNZPFw==/ru.yandex.searchplugin-wT7jwe4TGZEB69h3TkIIcw==/base.apk!/lib/arm64-v8a:/data/app/~~XgcWeQ2hbc1UXoEBdNZPFw==/ru.yandex.searchplugin-wT7jwe4TGZEB69h3TkIIcw==/split_config.en.apk!/lib/arm64-v8a:/data/app/~~XgcWeQ2hbc1UXoEBdNZPFw==/ru.yandex.searchplugin-wT7jwe4TGZEB69h3TkIIcw==/split_config.ru.apk!/lib/arm64-v8a:/data/app/~~XgcWeQ2hbc1UXoEBdNZPFw==/ru.yandex.searchplugin-wT7jwe4TGZEB69h3TkIIcw==/split_config.xxhdpi.apk!/lib/arm64-v8a, permitted_path=/data:/mnt/expand:/data/user/0/ru.yandex.searchplugin
04-27 20:25:25.063  1983  1983 D nativeloader: Extending system_exposed_libraries: libhumantracking.arcsoft.so:libPortraitDistortionCorrection.arcsoft.so:libPortraitDistortionCorrectionCali.arcsoft.so:libface_landmark.arcsoft.so:libFacialStickerEngine.arcsoft.so:libveengine.arcsoft.so:liblow_light_hdr.arcsoft.so:libhigh_dynamic_range.arcsoft.so:libFacialAttributeDetection.arcsoft.so:libBeauty_v4.camera.samsung.so:libexifa.camera.samsung.so:libjpega.camera.samsung.so:libOpenCv.camera.samsung.so:libImageScreener.camera.samsung.so:libMyFilter.camera.samsung.so:libtensorflowLite.myfilter.camera.samsung.so:libtensorflowlite_inference_api.myfilter.camera.samsung.so:libEventFinder.camera.samsung.so:libHIDTSnapJNI.camera.samsung.so:libSmartScan.camera.samsung.so:libRectify.camera.samsung.so:libDocRectifyWrapper.camera.samsung.so:libUltraWideDistortionCorrection.camera.samsung.so:libHpr_RecGAE_cvFeature_v1.0.camera.samsung.so:libHprFace_GAE_api.camera.samsung.so:libFace_Landmark_API.camera.samsung.so:libHprFace_GAE_jni.camera.samsung.so:libFacialBasedSelfieCorrec
04-27 20:25:25.078  5429  8509 W WifiService: Permission violation - getScanResults not allowed for uid=10222, packageName=ru.yandex.searchplugin, reason=java.lang.SecurityException: UID 10222 has no location permission
04-27 20:25:25.127  1983  1983 W ziparchive: Unable to open '/data/app/~~XgcWeQ2hbc1UXoEBdNZPFw==/ru.yandex.searchplugin-wT7jwe4TGZEB69h3TkIIcw==/split_config.en.dm': No such file or directory
04-27 20:25:25.127  1983  1983 W ziparchive: Unable to open '/data/app/~~XgcWeQ2hbc1UXoEBdNZPFw==/ru.yandex.searchplugin-wT7jwe4TGZEB69h3TkIIcw==/split_config.en.dm': No such file or directory
04-27 20:25:25.129  1983  1983 W plugin:passport: Entry not found
04-27 20:25:25.149  1693  1775 W eud     : The metadata proto for [en-GB, 3002] is depending on the legacy SupportedDomainIds list. Please migrate to the DomainToRecognizer map.
04-27 20:25:25.171  1983  1983 W ziparchive: Unable to open '/data/app/~~XgcWeQ2hbc1UXoEBdNZPFw==/ru.yandex.searchplugin-wT7jwe4TGZEB69h3TkIIcw==/split_config.ru.dm': No such file or directory
04-27 20:25:25.171  1983  1983 W ziparchive: Unable to open '/data/app/~~XgcWeQ2hbc1UXoEBdNZPFw==/ru.yandex.searchplugin-wT7jwe4TGZEB69h3TkIIcw==/split_config.ru.dm': No such file or directory
04-27 20:25:25.173  1983  1983 W plugin:passport: Entry not found
04-27 20:25:25.175  1983  1983 W ziparchive: Unable to open '/data/app/~~XgcWeQ2hbc1UXoEBdNZPFw==/ru.yandex.searchplugin-wT7jwe4TGZEB69h3TkIIcw==/split_config.xxhdpi.dm': No such file or directory
04-27 20:25:25.175  1983  1983 W ziparchive: Unable to open '/data/app/~~XgcWeQ2hbc1UXoEBdNZPFw==/ru.yandex.searchplugin-wT7jwe4TGZEB69h3TkIIcw==/split_config.xxhdpi.dm': No such file or directory
04-27 20:25:25.178  1983  1983 W plugin:passport: Entry not found
04-27 20:25:25.199  1983  1983 D nativeloader: Configuring classloader-namespace for other apk /data/app/~~XgcWeQ2hbc1UXoEBdNZPFw==/ru.yandex.searchplugin-wT7jwe4TGZEB69h3TkIIcw==/base.apk:/data/app/~~XgcWeQ2hbc1UXoEBdNZPFw==/ru.yandex.searchplugin-wT7jwe4TGZEB69h3TkIIcw==/split_config.en.apk:/data/app/~~XgcWeQ2hbc1UXoEBdNZPFw==/ru.yandex.searchplugin-wT7jwe4TGZEB69h3TkIIcw==/split_config.ru.apk:/data/app/~~XgcWeQ2hbc1UXoEBdNZPFw==/ru.yandex.searchplugin-wT7jwe4TGZEB69h3TkIIcw==/split_config.xxhdpi.apk. target_sdk_version=33, uses_libraries=, library_path=/data/app/~~XgcWeQ2hbc1UXoEBdNZPFw==/ru.yandex.searchplugin-wT7jwe4TGZEB69h3TkIIcw==/lib/arm64:/data/app/~~XgcWeQ2hbc1UXoEBdNZPFw==/ru.yandex.searchplugin-wT7jwe4TGZEB69h3TkIIcw==/base.apk!/lib/arm64-v8a:/data/app/~~XgcWeQ2hbc1UXoEBdNZPFw==/ru.yandex.searchplugin-wT7jwe4TGZEB69h3TkIIcw==/split_config.en.apk!/lib/arm64-v8a:/data/app/~~XgcWeQ2hbc1UXoEBdNZPFw==/ru.yandex.searchplugin-wT7jwe4TGZEB69h3TkIIcw==/split_config.ru.apk!/lib/arm64-v8a:/data/app/~~XgcWeQ2hbc1UXoEBdNZPFw==/ru.yandex.searchplugin-wT7j
04-27 20:25:25.206  1983  1983 W plugin:passport: JIT profile information will not be recorded: profile file does not exist.
04-27 20:25:25.207  1983  1983 W plugin:passport: JIT profile information will not be recorded: profile file does not exist.
04-27 20:25:25.207  1983  1983 W plugin:passport: JIT profile information will not be recorded: profile file does not exist.
04-27 20:25:25.221 22494  1590 I A       : (REDACTED) Writing metadata key: %s, corpus: %s
04-27 20:25:25.277  1865  1987 D TrafficStats: tagSocket(112) with statsTag=0xffffffff, statsUid=-1
04-27 20:25:25.306  1693  1810 I LanguagePackMaintenance: Background downloading 0 packs, for an ideal set of 1 total packs
04-27 20:25:25.321  1983  1983 V GraphicsEnvironment: ANGLE Developer option for 'ru.yandex.searchplugin' set to: 'default'
04-27 20:25:25.322  1983  1983 V GraphicsEnvironment: ANGLE GameManagerService for ru.yandex.searchplugin: false
04-27 20:25:25.323  1983  1983 V GraphicsEnvironment: Neither updatable production driver nor prerelease driver is supported.
04-27 20:25:25.330  1693  1810 I LanguagePackMaintenance: Background downloading packs []
04-27 20:25:25.331  1693  1810 I LanguagePackMaintenance: Ideal set: [en-GB_v3002]
04-27 20:25:25.343  1865  1935 I AppMetrica-Attribution: Choosing distribution data: ClidsInfo(chosen=Candidate(clids={clid24=2305182, clid1=2207450, clid1010=2295103, clid2023=2395783, clid1003=2207452, clid1004=2207453, clid1002=2207451}, source=APP), candidates=[Candidate(clids={clid24=2305182, clid1=2207450, clid1010=2295103, clid2023=2395783, clid1003=2207452, clid1004=2207453, clid1002=2207451}, source=APP)])
04-27 20:25:25.359  1983  1983 D NetworkSecurityConfig: Using Network Security Config from resource network_security_config_mobileyandex debugBuild: false
04-27 20:25:25.376 22494  1590 I A       : (REDACTED) Writing metadata key: %s, corpus: %s
04-27 20:25:25.431  1693  1734 W eud     : The metadata proto for [en-GB, 3002] is depending on the legacy SupportedDomainIds list. Please migrate to the DomainToRecognizer map.
04-27 20:25:25.453  1983  1983 D NetworkSecurityConfig: Using Network Security Config from resource network_security_config_mobileyandex debugBuild: false
04-27 20:25:25.469  1780  1780 E chromium: [ERROR:isolated_origin_util.cc(74)] Ignoring port number in isolated origin: chrome://custo
04-27 20:25:25.471  5429  5751 D NetdEventListenerService: DNS Requested by : 108, 10222
04-27 20:25:25.471  1865  1949 D TrafficStats: tagSocket(113) with statsTag=0xffffffff, statsUid=-1
04-27 20:25:25.485  1693  1812 I LPRequestState: [ManagerRequests] #resolveUnusedLanguagePacks
04-27 20:25:25.486  1693  1812 I LPRequestState: [ManagerRequests] #resolveDesiredLanguagePacks
04-27 20:25:25.513  1865  1935 I AppMetrica-Attribution: Choosing distribution data: ClidsInfo(chosen=Candidate(clids={clid24=2305182, clid1=2207450, clid1010=2295103, clid2023=2395783, clid1003=2207452, clid1004=2207453, clid1002=2207451}, source=APP), candidates=[Candidate(clids={clid24=2305182, clid1=2207450, clid1010=2295103, clid2023=2395783, clid1003=2207452, clid1004=2207453, clid1002=2207451}, source=APP)])
04-27 20:25:25.538 22494  1590 I A       : (REDACTED) Writing metadata key: %s, corpus: %s
04-27 20:25:25.687 22494  1590 I A       : (REDACTED) Writing metadata key: %s, corpus: %s
04-27 20:25:25.761  4924  4924 D Zygote  : Forked child process 2043
04-27 20:25:25.815  1865  1935 I AppMetrica-Attribution: Choosing distribution data: ClidsInfo(chosen=Candidate(clids={clid24=2305182, clid1=2207450, clid1010=2295103, clid2023=2395783, clid1003=2207452, clid1004=2207453, clid1002=2207451}, source=APP), candidates=[Candidate(clids={clid24=2305182, clid1=2207450, clid1010=2295103, clid2023=2395783, clid1003=2207452, clid1004=2207453, clid1002=2207451}, source=APP)])
04-27 20:25:25.837  2043  2043 I ileged_process0: Using CollectorTypeCC GC.
04-27 20:25:25.847  2043  2043 E ileged_process0: Not starting debugger since process cannot load the jdwp agent.
04-27 20:25:25.860  2043  2043 W libc    : Access denied finding property "sys.perf.boostopt"
04-27 20:25:25.861  4899  4899 E audit   : type=1400 audit(1682619925.855:17922): avc:  denied  { read } for  pid=2043 comm="ileged_process0" name="u:object_r:perf_prop:s0" dev="tmpfs" ino=21617 scontext=u:r:untrusted_app:s0:c222,c256,c512,c768 tcontext=u:object_r:perf_prop:s0 tclass=file permissive=0 SEPF_SM-A515F_13_0001 audit_filtered
04-27 20:25:25.861  4899  4899 E audit   : type=1300 audit(1682619925.855:17922): arch=c00000b7 syscall=56 success=no exit=-13 a0=ffffff9c a1=7fcb563ba8 a2=88000 a3=0 items=0 ppid=4924 pid=2043 auid=4294967295 uid=10222 gid=10222 euid=10222 suid=10222 fsuid=10222 egid=10222 sgid=10222 fsgid=10222 tty=(none) ses=4294967295 comm="ileged_process0" exe="/system/bin/app_process64" subj=u:r:untrusted_app:s0:c222,c256,c512,c768 key=(null)
04-27 20:25:25.861  4899  4899 E audit   : type=1327 audit(1682619925.855:17922): proctitle="zygote64"
04-27 20:25:25.863  2043  2043 D ActivityThread: setConscryptValidator
04-27 20:25:25.863  2043  2043 D ActivityThread: setConscryptValidator - put
04-27 20:25:25.865  4899  4899 E audit   : type=1400 audit(1682619925.859:17923): avc:  denied  { read } for  pid=2043 comm="binder:2043_1" name="u:object_r:perf_prop:s0" dev="tmpfs" ino=21617 scontext=u:r:untrusted_app:s0:c222,c256,c512,c768 tcontext=u:object_r:perf_prop:s0 tclass=file permissive=0 SEPF_SM-A515F_13_0001 audit_filtered
04-27 20:25:25.865  2043  2055 W libc    : Access denied finding property "sys.perf.boostopt"
04-27 20:25:25.889 26164 26187 D Benchmark: THERMAL THROTTLE DETECTED, SLEEPING FOR 90 SECONDS
04-27 20:25:25.916  1865  1935 I AppMetrica-Attribution: Choosing distribution data: ClidsInfo(chosen=Candidate(clids={clid24=2305182, clid1=2207450, clid1010=2295103, clid2023=2395783, clid1003=2207452, clid1004=2207453, clid1002=2207451}, source=APP), candidates=[Candidate(clids={clid24=2305182, clid1=2207450, clid1010=2295103, clid2023=2395783, clid1003=2207452, clid1004=2207453, clid1002=2207451}, source=APP)])
04-27 20:25:25.924  2043  2056 W libc    : Access denied finding property "sys.perf.boostopt"
04-27 20:25:25.926  1865  1987 D TrafficStats: tagSocket(117) with statsTag=0xffffffff, statsUid=-1
04-27 20:25:25.927  2043  2043 D CompatibilityChangeReporter: Compat change id reported: 171979766; UID 10222; state: ENABLED
04-27 20:25:26.095  2043  2043 D nativeloader: Configuring classloader-namespace for other apk /system/framework/org.apache.http.legacy.jar. target_sdk_version=33, uses_libraries=ALL, library_path=/data/app/~~XgcWeQ2hbc1UXoEBdNZPFw==/ru.yandex.searchplugin-wT7jwe4TGZEB69h3TkIIcw==/lib/arm64:/data/app/~~XgcWeQ2hbc1UXoEBdNZPFw==/ru.yandex.searchplugin-wT7jwe4TGZEB69h3TkIIcw==/base.apk!/lib/arm64-v8a:/data/app/~~XgcWeQ2hbc1UXoEBdNZPFw==/ru.yandex.searchplugin-wT7jwe4TGZEB69h3TkIIcw==/split_config.en.apk!/lib/arm64-v8a:/data/app/~~XgcWeQ2hbc1UXoEBdNZPFw==/ru.yandex.searchplugin-wT7jwe4TGZEB69h3TkIIcw==/split_config.ru.apk!/lib/arm64-v8a:/data/app/~~XgcWeQ2hbc1UXoEBdNZPFw==/ru.yandex.searchplugin-wT7jwe4TGZEB69h3TkIIcw==/split_config.xxhdpi.apk!/lib/arm64-v8a, permitted_path=/data:/mnt/expand:/data/user/0/ru.yandex.searchplugin
04-27 20:25:26.095  2043  2043 D nativeloader: Extending system_exposed_libraries: libhumantracking.arcsoft.so:libPortraitDistortionCorrection.arcsoft.so:libPortraitDistortionCorrectionCali.arcsoft.so:libface_landmark.arcsoft.so:libFacialStickerEngine.arcsoft.so:libveengine.arcsoft.so:liblow_light_hdr.arcsoft.so:libhigh_dynamic_range.arcsoft.so:libFacialAttributeDetection.arcsoft.so:libBeauty_v4.camera.samsung.so:libexifa.camera.samsung.so:libjpega.camera.samsung.so:libOpenCv.camera.samsung.so:libImageScreener.camera.samsung.so:libMyFilter.camera.samsung.so:libtensorflowLite.myfilter.camera.samsung.so:libtensorflowlite_inference_api.myfilter.camera.samsung.so:libEventFinder.camera.samsung.so:libHIDTSnapJNI.camera.samsung.so:libSmartScan.camera.samsung.so:libRectify.camera.samsung.so:libDocRectifyWrapper.camera.samsung.so:libUltraWideDistortionCorrection.camera.samsung.so:libHpr_RecGAE_cvFeature_v1.0.camera.samsung.so:libHprFace_GAE_api.camera.samsung.so:libFace_Landmark_API.camera.samsung.so:libHprFace_GAE_jni.camera.samsung.so:libFacialBasedSelfieCorrec
04-27 20:25:26.188  1865  1935 I AppMetrica-Attribution: Choosing distribution data: ClidsInfo(chosen=Candidate(clids={clid24=2305182, clid1=2207450, clid1010=2295103, clid2023=2395783, clid1003=2207452, clid1004=2207453, clid1002=2207451}, source=APP), candidates=[Candidate(clids={clid24=2305182, clid1=2207450, clid1010=2295103, clid2023=2395783, clid1003=2207452, clid1004=2207453, clid1002=2207451}, source=APP)])
04-27 20:25:26.222  1865  2068 D TrafficStats: tagSocket(119) with statsTag=0xffffffff, statsUid=-1
04-27 20:25:26.239  1865  2068 D TrafficStats: tagSocket(119) with statsTag=0xffffffff, statsUid=-1
04-27 20:25:26.319  1865  1949 I AppMetrica-Attribution: Choosing distribution data: ClidsInfo(chosen=Candidate(clids={clid24=2305182, clid1=2207450, clid1010=2295103, clid2023=2395783, clid1003=2207452, clid1004=2207453, clid1002=2207451}, source=APP), candidates=[Candidate(clids={clid24=2305182, clid1=2207450, clid1010=2295103, clid2023=2395783, clid1003=2207452, clid1004=2207453, clid1002=2207451}, source=APP)])
04-27 20:25:26.326  1865  1935 I AppMetrica-Attribution: Choosing distribution data: ClidsInfo(chosen=Candidate(clids={clid24=2305182, clid1=2207450, clid1010=2295103, clid2023=2395783, clid1003=2207452, clid1004=2207453, clid1002=2207451}, source=APP), candidates=[Candidate(clids={clid24=2305182, clid1=2207450, clid1010=2295103, clid2023=2395783, clid1003=2207452, clid1004=2207453, clid1002=2207451}, source=APP)])
04-27 20:25:26.351  1865  1935 I AppMetrica-Attribution: Choosing distribution data: ClidsInfo(chosen=Candidate(clids={clid24=2305182, clid1=2207450, clid1010=2295103, clid2023=2395783, clid1003=2207452, clid1004=2207453, clid1002=2207451}, source=APP), candidates=[Candidate(clids={clid24=2305182, clid1=2207450, clid1010=2295103, clid2023=2395783, clid1003=2207452, clid1004=2207453, clid1002=2207451}, source=APP)])
04-27 20:25:26.366  1865  1935 I AppMetrica-Attribution: Choosing distribution data: ClidsInfo(chosen=Candidate(clids={clid24=2305182, clid1=2207450, clid1010=2295103, clid2023=2395783, clid1003=2207452, clid1004=2207453, clid1002=2207451}, source=APP), candidates=[Candidate(clids={clid24=2305182, clid1=2207450, clid1010=2295103, clid2023=2395783, clid1003=2207452, clid1004=2207453, clid1002=2207451}, source=APP)])
04-27 20:25:26.374  1865  1949 I AppMetrica-Attribution: Choosing distribution data: ClidsInfo(chosen=Candidate(clids={clid24=2305182, clid1=2207450, clid1010=2295103, clid2023=2395783, clid1003=2207452, clid1004=2207453, clid1002=2207451}, source=APP), candidates=[Candidate(clids={clid24=2305182, clid1=2207450, clid1010=2295103, clid2023=2395783, clid1003=2207452, clid1004=2207453, clid1002=2207451}, source=APP)])
04-27 20:25:26.386  1780  1780 I chromium: [INFO:primary_account_manager.cc(447)] Removed account from account tracker service: 550871220
04-27 20:25:26.406  1780  1780 I chromium: [INFO:primary_account_manager.cc(447)] Removed account from account tracker service: 872830285
04-27 20:25:26.447  2043  2043 W ziparchive: Unable to open '/data/app/~~XgcWeQ2hbc1UXoEBdNZPFw==/ru.yandex.searchplugin-wT7jwe4TGZEB69h3TkIIcw==/split_config.en.dm': No such file or directory
04-27 20:25:26.447  2043  2043 W ziparchive: Unable to open '/data/app/~~XgcWeQ2hbc1UXoEBdNZPFw==/ru.yandex.searchplugin-wT7jwe4TGZEB69h3TkIIcw==/split_config.en.dm': No such file or directory
04-27 20:25:26.447  1693  1808 I ZipLPPopulator: Updated file group for group 'langpack-domain_en-GB_3002_zipfile' from location: https://dl.google.com/android/voice/soda/en-GB/v3002/soda-en-GB-v3002.zip
04-27 20:25:26.464  2043  2043 W ileged_process0: Entry not found
04-27 20:25:26.468  2043  2043 W ziparchive: Unable to open '/data/app/~~XgcWeQ2hbc1UXoEBdNZPFw==/ru.yandex.searchplugin-wT7jwe4TGZEB69h3TkIIcw==/split_config.ru.dm': No such file or directory
04-27 20:25:26.468  2043  2043 W ziparchive: Unable to open '/data/app/~~XgcWeQ2hbc1UXoEBdNZPFw==/ru.yandex.searchplugin-wT7jwe4TGZEB69h3TkIIcw==/split_config.ru.dm': No such file or directory
04-27 20:25:26.468  1865  1949 I AppMetrica-Attribution: Choosing distribution data: ClidsInfo(chosen=Candidate(clids={clid24=2305182, clid1=2207450, clid1010=2295103, clid2023=2395783, clid1003=2207452, clid1004=2207453, clid1002=2207451}, source=APP), candidates=[Candidate(clids={clid24=2305182, clid1=2207450, clid1010=2295103, clid2023=2395783, clid1003=2207452, clid1004=2207453, clid1002=2207451}, source=APP)])
04-27 20:25:26.525  2043  2043 W ileged_process0: Entry not found
04-27 20:25:26.527  2043  2043 W ziparchive: Unable to open '/data/app/~~XgcWeQ2hbc1UXoEBdNZPFw==/ru.yandex.searchplugin-wT7jwe4TGZEB69h3TkIIcw==/split_config.xxhdpi.dm': No such file or directory
04-27 20:25:26.528  2043  2043 W ziparchive: Unable to open '/data/app/~~XgcWeQ2hbc1UXoEBdNZPFw==/ru.yandex.searchplugin-wT7jwe4TGZEB69h3TkIIcw==/split_config.xxhdpi.dm': No such file or directory
04-27 20:25:26.550 11589 11769 I PolicyManager: [#CMH#] Is foreground game app: false
04-27 20:25:26.603  2043  2043 W ileged_process0: Entry not found
04-27 20:25:26.628  2043  2043 D nativeloader: Configuring classloader-namespace for other apk /data/app/~~XgcWeQ2hbc1UXoEBdNZPFw==/ru.yandex.searchplugin-wT7jwe4TGZEB69h3TkIIcw==/base.apk:/data/app/~~XgcWeQ2hbc1UXoEBdNZPFw==/ru.yandex.searchplugin-wT7jwe4TGZEB69h3TkIIcw==/split_config.en.apk:/data/app/~~XgcWeQ2hbc1UXoEBdNZPFw==/ru.yandex.searchplugin-wT7jwe4TGZEB69h3TkIIcw==/split_config.ru.apk:/data/app/~~XgcWeQ2hbc1UXoEBdNZPFw==/ru.yandex.searchplugin-wT7jwe4TGZEB69h3TkIIcw==/split_config.xxhdpi.apk. target_sdk_version=33, uses_libraries=, library_path=/data/app/~~XgcWeQ2hbc1UXoEBdNZPFw==/ru.yandex.searchplugin-wT7jwe4TGZEB69h3TkIIcw==/lib/arm64:/data/app/~~XgcWeQ2hbc1UXoEBdNZPFw==/ru.yandex.searchplugin-wT7jwe4TGZEB69h3TkIIcw==/base.apk!/lib/arm64-v8a:/data/app/~~XgcWeQ2hbc1UXoEBdNZPFw==/ru.yandex.searchplugin-wT7jwe4TGZEB69h3TkIIcw==/split_config.en.apk!/lib/arm64-v8a:/data/app/~~XgcWeQ2hbc1UXoEBdNZPFw==/ru.yandex.searchplugin-wT7jwe4TGZEB69h3TkIIcw==/split_config.ru.apk!/lib/arm64-v8a:/data/app/~~XgcWeQ2hbc1UXoEBdNZPFw==/ru.yandex.searchplugin-wT7j
04-27 20:25:26.657  1693  1810 I euc     : #getPendingPackages
04-27 20:25:26.701  2043  2043 W ileged_process0: JIT profile information will not be recorded: profile file does not exist.
04-27 20:25:26.702  2043  2043 W ileged_process0: JIT profile information will not be recorded: profile file does not exist.
04-27 20:25:26.702  2043  2043 W ileged_process0: JIT profile information will not be recorded: profile file does not exist.
04-27 20:25:26.714  5429  7411 D SemWifiUsabilityStatsMonitor: onWifiUsabilityStats - seqNum 3981, isSameBssidAndFreq true
04-27 20:25:26.717  5429  5717 I SemWifiLinkQualityMonitor: Link Qos Query: 0.119 ms / 67.404 Mbps (72 / 0.000 / 1.068)
04-27 20:25:26.884  1983  2073 D CompatibilityChangeReporter: Compat change id reported: 183155436; UID 10222; state: ENABLED
04-27 20:25:26.903  1865  2067 D TrafficStats: tagSocket(120) with statsTag=0xffffffff, statsUid=-1
04-27 20:25:26.911  1983  2073 I AppMetrica: Initializing of Metrica, Release type, Version 5.3.2, API Level 106, Dated 23.03.2023.
04-27 20:25:26.944  1865  1935 I AppMetrica-Attribution: Choosing distribution data: ClidsInfo(chosen=Candidate(clids={clid24=2305182, clid1=2207450, clid1010=2295103, clid2023=2395783, clid1003=2207452, clid1004=2207453, clid1002=2207451}, source=APP), candidates=[Candidate(clids={clid24=2305182, clid1=2207450, clid1010=2295103, clid2023=2395783, clid1003=2207452, clid1004=2207453, clid1002=2207451}, source=APP)])
04-27 20:25:26.953  2043  2043 V GraphicsEnvironment: ANGLE Developer option for 'ru.yandex.searchplugin' set to: 'default'
04-27 20:25:26.955  2043  2043 V GraphicsEnvironment: ANGLE GameManagerService for ru.yandex.searchplugin: false
04-27 20:25:26.956  2043  2043 V GraphicsEnvironment: Neither updatable production driver nor prerelease driver is supported.
04-27 20:25:26.986  2043  2043 D NetworkSecurityConfig: Using Network Security Config from resource network_security_config_mobileyandex debugBuild: false
04-27 20:25:26.986  1865  1935 I AppMetrica-Attribution: Choosing distribution data: ClidsInfo(chosen=Candidate(clids={clid24=2305182, clid1=2207450, clid1010=2295103, clid2023=2395783, clid1003=2207452, clid1004=2207453, clid1002=2207451}, source=APP), candidates=[Candidate(clids={clid24=2305182, clid1=2207450, clid1010=2295103, clid2023=2395783, clid1003=2207452, clid1004=2207453, clid1002=2207451}, source=APP)])
04-27 20:25:27.061  1865  1935 I AppMetrica-Attribution: Choosing distribution data: ClidsInfo(chosen=Candidate(clids={clid24=2305182, clid1=2207450, clid1010=2295103, clid2023=2395783, clid1003=2207452, clid1004=2207453, clid1002=2207451}, source=APP), candidates=[Candidate(clids={clid24=2305182, clid1=2207450, clid1010=2295103, clid2023=2395783, clid1003=2207452, clid1004=2207453, clid1002=2207451}, source=APP)])
04-27 20:25:27.078  2043  2043 D NetworkSecurityConfig: Using Network Security Config from resource network_security_config_mobileyandex debugBuild: false
04-27 20:25:27.200  1865  1935 I AppMetrica-Attribution: Choosing distribution data: ClidsInfo(chosen=Candidate(clids={clid24=2305182, clid1=2207450, clid1010=2295103, clid2023=2395783, clid1003=2207452, clid1004=2207453, clid1002=2207451}, source=APP), candidates=[Candidate(clids={clid24=2305182, clid1=2207450, clid1010=2295103, clid2023=2395783, clid1003=2207452, clid1004=2207453, clid1002=2207451}, source=APP)])
04-27 20:25:27.277  2043  2043 I cr_ChildProcessService: Creating new ChildProcessService pid=2043
04-27 20:25:27.283  1865  1935 I AppMetrica-Attribution: Choosing distribution data: ClidsInfo(chosen=Candidate(clids={clid24=2305182, clid1=2207450, clid1010=2295103, clid2023=2395783, clid1003=2207452, clid1004=2207453, clid1002=2207451}, source=APP), candidates=[Candidate(clids={clid24=2305182, clid1=2207450, clid1010=2295103, clid2023=2395783, clid1003=2207452, clid1004=2207453, clid1002=2207451}, source=APP)])
04-27 20:25:27.288  1865  2067 D TrafficStats: tagSocket(121) with statsTag=0xffffffff, statsUid=-1
04-27 20:25:27.292  1983  2077 W plugin:passport: Long monitor contention with owner YMM-DW-3 (2078) at void com.yandex.metrica.impl.ob.la$a.run()(SourceFile:28) waiters=0 in java.lang.Object com.yandex.metrica.impl.ob.la.c(java.lang.String) for 177ms
04-27 20:25:27.372  1983  2073 I AppMetrica: Activate reporter with APIKey 67bb016b-xxxx-xxxx-xxxx-xxxxxxxx03d3
04-27 20:25:27.377  1983  2073 I AppMetrica: Activate reporter with APIKey 20799a27-xxxx-xxxx-xxxx-xxxxxxxx4180
04-27 20:25:27.383  1693  1805 I DefaultLPManager: #calculateRolledBackPacks
04-27 20:25:27.385  1693  1813 I LPRequestState: [ManagerRequests] #resolveUnusedLanguagePacks
04-27 20:25:27.386  1693  1813 I LPRequestState: [ManagerRequests] #resolveDesiredLanguagePacks
04-27 20:25:27.402  4899  4899 E audit   : type=1400 audit(1682619927.395:17925): avc:  denied  { read } for  pid=1983 comm="binder:1983_1" name="u:object_r:perf_prop:s0" dev="tmpfs" ino=21617 scontext=u:r:untrusted_app:s0:c222,c256,c512,c768 tcontext=u:object_r:perf_prop:s0 tclass=file permissive=0 SEPF_SM-A515F_13_0001 audit_filtered
04-27 20:25:27.402  4899  4899 E audit   : type=1300 audit(1682619927.395:17925): arch=c00000b7 syscall=56 success=no exit=-13 a0=ffffff9c a1=7804bb12f8 a2=88000 a3=0 items=0 ppid=4924 pid=1983 auid=4294967295 uid=10222 gid=10222 euid=10222 suid=10222 fsuid=10222 egid=10222 sgid=10222 fsgid=10222 tty=(none) ses=4294967295 comm="binder:1983_1" exe="/system/bin/app_process64" subj=u:r:untrusted_app:s0:c222,c256,c512,c768 key=(null)
04-27 20:25:27.402  4899  4899 E audit   : type=1327 audit(1682619927.395:17925): proctitle="<pre-initialized>"
04-27 20:25:27.402  1983  2001 W libc    : Access denied finding property "sys.perf.boostopt"
04-27 20:25:27.406  1865  1935 I AppMetrica-Attribution: Choosing distribution data: ClidsInfo(chosen=Candidate(clids={clid24=2305182, clid1=2207450, clid1010=2295103, clid2023=2395783, clid1003=2207452, clid1004=2207453, clid1002=2207451}, source=APP), candidates=[Candidate(clids={clid24=2305182, clid1=2207450, clid1010=2295103, clid2023=2395783, clid1003=2207452, clid1004=2207453, clid1002=2207451}, source=APP)])
04-27 20:25:27.455  1693  1813 I LanguagePackMaintenance: Background deleting 0 stale packs:
04-27 20:25:27.456  1693  1813 I LanguagePackMaintenance: Background LanguagePack updates finished successfully
04-27 20:25:27.491  5878  5878 D SecPowerUI.Notification: showChargingNotice oldChargingType : 11 / currentChargingType : 11, oldChargingTime : 2527000 / mChargingTime : 2527000
04-27 20:25:27.491  5878  5878 D SecPowerUI.Notification: There is no change about charging status, so return!
04-27 20:25:27.500  2043  2081 I cr_LibraryLoader: Loading yandexbrowser from within /data/app/~~XgcWeQ2hbc1UXoEBdNZPFw==/ru.yandex.searchplugin-wT7jwe4TGZEB69h3TkIIcw==/base.apk
04-27 20:25:27.500  2043  2081 I cr_Linker: loadLibraryImplLocked: yandexbrowser, relroMode=2
04-27 20:25:27.509  1780  1780 W chromium: [WARNING:collections_blacklist_service.cc(115)] Config collections_blacklist ignored: blacklist_video_url_patterns key not found.
04-27 20:25:27.509  1780  1780 W chromium: [WARNING:collections_blacklist_service.cc(115)] Config collections_blacklist ignored: whitelist_video_url_patterns key not found.
04-27 20:25:27.509  1780  1780 W chromium: [WARNING:collections_blacklist_service.cc(184)] Config collections_blacklist ignored: blacklist_image_urls key not found.
04-27 20:25:27.653  2043  2081 I cr_LibraryLoader: Successfully loaded native library
04-27 20:25:27.655  2043  2081 I cr_CachingUmaRecorder: Flushed 13 samples from 13 histograms.
04-27 20:25:27.705  1865  1935 I AppMetrica-Attribution: Choosing distribution data: ClidsInfo(chosen=Candidate(clids={clid24=2305182, clid1=2207450, clid1010=2295103, clid2023=2395783, clid1003=2207452, clid1004=2207453, clid1002=2207451}, source=APP), candidates=[Candidate(clids={clid24=2305182, clid1=2207450, clid1010=2295103, clid2023=2395783, clid1003=2207452, clid1004=2207453, clid1002=2207451}, source=APP)])
04-27 20:25:27.737  5429  8518 D LocationManagerService: passive provider removed registration from 10222/ru.yandex.searchplugin/6D7CD631
04-27 20:25:27.738  5429  8518 D LocationManagerService: passive provider added registration from 10222/ru.yandex.searchplugin/6D7CD631 -> Request[PASSIVE, minUpdateInterval=+1s0ms, WorkSource{10222 ru.yandex.searchplugin}]
04-27 20:25:27.739  7025  7069 E RequestManager_FLP: [LocationManager] Location remove 6D7CD631 from ru.yandex.searchplugin
04-27 20:25:27.739  7025  7069 W LocationRequestData_FLP: Not registered using location provider, 6D7CD631
04-27 20:25:27.741  1865  1950 D [GplLibraryWrapper]: updateLastKnownLocation
