04-19 15:56:54.301 17564 17585 I TestRunner: started: valuePreserveBoxLong(org.jetbrains.android_benchmark.AckermannBenchmark)
04-19 15:56:54.303 17079 17079 I ScsApi@Feature: checkFeature() : FEATURE_TEXT_GET_ENTITY
04-19 15:56:54.304 17564 17564 I MonitoringInstr: Activities that are still in CREATED to STOPPED: 1
04-19 15:56:54.305 17564 17564 I MonitoringInstr: Finishing activity: androidx.benchmark.IsolationActivity@f5684be
04-19 15:56:54.306 17079 17079 I ScsApi@FeatureHolder: setStatus() : FEATURE_TEXT_GET_ENTITY : 0
04-19 15:56:54.306 17079 17079 I SCSUtils: FEATURE_TEXT_GET_ENTITY is available
04-19 15:56:54.306 17079 17079 I ScsApi@Feature: checkFeature() : FEATURE_TEXT_GET_ENTITY
04-19 15:56:54.310 17564 17585 I GrantPermissionCallable: Permission: android.permission.WRITE_EXTERNAL_STORAGE is already granted!
04-19 15:56:54.311 17564 17585 I GrantPermissionCallable: Permission: android.permission.READ_EXTERNAL_STORAGE is already granted!
04-19 15:56:54.311 17564 17585 D Benchmark: -- Running org.jetbrains.android_benchmark.AckermannBenchmark#valuePreserveBoxLong --
04-19 15:56:54.311 17564 17585 D PerfettoCapture: Supported ABIs: arm64-v8a, armeabi-v7a, armeabi
04-19 15:56:54.311 17564 17585 D PerfettoCapture: Recording perfetto trace
04-19 15:56:54.313 17079 17079 I ScsApi@FeatureHolder: setStatus() : FEATURE_TEXT_GET_ENTITY : 0
04-19 15:56:54.313 17079 17079 I ScsApi@Feature: checkFeature() : FEATURE_TEXT_GET_ENTITY_DATETIME_NUMERAL
04-19 15:56:54.316 17079 17079 I ScsApi@FeatureHolder: setStatus() : FEATURE_TEXT_GET_ENTITY_DATETIME_NUMERAL : 0
04-19 15:56:54.316 17079 17079 I ScsApi@Feature: checkFeature() : FEATURE_TEXT_GET_ENTITY_PHONE_NUMBER
04-19 15:56:54.323 17079 17079 I ScsApi@FeatureHolder: setStatus() : FEATURE_TEXT_GET_ENTITY_PHONE_NUMBER : 0
04-19 15:56:54.324 17079 17079 I ScsApi@Feature: checkFeature() : FEATURE_TEXT_GET_ENTITY_POI
04-19 15:56:54.333 17079 17079 I ScsApi@FeatureHolder: setStatus() : FEATURE_TEXT_GET_ENTITY_POI : 0
04-19 15:56:54.333 17079 17079 I ScsApi@Feature: checkFeature() : FEATURE_TEXT_GET_ENTITY_BANK
04-19 15:56:54.338 17079 17079 I ScsApi@FeatureHolder: setStatus() : FEATURE_TEXT_GET_ENTITY_BANK : 0
04-19 15:56:54.344 13194 13237 I WM-WorkerWrapper: Worker result SUCCESS for Work [ id=81a13b5a-3fdd-427d-b340-2f2c8fc43aa8, tags={ com.samsung.android.calendar.synctasks, com.samsung.android.scs.ai.search.data.collector.ObserverWorker } ]
04-19 15:56:54.353 13194 13257 I SCS@AiSearch user 0: (BaseCollector::CALENDAR) [CALENDAR-0] leave():  leave
04-19 15:56:54.354 23109 16216 I NetworkScheduler.Stats: Task com.google.android.gms/com.google.android.gms.ipa.base.IpaGcmTaskService finished executing. cause:9 result: 1 elapsed_millis: 89 uptime_millis: 88 exec_start_elapsed_seconds: 345660 [CONTEXT service_id=218 ]
04-19 15:56:54.358 13194 13257 I SCS@AiSearch user 0: (BaseCollector::CALENDAR) [CALENDAR-0] enter():  enter from l0
04-19 15:56:54.363 17257 17284 I ExtractEntityExecutor: extractBasicEntity - start
04-19 15:56:54.364 17257 17284 I ExtractEntityExecutor: extractBasicEntity input text length : 467
04-19 15:56:54.384 17564 17585 I PerfettoCapture: Cleanup perfetto before starting.
04-19 15:56:54.393 13194 13257 I SCS@AiSearch user 0: (BaseCollector::CALENDAR) [CALENDAR-0] leave():  leave
04-19 15:56:54.394 13194 13257 I SCS@AiSearch user 0: (IndexManager) [CALENDAR-0] entering in addIndex():
04-19 15:56:54.399 13194 13257 I SCS@AiSearch user 0: (BaseCollector::CALENDAR) fetch: fetching took  194 ms
04-19 15:56:54.399 13194 13257 I SCS@AiSearch user 0: (BaseCollector::CALENDAR) fetchChanges: applied 0 items
04-19 15:56:54.399 13194 13257 I SCS@AiSearch user 0: (BaseCollector::CALENDAR) Collect finished. Result: true
04-19 15:56:54.403 13194 13257 I SCS@AiSearch user 0: (BaseCollector::CALENDAR) enqueue ObserverWorker name: com.samsung.android.calendar, policy: APPEND_OR_REPLACE
04-19 15:56:54.413  5628  5653 D PackageManager: setEnabledSetting : userId = 0 packageName = com.samsung.android.scs cmp = androidx.work.impl.background.systemalarm.RescheduleReceiver newState = 1 callingPackage = 10380/com.samsung.android.scs
04-19 15:56:54.414  5628  5653 D ApplicationPolicy: getApplicationStateEnabled : pkg = com.samsung.android.scs userId : 0
04-19 15:56:54.415  5628  5653 D ApplicationPolicy: getApplicationComponentState : pkg = com.samsung.android.scs userId : 0
04-19 15:56:54.428 17257 17284 I ExtractEntityExecutor: extracted size - bee : 5, otp : 0
04-19 15:56:54.428 17257 17284 I ExtractEntityExecutor: extractBasicEntity - end
04-19 15:56:54.436 17079 17079 I SamsungCalendar$LinkifyUtils: drawBasicEntityExtractText entities type : URL
04-19 15:56:54.436 17079 17079 I SamsungCalendar$LinkifyUtils: drawBasicEntityExtractText entities type : PHONE_NUMBER
04-19 15:56:54.437 17079 17079 I SamsungCalendar$LinkifyUtils: drawBasicEntityExtractText entities type : PHONE_NUMBER
04-19 15:56:54.439 17079 17079 I SamsungCalendar$LinkifyUtils: drawBasicEntityExtractText entities type : URL
04-19 15:56:54.439 17079 17079 I SamsungCalendar$LinkifyUtils: drawBasicEntityExtractText entities type : URL
04-19 15:56:54.467 13194 13237 I WM-WorkerWrapper: Worker result SUCCESS for Work [ id=91956629-103e-45df-8c85-39a8659229ec, tags={ com.samsung.android.scs.ai.search.data.collector.ObserverWorker, com.samsung.android.calendar } ]
04-19 15:56:54.480 17079 17079 I TimeFormatUtils: timeFlag : 129
04-19 15:56:54.503  5628 11453 D PackageManager: setEnabledSetting : userId = 0 packageName = com.samsung.android.scs cmp = androidx.work.impl.background.systemalarm.RescheduleReceiver newState = 1 callingPackage = 10380/com.samsung.android.scs
04-19 15:56:54.505  5628 11453 D ApplicationPolicy: getApplicationStateEnabled : pkg = com.samsung.android.scs userId : 0
04-19 15:56:54.507  5628 11453 D ApplicationPolicy: getApplicationComponentState : pkg = com.samsung.android.scs userId : 0
04-19 15:56:54.514 17079 17079 I SamsungCalendar$SamsungCalendarNoti: [LiveIconUtils] iconSize: 63 dateTextSize: 28
04-19 15:56:54.526  5628  5653 D ApplicationPolicy: isStatusBarNotificationAllowedAsUser: packageName = com.samsung.android.calendar,userId = 0
04-19 15:56:54.552  5628  5653 D ApplicationPolicy: isStatusBarNotificationAllowedAsUser: packageName = com.samsung.android.calendar,userId = 0
04-19 15:56:54.561  8513 17207 D FaceWidgetCalendarDisposable: begin
04-19 15:56:54.562  8513 17207 I FaceWidgetCalendarManager: No service bound. Query to current context.
04-19 15:56:54.568  5628  5714 W libprocessgroup: Failed to open /dev/blkio//cgroup.procs: No such file or directory
04-19 15:56:54.578  5628  5653 D ApplicationPolicy: isStatusBarNotificationAllowedAsUser: packageName = com.samsung.android.calendar,userId = 0
04-19 15:56:54.579 17564 17585 I PerfettoCapture: Perfetto output file cleanup -
04-19 15:56:54.579 17564 17585 I PerfettoCapture: Starting perfetto tracing with cmd: cat /storage/emulated/0/Android/data/org.jetbrains.android_benchmark.test/cache/trace_config.pb | perfetto --background -c - -o /data/misc/perfetto-traces/trace_output.pb
04-19 15:56:54.583  5628  5653 D ApplicationPolicy: isStatusBarNotificationAllowedAsUser: packageName = com.samsung.android.calendar,userId = 0
04-19 15:56:54.588 17079 17079 I TimeFormatUtils: clearStaticFlag
04-19 15:56:54.621  5628  5714 W libprocessgroup: Failed to open /dev/blkio//cgroup.procs: No such file or directory
04-19 15:56:54.624  5628  5714 W libprocessgroup: Failed to open /dev/blkio//cgroup.procs: No such file or directory
04-19 15:56:54.625  5628  5714 W libprocessgroup: Failed to open /dev/blkio//cgroup.procs: No such file or directory
04-19 15:56:54.626  5628  5714 W libprocessgroup: Failed to open /dev/blkio//cgroup.procs: No such file or directory
04-19 15:56:54.631  5900  5900 I CCalendar$WatchCalendarSyncJob: Calendar sync job is started
04-19 15:56:54.633 17079 18046 I SamsungCalendar$PreferenceProvider: query uri [content://com.sec.android.calendar.preference/PreferenceBoolean] from com.android.systemui
04-19 15:56:54.635  5900  5900 I CCalendar$WatchCalendarSyncJob: Registered WatchCalendarSyncJob on Plugin.
04-19 15:56:54.638  5900 18647 I CCalendar$WatchCalendarSyncJob: Start SyncData.
04-19 15:56:54.638  5900 18647 I CCalendar$EventSynchronizer: S] CacheDB update. 22060901
04-19 15:56:54.641  8513 17207 I FaceWidgetCalendarManager: No service bound. Query to current context.
04-19 15:56:54.672  8513 17207 D FaceWidgetCalendarDisposable: getEventsFromCalendar, [[id = 1154][start time = 2023 April 19 (Wednesday) 16:00][end time = 2023 April 19 (Wednesday) 16:30][is all day = false]]
04-19 15:56:54.672  5900 18647 I CCalendar$EventSynchronizer:  Local/Cache Calendars : 10/10
04-19 15:56:54.672  8513 17207 D FaceWidgetCalendarDisposable: end: 1
04-19 15:56:54.676  8513  8513 I FaceWidgetCalendarManager: Next end = [id = 1154][start time = 2023 April 19 (Wednesday) 16:00][end time = 2023 April 19 (Wednesday) 16:30][is all day = false]
04-19 15:56:54.679 17079 18046 I SamsungCalendar$PreferenceProvider: query uri [content://com.sec.android.calendar.preference/PreferenceBoolean] from com.samsung.android.heartplugin
04-19 15:56:54.683  8513  8513 I FaceWidgetCalendarManager: Next start = [id = 1154][start time = 2023 April 19 (Wednesday) 16:00][end time = 2023 April 19 (Wednesday) 16:30][is all day = false]
04-19 15:56:54.683 17079 18046 I SamsungCalendar$PreferenceProvider: query uri [content://com.sec.android.calendar.preference/PreferenceBoolean] from com.samsung.android.heartplugin
04-19 15:56:54.686  8513  8513 D FaceWidgetCalendarManager: reset
04-19 15:56:54.729  5900 18647 I CCalendar$EventCacheModelImpl: Deleted Old events : 0
04-19 15:56:54.732  5900 18647 I CCalendar$EventSynchronizer:  Local/Cache Events : 6/6
04-19 15:56:54.733  5900 18647 I CCalendar$EventCacheModelImpl: Deleted : 0(0)
04-19 15:56:54.733  5900 18647 I CCalendar$EventCacheModelImpl: Inserted : 0(0)
04-19 15:56:54.733  5900 18647 I CCalendar$EventSynchronizer: F] CacheDB update : C(false), E(false)
04-19 15:56:54.733  5900 18647 I CCalendar$WatchCalendarSyncJob: Finish SyncData.
04-19 15:56:54.777 18663 18663 I perfetto:    perfetto_cmd.cc:1001 Connected to the Perfetto traced service, starting tracing
04-19 15:56:54.778  5406  5406 I perfetto: ing_service_impl.cc:953 Configured tracing session 181, #sources:4, duration:0 ms, #buffers:2, total buffer size:36864 KB, total sessions:1, uid:2000 session name: ""
04-19 15:56:54.779  5403  5403 I perfetto:  probes_producer.cc:139 Ftrace setup (target_buf=361)
04-19 15:56:54.790  4066  4066 I Launcher.NotificationListener: onNotificationPosted : com.samsung.android.calendar number : 0
04-19 15:56:54.791  8513  8513 D InterruptionStateProvider: Group alert behavior is suppressed but we want to alert bubble
04-19 15:56:54.791  8513  8513 D InterruptionStateProvider: Group alert behavior is suppressed but we want to alert bubble
04-19 15:56:54.792  8513  8513 D InterruptionStateProvider: Group alert behavior is suppressed but we want to alert bubble
04-19 15:56:54.792  8513  8513 D InterruptionStateProvider: Group alert behavior is suppressed but we want to alert bubble
04-19 15:56:54.792  8513  8513 D InterruptionStateProvider: Group alert behavior is suppressed but we want to alert bubble
04-19 15:56:54.798  8492  8492 I FreeformContainer: [SmartPopupViewService] onNotificationPosted: StatusBarNotification(pkg=com.samsung.android.calendar user=UserHandle{0} id=1 tag=1154 key=0|com.samsung.android.calendar|1|1154|10193: Notification(channel=calendar_noti_ch_id_reminder shortcut=null contentView=null vibrate=null sound=null defaults=0x0 flags=0x8 color=0xff0087aa category=event groupKey=com.samsung.android.app.calendar.notification.EVENT_GROUP actions=3 vis=PRIVATE semFlags=0x0 semPriority=0 semMissedCount=0))
04-19 15:56:54.798  8492  8492 V FreeformContainer: [SmartPopupViewService] isSmartPopupViewTarget: com.samsung.android.calendar is not enabled
04-19 15:56:54.801  8513  8513 D InterruptionStateProvider: Group alert behavior is suppressed but we want to alert bubble
04-19 15:56:54.801  8513  8513 D InterruptionStateProvider: Group alert behavior is suppressed but we want to alert bubble
04-19 15:56:54.801  6057  6576 I NotificationPipeline: Processing new notification: 0|com.samsung.android.calendar|1|1154|10193
04-19 15:56:54.802  8513  8513 D InterruptionStateProvider: Group alert behavior is suppressed but we want to alert bubble
04-19 15:56:54.802  8513  8513 D InterruptionStateProvider: Group alert behavior is suppressed but we want to alert bubble
04-19 15:56:54.803  8513  8513 D InterruptionStateProvider: Group alert behavior is suppressed but we want to alert bubble
04-19 15:56:54.803  8513  8513 D InterruptionStateProvider: Group alert behavior is suppressed but we want to alert bubble
04-19 15:56:54.803  8513  8513 D InterruptionStateProvider: Group alert behavior is suppressed but we want to alert bubble
04-19 15:56:54.803  8513  8513 D InterruptionStateProvider: Group alert behavior is suppressed but we want to alert bubble
04-19 15:56:54.803  8513  8513 D InterruptionStateProvider: Group alert behavior is suppressed but we want to alert bubble
04-19 15:56:54.803  8513  8513 D InterruptionStateProvider: Group alert behavior is suppressed but we want to alert bubble
04-19 15:56:54.806  6057  6576 W Notification4Heart_NB: NotificationBridgeCallback.onNotificationPosted-no bridge app : [0] com.samsung.android.calendar
04-19 15:56:54.821  8492  8492 I FreeformContainer: [SmartPopupViewService] onNotificationPosted: StatusBarNotification(pkg=com.samsung.android.calendar user=UserHandle{0} id=1 tag=2147483646 key=0|com.samsung.android.calendar|1|2147483646|10193: Notification(channel=calendar_noti_ch_id_reminder shortcut=null contentView=null vibrate=null sound=null defaults=0x0 flags=0x208 color=0xff0087aa category=event groupKey=com.samsung.android.app.calendar.notification.EVENT_GROUP vis=PRIVATE semFlags=0x100 semPriority=0 semMissedCount=0))
04-19 15:56:54.821  8492  8492 V FreeformContainer: [SmartPopupViewService] isSmartPopupViewTarget: com.samsung.android.calendar is not enabled
04-19 15:56:54.821  4066  4066 I Launcher.NotificationListener: onNotificationPosted : com.samsung.android.calendar number : 0
04-19 15:56:54.823  8513  8513 D PluginInstanceManager: stopListening
04-19 15:56:54.827  8513  8513 D PluginInstanceManager: startListening
04-19 15:56:54.827  8513  8613 D PluginInstanceManager: queryAll com.android.systemui.action.PLUGIN_NOTIFICATION_MENU_ROW
04-19 15:56:54.827  8513  8613 D PluginInstanceManager: Found 0 plugins
04-19 15:56:54.828  6057  6576 I NotificationPipeline: Processing new notification: 0|com.samsung.android.calendar|1|2147483646|10193
04-19 15:56:54.829  6057  6576 W Notification4Heart_NB: NotificationBridgeCallback.onNotificationPosted-no bridge app : [0] com.samsung.android.calendar
04-19 15:56:54.834 13194 13194 I SCS@AiSearch user 0: (ObserverWorker::AOSP_MP) [main] entering in startWork():
04-19 15:56:54.834 13194 13194 I SCS@AiSearch user 0: (BaseCollector::AOSP_MP) [main] entering in onChange():
04-19 15:56:54.835 13194 15497 I SCS@AiSearch user 0: (BaseCollector::AOSP_MP) [AOSP_MP-0] entering in collectChanges():
04-19 15:56:54.838  8513  8513 I FaceWidgetPositionAlgorithm: getClockContainerHeight() supplier = 270, bottom margin = 0, real height = 333
04-19 15:56:54.838  8513  8513 I FaceWidgetPositionAlgorithm: getClockContainerHeight() supplier = 270, bottom margin = 63, real height = 333
04-19 15:56:54.838  8513  8513 I FaceWidgetPositionAlgorithm: getMediaContainerHeight() height = 0 container Visibility = 8, isValid = false, mIsDozing = false, fraction = 1.0, source = 0, target = 0
04-19 15:56:54.838  8513  8513 I FaceWidgetPositionAlgorithm: getMediaContainerHeight() supplier = 0
04-19 15:56:54.841  5628 11446 D PackageManager: setEnabledSetting : userId = 0 packageName = com.samsung.android.scs cmp = androidx.work.impl.background.systemalarm.RescheduleReceiver newState = 1 callingPackage = 10380/com.samsung.android.scs
04-19 15:56:54.842  5628 11446 D ApplicationPolicy: getApplicationStateEnabled : pkg = com.samsung.android.scs userId : 0
04-19 15:56:54.843  5628 11446 D ApplicationPolicy: getApplicationComponentState : pkg = com.samsung.android.scs userId : 0
04-19 15:56:54.850  8513  8513 D PluginAODManager: onNotificationInfoUpdated() 0
04-19 15:56:54.852  8513  8513 I AODNotificationManager: updateVisibleNotifications: 0
04-19 15:56:54.852  8513  8513 I a       : updateStatusBarNotifications: open
04-19 15:56:54.852  8513  8513 I a       : updateStatusBarNotifications: open
04-19 15:56:54.853  8513  8513 D InterruptionStateProvider: Group alert behavior is suppressed but we want to alert bubble
04-19 15:56:54.853  8513  8513 D InterruptionStateProvider: Group alert behavior is suppressed but we want to alert bubble
04-19 15:56:54.854  8513  8513 D InterruptionStateProvider: Group alert behavior is suppressed but we want to alert bubble
04-19 15:56:54.854  8513  8513 D InterruptionStateProvider: Group alert behavior is suppressed but we want to alert bubble
04-19 15:56:54.854  8513  8513 D InterruptionStateProvider: Group alert behavior is suppressed but we want to alert bubble
04-19 15:56:54.854  8513  8513 D InterruptionStateProvider: Group alert behavior is suppressed but we want to alert bubble
04-19 15:56:54.854  8513  8513 D InterruptionStateProvider: Group alert behavior is suppressed but we want to alert bubble
04-19 15:56:54.854  8513  8513 D InterruptionStateProvider: Group alert behavior is suppressed but we want to alert bubble
04-19 15:56:54.854  8513  8513 D InterruptionStateProvider: Group alert behavior is suppressed but we want to alert bubble
04-19 15:56:54.854  8513  8513 D InterruptionStateProvider: Group alert behavior is suppressed but we want to alert bubble
04-19 15:56:54.854  8513  8513 D InterruptionStateProvider: Group alert behavior is suppressed but we want to alert bubble
04-19 15:56:54.856  8513  8513 D InterruptionStateProvider: Group alert behavior is suppressed but we want to alert bubble
04-19 15:56:54.857  8513  8513 D InterruptionStateProvider: Group alert behavior is suppressed but we want to alert bubble
04-19 15:56:54.857  8513  8513 D InterruptionStateProvider: Group alert behavior is suppressed but we want to alert bubble
04-19 15:56:54.857  8513  8513 D InterruptionStateProvider: Group alert behavior is suppressed but we want to alert bubble
04-19 15:56:54.858 17564 17585 I PerfettoCapture: Perfetto output - 18663
04-19 15:56:54.858 17564 17585 I PerfettoCapture: EXITCODE=0
04-19 15:56:54.861  8513  8513 D PluginAODManager: onNotificationInfoUpdated() 0
04-19 15:56:54.861  8513  8513 I AODNotificationManager: updateVisibleNotifications: 0
04-19 15:56:54.861  8513  8513 I a       : updateStatusBarNotifications: open
04-19 15:56:54.862  8513  8513 I a       : updateStatusBarNotifications: open
04-19 15:56:54.894  4378  4378 I hwservicemanager: getTransport: Cannot find entry android.hardware.atrace@1.0::IAtraceDevice/default in either framework or device VINTF manifest.
04-19 15:56:54.920  5403  5403 I perfetto:    ftrace_procfs.cc:335 enabled ftrace in /sys/kernel/tracing/
04-19 15:56:54.929 13194 15497 I SCS@AiSearch user 0: (BaseCollector::AOSP_MP) fetchInternal values : maxSyncId: 1000007868 indexCount: 1709 sourceCount: 1709
04-19 15:56:54.975 17564 17585 I PerfettoCapture: Perfetto tracing started successfully with pid 18663.
04-19 15:56:54.986 13194 15497 I SCS@AiSearch user 0: (IndexManager) [AOSP_MP-0] entering in addIndex():
04-19 15:56:54.991 13194 15497 I SCS@AiSearch user 0: (BaseCollector::AOSP_MP) fetch: fetching took  97 ms
04-19 15:56:54.992 13194 15497 I SCS@AiSearch user 0: (BaseCollector::AOSP_MP) fetchChanges: applied 0 items
04-19 15:56:54.993 30407 30407 I ResourceOverlayService_0: waitAndQuit called
04-19 15:56:54.993 13194 15497 I SCS@AiSearch user 0: (BaseCollector::AOSP_MP) Collect finished. Result: true
04-19 15:56:54.994 13194 15497 I SCS@AiSearch user 0: (BaseCollector::AOSP_MP) enqueue ObserverWorker name: com.sec.android.app.myfiles, policy: APPEND_OR_REPLACE
04-19 15:56:54.995 30407 30407 I ResourceOverlayService_0: activity user id 0 process id 0
04-19 15:56:54.995 13194 13252 I WM-WorkerWrapper: Worker result SUCCESS for Work [ id=8a38447d-eba5-4330-b039-2da014d26dd7, tags={ com.sec.android.app.myfiles, com.samsung.android.scs.ai.search.data.collector.ObserverWorker } ]
04-19 15:56:55.025  5628  5882 D PackageManager: setEnabledSetting : userId = 0 packageName = com.samsung.android.scs cmp = androidx.work.impl.background.systemalarm.RescheduleReceiver newState = 1 callingPackage = 10380/com.samsung.android.scs
04-19 15:56:55.027  5628  5882 D ApplicationPolicy: getApplicationStateEnabled : pkg = com.samsung.android.scs userId : 0
04-19 15:56:55.028  5628  5882 D ApplicationPolicy: getApplicationComponentState : pkg = com.samsung.android.scs userId : 0
04-19 15:56:55.056  8513  8513 D InterruptionStateProvider: Group alert behavior is suppressed but we want to alert bubble
04-19 15:56:55.057  8513  8513 D BubblesManager: onEntryUpdated : shouldBubbleUp=false ,key=0|com.samsung.android.calendar|1|2147483646|10193
04-19 15:56:55.061  8513  8513 D BubblesManager: onEntryUpdated : shouldBubbleUp=false ,key=0|com.samsung.android.calendar|1|1154|10193
04-19 15:56:55.063 17564 17585 I PerfettoCapture: /sys/kernel/tracing/tracing_on = 1, polled 0 times, capture fully started
04-19 15:56:55.064 17564 17585 D Benchmark: Set 17585 (Bench thread) to priority -20. Was -8, now -20
04-19 15:56:55.064 17564 17585 D Benchmark: Set 17572 (Jit) to priority -15. Was 9, now -15
04-19 15:56:55.083  8513  8513 I FaceWidgetPositionAlgorithm: getClockContainerHeight() supplier = 270, bottom margin = 0, real height = 333
04-19 15:56:55.083  8513  8513 I FaceWidgetPositionAlgorithm: getClockContainerHeight() supplier = 270, bottom margin = 63, real height = 333
04-19 15:56:55.083  8513  8513 I FaceWidgetPositionAlgorithm: getMediaContainerHeight() height = 0 container Visibility = 8, isValid = false, mIsDozing = false, fraction = 1.0, source = 0, target = 0
04-19 15:56:55.083  8513  8513 I FaceWidgetPositionAlgorithm: getMediaContainerHeight() supplier = 0
04-19 15:56:55.094  8513  8513 D PluginAODManager: onNotificationInfoUpdated() 0
04-19 15:56:55.095  8513  8513 I AODNotificationManager: updateVisibleNotifications: 0
04-19 15:56:55.095  8513  8513 I a       : updateStatusBarNotifications: open
04-19 15:56:55.095  8513  8513 I a       : updateStatusBarNotifications: open
04-19 15:56:55.101 17564 17585 I _benchmark.test: Explicit concurrent copying GC freed 561136(13MB) AllocSpace objects, 1(20KB) LOS objects, 68% free, 2872KB/9016KB, paused 285us,88us total 35.812ms
04-19 15:56:55.125  8513  8513 I FaceWidgetPositionAlgorithm: getClockContainerHeight() supplier = 270, bottom margin = 0, real height = 333
04-19 15:56:55.126  8513  8513 I FaceWidgetPositionAlgorithm: getClockContainerHeight() supplier = 270, bottom margin = 63, real height = 333
04-19 15:56:55.126  8513  8513 I FaceWidgetPositionAlgorithm: getMediaContainerHeight() height = 0 container Visibility = 8, isValid = false, mIsDozing = false, fraction = 1.0, source = 0, target = 0
04-19 15:56:55.126  8513  8513 I FaceWidgetPositionAlgorithm: getMediaContainerHeight() supplier = 0
04-19 15:56:55.160  8513  8513 I FaceWidgetPositionAlgorithm: getClockContainerHeight() supplier = 270, bottom margin = 0, real height = 333
04-19 15:56:55.160  8513  8513 I FaceWidgetPositionAlgorithm: getClockContainerHeight() supplier = 270, bottom margin = 63, real height = 333
04-19 15:56:55.160  8513  8513 I FaceWidgetPositionAlgorithm: getMediaContainerHeight() height = 0 container Visibility = 8, isValid = false, mIsDozing = false, fraction = 1.0, source = 0, target = 0
04-19 15:56:55.160  8513  8513 I FaceWidgetPositionAlgorithm: getMediaContainerHeight() supplier = 0
04-19 15:56:55.169  8513  8513 D PluginAODManager: onNotificationInfoUpdated() 0
04-19 15:56:55.169  8513  8513 I AODNotificationManager: updateVisibleNotifications: 0
04-19 15:56:55.169  8513  8513 I a       : updateStatusBarNotifications: open
04-19 15:56:55.169  8513  8513 I a       : updateStatusBarNotifications: open
04-19 15:56:55.678 17079 17079 I SamsungCalendar$CountdownWidgetProvider: onReceive : action =com.samsung.android.calendar.ACTION_CALENDAR_PROVIDER_CHANGED, id = 0
04-19 15:56:55.700 17079 17079 I SamsungCalendar$CalendarConference: [GoogleSyncReceiver] onReceive : com.samsung.android.calendar.ACTION_CALENDAR_PROVIDER_CHANGED
04-19 15:56:55.702 17079 18678 I SamsungCalendar$CalendarConference: [ConferenceSyncManager] ====== Perform Conference Sync Start ======
04-19 15:56:55.705 17079 17079 I SamsungCalendar$SamsungCalendarNoti: [NotificationActionReceiver] onReceive() com.samsung.android.calendar.ACTION_CALENDAR_PROVIDER_CHANGED
04-19 15:56:55.705 17079 17079 I SamsungCalendar$KnoxUtils: creatorUid: 0 / currentUid = 0
04-19 15:56:55.707 17079 17079 I SamsungCalendar$SamsungCalendarNoti: [NotificationActionReceiver] KEY_NOTIFICATION_TYPE_VALUE = 1
04-19 15:56:55.708 17079 17114 I SamsungCalendar$SamsungCalendarNoti: [NotificationMainTask] processMessage: com.samsung.android.calendar.ACTION_CALENDAR_PROVIDER_CHANGED / alarmTime : 0
04-19 15:56:55.722 17079 18678 I SamsungCalendar$CalendarConference: No ConferenceData to sync.
04-19 15:56:55.722 17079 18678 I SamsungCalendar$CalendarConference: [ConferenceSyncManager] ====== Perform Conference Sync Finish ======
04-19 15:56:55.723 17079 17114 I SamsungCalendar$SamsungCalendarNoti: [EventNotificationModelImpl] alertCursor result: alarmTime:1681912913486 alertId:172 eventId:1154 state: 0 minutes:0 declined:false beginTime:1681912800000 endMinute:1681914600000 allDay:false newAlertOverride: true
04-19 15:56:55.733 17079 17114 I SamsungCalendar$SamsungCalendarNoti: [DismissUtils] getEndTimePendingIntent: 1681912913486
04-19 15:56:55.794 17079 18046 W libc    : Access denied finding property "sys.perf.boostopt"
04-19 15:56:55.794  5224  5224 E audit   : type=1400 audit(1681912615.789:103047): avc:  denied  { read } for  pid=17079 comm="binder:17079_4" name="u:object_r:perf_prop:s0" dev="tmpfs" ino=16829 scontext=u:r:platform_app:s0:c512,c768 tcontext=u:object_r:perf_prop:s0 tclass=file permissive=0 SEPF_SM-A515F_13_0001 audit_filtered
04-19 15:56:55.794  5224  5224 E audit   : type=1300 audit(1681912615.789:103047): arch=c00000b7 syscall=56 success=no exit=-13 a0=ffffff9c a1=7dd5bfb2f8 a2=88000 a3=0 items=0 ppid=5250 pid=17079 auid=4294967295 uid=10193 gid=10193 euid=10193 suid=10193 fsuid=10193 egid=10193 sgid=10193 fsgid=10193 tty=(none) ses=4294967295 comm="binder:17079_4" exe="/system/bin/app_process64" subj=u:r:platform_app:s0:c512,c768 key=(null)
04-19 15:56:55.794  5224  5224 E audit   : type=1327 audit(1681912615.789:103047): proctitle="com.samsung.android.calendar"
04-19 15:56:55.819  5331  8956 I SurfaceFlinger: id=19351 createSurf flag=24000, Surface(name=f5675d0 Toast)/@0x7c05194 - animation-leash of window_animation#19351
04-19 15:56:55.834  8513  8575 D OpenGLRenderer: setSurface called with nullptr
04-19 15:56:55.834  8513  8575 D OpenGLRenderer: setSurface() destroyed EGLSurface
04-19 15:56:55.834  8513  8575 D OpenGLRenderer: destroyEglSurface
04-19 15:56:55.837  8513  8513 I ViewRootImpl@97638f8[Toast]: dispatchDetachedFromWindow
04-19 15:56:55.848  5628  5653 D InputTransport: Input channel destroyed: 'f5675d0', fd=728
04-19 15:56:55.848  5628  5653 W InputManager-JNI: Input channel object 'f5675d0 Toast (client)' was disposed without first being removed with the input manager!
04-19 15:56:55.849  5628  5653 D InputTransport: Input channel destroyed: 'f5675d0', fd=874
04-19 15:56:55.855  8513  8513 D InputTransport: Input channel destroyed: 'f5675d0', fd=346
04-19 15:56:55.966 17079 17079 I SamsungCalendar$SamsungCalendarNoti: [EventNotificationViewImpl] postNotification | notificationList.size: 1 countOfFiredAlarms: 0
04-19 15:56:55.969 17079 17079 I SamsungCalendar$SamsungCalendarNoti: [CoverUtils]  | isCameraCoverClosed = false
04-19 15:56:55.969 17079 17079 I SamsungCalendar$SamsungCalendarNoti: [quietUpdate: true] isQuietAlert: true / isSnoozed: true / alertState: 0 / shouldDisplayAlertPopup? false / isThrottleRequired? false (58557ms)
04-19 15:56:55.970 17079 17079 I SamsungCalendar$SamsungCalendarNoti: [CustomHeadUpService] isRunning:false
04-19 15:56:55.982 17079 17079 I ScsApi@Feature: checkFeature() : FEATURE_TEXT_GET_ENTITY
04-19 15:56:55.983 17079 17114 I SamsungCalendar$SamsungCalendarNoti: [TaskNotificationViewImpl] clearNotificationGroup
04-19 15:56:55.986 17079 17079 I ScsApi@FeatureHolder: setStatus() : FEATURE_TEXT_GET_ENTITY : 0
04-19 15:56:55.986 17079 17079 I SCSUtils: FEATURE_TEXT_GET_ENTITY is available
04-19 15:56:55.986 17079 17079 I ScsApi@Feature: checkFeature() : FEATURE_TEXT_GET_ENTITY
04-19 15:56:55.987 17079 17079 I ScsApi@FeatureHolder: setStatus() : FEATURE_TEXT_GET_ENTITY : 0
04-19 15:56:55.987 17079 17079 I ScsApi@Feature: checkFeature() : FEATURE_TEXT_GET_ENTITY_DATETIME_NUMERAL
04-19 15:56:55.989 17079 17079 I ScsApi@FeatureHolder: setStatus() : FEATURE_TEXT_GET_ENTITY_DATETIME_NUMERAL : 0
04-19 15:56:55.989 17079 17079 I ScsApi@Feature: checkFeature() : FEATURE_TEXT_GET_ENTITY_PHONE_NUMBER
04-19 15:56:55.990 17079 17079 I ScsApi@FeatureHolder: setStatus() : FEATURE_TEXT_GET_ENTITY_PHONE_NUMBER : 0
04-19 15:56:55.991 17079 17079 I ScsApi@Feature: checkFeature() : FEATURE_TEXT_GET_ENTITY_POI
04-19 15:56:55.992 17079 17079 I ScsApi@FeatureHolder: setStatus() : FEATURE_TEXT_GET_ENTITY_POI : 0
04-19 15:56:55.992 17079 17079 I ScsApi@Feature: checkFeature() : FEATURE_TEXT_GET_ENTITY_BANK
04-19 15:56:55.994 17079 17079 I ScsApi@FeatureHolder: setStatus() : FEATURE_TEXT_GET_ENTITY_BANK : 0
04-19 15:56:55.996 30407 30407 I ResourceOverlayService_0: waitAndQuit called
04-19 15:56:55.997 17257 17284 I ExtractEntityExecutor: extractBasicEntity - start
04-19 15:56:55.998 17257 17284 I ExtractEntityExecutor: extractBasicEntity input text length : 23
04-19 15:56:56.001 30407 30407 I ResourceOverlayService_0: activity user id 0 process id 0
04-19 15:56:56.007 17257 17284 I ExtractEntityExecutor: extracted size - bee : 0, otp : 0
04-19 15:56:56.007 17257 17284 I ExtractEntityExecutor: extractBasicEntity - end
04-19 15:56:56.011 17079 17079 I ScsApi@Feature: checkFeature() : FEATURE_TEXT_GET_ENTITY
04-19 15:56:56.012 17079 17079 I ScsApi@FeatureHolder: setStatus() : FEATURE_TEXT_GET_ENTITY : 0
04-19 15:56:56.012 17079 17079 I SCSUtils: FEATURE_TEXT_GET_ENTITY is available
04-19 15:56:56.012 17079 17079 I ScsApi@Feature: checkFeature() : FEATURE_TEXT_GET_ENTITY
04-19 15:56:56.014 17079 17079 I ScsApi@FeatureHolder: setStatus() : FEATURE_TEXT_GET_ENTITY : 0
04-19 15:56:56.014 17079 17079 I ScsApi@Feature: checkFeature() : FEATURE_TEXT_GET_ENTITY_DATETIME_NUMERAL
04-19 15:56:56.015 17079 17079 I ScsApi@FeatureHolder: setStatus() : FEATURE_TEXT_GET_ENTITY_DATETIME_NUMERAL : 0
04-19 15:56:56.015 17079 17079 I ScsApi@Feature: checkFeature() : FEATURE_TEXT_GET_ENTITY_PHONE_NUMBER
04-19 15:56:56.017 17079 17079 I ScsApi@FeatureHolder: setStatus() : FEATURE_TEXT_GET_ENTITY_PHONE_NUMBER : 0
04-19 15:56:56.017 17079 17079 I ScsApi@Feature: checkFeature() : FEATURE_TEXT_GET_ENTITY_POI
04-19 15:56:56.019 17079 17079 I ScsApi@FeatureHolder: setStatus() : FEATURE_TEXT_GET_ENTITY_POI : 0
04-19 15:56:56.019 17079 17079 I ScsApi@Feature: checkFeature() : FEATURE_TEXT_GET_ENTITY_BANK
04-19 15:56:56.020 17079 17079 I ScsApi@FeatureHolder: setStatus() : FEATURE_TEXT_GET_ENTITY_BANK : 0
04-19 15:56:56.021 17257 17284 I ExtractEntityExecutor: extractBasicEntity - start
04-19 15:56:56.021 17257 17284 I ExtractEntityExecutor: extractBasicEntity input text length : 72
04-19 15:56:56.036 17257 17284 I ExtractEntityExecutor: extracted size - bee : 0, otp : 0
04-19 15:56:56.036 17257 17284 I ExtractEntityExecutor: extractBasicEntity - end
04-19 15:56:56.040 17079 17079 I ScsApi@Feature: checkFeature() : FEATURE_TEXT_GET_ENTITY
04-19 15:56:56.042 17079 17079 I ScsApi@FeatureHolder: setStatus() : FEATURE_TEXT_GET_ENTITY : 0
04-19 15:56:56.042 17079 17079 I SCSUtils: FEATURE_TEXT_GET_ENTITY is available
04-19 15:56:56.043 17079 17079 I ScsApi@Feature: checkFeature() : FEATURE_TEXT_GET_ENTITY
04-19 15:56:56.044 17079 17079 I ScsApi@FeatureHolder: setStatus() : FEATURE_TEXT_GET_ENTITY : 0
04-19 15:56:56.044 17079 17079 I ScsApi@Feature: checkFeature() : FEATURE_TEXT_GET_ENTITY_DATETIME_NUMERAL
04-19 15:56:56.047 17079 17079 I ScsApi@FeatureHolder: setStatus() : FEATURE_TEXT_GET_ENTITY_DATETIME_NUMERAL : 0
04-19 15:56:56.047 17079 17079 I ScsApi@Feature: checkFeature() : FEATURE_TEXT_GET_ENTITY_PHONE_NUMBER
04-19 15:56:56.048 17079 17079 I ScsApi@FeatureHolder: setStatus() : FEATURE_TEXT_GET_ENTITY_PHONE_NUMBER : 0
04-19 15:56:56.048 17079 17079 I ScsApi@Feature: checkFeature() : FEATURE_TEXT_GET_ENTITY_POI
04-19 15:56:56.050 17079 17079 I ScsApi@FeatureHolder: setStatus() : FEATURE_TEXT_GET_ENTITY_POI : 0
04-19 15:56:56.050 17079 17079 I ScsApi@Feature: checkFeature() : FEATURE_TEXT_GET_ENTITY_BANK
04-19 15:56:56.051 17079 17079 I ScsApi@FeatureHolder: setStatus() : FEATURE_TEXT_GET_ENTITY_BANK : 0
04-19 15:56:56.052 17257 17284 I ExtractEntityExecutor: extractBasicEntity - start
04-19 15:56:56.052 17257 17284 I ExtractEntityExecutor: extractBasicEntity input text length : 467
04-19 15:56:56.076 17257 17284 I ExtractEntityExecutor: extracted size - bee : 5, otp : 0
04-19 15:56:56.077 17257 17284 I ExtractEntityExecutor: extractBasicEntity - end
04-19 15:56:56.078 17079 17079 I SamsungCalendar$LinkifyUtils: drawBasicEntityExtractText entities type : URL
04-19 15:56:56.078 17079 17079 I SamsungCalendar$LinkifyUtils: drawBasicEntityExtractText entities type : PHONE_NUMBER
04-19 15:56:56.078 17079 17079 I SamsungCalendar$LinkifyUtils: drawBasicEntityExtractText entities type : PHONE_NUMBER
04-19 15:56:56.078 17079 17079 I SamsungCalendar$LinkifyUtils: drawBasicEntityExtractText entities type : URL
04-19 15:56:56.078 17079 17079 I SamsungCalendar$LinkifyUtils: drawBasicEntityExtractText entities type : URL
04-19 15:56:56.082  5628  9811 D SemWifiUsabilityStatsMonitor: onWifiUsabilityStats - seqNum 36042, isSameBssidAndFreq true
04-19 15:56:56.084  5628  8422 I SemWifiLinkQualityMonitor: Link Qos Query: 0.019 ms / 417.536 Mbps (433 / 0.000 / 1.037)
04-19 15:56:56.090 17079 17079 I TimeFormatUtils: timeFlag : 129
04-19 15:56:56.095 17079 17079 I SamsungCalendar$SamsungCalendarNoti: [LiveIconUtils] iconSize: 63 dateTextSize: 28
04-19 15:56:56.100  5628  5882 D ApplicationPolicy: isStatusBarNotificationAllowedAsUser: packageName = com.samsung.android.calendar,userId = 0
04-19 15:56:56.112  5628  5882 D ApplicationPolicy: isStatusBarNotificationAllowedAsUser: packageName = com.samsung.android.calendar,userId = 0
04-19 15:56:56.129  5628 11446 D ApplicationPolicy: isStatusBarNotificationAllowedAsUser: packageName = com.samsung.android.calendar,userId = 0
04-19 15:56:56.139  5628 11446 D ApplicationPolicy: isStatusBarNotificationAllowedAsUser: packageName = com.samsung.android.calendar,userId = 0
04-19 15:56:56.141 17079 17079 I TimeFormatUtils: clearStaticFlag
04-19 15:56:56.150 17079 17079 I SamsungCalendar$EventCardReceiver: onReceive : action = com.samsung.android.calendar.ACTION_CALENDAR_PROVIDER_CHANGED
04-19 15:56:56.152 17079 17339 I SamsungCalendar$EventCardReceiver: start updateCards
04-19 15:56:56.160 17079 17339 I SamsungCalendar$EventCardReceiver: finish
04-19 15:56:56.358  8492  8492 I FreeformContainer: [SmartPopupViewService] onNotificationPosted: StatusBarNotification(pkg=com.samsung.android.calendar user=UserHandle{0} id=1 tag=1154 key=0|com.samsung.android.calendar|1|1154|10193: Notification(channel=calendar_noti_ch_id_reminder shortcut=null contentView=null vibrate=null sound=null defaults=0x0 flags=0x8 color=0xff0087aa category=event groupKey=com.samsung.android.app.calendar.notification.EVENT_GROUP actions=3 vis=PRIVATE semFlags=0x0 semPriority=0 semMissedCount=0))
04-19 15:56:56.358  8492  8492 V FreeformContainer: [SmartPopupViewService] isSmartPopupViewTarget: com.samsung.android.calendar is not enabled
04-19 15:56:56.361  5331  5331 D SurfaceFlinger: Display 0 HWC layers:
04-19 15:56:56.361  5331  5331 D SurfaceFlinger:  SOLID_COLOR |              | 0000 |  Unknown  |    0.0    0.0    0.0    0.0 |    0    0 1080   88 | Letterbox - top#19345
04-19 15:56:56.361  5331  5331 D SurfaceFlinger:      DEVICE | 0x79aa45dc40 | 0102 | RGBA_8888    |    0.0    0.0 1080.0 2312.0 |    0   88 1080 2400 | org.jetbrains.android_benchmark.test[...]hmark.IsolationActivity$_17564#19341
04-19 15:56:56.361  5331  5331 D SurfaceFlinger:      DEVICE | 0x79c63ef680 | 0100 | RGBA_8888    |  810.0  452.0  975.0  617.0 |  810  452  975  617 | FreeformContainer$_8492#19256
04-19 15:56:56.361  5331  5331 D SurfaceFlinger:      DEVICE | 0x79c63f1340 | 0100 | RGBA_8888    |    0.0    0.0 1080.0  126.0 |    0 2274 1080 2400 | NavigationBar0$_8513#92
04-19 15:56:56.361  5331  5331 D SurfaceFlinger:      DEVICE | 0x79c7ec87c0 | 0140 | RGBA_8888    |    0.0    0.0 1080.0  100.0 |    0    0 1080  100 | ScreenDecorOverlay$_8513#6827
04-19 15:56:56.361  5331  5331 D SurfaceFlinger:      DEVICE | 0x79a9f42580 | 0140 | RGBA_8888    |    0.0    0.0 1080.0  100.0 |    0 2300 1080 2400 | ScreenDecorOverlayBottom$_8513#6828
04-19 15:56:56.361  5331  5331 D SurfaceFlinger:
04-19 15:56:56.366  8513  8513 D InterruptionStateProvider: Group alert behavior is suppressed but we want to alert bubble
04-19 15:56:56.366  8513  8513 D InterruptionStateProvider: Group alert behavior is suppressed but we want to alert bubble
04-19 15:56:56.366  8513  8513 D InterruptionStateProvider: Group alert behavior is suppressed but we want to alert bubble
04-19 15:56:56.367  8513  8513 D InterruptionStateProvider: Group alert behavior is suppressed but we want to alert bubble
04-19 15:56:56.367  8513  8513 D InterruptionStateProvider: Group alert behavior is suppressed but we want to alert bubble
04-19 15:56:56.367  8513  8513 D InterruptionStateProvider: Group alert behavior is suppressed but we want to alert bubble
04-19 15:56:56.367  8513  8513 D InterruptionStateProvider: Group alert behavior is suppressed but we want to alert bubble
04-19 15:56:56.368  8513  8513 D InterruptionStateProvider: Group alert behavior is suppressed but we want to alert bubble
04-19 15:56:56.369  8513  8513 D InterruptionStateProvider: Group alert behavior is suppressed but we want to alert bubble
04-19 15:56:56.369  8513  8513 D InterruptionStateProvider: Group alert behavior is suppressed but we want to alert bubble
04-19 15:56:56.370  8513  8513 D InterruptionStateProvider: Group alert behavior is suppressed but we want to alert bubble
04-19 15:56:56.370  5331  5331 I Layer   : id=19348 removeFromCurrentState f5675d0 Toast#19348 (154)
04-19 15:56:56.370  5331  5331 I Layer   : id=19349 removeFromCurrentState Toast$_8513#19349 (154)
04-19 15:56:56.371  5331  5331 I Layer   : id=19351 removeFromCurrentState Surface(name=f5675d0 Toast)/@0x7c05194 - animation-leash of window_animation#19351 (154)
04-19 15:56:56.371  5331  5331 I Layer   : Layer [Toast$_8513#19349] hidden!! flag(1)
04-19 15:56:56.371  8513  8513 D InterruptionStateProvider: Group alert behavior is suppressed but we want to alert bubble
04-19 15:56:56.371  5331  5331 I Layer   : id=19349 removeFromCurrentState Toast$_8513#19349 (154)
04-19 15:56:56.371  5331  5331 I Layer   : id=19347 removeFromCurrentState WindowToken{bd29cf7 type=2005 android.os.Binder@d2550f6}#19347 (154)
04-19 15:56:56.371  5331  5331 I SurfaceFlinger: id=19348 Removed f5675d0 Toast#19348 (154)
04-19 15:56:56.371  5331  5331 I SurfaceFlinger: id=19351 Removed Surface(name=f5675d0 Toast)/@0x7c05194 - animation-leash of window_animation#19351 (154)
04-19 15:56:56.371  5331  5331 I SurfaceFlinger: id=19349 Removed Toast$_8513#19349 (154)
04-19 15:56:56.371  5331  5331 I SurfaceFlinger: id=19347 Removed WindowToken{bd29cf7 type=2005 android.os.Binder@d2550f6}#19347 (154)
04-19 15:56:56.371  8513  8513 D InterruptionStateProvider: Group alert behavior is suppressed but we want to alert bubble
04-19 15:56:56.371  8513  8513 D InterruptionStateProvider: Group alert behavior is suppressed but we want to alert bubble
04-19 15:56:56.371  5331  5331 I Layer   : id=19347 Destroyed WindowToken{bd29cf7 type=2005 android.os.Binder@d2550f6}#19347
04-19 15:56:56.371  5331  5331 I Layer   : id=19351 Destroyed Surface(name=f5675d0 Toast)/@0x7c05194 - animation-leash of window_animation#19351
04-19 15:56:56.371  5331  5331 I Layer   : id=19348 Destroyed f5675d0 Toast#19348
04-19 15:56:56.371  8513  8513 D InterruptionStateProvider: Group alert behavior is suppressed but we want to alert bubble
04-19 15:56:56.371  5331  5331 I Layer   : id=19349 Destroyed Toast$_8513#19349
04-19 15:56:56.381  4066  4066 I Launcher.NotificationListener: onNotificationPosted : com.samsung.android.calendar number : 0
04-19 15:56:56.382  6057  6576 I NotificationPipeline: Processing new notification: 0|com.samsung.android.calendar|1|1154|10193
04-19 15:56:56.382  6057  6576 W Notification4Heart_NB: NotificationBridgeCallback.onNotificationPosted-no bridge app : [0] com.samsung.android.calendar
04-19 15:56:56.384  8492  8492 I FreeformContainer: [SmartPopupViewService] onNotificationPosted: StatusBarNotification(pkg=com.samsung.android.calendar user=UserHandle{0} id=1 tag=2147483646 key=0|com.samsung.android.calendar|1|2147483646|10193: Notification(channel=calendar_noti_ch_id_reminder shortcut=null contentView=null vibrate=null sound=null defaults=0x0 flags=0x208 color=0xff0087aa category=event groupKey=com.samsung.android.app.calendar.notification.EVENT_GROUP vis=PRIVATE semFlags=0x100 semPriority=0 semMissedCount=0))
04-19 15:56:56.384  8492  8492 V FreeformContainer: [SmartPopupViewService] isSmartPopupViewTarget: com.samsung.android.calendar is not enabled
04-19 15:56:56.384  4066  4066 I Launcher.NotificationListener: onNotificationPosted : com.samsung.android.calendar number : 0
04-19 15:56:56.387  6057  6576 I NotificationPipeline: Processing new notification: 0|com.samsung.android.calendar|1|2147483646|10193
04-19 15:56:56.388  6057  6576 W Notification4Heart_NB: NotificationBridgeCallback.onNotificationPosted-no bridge app : [0] com.samsung.android.calendar
04-19 15:56:56.389  8513  8513 D InterruptionStateProvider: Group alert behavior is suppressed but we want to alert bubble
04-19 15:56:56.390  8513  8513 D InterruptionStateProvider: Group alert behavior is suppressed but we want to alert bubble
04-19 15:56:56.391  8513  8513 D InterruptionStateProvider: Group alert behavior is suppressed but we want to alert bubble
04-19 15:56:56.391  8513  8513 D InterruptionStateProvider: Group alert behavior is suppressed but we want to alert bubble
04-19 15:56:56.391  8513  8513 D InterruptionStateProvider: Group alert behavior is suppressed but we want to alert bubble
04-19 15:56:56.391  8513  8513 D InterruptionStateProvider: Group alert behavior is suppressed but we want to alert bubble
04-19 15:56:56.391  8513  8513 D InterruptionStateProvider: Group alert behavior is suppressed but we want to alert bubble
04-19 15:56:56.391  8513  8513 D InterruptionStateProvider: Group alert behavior is suppressed but we want to alert bubble
04-19 15:56:56.392  8513  8513 D InterruptionStateProvider: Group alert behavior is suppressed but we want to alert bubble
04-19 15:56:56.392  8513  8513 D InterruptionStateProvider: Group alert behavior is suppressed but we want to alert bubble
04-19 15:56:56.392  8513  8513 D InterruptionStateProvider: Group alert behavior is suppressed but we want to alert bubble
04-19 15:56:56.392  8513  8513 D InterruptionStateProvider: Group alert behavior is suppressed but we want to alert bubble
04-19 15:56:56.392  8513  8513 D InterruptionStateProvider: Group alert behavior is suppressed but we want to alert bubble
04-19 15:56:56.393  8513  8513 D InterruptionStateProvider: Group alert behavior is suppressed but we want to alert bubble
04-19 15:56:56.393  8513  8513 D InterruptionStateProvider: Group alert behavior is suppressed but we want to alert bubble
04-19 15:56:56.412  8513  8513 D PluginAODManager: onNotificationInfoUpdated() 0
04-19 15:56:56.412  8513  8513 I AODNotificationManager: updateVisibleNotifications: 0
04-19 15:56:56.412  8513  8513 I a       : updateStatusBarNotifications: open
04-19 15:56:56.412  8513  8513 I a       : updateStatusBarNotifications: open
04-19 15:56:56.592  8513  8513 D InterruptionStateProvider: Group alert behavior is suppressed but we want to alert bubble
04-19 15:56:56.592  8513  8513 D BubblesManager: onEntryUpdated : shouldBubbleUp=false ,key=0|com.samsung.android.calendar|1|2147483646|10193
04-19 15:56:56.595  8513  8513 D BubblesManager: onEntryUpdated : shouldBubbleUp=false ,key=0|com.samsung.android.calendar|1|1154|10193
04-19 15:56:56.645  8513  8513 I FaceWidgetPositionAlgorithm: getClockContainerHeight() supplier = 270, bottom margin = 0, real height = 333
04-19 15:56:56.645  8513  8513 I FaceWidgetPositionAlgorithm: getClockContainerHeight() supplier = 270, bottom margin = 63, real height = 333
04-19 15:56:56.646  8513  8513 I FaceWidgetPositionAlgorithm: getMediaContainerHeight() height = 0 container Visibility = 8, isValid = false, mIsDozing = false, fraction = 1.0, source = 0, target = 0
04-19 15:56:56.646  8513  8513 I FaceWidgetPositionAlgorithm: getMediaContainerHeight() supplier = 0
04-19 15:56:56.676  8513  8513 D PluginAODManager: onNotificationInfoUpdated() 0
04-19 15:56:56.676  8513  8513 I AODNotificationManager: updateVisibleNotifications: 0
04-19 15:56:56.676  8513  8513 I a       : updateStatusBarNotifications: open
04-19 15:56:56.676  8513  8513 I a       : updateStatusBarNotifications: open
04-19 15:56:56.708  8513  8513 I FaceWidgetPositionAlgorithm: getClockContainerHeight() supplier = 270, bottom margin = 0, real height = 333
04-19 15:56:56.709  8513  8513 I FaceWidgetPositionAlgorithm: getClockContainerHeight() supplier = 270, bottom margin = 63, real height = 333
04-19 15:56:56.709  8513  8513 I FaceWidgetPositionAlgorithm: getMediaContainerHeight() height = 0 container Visibility = 8, isValid = false, mIsDozing = false, fraction = 1.0, source = 0, target = 0
04-19 15:56:56.709  8513  8513 I FaceWidgetPositionAlgorithm: getMediaContainerHeight() supplier = 0
04-19 15:56:56.741  8513  8513 I FaceWidgetPositionAlgorithm: getClockContainerHeight() supplier = 270, bottom margin = 0, real height = 333
04-19 15:56:56.742  8513  8513 I FaceWidgetPositionAlgorithm: getClockContainerHeight() supplier = 270, bottom margin = 63, real height = 333
04-19 15:56:56.742  8513  8513 I FaceWidgetPositionAlgorithm: getMediaContainerHeight() height = 0 container Visibility = 8, isValid = false, mIsDozing = false, fraction = 1.0, source = 0, target = 0
04-19 15:56:56.742  8513  8513 I FaceWidgetPositionAlgorithm: getMediaContainerHeight() supplier = 0
04-19 15:56:56.750  8513  8513 D PluginAODManager: onNotificationInfoUpdated() 0
04-19 15:56:56.751  8513  8513 I AODNotificationManager: updateVisibleNotifications: 0
04-19 15:56:56.751  8513  8513 I a       : updateStatusBarNotifications: open
04-19 15:56:56.751  8513  8513 I a       : updateStatusBarNotifications: open
04-19 15:56:57.003 30407 30407 I ResourceOverlayService_0: waitAndQuit called
04-19 15:56:57.004 30407 30407 I ResourceOverlayService_0: activity user id 0 process id 0
04-19 15:56:58.007 30407 30407 I ResourceOverlayService_0: waitAndQuit called
04-19 15:56:58.008 30407 30407 I ResourceOverlayService_0: activity user id 0 process id 0
04-19 15:56:58.589  5628  5714 W libprocessgroup: Failed to open /dev/blkio//cgroup.procs: No such file or directory
04-19 15:56:58.614  5628  5714 W libprocessgroup: Failed to open /dev/blkio//cgroup.procs: No such file or directory
04-19 15:56:58.631 16702 16702 I SEMS:Social_13.1.12: [CLog][main][ObserverJobService] ObserverJobService Start
04-19 15:56:58.631 16702 16702 I SEMS:Social_13.1.12: [CLog][main][ObserverJobService] scheduleJob for calendar
04-19 15:56:58.641 16702 16702 I SEMS:Social_13.1.12: [CLog][main][ObserverJobService] scheduled: true
04-19 15:56:58.641 16702 16702 I SEMS:Registration_13.1.12: [ActivateLog][main][MobileServiceActivate] checkActivate
04-19 15:56:58.647 16702 16702 I SEMS:Common_13.1.12: [CommonLog][main][DeviceUtils] isSamsungAccountSignedIn : true
04-19 15:56:58.647 16702 16702 I SEMS:Common_13.1.12: [CommonLog][main][CommonPref] getBoolean - key : sa_reagree_state , value : false
04-19 15:56:58.648 16702 16702 I SEMS:Registration_13.1.12: [][main][CscChecker] MCC based : mcc = 220 / type = 0
04-19 15:56:58.648 16702 16702 I SEMS:Registration_13.1.12: [][main][CscChecker] MCC based : mcc = 220 / type = 0
04-19 15:56:58.649 16702 16702 I SEMS:Registration_13.1.12: [][main][CscChecker] MCC based : mcc = 220 / type = 0
04-19 15:56:58.649 16702 16702 I SEMS:Registration_13.1.12: [ActivateLog][main][MobileServiceActivate] checkActivate : AVAILABLE_NORMAL(Calendar)
04-19 15:56:58.650 16702 16702 I SEMS:Registration_13.1.12: [ActivateLog][main][ActivatePref] isServiceActivated : true
04-19 15:56:58.653 16702 16702 I SEMS:Common_13.1.12: [CommonUILog][main][PermissionManager] requestPermissionSocial return true
04-19 15:56:58.692 16702 16702 I SEMS:Social_13.1.12: [CLog][main][LocalCalendarDataSourceImpl] dirty event count. total:0, writable: 0
04-19 15:56:58.706 16702 16719 W libc    : Access denied finding property "sys.perf.boostopt"
