04-09 23:19:18.242  6284  6315 D Bubbles : onRankingUpdated : isActiveOrInOverflow= false , mTmpRanking.canBubble()= false ,isActive= false ,shouldBubbleUp= false ,mTmpRanking.isBubble()= false
04-09 23:19:18.242  6284  6315 D Bubbles : onRankingUpdated : isActiveOrInOverflow= false , mTmpRanking.canBubble()= false ,isActive= false ,shouldBubbleUp= false ,mTmpRanking.isBubble()= false
04-09 23:19:18.242  6284  6315 D Bubbles : onRankingUpdated : isActiveOrInOverflow= false , mTmpRanking.canBubble()= false ,isActive= false ,shouldBubbleUp= false ,mTmpRanking.isBubble()= false
04-09 23:19:18.242  6284  6315 D Bubbles : onRankingUpdated : isActiveOrInOverflow= false , mTmpRanking.canBubble()= false ,isActive= false ,shouldBubbleUp= false ,mTmpRanking.isBubble()= false
04-09 23:19:18.242  6284  6315 D Bubbles : onRankingUpdated : isActiveOrInOverflow= false , mTmpRanking.canBubble()= false ,isActive= false ,shouldBubbleUp= false ,mTmpRanking.isBubble()= false
04-09 23:19:18.242  6284  6315 D Bubbles : onRankingUpdated : isActiveOrInOverflow= false , mTmpRanking.canBubble()= false ,isActive= false ,shouldBubbleUp= false ,mTmpRanking.isBubble()= false
04-09 23:19:18.243  6284  6315 D Bubbles : onRankingUpdated : isActiveOrInOverflow= false , mTmpRanking.canBubble()= false ,isActive= false ,shouldBubbleUp= false ,mTmpRanking.isBubble()= false
04-09 23:19:18.243  6284  6315 D Bubbles : onRankingUpdated : isActiveOrInOverflow= false , mTmpRanking.canBubble()= false ,isActive= false ,shouldBubbleUp= false ,mTmpRanking.isBubble()= false
04-09 23:19:18.243  6284  6315 D Bubbles : onRankingUpdated : isActiveOrInOverflow= false , mTmpRanking.canBubble()= false ,isActive= false ,shouldBubbleUp= false ,mTmpRanking.isBubble()= false
04-09 23:19:18.243  6284  6315 D Bubbles : onRankingUpdated : isActiveOrInOverflow= false , mTmpRanking.canBubble()= false ,isActive= false ,shouldBubbleUp= false ,mTmpRanking.isBubble()= false
04-09 23:19:18.243  6284  6315 D Bubbles : onRankingUpdated : isActiveOrInOverflow= false , mTmpRanking.canBubble()= false ,isActive= false ,shouldBubbleUp= false ,mTmpRanking.isBubble()= false
04-09 23:19:18.256  9619 10534 I NotificationPipeline: Processing new notification: -1|com.android.systemui|2131428959|charging_state|10054
04-09 23:19:18.257  9619 10534 E Notification4Heart_NB: WatchFactory.getWatch-lastConnectedNodeId is null
04-09 23:19:18.258  6837  6837 I Launcher.NotificationListener: onNotificationPosted : com.android.systemui number : 0
04-09 23:19:18.262  9619 10534 W Notification4Heart_NB: NotificationBridgeCallback.onNotificationPosted-never connected before
04-09 23:19:18.267  1820  1896 I AppWidgetManager: updateAppWidget() appWidgetIds = [13]
04-09 23:19:18.289  1554  2815 I SamsungAccount: [DbManagerV2] getMccFromDB
04-09 23:19:18.289  1554  2815 I SamsungAccount: [DbManagerV2] getDataV02ForItems : MCC from Cache
04-09 23:19:18.289  1554  2815 I SamsungAccount: [DataUtil] Not Skip Name Validation by accountMCC
04-09 23:19:18.293  1554  2815 I SamsungAccount: [OpenDBManager] isRequireField
04-09 23:19:18.293  1554  2815 I SamsungAccount: [OpenDBManager] getFieldCursor
04-09 23:19:18.293  1554  2815 I SamsungAccount: [OpenContentProvider]  URI : content://com.msc.openprovider.openContentProvider/mandatoryField
04-09 23:19:18.293  1554  2815 I SamsungAccount: [AccountManagerUtil] isSamsungAccountSignedIn : true
04-09 23:19:18.301  1820  1896 D WidgetDisplayer: showWeatherCaches: created ui updater for widget ScreenWidget[id=37,locationId=-1,locationData=LocationData [id=-1; latitude=44.8239860534668; longitude=20.45982551574707; name=grad Beograd; shortName=grad Beograd; kind=]]
04-09 23:19:18.303  1820  1896 I ScreenWidgetUiUpdaterBa: updateWithData() ScreenWidgetUiUpdaterBase begin
04-09 23:19:18.311  4656  4656 W keymaster_tee: [WRN]begin req PARAMS: A32 B2 P64
04-09 23:19:18.342  2567  2567 I FirebaseInitProvider: FirebaseApp initialization successful
04-09 23:19:18.350  1820  1896 I ScreenWidgetUiUpdaterBa: setTheme() BaseHorizontalWidgetUpdater begin
04-09 23:19:18.353  1820  1896 I ScreenWidgetUiUpdaterBa: setTheme() ScreenWidgetUiUpdaterBase end
04-09 23:19:18.376  1554  2815 I SamsungAccount: [StateCheckUtil] Validation Process is completed true
04-09 23:19:18.376  1554  2815 I SamsungAccount: [AccessTokenRunnable] [InAIDL-AccessTokenRunnable]AccessToken reuse. runProcess end. Package = android.scloud.
04-09 23:19:18.377  1554  2815 I SamsungAccount: [CBM] [InAIDL-CallbackManager]getCallbackInfo
04-09 23:19:18.377  1554  2815 I SamsungAccount: [CBM] setCurrentRequestType :0
04-09 23:19:18.377  1554  2815 I SamsungAccount: [AccountManagerUtil] isSamsungAccountSignedIn : true
04-09 23:19:18.377  1554  2815 I SamsungAccount: [AccessTokenRunnable] [InAIDL-AccessTokenRunnable]onProcessFinished. Package = android.scloud.
04-09 23:19:18.377  5274  5274 D Zygote  : Forked child process 2833
04-09 23:19:18.397  1554  2815 I SamsungAccount: [DeviceManager] salesCode : SER
04-09 23:19:18.397  1554  2815 I SamsungAccount: [DeviceManager] isNewLduProdCode : false
04-09 23:19:18.398  1554  2815 I SamsungAccount: [CountryCodeUtil] isChinaCountryCode : false
04-09 23:19:18.398  1554  2815 I SamsungAccount: [ChinaPermissionUtil] isChnSecurityPopupNeeded - false
04-09 23:19:18.403  1554  2815 I SamsungAccount: [AccessTokenRunnable] [InAIDL-AccessTokenRunnable]checkAccessTokenAndRefreshToken. Package = android.scloud.
04-09 23:19:18.403  1554  2815 I SamsungAccount: [AccessTokenRunnable] [InAIDL-AccessTokenRunnable]handleProcessSuccessResult start. Package = android.scloud.
04-09 23:19:18.403  1554  2815 I SamsungAccount: [RBIVO] getStringArrFromAdditionalBundleKey : additional
04-09 23:19:18.403  1554  2815 I SamsungAccount: [AccessTokenRunnable] [InAIDL-AccessTokenRunnable]setAdditionalInfo start. Package = android.scloud.
04-09 23:19:18.403  1554  2815 I SamsungAccount: [AccessTokenRunnable] [InAIDL-AccessTokenRunnable]set user_id
04-09 23:19:18.403  1554  2815 I SamsungAccount: [DbManagerV2] getUserID
04-09 23:19:18.403  1554  2815 I SamsungAccount: [DbManagerV2] getDataV02ForItems : USER_ID from Cache
04-09 23:19:18.403  1554  2815 I SamsungAccount: [AccessTokenRunnable] [InAIDL-AccessTokenRunnable]set cc
04-09 23:19:18.403  1554  2815 I SamsungAccount: [DbManagerV2] getCountryCodeFromDB
04-09 23:19:18.404  1554  2815 I SamsungAccount: [DbManagerV2] getDataV02ForItems : COUNTRY_CODE from Cache
04-09 23:19:18.404  1554  2815 I SamsungAccount: [AccessTokenRunnable] [InAIDL-AccessTokenRunnable]set api_server_url
04-09 23:19:18.404  1554  2815 I SamsungAccount: [UrlManagerAuth] api_server_url for region
04-09 23:19:18.404  1554  2815 I SamsungAccount: [UrlManagerAuth] return region server url
04-09 23:19:18.404  1554  2815 I SamsungAccount: [AccessTokenRunnable] [InAIDL-AccessTokenRunnable]set auth_server_url
04-09 23:19:18.404  1554  2815 I SamsungAccount: [UrlManagerAuth] auth_server_url for region
04-09 23:19:18.404  1554  2815 I SamsungAccount: [UrlManagerAuth] return region server url
04-09 23:19:18.404  1554  2815 I SamsungAccount: [AccessTokenRunnable] [InAIDL-AccessTokenRunnable]set login_id
04-09 23:19:18.405  1554  2815 I SamsungAccount: [AccessTokenRunnable] [InAIDL-AccessTokenRunnable]setAdditionalInfo finish. Package = android.scloud.
04-09 23:19:18.406  2355  2700 I [SC][AUTH]SamsungAccountService: onReceiveAccessToken: true
04-09 23:19:18.406  2355  2700 I [SC][AUTH]AuthDataManager: setAccessToken
04-09 23:19:18.406  2355  2700 I [SC][AUTH]AuthDataManager: countDown: 0
04-09 23:19:18.407  2355  2490 I [SC][AUTH]AuthDataManager: Await countDownLatch: 0
04-09 23:19:18.407  2355  2490 I [SC]DeviceUtil: hasSepLiteSpec: false
04-09 23:19:18.408  2355  2490 I [SC]DeviceUtil: hasSepLiteSpec: false
04-09 23:19:18.409  2355  2490 I [SC]OneDrivePolicyManager: Loading Configuration Policy
04-09 23:19:18.410  2355  2539 W .android.scloud: Long monitor contention with owner pool-7-thread-1 (2490) at void com.samsung.scsp.framework.core.identity.ScspIdentity.transaction(java.lang.Runnable)(ScspIdentity.java:3) waiters=0 in void com.samsung.scsp.framework.core.identity.ScspIdentity.transaction(java.lang.Runnable) for 4.865s
04-09 23:19:18.414  2355  2490 I [SC]ConfigurationManager: getCountryPolicy
04-09 23:19:18.416  2355  2519 I [SCSDK][C][2.0.14]: [SamsungCloud]getCloudToken
04-09 23:19:18.416  2355  2519 E [SCSDK][C][2.0.14]: [SContext]context is null
04-09 23:19:18.416  2355  2519 E [SCSDK][C][2.0.14]: [SamsungCloud]Cloud SDK is not initialized.
04-09 23:19:18.416  2355  2519 I [SC][AUTH]AuthUtil: getAuthData
04-09 23:19:18.418  2355  2490 I [SC]ConfigurationItemDataManager: getFilePath : configurationName = scloud_migrationCountry
04-09 23:19:18.436  2833  2833 I ocess.gservices: Using CollectorTypeCC GC.
04-09 23:19:18.440  6284  6284 D BubblesManager: onEntryUpdated : shouldBubbleUp=false ,key=-1|com.android.systemui|2131428959|charging_state|10054
04-09 23:19:18.440  2355  2519 I [SC][AUTH]AuthUtil: getAuthData
04-09 23:19:18.444  2355  2519 I [SC][AUTH]AuthUtil: getAuthData
04-09 23:19:18.449  2833  2833 E ocess.gservices: Not starting debugger since process cannot load the jdwp agent.
04-09 23:19:18.454  1554  2815 I SamsungAccount: [AIDLInterfaceBinder] [InAIDL] unregisterCallback start
04-09 23:19:18.460  1554  2815 I SamsungAccount: [CBM] [InAIDL-CallbackManager]getCallbackInfo
04-09 23:19:18.460  1554  2815 I SamsungAccount: [RequestHistoryManager] ==AIDL ACCTOKEN HISTORY== android.scloud. => 04/09-23:19:18
04-09 23:19:18.460  1554  2815 I SamsungAccount: [CBM] [InAIDL-CallbackManager]unRegisterCallback
04-09 23:19:18.460  1554  2815 I SamsungAccount: [CBM] [InAIDL-CallbackManager]checkUnregisterCallbackCondition
04-09 23:19:18.460  1554  2815 I SamsungAccount: [CBM] [InAIDL-CallbackManager]getCallbackInfo
04-09 23:19:18.460  1554  2815 I SamsungAccount: [CBM] [InAIDL-CallbackManager] Unregister SuccessPackage = android.scloud.
04-09 23:19:18.460  1554  2815 I SamsungAccount: [AIDLInterfaceBinder] [InAIDL] unregisterCallback end
04-09 23:19:18.461  2833  2833 D ActivityThread: setConscryptValidator
04-09 23:19:18.461  2833  2833 D ActivityThread: setConscryptValidator - put
04-09 23:19:18.468  1820  1896 D WWidget : isDefaultLauncher launcher = com.sec.android.app.launcher
04-09 23:19:18.470  1554  1554 I SamsungAccount: [AIDLRequestService] OnDestroy Service
04-09 23:19:18.486  2567  2567 I CrashlyticsInitProvider: CrashlyticsInitProvider skipping initialization
04-09 23:19:18.492  1554  2815 I SamsungAccount: [AccessTokenRunnable] [InAIDL-AccessTokenRunnable]handleProcessSuccessResult finish. Package = android.scloud.
04-09 23:19:18.493  1554  2815 I SamsungAccount: [StateCheckUtil] isChildAccount : false
04-09 23:19:18.503  6284  6284 I FaceWidgetPositionAlgorithm: getMediaContainerHeight() height = 0 container Visibility = 8, isValid = false, mIsDozing = false, fraction = 1.0, source = 0, target = 0
04-09 23:19:18.503  6284  6284 I FaceWidgetPositionAlgorithm: getMediaContainerHeight() supplier = 0
04-09 23:19:18.504  2833  2833 D CompatibilityChangeReporter: Compat change id reported: 171979766; UID 10226; state: ENABLED
04-09 23:19:18.516  4656  4656 W keymaster_tee: [WRN]begin req PARAMS: A32 B2 P64
04-09 23:19:18.536  2726  2726 D CompatibilityChangeReporter: Compat change id reported: 160794467; UID 10076; state: ENABLED
04-09 23:19:18.561  6284  6284 I FaceWidgetPositionAlgorithm: getMediaContainerHeight() height = 0 container Visibility = 8, isValid = false, mIsDozing = false, fraction = 1.0, source = 0, target = 0
04-09 23:19:18.561  6284  6284 I FaceWidgetPositionAlgorithm: getMediaContainerHeight() supplier = 0
04-09 23:19:18.588  1820  1896 I ScreenWidgetUiUpdaterBa: updateWithData() ScreenWidgetUiUpdaterBase end
04-09 23:19:18.593  6284  6284 I FaceWidgetPositionAlgorithm: getMediaContainerHeight() height = 0 container Visibility = 8, isValid = false, mIsDozing = false, fraction = 1.0, source = 0, target = 0
04-09 23:19:18.593  6284  6284 I FaceWidgetPositionAlgorithm: getMediaContainerHeight() supplier = 0
04-09 23:19:18.643  2115  2855 I sqlite3ext: db event listener start
04-09 23:19:18.653  5665  6162 D PackageManager: setEnabledSetting : userId = 0 packageName = ru.mail.mailapp cmp = androidx.work.impl.background.systemalarm.RescheduleReceiver newState = 1 callingPackage = 10221/ru.mail.mailapp
04-09 23:19:18.655  5665  6162 D ApplicationPolicy: getApplicationStateEnabled : pkg = ru.mail.mailapp userId : 0
04-09 23:19:18.656  5665  6162 D ApplicationPolicy: getApplicationComponentState : pkg = ru.mail.mailapp userId : 0
04-09 23:19:18.692  5665  5739 I libprocessgroup: Successfully killed process cgroup uid 10135 pid 1348 in 0ms
04-09 23:19:18.743  2355  2849 I DynamiteModule: Considering local module com.google.android.gms.cronet_dynamite:0 and remote module com.google.android.gms.cronet_dynamite:2411
04-09 23:19:18.743  2355  2849 I DynamiteModule: Selected remote version of com.google.android.gms.cronet_dynamite, version >= 2411
04-09 23:19:18.760  2115  2853 D ConnectivityManager: StackLog: [android.net.ConnectivityManager.sendRequestForNetwork(ConnectivityManager.java:4191)] [android.net.ConnectivityManager.registerDefaultNetworkCallbackForUid(ConnectivityManager.java:4755)] [android.net.ConnectivityManager.registerDefaultNetworkCallback(ConnectivityManager.java:4722)] [android.net.ConnectivityManager.registerDefaultNetworkCallback(ConnectivityManager.java:4696)] [androidx.work.impl.constraints.trackers.NetworkStateTracker.startTracking(SourceFile:3)] [androidx.work.impl.constraints.trackers.ConstraintTracker.addListener(SourceFile:8)] [androidx.work.impl.constraints.controllers.ConstraintController.replace(SourceFile:7)] [androidx.work.impl.constraints.WorkConstraintsTracker.replace(SourceFile:5)] [androidx.work.impl.background.greedy.GreedyScheduler.schedule(SourceFile:33)] [androidx.work.impl.Schedulers.schedule(SourceFile:24)] [androidx.work.impl.utils.EnqueueRunnable.scheduleWorkInBackground(SourceFile:5)] [androidx.work.impl.utils.EnqueueRunnable.run(SourceFile:6)] [androidx.work.impl.utils.SerialExecutor$Task.run(SourceFile:1)] [java.util.concurrent.ThreadPoolExecutor.runWorker(ThreadPoolExecutor.java:1137)] [java.util.concurrent.ThreadPoolExecutor$Worker.run(ThreadPoolExecutor.java:637)] [java.lang.Thread.run(Thread.java:1012)]
04-09 23:19:18.763  5665  5684 D ConnectivityService: requestNetwork for uid/pid:10221/2115 activeRequest: null callbackRequest: 593 [NetworkRequest [ REQUEST id=594, [ Capabilities: INTERNET&NOT_RESTRICTED&TRUSTED&NOT_VCN_MANAGED Uid: 10221 RequestorUid: 10221 RequestorPkg: ru.mail.mailapp UnderlyingNetworks: Null] ]] callback flags: 0 order: 2147483647
04-09 23:19:18.764  5665  6036 D ConnectivityService:    accepting network in place of null
04-09 23:19:18.776  5665  6026 D WifiNetworkFactory: got request NetworkRequest [ REQUEST id=594, [ Capabilities: INTERNET&NOT_RESTRICTED&TRUSTED&NOT_VCN_MANAGED Uid: 10221 RequestorUid: 10221 RequestorPkg: ru.mail.mailapp UnderlyingNetworks: Null] ]
04-09 23:19:18.779  5665  6026 D UntrustedWifiNetworkFactory: got request NetworkRequest [ REQUEST id=594, [ Capabilities: INTERNET&NOT_RESTRICTED&TRUSTED&NOT_VCN_MANAGED Uid: 10221 RequestorUid: 10221 RequestorPkg: ru.mail.mailapp UnderlyingNetworks: Null] ]
04-09 23:19:18.782  5665  6026 D OemPaidWifiNetworkFactory: got request NetworkRequest [ REQUEST id=594, [ Capabilities: INTERNET&NOT_RESTRICTED&TRUSTED&NOT_VCN_MANAGED Uid: 10221 RequestorUid: 10221 RequestorPkg: ru.mail.mailapp UnderlyingNetworks: Null] ]
04-09 23:19:18.785  5665  6026 D MultiInternetWifiNetworkFactory: got request NetworkRequest [ REQUEST id=594, [ Capabilities: INTERNET&NOT_RESTRICTED&TRUSTED&NOT_VCN_MANAGED Uid: 10221 RequestorUid: 10221 RequestorPkg: ru.mail.mailapp UnderlyingNetworks: Null] ]
04-09 23:19:18.790  5665  6036 D ConnectivityService: Rematched networks [computed 0ms] [applied 4ms] [issued 22]
04-09 23:19:18.790  5665  6036 D ConnectivityService: NetworkReassignment :
04-09 23:19:18.790  5665  6036 D ConnectivityService:   594 : null  100
04-09 23:19:18.872  2567  2567 I [PASS][SPASS]SamsungPassSettingsProvider: onCreateData
04-09 23:19:18.887  2567  2567 I [PASS][SPASS]SamsungPassSettingsProvider: checkCondition - Build.Version:33, UserId:0, UserIsGuest:false
04-09 23:19:18.917  1820  1896 I AppWidgetManager: updateAppWidget() appWidgetIds = [37]
04-09 23:19:18.931  2566  2566 I FirebaseApp: Device unlocked: initializing all Firebase APIs for app [DEFAULT]
04-09 23:19:18.944  2567  2567 I [PASS][SPASS]EasySigninProvider: onCreate
04-09 23:19:18.950  2355  2849 W System  : ClassLoader referenced unknown path:
04-09 23:19:18.976  1820  1896 D WidgetDisplayer: showWeatherCaches: created ui updater for widget ScreenWidget[id=39,locationId=-1,locationData=LocationData [id=-1; latitude=44.8239860534668; longitude=20.45982551574707; name=grad Beograd; shortName=grad Beograd; kind=]]
04-09 23:19:18.977  1820  1896 I ScreenWidgetUiUpdaterBa: updateWithData() ScreenWidgetUiUpdaterBase begin
04-09 23:19:19.035  1820  1896 I ScreenWidgetUiUpdaterBa: setTheme() BaseHorizontalWidgetUpdater begin
04-09 23:19:19.039  1820  1896 I ScreenWidgetUiUpdaterBa: setTheme() ScreenWidgetUiUpdaterBase end
04-09 23:19:19.122  1820  1896 D WWidget : isDefaultLauncher launcher = com.sec.android.app.launcher
04-09 23:19:19.147  2833  2833 D nativeloader: Configuring classloader-namespace-shared for other apk /system/framework/org.apache.http.legacy.jar. target_sdk_version=33, uses_libraries=ALL, library_path=/system/system_ext/priv-app/GoogleServicesFramework/lib/arm64:/system/system_ext/priv-app/GoogleServicesFramework/GoogleServicesFramework.apk!/lib/arm64-v8a:/system/lib64:/system/system_ext/lib64, permitted_path=/data:/mnt/expand:/data/user/0/com.google.android.gsf:/system/system_ext/priv-app/GoogleServicesFramework:/system/lib64:/system/system_ext/lib64
04-09 23:19:19.147  2833  2833 D nativeloader: Extending system_exposed_libraries: libhumantracking.arcsoft.so:libPortraitDistortionCorrection.arcsoft.so:libPortraitDistortionCorrectionCali.arcsoft.so:libface_landmark.arcsoft.so:libFacialStickerEngine.arcsoft.so:libveengine.arcsoft.so:liblow_light_hdr.arcsoft.so:libhigh_dynamic_range.arcsoft.so:libFacialAttributeDetection.arcsoft.so:libneural.snap.samsung.so:libsnap_aidl.snap.samsung.so:libBestComposition.polarr.so:libTracking.polarr.so:libFeature.polarr.so:libPolarrSnap.polarr.so:libYuv.polarr.so:libhal.wsm.samsung.so:libsce_v1.crypto.samsung.so:libknox_remotedesktopclient.knox.samsung.so:libVDLowLight.visidon.so:libSDKRecognitionText.spensdk.samsung.so:libSFEffect.fonteffect.samsung.so:libheifcapture_jni.media.samsung.so:libjpegsq.media.samsung.so:libslljpeg.media.samsung.so:libsemimagecrop_jni.media.samsung.so:libapex_jni.media.samsung.so:libperfsdk.performance.samsung.so:lib.engmodejni.samsung.so:libSEF.quram.so:libimagecodec.quram.so:libagifencoder.quram.so:libBeauty_v4.camera.samsung.so:libexifa.ca
04-09 23:19:19.198  5665  6082 I ChimeraAggressivePolicyHandler: executePolicy() - triggerSource: TRIGGER_SOURCE_LMKD
04-09 23:19:19.200  5665  6082 I ChimeraAggressivePolicyHandler: available memory: 962012, free memory target: 890880, quit chimera
04-09 23:19:19.210  2355  2490 I [SC]ConfigurationManager: getModelPolicy
04-09 23:19:19.238  2355  2490 I [SC]ConfigurationItemDataManager: getFilePath : configurationName = scloud_migrationModel
04-09 23:19:19.260  2756  2756 I [scsettingv2std][2.0.14.0]: onCreate:
04-09 23:19:19.268  5665  5684 D PackageManager: setEnabledSetting : userId = 0 packageName = ru.mail.mailapp cmp = androidx.work.impl.background.systemalarm.RescheduleReceiver newState = 1 callingPackage = 10221/ru.mail.mailapp
04-09 23:19:19.271  5665  5684 D ApplicationPolicy: getApplicationStateEnabled : pkg = ru.mail.mailapp userId : 0
04-09 23:19:19.273  5665  5684 D ApplicationPolicy: getApplicationComponentState : pkg = ru.mail.mailapp userId : 0
04-09 23:19:19.275  2567  2567 I [PASS][SPASS]SettingDBProvider: onCreate
04-09 23:19:19.275  4656  4656 W keymaster_tee: [WRN]begin req PARAMS: A32 B2 P64
04-09 23:19:19.286  1820  1896 I ScreenWidgetUiUpdaterBa: updateWithData() ScreenWidgetUiUpdaterBase end
04-09 23:19:19.287  1820  1896 D Now time: Remote: 1681072978
04-09 23:19:19.306  2567  2567 I [PASS][SPASS]WalletSettingsProvider: onCreate
04-09 23:19:19.399  2567  2567 I [PASS][SPASS]SPassApplication: onCreate
04-09 23:19:19.407  2567  2601 I [PASS][SPASS]SettingDBProvider: call
04-09 23:19:19.503  2567  2567 I [PASS][SPASS]FrameworkUtils: isInitialized : true
04-09 23:19:19.503  2567  2567 I [PASS][SPASS]FrameworkHelper: initialize - already initialized
04-09 23:19:19.587  2833  2833 D nativeloader: Configuring classloader-namespace-shared for other apk /system/system_ext/priv-app/GoogleServicesFramework/GoogleServicesFramework.apk. target_sdk_version=33, uses_libraries=, library_path=/system/system_ext/priv-app/GoogleServicesFramework/lib/arm64:/system/system_ext/priv-app/GoogleServicesFramework/GoogleServicesFramework.apk!/lib/arm64-v8a:/system/lib64:/system/system_ext/lib64, permitted_path=/data:/mnt/expand:/data/user/0/com.google.android.gsf:/system/system_ext/priv-app/GoogleServicesFramework:/system/lib64:/system/system_ext/lib64
04-09 23:19:19.611  2756  2756 I SettingSearchProvider: onCreate isSupported = true
04-09 23:19:19.642  2566  2566 I FirebaseInitProvider: FirebaseApp initialization successful
04-09 23:19:19.643  2756  2756 I SettingSearchProvider: secQueryGetFingerprint : 1240308000en_GB
04-09 23:19:19.668  1820  1896 I AppWidgetManager: updateAppWidget() appWidgetIds = [39]
04-09 23:19:19.678  2756  2756 I CapsuleProvider_1.0.23: onCreate
04-09 23:19:19.681  2355  2560 I [SC]SyncSettingManager: getCategory: com.samsung.android.samsungpass.scloud
04-09 23:19:19.702  2355  2560 I [SC]SyncSettingManager: setSyncStatus: SyncStatusVo{authority='com.samsung.android.samsungpass.scloud', state='INACTIVE', errorCode='999'}
04-09 23:19:19.704  2355  2560 I [SC]SyncSettingManager: getContentVo: com.samsung.android.samsungpass.scloud, d4FjaEWIDx
04-09 23:19:19.765  1820  1896 D WidgetDisplayer: showWeatherCaches: widgets.size = 3
04-09 23:19:19.766  1820  1896 D WidgetDisplayer: showWeatherCaches: created ui updater for widget ScreenWidget[id=13,locationId=-1,locationData=LocationData [id=-1; latitude=0.0; longitude=0.0; name=; shortName=; kind=]]
04-09 23:19:19.767  1820  1896 I ScreenWidgetUiUpdaterBa: updateWithData() ScreenWidgetUiUpdaterBase begin
04-09 23:19:19.822  1820  1896 I ScreenWidgetUiUpdaterBa: setTheme() BaseHorizontalWidgetUpdater begin
04-09 23:19:19.825  1820  1896 I ScreenWidgetUiUpdaterBa: setTheme() ScreenWidgetUiUpdaterBase end
04-09 23:19:19.871  1820  1896 D WWidget : isDefaultLauncher launcher = com.sec.android.app.launcher
04-09 23:19:19.932  2355  2490 I [SC]OneDrivePolicyManager: country entry size: 142
04-09 23:19:19.932  2355  2490 I [SC]OneDrivePolicyManager: model entry size: 141
04-09 23:19:19.933  2355  2490 I [SC]OneDrivePolicyManager: isMigrationSupported: RUS,SER,true
04-09 23:19:19.933  2355  2490 I [SC]LinkContextManager: loadLinkContext: linkContext=LinkContext{contextType=CACHED, linkType=OneDrive, linkState=None, isTriggeredDevice=false, linkPolicy=LinkPolicy{policyData=Bundle[{IS_LINK_START_SUPPORTED=true, IsChinaDevice=false, IS_SEP_LITE_DEVICE=false, IsChinaAccount=false}]}}
04-09 23:19:19.934  2355  2490 I [SC]DeviceUtil: hasSepLiteSpec: false
04-09 23:19:19.951  2833  2833 V GraphicsEnvironment: ANGLE Developer option for 'com.google.android.gsf' set to: 'default'
04-09 23:19:19.952  2833  2833 V GraphicsEnvironment: ANGLE GameManagerService for com.google.android.gsf: false
04-09 23:19:19.952  2833  2833 V GraphicsEnvironment: Neither updatable production driver nor prerelease driver is supported.
04-09 23:19:19.981  2355  2490 I [SC]DeviceUtil: hasSepLiteSpec: false
04-09 23:19:19.982  2355  2490 I [SC]LinkContextMonitor: notifyContextReceived: linkContext=LinkContext{contextType=CACHED, linkType=OneDrive, linkState=None, isTriggeredDevice=false, linkPolicy=LinkPolicy{policyData=Bundle[{IS_LINK_START_SUPPORTED=true, IsChinaDevice=false, IS_SEP_LITE_DEVICE=false, IsChinaAccount=false}]}}, linkResponse=null, stateUpdateEvent=APP_CREATED
04-09 23:19:19.983  2355  2490 I [SC]DeviceUtil: hasSepLiteSpec: false
04-09 23:19:19.982  5665  5684 D PackageManager: setEnabledSetting : userId = 0 packageName = com.samsung.android.app.reminder cmp = androidx.work.impl.background.systemjob.SystemJobService newState = 1 callingPackage = 10150/com.samsung.android.app.reminder
04-09 23:19:19.984  5665  5684 D ApplicationPolicy: getApplicationStateEnabled : pkg = com.samsung.android.app.reminder userId : 0
04-09 23:19:19.985  5665  5684 D ApplicationPolicy: getApplicationComponentState : pkg = com.samsung.android.app.reminder userId : 0
04-09 23:19:20.000  1820  1896 I ScreenWidgetUiUpdaterBa: updateWithData() ScreenWidgetUiUpdaterBase end
04-09 23:19:20.010  2833  2833 D NetworkSecurityConfig: No Network Security Config specified, using platform default
04-09 23:19:20.021  1820  1896 D Now time: Remote: 1681072978
04-09 23:19:20.045  2355  2494 I [SC]RequestObject: New request object created : 0, UPDATE_STATUS
04-09 23:19:20.047  2355  2494 I [SC]TipsOperator: handled: REQUEST_UPDATE_TIPS_ACCOUNT_LINK_RESULT
04-09 23:19:20.054  2566  2566 I SENL$ShareFileProvider: attachInfo, ProviderInfo info: ContentProviderInfo{name=com.samsung.android.app.notes.shareprovider className=com.samsung.android.support.senl.nt.base.framework.provider.ShareFileProvider}
04-09 23:19:20.070  2355  2888 I [SC]TipsProvider: call : UPDATE_STATUS
04-09 23:19:20.085  2833  2833 D NetworkSecurityConfig: No Network Security Config specified, using platform default
04-09 23:19:20.093  2355  2490 I [SC]LinkContextProvider: call : CLOUD_SETTING
04-09 23:19:20.113  5665  5739 I libprocessgroup: Successfully killed process cgroup uid 10180 pid 1427 in 18ms
04-09 23:19:20.114  5665  5741 W libprocessgroup: Failed to open /dev/blkio//cgroup.procs: No such file or directory
04-09 23:19:20.121  2355  2490 I [SC]CloudSettingCommandResolverImpl: Execute getPartnerQuota with : true, false
04-09 23:19:20.244  5274  5274 D Zygote  : Forked child process 2893
04-09 23:19:20.269  5665  8742 D ConnectivityService: ConnectivityService NetworkRequestInfo binderDied(uid/pid:10061/1551, [NetworkRequest [ REQUEST id=586, [ Capabilities: INTERNET&NOT_RESTRICTED&TRUSTED&NOT_VCN_MANAGED Uid: 10061 RequestorUid: 10061 RequestorPkg: com.samsung.android.app.spage UnderlyingNetworks: Null] ]], android.os.BinderProxy@3c13f8b)
04-09 23:19:20.269  5665  6036 D ConnectivityService: releasing NetworkRequest [ REQUEST id=586, [ Capabilities: INTERNET&NOT_RESTRICTED&TRUSTED&NOT_VCN_MANAGED Uid: 10061 RequestorUid: 10061 RequestorPkg: com.samsung.android.app.spage UnderlyingNetworks: Null] ] (release request)
04-09 23:19:20.269  5665  6036 D ConnectivityService:  Removing from current network [100 CELLULAR], leaving 137 requests.
04-09 23:19:20.280  5274  5274 I Zygote  : Process 1551 exited due to signal 9 (Killed)
04-09 23:19:20.336  2893  2893 I oobe.samsung.gl: Using CollectorTypeCC GC.
04-09 23:19:20.344  2893  2893 E oobe.samsung.gl: Not starting debugger since process cannot load the jdwp agent.
04-09 23:19:20.351  5665  6796 D ConnectivityService: requestNetwork for uid/pid:5009/2355 activeRequest: null callbackRequest: 595 [NetworkRequest [ REQUEST id=596, [ Capabilities: INTERNET&NOT_RESTRICTED&TRUSTED&NOT_VCN_MANAGED Uid: 5009 RequestorUid: 5009 RequestorPkg: com.samsung.android.scloud UnderlyingNetworks: Null] ]] callback flags: 0 order: 2147483647
04-09 23:19:20.353  5665  6036 D ConnectivityService:    accepting network in place of null
04-09 23:19:20.358  2893  2893 D ActivityThread: setConscryptValidator
04-09 23:19:20.358  2893  2893 D ActivityThread: setConscryptValidator - put
04-09 23:19:20.364  5665  6036 D ConnectivityService: Rematched networks [computed 1ms] [applied 1ms] [issued 10]
04-09 23:19:20.364  5665  6036 D ConnectivityService: NetworkReassignment :
04-09 23:19:20.364  5665  6036 D ConnectivityService:   596 : null  100
04-09 23:19:20.364  5665  6026 D WifiNetworkFactory: got request NetworkRequest [ REQUEST id=596, [ Capabilities: INTERNET&NOT_RESTRICTED&TRUSTED&NOT_VCN_MANAGED Uid: 5009 RequestorUid: 5009 RequestorPkg: com.samsung.android.scloud UnderlyingNetworks: Null] ]
04-09 23:19:20.365  5665  6026 D UntrustedWifiNetworkFactory: got request NetworkRequest [ REQUEST id=596, [ Capabilities: INTERNET&NOT_RESTRICTED&TRUSTED&NOT_VCN_MANAGED Uid: 5009 RequestorUid: 5009 RequestorPkg: com.samsung.android.scloud UnderlyingNetworks: Null] ]
04-09 23:19:20.365  5665  6026 D OemPaidWifiNetworkFactory: got request NetworkRequest [ REQUEST id=596, [ Capabilities: INTERNET&NOT_RESTRICTED&TRUSTED&NOT_VCN_MANAGED Uid: 5009 RequestorUid: 5009 RequestorPkg: com.samsung.android.scloud UnderlyingNetworks: Null] ]
04-09 23:19:20.365  5665  6026 D MultiInternetWifiNetworkFactory: got request NetworkRequest [ REQUEST id=596, [ Capabilities: INTERNET&NOT_RESTRICTED&TRUSTED&NOT_VCN_MANAGED Uid: 5009 RequestorUid: 5009 RequestorPkg: com.samsung.android.scloud UnderlyingNetworks: Null] ]
04-09 23:19:20.375  5665  5739 I libprocessgroup: Successfully killed process cgroup uid 10061 pid 1551 in 0ms
04-09 23:19:20.382  2756  2774 I Sync-SCloudSyncServiceHelper: addProgressListener
04-09 23:19:20.383  2756  2774 I Sync-SCloudSyncServiceHelper: Added mStateChangeListeners - size : 1
04-09 23:19:20.396  2893  2893 D CompatibilityChangeReporter: Compat change id reported: 171979766; UID 10053; state: ENABLED
04-09 23:19:20.400  5665  6036 D ConnectivityService: Rematched networks [computed 0ms] [applied 2ms] [issued 10]
04-09 23:19:20.400  5665  6036 D ConnectivityService: NetworkReassignment : no changes
04-09 23:19:20.452  2424  2909 D TrafficStats: tagSocket(83) with statsTag=0xffffffff, statsUid=-1
04-09 23:19:20.466  2566  2566 I [scsettingv2std][2.0.13.0]: onCreate:
04-09 23:19:20.469  1820  1896 I AppWidgetManager: updateAppWidget() appWidgetIds = [13]
04-09 23:19:20.484  2756  2774 I Reminder$FeatureUtils: isKnoxMode: false
04-09 23:19:20.508  2566  2566 I SENL$HashTagNoteProvider: onCreate
04-09 23:19:20.514  1820  1896 D WidgetDisplayer: showWeatherCaches: created ui updater for widget ScreenWidget[id=37,locationId=-1,locationData=LocationData [id=-1; latitude=44.8239860534668; longitude=20.45982551574707; name=grad Beograd; shortName=grad Beograd; kind=]]
04-09 23:19:20.515  1820  1896 I ScreenWidgetUiUpdaterBa: updateWithData() ScreenWidgetUiUpdaterBase begin
04-09 23:19:20.533  2756  2774 I Reminder$FeatureUtils: isRunningUnderAndroidForWork: false
04-09 23:19:20.534  2756  2774 I [scsettingv2std][2.0.14.0]: isSupported: true
04-09 23:19:20.535  2355  2555 I [SC][DEPENDENCY][STD][com.samsung.android.app.reminder][STANDALONE]: isSupported: true
04-09 23:19:20.536  1820  1896 I ScreenWidgetUiUpdaterBa: setTheme() BaseHorizontalWidgetUpdater begin
04-09 23:19:20.540  1820  1896 I ScreenWidgetUiUpdaterBa: setTheme() ScreenWidgetUiUpdaterBase end
04-09 23:19:20.554  2566  2566 I SENL$ClipDataContentProvider: attachInfo, ProviderInfo info: ContentProviderInfo{name=com.samsung.android.app.notes.clipdatacontentprovider className=com.samsung.android.support.senl.nt.base.framework.provider.ClipDataContentProvider}
04-09 23:19:20.573  2833  2833 I GservicesProvider: Gservices pushing to system: true; secure/global: true
04-09 23:19:20.620  2424  2725 D CompatibilityChangeReporter: Compat change id reported: 147600208; UID 10311; state: ENABLED
04-09 23:19:20.635  2756  2775 I Reminder$CloudConnectionProvider: getAutoSync true
04-09 23:19:20.635  2756  2775 I [scsettingv2std][2.0.14.0]: getAutoSync: true
04-09 23:19:20.637  2355  2555 I [SC][DEPENDENCY][STD][com.samsung.android.app.reminder][STANDALONE]: getAutoSync: true
04-09 23:19:20.639  2756  2775 I Reminder$CloudConnectionProvider: getNetworkOption false
04-09 23:19:20.640  2756  2775 I [scsettingv2std][2.0.14.0]: getNetworkOption: 0
04-09 23:19:20.642  2355  2519 I cr_CronetLibraryLoader: Cronet version: 111.0.5563.55, arch: aarch64
04-09 23:19:20.643  2355  2555 I [SC][DEPENDENCY][STD][com.samsung.android.app.reminder][STANDALONE]: getNetworkOption: 0
04-09 23:19:20.643  2355  2555 I [SC]SyncSettingManager: getCategory: com.samsung.android.app.reminder
04-09 23:19:20.658  2566  2566 I SENL$NotesMain$ManageTrashProvider: onCreate
04-09 23:19:20.662  2355  2555 I [SC]SyncSettingManager: getIsSyncable: com.samsung.android.app.reminder
04-09 23:19:20.679  2355  2519 I .android.scloud: Waiting for a blocking GC ClassLinker
04-09 23:19:20.679  1820  1896 D WWidget : isDefaultLauncher launcher = com.sec.android.app.launcher
04-09 23:19:20.691  2756  2775 I [scsettingv2std][2.0.14.0]: getIsSyncable: 1
04-09 23:19:20.693  2355  2555 I [SC][DEPENDENCY][STD][com.samsung.android.app.reminder][STANDALONE]: getIsSyncable: 1
04-09 23:19:20.693  2355  2555 I [SC]SyncSettingManager: setSyncStatus: SyncStatusVo{authority='com.samsung.android.app.reminder', state='INACTIVE', errorCode='999'}
04-09 23:19:20.697  2355  2555 I [SC]SyncSettingManager: getContentVo: com.samsung.android.app.reminder, kRDlpo6Brb
04-09 23:19:20.720  2566  2566 I CapsuleProvider_1.0.23: onCreate
04-09 23:19:20.737  2567  2567 I [PASS][SPASS]SPassApplication: checkDeviceId true
04-09 23:19:20.737  2567  2567 I [PASS][SPASS]FrameworkUtils: isInitialized : true
04-09 23:19:20.737  2567  2567 I [PASS][SPASS]PassFramework: ISU
04-09 23:19:20.742  2566  2566 I SENL$SC/SDocCountProvider: onCreate()
04-09 23:19:20.804  4656  4656 W keymaster_tee: [WRN]begin req PARAMS: A32 B2 P64
04-09 23:19:20.830  2567  2567 W [PASS][PASS]PermissionHelper: usrId is invalid : -1
04-09 23:19:20.831  2567  2567 I [PASS][SPASS]FrameworkUtils: isSignedUp - false
04-09 23:19:20.840  5665  5741 W libprocessgroup: Failed to open /dev/blkio//cgroup.procs: No such file or directory
04-09 23:19:20.841  1820  1896 I ScreenWidgetUiUpdaterBa: updateWithData() ScreenWidgetUiUpdaterBase end
04-09 23:19:20.847  2566  2566 I SENL$NotesData$NotesDatabaseManager: getDatabase, inMemory : false
04-09 23:19:20.874  5274  5274 I Zygote  : Process 1348 exited due to signal 9 (Killed)
04-09 23:19:20.916  2355  2519 I .android.scloud: WaitForGcToComplete blocked ClassLinker on Background for 237.004ms
04-09 23:19:20.918  2893  2893 I FirebaseApp: Device unlocked: initializing all Firebase APIs for app [DEFAULT]
04-09 23:19:20.937  2115  2115 D ConnectivityManager: StackLog: [android.net.ConnectivityManager.sendRequestForNetwork(ConnectivityManager.java:4191)] [android.net.ConnectivityManager.registerDefaultNetworkCallbackForUid(ConnectivityManager.java:4755)] [android.net.ConnectivityManager.registerDefaultNetworkCallback(ConnectivityManager.java:4722)] [android.net.ConnectivityManager.registerDefaultNetworkCallback(ConnectivityManager.java:4696)] [com.bumptech.glide.manager.SingletonConnectivityReceiver$FrameworkConnectivityMonitorPostApi24.register(SourceFile:2)] [com.bumptech.glide.manager.SingletonConnectivityReceiver.maybeRegisterReceiver(SourceFile:2)] [com.bumptech.glide.manager.SingletonConnectivityReceiver.register(SourceFile:2)] [com.bumptech.glide.manager.DefaultConnectivityMonitor.register(Unknown Source:8)] [com.bumptech.glide.manager.DefaultConnectivityMonitor.onStart(Unknown Source:0)] [com.bumptech.glide.manager.ApplicationLifecycle.addListener(Unknown Source:0)] [com.bumptech.glide.RequestManager.<init>(SourceFile:17)] [com.bumptech.glide.RequestManager.<init>(SourceFile:3)] [ru.mail.util.GlideRequests.<init>(Unknown Source:0)] [com.bumptech.glide.GeneratedRequestManagerFactory.build(Unknown Source:2)] [com.bumptech.glide.manager.RequestManagerRetriever.getApplicationManager(SourceFile:7)] [com.bumptech.glide.manager.RequestManagerRetriever.get(SourceFile:9)] [com.bumptech.glide.Glide.with(SourceFile:1)] [ru.mail.imageloader.GlideImageLoader.<init>(SourceFile:4)] [ru.mail.imageloader.ImageLoaderRepositoryImpl.j(SourceFile:6)] [ru.mail.imageloader.ImageLoaderRepositoryImpl.k(SourceFile:2)] [ru.mail.imageloader.ImageLoaderRepositoryImpl.<init>(SourceFile:7)] [ru.mail.setup.SetUpImageLoaderRepo.d(Unknown Source:2)] [ru.mail.setup.SetUpImageLoaderRepo.c(Unknown Source:0)] [ru.mail.setup.SetUpServiceLazy$1.initialize(Unknown Source:4)] [ru.mail.utils.Locator$LazyLocatable.a(SourceFile:4)] [ru.mail.utils.Locator.locate(SourceFile:3)] [ru.mail.utils.Locator.locate(SourceFile:1)] [ru.mail.setup.SetUpPortalKit.h(SourceFile:1)] [ru.mail.setup.SetUpPortalKit.a(SourceFile:53)] [ru.mail.MailApplication.setUpApplication(SourceFile:3)] [ru.mail.MailApplication.onCreate(SourceFile:5)] [android.app.Instrumentation.callApplicationOnCreate(Instrumentation.java:1266)] [android.app.ActivityThread.handleBindApplication(ActivityThread.java:7598)] [android.app.ActivityThread.-$$Nest$mhandleBindApplication(Unknown Source:0)] [android.app.ActivityThread$H.handleMessage(ActivityThread.java:2397)]
04-09 23:19:20.940  5665  6796 D ConnectivityService: requestNetwork for uid/pid:10221/2115 activeRequest: null callbackRequest: 598 [NetworkRequest [ REQUEST id=599, [ Capabilities: INTERNET&NOT_RESTRICTED&TRUSTED&NOT_VCN_MANAGED Uid: 10221 RequestorUid: 10221 RequestorPkg: ru.mail.mailapp UnderlyingNetworks: Null] ]] callback flags: 0 order: 2147483647
04-09 23:19:20.942  5665  6036 D ConnectivityService:    accepting network in place of null
04-09 23:19:20.947  2893  2893 I FirebaseCrashlytics: Initializing Crashlytics 17.2.1
04-09 23:19:20.950  5665  6026 D WifiNetworkFactory: got request NetworkRequest [ REQUEST id=599, [ Capabilities: INTERNET&NOT_RESTRICTED&TRUSTED&NOT_VCN_MANAGED Uid: 10221 RequestorUid: 10221 RequestorPkg: ru.mail.mailapp UnderlyingNetworks: Null] ]
04-09 23:19:20.954  5665  6026 D UntrustedWifiNetworkFactory: got request NetworkRequest [ REQUEST id=599, [ Capabilities: INTERNET&NOT_RESTRICTED&TRUSTED&NOT_VCN_MANAGED Uid: 10221 RequestorUid: 10221 RequestorPkg: ru.mail.mailapp UnderlyingNetworks: Null] ]
04-09 23:19:20.956  5665  6026 D OemPaidWifiNetworkFactory: got request NetworkRequest [ REQUEST id=599, [ Capabilities: INTERNET&NOT_RESTRICTED&TRUSTED&NOT_VCN_MANAGED Uid: 10221 RequestorUid: 10221 RequestorPkg: ru.mail.mailapp UnderlyingNetworks: Null] ]
04-09 23:19:20.966  5665  6026 D MultiInternetWifiNetworkFactory: got request NetworkRequest [ REQUEST id=599, [ Capabilities: INTERNET&NOT_RESTRICTED&TRUSTED&NOT_VCN_MANAGED Uid: 10221 RequestorUid: 10221 RequestorPkg: ru.mail.mailapp UnderlyingNetworks: Null] ]
04-09 23:19:20.969  5665  6036 D ConnectivityService: Rematched networks [computed 0ms] [applied 3ms] [issued 24]
04-09 23:19:20.969  5665  6036 D ConnectivityService: NetworkReassignment :
04-09 23:19:20.969  5665  6036 D ConnectivityService:   599 : null  100
04-09 23:19:20.977  2567  2567 I [PASS][CMN]WalletUtil: getWalletSupported : false
04-09 23:19:20.977  2567  2567 I [PASS][CMN]WalletUtil: getWalletMigrated : false
04-09 23:19:20.977  2567  2567 I [PASS][SPASS]IconUtils: walletAppReady : false, WalletMigrated : false
04-09 23:19:20.977  2567  2567 I [PASS][CMN]WalletUtil: getWalletMigrated : false
04-09 23:19:20.981  2567  2567 I [PASS][SPASS]IconUtils:  checkVersionAddIcon : criticalUpdateVersion : true firstCheck : false appIconExist : false  walletMigrated : false
04-09 23:19:20.981  2567  2567 I [PASS][SPASS]FrameworkUtils: isInitialized : true
04-09 23:19:20.981  2567  2567 I [PASS][SPASS]PassFramework: ISU
04-09 23:19:20.981  2567  2567 W [PASS][PASS]PermissionHelper: usrId is invalid : -1
04-09 23:19:20.981  2567  2567 I [PASS][SPASS]FrameworkUtils: isSignedUp - false
04-09 23:19:20.984  2567  2567 I [PASS][CMN]WalletUtil: getWalletSupported : false
04-09 23:19:20.984  2567  2567 I [PASS][CMN]WalletUtil: getWalletMigrated : false
04-09 23:19:20.984  2567  2567 I [PASS][SPASS]IconUtils: walletAppReady : false, WalletMigrated : false
04-09 23:19:20.984  2567  2567 I [PASS][CMN]WalletUtil: getWalletMigrated : false
04-09 23:19:20.984  2567  2567 I [PASS][CMN]WalletUtil: getWalletMigrated : false
04-09 23:19:20.984  2567  2567 I [PASS][SPASS]IconUtils: setComponentEnabledSetting : false, walletMigrated : false, walletInUse : false
04-09 23:19:20.998  5665  6796 D PackageManager: setEnabledSetting : userId = 0 packageName = com.samsung.android.samsungpass cmp = com.samsung.android.samsungpass.launcher.EntryLauncher newState = 2 callingPackage = 10111/com.samsung.android.samsungpass
04-09 23:19:21.000  2355  2519 I [SC][AUTH]AuthUtil: getAuthData
04-09 23:19:21.008  5665  8772 D PackageManager: setEnabledSetting : userId = 0 packageName = com.samsung.android.samsungpass cmp = com.samsung.android.samsungpass.ui.activity.EntryLauncher newState = 2 callingPackage = 10111/com.samsung.android.samsungpass
04-09 23:19:21.013  5665  8772 D PackageManager: setEnabledSetting : userId = 0 packageName = com.samsung.android.samsungpass cmp = com.samsung.android.samsungpass.launcher.EntryLauncherJPN newState = 2 callingPackage = 10111/com.samsung.android.samsungpass
04-09 23:19:21.023  5665  8772 D PackageManager: setEnabledSetting : userId = 0 packageName = com.samsung.android.samsungpass cmp = com.samsung.android.samsungpass.launcher.SearchableActivity newState = 1 callingPackage = 10111/com.samsung.android.samsungpass
04-09 23:19:21.024  5665  8772 D ApplicationPolicy: getApplicationStateEnabled : pkg = com.samsung.android.samsungpass userId : 0
04-09 23:19:21.025  5665  8772 D ApplicationPolicy: getApplicationComponentState : pkg = com.samsung.android.samsungpass userId : 0
04-09 23:19:21.038  2355  2519 I [SC][Registration]: register
04-09 23:19:21.047  2355  2519 I [SC][AUTH]AuthUtil: getAuthData
04-09 23:19:21.052  2355  2519 I [SC][AUTH]AuthUtil: getAuthData
04-09 23:19:21.074  2355  2519 I [SC][AUTH]AuthUtil: getAuthData
04-09 23:19:21.090  2355  2519 I [SC][AUTH]AuthUtil: getAuthData
04-09 23:19:21.096  2355  2519 I [SC][Registration]: Already registered.
04-09 23:19:21.097  2355  2519 I [SC][Token]: Get token
04-09 23:19:21.103  2424  2908 D TrafficStats: tagSocket(103) with statsTag=0xffffffff, statsUid=-1
04-09 23:19:21.105  2355  2519 I [SC][AUTH]AuthUtil: getAuthData
04-09 23:19:21.122  2355  2519 I [SC][AUTH]AuthUtil: getAuthData
04-09 23:19:21.124  2355  2519 I [SC][Token]: CloudToken is valid
04-09 23:19:21.129  2355  2519 I SmpLog  : [SMP] get token : ...vu (152)
04-09 23:19:21.129  2355  2519 I SmpLog  : [SMP] get push type : fcm
04-09 23:19:21.149  2567  2567 I MockDeskModeManager:  isDeskMode : false
04-09 23:19:21.150  2567  2567 I MockDeskModeManager: Adding Desktop State change Listeners
04-09 23:19:21.151  2355  2519 I [SC][DeviceUtil]:  : getSimMcc()
04-09 23:19:21.157  2355  2519 I [SC][DeviceUtil]:  : getSimMnc()
04-09 23:19:21.162  2355  2519 I [SC][DeviceUtil]: One UI version : 5.0.0
04-09 23:19:21.173  2355  2519 I [SCSDK][C][2.0.14]: [SamsungCloudFactory]initialize
04-09 23:19:21.192  2424  2454 I AppMetrica-Attribution: Choosing distribution data: ClidsInfo(chosen=Candidate(clids=null, source=APP), candidates=[Candidate(clids=null, source=APP)])
04-09 23:19:21.260  5665  5741 W libprocessgroup: Failed to open /dev/blkio//cgroup.procs: No such file or directory
04-09 23:19:21.279  7973  7973 D BoundBrokerSvc: onBind: Intent { act=com.google.android.gms.gservices.START pkg=com.google.android.gms }
04-09 23:19:21.279  7973  7973 D BoundBrokerSvc: Loading bound service for intent: Intent { act=com.google.android.gms.gservices.START pkg=com.google.android.gms }
04-09 23:19:21.293  5665  5741 W libprocessgroup: Failed to open /dev/blkio//cgroup.procs: No such file or directory
04-09 23:19:21.298  6213  6323 I TelephonyProvider: D/TelephonyProvider: subIdString = 2 subId = 2
04-09 23:19:21.298  2756  2980 I Reminder$Bixby2.0: [BixbyService] initialize Bixby2.0
04-09 23:19:21.299  2756  2980 I CapsuleProvider_1.0.23: releasing initialize wait lock.
04-09 23:19:21.310  2566  2566 E SENL$NotesData$NotesSQLiteOpenHelperFactory: enableDataRecovery, e : com.samsung.android.app.notes.data.database.core.sqlite.NotesSQLiteOpenHelper.semSetUserDataRecoveryEnabled [boolean]
04-09 23:19:21.333  2355  2519 I [SCSDK][C][2.0.14]: [SamsungCloudActivate]No expire
04-09 23:19:21.345  6213  6323 I TelephonyProvider: D/TelephonyProvider: subIdString = 2 subId = 2
04-09 23:19:21.347  5665  6036 D ConnectivityService: notifyType CALLBACK_CAP_CHANGED for [100 CELLULAR]
04-09 23:19:21.356  1554  1667 I SamsungAccount: [OpenContentProvider]  URI : content://com.msc.openprovider.openContentProvider/tncRequest
04-09 23:19:21.356  1554  1667 I SamsungAccount: [AccountManagerUtil] isSamsungAccountSignedIn : true
04-09 23:19:21.358  1554  1667 I SamsungAccount: [SignatureCheckUtil] runCheckSignatureWithEmptyId
04-09 23:19:21.358  1554  1667 I SamsungAccount: [SignatureCheckUtil] runCheckSignatureAsync
04-09 23:19:21.358  1554  1667 I SamsungAccount: [SignaturePreconditionChecker] getSignatureResult - fromSesSdk : true
04-09 23:19:21.359  1554  1667 I SamsungAccount: [SignatureInfoDbHelper] getSignatureResult - [][android.scloud.]
04-09 23:19:21.359  1554  1667 I SamsungAccount: [SignatureInfoHelper] getClientIdFromMetaData : [10/c27bh]
04-09 23:19:21.359  1554  1667 I SamsungAccount: [SignatureInfoDbHelper] searchOnUser
04-09 23:19:21.385  5665  6036 D ConnectivityService: notifyType CALLBACK_CAP_CHANGED for [101 CELLULAR]
04-09 23:19:21.396  6678  6864 I PdnController<1>: onCapabilitiesChanged: network 101 networkCapabilities [ Transports: CELLULAR Capabilities: IMS&NOT_METERED&TRUSTED&NOT_VPN&VALIDATED&NOT_ROAMING&FOREGROUND&NOT_CONGESTED&NOT_SUSPENDED&NOT_VCN_MANAGED LinkUpBandwidth>=15000Kbps LinkDnBandwidth>=17781Kbps Specifier: <TelephonyNetworkSpecifier [mSubId = 2]> SubscriptionIds: {2} UnderlyingNetworks: Null]
04-09 23:19:21.402 10220 11595 E Connection4Heart: ProxyManager.requestSetNetworkSuspended() : watch is not connected
04-09 23:19:21.410  7623 30400 I NetworkScheduler.Stats: Task com.google.android.gms/com.google.android.gms.checkin.EventLogService finished executing. cause:5 result: 1 elapsed_millis: 6953 uptime_millis: 6953 exec_start_elapsed_seconds: 3052 [CONTEXT service_id=218 ]
04-09 23:19:21.419  1820  1828 W x.weatherplugin: Suspending all threads took: 67.293ms
04-09 23:19:21.437  1554  1667 I SamsungAccount: [SignatureInfoDbHelper] searchOnUser - [10/c27bh][android.scloud.][64/3291d] => matched
04-09 23:19:21.437  1554  1667 I SamsungAccount: [SignatureInfoDbHelper] search - matched
04-09 23:19:21.437  1554  1667 I SamsungAccount: [SignatureCheckUtil] runCheckSignatureAsync(fromDb) - matched
04-09 23:19:21.444  2355  2519 I [SC][AUTH]AccountSupplier: isValidSamsungAccount: name: 0 email: 0
04-09 23:19:21.452  2355  2519 I [SCSDK][C][2.0.14]: [SamsungCloud]getCloudToken
04-09 23:19:21.454  2355  2514 I [SC][AUTH]AuthUtil: getAuthData
04-09 23:19:21.455  2355  2519 I [SCSDK][C][2.0.14]: [SamsungCloudDevice]version : 2.0.14
04-09 23:19:21.472  2355  2514 I SmpLog  : [SMP] get token : ...vu (152)
04-09 23:19:21.472  2355  2514 I SmpLog  : [SMP] get push type : fcm
04-09 23:19:21.519  2355  2514 I [SC][AUTH]SmpUtil: initializeSmp
04-09 23:19:21.549  1820  1896 I AppWidgetManager: updateAppWidget() appWidgetIds = [37]
04-09 23:19:21.574  2756  2980 I Reminder$DeviceIdHelper: initOAID
04-09 23:19:21.578  2756  2980 I Reminder$DeviceIdHelper: it is not china mcc or deviceidservice is not installed
04-09 23:19:21.598  2566  2566 I SENL$NotesMain$SettingsSearchProvider: onCreate#
04-09 23:19:21.598  2566  2566 I SENL$NotesMain$SettingsSearchProvider: initMainScreenMenus#
04-09 23:19:21.603  1820  1896 D WidgetDisplayer: showWeatherCaches: created ui updater for widget ScreenWidget[id=39,locationId=-1,locationData=LocationData [id=-1; latitude=44.8239860534668; longitude=20.45982551574707; name=grad Beograd; shortName=grad Beograd; kind=]]
04-09 23:19:21.612  2355  2514 I [SC]AllowListBuilder: setDefaultAllowList
04-09 23:19:21.613  1820  1896 I ScreenWidgetUiUpdaterBa: updateWithData() ScreenWidgetUiUpdaterBase begin
04-09 23:19:21.643  1820  1896 I ScreenWidgetUiUpdaterBa: setTheme() BaseHorizontalWidgetUpdater begin
04-09 23:19:21.647  1820  1896 I ScreenWidgetUiUpdaterBa: setTheme() ScreenWidgetUiUpdaterBase end
04-09 23:19:21.652  2424  2454 I AppMetrica-Attribution: Choosing distribution data: ClidsInfo(chosen=Candidate(clids=null, source=APP), candidates=[Candidate(clids=null, source=APP)])
04-09 23:19:21.656  2566  2566 I SENL$UserHandleCompat: Main user!
04-09 23:19:21.673  5249  5249 E audit   : type=1400 audit(1681075161.666:966): avc:  denied  { getattr } for  pid=3011 comm="mount" path="/metadata" dev="sda24" ino=2 scontext=u:r:priv_app:s0:c512,c768 tcontext=u:object_r:metadata_file:s0 tclass=dir permissive=0 SEPF_SM-A515F_13_0001 audit_filtered
04-09 23:19:21.673  5249  5249 E audit   : type=1300 audit(1681075161.666:966): arch=c00000b7 syscall=79 success=no exit=-13 a0=ffffff9c a1=74b2f368ac a2=74aba1fa10 a3=0 items=0 ppid=2893 pid=3011 auid=4294967295 uid=10053 gid=10053 euid=10053 suid=10053 fsuid=10053 egid=10053 sgid=10053 fsgid=10053 tty=(none) ses=4294967295 comm="mount" exe="/system/bin/toybox" subj=u:r:priv_app:s0:c512,c768 key=(null)
04-09 23:19:21.673  5249  5249 E audit   : type=1327 audit(1681075161.666:966): proctitle="mount"
04-09 23:19:21.674  5249  5249 E audit   : type=1400 audit(1681075161.670:967): avc:  denied  { getattr } for  pid=3011 comm="mount" path="/apex/apex-info-list.xml" dev="tmpfs" ino=13728 scontext=u:r:priv_app:s0:c512,c768 tcontext=u:object_r:apex_info_file:s0 tclass=file permissive=0 SEPF_SM-A515F_13_0001 audit_filtered
