04-18 00:43:30.628  7348  7391 I BistoSettingsListener: listener created
04-18 00:43:30.630  7348  7425 I A       : getLocaleToModelSpecsMap
04-18 00:43:30.631  7348  7425 I A       : getLocaleToModelSpecsMap
04-18 00:43:30.631  7348  7425 I A       : getLocaleToModelSpecsMap
04-18 00:43:30.640  7348  7412 I A       : getLocaleToModelSpecsMap
04-18 00:43:30.640  7348  7412 I A       : getLocaleToModelSpecsMap
04-18 00:43:30.640  7348  7412 I A       : getLocaleToModelSpecsMap
04-18 00:43:30.641  7348  7385 I A       : Flag is_largescreen_foldable_phone is false
04-18 00:43:30.641  7348  7385 I A       : (REDACTED) Flag is_whitelisted_as_tablet is %b
04-18 00:43:30.641  7348  7385 I A       : (REDACTED) R.bool.is_tablet is %b
04-18 00:43:30.641  7348  7385 I A       : Flag is_largescreen_foldable_phone is false
04-18 00:43:30.641  7348  7385 I A       : (REDACTED) Flag is_whitelisted_as_tablet is %b
04-18 00:43:30.641  7348  7385 I A       : (REDACTED) R.bool.is_tablet is %b
04-18 00:43:30.642  7348  7385 I A       : Flag is_largescreen_foldable_phone is false
04-18 00:43:30.642  7348  7385 I A       : (REDACTED) Flag is_whitelisted_as_tablet is %b
04-18 00:43:30.642  7348  7385 I A       : (REDACTED) R.bool.is_tablet is %b
04-18 00:43:30.646  7348  7425 I A       : getLocaleToModelSpecsMap
04-18 00:43:30.647  7348  7425 I A       : Proto config empty. Exit merge.
04-18 00:43:30.648  7348  7412 I A       : getLocaleToModelSpecsMap
04-18 00:43:30.648  7348  7412 I A       : Proto config empty. Exit merge.
04-18 00:43:30.648  7348  7425 I A       : getLocaleToModelSpecsMap
04-18 00:43:30.649  7348  7425 I A       : getLocaleToModelSpecsMap
04-18 00:43:30.649  7348  7425 I A       : getLocaleToModelSpecsMap
04-18 00:43:30.649  7348  7425 I A       : getLocaleToModelSpecsMap
04-18 00:43:30.650  7348  7425 I A       : Proto config empty. Exit merge.
04-18 00:43:30.650  7348  7398 I SettingsDataLayer.AE: Set isHotwordOpaEligible
04-18 00:43:30.653  7348  7425 I A       : (REDACTED) hasHotwordEverywhere-%b
04-18 00:43:30.653  7348  7412 I A       : getLocaleToModelSpecsMap
04-18 00:43:30.655  7348  7412 I A       : getLocaleToModelSpecsMap
04-18 00:43:30.655  7348  7425 I A       : getLocaleToModelSpecsMap
04-18 00:43:30.655  7348  7393 I SettingsDataLayer.AE: Set Assistant eligibility status
04-18 00:43:30.656  7348  7425 I A       : getLocaleToModelSpecsMap
04-18 00:43:30.656  7348  7425 I A       : getLocaleToModelSpecsMap
04-18 00:43:30.657  7348  7425 I A       : getLocaleToModelSpecsMap
04-18 00:43:30.657  7348  7425 I A       : Proto config empty. Exit merge.
04-18 00:43:30.658  7348  7425 I A       : getLocaleToModelSpecsMap
04-18 00:43:30.659  7348  7425 I A       : getLocaleToModelSpecsMap
04-18 00:43:30.659  7348  7425 I A       : getLocaleToModelSpecsMap
04-18 00:43:30.662  7348  7412 I A       : getLocaleToModelSpecsMap
04-18 00:43:30.665  7348  7412 I A       : getLocaleToModelSpecsMap
04-18 00:43:30.666  7348  7412 I A       : getLocaleToModelSpecsMap
04-18 00:43:30.672  7348  7412 I MicroDetectionWorker: (REDACTED) Initializing MicroDataManager InitializeType-%d, isForced-%b, isActivePhoneEnrollment-%b isActiveGoogleHomeEnrollment-%b
04-18 00:43:30.674  7348  7412 I A       : getLocaleToModelSpecsMap
04-18 00:43:30.674  7348  7412 I A       : getLocaleToModelSpecsMap
04-18 00:43:30.675  7348  7412 I A       : getLocaleToModelSpecsMap
04-18 00:43:30.676  7348  7385 I A       : getLocaleToModelSpecsMap
04-18 00:43:30.676  7348  7385 I A       : Proto config empty. Exit merge.
04-18 00:43:30.677  7348  7385 I MicroDataManager: (REDACTED) Location for model with model type: %s and locale: %s, is : %s
04-18 00:43:30.678  7348  7412 I MicroDetectionState: (REDACTED) #takeChangeMicroDetectorMode [mIsBargeInEnabled: %b, mCurrentDetectionMode: %s]
04-18 00:43:30.686  7348  7412 I MicroDetectionState: (REDACTED) Should stop hotword detection immediately - %b
04-18 00:43:30.687  7348  7348 I SearchWidgetFlow: (REDACTED) GsaWidgetProvider:onReceive(%s) started
04-18 00:43:30.687  7348  7412 W SearchServiceCore: Abort, client detached.
04-18 00:43:30.687  7348  7412 W SearchServiceCore: Abort, client detached.
04-18 00:43:30.689  7348  7384 I A       : (REDACTED) Get policy config URI for group: %s
04-18 00:43:30.689  7348  7384 I A       : (REDACTED) Get policy config URI for group: %s
04-18 00:43:30.689  7348  7384 I A       : (REDACTED) Get policy config URI for group: %s
04-18 00:43:30.690  7348  7385 I MicroModelsUtil: (REDACTED) #getHotwordModel [locale: %s, modelType: %s]
04-18 00:43:30.691  7348  7412 I SearchWidgetFlow: GsaWidgetSessionController:handleGenericClientEvent
04-18 00:43:30.694  7348  7386 I A       : Flag is_largescreen_foldable_phone is false
04-18 00:43:30.694  7348  7386 I A       : (REDACTED) Flag is_whitelisted_as_tablet is %b
04-18 00:43:30.695  7348  7386 I A       : (REDACTED) R.bool.is_tablet is %b
04-18 00:43:30.695  7348  7386 I A       : Flag is_largescreen_foldable_phone is false
04-18 00:43:30.695  7348  7386 I A       : (REDACTED) Flag is_whitelisted_as_tablet is %b
04-18 00:43:30.697  7348  7386 I A       : (REDACTED) R.bool.is_tablet is %b
04-18 00:43:30.697  7348  7386 I A       : Flag is_largescreen_foldable_phone is false
04-18 00:43:30.697  7348  7386 I A       : (REDACTED) Flag is_whitelisted_as_tablet is %b
04-18 00:43:30.699  7348  7386 I A       : (REDACTED) R.bool.is_tablet is %b
04-18 00:43:30.703 29492 29492 I A       : (REDACTED) Created gRPC endpoint for service %s
04-18 00:43:30.704  7348  7386 I A       : Flag is_largescreen_foldable_phone is false
04-18 00:43:30.704  7348  7386 I A       : (REDACTED) Flag is_whitelisted_as_tablet is %b
04-18 00:43:30.706  7348  7386 I A       : (REDACTED) R.bool.is_tablet is %b
04-18 00:43:30.706  7348  7386 I A       : Flag is_largescreen_foldable_phone is false
04-18 00:43:30.706  7348  7386 I A       : (REDACTED) Flag is_whitelisted_as_tablet is %b
04-18 00:43:30.706  7348  7386 I A       : (REDACTED) R.bool.is_tablet is %b
04-18 00:43:30.706  7348  7386 I A       : Flag is_largescreen_foldable_phone is false
04-18 00:43:30.708  7348  7386 I A       : (REDACTED) Flag is_whitelisted_as_tablet is %b
04-18 00:43:30.708  7348  7386 I A       : (REDACTED) R.bool.is_tablet is %b
04-18 00:43:30.708  5628  5944 D BluetoothManagerService: mDisableBleCallbacks count 17
04-18 00:43:30.711  7348  7412 W SearchServiceCore: Abort, client detached.
04-18 00:43:30.711  7348  7412 W SearchServiceCore: Abort, client detached.
04-18 00:43:30.712  7348  7386 I A       : NGA disabled since it's running Panthera and at least one a11y feature is on.
04-18 00:43:30.712  7348  7365 W libc    : Access denied finding property "sys.perf.boostopt"
04-18 00:43:30.712  7348  7386 I A       : (REDACTED) Nga state changed to %s
04-18 00:43:30.712  7348  7386 I A       : Flag is_largescreen_foldable_phone is false
04-18 00:43:30.713  7348  7386 I A       : (REDACTED) Flag is_whitelisted_as_tablet is %b
04-18 00:43:30.713  7348  7386 I A       : (REDACTED) R.bool.is_tablet is %b
04-18 00:43:30.713  7348  7386 I A       : Flag is_largescreen_foldable_phone is false
04-18 00:43:30.713  7348  7386 I A       : (REDACTED) Flag is_whitelisted_as_tablet is %b
04-18 00:43:30.713  7348  7386 I A       : (REDACTED) R.bool.is_tablet is %b
04-18 00:43:30.713  7348  7386 I A       : Flag is_largescreen_foldable_phone is false
04-18 00:43:30.713  7348  7386 I A       : (REDACTED) Flag is_whitelisted_as_tablet is %b
04-18 00:43:30.713  7348  7386 I A       : (REDACTED) R.bool.is_tablet is %b
04-18 00:43:30.713  5224  5224 E audit   : type=1400 audit(1681771410.706:59911): avc:  denied  { read } for  pid=7348 comm="binder:7348_2" name="u:object_r:perf_prop:s0" dev="tmpfs" ino=16829 scontext=u:r:priv_app:s0:c512,c768 tcontext=u:object_r:perf_prop:s0 tclass=file permissive=0 SEPF_SM-A515F_13_0001 audit_filtered
04-18 00:43:30.714  7348  7386 I A       : Flag is_largescreen_foldable_phone is false
04-18 00:43:30.714  7348  7386 I A       : (REDACTED) Flag is_whitelisted_as_tablet is %b
04-18 00:43:30.714  7348  7386 I A       : (REDACTED) R.bool.is_tablet is %b
04-18 00:43:30.714  7348  7386 I A       : Flag is_largescreen_foldable_phone is false
04-18 00:43:30.714  7348  7386 I A       : (REDACTED) Flag is_whitelisted_as_tablet is %b
04-18 00:43:30.714  7348  7386 I A       : (REDACTED) R.bool.is_tablet is %b
04-18 00:43:30.714  7348  7386 I A       : Flag is_largescreen_foldable_phone is false
04-18 00:43:30.714  7348  7386 I A       : (REDACTED) Flag is_whitelisted_as_tablet is %b
04-18 00:43:30.714  7348  7386 I A       : (REDACTED) R.bool.is_tablet is %b
04-18 00:43:30.715  7348  7386 I A       : NGA disabled since it's running Panthera and at least one a11y feature is on.
04-18 00:43:30.716  7348  7386 I A       : Flag is_largescreen_foldable_phone is false
04-18 00:43:30.716  7348  7386 I A       : (REDACTED) Flag is_whitelisted_as_tablet is %b
04-18 00:43:30.716  7348  7386 I A       : (REDACTED) R.bool.is_tablet is %b
04-18 00:43:30.727  7348  7387 I BluetoothAdapter: BluetoothAdapter() : com.google.android.googlequicksearchbox
04-18 00:43:30.729  7348  7386 I A       : Flag is_largescreen_foldable_phone is false
04-18 00:43:30.729  7348  7386 I A       : (REDACTED) Flag is_whitelisted_as_tablet is %b
04-18 00:43:30.729  7348  7386 I A       : (REDACTED) R.bool.is_tablet is %b
04-18 00:43:30.730  7348  7386 I A       : Flag is_largescreen_foldable_phone is false
04-18 00:43:30.730  7348  7386 I A       : (REDACTED) Flag is_whitelisted_as_tablet is %b
04-18 00:43:30.730  7348  7386 I A       : (REDACTED) R.bool.is_tablet is %b
04-18 00:43:30.730  7348  7386 I A       : Flag is_largescreen_foldable_phone is false
04-18 00:43:30.730  7348  7386 I A       : (REDACTED) Flag is_whitelisted_as_tablet is %b
04-18 00:43:30.731  7348  7386 I A       : (REDACTED) R.bool.is_tablet is %b
04-18 00:43:30.732  7348  7384 I A       : Flag is_largescreen_foldable_phone is false
04-18 00:43:30.733  7348  7384 I A       : (REDACTED) Flag is_whitelisted_as_tablet is %b
04-18 00:43:30.733  7348  7384 I A       : (REDACTED) R.bool.is_tablet is %b
04-18 00:43:30.735  7348  7385 I A       : Flag is_largescreen_foldable_phone is false
04-18 00:43:30.735  7348  7385 I A       : (REDACTED) Flag is_whitelisted_as_tablet is %b
04-18 00:43:30.735  7348  7385 I A       : (REDACTED) R.bool.is_tablet is %b
04-18 00:43:30.735  7348  7385 I A       : Flag is_largescreen_foldable_phone is false
04-18 00:43:30.736  7348  7385 I A       : (REDACTED) Flag is_whitelisted_as_tablet is %b
04-18 00:43:30.736  7348  7385 I A       : (REDACTED) R.bool.is_tablet is %b
04-18 00:43:30.737  7348  7385 I A       : Flag is_largescreen_foldable_phone is false
04-18 00:43:30.737  7348  7385 I A       : (REDACTED) Flag is_whitelisted_as_tablet is %b
04-18 00:43:30.737  7348  7385 I A       : (REDACTED) R.bool.is_tablet is %b
04-18 00:43:30.737  7348  7405 I Search.LoginHelperImpl: (REDACTED) Successfully received auth token for scope: %s in time %d ms
04-18 00:43:30.738  7348  7412 I SearchWidgetFlow: (REDACTED) SearchWidgetWorker:handleIntent(%s) started
04-18 00:43:30.738  7348  7348 I SearchWidgetFlow: (REDACTED) SearchWidget:handleIntent(%s)
04-18 00:43:30.746  7348  7434 I Search.LoginHelperImpl: (REDACTED) Successfully received auth token for scope: %s in time %d ms
04-18 00:43:30.750  7348  7398 I SearchWidgetFlow: (REDACTED) SearchWidgetWorker:handleIntent(%s) done
04-18 00:43:30.751  7348  7412 W SearchServiceCore: Abort, client detached.
04-18 00:43:30.751  7348  7392 I SearchWidgetFlow: (REDACTED) GsaWidgetProvider:onReceive(%s) done
04-18 00:43:30.753  8900 30614 D BluetoothAdapterService: getBondedDevices, remove custom devices:
04-18 00:43:30.764  7348  7384 I A       : Flag is_largescreen_foldable_phone is false
04-18 00:43:30.764  7348  7384 I A       : (REDACTED) Flag is_whitelisted_as_tablet is %b
04-18 00:43:30.765  7348  7384 I A       : (REDACTED) R.bool.is_tablet is %b
04-18 00:43:30.765  7348  7384 I A       : Flag is_largescreen_foldable_phone is false
04-18 00:43:30.765  7348  7384 I A       : (REDACTED) Flag is_whitelisted_as_tablet is %b
04-18 00:43:30.765  7348  7384 I A       : (REDACTED) R.bool.is_tablet is %b
04-18 00:43:30.765  7348  7384 I A       : Flag is_largescreen_foldable_phone is false
04-18 00:43:30.765  7348  7384 I A       : (REDACTED) Flag is_whitelisted_as_tablet is %b
04-18 00:43:30.765  7348  7384 I A       : (REDACTED) R.bool.is_tablet is %b
04-18 00:43:30.770  7348  7387 I DeviceDetector: shouldReduceSdpRequests; does not have bistoUuid
04-18 00:43:30.778  8900 30614 D BluetoothAdapterService: getBondedDevices, remove custom devices:
04-18 00:43:30.786  5628  8457 D NetdEventListenerService: DNS Requested by : 117, 10405
04-18 00:43:30.788  6837  6935 D TrafficStats: tagSocket(6) with statsTag=0xffffffff, statsUid=-1
04-18 00:43:30.790  7348  7387 I BistoDatabaseModule: (REDACTED) bistoDeviceInfoDatabaseLegacy(), ENABLE_TNG_ROOM_DATABASE=%b
04-18 00:43:30.799  8900 30614 D BluetoothAdapterService: getBondedDevices, remove custom devices:
04-18 00:43:30.809  7348  7387 I DeviceDetector: shouldReduceSdpRequests; does not have bistoUuid
04-18 00:43:30.810  7348  7385 W A       : Client file group is null. No policy config file available.
04-18 00:43:30.814  8900 30614 D BluetoothAdapterService: getBondedDevices, remove custom devices:
04-18 00:43:30.817 29492 29492 I BistoRealService: (REDACTED) onStartCommand: %d %d %s
04-18 00:43:30.817 29492 29492 I BistoWiredManager: (REDACTED) handleIntent. Action: %s
04-18 00:43:30.818 29492 29492 I BistoClassicManager: (REDACTED) handleIntent. Action: %s
04-18 00:43:30.818 29492 29492 I BistoGacsGrpcMgr: handleIntent
04-18 00:43:30.818 29492 29492 I BistoGacsManager: (REDACTED) handleIntent. Action: %s
04-18 00:43:30.818 29492 29492 I BistoGacsManager: Active status is on hold, not updating actual active status
04-18 00:43:30.824  7348  7386 W A       : Client file group is null. No policy config file available.
04-18 00:43:30.824  7348  7386 W A       : Client file group is null. No policy config file available.
04-18 00:43:30.825  7348  7386 W A       : Client file group is null. No policy config file available.
04-18 00:43:30.825  7348  7384 I MicroModelsUtil: (REDACTED) #getHotwordModelFromMobstore [mobstoreUri: %s]
04-18 00:43:30.827  7348  7425 I A       : getLocaleToModelSpecsMap
04-18 00:43:30.827  7348  7425 I A       : getLocaleToModelSpecsMap
04-18 00:43:30.830  7348  7386 I A       : Flag is_largescreen_foldable_phone is false
04-18 00:43:30.830  7348  7425 I A       : getLocaleToModelSpecsMap
04-18 00:43:30.830  7348  7386 I A       : (REDACTED) Flag is_whitelisted_as_tablet is %b
04-18 00:43:30.830  7348  7386 I A       : (REDACTED) R.bool.is_tablet is %b
04-18 00:43:30.831  7348  7425 I MicroModelsUtil: (REDACTED) #getHotwordModelFromMobstore [mobstoreUri: %s]
04-18 00:43:30.831  7348  7386 I A       : Flag is_largescreen_foldable_phone is false
04-18 00:43:30.832  7348  7386 I A       : (REDACTED) Flag is_whitelisted_as_tablet is %b
04-18 00:43:30.832  7348  7386 I A       : (REDACTED) R.bool.is_tablet is %b
04-18 00:43:30.832  7348  7386 I A       : Flag is_largescreen_foldable_phone is false
04-18 00:43:30.832  7348  7386 I A       : (REDACTED) Flag is_whitelisted_as_tablet is %b
04-18 00:43:30.833  7348  7386 I A       : (REDACTED) R.bool.is_tablet is %b
04-18 00:43:30.833  7348  7391 I MicroDataManager: (REDACTED) MicroDataManager InitializationTask. googleHotwordData is null: true, hotwordModel is null: %b , sourceLocationOfCurrentHotwordModel %s
04-18 00:43:30.834  7348  7412 I A       : getLocaleToModelSpecsMap
04-18 00:43:30.834  7348  7412 I A       : Proto config empty. Exit merge.
04-18 00:43:30.834  8900 30614 D BluetoothAdapterService: getBondedDevices, remove custom devices:
04-18 00:43:30.835  7348  7412 I MicroDetectionState: (REDACTED) #takeChangeMicroDetectorMode [mIsBargeInEnabled: %b, mCurrentDetectionMode: %s]
04-18 00:43:30.835  7348  7412 I MicroDetectionState: (REDACTED) Should stop hotword detection immediately - %b
04-18 00:43:30.835  7348  7412 I A       : getLocaleToModelSpecsMap
04-18 00:43:30.836  7348  7412 I A       : getLocaleToModelSpecsMap
04-18 00:43:30.837 29492 29492 I BistoRealService: (REDACTED) onStartCommand: %d %d %s
04-18 00:43:30.838 29492 29492 I BistoRealService: Intent handled internally
04-18 00:43:30.846  7348  7387 W DeviceDetector: UUIDs in BluetoothDevice conflict with sharedPref
04-18 00:43:30.849  7348  7387 I DeviceDetector: shouldReduceSdpRequests; does not have bistoUuid
04-18 00:43:30.851  8900 30614 D BluetoothAdapterService: getBondedDevices, remove custom devices:
04-18 00:43:30.855  7348  7387 I DeviceDetector: shouldReduceSdpRequests; does not have bistoUuid
04-18 00:43:30.870  7348  7384 I FedAssAccDataUpdater: Successfully updated the active account data.
04-18 00:43:30.870  7348  7384 I FedAssExpListener: Updated active account data.
04-18 00:43:30.870  7348  7384 I TrainingCacheConnection: on initEkho.
04-18 00:43:30.875  7348  7425 I tflite  : Initialized TensorFlow Lite runtime.
04-18 00:43:30.876 29492 29492 I BistoRealService: (REDACTED) onStartCommand: %d %d %s
04-18 00:43:30.877 29492 29492 I BistoWiredManager: (REDACTED) handleIntent. Action: %s
04-18 00:43:30.877  7348  7425 I HotwordService: (REDACTED) Model ID: %s
04-18 00:43:30.877 29492 29492 I BistoClassicManager: (REDACTED) handleIntent. Action: %s
04-18 00:43:30.877  7348  7425 I HotwordService: (REDACTED) hotwordModelLocation is null %b, locale is %s, re-mapped Chinese locale %s
04-18 00:43:30.877 29492 29492 I BistoGacsGrpcMgr: handleIntent
04-18 00:43:30.877  7348  7425 I HotwordService: (REDACTED) isOpaEligibleAndUserEnabled: %b
04-18 00:43:30.878 29492 29492 I BistoGacsManager: (REDACTED) handleIntent. Action: %s
04-18 00:43:30.878  7348  7425 I A       : getLocaleToModelSpecsMap
04-18 00:43:30.878  7348  7425 I A       : getLocaleToModelSpecsMap
04-18 00:43:30.878 29492 29492 I BistoGacsManager: Active status is on hold, not updating actual active status
04-18 00:43:30.878  7348  7425 I A       : getLocaleToModelSpecsMap
04-18 00:43:30.878  7348  7425 I A       : getLocaleToModelSpecsMap
04-18 00:43:30.879  7348  7425 I A       : Proto config empty. Exit merge.
04-18 00:43:30.880 29492 29655 I BistoGacsManager: Intent not using connection sequencing.
04-18 00:43:30.881 29492 29655 I BistoGacsManager: initializeConnectAttemptWithConfig
04-18 00:43:30.887  7348  7393 I A       : getAccountData
04-18 00:43:30.889 29492 29492 I A       : onCreate
04-18 00:43:30.890 29492 29492 I A       : onBind
04-18 00:43:30.894  7348  7384 I FedAssExpListener: Successfully initialized Ekho
04-18 00:43:30.898  7348  7348 I TrainingCacheConnection: Training cache service connected.
04-18 00:43:30.904 29492 30350 I A       : binder initEkho
04-18 00:43:30.906 29492 29752 I A       : getAccountData
04-18 00:43:30.906 29492 29492 I A       : onDestroy
04-18 00:43:30.909 29492 29752 I A       : getAccountData
04-18 00:43:30.910 29492 29752 I A       : initializing EkhoWriter.
04-18 00:43:30.911 29492 29752 D StrictMode: StrictMode policy violation: android.os.strictmode.DiskReadViolation
04-18 00:43:30.911 29492 29752 D StrictMode: 	at android.os.StrictMode$AndroidBlockGuardPolicy.onReadFromDisk(StrictMode.java:1658)
04-18 00:43:30.911 29492 29752 D StrictMode: 	at libcore.io.BlockGuardOs.access(BlockGuardOs.java:74)
04-18 00:43:30.911 29492 29752 D StrictMode: 	at libcore.io.ForwardingOs.access(ForwardingOs.java:128)
04-18 00:43:30.911 29492 29752 D StrictMode: 	at android.app.ActivityThread$AndroidOs.access(ActivityThread.java:8610)
04-18 00:43:30.911 29492 29752 D StrictMode: 	at java.io.UnixFileSystem.checkAccess(UnixFileSystem.java:281)
04-18 00:43:30.911 29492 29752 D StrictMode: 	at java.io.File.exists(File.java:813)
04-18 00:43:30.911 29492 29752 D StrictMode: 	at android.app.ContextImpl.ensurePrivateDirExists(ContextImpl.java:790)
04-18 00:43:30.911 29492 29752 D StrictMode: 	at android.app.ContextImpl.ensurePrivateDirExists(ContextImpl.java:781)
04-18 00:43:30.911 29492 29752 D StrictMode: 	at android.app.ContextImpl.getNoBackupFilesDir(ContextImpl.java:854)
04-18 00:43:30.911 29492 29752 D StrictMode: 	at android.content.ContextWrapper.getNoBackupFilesDir(ContextWrapper.java:306)
04-18 00:43:30.911 29492 29752 D StrictMode: 	at com.google.android.apps.gsa.staticplugins.fedass.b.l.f(PG:3)
04-18 00:43:30.911 29492 29752 D StrictMode: 	at com.google.android.apps.gsa.staticplugins.fedass.b.l.d(PG:4)
04-18 00:43:30.911 29492 29752 D StrictMode: 	at com.google.android.apps.gsa.staticplugins.fedass.b.ac.a(PG:10)
04-18 00:43:30.911 29492 29752 D StrictMode: 	at com.google.android.apps.gsa.staticplugins.fedass.a.a.apply(PG:1)
04-18 00:43:30.911 29492 29752 D StrictMode: 	at com.google.common.util.concurrent.h.e(PG:2)
04-18 00:43:30.911 29492 29752 D StrictMode: 	at com.google.common.util.concurrent.j.run(PG:9)
04-18 00:43:30.911 29492 29752 D StrictMode: 	at com.google.common.util.concurrent.bg.execute(PG:1)
04-18 00:43:30.911 29492 29752 D StrictMode: 	at com.google.common.util.concurrent.d.i(PG:1)
04-18 00:43:30.911 29492 29752 D StrictMode: 	at com.google.common.util.concurrent.d.l(PG:13)
04-18 00:43:30.911 29492 29752 D StrictMode: 	at com.google.common.util.concurrent.d.n(PG:2)
04-18 00:43:30.911 29492 29752 D StrictMode: 	at com.google.common.util.concurrent.i.f(PG:1)
04-18 00:43:30.911 29492 29752 D StrictMode: 	at com.google.common.util.concurrent.j.run(PG:13)
04-18 00:43:30.911 29492 29752 D StrictMode: 	at com.google.common.util.concurrent.bg.execute(PG:1)
04-18 00:43:30.911 29492 29752 D StrictMode: 	at com.google.common.util.concurrent.d.i(PG:1)
04-18 00:43:30.911 29492 29752 D StrictMode: 	at com.google.common.util.concurrent.d.l(PG:13)
04-18 00:43:30.911 29492 29752 D StrictMode: 	at com.google.common.util.concurrent.d.n(PG:2)
04-18 00:43:30.911 29492 29752 D StrictMode: 	at com.google.common.util.concurrent.i.f(PG:1)
04-18 00:43:30.911 29492 29752 D StrictMode: 	at com.google.common.util.concurrent.j.run(PG:13)
04-18 00:43:30.911 29492 29752 D StrictMode: 	at com.google.common.util.concurrent.bg.execute(PG:1)
04-18 00:43:30.911 29492 29752 D StrictMode: 	at com.google.common.util.concurrent.d.i(PG:1)
04-18 00:43:30.911 29492 29752 D StrictMode: 	at com.google.common.util.concurrent.d.l(PG:13)
04-18 00:43:30.911 29492 29752 D StrictMode: 	at com.google.common.util.concurrent.d.n(PG:2)
04-18 00:43:30.911 29492 29752 D StrictMode: 	at com.google.common.util.concurrent.c.run(PG:9)
04-18 00:43:30.911 29492 29752 D StrictMode: 	at com.google.common.util.concurrent.bg.execute(PG:1)
04-18 00:43:30.911 29492 29752 D StrictMode: 	at com.google.common.util.concurrent.d.i(PG:1)
04-18 00:43:30.911 29492 29752 D StrictMode: 	at com.google.common.util.concurrent.d.l(PG:13)
04-18 00:43:30.911 29492 29752 D StrictMode: 	at com.google.common.util.concurrent.d.p(PG:4)
04-18 00:43:30.911 29492 29752 D StrictMode: 	at com.google.common.util.concurrent.h.f(PG:2)
04-18 00:43:30.911 29492 29752 D StrictMode: 	at com.google.common.util.concurrent.j.run(PG:13)
04-18 00:43:30.911 29492 29752 D StrictMode: 	at com.google.common.util.concurrent.bg.execute(PG:1)
04-18 00:43:30.911 29492 29752 D StrictMode: 	at com.google.common.util.concurrent.d.i(PG:1)
04-18 00:43:30.911 29492 29752 D StrictMode: 	at com.google.common.util.concurrent.d.l(PG:13)
04-18 00:43:30.911 29492 29752 D StrictMode: 	at com.google.common.util.concurrent.d.n(PG:2)
04-18 00:43:30.911 29492 29752 D StrictMode: 	at com.google.common.util.concurrent.i.f(PG:1)
04-18 00:43:30.911 29492 29752 D StrictMode: 	at com.google.common.util.concurrent.j.run(PG:13)
04-18 00:43:30.911 29492 29752 D StrictMode: 	at com.google.common.util.concurrent.bg.execute(PG:1)
04-18 00:43:30.911 29492 29752 D StrictMode: 	at com.google.common.util.concurrent.d.i(PG:1)
04-18 00:43:30.911 29492 29752 D StrictMode: 	at com.google.common.util.concurrent.d.l(PG:13)
04-18 00:43:30.911 29492 29752 D StrictMode: 	at com.google.common.util.concurrent.d.n(PG:2)
04-18 00:43:30.911 29492 29752 D StrictMode: 	at com.google.common.util.concurrent.i.f(PG:1)
04-18 00:43:30.911 29492 29752 D StrictMode: 	at com.google.common.util.concurrent.j.run(PG:13)
04-18 00:43:30.911 29492 29752 D StrictMode: 	at com.google.android.libraries.i.y.run(PG:1)
04-18 00:43:30.911 29492 29752 D StrictMode: 	at java.util.concurrent.ThreadPoolExecutor.runWorker(ThreadPoolExecutor.java:1137)
04-18 00:43:30.911 29492 29752 D StrictMode: 	at java.util.concurrent.ThreadPoolExecutor$Worker.run(ThreadPoolExecutor.java:637)
04-18 00:43:30.911 29492 29752 D StrictMode: 	at com.google.android.libraries.i.g.run(PG:2)
04-18 00:43:30.911 29492 29752 D StrictMode: 	at java.lang.Thread.run(Thread.java:1012)
04-18 00:43:30.911 29492 29752 D StrictMode: 	at com.google.android.libraries.i.ah.run(PG:5)
04-18 00:43:30.912 29492 29752 I FedAssSettingsBuildTypeHelper: BuildType: Release
04-18 00:43:30.912 29492 29752 I A       : (REDACTED) getFlSettingEnabledWithSettingsToggle: %b
04-18 00:43:30.912 29492 29752 I A       : (REDACTED) If ASR p13n cache is allowed: %b
04-18 00:43:30.912 29492 29752 W A       : Policy config not found on disk.
04-18 00:43:30.915 29492 29752 D StrictMode: StrictMode policy violation: android.os.strictmode.DiskReadViolation
04-18 00:43:30.915 29492 29752 D StrictMode: 	at android.os.StrictMode$AndroidBlockGuardPolicy.onReadFromDisk(StrictMode.java:1658)
04-18 00:43:30.915 29492 29752 D StrictMode: 	at libcore.io.BlockGuardOs.open(BlockGuardOs.java:269)
04-18 00:43:30.915 29492 29752 D StrictMode: 	at libcore.io.ForwardingOs.open(ForwardingOs.java:563)
04-18 00:43:30.915 29492 29752 D StrictMode: 	at android.app.ActivityThread$AndroidOs.open(ActivityThread.java:8619)
04-18 00:43:30.915 29492 29752 D StrictMode: 	at libcore.io.IoUtils.canOpenReadOnly(IoUtils.java:331)
04-18 00:43:30.915 29492 29752 D StrictMode: 	at dalvik.system.DexPathList$NativeLibraryElement.findNativeLibrary(DexPathList.java:883)
04-18 00:43:30.915 29492 29752 D StrictMode: 	at dalvik.system.DexPathList.findLibrary(DexPathList.java:594)
04-18 00:43:30.915 29492 29752 D StrictMode: 	at dalvik.system.BaseDexClassLoader.findLibrary(BaseDexClassLoader.java:371)
04-18 00:43:30.915 29492 29752 D StrictMode: 	at java.lang.Runtime.loadLibrary0(Runtime.java:1051)
04-18 00:43:30.915 29492 29752 D StrictMode: 	at java.lang.Runtime.loadLibrary0(Runtime.java:998)
04-18 00:43:30.915 29492 29752 D StrictMode: 	at java.lang.System.loadLibrary(System.java:1661)
04-18 00:43:30.915 29492 29752 D StrictMode: 	at com.b.a.g.f(PG:2)
04-18 00:43:30.915 29492 29752 D StrictMode: 	at com.b.a.g.d(PG:5)
04-18 00:43:30.915 29492 29752 D StrictMode: 	at com.b.a.e.b(PG:1)
04-18 00:43:30.915 29492 29752 D StrictMode: 	at com.google.android.libraries.assistant.soda.ah.c(PG:2)
04-18 00:43:30.915 29492 29752 D StrictMode: 	at com.google.android.libraries.assistant.soda.ah.a(PG:1)
04-18 00:43:30.915 29492 29752 D StrictMode: 	at com.google.android.apps.gsa.staticplugins.fedass.b.a.a(PG:3)
04-18 00:43:30.915 29492 29752 D StrictMode: 	at com.google.android.apps.gsa.staticplugins.fedass.b.ac.a(PG:12)
04-18 00:43:30.915 29492 29752 D StrictMode: 	at com.google.android.apps.gsa.staticplugins.fedass.a.a.apply(PG:1)
04-18 00:43:30.915 29492 29752 D StrictMode: 	at com.google.common.util.concurrent.h.e(PG:2)
04-18 00:43:30.915 29492 29752 D StrictMode: 	at com.google.common.util.concurrent.j.run(PG:9)
04-18 00:43:30.915 29492 29752 D StrictMode: 	at com.google.common.util.concurrent.bg.execute(PG:1)
04-18 00:43:30.915 29492 29752 D StrictMode: 	at com.google.common.util.concurrent.d.i(PG:1)
04-18 00:43:30.915 29492 29752 D StrictMode: 	at com.google.common.util.concurrent.d.l(PG:13)
04-18 00:43:30.915 29492 29752 D StrictMode: 	at com.google.common.util.concurrent.d.n(PG:2)
04-18 00:43:30.915 29492 29752 D StrictMode: 	at com.google.common.util.concurrent.i.f(PG:1)
04-18 00:43:30.915 29492 29752 D StrictMode: 	at com.google.common.util.concurrent.j.run(PG:13)
04-18 00:43:30.915 29492 29752 D StrictMode: 	at com.google.common.util.concurrent.bg.execute(PG:1)
04-18 00:43:30.915 29492 29752 D StrictMode: 	at com.google.common.util.concurrent.d.i(PG:1)
04-18 00:43:30.915 29492 29752 D StrictMode: 	at com.google.common.util.concurrent.d.l(PG:13)
04-18 00:43:30.915 29492 29752 D StrictMode: 	at com.google.common.util.concurrent.d.n(PG:2)
04-18 00:43:30.915 29492 29752 D StrictMode: 	at com.google.common.util.concurrent.i.f(PG:1)
04-18 00:43:30.915 29492 29752 D StrictMode: 	at com.google.common.util.concurrent.j.run(PG:13)
04-18 00:43:30.915 29492 29752 D StrictMode: 	at com.google.common.util.concurrent.bg.execute(PG:1)
04-18 00:43:30.915 29492 29752 D StrictMode: 	at com.google.common.util.concurrent.d.i(PG:1)
04-18 00:43:30.915 29492 29752 D StrictMode: 	at com.google.common.util.concurrent.d.l(PG:13)
04-18 00:43:30.915 29492 29752 D StrictMode: 	at com.google.common.util.concurrent.d.n(PG:2)
04-18 00:43:30.915 29492 29752 D StrictMode: 	at com.google.common.util.concurrent.c.run(PG:9)
04-18 00:43:30.915 29492 29752 D StrictMode: 	at com.google.common.util.concurrent.bg.execute(PG:1)
04-18 00:43:30.915 29492 29752 D StrictMode: 	at com.google.common.util.concurrent.d.i(PG:1)
04-18 00:43:30.915 29492 29752 D StrictMode: 	at com.google.common.util.concurrent.d.l(PG:13)
04-18 00:43:30.915 29492 29752 D StrictMode: 	at com.google.common.util.concurrent.d.p(PG:4)
04-18 00:43:30.915 29492 29752 D StrictMode: 	at com.google.common.util.concurrent.h.f(PG:2)
04-18 00:43:30.915 29492 29752 D StrictMode: 	at com.google.common.util.concurrent.j.run(PG:13)
04-18 00:43:30.915 29492 29752 D StrictMode: 	at com.google.common.util.concurrent.bg.execute(PG:1)
04-18 00:43:30.915 29492 29752 D StrictMode: 	at com.google.common.util.concurrent.d.i(PG:1)
04-18 00:43:30.915 29492 29752 D StrictMode: 	at com.google.common.util.concurrent.d.l(PG:13)
04-18 00:43:30.915 29492 29752 D StrictMode: 	at com.google.common.util.concurrent.d.n(PG:2)
04-18 00:43:30.915 29492 29752 D StrictMode: 	at com.google.common.util.concurrent.i.f(PG:1)
04-18 00:43:30.915 29492 29752 D StrictMode: 	at com.google.common.util.concurrent.j.run(PG:13)
04-18 00:43:30.915 29492 29752 D StrictMode: 	at com.google.common.util.concurrent.bg.execute(PG:1)
04-18 00:43:30.915 29492 29752 D StrictMode: 	at com.google.common.util.concurrent.d.i(PG:1)
04-18 00:43:30.915 29492 29752 D StrictMode: 	at com.google.common.util.concurrent.d.l(PG:13)
04-18 00:43:30.915 29492 29752 D StrictMode: 	at com.google.common.util.concurrent.d.n(PG:2)
04-18 00:43:30.915 29492 29752 D StrictMode: 	at com.google.common.util.concurrent.i.f(PG:1)
04-18 00:43:30.915 29492 29752 D StrictMode: 	at com.google.common.util.concurrent.j.run(PG:13)
04-18 00:43:30.915 29492 29752 D StrictMode: 	at com.google.android.libraries.i.y.run(PG:1)
04-18 00:43:30.915 29492 29752 D StrictMode: 	at java.util.concurrent.ThreadPoolExecutor.runWorker(ThreadPoolExecutor.java:1137)
04-18 00:43:30.915 29492 29752 D StrictMode: 	at java.util.concurrent.ThreadPoolExecutor$Worker.run(ThreadPoolExecutor.java:637)
04-18 00:43:30.915 29492 29752 D StrictMode: 	at com.google.android.libraries.i.g.run(PG:2)
04-18 00:43:30.915 29492 29752 D StrictMode: 	at java.lang.Thread.run(Thread.java:1012)
04-18 00:43:30.915 29492 29752 D StrictMode: 	at com.google.android.libraries.i.ah.run(PG:5)
04-18 00:43:30.915 29492 29752 I A       : (REDACTED) Loaded SODA Hotword native library: %s
04-18 00:43:30.915 29492 29752 I EkhoWriterWrap: initializing EkhoWriter.
04-18 00:43:30.917 29492 29752 I native  : I0000 00:00:1681771410.916904   29752 cache_impl.cc:282] Using policy config: 333763098
04-18 00:43:30.917 29492 29752 I native  : I0000 00:00:1681771410.917641   29752 database_factory.cc:35] Creating NativeSQLiteDatabaseModule.
04-18 00:43:30.920 29492 29752 I native  : I0000 00:00:1681771410.920522   29752 key_value_table.cc:40] Database supports increment statements: true
04-18 00:43:30.920  7348  7386 I A       : FedoraAssistantAccountData.migrate()
04-18 00:43:30.921  7348  7392 I FedoraSettingsServer: updateLastUsedTimestamp()
04-18 00:43:30.924  7348  7386 I FedAssSettingsBuildTypeHelper: BuildType: Release
04-18 00:43:30.924  7348  7386 I A       : (REDACTED) getFlSettingEnabledWithSettingsToggle: %b
04-18 00:43:30.925  7348  7425 I A       : getLocaleToModelSpecsMap
04-18 00:43:30.925  7348  7425 I A       : getLocaleToModelSpecsMap
04-18 00:43:30.925  7348  7425 I A       : getLocaleToModelSpecsMap
04-18 00:43:30.925  7348  7425 I A       : getLocaleToModelSpecsMap
04-18 00:43:30.925  7348  7425 I A       : Proto config empty. Exit merge.
04-18 00:43:30.929 29492 29648 I MicroModelsUtil: (REDACTED) #getHotwordModelFromMobstore [mobstoreUri: %s]
04-18 00:43:30.931 29492 29650 I BistoGacsManager: (REDACTED) hasInitialized config: %b. proceed to connect.
04-18 00:43:30.932 29492 29492 I BistoGacsManager: Active status is on hold, not updating actual active status
04-18 00:43:30.932 29492 29648 I GsaVoiceInteractionSrv: (REDACTED) hotwordModel is null :  %b
04-18 00:43:30.932 29492 29648 I BistoHotwordHelper: (REDACTED) getHotwordActive::active query: %s, watch: %s, devices connected: %s
04-18 00:43:30.933  7348  7384 I A       : FedoraProtoStoreMigration.migrate()
04-18 00:43:30.933 29492 29648 I HwDetectorWithState: (REDACTED) a: %d
04-18 00:43:30.934 29492 29648 I GsaVoiceInteractionSrv: #checkDspStatus
04-18 00:43:30.934 29492 29648 I BistoHotwordHelper: (REDACTED) setting speaker id present: %b
04-18 00:43:30.935 29492 29648 I BistoHotwordHelper: (REDACTED) setting speaker ID model presence: %b
04-18 00:43:30.935 29492 29648 I BistoHotwordHelper: (REDACTED) setting hotword model of size: %d bytes
04-18 00:43:30.935 29492 29648 I BistoHotwordHelper: (REDACTED) setting modeltype: %s
04-18 00:43:30.935 29492 29648 I BistoHotwordHelper: (REDACTED) setHotwordVoiceLocale: prev: %s, new: %s
04-18 00:43:30.935 29492 29648 I BistoHotwordHelper: (REDACTED) setting VM enrollment allowed: %b
04-18 00:43:30.936 29492 29648 I BistoHotwordHelper: (REDACTED) setSodaUsed: prev: %b, new: %b
04-18 00:43:30.939  7348  7412 W SessionLifecycleManager: (REDACTED) Client : %s has no associated SessionController
04-18 00:43:30.942  7348  7384 I FedAssExpListener: Successfully processed experiments changed.
04-18 00:43:30.974  5628  9811 D SemWifiUsabilityStatsMonitor: onWifiUsabilityStats - seqNum 23618, isSameBssidAndFreq true
04-18 00:43:30.977  8513  8513 D NetworkController.WifiSignalController: notifyListener: visible=true, connected=true, inetCondition=1, isDefault=true, wifiTestReported=true, receivedInetCondition=-1, hideDuringMobileSwitching=false
04-18 00:43:30.978  5628  8422 I SemWifiLinkQualityMonitor: Link Qos Query: 0.022 ms / 357.696 Mbps (433 / 0.000 / 1.211)
04-18 00:43:30.980  8513  8599 D Tile.WifiTile: handleUpdateState isTransient=false transientEnabling =false cb.isTransient=false state.state = 2 mStateBeforeClick.value =false enabled =true
04-18 00:43:31.115  7348  7425 D CompatibilityChangeReporter: Compat change id reported: 150939131; UID 10233; state: ENABLED
04-18 00:43:33.753  7348  7387 D SemCarrierFeature: update default carrier features
04-18 00:43:33.754  7348  7387 D FeatureUtil: filePath /optics/configs/carriers/single/SER/conf/system/customer_carrier_feature.json carrierGroup SER canonicalId -1
04-18 00:43:33.760  7348  7387 D FeatureUtil: filePath /omr/carrier/0/customer_carrier_feature.json carrierGroup SER canonicalId -1
04-18 00:43:33.764  7348  7387 D SemCarrierFeature: update carrier features : 0/1016
04-18 00:43:33.765  7348  7387 D FeatureUtil: filePath /optics/configs/carriers/single/SER/conf/system/customer_carrier_feature.json carrierGroup SER canonicalId 1016
04-18 00:43:33.769  7348  7387 D FeatureUtil: filePath /omr/carrier/0/customer_carrier_feature.json carrierGroup SER canonicalId 1016
04-18 00:43:33.772  7348  7387 D SemCarrierFeature: update default carrier features
04-18 00:43:33.773  7348  7387 D FeatureUtil: filePath /optics/configs/carriers/single/SER/conf/system/customer_carrier_feature.json carrierGroup SER canonicalId -1
04-18 00:43:33.776  7348  7387 D FeatureUtil: filePath /omr/carrier/1/customer_carrier_feature.json carrierGroup SER canonicalId -1
04-18 00:43:33.778  7348  7387 D SemCarrierFeature: update carrier features : 1/30581
04-18 00:43:33.778  7348  7387 D FeatureUtil: filePath /optics/configs/carriers/single/SER/conf/system/customer_carrier_feature.json carrierGroup SER canonicalId 30581
04-18 00:43:33.780  7348  7387 D FeatureUtil: filePath /omr/carrier/1/customer_carrier_feature.json carrierGroup SER canonicalId 30581
04-18 00:43:33.816  7348  7384 I A       : (REDACTED) Assistant special experience changed to %s.
04-18 00:43:34.006  5628  9811 D SemWifiUsabilityStatsMonitor: onWifiUsabilityStats - seqNum 23619, isSameBssidAndFreq true
04-18 00:43:34.009  5628  8422 I SemWifiLinkQualityMonitor: Link Qos Query: 0.021 ms / 386.607 Mbps (433 / 0.000 / 1.120)
04-18 00:43:35.678  8900 30614 D BluetoothAdapterService: getBondedDevices, remove custom devices:
04-18 00:43:35.783  7348  7425 V ClearcutMetricXmitter: Transmission is done.
04-18 00:43:35.784  7348  7425 V ClearcutMetricXmitter: Transmission is done.
04-18 00:43:36.355  5224  5224 E audit   : type=1400 audit(1681771416.350:59912): avc:  denied  { getattr } for  pid=5628 comm="BinderProcsColl" path="/sys/kernel/debug/binder/proc/5628" dev="debugfs" ino=25430 scontext=u:r:system_server:s0 tcontext=u:object_r:sec_debugfs:s0 tclass=file permissive=0 SEPF_SM-A515F_13_0001 audit_filtered
04-18 00:43:36.355  5224  5224 E audit   : type=1300 audit(1681771416.350:59912): arch=c00000b7 syscall=79 success=no exit=-13 a0=ffffff9c a1=7d3d351ee0 a2=7cadf52680 a3=0 items=0 ppid=5250 pid=5628 auid=4294967295 uid=1000 gid=1000 euid=1000 suid=1000 fsuid=1000 egid=1000 sgid=1000 fsgid=1000 tty=(none) ses=4294967295 comm="BinderProcsColl" exe="/system/bin/app_process64" subj=u:r:system_server:s0 key=(null)
04-18 00:43:36.355  5224  5224 E audit   : type=1327 audit(1681771416.350:59912): proctitle="system_server"
04-18 00:43:37.042  5628  9811 D SemWifiUsabilityStatsMonitor: onWifiUsabilityStats - seqNum 23620, isSameBssidAndFreq true
04-18 00:43:37.047  5628  8422 I SemWifiLinkQualityMonitor: Link Qos Query: 0.021 ms / 386.607 Mbps (433 / 0.000 / 1.120)
04-18 00:43:37.048  8513  8513 D NetworkController.WifiSignalController: notifyListener: visible=true, connected=true, inetCondition=1, isDefault=true, wifiTestReported=true, receivedInetCondition=-1, hideDuringMobileSwitching=false
04-18 00:43:37.052  8513  8599 D Tile.WifiTile: handleUpdateState isTransient=false transientEnabling =false cb.isTransient=false state.state = 2 mStateBeforeClick.value =false enabled =true
04-18 00:43:38.249  7170  7440 I ContactsProvider_EventLog: cp_s: [CONTACT con(158) dat(1085) acc({sim(3)=15, sec(6)=1, org.telegram.messenger(228)=101, sim2(4)=1, google(2)=81, com.whatsapp(14)=39}) calls([logtype:100 cnt:867, logtype:200 cnt:5, logtype:300 cnt:495, logtype:1000 cnt:604, logtype:1150 cnt:161]) Iso(RS) uId(0) ]
04-18 00:43:38.249  7170  7440 I ContactsProvider_EventLog: cp_s: [ agr({[3]=15, [14]=1, [4]=1, [2 ,14]=4, [2 ,2]=2, [2]=33, [6 ,14]=1, [2 ,14 ,228]=32, [2 ,228]=6, [228]=62, [2 ,2 ,14 ,228]=1}) ]
04-18 00:43:38.249  7170  7440 I ContactsProvider_EventLog: cp_s: [ cnt({scs(6755)=1, acore(7170)=1}) ]
04-18 00:43:38.249  7170  7440 I ContactsProvider_EventLog: cp_s: [PROFILE con(1) dat(1) acc({vnd.sec.contact.phone=1}) ] [SAPROFILE ]
04-18 00:43:38.249  7170  7440 I ContactsProvider_EventLog: cp_s: [STATE R(T) ]
04-18 00:43:40.092  5628  9811 D SemWifiUsabilityStatsMonitor: onWifiUsabilityStats - seqNum 23621, isSameBssidAndFreq true
04-18 00:43:40.095  5628  8422 I SemWifiLinkQualityMonitor: Link Qos Query: 0.021 ms / 386.607 Mbps (433 / 0.000 / 1.120)
04-18 00:43:40.097  8513  8513 D NetworkController.WifiSignalController: notifyListener: visible=true, connected=true, inetCondition=1, isDefault=true, wifiTestReported=true, receivedInetCondition=-1, hideDuringMobileSwitching=false
04-18 00:43:40.100  8513  8599 D Tile.WifiTile: handleUpdateState isTransient=false transientEnabling =false cb.isTransient=false state.state = 2 mStateBeforeClick.value =false enabled =true
04-18 00:43:43.151  5628  9811 D SemWifiUsabilityStatsMonitor: onWifiUsabilityStats - seqNum 23622, isSameBssidAndFreq true
04-18 00:43:43.155  8513  8513 D NetworkController.WifiSignalController: notifyListener: visible=true, connected=true, inetCondition=1, isDefault=true, wifiTestReported=true, receivedInetCondition=-1, hideDuringMobileSwitching=false
04-18 00:43:43.158  8513  8599 D Tile.WifiTile: handleUpdateState isTransient=false transientEnabling =false cb.isTransient=false state.state = 2 mStateBeforeClick.value =false enabled =true
04-18 00:43:43.158  5628  8422 I SemWifiLinkQualityMonitor: Link Qos Query: 0.021 ms / 386.607 Mbps (433 / 0.000 / 1.120)
04-18 00:43:43.309  5331  5331 I SurfaceFlinger: SFWD update time=147915607101163
04-18 00:43:44.834   401   401 D BoundBrokerSvc: onUnbind: Intent { act=com.google.android.gms.facs.internal.service.START dat=chimera-action:/... cmp=com.google.android.gms/.chimera.GmsInternalApiService }
04-18 00:43:44.852  7348  7348 I A       : Trimming objects from memory, since app is in the background.
04-18 00:43:46.215  5628  9811 D SemWifiUsabilityStatsMonitor: onWifiUsabilityStats - seqNum 23623, isSameBssidAndFreq true
04-18 00:43:46.219  5628  8422 I SemWifiLinkQualityMonitor: Link Qos Query: 0.021 ms / 386.607 Mbps (433 / 0.000 / 1.120)
04-18 00:43:46.220  8513  8513 D NetworkController.WifiSignalController: notifyListener: visible=true, connected=true, inetCondition=1, isDefault=true, wifiTestReported=true, receivedInetCondition=-1, hideDuringMobileSwitching=false
04-18 00:43:46.222  8513  8599 D Tile.WifiTile: handleUpdateState isTransient=false transientEnabling =false cb.isTransient=false state.state = 2 mStateBeforeClick.value =false enabled =true
04-18 00:43:46.426  8815  8824 I m.android.phone: Background young concurrent copying GC freed 185746(10MB) AllocSpace objects, 32(1432KB) LOS objects, 48% free, 12MB/24MB, paused 291us,439us total 185.504ms
04-18 00:43:49.270  5628  9811 D SemWifiUsabilityStatsMonitor: onWifiUsabilityStats - seqNum 23624, isSameBssidAndFreq true
04-18 00:43:49.274  5628  8422 I SemWifiLinkQualityMonitor: Link Qos Query: 0.021 ms / 386.607 Mbps (433 / 0.000 / 1.120)
04-18 00:43:49.595  2747  2799 D Benchmark: timeNs[ 0:10]: 656040730 649791500 643032615 648598422 647592730 642994153 652676268 650014384 649994461 652091884
04-18 00:43:49.595  2747  2799 D Benchmark: timeNs[10:20]: 644189346 643866769 649987845 650902269 649412230 665181385 668369461 669074961 661402115 633330615
04-18 00:43:49.595  2747  2799 D Benchmark: timeNs[20:30]: 636190769 655948769 651145654 664357654 697628461 659545538 666425230 669176154 671791423 668965000
04-18 00:43:49.595  2747  2799 D Benchmark: timeNs[30:40]: 670095653 678189576 667093730 662060691 678272730 676647153 669625768 673664807 684284576 661762769
04-18 00:43:49.595  2747  2799 D Benchmark: timeNs[40:50]: 670796230 680267154 657902999 676100538 679555154 673895500 652547000 670300230 679069884 674393538
04-18 00:43:50.854  7348  7412 I WorkerManager: dispose()
04-18 00:43:52.280  2747  2799 W _benchmark.test: Suspending all threads took: 9.310ms
04-18 00:43:52.298  5628  9811 D SemWifiUsabilityStatsMonitor: onWifiUsabilityStats - seqNum 23625, isSameBssidAndFreq true
04-18 00:43:52.302  5628  8422 I SemWifiLinkQualityMonitor: Link Qos Query: 0.021 ms / 386.607 Mbps (433 / 0.000 / 1.120)
04-18 00:43:52.635  5288  5288 E sehhealth-service: Could not open /sys/class/power_supply/battery/lrp
04-18 00:43:53.625  2747  2799 W _benchmark.test: Suspending all threads took: 10.227ms
04-18 00:43:54.976  2747  2799 W _benchmark.test: Suspending all threads took: 24.181ms
04-18 00:43:55.336  5628  9811 D SemWifiUsabilityStatsMonitor: onWifiUsabilityStats - seqNum 23626, isSameBssidAndFreq true
04-18 00:43:55.340  5628  8422 I SemWifiLinkQualityMonitor: Link Qos Query: 0.021 ms / 386.607 Mbps (433 / 0.000 / 1.120)
04-18 00:43:56.318  2747  2799 D Benchmark: allocationCount[ 0:10]: 16515889 16515908 16515898 16515889 16515896
04-18 00:43:56.318  2747  2799 D Benchmark: Set 2799 (Bench thread) to priority -8. Was -20, now -8
04-18 00:43:56.319  2747  2799 D Benchmark: Set 2781 (Jit) to priority 9. Was -15, now 9
04-18 00:43:56.319  2747  2799 D Benchmark: Warmup: t=19.825, iter=30, fastAvg=661113024, slowAvg=735408768
04-18 00:43:56.319  2747  2799 I PerfettoCapture: Stopping perfetto.
04-18 00:43:56.376  6823  6823 I perfetto:    perfetto_cmd.cc:1168 SIGINT/SIGTERM received: disabling tracing.
04-18 00:43:56.383  2747  2799 D Benchmark: kill -TERM command output -
04-18 00:43:56.395  5403  5403 I perfetto:  probes_producer.cc:396 Producer stop (id=457)
04-18 00:43:56.398  5403  5403 I perfetto:    ftrace_procfs.cc:342 disabled ftrace in /sys/kernel/tracing/
04-18 00:43:56.457  4378  4378 I hwservicemanager: getTransport: Cannot find entry android.hardware.atrace@1.0::IAtraceDevice/default in either framework or device VINTF manifest.
04-18 00:43:56.463  5403  5403 I perfetto:  probes_producer.cc:396 Producer stop (id=458)
04-18 00:43:56.464  5403  5403 I perfetto:  probes_producer.cc:396 Producer stop (id=459)
04-18 00:43:56.516  6823  6823 I perfetto:    perfetto_cmd.cc:1124 Trace written into the output file
04-18 00:43:56.535  5406  5406 I perfetto: ng_service_impl.cc:2426 Tracing session 115 ended, total sessions:0
04-18 00:43:57.008  2747  2799 D Benchmark: Waiting 500 ms for [ProcessPid(processName=perfetto, pid=6823)] to die
04-18 00:43:57.142  2747  2799 I PerfettoCapture: Writing to /storage/emulated/0/Android/data/org.jetbrains.android_benchmark.test/cache/Wolf3dBenchmark_inlineFloat_2023-04-17-22-43-56.perfetto-trace.
04-18 00:43:57.779  2747  2799 D Benchmark: Copying /storage/emulated/0/Android/data/org.jetbrains.android_benchmark.test/cache/Wolf3dBenchmark_inlineFloat_2023-04-17-22-43-56.perfetto-trace to /sdcard/Android/media/org.jetbrains.android_benchmark.test/additional_test_output/Wolf3dBenchmark_inlineFloat_2023-04-17-22-43-56.perfetto-trace
04-18 00:43:57.819 10919  6746 W MediaProvider: isAppCloneUserPair for user 0: false
04-18 00:43:57.953  5628 11220 D SyncManager: userId - 0 auto - true
04-18 00:43:58.035  5628  5714 W libprocessgroup: Failed to open /dev/blkio//cgroup.procs: No such file or directory
04-18 00:43:58.044 18943  5111 I NetworkScheduler.Stats: Task com.google.android.gms/com.google.android.gms.ipa.base.IpaGcmTaskService started execution. cause:9 exec_start_elapsed_seconds: 204483 [CONTEXT service_id=218 ]
04-18 00:43:58.060 18943  6101 I NetworkScheduler.Stats: Task com.google.android.gms/com.google.android.gms.ipa.base.IpaGcmTaskService finished executing. cause:9 result: 1 elapsed_millis: 58 uptime_millis: 58 exec_start_elapsed_seconds: 204483 [CONTEXT service_id=218 ]
04-18 00:43:58.358  5628  9811 D SemWifiUsabilityStatsMonitor: onWifiUsabilityStats - seqNum 23627, isSameBssidAndFreq true
04-18 00:43:58.359  5628  8422 I SemWifiLinkQualityMonitor: Link Qos Query: 0.021 ms / 386.607 Mbps (433 / 0.000 / 1.120)
04-18 00:43:58.366 10919 11687 I FuseDaemon: Threshold exceeded - fadvising 67190784
04-18 00:43:58.366 10919 11687 I FuseDaemon: Threshold now 0
04-18 00:43:58.491  2747  2799 I Benchmark: Wolf3dBenchmark.inlineFloat[Metric (timeNs) results: median 6.632091725E8, min 6.33330615E8, max 6.97628461E8, standardDeviation: 1.3761962879633907E7, Metric (allocationCount) results: median 1.6515896E7, min 1.6515889E7, max 1.6515908E7, standardDeviation: 7.842193570679061]count=1
04-18 00:43:58.493  5250  5250 D Zygote  : Forked child process 7569
04-18 00:43:58.496  2747  2799 D Benchmark: writing results to /storage/emulated/0/Android/data/org.jetbrains.android_benchmark.test/cache/org.jetbrains.android_benchmark.test-benchmarkData.json
04-18 00:43:58.499  2747  2799 D Benchmark: Copying /storage/emulated/0/Android/data/org.jetbrains.android_benchmark.test/cache/org.jetbrains.android_benchmark.test-benchmarkData.json to /sdcard/Android/media/org.jetbrains.android_benchmark.test/additional_test_output/org.jetbrains.android_benchmark.test-benchmarkData.json
04-18 00:43:58.551  5628 11220 D SyncManager: userId - 0 auto - true
04-18 00:43:58.553 10919  7563 I MediaProvider: Deleted 1 0 0 0 0 0 0 items on external_primary due to org.jetbrains.android_benchmark.test
04-18 00:43:58.559  7569  7569 I ung.android.scs: Using CollectorTypeCC GC.
04-18 00:43:58.563 10919  6095 W MediaProvider: isAppCloneUserPair for user 0: false
04-18 00:43:58.565  7569  7569 E ung.android.scs: Not starting debugger since process cannot load the jdwp agent.
04-18 00:43:58.569  5628  8367 D ConnectivityService: reportNetworkActive, notify 0 listeners
04-18 00:43:58.579  7569  7569 W libc    : Access denied finding property "sys.perf.boostopt"
04-18 00:43:58.579  5224  5224 E audit   : type=1400 audit(1681771438.574:59913): avc:  denied  { read } for  pid=7569 comm="ung.android.scs" name="u:object_r:perf_prop:s0" dev="tmpfs" ino=16829 scontext=u:r:platform_app:s0:c512,c768 tcontext=u:object_r:perf_prop:s0 tclass=file permissive=0 SEPF_SM-A515F_13_0001 audit_filtered
04-18 00:43:58.580  5224  5224 E audit   : type=1300 audit(1681771438.574:59913): arch=c00000b7 syscall=56 success=no exit=-13 a0=ffffff9c a1=7ffbc769b8 a2=88000 a3=0 items=0 ppid=5250 pid=7569 auid=4294967295 uid=10380 gid=10380 euid=10380 suid=10380 fsuid=10380 egid=10380 sgid=10380 fsgid=10380 tty=(none) ses=4294967295 comm="ung.android.scs" exe="/system/bin/app_process64" subj=u:r:platform_app:s0:c512,c768 key=(null)
