04-30 01:16:38.011 14040 14040 W libc    : Access denied finding property "sys.perf.boostopt"
04-30 01:16:38.013 14040 14040 D ActivityThread: setConscryptValidator
04-30 01:16:38.014 14040 14040 D ActivityThread: setConscryptValidator - put
04-30 01:16:38.018 13027 13152 W roid.apps.tasks: Long monitor contention with owner Primes-2 (13914) at boolean android.app.ActivityThread.releaseProvider(android.content.IContentProvider, boolean)(ActivityThread.java:8109) waiters=0 in boolean android.app.ActivityThread.releaseProvider(android.content.IContentProvider, boolean) for 166ms
04-30 01:16:38.031  4899  4899 E audit   : type=1400 audit(1682810198.027:84729): avc:  denied  { read } for  pid=14040 comm="binder:14040_1" name="u:object_r:perf_prop:s0" dev="tmpfs" ino=21617 scontext=u:r:platform_app:s0:c512,c768 tcontext=u:object_r:perf_prop:s0 tclass=file permissive=0 SEPF_SM-A515F_13_0001 audit_filtered
04-30 01:16:38.039 14040 14117 W libc    : Access denied finding property "sys.perf.boostopt"
04-30 01:16:38.045 14040 14040 D CompatibilityChangeReporter: Compat change id reported: 171979766; UID 10077; state: ENABLED
04-30 01:16:38.048  5429  8528 D PackageManager: setEnabledSetting : userId = 0 packageName = ru.mail.mailapp cmp = ru.mail.ui.portal.CalendarInsertEventActivity newState = 1 callingPackage = 10221/ru.mail.mailapp
04-30 01:16:38.049  5429  8528 D ApplicationPolicy: getApplicationStateEnabled : pkg = ru.mail.mailapp userId : 0
04-30 01:16:38.050  5429  8528 D ApplicationPolicy: getApplicationComponentState : pkg = ru.mail.mailapp userId : 0
04-30 01:16:38.106 13195 14090 W Settings: Setting apply_ramping_ringer has moved from android.provider.Settings.Global to android.provider.Settings.System, returning read-only value.
04-30 01:16:38.154 13855 14014 W x.disk:passport: Method void com.yandex.metrica.impl.ob.xi.a(android.os.Bundle) failed lock verification and will run slower.
04-30 01:16:38.154 13855 14014 W x.disk:passport: Common causes for lock verification issues are non-optimized dex code
04-30 01:16:38.154 13855 14014 W x.disk:passport: and incorrect proguard optimizations.
04-30 01:16:38.170  5429  5488 W libprocessgroup: Failed to open /dev/blkio//cgroup.procs: No such file or directory
04-30 01:16:38.171  5429  5488 W libprocessgroup: Failed to open /dev/blkio//cgroup.procs: No such file or directory
04-30 01:16:38.183  4389  4389 I hwservicemanager: getTransport: Cannot find entry android.hardware.atrace@1.0::IAtraceDevice/default in either framework or device VINTF manifest.
04-30 01:16:38.199  9200  9200 D BoundBrokerSvc: onBind: Intent { act=com.google.android.gms.auth.account.workaccount.START dat=chimera-action:/... cmp=com.google.android.gms/.chimera.PersistentApiService }
04-30 01:16:38.199  9200  9200 D BoundBrokerSvc: Loading bound service for intent: Intent { act=com.google.android.gms.auth.account.workaccount.START dat=chimera-action:/... cmp=com.google.android.gms/.chimera.PersistentApiService }
04-30 01:16:38.200  5130  5130 I perfetto:  probes_producer.cc:396 Producer stop (id=1026)
04-30 01:16:38.200  5130  5130 I perfetto:  probes_producer.cc:396 Producer stop (id=1027)
04-30 01:16:38.205  5429  5488 W libprocessgroup: Failed to open /dev/blkio//cgroup.procs: No such file or directory
04-30 01:16:38.209  5429  5488 W libprocessgroup: Failed to open /dev/blkio//cgroup.procs: No such file or directory
04-30 01:16:38.210  5429  5488 W libprocessgroup: Failed to open /dev/blkio//cgroup.procs: No such file or directory
04-30 01:16:38.221 13097 13097 I SEMS:Social_13.1.12: [CLog][main][RecoveryJobService] onStartJob
04-30 01:16:38.226 13611 21715 I LauncherProvider: External provider call by package : com.samsung.android.app.galaxyfinder  for method : get_home_mode
04-30 01:16:38.226 13611 21715 I ExternalMethodFactory: get_home_mode
04-30 01:16:38.229  5429  8533 D SyncManager: userId - 0 auto - true
04-30 01:16:38.231 13097 13097 I SEMS:Common_13.1.12: [CommonUILog][main][PermissionManager] requestPermissionSocial return true
04-30 01:16:38.256 13855 14012 I AppMetrica: Activate reporter with APIKey 67bb016b-xxxx-xxxx-xxxx-xxxxxxxx03d3
04-30 01:16:38.277  5429  5488 W libprocessgroup: Failed to open /dev/blkio//cgroup.procs: No such file or directory
04-30 01:16:38.287 13855 14012 I AppMetrica: Activate reporter with APIKey 20799a27-xxxx-xxxx-xxxx-xxxxxxxx4180
04-30 01:16:38.288 29954 29954 D BoundBrokerSvc: onBind: Intent { act=com.google.android.gms.feedback.internal.IFeedbackService dat=chimera-action:/... cmp=com.google.android.gms/.chimera.GmsBoundBrokerService }
04-30 01:16:38.288 29954 29954 D BoundBrokerSvc: Loading bound service for intent: Intent { act=com.google.android.gms.feedback.internal.IFeedbackService dat=chimera-action:/... cmp=com.google.android.gms/.chimera.GmsBoundBrokerService }
04-30 01:16:38.319 12961 12978 W libc    : Access denied finding property "sys.perf.boostopt"
04-30 01:16:38.331 13022 13397 W ApkUtil : getPackageInfo NameNotFoundException
04-30 01:16:38.332 13022 13397 W ApkUtil : getPackageInfo NameNotFoundException
04-30 01:16:38.333 13022 13397 W ApkUtil : getPackageInfo NameNotFoundException
04-30 01:16:38.362  4623  4623 W keymaster_tee: [WRN]begin req PARAMS: A32 B32 P1
04-30 01:16:38.374 13581 13609 W System  : A resource failed to call close.
04-30 01:16:38.376  4623  4623 W keymaster_tee: [WRN]begin req PARAMS: A32 B32 P1
04-30 01:16:38.383 13195 13493 E FA      : Name must start with a letter. Type, name: event param, _email
04-30 01:16:38.383 13195 13493 E FA      : Name must start with a letter. Type, name: event param, _segments_state
04-30 01:16:38.383 13195 13493 E FA      : Name must start with a letter. Type, name: event param, _session_type
04-30 01:16:38.386  4623  4623 W keymaster_tee: [WRN]begin req PARAMS: A32 B32 P1
04-30 01:16:38.390  4623  4623 W keymaster_tee: [WRN]begin req PARAMS: A32 B32 P1
04-30 01:16:38.401  5429  5843 D SyncManager: userId - 0 auto - true
04-30 01:16:38.427  4623  4623 W keymaster_tee: [WRN]begin req PARAMS: A32 B32 P1
04-30 01:16:38.432  4623  4623 W keymaster_tee: [WRN]begin req PARAMS: A32 B32 P1
04-30 01:16:38.445 13097 13097 I SEMS:Social_13.1.12: [CLog][main][PreferenceDataRepository] getRecoveryVersion: 4, default: 1
04-30 01:16:38.455 13195 13493 E FA      : Name must start with a letter. Type, name: event param, _email
04-30 01:16:38.456 13195 13493 E FA      : Name must start with a letter. Type, name: event param, _segments_state
04-30 01:16:38.456 13195 13493 E FA      : Name must start with a letter. Type, name: event param, _session_type
04-30 01:16:38.456 13319 13319 I perfetto:    perfetto_cmd.cc:1124 Trace written into the output file
04-30 01:16:38.459  5429  5488 W libprocessgroup: Failed to open /dev/blkio//cgroup.procs: No such file or directory
04-30 01:16:38.463  5131  5131 I perfetto: ng_service_impl.cc:2426 Tracing session 257 ended, total sessions:0
04-30 01:16:38.475 13581 13815 I AppMetrica-Attribution: Choosing distribution data: ClidsInfo(chosen=Candidate(clids=null, source=APP), candidates=[Candidate(clids=null, source=APP)])
04-30 01:16:38.487 13195 13493 E FA      : Name must start with a letter. Type, name: event param, _email
04-30 01:16:38.487 13195 13493 E FA      : Name must start with a letter. Type, name: event param, _segments_state
04-30 01:16:38.487 13195 13493 E FA      : Name must start with a letter. Type, name: event param, _session_type
04-30 01:16:38.493  4623  4623 W keymaster_tee: [WRN]begin req PARAMS: A32 B32 P1
04-30 01:16:38.510 13195 13493 E FA      : Name must start with a letter. Type, name: event param, _email
04-30 01:16:38.510 13195 13493 E FA      : Name must start with a letter. Type, name: event param, _segments_state
04-30 01:16:38.510 13195 13493 E FA      : Name must start with a letter. Type, name: event param, _session_type
04-30 01:16:38.512 13090 13113 I com.whatsapp: JIT allocated 77KB for compiled code of java.lang.Object X.0vW.A02()
04-30 01:16:38.512  4623  4623 W keymaster_tee: [WRN]begin req PARAMS: A32 B32 P1
04-30 01:16:38.518 13356 13388 W ru.yandex.disk: Suspending all threads took: 233.466ms
04-30 01:16:38.528  4623  4623 W keymaster_tee: [WRN]begin req PARAMS: A32 B32 P1
04-30 01:16:38.538 13195 14027 I EngineFactory: Provider GmsCore_OpenSSL not available
04-30 01:16:38.549 13195 13493 E FA      : Name must start with a letter. Type, name: event param, _email
04-30 01:16:38.549 13195 13493 E FA      : Name must start with a letter. Type, name: event param, _segments_state
04-30 01:16:38.549 13195 13493 E FA      : Name must start with a letter. Type, name: event param, _session_type
04-30 01:16:38.572  4623  4623 W keymaster_tee: [WRN]begin req PARAMS: A32 B32 P1
04-30 01:16:38.572  5429  5751 D NetdEventListenerService: DNS Requested by : 128, 10336
04-30 01:16:38.585 13022 13995 W ru.mail.cloud: Accessing hidden method Landroid/os/storage/StorageVolume;->getPath()Ljava/lang/String; (max-target-q,test-api, reflection, denied)
04-30 01:16:38.586 13022 13995 W ru.mail.cloud: If this is a platform test consider enabling VMRuntime.ALLOW_TEST_API_ACCESS change id for this package.
04-30 01:16:38.586  4623  4623 W keymaster_tee: [WRN]begin req PARAMS: A32 B32 P1
04-30 01:16:38.601  4623  4623 W keymaster_tee: [WRN]begin req PARAMS: A32 B32 P1
04-30 01:16:38.615 13195 13213 W System  : A resource failed to call ContentProviderClient.close.
04-30 01:16:38.615 13195 13213 W System  : A resource failed to call ContentProviderClient.close.
04-30 01:16:38.615 13195 13213 W System  : A resource failed to call ContentProviderClient.close.
04-30 01:16:38.615 13195 13213 W System  : A resource failed to call ContentProviderClient.close.
04-30 01:16:38.615 13195 13213 W System  : A resource failed to call ContentProviderClient.close.
04-30 01:16:38.616 13195 13213 W System  : A resource failed to call ContentProviderClient.close.
04-30 01:16:38.616 13195 14062 W ru.mail.mailapp: Long monitor contention with owner SAK_computation_ (14061) at java.lang.Object kotlin.SynchronizedLazyImpl.getValue()(SourceFile:8) waiters=0 in java.lang.Object kotlin.SynchronizedLazyImpl.getValue() for 638ms
04-30 01:16:38.617 13195 14063 W ru.mail.mailapp: Long monitor contention with owner SAK_computation_ (14061) at java.lang.Object kotlin.SynchronizedLazyImpl.getValue()(SourceFile:8) waiters=2 in java.lang.Object kotlin.SynchronizedLazyImpl.getValue() for 638ms
04-30 01:16:38.617 13195 14064 W ru.mail.mailapp: Long monitor contention with owner SAK_computation_ (14061) at java.lang.Object kotlin.SynchronizedLazyImpl.getValue()(SourceFile:8) waiters=1 in java.lang.Object kotlin.SynchronizedLazyImpl.getValue() for 638ms
04-30 01:16:38.618 13195 14090 W ru.mail.mailapp: Long monitor contention with owner SAK_computation_ (14061) at java.lang.Object kotlin.SynchronizedLazyImpl.getValue()(SourceFile:8) waiters=3 in java.lang.Object kotlin.SynchronizedLazyImpl.getValue() for 389ms
04-30 01:16:38.631 13611 21715 I LauncherProvider: External provider call by package : com.samsung.android.app.galaxyfinder  for method : get_home_mode
04-30 01:16:38.631 13611 21715 I ExternalMethodFactory: get_home_mode
04-30 01:16:38.646 12235 12258 D Benchmark: Waiting 500 ms for [ProcessPid(processName=perfetto, pid=13319)] to die
04-30 01:16:38.655 12961 13714 D nativeloader: Configuring classloader-namespace for other apk /system/framework/com.android.media.remotedisplay.jar. target_sdk_version=33, uses_libraries=ALL, library_path=/data/app/~~d3JMdVZb4WLMAhij8OQRsQ==/com.google.android.gms-TXkfI_b9zsk_P7YUY9hvvg==/lib/arm64:/data/app/~~d3JMdVZb4WLMAhij8OQRsQ==/com.google.android.gms-TXkfI_b9zsk_P7YUY9hvvg==/base.apk!/lib/arm64-v8a, permitted_path=/data:/mnt/expand:/data/user/0/com.google.android.gms
04-30 01:16:38.655 12961 13714 D nativeloader: Extending system_exposed_libraries: libhumantracking.arcsoft.so:libPortraitDistortionCorrection.arcsoft.so:libPortraitDistortionCorrectionCali.arcsoft.so:libface_landmark.arcsoft.so:libFacialStickerEngine.arcsoft.so:libveengine.arcsoft.so:liblow_light_hdr.arcsoft.so:libhigh_dynamic_range.arcsoft.so:libFacialAttributeDetection.arcsoft.so:libBeauty_v4.camera.samsung.so:libexifa.camera.samsung.so:libjpega.camera.samsung.so:libOpenCv.camera.samsung.so:libImageScreener.camera.samsung.so:libMyFilter.camera.samsung.so:libtensorflowLite.myfilter.camera.samsung.so:libtensorflowlite_inference_api.myfilter.camera.samsung.so:libEventFinder.camera.samsung.so:libHIDTSnapJNI.camera.samsung.so:libSmartScan.camera.samsung.so:libRectify.camera.samsung.so:libDocRectifyWrapper.camera.samsung.so:libUltraWideDistortionCorrection.camera.samsung.so:libHpr_RecGAE_cvFeature_v1.0.camera.samsung.so:libHprFace_GAE_api.camera.samsung.so:libFace_Landmark_API.camera.samsung.so:libHprFace_GAE_jni.camera.samsung.so:libFacialBasedSelfieCorrec
04-30 01:16:38.657 13090 13113 I com.whatsapp: Compiler allocated 10MB to compile java.lang.Object X.0vW.A02()
04-30 01:16:38.684  9200 12495 E GmsConnectionFactory: UID for network attribution might be misset for tag 536871943 [CONTEXT service_id=39 ]
04-30 01:16:38.684  9200 12495 E GmsConnectionFactory: dexn: FULL
04-30 01:16:38.684  9200 12495 E GmsConnectionFactory: 	at d.M(:com.google.android.gms@231417044@23.14.17 (190400-527331132):0)
04-30 01:16:38.684  9200 12495 E GmsConnectionFactory: 	at anhh.a(:com.google.android.gms@231417044@23.14.17 (190400-527331132):12)
04-30 01:16:38.684  9200 12495 E GmsConnectionFactory: 	at aqeo.c(:com.google.android.gms@231417044@23.14.17 (190400-527331132):8)
04-30 01:16:38.684  9200 12495 E GmsConnectionFactory: 	at aqef.d(:com.google.android.gms@231417044@23.14.17 (190400-527331132):1)
04-30 01:16:38.684  9200 12495 E GmsConnectionFactory: 	at aqek.a(:com.google.android.gms@231417044@23.14.17 (190400-527331132):0)
04-30 01:16:38.684  9200 12495 E GmsConnectionFactory: 	at aqef.b(:com.google.android.gms@231417044@23.14.17 (190400-527331132):5)
04-30 01:16:38.684  9200 12495 E GmsConnectionFactory: 	at aqef.execute(:com.google.android.gms@231417044@23.14.17 (190400-527331132):8)
04-30 01:16:38.684  9200 12495 E GmsConnectionFactory: 	at aqef.execute(:com.google.android.gms@231417044@23.14.17 (190400-527331132):7)
04-30 01:16:38.684  9200 12495 E GmsConnectionFactory: 	at aony.h(:com.google.android.gms@231417044@23.14.17 (190400-527331132):51)
04-30 01:16:38.684  9200 12495 E GmsConnectionFactory: 	at aont.run(:com.google.android.gms@231417044@23.14.17 (190400-527331132):3)
04-30 01:16:38.684  9200 12495 E GmsConnectionFactory: 	at abpb.c(:com.google.android.gms@231417044@23.14.17 (190400-527331132):6)
04-30 01:16:38.684  9200 12495 E GmsConnectionFactory: 	at abpb.run(:com.google.android.gms@231417044@23.14.17 (190400-527331132):7)
04-30 01:16:38.684  9200 12495 E GmsConnectionFactory: 	at java.util.concurrent.ThreadPoolExecutor.runWorker(ThreadPoolExecutor.java:1137)
04-30 01:16:38.684  9200 12495 E GmsConnectionFactory: 	at java.util.concurrent.ThreadPoolExecutor$Worker.run(ThreadPoolExecutor.java:637)
04-30 01:16:38.684  9200 12495 E GmsConnectionFactory: 	at abuh.run(:com.google.android.gms@231417044@23.14.17 (190400-527331132):0)
04-30 01:16:38.684  9200 12495 E GmsConnectionFactory: 	at java.lang.Thread.run(Thread.java:1012)
04-30 01:16:38.688 13022 14104 D TrafficStats: tagSocket(128) with statsTag=0xd83ddc19, statsUid=-1
04-30 01:16:38.714 13022 13768 I WM-WorkerWrapper: Worker result SUCCESS for Work [ id=c8a058b6-08dd-4872-9922-5db0d33fb39a, tags={ ru.mail.cloud.service.network.workertasks.FileUploadQueueManagerWorkerNew, CAMERAUPLOADWORKER } ]
04-30 01:16:38.727  5429  5751 D NetdEventListenerService: DNS Requested by : 128, 10226
04-30 01:16:38.729  9200 12495 D TrafficStats: tagSocket(119) with statsTag=0x20000407, statsUid=-1
04-30 01:16:38.777 13195 13493 E FA      : Name must start with a letter. Type, name: event param, _email
04-30 01:16:38.777 13195 13493 E FA      : Name must start with a letter. Type, name: event param, _segments_state
04-30 01:16:38.777 13195 13493 E FA      : Name must start with a letter. Type, name: event param, _session_type
04-30 01:16:38.789 12235 12258 I PerfettoCapture: Writing to /storage/emulated/0/Android/data/org.jetbrains.android_benchmark.test/cache/AckermannBenchmark_valuePreserveBoxFloat_2023-04-29-23-16-37.perfetto-trace.
04-30 01:16:38.800 13581 13678 I AppMetrica-Attribution: Choosing distribution data: ClidsInfo(chosen=Candidate(clids=null, source=APP), candidates=[Candidate(clids=null, source=APP)])
04-30 01:16:38.828 13195 13195 I HMSSDK_HmsMessageService: start to bind
04-30 01:16:38.842  5429  5751 D NetdEventListenerService: DNS Requested by : 128, 10221
04-30 01:16:38.844 13195 14180 D TrafficStats: tagSocket(143) with statsTag=0xffffffff, statsUid=-1
04-30 01:16:38.862  5429  8536 D PackageManager: setEnabledSetting : userId = 0 packageName = ru.mail.cloud cmp = androidx.work.impl.background.systemalarm.RescheduleReceiver newState = 1 callingPackage = 10336/ru.mail.cloud
04-30 01:16:38.864  5429  8536 D ApplicationPolicy: getApplicationStateEnabled : pkg = ru.mail.cloud userId : 0
04-30 01:16:38.865  5429  8536 D ApplicationPolicy: getApplicationComponentState : pkg = ru.mail.cloud userId : 0
04-30 01:16:38.867 13195 13195 D cn.onlinecache.breakpad: nativeInit ===> breakpad initialized succeeded, dump file will be saved at /data/user/0/ru.mail.mailapp/files/error/minidump/new/31cbe03a-f251-428d-997e-72dd26dd65d4
04-30 01:16:38.878 13581 13678 I AppMetrica-Attribution: Choosing distribution data: ClidsInfo(chosen=Candidate(clids=null, source=APP), candidates=[Candidate(clids=null, source=APP)])
04-30 01:16:38.879  9200 12495 W Conscrypt: Could not set socket write timeout: java.net.SocketException: Socket closed
04-30 01:16:38.882  9200 12495 W Conscrypt: 	at com.google.android.gms.org.conscrypt.Platform.setSocketWriteTimeout(:com.google.android.gms@231417044@23.14.17 (190400-527331132):2)
04-30 01:16:38.882  9200 12495 W Conscrypt: 	at com.google.android.gms.org.conscrypt.ConscryptFileDescriptorSocket.setSoWriteTimeout(:com.google.android.gms@231417044@23.14.17 (190400-527331132):0)
04-30 01:16:38.950  9200 12495 W Conscrypt: Could not set socket write timeout: java.net.SocketException: Socket closed
04-30 01:16:38.951  9200 12495 W Conscrypt: 	at com.google.android.gms.org.conscrypt.Platform.setSocketWriteTimeout(:com.google.android.gms@231417044@23.14.17 (190400-527331132):2)
04-30 01:16:38.951  9200 12495 W Conscrypt: 	at com.google.android.gms.org.conscrypt.ConscryptFileDescriptorSocket.setSoWriteTimeout(:com.google.android.gms@231417044@23.14.17 (190400-527331132):0)
04-30 01:16:38.979 13027 13175 W roid.apps.tasks: Long monitor contention with owner shared-pool-1 (13154) at java.lang.Object iyv.a()(PG:2) waiters=0 in java.lang.Object iyv.a() for 1.759s
04-30 01:16:39.014 12235 12258 D Benchmark: Copying /storage/emulated/0/Android/data/org.jetbrains.android_benchmark.test/cache/AckermannBenchmark_valuePreserveBoxFloat_2023-04-29-23-16-37.perfetto-trace to /sdcard/Android/media/org.jetbrains.android_benchmark.test/additional_test_output/AckermannBenchmark_valuePreserveBoxFloat_2023-04-29-23-16-37.perfetto-trace
04-30 01:16:39.041  5429  5751 D NetdEventListenerService: DNS Requested by : 128, 10256
04-30 01:16:39.045  5429  5751 D NetdEventListenerService: DNS Requested by : 128, 10256
04-30 01:16:39.055  5429  5751 D NetdEventListenerService: DNS Requested by : 128, 10256
04-30 01:16:39.068  8350 12593 W MediaProvider: isAppCloneUserPair for user 0: false
04-30 01:16:39.073  5429  5751 D NetdEventListenerService: DNS Requested by : 128, 10256
04-30 01:16:39.076 13022 13909 I WM-WorkerWrapper: Worker result SUCCESS for Work [ id=8db86f45-7dec-43a4-9fb0-b8ee697805bd, tags={ ru.mail.cloud.service.network.workertasks.FileUploadQueueManagerWorkerNew, FILEUPLOADWORKER } ]
04-30 01:16:39.132 13022 13909 I WM-WorkerWrapper: Worker result SUCCESS for Work [ id=5f41e817-f3ce-4d36-bf43-f0826d0ce6b4, tags={ INTERNALFILEUPLOADWORKER, ru.mail.cloud.service.network.workertasks.FileUploadQueueManagerWorkerNew } ]
04-30 01:16:39.137 12921 12936 W ogle.android.gm: Suspending all threads took: 138.494ms
04-30 01:16:39.149 13090 13113 I com.whatsapp: Method exceeds compiler instruction limit: 32268 in java.lang.Object X.0vW.get()
04-30 01:16:39.243  5429  7411 D SemWifiUsabilityStatsMonitor: onWifiUsabilityStats - seqNum 24850, isSameBssidAndFreq true
04-30 01:16:39.248  5429  5717 I SemWifiLinkQualityMonitor: Link Qos Query: 0.113 ms / 70.663 Mbps (117 / 0.000 / 1.656)
04-30 01:16:39.270  5429  8528 D PackageManager: setEnabledSetting : userId = 0 packageName = com.Slack cmp = androidx.work.impl.background.systemalarm.RescheduleReceiver newState = 1 callingPackage = 10329/com.Slack
04-30 01:16:39.271  5429  8528 D ApplicationPolicy: getApplicationStateEnabled : pkg = com.Slack userId : 0
04-30 01:16:39.272  5429  8528 D ApplicationPolicy: getApplicationComponentState : pkg = com.Slack userId : 0
04-30 01:16:39.306 13195 13493 E FA      : Name must start with a letter. Type, name: event param, _email
04-30 01:16:39.306 13195 13493 E FA      : Name must start with a letter. Type, name: event param, _segments_state
04-30 01:16:39.306 13195 13493 E FA      : Name must start with a letter. Type, name: event param, _session_type
04-30 01:16:39.346  5429  5751 D NetdEventListenerService: DNS Requested by : 128, 10336
04-30 01:16:39.375 13022 14155 D TrafficStats: tagSocket(130) with statsTag=0xffffffff, statsUid=-1
04-30 01:16:39.403 13022 13771 I WM-WorkerWrapper: Worker result SUCCESS for Work [ id=c472dfb2-ef6f-4b96-a1bb-195593ac5cf7, tags={ common_promo_cleaning_img, ru.mail.cloud.ui.billing.common_promo.images.ImageCleaningWork } ]
04-30 01:16:39.431 31673 31731 D ConnectivityManager: StackLog: [android.net.ConnectivityManager.sendRequestForNetwork(ConnectivityManager.java:4191)] [android.net.ConnectivityManager.registerDefaultNetworkCallbackForUid(ConnectivityManager.java:4755)] [android.net.ConnectivityManager.registerDefaultNetworkCallback(ConnectivityManager.java:4722)] [android.net.ConnectivityManager.registerDefaultNetworkCallback(ConnectivityManager.java:4696)] [androidx.work.impl.utils.NetworkApi24.registerDefaultNetworkCallbackCompat(Unknown Source:10)] [androidx.work.impl.constraints.trackers.NetworkStateTracker24.startTracking(Unknown Source:15)] [androidx.work.impl.constraints.controllers.ConstraintController.replace(Unknown Source:130)] [androidx.work.impl.constraints.WorkConstraintsTrackerImpl.replace(Unknown Source:41)] [androidx.work.impl.background.greedy.GreedyScheduler.schedule(Unknown Source:302)] [androidx.work.impl.Schedulers.schedule(Unknown Source:149)] [androidx.work.impl.utils.EnqueueRunnable.run(Unknown Source:53)] [androidx.work.Worker$2.run$androidx$work$impl$utils$SerialExecutorImpl$Task(Unknown Source:4)] [androidx.work.Worker$2.run(Unknown Source:868)] [java.util.concurrent.ThreadPoolExecutor.runWorker(ThreadPoolExecutor.java:1137)] [java.util.concurrent.ThreadPoolExecutor$Worker.run(ThreadPoolExecutor.java:637)] [java.lang.Thread.run(Thread.java:1012)]
04-30 01:16:39.434  5429  8528 D ConnectivityService: requestNetwork for uid/pid:10329/31673 activeRequest: null callbackRequest: 19462 [NetworkRequest [ REQUEST id=19463, [ Capabilities: INTERNET&NOT_RESTRICTED&TRUSTED&NOT_VCN_MANAGED Uid: 10329 RequestorUid: 10329 RequestorPkg: com.Slack UnderlyingNetworks: Null] ]] callback flags: 0 order: 2147483647
04-30 01:16:39.435  5429  5665 D ConnectivityService:    accepting network in place of null
04-30 01:16:39.439  5429  5655 D WifiNetworkFactory: got request NetworkRequest [ REQUEST id=19463, [ Capabilities: INTERNET&NOT_RESTRICTED&TRUSTED&NOT_VCN_MANAGED Uid: 10329 RequestorUid: 10329 RequestorPkg: com.Slack UnderlyingNetworks: Null] ]
04-30 01:16:39.439  5429  5655 D UntrustedWifiNetworkFactory: got request NetworkRequest [ REQUEST id=19463, [ Capabilities: INTERNET&NOT_RESTRICTED&TRUSTED&NOT_VCN_MANAGED Uid: 10329 RequestorUid: 10329 RequestorPkg: com.Slack UnderlyingNetworks: Null] ]
04-30 01:16:39.439  5429  5655 D OemPaidWifiNetworkFactory: got request NetworkRequest [ REQUEST id=19463, [ Capabilities: INTERNET&NOT_RESTRICTED&TRUSTED&NOT_VCN_MANAGED Uid: 10329 RequestorUid: 10329 RequestorPkg: com.Slack UnderlyingNetworks: Null] ]
04-30 01:16:39.439  5429  5655 D MultiInternetWifiNetworkFactory: got request NetworkRequest [ REQUEST id=19463, [ Capabilities: INTERNET&NOT_RESTRICTED&TRUSTED&NOT_VCN_MANAGED Uid: 10329 RequestorUid: 10329 RequestorPkg: com.Slack UnderlyingNetworks: Null] ]
04-30 01:16:39.439  5429  5665 D ConnectivityService: Rematched networks [computed 0ms] [applied 1ms] [issued 3]
04-30 01:16:39.439  5429  5665 D ConnectivityService: NetworkReassignment :
04-30 01:16:39.439  5429  5665 D ConnectivityService:   19463 : null → 128
04-30 01:16:39.520 13022 13771 E WM-WorkerWrapper: Didn't find WorkSpec for id c8a058b6-08dd-4872-9922-5db0d33fb39a
04-30 01:16:39.568 29954 10104 I Icing   : Indexing com.google.android.gms-postals_data_id from com.google.android.gms
04-30 01:16:39.574 13022 14167 D TrafficStats: tagSocket(135) with statsTag=0xd83ddc19, statsUid=-1
04-30 01:16:39.585 29954 10104 I Icing   : Indexing done com.google.android.gms-postals_data_id
04-30 01:16:39.593 12921 13943 W CacheStorage: cache doesn't exist
04-30 01:16:39.597 13022 13771 I WM-WorkerWrapper: Worker result SUCCESS for Work [ id=68ea731d-4720-4d4f-b850-d407349e06cf, tags={ 49834a55-0b5c-4e75-8fb7-73e86b1dce47, ru.mail.cloud.service.network.workertasks.CameraUploadWorker } ]
04-30 01:16:39.606 29954 10104 I GmsCoreXrpcWrapper: Returning a channel provider with trafficStatsTag=12803 trafficStatsUid=-1
04-30 01:16:39.658 12145 14239 I SCS@AiSearch user 0: (AppsDataWorker) [androidx.work-4] entering in doWork():
04-30 01:16:39.659 12145 14239 I SCS@AiSearch user 0: (AppsDataObserver) [androidx.work-4] entering in execute():
04-30 01:16:39.659 12145 14239 I SCS@AiSearch user 0: (AppsDataObserver-CMD_UPDATE_LIST) changed package count: 1
04-30 01:16:39.680 13022 13771 E WM-WorkerWrapper: Didn't find WorkSpec for id c8a058b6-08dd-4872-9922-5db0d33fb39a
04-30 01:16:39.724 13022 13909 I WM-WorkerWrapper: Worker result SUCCESS for Work [ id=022c1d2c-da7c-4ee2-b21b-df5a1402ebb6, tags={ ru.mail.cloud.service.network.workertasks.FileUploadQueueManagerWorkerNew, CAMERAUPLOADWORKER } ]
04-30 01:16:39.801 31673 31673 D ConnectivityManager: StackLog: [android.net.ConnectivityManager.unregisterNetworkCallback(ConnectivityManager.java:4863)] [androidx.work.impl.utils.NetworkApi21.unregisterNetworkCallbackCompat(Unknown Source:10)] [androidx.work.impl.constraints.trackers.NetworkStateTracker24.stopTracking(Unknown Source:15)] [androidx.work.impl.constraints.trackers.ConstraintTracker.removeListener(Unknown Source:24)] [androidx.work.impl.constraints.controllers.ConstraintController.replace(Unknown Source:81)] [androidx.work.impl.constraints.WorkConstraintsTrackerImpl.replace(Unknown Source:41)] [androidx.work.impl.background.greedy.GreedyScheduler.onExecuted(Unknown Source:55)] [androidx.work.impl.Processor.onExecuted(Unknown Source:59)] [com.bugsnag.android.DeliveryDelegate$1.run(Unknown Source:212)]
04-30 01:16:39.802  5429  5665 D ConnectivityService:  Removing from current network [128 WIFI], leaving 163 requests.
04-30 01:16:39.872 13195 13195 I HMSSDK_RemoteService: remote service onConnected
04-30 01:16:39.874 13195 13195 I HMSSDK_RemoteService: remote service unbindservice
04-30 01:16:39.887  5429  5751 D NetdEventListenerService: DNS Requested by : 128, 10336
04-30 01:16:39.889 13022 14242 D TrafficStats: tagSocket(139) with statsTag=0xffffffff, statsUid=-1
04-30 01:16:39.908  5429  5751 D NetdEventListenerService: DNS Requested by : 128, 10336
04-30 01:16:39.909 13022 13984 D TrafficStats: tagSocket(141) with statsTag=0xffffffff, statsUid=-1
04-30 01:16:39.963 13022 14252 D TrafficStats: tagSocket(147) with statsTag=0xffffffff, statsUid=-1
04-30 01:16:39.978 12921 12936 W ogle.android.gm: Suspending all threads took: 216.019ms
04-30 01:16:40.017 12921 14238 W ziparchive: Unable to open '/data/user_de/0/com.google.android.gms/app_chimera/m/000003f0/DynamiteLoader.dm': No such file or directory
04-30 01:16:40.017 12921 14238 W ziparchive: Unable to open '/data/user_de/0/com.google.android.gms/app_chimera/m/000003f0/DynamiteLoader.dm': No such file or directory
04-30 01:16:40.154  5429  5438 I system_server: Background concurrent copying GC freed 372477(23MB) AllocSpace objects, 24(716KB) LOS objects, 19% free, 101MB/125MB, paused 304us,247us total 457.107ms
04-30 01:16:40.158  4899  4899 E audit   : type=1400 audit(1682810200.155:84731): avc:  denied  { read } for  pid=13022 comm="binder:13022_3" name="u:object_r:perf_prop:s0" dev="tmpfs" ino=21617 scontext=u:r:untrusted_app_30:s0:c80,c257,c512,c768 tcontext=u:object_r:perf_prop:s0 tclass=file permissive=0 SEPF_SM-A515F_13_0001 audit_filtered
04-30 01:16:40.159  4899  4899 E audit   : type=1300 audit(1682810200.155:84731): arch=c00000b7 syscall=56 success=no exit=-13 a0=ffffff9c a1=780bfd72f8 a2=88000 a3=0 items=0 ppid=4924 pid=13022 auid=4294967295 uid=10336 gid=10336 euid=10336 suid=10336 fsuid=10336 egid=10336 sgid=10336 fsgid=10336 tty=(none) ses=4294967295 comm="binder:13022_3" exe="/system/bin/app_process64" subj=u:r:untrusted_app_30:s0:c80,c257,c512,c768 key=(null)
04-30 01:16:40.159 13022 13056 W libc    : Access denied finding property "sys.perf.boostopt"
04-30 01:16:40.161  4899  4899 E audit   : type=1327 audit(1682810200.155:84731): proctitle="ru.mail.cloud"
04-30 01:16:40.170 29954 29954 D QueuedWork: waited: [<1: 0, <2: 7, <4: 4, <8: 0, <16: 2, <32: 1, <64: 0, <128: 0, <256: 0, <512: 0, <1024: 1, <2048: 0, <4096: 0, <8192: 0, <16384: 0, >=16384: 0]
04-30 01:16:40.171  5429  5649 D SyncManager: userId - 0 auto - true
04-30 01:16:40.172 13195 13258 W libc    : Access denied finding property "sys.perf.boostopt"
04-30 01:16:40.183  4899  4899 E audit   : type=1400 audit(1682810200.167:84732): avc:  denied  { read } for  pid=13195 comm="binder:13195_3" name="u:object_r:perf_prop:s0" dev="tmpfs" ino=21617 scontext=u:r:untrusted_app:s0:c221,c256,c512,c768 tcontext=u:object_r:perf_prop:s0 tclass=file permissive=0 SEPF_SM-A515F_13_0001 audit_filtered
04-30 01:16:40.191 13855 14163 W x.disk:passport: Long monitor contention with owner DefaultDispatcher-worker-2 (14159) at java.lang.Object gn.d.get()(SourceFile:-1) waiters=0 in java.lang.Object gn.d.get() for 1.145s
04-30 01:16:40.195 13855 13879 W x.disk:passport: Long monitor contention with owner DefaultDispatcher-worker-2 (14159) at java.lang.Object gn.d.get()(SourceFile:-1) waiters=1 in java.lang.Object gn.d.get() for 914ms
04-30 01:16:40.206 13581 13692 I AppMetrica-Attribution: Choosing distribution data: ClidsInfo(chosen=Candidate(clids=null, source=APP), candidates=[Candidate(clids=null, source=APP)])
04-30 01:16:40.253 29954 10104 I Icing   : Usage reports ok 0, Failed Usage reports 0, indexed 0, rejected 0
04-30 01:16:40.266 29954 30255 I Icing   : IndexChimeraService.getServiceInterface callingPackage=com.google.android.gms componentName=null serviceId=30
04-30 01:16:40.282  9200 11208 I NetworkScheduler.Stats: Task com.google.android.gms/com.google.android.gms.ipa.base.IpaGcmTaskService started execution. cause:9 exec_start_elapsed_seconds: 219740 [CONTEXT service_id=218 ]
04-30 01:16:40.287  9200 12494 I NetworkScheduler.Stats: Task com.google.android.gms/com.google.android.gms.ipa.base.IpaGcmTaskService finished executing. cause:9 result: 1 elapsed_millis: 31 uptime_millis: 30 exec_start_elapsed_seconds: 219740 [CONTEXT service_id=218 ]
04-30 01:16:40.320 12235 12258 I Benchmark: AckermannBenchmark.valuePreserveBoxFloat[Metric (timeNs) results: median 51256.340563991325, min 49083.347071583514, max 64144.147505422996, standardDeviation: 3067.6396232774623, Metric (allocationCount) results: median 931.0, min 930.9983731019523, max 931.0005422993493, standardDeviation: 9.85135690056183E-4]count=1844
04-30 01:16:40.324 12235 12258 D Benchmark: writing results to /storage/emulated/0/Android/data/org.jetbrains.android_benchmark.test/cache/org.jetbrains.android_benchmark.test-benchmarkData.json
04-30 01:16:40.362 13855 14159 D CompatibilityChangeReporter: Compat change id reported: 194532703; UID 10309; state: ENABLED
04-30 01:16:40.396 12235 12258 D Benchmark: Copying /storage/emulated/0/Android/data/org.jetbrains.android_benchmark.test/cache/org.jetbrains.android_benchmark.test-benchmarkData.json to /sdcard/Android/media/org.jetbrains.android_benchmark.test/additional_test_output/org.jetbrains.android_benchmark.test-benchmarkData.json
04-30 01:16:40.418 13022 14155 W FirebaseRemoteConfig: No value of type 'FirebaseRemoteConfigValue' exists for parameter key 'media_download_details_thumbs_host'.
04-30 01:16:40.444  5429  8528 D SyncManager: userId - 0 auto - true
04-30 01:16:40.446  8350 12707 I MediaProvider: Deleted 1 0 0 0 0 0 0 items on external_primary due to org.jetbrains.android_benchmark.test
04-30 01:16:40.455  8350 12591 W MediaProvider: isAppCloneUserPair for user 0: false
04-30 01:16:40.509  5429  5649 D SyncManager: userId - 0 auto - true
04-30 01:16:40.531  9200 11208 I NetworkScheduler.Stats: Task com.google.android.gms/com.google.android.gms.ipa.base.IpaGcmTaskService started execution. cause:9 exec_start_elapsed_seconds: 219740 [CONTEXT service_id=218 ]
04-30 01:16:40.533 12235 12258 I TestRunner: finished: valuePreserveBoxFloat(org.jetbrains.android_benchmark.AckermannBenchmark)
