04-09 22:43:28.133 14399 14399 D nativeloader: Configuring classloader-namespace for other apk /data/app/~~If5pGzMlQfEm11GfE82dBw==/ru.yandex.mail-99FI2KQysINND0qhZuIbvA==/base.apk:/data/app/~~If5pGzMlQfEm11GfE82dBw==/ru.yandex.mail-99FI2KQysINND0qhZuIbvA==/split_config.arm64_v8a.apk:/data/app/~~If5pGzMlQfEm11GfE82dBw==/ru.yandex.mail-99FI2KQysINND0qhZuIbvA==/split_config.xxhdpi.apk. target_sdk_version=31, uses_libraries=, library_path=/data/app/~~If5pGzMlQfEm11GfE82dBw==/ru.yandex.mail-99FI2KQysINND0qhZuIbvA==/lib/arm64:/data/app/~~If5pGzMlQfEm11GfE82dBw==/ru.yandex.mail-99FI2KQysINND0qhZuIbvA==/base.apk!/lib/arm64-v8a:/data/app/~~If5pGzMlQfEm11GfE82dBw==/ru.yandex.mail-99FI2KQysINND0qhZuIbvA==/split_config.arm64_v8a.apk!/lib/arm64-v8a:/data/app/~~If5pGzMlQfEm11GfE82dBw==/ru.yandex.mail-99FI2KQysINND0qhZuIbvA==/split_config.xxhdpi.apk!/lib/arm64-v8a, permitted_path=/data:/mnt/expand:/data/user/0/ru.yandex.mail
04-09 22:43:28.158 14399 14399 W x.mail:passport: JIT profile information will not be recorded: profile file does not exist.
04-09 22:43:28.158 14399 14399 W x.mail:passport: JIT profile information will not be recorded: profile file does not exist.
04-09 22:43:28.161 14382 14382 W ziparchive: Unable to open '/data/app/~~hmniahsLWp6Hd7Jne6Pn2Q==/ru.yandex.music-BrtGFjFYY4mUaTVkxT0BTw==/split_config.arm64_v8a.dm': No such file or directory
04-09 22:43:28.161 14382 14382 W ziparchive: Unable to open '/data/app/~~hmniahsLWp6Hd7Jne6Pn2Q==/ru.yandex.music-BrtGFjFYY4mUaTVkxT0BTw==/split_config.arm64_v8a.dm': No such file or directory
04-09 22:43:28.165 12905 12916 W ru.mail.mailapp: Suspending all threads took: 230.659ms
04-09 22:43:28.167 14382 14382 W ru.yandex.music: Entry not found
04-09 22:43:28.206 14382 14382 W ziparchive: Unable to open '/data/app/~~hmniahsLWp6Hd7Jne6Pn2Q==/ru.yandex.music-BrtGFjFYY4mUaTVkxT0BTw==/split_config.en.dm': No such file or directory
04-09 22:43:28.206 14382 14382 W ziparchive: Unable to open '/data/app/~~hmniahsLWp6Hd7Jne6Pn2Q==/ru.yandex.music-BrtGFjFYY4mUaTVkxT0BTw==/split_config.en.dm': No such file or directory
04-09 22:43:28.219 14382 14382 W ru.yandex.music: Entry not found
04-09 22:43:28.222 14382 14382 W ziparchive: Unable to open '/data/app/~~hmniahsLWp6Hd7Jne6Pn2Q==/ru.yandex.music-BrtGFjFYY4mUaTVkxT0BTw==/split_config.ru.dm': No such file or directory
04-09 22:43:28.222 14382 14382 W ziparchive: Unable to open '/data/app/~~hmniahsLWp6Hd7Jne6Pn2Q==/ru.yandex.music-BrtGFjFYY4mUaTVkxT0BTw==/split_config.ru.dm': No such file or directory
04-09 22:43:28.239 14382 14382 W ru.yandex.music: Entry not found
04-09 22:43:28.246 14399 14399 V GraphicsEnvironment: ANGLE Developer option for 'ru.yandex.mail' set to: 'default'
04-09 22:43:28.248 14382 14382 W ziparchive: Unable to open '/data/app/~~hmniahsLWp6Hd7Jne6Pn2Q==/ru.yandex.music-BrtGFjFYY4mUaTVkxT0BTw==/split_config.xxhdpi.dm': No such file or directory
04-09 22:43:28.248 14382 14382 W ziparchive: Unable to open '/data/app/~~hmniahsLWp6Hd7Jne6Pn2Q==/ru.yandex.music-BrtGFjFYY4mUaTVkxT0BTw==/split_config.xxhdpi.dm': No such file or directory
04-09 22:43:28.254 14399 14399 V GraphicsEnvironment: ANGLE GameManagerService for ru.yandex.mail: false
04-09 22:43:28.254 14399 14399 V GraphicsEnvironment: Neither updatable production driver nor prerelease driver is supported.
04-09 22:43:28.263 14399 14399 D NetworkSecurityConfig: No Network Security Config specified, using platform default
04-09 22:43:28.267 14382 14382 W ru.yandex.music: Entry not found
04-09 22:43:28.271 14382 14382 D nativeloader: Configuring classloader-namespace for other apk /data/app/~~hmniahsLWp6Hd7Jne6Pn2Q==/ru.yandex.music-BrtGFjFYY4mUaTVkxT0BTw==/base.apk:/data/app/~~hmniahsLWp6Hd7Jne6Pn2Q==/ru.yandex.music-BrtGFjFYY4mUaTVkxT0BTw==/split_config.arm64_v8a.apk:/data/app/~~hmniahsLWp6Hd7Jne6Pn2Q==/ru.yandex.music-BrtGFjFYY4mUaTVkxT0BTw==/split_config.en.apk:/data/app/~~hmniahsLWp6Hd7Jne6Pn2Q==/ru.yandex.music-BrtGFjFYY4mUaTVkxT0BTw==/split_config.ru.apk:/data/app/~~hmniahsLWp6Hd7Jne6Pn2Q==/ru.yandex.music-BrtGFjFYY4mUaTVkxT0BTw==/split_config.xxhdpi.apk. target_sdk_version=32, uses_libraries=, library_path=/data/app/~~hmniahsLWp6Hd7Jne6Pn2Q==/ru.yandex.music-BrtGFjFYY4mUaTVkxT0BTw==/lib/arm64:/data/app/~~hmniahsLWp6Hd7Jne6Pn2Q==/ru.yandex.music-BrtGFjFYY4mUaTVkxT0BTw==/base.apk!/lib/arm64-v8a:/data/app/~~hmniahsLWp6Hd7Jne6Pn2Q==/ru.yandex.music-BrtGFjFYY4mUaTVkxT0BTw==/split_config.arm64_v8a.apk!/lib/arm64-v8a:/data/app/~~hmniahsLWp6Hd7Jne6Pn2Q==/ru.yandex.music-BrtGFjFYY4mUaTVkxT0BTw==/split_config.en.apk!/lib/arm64-v8a:/data/ap
04-09 22:43:28.284 14251 14422 D TrafficStats: tagSocket(109) with statsTag=0xffffffff, statsUid=-1
04-09 22:43:28.294 14399 14399 D NetworkSecurityConfig: No Network Security Config specified, using platform default
04-09 22:43:28.296 14251 14330 I AppMetrica-Attribution: Choosing distribution data: ClidsInfo(chosen=Candidate(clids=null, source=APP), candidates=[Candidate(clids=null, source=APP)])
04-09 22:43:28.334 14382 14382 W ru.yandex.music: JIT profile information will not be recorded: profile file does not exist.
04-09 22:43:28.334 14382 14382 W ru.yandex.music: JIT profile information will not be recorded: profile file does not exist.
04-09 22:43:28.334 14382 14382 W ru.yandex.music: JIT profile information will not be recorded: profile file does not exist.
04-09 22:43:28.335 14382 14382 W ru.yandex.music: JIT profile information will not be recorded: profile file does not exist.
04-09 22:43:28.382 14251 14330 I AppMetrica-Attribution: Choosing distribution data: ClidsInfo(chosen=Candidate(clids=null, source=APP), candidates=[Candidate(clids=null, source=APP)])
04-09 22:43:28.510 14382 14382 V GraphicsEnvironment: ANGLE Developer option for 'ru.yandex.music' set to: 'default'
04-09 22:43:28.514 14382 14382 V GraphicsEnvironment: ANGLE GameManagerService for ru.yandex.music: false
04-09 22:43:28.514 14382 14382 V GraphicsEnvironment: Neither updatable production driver nor prerelease driver is supported.
04-09 22:43:28.552 14382 14382 D NetworkSecurityConfig: Using Network Security Config from resource network_security_config debugBuild: false
04-09 22:43:28.590 14382 14382 D NetworkSecurityConfig: Using Network Security Config from resource network_security_config debugBuild: false
04-09 22:43:28.640 14251 14330 I AppMetrica-Attribution: Choosing distribution data: ClidsInfo(chosen=Candidate(clids=null, source=APP), candidates=[Candidate(clids=null, source=APP)])
04-09 22:43:28.880 14251 14330 I AppMetrica-Attribution: Choosing distribution data: ClidsInfo(chosen=Candidate(clids=null, source=APP), candidates=[Candidate(clids=null, source=APP)])
04-09 22:43:28.943 14399 14399 D CompatibilityChangeReporter: Compat change id reported: 183155436; UID 10276; state: DISABLED
04-09 22:43:28.944 14399 14399 I FirebaseApp: Device unlocked: initializing all Firebase APIs for app [DEFAULT]
04-09 22:43:29.021 14382 14382 D Pulse   : Application.FullStart - start
04-09 22:43:29.145 14251 14330 I AppMetrica-Attribution: Choosing distribution data: ClidsInfo(chosen=Candidate(clids=null, source=APP), candidates=[Candidate(clids=null, source=APP)])
04-09 22:43:29.267 14382 14382 D Pulse   : Application.ContentProviders - start
04-09 22:43:29.293  5665  6082 I ChimeraAggressivePolicyHandler: executePolicy() - triggerSource: TRIGGER_SOURCE_LMKD
04-09 22:43:29.295  5665  6082 I ChimeraAggressivePolicyHandler: available memory: 957240, free memory target: 890880, quit chimera
04-09 22:43:29.357 14251 14330 I AppMetrica-Attribution: Choosing distribution data: ClidsInfo(chosen=Candidate(clids=null, source=APP), candidates=[Candidate(clids=null, source=APP)])
04-09 22:43:29.380 12905 12918 W System  : A resource failed to call ContentProviderClient.close.
04-09 22:43:29.381 12905 12918 W System  : A resource failed to call ContentProviderClient.close.
04-09 22:43:29.381 12905 12918 W System  : A resource failed to call ContentProviderClient.close.
04-09 22:43:29.399 14251 14265 W System  : A resource failed to call close.
04-09 22:43:29.400 14251 14265 W System  : A resource failed to call close.
04-09 22:43:29.402 12905 12918 W System  : A resource failed to call ContentProviderClient.close.
04-09 22:43:29.402 12905 12918 W System  : A resource failed to call ContentProviderClient.close.
04-09 22:43:29.402 12905 12918 W System  : A resource failed to call ContentProviderClient.close.
04-09 22:43:29.402 12905 12918 W System  : A resource failed to call ContentProviderClient.close.
04-09 22:43:29.403 12905 12918 W System  : A resource failed to call ContentProviderClient.close.
04-09 22:43:29.403 14251 14330 I AppMetrica-Attribution: Choosing distribution data: ClidsInfo(chosen=Candidate(clids=null, source=APP), candidates=[Candidate(clids=null, source=APP)])
04-09 22:43:29.403 12905 12918 W System  : A resource failed to call ContentProviderClient.close.
04-09 22:43:29.404 12905 12918 W System  : A resource failed to call ContentProviderClient.close.
04-09 22:43:29.404 12905 12918 W System  : A resource failed to call ContentProviderClient.close.
04-09 22:43:29.404 12905 12918 W System  : A resource failed to call ContentProviderClient.close.
04-09 22:43:29.405 12905 12918 W System  : A resource failed to call ContentProviderClient.close.
04-09 22:43:29.405 12905 12918 W System  : A resource failed to call ContentProviderClient.close.
04-09 22:43:29.405 12905 12918 W System  : A resource failed to call ContentProviderClient.close.
04-09 22:43:29.419 12905 12918 W System  : A resource failed to call ContentProviderClient.close.
04-09 22:43:29.420 12905 12918 W System  : A resource failed to call ContentProviderClient.close.
04-09 22:43:29.421 12905 12918 W System  : A resource failed to call ContentProviderClient.close.
04-09 22:43:29.620 12905 13036 E FA      : Name must start with a letter. Type, name: event param, _email
04-09 22:43:29.621 12905 13036 E FA      : Name must start with a letter. Type, name: event param, _segments_state
04-09 22:43:29.621 12905 13036 E FA      : Name must start with a letter. Type, name: event param, _session_type
04-09 22:43:29.634 14399 14399 I AppMetrica: Initializing of Metrica, Release type, Version 5.2.1, API Level 105, Dated 30.09.2022.
04-09 22:43:29.656 14399 14399 W x.mail:passport: Method void com.yandex.metrica.CounterConfiguration.<init>(com.yandex.metrica.YandexMetricaInternalConfig, com.yandex.metrica.CounterConfiguration$b) failed lock verification and will run slower.
04-09 22:43:29.656 14399 14399 W x.mail:passport: Common causes for lock verification issues are non-optimized dex code
04-09 22:43:29.656 14399 14399 W x.mail:passport: and incorrect proguard optimizations.
04-09 22:43:29.831 14382 14382 D CompatibilityChangeReporter: Compat change id reported: 183155436; UID 10406; state: DISABLED
04-09 22:43:29.838 14382 14382 I FirebaseApp: Device unlocked: initializing all Firebase APIs for app [DEFAULT]
04-09 22:43:29.862 14399 14465 W x.mail:passport: Method void com.yandex.metrica.impl.ob.xi.a(android.os.Bundle) failed lock verification and will run slower.
04-09 22:43:29.923  5312  5312 E sehhealth-service: Could not open /sys/class/power_supply/battery/lrp
04-09 22:43:29.927  5665  5861 D MotionRecognitionService: [SAR]  onReceive : ACTION_BATTERY_CHANGED, Plugged: 2
04-09 22:43:29.928  5665  5665 D PhoneWindowManagerExt: ACTION_BATTERY_CHANGED - Level=51, status=2
04-09 22:43:29.936  5665  5665 D SemWifiApBroadcastReceiver: Received : android.intent.action.BATTERY_CHANGED
04-09 22:43:29.950  6284  6284 I PowerUI : mBootCompleted = true |  mFullyConnected = true
04-09 22:43:29.951  6284  6284 W PowerUI : Plug reason
04-09 22:43:29.951  6284  6284 W PowerUI : Skip charging animation - by plug status
04-09 22:43:29.951  6284  6284 D PowerUI : priorPlugType = 2 mPlugType = 2 priorBatteryStatus = 2 mBatteryStatus = 2
04-09 22:43:29.951  6284  6284 W PowerUI : Plug reason
04-09 22:43:29.951  6284  6284 W PowerUI : Skip charging sound - by plug status
04-09 22:43:29.953  6284  6284 I PowerUI : oldMisalign : false, curMisalign : false
04-09 22:43:29.955  6284 11242 D SecPowerUI.Notification: dismissing low battery warning: level=51
04-09 22:43:29.956  6284 11242 D SecPowerUI.Notification: updateNotification mWarning=false mPlaySound=false
04-09 22:43:29.956  6284 11242 D SecPowerUI.Notification: SecBatteryStatsSnapshot{batteryLevel=51, currentBatteryMode=0, chargingTime=3895000, chargingType=11, batteryHealth=2, automaticTestMode=false, isHiccupState=false}
04-09 22:43:29.959  6284 11242 D SecPowerUI.Notification: 1. restoreScreenTimeOut - saved_value : :
04-09 22:43:29.959  6284 11242 E SecPowerUI.Notification: no saved value, so we do nothing !!
04-09 22:43:29.966  6284  6284 D SecPowerUI.Notification: showChargingNotice oldChargingType : 11 currentChargingType : 11 oldChargingTime : 3895000 mChargingTime : 3895000
04-09 22:43:29.966  6284  6284 D SecPowerUI.Notification: There is no change about charging status, so return!
04-09 22:43:29.966  6284  6284 D PowerUI : Battery swelling mode - priorBatterySwellingMode = 0 mBatterySwellingMode = 0 mBatteryStatus = 2
04-09 22:43:29.966  6284  6284 I PowerUI : mBatteryMiscEvent = 65536
04-09 22:43:29.967  6284  6284 D SamsungBatteryMeterDrawable: onBatteryLevelChanged isSomethingChanged: false
04-09 22:43:29.968  6284  6284 D SamsungBatteryMeterDrawable: onBatteryLevelChanged isSomethingChanged: false
04-09 22:43:29.968  6284  6284 D SamsungBatteryMeterDrawable: onBatteryLevelChanged isSomethingChanged: false
04-09 22:43:29.968  6284  6284 D SamsungBatteryMeterDrawable: onBatteryLevelChanged isSomethingChanged: false
04-09 22:43:29.969  6284  6284 D KeyguardUpdateMonitor: received broadcast android.intent.action.BATTERY_CHANGED
04-09 22:43:29.970  6284  6284 D KeyguardUpdateMonitor: handleBatteryUpdate
04-09 22:43:29.978  6284  6284 I AODBatteryManager: updateBatteryData: ACTION_BATTERY_CHANGED
04-09 22:43:29.980  6284  6284 I AODBatteryManager: saveBatteryData : AOD BatteryData [mBatteryLevel=51, mBatteryStatus=CHARGING, mBatteryPlugType=USB, mBatteryPlugged=true, mRemainingChargeTime=3895000, mBatteryChargingType=2, mBatteryChargerType=FAST, mBatteryOnline=NOT_DEFINED, mBatterySwellingMode=NONE, mBatteryProtectMode=false]
04-09 22:43:29.983  6213  6213 D SemBigDataInfoController: Intent: android.intent.action.BATTERY_CHANGED
04-09 22:43:29.984  6213  6213 D SemBigDataInfoController: Intent: android.intent.action.BATTERY_CHANGED
04-09 22:43:30.067 14399 14464 I AppMetrica: Activate AppMetrica with APIKey 627c8edd-xxxx-xxxx-xxxx-xxxxxxxx0334
04-09 22:43:30.085 14399 14464 I AppMetrica: Activate reporter with APIKey 20799a27-xxxx-xxxx-xxxx-xxxxxxxx4180
04-09 22:43:30.127 14399 14464 I AppMetrica: Activate reporter with APIKey 67bb016b-xxxx-xxxx-xxxx-xxxxxxxx03d3
04-09 22:43:30.131 14382 14382 I FirebaseCrashlytics: Initializing Firebase Crashlytics 18.2.4 for ru.yandex.music
04-09 22:43:30.266 12905 13036 E FA      : Name must start with a letter. Type, name: event param, _email
04-09 22:43:30.267 12905 13036 E FA      : Name must start with a letter. Type, name: event param, _segments_state
04-09 22:43:30.290 12905 13036 E FA      : Name must start with a letter. Type, name: event param, _session_type
04-09 22:43:30.344  7973  7973 D BoundBrokerSvc: onUnbind: Intent { act=com.google.android.gms.pay.service.BIND dat=chimera-action:/... cmp=com.google.android.gms/.chimera.GmsApiService }
04-09 22:43:30.485 13828 13844 I _benchmark.test: Background concurrent copying GC freed 934176(19MB) AllocSpace objects, 0(0B) LOS objects, 42% free, 32MB/56MB, paused 211us,1.086ms total 104.651ms
04-09 22:43:30.585  7623  7623 D BoundBrokerSvc: onUnbind: Intent { act=com.google.android.gms.icing.LIGHTWEIGHT_INDEX_SERVICE dat=chimera-action:/... cmp=com.google.android.gms/.chimera.PersistentApiService }
04-09 22:43:30.780 14251 14330 I AppMetrica-Attribution: Choosing distribution data: ClidsInfo(chosen=Candidate(clids=null, source=APP), candidates=[Candidate(clids=null, source=APP)])
04-09 22:43:30.780 14051 14503 D TrafficStats: tagSocket(85) with statsTag=0xffffffff, statsUid=-1
04-09 22:43:30.819 14251 14330 I AppMetrica-Attribution: Choosing distribution data: ClidsInfo(chosen=Candidate(clids=null, source=APP), candidates=[Candidate(clids=null, source=APP)])
04-09 22:43:30.827  5665  5741 W libprocessgroup: Failed to open /dev/blkio/background/tasks: No such file or directory
04-09 22:43:30.827  5665  5741 W libprocessgroup: Failed to apply LowIoPriority task profile: No such file or directory
04-09 22:43:30.848  5665  5741 W libprocessgroup: Failed to open /dev/blkio//cgroup.procs: No such file or directory
04-09 22:43:30.849  5665  5741 W libprocessgroup: Failed to open /dev/blkio//cgroup.procs: No such file or directory
04-09 22:43:30.850  5665 14510 W System.err: java.lang.InterruptedException
04-09 22:43:30.850  5665 14510 W System.err: 	at java.lang.Thread.sleep(Native Method)
04-09 22:43:30.850  5665 14510 W System.err: 	at java.lang.Thread.sleep(Thread.java:450)
04-09 22:43:30.850  5665 14510 W System.err: 	at java.lang.Thread.sleep(Thread.java:355)
04-09 22:43:30.850  5665 14510 W System.err: 	at com.android.server.ssrm.ProcessRestrictionManager$SlowdownRunnable.run(ProcessRestrictionManager.java:233)
04-09 22:43:30.850  5665 14510 W System.err: 	at java.lang.Thread.run(Thread.java:1012)
04-09 22:43:30.852 14251 14330 I AppMetrica-Attribution: Choosing distribution data: ClidsInfo(chosen=Candidate(clids=null, source=APP), candidates=[Candidate(clids=null, source=APP)])
04-09 22:43:30.866 14251 14330 I AppMetrica-Attribution: Choosing distribution data: ClidsInfo(chosen=Candidate(clids=null, source=APP), candidates=[Candidate(clids=null, source=APP)])
04-09 22:43:30.896 14051 14503 D TrafficStats: tagSocket(106) with statsTag=0xffffffff, statsUid=-1
04-09 22:43:30.904 12905 13036 E FA      : Name must start with a letter. Type, name: event param, _email
04-09 22:43:30.907 14399 14498 W x.mail:passport: Long monitor contention with owner binder:14399_2 (14421) at java.lang.Object r80.c.get()(SourceFile:8) waiters=0 in java.lang.Object r80.c.get() for 381ms
04-09 22:43:30.943 14382 14382 I FirebaseInitProvider: FirebaseApp initialization successful
04-09 22:43:30.956 12905 13036 E FA      : Name must start with a letter. Type, name: event param, _segments_state
04-09 22:43:30.957 12905 13036 E FA      : Name must start with a letter. Type, name: event param, _session_type
04-09 22:43:31.025  7973  7973 D BoundBrokerSvc: onUnbind: Intent { act=com.google.android.gms.checkin.START pkg=com.google.android.gms }
04-09 22:43:31.096  7973  7973 D BoundBrokerSvc: onUnbind: Intent { act=com.google.android.gms.people.contactssync.service.START dat=chimera-action:/... cmp=com.google.android.gms/.chimera.GmsBoundBrokerService }
04-09 22:43:31.244 14382 14382 D Pulse   : Application.ContentProviders - finish
04-09 22:43:31.244 14382 14382 D Pulse   : Application.OnCreate - start
04-09 22:43:31.296 14382 14382 D Pulse   : Application.OnCreate.RxFdSpice - start
04-09 22:43:31.303 14382 14382 D Pulse   : Application.OnCreate.RxFdSpice - finish
04-09 22:43:31.303 14382 14382 D Pulse   : Application.OnCreate.NewDi - start
04-09 22:43:31.345 12905 13036 E FA      : Name must start with a letter. Type, name: event param, _email
04-09 22:43:31.384 12905 13036 E FA      : Name must start with a letter. Type, name: event param, _segments_state
04-09 22:43:31.384 12905 13036 E FA      : Name must start with a letter. Type, name: event param, _session_type
04-09 22:43:31.384 12905 13036 E FA      : Name must consist of letters, digits or _ (underscores). Type, name: event param, root>caches
04-09 22:43:31.385 12905 13036 E FA      : Name must consist of letters, digits or _ (underscores). Type, name: event param, root>data
04-09 22:43:31.473 13828 13844 I _benchmark.test: Background concurrent copying GC freed 453719(9856KB) AllocSpace objects, 0(0B) LOS objects, 51% free, 5781KB/11MB, paused 6.834ms,80us total 20.035ms
04-09 22:43:31.649 14382 14382 D Pulse   : Application.OnCreate.Migration - start
04-09 22:43:31.650 14382 14382 D Pulse   : Application.OnCreate.Migration - finish
04-09 22:43:31.653 14382 14382 D Pulse   : Application.OnCreate.OldDi.ConfigureServices - start
04-09 22:43:31.654 14382 14382 D Pulse   : Application.OnCreate.OldDi.NetworkConfigure - start
04-09 22:43:31.677 14382 14382 D Pulse   : Application.OnCreate.OldDi.NetworkConfigure - finish
04-09 22:43:31.678 14382 14382 D Pulse   : Application.OnCreate.OldDi.ModelDiConfigure - start
04-09 22:43:31.708 14382 14382 D Pulse   : Application.OnCreate.OldDi.ModelDiConfigure - finish
04-09 22:43:31.708 14382 14382 D Pulse   : Application.OnCreate.OldDi.AppDiConfigure - start
04-09 22:43:31.729 14382 14382 D Pulse   : Application.OnCreate.OldDi.AppDiConfigure - finish
04-09 22:43:31.730 14382 14382 D Pulse   : Application.OnCreate.OldDi.ConfigureServices - finish
04-09 22:43:31.730 14382 14382 D Pulse   : Application.OnCreate.OldDi.InitServices - start
04-09 22:43:31.731 14382 14382 D Pulse   : Application.OnCreate.OldDi.AnalyticsInit - start
04-09 22:43:31.797 14382 14382 I AppMetrica: Initializing of Metrica, Release type, Version 5.2.1, API Level 105, Dated 30.09.2022.
04-09 22:43:31.803 14382 14382 W ru.yandex.music: Method void com.yandex.metrica.CounterConfiguration.<init>(com.yandex.metrica.YandexMetricaInternalConfig, com.yandex.metrica.CounterConfiguration$b) failed lock verification and will run slower.
04-09 22:43:31.803 14382 14382 W ru.yandex.music: Common causes for lock verification issues are non-optimized dex code
04-09 22:43:31.803 14382 14382 W ru.yandex.music: and incorrect proguard optimizations.
04-09 22:43:31.881 14382 14382 D Pulse   : Application.OnCreate.OldDi.AnalyticsInit - finish
04-09 22:43:31.881 14382 14382 D Pulse   : Application.OnCreate.OldDi.SqlInit - start
04-09 22:43:31.901 14382 14382 D Pulse   : Application.OnCreate.OldDi.SqlInit - finish
04-09 22:43:31.902 14382 14382 D Pulse   : Application.OnCreate.OldDi.UserInit - start
04-09 22:43:31.923 14382 14533 D Pulse   : DBPulse.Cold.CentralDb - start
04-09 22:43:31.957 12905 13036 E FA      : Name must start with a letter. Type, name: event param, _email
04-09 22:43:31.957 12905 13036 E FA      : Name must start with a letter. Type, name: event param, _segments_state
04-09 22:43:31.967 14382 14522 W ru.yandex.music: Method void com.yandex.metrica.impl.ob.xi.a(android.os.Bundle) failed lock verification and will run slower.
04-09 22:43:31.974 12905 13036 E FA      : Name must start with a letter. Type, name: event param, _session_type
04-09 22:43:31.977 12905 13036 E FA      : Name must consist of letters, digits or _ (underscores). Type, name: event param, root>caches>internal_cache
04-09 22:43:31.977 12905 13036 E FA      : Name must consist of letters, digits or _ (underscores). Type, name: event param, root>caches>superapp
04-09 22:43:31.977 12905 13036 E FA      : Name must consist of letters, digits or _ (underscores). Type, name: event param, root>data>app_optimized
04-09 22:43:31.978 12905 13036 E FA      : Name must consist of letters, digits or _ (underscores). Type, name: event param, root>data>app_pccache
04-09 22:43:31.978 12905 13036 E FA      : Name must consist of letters, digits or _ (underscores). Type, name: event param, root>data>app_textures
04-09 22:43:31.978 12905 13036 E FA      : Name must consist of letters, digits or _ (underscores). Type, name: event param, root>data>app_tmppccache
04-09 22:43:31.978 12905 13036 E FA      : Name must consist of letters, digits or _ (underscores). Type, name: event param, root>data>app_webview
04-09 22:43:31.978 12905 13036 E FA      : Name must consist of letters, digits or _ (underscores). Type, name: event param, root>data>code_cache
04-09 22:43:31.979 12905 13036 E FA      : Name must consist of letters, digits or _ (underscores). Type, name: event param, root>data>databases
04-09 22:43:31.979 12905 13036 E FA      : Name must consist of letters, digits or _ (underscores). Type, name: event param, root>data>files
04-09 22:43:31.979 12905 13036 E FA      : Name must consist of letters, digits or _ (underscores). Type, name: event param, root>data>no_backup
04-09 22:43:31.979 12905 13036 E FA      : Name must consist of letters, digits or _ (underscores). Type, name: event param, root>data>oat
04-09 22:43:31.979 12905 13036 E FA      : Name must consist of letters, digits or _ (underscores). Type, name: event param, root>data>shared_prefs
04-09 22:43:32.035 18519 18669 I SystemBroadcastReceiver: [#CMH#] onReceive completed :  0
04-09 22:43:32.037 18519 18519 I PolicyManager: [#CMH#] onReceive action = EVENT_SIOP
04-09 22:43:32.037  5665  5665 D SemWifiP2pGoPowerSave: GopsReceiver : received : com.samsung.intent.action.CHECK_SIOP_LEVEL
04-09 22:43:32.037 18519 18519 I PolicyManager: [#CMH#] SIOP level is high = 4
04-09 22:43:32.037  5665  5665 I SemWifiP2pGoPowerSave: siop_level = 4
04-09 22:43:32.055 14382 14382 D Pulse   : Application.OnCreate.OldDi.UserInit - finish
04-09 22:43:32.056 14382 14382 D Pulse   : Application.OnCreate.OldDi.NewExperimentsInit - start
04-09 22:43:32.076  6284  6373 D MobileStatusTracker(1/2): onDataActivity: direction=0
04-09 22:43:32.109  6284  6373 D MobileSignalController(1/2): notifyListener: enabled=true, connected=true, dataConnected=true, networkType=LTE (4G), emergencyOnly=false, roaming=false, isDefault=true, dataActivity=, level=3, ca=false, mmWave=false, disabledDataIcon=false, simCard=ETC
04-09 22:43:32.122 14382 14533 D Pulse   : DBPulse.Cold.CentralDb - finish
04-09 22:43:32.124 14382 14533 D Pulse   : DBPulse.Cold.UserDb - start
04-09 22:43:32.177  5274  5274 D Zygote  : Forked child process 14543
04-09 22:43:32.190 14399 14508 W x.mail:passport: Long monitor contention with owner binder:14399_2 (14421) at java.lang.Object r80.c.get()(SourceFile:8) waiters=0 in java.lang.Object r80.c.get() for 818ms
04-09 22:43:32.249 14543 14543 I x.music:Metrica: Using CollectorTypeCC GC.
04-09 22:43:32.264 14382 14533 D Pulse   : DBPulse.Cold.UserDb - finish
04-09 22:43:32.269 14543 14543 E x.music:Metrica: Not starting debugger since process cannot load the jdwp agent.
04-09 22:43:32.294 14543 14543 D ActivityThread: setConscryptValidator
04-09 22:43:32.294 14543 14543 D ActivityThread: setConscryptValidator - put
04-09 22:43:32.326 14382 14521 I AppMetrica: Activate AppMetrica with APIKey d7fc6f68-xxxx-xxxx-xxxx-xxxxxxxxd2ef
04-09 22:43:32.334 14382 14521 I AppMetrica: Activate reporter with APIKey 20799a27-xxxx-xxxx-xxxx-xxxxxxxx4180
04-09 22:43:32.351 14543 14543 D CompatibilityChangeReporter: Compat change id reported: 171979766; UID 10406; state: ENABLED
04-09 22:43:32.360  5665  6152 D NetdEventListenerService: DNS Requested by : 100, 10304
04-09 22:43:32.382 12905 12916 W ru.mail.mailapp: Suspending all threads took: 320.767ms
04-09 22:43:32.410  6634  7262 W bt_stack: Unhandled vendor specific event of type 0x90
04-09 22:43:32.410  6634  7262 W bt_stack: Connection failed classic remote:xx:xx:xx:xx:b3:b1 reason:PAGE_TIMEOUT
04-09 22:43:32.414 14399 14498 W x.mail:passport: Long monitor contention with owner DefaultDispatcher-worker-1 (14504) at java.lang.Object r80.c.get()(SourceFile:8) waiters=0 in java.lang.Object r80.c.get() for 271ms
04-09 22:43:32.417 12905 13036 W ru.mail.mailapp: Weak pointer dereference blocked for 29 milliseconds.
04-09 22:43:32.417  6634  7316 W bt_l2cap: L2CAP - no CCB for L2CA_disc_req, CID: 71
04-09 22:43:32.418  6634  7342 E bt_btif_sock_rfcomm: find_rfc_slot_by_id unable to find RFCOMM slot id: 17
04-09 22:43:32.423  6634  7316 W btm_acl : Unable to find active acl
04-09 22:43:32.432  7623 11673 W WearableConn: Failed to connect, error: read failed, socket might closed or timeout, read ret: -1
04-09 22:43:32.433  7623 11673 D BluetoothSocket: close() this: android.bluetooth.BluetoothSocket@4489654, channel: -1, mSocketIS: android.net.LocalSocketImpl$SocketInputStream@9adc9fd, mSocketOS: android.net.LocalSocketImpl$SocketOutputStream@93846f2, mSocket: android.net.LocalSocket@3c02143 impl:android.net.LocalSocketImpl@fc2c3c0 fd:java.io.FileDescriptor@41208f9, mSocketState: INIT
04-09 22:43:32.444 14399 14504 D CompatibilityChangeReporter: Compat change id reported: 194532703; UID 10276; state: DISABLED
04-09 22:43:32.449  7623 11673 I WearableConn: Setting alarm for 128.0 seconds to retry connection
04-09 22:43:32.458  7623 11673 I AlarmManager: setExactAndAllowWhileIdle [name: WearableBluetooth type: 2 triggerAtMillis: 1038991]
04-09 22:43:32.501  6713  6713 V BluetoothEventManager: onReceive :: android.bluetooth.device.action.NAME_CHANGED
04-09 22:43:32.530  6713  6713 I BluetoothAdapter: STATE_ON
04-09 22:43:32.546  6634  6779 D BluetoothUtils: getBtEnabledContainers(): btContainers = []
04-09 22:43:32.542  6284  6373 V BluetoothEventManager: onReceive :: android.bluetooth.device.action.NAME_CHANGED
04-09 22:43:32.551  6634  6779 D BluetoothUtils: getBtEnabledContainers(): btContainers = []
04-09 22:43:32.556  6284  6373 I BluetoothAdapter: STATE_ON
04-09 22:43:32.579  6284  6373 D CachedBluetoothDeviceManager: onDeviceNameUpdated :: skip same name update
04-09 22:43:32.580  6284  6373 V BluetoothEventManager: onReceive :: android.bluetooth.device.action.CLASS_CHANGED
04-09 22:43:32.583  6713  6713 D CachedBluetoothDeviceManager: onDeviceNameUpdated :: skip same name update
04-09 22:43:32.584  6713  6713 V BluetoothEventManager: onReceive :: android.bluetooth.device.action.CLASS_CHANGED
04-09 22:43:32.590  6284  6373 V BluetoothEventManager: onReceive :: com.samsung.bluetooth.device.action.MANUFACTURER_CHANGED
04-09 22:43:32.592  6713  6713 V BluetoothEventManager: onReceive :: com.samsung.bluetooth.device.action.MANUFACTURER_CHANGED
04-09 22:43:32.715 14543 14543 D nativeloader: Configuring classloader-namespace for other apk /system/framework/org.apache.http.legacy.jar. target_sdk_version=32, uses_libraries=ALL, library_path=/data/app/~~hmniahsLWp6Hd7Jne6Pn2Q==/ru.yandex.music-BrtGFjFYY4mUaTVkxT0BTw==/lib/arm64:/data/app/~~hmniahsLWp6Hd7Jne6Pn2Q==/ru.yandex.music-BrtGFjFYY4mUaTVkxT0BTw==/base.apk!/lib/arm64-v8a:/data/app/~~hmniahsLWp6Hd7Jne6Pn2Q==/ru.yandex.music-BrtGFjFYY4mUaTVkxT0BTw==/split_config.arm64_v8a.apk!/lib/arm64-v8a:/data/app/~~hmniahsLWp6Hd7Jne6Pn2Q==/ru.yandex.music-BrtGFjFYY4mUaTVkxT0BTw==/split_config.en.apk!/lib/arm64-v8a:/data/app/~~hmniahsLWp6Hd7Jne6Pn2Q==/ru.yandex.music-BrtGFjFYY4mUaTVkxT0BTw==/split_config.ru.apk!/lib/arm64-v8a:/data/app/~~hmniahsLWp6Hd7Jne6Pn2Q==/ru.yandex.music-BrtGFjFYY4mUaTVkxT0BTw==/split_config.xxhdpi.apk!/lib/arm64-v8a, permitted_path=/data:/mnt/expand:/data/user/0/ru.yandex.music
04-09 22:43:32.715 14543 14543 D nativeloader: Extending system_exposed_libraries: libhumantracking.arcsoft.so:libPortraitDistortionCorrection.arcsoft.so:libPortraitDistortionCorrectionCali.arcsoft.so:libface_landmark.arcsoft.so:libFacialStickerEngine.arcsoft.so:libveengine.arcsoft.so:liblow_light_hdr.arcsoft.so:libhigh_dynamic_range.arcsoft.so:libFacialAttributeDetection.arcsoft.so:libneural.snap.samsung.so:libsnap_aidl.snap.samsung.so:libBestComposition.polarr.so:libTracking.polarr.so:libFeature.polarr.so:libPolarrSnap.polarr.so:libYuv.polarr.so:libhal.wsm.samsung.so:libsce_v1.crypto.samsung.so:libknox_remotedesktopclient.knox.samsung.so:libVDLowLight.visidon.so:libSDKRecognitionText.spensdk.samsung.so:libSFEffect.fonteffect.samsung.so:libheifcapture_jni.media.samsung.so:libjpegsq.media.samsung.so:libslljpeg.media.samsung.so:libsemimagecrop_jni.media.samsung.so:libapex_jni.media.samsung.so:libperfsdk.performance.samsung.so:lib.engmodejni.samsung.so:libSEF.quram.so:libimagecodec.quram.so:libagifencoder.quram.so:libBeauty_v4.camera.samsung.so:libexifa.ca
04-09 22:43:32.767 12905 13036 E FA      : Name must start with a letter. Type, name: event param, _email
04-09 22:43:32.767 12905 13036 E FA      : Name must start with a letter. Type, name: event param, _segments_state
04-09 22:43:32.767 12905 13036 E FA      : Name must start with a letter. Type, name: event param, _session_type
04-09 22:43:32.844 14543 14543 W ziparchive: Unable to open '/data/app/~~hmniahsLWp6Hd7Jne6Pn2Q==/ru.yandex.music-BrtGFjFYY4mUaTVkxT0BTw==/split_config.arm64_v8a.dm': No such file or directory
04-09 22:43:32.845 14543 14543 W ziparchive: Unable to open '/data/app/~~hmniahsLWp6Hd7Jne6Pn2Q==/ru.yandex.music-BrtGFjFYY4mUaTVkxT0BTw==/split_config.arm64_v8a.dm': No such file or directory
04-09 22:43:32.848 14543 14543 W x.music:Metrica: Entry not found
04-09 22:43:32.882 14543 14543 W ziparchive: Unable to open '/data/app/~~hmniahsLWp6Hd7Jne6Pn2Q==/ru.yandex.music-BrtGFjFYY4mUaTVkxT0BTw==/split_config.en.dm': No such file or directory
04-09 22:43:32.883 14543 14543 W ziparchive: Unable to open '/data/app/~~hmniahsLWp6Hd7Jne6Pn2Q==/ru.yandex.music-BrtGFjFYY4mUaTVkxT0BTw==/split_config.en.dm': No such file or directory
04-09 22:43:32.909 14543 14543 W x.music:Metrica: Entry not found
04-09 22:43:32.913 14543 14543 W ziparchive: Unable to open '/data/app/~~hmniahsLWp6Hd7Jne6Pn2Q==/ru.yandex.music-BrtGFjFYY4mUaTVkxT0BTw==/split_config.ru.dm': No such file or directory
04-09 22:43:32.914 14543 14543 W ziparchive: Unable to open '/data/app/~~hmniahsLWp6Hd7Jne6Pn2Q==/ru.yandex.music-BrtGFjFYY4mUaTVkxT0BTw==/split_config.ru.dm': No such file or directory
04-09 22:43:32.917 14543 14543 W x.music:Metrica: Entry not found
04-09 22:43:32.922 14543 14543 W ziparchive: Unable to open '/data/app/~~hmniahsLWp6Hd7Jne6Pn2Q==/ru.yandex.music-BrtGFjFYY4mUaTVkxT0BTw==/split_config.xxhdpi.dm': No such file or directory
04-09 22:43:32.923 14543 14543 W ziparchive: Unable to open '/data/app/~~hmniahsLWp6Hd7Jne6Pn2Q==/ru.yandex.music-BrtGFjFYY4mUaTVkxT0BTw==/split_config.xxhdpi.dm': No such file or directory
04-09 22:43:32.970 14543 14543 W x.music:Metrica: Entry not found
04-09 22:43:33.003 14543 14543 D nativeloader: Configuring classloader-namespace for other apk /data/app/~~hmniahsLWp6Hd7Jne6Pn2Q==/ru.yandex.music-BrtGFjFYY4mUaTVkxT0BTw==/base.apk:/data/app/~~hmniahsLWp6Hd7Jne6Pn2Q==/ru.yandex.music-BrtGFjFYY4mUaTVkxT0BTw==/split_config.arm64_v8a.apk:/data/app/~~hmniahsLWp6Hd7Jne6Pn2Q==/ru.yandex.music-BrtGFjFYY4mUaTVkxT0BTw==/split_config.en.apk:/data/app/~~hmniahsLWp6Hd7Jne6Pn2Q==/ru.yandex.music-BrtGFjFYY4mUaTVkxT0BTw==/split_config.ru.apk:/data/app/~~hmniahsLWp6Hd7Jne6Pn2Q==/ru.yandex.music-BrtGFjFYY4mUaTVkxT0BTw==/split_config.xxhdpi.apk. target_sdk_version=32, uses_libraries=, library_path=/data/app/~~hmniahsLWp6Hd7Jne6Pn2Q==/ru.yandex.music-BrtGFjFYY4mUaTVkxT0BTw==/lib/arm64:/data/app/~~hmniahsLWp6Hd7Jne6Pn2Q==/ru.yandex.music-BrtGFjFYY4mUaTVkxT0BTw==/base.apk!/lib/arm64-v8a:/data/app/~~hmniahsLWp6Hd7Jne6Pn2Q==/ru.yandex.music-BrtGFjFYY4mUaTVkxT0BTw==/split_config.arm64_v8a.apk!/lib/arm64-v8a:/data/app/~~hmniahsLWp6Hd7Jne6Pn2Q==/ru.yandex.music-BrtGFjFYY4mUaTVkxT0BTw==/split_config.en.apk!/lib/arm64-v8a:/data/ap
04-09 22:43:33.069 14543 14543 W x.music:Metrica: JIT profile information will not be recorded: profile file does not exist.
04-09 22:43:33.069 14543 14543 W x.music:Metrica: JIT profile information will not be recorded: profile file does not exist.
04-09 22:43:33.069 14543 14543 W x.music:Metrica: JIT profile information will not be recorded: profile file does not exist.
04-09 22:43:33.070 14543 14543 W x.music:Metrica: JIT profile information will not be recorded: profile file does not exist.
04-09 22:43:33.107 14251 14330 I AppMetrica-Attribution: Choosing distribution data: ClidsInfo(chosen=Candidate(clids=null, source=APP), candidates=[Candidate(clids=null, source=APP)])
04-09 22:43:33.113  6284  6373 D MobileStatusTracker(1/2): onDataActivity: direction=3
04-09 22:43:33.123  6284  6373 D MobileSignalController(1/2): notifyListener: enabled=true, connected=true, dataConnected=true, networkType=LTE (4G), emergencyOnly=false, roaming=false, isDefault=true, dataActivity=inout, level=3, ca=false, mmWave=false, disabledDataIcon=false, simCard=ETC
04-09 22:43:33.178 14543 14543 V GraphicsEnvironment: ANGLE Developer option for 'ru.yandex.music' set to: 'default'
04-09 22:43:33.181 14543 14543 V GraphicsEnvironment: ANGLE GameManagerService for ru.yandex.music: false
04-09 22:43:33.181  6213  6213 D TelephonyManager: requestModemActivityInfo: Sending result to app: ModemActivityInfo{ mTimestamp=911709 mSleepTimeMs=11038 mIdleTimeMs=43784 mActivityStatsTechSpecificInfo=[{mRat=UNKNOWN,mFrequencyRange=UNKNOWN,mTxTimeMs[]=[0, 0, 86, 26, 95],mRxTimeMs=736078}]}
04-09 22:43:33.181 14543 14543 V GraphicsEnvironment: Neither updatable production driver nor prerelease driver is supported.
04-09 22:43:33.191 14543 14543 D NetworkSecurityConfig: Using Network Security Config from resource network_security_config debugBuild: false
04-09 22:43:33.226 14543 14543 D NetworkSecurityConfig: Using Network Security Config from resource network_security_config debugBuild: false
04-09 22:43:33.246  5665  5878 I HqmInfo::HqmManagerService: MSG_TYPE:MSG_TYPE_PROCESS_LOG_BY_HQM
04-09 22:43:33.267 14543 14543 D Pulse   : Application.FullStart - start
04-09 22:43:33.290  5274  5274 D Zygote  : Forked child process 14578
04-09 22:43:33.312 14382 14521 I AppMetrica: Activate reporter with APIKey 67bb016b-xxxx-xxxx-xxxx-xxxxxxxx03d3
04-09 22:43:33.338 14543 14543 D Pulse   : Application.ContentProviders - start
04-09 22:43:33.344 14578 14578 I android.dqagent: Using CollectorTypeCC GC.
04-09 22:43:33.360 14578 14578 E android.dqagent: Not starting debugger since process cannot load the jdwp agent.
04-09 22:43:33.385 14578 14578 D ActivityThread: setConscryptValidator
04-09 22:43:33.385 14578 14578 D ActivityThread: setConscryptValidator - put
04-09 22:43:33.388 14543 14543 D Pulse   : Application.ContentProviders - cancel
04-09 22:43:33.389 14543 14543 D Pulse   : Application.OnCreate - start
04-09 22:43:33.389 14543 14543 D Pulse   : Application.FullStart, Application.ContentProviders, Application.OnCreate - cancel
04-09 22:43:33.397 14382 14382 D Pulse   : Application.OnCreate.OldDi.NewExperimentsInit - finish
04-09 22:43:33.443 14578 14578 D CompatibilityChangeReporter: Compat change id reported: 171979766; UID 1000; state: ENABLED
04-09 22:43:33.556  5274  5274 D Zygote  : Forked child process 14599
04-09 22:43:33.605 14599 14599 I .music:passport: Using CollectorTypeCC GC.
04-09 22:43:33.619 14599 14599 E .music:passport: Not starting debugger since process cannot load the jdwp agent.
04-09 22:43:33.639 14599 14599 D ActivityThread: setConscryptValidator
04-09 22:43:33.639 14599 14599 D ActivityThread: setConscryptValidator - put
04-09 22:43:33.681 14599 14599 D CompatibilityChangeReporter: Compat change id reported: 171979766; UID 10406; state: ENABLED
04-09 22:43:33.809 13828 13868 D Benchmark: THERMAL THROTTLE DETECTED, SLEEPING FOR 90 SECONDS
04-09 22:43:33.872 14578 14578 I DIAGMON_SDK[605053]: DiagMonAgent type: 2
04-09 22:43:33.873 14578 14578 I DIAGMON_SDK[605053][999-399-549750] : generated SR object
04-09 22:43:33.877 14599 14599 D nativeloader: Configuring classloader-namespace for other apk /system/framework/org.apache.http.legacy.jar. target_sdk_version=32, uses_libraries=ALL, library_path=/data/app/~~hmniahsLWp6Hd7Jne6Pn2Q==/ru.yandex.music-BrtGFjFYY4mUaTVkxT0BTw==/lib/arm64:/data/app/~~hmniahsLWp6Hd7Jne6Pn2Q==/ru.yandex.music-BrtGFjFYY4mUaTVkxT0BTw==/base.apk!/lib/arm64-v8a:/data/app/~~hmniahsLWp6Hd7Jne6Pn2Q==/ru.yandex.music-BrtGFjFYY4mUaTVkxT0BTw==/split_config.arm64_v8a.apk!/lib/arm64-v8a:/data/app/~~hmniahsLWp6Hd7Jne6Pn2Q==/ru.yandex.music-BrtGFjFYY4mUaTVkxT0BTw==/split_config.en.apk!/lib/arm64-v8a:/data/app/~~hmniahsLWp6Hd7Jne6Pn2Q==/ru.yandex.music-BrtGFjFYY4mUaTVkxT0BTw==/split_config.ru.apk!/lib/arm64-v8a:/data/app/~~hmniahsLWp6Hd7Jne6Pn2Q==/ru.yandex.music-BrtGFjFYY4mUaTVkxT0BTw==/split_config.xxhdpi.apk!/lib/arm64-v8a, permitted_path=/data:/mnt/expand:/data/user/0/ru.yandex.music
04-09 22:43:33.877 14599 14599 D nativeloader: Extending system_exposed_libraries: libhumantracking.arcsoft.so:libPortraitDistortionCorrection.arcsoft.so:libPortraitDistortionCorrectionCali.arcsoft.so:libface_landmark.arcsoft.so:libFacialStickerEngine.arcsoft.so:libveengine.arcsoft.so:liblow_light_hdr.arcsoft.so:libhigh_dynamic_range.arcsoft.so:libFacialAttributeDetection.arcsoft.so:libneural.snap.samsung.so:libsnap_aidl.snap.samsung.so:libBestComposition.polarr.so:libTracking.polarr.so:libFeature.polarr.so:libPolarrSnap.polarr.so:libYuv.polarr.so:libhal.wsm.samsung.so:libsce_v1.crypto.samsung.so:libknox_remotedesktopclient.knox.samsung.so:libVDLowLight.visidon.so:libSDKRecognitionText.spensdk.samsung.so:libSFEffect.fonteffect.samsung.so:libheifcapture_jni.media.samsung.so:libjpegsq.media.samsung.so:libslljpeg.media.samsung.so:libsemimagecrop_jni.media.samsung.so:libapex_jni.media.samsung.so:libperfsdk.performance.samsung.so:lib.engmodejni.samsung.so:libSEF.quram.so:libimagecodec.quram.so:libagifencoder.quram.so:libBeauty_v4.camera.samsung.so:libexifa.ca
04-09 22:43:33.994 14599 14599 W ziparchive: Unable to open '/data/app/~~hmniahsLWp6Hd7Jne6Pn2Q==/ru.yandex.music-BrtGFjFYY4mUaTVkxT0BTw==/split_config.arm64_v8a.dm': No such file or directory
04-09 22:43:33.994 14599 14599 W ziparchive: Unable to open '/data/app/~~hmniahsLWp6Hd7Jne6Pn2Q==/ru.yandex.music-BrtGFjFYY4mUaTVkxT0BTw==/split_config.arm64_v8a.dm': No such file or directory
04-09 22:43:33.998 14599 14599 W .music:passport: Entry not found
04-09 22:43:34.020 14251 14439 I AppMetrica-Attribution: Choosing distribution data: ClidsInfo(chosen=Candidate(clids=null, source=APP), candidates=[Candidate(clids=null, source=APP)])
04-09 22:43:34.033 14599 14599 W ziparchive: Unable to open '/data/app/~~hmniahsLWp6Hd7Jne6Pn2Q==/ru.yandex.music-BrtGFjFYY4mUaTVkxT0BTw==/split_config.en.dm': No such file or directory
04-09 22:43:34.033 14599 14599 W ziparchive: Unable to open '/data/app/~~hmniahsLWp6Hd7Jne6Pn2Q==/ru.yandex.music-BrtGFjFYY4mUaTVkxT0BTw==/split_config.en.dm': No such file or directory
04-09 22:43:34.064 14599 14599 W .music:passport: Entry not found
04-09 22:43:34.074 14599 14599 W ziparchive: Unable to open '/data/app/~~hmniahsLWp6Hd7Jne6Pn2Q==/ru.yandex.music-BrtGFjFYY4mUaTVkxT0BTw==/split_config.ru.dm': No such file or directory
04-09 22:43:34.075 14599 14599 W ziparchive: Unable to open '/data/app/~~hmniahsLWp6Hd7Jne6Pn2Q==/ru.yandex.music-BrtGFjFYY4mUaTVkxT0BTw==/split_config.ru.dm': No such file or directory
04-09 22:43:34.101 14599 14599 W .music:passport: Entry not found
04-09 22:43:34.126 14599 14599 W ziparchive: Unable to open '/data/app/~~hmniahsLWp6Hd7Jne6Pn2Q==/ru.yandex.music-BrtGFjFYY4mUaTVkxT0BTw==/split_config.xxhdpi.dm': No such file or directory
04-09 22:43:34.126 14599 14599 W ziparchive: Unable to open '/data/app/~~hmniahsLWp6Hd7Jne6Pn2Q==/ru.yandex.music-BrtGFjFYY4mUaTVkxT0BTw==/split_config.xxhdpi.dm': No such file or directory
04-09 22:43:34.129 14599 14599 W .music:passport: Entry not found
04-09 22:43:34.155 14599 14599 D nativeloader: Configuring classloader-namespace for other apk /data/app/~~hmniahsLWp6Hd7Jne6Pn2Q==/ru.yandex.music-BrtGFjFYY4mUaTVkxT0BTw==/base.apk:/data/app/~~hmniahsLWp6Hd7Jne6Pn2Q==/ru.yandex.music-BrtGFjFYY4mUaTVkxT0BTw==/split_config.arm64_v8a.apk:/data/app/~~hmniahsLWp6Hd7Jne6Pn2Q==/ru.yandex.music-BrtGFjFYY4mUaTVkxT0BTw==/split_config.en.apk:/data/app/~~hmniahsLWp6Hd7Jne6Pn2Q==/ru.yandex.music-BrtGFjFYY4mUaTVkxT0BTw==/split_config.ru.apk:/data/app/~~hmniahsLWp6Hd7Jne6Pn2Q==/ru.yandex.music-BrtGFjFYY4mUaTVkxT0BTw==/split_config.xxhdpi.apk. target_sdk_version=32, uses_libraries=, library_path=/data/app/~~hmniahsLWp6Hd7Jne6Pn2Q==/ru.yandex.music-BrtGFjFYY4mUaTVkxT0BTw==/lib/arm64:/data/app/~~hmniahsLWp6Hd7Jne6Pn2Q==/ru.yandex.music-BrtGFjFYY4mUaTVkxT0BTw==/base.apk!/lib/arm64-v8a:/data/app/~~hmniahsLWp6Hd7Jne6Pn2Q==/ru.yandex.music-BrtGFjFYY4mUaTVkxT0BTw==/split_config.arm64_v8a.apk!/lib/arm64-v8a:/data/app/~~hmniahsLWp6Hd7Jne6Pn2Q==/ru.yandex.music-BrtGFjFYY4mUaTVkxT0BTw==/split_config.en.apk!/lib/arm64-v8a:/data/ap
04-09 22:43:34.170  6284  6373 D MobileStatusTracker(1/2): onDataActivity: direction=0
04-09 22:43:34.181  4656  4656 W keymaster_tee: [WRN]begin req PARAMS: A32 B2 P64
04-09 22:43:34.183  6284  6373 D MobileSignalController(1/2): notifyListener: enabled=true, connected=true, dataConnected=true, networkType=LTE (4G), emergencyOnly=false, roaming=false, isDefault=true, dataActivity=, level=3, ca=false, mmWave=false, disabledDataIcon=false, simCard=ETC
04-09 22:43:34.192 14599 14599 W .music:passport: JIT profile information will not be recorded: profile file does not exist.
04-09 22:43:34.192 14599 14599 W .music:passport: JIT profile information will not be recorded: profile file does not exist.
04-09 22:43:34.192 14599 14599 W .music:passport: JIT profile information will not be recorded: profile file does not exist.
04-09 22:43:34.192 14599 14599 W .music:passport: JIT profile information will not be recorded: profile file does not exist.
04-09 22:43:34.325 14599 14599 V GraphicsEnvironment: ANGLE Developer option for 'ru.yandex.music' set to: 'default'
04-09 22:43:34.342 14599 14599 V GraphicsEnvironment: ANGLE GameManagerService for ru.yandex.music: false
04-09 22:43:34.343 14599 14599 V GraphicsEnvironment: Neither updatable production driver nor prerelease driver is supported.
04-09 22:43:34.363 14599 14599 D NetworkSecurityConfig: Using Network Security Config from resource network_security_config debugBuild: false
04-09 22:43:34.424 14543 14646 D CompatibilityChangeReporter: Compat change id reported: 183155436; UID 10406; state: DISABLED
04-09 22:43:34.444 14578 14578 I DQA     : [DQADatabaseOpenHelper]db open success
04-09 22:43:34.508 14543 14646 I AppMetrica: Initializing of Metrica, Release type, Version 5.2.1, API Level 105, Dated 30.09.2022.
04-09 22:43:34.512 14543 14646 W x.music:Metrica: Method void com.yandex.metrica.CounterConfiguration.<init>(com.yandex.metrica.YandexMetricaInternalConfig, com.yandex.metrica.CounterConfiguration$b) failed lock verification and will run slower.
04-09 22:43:34.512 14543 14646 W x.music:Metrica: Common causes for lock verification issues are non-optimized dex code
04-09 22:43:34.512 14543 14646 W x.music:Metrica: and incorrect proguard optimizations.
04-09 22:43:34.543 14599 14599 D NetworkSecurityConfig: Using Network Security Config from resource network_security_config debugBuild: false
04-09 22:43:34.593  5665  6152 D NetdEventListenerService: DNS Requested by : 100, 10276
04-09 22:43:34.602 14251 14340 D TrafficStats: tagSocket(6) with statsTag=0xffffffff, statsUid=-1
04-09 22:43:34.652  5665  5739 I libprocessgroup: Successfully killed process cgroup uid 10073 pid 7840 in 0ms
04-09 22:43:34.680 14599 14599 D Pulse   : Application.FullStart - start
04-09 22:43:34.695  8625  8672 I DMASA[D][999-399-549750]: [DiagmonProvider]Received msg based on provider : true / anr_logging
04-09 22:43:34.698  8625  8672 I DMASA[D][999-399-549750]: [DiagmonProvider]Signature Check Success
04-09 22:43:34.729  5665  7155 W LocationManagerService: onFreezeStateChanged, uid[10222]=true
04-09 22:43:34.730  5665  7155 W LocationManagerService: onFreezeStateChanged, uid[10343]=true
04-09 22:43:34.739 12905 13036 E FA      : Name must start with a letter. Type, name: event param, _email
04-09 22:43:34.741 14543 14648 W x.music:Metrica: Method void com.yandex.metrica.impl.ob.xi.a(android.os.Bundle) failed lock verification and will run slower.
04-09 22:43:34.743 14578 14623 I DIAGMON_SDK[605053][999-399-549750] : Results : Success
04-09 22:43:34.827 14599 14599 D Pulse   : Application.ContentProviders - start
04-09 22:43:34.899 14599 14599 D Pulse   : Application.ContentProviders - cancel
04-09 22:43:34.899 14599 14599 D Pulse   : Application.OnCreate - start
04-09 22:43:34.899 14599 14599 D Pulse   : Application.FullStart, Application.ContentProviders, Application.OnCreate - cancel
04-09 22:43:34.907 12905 13036 E FA      : Name must start with a letter. Type, name: event param, _segments_state
04-09 22:43:34.926 12905 13036 E FA      : Name must start with a letter. Type, name: event param, _session_type
04-09 22:43:34.970  6284  6284 D SecPowerUI.Notification: showChargingNotice oldChargingType : 11 currentChargingType : 11 oldChargingTime : 3895000 mChargingTime : 3895000
04-09 22:43:34.970  6284  6284 D SecPowerUI.Notification: There is no change about charging status, so return!
04-09 22:43:34.974 14543 14646 I AppMetrica: Activate reporter with APIKey 20799a27-xxxx-xxxx-xxxx-xxxxxxxx4180
04-09 22:43:35.041 14599 14666 D CompatibilityChangeReporter: Compat change id reported: 183155436; UID 10406; state: DISABLED
04-09 22:43:35.122 14599 14666 I AppMetrica: Initializing of Metrica, Release type, Version 5.2.1, API Level 105, Dated 30.09.2022.
04-09 22:43:35.136 14599 14666 W .music:passport: Method void com.yandex.metrica.CounterConfiguration.<init>(com.yandex.metrica.YandexMetricaInternalConfig, com.yandex.metrica.CounterConfiguration$b) failed lock verification and will run slower.
04-09 22:43:35.136 14599 14666 W .music:passport: Common causes for lock verification issues are non-optimized dex code
04-09 22:43:35.136 14599 14666 W .music:passport: and incorrect proguard optimizations.
04-09 22:43:35.210 14382 14394 W ru.yandex.music: Suspending all threads took: 71.780ms
04-09 22:43:35.213  6284  6373 D MobileStatusTracker(1/2): onDataActivity: direction=3
04-09 22:43:35.219  6284  6373 D MobileSignalController(1/2): notifyListener: enabled=true, connected=true, dataConnected=true, networkType=LTE (4G), emergencyOnly=false, roaming=false, isDefault=true, dataActivity=inout, level=3, ca=false, mmWave=false, disabledDataIcon=false, simCard=ETC
04-09 22:43:35.228  5665  6152 D NetdEventListenerService: DNS Requested by : 100, 10304
