04-24 04:25:01.025  5438  8980 I CameraService: wouldEvictLocked: [incoming client] owner = 19292, priority-score=999, cost=51, returnIncompatibleClients=false
04-24 04:25:01.025  5438  8980 I CameraService: wouldEvictLocked: [cost info] current cost=0, adding cost=51, total cost=51, max cost=100
04-24 04:25:01.025  5438  8980 I CameraService: wouldEvictLocked: [highestPriority] owner=19292, score=999
04-24 04:25:01.025  5438  8980 I CameraService: this package is a adaptive brightness app.
04-24 04:25:01.027  5438  8980 I CameraService: addAndEvict: push the client(owner 19292, priorityScore 999, state 6) to mClients
04-24 04:25:01.027  5438  8980 I CameraService: CameraService::finishConnectLocked X
04-24 04:25:01.028  5438  8980 I CameraDeviceClient: notifyAppPackageName
04-24 04:25:01.029  5438  8980 D HidlCamera3-Device: CameraPerf: setParameters E
04-24 04:25:01.030  5271  1215 I ExynosCameraInterface: DEBUG(HAL3_camera_device_set_parameters[525]):
04-24 04:25:01.030  5271  1215 I ExynosCameraSec: [CAM(1)][Front_0]-(setParameters[1498]):
04-24 04:25:01.030  5271  1215 I ExynosCameraConfigurationsSec: [CAM(1)][Front_0]-(checkClientPackageName[1497]):packageName (com.samsung.adaptivebrightnessgo) cameraClient (0)
04-24 04:25:01.031  5271  1215 I ExynosCameraInterface: DEBUG:duration time(    0 msec):(HAL3_camera_device_set_parameters)
04-24 04:25:01.031  5438  8980 D HidlCamera3-Device: CameraPerf: setParameters X (1ms)
04-24 04:25:01.031  5438  8980 I CameraService: Notified package name to HAL.
04-24 04:25:01.031  5438  8980 I CameraServiceProxyWrapper: updateProxyDeviceState: notifyCameraState for Camera ID 3, newState 0, facing 1, clientName com.samsung.adaptivebrightnessgo, apiLevel 2
04-24 04:25:01.032  5635  6344 I CameraManagerGlobal: Camera 3 facing CAMERA_FACING_FRONT state now CAMERA_STATE_OPEN for client com.samsung.adaptivebrightnessgo API Level 2
04-24 04:25:01.032  6374  8147 I CameraManagerGlobal: Camera 3 facing CAMERA_FACING_FRONT state now CAMERA_STATE_OPEN for client com.samsung.adaptivebrightnessgo API Level 2
04-24 04:25:01.033  5635  6740 I AudioManager: setParameters keyValuePairs = cameraFacing=front
04-24 04:25:01.033 12515 19382 I CameraManagerGlobal: Camera 3 facing CAMERA_FACING_FRONT state now CAMERA_STATE_OPEN for client com.samsung.adaptivebrightnessgo API Level 2
04-24 04:25:01.034  8394 12815 I CameraManagerGlobal: Camera 3 facing CAMERA_FACING_FRONT state now CAMERA_STATE_OPEN for client com.samsung.adaptivebrightnessgo API Level 2
04-24 04:25:01.034  8394 12815 I CameraManagerGlobal: onCameraDeviceStateChangedLocked: post device state update
04-24 04:25:01.034  8394 12815 I CameraManagerGlobal: onCameraDeviceStateChangedLocked: post device state update
04-24 04:25:01.035 19292 21692 I CameraManagerGlobal: Camera 3 facing CAMERA_FACING_FRONT state now CAMERA_STATE_OPEN for client com.samsung.adaptivebrightnessgo API Level 2
04-24 04:25:01.035 14989 15009 I CameraManagerGlobal: Camera 3 facing CAMERA_FACING_FRONT state now CAMERA_STATE_OPEN for client com.samsung.adaptivebrightnessgo API Level 2
04-24 04:25:01.037 19292 22735 I CameraLightSensor_Service: Camera open callback finish
04-24 04:25:01.038  6691  9275 I CameraManagerGlobal: Camera 3 facing CAMERA_FACING_FRONT state now CAMERA_STATE_OPEN for client com.samsung.adaptivebrightnessgo API Level 2
04-24 04:25:01.038 19292 22735 I CameraLightSensor_Service: Camera acquired, time = 155083594
04-24 04:25:01.038  6374  7457 D CameraAvailabilityListener: onCameraDeviceStateChanged: id=3, facing=1, state=CAMERA_STATE_OPEN, client=com.samsung.adaptivebrightnessgo
04-24 04:25:01.042  5438  8980 D HidlCamera3-Device: CameraPerf: constructDefaultRequestSettings templateId: 1 E
04-24 04:25:01.042  5271  1215 I ExynosCameraInterface: INFO(HAL3_camera_device_construct_default_request_settings[455]):in =====
04-24 04:25:01.042  5271  1215 I ExynosCameraMetadataConverter: [CAM(1)][]-(constructDefaultRequestSettings[95]):Type(1)
04-24 04:25:01.042  5271  1215 I ExynosCameraMetadataConverter: [CAM(1)][]-(constructDefaultRequestSettings[124]):type is ANDROID_CONTROL_CAPTURE_INTENT_PREVIEW
04-24 04:25:01.043  5271  1215 I ExynosCameraMetadataConverter: [CAM(1)][]-(constructDefaultRequestSettings[478]):Registered default request template(1)
04-24 04:25:01.043  5271  1215 I ExynosCamera: [CAM(1)][Front_0]-(construct_default_request_settings[1172]):out
04-24 04:25:01.043  5271  1215 I ExynosCameraInterface: INFO(HAL3_camera_device_construct_default_request_settings[464]):out =====
04-24 04:25:01.043  5271  1215 I ExynosCameraInterface: DEBUG:duration time(    1 msec):(HAL3_camera_device_construct_default_request_settings)
04-24 04:25:01.043  5438  8980 D HidlCamera3-Device: CameraPerf: constructDefaultRequestSettings X (1ms)
04-24 04:25:01.045  5438  8033 D HidlCamera3-Device: CameraPerf: setParameters E
04-24 04:25:01.046  5271  1215 I ExynosCameraInterface: DEBUG(HAL3_camera_device_set_parameters[525]):
04-24 04:25:01.046  5271  1215 I ExynosCameraSec: [CAM(1)][Front_0]-(setParameters[1498]):
04-24 04:25:01.046  5271  1215 I ExynosCameraConfigurationsSec: [CAM(1)][Front_0]-(m_checkDeviceSwitching[1529]):device-switching is NULL
04-24 04:25:01.046  5271  1215 I ExynosCameraConfigurationsSec: [CAM(1)][Front_0]-(m_checkShootingMode[1775]):shootingmode 30
04-24 04:25:01.046  5271  1215 I ExynosCameraConfigurationsSec: [CAM(1)][Front_0]-(m_checkVtMode[1739]):newVTMode (-1)
04-24 04:25:01.047  5271  1215 I ExynosCameraInterface: DEBUG:duration time(    1 msec):(HAL3_camera_device_set_parameters)
04-24 04:25:01.047  5271 22741 I ExynosCameraSec: [CAM(1)][Front_0]-(m_fastenPreviewFactoryThreadFunc[31034]):
04-24 04:25:01.047  5438  8033 D HidlCamera3-Device: CameraPerf: setParameters X (2ms)
04-24 04:25:01.051  5438  8033 D Camera3-Device: waitUntilDrained: mInterfaceLock.unlock()
04-24 04:25:01.052  5271 22741 I ExynosCameraFrameFactoryPreview: [CAM(1)][Front_0]-(create[43]):
04-24 04:25:01.052  5271 22741 I ExynosCameraFrameFactoryBase: [CAM(1)][Front_0]-(create[37]):
04-24 04:25:01.052  5271 22741 I ExynosCameraFrameFactoryPreviewSec: [CAM(1)][Front_0]-(m_setupConfig[256]):
04-24 04:25:01.052  5271 22741 I ExynosCameraFrameFactoryPreview: [CAM(1)][Front_0]-(m_setDeviceInfo[731]):
04-24 04:25:01.052  5271 22741 I ExynosCameraFrameFactoryPreviewSec: [CAM(1)][Front_0]-(m_constructPipes[340]):
04-24 04:25:01.054  5247  9386 D audio_hw_primary: device-adev_set_parameters: enter
04-24 04:25:01.054  5438  8033 D CameraDeviceClient: createStream E
04-24 04:25:01.055  5438  8033 D SessionConfigUtils: createSurfaceFromGbp E: logicalCameraId=3, isStreamInfoValid=0, useCase=0, option=0x0, mirrorMode=0
04-24 04:25:01.056  5438  8033 W SessionConfigUtils: createSurfaceFromGbp: Camera 3 with consumer usage flag: 256: Forcing asynchronous mode forstream
04-24 04:25:01.056  5438  8033 D SessionConfigUtils: createSurfaceFromGbp: consumer usage flag: 256, useAsync: 1
04-24 04:25:01.056  5247  9386 D audio_hw_primary: device-adev_set_parameters: param (cameraFacing=front)
04-24 04:25:01.057  5271 22741 I exynos-libhwjpeg: CHWJpegV4L2Compressor Created: 0xf23ba008, FD 11
04-24 04:25:01.057  5271 22741 I exynos-libhwjpeg: CHWJpegV4L2Compressor Created: 0xf2565500, FD 12
04-24 04:25:01.057  5271 22741 I exynos-libhwjpeg: Created thumbnail scaler: legacy V4L2 Scaler
04-24 04:25:01.057  5271 22741 I exynos-libhwjpeg: ExynosJpegEncoderForCamera Created: 0xf23ba004, ION 13
04-24 04:25:01.057  5271 22741 I ExynosCameraFrameFactoryPreviewSec: [CAM(1)][Front_0]-(m_constructPipes[564]):pipe ids for preview
04-24 04:25:01.057  5271 22741 I ExynosCameraFrameFactoryPreviewSec: [CAM(1)][Front_0]-(m_constructPipes[567]):m_pipes[0] : PipeId(0)
04-24 04:25:01.058  5271 22741 I ExynosCameraFrameFactoryPreviewSec: [CAM(1)][Front_0]-(m_constructPipes[567]):m_pipes[6] : PipeId(6)
04-24 04:25:01.058  5271 22741 I ExynosCameraFrameFactoryPreviewSec: [CAM(1)][Front_0]-(m_constructPipes[567]):m_pipes[11] : PipeId(11)
04-24 04:25:01.058  5271 22741 I ExynosCameraFrameFactoryPreviewSec: [CAM(1)][Front_0]-(m_constructPipes[567]):m_pipes[26] : PipeId(26)
04-24 04:25:01.058  5271 22741 I ExynosCameraFrameFactoryPreviewSec: [CAM(1)][Front_0]-(m_constructPipes[567]):m_pipes[33] : PipeId(33)
04-24 04:25:01.058  5271 22741 I ExynosCameraFrameFactoryPreviewSec: [CAM(1)][Front_0]-(m_constructPipes[567]):m_pipes[41] : PipeId(41)
04-24 04:25:01.058  5271 22741 I ExynosCameraFrameFactoryPreviewSec: [CAM(1)][Front_0]-(m_constructPipes[567]):m_pipes[42] : PipeId(42)
04-24 04:25:01.058  5271 22741 I ExynosCameraFrameFactoryPreviewSec: [CAM(1)][Front_0]-(m_constructPipes[567]):m_pipes[43] : PipeId(43)
04-24 04:25:01.058  5271 22741 I ExynosCameraFrameFactoryPreviewSec: [CAM(1)][Front_0]-(m_constructPipes[567]):m_pipes[44] : PipeId(44)
04-24 04:25:01.058  5271 22741 I ExynosCameraFrameFactoryPreviewSec: [CAM(1)][Front_0]-(m_constructPipes[567]):m_pipes[54] : PipeId(54)
04-24 04:25:01.058  5271 22741 I ExynosCameraFrameFactoryPreviewSec: [CAM(1)][Front_0]-(m_constructPipes[567]):m_pipes[55] : PipeId(55)
04-24 04:25:01.058  5271 22741 I ExynosCameraFrameFactoryPreviewSec: [CAM(1)][Front_0]-(m_constructPipes[567]):m_pipes[56] : PipeId(56)
04-24 04:25:01.058  5271 22741 I ExynosCameraFrameFactoryPreviewSec: [CAM(1)][Front_0]-(m_constructPipes[567]):m_pipes[57] : PipeId(57)
04-24 04:25:01.058  5271 22741 I ExynosCameraMCPipe: [CAM(1)][PIPE_FLITE]-(m_preCreate[1446]):m_preCreate() is succeed, Pipe(0), prepare(0)
04-24 04:25:01.058  5271 22741 I ExynosCameraMCPipe: [CAM(1)][PIPE_FLITE]-(m_postCreate[1471]):m_postCreate() is succeed, Pipe(0)
04-24 04:25:01.059  5438  8033 D SessionConfigUtils: createSurfaceFromGbp: width=1, height=1, format=1, dataSpace=0
04-24 04:25:01.059  5438  8033 W SessionConfigUtils: createSurfaceFromGbp: Camera 3: Overriding format 0x1 to IMPLEMENTATION_DEFINED
04-24 04:25:01.060  5438  8033 D SessionConfigUtils: roundBufferDimensionNearest  inWidth=1 inHeight=1, outWidth=176 outHeight=144 X
04-24 04:25:01.060  5438  8033 D SessionConfigUtils: createSurfaceFromGbp X
04-24 04:25:01.062  5438  8033 D Camera3-Device: createStream: mInterfaceLock.lock()
04-24 04:25:01.062  5438  8033 D Camera3-Device: createStream: Camera 3: Creating new stream 0: 176 x 144, format 0x22(IMPL_DEF), dataspace 0 rotation 0 consumer usage 0, isShared 0, physicalCameraId , isMultiResolution 0 dynamicRangeProfile 0x1, streamUseCase 0, option 0x0, timestampBase 0, mirrorMode 0
04-24 04:25:01.067  5438  8033 D Camera3-Device: createStream: mInterfaceLock.unlock()
04-24 04:25:01.067  5438  8033 D CameraDeviceClient: createStream: Camera 3: Successfully created a new stream ID 0 for output surface (176 x 144) with format 0x22.
04-24 04:25:01.068  5438  8033 D Camera3-Device: setStreamTransform: mInterfaceLock.lock()
04-24 04:25:01.068  5438  8033 D CameraDeviceClient: createStream X
04-24 04:25:01.069  5438  8033 D Camera3-Device: filterParamsAndConfigureLocked : operatingMode=0
04-24 04:25:01.069  5438  8033 D Camera3-Device: CameraPerf: configureStreamsLocked: Camera 3: Stream configuration E
04-24 04:25:01.070  5438  8033 I HidlCamera3-Device: configureStreams Before configuration Stream[0] : [176 x 144], usage: 0x100
04-24 04:25:01.071  5271  1215 I SehCamDevSession@5.0-impl: [CAMKPI] camera3->configure_streams : E
04-24 04:25:01.071  5271  1215 I ExynosCameraInterface: INFO(HAL3_camera_device_configure_streams[423]):in =====
04-24 04:25:01.072  5271  1215 I ExynosCameraSec: [CAM(1)][Front_0]-(configureStreams[7706]):In
04-24 04:25:01.072  5271  1215 I ExynosCameraSec: [CAM(1)][Front_0]-(configureStreams[7735]):m_firstPreviewTimer start
04-24 04:25:01.072  5271  1215 I ExynosCameraConfigurationsSec: [CAM(1)][Front_0]-(m_checkCameraClient[1429]):Camera Client 0
04-24 04:25:01.072  5271  1215 I ExynosCameraMetadataConverterVendor: [CAM(1)][]-(setVendorPreSessionParams[6464]):SHOT_MODE(30)
04-24 04:25:01.073  5271  1215 I ExynosCameraConfigurationsSec: [CAM(1)][Front_0]-(setMode[470]):YSUM Recording OFF
04-24 04:25:01.073  5271  1215 I ExynosCameraSec: [CAM(1)][Front_0]-(m_enumStreamInfo[7089]):setting usage read|write
04-24 04:25:01.073  5271  1215 I ExynosCameraStreamManager: INFO(m_insert[638]):inserted stream and id is (1)
04-24 04:25:01.073  5271  1215 I ExynosCameraStreamManager: INFO(m_insert[653]):m_increaseYuvStreamCount(1)
04-24 04:25:01.073  5271  1215 I ExynosCameraSec: [CAM(1)][Front_0]-(m_enumStreamInfo[7441]):streamId(1) needGSC(0)
04-24 04:25:01.073  5271  1215 I ExynosCameraSec: [CAM(1)][Front_0]-(m_constructFrameFactory[391]):-IN-
04-24 04:25:01.073  5271  1215 I ExynosCameraSec: [CAM(1)][Front_0]-(m_constructFrameFactory[571]):-OUT-
04-24 04:25:01.073  5271  1215 I ExynosCameraSec: DEBUG:duration time(    0 msec):(m_constructFrameFactory)
04-24 04:25:01.073  5271  1215 I ExynosCameraSec: [CAM(1)][Front_0]-(m_checkVideoStreamPriority[33569]):m_flagVideoStreamPriority(0), m_flagUseOnePort(0)
04-24 04:25:01.073  5271  1215 I ExynosCameraSec: [CAM(1)][Front_0]-(configureStreams[8098]):list_index 0 streamId 1, stream_type 0, size 176x144, format 22, usage 0x20133
04-24 04:25:01.073  5271  1215 I ExynosCameraSec: [CAM(1)][Front_0]-(configureStreams[8100]):max_buffers 9, needMmap 1, physCamID -1, optionPhysCamId 0, remoteStreamOption 0, option 0
04-24 04:25:01.073  5271  1215 I ExynosCameraSec: [CAM(1)][Front_0]-(configureStreams[8116]):registerStream 2 registerbuffer 17
04-24 04:25:01.073  5271  1215 I ExynosCameraParametersSec: [CAM(1)][Front_0]-(checkYuvSize[1236]):camType(0) curYuvSize(0x0) newYuvSize(176x144) outputPortId(0) curRatio(6)
04-24 04:25:01.073  5271  1215 I ExynosCameraParametersSec: [CAM(1)][Front_0]-(checkHwYuvSize[1309]):curHwYuvSize 0x0 newHwYuvSize 176x144 outputPortId 0
04-24 04:25:01.074  5271  1215 I ExynosCameraConfigurations: [CAM(1)][Front_0]-(checkYuvFormat[263]):curYuvFormat NV21 newYuvFormat NM21 pixelSizeNum 0 outputPortId 0
04-24 04:25:01.074  5271  1215 I ExynosCameraSec: [CAM(1)][Front_0]-(configureStreams[8522]):Create buffer manager(PREVIEW)
04-24 04:25:01.074  5271  1215 I ExynosCameraBufferSupplier: [CAM(1)][BufferSupplier]-(createBufferManager[181]):[PREVIEW_STREAM_BUF]Created. P 27,-1,-1,-1,-1, T 2
04-24 04:25:01.074  5271  1215 I ExynosCameraSec: [CAM(1)][Front_0]-(configureStreams[8547]):planeCount = 2+1, planeSize[0] = 25344, planeSize[1] = 12672, planeSize[2] = 0, bytesPerLine[0] = 0, outputPortId = 0
04-24 04:25:01.080  5271  1215 I ExynosCameraBufferManager: DEBUG:duration time(    6 msec):(alloc)
04-24 04:25:01.081  5271  1215 I ExynosCameraParameters: [CAM(1)][Front_0]-(updateBinningScaleRatio[855]):New sensor binning ratio(2000)
04-24 04:25:01.081  5271  1215 I ExynosCameraSec: [CAM(1)][Front_0]-(configureStreams[10089]):MaxYuvSize:176x144 ratio:6
04-24 04:25:01.081  5271  1215 I ExynosCameraSec: [CAM(1)][Front_0]-(configureStreams[10229]):Out
04-24 04:25:01.081  5271  1215 I ExynosCameraInterface: INFO(HAL3_camera_device_configure_streams[439]):out =====
04-24 04:25:01.081  5271  1215 I ExynosCameraInterface: DEBUG:duration time(   10 msec):(HAL3_camera_device_configure_streams)
04-24 04:25:01.081  5271  1215 I SehCamDevSession@5.0-impl: [CAMKPI] camera3->configure_streams : X
04-24 04:25:01.081  5271 22746 I ExynosCamera: [CAM(1)][Front_0]-(m_setBuffersThreadFunc[5296]):
04-24 04:25:01.081  5271 22746 I ExynosCameraSec: [CAM(1)][Front_0]-(m_setBuffers[20774]):alloc buffer - camera ID: 1
04-24 04:25:01.081  5271 22746 I ExynosCameraSec: [CAM(1)][Front_0]-(m_setBuffers[20807]):HW Sensor MAX width x height = 2640x1980
04-24 04:25:01.082  5271 22746 I ExynosCameraSec: [CAM(1)][Front_0]-(m_setBuffers[20808]):Preview BDS width x height = 264x148
04-24 04:25:01.082  5271 22746 I ExynosCameraSec: [CAM(1)][Front_0]-(m_setBuffers[20824]):PreviewSize(Max) width x height = 2640x1980
04-24 04:25:01.082  5271 22746 I ExynosCameraSec: [CAM(1)][Front_0]-(m_setBuffers[20828]):DS width x height = 640x480
04-24 04:25:01.082  5271 22746 I ExynosCameraBufferSupplier: [CAM(1)][BufferSupplier]-(createBufferManager[181]):[FLITE_BUF]Created. P 1,-1,-1,-1,-1, T 0
04-24 04:25:01.082  5271 22746 I ExynosCameraBufferManager: DEBUG:duration time(    0 msec):(alloc)
04-24 04:25:01.083  5271 22746 I ExynosCameraBufferSupplier: [CAM(1)][BufferSupplier]-(createBufferManager[181]):[3AA_IN_BUF]Created. P 0,6,-1,-1,-1, T 0
04-24 04:25:01.083  5438  8033 D HidlCamera3-Device: configureStreams : stream[0] : format = 0x22(IMPL_DEF), data_space = 146931712, usage flag = 0x20133 max_buffers = 9, physical_camera_id =
04-24 04:25:01.083  5438  8033 D Camera3-Device: CameraPerf: Connect Streams E
04-24 04:25:01.084  5438  8033 I Camera3-Status: addComponent: Adding new component 2 - streamId = 0, format = 0x22(IMPL_DEF), width = 176, height = 144, option = 0x0, type = OUTPUT
04-24 04:25:01.085  5271 22746 I ExynosCameraBufferManager: [CAM(1)][3AA_IN_BUF]-(m_defaultAlloc[934]):duration time (    1 msec) alloc count=8, total count=8, type=0, size=4096, batchSize=1, reserved count=0, non-cache => 0 0 1 0 0 0 0 0
04-24 04:25:01.085  5271 22746 I ExynosCameraBufferManager: DEBUG:duration time(    2 msec):(alloc)
04-24 04:25:01.085  5271 22746 I ExynosCameraBufferSupplier: [CAM(1)][BufferSupplier]-(createBufferManager[181]):[ISP_BUF]Created. P 8,11,-1,-1,-1, T 0
04-24 04:25:01.087  5271 22746 I ExynosCameraBufferManager: [CAM(1)][ISP_BUF]-(m_defaultAlloc[934]):duration time (    0 msec) alloc count=8, total count=8, type=0, size=59200, batchSize=1, reserved count=0, non-cache => 0 0 0 0 0 0 0 0
04-24 04:25:01.088  5271 22746 I ExynosCameraBufferManager: DEBUG:duration time(    3 msec):(alloc)
04-24 04:25:01.088  5271 22746 I ExynosCameraBufferSupplier: [CAM(1)][BufferSupplier]-(createBufferManager[181]):[VRA_BUF]Created. P 32,228,33,229,-1, T 0
04-24 04:25:01.088  5271 22746 I ExynosCameraBufferManager: DEBUG:duration time(    0 msec):(alloc)
04-24 04:25:01.088  5271 22746 I ExynosCameraSec: [CAM(1)][Front_0]-(m_setBuffers[21684]):alloc buffer done - camera ID: 1
04-24 04:25:01.088  5271 22746 I ExynosCameraSec: DEBUG:duration time(    7 msec):(m_setBuffers)
04-24 04:25:01.088  5271 22746 I ExynosCamera: DEBUG:duration time(    7 msec):(m_setBuffersThreadFunc)
04-24 04:25:01.089  5438  8033 D Camera3-OutputStream: configureConsumerQueueLocked: Consumer wants 2 buffers, HAL wants 9
04-24 04:25:01.095  5438  8033 D Camera3-Device: CameraPerf: Connect Streams X (11ms)
04-24 04:25:01.100  5271 22741 I ExynosCameraMCPipe: [CAM(1)][PIPE_3AA]-(m_preCreate[1446]):m_preCreate() is succeed, Pipe(6), prepare(0)
04-24 04:25:01.100  5271 22741 I ExynosCameraMCPipe: [CAM(1)][PIPE_3AA]-(m_postCreate[1471]):m_postCreate() is succeed, Pipe(6)
04-24 04:25:01.101  5438  8033 D Camera3-Device: Set real time priority for request queue thread (tid 22739)
04-24 04:25:01.101  5438  8033 D Camera3-Device: CameraPerf: configureStreamsLocked: Camera 3: Stream configuration X (31ms)
04-24 04:25:01.108 19292 22735 I CameraLightSensor_Service: mBackgroundHandler: Handler (android.os.Handler) {6b07a2}
04-24 04:25:01.108 19292 22735 I CameraLightSensor_Service: capture session start
04-24 04:25:01.108 19292 22735 I CameraLightSensor_Service: mBackgroundHandler: Handler (android.os.Handler) {6b07a2}
04-24 04:25:01.108 19292 22735 I CameraLightSensor_Service: capture session finish
04-24 04:25:01.108 19292 22735 I CameraLightSensor_Service: capture session finish - spot metering
04-24 04:25:01.108  5271 22741 I ExynosCameraMCPipe: [CAM(1)][PIPE_ISP]-(m_preCreate[1446]):m_preCreate() is succeed, Pipe(11), prepare(0)
04-24 04:25:01.108  5271 22741 I ExynosCameraMCPipe: [CAM(1)][PIPE_ISP]-(m_postCreate[1471]):m_postCreate() is succeed, Pipe(11)
04-24 04:25:01.108  5271 22741 I ExynosCameraMCPipe: [CAM(1)][PIPE_MCSC]-(m_preCreate[1446]):m_preCreate() is succeed, Pipe(26), prepare(0)
04-24 04:25:01.108  5271 22741 I ExynosCameraMCPipe: [CAM(1)][PIPE_MCSC]-(m_postCreate[1471]):m_postCreate() is succeed, Pipe(26)
04-24 04:25:01.108 19292 22735 I CameraLightSensor_Service: open preview start
04-24 04:25:01.111  5271 22741 I ExynosCameraPipeVRA: [CAM(1)][PIPE_VRA]-(create[79]):create() is succeed (33) prepare (0)
04-24 04:25:01.111  5271 22741 I ExynosCameraSWPipe: [CAM(1)][PIPE_GSC]-(create[35]):create() is succeed (41)
04-24 04:25:01.111  5271 22741 I ExynosCameraSWPipe: [CAM(1)][PIPE_GSC_VIDEO]-(create[35]):create() is succeed (42)
04-24 04:25:01.112  5271 22741 I ExynosCameraSWPipe: [CAM(1)][PIPE_GSC_PICTURE]-(create[35]):create() is succeed (43)
04-24 04:25:01.112  5271 22741 I ExynosCameraSWPipe: [CAM(1)][PIPE_JPEG]-(create[35]):create() is succeed (44)
04-24 04:25:01.112  5271 22741 I ExynosCameraPipePPSec: [CAM(1)][PIPE_PP_UNI0]-(create[62]):create() is succeed (54)
04-24 04:25:01.112  5271 22741 I ExynosCameraPipePPSec: [CAM(1)][PIPE_PP_UNI1]-(create[62]):create() is succeed (55)
04-24 04:25:01.112  5271 22741 I ExynosCameraPipePPSec: [CAM(1)][PIPE_PP_UNI2]-(create[62]):create() is succeed (56)
04-24 04:25:01.112  5271 22741 I ExynosCameraPipePPSec: [CAM(1)][PIPE_PP_SINGLE0]-(create[62]):create() is succeed (57)
04-24 04:25:01.118  5438  8033 D Camera3-Device: setStreamingRequestList: Enter: calling submitRequestsHelper: repeating = true
04-24 04:25:01.118  5438  8033 D Camera3-Device: submitRequestsHelper: mInterfaceLock.lock()
04-24 04:25:01.118  5438  8033 I Camera3-Device: Submit request type: 0x1, repeating(true), burst(false)
04-24 04:25:01.118  5438  8033 D Camera3-Device: setRepeatingRequests: lastFrameNumber 0.
04-24 04:25:01.118  5438  8033 I Camera3-Status: markComponent: Component 1 is now active - RequestThread
04-24 04:25:01.119  5438 22738 I CameraService: startCameraStreamingOps: Start camera streaming ops, package name = com.samsung.adaptivebrightnessgo, client UID = 5021
04-24 04:25:01.119  5438 22738 I CameraService: this package is a adaptive brightness app.
04-24 04:25:01.119  5438 22739 D Camera3-Device: CameraPerf: PrepareHALRequests E
04-24 04:25:01.119  5438  8033 D Camera3-Device: submitRequestsHelper: mInterfaceLock.unlock()
04-24 04:25:01.120 19292 22735 I CameraLightSensor_Service: mBackgroundHandler: Handler (android.os.Handler) {6b07a2}
04-24 04:25:01.121  5438 22738 I CameraService: Drop checking dpm for package com.samsung.adaptivebrightnessgo(pid 19292) from startCameraStreamingOps()
04-24 04:25:01.121  5438 22738 I CameraServiceProxyWrapper: updateProxyDeviceState: notifyCameraState for Camera ID 3, newState 1, facing 1, clientName com.samsung.adaptivebrightnessgo, apiLevel 2
04-24 04:25:01.122  5635  5852 I CameraManagerGlobal: Camera 3 facing CAMERA_FACING_FRONT state now CAMERA_STATE_ACTIVE for client com.samsung.adaptivebrightnessgo API Level 2
04-24 04:25:01.122 12515 19382 I CameraManagerGlobal: Camera 3 facing CAMERA_FACING_FRONT state now CAMERA_STATE_ACTIVE for client com.samsung.adaptivebrightnessgo API Level 2
04-24 04:25:01.122  6691  9275 I CameraManagerGlobal: Camera 3 facing CAMERA_FACING_FRONT state now CAMERA_STATE_ACTIVE for client com.samsung.adaptivebrightnessgo API Level 2
04-24 04:25:01.123  8394 12815 I CameraManagerGlobal: Camera 3 facing CAMERA_FACING_FRONT state now CAMERA_STATE_ACTIVE for client com.samsung.adaptivebrightnessgo API Level 2
04-24 04:25:01.123  8394 12815 I CameraManagerGlobal: onCameraDeviceStateChangedLocked: post device state update
04-24 04:25:01.123  8394 12815 I CameraManagerGlobal: onCameraDeviceStateChangedLocked: post device state update
04-24 04:25:01.123 14989 15009 I CameraManagerGlobal: Camera 3 facing CAMERA_FACING_FRONT state now CAMERA_STATE_ACTIVE for client com.samsung.adaptivebrightnessgo API Level 2
04-24 04:25:01.123 19292 26522 I CameraManagerGlobal: Camera 3 facing CAMERA_FACING_FRONT state now CAMERA_STATE_ACTIVE for client com.samsung.adaptivebrightnessgo API Level 2
04-24 04:25:01.124  5635  7304 D AutoRotationHandler: inject auto rotation priority = 1.0
04-24 04:25:01.125  6374  8147 I CameraManagerGlobal: Camera 3 facing CAMERA_FACING_FRONT state now CAMERA_STATE_ACTIVE for client com.samsung.adaptivebrightnessgo API Level 2
04-24 04:25:01.126  6374  7457 D CameraAvailabilityListener: onCameraDeviceStateChanged: id=3, facing=1, state=CAMERA_STATE_ACTIVE, client=com.samsung.adaptivebrightnessgo
04-24 04:25:01.128  5262  5262 I SensorsHub: DeviceOrientation::injectSensorData: mode 1
04-24 04:25:01.132  5438 22739 I Camera3-Status: markComponent: Component 2 is now active - streamId = 0, format = 0x22(IMPL_DEF), width = 176, height = 144, option = 0x0, type = OUTPUT
04-24 04:25:01.132  5438 22739 I Camera3-Status: markComponent: Component 0 is now active - InflightRequests
04-24 04:25:01.133  5438 22739 D Camera3-Device: CameraPerf: PrepareHALRequests X (13ms)
04-24 04:25:01.133  5438 22739 D Camera3-Device: CameraPerf: sendRequestsBatch E
04-24 04:25:01.139  5271  1215 I SehCamDevSession@5.0-impl: [CAMKPI] camera3->process_capture_request : E
04-24 04:25:01.139  5271  1215 I ExynosCameraMetadataConverter: [CAM(1)][]-(translateColorControlData[1835]):ANDROID_COLOR_CORRECTION_MODE(1)
04-24 04:25:01.139  5271  1215 I ExynosCameraMetadataConverter: [CAM(1)][]-(translateColorControlData[1871]):ANDROID_COLOR_CORRECTION_ABERRATION_MODE(0)
04-24 04:25:01.139  5271  1215 I ExynosCameraMetadataConverterVendor: [CAM(1)][]-(translatePreVendorControlControlData[2234]):SAMSUNG_ANDROID_CONTROL_SHOOTING_MODE(30)
04-24 04:25:01.139  5271  1215 I ExynosCameraMetadataConverterVendor: [CAM(1)][]-(translatePreVendorControlControlData[2235]):CONFIGURATION_ALWAYS_FD_ON_MODE(0)
04-24 04:25:01.140  5271  1215 I ExynosCameraMetadataConverterVendor: [CAM(1)][]-(translatePreVendorControlControlData[2303]):SAMSUNG_ANDROID_CONTROL_BEAUTY_FACE_RETOUCH_LEVEL(0)
04-24 04:25:01.140  5271  1215 I ExynosCameraMetadataConverterVendor: [CAM(1)][]-(translatePreVendorControlControlData[2323]):SAMSUNG_ANDROID_CONTROL_BEAUTY_FACE_SKIN_COLOR_LEVEL(0)
04-24 04:25:01.140  5271  1215 I ExynosCameraMetadataConverterVendor: [CAM(1)][]-(translateControlControlData[1449]):ANDROID_COLOR_AE_ANTIBANDING_MODE(3), m_defaultAntibanding(100)
04-24 04:25:01.140  5271 22741 I ExynosCameraSec: DEBUG:duration time(   93 msec):(m_fastenPreviewFactoryThreadFunc)
04-24 04:25:01.140  5271  1215 I ExynosCameraMetadataConverterVendor: [CAM(1)][]-(translateControlControlData[1466]):ANDROID_CONTROL_AE_EXPOSURE_COMPENSATION(0)
04-24 04:25:01.140  5271  1215 I ExynosCameraMetadataConverterVendor: [CAM(1)][]-(translateControlControlData[1541]):ANDROID_CONTROL_AE_MODE(1)
04-24 04:25:01.140  5271  1215 I ExynosCameraMetadataConverterVendor: [CAM(1)][]-(translateControlControlData[1557]):ANDROID_CONTROL_AE_LOCK(0)
04-24 04:25:01.140  5271  1215 I ExynosCameraMetadataConverterVendor: [CAM(1)][]-(translateControlControlData[1722]):ANDROID_CONTROL_AE_TARGET_FPS_RANGE(8-30)
04-24 04:25:01.140  5271  1215 I ExynosCameraMetadataConverterVendor: [CAM(1)][]-(translateControlControlData[1739]):ANDROID_CONTROL_AE_PRECAPTURE_TRIGGER(0)
04-24 04:25:01.140  5271  1215 I ExynosCameraMetadataConverterVendor: [CAM(1)][]-(translateControlControlData[1865]):ANDROID_CONTROL_AF_MODE(0)
04-24 04:25:01.140  5271  1215 I ExynosCameraMetadataConverterVendor: [CAM(1)][]-(translateControlControlData[1882]):ANDROID_CONTROL_AF_TRIGGER(0)
04-24 04:25:01.140  5271  1215 I ExynosCameraMetadataConverterVendor: [CAM(1)][]-(translateControlControlData[1903]):ANDROID_CONTROL_AWB_LOCK(0)
04-24 04:25:01.140  5271  1215 I ExynosCameraMetadataConverterVendor: [CAM(1)][]-(translateControlControlData[1919]):ANDROID_CONTROL_AWB_MODE(1)
04-24 04:25:01.140  5271  1215 I ExynosCameraMetadataConverterVendor: [CAM(1)][]-(translateControlControlData[1935]):ANDROID_CONTROL_EFFECT_MODE(0)
04-24 04:25:01.140  5271  1215 I ExynosCameraMetadataConverterVendor: [CAM(1)][]-(translateControlControlData[1951]):ANDROID_CONTROL_MODE(1)
04-24 04:25:01.140  5271  1215 I ExynosCameraMetadataConverterVendor: [CAM(1)][]-(translateControlControlData[1984]):ANDROID_CONTROL_SCENE_MODE(0)
04-24 04:25:01.140  5271  1215 I ExynosCameraMetadataConverterVendor: [CAM(1)][]-(translateControlControlData[2001]):ANDROID_CONTROL_VIDEO_STABILIZATION_MODE(0)
04-24 04:25:01.140  5271  1215 I ExynosCameraMetadataConverterVendor: [CAM(1)][]-(translateControlControlData[2066]):ANDROID_CONTROL_CAPTURE_INTENT(1)
04-24 04:25:01.140  5271  1215 I ExynosCameraMetadataConverterVendor: [CAM(1)][]-(translateVendorControlControlData[2413]):SAMSUNG_ANDROID_CONTROL_METERING_MODE(5, aeMode = 107)
04-24 04:25:01.140  5271  1215 I ExynosCameraMetadataConverterVendor: [CAM(1)][]-(translateVendorControlControlData[2434]):SAMSUNG_ANDROID_CONTROL_PAF_MODE(1)
04-24 04:25:01.140  5271  1215 I ExynosCameraMetadataConverterVendor: [CAM(1)][]-(translateVendorControlControlData[2494]):SAMSUNG_ANDROID_CONTROL_LIVE_HDR_MODE(0)
04-24 04:25:01.141  5271  1215 I ExynosCameraMetadataConverterVendor: [CAM(1)][]-(translateVendorControlControlData[2553]):SAMSUNG_ANDROID_CONTROL_LIGHT_CONDITION_ENABLE_MODE(1)
04-24 04:25:01.141  5271  1215 I ExynosCameraMetadataConverterVendor: [CAM(1)][]-(translateVendorControlControlData[2575]):ANDROID_CONTROL_AWB_MODE(1)
04-24 04:25:01.141  5271  1215 I ExynosCameraMetadataConverterVendor: [CAM(1)][]-(translateVendorControlControlData[2598]):SAMSUNG_ANDROID_CONTROL_COLOR_TEMPERATURE(0)
04-24 04:25:01.141  5271  1215 I ExynosCameraMetadataConverterVendor: [CAM(1)][]-(translateVendorControlControlData[2621]):SAMSUNG_ANDROID_CONTROL_WBLEVEL(0)
04-24 04:25:01.141  5271  1215 I ExynosCameraMetadataConverterVendor: [CAM(1)][]-(translateVendorControlControlData[2707]):SAMSUNG_ANDROID_CONTROL_TRANSIENTACTION(0)
04-24 04:25:01.141  5271  1215 I ExynosCameraMetadataConverterVendor: [CAM(1)][]-(translateVendorControlControlData[2784]):SAMSUNG_ANDROID_CONTROL_BOKEH_BLUR_STRENGTH(0)
04-24 04:25:01.141  5271  1215 I ExynosCameraMetadataConverterVendor: [CAM(1)][]-(translateVendorControlControlData[2803]):SAMSUNG_ANDROID_CONTROL_BOKEH_SPECIAL_EFFECT_INFO(0, 0)
04-24 04:25:01.141  5271  1215 I ExynosCameraMetadataConverterVendor: [CAM(1)][]-(translateVendorControlControlData[2823]):SAMSUNG_ANDROID_CONTROL_ZOOM_IN_OUT_PHOTO(0)
04-24 04:25:01.141  5271  1215 I ExynosCameraMetadataConverterVendor: [CAM(1)][]-(translateVendorControlControlData[2862]):SAMSUNG_ANDROID_CONTROL_REPEATING_REQUEST_HINT(0)
04-24 04:25:01.141  5271  1215 I ExynosCameraMetadataConverterVendor: [CAM(1)][]-(translateVendorControlControlData[2913]):SAMSUNG_ANDROID_CONTROL_DYNAMIC_SHOT_DEVICE_INFO(0)
04-24 04:25:01.141  5271  1215 I ExynosCameraMetadataConverterVendor: [CAM(1)][]-(translateVendorControlControlData[3025]):SAMSUNG_ANDROID_CONTROL_LENS_DISTORTION_CORRECTION_MODE(0)
04-24 04:25:01.141  5271  1215 I ExynosCameraMetadataConverterVendor: [CAM(1)][]-(translateVendorControlControlData[3042]):SAMSUNG_ANDROID_CONTROL_SSRM_HINT(0)
04-24 04:25:01.141  5271  1215 I ExynosCameraMetadataConverterVendor: [CAM(1)][]-(translateVendorControlControlData[3075]):SAMSUNG_ANDROID_CONTROL_HYPERLAPSE_TRIGGER(0)
04-24 04:25:01.141  5271  1215 I ExynosCameraMetadataConverter: [CAM(1)][]-(translateDemosaicControlData[1903]):ANDROID_DEMOSAIC_MODE(0)
04-24 04:25:01.141  5271  1215 I ExynosCameraMetadataConverter: [CAM(1)][]-(translateEdgeControlData[1951]):ANDROID_EDGE_MODE(1)
04-24 04:25:01.141  5271  1215 I ExynosCameraMetadataConverter: [CAM(1)][]-(translateFlashControlData[2000]):ANDROID_FLASH_FIRING_POWER(0)
04-24 04:25:01.141  5271  1215 I ExynosCameraMetadataConverter: [CAM(1)][]-(translateFlashControlData[2015]):ANDROID_FLASH_FIRING_TIME(0)
04-24 04:25:01.141  5271  1215 I ExynosCameraMetadataConverter: [CAM(1)][]-(translateFlashControlData[2037]):ANDROID_FLASH_MODE(0)
04-24 04:25:01.141  5271  1215 I ExynosCameraMetadataConverter: [CAM(1)][]-(translateHotPixelControlData[2082]):ANDROID_HOT_PIXEL_MODE(1)
04-24 04:25:01.141  5271  1215 I ExynosCameraMetadataConverter: [CAM(1)][]-(translateJpegControlData[2156]):ANDROID_JPEG_ORIENTATION(0)
04-24 04:25:01.141  5271  1215 I ExynosCameraMetadataConverter: [CAM(1)][]-(translateJpegControlData[2172]):ANDROID_JPEG_QUALITY(96)
04-24 04:25:01.142  5271  1215 I ExynosCameraMetadataConverter: [CAM(1)][]-(translateJpegControlData[2188]):ANDROID_JPEG_THUMBNAIL_QUALITY(100)
04-24 04:25:01.142  5271  1215 I ExynosCameraMetadataConverter: [CAM(1)][]-(translateJpegControlData[2207]):ANDROID_JPEG_THUMBNAIL_SIZE(512, 384)
04-24 04:25:01.142  5271  1215 I ExynosCameraMetadataConverterVendor: [CAM(1)][]-(translateVendorScalerControlData[4228]):SAMSUNG_ANDROID_SCALER_FLIP_MODE(0)
04-24 04:25:01.142  5271  1215 I ExynosCameraMetadataConverter: [CAM(1)][]-(translateLensControlData[2261]):ANDROID_LENS_FILTER_DENSITY(0.000000)
04-24 04:25:01.142  5271  1215 I ExynosCameraMetadataConverter: [CAM(1)][]-(translateLensControlData[2277]):ANDROID_LENS_FOCAL_LENGTH(3.720000)
04-24 04:25:01.143  5271  1215 I ExynosCameraMetadataConverter: [CAM(1)][]-(translateLensControlData[2302]):ANDROID_LENS_FOCUS_DISTANCE(-1.000000)
04-24 04:25:01.143  5271  1215 I ExynosCameraMetadataConverter: [CAM(1)][]-(translateLensControlData[2319]):ANDROID_LENS_OPTICAL_STABILIZATION_MODE(0)
04-24 04:25:01.143  5271  1215 I ExynosCameraMetadataConverterVendor: [CAM(1)][]-(translateVendorLensControlData[3360]):SAMSUNG_ANDROID_LENS_FOCUS_LENS_POS(0)
04-24 04:25:01.143  5271  1215 I ExynosCameraMetadataConverterVendor: [CAM(1)][]-(translateVendorLensControlData[3419]):ANDROID_LENS_APERTURE(220)
04-24 04:25:01.143  5271  1215 I ExynosCameraMetadataConverter: [CAM(1)][]-(translateNoiseControlData[2379]):ANDROID_NOISE_REDUCTION_MODE(1)
04-24 04:25:01.143  5271  1215 I ExynosCameraMetadataConverter: [CAM(1)][]-(translateRequestControlData[2425]):ANDROID_REQUEST_ID(0)
04-24 04:25:01.143  5271  1215 I ExynosCameraMetadataConverter: [CAM(1)][]-(translateRequestControlData[2444]):ANDROID_REQUEST_METADATA_MODE(1)
04-24 04:25:01.143  5271  1215 I ExynosCameraMetadataConverter: [CAM(1)][]-(translateSensorControlData[2762]):ANDROID_SENSOR_TEST_PATTERN_MODE(0)
04-24 04:25:01.143  5271  1215 I ExynosCameraMetadataConverter: [CAM(1)][]-(translateShadingControlData[2824]):ANDROID_SHADING_MODE(1)
04-24 04:25:01.143  5271  1215 I ExynosCameraMetadataConverter: [CAM(1)][]-(translateStatisticsControlData[2894]):ANDROID_STATISTICS_FACE_DETECT_MODE(0)
04-24 04:25:01.143  5271  1215 I ExynosCameraMetadataConverter: [CAM(1)][]-(translateStatisticsControlData[2910]):ANDROID_STATISTICS_HISTOGRAM_MODE(0)
04-24 04:25:01.143  5271  1215 I ExynosCameraMetadataConverter: [CAM(1)][]-(translateStatisticsControlData[2926]):ANDROID_STATISTICS_SHARPNESS_MAP_MODE(0)
04-24 04:25:01.143  5271  1215 I ExynosCameraMetadataConverter: [CAM(1)][]-(translateStatisticsControlData[2942]):ANDROID_STATISTICS_HOT_PIXEL_MAP_MODE(0)
04-24 04:25:01.143  5271  1215 I ExynosCameraMetadataConverter: [CAM(1)][]-(translateStatisticsControlData[2958]):ANDROID_STATISTICS_LENS_SHADING_MAP_MODE(0)
04-24 04:25:01.143  5271  1215 I ExynosCameraMetadataConverter: [CAM(1)][]-(translateTonemapControlData[2990]):ANDROID_TONEMAP_MODE(1)
04-24 04:25:01.143  5271  1215 I ExynosCameraMetadataConverter: [CAM(1)][]-(translateBlackLevelControlData[3189]):ANDROID_BLACK_LEVEL_LOCK(0)
04-24 04:25:01.145  5271  1215 I ExynosCameraSec: [CAM(1)][Front_0]-(processCaptureRequest[4078]):first frame: [R0] Start FrameFactory. state 3
04-24 04:25:01.145  5271  1215 I ExynosCameraSec: [CAM(1)][Front_0]-(m_waitReadRomThreadEnd[31186]):
04-24 04:25:01.145  5271  1215 I SecCameraUtil: INFO(isEEprom[225]): SAMSUNG_EEPROM_FRONT is not defined
04-24 04:25:01.145  5271  1215 I ExynosCameraSec: [CAM(1)][Front_0]-(m_waitReadRomThreadEnd[31198]):m_readRomThread waiting time : duration time(    0 msec)
04-24 04:25:01.145  5271  1215 I ExynosCameraSec: [CAM(1)][Front_0]-(m_waitReadRomThreadEnd[31200]):m_readRomThread join
04-24 04:25:01.146  5271  1215 I ExynosCameraBufferSupplier: [CAM(1)][BufferSupplier]-(createBufferManager[181]):[SKIP_BUF]Created. P 6,-1,-1,-1,-1, T 1
04-24 04:25:01.146  5271  1215 I ExynosCameraBufferManager: [CAM(1)][SKIP_BUF]-(m_defaultAlloc[934]):duration time (    0 msec) alloc count=7, total count=7, type=0, size=4096, batchSize=1, reserved count=0, non-cache => 0 0 0 0 0 0 0
04-24 04:25:01.146  5271  1215 I ExynosCameraBufferManager: DEBUG:duration time(    0 msec):(alloc)
04-24 04:25:01.146  5271  1215 I ExynosCameraFrameFactoryPreview: [CAM(1)][Front_0]-(fastenAeStable[115]): Start
04-24 04:25:01.147  5271  1215 I ExynosCameraFrameFactoryPreview: [CAM(1)][Front_0]-(fastenAeStable[180]):numFrames = 7 hwSensorW = 1632 hwSensorH = 1224 sensorFrameRate = 120
04-24 04:25:01.147  5271  1215 I ExynosCameraFrameFactoryPreview: [CAM(1)][Front_0]-(m_initPipesFastenAeStable[2096]):Set framerate (denominator=120)
04-24 04:25:01.147  5271  1215 W ExynosCameraNode: [CAM(1)][FLITE]-(setFormat[750]):name(FLITE) fd 15, bytesperline(0) < width(32), height(64)
04-24 04:25:01.147  5271  1215 W ExynosCameraNode: [CAM(1)][3AA_CAPTURE]-(setFormat[750]):name(3AA_CAPTURE) fd 82, bytesperline(0) < width(1632), height(1224)
04-24 04:25:01.148  5271  1215 W ExynosCameraNode: [CAM(1)][3AA_PREVIEW]-(setFormat[750]):name(3AA_PREVIEW) fd 83, bytesperline(0) < width(1632), height(1224)
04-24 04:25:01.148  5271  1215 I ExynosCameraMCPipe: [CAM(1)][PIPE_3AA]-(setupPipe[241]):setupPipe() is succeed, Pipe(6), prepare(4)
04-24 04:25:01.148  5271  1215 W ExynosCameraNode: [CAM(1)][ISP_OUTPUT]-(setFormat[750]):name(ISP_OUTPUT) fd 85, bytesperline(0) < width(1632), height(1224)
04-24 04:25:01.148  5271  1215 W ExynosCameraNode: [CAM(1)][ISP_CAPTURE]-(setFormat[750]):name(ISP_CAPTURE) fd 86, bytesperline(0) < width(1632), height(1224)
04-24 04:25:01.148  5271  1215 W ExynosCameraNode: [CAM(1)][MCSC_PREVIEW]-(setFormat[750]):name(MCSC_PREVIEW) fd 88, bytesperline(0) < width(1632), height(1224)
04-24 04:25:01.148  5271  1215 W ExynosCameraNode: [CAM(1)][MCSC_PREVIEW_CALLBACK]-(setFormat[750]):name(MCSC_PREVIEW_CALLBACK) fd 89, bytesperline(0) < width(1632), height(1224)
04-24 04:25:01.148  5271  1215 W ExynosCameraNode: [CAM(1)][MCSC_RECORDING]-(setFormat[750]):name(MCSC_RECORDING) fd 90, bytesperline(0) < width(1632), height(1224)
04-24 04:25:01.148  5271  1215 W ExynosCameraNode: [CAM(1)][MCSC_DS]-(setFormat[750]):name(MCSC_DS) fd 91, bytesperline(0) < width(640), height(480)
04-24 04:25:01.148  5271  1215 I ExynosCameraMCPipe: [CAM(1)][PIPE_ISP]-(setupPipe[241]):setupPipe() is succeed, Pipe(11), prepare(0)
04-24 04:25:01.173  5271  1215 W ExynosCameraNode: [CAM(1)][PIPE_VRA]-(setFormat[750]):name(PIPE_VRA) fd 94, bytesperline(0) < width(640), height(480)
04-24 04:25:01.173  5271  1215 I ExynosCameraPipe: [CAM(1)][PIPE_VRA]-(setupPipe[165]):setupPipe() is succeed (33) prepare (0)
04-24 04:25:01.173  5271  1215 I ExynosCameraUtils: INFO(setMetaCtlAeTargetFpsRange):aeTargetFpsRange(min=120, min=120)
04-24 04:25:01.174  5271  1215 I ExynosCameraUtils: INFO(setMetaCtlAeTargetFpsRange):aeTargetFpsRange(min=120, min=120)
04-24 04:25:01.174  5271  1215 I ExynosCameraUtils: INFO(setMetaCtlAeTargetFpsRange):aeTargetFpsRange(min=120, min=120)
04-24 04:25:01.174  5271  1215 I ExynosCameraUtils: INFO(setMetaCtlAeTargetFpsRange):aeTargetFpsRange(min=120, min=120)
04-24 04:25:01.174  5271  1215 I ExynosCameraUtils: INFO(setMetaCtlAeTargetFpsRange):aeTargetFpsRange(min=120, min=120)
04-24 04:25:01.174  5271  1215 I ExynosCameraUtils: INFO(setMetaCtlAeTargetFpsRange):aeTargetFpsRange(min=120, min=120)
04-24 04:25:01.174  5271  1215 I ExynosCameraUtils: INFO(setMetaCtlAeTargetFpsRange):aeTargetFpsRange(min=120, min=120)
04-24 04:25:01.175  5271  1215 I ExynosCameraMCPipe: [CAM(1)][PIPE_ISP]-(start[296]):start() is succeed, Pipe(11)
04-24 04:25:01.180  5635  6215 I ChimeraAggressivePolicyHandler: executePolicy() - triggerSource: TRIGGER_SOURCE_LMKD
04-24 04:25:01.181  5635  6215 I ChimeraAggressivePolicyHandler: memAvailable: 857452, memFreeTarget: 870400, releaseTarget:12948, protectedLruCount: 10
04-24 04:25:01.183  5271  1215 I ExynosCameraMCPipe: [CAM(1)][PIPE_3AA]-(instantOn[842]):instantOn() is succeed, Pipe(6), Frames(7)
04-24 04:25:01.183  5271  1215 I ExynosCameraFrameFactoryPreview: [CAM(1)][Front_0]-(fastenAeStable[377]): Start S_STREAM
04-24 04:25:01.186  5635  6215 I NSLocationMonitor: getGPSUsingApps() called
04-24 04:25:01.201  7192  7356 I NSLocationManager_FLP: getGPSUsingApps, NO_FREEZE={5013} / FREEZE={10234}
04-24 04:25:01.206  5635  6215 I ChimeraAggressivePolicyHandler: Start doKill, protected policy: HEAVY
04-24 04:25:01.209  5635  6215 I ChimeraAggressivePolicyHandler: Killed on trigger0 : com.sec.android.daemonapp[20217], freed: 24782, 10180[20217]:G2(0x20000) score=32.3(33 10/10 24782), pids: 20217 / stats: 19 / adjs: 999
04-24 04:25:01.213  5635  6215 I ChimeraAggressivePolicyHandler: Killed on trigger0 : com.google.android.permissioncontroller[20916], freed: 7143, 10086[20916]:G2(0x20000) score=24.7(30 10/10 7143), pids: 20916 / stats: 19 / adjs: 999
04-24 04:25:01.216  5635  6215 I ChimeraAggressivePolicyHandler: Killed on trigger0 : org.telegram.messenger[21440], freed: 48384, 10268[21440]:G3(0x800) score=37.4(28 10/10 48384), pids: 21440 / stats: 19 / adjs: 850
04-24 04:25:01.219  5635  6215 I ChimeraAggressivePolicyHandler: kill complete: killed 3 apps, freed 80309 KB
04-24 04:25:01.219  5635  6215 I ChimeraAggressivePolicyHandler: Skipped reason: LR, pids: 21331
04-24 04:25:01.219  5635  6215 I ChimeraAggressivePolicyHandler: Skipped reason: CA, pids: 13505 21636 22345 21902 21135 22167 20444 21602 22626 22053 12392 21675 21740 22061 21742 28208 2228 22207
04-24 04:25:01.219  5635  6215 I ChimeraAggressivePolicyHandler: Skipped reason: PE, pids: 6721 5635 20804 21125 21126 8394 6730 8333 10384 6673 6355 7192 15320 6298 6748 21600 28898 6691 6374 14573 8366 2483 6708 8314 7231
04-24 04:25:01.219  5635  6215 I ChimeraAggressivePolicyHandler: Skipped reason: IN, pids: 12515 16324 12647 15559 14989 14067 628 12986
04-24 04:25:01.219  5635  6215 I ChimeraAggressivePolicyHandler: Skipped reason: SE, pids: 21545
04-24 04:25:01.219  5635  6215 I ChimeraAggressivePolicyHandler: Skipped reason: AD, pids: 1026 7171 26980 9030 8552 8329 24011 28437 15319 8535 19292
04-24 04:25:01.219  5635  6215 I ChimeraAggressivePolicyHandler: Processing time(ms) 39
04-24 04:25:01.222  5635  5712 I libprocessgroup: Successfully killed process cgroup uid 10180 pid 20217 in 0ms
04-24 04:25:01.250  5241  5241 I Zygote  : Process 20217 exited due to signal 9 (Killed)
04-24 04:25:01.253  5635  5712 I libprocessgroup: Successfully killed process cgroup uid 10086 pid 20916 in 0ms
04-24 04:25:01.259  5241  5241 I Zygote  : Process 20916 exited due to signal 9 (Killed)
04-24 04:25:01.261  5635  5712 I libprocessgroup: Successfully killed process cgroup uid 10268 pid 21440 in 0ms
04-24 04:25:01.297  9030  9095 I .breakfree.deux: Background young concurrent copying GC freed 47492(1730KB) AllocSpace objects, 20(4344KB) LOS objects, 56% free, 4531KB/10MB, paused 5.682ms,144us total 63.778ms
04-24 04:25:01.301  5635  6264 D NetdEventListenerService: DNS Requested by : 100, 10226
04-24 04:25:01.301 21600 21710 D TrafficStats: tagSocket(223) with statsTag=0x30000702, statsUid=10226
04-24 04:25:01.302  9030  9097 W System  : A resource failed to call CursorWindow.close.
04-24 04:25:01.302  9030  9097 W System  : A resource failed to call AbstractCursor.close.
04-24 04:25:01.302  9030  9097 W System  : A resource failed to call CursorWindow.close.
04-24 04:25:01.302  9030  9097 W System  : A resource failed to call AbstractCursor.close.
04-24 04:25:01.303  9030  9097 W System  : A resource failed to call CursorWindow.close.
04-24 04:25:01.303  9030  9097 W System  : A resource failed to call AbstractCursor.close.
04-24 04:25:01.303  9030  9097 W System  : A resource failed to call CursorWindow.close.
04-24 04:25:01.303  9030  9097 W System  : A resource failed to call AbstractCursor.close.
04-24 04:25:01.303  9030  9097 W System  : A resource failed to call CursorWindow.close.
04-24 04:25:01.303  9030  9097 W System  : A resource failed to call AbstractCursor.close.
04-24 04:25:01.303  9030  9097 W System  : A resource failed to call CursorWindow.close.
04-24 04:25:01.303  9030  9097 W System  : A resource failed to call AbstractCursor.close.
04-24 04:25:01.303  9030  9097 W System  : A resource failed to call CursorWindow.close.
04-24 04:25:01.304  9030  9097 W System  : A resource failed to call AbstractCursor.close.
04-24 04:25:01.310  5635  7472 D ConnectivityService: ConnectivityService NetworkRequestInfo binderDied(uid/pid:10268/21440, [NetworkRequest [ REQUEST id=8748, [ Capabilities: INTERNET&NOT_RESTRICTED&TRUSTED&NOT_VCN_MANAGED Uid: 10268 RequestorUid: 10268 RequestorPkg: org.telegram.messenger UnderlyingNetworks: Null] ]], android.os.BinderProxy@e399a0e)
04-24 04:25:01.310  5635  6162 D ConnectivityService: releasing NetworkRequest [ REQUEST id=8748, [ Capabilities: INTERNET&NOT_RESTRICTED&TRUSTED&NOT_VCN_MANAGED Uid: 10268 RequestorUid: 10268 RequestorPkg: org.telegram.messenger UnderlyingNetworks: Null] ] (release request)
04-24 04:25:01.311  5241  5241 I Zygote  : Process 21440 exited due to signal 9 (Killed)
04-24 04:25:01.311  5635  6162 D ConnectivityService:  Removing from current network [100 CELLULAR], leaving 137 requests.
04-24 04:25:01.333 21600 21710 W Conscrypt: Could not set socket write timeout: java.net.SocketException: Socket closed
04-24 04:25:01.338 21600 21710 W Conscrypt: 	at com.google.android.gms.org.conscrypt.Platform.setSocketWriteTimeout(:com.google.android.gms@231312044@23.13.12 (190400-519946965):2)
04-24 04:25:01.338 21600 21710 W Conscrypt: 	at com.google.android.gms.org.conscrypt.ConscryptFileDescriptorSocket.setSoWriteTimeout(:com.google.android.gms@231312044@23.13.12 (190400-519946965):0)
04-24 04:25:01.405 21600 21710 W Conscrypt: Could not set socket write timeout: java.net.SocketException: Socket closed
04-24 04:25:01.406 21600 21710 W Conscrypt: 	at com.google.android.gms.org.conscrypt.Platform.setSocketWriteTimeout(:com.google.android.gms@231312044@23.13.12 (190400-519946965):2)
04-24 04:25:01.406 21600 21710 W Conscrypt: 	at com.google.android.gms.org.conscrypt.ConscryptFileDescriptorSocket.setSoWriteTimeout(:com.google.android.gms@231312044@23.13.12 (190400-519946965):0)
04-24 04:25:01.433  5271  1215 I ExynosCameraFrameFactoryPreview: [CAM(1)][Front_0]-(fastenAeStable[386]): End S_STREAM
04-24 04:25:01.433  5271  1215 I ExynosCameraMCPipe: [CAM(1)][PIPE_3AA]-(forceDone[579]):forceDone() is succeed, Pipe(6)
04-24 04:25:01.434  5271  1215 I ExynosCameraMCPipe: [CAM(1)][PIPE_3AA]-(instantOff[876]):instantOff() is succeed, Pipe(6)
04-24 04:25:01.434  5271  1215 I ExynosCameraMCPipe: [CAM(1)][PIPE_ISP]-(stop[351]):stop() is succeed, Pipe(11)
04-24 04:25:01.435  5271  1215 I ExynosCameraFrameFactoryPreview: [CAM(1)][Front_0]-(fastenAeStable[442]):set framerate (denominator=30)
04-24 04:25:01.435  5271  1215 I ExynosCameraFrameFactoryPreview: [CAM(1)][Front_0]-(fastenAeStable[470]):Done
04-24 04:25:01.437  5271  1215 I ExynosCameraBufferManager: DEBUG:duration time(    1 msec):(m_free)
04-24 04:25:01.438  5271  1215 I SehCamDevSession@5.0-impl: [CAMKPI] camera3->process_capture_request : X
04-24 04:25:01.438  5271 22781 I ExynosCameraSec: [CAM(1)][Front_0]-(m_sensorListenerThreadFunc[30665]):
04-24 04:25:01.439  5438 22739 W HidlCamera3-Device: processBatchCaptureRequests: sehProcessCaptureRequest_5_0 return time exceeds 100000us (304239)us
04-24 04:25:01.439  5438 22739 D Camera3-Device: CameraPerf: sendRequestsBatch X (306ms)
04-24 04:25:01.440  5271 22780 I ExynosCameraSec: [CAM(1)][Front_0]-(m_frameFactoryStartThreadFunc[579]):
04-24 04:25:01.440  5271 22780 I ExynosCameraSec: [CAM(1)][Front_0]-(m_frameFactoryStartThreadFunc[703]):opening hint(1)
04-24 04:25:01.441  5271 22780 I ExynosCameraParameters: [CAM(1)][Front_0]-(m_getSetfileYuvRange_Mass[2628]):wdr_mode (1)
04-24 04:25:01.441  5271 22780 I ExynosCameraParameters: [CAM(1)][Front_0]-(m_getSetfileYuvRange_Mass[2628]):wdr_mode (1)
04-24 04:25:01.441  5271 22780 I ExynosCameraSec: [CAM(1)][Front_0]-(m_setSetfile_Mass[1636]):configMode(0), PIPMode(0)
04-24 04:25:01.441  5271 22780 I ExynosCameraFrameFactoryPreview: [CAM(1)][Front_0]-(initPipes[478]):
04-24 04:25:01.441  5271 22781 I SensorListener: enableSensor : numSensors=36/36, sen_list = 0xf2769500/0xf2769500
04-24 04:25:01.441  5271 22780 I ExynosCameraFrameFactoryPreviewSec: [CAM(1)][Front_0]-(m_setupConfig[256]):
04-24 04:25:01.441  5271 22780 I ExynosCameraFrameFactoryPreview: [CAM(1)][Front_0]-(m_setDeviceInfo[731]):
04-24 04:25:01.442  5271 22780 I ExynosCameraFrameFactoryPreview: [CAM(1)][Front_0]-(m_initPipes[1060]):
04-24 04:25:01.442  5271 22780 I ExynosCameraFrameFactoryPreview: [CAM(1)][Front_0]-(m_initPipes[1139]):MaxSensorSize 2640x1980 bayerFormat BG12
04-24 04:25:01.442  5271 22780 I ExynosCameraFrameFactoryPreview: [CAM(1)][Front_0]-(m_initPipes[1141]):BnsSize 2640x1488 BcropSize 2640x1488 BdsSize 264x148
04-24 04:25:01.442  5271 22780 I ExynosCameraFrameFactoryPreview: [CAM(1)][Front_0]-(m_initPipes[1143]):DS Size 640x480 Format NV16 Buffer count 10
04-24 04:25:01.442  5271 22780 I ExynosCameraFrameFactoryPreview: [CAM(1)][Front_0]-(m_initPipes[1145]):HwPictureSize(3264x2448)
04-24 04:25:01.442  5271 22780 I ExynosCameraFrameFactoryPreview: [CAM(1)][Front_0]-(m_initPipes[1146]):MaxThumbnailSize(512x384)
04-24 04:25:01.443  5271 22780 I ExynosCameraFrameFactoryPreview: [CAM(1)][Front_0]-(m_initPipes[1176]):YUV[0] Size 176x144 Format NM21 PixelSizeNum 0 Buffer count 32
04-24 04:25:01.443  5271 22780 I ExynosCameraFrameFactoryPreview: [CAM(1)][Front_0]-(m_initPipes[1176]):YUV[1] Size 0x0 Format NV21 PixelSizeNum 0 Buffer count 1
04-24 04:25:01.443  5271 22780 I ExynosCameraFrameFactoryPreview: [CAM(1)][Front_0]-(m_initPipes[1176]):YUV[2] Size 0x0 Format NV21 PixelSizeNum 0 Buffer count 1
04-24 04:25:01.443  5271 22780 I ExynosCameraFrameFactoryPreview: [CAM(1)][Front_0]-(m_initPipes[1195]):Set framerate (denominator=30)
