04-27 20:25:32.412  5878  5878 I AODBatteryManager: saveBatteryData : AOD BatteryData [mBatteryLevel=75, mBatteryStatus=CHARGING, mBatteryPlugType=USB, mBatteryPlugged=true, mRemainingChargeTime=2527000, mBatteryChargingType=2, mBatteryChargerType=FAST, mBatteryOnline=NOT_DEFINED, mBatterySwellingMode=NONE, mBatteryProtectMode=false]
04-27 20:25:32.412  5878  5878 I PowerUI : mBootCompleted = true |  mFullyConnected = true
04-27 20:25:32.413  5878  5878 W PowerUI : Plug reason
04-27 20:25:32.413  5878  5878 W PowerUI : Skip charging animation - by plug status
04-27 20:25:32.413  5878  5878 D PowerUI : priorPlugType = 2 mPlugType = 2 priorBatteryStatus = 2 mBatteryStatus = 2
04-27 20:25:32.413  5878  5878 W PowerUI : Plug reason
04-27 20:25:32.413  5878  5878 W PowerUI : Skip charging sound - by plug status
04-27 20:25:32.413  5878  5878 I PowerUI : oldMisalign : false, curMisalign : false
04-27 20:25:32.414  5878  7399 D SecPowerUI.Notification: dismissing low battery warning: level=75
04-27 20:25:32.414  5878  7399 D SecPowerUI.Notification: updateNotification mWarning=false mPlaySound=false
04-27 20:25:32.414  5878  7399 D SecPowerUI.Notification: SecBatteryStatsSnapshot{batteryLevel=75, currentBatteryMode=0, chargingTime=2527000, chargingType=11, batteryHealth=2, automaticTestMode=false, isHiccupState=false}
04-27 20:25:32.414  5878  5878 D SecPowerUI.Notification: showChargingNotice oldChargingType : 11 / currentChargingType : 11, oldChargingTime : 2527000 / mChargingTime : 2527000
04-27 20:25:32.414  5878  5878 D SecPowerUI.Notification: There is no change about charging status, so return!
04-27 20:25:32.415  5878  5878 D PowerUI : Battery swelling mode - priorBatterySwellingMode = 0 mBatterySwellingMode = 0 mBatteryStatus = 2
04-27 20:25:32.415  5878  5878 I PowerUI : mBatteryMiscEvent = 65536
04-27 20:25:32.415  5878  5878 D KeyguardUpdateMonitor: received broadcast android.intent.action.BATTERY_CHANGED
04-27 20:25:32.415  5429  5429 D SemWifiApBroadcastReceiver: Received : android.intent.action.BATTERY_CHANGED
04-27 20:25:32.416  5878  5878 D SamsungBatteryMeterDrawable: onBatteryLevelChanged isSomethingChanged: false
04-27 20:25:32.416  5878  5878 D SamsungBatteryMeterDrawable: onBatteryLevelChanged isSomethingChanged: false
04-27 20:25:32.417  5878  5878 D SamsungBatteryMeterDrawable: onBatteryLevelChanged isSomethingChanged: false
04-27 20:25:32.417  5878  5878 D SamsungBatteryMeterDrawable: onBatteryLevelChanged isSomethingChanged: false
04-27 20:25:32.417  5878  5878 D KeyguardUpdateMonitor: handleBatteryUpdate
04-27 20:25:32.418  5878  7399 D SecPowerUI.Notification: 1. restoreScreenTimeOut - saved_value : :
04-27 20:25:32.418  5878  7399 E SecPowerUI.Notification: no saved value, so we do nothing !!
04-27 20:25:32.434  1865  2171 I AppMetrica-Attribution: Choosing distribution data: ClidsInfo(chosen=Candidate(clids={clid24=2305182, clid1=2207450, clid1010=2295103, clid2023=2395783, clid1003=2207452, clid1004=2207453, clid1002=2207451}, source=APP), candidates=[Candidate(clids={clid24=2305182, clid1=2207450, clid1010=2295103, clid2023=2395783, clid1003=2207452, clid1004=2207453, clid1002=2207451}, source=APP)])
04-27 20:25:32.497  1780  2032 W ex.searchplugin: Long monitor contention with owner pool-13-thread-1 (2153) at java.lang.Object e990.getValue()(SourceFile:27) waiters=0 in java.lang.Object e990.getValue() for 537ms
04-27 20:25:32.519  1376  1384 W .yandex.browser: Suspending all threads took: 68.980ms
04-27 20:25:32.553  1780  1850 I AppMetrica: Activate reporter with APIKey 9c5e85e6-xxxx-xxxx-xxxx-xxxxxxxx0a57
04-27 20:25:32.562  1865  1935 I AppMetrica-Attribution: Choosing distribution data: ClidsInfo(chosen=Candidate(clids={clid24=2305182, clid1=2207450, clid1010=2295103, clid2023=2395783, clid1003=2207452, clid1004=2207453, clid1002=2207451}, source=APP), candidates=[Candidate(clids={clid24=2305182, clid1=2207450, clid1010=2295103, clid2023=2395783, clid1003=2207452, clid1004=2207453, clid1002=2207451}, source=APP)])
04-27 20:25:32.729  2187  2187 I BadgeProvider: onCreate
04-27 20:25:32.732  2187  2187 I BadgeProvider: DatabaseHelper
04-27 20:25:32.761  5429  7411 D SemWifiUsabilityStatsMonitor: onWifiUsabilityStats - seqNum 3983, isSameBssidAndFreq true
04-27 20:25:32.764  5429  5717 I SemWifiLinkQualityMonitor: Link Qos Query: 0.120 ms / 66.514 Mbps (72 / 0.000 / 1.082)
04-27 20:25:32.778  2187  2187 I BadgeCountReceiver: badge intent : Intent { act=android.intent.action.BADGE_COUNT_UPDATE flg=0x1000010 cmp=com.sec.android.provider.badge/.BadgeCountReceiver (has extras) }
04-27 20:25:32.778  2187  2187 I BadgeCountReceiver: packageName: ru.yandex.searchplugin, className: ru.yandex.searchplugin.MainActivity, count: 0
04-27 20:25:32.877  5429  8509 D LocationManagerService: passive provider removed registration from 10222/ru.yandex.searchplugin/6D7CD631
04-27 20:25:32.877  5429  8509 D LocationManagerService: passive provider added registration from 10222/ru.yandex.searchplugin/6D7CD631 -> Request[PASSIVE, minUpdateInterval=+1s0ms, WorkSource{10222 ru.yandex.searchplugin}]
04-27 20:25:32.878  7025  7069 E RequestManager_FLP: [LocationManager] Location remove 6D7CD631 from ru.yandex.searchplugin
04-27 20:25:32.878  7025  7069 W LocationRequestData_FLP: Not registered using location provider, 6D7CD631
04-27 20:25:32.880  1865  1950 D [GplLibraryWrapper]: updateLastKnownLocation
04-27 20:25:32.881  7025  7069 E RequestManager_FLP: [LocationManager] Location request (NOT STARTED) 6D7CD631(Listener) passive (min=1000ms) from ru.yandex.searchplugin (10222_FINE_perceptible_false_background)
04-27 20:25:32.915  1865  1935 I AppMetrica-Attribution: Choosing distribution data: ClidsInfo(chosen=Candidate(clids={clid24=2305182, clid1=2207450, clid1010=2295103, clid2023=2395783, clid1003=2207452, clid1004=2207453, clid1002=2207451}, source=APP), candidates=[Candidate(clids={clid24=2305182, clid1=2207450, clid1010=2295103, clid2023=2395783, clid1003=2207452, clid1004=2207453, clid1002=2207451}, source=APP)])
04-27 20:25:32.934  1865  2008 I AppMetrica-Attribution: Choosing distribution data: ClidsInfo(chosen=Candidate(clids={clid24=2305182, clid1=2207450, clid1010=2295103, clid2023=2395783, clid1003=2207452, clid1004=2207453, clid1002=2207451}, source=APP), candidates=[Candidate(clids={clid24=2305182, clid1=2207450, clid1010=2295103, clid2023=2395783, clid1003=2207452, clid1004=2207453, clid1002=2207451}, source=APP)])
04-27 20:25:32.989  2187  2187 I BadgeProvider: onOpen
04-27 20:25:33.025  6323  6323 I BadgeCountUpdaterImpl: onChange
04-27 20:25:33.033  6323  6323 I BadgeCountUpdaterImpl: onChange
04-27 20:25:33.035  2187  2187 I BadgeProvider: sendNotify entered. [uri] : content://com.sec.badge/apps
04-27 20:25:33.035  2187  2187 I BadgeProvider: sendNotify, [notify] : null
04-27 20:25:33.036  2187  2187 I BadgeProvider: update, getCallingPackage() : com.sec.android.provider.badge
04-27 20:25:33.036  2187  2187 I BadgeProvider: update, [uri] : content://com.sec.badge/apps
04-27 20:25:33.036  2187  2187 I BadgeProvider: update, [uri.query] : null
04-27 20:25:33.036  2187  2187 I BadgeProvider: update, [BadgeCount] : badgecount=0
04-27 20:25:33.037  2187  2187 I BadgeProvider: update, [UpdateCount] : 1
04-27 20:25:33.053  5429  8531 D PackageManager: setEnabledSetting : userId = 0 packageName = ru.yandex.searchplugin cmp = com.yandex.messaging.ShareAlias newState = 2 callingPackage = 10222/ru.yandex.searchplugin
04-27 20:25:33.062  2187  2187 I BadgeCountReceiver: badge intent : Intent { act=android.intent.action.BADGE_COUNT_UPDATE flg=0x1000010 cmp=com.sec.android.provider.badge/.BadgeCountReceiver (has extras) }
04-27 20:25:33.062  2187  2187 I BadgeCountReceiver: packageName: ru.yandex.searchplugin, className: ru.yandex.searchplugin.MainActivity, count: 0
04-27 20:25:33.065  6323  6323 I BadgeCountUpdaterImpl: onChange
04-27 20:25:33.085  5429  8540 D PackageManager: setEnabledSetting : userId = 0 packageName = ru.yandex.searchplugin cmp = com.yandex.messaging.DeepLinkActivityAlias newState = 2 callingPackage = 10222/ru.yandex.searchplugin
04-27 20:25:33.102  6323  6323 I BadgeCountUpdaterImpl: onChange
04-27 20:25:33.105  5429  8531 D PackageManager: setEnabledSetting : userId = 0 packageName = ru.yandex.searchplugin cmp = com.yandex.messaging.CallActivityAlias newState = 1 callingPackage = 10222/ru.yandex.searchplugin
04-27 20:25:33.105  5429  8529 D LocationManagerService: passive provider removed registration from 10222/ru.yandex.searchplugin/6D7CD631
04-27 20:25:33.105  5429  8529 D LocationManagerService: passive provider added registration from 10222/ru.yandex.searchplugin/6D7CD631 -> Request[PASSIVE, minUpdateInterval=+1s0ms, WorkSource{10222 ru.yandex.searchplugin}]
04-27 20:25:33.106  2187  2187 I BadgeProvider: sendNotify entered. [uri] : content://com.sec.badge/apps
04-27 20:25:33.106  2187  2187 I BadgeProvider: sendNotify, [notify] : null
04-27 20:25:33.106  5429  8531 D ApplicationPolicy: getApplicationStateEnabled : pkg = ru.yandex.searchplugin userId : 0
04-27 20:25:33.107  1865  1950 D [GplLibraryWrapper]: updateLastKnownLocation
04-27 20:25:33.108  5429  8531 D ApplicationPolicy: getApplicationComponentState : pkg = ru.yandex.searchplugin userId : 0
04-27 20:25:33.111  7025  7069 E RequestManager_FLP: [LocationManager] Location remove 6D7CD631 from ru.yandex.searchplugin
04-27 20:25:33.111  7025  7069 W LocationRequestData_FLP: Not registered using location provider, 6D7CD631
04-27 20:25:33.111  2187  2187 I BadgeProvider: update, getCallingPackage() : com.sec.android.provider.badge
04-27 20:25:33.111  2187  2187 I BadgeProvider: update, [uri] : content://com.sec.badge/apps
04-27 20:25:33.111  2187  2187 I BadgeProvider: update, [uri.query] : null
04-27 20:25:33.112  2187  2187 I BadgeProvider: update, [BadgeCount] : badgecount=0
04-27 20:25:33.112  2187  2187 I BadgeProvider: update, [UpdateCount] : 1
04-27 20:25:33.115  5429  8531 D PackageManager: setEnabledSetting : userId = 0 packageName = ru.yandex.searchplugin cmp = com.yandex.messaging.InviteLinkProdTeamActivityAlias newState = 2 callingPackage = 10222/ru.yandex.searchplugin
04-27 20:25:33.117  7025  7069 E RequestManager_FLP: [LocationManager] Location request (NOT STARTED) 6D7CD631(Listener) passive (min=1000ms) from ru.yandex.searchplugin (10222_FINE_perceptible_false_background)
04-27 20:25:33.124 22494 22790 W A       : (REDACTED) Upload permissions denied for Corpus %s
04-27 20:25:33.129  5429  8531 D PackageManager: setEnabledSetting : userId = 0 packageName = ru.yandex.searchplugin cmp = com.yandex.messaging.InviteLinkProdActivityAlias newState = 2 callingPackage = 10222/ru.yandex.searchplugin
04-27 20:25:33.131  1865  1935 I AppMetrica-Attribution: Choosing distribution data: ClidsInfo(chosen=Candidate(clids={clid24=2305182, clid1=2207450, clid1010=2295103, clid2023=2395783, clid1003=2207452, clid1004=2207453, clid1002=2207451}, source=APP), candidates=[Candidate(clids={clid24=2305182, clid1=2207450, clid1010=2295103, clid2023=2395783, clid1003=2207452, clid1004=2207453, clid1002=2207451}, source=APP)])
04-27 20:25:33.137  5429  8531 D PackageManager: setEnabledSetting : userId = 0 packageName = ru.yandex.searchplugin cmp = com.yandex.messaging.InviteLinkAlphaActivityAlias newState = 2 callingPackage = 10222/ru.yandex.searchplugin
04-27 20:25:33.148  5429  5438 I system_server: Background young concurrent copying GC freed 289295(15MB) AllocSpace objects, 8(160KB) LOS objects, 11% free, 107MB/122MB, paused 415us,694us total 140.947ms
04-27 20:25:33.158  5429  5488 W libprocessgroup: Failed to open /dev/blkio//cgroup.procs: No such file or directory
04-27 20:25:33.161  5429  5488 W libprocessgroup: Failed to open /dev/blkio//cgroup.procs: No such file or directory
04-27 20:25:33.163  5429  5488 W libprocessgroup: Failed to open /dev/blkio//cgroup.procs: No such file or directory
04-27 20:25:33.166  5429  5488 W libprocessgroup: Failed to open /dev/blkio//cgroup.procs: No such file or directory
04-27 20:25:33.221  1434  1471 D [GplLibraryWrapper]: stopLocationUpdates
04-27 20:25:33.304  6323  6626 I BadgeCountUpdaterImpl: reload badge without refresh
04-27 20:25:33.334  5429  5488 W libprocessgroup: Failed to open /dev/blkio//cgroup.procs: No such file or directory
04-27 20:25:33.370  2187  2200 I BadgeProvider: query, [selection] : null
04-27 20:25:33.396  6323  6626 I BadgeCache: update cache : com.vkontakte.android user : UserHandle{0}  count : 7
04-27 20:25:33.418  6323  6626 I BadgeCache: update cache : com.vkontakte.android user : UserHandle{0}  count : 1
04-27 20:25:33.419  5429  5751 D NetdEventListenerService: DNS Requested by : 108, 10222
04-27 20:25:33.421  1983  2222 D TrafficStats: tagSocket(89) with statsTag=0xffffffff, statsUid=-1
04-27 20:25:33.449  6323  6626 I BadgeCache: reloadBadge size : 1
04-27 20:25:33.456  5429  5751 D NetdEventListenerService: DNS Requested by : 108, 10222
04-27 20:25:33.467  1865  1932 D TrafficStats: tagSocket(122) with statsTag=0xffffffff, statsUid=-1
04-27 20:25:33.538  1865  1949 D TrafficStats: tagSocket(123) with statsTag=0xffffffff, statsUid=-1
04-27 20:25:33.538  5429  5751 D NetdEventListenerService: DNS Requested by : 108, 10222
04-27 20:25:33.755  7025  7069 E RequestManager_FLP: [LocationManager] Location remove 6D7CD631 from ru.yandex.searchplugin
04-27 20:25:33.756  7025  7069 W LocationRequestData_FLP: Not registered using location provider, 6D7CD631
04-27 20:25:33.758  5429  5609 D LocationManagerService: passive provider removed registration from 10222/ru.yandex.searchplugin/6D7CD631
04-27 20:25:33.758  5429  5609 D LocationManagerService: passive provider added registration from 10222/ru.yandex.searchplugin/6D7CD631 -> Request[PASSIVE, minUpdateInterval=+1s0ms, WorkSource{10222 ru.yandex.searchplugin}]
04-27 20:25:33.761  7025  7069 E RequestManager_FLP: [LocationManager] Location request (NOT STARTED) 6D7CD631(Listener) passive (min=1000ms) from ru.yandex.searchplugin (10222_FINE_perceptible_false_background)
04-27 20:25:33.762  1865  1950 D [GplLibraryWrapper]: updateLastKnownLocation
04-27 20:25:33.857  5429  8529 D LocationManagerService: passive provider removed registration from 10222/ru.yandex.searchplugin/6D7CD631
04-27 20:25:33.857  5429  8529 D LocationManagerService: passive provider added registration from 10222/ru.yandex.searchplugin/6D7CD631 -> Request[PASSIVE, minUpdateInterval=+1s0ms, WorkSource{10222 ru.yandex.searchplugin}]
04-27 20:25:33.858  7025  7069 E RequestManager_FLP: [LocationManager] Location remove 6D7CD631 from ru.yandex.searchplugin
04-27 20:25:33.859  7025  7069 W LocationRequestData_FLP: Not registered using location provider, 6D7CD631
04-27 20:25:33.859  1865  1950 D [GplLibraryWrapper]: updateLastKnownLocation
04-27 20:25:33.861  7025  7069 E RequestManager_FLP: [LocationManager] Location request (NOT STARTED) 6D7CD631(Listener) passive (min=1000ms) from ru.yandex.searchplugin (10222_FINE_perceptible_false_background)
04-27 20:25:33.942  5429  8531 D LocationManagerService: passive provider removed registration from 10222/ru.yandex.searchplugin/6D7CD631
04-27 20:25:33.942  5429  8531 D LocationManagerService: passive provider added registration from 10222/ru.yandex.searchplugin/6D7CD631 -> Request[PASSIVE, minUpdateInterval=+1s0ms, WorkSource{10222 ru.yandex.searchplugin}]
04-27 20:25:33.943  7025  7069 E RequestManager_FLP: [LocationManager] Location remove 6D7CD631 from ru.yandex.searchplugin
04-27 20:25:33.943  7025  7069 W LocationRequestData_FLP: Not registered using location provider, 6D7CD631
04-27 20:25:33.944  1865  1950 D [GplLibraryWrapper]: updateLastKnownLocation
04-27 20:25:33.946  7025  7069 E RequestManager_FLP: [LocationManager] Location request (NOT STARTED) 6D7CD631(Listener) passive (min=1000ms) from ru.yandex.searchplugin (10222_FINE_perceptible_false_background)
04-27 20:25:34.178 22494  1590 I A       : (REDACTED) The syncToken for corpus %s is %s.
04-27 20:25:34.284 22494  1590 I A       : (REDACTED) The syncToken for corpus %s is %s.
04-27 20:25:34.286 22494  1590 I A       : (REDACTED) No previous syncToken for corpus %s found.
04-27 20:25:34.288 22494  1590 I A       : (REDACTED) The syncToken for corpus %s is %s.
04-27 20:25:34.291 22494  1590 I A       : (REDACTED) The syncToken for corpus %s is %s.
04-27 20:25:34.293 22494  1590 I A       : (REDACTED) The syncToken for corpus %s is %s.
04-27 20:25:34.319  5429  5751 D NetdEventListenerService: DNS Requested by : 108, 10233
04-27 20:25:34.322  1865  2240 D TrafficStats: tagSocket(129) with statsTag=0xffffffff, statsUid=-1
04-27 20:25:34.335 22494  1590 D TrafficStats: tagSocket(211) with statsTag=0x0, statsUid=-1
04-27 20:25:34.433  1865  2240 D TrafficStats: tagSocket(130) with statsTag=0xffffffff, statsUid=-1
04-27 20:25:34.506  1865  1935 I AppMetrica-Attribution: Choosing distribution data: ClidsInfo(chosen=Candidate(clids={clid24=2305182, clid1=2207450, clid1010=2295103, clid2023=2395783, clid1003=2207452, clid1004=2207453, clid1002=2207451}, source=APP), candidates=[Candidate(clids={clid24=2305182, clid1=2207450, clid1010=2295103, clid2023=2395783, clid1003=2207452, clid1004=2207453, clid1002=2207451}, source=APP)])
04-27 20:25:34.557  5429  8529 D LocationManagerService: passive provider removed registration from 10222/ru.yandex.searchplugin/6D7CD631
04-27 20:25:34.557  5429  8529 D LocationManagerService: passive provider added registration from 10222/ru.yandex.searchplugin/6D7CD631 -> Request[PASSIVE, minUpdateInterval=+1s0ms, WorkSource{10222 ru.yandex.searchplugin}]
04-27 20:25:34.558  7025  7069 E RequestManager_FLP: [LocationManager] Location remove 6D7CD631 from ru.yandex.searchplugin
04-27 20:25:34.558  7025  7069 W LocationRequestData_FLP: Not registered using location provider, 6D7CD631
04-27 20:25:34.559  1865  1950 D [GplLibraryWrapper]: updateLastKnownLocation
04-27 20:25:34.560  7025  7069 E RequestManager_FLP: [LocationManager] Location request (NOT STARTED) 6D7CD631(Listener) passive (min=1000ms) from ru.yandex.searchplugin (10222_FINE_perceptible_false_background)
04-27 20:25:34.621  5429  8531 D LocationManagerService: passive provider removed registration from 10222/ru.yandex.searchplugin/6D7CD631
04-27 20:25:34.621  5429  8531 D LocationManagerService: passive provider added registration from 10222/ru.yandex.searchplugin/6D7CD631 -> Request[PASSIVE, minUpdateInterval=+1s0ms, WorkSource{10222 ru.yandex.searchplugin}]
04-27 20:25:34.622  7025  7069 E RequestManager_FLP: [LocationManager] Location remove 6D7CD631 from ru.yandex.searchplugin
04-27 20:25:34.622  7025  7069 W LocationRequestData_FLP: Not registered using location provider, 6D7CD631
04-27 20:25:34.624  1865  1950 D [GplLibraryWrapper]: updateLastKnownLocation
04-27 20:25:34.625  7025  7069 E RequestManager_FLP: [LocationManager] Location request (NOT STARTED) 6D7CD631(Listener) passive (min=1000ms) from ru.yandex.searchplugin (10222_FINE_perceptible_false_background)
04-27 20:25:34.642  5429  8540 D LocationManagerService: passive provider removed registration from 10222/ru.yandex.searchplugin/6D7CD631
04-27 20:25:34.642  5429  8540 D LocationManagerService: passive provider added registration from 10222/ru.yandex.searchplugin/6D7CD631 -> Request[PASSIVE, minUpdateInterval=+1s0ms, WorkSource{10222 ru.yandex.searchplugin}]
04-27 20:25:34.644  7025  7069 E RequestManager_FLP: [LocationManager] Location remove 6D7CD631 from ru.yandex.searchplugin
04-27 20:25:34.644  7025  7069 W LocationRequestData_FLP: Not registered using location provider, 6D7CD631
04-27 20:25:34.646  1865  1950 D [GplLibraryWrapper]: updateLastKnownLocation
04-27 20:25:34.647  7025  7069 E RequestManager_FLP: [LocationManager] Location request (NOT STARTED) 6D7CD631(Listener) passive (min=1000ms) from ru.yandex.searchplugin (10222_FINE_perceptible_false_background)
04-27 20:25:34.654  6734 28907 I CastDatabase: Saving the database
04-27 20:25:34.659  1865  2213 I AppMetrica-Attribution: Choosing distribution data: ClidsInfo(chosen=Candidate(clids={clid24=2305182, clid1=2207450, clid1010=2295103, clid2023=2395783, clid1003=2207452, clid1004=2207453, clid1002=2207451}, source=APP), candidates=[Candidate(clids={clid24=2305182, clid1=2207450, clid1010=2295103, clid2023=2395783, clid1003=2207452, clid1004=2207453, clid1002=2207451}, source=APP)])
04-27 20:25:34.669  6734 28907 I SQLiteCastStore: [CastNetworkInfo] saved: 0, skipped: 0, [CastDeviceInfo]: saved 0, skipped 0, [Paired Guest Mode DeviceInfo] saved: 0, skipped: 0. [ProbedNetworks]: saved 0, skipped: 0, [ProbedSocketAddress]: saved 0, skipped: 0, [Network-Device pairs]: saved: 0
04-27 20:25:34.716  5429  8531 D LocationManagerService: passive provider removed registration from 10222/ru.yandex.searchplugin/6D7CD631
04-27 20:25:34.716  5429  8531 D LocationManagerService: passive provider added registration from 10222/ru.yandex.searchplugin/6D7CD631 -> Request[PASSIVE, minUpdateInterval=+1s0ms, WorkSource{10222 ru.yandex.searchplugin}]
04-27 20:25:34.716  7025  7069 E RequestManager_FLP: [LocationManager] Location remove 6D7CD631 from ru.yandex.searchplugin
04-27 20:25:34.717  7025  7069 W LocationRequestData_FLP: Not registered using location provider, 6D7CD631
04-27 20:25:34.718  1865  1950 D [GplLibraryWrapper]: updateLastKnownLocation
04-27 20:25:34.720  7025  7069 E RequestManager_FLP: [LocationManager] Location request (NOT STARTED) 6D7CD631(Listener) passive (min=1000ms) from ru.yandex.searchplugin (10222_FINE_perceptible_false_background)
04-27 20:25:34.742 22494  1407 I A       : (REDACTED) The syncToken for corpus %s is %s.
04-27 20:25:34.762  5429  8540 D LocationManagerService: passive provider removed registration from 10222/ru.yandex.searchplugin/6D7CD631
04-27 20:25:34.762  5429  8540 D LocationManagerService: passive provider added registration from 10222/ru.yandex.searchplugin/6D7CD631 -> Request[PASSIVE, minUpdateInterval=+1s0ms, WorkSource{10222 ru.yandex.searchplugin}]
04-27 20:25:34.762  7025  7069 E RequestManager_FLP: [LocationManager] Location remove 6D7CD631 from ru.yandex.searchplugin
04-27 20:25:34.763  7025  7069 W LocationRequestData_FLP: Not registered using location provider, 6D7CD631
04-27 20:25:34.765  7025  7069 E RequestManager_FLP: [LocationManager] Location request (NOT STARTED) 6D7CD631(Listener) passive (min=1000ms) from ru.yandex.searchplugin (10222_FINE_perceptible_false_background)
04-27 20:25:34.767  1865  1950 D [GplLibraryWrapper]: updateLastKnownLocation
04-27 20:25:34.777 22494  1407 I A       : (REDACTED) The syncToken for corpus %s is %s.
04-27 20:25:34.780 22494  1407 I A       : (REDACTED) No previous syncToken for corpus %s found.
04-27 20:25:34.782 22494  1407 I A       : (REDACTED) The syncToken for corpus %s is %s.
04-27 20:25:34.785  1780  2206 D ConnectivityManager: StackLog: [android.net.ConnectivityManager.sendRequestForNetwork(ConnectivityManager.java:4191)] [android.net.ConnectivityManager.registerDefaultNetworkCallbackForUid(ConnectivityManager.java:4755)] [android.net.ConnectivityManager.registerDefaultNetworkCallback(ConnectivityManager.java:4722)] [cfu.a(Unknown Source:0)] [dfu.<init>(SourceFile:15)] [qiz.get(SourceFile:36)] [sag.get(SourceFile:14)] [qh20.get(SourceFile:3)] [sag.get(SourceFile:14)] [e9m.get(SourceFile:12)] [ev9.get(SourceFile:11)] [qez.get(SourceFile:11)] [h83.get(SourceFile:11)] [did0.get(SourceFile:19)] [sag.get(SourceFile:14)] [d83.get(SourceFile:3)] [sag.get(SourceFile:14)] [t590.e(SourceFile:32)] [pg9.run(SourceFile:89)]
04-27 20:25:34.793  5429  8540 D ConnectivityService: requestNetwork for uid/pid:10222/1780 activeRequest: null callbackRequest: 3934 [NetworkRequest [ REQUEST id=3935, [ Capabilities: INTERNET&NOT_RESTRICTED&TRUSTED&NOT_VCN_MANAGED Uid: 10222 RequestorUid: 10222 RequestorPkg: ru.yandex.searchplugin UnderlyingNetworks: Null] ]] callback flags: 0 order: 2147483647
04-27 20:25:34.795  5429  5665 D ConnectivityService:    accepting network in place of null
04-27 20:25:34.797  5429  5705 I ChimeraAggressivePolicyHandler: executePolicy() - triggerSource: TRIGGER_SOURCE_LMKD
04-27 20:25:34.798  5429  5705 I ChimeraAggressivePolicyHandler: memAvailable: 775076, memFreeTarget: 870400, releaseTarget:95324, protectedLruCount: 10
04-27 20:25:34.815  5429  5655 D WifiNetworkFactory: got request NetworkRequest [ REQUEST id=3935, [ Capabilities: INTERNET&NOT_RESTRICTED&TRUSTED&NOT_VCN_MANAGED Uid: 10222 RequestorUid: 10222 RequestorPkg: ru.yandex.searchplugin UnderlyingNetworks: Null] ]
04-27 20:25:34.819  5429  5655 D UntrustedWifiNetworkFactory: got request NetworkRequest [ REQUEST id=3935, [ Capabilities: INTERNET&NOT_RESTRICTED&TRUSTED&NOT_VCN_MANAGED Uid: 10222 RequestorUid: 10222 RequestorPkg: ru.yandex.searchplugin UnderlyingNetworks: Null] ]
04-27 20:25:34.821  5429  8540 D LocationManagerService: passive provider removed registration from 10222/ru.yandex.searchplugin/6D7CD631
04-27 20:25:34.822  5429  8540 D LocationManagerService: passive provider added registration from 10222/ru.yandex.searchplugin/6D7CD631 -> Request[PASSIVE, minUpdateInterval=+1s0ms, WorkSource{10222 ru.yandex.searchplugin}]
04-27 20:25:34.822  7025  7069 E RequestManager_FLP: [LocationManager] Location remove 6D7CD631 from ru.yandex.searchplugin
04-27 20:25:34.822 22494  1407 I A       : (REDACTED) The syncToken for corpus %s is %s.
04-27 20:25:34.822  7025  7069 W LocationRequestData_FLP: Not registered using location provider, 6D7CD631
04-27 20:25:34.823  1865  1950 D [GplLibraryWrapper]: updateLastKnownLocation
04-27 20:25:34.824  7025  7069 E RequestManager_FLP: [LocationManager] Location request (NOT STARTED) 6D7CD631(Listener) passive (min=1000ms) from ru.yandex.searchplugin (10222_FINE_perceptible_false_background)
04-27 20:25:34.826  5429  5655 D OemPaidWifiNetworkFactory: got request NetworkRequest [ REQUEST id=3935, [ Capabilities: INTERNET&NOT_RESTRICTED&TRUSTED&NOT_VCN_MANAGED Uid: 10222 RequestorUid: 10222 RequestorPkg: ru.yandex.searchplugin UnderlyingNetworks: Null] ]
04-27 20:25:34.829  5429  5655 D MultiInternetWifiNetworkFactory: got request NetworkRequest [ REQUEST id=3935, [ Capabilities: INTERNET&NOT_RESTRICTED&TRUSTED&NOT_VCN_MANAGED Uid: 10222 RequestorUid: 10222 RequestorPkg: ru.yandex.searchplugin UnderlyingNetworks: Null] ]
04-27 20:25:34.830  5429  5665 D ConnectivityService: Rematched networks [computed 1ms] [applied 1ms] [issued 34]
04-27 20:25:34.831  5429  5665 D ConnectivityService: NetworkReassignment :
04-27 20:25:34.831  5429  5665 D ConnectivityService:   3935 : null  108
04-27 20:25:34.832 22494  1407 I A       : (REDACTED) The syncToken for corpus %s is %s.
04-27 20:25:34.837  5429  8529 D LocationManagerService: passive provider removed registration from 10222/ru.yandex.searchplugin/6D7CD631
04-27 20:25:34.837  5429  8529 D LocationManagerService: passive provider added registration from 10222/ru.yandex.searchplugin/6D7CD631 -> Request[PASSIVE, minUpdateInterval=+1s0ms, WorkSource{10222 ru.yandex.searchplugin}]
04-27 20:25:34.837  7025  7069 E RequestManager_FLP: [LocationManager] Location remove 6D7CD631 from ru.yandex.searchplugin
04-27 20:25:34.837  7025  7069 W LocationRequestData_FLP: Not registered using location provider, 6D7CD631
04-27 20:25:34.840  7025  7069 E RequestManager_FLP: [LocationManager] Location request (NOT STARTED) 6D7CD631(Listener) passive (min=1000ms) from ru.yandex.searchplugin (10222_FINE_perceptible_false_background)
04-27 20:25:34.840  1865  1950 D [GplLibraryWrapper]: updateLastKnownLocation
04-27 20:25:34.841 22494  1407 D TrafficStats: tagSocket(221) with statsTag=0x0, statsUid=-1
04-27 20:25:34.851  5429  8540 D LocationManagerService: passive provider removed registration from 10222/ru.yandex.searchplugin/6D7CD631
04-27 20:25:34.852  5429  8540 D LocationManagerService: passive provider added registration from 10222/ru.yandex.searchplugin/6D7CD631 -> Request[PASSIVE, minUpdateInterval=+1s0ms, WorkSource{10222 ru.yandex.searchplugin}]
04-27 20:25:34.852  7025  7069 E RequestManager_FLP: [LocationManager] Location remove 6D7CD631 from ru.yandex.searchplugin
04-27 20:25:34.852  7025  7069 W LocationRequestData_FLP: Not registered using location provider, 6D7CD631
04-27 20:25:34.855  1865  1950 D [GplLibraryWrapper]: updateLastKnownLocation
04-27 20:25:34.856  7025  7069 E RequestManager_FLP: [LocationManager] Location request (NOT STARTED) 6D7CD631(Listener) passive (min=1000ms) from ru.yandex.searchplugin (10222_FINE_perceptible_false_background)
04-27 20:25:34.858  5429  5705 I NSLocationMonitor: getGPSUsingApps() called
04-27 20:25:34.869  7025 30276 I NSLocationManager_FLP: getGPSUsingApps, NO_FREEZE={5013} / FREEZE={10234}
04-27 20:25:34.880  5429  5705 I ChimeraAggressivePolicyHandler: Start doKill, protected policy: NORMAL
04-27 20:25:34.883  5429  5705 I ChimeraAggressivePolicyHandler: kill complete: killed 0 apps, freed 0 KB
04-27 20:25:34.883  5429  5705 I ChimeraAggressivePolicyHandler: Start doKill, protected policy: HEAVY
04-27 20:25:34.886  5429  5705 I ChimeraAggressivePolicyHandler: kill complete: killed 0 apps, freed 0 KB
04-27 20:25:34.886  5429  5705 I ChimeraAggressivePolicyHandler: Skipped reason: LR, pids: 26164 19519
04-27 20:25:34.886  5429  5705 I ChimeraAggressivePolicyHandler: Skipped reason: CA, pids: 31104 11589 19664 26326 29080 1434 1693 25567 1376 26084 1515 1780 2043 1597
04-27 20:25:34.886  5429  5705 I ChimeraAggressivePolicyHandler: Skipped reason: PE, pids: 8449 9537 1865 27147 6156 6734 8401 6865 5848 5787 8348 8350 6174 22494 7327 11360 8419 6180 6118 6190 11246 23151 7025 6196 5429 5878 10679 9209 30906 10299 28092 1983 6655
04-27 20:25:34.886  5429  5705 I ChimeraAggressivePolicyHandler: Skipped reason: IN, pids: 13254 1836 23853 13010 16758 12664 1823
04-27 20:25:34.886  5429  5705 I ChimeraAggressivePolicyHandler: Skipped reason: SE, pids: 8909
04-27 20:25:34.886  5429  5705 I ChimeraAggressivePolicyHandler: Skipped reason: AD, pids: 19267 12037 20358 2187 533 8548 8932 11943 25191 8618 13805 9197 6267 8575
04-27 20:25:34.886  5429  5705 I ChimeraAggressivePolicyHandler: Processing time(ms) 89
04-27 20:25:35.075  5429  5751 D NetdEventListenerService: DNS Requested by : 108, 10222
04-27 20:25:35.079  1780  2249 D TrafficStats: tagSocket(209) with statsTag=0xffffffff, statsUid=-1
04-27 20:25:35.109  1865  1880 W System  : A resource failed to call close.
04-27 20:25:35.110  1865  1880 W System  : A resource failed to call close.
04-27 20:25:35.124 22494  1801 I A       : (REDACTED) Writing data for these Geller corpora: %s
04-27 20:25:35.211 22494  1801 I A       : (REDACTED) Writing metadata key: %s, corpus: %s
04-27 20:25:35.268 22494  1801 I A       : (REDACTED) Writing metadata key: %s, corpus: %s
04-27 20:25:35.398  6118  6611 W bt_stack: pause_registered_clients()
04-27 20:25:35.398  6118  6611 W bt_stack: le_scanning_manager :: OnPause()
04-27 20:25:35.399  6118  6611 W bt_stack: Stop LeSetScanEnable
04-27 20:25:35.399  6118  6611 W bt_stack: le_scanning_manager :: OnPause() - call AckPause
04-27 20:25:35.399  6118  6611 W bt_stack: le_impl :: OnPause()
04-27 20:25:35.399  6118  6611 W bt_stack: le_impl :: ConnectabilityState is DISARMED. Call AckPause()
04-27 20:25:35.406  6118  6611 W bt_stack: le_address_manager :: ack_pause()
04-27 20:25:35.406  6118  6611 W bt_stack: le_address_manager :: ack_pause() - make sure all client paused. Return
04-27 20:25:35.406  6118  6611 W bt_stack: le_address_manager :: ack_pause()
04-27 20:25:35.406  6118  6611 W bt_stack: le_address_manager :: ack_pause() - handle_next_command
04-27 20:25:35.406  6118  6611 W bt_stack: handle_next_command()
04-27 20:25:35.411  6118  6611 W bt_stack: Received command complete with op_code LE_SET_RANDOM_ADDRESS
04-27 20:25:35.411  6118  6611 W bt_stack: le_scanning_manager :: OnResume()
04-27 20:25:35.411  6118  6611 W bt_stack: Start LeSetScan
04-27 20:25:35.411  6118  6611 W bt_stack: le_scanning_manager :: OnResume() - call AckResume
04-27 20:25:35.411  6118  6611 W bt_stack: le_impl :: OnResume()
04-27 20:25:35.411  6118  6611 W bt_stack: le_impl :: check_for_unregister()
04-27 20:25:35.411  6118  6611 W bt_stack: le_address_manager :: ack_resume()
04-27 20:25:35.412  6118  6611 W bt_stack: le_address_manager :: ack_resume()
04-27 20:25:35.426 22494  1801 I A       : (REDACTED) Writing data for these Geller corpora: %s
04-27 20:25:35.431 22494  1801 I A       : (REDACTED) Writing metadata key: %s, corpus: %s
04-27 20:25:35.455 22494  1801 I A       : (REDACTED) Writing metadata key: %s, corpus: %s
04-27 20:25:35.466  5429  5609 D LocationManagerService: passive provider removed registration from 10222/ru.yandex.searchplugin/6D7CD631
04-27 20:25:35.468  7025  7069 E RequestManager_FLP: [LocationManager] Location remove 6D7CD631 from ru.yandex.searchplugin
04-27 20:25:35.468  7025  7069 W LocationRequestData_FLP: Not registered using location provider, 6D7CD631
04-27 20:25:35.470  5429  5609 D LocationManagerService: passive provider added registration from 10222/ru.yandex.searchplugin/6D7CD631 -> Request[PASSIVE, minUpdateInterval=+1s0ms, WorkSource{10222 ru.yandex.searchplugin}]
04-27 20:25:35.473  7025  7069 E RequestManager_FLP: [LocationManager] Location request (NOT STARTED) 6D7CD631(Listener) passive (min=1000ms) from ru.yandex.searchplugin (10222_FINE_perceptible_false_background)
04-27 20:25:35.474  1865  1950 D [GplLibraryWrapper]: updateLastKnownLocation
04-27 20:25:35.479  5429  8509 W WifiService: Permission violation - getScanResults not allowed for uid=10222, packageName=ru.yandex.searchplugin, reason=java.lang.SecurityException: UID 10222 has no location permission
04-27 20:25:35.489 22494  1801 I A       : (REDACTED) Writing data for these Geller corpora: %s
04-27 20:25:35.495 22494  1801 I A       : (REDACTED) Writing metadata key: %s, corpus: %s
04-27 20:25:35.504 22494  1801 I A       : (REDACTED) Writing data for these Geller corpora: %s
04-27 20:25:35.517 22494  1801 I A       : (REDACTED) Writing metadata key: %s, corpus: %s
04-27 20:25:35.521  1983  2133 W plugin:passport: Long monitor contention with owner binder:1983_2 (2002) at gr dr.a()(SourceFile:13) waiters=0 in gr dr.a() for 222ms
04-27 20:25:35.530 22494  1801 I A       : (REDACTED) Writing metadata key: %s, corpus: %s
04-27 20:25:35.600 22494  1801 I A       : (REDACTED) Writing data for these Geller corpora: %s
04-27 20:25:35.614 22494  1801 I A       : (REDACTED) Writing metadata key: %s, corpus: %s
04-27 20:25:35.666 22494  1801 I A       : (REDACTED) Writing data for these Geller corpora: %s
04-27 20:25:35.680 22494  1801 I A       : (REDACTED) Writing metadata key: %s, corpus: %s
04-27 20:25:35.699 22494  1801 I A       : (REDACTED) Writing metadata key: %s, corpus: %s
04-27 20:25:35.727 22494 22815 W A       : (REDACTED) Upload permissions denied for Corpus %s
04-27 20:25:35.792  5429  7411 D SemWifiUsabilityStatsMonitor: onWifiUsabilityStats - seqNum 3984, isSameBssidAndFreq true
04-27 20:25:35.794  5429  5717 I SemWifiLinkQualityMonitor: Link Qos Query: 0.131 ms / 61.091 Mbps (72 / 0.000 / 1.179)
04-27 20:25:35.967  5429  5438 I system_server: Background young concurrent copying GC freed 225317(15MB) AllocSpace objects, 6(120KB) LOS objects, 12% free, 106MB/122MB, paused 735us,1.110ms total 174.045ms
04-27 20:25:35.974 22494  1407 I A       : (REDACTED) Writing data for these Geller corpora: %s
04-27 20:25:35.986  1983  2002 W plugin:passport: Long monitor contention with owner DefaultDispatcher-worker-1 (2133) at gr dr.a()(SourceFile:1) waiters=0 in gr dr.a() for 440ms
04-27 20:25:36.040  5429  8529 D LocationManagerService: passive provider removed registration from 10222/ru.yandex.searchplugin/6D7CD631
04-27 20:25:36.041  5429  8529 D LocationManagerService: passive provider added registration from 10222/ru.yandex.searchplugin/6D7CD631 -> Request[PASSIVE, minUpdateInterval=+1s0ms, WorkSource{10222 ru.yandex.searchplugin}]
04-27 20:25:36.041  7025  7069 E RequestManager_FLP: [LocationManager] Location remove 6D7CD631 from ru.yandex.searchplugin
04-27 20:25:36.042  7025  7069 W LocationRequestData_FLP: Not registered using location provider, 6D7CD631
04-27 20:25:36.043  1865  1950 D [GplLibraryWrapper]: updateLastKnownLocation
04-27 20:25:36.044  7025  7069 E RequestManager_FLP: [LocationManager] Location request (NOT STARTED) 6D7CD631(Listener) passive (min=1000ms) from ru.yandex.searchplugin (10222_FINE_perceptible_false_background)
04-27 20:25:36.077 22494  1407 I A       : (REDACTED) Writing metadata key: %s, corpus: %s
04-27 20:25:36.083 22494  1398 E MDD     : FileGroupManager verifyIsolatedFileUris unable to get isolated file uri! android://com.google.android.googlequicksearchbox/files/datadownload/shared/links/public/GddLensOfflineText_8a6c14ea67c9d223ae44c2ba4c43e9f9eeee9c969ce6361dbcd581cdb6550e2b/lens_ondevice_text_stack_multiscript/lots_multiscript_v3_private_engine.binarypb android://com.google.android.googlequicksearchbox/files/datadownload/shared/public/datadownloadfile_1595163868307
04-27 20:25:36.091 11246  2259 I GmscoreIpa: Starting mediastore instant index [CONTEXT service_id=255 ]
04-27 20:25:36.096 22494  1398 E MDD     : FileGroupManager verifyIsolatedFileUris unable to get isolated file uri! android://com.google.android.googlequicksearchbox/files/datadownload/shared/links/public/GddLensOfflineText_8a6c14ea67c9d223ae44c2ba4c43e9f9eeee9c969ce6361dbcd581cdb6550e2b/lens_ondevice_text_stack_multiscript/lots_multiscript_v3_private_runner.binarypb android://com.google.android.googlequicksearchbox/files/datadownload/shared/public/datadownloadfile_1595163868308
04-27 20:25:36.098 22494  1398 E MDD     : FileGroupManager verifyIsolatedFileUris unable to get isolated file uri! android://com.google.android.googlequicksearchbox/files/datadownload/shared/links/public/GddLensOfflineText_8a6c14ea67c9d223ae44c2ba4c43e9f9eeee9c969ce6361dbcd581cdb6550e2b/lens_ondevice_text_stack_multiscript/third_party/lens/layout_analysis/v459690686/aksara_page_layout_analysis_rpn.binarypb android://com.google.android.googlequicksearchbox/files/datadownload/shared/public/datadownloadfile_1595163868309
04-27 20:25:36.099 22494  1398 E MDD     : FileGroupManager verifyIsolatedFileUris unable to get isolated file uri! android://com.google.android.googlequicksearchbox/files/datadownload/shared/links/public/GddLensOfflineText_8a6c14ea67c9d223ae44c2ba4c43e9f9eeee9c969ce6361dbcd581cdb6550e2b/lens_ondevice_text_stack_multiscript/third_party/lens/layout_analysis/v459690686/aksara_page_layout_analysis_rpn_dp_1.binarypb android://com.google.android.googlequicksearchbox/files/datadownload/shared/public/datadownloadfile_1595163868310
04-27 20:25:36.104 22494  1398 E MDD     : FileGroupManager verifyIsolatedFileUris unable to get isolated file uri! android://com.google.android.googlequicksearchbox/files/datadownload/shared/links/public/GddLensOfflineText_8a6c14ea67c9d223ae44c2ba4c43e9f9eeee9c969ce6361dbcd581cdb6550e2b/lens_ondevice_text_stack_multiscript/third_party/lens/layout_analysis/v459690686/aksara_page_layout_analysis_rpn_dp_2.binarypb android://com.google.android.googlequicksearchbox/files/datadownload/shared/public/datadownloadfile_1595163868265
04-27 20:25:36.105 22494  1398 E MDD     : FileGroupManager verifyIsolatedFileUris unable to get isolated file uri! android://com.google.android.googlequicksearchbox/files/datadownload/shared/links/public/GddLensOfflineText_8a6c14ea67c9d223ae44c2ba4c43e9f9eeee9c969ce6361dbcd581cdb6550e2b/lens_ondevice_text_stack_multiscript/third_party/lens/line_detector/v502888072/line_detector_tflite.binarypb android://com.google.android.googlequicksearchbox/files/datadownload/shared/public/datadownloadfile_1595163868201
04-27 20:25:36.109 22494  1407 I A       : (REDACTED) Writing metadata key: %s, corpus: %s
04-27 20:25:36.112 22494  1398 E MDD     : FileGroupManager verifyIsolatedFileUris unable to get isolated file uri! android://com.google.android.googlequicksearchbox/files/datadownload/shared/links/public/GddLensOfflineText_8a6c14ea67c9d223ae44c2ba4c43e9f9eeee9c969ce6361dbcd581cdb6550e2b/lens_ondevice_text_stack_multiscript/third_party/lens/line_detector/v502888072/region_proposal_text_detector_tflite_vertical_mbv2_v1.binarypb android://com.google.android.googlequicksearchbox/files/datadownload/shared/public/datadownloadfile_1595163868311
04-27 20:25:36.117 22494  1398 E MDD     : FileGroupManager verifyIsolatedFileUris unable to get isolated file uri! android://com.google.android.googlequicksearchbox/files/datadownload/shared/links/public/GddLensOfflineText_8a6c14ea67c9d223ae44c2ba4c43e9f9eeee9c969ce6361dbcd581cdb6550e2b/lens_ondevice_text_stack_multiscript/third_party/lens/line_detector/v502888072/rpn_text_detector_mobile_space_to_depth_quantized_mbv2_v1.tflite android://com.google.android.googlequicksearchbox/files/datadownload/shared/public/datadownloadfile_1595163868199
04-27 20:25:36.120 22494  1398 E MDD     : FileGroupManager verifyIsolatedFileUris unable to get isolated file uri! android://com.google.android.googlequicksearchbox/files/datadownload/shared/links/public/GddLensOfflineText_8a6c14ea67c9d223ae44c2ba4c43e9f9eeee9c969ce6361dbcd581cdb6550e2b/lens_ondevice_text_stack_multiscript/third_party/lens/line_recognition/v514349445/gocr_tflite_recognizer_geor.tflite android://com.google.android.googlequicksearchbox/files/datadownload/shared/public/datadownloadfile_1595163868212
04-27 20:25:36.121 22494  1407 I A       : (REDACTED) Writing metadata key: %s, corpus: %s
04-27 20:25:36.126 22494  1398 E MDD     : FileGroupManager verifyIsolatedFileUris unable to get isolated file uri! android://com.google.android.googlequicksearchbox/files/datadownload/shared/links/public/GddLensOfflineText_8a6c14ea67c9d223ae44c2ba4c43e9f9eeee9c969ce6361dbcd581cdb6550e2b/lens_ondevice_text_stack_multiscript/third_party/lens/line_recognition/v514349445/gocr_tflite_recognizer_geor_config.pb android://com.google.android.googlequicksearchbox/files/datadownload/shared/public/datadownloadfile_1595163868213
04-27 20:25:36.129 22494  1398 E MDD     : FileGroupManager verifyIsolatedFileUris unable to get isolated file uri! android://com.google.android.googlequicksearchbox/files/datadownload/shared/links/public/GddLensOfflineText_8a6c14ea67c9d223ae44c2ba4c43e9f9eeee9c969ce6361dbcd581cdb6550e2b/lens_ondevice_text_stack_multiscript/third_party/lens/line_recognition/v514349445/gocr_tflite_recognizer_geor_label_map.pb android://com.google.android.googlequicksearchbox/files/datadownload/shared/public/datadownloadfile_1595163868214
04-27 20:25:36.130 22494  1398 E MDD     : FileGroupManager verifyIsolatedFileUris unable to get isolated file uri! android://com.google.android.googlequicksearchbox/files/datadownload/shared/links/public/GddLensOfflineText_8a6c14ea67c9d223ae44c2ba4c43e9f9eeee9c969ce6361dbcd581cdb6550e2b/lens_ondevice_text_stack_multiscript/third_party/lens/line_recognition/v514349445/gocr_tflite_recognizer_gujr.tflite android://com.google.android.googlequicksearchbox/files/datadownload/shared/public/datadownloadfile_1595163868215
04-27 20:25:36.141 22494  1398 E MDD     : FileGroupManager verifyIsolatedFileUris unable to get isolated file uri! android://com.google.android.googlequicksearchbox/files/datadownload/shared/links/public/GddLensOfflineText_8a6c14ea67c9d223ae44c2ba4c43e9f9eeee9c969ce6361dbcd581cdb6550e2b/lens_ondevice_text_stack_multiscript/third_party/lens/line_recognition/v514349445/gocr_tflite_recognizer_gujr_config.pb android://com.google.android.googlequicksearchbox/files/datadownload/shared/public/datadownloadfile_1595163868216
04-27 20:25:36.160 22494  1398 E MDD     : FileGroupManager verifyIsolatedFileUris unable to get isolated file uri! android://com.google.android.googlequicksearchbox/files/datadownload/shared/links/public/GddLensOfflineText_8a6c14ea67c9d223ae44c2ba4c43e9f9eeee9c969ce6361dbcd581cdb6550e2b/lens_ondevice_text_stack_multiscript/third_party/lens/line_recognition/v514349445/gocr_tflite_recognizer_gujr_label_map.pb android://com.google.android.googlequicksearchbox/files/datadownload/shared/public/datadownloadfile_1595163868217
04-27 20:25:36.161 22494  1398 E MDD     : FileGroupManager verifyIsolatedFileUris unable to get isolated file uri! android://com.google.android.googlequicksearchbox/files/datadownload/shared/links/public/GddLensOfflineText_8a6c14ea67c9d223ae44c2ba4c43e9f9eeee9c969ce6361dbcd581cdb6550e2b/lens_ondevice_text_stack_multiscript/third_party/lens/line_recognition/v514349445/gocr_tflite_recognizer_hebr.tflite android://com.google.android.googlequicksearchbox/files/datadownload/shared/public/datadownloadfile_1595163868218
04-27 20:25:36.185 22494  1398 E MDD     : FileGroupManager verifyIsolatedFileUris unable to get isolated file uri! android://com.google.android.googlequicksearchbox/files/datadownload/shared/links/public/GddLensOfflineText_8a6c14ea67c9d223ae44c2ba4c43e9f9eeee9c969ce6361dbcd581cdb6550e2b/lens_ondevice_text_stack_multiscript/third_party/lens/line_recognition/v514349445/gocr_tflite_recognizer_hebr_config.pb android://com.google.android.googlequicksearchbox/files/datadownload/shared/public/datadownloadfile_1595163868219
04-27 20:25:36.187 22494  1398 E MDD     : FileGroupManager verifyIsolatedFileUris unable to get isolated file uri! android://com.google.android.googlequicksearchbox/files/datadownload/shared/links/public/GddLensOfflineText_8a6c14ea67c9d223ae44c2ba4c43e9f9eeee9c969ce6361dbcd581cdb6550e2b/lens_ondevice_text_stack_multiscript/third_party/lens/line_recognition/v514349445/gocr_tflite_recognizer_hebr_label_map.pb android://com.google.android.googlequicksearchbox/files/datadownload/shared/public/datadownloadfile_1595163868220
04-27 20:25:36.188 22494  1398 E MDD     : FileGroupManager verifyIsolatedFileUris unable to get isolated file uri! android://com.google.android.googlequicksearchbox/files/datadownload/shared/links/public/GddLensOfflineText_8a6c14ea67c9d223ae44c2ba4c43e9f9eeee9c969ce6361dbcd581cdb6550e2b/lens_ondevice_text_stack_multiscript/third_party/lens/line_recognition/v514349445/gocr_tflite_recognizer_knda.tflite android://com.google.android.googlequicksearchbox/files/datadownload/shared/public/datadownloadfile_1595163868221
04-27 20:25:36.189 22494  1398 E MDD     : FileGroupManager verifyIsolatedFileUris unable to get isolated file uri! android://com.google.android.googlequicksearchbox/files/datadownload/shared/links/public/GddLensOfflineText_8a6c14ea67c9d223ae44c2ba4c43e9f9eeee9c969ce6361dbcd581cdb6550e2b/lens_ondevice_text_stack_multiscript/third_party/lens/line_recognition/v514349445/gocr_tflite_recognizer_knda_config.pb android://com.google.android.googlequicksearchbox/files/datadownload/shared/public/datadownloadfile_1595163868222
04-27 20:25:36.190  1983  2133 W plugin:passport: Long monitor contention with owner binder:1983_2 (2002) at gr dr.a()(SourceFile:13) waiters=0 in gr dr.a() for 184ms
04-27 20:25:36.292 22494  1407 I A       : (REDACTED) Writing data for these Geller corpora: %s
04-27 20:25:36.296 22494  1398 E MDD     : FileGroupManager verifyIsolatedFileUris unable to get isolated file uri! android://com.google.android.googlequicksearchbox/files/datadownload/shared/links/public/GddLensOfflineText_8a6c14ea67c9d223ae44c2ba4c43e9f9eeee9c969ce6361dbcd581cdb6550e2b/lens_ondevice_text_stack_multiscript/third_party/lens/line_recognition/v514349445/gocr_tflite_recognizer_knda_label_map.pb android://com.google.android.googlequicksearchbox/files/datadownload/shared/public/datadownloadfile_1595163868223
04-27 20:25:36.299 22494  1398 E MDD     : FileGroupManager verifyIsolatedFileUris unable to get isolated file uri! android://com.google.android.googlequicksearchbox/files/datadownload/shared/links/public/GddLensOfflineText_8a6c14ea67c9d223ae44c2ba4c43e9f9eeee9c969ce6361dbcd581cdb6550e2b/lens_ondevice_text_stack_multiscript/third_party/lens/line_recognition/v514349445/gocr_tflite_recognizer_latn.tflite android://com.google.android.googlequicksearchbox/files/datadownload/shared/public/datadownloadfile_1595163868312
04-27 20:25:36.326 22494  1407 I A       : (REDACTED) Writing metadata key: %s, corpus: %s
04-27 20:25:36.327 22494  1398 E MDD     : FileGroupManager verifyIsolatedFileUris unable to get isolated file uri! android://com.google.android.googlequicksearchbox/files/datadownload/shared/links/public/GddLensOfflineText_8a6c14ea67c9d223ae44c2ba4c43e9f9eeee9c969ce6361dbcd581cdb6550e2b/lens_ondevice_text_stack_multiscript/third_party/lens/line_recognition/v514349445/gocr_tflite_recognizer_latn_config.pb android://com.google.android.googlequicksearchbox/files/datadownload/shared/public/datadownloadfile_1595163868313
04-27 20:25:36.329 22494  1398 E MDD     : FileGroupManager verifyIsolatedFileUris unable to get isolated file uri! android://com.google.android.googlequicksearchbox/files/datadownload/shared/links/public/GddLensOfflineText_8a6c14ea67c9d223ae44c2ba4c43e9f9eeee9c969ce6361dbcd581cdb6550e2b/lens_ondevice_text_stack_multiscript/third_party/lens/line_recognition/v514349445/gocr_tflite_recognizer_latn_label_map.pb android://com.google.android.googlequicksearchbox/files/datadownload/shared/public/datadownloadfile_1595163868314
04-27 20:25:36.330 22494  1398 E MDD     : FileGroupManager verifyIsolatedFileUris unable to get isolated file uri! android://com.google.android.googlequicksearchbox/files/datadownload/shared/links/public/GddLensOfflineText_8a6c14ea67c9d223ae44c2ba4c43e9f9eeee9c969ce6361dbcd581cdb6550e2b/lens_ondevice_text_stack_multiscript/third_party/lens/line_recognition/v514349445/gocr_tflite_recognizer_taml.tflite android://com.google.android.googlequicksearchbox/files/datadownload/shared/public/datadownloadfile_1595163868227
