04-27 20:32:06.597  5429  5665 D ConnectivityService:  Removing from current network [108 WIFI], leaving 151 requests.
04-27 20:32:06.960  5878  5878 D NetworkController.WifiSignalController: notifyListener: visible=true, connected=true, inetCondition=1, isDefault=true, wifiTestReported=true, receivedInetCondition=-1, hideDuringMobileSwitching=false
04-27 20:32:06.961  5429  7411 D SemWifiUsabilityStatsMonitor: onWifiUsabilityStats - seqNum 4113, isSameBssidAndFreq true
04-27 20:32:06.962  5429  5717 I SemWifiLinkQualityMonitor: Link Qos Query: 0.414 ms / 19.333 Mbps (58 / 0.000 / 3.000)
04-27 20:32:06.965  5878  6043 D Tile.WifiTile: handleUpdateState isTransient=false transientEnabling =false cb.isTransient=false state.state = 2 mStateBeforeClick.value =false enabled =true
04-27 20:32:08.880  5878  5878 D SecPowerUI.Notification: showChargingNotice oldChargingType : 11 / currentChargingType : 11, oldChargingTime : 2365000 / mChargingTime : 2365000
04-27 20:32:08.880  5878  5878 D SecPowerUI.Notification: There is no change about charging status, so return!
04-27 20:32:08.929  7025  7069 I GmsPassiveListener_FLP: onGmsLocationChanged, provider=fused / speed=0.70383 / time=1682620328903 / elapsed=29868875000000
04-27 20:32:08.930  5429  8528 V LocationManagerService: passive provider registration 5023/com.samsung.android.networkdiagnostic/4FDF9C6D dropped delivery - too close
04-27 20:32:08.931  5429  8528 V LocationManagerService: passive provider registration 1000/android[SensorNotificationService]/CC5BC53F dropped delivery - too close
04-27 20:32:08.932  5429  6058 D SLocation: PositionManager - PassiveonLocationChanged fused 1682620328903
04-27 20:32:08.933  5429  6058 W SLocation: PositionManager - do not refresh last location about fused location
04-27 20:32:08.933  5429  6058 D SLocation: ARDistanceBigData - BIGDATA ARD - receive location
04-27 20:32:08.933  5429  6058 D SLocation: ARDistanceLibManager - request distance diff to AR Distance Library
04-27 20:32:08.934  5429  6058 D SLocation: SLocationCoreSem - send to coreSem, packet length : 1 / [34]
04-27 20:32:08.934  5429  6058 D SemContextLocationCoreAttribute: setAttribute() mode : 0 action : 23
04-27 20:32:08.934  5429  6058 D SemContextService: lock : changeParameters
04-27 20:32:08.934  5429  6058 D SemContext.CaeProvider.LocationCoreImpl: setAttribute() mode : 0 action : 23
04-27 20:32:08.935  5429  6058 W CAE     : setCAProperty(ContextAwareService.java:513) - [setProperty 01] Mutex is locked for SLOCATION_RUNNER
04-27 20:32:08.935  5429  6058 I CAE     : setPropertyValue(SLocationRunner.java:116) - SLocationRunner setProperty header : 34, len : 1
04-27 20:32:08.936  5429  6058 I CAE     : sendCmdToSensorHub(SensorHubCommManager.java:156) - -63, 23, 55, 34,
04-27 20:32:08.937  5429  5598 D SensorService: setSContextDataLocked ints length 2 , byte length 4
04-27 20:32:08.937  5429  5598 D SensorService: setSContextDataLocked 223717c1
04-27 20:32:08.938  4993  4993 I SensorsHub: SContextSensor::injecet_sensor_data
04-27 20:32:08.938  4993  4993 D SensorsHub: c1 17 37 22
04-27 20:32:08.938  4993  4993 D SensorsHub: inject_scontext_data: New ssp_data_injection_fd(28)
04-27 20:32:08.938  4993  4993 D SensorsHub: SContext Data Injection return 4
04-27 20:32:08.939  4993  5068 I SensorsHub: context 38 0 37 1,1,55,0,33,33,0,0,2,230,23,89,207,201,119,130,96,0,26,181,23,224,12,41,111,224,0,0,0,8,3,248,107,32,0,0,49,195, 29868911443643
04-27 20:32:08.939  4993  5068 I SensorsHub: context 10 0 9 1,1,55,0,5,2,34,0,0,0, 29868911514412
04-27 20:32:08.940  5429  5595 D SensorHubManager: onGetSensorHubDataLocked: library(38) = 1, 1, 55, 0, 33, 33, 0, 0, 2, -26, 23, 89, -49, -55, 119, -126, 96, 0, 26, -75, 23, -32, 12, 41, 111, -32, 0, 0, 0, 8, 3, -8, 107, 32, 0, 0, 49, -61
04-27 20:32:08.940  5429  5595 D SensorHubManager: onGetSensorHubDataLocked: library(10) = 1, 1, 55, 0, 5, 2, 34, 0, 0, 0
04-27 20:32:08.940  5429  6058 W CAE     : setCAProperty(ContextAwareService.java:519) - [setProperty 02] Mutex is unlocked for SLOCATION_RUNNER
04-27 20:32:08.940  5429  6058 D SemContextService: unlock : changeParameters
04-27 20:32:08.940  5429  6058 D SemContextManager:   .changeParameters : listener = com.samsung.android.location.semcontext.a@14d0c89, service=SLocation Core
04-27 20:32:08.940  5429  6058 D SLocation: PositionManager - receive fused location
04-27 20:32:08.941  5429  5596 D CAE     : onGetSensorHubData(SensorHubParserProvider.java:89) - onGetSensorHubData Event [event buffer len :38], AP_WAKEUP
04-27 20:32:08.941  5429  5596 I CAE     : parse(SensorHubParserProvider.java:190) - buffer size = 38
04-27 20:32:08.942  5429  5596 I CAE     : parse(SensorHubParserProvider.java:201) - 1, 1, 55, 0, 33, 33, 0, 0, 2, -26, 23, 89, -49, -55, 119, -126, 96, 0, 26, -75, 23, -32, 12, 41, 111, -32, 0, 0, 0, 8, 3, -8, 107, 32, 0, 0, 49, -61,
04-27 20:32:08.942  5429  5596 I CAE     : parse(SLocationRunner.java:88) - SLocationRunner parse start : 3
04-27 20:32:08.942  5429  5596 D CAE     : display(ContextProvider.java:375) - ================= SLOCATION_RUNNER =================
04-27 20:32:08.943  5429  5596 I CAE     : display(ContextProvider.java:391) - ExtraDataArray=[1, 1, 55, 0, 33, 33, 0, 0, 2, -26, 23, 89, -49, -55, 119, -126, 96, 0, 26, -75, 23, -32, 12, 41, 111, -32, 0, 0, 0, 8, 3, -8, 107, 32, 0, 0, 49, -61]
04-27 20:32:08.946  5429  5593 D SemContextService: Service.updateContext() : service = SLocation Core
04-27 20:32:08.947  5429  5596 I CAE     : parse(SLocationRunner.java:96) - SLocationRunner parse end:38
04-27 20:32:08.948  5429  5596 D CAE     : onGetSensorHubData(SensorHubParserProvider.java:89) - onGetSensorHubData Event [event buffer len :10], AP_WAKEUP
04-27 20:32:08.948  5429  5429 D SemContextManager: onSemContextChanged() : event = SLocation Core
04-27 20:32:08.948  5429  5429 D SLocation: SLocationCoreSem - SemContextChanged type = 47, packet received
04-27 20:32:08.949  5429  6058 I SLocation: SemContextParser -  parse start : 3
04-27 20:32:08.949  5429  6058 I SLocation: SemContextParser -  packet Length : 33packet total size : 38
04-27 20:32:08.949  5429  6058 I SLocation: SemContextParser - packet : [33, 0, 0, 2, -26, 23, 89, -49, -55, 119, -126, 96, 0, 26, -75, 23, -32, 12, 41, 111, -32, 0, 0, 0, 8, 3, -8, 107, 32, 0, 0, 49, -61]
04-27 20:32:08.949  5429  6058 D SLocation: GeofenceCoreManager - received Extra Data from core, len : 33
04-27 20:32:08.949  5429  6058 D SLocation: ARDistanceGetARDistance - convertSensorHubTimeToElapsedTime 1682602717409539973
04-27 20:32:08.949  5429  6058 D SLocation: ARDistanceGetARDistance - invalid location time from core pvt 1682602717409539973, do not use distance info
04-27 20:32:08.949  5429  5596 I CAE     : parse(SensorHubParserProvider.java:190) - buffer size = 10
04-27 20:32:08.950  5429  6058 D SLocation: CommonCoreManager - received Extra Data from core, len : 33
04-27 20:32:08.950  5429  5596 I CAE     : parse(SensorHubParserProvider.java:201) - 1, 1, 55, 0, 5, 2, 34, 0, 0, 0,
04-27 20:32:08.950  5429  5596 I CAE     : parse(SLocationRunner.java:88) - SLocationRunner parse start : 3
04-27 20:32:08.950  5429  5596 D CAE     : display(ContextProvider.java:375) - ================= SLOCATION_RUNNER =================
04-27 20:32:08.951  5429  5596 I CAE     : display(ContextProvider.java:391) - ExtraDataArray=[1, 1, 55, 0, 5, 2, 34, 0, 0, 0]
04-27 20:32:08.952  5429  5596 I CAE     : parse(SLocationRunner.java:96) - SLocationRunner parse end:10
04-27 20:32:08.952  5429  5593 D SemContextService: Service.updateContext() : service = SLocation Core
04-27 20:32:08.953  5429  5429 D SemContextManager: onSemContextChanged() : event = SLocation Core
04-27 20:32:08.953  5429  5429 D SLocation: SLocationCoreSem - SemContextChanged type = 47, packet received
04-27 20:32:08.953  5429  6058 I SLocation: SemContextParser -  parse start : 3
04-27 20:32:08.953  5429  6058 I SLocation: SemContextParser -  packet Length : 5packet total size : 10
04-27 20:32:08.953  5429  6058 I SLocation: SemContextParser - packet : [2, 34, 0, 0, 0]
04-27 20:32:08.954  5429  6058 D SLocation: GeofenceCoreManager - received Extra Data from core, len : 5
04-27 20:32:08.954  5429  6058 D SLocation: GeofenceCoreManager - handleCommandCallback - UNKNOWN_CALLBACK 34 SUCCESS
04-27 20:32:08.954  5429  6058 D SLocation: ARDistanceLibManager - command callback received - CURRENT_LOCATION_REQUEST_DISTANCE ERROR CODE : ERROR_NONE
04-27 20:32:08.954  5429  6058 D SLocation: CommonCoreManager - received Extra Data from core, len : 5
04-27 20:32:09.012  6734 29038 I GCoreUlr: Successfully inserted 1 locations
04-27 20:32:09.099  6734 28907 I SemanticLocation: [Inferrer] IncrementalTimelineInferrer.predict() logs:
04-27 20:32:09.099  6734 28907 I SemanticLocation: Timeline Paths Enabled! Start Computing the timeline paths.
04-27 20:32:09.099  6734 28907 I SemanticLocation:
04-27 20:32:09.099  6734 28907 I SemanticLocation: [CONTEXT service_id=173 ]
04-27 20:32:09.350  6734  6743 I .gms.persistent: Background concurrent copying GC freed 545937(26MB) AllocSpace objects, 8(396KB) LOS objects, 47% free, 26MB/50MB, paused 383us,137us total 361.195ms
04-27 20:32:09.357  4899  4899 E audit   : type=1400 audit(1682620329.347:17986): avc:  denied  { read } for  pid=4458 comm="binder:4458_2" name="u:object_r:perf_prop:s0" dev="tmpfs" ino=21617 scontext=u:r:untrusted_app:s0:c83,c256,c512,c768 tcontext=u:object_r:perf_prop:s0 tclass=file permissive=0 SEPF_SM-A515F_13_0001 audit_filtered
04-27 20:32:09.357  4899  4899 E audit   : type=1300 audit(1682620329.347:17986): arch=c00000b7 syscall=56 success=no exit=-13 a0=ffffff9c a1=7804ab32f8 a2=88000 a3=0 items=0 ppid=4924 pid=4458 auid=4294967295 uid=10083 gid=10083 euid=10083 suid=10083 fsuid=10083 egid=10083 sgid=10083 fsgid=10083 tty=(none) ses=4294967295 comm="binder:4458_2" exe="/system/bin/app_process64" subj=u:r:untrusted_app:s0:c83,c256,c512,c768 key=(null)
04-27 20:32:09.357  4899  4899 E audit   : type=1327 audit(1682620329.347:17986): proctitle="<pre-initialized>"
04-27 20:32:09.359  4899  4899 E audit   : type=1400 audit(1682620329.355:17987): avc:  denied  { read } for  pid=3264 comm="binder:3264_3" name="u:object_r:perf_prop:s0" dev="tmpfs" ino=21617 scontext=u:r:untrusted_app:s0:c252,c256,c512,c768 tcontext=u:object_r:perf_prop:s0 tclass=file permissive=0 SEPF_SM-A515F_13_0001 audit_filtered
04-27 20:32:09.360  3264  3279 W libc    : Access denied finding property "sys.perf.boostopt"
04-27 20:32:09.360  4899  4899 E audit   : type=1300 audit(1682620329.355:17987): arch=c00000b7 syscall=56 success=no exit=-13 a0=ffffff9c a1=78049b52f8 a2=88000 a3=0 items=0 ppid=4924 pid=3264 auid=4294967295 uid=10252 gid=10252 euid=10252 suid=10252 fsuid=10252 egid=10252 sgid=10252 fsgid=10252 tty=(none) ses=4294967295 comm="binder:3264_3" exe="/system/bin/app_process64" subj=u:r:untrusted_app:s0:c252,c256,c512,c768 key=(null)
04-27 20:32:09.360  4899  4899 E audit   : type=1327 audit(1682620329.355:17987): proctitle="com.google.android.apps.photos"
04-27 20:32:09.361  4458  4471 W libc    : Access denied finding property "sys.perf.boostopt"
04-27 20:32:09.363  2832  2846 W libc    : Access denied finding property "sys.perf.boostopt"
04-27 20:32:09.998  5429  7411 D SemWifiUsabilityStatsMonitor: onWifiUsabilityStats - seqNum 4114, isSameBssidAndFreq true
04-27 20:32:10.001  5429  5717 I SemWifiLinkQualityMonitor: Link Qos Query: 0.185 ms / 43.200 Mbps (72 / 0.000 / 1.667)
04-27 20:32:10.413  5429  5751 D NetdEventListenerService: DNS Requested by : 108, 1000
04-27 20:32:10.981  8419 10350 I DMASA[C]: [a]Cancel SA_UPLOAD_CUSTOM_CELLULAR job
04-27 20:32:12.892  6734  3858 W Nearby  : [MBleClient] Ignore outdated onLost runnable from cycle : 23, current cycle : 125 [CONTEXT service_id=49 ]
04-27 20:32:12.893  6734  3858 W Nearby  : [MBleClient] Ignore outdated onLost runnable from cycle : 24, current cycle : 125 [CONTEXT service_id=49 ]
04-27 20:32:13.036  5429  7411 D SemWifiUsabilityStatsMonitor: onWifiUsabilityStats - seqNum 4115, isSameBssidAndFreq true
04-27 20:32:13.044  5429  5717 I SemWifiLinkQualityMonitor: Link Qos Query: 0.127 ms / 63.000 Mbps (72 / 0.000 / 1.143)
04-27 20:32:13.546  5261  5446 D SemNativeCarrierFeature_vendor: getInstance
04-27 20:32:13.648  6180  6412 I ImsSecChannelCallback: receive
04-27 20:32:13.648  6180  6412 I IpcDispatcher<0>: [Rx]: (M)IPC_IIL_CMD (S)IPC_IIL_SSAC_INFO (T)EVENT l:13
04-27 20:32:13.651  6180  6180 I SsacManager: updateSSACInfo[0] : Voice(-1:0) Video(-1:0)
04-27 20:32:13.651  6180  6180 I SsacManager: Voice Call updateSSACInfo[0] : f[100], t[0]
04-27 20:32:13.651  6180  6180 I SsacManager: Video Call updateSSACInfo[0] : f[100], t[0]
04-27 20:32:13.660  5261  5446 D SemNativeCarrierFeature_vendor: getInstance
04-27 20:32:13.665  5261  5364 D SemNativeCarrierFeature_vendor: getInstance
04-27 20:32:13.679  5261  5446 D SemNativeCarrierFeature_vendor: getInstance
04-27 20:32:13.688  5261  5364 D SemNativeCarrierFeature_vendor: getInstance
04-27 20:32:13.887  5067  5067 E sehhealth-service: Could not open /sys/class/power_supply/battery/lrp
04-27 20:32:13.891  5429  5602 D MotionRecognitionService: [SAR]  onReceive : ACTION_BATTERY_CHANGED, Plugged: 2
04-27 20:32:13.894  5429  5429 D PhoneWindowManagerExt: ACTION_BATTERY_CHANGED - Level=77, status=2
04-27 20:32:13.904  5429  5429 D SemWifiApBroadcastReceiver: Received : android.intent.action.BATTERY_CHANGED
04-27 20:32:13.915  5878  5878 I PowerUI : mBootCompleted = true |  mFullyConnected = true
04-27 20:32:13.916  5878  5878 W PowerUI : Plug reason
04-27 20:32:13.916  5878  5878 W PowerUI : Skip charging animation - by plug status
04-27 20:32:13.917  5878  5878 D PowerUI : priorPlugType = 2 mPlugType = 2 priorBatteryStatus = 2 mBatteryStatus = 2
04-27 20:32:13.917  5878  5878 W PowerUI : Plug reason
04-27 20:32:13.917  5878  5878 W PowerUI : Skip charging sound - by plug status
04-27 20:32:13.917  5878  5878 I PowerUI : oldMisalign : false, curMisalign : false
04-27 20:32:13.919  5878  7399 D SecPowerUI.Notification: dismissing low battery warning: level=77
04-27 20:32:13.919  5878  7399 D SecPowerUI.Notification: updateNotification mWarning=false mPlaySound=false
04-27 20:32:13.917  5787  5787 D SemBigDataInfoController: Intent: android.intent.action.BATTERY_CHANGED
04-27 20:32:13.920  5787  5787 D SemBigDataInfoController: Intent: android.intent.action.BATTERY_CHANGED
04-27 20:32:13.937  5878  7399 D SecPowerUI.Notification: SecBatteryStatsSnapshot{batteryLevel=77, currentBatteryMode=0, chargingTime=2365000, chargingType=11, batteryHealth=2, automaticTestMode=false, isHiccupState=false}
04-27 20:32:13.940  5878  5878 D SecPowerUI.Notification: showChargingNotice oldChargingType : 11 / currentChargingType : 11, oldChargingTime : 2365000 / mChargingTime : 2358000
04-27 20:32:13.941  5878  5878 D SecPowerUI.Notification: showChargingNotification()
04-27 20:32:13.941  5878  5878 D SecPowerUI.Notification: SecBatteryStatsSnapshot{batteryLevel=77, currentBatteryMode=0, chargingTime=2358000, chargingType=11, batteryHealth=2, automaticTestMode=false, isHiccupState=false}
04-27 20:32:13.941  5878  7399 D SecPowerUI.Notification: 1. restoreScreenTimeOut - saved_value : :
04-27 20:32:13.941  5878  7399 E SecPowerUI.Notification: no saved value, so we do nothing !!
04-27 20:32:13.950  5429  8528 D ApplicationPolicy: isStatusBarNotificationAllowedAsUser: packageName = com.android.systemui,userId = 0
04-27 20:32:13.951  5429  8528 D ApplicationPolicy: isStatusBarNotificationAllowedAsUser: packageName = com.android.systemui,userId = -1
04-27 20:32:13.952  5429  8528 D ApplicationPolicy: isStatusBarNotificationAllowedAsUser: converting userId from USER_ALLto 0
04-27 20:32:13.958  5878  5878 D PowerUI : Battery swelling mode - priorBatterySwellingMode = 0 mBatterySwellingMode = 0 mBatteryStatus = 2
04-27 20:32:13.958  5878  5878 I PowerUI : mBatteryMiscEvent = 65536
04-27 20:32:13.958  5878  5878 D KeyguardUpdateMonitor: received broadcast android.intent.action.BATTERY_CHANGED
04-27 20:32:13.959  5878  5878 D SamsungBatteryMeterDrawable: onBatteryLevelChanged isSomethingChanged: false
04-27 20:32:13.960  5878  5878 D SamsungBatteryMeterDrawable: onBatteryLevelChanged isSomethingChanged: false
04-27 20:32:13.960  5878  5878 D SamsungBatteryMeterDrawable: onBatteryLevelChanged isSomethingChanged: false
04-27 20:32:13.961  5878  5878 D SamsungBatteryMeterDrawable: onBatteryLevelChanged isSomethingChanged: false
04-27 20:32:13.962  5878  5878 I AODBatteryManager: updateBatteryData: ACTION_BATTERY_CHANGED
04-27 20:32:13.964  5878  5878 I AODBatteryManager: saveBatteryData : AOD BatteryData [mBatteryLevel=77, mBatteryStatus=CHARGING, mBatteryPlugType=USB, mBatteryPlugged=true, mRemainingChargeTime=2358000, mBatteryChargingType=2, mBatteryChargerType=FAST, mBatteryOnline=NOT_DEFINED, mBatterySwellingMode=NONE, mBatteryProtectMode=false]
04-27 20:32:13.964  5878  5878 I ChargingInfoManager: updateChargingInfo: newState = AOD ChargingInfo [mState=BATTERY_AND_REMAIN_TIME, mIsCharging=true, mIsFullyCharged=false, mIsBatteryProtectMode=false], oldState = AOD ChargingInfo [mState=BATTERY_AND_REMAIN_TIME, mIsCharging=true, mIsFullyCharged=false, mIsBatteryProtectMode=false]
04-27 20:32:13.965  5878  5878 D KeyguardUpdateMonitor: handleBatteryUpdate
04-27 20:32:13.972  5878  5878 D KeyguardSecIndicationController: addIndicationTimeout() returned - unlocking
04-27 20:32:13.972  5878  5878 D KeyguardSecIndicationController: addIndication() returned - unlocking
04-27 20:32:13.972  5878  5878 D KeyguardSecIndicationPolicy:  remove Item pos = DEFAULT, type =           OWNER_INFO
04-27 20:32:13.973  5878  5878 D KeyguardSecIndicationController: addBatteryAndOwnerInfoIndication() battery status = BatteryStatus{status=2,level=77,plugged=2,health=2,maxChargingWattage=-1,remaining=2358000ultraFastCharger=1}
04-27 20:32:13.973  5878  5878 I ChargingInfoView: handleMessage: MSG_SHOW_CHARGING_INFO
04-27 20:32:13.973  5878  5878 I ChargingInfoView: updateContents: BATTERY_AND_REMAIN_TIME
04-27 20:32:13.973  5878  5878 I ChargingInfoView: handleMessage: MSG_SHOW_CHARGING_INFO
04-27 20:32:13.973  5878  5878 I ChargingInfoView: updateContents: BATTERY_AND_REMAIN_TIME
04-27 20:32:14.192  6323  6323 I Launcher.NotificationListener: onNotificationPosted : com.android.systemui number : 0
04-27 20:32:14.192  5785  5785 I FreeformContainer: [SmartPopupViewService] onNotificationPosted: StatusBarNotification(pkg=com.android.systemui user=UserHandle{-1} id=2131428972 tag=charging_state key=-1|com.android.systemui|2131428972|charging_state|10054: Notification(channel=CHR shortcut=null contentView=null vibrate=null sound=null defaults=0x0 flags=0xa color=0xff5075a1 category=sys groupKey=CHARGING vis=PUBLIC semFlags=0x0 semPriority=0 semMissedCount=0))
04-27 20:32:14.192  5785  5785 V FreeformContainer: [SmartPopupViewService] isSmartPopupViewTarget: com.android.systemui is not enabled
04-27 20:32:14.203  9209  9748 I NotificationPipeline: Processing new notification: -1|com.android.systemui|2131428972|charging_state|10054
04-27 20:32:14.204  9209  9748 W Notification4Heart_NB: NotificationBridgeCallback.onNotificationPosted-Ignored package : [-1] com.android.systemui
04-27 20:32:14.217  5878  5878 D PluginAODManager: onNotificationInfoUpdated() 0
04-27 20:32:14.218  5878  5878 I AODNotificationManager: updateVisibleNotifications: 0
04-27 20:32:14.218  5878  5878 I a       : updateStatusBarNotifications: open
04-27 20:32:14.218  5878  5878 I a       : updateStatusBarNotifications: open
04-27 20:32:14.389  5878  5878 D BubblesManager: onEntryUpdated : shouldBubbleUp=false ,key=-1|com.android.systemui|2131428972|charging_state|10054
04-27 20:32:14.439  5878  5878 I FaceWidgetPositionAlgorithm: getClockContainerHeight() supplier = 270, bottom margin = 0, real height = 333
04-27 20:32:14.440  5878  5878 I FaceWidgetPositionAlgorithm: getClockContainerHeight() supplier = 270, bottom margin = 63, real height = 333
04-27 20:32:14.440  5878  5878 I FaceWidgetPositionAlgorithm: getMediaContainerHeight() height = 0 container Visibility = 8, isValid = false, mIsDozing = false, fraction = 1.0, source = 0, target = 0
04-27 20:32:14.440  5878  5878 I FaceWidgetPositionAlgorithm: getMediaContainerHeight() supplier = 0
04-27 20:32:14.457  5878  5878 D PluginAODManager: onNotificationInfoUpdated() 0
04-27 20:32:14.458  5878  5878 I AODNotificationManager: updateVisibleNotifications: 0
04-27 20:32:14.458  5878  5878 I a       : updateStatusBarNotifications: open
04-27 20:32:14.458  5878  5878 I a       : updateStatusBarNotifications: open
04-27 20:32:14.497  5878  5878 I FaceWidgetPositionAlgorithm: getClockContainerHeight() supplier = 270, bottom margin = 0, real height = 333
04-27 20:32:14.498  5878  5878 I FaceWidgetPositionAlgorithm: getClockContainerHeight() supplier = 270, bottom margin = 63, real height = 333
04-27 20:32:14.498  5878  5878 I FaceWidgetPositionAlgorithm: getMediaContainerHeight() height = 0 container Visibility = 8, isValid = false, mIsDozing = false, fraction = 1.0, source = 0, target = 0
04-27 20:32:14.499  5878  5878 I FaceWidgetPositionAlgorithm: getMediaContainerHeight() supplier = 0
04-27 20:32:14.548  5878  5878 I FaceWidgetPositionAlgorithm: getClockContainerHeight() supplier = 270, bottom margin = 0, real height = 333
04-27 20:32:14.549  5878  5878 I FaceWidgetPositionAlgorithm: getClockContainerHeight() supplier = 270, bottom margin = 63, real height = 333
04-27 20:32:14.549  5878  5878 I FaceWidgetPositionAlgorithm: getMediaContainerHeight() height = 0 container Visibility = 8, isValid = false, mIsDozing = false, fraction = 1.0, source = 0, target = 0
04-27 20:32:14.549  5878  5878 I FaceWidgetPositionAlgorithm: getMediaContainerHeight() supplier = 0
04-27 20:32:14.554  5878  5878 D PluginAODManager: onNotificationInfoUpdated() 0
04-27 20:32:14.555  5878  5878 I AODNotificationManager: updateVisibleNotifications: 0
04-27 20:32:14.555  5878  5878 I a       : updateStatusBarNotifications: open
04-27 20:32:14.555  5878  5878 I a       : updateStatusBarNotifications: open
04-27 20:32:16.080  5429  7411 D SemWifiUsabilityStatsMonitor: onWifiUsabilityStats - seqNum 4116, isSameBssidAndFreq true
04-27 20:32:16.087  5878  5878 D NetworkController.WifiSignalController: notifyListener: visible=true, connected=true, inetCondition=1, isDefault=true, wifiTestReported=true, receivedInetCondition=-1, hideDuringMobileSwitching=false
04-27 20:32:16.087  5429  5717 I SemWifiLinkQualityMonitor: Link Qos Query: 0.222 ms / 36.000 Mbps (72 / 0.000 / 2.000)
04-27 20:32:16.089  5878  6043 D Tile.WifiTile: handleUpdateState isTransient=false transientEnabling =false cb.isTransient=false state.state = 2 mStateBeforeClick.value =false enabled =true
04-27 20:32:18.965  5878  5878 D SecPowerUI.Notification: showChargingNotice oldChargingType : 11 / currentChargingType : 11, oldChargingTime : 2358000 / mChargingTime : 2358000
04-27 20:32:18.966  5878  5878 D SecPowerUI.Notification: There is no change about charging status, so return!
04-27 20:32:19.118  5429  7411 D SemWifiUsabilityStatsMonitor: onWifiUsabilityStats - seqNum 4117, isSameBssidAndFreq true
04-27 20:32:19.123  5878  5878 D NetworkController.WifiSignalController: notifyListener: visible=true, connected=true, inetCondition=1, isDefault=true, wifiTestReported=true, receivedInetCondition=-1, hideDuringMobileSwitching=false
04-27 20:32:19.126  5878  6043 D Tile.WifiTile: handleUpdateState isTransient=false transientEnabling =false cb.isTransient=false state.state = 2 mStateBeforeClick.value =false enabled =true
04-27 20:32:19.126  5429  5717 I SemWifiLinkQualityMonitor: Link Qos Query: 0.167 ms / 48.000 Mbps (72 / 0.000 / 1.500)
04-27 20:32:20.490  8449  8666 I SemDvfsHyPerManager: acquire hyper - SIOP_ARM_MAX/8449@2, type = 301993986
04-27 20:32:20.493  5040  5080 I HYPER-HAL: [RequestManager.cpp]acquire(): Acquired ID : 35713928  [8449 / 2]    HINT :      list : [CPUMaxFreq / 2080000]
04-27 20:32:21.294  4923  5022 W doh::connection: Connection driver returns some Err: Closed
04-27 20:32:22.144  5429  7411 D SemWifiUsabilityStatsMonitor: onWifiUsabilityStats - seqNum 4118, isSameBssidAndFreq true
04-27 20:32:22.147  5429  5717 I SemWifiLinkQualityMonitor: Link Qos Query: 0.167 ms / 48.000 Mbps (72 / 0.000 / 1.500)
04-27 20:32:22.147  5878  5878 D NetworkController.WifiSignalController: notifyListener: visible=true, connected=true, inetCondition=1, isDefault=true, wifiTestReported=true, receivedInetCondition=-1, hideDuringMobileSwitching=false
04-27 20:32:22.152  5878  6043 D Tile.WifiTile: handleUpdateState isTransient=false transientEnabling =false cb.isTransient=false state.state = 2 mStateBeforeClick.value =false enabled =true
04-27 20:32:22.169  5429  5649 D ConnectivityService: requestNetwork for uid/pid:10256/30906 activeRequest: null callbackRequest: 3981 [NetworkRequest [ REQUEST id=3982, [ Capabilities: INTERNET&NOT_RESTRICTED&TRUSTED&NOT_VCN_MANAGED Uid: 10256 RequestorUid: 10256 RequestorPkg: com.sec.android.app.shealth UnderlyingNetworks: Null] ]] callback flags: 0 order: 2147483647
04-27 20:32:22.170  5429  5665 D ConnectivityService:    accepting network in place of null
04-27 20:32:22.189  5429  5655 D WifiNetworkFactory: got request NetworkRequest [ REQUEST id=3982, [ Capabilities: INTERNET&NOT_RESTRICTED&TRUSTED&NOT_VCN_MANAGED Uid: 10256 RequestorUid: 10256 RequestorPkg: com.sec.android.app.shealth UnderlyingNetworks: Null] ]
04-27 20:32:22.191  5429  5655 D UntrustedWifiNetworkFactory: got request NetworkRequest [ REQUEST id=3982, [ Capabilities: INTERNET&NOT_RESTRICTED&TRUSTED&NOT_VCN_MANAGED Uid: 10256 RequestorUid: 10256 RequestorPkg: com.sec.android.app.shealth UnderlyingNetworks: Null] ]
04-27 20:32:22.193  5429  5655 D OemPaidWifiNetworkFactory: got request NetworkRequest [ REQUEST id=3982, [ Capabilities: INTERNET&NOT_RESTRICTED&TRUSTED&NOT_VCN_MANAGED Uid: 10256 RequestorUid: 10256 RequestorPkg: com.sec.android.app.shealth UnderlyingNetworks: Null] ]
04-27 20:32:22.195  5429  5655 D MultiInternetWifiNetworkFactory: got request NetworkRequest [ REQUEST id=3982, [ Capabilities: INTERNET&NOT_RESTRICTED&TRUSTED&NOT_VCN_MANAGED Uid: 10256 RequestorUid: 10256 RequestorPkg: com.sec.android.app.shealth UnderlyingNetworks: Null] ]
04-27 20:32:22.196  5429  5665 D ConnectivityService: Rematched networks [computed 1ms] [applied 5ms] [issued 21]
04-27 20:32:22.196  5429  5665 D ConnectivityService: NetworkReassignment :
04-27 20:32:22.196  5429  5665 D ConnectivityService:   3982 : null â†’ 108
04-27 20:32:22.257 30906 31089 W SHEALTH#SOCIAL#SocialStepSyncWorker: [SocialStepSyncWorker][doWork] starts requestType = INTERNAL_LOOP
04-27 20:32:22.316  4924  4924 D Zygote  : Forked child process 5329
04-27 20:32:22.393  5329  5329 I .osp.app.signin: Using CollectorTypeCC GC.
04-27 20:32:22.406  5329  5329 E .osp.app.signin: Not starting debugger since process cannot load the jdwp agent.
04-27 20:32:22.415  5329  5329 W libc    : Access denied finding property "sys.perf.boostopt"
04-27 20:32:22.416  4899  4899 E audit   : type=1400 audit(1682620342.411:17989): avc:  denied  { read } for  pid=5329 comm=".osp.app.signin" name="u:object_r:perf_prop:s0" dev="tmpfs" ino=21617 scontext=u:r:platform_app:s0:c512,c768 tcontext=u:object_r:perf_prop:s0 tclass=file permissive=0 SEPF_SM-A515F_13_0001 audit_filtered
04-27 20:32:22.416  5329  5346 W libc    : Access denied finding property "sys.perf.boostopt"
04-27 20:32:22.416  4899  4899 E audit   : type=1300 audit(1682620342.411:17989): arch=c00000b7 syscall=56 success=no exit=-13 a0=ffffff9c a1=7fcb563ba8 a2=88000 a3=0 items=0 ppid=4924 pid=5329 auid=4294967295 uid=10104 gid=10104 euid=10104 suid=10104 fsuid=10104 egid=10104 sgid=10104 fsgid=10104 tty=(none) ses=4294967295 comm=".osp.app.signin" exe="/system/bin/app_process64" subj=u:r:platform_app:s0:c512,c768 key=(null)
04-27 20:32:22.417  4899  4899 E audit   : type=1327 audit(1682620342.411:17989): proctitle="zygote64"
04-27 20:32:22.417  4899  4899 E audit   : type=1400 audit(1682620342.411:17990): avc:  denied  { read } for  pid=5329 comm="binder:5329_1" name="u:object_r:perf_prop:s0" dev="tmpfs" ino=21617 scontext=u:r:platform_app:s0:c512,c768 tcontext=u:object_r:perf_prop:s0 tclass=file permissive=0 SEPF_SM-A515F_13_0001 audit_filtered
04-27 20:32:22.418  5329  5329 D ActivityThread: setConscryptValidator
04-27 20:32:22.418  5329  5329 D ActivityThread: setConscryptValidator - put
04-27 20:32:22.444  5329  5346 W libc    : Access denied finding property "sys.perf.boostopt"
04-27 20:32:22.451  5329  5329 D CompatibilityChangeReporter: Compat change id reported: 171979766; UID 10104; state: ENABLED
04-27 20:32:22.504  5329  5329 D nativeloader: Configuring classloader-namespace for other apk /system/framework/org.apache.http.legacy.jar. target_sdk_version=33, uses_libraries=ALL, library_path=/data/app/~~EhoCLpe9IJr2cAibezJfdg==/com.osp.app.signin-mgXNME0fm512t8l_4MNsMA==/lib/arm64:/data/app/~~EhoCLpe9IJr2cAibezJfdg==/com.osp.app.signin-mgXNME0fm512t8l_4MNsMA==/base.apk!/lib/arm64-v8a, permitted_path=/data:/mnt/expand:/data/user/0/com.osp.app.signin
04-27 20:32:22.504  5329  5329 D nativeloader: Extending system_exposed_libraries: libhumantracking.arcsoft.so:libPortraitDistortionCorrection.arcsoft.so:libPortraitDistortionCorrectionCali.arcsoft.so:libface_landmark.arcsoft.so:libFacialStickerEngine.arcsoft.so:libveengine.arcsoft.so:liblow_light_hdr.arcsoft.so:libhigh_dynamic_range.arcsoft.so:libFacialAttributeDetection.arcsoft.so:libBeauty_v4.camera.samsung.so:libexifa.camera.samsung.so:libjpega.camera.samsung.so:libOpenCv.camera.samsung.so:libImageScreener.camera.samsung.so:libMyFilter.camera.samsung.so:libtensorflowLite.myfilter.camera.samsung.so:libtensorflowlite_inference_api.myfilter.camera.samsung.so:libEventFinder.camera.samsung.so:libHIDTSnapJNI.camera.samsung.so:libSmartScan.camera.samsung.so:libRectify.camera.samsung.so:libDocRectifyWrapper.camera.samsung.so:libUltraWideDistortionCorrection.camera.samsung.so:libHpr_RecGAE_cvFeature_v1.0.camera.samsung.so:libHprFace_GAE_api.camera.samsung.so:libFace_Landmark_API.camera.samsung.so:libHprFace_GAE_jni.camera.samsung.so:libFacialBasedSelfieCorrec
04-27 20:32:22.546  5329  5329 D nativeloader: Configuring classloader-namespace for other apk /system/framework/samsungkeystoreutils.jar. target_sdk_version=33, uses_libraries=ALL, library_path=/data/app/~~EhoCLpe9IJr2cAibezJfdg==/com.osp.app.signin-mgXNME0fm512t8l_4MNsMA==/lib/arm64:/data/app/~~EhoCLpe9IJr2cAibezJfdg==/com.osp.app.signin-mgXNME0fm512t8l_4MNsMA==/base.apk!/lib/arm64-v8a, permitted_path=/data:/mnt/expand:/data/user/0/com.osp.app.signin
04-27 20:32:22.546  5329  5329 D nativeloader: Extending system_exposed_libraries: libhumantracking.arcsoft.so:libPortraitDistortionCorrection.arcsoft.so:libPortraitDistortionCorrectionCali.arcsoft.so:libface_landmark.arcsoft.so:libFacialStickerEngine.arcsoft.so:libveengine.arcsoft.so:liblow_light_hdr.arcsoft.so:libhigh_dynamic_range.arcsoft.so:libFacialAttributeDetection.arcsoft.so:libBeauty_v4.camera.samsung.so:libexifa.camera.samsung.so:libjpega.camera.samsung.so:libOpenCv.camera.samsung.so:libImageScreener.camera.samsung.so:libMyFilter.camera.samsung.so:libtensorflowLite.myfilter.camera.samsung.so:libtensorflowlite_inference_api.myfilter.camera.samsung.so:libEventFinder.camera.samsung.so:libHIDTSnapJNI.camera.samsung.so:libSmartScan.camera.samsung.so:libRectify.camera.samsung.so:libDocRectifyWrapper.camera.samsung.so:libUltraWideDistortionCorrection.camera.samsung.so:libHpr_RecGAE_cvFeature_v1.0.camera.samsung.so:libHprFace_GAE_api.camera.samsung.so:libFace_Landmark_API.camera.samsung.so:libHprFace_GAE_jni.camera.samsung.so:libFacialBasedSelfieCorrec
04-27 20:32:22.616  5329  5329 D nativeloader: Configuring classloader-namespace for other apk /data/app/~~EhoCLpe9IJr2cAibezJfdg==/com.osp.app.signin-mgXNME0fm512t8l_4MNsMA==/base.apk. target_sdk_version=33, uses_libraries=, library_path=/data/app/~~EhoCLpe9IJr2cAibezJfdg==/com.osp.app.signin-mgXNME0fm512t8l_4MNsMA==/lib/arm64:/data/app/~~EhoCLpe9IJr2cAibezJfdg==/com.osp.app.signin-mgXNME0fm512t8l_4MNsMA==/base.apk!/lib/arm64-v8a, permitted_path=/data:/mnt/expand:/data/user/0/com.osp.app.signin
04-27 20:32:22.693  5329  5329 V GraphicsEnvironment: ANGLE Developer option for 'com.osp.app.signin' set to: 'default'
04-27 20:32:22.695  5329  5329 V GraphicsEnvironment: ANGLE GameManagerService for com.osp.app.signin: false
04-27 20:32:22.695  5329  5329 V GraphicsEnvironment: Neither updatable production driver nor prerelease driver is supported.
04-27 20:32:22.705  5329  5329 D NetworkSecurityConfig: No Network Security Config specified, using platform default
04-27 20:32:22.719  5329  5329 D NetworkSecurityConfig: No Network Security Config specified, using platform default
04-27 20:32:22.782  5329  5329 W .osp.app.signin: Opening an oat file without a class loader. Are you using the deprecated DexFile APIs?
04-27 20:32:22.947  5329  5329 D CompatibilityChangeReporter: Compat change id reported: 183155436; UID 10104; state: ENABLED
04-27 20:32:22.950  5329  5329 I FirebaseApp: Device unlocked: initializing all Firebase APIs for app [DEFAULT]
04-27 20:32:23.043  5329  5329 I FirebaseInitProvider: FirebaseApp initialization successful
04-27 20:32:23.063  5329  5329 I CapsuleProvider_1.0.23: onCreate
04-27 20:32:23.072  5329  5329 D WM-WrkMgrInitializer: Initializing WorkManager with default configuration.
04-27 20:32:23.092  5329  5353 I DynamiteModule: Considering local module com.google.android.gms.measurement.dynamite:78 and remote module com.google.android.gms.measurement.dynamite:88
04-27 20:32:23.092  5329  5353 I DynamiteModule: Selected remote version of com.google.android.gms.measurement.dynamite, version >= 88
04-27 20:32:23.092  5329  5353 V DynamiteModule: Dynamite loader version >= 2, using loadModule2NoCrashUtils
04-27 20:32:23.100  5429  5649 D PackageManager: setEnabledSetting : userId = 0 packageName = com.osp.app.signin cmp = androidx.work.impl.background.systemjob.SystemJobService newState = 1 callingPackage = 10104/com.osp.app.signin
04-27 20:32:23.101  5429  5649 D ApplicationPolicy: getApplicationStateEnabled : pkg = com.osp.app.signin userId : 0
04-27 20:32:23.103  5429  5649 D ApplicationPolicy: getApplicationComponentState : pkg = com.osp.app.signin userId : 0
04-27 20:32:23.135  5329  5353 W System  : ClassLoader referenced unknown path:
04-27 20:32:23.138  5329  5353 D nativeloader: Configuring classloader-namespace for other apk . target_sdk_version=33, uses_libraries=, library_path=/data/app/~~fupSe7mT3TYRtpByrpi4GQ==/com.google.android.gms-bmnvTG7hLJarQuEcM9Lr_Q==/lib/arm64:/data/app/~~fupSe7mT3TYRtpByrpi4GQ==/com.google.android.gms-bmnvTG7hLJarQuEcM9Lr_Q==/base.apk!/lib/arm64-v8a, permitted_path=/data:/mnt/expand:/data/user/0/com.google.android.gms
04-27 20:32:23.187  5329  5366 D CompatibilityChangeReporter: Compat change id reported: 160794467; UID 10104; state: ENABLED
04-27 20:32:23.203  5329  5329 D DIAGMON_SDK[605055]: setDeviceId :
04-27 20:32:23.267  5329  5329 I SamsungAccount: [BrandNameUtil] isBrandGalaxy, isCscFeatureEnabled: false
04-27 20:32:23.268  5329  5329 I SamsungAccount: [BrandNameUtil] isBrandGalaxy, oneUiVersion is below 5.1: true
04-27 20:32:23.272  5329  5329 I SamsungAccount: [GlobalSearchProvider] secQueryGetFingerprint : 1410000008en_GB
04-27 20:32:23.284  5329  5329 I SamsungAccount: [SamsungService(Application)] onCreate START
04-27 20:32:23.291  5329  5348 I SamsungAccount: [AccountManagerProvider] Calling package : app.shealth.
04-27 20:32:23.295  5329  5348 I SamsungAccount: [SignatureCheckUtil] runCheckSignatureAsync
04-27 20:32:23.295  5329  5348 I SamsungAccount: [SignaturePreconditionChecker] getSignatureResult - fromSesSdk : false
04-27 20:32:23.298  5329  5329 D SamsungAccount$SALogger: init Log Path : /data/user/0/com.osp.app.signin/Log/
04-27 20:32:23.308  5329  5329 D SamsungAccount$SALogger: init success
04-27 20:32:23.311  5329  5346 W libc    : Access denied finding property "sys.perf.boostopt"
04-27 20:32:23.314  5329  5329 I SamsungAccount: [TestPropertyManager] setPropStagingMode, server: NONE
04-27 20:32:23.314  5329  5329 I SamsungAccount: [TestPropertyManager] HiddenModeValueIsSet? false [hiddenModeServerName: NONE, hiddenModeMcc: NONE, isMarketingAgreementToastMode: false, isAgreementHistoryWriteMode: false, isInvalidSimTestMode: false]
04-27 20:32:23.323  5329  5348 I SamsungAccount: [SignatureInfoDbHelper] getSignatureResult - [10/1y90e][app.shealth.]
04-27 20:32:23.325  5329  5329 I SamsungAccount: [TestPropertyManager] property file not exist
04-27 20:32:23.326  5329  5348 I SamsungAccount: [SignatureInfoDbHelper] searchOnUser
04-27 20:32:23.333  5329  5329 I SamsungAccount: [DeviceManager] init START
04-27 20:32:23.349  5329  5329 I SamsungAccount: [DeviceManager] init END
04-27 20:32:23.351  5329  5329 I SamsungAccount: [OpenDBManager] saveOpenData(Support_SamsungPass_Integration, true)
04-27 20:32:23.355  5329  5329 I SamsungAccount: [OpenContentProvider]  URI : content://com.msc.openprovider.openContentProvider/openData
04-27 20:32:23.360  5329  5329 I SamsungAccount: [OpenContentProvider] update openData : true
04-27 20:32:23.363  5329  5329 I SamsungAccount: [PushUtil] enable firebase auto init by RU
04-27 20:32:23.381  5329  5329 I SamsungAccount: [AccountManagerUtil] isSamsungAccountSignedIn : true
04-27 20:32:23.381  5329  5329 I SamsungAccount: [PushUtil] requestSmpInit
04-27 20:32:23.383  5329  5348 I SamsungAccount: [SignatureInfoDbHelper] searchOnUser - [10/1y90e][app.shealth.][64/14aaf] => matched
04-27 20:32:23.383  5329  5348 I SamsungAccount: [SignatureInfoDbHelper] search - matched
04-27 20:32:23.384  5329  5348 I SamsungAccount: [SignatureCheckUtil] runCheckSignatureAsync(fromDb) - matched
04-27 20:32:23.384  5329  5348 I SamsungAccount: [AccountManagerProvider] This is the access of the allowed application
04-27 20:32:23.388  5329  5329 I SmpLog  : [SMP] init. S:true P:FCM_PRIMARY_MODE A:a
04-27 20:32:23.394  5329  5329 I SamsungAccount: [SamsungService] PUSH_STATE_CHECK registerId = not empty
04-27 20:32:23.394  5329  5329 I SamsungAccount: [StateCheckUtil] getLogPushRegistrationResult result = REGISTRATION_SUCCESS
04-27 20:32:23.394  5329  5329 I SamsungAccount: [SamsungService] PUSH_STATE_CHECK resultState = REGISTRATION_SUCCESS
04-27 20:32:23.394  5329  5329 I SamsungAccount: [SamsungService] check push token updates
04-27 20:32:23.394  5329  5329 I SamsungAccount: [PushUtil] checkTokenUpdates
04-27 20:32:23.412  5329  5329 I SmpLog  : [SMP] get push type : fcm
04-27 20:32:23.414  5329  5329 I SmpLog  : [SMP] get token : ...Sv (152)
04-27 20:32:23.414  5329  5329 I SamsungAccount: [AccountManagerUtil] makeSamsungAccountVisible
04-27 20:32:23.417  5329  5373 I SmpLog  : [SMP] Test mode: false, v:3.3.3.3, com.osp.app.signin
04-27 20:32:23.419  5329  5329 I SamsungAccount: [AccountManagerUtil] setSamsungAccountManagedVisibilityIfNeeded : app.shealth.
04-27 20:32:23.421  5329  5373 I SmpLog  : [SMP] ptype:fcm, token:...Sv (152), D:null, U:null, S:false, M:null, P:FCM_PRIMARY_MODE
04-27 20:32:23.421  5329  5329 I SamsungAccount: [PackageUtils] com.sec.android.app.shealth is existed : version code : 6235027
04-27 20:32:23.421  5329  5329 I SamsungAccount: [SignatureCheckUtil] runCheckSignatureWithEmptyId
04-27 20:32:23.421  5329  5329 I SamsungAccount: [SignatureCheckUtil] runCheckSignatureAsync
04-27 20:32:23.421  5329  5329 I SamsungAccount: [SignaturePreconditionChecker] getSignatureResult - fromSesSdk : true
04-27 20:32:23.422  5329  5329 I SamsungAccount: [SignatureInfoDbHelper] getSignatureResult - [][app.shealth.]
04-27 20:32:23.424  5329  5329 I SamsungAccount: [SignatureInfoHelper] getClientIdFromMetaData : [10/1y90e]
04-27 20:32:23.424  5329  5329 I SamsungAccount: [SignatureInfoDbHelper] searchOnUser
04-27 20:32:23.432  5329  5373 I SmpLog  : [SMP] SEND BR : smp init success
04-27 20:32:23.436  5329  5329 I SamsungAccount: [SignatureInfoDbHelper] searchOnUser - [10/1y90e][app.shealth.][64/14aaf] => matched
04-27 20:32:23.436  5329  5329 I SamsungAccount: [SignatureInfoDbHelper] search - matched
04-27 20:32:23.436  5329  5329 I SamsungAccount: [SignatureCheckUtil] runCheckSignatureAsync(fromDb) - matched
04-27 20:32:23.436  5329  5329 I SamsungAccount: [AccountManagerUtil] setSamsungAccountManagedVisibilityIfNeeded - isInstalled : true, isAllowedApplication : true
04-27 20:32:23.436  5329  5329 I SamsungAccount: [AccountManagerUtil] getSamsungAccountVisibilityByPackageName
04-27 20:32:23.439  5329  5329 I SamsungAccount: [AccountManagerUtil] getSamsungAccountVisibilityByPackageName
04-27 20:32:23.442  5329  5329 I SamsungAccount: [AccountManagerUtil] setSamsungAccountManagedVisibilityIfNeeded - visibility : 2
04-27 20:32:23.474  5329  5329 I SamsungAccount: [DbManagerV2] getEmailID
04-27 20:32:23.474  5329  5329 I SamsungAccount: [DbManagerV2] getDataV02ForItems : EMAIL_ID from Db
04-27 20:32:23.499  5329  5368 I FA      : App measurement disabled via the manifest
04-27 20:32:23.503  5329  5368 I FA      : App measurement initialized, version: 76011
04-27 20:32:23.503  5329  5368 I FA      : To enable debug logging run: adb shell setprop log.tag.FA VERBOSE
04-27 20:32:23.503  5329  5368 I FA      : To enable faster debug mode event logging run:
04-27 20:32:23.503  5329  5368 I FA      :   adb shell setprop debug.firebase.analytics.app com.osp.app.signin
04-27 20:32:23.530  4623  4623 W keymaster_tee: [WRN]begin req PARAMS: A32 B2 P64
04-27 20:32:23.554 11246 11246 D BoundBrokerSvc: onBind: Intent { act=com.google.android.gms.measurement.START pkg=com.google.android.gms }
04-27 20:32:23.554 11246 11246 D BoundBrokerSvc: Loading bound service for intent: Intent { act=com.google.android.gms.measurement.START pkg=com.google.android.gms }
04-27 20:32:23.565  5329  5329 I SamsungAccount: [AccountManagerUtil] isSamsungAccountSignedIn : true
04-27 20:32:23.568  5329  5329 I SamsungAccount: [DeviceManager] SEP Platform version : 14.1
04-27 20:32:23.569  5329  5329 D SamsungAnalytics605055: [Tracker] Tracker start:6.05.055
04-27 20:32:23.574  5329  5378 I SamsungAccount: [ConsentWorkManager] startWorkerAfterCheckCondition
04-27 20:32:23.580  5329  5379 D DIAGMON_SDK: dma pkg:910501000
04-27 20:32:23.583  5329  5378 I SamsungAccount: [DeviceManager] isHeadlessDevice = false
04-27 20:32:23.584  5329  5378 I SamsungAccount: [ConsentWorkManager] checkWorkerIsRunning
04-27 20:32:23.587  5329  5329 I SamsungAccount: [AnalyticsWorkManager] startWork
04-27 20:32:23.590  5329  5329 I SamsungAccount: [AnalyticsPref] setSaVersionStatus : 14.1.00.8
04-27 20:32:23.596  5329  5329 I SamsungAccount: [AccountManagerUtil] isSamsungAccountSignedIn : true
04-27 20:32:23.597  5329  5329 I SamsungAccount: [AnalyticsPref] setSignedInStatus : 1
04-27 20:32:23.598  5329  5378 I SamsungAccount: [AccountManagerUtil] isSamsungAccountSignedIn : true
04-27 20:32:23.598  5329  5378 I SamsungAccount: [ConsentWorkManager] startWorkerAfterCheckCondition, isHeadlessDevice: false, isRunning : true, isSignOut : false
04-27 20:32:23.599  5329  5329 I SamsungAccount: [AccountDiagmonLogger] Diagmon Logger Init
04-27 20:32:23.600  5329  5329 I DIAGMON_SDK[605055]: DiagMonAgent type: 2
04-27 20:32:23.600  5329  5329 D DIAGMON_SDK[605055][773-399-565755] : setConfiguration type : CUSTOM
04-27 20:32:23.601  5329  5329 I DIAGMON_SDK[605055][773-399-565755] : generated SR object
04-27 20:32:23.604  5329  5329 I SamsungAccount: [DclPolicyJobService] polling job service was already scheduled (from:86400000 to:86400000)
04-27 20:32:23.605  5329  5329 I SamsungAccount: [SamsungAccount] initBixby2()
04-27 20:32:23.605  5329  5329 I CapsuleProvider_1.0.23: releasing initialize wait lock.
04-27 20:32:23.606  5329  5329 I SamsungAccount: [MobileServiceStateProxy] registerServiceStateForSesSdk : false
04-27 20:32:23.606  5329  5329 I SamsungAccount: [MobileServiceStateImpl] serviceName : AuthService
04-27 20:32:23.606  5329  5329 I SamsungAccount: [MobileServiceStateProxy] registerServiceState, AuthService is added
04-27 20:32:23.606  5329  5329 I SamsungAccount: [MobileServiceStateImpl] serviceName : ProfileService
04-27 20:32:23.607  5329  5329 I SamsungAccount: [MobileServiceStateProxy] registerServiceState, ProfileService is added
04-27 20:32:23.607  5329  5329 I SamsungAccount: [MobileServiceStateImpl] serviceName : PlaceService
04-27 20:32:23.607  5329  5329 I SamsungAccount: [MobileServiceStateProxy] registerServiceState, PlaceService is added
04-27 20:32:23.615  5329  5386 I SamsungAccount: [DclPolicyManager] 3.1.2 GET SERVICE POLICY
04-27 20:32:23.615  5329  5386 I SamsungAccount: [AccountManagerUtil] isSamsungAccountSignedIn : true
04-27 20:32:23.616  5329  5386 I SamsungAccount: [DclPolicyManager] Dcl policy : last server request time is not expired.
04-27 20:32:23.617  5329  5329 I SamsungAccount: [Migration]  startMigrationService : Migration was completed in the past! status - 2
04-27 20:32:23.617  5329  5329 I SamsungAccount: [EasySignUpMappingManager] requestMappingIfNeeded
04-27 20:32:23.617  5329  5329 I SamsungAccount: [EasySignUpMappingManager] This OneUI version does not need ESU mapping.
04-27 20:32:23.617  5329  5386 I SamsungAccount: [DclPolicyManager] Dcl policy : last server request time : 20230426233228
04-27 20:32:23.617  5329  5329 I SamsungAccount: [AccountManagerUtil] isSamsungAccountSignedIn : true
04-27 20:32:23.617  5329  5329 I SamsungAccount: [DbManagerV2] getEmailID
04-27 20:32:23.617  5329  5329 I SamsungAccount: [DbManagerV2] getDataV02ForItems : EMAIL_ID from Cache
04-27 20:32:23.617  5329  5329 I SamsungAccount: [SamsungService(Application)] onCreate END
04-27 20:32:23.630  5329  5379 D SamsungAnalytics605055: do not send setting < 1day
04-27 20:32:23.630  5429  5488 W libprocessgroup: Failed to open /dev/blkio//cgroup.procs: No such file or directory
04-27 20:32:23.630  5329  5379 D SamsungAnalytics605055: do not send setting < 1day
04-27 20:32:23.632  5429  5488 W libprocessgroup: Failed to open /dev/blkio//cgroup.procs: No such file or directory
04-27 20:32:23.633  5429  5488 W libprocessgroup: Failed to open /dev/blkio//cgroup.procs: No such file or directory
04-27 20:32:23.635  5429  5488 W libprocessgroup: Failed to open /dev/blkio//cgroup.procs: No such file or directory
04-27 20:32:23.671  5429  6416 D PackageManager: setEnabledSetting : userId = 0 packageName = com.osp.app.signin cmp = androidx.work.impl.background.systemalarm.RescheduleReceiver newState = 1 callingPackage = 10104/com.osp.app.signin
04-27 20:32:23.672  5429  6416 D ApplicationPolicy: getApplicationStateEnabled : pkg = com.osp.app.signin userId : 0
04-27 20:32:23.673  5429  6416 D ApplicationPolicy: getApplicationComponentState : pkg = com.osp.app.signin userId : 0
04-27 20:32:23.685  5329  5366 D CompatibilityChangeReporter: Compat change id reported: 194532703; UID 10104; state: ENABLED
04-27 20:32:23.702  5429  5488 W libprocessgroup: Failed to open /dev/blkio//cgroup.procs: No such file or directory
04-27 20:32:23.706  5429  5488 W libprocessgroup: Failed to open /dev/blkio//cgroup.procs: No such file or directory
04-27 20:32:23.734  5329  5392 I SamsungAccount: [SamsungAnalyticsWrapper] setSessionId
04-27 20:32:23.737  5329  5382 I WM-WorkerWrapper: Worker result SUCCESS for Work [ id=5b7ecaec-d307-4050-b384-9fe8df61914e, tags={ REFRESH_SESSION_ID, com.samsung.android.samsungaccount.utils.samsunganalytics.AnalyticsWorker } ]
04-27 20:32:23.755  4899  4899 E audit   : type=1400 audit(1682620343.747:17993): avc:  denied  { getattr } for  pid=5429 comm="BinderProcsColl" path="/sys/kernel/debug/binder/proc/5429" dev="debugfs" ino=28624 scontext=u:r:system_server:s0 tcontext=u:object_r:sec_debugfs:s0 tclass=file permissive=0 SEPF_SM-A515F_13_0001 audit_filtered
04-27 20:32:23.755  4899  4899 E audit   : type=1300 audit(1682620343.747:17993): arch=c00000b7 syscall=79 success=no exit=-13 a0=ffffff9c a1=77704a3110 a2=773f90c680 a3=0 items=0 ppid=4924 pid=5429 auid=4294967295 uid=1000 gid=1000 euid=1000 suid=1000 fsuid=1000 egid=1000 sgid=1000 fsgid=1000 tty=(none) ses=4294967295 comm="BinderProcsColl" exe="/system/bin/app_process64" subj=u:r:system_server:s0 key=(null)
04-27 20:32:23.755  4899  4899 E audit   : type=1327 audit(1682620343.747:17993): proctitle="system_server"
04-27 20:32:23.920 30906 31089 W SHEALTH#SOCIAL#SocialStepSyncWorker: [SocialStepSyncWorker][doWork] finish
04-27 20:32:23.932  5067  5067 E sehhealth-service: Could not open /sys/class/power_supply/battery/lrp
04-27 20:32:23.949  5429  5602 D MotionRecognitionService: [SAR]  onReceive : ACTION_BATTERY_CHANGED, Plugged: 2
04-27 20:32:23.957  5429  5429 D PhoneWindowManagerExt: ACTION_BATTERY_CHANGED - Level=78, status=2
04-27 20:32:23.972  5429  5429 D SemWifiApBroadcastReceiver: Received : android.intent.action.BATTERY_CHANGED
04-27 20:32:23.973  5787  5787 D SemBigDataInfoController: Intent: android.intent.action.BATTERY_CHANGED
04-27 20:32:23.976  5787  5787 D SemBigDataInfoController: Intent: android.intent.action.BATTERY_CHANGED
04-27 20:32:23.983  5878  5878 I PowerUI : mBootCompleted = true |  mFullyConnected = true
04-27 20:32:23.984  5878  5878 W PowerUI : Plug reason
04-27 20:32:23.984  5878  5878 W PowerUI : Skip charging animation - by plug status
04-27 20:32:23.984  5878  5878 D PowerUI : priorPlugType = 2 mPlugType = 2 priorBatteryStatus = 2 mBatteryStatus = 2
04-27 20:32:23.984  5878  5878 W PowerUI : Plug reason
04-27 20:32:23.984  5878  5878 W PowerUI : Skip charging sound - by plug status
04-27 20:32:23.984  5878  5878 I PowerUI : oldMisalign : false, curMisalign : false
04-27 20:32:23.986  5878  7746 D SecPowerUI.Notification: dismissing low battery warning: level=78
04-27 20:32:23.986  5878  7746 D SecPowerUI.Notification: updateNotification mWarning=false mPlaySound=false
