04-24 04:31:15.348 21331 21358 I TestRunner: started: longPackInt(org.jetbrains.android_benchmark.AckermannBenchmark)
04-24 04:31:15.351 21331 21331 I MonitoringInstr: Activities that are still in CREATED to STOPPED: 1
04-24 04:31:15.351 21331 21331 I MonitoringInstr: Finishing activity: androidx.benchmark.IsolationActivity@c388c9b
04-24 04:31:15.356 21331 21358 I GrantPermissionCallable: Permission: android.permission.WRITE_EXTERNAL_STORAGE is already granted!
04-24 04:31:15.356 21331 21358 I GrantPermissionCallable: Permission: android.permission.READ_EXTERNAL_STORAGE is already granted!
04-24 04:31:15.356 21331 21358 D Benchmark: -- Running org.jetbrains.android_benchmark.AckermannBenchmark#longPackInt --
04-24 04:31:15.356 21331 21358 D PerfettoCapture: Supported ABIs: arm64-v8a, armeabi-v7a, armeabi
04-24 04:31:15.357 21331 21358 D PerfettoCapture: Recording perfetto trace
04-24 04:31:15.359 21600 24852 I NetworkScheduler.Stats: Task com.google.android.gms/com.google.android.gms.ipa.base.IpaGcmTaskService finished executing. cause:9 result: 1 elapsed_millis: 55 uptime_millis: 55 exec_start_elapsed_seconds: 155457 [CONTEXT service_id=218 ]
04-24 04:31:15.383 21331 21358 I PerfettoCapture: Cleanup perfetto before starting.
04-24 04:31:15.443   628 25234 I DWBUsageDataManager: updateDailyData of 1680316267149
04-24 04:31:15.444   628 25234 I DWBUsageDataManager: RETRIEVE_ALL_DATA is Progressing
04-24 04:31:15.574 21331 21358 I PerfettoCapture: Perfetto output file cleanup -
04-24 04:31:15.574 21331 21358 I PerfettoCapture: Starting perfetto tracing with cmd: cat /storage/emulated/0/Android/data/org.jetbrains.android_benchmark.test/cache/trace_config.pb | perfetto --background -c - -o /data/misc/perfetto-traces/trace_output.pb
04-24 04:31:15.636  6374  6652 D MobileStatusTracker(1/2): onDataActivity: direction=0
04-24 04:31:15.640  6374  6652 D MobileSignalController(1/2): notifyListener: enabled=true, connected=true, dataConnected=true, networkType=LTE/LTE_CA (4G+), emergencyOnly=false, roaming=false, isDefault=true, dataActivity=, level=3, ca=true, mmWave=false, disabledDataIcon=false, simCard=ETC
04-24 04:31:15.736 25354 25354 I perfetto:    perfetto_cmd.cc:1001 Connected to the Perfetto traced service, starting tracing
04-24 04:31:15.737  5413  5413 I perfetto: ing_service_impl.cc:953 Configured tracing session 65, #sources:4, duration:0 ms, #buffers:2, total buffer size:36864 KB, total sessions:1, uid:2000 session name: ""
04-24 04:31:15.738  5403  5403 I perfetto:  probes_producer.cc:139 Ftrace setup (target_buf=129)
04-24 04:31:15.793 21331 21358 I PerfettoCapture: Perfetto output - 25354
04-24 04:31:15.793 21331 21358 I PerfettoCapture: EXITCODE=0
04-24 04:31:15.800   628 25234 I DWBUsageDataManager: updateDailyData of 1680229867149
04-24 04:31:15.800   628 25234 I DWBUsageDataManager: RETRIEVE_ALL_DATA is Progressing
04-24 04:31:15.821  4388  4388 I hwservicemanager: getTransport: Cannot find entry android.hardware.atrace@1.0::IAtraceDevice/default in either framework or device VINTF manifest.
04-24 04:31:15.841  5403  5403 I perfetto:    ftrace_procfs.cc:335 enabled ftrace in /sys/kernel/tracing/
04-24 04:31:15.848  5635  5714 W libprocessgroup: Failed to open /dev/blkio//cgroup.procs: No such file or directory
04-24 04:31:15.867 13505 13505 I SCS@AiSearch user 0: (ObserverWorker::AOSP_MP) [main] entering in startWork():
04-24 04:31:15.868 13505 13505 I SCS@AiSearch user 0: (BaseCollector::AOSP_MP) [main] entering in onChange():
04-24 04:31:15.872 13505 13578 I SCS@AiSearch user 0: (BaseCollector::AOSP_MP) [AOSP_MP-0] entering in collectChanges():
04-24 04:31:15.889  5635  8927 D PackageManager: setEnabledSetting : userId = 0 packageName = com.samsung.android.scs cmp = androidx.work.impl.background.systemalarm.RescheduleReceiver newState = 1 callingPackage = 10380/com.samsung.android.scs
04-24 04:31:15.890  5635  8927 D ApplicationPolicy: getApplicationStateEnabled : pkg = com.samsung.android.scs userId : 0
04-24 04:31:15.892  5635  8927 D ApplicationPolicy: getApplicationComponentState : pkg = com.samsung.android.scs userId : 0
04-24 04:31:15.907 21331 21358 I PerfettoCapture: Perfetto tracing started successfully with pid 25354.
04-24 04:31:15.963 13505 13578 I SCS@AiSearch user 0: (BaseCollector::AOSP_MP) fetchInternal values : maxSyncId: 1000007967 indexCount: 1702 sourceCount: 1702
04-24 04:31:15.999 21331 21358 I PerfettoCapture: /sys/kernel/tracing/tracing_on = 1, polled 0 times, capture fully started
04-24 04:31:16.001 21331 21358 D Benchmark: Set 21358 (Bench thread) to priority -20. Was -8, now -20
04-24 04:31:16.001 21331 21358 D Benchmark: Set 21342 (Jit) to priority -15. Was 9, now -15
04-24 04:31:16.030 21331 21358 I _benchmark.test: Explicit concurrent copying GC freed 98455(2125KB) AllocSpace objects, 1(20KB) LOS objects, 67% free, 2918KB/9062KB, paused 195us,135us total 29.085ms
04-24 04:31:16.092 13505 13578 I SCS@AiSearch user 0: (IndexManager) [AOSP_MP-0] entering in addIndex():
04-24 04:31:16.098 13505 13578 I SCS@AiSearch user 0: (BaseCollector::AOSP_MP) fetch: fetching took  184 ms
04-24 04:31:16.098 13505 13578 I SCS@AiSearch user 0: (BaseCollector::AOSP_MP) fetchChanges: applied 0 items
04-24 04:31:16.098 13505 13578 I SCS@AiSearch user 0: (BaseCollector::AOSP_MP) Collect finished. Result: true
04-24 04:31:16.101 13505 13563 I WM-WorkerWrapper: Worker result SUCCESS for Work [ id=09ef5a9a-c082-4a00-883a-c09717d8faf5, tags={ com.sec.android.app.myfiles, com.samsung.android.scs.ai.search.data.collector.ObserverWorker } ]
04-24 04:31:16.120 13505 13578 I SCS@AiSearch user 0: (BaseCollector::AOSP_MP) enqueue ObserverWorker name: com.sec.android.app.myfiles, policy: APPEND_OR_REPLACE
04-24 04:31:16.138   628 25234 I DWBUsageDataManager: updateDailyData of 1680143467149
04-24 04:31:16.138   628 25234 I DWBUsageDataManager: RETRIEVE_ALL_DATA is Progressing
04-24 04:31:16.160  5635  8927 D PackageManager: setEnabledSetting : userId = 0 packageName = com.samsung.android.scs cmp = androidx.work.impl.background.systemalarm.RescheduleReceiver newState = 1 callingPackage = 10380/com.samsung.android.scs
04-24 04:31:16.161  5635  8927 D ApplicationPolicy: getApplicationStateEnabled : pkg = com.samsung.android.scs userId : 0
04-24 04:31:16.162  5635  8927 D ApplicationPolicy: getApplicationComponentState : pkg = com.samsung.android.scs userId : 0
04-24 04:31:16.462   628 25234 I DWBUsageDataManager: updateDailyData of 1680057067149
04-24 04:31:16.462   628 25234 I DWBUsageDataManager: RETRIEVE_ALL_DATA is Progressing
04-24 04:31:16.747   628 25234 I DWBUsageDataManager: updateDailyData of 1679970667149
04-24 04:31:16.747   628 25234 I DWBUsageDataManager: RETRIEVE_ALL_DATA is Progressing
04-24 04:31:16.748   628 25234 I DWBUsageDataManager: onAllDataUpdated
04-24 04:31:16.748   628 25234 I DWBUsageDataManager: Retrieve UPDATE_DATABASE
04-24 04:31:17.074   628 25369 I DWBUsageDataManager: onDatabaseUpdated
04-24 04:31:17.074   628 25369 I DWBUsageDataManager: No Request Data
04-24 04:31:18.579  5272  5272 E sehhealth-service: Could not open /sys/class/power_supply/battery/lrp
04-24 04:31:20.076  6374  6652 D MobileStatusTracker(0/1): onSignalStrengthsChanged level=2, vendorLevel=2
04-24 04:31:20.090  6374  6652 D MobileSignalController(0/1): notifyListener: enabled=true, connected=true, dataConnected=false, networkType=LTE (4G), emergencyOnly=false, roaming=true, isDefault=true, dataActivity=, level=2, ca=false, mmWave=false, disabledDataIcon=false, simCard=ETC
04-24 04:31:20.090  6374  6652 D NetworkController: SignalStrength from intent slotId=0
04-24 04:31:20.239 21331 21358 D Benchmark: timeNs[ 0:10]: 12924 12938 12917 12910 12909 12925 12968 13136 13214 13042
04-24 04:31:20.240 21331 21358 D Benchmark: timeNs[10:20]: 12944 12940 12952 12952 12950 12944 12943 12930 12945 12955
04-24 04:31:20.240 21331 21358 D Benchmark: timeNs[20:30]: 12954 12951 12917 12954 12950 12982 12949 12935 12922 12920
04-24 04:31:20.240 21331 21358 D Benchmark: timeNs[30:40]: 12899 12828 12814 12813 12957 13107 12837 12821 12833 12821
04-24 04:31:20.240 21331 21358 D Benchmark: timeNs[40:50]: 12821 12820 12819 12793 12820 12816 12820 12815 12867 12809
04-24 04:31:20.632 21331 21358 D Benchmark: allocationCount[ 0:10]: 0 0 0 0 0
04-24 04:31:20.633 21331 21358 D Benchmark: Set 21358 (Bench thread) to priority -8. Was -20, now -8
04-24 04:31:20.633 21331 21358 D Benchmark: Set 21342 (Jit) to priority 9. Was -15, now 9
04-24 04:31:20.633 21331 21358 D Benchmark: Warmup: t=0.250, iter=9687, fastAvg=16427, slowAvg=16311
04-24 04:31:20.633 21331 21358 I PerfettoCapture: Stopping perfetto.
04-24 04:31:20.682 25354 25354 I perfetto:    perfetto_cmd.cc:1168 SIGINT/SIGTERM received: disabling tracing.
04-24 04:31:20.685 21331 21358 D Benchmark: kill -TERM command output -
04-24 04:31:20.713  5403  5403 I perfetto:  probes_producer.cc:396 Producer stop (id=257)
04-24 04:31:20.715  5403  5403 I perfetto:    ftrace_procfs.cc:342 disabled ftrace in /sys/kernel/tracing/
04-24 04:31:20.769  4388  4388 I hwservicemanager: getTransport: Cannot find entry android.hardware.atrace@1.0::IAtraceDevice/default in either framework or device VINTF manifest.
04-24 04:31:20.776  5403  5403 I perfetto:  probes_producer.cc:396 Producer stop (id=258)
04-24 04:31:20.776  5403  5403 I perfetto:  probes_producer.cc:396 Producer stop (id=259)
04-24 04:31:20.788 25354 25354 I perfetto:    perfetto_cmd.cc:1124 Trace written into the output file
04-24 04:31:20.790  5413  5413 I perfetto: ng_service_impl.cc:2426 Tracing session 65 ended, total sessions:0
04-24 04:31:20.813 21331 21358 I PerfettoCapture: Writing to /storage/emulated/0/Android/data/org.jetbrains.android_benchmark.test/cache/AckermannBenchmark_longPackInt_2023-04-24-02-31-20.perfetto-trace.
04-24 04:31:20.871 21331 21358 D Benchmark: Copying /storage/emulated/0/Android/data/org.jetbrains.android_benchmark.test/cache/AckermannBenchmark_longPackInt_2023-04-24-02-31-20.perfetto-trace to /sdcard/Android/media/org.jetbrains.android_benchmark.test/additional_test_output/AckermannBenchmark_longPackInt_2023-04-24-02-31-20.perfetto-trace
04-24 04:31:20.914  8333 25095 W MediaProvider: isAppCloneUserPair for user 0: false
04-24 04:31:20.950  5635  6740 D SyncManager: userId - 0 auto - true
04-24 04:31:21.003 21331 21358 I Benchmark: AckermannBenchmark.longPackInt[Metric (timeNs) results: median 12924.972482339412, min 12793.570067356663, max 13214.359618859866, standardDeviation: 86.9445219192589, Metric (allocationCount) results: median 0.0, min 0.0, max 0.0, standardDeviation: 0.0]count=6087
04-24 04:31:21.011 21331 21358 D Benchmark: writing results to /storage/emulated/0/Android/data/org.jetbrains.android_benchmark.test/cache/org.jetbrains.android_benchmark.test-benchmarkData.json
04-24 04:31:21.026 21331 21358 D Benchmark: Copying /storage/emulated/0/Android/data/org.jetbrains.android_benchmark.test/cache/org.jetbrains.android_benchmark.test-benchmarkData.json to /sdcard/Android/media/org.jetbrains.android_benchmark.test/additional_test_output/org.jetbrains.android_benchmark.test-benchmarkData.json
04-24 04:31:21.044  8333 23664 I MediaProvider: Deleted 1 0 0 0 0 0 0 items on external_primary due to org.jetbrains.android_benchmark.test
04-24 04:31:21.045  5635  8927 D SyncManager: userId - 0 auto - true
04-24 04:31:21.051  8333 25178 W MediaProvider: isAppCloneUserPair for user 0: false
04-24 04:31:21.066  5635  5714 W libprocessgroup: Failed to open /dev/blkio//cgroup.procs: No such file or directory
04-24 04:31:21.068  5635  5793 D SyncManager: userId - 0 auto - true
04-24 04:31:21.077 21331 21358 I TestRunner: finished: longPackInt(org.jetbrains.android_benchmark.AckermannBenchmark)
