04-19 15:56:03.570 17564 17585 I TestRunner: started: mutableRefIntIn1Long(org.jetbrains.android_benchmark.AckermannBenchmark)
04-19 15:56:03.597  5331  5375 I SurfaceFlinger: id=19332 createSurf flag=80004, WindowToken{22a7476 type=2032 android.os.Binder@b7f3a95}#19332
04-19 15:56:03.616  9284  9353 I RequestManager_FLP: onOpChanged, op=0 / packageName=com.kms.free
04-19 15:56:03.628  5331  5331 I Layer   : id=18030 removeFromCurrentState WindowToken{b953f70 type=2032 android.os.Binder@7857db3}#18030 (146)
04-19 15:56:03.628  5331  5331 I SurfaceFlinger: id=18030 Removed WindowToken{b953f70 type=2032 android.os.Binder@7857db3}#18030 (146)
04-19 15:56:03.629  5331  5331 I Layer   : id=18030 Destroyed WindowToken{b953f70 type=2032 android.os.Binder@7857db3}#18030
04-19 15:56:03.638 17564 17585 D Benchmark: launching Benchmark IsolationActivity
04-19 15:56:03.650  5628  5628 I AccessibilityManagerService: semIsAccessibilityServiceEnabled()
04-19 15:56:03.652  5628  5628 I AccessibilityManagerService: semIsAccessibilityServiceEnabled()
04-19 15:56:03.655  5628  5628 D AS.AudioService: Accessibility volume enabled = false
04-19 15:56:03.660  4066   617 I TouchInteractionService: onActiveNavBarRegionChanges, region : SkRegion((0,2274,388,2400)(389,2274,690,2400)(691,2274,961,2400))
04-19 15:56:03.661 17564 17578 W libc    : Access denied finding property "sys.perf.boostopt"
04-19 15:56:03.686  5628  5695 I ChimeraSystemEventListener: appLaunchIntent package name is: org.jetbrains.android_benchmark.test
04-19 15:56:03.687  8513  8513 V Navbar.Store: ----handleEvent(0) OnUpdateRemoteViewContainer(leftContainer=android.widget.LinearLayout{bf353b1 I.E...... ......I. 0,0-118,126 #7f0b04f6 app:id/left_remoteview}, rightContainer=android.widget.LinearLayout{600c096 I.E...... ......I. 962,0-1080,126 #7f0b07aa app:id/right_remoteview}, contextualButtonVisible=false, darkIntensity=0.0) [Module] SamsungNavigationBarView
04-19 15:56:03.688  8513  8513 V Navbar.Store: ------[Band]REMOTE_VIEW_PACK_SET_REMOTEVIEW_CONTAINER
04-19 15:56:03.692  8513  8513 V Navbar.Store: --------apply(0) UpdateRemoteViewContainer
04-19 15:56:03.692 16314 16314 V SafetyCenterAccessibilityListener: accessibility event occurred, safety center feature not enabled.
04-19 15:56:03.694  8513  8513 V Navbar.Store: --------apply(0) UpdateRemoteViewDarkIntensity
04-19 15:56:03.696  8513  8513 V Navbar.Store: handleEvent(0) OnNavBarUpdateA11YService(clickable=false, longClickable=false) [Module] NavigationBar
04-19 15:56:03.696  8513  8513 V Navbar.Store: --[Band]SETUPWIZARD_PACK_UPDATE_A11Y_SERVICE
04-19 15:56:03.712  5628  8565 D TelephonyManager: requestModemActivityInfo: Sending result to app: ModemActivityInfo{ mTimestamp=345609496 mSleepTimeMs=217597712 mIdleTimeMs=6978759 mActivityStatsTechSpecificInfo=[{mRat=UNKNOWN,mFrequencyRange=UNKNOWN,mTxTimeMs[]=[6310, 2225, 2968, 642, 21123],mRxTimeMs=108443317}]}
04-19 15:56:03.731  4066   617 I TouchInteractionService: onActiveNavBarRegionChanges, region : SkRegion((0,2274,388,2400)(389,2274,690,2400)(691,2274,961,2400))
04-19 15:56:03.746  5628  9278 I SemDvfsHyPerManager: acquire hyper - AMS_APP_SWITCH/5628@23, type = -999
04-19 15:56:03.751  5276  5311 I HYPER-HAL: [RequestManager.cpp]acquire(): Acquired ID : 15969749  [5628 / 23]    HINT : AMS_APP_SWITCH    list :
04-19 15:56:03.752 11012 11012 I SemDvfsHyPerManager: acquire hyper - APP_START_SHORT/11012@12, type = -999
04-19 15:56:03.759  5276  5311 I HYPER-HAL: [RequestManager.cpp]acquire(): Acquired ID : 60769812  [11012 / 12]    HINT : APP_START    list : [TIMEOUT / 1500]
04-19 15:56:03.764  5628  8379 I SearchManagerService: _updateSearchables completed.
04-19 15:56:03.766  5331  8956 I SurfaceFlinger: id=19333 createSurf flag=24004, Task=5398#19333
04-19 15:56:03.774  5331  8956 I SurfaceFlinger: id=19334 createSurf flag=80004, ActivityRecord{4fbda80 u0 org.jetbrains.android_benchmark.test/androidx.benchmark.IsolationActivity} t5398}#19334
04-19 15:56:03.780 30407 30407 I ResourceOverlayService_0: waitAndQuit called
04-19 15:56:03.781 30407 30407 I ResourceOverlayService_0: activity user id 0 process id 0
04-19 15:56:03.907 23986 24117 I nightwatch-target: monitor resources last 600 iteration: 300641 msec
04-19 15:56:03.922  4611 10224 W android.system.suspend@1.0-service: getWakeLockStats +
04-19 15:56:03.923  4611 10224 W android.system.suspend@1.0-service: getWakeLockStats -
04-19 15:56:03.935  5628 11261 I SemDvfsHyPerManager: acquire hyper - AMS_APP_LAUNCH/5628@20, type = -999
04-19 15:56:03.936  5276  5311 I HYPER-HAL: [RequestManager.cpp]acquire(): Acquired ID : 15952796  [5628 / 20]    HINT : AMS_APP_LAUNCH    list :
04-19 15:56:03.936 11012 11012 I SemDvfsHyPerManager: acquire hyper - APP_START/11012@14, type = -999
04-19 15:56:03.937  5276  5311 I HYPER-HAL: [RequestManager.cpp]acquire(): Acquired ID : 60791865  [11012 / 14]    HINT : APP_START    list :
04-19 15:56:03.946  5628  9290 W system_server: Long monitor contention with owner binder:5628_17 (11261) at android.window.TaskSnapshot com.android.server.wm.TaskSnapshotCache.getSnapshot(int, int, boolean, boolean)(TaskSnapshotCache.java:114) waiters=0 in java.util.ArrayList com.android.server.wm.WindowManagerService.getVisibleWinSurfacePkgList() for 175ms
04-19 15:56:03.953  4066  4066 I BaseActivity: removeActivityFlags, flags : 16
04-19 15:56:03.957  4066  4066 I BaseActivity: removeActivityFlags, flags : 6
04-19 15:56:03.957  8513  8575 D NativeCustomFrequencyManager: [NativeCFMS] BpCustomFrequencyManager::BpCustomFrequencyManager()
04-19 15:56:03.960  4066  4066 I DragController: endDrag
04-19 15:56:03.961  4066  4066 W LauncherAppWidgetHost: setShouldListenFlag, mFlags:15 flag:resume on:false isFront:false
04-19 15:56:03.962  5628  8565 D InputTransport: Input channel constructed: '7bb78c8', fd=1357
04-19 15:56:03.962  5628  8565 D InputTransport: Input channel constructed: '7bb78c8', fd=1358
04-19 15:56:03.963  5628  8565 D InputTransport: Input channel constructed: '7bb78c8', fd=1356
04-19 15:56:03.965  5331  6013 I SurfaceFlinger: id=19335 createSurf flag=80004, 7bb78c8 Splash Screen org.jetbrains.android_benchmark.test#19335
04-19 15:56:03.968  5628  8565 D InputTransport: Input channel destroyed: '7bb78c8', fd=1356
04-19 15:56:03.975  4066  4066 I SPayUpdater: updateSpayHandler launcher activity is paused false
04-19 15:56:03.977  8513  8570 D InsetsController: onStateChanged: InsetsState: {mDisplayFrame=Rect(0, 0 - 1080, 2400), mDisplayCutout=DisplayCutout{insets=Rect(0, 88 - 0, 0) waterfall=Insets{left=0, top=0, right=0, bottom=0} boundingRect={Bounds=[Rect(0, 0 - 0, 0), Rect(512, 0 - 568, 88), Rect(0, 0 - 0, 0), Rect(0, 0 - 0, 0)]} cutoutPathParserInfo={CutoutPathParserInfo{displayWidth=1080 displayHeight=2400 physicalDisplayWidth=1080 physicalDisplayHeight=2400 density={2.625} cutoutSpec={M 0,0 M 0,12.25101276465640 a 10.60613009248640,10.60613009248640 0 1,0 0,21.21226018497290 a 10.60613009248640,10.60613009248640 0 1,0 0,-21.21226018497290 Z @dp} rotation={0} scale={1.0} physicalPixelDisplaySizeRatio={1.0}}}}, mRoundedCorners=RoundedCorners{[RoundedCorner{position=TopLeft, radius=84, center=Point(84, 84)}, RoundedCorner{position=TopRight, radius=84, center=Point(996, 84)}, RoundedCorner{position=BottomRight, radius=84, center=Point(996, 2316)}, RoundedCorner{position=BottomLeft, radius=84, center=Point(84, 2316)}]}  mRoundedCornerFrame=Rect(0, 0 - 1080, 2400), mPrivacyIndicatorBounds=PrivacyIndicatorBounds {static bounds=Rect(964, 0 - 1080, 88) rotation=0}, mSources= { InsetsSource: {mType=ITYPE_STATUS_BAR, mFrame=[0,0][1080,88], mVisible=true, mInsetsRoundedCornerFrame=false}, InsetsSource: {mType=ITYPE_NAVIGATION_BAR, mFrame=[0,2274][1080,2400], mVisible=true, mInsetsRoundedCornerFrame=false}, InsetsSource: {mType=ITYPE_LEFT_GESTURES, mFrame=[0,0][0,2400], mVisible=true, mInsetsRoundedCornerFrame=false}, InsetsSource: {mType=ITYPE_RIGHT_GESTURES, mFrame=[1080,0][1080,2400], mVisible=true, mInsetsRoundedCornerFrame=false}, InsetsSource: {mType=ITYPE_TOP_MANDATORY_GESTURES, mFrame=[0,0][1080,120], mVisible=true, mInsetsRoundedCornerFrame=false}, InsetsSource: {mType=ITYPE_BOTTOM_MANDATORY_GESTURES, mFrame=[0,2274][1080,2400], mVisible=true, mInsetsRoundedCornerFrame=false}, InsetsSource: {mType=ITYPE_LEFT_DISPLAY_CUTOUT, mFrame=[0,0][-100000,2400], mVisible=true, mInsetsRoundedCornerFrame=false}, InsetsSource: {mType=ITYPE_TOP_DISPLAY_CUTOUT, mFrame=[0,0][1080,88], mVisible=true, mInsetsRoundedCornerFrame=false}, InsetsSource: {mType=ITYPE_RIGHT_DISPLAY_CUTOUT, mFrame=[100000,0][1080,2400], mVisible=true, mInsetsRoundedCornerFrame=false}, InsetsSource: {mType=ITYPE_BOTTOM_DISPLAY_CUTOUT, mFrame=[0,100000][1080,2400], mVisible=true, mInsetsRoundedCornerFrame=false}, InsetsSource: {mType=ITYPE_TOP_TAPPABLE_ELEMENT, mFrame=[0,0][1080,88], mVisible=true, mInsetsRoundedCornerFrame=false}, InsetsSource: {mType=ITYPE_BOTTOM_TAPPABLE_ELEMENT, mFrame=[0,2274][1080,2400], mVisible=true, mInsetsRoundedCornerFrame=false} } host=Splash Screen org.jetbrains.android_benchmark.test from=android.view.ViewRootImpl.setView:1732
04-19 15:56:04.023 17564 17595 D OpenGLRenderer: RenderThread::requireGlContext()
04-19 15:56:04.023  5628  8565 D InputDispatcher: Focused application(0): ActivityRecord{4fbda80 u0 org.jetbrains.android_benchmark.test/androidx.benchmark.IsolationActivity} t5398}
04-19 15:56:04.042  4066  4066 I TopTaskTracker: onTaskMovedToFront : taskId = 5398
04-19 15:56:04.048  8513  8570 I ViewRootImpl@367ebff[test]: setView = android.widget.FrameLayout@82c8ab8 TM=true
04-19 15:56:04.053  5628  5714 W libprocessgroup: Failed to open /dev/blkio//cgroup.procs: No such file or directory
04-19 15:56:04.055  5628  8434 D TrafficStats: tagSocket(1360) with statsTag=0xffffffff, statsUid=-1
04-19 15:56:04.055  5628  8457 D NetdEventListenerService: DNS Requested by : 128, 1000
04-19 15:56:04.060  8513  8570 I ViewRootImpl@367ebff[test]: performTraversals params={(0,0)(fillxfill) sim={adjust=pan} ty=APPLICATION_STARTING fmt=TRANSLUCENT wanim=0x1030001
04-19 15:56:04.060  8513  8570 I ViewRootImpl@367ebff[test]:   fl=81030118
04-19 15:56:04.060  8513  8570 I ViewRootImpl@367ebff[test]:   pfl=16000010
04-19 15:56:04.060  8513  8570 I ViewRootImpl@367ebff[test]:   apr=LIGHT_STATUS_BARS LIGHT_NAVIGATION_BARS
04-19 15:56:04.060  8513  8570 I ViewRootImpl@367ebff[test]:   bhv=DEFAULT
04-19 15:56:04.060  8513  8570 I ViewRootImpl@367ebff[test]:   fitSides= naviIconColor=0}
04-19 15:56:04.061  8513  8570 I ViewRootImpl@367ebff[test]: performTraversals mFirst=true windowShouldResize=true viewVisibilityChanged=false mForceNextWindowRelayout=false params={(0,0)(fillxfill) sim={adjust=pan} ty=APPLICATION_STARTING fmt=TRANSLUCENT wanim=0x1030001
04-19 15:56:04.061  8513  8570 I ViewRootImpl@367ebff[test]:   fl=81030118
04-19 15:56:04.061  8513  8570 I ViewRootImpl@367ebff[test]:   pfl=16000010
04-19 15:56:04.061  8513  8570 I ViewRootImpl@367ebff[test]:   apr=LIGHT_STATUS_BARS LIGHT_NAVIGATION_BARS
04-19 15:56:04.061  8513  8570 I ViewRootImpl@367ebff[test]:   bhv=DEFAULT
04-19 15:56:04.061  8513  8570 I ViewRootImpl@367ebff[test]:   fitSides= naviIconColor=0}
04-19 15:56:04.062  5628 11446 V WindowManager: Relayout Window{7bb78c8 u0 Splash Screen org.jetbrains.android_benchmark.test}: viewVisibility=0 req=1080x2400 d0
04-19 15:56:04.062  5331  8956 I SurfaceFlinger: id=19336 createSurf flag=40004, Splash Screen org.jetbrains.android_benchmark.test$_8513#19336
04-19 15:56:04.066  5628 11446 V WindowManager: Relayout hash=7bb78c8, pid=8513, syncId=-1: mAttrs={(0,0)(fillxfill) sim={adjust=pan} ty=APPLICATION_STARTING fmt=TRANSLUCENT wanim=0x1030001
04-19 15:56:04.066  5628 11446 V WindowManager:   fl=81030118
04-19 15:56:04.066  5628 11446 V WindowManager:   pfl=16000010
04-19 15:56:04.066  5628 11446 V WindowManager:   apr=LIGHT_STATUS_BARS LIGHT_NAVIGATION_BARS
04-19 15:56:04.066  5628 11446 V WindowManager:   bhv=DEFAULT
04-19 15:56:04.066  5628 11446 V WindowManager:   fitSides= naviIconColor=0}
04-19 15:56:04.068  8513  8570 D InsetsController: onStateChanged: InsetsState: {mDisplayFrame=Rect(0, 0 - 1080, 2400), mDisplayCutout=DisplayCutout{insets=Rect(0, 88 - 0, 0) waterfall=Insets{left=0, top=0, right=0, bottom=0} boundingRect={Bounds=[Rect(0, 0 - 0, 0), Rect(512, 0 - 568, 88), Rect(0, 0 - 0, 0), Rect(0, 0 - 0, 0)]} cutoutPathParserInfo={CutoutPathParserInfo{displayWidth=1080 displayHeight=2400 physicalDisplayWidth=1080 physicalDisplayHeight=2400 density={2.625} cutoutSpec={M 0,0 M 0,12.25101276465640 a 10.60613009248640,10.60613009248640 0 1,0 0,21.21226018497290 a 10.60613009248640,10.60613009248640 0 1,0 0,-21.21226018497290 Z @dp} rotation={0} scale={1.0} physicalPixelDisplaySizeRatio={1.0}}}}, mRoundedCorners=RoundedCorners{[RoundedCorner{position=TopLeft, radius=84, center=Point(84, 84)}, RoundedCorner{position=TopRight, radius=84, center=Point(996, 84)}, RoundedCorner{position=BottomRight, radius=84, center=Point(996, 2316)}, RoundedCorner{position=BottomLeft, radius=84, center=Point(84, 2316)}]}  mRoundedCornerFrame=Rect(0, 0 - 1080, 2400), mPrivacyIndicatorBounds=PrivacyIndicatorBounds {static bounds=Rect(964, 0 - 1080, 88) rotation=0}, mSources= { InsetsSource: {mType=ITYPE_STATUS_BAR, mFrame=[0,0][1080,88], mVisible=true, mInsetsRoundedCornerFrame=false}, InsetsSource: {mType=ITYPE_NAVIGATION_BAR, mFrame=[0,2274][1080,2400], mVisible=true, mInsetsRoundedCornerFrame=false}, InsetsSource: {mType=ITYPE_LEFT_GESTURES, mFrame=[0,0][0,2400], mVisible=true, mInsetsRoundedCornerFrame=false}, InsetsSource: {mType=ITYPE_RIGHT_GESTURES, mFrame=[1080,0][1080,2400], mVisible=true, mInsetsRoundedCornerFrame=false}, InsetsSource: {mType=ITYPE_TOP_MANDATORY_GESTURES, mFrame=[0,0][1080,120], mVisible=true, mInsetsRoundedCornerFrame=false}, InsetsSource: {mType=ITYPE_BOTTOM_MANDATORY_GESTURES, mFrame=[0,2274][1080,2400], mVisible=true, mInsetsRoundedCornerFrame=false}, InsetsSource: {mType=ITYPE_LEFT_DISPLAY_CUTOUT, mFrame=[0,0][-100000,2400], mVisible=true, mInsetsRoundedCornerFrame=false}, InsetsSource: {mType=ITYPE_TOP_DISPLAY_CUTOUT, mFrame=[0,0][1080,88], mVisible=true, mInsetsRoundedCornerFrame=false}, InsetsSource: {mType=ITYPE_RIGHT_DISPLAY_CUTOUT, mFrame=[100000,0][1080,2400], mVisible=true, mInsetsRoundedCornerFrame=false}, InsetsSource: {mType=ITYPE_BOTTOM_DISPLAY_CUTOUT, mFrame=[0,100000][1080,2400], mVisible=true, mInsetsRoundedCornerFrame=false}, InsetsSource: {mType=ITYPE_TOP_TAPPABLE_ELEMENT, mFrame=[0,0][1080,88], mVisible=true, mInsetsRoundedCornerFrame=false}, InsetsSource: {mType=ITYPE_BOTTOM_TAPPABLE_ELEMENT, mFrame=[0,2274][1080,2400], mVisible=true, mInsetsRoundedCornerFrame=false}, InsetsSource: {mType=ITYPE_IME, mFrame=[0,0][0,0], mVisibleFrame=[0,2274][1080,2400], mVisible=false, mInsetsRoundedCornerFrame=false} } host=Splash Screen org.jetbrains.android_benchmark.test from=android.view.ViewRootImpl.relayoutWindow:9802
04-19 15:56:04.068  8513  8570 I ViewRootImpl@367ebff[test]: updateBlastSurfaceIfNeeded mBlastBufferQueue=null isSameSurfaceControl=false
04-19 15:56:04.069  8513  8570 I BLASTBufferQueue: new BLASTBufferQueue, mName= ViewRootImpl@367ebff[test] mNativeObject= 0x7d20b94f00 sc.mNativeObject= 0x7c9fae0f80 caller= android.view.ViewRootImpl.updateBlastSurfaceIfNeeded:2909 android.view.ViewRootImpl.relayoutWindow:9847 android.view.ViewRootImpl.performTraversals:3884 android.view.ViewRootImpl.doTraversal:3116 android.view.ViewRootImpl$TraversalRunnable.run:10885 android.view.Choreographer$CallbackRecord.run:1301 android.view.Choreographer$CallbackRecord.run:1309 android.view.Choreographer.doCallbacks:923 android.view.Choreographer.doFrame:852 android.view.Choreographer$FrameDisplayEventReceiver.run:1283
04-19 15:56:04.069  8513  8570 I BLASTBufferQueue: update, w= 1080 h= 2400 mName = ViewRootImpl@367ebff[test] mNativeObject= 0x7d20b94f00 sc.mNativeObject= 0x7c9fae0f80 format= -3 caller= android.graphics.BLASTBufferQueue.<init>:84 android.view.ViewRootImpl.updateBlastSurfaceIfNeeded:2909 android.view.ViewRootImpl.relayoutWindow:9847 android.view.ViewRootImpl.performTraversals:3884 android.view.ViewRootImpl.doTraversal:3116 android.view.ViewRootImpl$TraversalRunnable.run:10885
04-19 15:56:04.070  8513  8570 I ViewRootImpl@367ebff[test]: Relayout returned: old=(0,0,1080,2400) new=(0,0,1080,2400) req=(1080,2400)0 dur=7 res=0x3 s={true 0x7cd3d97000} ch=true seqId=0
04-19 15:56:04.071  8513  8570 I ViewRootImpl@367ebff[test]: mThreadedRenderer.initialize() mSurface={isValid=true 0x7cd3d97000} hwInitialized=true
04-19 15:56:04.071  8513  8575 D OpenGLRenderer: eglCreateWindowSurface
04-19 15:56:04.073  8513  8570 I ViewRootImpl@367ebff[test]: reportNextDraw android.view.ViewRootImpl.performTraversals:4438 android.view.ViewRootImpl.doTraversal:3116 android.view.ViewRootImpl$TraversalRunnable.run:10885 android.view.Choreographer$CallbackRecord.run:1301 android.view.Choreographer$CallbackRecord.run:1309
04-19 15:56:04.073  8513  8570 I ViewRootImpl@367ebff[test]: Setup new sync id=0
04-19 15:56:04.073  8513  8570 I ViewRootImpl@367ebff[test]: Setting syncFrameCallback
04-19 15:56:04.073  8513  8570 I ViewRootImpl@367ebff[test]: registerCallbacksForSync syncBuffer=false
04-19 15:56:04.074  8513  8597 I ViewRootImpl@367ebff[test]: Received frameDrawingCallback syncResult=0 frameNum=1.
04-19 15:56:04.074  8513  8597 I ViewRootImpl@367ebff[test]: Setting up sync and frameCommitCallback
04-19 15:56:04.077  5331  5331 D SurfaceFlinger: [input] inputWindowCommands.focusRequests size is 1
04-19 15:56:04.080  5331  5427 D SurfaceFlinger: [input] setFocusedWindow: <null>
04-19 15:56:04.080  5628 11261 D InputDispatcher: Focus left window (0): 3031f81 com.sec.android.app.launcher/com.sec.android.app.launcher.activities.LauncherActivity
04-19 15:56:04.082  8513  8575 I BLASTBufferQueue: [ViewRootImpl@367ebff[test]#796](f:0,a:0) onFrameAvailable the first frame is available
04-19 15:56:04.082 17564 17564 D LifecycleMonitor: Lifecycle status change: androidx.benchmark.IsolationActivity@f5684be in: PRE_ON_CREATE
04-19 15:56:04.083  8513  8575 I ViewRootImpl@367ebff[test]: Received frameCommittedCallback lastAttemptedDrawFrameNum=1 didProduceBuffer=true
04-19 15:56:04.084  8513  8575 D OpenGLRenderer: CFMS:: SetUp Pid : 8513    Tid : 8575
04-19 15:56:04.086  5628  9492 I MediaSessionMonitor: Media session stopped : controllerList empty
04-19 15:56:04.087  8513  8570 I ViewRootImpl@367ebff[test]: onSyncComplete
04-19 15:56:04.088  8513  8570 I ViewRootImpl@367ebff[test]: setupSync seqId=0 mSyncId=0 fn=1 caller=android.view.ViewRootImpl$$ExternalSyntheticLambda11.accept:6 android.window.SurfaceSyncer.lambda$setupSync$1$android-window-SurfaceSyncer:128 android.window.SurfaceSyncer$$ExternalSyntheticLambda1.accept:8 android.window.SurfaceSyncer$SyncSet.checkIfSyncIsComplete:382 android.window.SurfaceSyncer$SyncSet.markSyncReady:359 android.window.SurfaceSyncer.markSyncReady:151 android.view.ViewRootImpl.performTraversals:4503
04-19 15:56:04.088  4066  4066 I ViewRootImpl@af1bdd3[LauncherActivity]: MSG_WINDOW_FOCUS_CHANGED 0 0
04-19 15:56:04.088  8513  8570 I ViewRootImpl@367ebff[test]: reportDrawFinished seqId=0 mSyncId=-1 fn=1 mSurfaceChangedTransaction=0x7d73eb5a00
04-19 15:56:04.088  4066  4066 I BaseActivity: removeActivityFlags, flags : 8
04-19 15:56:04.124  5628  5714 W libprocessgroup: Failed to open /dev/blkio//cgroup.procs: No such file or directory
04-19 15:56:04.125  5628  5714 W libprocessgroup: Failed to open /dev/blkio//cgroup.procs: No such file or directory
04-19 15:56:04.128  5331  8956 I SurfaceFlinger: id=19337 createSurf flag=24000, Surface(name=Task=1)/@0xebbb08f - animation-leash of app_transition#19337
04-19 15:56:04.133  5331  8956 I SurfaceFlinger: id=19338 createSurf flag=24004, Surface(name=Task=5398)/@0x87b597a - animation-leash of app_transition#19338
04-19 15:56:04.134 17564 17595 D OpenGLRenderer: RenderThread::setGrContext()
04-19 15:56:04.137  4066  4066 I BadgeRenderer: Invalid count : 0
04-19 15:56:04.138 17564 17564 I DecorView: [INFO] isPopOver=false config=true
04-19 15:56:04.138 17564 17564 I DecorView: updateCaptionType: isFloating=false isApplication=true hasWindowDecorCaption=false this=DecorView@7722eca[]
04-19 15:56:04.138 17564 17564 D DecorView: setCaptionType = 0, this = DecorView@7722eca[]
04-19 15:56:04.138  5331  8956 I SurfaceFlinger: id=19339 createSurf flag=80000, a722f67 ActivityRecordInputSink org.jetbrains.android_benchmark.test/androidx.benchmark.IsolationActivity#19339
04-19 15:56:04.141 17564 17564 I DecorView: getCurrentDensityDpi: from real metrics. densityDpi=420 msg=resources_loaded
04-19 15:56:04.141 17564 17564 I DecorView: setWindowBackground: isPopOver=false color=fff6f6f6 d=android.graphics.drawable.StateListDrawable@1aacb58
04-19 15:56:04.143 17564 17564 D CompatibilityChangeReporter: Compat change id reported: 210923482; UID 10408; state: DISABLED
04-19 15:56:04.144 17564 17564 D CompatibilityChangeReporter: Compat change id reported: 37756858; UID 10408; state: ENABLED
04-19 15:56:04.144  8513  8552 D Bubbles : onLocusVisibilityChanged: LocusId[17_chars] visible=false
04-19 15:56:04.144  5331  5331 I Layer   : Layer [Splash Screen org.jetbrains.android_benchmark.test$_8513#19336] hidden!! flag(0)
04-19 15:56:04.145  4066   617 I RecentModel: onTaskStackChangedBackground
04-19 15:56:04.161 17436 17562 W libc    : Access denied finding property "sys.perf.boostopt"
04-19 15:56:04.162  5224  5224 E audit   : type=1400 audit(1681912564.153:103014): avc:  denied  { read } for  pid=17436 comm="binder:17436_1" name="u:object_r:perf_prop:s0" dev="tmpfs" ino=16829 scontext=u:r:shell:s0 tcontext=u:object_r:perf_prop:s0 tclass=file permissive=0 SEPF_SM-A515F_13_0001 audit_filtered
04-19 15:56:04.162  5224  5224 E audit   : type=1300 audit(1681912564.153:103014): arch=c00000b7 syscall=56 success=no exit=-13 a0=ffffff9c a1=7be5ceb2f8 a2=88000 a3=0 items=0 ppid=17433 pid=17436 auid=4294967295 uid=2000 gid=2000 euid=2000 suid=2000 fsuid=2000 egid=2000 sgid=2000 fsgid=2000 tty=pts2 ses=4294967295 comm="binder:17436_1" exe="/system/bin/app_process64" subj=u:r:shell:s0 key=(null)
04-19 15:56:04.162  5224  5224 E audit   : type=1327 audit(1681912564.153:103014): proctitle=6170705F70726F63657373002F73797374656D2F62696E00636F6D2E616E64726F69642E636F6D6D616E64732E616D2E416D00696E737472756D656E74002D77002D72002D65006E6F2D69736F6C617465642D73746F726167650031002D6500616E64726F6964782E62656E63686D61726B2E6F75747075742E656E61626C65
04-19 15:56:04.167  4066  4126 I RecentTasksList: loadTasksInBackground : groupTask = GroupTask{task1=[id=5387 windowingMode=1 user=0 lastActiveTime=315274236] null, task2=null, task3=null, mStagedSplitBounds=null}
04-19 15:56:04.168  4066  4126 I RecentTasksList: loadTasksInBackground : groupTask = GroupTask{task1=[id=5369 windowingMode=1 user=0 lastActiveTime=319435651] null, task2=null, task3=null, mStagedSplitBounds=null}
04-19 15:56:04.168  4066  4126 I RecentTasksList: loadTasksInBackground : groupTask = GroupTask{task1=[id=5398 windowingMode=1 user=0 lastActiveTime=345609939] null, task2=null, task3=null, mStagedSplitBounds=null}
04-19 15:56:04.174  5331  5331 D SurfaceFlinger: Display 0 HWC layers:
04-19 15:56:04.174  5331  5331 D SurfaceFlinger:      CLIENT | 0x79a9fea080 | 0100 | RGBx_8888    |   93.0    0.0 1173.0 2400.0 |    0    0 1080 2400 | Wallpaper BBQ wrapper#102
04-19 15:56:04.174  5331  5331 D SurfaceFlinger:      CLIENT | 0x79aa45c0c0 | 0100 | RGBA_8888    |    0.0    0.0 1080.0 2400.0 |    0    0 1080 2400 | com.sec.android.app.launcher/com.sec[...]ivities.LauncherActivity$_4066#19323
04-19 15:56:04.174  5331  5331 D SurfaceFlinger:      CLIENT | 0x79aa45d740 | 0100 | RGBA_8888    |    0.0    0.0 1080.0 2400.0 |   76  168 1004 2232 | Splash Screen org.jetbrains.android_benchmark.test$_8513#19336
04-19 15:56:04.174  5331  5331 D SurfaceFlinger:      CLIENT | 0x79c63ef680 | 0100 | RGBA_8888    |  810.0  452.0  975.0  617.0 |  810  452  975  617 | FreeformContainer$_8492#19256
04-19 15:56:04.174  5331  5331 D SurfaceFlinger:      CLIENT | 0x79aa45a7c0 | 0100 | RGBA_8888    |    0.0    0.0 1080.0   88.0 |    0    0 1080   88 | StatusBar$_8513#99
04-19 15:56:04.174  5331  5331 D SurfaceFlinger:      CLIENT | 0x79aa45bbc0 | 0100 | RGBA_8888    |    0.0    0.0 1080.0 2400.0 |    0    0 1080 2400 | NotificationShade$_8513#19331
04-19 15:56:04.174  5331  5331 D SurfaceFlinger:      DEVICE | 0x7993479cc0 | 0100 | RGBA_8888    |    0.0    0.0 1080.0  126.0 |    0 2274 1080 2400 | NavigationBar0$_8513#92
04-19 15:56:04.174  5331  5331 D SurfaceFlinger:      DEVIC
04-19 15:56:04.174  5331  5331 D SurfaceFlinger: E | 0x79c7ec87c0 | 0140 | RGBA_8888    |    0.0    0.0 1080.0  100.0 |    0    0 1080  100 | ScreenDecorOverlay$_8513#6827
04-19 15:56:04.174  5331  5331 D SurfaceFlinger:      DEVICE | 0x79a9f42580 | 0140 | RGBA_8888    |    0.0    0.0 1080.0  100.0 |    0 2300 1080 2400 | ScreenDecorOverlayBottom$_8513#6828
04-19 15:56:04.174  5331  5331 D SurfaceFlinger:
04-19 15:56:04.216 13194 15497 I SCS@AiSearch user 0: (BaseCollector::AOSP_MP) doesDataKeepChanging: postpone count: 0 - source count: very first = 8191, previous = 8191, current = 8191
04-19 15:56:04.216 13194 15497 I SCS@AiSearch user 0: (BaseCollector::AOSP_MP) [AOSP_MP-0] entering in collectChanges():
04-19 15:56:04.226  4066  4066 I TaskThumbnailCache: handleResult: taskId = 5387, taskThumbnail = android.graphics.Bitmap@2272013
04-19 15:56:04.229  5628  8434 W SemWifiTransportLayerUtils: getApplicationCategory - IOException org.jetbrains.android_benchmark.test
04-19 15:56:04.229  5628  8434 W System.err: java.io.FileNotFoundException: https://play.google.com/store/apps/details?id=org.jetbrains.android_benchmark.test&hl=en
04-19 15:56:04.229  5628  8434 W System.err: 	at com.android.okhttp.internal.huc.HttpURLConnectionImpl.getInputStream(HttpURLConnectionImpl.java:255)
04-19 15:56:04.229  5628  8434 W System.err: 	at com.android.okhttp.internal.huc.DelegatingHttpsURLConnection.getInputStream(DelegatingHttpsURLConnection.java:211)
04-19 15:56:04.229  5628  8434 W System.err: 	at com.android.okhttp.internal.huc.HttpsURLConnectionImpl.getInputStream(HttpsURLConnectionImpl.java:30)
04-19 15:56:04.229  5628  8434 W System.err: 	at com.samsung.android.server.wifi.tcp.SemWifiTransportLayerUtils.getApplicationCategory(SemWifiTransportLayerUtils.java:104)
04-19 15:56:04.229  5628  8434 W System.err: 	at com.samsung.android.server.wifi.tcp.SemWifiTransportLayerMonitor$TcpMonitorHandler.handleMessage(SemWifiTransportLayerMonitor.java:244)
04-19 15:56:04.229  5628  8434 W System.err: 	at android.os.Handler.dispatchMessage(Handler.java:106)
04-19 15:56:04.229  5628  8434 W System.err: 	at android.os.Looper.loopOnce(Looper.java:226)
04-19 15:56:04.229  5628  8434 W System.err: 	at android.os.Looper.loop(Looper.java:313)
04-19 15:56:04.229  5628  8434 W System.err: 	at android.os.HandlerThread.run(HandlerThread.java:67)
04-19 15:56:04.230  5628  8434 D SemWifiTransportLayerMonitor.TcpMonitorHandler: MSG_SAVE_PACKAGE_INFO
04-19 15:56:04.230  5628  8434 D SemWifiTransportLayerFileManager: saveWifiPackageInfoToFile
04-19 15:56:04.230  5628  8434 D SemWifiTransportLayerFileManager: writeWifiPackageInfoList
04-19 15:56:04.263  4066  4066 I TaskThumbnailCache: handleResult: taskId = 5369, taskThumbnail = android.graphics.Bitmap@820a250
04-19 15:56:04.269 13194 15497 I SCS@AiSearch user 0: (BaseCollector::AOSP_MP) fetchInternal values : maxSyncId: 1000007868 indexCount: 1709 sourceCount: 1709
04-19 15:56:04.272  5224  5224 E audit   : type=1400 audit(1681912564.265:103015): avc:  denied  { read } for  pid=17436 comm="binder:17436_3" name="u:object_r:perf_prop:s0" dev="tmpfs" ino=16829 scontext=u:r:shell:s0 tcontext=u:object_r:perf_prop:s0 tclass=file permissive=0 SEPF_SM-A515F_13_0001 audit_filtered
04-19 15:56:04.272 17436 17615 W libc    : Access denied finding property "sys.perf.boostopt"
04-19 15:56:04.313 13194 15497 I SCS@AiSearch user 0: (IndexManager) [AOSP_MP-0] entering in addIndex():
04-19 15:56:04.317 13194 15497 I SCS@AiSearch user 0: (BaseCollector::AOSP_MP) fetch: fetching took  73 ms
04-19 15:56:04.317 13194 15497 I SCS@AiSearch user 0: (BaseCollector::AOSP_MP) fetchChanges: applied 0 items
04-19 15:56:04.318 13194 15497 I SCS@AiSearch user 0: (BaseCollector::AOSP_MP) Collect finished. Result: true
04-19 15:56:04.320 13194 13252 I WM-WorkerWrapper: Worker result SUCCESS for Work [ id=40c41aec-2860-43c4-8b0e-ac2c64493a33, tags={ com.sec.android.app.myfiles, com.samsung.android.scs.ai.search.data.collector.ObserverWorker } ]
04-19 15:56:04.325  5628  5712 I libprocessgroup: Successfully killed process cgroup uid 10070 pid 16026 in 5ms
04-19 15:56:04.349 13194 15497 I SCS@AiSearch user 0: (DocumentCollector) enqueue ObserverWorker name: DOCUMENTS policy: KEEP
04-19 15:56:04.349 13194 15497 I SCS@AiSearch user 0: (BaseCollector::AOSP_MP) enqueue ObserverWorker name: com.sec.android.app.myfiles, policy: APPEND_OR_REPLACE
04-19 15:56:04.357  5250  5250 I Zygote  : Process 16026 exited due to signal 9 (Killed)
04-19 15:56:04.368  5628  9811 D SemWifiUsabilityStatsMonitor: onWifiUsabilityStats - seqNum 36025, isSameBssidAndFreq true
04-19 15:56:04.368  5628  8422 I SemWifiLinkQualityMonitor: Link Qos Query: 0.022 ms / 365.625 Mbps (390 / 0.000 / 1.067)
04-19 15:56:04.410  5628  8565 D PackageManager: setEnabledSetting : userId = 0 packageName = com.samsung.android.scs cmp = androidx.work.impl.background.systemalarm.RescheduleReceiver newState = 1 callingPackage = 10380/com.samsung.android.scs
04-19 15:56:04.412  5628  8565 D ApplicationPolicy: getApplicationStateEnabled : pkg = com.samsung.android.scs userId : 0
04-19 15:56:04.412  5628  8565 D ApplicationPolicy: getApplicationComponentState : pkg = com.samsung.android.scs userId : 0
04-19 15:56:04.434  5628  5714 W libprocessgroup: Failed to open /dev/blkio//cgroup.procs: No such file or directory
04-19 15:56:04.456 17079 17079 I SamsungCalendar$SamsungCalendarNoti: [NotificationActionReceiver] onReceive() com.samsung.android.calendar.ACTION_TURN_OFF_LED_COVER_NOTIFICATION
04-19 15:56:04.460  8513  8513 D KeyguardUpdateMonitor: handleTimeUpdate
04-19 15:56:04.466  8513  8513 D FaceWidgetPagesController: onTimeChanged()
04-19 15:56:04.469 17079 17079 I SamsungCalendar$SamsungCalendarNoti: [NotificationActionReceiver] handleTurnOffLEDNotification | Send broadcast : ACTION_FINISH_ALERT_POPUP_ACTIVITY
04-19 15:56:04.515 31103 31103 I GsaVoiceInteractionSrv: Handling ACTION_STOP_HOTWORD
04-19 15:56:04.519  5628 11254 D PackageManager: setEnabledSetting : userId = 0 packageName = com.samsung.android.scs cmp = androidx.work.impl.background.systemalarm.RescheduleReceiver newState = 1 callingPackage = 10380/com.samsung.android.scs
04-19 15:56:04.520  5628 11254 D ApplicationPolicy: getApplicationStateEnabled : pkg = com.samsung.android.scs userId : 0
04-19 15:56:04.521  5628 11254 D ApplicationPolicy: getApplicationComponentState : pkg = com.samsung.android.scs userId : 0
04-19 15:56:04.521  4066  4066 I ViewRootImpl@af1bdd3[LauncherActivity]: handleAppVisibility mAppVisible = true visible = false
04-19 15:56:04.527  5331  5331 I Layer   : id=19337 removeFromCurrentState Surface(name=Task=1)/@0xebbb08f - animation-leash of app_transition#19337 (152)
04-19 15:56:04.527  5331  5331 I Layer   : id=19338 removeFromCurrentState Surface(name=Task=5398)/@0x87b597a - animation-leash of app_transition#19338 (152)
04-19 15:56:04.527  5331  5331 I Layer   : Layer [com.sec.android.app.launcher/com.sec.android.app.launcher.activities.LauncherActivity$_4066#19323] hidden!! flag(1)
04-19 15:56:04.527  5331  5331 I SurfaceFlinger: id=19337 Removed Surface(name=Task=1)/@0xebbb08f - animation-leash of app_transition#19337 (152)
04-19 15:56:04.527  5331  5331 I SurfaceFlinger: id=19338 Removed Surface(name=Task=5398)/@0x87b597a - animation-leash of app_transition#19338 (152)
04-19 15:56:04.528  5331  5331 I Layer   : id=19337 Destroyed Surface(name=Task=1)/@0xebbb08f - animation-leash of app_transition#19337
04-19 15:56:04.528  5331  5331 I Layer   : id=19338 Destroyed Surface(name=Task=5398)/@0x87b597a - animation-leash of app_transition#19338
04-19 15:56:04.537 17564 17564 D Benchmark: Clocks not locked: online cores with min freq == min avail freq
04-19 15:56:04.537 17564 17564 D Benchmark: cpu0 CoreDir(path=/sys/devices/system/cpu/cpu7, online=true, availableFreqs=[936000, 1040000, 1144000, 1248000, 1352000, 1456000, 1508000, 1664000, 1768000, 1898000, 1976000, 2080000, 2184000, 2210000, 2314000], setSpeedKhz=936000, maxFreqKhz=2314000)
04-19 15:56:04.537 17564 17564 D Benchmark: cpu1 CoreDir(path=/sys/devices/system/cpu/cpu5, online=true, availableFreqs=[936000, 1040000, 1144000, 1248000, 1352000, 1456000, 1508000, 1664000, 1768000, 1898000, 1976000, 2080000, 2184000, 2210000, 2314000], setSpeedKhz=936000, maxFreqKhz=2314000)
04-19 15:56:04.537 17564 17564 D Benchmark: cpu2 CoreDir(path=/sys/devices/system/cpu/cpu3, online=true, availableFreqs=[403000, 598000, 702000, 806000, 910000, 1053000, 1118000, 1222000, 1326000, 1456000, 1534000, 1638000, 1742000], setSpeedKhz=403000, maxFreqKhz=1742000)
04-19 15:56:04.538  5331  5331 D SurfaceFlinger: Display 0 HWC layers:
04-19 15:56:04.538  5331  5331 D SurfaceFlinger:      CLIENT | 0x79a9fea080 | 0100 | RGBx_8888    |   93.0    0.0 1173.0 2400.0 |    0    0 1080 2400 | Wallpaper BBQ wrapper#102
04-19 15:56:04.538  5331  5331 D SurfaceFlinger:      CLIENT | 0x79aa45d740 | 0100 | RGBA_8888    |    0.0    0.0 1080.0 2400.0 |    0    0 1080 2400 | Splash Screen org.jetbrains.android_benchmark.test$_8513#19336
04-19 15:56:04.538  5331  5331 D SurfaceFlinger:      CLIENT | 0x79c63ef680 | 0100 | RGBA_8888    |  810.0  452.0  975.0  617.0 |  810  452  975  617 | FreeformContainer$_8492#19256
04-19 15:56:04.538  5331  5331 D SurfaceFlinger:      CLIENT | 0x79aa45a7c0 | 0100 | RGBA_8888    |    0.0    0.0 1080.0   88.0 |    0    0 1080   88 | StatusBar$_8513#99
04-19 15:56:04.538  5331  5331 D SurfaceFlinger:      CLIENT | 0x79aa45bbc0 | 0100 | RGBA_8888    |    0.0    0.0 1080.0 2400.0 |    0    0 1080 2400 | NotificationShade$_8513#19331
04-19 15:56:04.538  5331  5331 D SurfaceFlinger:      DEVICE | 0x7993479cc0 | 0100 | RGBA_8888    |    0.0    0.0 1080.0  126.0 |    0 2274 1080 2400 | NavigationBar0$_8513#92
04-19 15:56:04.538  5331  5331 D SurfaceFlinger:      DEVICE | 0x79c7ec87c0 | 0140 | RGBA_8888    |    0.0    0.0 1080.0  100.0 |    0    0 1080  100 | ScreenDecorOverlay$_8513#6827
04-19 15:56:04.538  5331  5331 D SurfaceFlinger:      DEVICE | 0x79a9f42580 | 0140 | RGBA_8888    |    0.0
04-19 15:56:04.538 17564 17564 D Benchmark: cpu3 CoreDir(path=/sys/devices/system/cpu/cpu1, online=true, availableFreqs=[403000, 598000, 702000, 806000, 910000, 1053000, 1118000, 1222000, 1326000, 1456000, 1534000, 1638000, 1742000], setSpeedKhz=403000, maxFreqKhz=1742000)
04-19 15:56:04.538  5331  5331 D SurfaceFlinger:    0.0 1080.0  100.0 |    0 2300 1080 2400 | ScreenDecorOverlayBottom$_8513#6828
04-19 15:56:04.538  5331  5331 D SurfaceFlinger:
04-19 15:56:04.538 17564 17564 D Benchmark: cpu4 CoreDir(path=/sys/devices/system/cpu/cpu6, online=true, availableFreqs=[936000, 1040000, 1144000, 1248000, 1352000, 1456000, 1508000, 1664000, 1768000, 1898000, 1976000, 2080000, 2184000, 2210000, 2314000], setSpeedKhz=936000, maxFreqKhz=2314000)
04-19 15:56:04.538 17564 17564 D Benchmark: cpu5 CoreDir(path=/sys/devices/system/cpu/cpu4, online=true, availableFreqs=[936000, 1040000, 1144000, 1248000, 1352000, 1456000, 1508000, 1664000, 1768000, 1898000, 1976000, 2080000, 2184000, 2210000, 2314000], setSpeedKhz=936000, maxFreqKhz=2314000)
04-19 15:56:04.538 17564 17564 D Benchmark: cpu6 CoreDir(path=/sys/devices/system/cpu/cpu2, online=true, availableFreqs=[403000, 598000, 702000, 806000, 910000, 1053000, 1118000, 1222000, 1326000, 1456000, 1534000, 1638000, 1742000], setSpeedKhz=403000, maxFreqKhz=1742000)
04-19 15:56:04.538 17564 17564 D Benchmark: cpu7 CoreDir(path=/sys/devices/system/cpu/cpu0, online=true, availableFreqs=[403000, 598000, 702000, 806000, 910000, 1053000, 1118000, 1222000, 1326000, 1456000, 1534000, 1638000, 1742000], setSpeedKhz=403000, maxFreqKhz=1742000)
04-19 15:56:04.543  4066  4066 I ViewRootImpl@af1bdd3[LauncherActivity]: performTraversals mFirst=false windowShouldResize=false viewVisibilityChanged=true mForceNextWindowRelayout=false params=null
04-19 15:56:04.545  8513 10475 D WallpaperService: dispatchAppVisibility onVisibilityChanged(): false
04-19 15:56:04.550  8513  8513 D WallpaperService: reportVisibility onVisibilityChanged visible: false
04-19 15:56:04.551  8513  8616 I ImageWallpaper[GLEngine]:  onVisibilityChanged false , 0
04-19 15:56:04.552  5628 11254 V WindowManager: Relayout Window{3031f81 u0 com.sec.android.app.launcher/com.sec.android.app.launcher.activities.LauncherActivity}: viewVisibility=8 req=1080x2400 d0
04-19 15:56:04.558  5628 11254 V WindowManager: Relayout hash=3031f81, pid=4066, syncId=-1: mAttrs={(0,0)(fillxfill) sim={adjust=nothing forwardNavigation} layoutInDisplayCutoutMode=shortEdges ty=BASE_APPLICATION fmt=TRANSPARENT wanim=0x10302f4
04-19 15:56:04.558  5628 11254 V WindowManager:   fl=81910100
04-19 15:56:04.558  5628 11254 V WindowManager:   pfl=1e020040
04-19 15:56:04.558  5628 11254 V WindowManager:   vsysui=1700
04-19 15:56:04.558  5628 11254 V WindowManager:   bhv=SHOW_TRANSIENT_BARS_BY_SWIPE
04-19 15:56:04.558  5628 11254 V WindowManager:   fitSides= screenDimDuration=100000 naviIconColor=0}
04-19 15:56:04.562  4066  4066 I ViewRootImpl@af1bdd3[LauncherActivity]: Relayout returned: old=(0,0,1080,2400) new=(0,0,1080,2400) req=(1080,2400)8 dur=17 res=0x2 s={false 0x0} ch=true seqId=0
04-19 15:56:04.564  8513  8513 V Navbar.Store: --NavBarStates canUseNavBarBackgroundFrame: false
04-19 15:56:04.566 17564 17564 D LifecycleMonitor: Lifecycle status change: androidx.benchmark.IsolationActivity@f5684be in: CREATED
04-19 15:56:04.567  5628  8565 V KeyguardServiceDelegate: setOccluded(true) animate=false
04-19 15:56:04.568  5331  5331 D SurfaceFlinger: Display 0 HWC layers:
04-19 15:56:04.568  5331  5331 D SurfaceFlinger:      DEVICE | 0x79aa45d740 | 0100 | RGBA_8888    |    0.0    0.0 1080.0 2400.0 |    0    0 1080 2400 | Splash Screen org.jetbrains.android_benchmark.test$_8513#19336
04-19 15:56:04.568  5331  5331 D SurfaceFlinger:      DEVICE | 0x79c63ef680 | 0100 | RGBA_8888    |  810.0  452.0  975.0  617.0 |  810  452  975  617 | FreeformContainer$_8492#19256
04-19 15:56:04.568  5331  5331 D SurfaceFlinger:      DEVICE | 0x79aa45a7c0 | 0100 | RGBA_8888    |    0.0    0.0 1080.0   88.0 |    0    0 1080   88 | StatusBar$_8513#99
04-19 15:56:04.568  5331  5331 D SurfaceFlinger:      DEVICE | 0x79aa45bbc0 | 0100 | RGBA_8888    |    0.0    0.0 1080.0 2400.0 |    0    0 1080 2400 | NotificationShade$_8513#19331
04-19 15:56:04.568  5331  5331 D SurfaceFlinger:      DEVICE | 0x7993479cc0 | 0100 | RGBA_8888    |    0.0    0.0 1080.0  126.0 |    0 2274 1080 2400 | NavigationBar0$_8513#92
04-19 15:56:04.568  5331  5331 D SurfaceFlinger:      DEVICE | 0x79c7ec87c0 | 0140 | RGBA_8888    |    0.0    0.0 1080.0  100.0 |    0    0 1080  100 | ScreenDecorOverlay$_8513#6827
04-19 15:56:04.568  5331  5331 D SurfaceFlinger:      DEVICE | 0x79a9f42580 | 0140 | RGBA_8888    |    0.0    0.0 1080.0  100.0 |    0 2300 1080 2400 | ScreenDecorOverlayBottom$_8513#6828
04-19 15:56:04.568  5331  5331 D SurfaceFlinger:
04-19 15:56:04.568 17564 17564 D LifecycleMonitor: Lifecycle status change: androidx.benchmark.IsolationActivity@f5684be in: STARTED
04-19 15:56:04.570  8513 10456 D KeyguardService: setOccluded(true)
04-19 15:56:04.572 31103 31464 I HwDetectorWithState: (REDACTED) a: %d
04-19 15:56:04.574 17564 17564 D LifecycleMonitor: Lifecycle status change: androidx.benchmark.IsolationActivity@f5684be in: RESUMED
04-19 15:56:04.578  8513 10456 D KeyguardViewMediator: setOccluded occluded=true animate=false
04-19 15:56:04.578  8513 10456 D KeyguardViewMediator:  com.android.systemui.keyguard.KeyguardService$5.setOccluded:436
04-19 15:56:04.585  8513  8513 D KeyguardViewMediator: handleMessage 9
04-19 15:56:04.585 17564 17564 I MSHandlerLifeCycle: check: return. pkg=org.jetbrains.android_benchmark.test parent=null callers=com.android.internal.policy.DecorView.setVisibility:4408 android.app.ActivityThread.handleResumeActivity:5476 android.app.servertransaction.ResumeActivityItem.execute:54 android.app.servertransaction.ActivityTransactionItem.execute:45 android.app.servertransaction.TransactionExecutor.executeLifecycleState:176
04-19 15:56:04.585 17564 17564 I MSHandlerLifeCycle: removeMultiSplitHandler: no exist. decor=DecorView@7722eca[]
04-19 15:56:04.587  8513  8513 D KeyguardViewMediator: handleSetOccluded(true)
04-19 15:56:04.589  8513  8513 D KeyguardWallpaperEventHandler: onOccluded(), occluded: true
04-19 15:56:04.590  8513  8513 D KeyguardWallpaperEventHandler: sendMessage(), what = 725 , obj = true , arg1 = -1 , arg2 = -1
04-19 15:56:04.595  5250  5250 D Zygote  : Forked child process 17649
04-19 15:56:04.596 13194 13194 I SCS@AiSearch user 0: (ObserverWorker::DOCUMENTS) [main] entering in startWork():
04-19 15:56:04.598  8513  8513 D KeyguardUpdateMonitor: onKeyguardOccludedChanged(true)
04-19 15:56:04.600  8513  8513 D BubblesManager: onKeyguardShowingChanged: isUnlockedShade=true
04-19 15:56:04.600  8513  8552 D Bubbles : onStatusBarStateChanged:mIsStatusBarShade=true
04-19 15:56:04.600 13194 13194 I SCS@AiSearch user 0: (BaseCollector::DOCUMENTS) [main] entering in onChange():
04-19 15:56:04.600 17564 17595 D NativeCustomFrequencyManager: [NativeCFMS] BpCustomFrequencyManager::BpCustomFrequencyManager()
04-19 15:56:04.609 17564 17564 I DecorView: onImmersiveModeChanged: isStatusBarHidden=true
04-19 15:56:04.610 17564 17564 D InsetsSourceConsumer: setRequestedVisible: visible=false, type=20, host=org.jetbrains.android_benchmark.test/androidx.benchmark.IsolationActivity, from=android.view.InsetsSourceConsumer.hide:257 android.view.InsetsController.collectSourceControls:1310 android.view.InsetsController.controlAnimationUnchecked:1164 android.view.InsetsController.applyAnimation:1576 android.view.InsetsController.applyAnimation:1557 android.view.InsetsController.hide:1093 android.view.InsetsController.hide:1068 android.view.ViewRootImpl.controlInsetsForCompatibility:3339 android.view.ViewRootImpl.setView:1698 android.view.WindowManagerGlobal.addView:567
04-19 15:56:04.610 13194 17651 I SCS@AiSearch user 0: (BaseCollector::DOCUMENTS) [DOCUMENTS-0] entering in collectChanges():
04-19 15:56:04.611 17564 17564 D InsetsSourceConsumer: setRequestedVisible: visible=false, type=0, host=org.jetbrains.android_benchmark.test/androidx.benchmark.IsolationActivity, from=android.view.InsetsSourceConsumer.hide:257 android.view.InsetsController.collectSourceControls:1310 android.view.InsetsController.controlAnimationUnchecked:1164 android.view.InsetsController.applyAnimation:1576 android.view.InsetsController.applyAnimation:1557 android.view.InsetsController.hide:1093 android.view.InsetsController.hide:1068 android.view.ViewRootImpl.controlInsetsForCompatibility:3339 android.view.ViewRootImpl.setView:1698 android.view.WindowManagerGlobal.addView:567
04-19 15:56:04.612  5628  8565 D InputTransport: Input channel constructed: '884acf ', fd=1372
04-19 15:56:04.612  5628  8565 D InputTransport: Input channel constructed: '884acf ', fd=1373
04-19 15:56:04.612  5628  8565 D InputTransport: Input channel constructed: '884acf ', fd=1374
04-19 15:56:04.614  5331  6013 I SurfaceFlinger: id=19340 createSurf flag=80004, 884acf org.jetbrains.android_benchmark.test/androidx.benchmark.IsolationActivity#19340
04-19 15:56:04.615  5628  8565 D InputTransport: Input channel destroyed: '884acf ', fd=1374
04-19 15:56:04.622 17564 17564 D InsetsController: onStateChanged: InsetsState: {mDisplayFrame=Rect(0, 0 - 1080, 2400), mDisplayCutout=DisplayCutout{insets=Rect(0, 88 - 0, 0) waterfall=Insets{left=0, top=0, right=0, bottom=0} boundingRect={Bounds=[Rect(0, 0 - 0, 0), Rect(512, 0 - 568, 88), Rect(0, 0 - 0, 0), Rect(0, 0 - 0, 0)]} cutoutPathParserInfo={CutoutPathParserInfo{displayWidth=1080 displayHeight=2400 physicalDisplayWidth=1080 physicalDisplayHeight=2400 density={2.625} cutoutSpec={M 0,0 M 0,12.25101276465640 a 10.60613009248640,10.60613009248640 0 1,0 0,21.21226018497290 a 10.60613009248640,10.60613009248640 0 1,0 0,-21.21226018497290 Z @dp} rotation={0} scale={1.0} physicalPixelDisplaySizeRatio={1.0}}}}, mRoundedCorners=RoundedCorners{[RoundedCorner{position=TopLeft, radius=84, center=Point(84, 84)}, RoundedCorner{position=TopRight, radius=84, center=Point(996, 84)}, RoundedCorner{position=BottomRight, radius=84, center=Point(996, 2316)}, RoundedCorner{position=BottomLeft, radius=84, center=Point(84, 2316)}]}  mRoundedCornerFrame=Rect(0, 0 - 1080, 2400), mPrivacyIndicatorBounds=PrivacyIndicatorBounds {static bounds=Rect(964, 0 - 1080, 88) rotation=0}, mSources= { InsetsSource: {mType=ITYPE_STATUS_BAR, mFrame=[0,0][1080,88], mVisible=true, mInsetsRoundedCornerFrame=false}, InsetsSource: {mType=ITYPE_NAVIGATION_BAR, mFrame=[0,2274][1080,2400], mVisible=true, mInsetsRoundedCornerFrame=false}, InsetsSource: {mType=ITYPE_LEFT_GESTURES, mFrame=[0,0][0,2400], mVisible=true, mInsetsRoundedCornerFrame=false}, InsetsSource: {mType=ITYPE_RIGHT_GESTURES, mFrame=[1080,0][1080,2400], mVisible=true, mInsetsRoundedCornerFrame=false}, InsetsSource: {mType=ITYPE_TOP_MANDATORY_GESTURES, mFrame=[0,0][1080,120], mVisible=true, mInsetsRoundedCornerFrame=false}, InsetsSource: {mType=ITYPE_BOTTOM_MANDATORY_GESTURES, mFrame=[0,2274][1080,2400], mVisible=true, mInsetsRoundedCornerFrame=false}, InsetsSource: {mType=ITYPE_LEFT_DISPLAY_CUTOUT, mFrame=[0,0][-100000,2400], mVisible=true, mInsetsRoundedCornerFrame=false}, InsetsSource: {mType=ITYPE_TOP_DISPLAY_CUTOUT, mFrame=[0,0][1080,88], mVisible=true, mInsetsRoundedCornerFrame=false}, InsetsSource: {mType=ITYPE_RIGHT_DISPLAY_CUTOUT, mFrame=[100000,0][1080,2400], mVisible=true, mInsetsRoundedCornerFrame=false}, InsetsSource: {mType=ITYPE_BOTTOM_DISPLAY_CUTOUT, mFrame=[0,100000][1080,2400], mVisible=true, mInsetsRoundedCornerFrame=false}, InsetsSource: {mType=ITYPE_TOP_TAPPABLE_ELEMENT, mFrame=[0,0][1080,88], mVisible=true, mInsetsRoundedCornerFrame=false}, InsetsSource: {mType=ITYPE_BOTTOM_TAPPABLE_ELEMENT, mFrame=[0,2274][1080,2400], mVisible=true, mInsetsRoundedCornerFrame=false} } host=org.jetbrains.android_benchmark.test/androidx.benchmark.IsolationActivity from=android.view.ViewRootImpl.setView:1732
04-19 15:56:04.622  8513  8513 D KeyguardUpdateMonitor: sendKeyguardStateUpdated(false, true, false, false)
04-19 15:56:04.623  8513  8599 D KeyguardUpdateMonitor: broadcast intent= Intent { act=com.samsung.keyguard.KEYGUARD_STATE_UPDATE (has extras) }
04-19 15:56:04.623  5628 11254 D PackageManager: setEnabledSetting : userId = 0 packageName = com.samsung.android.scs cmp = androidx.work.impl.background.systemalarm.RescheduleReceiver newState = 1 callingPackage = 10380/com.samsung.android.scs
04-19 15:56:04.623 13194 17651 E SCS@AiSearch user 0: (DocumentCollector) canSkipCurrentList:
04-19 15:56:04.624  5628 11254 D ApplicationPolicy: getApplicationStateEnabled : pkg = com.samsung.android.scs userId : 0
04-19 15:56:04.624  5628  8452 W AlarmManager: Unrecognized alarm listener com.samsung.android.server.battery.WatchBatteryManager$ScreenOffAlarmListener@885e533
04-19 15:56:04.625  5628 11254 D ApplicationPolicy: getApplicationComponentState : pkg = com.samsung.android.scs userId : 0
04-19 15:56:04.629 17564 17564 I ViewRootImpl@8fe1f7e[IsolationActivity]: setView = com.android.internal.policy.DecorView@7722eca TM=true
04-19 15:56:04.630  8513  8513 D KeyguardViewMediator: adjustStatusBarLocked: no need to update flags=0x0 / showHomeOverLock=true
04-19 15:56:04.632 13194 17651 I SCS@AiSearch user 0: (BaseCollector::DOCUMENTS) fetch: fetching took  21 ms
04-19 15:56:04.632 13194 17651 I SCS@AiSearch user 0: (BaseCollector::DOCUMENTS) fetchChanges: applied 0 items
04-19 15:56:04.633 13194 17651 I SCS@AiSearch user 0: (BaseCollector::DOCUMENTS) Collect finished. Result: true
04-19 15:56:04.635 17564 17564 I MSHandlerLifeCycle: removeMultiSplitHandler: no exist. decor=DecorView@7722eca[IsolationActivity]
04-19 15:56:04.635  8513  8513 D KeyguardViewMediator: handleMessage 9 / elapsed time: 50ms
04-19 15:56:04.635  8513  8513 D KeyguardWallpaperController: mIsKeyguardShowing=false, mOccluded=true
04-19 15:56:04.638 17649 17649 I tinkoff.android: Using CollectorTypeCC GC.
04-19 15:56:04.640  8513  8513 I FaceWidgetPositionAlgorithm: getClockContainerHeight() supplier = 270, bottom margin = 0, real height = 333
04-19 15:56:04.640  8513  8513 I FaceWidgetPositionAlgorithm: getClockContainerHeight() supplier = 270, bottom margin = 63, real height = 333
04-19 15:56:04.640  8513  8513 I FaceWidgetPositionAlgorithm: getMediaContainerHeight() height = 0 container Visibility = 8, isValid = false, mIsDozing = false, fraction = 1.0, source = 0, target = 0
04-19 15:56:04.640  8513  8513 I FaceWidgetPositionAlgorithm: getMediaContainerHeight() supplier = 0
04-19 15:56:04.643 17649 17649 E tinkoff.android: Not starting debugger since process cannot load the jdwp agent.
04-19 15:56:04.644 13194 13250 I WM-WorkerWrapper: Worker result SUCCESS for Work [ id=2a1c5126-9530-4743-b2f9-b70c1e40e15b, tags={ com.samsung.android.scs.documents, com.samsung.android.scs.ai.search.data.collector.ObserverWorker } ]
04-19 15:56:04.659 17649 17649 W libc    : Access denied finding property "sys.perf.boostopt"
04-19 15:56:04.660 17649 17663 W libc    : Access denied finding property "sys.perf.boostopt"
04-19 15:56:04.661 17649 17649 D ActivityThread: setConscryptValidator
04-19 15:56:04.661 17649 17649 D ActivityThread: setConscryptValidator - put
04-19 15:56:04.662  8513  8513 D PluginAODManager: onNotificationInfoUpdated() 0
