04-19 16:01:58.391  5628  8409 I ChimeraAggressivePolicyHandler: memAvailable: 712848, memFreeTarget: 870400, releaseTarget:157552, protectedLruCount: 10
04-19 16:01:58.404 22061 22246 D TrafficStats: tagSocket(110) with statsTag=0xffffffff, statsUid=-1
04-19 16:01:58.421 22093 22230 D TrafficStats: tagSocket(114) with statsTag=0xffffffff, statsUid=-1
04-19 16:01:58.455 22061 22061 W browser:Metrica: Long monitor contention with owner GoogleApiHandler (22178) at boolean i4c0.b(g0c0, kcb0, java.lang.String, java.util.concurrent.Executor)(SourceFile:76) waiters=0 in void n1c0.onServiceConnected(android.content.ComponentName, android.os.IBinder) for 131ms
04-19 16:01:58.461  5628  8409 I NSLocationMonitor: getGPSUsingApps() called
04-19 16:01:58.473  9284  9332 I NSLocationManager_FLP: getGPSUsingApps, NO_FREEZE={5013} / FREEZE={10234}
04-19 16:01:58.482  5628  8409 I ChimeraAggressivePolicyHandler: Start doKill, protected policy: HEAVY
04-19 16:01:58.486  5628  8409 I ChimeraAggressivePolicyHandler: Killed on trigger0 : com.samsung.android.scpm[20559], freed: 17639, 5009[20559]:G2(0x20002) score=30.7(40 10/10 17639), pids: 20559 / stats: 19 / adjs: 999
04-19 16:01:58.490  5628  8409 I ChimeraAggressivePolicyHandler: Killed on trigger0 : com.samsung.android.app.sharelive[20506], freed: 11774, 5026[20506]:G2(0x20002) score=30.2(43 10/10 11774), pids: 20506 / stats: 19 / adjs: 999
04-19 16:01:58.494  5628  8409 I ChimeraAggressivePolicyHandler: Killed on trigger0 : com.android.settings.intelligence[20556], freed: 12203, 10116[20556]:G2(0x20000) score=29.4(41 10/10 12203), pids: 20556 / stats: 19 / adjs: 999
04-19 16:01:58.497  5628  8409 I ChimeraAggressivePolicyHandler: Killed on trigger0 : com.android.chrome[20940], freed: 42846, 10238[20940]:G3(0x800) score=37.3(37 10/10 42846), pids: 20940 / stats: 19 / adjs: 999
04-19 16:01:58.499  5628  5712 I libprocessgroup: Successfully killed process cgroup uid 5009 pid 20559 in 10ms
04-19 16:01:58.500  5628  8409 I ChimeraAggressivePolicyHandler: kill complete: killed 4 apps, freed 84462 KB
04-19 16:01:58.500  5628  8409 I ChimeraAggressivePolicyHandler: Skipped reason: LR, pids: 17564
04-19 16:01:58.500  5628  8409 I ChimeraAggressivePolicyHandler: Skipped reason: CA, pids: 18056 21645 20367 22182 21928 22061 14911 21696 21732 20965 20592 6649
04-19 16:01:58.500  5628  8409 I ChimeraAggressivePolicyHandler: Skipped reason: PE, pids: 8513 8962 7170 26179 8900 11012 9284 23109 27910 8840 13194 6090 5900 22093 31118 22229 8924 8989 10919 21927 6057 8940 8815 23986 9524 8955 7867 5628 21948 11006
04-19 16:01:58.500  5628  8409 I ChimeraAggressivePolicyHandler: Skipped reason: IN, pids: 20676 20465 31891 19093 31931 30300
04-19 16:01:58.500  5628  8409 I ChimeraAggressivePolicyHandler: Skipped reason: WA, pids: 15040
04-19 16:01:58.500  5628  8409 I ChimeraAggressivePolicyHandler: Skipped reason: SE, pids: 30722 19163
04-19 16:01:58.500  5628  8409 I ChimeraAggressivePolicyHandler: Skipped reason: AD, pids: 31107 6159 31127 20891 16167 19368 682 31148 31170 30407 4557 30805 21461 19928 19806 21481 31086 31103
04-19 16:01:58.500  5628  8409 I ChimeraAggressivePolicyHandler: Processing time(ms) 111
04-19 16:01:58.570  5250  5250 I Zygote  : Process 20556 exited due to signal 9 (Killed)
04-19 16:01:58.609 21948 21948 E chromium: [ERROR:isolated_origin_util.cc(74)] Ignoring port number in isolated origin: chrome://custo
04-19 16:01:58.649  5250  5250 I Zygote  : Process 20506 exited due to signal 9 (Killed)
04-19 16:01:58.674 22093 22154 I AppMetrica-Attribution: Choosing distribution data: ClidsInfo(chosen=Candidate(clids={clid24=2305182, clid1=2207450, clid1010=2295103, clid2023=2395783, clid1003=2207452, clid1004=2207453, clid1002=2207451}, source=APP), candidates=[Candidate(clids={clid24=2305182, clid1=2207450, clid1010=2295103, clid2023=2395783, clid1003=2207452, clid1004=2207453, clid1002=2207451}, source=APP)])
04-19 16:01:58.681 22229 22229 D nativeloader: Configuring classloader-namespace for other apk /system/framework/org.apache.http.legacy.jar. target_sdk_version=33, uses_libraries=ALL, library_path=/data/app/~~LOuKj_UdFDjKkqpP0fMb8Q==/ru.yandex.searchplugin-kUw0XWvAje0zJ7jy7WKjdw==/lib/arm64:/data/app/~~LOuKj_UdFDjKkqpP0fMb8Q==/ru.yandex.searchplugin-kUw0XWvAje0zJ7jy7WKjdw==/base.apk!/lib/arm64-v8a:/data/app/~~LOuKj_UdFDjKkqpP0fMb8Q==/ru.yandex.searchplugin-kUw0XWvAje0zJ7jy7WKjdw==/split_config.en.apk!/lib/arm64-v8a:/data/app/~~LOuKj_UdFDjKkqpP0fMb8Q==/ru.yandex.searchplugin-kUw0XWvAje0zJ7jy7WKjdw==/split_config.ru.apk!/lib/arm64-v8a:/data/app/~~LOuKj_UdFDjKkqpP0fMb8Q==/ru.yandex.searchplugin-kUw0XWvAje0zJ7jy7WKjdw==/split_config.xxhdpi.apk!/lib/arm64-v8a, permitted_path=/data:/mnt/expand:/data/user/0/ru.yandex.searchplugin
04-19 16:01:58.701 22229 22229 D nativeloader: Extending system_exposed_libraries: libhumantracking.arcsoft.so:libPortraitDistortionCorrection.arcsoft.so:libPortraitDistortionCorrectionCali.arcsoft.so:libface_landmark.arcsoft.so:libFacialStickerEngine.arcsoft.so:libveengine.arcsoft.so:liblow_light_hdr.arcsoft.so:libhigh_dynamic_range.arcsoft.so:libFacialAttributeDetection.arcsoft.so:libBeauty_v4.camera.samsung.so:libexifa.camera.samsung.so:libjpega.camera.samsung.so:libOpenCv.camera.samsung.so:libImageScreener.camera.samsung.so:libMyFilter.camera.samsung.so:libtensorflowLite.myfilter.camera.samsung.so:libtensorflowlite_inference_api.myfilter.camera.samsung.so:libEventFinder.camera.samsung.so:libHIDTSnapJNI.camera.samsung.so:libSmartScan.camera.samsung.so:libRectify.camera.samsung.so:libDocRectifyWrapper.camera.samsung.so:libUltraWideDistortionCorrection.camera.samsung.so:libHpr_RecGAE_cvFeature_v1.0.camera.samsung.so:libHprFace_GAE_api.camera.samsung.so:libFace_Landmark_API.camera.samsung.so:libHprFace_GAE_jni.camera.samsung.so:libFacialBasedSelfieCorrec
04-19 16:01:58.721  5251  5251 I Zygote  : Process 20940 exited due to signal 9 (Killed)
04-19 16:01:58.733  5628  5882 D ConnectivityService: ConnectivityService NetworkRequestInfo binderDied(uid/pid:5009/20559, [NetworkRequest [ LISTEN id=28009, [ Capabilities: INTERNET&NOT_RESTRICTED&TRUSTED&NOT_VCN_MANAGED Uid: 5009 RequestorUid: 5009 RequestorPkg: com.samsung.android.scpm UnderlyingNetworks: Null] ]], android.os.BinderProxy@b7f77e7)
04-19 16:01:58.733  5628  9014 D ConnectivityService: ConnectivityService NetworkRequestInfo binderDied(uid/pid:5009/20559, [NetworkRequest [ REQUEST id=28008, [ Capabilities: INTERNET&NOT_RESTRICTED&TRUSTED&NOT_VCN_MANAGED Uid: 5009 RequestorUid: 5009 RequestorPkg: com.samsung.android.scpm UnderlyingNetworks: Null] ]], android.os.BinderProxy@c201a6)
04-19 16:01:58.734  5628  8367 D ConnectivityService: releasing NetworkRequest [ REQUEST id=28008, [ Capabilities: INTERNET&NOT_RESTRICTED&TRUSTED&NOT_VCN_MANAGED Uid: 5009 RequestorUid: 5009 RequestorPkg: com.samsung.android.scpm UnderlyingNetworks: Null] ] (release request)
04-19 16:01:58.734  5628  8367 D ConnectivityService:  Removing from current network [128 WIFI], leaving 163 requests.
04-19 16:01:58.738  5628  5712 I libprocessgroup: Successfully killed process cgroup uid 5026 pid 20506 in 0ms
04-19 16:01:58.739  5628  5712 I libprocessgroup: Successfully killed process cgroup uid 10116 pid 20556 in 0ms
04-19 16:01:58.739  5628  5712 I libprocessgroup: Successfully killed process cgroup uid 10238 pid 20940 in 0ms
04-19 16:01:58.752  5250  5250 D Zygote  : Forked child process 22293
04-19 16:01:58.753  5250  5250 I Zygote  : Process 20559 exited due to signal 9 (Killed)
04-19 16:01:58.771  5250  5250 D Zygote  : Forked child process 22295
04-19 16:01:58.813 22061 22103 I AppMetrica-Attribution: Choosing distribution data: ClidsInfo(chosen=Candidate(clids={clid10=2263180, clid21=2251107, clid4=2066560, clid7=2041723, clid6=2041722, clid1=2041720, clid1010=2263185, clid1003=2315897, clid1002=2268488}, source=APP), candidates=[Candidate(clids={clid10=2263180, clid21=2251107, clid4=2066560, clid7=2041723, clid6=2041722, clid1=2041720, clid1010=2263185, clid1003=2315897, clid1002=2268488}, source=APP)])
04-19 16:01:58.814 22293 22293 I ileged_process0: Using CollectorTypeCC GC.
04-19 16:01:58.828 22295 22295 I ndroid.calendar: Using CollectorTypeCC GC.
04-19 16:01:58.835 22293 22293 E ileged_process0: Not starting debugger since process cannot load the jdwp agent.
04-19 16:01:58.839 22295 22295 E ndroid.calendar: Not starting debugger since process cannot load the jdwp agent.
04-19 16:01:58.849  5250  5250 D Zygote  : Forked child process 22317
04-19 16:01:58.860  5224  5224 E audit   : type=1400 audit(1681912918.853:103203): avc:  denied  { read } for  pid=22295 comm="ndroid.calendar" name="u:object_r:perf_prop:s0" dev="tmpfs" ino=16829 scontext=u:r:untrusted_app:s0:c235,c256,c512,c768 tcontext=u:object_r:perf_prop:s0 tclass=file permissive=0 SEPF_SM-A515F_13_0001 audit_filtered
04-19 16:01:58.861 22293 22293 W libc    : Access denied finding property "sys.perf.boostopt"
04-19 16:01:58.861 22295 22295 W libc    : Access denied finding property "sys.perf.boostopt"
04-19 16:01:58.864 22295 22321 W libc    : Access denied finding property "sys.perf.boostopt"
04-19 16:01:58.864 22293 22293 D ActivityThread: setConscryptValidator
04-19 16:01:58.864 22295 22295 D ActivityThread: setConscryptValidator
04-19 16:01:58.864 22293 22293 D ActivityThread: setConscryptValidator - put
04-19 16:01:58.865 22293 22320 W libc    : Access denied finding property "sys.perf.boostopt"
04-19 16:01:58.866 22295 22295 D ActivityThread: setConscryptValidator - put
04-19 16:01:58.912 22317 22317 I ileged_process0: Using CollectorTypeCC GC.
04-19 16:01:58.912 22293 22320 W libc    : Access denied finding property "sys.perf.boostopt"
04-19 16:01:58.917 22293 22293 D CompatibilityChangeReporter: Compat change id reported: 171979766; UID 10271; state: ENABLED
04-19 16:01:58.922 22295 22323 W libc    : Access denied finding property "sys.perf.boostopt"
04-19 16:01:58.926 22295 22295 D CompatibilityChangeReporter: Compat change id reported: 171979766; UID 10235; state: ENABLED
04-19 16:01:58.928 22317 22317 E ileged_process0: Not starting debugger since process cannot load the jdwp agent.
04-19 16:01:58.938 22317 22317 W libc    : Access denied finding property "sys.perf.boostopt"
04-19 16:01:58.939 22317 22338 W libc    : Access denied finding property "sys.perf.boostopt"
04-19 16:01:58.942 22317 22317 D ActivityThread: setConscryptValidator
04-19 16:01:58.942 22317 22317 D ActivityThread: setConscryptValidator - put
04-19 16:01:58.945 22093 22230 D TrafficStats: tagSocket(116) with statsTag=0xffffffff, statsUid=-1
04-19 16:01:58.953 22061 22103 I AppMetrica-Attribution: Choosing distribution data: ClidsInfo(chosen=Candidate(clids={clid10=2263180, clid21=2251107, clid4=2066560, clid7=2041723, clid6=2041722, clid1=2041720, clid1010=2263185, clid1003=2315897, clid1002=2268488}, source=APP), candidates=[Candidate(clids={clid10=2263180, clid21=2251107, clid4=2066560, clid7=2041723, clid6=2041722, clid1=2041720, clid1010=2263185, clid1003=2315897, clid1002=2268488}, source=APP)])
04-19 16:01:58.957 22295 22295 D nativeloader: Configuring classloader-namespace for other apk /system/framework/org.apache.http.legacy.jar. target_sdk_version=33, uses_libraries=ALL, library_path=/data/app/~~4-5BQ3n_2Ddzq3Qvo9tWfw==/com.google.android.calendar-IjpFvQrIQh_AXIWNtnZYGA==/lib/arm64, permitted_path=/data:/mnt/expand:/data/user/0/com.google.android.calendar
04-19 16:01:58.957 22295 22295 D nativeloader: Extending system_exposed_libraries: libhumantracking.arcsoft.so:libPortraitDistortionCorrection.arcsoft.so:libPortraitDistortionCorrectionCali.arcsoft.so:libface_landmark.arcsoft.so:libFacialStickerEngine.arcsoft.so:libveengine.arcsoft.so:liblow_light_hdr.arcsoft.so:libhigh_dynamic_range.arcsoft.so:libFacialAttributeDetection.arcsoft.so:libBeauty_v4.camera.samsung.so:libexifa.camera.samsung.so:libjpega.camera.samsung.so:libOpenCv.camera.samsung.so:libImageScreener.camera.samsung.so:libMyFilter.camera.samsung.so:libtensorflowLite.myfilter.camera.samsung.so:libtensorflowlite_inference_api.myfilter.camera.samsung.so:libEventFinder.camera.samsung.so:libHIDTSnapJNI.camera.samsung.so:libSmartScan.camera.samsung.so:libRectify.camera.samsung.so:libDocRectifyWrapper.camera.samsung.so:libUltraWideDistortionCorrection.camera.samsung.so:libHpr_RecGAE_cvFeature_v1.0.camera.samsung.so:libHprFace_GAE_api.camera.samsung.so:libFace_Landmark_API.camera.samsung.so:libHprFace_GAE_jni.camera.samsung.so:libFacialBasedSelfieCorrec
04-19 16:01:58.977  5224  5224 E audit   : type=1400 audit(1681912918.973:103210): avc:  denied  { read } for  pid=22317 comm="binder:22317_2" name="u:object_r:perf_prop:s0" dev="tmpfs" ino=16829 scontext=u:r:untrusted_app:s0:c222,c256,c512,c768 tcontext=u:object_r:perf_prop:s0 tclass=file permissive=0 SEPF_SM-A515F_13_0001 audit_filtered
04-19 16:01:58.980 22317 22339 W libc    : Access denied finding property "sys.perf.boostopt"
04-19 16:01:58.981  5224  5224 E audit   : type=1300 audit(1681912918.973:103210): arch=c00000b7 syscall=56 success=no exit=-13 a0=ffffff9c a1=7dc8ead2f8 a2=88000 a3=0 items=0 ppid=5250 pid=22317 auid=4294967295 uid=10222 gid=10222 euid=10222 suid=10222 fsuid=10222 egid=10222 sgid=10222 fsgid=10222 tty=(none) ses=4294967295 comm="binder:22317_2" exe="/system/bin/app_process64" subj=u:r:untrusted_app:s0:c222,c256,c512,c768 key=(null)
04-19 16:01:58.985  5224  5224 E audit   : type=1327 audit(1681912918.973:103210): proctitle="<pre-initialized>"
04-19 16:01:58.998 22295 22295 D nativeloader: Configuring classloader-namespace for other apk /data/app/~~4-5BQ3n_2Ddzq3Qvo9tWfw==/com.google.android.calendar-IjpFvQrIQh_AXIWNtnZYGA==/base.apk. target_sdk_version=33, uses_libraries=, library_path=/data/app/~~4-5BQ3n_2Ddzq3Qvo9tWfw==/com.google.android.calendar-IjpFvQrIQh_AXIWNtnZYGA==/lib/arm64, permitted_path=/data:/mnt/expand:/data/user/0/com.google.android.calendar
04-19 16:01:59.001 22317 22317 D CompatibilityChangeReporter: Compat change id reported: 171979766; UID 10222; state: ENABLED
04-19 16:01:59.029 22093 22154 I AppMetrica-Attribution: Choosing distribution data: ClidsInfo(chosen=Candidate(clids={clid24=2305182, clid1=2207450, clid1010=2295103, clid2023=2395783, clid1003=2207452, clid1004=2207453, clid1002=2207451}, source=APP), candidates=[Candidate(clids={clid24=2305182, clid1=2207450, clid1010=2295103, clid2023=2395783, clid1003=2207452, clid1004=2207453, clid1002=2207451}, source=APP)])
04-19 16:01:59.033 22182 22342 D CompatibilityChangeReporter: Compat change id reported: 183155436; UID 10271; state: ENABLED
04-19 16:01:59.070 22295 22295 V GraphicsEnvironment: ANGLE Developer option for 'com.google.android.calendar' set to: 'default'
04-19 16:01:59.071 22295 22295 V GraphicsEnvironment: ANGLE GameManagerService for com.google.android.calendar: false
04-19 16:01:59.072 22295 22295 V GraphicsEnvironment: Neither updatable production driver nor prerelease driver is supported.
04-19 16:01:59.080 22295 22295 D NetworkSecurityConfig: No Network Security Config specified, using platform default
04-19 16:01:59.083 22295 22295 D NetworkSecurityConfig: No Network Security Config specified, using platform default
04-19 16:01:59.090 22182 22342 I AppMetrica: Initializing of Metrica, Release type, Version 5.3.2, API Level 106, Dated 23.03.2023.
04-19 16:01:59.214 22295 22295 D CompatibilityChangeReporter: Compat change id reported: 183155436; UID 10235; state: ENABLED
04-19 16:01:59.248 22295 22360 W ndroid.calendar: Accessing hidden field Ljava/util/Collections$SynchronizedCollection;->mutex:Ljava/lang/Object; (max-target-o, reflection, denied)
04-19 16:01:59.251 22295 22360 W ndroid.calendar: Accessing hidden method Ljava/util/Collections$SynchronizedSet;-><init>(Ljava/util/Set;Ljava/lang/Object;)V (max-target-o, reflection, denied)
04-19 16:01:59.251 22295 22360 W ndroid.calendar: Accessing hidden method Ljava/util/Collections$SynchronizedCollection;-><init>(Ljava/util/Collection;Ljava/lang/Object;)V (max-target-o, reflection, denied)
04-19 16:01:59.284 23109 23109 D BoundBrokerSvc: onBind: Intent { act=com.google.android.gms.phenotype.service.START pkg=com.google.android.gms }
04-19 16:01:59.285 23109 23109 D BoundBrokerSvc: Loading bound service for intent: Intent { act=com.google.android.gms.phenotype.service.START pkg=com.google.android.gms }
04-19 16:01:59.313 22295 22295 D ConnectivityManager: StackLog: [android.net.ConnectivityManager.sendRequestForNetwork(ConnectivityManager.java:4191)] [android.net.ConnectivityManager.registerDefaultNetworkCallbackForUid(ConnectivityManager.java:4755)] [android.net.ConnectivityManager.registerDefaultNetworkCallback(ConnectivityManager.java:4722)] [android.net.ConnectivityManager.registerDefaultNetworkCallback(ConnectivityManager.java:4696)] [cal.nkp.<init>(PG:37)] [cal.nsi.b(PG:85)] [cal.akqg.b(PG:1)] [cal.nsj.K(PG:6)] [cal.njr.a(PG:101)] [cal.gzk.b(PG:1)] [cal.gzo.b(PG:4)] [com.google.android.calendar.CalendarApplication.onCreate(PG:3)] [android.app.Instrumentation.callApplicationOnCreate(Instrumentation.java:1266)] [android.app.ActivityThread.handleBindApplication(ActivityThread.java:7614)] [android.app.ActivityThread.-$$Nest$mhandleBindApplication(Unknown Source:0)] [android.app.ActivityThread$H.handleMessage(ActivityThread.java:2400)]
04-19 16:01:59.316  5628 11218 D ConnectivityService: requestNetwork for uid/pid:10235/22295 activeRequest: null callbackRequest: 28026 [NetworkRequest [ REQUEST id=28027, [ Capabilities: INTERNET&NOT_RESTRICTED&TRUSTED&NOT_VCN_MANAGED Uid: 10235 RequestorUid: 10235 RequestorPkg: com.google.android.calendar UnderlyingNetworks: Null] ]] callback flags: 0 order: 2147483647
04-19 16:01:59.317  5628  8367 D ConnectivityService:    accepting network in place of null
04-19 16:01:59.322  5628  8356 D WifiNetworkFactory: got request NetworkRequest [ REQUEST id=28027, [ Capabilities: INTERNET&NOT_RESTRICTED&TRUSTED&NOT_VCN_MANAGED Uid: 10235 RequestorUid: 10235 RequestorPkg: com.google.android.calendar UnderlyingNetworks: Null] ]
04-19 16:01:59.323  5628  8356 D UntrustedWifiNetworkFactory: got request NetworkRequest [ REQUEST id=28027, [ Capabilities: INTERNET&NOT_RESTRICTED&TRUSTED&NOT_VCN_MANAGED Uid: 10235 RequestorUid: 10235 RequestorPkg: com.google.android.calendar UnderlyingNetworks: Null] ]
04-19 16:01:59.323  5628  8356 D OemPaidWifiNetworkFactory: got request NetworkRequest [ REQUEST id=28027, [ Capabilities: INTERNET&NOT_RESTRICTED&TRUSTED&NOT_VCN_MANAGED Uid: 10235 RequestorUid: 10235 RequestorPkg: com.google.android.calendar UnderlyingNetworks: Null] ]
04-19 16:01:59.323  5628  8356 D MultiInternetWifiNetworkFactory: got request NetworkRequest [ REQUEST id=28027, [ Capabilities: INTERNET&NOT_RESTRICTED&TRUSTED&NOT_VCN_MANAGED Uid: 10235 RequestorUid: 10235 RequestorPkg: com.google.android.calendar UnderlyingNetworks: Null] ]
04-19 16:01:59.332  5628  8367 D ConnectivityService: Rematched networks [computed 1ms] [applied 1ms] [issued 8]
04-19 16:01:59.332  5628  8367 D ConnectivityService: NetworkReassignment :
04-19 16:01:59.332  5628  8367 D ConnectivityService:   28027 : null → 128
04-19 16:01:59.354 30407 30407 I ResourceOverlayService_0: waitAndQuit called
04-19 16:01:59.356 30407 30407 I ResourceOverlayService_0: activity user id 0 process id 0
04-19 16:01:59.359 22093 22154 I AppMetrica-Attribution: Choosing distribution data: ClidsInfo(chosen=Candidate(clids={clid24=2305182, clid1=2207450, clid1010=2295103, clid2023=2395783, clid1003=2207452, clid1004=2207453, clid1002=2207451}, source=APP), candidates=[Candidate(clids={clid24=2305182, clid1=2207450, clid1010=2295103, clid2023=2395783, clid1003=2207452, clid1004=2207453, clid1002=2207451}, source=APP)])
04-19 16:01:59.368 21948 21948 I chromium: [INFO:primary_account_manager.cc(447)] Removed account from account tracker service: 550871220
04-19 16:01:59.370 21948 21948 I chromium: [INFO:primary_account_manager.cc(447)] Removed account from account tracker service: 872830285
04-19 16:01:59.426  5250  5250 D Zygote  : Forked child process 22375
04-19 16:01:59.427 22229 22229 W ziparchive: Unable to open '/data/app/~~LOuKj_UdFDjKkqpP0fMb8Q==/ru.yandex.searchplugin-kUw0XWvAje0zJ7jy7WKjdw==/split_config.en.dm': No such file or directory
04-19 16:01:59.434 22229 22229 W ziparchive: Unable to open '/data/app/~~LOuKj_UdFDjKkqpP0fMb8Q==/ru.yandex.searchplugin-kUw0XWvAje0zJ7jy7WKjdw==/split_config.en.dm': No such file or directory
04-19 16:01:59.436 22229 22229 W plugin:passport: Entry not found
04-19 16:01:59.450  5628  5714 W libprocessgroup: Failed to open /dev/blkio//cgroup.procs: No such file or directory
04-19 16:01:59.454  5628  5714 W libprocessgroup: Failed to open /dev/blkio//cgroup.procs: No such file or directory
04-19 16:01:59.454 27910 27910 D BoundBrokerSvc: onBind: Intent { act=com.google.android.gms.inappreach.service.START dat=chimera-action:/... cmp=com.google.android.gms/.chimera.GmsApiService }
04-19 16:01:59.455 27910 27910 D BoundBrokerSvc: Loading bound service for intent: Intent { act=com.google.android.gms.inappreach.service.START dat=chimera-action:/... cmp=com.google.android.gms/.chimera.GmsApiService }
04-19 16:01:59.458 22229 22229 W ziparchive: Unable to open '/data/app/~~LOuKj_UdFDjKkqpP0fMb8Q==/ru.yandex.searchplugin-kUw0XWvAje0zJ7jy7WKjdw==/split_config.ru.dm': No such file or directory
04-19 16:01:59.458 22229 22229 W ziparchive: Unable to open '/data/app/~~LOuKj_UdFDjKkqpP0fMb8Q==/ru.yandex.searchplugin-kUw0XWvAje0zJ7jy7WKjdw==/split_config.ru.dm': No such file or directory
04-19 16:01:59.470 22375 22375 I ocess.gservices: Using CollectorTypeCC GC.
04-19 16:01:59.477 22229 22229 W plugin:passport: Entry not found
04-19 16:01:59.477 22375 22375 E ocess.gservices: Not starting debugger since process cannot load the jdwp agent.
04-19 16:01:59.487 22375 22375 W libc    : Access denied finding property "sys.perf.boostopt"
04-19 16:01:59.487  5224  5224 E audit   : type=1400 audit(1681912919.481:103211): avc:  denied  { read } for  pid=22375 comm="ocess.gservices" name="u:object_r:perf_prop:s0" dev="tmpfs" ino=16829 scontext=u:r:priv_app:s0:c512,c768 tcontext=u:object_r:perf_prop:s0 tclass=file permissive=0 SEPF_SM-A515F_13_0001 audit_filtered
04-19 16:01:59.489 22375 22393 W libc    : Access denied finding property "sys.perf.boostopt"
04-19 16:01:59.491 22375 22375 D ActivityThread: setConscryptValidator
04-19 16:01:59.491 22375 22375 D ActivityThread: setConscryptValidator - put
04-19 16:01:59.503 22229 22229 W ziparchive: Unable to open '/data/app/~~LOuKj_UdFDjKkqpP0fMb8Q==/ru.yandex.searchplugin-kUw0XWvAje0zJ7jy7WKjdw==/split_config.xxhdpi.dm': No such file or directory
04-19 16:01:59.503 22229 22229 W ziparchive: Unable to open '/data/app/~~LOuKj_UdFDjKkqpP0fMb8Q==/ru.yandex.searchplugin-kUw0XWvAje0zJ7jy7WKjdw==/split_config.xxhdpi.dm': No such file or directory
04-19 16:01:59.503 22375 22393 W libc    : Access denied finding property "sys.perf.boostopt"
04-19 16:01:59.506 22229 22229 W plugin:passport: Entry not found
04-19 16:01:59.507 22375 22375 D CompatibilityChangeReporter: Compat change id reported: 171979766; UID 10226; state: ENABLED
04-19 16:01:59.528 22317 22317 D nativeloader: Configuring classloader-namespace for other apk /system/framework/org.apache.http.legacy.jar. target_sdk_version=33, uses_libraries=ALL, library_path=/data/app/~~LOuKj_UdFDjKkqpP0fMb8Q==/ru.yandex.searchplugin-kUw0XWvAje0zJ7jy7WKjdw==/lib/arm64:/data/app/~~LOuKj_UdFDjKkqpP0fMb8Q==/ru.yandex.searchplugin-kUw0XWvAje0zJ7jy7WKjdw==/base.apk!/lib/arm64-v8a:/data/app/~~LOuKj_UdFDjKkqpP0fMb8Q==/ru.yandex.searchplugin-kUw0XWvAje0zJ7jy7WKjdw==/split_config.en.apk!/lib/arm64-v8a:/data/app/~~LOuKj_UdFDjKkqpP0fMb8Q==/ru.yandex.searchplugin-kUw0XWvAje0zJ7jy7WKjdw==/split_config.ru.apk!/lib/arm64-v8a:/data/app/~~LOuKj_UdFDjKkqpP0fMb8Q==/ru.yandex.searchplugin-kUw0XWvAje0zJ7jy7WKjdw==/split_config.xxhdpi.apk!/lib/arm64-v8a, permitted_path=/data:/mnt/expand:/data/user/0/ru.yandex.searchplugin
04-19 16:01:59.530 22375 22375 D nativeloader: Configuring classloader-namespace-shared for other apk /system/framework/org.apache.http.legacy.jar. target_sdk_version=33, uses_libraries=ALL, library_path=/system/system_ext/priv-app/GoogleServicesFramework/lib/arm64:/system/system_ext/priv-app/GoogleServicesFramework/GoogleServicesFramework.apk!/lib/arm64-v8a:/system/lib64:/system/system_ext/lib64, permitted_path=/data:/mnt/expand:/data/user/0/com.google.android.gsf:/system/system_ext/priv-app/GoogleServicesFramework:/system/lib64:/system/system_ext/lib64
04-19 16:01:59.530 22375 22375 D nativeloader: Extending system_exposed_libraries: libhumantracking.arcsoft.so:libPortraitDistortionCorrection.arcsoft.so:libPortraitDistortionCorrectionCali.arcsoft.so:libface_landmark.arcsoft.so:libFacialStickerEngine.arcsoft.so:libveengine.arcsoft.so:liblow_light_hdr.arcsoft.so:libhigh_dynamic_range.arcsoft.so:libFacialAttributeDetection.arcsoft.so:libBeauty_v4.camera.samsung.so:libexifa.camera.samsung.so:libjpega.camera.samsung.so:libOpenCv.camera.samsung.so:libImageScreener.camera.samsung.so:libMyFilter.camera.samsung.so:libtensorflowLite.myfilter.camera.samsung.so:libtensorflowlite_inference_api.myfilter.camera.samsung.so:libEventFinder.camera.samsung.so:libHIDTSnapJNI.camera.samsung.so:libSmartScan.camera.samsung.so:libRectify.camera.samsung.so:libDocRectifyWrapper.camera.samsung.so:libUltraWideDistortionCorrection.camera.samsung.so:libHpr_RecGAE_cvFeature_v1.0.camera.samsung.so:libHprFace_GAE_api.camera.samsung.so:libFace_Landmark_API.camera.samsung.so:libHprFace_GAE_jni.camera.samsung.so:libFacialBasedSelfieCorrec
04-19 16:01:59.534 22293 22293 D nativeloader: Configuring classloader-namespace for other apk /system/framework/org.apache.http.legacy.jar. target_sdk_version=33, uses_libraries=ALL, library_path=/data/app/~~QTWB6isqf8WWJRN0FBDCXQ==/com.yandex.browser-1nTDn5x7mYtcLjoDb88MPg==/lib/arm64:/data/app/~~QTWB6isqf8WWJRN0FBDCXQ==/com.yandex.browser-1nTDn5x7mYtcLjoDb88MPg==/base.apk!/lib/arm64-v8a:/data/app/~~QTWB6isqf8WWJRN0FBDCXQ==/com.yandex.browser-1nTDn5x7mYtcLjoDb88MPg==/split_config.en.apk!/lib/arm64-v8a:/data/app/~~QTWB6isqf8WWJRN0FBDCXQ==/com.yandex.browser-1nTDn5x7mYtcLjoDb88MPg==/split_config.ru.apk!/lib/arm64-v8a:/data/app/~~QTWB6isqf8WWJRN0FBDCXQ==/com.yandex.browser-1nTDn5x7mYtcLjoDb88MPg==/split_config.xxhdpi.apk!/lib/arm64-v8a, permitted_path=/data:/mnt/expand:/data/user/0/com.yandex.browser
04-19 16:01:59.535 22293 22293 D nativeloader: Extending system_exposed_libraries: libhumantracking.arcsoft.so:libPortraitDistortionCorrection.arcsoft.so:libPortraitDistortionCorrectionCali.arcsoft.so:libface_landmark.arcsoft.so:libFacialStickerEngine.arcsoft.so:libveengine.arcsoft.so:liblow_light_hdr.arcsoft.so:libhigh_dynamic_range.arcsoft.so:libFacialAttributeDetection.arcsoft.so:libBeauty_v4.camera.samsung.so:libexifa.camera.samsung.so:libjpega.camera.samsung.so:libOpenCv.camera.samsung.so:libImageScreener.camera.samsung.so:libMyFilter.camera.samsung.so:libtensorflowLite.myfilter.camera.samsung.so:libtensorflowlite_inference_api.myfilter.camera.samsung.so:libEventFinder.camera.samsung.so:libHIDTSnapJNI.camera.samsung.so:libSmartScan.camera.samsung.so:libRectify.camera.samsung.so:libDocRectifyWrapper.camera.samsung.so:libUltraWideDistortionCorrection.camera.samsung.so:libHpr_RecGAE_cvFeature_v1.0.camera.samsung.so:libHprFace_GAE_api.camera.samsung.so:libFace_Landmark_API.camera.samsung.so:libHprFace_GAE_jni.camera.samsung.so:libFacialBasedSelfieCorrec
04-19 16:01:59.542 22229 22229 D nativeloader: Configuring classloader-namespace for other apk /data/app/~~LOuKj_UdFDjKkqpP0fMb8Q==/ru.yandex.searchplugin-kUw0XWvAje0zJ7jy7WKjdw==/base.apk:/data/app/~~LOuKj_UdFDjKkqpP0fMb8Q==/ru.yandex.searchplugin-kUw0XWvAje0zJ7jy7WKjdw==/split_config.en.apk:/data/app/~~LOuKj_UdFDjKkqpP0fMb8Q==/ru.yandex.searchplugin-kUw0XWvAje0zJ7jy7WKjdw==/split_config.ru.apk:/data/app/~~LOuKj_UdFDjKkqpP0fMb8Q==/ru.yandex.searchplugin-kUw0XWvAje0zJ7jy7WKjdw==/split_config.xxhdpi.apk. target_sdk_version=33, uses_libraries=, library_path=/data/app/~~LOuKj_UdFDjKkqpP0fMb8Q==/ru.yandex.searchplugin-kUw0XWvAje0zJ7jy7WKjdw==/lib/arm64:/data/app/~~LOuKj_UdFDjKkqpP0fMb8Q==/ru.yandex.searchplugin-kUw0XWvAje0zJ7jy7WKjdw==/base.apk!/lib/arm64-v8a:/data/app/~~LOuKj_UdFDjKkqpP0fMb8Q==/ru.yandex.searchplugin-kUw0XWvAje0zJ7jy7WKjdw==/split_config.en.apk!/lib/arm64-v8a:/data/app/~~LOuKj_UdFDjKkqpP0fMb8Q==/ru.yandex.searchplugin-kUw0XWvAje0zJ7jy7WKjdw==/split_config.ru.apk!/lib/arm64-v8a:/data/app/~~LOuKj_UdFDjKkqpP0fMb8Q==/ru.yandex.searchplugin-kUw0
04-19 16:01:59.545 22375 22375 D nativeloader: Configuring classloader-namespace-shared for other apk /system/system_ext/priv-app/GoogleServicesFramework/GoogleServicesFramework.apk. target_sdk_version=33, uses_libraries=, library_path=/system/system_ext/priv-app/GoogleServicesFramework/lib/arm64:/system/system_ext/priv-app/GoogleServicesFramework/GoogleServicesFramework.apk!/lib/arm64-v8a:/system/lib64:/system/system_ext/lib64, permitted_path=/data:/mnt/expand:/data/user/0/com.google.android.gsf:/system/system_ext/priv-app/GoogleServicesFramework:/system/lib64:/system/system_ext/lib64
04-19 16:01:59.556 22317 22317 D nativeloader: Extending system_exposed_libraries: libhumantracking.arcsoft.so:libPortraitDistortionCorrection.arcsoft.so:libPortraitDistortionCorrectionCali.arcsoft.so:libface_landmark.arcsoft.so:libFacialStickerEngine.arcsoft.so:libveengine.arcsoft.so:liblow_light_hdr.arcsoft.so:libhigh_dynamic_range.arcsoft.so:libFacialAttributeDetection.arcsoft.so:libBeauty_v4.camera.samsung.so:libexifa.camera.samsung.so:libjpega.camera.samsung.so:libOpenCv.camera.samsung.so:libImageScreener.camera.samsung.so:libMyFilter.camera.samsung.so:libtensorflowLite.myfilter.camera.samsung.so:libtensorflowlite_inference_api.myfilter.camera.samsung.so:libEventFinder.camera.samsung.so:libHIDTSnapJNI.camera.samsung.so:libSmartScan.camera.samsung.so:libRectify.camera.samsung.so:libDocRectifyWrapper.camera.samsung.so:libUltraWideDistortionCorrection.camera.samsung.so:libHpr_RecGAE_cvFeature_v1.0.camera.samsung.so:libHprFace_GAE_api.camera.samsung.so:libFace_Landmark_API.camera.samsung.so:libHprFace_GAE_jni.camera.samsung.so:libFacialBasedSelfieCorrec
04-19 16:01:59.563 22229 22229 W plugin:passport: JIT profile information will not be recorded: profile file does not exist.
04-19 16:01:59.563 22229 22229 W plugin:passport: JIT profile information will not be recorded: profile file does not exist.
04-19 16:01:59.563 22229 22229 W plugin:passport: JIT profile information will not be recorded: profile file does not exist.
04-19 16:01:59.580 22375 22375 V GraphicsEnvironment: ANGLE Developer option for 'com.google.android.gsf' set to: 'default'
04-19 16:01:59.581 22375 22375 V GraphicsEnvironment: ANGLE GameManagerService for com.google.android.gsf: false
04-19 16:01:59.582 22375 22375 V GraphicsEnvironment: Neither updatable production driver nor prerelease driver is supported.
04-19 16:01:59.589 22375 22375 D NetworkSecurityConfig: No Network Security Config specified, using platform default
04-19 16:01:59.592 22375 22375 D NetworkSecurityConfig: No Network Security Config specified, using platform default
04-19 16:01:59.612 22061 22103 I AppMetrica-Attribution: Choosing distribution data: ClidsInfo(chosen=Candidate(clids={clid10=2263180, clid21=2251107, clid4=2066560, clid7=2041723, clid6=2041722, clid1=2041720, clid1010=2263185, clid1003=2315897, clid1002=2268488}, source=APP), candidates=[Candidate(clids={clid10=2263180, clid21=2251107, clid4=2066560, clid7=2041723, clid6=2041722, clid1=2041720, clid1010=2263185, clid1003=2315897, clid1002=2268488}, source=APP)])
04-19 16:01:59.628 22375 22375 I GservicesProvider: Gservices pushing to system: true; secure/global: true
04-19 16:01:59.655 27910 27910 D BoundBrokerSvc: onBind: Intent { act=com.google.android.gms.gservices.START pkg=com.google.android.gms }
04-19 16:01:59.655 27910 27910 D BoundBrokerSvc: Loading bound service for intent: Intent { act=com.google.android.gms.gservices.START pkg=com.google.android.gms }
04-19 16:01:59.692 22182 22346 W rowser:passport: Long monitor contention with owner YMM-DW-3 (22350) at void com.yandex.metrica.impl.ob.la$a.run()(SourceFile:28) waiters=0 in java.lang.Object com.yandex.metrica.impl.ob.la.c(java.lang.String) for 503ms
04-19 16:01:59.715  5628 11430 D PackageManager: setEnabledSetting : userId = 0 packageName = com.google.android.calendar cmp = com.google.calendar.v2a.shared.sync.impl.android.PlatformSyncShell$SyncAdapterService newState = 1 callingPackage = 10235/com.google.android.calendar
04-19 16:01:59.715 21948 21948 W chromium: [WARNING:collections_blacklist_service.cc(115)] Config collections_blacklist ignored: blacklist_video_url_patterns key not found.
04-19 16:01:59.715 21948 21948 W chromium: [WARNING:collections_blacklist_service.cc(115)] Config collections_blacklist ignored: whitelist_video_url_patterns key not found.
04-19 16:01:59.716 21948 21948 W chromium: [WARNING:collections_blacklist_service.cc(184)] Config collections_blacklist ignored: blacklist_image_urls key not found.
04-19 16:01:59.716  5628 11430 D ApplicationPolicy: getApplicationStateEnabled : pkg = com.google.android.calendar userId : 0
04-19 16:01:59.717  5628 11430 D ApplicationPolicy: getApplicationComponentState : pkg = com.google.android.calendar userId : 0
04-19 16:01:59.719  5628 11430 D PackageManager: setEnabledSetting : userId = 0 packageName = com.google.android.calendar cmp = com.google.calendar.v2a.shared.sync.impl.android.accounts.AccountsBroadcastReceiver newState = 1 callingPackage = 10235/com.google.android.calendar
04-19 16:01:59.720  5628 11430 D ApplicationPolicy: getApplicationStateEnabled : pkg = com.google.android.calendar userId : 0
04-19 16:01:59.721  5628 11430 D ApplicationPolicy: getApplicationComponentState : pkg = com.google.android.calendar userId : 0
04-19 16:01:59.750 22295 22295 D CompatibilityChangeReporter: Compat change id reported: 194532703; UID 10235; state: ENABLED
04-19 16:01:59.793 22182 22342 I AppMetrica: Activate reporter with APIKey 67bb016b-xxxx-xxxx-xxxx-xxxxxxxx03d3
04-19 16:01:59.836 22182 22342 I AppMetrica: Activate reporter with APIKey 20799a27-xxxx-xxxx-xxxx-xxxxxxxx4180
04-19 16:01:59.888 22295 22295 D CompatibilityChangeReporter: Compat change id reported: 160794467; UID 10235; state: ENABLED
04-19 16:01:59.962  5250  5250 D Zygote  : Forked child process 22421
04-19 16:01:59.964 21928 21928 I chromium: [INFO:primary_account_manager.cc(447)] Removed account from account tracker service: 550871220
04-19 16:01:59.965 21928 21928 I chromium: [INFO:primary_account_manager.cc(447)] Removed account from account tracker service: 872830285
04-19 16:02:00.010  8513  9203 D QSClockBellTower: onReceive(android.intent.action.TIME_TICK) mTimeZoneString:null
04-19 16:02:00.015  8513  8513 D KeyguardUpdateMonitor: received broadcast android.intent.action.TIME_TICK
04-19 16:02:00.035 22421 22421 I d.mobileservice: Using CollectorTypeCC GC.
04-19 16:02:00.084 22421 22421 E d.mobileservice: Not starting debugger since process cannot load the jdwp agent.
04-19 16:02:00.119  5288  5288 E sehhealth-service: Could not open /sys/class/power_supply/battery/lrp
04-19 16:02:00.128 22421 22421 W libc    : Access denied finding property "sys.perf.boostopt"
04-19 16:02:00.128  5224  5224 E audit   : type=1400 audit(1681912920.121:103214): avc:  denied  { read } for  pid=22421 comm="d.mobileservice" name="u:object_r:perf_prop:s0" dev="tmpfs" ino=16829 scontext=u:r:platform_app:s0:c512,c768 tcontext=u:object_r:perf_prop:s0 tclass=file permissive=0 SEPF_SM-A515F_13_0001 audit_filtered
04-19 16:02:00.129  5224  5224 E audit   : type=1300 audit(1681912920.121:103214): arch=c00000b7 syscall=56 success=no exit=-13 a0=ffffff9c a1=7ffbc769b8 a2=88000 a3=0 items=0 ppid=5250 pid=22421 auid=4294967295 uid=10107 gid=10107 euid=10107 suid=10107 fsuid=10107 egid=10107 sgid=10107 fsgid=10107 tty=(none) ses=4294967295 comm="d.mobileservice" exe="/system/bin/app_process64" subj=u:r:platform_app:s0:c512,c768 key=(null)
04-19 16:02:00.129  5224  5224 E audit   : type=1327 audit(1681912920.121:103214): proctitle="zygote64"
04-19 16:02:00.135 22229 22229 V GraphicsEnvironment: ANGLE Developer option for 'ru.yandex.searchplugin' set to: 'default'
04-19 16:02:00.143 22229 22229 V GraphicsEnvironment: ANGLE GameManagerService for ru.yandex.searchplugin: false
04-19 16:02:00.143 22229 22229 V GraphicsEnvironment: Neither updatable production driver nor prerelease driver is supported.
04-19 16:02:00.146 22421 22421 D ActivityThread: setConscryptValidator
04-19 16:02:00.146 22421 22421 D ActivityThread: setConscryptValidator - put
04-19 16:02:00.151  5224  5224 E audit   : type=1400 audit(1681912920.145:103215): avc:  denied  { read } for  pid=22421 comm="binder:22421_1" name="u:object_r:perf_prop:s0" dev="tmpfs" ino=16829 scontext=u:r:platform_app:s0:c512,c768 tcontext=u:object_r:perf_prop:s0 tclass=file permissive=0 SEPF_SM-A515F_13_0001 audit_filtered
04-19 16:02:00.152 22421 22438 W libc    : Access denied finding property "sys.perf.boostopt"
04-19 16:02:00.180 22421 22440 W libc    : Access denied finding property "sys.perf.boostopt"
04-19 16:02:00.181 22421 22421 D CompatibilityChangeReporter: Compat change id reported: 171979766; UID 10107; state: ENABLED
04-19 16:02:00.190  8513  8513 D QSClockBellTower: He is ready to ring the bell. (((QSClockBellSound - TimeText:16:02, TimeContentDescription:16:02, DateText:Wed, 19 April, ShortDateText:Wed, 19 Apr, Demo:false, QuickStar-Second(false|12:34:56))))
04-19 16:02:00.191  8513  8513 D QSClockIndicatorView: Home Indicator status_bar_clock 16:02 notifyTimeChanged(QSClockBellSound - TimeText:16:02, TimeContentDescription:16:02, DateText:Wed, 19 April, ShortDateText:Wed, 19 Apr, Demo:false, QuickStar-Second(false|12:34:56)) ClockVisibleByPolicy:true, ClockVisibleByUser:true, visible?true, parent:android.widget.LinearLayout{883fb58 I.E...... ......ID 0,0-97,55 #7f0b04f0 app:id/left_clock_container}
04-19 16:02:00.191  8513  8513 D QSClockBellTower: Everyone heard the bell. run(currentTime:1681912920188,   getTime():Wed Apr 19 16:02:00 GMT+02:00 2023,   getTimeZone():libcore.util.ZoneInfo[mDstSavings=3600000,mUseDst=true,mDelegate=[id="Europe/Belgrade",mRawOffset=3600000,mEarliestRawOffset=4920000,transitions=119]])
04-19 16:02:00.191  8513  8513 D KeyguardUpdateMonitor: handleTimeUpdate
04-19 16:02:00.192  8513  8513 D FaceWidgetPagesController: onTimeChanged()
04-19 16:02:00.201  8513  8513 I FaceWidgetPositionAlgorithm: getClockContainerHeight() supplier = 270, bottom margin = 0, real height = 333
04-19 16:02:00.202  8513  8513 I FaceWidgetPositionAlgorithm: getClockContainerHeight() supplier = 270, bottom margin = 63, real height = 333
04-19 16:02:00.202  8513  8513 I FaceWidgetPositionAlgorithm: getMediaContainerHeight() height = 0 container Visibility = 8, isValid = false, mIsDozing = false, fraction = 1.0, source = 0, target = 0
04-19 16:02:00.202  8513  8513 I FaceWidgetPositionAlgorithm: getMediaContainerHeight() supplier = 0
04-19 16:02:00.204  8513  8513 V QsExpandAnimator: setQsExpansionPosition 0.0
04-19 16:02:00.211 22229 22229 D NetworkSecurityConfig: Using Network Security Config from resource network_security_config_mobileyandex debugBuild: false
04-19 16:02:00.223  8513  8513 V QsExpandAnimator: updateAnimators
04-19 16:02:00.224  8513  8513 V QsExpandAnimator: clearAnimationState
04-19 16:02:00.225  8513  8513 V QsExpandAnimator: updateViews
04-19 16:02:00.228  8513  8513 V QsExpandAnimator: updateTileAnimator
04-19 16:02:00.231  8513  8513 V QsExpandAnimator: updateHeaderAnimator
04-19 16:02:00.240  8513  8513 V QsExpandAnimator: updateBarAnimator
04-19 16:02:00.240  8513  8513 V QsExpandAnimator: setQsExpansionPosition 0.0
04-19 16:02:00.240  8513  8513 V QsExpandAnimator: onAnimationAtStart
04-19 16:02:00.242 22093 22154 I AppMetrica-Attribution: Choosing distribution data: ClidsInfo(chosen=Candidate(clids={clid24=2305182, clid1=2207450, clid1010=2295103, clid2023=2395783, clid1003=2207452, clid1004=2207453, clid1002=2207451}, source=APP), candidates=[Candidate(clids={clid24=2305182, clid1=2207450, clid1010=2295103, clid2023=2395783, clid1003=2207452, clid1004=2207453, clid1002=2207451}, source=APP)])
04-19 16:02:00.299 22061 22103 I AppMetrica-Attribution: Choosing distribution data: ClidsInfo(chosen=Candidate(clids={clid10=2263180, clid21=2251107, clid4=2066560, clid7=2041723, clid6=2041722, clid1=2041720, clid1010=2263185, clid1003=2315897, clid1002=2268488}, source=APP), candidates=[Candidate(clids={clid10=2263180, clid21=2251107, clid4=2066560, clid7=2041723, clid6=2041722, clid1=2041720, clid1010=2263185, clid1003=2315897, clid1002=2268488}, source=APP)])
04-19 16:02:00.329  5628 11446 D LocationManagerService: passive provider removed registration from 10222/ru.yandex.searchplugin/A8149125
04-19 16:02:00.330  5628 11446 D LocationManagerService: passive provider added registration from 10222/ru.yandex.searchplugin/A8149125 -> Request[PASSIVE, minUpdateInterval=+1s0ms, WorkSource{10222 ru.yandex.searchplugin}]
04-19 16:02:00.332 22093 22185 D [GplLibraryWrapper]: updateLastKnownLocation
04-19 16:02:00.332  9284  9353 E RequestManager_FLP: [LocationManager] Location remove A8149125 from ru.yandex.searchplugin
04-19 16:02:00.332  9284  9353 W LocationRequestData_FLP: Not registered using location provider, A8149125
04-19 16:02:00.335  9284  9353 E RequestManager_FLP: [LocationManager] Location request (NOT STARTED) A8149125(Listener) passive (min=1000ms) from ru.yandex.searchplugin (10222_FINE_perceptible_false_background)
04-19 16:02:00.358 30407 30407 I ResourceOverlayService_0: waitAndQuit called
04-19 16:02:00.364 30407 30407 I ResourceOverlayService_0: activity user id 0 process id 0
04-19 16:02:00.371  5628  9811 D SemWifiUsabilityStatsMonitor: onWifiUsabilityStats - seqNum 36142, isSameBssidAndFreq true
04-19 16:02:00.372  8513  8513 D NetworkController.WifiSignalController: notifyListener: visible=true, connected=true, inetCondition=1, isDefault=true, wifiTestReported=true, receivedInetCondition=-1, hideDuringMobileSwitching=false
04-19 16:02:00.373  5628  8422 I SemWifiLinkQualityMonitor: Link Qos Query: 0.021 ms / 382.059 Mbps (433 / 0.000 / 1.133)
04-19 16:02:00.374  8513  8599 D Tile.WifiTile: handleUpdateState isTransient=false transientEnabling =false cb.isTransient=false state.state = 2 mStateBeforeClick.value =false enabled =true
04-19 16:02:00.402  5628  9255 D LocationManagerService: passive provider removed registration from 10222/ru.yandex.searchplugin/A8149125
04-19 16:02:00.402  5628  9255 D LocationManagerService: passive provider added registration from 10222/ru.yandex.searchplugin/A8149125 -> Request[PASSIVE, minUpdateInterval=+1s0ms, WorkSource{10222 ru.yandex.searchplugin}]
04-19 16:02:00.403 22295 22439 I c.advl  : Obtained writable database SQLiteDatabase/13774453 instance with path /data/user/0/com.google.android.calendar/databases/cal_v2a
04-19 16:02:00.404 22093 22185 D [GplLibraryWrapper]: updateLastKnownLocation
04-19 16:02:00.406  9284  9353 E RequestManager_FLP: [LocationManager] Location remove A8149125 from ru.yandex.searchplugin
04-19 16:02:00.406  9284  9353 W LocationRequestData_FLP: Not registered using location provider, A8149125
04-19 16:02:00.407  9284  9353 E RequestManager_FLP: [LocationManager] Location request (NOT STARTED) A8149125(Listener) passive (min=1000ms) from ru.yandex.searchplugin (10222_FINE_perceptible_false_background)
04-19 16:02:00.451 22295 22428 I c.adts  : The schema version is 19, the database version is 19, and there are 0 migrations
04-19 16:02:00.468  5628  9255 D LocationManagerService: passive provider removed registration from 10222/ru.yandex.searchplugin/A8149125
04-19 16:02:00.468  5628  9255 D LocationManagerService: passive provider added registration from 10222/ru.yandex.searchplugin/A8149125 -> Request[PASSIVE, minUpdateInterval=+1s0ms, WorkSource{10222 ru.yandex.searchplugin}]
04-19 16:02:00.469  9284  9353 E RequestManager_FLP: [LocationManager] Location remove A8149125 from ru.yandex.searchplugin
04-19 16:02:00.470  9284  9353 W LocationRequestData_FLP: Not registered using location provider, A8149125
04-19 16:02:00.472  9284  9353 E RequestManager_FLP: [LocationManager] Location request (NOT STARTED) A8149125(Listener) passive (min=1000ms) from ru.yandex.searchplugin (10222_FINE_perceptible_false_background)
04-19 16:02:00.485 22093 22185 D [GplLibraryWrapper]: updateLastKnownLocation
04-19 16:02:00.487 22093 22154 I AppMetrica-Attribution: Choosing distribution data: ClidsInfo(chosen=Candidate(clids={clid24=2305182, clid1=2207450, clid1010=2295103, clid2023=2395783, clid1003=2207452, clid1004=2207453, clid1002=2207451}, source=APP), candidates=[Candidate(clids={clid24=2305182, clid1=2207450, clid1010=2295103, clid2023=2395783, clid1003=2207452, clid1004=2207453, clid1002=2207451}, source=APP)])
04-19 16:02:00.506 22093 22154 I AppMetrica-Attribution: Choosing distribution data: ClidsInfo(chosen=Candidate(clids={clid24=2305182, clid1=2207450, clid1010=2295103, clid2023=2395783, clid1003=2207452, clid1004=2207453, clid1002=2207451}, source=APP), candidates=[Candidate(clids={clid24=2305182, clid1=2207450, clid1010=2295103, clid2023=2395783, clid1003=2207452, clid1004=2207453, clid1002=2207451}, source=APP)])
04-19 16:02:00.549 22293 22293 W ziparchive: Unable to open '/data/app/~~QTWB6isqf8WWJRN0FBDCXQ==/com.yandex.browser-1nTDn5x7mYtcLjoDb88MPg==/split_config.en.dm': No such file or directory
04-19 16:02:00.549 22293 22293 W ziparchive: Unable to open '/data/app/~~QTWB6isqf8WWJRN0FBDCXQ==/com.yandex.browser-1nTDn5x7mYtcLjoDb88MPg==/split_config.en.dm': No such file or directory
04-19 16:02:00.551 22293 22293 W ileged_process0: Entry not found
04-19 16:02:00.554 22293 22293 W ziparchive: Unable to open '/data/app/~~QTWB6isqf8WWJRN0FBDCXQ==/com.yandex.browser-1nTDn5x7mYtcLjoDb88MPg==/split_config.ru.dm': No such file or directory
04-19 16:02:00.554 22293 22293 W ziparchive: Unable to open '/data/app/~~QTWB6isqf8WWJRN0FBDCXQ==/com.yandex.browser-1nTDn5x7mYtcLjoDb88MPg==/split_config.ru.dm': No such file or directory
04-19 16:02:00.572 22293 22293 W ileged_process0: Entry not found
04-19 16:02:00.572 22061 22442 I AppMetrica-Attribution: Choosing distribution data: ClidsInfo(chosen=Candidate(clids={clid10=2263180, clid21=2251107, clid4=2066560, clid7=2041723, clid6=2041722, clid1=2041720, clid1010=2263185, clid1003=2315897, clid1002=2268488}, source=APP), candidates=[Candidate(clids={clid10=2263180, clid21=2251107, clid4=2066560, clid7=2041723, clid6=2041722, clid1=2041720, clid1010=2263185, clid1003=2315897, clid1002=2268488}, source=APP)])
04-19 16:02:00.586 22293 22293 W ziparchive: Unable to open '/data/app/~~QTWB6isqf8WWJRN0FBDCXQ==/com.yandex.browser-1nTDn5x7mYtcLjoDb88MPg==/split_config.xxhdpi.dm': No such file or directory
04-19 16:02:00.586 22293 22293 W ziparchive: Unable to open '/data/app/~~QTWB6isqf8WWJRN0FBDCXQ==/com.yandex.browser-1nTDn5x7mYtcLjoDb88MPg==/split_config.xxhdpi.dm': No such file or directory
04-19 16:02:00.595 22293 22293 W ileged_process0: Entry not found
04-19 16:02:00.599  9284  9353 E RequestManager_FLP: [LocationManager] Location remove A8149125 from ru.yandex.searchplugin
04-19 16:02:00.600  9284  9353 W LocationRequestData_FLP: Not registered using location provider, A8149125
04-19 16:02:00.603  5628  9255 D LocationManagerService: passive provider removed registration from 10222/ru.yandex.searchplugin/A8149125
04-19 16:02:00.603  5628  9255 D LocationManagerService: passive provider added registration from 10222/ru.yandex.searchplugin/A8149125 -> Request[PASSIVE, minUpdateInterval=+1s0ms, WorkSource{10222 ru.yandex.searchplugin}]
04-19 16:02:00.607  9284  9353 E RequestManager_FLP: [LocationManager] Location request (NOT STARTED) A8149125(Listener) passive (min=1000ms) from ru.yandex.searchplugin (10222_FINE_perceptible_false_background)
04-19 16:02:00.610 22093 22185 D [GplLibraryWrapper]: updateLastKnownLocation
04-19 16:02:00.613 22293 22293 D nativeloader: Configuring classloader-namespace for other apk /data/app/~~QTWB6isqf8WWJRN0FBDCXQ==/com.yandex.browser-1nTDn5x7mYtcLjoDb88MPg==/base.apk:/data/app/~~QTWB6isqf8WWJRN0FBDCXQ==/com.yandex.browser-1nTDn5x7mYtcLjoDb88MPg==/split_config.en.apk:/data/app/~~QTWB6isqf8WWJRN0FBDCXQ==/com.yandex.browser-1nTDn5x7mYtcLjoDb88MPg==/split_config.ru.apk:/data/app/~~QTWB6isqf8WWJRN0FBDCXQ==/com.yandex.browser-1nTDn5x7mYtcLjoDb88MPg==/split_config.xxhdpi.apk. target_sdk_version=33, uses_libraries=, library_path=/data/app/~~QTWB6isqf8WWJRN0FBDCXQ==/com.yandex.browser-1nTDn5x7mYtcLjoDb88MPg==/lib/arm64:/data/app/~~QTWB6isqf8WWJRN0FBDCXQ==/com.yandex.browser-1nTDn5x7mYtcLjoDb88MPg==/base.apk!/lib/arm64-v8a:/data/app/~~QTWB6isqf8WWJRN0FBDCXQ==/com.yandex.browser-1nTDn5x7mYtcLjoDb88MPg==/split_config.en.apk!/lib/arm64-v8a:/data/app/~~QTWB6isqf8WWJRN0FBDCXQ==/com.yandex.browser-1nTDn5x7mYtcLjoDb88MPg==/split_config.ru.apk!/lib/arm64-v8a:/data/app/~~QTWB6isqf8WWJRN0FBDCXQ==/com.yandex.browser-1nTDn5x7mYtcLjoDb88MPg==/split_config.xx
04-19 16:02:00.626 22293 22293 W ileged_process0: JIT profile information will not be recorded: profile file does not exist.
04-19 16:02:00.626 22293 22293 W ileged_process0: JIT profile information will not be recorded: profile file does not exist.
04-19 16:02:00.626 22293 22293 W ileged_process0: JIT profile information will not be recorded: profile file does not exist.
04-19 16:02:00.675 22093 22154 I AppMetrica-Attribution: Choosing distribution data: ClidsInfo(chosen=Candidate(clids={clid24=2305182, clid1=2207450, clid1010=2295103, clid2023=2395783, clid1003=2207452, clid1004=2207453, clid1002=2207451}, source=APP), candidates=[Candidate(clids={clid24=2305182, clid1=2207450, clid1010=2295103, clid2023=2395783, clid1003=2207452, clid1004=2207453, clid1002=2207451}, source=APP)])
