04-19 16:03:30.208 23637 23710 I [SC]SyncRunnerFactory: SyncRunner: com.android.settings.wifiprofilesync is created
04-19 16:03:30.208 23637 23710 I [SC]SyncRunnerManager: initializing: media
04-19 16:03:30.208 23637 23710 I [SC]SyncRunnerFactory: SyncRunner: media is created
04-19 16:03:30.208 23637 23710 I [SC]SyncRunnerManager: initializing: com.samsung.android.samsungpass.scloud
04-19 16:03:30.208 23637 23710 I [SC]SyncRunnerFactory: SyncRunner: com.samsung.android.samsungpass.scloud is created
04-19 16:03:30.208 23637 23710 I [SC]SyncRunnerManager: initializing: com.samsung.android.app.reminder
04-19 16:03:30.209 23637 23710 I [SC]SyncRunnerFactory: SyncRunner: com.samsung.android.app.reminder is created
04-19 16:03:30.209 23637 23710 I [SC]SyncRunnerManager: initializing: com.samsung.android.app.notes.sync
04-19 16:03:30.209 23637 23710 I [SC]SyncRunnerFactory: SyncRunner: com.samsung.android.app.notes.sync is created
04-19 16:03:30.209 23637 23710 I [SC]DevicePropertyManager: addPropertyChangeListener: isCloudAppEnabled
04-19 16:03:30.212 23637 23710 I [SC]SyncRunnerManager: initializing 9 runners are done
04-19 16:03:30.253  5288  5288 E sehhealth-service: Could not open /sys/class/power_supply/battery/lrp
04-19 16:03:30.529  5628 11414 D PackageManager: setEnabledSetting : userId = 0 packageName = com.Slack cmp = androidx.work.impl.background.systemalarm.RescheduleReceiver newState = 1 callingPackage = 10329/com.Slack
04-19 16:03:30.530  5628 11414 D ApplicationPolicy: getApplicationStateEnabled : pkg = com.Slack userId : 0
04-19 16:03:30.532  5628 11414 D ApplicationPolicy: getApplicationComponentState : pkg = com.Slack userId : 0
04-19 16:03:30.559 23637 23697 I [SC]AutoBackup: default off: false, support disable menu : false
04-19 16:03:30.569  5628  5714 W libprocessgroup: Failed to open /dev/blkio//cgroup.procs: No such file or directory
04-19 16:03:30.587 23637 23697 I [SC]AutoBackupUtil: skipped scheduled by pending job
04-19 16:03:30.588 23637 23697 I [SC]AutoBackupUtil: verifyLegacy: need to update: false
04-19 16:03:30.588 23637 23697 I [SC]AutoBackupUtil: migrateSettingValue: isMigrated: true
04-19 16:03:30.590 23637 23697 I [SC]BackupInitializer: backup features initialized.
04-19 16:03:30.591 23637 23637 I [SC]SamsungCloudApp: time elapsed to initialize BackupInitializer: 4187
04-19 16:03:30.591 23637 23637 I [SC]SamsungCloudApp: time elapsed to initialize DeviceDependentInitializer: 4180
04-19 16:03:30.591 23637 23637 I [SC]SamsungCloudApp: time elapsed to initialize SyncInitializer: 4171
04-19 16:03:30.591 23637 23637 I [SC]SamsungCloudApp: time elapsed to initialize CtbInitializer: 4167
04-19 16:03:30.591 23637 23637 I [SC]SamsungCloudApp: time elapsed to initialize OdmInitializer: 4149
04-19 16:03:30.591 23637 23637 I [SC]SamsungCloudApp: time elapsed to initialize AccountDependentInitializer: 4146
04-19 16:03:30.601 23637 23637 I [SC]SamsungCloudApp: onCreate: completed.
04-19 16:03:30.602 23637 23856 I DIAGMON_SDK[605036][026-399-529756] : Report AppPerf: application_initializing(5f81c265-bcd7-4525-b1b6-b627e49fe9f5)
04-19 16:03:30.610 11006 11152 I DMASA[D][026-399-529756]: [DiagmonProvider]Received msg based on provider : aperf / report_aperf
04-19 16:03:30.613 11006 11152 I DMASA[D][026-399-529756]: [DiagmonProvider]Signature Check Success
04-19 16:03:30.614 11006 11152 I DMASA[D][026-399-529756]: [DiagmonProvider]Action : Report aPerf data
04-19 16:03:30.625 11006 11152 I DMASA[D]: [a]Generate operation: application_initializing(5f81c265-bcd7-4525-b1b6-b627e49fe9f5)
04-19 16:03:30.629  6649  6824 D ConnectivityManager: StackLog: [android.net.ConnectivityManager.sendRequestForNetwork(ConnectivityManager.java:4191)] [android.net.ConnectivityManager.registerDefaultNetworkCallbackForUid(ConnectivityManager.java:4755)] [android.net.ConnectivityManager.registerDefaultNetworkCallback(ConnectivityManager.java:4722)] [android.net.ConnectivityManager.registerDefaultNetworkCallback(ConnectivityManager.java:4696)] [androidx.work.impl.utils.NetworkApi24.registerDefaultNetworkCallbackCompat(Unknown Source:10)] [androidx.work.impl.constraints.trackers.NetworkStateTracker24.startTracking(Unknown Source:15)] [androidx.work.impl.constraints.controllers.ConstraintController.replace(Unknown Source:130)] [androidx.work.impl.constraints.WorkConstraintsTrackerImpl.replace(Unknown Source:41)] [androidx.work.impl.background.greedy.GreedyScheduler.schedule(Unknown Source:300)] [androidx.work.impl.Schedulers.schedule(Unknown Source:149)] [androidx.work.impl.utils.EnqueueRunnable.run(Unknown Source:53)] [androidx.work.Worker$2.run$androidx$work$impl$utils$SerialExecutorImpl$Task(Unknown Source:4)] [androidx.work.Worker$2.run(Unknown Source:868)] [java.util.concurrent.ThreadPoolExecutor.runWorker(ThreadPoolExecutor.java:1137)] [java.util.concurrent.ThreadPoolExecutor$Worker.run(ThreadPoolExecutor.java:637)] [java.lang.Thread.run(Thread.java:1012)]
04-19 16:03:30.633 11006 11152 I DMASA[D]: [b]3.0
04-19 16:03:30.634  5628  9255 D ConnectivityService: requestNetwork for uid/pid:10329/6649 activeRequest: null callbackRequest: 28049 [NetworkRequest [ REQUEST id=28050, [ Capabilities: INTERNET&NOT_RESTRICTED&TRUSTED&NOT_VCN_MANAGED Uid: 10329 RequestorUid: 10329 RequestorPkg: com.Slack UnderlyingNetworks: Null] ]] callback flags: 0 order: 2147483647
04-19 16:03:30.634  5628  8367 D ConnectivityService:    accepting network in place of null
04-19 16:03:30.638  5628  8356 D WifiNetworkFactory: got request NetworkRequest [ REQUEST id=28050, [ Capabilities: INTERNET&NOT_RESTRICTED&TRUSTED&NOT_VCN_MANAGED Uid: 10329 RequestorUid: 10329 RequestorPkg: com.Slack UnderlyingNetworks: Null] ]
04-19 16:03:30.638  5628  8356 D UntrustedWifiNetworkFactory: got request NetworkRequest [ REQUEST id=28050, [ Capabilities: INTERNET&NOT_RESTRICTED&TRUSTED&NOT_VCN_MANAGED Uid: 10329 RequestorUid: 10329 RequestorPkg: com.Slack UnderlyingNetworks: Null] ]
04-19 16:03:30.639  5628  8356 D OemPaidWifiNetworkFactory: got request NetworkRequest [ REQUEST id=28050, [ Capabilities: INTERNET&NOT_RESTRICTED&TRUSTED&NOT_VCN_MANAGED Uid: 10329 RequestorUid: 10329 RequestorPkg: com.Slack UnderlyingNetworks: Null] ]
04-19 16:03:30.639  5628  8367 D ConnectivityService: Rematched networks [computed 0ms] [applied 1ms] [issued 4]
04-19 16:03:30.639  5628  8367 D ConnectivityService: NetworkReassignment :
04-19 16:03:30.639  5628  8367 D ConnectivityService:   28050 : null  128
04-19 16:03:30.640  5628  8356 D MultiInternetWifiNetworkFactory: got request NetworkRequest [ REQUEST id=28050, [ Capabilities: INTERNET&NOT_RESTRICTED&TRUSTED&NOT_VCN_MANAGED Uid: 10329 RequestorUid: 10329 RequestorPkg: com.Slack UnderlyingNetworks: Null] ]
04-19 16:03:30.642  5628  9255 D IcccManagerService: IcccManagerService() - Valid Caller
04-19 16:03:30.660  4378  4378 I hwservicemanager: Since vendor.samsung.hardware.tlc.iccc@1.0::ISehIccc/default is not registered, trying to start it as a lazy HAL.
04-19 16:03:30.661 23637 23857 I [SC]CalendarSyncAdapterProxy: onPerformSync - started.
04-19 16:03:30.663 23637 23857 I [SC]SyncSettingManager: setSyncStatus: SyncStatusVo{authority='com.android.calendar', state='START', errorCode='999'}
04-19 16:03:30.665  4378  4378 I hwservicemanager: Since vendor.samsung.hardware.tlc.iccc@1.0::ISehIccc/default is not registered, trying to start it as a lazy HAL.
04-19 16:03:30.667  5628  9255 I HidlServiceManagement: getService: Trying again for vendor.samsung.hardware.tlc.iccc@1.0::ISehIccc/default...
04-19 16:03:30.668 23637 23857 I [SC]SyncSettingManager: getCategory: com.android.calendar
04-19 16:03:30.690 23637 23637 I CapsuleProvider_1.0.23: releasing initialize wait lock.
04-19 16:03:30.691 23637 23637 I [SC]SbixbyProxy: Bixby 2.0 was activiated
04-19 16:03:30.695 23637 23637 I [SC]SiopLevelMonitorReceiverImpl: onReceive: com.samsung.intent.action.CHECK_SIOP_LEVEL
04-19 16:03:30.698 23637 23863 I [SC][AUTH]SamsungAccountService: onServiceConnected.
04-19 16:03:30.699 23637 23861 I [SC][AUTH]AuthUtil: getAuthData
04-19 16:03:30.707 22809 22823 I SamsungAccount: [OpenContentProvider]  URI : content://com.msc.openprovider.openContentProvider/tncRequest
04-19 16:03:30.708 22809 22823 I SamsungAccount: [AccountManagerUtil] isSamsungAccountSignedIn : true
04-19 16:03:30.709 23637 23637 I [SC]BatteryMonitorReceiverImpl: onReceive: android.intent.action.BATTERY_CHANGED
04-19 16:03:30.709 22809 22823 I SamsungAccount: [SignatureCheckUtil] runCheckSignatureWithEmptyId
04-19 16:03:30.709 22809 22823 I SamsungAccount: [SignatureCheckUtil] runCheckSignatureAsync
04-19 16:03:30.709 22809 22823 I SamsungAccount: [SignaturePreconditionChecker] getSignatureResult - fromSesSdk : true
04-19 16:03:30.710 22809 22823 I SamsungAccount: [SignatureInfoDbHelper] getSignatureResult - [][android.scloud.]
04-19 16:03:30.713 22809 22823 I SamsungAccount: [SignatureInfoHelper] getClientIdFromMetaData : [10/c27bh]
04-19 16:03:30.713 22809 22823 I SamsungAccount: [SignatureInfoDbHelper] searchOnUser
04-19 16:03:30.745  6649  6649 D ConnectivityManager: StackLog: [android.net.ConnectivityManager.unregisterNetworkCallback(ConnectivityManager.java:4863)] [androidx.work.impl.utils.NetworkApi21.unregisterNetworkCallbackCompat(Unknown Source:10)] [androidx.work.impl.constraints.trackers.NetworkStateTracker24.stopTracking(Unknown Source:15)] [androidx.work.impl.constraints.trackers.ConstraintTracker.removeListener(Unknown Source:24)] [androidx.work.impl.constraints.controllers.ConstraintController.replace(Unknown Source:81)] [androidx.work.impl.constraints.WorkConstraintsTrackerImpl.replace(Unknown Source:41)] [androidx.work.impl.background.greedy.GreedyScheduler.onExecuted(Unknown Source:55)] [androidx.work.impl.Processor.onExecuted(Unknown Source:59)] [com.bugsnag.android.DeliveryDelegate$1.run(Unknown Source:212)]
04-19 16:03:30.748  5628  8367 D ConnectivityService:  Removing from current network [128 WIFI], leaving 162 requests.
04-19 16:03:30.753 22809 22823 I SamsungAccount: [SignatureInfoDbHelper] searchOnUser - [10/c27bh][android.scloud.][64/3291d] => matched
04-19 16:03:30.753 22809 22823 I SamsungAccount: [SignatureInfoDbHelper] search - matched
04-19 16:03:30.753 22809 22823 I SamsungAccount: [SignatureCheckUtil] runCheckSignatureAsync(fromDb) - matched
04-19 16:03:30.762 23637 23863 I [SC][AUTH]AccountSupplier: isValidSamsungAccount: name: 0 email: 0
04-19 16:03:30.777 22809 22823 I SamsungAccount: [OpenContentProvider]  URI : content://com.msc.openprovider.openContentProvider/tncRequest
04-19 16:03:30.777 22809 22823 I SamsungAccount: [AccountManagerUtil] isSamsungAccountSignedIn : true
04-19 16:03:30.778 22809 22823 I SamsungAccount: [SignatureCheckUtil] runCheckSignatureWithEmptyId
04-19 16:03:30.778 30407 30407 I ResourceOverlayService_0: waitAndQuit called
04-19 16:03:30.778 22809 22823 I SamsungAccount: [SignatureCheckUtil] runCheckSignatureAsync
04-19 16:03:30.778 22809 22823 I SamsungAccount: [SignaturePreconditionChecker] getSignatureResult - fromSesSdk : true
04-19 16:03:30.778 22809 22823 I SamsungAccount: [SignatureInfoDbHelper] getSignatureResult - [][android.scloud.]
04-19 16:03:30.778 22809 22823 I SamsungAccount: [SignatureInfoHelper] getClientIdFromMetaData : [10/c27bh]
04-19 16:03:30.779 22809 22823 I SamsungAccount: [SignatureInfoDbHelper] searchOnUser
04-19 16:03:30.779 30407 30407 I ResourceOverlayService_0: activity user id 0 process id 0
04-19 16:03:30.784 22809 22823 I SamsungAccount: [SignatureInfoDbHelper] searchOnUser - [10/c27bh][android.scloud.][64/3291d] => matched
04-19 16:03:30.785 22809 22823 I SamsungAccount: [SignatureInfoDbHelper] search - matched
04-19 16:03:30.785 22809 22823 I SamsungAccount: [SignatureCheckUtil] runCheckSignatureAsync(fromDb) - matched
04-19 16:03:30.786 23637 23867 I [SC]CtbDeviceRepository: updateSiopLevel. siopLevel: 0
04-19 16:03:30.790 23637 23863 I [SC][AUTH]AccountSupplier: isValidSamsungAccount: name: 0 email: 0
04-19 16:03:30.799 22809 22823 I SamsungAccount: [AIDLInterfaceBinder] [InAIDL] registerCallback start
04-19 16:03:30.803 22809 22823 I SamsungAccount: [AIDLInterfaceBinder] [InAIDL] REG_CALLING_PACKAGE : android.scloud.
04-19 16:03:30.803 22809 22823 I SamsungAccount: [AIDLInterfaceBinder] [InAIDL] registerCallback start. Package = android.scloud.
04-19 16:03:30.806 22809 22823 I SamsungAccount: [CBM] CallbackManager
04-19 16:03:30.807 22809 22823 I SamsungAccount: [CBM] [InAIDL-CallbackManager] registerCallback
04-19 16:03:30.807 22809 22823 I SamsungAccount: [CBM] [InAIDL-CallbackManager] checkRegisterCallbackCondition
04-19 16:03:30.807  5628  8457 D NetdEventListenerService: DNS Requested by : 128, 10222
04-19 16:03:30.807 22809 22823 I SamsungAccount: [CBM] [InAIDL-CallbackManager]getRegistrationCodeIfAlreadyRegistered
04-19 16:03:30.809 22093 22184 D TrafficStats: tagSocket(6) with statsTag=0xffffffff, statsUid=-1
04-19 16:03:30.812 22809 22823 I SamsungAccount: [CBM] [InAIDL-CallbackManager]Success registerCallback
04-19 16:03:30.812 22809 22823 I SamsungAccount: [AIDLInterfaceBinder] [InAIDL] registerCallback end. registrationCode :Y29tLnNhbXN1bmcuYW5kcm9pZC5zY2xvdWQx Package = android.scloud.
04-19 16:03:30.814 23637 23863 I [SC][AUTH]SamsungAccountService: ServiceConnection: onServiceConnected. Y29tLnNhbXN1bmcuYW5kcm9pZC5zY2xvdWQx
04-19 16:03:30.814 23637 23863 I [SC][AUTH]SamsungAccountService: ServiceConnection: onServiceConnected. request.
04-19 16:03:30.816 22809 22823 I SamsungAccount: [AIDLInterfaceBinder] [InAIDL] requestAccesstoken
04-19 16:03:30.818 22809 22823 I SamsungAccount: [AIDLInterfaceBinder] [InAIDL] BundleInfo = [ additional:user_id,cc,api_server_url,auth_server_url,login_id, scope:galaxystore.openapi]
04-19 16:03:30.818 22809 22823 I SamsungAccount: [AIDLInterfaceBinder] [InAIDL] checkRequestCondition
04-19 16:03:30.818 22809 22823 I SamsungAccount: [CBM] [InAIDL-CallbackManager]getCallbackInfo
04-19 16:03:30.818 22809 22823 I SamsungAccount: [CBM] [InAIDL-CallbackManager]getCallbackInfo
04-19 16:03:30.818 22809 22823 I SamsungAccount: [AIDLInterfaceBinder] [InAIDL]Start AccessTokenRunnable Thread. package = android.scloud.
04-19 16:03:30.821 22809 22823 I SamsungAccount: [PermissionsUtils] checkPrivilegedPhonePermissionOfCallingPackage
04-19 16:03:30.822 22809 22823 I SamsungAccount: [PermissionsUtils] hasPrivilegedPhonePermission : true
04-19 16:03:30.823 22809 22823 I SamsungAccount: [CBM] [InAIDL-CallbackManager]getCallbackInfo
04-19 16:03:30.824 22809 22823 I SamsungAccount: [CBM] setCurrentRequestType :1
04-19 16:03:30.829 22809 23872 I SamsungAccount: [AbstractProcessRunnable] [InAIDL-AbstractProcessRunnable]isAvailableRunningProcess start Package = android.scloud.
04-19 16:03:30.834 22809 23872 I SamsungAccount: [NetworkStateUtil] == networkStateCheck == true
04-19 16:03:30.834 22809 23872 I SamsungAccount: [AccountManagerUtil] isSamsungAccountSignedIn : true
04-19 16:03:30.837  5628  8409 I ChimeraAggressivePolicyHandler: executePolicy() - triggerSource: TRIGGER_SOURCE_LMKD
04-19 16:03:30.839  5628  8409 I ChimeraAggressivePolicyHandler: available memory: 872544, free memory target: 870400, quit chimera
04-19 16:03:30.852  4613  4613 W keymaster_tee: [WRN]begin req PARAMS: A32 B2 P64
04-19 16:03:30.864 22809 23872 I SamsungAccount: [DbManagerV2] getDataState : VALID
04-19 16:03:30.865 22809 23872 I SamsungAccount: [SignatureCheckUtil] runCheckSignatureAsync
04-19 16:03:30.865 22809 23872 I SamsungAccount: [SignaturePreconditionChecker] getSignatureResult - fromSesSdk : false
04-19 16:03:30.865 22809 23872 I SamsungAccount: [SignatureInfoDbHelper] getSignatureResult - [10/c27bh][android.scloud.]
04-19 16:03:30.865 22809 23872 I SamsungAccount: [SignatureInfoDbHelper] searchOnUser
04-19 16:03:30.870 22809 23872 I SamsungAccount: [SignatureInfoDbHelper] searchOnUser - [10/c27bh][android.scloud.][64/3291d] => matched
04-19 16:03:30.870 22809 23872 I SamsungAccount: [SignatureInfoDbHelper] search - matched
04-19 16:03:30.870 22809 23872 I SamsungAccount: [SignatureCheckUtil] runCheckSignatureAsync(fromDb) - matched
04-19 16:03:30.871 22809 23872 I SamsungAccount: [AbstractProcessRunnable] [InAIDL-AbstractProcessRunnable]isAvailableRunningProcess end. Package = android.scloud.
04-19 16:03:30.872 22809 23872 I SamsungAccount: [AccessTokenRunnable] [InAIDL-AccessTokenRunnable]runProcess start. Package = android.scloud.
04-19 16:03:30.874 22809 23872 I SamsungAccount: [StateCheckUtil] isGoogleLinked = true
04-19 16:03:30.875 22809 23872 I SamsungAccount: [AccessTokenRunnable] check_basic_profile = false needToCheckServer = false
04-19 16:03:30.876 23860 23860 I teecl   : NW> Starting log for teecl
04-19 16:03:30.881 22809 23872 I SamsungAccount: [DeviceManager] salesCode : SER
04-19 16:03:30.882 22809 23872 I SamsungAccount: [DeviceManager] isNewLduProdCode : false
04-19 16:03:30.883 23860 23860 I HidlServiceManagement: Registered vendor.samsung.hardware.tlc.iccc@1.0::ISehIccc/default
04-19 16:03:30.883 22809 23872 I SamsungAccount: [CountryCodeUtil] isChinaCountryCode : false
04-19 16:03:30.883 22809 23872 I SamsungAccount: [ChinaPermissionUtil] isChnSecurityPopupNeeded - false
04-19 16:03:30.883 23860 23860 I HidlServiceManagement: Removing namespace from process name vendor.samsung.hardware.tlc.iccc@1.0-service to iccc@1.0-service.
04-19 16:03:30.886  4378  4378 I hw-BpHwBinder: onLastStrongRef automatically unlinking death recipients
04-19 16:03:30.886 23860 23874 I TZ_ICCC_initialize_TLC: process = 000000000000000000000053545354ab, process_strlen = 32
04-19 16:03:30.889 22809 23872 I SamsungAccount: [StateCheckUtil] isChildAccount : false
04-19 16:03:30.894 22809 23872 I SamsungAccount: [AccessTokenRunnable] [InAIDL-AccessTokenRunnable]isAccessTokenReusable. Package = android.scloud.
04-19 16:03:30.895 22809 23872 I SamsungAccount: [StateCheckUtil] isOverIntervalTime, renewTimeStamp = false
04-19 16:03:30.896 22809 23872 I SamsungAccount: [AccessTokenRunnable] [InAIDL-AccessTokenRunnable]checkAndSetAccessToken. Package = android.scloud.
04-19 16:03:30.897 22809 23872 I SamsungAccount: [AccessToken] getAccessTokenInfo
04-19 16:03:30.920 23860 23874 I TZ_ICCC_device_info_TLC: Trustlet response is completed
04-19 16:03:30.920 23860 23874 I TZ_ICCC_device_info_TLC: returning in the end of the method
04-19 16:03:30.920 23860 23874 I ICCC_HIDL_SERVICE: HIDL server return from TZ_ICCC_device_info_TLC api
04-19 16:03:30.920  5628  9255 I ICCC_HIDL_CLIENT: ICCC_device_info service returned success
04-19 16:03:30.921  5628  9255 I system_server: ICCC - Success to iccc_device_info, ret = 0
04-19 16:03:30.951 22809 23872 I SamsungAccount: [RBIVO] getStringFormAdditionalBundleKey : expired_access_token
04-19 16:03:30.951 22809 23872 I SamsungAccount: [AccessTokenRunnable] expiredAccessToken is Empty. curTimeSec=1681913010, TimeGap=72393
04-19 16:03:30.951 22809 23872 I SamsungAccount: [AccessTokenRunnable] IsTokenReusable : true
04-19 16:03:30.952 22809 23872 I SamsungAccount: [AccessTokenRunnable] Accesstoken is reusable and isNeedToCheckServer is false
04-19 16:03:30.952 22809 23872 I SamsungAccount: [DbManagerV2] getMccFromDB
04-19 16:03:30.953 22809 23872 I SamsungAccount: [DbManagerV2] getDataV02ForItems : MCC from Cache
04-19 16:03:30.953 22809 23872 I SamsungAccount: [DataUtil] Not Skip Name Validation by accountMCC
04-19 16:03:30.953 22809 23872 I SamsungAccount: [LocalBusinessException] Not Skip Name Validation by AppId
04-19 16:03:30.954 22809 23872 I SamsungAccount: [OpenDBManager] getCheckListFromOpenDB
04-19 16:03:30.954 22809 23872 I SamsungAccount: [OpenDBManager] getTncResult
04-19 16:03:30.954 22809 23872 I SamsungAccount: [OpenDBManager] getTncCursor
04-19 16:03:30.954 22809 23872 I SamsungAccount: [OpenContentProvider]  URI : content://com.msc.openprovider.openContentProvider/tncRequest
04-19 16:03:30.954 22809 23872 I SamsungAccount: [AccountManagerUtil] isSamsungAccountSignedIn : true
04-19 16:03:30.955 22809 23872 I SamsungAccount: [SignatureCheckUtil] runCheckSignatureWithEmptyId
04-19 16:03:30.955 22809 23872 I SamsungAccount: [SignatureCheckUtil] runCheckSignatureAsync
04-19 16:03:30.955 22809 23872 I SamsungAccount: [SignaturePreconditionChecker] getSignatureResult - fromSesSdk : true
04-19 16:03:30.955 22809 23872 I SamsungAccount: [SignatureInfoDbHelper] getSignatureResult - [][app.signin.]
04-19 16:03:30.955 22809 23872 I SamsungAccount: [SignatureInfoDbHelper] searchOnUser
04-19 16:03:30.961 22809 23872 I SamsungAccount: [SignatureInfoDbHelper] searchOnUser - [][app.signin.][64/3291d] => matched
04-19 16:03:30.962 22809 23872 I SamsungAccount: [SignatureInfoDbHelper] search - matched
04-19 16:03:30.962 22809 23872 I SamsungAccount: [SignatureCheckUtil] runCheckSignatureAsync(fromDb) - matched
04-19 16:03:30.964 11006 11152 I DMASA[D][026-399-529756]: [DiagmonProvider]Remain quota: 959
04-19 16:03:30.966 22809 23872 I SamsungAccount: [DbManagerV2] getMccFromDB
04-19 16:03:30.966 22809 23872 I SamsungAccount: [DbManagerV2] getDataV02ForItems : MCC from Cache
04-19 16:03:30.966 23637 23856 I DIAGMON_SDK[605036][026-399-529756] : Results : Success, application_initializing(5f81c265-bcd7-4525-b1b6-b627e49fe9f5)
04-19 16:03:30.966 22809 23872 I SamsungAccount: [DataUtil] Not Skip Name Validation by accountMCC
04-19 16:03:30.968 22809 23872 I SamsungAccount: [OpenDBManager] isRequireField
04-19 16:03:30.968 22809 23872 I SamsungAccount: [OpenDBManager] getFieldCursor
04-19 16:03:30.969 22809 23872 I SamsungAccount: [OpenContentProvider]  URI : content://com.msc.openprovider.openContentProvider/mandatoryField
04-19 16:03:30.969 22809 23872 I SamsungAccount: [AccountManagerUtil] isSamsungAccountSignedIn : true
04-19 16:03:30.977  4613  4613 W keymaster_tee: [WRN]begin req PARAMS: A32 B2 P64
04-19 16:03:30.993 22809 23872 I SamsungAccount: [StateCheckUtil] Validation Process is completed true
04-19 16:03:30.993 22809 23872 I SamsungAccount: [AccessTokenRunnable] [InAIDL-AccessTokenRunnable]AccessToken reuse. runProcess end. Package = android.scloud.
04-19 16:03:30.993 22809 23872 I SamsungAccount: [CBM] [InAIDL-CallbackManager]getCallbackInfo
04-19 16:03:30.993 22809 23872 I SamsungAccount: [CBM] setCurrentRequestType :0
04-19 16:03:30.993 22809 23872 I SamsungAccount: [AccountManagerUtil] isSamsungAccountSignedIn : true
04-19 16:03:30.993 22809 23872 I SamsungAccount: [AccessTokenRunnable] [InAIDL-AccessTokenRunnable]onProcessFinished. Package = android.scloud.
04-19 16:03:30.994 22809 23872 I SamsungAccount: [DeviceManager] salesCode : SER
04-19 16:03:30.994 22809 23872 I SamsungAccount: [DeviceManager] isNewLduProdCode : false
04-19 16:03:30.994 22809 23872 I SamsungAccount: [CountryCodeUtil] isChinaCountryCode : false
04-19 16:03:30.994 22809 23872 I SamsungAccount: [ChinaPermissionUtil] isChnSecurityPopupNeeded - false
04-19 16:03:31.003 22809 23872 I SamsungAccount: [AccessTokenRunnable] [InAIDL-AccessTokenRunnable]checkAccessTokenAndRefreshToken. Package = android.scloud.
04-19 16:03:31.003 22809 23872 I SamsungAccount: [AccessTokenRunnable] [InAIDL-AccessTokenRunnable]handleProcessSuccessResult start. Package = android.scloud.
04-19 16:03:31.003 22809 23872 I SamsungAccount: [RBIVO] getStringArrFromAdditionalBundleKey : additional
04-19 16:03:31.003 22809 23872 I SamsungAccount: [AccessTokenRunnable] [InAIDL-AccessTokenRunnable]setAdditionalInfo start. Package = android.scloud.
04-19 16:03:31.004 22809 23872 I SamsungAccount: [AccessTokenRunnable] [InAIDL-AccessTokenRunnable]set user_id
04-19 16:03:31.004 22809 23872 I SamsungAccount: [DbManagerV2] getUserID
04-19 16:03:31.004 22809 23872 I SamsungAccount: [DbManagerV2] getDataV02ForItems : USER_ID from Db
04-19 16:03:31.020  4613  4613 W keymaster_tee: [WRN]begin req PARAMS: A32 B2 P64
04-19 16:03:31.030 22809 23872 I SamsungAccount: [AccessTokenRunnable] [InAIDL-AccessTokenRunnable]set cc
04-19 16:03:31.030 22809 23872 I SamsungAccount: [DbManagerV2] getCountryCodeFromDB
04-19 16:03:31.030 22809 23872 I SamsungAccount: [DbManagerV2] getDataV02ForItems : COUNTRY_CODE from Db
04-19 16:03:31.039  4613  4613 W keymaster_tee: [WRN]begin req PARAMS: A32 B2 P64
04-19 16:03:31.049 22809 23872 I SamsungAccount: [AccessTokenRunnable] [InAIDL-AccessTokenRunnable]set api_server_url
04-19 16:03:31.056 22809 23872 I SamsungAccount: [UrlManagerAuth] api_server_url for region
04-19 16:03:31.056 22809 23872 I SamsungAccount: [UrlManagerAuth] return region server url
04-19 16:03:31.056 22809 23872 I SamsungAccount: [AccessTokenRunnable] [InAIDL-AccessTokenRunnable]set auth_server_url
04-19 16:03:31.056 22809 23872 I SamsungAccount: [UrlManagerAuth] auth_server_url for region
04-19 16:03:31.056 22809 23872 I SamsungAccount: [UrlManagerAuth] return region server url
04-19 16:03:31.057 22809 23872 I SamsungAccount: [AccessTokenRunnable] [InAIDL-AccessTokenRunnable]set login_id
04-19 16:03:31.057 22809 23872 I SamsungAccount: [AccessTokenRunnable] [InAIDL-AccessTokenRunnable]setAdditionalInfo finish. Package = android.scloud.
04-19 16:03:31.060 23637 23651 I [SC][AUTH]SamsungAccountService: onReceiveAccessToken: true
04-19 16:03:31.061 23637 23651 I [SC][AUTH]AuthDataManager: setAccessToken
04-19 16:03:31.061 23637 23651 I [SC][AUTH]AuthDataManager: countDown: 0
04-19 16:03:31.061 23637 23683 I [SC][AUTH]AuthDataManager: Await countDownLatch: 0
04-19 16:03:31.062 23637 23683 I [SC]DeviceUtil: hasSepLiteSpec: false
04-19 16:03:31.062 23637 23683 I [SC]DeviceUtil: hasSepLiteSpec: false
04-19 16:03:31.062 23637 23683 I [SC]OneDrivePolicyManager: Loading Configuration Policy
04-19 16:03:31.063 23637 23721 W .android.scloud: Long monitor contention with owner pool-7-thread-1 (23683) at void com.samsung.scsp.framework.core.identity.ScspIdentity.transaction(java.lang.Runnable)(ScspIdentity.java:3) waiters=0 in void com.samsung.scsp.framework.core.identity.ScspIdentity.transaction(java.lang.Runnable) for 4.493s
04-19 16:03:31.066 23637 23712 I [SCSDK][C][2.0.14]: [SamsungCloud]getCloudToken
04-19 16:03:31.066 23637 23712 E [SCSDK][C][2.0.14]: [SContext]context is null
04-19 16:03:31.066 23637 23712 E [SCSDK][C][2.0.14]: [SamsungCloud]Cloud SDK is not initialized.
04-19 16:03:31.066 23637 23712 I [SC][AUTH]AuthUtil: getAuthData
04-19 16:03:31.067 22809 23872 I SamsungAccount: [AIDLInterfaceBinder] [InAIDL] unregisterCallback start
04-19 16:03:31.067 22809 23872 I SamsungAccount: [CBM] [InAIDL-CallbackManager]getCallbackInfo
04-19 16:03:31.067 22809 23872 I SamsungAccount: [RequestHistoryManager] ==AIDL ACCTOKEN HISTORY== android.scloud. => 04/19-16:03:30
04-19 16:03:31.068 22809 23872 I SamsungAccount: [CBM] [InAIDL-CallbackManager]unRegisterCallback
04-19 16:03:31.068 22809 23872 I SamsungAccount: [CBM] [InAIDL-CallbackManager]checkUnregisterCallbackCondition
04-19 16:03:31.068 22809 23872 I SamsungAccount: [CBM] [InAIDL-CallbackManager]getCallbackInfo
04-19 16:03:31.068 22809 23872 I SamsungAccount: [CBM] [InAIDL-CallbackManager] Unregister SuccessPackage = android.scloud.
04-19 16:03:31.068 22809 23872 I SamsungAccount: [AIDLInterfaceBinder] [InAIDL] unregisterCallback end
04-19 16:03:31.071 23637 23683 I [SC]ConfigurationManager: getCountryPolicy
04-19 16:03:31.072 22809 22809 I SamsungAccount: [AIDLRequestService] OnDestroy Service
04-19 16:03:31.073 23637 23712 I [SC][AUTH]AuthUtil: getAuthData
04-19 16:03:31.073 23637 23683 I [SC]ConfigurationItemDataManager: getFilePath : configurationName = scloud_migrationCountry
04-19 16:03:31.077 23637 23712 I [SC][AUTH]AuthUtil: getAuthData
04-19 16:03:31.087 22809 23872 I SamsungAccount: [AccessTokenRunnable] [InAIDL-AccessTokenRunnable]handleProcessSuccessResult finish. Package = android.scloud.
04-19 16:03:31.087 22809 23872 I SamsungAccount: [StateCheckUtil] isChildAccount : false
04-19 16:03:31.091 23637 23647 W System  : A resource failed to call close.
04-19 16:03:31.092 23637 23647 W System  : A resource failed to call SQLiteConnectionPool.close.
04-19 16:03:31.092 23637 23647 W SQLiteConnectionPool: A SQLiteConnection object for database '+data+user+0+com_samsung_android_scloud+databases+certificate_db' was leaked!  Please fix your application to end transactions in progress properly and to close the database when it is no longer needed.
04-19 16:03:31.092 23637 23647 W System  : A resource failed to call SQLiteConnection.close.
04-19 16:03:31.094  4613  4613 W keymaster_tee: [WRN]begin req PARAMS: A32 B2 P64
04-19 16:03:31.129 23637 23878 I DynamiteModule: Considering local module com.google.android.gms.cronet_dynamite:0 and remote module com.google.android.gms.cronet_dynamite:2411
04-19 16:03:31.129 23637 23878 I DynamiteModule: Selected remote version of com.google.android.gms.cronet_dynamite, version >= 2411
04-19 16:03:31.154 23637 23878 W System  : ClassLoader referenced unknown path:
04-19 16:03:31.164 23637 23683 I [SC]ConfigurationManager: getModelPolicy
04-19 16:03:31.164 23637 23683 I [SC]ConfigurationItemDataManager: getFilePath : configurationName = scloud_migrationModel
04-19 16:03:31.173  4613  4613 W keymaster_tee: [WRN]begin req PARAMS: A32 B2 P64
04-19 16:03:31.242 23637 23683 I [SC]OneDrivePolicyManager: country entry size: 142
04-19 16:03:31.242 23637 23683 I [SC]OneDrivePolicyManager: model entry size: 141
04-19 16:03:31.242 23637 23683 I [SC]OneDrivePolicyManager: isMigrationSupported: RUS,SER,true
04-19 16:03:31.242 23637 23683 I [SC]LinkContextManager: loadLinkContext: linkContext=LinkContext{contextType=CACHED, linkType=OneDrive, linkState=None, isTriggeredDevice=false, linkPolicy=LinkPolicy{policyData=Bundle[{IS_LINK_START_SUPPORTED=true, IsChinaDevice=false, IS_SEP_LITE_DEVICE=false, IsChinaAccount=false}]}}
04-19 16:03:31.242 23637 23683 I [SC]DeviceUtil: hasSepLiteSpec: false
04-19 16:03:31.243 23637 23683 I [SC]LinkContextMonitor: notifyContextReceived: linkContext=LinkContext{contextType=CACHED, linkType=OneDrive, linkState=None, isTriggeredDevice=false, linkPolicy=LinkPolicy{policyData=Bundle[{IS_LINK_START_SUPPORTED=true, IsChinaDevice=false, IS_SEP_LITE_DEVICE=false, IsChinaAccount=false}]}}, linkResponse=null, stateUpdateEvent=APP_CREATED
04-19 16:03:31.244 23637 23683 I [SC]DeviceUtil: hasSepLiteSpec: false
04-19 16:03:31.244 23637 23683 I [SC]LinkContextProvider: call : CLOUD_SETTING
04-19 16:03:31.245 23637 23683 I [SC]CloudSettingCommandResolverImpl: Execute getPartnerQuota with : true, false
04-19 16:03:31.249 23637 23685 I [SC]RequestObject: New request object created : 0, UPDATE_STATUS
04-19 16:03:31.252 23637 23685 I [SC]TipsOperator: handled: REQUEST_UPDATE_TIPS_ACCOUNT_LINK_RESULT
04-19 16:03:31.254 23637 23881 I [SC]TipsProvider: call : UPDATE_STATUS
04-19 16:03:31.272 22093 22251 I AppMetrica-Attribution: Choosing distribution data: ClidsInfo(chosen=Candidate(clids={clid24=2305182, clid1=2207450, clid1010=2295103, clid2023=2395783, clid1003=2207452, clid1004=2207453, clid1002=2207451}, source=APP), candidates=[Candidate(clids={clid24=2305182, clid1=2207450, clid1010=2295103, clid2023=2395783, clid1003=2207452, clid1004=2207453, clid1002=2207451}, source=APP)])
04-19 16:03:31.300  5628  5992 D ConnectivityService: requestNetwork for uid/pid:5009/23637 activeRequest: null callbackRequest: 28051 [NetworkRequest [ REQUEST id=28052, [ Capabilities: INTERNET&NOT_RESTRICTED&TRUSTED&NOT_VCN_MANAGED Uid: 5009 RequestorUid: 5009 RequestorPkg: com.samsung.android.scloud UnderlyingNetworks: Null] ]] callback flags: 0 order: 2147483647
04-19 16:03:31.301  5628  8367 D ConnectivityService:    accepting network in place of null
04-19 16:03:31.305  5628  8356 D WifiNetworkFactory: got request NetworkRequest [ REQUEST id=28052, [ Capabilities: INTERNET&NOT_RESTRICTED&TRUSTED&NOT_VCN_MANAGED Uid: 5009 RequestorUid: 5009 RequestorPkg: com.samsung.android.scloud UnderlyingNetworks: Null] ]
04-19 16:03:31.306  5628  8356 D UntrustedWifiNetworkFactory: got request NetworkRequest [ REQUEST id=28052, [ Capabilities: INTERNET&NOT_RESTRICTED&TRUSTED&NOT_VCN_MANAGED Uid: 5009 RequestorUid: 5009 RequestorPkg: com.samsung.android.scloud UnderlyingNetworks: Null] ]
04-19 16:03:31.307  5628  8356 D OemPaidWifiNetworkFactory: got request NetworkRequest [ REQUEST id=28052, [ Capabilities: INTERNET&NOT_RESTRICTED&TRUSTED&NOT_VCN_MANAGED Uid: 5009 RequestorUid: 5009 RequestorPkg: com.samsung.android.scloud UnderlyingNetworks: Null] ]
04-19 16:03:31.308  5628  8356 D MultiInternetWifiNetworkFactory: got request NetworkRequest [ REQUEST id=28052, [ Capabilities: INTERNET&NOT_RESTRICTED&TRUSTED&NOT_VCN_MANAGED Uid: 5009 RequestorUid: 5009 RequestorPkg: com.samsung.android.scloud UnderlyingNetworks: Null] ]
04-19 16:03:31.314  5628  8367 D ConnectivityService: Rematched networks [computed 1ms] [applied 1ms] [issued 12]
04-19 16:03:31.315  5628  8367 D ConnectivityService: NetworkReassignment :
04-19 16:03:31.315  5628  8367 D ConnectivityService:   28052 : null  128
04-19 16:03:31.328 23637 23712 I cr_CronetLibraryLoader: Cronet version: 111.0.5563.55, arch: aarch64
04-19 16:03:31.329  5628  8367 D ConnectivityService: Rematched networks [computed 1ms] [applied 2ms] [issued 8]
04-19 16:03:31.329  5628  8367 D ConnectivityService: NetworkReassignment : no changes
04-19 16:03:31.365 23637 23712 I [SC][AUTH]AuthUtil: getAuthData
04-19 16:03:31.378 23637 23712 I [SC][Registration]: register
04-19 16:03:31.381 23637 23712 I [SC][AUTH]AuthUtil: getAuthData
04-19 16:03:31.385 23637 23712 I [SC][AUTH]AuthUtil: getAuthData
04-19 16:03:31.390 23637 23712 I [SC][AUTH]AuthUtil: getAuthData
04-19 16:03:31.396 23637 23712 I [SC][AUTH]AuthUtil: getAuthData
04-19 16:03:31.405 23637 23712 I [SC][Registration]: Already registered.
04-19 16:03:31.405 23637 23712 I [SC][Token]: Get token
04-19 16:03:31.408 23637 23712 I [SC][AUTH]AuthUtil: getAuthData
04-19 16:03:31.411 23637 23712 I [SC][AUTH]AuthUtil: getAuthData
04-19 16:03:31.414 23637 23712 I [SC][Token]: CloudToken is valid
04-19 16:03:31.419 23637 23712 I SmpLog  : [SMP] get token : ...vu (152)
04-19 16:03:31.420 23637 23712 I SmpLog  : [SMP] get push type : fcm
04-19 16:03:31.433 23637 23712 I [SC][DeviceUtil]:  : getSimMcc()
04-19 16:03:31.436 23637 23712 I [SC][DeviceUtil]:  : getSimMnc()
04-19 16:03:31.441 23637 23712 I [SC][DeviceUtil]: One UI version : 5.1.0
04-19 16:03:31.449 23637 23712 I [SCSDK][C][2.0.14]: [SamsungCloudFactory]initialize
04-19 16:03:31.483 23637 23712 I [SCSDK][C][2.0.14]: [SamsungCloudActivate]No expire
04-19 16:03:31.488 22809 22823 I SamsungAccount: [OpenContentProvider]  URI : content://com.msc.openprovider.openContentProvider/tncRequest
04-19 16:03:31.488 22809 22823 I SamsungAccount: [AccountManagerUtil] isSamsungAccountSignedIn : true
04-19 16:03:31.489 22809 22823 I SamsungAccount: [SignatureCheckUtil] runCheckSignatureWithEmptyId
04-19 16:03:31.489 22809 22823 I SamsungAccount: [SignatureCheckUtil] runCheckSignatureAsync
04-19 16:03:31.489 22809 22823 I SamsungAccount: [SignaturePreconditionChecker] getSignatureResult - fromSesSdk : true
04-19 16:03:31.490 22809 22823 I SamsungAccount: [SignatureInfoDbHelper] getSignatureResult - [][android.scloud.]
04-19 16:03:31.490 22809 22823 I SamsungAccount: [SignatureInfoHelper] getClientIdFromMetaData : [10/c27bh]
04-19 16:03:31.490 22809 22823 I SamsungAccount: [SignatureInfoDbHelper] searchOnUser
04-19 16:03:31.495 22809 22823 I SamsungAccount: [SignatureInfoDbHelper] searchOnUser - [10/c27bh][android.scloud.][64/3291d] => matched
04-19 16:03:31.495 22809 22823 I SamsungAccount: [SignatureInfoDbHelper] search - matched
04-19 16:03:31.495 22809 22823 I SamsungAccount: [SignatureCheckUtil] runCheckSignatureAsync(fromDb) - matched
04-19 16:03:31.500 23637 23712 I [SC][AUTH]AccountSupplier: isValidSamsungAccount: name: 0 email: 0
04-19 16:03:31.504 23637 23712 I [SCSDK][C][2.0.14]: [SamsungCloud]getCloudToken
04-19 16:03:31.505 23637 23712 I [SCSDK][C][2.0.14]: [SamsungCloudDevice]version : 2.0.14
04-19 16:03:31.505 23637 23707 I [SC][AUTH]AuthUtil: getAuthData
04-19 16:03:31.510 23637 23707 I SmpLog  : [SMP] get token : ...vu (152)
04-19 16:03:31.510 23637 23707 I SmpLog  : [SMP] get push type : fcm
04-19 16:03:31.520 23637 23707 I [SC][AUTH]SmpUtil: initializeSmp
04-19 16:03:31.524 23637 23861 I [SC][AUTH]AuthUtil: getAuthData
04-19 16:03:31.529  5628  9811 D SemWifiUsabilityStatsMonitor: onWifiUsabilityStats - seqNum 36172, isSameBssidAndFreq true
04-19 16:03:31.531  5628  8422 I SemWifiLinkQualityMonitor: Link Qos Query: 0.020 ms / 407.529 Mbps (433 / 0.000 / 1.063)
04-19 16:03:31.533  8513  8513 D NetworkController.WifiSignalController: notifyListener: visible=true, connected=true, inetCondition=1, isDefault=true, wifiTestReported=true, receivedInetCondition=-1, hideDuringMobileSwitching=false
04-19 16:03:31.535  8513  8599 D Tile.WifiTile: handleUpdateState isTransient=false transientEnabling =false cb.isTransient=false state.state = 2 mStateBeforeClick.value =false enabled =true
04-19 16:03:31.547 23637 23707 I [SC]AllowListBuilder: setDefaultAllowList
04-19 16:03:31.561 23637 23857 I [SC]SyncSettingManager: setSyncStatus: SyncStatusVo{authority='com.android.calendar', state='ACTIVE', errorCode='999'}
04-19 16:03:31.561 23637 23857 I [SC]SyncSettingManager: verifyContentSync: 8kLTKS0V1y
04-19 16:03:31.597 23637 23857 I [SC]CalendarEventSyncAdapter: PERFORM SYNC : 5.3.05.7
04-19 16:03:31.606 23637 23857 I [SC]CalendarEventSyncAdapter: LastSyncTime : 1681827988604
04-19 16:03:31.608 23637 23857 I [SC]CalendarEventSyncAdapter: SYNC REQUEST FROM PROVIDER..
04-19 16:03:31.620 23637 23857 I [SC]CalendarEventSyncAdapter: Sync Object count : 0
04-19 16:03:31.622 23637 23857 I [SC]CalendarEventSyncAdapter: There are no changes for samsung account sync..
04-19 16:03:31.622 23637 23857 I [SC]CalendarTaskSyncAdapter: PERFORM SYNC : 5.3.05.7
04-19 16:03:31.622 23637 23857 I [SC]CalendarTaskSyncAdapter: LastSyncTime : 1681827988604
04-19 16:03:31.623 23637 23857 I [SC]CalendarTaskSyncAdapter: SYNC REQUEST FROM PROVIDER..
04-19 16:03:31.634 23637 23857 I [SC]CalendarTaskSyncAdapter: Sync Object count : 0
04-19 16:03:31.638 23637 23857 I [SC]CalendarTaskSyncAdapter: There are no changes for samsung account sync..
04-19 16:03:31.660  8513  8513 D FaceWidgetCalendarManager: onChange ContentObserver
04-19 16:03:31.680  8513  8513 D FaceWidgetCalendarManager: onChange ContentObserver
04-19 16:03:31.681 23637 23857 I [SC]SyncSettingManager: setSyncStatus: SyncStatusVo{authority='com.android.calendar', state='FINISH', errorCode='999'}
04-19 16:03:31.681 23637 23857 I [SC]CalendarSyncAdapterProxy: onPerformSync - finished.
04-19 16:03:31.690 23637 23651 W libc    : Access denied finding property "sys.perf.boostopt"
04-19 16:03:31.690  5224  5224 E audit   : type=1400 audit(1681913011.685:103273): avc:  denied  { read } for  pid=23637 comm="binder:23637_2" name="u:object_r:perf_prop:s0" dev="tmpfs" ino=16829 scontext=u:r:platform_app:s0:c512,c768 tcontext=u:object_r:perf_prop:s0 tclass=file permissive=0 SEPF_SM-A515F_13_0001 audit_filtered
04-19 16:03:31.690  5224  5224 E audit   : type=1300 audit(1681913011.685:103273): arch=c00000b7 syscall=56 success=no exit=-13 a0=ffffff9c a1=7d7647d2f8 a2=88000 a3=0 items=0 ppid=5250 pid=23637 auid=4294967295 uid=5009 gid=5009 euid=5009 suid=5009 fsuid=5009 egid=5009 sgid=5009 fsgid=5009 tty=(none) ses=4294967295 comm="binder:23637_2" exe="/system/bin/app_process64" subj=u:r:platform_app:s0:c512,c768 key=(null)
04-19 16:03:31.690  5224  5224 E audit   : type=1327 audit(1681913011.685:103273): proctitle="com.samsung.android.scloud"
04-19 16:03:31.718  5224  5224 E audit   : type=1400 audit(1681913011.709:103274): avc:  denied  { getattr } for  pid=5628 comm="BinderProcsColl" path="/sys/kernel/debug/binder/proc/5628" dev="debugfs" ino=25430 scontext=u:r:system_server:s0 tcontext=u:object_r:sec_debugfs:s0 tclass=file permissive=0 SEPF_SM-A515F_13_0001 audit_filtered
04-19 16:03:31.739  5628  5712 I libprocessgroup: Successfully killed process cgroup uid 10222 pid 22093 in 0ms
04-19 16:03:31.780 30407 30407 I ResourceOverlayService_0: waitAndQuit called
04-19 16:03:31.784 30407 30407 I ResourceOverlayService_0: activity user id 0 process id 0
04-19 16:03:31.829  5250  5250 I Zygote  : Process 22061 exited due to signal 9 (Killed)
04-19 16:03:31.838  5250  5250 I Zygote  : Process 22093 exited due to signal 9 (Killed)
04-19 16:03:31.842  5628  5712 I libprocessgroup: Successfully killed process cgroup uid 10271 pid 22061 in 0ms
04-19 16:03:31.842  5628  5712 I libprocessgroup: Successfully killed process cgroup uid 10222 pid 22229 in 0ms
04-19 16:03:31.863  5250  5250 I Zygote  : Process 22182 exited due to signal 9 (Killed)
04-19 16:03:31.889  5250  5250 I Zygote  : Process 22229 exited due to signal 9 (Killed)
04-19 16:03:31.891  5628  5712 I libprocessgroup: Successfully killed process cgroup uid 10271 pid 22182 in 1ms
04-19 16:03:32.195  5628  5714 W libprocessgroup: Failed to open /dev/blkio//cgroup.procs: No such file or directory
04-19 16:03:32.235 22993 22993 I SCS@AiSearch user 0: (ObserverWorker::TASKS) [main] entering in startWork():
04-19 16:03:32.236 22993 22993 I SCS@AiSearch user 0: (BaseCollector::TASKS) [main] entering in onChange():
04-19 16:03:32.237 22993 23087 I SCS@AiSearch user 0: (BaseCollector::TASKS) [TASKS-0] entering in collectChanges():
04-19 16:03:32.269 22993 22993 I SCS@AiSearch user 0: (ObserverWorker::CALENDAR) [main] entering in startWork():
04-19 16:03:32.269 22993 22993 I SCS@AiSearch user 0: (BaseCollector::CALENDAR) [main] entering in onChange():
04-19 16:03:32.270 22993 23131 I SCS@AiSearch user 0: (BaseCollector::CALENDAR) [CALENDAR-0] entering in collectChanges():
04-19 16:03:32.289  5628 11456 D PackageManager: setEnabledSetting : userId = 0 packageName = com.samsung.android.scs cmp = androidx.work.impl.background.systemalarm.RescheduleReceiver newState = 1 callingPackage = 10380/com.samsung.android.scs
04-19 16:03:32.293  5628 11456 D ApplicationPolicy: getApplicationStateEnabled : pkg = com.samsung.android.scs userId : 0
04-19 16:03:32.294  5628 11456 D ApplicationPolicy: getApplicationComponentState : pkg = com.samsung.android.scs userId : 0
04-19 16:03:32.306 22993 23131 I SCS@AiSearch user 0: (BaseCollector::CALENDAR) [CALENDAR-0] enter():  enter from r
04-19 16:03:32.325 22993 23131 I SCS@AiSearch user 0: (BaseCollector::CALENDAR) [CALENDAR-0] leave():  leave
04-19 16:03:32.325 22993 23131 I SCS@AiSearch user 0: (BaseCollector::CALENDAR) fetchInternal values : maxSyncId: 1164 indexCount: 506 sourceCount: 506
04-19 16:03:32.326 22993 23131 I SCS@AiSearch user 0: (BaseCollector::CALENDAR) [CALENDAR-0] enter():  enter from n
04-19 16:03:32.331  5628 11414 D PackageManager: setEnabledSetting : userId = 0 packageName = com.samsung.android.scs cmp = androidx.work.impl.background.systemalarm.RescheduleReceiver newState = 1 callingPackage = 10380/com.samsung.android.scs
04-19 16:03:32.332  5628 11414 D ApplicationPolicy: getApplicationStateEnabled : pkg = com.samsung.android.scs userId : 0
04-19 16:03:32.334  5628 11414 D ApplicationPolicy: getApplicationComponentState : pkg = com.samsung.android.scs userId : 0
04-19 16:03:32.351 22993 23087 I SCS@AiSearch user 0: (BaseCollector::TASKS) fetchInternal values : maxSyncId: -1 indexCount: 0 sourceCount: 0
04-19 16:03:32.358 22993 23131 I SCS@AiSearch user 0: (BaseCollector::CALENDAR) [CALENDAR-0] leave():  leave
04-19 16:03:32.360 22993 23131 I SCS@AiSearch user 0: (BaseCollector::CALENDAR) [CALENDAR-0] enter():  enter from l0
04-19 16:03:32.378 22993 23131 I SCS@AiSearch user 0: (BaseCollector::CALENDAR) [CALENDAR-0] leave():  leave
04-19 16:03:32.378 22993 23131 I SCS@AiSearch user 0: (IndexManager) [CALENDAR-0] entering in addIndex():
04-19 16:03:32.382 22993 23131 I SCS@AiSearch user 0: (BaseCollector::CALENDAR) fetch: fetching took  77 ms
04-19 16:03:32.382 22993 23131 I SCS@AiSearch user 0: (BaseCollector::CALENDAR) fetchChanges: applied 0 items
04-19 16:03:32.382 22993 23131 I SCS@AiSearch user 0: (BaseCollector::CALENDAR) Collect finished. Result: true
04-19 16:03:32.384 22993 23037 I WM-WorkerWrapper: Worker result SUCCESS for Work [ id=c2e02e31-098c-4e0f-bb98-2f7b2803f521, tags={ com.samsung.android.scs.ai.search.data.collector.ObserverWorker, com.samsung.android.calendar } ]
04-19 16:03:32.384 22993 23131 I SCS@AiSearch user 0: (BaseCollector::CALENDAR) enqueue ObserverWorker name: com.samsung.android.calendar, policy: APPEND_OR_REPLACE
04-19 16:03:32.393 22993 23087 I SCS@AiSearch user 0: (IndexManager) [TASKS-0] entering in addIndex():
04-19 16:03:32.396 22993 23087 I SCS@AiSearch user 0: (BaseCollector::TASKS) fetch: fetching took  99 ms
04-19 16:03:32.396 22993 23087 I SCS@AiSearch user 0: (BaseCollector::TASKS) fetchChanges: applied 0 items
04-19 16:03:32.396 22993 23087 I SCS@AiSearch user 0: (BaseCollector::TASKS) Collect finished. Result: true
04-19 16:03:32.399 22993 23087 I SCS@AiSearch user 0: (BaseCollector::TASKS) enqueue ObserverWorker name: com.samsung.android.calendar.synctasks, policy: APPEND_OR_REPLACE
04-19 16:03:32.410  5628 11456 D PackageManager: setEnabledSetting : userId = 0 packageName = com.samsung.android.scs cmp = androidx.work.impl.background.systemalarm.RescheduleReceiver newState = 1 callingPackage = 10380/com.samsung.android.scs
04-19 16:03:32.411  5628 11456 D ApplicationPolicy: getApplicationStateEnabled : pkg = com.samsung.android.scs userId : 0
04-19 16:03:32.411  5628 11456 D ApplicationPolicy: getApplicationComponentState : pkg = com.samsung.android.scs userId : 0
04-19 16:03:32.436 22993 23035 I WM-WorkerWrapper: Worker result SUCCESS for Work [ id=53937def-b585-4691-a959-13724d5846d7, tags={ com.samsung.android.calendar.synctasks, com.samsung.android.scs.ai.search.data.collector.ObserverWorker } ]
04-19 16:03:32.467  5628 11414 D PackageManager: setEnabledSetting : userId = 0 packageName = com.samsung.android.scs cmp = androidx.work.impl.background.systemalarm.RescheduleReceiver newState = 1 callingPackage = 10380/com.samsung.android.scs
04-19 16:03:32.469  5628 11414 D ApplicationPolicy: getApplicationStateEnabled : pkg = com.samsung.android.scs userId : 0
04-19 16:03:32.470  5628 11414 D ApplicationPolicy: getApplicationComponentState : pkg = com.samsung.android.scs userId : 0
04-19 16:03:32.669  8513 21460 D FaceWidgetCalendarDisposable: begin
04-19 16:03:32.672  8513 21460 I FaceWidgetCalendarManager: No service bound. Query to current context.
04-19 16:03:32.679  5628  5714 W libprocessgroup: Failed to open /dev/blkio//cgroup.procs: No such file or directory
04-19 16:03:32.704  5900  5900 I CCalendar$WatchCalendarSyncJob: Calendar sync job is started
04-19 16:03:32.709  5900  5900 I CCalendar$WatchCalendarSyncJob: Registered WatchCalendarSyncJob on Plugin.
04-19 16:03:32.717  5900 23906 I CCalendar$WatchCalendarSyncJob: Start SyncData.
04-19 16:03:32.717  5900 23906 I CCalendar$EventSynchronizer: S] CacheDB update. 22060901
04-19 16:03:32.724  5628  5714 W libprocessgroup: Failed to open /dev/blkio//cgroup.procs: No such file or directory
04-19 16:03:32.733 21481 23539 I SamsungCalendar$PreferenceProvider: query uri [content://com.sec.android.calendar.preference/PreferenceBoolean] from com.android.systemui
04-19 16:03:32.739  8513 21460 I FaceWidgetCalendarManager: No service bound. Query to current context.
04-19 16:03:32.755  8513 21460 D FaceWidgetCalendarDisposable: getEventsFromCalendar, [[id = 1154][start time = 2023 April 19 (Wednesday) 16:00][end time = 2023 April 19 (Wednesday) 16:30][is all day = false]]
04-19 16:03:32.755  8513 21460 D FaceWidgetCalendarDisposable: end: 1
04-19 16:03:32.757  8513  8513 I FaceWidgetCalendarManager: Next end = [id = 1154][start time = 2023 April 19 (Wednesday) 16:00][end time = 2023 April 19 (Wednesday) 16:30][is all day = false]
04-19 16:03:32.758  5900 23906 I CCalendar$EventSynchronizer:  Local/Cache Calendars : 10/10
04-19 16:03:32.762 21481 23539 I SamsungCalendar$PreferenceProvider: query uri [content://com.sec.android.calendar.preference/PreferenceBoolean] from com.samsung.android.heartplugin
04-19 16:03:32.762  8513  8513 I FaceWidgetCalendarManager: Next start = null
04-19 16:03:32.764  8513  8513 D FaceWidgetCalendarManager: reset
04-19 16:03:32.768 21481 23539 I SamsungCalendar$PreferenceProvider: query uri [content://com.sec.android.calendar.preference/PreferenceBoolean] from com.samsung.android.heartplugin
04-19 16:03:32.787 30407 30407 I ResourceOverlayService_0: waitAndQuit called
04-19 16:03:32.788 30407 30407 I ResourceOverlayService_0: activity user id 0 process id 0
04-19 16:03:32.789  5900 23906 I CCalendar$EventCacheModelImpl: Deleted Old events : 0
04-19 16:03:32.792  5900 23906 I CCalendar$EventSynchronizer:  Local/Cache Events : 6/6
04-19 16:03:32.792  5900 23906 I CCalendar$EventCacheModelImpl: Deleted : 0(0)
04-19 16:03:32.792  5900 23906 I CCalendar$EventCacheModelImpl: Inserted : 0(0)
04-19 16:03:32.793  5900 23906 I CCalendar$EventSynchronizer: F] CacheDB update : C(false), E(false)
04-19 16:03:32.793  5900 23906 I CCalendar$WatchCalendarSyncJob: Finish SyncData.
04-19 16:03:33.790 30407 30407 I ResourceOverlayService_0: waitAndQuit called
04-19 16:03:33.791 30407 30407 I ResourceOverlayService_0: activity user id 0 process id 0
04-19 16:03:33.820 21481 21481 I SamsungCalendar$CountdownWidgetProvider: onReceive : action =com.samsung.android.calendar.ACTION_CALENDAR_PROVIDER_CHANGED, id = 0
04-19 16:03:33.849 21481 21481 I SamsungCalendar$CalendarConference: [GoogleSyncReceiver] onReceive : com.samsung.android.calendar.ACTION_CALENDAR_PROVIDER_CHANGED
04-19 16:03:33.851 21481 23907 I SamsungCalendar$CalendarConference: [ConferenceSyncManager] ====== Perform Conference Sync Start ======
04-19 16:03:33.856 21481 23907 I SamsungCalendar$CalendarConference: No ConferenceData to sync.
04-19 16:03:33.857 21481 23907 I SamsungCalendar$CalendarConference: [ConferenceSyncManager] ====== Perform Conference Sync Finish ======
