04-19 15:58:23.529  5628  5882 D ApplicationPolicy: getApplicationStateEnabled : pkg = com.android.vending userId : 0
04-19 15:58:23.530  5628  5882 D ApplicationPolicy: getApplicationComponentState : pkg = com.android.vending userId : 0
04-19 15:58:23.527 19806 19826 W Settings: Setting download_manager_max_bytes_over_mobile has moved from android.provider.Settings.Secure to android.provider.Settings.Global.
04-19 15:58:23.538 19806 19844 I Finsky  : [188] pd.run(5): Set UnhibernateActivity enabled state to 1
04-19 15:58:23.547 19806 19845 I Finsky  : [189] puo.run(7): SysUA: Set SystemUpdateActivity enabled state to 1
04-19 15:58:23.548 19806 19826 I Finsky  : [175] ujw.i(3): SettingNotFoundException, fall through to G.downloadBytesOverMobileMaximum
04-19 15:58:23.548 19806 19826 W Settings: Setting download_manager_recommended_max_bytes_over_mobile has moved from android.provider.Settings.Secure to android.provider.Settings.Global.
04-19 15:58:23.551 19806 19826 I Finsky  : [175] ujw.h(3): SettingNotFoundException, fall through to G.downloadBytesOverMobileRecommended
04-19 15:58:23.560 19806 19871 I Finsky  : [198] rda.run(35): SysCUA: Set {com.android.vending/com.google.android.finsky.systemcomponentupdateui.common.SystemComponentUpdateActivity} enabled state to 0
04-19 15:58:23.578 19806 19826 I Finsky  : [175] alak.d(2): registerListener
04-19 15:58:23.590 19806 19826 I Finsky  : [175] alak.d(2): registerListener
04-19 15:58:23.601 19806 19826 I Finsky  : [175] smj.r(6): Enqueuing libraries load for -687796151
04-19 15:58:23.602 19806 19871 I Finsky  : [198] smj.s(1): Starting libraries load for -687796151
04-19 15:58:23.614 19806 19826 I Finsky  : [175] afnb.<init>(3): VerifyApps: Setup app restrictions monitor
04-19 15:58:23.622 19806 19826 I Finsky  : [175] aftg.a(3): VerifyApps: Device wide unknown source restriction updated
04-19 15:58:23.636  5250  5250 D Zygote  : Forked child process 19881
04-19 15:58:23.664 19806 19830 I Finsky  : [179] rgk.<init>(4): Item store provider started.
04-19 15:58:23.688 19881 19881 I e.process.gapps: Using CollectorTypeCC GC.
04-19 15:58:23.694 19881 19881 E e.process.gapps: Not starting debugger since process cannot load the jdwp agent.
04-19 15:58:23.702 19881 19881 W libc    : Access denied finding property "sys.perf.boostopt"
04-19 15:58:23.702  5224  5224 E audit   : type=1400 audit(1681912703.697:103087): avc:  denied  { read } for  pid=19881 comm="e.process.gapps" name="u:object_r:perf_prop:s0" dev="tmpfs" ino=16829 scontext=u:r:priv_app:s0:c512,c768 tcontext=u:object_r:perf_prop:s0 tclass=file permissive=0 SEPF_SM-A515F_13_0001 audit_filtered
04-19 15:58:23.702  5224  5224 E audit   : type=1300 audit(1681912703.697:103087): arch=c00000b7 syscall=56 success=no exit=-13 a0=ffffff9c a1=7ffbc769b8 a2=88000 a3=0 items=0 ppid=5250 pid=19881 auid=4294967295 uid=10226 gid=10226 euid=10226 suid=10226 fsuid=10226 egid=10226 sgid=10226 fsgid=10226 tty=(none) ses=4294967295 comm="e.process.gapps" exe="/system/bin/app_process64" subj=u:r:priv_app:s0:c512,c768 key=(null)
04-19 15:58:23.702  5224  5224 E audit   : type=1327 audit(1681912703.697:103087): proctitle="zygote64"
04-19 15:58:23.704 19881 19881 D ActivityThread: setConscryptValidator
04-19 15:58:23.704 19881 19881 D ActivityThread: setConscryptValidator - put
04-19 15:58:23.707 19881 19898 W libc    : Access denied finding property "sys.perf.boostopt"
04-19 15:58:23.707  5224  5224 E audit   : type=1400 audit(1681912703.701:103088): avc:  denied  { read } for  pid=19881 comm="binder:19881_1" name="u:object_r:perf_prop:s0" dev="tmpfs" ino=16829 scontext=u:r:priv_app:s0:c512,c768 tcontext=u:object_r:perf_prop:s0 tclass=file permissive=0 SEPF_SM-A515F_13_0001 audit_filtered
04-19 15:58:23.746 19881 19881 D CompatibilityChangeReporter: Compat change id reported: 171979766; UID 10226; state: ENABLED
04-19 15:58:23.751 19881 19898 W libc    : Access denied finding property "sys.perf.boostopt"
04-19 15:58:23.789  5331  5331 I SurfaceFlinger: SFWD update time=252293892638006
04-19 15:58:23.868 19881 19881 D nativeloader: Configuring classloader-namespace-shared for other apk /system/framework/org.apache.http.legacy.jar. target_sdk_version=33, uses_libraries=ALL, library_path=/system/system_ext/priv-app/GoogleServicesFramework/lib/arm64:/system/system_ext/priv-app/GoogleServicesFramework/GoogleServicesFramework.apk!/lib/arm64-v8a:/system/lib64:/system/system_ext/lib64, permitted_path=/data:/mnt/expand:/data/user/0/com.google.android.gsf:/system/system_ext/priv-app/GoogleServicesFramework:/system/lib64:/system/system_ext/lib64
04-19 15:58:23.869 19881 19881 D nativeloader: Extending system_exposed_libraries: libhumantracking.arcsoft.so:libPortraitDistortionCorrection.arcsoft.so:libPortraitDistortionCorrectionCali.arcsoft.so:libface_landmark.arcsoft.so:libFacialStickerEngine.arcsoft.so:libveengine.arcsoft.so:liblow_light_hdr.arcsoft.so:libhigh_dynamic_range.arcsoft.so:libFacialAttributeDetection.arcsoft.so:libBeauty_v4.camera.samsung.so:libexifa.camera.samsung.so:libjpega.camera.samsung.so:libOpenCv.camera.samsung.so:libImageScreener.camera.samsung.so:libMyFilter.camera.samsung.so:libtensorflowLite.myfilter.camera.samsung.so:libtensorflowlite_inference_api.myfilter.camera.samsung.so:libEventFinder.camera.samsung.so:libHIDTSnapJNI.camera.samsung.so:libSmartScan.camera.samsung.so:libRectify.camera.samsung.so:libDocRectifyWrapper.camera.samsung.so:libUltraWideDistortionCorrection.camera.samsung.so:libHpr_RecGAE_cvFeature_v1.0.camera.samsung.so:libHprFace_GAE_api.camera.samsung.so:libFace_Landmark_API.camera.samsung.so:libHprFace_GAE_jni.camera.samsung.so:libFacialBasedSelfieCorrec
04-19 15:58:23.890 19881 19881 D nativeloader: Configuring classloader-namespace-shared for other apk /system/system_ext/priv-app/GoogleServicesFramework/GoogleServicesFramework.apk. target_sdk_version=33, uses_libraries=, library_path=/system/system_ext/priv-app/GoogleServicesFramework/lib/arm64:/system/system_ext/priv-app/GoogleServicesFramework/GoogleServicesFramework.apk!/lib/arm64-v8a:/system/lib64:/system/system_ext/lib64, permitted_path=/data:/mnt/expand:/data/user/0/com.google.android.gsf:/system/system_ext/priv-app/GoogleServicesFramework:/system/lib64:/system/system_ext/lib64
04-19 15:58:23.923 27910 27910 D BoundBrokerSvc: onBind: Intent { act=com.google.android.gms.safetynet.service.START pkg=com.google.android.gms }
04-19 15:58:23.924 27910 27910 D BoundBrokerSvc: Loading bound service for intent: Intent { act=com.google.android.gms.safetynet.service.START pkg=com.google.android.gms }
04-19 15:58:23.963  8900 12244 W BtGatt.GattService: unfreezeScan() - No AppScanStats found with uid: 10268
04-19 15:58:23.964  5628  9290 W LocationManagerService: onFreezeStateChanged, uid[10268]=false
04-19 15:58:23.969  5628  5712 I libprocessgroup: Successfully killed process cgroup uid 10268 pid 15392 in 8ms
04-19 15:58:23.969 19881 19881 V GraphicsEnvironment: ANGLE Developer option for 'com.google.android.gsf' set to: 'default'
04-19 15:58:23.970 19881 19881 V GraphicsEnvironment: ANGLE GameManagerService for com.google.android.gsf: false
04-19 15:58:23.970 19881 19881 V GraphicsEnvironment: Neither updatable production driver nor prerelease driver is supported.
04-19 15:58:23.982 19881 19881 D NetworkSecurityConfig: No Network Security Config specified, using platform default
04-19 15:58:23.996 19881 19881 D NetworkSecurityConfig: No Network Security Config specified, using platform default
04-19 15:58:24.001 19806 19806 I Finsky  : [2] pus.B(3): Installer: Attempting to start installer
04-19 15:58:24.006 19806 19806 I Finsky  : [2] alak.d(2): registerListener
04-19 15:58:24.025 19806 19806 I Finsky  : [2] zke.<init>(20): Initializing pausers from value store.
04-19 15:58:24.026 19806 19806 I Finsky  : [2] zke.<init>(24): Get the following callers from value store [].
04-19 15:58:24.030 19806 19806 I Finsky  : [2] les.onSubscriptionsChanged(1): onSubscriptionsChanged
04-19 15:58:24.036 19806 19806 I Finsky  : [2] pus.S(1): Installer: Installer kick - no action, not running yet
04-19 15:58:24.107 19881 19881 I GoogleHttpClient: GMS http client unavailable, use old client
04-19 15:58:24.147  5628 11254 D ConnectivityService: ConnectivityService NetworkRequestInfo binderDied(uid/pid:10268/15392, [NetworkRequest [ REQUEST id=27944, [ Capabilities: INTERNET&NOT_RESTRICTED&TRUSTED&NOT_VCN_MANAGED Uid: 10268 RequestorUid: 10268 RequestorPkg: org.telegram.messenger UnderlyingNetworks: Null] ]], android.os.BinderProxy@9da1de2)
04-19 15:58:24.148  5628  8367 D ConnectivityService: releasing NetworkRequest [ REQUEST id=27944, [ Capabilities: INTERNET&NOT_RESTRICTED&TRUSTED&NOT_VCN_MANAGED Uid: 10268 RequestorUid: 10268 RequestorPkg: org.telegram.messenger UnderlyingNetworks: Null] ] (release request)
04-19 15:58:24.148  5628  8367 D ConnectivityService:  Removing from current network [128 WIFI], leaving 165 requests.
04-19 15:58:24.149  5250  5250 I Zygote  : Process 15392 exited due to signal 9 (Killed)
04-19 15:58:24.155  5321  5123 I AudioFlinger: removeDlbCodecCallback pid:15392 type:-1
04-19 15:58:24.157 19806 19820 W libc    : Access denied finding property "sys.perf.boostopt"
04-19 15:58:24.172  5628  5712 I libprocessgroup: Successfully killed process cgroup uid 5278 pid 18164 in 5ms
04-19 15:58:24.220  4377  5719 I servicemanager: 'com.samsung.android.pass.IPassService' died
04-19 15:58:24.220 14911 14911 I [AUTHFW][PSDK]PassServiceConnection: onServiceDisconnected
04-19 15:58:24.221 14911 14911 I [PASS][SPASS]SPassApplication: pass disconnected
04-19 15:58:24.221  5250  5250 I Zygote  : Process 18164 exited due to signal 9 (Killed)
04-19 15:58:24.279  5628  9811 D SemWifiUsabilityStatsMonitor: onWifiUsabilityStats - seqNum 36071, isSameBssidAndFreq true
04-19 15:58:24.282  5628  8422 I SemWifiLinkQualityMonitor: Link Qos Query: 0.018 ms / 433.000 Mbps (433 / 0.000 / 1.000)
04-19 15:58:24.381 19806 19871 I Finsky  : [198] smj.s(19): Loaded library for account: [u50CvjFgI4N8BK_7VI5wqgrBLx4XC93qbnmKX3YNI1k]
04-19 15:58:24.382 19806 19871 I Finsky  : [198] smj.s(19): Loaded library for account: [31mq07jFZa1wBujcZqZ9qus3alzIlzBBq_742sQHGIY]
04-19 15:58:24.383 19806 19871 I Finsky  : [198] smj.s(23): Finished loading 2 libraries.
04-19 15:58:24.396 30407 30407 I ResourceOverlayService_0: waitAndQuit called
04-19 15:58:24.397 30407 30407 I ResourceOverlayService_0: activity user id 0 process id 0
04-19 15:58:24.640  8900  9513 I bt_stack: [INFO:rfc_port_fsm.cc(106)] rfc_port_sm_execute: BD_ADDR=645df4_1, PORT=18, STATE=4, EVENT=14
04-19 15:58:24.643  8900  9513 E bt_bta_dm: Received unknown power mode status event:5
04-19 15:58:24.968 19806 19912 I Finsky  : [219] ovx.apply(11): Installer: Registering atomic install listeners with package installer
04-19 15:58:24.969 19806 19917 I Finsky  : [222] psn.a(34): Installer: Checking for orphaned groups
04-19 15:58:24.979 19806 19912 I Finsky  : [219] skm.s(1): getDownloads()
04-19 15:58:25.030  5250  5250 D Zygote  : Forked child process 19928
04-19 15:58:25.081 19928 19928 I ding:background: Using CollectorTypeCC GC.
04-19 15:58:25.093 19928 19928 E ding:background: Not starting debugger since process cannot load the jdwp agent.
04-19 15:58:25.102 19928 19928 W libc    : Access denied finding property "sys.perf.boostopt"
04-19 15:58:25.102  5224  5224 E audit   : type=1400 audit(1681912705.097:103091): avc:  denied  { read } for  pid=19928 comm="ding:background" name="u:object_r:perf_prop:s0" dev="tmpfs" ino=16829 scontext=u:r:priv_app:s0:c512,c768 tcontext=u:object_r:perf_prop:s0 tclass=file permissive=0 SEPF_SM-A515F_13_0001 audit_filtered
04-19 15:58:25.103  5224  5224 E audit   : type=1300 audit(1681912705.097:103091): arch=c00000b7 syscall=56 success=no exit=-13 a0=ffffff9c a1=7ffbc769b8 a2=88000 a3=0 items=0 ppid=5250 pid=19928 auid=4294967295 uid=10229 gid=10229 euid=10229 suid=10229 fsuid=10229 egid=10229 sgid=10229 fsgid=10229 tty=(none) ses=4294967295 comm="ding:background" exe="/system/bin/app_process64" subj=u:r:priv_app:s0:c512,c768 key=(null)
04-19 15:58:25.103  5224  5224 E audit   : type=1327 audit(1681912705.097:103091): proctitle="zygote64"
04-19 15:58:25.103 19928 19940 W libc    : Access denied finding property "sys.perf.boostopt"
04-19 15:58:25.103  5224  5224 E audit   : type=1400 audit(1681912705.097:103092): avc:  denied  { read } for  pid=19928 comm="binder:19928_1" name="u:object_r:perf_prop:s0" dev="tmpfs" ino=16829 scontext=u:r:priv_app:s0:c512,c768 tcontext=u:object_r:perf_prop:s0 tclass=file permissive=0 SEPF_SM-A515F_13_0001 audit_filtered
04-19 15:58:25.105 19928 19928 D ActivityThread: setConscryptValidator
04-19 15:58:25.105 19928 19928 D ActivityThread: setConscryptValidator - put
04-19 15:58:25.121 19928 19940 W libc    : Access denied finding property "sys.perf.boostopt"
04-19 15:58:25.126 19928 19928 D CompatibilityChangeReporter: Compat change id reported: 171979766; UID 10229; state: ENABLED
04-19 15:58:25.175 19928 19928 D nativeloader: Configuring classloader-namespace for other apk /system/framework/org.apache.http.legacy.jar. target_sdk_version=33, uses_libraries=ALL, library_path=/data/app/~~uTBQqUTOpZMAc86i7JRLHg==/com.android.vending-1PjuJ6bbtqXEQBgpriGcDA==/lib/arm64:/data/app/~~uTBQqUTOpZMAc86i7JRLHg==/com.android.vending-1PjuJ6bbtqXEQBgpriGcDA==/base.apk!/lib/arm64-v8a:/data/app/~~uTBQqUTOpZMAc86i7JRLHg==/com.android.vending-1PjuJ6bbtqXEQBgpriGcDA==/split_config.arm64_v8a.apk!/lib/arm64-v8a:/data/app/~~uTBQqUTOpZMAc86i7JRLHg==/com.android.vending-1PjuJ6bbtqXEQBgpriGcDA==/split_config.en.apk!/lib/arm64-v8a:/data/app/~~uTBQqUTOpZMAc86i7JRLHg==/com.android.vending-1PjuJ6bbtqXEQBgpriGcDA==/split_config.ru.apk!/lib/arm64-v8a:/data/app/~~uTBQqUTOpZMAc86i7JRLHg==/com.android.vending-1PjuJ6bbtqXEQBgpriGcDA==/split_phonesky_data_loader.apk!/lib/arm64-v8a:/data/app/~~uTBQqUTOpZMAc86i7JRLHg==/com.android.vending-1PjuJ6bbtqXEQBgpriGcDA==/split_phonesky_data_loader.config.arm64_v8a.apk!/lib/arm64-v8a, permitted_path=/data:/mnt/expand:/data/user
04-19 15:58:25.175 19928 19928 D nativeloader: Extending system_exposed_libraries: libhumantracking.arcsoft.so:libPortraitDistortionCorrection.arcsoft.so:libPortraitDistortionCorrectionCali.arcsoft.so:libface_landmark.arcsoft.so:libFacialStickerEngine.arcsoft.so:libveengine.arcsoft.so:liblow_light_hdr.arcsoft.so:libhigh_dynamic_range.arcsoft.so:libFacialAttributeDetection.arcsoft.so:libBeauty_v4.camera.samsung.so:libexifa.camera.samsung.so:libjpega.camera.samsung.so:libOpenCv.camera.samsung.so:libImageScreener.camera.samsung.so:libMyFilter.camera.samsung.so:libtensorflowLite.myfilter.camera.samsung.so:libtensorflowlite_inference_api.myfilter.camera.samsung.so:libEventFinder.camera.samsung.so:libHIDTSnapJNI.camera.samsung.so:libSmartScan.camera.samsung.so:libRectify.camera.samsung.so:libDocRectifyWrapper.camera.samsung.so:libUltraWideDistortionCorrection.camera.samsung.so:libHpr_RecGAE_cvFeature_v1.0.camera.samsung.so:libHprFace_GAE_api.camera.samsung.so:libFace_Landmark_API.camera.samsung.so:libHprFace_GAE_jni.camera.samsung.so:libFacialBasedSelfieCorrec
04-19 15:58:25.249  5250  5250 D Zygote  : Forked child process 19943
04-19 15:58:25.255 19928 19928 W ziparchive: Unable to open '/data/app/~~uTBQqUTOpZMAc86i7JRLHg==/com.android.vending-1PjuJ6bbtqXEQBgpriGcDA==/split_config.arm64_v8a.dm': No such file or directory
04-19 15:58:25.255 19928 19928 W ziparchive: Unable to open '/data/app/~~uTBQqUTOpZMAc86i7JRLHg==/com.android.vending-1PjuJ6bbtqXEQBgpriGcDA==/split_config.arm64_v8a.dm': No such file or directory
04-19 15:58:25.257 19928 19928 W ding:background: Entry not found
04-19 15:58:25.260 19928 19928 W ziparchive: Unable to open '/data/app/~~uTBQqUTOpZMAc86i7JRLHg==/com.android.vending-1PjuJ6bbtqXEQBgpriGcDA==/split_config.en.dm': No such file or directory
04-19 15:58:25.260 19928 19928 W ziparchive: Unable to open '/data/app/~~uTBQqUTOpZMAc86i7JRLHg==/com.android.vending-1PjuJ6bbtqXEQBgpriGcDA==/split_config.en.dm': No such file or directory
04-19 15:58:25.262 19928 19928 W ding:background: Entry not found
04-19 15:58:25.264 19928 19928 W ziparchive: Unable to open '/data/app/~~uTBQqUTOpZMAc86i7JRLHg==/com.android.vending-1PjuJ6bbtqXEQBgpriGcDA==/split_config.ru.dm': No such file or directory
04-19 15:58:25.265 19928 19928 W ziparchive: Unable to open '/data/app/~~uTBQqUTOpZMAc86i7JRLHg==/com.android.vending-1PjuJ6bbtqXEQBgpriGcDA==/split_config.ru.dm': No such file or directory
04-19 15:58:25.267 19928 19928 W ding:background: Entry not found
04-19 15:58:25.270 19928 19928 W ziparchive: Unable to open '/data/app/~~uTBQqUTOpZMAc86i7JRLHg==/com.android.vending-1PjuJ6bbtqXEQBgpriGcDA==/split_phonesky_data_loader.dm': No such file or directory
04-19 15:58:25.270 19928 19928 W ziparchive: Unable to open '/data/app/~~uTBQqUTOpZMAc86i7JRLHg==/com.android.vending-1PjuJ6bbtqXEQBgpriGcDA==/split_phonesky_data_loader.dm': No such file or directory
04-19 15:58:25.273 19928 19928 W ding:background: Entry not found
04-19 15:58:25.276 19928 19928 W ziparchive: Unable to open '/data/app/~~uTBQqUTOpZMAc86i7JRLHg==/com.android.vending-1PjuJ6bbtqXEQBgpriGcDA==/split_phonesky_data_loader.config.arm64_v8a.dm': No such file or directory
04-19 15:58:25.276 19928 19928 W ziparchive: Unable to open '/data/app/~~uTBQqUTOpZMAc86i7JRLHg==/com.android.vending-1PjuJ6bbtqXEQBgpriGcDA==/split_phonesky_data_loader.config.arm64_v8a.dm': No such file or directory
04-19 15:58:25.279 19928 19928 W ding:background: Entry not found
04-19 15:58:25.285 19928 19928 D nativeloader: Configuring classloader-namespace for other apk /data/app/~~uTBQqUTOpZMAc86i7JRLHg==/com.android.vending-1PjuJ6bbtqXEQBgpriGcDA==/base.apk:/data/app/~~uTBQqUTOpZMAc86i7JRLHg==/com.android.vending-1PjuJ6bbtqXEQBgpriGcDA==/split_config.arm64_v8a.apk:/data/app/~~uTBQqUTOpZMAc86i7JRLHg==/com.android.vending-1PjuJ6bbtqXEQBgpriGcDA==/split_config.en.apk:/data/app/~~uTBQqUTOpZMAc86i7JRLHg==/com.android.vending-1PjuJ6bbtqXEQBgpriGcDA==/split_config.ru.apk:/data/app/~~uTBQqUTOpZMAc86i7JRLHg==/com.android.vending-1PjuJ6bbtqXEQBgpriGcDA==/split_phonesky_data_loader.apk:/data/app/~~uTBQqUTOpZMAc86i7JRLHg==/com.android.vending-1PjuJ6bbtqXEQBgpriGcDA==/split_phonesky_data_loader.config.arm64_v8a.apk. target_sdk_version=33, uses_libraries=, library_path=/data/app/~~uTBQqUTOpZMAc86i7JRLHg==/com.android.vending-1PjuJ6bbtqXEQBgpriGcDA==/lib/arm64:/data/app/~~uTBQqUTOpZMAc86i7JRLHg==/com.android.vending-1PjuJ6bbtqXEQBgpriGcDA==/base.apk!/lib/arm64-v8a:/data/app/~~uTBQqUTOpZMAc86i7JRLHg==/com.android.vending-1PjuJ6bbtqXEQBgpriG
04-19 15:58:25.290 19943 19943 I .android.authfw: Using CollectorTypeCC GC.
04-19 15:58:25.291 19928 19928 W ding:background: JIT profile information will not be recorded: profile file does not exist.
04-19 15:58:25.291 19928 19928 W ding:background: JIT profile information will not be recorded: profile file does not exist.
04-19 15:58:25.292 19928 19928 W ding:background: JIT profile information will not be recorded: profile file does not exist.
04-19 15:58:25.292 19928 19928 W ding:background: JIT profile information will not be recorded: profile file does not exist.
04-19 15:58:25.292 19928 19928 W ding:background: JIT profile information will not be recorded: profile file does not exist.
04-19 15:58:25.300 19943 19943 E .android.authfw: Not starting debugger since process cannot load the jdwp agent.
04-19 15:58:25.317 19943 19943 W libc    : Access denied finding property "sys.perf.boostopt"
04-19 15:58:25.319 19943 19943 D ActivityThread: setConscryptValidator
04-19 15:58:25.319 19943 19943 D ActivityThread: setConscryptValidator - put
04-19 15:58:25.323 19943 19962 W libc    : Access denied finding property "sys.perf.boostopt"
04-19 15:58:25.326 19928 19928 V GraphicsEnvironment: ANGLE Developer option for 'com.android.vending' set to: 'default'
04-19 15:58:25.327 19928 19928 V GraphicsEnvironment: ANGLE GameManagerService for com.android.vending: false
04-19 15:58:25.328 19928 19928 V GraphicsEnvironment: Neither updatable production driver nor prerelease driver is supported.
04-19 15:58:25.337 19928 19928 D NetworkSecurityConfig: No Network Security Config specified, using platform default
04-19 15:58:25.352 19928 19928 D NetworkSecurityConfig: No Network Security Config specified, using platform default
04-19 15:58:25.359 19943 19943 D CompatibilityChangeReporter: Compat change id reported: 171979766; UID 5278; state: ENABLED
04-19 15:58:25.365 19943 19962 W libc    : Access denied finding property "sys.perf.boostopt"
04-19 15:58:25.394 19928 19928 I Finsky:background: [2] jiv.i(6): Process created at version: 35.3.10-21 [0] [PR] 522652521
04-19 15:58:25.399 30407 30407 I ResourceOverlayService_0: waitAndQuit called
04-19 15:58:25.401 30407 30407 I ResourceOverlayService_0: activity user id 0 process id 0
04-19 15:58:25.451  7170  7440 I ContactsProvider_EventLog: cp_s: [CONTACT con(156) dat(1077) acc({sim(3)=15, sec(6)=1, sim2(4)=1, google(2)=81, com.whatsapp(14)=39, org.telegram.messenger(232)=99}) calls([logtype:100 cnt:867, logtype:200 cnt:5, logtype:300 cnt:495, logtype:1000 cnt:604, logtype:1150 cnt:161]) Iso(RS) uId(0) ]
04-19 15:58:25.451  7170  7440 I ContactsProvider_EventLog: cp_s: [ agr({[2 ,14 ,232]=32, [3]=15, [14]=1, [4]=1, [2 ,14]=4, [2 ,2]=2, [2 ,2 ,14 ,232]=1, [2]=33, [6 ,14]=1, [2 ,232]=6, [232]=60}) ]
04-19 15:58:25.451  7170  7440 I ContactsProvider_EventLog: cp_s: [ cnt({com.samsung.android.calendar(17079)=11, acore(7170)=1}) ]
04-19 15:58:25.451  7170  7440 I ContactsProvider_EventLog: cp_s: [PROFILE con(1) dat(1) acc({vnd.sec.contact.phone=1}) ] [SAPROFILE ]
04-19 15:58:25.451  7170  7440 I ContactsProvider_EventLog: cp_s: [STATE R(T) ]
04-19 15:58:25.521 19928 19928 I Finsky:background: [2] wrk.l(20): Finished reading experiment flags from file [0tGUNCGIkbk4o6-fQ335kUYSKwVj4lusnHT-A5Dsy08].
04-19 15:58:25.590 19943 19943 I [AUTHFW][PASS]AuthFwApp:  onCreate
04-19 15:58:25.612 19943 19943 I [AUTHFW][TZ]TzAppAsset: AFD
04-19 15:58:25.612 19943 19943 W [AUTHFW][TZ]TzAppAsset: getAssetFileDescriptor fails to openFd()
04-19 15:58:25.613 19943 19943 I [AUTHFW][TZ]TzAppAsset: Not found
04-19 15:58:25.613 19943 19943 I [AUTHFW][TZ]TzApp: APEX - apex
04-19 15:58:25.613 19943 19943 I [AUTHFW][TZ]TzApp: Start using TzAppApex as TzApp
04-19 15:58:25.614 19943 19943 I [PASS][SDK]SamsungPassService: initialize()
04-19 15:58:25.616 19928 19928 I Finsky:background: [2] wrk.l(20): Finished reading experiment flags from file [LRIUB0XrWxhCHClKLQhMJkUhwQzdNlPaayxBLZzR4Fw].
04-19 15:58:25.617 19943 19983 I [AUTHFW][TZ]TzUtil: idt start
04-19 15:58:25.619 19943 19983 I [AUTHFW][TZ]TzAppApex: FFD
04-19 15:58:25.621 19943 19943 I [PASS][SDK]h: bind
04-19 15:58:25.637 14911 14911 I [PASS][PASS]PassService: onBind:SamsungPassService
04-19 15:58:25.638 19943 19983 I SAMgr_AM: ta is null
04-19 15:58:25.641 19943 19943 I [AUTHFW][PASS]PassService: personaId : 0
04-19 15:58:25.642  4377  5719 I servicemanager: Adding 'u:r:platform_app:s0:c512,c768' service (com.samsung.android.pass.IPassService:19943)
04-19 15:58:25.646 19943 19943 I [AUTHFW][PASS]PassService: onBind:PassOperation
04-19 15:58:25.649 14911 14911 I [AUTHFW][PSDK]PassServiceConnection: onServiceConnected
04-19 15:58:25.649 14911 14911 I [PASS][SPASS]SPassApplication: pass connected
04-19 15:58:25.649 19943 19983 I android_os_HwBinder: HwBinder: Starting thread pool for getting: vendor.samsung.hardware.authfw@1.0::ISehAuthenticationFramework/default
04-19 15:58:25.661 19943 19943 I [PASS][SDK]h: onServiceConnected
04-19 15:58:25.661 19943 19943 I [AUTHFW][PASS]AuthFwApp: Samsung Pass Service is connected
04-19 15:58:25.683 19928 19928 D CompatibilityChangeReporter: Compat change id reported: 183155436; UID 10229; state: ENABLED
04-19 15:58:25.706 19928 19928 I Finsky:background: [2] wrk.l(20): Finished reading experiment flags from file [HdCfC3F88ILn46eFYHP0pFjjxhcMB9Z0_oOYSClX-cs].
04-19 15:58:25.716 19928 19928 I Finsky:background: [2] vdn.<init>(3): vde - Registering in memory receiver for android.intent.action.PACKAGE_ADDED and android.intent.action.PACKAGE_REMOVED
04-19 15:58:25.727 19928 19928 I Finsky:background: [2] rao.onCreate(2): IPC-SERVER: Starting gRPC host service...
04-19 15:58:25.785 13965 13965 I vendor.samsung.hardware.authfw@1.0-TlcProxyAuthnr: init
04-19 15:58:25.801 19928 19928 D ConnectivityManager: StackLog: [android.net.ConnectivityManager.sendRequestForNetwork(ConnectivityManager.java:4191)] [android.net.ConnectivityManager.registerDefaultNetworkCallbackForUid(ConnectivityManager.java:4755)] [android.net.ConnectivityManager.registerDefaultNetworkCallback(ConnectivityManager.java:4722)] [android.net.ConnectivityManager.registerDefaultNetworkCallback(ConnectivityManager.java:4696)] [mvj.a(PG:2)] [jxh.c(PG:90)] [jxh.b(PG:120)] [aukm.b(PG:1)] [aukl.b(PG:2)] [jxi.cy(PG:12)] [com.google.android.finsky.ipcservers.background.BackgroundGrpcServerAndroidService.c(Unknown Source:8)] [rao.onCreate(PG:3)] [com.google.android.finsky.ipcservers.background.BackgroundGrpcServerAndroidService.onCreate(Unknown Source:0)] [android.app.ActivityThread.handleCreateService(ActivityThread.java:5073)] [android.app.ActivityThread.-$$Nest$mhandleCreateService(Unknown Source:0)] [android.app.ActivityThread$H.handleMessage(ActivityThread.java:2428)]
04-19 15:58:25.804  5628 11430 D ConnectivityService: requestNetwork for uid/pid:10229/19928 activeRequest: null callbackRequest: 27996 [NetworkRequest [ REQUEST id=27997, [ Capabilities: INTERNET&NOT_RESTRICTED&TRUSTED&NOT_VCN_MANAGED Uid: 10229 RequestorUid: 10229 RequestorPkg: com.android.vending UnderlyingNetworks: Null] ]] callback flags: 0 order: 2147483647
04-19 15:58:25.805  5628  8367 D ConnectivityService:    accepting network in place of null
04-19 15:58:25.807  5628  8356 D WifiNetworkFactory: got request NetworkRequest [ REQUEST id=27997, [ Capabilities: INTERNET&NOT_RESTRICTED&TRUSTED&NOT_VCN_MANAGED Uid: 10229 RequestorUid: 10229 RequestorPkg: com.android.vending UnderlyingNetworks: Null] ]
04-19 15:58:25.807  5628  8356 D UntrustedWifiNetworkFactory: got request NetworkRequest [ REQUEST id=27997, [ Capabilities: INTERNET&NOT_RESTRICTED&TRUSTED&NOT_VCN_MANAGED Uid: 10229 RequestorUid: 10229 RequestorPkg: com.android.vending UnderlyingNetworks: Null] ]
04-19 15:58:25.808  5628  8356 D OemPaidWifiNetworkFactory: got request NetworkRequest [ REQUEST id=27997, [ Capabilities: INTERNET&NOT_RESTRICTED&TRUSTED&NOT_VCN_MANAGED Uid: 10229 RequestorUid: 10229 RequestorPkg: com.android.vending UnderlyingNetworks: Null] ]
04-19 15:58:25.808  5628  8356 D MultiInternetWifiNetworkFactory: got request NetworkRequest [ REQUEST id=27997, [ Capabilities: INTERNET&NOT_RESTRICTED&TRUSTED&NOT_VCN_MANAGED Uid: 10229 RequestorUid: 10229 RequestorPkg: com.android.vending UnderlyingNetworks: Null] ]
04-19 15:58:25.809  5628  8367 D ConnectivityService: Rematched networks [computed 0ms] [applied 1ms] [issued 2]
04-19 15:58:25.809  5628  8367 D ConnectivityService: NetworkReassignment :
04-19 15:58:25.809  5628  8367 D ConnectivityService:   27997 : null → 128
04-19 15:58:25.869  5628  5712 I libprocessgroup: Successfully killed process cgroup uid 10150 pid 19274 in 0ms
04-19 15:58:25.884 13965 13965 I vendor.samsung.hardware.authfw@1.0-TlcProxyAuthnr: process
04-19 15:58:25.884 13965 13965 I tlcFidoAuthnr: process start.
04-19 15:58:25.884 13965 13965 I tlcFidoAuthnr: process start. state:1
04-19 15:58:25.884 13965 13965 I tlcFidoAuthnr: processPass start. state:2
04-19 15:58:25.889 19943 19983 I SAMgr_HS: ret: true, 10
04-19 15:58:25.890 13965 13965 I vendor.samsung.hardware.authfw@1.0-TlcProxyAuthnr: terminate
04-19 15:58:25.890 13965 13965 I tlcFidoAuthnr: terminateFido start.
04-19 15:58:25.890 13965 13965 I tlcFidoAuthnr: terminateFido start. state:1
04-19 15:58:25.893 19943 19983 I [AUTHFW][TZ]TzUtil: nic is not supported on Q
04-19 15:58:25.896  5250  5250 I Zygote  : Process 19274 exited due to signal 9 (Killed)
04-19 15:58:25.898  5628  5712 I libprocessgroup: Successfully killed process cgroup uid 10260 pid 19185 in 0ms
04-19 15:58:25.911 19928 19993 I Finsky:background: [184] msb.h(1): getDownloads()
04-19 15:58:25.917  5250  5250 I Zygote  : Process 19185 exited due to signal 9 (Killed)
04-19 15:58:25.927 19806 19844 I Finsky  : [188] skm.s(1): getDownloads()
04-19 15:58:25.929 19928 19993 I Finsky:background: [184] msb.h(1): getDownloads()
04-19 15:58:25.937 19806 19912 I Finsky  : [219] puf.run(31): Installer: Installer starting
04-19 15:58:25.947 19806 19912 I Finsky  : [219] puf.run(34): Installer: Installer started
04-19 15:58:25.957 19806 19806 I Finsky  : [2] pus.S(5): Installer: found apps to install. apps=[]
04-19 15:58:25.968 19806 19994 I Finsky  : [234] pyi.a(27): IV2: found recoverable installs: []
04-19 15:58:25.999 19806 19806 I Finsky  : [2] rao.onCreate(2): IPC-SERVER: Starting gRPC host service...
04-19 15:58:26.102 19806 19996 I Finsky  : [236] qei.B(1): IQ: Pruning inactive install requests
04-19 15:58:26.128 19806 19806 I Finsky  : [2] zov.a(1): Connecting InstallListener to SplitInstallService broadcaster...
04-19 15:58:26.136 19806 19996 I Finsky  : [236] yfz.<init>(3): Resetting scheduler db
04-19 15:58:26.139 19806 19925 I Finsky  : [229] uwe.accept(17): Pruning stale session for com.google.mainline.adservices:331509000
04-19 15:58:26.140 19806 19925 I Finsky  : [229] uwe.accept(17): Pruning stale session for mainline_train_primary:331519000
04-19 15:58:26.140 19806 19925 I Finsky  : [229] uwe.accept(17): Pruning stale session for com.google.mainline.telemetry:331501000
04-19 15:58:26.145 19806 19925 I Finsky  : [229] aerx.k(4): PackageInstaller: Abandoned the session for com.google.mainline.adservices:331509000, sessionId: 1102709085
04-19 15:58:26.147 19806 19925 I Finsky  : [229] aerx.k(4): PackageInstaller: Abandoned the session for mainline_train_primary:331519000, sessionId: 1303736286
04-19 15:58:26.148 19806 19925 I Finsky  : [229] aerx.k(4): PackageInstaller: Abandoned the session for com.google.mainline.telemetry:331501000, sessionId: 245802553
04-19 15:58:26.159 19806 19855 I Finsky  : [196] xrl.accept(57): SCH: Scheduling phonesky job Id: 1-1337, CT: 1681902639714, Constraints: [{ L: 43167670, D: 86367670, C: 1, I: 1, N: 1 }]
04-19 15:58:26.159 19806 19855 I Finsky  : [196] xrl.accept(57): SCH: Scheduling phonesky job Id: 26-1414141414, CT: 1681877534243, Constraints: [{ L: 43199999, D: 44099999, C: 1, I: 1, N: 0 }]
04-19 15:58:26.161 19806 19855 I Finsky  : [196] xrl.accept(57): SCH: Scheduling phonesky job Id: 34-3690, CT: 1681859663866, Constraints: [{ L: 604800000, D: 2506618402, C: 2, I: 2, N: 2 }, { L: 604800000, D: 2506618402, C: 1, I: 2, N: 2 }]
04-19 15:58:26.162 19806 19855 I Finsky  : [196] xrl.accept(57): SCH: Scheduling phonesky job Id: 34-3694, CT: 1681861296097, Constraints: [{ L: 604800000, D: 2591997228, C: 2, I: 2, N: 2 }, { L: 604800000, D: 2591997228, C: 1, I: 2, N: 2 }]
04-19 15:58:26.162 19806 19855 I Finsky  : [196] xrl.accept(57): SCH: Scheduling phonesky job Id: 34-3695, CT: 1681859663867, Constraints: [{ L: 72104853, D: 1368104853, C: 1, I: 1, N: 1 }]
04-19 15:58:26.163 19806 19855 I Finsky  : [196] xrl.accept(57): SCH: Scheduling phonesky job Id: 34-3696, CT: 1681859663865, Constraints: [{ L: 523269748, D: 1819269748, C: 2, I: 2, N: 2 }, { L: 523269748, D: 1819269748, C: 1, I: 2, N: 2 }]
04-19 15:58:26.164 19806 19855 I Finsky  : [196] xrl.accept(57): SCH: Scheduling phonesky job Id: 34-3697, CT: 1681888949049, Constraints: [{ L: 604796183, D: 1900796183, C: 1, I: 1, N: 2 }]
04-19 15:58:26.182 19664 19999 D ProfileInstaller: Skipping profile installation for com.linkedin.android
04-19 15:58:26.190 19806 19845 I Finsky  : [189] xrd.apply(14): SCH: Scheduling 0 system job(s)
04-19 15:58:26.404 30407 30407 I ResourceOverlayService_0: waitAndQuit called
04-19 15:58:26.406 30407 30407 I ResourceOverlayService_0: activity user id 0 process id 0
04-19 15:58:27.315  5628  9811 D SemWifiUsabilityStatsMonitor: onWifiUsabilityStats - seqNum 36072, isSameBssidAndFreq true
04-19 15:58:27.319  5628  8422 I SemWifiLinkQualityMonitor: Link Qos Query: 0.018 ms / 433.000 Mbps (433 / 0.000 / 1.000)
04-19 15:58:27.409 30407 30407 I ResourceOverlayService_0: waitAndQuit called
04-19 15:58:27.410 30407 30407 I ResourceOverlayService_0: activity user id 0 process id 0
04-19 15:58:27.496  5250  5250 D Zygote  : Forked child process 20004
04-19 15:58:27.572 20004 20004 I droid.app.spage: Using CollectorTypeCC GC.
04-19 15:58:27.582 20004 20004 E droid.app.spage: Not starting debugger since process cannot load the jdwp agent.
04-19 15:58:27.596 20004 20004 W libc    : Access denied finding property "sys.perf.boostopt"
04-19 15:58:27.596  5224  5224 E audit   : type=1400 audit(1681912707.589:103097): avc:  denied  { read } for  pid=20004 comm="droid.app.spage" name="u:object_r:perf_prop:s0" dev="tmpfs" ino=16829 scontext=u:r:platform_app:s0:c512,c768 tcontext=u:object_r:perf_prop:s0 tclass=file permissive=0 SEPF_SM-A515F_13_0001 audit_filtered
04-19 15:58:27.597  5224  5224 E audit   : type=1300 audit(1681912707.589:103097): arch=c00000b7 syscall=56 success=no exit=-13 a0=ffffff9c a1=7ffbc769b8 a2=88000 a3=0 items=0 ppid=5250 pid=20004 auid=4294967295 uid=10061 gid=10061 euid=10061 suid=10061 fsuid=10061 egid=10061 sgid=10061 fsgid=10061 tty=(none) ses=4294967295 comm="droid.app.spage" exe="/system/bin/app_process64" subj=u:r:platform_app:s0:c512,c768 key=(null)
04-19 15:58:27.597  5224  5224 E audit   : type=1327 audit(1681912707.589:103097): proctitle="zygote64"
04-19 15:58:27.602 20004 20018 W libc    : Access denied finding property "sys.perf.boostopt"
04-19 15:58:27.602  5224  5224 E audit   : type=1400 audit(1681912707.597:103098): avc:  denied  { read } for  pid=20004 comm="binder:20004_1" name="u:object_r:perf_prop:s0" dev="tmpfs" ino=16829 scontext=u:r:platform_app:s0:c512,c768 tcontext=u:object_r:perf_prop:s0 tclass=file permissive=0 SEPF_SM-A515F_13_0001 audit_filtered
04-19 15:58:27.603 20004 20004 D ActivityThread: setConscryptValidator
04-19 15:58:27.603 20004 20004 D ActivityThread: setConscryptValidator - put
04-19 15:58:27.634 20004 20004 D CompatibilityChangeReporter: Compat change id reported: 171979766; UID 10061; state: ENABLED
04-19 15:58:27.729  5628  5714 W libprocessgroup: Failed to open /dev/blkio//cgroup.procs: No such file or directory
04-19 15:58:28.131 20004 20004 I FirebaseApp: Device unlocked: initializing all Firebase APIs for app [DEFAULT]
04-19 15:58:28.206 20004 20004 I FirebaseInitProvider: FirebaseApp initialization successful
04-19 15:58:28.219 20004 20004 I Carnival-CustomIndexesSearchProvider(): onCreate
04-19 15:58:28.224 20004 20004 I Carnival-CustomIndexesSearchProvider(): secQueryGetFingerprint : 550803100
04-19 15:58:28.237 20004 20004 I Carnival-NewsProvider(): onCreate
04-19 15:58:28.265 20004 20004 I Carnival-TraceUtil(): beginSection : SpageApplication
04-19 15:58:28.267 20004 20033 I DynamiteModule: Considering local module com.google.android.gms.measurement.dynamite:20 and remote module com.google.android.gms.measurement.dynamite:88
04-19 15:58:28.267 20004 20033 I DynamiteModule: Selected remote version of com.google.android.gms.measurement.dynamite, version >= 88
04-19 15:58:28.268 20004 20004 I Carnival-SPageApplication(): onCreate APP_VERSION_CODE 550803100
04-19 15:58:28.269 20004 20004 I Carnival-SPageApplication(): setMainViewFactory
04-19 15:58:28.292 20004 20033 W System  : ClassLoader referenced unknown path:
04-19 15:58:28.352 20004 20004 I Carnival-CommonExecutor(): numOfThreads 7
04-19 15:58:28.353 20004 20004 I Carnival-CommonExecutor(): startup() java.util.concurrent.ScheduledThreadPoolExecutor@9e5c3b0[Running, pool size = 0, active threads = 0, queued tasks = 0, completed tasks = 0]
04-19 15:58:28.353 20004 20004 I Carnival-SPageApplication(): Analytics.init
04-19 15:58:28.362 20004 20004 I Carnival-LeaveServiceManager(): init
04-19 15:58:28.373 20004 20004 I Carnival-DexModeMonitorUtil(): No DeX for this device. ignore
04-19 15:58:28.407  5628  8409 I ChimeraAggressivePolicyHandler: executePolicy() - triggerSource: TRIGGER_SOURCE_LMKD
04-19 15:58:28.409  5628  8409 I ChimeraAggressivePolicyHandler: available memory: 942440, free memory target: 870400, quit chimera
04-19 15:58:28.412 30407 30407 I ResourceOverlayService_0: waitAndQuit called
04-19 15:58:28.414 30407 30407 I ResourceOverlayService_0: activity user id 0 process id 0
04-19 15:58:28.445 20004 20004 I Carnival-SamsungAccountManager(): init
04-19 15:58:28.446 20004 20004 I Carnival-SamsungAccountObserverQos(): onInit
04-19 15:58:28.463 20004 20004 I Carnival-SamsungAccountManager(): addSamsungAccountListener
04-19 15:58:28.471  5628 11430 D ConnectivityService: requestNetwork for uid/pid:10061/20004 activeRequest: null callbackRequest: 27998 [NetworkRequest [ REQUEST id=27999, [ Capabilities: INTERNET&NOT_RESTRICTED&TRUSTED&NOT_VCN_MANAGED Uid: 10061 RequestorUid: 10061 RequestorPkg: com.samsung.android.app.spage UnderlyingNetworks: Null] ]] callback flags: 0 order: 2147483647
04-19 15:58:28.473  5628  8367 D ConnectivityService:    accepting network in place of null
04-19 15:58:28.473 20004 20004 I Carnival-NetworkErrorManager(): addNetworkStateListener
04-19 15:58:28.475 20004 20041 I Carnival-SamsungAccountManager(): loadAccountProfile
04-19 15:58:28.475 20004 20041 I Carnival-SamsungAccountManager(): queryProfile
04-19 15:58:28.478  5628  8356 D WifiNetworkFactory: got request NetworkRequest [ REQUEST id=27999, [ Capabilities: INTERNET&NOT_RESTRICTED&TRUSTED&NOT_VCN_MANAGED Uid: 10061 RequestorUid: 10061 RequestorPkg: com.samsung.android.app.spage UnderlyingNetworks: Null] ]
04-19 15:58:28.479  5628  8356 D UntrustedWifiNetworkFactory: got request NetworkRequest [ REQUEST id=27999, [ Capabilities: INTERNET&NOT_RESTRICTED&TRUSTED&NOT_VCN_MANAGED Uid: 10061 RequestorUid: 10061 RequestorPkg: com.samsung.android.app.spage UnderlyingNetworks: Null] ]
04-19 15:58:28.480  5628  8356 D OemPaidWifiNetworkFactory: got request NetworkRequest [ REQUEST id=27999, [ Capabilities: INTERNET&NOT_RESTRICTED&TRUSTED&NOT_VCN_MANAGED Uid: 10061 RequestorUid: 10061 RequestorPkg: com.samsung.android.app.spage UnderlyingNetworks: Null] ]
04-19 15:58:28.482  5628  8356 D MultiInternetWifiNetworkFactory: got request NetworkRequest [ REQUEST id=27999, [ Capabilities: INTERNET&NOT_RESTRICTED&TRUSTED&NOT_VCN_MANAGED Uid: 10061 RequestorUid: 10061 RequestorPkg: com.samsung.android.app.spage UnderlyingNetworks: Null] ]
04-19 15:58:28.482 20004 20004 I Carnival-SpageFeature(): PRD, RU, SER
04-19 15:58:28.492  5628  8367 D ConnectivityService: Rematched networks [computed 0ms] [applied 2ms] [issued 13]
04-19 15:58:28.492  5628  8367 D ConnectivityService: NetworkReassignment :
04-19 15:58:28.492  5628  8367 D ConnectivityService:   27999 : null → 128
04-19 15:58:28.500 20004 20043 I Carnival-NetworkErrorManager(): onAvailable
04-19 15:58:28.507 20004 20043 I Carnival-NetworkErrorManager(): onNetworkRecovered
04-19 15:58:28.507 19093 19588 I SamsungAccount: [ProfileProvider] getCallingPackage() : app.spage.
04-19 15:58:28.507 20004 20043 I Carnival-SamsungAccountManager(): onNetworkRecovered
04-19 15:58:28.507 19093 19588 I SamsungAccount: [AccountManagerUtil] isSamsungAccountSignedIn : true
04-19 15:58:28.507 19093 19588 I SamsungAccount: [TransactionManager] getLoginProvisioning : false
04-19 15:58:28.507 19093 19588 I SamsungAccount: [TransactionManager] isSetupWizardProvisioning
04-19 15:58:28.507 19093 19588 I SamsungAccount: [ProfilePreference] getSetupWizardProvisioningTime
04-19 15:58:28.510 20004 20043 I Carnival-SamsungAccountManager(): updateAccountAuthIfNeeded
04-19 15:58:28.516 20004 20043 I Carnival-NetworkErrorManager(): onAvailable
04-19 15:58:28.517 20004 20043 I Carnival-NetworkErrorManager(): onNetworkRecovered
04-19 15:58:28.518 20004 20043 I Carnival-SamsungAccountManager(): onNetworkRecovered
04-19 15:58:28.519 20004 20043 I Carnival-SamsungAccountManager(): updateAccountAuthIfNeeded
04-19 15:58:28.520 20004 20046 I Carnival-SamsungAccountManager(): getAccountAuthAsync
04-19 15:58:28.520 20004 20041 I Carnival-SamsungAccountManager(): getAccountAuthAsync
04-19 15:58:28.520 20004 20046 I Carnival-SamsungAccountManager(): queryAuth
04-19 15:58:28.522 20004 20046 I Carnival-SamsungAccountManager(): getAuthData
04-19 15:58:28.525 20004 20042 I Carnival-SamsungAccountService(): requestUserID
04-19 15:58:28.526 20004 20046 I Carnival-SmpManager(): initialize SMP ---
04-19 15:58:28.529 20004 20046 I SmpLog  : [SMP] init. D:false S:true, P:FCM_ONLY_MODE
04-19 15:58:28.538 20004 20039 I FA      : App measurement initialized, version: 76011
04-19 15:58:28.538 20004 20039 I FA      : To enable debug logging run: adb shell setprop log.tag.FA VERBOSE
04-19 15:58:28.539 19093 19093 I SamsungAccount: [AIDLRequestService] OnCreate Service
04-19 15:58:28.539 20004 20039 I FA      : To enable faster debug mode event logging run:
04-19 15:58:28.539 20004 20039 I FA      :   adb shell setprop debug.firebase.analytics.app com.samsung.android.app.spage
04-19 15:58:28.540 19093 19093 I SamsungAccount: [AIDLRequestService] OnBind
04-19 15:58:28.540 19093 19093 I SamsungAccount: [AIDLRequestService] [InAIDL] Service bound
04-19 15:58:28.544 19093 19588 I SamsungAccount: [TransactionManager] setupWizard done
04-19 15:58:28.558 20004 20046 I Carnival-SmpManager(): initialize success usefulInfoAgree:false
04-19 15:58:28.566 20004 20019 W libc    : Access denied finding property "sys.perf.boostopt"
04-19 15:58:28.570 20004 20046 I SmpLog  : [SMP] opt-out success. optin_time : 1636169529088
04-19 15:58:28.570 20004 20046 I Carnival-SmpManager(): SMP opt-out success
04-19 15:58:28.574  5628  5714 W libprocessgroup: Failed to open /dev/blkio//cgroup.procs: No such file or directory
04-19 15:58:28.576 20004 20044 I Carnival-SamsungAccountManager(): updated /20000031/ (23)
04-19 15:58:28.577 20004 20044 I Carnival-SamsungAccountManager(): updateAuthIfAccountIsSameUser
04-19 15:58:28.577  5628  5714 W libprocessgroup: Failed to open /dev/blkio//cgroup.procs: No such file or directory
04-19 15:58:28.577 20004 20052 I SmpLog  : [SMP] Test mode: false, v:3.2.5, com.samsung.android.app.spage
04-19 15:58:28.579 20004 20044 I Carnival-SamsungAccountManager(): same user! guid apiServerUrl can be used
04-19 15:58:28.579 20004 20052 I SmpLog  : [SMP] ptype:fcm, token:...RH (163), D:false, U:false, S:false, M:null, P:FCM_ONLY_MODE
04-19 15:58:28.580 20004 20004 I Carnival-SamsungAccountService(): requestUserAgreement : onServiceConnected start
04-19 15:58:28.581 20004 20044 I Carnival-SamsungAccountManager(): checked valid guid and apiServerUrl true
04-19 15:58:28.581 20004 20044 I Carnival-SamsungAccountManager(): updateProfile Done guid len:10
04-19 15:58:28.582 20004 20044 I Carnival-SPageApplication(): Load done samsung account data
04-19 15:58:28.585 19093 19121 I SamsungAccount: [AIDLInterfaceBinder] [InAIDL] registerCallback start
04-19 15:58:28.586 19093 19121 I SamsungAccount: [AIDLInterfaceBinder] [InAIDL] REG_CALLING_PACKAGE : app.spage.
04-19 15:58:28.586 19093 19121 I SamsungAccount: [AIDLInterfaceBinder] [InAIDL] registerCallback start. Package = app.spage.
04-19 15:58:28.586 19093 19121 I SamsungAccount: [CBM] [InAIDL-CallbackManager] registerCallback
04-19 15:58:28.586 19093 19121 I SamsungAccount: [CBM] [InAIDL-CallbackManager] checkRegisterCallbackCondition
04-19 15:58:28.586 19093 19121 I SamsungAccount: [CBM] [InAIDL-CallbackManager]getRegistrationCodeIfAlreadyRegistered
04-19 15:58:28.587 19093 19121 I SamsungAccount: [CBM] [InAIDL-CallbackManager]Success registerCallback
04-19 15:58:28.587 19093 19121 I SamsungAccount: [AIDLInterfaceBinder] [InAIDL] registerCallback end. registrationCode :Y29tLnNhbXN1bmcuYW5kcm9pZC5hcHAuc3BhZ2Uy Package = app.spage.
04-19 15:58:28.587 20004 20044 I Carnival-AppDataHandleManager(): handleAppData before:true current:true
04-19 15:58:28.587 19093 19121 I SamsungAccount: [AIDLInterfaceBinder] [InAIDL] requestAccesstoken
04-19 15:58:28.587 19093 19121 I SamsungAccount: [AIDLInterfaceBinder] [InAIDL] BundleInfo = [ additional:user_id,api_server_url,]
04-19 15:58:28.587 19093 19121 I SamsungAccount: [AIDLInterfaceBinder] [InAIDL] checkRequestCondition
04-19 15:58:28.587 19093 19121 I SamsungAccount: [CBM] [InAIDL-CallbackManager]getCallbackInfo
04-19 15:58:28.587 19093 19121 I SamsungAccount: [CBM] [InAIDL-CallbackManager]getCallbackInfo
04-19 15:58:28.587 19093 19121 I SamsungAccount: [AIDLInterfaceBinder] [InAIDL]Start AccessTokenRunnable Thread. package = app.spage.
04-19 15:58:28.588 19093 19121 I SamsungAccount: [PermissionsUtils] checkPrivilegedPhonePermissionOfCallingPackage
04-19 15:58:28.589 20004 20044 I Carnival-AppDataHandleManager(): handleData: no need to handle data
04-19 15:58:28.589 20004 20044 I Carnival-AppDataHandleManager(): saveSignInState before:truecurrent:true
04-19 15:58:28.589 20004 20044 I Carnival-ContextExt(): setSignInState true
04-19 15:58:28.590 19093 19121 I SamsungAccount: [PermissionsUtils] hasPrivilegedPhonePermission : true
04-19 15:58:28.590 19093 19121 I SamsungAccount: [CBM] [InAIDL-CallbackManager]getCallbackInfo
04-19 15:58:28.590 19093 19121 I SamsungAccount: [CBM] setCurrentRequestType :1
04-19 15:58:28.590 20004 20046 I Carnival-ConfigRepository(): [SupportedTab] update list -------> [GAME] / isTabChanged=false
04-19 15:58:28.591 20004 20046 I Carnival-AppDataHandleManager(): addAppDataHandleListener
04-19 15:58:28.592 19093 20058 I SamsungAccount: [AbstractProcessRunnable] [InAIDL-AbstractProcessRunnable]isAvailableRunningProcess start Package = app.spage.
04-19 15:58:28.595 19093 20058 I SamsungAccount: [NetworkStateUtil] == networkStateCheck == true
04-19 15:58:28.595 19093 20058 I SamsungAccount: [AccountManagerUtil] isSamsungAccountSignedIn : true
04-19 15:58:28.595 19093 20058 I SamsungAccount: [DbManagerV2] getDataState : VALID
04-19 15:58:28.595 19093 20058 I SamsungAccount: [SignatureCheckUtil] runCheckSignatureAsync
04-19 15:58:28.595 19093 20058 I SamsungAccount: [SignaturePreconditionChecker] getSignatureResult - fromSesSdk : false
04-19 15:58:28.595 19093 20058 I SamsungAccount: [SignatureInfoDbHelper] getSignatureResult - [10/26mm5][app.spage.]
04-19 15:58:28.595 19093 20058 I SamsungAccount: [SignatureInfoDbHelper] searchOnUser
04-19 15:58:28.606 19093 20058 I SamsungAccount: [SignatureInfoDbHelper] searchOnUser - [10/26mm5][app.spage.][64/3291d] => matched
04-19 15:58:28.606 19093 20058 I SamsungAccount: [SignatureInfoDbHelper] search - matched
04-19 15:58:28.606 19093 20058 I SamsungAccount: [SignatureCheckUtil] runCheckSignatureAsync(fromDb) - matched
04-19 15:58:28.606 19093 20058 I SamsungAccount: [AbstractProcessRunnable] [InAIDL-AbstractProcessRunnable]isAvailableRunningProcess end. Package = app.spage.
04-19 15:58:28.606 19093 20058 I SamsungAccount: [AccessTokenRunnable] [InAIDL-AccessTokenRunnable]runProcess start. Package = app.spage.
04-19 15:58:28.607 19093 20058 I SamsungAccount: [StateCheckUtil] isGoogleLinked = true
04-19 15:58:28.607 19093 20058 I SamsungAccount: [AccessTokenRunnable] check_basic_profile = false needToCheckServer = false
04-19 15:58:28.608 19093 20058 I SamsungAccount: [DeviceManager] salesCode : SER
04-19 15:58:28.608 19093 20058 I SamsungAccount: [DeviceManager] isNewLduProdCode : false
04-19 15:58:28.609 19093 20058 I SamsungAccount: [CountryCodeUtil] isChinaCountryCode : false
04-19 15:58:28.609 19093 20058 I SamsungAccount: [ChinaPermissionUtil] isChnSecurityPopupNeeded - false
04-19 15:58:28.612 19093 20058 I SamsungAccount: [StateCheckUtil] isChildAccount : false
04-19 15:58:28.614 19093 20058 I SamsungAccount: [AccessTokenRunnable] [InAIDL-AccessTokenRunnable]isAccessTokenReusable. Package = app.spage.
04-19 15:58:28.614 19093 20058 I SamsungAccount: [StateCheckUtil] isOverIntervalTime, renewTimeStamp = false
04-19 15:58:28.615 19093 20058 I SamsungAccount: [AccessTokenRunnable] [InAIDL-AccessTokenRunnable]checkAndSetAccessToken. Package = app.spage.
04-19 15:58:28.615 19093 20058 I SamsungAccount: [AccessToken] getAccessTokenInfo
04-19 15:58:28.616 19093 20058 I SamsungAccount: [RBIVO] getStringFormAdditionalBundleKey : expired_access_token
04-19 15:58:28.616 19093 20058 I SamsungAccount: [AccessTokenRunnable] expiredAccessToken is Empty. curTimeSec=1681912708, TimeGap=35095
04-19 15:58:28.616 19093 20058 I SamsungAccount: [AccessTokenRunnable] IsTokenReusable : true
04-19 15:58:28.616 19093 20058 I SamsungAccount: [AccessTokenRunnable] Accesstoken is reusable and isNeedToCheckServer is false
04-19 15:58:28.617 19093 20058 I SamsungAccount: [DbManagerV2] getMccFromDB
04-19 15:58:28.617 19093 20058 I SamsungAccount: [DbManagerV2] getDataV02ForItems : MCC from Cache
04-19 15:58:28.617 19093 20058 I SamsungAccount: [DataUtil] Not Skip Name Validation by accountMCC
04-19 15:58:28.617 19093 20058 I SamsungAccount: [LocalBusinessException] Not Skip Name Validation by AppId
04-19 15:58:28.617 19093 20058 I SamsungAccount: [OpenDBManager] getCheckListFromOpenDB
04-19 15:58:28.617 19093 20058 I SamsungAccount: [OpenDBManager] getTncResult
04-19 15:58:28.617 19093 20058 I SamsungAccount: [OpenDBManager] getTncCursor
04-19 15:58:28.617 19093 20058 I SamsungAccount: [OpenContentProvider]  URI : content://com.msc.openprovider.openContentProvider/tncRequest
04-19 15:58:28.617 19093 20058 I SamsungAccount: [AccountManagerUtil] isSamsungAccountSignedIn : true
04-19 15:58:28.618 19093 20058 I SamsungAccount: [SignatureCheckUtil] runCheckSignatureWithEmptyId
04-19 15:58:28.619  5628 11248 D NotificationService: NMS : getPackageImportance pkg=com.samsung.android.app.spage
04-19 15:58:28.619 19093 20058 I SamsungAccount: [SignatureCheckUtil] runCheckSignatureAsync
04-19 15:58:28.619 19093 20058 I SamsungAccount: [SignaturePreconditionChecker] getSignatureResult - fromSesSdk : true
