04-09 22:43:23.289 14051 14142 I AppMetrica-Attribution: Choosing distribution data: ClidsInfo(chosen=Candidate(clids=null, source=APP), candidates=[Candidate(clids=null, source=APP)])
04-09 22:43:23.300  6837  7268 I AppIconSolution: return adaptive icon for org.jetbrains.android_benchmark.test, isNight = true
04-09 22:43:23.336 14150 14240 W ru.yandex.mail: Method void com.yandex.metrica.impl.ob.xi.a(android.os.Bundle) failed lock verification and will run slower.
04-09 22:43:23.371 13208 14234 I GOS:SystemEventReactor: checkReservedCategory() - reservedList is null or empty!
04-09 22:43:23.393 13684 14122 D FirebasePerformance: Transport is not initialized yet, network request trace: https://public-api.uxfeedback.ru/v7/mobile/campaigns/ckhdavi6t00003b61h3crkzqw (responseCode: 200, responseTime: 1820.11ms) will be queued for to be dispatched later
04-09 22:43:23.442  6837  7268 I WidgetsModel: EasyModeWidget will be excluded on WidgetList.
04-09 22:43:23.459  6837  7268 I PostPositionOperator: addItem() - org.jetbrains.android_benchmark.test, isWidgetOnly : true
04-09 22:43:23.466  6837  7268 W PackageUpdatedTask: refreshSearchLayout return, operation is not matched
04-09 22:43:23.542  5274  5274 D Zygote  : Forked child process 14251
04-09 22:43:23.617 14251 14251 I ex.mail:Metrica: Using CollectorTypeCC GC.
04-09 22:43:23.638 14251 14251 E ex.mail:Metrica: Not starting debugger since process cannot load the jdwp agent.
04-09 22:43:23.657 14251 14251 D ActivityThread: setConscryptValidator
04-09 22:43:23.657 14251 14251 D ActivityThread: setConscryptValidator - put
04-09 22:43:23.708 14150 14235 I AppMetrica: Activate AppMetrica with APIKey 627c8edd-xxxx-xxxx-xxxx-xxxxxxxx0334
04-09 22:43:23.710 14150 14235 I AppMetrica: Activate reporter with APIKey 0e5e9c33-xxxx-xxxx-xxxx-xxxxxxxx3f72
04-09 22:43:23.721 14150 14235 I AppMetrica: Activate reporter with APIKey 67bb016b-xxxx-xxxx-xxxx-xxxxxxxx03d3
04-09 22:43:23.722 14251 14251 D CompatibilityChangeReporter: Compat change id reported: 171979766; UID 10276; state: ENABLED
04-09 22:43:23.723 14150 14235 I AppMetrica: Activate reporter with APIKey 20799a27-xxxx-xxxx-xxxx-xxxxxxxx4180
04-09 22:43:23.824 14251 14251 W ziparchive: Unable to open '/data/app/~~If5pGzMlQfEm11GfE82dBw==/ru.yandex.mail-99FI2KQysINND0qhZuIbvA==/split_config.arm64_v8a.dm': No such file or directory
04-09 22:43:23.824 14251 14251 W ziparchive: Unable to open '/data/app/~~If5pGzMlQfEm11GfE82dBw==/ru.yandex.mail-99FI2KQysINND0qhZuIbvA==/split_config.arm64_v8a.dm': No such file or directory
04-09 22:43:23.827 14251 14251 W ex.mail:Metrica: Entry not found
04-09 22:43:23.840 14251 14251 W ziparchive: Unable to open '/data/app/~~If5pGzMlQfEm11GfE82dBw==/ru.yandex.mail-99FI2KQysINND0qhZuIbvA==/split_config.xxhdpi.dm': No such file or directory
04-09 22:43:23.840 14251 14251 W ziparchive: Unable to open '/data/app/~~If5pGzMlQfEm11GfE82dBw==/ru.yandex.mail-99FI2KQysINND0qhZuIbvA==/split_config.xxhdpi.dm': No such file or directory
04-09 22:43:23.853 14251 14251 W ex.mail:Metrica: Entry not found
04-09 22:43:23.871 14251 14251 D nativeloader: Configuring classloader-namespace for other apk /data/app/~~If5pGzMlQfEm11GfE82dBw==/ru.yandex.mail-99FI2KQysINND0qhZuIbvA==/base.apk:/data/app/~~If5pGzMlQfEm11GfE82dBw==/ru.yandex.mail-99FI2KQysINND0qhZuIbvA==/split_config.arm64_v8a.apk:/data/app/~~If5pGzMlQfEm11GfE82dBw==/ru.yandex.mail-99FI2KQysINND0qhZuIbvA==/split_config.xxhdpi.apk. target_sdk_version=31, uses_libraries=, library_path=/data/app/~~If5pGzMlQfEm11GfE82dBw==/ru.yandex.mail-99FI2KQysINND0qhZuIbvA==/lib/arm64:/data/app/~~If5pGzMlQfEm11GfE82dBw==/ru.yandex.mail-99FI2KQysINND0qhZuIbvA==/base.apk!/lib/arm64-v8a:/data/app/~~If5pGzMlQfEm11GfE82dBw==/ru.yandex.mail-99FI2KQysINND0qhZuIbvA==/split_config.arm64_v8a.apk!/lib/arm64-v8a:/data/app/~~If5pGzMlQfEm11GfE82dBw==/ru.yandex.mail-99FI2KQysINND0qhZuIbvA==/split_config.xxhdpi.apk!/lib/arm64-v8a, permitted_path=/data:/mnt/expand:/data/user/0/ru.yandex.mail
04-09 22:43:23.896 14251 14251 W ex.mail:Metrica: JIT profile information will not be recorded: profile file does not exist.
04-09 22:43:23.896 14251 14251 W ex.mail:Metrica: JIT profile information will not be recorded: profile file does not exist.
04-09 22:43:23.904 12905 12905 D AppWidgetManager: partiallyUpdateAppWidget() appWidgetIds = []
04-09 22:43:24.047 14251 14251 V GraphicsEnvironment: ANGLE Developer option for 'ru.yandex.mail' set to: 'default'
04-09 22:43:24.061 14251 14251 V GraphicsEnvironment: ANGLE GameManagerService for ru.yandex.mail: false
04-09 22:43:24.062 14251 14251 V GraphicsEnvironment: Neither updatable production driver nor prerelease driver is supported.
04-09 22:43:24.080 14251 14251 D NetworkSecurityConfig: No Network Security Config specified, using platform default
04-09 22:43:24.095 14051 14168 I AppMetrica-Attribution: Choosing distribution data: ClidsInfo(chosen=Candidate(clids=null, source=APP), candidates=[Candidate(clids=null, source=APP)])
04-09 22:43:24.103 14051 14280 D TrafficStats: tagSocket(117) with statsTag=0xffffffff, statsUid=-1
04-09 22:43:24.108 14051 14280 D TrafficStats: tagSocket(117) with statsTag=0xffffffff, statsUid=-1
04-09 22:43:24.119 14051 14168 I AppMetrica-Attribution: Choosing distribution data: ClidsInfo(chosen=Candidate(clids=null, source=APP), candidates=[Candidate(clids=null, source=APP)])
04-09 22:43:24.125 14251 14251 D NetworkSecurityConfig: No Network Security Config specified, using platform default
04-09 22:43:24.142 14051 14168 I AppMetrica-Attribution: Choosing distribution data: ClidsInfo(chosen=Candidate(clids=null, source=APP), candidates=[Candidate(clids=null, source=APP)])
04-09 22:43:24.230  5665  5741 W libprocessgroup: Failed to open /dev/blkio//cgroup.procs: No such file or directory
04-09 22:43:24.242 13208 14286 I GOS:GameIntentService: onHandleIntent. GameIntentService. type: 15, pkgName: org.jetbrains.android_benchmark.test
04-09 22:43:24.250  5665  6082 I ChimeraAggressivePolicyHandler: executePolicy() - triggerSource: TRIGGER_SOURCE_LMKD
04-09 22:43:24.251  5665  6082 I ChimeraAggressivePolicyHandler: available memory: 956520, free memory target: 890880, quit chimera
04-09 22:43:24.422 14051 14279 D TrafficStats: tagSocket(117) with statsTag=0xffffffff, statsUid=-1
04-09 22:43:24.504 14051 14168 D TrafficStats: tagSocket(119) with statsTag=0xffffffff, statsUid=-1
04-09 22:43:24.505  5665  6152 D NetdEventListenerService: DNS Requested by : 100, 10124
04-09 22:43:24.590 13828 13844 W _benchmark.test: Suspending all threads took: 9.986ms
04-09 22:43:24.612 13828 13844 I _benchmark.test: Background concurrent copying GC freed 1481358(31MB) AllocSpace objects, 0(0B) LOS objects, 50% free, 18MB/37MB, paused 268us,10.329ms total 64.981ms
04-09 22:43:24.634 13208 14286 I GOS:GameIntentService: onPackageChanged(). extras: Bundle[{changeType=8, userId=0, pkgName=org.jetbrains.android_benchmark.test, type=15, packageName=org.jetbrains.android_benchmark.test}]
04-09 22:43:24.634 13208 14286 I GOS:GameIntentService: onPackageChanged(). changeType(REPLACED), pkgName(org.jetbrains.android_benchmark.test), UserHandle(0), userId(0), Installed(true)
04-09 22:43:24.691  5665  8234 D PackageManager: setEnabledSetting : userId = 0 packageName = ru.yandex.mail cmp = androidx.work.impl.background.systemjob.SystemJobService newState = 1 callingPackage = 10276/ru.yandex.mail
04-09 22:43:24.693  5665  8234 D ApplicationPolicy: getApplicationStateEnabled : pkg = ru.yandex.mail userId : 0
04-09 22:43:24.695  5665  8234 D ApplicationPolicy: getApplicationComponentState : pkg = ru.yandex.mail userId : 0
04-09 22:43:24.714  5665  6404 D ApplicationPolicy: isStatusBarNotificationAllowedAsUser: packageName = ru.mail.mailapp,userId = 0
04-09 22:43:24.718  5665  6404 D ApplicationPolicy: isStatusBarNotificationAllowedAsUser: packageName = ru.mail.mailapp,userId = 0
04-09 22:43:24.737  5665  6404 D ApplicationPolicy: isStatusBarNotificationAllowedAsUser: packageName = ru.mail.mailapp,userId = 0
04-09 22:43:24.740  5665  6404 D ApplicationPolicy: isStatusBarNotificationAllowedAsUser: packageName = ru.mail.mailapp,userId = 0
04-09 22:43:24.760  5665  6047 W SearchableInfo: Invalid searchable metadata for com.samsung.android.messaging/.ui.view.recipientspicker.PickerActivity: Search label must be a resource reference.
04-09 22:43:24.845 14051 14279 D TrafficStats: tagSocket(122) with statsTag=0xffffffff, statsUid=-1
04-09 22:43:24.872  5665  8773 D ApplicationPolicy: isStatusBarNotificationAllowedAsUser: packageName = ru.mail.mailapp,userId = 0
04-09 22:43:24.875  5665  8773 D ApplicationPolicy: isStatusBarNotificationAllowedAsUser: packageName = ru.mail.mailapp,userId = 0
04-09 22:43:24.937  5665  5739 I libprocessgroup: Successfully killed process cgroup uid 10222 pid 11858 in 0ms
04-09 22:43:25.004  6837  6837 I Launcher.NotificationListener: onNotificationPosted : ru.mail.mailapp number : 0
04-09 22:43:25.007  6210  6210 I FreeformContainer: [SmartPopupViewService] onNotificationPosted: StatusBarNotification(pkg=ru.mail.mailapp user=UserHandle{0} id=1073741824 tag=zhelenskiy@mail.ru key=0|ru.mail.mailapp|1073741824|zhelenskiy@mail.ru|10221: Notification(channel=zhelenskiy@mail.ru_new_message_channel_id shortcut=null contentView=null vibrate=null sound=null defaults=0x0 flags=0x219 color=0xff297bef groupKey=zhelenskiy@mail.ru actions=1 vis=PRIVATE publicVersion=Notification(channel=zhelenskiy@mail.ru_new_message_channel_id shortcut=null contentView=null vibrate=null sound=null defaults=0x0 flags=0x0 color=0xff297bef vis=PRIVATE semFlags=0x0 semPriority=0 semMissedCount=0) semFlags=0x0 semPriority=0 semMissedCount=0))
04-09 22:43:25.007  6210  6210 V FreeformContainer: [SmartPopupViewService] isSmartPopupViewTarget: ru.mail.mailapp is not enabled
04-09 22:43:25.012  6837  7268 I Launcher.NotificationListener: notificationIsValidForUI : ru.mail.mailapp missingTitleAndText : false isGroupHeader : true
04-09 22:43:25.014  6284  6284 D SecPowerUI.Notification: showChargingNotice oldChargingType : 11 currentChargingType : 11 oldChargingTime : 3895000 mChargingTime : 3895000
04-09 22:43:25.014  6284  6284 D SecPowerUI.Notification: There is no change about charging status, so return!
04-09 22:43:25.017  6284  6284 D InterruptionStateProvider: Group alert behavior is suppressed but we want to alert bubble
04-09 22:43:25.018  6284  6284 D BubblesManager: onRankingUpdate : shouldBubbleUp=false ,pkg=com.samsung.android.messaging ,key=0|com.samsung.android.messaging|123|com.samsung.android.messaging:GROUP_RECEIVED:|10115
04-09 22:43:25.018  6284  6284 D BubblesManager: onRankingUpdate : shouldBubbleUp=false ,pkg=com.samsung.android.messaging ,key=0|com.samsung.android.messaging|123|com.samsung.android.messaging:MESSAGE_RECEIVED:138|10115
04-09 22:43:25.018  6284  6284 D InterruptionStateProvider: Group alert behavior is suppressed but we want to alert bubble
04-09 22:43:25.018  6284  6284 D BubblesManager: onRankingUpdate : shouldBubbleUp=false ,pkg=com.samsung.android.messaging ,key=0|com.samsung.android.messaging|123|com.samsung.android.messaging:MESSAGE_RECEIVED:141|10115
04-09 22:43:25.018  6284  6284 D BubblesManager: onRankingUpdate : shouldBubbleUp=false ,pkg=android ,key=-1|android|34|NetworkPolicy:945656281:34|1000
04-09 22:43:25.018  6284  6284 D BubblesManager: onRankingUpdate : shouldBubbleUp=false ,pkg=com.kms.free ,key=0|com.kms.free|42|null|10299
04-09 22:43:25.018  6284  6284 D BubblesManager: onRankingUpdate : shouldBubbleUp=false ,pkg=com.sec.android.app.shealth ,key=0|com.sec.android.app.shealth|105|null|10256
04-09 22:43:25.019  6284  6284 D BubblesManager: onRankingUpdate : shouldBubbleUp=false ,pkg=com.kms.free ,key=0|com.kms.free|1|null|10299
04-09 22:43:25.019  6284  6284 D BubblesManager: onRankingUpdate : shouldBubbleUp=false ,pkg=mrigapps.andriod.breakfree.deux ,key=0|mrigapps.andriod.breakfree.deux|2|null|10506
04-09 22:43:25.019  6284  6284 D BubblesManager: onRankingUpdate : shouldBubbleUp=false ,pkg=com.android.providers.downloads ,key=0|com.android.providers.downloads|0|3:1244|10068
04-09 22:43:25.019  6284  6284 D BubblesManager: onRankingUpdate : shouldBubbleUp=false ,pkg=android ,key=0|android|38|AccountManagerService:38:-904454848:838749127:10427|1000
04-09 22:43:25.019  6284  6284 D BubblesManager: onRankingUpdate : shouldBubbleUp=false ,pkg=null ,key=0|ru.mail.mailapp|1073741824|zhelenskiy@mail.ru|10221
04-09 22:43:25.019  6284  6284 D InterruptionStateProvider: Group alert behavior is suppressed but we want to alert bubble
04-09 22:43:25.019  6284  6284 D BubblesManager: onRankingUpdate : shouldBubbleUp=false ,pkg=com.google.android.googlequicksearchbox ,key=0|com.google.android.googlequicksearchbox|0|-1997195081::SUMMARY::wx|10233
04-09 22:43:25.020  6284  6284 D BubblesManager: onRankingUpdate : shouldBubbleUp=false ,pkg=com.google.android.googlequicksearchbox ,key=0|com.google.android.googlequicksearchbox|0|-1997195081::a:snotification:[0x394,wx.f,NOTIFICATION]|10233
04-09 22:43:25.020  6284  6284 D BubblesManager: onRankingUpdate : shouldBubbleUp=false ,pkg=android ,key=-1|android|27|null|1000
04-09 22:43:25.020  6284  6284 D BubblesManager: onRankingUpdate : shouldBubbleUp=false ,pkg=com.android.systemui ,key=-1|com.android.systemui|2131428959|charging_state|10054
04-09 22:43:25.021  9619 10534 I NotificationPipeline: Processing new notification: 0|ru.mail.mailapp|1073741824|zhelenskiy@mail.ru|10221
04-09 22:43:25.021  6284  6315 D Bubbles : onRankingUpdated : isActiveOrInOverflow= false , mTmpRanking.canBubble()= false ,isActive= false ,shouldBubbleUp= false ,mTmpRanking.isBubble()= false
04-09 22:43:25.021  6284  6315 D Bubbles : onRankingUpdated : isActiveOrInOverflow= false , mTmpRanking.canBubble()= false ,isActive= false ,shouldBubbleUp= false ,mTmpRanking.isBubble()= false
04-09 22:43:25.022  6284  6315 D Bubbles : onRankingUpdated : isActiveOrInOverflow= false , mTmpRanking.canBubble()= false ,isActive= false ,shouldBubbleUp= false ,mTmpRanking.isBubble()= false
04-09 22:43:25.022  6284  6315 D Bubbles : onRankingUpdated : isActiveOrInOverflow= false , mTmpRanking.canBubble()= false ,isActive= false ,shouldBubbleUp= false ,mTmpRanking.isBubble()= false
04-09 22:43:25.022  6284  6315 D Bubbles : onRankingUpdated : isActiveOrInOverflow= false , mTmpRanking.canBubble()= false ,isActive= false ,shouldBubbleUp= false ,mTmpRanking.isBubble()= false
04-09 22:43:25.022  6284  6315 D Bubbles : onRankingUpdated : isActiveOrInOverflow= false , mTmpRanking.canBubble()= false ,isActive= false ,shouldBubbleUp= false ,mTmpRanking.isBubble()= false
04-09 22:43:25.022  6284  6315 D Bubbles : onRankingUpdated : isActiveOrInOverflow= false , mTmpRanking.canBubble()= false ,isActive= false ,shouldBubbleUp= false ,mTmpRanking.isBubble()= false
04-09 22:43:25.022  6284  6315 D Bubbles : onRankingUpdated : isActiveOrInOverflow= false , mTmpRanking.canBubble()= false ,isActive= false ,shouldBubbleUp= false ,mTmpRanking.isBubble()= false
04-09 22:43:25.022  6284  6315 D Bubbles : onRankingUpdated : isActiveOrInOverflow= false , mTmpRanking.canBubble()= false ,isActive= false ,shouldBubbleUp= false ,mTmpRanking.isBubble()= false
04-09 22:43:25.023  6284  6315 D Bubbles : onRankingUpdated : isActiveOrInOverflow= false , mTmpRanking.canBubble()= false ,isActive= false ,shouldBubbleUp= false ,mTmpRanking.isBubble()= false
04-09 22:43:25.023  6284  6315 D Bubbles : onRankingUpdated : isActiveOrInOverflow= false , mTmpRanking.canBubble()= false ,isActive= false ,shouldBubbleUp= false ,mTmpRanking.isBubble()= false
04-09 22:43:25.023  6284  6315 D Bubbles : onRankingUpdated : isActiveOrInOverflow= false , mTmpRanking.canBubble()= false ,isActive= false ,shouldBubbleUp= false ,mTmpRanking.isBubble()= false
04-09 22:43:25.023  6284  6315 D Bubbles : onRankingUpdated : isActiveOrInOverflow= false , mTmpRanking.canBubble()= false ,isActive= false ,shouldBubbleUp= false ,mTmpRanking.isBubble()= false
04-09 22:43:25.023  6284  6315 D Bubbles : onRankingUpdated : isActiveOrInOverflow= false , mTmpRanking.canBubble()= false ,isActive= false ,shouldBubbleUp= false ,mTmpRanking.isBubble()= false
04-09 22:43:25.023  6284  6315 D Bubbles : onRankingUpdated : isActiveOrInOverflow= false , mTmpRanking.canBubble()= false ,isActive= false ,shouldBubbleUp= false ,mTmpRanking.isBubble()= false
04-09 22:43:25.024  9619 10534 E Notification4Heart_NB: WatchFactory.getWatch-lastConnectedNodeId is null
04-09 22:43:25.031  9619 10534 W Notification4Heart_NB: NotificationBridgeCallback.onNotificationPosted-never connected before
04-09 22:43:25.033 14150 14150 D CompatibilityChangeReporter: Compat change id reported: 160794467; UID 10276; state: ENABLED
04-09 22:43:25.050  6837  6837 I Launcher.NotificationListener: onNotificationPosted : ru.mail.mailapp number : 0
04-09 22:43:25.055  6837  7268 I Launcher.NotificationListener: notificationIsValidForUI : ru.mail.mailapp missingTitleAndText : false isGroupHeader : false
04-09 22:43:25.074  6284  6284 D InterruptionStateProvider: Group alert behavior is suppressed but we want to alert bubble
04-09 22:43:25.074  6284  6284 D BubblesManager: onRankingUpdate : shouldBubbleUp=false ,pkg=com.samsung.android.messaging ,key=0|com.samsung.android.messaging|123|com.samsung.android.messaging:GROUP_RECEIVED:|10115
04-09 22:43:25.075  6284  6284 D BubblesManager: onRankingUpdate : shouldBubbleUp=false ,pkg=com.samsung.android.messaging ,key=0|com.samsung.android.messaging|123|com.samsung.android.messaging:MESSAGE_RECEIVED:138|10115
04-09 22:43:25.075  6284  6284 D InterruptionStateProvider: Group alert behavior is suppressed but we want to alert bubble
04-09 22:43:25.075  6284  6284 D BubblesManager: onRankingUpdate : shouldBubbleUp=false ,pkg=com.samsung.android.messaging ,key=0|com.samsung.android.messaging|123|com.samsung.android.messaging:MESSAGE_RECEIVED:141|10115
04-09 22:43:25.075  6284  6284 D BubblesManager: onRankingUpdate : shouldBubbleUp=false ,pkg=android ,key=-1|android|34|NetworkPolicy:945656281:34|1000
04-09 22:43:25.075  6284  6284 D BubblesManager: onRankingUpdate : shouldBubbleUp=false ,pkg=com.kms.free ,key=0|com.kms.free|42|null|10299
04-09 22:43:25.075  6284  6284 D BubblesManager: onRankingUpdate : shouldBubbleUp=false ,pkg=com.sec.android.app.shealth ,key=0|com.sec.android.app.shealth|105|null|10256
04-09 22:43:25.075  6284  6284 D BubblesManager: onRankingUpdate : shouldBubbleUp=false ,pkg=com.kms.free ,key=0|com.kms.free|1|null|10299
04-09 22:43:25.075  6210  6210 I FreeformContainer: [SmartPopupViewService] onNotificationPosted: StatusBarNotification(pkg=ru.mail.mailapp user=UserHandle{0} id=1291137120 tag=zhelenskiy@mail.ru key=0|ru.mail.mailapp|1291137120|zhelenskiy@mail.ru|10221: Notification(channel=zhelenskiy@mail.ru_new_message_channel_id shortcut=null contentView=null vibrate=null sound=null defaults=0x0 flags=0x11 color=0xff297bef groupKey=zhelenskiy@mail.ru actions=3 vis=PRIVATE publicVersion=Notification(channel=zhelenskiy@mail.ru_new_message_channel_id shortcut=null contentView=null vibrate=null sound=null defaults=0x0 flags=0x0 color=0xff297bef vis=PRIVATE semFlags=0x0 semPriority=0 semMissedCount=0) semFlags=0x0 semPriority=0 semMissedCount=0))
04-09 22:43:25.075  6284  6284 D BubblesManager: onRankingUpdate : shouldBubbleUp=false ,pkg=mrigapps.andriod.breakfree.deux ,key=0|mrigapps.andriod.breakfree.deux|2|null|10506
04-09 22:43:25.076  6284  6284 D BubblesManager: onRankingUpdate : shouldBubbleUp=false ,pkg=com.android.providers.downloads ,key=0|com.android.providers.downloads|0|3:1244|10068
04-09 22:43:25.076  6210  6210 V FreeformContainer: [SmartPopupViewService] isSmartPopupViewTarget: ru.mail.mailapp is not enabled
04-09 22:43:25.076  6284  6284 D BubblesManager: onRankingUpdate : shouldBubbleUp=false ,pkg=null ,key=0|ru.mail.mailapp|1073741824|zhelenskiy@mail.ru|10221
04-09 22:43:25.076  6284  6284 D BubblesManager: onRankingUpdate : shouldBubbleUp=false ,pkg=null ,key=0|ru.mail.mailapp|1291137120|zhelenskiy@mail.ru|10221
04-09 22:43:25.076  6284  6284 D BubblesManager: onRankingUpdate : shouldBubbleUp=false ,pkg=android ,key=0|android|38|AccountManagerService:38:-904454848:838749127:10427|1000
04-09 22:43:25.076  6284  6284 D InterruptionStateProvider: Group alert behavior is suppressed but we want to alert bubble
04-09 22:43:25.076  6284  6284 D BubblesManager: onRankingUpdate : shouldBubbleUp=false ,pkg=com.google.android.googlequicksearchbox ,key=0|com.google.android.googlequicksearchbox|0|-1997195081::SUMMARY::wx|10233
04-09 22:43:25.076  6284  6284 D BubblesManager: onRankingUpdate : shouldBubbleUp=false ,pkg=com.google.android.googlequicksearchbox ,key=0|com.google.android.googlequicksearchbox|0|-1997195081::a:snotification:[0x394,wx.f,NOTIFICATION]|10233
04-09 22:43:25.076  6284  6284 D BubblesManager: onRankingUpdate : shouldBubbleUp=false ,pkg=android ,key=-1|android|27|null|1000
04-09 22:43:25.076  6284  6284 D BubblesManager: onRankingUpdate : shouldBubbleUp=false ,pkg=com.android.systemui ,key=-1|com.android.systemui|2131428959|charging_state|10054
04-09 22:43:25.077  6284  6315 D Bubbles : onRankingUpdated : isActiveOrInOverflow= false , mTmpRanking.canBubble()= false ,isActive= false ,shouldBubbleUp= false ,mTmpRanking.isBubble()= false
04-09 22:43:25.077  6284  6315 D Bubbles : onRankingUpdated : isActiveOrInOverflow= false , mTmpRanking.canBubble()= false ,isActive= false ,shouldBubbleUp= false ,mTmpRanking.isBubble()= false
04-09 22:43:25.077  6284  6315 D Bubbles : onRankingUpdated : isActiveOrInOverflow= false , mTmpRanking.canBubble()= false ,isActive= false ,shouldBubbleUp= false ,mTmpRanking.isBubble()= false
04-09 22:43:25.077  6284  6315 D Bubbles : onRankingUpdated : isActiveOrInOverflow= false , mTmpRanking.canBubble()= false ,isActive= false ,shouldBubbleUp= false ,mTmpRanking.isBubble()= false
04-09 22:43:25.077  6284  6315 D Bubbles : onRankingUpdated : isActiveOrInOverflow= false , mTmpRanking.canBubble()= false ,isActive= false ,shouldBubbleUp= false ,mTmpRanking.isBubble()= false
04-09 22:43:25.077  6284  6315 D Bubbles : onRankingUpdated : isActiveOrInOverflow= false , mTmpRanking.canBubble()= false ,isActive= false ,shouldBubbleUp= false ,mTmpRanking.isBubble()= false
04-09 22:43:25.078  6284  6315 D Bubbles : onRankingUpdated : isActiveOrInOverflow= false , mTmpRanking.canBubble()= false ,isActive= false ,shouldBubbleUp= false ,mTmpRanking.isBubble()= false
04-09 22:43:25.078  6284  6315 D Bubbles : onRankingUpdated : isActiveOrInOverflow= false , mTmpRanking.canBubble()= false ,isActive= false ,shouldBubbleUp= false ,mTmpRanking.isBubble()= false
04-09 22:43:25.078  6284  6315 D Bubbles : onRankingUpdated : isActiveOrInOverflow= false , mTmpRanking.canBubble()= false ,isActive= false ,shouldBubbleUp= false ,mTmpRanking.isBubble()= false
04-09 22:43:25.078  6284  6315 D Bubbles : onRankingUpdated : isActiveOrInOverflow= false , mTmpRanking.canBubble()= false ,isActive= false ,shouldBubbleUp= false ,mTmpRanking.isBubble()= false
04-09 22:43:25.078  6284  6315 D Bubbles : onRankingUpdated : isActiveOrInOverflow= false , mTmpRanking.canBubble()= false ,isActive= false ,shouldBubbleUp= false ,mTmpRanking.isBubble()= false
04-09 22:43:25.078  6284  6315 D Bubbles : onRankingUpdated : isActiveOrInOverflow= false , mTmpRanking.canBubble()= false ,isActive= false ,shouldBubbleUp= false ,mTmpRanking.isBubble()= false
04-09 22:43:25.079  6284  6315 D Bubbles : onRankingUpdated : isActiveOrInOverflow= false , mTmpRanking.canBubble()= false ,isActive= false ,shouldBubbleUp= false ,mTmpRanking.isBubble()= false
04-09 22:43:25.079  6284  6315 D Bubbles : onRankingUpdated : isActiveOrInOverflow= false , mTmpRanking.canBubble()= false ,isActive= false ,shouldBubbleUp= false ,mTmpRanking.isBubble()= false
04-09 22:43:25.079  6284  6315 D Bubbles : onRankingUpdated : isActiveOrInOverflow= false , mTmpRanking.canBubble()= false ,isActive= false ,shouldBubbleUp= false ,mTmpRanking.isBubble()= false
04-09 22:43:25.079  6284  6315 D Bubbles : onRankingUpdated : isActiveOrInOverflow= false , mTmpRanking.canBubble()= false ,isActive= false ,shouldBubbleUp= false ,mTmpRanking.isBubble()= false
04-09 22:43:25.090  9619 10534 I NotificationPipeline: Processing new notification: 0|ru.mail.mailapp|1291137120|zhelenskiy@mail.ru|10221
04-09 22:43:25.090  9619 10534 E Notification4Heart_NB: WatchFactory.getWatch-lastConnectedNodeId is null
04-09 22:43:25.091  9619 10534 W Notification4Heart_NB: NotificationBridgeCallback.onNotificationPosted-never connected before
04-09 22:43:25.228  5665  5680 I system_server: Background concurrent copying GC freed 447215(21MB) AllocSpace objects, 71(2276KB) LOS objects, 20% free, 92MB/116MB, paused 706us,825us total 946.271ms
04-09 22:43:25.235  6210  6210 I FreeformContainer: [SmartPopupViewService] onNotificationPosted: StatusBarNotification(pkg=ru.mail.mailapp user=UserHandle{0} id=406243825 tag=zhelenskiy@mail.ru key=0|ru.mail.mailapp|406243825|zhelenskiy@mail.ru|10221: Notification(channel=zhelenskiy@mail.ru_new_message_channel_id shortcut=null contentView=null vibrate=null sound=null defaults=0x0 flags=0x11 color=0xff297bef groupKey=zhelenskiy@mail.ru actions=3 vis=PRIVATE publicVersion=Notification(channel=zhelenskiy@mail.ru_new_message_channel_id shortcut=null contentView=null vibrate=null sound=null defaults=0x0 flags=0x0 color=0xff297bef vis=PRIVATE semFlags=0x0 semPriority=0 semMissedCount=0) semFlags=0x0 semPriority=0 semMissedCount=0))
04-09 22:43:25.235  6210  6210 V FreeformContainer: [SmartPopupViewService] isSmartPopupViewTarget: ru.mail.mailapp is not enabled
04-09 22:43:25.238  9619 10534 I NotificationPipeline: Processing new notification: 0|ru.mail.mailapp|406243825|zhelenskiy@mail.ru|10221
04-09 22:43:25.239  9619 10534 E Notification4Heart_NB: WatchFactory.getWatch-lastConnectedNodeId is null
04-09 22:43:25.240  9619 10534 W Notification4Heart_NB: NotificationBridgeCallback.onNotificationPosted-never connected before
04-09 22:43:25.241  6837  6837 I Launcher.NotificationListener: onNotificationPosted : ru.mail.mailapp number : 0
04-09 22:43:25.242  6837  7268 I Launcher.NotificationListener: notificationIsValidForUI : ru.mail.mailapp missingTitleAndText : false isGroupHeader : false
04-09 22:43:25.243  6284  6284 D InterruptionStateProvider: Group alert behavior is suppressed but we want to alert bubble
04-09 22:43:25.243  6284  6284 D BubblesManager: onRankingUpdate : shouldBubbleUp=false ,pkg=com.samsung.android.messaging ,key=0|com.samsung.android.messaging|123|com.samsung.android.messaging:GROUP_RECEIVED:|10115
04-09 22:43:25.244  6284  6284 D BubblesManager: onRankingUpdate : shouldBubbleUp=false ,pkg=com.samsung.android.messaging ,key=0|com.samsung.android.messaging|123|com.samsung.android.messaging:MESSAGE_RECEIVED:138|10115
04-09 22:43:25.244  6284  6284 D InterruptionStateProvider: Group alert behavior is suppressed but we want to alert bubble
04-09 22:43:25.244  6284  6284 D BubblesManager: onRankingUpdate : shouldBubbleUp=false ,pkg=com.samsung.android.messaging ,key=0|com.samsung.android.messaging|123|com.samsung.android.messaging:MESSAGE_RECEIVED:141|10115
04-09 22:43:25.244  6284  6284 D BubblesManager: onRankingUpdate : shouldBubbleUp=false ,pkg=android ,key=-1|android|34|NetworkPolicy:945656281:34|1000
04-09 22:43:25.244  6284  6284 D BubblesManager: onRankingUpdate : shouldBubbleUp=false ,pkg=com.kms.free ,key=0|com.kms.free|42|null|10299
04-09 22:43:25.244  6284  6284 D BubblesManager: onRankingUpdate : shouldBubbleUp=false ,pkg=com.sec.android.app.shealth ,key=0|com.sec.android.app.shealth|105|null|10256
04-09 22:43:25.244  6284  6284 D BubblesManager: onRankingUpdate : shouldBubbleUp=false ,pkg=com.kms.free ,key=0|com.kms.free|1|null|10299
04-09 22:43:25.244  6284  6284 D BubblesManager: onRankingUpdate : shouldBubbleUp=false ,pkg=mrigapps.andriod.breakfree.deux ,key=0|mrigapps.andriod.breakfree.deux|2|null|10506
04-09 22:43:25.244  6284  6284 D BubblesManager: onRankingUpdate : shouldBubbleUp=false ,pkg=com.android.providers.downloads ,key=0|com.android.providers.downloads|0|3:1244|10068
04-09 22:43:25.245  6284  6284 D BubblesManager: onRankingUpdate : shouldBubbleUp=false ,pkg=null ,key=0|ru.mail.mailapp|1073741824|zhelenskiy@mail.ru|10221
04-09 22:43:25.245  6284  6284 D BubblesManager: onRankingUpdate : shouldBubbleUp=false ,pkg=null ,key=0|ru.mail.mailapp|1291137120|zhelenskiy@mail.ru|10221
04-09 22:43:25.245  6284  6284 D BubblesManager: onRankingUpdate : shouldBubbleUp=false ,pkg=null ,key=0|ru.mail.mailapp|406243825|zhelenskiy@mail.ru|10221
04-09 22:43:25.245  6284  6284 D BubblesManager: onRankingUpdate : shouldBubbleUp=false ,pkg=android ,key=0|android|38|AccountManagerService:38:-904454848:838749127:10427|1000
04-09 22:43:25.245  6284  6284 D InterruptionStateProvider: Group alert behavior is suppressed but we want to alert bubble
04-09 22:43:25.245  6284  6284 D BubblesManager: onRankingUpdate : shouldBubbleUp=false ,pkg=com.google.android.googlequicksearchbox ,key=0|com.google.android.googlequicksearchbox|0|-1997195081::SUMMARY::wx|10233
04-09 22:43:25.245  6284  6284 D BubblesManager: onRankingUpdate : shouldBubbleUp=false ,pkg=com.google.android.googlequicksearchbox ,key=0|com.google.android.googlequicksearchbox|0|-1997195081::a:snotification:[0x394,wx.f,NOTIFICATION]|10233
04-09 22:43:25.245  6284  6284 D BubblesManager: onRankingUpdate : shouldBubbleUp=false ,pkg=android ,key=-1|android|27|null|1000
04-09 22:43:25.245  6284  6284 D BubblesManager: onRankingUpdate : shouldBubbleUp=false ,pkg=com.android.systemui ,key=-1|com.android.systemui|2131428959|charging_state|10054
04-09 22:43:25.246  6284  6315 D Bubbles : onRankingUpdated : isActiveOrInOverflow= false , mTmpRanking.canBubble()= false ,isActive= false ,shouldBubbleUp= false ,mTmpRanking.isBubble()= false
04-09 22:43:25.246  6284  6315 D Bubbles : onRankingUpdated : isActiveOrInOverflow= false , mTmpRanking.canBubble()= false ,isActive= false ,shouldBubbleUp= false ,mTmpRanking.isBubble()= false
04-09 22:43:25.246  6284  6315 D Bubbles : onRankingUpdated : isActiveOrInOverflow= false , mTmpRanking.canBubble()= false ,isActive= false ,shouldBubbleUp= false ,mTmpRanking.isBubble()= false
04-09 22:43:25.246  6284  6315 D Bubbles : onRankingUpdated : isActiveOrInOverflow= false , mTmpRanking.canBubble()= false ,isActive= false ,shouldBubbleUp= false ,mTmpRanking.isBubble()= false
04-09 22:43:25.246  6284  6315 D Bubbles : onRankingUpdated : isActiveOrInOverflow= false , mTmpRanking.canBubble()= false ,isActive= false ,shouldBubbleUp= false ,mTmpRanking.isBubble()= false
04-09 22:43:25.247  6284  6315 D Bubbles : onRankingUpdated : isActiveOrInOverflow= false , mTmpRanking.canBubble()= false ,isActive= false ,shouldBubbleUp= false ,mTmpRanking.isBubble()= false
04-09 22:43:25.247  6284  6315 D Bubbles : onRankingUpdated : isActiveOrInOverflow= false , mTmpRanking.canBubble()= false ,isActive= false ,shouldBubbleUp= false ,mTmpRanking.isBubble()= false
04-09 22:43:25.247  6284  6315 D Bubbles : onRankingUpdated : isActiveOrInOverflow= false , mTmpRanking.canBubble()= false ,isActive= false ,shouldBubbleUp= false ,mTmpRanking.isBubble()= false
04-09 22:43:25.247  6284  6315 D Bubbles : onRankingUpdated : isActiveOrInOverflow= false , mTmpRanking.canBubble()= false ,isActive= false ,shouldBubbleUp= false ,mTmpRanking.isBubble()= false
04-09 22:43:25.247  6284  6315 D Bubbles : onRankingUpdated : isActiveOrInOverflow= false , mTmpRanking.canBubble()= false ,isActive= false ,shouldBubbleUp= false ,mTmpRanking.isBubble()= false
04-09 22:43:25.247  6284  6315 D Bubbles : onRankingUpdated : isActiveOrInOverflow= false , mTmpRanking.canBubble()= false ,isActive= false ,shouldBubbleUp= false ,mTmpRanking.isBubble()= false
04-09 22:43:25.247  6284  6315 D Bubbles : onRankingUpdated : isActiveOrInOverflow= false , mTmpRanking.canBubble()= false ,isActive= false ,shouldBubbleUp= false ,mTmpRanking.isBubble()= false
04-09 22:43:25.248  6284  6315 D Bubbles : onRankingUpdated : isActiveOrInOverflow= false , mTmpRanking.canBubble()= false ,isActive= false ,shouldBubbleUp= false ,mTmpRanking.isBubble()= false
04-09 22:43:25.248  6284  6315 D Bubbles : onRankingUpdated : isActiveOrInOverflow= false , mTmpRanking.canBubble()= false ,isActive= false ,shouldBubbleUp= false ,mTmpRanking.isBubble()= false
04-09 22:43:25.248  6284  6315 D Bubbles : onRankingUpdated : isActiveOrInOverflow= false , mTmpRanking.canBubble()= false ,isActive= false ,shouldBubbleUp= false ,mTmpRanking.isBubble()= false
04-09 22:43:25.248  6284  6315 D Bubbles : onRankingUpdated : isActiveOrInOverflow= false , mTmpRanking.canBubble()= false ,isActive= false ,shouldBubbleUp= false ,mTmpRanking.isBubble()= false
04-09 22:43:25.248  6284  6315 D Bubbles : onRankingUpdated : isActiveOrInOverflow= false , mTmpRanking.canBubble()= false ,isActive= false ,shouldBubbleUp= false ,mTmpRanking.isBubble()= false
04-09 22:43:25.290 14051 14067 W System  : A resource failed to call close.
04-09 22:43:25.291 14051 14067 W System  : A resource failed to call close.
04-09 22:43:25.292 14051 14067 W System  : A resource failed to call close.
04-09 22:43:25.369  5665  6152 D NetdEventListenerService: DNS Requested by : 100, 10276
04-09 22:43:25.380 14150 14312 D TrafficStats: tagSocket(99) with statsTag=0xffffffff, statsUid=-1
04-09 22:43:25.397  5665  5682 W System  : A resource failed to call end.
04-09 22:43:25.400  5665  5682 W System  : A resource failed to call release.
04-09 22:43:25.436  5665  5682 W System  : A resource failed to call HardwareBuffer.close.
04-09 22:43:25.448  6284  6284 D BubblesManager: onEntryAdded : bubbleEntryAdded=false
04-09 22:43:25.451  6284  6284 D InterruptionStateProvider: Group alert behavior is suppressed but we want to alert bubble
04-09 22:43:25.452  6284  6284 D BubblesManager: onEntryAdded : bubbleEntryAdded=false
04-09 22:43:25.459  6284  6284 D InterruptionStateProvider: Group alert behavior is suppressed but we want to alert bubble
04-09 22:43:25.459  6284  6284 D BubblesManager: onEntryAdded : bubbleEntryAdded=false
04-09 22:43:25.624  5665  6408 D ConnectivityService: ConnectivityService NetworkRequestInfo binderDied(uid/pid:10222/11858, [NetworkRequest [ REQUEST id=532, [ Capabilities: INTERNET&NOT_RESTRICTED&TRUSTED&NOT_VCN_MANAGED Uid: 10222 RequestorUid: 10222 RequestorPkg: ru.yandex.searchplugin UnderlyingNetworks: Null] ]], android.os.BinderProxy@88e39f4)
04-09 22:43:25.625  5665  6036 D ConnectivityService: releasing NetworkRequest [ REQUEST id=532, [ Capabilities: INTERNET&NOT_RESTRICTED&TRUSTED&NOT_VCN_MANAGED Uid: 10222 RequestorUid: 10222 RequestorPkg: ru.yandex.searchplugin UnderlyingNetworks: Null] ] (release request)
04-09 22:43:25.626  5665  6036 D ConnectivityService:  Removing from current network [100 CELLULAR], leaving 140 requests.
04-09 22:43:25.676  5274  5274 I Zygote  : Process 11858 exited due to signal 9 (Killed)
04-09 22:43:25.882  7623 11673 I WearableConn: Connecting to "Galaxy Watch5 Pro (MJNP)"
04-09 22:43:25.887  7623 11673 I BluetoothSocket: connect() for device 645DF4_1 called by pid: 7623
04-09 22:43:25.970  6634  7262 W btm_acl : Unable to find active acl
04-09 22:43:25.975  6284  6284 D PluginInstanceManager: startListening
04-09 22:43:25.976  6284  6421 D PluginInstanceManager: queryAll com.android.systemui.action.PLUGIN_NOTIFICATION_MENU_ROW
04-09 22:43:25.978  6284  6421 D PluginInstanceManager: Found 0 plugins
04-09 22:43:25.982  6284  6284 D PluginInstanceManager: startListening
04-09 22:43:25.982  6284  6421 D PluginInstanceManager: queryAll com.android.systemui.action.PLUGIN_NOTIFICATION_MENU_ROW
04-09 22:43:25.984  6284  6421 D PluginInstanceManager: Found 0 plugins
04-09 22:43:25.985  6634  7262 W bt_stack: create_connection :: EnqueueCommand
04-09 22:43:26.061  6284  6284 D PluginInstanceManager: startListening
04-09 22:43:26.062  6284  6421 D PluginInstanceManager: queryAll com.android.systemui.action.PLUGIN_NOTIFICATION_MENU_ROW
04-09 22:43:26.063  6284  6421 D PluginInstanceManager: Found 0 plugins
04-09 22:43:26.147 14251 14351 D CompatibilityChangeReporter: Compat change id reported: 183155436; UID 10276; state: DISABLED
04-09 22:43:26.164 14251 14351 I AppMetrica: Initializing of Metrica, Release type, Version 5.2.1, API Level 105, Dated 30.09.2022.
04-09 22:43:26.167 14251 14351 W ex.mail:Metrica: Method void com.yandex.metrica.CounterConfiguration.<init>(com.yandex.metrica.YandexMetricaInternalConfig, com.yandex.metrica.CounterConfiguration$b) failed lock verification and will run slower.
04-09 22:43:26.167 14251 14351 W ex.mail:Metrica: Common causes for lock verification issues are non-optimized dex code
04-09 22:43:26.167 14251 14351 W ex.mail:Metrica: and incorrect proguard optimizations.
04-09 22:43:26.172  6284  6284 I FaceWidgetPositionAlgorithm: getMediaContainerHeight() height = 0 container Visibility = 8, isValid = false, mIsDozing = false, fraction = 1.0, source = 0, target = 0
04-09 22:43:26.173  6284  6284 I FaceWidgetPositionAlgorithm: getMediaContainerHeight() supplier = 0
04-09 22:43:26.258 14251 14353 W ex.mail:Metrica: Method void com.yandex.metrica.impl.ob.xi.a(android.os.Bundle) failed lock verification and will run slower.
04-09 22:43:26.326 14251 14351 I AppMetrica: Activate reporter with APIKey 20799a27-xxxx-xxxx-xxxx-xxxxxxxx4180
04-09 22:43:26.367  5665  6404 D PackageManager: setEnabledSetting : userId = 0 packageName = ru.yandex.mail cmp = androidx.work.impl.background.systemalarm.RescheduleReceiver newState = 1 callingPackage = 10276/ru.yandex.mail
04-09 22:43:26.369  5665  6404 D ApplicationPolicy: getApplicationStateEnabled : pkg = ru.yandex.mail userId : 0
04-09 22:43:26.371  5665  6404 D ApplicationPolicy: getApplicationComponentState : pkg = ru.yandex.mail userId : 0
04-09 22:43:26.434 18519 18675 I PolicyManager: [#CMH#] Is foreground game app: false
04-09 22:43:26.629 12905 12916 W ru.mail.mailapp: Suspending all threads took: 8.885ms
04-09 22:43:26.684 12905 12916 W ru.mail.mailapp: Cleared Reference was only reachable from finalizer (only reported once)
04-09 22:43:26.813  5665  6404 D PackageManager: setEnabledSetting : userId = 0 packageName = ru.yandex.mail cmp = androidx.work.impl.background.systemalarm.RescheduleReceiver newState = 1 callingPackage = 10276/ru.yandex.mail
04-09 22:43:26.814  5665  6404 D ApplicationPolicy: getApplicationStateEnabled : pkg = ru.yandex.mail userId : 0
04-09 22:43:26.815  5665  6404 D ApplicationPolicy: getApplicationComponentState : pkg = ru.yandex.mail userId : 0
04-09 22:43:26.851  7623 17809 E WakeLock: WearableBluetooth ** IS FORCE-RELEASED ON TIMEOUT **
04-09 22:43:27.156 13684 13703 W u.tele2.mytele2: Suspending all threads took: 115.977ms
04-09 22:43:27.227  5665  5739 I libprocessgroup: Successfully killed process cgroup uid 10059 pid 8100 in 0ms
04-09 22:43:27.236  5274  5274 D Zygote  : Forked child process 14382
04-09 22:43:27.321 14382 14382 I ru.yandex.music: Using CollectorTypeCC GC.
04-09 22:43:27.324 14150 14359 D ConnectivityManager: StackLog: [android.net.ConnectivityManager.sendRequestForNetwork(ConnectivityManager.java:4191)] [android.net.ConnectivityManager.registerDefaultNetworkCallbackForUid(ConnectivityManager.java:4755)] [android.net.ConnectivityManager.registerDefaultNetworkCallback(ConnectivityManager.java:4722)] [android.net.ConnectivityManager.registerDefaultNetworkCallback(ConnectivityManager.java:4696)] [com.bumptech.glide.manager.q.b(SourceFile:4)] [com.bumptech.glide.manager.d.b(SourceFile:4)] [y.c.d(Unknown Source:0)] [com.bumptech.glide.j.<init>(SourceFile:20)] [ol.x.<init>(SourceFile:3)] [com.bumptech.glide.a.a(Unknown Source:2)] [com.bumptech.glide.manager.n.f(SourceFile:15)] [com.bumptech.glide.c.g(Unknown Source:4)] [rq.e.a(SourceFile:1)] [rq.i.d(SourceFile:15)] [rq.i.c(SourceFile:7)] [cq.b.a(SourceFile:10)] [com.yandex.passport.internal.links.c.accept(SourceFile:20)] [io.reactivex.internal.subscribers.LambdaSubscriber.onNext(SourceFile:2)] [io.reactivex.internal.operators.flowable.FlowableSubscribeOn$SubscribeOnSubscriber.onNext(Unknown Source:2)] [io.reactivex.internal.operators.flowable.FlowableFlatMap$MergeSubscriber.tryEmit(SourceFile:5)] [io.reactivex.internal.operators.flowable.FlowableFlatMap$InnerSubscriber.onNext(SourceFile:2)] [io.reactivex.internal.operators.flowable.b$b.onNext(SourceFile:6)] [c90.b$b.b(SourceFile:10)] [c90.b$b.onNext(SourceFile:1)] [io.reactivex.internal.operators.flowable.b$a.onNext(SourceFile:6)] [io.reactivex.internal.operators.flowable.FlowableOnBackpressureLatest$BackpressureLatestSubscriber.drain(SourceFile:9)] [io.reactivex.internal.operators.flowable.FlowableOnBackpressureLatest$BackpressureLatestSubscriber.onNext(SourceFile:2)] [c90.l$a.onNext(Unknown Source:2)] [e90.r$a.onNext(SourceFile:6)] [e90.r$a.onNext(SourceFile:6)] [io.reactivex.internal.operators.observable.ObservableCreate$CreateEmitter.onNext(SourceFile:3)] [com.yandex.mail.db.a.a(SourceFile:4)] [io.reactivex.internal.operators.observable.ObservableCreate.u(SourceFile:3)] [t80.m.b(SourceFile:2)] [e90.r.u(Unknown Source:9)] [t80.m.b(SourceFile:2)] [e90.r.u(Unknown Source:9)] [t80.m.b(SourceFile:2)] [c90.l.D(Unknown Source:7)] [t80.f.C(SourceFile:2)] [io.reactivex.internal.operators.flowable.FlowableOnBackpressureLatest.D(Unknown Source:7)] [t80.f.C(SourceFile:2)] [io.reactivex.internal.operators.flowable.b.D(SourceFile:2)] [t80.f.C(SourceFile:2)] [c90.b.D(SourceFile:4)] [t80.f.C(SourceFile:2)] [io.reactivex.internal.operators.flowable.b.D(SourceFile:3)] [t80.f.C(SourceFile:2)] [t80.f.a(SourceFile:2)] [io.reactivex.internal.operators.flowable.FlowableFlatMap$MergeSubscriber.onNext(SourceFile:16)] [c90.b$b.b(SourceFile:10)] [c90.b$b.onNext(SourceFile:1)] [io.reactivex.internal.operators.flowable.b$a.onNext(SourceFile:6)] [c90.b$a.b(SourceFile:10)] [io.reactivex.internal.operators.flowable.b$a.b(SourceFile:4)] [c90.i$a.b(SourceFile:5)] [c90.i$a.onNext(SourceFile:1)] [io.reactivex.internal.operators.flowable.FlowableOnBackpressureLatest$BackpressureLatestSubscriber.drain(SourceFile:9)] [io.reactivex.internal.operators.flowable.FlowableOnBackpressureLatest$BackpressureLatestSubscriber.onNext(SourceFile:2)] [io.reactivex.processors.BehaviorProcessor$BehaviorSubscription.test(SourceFile:7)] [io.reactivex.processors.BehaviorProcessor$BehaviorSubscription.emitFirst(SourceFile:16)] [io.reactivex.processors.BehaviorProcessor.D(SourceFile:12)] [t80.f.C(SourceFile:2)] [io.reactivex.internal.operators.flowable.FlowableOnBackpressureLatest.D(Unknown Source:7)] [t80.f.C(SourceFile:2)] [c90.i.D(SourceFile:2)] [t80.f.C(SourceFile:2)] [io.reactivex.internal.operators.flowable.b.D(SourceFile:2)] [t80.f.C(SourceFile:2)] [c90.b.D(SourceFile:3)] [t80.f.C(SourceFile:2)] [io.reactivex.internal.operators.flowable.b.D(SourceFile:2)] [t80.f.C(SourceFile:2)] [c90.b.D(SourceFile:4)] [t80.f.C(SourceFile:2)] [io.reactivex.internal.operators.flowable.FlowableFlatMap.D(SourceFile:4)] [t80.f.C(SourceFile:2)] [t80.f.a(SourceFile:2)] [io.reactivex.internal.operators.flowable.FlowableSubscribeOn$SubscribeOnSubscriber.r
04-09 22:43:27.330  5665  8234 D ConnectivityService: requestNetwork for uid/pid:10276/14150 activeRequest: null callbackRequest: 549 [NetworkRequest [ REQUEST id=550, [ Capabilities: INTERNET&NOT_RESTRICTED&TRUSTED&NOT_VCN_MANAGED Uid: 10276 RequestorUid: 10276 RequestorPkg: ru.yandex.mail UnderlyingNetworks: Null] ]] callback flags: 0 order: 2147483647
04-09 22:43:27.333 14382 14382 E ru.yandex.music: Not starting debugger since process cannot load the jdwp agent.
04-09 22:43:27.334  5665  6036 D ConnectivityService:    accepting network in place of null
04-09 22:43:27.340  5665  6026 D WifiNetworkFactory: got request NetworkRequest [ REQUEST id=550, [ Capabilities: INTERNET&NOT_RESTRICTED&TRUSTED&NOT_VCN_MANAGED Uid: 10276 RequestorUid: 10276 RequestorPkg: ru.yandex.mail UnderlyingNetworks: Null] ]
04-09 22:43:27.350  5665  6026 D UntrustedWifiNetworkFactory: got request NetworkRequest [ REQUEST id=550, [ Capabilities: INTERNET&NOT_RESTRICTED&TRUSTED&NOT_VCN_MANAGED Uid: 10276 RequestorUid: 10276 RequestorPkg: ru.yandex.mail UnderlyingNetworks: Null] ]
04-09 22:43:27.353  5665  6026 D OemPaidWifiNetworkFactory: got request NetworkRequest [ REQUEST id=550, [ Capabilities: INTERNET&NOT_RESTRICTED&TRUSTED&NOT_VCN_MANAGED Uid: 10276 RequestorUid: 10276 RequestorPkg: ru.yandex.mail UnderlyingNetworks: Null] ]
04-09 22:43:27.354  5665  6026 D MultiInternetWifiNetworkFactory: got request NetworkRequest [ REQUEST id=550, [ Capabilities: INTERNET&NOT_RESTRICTED&TRUSTED&NOT_VCN_MANAGED Uid: 10276 RequestorUid: 10276 RequestorPkg: ru.yandex.mail UnderlyingNetworks: Null] ]
04-09 22:43:27.360  5665  6036 D ConnectivityService: Rematched networks [computed 3ms] [applied 2ms] [issued 21]
04-09 22:43:27.365  5274  5274 D Zygote  : Forked child process 14399
04-09 22:43:27.360  5665  6036 D ConnectivityService: NetworkReassignment :
04-09 22:43:27.360  5665  6036 D ConnectivityService:   550 : null  100
04-09 22:43:27.369 14382 14382 D ActivityThread: setConscryptValidator
04-09 22:43:27.374 14382 14382 D ActivityThread: setConscryptValidator - put
04-09 22:43:27.402  5274  5274 I Zygote  : Process 8100 exited due to signal 9 (Killed)
04-09 22:43:27.404  5665  5739 I libprocessgroup: Successfully killed process cgroup uid 10107 pid 10586 in 0ms
04-09 22:43:27.442 14382 14382 D CompatibilityChangeReporter: Compat change id reported: 171979766; UID 10406; state: ENABLED
04-09 22:43:27.483  5274  5274 I Zygote  : Process 10586 exited due to signal 9 (Killed)
04-09 22:43:27.523 14399 14399 I x.mail:passport: Using CollectorTypeCC GC.
04-09 22:43:27.556 14399 14399 E x.mail:passport: Not starting debugger since process cannot load the jdwp agent.
04-09 22:43:27.593 14399 14399 D ActivityThread: setConscryptValidator
04-09 22:43:27.593 14399 14399 D ActivityThread: setConscryptValidator - put
04-09 22:43:27.671 11769 11777 W ontakte.android: Suspending all threads took: 552.188ms
04-09 22:43:27.735  5665  5739 I libprocessgroup: Successfully killed process cgroup uid 10222 pid 12269 in 5ms
04-09 22:43:27.756 14399 14399 D CompatibilityChangeReporter: Compat change id reported: 171979766; UID 10276; state: ENABLED
04-09 22:43:27.881 14251 14424 D TrafficStats: tagSocket(105) with statsTag=0xffffffff, statsUid=-1
04-09 22:43:27.895 14251 14348 D CompatibilityChangeReporter: Compat change id reported: 147600208; UID 10276; state: ENABLED
04-09 22:43:27.900  5274  5274 I Zygote  : Process 12269 exited due to signal 9 (Killed)
04-09 22:43:27.914 14251 14424 D TrafficStats: tagSocket(105) with statsTag=0xffffffff, statsUid=-1
04-09 22:43:28.032 14382 14382 D nativeloader: Configuring classloader-namespace for other apk /system/framework/org.apache.http.legacy.jar. target_sdk_version=32, uses_libraries=ALL, library_path=/data/app/~~hmniahsLWp6Hd7Jne6Pn2Q==/ru.yandex.music-BrtGFjFYY4mUaTVkxT0BTw==/lib/arm64:/data/app/~~hmniahsLWp6Hd7Jne6Pn2Q==/ru.yandex.music-BrtGFjFYY4mUaTVkxT0BTw==/base.apk!/lib/arm64-v8a:/data/app/~~hmniahsLWp6Hd7Jne6Pn2Q==/ru.yandex.music-BrtGFjFYY4mUaTVkxT0BTw==/split_config.arm64_v8a.apk!/lib/arm64-v8a:/data/app/~~hmniahsLWp6Hd7Jne6Pn2Q==/ru.yandex.music-BrtGFjFYY4mUaTVkxT0BTw==/split_config.en.apk!/lib/arm64-v8a:/data/app/~~hmniahsLWp6Hd7Jne6Pn2Q==/ru.yandex.music-BrtGFjFYY4mUaTVkxT0BTw==/split_config.ru.apk!/lib/arm64-v8a:/data/app/~~hmniahsLWp6Hd7Jne6Pn2Q==/ru.yandex.music-BrtGFjFYY4mUaTVkxT0BTw==/split_config.xxhdpi.apk!/lib/arm64-v8a, permitted_path=/data:/mnt/expand:/data/user/0/ru.yandex.music
04-09 22:43:28.032 14382 14382 D nativeloader: Extending system_exposed_libraries: libhumantracking.arcsoft.so:libPortraitDistortionCorrection.arcsoft.so:libPortraitDistortionCorrectionCali.arcsoft.so:libface_landmark.arcsoft.so:libFacialStickerEngine.arcsoft.so:libveengine.arcsoft.so:liblow_light_hdr.arcsoft.so:libhigh_dynamic_range.arcsoft.so:libFacialAttributeDetection.arcsoft.so:libneural.snap.samsung.so:libsnap_aidl.snap.samsung.so:libBestComposition.polarr.so:libTracking.polarr.so:libFeature.polarr.so:libPolarrSnap.polarr.so:libYuv.polarr.so:libhal.wsm.samsung.so:libsce_v1.crypto.samsung.so:libknox_remotedesktopclient.knox.samsung.so:libVDLowLight.visidon.so:libSDKRecognitionText.spensdk.samsung.so:libSFEffect.fonteffect.samsung.so:libheifcapture_jni.media.samsung.so:libjpegsq.media.samsung.so:libslljpeg.media.samsung.so:libsemimagecrop_jni.media.samsung.so:libapex_jni.media.samsung.so:libperfsdk.performance.samsung.so:lib.engmodejni.samsung.so:libSEF.quram.so:libimagecodec.quram.so:libagifencoder.quram.so:libBeauty_v4.camera.samsung.so:libexifa.ca
04-09 22:43:28.062 14399 14399 W ziparchive: Unable to open '/data/app/~~If5pGzMlQfEm11GfE82dBw==/ru.yandex.mail-99FI2KQysINND0qhZuIbvA==/split_config.arm64_v8a.dm': No such file or directory
04-09 22:43:28.062 14399 14399 W ziparchive: Unable to open '/data/app/~~If5pGzMlQfEm11GfE82dBw==/ru.yandex.mail-99FI2KQysINND0qhZuIbvA==/split_config.arm64_v8a.dm': No such file or directory
04-09 22:43:28.064 14399 14399 W x.mail:passport: Entry not found
04-09 22:43:28.096 14251 14422 D TrafficStats: tagSocket(106) with statsTag=0xffffffff, statsUid=-1
04-09 22:43:28.112 14399 14399 W ziparchive: Unable to open '/data/app/~~If5pGzMlQfEm11GfE82dBw==/ru.yandex.mail-99FI2KQysINND0qhZuIbvA==/split_config.xxhdpi.dm': No such file or directory
04-09 22:43:28.112 14399 14399 W ziparchive: Unable to open '/data/app/~~If5pGzMlQfEm11GfE82dBw==/ru.yandex.mail-99FI2KQysINND0qhZuIbvA==/split_config.xxhdpi.dm': No such file or directory
04-09 22:43:28.115 14399 14399 W x.mail:passport: Entry not found
