04-16 04:32:56.389  5287  5524 I ExynosCameraMetadataConverter: [CAM(1)][]-(translateColorControlData[1835]):ANDROID_COLOR_CORRECTION_MODE(1)
04-16 04:32:56.389  5287  5524 I ExynosCameraMetadataConverter: [CAM(1)][]-(translateColorControlData[1871]):ANDROID_COLOR_CORRECTION_ABERRATION_MODE(0)
04-16 04:32:56.389  5287  5524 I ExynosCameraMetadataConverterVendor: [CAM(1)][]-(translatePreVendorControlControlData[2234]):SAMSUNG_ANDROID_CONTROL_SHOOTING_MODE(30)
04-16 04:32:56.390  5287  5524 I ExynosCameraMetadataConverterVendor: [CAM(1)][]-(translatePreVendorControlControlData[2235]):CONFIGURATION_ALWAYS_FD_ON_MODE(0)
04-16 04:32:56.390  5287  5524 I ExynosCameraMetadataConverterVendor: [CAM(1)][]-(translatePreVendorControlControlData[2303]):SAMSUNG_ANDROID_CONTROL_BEAUTY_FACE_RETOUCH_LEVEL(0)
04-16 04:32:56.390  5287  5524 I ExynosCameraMetadataConverterVendor: [CAM(1)][]-(translatePreVendorControlControlData[2323]):SAMSUNG_ANDROID_CONTROL_BEAUTY_FACE_SKIN_COLOR_LEVEL(0)
04-16 04:32:56.390  5287  5524 I ExynosCameraMetadataConverterVendor: [CAM(1)][]-(translateControlControlData[1449]):ANDROID_COLOR_AE_ANTIBANDING_MODE(3), m_defaultAntibanding(100)
04-16 04:32:56.390  5287  5524 I ExynosCameraMetadataConverterVendor: [CAM(1)][]-(translateControlControlData[1466]):ANDROID_CONTROL_AE_EXPOSURE_COMPENSATION(0)
04-16 04:32:56.390  5287  5524 I ExynosCameraMetadataConverterVendor: [CAM(1)][]-(translateControlControlData[1541]):ANDROID_CONTROL_AE_MODE(1)
04-16 04:32:56.390  5287  5524 I ExynosCameraMetadataConverterVendor: [CAM(1)][]-(translateControlControlData[1557]):ANDROID_CONTROL_AE_LOCK(0)
04-16 04:32:56.390  5287  5524 I ExynosCameraMetadataConverterVendor: [CAM(1)][]-(translateControlControlData[1722]):ANDROID_CONTROL_AE_TARGET_FPS_RANGE(8-30)
04-16 04:32:56.390  5287  5524 I ExynosCameraMetadataConverterVendor: [CAM(1)][]-(translateControlControlData[1739]):ANDROID_CONTROL_AE_PRECAPTURE_TRIGGER(0)
04-16 04:32:56.390  5287  5524 I ExynosCameraMetadataConverterVendor: [CAM(1)][]-(translateControlControlData[1865]):ANDROID_CONTROL_AF_MODE(0)
04-16 04:32:56.391  5287  5524 I ExynosCameraMetadataConverterVendor: [CAM(1)][]-(translateControlControlData[1882]):ANDROID_CONTROL_AF_TRIGGER(0)
04-16 04:32:56.391  5287  5524 I ExynosCameraMetadataConverterVendor: [CAM(1)][]-(translateControlControlData[1903]):ANDROID_CONTROL_AWB_LOCK(0)
04-16 04:32:56.391  5287  5524 I ExynosCameraMetadataConverterVendor: [CAM(1)][]-(translateControlControlData[1919]):ANDROID_CONTROL_AWB_MODE(1)
04-16 04:32:56.391  5287  5524 I ExynosCameraMetadataConverterVendor: [CAM(1)][]-(translateControlControlData[1935]):ANDROID_CONTROL_EFFECT_MODE(0)
04-16 04:32:56.391  5287  5524 I ExynosCameraMetadataConverterVendor: [CAM(1)][]-(translateControlControlData[1951]):ANDROID_CONTROL_MODE(1)
04-16 04:32:56.391  5287  5524 I ExynosCameraMetadataConverterVendor: [CAM(1)][]-(translateControlControlData[1984]):ANDROID_CONTROL_SCENE_MODE(0)
04-16 04:32:56.391  5287  5524 I ExynosCameraMetadataConverterVendor: [CAM(1)][]-(translateControlControlData[2001]):ANDROID_CONTROL_VIDEO_STABILIZATION_MODE(0)
04-16 04:32:56.391  5287  5524 I ExynosCameraMetadataConverterVendor: [CAM(1)][]-(translateControlControlData[2066]):ANDROID_CONTROL_CAPTURE_INTENT(1)
04-16 04:32:56.391  5287  5524 I ExynosCameraMetadataConverterVendor: [CAM(1)][]-(translateVendorControlControlData[2413]):SAMSUNG_ANDROID_CONTROL_METERING_MODE(5, aeMode = 107)
04-16 04:32:56.391  5287  5524 I ExynosCameraMetadataConverterVendor: [CAM(1)][]-(translateVendorControlControlData[2434]):SAMSUNG_ANDROID_CONTROL_PAF_MODE(1)
04-16 04:32:56.392  5287  5524 I ExynosCameraMetadataConverterVendor: [CAM(1)][]-(translateVendorControlControlData[2494]):SAMSUNG_ANDROID_CONTROL_LIVE_HDR_MODE(0)
04-16 04:32:56.392  5287  5524 I ExynosCameraMetadataConverterVendor: [CAM(1)][]-(translateVendorControlControlData[2553]):SAMSUNG_ANDROID_CONTROL_LIGHT_CONDITION_ENABLE_MODE(1)
04-16 04:32:56.392  5287  5524 I ExynosCameraMetadataConverterVendor: [CAM(1)][]-(translateVendorControlControlData[2575]):ANDROID_CONTROL_AWB_MODE(1)
04-16 04:32:56.392  5287  5524 I ExynosCameraMetadataConverterVendor: [CAM(1)][]-(translateVendorControlControlData[2598]):SAMSUNG_ANDROID_CONTROL_COLOR_TEMPERATURE(0)
04-16 04:32:56.392  5287  5524 I ExynosCameraMetadataConverterVendor: [CAM(1)][]-(translateVendorControlControlData[2621]):SAMSUNG_ANDROID_CONTROL_WBLEVEL(0)
04-16 04:32:56.392  5287  5524 I ExynosCameraMetadataConverterVendor: [CAM(1)][]-(translateVendorControlControlData[2707]):SAMSUNG_ANDROID_CONTROL_TRANSIENTACTION(0)
04-16 04:32:56.392  5287  5524 I ExynosCameraMetadataConverterVendor: [CAM(1)][]-(translateVendorControlControlData[2784]):SAMSUNG_ANDROID_CONTROL_BOKEH_BLUR_STRENGTH(0)
04-16 04:32:56.392  5287  5524 I ExynosCameraMetadataConverterVendor: [CAM(1)][]-(translateVendorControlControlData[2803]):SAMSUNG_ANDROID_CONTROL_BOKEH_SPECIAL_EFFECT_INFO(0, 0)
04-16 04:32:56.393  5287  5524 I ExynosCameraMetadataConverterVendor: [CAM(1)][]-(translateVendorControlControlData[2823]):SAMSUNG_ANDROID_CONTROL_ZOOM_IN_OUT_PHOTO(0)
04-16 04:32:56.393  5287  5524 I ExynosCameraMetadataConverterVendor: [CAM(1)][]-(translateVendorControlControlData[2862]):SAMSUNG_ANDROID_CONTROL_REPEATING_REQUEST_HINT(0)
04-16 04:32:56.393  5287  5524 I ExynosCameraMetadataConverterVendor: [CAM(1)][]-(translateVendorControlControlData[2913]):SAMSUNG_ANDROID_CONTROL_DYNAMIC_SHOT_DEVICE_INFO(0)
04-16 04:32:56.393  5287  5524 I ExynosCameraMetadataConverterVendor: [CAM(1)][]-(translateVendorControlControlData[3025]):SAMSUNG_ANDROID_CONTROL_LENS_DISTORTION_CORRECTION_MODE(0)
04-16 04:32:56.393  5287  5524 I ExynosCameraMetadataConverterVendor: [CAM(1)][]-(translateVendorControlControlData[3042]):SAMSUNG_ANDROID_CONTROL_SSRM_HINT(0)
04-16 04:32:56.393  5287  5524 I ExynosCameraMetadataConverterVendor: [CAM(1)][]-(translateVendorControlControlData[3075]):SAMSUNG_ANDROID_CONTROL_HYPERLAPSE_TRIGGER(0)
04-16 04:32:56.393  5287  5524 I ExynosCameraMetadataConverter: [CAM(1)][]-(translateDemosaicControlData[1903]):ANDROID_DEMOSAIC_MODE(0)
04-16 04:32:56.393  5287  5524 I ExynosCameraMetadataConverter: [CAM(1)][]-(translateEdgeControlData[1951]):ANDROID_EDGE_MODE(1)
04-16 04:32:56.393  5287  5524 I ExynosCameraMetadataConverter: [CAM(1)][]-(translateFlashControlData[2000]):ANDROID_FLASH_FIRING_POWER(0)
04-16 04:32:56.394  5287  5524 I ExynosCameraMetadataConverter: [CAM(1)][]-(translateFlashControlData[2015]):ANDROID_FLASH_FIRING_TIME(0)
04-16 04:32:56.394  5287  5524 I ExynosCameraMetadataConverter: [CAM(1)][]-(translateFlashControlData[2037]):ANDROID_FLASH_MODE(0)
04-16 04:32:56.394  5287  5524 I ExynosCameraMetadataConverter: [CAM(1)][]-(translateHotPixelControlData[2082]):ANDROID_HOT_PIXEL_MODE(1)
04-16 04:32:56.394  5287  5524 I ExynosCameraMetadataConverter: [CAM(1)][]-(translateJpegControlData[2156]):ANDROID_JPEG_ORIENTATION(0)
04-16 04:32:56.394  5287  5524 I ExynosCameraMetadataConverter: [CAM(1)][]-(translateJpegControlData[2172]):ANDROID_JPEG_QUALITY(96)
04-16 04:32:56.394  5287  5524 I ExynosCameraMetadataConverter: [CAM(1)][]-(translateJpegControlData[2188]):ANDROID_JPEG_THUMBNAIL_QUALITY(100)
04-16 04:32:56.394  5287  5524 I ExynosCameraMetadataConverter: [CAM(1)][]-(translateJpegControlData[2207]):ANDROID_JPEG_THUMBNAIL_SIZE(512, 384)
04-16 04:32:56.394  5287  5524 I ExynosCameraMetadataConverterVendor: [CAM(1)][]-(translateVendorScalerControlData[4228]):SAMSUNG_ANDROID_SCALER_FLIP_MODE(0)
04-16 04:32:56.395  5287  5524 I ExynosCameraMetadataConverter: [CAM(1)][]-(translateLensControlData[2261]):ANDROID_LENS_FILTER_DENSITY(0.000000)
04-16 04:32:56.395  5287  5524 I ExynosCameraMetadataConverter: [CAM(1)][]-(translateLensControlData[2277]):ANDROID_LENS_FOCAL_LENGTH(3.720000)
04-16 04:32:56.395  5287  5524 I ExynosCameraMetadataConverter: [CAM(1)][]-(translateLensControlData[2302]):ANDROID_LENS_FOCUS_DISTANCE(-1.000000)
04-16 04:32:56.395  5287  5524 I ExynosCameraMetadataConverter: [CAM(1)][]-(translateLensControlData[2319]):ANDROID_LENS_OPTICAL_STABILIZATION_MODE(0)
04-16 04:32:56.395  5287  5524 I ExynosCameraMetadataConverterVendor: [CAM(1)][]-(translateVendorLensControlData[3360]):SAMSUNG_ANDROID_LENS_FOCUS_LENS_POS(0)
04-16 04:32:56.395  5287  5524 I ExynosCameraMetadataConverterVendor: [CAM(1)][]-(translateVendorLensControlData[3419]):ANDROID_LENS_APERTURE(220)
04-16 04:32:56.395  5287  5524 I ExynosCameraMetadataConverter: [CAM(1)][]-(translateNoiseControlData[2379]):ANDROID_NOISE_REDUCTION_MODE(1)
04-16 04:32:56.395  5287  5524 I ExynosCameraMetadataConverter: [CAM(1)][]-(translateRequestControlData[2425]):ANDROID_REQUEST_ID(0)
04-16 04:32:56.395  5287  5524 I ExynosCameraMetadataConverter: [CAM(1)][]-(translateRequestControlData[2444]):ANDROID_REQUEST_METADATA_MODE(1)
04-16 04:32:56.396  5287  5524 I ExynosCameraMetadataConverter: [CAM(1)][]-(translateSensorControlData[2762]):ANDROID_SENSOR_TEST_PATTERN_MODE(0)
04-16 04:32:56.396  5287  5524 I ExynosCameraMetadataConverter: [CAM(1)][]-(translateShadingControlData[2824]):ANDROID_SHADING_MODE(1)
04-16 04:32:56.396  5287  5524 I ExynosCameraMetadataConverter: [CAM(1)][]-(translateStatisticsControlData[2894]):ANDROID_STATISTICS_FACE_DETECT_MODE(0)
04-16 04:32:56.396  5287  5524 I ExynosCameraMetadataConverter: [CAM(1)][]-(translateStatisticsControlData[2910]):ANDROID_STATISTICS_HISTOGRAM_MODE(0)
04-16 04:32:56.396  5287  5524 I ExynosCameraMetadataConverter: [CAM(1)][]-(translateStatisticsControlData[2926]):ANDROID_STATISTICS_SHARPNESS_MAP_MODE(0)
04-16 04:32:56.396  5287  5524 I ExynosCameraMetadataConverter: [CAM(1)][]-(translateStatisticsControlData[2942]):ANDROID_STATISTICS_HOT_PIXEL_MAP_MODE(0)
04-16 04:32:56.396  5287  5524 I ExynosCameraMetadataConverter: [CAM(1)][]-(translateStatisticsControlData[2958]):ANDROID_STATISTICS_LENS_SHADING_MAP_MODE(0)
04-16 04:32:56.396  5287  5524 I ExynosCameraMetadataConverter: [CAM(1)][]-(translateTonemapControlData[2990]):ANDROID_TONEMAP_MODE(1)
04-16 04:32:56.396  5287  5524 I ExynosCameraMetadataConverter: [CAM(1)][]-(translateBlackLevelControlData[3189]):ANDROID_BLACK_LEVEL_LOCK(0)
04-16 04:32:56.398  5287  5524 I ExynosCameraSec: [CAM(1)][Front_0]-(processCaptureRequest[4078]):first frame: [R0] Start FrameFactory. state 3
04-16 04:32:56.413  5287 20516 I ExynosCameraMCPipe: [CAM(1)][PIPE_ISP]-(m_preCreate[1446]):m_preCreate() is succeed, Pipe(11), prepare(0)
04-16 04:32:56.413  5287 20516 I ExynosCameraMCPipe: [CAM(1)][PIPE_ISP]-(m_postCreate[1471]):m_postCreate() is succeed, Pipe(11)
04-16 04:32:56.413  5287 20516 I ExynosCameraMCPipe: [CAM(1)][PIPE_MCSC]-(m_preCreate[1446]):m_preCreate() is succeed, Pipe(26), prepare(0)
04-16 04:32:56.413  5287 20516 I ExynosCameraMCPipe: [CAM(1)][PIPE_MCSC]-(m_postCreate[1471]):m_postCreate() is succeed, Pipe(26)
04-16 04:32:56.419  5287 20516 I ExynosCameraPipeVRA: [CAM(1)][PIPE_VRA]-(create[79]):create() is succeed (33) prepare (0)
04-16 04:32:56.419  5287 20516 I ExynosCameraSWPipe: [CAM(1)][PIPE_GSC]-(create[35]):create() is succeed (41)
04-16 04:32:56.420  5287 20516 I ExynosCameraSWPipe: [CAM(1)][PIPE_GSC_VIDEO]-(create[35]):create() is succeed (42)
04-16 04:32:56.420  5287 20516 I ExynosCameraSWPipe: [CAM(1)][PIPE_GSC_PICTURE]-(create[35]):create() is succeed (43)
04-16 04:32:56.420  5287 20516 I ExynosCameraSWPipe: [CAM(1)][PIPE_JPEG]-(create[35]):create() is succeed (44)
04-16 04:32:56.420  5287 20516 I ExynosCameraPipePPSec: [CAM(1)][PIPE_PP_UNI0]-(create[62]):create() is succeed (54)
04-16 04:32:56.420  5287 20516 I ExynosCameraPipePPSec: [CAM(1)][PIPE_PP_UNI1]-(create[62]):create() is succeed (55)
04-16 04:32:56.420  5287 20516 I ExynosCameraPipePPSec: [CAM(1)][PIPE_PP_UNI2]-(create[62]):create() is succeed (56)
04-16 04:32:56.420  5287 20516 I ExynosCameraPipePPSec: [CAM(1)][PIPE_PP_SINGLE0]-(create[62]):create() is succeed (57)
04-16 04:32:56.428 20530 20530 I gs.intelligence: Using CollectorTypeCC GC.
04-16 04:32:56.432 20514 20514 W libc    : Access denied finding property "sys.perf.boostopt"
04-16 04:32:56.432  5224  5224 E audit   : type=1400 audit(1681612376.427:17641): avc:  denied  { read } for  pid=20514 comm="ng.android.scpm" name="u:object_r:perf_prop:s0" dev="tmpfs" ino=16829 scontext=u:r:platform_app:s0:c512,c768 tcontext=u:object_r:perf_prop:s0 tclass=file permissive=0 SEPF_SM-A515F_13_0001 audit_filtered
04-16 04:32:56.441 20530 20530 E gs.intelligence: Not starting debugger since process cannot load the jdwp agent.
04-16 04:32:56.445 20514 20514 D ActivityThread: setConscryptValidator
04-16 04:32:56.445 20514 20514 D ActivityThread: setConscryptValidator - put
04-16 04:32:56.446 20514 20552 W libc    : Access denied finding property "sys.perf.boostopt"
04-16 04:32:56.446  5287 20516 I ExynosCameraSec: DEBUG:duration time(  161 msec):(m_fastenPreviewFactoryThreadFunc)
04-16 04:32:56.446  5287  5524 I ExynosCameraSec: [CAM(1)][Front_0]-(m_waitReadRomThreadEnd[31186]):
04-16 04:32:56.446  5287  5524 I SecCameraUtil: INFO(isEEprom[225]): SAMSUNG_EEPROM_FRONT is not defined
04-16 04:32:56.446  5287  5524 I ExynosCameraSec: [CAM(1)][Front_0]-(m_waitReadRomThreadEnd[31198]):m_readRomThread waiting time : duration time(    0 msec)
04-16 04:32:56.447  5287  5524 I ExynosCameraSec: [CAM(1)][Front_0]-(m_waitReadRomThreadEnd[31200]):m_readRomThread join
04-16 04:32:56.447  5287  5524 I ExynosCameraBufferSupplier: [CAM(1)][BufferSupplier]-(createBufferManager[181]):[SKIP_BUF]Created. P 6,-1,-1,-1,-1, T 1
04-16 04:32:56.448  5287  5524 I ExynosCameraBufferManager: [CAM(1)][SKIP_BUF]-(m_defaultAlloc[934]):duration time (    1 msec) alloc count=7, total count=7, type=0, size=4096, batchSize=1, reserved count=0, non-cache => 1 0 0 0 0 0 0
04-16 04:32:56.448  5287  5524 I ExynosCameraBufferManager: DEBUG:duration time(    1 msec):(alloc)
04-16 04:32:56.448  5287  5524 I ExynosCameraFrameFactoryPreview: [CAM(1)][Front_0]-(fastenAeStable[115]): Start
04-16 04:32:56.448  5287  5524 I ExynosCameraFrameFactoryPreview: [CAM(1)][Front_0]-(fastenAeStable[180]):numFrames = 7 hwSensorW = 1632 hwSensorH = 1224 sensorFrameRate = 120
04-16 04:32:56.448  5287  5524 I ExynosCameraFrameFactoryPreview: [CAM(1)][Front_0]-(m_initPipesFastenAeStable[2096]):Set framerate (denominator=120)
04-16 04:32:56.448  5287  5524 W ExynosCameraNode: [CAM(1)][FLITE]-(setFormat[750]):name(FLITE) fd 22, bytesperline(0) < width(32), height(64)
04-16 04:32:56.449  5287  5524 W ExynosCameraNode: [CAM(1)][3AA_CAPTURE]-(setFormat[750]):name(3AA_CAPTURE) fd 82, bytesperline(0) < width(1632), height(1224)
04-16 04:32:56.449  5287  5524 W ExynosCameraNode: [CAM(1)][3AA_PREVIEW]-(setFormat[750]):name(3AA_PREVIEW) fd 83, bytesperline(0) < width(1632), height(1224)
04-16 04:32:56.449  5287  5524 I ExynosCameraMCPipe: [CAM(1)][PIPE_3AA]-(setupPipe[241]):setupPipe() is succeed, Pipe(6), prepare(4)
04-16 04:32:56.449  5287  5524 W ExynosCameraNode: [CAM(1)][ISP_OUTPUT]-(setFormat[750]):name(ISP_OUTPUT) fd 85, bytesperline(0) < width(1632), height(1224)
04-16 04:32:56.450  5287  5524 W ExynosCameraNode: [CAM(1)][ISP_CAPTURE]-(setFormat[750]):name(ISP_CAPTURE) fd 93, bytesperline(0) < width(1632), height(1224)
04-16 04:32:56.450  5287  5524 W ExynosCameraNode: [CAM(1)][MCSC_PREVIEW]-(setFormat[750]):name(MCSC_PREVIEW) fd 95, bytesperline(0) < width(1632), height(1224)
04-16 04:32:56.450  5287  5524 W ExynosCameraNode: [CAM(1)][MCSC_PREVIEW_CALLBACK]-(setFormat[750]):name(MCSC_PREVIEW_CALLBACK) fd 96, bytesperline(0) < width(1632), height(1224)
04-16 04:32:56.450  5287  5524 W ExynosCameraNode: [CAM(1)][MCSC_RECORDING]-(setFormat[750]):name(MCSC_RECORDING) fd 97, bytesperline(0) < width(1632), height(1224)
04-16 04:32:56.450  5287  5524 W ExynosCameraNode: [CAM(1)][MCSC_DS]-(setFormat[750]):name(MCSC_DS) fd 98, bytesperline(0) < width(640), height(480)
04-16 04:32:56.450  5287  5524 I ExynosCameraMCPipe: [CAM(1)][PIPE_ISP]-(setupPipe[241]):setupPipe() is succeed, Pipe(11), prepare(0)
04-16 04:32:56.469 20530 20530 W libc    : Access denied finding property "sys.perf.boostopt"
04-16 04:32:56.473 20530 20530 D ActivityThread: setConscryptValidator
04-16 04:32:56.474 20530 20530 D ActivityThread: setConscryptValidator - put
04-16 04:32:56.476 20530 20569 W libc    : Access denied finding property "sys.perf.boostopt"
04-16 04:32:56.493  5287  5524 W ExynosCameraNode: [CAM(1)][PIPE_VRA]-(setFormat[750]):name(PIPE_VRA) fd 101, bytesperline(0) < width(640), height(480)
04-16 04:32:56.493  5287  5524 I ExynosCameraPipe: [CAM(1)][PIPE_VRA]-(setupPipe[165]):setupPipe() is succeed (33) prepare (0)
04-16 04:32:56.494  5287  5524 I ExynosCameraUtils: INFO(setMetaCtlAeTargetFpsRange):aeTargetFpsRange(min=120, min=120)
04-16 04:32:56.494  5287  5524 I ExynosCameraUtils: INFO(setMetaCtlAeTargetFpsRange):aeTargetFpsRange(min=120, min=120)
04-16 04:32:56.494  5287  5524 I ExynosCameraUtils: INFO(setMetaCtlAeTargetFpsRange):aeTargetFpsRange(min=120, min=120)
04-16 04:32:56.494  5287  5524 I ExynosCameraUtils: INFO(setMetaCtlAeTargetFpsRange):aeTargetFpsRange(min=120, min=120)
04-16 04:32:56.494  5287  5524 I ExynosCameraUtils: INFO(setMetaCtlAeTargetFpsRange):aeTargetFpsRange(min=120, min=120)
04-16 04:32:56.494  5287  5524 I ExynosCameraUtils: INFO(setMetaCtlAeTargetFpsRange):aeTargetFpsRange(min=120, min=120)
04-16 04:32:56.495  5287  5524 I ExynosCameraUtils: INFO(setMetaCtlAeTargetFpsRange):aeTargetFpsRange(min=120, min=120)
04-16 04:32:56.495  5628 16160 D MotionRecognitionService: values = 100.0
04-16 04:32:56.495  5287  5524 I ExynosCameraMCPipe: [CAM(1)][PIPE_ISP]-(start[296]):start() is succeed, Pipe(11)
04-16 04:32:56.495  5628 16160 D MotionRecognitionService: onReceive lux: 100.0  action:
04-16 04:32:56.495  5628 16160 D MotionRecognitionService: Inject brightness form Cam 100.0
04-16 04:32:56.495  5628 16160 D MotionRecognitionService: Inject calibrated lux
04-16 04:32:56.497  5271  5271 I SensorsHub: AutoBrightnessSensor::injectSensorData: camLux 100
04-16 04:32:56.500  5287  5524 I ExynosCameraMCPipe: [CAM(1)][PIPE_3AA]-(instantOn[842]):instantOn() is succeed, Pipe(6), Frames(7)
04-16 04:32:56.500  5287  5524 I ExynosCameraFrameFactoryPreview: [CAM(1)][Front_0]-(fastenAeStable[377]): Start S_STREAM
04-16 04:32:56.532 20530 20569 W libc    : Access denied finding property "sys.perf.boostopt"
04-16 04:32:56.536 20530 20530 D CompatibilityChangeReporter: Compat change id reported: 171979766; UID 10116; state: ENABLED
04-16 04:32:56.546 20514 20552 W libc    : Access denied finding property "sys.perf.boostopt"
04-16 04:32:56.548 20514 20514 D CompatibilityChangeReporter: Compat change id reported: 171979766; UID 5009; state: ENABLED
04-16 04:32:56.651 20530 20530 D nativeloader: Configuring classloader-namespace-shared for other apk /system/framework/org.apache.http.legacy.jar. target_sdk_version=33, uses_libraries=ALL, library_path=/system/priv-app/SecSettingsIntelligence/lib/arm64:/system/lib64:/system/system_ext/lib64, permitted_path=/data:/mnt/expand:/data/user/0/com.android.settings.intelligence:/system/priv-app/SecSettingsIntelligence:/system/lib64:/system/system_ext/lib64
04-16 04:32:56.652 20530 20530 D nativeloader: Extending system_exposed_libraries: libhumantracking.arcsoft.so:libPortraitDistortionCorrection.arcsoft.so:libPortraitDistortionCorrectionCali.arcsoft.so:libface_landmark.arcsoft.so:libFacialStickerEngine.arcsoft.so:libveengine.arcsoft.so:liblow_light_hdr.arcsoft.so:libhigh_dynamic_range.arcsoft.so:libFacialAttributeDetection.arcsoft.so:libBeauty_v4.camera.samsung.so:libexifa.camera.samsung.so:libjpega.camera.samsung.so:libOpenCv.camera.samsung.so:libImageScreener.camera.samsung.so:libMyFilter.camera.samsung.so:libtensorflowLite.myfilter.camera.samsung.so:libtensorflowlite_inference_api.myfilter.camera.samsung.so:libEventFinder.camera.samsung.so:libHIDTSnapJNI.camera.samsung.so:libSmartScan.camera.samsung.so:libRectify.camera.samsung.so:libDocRectifyWrapper.camera.samsung.so:libUltraWideDistortionCorrection.camera.samsung.so:libHpr_RecGAE_cvFeature_v1.0.camera.samsung.so:libHprFace_GAE_api.camera.samsung.so:libFace_Landmark_API.camera.samsung.so:libHprFace_GAE_jni.camera.samsung.so:libFacialBasedSelfieCorrec
04-16 04:32:56.675 20530 20530 D nativeloader: Configuring classloader-namespace-shared for other apk /system/priv-app/SecSettingsIntelligence/SecSettingsIntelligence.apk. target_sdk_version=33, uses_libraries=, library_path=/system/priv-app/SecSettingsIntelligence/lib/arm64:/system/lib64:/system/system_ext/lib64, permitted_path=/data:/mnt/expand:/data/user/0/com.android.settings.intelligence:/system/priv-app/SecSettingsIntelligence:/system/lib64:/system/system_ext/lib64
04-16 04:32:56.695  5628 16160 D MotionRecognitionService: values = 100.0
04-16 04:32:56.695  5628 16160 D MotionRecognitionService: onReceive lux: 100.0  action:
04-16 04:32:56.695  5628 16160 D MotionRecognitionService: Inject brightness form Cam 100.0
04-16 04:32:56.696  5628 16160 D MotionRecognitionService: Inject calibrated lux
04-16 04:32:56.696  5287  5524 I ExynosCameraFrameFactoryPreview: [CAM(1)][Front_0]-(fastenAeStable[386]): End S_STREAM
04-16 04:32:56.696  5287  5524 I ExynosCameraMCPipe: [CAM(1)][PIPE_3AA]-(forceDone[579]):forceDone() is succeed, Pipe(6)
04-16 04:32:56.698  5287  5524 I ExynosCameraMCPipe: [CAM(1)][PIPE_3AA]-(instantOff[876]):instantOff() is succeed, Pipe(6)
04-16 04:32:56.698  5271  5271 I SensorsHub: AutoBrightnessSensor::injectSensorData: camLux 100
04-16 04:32:56.698  5287  5524 I ExynosCameraMCPipe: [CAM(1)][PIPE_ISP]-(stop[351]):stop() is succeed, Pipe(11)
04-16 04:32:56.699  5287  5524 I ExynosCameraFrameFactoryPreview: [CAM(1)][Front_0]-(fastenAeStable[442]):set framerate (denominator=30)
04-16 04:32:56.699  5287  5524 I ExynosCameraFrameFactoryPreview: [CAM(1)][Front_0]-(fastenAeStable[470]):Done
04-16 04:32:56.700  5287  5524 I ExynosCameraBufferManager: DEBUG:duration time(    0 msec):(m_free)
04-16 04:32:56.701  5287  5524 I SehCamDevSession@5.0-impl: [CAMKPI] camera3->process_capture_request : X
04-16 04:32:56.701  5287 20576 I ExynosCameraSec: [CAM(1)][Front_0]-(m_frameFactoryStartThreadFunc[579]):
04-16 04:32:56.701  5445 20512 W HidlCamera3-Device: processBatchCaptureRequests: sehProcessCaptureRequest_5_0 return time exceeds 100000us (313659)us
04-16 04:32:56.701  5287 20576 I ExynosCameraSec: [CAM(1)][Front_0]-(m_frameFactoryStartThreadFunc[703]):opening hint(1)
04-16 04:32:56.701  5445 20512 D Camera3-Device: CameraPerf: sendRequestsBatch X (316ms)
04-16 04:32:56.701  5287 20576 I ExynosCameraParameters: [CAM(1)][Front_0]-(m_getSetfileYuvRange_Mass[2628]):wdr_mode (1)
04-16 04:32:56.702  5287 20576 I ExynosCameraParameters: [CAM(1)][Front_0]-(m_getSetfileYuvRange_Mass[2628]):wdr_mode (1)
04-16 04:32:56.702  5287 20576 I ExynosCameraSec: [CAM(1)][Front_0]-(m_setSetfile_Mass[1636]):configMode(0), PIPMode(0)
04-16 04:32:56.702  5287 20576 I ExynosCameraFrameFactoryPreview: [CAM(1)][Front_0]-(initPipes[478]):
04-16 04:32:56.702  5287 20576 I ExynosCameraFrameFactoryPreviewSec: [CAM(1)][Front_0]-(m_setupConfig[256]):
04-16 04:32:56.702  5287 20576 I ExynosCameraFrameFactoryPreview: [CAM(1)][Front_0]-(m_setDeviceInfo[731]):
04-16 04:32:56.704  5287 20576 I ExynosCameraFrameFactoryPreview: [CAM(1)][Front_0]-(m_initPipes[1060]):
04-16 04:32:56.704  5287 20576 I ExynosCameraFrameFactoryPreview: [CAM(1)][Front_0]-(m_initPipes[1139]):MaxSensorSize 2640x1980 bayerFormat BG12
04-16 04:32:56.704  5287 20576 I ExynosCameraFrameFactoryPreview: [CAM(1)][Front_0]-(m_initPipes[1141]):BnsSize 2640x1488 BcropSize 2640x1488 BdsSize 264x148
04-16 04:32:56.704  5287 20577 I ExynosCameraSec: [CAM(1)][Front_0]-(m_sensorListenerThreadFunc[30665]):
04-16 04:32:56.704  5287 20576 I ExynosCameraFrameFactoryPreview: [CAM(1)][Front_0]-(m_initPipes[1143]):DS Size 640x480 Format NV16 Buffer count 10
04-16 04:32:56.704  5287 20577 I SensorListener: enableSensor : numSensors=36/36, sen_list = 0xedc516e0/0xedc516e0
04-16 04:32:56.704  5287 20576 I ExynosCameraFrameFactoryPreview: [CAM(1)][Front_0]-(m_initPipes[1145]):HwPictureSize(3264x2448)
04-16 04:32:56.704  5287 20576 I ExynosCameraFrameFactoryPreview: [CAM(1)][Front_0]-(m_initPipes[1146]):MaxThumbnailSize(512x384)
04-16 04:32:56.704  5287 20576 I ExynosCameraFrameFactoryPreview: [CAM(1)][Front_0]-(m_initPipes[1176]):YUV[0] Size 176x144 Format NM21 PixelSizeNum 0 Buffer count 32
04-16 04:32:56.704  5287 20576 I ExynosCameraFrameFactoryPreview: [CAM(1)][Front_0]-(m_initPipes[1176]):YUV[1] Size 0x0 Format NV21 PixelSizeNum 0 Buffer count 1
04-16 04:32:56.704  5287 20576 I ExynosCameraFrameFactoryPreview: [CAM(1)][Front_0]-(m_initPipes[1176]):YUV[2] Size 0x0 Format NV21 PixelSizeNum 0 Buffer count 1
04-16 04:32:56.705  5287 20576 I ExynosCameraFrameFactoryPreview: [CAM(1)][Front_0]-(m_initPipes[1195]):Set framerate (denominator=30)
04-16 04:32:56.705  5287 20576 W ExynosCameraNode: [CAM(1)][FLITE]-(setFormat[750]):name(FLITE) fd 22, bytesperline(0) < width(32), height(64)
04-16 04:32:56.707  5287 20576 I ExynosCameraMCPipe: [CAM(1)][PIPE_3AA]-(setupPipe[241]):setupPipe() is succeed, Pipe(6), prepare(4)
04-16 04:32:56.707  5287 20576 W ExynosCameraNode: [CAM(1)][ME_PREVIEW]-(setFormat[750]):name(ME_PREVIEW) fd 94, bytesperline(0) < width(320), height(240)
04-16 04:32:56.708  5287 20576 W ExynosCameraNode: [CAM(1)][MCSC_DS]-(setFormat[750]):name(MCSC_DS) fd 98, bytesperline(0) < width(640), height(480)
04-16 04:32:56.710  5287 20576 I ExynosCameraMCPipe: [CAM(1)][PIPE_ISP]-(setupPipe[241]):setupPipe() is succeed, Pipe(11), prepare(0)
04-16 04:32:56.710  5287 20576 W ExynosCameraNode: [CAM(1)][PIPE_VRA]-(setFormat[750]):name(PIPE_VRA) fd 101, bytesperline(0) < width(640), height(480)
04-16 04:32:56.710  5287 20576 I ExynosCameraPipe: [CAM(1)][PIPE_VRA]-(setupPipe[165]):setupPipe() is succeed (33) prepare (0)
04-16 04:32:56.710  5287 20576 I ExynosCameraFrameFactory: [CAM(1)][Front_0]-(m_initFlitePipe[241]):
04-16 04:32:56.710  5287 20576 I ExynosCameraFrameFactory: [CAM(1)][Front_0]-(m_initFlitePipe[254]):SensorSize(2640x1488)
04-16 04:32:56.710  5287 20576 I ExynosCameraFrameFactory: [CAM(1)][Front_0]-(m_initFlitePipe[271]):BNS scale down ratio(1.0), size (2640x1488)
04-16 04:32:56.710  5287 20576 I ExynosCameraParameters: [CAM(1)][Front_0]-(updateHwSensorSize[818]):curHwSensor size(2640x1488) newHwSensor size(2640x1488)
04-16 04:32:56.711  5287 20576 I ExynosCameraFrameFactoryPreview: [CAM(1)][Front_0]-(mapBuffers[563]):Map buffer Success!
04-16 04:32:56.711  5287 20576 I ExynosCameraSec: [CAM(1)][Front_0]-(m_initUniPP[33292]):IN
04-16 04:32:56.711  5287 20576 I ExynosCameraSec: [CAM(1)][Front_0]-(m_initUniPP[33342]):OUT
04-16 04:32:56.713  5287 20576 E SensorListener: Sensor(8) is not enabled yet!
04-16 04:32:56.714  5287 20576 E SensorListener: Sensor(8) is not enabled yet!
04-16 04:32:56.714  5287 20576 W ExynosCameraSec: [CAM(1)][Front_0]-(m_getSensorListenerData[31569]):skip the Rotation data. ret -22
04-16 04:32:56.723  5287 20576 I ExynosCameraMCPipe: [CAM(1)][PIPE_ISP]-(start[296]):start() is succeed, Pipe(11)
04-16 04:32:56.724  5287 20576 I ExynosCameraMCPipe: [CAM(1)][PIPE_3AA]-(start[296]):start() is succeed, Pipe(6)
04-16 04:32:56.724  5287 20576 I ExynosCameraMCPipe: [CAM(1)][PIPE_3AA]-(m_putBuffer[1639]):Internal Frame(7), frameCount(1), (1)
04-16 04:32:56.732  5287 20576 I ExynosCameraMCPipe: [CAM(1)][PIPE_3AA]-(prepare[268]):prepare() is succeed, Pipe(6), prepare(4/4)
04-16 04:32:56.732  5287 20576 I ExynosCameraMCPipe: [CAM(1)][PIPE_3AA]-(sensorStream[446]):
04-16 04:32:56.742  5287 20576 I ExynosCameraFrameFactoryPreviewSec: [CAM(1)][Front_0]-(startPipes[870]):Starting Success!
04-16 04:32:56.742  5287 20576 I ExynosCameraFrameFactoryPreview: [CAM(1)][Front_0]-(startInitialThreads[581]):start pre-ordered initial pipe thread
04-16 04:32:56.742  5287 20576 I ExynosCameraFrameFactoryBase: [CAM(1)][Front_0]-(startThread[231]):pipeId=6
04-16 04:32:56.744  5287 20576 I ExynosCameraMCPipe: [CAM(1)][PIPE_3AA]-(startThread[383]):startThread is succeed, Pipe(6), standby(0)
04-16 04:32:56.744  5287 20576 I ExynosCameraFrameFactoryBase: [CAM(1)][Front_0]-(startThread[231]):pipeId=11
04-16 04:32:56.745  5287 20576 I ExynosCameraMCPipe: [CAM(1)][PIPE_ISP]-(startThread[383]):startThread is succeed, Pipe(11), standby(0)
04-16 04:32:56.745  5287 20576 I ExynosCameraFrameFactoryBase: [CAM(1)][Front_0]-(startThread[231]):pipeId=33
04-16 04:32:56.745  5287 20576 I ExynosCameraPipe: [CAM(1)][PIPE_VRA]-(startThread[319]):IN
04-16 04:32:56.746  5287 20576 I ExynosCameraPipe: [CAM(1)][PIPE_VRA]-(startThread[328]):startThread is succeed Pipe(33)
04-16 04:32:56.747  5287 20576 I ExynosCameraSec: [CAM(1)][Front_0]-(m_frameFactoryStartThreadFunc[888]):Threads run start
04-16 04:32:56.749  5287 20585 I ExynosCamera: [CAM(1)][Front_0]-(m_startPictureBufferThreadFunc[5683]):
04-16 04:32:56.749  5287 20585 I ExynosCamera: DEBUG:duration time(    0 msec):(m_startPictureBufferThreadFunc)
04-16 04:32:56.750 20530 20530 V GraphicsEnvironment: ANGLE Developer option for 'com.android.settings.intelligence' set to: 'default'
04-16 04:32:56.750  5287 20576 I ExynosCameraSec: DEBUG:duration time(   49 msec):(m_frameFactoryStartThreadFunc)
04-16 04:32:56.751 20530 20530 V GraphicsEnvironment: ANGLE GameManagerService for com.android.settings.intelligence: false
04-16 04:32:56.752 20530 20530 V GraphicsEnvironment: Neither updatable production driver nor prerelease driver is supported.
04-16 04:32:56.765 20530 20530 D NetworkSecurityConfig: No Network Security Config specified, using platform default
04-16 04:32:56.779 20530 20530 D NetworkSecurityConfig: No Network Security Config specified, using platform default
04-16 04:32:56.787 20514 20514 I FirebaseApp: Device unlocked: initializing all Firebase APIs for app [DEFAULT]
04-16 04:32:56.789  5287 20581 I ExynosCameraMCPipe: [CAM(1)][PIPE_3AA]-(m_getBuffer[2419]):InternalFrame(7) frameCount(1)                        : captureNodeCount == 0 || checkRet(0) != NO_ERROR.                        so, setFrameState(FRAME_STATE_SKIPPED), (1)
04-16 04:32:56.832 20514 20514 I FirebaseInitProvider: FirebaseApp initialization successful
04-16 04:32:56.888  5628 11213 D PackageManager: setEnabledSetting : userId = 0 packageName = com.samsung.android.scpm cmp = androidx.work.impl.background.systemjob.SystemJobService newState = 1 callingPackage = 5009/com.samsung.android.scpm
04-16 04:32:56.889  5287 20586 I ExynosCameraSec: [CAM(1)][Front_0]-(m_handlePreviewFrame[13097]):first frame(F4(11) T2) 3AA DONE
04-16 04:32:56.893  5287 20587 I ExynosCameraSec: [CAM(1)][Front_0]-(m_handlePreviewFrame[13181]):first frame(F4(11)), type(2) ISP DONE
04-16 04:32:56.893  5287 20587 I ExynosCameraSec: [CAM(1)][Front_0]-(m_handlePreviewFrame[13373]):============= First Preview time ==================
04-16 04:32:56.893  5287 20587 I ExynosCameraSec: [CAM(1)][Front_0]-(m_handlePreviewFrame[13374]):= configureStream ~ first frame  : 596 msec
04-16 04:32:56.893  5287 20587 I ExynosCameraSec: [CAM(1)][Front_0]-(m_handlePreviewFrame[13375]):===================================================
04-16 04:32:56.894  5445 11580 D Camera3-OutputStream: returnBufferCheckedLocked: First frame for stream 0, width 176, height 144, format 34
04-16 04:32:56.896  5287 20547 I SehCamDevSession@5.0-impl: [CAMKPI] camera3->process_capture_result : E
04-16 04:32:56.896  5628 11213 D ApplicationPolicy: getApplicationStateEnabled : pkg = com.samsung.android.scpm userId : 0
04-16 04:32:56.896 20153 20163 I _benchmark.test: Background young concurrent copying GC freed 381330(5983KB) AllocSpace objects, 0(0B) LOS objects, 64% free, 3224KB/9192KB, paused 5.296ms,140us total 29.094ms
04-16 04:32:56.897  5287 20547 I SehCamDevSession@5.0-impl: [CAMKPI] camera3->process_capture_result : X
04-16 04:32:56.897  5287 20584 W ExynosCameraPipeVRA: [CAM(1)][PIPE_VRA]-(m_putBuffer[148]):wait timeout
04-16 04:32:56.897  5628 16160 D MotionRecognitionService: values = 100.0
04-16 04:32:56.897  5287 20584 I ExynosCameraNode: [CAM(1)][PIPE_VRA]-(dumpState[1057]):Node state(1)
04-16 04:32:56.897  5628 16160 D MotionRecognitionService: onReceive lux: 100.0  action:
04-16 04:32:56.898  5628 16160 D MotionRecognitionService: Inject brightness form Cam 100.0
04-16 04:32:56.898 16167 20503 I CameraLightSensor_Service: open preview end
04-16 04:32:56.898  5628 16160 D MotionRecognitionService: Inject calibrated lux
04-16 04:32:56.898  5628 11213 D ApplicationPolicy: getApplicationComponentState : pkg = com.samsung.android.scpm userId : 0
04-16 04:32:56.898 20530 20530 I IndexDatabaseHelper: Using schema version: 130
04-16 04:32:56.900  5271  5271 I SensorsHub: AutoBrightnessSensor::injectSensorData: camLux 100
04-16 04:32:56.904  5287 20588 W ExynosCamera: [CAM(1)][Front_0]-(m_previewStreamVRAPipeThreadFunc[5112]):wait timeout
04-16 04:32:56.913 20530 20530 I IndexDatabaseHelper: Index is fine
04-16 04:32:56.925 20514 20514 I [SCPMSDK][ScpmApplication]: onCreate
04-16 04:32:56.931 16167 20503 I CameraLightSensor_Service: open preview end
04-16 04:32:56.935 20514 20514 I [SCPMV2][Scsp]: initialize
04-16 04:32:56.938 20530 20530 I CategorizingManager: initAccessibilityUserInfo()
04-16 04:32:56.947 20514 20602 I [SCPMV2][SmpUtil]: Firebase init
04-16 04:32:56.950 20514 20602 I SmpLog  : [SMP] init. S:true P:SPP_ONLY_MODE A:a
04-16 04:32:56.951 20514 20514 I DIAGMON_SDK[605036]: DiagMonAgent type: 2
04-16 04:32:56.960  5287 20591 I ExynosCamera: [CAM(1)][Front_0]-(m_monitorThreadFunc[7405]):@FIMC_IS_SYNC 226
04-16 04:32:56.965 16167 20503 I CameraLightSensor_Service: open preview end
04-16 04:32:56.965 16167 20503 I CameraLightSensor_Service: converged or locked aEState value =2
04-16 04:32:56.965 16167 20503 I CameraLightSensor_Service: exposure time=2.0E7 EV= 50 BV= 313.0 aEState=2 testPatternMode : 0
04-16 04:32:56.967 16167 16213 I CameraLightSensor_Service: stopTask called, isCameraStopPending : false
04-16 04:32:56.967  5445 11720 D Camera3-Device: flush: mInterfaceLock.lock()
04-16 04:32:56.967  5445 11720 I Camera3-Device: Creating CameraServiceWatchDog with cycles = 80, cycleLength = 100 ms and Timer = 8000 ms
04-16 04:32:56.967  5445 11720 I Camera3-Device: CameraServiceWatchDog::watchThread for mRequestThread->flush() with cycles = 80, cycleLength = 100 ms and Timer = 8000 ms
04-16 04:32:56.967  5445 11720 D HidlCamera3-Device: CameraPerf: flush E
04-16 04:32:56.967  5628 16160 D CameraLightSensor_Manager:  Exposure= 50.0 Brightness= 313.0 Total listeners= 1
04-16 04:32:56.968  5287  5525 I ExynosCameraInterface: INFO(HAL3_camera_device_flush[502]):in =====
04-16 04:32:56.968  5628 16160 D MotionRecognitionService: values = 100.0
04-16 04:32:56.968  5628 16160 D MotionRecognitionService: onReceive lux: 100.0  action:
04-16 04:32:56.968  5628 16160 D MotionRecognitionService: Inject brightness form Cam 100.0
04-16 04:32:56.968  5628 16160 D MotionRecognitionService: Inject calibrated lux
04-16 04:32:56.968  5445 20512 I Camera3-Status: markComponent: Component 1 is now idle - RequestThread
04-16 04:32:56.971  5287 20591 I ExynosCamera: [CAM(1)][Front_0]-(m_monitorThreadFunc[7295]):Flush is in progress
04-16 04:32:56.971  5287 20590 W ExynosCamera: [CAM(1)][Front_0]-(m_waitShotDone[2328]):wait timeout
04-16 04:32:56.971  5287  5525 I ExynosCameraMCPipe: [CAM(1)][PIPE_3AA]-(stopThread[410]):stopThread is succeed, Pipe(6)
04-16 04:32:56.971  5287 20580 W ExynosCameraMCPipe: [CAM(1)][PIPE_3AA]-(m_putBuffer[1582]):inputFrameQ wait timeout,Duration(1),LogCnt(1)
04-16 04:32:56.971  5287  5525 I ExynosCameraMCPipe: [CAM(1)][PIPE_ISP]-(stopThread[410]):stopThread is succeed, Pipe(11)
04-16 04:32:56.971  5287 20582 W ExynosCameraMCPipe: [CAM(1)][PIPE_ISP]-(m_putBuffer[1582]):inputFrameQ wait timeout,Duration(1),LogCnt(1)
04-16 04:32:56.971  5287 20583 W ExynosCameraMCPipe: [CAM(1)][PIPE_ISP]-(m_getBuffer[2091]):requestFrameQ wait timeout,Duration(1),LogCnt(1)
04-16 04:32:56.971  5287  5525 I ExynosCameraMCPipe: [CAM(1)][PIPE_3AA]-(sensorStream[446]):
04-16 04:32:56.975 20514 20573 I [SCPMV2][AuthUtil]: getAuthData
04-16 04:32:56.975  5271  5271 I SensorsHub: AutoBrightnessSensor::injectSensorData: camLux 100
04-16 04:32:56.980 20514 20602 I [SCPMV2][AuthUtil]: getAuthData
04-16 04:32:56.984 20514 20514 I DIAGMON_SDK[605036][4M0-399-5151102] : generated SR object
04-16 04:32:56.992  5287  5525 I ExynosCameraMCPipe: [CAM(1)][PIPE_3AA]-(forceDone[579]):forceDone() is succeed, Pipe(6)
04-16 04:32:57.026 20530 20530 D SamsungAnalytics605015: [Validation] dma pkg:910501000
04-16 04:32:57.026 20514 20605 I SmpLog  : [SMP] Test mode: false, v:3.3.1.1, com.samsung.android.scpm
04-16 04:32:57.027 20530 20530 D CompatibilityChangeReporter: Compat change id reported: 183155436; UID 10116; state: ENABLED
04-16 04:32:57.040 12129 12129 I SamsungAccount: [AIDLRequestService] OnCreate Service
04-16 04:32:57.044 20514 20605 I SmpLog  : [SMP] ptype:fcm, token:...y0 (163), D:null, U:null, S:false, M:null, P:SPP_ONLY_MODE
04-16 04:32:57.049 12129 12129 I SamsungAccount: [AIDLRequestService] OnBind
04-16 04:32:57.049 12129 12129 I SamsungAccount: [AIDLRequestService] [InAIDL] Service bound
04-16 04:32:57.051  5287  5525 I ExynosCameraMCPipe: [CAM(1)][PIPE_3AA]-(stop[351]):stop() is succeed, Pipe(6)
04-16 04:32:57.051  5287  5525 I ExynosCameraMCPipe: [CAM(1)][PIPE_ISP]-(forceDone[579]):forceDone() is succeed, Pipe(11)
04-16 04:32:57.051  5287  5525 I ExynosCameraMCPipe: [CAM(1)][PIPE_ISP]-(stop[351]):stop() is succeed, Pipe(11)
04-16 04:32:57.051  5287  5525 I ExynosCameraPipe: [CAM(1)][PIPE_PP_UNI0]-(m_dumpRunningFrameList[1680]):last fcount(HAL:0, DRV:0)
04-16 04:32:57.051  5287  5525 I ExynosCameraPipe: [CAM(1)][PIPE_PP_UNI0]-(m_dumpRunningFrameList[1681]):*********runningFrameList dump***********
04-16 04:32:57.052  5287  5525 I ExynosCameraPipe: [CAM(1)][PIPE_PP_UNI0]-(m_dumpRunningFrameList[1682]):m_numBuffers : 0
04-16 04:32:57.052  5287  5525 I ExynosCameraPipe: [CAM(1)][PIPE_PP_UNI1]-(m_dumpRunningFrameList[1680]):last fcount(HAL:0, DRV:0)
04-16 04:32:57.052 20514 20514 I [SCPMV2][SamsungAccountService]: onServiceConnected.
04-16 04:32:57.052  5287  5525 I ExynosCameraPipe: [CAM(1)][PIPE_PP_UNI1]-(m_dumpRunningFrameList[1681]):*********runningFrameList dump***********
04-16 04:32:57.052  5287  5525 I ExynosCameraPipe: [CAM(1)][PIPE_PP_UNI1]-(m_dumpRunningFrameList[1682]):m_numBuffers : 0
04-16 04:32:57.052  5287  5525 I ExynosCameraPipe: [CAM(1)][PIPE_PP_UNI2]-(m_dumpRunningFrameList[1680]):last fcount(HAL:0, DRV:0)
04-16 04:32:57.052  5287  5525 I ExynosCameraPipe: [CAM(1)][PIPE_PP_UNI2]-(m_dumpRunningFrameList[1681]):*********runningFrameList dump***********
04-16 04:32:57.052  5287  5525 I ExynosCameraPipe: [CAM(1)][PIPE_PP_UNI2]-(m_dumpRunningFrameList[1682]):m_numBuffers : 0
04-16 04:32:57.052  5287  5525 I ExynosCameraPipe: [CAM(1)][PIPE_PP_SINGLE0]-(m_dumpRunningFrameList[1680]):last fcount(HAL:0, DRV:0)
04-16 04:32:57.052  5287  5525 I ExynosCameraPipe: [CAM(1)][PIPE_PP_SINGLE0]-(m_dumpRunningFrameList[1681]):*********runningFrameList dump***********
04-16 04:32:57.052  5287  5525 I ExynosCameraPipe: [CAM(1)][PIPE_PP_SINGLE0]-(m_dumpRunningFrameList[1682]):m_numBuffers : 0
04-16 04:32:57.052  5287  5525 I ExynosCameraPipe: [CAM(1)][PIPE_GSC]-(m_dumpRunningFrameList[1680]):last fcount(HAL:0, DRV:0)
04-16 04:32:57.052  5287  5525 I ExynosCameraPipe: [CAM(1)][PIPE_GSC]-(m_dumpRunningFrameList[1681]):*********runningFrameList dump***********
04-16 04:32:57.052  5287  5525 I ExynosCameraPipe: [CAM(1)][PIPE_GSC]-(m_dumpRunningFrameList[1682]):m_numBuffers : 0
04-16 04:32:57.052  5287  5525 I ExynosCameraFrameFactoryPreviewSec: [CAM(1)][Front_0]-(stopPipes[1282]):Stopping  Success!
04-16 04:32:57.053 20530 20530 D SamsungAnalytics605015: AppVersion = 13, prefAppVerison = 13, beforeSendCommonTime = 1681450185574, success = true
04-16 04:32:57.054  5287  5525 I ExynosCameraRequestManager: [CAM(1)][]-(dump[3105]):Type[0] = Last Key(0)
04-16 04:32:57.054  5287  5525 I ExynosCameraRequestManager: [CAM(1)][]-(dump[3105]):Type[1] = Last Key(0)
04-16 04:32:57.054  5287  5525 I ExynosCameraRequestManager: [CAM(1)][]-(dump[3105]):Type[2] = Last Key(0)
04-16 04:32:57.054  5287  5525 I ExynosCameraRequestManager: [CAM(1)][]-(dump[3105]):Type[3] = Last Key(0)
04-16 04:32:57.054  5287  5525 I ExynosCameraRequestManager: [CAM(1)][]-(dump[3105]):Type[4] = Last Key(0)
04-16 04:32:57.055  5287  5525 I ExynosCameraRequestManager: [CAM(1)][]-(dump[3105]):Type[5] = Last Key(0)
04-16 04:32:57.055  5287  5525 I ExynosCameraRequestManager: [CAM(1)][]-(m_printRequestInfo[2024]):[R8] serviceFrameCount(0), (0xedc33f20) frame_number(8), outputNum(1)
04-16 04:32:57.055  5287  5525 I ExynosCameraRequestManager: [CAM(1)][]-(m_printRequestInfo[2031]):[R8] result status (Notify 0, Partial 0, Buffer 0, All 0)
04-16 04:32:57.055  5287  5525 I ExynosCameraRequestManager: [CAM(1)][]-(m_printRequestInfo[2024]):[R9] serviceFrameCount(0), (0xedc336c0) frame_number(9), outputNum(1)
04-16 04:32:57.055  5287  5525 I ExynosCameraRequestManager: [CAM(1)][]-(m_printRequestInfo[2031]):[R9] result status (Notify 0, Partial 0, Buffer 0, All 0)
04-16 04:32:57.055  5287  5525 I ExynosCameraRequestManager: [CAM(1)][]-(m_printRequestInfo[2024]):[R3] serviceFrameCount(7), (0xed93c520) frame_number(3), outputNum(1)
04-16 04:32:57.055  5287  5525 I ExynosCameraRequestManager: [CAM(1)][]-(m_printRequestInfo[2031]):[R3] result status (Notify 0, Partial 0, Buffer 0, All 0)
04-16 04:32:57.055  5287  5525 I ExynosCameraRequestManager: [CAM(1)][]-(m_printRequestInfo[2024]):[R4] serviceFrameCount(8), (0xed93c580) frame_number(4), outputNum(1)
04-16 04:32:57.055  5287  5525 I ExynosCameraRequestManager: [CAM(1)][]-(m_printRequestInfo[2031]):[R4] result status (Notify 0, Partial 0, Buffer 0, All 0)
04-16 04:32:57.055  5287  5525 I ExynosCameraRequestManager: [CAM(1)][]-(m_printRequestInfo[2024]):[R5] serviceFrameCount(9), (0xedc33900) frame_number(5), outputNum(1)
04-16 04:32:57.055  5287  5525 I ExynosCameraRequestManager: [CAM(1)][]-(m_printRequestInfo[2031]):[R5] result status (Notify 0, Partial 0, Buffer 0, All 0)
04-16 04:32:57.055  5287  5525 I ExynosCameraRequestManager: [CAM(1)][]-(m_printRequestInfo[2024]):[R6] serviceFrameCount(10), (0xed93c4c0) frame_number(6), outputNum(1)
04-16 04:32:57.055  5287  5525 I ExynosCameraRequestManager: [CAM(1)][]-(m_printRequestInfo[2031]):[R6] result status (Notify 0, Partial 0, Buffer 0, All 0)
04-16 04:32:57.055  5287  5525 I ExynosCameraRequestManager: [CAM(1)][]-(m_printRequestInfo[2024]):[R7] serviceFrameCount(11), (0xedc33f00) frame_number(7), outputNum(1)
04-16 04:32:57.055  5287  5525 I ExynosCameraRequestManager: [CAM(1)][]-(m_printRequestInfo[2031]):[R7] result status (Notify 0, Partial 0, Buffer 0, All 0)
04-16 04:32:57.055  5287  5525 I ExynosCameraRequestManager: [CAM(1)][]-(m_printRequestInfo[2024]):[R8] serviceFrameCount(0), (0xedc33f20) frame_number(8), outputNum(1)
04-16 04:32:57.055  5287  5525 I ExynosCameraRequestManager: [CAM(1)][]-(m_printRequestInfo[2031]):[R8] result status (Notify 0, Partial 0, Buffer 0, All 0)
04-16 04:32:57.055  5287  5525 I ExynosCameraRequestManager: [CAM(1)][]-(m_printRequestInfo[2024]):[R9] serviceFrameCount(0), (0xedc336c0) frame_number(9), outputNum(1)
04-16 04:32:57.055  5287  5525 I ExynosCameraRequestManager: [CAM(1)][]-(m_printRequestInfo[2031]):[R9] result status (Notify 0, Partial 0, Buffer 0, All 0)
04-16 04:32:57.055  5287  5525 W ExynosCameraRequestManager: [CAM(1)][]-(m_callbackOpsNotify[2929]):msg frame(3) type(1) errorCode(2)
04-16 04:32:57.056  5445 11720 E CameraDeviceClient: notifyError: pid=16167, errorCode=3, errorStreamId=0, frameNumber=3
04-16 04:32:57.056  5445 11720 E CameraDeviceClient: notifyError: pid=16167, skipClientNotification=false
04-16 04:32:57.056 20530 20530 D SamsungAnalytics605015: newThread on Executor
04-16 04:32:57.059  5445 11720 E Camera3-OutputStream: returnBufferCheckedLocked: A frame is dropped for stream 0 frame 3 , due to buffer error.
04-16 04:32:57.061  5287  5525 W ExynosCameraRequestManager: [CAM(1)][]-(m_callbackOpsNotify[2929]):msg frame(4) type(1) errorCode(2)
04-16 04:32:57.061  5445 11720 E CameraDeviceClient: notifyError: pid=16167, errorCode=3, errorStreamId=0, frameNumber=4
04-16 04:32:57.061  5445 11720 E CameraDeviceClient: notifyError: pid=16167, skipClientNotification=false
04-16 04:32:57.061  5445 11720 E Camera3-OutputStream: returnBufferCheckedLocked: A frame is dropped for stream 0 frame 4 , due to buffer error.
04-16 04:32:57.062 20530 20530 D SamsungAnalytics605015: [Tracker] Tracker start:6.05.015 , senderType : 3
04-16 04:32:57.062  5287  5525 W ExynosCameraRequestManager: [CAM(1)][]-(m_callbackOpsNotify[2929]):msg frame(5) type(1) errorCode(2)
04-16 04:32:57.062  5445 11720 E CameraDeviceClient: notifyError: pid=16167, errorCode=3, errorStreamId=0, frameNumber=5
04-16 04:32:57.062  5445 11720 E CameraDeviceClient: notifyError: pid=16167, skipClientNotification=false
04-16 04:32:57.063  5445 11720 E Camera3-OutputStream: returnBufferCheckedLocked: A frame is dropped for stream 0 frame 5 , due to buffer error.
04-16 04:32:57.063  5287  5525 W ExynosCameraRequestManager: [CAM(1)][]-(m_callbackOpsNotify[2929]):msg frame(6) type(1) errorCode(2)
04-16 04:32:57.064  5445 11720 E CameraDeviceClient: notifyError: pid=16167, errorCode=3, errorStreamId=0, frameNumber=6
04-16 04:32:57.064  5445 11720 E CameraDeviceClient: notifyError: pid=16167, skipClientNotification=false
04-16 04:32:57.064  5445 11720 E Camera3-OutputStream: returnBufferCheckedLocked: A frame is dropped for stream 0 frame 6 , due to buffer error.
04-16 04:32:57.065  5287  5525 W ExynosCameraRequestManager: [CAM(1)][]-(m_callbackOpsNotify[2929]):msg frame(7) type(1) errorCode(2)
04-16 04:32:57.065  5445 11720 E CameraDeviceClient: notifyError: pid=16167, errorCode=3, errorStreamId=0, frameNumber=7
04-16 04:32:57.065  5445 11720 E CameraDeviceClient: notifyError: pid=16167, skipClientNotification=false
04-16 04:32:57.065 20530 20530 I MDENotifyReceiver: onReceive : com.samsung.intent.action.MDE_SUGGESTION_NOTIFY
04-16 04:32:57.066  5445 11720 E Camera3-OutputStream: returnBufferCheckedLocked: A frame is dropped for stream 0 frame 7 , due to buffer error.
04-16 04:32:57.066  5287  5525 W ExynosCameraRequestManager: [CAM(1)][]-(m_callbackOpsNotify[2929]):msg frame(8) type(1) errorCode(2)
04-16 04:32:57.066  5445 11720 E CameraDeviceClient: notifyError: pid=16167, errorCode=3, errorStreamId=0, frameNumber=8
04-16 04:32:57.066  5445 11720 E CameraDeviceClient: notifyError: pid=16167, skipClientNotification=false
04-16 04:32:57.066  5287  5525 E ExynosCameraRequestManager: [CAM(-1)][]-(getAcquireFenceDone[1096]):[R8 F0] m_pop failed, handle is not EXIST
04-16 04:32:57.067  5445 11720 E Camera3-OutputStream: returnBufferCheckedLocked: A frame is dropped for stream 0 frame 8 , due to buffer error.
04-16 04:32:57.067  5287  5525 W ExynosCameraRequestManager: [CAM(1)][]-(m_callbackOpsNotify[2929]):msg frame(9) type(1) errorCode(2)
04-16 04:32:57.067  5445 11720 E CameraDeviceClient: notifyError: pid=16167, errorCode=3, errorStreamId=0, frameNumber=9
04-16 04:32:57.067  5445 11720 E CameraDeviceClient: notifyError: pid=16167, skipClientNotification=false
04-16 04:32:57.068  5287  5525 E ExynosCameraRequestManager: [CAM(-1)][]-(getAcquireFenceDone[1096]):[R9 F0] m_pop failed, handle is not EXIST
04-16 04:32:57.068  5445 11720 E Camera3-OutputStream: returnBufferCheckedLocked: A frame is dropped for stream 0 frame 9 , due to buffer error.
04-16 04:32:57.068  5445 11720 I Camera3-Status: markComponent: Component 2 is now idle - streamId = 0, format = 0x22(IMPL_DEF), width = 176, height = 144, option = 0x0, type = OUTPUT
04-16 04:32:57.068  5445 11720 I Camera3-IOStreamBase: FpsStats: stream 0, requested=10, received=10, valid=3, invalid=7
04-16 04:32:57.068  5445 11720 I Camera3-Status: markComponent: Component 0 is now idle - InflightRequests
04-16 04:32:57.069  5445 20511 I CameraService: finishCameraStreamingOps: finish camera streaming ops, package name = com.samsung.adaptivebrightnessgo, client UID = 5021
04-16 04:32:57.069  5287  5525 I ExynosCameraBufferManager: [CAM(1)][SKIP_BUF]-(resetBuffers[1338]):OUT.. Buffer is not allocated
04-16 04:32:57.070  5445 20511 I CameraServiceProxyWrapper: updateProxyDeviceState: notifyCameraState for Camera ID 3, newState 2, facing 1, clientName com.samsung.adaptivebrightnessgo, apiLevel 2
04-16 04:32:57.071  8513 10636 I CameraManagerGlobal: Camera 3 facing CAMERA_FACING_FRONT state now CAMERA_STATE_IDLE for client com.samsung.adaptivebrightnessgo API Level 2
04-16 04:32:57.071  8924 19461 I CameraManagerGlobal: Camera 3 facing CAMERA_FACING_FRONT state now CAMERA_STATE_IDLE for client com.samsung.adaptivebrightnessgo API Level 2
04-16 04:32:57.071 16167 14010 I CameraManagerGlobal: Camera 3 facing CAMERA_FACING_FRONT state now CAMERA_STATE_IDLE for client com.samsung.adaptivebrightnessgo API Level 2
04-16 04:32:57.072  5628 11456 I CameraManagerGlobal: Camera 3 facing CAMERA_FACING_FRONT state now CAMERA_STATE_IDLE for client com.samsung.adaptivebrightnessgo API Level 2
04-16 04:32:57.072  8513  9595 D CameraAvailabilityListener: onCameraDeviceStateChanged: id=3, facing=1, state=CAMERA_STATE_IDLE, client=com.samsung.adaptivebrightnessgo
04-16 04:32:57.073  5628  9492 D AutoRotationHandler: inject auto rotation priority = 0.0
04-16 04:32:57.074  2959  2979 I CameraManagerGlobal: Camera 3 facing CAMERA_FACING_FRONT state now CAMERA_STATE_IDLE for client com.samsung.adaptivebrightnessgo API Level 2
04-16 04:32:57.074 11012  2913 I CameraManagerGlobal: Camera 3 facing CAMERA_FACING_FRONT state now CAMERA_STATE_IDLE for client com.samsung.adaptivebrightnessgo API Level 2
04-16 04:32:57.075 11012  2913 I CameraManagerGlobal: onCameraDeviceStateChangedLocked: post device state update
04-16 04:32:57.075 11012  2913 I CameraManagerGlobal: onCameraDeviceStateChangedLocked: post device state update
