04-24 04:39:34.512  5635  5714 W libprocessgroup: Failed to open /dev/blkio//cgroup.procs: No such file or directory
04-24 04:39:34.514 21600  3914 W ProviderHelper: Unknown dynamite feature providerinstaller.dynamite
04-24 04:39:34.514 21602 21602 D CellBroadcastReceiver: onReceive Intent { act=android.intent.action.SERVICE_STATE flg=0x1000010 cmp=com.google.android.cellbroadcastreceiver/com.android.cellbroadcastreceiver.CellBroadcastReceiver (has extras) }
04-24 04:39:34.515 21602 21602 D CellBroadcastReceiver: onServiceStateChanged, ss: 0
04-24 04:39:34.515 21602 21602 D CellBroadcastReceiver: networkOperator: 22001
04-24 04:39:34.516 21602 21602 D CellBroadcastReceiver: update supported roaming operator as
04-24 04:39:34.518 28208  3585 I MdiSyncModule: Receiving API connection from package 'com.google.android.gm'...
04-24 04:39:34.527 28208  3585 I MdiSyncModule: API connection successful!
04-24 04:39:34.529 28717 28798 W ProviderInstaller: Failed to load providerinstaller module: No acceptable module com.google.android.gms.providerinstaller.dynamite found. Local version is 0 and remote version is 0.
04-24 04:39:34.668 21600 21600 D BoundBrokerSvc: onBind: Intent { act=com.google.android.gms.pseudonymous.service.START pkg=com.google.android.gms }
04-24 04:39:34.668 21600 21600 D BoundBrokerSvc: Loading bound service for intent: Intent { act=com.google.android.gms.pseudonymous.service.START pkg=com.google.android.gms }
04-24 04:39:34.670  5635  5659 D PackageManager: setEnabledSetting : userId = 0 packageName = com.google.android.gm cmp = com.google.android.apps.dynamite.DynamiteDeepLinkMultiple newState = 2 callingPackage = 10242/com.google.android.gm
04-24 04:39:34.673  5635  5659 D PackageManager: setEnabledSetting : userId = 0 packageName = com.google.android.gm cmp = com.google.android.apps.dynamite.features.hub.navigation.PeopleActivity newState = 1 callingPackage = 10242/com.google.android.gm
04-24 04:39:34.675  5635  5659 D ApplicationPolicy: getApplicationStateEnabled : pkg = com.google.android.gm userId : 0
04-24 04:39:34.714  5635  5659 D ApplicationPolicy: getApplicationComponentState : pkg = com.google.android.gm userId : 0
04-24 04:39:34.745 28717 28777 D StrictMode: StrictMode policy violation: android.os.strictmode.DiskReadViolation
04-24 04:39:34.745 28717 28777 D StrictMode: 	at android.os.StrictMode$AndroidBlockGuardPolicy.onReadFromDisk(StrictMode.java:1658)
04-24 04:39:34.745 28717 28777 D StrictMode: 	at android.database.sqlite.SQLiteConnection.applyBlockGuardPolicy(SQLiteConnection.java:1673)
04-24 04:39:34.745 28717 28777 D StrictMode: 	at android.database.sqlite.SQLiteConnection.executeForCursorWindow(SQLiteConnection.java:1341)
04-24 04:39:34.745 28717 28777 D StrictMode: 	at android.database.sqlite.SQLiteSession.executeForCursorWindow(SQLiteSession.java:838)
04-24 04:39:34.745 28717 28777 D StrictMode: 	at android.database.sqlite.SQLiteQuery.fillWindow(SQLiteQuery.java:62)
04-24 04:39:34.745 28717 28777 D StrictMode: 	at android.database.sqlite.SQLiteCursor.fillWindow(SQLiteCursor.java:157)
04-24 04:39:34.745 28717 28777 D StrictMode: 	at android.database.sqlite.SQLiteCursor.getCount(SQLiteCursor.java:144)
04-24 04:39:34.745 28717 28777 D StrictMode: 	at android.database.AbstractCursor.moveToPosition(AbstractCursor.java:238)
04-24 04:39:34.745 28717 28777 D StrictMode: 	at android.database.AbstractCursor.moveToFirst(AbstractCursor.java:277)
04-24 04:39:34.745 28717 28777 D StrictMode: 	at com.android.server.enterprise.storage.EdmStorageProviderBase.getValues(EdmStorageProviderBase.java:393)
04-24 04:39:34.745 28717 28777 D StrictMode: 	at com.android.server.enterprise.storage.EdmStorageProviderBase.getValuesList(EdmStorageProviderBase.java:1130)
04-24 04:39:34.745 28717 28777 D StrictMode: 	at com.android.server.enterprise.storage.EdmStorageProvider.getValuesList(EdmStorageProvider.java:314)
04-24 04:39:34.745 28717 28777 D StrictMode: 	at com.android.server.enterprise.application.ApplicationPolicy.getContentValues(ApplicationPolicy.java:3855)
04-24 04:39:34.745 28717 28777 D StrictMode: 	at com.android.server.enterprise.application.ApplicationPolicy.getApplicationStateEnabledAsUser(ApplicationPolicy.java:3822)
04-24 04:39:34.745 28717 28777 D StrictMode: 	at com.android.server.enterprise.application.ApplicationPolicy.getApplicationStateEnabledAsUser(ApplicationPolicy.java:3764)
04-24 04:39:34.745 28717 28777 D StrictMode: 	at com.android.server.pm.PackageManagerService.isUpdateAllowedByMdm(PackageManagerService.java:4205)
04-24 04:39:34.745 28717 28777 D StrictMode: 	at com.android.server.pm.PackageManagerService.setEnabledSettings(PackageManagerService.java:4413)
04-24 04:39:34.745 28717 28777 D StrictMode: 	at com.android.server.pm.PackageManagerService.-$$Nest$msetEnabledSettings(Unknown Source:0)
04-24 04:39:34.745 28717 28777 D StrictMode: 	at com.android.server.pm.PackageManagerService$IPackageManagerImpl.setComponentEnabledSetting(PackageManagerService.java:6639)
04-24 04:39:34.745 28717 28777 D StrictMode: 	at android.content.pm.IPackageManager$Stub.onTransact(IPackageManager.java:3217)
04-24 04:39:34.745 28717 28777 D StrictMode: 	at com.android.server.pm.PackageManagerService$IPackageManagerImpl.onTransact(PackageManagerService.java:7022)
04-24 04:39:34.745 28717 28777 D StrictMode: 	at android.os.Binder.execTransactInternal(Binder.java:1316)
04-24 04:39:34.745 28717 28777 D StrictMode: 	at android.os.Binder.execTransact(Binder.java:1280)
04-24 04:39:34.745 28717 28777 D StrictMode: # via Binder call with stack:
04-24 04:39:34.745 28717 28777 D StrictMode: 	at android.os.StrictMode.readAndHandleBinderCallViolations(StrictMode.java:2496)
04-24 04:39:34.745 28717 28777 D StrictMode: 	at android.os.Parcel.readExceptionCode(Parcel.java:2968)
04-24 04:39:34.745 28717 28777 D StrictMode: 	at android.os.Parcel.readException(Parcel.java:2929)
04-24 04:39:34.745 28717 28777 D StrictMode: 	at android.content.pm.IPackageManager$Stub$Proxy.setComponentEnabledSetting(IPackageManager.java:6530)
04-24 04:39:34.745 28717 28777 D StrictMode: 	at android.app.ApplicationPackageManager.setComponentEnabledSetting(ApplicationPackageManager.java:3441)
04-24 04:39:34.745 28717 28777 D StrictMode: 	at zur.e(Unknown Source:10)
04-24 04:39:34.745 28717 28777 D StrictMode: 	at zur.f(Unknown Source:16)
04-24 04:39:34.745 28717 28777 D StrictMode: 	at wmu.a(PG:26)
04-24 04:39:34.745 28717 28777 D StrictMode: 	at auvy.c(PG:2)
04-24 04:39:34.745 28717 28777 D StrictMode: 	at auwa.run(PG:9)
04-24 04:39:34.745 28717 28777 D StrictMode: 	at ylm.run(PG:1)
04-24 04:39:34.745 28717 28777 D StrictMode: 	at java.util.concurrent.ThreadPoolExecutor.runWorker(ThreadPoolExecutor.java:1137)
04-24 04:39:34.745 28717 28777 D StrictMode: 	at java.util.concurrent.ThreadPoolExecutor$Worker.run(ThreadPoolExecutor.java:637)
04-24 04:39:34.745 28717 28777 D StrictMode: 	at xje.run(PG:23)
04-24 04:39:34.745 28717 28777 D StrictMode: 	at java.lang.Thread.run(Thread.java:1012)
04-24 04:39:34.745 28717 28777 D StrictMode: 	at ylp.run(PG:6)
04-24 04:39:34.749 28717 28777 D StrictMode: StrictMode policy violation: android.os.strictmode.DiskReadViolation
04-24 04:39:34.749 28717 28777 D StrictMode: 	at android.os.StrictMode$AndroidBlockGuardPolicy.onReadFromDisk(StrictMode.java:1658)
04-24 04:39:34.749 28717 28777 D StrictMode: 	at libcore.io.BlockGuardOs.stat(BlockGuardOs.java:419)
04-24 04:39:34.749 28717 28777 D StrictMode: 	at java.io.UnixFileSystem.getLength(UnixFileSystem.java:298)
04-24 04:39:34.749 28717 28777 D StrictMode: 	at java.io.File.length(File.java:968)
04-24 04:39:34.749 28717 28777 D StrictMode: 	at android.database.sqlite.SQLiteWalBackgroundCheckpoint.tryBackgroundCheckpoint(SQLiteWalBackgroundCheckpoint.java:48)
04-24 04:39:34.749 28717 28777 D StrictMode: 	at android.database.sqlite.SQLiteDatabase.tryWalBackgroundCheckpoint(SQLiteDatabase.java:4229)
04-24 04:39:34.749 28717 28777 D StrictMode: 	at android.database.sqlite.SQLiteQuery.fillWindow(SQLiteQuery.java:66)
04-24 04:39:34.749 28717 28777 D StrictMode: 	at android.database.sqlite.SQLiteCursor.fillWindow(SQLiteCursor.java:157)
04-24 04:39:34.749 28717 28777 D StrictMode: 	at android.database.sqlite.SQLiteCursor.getCount(SQLiteCursor.java:144)
04-24 04:39:34.749 28717 28777 D StrictMode: 	at android.database.AbstractCursor.moveToPosition(AbstractCursor.java:238)
04-24 04:39:34.749 28717 28777 D StrictMode: 	at android.database.AbstractCursor.moveToFirst(AbstractCursor.java:277)
04-24 04:39:34.749 28717 28777 D StrictMode: 	at com.android.server.enterprise.storage.EdmStorageProviderBase.getValues(EdmStorageProviderBase.java:393)
04-24 04:39:34.749 28717 28777 D StrictMode: 	at com.android.server.enterprise.storage.EdmStorageProviderBase.getValuesList(EdmStorageProviderBase.java:1130)
04-24 04:39:34.749 28717 28777 D StrictMode: 	at com.android.server.enterprise.storage.EdmStorageProvider.getValuesList(EdmStorageProvider.java:314)
04-24 04:39:34.749 28717 28777 D StrictMode: 	at com.android.server.enterprise.application.ApplicationPolicy.getContentValues(ApplicationPolicy.java:3855)
04-24 04:39:34.749 28717 28777 D StrictMode: 	at com.android.server.enterprise.application.ApplicationPolicy.getApplicationStateEnabledAsUser(ApplicationPolicy.java:3822)
04-24 04:39:34.749 28717 28777 D StrictMode: 	at com.android.server.enterprise.application.ApplicationPolicy.getApplicationStateEnabledAsUser(ApplicationPolicy.java:3764)
04-24 04:39:34.749 28717 28777 D StrictMode: 	at com.android.server.pm.PackageManagerService.isUpdateAllowedByMdm(PackageManagerService.java:4205)
04-24 04:39:34.749 28717 28777 D StrictMode: 	at com.android.server.pm.PackageManagerService.setEnabledSettings(PackageManagerService.java:4413)
04-24 04:39:34.749 28717 28777 D StrictMode: 	at com.android.server.pm.PackageManagerService.-$$Nest$msetEnabledSettings(Unknown Source:0)
04-24 04:39:34.749 28717 28777 D StrictMode: 	at com.android.server.pm.PackageManagerService$IPackageManagerImpl.setComponentEnabledSetting(PackageManagerService.java:6639)
04-24 04:39:34.749 28717 28777 D StrictMode: 	at android.content.pm.IPackageManager$Stub.onTransact(IPackageManager.java:3217)
04-24 04:39:34.749 28717 28777 D StrictMode: 	at com.android.server.pm.PackageManagerService$IPackageManagerImpl.onTransact(PackageManagerService.java:7022)
04-24 04:39:34.749 28717 28777 D StrictMode: 	at android.os.Binder.execTransactInternal(Binder.java:1316)
04-24 04:39:34.749 28717 28777 D StrictMode: 	at android.os.Binder.execTransact(Binder.java:1280)
04-24 04:39:34.749 28717 28777 D StrictMode: # via Binder call with stack:
04-24 04:39:34.749 28717 28777 D StrictMode: 	at android.os.StrictMode.readAndHandleBinderCallViolations(StrictMode.java:2496)
04-24 04:39:34.749 28717 28777 D StrictMode: 	at android.os.Parcel.readExceptionCode(Parcel.java:2968)
04-24 04:39:34.749 28717 28777 D StrictMode: 	at android.os.Parcel.readException(Parcel.java:2929)
04-24 04:39:34.749 28717 28777 D StrictMode: 	at android.content.pm.IPackageManager$Stub$Proxy.setComponentEnabledSetting(IPackageManager.java:6530)
04-24 04:39:34.749 28717 28777 D StrictMode: 	at android.app.ApplicationPackageManager.setComponentEnabledSetting(ApplicationPackageManager.java:3441)
04-24 04:39:34.749 28717 28777 D StrictMode: 	at zur.e(Unknown Source:10)
04-24 04:39:34.749 28717 28777 D StrictMode: 	at zur.f(Unknown Source:16)
04-24 04:39:34.749 28717 28777 D StrictMode: 	at wmu.a(PG:26)
04-24 04:39:34.749 28717 28777 D StrictMode: 	at auvy.c(PG:2)
04-24 04:39:34.749 28717 28777 D StrictMode: 	at auwa.run(PG:9)
04-24 04:39:34.749 28717 28777 D StrictMode: 	at ylm.run(PG:1)
04-24 04:39:34.749 28717 28777 D StrictMode: 	at java.util.concurrent.ThreadPoolExecutor.runWorker(ThreadPoolExecutor.java:1137)
04-24 04:39:34.749 28717 28777 D StrictMode: 	at java.util.concurrent.ThreadPoolExecutor$Worker.run(ThreadPoolExecutor.java:637)
04-24 04:39:34.749 28717 28777 D StrictMode: 	at xje.run(PG:23)
04-24 04:39:34.749 28717 28777 D StrictMode: 	at java.lang.Thread.run(Thread.java:1012)
04-24 04:39:34.749 28717 28777 D StrictMode: 	at ylp.run(PG:6)
04-24 04:39:34.752 28717 28777 D StrictMode: StrictMode policy violation: android.os.strictmode.DiskReadViolation
04-24 04:39:34.752 28717 28777 D StrictMode: 	at android.os.StrictMode$AndroidBlockGuardPolicy.onReadFromDisk(StrictMode.java:1658)
04-24 04:39:34.752 28717 28777 D StrictMode: 	at android.database.sqlite.SQLiteConnection.applyBlockGuardPolicy(SQLiteConnection.java:1673)
04-24 04:39:34.752 28717 28777 D StrictMode: 	at android.database.sqlite.SQLiteConnection.executeForCursorWindow(SQLiteConnection.java:1341)
04-24 04:39:34.752 28717 28777 D StrictMode: 	at android.database.sqlite.SQLiteSession.executeForCursorWindow(SQLiteSession.java:838)
04-24 04:39:34.752 28717 28777 D StrictMode: 	at android.database.sqlite.SQLiteQuery.fillWindow(SQLiteQuery.java:62)
04-24 04:39:34.752 28717 28777 D StrictMode: 	at android.database.sqlite.SQLiteCursor.fillWindow(SQLiteCursor.java:157)
04-24 04:39:34.752 28717 28777 D StrictMode: 	at android.database.sqlite.SQLiteCursor.getCount(SQLiteCursor.java:144)
04-24 04:39:34.752 28717 28777 D StrictMode: 	at android.database.AbstractCursor.moveToPosition(AbstractCursor.java:238)
04-24 04:39:34.752 28717 28777 D StrictMode: 	at android.database.AbstractCursor.moveToFirst(AbstractCursor.java:277)
04-24 04:39:34.752 28717 28777 D StrictMode: 	at com.android.server.enterprise.storage.EdmStorageProviderBase.getValues(EdmStorageProviderBase.java:393)
04-24 04:39:34.752 28717 28777 D StrictMode: 	at com.android.server.enterprise.storage.EdmStorageProviderBase.getValuesList(EdmStorageProviderBase.java:1130)
04-24 04:39:34.752 28717 28777 D StrictMode: 	at com.android.server.enterprise.storage.EdmStorageProvider.getValuesList(EdmStorageProvider.java:314)
04-24 04:39:34.752 28717 28777 D StrictMode: 	at com.android.server.enterprise.application.ApplicationPolicy.getContentValues(ApplicationPolicy.java:3855)
04-24 04:39:34.752 28717 28777 D StrictMode: 	at com.android.server.enterprise.application.ApplicationPolicy.getApplicationComponentState(ApplicationPolicy.java:3286)
04-24 04:39:34.752 28717 28777 D StrictMode: 	at com.android.server.enterprise.application.ApplicationPolicy.getApplicationComponentState(ApplicationPolicy.java:3265)
04-24 04:39:34.752 28717 28777 D StrictMode: 	at com.android.server.pm.PackageManagerService.isUpdateAllowedByMdm(PackageManagerService.java:4213)
04-24 04:39:34.752 28717 28777 D StrictMode: 	at com.android.server.pm.PackageManagerService.setEnabledSettings(PackageManagerService.java:4413)
04-24 04:39:34.752 28717 28777 D StrictMode: 	at com.android.server.pm.PackageManagerService.-$$Nest$msetEnabledSettings(Unknown Source:0)
04-24 04:39:34.752 28717 28777 D StrictMode: 	at com.android.server.pm.PackageManagerService$IPackageManagerImpl.setComponentEnabledSetting(PackageManagerService.java:6639)
04-24 04:39:34.752 28717 28777 D StrictMode: 	at android.content.pm.IPackageManager$Stub.onTransact(IPackageManager.java:3217)
04-24 04:39:34.752 28717 28777 D StrictMode: 	at com.android.server.pm.PackageManagerService$IPackageManagerImpl.onTransact(PackageManagerService.java:7022)
04-24 04:39:34.752 28717 28777 D StrictMode: 	at android.os.Binder.execTransactInternal(Binder.java:1316)
04-24 04:39:34.752 28717 28777 D StrictMode: 	at android.os.Binder.execTransact(Binder.java:1280)
04-24 04:39:34.752 28717 28777 D StrictMode: # via Binder call with stack:
04-24 04:39:34.752 28717 28777 D StrictMode: 	at android.os.StrictMode.readAndHandleBinderCallViolations(StrictMode.java:2496)
04-24 04:39:34.752 28717 28777 D StrictMode: 	at android.os.Parcel.readExceptionCode(Parcel.java:2968)
04-24 04:39:34.752 28717 28777 D StrictMode: 	at android.os.Parcel.readException(Parcel.java:2929)
04-24 04:39:34.752 28717 28777 D StrictMode: 	at android.content.pm.IPackageManager$Stub$Proxy.setComponentEnabledSetting(IPackageManager.java:6530)
04-24 04:39:34.752 28717 28777 D StrictMode: 	at android.app.ApplicationPackageManager.setComponentEnabledSetting(ApplicationPackageManager.java:3441)
04-24 04:39:34.752 28717 28777 D StrictMode: 	at zur.e(Unknown Source:10)
04-24 04:39:34.752 28717 28777 D StrictMode: 	at zur.f(Unknown Source:16)
04-24 04:39:34.752 28717 28777 D StrictMode: 	at wmu.a(PG:26)
04-24 04:39:34.752 28717 28777 D StrictMode: 	at auvy.c(PG:2)
04-24 04:39:34.752 28717 28777 D StrictMode: 	at auwa.run(PG:9)
04-24 04:39:34.752 28717 28777 D StrictMode: 	at ylm.run(PG:1)
04-24 04:39:34.752 28717 28777 D StrictMode: 	at java.util.concurrent.ThreadPoolExecutor.runWorker(ThreadPoolExecutor.java:1137)
04-24 04:39:34.752 28717 28777 D StrictMode: 	at java.util.concurrent.ThreadPoolExecutor$Worker.run(ThreadPoolExecutor.java:637)
04-24 04:39:34.752 28717 28777 D StrictMode: 	at xje.run(PG:23)
04-24 04:39:34.752 28717 28777 D StrictMode: 	at java.lang.Thread.run(Thread.java:1012)
04-24 04:39:34.752 28717 28777 D StrictMode: 	at ylp.run(PG:6)
04-24 04:39:34.753  5635  5659 D PackageManager: setEnabledSetting : userId = 0 packageName = com.google.android.gm cmp = com.google.android.apps.dynamite.features.hub.navigation.RoomsActivity newState = 1 callingPackage = 10242/com.google.android.gm
04-24 04:39:34.754  5635  5659 D ApplicationPolicy: getApplicationStateEnabled : pkg = com.google.android.gm userId : 0
04-24 04:39:34.757  5635  5659 D ApplicationPolicy: getApplicationComponentState : pkg = com.google.android.gm userId : 0
04-24 04:39:34.766  5635  5659 D PackageManager: setEnabledSetting : userId = 0 packageName = com.google.android.gm cmp = com.google.android.apps.dynamite.services.notification.NotificationService newState = 1 callingPackage = 10242/com.google.android.gm
04-24 04:39:34.767  5635  5659 D ApplicationPolicy: getApplicationStateEnabled : pkg = com.google.android.gm userId : 0
04-24 04:39:34.770  5635  5659 D ApplicationPolicy: getApplicationComponentState : pkg = com.google.android.gm userId : 0
04-24 04:39:34.782  5635  5659 D PackageManager: setEnabledSetting : userId = 0 packageName = com.google.android.gm cmp = com.google.android.apps.dynamite.notifications.services.NotificationBackgroundSyncJobService newState = 1 callingPackage = 10242/com.google.android.gm
04-24 04:39:34.784  5635  5659 D ApplicationPolicy: getApplicationStateEnabled : pkg = com.google.android.gm userId : 0
04-24 04:39:34.787  5635  5659 D ApplicationPolicy: getApplicationComponentState : pkg = com.google.android.gm userId : 0
04-24 04:39:34.796  5635  5659 D PackageManager: setEnabledSetting : userId = 0 packageName = com.google.android.gm cmp = com.google.android.apps.dynamite.DynamiteDeepLinkSingle newState = 1 callingPackage = 10242/com.google.android.gm
04-24 04:39:34.797  5635  5659 D ApplicationPolicy: getApplicationStateEnabled : pkg = com.google.android.gm userId : 0
04-24 04:39:34.800  5635  5659 D ApplicationPolicy: getApplicationComponentState : pkg = com.google.android.gm userId : 0
04-24 04:39:34.816  5635  5659 D PackageManager: setEnabledSetting : userId = 0 packageName = com.google.android.gm cmp = com.google.android.libraries.communications.conference.ui.callui.SingleCallActivity newState = 1 callingPackage = 10242/com.google.android.gm
04-24 04:39:34.818  5635  5659 D ApplicationPolicy: getApplicationStateEnabled : pkg = com.google.android.gm userId : 0
04-24 04:39:34.821  5635  5659 D ApplicationPolicy: getApplicationComponentState : pkg = com.google.android.gm userId : 0
04-24 04:39:34.857  5635  5659 D PackageManager: setEnabledSetting : userId = 0 packageName = com.google.android.gm cmp = com.google.android.libraries.communications.conference.ui.callui.chat.ChatActivity newState = 1 callingPackage = 10242/com.google.android.gm
04-24 04:39:34.859  5635  5659 D ApplicationPolicy: getApplicationStateEnabled : pkg = com.google.android.gm userId : 0
04-24 04:39:34.862  5635  5659 D ApplicationPolicy: getApplicationComponentState : pkg = com.google.android.gm userId : 0
04-24 04:39:34.876  5635  5659 D PackageManager: setEnabledSetting : userId = 0 packageName = com.google.android.gm cmp = com.google.android.libraries.communications.conference.ui.greenroom.GreenroomActivity newState = 1 callingPackage = 10242/com.google.android.gm
04-24 04:39:34.878  5635  5659 D ApplicationPolicy: getApplicationStateEnabled : pkg = com.google.android.gm userId : 0
04-24 04:39:34.881  5635  5659 D ApplicationPolicy: getApplicationComponentState : pkg = com.google.android.gm userId : 0
04-24 04:39:34.889 21600 21600 D BoundBrokerSvc: onBind: Intent { act=com.google.android.gms.auth.account.workaccount.START dat=chimera-action:/... cmp=com.google.android.gms/.chimera.PersistentApiService }
04-24 04:39:34.889 21600 21600 D BoundBrokerSvc: Loading bound service for intent: Intent { act=com.google.android.gms.auth.account.workaccount.START dat=chimera-action:/... cmp=com.google.android.gms/.chimera.PersistentApiService }
04-24 04:39:34.897  5635  6978 D PackageManager: setEnabledSetting : userId = 0 packageName = com.google.android.gm cmp = com.google.android.libraries.communications.conference.ui.largescreen.HomeActivityV2 newState = 1 callingPackage = 10242/com.google.android.gm
04-24 04:39:34.898  5635  6978 D ApplicationPolicy: getApplicationStateEnabled : pkg = com.google.android.gm userId : 0
04-24 04:39:34.900  5635  6978 D ApplicationPolicy: getApplicationComponentState : pkg = com.google.android.gm userId : 0
04-24 04:39:34.939  5635  6740 D PackageManager: setEnabledSetting : userId = 0 packageName = com.google.android.gm cmp = com.google.android.libraries.communications.conference.ui.home.HomeActivity newState = 1 callingPackage = 10242/com.google.android.gm
04-24 04:39:34.941  5635  6740 D ApplicationPolicy: getApplicationStateEnabled : pkg = com.google.android.gm userId : 0
04-24 04:39:34.944  5635  6740 D ApplicationPolicy: getApplicationComponentState : pkg = com.google.android.gm userId : 0
04-24 04:39:34.957  5635  6740 D PackageManager: setEnabledSetting : userId = 0 packageName = com.google.android.gm cmp = com.google.android.libraries.communications.conference.ui.intents.ConferenceUrlHandlerActivity newState = 1 callingPackage = 10242/com.google.android.gm
04-24 04:39:34.958  5635  6740 D ApplicationPolicy: getApplicationStateEnabled : pkg = com.google.android.gm userId : 0
04-24 04:39:34.961  5635  6740 D ApplicationPolicy: getApplicationComponentState : pkg = com.google.android.gm userId : 0
04-24 04:39:34.978  5635  6735 D PackageManager: setEnabledSetting : userId = 0 packageName = com.google.android.gm cmp = com.google.android.libraries.communications.conference.ui.intents.TransferCallHandlerActivity newState = 1 callingPackage = 10242/com.google.android.gm
04-24 04:39:34.980  5635  6735 D ApplicationPolicy: getApplicationStateEnabled : pkg = com.google.android.gm userId : 0
04-24 04:39:34.982  5635  6735 D ApplicationPolicy: getApplicationComponentState : pkg = com.google.android.gm userId : 0
04-24 04:39:35.006  5635  6978 D PackageManager: setEnabledSetting : userId = 0 packageName = com.google.android.gm cmp = com.google.android.libraries.communications.conference.ui.intents.ConferenceGatewayActivity newState = 1 callingPackage = 10242/com.google.android.gm
04-24 04:39:35.007  5635  6978 D ApplicationPolicy: getApplicationStateEnabled : pkg = com.google.android.gm userId : 0
04-24 04:39:35.010  5635  6978 D ApplicationPolicy: getApplicationComponentState : pkg = com.google.android.gm userId : 0
04-24 04:39:35.032 28717 28759 D ConnectivityManager: StackLog: [android.net.ConnectivityManager.sendRequestForNetwork(ConnectivityManager.java:4191)] [android.net.ConnectivityManager.registerDefaultNetworkCallbackForUid(ConnectivityManager.java:4755)] [android.net.ConnectivityManager.registerDefaultNetworkCallback(ConnectivityManager.java:4722)] [android.net.ConnectivityManager.registerDefaultNetworkCallback(ConnectivityManager.java:4696)] [jyg.b(PG:2)] [jyj.b(PG:3)] [jxn.n(PG:2)] [jxk.a(Unknown Source:0)] [jnr.<init>(PG:10)] [arce.<init>(Unknown Source:0)] [jxx.a(PG:3)] [jxz.b(PG:5)] [jmx.c(Unknown Source:4)] [yiq.invoke(PG:10)] [baov.a(PG:3)] [zvj.l(Unknown Source:2)] [zvj.c(PG:3)] [zuo.a(PG:11)] [zun.invokeSuspend(Unknown Source:11)] [barg.resumeWith(PG:5)] [bayb.run(PG:8)] [ylm.run(PG:1)] [java.util.concurrent.ThreadPoolExecutor.runWorker(ThreadPoolExecutor.java:1137)] [java.util.concurrent.ThreadPoolExecutor$Worker.run(ThreadPoolExecutor.java:637)] [xje.run(PG:23)] [java.lang.Thread.run(Thread.java:1012)] [ylp.run(PG:6)]
04-24 04:39:35.032  5635  6978 D PackageManager: setEnabledSetting : userId = 0 packageName = com.google.android.gm cmp = com.google.android.libraries.communications.conference.ui.intents.AssistantNewUrlHandlerActivity newState = 1 callingPackage = 10242/com.google.android.gm
04-24 04:39:35.034  5635  6978 D ApplicationPolicy: getApplicationStateEnabled : pkg = com.google.android.gm userId : 0
04-24 04:39:35.037  5635  6978 D ApplicationPolicy: getApplicationComponentState : pkg = com.google.android.gm userId : 0
04-24 04:39:35.041  5635  6735 D ConnectivityService: requestNetwork for uid/pid:10242/28717 activeRequest: null callbackRequest: 8795 [NetworkRequest [ REQUEST id=8796, [ Capabilities: INTERNET&NOT_RESTRICTED&TRUSTED&NOT_VCN_MANAGED Uid: 10242 RequestorUid: 10242 RequestorPkg: com.google.android.gm UnderlyingNetworks: Null] ]] callback flags: 0 order: 2147483647
04-24 04:39:35.043  5635  6162 D ConnectivityService:    accepting network in place of null
04-24 04:39:35.049  5635  6978 D PackageManager: setEnabledSetting : userId = 0 packageName = com.google.android.gm cmp = com.google.android.libraries.communications.conference.ui.settings.SettingsActivity newState = 1 callingPackage = 10242/com.google.android.gm
04-24 04:39:35.050  5635  6978 D ApplicationPolicy: getApplicationStateEnabled : pkg = com.google.android.gm userId : 0
04-24 04:39:35.052  5635  6124 D WifiNetworkFactory: got request NetworkRequest [ REQUEST id=8796, [ Capabilities: INTERNET&NOT_RESTRICTED&TRUSTED&NOT_VCN_MANAGED Uid: 10242 RequestorUid: 10242 RequestorPkg: com.google.android.gm UnderlyingNetworks: Null] ]
04-24 04:39:35.053  5635  6124 D UntrustedWifiNetworkFactory: got request NetworkRequest [ REQUEST id=8796, [ Capabilities: INTERNET&NOT_RESTRICTED&TRUSTED&NOT_VCN_MANAGED Uid: 10242 RequestorUid: 10242 RequestorPkg: com.google.android.gm UnderlyingNetworks: Null] ]
04-24 04:39:35.053  5635  6978 D ApplicationPolicy: getApplicationComponentState : pkg = com.google.android.gm userId : 0
04-24 04:39:35.055  5635  6124 D OemPaidWifiNetworkFactory: got request NetworkRequest [ REQUEST id=8796, [ Capabilities: INTERNET&NOT_RESTRICTED&TRUSTED&NOT_VCN_MANAGED Uid: 10242 RequestorUid: 10242 RequestorPkg: com.google.android.gm UnderlyingNetworks: Null] ]
04-24 04:39:35.057  5635  6124 D MultiInternetWifiNetworkFactory: got request NetworkRequest [ REQUEST id=8796, [ Capabilities: INTERNET&NOT_RESTRICTED&TRUSTED&NOT_VCN_MANAGED Uid: 10242 RequestorUid: 10242 RequestorPkg: com.google.android.gm UnderlyingNetworks: Null] ]
04-24 04:39:35.057  5635  6162 D ConnectivityService: Rematched networks [computed 1ms] [applied 2ms] [issued 12]
04-24 04:39:35.057  5635  6162 D ConnectivityService: NetworkReassignment :
04-24 04:39:35.057  5635  6162 D ConnectivityService:   8796 : null → 100
04-24 04:39:35.069 28717 28761 I org.webrtc.Logging: RingingSettingsManagerImpl: Internal ringing state: 0
04-24 04:39:35.190  6374  6652 D MobileStatusTracker(1/2): onSignalStrengthsChanged level=2, vendorLevel=1
04-24 04:39:35.195  6374  6652 D MobileSignalController(1/2): notifyListener: enabled=true, connected=true, dataConnected=true, networkType=LTE/LTE_CA (4G+), emergencyOnly=false, roaming=false, isDefault=true, dataActivity=, level=1, ca=true, mmWave=false, disabledDataIcon=false, simCard=ETC
04-24 04:39:35.196  6374  6652 D NetworkController: SignalStrength from intent slotId=1
04-24 04:39:35.220 28717 28798 D nativeloader: Configuring classloader-namespace for other apk /system/framework/com.android.media.remotedisplay.jar. target_sdk_version=33, uses_libraries=ALL, library_path=/data/app/~~fupSe7mT3TYRtpByrpi4GQ==/com.google.android.gms-bmnvTG7hLJarQuEcM9Lr_Q==/lib/arm64:/data/app/~~fupSe7mT3TYRtpByrpi4GQ==/com.google.android.gms-bmnvTG7hLJarQuEcM9Lr_Q==/base.apk!/lib/arm64-v8a, permitted_path=/data:/mnt/expand:/data/user/0/com.google.android.gms
04-24 04:39:35.220 28717 28798 D nativeloader: Extending system_exposed_libraries: libhumantracking.arcsoft.so:libPortraitDistortionCorrection.arcsoft.so:libPortraitDistortionCorrectionCali.arcsoft.so:libface_landmark.arcsoft.so:libFacialStickerEngine.arcsoft.so:libveengine.arcsoft.so:liblow_light_hdr.arcsoft.so:libhigh_dynamic_range.arcsoft.so:libFacialAttributeDetection.arcsoft.so:libBeauty_v4.camera.samsung.so:libexifa.camera.samsung.so:libjpega.camera.samsung.so:libOpenCv.camera.samsung.so:libImageScreener.camera.samsung.so:libMyFilter.camera.samsung.so:libtensorflowLite.myfilter.camera.samsung.so:libtensorflowlite_inference_api.myfilter.camera.samsung.so:libEventFinder.camera.samsung.so:libHIDTSnapJNI.camera.samsung.so:libSmartScan.camera.samsung.so:libRectify.camera.samsung.so:libDocRectifyWrapper.camera.samsung.so:libUltraWideDistortionCorrection.camera.samsung.so:libHpr_RecGAE_cvFeature_v1.0.camera.samsung.so:libHprFace_GAE_api.camera.samsung.so:libFace_Landmark_API.camera.samsung.so:libHprFace_GAE_jni.camera.samsung.so:libFacialBasedSelfieCorrec
04-24 04:39:35.255  5635  6978 D SyncManager: userId - 0 auto - true
04-24 04:39:35.292  5635  6351 D SyncManager: userId - 0 auto - true
04-24 04:39:35.301  5635  5714 W libprocessgroup: Failed to open /dev/blkio//cgroup.procs: No such file or directory
04-24 04:39:35.309  5635  5714 W libprocessgroup: Failed to open /dev/blkio//cgroup.procs: No such file or directory
04-24 04:39:35.310  5635  5714 W libprocessgroup: Failed to open /dev/blkio//cgroup.procs: No such file or directory
04-24 04:39:35.458  5635  6978 D SyncManager: userId - 0 auto - true
04-24 04:39:35.467 28717 28782 I org.webrtc.Logging: CommonClearcutLogger: Logging impression 8432
04-24 04:39:35.483 28717 28798 D nativeloader: Configuring classloader-namespace for other apk /system/framework/com.android.location.provider.jar. target_sdk_version=33, uses_libraries=ALL, library_path=/data/app/~~fupSe7mT3TYRtpByrpi4GQ==/com.google.android.gms-bmnvTG7hLJarQuEcM9Lr_Q==/lib/arm64:/data/app/~~fupSe7mT3TYRtpByrpi4GQ==/com.google.android.gms-bmnvTG7hLJarQuEcM9Lr_Q==/base.apk!/lib/arm64-v8a, permitted_path=/data:/mnt/expand:/data/user/0/com.google.android.gms
04-24 04:39:35.483 28717 28798 D nativeloader: Extending system_exposed_libraries: libhumantracking.arcsoft.so:libPortraitDistortionCorrection.arcsoft.so:libPortraitDistortionCorrectionCali.arcsoft.so:libface_landmark.arcsoft.so:libFacialStickerEngine.arcsoft.so:libveengine.arcsoft.so:liblow_light_hdr.arcsoft.so:libhigh_dynamic_range.arcsoft.so:libFacialAttributeDetection.arcsoft.so:libBeauty_v4.camera.samsung.so:libexifa.camera.samsung.so:libjpega.camera.samsung.so:libOpenCv.camera.samsung.so:libImageScreener.camera.samsung.so:libMyFilter.camera.samsung.so:libtensorflowLite.myfilter.camera.samsung.so:libtensorflowlite_inference_api.myfilter.camera.samsung.so:libEventFinder.camera.samsung.so:libHIDTSnapJNI.camera.samsung.so:libSmartScan.camera.samsung.so:libRectify.camera.samsung.so:libDocRectifyWrapper.camera.samsung.so:libUltraWideDistortionCorrection.camera.samsung.so:libHpr_RecGAE_cvFeature_v1.0.camera.samsung.so:libHprFace_GAE_api.camera.samsung.so:libFace_Landmark_API.camera.samsung.so:libHprFace_GAE_jni.camera.samsung.so:libFacialBasedSelfieCorrec
04-24 04:39:35.506 28717 28782 I org.webrtc.Logging: CommonClearcutLogger: Logging impression 8325
04-24 04:39:35.519  5635  6735 D SyncManager: userId - 0 auto - true
04-24 04:39:35.549 28717 28777 D StrictMode: StrictMode policy violation: android.os.strictmode.DiskReadViolation
04-24 04:39:35.549 28717 28777 D StrictMode: 	at android.os.StrictMode$AndroidBlockGuardPolicy.onReadFromDisk(StrictMode.java:1658)
04-24 04:39:35.549 28717 28777 D StrictMode: 	at libcore.io.BlockGuardOs.access(BlockGuardOs.java:74)
04-24 04:39:35.549 28717 28777 D StrictMode: 	at libcore.io.ForwardingOs.access(ForwardingOs.java:128)
04-24 04:39:35.549 28717 28777 D StrictMode: 	at android.app.ActivityThread$AndroidOs.access(ActivityThread.java:8610)
04-24 04:39:35.549 28717 28777 D StrictMode: 	at java.io.UnixFileSystem.checkAccess(UnixFileSystem.java:281)
04-24 04:39:35.549 28717 28777 D StrictMode: 	at java.io.File.exists(File.java:813)
04-24 04:39:35.549 28717 28777 D StrictMode: 	at android.app.ContextImpl.ensurePrivateDirExists(ContextImpl.java:790)
04-24 04:39:35.549 28717 28777 D StrictMode: 	at android.app.ContextImpl.ensurePrivateDirExists(ContextImpl.java:781)
04-24 04:39:35.549 28717 28777 D StrictMode: 	at android.app.ContextImpl.getPreferencesDir(ContextImpl.java:737)
04-24 04:39:35.549 28717 28777 D StrictMode: 	at android.app.ContextImpl.getSharedPreferencesPath(ContextImpl.java:975)
04-24 04:39:35.549 28717 28777 D StrictMode: 	at android.app.ContextImpl.getSharedPreferences(ContextImpl.java:573)
04-24 04:39:35.549 28717 28777 D StrictMode: 	at android.content.ContextWrapper.getSharedPreferences(ContextWrapper.java:226)
04-24 04:39:35.549 28717 28777 D StrictMode: 	at pfj.b(PG:3)
04-24 04:39:35.549 28717 28777 D StrictMode: 	at opz.f(Unknown Source:2)
04-24 04:39:35.549 28717 28777 D StrictMode: 	at kde.a(PG:12)
04-24 04:39:35.549 28717 28777 D StrictMode: 	at auvy.c(PG:2)
04-24 04:39:35.549 28717 28777 D StrictMode: 	at auwa.run(PG:9)
04-24 04:39:35.549 28717 28777 D StrictMode: 	at ylm.run(PG:1)
04-24 04:39:35.549 28717 28777 D StrictMode: 	at java.util.concurrent.ThreadPoolExecutor.runWorker(ThreadPoolExecutor.java:1137)
04-24 04:39:35.549 28717 28777 D StrictMode: 	at java.util.concurrent.ThreadPoolExecutor$Worker.run(ThreadPoolExecutor.java:637)
04-24 04:39:35.549 28717 28777 D StrictMode: 	at xje.run(PG:23)
04-24 04:39:35.549 28717 28777 D StrictMode: 	at java.lang.Thread.run(Thread.java:1012)
04-24 04:39:35.549 28717 28777 D StrictMode: 	at ylp.run(PG:6)
04-24 04:39:35.554 28717 28777 D StrictMode: StrictMode policy violation: android.os.strictmode.DiskReadViolation
04-24 04:39:35.554 28717 28777 D StrictMode: 	at android.os.StrictMode$AndroidBlockGuardPolicy.onReadFromDisk(StrictMode.java:1658)
04-24 04:39:35.554 28717 28777 D StrictMode: 	at android.app.SharedPreferencesImpl.awaitLoadedLocked(SharedPreferencesImpl.java:279)
04-24 04:39:35.554 28717 28777 D StrictMode: 	at android.app.SharedPreferencesImpl.getString(SharedPreferencesImpl.java:305)
04-24 04:39:35.554 28717 28777 D StrictMode: 	at opz.f(Unknown Source:9)
04-24 04:39:35.554 28717 28777 D StrictMode: 	at kde.a(PG:12)
04-24 04:39:35.554 28717 28777 D StrictMode: 	at auvy.c(PG:2)
04-24 04:39:35.554 28717 28777 D StrictMode: 	at auwa.run(PG:9)
04-24 04:39:35.554 28717 28777 D StrictMode: 	at ylm.run(PG:1)
04-24 04:39:35.554 28717 28777 D StrictMode: 	at java.util.concurrent.ThreadPoolExecutor.runWorker(ThreadPoolExecutor.java:1137)
04-24 04:39:35.554 28717 28777 D StrictMode: 	at java.util.concurrent.ThreadPoolExecutor$Worker.run(ThreadPoolExecutor.java:637)
04-24 04:39:35.554 28717 28777 D StrictMode: 	at xje.run(PG:23)
04-24 04:39:35.554 28717 28777 D StrictMode: 	at java.lang.Thread.run(Thread.java:1012)
04-24 04:39:35.554 28717 28777 D StrictMode: 	at ylp.run(PG:6)
04-24 04:39:35.581 28717 28798 W ziparchive: Unable to open '/system_ext/framework/org.carconnectivity.android.digitalkey.timesync.dm': No such file or directory
04-24 04:39:35.582 28717 28798 W ziparchive: Unable to open '/system_ext/framework/org.carconnectivity.android.digitalkey.timesync.dm': No such file or directory
04-24 04:39:35.588 28717 28798 D nativeloader: Configuring classloader-namespace for other apk /system_ext/framework/org.carconnectivity.android.digitalkey.timesync.jar. target_sdk_version=33, uses_libraries=ALL, library_path=/data/app/~~fupSe7mT3TYRtpByrpi4GQ==/com.google.android.gms-bmnvTG7hLJarQuEcM9Lr_Q==/lib/arm64:/data/app/~~fupSe7mT3TYRtpByrpi4GQ==/com.google.android.gms-bmnvTG7hLJarQuEcM9Lr_Q==/base.apk!/lib/arm64-v8a, permitted_path=/data:/mnt/expand:/data/user/0/com.google.android.gms
04-24 04:39:35.588 28717 28798 D nativeloader: Extending system_exposed_libraries: libhumantracking.arcsoft.so:libPortraitDistortionCorrection.arcsoft.so:libPortraitDistortionCorrectionCali.arcsoft.so:libface_landmark.arcsoft.so:libFacialStickerEngine.arcsoft.so:libveengine.arcsoft.so:liblow_light_hdr.arcsoft.so:libhigh_dynamic_range.arcsoft.so:libFacialAttributeDetection.arcsoft.so:libBeauty_v4.camera.samsung.so:libexifa.camera.samsung.so:libjpega.camera.samsung.so:libOpenCv.camera.samsung.so:libImageScreener.camera.samsung.so:libMyFilter.camera.samsung.so:libtensorflowLite.myfilter.camera.samsung.so:libtensorflowlite_inference_api.myfilter.camera.samsung.so:libEventFinder.camera.samsung.so:libHIDTSnapJNI.camera.samsung.so:libSmartScan.camera.samsung.so:libRectify.camera.samsung.so:libDocRectifyWrapper.camera.samsung.so:libUltraWideDistortionCorrection.camera.samsung.so:libHpr_RecGAE_cvFeature_v1.0.camera.samsung.so:libHprFace_GAE_api.camera.samsung.so:libFace_Landmark_API.camera.samsung.so:libHprFace_GAE_jni.camera.samsung.so:libFacialBasedSelfieCorrec
04-24 04:39:35.638 28717 28842 D nativeloader: Configuring classloader-namespace for other apk . target_sdk_version=33, uses_libraries=ALL, library_path=/data/user_de/0/com.google.android.gms/app_chimera/m/000003db/CronetDynamite.apk!/lib/arm64-v8a, permitted_path=/data:/mnt/expand
04-24 04:39:35.638 28717 28842 D nativeloader: Extending system_exposed_libraries: libhumantracking.arcsoft.so:libPortraitDistortionCorrection.arcsoft.so:libPortraitDistortionCorrectionCali.arcsoft.so:libface_landmark.arcsoft.so:libFacialStickerEngine.arcsoft.so:libveengine.arcsoft.so:liblow_light_hdr.arcsoft.so:libhigh_dynamic_range.arcsoft.so:libFacialAttributeDetection.arcsoft.so:libBeauty_v4.camera.samsung.so:libexifa.camera.samsung.so:libjpega.camera.samsung.so:libOpenCv.camera.samsung.so:libImageScreener.camera.samsung.so:libMyFilter.camera.samsung.so:libtensorflowLite.myfilter.camera.samsung.so:libtensorflowlite_inference_api.myfilter.camera.samsung.so:libEventFinder.camera.samsung.so:libHIDTSnapJNI.camera.samsung.so:libSmartScan.camera.samsung.so:libRectify.camera.samsung.so:libDocRectifyWrapper.camera.samsung.so:libUltraWideDistortionCorrection.camera.samsung.so:libHpr_RecGAE_cvFeature_v1.0.camera.samsung.so:libHprFace_GAE_api.camera.samsung.so:libFace_Landmark_API.camera.samsung.so:libHprFace_GAE_jni.camera.samsung.so:libFacialBasedSelfieCorrec
04-24 04:39:35.664 28717 28851 D ConnectivityManager: StackLog: [android.net.ConnectivityManager.sendRequestForNetwork(ConnectivityManager.java:4191)] [android.net.ConnectivityManager.registerDefaultNetworkCallbackForUid(ConnectivityManager.java:4755)] [android.net.ConnectivityManager.registerDefaultNetworkCallback(ConnectivityManager.java:4722)] [gz.b(:com.google.android.gms.dynamite_cronetdynamite@231312044@23.13.12 (190400-0):3)] [gu.<init>(:com.google.android.gms.dynamite_cronetdynamite@231312044@23.13.12 (190400-0):9)] [org.chromium.net.NetworkChangeNotifier.g(:com.google.android.gms.dynamite_cronetdynamite@231312044@23.13.12 (190400-0):4)] [org.chromium.net.impl.CronetLibraryLoader.b(:com.google.android.gms.dynamite_cronetdynamite@231312044@23.13.12 (190400-0):2)] [hv.run(:com.google.android.gms.dynamite_cronetdynamite@231312044@23.13.12 (190400-0):0)]
04-24 04:39:35.667  5635  6735 D ConnectivityService: requestNetwork for uid/pid:10242/28717 activeRequest: null callbackRequest: 8797 [NetworkRequest [ REQUEST id=8798, [ Capabilities: INTERNET&NOT_RESTRICTED&TRUSTED&NOT_VCN_MANAGED Uid: 10242 RequestorUid: 10242 RequestorPkg: com.google.android.gm UnderlyingNetworks: Null] ]] callback flags: 0 order: 2147483647
04-24 04:39:35.669  5635  6162 D ConnectivityService:    accepting network in place of null
04-24 04:39:35.681 28717 28851 D ConnectivityManager: StackLog: [android.net.ConnectivityManager.sendRequestForNetwork(ConnectivityManager.java:4191)] [android.net.ConnectivityManager.sendRequestForNetwork(ConnectivityManager.java:4233)] [android.net.ConnectivityManager.registerNetworkCallback(ConnectivityManager.java:4615)] [gz.b(:com.google.android.gms.dynamite_cronetdynamite@231312044@23.13.12 (190400-0):7)] [gu.<init>(:com.google.android.gms.dynamite_cronetdynamite@231312044@23.13.12 (190400-0):9)] [org.chromium.net.NetworkChangeNotifier.g(:com.google.android.gms.dynamite_cronetdynamite@231312044@23.13.12 (190400-0):4)] [org.chromium.net.impl.CronetLibraryLoader.b(:com.google.android.gms.dynamite_cronetdynamite@231312044@23.13.12 (190400-0):2)] [hv.run(:com.google.android.gms.dynamite_cronetdynamite@231312044@23.13.12 (190400-0):0)]
04-24 04:39:35.684  5635  6124 D WifiNetworkFactory: got request NetworkRequest [ REQUEST id=8798, [ Capabilities: INTERNET&NOT_RESTRICTED&TRUSTED&NOT_VCN_MANAGED Uid: 10242 RequestorUid: 10242 RequestorPkg: com.google.android.gm UnderlyingNetworks: Null] ]
04-24 04:39:35.702  5635  6124 D UntrustedWifiNetworkFactory: got request NetworkRequest [ REQUEST id=8798, [ Capabilities: INTERNET&NOT_RESTRICTED&TRUSTED&NOT_VCN_MANAGED Uid: 10242 RequestorUid: 10242 RequestorPkg: com.google.android.gm UnderlyingNetworks: Null] ]
04-24 04:39:35.702  5635  6124 D OemPaidWifiNetworkFactory: got request NetworkRequest [ REQUEST id=8798, [ Capabilities: INTERNET&NOT_RESTRICTED&TRUSTED&NOT_VCN_MANAGED Uid: 10242 RequestorUid: 10242 RequestorPkg: com.google.android.gm UnderlyingNetworks: Null] ]
04-24 04:39:35.702  5635  6124 D MultiInternetWifiNetworkFactory: got request NetworkRequest [ REQUEST id=8798, [ Capabilities: INTERNET&NOT_RESTRICTED&TRUSTED&NOT_VCN_MANAGED Uid: 10242 RequestorUid: 10242 RequestorPkg: com.google.android.gm UnderlyingNetworks: Null] ]
04-24 04:39:35.705  5635  6162 D ConnectivityService: Rematched networks [computed 0ms] [applied 1ms] [issued 32]
04-24 04:39:35.705  5635  6162 D ConnectivityService: NetworkReassignment :
04-24 04:39:35.705  5635  6162 D ConnectivityService:   8798 : null → 100
04-24 04:39:35.713  5635  6162 D ConnectivityService: Rematched networks [computed 0ms] [applied 3ms] [issued 4]
04-24 04:39:35.714  5635  6162 D ConnectivityService: NetworkReassignment : no changes
04-24 04:39:35.792 28717 28780 D StrictMode: StrictMode policy violation: android.os.strictmode.DiskReadViolation
04-24 04:39:35.792 28717 28780 D StrictMode: 	at android.os.StrictMode$AndroidBlockGuardPolicy.onReadFromDisk(StrictMode.java:1658)
04-24 04:39:35.792 28717 28780 D StrictMode: 	at android.app.SharedPreferencesImpl.hasFileChangedUnexpectedly(SharedPreferencesImpl.java:248)
04-24 04:39:35.792 28717 28780 D StrictMode: 	at android.app.SharedPreferencesImpl.startReloadIfChangedUnexpectedly(SharedPreferencesImpl.java:224)
04-24 04:39:35.792 28717 28780 D StrictMode: 	at android.app.ContextImpl.getSharedPreferences(ContextImpl.java:617)
04-24 04:39:35.792 28717 28780 D StrictMode: 	at android.app.ContextImpl.getSharedPreferences(ContextImpl.java:577)
04-24 04:39:35.792 28717 28780 D StrictMode: 	at android.content.ContextWrapper.getSharedPreferences(ContextWrapper.java:226)
04-24 04:39:35.792 28717 28780 D StrictMode: 	at android.content.ContextWrapper.getSharedPreferences(ContextWrapper.java:226)
04-24 04:39:35.792 28717 28780 D StrictMode: 	at com.google.android.gms.ads.identifier.settings.b.b(:com.google.android.gms@231312044@23.13.12 (190400-519946965):0)
04-24 04:39:35.792 28717 28780 D StrictMode: 	at com.google.android.gms.ads.identifier.settings.b.m(:com.google.android.gms@231312044@23.13.12 (190400-519946965):1)
04-24 04:39:35.792 28717 28780 D StrictMode: 	at com.google.android.gms.ads.identifier.settings.b.o(:com.google.android.gms@231312044@23.13.12 (190400-519946965):1)
04-24 04:39:35.792 28717 28780 D StrictMode: 	at com.google.android.gms.ads.identifier.settings.b.f(:com.google.android.gms@231312044@23.13.12 (190400-519946965):1)
04-24 04:39:35.792 28717 28780 D StrictMode: 	at com.google.android.gms.ads.identifier.internal.c.g(:com.google.android.gms@231312044@23.13.12 (190400-519946965):0)
04-24 04:39:35.792 28717 28780 D StrictMode: 	at com.google.android.gms.ads.identifier.internal.c.em(:com.google.android.gms@231312044@23.13.12 (190400-519946965):17)
04-24 04:39:35.792 28717 28780 D StrictMode: 	at gsn.onTransact(:com.google.android.gms@231312044@23.13.12 (190400-519946965):5)
04-24 04:39:35.792 28717 28780 D StrictMode: 	at android.os.Binder.transact(Binder.java:1200)
04-24 04:39:35.792 28717 28780 D StrictMode: 	at aszx.onTransact(:com.google.android.gms@231312044@23.13.12 (190400-519946965):1)
04-24 04:39:35.792 28717 28780 D StrictMode: 	at android.os.Binder.transact(Binder.java:1200)
04-24 04:39:35.792 28717 28780 D StrictMode: 	at aneb.onTransact(:com.google.android.gms@231312044@23.13.12 (190400-519946965):19)
04-24 04:39:35.792 28717 28780 D StrictMode: 	at android.os.Binder.execTransactInternal(Binder.java:1316)
04-24 04:39:35.792 28717 28780 D StrictMode: 	at android.os.Binder.execTransact(Binder.java:1280)
04-24 04:39:35.792 28717 28780 D StrictMode: # via Binder call with stack:
04-24 04:39:35.792 28717 28780 D StrictMode: 	at android.os.StrictMode.readAndHandleBinderCallViolations(StrictMode.java:2496)
04-24 04:39:35.792 28717 28780 D StrictMode: 	at android.os.Parcel.readExceptionCode(Parcel.java:2968)
04-24 04:39:35.792 28717 28780 D StrictMode: 	at android.os.Parcel.readException(Parcel.java:2929)
04-24 04:39:35.792 28717 28780 D StrictMode: 	at kbh.s(PG:2)
04-24 04:39:35.792 28717 28780 D StrictMode: 	at gmh.run(PG:98)
04-24 04:39:35.792 28717 28780 D StrictMode: 	at ylm.run(PG:1)
04-24 04:39:35.792 28717 28780 D StrictMode: 	at java.util.concurrent.ThreadPoolExecutor.runWorker(ThreadPoolExecutor.java:1137)
04-24 04:39:35.792 28717 28780 D StrictMode: 	at java.util.concurrent.ThreadPoolExecutor$Worker.run(ThreadPoolExecutor.java:637)
04-24 04:39:35.792 28717 28780 D StrictMode: 	at xje.run(PG:23)
04-24 04:39:35.792 28717 28780 D StrictMode: 	at java.lang.Thread.run(Thread.java:1012)
04-24 04:39:35.792 28717 28780 D StrictMode: 	at ylp.run(PG:6)
04-24 04:39:35.793 28717 28842 I cr_CronetLibraryLoader: Cronet version: 111.0.5563.55, arch: aarch64
04-24 04:39:35.798  5635  5653 I system_server: Background young concurrent copying GC freed 137785(8802KB) AllocSpace objects, 14(784KB) LOS objects, 7% free, 105MB/114MB, paused 471us,424us total 115.875ms
04-24 04:39:35.799 28717 28816 W libc    : Access denied finding property "sys.perf.boostopt"
04-24 04:39:35.799  5216  5216 E audit   : type=1400 audit(1682303975.795:57664): avc:  denied  { read } for  pid=28717 comm="binder:28717_4" name="u:object_r:perf_prop:s0" dev="tmpfs" ino=17922 scontext=u:r:untrusted_app:s0:c242,c256,c512,c768 tcontext=u:object_r:perf_prop:s0 tclass=file permissive=0 SEPF_SM-A515F_13_0001 audit_filtered
04-24 04:39:35.799  5216  5216 E audit   : type=1300 audit(1682303975.795:57664): arch=c00000b7 syscall=56 success=no exit=-13 a0=ffffff9c a1=700a0bf2f8 a2=88000 a3=0 items=0 ppid=5241 pid=28717 auid=4294967295 uid=10242 gid=10242 euid=10242 suid=10242 fsuid=10242 egid=10242 sgid=10242 fsgid=10242 tty=(none) ses=4294967295 comm="binder:28717_4" exe="/system/bin/app_process64" subj=u:r:untrusted_app:s0:c242,c256,c512,c768 key=(null)
04-24 04:39:35.799  5216  5216 E audit   : type=1327 audit(1682303975.795:57664): proctitle="com.google.android.gm"
04-24 04:39:35.830 28717 28780 D StrictMode: StrictMode policy violation: android.os.strictmode.DiskReadViolation
04-24 04:39:35.830 28717 28780 D StrictMode: 	at android.os.StrictMode$AndroidBlockGuardPolicy.onReadFromDisk(StrictMode.java:1658)
04-24 04:39:35.830 28717 28780 D StrictMode: 	at libcore.io.BlockGuardOs.stat(BlockGuardOs.java:419)
04-24 04:39:35.830 28717 28780 D StrictMode: 	at libcore.io.ForwardingOs.stat(ForwardingOs.java:846)
04-24 04:39:35.830 28717 28780 D StrictMode: 	at android.app.ActivityThread$AndroidOs.stat(ActivityThread.java:8633)
04-24 04:39:35.830 28717 28780 D StrictMode: 	at android.system.Os.stat(Os.java:904)
04-24 04:39:35.830 28717 28780 D StrictMode: 	at android.app.SharedPreferencesImpl.hasFileChangedUnexpectedly(SharedPreferencesImpl.java:249)
04-24 04:39:35.830 28717 28780 D StrictMode: 	at android.app.SharedPreferencesImpl.startReloadIfChangedUnexpectedly(SharedPreferencesImpl.java:224)
04-24 04:39:35.830 28717 28780 D StrictMode: 	at android.app.ContextImpl.getSharedPreferences(ContextImpl.java:617)
04-24 04:39:35.830 28717 28780 D StrictMode: 	at android.app.ContextImpl.getSharedPreferences(ContextImpl.java:577)
04-24 04:39:35.830 28717 28780 D StrictMode: 	at android.content.ContextWrapper.getSharedPreferences(ContextWrapper.java:226)
04-24 04:39:35.830 28717 28780 D StrictMode: 	at android.content.ContextWrapper.getSharedPreferences(ContextWrapper.java:226)
04-24 04:39:35.830 28717 28780 D StrictMode: 	at com.google.android.gms.ads.identifier.settings.b.b(:com.google.android.gms@231312044@23.13.12 (190400-519946965):0)
04-24 04:39:35.830 28717 28780 D StrictMode: 	at com.google.android.gms.ads.identifier.settings.b.m(:com.google.android.gms@231312044@23.13.12 (190400-519946965):1)
04-24 04:39:35.830 28717 28780 D StrictMode: 	at com.google.android.gms.ads.identifier.settings.b.o(:com.google.android.gms@231312044@23.13.12 (190400-519946965):1)
04-24 04:39:35.830 28717 28780 D StrictMode: 	at com.google.android.gms.ads.identifier.settings.b.f(:com.google.android.gms@231312044@23.13.12 (190400-519946965):1)
04-24 04:39:35.830 28717 28780 D StrictMode: 	at com.google.android.gms.ads.identifier.internal.c.g(:com.google.android.gms@231312044@23.13.12 (190400-519946965):0)
