04-30 01:20:23.527  4623  4623 W keymaster_tee: [WRN]begin req PARAMS: A32 B2 P64
04-30 01:20:23.543 17927 17947 W libc    : Access denied finding property "sys.perf.boostopt"
04-30 01:20:23.593  5429  5488 W libprocessgroup: Failed to open /dev/blkio//cgroup.procs: No such file or directory
04-30 01:20:23.599 17927 17927 D CompatibilityChangeReporter: Compat change id reported: 171979766; UID 10238; state: ENABLED
04-30 01:20:23.854 17927 17927 W ziparchive: Unable to open '/data/app/~~zPEN1d0V-d7vcRV7vzGIkw==/com.google.android.trichromelibrary_561513633-KXsKdMSqVctmbOZ9oI8TRA==/base.dm': No such file or directory
04-30 01:20:23.854 17927 17927 W ziparchive: Unable to open '/data/app/~~zPEN1d0V-d7vcRV7vzGIkw==/com.google.android.trichromelibrary_561513633-KXsKdMSqVctmbOZ9oI8TRA==/base.dm': No such file or directory
04-30 01:20:23.868 17798 17945 W libc    : Access denied finding property "sys.perf.boostopt"
04-30 01:20:23.869 17927 17927 W .android.chrome: Entry not found
04-30 01:20:23.890 30292 30299 I d.process.acore: Method exceeds compiler instruction limit: 19824 in android.database.Cursor com.android.providers.contacts.ContactsProvider2.c4(android.net.Uri, java.lang.String[], java.lang.String, java.lang.String[], java.lang.String, long, android.os.CancellationSignal, com.android.providers.contacts.util.sec.KnoxUtils)
04-30 01:20:23.911 17927 17927 D nativeloader: Configuring classloader-namespace for other apk /data/app/~~zPEN1d0V-d7vcRV7vzGIkw==/com.google.android.trichromelibrary_561513633-KXsKdMSqVctmbOZ9oI8TRA==/base.apk. target_sdk_version=33, uses_libraries=ALL, library_path=/data/app/~~tAryp4KSSTje0b6VLtn0Hg==/com.android.chrome-tQeXBKl-Y_JUbf2y2Nt2Sw==/lib/arm:/data/app/~~tAryp4KSSTje0b6VLtn0Hg==/com.android.chrome-tQeXBKl-Y_JUbf2y2Nt2Sw==/base.apk!/lib/armeabi-v7a:/data/app/~~zPEN1d0V-d7vcRV7vzGIkw==/com.google.android.trichromelibrary_561513633-KXsKdMSqVctmbOZ9oI8TRA==/base.apk!/lib/armeabi-v7a, permitted_path=/data:/mnt/expand:/data/user/0/com.android.chrome
04-30 01:20:23.912 17927 17927 D nativeloader: Extending system_exposed_libraries: libhumantracking.arcsoft.so:libPortraitDistortionCorrection.arcsoft.so:libPortraitDistortionCorrectionCali.arcsoft.so:libface_landmark.arcsoft.so:libFacialStickerEngine.arcsoft.so:libveengine.arcsoft.so:liblow_light_hdr.arcsoft.so:libhigh_dynamic_range.arcsoft.so:libFacialAttributeDetection.arcsoft.so:libBeauty_v4.camera.samsung.so:libexifa.camera.samsung.so:libjpega.camera.samsung.so:libOpenCv.camera.samsung.so:libImageScreener.camera.samsung.so:libMyFilter.camera.samsung.so:libtensorflowLite.myfilter.camera.samsung.so:libtensorflowlite_inference_api.myfilter.camera.samsung.so:libEventFinder.camera.samsung.so:libHIDTSnapJNI.camera.samsung.so:libSmartScan.camera.samsung.so:libRectify.camera.samsung.so:libDocRectifyWrapper.camera.samsung.so:libUltraWideDistortionCorrection.camera.samsung.so:libHpr_RecGAE_cvFeature_v1.0.camera.samsung.so:libHprFace_GAE_api.camera.samsung.so:libFace_Landmark_API.camera.samsung.so:libHprFace_GAE_jni.camera.samsung.so:libFacialBasedSelfieCorrec
04-30 01:20:23.948 17927 17927 D nativeloader: Configuring classloader-namespace for other apk /data/app/~~tAryp4KSSTje0b6VLtn0Hg==/com.android.chrome-tQeXBKl-Y_JUbf2y2Nt2Sw==/base.apk. target_sdk_version=33, uses_libraries=, library_path=/data/app/~~tAryp4KSSTje0b6VLtn0Hg==/com.android.chrome-tQeXBKl-Y_JUbf2y2Nt2Sw==/lib/arm:/data/app/~~tAryp4KSSTje0b6VLtn0Hg==/com.android.chrome-tQeXBKl-Y_JUbf2y2Nt2Sw==/base.apk!/lib/armeabi-v7a:/data/app/~~zPEN1d0V-d7vcRV7vzGIkw==/com.google.android.trichromelibrary_561513633-KXsKdMSqVctmbOZ9oI8TRA==/base.apk!/lib/armeabi-v7a, permitted_path=/data:/mnt/expand:/data/user/0/com.android.chrome
04-30 01:20:23.973 17927 17927 W .android.chrome: JIT profile information will not be recorded: profile file does not exist.
04-30 01:20:23.973 17927 17927 W .android.chrome: JIT profile information will not be recorded: profile file does not exist.
04-30 01:20:24.044 17927 17927 V GraphicsEnvironment: ANGLE Developer option for 'com.android.chrome' set to: 'default'
04-30 01:20:24.046 17927 17927 V GraphicsEnvironment: ANGLE GameManagerService for com.android.chrome: false
04-30 01:20:24.046 17927 17927 V GraphicsEnvironment: Neither updatable production driver nor prerelease driver is supported.
04-30 01:20:24.061 17927 17927 I LoadedApk: No resource references to update in package com.google.android.trichromelibrary
04-30 01:20:24.062 17927 17927 D NetworkSecurityConfig: Using Network Security Config from resource 0_resource_name_obfuscated debugBuild: false
04-30 01:20:24.081 17927 17927 D NetworkSecurityConfig: Using Network Security Config from resource 0_resource_name_obfuscated debugBuild: false
04-30 01:20:24.096  5429  7411 D SemWifiUsabilityStatsMonitor: onWifiUsabilityStats - seqNum 24924, isSameBssidAndFreq true
04-30 01:20:24.101  5429  5717 I SemWifiLinkQualityMonitor: Link Qos Query: 0.066 ms / 120.841 Mbps (130 / 0.000 / 1.076)
04-30 01:20:24.104 17927 17927 I cr_SplitCompatApp: Launched version=112.0.5615.136 minSdkVersion=29 isBundle=true processName=com.android.chrome isIsolated=false
04-30 01:20:24.281  5429  5739 D WifiConnectivityMonitor: called startWcmPoll but already Ongoing
04-30 01:20:24.281  5429  5739 D SemWifiRssiBasePoller: RSSI_BASE_STOP
04-30 01:20:24.313 17927 17969 I cr_LibraryLoader: Loading monochrome from within /data/app/~~tAryp4KSSTje0b6VLtn0Hg==/com.android.chrome-tQeXBKl-Y_JUbf2y2Nt2Sw==/base.apk
04-30 01:20:24.460  9200  9213 I FontLog : Received query Google Sans, URI content://com.google.android.gms.fonts [CONTEXT service_id=132 ]
04-30 01:20:24.461  9200  9213 I FontLog : Query [Google Sans] resolved to {Google Sans, wdth 100.0, wght 400, ital 0.0, bestEffort false} [CONTEXT service_id=132 ]
04-30 01:20:24.467  9200  9213 I FontLog : Font PFD returned from cache for {Google Sans, wdth 100.0, wght 400, ital 0.0, bestEffort false} [CONTEXT service_id=132 ]
04-30 01:20:24.475  9200  9213 I FontLog : Fetch {Google Sans, wdth 100.0, wght 400, ital 0.0, bestEffort false} end status Status{statusCode=SUCCESS, resolution=null} [CONTEXT service_id=132 ]
04-30 01:20:24.605 17927 17969 I cr_LibraryLoader: Successfully loaded native library
04-30 01:20:24.605  9200  9213 I FontLog : Pulling font file for id = 20, cache size = 6 [CONTEXT service_id=132 ]
04-30 01:20:24.617 17927 17969 I cr_CachingUmaRecorder: Flushed 26 samples from 23 histograms.
04-30 01:20:24.665  9200  9213 I FontLog : Received query Google Sans:500, URI content://com.google.android.gms.fonts [CONTEXT service_id=132 ]
04-30 01:20:24.669  9200  9213 I FontLog : Query [Google Sans:500] resolved to {Google Sans, wdth 100.0, wght 500, ital 0.0, bestEffort false} [CONTEXT service_id=132 ]
04-30 01:20:24.673  9200  9213 I FontLog : Font PFD returned from cache for {Google Sans, wdth 100.0, wght 500, ital 0.0, bestEffort false} [CONTEXT service_id=132 ]
04-30 01:20:24.673  9200  9213 I FontLog : Fetch {Google Sans, wdth 100.0, wght 500, ital 0.0, bestEffort false} end status Status{statusCode=SUCCESS, resolution=null} [CONTEXT service_id=132 ]
04-30 01:20:24.680  9200  9213 I FontLog : Pulling font file for id = 21, cache size = 6 [CONTEXT service_id=132 ]
04-30 01:20:24.706  9200  9213 I FontLog : Received query Google Sans:700, URI content://com.google.android.gms.fonts [CONTEXT service_id=132 ]
04-30 01:20:24.706  9200  9213 I FontLog : Query [Google Sans:700] resolved to {Google Sans, wdth 100.0, wght 700, ital 0.0, bestEffort false} [CONTEXT service_id=132 ]
04-30 01:20:24.710  9200  9213 I FontLog : Fetch {Google Sans, wdth 100.0, wght 700, ital 0.0, bestEffort false} end status Status{statusCode=SUCCESS, resolution=null} [CONTEXT service_id=132 ]
04-30 01:20:24.728  9200  9213 I FontLog : Pulling font file for id = 22, cache size = 7 [CONTEXT service_id=132 ]
04-30 01:20:24.936  5429  5488 W libprocessgroup: Failed to open /dev/blkio//cgroup.procs: No such file or directory
04-30 01:20:24.945  5429  5488 W libprocessgroup: Failed to open /dev/blkio//cgroup.procs: No such file or directory
04-30 01:20:25.287  4899  4899 E audit   : type=1400 audit(1682810425.283:84821): avc:  denied  { read } for  pid=17898 comm="binder:17898_3" name="u:object_r:perf_prop:s0" dev="tmpfs" ino=21617 scontext=u:r:platform_app:s0:c512,c768 tcontext=u:object_r:perf_prop:s0 tclass=file permissive=0 SEPF_SM-A515F_13_0001 audit_filtered
04-30 01:20:25.287  4899  4899 E audit   : type=1300 audit(1682810425.283:84821): arch=c00000b7 syscall=56 success=no exit=-13 a0=ffffff9c a1=78049b52f8 a2=88000 a3=0 items=0 ppid=4924 pid=17898 auid=4294967295 uid=10059 gid=10059 euid=10059 suid=10059 fsuid=10059 egid=10059 sgid=10059 fsgid=10059 tty=(none) ses=4294967295 comm="binder:17898_3" exe="/system/bin/app_process64" subj=u:r:platform_app:s0:c512,c768 key=(null)
04-30 01:20:25.287  4899  4899 E audit   : type=1327 audit(1682810425.283:84821): proctitle="com.sec.android.provider.badge"
04-30 01:20:25.288 17898 17917 W libc    : Access denied finding property "sys.perf.boostopt"
04-30 01:20:26.092 29954 17980 I GmscoreIpa: Starting mediastore instant index [CONTEXT service_id=255 ]
04-30 01:20:27.138  5429  7411 D SemWifiUsabilityStatsMonitor: onWifiUsabilityStats - seqNum 24925, isSameBssidAndFreq true
04-30 01:20:27.142  5429  5717 I SemWifiLinkQualityMonitor: Link Qos Query: 0.064 ms / 125.444 Mbps (130 / 0.000 / 1.036)
04-30 01:20:30.179  5429  7411 D SemWifiUsabilityStatsMonitor: onWifiUsabilityStats - seqNum 24926, isSameBssidAndFreq true
04-30 01:20:30.182  5429  5717 I SemWifiLinkQualityMonitor: Link Qos Query: 0.064 ms / 125.444 Mbps (130 / 0.000 / 1.036)
04-30 01:20:30.182  5878  5878 D NetworkController.WifiSignalController: notifyListener: visible=true, connected=true, inetCondition=1, isDefault=true, wifiTestReported=true, receivedInetCondition=-1, hideDuringMobileSwitching=false
04-30 01:20:30.183  5878  6043 D Tile.WifiTile: handleUpdateState isTransient=false transientEnabling =false cb.isTransient=false state.state = 2 mStateBeforeClick.value =false enabled =true
04-30 01:20:31.290  8401  9381 I BluetoothAdapter: STATE_ON
04-30 01:20:31.297  8401  9381 D BluetoothGatt: connect() - device: 645DF4_1, auto: false
04-30 01:20:31.297  8401  9381 D BluetoothGatt: registerApp()
04-30 01:20:31.298  8401  9381 D BluetoothGatt: registerApp() - UUID=1e8d16ee-9a74-43de-a09f-638c091fb340
04-30 01:20:31.319  6118  6131 D BtGatt.GattService: registerClient(com.google.android.googlequicksearchbox) - UUID=1e8d16ee-9a74-43de-a09f-638c091fb340
04-30 01:20:31.336  6118  6131 D BtGatt.ContextMap: add() - appUid: 10233, appPid: 8401, appName: com.google.android.googlequicksearchbox
04-30 01:20:31.347  6118  6631 W bt_bta_gattc: bta_gattc_register :: state: 2, uuid=1e8d16ee-9a74-43de-a09f-638c091fb340
04-30 01:20:31.350  8401  9381 I GattConnObserver: GATT connect started, beginning countdown timer
04-30 01:20:31.350  6118  6631 W bt_bta_gattc: Registered GATT client interface 6 with uuid=1e8d16ee-9a74-43de-a09f-638c091fb340, starting it on main thread
04-30 01:20:31.352  6118  6631 W bt_bta_gattc: client_if=6
04-30 01:20:31.353  6118  6324 D BtGatt.GattService: onClientRegistered() - UUID=1e8d16ee-9a74-43de-a09f-638c091fb340, clientIf=6
04-30 01:20:31.361  8401 11900 D BluetoothGatt: onClientRegistered() - status=0 clientIf=6
04-30 01:20:31.383  6118  6131 D BtGatt.GattService: clientConnect(com.google.android.googlequicksearchbox) - address = 645DF4_1, isDirect=true transport =2 set own addr = false own addr type:0, clientIf: 6, opportunistic=false, phy: 1
04-30 01:20:31.396  6118  6631 W bt_btm_ble: BTM_SecAddBleDevice :: dev_type=0x3
04-30 01:20:31.403  6118  6631 W bt_bta_gattc: bta_gattc_process_api_open
04-30 01:20:31.412  6118  6631 I bt_stack: [INFO:bta_gattc_main.cc(314)] bta_gattc_sm_execute: State 0x00, Event 0x1f00
04-30 01:20:31.413  6118  6631 W bt_bta_gattc: bta_gattc_open
04-30 01:20:31.414  6118  6631 W bt_stack: [WARNING:gatt_api.cc(1238)] GATT_Connect
04-30 01:20:31.417  6118  6631 W bt_stack: Starting direct connect gatt_if=6 address=645df4
04-30 01:20:31.419  6118  6631 W bt_stack: gatt_act_connect
04-30 01:20:31.434  6118  6631 I bt_stack: [INFO:gatt_attr.cc(886)] gatt_sr_init_cl_status: bda=645df4, cl_supp_feat=0000, aware=1
04-30 01:20:31.438  6118  6631 W bt_stack: gatt_connect
04-30 01:20:31.439  6118  6631 W bt_stack: gatt_connect :: call acl_create_le_connection_with_id
04-30 01:20:31.442  6118  6631 W btm_acl : Creating le direct connection to:xx:xx:xx:xx:b3:b1[public]
04-30 01:20:31.445  6118  6631 W bt_stack: AcceptLeConnectionFrom xx:xx:xx:xx:b3:b1
04-30 01:20:31.447  6118  6611 W bt_stack: Allow Le connection from remote:xx:xx:xx:xx:b3:b1[PUBLIC_DEVICE_ADDRESS]
04-30 01:20:31.450  6118  6611 W bt_stack: create_le_connection :: address : 64:5d:f4, add_to_connect_list : 1, is_direct : 1
04-30 01:20:31.452  6118  6611 W bt_stack: add_device_to_connect_list 64:5d:f4 :: Send command after register
04-30 01:20:31.453  6118  6611 W bt_stack: add_device_to_connect_list :: Device is found in security db(64:5d:f4 -> 645df4)
04-30 01:20:31.453  6118  6611 W bt_stack: add_device_to_connect_list :: set address_with_type as identity_addr
04-30 01:20:31.454  6118  6611 W bt_stack: Fast Connection Mode is already Set!!!
04-30 01:20:31.457  6118  6611 W bt_stack: Deferred until filter accept list has completed
04-30 01:20:31.457  6118  6611 W bt_stack: pause_registered_clients()
04-30 01:20:31.457  6118  6611 W bt_stack: le_scanning_manager :: OnPause()
04-30 01:20:31.457  6118  6611 W bt_stack: Stop LeSetScanEnable
04-30 01:20:31.458  6118  6611 W bt_stack: le_scanning_manager :: OnPause() - call AckPause
04-30 01:20:31.458  6118  6611 W bt_stack: le_impl :: OnPause()
04-30 01:20:31.458  6118  6611 W bt_stack: le_impl :: ConnectabilityState is DISARMED. Call AckPause()
04-30 01:20:31.459  6118  6611 W bt_stack: pause_registered_clients()
04-30 01:20:31.464  6118  6611 W bt_stack: le_address_manager :: ack_pause()
04-30 01:20:31.465  6118  6611 W bt_stack: le_address_manager :: ack_pause() - make sure all client paused. Return
04-30 01:20:31.465  6118  6611 W bt_stack: le_address_manager :: ack_pause()
04-30 01:20:31.465  6118  6611 W bt_stack: le_address_manager :: ack_pause() - handle_next_command
04-30 01:20:31.465  6118  6611 W bt_stack: handle_next_command()
04-30 01:20:31.476  6118  6611 W bt_stack: Received command complete with op_code LE_ADD_DEVICE_TO_FILTER_ACCEPT_LIST
04-30 01:20:31.478  6118  6611 W bt_stack: handle_next_command()
04-30 01:20:31.483  6118  6611 W bt_stack: Received command complete with op_code LE_ADD_DEVICE_TO_FILTER_ACCEPT_LIST
04-30 01:20:31.483  6118  6611 W bt_stack: le_scanning_manager :: OnResume()
04-30 01:20:31.483  6118  6611 W bt_stack: Start LeSetScan
04-30 01:20:31.483  6118  6611 W bt_stack: le_scanning_manager :: OnResume() - call AckResume
04-30 01:20:31.483  6118  6611 W bt_stack: le_impl :: OnResume()
04-30 01:20:31.483  6118  6611 W bt_stack: le_impl :: OnResume - Try arm connectability
04-30 01:20:31.484  6118  6611 W bt_stack: arm_connectability()
04-30 01:20:31.488  6118  6611 W bt_stack: le_impl :: check_for_unregister()
04-30 01:20:31.489  6118  6611 W bt_stack: le_address_manager :: ack_resume()
04-30 01:20:31.490  6118  6611 W bt_stack: le_address_manager :: ack_resume()
04-30 01:20:31.502  6118  6611 E bt_stack: on_create_connection :: Command status is success. Set ConnectabilityState to ARMED
04-30 01:20:31.503 12235 12258 D Benchmark: timeNs[ 0:10]: 2838 2956 2960 2953 2777 3099 2828 3073 2856 2831
04-30 01:20:31.503 12235 12258 D Benchmark: timeNs[10:20]: 3259 3070 2735 2781 3195 2817 2905 2840 3079 2848
04-30 01:20:31.503 12235 12258 D Benchmark: timeNs[20:30]: 2752 3143 3016 3062 2865 3315 2838 2787 2951 2981
04-30 01:20:31.503 12235 12258 D Benchmark: timeNs[30:40]: 2781 2902 3200 2988 2827 3147 3323 3476 3291 2873
04-30 01:20:31.503 12235 12258 D Benchmark: timeNs[40:50]: 3099 2956 3115 2855 2853 2763 2713 2689 2951 3423
04-30 01:20:31.633  5429  5488 W libprocessgroup: Failed to open /dev/blkio//cgroup.procs: No such file or directory
04-30 01:20:31.708 12235 12258 W _benchmark.test: Suspending all threads took: 8.961ms
04-30 01:20:32.001 12235 12258 D Benchmark: allocationCount[ 0:10]: 99 100 99 99 100
04-30 01:20:32.002 12235 12258 D Benchmark: Set 12258 (Bench thread) to priority -8. Was -20, now -8
04-30 01:20:32.002 12235 12258 D Benchmark: Set 12243 (Jit) to priority 9. Was -15, now 9
04-30 01:20:32.002 12235 12258 D Benchmark: Warmup: t=8.000, iter=1496756, fastAvg=7401, slowAvg=7166
04-30 01:20:32.002 12235 12258 I PerfettoCapture: Stopping perfetto.
04-30 01:20:32.047 17773 17773 I perfetto:    perfetto_cmd.cc:1168 SIGINT/SIGTERM received: disabling tracing.
04-30 01:20:32.050 12235 12258 D Benchmark: kill -TERM command output -
04-30 01:20:32.061  5130  5130 I perfetto:  probes_producer.cc:396 Producer stop (id=1137)
04-30 01:20:32.063  5130  5130 I perfetto:    ftrace_procfs.cc:342 disabled ftrace in /sys/kernel/tracing/
04-30 01:20:32.129  4389  4389 I hwservicemanager: getTransport: Cannot find entry android.hardware.atrace@1.0::IAtraceDevice/default in either framework or device VINTF manifest.
04-30 01:20:32.136  5130  5130 I perfetto:  probes_producer.cc:396 Producer stop (id=1138)
04-30 01:20:32.137  5130  5130 I perfetto:  probes_producer.cc:396 Producer stop (id=1139)
04-30 01:20:32.238 17773 17773 I perfetto:    perfetto_cmd.cc:1124 Trace written into the output file
04-30 01:20:32.250  5131  5131 I perfetto: ng_service_impl.cc:2426 Tracing session 285 ended, total sessions:0
04-30 01:20:32.290  5429 18009 D TrafficStats: tagSocket(914) with statsTag=0xffffffff, statsUid=-1
04-30 01:20:32.498  5429 18009 D WifiConnectivityMonitor.DnsThread:  [|209]
04-30 01:20:32.499  5429  5738 D WifiConnectivityMonitor.NetworkStatsAnalyzer: DNS resultType : 0, responseTime : 209
04-30 01:20:32.500  5429  5736 D OpenNetworkQos[4.00]: updateBssidLatestDnsResultType - result: 0
04-30 01:20:32.500  5429  5736 D OpenNetworkQos[4.00]: updateBssidNoInternet: mBssidNoInternet = false
04-30 01:20:32.500  5429  5736 D OpenNetworkQos[4.00]: getOpenNetworkQosNoInternetStatus: false
04-30 01:20:32.500  5429  5736 D OpenNetworkQos[4.00]: getOpenNetworkQosScores: 30 30 30
04-30 01:20:32.501  5429  5736 I WifiProfileShare: network QoS data was changed (internet), updateQoSData networkType: true, qosData: false
04-30 01:20:32.502  5429  7167 V WifiProfileShare.Caster: update wips network, size: 0
04-30 01:20:32.503  5429  7167 D WifiProfileShare: nearby scanning settings run
04-30 01:20:32.503  5429  7167 D WifiProfileShare: network score provider settings enabled
04-30 01:20:32.503  5429  7167 D OpenNetworkQos[4.00]: getOpenNetworkQosScores: 30 30 30
04-30 01:20:32.504  5429  7167 D OpenNetworkQos[4.00]: getOpenNetworkQosNoInternetStatus: false
04-30 01:20:32.504  5429  7167 I WifiProfileShare.Caster: current network type: 0, score: [30, 30, 30]
04-30 01:20:32.506  5429  7167 V WifiProfileShare.Cache: update network score 00:e4:06:**:**:90
04-30 01:20:32.506  5429  7167 D WifiProfileShare.ScanMatcher: getMcfDataList size:2
04-30 01:20:32.507  5429  7167 I WifiProfileShare.Caster: qos data was updated , before:type:QOS, pBssid:51:2e:90, qosData:7c after:type:QOS, pBssid:51:2e:90, qosData:7c
04-30 01:20:32.513  5429  7167 I [MCFSDK_android_1.2.4010]_4_b: isNetworkEnabled - type : 1 ret : true
04-30 01:20:32.513  5429  7167 D WifiProfileShare.McfCast: -ME--- mIsNetworkEnabled :true
04-30 01:20:32.513  5429  7167 D WifiProfileShare.McfCast: updateQoSData ignored, same contents
04-30 01:20:32.513  5429  7167 D WifiProfileShare.MCF: success update QosData !
04-30 01:20:32.516  5429  7167 I [MCFSDK_android_1.2.4010]_4_b: isNetworkEnabled - type : 1 ret : true
04-30 01:20:32.516  5429  7167 D WifiProfileShare.McfCast: -ME--- mIsNetworkEnabled :true
04-30 01:20:32.517  5429  7167 D WifiProfileShare.McfCast: -ME--- updatePasswordDate pwdData size:2
04-30 01:20:32.691 12235 12258 D Benchmark: Waiting 500 ms for [ProcessPid(processName=perfetto, pid=17773)] to die
04-30 01:20:32.839 12235 12258 I PerfettoCapture: Writing to /storage/emulated/0/Android/data/org.jetbrains.android_benchmark.test/cache/BoxRecreationBenchmark_longPackFloat_2023-04-29-23-20-32.perfetto-trace.
04-30 01:20:32.985 12235 12258 D Benchmark: Copying /storage/emulated/0/Android/data/org.jetbrains.android_benchmark.test/cache/BoxRecreationBenchmark_longPackFloat_2023-04-29-23-20-32.perfetto-trace to /sdcard/Android/media/org.jetbrains.android_benchmark.test/additional_test_output/BoxRecreationBenchmark_longPackFloat_2023-04-29-23-20-32.perfetto-trace
04-30 01:20:33.018  8350 16809 W MediaProvider: isAppCloneUserPair for user 0: false
04-30 01:20:33.055  5429  8530 D SyncManager: userId - 0 auto - true
04-30 01:20:33.208  5429  7411 D SemWifiUsabilityStatsMonitor: onWifiUsabilityStats - seqNum 24927, isSameBssidAndFreq true
04-30 01:20:33.212  5878  5878 D NetworkController.WifiSignalController: notifyListener: visible=true, connected=true, inetCondition=1, isDefault=true, wifiTestReported=true, receivedInetCondition=-1, hideDuringMobileSwitching=false
04-30 01:20:33.214  5878  6043 D Tile.WifiTile: handleUpdateState isTransient=false transientEnabling =false cb.isTransient=false state.state = 2 mStateBeforeClick.value =false enabled =true
04-30 01:20:33.215  5429  5717 I SemWifiLinkQualityMonitor: Link Qos Query: 0.096 ms / 83.571 Mbps (130 / 0.000 / 1.556)
04-30 01:20:33.220  5429  5488 W libprocessgroup: Failed to open /dev/blkio//cgroup.procs: No such file or directory
04-30 01:20:33.242  9200 17358 I NetworkScheduler.Stats: Task com.google.android.gms/com.google.android.gms.ipa.base.IpaGcmTaskService started execution. cause:9 exec_start_elapsed_seconds: 219973 [CONTEXT service_id=218 ]
04-30 01:20:33.262  9200 17368 I NetworkScheduler.Stats: Task com.google.android.gms/com.google.android.gms.ipa.base.IpaGcmTaskService finished executing. cause:9 result: 1 elapsed_millis: 60 uptime_millis: 60 exec_start_elapsed_seconds: 219973 [CONTEXT service_id=218 ]
04-30 01:20:33.276 12235 12258 I Benchmark: BoxRecreationBenchmark.longPackFloat[Metric (timeNs) results: median 2951.1509140700173, min 2689.3300273850937, max 3476.936126119458, standardDeviation: 192.06213461447155, Metric (allocationCount) results: median 99.99985197246689, min 99.99970394493376, max 100.0, standardDeviation: 1.323998506400016E-4]count=13511
04-30 01:20:33.279 12235 12258 D Benchmark: writing results to /storage/emulated/0/Android/data/org.jetbrains.android_benchmark.test/cache/org.jetbrains.android_benchmark.test-benchmarkData.json
04-30 01:20:33.289 12235 12258 D Benchmark: Copying /storage/emulated/0/Android/data/org.jetbrains.android_benchmark.test/cache/org.jetbrains.android_benchmark.test-benchmarkData.json to /sdcard/Android/media/org.jetbrains.android_benchmark.test/additional_test_output/org.jetbrains.android_benchmark.test-benchmarkData.json
04-30 01:20:33.299  8350 17680 I MediaProvider: Deleted 1 0 0 0 0 0 0 items on external_primary due to org.jetbrains.android_benchmark.test
04-30 01:20:33.300  5429  8535 D SyncManager: userId - 0 auto - true
04-30 01:20:33.306  8350 17162 W MediaProvider: isAppCloneUserPair for user 0: false
04-30 01:20:33.314  5429  8509 D SyncManager: userId - 0 auto - true
04-30 01:20:33.316 12235 12258 I TestRunner: finished: longPackFloat(org.jetbrains.android_benchmark.BoxRecreationBenchmark)
