05-10 03:15:36.861  7227  7296 W LocationRequestData_FLP: Not registered using location provider, 8FFF9660
05-10 03:15:36.862 26803 26837 D [GplLibraryWrapper]: updateLastKnownLocation
05-10 03:15:36.863  7227  7296 E RequestManager_FLP: [LocationManager] Location request (NOT STARTED) 8FFF9660(Listener) passive (min=1000ms) from ru.yandex.searchplugin (10222_FINE_perceptible_false_background)
05-10 03:15:36.878 26803 26883 I AppMetrica-Attribution: Choosing distribution data: ClidsInfo(chosen=Candidate(clids={clid24=2305182, clid1=2207450, clid1010=2295103, clid2023=2395783, clid1003=2207452, clid1004=2207453, clid1002=2207451}, source=APP), candidates=[Candidate(clids={clid24=2305182, clid1=2207450, clid1010=2295103, clid2023=2395783, clid1003=2207452, clid1004=2207453, clid1002=2207451}, source=APP)])
05-10 03:15:36.895  7227  7296 E RequestManager_FLP: [LocationManager] Location remove 8FFF9660 from ru.yandex.searchplugin
05-10 03:15:36.895  7227  7296 W LocationRequestData_FLP: Not registered using location provider, 8FFF9660
05-10 03:15:36.895  5679  8513 D LocationManagerService: passive provider removed registration from 10222/ru.yandex.searchplugin/8FFF9660
05-10 03:15:36.895  5679  8513 D LocationManagerService: passive provider added registration from 10222/ru.yandex.searchplugin/8FFF9660 -> Request[PASSIVE, minUpdateInterval=+1s0ms, WorkSource{10222 ru.yandex.searchplugin}]
05-10 03:15:36.902  7227  7296 E RequestManager_FLP: [LocationManager] Location request (NOT STARTED) 8FFF9660(Listener) passive (min=1000ms) from ru.yandex.searchplugin (10222_FINE_perceptible_false_background)
05-10 03:15:36.903 26803 26837 D [GplLibraryWrapper]: updateLastKnownLocation
05-10 03:15:36.918  5679  8513 D LocationManagerService: passive provider removed registration from 10222/ru.yandex.searchplugin/8FFF9660
05-10 03:15:36.918  5679  8513 D LocationManagerService: passive provider added registration from 10222/ru.yandex.searchplugin/8FFF9660 -> Request[PASSIVE, minUpdateInterval=+1s0ms, WorkSource{10222 ru.yandex.searchplugin}]
05-10 03:15:36.919  7227  7296 E RequestManager_FLP: [LocationManager] Location remove 8FFF9660 from ru.yandex.searchplugin
05-10 03:15:36.919  7227  7296 W LocationRequestData_FLP: Not registered using location provider, 8FFF9660
05-10 03:15:36.921  7227  7296 E RequestManager_FLP: [LocationManager] Location request (NOT STARTED) 8FFF9660(Listener) passive (min=1000ms) from ru.yandex.searchplugin (10222_FINE_perceptible_false_background)
05-10 03:15:36.921 26803 26837 D [GplLibraryWrapper]: updateLastKnownLocation
05-10 03:15:36.928  5679  5699 D LocationManagerService: passive provider removed registration from 10222/ru.yandex.searchplugin/8FFF9660
05-10 03:15:36.928  5679  5699 D LocationManagerService: passive provider added registration from 10222/ru.yandex.searchplugin/8FFF9660 -> Request[PASSIVE, minUpdateInterval=+1s0ms, WorkSource{10222 ru.yandex.searchplugin}]
05-10 03:15:36.929 26803 26837 D [GplLibraryWrapper]: updateLastKnownLocation
05-10 03:15:36.930  7227  7296 E RequestManager_FLP: [LocationManager] Location remove 8FFF9660 from ru.yandex.searchplugin
05-10 03:15:36.930  7227  7296 W LocationRequestData_FLP: Not registered using location provider, 8FFF9660
05-10 03:15:36.930  7227  7296 E RequestManager_FLP: [LocationManager] Location request (NOT STARTED) 8FFF9660(Listener) passive (min=1000ms) from ru.yandex.searchplugin (10222_FINE_perceptible_false_background)
05-10 03:15:36.940  5679  7439 D SemWifiUsabilityStatsMonitor: onWifiUsabilityStats - seqNum 11543, isSameBssidAndFreq true
05-10 03:15:36.941  5679  5699 D LocationManagerService: passive provider removed registration from 10222/ru.yandex.searchplugin/8FFF9660
05-10 03:15:36.942  5679  5699 D LocationManagerService: passive provider added registration from 10222/ru.yandex.searchplugin/8FFF9660 -> Request[PASSIVE, minUpdateInterval=+1s0ms, WorkSource{10222 ru.yandex.searchplugin}]
05-10 03:15:36.943  7227  7296 E RequestManager_FLP: [LocationManager] Location remove 8FFF9660 from ru.yandex.searchplugin
05-10 03:15:36.943  7227  7296 W LocationRequestData_FLP: Not registered using location provider, 8FFF9660
05-10 03:15:36.944 26803 26837 D [GplLibraryWrapper]: updateLastKnownLocation
05-10 03:15:36.945  7227  7296 E RequestManager_FLP: [LocationManager] Location request (NOT STARTED) 8FFF9660(Listener) passive (min=1000ms) from ru.yandex.searchplugin (10222_FINE_perceptible_false_background)
05-10 03:15:36.945  5679  6237 I SemWifiLinkQualityMonitor: Link Qos Query: 0.020 ms / 396.453 Mbps (433 / 0.000 / 1.092)
05-10 03:15:36.951  5679  5699 D LocationManagerService: passive provider removed registration from 10222/ru.yandex.searchplugin/8FFF9660
05-10 03:15:36.951  5679  5699 D LocationManagerService: passive provider added registration from 10222/ru.yandex.searchplugin/8FFF9660 -> Request[PASSIVE, minUpdateInterval=+1s0ms, WorkSource{10222 ru.yandex.searchplugin}]
05-10 03:15:36.951  7227  7296 E RequestManager_FLP: [LocationManager] Location remove 8FFF9660 from ru.yandex.searchplugin
05-10 03:15:36.951  7227  7296 W LocationRequestData_FLP: Not registered using location provider, 8FFF9660
05-10 03:15:36.952  7227  7296 E RequestManager_FLP: [LocationManager] Location request (NOT STARTED) 8FFF9660(Listener) passive (min=1000ms) from ru.yandex.searchplugin (10222_FINE_perceptible_false_background)
05-10 03:15:36.958 26803 26837 D [GplLibraryWrapper]: updateLastKnownLocation
05-10 03:15:36.970  5679  5699 D LocationManagerService: passive provider removed registration from 10222/ru.yandex.searchplugin/8FFF9660
05-10 03:15:36.970  5679  5699 D LocationManagerService: passive provider added registration from 10222/ru.yandex.searchplugin/8FFF9660 -> Request[PASSIVE, minUpdateInterval=+1s0ms, WorkSource{10222 ru.yandex.searchplugin}]
05-10 03:15:36.971  7227  7296 E RequestManager_FLP: [LocationManager] Location remove 8FFF9660 from ru.yandex.searchplugin
05-10 03:15:36.971  7227  7296 W LocationRequestData_FLP: Not registered using location provider, 8FFF9660
05-10 03:15:36.971 26803 26837 D [GplLibraryWrapper]: updateLastKnownLocation
05-10 03:15:36.972  7227  7296 E RequestManager_FLP: [LocationManager] Location request (NOT STARTED) 8FFF9660(Listener) passive (min=1000ms) from ru.yandex.searchplugin (10222_FINE_perceptible_false_background)
05-10 03:15:36.982  5679  5699 D LocationManagerService: passive provider removed registration from 10222/ru.yandex.searchplugin/8FFF9660
05-10 03:15:36.982  5679  5699 D LocationManagerService: passive provider added registration from 10222/ru.yandex.searchplugin/8FFF9660 -> Request[PASSIVE, minUpdateInterval=+1s0ms, WorkSource{10222 ru.yandex.searchplugin}]
05-10 03:15:36.983  7227  7296 E RequestManager_FLP: [LocationManager] Location remove 8FFF9660 from ru.yandex.searchplugin
05-10 03:15:36.983  7227  7296 W LocationRequestData_FLP: Not registered using location provider, 8FFF9660
05-10 03:15:36.983 26803 26837 D [GplLibraryWrapper]: updateLastKnownLocation
05-10 03:15:36.984  7227  7296 E RequestManager_FLP: [LocationManager] Location request (NOT STARTED) 8FFF9660(Listener) passive (min=1000ms) from ru.yandex.searchplugin (10222_FINE_perceptible_false_background)
05-10 03:15:36.992  5679  8510 D LocationManagerService: passive provider removed registration from 10222/ru.yandex.searchplugin/8FFF9660
05-10 03:15:36.992  5679  8510 D LocationManagerService: passive provider added registration from 10222/ru.yandex.searchplugin/8FFF9660 -> Request[PASSIVE, minUpdateInterval=+1s0ms, WorkSource{10222 ru.yandex.searchplugin}]
05-10 03:15:36.994  7227  7296 E RequestManager_FLP: [LocationManager] Location remove 8FFF9660 from ru.yandex.searchplugin
05-10 03:15:36.994 26803 26837 D [GplLibraryWrapper]: updateLastKnownLocation
05-10 03:15:36.995  7227  7296 W LocationRequestData_FLP: Not registered using location provider, 8FFF9660
05-10 03:15:36.995  7227  7296 E RequestManager_FLP: [LocationManager] Location request (NOT STARTED) 8FFF9660(Listener) passive (min=1000ms) from ru.yandex.searchplugin (10222_FINE_perceptible_false_background)
05-10 03:15:37.001  5679  5699 D LocationManagerService: passive provider removed registration from 10222/ru.yandex.searchplugin/8FFF9660
05-10 03:15:37.001  5679  5699 D LocationManagerService: passive provider added registration from 10222/ru.yandex.searchplugin/8FFF9660 -> Request[PASSIVE, minUpdateInterval=+1s0ms, WorkSource{10222 ru.yandex.searchplugin}]
05-10 03:15:37.003  7227  7296 E RequestManager_FLP: [LocationManager] Location remove 8FFF9660 from ru.yandex.searchplugin
05-10 03:15:37.003 26803 26837 D [GplLibraryWrapper]: updateLastKnownLocation
05-10 03:15:37.003  7227  7296 W LocationRequestData_FLP: Not registered using location provider, 8FFF9660
05-10 03:15:37.007  7227  7296 E RequestManager_FLP: [LocationManager] Location request (NOT STARTED) 8FFF9660(Listener) passive (min=1000ms) from ru.yandex.searchplugin (10222_FINE_perceptible_false_background)
05-10 03:15:37.008  5679  5699 D LocationManagerService: passive provider removed registration from 10222/ru.yandex.searchplugin/8FFF9660
05-10 03:15:37.008  5679  5699 D LocationManagerService: passive provider added registration from 10222/ru.yandex.searchplugin/8FFF9660 -> Request[PASSIVE, minUpdateInterval=+1s0ms, WorkSource{10222 ru.yandex.searchplugin}]
05-10 03:15:37.009 26803 26837 D [GplLibraryWrapper]: updateLastKnownLocation
05-10 03:15:37.012  7227  7296 E RequestManager_FLP: [LocationManager] Location remove 8FFF9660 from ru.yandex.searchplugin
05-10 03:15:37.012  7227  7296 W LocationRequestData_FLP: Not registered using location provider, 8FFF9660
05-10 03:15:37.013  7227  7296 E RequestManager_FLP: [LocationManager] Location request (NOT STARTED) 8FFF9660(Listener) passive (min=1000ms) from ru.yandex.searchplugin (10222_FINE_perceptible_false_background)
05-10 03:15:37.018  5679  5699 D LocationManagerService: passive provider removed registration from 10222/ru.yandex.searchplugin/8FFF9660
05-10 03:15:37.018  5679  5699 D LocationManagerService: passive provider added registration from 10222/ru.yandex.searchplugin/8FFF9660 -> Request[PASSIVE, minUpdateInterval=+1s0ms, WorkSource{10222 ru.yandex.searchplugin}]
05-10 03:15:37.020  7227  7296 E RequestManager_FLP: [LocationManager] Location remove 8FFF9660 from ru.yandex.searchplugin
05-10 03:15:37.021  7227  7296 W LocationRequestData_FLP: Not registered using location provider, 8FFF9660
05-10 03:15:37.022  7227  7296 E RequestManager_FLP: [LocationManager] Location request (NOT STARTED) 8FFF9660(Listener) passive (min=1000ms) from ru.yandex.searchplugin (10222_FINE_perceptible_false_background)
05-10 03:15:37.023 26803 26837 D [GplLibraryWrapper]: updateLastKnownLocation
05-10 03:15:37.045  5679  5699 D LocationManagerService: passive provider removed registration from 10222/ru.yandex.searchplugin/8FFF9660
05-10 03:15:37.045  5679  5699 D LocationManagerService: passive provider added registration from 10222/ru.yandex.searchplugin/8FFF9660 -> Request[PASSIVE, minUpdateInterval=+1s0ms, WorkSource{10222 ru.yandex.searchplugin}]
05-10 03:15:37.046  7227  7296 E RequestManager_FLP: [LocationManager] Location remove 8FFF9660 from ru.yandex.searchplugin
05-10 03:15:37.046  7227  7296 W LocationRequestData_FLP: Not registered using location provider, 8FFF9660
05-10 03:15:37.046 26803 26837 D [GplLibraryWrapper]: updateLastKnownLocation
05-10 03:15:37.047  7227  7296 E RequestManager_FLP: [LocationManager] Location request (NOT STARTED) 8FFF9660(Listener) passive (min=1000ms) from ru.yandex.searchplugin (10222_FINE_perceptible_false_background)
05-10 03:15:37.056  5679  8510 D LocationManagerService: passive provider removed registration from 10222/ru.yandex.searchplugin/8FFF9660
05-10 03:15:37.057  5679  8510 D LocationManagerService: passive provider added registration from 10222/ru.yandex.searchplugin/8FFF9660 -> Request[PASSIVE, minUpdateInterval=+1s0ms, WorkSource{10222 ru.yandex.searchplugin}]
05-10 03:15:37.059  7227  7296 E RequestManager_FLP: [LocationManager] Location remove 8FFF9660 from ru.yandex.searchplugin
05-10 03:15:37.059  7227  7296 W LocationRequestData_FLP: Not registered using location provider, 8FFF9660
05-10 03:15:37.059 26803 26837 D [GplLibraryWrapper]: updateLastKnownLocation
05-10 03:15:37.060  7227  7296 E RequestManager_FLP: [LocationManager] Location request (NOT STARTED) 8FFF9660(Listener) passive (min=1000ms) from ru.yandex.searchplugin (10222_FINE_perceptible_false_background)
05-10 03:15:37.072  5679  8510 D LocationManagerService: passive provider removed registration from 10222/ru.yandex.searchplugin/8FFF9660
05-10 03:15:37.073  5679  8510 D LocationManagerService: passive provider added registration from 10222/ru.yandex.searchplugin/8FFF9660 -> Request[PASSIVE, minUpdateInterval=+1s0ms, WorkSource{10222 ru.yandex.searchplugin}]
05-10 03:15:37.074  7227  7296 E RequestManager_FLP: [LocationManager] Location remove 8FFF9660 from ru.yandex.searchplugin
05-10 03:15:37.074  7227  7296 W LocationRequestData_FLP: Not registered using location provider, 8FFF9660
05-10 03:15:37.075 26803 26837 D [GplLibraryWrapper]: updateLastKnownLocation
05-10 03:15:37.075  7227  7296 E RequestManager_FLP: [LocationManager] Location request (NOT STARTED) 8FFF9660(Listener) passive (min=1000ms) from ru.yandex.searchplugin (10222_FINE_perceptible_false_background)
05-10 03:15:37.088  5679  8510 D LocationManagerService: passive provider removed registration from 10222/ru.yandex.searchplugin/8FFF9660
05-10 03:15:37.088  5679  8510 D LocationManagerService: passive provider added registration from 10222/ru.yandex.searchplugin/8FFF9660 -> Request[PASSIVE, minUpdateInterval=+1s0ms, WorkSource{10222 ru.yandex.searchplugin}]
05-10 03:15:37.089  7227  7296 E RequestManager_FLP: [LocationManager] Location remove 8FFF9660 from ru.yandex.searchplugin
05-10 03:15:37.089  7227  7296 W LocationRequestData_FLP: Not registered using location provider, 8FFF9660
05-10 03:15:37.090 26803 26837 D [GplLibraryWrapper]: updateLastKnownLocation
05-10 03:15:37.090  7227  7296 E RequestManager_FLP: [LocationManager] Location request (NOT STARTED) 8FFF9660(Listener) passive (min=1000ms) from ru.yandex.searchplugin (10222_FINE_perceptible_false_background)
05-10 03:15:37.096  5679  8510 D LocationManagerService: passive provider removed registration from 10222/ru.yandex.searchplugin/8FFF9660
05-10 03:15:37.096  5679  8510 D LocationManagerService: passive provider added registration from 10222/ru.yandex.searchplugin/8FFF9660 -> Request[PASSIVE, minUpdateInterval=+1s0ms, WorkSource{10222 ru.yandex.searchplugin}]
05-10 03:15:37.097  7227  7296 E RequestManager_FLP: [LocationManager] Location remove 8FFF9660 from ru.yandex.searchplugin
05-10 03:15:37.097  7227  7296 W LocationRequestData_FLP: Not registered using location provider, 8FFF9660
05-10 03:15:37.098 26803 26837 D [GplLibraryWrapper]: updateLastKnownLocation
05-10 03:15:37.098  7227  7296 E RequestManager_FLP: [LocationManager] Location request (NOT STARTED) 8FFF9660(Listener) passive (min=1000ms) from ru.yandex.searchplugin (10222_FINE_perceptible_false_background)
05-10 03:15:37.152  5679  7259 W LocationManagerService: onFreezeStateChanged, uid[10252]=false
05-10 03:15:37.158  5679  8513 D LocationManagerService: passive provider removed registration from 10222/ru.yandex.searchplugin/8FFF9660
05-10 03:15:37.158  5679  8513 D LocationManagerService: passive provider added registration from 10222/ru.yandex.searchplugin/8FFF9660 -> Request[PASSIVE, minUpdateInterval=+1s0ms, WorkSource{10222 ru.yandex.searchplugin}]
05-10 03:15:37.159  7227  7296 E RequestManager_FLP: [LocationManager] Location remove 8FFF9660 from ru.yandex.searchplugin
05-10 03:15:37.160  7227  7296 W LocationRequestData_FLP: Not registered using location provider, 8FFF9660
05-10 03:15:37.168  5679  5748 W libprocessgroup: Failed to open /dev/blkio//cgroup.procs: No such file or directory
05-10 03:15:37.170  6747  9462 W BtGatt.GattService: unfreezeScan() - No AppScanStats found with uid: 10252
05-10 03:15:37.171 26803 26837 D [GplLibraryWrapper]: updateLastKnownLocation
05-10 03:15:37.172  7227  7296 E RequestManager_FLP: [LocationManager] Location request (NOT STARTED) 8FFF9660(Listener) passive (min=1000ms) from ru.yandex.searchplugin (10222_FINE_perceptible_false_background)
05-10 03:15:37.180  5679  8513 D LocationManagerService: passive provider removed registration from 10222/ru.yandex.searchplugin/8FFF9660
05-10 03:15:37.180  5679  8513 D LocationManagerService: passive provider added registration from 10222/ru.yandex.searchplugin/8FFF9660 -> Request[PASSIVE, minUpdateInterval=+1s0ms, WorkSource{10222 ru.yandex.searchplugin}]
05-10 03:15:37.181 26803 26837 D [GplLibraryWrapper]: updateLastKnownLocation
05-10 03:15:37.181  7227  7296 E RequestManager_FLP: [LocationManager] Location remove 8FFF9660 from ru.yandex.searchplugin
05-10 03:15:37.181  7227  7296 W LocationRequestData_FLP: Not registered using location provider, 8FFF9660
05-10 03:15:37.182  7227  7296 E RequestManager_FLP: [LocationManager] Location request (NOT STARTED) 8FFF9660(Listener) passive (min=1000ms) from ru.yandex.searchplugin (10222_FINE_perceptible_false_background)
05-10 03:15:37.186  5679  8513 D LocationManagerService: passive provider removed registration from 10222/ru.yandex.searchplugin/8FFF9660
05-10 03:15:37.186  5679  8513 D LocationManagerService: passive provider added registration from 10222/ru.yandex.searchplugin/8FFF9660 -> Request[PASSIVE, minUpdateInterval=+1s0ms, WorkSource{10222 ru.yandex.searchplugin}]
05-10 03:15:37.187  7227  7296 E RequestManager_FLP: [LocationManager] Location remove 8FFF9660 from ru.yandex.searchplugin
05-10 03:15:37.187  7227  7296 W LocationRequestData_FLP: Not registered using location provider, 8FFF9660
05-10 03:15:37.188 26803 26837 D [GplLibraryWrapper]: updateLastKnownLocation
05-10 03:15:37.189  7227  7296 E RequestManager_FLP: [LocationManager] Location request (NOT STARTED) 8FFF9660(Listener) passive (min=1000ms) from ru.yandex.searchplugin (10222_FINE_perceptible_false_background)
05-10 03:15:37.206  5679  8513 D LocationManagerService: passive provider removed registration from 10222/ru.yandex.searchplugin/8FFF9660
05-10 03:15:37.206  5679  8513 D LocationManagerService: passive provider added registration from 10222/ru.yandex.searchplugin/8FFF9660 -> Request[PASSIVE, minUpdateInterval=+1s0ms, WorkSource{10222 ru.yandex.searchplugin}]
05-10 03:15:37.210  7227  7296 E RequestManager_FLP: [LocationManager] Location remove 8FFF9660 from ru.yandex.searchplugin
05-10 03:15:37.211  7227  7296 W LocationRequestData_FLP: Not registered using location provider, 8FFF9660
05-10 03:15:37.211  7227  7296 E RequestManager_FLP: [LocationManager] Location request (NOT STARTED) 8FFF9660(Listener) passive (min=1000ms) from ru.yandex.searchplugin (10222_FINE_perceptible_false_background)
05-10 03:15:37.212 26803 26837 D [GplLibraryWrapper]: updateLastKnownLocation
05-10 03:15:37.224  5679  8513 D LocationManagerService: passive provider removed registration from 10222/ru.yandex.searchplugin/8FFF9660
05-10 03:15:37.224  5679  8513 D LocationManagerService: passive provider added registration from 10222/ru.yandex.searchplugin/8FFF9660 -> Request[PASSIVE, minUpdateInterval=+1s0ms, WorkSource{10222 ru.yandex.searchplugin}]
05-10 03:15:37.224  7227  7296 E RequestManager_FLP: [LocationManager] Location remove 8FFF9660 from ru.yandex.searchplugin
05-10 03:15:37.225  7227  7296 W LocationRequestData_FLP: Not registered using location provider, 8FFF9660
05-10 03:15:37.226 26803 26837 D [GplLibraryWrapper]: updateLastKnownLocation
05-10 03:15:37.226  7227  7296 E RequestManager_FLP: [LocationManager] Location request (NOT STARTED) 8FFF9660(Listener) passive (min=1000ms) from ru.yandex.searchplugin (10222_FINE_perceptible_false_background)
05-10 03:15:37.237  5679  8513 D LocationManagerService: passive provider removed registration from 10222/ru.yandex.searchplugin/8FFF9660
05-10 03:15:37.237  5679  8513 D LocationManagerService: passive provider added registration from 10222/ru.yandex.searchplugin/8FFF9660 -> Request[PASSIVE, minUpdateInterval=+1s0ms, WorkSource{10222 ru.yandex.searchplugin}]
05-10 03:15:37.238  7227  7296 E RequestManager_FLP: [LocationManager] Location remove 8FFF9660 from ru.yandex.searchplugin
05-10 03:15:37.238  7227  7296 W LocationRequestData_FLP: Not registered using location provider, 8FFF9660
05-10 03:15:37.240  7227  7296 E RequestManager_FLP: [LocationManager] Location request (NOT STARTED) 8FFF9660(Listener) passive (min=1000ms) from ru.yandex.searchplugin (10222_FINE_perceptible_false_background)
05-10 03:15:37.243 26803 26837 D [GplLibraryWrapper]: updateLastKnownLocation
05-10 03:15:37.254  5679  5699 D LocationManagerService: passive provider removed registration from 10222/ru.yandex.searchplugin/8FFF9660
05-10 03:15:37.255  7227  7296 E RequestManager_FLP: [LocationManager] Location remove 8FFF9660 from ru.yandex.searchplugin
05-10 03:15:37.255  7227  7296 W LocationRequestData_FLP: Not registered using location provider, 8FFF9660
05-10 03:15:37.255  5679  5699 D LocationManagerService: passive provider added registration from 10222/ru.yandex.searchplugin/8FFF9660 -> Request[PASSIVE, minUpdateInterval=+1s0ms, WorkSource{10222 ru.yandex.searchplugin}]
05-10 03:15:37.257 26803 26837 D [GplLibraryWrapper]: updateLastKnownLocation
05-10 03:15:37.257  7227  7296 E RequestManager_FLP: [LocationManager] Location request (NOT STARTED) 8FFF9660(Listener) passive (min=1000ms) from ru.yandex.searchplugin (10222_FINE_perceptible_false_background)
05-10 03:15:37.266  5679  8513 D LocationManagerService: passive provider removed registration from 10222/ru.yandex.searchplugin/8FFF9660
05-10 03:15:37.266  5679  8513 D LocationManagerService: passive provider added registration from 10222/ru.yandex.searchplugin/8FFF9660 -> Request[PASSIVE, minUpdateInterval=+1s0ms, WorkSource{10222 ru.yandex.searchplugin}]
05-10 03:15:37.267  7227  7296 E RequestManager_FLP: [LocationManager] Location remove 8FFF9660 from ru.yandex.searchplugin
05-10 03:15:37.267  7227  7296 W LocationRequestData_FLP: Not registered using location provider, 8FFF9660
05-10 03:15:37.268  7227  7296 E RequestManager_FLP: [LocationManager] Location request (NOT STARTED) 8FFF9660(Listener) passive (min=1000ms) from ru.yandex.searchplugin (10222_FINE_perceptible_false_background)
05-10 03:15:37.269 26803 26837 D [GplLibraryWrapper]: updateLastKnownLocation
05-10 03:15:37.282  5679  5699 D LocationManagerService: passive provider removed registration from 10222/ru.yandex.searchplugin/8FFF9660
05-10 03:15:37.282  5679  5699 D LocationManagerService: passive provider added registration from 10222/ru.yandex.searchplugin/8FFF9660 -> Request[PASSIVE, minUpdateInterval=+1s0ms, WorkSource{10222 ru.yandex.searchplugin}]
05-10 03:15:37.283  7227  7296 E RequestManager_FLP: [LocationManager] Location remove 8FFF9660 from ru.yandex.searchplugin
05-10 03:15:37.284  7227  7296 W LocationRequestData_FLP: Not registered using location provider, 8FFF9660
05-10 03:15:37.285 26803 26837 D [GplLibraryWrapper]: updateLastKnownLocation
05-10 03:15:37.285  7227  7296 E RequestManager_FLP: [LocationManager] Location request (NOT STARTED) 8FFF9660(Listener) passive (min=1000ms) from ru.yandex.searchplugin (10222_FINE_perceptible_false_background)
05-10 03:15:37.298  5679  5699 D LocationManagerService: passive provider removed registration from 10222/ru.yandex.searchplugin/8FFF9660
05-10 03:15:37.298  5679  5699 D LocationManagerService: passive provider added registration from 10222/ru.yandex.searchplugin/8FFF9660 -> Request[PASSIVE, minUpdateInterval=+1s0ms, WorkSource{10222 ru.yandex.searchplugin}]
05-10 03:15:37.299  7227  7296 E RequestManager_FLP: [LocationManager] Location remove 8FFF9660 from ru.yandex.searchplugin
05-10 03:15:37.299  7227  7296 W LocationRequestData_FLP: Not registered using location provider, 8FFF9660
05-10 03:15:37.299 26803 26837 D [GplLibraryWrapper]: updateLastKnownLocation
05-10 03:15:37.301  7227  7296 E RequestManager_FLP: [LocationManager] Location request (NOT STARTED) 8FFF9660(Listener) passive (min=1000ms) from ru.yandex.searchplugin (10222_FINE_perceptible_false_background)
05-10 03:15:37.318  5679  5699 D LocationManagerService: passive provider removed registration from 10222/ru.yandex.searchplugin/8FFF9660
05-10 03:15:37.318  5679  5699 D LocationManagerService: passive provider added registration from 10222/ru.yandex.searchplugin/8FFF9660 -> Request[PASSIVE, minUpdateInterval=+1s0ms, WorkSource{10222 ru.yandex.searchplugin}]
05-10 03:15:37.319  7227  7296 E RequestManager_FLP: [LocationManager] Location remove 8FFF9660 from ru.yandex.searchplugin
05-10 03:15:37.319  7227  7296 W LocationRequestData_FLP: Not registered using location provider, 8FFF9660
05-10 03:15:37.320 26803 26837 D [GplLibraryWrapper]: updateLastKnownLocation
05-10 03:15:37.320  7227  7296 E RequestManager_FLP: [LocationManager] Location request (NOT STARTED) 8FFF9660(Listener) passive (min=1000ms) from ru.yandex.searchplugin (10222_FINE_perceptible_false_background)
05-10 03:15:37.333  5679  5699 D LocationManagerService: passive provider removed registration from 10222/ru.yandex.searchplugin/8FFF9660
05-10 03:15:37.333  5679  5699 D LocationManagerService: passive provider added registration from 10222/ru.yandex.searchplugin/8FFF9660 -> Request[PASSIVE, minUpdateInterval=+1s0ms, WorkSource{10222 ru.yandex.searchplugin}]
05-10 03:15:37.333  7227  7296 E RequestManager_FLP: [LocationManager] Location remove 8FFF9660 from ru.yandex.searchplugin
05-10 03:15:37.334  7227  7296 W LocationRequestData_FLP: Not registered using location provider, 8FFF9660
05-10 03:15:37.334 26803 26837 D [GplLibraryWrapper]: updateLastKnownLocation
05-10 03:15:37.335  7227  7296 E RequestManager_FLP: [LocationManager] Location request (NOT STARTED) 8FFF9660(Listener) passive (min=1000ms) from ru.yandex.searchplugin (10222_FINE_perceptible_false_background)
05-10 03:15:37.355  5679  8510 D LocationManagerService: passive provider removed registration from 10222/ru.yandex.searchplugin/8FFF9660
05-10 03:15:37.355  5679  8510 D LocationManagerService: passive provider added registration from 10222/ru.yandex.searchplugin/8FFF9660 -> Request[PASSIVE, minUpdateInterval=+1s0ms, WorkSource{10222 ru.yandex.searchplugin}]
05-10 03:15:37.356  7227  7296 E RequestManager_FLP: [LocationManager] Location remove 8FFF9660 from ru.yandex.searchplugin
05-10 03:15:37.356  7227  7296 W LocationRequestData_FLP: Not registered using location provider, 8FFF9660
05-10 03:15:37.357 26803 26837 D [GplLibraryWrapper]: updateLastKnownLocation
05-10 03:15:37.358  7227  7296 E RequestManager_FLP: [LocationManager] Location request (NOT STARTED) 8FFF9660(Listener) passive (min=1000ms) from ru.yandex.searchplugin (10222_FINE_perceptible_false_background)
05-10 03:15:37.377  5679  5699 D LocationManagerService: passive provider removed registration from 10222/ru.yandex.searchplugin/8FFF9660
05-10 03:15:37.377  5679  5699 D LocationManagerService: passive provider added registration from 10222/ru.yandex.searchplugin/8FFF9660 -> Request[PASSIVE, minUpdateInterval=+1s0ms, WorkSource{10222 ru.yandex.searchplugin}]
05-10 03:15:37.378  7227  7296 E RequestManager_FLP: [LocationManager] Location remove 8FFF9660 from ru.yandex.searchplugin
05-10 03:15:37.378  7227  7296 W LocationRequestData_FLP: Not registered using location provider, 8FFF9660
05-10 03:15:37.379 26803 26837 D [GplLibraryWrapper]: updateLastKnownLocation
05-10 03:15:37.379  7227  7296 E RequestManager_FLP: [LocationManager] Location request (NOT STARTED) 8FFF9660(Listener) passive (min=1000ms) from ru.yandex.searchplugin (10222_FINE_perceptible_false_background)
05-10 03:15:37.391  5679  5699 D LocationManagerService: passive provider removed registration from 10222/ru.yandex.searchplugin/8FFF9660
05-10 03:15:37.391  5679  5699 D LocationManagerService: passive provider added registration from 10222/ru.yandex.searchplugin/8FFF9660 -> Request[PASSIVE, minUpdateInterval=+1s0ms, WorkSource{10222 ru.yandex.searchplugin}]
05-10 03:15:37.392  7227  7296 E RequestManager_FLP: [LocationManager] Location remove 8FFF9660 from ru.yandex.searchplugin
05-10 03:15:37.393  7227  7296 W LocationRequestData_FLP: Not registered using location provider, 8FFF9660
05-10 03:15:37.394  7227  7296 E RequestManager_FLP: [LocationManager] Location request (NOT STARTED) 8FFF9660(Listener) passive (min=1000ms) from ru.yandex.searchplugin (10222_FINE_perceptible_false_background)
05-10 03:15:37.395 26803 26837 D [GplLibraryWrapper]: updateLastKnownLocation
05-10 03:15:37.476  5679  8513 D LocationManagerService: passive provider removed registration from 10222/ru.yandex.searchplugin/8FFF9660
05-10 03:15:37.476  5679  8513 D LocationManagerService: passive provider added registration from 10222/ru.yandex.searchplugin/8FFF9660 -> Request[PASSIVE, minUpdateInterval=+1s0ms, WorkSource{10222 ru.yandex.searchplugin}]
05-10 03:15:37.476  7227  7296 E RequestManager_FLP: [LocationManager] Location remove 8FFF9660 from ru.yandex.searchplugin
05-10 03:15:37.477  7227  7296 W LocationRequestData_FLP: Not registered using location provider, 8FFF9660
05-10 03:15:37.478  7227  7296 E RequestManager_FLP: [LocationManager] Location request (NOT STARTED) 8FFF9660(Listener) passive (min=1000ms) from ru.yandex.searchplugin (10222_FINE_perceptible_false_background)
05-10 03:15:37.479 26803 26837 D [GplLibraryWrapper]: updateLastKnownLocation
05-10 03:15:37.511  5679  8513 D LocationManagerService: passive provider removed registration from 10222/ru.yandex.searchplugin/8FFF9660
05-10 03:15:37.512  5679  8513 D LocationManagerService: passive provider added registration from 10222/ru.yandex.searchplugin/8FFF9660 -> Request[PASSIVE, minUpdateInterval=+1s0ms, WorkSource{10222 ru.yandex.searchplugin}]
05-10 03:15:37.513  7227  7296 E RequestManager_FLP: [LocationManager] Location remove 8FFF9660 from ru.yandex.searchplugin
05-10 03:15:37.513  7227  7296 W LocationRequestData_FLP: Not registered using location provider, 8FFF9660
05-10 03:15:37.514 26803 26837 D [GplLibraryWrapper]: updateLastKnownLocation
05-10 03:15:37.515  7227  7296 E RequestManager_FLP: [LocationManager] Location request (NOT STARTED) 8FFF9660(Listener) passive (min=1000ms) from ru.yandex.searchplugin (10222_FINE_perceptible_false_background)
05-10 03:15:37.526  5679  8510 D LocationManagerService: passive provider removed registration from 10222/ru.yandex.searchplugin/8FFF9660
05-10 03:15:37.526  5679  8510 D LocationManagerService: passive provider added registration from 10222/ru.yandex.searchplugin/8FFF9660 -> Request[PASSIVE, minUpdateInterval=+1s0ms, WorkSource{10222 ru.yandex.searchplugin}]
05-10 03:15:37.529  7227  7296 E RequestManager_FLP: [LocationManager] Location remove 8FFF9660 from ru.yandex.searchplugin
05-10 03:15:37.529  7227  7296 W LocationRequestData_FLP: Not registered using location provider, 8FFF9660
05-10 03:15:37.531  7227  7296 E RequestManager_FLP: [LocationManager] Location request (NOT STARTED) 8FFF9660(Listener) passive (min=1000ms) from ru.yandex.searchplugin (10222_FINE_perceptible_false_background)
05-10 03:15:37.539 26803 26837 D [GplLibraryWrapper]: updateLastKnownLocation
05-10 03:15:37.599 26803 26836 I AppMetrica-Attribution: Choosing distribution data: ClidsInfo(chosen=Candidate(clids={clid24=2305182, clid1=2207450, clid1010=2295103, clid2023=2395783, clid1003=2207452, clid1004=2207453, clid1002=2207451}, source=APP), candidates=[Candidate(clids={clid24=2305182, clid1=2207450, clid1010=2295103, clid2023=2395783, clid1003=2207452, clid1004=2207453, clid1002=2207451}, source=APP)])
05-10 03:15:37.601  5679  8510 D LocationManagerService: passive provider removed registration from 10222/ru.yandex.searchplugin/8FFF9660
05-10 03:15:37.601  5679  8510 D LocationManagerService: passive provider added registration from 10222/ru.yandex.searchplugin/8FFF9660 -> Request[PASSIVE, minUpdateInterval=+1s0ms, WorkSource{10222 ru.yandex.searchplugin}]
05-10 03:15:37.604  7227  7296 E RequestManager_FLP: [LocationManager] Location remove 8FFF9660 from ru.yandex.searchplugin
05-10 03:15:37.605  7227  7296 W LocationRequestData_FLP: Not registered using location provider, 8FFF9660
05-10 03:15:37.617  7227  7296 E RequestManager_FLP: [LocationManager] Location request (NOT STARTED) 8FFF9660(Listener) passive (min=1000ms) from ru.yandex.searchplugin (10222_FINE_perceptible_false_background)
05-10 03:15:37.617 26803 26837 D [GplLibraryWrapper]: updateLastKnownLocation
05-10 03:15:37.677 26803 26883 I AppMetrica-Attribution: Choosing distribution data: ClidsInfo(chosen=Candidate(clids={clid24=2305182, clid1=2207450, clid1010=2295103, clid2023=2395783, clid1003=2207452, clid1004=2207453, clid1002=2207451}, source=APP), candidates=[Candidate(clids={clid24=2305182, clid1=2207450, clid1010=2295103, clid2023=2395783, clid1003=2207452, clid1004=2207453, clid1002=2207451}, source=APP)])
05-10 03:15:37.691  5679  8513 D LocationManagerService: passive provider removed registration from 10222/ru.yandex.searchplugin/8FFF9660
05-10 03:15:37.691  5679  8513 D LocationManagerService: passive provider added registration from 10222/ru.yandex.searchplugin/8FFF9660 -> Request[PASSIVE, minUpdateInterval=+1s0ms, WorkSource{10222 ru.yandex.searchplugin}]
05-10 03:15:37.692  7227  7296 E RequestManager_FLP: [LocationManager] Location remove 8FFF9660 from ru.yandex.searchplugin
05-10 03:15:37.692  7227  7296 W LocationRequestData_FLP: Not registered using location provider, 8FFF9660
05-10 03:15:37.697  7227  7296 E RequestManager_FLP: [LocationManager] Location request (NOT STARTED) 8FFF9660(Listener) passive (min=1000ms) from ru.yandex.searchplugin (10222_FINE_perceptible_false_background)
05-10 03:15:37.698 26803 26837 D [GplLibraryWrapper]: updateLastKnownLocation
05-10 03:15:37.745  5679  8510 D LocationManagerService: passive provider removed registration from 10222/ru.yandex.searchplugin/8FFF9660
05-10 03:15:37.745  5679  8510 D LocationManagerService: passive provider added registration from 10222/ru.yandex.searchplugin/8FFF9660 -> Request[PASSIVE, minUpdateInterval=+1s0ms, WorkSource{10222 ru.yandex.searchplugin}]
05-10 03:15:37.746  7227  7296 E RequestManager_FLP: [LocationManager] Location remove 8FFF9660 from ru.yandex.searchplugin
05-10 03:15:37.746  7227  7296 W LocationRequestData_FLP: Not registered using location provider, 8FFF9660
05-10 03:15:37.746 26803 26837 D [GplLibraryWrapper]: updateLastKnownLocation
05-10 03:15:37.748  7227  7296 E RequestManager_FLP: [LocationManager] Location request (NOT STARTED) 8FFF9660(Listener) passive (min=1000ms) from ru.yandex.searchplugin (10222_FINE_perceptible_false_background)
05-10 03:15:37.760  5679  8513 D LocationManagerService: passive provider removed registration from 10222/ru.yandex.searchplugin/8FFF9660
05-10 03:15:37.761  5679  8513 D LocationManagerService: passive provider added registration from 10222/ru.yandex.searchplugin/8FFF9660 -> Request[PASSIVE, minUpdateInterval=+1s0ms, WorkSource{10222 ru.yandex.searchplugin}]
05-10 03:15:37.761  7227  7296 E RequestManager_FLP: [LocationManager] Location remove 8FFF9660 from ru.yandex.searchplugin
05-10 03:15:37.761  7227  7296 W LocationRequestData_FLP: Not registered using location provider, 8FFF9660
05-10 03:15:37.762 26803 26837 D [GplLibraryWrapper]: updateLastKnownLocation
05-10 03:15:37.763  7227  7296 E RequestManager_FLP: [LocationManager] Location request (NOT STARTED) 8FFF9660(Listener) passive (min=1000ms) from ru.yandex.searchplugin (10222_FINE_perceptible_false_background)
05-10 03:15:37.776 26714 26722 W ex.searchplugin: Suspending all threads took: 46.814ms
05-10 03:15:37.779 26803 26883 I AppMetrica-Attribution: Choosing distribution data: ClidsInfo(chosen=Candidate(clids={clid24=2305182, clid1=2207450, clid1010=2295103, clid2023=2395783, clid1003=2207452, clid1004=2207453, clid1002=2207451}, source=APP), candidates=[Candidate(clids={clid24=2305182, clid1=2207450, clid1010=2295103, clid2023=2395783, clid1003=2207452, clid1004=2207453, clid1002=2207451}, source=APP)])
05-10 03:15:37.787  5679  8513 D LocationManagerService: passive provider removed registration from 10222/ru.yandex.searchplugin/8FFF9660
05-10 03:15:37.787  5679  8513 D LocationManagerService: passive provider added registration from 10222/ru.yandex.searchplugin/8FFF9660 -> Request[PASSIVE, minUpdateInterval=+1s0ms, WorkSource{10222 ru.yandex.searchplugin}]
05-10 03:15:37.788  7227  7296 E RequestManager_FLP: [LocationManager] Location remove 8FFF9660 from ru.yandex.searchplugin
05-10 03:15:37.788 26803 26837 D [GplLibraryWrapper]: updateLastKnownLocation
05-10 03:15:37.788  7227  7296 W LocationRequestData_FLP: Not registered using location provider, 8FFF9660
05-10 03:15:37.789  7227  7296 E RequestManager_FLP: [LocationManager] Location request (NOT STARTED) 8FFF9660(Listener) passive (min=1000ms) from ru.yandex.searchplugin (10222_FINE_perceptible_false_background)
05-10 03:15:37.802  5679  8513 D LocationManagerService: passive provider removed registration from 10222/ru.yandex.searchplugin/8FFF9660
05-10 03:15:37.802  5679  8513 D LocationManagerService: passive provider added registration from 10222/ru.yandex.searchplugin/8FFF9660 -> Request[PASSIVE, minUpdateInterval=+1s0ms, WorkSource{10222 ru.yandex.searchplugin}]
05-10 03:15:37.803  7227  7296 E RequestManager_FLP: [LocationManager] Location remove 8FFF9660 from ru.yandex.searchplugin
05-10 03:15:37.803  7227  7296 W LocationRequestData_FLP: Not registered using location provider, 8FFF9660
05-10 03:15:37.803 26803 26837 D [GplLibraryWrapper]: updateLastKnownLocation
05-10 03:15:37.805  7227  7296 E RequestManager_FLP: [LocationManager] Location request (NOT STARTED) 8FFF9660(Listener) passive (min=1000ms) from ru.yandex.searchplugin (10222_FINE_perceptible_false_background)
05-10 03:15:37.820 26803 26883 I AppMetrica-Attribution: Choosing distribution data: ClidsInfo(chosen=Candidate(clids={clid24=2305182, clid1=2207450, clid1010=2295103, clid2023=2395783, clid1003=2207452, clid1004=2207453, clid1002=2207451}, source=APP), candidates=[Candidate(clids={clid24=2305182, clid1=2207450, clid1010=2295103, clid2023=2395783, clid1003=2207452, clid1004=2207453, clid1002=2207451}, source=APP)])
05-10 03:15:37.830  5679  5699 D LocationManagerService: passive provider removed registration from 10222/ru.yandex.searchplugin/8FFF9660
05-10 03:15:37.830  5679  5699 D LocationManagerService: passive provider added registration from 10222/ru.yandex.searchplugin/8FFF9660 -> Request[PASSIVE, minUpdateInterval=+1s0ms, WorkSource{10222 ru.yandex.searchplugin}]
05-10 03:15:37.830  7227  7296 E RequestManager_FLP: [LocationManager] Location remove 8FFF9660 from ru.yandex.searchplugin
05-10 03:15:37.831  7227  7296 W LocationRequestData_FLP: Not registered using location provider, 8FFF9660
05-10 03:15:37.832 26803 26837 D [GplLibraryWrapper]: updateLastKnownLocation
05-10 03:15:37.833  7227  7296 E RequestManager_FLP: [LocationManager] Location request (NOT STARTED) 8FFF9660(Listener) passive (min=1000ms) from ru.yandex.searchplugin (10222_FINE_perceptible_false_background)
05-10 03:15:37.839 26803 26883 I AppMetrica-Attribution: Choosing distribution data: ClidsInfo(chosen=Candidate(clids={clid24=2305182, clid1=2207450, clid1010=2295103, clid2023=2395783, clid1003=2207452, clid1004=2207453, clid1002=2207451}, source=APP), candidates=[Candidate(clids={clid24=2305182, clid1=2207450, clid1010=2295103, clid2023=2395783, clid1003=2207452, clid1004=2207453, clid1002=2207451}, source=APP)])
05-10 03:15:39.967  5679  7439 D SemWifiUsabilityStatsMonitor: onWifiUsabilityStats - seqNum 11544, isSameBssidAndFreq true
05-10 03:15:39.968  5679  6237 I SemWifiLinkQualityMonitor: Link Qos Query: 0.020 ms / 401.526 Mbps (433 / 0.000 / 1.078)
05-10 03:15:41.200 26714 27004 D TrafficStats: tagSocket(153) with statsTag=0xffffffff, statsUid=-1
05-10 03:15:41.200  5679  6287 D NetdEventListenerService: DNS Requested by : 112, 10222
05-10 03:15:42.715 30196 30196 D BoundBrokerSvc: onUnbind: Intent { act=com.google.android.gms.scheduler.ACTION_PROXY_SCHEDULE dat=chimera-action:/... cmp=com.google.android.gms/.chimera.PersistentApiService }
05-10 03:15:42.978  5679  7439 D SemWifiUsabilityStatsMonitor: onWifiUsabilityStats - seqNum 11545, isSameBssidAndFreq true
05-10 03:15:42.980  5679  6237 I SemWifiLinkQualityMonitor: Link Qos Query: 0.043 ms / 187.200 Mbps (390 / 0.000 / 2.083)
05-10 03:15:44.009  5260  5260 E audit   : type=1400 audit(1683681344.007:98867): avc:  denied  { getattr } for  pid=5679 comm="BinderProcsColl" path="/sys/kernel/debug/binder/proc/5679" dev="debugfs" ino=30009 scontext=u:r:system_server:s0 tcontext=u:object_r:sec_debugfs:s0 tclass=file permissive=0 SEPF_SM-A515F_13_0001 audit_filtered
05-10 03:15:44.009  5260  5260 E audit   : type=1300 audit(1683681344.007:98867): arch=c00000b7 syscall=79 success=no exit=-13 a0=ffffff9c a1=71afd1fd20 a2=715e9d6680 a3=0 items=0 ppid=5285 pid=5679 auid=4294967295 uid=1000 gid=1000 euid=1000 suid=1000 fsuid=1000 egid=1000 sgid=1000 fsgid=1000 tty=(none) ses=4294967295 comm="BinderProcsColl" exe="/system/bin/app_process64" subj=u:r:system_server:s0 key=(null)
05-10 03:15:44.009  5260  5260 E audit   : type=1327 audit(1683681344.007:98867): proctitle="system_server"
05-10 03:15:45.090 16258 16258 D BoundBrokerSvc: onUnbind: Intent { act=com.google.android.gms.appset.service.START dat=chimera-action:/... cmp=com.google.android.gms/.chimera.GmsApiService }
05-10 03:15:45.284  5679 27084 D TrafficStats: tagSocket(975) with statsTag=0xffffffff, statsUid=-1
05-10 03:15:45.363  5679  9349 D TelephonyManager: requestModemActivityInfo: Sending result to app: ModemActivityInfo{ mTimestamp=249530270 mSleepTimeMs=142922956 mIdleTimeMs=7469151 mActivityStatsTechSpecificInfo=[{mRat=UNKNOWN,mFrequencyRange=UNKNOWN,mTxTimeMs[]=[284016, 42748, 17661, 520, 81775],mRxTimeMs=84940437}]}
05-10 03:15:45.489  5679 27084 D WifiConnectivityMonitor.DnsThread:  [|207]
05-10 03:15:45.490  5679  6269 D WifiConnectivityMonitor.NetworkStatsAnalyzer: DNS resultType : 0, responseTime : 207
05-10 03:15:45.490  5679  6262 D OpenNetworkQos[4.00]: updateBssidLatestDnsResultType - result: 0
05-10 03:15:45.490  5679  6262 D OpenNetworkQos[4.00]: updateBssidNoInternet: mBssidNoInternet = false
05-10 03:15:45.490  5679  6262 D OpenNetworkQos[4.00]: getOpenNetworkQosNoInternetStatus: false
05-10 03:15:45.490  5679  6262 D OpenNetworkQos[4.00]: getOpenNetworkQosScores: 26 26 19
05-10 03:15:45.491  5679  6262 I WifiProfileShare: network QoS data was changed (internet), updateQoSData networkType: true, qosData: false
05-10 03:15:45.492  5679  7326 V WifiProfileShare.Caster: update wips network, size: 0
05-10 03:15:45.492  5679  7326 D WifiProfileShare: nearby scanning settings run
05-10 03:15:45.492  5679  7326 D WifiProfileShare: network score provider settings enabled
05-10 03:15:45.492  5679  7326 D OpenNetworkQos[4.00]: getOpenNetworkQosScores: 26 26 19
05-10 03:15:45.493  5679  7326 D OpenNetworkQos[4.00]: getOpenNetworkQosNoInternetStatus: false
05-10 03:15:45.493  5679  7326 I WifiProfileShare.Caster: current network type: 0, score: [26, 26, 19]
05-10 03:15:45.494  5679  7326 V WifiProfileShare.Cache: update network score 00:e4:06:**:**:90
05-10 03:15:45.494  5679  7326 D WifiProfileShare.ScanMatcher: getMcfDataList size:2
05-10 03:15:45.494  5679  7326 I WifiProfileShare.Caster: qos data was updated , before:type:QOS, pBssid:51:2e:90, qosData:7b after:type:QOS, pBssid:51:2e:90, qosData:7b
05-10 03:15:45.499  5679  7326 I [MCFSDK_android_1.2.4010]_4_b: isNetworkEnabled - type : 1 ret : true
05-10 03:15:45.499  5679  7326 D WifiProfileShare.McfCast: -ME--- mIsNetworkEnabled :true
05-10 03:15:45.499  5679  7326 D WifiProfileShare.McfCast: updateQoSData ignored, same contents
05-10 03:15:45.499  5679  7326 D WifiProfileShare.MCF: success update QosData !
05-10 03:15:45.501  5679  7326 I [MCFSDK_android_1.2.4010]_4_b: isNetworkEnabled - type : 1 ret : true
05-10 03:15:45.501  5679  7326 D WifiProfileShare.McfCast: -ME--- mIsNetworkEnabled :true
05-10 03:15:45.501  5679  7326 D WifiProfileShare.McfCast: -ME--- updatePasswordDate pwdData size:2
05-10 03:15:45.941  5679  5748 W libprocessgroup: Failed to open /dev/blkio//cgroup.procs: No such file or directory
05-10 03:15:45.946  5679  5748 W libprocessgroup: Failed to open /dev/blkio//cgroup.procs: No such file or directory
05-10 03:15:45.990 30196 26426 D ConnectivityManager: StackLog: [android.net.ConnectivityManager.reportNetworkConnectivity(ConnectivityManager.java:3390)] [aovh.i(:com.google.android.gms@231613044@23.16.13 (190400-527363516):0)] [aouv.run(:com.google.android.gms@231613044@23.16.13 (190400-527363516):57)] [aovv.run(:com.google.android.gms@231613044@23.16.13 (190400-527363516):2)] [dege.run(:com.google.android.gms@231613044@23.16.13 (190400-527363516):2)] [abzd.c(:com.google.android.gms@231613044@23.16.13 (190400-527363516):6)] [abzd.run(:com.google.android.gms@231613044@23.16.13 (190400-527363516):7)] [java.util.concurrent.ThreadPoolExecutor.runWorker(ThreadPoolExecutor.java:1137)] [java.util.concurrent.ThreadPoolExecutor$Worker.run(ThreadPoolExecutor.java:637)] [acej.run(:com.google.android.gms@231613044@23.16.13 (190400-527363516):0)] [java.lang.Thread.run(Thread.java:1012)]
05-10 03:15:45.995 30196 26426 I AlarmManager: setExactAndAllowWhileIdle [name: GCM_HB_ALARM type: 2 triggerAtMillis: 250720906]
05-10 03:15:46.003  5679  7439 D SemWifiUsabilityStatsMonitor: onWifiUsabilityStats - seqNum 11546, isSameBssidAndFreq true
05-10 03:15:46.006  5679  6237 I SemWifiLinkQualityMonitor: Link Qos Query: 0.026 ms / 309.286 Mbps (433 / 0.000 / 1.400)
05-10 03:15:46.018 30196 26175 I AlarmManager: setExactAndAllowWhileIdle [name: FcmRetry type: 2 triggerAtMillis: 249650927]
05-10 03:15:46.056 30196 30196 D BoundBrokerSvc: onBind: Intent { act=com.google.android.gms.scheduler.ACTION_PROXY_SCHEDULE dat=chimera-action:/... cmp=com.google.android.gms/.chimera.PersistentApiService }
05-10 03:15:46.057 30196 30196 D BoundBrokerSvc: Loading bound service for intent: Intent { act=com.google.android.gms.scheduler.ACTION_PROXY_SCHEDULE dat=chimera-action:/... cmp=com.google.android.gms/.chimera.PersistentApiService }
05-10 03:15:46.057  5679  5748 W libprocessgroup: Failed to open /dev/blkio//cgroup.procs: No such file or directory
05-10 03:15:46.058  5679  5748 W libprocessgroup: Failed to open /dev/blkio//cgroup.procs: No such file or directory
05-10 03:15:46.124  5679  5748 W libprocessgroup: Failed to open /dev/blkio//cgroup.procs: No such file or directory
05-10 03:15:46.125 18796 18810 I BadgeProvider: query, [selection] : package=?
05-10 03:15:46.127 18796 18796 I BadgeCountReceiver: badge intent : Intent { act=android.intent.action.BADGE_COUNT_UPDATE flg=0x1000010 cmp=com.sec.android.provider.badge/.BadgeCountReceiver (has extras) }
05-10 03:15:46.127 18796 18796 I BadgeCountReceiver: packageName: org.telegram.messenger, className: org.telegram.messenger.NoxIcon, count: 0
05-10 03:15:46.133  6910  6910 I BadgeCountUpdaterImpl: onChange
05-10 03:15:46.133 18796 18810 E DatabaseUtils: Writing exception to parcel
05-10 03:15:46.133 18796 18810 E DatabaseUtils: java.lang.SecurityException: Permission Denial: writing com.sec.android.provider.badge.BadgeProvider uri content://com.sec.badge/apps?notify=true from pid=24784, uid=10268 requires com.sec.android.provider.badge.permission.WRITE, or grantUriPermission()
05-10 03:15:46.133 18796 18810 E DatabaseUtils: 	at android.content.ContentProvider.enforceWritePermissionInner(ContentProvider.java:1025)
05-10 03:15:46.133 18796 18810 E DatabaseUtils: 	at android.content.ContentProvider.semEnforceWritePermission(ContentProvider.java:951)
05-10 03:15:46.133 18796 18810 E DatabaseUtils: 	at android.content.ContentProvider$Transport.enforceWritePermission(ContentProvider.java:730)
05-10 03:15:46.133 18796 18810 E DatabaseUtils: 	at android.content.ContentProvider$Transport.update(ContentProvider.java:462)
05-10 03:15:46.133 18796 18810 E DatabaseUtils: 	at android.content.ContentProviderNative.onTransact(ContentProviderNative.java:231)
05-10 03:15:46.133 18796 18810 E DatabaseUtils: 	at android.os.Binder.execTransactInternal(Binder.java:1321)
05-10 03:15:46.133 18796 18810 E DatabaseUtils: 	at android.os.Binder.execTransact(Binder.java:1280)
05-10 03:15:46.138 18796 18796 I BadgeProvider: sendNotify entered. [uri] : content://com.sec.badge/apps
05-10 03:15:46.138 18796 18796 I BadgeProvider: sendNotify, [notify] : null
05-10 03:15:46.140 18796 18796 I BadgeProvider: update, getCallingPackage() : com.sec.android.provider.badge
05-10 03:15:46.140 18796 18796 I BadgeProvider: update, [uri] : content://com.sec.badge/apps
05-10 03:15:46.140 18796 18796 I BadgeProvider: update, [uri.query] : null
05-10 03:15:46.140  6910  6910 I BadgeCountUpdaterImpl: onChange
05-10 03:15:46.140 18796 18796 I BadgeProvider: update, [BadgeCount] : badgecount=0
05-10 03:15:46.140 18796 18796 I BadgeProvider: update, [UpdateCount] : 1
05-10 03:15:46.174  5679  6450 D LocationManagerService: passive provider removed registration from 10222/ru.yandex.searchplugin/8FFF9660
05-10 03:15:46.176  7227  7296 E RequestManager_FLP: [LocationManager] Location remove 8FFF9660 from ru.yandex.searchplugin
05-10 03:15:46.176 26803 26837 D [GplLibraryWrapper]: stopLocationUpdates
05-10 03:15:46.176  7227  7296 W LocationRequestData_FLP: Not registered using location provider, 8FFF9660
05-10 03:15:46.341  6910  7270 I BadgeCountUpdaterImpl: reload badge without refresh
05-10 03:15:46.346  5679  5748 W libprocessgroup: Failed to open /dev/blkio//cgroup.procs: No such file or directory
05-10 03:15:46.353 18796 18810 I BadgeProvider: query, [selection] : null
