04-18 00:43:01.218 18943  5608 W NetworkScheduler: 	at bvwq.run(:com.google.android.gms@231312044@23.13.12 (190400-519946965):9)
04-18 00:43:01.218 18943  5608 W NetworkScheduler: 	at abix.c(:com.google.android.gms@231312044@23.13.12 (190400-519946965):6)
04-18 00:43:01.218 18943  5608 W NetworkScheduler: 	at abix.run(:com.google.android.gms@231312044@23.13.12 (190400-519946965):7)
04-18 00:43:01.218 18943  5608 W NetworkScheduler: 	at java.util.concurrent.ThreadPoolExecutor.runWorker(ThreadPoolExecutor.java:1137)
04-18 00:43:01.218 18943  5608 W NetworkScheduler: 	at java.util.concurrent.ThreadPoolExecutor$Worker.run(ThreadPoolExecutor.java:637)
04-18 00:43:01.218 18943  5608 W NetworkScheduler: 	at abod.run(:com.google.android.gms@231312044@23.13.12 (190400-519946965):0)
04-18 00:43:01.218 18943  5608 W NetworkScheduler: 	at java.lang.Thread.run(Thread.java:1012)
04-18 00:43:01.226  5224  5224 E audit   : type=1400 audit(1681771381.222:59895): avc:  denied  { getattr } for  pid=7162 comm="mount" path="/metadata" dev="sda24" ino=2 scontext=u:r:priv_app:s0:c512,c768 tcontext=u:object_r:metadata_file:s0 tclass=dir permissive=0 SEPF_SM-A515F_13_0001 audit_filtered
04-18 00:43:01.227  5224  5224 E audit   : type=1300 audit(1681771381.222:59895): arch=c00000b7 syscall=79 success=no exit=-13 a0=ffffff9c a1=70d120f8ac a2=70ce81fa10 a3=0 items=0 ppid=6909 pid=7162 auid=4294967295 uid=10053 gid=10053 euid=10053 suid=10053 fsuid=10053 egid=10053 sgid=10053 fsgid=10053 tty=(none) ses=4294967295 comm="mount" exe="/system/bin/toybox" subj=u:r:priv_app:s0:c512,c768 key=(null)
04-18 00:43:01.227  5224  5224 E audit   : type=1327 audit(1681771381.222:59895): proctitle="mount"
04-18 00:43:01.232  5224  5224 E audit   : type=1400 audit(1681771381.226:59896): avc:  denied  { getattr } for  pid=7162 comm="mount" path="/apex/apex-info-list.xml" dev="tmpfs" ino=5076 scontext=u:r:priv_app:s0:c512,c768 tcontext=u:object_r:apex_info_file:s0 tclass=file permissive=0 SEPF_SM-A515F_13_0001 audit_filtered
04-18 00:43:01.239  5628  5647 I system_server: Background young concurrent copying GC freed 438473(19MB) AllocSpace objects, 69(1380KB) LOS objects, 16% free, 104MB/124MB, paused 7.737ms,4.993ms total 292.051ms
04-18 00:43:01.253 18943  5608 W NetworkScheduler: Error inserting flex_time=2317000 job_id=-1 period=4635000 source=16 requires_charging=0 preferred_network_type=1 target_class=com.google.android.gms.measurement.PackageMeasurementTaskService user_id=0 target_package=com.google.android.gms tag=Measurement.PackageMeasurementTaskService.UPLOAD_TASK_TAG task_type=0 required_idleness_state=0 service_kind=0 source_version=231312000 persistence_level=1 preferred_charging_state=1 required_network_type=0 runtime=1681771381249 retry_strategy={"maximum_backoff_seconds":{"3600":0},"initial_backoff_seconds":{"30":0},"retry_policy":{"0":0}} last_runtime=0 [CONTEXT service_id=218 ]
04-18 00:43:01.253 18943  5608 W NetworkScheduler: android.database.sqlite.SQLiteConstraintException: UNIQUE constraint failed: pending_ops.tag, pending_ops.target_class, pending_ops.target_package, pending_ops.user_id (code 2067 SQLITE_CONSTRAINT_UNIQUE[2067])
04-18 00:43:01.253 18943  5608 W NetworkScheduler: 	at android.database.sqlite.SQLiteConnection.nativeExecuteForLastInsertedRowId(Native Method)
04-18 00:43:01.253 18943  5608 W NetworkScheduler: 	at android.database.sqlite.SQLiteConnection.executeForLastInsertedRowId(SQLiteConnection.java:1275)
04-18 00:43:01.253 18943  5608 W NetworkScheduler: 	at android.database.sqlite.SQLiteSession.executeForLastInsertedRowId(SQLiteSession.java:790)
04-18 00:43:01.253 18943  5608 W NetworkScheduler: 	at android.database.sqlite.SQLiteStatement.executeInsert(SQLiteStatement.java:89)
04-18 00:43:01.253 18943  5608 W NetworkScheduler: 	at android.database.sqlite.SQLiteDatabase.insertWithOnConflict(SQLiteDatabase.java:2410)
04-18 00:43:01.253 18943  5608 W NetworkScheduler: 	at android.database.sqlite.SQLiteDatabase.insertOrThrow(SQLiteDatabase.java:2305)
04-18 00:43:01.253 18943  5608 W NetworkScheduler: 	at bwce.f(:com.google.android.gms@231312044@23.13.12 (190400-519946965):53)
04-18 00:43:01.253 18943  5608 W NetworkScheduler: 	at bway.n(:com.google.android.gms@231312044@23.13.12 (190400-519946965):3)
04-18 00:43:01.253 18943  5608 W NetworkScheduler: 	at bway.u(:com.google.android.gms@231312044@23.13.12 (190400-519946965):20)
04-18 00:43:01.253 18943  5608 W NetworkScheduler: 	at bway.h(:com.google.android.gms@231312044@23.13.12 (190400-519946965):3)
04-18 00:43:01.253 18943  5608 W NetworkScheduler: 	at bvwq.run(:com.google.android.gms@231312044@23.13.12 (190400-519946965):9)
04-18 00:43:01.253 18943  5608 W NetworkScheduler: 	at abix.c(:com.google.android.gms@231312044@23.13.12 (190400-519946965):6)
04-18 00:43:01.253 18943  5608 W NetworkScheduler: 	at abix.run(:com.google.android.gms@231312044@23.13.12 (190400-519946965):7)
04-18 00:43:01.253 18943  5608 W NetworkScheduler: 	at java.util.concurrent.ThreadPoolExecutor.runWorker(ThreadPoolExecutor.java:1137)
04-18 00:43:01.253 18943  5608 W NetworkScheduler: 	at java.util.concurrent.ThreadPoolExecutor$Worker.run(ThreadPoolExecutor.java:637)
04-18 00:43:01.253 18943  5608 W NetworkScheduler: 	at abod.run(:com.google.android.gms@231312044@23.13.12 (190400-519946965):0)
04-18 00:43:01.253 18943  5608 W NetworkScheduler: 	at java.lang.Thread.run(Thread.java:1012)
04-18 00:43:01.255  6492  6523 W libc    : Access denied finding property "sys.perf.boostopt"
04-18 00:43:01.267  5628  5649 W System  : A resource failed to call close.
04-18 00:43:01.273   401  7084 E FA-SVC  : Too many unique user properties are set. Ignoring user property: dco_ic, d3c6543a-d7c0-11ed-8000-00002e794bcf
04-18 00:43:01.300  5628 11220 D PackageManager: setEnabledSetting : userId = 0 packageName = com.aura.oobe.samsung.gl cmp = com.ironsource.aura.ams.ui.PreInstallDialogActivity newState = 2 callingPackage = 10053/com.aura.oobe.samsung.gl
04-18 00:43:01.304 18943  6101 W NetworkScheduler: Error inserting flex_time=2317000 job_id=-1 period=4635000 source=16 requires_charging=0 preferred_network_type=1 target_class=com.google.android.gms.measurement.PackageMeasurementTaskService user_id=0 target_package=com.google.android.gms tag=Measurement.PackageMeasurementTaskService.UPLOAD_TASK_TAG task_type=0 required_idleness_state=0 service_kind=0 source_version=231312000 persistence_level=1 preferred_charging_state=1 required_network_type=0 runtime=1681771381301 retry_strategy={"maximum_backoff_seconds":{"3600":0},"initial_backoff_seconds":{"30":0},"retry_policy":{"0":0}} last_runtime=0 [CONTEXT service_id=218 ]
04-18 00:43:01.304 18943  6101 W NetworkScheduler: android.database.sqlite.SQLiteConstraintException: UNIQUE constraint failed: pending_ops.tag, pending_ops.target_class, pending_ops.target_package, pending_ops.user_id (code 2067 SQLITE_CONSTRAINT_UNIQUE[2067])
04-18 00:43:01.304 18943  6101 W NetworkScheduler: 	at android.database.sqlite.SQLiteConnection.nativeExecuteForLastInsertedRowId(Native Method)
04-18 00:43:01.304 18943  6101 W NetworkScheduler: 	at android.database.sqlite.SQLiteConnection.executeForLastInsertedRowId(SQLiteConnection.java:1275)
04-18 00:43:01.304 18943  6101 W NetworkScheduler: 	at android.database.sqlite.SQLiteSession.executeForLastInsertedRowId(SQLiteSession.java:790)
04-18 00:43:01.304 18943  6101 W NetworkScheduler: 	at android.database.sqlite.SQLiteStatement.executeInsert(SQLiteStatement.java:89)
04-18 00:43:01.304 18943  6101 W NetworkScheduler: 	at android.database.sqlite.SQLiteDatabase.insertWithOnConflict(SQLiteDatabase.java:2410)
04-18 00:43:01.304 18943  6101 W NetworkScheduler: 	at android.database.sqlite.SQLiteDatabase.insertOrThrow(SQLiteDatabase.java:2305)
04-18 00:43:01.304 18943  6101 W NetworkScheduler: 	at bwce.f(:com.google.android.gms@231312044@23.13.12 (190400-519946965):53)
04-18 00:43:01.304 18943  6101 W NetworkScheduler: 	at bway.n(:com.google.android.gms@231312044@23.13.12 (190400-519946965):3)
04-18 00:43:01.304 18943  6101 W NetworkScheduler: 	at bway.u(:com.google.android.gms@231312044@23.13.12 (190400-519946965):20)
04-18 00:43:01.304 18943  6101 W NetworkScheduler: 	at bway.h(:com.google.android.gms@231312044@23.13.12 (190400-519946965):3)
04-18 00:43:01.304 18943  6101 W NetworkScheduler: 	at bvwq.run(:com.google.android.gms@231312044@23.13.12 (190400-519946965):9)
04-18 00:43:01.304 18943  6101 W NetworkScheduler: 	at abix.c(:com.google.android.gms@231312044@23.13.12 (190400-519946965):6)
04-18 00:43:01.304 18943  6101 W NetworkScheduler: 	at abix.run(:com.google.android.gms@231312044@23.13.12 (190400-519946965):7)
04-18 00:43:01.304 18943  6101 W NetworkScheduler: 	at java.util.concurrent.ThreadPoolExecutor.runWorker(ThreadPoolExecutor.java:1137)
04-18 00:43:01.304 18943  6101 W NetworkScheduler: 	at java.util.concurrent.ThreadPoolExecutor$Worker.run(ThreadPoolExecutor.java:637)
04-18 00:43:01.304 18943  6101 W NetworkScheduler: 	at abod.run(:com.google.android.gms@231312044@23.13.12 (190400-519946965):0)
04-18 00:43:01.304 18943  6101 W NetworkScheduler: 	at java.lang.Thread.run(Thread.java:1012)
04-18 00:43:01.326 18943  5111 W NetworkScheduler: Error inserting flex_time=2317000 job_id=-1 period=4635000 source=16 requires_charging=0 preferred_network_type=1 target_class=com.google.android.gms.measurement.PackageMeasurementTaskService user_id=0 target_package=com.google.android.gms tag=Measurement.PackageMeasurementTaskService.UPLOAD_TASK_TAG task_type=0 required_idleness_state=0 service_kind=0 source_version=231312000 persistence_level=1 preferred_charging_state=1 required_network_type=0 runtime=1681771381320 retry_strategy={"maximum_backoff_seconds":{"3600":0},"initial_backoff_seconds":{"30":0},"retry_policy":{"0":0}} last_runtime=0 [CONTEXT service_id=218 ]
04-18 00:43:01.326 18943  5111 W NetworkScheduler: android.database.sqlite.SQLiteConstraintException: UNIQUE constraint failed: pending_ops.tag, pending_ops.target_class, pending_ops.target_package, pending_ops.user_id (code 2067 SQLITE_CONSTRAINT_UNIQUE[2067])
04-18 00:43:01.326 18943  5111 W NetworkScheduler: 	at android.database.sqlite.SQLiteConnection.nativeExecuteForLastInsertedRowId(Native Method)
04-18 00:43:01.326 18943  5111 W NetworkScheduler: 	at android.database.sqlite.SQLiteConnection.executeForLastInsertedRowId(SQLiteConnection.java:1275)
04-18 00:43:01.326 18943  5111 W NetworkScheduler: 	at android.database.sqlite.SQLiteSession.executeForLastInsertedRowId(SQLiteSession.java:790)
04-18 00:43:01.326 18943  5111 W NetworkScheduler: 	at android.database.sqlite.SQLiteStatement.executeInsert(SQLiteStatement.java:89)
04-18 00:43:01.326 18943  5111 W NetworkScheduler: 	at android.database.sqlite.SQLiteDatabase.insertWithOnConflict(SQLiteDatabase.java:2410)
04-18 00:43:01.326 18943  5111 W NetworkScheduler: 	at android.database.sqlite.SQLiteDatabase.insertOrThrow(SQLiteDatabase.java:2305)
04-18 00:43:01.326 18943  5111 W NetworkScheduler: 	at bwce.f(:com.google.android.gms@231312044@23.13.12 (190400-519946965):53)
04-18 00:43:01.326 18943  5111 W NetworkScheduler: 	at bway.n(:com.google.android.gms@231312044@23.13.12 (190400-519946965):3)
04-18 00:43:01.326 18943  5111 W NetworkScheduler: 	at bway.u(:com.google.android.gms@231312044@23.13.12 (190400-519946965):20)
04-18 00:43:01.326 18943  5111 W NetworkScheduler: 	at bway.h(:com.google.android.gms@231312044@23.13.12 (190400-519946965):3)
04-18 00:43:01.326 18943  5111 W NetworkScheduler: 	at bvwq.run(:com.google.android.gms@231312044@23.13.12 (190400-519946965):9)
04-18 00:43:01.326 18943  5111 W NetworkScheduler: 	at abix.c(:com.google.android.gms@231312044@23.13.12 (190400-519946965):6)
04-18 00:43:01.326 18943  5111 W NetworkScheduler: 	at abix.run(:com.google.android.gms@231312044@23.13.12 (190400-519946965):7)
04-18 00:43:01.326 18943  5111 W NetworkScheduler: 	at java.util.concurrent.ThreadPoolExecutor.runWorker(ThreadPoolExecutor.java:1137)
04-18 00:43:01.326 18943  5111 W NetworkScheduler: 	at java.util.concurrent.ThreadPoolExecutor$Worker.run(ThreadPoolExecutor.java:637)
04-18 00:43:01.326 18943  5111 W NetworkScheduler: 	at abod.run(:com.google.android.gms@231312044@23.13.12 (190400-519946965):0)
04-18 00:43:01.326 18943  5111 W NetworkScheduler: 	at java.lang.Thread.run(Thread.java:1012)
04-18 00:43:01.337 18943  5608 W NetworkScheduler: Error inserting flex_time=2317000 job_id=-1 period=4635000 source=16 requires_charging=0 preferred_network_type=1 target_class=com.google.android.gms.measurement.PackageMeasurementTaskService user_id=0 target_package=com.google.android.gms tag=Measurement.PackageMeasurementTaskService.UPLOAD_TASK_TAG task_type=0 required_idleness_state=0 service_kind=0 source_version=231312000 persistence_level=1 preferred_charging_state=1 required_network_type=0 runtime=1681771381332 retry_strategy={"maximum_backoff_seconds":{"3600":0},"initial_backoff_seconds":{"30":0},"retry_policy":{"0":0}} last_runtime=0 [CONTEXT service_id=218 ]
04-18 00:43:01.337 18943  5608 W NetworkScheduler: android.database.sqlite.SQLiteConstraintException: UNIQUE constraint failed: pending_ops.tag, pending_ops.target_class, pending_ops.target_package, pending_ops.user_id (code 2067 SQLITE_CONSTRAINT_UNIQUE[2067])
04-18 00:43:01.337 18943  5608 W NetworkScheduler: 	at android.database.sqlite.SQLiteConnection.nativeExecuteForLastInsertedRowId(Native Method)
04-18 00:43:01.337 18943  5608 W NetworkScheduler: 	at android.database.sqlite.SQLiteConnection.executeForLastInsertedRowId(SQLiteConnection.java:1275)
04-18 00:43:01.337 18943  5608 W NetworkScheduler: 	at android.database.sqlite.SQLiteSession.executeForLastInsertedRowId(SQLiteSession.java:790)
04-18 00:43:01.337 18943  5608 W NetworkScheduler: 	at android.database.sqlite.SQLiteStatement.executeInsert(SQLiteStatement.java:89)
04-18 00:43:01.337 18943  5608 W NetworkScheduler: 	at android.database.sqlite.SQLiteDatabase.insertWithOnConflict(SQLiteDatabase.java:2410)
04-18 00:43:01.337 18943  5608 W NetworkScheduler: 	at android.database.sqlite.SQLiteDatabase.insertOrThrow(SQLiteDatabase.java:2305)
04-18 00:43:01.337 18943  5608 W NetworkScheduler: 	at bwce.f(:com.google.android.gms@231312044@23.13.12 (190400-519946965):53)
04-18 00:43:01.337 18943  5608 W NetworkScheduler: 	at bway.n(:com.google.android.gms@231312044@23.13.12 (190400-519946965):3)
04-18 00:43:01.337 18943  5608 W NetworkScheduler: 	at bway.u(:com.google.android.gms@231312044@23.13.12 (190400-519946965):20)
04-18 00:43:01.337 18943  5608 W NetworkScheduler: 	at bway.h(:com.google.android.gms@231312044@23.13.12 (190400-519946965):3)
04-18 00:43:01.337 18943  5608 W NetworkScheduler: 	at bvwq.run(:com.google.android.gms@231312044@23.13.12 (190400-519946965):9)
04-18 00:43:01.337 18943  5608 W NetworkScheduler: 	at abix.c(:com.google.android.gms@231312044@23.13.12 (190400-519946965):6)
04-18 00:43:01.337 18943  5608 W NetworkScheduler: 	at abix.run(:com.google.android.gms@231312044@23.13.12 (190400-519946965):7)
04-18 00:43:01.337 18943  5608 W NetworkScheduler: 	at java.util.concurrent.ThreadPoolExecutor.runWorker(ThreadPoolExecutor.java:1137)
04-18 00:43:01.337 18943  5608 W NetworkScheduler: 	at java.util.concurrent.ThreadPoolExecutor$Worker.run(ThreadPoolExecutor.java:637)
04-18 00:43:01.337 18943  5608 W NetworkScheduler: 	at abod.run(:com.google.android.gms@231312044@23.13.12 (190400-519946965):0)
04-18 00:43:01.337 18943  5608 W NetworkScheduler: 	at java.lang.Thread.run(Thread.java:1012)
04-18 00:43:01.361 18943  6101 W NetworkScheduler: Error inserting flex_time=2317000 job_id=-1 period=4635000 source=16 requires_charging=0 preferred_network_type=1 target_class=com.google.android.gms.measurement.PackageMeasurementTaskService user_id=0 target_package=com.google.android.gms tag=Measurement.PackageMeasurementTaskService.UPLOAD_TASK_TAG task_type=0 required_idleness_state=0 service_kind=0 source_version=231312000 persistence_level=1 preferred_charging_state=1 required_network_type=0 runtime=1681771381356 retry_strategy={"maximum_backoff_seconds":{"3600":0},"initial_backoff_seconds":{"30":0},"retry_policy":{"0":0}} last_runtime=0 [CONTEXT service_id=218 ]
04-18 00:43:01.361 18943  6101 W NetworkScheduler: android.database.sqlite.SQLiteConstraintException: UNIQUE constraint failed: pending_ops.tag, pending_ops.target_class, pending_ops.target_package, pending_ops.user_id (code 2067 SQLITE_CONSTRAINT_UNIQUE[2067])
04-18 00:43:01.361 18943  6101 W NetworkScheduler: 	at android.database.sqlite.SQLiteConnection.nativeExecuteForLastInsertedRowId(Native Method)
04-18 00:43:01.361 18943  6101 W NetworkScheduler: 	at android.database.sqlite.SQLiteConnection.executeForLastInsertedRowId(SQLiteConnection.java:1275)
04-18 00:43:01.361 18943  6101 W NetworkScheduler: 	at android.database.sqlite.SQLiteSession.executeForLastInsertedRowId(SQLiteSession.java:790)
04-18 00:43:01.361 18943  6101 W NetworkScheduler: 	at android.database.sqlite.SQLiteStatement.executeInsert(SQLiteStatement.java:89)
04-18 00:43:01.361 18943  6101 W NetworkScheduler: 	at android.database.sqlite.SQLiteDatabase.insertWithOnConflict(SQLiteDatabase.java:2410)
04-18 00:43:01.361 18943  6101 W NetworkScheduler: 	at android.database.sqlite.SQLiteDatabase.insertOrThrow(SQLiteDatabase.java:2305)
04-18 00:43:01.361 18943  6101 W NetworkScheduler: 	at bwce.f(:com.google.android.gms@231312044@23.13.12 (190400-519946965):53)
04-18 00:43:01.361 18943  6101 W NetworkScheduler: 	at bway.n(:com.google.android.gms@231312044@23.13.12 (190400-519946965):3)
04-18 00:43:01.361 18943  6101 W NetworkScheduler: 	at bway.u(:com.google.android.gms@231312044@23.13.12 (190400-519946965):20)
04-18 00:43:01.361 18943  6101 W NetworkScheduler: 	at bway.h(:com.google.android.gms@231312044@23.13.12 (190400-519946965):3)
04-18 00:43:01.361 18943  6101 W NetworkScheduler: 	at bvwq.run(:com.google.android.gms@231312044@23.13.12 (190400-519946965):9)
04-18 00:43:01.361 18943  6101 W NetworkScheduler: 	at abix.c(:com.google.android.gms@231312044@23.13.12 (190400-519946965):6)
04-18 00:43:01.361 18943  6101 W NetworkScheduler: 	at abix.run(:com.google.android.gms@231312044@23.13.12 (190400-519946965):7)
04-18 00:43:01.361 18943  6101 W NetworkScheduler: 	at java.util.concurrent.ThreadPoolExecutor.runWorker(ThreadPoolExecutor.java:1137)
04-18 00:43:01.361 18943  6101 W NetworkScheduler: 	at java.util.concurrent.ThreadPoolExecutor$Worker.run(ThreadPoolExecutor.java:637)
04-18 00:43:01.361 18943  6101 W NetworkScheduler: 	at abod.run(:com.google.android.gms@231312044@23.13.12 (190400-519946965):0)
04-18 00:43:01.361 18943  6101 W NetworkScheduler: 	at java.lang.Thread.run(Thread.java:1012)
04-18 00:43:01.421  5628  5714 W libprocessgroup: Failed to open /dev/blkio//cgroup.procs: No such file or directory
04-18 00:43:01.478  6909  7159 W oobe.samsung.gl: Long monitor contention with owner pool-8-thread-1 (7006) at com.ironsource.aura.infra.GaidInfo com.ironsource.aura.infra.GaidManager.b()(SourceFile:12) waiters=0 in com.ironsource.aura.infra.GaidInfo com.ironsource.aura.infra.GaidManager.b() for 369ms
04-18 00:43:01.552   401  7174 I GmscoreIpa: Starting mediastore instant index [CONTEXT service_id=255 ]
04-18 00:43:01.778  6837  7175 D TrafficStats: tagSocket(127) with statsTag=0xd83ddc19, statsUid=-1
04-18 00:43:02.165  6837  6847 I tinkoff.android: ThreadFlipBegin blocked for 12.284ms
04-18 00:43:02.170  6837  7093 I tinkoff.android: IncrementDisableThreadFlip blocked for 10.646ms
04-18 00:43:02.170  6837  7026 I tinkoff.android: IncrementDisableThreadFlip blocked for 13.797ms
04-18 00:43:02.237  6837  6991 D TrafficStats: tagSocket(130) with statsTag=0xffffffff, statsUid=-1
04-18 00:43:02.238  5628  8457 D NetdEventListenerService: DNS Requested by : 117, 10405
04-18 00:43:02.243  5628  8457 D NetdEventListenerService: DNS Requested by : 117, 10405
04-18 00:43:02.246  6837  6992 D TrafficStats: tagSocket(129) with statsTag=0xffffffff, statsUid=-1
04-18 00:43:02.246  5628  8457 D NetdEventListenerService: DNS Requested by : 117, 10405
04-18 00:43:02.250  5628  8457 D NetdEventListenerService: DNS Requested by : 117, 10405
04-18 00:43:02.251  6837  6994 D TrafficStats: tagSocket(141) with statsTag=0xffffffff, statsUid=-1
04-18 00:43:02.260  6837  6990 D TrafficStats: tagSocket(131) with statsTag=0xffffffff, statsUid=-1
04-18 00:43:02.993  8513  8599 D MobileStatusTracker(0/1): onSignalStrengthsChanged level=2, vendorLevel=2
04-18 00:43:02.998  8513  8599 D MobileSignalController(0/1): notifyListener: enabled=true, connected=true, dataConnected=false, networkType=LTE (4G), emergencyOnly=false, roaming=true, isDefault=false, dataActivity=, level=2, ca=false, mmWave=false, disabledDataIcon=false, simCard=ETC
04-18 00:43:03.002  8513  8599 D NetworkController: SignalStrength from intent slotId=0
04-18 00:43:03.100  4613  4613 W keymaster_tee: [WRN]begin req PARAMS: A32 B32 P1
04-18 00:43:03.137  4613  4613 W keymaster_tee: [WRN]begin req PARAMS: A32 B32 P1
04-18 00:43:03.161  4613  4613 W keymaster_tee: [WRN]begin req PARAMS: A32 B32 P1
04-18 00:43:03.185  4613  4613 W keymaster_tee: [WRN]begin req PARAMS: A32 B32 P1
04-18 00:43:03.214  6837  6879 W tinkoff.android: Weak pointer dereference blocked for 12 milliseconds.
04-18 00:43:03.230  4613  4613 W keymaster_tee: [WRN]begin req PARAMS: A32 B32 P1
04-18 00:43:03.245  4613  4613 W keymaster_tee: [WRN]begin req PARAMS: A32 B32 P1
04-18 00:43:03.259  6837  7095 I mi.n    : Provider GmsCore_OpenSSL not available
04-18 00:43:03.660  5628  9811 D SemWifiUsabilityStatsMonitor: onWifiUsabilityStats - seqNum 23609, isSameBssidAndFreq true
04-18 00:43:03.663  5628  8422 I SemWifiLinkQualityMonitor: Link Qos Query: 0.019 ms / 431.309 Mbps (433 / 0.000 / 1.004)
04-18 00:43:03.920   401  7084 W FA-SVC  : Event created with reverse previous/current timestamps. appId, name: com.idamob.tinkoff.android, _err
04-18 00:43:04.054  6909  6927 W System  : A resource failed to call AbstractCursor.close.
04-18 00:43:04.055  6909  6927 W System  : A resource failed to call CursorWrapperInner.close.
04-18 00:43:04.103 18943  5111 W NetworkScheduler: Error inserting flex_time=2314000 job_id=-1 period=4630000 source=16 requires_charging=0 preferred_network_type=1 target_class=com.google.android.gms.measurement.PackageMeasurementTaskService user_id=0 target_package=com.google.android.gms tag=Measurement.PackageMeasurementTaskService.UPLOAD_TASK_TAG task_type=0 required_idleness_state=0 service_kind=0 source_version=231312000 persistence_level=1 preferred_charging_state=1 required_network_type=0 runtime=1681771384101 retry_strategy={"maximum_backoff_seconds":{"3600":0},"initial_backoff_seconds":{"30":0},"retry_policy":{"0":0}} last_runtime=0 [CONTEXT service_id=218 ]
04-18 00:43:04.103 18943  5111 W NetworkScheduler: android.database.sqlite.SQLiteConstraintException: UNIQUE constraint failed: pending_ops.tag, pending_ops.target_class, pending_ops.target_package, pending_ops.user_id (code 2067 SQLITE_CONSTRAINT_UNIQUE[2067])
04-18 00:43:04.103 18943  5111 W NetworkScheduler: 	at android.database.sqlite.SQLiteConnection.nativeExecuteForLastInsertedRowId(Native Method)
04-18 00:43:04.103 18943  5111 W NetworkScheduler: 	at android.database.sqlite.SQLiteConnection.executeForLastInsertedRowId(SQLiteConnection.java:1275)
04-18 00:43:04.103 18943  5111 W NetworkScheduler: 	at android.database.sqlite.SQLiteSession.executeForLastInsertedRowId(SQLiteSession.java:790)
04-18 00:43:04.103 18943  5111 W NetworkScheduler: 	at android.database.sqlite.SQLiteStatement.executeInsert(SQLiteStatement.java:89)
04-18 00:43:04.103 18943  5111 W NetworkScheduler: 	at android.database.sqlite.SQLiteDatabase.insertWithOnConflict(SQLiteDatabase.java:2410)
04-18 00:43:04.103 18943  5111 W NetworkScheduler: 	at android.database.sqlite.SQLiteDatabase.insertOrThrow(SQLiteDatabase.java:2305)
04-18 00:43:04.103 18943  5111 W NetworkScheduler: 	at bwce.f(:com.google.android.gms@231312044@23.13.12 (190400-519946965):53)
04-18 00:43:04.103 18943  5111 W NetworkScheduler: 	at bway.n(:com.google.android.gms@231312044@23.13.12 (190400-519946965):3)
04-18 00:43:04.103 18943  5111 W NetworkScheduler: 	at bway.u(:com.google.android.gms@231312044@23.13.12 (190400-519946965):20)
04-18 00:43:04.103 18943  5111 W NetworkScheduler: 	at bway.h(:com.google.android.gms@231312044@23.13.12 (190400-519946965):3)
04-18 00:43:04.103 18943  5111 W NetworkScheduler: 	at bvwq.run(:com.google.android.gms@231312044@23.13.12 (190400-519946965):9)
04-18 00:43:04.103 18943  5111 W NetworkScheduler: 	at abix.c(:com.google.android.gms@231312044@23.13.12 (190400-519946965):6)
04-18 00:43:04.103 18943  5111 W NetworkScheduler: 	at abix.run(:com.google.android.gms@231312044@23.13.12 (190400-519946965):7)
04-18 00:43:04.103 18943  5111 W NetworkScheduler: 	at java.util.concurrent.ThreadPoolExecutor.runWorker(ThreadPoolExecutor.java:1137)
04-18 00:43:04.103 18943  5111 W NetworkScheduler: 	at java.util.concurrent.ThreadPoolExecutor$Worker.run(ThreadPoolExecutor.java:637)
04-18 00:43:04.103 18943  5111 W NetworkScheduler: 	at abod.run(:com.google.android.gms@231312044@23.13.12 (190400-519946965):0)
04-18 00:43:04.103 18943  5111 W NetworkScheduler: 	at java.lang.Thread.run(Thread.java:1012)
04-18 00:43:04.119   401  7084 E FA-SVC  : Too many unique user properties are set. Ignoring user property: dco_ic, d3c6543a-d7c0-11ed-8000-00002e794bcf
04-18 00:43:04.220 18943  5608 W NetworkScheduler: Error inserting flex_time=2314000 job_id=-1 period=4629000 source=16 requires_charging=0 preferred_network_type=1 target_class=com.google.android.gms.measurement.PackageMeasurementTaskService user_id=0 target_package=com.google.android.gms tag=Measurement.PackageMeasurementTaskService.UPLOAD_TASK_TAG task_type=0 required_idleness_state=0 service_kind=0 source_version=231312000 persistence_level=1 preferred_charging_state=1 required_network_type=0 runtime=1681771384215 retry_strategy={"maximum_backoff_seconds":{"3600":0},"initial_backoff_seconds":{"30":0},"retry_policy":{"0":0}} last_runtime=0 [CONTEXT service_id=218 ]
04-18 00:43:04.220 18943  5608 W NetworkScheduler: android.database.sqlite.SQLiteConstraintException: UNIQUE constraint failed: pending_ops.tag, pending_ops.target_class, pending_ops.target_package, pending_ops.user_id (code 2067 SQLITE_CONSTRAINT_UNIQUE[2067])
04-18 00:43:04.220 18943  5608 W NetworkScheduler: 	at android.database.sqlite.SQLiteConnection.nativeExecuteForLastInsertedRowId(Native Method)
04-18 00:43:04.220 18943  5608 W NetworkScheduler: 	at android.database.sqlite.SQLiteConnection.executeForLastInsertedRowId(SQLiteConnection.java:1275)
04-18 00:43:04.220 18943  5608 W NetworkScheduler: 	at android.database.sqlite.SQLiteSession.executeForLastInsertedRowId(SQLiteSession.java:790)
04-18 00:43:04.220 18943  5608 W NetworkScheduler: 	at android.database.sqlite.SQLiteStatement.executeInsert(SQLiteStatement.java:89)
04-18 00:43:04.220 18943  5608 W NetworkScheduler: 	at android.database.sqlite.SQLiteDatabase.insertWithOnConflict(SQLiteDatabase.java:2410)
04-18 00:43:04.220 18943  5608 W NetworkScheduler: 	at android.database.sqlite.SQLiteDatabase.insertOrThrow(SQLiteDatabase.java:2305)
04-18 00:43:04.220 18943  5608 W NetworkScheduler: 	at bwce.f(:com.google.android.gms@231312044@23.13.12 (190400-519946965):53)
04-18 00:43:04.220 18943  5608 W NetworkScheduler: 	at bway.n(:com.google.android.gms@231312044@23.13.12 (190400-519946965):3)
04-18 00:43:04.220 18943  5608 W NetworkScheduler: 	at bway.u(:com.google.android.gms@231312044@23.13.12 (190400-519946965):20)
04-18 00:43:04.220 18943  5608 W NetworkScheduler: 	at bway.h(:com.google.android.gms@231312044@23.13.12 (190400-519946965):3)
04-18 00:43:04.220 18943  5608 W NetworkScheduler: 	at bvwq.run(:com.google.android.gms@231312044@23.13.12 (190400-519946965):9)
04-18 00:43:04.220 18943  5608 W NetworkScheduler: 	at abix.c(:com.google.android.gms@231312044@23.13.12 (190400-519946965):6)
04-18 00:43:04.220 18943  5608 W NetworkScheduler: 	at abix.run(:com.google.android.gms@231312044@23.13.12 (190400-519946965):7)
04-18 00:43:04.220 18943  5608 W NetworkScheduler: 	at java.util.concurrent.ThreadPoolExecutor.runWorker(ThreadPoolExecutor.java:1137)
04-18 00:43:04.220 18943  5608 W NetworkScheduler: 	at java.util.concurrent.ThreadPoolExecutor$Worker.run(ThreadPoolExecutor.java:637)
04-18 00:43:04.220 18943  5608 W NetworkScheduler: 	at abod.run(:com.google.android.gms@231312044@23.13.12 (190400-519946965):0)
04-18 00:43:04.220 18943  5608 W NetworkScheduler: 	at java.lang.Thread.run(Thread.java:1012)
04-18 00:43:05.943  5250  5250 D Zygote  : Forked child process 7213
04-18 00:43:06.004  7213  7213 I oid.apps.photos: Using CollectorTypeCC GC.
04-18 00:43:06.013  7213  7213 E oid.apps.photos: Not starting debugger since process cannot load the jdwp agent.
04-18 00:43:06.022  7213  7213 W libc    : Access denied finding property "sys.perf.boostopt"
04-18 00:43:06.022  5224  5224 E audit   : type=1400 audit(1681771386.018:59903): avc:  denied  { read } for  pid=7213 comm="oid.apps.photos" name="u:object_r:perf_prop:s0" dev="tmpfs" ino=16829 scontext=u:r:untrusted_app:s0:c252,c256,c512,c768 tcontext=u:object_r:perf_prop:s0 tclass=file permissive=0 SEPF_SM-A515F_13_0001 audit_filtered
04-18 00:43:06.023  5224  5224 E audit   : type=1300 audit(1681771386.018:59903): arch=c00000b7 syscall=56 success=no exit=-13 a0=ffffff9c a1=7ffbc769b8 a2=88000 a3=0 items=0 ppid=5250 pid=7213 auid=4294967295 uid=10252 gid=10252 euid=10252 suid=10252 fsuid=10252 egid=10252 sgid=10252 fsgid=10252 tty=(none) ses=4294967295 comm="oid.apps.photos" exe="/system/bin/app_process64" subj=u:r:untrusted_app:s0:c252,c256,c512,c768 key=(null)
04-18 00:43:06.023  5224  5224 E audit   : type=1327 audit(1681771386.018:59903): proctitle="zygote64"
04-18 00:43:06.023  7213  7233 W libc    : Access denied finding property "sys.perf.boostopt"
04-18 00:43:06.023  5224  5224 E audit   : type=1400 audit(1681771386.018:59904): avc:  denied  { read } for  pid=7213 comm="binder:7213_1" name="u:object_r:perf_prop:s0" dev="tmpfs" ino=16829 scontext=u:r:untrusted_app:s0:c252,c256,c512,c768 tcontext=u:object_r:perf_prop:s0 tclass=file permissive=0 SEPF_SM-A515F_13_0001 audit_filtered
04-18 00:43:06.025  7213  7213 D ActivityThread: setConscryptValidator
04-18 00:43:06.025  7213  7213 D ActivityThread: setConscryptValidator - put
04-18 00:43:06.052  7213  7233 W libc    : Access denied finding property "sys.perf.boostopt"
04-18 00:43:06.052  7213  7213 D CompatibilityChangeReporter: Compat change id reported: 171979766; UID 10252; state: ENABLED
04-18 00:43:06.076  7213  7213 D nativeloader: Configuring classloader-namespace for other apk /system/framework/org.apache.http.legacy.jar. target_sdk_version=33, uses_libraries=ALL, library_path=/data/app/~~bWD3g5lHpFZ4kO2I02iuCg==/com.google.android.apps.photos-NIdmTL3igYn9lwATRGPMmg==/lib/arm64:/data/app/~~bWD3g5lHpFZ4kO2I02iuCg==/com.google.android.apps.photos-NIdmTL3igYn9lwATRGPMmg==/base.apk!/lib/arm64-v8a:/data/app/~~bWD3g5lHpFZ4kO2I02iuCg==/com.google.android.apps.photos-NIdmTL3igYn9lwATRGPMmg==/split_config.en.apk!/lib/arm64-v8a:/data/app/~~bWD3g5lHpFZ4kO2I02iuCg==/com.google.android.apps.photos-NIdmTL3igYn9lwATRGPMmg==/split_config.ru.apk!/lib/arm64-v8a:/data/app/~~bWD3g5lHpFZ4kO2I02iuCg==/com.google.android.apps.photos-NIdmTL3igYn9lwATRGPMmg==/split_config.xxhdpi.apk!/lib/arm64-v8a, permitted_path=/data:/mnt/expand:/data/user/0/com.google.android.apps.photos
04-18 00:43:06.076  7213  7213 D nativeloader: Extending system_exposed_libraries: libhumantracking.arcsoft.so:libPortraitDistortionCorrection.arcsoft.so:libPortraitDistortionCorrectionCali.arcsoft.so:libface_landmark.arcsoft.so:libFacialStickerEngine.arcsoft.so:libveengine.arcsoft.so:liblow_light_hdr.arcsoft.so:libhigh_dynamic_range.arcsoft.so:libFacialAttributeDetection.arcsoft.so:libBeauty_v4.camera.samsung.so:libexifa.camera.samsung.so:libjpega.camera.samsung.so:libOpenCv.camera.samsung.so:libImageScreener.camera.samsung.so:libMyFilter.camera.samsung.so:libtensorflowLite.myfilter.camera.samsung.so:libtensorflowlite_inference_api.myfilter.camera.samsung.so:libEventFinder.camera.samsung.so:libHIDTSnapJNI.camera.samsung.so:libSmartScan.camera.samsung.so:libRectify.camera.samsung.so:libDocRectifyWrapper.camera.samsung.so:libUltraWideDistortionCorrection.camera.samsung.so:libHpr_RecGAE_cvFeature_v1.0.camera.samsung.so:libHprFace_GAE_api.camera.samsung.so:libFace_Landmark_API.camera.samsung.so:libHprFace_GAE_jni.camera.samsung.so:libFacialBasedSelfieCorrec
04-18 00:43:06.102  7213  7213 W ziparchive: Unable to open '/data/app/~~bWD3g5lHpFZ4kO2I02iuCg==/com.google.android.apps.photos-NIdmTL3igYn9lwATRGPMmg==/split_config.en.dm': No such file or directory
04-18 00:43:06.102  7213  7213 W ziparchive: Unable to open '/data/app/~~bWD3g5lHpFZ4kO2I02iuCg==/com.google.android.apps.photos-NIdmTL3igYn9lwATRGPMmg==/split_config.en.dm': No such file or directory
04-18 00:43:06.103  7213  7213 W oid.apps.photos: Entry not found
04-18 00:43:06.108  7213  7213 W ziparchive: Unable to open '/data/app/~~bWD3g5lHpFZ4kO2I02iuCg==/com.google.android.apps.photos-NIdmTL3igYn9lwATRGPMmg==/split_config.ru.dm': No such file or directory
04-18 00:43:06.108  7213  7213 W ziparchive: Unable to open '/data/app/~~bWD3g5lHpFZ4kO2I02iuCg==/com.google.android.apps.photos-NIdmTL3igYn9lwATRGPMmg==/split_config.ru.dm': No such file or directory
04-18 00:43:06.108  7213  7213 W oid.apps.photos: Entry not found
04-18 00:43:06.109  7213  7213 W ziparchive: Unable to open '/data/app/~~bWD3g5lHpFZ4kO2I02iuCg==/com.google.android.apps.photos-NIdmTL3igYn9lwATRGPMmg==/split_config.xxhdpi.dm': No such file or directory
04-18 00:43:06.109  7213  7213 W ziparchive: Unable to open '/data/app/~~bWD3g5lHpFZ4kO2I02iuCg==/com.google.android.apps.photos-NIdmTL3igYn9lwATRGPMmg==/split_config.xxhdpi.dm': No such file or directory
04-18 00:43:06.110  7213  7213 W oid.apps.photos: Entry not found
04-18 00:43:06.112  7213  7213 D nativeloader: Configuring classloader-namespace for other apk /data/app/~~bWD3g5lHpFZ4kO2I02iuCg==/com.google.android.apps.photos-NIdmTL3igYn9lwATRGPMmg==/base.apk:/data/app/~~bWD3g5lHpFZ4kO2I02iuCg==/com.google.android.apps.photos-NIdmTL3igYn9lwATRGPMmg==/split_config.en.apk:/data/app/~~bWD3g5lHpFZ4kO2I02iuCg==/com.google.android.apps.photos-NIdmTL3igYn9lwATRGPMmg==/split_config.ru.apk:/data/app/~~bWD3g5lHpFZ4kO2I02iuCg==/com.google.android.apps.photos-NIdmTL3igYn9lwATRGPMmg==/split_config.xxhdpi.apk. target_sdk_version=33, uses_libraries=libOpenCL.so, library_path=/data/app/~~bWD3g5lHpFZ4kO2I02iuCg==/com.google.android.apps.photos-NIdmTL3igYn9lwATRGPMmg==/lib/arm64:/data/app/~~bWD3g5lHpFZ4kO2I02iuCg==/com.google.android.apps.photos-NIdmTL3igYn9lwATRGPMmg==/base.apk!/lib/arm64-v8a:/data/app/~~bWD3g5lHpFZ4kO2I02iuCg==/com.google.android.apps.photos-NIdmTL3igYn9lwATRGPMmg==/split_config.en.apk!/lib/arm64-v8a:/data/app/~~bWD3g5lHpFZ4kO2I02iuCg==/com.google.android.apps.photos-NIdmTL3igYn9lwATRGPMmg==/split_config.ru.apk!/li
04-18 00:43:06.114  7213  7213 W oid.apps.photos: JIT profile information will not be recorded: profile file does not exist.
04-18 00:43:06.115  7213  7213 W oid.apps.photos: JIT profile information will not be recorded: profile file does not exist.
04-18 00:43:06.115  7213  7213 W oid.apps.photos: JIT profile information will not be recorded: profile file does not exist.
04-18 00:43:06.131  7213  7213 V GraphicsEnvironment: ANGLE Developer option for 'com.google.android.apps.photos' set to: 'default'
04-18 00:43:06.132  7213  7213 V GraphicsEnvironment: ANGLE GameManagerService for com.google.android.apps.photos: false
04-18 00:43:06.132  7213  7213 V GraphicsEnvironment: Neither updatable production driver nor prerelease driver is supported.
04-18 00:43:06.137  7213  7213 D NetworkSecurityConfig: No Network Security Config specified, using platform default
04-18 00:43:06.142  7213  7213 D NetworkSecurityConfig: No Network Security Config specified, using platform default
04-18 00:43:06.153  7213  7213 W oid.apps.photos: Accessing hidden field Ljava/util/Collections$SynchronizedCollection;->mutex:Ljava/lang/Object; (max-target-o, reflection, denied)
04-18 00:43:06.154  7213  7213 W oid.apps.photos: Accessing hidden method Ljava/util/Collections$SynchronizedSet;-><init>(Ljava/util/Set;Ljava/lang/Object;)V (max-target-o, reflection, denied)
04-18 00:43:06.154  7213  7213 W oid.apps.photos: Accessing hidden method Ljava/util/Collections$SynchronizedCollection;-><init>(Ljava/util/Collection;Ljava/lang/Object;)V (max-target-o, reflection, denied)
04-18 00:43:06.156  7213  7213 D CompatibilityChangeReporter: Compat change id reported: 183155436; UID 10252; state: ENABLED
04-18 00:43:06.218  7213  7246 D CompatibilityChangeReporter: Compat change id reported: 194532703; UID 10252; state: ENABLED
04-18 00:43:06.266  7213  7246 D ConnectivityManager: StackLog: [android.net.ConnectivityManager.sendRequestForNetwork(ConnectivityManager.java:4191)] [android.net.ConnectivityManager.registerDefaultNetworkCallbackForUid(ConnectivityManager.java:4755)] [android.net.ConnectivityManager.registerDefaultNetworkCallback(ConnectivityManager.java:4722)] [android.net.ConnectivityManager.registerDefaultNetworkCallback(ConnectivityManager.java:4696)] [dzu.b(PG:2)] [dzx.b(PG:3)] [dyz.o(PG:1)] [dyw.a(PG:1)] [_6.<init>(PG:13)] [_968.<init>(PG:1)] [dzk.a(PG:2)] [dzm.b(PG:9)] [dny.d(PG:1)] [_852.ap(PG:1)] [mxj.b(PG:2)] [ejp.as(PG:844)] [ejp.b(PG:6)] [ejp.a(PG:1)] [aijw.C(PG:9)] [aijw.k(PG:2)] [aijw.h(PG:2)] [grt.call(PG:34)] [agie.call(PG:1)] [agiv.call(PG:2)] [agim.run(PG:8)] [java.util.concurrent.ThreadPoolExecutor.runWorker(ThreadPoolExecutor.java:1137)] [java.util.concurrent.ThreadPoolExecutor$Worker.run(ThreadPoolExecutor.java:637)] [java.lang.Thread.run(Thread.java:1012)] [aghy.run(PG:2)]
04-18 00:43:06.268  5628  5653 D ConnectivityService: requestNetwork for uid/pid:10252/7213 activeRequest: null callbackRequest: 15794 [NetworkRequest [ REQUEST id=15795, [ Capabilities: INTERNET&NOT_RESTRICTED&TRUSTED&NOT_VCN_MANAGED Uid: 10252 RequestorUid: 10252 RequestorPkg: com.google.android.apps.photos UnderlyingNetworks: Null] ]] callback flags: 0 order: 2147483647
04-18 00:43:06.269  5628  8367 D ConnectivityService:    accepting network in place of null
04-18 00:43:06.273  5628  8356 D WifiNetworkFactory: got request NetworkRequest [ REQUEST id=15795, [ Capabilities: INTERNET&NOT_RESTRICTED&TRUSTED&NOT_VCN_MANAGED Uid: 10252 RequestorUid: 10252 RequestorPkg: com.google.android.apps.photos UnderlyingNetworks: Null] ]
04-18 00:43:06.274  5628  8356 D UntrustedWifiNetworkFactory: got request NetworkRequest [ REQUEST id=15795, [ Capabilities: INTERNET&NOT_RESTRICTED&TRUSTED&NOT_VCN_MANAGED Uid: 10252 RequestorUid: 10252 RequestorPkg: com.google.android.apps.photos UnderlyingNetworks: Null] ]
04-18 00:43:06.275  5628  8356 D OemPaidWifiNetworkFactory: got request NetworkRequest [ REQUEST id=15795, [ Capabilities: INTERNET&NOT_RESTRICTED&TRUSTED&NOT_VCN_MANAGED Uid: 10252 RequestorUid: 10252 RequestorPkg: com.google.android.apps.photos UnderlyingNetworks: Null] ]
04-18 00:43:06.276  5628  8356 D MultiInternetWifiNetworkFactory: got request NetworkRequest [ REQUEST id=15795, [ Capabilities: INTERNET&NOT_RESTRICTED&TRUSTED&NOT_VCN_MANAGED Uid: 10252 RequestorUid: 10252 RequestorPkg: com.google.android.apps.photos UnderlyingNetworks: Null] ]
04-18 00:43:06.284  5628  8367 D ConnectivityService: Rematched networks [computed 1ms] [applied 1ms] [issued 14]
04-18 00:43:06.284  5628  8367 D ConnectivityService: NetworkReassignment :
04-18 00:43:06.284  5628  8367 D ConnectivityService:   15795 : null  117
04-18 00:43:06.337  7213  7246 D CompatibilityChangeReporter: Compat change id reported: 210923482; UID 10252; state: ENABLED
04-18 00:43:06.496  7213  7260 D CompatibilityChangeReporter: Compat change id reported: 170233598; UID 10252; state: DISABLED
04-18 00:43:06.694  5628  9811 D SemWifiUsabilityStatsMonitor: onWifiUsabilityStats - seqNum 23610, isSameBssidAndFreq true
04-18 00:43:06.698  5628  8422 I SemWifiLinkQualityMonitor: Link Qos Query: 0.018 ms / 433.000 Mbps (433 / 0.000 / 1.000)
04-18 00:43:07.767  5271  5313 I SensorsHub: context 6 0 5 1,1,55,0,1,3, 204433555380362
04-18 00:43:07.768  5628  5924 D SensorHubManager: onGetSensorHubDataLocked: library(6) = 1, 1, 55, 0, 1, 3
04-18 00:43:07.769  5628  5925 D CAE     : onGetSensorHubData(SensorHubParserProvider.java:89) - onGetSensorHubData Event [event buffer len :6], AP_WAKEUP
04-18 00:43:07.769  5628  5925 I CAE     : parse(SensorHubParserProvider.java:190) - buffer size = 6
04-18 00:43:07.770  5628  5925 I CAE     : parse(SensorHubParserProvider.java:201) - 1, 1, 55, 0, 1, 3,
04-18 00:43:07.770  5628  5925 I CAE     : parse(SLocationRunner.java:88) - SLocationRunner parse start : 3
04-18 00:43:07.770  5628  5925 D CAE     : display(ContextProvider.java:375) - ================= SLOCATION_RUNNER =================
04-18 00:43:07.771  5628  5925 I CAE     : display(ContextProvider.java:391) - ExtraDataArray=[1, 1, 55, 0, 1, 3]
04-18 00:43:07.771  5628  5925 I CAE     : parse(SLocationRunner.java:96) - SLocationRunner parse end:6
04-18 00:43:07.775  5628  5922 D SemContextService: Service.updateContext() : service = SLocation Core
04-18 00:43:07.775  5628  5628 D SemContextManager: onSemContextChanged() : event = SLocation Core
04-18 00:43:07.775  5628  5628 D SLocation: SLocationCoreSem - SemContextChanged type = 47, packet received
04-18 00:43:07.776  5628  8841 I SLocation: SemContextParser -  parse start : 3
04-18 00:43:07.776  5628  8841 I SLocation: SemContextParser -  packet Length : 1packet total size : 6
04-18 00:43:07.776  5628  8841 I SLocation: SemContextParser - packet : [3]
04-18 00:43:07.776  5628  8841 D SLocation: GeofenceCoreManager - received Extra Data from core, len : 1
04-18 00:43:07.778  5628  8841 D SLocation: CommonCoreManager - received Extra Data from core, len : 1
04-18 00:43:07.779  5628  8841 D SLocation: PositionManager - last location time exceed threshold 320277 / 30000
04-18 00:43:07.779  5628  8841 D SLocation: GeopointGeofenceManager - getLastLocation is abnromal!
04-18 00:43:07.780  5628  8841 D SLocation: LocationProviderStatus - try to update provider status (GPS/NLP)
04-18 00:43:07.781  5628  8841 D SLocation: LocationProviderStatus - set isGpsOn : true, isNlpOn : true
04-18 00:43:07.781  5628  8841 D SLocation: LocationProviderStatus - gps & nlp status not changed
04-18 00:43:07.782  5628  8841 D SLocation: SContentManager - IsNetworkAvailable = true
04-18 00:43:07.782  5628  8841 D SLocation: PositionManager - requestLocationUpdates(1) : NETWORK_PROVIDER
04-18 00:43:07.782  5628  8841 D SLocation: NLPManager - requestUpdate - NLP
04-18 00:43:07.806  5628  8841 D LocationManagerService: network provider added registration from 1000/android[SLocationService]/E0EA7F7E -> Request[@0 BALANCED, WorkSource{1000 android}]
04-18 00:43:07.851  9284  9353 I RequestManager_FLP: request from system, change packageName from system to system(slocation)
04-18 00:43:07.852  9284  9353 E RequestManager_FLP: [LocationManager] Location request E0EA7F7E(Listener) network interval=0ms (min=0ms) from system(slocation) (1000_FINE_unknown_false_foreground)
04-18 00:43:07.900 18943 19268 W SystemServiceRegistry: No service published for: wifirtt
04-18 00:43:07.979 19033 19033 I wpa_supplicant: nl80211: Drv Event 33 (NL80211_CMD_TRIGGER_SCAN) received for wlan0
04-18 00:43:07.980 19033 19033 I wpa_supplicant: wlan0: nl80211: Scan trigger
04-18 00:43:08.000  8955  9147 I PhoneStateTracker<1>: onCellInfoChanged: xxxxx
04-18 00:43:08.005  8955  9147 I ImsCallSessionManager: onCellInfoChanged, phoneId: 1
04-18 00:43:08.005  8955  9147 I RegiMgr-Handler: handleMessage: EVENT_CELL_INFO_CHANGED
04-18 00:43:08.018  8955  9147 I RegiMgr<1>: updatePani RegisterTask[1][mProfile=Telenor Serbia IMS, mRegistrationRat=13, mPdnType=11, mState=REGISTERED, mObject=UserAgent - :
04-18 00:43:08.018  8955  9147 I RegiMgr<1>:  total records=475
04-18 00:43:08.018  8955  9147 I RegiMgr<1>:  rec[0]: time=04-18 00:32:09.787 processed=RegisteredState org=RegisteredState dest=<null> what=8(0x8)
04-18 00:43:08.018  8955  9147 I RegiMgr<1>:  rec[1]: time=04-18 00:32:10.052 processed=RegisteredState org=RegisteredState dest=<null> what=1000(0x3e8)
04-18 00:43:08.018  8955  9147 I RegiMgr<1>:  rec[2]: time=04-18 00:32:10.236 processed=ReadyState org=RegisteredState dest=<null> what=34(0x22)
04-18 00:43:08.018  8955  9147 I RegiMgr<1>:  rec[3]: time=04-18 00:32:10.240 processed=RegisteredState org=RegisteredState dest=<null> what=2000(0x7d0)
04-18 00:43:08.018  8955  9147 I RegiMgr<1>:  rec[4]: time=04-18 00:32:10.387 processed=ReadyState org=RegisteredState dest=<null> what=34(0x22)
04-18 00:43:08.018  8955  9147 I RegiMgr<1>:  rec[5]: time=04-18 00:32:10.391 processed=RegisteredState org=RegisteredState dest=<null> what=2000(0x7d0)
04-18 00:43:08.018  8955  9147 I RegiMgr<1>:  rec[6]: time=04-18 00:32:11.687 processed=ReadyState org=RegisteredState dest=<null> what=34(0x22)
04-18 00:43:08.018  8955  9147 I RegiMgr<1>:  rec[7]: time=04-18 00:32:11.689 processed=RegisteredState org=RegisteredState dest=<null> what=2000(0x7d0)
04-18 00:43:08.018  8955  9147 I RegiMgr<1>:  rec[8]: time=04-18 00:32:13.759 processed=ReadyState org=RegisteredState dest=<null> what=34(0x22)
04-18 00:43:08.018  8955  9147 I RegiMgr<1>:  rec[9]: time=04-18 00:32:13.761 processed=RegisteredState org=RegisteredState dest=<null> what=2000(0x7d0)
04-18 00:43:08.018  8955  9147 I RegiMgr<1>:  rec[10]: time=04-18 00:32:16.856 processed=ReadyState org=RegisteredState dest=<null> what=34(0x22)
04-18 00:43:08.018  8955  9147 I RegiMgr<1>:  rec[11]: time=04-18 00:32:16.857 processed=RegisteredState org=RegisteredState dest=<null> what=2000(0x7d0)
04-18 00:43:08.018  8955  9147 I RegiMgr<1>:  rec[12]: time=04-18 00:33:25.658 processed=ReadyState org=RegisteredState dest=<null> what=34(0x22)
04-18 00:43:08.018  8955  9147 I RegiMgr<1>:  rec[13]: time=04-18 00:33:25.661 processed=RegisteredState org=RegisteredState dest=<null> what=2000(0x7d0)
04-18 00:43:08.018  8955  9147 I RegiMgr<1>:  rec[14]: time=04-18 00:33:30.094 processed=ReadyState org=RegisteredState dest=<null> what=34(0x22)
04-18 00:43:08.018  8955  9147 I RegiMgr<1>:  rec[15]: time=04-18 00:33:30.095 processed=RegisteredState org=RegisteredState dest=<null> what=2000(0x7d0)
04-18 00:43:08.018  8955  9147 I RegiMgr<1>:  rec[16]: time=04-18 00:37:41.106 processed=ReadyState org=RegisteredState dest=<null> what=34(0x22)
04-18 00:43:08.018  8955  9147 I RegiMgr<1>:  rec[17]: time=04-18 00:37:41.138 processed=RegisteredState org=RegisteredState dest=<null> what=2000(0x7d0)
04-18 00:43:08.018  8955  9147 I RegiMgr<1>:  rec[18]: time=04-18 00:37:44.603 processed=ReadyState org=RegisteredState dest=<null> what=34(0x22)
04-18 00:43:08.018  8955  9147 I RegiMgr<1>:  rec[19]: time=04-18 00:37:44.606 processed=RegisteredState org=RegisteredState dest=<null> what=2000(0x7d0)
04-18 00:43:08.018  8955  9147 I RegiMgr<1>: curState=RegisteredState
04-18 00:43:08.018  8955  9147 I RegiMgr<1>: , mReason=, mPcscfHostname=null, mDeregiReason=41]
04-18 00:43:08.023  8955  9147 I PaniGenerator<1>: generate: subId=2, network=13
04-18 00:43:08.025  8955  9147 I PaniGenerator<1>: generate: network=13, fallbackPlmn=22001
04-18 00:43:08.026  8955  9147 I PdnController<1>: getAllCellInfo mNeedCellLocationUpdate : false
04-18 00:43:08.027  8955  9147 I PaniGenerator: generate: change to NW PLMN(22001)
04-18 00:43:08.028  8955  9147 I PaniGenerator: setLkcForLastPani: No Last PANI header for Telenor Serbia IMS
04-18 00:43:08.029  8955  9147 I UserAgent<1>: updatePani: pani=3GPP-E-UTRAN-FDD;utran-cell-id-3gpp=220012b7301a3e03, updatePani: lastPani=
04-18 00:43:08.031  8955  9285 I StackIF : updatePani: 22535 pani: [3GPP-E-UTRAN-FDD;utran-cell-id-3gpp=220012b7301a3e03]
04-18 00:43:08.034  8955  9147 I RegiMgr<1>: tryRegister:
04-18 00:43:08.035  8955  9147 I RegiMgr<0>: RegisterTask(s): Megafon VoLTE (IDLE)
04-18 00:43:08.036  8955  9147 I RegiMgr<1>: RegisterTask(s): Telenor Serbia IMS (REGISTERED, rat = 13, service = [mmtel-video, smsip, mmtel]), Global GC RCS (IDLE)
04-18 00:43:08.036  8955  9147 I RcsPolicyMgr<1>: pendingRcsRegister: mActiveDataPhoneId = 1
04-18 00:43:08.036  8955  9147 I RcsPolicyMgr<1>: pendingRcsRegister: mActiveDataPhoneId = 1
04-18 00:43:08.037  8955  9147 I RegisterTask: isSuspended: mSuspended(false) mSuspendByIrat(false)
04-18 00:43:08.037  8955  9147 I RegiMgr<1>: [Global GC RCS|IDLE] checkForTryRegister id: 1003
04-18 00:43:08.038  8955  9147 I RegiMgr : isPdnConnected: false, PdnType: 1
04-18 00:43:08.042  8955  9147 I PdnController: getDefaultNetworkBearer:  WIFI
04-18 00:43:08.042  8955  9285 I SECIMSJ : [3278]> 140
04-18 00:43:08.045  8955  9147 I PdnController: isWifiConnected: [type: WIFI[], state: CONNECTED/CONNECTED, reason: (unspecified), extra: , failover: false, available: true, roaming: false]
04-18 00:43:08.046  8955  9147 I RegiMgr-Utils<1>: findBestNetwork: WIFI needWifiNetwork = true
04-18 00:43:08.059  8955  9298 I [IMS6.0]: IMS_onResponse()
04-18 00:43:08.064  8955  9147 I RegiGvnBase<1>: isReadyToDualRegister : true
04-18 00:43:08.068  8955  9147 I RegiMgr<1>: [Global GC RCS|IDLE] checkInitialRegistrationIsReady: APM ON [false], Roamimg [false]
04-18 00:43:08.068  8955  9147 I RcsPolicyMgr<1>: pendingRcsRegister: mActiveDataPhoneId = 1
04-18 00:43:08.068  8955  9147 I ImsProfile: isRttSupportByCallApp : false ttyType : 1
04-18 00:43:08.068  8955  9147 I RegiMgr-Utils<1>: getPriorityRegiedTask : isPriority  High? true
04-18 00:43:08.069  8955  9298 I StackIF : processMessage 2
04-18 00:43:08.069  8955  9298 I StackIF : Processing Response
04-18 00:43:08.069  8955  9298 I SECIMSJ : [3278]< 600
04-18 00:43:08.069  8955  9298 I StackIF : processResponse: reqId 600
