04-18 00:40:41.174  5224  5224 E audit   : type=1400 audit(1681771241.166:59821): avc:  denied  { read } for  pid=4221 comm="binder:4221_1" name="u:object_r:perf_prop:s0" dev="tmpfs" ino=16829 scontext=u:r:platform_app:s0:c512,c768 tcontext=u:object_r:perf_prop:s0 tclass=file permissive=0 SEPF_SM-A515F_13_0001 audit_filtered
04-18 00:40:41.175  4221  4221 D ActivityThread: setConscryptValidator
04-18 00:40:41.175  4221  4221 D ActivityThread: setConscryptValidator - put
04-18 00:40:41.194  4095  4174 I AppCenter: App Center SDK configured successfully.
04-18 00:40:41.200 18943 20311 I FontLog : Received query Google Sans, URI content://com.google.android.gms.fonts [CONTEXT service_id=132 ]
04-18 00:40:41.206 18943 20311 I FontLog : Query [Google Sans] resolved to {Google Sans, wdth 100.0, wght 400, ital 0.0, bestEffort false} [CONTEXT service_id=132 ]
04-18 00:40:41.209 18943 20311 I FontLog : Font PFD returned from cache for {Google Sans, wdth 100.0, wght 400, ital 0.0, bestEffort false} [CONTEXT service_id=132 ]
04-18 00:40:41.209 18943 20311 I FontLog : Fetch {Google Sans, wdth 100.0, wght 400, ital 0.0, bestEffort false} end status Status{statusCode=SUCCESS, resolution=null} [CONTEXT service_id=132 ]
04-18 00:40:41.214  4095  4231 I OneAuthAPI: java load
04-18 00:40:41.216  4095  4175 I cr_TrackingPrevention: no need to copy
04-18 00:40:41.225  4095  4250 D ConnectivityManager: StackLog: [android.net.ConnectivityManager.sendRequestForNetwork(ConnectivityManager.java:4191)] [android.net.ConnectivityManager.sendRequestForNetwork(ConnectivityManager.java:4233)] [android.net.ConnectivityManager.registerNetworkCallback(ConnectivityManager.java:4615)] [android.net.ConnectivityManager.registerNetworkCallback(ConnectivityManager.java:4585)] [i72.<init>(179400015:51)] [ne.run(179400015:116)]
04-18 00:40:41.233  4221  4221 D CompatibilityChangeReporter: Compat change id reported: 171979766; UID 10061; state: ENABLED
04-18 00:40:41.242  5628  8367 D ConnectivityService: Rematched networks [computed 1ms] [applied 1ms] [issued 10]
04-18 00:40:41.242  5628  8367 D ConnectivityService: NetworkReassignment : no changes
04-18 00:40:41.244  4221  4246 W libc    : Access denied finding property "sys.perf.boostopt"
04-18 00:40:41.281 18943 20311 I FontLog : Pulling font file for id = 24, cache size = 7 [CONTEXT service_id=132 ]
04-18 00:40:41.298  4148  4148 I Rubin   : [2] c8.b.c(SourceFile:2) : Reusing the existing key
04-18 00:40:41.325  4095  4250 I AppCenter: Changed maximum database size to 10485760 bytes.
04-18 00:40:41.327  4613  4613 W keymaster_tee: [WRN]begin req PARAMS: A32 B2 P64
04-18 00:40:41.332  4095  4250 I AppCenter: Distribute service started from application.
04-18 00:40:41.345  4039  4072 I [WEATHER]RubinDataSourceImpl: {[6E099A6F08D647829A2B7E3CFA1CA20DA12453F944A27016475E0EE04A441065AB8ACC9A01C366F15CC757D63701939D573C60E5FC634B5A3CCC327C52610B5BD5E1BD533024B0130D9811C4209620A77C9AAF1C9FCEC673E608AA8218E4EF8C]}
04-18 00:40:41.353  4039  4072 I RunestoneSDK: [1.3.8]Called module : V30ContextFenceInformation -> getRegisteredContextFenceList(RunestoneFenceApi.kt:4)
04-18 00:40:41.360  4095  4250 I AppCenter: Analytics service started from application.
04-18 00:40:41.372  4148  4168 I Rubin   : [67] com.samsung.android.rubin.datainterface.f.call(SourceFile:2) : Method : get_registered_context_fences, Calling Package - com.sec.android.daemonapp
04-18 00:40:41.376  4148  4168 I Rubin   : [67] v6.b.b(SourceFile:3) : isPlatformKeySigned - true
04-18 00:40:41.377  4148  4168 I AccessController: isAllowedPackage - com.sec.android.daemonapp is allowed to access
04-18 00:40:41.383  4095  4250 I AppCenter: Crashes service started from application.
04-18 00:40:41.400  4095  4235 W Adjust  : PRODUCTION: Adjust is running in Production mode. Use this setting only for the build that you want to publish. Set the environment to `sandbox` if you want to test your app!
04-18 00:40:41.403  4095  4235 W Adjust  : PRODUCTION: Adjust is running in Production mode. Use this setting only for the build that you want to publish. Set the environment to `sandbox` if you want to test your app!
04-18 00:40:41.410  4095  4095 D TokenSharingManager_v1.6.2: Library works in release mode
04-18 00:40:41.422  4095  4250 W oft.emmx.canary: Accessing hidden method Landroid/telephony/TelephonyManager;->getSubscriberInfoService()Lcom/android/internal/telephony/IPhoneSubInfo; (blocked, reflection, denied)
04-18 00:40:41.423  4095  4250 W oft.emmx.canary: Accessing hidden method Landroid/telephony/TelephonyManager;->getSubscriberInfoService()Lcom/android/internal/telephony/IPhoneSubInfo; (blocked, reflection, denied)
04-18 00:40:41.424  4095  4250 W oft.emmx.canary: Accessing hidden method Landroid/telephony/TelephonyManager;->getSubscriptionService()Lcom/android/internal/telephony/ISub; (blocked, reflection, denied)
04-18 00:40:41.425  4095  4250 W oft.emmx.canary: Accessing hidden method Landroid/telephony/TelephonyManager;->getSubscriptionService()Lcom/android/internal/telephony/ISub; (blocked, reflection, denied)
04-18 00:40:41.426  4095  4250 W oft.emmx.canary: Accessing hidden method Landroid/telephony/TelephonyManager;->getSmsService()Lcom/android/internal/telephony/ISms; (blocked, reflection, denied)
04-18 00:40:41.426  4095  4250 W oft.emmx.canary: Accessing hidden method Landroid/telephony/TelephonyManager;->getSmsService()Lcom/android/internal/telephony/ISms; (blocked, reflection, denied)
04-18 00:40:41.427  4095  4250 W oft.emmx.canary: Accessing hidden method Landroid/telephony/TelephonyManager;->getITelephony()Lcom/android/internal/telephony/ITelephony; (max-target-p, reflection, denied)
04-18 00:40:41.427  4095  4250 W oft.emmx.canary: Accessing hidden method Landroid/telephony/TelephonyManager;->getITelephony()Lcom/android/internal/telephony/ITelephony; (max-target-p, reflection, denied)
04-18 00:40:41.465  4148  4148 I Rubin   : [2] v6.b.b(SourceFile:3) : isPlatformKeySigned - true
04-18 00:40:41.478  4148  4168 W Rubin   : [67] com.samsung.android.rubin.datainterface.f.isProvidableState(SourceFile:2) : Rubin is disabled
04-18 00:40:41.507 18943 20311 I FontLog : Received query Google Sans:500, URI content://com.google.android.gms.fonts [CONTEXT service_id=132 ]
04-18 00:40:41.508 18943 20311 I FontLog : Query [Google Sans:500] resolved to {Google Sans, wdth 100.0, wght 500, ital 0.0, bestEffort false} [CONTEXT service_id=132 ]
04-18 00:40:41.509 18943 20311 I FontLog : Font PFD returned from cache for {Google Sans, wdth 100.0, wght 500, ital 0.0, bestEffort false} [CONTEXT service_id=132 ]
04-18 00:40:41.509 18943 20311 I FontLog : Fetch {Google Sans, wdth 100.0, wght 500, ital 0.0, bestEffort false} end status Status{statusCode=SUCCESS, resolution=null} [CONTEXT service_id=132 ]
04-18 00:40:41.512  4148  4168 I Rubin   : [67] z6.d.a(SourceFile:6) : active permissions : [LOCATION, SMS, CALL_LOG, CONTACTS, STORAGE, CALENDAR, NEARBY_DEVICES, PHYSICAL_ACTIVITY]
04-18 00:40:41.515  4039  4072 I [WEATHER]RubinDataSourceImpl: {[6E099A6F08D647829A2B7E3CFA1CA20DDA7C0F82C2703992423C816CF7CABA38573A6D1D928DAF910F5B2CAB7DEE94B9CD8B5DCDE87C35A32373C7B4A0F912E8824672A6FABAC01C62178FAF48BF6E04]}
04-18 00:40:41.515  4039  4072 I [WEATHER]AppUpdateService: {[F25703819843744D7F1F976789EB79783C9198DB6E1CD68B43F5AF2328C70CB7]}
04-18 00:40:41.518  4039  4072 I [WEATHER]AppUpdateService: {[F25703819843744D7F1F976789EB79781C85BCAB57A5D24F7B89C259751CB27A]}
04-18 00:40:41.521  4095  4095 E cr_ChromeApplicationImpl: new AppHooksModule
04-18 00:40:41.527  4039  4072 I [WEATHER]AppUpdateService: {[F25703819843744D7F1F976789EB7978A80738AC8D323D1908D803325424C02D4E8BF83AF9E8849BB25B98E9A64685F4C099925D3774CB38D47ED5D4F45BBEF5]}
04-18 00:40:41.528  4039  4072 I [WEATHER]FreeStatusCheckService: {[2D77D00695CB34C3942C996BF010E897E9D5DE2D112747DB273FB460D0DFFD52D9DE889B0FA1C498BA79FF64E91415DC]}
04-18 00:40:41.530  4039  4072 I [WEATHER]FreeStatusCheckService: {[59D59D6A529801523F831777F8F19C602532FAE18742678392C5065B10A075FAD1169313C7C40AA429B4C3C52D92F107E892CC368CC227F233EF2AC2D39680486844A2C45F0793F3A774D5B1C15BF0F875DDF19F5A0A620C36D29AB3D2A15DEFFACB40758AA15334DCDF42545936D059]}
04-18 00:40:41.546  4000  4000 I AlarmReceiver: mHandler.postDelayed(new Runnable() {
04-18 00:40:41.569  4148  4148 I Rubin   : [2] a7.b.b(SourceFile:2) : current version = 3 upgrade version = 3
04-18 00:40:41.572  4095  4278 I MSMAM - mf2: task thread waiting for tasks.
04-18 00:40:41.600 18943 20311 I FontLog : Pulling font file for id = 25, cache size = 7 [CONTEXT service_id=132 ]
04-18 00:40:41.665  4148  4148 I Rubin   : [2] t7.f.o(SourceFile:3) : device rubin state : false -> false
04-18 00:40:41.672  4095  4175 I OneAuthLog: [OneAuth:Info:4wg2j:00000000-0000-0000-0000-000000000000] TSL Info: { name:FetchRemoteConfigurations, resultType:Success, resultCode:None, duration:145ms }
04-18 00:40:41.691  5250  5250 D Zygote  : Forked child process 4291
04-18 00:40:41.720  4095  4287 E BSDKImageLoader: new ImageLoader
04-18 00:40:41.754  4291  4291 I .osp.app.signin: Using CollectorTypeCC GC.
04-18 00:40:41.778  4291  4291 E .osp.app.signin: Not starting debugger since process cannot load the jdwp agent.
04-18 00:40:41.785  4095  4276 I MSMAM - mf2: scheduling any necessary enrollment retries at startup; online: false
04-18 00:40:41.791  4291  4291 W libc    : Access denied finding property "sys.perf.boostopt"
04-18 00:40:41.793  4291  4291 D ActivityThread: setConscryptValidator
04-18 00:40:41.794  4291  4291 D ActivityThread: setConscryptValidator - put
04-18 00:40:41.794  4095  4287 E LruDiskCache: java.io.IOException: Stream Closed
04-18 00:40:41.794 18943 20311 I FontLog : Received query Google Sans:700, URI content://com.google.android.gms.fonts [CONTEXT service_id=132 ]
04-18 00:40:41.796 18943 20311 I FontLog : Query [Google Sans:700] resolved to {Google Sans, wdth 100.0, wght 700, ital 0.0, bestEffort false} [CONTEXT service_id=132 ]
04-18 00:40:41.796  4291  4315 W libc    : Access denied finding property "sys.perf.boostopt"
04-18 00:40:41.798 18943 20311 I FontLog : Fetch {Google Sans, wdth 100.0, wght 700, ital 0.0, bestEffort false} end status Status{statusCode=SUCCESS, resolution=null} [CONTEXT service_id=132 ]
04-18 00:40:41.812  4095  4287 E LruDiskCache: java.io.IOException: Stream Closed
04-18 00:40:41.813  4095  4287 E DefConfigFactory: java.io.IOException: Stream Closed
04-18 00:40:41.820  4095  4175 I OneAuthLog: [OneAuth:Info:4wg2j:00000000-0000-0000-0000-000000000000] TSL Info: { name:GetRemoteConfigurations, resultType:Success, resultCode:None, duration:0ms }
04-18 00:40:41.824  4095  4287 E BSDKImageLoader: Initialize ImageLoader with mConfiguration
04-18 00:40:41.831  4066  4066 I SessionCommitReceiver: onReceive() intent.getAction : android.content.pm.action.SESSION_COMMITTED
04-18 00:40:41.837  4066  4127 I SessionCommitReceiver: onReceive() !isEnabled()
04-18 00:40:41.840 18943 20311 I FontLog : Pulling font file for id = 26, cache size = 8 [CONTEXT service_id=132 ]
04-18 00:40:41.851  4291  4315 W libc    : Access denied finding property "sys.perf.boostopt"
04-18 00:40:41.856  4291  4291 D CompatibilityChangeReporter: Compat change id reported: 171979766; UID 10104; state: ENABLED
04-18 00:40:41.856  5250  5250 D Zygote  : Forked child process 4320
04-18 00:40:41.893  4320  4320 I .devicesecurity: Using CollectorTypeCC GC.
04-18 00:40:41.896  4376  4376 I lmkd    : cached 2, sandbox(not0) 0
04-18 00:40:41.899  4376  4376 I lmkd    : Reclaim 'com.sec.android.app.clockpackage' (4000), uid 10160, oom_score_adj 915, state 19 to free 42848kB rss, 34120kb swap
04-18 00:40:41.900  4376  4376 I lmkd    : Reclaimed 76968kB at oom_score_adj 850
04-18 00:40:41.912  4320  4320 E .devicesecurity: Not starting debugger since process cannot load the jdwp agent.
04-18 00:40:41.925  4320  4320 W libc    : Access denied finding property "sys.perf.boostopt"
04-18 00:40:41.928  5250  5250 I Zygote  : Process 4000 exited due to signal 9 (Killed)
04-18 00:40:41.929  4320  4320 D ActivityThread: setConscryptValidator
04-18 00:40:41.929  4320  4320 D ActivityThread: setConscryptValidator - put
04-18 00:40:41.929  4320  4337 W libc    : Access denied finding property "sys.perf.boostopt"
04-18 00:40:41.929  5628  5712 I libprocessgroup: Successfully killed process cgroup uid 10160 pid 4000 in 0ms
04-18 00:40:41.953  5628  8457 D NetdEventListenerService: DNS Requested by : 117, 10039
04-18 00:40:41.953  4095  4174 D TrafficStats: tagSocket(86) with statsTag=0xffffffff, statsUid=-1
04-18 00:40:41.960  8492  8492 D SystemUIService: SYSUI_RAM_OPTIMIZATION onTrimMemory=10
04-18 00:40:41.962 28537 28537 I DWBTrimMemDispatcher: onTrimMemory(10)
04-18 00:40:41.964 11006 11006 W DMASA[U]: [AppLogData]onTrimMemory(10):1681771241963
04-18 00:40:41.966  5900  5900 I com.samsung.android.companionservice.service.WRCompanionServiceInterface: requestOnTrimMemory + level=10
04-18 00:40:41.966  5900  5900 I [WF]_WatchFaceCompanion: onTrimMemory 10
04-18 00:40:41.969  9284  9284 W DeviceManager_FLP: onTrimMemory : 10
04-18 00:40:41.971  2747  2799 D Benchmark: timeNs[ 0:10]: 319 478 336 348 331 353 374 306 337 358
04-18 00:40:41.972  2747  2799 D Benchmark: timeNs[10:20]: 370 382 324 398 379 343 379 363 306 346
04-18 00:40:41.972  2747  2799 D Benchmark: timeNs[20:30]: 306 328 353 309 344 489 350 414 350 393
04-18 00:40:41.972  2747  2799 D Benchmark: timeNs[30:40]: 387 380 391 342 501 389 358 379 412 344
04-18 00:40:41.972  2747  2799 D Benchmark: timeNs[40:50]: 375 331 363 379 338 389 390 333 361 353
04-18 00:40:41.973  6504  6504 W SmApplication: onTrimMemory : 10
04-18 00:40:41.974  3762  3762 I SCS@AiSearch user 0: (SearchProvider) onTrimMemory(): 10
04-18 00:40:41.976  7170  7170 I ContactsProvider: onTrimMemory-success
04-18 00:40:41.977  9284  9353 I GpsSessionManager_FLP: arrangeInvalidSessions
04-18 00:40:41.978  2747  2799 W _benchmark.test: Suspending all threads took: 5.222ms
04-18 00:40:41.978 11006 11006 I id.diagmonagent: Explicit concurrent copying GC freed 194(48KB) AllocSpace objects, 0(0B) LOS objects, 69% free, 2687KB/8831KB, paused 164us,79us total 13.758ms
04-18 00:40:41.978 11006 11006 W DMASA[C]: [DiagMonAgentApplication]onTrimMemory (10)
04-18 00:40:41.979 28978 28978 I AiAi    : onTrimMemory() with level 10
04-18 00:40:41.986  8513  8513 D SystemUIService: SYSUI_RAM_OPTIMIZATION onTrimMemory=10
04-18 00:40:41.987  6090  6090 I AppBase : AppBase.onTrimMemory():498 onTrimMemory(): 10
04-18 00:40:41.987  6090  6090 I GoogleInputMethodService: GoogleInputMethodService.onTrimMemory():4517 onTrimMemory(): 10
04-18 00:40:42.003 18530 18530 I Finsky  : [2] tes.onTrimMemory(1): Memory trim requested to level 10
04-18 00:40:42.006  4221  4221 I FirebaseApp: Device unlocked: initializing all Firebase APIs for app [DEFAULT]
04-18 00:40:42.008   401   401 D BoundBrokerSvc: onUnbind: Intent { act=com.google.android.gms.facs.internal.service.START dat=chimera-action:/... cmp=com.google.android.gms/.chimera.GmsInternalApiService }
04-18 00:40:42.010  4320  4338 W libc    : Access denied finding property "sys.perf.boostopt"
04-18 00:40:42.014  4320  4320 D CompatibilityChangeReporter: Compat change id reported: 171979766; UID 5012; state: ENABLED
04-18 00:40:42.064  4291  4291 D nativeloader: Configuring classloader-namespace for other apk /system/framework/org.apache.http.legacy.jar. target_sdk_version=31, uses_libraries=ALL, library_path=/data/app/~~NoKZfD2RDK71glTza17ABw==/com.osp.app.signin-keRgQX5FeVOwMtV5gFf1xw==/lib/arm64:/data/app/~~NoKZfD2RDK71glTza17ABw==/com.osp.app.signin-keRgQX5FeVOwMtV5gFf1xw==/base.apk!/lib/arm64-v8a, permitted_path=/data:/mnt/expand:/data/user/0/com.osp.app.signin
04-18 00:40:42.064  4291  4291 D nativeloader: Extending system_exposed_libraries: libhumantracking.arcsoft.so:libPortraitDistortionCorrection.arcsoft.so:libPortraitDistortionCorrectionCali.arcsoft.so:libface_landmark.arcsoft.so:libFacialStickerEngine.arcsoft.so:libveengine.arcsoft.so:liblow_light_hdr.arcsoft.so:libhigh_dynamic_range.arcsoft.so:libFacialAttributeDetection.arcsoft.so:libBeauty_v4.camera.samsung.so:libexifa.camera.samsung.so:libjpega.camera.samsung.so:libOpenCv.camera.samsung.so:libImageScreener.camera.samsung.so:libMyFilter.camera.samsung.so:libtensorflowLite.myfilter.camera.samsung.so:libtensorflowlite_inference_api.myfilter.camera.samsung.so:libEventFinder.camera.samsung.so:libHIDTSnapJNI.camera.samsung.so:libSmartScan.camera.samsung.so:libRectify.camera.samsung.so:libDocRectifyWrapper.camera.samsung.so:libUltraWideDistortionCorrection.camera.samsung.so:libHpr_RecGAE_cvFeature_v1.0.camera.samsung.so:libHprFace_GAE_api.camera.samsung.so:libFace_Landmark_API.camera.samsung.so:libHprFace_GAE_jni.camera.samsung.so:libFacialBasedSelfieCorrec
04-18 00:40:42.095  2747  2799 D Benchmark: allocationCount[ 0:10]: 8 8 8 8 8
04-18 00:40:42.095  2747  2799 D Benchmark: Set 2799 (Bench thread) to priority -8. Was -20, now -8
04-18 00:40:42.095  2747  2799 D Benchmark: Set 2781 (Jit) to priority 9. Was -15, now 9
04-18 00:40:42.096  2747  2799 D Benchmark: Warmup: t=3.595, iter=1177296, fastAvg=3289, slowAvg=3381
04-18 00:40:42.096  2747  2799 I PerfettoCapture: Stopping perfetto.
04-18 00:40:42.112  4221  4221 I FirebaseInitProvider: FirebaseApp initialization successful
04-18 00:40:42.133  4221  4221 I Carnival-CustomIndexesSearchProvider(): onCreate
04-18 00:40:42.154  4221  4221 I Carnival-CustomIndexesSearchProvider(): secQueryGetFingerprint : 550803100
04-18 00:40:42.156  3763  3763 I perfetto:    perfetto_cmd.cc:1168 SIGINT/SIGTERM received: disabling tracing.
04-18 00:40:42.160  2747  2799 D Benchmark: kill -TERM command output -
04-18 00:40:42.180  4221  4221 I Carnival-NewsProvider(): onCreate
04-18 00:40:42.181  5403  5403 I perfetto:  probes_producer.cc:396 Producer stop (id=417)
04-18 00:40:42.185  5403  5403 I perfetto:    ftrace_procfs.cc:342 disabled ftrace in /sys/kernel/tracing/
04-18 00:40:42.229  4221  4221 I Carnival-TraceUtil(): beginSection : SpageApplication
04-18 00:40:42.231  4221  4221 I Carnival-SPageApplication(): onCreate APP_VERSION_CODE 550803100
04-18 00:40:42.231  4221  4221 I Carnival-SPageApplication(): setMainViewFactory
04-18 00:40:42.235  4221  4264 I Carnival-NewsProvider(): query content://com.samsung.android.app.spage.news_provider/news?referrer=WeatherWidget&check_weather_widget_support=true
04-18 00:40:42.263  4378  4378 I hwservicemanager: getTransport: Cannot find entry android.hardware.atrace@1.0::IAtraceDevice/default in either framework or device VINTF manifest.
04-18 00:40:42.271  5403  5403 I perfetto:  probes_producer.cc:396 Producer stop (id=418)
04-18 00:40:42.271  5403  5403 I perfetto:  probes_producer.cc:396 Producer stop (id=419)
04-18 00:40:42.325  3763  3763 I perfetto:    perfetto_cmd.cc:1124 Trace written into the output file
04-18 00:40:42.330  4221  4366 I DynamiteModule: Considering local module com.google.android.gms.measurement.dynamite:20 and remote module com.google.android.gms.measurement.dynamite:88
04-18 00:40:42.330  5406  5406 I perfetto: ng_service_impl.cc:2426 Tracing session 105 ended, total sessions:0
04-18 00:40:42.330  4221  4366 I DynamiteModule: Selected remote version of com.google.android.gms.measurement.dynamite, version >= 88
04-18 00:40:42.341  4291  4291 D nativeloader: Configuring classloader-namespace for other apk /system/framework/samsungkeystoreutils.jar. target_sdk_version=31, uses_libraries=ALL, library_path=/data/app/~~NoKZfD2RDK71glTza17ABw==/com.osp.app.signin-keRgQX5FeVOwMtV5gFf1xw==/lib/arm64:/data/app/~~NoKZfD2RDK71glTza17ABw==/com.osp.app.signin-keRgQX5FeVOwMtV5gFf1xw==/base.apk!/lib/arm64-v8a, permitted_path=/data:/mnt/expand:/data/user/0/com.osp.app.signin
04-18 00:40:42.352  4291  4291 D nativeloader: Extending system_exposed_libraries: libhumantracking.arcsoft.so:libPortraitDistortionCorrection.arcsoft.so:libPortraitDistortionCorrectionCali.arcsoft.so:libface_landmark.arcsoft.so:libFacialStickerEngine.arcsoft.so:libveengine.arcsoft.so:liblow_light_hdr.arcsoft.so:libhigh_dynamic_range.arcsoft.so:libFacialAttributeDetection.arcsoft.so:libBeauty_v4.camera.samsung.so:libexifa.camera.samsung.so:libjpega.camera.samsung.so:libOpenCv.camera.samsung.so:libImageScreener.camera.samsung.so:libMyFilter.camera.samsung.so:libtensorflowLite.myfilter.camera.samsung.so:libtensorflowlite_inference_api.myfilter.camera.samsung.so:libEventFinder.camera.samsung.so:libHIDTSnapJNI.camera.samsung.so:libSmartScan.camera.samsung.so:libRectify.camera.samsung.so:libDocRectifyWrapper.camera.samsung.so:libUltraWideDistortionCorrection.camera.samsung.so:libHpr_RecGAE_cvFeature_v1.0.camera.samsung.so:libHprFace_GAE_api.camera.samsung.so:libFace_Landmark_API.camera.samsung.so:libHprFace_GAE_jni.camera.samsung.so:libFacialBasedSelfieCorrec
04-18 00:40:42.395  4221  4221 I Carnival-CommonExecutor(): numOfThreads 7
04-18 00:40:42.395  4221  4221 I Carnival-CommonExecutor(): startup() java.util.concurrent.ScheduledThreadPoolExecutor@95a73b[Running, pool size = 0, active threads = 0, queued tasks = 0, completed tasks = 0]
04-18 00:40:42.396  4221  4221 I Carnival-SPageApplication(): Analytics.init
04-18 00:40:42.399  4221  4366 W System  : ClassLoader referenced unknown path:
04-18 00:40:42.404  8900  9052 D BtGatt.GattService: onScanResult to scannerId: 1- eventType=0x1b, addressType=1, address=60A6F3_8, primaryPhy=1, secondaryPhy=0, advertisingSid=0xff, txPower=127, rssi=-93, periodicAdvInt=0x0
04-18 00:40:42.409 18943 19295 I NearbyDiscovery: FastPairCache: Not triggering, because RSSI -90 is below the threshold of -47, XX:XX:XX:XX:AE:28, isScannedByOffloadScanner=false [CONTEXT service_id=265 group_by="XX:XX:XX:XX:AE:28" ratelimit_period="30 SECONDS" ]
04-18 00:40:42.409  4221  4221 I Carnival-LeaveServiceManager(): init
04-18 00:40:42.411  4221  4221 I Carnival-DexModeMonitorUtil(): No DeX for this device. ignore
04-18 00:40:42.446  4095  4275 D CompatibilityChangeReporter: Compat change id reported: 183155436; UID 10039; state: ENABLED
04-18 00:40:42.495  4221  4221 I Carnival-SamsungAccountManager(): init
04-18 00:40:42.496  4221  4221 I Carnival-SamsungAccountObserverQos(): onInit
04-18 00:40:42.513  4291  4291 D nativeloader: Configuring classloader-namespace for other apk /data/app/~~NoKZfD2RDK71glTza17ABw==/com.osp.app.signin-keRgQX5FeVOwMtV5gFf1xw==/base.apk. target_sdk_version=31, uses_libraries=, library_path=/data/app/~~NoKZfD2RDK71glTza17ABw==/com.osp.app.signin-keRgQX5FeVOwMtV5gFf1xw==/lib/arm64:/data/app/~~NoKZfD2RDK71glTza17ABw==/com.osp.app.signin-keRgQX5FeVOwMtV5gFf1xw==/base.apk!/lib/arm64-v8a, permitted_path=/data:/mnt/expand:/data/user/0/com.osp.app.signin
04-18 00:40:42.557  4221  4221 I Carnival-SamsungAccountManager(): addSamsungAccountListener
04-18 00:40:42.562  4221  4407 I Carnival-SamsungAccountManager(): loadAccountProfile
04-18 00:40:42.563  4221  4407 I Carnival-SamsungAccountManager(): queryProfile
04-18 00:40:42.587  4291  4291 V GraphicsEnvironment: ANGLE Developer option for 'com.osp.app.signin' set to: 'default'
04-18 00:40:42.594  4291  4291 V GraphicsEnvironment: ANGLE GameManagerService for com.osp.app.signin: false
04-18 00:40:42.594  4291  4291 V GraphicsEnvironment: Neither updatable production driver nor prerelease driver is supported.
04-18 00:40:42.606  5628 11218 D ConnectivityService: requestNetwork for uid/pid:10061/4221 activeRequest: null callbackRequest: 15781 [NetworkRequest [ REQUEST id=15782, [ Capabilities: INTERNET&NOT_RESTRICTED&TRUSTED&NOT_VCN_MANAGED Uid: 10061 RequestorUid: 10061 RequestorPkg: com.samsung.android.app.spage UnderlyingNetworks: Null] ]] callback flags: 0 order: 2147483647
04-18 00:40:42.607  5628  8367 D ConnectivityService:    accepting network in place of null
04-18 00:40:42.612  5628  8356 D WifiNetworkFactory: got request NetworkRequest [ REQUEST id=15782, [ Capabilities: INTERNET&NOT_RESTRICTED&TRUSTED&NOT_VCN_MANAGED Uid: 10061 RequestorUid: 10061 RequestorPkg: com.samsung.android.app.spage UnderlyingNetworks: Null] ]
04-18 00:40:42.612  5628  8356 D UntrustedWifiNetworkFactory: got request NetworkRequest [ REQUEST id=15782, [ Capabilities: INTERNET&NOT_RESTRICTED&TRUSTED&NOT_VCN_MANAGED Uid: 10061 RequestorUid: 10061 RequestorPkg: com.samsung.android.app.spage UnderlyingNetworks: Null] ]
04-18 00:40:42.614  5628  8356 D OemPaidWifiNetworkFactory: got request NetworkRequest [ REQUEST id=15782, [ Capabilities: INTERNET&NOT_RESTRICTED&TRUSTED&NOT_VCN_MANAGED Uid: 10061 RequestorUid: 10061 RequestorPkg: com.samsung.android.app.spage UnderlyingNetworks: Null] ]
04-18 00:40:42.618  4221  4221 I Carnival-NetworkErrorManager(): addNetworkStateListener
04-18 00:40:42.618  5628  8356 D MultiInternetWifiNetworkFactory: got request NetworkRequest [ REQUEST id=15782, [ Capabilities: INTERNET&NOT_RESTRICTED&TRUSTED&NOT_VCN_MANAGED Uid: 10061 RequestorUid: 10061 RequestorPkg: com.samsung.android.app.spage UnderlyingNetworks: Null] ]
04-18 00:40:42.620  4221  4221 I Carnival-SpageFeature(): PRD, RU, SER
04-18 00:40:42.626  5628  8367 D ConnectivityService: Rematched networks [computed 1ms] [applied 2ms] [issued 16]
04-18 00:40:42.626  5628  8367 D ConnectivityService: NetworkReassignment :
04-18 00:40:42.626  5628  8367 D ConnectivityService:   15782 : null  117
04-18 00:40:42.629  4291  4291 D NetworkSecurityConfig: No Network Security Config specified, using platform default
04-18 00:40:42.630  4221  4426 I Carnival-NetworkErrorManager(): onAvailable
04-18 00:40:42.632  4221  4426 I Carnival-NetworkErrorManager(): onNetworkRecovered
04-18 00:40:42.633  4221  4426 I Carnival-SamsungAccountManager(): onNetworkRecovered
04-18 00:40:42.635  4320  4395 W .devicesecurity: Long monitor contention with owner main (4320) at boolean com.samsung.android.sm.devicesecurity.Y.o()(PreferenceData.java:3) waiters=0 in void com.samsung.android.sm.devicesecurity.Y.j(boolean) for 155ms
04-18 00:40:42.641  4221  4426 I Carnival-SamsungAccountManager(): updateAccountAuthIfNeeded
04-18 00:40:42.644  4221  4421 I Carnival-SamsungAccountManager(): getAccountAuthAsync
04-18 00:40:42.644  4221  4421 I Carnival-SamsungAccountManager(): queryAuth
04-18 00:40:42.647  4221  4421 I Carnival-SamsungAccountManager(): getAuthData
04-18 00:40:42.650  4221  4407 I Carnival-SamsungAccountService(): requestUserID
04-18 00:40:42.651  3762  3949 I SCS@AiSearch user 0: (BaseCollector::AOSP_MP) doesDataKeepChanging: postpone count: 0 - source count: very first = 8189, previous = 8189, current = 8189
04-18 00:40:42.651  3762  3949 I SCS@AiSearch user 0: (BaseCollector::AOSP_MP) [AOSP_MP-0] entering in collectChanges():
04-18 00:40:42.660  7170  7170 I ContactsProvider: onTrimMemory-success
04-18 00:40:42.663  4221  4426 I Carnival-NetworkErrorManager(): onAvailable
04-18 00:40:42.664  4221  4407 I Carnival-SmpManager(): initialize SMP ---
04-18 00:40:42.666  4221  4426 I Carnival-NetworkErrorManager(): onNetworkRecovered
04-18 00:40:42.667  4221  4426 I Carnival-SamsungAccountManager(): onNetworkRecovered
04-18 00:40:42.668  4613  4613 W keymaster_tee: [WRN]begin req PARAMS: A1 P4
04-18 00:40:42.670  4221  4426 I Carnival-SamsungAccountManager(): updateAccountAuthIfNeeded
04-18 00:40:42.671  4221  4421 I Carnival-SamsungAccountManager(): getAccountAuthAsync
04-18 00:40:42.672  4221  4407 I SmpLog  : [SMP] init. D:false S:true, P:FCM_ONLY_MODE
04-18 00:40:42.701  4221  4407 I Carnival-SmpManager(): initialize success usefulInfoAgree:false
04-18 00:40:42.706  4291  4291 D NetworkSecurityConfig: No Network Security Config specified, using platform default
04-18 00:40:42.727  5250  5250 D Zygote  : Forked child process 4438
04-18 00:40:42.730  3762  3949 I SCS@AiSearch user 0: (BaseCollector::AOSP_MP) fetchInternal values : maxSyncId: 1000007771 indexCount: 1707 sourceCount: 1707
04-18 00:40:42.756  4221  4264 I Carnival-NewsProvider(): isWeatherWidgetSupport : false
04-18 00:40:42.758  4221  4407 I SmpLog  : [SMP] opt-out success. optin_time : 1636169529088
04-18 00:40:42.758  4221  4407 I Carnival-SmpManager(): SMP opt-out success
04-18 00:40:42.761  4221  4407 I Carnival-ConfigRepository(): [SupportedTab] update list -------> [GAME] / isTabChanged=false
04-18 00:40:42.762  4221  4407 I Carnival-AppDataHandleManager(): addAppDataHandleListener
04-18 00:40:42.780  4221  4264 E DatabaseUtils: Writing exception to parcel
04-18 00:40:42.780  4221  4264 E DatabaseUtils: java.lang.IllegalStateException: WEATHER_WIDGET_NOT_SUPPORT_MODEL
04-18 00:40:42.780  4221  4264 E DatabaseUtils: 	at com.samsung.android.app.spage.provider.news.checker.a.e(SourceFile:12)
04-18 00:40:42.780  4221  4264 E DatabaseUtils: 	at com.samsung.android.app.spage.provider.news.NewsProvider.f(SourceFile:3)
04-18 00:40:42.780  4221  4264 E DatabaseUtils: 	at com.samsung.android.app.spage.provider.news.NewsProvider.e(SourceFile:5)
04-18 00:40:42.780  4221  4264 E DatabaseUtils: 	at com.samsung.android.app.spage.provider.news.NewsProvider.a(Unknown Source:0)
04-18 00:40:42.780  4221  4264 E DatabaseUtils: 	at com.samsung.android.app.spage.provider.news.NewsProvider$i.invokeSuspend(SourceFile:4)
04-18 00:40:42.780  4221  4264 E DatabaseUtils: 	at kotlin.coroutines.jvm.internal.a.resumeWith(SourceFile:4)
04-18 00:40:42.780  4221  4264 E DatabaseUtils: 	at kotlinx.coroutines.c1.run(SourceFile:18)
04-18 00:40:42.780  4221  4264 E DatabaseUtils: 	at kotlinx.coroutines.m1.c1(SourceFile:15)
04-18 00:40:42.780  4221  4264 E DatabaseUtils: 	at kotlinx.coroutines.h.Z0(SourceFile:4)
04-18 00:40:42.780  4221  4264 E DatabaseUtils: 	at kotlinx.coroutines.k.a(SourceFile:10)
04-18 00:40:42.780  4221  4264 E DatabaseUtils: 	at kotlinx.coroutines.j.e(Unknown Source:0)
04-18 00:40:42.780  4221  4264 E DatabaseUtils: 	at kotlinx.coroutines.k.b(SourceFile:2)
04-18 00:40:42.780  4221  4264 E DatabaseUtils: 	at kotlinx.coroutines.j.f(Unknown Source:0)
04-18 00:40:42.780  4221  4264 E DatabaseUtils: 	at com.samsung.android.app.spage.provider.news.NewsProvider.query(SourceFile:7)
04-18 00:40:42.780  4221  4264 E DatabaseUtils: 	at android.content.ContentProvider.query(ContentProvider.java:1526)
04-18 00:40:42.780  4221  4264 E DatabaseUtils: 	at android.content.ContentProvider.query(ContentProvider.java:1622)
04-18 00:40:42.780  4221  4264 E DatabaseUtils: 	at android.content.ContentProvider$Transport.query(ContentProvider.java:290)
04-18 00:40:42.780  4221  4264 E DatabaseUtils: 	at android.content.ContentProviderNative.onTransact(ContentProviderNative.java:107)
04-18 00:40:42.780  4221  4264 E DatabaseUtils: 	at android.os.Binder.execTransactInternal(Binder.java:1316)
04-18 00:40:42.780  4221  4264 E DatabaseUtils: 	at android.os.Binder.execTransact(Binder.java:1280)
04-18 00:40:42.783  4039  4063 E [WEATHER]NewsRemoteDataSourceImpl: {[D82F58E66A9FA2A398595013EB63A8319A200F5B0DC5B9498AF72CBB6E239AA8F4953897FA13D2A9F1A2D8A86114C164F2D8A79800A03262759709EE9BD0D926C2982C5F74C2978B50D8514CF9408E53B4391FEFEAB2A3B0252154C7CBDFF15D]}
04-18 00:40:42.790  4438  4438 I ackageinstaller: Using CollectorTypeCC GC.
04-18 00:40:42.802  5224  5224 E audit   : type=1400 audit(1681771242.798:59829): avc:  denied  { read } for  pid=4148 comm="binder:4148_1" name="u:object_r:perf_prop:s0" dev="tmpfs" ino=16829 scontext=u:r:platform_app:s0:c512,c768 tcontext=u:object_r:perf_prop:s0 tclass=file permissive=0 SEPF_SM-A515F_13_0001 audit_filtered
04-18 00:40:42.802  4148  4168 W libc    : Access denied finding property "sys.perf.boostopt"
04-18 00:40:42.802  5224  5224 E audit   : type=1300 audit(1681771242.798:59829): arch=c00000b7 syscall=56 success=no exit=-13 a0=ffffff9c a1=7d7757b2f8 a2=88000 a3=0 items=0 ppid=5250 pid=4148 auid=4294967295 uid=5010 gid=5010 euid=5010 suid=5010 fsuid=5010 egid=5010 sgid=5010 fsgid=5010 tty=(none) ses=4294967295 comm="binder:4148_1" exe="/system/bin/app_process64" subj=u:r:platform_app:s0:c512,c768 key=(null)
04-18 00:40:42.803  5224  5224 E audit   : type=1327 audit(1681771242.798:59829): proctitle="<pre-initialized>"
04-18 00:40:42.808  4438  4438 E ackageinstaller: Not starting debugger since process cannot load the jdwp agent.
04-18 00:40:42.812  4221  4434 I SmpLog  : [SMP] Test mode: false, v:3.2.5, com.samsung.android.app.spage
04-18 00:40:42.818  3762  3949 I SCS@AiSearch user 0: (IndexManager) [AOSP_MP-0] entering in addIndex():
04-18 00:40:42.818  4221  4434 I SmpLog  : [SMP] ptype:fcm, token:...RH (163), D:false, U:false, S:false, M:null, P:FCM_ONLY_MODE
04-18 00:40:42.819  4438  4438 W libc    : Access denied finding property "sys.perf.boostopt"
04-18 00:40:42.819  5224  5224 E audit   : type=1400 audit(1681771242.814:59830): avc:  denied  { read } for  pid=4438 comm="ackageinstaller" name="u:object_r:perf_prop:s0" dev="tmpfs" ino=16829 scontext=u:r:priv_app:s0:c512,c768 tcontext=u:object_r:perf_prop:s0 tclass=file permissive=0 SEPF_SM-A515F_13_0001 audit_filtered
04-18 00:40:42.822  4438  4455 W libc    : Access denied finding property "sys.perf.boostopt"
04-18 00:40:42.823  4438  4438 D ActivityThread: setConscryptValidator
04-18 00:40:42.823  4438  4438 D ActivityThread: setConscryptValidator - put
04-18 00:40:42.824  3762  3949 I SCS@AiSearch user 0: (BaseCollector::AOSP_MP) fetch: fetching took  129 ms
04-18 00:40:42.824  3762  3949 I SCS@AiSearch user 0: (BaseCollector::AOSP_MP) fetchChanges: applied 0 items
04-18 00:40:42.837  3762  3949 I SCS@AiSearch user 0: (BaseCollector::AOSP_MP) Collect finished. Result: true
04-18 00:40:42.839  3762  3875 I WM-WorkerWrapper: Worker result SUCCESS for Work [ id=d88147ea-0555-43a3-88be-cd74e7d0b251, tags={ com.sec.android.app.myfiles, com.samsung.android.scs.ai.search.data.collector.ObserverWorker } ]
04-18 00:40:42.841  4438  4455 W libc    : Access denied finding property "sys.perf.boostopt"
04-18 00:40:42.841  3762  3875 I WM-WorkerWrapper: Setting status to enqueued for 6b659145-ef7a-42ff-93a1-6c530de1b70a
04-18 00:40:42.850  4438  4438 D CompatibilityChangeReporter: Compat change id reported: 171979766; UID 10082; state: ENABLED
04-18 00:40:42.851  2747  2799 D Benchmark: Waiting 500 ms for [ProcessPid(processName=perfetto, pid=3763)] to die
04-18 00:40:42.856  3762  3792 W libc    : Access denied finding property "sys.perf.boostopt"
04-18 00:40:42.860  3762  3949 I SCS@AiSearch user 0: (DocumentCollector) enqueue ObserverWorker name: DOCUMENTS policy: KEEP
04-18 00:40:42.861  3762  3949 I SCS@AiSearch user 0: (BaseCollector::AOSP_MP) enqueue ObserverWorker name: com.sec.android.app.myfiles, policy: APPEND_OR_REPLACE
04-18 00:40:42.879  3762  3762 I SCS@AiSearch user 0: (SearchProvider) onTrimMemory(): 40
04-18 00:40:42.903  5628 11248 D PackageManager: setEnabledSetting : userId = 0 packageName = com.samsung.android.scs cmp = androidx.work.impl.background.systemalarm.RescheduleReceiver newState = 1 callingPackage = 10380/com.samsung.android.scs
04-18 00:40:42.905  5628 11248 D ApplicationPolicy: getApplicationStateEnabled : pkg = com.samsung.android.scs userId : 0
04-18 00:40:42.905  5628 11248 D ApplicationPolicy: getApplicationComponentState : pkg = com.samsung.android.scs userId : 0
04-18 00:40:42.922  4291  4291 W .osp.app.signin: Opening an oat file without a class loader. Are you using the deprecated DexFile APIs?
04-18 00:40:42.926  4438  4438 D nativeloader: Configuring classloader-namespace-shared for other apk /system/priv-app/GooglePackageInstaller/GooglePackageInstaller.apk. target_sdk_version=33, uses_libraries=, library_path=/system/priv-app/GooglePackageInstaller/lib/arm64:/system/lib64:/system/system_ext/lib64, permitted_path=/data:/mnt/expand:/data/user_de/0/com.google.android.packageinstaller:/system/priv-app/GooglePackageInstaller:/system/lib64:/system/system_ext/lib64
04-18 00:40:42.942  5628  5714 W libprocessgroup: Failed to open /dev/blkio//cgroup.procs: No such file or directory
04-18 00:40:43.001  2747  2799 I PerfettoCapture: Writing to /storage/emulated/0/Android/data/org.jetbrains.android_benchmark.test/cache/FibonacciBenchmark_valueInt_2023-04-17-22-40-42.perfetto-trace.
04-18 00:40:43.016  4438  4438 V GraphicsEnvironment: ANGLE Developer option for 'com.google.android.packageinstaller' set to: 'default'
04-18 00:40:43.018  4438  4438 V GraphicsEnvironment: ANGLE GameManagerService for com.google.android.packageinstaller: false
04-18 00:40:43.019  4438  4438 V GraphicsEnvironment: Neither updatable production driver nor prerelease driver is supported.
04-18 00:40:43.034  4438  4438 D NetworkSecurityConfig: No Network Security Config specified, using platform default
04-18 00:40:43.050  4438  4438 D NetworkSecurityConfig: No Network Security Config specified, using platform default
04-18 00:40:43.055  5628  5714 W libprocessgroup: Failed to open /dev/blkio//cgroup.procs: No such file or directory
04-18 00:40:43.062  5628  5714 W libprocessgroup: Failed to open /dev/blkio//cgroup.procs: No such file or directory
04-18 00:40:43.063  5628  5714 W libprocessgroup: Failed to open /dev/blkio//cgroup.procs: No such file or directory
04-18 00:40:43.063  4039  4039 I [WEATHER]LoggerService: {[5C0BA85D5BDED42699E6D325962A0C42C23DBFFB1FEFD6717B36393A110BF9EA]}
04-18 00:40:43.073  4039  4039 I [WEATHER]LoggerService: {[5C0BA85D5BDED42699E6D325962A0C42BF3F81A0C613A1ED9E2A7D077A66EED55C647D7B2B341BC701E685F047739D31]}
04-18 00:40:43.074  5628  5714 W libprocessgroup: Failed to open /dev/blkio//cgroup.procs: No such file or directory
04-18 00:40:43.079  3762  3762 I SCS@AiSearch user 0: (ObserverWorker::DOCUMENTS) [main] entering in startWork():
04-18 00:40:43.083  3762  3762 I SCS@AiSearch user 0: (BaseCollector::DOCUMENTS) [main] entering in onChange():
04-18 00:40:43.086  4039  4039 I [WEATHER]AppTracker: {[D0466952204EBFF3E13D4873907B6C055434481C0BB5B0DF47561FB295A3357700291F5F89971A18FA47862CA49E21589CE6C474A20153830B59380D0FFB219CB5DE7EE935D8FBC737F69E64F8B99DD8361D041B28F44A5CB563821843AF420428BB67D4FC4B32911B5785CE31956B8585485EB7DA92487DF165D7C7F604F44E4348C90EB99831C03229B80E04825ED496A170EF815459E2700A366788F384376D3A3E787C920C2215F8908172E2C6A5A5FB81E0648C6B54319E795411C6508C576D0AE2BCE317FA488C13A9C7E5A1BCD019C33F3C658C2DCCC7D77A59BE96D50523C3FA48B4B689A65121ACE4D4C534]}
04-18 00:40:43.088  4039  4039 I [WEATHER]AppTracker: {[BD1B1571DDC41A6AD3CAC884767120D554EF2F8404E7C3A063D0E3758E0AE18470A8EFA68A5B4E7500CDC31D1F35D23691DF0C1466A674434CE460C3706353D38D5342BF8FF8C4149BD0B812983A45781E790C1BE5FF38BFDC8F353414901BFF5410070B025C0455240CAD42EEDA06B85CC4AD598563C1A9AF136D372158B947C763018A0C6C6226C4B899FF865EC8924C9C120CF25CA7C58CCB97407FE09EF63EDD1B40AF3175A684840BC0F14A8C4B79137060AAAADE18F622BCEEFE74AEB37527C22B912586AA288DEC2C472F18E35CE29738448C8017F6F73254497C142C0C1CE1DC59E9379B6EA195B114639674657E08D0F30DEF5168FC04F727C54A85AA581CB083B9EED221704FB81753ECA66DA9D92D04D70ED0E2248F99FB4B2CDE9B1CC709066A3B73B7DE639FD054FC55]}
04-18 00:40:43.095  4039  4039 I [WEATHER]AppTracker: {[7CD596852974A0D0010951A4922652952827653357FD8EE4D1F3D5EEA3D9E5B4B727BA58AA77C3E6CAC3DAACD0AEA0519F1D49479D74F481AF3508255C26365AB8010731E3B37BFAA8BE889AECFB05792DFB36A4B0A07C5C9E196AE66DC306FFEDC61AA3F95C1461E7AD72CED4F7DA88744D5CE8AEB0ED8FD673A397A44C9369844D044E355C4D55B831F1335AE9D2878F5B45682F8BAA9C51E10B06A749A898315E8CCF1F95B9B79148F05F11E40629A6D1586828313ADA0AF1FF8A9959410691049F5B18E79F35EE94C244F0CB735E2887EAAA8143082A16BF1AFBDB563BDDF7F2C7B99680CB70D90DEF40D25C37693521E77AC31B190AA74D02FAD83CAD11D7E4523823D4AAC05227CF07B56939D829DEB5F1B97B44715F709C5A6612BCED7EB7BF679FDDE5B45AE9C1752CD7994344520CF73AB6D7EB7A4137C42B5FF0BAC9051A6290789D79E0F0FAFA47A6E494833C4D0916D2D184D5123FEE088809BADB6544A4599420225F08908D1C19C4F6E25866BF41160DF4363064B37C0770E48F590C3738A3978BFC3A798FB0AADC5EA46EEA05F2634EE7AC258F3A41D1116C]}
04-18 00:40:43.098  3762  4474 I SCS@AiSearch user 0: (BaseCollector::DOCUMENTS) [DOCUMENTS-0] entering in collectChanges():
04-18 00:40:43.113  4039  4039 I [WEATHER]AppTracker: {[1EF538E48D8A5DE22301220C3EC79DF14273058DFA9DDAE56233B2F3F8B8C22F4022036E5AAC9CF00A56EFE2AB6F7C509C851AA82E5D4D885328B00137EF286A96B1B1FE80175DCFA7489162A5DA4B38D14665ADDBFCB7F891095410DD1AC8EB16F43EB9F80840A5C8F8EEE8DB8E92CD7B1485BBD6DC450A545F51CB375EF98D]}
04-18 00:40:43.113  5628 11248 D PackageManager: setEnabledSetting : userId = 0 packageName = com.samsung.android.scs cmp = androidx.work.impl.background.systemalarm.RescheduleReceiver newState = 1 callingPackage = 10380/com.samsung.android.scs
04-18 00:40:43.114  5628 11248 D ApplicationPolicy: getApplicationStateEnabled : pkg = com.samsung.android.scs userId : 0
04-18 00:40:43.115  5628 11248 D ApplicationPolicy: getApplicationComponentState : pkg = com.samsung.android.scs userId : 0
04-18 00:40:43.120  4221  4454 I FA      : App measurement initialized, version: 76011
04-18 00:40:43.120  3762  4474 E SCS@AiSearch user 0: (DocumentCollector) canSkipCurrentList:
04-18 00:40:43.121  4221  4454 I FA      : To enable debug logging run: adb shell setprop log.tag.FA VERBOSE
04-18 00:40:43.121  4221  4454 I FA      : To enable faster debug mode event logging run:
04-18 00:40:43.121  4221  4454 I FA      :   adb shell setprop debug.firebase.analytics.app com.samsung.android.app.spage
04-18 00:40:43.123  3762  4474 I SCS@AiSearch user 0: (BaseCollector::DOCUMENTS) fetch: fetching took  5 ms
04-18 00:40:43.123  3762  4474 I SCS@AiSearch user 0: (BaseCollector::DOCUMENTS) fetchChanges: applied 0 items
04-18 00:40:43.123  3762  4474 I SCS@AiSearch user 0: (BaseCollector::DOCUMENTS) Collect finished. Result: true
04-18 00:40:43.123  2747  2799 D Benchmark: Copying /storage/emulated/0/Android/data/org.jetbrains.android_benchmark.test/cache/FibonacciBenchmark_valueInt_2023-04-17-22-40-42.perfetto-trace to /sdcard/Android/media/org.jetbrains.android_benchmark.test/additional_test_output/FibonacciBenchmark_valueInt_2023-04-17-22-40-42.perfetto-trace
04-18 00:40:43.125  4291  4291 D CompatibilityChangeReporter: Compat change id reported: 183155436; UID 10104; state: DISABLED
04-18 00:40:43.128  4291  4291 I FirebaseApp: Device unlocked: initializing all Firebase APIs for app [DEFAULT]
04-18 00:40:43.134  4039  4039 I [WEATHER]AppTracker: {[289DCA6E52EA5F2B89DDAD4BB87132BC5B2D2EFB9F561F474DC3F198D1E525C3987C4AE9C59931590EF331DE752623A876233C63EB7EFC2D6F1219FB152B2DBC4A0D30049D90EB07389048A6D3FFAD7A855DCF7785251E9F0BE739BC3DAB79F16A589633DC63D77167B2438A17852F6B6F062DF29EAE4EF87677CEBFB15D5D23E75D82BE2F381ED2A3081E6BD8C49381586BC7602FEA6BED72EBAC45DFABCCCF788E92361B38CE145403989E1E25E902E9F3D161A131D089EFE50A199BF444F4F09D15D7DE530EC8289F20966C49C05311EF0FB062028DE003AF93061FDEA3C8]}
04-18 00:40:43.142  3762  3834 I WM-WorkerWrapper: Worker result SUCCESS for Work [ id=daa8ce37-3935-401c-9d20-1cc3100555f3, tags={ com.samsung.android.scs.documents, com.samsung.android.scs.ai.search.data.collector.ObserverWorker } ]
04-18 00:40:43.161 10919 28887 W MediaProvider: isAppCloneUserPair for user 0: false
04-18 00:40:43.195  5628 12118 D SyncManager: userId - 0 auto - true
04-18 00:40:43.198  5250  5250 D Zygote  : Forked child process 4479
04-18 00:40:43.207  3762  3762 I SCS@AiSearch user 0: (SearchProvider) onTrimMemory(): 40
04-18 00:40:43.227  4039  4063 I [WEATHER]DataTracker: {[473FCD0E8512FA5F1DE411360283BDC0EC41EDE8C09C8995F2A7235612EA56053D99084B1E838E58AFDD1BFB1DB7E1B481769CCE835C1815A771D0FD2D16A88332F231E0A45438E9F9FDC4197A92EFCFD6EBBA7A85C66FC2A3B2243A39DC8F21895423423AFE0B0A31BD503C6ECFFA4852CA2FB9EF5EA49D81E427177C7D582F23238B98547ED5D7FC51FB46C0F9244B0AD70FBBFF1E6186A9FCEC30A491E7F434BE6484DCFD2E2FE18AEBDF09898F4BB3537551C2D68B6DB1125065DD671B9520ED12DE0F39970366B56125BBA206113CE0F2A920E20B7105A7816C55E6B9A2DBF9710E77DDEA44400107C862D6F3230F1AE408BC33FA9FBB235F907FF7DAEE7D554137B98E22C8A328ABFC45DF777B27B07EEF473BA3539FF3EC31131664B5D1865B9EAB65ACDE4683B16278B0D0262122928B11DE9BC7636C610F9E5AF63460A28F5ED0DF04477215119246E0B66E20EDDE14E3C0CD33CB2115A3F45F529C763587BA09B1F7CB3C60DA750FA803089AE5D490C0D5EC04F93A4B0C45D3F8DC373DECE7FC1DA1238AD7DC6190EEE8B127EF4848D28B0A87885B556B9574CB079A3D4BFA49A1D93D7D1E45E3316291F56D61D18538BA80031770EADA156E61D23E9BCAAFB924AF3256D49F930B04F6DD54D03CCA1BDBF543B40DD275EE001BD9]}
04-18 00:40:43.245  4039  4063 I [WEATHER]DataTracker: {[010BC0A5D0A0A477CE9271757D52E8B7AFB881DED2BB20EEA396C5CFF08DA1CA]}
04-18 00:40:43.255  4479  4479 I .filterprovider: Using CollectorTypeCC GC.
04-18 00:40:43.257  4039  4063 I [WEATHER]DataTracker: {[CAE5CDC47B4487914039FBB448DA32C90ADBE13AD3C375F3A8A4FA1EEAB88FD426C38B5567BFB5EA9CF64C946BB2769A]}
04-18 00:40:43.284  4376  4376 I lmkd    : cached 2, sandbox(not0) 0
04-18 00:40:43.289  4376  4376 I lmkd    : Reclaim 'com.google.android.googlequicksearchbox:search' (2282), uid 10233, oom_score_adj 935, state 19 to free 103328kB rss, 38356kb swap
04-18 00:40:43.290  4376  4376 I lmkd    : Reclaimed 141684kB at oom_score_adj 850
04-18 00:40:43.296  5628  5714 W libprocessgroup: Failed to open /dev/blkio//cgroup.procs: No such file or directory
04-18 00:40:43.296  3762  3762 I SCS@AiSearch user 0: (SearchProvider) onTrimMemory(): 60
04-18 00:40:43.302  4479  4479 E .filterprovider: Not starting debugger since process cannot load the jdwp agent.
04-18 00:40:43.309  2747  2799 I Benchmark: FibonacciBenchmark.valueInt[Metric (timeNs) results: median 358.4104288627244, min 306.29329737551797, max 501.10175623232254, standardDeviation: 41.77270686729105, Metric (allocationCount) results: median 8.0, min 8.0, max 8.000164441228705, standardDeviation: 7.205453627645767E-5]count=30406
04-18 00:40:43.316  2747  2799 D Benchmark: writing results to /storage/emulated/0/Android/data/org.jetbrains.android_benchmark.test/cache/org.jetbrains.android_benchmark.test-benchmarkData.json
04-18 00:40:43.319  2747  2799 D Benchmark: Copying /storage/emulated/0/Android/data/org.jetbrains.android_benchmark.test/cache/org.jetbrains.android_benchmark.test-benchmarkData.json to /sdcard/Android/media/org.jetbrains.android_benchmark.test/additional_test_output/org.jetbrains.android_benchmark.test-benchmarkData.json
04-18 00:40:43.323  4479  4479 W libc    : Access denied finding property "sys.perf.boostopt"
04-18 00:40:43.325  4479  4479 D ActivityThread: setConscryptValidator
04-18 00:40:43.325  4479  4479 D ActivityThread: setConscryptValidator - put
04-18 00:40:43.326 18943  1439 I NetworkScheduler.Stats: Task com.google.android.gms/com.google.android.gms.ipa.base.IpaGcmTaskService started execution. cause:9 exec_start_elapsed_seconds: 204289 [CONTEXT service_id=218 ]
04-18 00:40:43.325  4479  4502 W libc    : Access denied finding property "sys.perf.boostopt"
04-18 00:40:43.346  5628 11213 D SyncManager: userId - 0 auto - true
04-18 00:40:43.347 10919 28888 I MediaProvider: Deleted 1 0 0 0 0 0 0 items on external_primary due to org.jetbrains.android_benchmark.test
04-18 00:40:43.349  5250  5250 I Zygote  : Process 2282 exited due to signal 9 (Killed)
04-18 00:40:43.351 29492 29737 I A       : processToken binder died, :search process likely died
04-18 00:40:43.355  4291  4291 I FirebaseInitProvider: FirebaseApp initialization successful
04-18 00:40:43.358 10919 28887 W MediaProvider: isAppCloneUserPair for user 0: false
04-18 00:40:43.362  4376  4376 W lmkd    : Failed to open /proc/2282/oom_score_adj; errno=2: process 2282 might have been killed
04-18 00:40:43.365  5628  5712 I libprocessgroup: Successfully killed process cgroup uid 10233 pid 2282 in 0ms
04-18 00:40:43.368 29492 29742 W io.grpc.binder.a.k: Failed sending oob close transaction
04-18 00:40:43.368 29492 29742 W io.grpc.binder.a.k: io.grpc.StatusException: UNAVAILABLE
04-18 00:40:43.368 29492 29742 W io.grpc.binder.a.k: 	at io.grpc.Status.asException(PG:1)
04-18 00:40:43.368 29492 29742 W io.grpc.binder.a.k: 	at io.grpc.binder.a.k.r(PG:3)
04-18 00:40:43.368 29492 29742 W io.grpc.binder.a.k: 	at io.grpc.binder.a.x.h(PG:9)
04-18 00:40:43.368 29492 29742 W io.grpc.binder.a.k: 	at io.grpc.binder.a.e.run(PG:4)
04-18 00:40:43.368 29492 29742 W io.grpc.binder.a.k: 	at com.google.android.libraries.i.y.run(PG:1)
04-18 00:40:43.368 29492 29742 W io.grpc.binder.a.k: 	at java.util.concurrent.ThreadPoolExecutor.runWorker(ThreadPoolExecutor.java:1137)
04-18 00:40:43.368 29492 29742 W io.grpc.binder.a.k: 	at java.util.concurrent.ThreadPoolExecutor$Worker.run(ThreadPoolExecutor.java:637)
04-18 00:40:43.368 29492 29742 W io.grpc.binder.a.k: 	at com.google.android.libraries.i.g.run(PG:2)
04-18 00:40:43.368 29492 29742 W io.grpc.binder.a.k: 	at java.lang.Thread.run(Thread.java:1012)
04-18 00:40:43.368 29492 29742 W io.grpc.binder.a.k: 	at com.google.android.libraries.i.ah.run(PG:5)
04-18 00:40:43.368 29492 29742 W io.grpc.binder.a.k: Caused by: android.os.DeadObjectException
04-18 00:40:43.368 29492 29742 W io.grpc.binder.a.k: 	at android.os.BinderProxy.transactNative(Native Method)
04-18 00:40:43.368 29492 29742 W io.grpc.binder.a.k: 	at android.os.BinderProxy.transact(BinderProxy.java:662)
04-18 00:40:43.368 29492 29742 W io.grpc.binder.a.k: 	at io.grpc.binder.a.ah.c(PG:1)
04-18 00:40:43.368 29492 29742 W io.grpc.binder.a.k: 	at io.grpc.binder.a.ag.a(PG:2)
04-18 00:40:43.368 29492 29742 W io.grpc.binder.a.k: 	at io.grpc.binder.a.k.r(PG:2)
04-18 00:40:43.368 29492 29742 W io.grpc.binder.a.k: 	... 8 more
04-18 00:40:43.373  4479  4479 D CompatibilityChangeReporter: Compat change id reported: 171979766; UID 1000; state: ENABLED
04-18 00:40:43.378  4479  4502 W libc    : Access denied finding property "sys.perf.boostopt"
04-18 00:40:43.384  5628  8565 D SyncManager: userId - 0 auto - true
04-18 00:40:43.387  3762  3762 I SCS@AiSearch user 0: (SearchProvider) onTrimMemory(): 60
04-18 00:40:43.390  2747  2799 I TestRunner: finished: valueInt(org.jetbrains.android_benchmark.FibonacciBenchmark)
