05-10 03:19:31.116 30196 30467 D BluetoothSocket: read in:  android.net.LocalSocketImpl$SocketInputStream@f7c4b93 len: 4
05-10 03:19:31.559 30196 19736 I PhenotypeProcessReaper: Memory state is: 125
05-10 03:19:32.527 16258 29249 I GmscoreIpa: Starting mediastore instant index [CONTEXT service_id=255 ]
05-10 03:19:33.176  5679  7439 D SemWifiUsabilityStatsMonitor: onWifiUsabilityStats - seqNum 11621, isSameBssidAndFreq true
05-10 03:19:33.179  5679  6237 I SemWifiLinkQualityMonitor: Link Qos Query: 0.032 ms / 247.429 Mbps (433 / 0.000 / 1.750)
05-10 03:19:36.203  5679  7439 D SemWifiUsabilityStatsMonitor: onWifiUsabilityStats - seqNum 11622, isSameBssidAndFreq true
05-10 03:19:36.208  6397  6397 D NetworkController.WifiSignalController: notifyListener: visible=true, connected=true, inetCondition=1, isDefault=true, wifiTestReported=true, receivedInetCondition=-1, hideDuringMobileSwitching=false
05-10 03:19:36.208  5679  6237 I SemWifiLinkQualityMonitor: Link Qos Query: 0.032 ms / 247.429 Mbps (433 / 0.000 / 1.750)
05-10 03:19:36.211  6397  6497 D Tile.WifiTile: handleUpdateState isTransient=false transientEnabling =false cb.isTransient=false state.state = 2 mStateBeforeClick.value =false enabled =true
05-10 03:19:36.347  5322  5322 E sehhealth-service: Could not open /sys/class/power_supply/battery/lrp
05-10 03:19:39.236  5679  7439 D SemWifiUsabilityStatsMonitor: onWifiUsabilityStats - seqNum 11623, isSameBssidAndFreq true
05-10 03:19:39.246  5679  6237 I SemWifiLinkQualityMonitor: Link Qos Query: 0.032 ms / 247.429 Mbps (433 / 0.000 / 1.750)
05-10 03:19:40.552  5345  5345 I SurfaceFlinger: SFWD update time=153765948645057
05-10 03:19:42.277  5679  7439 D SemWifiUsabilityStatsMonitor: onWifiUsabilityStats - seqNum 11624, isSameBssidAndFreq true
05-10 03:19:42.281  6397  6397 D NetworkController.WifiSignalController: notifyListener: visible=true, connected=true, inetCondition=1, isDefault=true, wifiTestReported=true, receivedInetCondition=-1, hideDuringMobileSwitching=false
05-10 03:19:42.284  6397  6497 D Tile.WifiTile: handleUpdateState isTransient=false transientEnabling =false cb.isTransient=false state.state = 2 mStateBeforeClick.value =false enabled =true
05-10 03:19:42.284  5679  6237 I SemWifiLinkQualityMonitor: Link Qos Query: 0.028 ms / 288.667 Mbps (433 / 0.000 / 1.500)
05-10 03:19:44.784  5260  5260 E audit   : type=1400 audit(1683681584.779:98969): avc:  denied  { getattr } for  pid=5679 comm="BinderProcsColl" path="/sys/kernel/debug/binder/proc/5679" dev="debugfs" ino=30009 scontext=u:r:system_server:s0 tcontext=u:object_r:sec_debugfs:s0 tclass=file permissive=0 SEPF_SM-A515F_13_0001 audit_filtered
05-10 03:19:44.784  5260  5260 E audit   : type=1300 audit(1683681584.779:98969): arch=c00000b7 syscall=79 success=no exit=-13 a0=ffffff9c a1=7273f91c20 a2=71523be680 a3=0 items=0 ppid=5285 pid=5679 auid=4294967295 uid=1000 gid=1000 euid=1000 suid=1000 fsuid=1000 egid=1000 sgid=1000 fsgid=1000 tty=(none) ses=4294967295 comm="BinderProcsColl" exe="/system/bin/app_process64" subj=u:r:system_server:s0 key=(null)
05-10 03:19:44.784  5260  5260 E audit   : type=1327 audit(1683681584.779:98969): proctitle="system_server"
05-10 03:19:45.326  5679  7439 D SemWifiUsabilityStatsMonitor: onWifiUsabilityStats - seqNum 11625, isSameBssidAndFreq true
05-10 03:19:45.335  5679  6237 I SemWifiLinkQualityMonitor: Link Qos Query: 0.055 ms / 144.333 Mbps (433 / 0.000 / 3.000)
05-10 03:19:45.709 30196 30196 D BoundBrokerSvc: onUnbind: Intent { act=com.google.android.gms.scheduler.ACTION_PROXY_SCHEDULE dat=chimera-action:/... cmp=com.google.android.gms/.chimera.PersistentApiService }
05-10 03:19:48.369  5679  7439 D SemWifiUsabilityStatsMonitor: onWifiUsabilityStats - seqNum 11626, isSameBssidAndFreq true
05-10 03:19:48.373  5679  6237 I SemWifiLinkQualityMonitor: Link Qos Query: 0.037 ms / 216.500 Mbps (433 / 0.000 / 2.000)
05-10 03:19:50.517 18796 18796 I BadgeCountReceiver: badge intent : Intent { act=android.intent.action.BADGE_COUNT_UPDATE flg=0x1000010 cmp=com.sec.android.provider.badge/.BadgeCountReceiver (has extras) }
05-10 03:19:50.517 18796 18796 I BadgeCountReceiver: packageName: org.telegram.messenger, className: org.telegram.messenger.NoxIcon, count: 1
05-10 03:19:50.521  6910  6910 I BadgeCountUpdaterImpl: onChange
05-10 03:19:50.527  6910  6910 I BadgeCountUpdaterImpl: onChange
05-10 03:19:50.532 18796 18796 I BadgeProvider: sendNotify entered. [uri] : content://com.sec.badge/apps
05-10 03:19:50.532 18796 18796 I BadgeProvider: sendNotify, [notify] : null
05-10 03:19:50.533 18796 26158 I BadgeProvider: query, [selection] : package=?
05-10 03:19:50.533 18796 18796 I BadgeProvider: update, getCallingPackage() : com.sec.android.provider.badge
05-10 03:19:50.533 18796 18796 I BadgeProvider: update, [uri] : content://com.sec.badge/apps
05-10 03:19:50.533 18796 18796 I BadgeProvider: update, [uri.query] : null
05-10 03:19:50.533 18796 18796 I BadgeProvider: update, [BadgeCount] : badgecount=1
05-10 03:19:50.533 18796 18796 I BadgeProvider: update, [UpdateCount] : 1
05-10 03:19:50.543 18796 26158 E DatabaseUtils: Writing exception to parcel
05-10 03:19:50.543 18796 26158 E DatabaseUtils: java.lang.SecurityException: Permission Denial: writing com.sec.android.provider.badge.BadgeProvider uri content://com.sec.badge/apps?notify=true from pid=24784, uid=10268 requires com.sec.android.provider.badge.permission.WRITE, or grantUriPermission()
05-10 03:19:50.543 18796 26158 E DatabaseUtils: 	at android.content.ContentProvider.enforceWritePermissionInner(ContentProvider.java:1025)
05-10 03:19:50.543 18796 26158 E DatabaseUtils: 	at android.content.ContentProvider.semEnforceWritePermission(ContentProvider.java:951)
05-10 03:19:50.543 18796 26158 E DatabaseUtils: 	at android.content.ContentProvider$Transport.enforceWritePermission(ContentProvider.java:730)
05-10 03:19:50.543 18796 26158 E DatabaseUtils: 	at android.content.ContentProvider$Transport.update(ContentProvider.java:462)
05-10 03:19:50.543 18796 26158 E DatabaseUtils: 	at android.content.ContentProviderNative.onTransact(ContentProviderNative.java:231)
05-10 03:19:50.543 18796 26158 E DatabaseUtils: 	at android.os.Binder.execTransactInternal(Binder.java:1321)
05-10 03:19:50.543 18796 26158 E DatabaseUtils: 	at android.os.Binder.execTransact(Binder.java:1280)
05-10 03:19:50.729  6910  7270 I BadgeCountUpdaterImpl: reload badge without refresh
05-10 03:19:50.737  5679  5748 W libprocessgroup: Failed to open /dev/blkio//cgroup.procs: No such file or directory
05-10 03:19:50.753 18796 26158 I BadgeProvider: query, [selection] : null
05-10 03:19:50.774  6910  7270 I BadgeCache: update cache : com.vkontakte.android user : UserHandle{0}  count : 7
05-10 03:19:50.793  6910  7270 I BadgeCache: update cache : com.vkontakte.android user : UserHandle{0}  count : 1
05-10 03:19:50.794  6910  7270 I BadgeCache: add to cache : org.telegram.messengeruser : UserHandle{0}  count : 1
05-10 03:19:50.801  6910  7270 I BadgeCache: reloadBadge size : 2
05-10 03:19:51.404  5679  7439 D SemWifiUsabilityStatsMonitor: onWifiUsabilityStats - seqNum 11627, isSameBssidAndFreq true
05-10 03:19:51.407  5679  6237 I SemWifiLinkQualityMonitor: Link Qos Query: 0.018 ms / 433.000 Mbps (433 / 0.000 / 1.000)
05-10 03:19:51.654 24784 24843 W Notification: Bubbles work best with icons of TYPE_URI or TYPE_URI_ADAPTIVE_BITMAP. In the future, using an icon of this type will be required.
05-10 03:19:51.674  5679  8514 D ApplicationPolicy: isStatusBarNotificationAllowedAsUser: packageName = org.telegram.messenger,userId = 0
05-10 03:19:51.675  5679  8514 D ApplicationPolicy: isStatusBarNotificationAllowedAsUser: packageName = org.telegram.messenger,userId = 0
05-10 03:19:51.690 21864 22097 D androidtc: Initializing SystemTextClassifier, type = System
05-10 03:19:51.833  4387  4387 I lmkd    : 1(delay), 0(swap), 0(freelimit), 0(reentrymode) memory pressure events were skipped after a kill!
05-10 03:19:51.834  4387  4387 I lmkd    : cached 1, sandbox(not0) 0
05-10 03:19:51.837  5679  6193 I ChimeraAggressivePolicyHandler: executePolicy() - triggerSource: TRIGGER_SOURCE_LMKD
05-10 03:19:51.839  5679  6193 I ChimeraAggressivePolicyHandler: available memory: 913924, free memory target: 870400, quit chimera
05-10 03:19:51.841  4387  4387 I lmkd    : Reclaim 'com.aura.oobe.samsung.gl' (27956), uid 10053, oom_score_adj 975, state 19 to free 69700kB rss, 28664kb swap
05-10 03:19:51.842  4387  4387 I lmkd    : Reclaimed 98364kB at oom_score_adj 850
05-10 03:19:51.883  5285  5285 I Zygote  : Process 27956 exited due to signal 9 (Killed)
05-10 03:19:51.884  5679  5746 I libprocessgroup: Successfully killed process cgroup uid 10053 pid 27956 in 0ms
05-10 03:19:51.895 29103 29103 I [AUTHFW][PASS]AuthFwApp: otlv80
05-10 03:19:51.896 27789 27789 I SCS@AiSearch user 0: (SearchProvider) onTrimMemory(): 60
05-10 03:19:51.931  6361  6361 I FreeformContainer: [SmartPopupViewService] onNotificationPosted: StatusBarNotification(pkg=org.telegram.messenger user=UserHandle{0} id=212076729 tag=null key=0|org.telegram.messenger|212076729|null|10268: Notification(channel=0channel_private_b9fad_4960645241598996430 shortcut=ndid_212076729 contentView=null vibrate=null sound=null defaults=0x0 flags=0x10 color=0xff11acfa category=msg sortKey=9223370353173186807 actions=2 vis=PRIVATE locusId=LocusId[14_chars] semFlags=0x0 semPriority=0 semMissedCount=0))
05-10 03:19:51.933 28298 28453 I NotificationPipeline: Processing new notification: 0|org.telegram.messenger|212076729|null|10268
05-10 03:19:51.934 28298 28453 I Notification4Heart_NB: NotificationAlertUtil.getAlertType-result: 0
05-10 03:19:51.934  6910  6910 I Launcher.NotificationListener: onNotificationPosted : org.telegram.messenger number : 1
05-10 03:19:51.934 28298 28453 I Notification4Heart_NB: NotificationAlertUtil.getAlertTypeFromChannel-importance : 4
05-10 03:19:51.935 28298 28453 I Notification4Heart_NB: NotificationAlertUtil.isAlertNoti-alert : 3
05-10 03:19:51.935 28298 28453 I Notification4Heart_NB: PendingManager.getPendingState-SEND
05-10 03:19:51.936 28298 28453 I Notification4Heart_NB: NotificationBridgeCallback.onNotificationPosted-sent : 1683681589000, [0] org.telegram.messenger
05-10 03:19:51.936 28298 28453 I NotificationPipeline: Flushing notifications queue, size: 1
05-10 03:19:51.938  6397  6397 D InterruptionStateProvider: Group alert behavior is suppressed but we want to alert bubble
05-10 03:19:51.939  6397  6397 D InterruptionStateProvider: Group alert behavior is suppressed but we want to alert bubble
05-10 03:19:51.939  6910  7270 I Launcher.NotificationListener: notificationIsValidForUI : org.telegram.messenger missingTitleAndText : false isGroupHeader : false
05-10 03:19:51.942  6397  6497 D PeopleSpaceWidgetMgr: No app widget ids returned
05-10 03:19:51.956  6361  6361 I FreeformContainer: [SmartPopupViewService] onNotificationRemoved: StatusBarNotification(pkg=org.telegram.messenger user=UserHandle{0} id=212076729 tag=null key=0|org.telegram.messenger|212076729|null|10268: Notification(channel=0channel_private_b9fad_4960645241598996430 shortcut=ndid_212076729 contentView=null vibrate=null sound=null defaults=0x0 flags=0x10 color=0xff11acfa category=msg sortKey=9223370353173186807 actions=2 vis=PRIVATE locusId=LocusId[14_chars] semFlags=0x0 semPriority=0 semMissedCount=0))
05-10 03:19:51.958  6397  6397 D PluginAODManager: onNotificationInfoUpdated() 0
05-10 03:19:51.958  6361  6456 I FreeformContainer: [Manager] handleMessage: SMART_POPUP_VIEW_REMOVE_ITEM
05-10 03:19:51.958  6361  6456 W FreeformContainer: [Manager] SMART_POPUP_VIEW_REMOVE_ITEM failed, due to no smart popup view item which has packageName: org.telegram.messenger
05-10 03:19:51.959  6397  6397 I AODNotificationManager: updateVisibleNotifications: 0
05-10 03:19:51.959  6397  6397 I a       : updateStatusBarNotifications: open
05-10 03:19:51.960  6397  6397 I a       : updateStatusBarNotifications: open
05-10 03:19:51.962  6397  6397 D BubblesManager: onEntryAdded : bubbleEntryAdded=false
05-10 03:19:51.965  6397  6397 D BubblesManager: setupNotifPipeline(), onEntryRemoved : reason=10
05-10 03:19:51.969  6397  6497 D PeopleSpaceWidgetMgr: No app widget ids returned
05-10 03:19:51.973 28298 28453 I Notification4Heart_NB: NotificationBridgeCallback.onNotificationSend-time : 1683681589000, package : org.telegram.messenger
05-10 03:19:51.974 28298 28453 I Notification4Heart_NB: WearableExtenderFeature.extractBackground->>> Enter <<<
05-10 03:19:51.974 28298 28453 I Notification4Heart_NB: NotificationAlertUtil.getAlertType-result: 0
05-10 03:19:51.975 28298 28453 I Notification4Heart_NB: NotificationAlertUtil.getAlertTypeFromChannel-importance : 4
05-10 03:19:51.975 28298 28453 I Notification4Heart_NB: NotificationAlertUtil.isAlertNoti-alert : 3
05-10 03:19:51.976 28298 28453 I Notification4Heart_NB: DebugHistory.[send:SEND][mute:false] {0, 0|org.telegram.messenger|212076729|null|10268} d:{} - 03:19:49.000
05-10 03:19:51.984  6397  6397 D PluginAODManager: onNotificationInfoUpdated() 0
05-10 03:19:51.985  6397  6397 I AODNotificationManager: updateVisibleNotifications: 0
05-10 03:19:51.985  6397  6397 I a       : updateStatusBarNotifications: open
05-10 03:19:51.985  6397  6397 I a       : updateStatusBarNotifications: open
05-10 03:19:52.063 28298 28453 I NotificationSender: Putting notification data item /bridger/stream_item:c8317ad1:org.telegram.messenger:212076729:null_tag:0~7Corg.telegram.messenger~7C212076729~7Cnull~7C10268
05-10 03:19:52.114 28298 28453 I NotificationPipeline: Processing notification dismissal on phone: 0|org.telegram.messenger|212076729|null|10268
05-10 03:19:52.116 30196 30463 D BluetoothSocket: write: android.net.LocalSocketImpl$SocketOutputStream@eea12f6 length: 4
05-10 03:19:52.116 30196 30463 D BluetoothSocket: write out: android.net.LocalSocketImpl$SocketOutputStream@eea12f6 length: 4
05-10 03:19:52.117 30196 30463 D BluetoothSocket: write: android.net.LocalSocketImpl$SocketOutputStream@eea12f6 length: 2804
05-10 03:19:52.117 30196 30463 D BluetoothSocket: write out: android.net.LocalSocketImpl$SocketOutputStream@eea12f6 length: 2804
05-10 03:19:52.117  6747  7221 I bt_stack: [INFO:rfc_port_fsm.cc(106)] rfc_port_sm_execute: BD_ADDR=645df4_1, PORT=3, STATE=4, EVENT=14
05-10 03:19:52.118  6747  7221 I bt_stack: [INFO:rfc_port_fsm.cc(106)] rfc_port_sm_execute: BD_ADDR=645df4_1, PORT=3, STATE=4, EVENT=14
05-10 03:19:52.118  6747  7221 I bt_stack: [INFO:rfc_port_fsm.cc(106)] rfc_port_sm_execute: BD_ADDR=645df4_1, PORT=3, STATE=4, EVENT=14
05-10 03:19:52.123  6747  7221 E bt_bta_dm: Received unknown power mode status event:5
05-10 03:19:52.131 28298 28453 I PhLocalNotifDismissal: Sending dismissal info for path: /bridge_mode/dismissal/org.telegram.messenger/
05-10 03:19:52.149 28298 28453 I PhLocalNotifDismissal: Successfully dismissed notification on watch.
05-10 03:19:52.149 28298 28453 I Notification4Heart_NB: NotificationBridgeCallback.onNotificationRemoved->>> Enter <<<
05-10 03:19:52.150 30196 30463 D BluetoothSocket: write: android.net.LocalSocketImpl$SocketOutputStream@eea12f6 length: 4
05-10 03:19:52.150 30196 30463 D BluetoothSocket: write out: android.net.LocalSocketImpl$SocketOutputStream@eea12f6 length: 4
05-10 03:19:52.150 30196 30463 D BluetoothSocket: write: android.net.LocalSocketImpl$SocketOutputStream@eea12f6 length: 7065
05-10 03:19:52.151 30196 30463 D BluetoothSocket: write out: android.net.LocalSocketImpl$SocketOutputStream@eea12f6 length: 7065
05-10 03:19:52.151  6747  7221 I bt_stack: [INFO:rfc_port_fsm.cc(106)] rfc_port_sm_execute: BD_ADDR=645df4_1, PORT=3, STATE=4, EVENT=14
05-10 03:19:52.151  6747  7221 I bt_stack: [INFO:rfc_port_fsm.cc(106)] rfc_port_sm_execute: BD_ADDR=645df4_1, PORT=3, STATE=4, EVENT=14
05-10 03:19:52.151  6747  7221 I bt_stack: [INFO:rfc_port_fsm.cc(106)] rfc_port_sm_execute: BD_ADDR=645df4_1, PORT=3, STATE=4, EVENT=14
05-10 03:19:52.151  6747  7221 I bt_stack: [INFO:rfc_port_fsm.cc(106)] rfc_port_sm_execute: BD_ADDR=645df4_1, PORT=3, STATE=4, EVENT=14
05-10 03:19:52.151  6747  7221 I bt_stack: [INFO:rfc_port_fsm.cc(106)] rfc_port_sm_execute: BD_ADDR=645df4_1, PORT=3, STATE=4, EVENT=14
05-10 03:19:52.151  6747  7221 I bt_stack: [INFO:rfc_port_fsm.cc(106)] rfc_port_sm_execute: BD_ADDR=645df4_1, PORT=3, STATE=4, EVENT=14
05-10 03:19:52.151  6747  7221 I bt_stack: [INFO:rfc_port_fsm.cc(106)] rfc_port_sm_execute: BD_ADDR=645df4_1, PORT=3, STATE=4, EVENT=14
05-10 03:19:52.151  6747  7221 I bt_stack: [INFO:rfc_port_fsm.cc(106)] rfc_port_sm_execute: BD_ADDR=645df4_1, PORT=3, STATE=4, EVENT=14
05-10 03:19:52.157  5679  5820 D NotificationService: NMS : requestListenerHintsForWearable state=0
05-10 03:19:52.161 28298 28453 W Notification4Heart_NB: PendingManager.onBridgeFlushQueueEvent-flush pending notifications!!
05-10 03:19:52.162 28298 28453 I Notification4Heart_NB: PendingManager.requestFlushNotifications->>> Enter <<<
05-10 03:19:52.171 28298 28453 I NotifDismissalHandler: Notification 0|org.telegram.messenger|212076729|null|10268 dismissed on phone, deleting data item /bridger/stream_item:c8317ad1:org.telegram.messenger:212076729:null_tag:0~7Corg.telegram.messenger~7C212076729~7Cnull~7C10268
05-10 03:19:52.177 30196 30463 D BluetoothSocket: write: android.net.LocalSocketImpl$SocketOutputStream@eea12f6 length: 4
05-10 03:19:52.177 30196 30463 D BluetoothSocket: write out: android.net.LocalSocketImpl$SocketOutputStream@eea12f6 length: 4
05-10 03:19:52.177 30196 30463 D BluetoothSocket: write: android.net.LocalSocketImpl$SocketOutputStream@eea12f6 length: 292
05-10 03:19:52.177 30196 30463 D BluetoothSocket: write out: android.net.LocalSocketImpl$SocketOutputStream@eea12f6 length: 292
05-10 03:19:52.178  6747  7221 I bt_stack: [INFO:rfc_port_fsm.cc(106)] rfc_port_sm_execute: BD_ADDR=645df4_1, PORT=3, STATE=4, EVENT=14
05-10 03:19:52.186 28298 28298 I NotifDismissalHandler: Received dismissal from watch, now dismissing on phone 0|org.telegram.messenger|212076729|null|10268
05-10 03:19:52.186 28298 28453 I NotificationPipeline: Flushing notifications queue, size: 0
05-10 03:19:52.216  6747  7221 I bt_stack: [INFO:rfc_port_fsm.cc(106)] rfc_port_sm_execute: BD_ADDR=645df4_1, PORT=3, STATE=4, EVENT=4
05-10 03:19:52.216 30196 30467 D BluetoothSocket: read out:  android.net.LocalSocketImpl$SocketInputStream@f7c4b93 ret: 4
05-10 03:19:52.216 30196 30467 D BluetoothSocket: read in:  android.net.LocalSocketImpl$SocketInputStream@f7c4b93 len: 37
05-10 03:19:52.217 30196 30467 D BluetoothSocket: read out:  android.net.LocalSocketImpl$SocketInputStream@f7c4b93 ret: 37
05-10 03:19:52.217 30196 30467 D BluetoothSocket: read in:  android.net.LocalSocketImpl$SocketInputStream@f7c4b93 len: 4
05-10 03:19:52.265  6747  7221 I bt_stack: [INFO:rfc_port_fsm.cc(106)] rfc_port_sm_execute: BD_ADDR=645df4_1, PORT=3, STATE=4, EVENT=4
05-10 03:19:52.267 30196 30467 D BluetoothSocket: read out:  android.net.LocalSocketImpl$SocketInputStream@f7c4b93 ret: 4
05-10 03:19:52.269 30196 30467 D BluetoothSocket: read in:  android.net.LocalSocketImpl$SocketInputStream@f7c4b93 len: 37
05-10 03:19:52.270 30196 30467 D BluetoothSocket: read out:  android.net.LocalSocketImpl$SocketInputStream@f7c4b93 ret: 37
05-10 03:19:52.270  6747  7221 I bt_stack: [INFO:rfc_port_fsm.cc(106)] rfc_port_sm_execute: BD_ADDR=645df4_1, PORT=3, STATE=4, EVENT=4
05-10 03:19:52.272 30196 30467 D BluetoothSocket: read in:  android.net.LocalSocketImpl$SocketInputStream@f7c4b93 len: 4
05-10 03:19:52.273 30196 30467 D BluetoothSocket: read out:  android.net.LocalSocketImpl$SocketInputStream@f7c4b93 ret: 4
05-10 03:19:52.273 30196 30467 D BluetoothSocket: read in:  android.net.LocalSocketImpl$SocketInputStream@f7c4b93 len: 37
05-10 03:19:52.273 30196 30467 D BluetoothSocket: read out:  android.net.LocalSocketImpl$SocketInputStream@f7c4b93 ret: 37
05-10 03:19:52.275 30196 30467 D BluetoothSocket: read in:  android.net.LocalSocketImpl$SocketInputStream@f7c4b93 len: 4
05-10 03:19:52.520  5679 29310 D TrafficStats: tagSocket(1014) with statsTag=0xffffffff, statsUid=-1
05-10 03:19:52.726  5679 29310 D WifiConnectivityMonitor.DnsThread:  [|209]
05-10 03:19:52.729  5679  6269 D WifiConnectivityMonitor.NetworkStatsAnalyzer: DNS resultType : 0, responseTime : 209
05-10 03:19:52.730  5679  6262 D OpenNetworkQos[4.00]: updateBssidLatestDnsResultType - result: 0
05-10 03:19:52.730  5679  6262 D OpenNetworkQos[4.00]: updateBssidNoInternet: mBssidNoInternet = false
05-10 03:19:52.730  5679  6262 D OpenNetworkQos[4.00]: getOpenNetworkQosNoInternetStatus: false
05-10 03:19:52.730  5679  6262 D OpenNetworkQos[4.00]: getOpenNetworkQosScores: 26 26 19
05-10 03:19:52.731  5679  6262 I WifiProfileShare: network QoS data was changed (internet), updateQoSData networkType: true, qosData: false
05-10 03:19:52.732  5679  7326 V WifiProfileShare.Caster: update wips network, size: 0
05-10 03:19:52.732  5679  7326 D WifiProfileShare: nearby scanning settings run
05-10 03:19:52.732  5679  7326 D WifiProfileShare: network score provider settings enabled
05-10 03:19:52.732  5679  7326 D OpenNetworkQos[4.00]: getOpenNetworkQosScores: 26 26 19
05-10 03:19:52.733  5679  7326 D OpenNetworkQos[4.00]: getOpenNetworkQosNoInternetStatus: false
05-10 03:19:52.733  5679  7326 I WifiProfileShare.Caster: current network type: 0, score: [26, 26, 19]
05-10 03:19:52.733  5679  7326 V WifiProfileShare.Cache: update network score 00:e4:06:**:**:90
05-10 03:19:52.734  5679  7326 D WifiProfileShare.ScanMatcher: getMcfDataList size:2
05-10 03:19:52.734  5679  7326 I WifiProfileShare.Caster: qos data was updated , before:type:QOS, pBssid:51:2e:90, qosData:7b after:type:QOS, pBssid:51:2e:90, qosData:7b
05-10 03:19:52.736  5679  7326 I [MCFSDK_android_1.2.4010]_4_b: isNetworkEnabled - type : 1 ret : true
05-10 03:19:52.736  5679  7326 D WifiProfileShare.McfCast: -ME--- mIsNetworkEnabled :true
05-10 03:19:52.736  5679  7326 D WifiProfileShare.McfCast: updateQoSData ignored, same contents
05-10 03:19:52.736  5679  7326 D WifiProfileShare.MCF: success update QosData !
05-10 03:19:52.738  5679  7326 I [MCFSDK_android_1.2.4010]_4_b: isNetworkEnabled - type : 1 ret : true
05-10 03:19:52.738  5679  7326 D WifiProfileShare.McfCast: -ME--- mIsNetworkEnabled :true
05-10 03:19:52.738  5679  7326 D WifiProfileShare.McfCast: -ME--- updatePasswordDate pwdData size:2
05-10 03:19:54.450  5679  7439 D SemWifiUsabilityStatsMonitor: onWifiUsabilityStats - seqNum 11628, isSameBssidAndFreq true
05-10 03:19:54.453  5679  6237 I SemWifiLinkQualityMonitor: Link Qos Query: 0.025 ms / 324.750 Mbps (433 / 0.000 / 1.333)
05-10 03:19:54.507  7227  7296 I GmsPassiveListener_FLP: onGmsLocationChanged, provider=fused / speed=0.28812027 / time=1683681594492 / elapsed=249779403000000
05-10 03:19:54.509  5679  6690 D SLocation: PositionManager - PassiveonLocationChanged fused 1683681594492
05-10 03:19:54.510  5679  6690 W SLocation: PositionManager - do not refresh last location about fused location
05-10 03:19:54.510  5679  7432 V LocationManagerService: passive provider registration 1000/android[SensorNotificationService]/B2CA75E9 dropped delivery - too close
05-10 03:19:54.510  5679  6690 D SLocation: ARDistanceBigData - BIGDATA ARD - receive location
05-10 03:19:54.510  5679  6690 D SLocation: ARDistanceLibManager - request distance diff to AR Distance Library
05-10 03:19:54.511  5679  6690 D SLocation: SLocationCoreSem - send to coreSem, packet length : 1 / [34]
05-10 03:19:54.511  5679  6690 D SemContextLocationCoreAttribute: setAttribute() mode : 0 action : 23
05-10 03:19:54.511  5679  6690 D SemContextService: lock : changeParameters
05-10 03:19:54.511  5679  6690 D SemContext.CaeProvider.LocationCoreImpl: setAttribute() mode : 0 action : 23
05-10 03:19:54.513  5679  6690 W CAE     : setCAProperty(ContextAwareService.java:513) - [setProperty 01] Mutex is locked for SLOCATION_RUNNER
05-10 03:19:54.513  5679  6690 I CAE     : setPropertyValue(SLocationRunner.java:116) - SLocationRunner setProperty header : 34, len : 1
05-10 03:19:54.514  5679  6690 I CAE     : sendCmdToSensorHub(SensorHubCommManager.java:156) - -63, 23, 55, 34,
05-10 03:19:54.514  5679  7432 V LocationManagerService: passive provider registration 5023/com.samsung.android.networkdiagnostic/4FDF9C6D dropped delivery - too close
05-10 03:19:54.515  5679  5865 D SensorService: setSContextDataLocked ints length 2 , byte length 4
05-10 03:19:54.515  5679  5865 D SensorService: setSContextDataLocked 223717c1
05-10 03:19:54.517  5307  5307 I SensorsHub: SContextSensor::injecet_sensor_data
05-10 03:19:54.517  5307  5307 D SensorsHub: c1 17 37 22
05-10 03:19:54.517  5307  5307 D SensorsHub: inject_scontext_data: New ssp_data_injection_fd(28)
05-10 03:19:54.517  5307  5307 D SensorsHub: SContext Data Injection return 4
05-10 03:19:54.518  5307  5358 I SensorsHub: context 38 0 37 1,1,55,0,33,33,0,0,0,0,23,93,71,211,162,182,228,0,26,183,37,192,12,49,248,176,0,0,0,39,0,71,93,136,0,0,4,12, 249779429379580
05-10 03:19:54.519  5307  5358 I SensorsHub: context 10 0 9 1,1,55,0,5,2,34,0,0,0, 249779429452503
05-10 03:19:54.520  5679  6690 W CAE     : setCAProperty(ContextAwareService.java:519) - [setProperty 02] Mutex is unlocked for SLOCATION_RUNNER
05-10 03:19:54.520  5679  6690 D SemContextService: unlock : changeParameters
05-10 03:19:54.520  5679  6690 D SemContextManager:   .changeParameters : listener = com.samsung.android.location.semcontext.a@e062a6c, service=SLocation Core
05-10 03:19:54.521  5679  6690 D SLocation: PositionManager - receive fused location
05-10 03:19:54.521  5679  5862 D SensorHubManager: onGetSensorHubDataLocked: library(38) = 1, 1, 55, 0, 33, 33, 0, 0, 0, 0, 23, 93, 71, -45, -94, -74, -28, 0, 26, -73, 37, -64, 12, 49, -8, -80, 0, 0, 0, 39, 0, 71, 93, -120, 0, 0, 4, 12
05-10 03:19:54.522  5679  5862 D SensorHubManager: onGetSensorHubDataLocked: library(10) = 1, 1, 55, 0, 5, 2, 34, 0, 0, 0
05-10 03:19:54.522  5679  5863 D CAE     : onGetSensorHubData(SensorHubParserProvider.java:89) - onGetSensorHubData Event [event buffer len :38], AP_WAKEUP
05-10 03:19:54.523  5679  5863 I CAE     : parse(SensorHubParserProvider.java:190) - buffer size = 38
05-10 03:19:54.523  5679  5863 I CAE     : parse(SensorHubParserProvider.java:201) - 1, 1, 55, 0, 33, 33, 0, 0, 0, 0, 23, 93, 71, -45, -94, -74, -28, 0, 26, -73, 37, -64, 12, 49, -8, -80, 0, 0, 0, 39, 0, 71, 93, -120, 0, 0, 4, 12,
05-10 03:19:54.524  5679  5863 I CAE     : parse(SLocationRunner.java:88) - SLocationRunner parse start : 3
05-10 03:19:54.525  5679  5863 D CAE     : display(ContextProvider.java:375) - ================= SLOCATION_RUNNER =================
05-10 03:19:54.527  5679  5863 I CAE     : display(ContextProvider.java:391) - ExtraDataArray=[1, 1, 55, 0, 33, 33, 0, 0, 0, 0, 23, 93, 71, -45, -94, -74, -28, 0, 26, -73, 37, -64, 12, 49, -8, -80, 0, 0, 0, 39, 0, 71, 93, -120, 0, 0, 4, 12]
05-10 03:19:54.532  5679  5863 I CAE     : parse(SLocationRunner.java:96) - SLocationRunner parse end:38
05-10 03:19:54.532  5679  5863 D CAE     : onGetSensorHubData(SensorHubParserProvider.java:89) - onGetSensorHubData Event [event buffer len :10], AP_WAKEUP
05-10 03:19:54.532  5679  5863 I CAE     : parse(SensorHubParserProvider.java:190) - buffer size = 10
05-10 03:19:54.532  5679  5863 I CAE     : parse(SensorHubParserProvider.java:201) - 1, 1, 55, 0, 5, 2, 34, 0, 0, 0,
05-10 03:19:54.532  5679  5863 I CAE     : parse(SLocationRunner.java:88) - SLocationRunner parse start : 3
05-10 03:19:54.533  5679  5863 D CAE     : display(ContextProvider.java:375) - ================= SLOCATION_RUNNER =================
05-10 03:19:54.533  5679  5863 I CAE     : display(ContextProvider.java:391) - ExtraDataArray=[1, 1, 55, 0, 5, 2, 34, 0, 0, 0]
05-10 03:19:54.533  5679  5863 I CAE     : parse(SLocationRunner.java:96) - SLocationRunner parse end:10
05-10 03:19:54.533  5679  5860 D SemContextService: Service.updateContext() : service = SLocation Core
05-10 03:19:54.534  5679  5860 D SemContextService: Service.updateContext() : service = SLocation Core
05-10 03:19:54.534  5679  5679 D SemContextManager: onSemContextChanged() : event = SLocation Core
05-10 03:19:54.535  5679  5679 D SLocation: SLocationCoreSem - SemContextChanged type = 47, packet received
05-10 03:19:54.535  5679  5679 D SemContextManager: onSemContextChanged() : event = SLocation Core
05-10 03:19:54.535  5679  6690 I SLocation: SemContextParser -  parse start : 3
05-10 03:19:54.535  5679  6690 I SLocation: SemContextParser -  packet Length : 33packet total size : 38
05-10 03:19:54.535  5679  6690 I SLocation: SemContextParser - packet : [33, 0, 0, 0, 0, 23, 93, 71, -45, -94, -74, -28, 0, 26, -73, 37, -64, 12, 49, -8, -80, 0, 0, 0, 39, 0, 71, 93, -120, 0, 0, 4, 12]
05-10 03:19:54.535  5679  5679 D SLocation: SLocationCoreSem - SemContextChanged type = 47, packet received
05-10 03:19:54.535  5679  6690 D SLocation: GeofenceCoreManager - received Extra Data from core, len : 33
05-10 03:19:54.536  5679  6690 D SLocation: ARDistanceGetARDistance - convertSensorHubTimeToElapsedTime 1683579126568184911
05-10 03:19:54.536  5679  6690 D SLocation: ARDistanceGetARDistance - invalid location time from core pvt 1683579126568184911, do not use distance info
05-10 03:19:54.536  5679  6690 D SLocation: CommonCoreManager - received Extra Data from core, len : 33
05-10 03:19:54.536  5679  6690 I SLocation: SemContextParser -  parse start : 3
05-10 03:19:54.536  5679  6690 I SLocation: SemContextParser -  packet Length : 5packet total size : 10
05-10 03:19:54.537  5679  6690 I SLocation: SemContextParser - packet : [2, 34, 0, 0, 0]
05-10 03:19:54.537  5679  6690 D SLocation: GeofenceCoreManager - received Extra Data from core, len : 5
05-10 03:19:54.537  5679  6690 D SLocation: GeofenceCoreManager - handleCommandCallback - UNKNOWN_CALLBACK 34 SUCCESS
05-10 03:19:54.537  5679  6690 D SLocation: ARDistanceLibManager - command callback received - CURRENT_LOCATION_REQUEST_DISTANCE ERROR CODE : ERROR_NONE
05-10 03:19:54.537  5679  6690 D SLocation: CommonCoreManager - received Extra Data from core, len : 5
05-10 03:19:54.573 30196 29223 I GCoreUlr: Successfully inserted 1 locations
05-10 03:19:54.650 30196 29218 I SemanticLocation: [Inferrer] IncrementalTimelineInferrer.predict() logs:
05-10 03:19:54.650 30196 29218 I SemanticLocation: Timeline Paths Enabled! Start Computing the timeline paths.
05-10 03:19:54.650 30196 29218 I SemanticLocation:
05-10 03:19:54.650 30196 29218 I SemanticLocation: [CONTEXT service_id=173 ]
05-10 03:19:57.436 30196 29218 D ConnectivityManager: StackLog: [android.net.ConnectivityManager.reportNetworkConnectivity(ConnectivityManager.java:3390)] [aovh.i(:com.google.android.gms@231613044@23.16.13 (190400-527363516):0)] [aouv.run(:com.google.android.gms@231613044@23.16.13 (190400-527363516):57)] [aovv.run(:com.google.android.gms@231613044@23.16.13 (190400-527363516):2)] [dege.run(:com.google.android.gms@231613044@23.16.13 (190400-527363516):2)] [abzd.c(:com.google.android.gms@231613044@23.16.13 (190400-527363516):6)] [abzd.run(:com.google.android.gms@231613044@23.16.13 (190400-527363516):7)] [java.util.concurrent.ThreadPoolExecutor.runWorker(ThreadPoolExecutor.java:1137)] [java.util.concurrent.ThreadPoolExecutor$Worker.run(ThreadPoolExecutor.java:637)] [acej.run(:com.google.android.gms@231613044@23.16.13 (190400-527363516):0)] [java.lang.Thread.run(Thread.java:1012)]
05-10 03:19:57.443 30196 29218 I AlarmManager: setExactAndAllowWhileIdle [name: GCM_HB_ALARM type: 2 triggerAtMillis: 250972354]
05-10 03:19:57.461 30196 28904 I AlarmManager: setExactAndAllowWhileIdle [name: FcmRetry type: 2 triggerAtMillis: 249902371]
05-10 03:19:57.470  5679  7439 D SemWifiUsabilityStatsMonitor: onWifiUsabilityStats - seqNum 11629, isSameBssidAndFreq true
05-10 03:19:57.472 30196 30196 D BoundBrokerSvc: onBind: Intent { act=com.google.android.gms.scheduler.ACTION_PROXY_SCHEDULE dat=chimera-action:/... cmp=com.google.android.gms/.chimera.PersistentApiService }
05-10 03:19:57.472 30196 30196 D BoundBrokerSvc: Loading bound service for intent: Intent { act=com.google.android.gms.scheduler.ACTION_PROXY_SCHEDULE dat=chimera-action:/... cmp=com.google.android.gms/.chimera.PersistentApiService }
05-10 03:19:57.475 30196 29218 I AlarmManager: setExactAndAllowWhileIdle [name: GCM_HB_ALARM type: 2 triggerAtMillis: 250972386]
05-10 03:19:57.478  5679  6237 I SemWifiLinkQualityMonitor: Link Qos Query: 0.018 ms / 433.000 Mbps (433 / 0.000 / 1.000)
05-10 03:19:57.484  5679  5748 W libprocessgroup: Failed to open /dev/blkio//cgroup.procs: No such file or directory
05-10 03:19:57.486  5679  5748 W libprocessgroup: Failed to open /dev/blkio//cgroup.procs: No such file or directory
05-10 03:19:57.513  5679  5748 W libprocessgroup: Failed to open /dev/blkio//cgroup.procs: No such file or directory
05-10 03:19:57.535  5679  5748 W libprocessgroup: Failed to open /dev/blkio//cgroup.procs: No such file or directory
05-10 03:19:57.537  5679  5748 W libprocessgroup: Failed to open /dev/blkio//cgroup.procs: No such file or directory
05-10 03:20:00.007  6397  6397 D KeyguardUpdateMonitor: received broadcast android.intent.action.TIME_TICK
05-10 03:20:00.008  6397  6397 D KeyguardUpdateMonitor: handleTimeUpdate
05-10 03:20:00.011  6397  6397 D FaceWidgetPagesController: onTimeChanged()
05-10 03:20:00.016  6397  7006 D QSClockBellTower: onReceive(android.intent.action.TIME_TICK) mTimeZoneString:null
05-10 03:20:00.067  6397  6397 D QSClockBellTower: He is ready to ring the bell. (((QSClockBellSound - TimeText:03:20, TimeContentDescription:03:20, DateText:Wed, 10 May, ShortDateText:Wed, 10 May, Demo:false, QuickStar-Second(false|12:34:56))))
05-10 03:20:00.072  6397  6397 D QSClockIndicatorView: Home Indicator status_bar_clock 03:20 notifyTimeChanged(QSClockBellSound - TimeText:03:20, TimeContentDescription:03:20, DateText:Wed, 10 May, ShortDateText:Wed, 10 May, Demo:false, QuickStar-Second(false|12:34:56)) ClockVisibleByPolicy:true, ClockVisibleByUser:true, visible?false, parent:android.widget.LinearLayout{ebb6f9 V.E...... ......I. 0,0-0,55 #7f0b04f0 app:id/left_clock_container}
05-10 03:20:00.072  6397  6397 D QSClockBellTower: Everyone heard the bell. run(currentTime:1683681600064,   getTime():Wed May 10 03:20:00 GMT+02:00 2023,   getTimeZone():libcore.util.ZoneInfo[mDstSavings=3600000,mUseDst=true,mDelegate=[id="Europe/Belgrade",mRawOffset=3600000,mEarliestRawOffset=4920000,transitions=119]])
05-10 03:20:00.084  6397  6397 I FaceWidgetPositionAlgorithm: getClockContainerHeight() supplier = 270, bottom margin = 0, real height = 333
05-10 03:20:00.085  6397  6397 I FaceWidgetPositionAlgorithm: getClockContainerHeight() supplier = 270, bottom margin = 63, real height = 333
05-10 03:20:00.085  6397  6397 I FaceWidgetPositionAlgorithm: getMediaContainerHeight() height = 0 container Visibility = 8, isValid = false, mIsDozing = false, fraction = 1.0, source = 0, target = 0
05-10 03:20:00.085  6397  6397 I FaceWidgetPositionAlgorithm: getMediaContainerHeight() supplier = 0
05-10 03:20:00.087  6397  6397 V QsExpandAnimator: setQsExpansionPosition 0.0
05-10 03:20:00.103  6397  6397 V QsExpandAnimator: updateAnimators
05-10 03:20:00.104  6397  6397 V QsExpandAnimator: clearAnimationState
05-10 03:20:00.105  6397  6397 V QsExpandAnimator: updateViews
05-10 03:20:00.109  6397  6397 V QsExpandAnimator: updateTileAnimator
05-10 03:20:00.112  6397  6397 V QsExpandAnimator: updateHeaderAnimator
05-10 03:20:00.113  6397  6397 V QsExpandAnimator: updateBarAnimator
05-10 03:20:00.113  6397  6397 V QsExpandAnimator: setQsExpansionPosition 0.0
05-10 03:20:00.113  6397  6397 V QsExpandAnimator: onAnimationAtStart
05-10 03:20:00.497  5679  7439 D SemWifiUsabilityStatsMonitor: onWifiUsabilityStats - seqNum 11630, isSameBssidAndFreq true
05-10 03:20:00.498  5679  6237 I SemWifiLinkQualityMonitor: Link Qos query: inf. ms / 0 Mbps
05-10 03:20:00.498  6397  6397 D NetworkController.WifiSignalController: notifyListener: visible=true, connected=true, inetCondition=1, isDefault=true, wifiTestReported=true, receivedInetCondition=-1, hideDuringMobileSwitching=false
05-10 03:20:00.500  6397  6497 D Tile.WifiTile: handleUpdateState isTransient=false transientEnabling =false cb.isTransient=false state.state = 2 mStateBeforeClick.value =false enabled =true
05-10 03:20:03.527  5679  7439 D SemWifiUsabilityStatsMonitor: onWifiUsabilityStats - seqNum 11631, isSameBssidAndFreq true
05-10 03:20:03.530  5679  6237 I SemWifiLinkQualityMonitor: Link Qos query: inf. ms / 0 Mbps
05-10 03:20:04.926  4387  4387 I lmkd    : 1(delay), 0(swap), 0(freelimit), 0(reentrymode) memory pressure events were skipped after a kill!
05-10 03:20:04.931  5679  6193 I ChimeraAggressivePolicyHandler: executePolicy() - triggerSource: TRIGGER_SOURCE_LMKD
05-10 03:20:04.935  5679  6193 I ChimeraAggressivePolicyHandler: available memory: 940304, free memory target: 870400, quit chimera
05-10 03:20:06.476  5322  5322 E sehhealth-service: Could not open /sys/class/power_supply/battery/lrp
05-10 03:20:06.542  5679  7439 D SemWifiUsabilityStatsMonitor: onWifiUsabilityStats - seqNum 11632, isSameBssidAndFreq true
05-10 03:20:06.544  6397  6397 D NetworkController.WifiSignalController: notifyListener: visible=true, connected=true, inetCondition=1, isDefault=true, wifiTestReported=true, receivedInetCondition=-1, hideDuringMobileSwitching=false
05-10 03:20:06.546  5679  6237 I SemWifiLinkQualityMonitor: Link Qos Query: 0.028 ms / 288.667 Mbps (433 / 0.000 / 1.500)
05-10 03:20:06.546  6397  6497 D Tile.WifiTile: handleUpdateState isTransient=false transientEnabling =false cb.isTransient=false state.state = 2 mStateBeforeClick.value =false enabled =true
05-10 03:20:09.581  5679  7439 D SemWifiUsabilityStatsMonitor: onWifiUsabilityStats - seqNum 11633, isSameBssidAndFreq true
05-10 03:20:09.585  5679  6237 I SemWifiLinkQualityMonitor: Link Qos Query: 0.028 ms / 288.667 Mbps (433 / 0.000 / 1.500)
05-10 03:20:10.555  5345  5345 I SurfaceFlinger: SFWD update time=153795950783689
05-10 03:20:11.980 23197 23221 I _benchmark.test: Waiting for a blocking GC Alloc
05-10 03:20:11.981 23197 23221 I _benchmark.test: Starting a blocking GC Alloc
05-10 03:20:12.066 23197 23221 I _benchmark.test: Waiting for a blocking GC Alloc
05-10 03:20:12.069 23197 23221 I _benchmark.test: Starting a blocking GC Alloc
05-10 03:20:12.112 23197 23221 I _benchmark.test: Waiting for a blocking GC Alloc
05-10 03:20:12.114 23197 23221 I _benchmark.test: Starting a blocking GC Alloc
05-10 03:20:12.153 23197 23221 I _benchmark.test: Waiting for a blocking GC Alloc
05-10 03:20:12.155 23197 23221 I _benchmark.test: Starting a blocking GC Alloc
05-10 03:20:12.196 23197 23221 I _benchmark.test: Waiting for a blocking GC Alloc
05-10 03:20:12.200 23197 23221 I _benchmark.test: Starting a blocking GC Alloc
05-10 03:20:12.241 23197 23221 I _benchmark.test: Waiting for a blocking GC Alloc
05-10 03:20:12.259 23197 23221 I _benchmark.test: WaitForGcToComplete blocked Alloc on Background for 18.917ms
05-10 03:20:12.260 23197 23221 I _benchmark.test: Starting a blocking GC Alloc
05-10 03:20:12.297 23197 23221 I _benchmark.test: Waiting for a blocking GC Alloc
05-10 03:20:12.317 23197 23221 I _benchmark.test: WaitForGcToComplete blocked Alloc on Background for 19.491ms
05-10 03:20:12.317 23197 23221 I _benchmark.test: Starting a blocking GC Alloc
05-10 03:20:12.357 23197 23221 I _benchmark.test: Waiting for a blocking GC Alloc
05-10 03:20:12.378 23197 23221 I _benchmark.test: WaitForGcToComplete blocked Alloc on Background for 21.053ms
05-10 03:20:12.378 23197 23221 I _benchmark.test: Starting a blocking GC Alloc
05-10 03:20:12.415 23197 23221 I _benchmark.test: Waiting for a blocking GC Alloc
05-10 03:20:12.439 23197 23221 I _benchmark.test: WaitForGcToComplete blocked Alloc on Background for 23.647ms
05-10 03:20:12.439 23197 23221 I _benchmark.test: Starting a blocking GC Alloc
05-10 03:20:12.480 23197 23221 I _benchmark.test: Waiting for a blocking GC Alloc
05-10 03:20:12.502 23197 23221 I _benchmark.test: WaitForGcToComplete blocked Alloc on Background for 22.648ms
05-10 03:20:12.503 23197 23221 I _benchmark.test: Starting a blocking GC Alloc
05-10 03:20:12.540 30196 30196 D BoundBrokerSvc: onUnbind: Intent { act=com.google.android.gms.scheduler.ACTION_PROXY_SCHEDULE dat=chimera-action:/... cmp=com.google.android.gms/.chimera.PersistentApiService }
05-10 03:20:12.540 23197 23221 I _benchmark.test: Waiting for a blocking GC Alloc
05-10 03:20:12.562 23197 23221 I _benchmark.test: WaitForGcToComplete blocked Alloc on Background for 21.703ms
05-10 03:20:12.562 23197 23221 I _benchmark.test: Starting a blocking GC Alloc
05-10 03:20:12.603 23197 23221 I _benchmark.test: Waiting for a blocking GC Alloc
05-10 03:20:12.611  5679  7439 D SemWifiUsabilityStatsMonitor: onWifiUsabilityStats - seqNum 11634, isSameBssidAndFreq true
05-10 03:20:12.615  5679  6237 I SemWifiLinkQualityMonitor: Link Qos Query: 0.037 ms / 216.500 Mbps (433 / 0.000 / 2.000)
05-10 03:20:12.626 23197 23221 I _benchmark.test: WaitForGcToComplete blocked Alloc on Background for 22.951ms
05-10 03:20:12.626 23197 23221 I _benchmark.test: Starting a blocking GC Alloc
05-10 03:20:12.667 23197 23221 I _benchmark.test: Waiting for a blocking GC Alloc
05-10 03:20:12.691 23197 23221 I _benchmark.test: WaitForGcToComplete blocked Alloc on Background for 23.891ms
05-10 03:20:12.691 23197 23221 I _benchmark.test: Starting a blocking GC Alloc
05-10 03:20:12.727 23197 23221 I _benchmark.test: Waiting for a blocking GC Alloc
05-10 03:20:12.753 23197 23221 I _benchmark.test: WaitForGcToComplete blocked Alloc on Background for 25.484ms
05-10 03:20:12.753 23197 23221 I _benchmark.test: Starting a blocking GC Alloc
05-10 03:20:12.795 23197 23221 I _benchmark.test: Waiting for a blocking GC Alloc
05-10 03:20:12.821 23197 23221 I _benchmark.test: WaitForGcToComplete blocked Alloc on Background for 25.233ms
05-10 03:20:12.821 23197 23221 I _benchmark.test: Starting a blocking GC Alloc
05-10 03:20:12.857 23197 23221 I _benchmark.test: Waiting for a blocking GC Alloc
05-10 03:20:12.891 23197 23221 I _benchmark.test: WaitForGcToComplete blocked Alloc on Background for 33.710ms
05-10 03:20:12.891 23197 23221 I _benchmark.test: Starting a blocking GC Alloc
05-10 03:20:12.928 23197 23221 I _benchmark.test: Waiting for a blocking GC Alloc
05-10 03:20:12.955 23197 23221 I _benchmark.test: WaitForGcToComplete blocked Alloc on Background for 26.428ms
05-10 03:20:12.955 23197 23221 I _benchmark.test: Starting a blocking GC Alloc
05-10 03:20:12.991 23197 23221 I _benchmark.test: Waiting for a blocking GC Alloc
05-10 03:20:13.021 23197 23221 I _benchmark.test: WaitForGcToComplete blocked Alloc on Background for 30.473ms
05-10 03:20:13.021 23197 23221 I _benchmark.test: Starting a blocking GC Alloc
05-10 03:20:13.058 23197 23221 I _benchmark.test: Waiting for a blocking GC Alloc
05-10 03:20:13.087 23197 23221 I _benchmark.test: WaitForGcToComplete blocked Alloc on Background for 29.094ms
05-10 03:20:13.087 23197 23221 I _benchmark.test: Starting a blocking GC Alloc
05-10 03:20:13.122 23197 23221 I _benchmark.test: Waiting for a blocking GC Alloc
05-10 03:20:13.150 23197 23221 I _benchmark.test: WaitForGcToComplete blocked Alloc on Background for 27.701ms
05-10 03:20:13.150 23197 23221 I _benchmark.test: Starting a blocking GC Alloc
05-10 03:20:13.186 23197 23221 I _benchmark.test: Starting a blocking GC Alloc
05-10 03:20:13.186 23197 23221 I _benchmark.test: Starting a blocking GC Alloc
05-10 03:20:13.198 23197 23221 I _benchmark.test: Alloc young concurrent copying GC freed 772974(17MB) AllocSpace objects, 0(0B) LOS objects, 84% free, 3192KB/20MB, paused 126us,51us total 11.723ms
05-10 03:20:13.232 23197 23221 I _benchmark.test: Starting a blocking GC Alloc
05-10 03:20:13.233 23197 23221 I _benchmark.test: Starting a blocking GC Alloc
05-10 03:20:13.247 23197 23221 I _benchmark.test: Alloc young concurrent copying GC freed 761545(16MB) AllocSpace objects, 0(0B) LOS objects, 84% free, 3192KB/20MB, paused 130us,51us total 14.665ms
05-10 03:20:13.281 23197 23221 I _benchmark.test: Starting a blocking GC Alloc
05-10 03:20:13.281 23197 23221 I _benchmark.test: Starting a blocking GC Alloc
05-10 03:20:13.292 23197 23221 I _benchmark.test: Alloc young concurrent copying GC freed 750274(16MB) AllocSpace objects, 0(0B) LOS objects, 84% free, 3193KB/20MB, paused 149us,57us total 11.322ms
05-10 03:20:13.325 23197 23221 I _benchmark.test: Starting a blocking GC Alloc
05-10 03:20:13.326 23197 23221 I _benchmark.test: Starting a blocking GC Alloc
05-10 03:20:13.341 23197 23221 I _benchmark.test: Alloc young concurrent copying GC freed 738910(16MB) AllocSpace objects, 0(0B) LOS objects, 84% free, 3193KB/20MB, paused 143us,53us total 15.749ms
05-10 03:20:13.375 23197 23221 I _benchmark.test: Starting a blocking GC Alloc
05-10 03:20:13.375 23197 23221 I _benchmark.test: Starting a blocking GC Alloc
05-10 03:20:13.387 23197 23221 I _benchmark.test: Alloc young concurrent copying GC freed 727431(16MB) AllocSpace objects, 0(0B) LOS objects, 84% free, 3193KB/20MB, paused 162us,55us total 11.421ms
05-10 03:20:13.420 23197 23221 I _benchmark.test: Starting a blocking GC Alloc
05-10 03:20:13.420 23197 23221 I _benchmark.test: Starting a blocking GC Alloc
05-10 03:20:13.432 23197 23221 I _benchmark.test: Alloc young concurrent copying GC freed 715997(15MB) AllocSpace objects, 0(0B) LOS objects, 84% free, 3193KB/20MB, paused 156us,55us total 11.840ms
05-10 03:20:13.464 23197 23221 I _benchmark.test: Starting a blocking GC Alloc
05-10 03:20:13.464 23197 23221 I _benchmark.test: Starting a blocking GC Alloc
05-10 03:20:13.476 23197 23221 I _benchmark.test: Alloc young concurrent copying GC freed 704781(15MB) AllocSpace objects, 0(0B) LOS objects, 84% free, 3194KB/20MB, paused 143us,61us total 11.928ms
05-10 03:20:13.506 23197 23221 I _benchmark.test: Starting a blocking GC Alloc
05-10 03:20:13.506 23197 23221 I _benchmark.test: Starting a blocking GC Alloc
05-10 03:20:13.525 23197 23221 I _benchmark.test: Alloc young concurrent copying GC freed 693397(15MB) AllocSpace objects, 0(0B) LOS objects, 84% free, 3194KB/20MB, paused 128us,125us total 18.319ms
05-10 03:20:13.555 23197 23221 I _benchmark.test: Starting a blocking GC Alloc
05-10 03:20:13.555 23197 23221 I _benchmark.test: Starting a blocking GC Alloc
05-10 03:20:13.566 23197 23221 I _benchmark.test: Alloc young concurrent copying GC freed 681858(15MB) AllocSpace objects, 0(0B) LOS objects, 84% free, 3194KB/20MB, paused 135us,49us total 10.908ms
05-10 03:20:13.596 23197 23221 I _benchmark.test: Starting a blocking GC Alloc
05-10 03:20:13.596 23197 23221 I _benchmark.test: Starting a blocking GC Alloc
05-10 03:20:13.611 23197 23221 I _benchmark.test: Alloc young concurrent copying GC freed 670632(14MB) AllocSpace objects, 0(0B) LOS objects, 84% free, 3194KB/20MB, paused 128us,50us total 14.908ms
05-10 03:20:13.640 23197 23221 I _benchmark.test: Starting a blocking GC Alloc
05-10 03:20:13.640 23197 23221 I _benchmark.test: Starting a blocking GC Alloc
05-10 03:20:13.653 23197 23221 I _benchmark.test: Alloc young concurrent copying GC freed 659254(14MB) AllocSpace objects, 0(0B) LOS objects, 84% free, 3194KB/20MB, paused 137us,56us total 12.912ms
05-10 03:20:13.684 23197 23221 I _benchmark.test: Starting a blocking GC Alloc
05-10 03:20:13.684 23197 23221 I _benchmark.test: Starting a blocking GC Alloc
05-10 03:20:13.696 23197 23221 I _benchmark.test: Alloc young concurrent copying GC freed 647759(14MB) AllocSpace objects, 0(0B) LOS objects, 84% free, 3195KB/20MB, paused 140us,62us total 11.568ms
05-10 03:20:13.724 23197 23221 I _benchmark.test: Starting a blocking GC Alloc
05-10 03:20:13.724 23197 23221 I _benchmark.test: Starting a blocking GC Alloc
05-10 03:20:13.735 23197 23221 I _benchmark.test: Alloc young concurrent copying GC freed 636605(14MB) AllocSpace objects, 0(0B) LOS objects, 84% free, 3195KB/20MB, paused 130us,62us total 10.618ms
05-10 03:20:13.763 23197 23221 I _benchmark.test: Starting a blocking GC Alloc
05-10 03:20:13.763 23197 23221 I _benchmark.test: Starting a blocking GC Alloc
05-10 03:20:13.774 23197 23221 I _benchmark.test: Alloc young concurrent copying GC freed 624971(13MB) AllocSpace objects, 0(0B) LOS objects, 84% free, 3195KB/20MB, paused 136us,52us total 11.230ms
05-10 03:20:13.802 23197 23221 I _benchmark.test: Starting a blocking GC Alloc
05-10 03:20:13.802 23197 23221 I _benchmark.test: Starting a blocking GC Alloc
05-10 03:20:13.816 23197 23221 I _benchmark.test: Alloc young concurrent copying GC freed 613769(13MB) AllocSpace objects, 0(0B) LOS objects, 84% free, 3195KB/20MB, paused 134us,54us total 14.289ms
05-10 03:20:13.843 23197 23221 I _benchmark.test: Starting a blocking GC Alloc
05-10 03:20:13.843 23197 23221 I _benchmark.test: Starting a blocking GC Alloc
05-10 03:20:13.857 23197 23221 I _benchmark.test: Alloc young concurrent copying GC freed 602323(13MB) AllocSpace objects, 0(0B) LOS objects, 84% free, 3196KB/20MB, paused 130us,55us total 14.213ms
05-10 03:20:13.885 23197 23221 I _benchmark.test: Starting a blocking GC Alloc
05-10 03:20:13.886 23197 23221 I _benchmark.test: Starting a blocking GC Alloc
05-10 03:20:13.900 23197 23221 I _benchmark.test: Alloc young concurrent copying GC freed 591005(13MB) AllocSpace objects, 0(0B) LOS objects, 84% free, 3196KB/20MB, paused 135us,54us total 14.088ms
05-10 03:20:13.927 23197 23221 I _benchmark.test: Starting a blocking GC Alloc
05-10 03:20:13.927 23197 23221 I _benchmark.test: Starting a blocking GC Alloc
05-10 03:20:13.939 23197 23221 I _benchmark.test: Alloc young concurrent copying GC freed 579593(12MB) AllocSpace objects, 0(0B) LOS objects, 84% free, 3196KB/20MB, paused 162us,56us total 11.497ms
05-10 03:20:13.965 23197 23221 I _benchmark.test: Starting a blocking GC Alloc
05-10 03:20:13.965 23197 23221 I _benchmark.test: Starting a blocking GC Alloc
