04-18 00:44:22.941  7760  7760 D nativeloader: Extending system_exposed_libraries: libhumantracking.arcsoft.so:libPortraitDistortionCorrection.arcsoft.so:libPortraitDistortionCorrectionCali.arcsoft.so:libface_landmark.arcsoft.so:libFacialStickerEngine.arcsoft.so:libveengine.arcsoft.so:liblow_light_hdr.arcsoft.so:libhigh_dynamic_range.arcsoft.so:libFacialAttributeDetection.arcsoft.so:libBeauty_v4.camera.samsung.so:libexifa.camera.samsung.so:libjpega.camera.samsung.so:libOpenCv.camera.samsung.so:libImageScreener.camera.samsung.so:libMyFilter.camera.samsung.so:libtensorflowLite.myfilter.camera.samsung.so:libtensorflowlite_inference_api.myfilter.camera.samsung.so:libEventFinder.camera.samsung.so:libHIDTSnapJNI.camera.samsung.so:libSmartScan.camera.samsung.so:libRectify.camera.samsung.so:libDocRectifyWrapper.camera.samsung.so:libUltraWideDistortionCorrection.camera.samsung.so:libHpr_RecGAE_cvFeature_v1.0.camera.samsung.so:libHprFace_GAE_api.camera.samsung.so:libFace_Landmark_API.camera.samsung.so:libHprFace_GAE_jni.camera.samsung.so:libFacialBasedSelfieCorrec
04-18 00:44:22.960  7760  7760 D nativeloader: Configuring classloader-namespace for other apk /system/framework/samsungkeystoreutils.jar. target_sdk_version=31, uses_libraries=ALL, library_path=/data/app/~~NoKZfD2RDK71glTza17ABw==/com.osp.app.signin-keRgQX5FeVOwMtV5gFf1xw==/lib/arm64:/data/app/~~NoKZfD2RDK71glTza17ABw==/com.osp.app.signin-keRgQX5FeVOwMtV5gFf1xw==/base.apk!/lib/arm64-v8a, permitted_path=/data:/mnt/expand:/data/user/0/com.osp.app.signin
04-18 00:44:22.960  7760  7760 D nativeloader: Extending system_exposed_libraries: libhumantracking.arcsoft.so:libPortraitDistortionCorrection.arcsoft.so:libPortraitDistortionCorrectionCali.arcsoft.so:libface_landmark.arcsoft.so:libFacialStickerEngine.arcsoft.so:libveengine.arcsoft.so:liblow_light_hdr.arcsoft.so:libhigh_dynamic_range.arcsoft.so:libFacialAttributeDetection.arcsoft.so:libBeauty_v4.camera.samsung.so:libexifa.camera.samsung.so:libjpega.camera.samsung.so:libOpenCv.camera.samsung.so:libImageScreener.camera.samsung.so:libMyFilter.camera.samsung.so:libtensorflowLite.myfilter.camera.samsung.so:libtensorflowlite_inference_api.myfilter.camera.samsung.so:libEventFinder.camera.samsung.so:libHIDTSnapJNI.camera.samsung.so:libSmartScan.camera.samsung.so:libRectify.camera.samsung.so:libDocRectifyWrapper.camera.samsung.so:libUltraWideDistortionCorrection.camera.samsung.so:libHpr_RecGAE_cvFeature_v1.0.camera.samsung.so:libHprFace_GAE_api.camera.samsung.so:libFace_Landmark_API.camera.samsung.so:libHprFace_GAE_jni.camera.samsung.so:libFacialBasedSelfieCorrec
04-18 00:44:23.022  7760  7760 D nativeloader: Configuring classloader-namespace for other apk /data/app/~~NoKZfD2RDK71glTza17ABw==/com.osp.app.signin-keRgQX5FeVOwMtV5gFf1xw==/base.apk. target_sdk_version=31, uses_libraries=, library_path=/data/app/~~NoKZfD2RDK71glTza17ABw==/com.osp.app.signin-keRgQX5FeVOwMtV5gFf1xw==/lib/arm64:/data/app/~~NoKZfD2RDK71glTza17ABw==/com.osp.app.signin-keRgQX5FeVOwMtV5gFf1xw==/base.apk!/lib/arm64-v8a, permitted_path=/data:/mnt/expand:/data/user/0/com.osp.app.signin
04-18 00:44:23.108  7760  7760 V GraphicsEnvironment: ANGLE Developer option for 'com.osp.app.signin' set to: 'default'
04-18 00:44:23.109  7760  7760 V GraphicsEnvironment: ANGLE GameManagerService for com.osp.app.signin: false
04-18 00:44:23.109  7760  7760 V GraphicsEnvironment: Neither updatable production driver nor prerelease driver is supported.
04-18 00:44:23.114  7760  7760 D NetworkSecurityConfig: No Network Security Config specified, using platform default
04-18 00:44:23.118  7760  7760 D NetworkSecurityConfig: No Network Security Config specified, using platform default
04-18 00:44:23.149  7760  7760 W .osp.app.signin: Opening an oat file without a class loader. Are you using the deprecated DexFile APIs?
04-18 00:44:23.188  7760  7760 D CompatibilityChangeReporter: Compat change id reported: 183155436; UID 10104; state: DISABLED
04-18 00:44:23.189  7760  7760 I FirebaseApp: Device unlocked: initializing all Firebase APIs for app [DEFAULT]
04-18 00:44:23.217  7760  7760 I FirebaseInitProvider: FirebaseApp initialization successful
04-18 00:44:23.225  7760  7760 I CapsuleProvider_1.0.20: onCreate
04-18 00:44:23.233  7760  7760 D WM-WrkMgrInitializer: Initializing WorkManager with default configuration.
04-18 00:44:23.243  7760  7779 I DynamiteModule: Considering local module com.google.android.gms.measurement.dynamite:78 and remote module com.google.android.gms.measurement.dynamite:88
04-18 00:44:23.244  7760  7779 I DynamiteModule: Selected remote version of com.google.android.gms.measurement.dynamite, version >= 88
04-18 00:44:23.244  7760  7779 V DynamiteModule: Dynamite loader version >= 2, using loadModule2NoCrashUtils
04-18 00:44:23.245  5628 11414 D PackageManager: setEnabledSetting : userId = 0 packageName = com.osp.app.signin cmp = androidx.work.impl.background.systemjob.SystemJobService newState = 1 callingPackage = 10104/com.osp.app.signin
04-18 00:44:23.245  5628 11414 D ApplicationPolicy: getApplicationStateEnabled : pkg = com.osp.app.signin userId : 0
04-18 00:44:23.246  5628 11414 D ApplicationPolicy: getApplicationComponentState : pkg = com.osp.app.signin userId : 0
04-18 00:44:23.261  7760  7779 W System  : ClassLoader referenced unknown path:
04-18 00:44:23.261  7760  7779 D nativeloader: Configuring classloader-namespace for other apk . target_sdk_version=33, uses_libraries=, library_path=/data/app/~~fupSe7mT3TYRtpByrpi4GQ==/com.google.android.gms-bmnvTG7hLJarQuEcM9Lr_Q==/lib/arm64:/data/app/~~fupSe7mT3TYRtpByrpi4GQ==/com.google.android.gms-bmnvTG7hLJarQuEcM9Lr_Q==/base.apk!/lib/arm64-v8a, permitted_path=/data:/mnt/expand:/data/user/0/com.google.android.gms
04-18 00:44:23.268  7760  7760 D DIAGMON_SDK[605054]: setDeviceId :
04-18 00:44:23.291  7760  7788 D CompatibilityChangeReporter: Compat change id reported: 160794467; UID 10104; state: ENABLED
04-18 00:44:23.292  7760  7760 I SamsungAccount: [BrandNameUtil] isBrandGalaxy, isCscFeatureEnabled: false
04-18 00:44:23.293  7760  7760 I SamsungAccount: [BrandNameUtil] isBrandGalaxy, oneUiVersion is below 5.1: true
04-18 00:44:23.294  7760  7760 I SamsungAccount: [GlobalSearchProvider] secQueryGetFingerprint : 1400200003en_GB
04-18 00:44:23.301  7760  7760 I SamsungAccount: [SamsungService(Application)] onCreate START
04-18 00:44:23.317  7760  7760 D SamsungAccount$SALogger: init Log Path : /data/user/0/com.osp.app.signin/Log/
04-18 00:44:23.318  7760  7773 I SamsungAccount: [AccountManagerProvider] Calling package : app.shealth.
04-18 00:44:23.319  7760  7760 D SamsungAccount$SALogger: init success
04-18 00:44:23.319  7760  7760 I SamsungAccount: [TestPropertyManager] setPropStagingMode, server: NONE
04-18 00:44:23.320  7760  7760 I SamsungAccount: [TestPropertyManager] HiddenModeValueIsSet? false [hiddenModeServerName: NONE, hiddenModeMcc: NONE, isMarketingAgreementToastMode: false, isAgreementHistoryWriteMode: false, isInvalidSimTestMode: false]
04-18 00:44:23.324  7760  7773 I SamsungAccount: [SignatureCheckUtil] runCheckSignatureAsync
04-18 00:44:23.325  7760  7773 I SamsungAccount: [SignaturePreconditionChecker] getSignatureResult - fromSesSdk : false
04-18 00:44:23.327  7760  7760 I SamsungAccount: [TestPropertyManager] property file not exist
04-18 00:44:23.332  7760  7760 I SamsungAccount: [DeviceManager] init START
04-18 00:44:23.335  7760  7774 W libc    : Access denied finding property "sys.perf.boostopt"
04-18 00:44:23.344  7760  7760 I SamsungAccount: [DeviceManager] init END
04-18 00:44:23.345  7760  7760 I SamsungAccount: [OpenDBManager] saveOpenData(Support_SamsungPass_Integration, true)
04-18 00:44:23.346  7760  7760 I SamsungAccount: [OpenContentProvider]  URI : content://com.msc.openprovider.openContentProvider/openData
04-18 00:44:23.349  7760  7760 I SamsungAccount: [OpenContentProvider] update openData : true
04-18 00:44:23.350  7760  7760 I SamsungAccount: [PushUtil] enable firebase auto init by RU
04-18 00:44:23.353  7760  7760 I SamsungAccount: [AccountManagerUtil] isSamsungAccountSignedIn : true
04-18 00:44:23.353  7760  7760 I SamsungAccount: [PushUtil] requestSmpInit
04-18 00:44:23.353  7760  7760 I SmpLog  : [SMP] init. S:true P:FCM_PRIMARY_MODE A:a
04-18 00:44:23.355  7760  7760 I SamsungAccount: [SamsungService] PUSH_STATE_CHECK registerId = not empty
04-18 00:44:23.356  7760  7760 I SamsungAccount: [StateCheckUtil] getLogPushRegistrationResult result = REGISTRATION_SUCCESS
04-18 00:44:23.356  7760  7760 I SamsungAccount: [SamsungService] PUSH_STATE_CHECK resultState = REGISTRATION_SUCCESS
04-18 00:44:23.356  7760  7760 I SamsungAccount: [SamsungService] check push token updates
04-18 00:44:23.356  7760  7760 I SamsungAccount: [PushUtil] checkTokenUpdates
04-18 00:44:23.356  7760  7773 I SamsungAccount: [SignatureInfoDbHelper] getSignatureResult - [10/1y90e][app.shealth.]
04-18 00:44:23.360  7760  7773 I SamsungAccount: [SignatureInfoDbHelper] searchOnUser
04-18 00:44:23.363  7760  7760 I SmpLog  : [SMP] get push type : fcm
04-18 00:44:23.364  7760  7760 I SmpLog  : [SMP] get token : ...Sv (152)
04-18 00:44:23.364  7760  7760 I SamsungAccount: [AccountManagerUtil] makeSamsungAccountVisible
04-18 00:44:23.365  7760  7797 I SmpLog  : [SMP] Test mode: false, v:3.3.1.1, com.osp.app.signin
04-18 00:44:23.367  7760  7760 I SamsungAccount: [AccountManagerUtil] setSamsungAccountManagedVisibilityIfNeeded : app.shealth.
04-18 00:44:23.369  7760  7760 I SamsungAccount: [PackageUtils] com.sec.android.app.shealth is existed : version code : 6233003
04-18 00:44:23.369  7760  7760 I SamsungAccount: [SignatureCheckUtil] runCheckSignatureWithEmptyId
04-18 00:44:23.369  7760  7760 I SamsungAccount: [SignatureCheckUtil] runCheckSignatureAsync
04-18 00:44:23.369  7760  7760 I SamsungAccount: [SignaturePreconditionChecker] getSignatureResult - fromSesSdk : true
04-18 00:44:23.371  7760  7797 I SmpLog  : [SMP] ptype:fcm, token:...Sv (152), D:null, U:null, S:false, M:null, P:FCM_PRIMARY_MODE
04-18 00:44:23.377  7760  7797 I SmpLog  : [SMP] SEND BR : smp init success
04-18 00:44:23.379  7760  7791 I FA      : App measurement disabled via the manifest
04-18 00:44:23.381  7760  7791 I FA      : App measurement initialized, version: 76011
04-18 00:44:23.381  7760  7791 I FA      : To enable debug logging run: adb shell setprop log.tag.FA VERBOSE
04-18 00:44:23.381  7760  7791 I FA      : To enable faster debug mode event logging run:
04-18 00:44:23.381  7760  7791 I FA      :   adb shell setprop debug.firebase.analytics.app com.osp.app.signin
04-18 00:44:23.385  7760  7773 I SamsungAccount: [SignatureInfoDbHelper] searchOnUser - [10/1y90e][app.shealth.][64/14aaf] => matched
04-18 00:44:23.385  7760  7773 I SamsungAccount: [SignatureInfoDbHelper] search - matched
04-18 00:44:23.385  7760  7773 I SamsungAccount: [SignatureCheckUtil] runCheckSignatureAsync(fromDb) - matched
04-18 00:44:23.385  7760  7773 I SamsungAccount: [AccountManagerProvider] This is the access of the allowed application
04-18 00:44:23.385  7760  7760 I SamsungAccount: [SignatureInfoDbHelper] getSignatureResult - [][app.shealth.]
04-18 00:44:23.387  7760  7760 I SamsungAccount: [SignatureInfoHelper] getClientIdFromMetaData : [10/1y90e]
04-18 00:44:23.387  7760  7760 I SamsungAccount: [SignatureInfoDbHelper] searchOnUser
04-18 00:44:23.390  7760  7760 I SamsungAccount: [SignatureInfoDbHelper] searchOnUser - [10/1y90e][app.shealth.][64/14aaf] => matched
04-18 00:44:23.390  7760  7760 I SamsungAccount: [SignatureInfoDbHelper] search - matched
04-18 00:44:23.390  7760  7760 I SamsungAccount: [SignatureCheckUtil] runCheckSignatureAsync(fromDb) - matched
04-18 00:44:23.390  7760  7760 I SamsungAccount: [AccountManagerUtil] setSamsungAccountManagedVisibilityIfNeeded - isInstalled : true, isAllowedApplication : true
04-18 00:44:23.390  7760  7760 I SamsungAccount: [AccountManagerUtil] getSamsungAccountVisibilityByPackageName
04-18 00:44:23.392  7760  7760 I SamsungAccount: [AccountManagerUtil] getSamsungAccountVisibilityByPackageName
04-18 00:44:23.394  7760  7760 I SamsungAccount: [AccountManagerUtil] setSamsungAccountManagedVisibilityIfNeeded - visibility : 2
04-18 00:44:23.407  7760  7760 I SamsungAccount: [DbManagerV2] getEmailID
04-18 00:44:23.407  7760  7760 I SamsungAccount: [DbManagerV2] getDataV02ForItems : EMAIL_ID from Db
04-18 00:44:23.410  5628  5714 W libprocessgroup: Failed to open /dev/blkio//cgroup.procs: No such file or directory
04-18 00:44:23.421   401   401 D BoundBrokerSvc: onBind: Intent { act=com.google.android.gms.measurement.START pkg=com.google.android.gms }
04-18 00:44:23.421   401   401 D BoundBrokerSvc: Loading bound service for intent: Intent { act=com.google.android.gms.measurement.START pkg=com.google.android.gms }
04-18 00:44:23.435  4613  4613 W keymaster_tee: [WRN]begin req PARAMS: A32 B2 P64
04-18 00:44:23.445  7760  7760 I SamsungAccount: [AccountManagerUtil] isSamsungAccountSignedIn : true
04-18 00:44:23.445  7760  7760 I SamsungAccount: [DeviceManager] SEP Platform version : 14.1
04-18 00:44:23.446  7760  7760 D SamsungAnalytics605054: [Tracker] Tracker start:6.05.054
04-18 00:44:23.451  7760  7800 I SamsungAccount: [ConsentWorkManager] startWorkerAfterCheckCondition
04-18 00:44:23.451  7760  7760 D DIAGMON_SDK: dma pkg:910501000
04-18 00:44:23.451  7760  7760 I SamsungAccount: [AnalyticsWorkManager] startWork
04-18 00:44:23.452  7760  7760 I SamsungAccount: [AnalyticsPref] setSaVersionStatus : 14.0.02.3
04-18 00:44:23.457  7760  7800 I SamsungAccount: [DeviceManager] isHeadlessDevice = false
04-18 00:44:23.457  7760  7800 I SamsungAccount: [ConsentWorkManager] checkWorkerIsRunning
04-18 00:44:23.458  7760  7760 I SamsungAccount: [AccountManagerUtil] isSamsungAccountSignedIn : true
04-18 00:44:23.458  7760  7760 I SamsungAccount: [AnalyticsPref] setSignedInStatus : 1
04-18 00:44:23.458  7760  7760 I SamsungAccount: [AccountDiagmonLogger] Diagmon Logger Init
04-18 00:44:23.458  7760  7760 I DIAGMON_SDK[605054]: DiagMonAgent type: 2
04-18 00:44:23.458  7760  7760 D DIAGMON_SDK[605054][773-399-565755] : setConfiguration type : CUSTOM
04-18 00:44:23.459  7760  7760 I DIAGMON_SDK[605054][773-399-565755] : generated SR object
04-18 00:44:23.461  7760  7760 I SamsungAccount: [DclPolicyJobService] polling job service was already scheduled (from:86400000 to:86400000)
04-18 00:44:23.461  7760  7760 I SamsungAccount: [SamsungAccount] initBixby2()
04-18 00:44:23.461  7760  7760 I CapsuleProvider_1.0.20: releasing initialize wait lock.
04-18 00:44:23.462  7760  7760 I SamsungAccount: [MobileServiceStateProxy] registerServiceStateForSesSdk : false
04-18 00:44:23.462  7760  7760 I SamsungAccount: [MobileServiceStateImpl] serviceName : AuthService
04-18 00:44:23.462  7760  7801 D SamsungAnalytics605054: do not send setting < 1day
04-18 00:44:23.462  7760  7760 I SamsungAccount: [MobileServiceStateProxy] registerServiceState, AuthService is added
04-18 00:44:23.462  7760  7760 I SamsungAccount: [MobileServiceStateImpl] serviceName : ProfileService
04-18 00:44:23.462  7760  7760 I SamsungAccount: [MobileServiceStateProxy] registerServiceState, ProfileService is added
04-18 00:44:23.462  7760  7760 I SamsungAccount: [MobileServiceStateImpl] serviceName : PlaceService
04-18 00:44:23.462  7760  7760 I SamsungAccount: [MobileServiceStateProxy] registerServiceState, PlaceService is added
04-18 00:44:23.464  7760  7801 D SamsungAnalytics605054: do not send setting < 1day
04-18 00:44:23.464  7760  7807 I SamsungAccount: [DclPolicyManager] 3.1.2 GET SERVICE POLICY
04-18 00:44:23.464  7760  7807 I SamsungAccount: [AccountManagerUtil] isSamsungAccountSignedIn : true
04-18 00:44:23.465  7760  7760 I SamsungAccount: [Migration]  startMigrationService : Migration was completed in the past! status - 2
04-18 00:44:23.466  7760  7760 I SamsungAccount: [EasySignUpMappingManager] requestMappingIfNeeded
04-18 00:44:23.466  7760  7760 I SamsungAccount: [OpenDBManager] isRequireEmailVerify
04-18 00:44:23.466  7760  7760 I SamsungAccount: [OpenDBManager] getTncCursor
04-18 00:44:23.466  7760  7760 I SamsungAccount: [OpenContentProvider]  URI : content://com.msc.openprovider.openContentProvider/tncRequest
04-18 00:44:23.466  7760  7760 I SamsungAccount: [AccountManagerUtil] isSamsungAccountSignedIn : true
04-18 00:44:23.466  7760  7760 I SamsungAccount: [SignatureCheckUtil] runCheckSignatureWithEmptyId
04-18 00:44:23.466  7760  7760 I SamsungAccount: [SignatureCheckUtil] runCheckSignatureAsync
04-18 00:44:23.466  7760  7760 I SamsungAccount: [SignaturePreconditionChecker] getSignatureResult - fromSesSdk : true
04-18 00:44:23.467  7760  7760 I SamsungAccount: [SignatureInfoDbHelper] getSignatureResult - [][app.signin.]
04-18 00:44:23.467  7760  7760 I SamsungAccount: [SignatureInfoDbHelper] searchOnUser
04-18 00:44:23.467  7760  7807 I SamsungAccount: [DclPolicyManager] Dcl policy : last server request time is not expired.
04-18 00:44:23.467  7760  7807 I SamsungAccount: [DclPolicyManager] Dcl policy : last server request time : 20230417211204
04-18 00:44:23.472  7760  7760 I SamsungAccount: [SignatureInfoDbHelper] searchOnUser - [][app.signin.][64/3291d] => matched
04-18 00:44:23.472  7760  7760 I SamsungAccount: [SignatureInfoDbHelper] search - matched
04-18 00:44:23.472  7760  7760 I SamsungAccount: [SignatureCheckUtil] runCheckSignatureAsync(fromDb) - matched
04-18 00:44:23.483  7760  7760 I SamsungAccount: [OpenDBManager] isRequireNameValid
04-18 00:44:23.483  7760  7760 I SamsungAccount: [OpenDBManager] getTncCursor
04-18 00:44:23.483  7760  7760 I SamsungAccount: [OpenContentProvider]  URI : content://com.msc.openprovider.openContentProvider/tncRequest
04-18 00:44:23.483  7760  7760 I SamsungAccount: [AccountManagerUtil] isSamsungAccountSignedIn : true
04-18 00:44:23.483  7760  7760 I SamsungAccount: [SignatureCheckUtil] runCheckSignatureWithEmptyId
04-18 00:44:23.483  7760  7760 I SamsungAccount: [SignatureCheckUtil] runCheckSignatureAsync
04-18 00:44:23.483  7760  7760 I SamsungAccount: [SignaturePreconditionChecker] getSignatureResult - fromSesSdk : true
04-18 00:44:23.483  7760  7760 I SamsungAccount: [SignatureInfoDbHelper] getSignatureResult - [][app.signin.]
04-18 00:44:23.484  7760  7760 I SamsungAccount: [SignatureInfoDbHelper] searchOnUser
04-18 00:44:23.486  7760  7760 I SamsungAccount: [SignatureInfoDbHelper] searchOnUser - [][app.signin.][64/3291d] => matched
04-18 00:44:23.486  7760  7760 I SamsungAccount: [SignatureInfoDbHelper] search - matched
04-18 00:44:23.486  7760  7760 I SamsungAccount: [SignatureCheckUtil] runCheckSignatureAsync(fromDb) - matched
04-18 00:44:23.488  7760  7760 I SamsungAccount: [DbManagerV2] getMccFromDB
04-18 00:44:23.488  7760  7760 I SamsungAccount: [DbManagerV2] getDataV02ForItems : MCC from Db
04-18 00:44:23.497  5628 11104 D PackageManager: setEnabledSetting : userId = 0 packageName = com.osp.app.signin cmp = androidx.work.impl.background.systemalarm.RescheduleReceiver newState = 1 callingPackage = 10104/com.osp.app.signin
04-18 00:44:23.498  5628 11104 D ApplicationPolicy: getApplicationStateEnabled : pkg = com.osp.app.signin userId : 0
04-18 00:44:23.498  5628 11104 D ApplicationPolicy: getApplicationComponentState : pkg = com.osp.app.signin userId : 0
04-18 00:44:23.500  4613  4613 W keymaster_tee: [WRN]begin req PARAMS: A32 B2 P64
04-18 00:44:23.503  7760  7811 D CompatibilityChangeReporter: Compat change id reported: 194532703; UID 10104; state: DISABLED
04-18 00:44:23.532  7760  7800 I SamsungAccount: [AccountManagerUtil] isSamsungAccountSignedIn : true
04-18 00:44:23.532  7760  7800 I SamsungAccount: [ConsentWorkManager] startWorkerAfterCheckCondition, isHeadlessDevice: false, isRunning : true, isSignOut : false
04-18 00:44:23.541  7760  7760 I SamsungAccount: [DataUtil] Not Skip Name Validation by accountMCC
04-18 00:44:23.542  7760  7760 I SamsungAccount: [OpenDBManager] requireEmailOrNameVerification : false
04-18 00:44:23.556  5628  8480 D SyncManager: userId - 0 auto - true
04-18 00:44:23.567  5250  5250 D Zygote  : Forked child process 7812
04-18 00:44:23.618  7812  7812 I d.mobileservice: Using CollectorTypeCC GC.
04-18 00:44:23.633  7812  7812 E d.mobileservice: Not starting debugger since process cannot load the jdwp agent.
04-18 00:44:23.645  7812  7812 W libc    : Access denied finding property "sys.perf.boostopt"
04-18 00:44:23.647  7812  7824 W libc    : Access denied finding property "sys.perf.boostopt"
04-18 00:44:23.647  7812  7812 D ActivityThread: setConscryptValidator
04-18 00:44:23.648  7812  7812 D ActivityThread: setConscryptValidator - put
04-18 00:44:23.666  7812  7827 W libc    : Access denied finding property "sys.perf.boostopt"
04-18 00:44:23.669  7812  7812 D CompatibilityChangeReporter: Compat change id reported: 171979766; UID 10107; state: ENABLED
04-18 00:44:23.816  4141  7825 I [SCSDK][C][1.0.04]: [DeviceUtil] : getMnc()
04-18 00:44:23.818  4141  7825 I [SCSDK][C][1.0.04]: [DeviceUtil] : getMcc()
04-18 00:44:24.024  4066  4066 I LiveIconUpdateEventHandler: onReceive: Intent { act=com.samsung.action.EVERY_MINUTE_CLOCK_UPDATE flg=0x10 }
04-18 00:44:24.024  4066  4066 I LiveIconUpdateEventHandler: onReceive: com.samsung.action.EVERY_MINUTE_CLOCK_UPDATE
04-18 00:44:24.025  4066  4128 I LiveIconUpdateEventHandler: LiveIcon DateChanged
04-18 00:44:24.025  4066  4128 I LiveIconUpdateEventHandler: updateLiveIcon type:0
04-18 00:44:24.028  4066  4128 I LiveIconUpdateEventHandler: cancelMinuteChangeAlarm
04-18 00:44:24.036  4066  4128 I LiveIconUpdateEventHandler: setMinuteChangeAlarm Tue Apr 18 00:45:00 GMT+02:00 2023
04-18 00:44:24.043  5628  8457 D NetdEventListenerService: DNS Requested by : 117, 10256
04-18 00:44:24.047  5628  8457 D NetdEventListenerService: DNS Requested by : 117, 10256
04-18 00:44:24.051  5628  8457 D NetdEventListenerService: DNS Requested by : 117, 10256
04-18 00:44:24.056  5628  8457 D NetdEventListenerService: DNS Requested by : 117, 10256
04-18 00:44:24.058  7812  7812 I FirebaseApp: Device unlocked: initializing all Firebase APIs for app [DEFAULT]
04-18 00:44:24.074  7812  7812 I FirebaseInitProvider: FirebaseApp initialization successful
04-18 00:44:24.082  7812  7812 E SEMS:DataAdapter_13.1.12: [SemsLog][main][GroupDBHelper] Instance null
04-18 00:44:24.124  7812  7812 I SEMS:Registration_13.1.12: [AuthLog][main][EsuAgentProvider] onCreate
04-18 00:44:24.124  7812  7812 I SEMS:Registration_13.1.12: [AuthLog][main][EsuAgentDBHelper] getInstance start null
04-18 00:44:24.124  7812  7812 I SEMS:Registration_13.1.12: [AuthLog][main][EsuAgentDBHelper] getInstance end
04-18 00:44:24.144  7812  7828 I SEMS:Registration_13.1.12: [AuthLog][binder:7812_3][EsuAgentProvider] uri : content://com.samsung.android.coreapps.easysignup.public/is_auth
04-18 00:44:24.150  7812  7812 I MobileServiceApplication: onCreate
04-18 00:44:24.159  7812  7812 I DIAGMON_SDK[605055]: DiagMonAgent type: 2
04-18 00:44:24.160  7812  7812 I DIAGMON_SDK[605055][sebzp6l7wd] : generated SR object
04-18 00:44:24.167  7812  7812 I SEMS:Common_13.1.12: [CommonLog][main][MobileServiceCommon] init
04-18 00:44:24.167  7812  7812 I SEMS:Common_13.1.12: [CommonLog][main][SALogger] Init SamsungAnalytics Start
04-18 00:44:24.174  7812  7812 I SEMS:Common_13.1.12: [CommonLog][main][SALogger] Init SamsungAnalytics Completed
04-18 00:44:24.175  7812  7812 I SEMS:DataAdapter_13.1.12: [][main][MobileServiceDataAdapter] init
04-18 00:44:24.177  7812  7812 I SEMS:SupportedService_13.1.12: [][main][MobileServiceSupportedService] init
04-18 00:44:24.178  7812  7812 I SEMS:SupportedService_13.1.12: [][main][MobileServiceState] init
04-18 00:44:24.178  7812  7812 I SEMS:SupportedService_13.1.12: [][main][MobileServiceState] registerServiceState done
04-18 00:44:24.192  4613  4613 W keymaster_tee: [WRN]begin req PARAMS: A32 B2 P64
04-18 00:44:24.203  7812  7812 I SEMS:Common_13.1.12: [CommonLog][main][SaServiceUtil] guid : 9q*****yg*, at : Hg*****5s*, issuedTime : 16*****74****
04-18 00:44:24.205  7812  7812 I SEMS:Common_13.1.12: [CommonLog][main][NumberUtils] getIso3CCFromMCC : mcc = 220 / countryCode = SRB
04-18 00:44:24.205  7812  7812 I SEMS:Common_13.1.12: [CommonLog][main][DeviceUtils] isShipBinary :true
04-18 00:44:24.207  7812  7812 I SEMS:SupportedService_13.1.12: [][main][MobileServiceSocialPolicy] MobileServiceSocialPolicy created
04-18 00:44:24.210  7812  7812 I SEMS:Common_13.1.12: [CommonLog][main][DeviceUtils] isSamsungAccountSignedIn : true
04-18 00:44:24.226  7812  7812 I SEMS:SupportedService_13.1.12: [][main][ServerDomainPolicy] updateServerDomain
04-18 00:44:24.226  7812  7812 I SEMS:SupportedService_13.1.12: [][main][SettingPolicy] loadSetting
04-18 00:44:24.227  7812  7812 I SEMS:Registration_13.1.12: [AgreementLog][main][MobileServiceAgreement] init.
04-18 00:44:24.230  7812  7812 I SEMS:Common_13.1.12: [CommonLog][main][DeviceUtils] isSamsungAccountSignedIn : true
04-18 00:44:24.230  7812  7812 I SEMS:Registration_13.1.12: [AgreementLog][main][MobileServiceAgreement] cancelTermsCheckJobService
04-18 00:44:24.233  7812  7812 I SEMS:Registration_13.1.12: [AuthLog][main][MobileServiceDeviceAuth] init
04-18 00:44:24.235  7812  7812 I SEMS:Registration_13.1.12: [AuthLog][main][CoreAppsFeature] CoreAppsFeature init start init flag : false, invalidate : false
04-18 00:44:24.235  7812  7812 I SEMS:Registration_13.1.12: [AuthLog][main][CoreAppsFeature] device check : true, false
04-18 00:44:24.235  7812  7812 I SEMS:Registration_13.1.12: [AuthLog][main][CoreAppsFeature] supportServiceMap : {4=true, 3=false, 2=true, 1=false, 0=true}
04-18 00:44:24.235  7812  7812 I SEMS:Common_13.1.12: [CommonLog][main][CommonPref] getBoolean - key : push_migration_done , value : true
04-18 00:44:24.236  7812  7812 I SEMS:Registration_13.1.12: [PushLog][main][SmpManager] Instance created
04-18 00:44:24.236  7812  7812 I SEMS:Registration_13.1.12: [PushLog][main][SmpManager] registerMessageCallback - 0
04-18 00:44:24.238  7812  7812 I SEMS:Registration_13.1.12: [PushLog][main][SmpManager] registerTokenCallback
04-18 00:44:24.238  7812  7897 I SEMS:SupportedService_13.1.12: [][RxCachedThreadScheduler-2][ServerDomainPolicy] updateServerInterface: SocialServerDomainAddress  empty server domain
04-18 00:44:24.238  7812  7812 I SEMS:Registration_13.1.12: [AuthLog][main][MobileServiceDeviceAuth] VERSION : 13.1.12.3
04-18 00:44:24.238  7812  7897 I SEMS:Common_13.1.12: [CommonLog][RxCachedThreadScheduler-2][DeviceUtils] isShipBinary :true
04-18 00:44:24.238  7812  7812 I SEMS:Registration_13.1.12: [AgreementLog][main][MobileServiceAgreement] lateInit
04-18 00:44:24.238  7812  7897 I SEMS:DataAdapter_13.1.12: [][RxCachedThreadScheduler-2][NetworkManager] removeAllSsfClient
04-18 00:44:24.238  7812  7812 I SEMS:Registration_13.1.12: [AgreementLog][main][AgreementPao] getPreference : key = force_reagree_for_korea_model / defaultValue = true / ret = false
04-18 00:44:24.238  7812  7897 I SEMS:SupportedService_13.1.12: [][RxCachedThreadScheduler-2][ServerDomainPolicy] updateServerInterface: ConsentServerDomainAddress  empty server domain
04-18 00:44:24.238  7812  7897 I SEMS:Common_13.1.12: [CommonLog][RxCachedThreadScheduler-2][DeviceUtils] isShipBinary :true
04-18 00:44:24.238  7812  7812 I SEMS:Registration_13.1.12: [ActivateLog][main][MobileServiceActivate] lateInit
04-18 00:44:24.241  7812  7828 I SEMS:Common_13.1.12: [CommonLog][binder:7812_3][SimUtil] MultiSimManagerCompat.getInstance().getDefaultSubId(2) = 2, slotId = 1
04-18 00:44:24.246  7760  7760 I SamsungAccount: [EasySignUpMappingManager] needToCallMapping - result : false
04-18 00:44:24.247  7760  7760 I SamsungAccount: [SamsungService(Application)] onCreate END
04-18 00:44:24.247  7812  7812 I SEMS:Common_13.1.12: [CommonLog][main][LocalBroadcastUtil] register
04-18 00:44:24.248  7812  7812 I SEMS:Registration_13.1.12: [ActivateLog][main][ActivatePref] getCheckReActivationTime : 1681766903134
04-18 00:44:24.258  7812  7900 I SEMS:SupportedService_13.1.12: [][RxCachedThreadScheduler-3][SettingPolicy] updateSettingValues: {GlobalGroupSharingEos=1, CalendarCleanDuplicateInterval=null}
04-18 00:44:24.258  7812  7900 I SEMS:SupportedService_13.1.12: [][RxCachedThreadScheduler-3][SettingPolicy] updateSettingValues: Setting {GlobalGroupSharingEos=1, CalendarCleanDuplicateInterval=null}
04-18 00:44:24.258  7812  7900 I SEMS:SupportedService_13.1.12: [][RxCachedThreadScheduler-3][MobileServiceSupportedService] load success
04-18 00:44:24.261  7812  7812 I Policy_13.1.12: [main][GetServicePolicyUseCase] getServicePolicy
04-18 00:44:24.264  7812  7896 I Policy_13.1.12: [RxCachedThreadScheduler-1][MobileServicePolicy] scheduleJob success : 86400000
04-18 00:44:24.270  7812  7896 I Policy_13.1.12: [RxCachedThreadScheduler-1][GetPolicyJobService] polling job service was already scheduled (from:86400000 to:86400000)
04-18 00:44:24.270  7812  7896 I SEMS:SupportedService_13.1.12: [][RxCachedThreadScheduler-1][MobileServiceSupportedService] MobileServiceSocialPolicy init completed
04-18 00:44:24.278  7812  7905 E SEMS:Social_13.1.12: [BLog][RxComputationThreadPool-1][ConditionRepositoryImpl] checkLegacy error
04-18 00:44:24.285  7812  7812 I SEMS:Social_13.1.12: [SLog][main][DateTakenMigrationTask] start checkAndRequestMigration : true
04-18 00:44:24.286  7760  7906 I SamsungAccount: [SamsungAnalyticsWrapper] setSessionId
04-18 00:44:24.286  7812  7905 I SEMS:Social_13.1.12: [BLog][RxComputationThreadPool-1][ContactObserver] schedule success
04-18 00:44:24.286  7812  7905 I SEMS:Registration_13.1.12: [PushLog][RxComputationThreadPool-1][SmpManager] registerMessageCallback - 9
04-18 00:44:24.286  7812  7812 I SEMS:Social_13.1.12: [SLog][main][LastModifierMigrationTask] start checkAndRequestMigration : true
04-18 00:44:24.287  7812  7812 I SEMS:Social_13.1.12: [ContactLog][main][MobileServiceContactHash] MobileServiceLocalContact init
04-18 00:44:24.288  7812  7812 I SEMS:Social_13.1.12: [ContactLog][main][ContactHashObserverService] scheduleJob
04-18 00:44:24.288  7760  7789 I WM-WorkerWrapper: Worker result SUCCESS for Work [ id=05c9ac8a-3482-41c7-a33c-fc568a296f23, tags={ REFRESH_SESSION_ID, com.samsung.android.samsungaccount.utils.samsunganalytics.AnalyticsWorker } ]
04-18 00:44:24.291  7812  7812 I SEMS:Common_13.1.12: [CommonLog][main][DeviceUtils] isSamsungAccountSignedIn : true
04-18 00:44:24.294  7812  7812 I SEMS:Social_13.1.12: [ContactLog][main][ContactHashObserverService] scheduled: true
04-18 00:44:24.304  7812  7812 I SEMS:Social_13.1.12: [ContactLog][main][PreferenceSourceImpl] getContactLastUpdatedTime: 1681368523559
04-18 00:44:24.304  7812  7812 I SEMS:Social_13.1.12: [ContactLog][main][MobileServiceContactHash] MobileServiceContactHash init complete
04-18 00:44:24.304  7812  7812 I SEMS:Common_13.1.12: [CommonLog][main][PeriodicJobUtil] scheduleJob
04-18 00:44:24.313  7812  7812 I SEMS:Common_13.1.12: [CommonLog][main][PeriodicJobUtil] job service was already scheduled : 21600000
04-18 00:44:24.313  7812  7812 I SEMS:Social_13.1.12: [][main][MobileServiceSocialApplication] init start
04-18 00:44:24.318  7812  7812 I SEMS:Registration_13.1.12: [PushLog][main][SmpManager] registerMessageCallback - 7
04-18 00:44:24.318  7812  7812 I SEMS:Registration_13.1.12: [PushLog][main][SmpManager] registerMessageCallback - 8
04-18 00:44:24.318  7812  7812 I SEMS:Social_13.1.12: [SLog][main][ShareCommonAPI] init
04-18 00:44:24.319  5628 11430 D PackageManager: setEnabledSetting : userId = 0 packageName = com.samsung.android.mobileservice cmp = androidx.work.impl.background.systemjob.SystemJobService newState = 1 callingPackage = 10107/com.samsung.android.mobileservice
04-18 00:44:24.322  5628 11430 D ApplicationPolicy: getApplicationStateEnabled : pkg = com.samsung.android.mobileservice userId : 0
04-18 00:44:24.323  5628 11430 D ApplicationPolicy: getApplicationComponentState : pkg = com.samsung.android.mobileservice userId : 0
04-18 00:44:24.340  7812  7897 I SEMS:Social_13.1.12: [BLog][RxCachedThreadScheduler-2][AccountBuddy] AccountBuddy init success
04-18 00:44:24.348  7812  7812 I SEMS:Registration_13.1.12: [PushLog][main][SmpManager] registerMessageCallback - 12
04-18 00:44:24.348  7812  7812 I SEMS:Social_13.1.12: [CLog][main][ObserverJobService] scheduleJob for calendar
04-18 00:44:24.352  7812  7812 I SEMS:Social_13.1.12: [CLog][main][ObserverJobService] scheduled: true
04-18 00:44:24.352  7812  7812 I SEMS:Social_13.1.12: [CLog][main][RecoveryJobService] scheduleJob
04-18 00:44:24.361  7812  7812 I SEMS:Social_13.1.12: [CLog][main][RecoveryJobService] scheduled: true
04-18 00:44:24.361  7812  7812 I SEMS:Social_13.1.12: [CLog][main][PeriodJobService] scheduleJob
04-18 00:44:24.362  7812  7812 I SEMS:Common_13.1.12: [CommonLog][main][PeriodicJobUtil] registerJob : DeleteDuplicate
04-18 00:44:24.362  7812  7812 I Policy_13.1.12: [main][GetServicePolicyUseCase] getServicePolicy
04-18 00:44:24.363  7812  7812 I SEMS:Social_13.1.12: [GLog][main][InvitationLinkAppPolicy] start loadFromPolicy policy
04-18 00:44:24.363  7812  7812 I Policy_13.1.12: [main][GetServicePolicyUseCase] getServicePolicy
04-18 00:44:24.368  7812  7900 I SEMS:Social_13.1.12: [GLog][RxCachedThreadScheduler-3][InvitationLinkAppPolicy] doOnComplete {22n6hzkam0=SUPPORT_INVITATION_LINK, n9s985jz7n=SUPPORT_INVITATION_LINK, tivhn39mr9=SUPPORT_INVITATION_LINK_WITH_PERMISSION}
04-18 00:44:24.370  7812  7812 I SEMS:Social_13.1.12: [][main][MobileServiceSocialApplication] init end
04-18 00:44:24.371  7812  7812 I SEMS:Common_13.1.12: [CommonLog][main][DeviceUtils] isShipBinary :true
04-18 00:44:24.371  7812  7896 I Policy_13.1.12: [RxCachedThreadScheduler-1][MobileServicePolicy] getServicePolicy with serviceName success
04-18 00:44:24.371  7812  7812 I SEMS:GroupUi: [GroupUi][main] [MobileServiceGroupUiApplication] init application
04-18 00:44:24.380  7812  7812 I Policy_13.1.12: [main][GetServicePolicyUseCase] getServicePolicy
04-18 00:44:24.397  7812  7812 I SEMS:Common_13.1.12: [CommonLog][main][CscUtil] getCountryCodeFromCSC : RU
04-18 00:44:24.397  7812  7812 I SEMS:Common_13.1.12: [CommonLog][main][CscUtil] isChinaCountryCode : false
04-18 00:44:24.400  7812  7812 I SEMS:Registration_13.1.12: [PushLog][main][SmpManager] setFirebaseAutoInitEnabled : setAutoInitEnabled = true
04-18 00:44:24.405  7812  7900 I Policy_13.1.12: [RxCachedThreadScheduler-3][MobileServicePolicy] getServicePolicy success
04-18 00:44:24.412  7812  7812 I SEMS:Common_13.1.12: [CommonLog][main][DeviceUtils] isSamsungAccountSignedIn : true
04-18 00:44:24.413  7812  7812 I SEMS:Common_13.1.12: [CommonLog][main][CommonPref] getBoolean - key : sa_reagree_state , value : false
04-18 00:44:24.415  7812  7812 I SEMS:Registration_13.1.12: [][main][CscChecker] MCC based : mcc = 220 / type = 0
04-18 00:44:24.415  7812  7812 I SEMS:Registration_13.1.12: [][main][CscChecker] MCC based : mcc = 220 / type = 0
04-18 00:44:24.416  7812  7812 I SEMS:Registration_13.1.12: [][main][CscChecker] MCC based : mcc = 220 / type = 0
04-18 00:44:24.416  7812  7812 I SEMS:Registration_13.1.12: [PushLog][main][SmpManager] init: request
04-18 00:44:24.418  7812  7812 I SmpLog  : [SMP] init. S:true P:FCM_PRIMARY_MODE A:a
04-18 00:44:24.444  7812  7913 I SmpLog  : [SMP] Test mode: false, v:3.3.1.1, com.samsung.android.mobileservice
04-18 00:44:24.451  7812  7913 I SmpLog  : [SMP] ptype:fcm, token:...vu (152), D:null, U:null, S:false, M:null, P:FCM_PRIMARY_MODE
04-18 00:44:24.455  7812  7913 I SmpLog  : [SMP] SEND BR : smp init success
04-18 00:44:24.463  7812  7900 I SEMS:SupportedService_13.1.12: [][RxCachedThreadScheduler-3][DclDataManager] loadDclProfile finished
04-18 00:44:24.474  7812  7812 I SEMS:Social_13.1.12: [CLog][main][RecoveryJobService] onStartJob
04-18 00:44:24.477  7812  7812 I SEMS:Common_13.1.12: [CommonUILog][main][PermissionManager] requestPermissionSocial return true
04-18 00:44:24.487  7812  7812 I SEMS:Social_13.1.12: [CLog][main][PreferenceDataRepository] getRecoveryVersion: 4, default: 1
04-18 00:44:24.886  5250  5250 D Zygote  : Forked child process 7926
04-18 00:44:24.945  7926  7926 I oid.app.shealth: Using CollectorTypeCC GC.
04-18 00:44:24.957  7926  7926 E oid.app.shealth: Not starting debugger since process cannot load the jdwp agent.
04-18 00:44:24.966  7926  7926 W libc    : Access denied finding property "sys.perf.boostopt"
04-18 00:44:24.966  5224  5224 E audit   : type=1400 audit(1681771464.962:59926): avc:  denied  { read } for  pid=7926 comm="oid.app.shealth" name="u:object_r:perf_prop:s0" dev="tmpfs" ino=16829 scontext=u:r:sec_untrusted_app:s0:c512,c768 tcontext=u:object_r:perf_prop:s0 tclass=file permissive=0 SEPF_SM-A515F_13_0001 audit_filtered
04-18 00:44:24.966  5224  5224 E audit   : type=1300 audit(1681771464.962:59926): arch=c00000b7 syscall=56 success=no exit=-13 a0=ffffff9c a1=7ffbc769b8 a2=88000 a3=0 items=0 ppid=5250 pid=7926 auid=4294967295 uid=10256 gid=10256 euid=10256 suid=10256 fsuid=10256 egid=10256 sgid=10256 fsgid=10256 tty=(none) ses=4294967295 comm="oid.app.shealth" exe="/system/bin/app_process64" subj=u:r:sec_untrusted_app:s0:c512,c768 key=(null)
04-18 00:44:24.966  5224  5224 E audit   : type=1327 audit(1681771464.962:59926): proctitle="zygote64"
04-18 00:44:24.969  5224  5224 E audit   : type=1400 audit(1681771464.962:59927): avc:  denied  { read } for  pid=7926 comm="binder:7926_1" name="u:object_r:perf_prop:s0" dev="tmpfs" ino=16829 scontext=u:r:sec_untrusted_app:s0:c512,c768 tcontext=u:object_r:perf_prop:s0 tclass=file permissive=0 SEPF_SM-A515F_13_0001 audit_filtered
04-18 00:44:24.970  7926  7926 D ActivityThread: setConscryptValidator
04-18 00:44:24.970  7926  7938 W libc    : Access denied finding property "sys.perf.boostopt"
04-18 00:44:24.970  7926  7926 D ActivityThread: setConscryptValidator - put
04-18 00:44:24.983  7926  7938 W libc    : Access denied finding property "sys.perf.boostopt"
04-18 00:44:24.990  7926  7926 D CompatibilityChangeReporter: Compat change id reported: 171979766; UID 10256; state: ENABLED
04-18 00:44:25.040  4141  4667 W StepServerDataSyncReceiver: [STB SS] status = true, false
04-18 00:44:25.202  4376  4376 I lmkd    : 2(delay), 0(swap), 0(freelimit), 0(reentrymode) memory pressure events were skipped after a kill!
04-18 00:44:25.202  4376  4376 I lmkd    : cached 2, sandbox(not0) 0
04-18 00:44:25.207  4376  4376 I lmkd    : Reclaim 'com.aura.oobe.samsung.gl' (6909), uid 10053, oom_score_adj 955, state 19 to free 71744kB rss, 28296kb swap
04-18 00:44:25.207  4376  4376 I lmkd    : Reclaimed 100040kB at oom_score_adj 850
04-18 00:44:25.211  5628  8409 I ChimeraAggressivePolicyHandler: executePolicy() - triggerSource: TRIGGER_SOURCE_LMKD
04-18 00:44:25.213  5628  8409 I ChimeraAggressivePolicyHandler: available memory: 957304, free memory target: 870400, quit chimera
04-18 00:44:25.257  5250  5250 I Zygote  : Process 6909 exited due to signal 9 (Killed)
04-18 00:44:25.258  5628  5712 I libprocessgroup: Successfully killed process cgroup uid 10053 pid 6909 in 2ms
04-18 00:44:25.264  7170  7170 I ContactsProvider: onTrimMemory-success
04-18 00:44:25.771  5628  9811 D SemWifiUsabilityStatsMonitor: onWifiUsabilityStats - seqNum 23636, isSameBssidAndFreq true
04-18 00:44:25.774  5628  8422 I SemWifiLinkQualityMonitor: Link Qos Query: 0.021 ms / 377.267 Mbps (433 / 0.000 / 1.148)
04-18 00:44:26.011  7926  7926 I FirebaseInitProvider: FirebaseApp initialization successful
04-18 00:44:26.060  7926  7926 I CapsuleProvider_1.0.11: onCreate
04-18 00:44:26.065  7926  7926 I CapsuleProvider_1.0.11: ApplicationTriggerReceiver registered
04-18 00:44:26.137  7926  7926 I SHEALTH#OOBEManager: init state: NOT_NEEDED / main
04-18 00:44:26.158  7926  7926 I SHEALTH#MetaDataUtil: version: 2.6
04-18 00:44:26.164  7926  7926 I SHEALTH#DevStage: setStage : ProdFinal
04-18 00:44:26.177  4376  4376 I lmkd    : cached 2, sandbox(not0) 0
04-18 00:44:26.182  4376  4376 I lmkd    : Reclaim 'com.google.android.googlequicksearchbox:search' (7348), uid 10233, oom_score_adj 955, state 19 to free 131352kB rss, 28988kb swap
04-18 00:44:26.183  4376  4376 I lmkd    : Reclaimed 160340kB at oom_score_adj 850
04-18 00:44:26.232  5628  9229 D ConnectivityService: ConnectivityService NetworkRequestInfo binderDied(uid/pid:10233/7348, [NetworkRequest [ REQUEST id=15797, [ Capabilities: INTERNET&NOT_RESTRICTED&TRUSTED&NOT_VCN_MANAGED Uid: 10233 RequestorUid: 10233 RequestorPkg: com.google.android.googlequicksearchbox UnderlyingNetworks: Null] ]], android.os.BinderProxy@9171c06)
04-18 00:44:26.233  5628  8367 D ConnectivityService: releasing NetworkRequest [ REQUEST id=15797, [ Capabilities: INTERNET&NOT_RESTRICTED&TRUSTED&NOT_VCN_MANAGED Uid: 10233 RequestorUid: 10233 RequestorPkg: com.google.android.googlequicksearchbox UnderlyingNetworks: Null] ] (release request)
04-18 00:44:26.233  5628  8367 D ConnectivityService:  Removing from current network [117 WIFI], leaving 156 requests.
04-18 00:44:26.234 29492 29737 I A       : processToken binder died, :search process likely died
04-18 00:44:26.235  5250  5250 I Zygote  : Process 7348 exited due to signal 9 (Killed)
04-18 00:44:26.240 29492 29694 W io.grpc.binder.a.k: Failed sending oob close transaction
04-18 00:44:26.240 29492 29694 W io.grpc.binder.a.k: io.grpc.StatusException: UNAVAILABLE
04-18 00:44:26.240 29492 29694 W io.grpc.binder.a.k: 	at io.grpc.Status.asException(PG:1)
04-18 00:44:26.240 29492 29694 W io.grpc.binder.a.k: 	at io.grpc.binder.a.k.r(PG:3)
04-18 00:44:26.240 29492 29694 W io.grpc.binder.a.k: 	at io.grpc.binder.a.x.h(PG:9)
04-18 00:44:26.240 29492 29694 W io.grpc.binder.a.k: 	at io.grpc.binder.a.e.run(PG:4)
04-18 00:44:26.240 29492 29694 W io.grpc.binder.a.k: 	at com.google.android.libraries.i.y.run(PG:1)
04-18 00:44:26.240 29492 29694 W io.grpc.binder.a.k: 	at java.util.concurrent.ThreadPoolExecutor.runWorker(ThreadPoolExecutor.java:1137)
04-18 00:44:26.240 29492 29694 W io.grpc.binder.a.k: 	at java.util.concurrent.ThreadPoolExecutor$Worker.run(ThreadPoolExecutor.java:637)
04-18 00:44:26.240 29492 29694 W io.grpc.binder.a.k: 	at com.google.android.libraries.i.g.run(PG:2)
04-18 00:44:26.240 29492 29694 W io.grpc.binder.a.k: 	at java.lang.Thread.run(Thread.java:1012)
04-18 00:44:26.240 29492 29694 W io.grpc.binder.a.k: 	at com.google.android.libraries.i.ah.run(PG:5)
04-18 00:44:26.240 29492 29694 W io.grpc.binder.a.k: Caused by: android.os.DeadObjectException
04-18 00:44:26.240 29492 29694 W io.grpc.binder.a.k: 	at android.os.BinderProxy.transactNative(Native Method)
04-18 00:44:26.240 29492 29694 W io.grpc.binder.a.k: 	at android.os.BinderProxy.transact(BinderProxy.java:662)
04-18 00:44:26.240 29492 29694 W io.grpc.binder.a.k: 	at io.grpc.binder.a.ah.c(PG:1)
04-18 00:44:26.240 29492 29694 W io.grpc.binder.a.k: 	at io.grpc.binder.a.ag.a(PG:2)
04-18 00:44:26.240 29492 29694 W io.grpc.binder.a.k: 	at io.grpc.binder.a.k.r(PG:2)
04-18 00:44:26.240 29492 29694 W io.grpc.binder.a.k: 	... 8 more
04-18 00:44:26.241  5628  5712 I libprocessgroup: Successfully killed process cgroup uid 10233 pid 7348 in 3ms
04-18 00:44:26.265  8492  8492 D SystemUIService: SYSUI_RAM_OPTIMIZATION onTrimMemory=10
04-18 00:44:26.274 11006 11006 W DMASA[U]: [AppLogData]onTrimMemory(10):1681771466273
04-18 00:44:26.277  6504  6504 W SmApplication: onTrimMemory : 10
04-18 00:44:26.278  5900  5900 I com.samsung.android.companionservice.service.WRCompanionServiceInterface: requestOnTrimMemory + level=10
04-18 00:44:26.278  9284  9284 W DeviceManager_FLP: onTrimMemory : 10
04-18 00:44:26.278  7569  7569 I SCS@AiSearch user 0: (SearchProvider) onTrimMemory(): 80
04-18 00:44:26.278  5900  5900 I [WF]_WatchFaceCompanion: onTrimMemory 10
04-18 00:44:26.279  9284  9353 I GpsSessionManager_FLP: arrangeInvalidSessions
04-18 00:44:26.280 28537 28537 I DWBTrimMemDispatcher: onTrimMemory(10)
04-18 00:44:26.286  8513  8513 D SystemUIService: SYSUI_RAM_OPTIMIZATION onTrimMemory=10
04-18 00:44:26.286 28978 28978 I AiAi    : onTrimMemory() with level 10
04-18 00:44:26.290 11006 11006 I id.diagmonagent: Explicit concurrent copying GC freed 492(64KB) AllocSpace objects, 0(0B) LOS objects, 69% free, 2686KB/8830KB, paused 207us,72us total 15.138ms
04-18 00:44:26.291 11006 11006 W DMASA[C]: [DiagMonAgentApplication]onTrimMemory (10)
04-18 00:44:26.293 18530 18530 I Finsky  : [2] tes.onTrimMemory(1): Memory trim requested to level 10
04-18 00:44:26.296  6090  6090 I AppBase : AppBase.onTrimMemory():498 onTrimMemory(): 10
04-18 00:44:26.299  6090  6090 I GoogleInputMethodService: GoogleInputMethodService.onTrimMemory():4517 onTrimMemory(): 10
04-18 00:44:26.487  4141  4667 I SHEALTH#TodayDataManager: SKIP, not initialized.
04-18 00:44:26.502  7926  7926 I CapsuleProvider_1.0.11: releasing initialize wait lock.
04-18 00:44:26.505  7926  7926 E MemoryLeakHandler: initialize - not working for release
04-18 00:44:26.509  7926  7985 I SHEALTH#RestrictionManager: init state: NONE / main
04-18 00:44:26.523  7760  7773 I SamsungAccount: [AccountManagerProvider] Calling package : app.shealth.
04-18 00:44:26.523  7760  7773 I SamsungAccount: [SignatureCheckUtil] runCheckSignatureAsync
04-18 00:44:26.523  7760  7773 I SamsungAccount: [SignaturePreconditionChecker] getSignatureResult - fromSesSdk : false
04-18 00:44:26.524  7760  7773 I SamsungAccount: [SignatureInfoDbHelper] getSignatureResult - [10/1y90e][app.shealth.]
04-18 00:44:26.524  7760  7773 I SamsungAccount: [SignatureInfoDbHelper] searchOnUser
04-18 00:44:26.542  7926  7926 I ApplicationTriggerReceiver: onReceived()
04-18 00:44:26.546  7760  7773 I SamsungAccount: [SignatureInfoDbHelper] searchOnUser - [10/1y90e][app.shealth.][64/14aaf] => matched
04-18 00:44:26.546  7760  7773 I SamsungAccount: [SignatureInfoDbHelper] search - matched
04-18 00:44:26.546  7760  7773 I SamsungAccount: [SignatureCheckUtil] runCheckSignatureAsync(fromDb) - matched
04-18 00:44:26.546  7760  7773 I SamsungAccount: [AccountManagerProvider] This is the access of the allowed application
04-18 00:44:26.550  7926  7926 I ApplicationTriggerReceiver: ApplicationTriggerReceiver unRegistered
04-18 00:44:26.571  7926  7926 I SHEALTH#HealthDataStoreManager: onConnected (7926)
04-18 00:44:26.625  7926  7985 I DIAGMON_SDK[605030]: DefaultNetwork : true
04-18 00:44:26.625  7926  7985 I DIAGMON_SDK[605030]: globalNetworkMode : false
04-18 00:44:26.662  7926  7985 I DIAGMON_SDK[605030][707-399-5110053] : SetConfiguration
04-18 00:44:26.677  7926  7985 I DIAGMON_SDK[605030][707-399-5110053] : generated SR object
04-18 00:44:26.756  4141  4667 I SHEALTH#StartForegroundServicePolicy: case 6. After Android P device.
04-18 00:44:26.758  4141  4667 I SHEALTH#SFN_Manager: [FGMode] 9, false, 0, 100003
04-18 00:44:26.784  7760  7773 I SamsungAccount: [AccountManagerProvider] Calling package : app.shealth.
04-18 00:44:26.784  7760  7773 I SamsungAccount: [SignatureCheckUtil] runCheckSignatureAsync
04-18 00:44:26.784  7760  7773 I SamsungAccount: [SignaturePreconditionChecker] getSignatureResult - fromSesSdk : false
04-18 00:44:26.784  7760  7773 I SamsungAccount: [SignatureInfoDbHelper] getSignatureResult - [10/1y90e][app.shealth.]
04-18 00:44:26.784  7760  7773 I SamsungAccount: [SignatureInfoDbHelper] searchOnUser
04-18 00:44:26.784  4141  4667 I SHEALTH#SFN_Manager: [TOSN] SN 42, 2, 0, 7701
04-18 00:44:26.798  7760  7773 I SamsungAccount: [SignatureInfoDbHelper] searchOnUser - [10/1y90e][app.shealth.][64/14aaf] => matched
04-18 00:44:26.798  7760  7773 I SamsungAccount: [SignatureInfoDbHelper] search - matched
04-18 00:44:26.798  7760  7773 I SamsungAccount: [SignatureCheckUtil] runCheckSignatureAsync(fromDb) - matched
04-18 00:44:26.798  7760  7773 I SamsungAccount: [AccountManagerProvider] This is the access of the allowed application
04-18 00:44:26.799  5628 11254 D ApplicationPolicy: isStatusBarNotificationAllowedAsUser: packageName = com.sec.android.app.shealth,userId = 0
04-18 00:44:26.805  5628 11254 D ApplicationPolicy: isStatusBarNotificationAllowedAsUser: packageName = com.sec.android.app.shealth,userId = 0
04-18 00:44:26.811  4141  4667 I SHEALTH#WidgetManager: updateWidgets - C : 0 status : 0 device type : 100003 caller = TodayDataManager - sendResponse
04-18 00:44:26.823  4141  4667 I SHEALTH#WidgetUtil: [RO] isSensorAvailable : false isHeartRateAllowed : true
04-18 00:44:26.824  4141  4667 I SHEALTH#StepsWidgetView: [RO] mContext = com.samsung.android.app.shealth.SHealthApplication@54be43c, mAppWidgetId = 14, mDayData = TS: 1681768800000 TU: 86400000 CA: 0.0 D: 0.0 C: 0 TU: 86400000 S: 0.0 R: 0 W: 0 H: 0 A: 0.0 RE: 6000 DT: 100003 NO: false HE: 0 NH: 0 IN: 0 ST: 0, mIsSetting = false, mIsHrSupported : false, mStatus : 9, mIsSamsungTablet : false
04-18 00:44:26.824  4141  4667 I SHEALTH#StepsWidgetView: [RO] mTheme : 0, mTransparency : 0, mMatchWithDarkMode : true
04-18 00:44:26.827  4141  4667 I SHEALTH#StepsWidgetView: [RO] minWidth = 354, minHeight = 49, maxWidth = 806, maxHeight = 117
04-18 00:44:26.828  4141  4667 I SHEALTH#StepsWidgetView: [RO] columnSpan : -1, rowSpan : -1
04-18 00:44:26.846  4141  4667 I SHEALTH#WidgetUtil: [RO] samsunghome
04-18 00:44:26.846  4141  4667 I SHEALTH#WidgetUtil: [RO] not dcmhome
04-18 00:44:26.846  4141  4667 I SHEALTH#StepsWidgetView: [RO] defaultHomePackageName : com.sec.android.app.launcher, isSamsungHome : true, isDcmHome : false
04-18 00:44:26.847  4141  4667 I SHEALTH#StepsWidgetView: [RO] cellWidth : 116, cellHeight : 157, spanX : 4, dcmCellWidth : 100, dcmCellHeight : 110, dcmSpanX : 4}
04-18 00:44:26.847  4141  4667 I SHEALTH#StepsWidgetView: [RO] isDcmHome: false isDcmMinHeightCase: false isNormalMinHeightCase: false
04-18 00:44:26.847  4141  4667 I SHEALTH#StepsWidgetView: [RO] isStepPaused : false
04-18 00:44:26.850  4141  4667 I SHEALTH#StepsWidgetView: [RO] portraitRemoteViews : android.widget.RemoteViews@30dacc9, landscapeRemoteViews : android.widget.RemoteViews@3edffce, remoteViews : android.widget.RemoteViews@79adeef
