04-19 16:01:53.727 21481 21923 I SamsungCalendar$SamsungCalendarNoti: [EventNotificationModelImpl] alertCursor result: alarmTime:1681912913486 alertId:172 eventId:1154 state: 0 minutes:0 declined:false beginTime:1681912800000 endMinute:1681914600000 allDay:false newAlertOverride: true
04-19 16:01:53.744 21481 21923 I SamsungCalendar$SamsungCalendarNoti: DB Update: content://com.android.calendar/calendar_alerts/172/1
04-19 16:01:53.763 21481 21923 I SamsungCalendar$SamsungCalendarNoti: [DismissUtils] getEndTimePendingIntent: 1681912913486
04-19 16:01:53.854  8513  8513 D FaceWidgetCalendarManager: onChange ContentObserver
04-19 16:01:53.899  8513  8536 I ndroid.systemui: Background young concurrent copying GC freed 528346(19MB) AllocSpace objects, 16(344KB) LOS objects, 25% free, 60MB/80MB, paused 217us,735us total 308.899ms
04-19 16:01:53.904 21481 21494 W libc    : Access denied finding property "sys.perf.boostopt"
04-19 16:01:53.906 21461 21644 W libc    : Access denied finding property "sys.perf.boostopt"
04-19 16:01:54.009  7170  7219 I d.process.acore: Method exceeds compiler instruction limit: 19824 in android.database.Cursor com.android.providers.contacts.ContactsProvider2.c4(android.net.Uri, java.lang.String[], java.lang.String, java.lang.String[], java.lang.String, long, android.os.CancellationSignal, com.android.providers.contacts.util.sec.KnoxUtils)
04-19 16:01:54.045 21481 21923 I SamsungCalendar$CalendarConference: [CalendarDatabaseHelper] Creating CalendarDatabaseHelper
04-19 16:01:54.064 21481 21481 I SamsungCalendar$SamsungCalendarNoti: [EventNotificationViewImpl] postNotification | notificationList.size: 1 countOfFiredAlarms: 1
04-19 16:01:54.081 21481 21481 I CallStateUtils: mAudioManager.isVoiceCallActive = false
04-19 16:01:54.086 21481 21481 I CallStateUtils: mAudioManager.isRecordActive = false
04-19 16:01:54.112 21481 21481 I CallStateUtils: isInCallState callState = 0
04-19 16:01:54.114 21481 21481 I CallStateUtils: isInVoipCall = false
04-19 16:01:54.115 21481 21481 I CallStateUtils: audioManager.getMode() = 0
04-19 16:01:54.117 21481 21481 I CallStateUtils: isInCallState callState = 0
04-19 16:01:54.171 21481 21481 I SamsungCalendar$SamsungCalendarNoti: [CoverUtils]  | isCameraCoverClosed = false
04-19 16:01:54.171 21481 21481 I SamsungCalendar$SamsungCalendarNoti: [quietUpdate: false] isQuietAlert: false / isSnoozed: false / alertState: 0 / shouldDisplayAlertPopup? false / isThrottleRequired? false (1681912914171ms)
04-19 16:01:54.172 21481 21481 I SamsungCalendar$SamsungCalendarNoti: [CustomHeadUpService] isRunning:false
04-19 16:01:54.259  5628  5714 W libprocessgroup: Failed to open /dev/blkio//cgroup.procs: No such file or directory
04-19 16:01:54.270  5628  9811 D SemWifiUsabilityStatsMonitor: onWifiUsabilityStats - seqNum 36140, isSameBssidAndFreq true
04-19 16:01:54.271  8513  8513 D NetworkController.WifiSignalController: notifyListener: visible=true, connected=true, inetCondition=1, isDefault=true, wifiTestReported=true, receivedInetCondition=-1, hideDuringMobileSwitching=false
04-19 16:01:54.273  5628  8422 I SemWifiLinkQualityMonitor: Link Qos Query: 0.023 ms / 346.400 Mbps (433 / 0.000 / 1.250)
04-19 16:01:54.279  8513  8599 D Tile.WifiTile: handleUpdateState isTransient=false transientEnabling =false cb.isTransient=false state.state = 2 mStateBeforeClick.value =false enabled =true
04-19 16:01:54.296 13194 13194 I SCS@AiSearch user 0: (ObserverWorker::TASKS) [main] entering in startWork():
04-19 16:01:54.296 13194 13194 I SCS@AiSearch user 0: (BaseCollector::TASKS) [main] entering in onChange():
04-19 16:01:54.297 13194 13256 I SCS@AiSearch user 0: (BaseCollector::TASKS) [TASKS-0] entering in collectChanges():
04-19 16:01:54.313 21481 21481 I ScsApi@Feature: checkFeature() : FEATURE_TEXT_GET_ENTITY
04-19 16:01:54.320 21481 21481 I ScsApi@FeatureHolder: setStatus() : FEATURE_TEXT_GET_ENTITY : 0
04-19 16:01:54.320 21481 21481 I SCSUtils: FEATURE_TEXT_GET_ENTITY is available
04-19 16:01:54.325  5628  8567 D PackageManager: setEnabledSetting : userId = 0 packageName = com.samsung.android.scs cmp = androidx.work.impl.background.systemalarm.RescheduleReceiver newState = 1 callingPackage = 10380/com.samsung.android.scs
04-19 16:01:54.326  5628  8567 D ApplicationPolicy: getApplicationStateEnabled : pkg = com.samsung.android.scs userId : 0
04-19 16:01:54.327  5628  8567 D ApplicationPolicy: getApplicationComponentState : pkg = com.samsung.android.scs userId : 0
04-19 16:01:54.333 30407 30407 I ResourceOverlayService_0: waitAndQuit called
04-19 16:01:54.334 30407 30407 I ResourceOverlayService_0: activity user id 0 process id 0
04-19 16:01:54.334 21481 21481 I ScsApi@Feature: checkFeature() : FEATURE_TEXT_GET_ENTITY
04-19 16:01:54.338 21481 21481 I ScsApi@FeatureHolder: setStatus() : FEATURE_TEXT_GET_ENTITY : 0
04-19 16:01:54.338 21481 21481 I ScsApi@Feature: checkFeature() : FEATURE_TEXT_GET_ENTITY_DATETIME_NUMERAL
04-19 16:01:54.344 21481 21481 I ScsApi@FeatureHolder: setStatus() : FEATURE_TEXT_GET_ENTITY_DATETIME_NUMERAL : 0
04-19 16:01:54.344 21481 21481 I ScsApi@Feature: checkFeature() : FEATURE_TEXT_GET_ENTITY_PHONE_NUMBER
04-19 16:01:54.346 13194 13256 I SCS@AiSearch user 0: (BaseCollector::TASKS) fetchInternal values : maxSyncId: -1 indexCount: 0 sourceCount: 0
04-19 16:01:54.346 21481 21481 I ScsApi@FeatureHolder: setStatus() : FEATURE_TEXT_GET_ENTITY_PHONE_NUMBER : 0
04-19 16:01:54.346 21481 21481 I ScsApi@Feature: checkFeature() : FEATURE_TEXT_GET_ENTITY_POI
04-19 16:01:54.350 21481 21481 I ScsApi@FeatureHolder: setStatus() : FEATURE_TEXT_GET_ENTITY_POI : 0
04-19 16:01:54.352 21481 21481 I ScsApi@Feature: checkFeature() : FEATURE_TEXT_GET_ENTITY_BANK
04-19 16:01:54.357 13194 13194 I SCS@AiSearch user 0: (ObserverWorker::CALENDAR) [main] entering in startWork():
04-19 16:01:54.358 13194 13194 I SCS@AiSearch user 0: (BaseCollector::CALENDAR) [main] entering in onChange():
04-19 16:01:54.358 13194 13257 I SCS@AiSearch user 0: (BaseCollector::CALENDAR) [CALENDAR-0] entering in collectChanges():
04-19 16:01:54.361 21481 21481 I ScsApi@FeatureHolder: setStatus() : FEATURE_TEXT_GET_ENTITY_BANK : 0
04-19 16:01:54.402  5628  5714 W libprocessgroup: Failed to open /dev/blkio//cgroup.procs: No such file or directory
04-19 16:01:54.403  5250  5250 D Zygote  : Forked child process 21927
04-19 16:01:54.411  5628  8965 D PackageManager: setEnabledSetting : userId = 0 packageName = com.samsung.android.scs cmp = androidx.work.impl.background.systemalarm.RescheduleReceiver newState = 1 callingPackage = 10380/com.samsung.android.scs
04-19 16:01:54.412 13194 13256 I SCS@AiSearch user 0: (IndexManager) [TASKS-0] entering in addIndex():
04-19 16:01:54.413  5628  8965 D ApplicationPolicy: getApplicationStateEnabled : pkg = com.samsung.android.scs userId : 0
04-19 16:01:54.414  5628  8965 D ApplicationPolicy: getApplicationComponentState : pkg = com.samsung.android.scs userId : 0
04-19 16:01:54.421 13194 13257 I SCS@AiSearch user 0: (BaseCollector::CALENDAR) [CALENDAR-0] enter():  enter from r
04-19 16:01:54.422  5250  5250 D Zygote  : Forked child process 21928
04-19 16:01:54.433 13194 13256 I SCS@AiSearch user 0: (BaseCollector::TASKS) fetch: fetching took  100 ms
04-19 16:01:54.433 13194 13256 I SCS@AiSearch user 0: (BaseCollector::TASKS) fetchChanges: applied 0 items
04-19 16:01:54.433 13194 13256 I SCS@AiSearch user 0: (BaseCollector::TASKS) Collect finished. Result: true
04-19 16:01:54.435 13194 13256 I SCS@AiSearch user 0: (BaseCollector::TASKS) enqueue ObserverWorker name: com.samsung.android.calendar.synctasks, policy: APPEND_OR_REPLACE
04-19 16:01:54.436 13194 13237 I WM-WorkerWrapper: Worker result SUCCESS for Work [ id=943e455d-11e3-4b23-9e3f-f81daf8f71f9, tags={ com.samsung.android.calendar.synctasks, com.samsung.android.scs.ai.search.data.collector.ObserverWorker } ]
04-19 16:01:54.451 21927 21927 I ndroid.scs:text: Using CollectorTypeCC GC.
04-19 16:01:54.460 13194 13257 I SCS@AiSearch user 0: (BaseCollector::CALENDAR) [CALENDAR-0] leave():  leave
04-19 16:01:54.461 13194 13257 I SCS@AiSearch user 0: (BaseCollector::CALENDAR) fetchInternal values : maxSyncId: 1164 indexCount: 506 sourceCount: 506
04-19 16:01:54.461 21927 21927 E ndroid.scs:text: Not starting debugger since process cannot load the jdwp agent.
04-19 16:01:54.468  5628  8567 D PackageManager: setEnabledSetting : userId = 0 packageName = com.sec.android.app.shealth cmp = androidx.work.impl.background.systemjob.SystemJobService newState = 1 callingPackage = 10256/com.sec.android.app.shealth
04-19 16:01:54.469 13194 13257 I SCS@AiSearch user 0: (BaseCollector::CALENDAR) [CALENDAR-0] enter():  enter from n
04-19 16:01:54.473  5628  8567 D ApplicationPolicy: getApplicationStateEnabled : pkg = com.sec.android.app.shealth userId : 0
04-19 16:01:54.474  5628  8567 D ApplicationPolicy: getApplicationComponentState : pkg = com.sec.android.app.shealth userId : 0
04-19 16:01:54.478 21928 21928 I .yandex.browser: Using CollectorTypeCC GC.
04-19 16:01:54.480 21927 21927 W libc    : Access denied finding property "sys.perf.boostopt"
04-19 16:01:54.482 21927 21942 W libc    : Access denied finding property "sys.perf.boostopt"
04-19 16:01:54.486  5250  5250 D Zygote  : Forked child process 21948
04-19 16:01:54.495 21927 21927 D ActivityThread: setConscryptValidator
04-19 16:01:54.495 21928 21928 E .yandex.browser: Not starting debugger since process cannot load the jdwp agent.
04-19 16:01:54.495 21927 21927 D ActivityThread: setConscryptValidator - put
04-19 16:01:54.512 13194 13257 I SCS@AiSearch user 0: (BaseCollector::CALENDAR) [CALENDAR-0] leave():  leave
04-19 16:01:54.514 13194 13257 I SCS@AiSearch user 0: (BaseCollector::CALENDAR) [CALENDAR-0] enter():  enter from l0
04-19 16:01:54.515 21928 21928 W libc    : Access denied finding property "sys.perf.boostopt"
04-19 16:01:54.517 21928 21928 D ActivityThread: setConscryptValidator
04-19 16:01:54.517 21928 21928 D ActivityThread: setConscryptValidator - put
04-19 16:01:54.519 21928 21957 W libc    : Access denied finding property "sys.perf.boostopt"
04-19 16:01:54.530 21927 21947 W libc    : Access denied finding property "sys.perf.boostopt"
04-19 16:01:54.534 21927 21927 D CompatibilityChangeReporter: Compat change id reported: 171979766; UID 10380; state: ENABLED
04-19 16:01:54.543 13194 13257 I SCS@AiSearch user 0: (BaseCollector::CALENDAR) [CALENDAR-0] leave():  leave
04-19 16:01:54.543 13194 13257 I SCS@AiSearch user 0: (IndexManager) [CALENDAR-0] entering in addIndex():
04-19 16:01:54.545 21928 21928 D CompatibilityChangeReporter: Compat change id reported: 171979766; UID 10271; state: ENABLED
04-19 16:01:54.549 21928 21958 W libc    : Access denied finding property "sys.perf.boostopt"
04-19 16:01:54.550 13194 13257 I SCS@AiSearch user 0: (BaseCollector::CALENDAR) fetch: fetching took  174 ms
04-19 16:01:54.550 13194 13257 I SCS@AiSearch user 0: (BaseCollector::CALENDAR) fetchChanges: applied 0 items
04-19 16:01:54.551 13194 13257 I SCS@AiSearch user 0: (BaseCollector::CALENDAR) Collect finished. Result: true
04-19 16:01:54.552 21948 21948 I ex.searchplugin: Using CollectorTypeCC GC.
04-19 16:01:54.552 13194 13257 I SCS@AiSearch user 0: (BaseCollector::CALENDAR) enqueue ObserverWorker name: com.samsung.android.calendar, policy: APPEND_OR_REPLACE
04-19 16:01:54.554 20367 21956 I SQLiteConnection: /data/user/0/com.sec.android.app.shealth/no_backup/androidx.work.workdb-wal 1048576 bytes: Bigger than 1048576; truncating
04-19 16:01:54.557  5628  8567 D PackageManager: setEnabledSetting : userId = 0 packageName = com.samsung.android.scs cmp = androidx.work.impl.background.systemalarm.RescheduleReceiver newState = 1 callingPackage = 10380/com.samsung.android.scs
04-19 16:01:54.558  5628  8567 D ApplicationPolicy: getApplicationStateEnabled : pkg = com.samsung.android.scs userId : 0
04-19 16:01:54.559  5628  8567 D ApplicationPolicy: getApplicationComponentState : pkg = com.samsung.android.scs userId : 0
04-19 16:01:54.564 21948 21948 E ex.searchplugin: Not starting debugger since process cannot load the jdwp agent.
04-19 16:01:54.580 21948 21948 W libc    : Access denied finding property "sys.perf.boostopt"
04-19 16:01:54.584 21948 21972 W libc    : Access denied finding property "sys.perf.boostopt"
04-19 16:01:54.590 21948 21948 D ActivityThread: setConscryptValidator
04-19 16:01:54.590 21948 21948 D ActivityThread: setConscryptValidator - put
04-19 16:01:54.596 13194 13250 I WM-WorkerWrapper: Worker result SUCCESS for Work [ id=371cc723-b5b3-48ab-9fa7-7ee130daf734, tags={ com.samsung.android.scs.ai.search.data.collector.ObserverWorker, com.samsung.android.calendar } ]
04-19 16:01:54.605 21948 21973 W libc    : Access denied finding property "sys.perf.boostopt"
04-19 16:01:54.607 21948 21948 D CompatibilityChangeReporter: Compat change id reported: 171979766; UID 10222; state: ENABLED
04-19 16:01:54.646 21928 21928 D nativeloader: Configuring classloader-namespace for other apk /system/framework/org.apache.http.legacy.jar. target_sdk_version=33, uses_libraries=ALL, library_path=/data/app/~~QTWB6isqf8WWJRN0FBDCXQ==/com.yandex.browser-1nTDn5x7mYtcLjoDb88MPg==/lib/arm64:/data/app/~~QTWB6isqf8WWJRN0FBDCXQ==/com.yandex.browser-1nTDn5x7mYtcLjoDb88MPg==/base.apk!/lib/arm64-v8a:/data/app/~~QTWB6isqf8WWJRN0FBDCXQ==/com.yandex.browser-1nTDn5x7mYtcLjoDb88MPg==/split_config.en.apk!/lib/arm64-v8a:/data/app/~~QTWB6isqf8WWJRN0FBDCXQ==/com.yandex.browser-1nTDn5x7mYtcLjoDb88MPg==/split_config.ru.apk!/lib/arm64-v8a:/data/app/~~QTWB6isqf8WWJRN0FBDCXQ==/com.yandex.browser-1nTDn5x7mYtcLjoDb88MPg==/split_config.xxhdpi.apk!/lib/arm64-v8a, permitted_path=/data:/mnt/expand:/data/user/0/com.yandex.browser
04-19 16:01:54.646 21928 21928 D nativeloader: Extending system_exposed_libraries: libhumantracking.arcsoft.so:libPortraitDistortionCorrection.arcsoft.so:libPortraitDistortionCorrectionCali.arcsoft.so:libface_landmark.arcsoft.so:libFacialStickerEngine.arcsoft.so:libveengine.arcsoft.so:liblow_light_hdr.arcsoft.so:libhigh_dynamic_range.arcsoft.so:libFacialAttributeDetection.arcsoft.so:libBeauty_v4.camera.samsung.so:libexifa.camera.samsung.so:libjpega.camera.samsung.so:libOpenCv.camera.samsung.so:libImageScreener.camera.samsung.so:libMyFilter.camera.samsung.so:libtensorflowLite.myfilter.camera.samsung.so:libtensorflowlite_inference_api.myfilter.camera.samsung.so:libEventFinder.camera.samsung.so:libHIDTSnapJNI.camera.samsung.so:libSmartScan.camera.samsung.so:libRectify.camera.samsung.so:libDocRectifyWrapper.camera.samsung.so:libUltraWideDistortionCorrection.camera.samsung.so:libHpr_RecGAE_cvFeature_v1.0.camera.samsung.so:libHprFace_GAE_api.camera.samsung.so:libFace_Landmark_API.camera.samsung.so:libHprFace_GAE_jni.camera.samsung.so:libFacialBasedSelfieCorrec
04-19 16:01:54.659 21948 21948 D nativeloader: Configuring classloader-namespace for other apk /system/framework/org.apache.http.legacy.jar. target_sdk_version=33, uses_libraries=ALL, library_path=/data/app/~~LOuKj_UdFDjKkqpP0fMb8Q==/ru.yandex.searchplugin-kUw0XWvAje0zJ7jy7WKjdw==/lib/arm64:/data/app/~~LOuKj_UdFDjKkqpP0fMb8Q==/ru.yandex.searchplugin-kUw0XWvAje0zJ7jy7WKjdw==/base.apk!/lib/arm64-v8a:/data/app/~~LOuKj_UdFDjKkqpP0fMb8Q==/ru.yandex.searchplugin-kUw0XWvAje0zJ7jy7WKjdw==/split_config.en.apk!/lib/arm64-v8a:/data/app/~~LOuKj_UdFDjKkqpP0fMb8Q==/ru.yandex.searchplugin-kUw0XWvAje0zJ7jy7WKjdw==/split_config.ru.apk!/lib/arm64-v8a:/data/app/~~LOuKj_UdFDjKkqpP0fMb8Q==/ru.yandex.searchplugin-kUw0XWvAje0zJ7jy7WKjdw==/split_config.xxhdpi.apk!/lib/arm64-v8a, permitted_path=/data:/mnt/expand:/data/user/0/ru.yandex.searchplugin
04-19 16:01:54.659 21948 21948 D nativeloader: Extending system_exposed_libraries: libhumantracking.arcsoft.so:libPortraitDistortionCorrection.arcsoft.so:libPortraitDistortionCorrectionCali.arcsoft.so:libface_landmark.arcsoft.so:libFacialStickerEngine.arcsoft.so:libveengine.arcsoft.so:liblow_light_hdr.arcsoft.so:libhigh_dynamic_range.arcsoft.so:libFacialAttributeDetection.arcsoft.so:libBeauty_v4.camera.samsung.so:libexifa.camera.samsung.so:libjpega.camera.samsung.so:libOpenCv.camera.samsung.so:libImageScreener.camera.samsung.so:libMyFilter.camera.samsung.so:libtensorflowLite.myfilter.camera.samsung.so:libtensorflowlite_inference_api.myfilter.camera.samsung.so:libEventFinder.camera.samsung.so:libHIDTSnapJNI.camera.samsung.so:libSmartScan.camera.samsung.so:libRectify.camera.samsung.so:libDocRectifyWrapper.camera.samsung.so:libUltraWideDistortionCorrection.camera.samsung.so:libHpr_RecGAE_cvFeature_v1.0.camera.samsung.so:libHprFace_GAE_api.camera.samsung.so:libFace_Landmark_API.camera.samsung.so:libHprFace_GAE_jni.camera.samsung.so:libFacialBasedSelfieCorrec
04-19 16:01:54.689  5628  8607 D PackageManager: setEnabledSetting : userId = 0 packageName = com.samsung.android.scs cmp = androidx.work.impl.background.systemalarm.RescheduleReceiver newState = 1 callingPackage = 10380/com.samsung.android.scs
04-19 16:01:54.690  5628  8607 D ApplicationPolicy: getApplicationStateEnabled : pkg = com.samsung.android.scs userId : 0
04-19 16:01:54.691  5628  8607 D ApplicationPolicy: getApplicationComponentState : pkg = com.samsung.android.scs userId : 0
04-19 16:01:54.779  5900  5900 I CCalendar$WatchCalendarSyncJob: Calendar sync job is started
04-19 16:01:54.804  5900 21982 I CCalendar$WatchCalendarSyncJob: Start SyncData.
04-19 16:01:54.804  5900 21982 I CCalendar$EventSynchronizer: S] CacheDB update. 22060901
04-19 16:01:54.812  5900  5900 I CCalendar$WatchCalendarSyncJob: Registered WatchCalendarSyncJob on Plugin.
04-19 16:01:54.817  5628  5714 W libprocessgroup: Failed to open /dev/blkio//cgroup.procs: No such file or directory
04-19 16:01:54.833 21928 21928 W ziparchive: Unable to open '/data/app/~~QTWB6isqf8WWJRN0FBDCXQ==/com.yandex.browser-1nTDn5x7mYtcLjoDb88MPg==/split_config.en.dm': No such file or directory
04-19 16:01:54.833 21928 21928 W ziparchive: Unable to open '/data/app/~~QTWB6isqf8WWJRN0FBDCXQ==/com.yandex.browser-1nTDn5x7mYtcLjoDb88MPg==/split_config.en.dm': No such file or directory
04-19 16:01:54.836 21928 21928 W .yandex.browser: Entry not found
04-19 16:01:54.840 21928 21928 W ziparchive: Unable to open '/data/app/~~QTWB6isqf8WWJRN0FBDCXQ==/com.yandex.browser-1nTDn5x7mYtcLjoDb88MPg==/split_config.ru.dm': No such file or directory
04-19 16:01:54.840 21928 21928 W ziparchive: Unable to open '/data/app/~~QTWB6isqf8WWJRN0FBDCXQ==/com.yandex.browser-1nTDn5x7mYtcLjoDb88MPg==/split_config.ru.dm': No such file or directory
04-19 16:01:54.843 21948 21948 W ziparchive: Unable to open '/data/app/~~LOuKj_UdFDjKkqpP0fMb8Q==/ru.yandex.searchplugin-kUw0XWvAje0zJ7jy7WKjdw==/split_config.en.dm': No such file or directory
04-19 16:01:54.843 21928 21928 W .yandex.browser: Entry not found
04-19 16:01:54.843 21948 21948 W ziparchive: Unable to open '/data/app/~~LOuKj_UdFDjKkqpP0fMb8Q==/ru.yandex.searchplugin-kUw0XWvAje0zJ7jy7WKjdw==/split_config.en.dm': No such file or directory
04-19 16:01:54.844 21928 21928 W ziparchive: Unable to open '/data/app/~~QTWB6isqf8WWJRN0FBDCXQ==/com.yandex.browser-1nTDn5x7mYtcLjoDb88MPg==/split_config.xxhdpi.dm': No such file or directory
04-19 16:01:54.844 21928 21928 W ziparchive: Unable to open '/data/app/~~QTWB6isqf8WWJRN0FBDCXQ==/com.yandex.browser-1nTDn5x7mYtcLjoDb88MPg==/split_config.xxhdpi.dm': No such file or directory
04-19 16:01:54.846 21948 21948 W ex.searchplugin: Entry not found
04-19 16:01:54.847 21928 21928 W .yandex.browser: Entry not found
04-19 16:01:54.847 21948 21948 W ziparchive: Unable to open '/data/app/~~LOuKj_UdFDjKkqpP0fMb8Q==/ru.yandex.searchplugin-kUw0XWvAje0zJ7jy7WKjdw==/split_config.ru.dm': No such file or directory
04-19 16:01:54.847 21948 21948 W ziparchive: Unable to open '/data/app/~~LOuKj_UdFDjKkqpP0fMb8Q==/ru.yandex.searchplugin-kUw0XWvAje0zJ7jy7WKjdw==/split_config.ru.dm': No such file or directory
04-19 16:01:54.849 21928 21928 D nativeloader: Configuring classloader-namespace for other apk /data/app/~~QTWB6isqf8WWJRN0FBDCXQ==/com.yandex.browser-1nTDn5x7mYtcLjoDb88MPg==/base.apk:/data/app/~~QTWB6isqf8WWJRN0FBDCXQ==/com.yandex.browser-1nTDn5x7mYtcLjoDb88MPg==/split_config.en.apk:/data/app/~~QTWB6isqf8WWJRN0FBDCXQ==/com.yandex.browser-1nTDn5x7mYtcLjoDb88MPg==/split_config.ru.apk:/data/app/~~QTWB6isqf8WWJRN0FBDCXQ==/com.yandex.browser-1nTDn5x7mYtcLjoDb88MPg==/split_config.xxhdpi.apk. target_sdk_version=33, uses_libraries=, library_path=/data/app/~~QTWB6isqf8WWJRN0FBDCXQ==/com.yandex.browser-1nTDn5x7mYtcLjoDb88MPg==/lib/arm64:/data/app/~~QTWB6isqf8WWJRN0FBDCXQ==/com.yandex.browser-1nTDn5x7mYtcLjoDb88MPg==/base.apk!/lib/arm64-v8a:/data/app/~~QTWB6isqf8WWJRN0FBDCXQ==/com.yandex.browser-1nTDn5x7mYtcLjoDb88MPg==/split_config.en.apk!/lib/arm64-v8a:/data/app/~~QTWB6isqf8WWJRN0FBDCXQ==/com.yandex.browser-1nTDn5x7mYtcLjoDb88MPg==/split_config.ru.apk!/lib/arm64-v8a:/data/app/~~QTWB6isqf8WWJRN0FBDCXQ==/com.yandex.browser-1nTDn5x7mYtcLjoDb88MPg==/split_config.xx
04-19 16:01:54.853 21948 21948 W ex.searchplugin: Entry not found
04-19 16:01:54.854 21948 21948 W ziparchive: Unable to open '/data/app/~~LOuKj_UdFDjKkqpP0fMb8Q==/ru.yandex.searchplugin-kUw0XWvAje0zJ7jy7WKjdw==/split_config.xxhdpi.dm': No such file or directory
04-19 16:01:54.854 21948 21948 W ziparchive: Unable to open '/data/app/~~LOuKj_UdFDjKkqpP0fMb8Q==/ru.yandex.searchplugin-kUw0XWvAje0zJ7jy7WKjdw==/split_config.xxhdpi.dm': No such file or directory
04-19 16:01:54.855 21928 21928 W .yandex.browser: JIT profile information will not be recorded: profile file does not exist.
04-19 16:01:54.855 21928 21928 W .yandex.browser: JIT profile information will not be recorded: profile file does not exist.
04-19 16:01:54.855 21928 21928 W .yandex.browser: JIT profile information will not be recorded: profile file does not exist.
04-19 16:01:54.858 21948 21948 W ex.searchplugin: Entry not found
04-19 16:01:54.858  8513 21460 D FaceWidgetCalendarDisposable: begin
04-19 16:01:54.858  8513 21460 I FaceWidgetCalendarManager: No service bound. Query to current context.
04-19 16:01:54.860 21948 21948 D nativeloader: Configuring classloader-namespace for other apk /data/app/~~LOuKj_UdFDjKkqpP0fMb8Q==/ru.yandex.searchplugin-kUw0XWvAje0zJ7jy7WKjdw==/base.apk:/data/app/~~LOuKj_UdFDjKkqpP0fMb8Q==/ru.yandex.searchplugin-kUw0XWvAje0zJ7jy7WKjdw==/split_config.en.apk:/data/app/~~LOuKj_UdFDjKkqpP0fMb8Q==/ru.yandex.searchplugin-kUw0XWvAje0zJ7jy7WKjdw==/split_config.ru.apk:/data/app/~~LOuKj_UdFDjKkqpP0fMb8Q==/ru.yandex.searchplugin-kUw0XWvAje0zJ7jy7WKjdw==/split_config.xxhdpi.apk. target_sdk_version=33, uses_libraries=, library_path=/data/app/~~LOuKj_UdFDjKkqpP0fMb8Q==/ru.yandex.searchplugin-kUw0XWvAje0zJ7jy7WKjdw==/lib/arm64:/data/app/~~LOuKj_UdFDjKkqpP0fMb8Q==/ru.yandex.searchplugin-kUw0XWvAje0zJ7jy7WKjdw==/base.apk!/lib/arm64-v8a:/data/app/~~LOuKj_UdFDjKkqpP0fMb8Q==/ru.yandex.searchplugin-kUw0XWvAje0zJ7jy7WKjdw==/split_config.en.apk!/lib/arm64-v8a:/data/app/~~LOuKj_UdFDjKkqpP0fMb8Q==/ru.yandex.searchplugin-kUw0XWvAje0zJ7jy7WKjdw==/split_config.ru.apk!/lib/arm64-v8a:/data/app/~~LOuKj_UdFDjKkqpP0fMb8Q==/ru.yandex.searchplugin-kUw0
04-19 16:01:54.868  5900 21982 I CCalendar$EventSynchronizer:  Local/Cache Calendars : 10/10
04-19 16:01:54.870 21948 21948 W ex.searchplugin: JIT profile information will not be recorded: profile file does not exist.
04-19 16:01:54.871 21948 21948 W ex.searchplugin: JIT profile information will not be recorded: profile file does not exist.
04-19 16:01:54.871 21948 21948 W ex.searchplugin: JIT profile information will not be recorded: profile file does not exist.
04-19 16:01:54.875  5628  5714 W libprocessgroup: Failed to open /dev/blkio//cgroup.procs: No such file or directory
04-19 16:01:54.876  5628  5714 W libprocessgroup: Failed to open /dev/blkio//cgroup.procs: No such file or directory
04-19 16:01:54.877  5628  5714 W libprocessgroup: Failed to open /dev/blkio//cgroup.procs: No such file or directory
04-19 16:01:54.883 21481 21924 I SamsungCalendar$PreferenceProvider: query uri [content://com.sec.android.calendar.preference/PreferenceBoolean] from com.samsung.android.heartplugin
04-19 16:01:54.896 21481 21924 I SamsungCalendar$PreferenceProvider: query uri [content://com.sec.android.calendar.preference/PreferenceBoolean] from com.samsung.android.heartplugin
04-19 16:01:54.911 21481 21924 I SamsungCalendar$PreferenceProvider: query uri [content://com.sec.android.calendar.preference/PreferenceBoolean] from com.android.systemui
04-19 16:01:54.924  8513 21460 I FaceWidgetCalendarManager: No service bound. Query to current context.
04-19 16:01:54.939  5900 21982 I CCalendar$EventCacheModelImpl: Deleted Old events : 0
04-19 16:01:54.945  5900 21982 I CCalendar$EventSynchronizer:  Local/Cache Events : 6/6
04-19 16:01:54.947  5900 21982 I CCalendar$EventCacheModelImpl: Deleted : 0(0)
04-19 16:01:54.947  5900 21982 I CCalendar$EventCacheModelImpl: Inserted : 0(0)
04-19 16:01:54.947  5900 21982 I CCalendar$EventSynchronizer: F] CacheDB update : C(false), E(false)
04-19 16:01:54.948  5900 21982 I CCalendar$WatchCalendarSyncJob: Finish SyncData.
04-19 16:01:54.948  5628  5714 W libprocessgroup: Failed to open /dev/blkio//cgroup.procs: No such file or directory
04-19 16:01:54.953 21927 21927 I ServiceApplication: process:com.samsung.android.scs:text version:2.1.00.26 flavor:full
04-19 16:01:54.957 21927 21959 I ExtractEntityExecutor: extractBasicEntity - start
04-19 16:01:54.959 21927 21959 I ExtractEntityExecutor: extractBasicEntity input text length : 23
04-19 16:01:54.964 21928 21928 V GraphicsEnvironment: ANGLE Developer option for 'com.yandex.browser' set to: 'default'
04-19 16:01:54.965 21928 21928 V GraphicsEnvironment: ANGLE GameManagerService for com.yandex.browser: false
04-19 16:01:54.965 21928 21928 V GraphicsEnvironment: Neither updatable production driver nor prerelease driver is supported.
04-19 16:01:54.972 21928 21928 D NetworkSecurityConfig: Using Network Security Config from resource network_security_config debugBuild: false
04-19 16:01:54.979  8513 21460 D FaceWidgetCalendarDisposable: getEventsFromCalendar, [[id = 1154][start time = 2023 April 19 (Wednesday) 16:00][end time = 2023 April 19 (Wednesday) 16:30][is all day = false]]
04-19 16:01:54.979  8513 21460 D FaceWidgetCalendarDisposable: end: 1
04-19 16:01:54.981  8513  8513 I FaceWidgetCalendarManager: Next end = [id = 1154][start time = 2023 April 19 (Wednesday) 16:00][end time = 2023 April 19 (Wednesday) 16:30][is all day = false]
04-19 16:01:54.983 21928 21928 D NetworkSecurityConfig: Using Network Security Config from resource network_security_config debugBuild: false
04-19 16:01:54.985  8513  8513 I FaceWidgetCalendarManager: Next start = null
04-19 16:01:54.986  8513  8513 D FaceWidgetCalendarManager: reset
04-19 16:01:54.998  5628  8607 D ConnectivityService: requestNetwork for uid/pid:10256/20367 activeRequest: null callbackRequest: 28024 [NetworkRequest [ REQUEST id=28025, [ Capabilities: INTERNET&NOT_RESTRICTED&TRUSTED&NOT_VCN_MANAGED Uid: 10256 RequestorUid: 10256 RequestorPkg: com.sec.android.app.shealth UnderlyingNetworks: Null] ]] callback flags: 0 order: 2147483647
04-19 16:01:55.002  5628  8367 D ConnectivityService:    accepting network in place of null
04-19 16:01:55.005 21948 21948 V GraphicsEnvironment: ANGLE Developer option for 'ru.yandex.searchplugin' set to: 'default'
04-19 16:01:55.006 21948 21948 V GraphicsEnvironment: ANGLE GameManagerService for ru.yandex.searchplugin: false
04-19 16:01:55.006 21948 21948 V GraphicsEnvironment: Neither updatable production driver nor prerelease driver is supported.
04-19 16:01:55.009  5628  8356 D WifiNetworkFactory: got request NetworkRequest [ REQUEST id=28025, [ Capabilities: INTERNET&NOT_RESTRICTED&TRUSTED&NOT_VCN_MANAGED Uid: 10256 RequestorUid: 10256 RequestorPkg: com.sec.android.app.shealth UnderlyingNetworks: Null] ]
04-19 16:01:55.011  5628  8356 D UntrustedWifiNetworkFactory: got request NetworkRequest [ REQUEST id=28025, [ Capabilities: INTERNET&NOT_RESTRICTED&TRUSTED&NOT_VCN_MANAGED Uid: 10256 RequestorUid: 10256 RequestorPkg: com.sec.android.app.shealth UnderlyingNetworks: Null] ]
04-19 16:01:55.013 21948 21948 D NetworkSecurityConfig: Using Network Security Config from resource network_security_config_mobileyandex debugBuild: false
04-19 16:01:55.021 21948 21948 D NetworkSecurityConfig: Using Network Security Config from resource network_security_config_mobileyandex debugBuild: false
04-19 16:01:55.028  5628  8356 D OemPaidWifiNetworkFactory: got request NetworkRequest [ REQUEST id=28025, [ Capabilities: INTERNET&NOT_RESTRICTED&TRUSTED&NOT_VCN_MANAGED Uid: 10256 RequestorUid: 10256 RequestorPkg: com.sec.android.app.shealth UnderlyingNetworks: Null] ]
04-19 16:01:55.028  5628  8356 D MultiInternetWifiNetworkFactory: got request NetworkRequest [ REQUEST id=28025, [ Capabilities: INTERNET&NOT_RESTRICTED&TRUSTED&NOT_VCN_MANAGED Uid: 10256 RequestorUid: 10256 RequestorPkg: com.sec.android.app.shealth UnderlyingNetworks: Null] ]
04-19 16:01:55.030  5628  8367 D ConnectivityService: Rematched networks [computed 1ms] [applied 1ms] [issued 27]
04-19 16:01:55.030  5628  8367 D ConnectivityService: NetworkReassignment :
04-19 16:01:55.030  5628  8367 D ConnectivityService:   28025 : null → 128
04-19 16:01:55.050  5628  8367 D ConnectivityService:  Removing from current network [128 WIFI], leaving 165 requests.
04-19 16:01:55.055 21927 21986 I DIAGMON_SDK[605029][4N4-399-535399] : generated SR object
04-19 16:01:55.173 20367 22003 W SHEALTH#SOCIAL#SocialStepSyncWorker: [SocialStepSyncWorker][doWork] starts requestType = INTERNAL_LOOP
04-19 16:01:55.206 19093 21208 I SamsungAccount: [AccountManagerProvider] Calling package : app.shealth.
04-19 16:01:55.206 19093 21208 I SamsungAccount: [SignatureCheckUtil] runCheckSignatureAsync
04-19 16:01:55.209 19093 21208 I SamsungAccount: [SignaturePreconditionChecker] getSignatureResult - fromSesSdk : false
04-19 16:01:55.216 19093 21208 I SamsungAccount: [SignatureInfoDbHelper] getSignatureResult - [10/1y90e][app.shealth.]
04-19 16:01:55.218 19093 21208 I SamsungAccount: [SignatureInfoDbHelper] searchOnUser
04-19 16:01:55.231 19093 21208 I SamsungAccount: [SignatureInfoDbHelper] searchOnUser - [10/1y90e][app.shealth.][64/14aaf] => matched
04-19 16:01:55.232 19093 21208 I SamsungAccount: [SignatureInfoDbHelper] search - matched
04-19 16:01:55.232 19093 21208 I SamsungAccount: [SignatureCheckUtil] runCheckSignatureAsync(fromDb) - matched
04-19 16:01:55.232 19093 21208 I SamsungAccount: [AccountManagerProvider] This is the access of the allowed application
04-19 16:01:55.235  5628  8457 D NetdEventListenerService: DNS Requested by : 128, 10126
04-19 16:01:55.294 20367 21956 W WM-WorkProgressUpdater: Ignoring setProgressAsync(...). WorkSpec (3a46745b-494e-42c0-a5e3-4ea781b7cb71) is not in a RUNNING state.
04-19 16:01:55.318 21927 21959 I ExtractEntityExecutor: extracted size - bee : 0, otp : 0
04-19 16:01:55.318 21927 21959 I ExtractEntityExecutor: extractBasicEntity - end
04-19 16:01:55.330 21481 21481 I ScsApi@Feature: checkFeature() : FEATURE_TEXT_GET_ENTITY
04-19 16:01:55.335 21481 21481 I ScsApi@FeatureHolder: setStatus() : FEATURE_TEXT_GET_ENTITY : 0
04-19 16:01:55.335 21481 21481 I SCSUtils: FEATURE_TEXT_GET_ENTITY is available
04-19 16:01:55.335 21481 21481 I ScsApi@Feature: checkFeature() : FEATURE_TEXT_GET_ENTITY
04-19 16:01:55.337 30407 30407 I ResourceOverlayService_0: waitAndQuit called
04-19 16:01:55.338 30407 30407 I ResourceOverlayService_0: activity user id 0 process id 0
04-19 16:01:55.339 21481 21481 I ScsApi@FeatureHolder: setStatus() : FEATURE_TEXT_GET_ENTITY : 0
04-19 16:01:55.339 21481 21481 I ScsApi@Feature: checkFeature() : FEATURE_TEXT_GET_ENTITY_DATETIME_NUMERAL
04-19 16:01:55.342 21481 21481 I ScsApi@FeatureHolder: setStatus() : FEATURE_TEXT_GET_ENTITY_DATETIME_NUMERAL : 0
04-19 16:01:55.343 21481 21481 I ScsApi@Feature: checkFeature() : FEATURE_TEXT_GET_ENTITY_PHONE_NUMBER
04-19 16:01:55.346 21481 21481 I ScsApi@FeatureHolder: setStatus() : FEATURE_TEXT_GET_ENTITY_PHONE_NUMBER : 0
04-19 16:01:55.346 21481 21481 I ScsApi@Feature: checkFeature() : FEATURE_TEXT_GET_ENTITY_POI
04-19 16:01:55.352 21481 21481 I ScsApi@FeatureHolder: setStatus() : FEATURE_TEXT_GET_ENTITY_POI : 0
04-19 16:01:55.352 21481 21481 I ScsApi@Feature: checkFeature() : FEATURE_TEXT_GET_ENTITY_BANK
04-19 16:01:55.354 21481 21481 I ScsApi@FeatureHolder: setStatus() : FEATURE_TEXT_GET_ENTITY_BANK : 0
04-19 16:01:55.355 21927 21959 I ExtractEntityExecutor: extractBasicEntity - start
04-19 16:01:55.355 21927 21959 I ExtractEntityExecutor: extractBasicEntity input text length : 72
04-19 16:01:55.373 21927 21959 I ExtractEntityExecutor: extracted size - bee : 0, otp : 0
04-19 16:01:55.373 21927 21959 I ExtractEntityExecutor: extractBasicEntity - end
04-19 16:01:55.380 21481 21481 I ScsApi@Feature: checkFeature() : FEATURE_TEXT_GET_ENTITY
04-19 16:01:55.385 21481 21481 I ScsApi@FeatureHolder: setStatus() : FEATURE_TEXT_GET_ENTITY : 0
04-19 16:01:55.385 21481 21481 I SCSUtils: FEATURE_TEXT_GET_ENTITY is available
04-19 16:01:55.385 21481 21481 I ScsApi@Feature: checkFeature() : FEATURE_TEXT_GET_ENTITY
04-19 16:01:55.389 21481 21481 I ScsApi@FeatureHolder: setStatus() : FEATURE_TEXT_GET_ENTITY : 0
04-19 16:01:55.389 21481 21481 I ScsApi@Feature: checkFeature() : FEATURE_TEXT_GET_ENTITY_DATETIME_NUMERAL
04-19 16:01:55.392 21481 21481 I ScsApi@FeatureHolder: setStatus() : FEATURE_TEXT_GET_ENTITY_DATETIME_NUMERAL : 0
04-19 16:01:55.392 21481 21481 I ScsApi@Feature: checkFeature() : FEATURE_TEXT_GET_ENTITY_PHONE_NUMBER
04-19 16:01:55.397 21481 21481 I ScsApi@FeatureHolder: setStatus() : FEATURE_TEXT_GET_ENTITY_PHONE_NUMBER : 0
04-19 16:01:55.397 21481 21481 I ScsApi@Feature: checkFeature() : FEATURE_TEXT_GET_ENTITY_POI
04-19 16:01:55.405 21481 21481 I ScsApi@FeatureHolder: setStatus() : FEATURE_TEXT_GET_ENTITY_POI : 0
04-19 16:01:55.405 21481 21481 I ScsApi@Feature: checkFeature() : FEATURE_TEXT_GET_ENTITY_BANK
04-19 16:01:55.411 21481 21481 I ScsApi@FeatureHolder: setStatus() : FEATURE_TEXT_GET_ENTITY_BANK : 0
04-19 16:01:55.415 21927 21959 I ExtractEntityExecutor: extractBasicEntity - start
04-19 16:01:55.415 21927 21959 I ExtractEntityExecutor: extractBasicEntity input text length : 467
04-19 16:01:55.439 21927 21959 I ExtractEntityExecutor: extracted size - bee : 5, otp : 0
04-19 16:01:55.439 21927 21959 I ExtractEntityExecutor: extractBasicEntity - end
04-19 16:01:55.449 21481 21481 I SamsungCalendar$LinkifyUtils: drawBasicEntityExtractText entities type : URL
04-19 16:01:55.449 21481 21481 I SamsungCalendar$LinkifyUtils: drawBasicEntityExtractText entities type : PHONE_NUMBER
04-19 16:01:55.449 21481 21481 I SamsungCalendar$LinkifyUtils: drawBasicEntityExtractText entities type : PHONE_NUMBER
04-19 16:01:55.449 21481 21481 I SamsungCalendar$LinkifyUtils: drawBasicEntityExtractText entities type : URL
04-19 16:01:55.449 21481 21481 I SamsungCalendar$LinkifyUtils: drawBasicEntityExtractText entities type : URL
04-19 16:01:55.456 21928 22037 D CompatibilityChangeReporter: Compat change id reported: 183155436; UID 10271; state: ENABLED
04-19 16:01:55.462 21928 22037 I AppMetrica: Initializing of Metrica, Release type, Version 5.3.2, API Level 106, Dated 23.03.2023.
04-19 16:01:55.546 21928 22046 I AppMetrica: Activate AppMetrica with APIKey d01c0d44-xxxx-xxxx-xxxx-xxxxxxxx00ad
04-19 16:01:55.548 21928 22046 I AppMetrica: Activate reporter with APIKey 20799a27-xxxx-xxxx-xxxx-xxxxxxxx4180
04-19 16:01:55.549  5250  5250 D Zygote  : Forked child process 22061
04-19 16:01:55.551 21481 22056 I CalendarTimeZoneUtils: Timezone data query complete
04-19 16:01:55.552 21481 22056 I CalendarTimeZoneUtils: success to get time zone : Europe/Belgrade
04-19 16:01:55.557 21481 21481 I TimeFormatUtils: timeFlag : 129
04-19 16:01:55.594  5628  8965 D PackageManager: setEnabledSetting : userId = 0 packageName = com.yandex.browser cmp = com.yandex.browser.autofill.service.ExternalAutofillService newState = 1 callingPackage = 10271/com.yandex.browser
04-19 16:01:55.595  5628  8965 D ApplicationPolicy: getApplicationStateEnabled : pkg = com.yandex.browser userId : 0
04-19 16:01:55.595  8815  8829 I LocationAccessPolicy: ru.yandex.searchplugin is aware of fine but the app-ops permission is specifically denied.
04-19 16:01:55.596  8815  8829 I LocationAccessPolicy: checkLocationPermission - callingUid: 10222, callingPid: 21948, resultForFine: DENIED_SOFT
04-19 16:01:55.597  5628  8965 D ApplicationPolicy: getApplicationComponentState : pkg = com.yandex.browser userId : 0
04-19 16:01:55.601  5628  8965 D PackageManager: setEnabledSetting : userId = 0 packageName = com.yandex.browser cmp = com.yandex.voicereader.service.VoiceReaderService newState = 1 callingPackage = 10271/com.yandex.browser
04-19 16:01:55.602  5628  8965 D ApplicationPolicy: getApplicationStateEnabled : pkg = com.yandex.browser userId : 0
04-19 16:01:55.603  5628  8965 D ApplicationPolicy: getApplicationComponentState : pkg = com.yandex.browser userId : 0
04-19 16:01:55.606  5628  8965 D PackageManager: setEnabledSetting : userId = 0 packageName = com.yandex.browser cmp = com.yandex.voicereader.service.VoiceReaderMediaButtonReceiver newState = 1 callingPackage = 10271/com.yandex.browser
04-19 16:01:55.608  5628  8965 D ApplicationPolicy: getApplicationStateEnabled : pkg = com.yandex.browser userId : 0
04-19 16:01:55.610  5628  8965 D ApplicationPolicy: getApplicationComponentState : pkg = com.yandex.browser userId : 0
04-19 16:01:55.610 21481 21481 I SamsungCalendar$SamsungCalendarNoti: [LiveIconUtils] iconSize: 63 dateTextSize: 28
04-19 16:01:55.614 22061 22061 I browser:Metrica: Using CollectorTypeCC GC.
04-19 16:01:55.626  5628  8607 D ApplicationPolicy: isStatusBarNotificationAllowedAsUser: packageName = com.samsung.android.calendar,userId = 0
04-19 16:01:55.630 22061 22061 E browser:Metrica: Not starting debugger since process cannot load the jdwp agent.
04-19 16:01:55.633 21928 21928 I YandexAdsIntegrityCheck: Yandex Mobile Ads 5.3.2 integrated successfully
04-19 16:01:55.644 21948 22059 I [SL:BaseSearchLibImpl]: SL version: 6032000
04-19 16:01:55.652  5628  8607 D ApplicationPolicy: isStatusBarNotificationAllowedAsUser: packageName = com.samsung.android.calendar,userId = 0
04-19 16:01:55.656 21481 21481 I SamsungCalendar$SamsungCalendarNoti: [AlarmManagerHelper] removeAlarmForLEDBackCover
04-19 16:01:55.658  5224  5224 E audit   : type=1400 audit(1681912915.653:103183): avc:  denied  { read } for  pid=22061 comm="browser:Metrica" name="u:object_r:perf_prop:s0" dev="tmpfs" ino=16829 scontext=u:r:untrusted_app:s0:c15,c257,c512,c768 tcontext=u:object_r:perf_prop:s0 tclass=file permissive=0 SEPF_SM-A515F_13_0001 audit_filtered
04-19 16:01:55.658 22061 22061 W libc    : Access denied finding property "sys.perf.boostopt"
04-19 16:01:55.658  5224  5224 E audit   : type=1300 audit(1681912915.653:103183): arch=c00000b7 syscall=56 success=no exit=-13 a0=ffffff9c a1=7ffbc769b8 a2=88000 a3=0 items=0 ppid=5250 pid=22061 auid=4294967295 uid=10271 gid=10271 euid=10271 suid=10271 fsuid=10271 egid=10271 sgid=10271 fsgid=10271 tty=(none) ses=4294967295 comm="browser:Metrica" exe="/system/bin/app_process64" subj=u:r:untrusted_app:s0:c15,c257,c512,c768 key=(null)
04-19 16:01:55.658  5224  5224 E audit   : type=1327 audit(1681912915.653:103183): proctitle="zygote64"
04-19 16:01:55.660 22061 22061 D ActivityThread: setConscryptValidator
04-19 16:01:55.661 22061 22061 D ActivityThread: setConscryptValidator - put
04-19 16:01:55.664 21481 21481 I SamsungCalendar$SamsungCalendarNoti: [LedCoverUtils] delayMillis = 5200
04-19 16:01:55.664 21481 21481 I SamsungCalendar$SamsungCalendarNoti: [EventNotificationViewImpl] sendIntentForLedCover | Send broadcast : ACTION_SEND_ALERTINFO | ledNotiOffDelayMillis : 1681912920864
04-19 16:01:55.665 21481 21481 I SamsungCalendar$SamsungCalendarNoti: [AlarmManagerHelper] scheduleAlarmForLEDBackCover: 1681912920864
04-19 16:01:55.667  8492  8492 I FreeformContainer: [SmartPopupViewService] onNotificationRemoved: StatusBarNotification(pkg=com.samsung.android.calendar user=UserHandle{0} id=1 tag=1154 key=0|com.samsung.android.calendar|1|1154|10193: Notification(channel=calendar_noti_ch_id_reminder shortcut=null contentView=null vibrate=null sound=null defaults=0x0 flags=0x8 color=0xff0087aa category=event groupKey=com.samsung.android.app.calendar.notification.EVENT_GROUP actions=3 vis=PRIVATE semFlags=0x0 semPriority=0 semMissedCount=0))
04-19 16:01:55.670  8492  8568 I FreeformContainer: [Manager] handleMessage: SMART_POPUP_VIEW_REMOVE_ITEM
04-19 16:01:55.676  5900  5900 I CCalendar$CalendarActionReceiver: onReceived : com.android.calendar.SEND_ALERTINFO_ACTION
04-19 16:01:55.677 22061 22077 W libc    : Access denied finding property "sys.perf.boostopt"
04-19 16:01:55.678  8492  8568 W FreeformContainer: [Manager] SMART_POPUP_VIEW_REMOVE_ITEM failed, due to no smart popup view item which has packageName: com.samsung.android.calendar
04-19 16:01:55.678  5224  5224 E audit   : type=1400 audit(1681912915.665:103184): avc:  denied  { read } for  pid=22061 comm="binder:22061_1" name="u:object_r:perf_prop:s0" dev="tmpfs" ino=16829 scontext=u:r:untrusted_app:s0:c15,c257,c512,c768 tcontext=u:object_r:perf_prop:s0 tclass=file permissive=0 SEPF_SM-A515F_13_0001 audit_filtered
04-19 16:01:55.691  5628  9255 D ApplicationPolicy: isStatusBarNotificationAllowedAsUser: packageName = com.samsung.android.calendar,userId = 0
04-19 16:01:55.695  8492  8492 I FreeformContainer: [SmartPopupViewService] onNotificationRemoved: StatusBarNotification(pkg=com.samsung.android.calendar user=UserHandle{0} id=1 tag=2147483646 key=0|com.samsung.android.calendar|1|2147483646|10193: Notification(channel=calendar_noti_ch_id_reminder shortcut=null contentView=null vibrate=null sound=null defaults=0x0 flags=0x208 color=0xff0087aa category=event groupKey=com.samsung.android.app.calendar.notification.EVENT_GROUP vis=PRIVATE semFlags=0x100 semPriority=0 semMissedCount=0))
04-19 16:01:55.695  8492  8568 I FreeformContainer: [Manager] handleMessage: SMART_POPUP_VIEW_REMOVE_ITEM
04-19 16:01:55.695  8492  8568 W FreeformContainer: [Manager] SMART_POPUP_VIEW_REMOVE_ITEM failed, due to no smart popup view item which has packageName: com.samsung.android.calendar
04-19 16:01:55.699 22061 22079 W libc    : Access denied finding property "sys.perf.boostopt"
04-19 16:01:55.701 21928 22046 I AppMetrica: Activate reporter with APIKey 478cb909-xxxx-xxxx-xxxx-xxxxxxxx9f93
04-19 16:01:55.704  8513  8513 D BubblesManager: setupNotifPipeline(), onEntryRemoved : reason=8
04-19 16:01:55.705 22061 22061 D CompatibilityChangeReporter: Compat change id reported: 171979766; UID 10271; state: ENABLED
04-19 16:01:55.712  6057  6576 I NotificationPipeline: Processing notification dismissal on phone: 0|com.samsung.android.calendar|1|1154|10193
04-19 16:01:55.712  6057  6576 I Notification4Heart_NB: NotificationBridgeCallback.onNotificationRemoved->>> Enter <<<
04-19 16:01:55.714  5900 22078 I CCalendar$CalendarIntentHandler: Handle intent : com.android.calendar.SEND_ALERTINFO_ACTION
04-19 16:01:55.722 21948 22017 D CompatibilityChangeReporter: Compat change id reported: 183155436; UID 10222; state: ENABLED
04-19 16:01:55.723  5628  8567 D NotificationService: NMS : requestListenerHintsForWearable state=0
04-19 16:01:55.724  6057  6576 W Notification4Heart_NB: PendingManager.onBridgeFlushQueueEvent-flush pending notifications!!
04-19 16:01:55.726  6057  6576 I Notification4Heart_NB: PendingManager.requestFlushNotifications->>> Enter <<<
04-19 16:01:55.730  5628  9255 D ApplicationPolicy: isStatusBarNotificationAllowedAsUser: packageName = com.samsung.android.calendar,userId = 0
04-19 16:01:55.731  5628  5714 W libprocessgroup: Failed to open /dev/blkio//cgroup.procs: No such file or directory
04-19 16:01:55.731  5628  8567 D PackageManager: setEnabledSetting : userId = 0 packageName = com.yandex.browser cmp = com.yandex.browser.InstallReceiver newState = 0 callingPackage = 10271/com.yandex.browser
04-19 16:01:55.732 21481 21481 I TimeFormatUtils: clearStaticFlag
04-19 16:01:55.733  5628  8567 D ApplicationPolicy: getApplicationStateEnabled : pkg = com.yandex.browser userId : 0
04-19 16:01:55.734  5628  8567 D ApplicationPolicy: getApplicationComponentState : pkg = com.yandex.browser userId : 0
04-19 16:01:55.747  5900 22078 I CCalendar$CalendarFocusMode: KeyName : is_child_account, Value : false
04-19 16:01:55.748 21948 22017 I AppMetrica: Initializing of Metrica, Release type, Version 5.3.2, API Level 106, Dated 23.03.2023.
04-19 16:01:55.765  5900 22078 I CCalendar$CalendarFocusMode: KeyName : is_on, Value : false
04-19 16:01:55.767  5900 22078 I CCalendar$CalendarFocusMode: isFocusModeOn : false
04-19 16:01:55.767  5900 22078 I CCalendar$AlarmManager: AlertSetting : 1154/1154/0/1/0/0
04-19 16:01:55.776  6057  6576 I NotifDismissalHandler: Notification 0|com.samsung.android.calendar|1|1154|10193 dismissed on phone, deleting data item /bridger/stream_item:c8317ad1:com.samsung.android.calendar:1:1154:0~7Ccom.samsung.android.calendar~7C1~7C1154~7C10193
04-19 16:01:55.783 22061 22061 D nativeloader: Configuring classloader-namespace for other apk /system/framework/org.apache.http.legacy.jar. target_sdk_version=33, uses_libraries=ALL, library_path=/data/app/~~QTWB6isqf8WWJRN0FBDCXQ==/com.yandex.browser-1nTDn5x7mYtcLjoDb88MPg==/lib/arm64:/data/app/~~QTWB6isqf8WWJRN0FBDCXQ==/com.yandex.browser-1nTDn5x7mYtcLjoDb88MPg==/base.apk!/lib/arm64-v8a:/data/app/~~QTWB6isqf8WWJRN0FBDCXQ==/com.yandex.browser-1nTDn5x7mYtcLjoDb88MPg==/split_config.en.apk!/lib/arm64-v8a:/data/app/~~QTWB6isqf8WWJRN0FBDCXQ==/com.yandex.browser-1nTDn5x7mYtcLjoDb88MPg==/split_config.ru.apk!/lib/arm64-v8a:/data/app/~~QTWB6isqf8WWJRN0FBDCXQ==/com.yandex.browser-1nTDn5x7mYtcLjoDb88MPg==/split_config.xxhdpi.apk!/lib/arm64-v8a, permitted_path=/data:/mnt/expand:/data/user/0/com.yandex.browser
04-19 16:01:55.783 22061 22061 D nativeloader: Extending system_exposed_libraries: libhumantracking.arcsoft.so:libPortraitDistortionCorrection.arcsoft.so:libPortraitDistortionCorrectionCali.arcsoft.so:libface_landmark.arcsoft.so:libFacialStickerEngine.arcsoft.so:libveengine.arcsoft.so:liblow_light_hdr.arcsoft.so:libhigh_dynamic_range.arcsoft.so:libFacialAttributeDetection.arcsoft.so:libBeauty_v4.camera.samsung.so:libexifa.camera.samsung.so:libjpega.camera.samsung.so:libOpenCv.camera.samsung.so:libImageScreener.camera.samsung.so:libMyFilter.camera.samsung.so:libtensorflowLite.myfilter.camera.samsung.so:libtensorflowlite_inference_api.myfilter.camera.samsung.so:libEventFinder.camera.samsung.so:libHIDTSnapJNI.camera.samsung.so:libSmartScan.camera.samsung.so:libRectify.camera.samsung.so:libDocRectifyWrapper.camera.samsung.so:libUltraWideDistortionCorrection.camera.samsung.so:libHpr_RecGAE_cvFeature_v1.0.camera.samsung.so:libHprFace_GAE_api.camera.samsung.so:libFace_Landmark_API.camera.samsung.so:libHprFace_GAE_jni.camera.samsung.so:libFacialBasedSelfieCorrec
04-19 16:01:55.801 20367 22003 W SHEALTH#SOCIAL#SocialStepSyncWorker: [SocialStepSyncWorker][doWork] finish
04-19 16:01:55.801  8513  8513 D PluginInstanceManager: stopListening
04-19 16:01:55.808  6057  6576 I NotificationPipeline: Processing notification dismissal on phone: 0|com.samsung.android.calendar|1|2147483646|10193
04-19 16:01:55.809  6057  6576 I Notification4Heart_NB: NotificationBridgeCallback.onNotificationRemoved->>> Enter <<<
04-19 16:01:55.812  5628  8607 D NotificationService: NMS : requestListenerHintsForWearable state=0
04-19 16:01:55.813  6057  6576 W Notification4Heart_NB: PendingManager.onBridgeFlushQueueEvent-flush pending notifications!!
04-19 16:01:55.814  6057  6576 I Notification4Heart_NB: PendingManager.requestFlushNotifications->>> Enter <<<
04-19 16:01:55.844  6057  6576 I NotifDismissalHandler: Notification 0|com.samsung.android.calendar|1|2147483646|10193 dismissed on phone, deleting data item /bridger/stream_item:c8317ad1:com.samsung.android.calendar:1:2147483646:0~7Ccom.samsung.android.calendar~7C1~7C2147483646~7C10193
04-19 16:01:55.847  8513  8513 I FaceWidgetPositionAlgorithm: getClockContainerHeight() supplier = 270, bottom margin = 0, real height = 333
04-19 16:01:55.847  8513  8513 I FaceWidgetPositionAlgorithm: getClockContainerHeight() supplier = 270, bottom margin = 63, real height = 333
04-19 16:01:55.848  8513  8513 I FaceWidgetPositionAlgorithm: getMediaContainerHeight() height = 0 container Visibility = 8, isValid = false, mIsDozing = false, fraction = 1.0, source = 0, target = 0
04-19 16:01:55.848  8513  8513 I FaceWidgetPositionAlgorithm: getMediaContainerHeight() supplier = 0
04-19 16:01:55.858 10919 10953 I FuseDaemon: Background young concurrent copying GC freed 77863(5549KB) AllocSpace objects, 0(0B) LOS objects, 59% free, 3810KB/9459KB, paused 215us,129us total 163.230ms
04-19 16:01:55.865  5900 22078 I CCalendar$NotificationSettingManager: NotificationEnabled() : true
04-19 16:01:55.865  5900 22078 I CCalendar$MessageSender: S] Send Message  : /c_calendar/perform_alarm
04-19 16:01:55.866 13194 16391 W libc    : Access denied finding property "sys.perf.boostopt"
04-19 16:01:55.868 22061 22061 W ziparchive: Unable to open '/data/app/~~QTWB6isqf8WWJRN0FBDCXQ==/com.yandex.browser-1nTDn5x7mYtcLjoDb88MPg==/split_config.en.dm': No such file or directory
04-19 16:01:55.869 22061 22061 W ziparchive: Unable to open '/data/app/~~QTWB6isqf8WWJRN0FBDCXQ==/com.yandex.browser-1nTDn5x7mYtcLjoDb88MPg==/split_config.en.dm': No such file or directory
04-19 16:01:55.870 22061 22061 W browser:Metrica: Entry not found
04-19 16:01:55.871 22061 22061 W ziparchive: Unable to open '/data/app/~~QTWB6isqf8WWJRN0FBDCXQ==/com.yandex.browser-1nTDn5x7mYtcLjoDb88MPg==/split_config.ru.dm': No such file or directory
04-19 16:01:55.871 22061 22061 W ziparchive: Unable to open '/data/app/~~QTWB6isqf8WWJRN0FBDCXQ==/com.yandex.browser-1nTDn5x7mYtcLjoDb88MPg==/split_config.ru.dm': No such file or directory
04-19 16:01:55.872 22061 22061 W browser:Metrica: Entry not found
