04-16 04:33:03.135  5287  5524 W RefBase : CallStack::getCurrentInternal not linked, returning null
04-16 04:33:03.135  5287  5524 W RefBase : CallStack::logStackInternal not linked
04-16 04:33:03.135  5287  5524 W RefBase : RefBase: Explicit destruction, weak count = 0 (in 0xedc577c0). Use sp<> to manage this object.
04-16 04:33:03.135  5287  5524 W RefBase : CallStack::getCurrentInternal not linked, returning null
04-16 04:33:03.135  5287  5524 W RefBase : CallStack::logStackInternal not linked
04-16 04:33:03.135  5287  5524 W RefBase : RefBase: Explicit destruction, weak count = 0 (in 0xeb8fcb8c). Use sp<> to manage this object.
04-16 04:33:03.135  5287  5524 W RefBase : CallStack::getCurrentInternal not linked, returning null
04-16 04:33:03.135  5287  5524 W RefBase : CallStack::logStackInternal not linked
04-16 04:33:03.136  5287  5524 W RefBase : RefBase: Explicit destruction, weak count = 0 (in 0xed5b9c54). Use sp<> to manage this object.
04-16 04:33:03.136  5287  5524 W RefBase : CallStack::getCurrentInternal not linked, returning null
04-16 04:33:03.136  5287  5524 W RefBase : CallStack::logStackInternal not linked
04-16 04:33:03.136  5287  5524 I ExynosCameraSec: [CAM(1)][Front_0]-(m_vendorSpecificDestructor[145]):-IN-
04-16 04:33:03.136  5287  5524 I ExynosCameraSec: [CAM(1)][Front_0]-(m_vendorSpecificDestructor[173]):-OUT-
04-16 04:33:03.136  5287  5524 I ExynosCamera: [CAM(1)][Front_0]-(m_deinit[1072]):-OUT-
04-16 04:33:03.136  5287  5524 I ExynosCamera: [CAM(1)][Front_0]-(m_deinitMultiCam[1078]):-IN-
04-16 04:33:03.136  5287  5524 I ExynosCamera: [CAM(1)][Front_0]-(m_deinitMultiCam[1133]):-OUT-
04-16 04:33:03.139  5287  5524 I ExynosCameraInterface: INFO(HAL3_camera_device_close[367]):close camera(1)
04-16 04:33:03.139  5287  5524 I ExynosCameraInterface: INFO(HAL3_camera_device_close[382]):out =====
04-16 04:33:03.139  5287  5524 I ExynosCameraInterface: DEBUG:duration time(   47 msec):(HAL3_camera_device_close)
04-16 04:33:03.140  5445  5878 D HidlCamera3-Device: CameraPerf: close X (49ms)
04-16 04:33:03.140  5445  5878 D Camera3-OutputStream: disconnectLocked: disconnecting stream 0 from native window
04-16 04:33:03.143 20628 20770 I [SC]SyncSettingManager: getIsSyncable: com.samsung.android.app.reminder
04-16 04:33:03.143 20628 20628 I CapsuleProvider_1.0.23: releasing initialize wait lock.
04-16 04:33:03.146 20628 20628 I [SC]SbixbyProxy: Bixby 2.0 was activiated
04-16 04:33:03.151  5445  5878 I CameraLatencyHistogram: Stream 0 dequeueBuffer latency histogram (10) samples:
04-16 04:33:03.153 11006 27382 I DMASA[D][026-399-529756]: [DiagmonProvider]Received msg based on provider : aperf / report_aperf
04-16 04:33:03.154  5445  5878 I CameraLatencyHistogram:         5     10     15     20     25     30     35     40     45    inf (max ms)
04-16 04:33:03.154  5445  5878 I CameraLatencyHistogram:      70.00   20.00   10.00   0.00   0.00   0.00   0.00   0.00   0.00   0.00 (%)
04-16 04:33:03.154  5445  5878 I CameraLatencyHistogram: Stream 0 enqueueBuffer latency histogram (3) samples:
04-16 04:33:03.154  5445  5878 I CameraLatencyHistogram:         5     10     15     20     25     30     35     40     45    inf (max ms)
04-16 04:33:03.154  5445  5878 I CameraLatencyHistogram:      100.00   0.00   0.00   0.00   0.00   0.00   0.00   0.00   0.00   0.00 (%)
04-16 04:33:03.154  5445  5878 I Camera3-Device: disconnectImpl: X
04-16 04:33:03.154  5445  5878 I CameraServiceProxyWrapper: updateProxyDeviceState: notifyCameraState for Camera ID 3, newState 3, facing 1, clientName com.samsung.adaptivebrightnessgo, apiLevel 2
04-16 04:33:03.154  5445  5878 D CameraService: BasicClient::disconnect E
04-16 04:33:03.156 11006 27382 I DMASA[D][026-399-529756]: [DiagmonProvider]Signature Check Success
04-16 04:33:03.157 11006 27382 I DMASA[D][026-399-529756]: [DiagmonProvider]Action : Report aPerf data
04-16 04:33:03.157  5445  5878 I CameraService: this package is a adaptive brightness app.
04-16 04:33:03.160  5445  5878 I CameraService: finishCameraOps: Finish camera ops, package name = com.samsung.adaptivebrightnessgo, client UID = 5021
04-16 04:33:03.160  5445  5878 I CameraService: this package is a adaptive brightness app.
04-16 04:33:03.160  5445  5878 I CameraService: Drop updateStatus callbak for package com.samsung.adaptivebrightnessgo(pid 16167)
04-16 04:33:03.162  8513  8928 I CameraManagerGlobal: Camera 3 facing CAMERA_FACING_FRONT state now CAMERA_STATE_CLOSED for client com.samsung.adaptivebrightnessgo API Level 2
04-16 04:33:03.163  5628  8565 I CameraManagerGlobal: Camera 3 facing CAMERA_FACING_FRONT state now CAMERA_STATE_CLOSED for client com.samsung.adaptivebrightnessgo API Level 2
04-16 04:33:03.163  8513  9595 D CameraAvailabilityListener: onCameraDeviceStateChanged: id=3, facing=1, state=CAMERA_STATE_CLOSED, client=com.samsung.adaptivebrightnessgo
04-16 04:33:03.163  8924 19461 I CameraManagerGlobal: Camera 3 facing CAMERA_FACING_FRONT state now CAMERA_STATE_CLOSED for client com.samsung.adaptivebrightnessgo API Level 2
04-16 04:33:03.163  2959  2979 I CameraManagerGlobal: Camera 3 facing CAMERA_FACING_FRONT state now CAMERA_STATE_CLOSED for client com.samsung.adaptivebrightnessgo API Level 2
04-16 04:33:03.163 11012 11673 I CameraManagerGlobal: Camera 3 facing CAMERA_FACING_FRONT state now CAMERA_STATE_CLOSED for client com.samsung.adaptivebrightnessgo API Level 2
04-16 04:33:03.164 11012 11673 I CameraManagerGlobal: onCameraDeviceStateChangedLocked: post device state update
04-16 04:33:03.164 11012 11673 I CameraManagerGlobal: onCameraDeviceStateChangedLocked: post device state update
04-16 04:33:03.164 20927 20960 I [scsettingv2std][2.0.14.0]: getIsSyncable: 1
04-16 04:33:03.164 16167 16200 I CameraManagerGlobal: Camera 3 facing CAMERA_FACING_FRONT state now CAMERA_STATE_CLOSED for client com.samsung.adaptivebrightnessgo API Level 2
04-16 04:33:03.165 20628 20770 I [SC][DEPENDENCY][STD][com.samsung.android.app.reminder][STANDALONE]: getIsSyncable: 1
04-16 04:33:03.166 20628 20770 I [SC]SyncSettingManager: setSyncStatus: SyncStatusVo{authority='com.samsung.android.app.reminder', state='INACTIVE', errorCode='999'}
04-16 04:33:03.167  5445  5878 I CameraFlashlight: deviceClosed: device 3 is closed
04-16 04:33:03.167  5445  5878 I CameraService: disconnect: Disconnected client for camera 3 for PID 16167
04-16 04:33:03.167  5445  5878 D CameraService: BasicClient::disconnect X
04-16 04:33:03.168 16167 20912 W ivebrightnessgo: Long monitor contention with owner CameraServiceThread (16213) at void android.hardware.camera2.impl.CameraDeviceImpl.close()(CameraDeviceImpl.java:1430) waiters=0 in void android.hardware.camera2.impl.CameraDeviceImpl$4.run() for 250ms
04-16 04:33:03.168 20628 20770 I [SC]SyncSettingManager: getContentVo: com.samsung.android.app.reminder, kRDlpo6Brb
04-16 04:33:03.168 16167 16213 I CameraLightSensor_Service: Camera released, time taken= 875 cameraLock= true
04-16 04:33:03.168 16167 16213 I CameraLightSensor_Service: stopBackgroundThread : mBackgroundHandler is set to null
04-16 04:33:03.172 11006 27382 I DMASA[D]: [a]Generate operation: application_initializing(f971d56d-e8ff-4291-9900-ae9afd8c1bc3)
04-16 04:33:03.178 11006 27382 I DMASA[D]: [b]3.0
04-16 04:33:03.178 20628 20724 I [SC]SyncSettingManager: getCategories
04-16 04:33:03.184 20628 20628 I [SC]SiopLevelMonitorReceiverImpl: onReceive: com.samsung.intent.action.CHECK_SIOP_LEVEL
04-16 04:33:03.187 20628 20628 I [SC]BatteryMonitorReceiverImpl: onReceive: android.intent.action.BATTERY_CHANGED
04-16 04:33:03.187  5628  8565 D IcccManagerService: IcccManagerService() - Valid Caller
04-16 04:33:03.194  4378  4378 I hwservicemanager: Since vendor.samsung.hardware.tlc.iccc@1.0::ISehIccc/default is not registered, trying to start it as a lazy HAL.
04-16 04:33:03.201  4378  4378 I hwservicemanager: Since vendor.samsung.hardware.tlc.iccc@1.0::ISehIccc/default is not registered, trying to start it as a lazy HAL.
04-16 04:33:03.201  5628  8565 I HidlServiceManagement: getService: Trying again for vendor.samsung.hardware.tlc.iccc@1.0::ISehIccc/default...
04-16 04:33:03.202 20628 20724 I [SC]SyncRunnerManager: initializing: com.samsung.android.aremoji.cloud
04-16 04:33:03.202 20628 20724 I [SC]SyncRunnerFactory: SyncRunner: com.samsung.android.aremoji.cloud is created
04-16 04:33:03.203 20628 20724 I [SC]SyncRunnerManager: initializing: com.android.contacts
04-16 04:33:03.203 20628 20998 I [SC][AUTH]SamsungAccountService: onServiceConnected.
04-16 04:33:03.203 20628 20724 I [SC]SyncRunnerFactory: SyncRunner: com.android.contacts is created
04-16 04:33:03.203 20628 20724 I [SC]SyncRunnerManager: initializing: com.android.calendar
04-16 04:33:03.203 20628 20724 I [SC]SyncRunnerFactory: SyncRunner: com.android.calendar is created
04-16 04:33:03.203 20628 20724 I [SC]SyncRunnerManager: initializing: com.samsung.bt.btservice.btsettingsprovider
04-16 04:33:03.204 20628 20724 I [SC]SyncRunnerFactory: SyncRunner: com.samsung.bt.btservice.btsettingsprovider is created
04-16 04:33:03.204 20628 20724 I [SC]SyncRunnerManager: initializing: com.android.settings.wifiprofilesync
04-16 04:33:03.204 20628 20724 I [SC]SyncRunnerFactory: SyncRunner: com.android.settings.wifiprofilesync is created
04-16 04:33:03.204 20628 20724 I [SC]SyncRunnerManager: initializing: media
04-16 04:33:03.204 20628 20724 I [SC]SyncRunnerFactory: SyncRunner: media is created
04-16 04:33:03.204 20628 20724 I [SC]SyncRunnerManager: initializing: com.samsung.android.samsungpass.scloud
04-16 04:33:03.204 20628 20724 I [SC]SyncRunnerFactory: SyncRunner: com.samsung.android.samsungpass.scloud is created
04-16 04:33:03.204 20628 20724 I [SC]SyncRunnerManager: initializing: com.samsung.android.app.reminder
04-16 04:33:03.204 20628 20724 I [SC]SyncRunnerFactory: SyncRunner: com.samsung.android.app.reminder is created
04-16 04:33:03.205 20628 20724 I [SC]SyncRunnerManager: initializing: com.samsung.android.app.notes.sync
04-16 04:33:03.205 20628 20724 I [SC]SyncRunnerFactory: SyncRunner: com.samsung.android.app.notes.sync is created
04-16 04:33:03.205 20628 20724 I [SC]DevicePropertyManager: addPropertyChangeListener: isCloudAppEnabled
04-16 04:33:03.208 20628 20724 I [SC]SyncRunnerManager: initializing 9 runners are done
04-16 04:33:03.231 12129 13302 I SamsungAccount: [OpenContentProvider]  URI : content://com.msc.openprovider.openContentProvider/tncRequest
04-16 04:33:03.231 12129 13302 I SamsungAccount: [AccountManagerUtil] isSamsungAccountSignedIn : true
04-16 04:33:03.238 12129 13302 I SamsungAccount: [SignatureCheckUtil] runCheckSignatureWithEmptyId
04-16 04:33:03.239 12129 13302 I SamsungAccount: [SignatureCheckUtil] runCheckSignatureAsync
04-16 04:33:03.241 12129 13302 I SamsungAccount: [SignaturePreconditionChecker] getSignatureResult - fromSesSdk : true
04-16 04:33:03.246 12129 13302 I SamsungAccount: [SignatureInfoDbHelper] getSignatureResult - [][android.scloud.]
04-16 04:33:03.253 12129 13302 I SamsungAccount: [SignatureInfoHelper] getClientIdFromMetaData : [10/c27bh]
04-16 04:33:03.254 12129 13302 I SamsungAccount: [SignatureInfoDbHelper] searchOnUser
04-16 04:33:03.274 12129 13302 I SamsungAccount: [SignatureInfoDbHelper] searchOnUser - [10/c27bh][android.scloud.][64/3291d] => matched
04-16 04:33:03.274 12129 13302 I SamsungAccount: [SignatureInfoDbHelper] search - matched
04-16 04:33:03.274 12129 13302 I SamsungAccount: [SignatureCheckUtil] runCheckSignatureAsync(fromDb) - matched
04-16 04:33:03.286 20628 20998 I [SC][AUTH]AccountSupplier: isValidSamsungAccount: name: 0 email: 0
04-16 04:33:03.298 12129 13302 I SamsungAccount: [OpenContentProvider]  URI : content://com.msc.openprovider.openContentProvider/tncRequest
04-16 04:33:03.299 12129 13302 I SamsungAccount: [AccountManagerUtil] isSamsungAccountSignedIn : true
04-16 04:33:03.302 12129 13302 I SamsungAccount: [SignatureCheckUtil] runCheckSignatureWithEmptyId
04-16 04:33:03.302 12129 13302 I SamsungAccount: [SignatureCheckUtil] runCheckSignatureAsync
04-16 04:33:03.302 12129 13302 I SamsungAccount: [SignaturePreconditionChecker] getSignatureResult - fromSesSdk : true
04-16 04:33:03.303 12129 13302 I SamsungAccount: [SignatureInfoDbHelper] getSignatureResult - [][android.scloud.]
04-16 04:33:03.303 12129 13302 I SamsungAccount: [SignatureInfoHelper] getClientIdFromMetaData : [10/c27bh]
04-16 04:33:03.303 12129 13302 I SamsungAccount: [SignatureInfoDbHelper] searchOnUser
04-16 04:33:03.313 12129 13302 I SamsungAccount: [SignatureInfoDbHelper] searchOnUser - [10/c27bh][android.scloud.][64/3291d] => matched
04-16 04:33:03.314 12129 13302 I SamsungAccount: [SignatureInfoDbHelper] search - matched
04-16 04:33:03.315 12129 13302 I SamsungAccount: [SignatureCheckUtil] runCheckSignatureAsync(fromDb) - matched
04-16 04:33:03.316  5628 16160 D MotionRecognitionService: values = 100.0
04-16 04:33:03.317  5628 16160 D MotionRecognitionService: onReceive lux: 100.0  action:
04-16 04:33:03.317  5628 16160 D MotionRecognitionService: Inject brightness form Cam 100.0
04-16 04:33:03.317  5628 16160 D MotionRecognitionService: Inject calibrated lux
04-16 04:33:03.319  5271  5271 I SensorsHub: AutoBrightnessSensor::injectSensorData: camLux 100
04-16 04:33:03.336 20628 20998 I [SC][AUTH]AccountSupplier: isValidSamsungAccount: name: 0 email: 0
04-16 04:33:03.343 21003 21003 I teecl   : NW> Starting log for teecl
04-16 04:33:03.344 12129 13302 I SamsungAccount: [AIDLInterfaceBinder] [InAIDL] registerCallback start
04-16 04:33:03.345 12129 13302 I SamsungAccount: [AIDLInterfaceBinder] [InAIDL] REG_CALLING_PACKAGE : android.scloud.
04-16 04:33:03.345 12129 13302 I SamsungAccount: [AIDLInterfaceBinder] [InAIDL] registerCallback start. Package = android.scloud.
04-16 04:33:03.345 12129 13302 I SamsungAccount: [CBM] [InAIDL-CallbackManager] registerCallback
04-16 04:33:03.345 12129 13302 I SamsungAccount: [CBM] [InAIDL-CallbackManager] checkRegisterCallbackCondition
04-16 04:33:03.345 12129 13302 I SamsungAccount: [CBM] [InAIDL-CallbackManager]getRegistrationCodeIfAlreadyRegistered
04-16 04:33:03.345 12129 13302 I SamsungAccount: [CBM] [InAIDL-CallbackManager]Success registerCallback
04-16 04:33:03.346 12129 13302 I SamsungAccount: [AIDLInterfaceBinder] [InAIDL] registerCallback end. registrationCode :Y29tLnNhbXN1bmcuYW5kcm9pZC5zY2xvdWQ0 Package = android.scloud.
04-16 04:33:03.348 20628 21009 I [SC]CtbDeviceRepository: updateSiopLevel. siopLevel: 0
04-16 04:33:03.354 20628 20998 I [SC][AUTH]SamsungAccountService: ServiceConnection: onServiceConnected. Y29tLnNhbXN1bmcuYW5kcm9pZC5zY2xvdWQ0
04-16 04:33:03.354 20628 20998 I [SC][AUTH]SamsungAccountService: ServiceConnection: onServiceConnected. request.
04-16 04:33:03.356 21003 21003 I HidlServiceManagement: Registered vendor.samsung.hardware.tlc.iccc@1.0::ISehIccc/default
04-16 04:33:03.356 21003 21003 I HidlServiceManagement: Removing namespace from process name vendor.samsung.hardware.tlc.iccc@1.0-service to iccc@1.0-service.
04-16 04:33:03.357 12129 13302 I SamsungAccount: [AIDLInterfaceBinder] [InAIDL] requestAccesstoken
04-16 04:33:03.358 12129 13302 I SamsungAccount: [AIDLInterfaceBinder] [InAIDL] BundleInfo = [ additional:user_id,cc,api_server_url,auth_server_url,login_id, scope:galaxystore.openapi]
04-16 04:33:03.358 12129 13302 I SamsungAccount: [AIDLInterfaceBinder] [InAIDL] checkRequestCondition
04-16 04:33:03.358 12129 13302 I SamsungAccount: [CBM] [InAIDL-CallbackManager]getCallbackInfo
04-16 04:33:03.359 12129 13302 I SamsungAccount: [CBM] [InAIDL-CallbackManager]getCallbackInfo
04-16 04:33:03.359 12129 13302 I SamsungAccount: [AIDLInterfaceBinder] [InAIDL]Start AccessTokenRunnable Thread. package = android.scloud.
04-16 04:33:03.362 12129 13302 I SamsungAccount: [PermissionsUtils] checkPrivilegedPhonePermissionOfCallingPackage
04-16 04:33:03.364 12129 13302 I SamsungAccount: [PermissionsUtils] hasPrivilegedPhonePermission : true
04-16 04:33:03.364 12129 13302 I SamsungAccount: [CBM] [InAIDL-CallbackManager]getCallbackInfo
04-16 04:33:03.365 12129 13302 I SamsungAccount: [CBM] setCurrentRequestType :1
04-16 04:33:03.368  4378  4378 I hw-BpHwBinder: onLastStrongRef automatically unlinking death recipients
04-16 04:33:03.368 21003 21010 I TZ_ICCC_initialize_TLC: process = 000000000000000000000053545354ab, process_strlen = 32
04-16 04:33:03.375 12129 21013 I SamsungAccount: [AbstractProcessRunnable] [InAIDL-AbstractProcessRunnable]isAvailableRunningProcess start Package = android.scloud.
04-16 04:33:03.378 12129 21013 I SamsungAccount: [NetworkStateUtil] == networkStateCheck == true
04-16 04:33:03.378 12129 21013 I SamsungAccount: [AccountManagerUtil] isSamsungAccountSignedIn : true
04-16 04:33:03.378 12129 21013 I SamsungAccount: [DbManagerV2] getDataState : VALID
04-16 04:33:03.378 12129 21013 I SamsungAccount: [SignatureCheckUtil] runCheckSignatureAsync
04-16 04:33:03.378 12129 21013 I SamsungAccount: [SignaturePreconditionChecker] getSignatureResult - fromSesSdk : false
04-16 04:33:03.378 12129 21013 I SamsungAccount: [SignatureInfoDbHelper] getSignatureResult - [10/c27bh][android.scloud.]
04-16 04:33:03.379 12129 21013 I SamsungAccount: [SignatureInfoDbHelper] searchOnUser
04-16 04:33:03.385 12129 21013 I SamsungAccount: [SignatureInfoDbHelper] searchOnUser - [10/c27bh][android.scloud.][64/3291d] => matched
04-16 04:33:03.385 12129 21013 I SamsungAccount: [SignatureInfoDbHelper] search - matched
04-16 04:33:03.386 12129 21013 I SamsungAccount: [SignatureCheckUtil] runCheckSignatureAsync(fromDb) - matched
04-16 04:33:03.386 12129 21013 I SamsungAccount: [AbstractProcessRunnable] [InAIDL-AbstractProcessRunnable]isAvailableRunningProcess end. Package = android.scloud.
04-16 04:33:03.386 12129 21013 I SamsungAccount: [AccessTokenRunnable] [InAIDL-AccessTokenRunnable]runProcess start. Package = android.scloud.
04-16 04:33:03.389 12129 21013 I SamsungAccount: [StateCheckUtil] isGoogleLinked = true
04-16 04:33:03.390 12129 21013 I SamsungAccount: [AccessTokenRunnable] check_basic_profile = false needToCheckServer = false
04-16 04:33:03.392 20927 21005 I Reminder$Bixby2.0: [BixbyService] initialize Bixby2.0
04-16 04:33:03.392 20927 21005 I CapsuleProvider_1.0.23: releasing initialize wait lock.
04-16 04:33:03.399 12129 21013 I SamsungAccount: [DeviceManager] salesCode : SER
04-16 04:33:03.399 12129 21013 I SamsungAccount: [DeviceManager] isNewLduProdCode : false
04-16 04:33:03.400 12129 21013 I SamsungAccount: [CountryCodeUtil] isChinaCountryCode : false
04-16 04:33:03.400 12129 21013 I SamsungAccount: [ChinaPermissionUtil] isChnSecurityPopupNeeded - false
04-16 04:33:03.407 12129 21013 I SamsungAccount: [StateCheckUtil] isChildAccount : false
04-16 04:33:03.408 12129 21013 I SamsungAccount: [AccessTokenRunnable] [InAIDL-AccessTokenRunnable]isAccessTokenReusable. Package = android.scloud.
04-16 04:33:03.408 12129 21013 I SamsungAccount: [StateCheckUtil] isOverIntervalTime, renewTimeStamp = false
04-16 04:33:03.408 12129 21013 I SamsungAccount: [AccessTokenRunnable] [InAIDL-AccessTokenRunnable]checkAndSetAccessToken. Package = android.scloud.
04-16 04:33:03.408 12129 21013 I SamsungAccount: [AccessToken] getAccessTokenInfo
04-16 04:33:03.410 12129 21013 I SamsungAccount: [RBIVO] getStringFormAdditionalBundleKey : expired_access_token
04-16 04:33:03.410 12129 21013 I SamsungAccount: [AccessTokenRunnable] expiredAccessToken is Empty. curTimeSec=1681612383, TimeGap=32786
04-16 04:33:03.410 12129 21013 I SamsungAccount: [AccessTokenRunnable] IsTokenReusable : true
04-16 04:33:03.410 12129 21013 I SamsungAccount: [AccessTokenRunnable] Accesstoken is reusable and isNeedToCheckServer is false
04-16 04:33:03.410 12129 21013 I SamsungAccount: [DbManagerV2] getMccFromDB
04-16 04:33:03.412 12129 21013 I SamsungAccount: [DbManagerV2] getDataV02ForItems : MCC from Cache
04-16 04:33:03.412 12129 21013 I SamsungAccount: [DataUtil] Not Skip Name Validation by accountMCC
04-16 04:33:03.412 12129 21013 I SamsungAccount: [LocalBusinessException] Not Skip Name Validation by AppId
04-16 04:33:03.412 12129 21013 I SamsungAccount: [OpenDBManager] getCheckListFromOpenDB
04-16 04:33:03.412 12129 21013 I SamsungAccount: [OpenDBManager] getTncResult
04-16 04:33:03.412 12129 21013 I SamsungAccount: [OpenDBManager] getTncCursor
04-16 04:33:03.413 12129 21013 I SamsungAccount: [OpenContentProvider]  URI : content://com.msc.openprovider.openContentProvider/tncRequest
04-16 04:33:03.413 12129 21013 I SamsungAccount: [AccountManagerUtil] isSamsungAccountSignedIn : true
04-16 04:33:03.414 12129 21013 I SamsungAccount: [SignatureCheckUtil] runCheckSignatureWithEmptyId
04-16 04:33:03.414 12129 21013 I SamsungAccount: [SignatureCheckUtil] runCheckSignatureAsync
04-16 04:33:03.414 12129 21013 I SamsungAccount: [SignaturePreconditionChecker] getSignatureResult - fromSesSdk : true
04-16 04:33:03.415 12129 21013 I SamsungAccount: [SignatureInfoDbHelper] getSignatureResult - [][app.signin.]
04-16 04:33:03.418 12129 21013 I SamsungAccount: [SignatureInfoDbHelper] searchOnUser
04-16 04:33:03.442 21003 21010 I TZ_ICCC_device_info_TLC: Trustlet response is completed
04-16 04:33:03.442 21003 21010 I TZ_ICCC_device_info_TLC: returning in the end of the method
04-16 04:33:03.443 21003 21010 I ICCC_HIDL_SERVICE: HIDL server return from TZ_ICCC_device_info_TLC api
04-16 04:33:03.443  5628  8565 I ICCC_HIDL_CLIENT: ICCC_device_info service returned success
04-16 04:33:03.444  5628  8565 I system_server: ICCC - Success to iccc_device_info, ret = 0
04-16 04:33:03.445 20927 21005 I Reminder$DeviceIdHelper: initOAID
04-16 04:33:03.453 20927 21005 I Reminder$DeviceIdHelper: it is not china mcc or deviceidservice is not installed
04-16 04:33:03.453 12129 21013 I SamsungAccount: [SignatureInfoDbHelper] searchOnUser - [][app.signin.][64/3291d] => matched
04-16 04:33:03.454 12129 21013 I SamsungAccount: [SignatureInfoDbHelper] search - matched
04-16 04:33:03.454 12129 21013 I SamsungAccount: [SignatureCheckUtil] runCheckSignatureAsync(fromDb) - matched
04-16 04:33:03.467 12129 21013 I SamsungAccount: [DbManagerV2] getMccFromDB
04-16 04:33:03.468 12129 21013 I SamsungAccount: [DbManagerV2] getDataV02ForItems : MCC from Cache
04-16 04:33:03.468 12129 21013 I SamsungAccount: [DataUtil] Not Skip Name Validation by accountMCC
04-16 04:33:03.471 12129 21013 I SamsungAccount: [OpenDBManager] isRequireField
04-16 04:33:03.471 12129 21013 I SamsungAccount: [OpenDBManager] getFieldCursor
04-16 04:33:03.472 12129 21013 I SamsungAccount: [OpenContentProvider]  URI : content://com.msc.openprovider.openContentProvider/mandatoryField
04-16 04:33:03.472 12129 21013 I SamsungAccount: [AccountManagerUtil] isSamsungAccountSignedIn : true
04-16 04:33:03.490 11006 27382 I DMASA[D][026-399-529756]: [DiagmonProvider]Remain quota: 984
04-16 04:33:03.493 20628 20992 I DIAGMON_SDK[605036][026-399-529756] : Results : Success, application_initializing(f971d56d-e8ff-4291-9900-ae9afd8c1bc3)
04-16 04:33:03.497  4613  4613 W keymaster_tee: [WRN]begin req PARAMS: A32 B2 P64
04-16 04:33:03.517  5628 16160 D MotionRecognitionService: values = 100.0
04-16 04:33:03.517  5628 16160 D MotionRecognitionService: onReceive lux: 100.0  action:
04-16 04:33:03.517  5628 16160 D MotionRecognitionService: Inject brightness form Cam 100.0
04-16 04:33:03.518  5628 16160 D MotionRecognitionService: Inject calibrated lux
04-16 04:33:03.518 12129 21013 I SamsungAccount: [StateCheckUtil] Validation Process is completed true
04-16 04:33:03.518 12129 21013 I SamsungAccount: [AccessTokenRunnable] [InAIDL-AccessTokenRunnable]AccessToken reuse. runProcess end. Package = android.scloud.
04-16 04:33:03.518 12129 21013 I SamsungAccount: [CBM] [InAIDL-CallbackManager]getCallbackInfo
04-16 04:33:03.518 12129 21013 I SamsungAccount: [CBM] setCurrentRequestType :0
04-16 04:33:03.518 12129 21013 I SamsungAccount: [AccountManagerUtil] isSamsungAccountSignedIn : true
04-16 04:33:03.519 12129 21013 I SamsungAccount: [AccessTokenRunnable] [InAIDL-AccessTokenRunnable]onProcessFinished. Package = android.scloud.
04-16 04:33:03.520  5271  5271 I SensorsHub: AutoBrightnessSensor::injectSensorData: camLux 100
04-16 04:33:03.520 12129 21013 I SamsungAccount: [DeviceManager] salesCode : SER
04-16 04:33:03.520 12129 21013 I SamsungAccount: [DeviceManager] isNewLduProdCode : false
04-16 04:33:03.520 12129 21013 I SamsungAccount: [CountryCodeUtil] isChinaCountryCode : false
04-16 04:33:03.520 12129 21013 I SamsungAccount: [ChinaPermissionUtil] isChnSecurityPopupNeeded - false
04-16 04:33:03.523 12129 21013 I SamsungAccount: [AccessTokenRunnable] [InAIDL-AccessTokenRunnable]checkAccessTokenAndRefreshToken. Package = android.scloud.
04-16 04:33:03.524 12129 21013 I SamsungAccount: [AccessTokenRunnable] [InAIDL-AccessTokenRunnable]handleProcessSuccessResult start. Package = android.scloud.
04-16 04:33:03.524 12129 21013 I SamsungAccount: [RBIVO] getStringArrFromAdditionalBundleKey : additional
04-16 04:33:03.524 12129 21013 I SamsungAccount: [AccessTokenRunnable] [InAIDL-AccessTokenRunnable]setAdditionalInfo start. Package = android.scloud.
04-16 04:33:03.524 12129 21013 I SamsungAccount: [AccessTokenRunnable] [InAIDL-AccessTokenRunnable]set user_id
04-16 04:33:03.524 12129 21013 I SamsungAccount: [DbManagerV2] getUserID
04-16 04:33:03.524 12129 21013 I SamsungAccount: [DbManagerV2] getDataV02ForItems : USER_ID from Cache
04-16 04:33:03.524 12129 21013 I SamsungAccount: [AccessTokenRunnable] [InAIDL-AccessTokenRunnable]set cc
04-16 04:33:03.524 12129 21013 I SamsungAccount: [DbManagerV2] getCountryCodeFromDB
04-16 04:33:03.524 12129 21013 I SamsungAccount: [DbManagerV2] getDataV02ForItems : COUNTRY_CODE from Cache
04-16 04:33:03.524 12129 21013 I SamsungAccount: [AccessTokenRunnable] [InAIDL-AccessTokenRunnable]set api_server_url
04-16 04:33:03.525 12129 21013 I SamsungAccount: [UrlManagerAuth] api_server_url for region
04-16 04:33:03.525 12129 21013 I SamsungAccount: [UrlManagerAuth] return region server url
04-16 04:33:03.525 12129 21013 I SamsungAccount: [AccessTokenRunnable] [InAIDL-AccessTokenRunnable]set auth_server_url
04-16 04:33:03.525 12129 21013 I SamsungAccount: [UrlManagerAuth] auth_server_url for region
04-16 04:33:03.525 12129 21013 I SamsungAccount: [UrlManagerAuth] return region server url
04-16 04:33:03.526 12129 21013 I SamsungAccount: [AccessTokenRunnable] [InAIDL-AccessTokenRunnable]set login_id
04-16 04:33:03.526 12129 21013 I SamsungAccount: [AccessTokenRunnable] [InAIDL-AccessTokenRunnable]setAdditionalInfo finish. Package = android.scloud.
04-16 04:33:03.527 20628 20643 I [SC][AUTH]SamsungAccountService: onReceiveAccessToken: true
04-16 04:33:03.527 20628 20643 I [SC][AUTH]AuthDataManager: setAccessToken
04-16 04:33:03.527 20628 20643 I [SC][AUTH]AuthDataManager: countDown: 0
04-16 04:33:03.528 20628 20699 I [SC][AUTH]AuthDataManager: Await countDownLatch: 0
04-16 04:33:03.528 20628 20699 I [SC]DeviceUtil: hasSepLiteSpec: false
04-16 04:33:03.528 20628 20699 I [SC]DeviceUtil: hasSepLiteSpec: false
04-16 04:33:03.529 20628 20699 I [SC]OneDrivePolicyManager: Loading Configuration Policy
04-16 04:33:03.531 20628 20726 W .android.scloud: Long monitor contention with owner pool-8-thread-1 (20699) at void com.samsung.scsp.framework.core.identity.ScspIdentity.transaction(java.lang.Runnable)(ScspIdentity.java:3) waiters=0 in void com.samsung.scsp.framework.core.identity.ScspIdentity.transaction(java.lang.Runnable) for 4.556s
04-16 04:33:03.532 12129 21013 I SamsungAccount: [AIDLInterfaceBinder] [InAIDL] unregisterCallback start
04-16 04:33:03.532 12129 21013 I SamsungAccount: [CBM] [InAIDL-CallbackManager]getCallbackInfo
04-16 04:33:03.532 12129 21013 I SamsungAccount: [RequestHistoryManager] ==AIDL ACCTOKEN HISTORY== android.scloud. => 04/16-04:33:03
04-16 04:33:03.533 12129 21013 I SamsungAccount: [CBM] [InAIDL-CallbackManager]unRegisterCallback
04-16 04:33:03.533 12129 21013 I SamsungAccount: [CBM] [InAIDL-CallbackManager]checkUnregisterCallbackCondition
04-16 04:33:03.533 12129 21013 I SamsungAccount: [CBM] [InAIDL-CallbackManager]getCallbackInfo
04-16 04:33:03.533 12129 21013 I SamsungAccount: [CBM] [InAIDL-CallbackManager] Unregister SuccessPackage = android.scloud.
04-16 04:33:03.533 12129 21013 I SamsungAccount: [AIDLInterfaceBinder] [InAIDL] unregisterCallback end
04-16 04:33:03.535 20628 20699 I [SC]ConfigurationManager: getCountryPolicy
04-16 04:33:03.538 20628 20726 I [SCSDK][C][2.0.14]: [SamsungCloud]getCloudToken
04-16 04:33:03.538 20628 20726 E [SCSDK][C][2.0.14]: [SContext]context is null
04-16 04:33:03.538 20628 20726 E [SCSDK][C][2.0.14]: [SamsungCloud]Cloud SDK is not initialized.
04-16 04:33:03.539 20628 20726 I [SC][AUTH]AuthUtil: getAuthData
04-16 04:33:03.543 20628 20726 I [SC][AUTH]AuthUtil: getAuthData
04-16 04:33:03.547 12129 12129 I SamsungAccount: [AIDLRequestService] OnDestroy Service
04-16 04:33:03.550 20927 21005 I FirebaseApp: Device unlocked: initializing all Firebase APIs for app [DEFAULT]
04-16 04:33:03.554 12129 21013 I SamsungAccount: [AccessTokenRunnable] [InAIDL-AccessTokenRunnable]handleProcessSuccessResult finish. Package = android.scloud.
04-16 04:33:03.554 12129 21013 I SamsungAccount: [StateCheckUtil] isChildAccount : false
04-16 04:33:03.559 20628 20699 I [SC]ConfigurationItemDataManager: getFilePath : configurationName = scloud_migrationCountry
04-16 04:33:03.563 20628 20726 I [SC][AUTH]AuthUtil: getAuthData
04-16 04:33:03.588  4613  4613 W keymaster_tee: [WRN]begin req PARAMS: A32 B2 P64
04-16 04:33:03.638  9877  9877 D BoundBrokerSvc: onUnbind: Intent { act=com.google.android.gms.checkin.START pkg=com.google.android.gms }
04-16 04:33:03.652  5628  5712 I libprocessgroup: Successfully killed process cgroup uid 10321 pid 18230 in 0ms
04-16 04:33:03.681 20628 21019 I DynamiteModule: Considering local module com.google.android.gms.cronet_dynamite:0 and remote module com.google.android.gms.cronet_dynamite:2411
04-16 04:33:03.681 20628 21019 I DynamiteModule: Selected remote version of com.google.android.gms.cronet_dynamite, version >= 2411
04-16 04:33:03.697 20628 20699 I [SC]ConfigurationManager: getModelPolicy
04-16 04:33:03.708 20628 20699 I [SC]ConfigurationItemDataManager: getFilePath : configurationName = scloud_migrationModel
04-16 04:33:03.715  5250  5250 I Zygote  : Process 18230 exited due to signal 9 (Killed)
04-16 04:33:03.720  5628 16160 D MotionRecognitionService: values = 100.0
04-16 04:33:03.720  5628 16160 D MotionRecognitionService: onReceive lux: 100.0  action:
04-16 04:33:03.720  5628 16160 D MotionRecognitionService: Inject brightness form Cam 100.0
04-16 04:33:03.720  5628 16160 D MotionRecognitionService: Inject calibrated lux
04-16 04:33:03.722  5271  5271 I SensorsHub: AutoBrightnessSensor::injectSensorData: camLux 100
04-16 04:33:03.723 20628 21019 W System  : ClassLoader referenced unknown path:
04-16 04:33:03.726  4613  4613 W keymaster_tee: [WRN]begin req PARAMS: A32 B2 P64
04-16 04:33:03.793 20628 20699 I [SC]OneDrivePolicyManager: country entry size: 142
04-16 04:33:03.793 20628 20699 I [SC]OneDrivePolicyManager: model entry size: 141
04-16 04:33:03.794 20628 20699 I [SC]OneDrivePolicyManager: isMigrationSupported: RUS,SER,true
04-16 04:33:03.794 20628 20699 I [SC]LinkContextManager: loadLinkContext: linkContext=LinkContext{contextType=CACHED, linkType=OneDrive, linkState=None, isTriggeredDevice=false, linkPolicy=LinkPolicy{policyData=Bundle[{IS_LINK_START_SUPPORTED=true, IsChinaDevice=false, IS_SEP_LITE_DEVICE=false, IsChinaAccount=false}]}}
04-16 04:33:03.795 20628 20699 I [SC]DeviceUtil: hasSepLiteSpec: false
04-16 04:33:03.800 20628 20699 I [SC]LinkContextMonitor: notifyContextReceived: linkContext=LinkContext{contextType=CACHED, linkType=OneDrive, linkState=None, isTriggeredDevice=false, linkPolicy=LinkPolicy{policyData=Bundle[{IS_LINK_START_SUPPORTED=true, IsChinaDevice=false, IS_SEP_LITE_DEVICE=false, IsChinaAccount=false}]}}, linkResponse=null, stateUpdateEvent=APP_CREATED
04-16 04:33:03.800 20628 20699 I [SC]DeviceUtil: hasSepLiteSpec: false
04-16 04:33:03.801 20628 20699 I [SC]LinkContextProvider: call : CLOUD_SETTING
04-16 04:33:03.803 20628 20699 I [SC]CloudSettingCommandResolverImpl: Execute getPartnerQuota with : true, false
04-16 04:33:03.813 20628 20694 I [SC]RequestObject: New request object created : 0, UPDATE_STATUS
04-16 04:33:03.818 20628 20694 I [SC]TipsOperator: handled: REQUEST_UPDATE_TIPS_ACCOUNT_LINK_RESULT
04-16 04:33:03.826 20628 21030 I [SC]TipsProvider: call : UPDATE_STATUS
04-16 04:33:03.828  8513  8599 D MobileStatusTracker(0/1): onSignalStrengthsChanged level=2, vendorLevel=1
04-16 04:33:03.837  8513  8599 D MobileSignalController(0/1): notifyListener: enabled=true, connected=true, dataConnected=false, networkType=LTE (4G), emergencyOnly=false, roaming=true, isDefault=false, dataActivity=, level=1, ca=false, mmWave=false, disabledDataIcon=false, simCard=ETC
04-16 04:33:03.837  8513  8599 D NetworkController: SignalStrength from intent slotId=0
04-16 04:33:03.844  5628 11466 D ConnectivityService: requestNetwork for uid/pid:5009/20628 activeRequest: null callbackRequest: 3903 [NetworkRequest [ REQUEST id=3904, [ Capabilities: INTERNET&NOT_RESTRICTED&TRUSTED&NOT_VCN_MANAGED Uid: 5009 RequestorUid: 5009 RequestorPkg: com.samsung.android.scloud UnderlyingNetworks: Null] ]] callback flags: 0 order: 2147483647
04-16 04:33:03.845  5628  8367 D ConnectivityService:    accepting network in place of null
04-16 04:33:03.850  5628  8356 D WifiNetworkFactory: got request NetworkRequest [ REQUEST id=3904, [ Capabilities: INTERNET&NOT_RESTRICTED&TRUSTED&NOT_VCN_MANAGED Uid: 5009 RequestorUid: 5009 RequestorPkg: com.samsung.android.scloud UnderlyingNetworks: Null] ]
04-16 04:33:03.851  5628  8356 D UntrustedWifiNetworkFactory: got request NetworkRequest [ REQUEST id=3904, [ Capabilities: INTERNET&NOT_RESTRICTED&TRUSTED&NOT_VCN_MANAGED Uid: 5009 RequestorUid: 5009 RequestorPkg: com.samsung.android.scloud UnderlyingNetworks: Null] ]
04-16 04:33:03.851  5628  8356 D OemPaidWifiNetworkFactory: got request NetworkRequest [ REQUEST id=3904, [ Capabilities: INTERNET&NOT_RESTRICTED&TRUSTED&NOT_VCN_MANAGED Uid: 5009 RequestorUid: 5009 RequestorPkg: com.samsung.android.scloud UnderlyingNetworks: Null] ]
04-16 04:33:03.852  5628  8356 D MultiInternetWifiNetworkFactory: got request NetworkRequest [ REQUEST id=3904, [ Capabilities: INTERNET&NOT_RESTRICTED&TRUSTED&NOT_VCN_MANAGED Uid: 5009 RequestorUid: 5009 RequestorPkg: com.samsung.android.scloud UnderlyingNetworks: Null] ]
04-16 04:33:03.857  5628  8367 D ConnectivityService: Rematched networks [computed 1ms] [applied 1ms] [issued 10]
04-16 04:33:03.857  5628  8367 D ConnectivityService: NetworkReassignment :
04-16 04:33:03.857  5628  8367 D ConnectivityService:   3904 : null  106
04-16 04:33:03.867 20628 20726 I cr_CronetLibraryLoader: Cronet version: 111.0.5563.55, arch: aarch64
04-16 04:33:03.870  5628  8367 D ConnectivityService: Rematched networks [computed 1ms] [applied 2ms] [issued 9]
04-16 04:33:03.870  5628  8367 D ConnectivityService: NetworkReassignment : no changes
04-16 04:33:03.898 20628 20726 I [SC][AUTH]AuthUtil: getAuthData
04-16 04:33:03.910 20628 20726 I [SC][Registration]: register
04-16 04:33:03.912 20628 20726 I [SC][AUTH]AuthUtil: getAuthData
04-16 04:33:03.916 20628 20726 I [SC][AUTH]AuthUtil: getAuthData
04-16 04:33:03.919 20628 20726 I [SC][AUTH]AuthUtil: getAuthData
04-16 04:33:03.920  5628 16160 D MotionRecognitionService: values = 100.0
04-16 04:33:03.920  5628 16160 D MotionRecognitionService: onReceive lux: 100.0  action:
04-16 04:33:03.920  5628 16160 D MotionRecognitionService: Inject brightness form Cam 100.0
04-16 04:33:03.920  5628 16160 D MotionRecognitionService: Inject calibrated lux
04-16 04:33:03.921  5271  5271 I SensorsHub: AutoBrightnessSensor::injectSensorData: camLux 100
04-16 04:33:03.926 20628 20726 I [SC][AUTH]AuthUtil: getAuthData
04-16 04:33:03.928 20628 20726 I [SC][Registration]: Already registered.
04-16 04:33:03.928 20628 20726 I [SC][Token]: Get token
04-16 04:33:03.930 20628 20726 I [SC][AUTH]AuthUtil: getAuthData
04-16 04:33:03.934 20628 20726 I [SC][AUTH]AuthUtil: getAuthData
04-16 04:33:03.937 20628 20726 I [SC][Token]: CloudToken is valid
04-16 04:33:03.940 20628 20726 I SmpLog  : [SMP] get token : ...vu (152)
04-16 04:33:03.940 20628 20726 I SmpLog  : [SMP] get push type : fcm
04-16 04:33:03.952 20628 20726 I [SC][DeviceUtil]:  : getSimMcc()
04-16 04:33:03.956 20628 20726 I [SC][DeviceUtil]:  : getSimMnc()
04-16 04:33:03.959 20628 20726 I [SC][DeviceUtil]: One UI version : 5.1.0
04-16 04:33:03.969 20628 20726 I [SCSDK][C][2.0.14]: [SamsungCloudFactory]initialize
04-16 04:33:03.989 20628 20726 I [SCSDK][C][2.0.14]: [SamsungCloudActivate]No expire
04-16 04:33:03.993 12129 12156 I SamsungAccount: [OpenContentProvider]  URI : content://com.msc.openprovider.openContentProvider/tncRequest
04-16 04:33:03.993 12129 12156 I SamsungAccount: [AccountManagerUtil] isSamsungAccountSignedIn : true
04-16 04:33:03.994 12129 12156 I SamsungAccount: [SignatureCheckUtil] runCheckSignatureWithEmptyId
04-16 04:33:03.995 12129 12156 I SamsungAccount: [SignatureCheckUtil] runCheckSignatureAsync
04-16 04:33:03.995 12129 12156 I SamsungAccount: [SignaturePreconditionChecker] getSignatureResult - fromSesSdk : true
04-16 04:33:03.995 12129 12156 I SamsungAccount: [SignatureInfoDbHelper] getSignatureResult - [][android.scloud.]
04-16 04:33:03.995 12129 12156 I SamsungAccount: [SignatureInfoHelper] getClientIdFromMetaData : [10/c27bh]
04-16 04:33:03.996 12129 12156 I SamsungAccount: [SignatureInfoDbHelper] searchOnUser
04-16 04:33:04.001 12129 12156 I SamsungAccount: [SignatureInfoDbHelper] searchOnUser - [10/c27bh][android.scloud.][64/3291d] => matched
04-16 04:33:04.001 12129 12156 I SamsungAccount: [SignatureInfoDbHelper] search - matched
04-16 04:33:04.002 12129 12156 I SamsungAccount: [SignatureCheckUtil] runCheckSignatureAsync(fromDb) - matched
04-16 04:33:04.008 20628 20726 I [SC][AUTH]AccountSupplier: isValidSamsungAccount: name: 0 email: 0
04-16 04:33:04.012 20628 20726 I [SCSDK][C][2.0.14]: [SamsungCloud]getCloudToken
04-16 04:33:04.013 20628 20726 I [SCSDK][C][2.0.14]: [SamsungCloudDevice]version : 2.0.14
04-16 04:33:04.014 20628 20722 I [SC][AUTH]AuthUtil: getAuthData
04-16 04:33:04.018 20628 20722 I SmpLog  : [SMP] get token : ...vu (152)
04-16 04:33:04.019 20628 20722 I SmpLog  : [SMP] get push type : fcm
04-16 04:33:04.033 20628 20722 I [SC][AUTH]SmpUtil: initializeSmp
04-16 04:33:04.035 20628 20645 I [SC]AutoBackup: default off: false, support disable menu : false
04-16 04:33:04.075 20628 20722 I [SC]AllowListBuilder: setDefaultAllowList
04-16 04:33:04.114 20628 20645 I [SC]XmlLoader: load com.sec.android.app.launcher
04-16 04:33:04.121  5628 16160 D MotionRecognitionService: values = 100.0
04-16 04:33:04.121  5628 16160 D MotionRecognitionService: onReceive lux: 100.0  action:
04-16 04:33:04.121  5628 16160 D MotionRecognitionService: Inject brightness form Cam 100.0
04-16 04:33:04.121  5628 16160 D MotionRecognitionService: Inject calibrated lux
04-16 04:33:04.122  5271  5271 I SensorsHub: AutoBrightnessSensor::injectSensorData: camLux 100
04-16 04:33:04.127 20628 20645 I [SC]BackupSourceManager: createBackupCoreData: FrontHome, ISCloudQBNRClient
04-16 04:33:04.132 20628 20645 I [SC]XmlLoader: load com.samsung.android.app.contacts
04-16 04:33:04.144 20628 20645 I [SC]BackupSourceManager: createBackupCoreData: CONTACT, IRecordClient
04-16 04:33:04.145 20628 20645 I [SC]BackupSourceManager: createBackupCoreData: CONTACTSETTING, ISCloudQBNRClient
04-16 04:33:04.146 20628 20645 E [SC]ContentManager: [E] can't find HomescreenContactShortcut in content map
04-16 04:33:04.149 20628 20645 I [SC]XmlLoader: load com.sec.android.app.launcher
04-16 04:33:04.152 20628 20645 W System.err: android.content.pm.PackageManager$NameNotFoundException: com.samsung.android.email.provider
04-16 04:33:04.158 20628 20645 W System.err: 	at android.app.ApplicationPackageManager.getPackageInfoAsUser(ApplicationPackageManager.java:308)
04-16 04:33:04.158 20628 20645 W System.err: 	at android.app.ApplicationPackageManager.getPackageInfo(ApplicationPackageManager.java:268)
04-16 04:33:04.158 20628 20645 W System.err: 	at android.app.ApplicationPackageManager.getPackageInfo(ApplicationPackageManager.java:262)
04-16 04:33:04.158 20628 20645 W System.err: 	at com.samsung.scsp.common.r2.B(UtilityImpl.java:2)
04-16 04:33:04.158 20628 20645 W System.err: 	at com.samsung.scsp.common.i2.c0(Unknown Source:2)
04-16 04:33:04.158 20628 20645 W System.err: 	at com.samsung.scsp.common.i2.n(Unknown Source:0)
04-16 04:33:04.158 20628 20645 W System.err: 	at com.samsung.scsp.common.t1.get(Unknown Source:4)
04-16 04:33:04.158 20628 20645 W System.err: 	at xg.e.b(FaultBarrier.java:1)
04-16 04:33:04.158 20628 20645 W System.err: 	at xg.e.a(Unknown Source:1)
04-16 04:33:04.158 20628 20645 W System.err: 	at com.samsung.scsp.common.i2.d0(Unknown Source:7)
04-16 04:33:04.158 20628 20645 W System.err: 	at com.samsung.scsp.common.i2.l(Unknown Source:0)
04-16 04:33:04.158 20628 20645 W System.err: 	at com.samsung.scsp.common.h2.apply(Unknown Source:4)
04-16 04:33:04.158 20628 20645 W System.err: 	at sa.n.c(Certificate.java:2)
04-16 04:33:04.158 20628 20645 W System.err: 	at sa.k.B(BackupSourceManager.java:1)
04-16 04:33:04.159 20628 20645 W System.err: 	at sa.k.y(Unknown Source:4)
04-16 04:33:04.159 20628 20645 W System.err: 	at sa.k.e(Unknown Source:0)
04-16 04:33:04.159 20628 20645 W System.err: 	at sa.e.accept(Unknown Source:4)
04-16 04:33:04.159 20628 20645 W System.err: 	at java.util.stream.ForEachOps$ForEachOp$OfRef.accept(ForEachOps.java:184)
04-16 04:33:04.159 20628 20645 W System.err: 	at java.util.stream.ReferencePipeline$2$1.accept(ReferencePipeline.java:185)
04-16 04:33:04.159 20628 20645 W System.err: 	at java.util.ArrayList$ArrayListSpliterator.forEachRemaining(ArrayList.java:1390)
04-16 04:33:04.159 20628 20645 W System.err: 	at java.util.stream.AbstractPipeline.copyInto(AbstractPipeline.java:485)
04-16 04:33:04.159 20628 20645 W System.err: 	at java.util.stream.AbstractPipeline.wrapAndCopyInto(AbstractPipeline.java:475)
04-16 04:33:04.159 20628 20645 W System.err: 	at java.util.stream.ForEachOps$ForEachOp.evaluateSequential(ForEachOps.java:151)
04-16 04:33:04.159 20628 20645 W System.err: 	at java.util.stream.ForEachOps$ForEachOp.evaluateSequential(ForEachOps.java:133)
04-16 04:33:04.159 20628 20645 W System.err: 	at java.util.stream.AbstractPipeline.evaluate(AbstractPipeline.java:236)
04-16 04:33:04.159 20628 20645 W System.err: 	at java.util.stream.ReferencePipeline.forEach(ReferencePipeline.java:435)
04-16 04:33:04.159 20628 20645 W System.err: 	at sa.k.<init>(BackupSourceManager.java:21)
04-16 04:33:04.159 20628 20645 W System.err: 	at sa.k.<init>(BackupSourceManager.java:1)
04-16 04:33:04.159 20628 20645 W System.err: 	at sa.k$b.<clinit>(Unknown Source:3)
04-16 04:33:04.159 20628 20645 W System.err: 	at sa.k$b.a(Unknown Source:0)
04-16 04:33:04.159 20628 20645 W System.err: 	at sa.k.n(Unknown Source:0)
04-16 04:33:04.159 20628 20645 W System.err: 	at sa.p.a(Unknown Source:0)
04-16 04:33:04.159 20628 20645 W System.err: 	at com.samsung.android.scloud.backup.core.base.d.b(Unknown Source:2)
04-16 04:33:04.159 20628 20645 W System.err: 	at com.samsung.android.scloud.backup.api.client.h.c(Unknown Source:0)
04-16 04:33:04.159 20628 20645 W System.err: 	at m7.c.c(BackupUnitUtil.java:1)
04-16 04:33:04.160 20628 20645 W System.err: 	at m7.c.j(BackupUnitUtil.java:2)
04-16 04:33:04.160 20628 20645 W System.err: 	at com.samsung.android.scloud.backup.status.a.getAvailableStatusList(BackupStatusManager.kt:3)
04-16 04:33:04.160 20628 20645 W System.err: 	at com.samsung.android.scloud.app.manifest.SCloudStatusProvider.f(SCloudStatusProvider.java:11)
04-16 04:33:04.160 20628 20645 W System.err: 	at com.samsung.android.scloud.app.manifest.SCloudStatusProvider.v(SCloudStatusProvider.java:5)
04-16 04:33:04.160 20628 20645 W System.err: 	at com.samsung.android.scloud.app.manifest.SCloudStatusProvider.call(SCloudStatusProvider.java:3)
04-16 04:33:04.160 20628 20645 W System.err: 	at android.content.ContentProvider.call(ContentProvider.java:2582)
04-16 04:33:04.160 20628 20645 W System.err: 	at android.content.ContentProvider$Transport.call(ContentProvider.java:530)
04-16 04:33:04.160 20628 20645 W System.err: 	at android.content.ContentProviderNative.onTransact(ContentProviderNative.java:295)
04-16 04:33:04.160 20628 20645 W System.err: 	at android.os.Binder.execTransactInternal(Binder.java:1316)
04-16 04:33:04.160 20628 20645 W System.err: 	at android.os.Binder.execTransact(Binder.java:1280)
04-16 04:33:04.160 20628 20645 I [SC]BackupSourceManager: load: Can't load package: com.samsung.android.email.provider
04-16 04:33:04.163 20628 20645 W System.err: android.content.pm.PackageManager$NameNotFoundException: com.sec.android.app.firewall
04-16 04:33:04.164 20628 20645 W System.err: 	at android.app.ApplicationPackageManager.getPackageInfoAsUser(ApplicationPackageManager.java:308)
04-16 04:33:04.164 20628 20645 W System.err: 	at android.app.ApplicationPackageManager.getPackageInfo(ApplicationPackageManager.java:268)
04-16 04:33:04.164 20628 20645 W System.err: 	at android.app.ApplicationPackageManager.getPackageInfo(ApplicationPackageManager.java:262)
04-16 04:33:04.164 20628 20645 W System.err: 	at com.samsung.scsp.common.r2.B(UtilityImpl.java:2)
04-16 04:33:04.164 20628 20645 W System.err: 	at com.samsung.scsp.common.i2.c0(Unknown Source:2)
04-16 04:33:04.164 20628 20645 W System.err: 	at com.samsung.scsp.common.i2.n(Unknown Source:0)
04-16 04:33:04.165 20628 20645 W System.err: 	at com.samsung.scsp.common.t1.get(Unknown Source:4)
04-16 04:33:04.165 20628 20645 W System.err: 	at xg.e.b(FaultBarrier.java:1)
04-16 04:33:04.165 20628 20645 W System.err: 	at xg.e.a(Unknown Source:1)
04-16 04:33:04.165 20628 20645 W System.err: 	at com.samsung.scsp.common.i2.d0(Unknown Source:7)
04-16 04:33:04.165 20628 20645 W System.err: 	at com.samsung.scsp.common.i2.l(Unknown Source:0)
04-16 04:33:04.165 20628 20645 W System.err: 	at com.samsung.scsp.common.h2.apply(Unknown Source:4)
04-16 04:33:04.165 20628 20645 W System.err: 	at sa.n.c(Certificate.java:2)
04-16 04:33:04.165 20628 20645 W System.err: 	at sa.k.B(BackupSourceManager.java:1)
04-16 04:33:04.165 20628 20645 W System.err: 	at sa.k.y(Unknown Source:4)
04-16 04:33:04.165 20628 20645 W System.err: 	at sa.k.e(Unknown Source:0)
04-16 04:33:04.165 20628 20645 W System.err: 	at sa.e.accept(Unknown Source:4)
04-16 04:33:04.166 20628 20645 W System.err: 	at java.util.stream.ForEachOps$ForEachOp$OfRef.accept(ForEachOps.java:184)
04-16 04:33:04.166 20628 20645 W System.err: 	at java.util.stream.ReferencePipeline$2$1.accept(ReferencePipeline.java:185)
04-16 04:33:04.166 20628 20645 W System.err: 	at java.util.ArrayList$ArrayListSpliterator.forEachRemaining(ArrayList.java:1390)
04-16 04:33:04.166 20628 20645 W System.err: 	at java.util.stream.AbstractPipeline.copyInto(AbstractPipeline.java:485)
04-16 04:33:04.166 20628 20645 W System.err: 	at java.util.stream.AbstractPipeline.wrapAndCopyInto(AbstractPipeline.java:475)
04-16 04:33:04.166 20628 20645 W System.err: 	at java.util.stream.ForEachOps$ForEachOp.evaluateSequential(ForEachOps.java:151)
04-16 04:33:04.166 20628 20645 W System.err: 	at java.util.stream.ForEachOps$ForEachOp.evaluateSequential(ForEachOps.java:133)
04-16 04:33:04.166 20628 20645 W System.err: 	at java.util.stream.AbstractPipeline.evaluate(AbstractPipeline.java:236)
04-16 04:33:04.166 20628 20645 W System.err: 	at java.util.stream.ReferencePipeline.forEach(ReferencePipeline.java:435)
04-16 04:33:04.166 20628 20645 W System.err: 	at sa.k.<init>(BackupSourceManager.java:21)
04-16 04:33:04.166 20628 20645 W System.err: 	at sa.k.<init>(BackupSourceManager.java:1)
04-16 04:33:04.167 20628 20645 W System.err: 	at sa.k$b.<clinit>(Unknown Source:3)
04-16 04:33:04.167 20628 20645 W System.err: 	at sa.k$b.a(Unknown Source:0)
04-16 04:33:04.167 20628 20645 W System.err: 	at sa.k.n(Unknown Source:0)
04-16 04:33:04.167 20628 20645 W System.err: 	at sa.p.a(Unknown Source:0)
04-16 04:33:04.167 20628 20645 W System.err: 	at com.samsung.android.scloud.backup.core.base.d.b(Unknown Source:2)
04-16 04:33:04.167 20628 20645 W System.err: 	at com.samsung.android.scloud.backup.api.client.h.c(Unknown Source:0)
04-16 04:33:04.167 20628 20645 W System.err: 	at m7.c.c(BackupUnitUtil.java:1)
04-16 04:33:04.167 20628 20645 W System.err: 	at m7.c.j(BackupUnitUtil.java:2)
04-16 04:33:04.167 20628 20645 W System.err: 	at com.samsung.android.scloud.backup.status.a.getAvailableStatusList(BackupStatusManager.kt:3)
04-16 04:33:04.167 20628 20645 W System.err: 	at com.samsung.android.scloud.app.manifest.SCloudStatusProvider.f(SCloudStatusProvider.java:11)
04-16 04:33:04.167 20628 20645 W System.err: 	at com.samsung.android.scloud.app.manifest.SCloudStatusProvider.v(SCloudStatusProvider.java:5)
04-16 04:33:04.167 20628 20645 W System.err: 	at com.samsung.android.scloud.app.manifest.SCloudStatusProvider.call(SCloudStatusProvider.java:3)
04-16 04:33:04.167 20628 20645 W System.err: 	at android.content.ContentProvider.call(ContentProvider.java:2582)
04-16 04:33:04.168 20628 20645 W System.err: 	at android.content.ContentProvider$Transport.call(ContentProvider.java:530)
04-16 04:33:04.168 20628 20645 W System.err: 	at android.content.ContentProviderNative.onTransact(ContentProviderNative.java:295)
04-16 04:33:04.168 20628 20645 W System.err: 	at android.os.Binder.execTransactInternal(Binder.java:1316)
04-16 04:33:04.168 20628 20645 W System.err: 	at android.os.Binder.execTransact(Binder.java:1280)
04-16 04:33:04.168 20628 20645 I [SC]BackupSourceManager: load: Can't load package: com.sec.android.app.firewall
04-16 04:33:04.169 20628 20645 W System.err: android.content.pm.PackageManager$NameNotFoundException: com.sec.android.inputmethod
04-16 04:33:04.170 20628 20645 W System.err: 	at android.app.ApplicationPackageManager.getPackageInfoAsUser(ApplicationPackageManager.java:308)
