04-19 15:58:17.727 17564 17585 I TestRunner: started: inlineFloat(org.jetbrains.android_benchmark.Wolf3dBenchmark)
04-19 15:58:17.743 17564 17564 I MonitoringInstr: Activities that are still in CREATED to STOPPED: 1
04-19 15:58:17.743 17564 17564 I MonitoringInstr: Finishing activity: androidx.benchmark.IsolationActivity@f5684be
04-19 15:58:17.750 17564 17585 I GrantPermissionCallable: Permission: android.permission.WRITE_EXTERNAL_STORAGE is already granted!
04-19 15:58:17.750 17564 17585 I GrantPermissionCallable: Permission: android.permission.READ_EXTERNAL_STORAGE is already granted!
04-19 15:58:17.751 17564 17585 D Benchmark: -- Running org.jetbrains.android_benchmark.Wolf3dBenchmark#inlineFloat --
04-19 15:58:17.751 17564 17585 D PerfettoCapture: Supported ABIs: arm64-v8a, armeabi-v7a, armeabi
04-19 15:58:17.751 17564 17585 D PerfettoCapture: Recording perfetto trace
04-19 15:58:17.800 17564 17585 I PerfettoCapture: Cleanup perfetto before starting.
04-19 15:58:17.837  5250  5250 D Zygote  : Forked child process 19664
04-19 15:58:17.952 19664 19664 I inkedin.android: Using CollectorTypeCC GC.
04-19 15:58:17.961 19664 19664 E inkedin.android: Not starting debugger since process cannot load the jdwp agent.
04-19 15:58:17.967 19664 19664 W libc    : Access denied finding property "sys.perf.boostopt"
04-19 15:58:17.968  5224  5224 E audit   : type=1400 audit(1681912697.961:103081): avc:  denied  { read } for  pid=19664 comm="inkedin.android" name="u:object_r:perf_prop:s0" dev="tmpfs" ino=16829 scontext=u:r:untrusted_app:s0:c6,c256,c512,c768 tcontext=u:object_r:perf_prop:s0 tclass=file permissive=0 SEPF_SM-A515F_13_0001 audit_filtered
04-19 15:58:17.968  5224  5224 E audit   : type=1300 audit(1681912697.961:103081): arch=c00000b7 syscall=56 success=no exit=-13 a0=ffffff9c a1=7ffbc769b8 a2=88000 a3=0 items=0 ppid=5250 pid=19664 auid=4294967295 uid=10006 gid=10006 euid=10006 suid=10006 fsuid=10006 egid=10006 sgid=10006 fsgid=10006 tty=(none) ses=4294967295 comm="inkedin.android" exe="/system/bin/app_process64" subj=u:r:untrusted_app:s0:c6,c256,c512,c768 key=(null)
04-19 15:58:17.968  5224  5224 E audit   : type=1327 audit(1681912697.961:103081): proctitle="zygote64"
04-19 15:58:17.968  5224  5224 E audit   : type=1400 audit(1681912697.961:103082): avc:  denied  { read } for  pid=19664 comm="binder:19664_1" name="u:object_r:perf_prop:s0" dev="tmpfs" ino=16829 scontext=u:r:untrusted_app:s0:c6,c256,c512,c768 tcontext=u:object_r:perf_prop:s0 tclass=file permissive=0 SEPF_SM-A515F_13_0001 audit_filtered
04-19 15:58:17.969 19664 19679 W libc    : Access denied finding property "sys.perf.boostopt"
04-19 15:58:17.969  5224  5224 E audit   : type=1300 audit(1681912697.961:103082): arch=c00000b7 syscall=56 success=no exit=-13 a0=ffffff9c a1=7d7757b2f8 a2=88000 a3=0 items=0 ppid=5250 pid=19664 auid=4294967295 uid=10006 gid=10006 euid=10006 suid=10006 fsuid=10006 egid=10006 sgid=10006 fsgid=10006 tty=(none) ses=4294967295 comm="binder:19664_1" exe="/system/bin/app_process64" subj=u:r:untrusted_app:s0:c6,c256,c512,c768 key=(null)
04-19 15:58:17.969  5224  5224 E audit   : type=1327 audit(1681912697.961:103082): proctitle="com.google.process.gservices"
04-19 15:58:17.971 19664 19664 D ActivityThread: setConscryptValidator
04-19 15:58:17.972 19664 19664 D ActivityThread: setConscryptValidator - put
04-19 15:58:17.996 19664 19680 W libc    : Access denied finding property "sys.perf.boostopt"
04-19 15:58:18.000 19664 19664 D CompatibilityChangeReporter: Compat change id reported: 171979766; UID 10006; state: ENABLED
04-19 15:58:18.018 17564 17585 I PerfettoCapture: Perfetto output file cleanup -
04-19 15:58:18.018 17564 17585 I PerfettoCapture: Starting perfetto tracing with cmd: cat /storage/emulated/0/Android/data/org.jetbrains.android_benchmark.test/cache/trace_config.pb | perfetto --background -c - -o /data/misc/perfetto-traces/trace_output.pb
04-19 15:58:18.093 19664 19664 D nativeloader: Configuring classloader-namespace for other apk /system/framework/org.apache.http.legacy.jar. target_sdk_version=33, uses_libraries=ALL, library_path=/data/app/~~rSwT42nbAOn2w7Zg481IdA==/com.linkedin.android-6bOENviFklIPylzDps5Y6w==/lib/arm64:/data/app/~~rSwT42nbAOn2w7Zg481IdA==/com.linkedin.android-6bOENviFklIPylzDps5Y6w==/base.apk!/lib/arm64-v8a:/data/app/~~rSwT42nbAOn2w7Zg481IdA==/com.linkedin.android-6bOENviFklIPylzDps5Y6w==/split_config.arm64_v8a.apk!/lib/arm64-v8a:/data/app/~~rSwT42nbAOn2w7Zg481IdA==/com.linkedin.android-6bOENviFklIPylzDps5Y6w==/split_config.en.apk!/lib/arm64-v8a:/data/app/~~rSwT42nbAOn2w7Zg481IdA==/com.linkedin.android-6bOENviFklIPylzDps5Y6w==/split_config.ru.apk!/lib/arm64-v8a:/data/app/~~rSwT42nbAOn2w7Zg481IdA==/com.linkedin.android-6bOENviFklIPylzDps5Y6w==/split_config.xxhdpi.apk!/lib/arm64-v8a, permitted_path=/data:/mnt/expand:/data/user/0/com.linkedin.android
04-19 15:58:18.093 19664 19664 D nativeloader: Extending system_exposed_libraries: libhumantracking.arcsoft.so:libPortraitDistortionCorrection.arcsoft.so:libPortraitDistortionCorrectionCali.arcsoft.so:libface_landmark.arcsoft.so:libFacialStickerEngine.arcsoft.so:libveengine.arcsoft.so:liblow_light_hdr.arcsoft.so:libhigh_dynamic_range.arcsoft.so:libFacialAttributeDetection.arcsoft.so:libBeauty_v4.camera.samsung.so:libexifa.camera.samsung.so:libjpega.camera.samsung.so:libOpenCv.camera.samsung.so:libImageScreener.camera.samsung.so:libMyFilter.camera.samsung.so:libtensorflowLite.myfilter.camera.samsung.so:libtensorflowlite_inference_api.myfilter.camera.samsung.so:libEventFinder.camera.samsung.so:libHIDTSnapJNI.camera.samsung.so:libSmartScan.camera.samsung.so:libRectify.camera.samsung.so:libDocRectifyWrapper.camera.samsung.so:libUltraWideDistortionCorrection.camera.samsung.so:libHpr_RecGAE_cvFeature_v1.0.camera.samsung.so:libHprFace_GAE_api.camera.samsung.so:libFace_Landmark_API.camera.samsung.so:libHprFace_GAE_jni.camera.samsung.so:libFacialBasedSelfieCorrec
04-19 15:58:18.191 19698 19698 I perfetto:    perfetto_cmd.cc:1001 Connected to the Perfetto traced service, starting tracing
04-19 15:58:18.194  5406  5406 I perfetto: ing_service_impl.cc:953 Configured tracing session 187, #sources:4, duration:0 ms, #buffers:2, total buffer size:36864 KB, total sessions:1, uid:2000 session name: ""
04-19 15:58:18.196  5403  5403 I perfetto:  probes_producer.cc:139 Ftrace setup (target_buf=373)
04-19 15:58:18.209 19664 19664 W ziparchive: Unable to open '/data/app/~~rSwT42nbAOn2w7Zg481IdA==/com.linkedin.android-6bOENviFklIPylzDps5Y6w==/split_config.arm64_v8a.dm': No such file or directory
04-19 15:58:18.209 19664 19664 W ziparchive: Unable to open '/data/app/~~rSwT42nbAOn2w7Zg481IdA==/com.linkedin.android-6bOENviFklIPylzDps5Y6w==/split_config.arm64_v8a.dm': No such file or directory
04-19 15:58:18.213 19664 19664 W inkedin.android: Entry not found
04-19 15:58:18.216 19664 19664 W ziparchive: Unable to open '/data/app/~~rSwT42nbAOn2w7Zg481IdA==/com.linkedin.android-6bOENviFklIPylzDps5Y6w==/split_config.en.dm': No such file or directory
04-19 15:58:18.216 19664 19664 W ziparchive: Unable to open '/data/app/~~rSwT42nbAOn2w7Zg481IdA==/com.linkedin.android-6bOENviFklIPylzDps5Y6w==/split_config.en.dm': No such file or directory
04-19 15:58:18.220 19664 19664 W inkedin.android: Entry not found
04-19 15:58:18.221 19664 19664 W ziparchive: Unable to open '/data/app/~~rSwT42nbAOn2w7Zg481IdA==/com.linkedin.android-6bOENviFklIPylzDps5Y6w==/split_config.ru.dm': No such file or directory
04-19 15:58:18.221 19664 19664 W ziparchive: Unable to open '/data/app/~~rSwT42nbAOn2w7Zg481IdA==/com.linkedin.android-6bOENviFklIPylzDps5Y6w==/split_config.ru.dm': No such file or directory
04-19 15:58:18.223 19664 19664 W inkedin.android: Entry not found
04-19 15:58:18.224 19664 19664 W ziparchive: Unable to open '/data/app/~~rSwT42nbAOn2w7Zg481IdA==/com.linkedin.android-6bOENviFklIPylzDps5Y6w==/split_config.xxhdpi.dm': No such file or directory
04-19 15:58:18.224 19664 19664 W ziparchive: Unable to open '/data/app/~~rSwT42nbAOn2w7Zg481IdA==/com.linkedin.android-6bOENviFklIPylzDps5Y6w==/split_config.xxhdpi.dm': No such file or directory
04-19 15:58:18.229 23109 23109 D BoundBrokerSvc: onUnbind: Intent { act=com.google.android.gms.udc.service.START dat=chimera-action:/... cmp=com.google.android.gms/.chimera.PersistentApiService }
04-19 15:58:18.233  5628  5628 D SemWifiP2pGoPowerSave: GopsReceiver : received : com.samsung.intent.action.CHECK_SIOP_LEVEL
04-19 15:58:18.233  5628  5628 I SemWifiP2pGoPowerSave: siop_level = -2
04-19 15:58:18.234  5628  9811 D SemWifiUsabilityStatsMonitor: onWifiUsabilityStats - seqNum 36069, isSameBssidAndFreq true
04-19 15:58:18.235  7867  7944 I SystemBroadcastReceiver: [#CMH#] onReceive completed :  0
04-19 15:58:18.236 19664 19664 W inkedin.android: Entry not found
04-19 15:58:18.236  7867  7867 I PolicyManager: [#CMH#] onReceive action = EVENT_SIOP
04-19 15:58:18.238 19664 19664 D nativeloader: Configuring classloader-namespace for other apk /data/app/~~rSwT42nbAOn2w7Zg481IdA==/com.linkedin.android-6bOENviFklIPylzDps5Y6w==/base.apk:/data/app/~~rSwT42nbAOn2w7Zg481IdA==/com.linkedin.android-6bOENviFklIPylzDps5Y6w==/split_config.arm64_v8a.apk:/data/app/~~rSwT42nbAOn2w7Zg481IdA==/com.linkedin.android-6bOENviFklIPylzDps5Y6w==/split_config.en.apk:/data/app/~~rSwT42nbAOn2w7Zg481IdA==/com.linkedin.android-6bOENviFklIPylzDps5Y6w==/split_config.ru.apk:/data/app/~~rSwT42nbAOn2w7Zg481IdA==/com.linkedin.android-6bOENviFklIPylzDps5Y6w==/split_config.xxhdpi.apk. target_sdk_version=33, uses_libraries=, library_path=/data/app/~~rSwT42nbAOn2w7Zg481IdA==/com.linkedin.android-6bOENviFklIPylzDps5Y6w==/lib/arm64:/data/app/~~rSwT42nbAOn2w7Zg481IdA==/com.linkedin.android-6bOENviFklIPylzDps5Y6w==/base.apk!/lib/arm64-v8a:/data/app/~~rSwT42nbAOn2w7Zg481IdA==/com.linkedin.android-6bOENviFklIPylzDps5Y6w==/split_config.arm64_v8a.apk!/lib/arm64-v8a:/data/app/~~rSwT42nbAOn2w7Zg481IdA==/com.linkedin.android-6bOENviFklIPylzDps5Y6w=
04-19 15:58:18.239 19019 19019 I [SC]SiopLevelMonitorReceiverImpl: onReceive: com.samsung.intent.action.CHECK_SIOP_LEVEL
04-19 15:58:18.240  5628  8422 I SemWifiLinkQualityMonitor: Link Qos Query: 0.023 ms / 346.400 Mbps (433 / 0.000 / 1.250)
04-19 15:58:18.241 17564 17585 I PerfettoCapture: Perfetto output - 19698
04-19 15:58:18.241 17564 17585 I PerfettoCapture: EXITCODE=0
04-19 15:58:18.247 19019 19331 I [SC]CtbDeviceRepository: updateSiopLevel. siopLevel: -2
04-19 15:58:18.247 19664 19664 W inkedin.android: JIT profile information will not be recorded: profile file does not exist.
04-19 15:58:18.247 19664 19664 W inkedin.android: JIT profile information will not be recorded: profile file does not exist.
04-19 15:58:18.247 19664 19664 W inkedin.android: JIT profile information will not be recorded: profile file does not exist.
04-19 15:58:18.247 19664 19664 W inkedin.android: JIT profile information will not be recorded: profile file does not exist.
04-19 15:58:18.273  4378  4378 I hwservicemanager: getTransport: Cannot find entry android.hardware.atrace@1.0::IAtraceDevice/default in either framework or device VINTF manifest.
04-19 15:58:18.307  5403  5403 I perfetto:    ftrace_procfs.cc:335 enabled ftrace in /sys/kernel/tracing/
04-19 15:58:18.363 19664 19664 V GraphicsEnvironment: ANGLE Developer option for 'com.linkedin.android' set to: 'default'
04-19 15:58:18.364 19664 19664 V GraphicsEnvironment: ANGLE GameManagerService for com.linkedin.android: false
04-19 15:58:18.364 19664 19664 V GraphicsEnvironment: Neither updatable production driver nor prerelease driver is supported.
04-19 15:58:18.368 30407 30407 I ResourceOverlayService_0: waitAndQuit called
04-19 15:58:18.368 30407 30407 I ResourceOverlayService_0: activity user id 0 process id 0
04-19 15:58:18.371 19664 19664 D NetworkSecurityConfig: Using Network Security Config from resource network_security_config debugBuild: false
04-19 15:58:18.376 19664 19664 D NetworkSecurityConfig: Using Network Security Config from resource network_security_config debugBuild: false
04-19 15:58:18.384 17564 17585 I PerfettoCapture: Perfetto tracing started successfully with pid 19698.
04-19 15:58:18.439 17564 17585 I PerfettoCapture: /sys/kernel/tracing/tracing_on = 1, polled 0 times, capture fully started
04-19 15:58:18.441 17564 17585 D Benchmark: Set 17585 (Bench thread) to priority -20. Was -8, now -20
04-19 15:58:18.441 17564 17585 D Benchmark: Set 17572 (Jit) to priority -15. Was 9, now -15
04-19 15:58:18.473 17564 17585 I _benchmark.test: Explicit concurrent copying GC freed 1077173(23MB) AllocSpace objects, 1(20KB) LOS objects, 67% free, 2891KB/9035KB, paused 369us,100us total 31.271ms
04-19 15:58:18.928 19664 19664 I EKGCrashLoopDetector: Last crash time: 0
04-19 15:58:18.928 19664 19664 D EKGCrashLoopDetector: Didn't crash at startup last launch
04-19 15:58:19.183 19664 19729 D ExceptionHandler: [EKG-BackgroundExecutor] Uploading pending java crashes
04-19 15:58:19.214 19664 19664 D EKGNDKCrashReporter: miniDumpFilePath: /data/user/0/com.linkedin.android/files/ekg_ndk_crashes_v1/0.880.99/8693a4b9-ff04-43a4-46e47c94-130fc3f7.dmp
04-19 15:58:19.214 19664 19664 D EKGNDKCrashReporter: pageKeyFilePath: /data/user/0/com.linkedin.android/files/ekg_ndk_crashes_v1/0.880.99/8693a4b9-ff04-43a4-46e47c94-130fc3f7.pagekey
04-19 15:58:19.218 19664 19729 D ExceptionHandler: [EKG-BackgroundExecutor] Number of crash files to process: 0
04-19 15:58:19.222 19664 19729 D ExceptionHandler: [EKG-BackgroundExecutor] Uploading native crashes
04-19 15:58:19.223 19664 19729 D ExceptionHandler: [EKG-BackgroundExecutor] Number of crash files to process: 0
04-19 15:58:19.237 23109 23109 D BoundBrokerSvc: onUnbind: Intent { act=com.google.android.gms.phenotype.service.START dat=chimera-action:/... cmp=com.google.android.gms/.chimera.PersistentApiService }
04-19 15:58:19.239 19664 19664 I FlagshipApplication: [main] Granular phase APP_ATTACH completed. Interval(startNanos=1681912698687000000ns, durationNanos=546000000ns)
04-19 15:58:19.370 30407 30407 I ResourceOverlayService_0: waitAndQuit called
04-19 15:58:19.372 30407 30407 I ResourceOverlayService_0: activity user id 0 process id 0
04-19 15:58:19.508 19664 19664 D CompatibilityChangeReporter: Compat change id reported: 183155436; UID 10006; state: ENABLED
04-19 15:58:19.510 19664 19664 I FirebaseApp: Device unlocked: initializing all Firebase APIs for app [DEFAULT]
04-19 15:58:19.697 19664 19664 I FirebaseInitProvider: FirebaseApp initialization successful
04-19 15:58:19.816 19664 19664 E FlagshipApplication: [main] FlagshipApplication#onCreate() called for process id 19664
04-19 15:58:19.839 19664 19664 D ConnectivityManager: StackLog: [android.net.ConnectivityManager.sendRequestForNetwork(ConnectivityManager.java:4191)] [android.net.ConnectivityManager.registerDefaultNetworkCallbackForUid(ConnectivityManager.java:4755)] [android.net.ConnectivityManager.registerDefaultNetworkCallback(ConnectivityManager.java:4722)] [android.net.ConnectivityManager.registerDefaultNetworkCallback(ConnectivityManager.java:4696)] [com.linkedin.android.networking.util.NetworkMonitor.<init>(NetworkMonitor.java:58)] [com.linkedin.android.networking.util.NetworkMonitor.initialize(NetworkMonitor.java:40)] [com.linkedin.android.app.FlagshipApplication.onCreate(FlagshipApplication.java:84)] [android.app.Instrumentation.callApplicationOnCreate(Instrumentation.java:1266)] [android.app.ActivityThread.handleBindApplication(ActivityThread.java:7614)] [android.app.ActivityThread.-$$Nest$mhandleBindApplication(Unknown Source:0)] [android.app.ActivityThread$H.handleMessage(ActivityThread.java:2400)]
04-19 15:58:19.845  5628  8566 D ConnectivityService: requestNetwork for uid/pid:10006/19664 activeRequest: null callbackRequest: 27986 [NetworkRequest [ REQUEST id=27987, [ Capabilities: INTERNET&NOT_RESTRICTED&TRUSTED&NOT_VCN_MANAGED Uid: 10006 RequestorUid: 10006 RequestorPkg: com.linkedin.android UnderlyingNetworks: Null] ]] callback flags: 0 order: 2147483647
04-19 15:58:19.846  5628  8367 D ConnectivityService:    accepting network in place of null
04-19 15:58:19.852  5628  8356 D WifiNetworkFactory: got request NetworkRequest [ REQUEST id=27987, [ Capabilities: INTERNET&NOT_RESTRICTED&TRUSTED&NOT_VCN_MANAGED Uid: 10006 RequestorUid: 10006 RequestorPkg: com.linkedin.android UnderlyingNetworks: Null] ]
04-19 15:58:19.853  5628  8356 D UntrustedWifiNetworkFactory: got request NetworkRequest [ REQUEST id=27987, [ Capabilities: INTERNET&NOT_RESTRICTED&TRUSTED&NOT_VCN_MANAGED Uid: 10006 RequestorUid: 10006 RequestorPkg: com.linkedin.android UnderlyingNetworks: Null] ]
04-19 15:58:19.854  5628  8356 D OemPaidWifiNetworkFactory: got request NetworkRequest [ REQUEST id=27987, [ Capabilities: INTERNET&NOT_RESTRICTED&TRUSTED&NOT_VCN_MANAGED Uid: 10006 RequestorUid: 10006 RequestorPkg: com.linkedin.android UnderlyingNetworks: Null] ]
04-19 15:58:19.855  5628  8356 D MultiInternetWifiNetworkFactory: got request NetworkRequest [ REQUEST id=27987, [ Capabilities: INTERNET&NOT_RESTRICTED&TRUSTED&NOT_VCN_MANAGED Uid: 10006 RequestorUid: 10006 RequestorPkg: com.linkedin.android UnderlyingNetworks: Null] ]
04-19 15:58:19.861  5628  8367 D ConnectivityService: Rematched networks [computed 1ms] [applied 3ms] [issued 12]
04-19 15:58:19.861  5628  8367 D ConnectivityService: NetworkReassignment :
04-19 15:58:19.861  5628  8367 D ConnectivityService:   27987 : null → 128
04-19 15:58:20.067 19664 19664 I FlagshipApplication: [main] Granular phase APP_DEPENDENCY_INJECTION completed. Interval(startNanos=1681912699849000000ns, durationNanos=217000000ns)
04-19 15:58:20.125  5628  8566 D PackageManager: setEnabledSetting : userId = 0 packageName = com.linkedin.android cmp = androidx.work.impl.background.systemjob.SystemJobService newState = 1 callingPackage = 10006/com.linkedin.android
04-19 15:58:20.127  5628  8566 D ApplicationPolicy: getApplicationStateEnabled : pkg = com.linkedin.android userId : 0
04-19 15:58:20.129  5628  8566 D ApplicationPolicy: getApplicationComponentState : pkg = com.linkedin.android userId : 0
04-19 15:58:20.141 19664 19743 D ConnectivityManager: StackLog: [android.net.ConnectivityManager.sendRequestForNetwork(ConnectivityManager.java:4191)] [android.net.ConnectivityManager.registerDefaultNetworkCallbackForUid(ConnectivityManager.java:4755)] [android.net.ConnectivityManager.registerDefaultNetworkCallback(ConnectivityManager.java:4722)] [org.chromium.net.NetworkChangeNotifierAutoDetect$RegistrationPolicy.register(NetworkChangeNotifierAutoDetect.java:38)] [org.chromium.net.RegistrationPolicyAlwaysRegister.init(RegistrationPolicyAlwaysRegister.java:3)] [org.chromium.net.NetworkChangeNotifierAutoDetect.<init>(NetworkChangeNotifierAutoDetect.java:105)] [org.chromium.net.NetworkChangeNotifier.setAutoDetectConnectivityStateInternal(NetworkChangeNotifier.java:14)] [org.chromium.net.impl.CronetLibraryLoader.ensureInitializedOnInitThread(CronetLibraryLoader.java:17)] [org.chromium.net.impl.CronetLibraryLoader$1.run(CronetLibraryLoader.java:1)]
04-19 15:58:20.144  5628  8566 D ConnectivityService: requestNetwork for uid/pid:10006/19664 activeRequest: null callbackRequest: 27988 [NetworkRequest [ REQUEST id=27989, [ Capabilities: INTERNET&NOT_RESTRICTED&TRUSTED&NOT_VCN_MANAGED Uid: 10006 RequestorUid: 10006 RequestorPkg: com.linkedin.android UnderlyingNetworks: Null] ]] callback flags: 0 order: 2147483647
04-19 15:58:20.145  5628  8367 D ConnectivityService:    accepting network in place of null
04-19 15:58:20.150  5628  8356 D WifiNetworkFactory: got request NetworkRequest [ REQUEST id=27989, [ Capabilities: INTERNET&NOT_RESTRICTED&TRUSTED&NOT_VCN_MANAGED Uid: 10006 RequestorUid: 10006 RequestorPkg: com.linkedin.android UnderlyingNetworks: Null] ]
04-19 15:58:20.151 19664 19743 D ConnectivityManager: StackLog: [android.net.ConnectivityManager.sendRequestForNetwork(ConnectivityManager.java:4191)] [android.net.ConnectivityManager.sendRequestForNetwork(ConnectivityManager.java:4233)] [android.net.ConnectivityManager.registerNetworkCallback(ConnectivityManager.java:4615)] [org.chromium.net.NetworkChangeNotifierAutoDetect$RegistrationPolicy.register(NetworkChangeNotifierAutoDetect.java:111)] [org.chromium.net.RegistrationPolicyAlwaysRegister.init(RegistrationPolicyAlwaysRegister.java:3)] [org.chromium.net.NetworkChangeNotifierAutoDetect.<init>(NetworkChangeNotifierAutoDetect.java:105)] [org.chromium.net.NetworkChangeNotifier.setAutoDetectConnectivityStateInternal(NetworkChangeNotifier.java:14)] [org.chromium.net.impl.CronetLibraryLoader.ensureInitializedOnInitThread(CronetLibraryLoader.java:17)] [org.chromium.net.impl.CronetLibraryLoader$1.run(CronetLibraryLoader.java:1)]
04-19 15:58:20.153  5628  8356 D UntrustedWifiNetworkFactory: got request NetworkRequest [ REQUEST id=27989, [ Capabilities: INTERNET&NOT_RESTRICTED&TRUSTED&NOT_VCN_MANAGED Uid: 10006 RequestorUid: 10006 RequestorPkg: com.linkedin.android UnderlyingNetworks: Null] ]
04-19 15:58:20.155  5628  8356 D OemPaidWifiNetworkFactory: got request NetworkRequest [ REQUEST id=27989, [ Capabilities: INTERNET&NOT_RESTRICTED&TRUSTED&NOT_VCN_MANAGED Uid: 10006 RequestorUid: 10006 RequestorPkg: com.linkedin.android UnderlyingNetworks: Null] ]
04-19 15:58:20.156  5628  8356 D MultiInternetWifiNetworkFactory: got request NetworkRequest [ REQUEST id=27989, [ Capabilities: INTERNET&NOT_RESTRICTED&TRUSTED&NOT_VCN_MANAGED Uid: 10006 RequestorUid: 10006 RequestorPkg: com.linkedin.android UnderlyingNetworks: Null] ]
04-19 15:58:20.168  5628  8367 D ConnectivityService: Rematched networks [computed 1ms] [applied 1ms] [issued 19]
04-19 15:58:20.169  5628  8367 D ConnectivityService: NetworkReassignment :
04-19 15:58:20.169  5628  8367 D ConnectivityService:   27989 : null → 128
04-19 15:58:20.173  5628  8367 D ConnectivityService: Rematched networks [computed 0ms] [applied 0ms] [issued 4]
04-19 15:58:20.173  5628  8367 D ConnectivityService: NetworkReassignment : no changes
04-19 15:58:20.193 19664 19742 I cr_CronetLibraryLoader: Cronet version: 102.0.5005.125, arch: aarch64
04-19 15:58:20.242  7867  7969 I PolicyManager: [#CMH#] Is foreground game app: false
04-19 15:58:20.293 19664 19744 D CompatibilityChangeReporter: Compat change id reported: 160794467; UID 10006; state: ENABLED
04-19 15:58:20.313 19664 19744 D CompatibilityChangeReporter: Compat change id reported: 194532703; UID 10006; state: ENABLED
04-19 15:58:20.370 19664 19744 D ConnectivityManager: StackLog: [android.net.ConnectivityManager.sendRequestForNetwork(ConnectivityManager.java:4191)] [android.net.ConnectivityManager.registerDefaultNetworkCallbackForUid(ConnectivityManager.java:4755)] [android.net.ConnectivityManager.registerDefaultNetworkCallback(ConnectivityManager.java:4722)] [android.net.ConnectivityManager.registerDefaultNetworkCallback(ConnectivityManager.java:4696)] [androidx.work.impl.constraints.trackers.NetworkStateTracker.startTracking(NetworkStateTracker.java:19)] [androidx.work.impl.constraints.controllers.ConstraintController.replace(ConstraintController.java:136)] [androidx.work.impl.constraints.WorkConstraintsTracker.replace(WorkConstraintsTracker.java:39)] [androidx.work.impl.background.greedy.GreedyScheduler.schedule(GreedyScheduler.java:301)] [androidx.work.impl.Schedulers.schedule(Schedulers.java:152)] [androidx.work.impl.utils.ForceStopRunnable.forceStopRunnable(ForceStopRunnable.java:570)] [androidx.work.impl.utils.ForceStopRunnable.run(ForceStopRunnable.java:32)] [androidx.work.impl.utils.SerialExecutor$Task.run(SerialExecutor.java:5)] [java.util.concurrent.ThreadPoolExecutor.runWorker(ThreadPoolExecutor.java:1137)] [java.util.concurrent.ThreadPoolExecutor$Worker.run(ThreadPoolExecutor.java:637)] [java.lang.Thread.run(Thread.java:1012)]
04-19 15:58:20.373  5628 11464 D ConnectivityService: requestNetwork for uid/pid:10006/19664 activeRequest: null callbackRequest: 27991 [NetworkRequest [ REQUEST id=27992, [ Capabilities: INTERNET&NOT_RESTRICTED&TRUSTED&NOT_VCN_MANAGED Uid: 10006 RequestorUid: 10006 RequestorPkg: com.linkedin.android UnderlyingNetworks: Null] ]] callback flags: 0 order: 2147483647
04-19 15:58:20.373  5628  8367 D ConnectivityService:    accepting network in place of null
04-19 15:58:20.375  5628  8356 D WifiNetworkFactory: got request NetworkRequest [ REQUEST id=27992, [ Capabilities: INTERNET&NOT_RESTRICTED&TRUSTED&NOT_VCN_MANAGED Uid: 10006 RequestorUid: 10006 RequestorPkg: com.linkedin.android UnderlyingNetworks: Null] ]
04-19 15:58:20.376  5628  8356 D UntrustedWifiNetworkFactory: got request NetworkRequest [ REQUEST id=27992, [ Capabilities: INTERNET&NOT_RESTRICTED&TRUSTED&NOT_VCN_MANAGED Uid: 10006 RequestorUid: 10006 RequestorPkg: com.linkedin.android UnderlyingNetworks: Null] ]
04-19 15:58:20.376  5628  8356 D OemPaidWifiNetworkFactory: got request NetworkRequest [ REQUEST id=27992, [ Capabilities: INTERNET&NOT_RESTRICTED&TRUSTED&NOT_VCN_MANAGED Uid: 10006 RequestorUid: 10006 RequestorPkg: com.linkedin.android UnderlyingNetworks: Null] ]
04-19 15:58:20.376  5628  8356 D MultiInternetWifiNetworkFactory: got request NetworkRequest [ REQUEST id=27992, [ Capabilities: INTERNET&NOT_RESTRICTED&TRUSTED&NOT_VCN_MANAGED Uid: 10006 RequestorUid: 10006 RequestorPkg: com.linkedin.android UnderlyingNetworks: Null] ]
04-19 15:58:20.377 30407 30407 I ResourceOverlayService_0: waitAndQuit called
04-19 15:58:20.377  5628  8367 D ConnectivityService: Rematched networks [computed 0ms] [applied 1ms] [issued 3]
04-19 15:58:20.377  5628  8367 D ConnectivityService: NetworkReassignment :
04-19 15:58:20.377  5628  8367 D ConnectivityService:   27992 : null → 128
04-19 15:58:20.378 30407 30407 I ResourceOverlayService_0: activity user id 0 process id 0
04-19 15:58:20.425 19664 19759 W DaggerInfraApplicationD: [WM.task-4] Cannot set the application tracking stack multiple times. Skipping assignment.
04-19 15:58:20.426 19664 19759 D GlobalSequence: Global Sequence already initialized. Ignoring
04-19 15:58:20.438 19664 19762 I LMDBLRUCache: Entry init duration: 15ms
04-19 15:58:20.445 19664 19769 W ThreadPoolExecutor: [ConnectionMonitor-1] ConnectionStateChangedListener added to ConnectionMonitor, but ConnectionMonitor has not been started.
04-19 15:58:20.445  5628  8457 D NetdEventListenerService: DNS Requested by : 128, 10006
04-19 15:58:20.474 19664 19664 D LixManagerImpl: [main] Triggering sync for lix lixType 0
04-19 15:58:20.477 19664 19664 D LixNetworkManager: [main] Batch Fetch Lix url:/lix/lixFrontendTreatmentsV2?action=batchGet
04-19 15:58:20.528  5628  5712 I libprocessgroup: Successfully killed process cgroup uid 10016 pid 17898 in 6ms
04-19 15:58:20.567 19664 19777 W WM-WorkSpec: Flex duration lesser than minimum allowed value; Changed to 300000
04-19 15:58:20.578  5250  5250 I Zygote  : Process 17898 exited due to signal 9 (Killed)
04-19 15:58:20.612 19664 19664 D AppLaunchRateLimiter: [main] shouldLimitAppLaunchNetworkCalls: S600
04-19 15:58:20.612 19664 19664 D LaunchManagerImpl: [main] onAppProcessStarted(): shouldLimitNetworkCalls=false
04-19 15:58:20.632 19664 19664 D ShortcutBadger: Finding badger
04-19 15:58:20.635 19664 19664 D ShortcutBadger: Current badger:me.leolin.shortcutbadger.impl.DefaultBadger
04-19 15:58:20.692 19664 19791 W WM-WorkSpec: Flex duration lesser than minimum allowed value; Changed to 300000
04-19 15:58:20.712 19664 19664 D EventBus: No subscribers registered for event class com.linkedin.android.infra.events.VideoAutoPlaySettingChangedEvent
04-19 15:58:20.712 19664 19664 D EventBus: No subscribers registered for event class org.greenrobot.eventbus.NoSubscriberEvent
04-19 15:58:20.742 19664 19664 I Choreographer: Skipped 55 frames!  The application may be doing too much work on its main thread.
04-19 15:58:20.767  5628  5714 W libprocessgroup: Failed to open /dev/blkio//cgroup.procs: No such file or directory
04-19 15:58:20.796  5628  9229 D PackageManager: setEnabledSetting : userId = 0 packageName = com.linkedin.android cmp = androidx.work.impl.background.systemalarm.RescheduleReceiver newState = 1 callingPackage = 10006/com.linkedin.android
04-19 15:58:20.805  5628  9229 D ApplicationPolicy: getApplicationStateEnabled : pkg = com.linkedin.android userId : 0
04-19 15:58:20.806  5628  9229 D ApplicationPolicy: getApplicationComponentState : pkg = com.linkedin.android userId : 0
04-19 15:58:20.819 19664 19791 W WM-WorkSpec: Flex duration lesser than minimum allowed value; Changed to 300000
04-19 15:58:20.924 19664 19791 W WM-WorkSpec: Flex duration lesser than minimum allowed value; Changed to 300000
04-19 15:58:20.949 19664 19791 W WM-WorkSpec: Flex duration lesser than minimum allowed value; Changed to 300000
04-19 15:58:21.012 19664 19757 I WM-WorkerWrapper: Worker result SUCCESS for Work [ id=6e8773ca-e1a5-4d86-b91b-3ba4be1e8407, tags={ com.linkedin.android.litrackinglib.network.SendTrackingEventWorker, period_sync_work } ]
04-19 15:58:21.058 19664 19791 W WM-WorkSpec: Flex duration lesser than minimum allowed value; Changed to 300000
04-19 15:58:21.076 19664 19757 I WM-WorkerWrapper: Worker result FAILURE for Work [ id=292e6175-8199-49c5-86ba-2752c5c17fe8, tags={ com.linkedin.android.litrackinglib.network.SendTrackingEventWorker, send_one_batch_events_work } ]
04-19 15:58:21.136 19664 19758 I WM-WorkerWrapper: Worker result SUCCESS for Work [ id=d4af4d43-769c-4869-8db5-3647769d67f7, tags={ com.linkedin.android.segment.ChameleonPeriodicWork } ]
04-19 15:58:21.147 19664 19664 D ConnectivityManager: StackLog: [android.net.ConnectivityManager.unregisterNetworkCallback(ConnectivityManager.java:4863)] [androidx.work.impl.constraints.trackers.NetworkStateTracker.stopTracking(NetworkStateTracker.java:19)] [androidx.work.impl.constraints.controllers.ConstraintController.replace(ConstraintController.java:65)] [androidx.work.impl.constraints.WorkConstraintsTracker.replace(WorkConstraintsTracker.java:39)] [androidx.work.impl.background.greedy.GreedyScheduler.onExecuted(GreedyScheduler.java:62)] [androidx.work.impl.Processor.onExecuted(Processor.java:62)] [androidx.work.impl.Processor$FutureListener.run(Processor.java:19)]
04-19 15:58:21.148  5628  8367 D ConnectivityService:  Removing from current network [128 WIFI], leaving 166 requests.
04-19 15:58:21.177  5628  5712 I libprocessgroup: Successfully killed process cgroup uid 10229 pid 15498 in 9ms
04-19 15:58:21.241  5628  9229 D ConnectivityService: ConnectivityService NetworkRequestInfo binderDied(uid/pid:10229/15498, [NetworkRequest [ REQUEST id=27946, [ Capabilities: INTERNET&NOT_RESTRICTED&TRUSTED&NOT_VCN_MANAGED Uid: 10229 RequestorUid: 10229 RequestorPkg: com.android.vending UnderlyingNetworks: Null] ]], android.os.BinderProxy@f380a59)
04-19 15:58:21.242  5628  8367 D ConnectivityService: releasing NetworkRequest [ REQUEST id=27946, [ Capabilities: INTERNET&NOT_RESTRICTED&TRUSTED&NOT_VCN_MANAGED Uid: 10229 RequestorUid: 10229 RequestorPkg: com.android.vending UnderlyingNetworks: Null] ] (release request)
04-19 15:58:21.242  5628 11104 D ConnectivityService: ConnectivityService NetworkRequestInfo binderDied(uid/pid:10229/15498, [NetworkRequest [ LISTEN id=27947, [ Capabilities: INTERNET&NOT_RESTRICTED&TRUSTED&NOT_VCN_MANAGED Uid: 10229 RequestorUid: 10229 RequestorPkg: com.android.vending UnderlyingNetworks: Null] ]], android.os.BinderProxy@7d9b61e)
04-19 15:58:21.242  5628  8367 D ConnectivityService:  Removing from current network [128 WIFI], leaving 165 requests.
04-19 15:58:21.243  5250  5250 I Zygote  : Process 15498 exited due to signal 9 (Killed)
04-19 15:58:21.254  5628  9811 D SemWifiUsabilityStatsMonitor: onWifiUsabilityStats - seqNum 36070, isSameBssidAndFreq true
04-19 15:58:21.256  5628  8422 I SemWifiLinkQualityMonitor: Link Qos Query: 0.019 ms / 417.255 Mbps (433 / 0.000 / 1.038)
04-19 15:58:21.257  8513  8513 D NetworkController.WifiSignalController: notifyListener: visible=true, connected=true, inetCondition=1, isDefault=true, wifiTestReported=true, receivedInetCondition=-1, hideDuringMobileSwitching=false
04-19 15:58:21.261  8513  8599 D Tile.WifiTile: handleUpdateState isTransient=false transientEnabling =false cb.isTransient=false state.state = 2 mStateBeforeClick.value =false enabled =true
04-19 15:58:21.381 30407 30407 I ResourceOverlayService_0: waitAndQuit called
04-19 15:58:21.384 30407 30407 I ResourceOverlayService_0: activity user id 0 process id 0
04-19 15:58:21.946  5628  8445 D WifiConnectivityMonitor: start WCM Poll.
04-19 15:58:22.289  5250  5250 D Zygote  : Forked child process 19806
04-19 15:58:22.347 19806 19806 I android.vending: Using CollectorTypeCC GC.
04-19 15:58:22.355 19806 19806 E android.vending: Not starting debugger since process cannot load the jdwp agent.
04-19 15:58:22.362 19806 19806 W libc    : Access denied finding property "sys.perf.boostopt"
04-19 15:58:22.362  5224  5224 E audit   : type=1400 audit(1681912702.357:103084): avc:  denied  { read } for  pid=19806 comm="android.vending" name="u:object_r:perf_prop:s0" dev="tmpfs" ino=16829 scontext=u:r:priv_app:s0:c512,c768 tcontext=u:object_r:perf_prop:s0 tclass=file permissive=0 SEPF_SM-A515F_13_0001 audit_filtered
04-19 15:58:22.362  5224  5224 E audit   : type=1300 audit(1681912702.357:103084): arch=c00000b7 syscall=56 success=no exit=-13 a0=ffffff9c a1=7ffbc769b8 a2=88000 a3=0 items=0 ppid=5250 pid=19806 auid=4294967295 uid=10229 gid=10229 euid=10229 suid=10229 fsuid=10229 egid=10229 sgid=10229 fsgid=10229 tty=(none) ses=4294967295 comm="android.vending" exe="/system/bin/app_process64" subj=u:r:priv_app:s0:c512,c768 key=(null)
04-19 15:58:22.362  5224  5224 E audit   : type=1327 audit(1681912702.357:103084): proctitle="zygote64"
04-19 15:58:22.363 19806 19818 W libc    : Access denied finding property "sys.perf.boostopt"
04-19 15:58:22.364  5224  5224 E audit   : type=1400 audit(1681912702.357:103085): avc:  denied  { read } for  pid=19806 comm="binder:19806_1" name="u:object_r:perf_prop:s0" dev="tmpfs" ino=16829 scontext=u:r:priv_app:s0:c512,c768 tcontext=u:object_r:perf_prop:s0 tclass=file permissive=0 SEPF_SM-A515F_13_0001 audit_filtered
04-19 15:58:22.365 19806 19806 D ActivityThread: setConscryptValidator
04-19 15:58:22.365 19806 19806 D ActivityThread: setConscryptValidator - put
04-19 15:58:22.386 19806 19819 W libc    : Access denied finding property "sys.perf.boostopt"
04-19 15:58:22.387 30407 30407 I ResourceOverlayService_0: waitAndQuit called
04-19 15:58:22.388 30407 30407 I ResourceOverlayService_0: activity user id 0 process id 0
04-19 15:58:22.395 19806 19806 D CompatibilityChangeReporter: Compat change id reported: 171979766; UID 10229; state: ENABLED
04-19 15:58:22.451 19806 19806 D nativeloader: Configuring classloader-namespace for other apk /system/framework/org.apache.http.legacy.jar. target_sdk_version=33, uses_libraries=ALL, library_path=/data/app/~~uTBQqUTOpZMAc86i7JRLHg==/com.android.vending-1PjuJ6bbtqXEQBgpriGcDA==/lib/arm64:/data/app/~~uTBQqUTOpZMAc86i7JRLHg==/com.android.vending-1PjuJ6bbtqXEQBgpriGcDA==/base.apk!/lib/arm64-v8a:/data/app/~~uTBQqUTOpZMAc86i7JRLHg==/com.android.vending-1PjuJ6bbtqXEQBgpriGcDA==/split_config.arm64_v8a.apk!/lib/arm64-v8a:/data/app/~~uTBQqUTOpZMAc86i7JRLHg==/com.android.vending-1PjuJ6bbtqXEQBgpriGcDA==/split_config.en.apk!/lib/arm64-v8a:/data/app/~~uTBQqUTOpZMAc86i7JRLHg==/com.android.vending-1PjuJ6bbtqXEQBgpriGcDA==/split_config.ru.apk!/lib/arm64-v8a:/data/app/~~uTBQqUTOpZMAc86i7JRLHg==/com.android.vending-1PjuJ6bbtqXEQBgpriGcDA==/split_phonesky_data_loader.apk!/lib/arm64-v8a:/data/app/~~uTBQqUTOpZMAc86i7JRLHg==/com.android.vending-1PjuJ6bbtqXEQBgpriGcDA==/split_phonesky_data_loader.config.arm64_v8a.apk!/lib/arm64-v8a, permitted_path=/data:/mnt/expand:/data/user
04-19 15:58:22.451 19806 19806 D nativeloader: Extending system_exposed_libraries: libhumantracking.arcsoft.so:libPortraitDistortionCorrection.arcsoft.so:libPortraitDistortionCorrectionCali.arcsoft.so:libface_landmark.arcsoft.so:libFacialStickerEngine.arcsoft.so:libveengine.arcsoft.so:liblow_light_hdr.arcsoft.so:libhigh_dynamic_range.arcsoft.so:libFacialAttributeDetection.arcsoft.so:libBeauty_v4.camera.samsung.so:libexifa.camera.samsung.so:libjpega.camera.samsung.so:libOpenCv.camera.samsung.so:libImageScreener.camera.samsung.so:libMyFilter.camera.samsung.so:libtensorflowLite.myfilter.camera.samsung.so:libtensorflowlite_inference_api.myfilter.camera.samsung.so:libEventFinder.camera.samsung.so:libHIDTSnapJNI.camera.samsung.so:libSmartScan.camera.samsung.so:libRectify.camera.samsung.so:libDocRectifyWrapper.camera.samsung.so:libUltraWideDistortionCorrection.camera.samsung.so:libHpr_RecGAE_cvFeature_v1.0.camera.samsung.so:libHprFace_GAE_api.camera.samsung.so:libFace_Landmark_API.camera.samsung.so:libHprFace_GAE_jni.camera.samsung.so:libFacialBasedSelfieCorrec
04-19 15:58:22.554 19806 19806 W ziparchive: Unable to open '/data/app/~~uTBQqUTOpZMAc86i7JRLHg==/com.android.vending-1PjuJ6bbtqXEQBgpriGcDA==/split_config.arm64_v8a.dm': No such file or directory
04-19 15:58:22.554 19806 19806 W ziparchive: Unable to open '/data/app/~~uTBQqUTOpZMAc86i7JRLHg==/com.android.vending-1PjuJ6bbtqXEQBgpriGcDA==/split_config.arm64_v8a.dm': No such file or directory
04-19 15:58:22.563 19806 19806 W android.vending: Entry not found
04-19 15:58:22.565 19806 19806 W ziparchive: Unable to open '/data/app/~~uTBQqUTOpZMAc86i7JRLHg==/com.android.vending-1PjuJ6bbtqXEQBgpriGcDA==/split_config.en.dm': No such file or directory
04-19 15:58:22.565 19806 19806 W ziparchive: Unable to open '/data/app/~~uTBQqUTOpZMAc86i7JRLHg==/com.android.vending-1PjuJ6bbtqXEQBgpriGcDA==/split_config.en.dm': No such file or directory
04-19 15:58:22.570 19806 19806 W android.vending: Entry not found
04-19 15:58:22.572 19806 19806 W ziparchive: Unable to open '/data/app/~~uTBQqUTOpZMAc86i7JRLHg==/com.android.vending-1PjuJ6bbtqXEQBgpriGcDA==/split_config.ru.dm': No such file or directory
04-19 15:58:22.573 19806 19806 W ziparchive: Unable to open '/data/app/~~uTBQqUTOpZMAc86i7JRLHg==/com.android.vending-1PjuJ6bbtqXEQBgpriGcDA==/split_config.ru.dm': No such file or directory
04-19 15:58:22.577 19806 19806 W android.vending: Entry not found
04-19 15:58:22.579 19806 19806 W ziparchive: Unable to open '/data/app/~~uTBQqUTOpZMAc86i7JRLHg==/com.android.vending-1PjuJ6bbtqXEQBgpriGcDA==/split_phonesky_data_loader.dm': No such file or directory
04-19 15:58:22.579 19806 19806 W ziparchive: Unable to open '/data/app/~~uTBQqUTOpZMAc86i7JRLHg==/com.android.vending-1PjuJ6bbtqXEQBgpriGcDA==/split_phonesky_data_loader.dm': No such file or directory
04-19 15:58:22.581 19806 19806 W android.vending: Entry not found
04-19 15:58:22.584 19806 19806 W ziparchive: Unable to open '/data/app/~~uTBQqUTOpZMAc86i7JRLHg==/com.android.vending-1PjuJ6bbtqXEQBgpriGcDA==/split_phonesky_data_loader.config.arm64_v8a.dm': No such file or directory
04-19 15:58:22.584 19806 19806 W ziparchive: Unable to open '/data/app/~~uTBQqUTOpZMAc86i7JRLHg==/com.android.vending-1PjuJ6bbtqXEQBgpriGcDA==/split_phonesky_data_loader.config.arm64_v8a.dm': No such file or directory
04-19 15:58:22.587 19806 19806 W android.vending: Entry not found
04-19 15:58:22.593 19806 19806 D nativeloader: Configuring classloader-namespace for other apk /data/app/~~uTBQqUTOpZMAc86i7JRLHg==/com.android.vending-1PjuJ6bbtqXEQBgpriGcDA==/base.apk:/data/app/~~uTBQqUTOpZMAc86i7JRLHg==/com.android.vending-1PjuJ6bbtqXEQBgpriGcDA==/split_config.arm64_v8a.apk:/data/app/~~uTBQqUTOpZMAc86i7JRLHg==/com.android.vending-1PjuJ6bbtqXEQBgpriGcDA==/split_config.en.apk:/data/app/~~uTBQqUTOpZMAc86i7JRLHg==/com.android.vending-1PjuJ6bbtqXEQBgpriGcDA==/split_config.ru.apk:/data/app/~~uTBQqUTOpZMAc86i7JRLHg==/com.android.vending-1PjuJ6bbtqXEQBgpriGcDA==/split_phonesky_data_loader.apk:/data/app/~~uTBQqUTOpZMAc86i7JRLHg==/com.android.vending-1PjuJ6bbtqXEQBgpriGcDA==/split_phonesky_data_loader.config.arm64_v8a.apk. target_sdk_version=33, uses_libraries=, library_path=/data/app/~~uTBQqUTOpZMAc86i7JRLHg==/com.android.vending-1PjuJ6bbtqXEQBgpriGcDA==/lib/arm64:/data/app/~~uTBQqUTOpZMAc86i7JRLHg==/com.android.vending-1PjuJ6bbtqXEQBgpriGcDA==/base.apk!/lib/arm64-v8a:/data/app/~~uTBQqUTOpZMAc86i7JRLHg==/com.android.vending-1PjuJ6bbtqXEQBgpriG
04-19 15:58:22.600 19806 19806 W android.vending: JIT profile information will not be recorded: profile file does not exist.
04-19 15:58:22.600 19806 19806 W android.vending: JIT profile information will not be recorded: profile file does not exist.
04-19 15:58:22.600 19806 19806 W android.vending: JIT profile information will not be recorded: profile file does not exist.
04-19 15:58:22.600 19806 19806 W android.vending: JIT profile information will not be recorded: profile file does not exist.
04-19 15:58:22.601 19806 19806 W android.vending: JIT profile information will not be recorded: profile file does not exist.
04-19 15:58:22.669 19806 19806 V GraphicsEnvironment: ANGLE Developer option for 'com.android.vending' set to: 'default'
04-19 15:58:22.670 19806 19806 V GraphicsEnvironment: ANGLE GameManagerService for com.android.vending: false
04-19 15:58:22.670 19806 19806 V GraphicsEnvironment: Neither updatable production driver nor prerelease driver is supported.
04-19 15:58:22.681 19806 19806 D NetworkSecurityConfig: No Network Security Config specified, using platform default
04-19 15:58:22.694 19806 19806 D NetworkSecurityConfig: No Network Security Config specified, using platform default
04-19 15:58:22.785 19806 19806 I Finsky  : [2] jiv.i(6): Process created at version: 35.3.10-21 [0] [PR] 522652521
04-19 15:58:22.942 19806 19828 I Finsky  : [177] wrk.l(20): Finished reading experiment flags from file [0tGUNCGIkbk4o6-fQ335kUYSKwVj4lusnHT-A5Dsy08].
04-19 15:58:22.956 19806 19828 I Finsky  : [177] wrk.l(20): Finished reading experiment flags from file [Se-xCc4LzNyh3UrKMIU2sUf-PUKz4oQEbpKZDMuaFno].
04-19 15:58:23.098  5628  8409 I ChimeraAggressivePolicyHandler: executePolicy() - triggerSource: TRIGGER_SOURCE_LMKD
04-19 15:58:23.099  5628  8409 I ChimeraAggressivePolicyHandler: available memory: 957448, free memory target: 870400, quit chimera
04-19 15:58:23.155 19806 19829 D CompatibilityChangeReporter: Compat change id reported: 183155436; UID 10229; state: ENABLED
04-19 15:58:23.189 19806 19829 I Finsky  : [178] wrk.l(20): Finished reading experiment flags from file [LRIUB0XrWxhCHClKLQhMJkUhwQzdNlPaayxBLZzR4Fw].
04-19 15:58:23.211 19806 19829 I Finsky  : [178] wrk.l(20): Finished reading experiment flags from file [HdCfC3F88ILn46eFYHP0pFjjxhcMB9Z0_oOYSClX-cs].
04-19 15:58:23.226 19806 19806 I Finsky  : [2] jgp.ak(57): Profiling: Starting up (1)
04-19 15:58:23.243 19806 19825 I Finsky  : [174] jgp.L(1): pcsi: PROCESS_START
04-19 15:58:23.281 19806 19828 I Finsky  : [177] let.i(2): Subscription detail: DataSubscriptionInfo{groupIdLevel1=null, serviceProviderName=[zeas1XYiVSmCBJBC24UkeAOBvZHL0DrstFBI93Y_U6k], simCarrierId=1012}
04-19 15:58:23.317  5628 11254 D PackageManager: setEnabledSetting : userId = 0 packageName = com.android.vending cmp = com.android.vending.AssetBrowserActivity newState = 1 callingPackage = 10229/com.android.vending
04-19 15:58:23.319  5628 11254 D ApplicationPolicy: getApplicationStateEnabled : pkg = com.android.vending userId : 0
04-19 15:58:23.320  5628 11254 D ApplicationPolicy: getApplicationComponentState : pkg = com.android.vending userId : 0
04-19 15:58:23.324  5628 11430 D PackageManager: setEnabledSetting : userId = 0 packageName = com.android.vending cmp = com.google.android.finsky.prewarmservice.PrewarmService newState = 1 callingPackage = 10229/com.android.vending
04-19 15:58:23.324  5628 11430 D ApplicationPolicy: getApplicationStateEnabled : pkg = com.android.vending userId : 0
04-19 15:58:23.325  5628 11430 D ApplicationPolicy: getApplicationComponentState : pkg = com.android.vending userId : 0
04-19 15:58:23.335  5628 11430 D PackageManager: setEnabledSetting : userId = 0 packageName = com.android.vending cmp = com.google.android.finsky.activities.DebugActivity newState = 2 callingPackage = 10229/com.android.vending
04-19 15:58:23.355 19806 19828 I Finsky  : [177] vdn.<init>(3): vdq - Registering in memory receiver for android.intent.action.PACKAGE_ADDED and android.intent.action.PACKAGE_REMOVED
04-19 15:58:23.390 30407 30407 I ResourceOverlayService_0: waitAndQuit called
04-19 15:58:23.392  5628  8457 D NetdEventListenerService: DNS Requested by : 128, 10229
04-19 15:58:23.393 30407 30407 I ResourceOverlayService_0: activity user id 0 process id 0
04-19 15:58:23.399 19806 19851 D ConnectivityManager: StackLog: [android.net.ConnectivityManager.sendRequestForNetwork(ConnectivityManager.java:4191)] [android.net.ConnectivityManager.registerDefaultNetworkCallbackForUid(ConnectivityManager.java:4755)] [android.net.ConnectivityManager.registerDefaultNetworkCallback(ConnectivityManager.java:4722)] [axdy.b(PG:3)] [axds.<init>(PG:10)] [org.chromium.net.NetworkChangeNotifier.g(PG:4)] [org.chromium.net.impl.CronetLibraryLoader.b(PG:2)] [avfb.run(PG:9)]
04-19 15:58:23.405  5628  5882 D ConnectivityService: requestNetwork for uid/pid:10229/19806 activeRequest: null callbackRequest: 27993 [NetworkRequest [ REQUEST id=27994, [ Capabilities: INTERNET&NOT_RESTRICTED&TRUSTED&NOT_VCN_MANAGED Uid: 10229 RequestorUid: 10229 RequestorPkg: com.android.vending UnderlyingNetworks: Null] ]] callback flags: 0 order: 2147483647
04-19 15:58:23.406  5628  8367 D ConnectivityService:    accepting network in place of null
04-19 15:58:23.410  5628  8356 D WifiNetworkFactory: got request NetworkRequest [ REQUEST id=27994, [ Capabilities: INTERNET&NOT_RESTRICTED&TRUSTED&NOT_VCN_MANAGED Uid: 10229 RequestorUid: 10229 RequestorPkg: com.android.vending UnderlyingNetworks: Null] ]
04-19 15:58:23.410  5628  8356 D UntrustedWifiNetworkFactory: got request NetworkRequest [ REQUEST id=27994, [ Capabilities: INTERNET&NOT_RESTRICTED&TRUSTED&NOT_VCN_MANAGED Uid: 10229 RequestorUid: 10229 RequestorPkg: com.android.vending UnderlyingNetworks: Null] ]
04-19 15:58:23.411  5628  8356 D OemPaidWifiNetworkFactory: got request NetworkRequest [ REQUEST id=27994, [ Capabilities: INTERNET&NOT_RESTRICTED&TRUSTED&NOT_VCN_MANAGED Uid: 10229 RequestorUid: 10229 RequestorPkg: com.android.vending UnderlyingNetworks: Null] ]
04-19 15:58:23.411  5628  8356 D MultiInternetWifiNetworkFactory: got request NetworkRequest [ REQUEST id=27994, [ Capabilities: INTERNET&NOT_RESTRICTED&TRUSTED&NOT_VCN_MANAGED Uid: 10229 RequestorUid: 10229 RequestorPkg: com.android.vending UnderlyingNetworks: Null] ]
04-19 15:58:23.412  5628  8367 D ConnectivityService: Rematched networks [computed 0ms] [applied 2ms] [issued 3]
04-19 15:58:23.412  5628  8367 D ConnectivityService: NetworkReassignment :
04-19 15:58:23.412  5628  8367 D ConnectivityService:   27994 : null → 128
04-19 15:58:23.415 19806 19851 D ConnectivityManager: StackLog: [android.net.ConnectivityManager.sendRequestForNetwork(ConnectivityManager.java:4191)] [android.net.ConnectivityManager.sendRequestForNetwork(ConnectivityManager.java:4233)] [android.net.ConnectivityManager.registerNetworkCallback(ConnectivityManager.java:4615)] [axdy.b(PG:7)] [axds.<init>(PG:10)] [org.chromium.net.NetworkChangeNotifier.g(PG:4)] [org.chromium.net.impl.CronetLibraryLoader.b(PG:2)] [avfb.run(PG:9)]
04-19 15:58:23.423  5628  8367 D ConnectivityService: Rematched networks [computed 1ms] [applied 0ms] [issued 3]
04-19 15:58:23.423  5628  8367 D ConnectivityService: NetworkReassignment : no changes
04-19 15:58:23.432  5628  8457 D NetdEventListenerService: DNS Requested by : 128, 10229
04-19 15:58:23.449  5628  8457 D NetdEventListenerService: DNS Requested by : 128, 10229
04-19 15:58:23.463 19806 19828 W android.vending: Accessing hidden field Ljava/util/Collections$SynchronizedCollection;->mutex:Ljava/lang/Object; (max-target-o, reflection, denied)
04-19 15:58:23.468 19806 19828 W android.vending: Accessing hidden method Ljava/util/Collections$SynchronizedSet;-><init>(Ljava/util/Set;Ljava/lang/Object;)V (max-target-o, reflection, denied)
04-19 15:58:23.469 19806 19828 W android.vending: Accessing hidden method Ljava/util/Collections$SynchronizedCollection;-><init>(Ljava/util/Collection;Ljava/lang/Object;)V (max-target-o, reflection, denied)
04-19 15:58:23.472  5628  8457 D NetdEventListenerService: DNS Requested by : 128, 10229
04-19 15:58:23.495 19806 19826 I cr_CronetLibraryLoader: Cronet version: 113.0.5672.24, arch: aarch64
04-19 15:58:23.502  5628 11430 D PackageManager: setEnabledSetting : userId = 0 packageName = com.android.vending cmp = com.google.android.finsky.systemupdateactivity.SystemUpdateActivity newState = 1 callingPackage = 10229/com.android.vending
04-19 15:58:23.504  5628 11430 D ApplicationPolicy: getApplicationStateEnabled : pkg = com.android.vending userId : 0
04-19 15:58:23.505  5628 11430 D ApplicationPolicy: getApplicationComponentState : pkg = com.android.vending userId : 0
04-19 15:58:23.517  5628 11430 D PackageManager: setEnabledSetting : userId = 0 packageName = com.android.vending cmp = com.google.android.finsky.systemcomponentupdateui.common.SystemComponentUpdateActivity newState = 0 callingPackage = 10229/com.android.vending
04-19 15:58:23.518  5628 11430 D ApplicationPolicy: getApplicationStateEnabled : pkg = com.android.vending userId : 0
04-19 15:58:23.519  5628 11430 D ApplicationPolicy: getApplicationComponentState : pkg = com.android.vending userId : 0
04-19 15:58:23.525  5628 11430 D PackageManager: setEnabledSetting : userId = 0 packageName = com.android.vending cmp = com.google.android.finsky.systemupdateactivity.SettingsSecurityEntryPoint newState = 1 callingPackage = 10229/com.android.vending
04-19 15:58:23.526  5628 11430 D ApplicationPolicy: getApplicationStateEnabled : pkg = com.android.vending userId : 0
04-19 15:58:23.527  5628 11430 D ApplicationPolicy: getApplicationComponentState : pkg = com.android.vending userId : 0
04-19 15:58:23.527  5628  5882 D PackageManager: setEnabledSetting : userId = 0 packageName = com.android.vending cmp = com.google.android.finsky.hibernation.impl.UnhibernateActivity newState = 1 callingPackage = 10229/com.android.vending
