04-18 00:46:47.023  9617  9617 D nativeloader: Extending system_exposed_libraries: libhumantracking.arcsoft.so:libPortraitDistortionCorrection.arcsoft.so:libPortraitDistortionCorrectionCali.arcsoft.so:libface_landmark.arcsoft.so:libFacialStickerEngine.arcsoft.so:libveengine.arcsoft.so:liblow_light_hdr.arcsoft.so:libhigh_dynamic_range.arcsoft.so:libFacialAttributeDetection.arcsoft.so:libBeauty_v4.camera.samsung.so:libexifa.camera.samsung.so:libjpega.camera.samsung.so:libOpenCv.camera.samsung.so:libImageScreener.camera.samsung.so:libMyFilter.camera.samsung.so:libtensorflowLite.myfilter.camera.samsung.so:libtensorflowlite_inference_api.myfilter.camera.samsung.so:libEventFinder.camera.samsung.so:libHIDTSnapJNI.camera.samsung.so:libSmartScan.camera.samsung.so:libRectify.camera.samsung.so:libDocRectifyWrapper.camera.samsung.so:libUltraWideDistortionCorrection.camera.samsung.so:libHpr_RecGAE_cvFeature_v1.0.camera.samsung.so:libHprFace_GAE_api.camera.samsung.so:libFace_Landmark_API.camera.samsung.so:libHprFace_GAE_jni.camera.samsung.so:libFacialBasedSelfieCorrec
04-18 00:46:47.056  9475  9560 W dalvik-internals: sigaction64 succeeded
04-18 00:46:47.059  9475  9560 D dalvik-internals: SuspendAndroid11: Found all symbols
04-18 00:46:47.060  9475  9560 D dalvik-internals: SuspendAndroid11: Suspending threads.
04-18 00:46:47.064  9475  9560 D dalvik-internals: SuspendAndroid11: Resuming threads.
04-18 00:46:47.064  5628  8567 D ConnectivityService: requestNetwork for uid/pid:10256/9474 activeRequest: null callbackRequest: 15817 [NetworkRequest [ REQUEST id=15818, [ Capabilities: INTERNET&NOT_RESTRICTED&TRUSTED&NOT_VCN_MANAGED Uid: 10256 RequestorUid: 10256 RequestorPkg: com.sec.android.app.shealth UnderlyingNetworks: Null] ]] callback flags: 0 order: 2147483647
04-18 00:46:47.065  5628  8367 D ConnectivityService:    accepting network in place of null
04-18 00:46:47.066  9475  9560 W dalvik-internals: ignoring failure to find _ZN3art12FaultManager35EnsureArtActionInFrontOfSignalChainEv: could not hook _ZN3art12FaultManager35EnsureArtActionInFrontOfSignalChainEv
04-18 00:46:47.067  9617  9617 D nativeloader: Configuring classloader-namespace for other apk /system/framework/samsungkeystoreutils.jar. target_sdk_version=31, uses_libraries=ALL, library_path=/data/app/~~NoKZfD2RDK71glTza17ABw==/com.osp.app.signin-keRgQX5FeVOwMtV5gFf1xw==/lib/arm64:/data/app/~~NoKZfD2RDK71glTza17ABw==/com.osp.app.signin-keRgQX5FeVOwMtV5gFf1xw==/base.apk!/lib/arm64-v8a, permitted_path=/data:/mnt/expand:/data/user/0/com.osp.app.signin
04-18 00:46:47.067  9617  9617 D nativeloader: Extending system_exposed_libraries: libhumantracking.arcsoft.so:libPortraitDistortionCorrection.arcsoft.so:libPortraitDistortionCorrectionCali.arcsoft.so:libface_landmark.arcsoft.so:libFacialStickerEngine.arcsoft.so:libveengine.arcsoft.so:liblow_light_hdr.arcsoft.so:libhigh_dynamic_range.arcsoft.so:libFacialAttributeDetection.arcsoft.so:libBeauty_v4.camera.samsung.so:libexifa.camera.samsung.so:libjpega.camera.samsung.so:libOpenCv.camera.samsung.so:libImageScreener.camera.samsung.so:libMyFilter.camera.samsung.so:libtensorflowLite.myfilter.camera.samsung.so:libtensorflowlite_inference_api.myfilter.camera.samsung.so:libEventFinder.camera.samsung.so:libHIDTSnapJNI.camera.samsung.so:libSmartScan.camera.samsung.so:libRectify.camera.samsung.so:libDocRectifyWrapper.camera.samsung.so:libUltraWideDistortionCorrection.camera.samsung.so:libHpr_RecGAE_cvFeature_v1.0.camera.samsung.so:libHprFace_GAE_api.camera.samsung.so:libFace_Landmark_API.camera.samsung.so:libHprFace_GAE_jni.camera.samsung.so:libFacialBasedSelfieCorrec
04-18 00:46:47.071  5628  8356 D WifiNetworkFactory: got request NetworkRequest [ REQUEST id=15818, [ Capabilities: INTERNET&NOT_RESTRICTED&TRUSTED&NOT_VCN_MANAGED Uid: 10256 RequestorUid: 10256 RequestorPkg: com.sec.android.app.shealth UnderlyingNetworks: Null] ]
04-18 00:46:47.072  5628  8356 D UntrustedWifiNetworkFactory: got request NetworkRequest [ REQUEST id=15818, [ Capabilities: INTERNET&NOT_RESTRICTED&TRUSTED&NOT_VCN_MANAGED Uid: 10256 RequestorUid: 10256 RequestorPkg: com.sec.android.app.shealth UnderlyingNetworks: Null] ]
04-18 00:46:47.073  5628  8356 D OemPaidWifiNetworkFactory: got request NetworkRequest [ REQUEST id=15818, [ Capabilities: INTERNET&NOT_RESTRICTED&TRUSTED&NOT_VCN_MANAGED Uid: 10256 RequestorUid: 10256 RequestorPkg: com.sec.android.app.shealth UnderlyingNetworks: Null] ]
04-18 00:46:47.073  9475  9560 V dalvik-internals: hooked signal using trap ()
04-18 00:46:47.073  9475  9560 V dalvik-internals: hooked sigaction using trap ()
04-18 00:46:47.073  9475  9560 I dalvik-internals: integrateWithCrashLog crashlog: /data/user/0/com.instagram.android/crash_log, insta_crashlog: /data/user/0/com.instagram.android/insta_crash_log
04-18 00:46:47.073  9475  9560 I dalvik-internals: installed sigmux crash handler for crash log
04-18 00:46:47.074  5628  8356 D MultiInternetWifiNetworkFactory: got request NetworkRequest [ REQUEST id=15818, [ Capabilities: INTERNET&NOT_RESTRICTED&TRUSTED&NOT_VCN_MANAGED Uid: 10256 RequestorUid: 10256 RequestorPkg: com.sec.android.app.shealth UnderlyingNetworks: Null] ]
04-18 00:46:47.079  5628  8367 D ConnectivityService: Rematched networks [computed 1ms] [applied 2ms] [issued 11]
04-18 00:46:47.079  5628  8367 D ConnectivityService: NetworkReassignment :
04-18 00:46:47.079  5628  8367 D ConnectivityService:   15818 : null → 117
04-18 00:46:47.101  5628  8367 D ConnectivityService:  Removing from current network [117 WIFI], leaving 160 requests.
04-18 00:46:47.138  9617  9617 D nativeloader: Configuring classloader-namespace for other apk /data/app/~~NoKZfD2RDK71glTza17ABw==/com.osp.app.signin-keRgQX5FeVOwMtV5gFf1xw==/base.apk. target_sdk_version=31, uses_libraries=, library_path=/data/app/~~NoKZfD2RDK71glTza17ABw==/com.osp.app.signin-keRgQX5FeVOwMtV5gFf1xw==/lib/arm64:/data/app/~~NoKZfD2RDK71glTza17ABw==/com.osp.app.signin-keRgQX5FeVOwMtV5gFf1xw==/base.apk!/lib/arm64-v8a, permitted_path=/data:/mnt/expand:/data/user/0/com.osp.app.signin
04-18 00:46:47.156  9474  9670 W SHEALTH#SOCIAL#SocialStepSyncWorker: [SocialStepSyncWorker][doWork] starts requestType = INTERNAL_LOOP
04-18 00:46:47.157  5628  8567 D SensorService: Calling activate off 17
04-18 00:46:47.160  5271  5271 I SensorsHub: batch: handle=17 period=1000000 timeout=0
04-18 00:46:47.179  9617  9617 V GraphicsEnvironment: ANGLE Developer option for 'com.osp.app.signin' set to: 'default'
04-18 00:46:47.181  9617  9617 V GraphicsEnvironment: ANGLE GameManagerService for com.osp.app.signin: false
04-18 00:46:47.181  9617  9617 V GraphicsEnvironment: Neither updatable production driver nor prerelease driver is supported.
04-18 00:46:47.190  9617  9617 D NetworkSecurityConfig: No Network Security Config specified, using platform default
04-18 00:46:47.199  9475  9475 W Fixie   : Initialize IG_NEED_INIT_POST_QE on thread: main
04-18 00:46:47.199  9475  9475 W Fixie   : Initialize SharedPrefsANRFixer
04-18 00:46:47.202  9617  9617 D NetworkSecurityConfig: No Network Security Config specified, using platform default
04-18 00:46:47.210  9475  9475 W proxy_service: Should proxy traffic: false (country_check)
04-18 00:46:47.212  9475  9590 W IGHttpEngineSupplier: No modification made to CONNECTION_POOL_MAX_IDLE_CONNECTIONS for UrlConnectionHttpStack. Not accessible on Android 10+.
04-18 00:46:47.220  9475  9475 W Fixie   : Initialize IG_NEED_INIT_POST_FEED on thread: main
04-18 00:46:47.220  9475  9475 W Fixie   : No fixes for IG_NEED_INIT_POST_FEED
04-18 00:46:47.223  5628  5992 D PackageManager: setEnabledSetting : userId = 0 packageName = com.instagram.android cmp = com.instagram.share.handleractivity.ReelShareHandlerActivityMultiMediaAlias newState = 1 callingPackage = 10126/com.instagram.android
04-18 00:46:47.224  5628  5992 D ApplicationPolicy: getApplicationStateEnabled : pkg = com.instagram.android userId : 0
04-18 00:46:47.225  5628  5992 D ApplicationPolicy: getApplicationComponentState : pkg = com.instagram.android userId : 0
04-18 00:46:47.226  5628 11254 D PackageManager: setEnabledSetting : userId = 0 packageName = com.instagram.android cmp = com.instagram.share.handleractivity.ReelShareHandlerActivityNewIconAlias newState = 2 callingPackage = 10126/com.instagram.android
04-18 00:46:47.231  5628  8567 D PackageManager: setEnabledSetting : userId = 0 packageName = com.instagram.android cmp = com.instagram.share.handleractivity.ReelShareHandlerActivity newState = 2 callingPackage = 10126/com.instagram.android
04-18 00:46:47.235  5628 11254 D PackageManager: setEnabledSetting : userId = 0 packageName = com.instagram.android cmp = com.instagram.share.handleractivity.ReelShareHandlerActivityMultiMediaWithNewIconAlias newState = 2 callingPackage = 10126/com.instagram.android
04-18 00:46:47.239  5628 11254 D PackageManager: setEnabledSetting : userId = 0 packageName = com.instagram.android cmp = com.instagram.share.handleractivity.ReelShareHandlerActivityMultiMediaAlias newState = 1 callingPackage = 10126/com.instagram.android
04-18 00:46:47.239  5628 11254 D ApplicationPolicy: getApplicationStateEnabled : pkg = com.instagram.android userId : 0
04-18 00:46:47.241  5628 11254 D ApplicationPolicy: getApplicationComponentState : pkg = com.instagram.android userId : 0
04-18 00:46:47.245  5628  5992 D PackageManager: setEnabledSetting : userId = 0 packageName = com.instagram.android cmp = com.instagram.share.handleractivity.ReelShareHandlerActivityNewIconAlias newState = 2 callingPackage = 10126/com.instagram.android
04-18 00:46:47.247  5628  5992 D PackageManager: setEnabledSetting : userId = 0 packageName = com.instagram.android cmp = com.instagram.share.handleractivity.ReelShareHandlerActivity newState = 2 callingPackage = 10126/com.instagram.android
04-18 00:46:47.256  9617  9617 W .osp.app.signin: Opening an oat file without a class loader. Are you using the deprecated DexFile APIs?
04-18 00:46:47.267  9475  9475 W FrscLanguagePackLoader: Loading FRSC strings for locale (en_GB)
04-18 00:46:47.275  9475  9698 W FrscLanguagePackLoader: FRSC English strings buffer size - (limit : 687358, capacity : 687358)
04-18 00:46:47.275  9475  9475 D CACHE_HINTS: Entering madvise file
04-18 00:46:47.275  9475  9475 D CACHE_HINTS: MADVISE_RAND file 0x7d1bdc6000 7950335 /data/data/com.instagram.android/app_restricks/layouts.bin
04-18 00:46:47.282  9617  9617 D CompatibilityChangeReporter: Compat change id reported: 183155436; UID 10104; state: DISABLED
04-18 00:46:47.283  9617  9617 I FirebaseApp: Device unlocked: initializing all Firebase APIs for app [DEFAULT]
04-18 00:46:47.301  4613  4613 W keymaster_tee: [WRN]begin req PARAMS: A32 B32 P1
04-18 00:46:47.308  5628  8367 D ConnectivityService: reportNetworkActive, notify 0 listeners
04-18 00:46:47.317  5628  8457 D NetdEventListenerService: DNS Requested by : 117, 10126
04-18 00:46:47.325  9617  9617 I FirebaseInitProvider: FirebaseApp initialization successful
04-18 00:46:47.333  9617  9617 I CapsuleProvider_1.0.20: onCreate
04-18 00:46:47.336  9617  9617 D WM-WrkMgrInitializer: Initializing WorkManager with default configuration.
04-18 00:46:47.349  4613  4613 W keymaster_tee: [WRN]begin req PARAMS: A32 B32 P1
04-18 00:46:47.363  5628  8567 D PackageManager: setEnabledSetting : userId = 0 packageName = com.instagram.android cmp = com.instagram.direct.share.handler.DirectShareHandlerActivity newState = 2 callingPackage = 10126/com.instagram.android
04-18 00:46:47.365  5628  5992 D PackageManager: setEnabledSetting : userId = 0 packageName = com.osp.app.signin cmp = androidx.work.impl.background.systemjob.SystemJobService newState = 1 callingPackage = 10104/com.osp.app.signin
04-18 00:46:47.368  5628  5992 D ApplicationPolicy: getApplicationStateEnabled : pkg = com.osp.app.signin userId : 0
04-18 00:46:47.369  5628  5992 D ApplicationPolicy: getApplicationComponentState : pkg = com.osp.app.signin userId : 0
04-18 00:46:47.371  5628  8567 D PackageManager: setEnabledSetting : userId = 0 packageName = com.instagram.android cmp = com.instagram.direct.share.handler.DirectShareHandlerActivityInterop newState = 1 callingPackage = 10126/com.instagram.android
04-18 00:46:47.371  5628  8567 D ApplicationPolicy: getApplicationStateEnabled : pkg = com.instagram.android userId : 0
04-18 00:46:47.372  5628  8567 D ApplicationPolicy: getApplicationComponentState : pkg = com.instagram.android userId : 0
04-18 00:46:47.375  5628  9014 D PackageManager: setEnabledSetting : userId = 0 packageName = com.instagram.android cmp = com.instagram.direct.share.handler.DirectExternalMediaShareActivityPhoto newState = 2 callingPackage = 10126/com.instagram.android
04-18 00:46:47.379  9475  9697 W IgSharedPreferences: getAll was used, which can cause ConcurrentModificationExceptions
04-18 00:46:47.379  9475  9697 W IgSharedPreferences: java.lang.Throwable
04-18 00:46:47.379  9475  9697 W IgSharedPreferences: 	at X.0bM.getAll(:9)
04-18 00:46:47.379  9475  9697 W IgSharedPreferences: 	at X.1WD.run(:4)
04-18 00:46:47.379  9475  9697 W IgSharedPreferences: 	at X.0eG.run(:7)
04-18 00:46:47.379  9475  9697 W IgSharedPreferences: 	at java.util.concurrent.ThreadPoolExecutor.runWorker(ThreadPoolExecutor.java:1137)
04-18 00:46:47.379  9475  9697 W IgSharedPreferences: 	at java.util.concurrent.ThreadPoolExecutor$Worker.run(ThreadPoolExecutor.java:637)
04-18 00:46:47.379  9475  9697 W IgSharedPreferences: 	at java.lang.Thread.run(Thread.java:1012)
04-18 00:46:47.379  9475  9697 W IgSharedPreferences: 	at X.0eW.run(:5)
04-18 00:46:47.380  5224  5224 E audit   : type=1400 audit(1681771607.374:60002): avc:  granted  { execute } for  pid=9475 comm="pool-15-thread-" path="/data/data/com.instagram.android/lib-compressed/libxplat_timeinappcore_timeinappcore-nonnativesqliteAndroid.so" dev="sda32" ino=1009802 scontext=u:r:untrusted_app:s0:c126,c256,c512,c768 tcontext=u:object_r:app_data_file:s0:c126,c256,c512,c768 tclass=file SEPF_SM-A515F_13_0001 audit_filtered
04-18 00:46:47.381  5224  5224 E audit   : type=1300 audit(1681771607.374:60002): arch=c00000b7 syscall=222 success=yes exit=538028912640 a0=7d4505b000 a1=ff00 a2=5 a3=12 items=0 ppid=5250 pid=9475 auid=4294967295 uid=10126 gid=10126 euid=10126 suid=10126 fsuid=10126 egid=10126 sgid=10126 fsgid=10126 tty=(none) ses=4294967295 comm="pool-15-thread-" exe="/system/bin/app_process64" subj=u:r:untrusted_app:s0:c126,c256,c512,c768 key=(null)
04-18 00:46:47.381  5224  5224 E audit   : type=1327 audit(1681771607.374:60002): proctitle="com.instagram.android"
04-18 00:46:47.381  5628  9014 D PackageManager: setEnabledSetting : userId = 0 packageName = com.instagram.android cmp = com.instagram.direct.share.handler.DirectExternalMediaShareActivityPhotoInterop newState = 1 callingPackage = 10126/com.instagram.android
04-18 00:46:47.383  5224  5224 E audit   : type=1400 audit(1681771607.378:60003): avc:  granted  { execute } for  pid=9475 comm="pool-15-thread-" path="/data/data/com.instagram.android/lib-compressed/libtimeinapp-jni.so" dev="sda32" ino=1021892 scontext=u:r:untrusted_app:s0:c126,c256,c512,c768 tcontext=u:object_r:app_data_file:s0:c126,c256,c512,c768 tclass=file SEPF_SM-A515F_13_0001 audit_filtered
04-18 00:46:47.384  5628  9014 D ApplicationPolicy: getApplicationStateEnabled : pkg = com.instagram.android userId : 0
04-18 00:46:47.386  5628  9014 D ApplicationPolicy: getApplicationComponentState : pkg = com.instagram.android userId : 0
04-18 00:46:47.387  9475  9475 W RageShakeSensorHelper: initInstance Initialized | rageShakeEnabled=true | shakeForceThreshold=18.042845
04-18 00:46:47.387  9475  9475 W RageShakeSensorHelper: onUserSessionStart start
04-18 00:46:47.390  5628  9014 D PackageManager: setEnabledSetting : userId = 0 packageName = com.instagram.android cmp = com.instagram.direct.share.handler.DirectExternalMediaShareActivityVideo newState = 2 callingPackage = 10126/com.instagram.android
04-18 00:46:47.393  5628  9014 D PackageManager: setEnabledSetting : userId = 0 packageName = com.instagram.android cmp = com.instagram.direct.share.handler.DirectExternalMediaShareActivityVideoInterop newState = 1 callingPackage = 10126/com.instagram.android
04-18 00:46:47.396  5628  9014 D ApplicationPolicy: getApplicationStateEnabled : pkg = com.instagram.android userId : 0
04-18 00:46:47.398  5628  9014 D ApplicationPolicy: getApplicationComponentState : pkg = com.instagram.android userId : 0
04-18 00:46:47.402  9617  9712 I DynamiteModule: Considering local module com.google.android.gms.measurement.dynamite:78 and remote module com.google.android.gms.measurement.dynamite:88
04-18 00:46:47.402  5628  9014 D PackageManager: setEnabledSetting : userId = 0 packageName = com.instagram.android cmp = com.instagram.direct.share.handler.DirectMultipleExternalMediaShareActivity newState = 2 callingPackage = 10126/com.instagram.android
04-18 00:46:47.402  9617  9712 I DynamiteModule: Selected remote version of com.google.android.gms.measurement.dynamite, version >= 88
04-18 00:46:47.402  9617  9712 V DynamiteModule: Dynamite loader version >= 2, using loadModule2NoCrashUtils
04-18 00:46:47.410  5628  8567 D PackageManager: setEnabledSetting : userId = 0 packageName = com.instagram.android cmp = com.instagram.direct.share.handler.DirectMultipleExternalMediaShareActivityInterop newState = 2 callingPackage = 10126/com.instagram.android
04-18 00:46:47.415  5628  5992 D PackageManager: setEnabledSetting : userId = 0 packageName = com.instagram.android cmp = com.instagram.fbpay.w3c.ipc.IsReadyToPayServiceImpl newState = 1 callingPackage = 10126/com.instagram.android
04-18 00:46:47.418  5628  5992 D ApplicationPolicy: getApplicationStateEnabled : pkg = com.instagram.android userId : 0
04-18 00:46:47.419  5628  5992 D ApplicationPolicy: getApplicationComponentState : pkg = com.instagram.android userId : 0
04-18 00:46:47.421  5628  9014 D PackageManager: setEnabledSetting : userId = 0 packageName = com.instagram.android cmp = com.instagram.fbpay.w3c.ipc.FBPaymentServiceImpl newState = 1 callingPackage = 10126/com.instagram.android
04-18 00:46:47.422  5628  9014 D ApplicationPolicy: getApplicationStateEnabled : pkg = com.instagram.android userId : 0
04-18 00:46:47.422  5628  9014 D ApplicationPolicy: getApplicationComponentState : pkg = com.instagram.android userId : 0
04-18 00:46:47.423  9475  9475 W stagram.android: JNI RegisterNativeMethods: attempt to register 0 native methods for com.facebook.msys.mci.EventLoggingData
04-18 00:46:47.423  5628  9014 D PackageManager: setEnabledSetting : userId = 0 packageName = com.instagram.android cmp = com.instagram.fbpay.w3c.views.PaymentActivity newState = 1 callingPackage = 10126/com.instagram.android
04-18 00:46:47.424  5628  9014 D ApplicationPolicy: getApplicationStateEnabled : pkg = com.instagram.android userId : 0
04-18 00:46:47.425  5628  9014 D ApplicationPolicy: getApplicationComponentState : pkg = com.instagram.android userId : 0
04-18 00:46:47.447  9617  9617 D DIAGMON_SDK[605054]: setDeviceId :
04-18 00:46:47.452  9617  9712 W System  : ClassLoader referenced unknown path:
04-18 00:46:47.453  9617  9712 D nativeloader: Configuring classloader-namespace for other apk . target_sdk_version=33, uses_libraries=, library_path=/data/app/~~fupSe7mT3TYRtpByrpi4GQ==/com.google.android.gms-bmnvTG7hLJarQuEcM9Lr_Q==/lib/arm64:/data/app/~~fupSe7mT3TYRtpByrpi4GQ==/com.google.android.gms-bmnvTG7hLJarQuEcM9Lr_Q==/base.apk!/lib/arm64-v8a, permitted_path=/data:/mnt/expand:/data/user/0/com.google.android.gms
04-18 00:46:47.468  9475  9475 W IgZoneModule: IG Policy Zone is disabled. No-op Zone is setup
04-18 00:46:47.476  9475  9475 W proxy_service: Initialize proxy service.
04-18 00:46:47.476  9475  9475 W proxy_service: User not in allowed region.
04-18 00:46:47.477  9475  9775 W FileBasedMultiProcessTracker: <default>: Initializing FileBasedMultiProcessTracking using /data/user/0/com.instagram.android/app_multiprocess_tracking
04-18 00:46:47.478  9475  9775 W FileBasedMultiProcessTracker: <default>: Creating file to track 9475
04-18 00:46:47.479  9475  9597 E PendingMediaStoreSerializer: deserialize start
04-18 00:46:47.479  9475  9597 E PendingMediaStoreSerializer: start reading pending media
04-18 00:46:47.483  5628  9014 D PackageManager: setEnabledSetting : userId = 0 packageName = com.instagram.android cmp = com.instagram.direct.appwidget.DirectWidgetProvider newState = 2 callingPackage = 10126/com.instagram.android
04-18 00:46:47.484  9475  9775 W FileBasedMultiProcessTracker: <default>: FileBasedMultiProcessTracker ready!
04-18 00:46:47.489  9475  9784 W FileBasedMultiProcessTracker: <default>: Observed removed PID: 28719
04-18 00:46:47.494  9475  9653 E nightwatch-target: /proc/zoneinfo open: errno=13
04-18 00:46:47.494  9475  9653 E nightwatch-target: sysmeminfo parse failed
04-18 00:46:47.503  9475  9754 W AudioCapabilities: Unsupported mime audio/x-ima
04-18 00:46:47.504  9475  9754 W AudioCapabilities: Unsupported mime audio/mpeg-L1
04-18 00:46:47.504  9475  9754 W AudioCapabilities: Unsupported mime audio/mpeg-L2
04-18 00:46:47.505  9475  9754 W VideoCapabilities: Unsupported mime video/mp43
04-18 00:46:47.511  9475  9597 E PendingMediaStoreSerializer: finish reading pending media
04-18 00:46:47.512  9475  9597 E PendingMediaStoreSerializer: Set the submedia on albums
04-18 00:46:47.512  9475  9597 E PendingMediaStoreSerializer: Set the submedia on post threads
04-18 00:46:47.512  9475  9597 E PendingMediaStoreSerializer: deserialize is done. start calling callbacks
04-18 00:46:47.512  9475  9597 E PendingMediaStoreSerializer: deserialize end
04-18 00:46:47.521  9475  9754 W VideoCapabilities: Unsupported mime video/wvc1
04-18 00:46:47.521  9475  9475 D CompatibilityChangeReporter: Compat change id reported: 147600208; UID 10126; state: ENABLED
04-18 00:46:47.521  9475  9754 W VideoCapabilities: Unsupported mime video/x-ms-wmv
04-18 00:46:47.522  9475  9754 W AudioCapabilities: Unsupported mime audio/x-ms-wma
04-18 00:46:47.523  9475  9754 W VideoCapabilities: Unsupported mime video/x-ms-wmv7
04-18 00:46:47.523  9475  9754 W VideoCapabilities: Unsupported mime video/x-ms-wmv8
04-18 00:46:47.543  9475  9475 E PendingMediaStoreSerializer: wait for deserialization lock
04-18 00:46:47.543  9475  9475 E PendingMediaStoreSerializer: calling callbacks
04-18 00:46:47.529  9617  9747 D CompatibilityChangeReporter: Compat change id reported: 160794467; UID 10104; state: ENABLED
04-18 00:46:47.614  5628  9014 D PackageManager: setEnabledSetting : userId = 0 packageName = com.instagram.android cmp = com.instagram.push.FbnsInitBroadcastReceiver newState = 1 callingPackage = 10126/com.instagram.android
04-18 00:46:47.615  5628  9014 D ApplicationPolicy: getApplicationStateEnabled : pkg = com.instagram.android userId : 0
04-18 00:46:47.617  5628  9014 D ApplicationPolicy: getApplicationComponentState : pkg = com.instagram.android userId : 0
04-18 00:46:47.625  9475  9754 W VideoCapabilities: Unrecognized profile/level 32768/256 for video/mp4v-es
04-18 00:46:47.634  9475  9475 D CompatibilityChangeReporter: Compat change id reported: 160794467; UID 10126; state: ENABLED
04-18 00:46:47.617  9617  9617 I SamsungAccount: [BrandNameUtil] isBrandGalaxy, isCscFeatureEnabled: false
04-18 00:46:47.641  9617  9617 I SamsungAccount: [BrandNameUtil] isBrandGalaxy, oneUiVersion is below 5.1: true
04-18 00:46:47.643  9617  9617 I SamsungAccount: [GlobalSearchProvider] secQueryGetFingerprint : 1400200003en_GB
04-18 00:46:47.658  5628  5992 D PackageManager: setEnabledSetting : userId = 0 packageName = com.instagram.android cmp = com.instagram.push.FbnsInitBroadcastReceiver newState = 1 callingPackage = 10126/com.instagram.android
04-18 00:46:47.659  5628  5992 D ApplicationPolicy: getApplicationStateEnabled : pkg = com.instagram.android userId : 0
04-18 00:46:47.660  5628  5992 D ApplicationPolicy: getApplicationComponentState : pkg = com.instagram.android userId : 0
04-18 00:46:47.672  5250  5250 D Zygote  : Forked child process 9791
04-18 00:46:47.678  9474  9670 W oid.app.shealth: Long monitor contention with owner LogManagerInternal (9575) at android.content.IContentProvider android.app.ActivityThread.acquireProvider(android.content.Context, java.lang.String, int, boolean)(ActivityThread.java:7885) waiters=0 in android.content.IContentProvider android.app.ActivityThread.acquireProvider(android.content.Context, java.lang.String, int, boolean) for 515ms
04-18 00:46:47.680  5628  5714 W libprocessgroup: Failed to open /dev/blkio//cgroup.procs: No such file or directory
04-18 00:46:47.680  9617  9632 W libc    : Access denied finding property "sys.perf.boostopt"
04-18 00:46:47.683  9617  9617 I SamsungAccount: [SamsungService(Application)] onCreate START
04-18 00:46:47.694  9617  9792 W libc    : Access denied finding property "sys.perf.boostopt"
04-18 00:46:47.698  9617  9617 D SamsungAccount$SALogger: init Log Path : /data/user/0/com.osp.app.signin/Log/
04-18 00:46:47.698  9617  9633 I SamsungAccount: [AccountManagerProvider] Calling package : app.shealth.
04-18 00:46:47.699  9617  9632 I SamsungAccount: [AccountManagerProvider] Calling package : app.shealth.
04-18 00:46:47.699  9617  9792 I SamsungAccount: [AccountManagerProvider] Calling package : app.shealth.
04-18 00:46:47.714  9617  9617 D SamsungAccount$SALogger: init success
04-18 00:46:47.715  9617  9632 I SamsungAccount: [SignatureCheckUtil] runCheckSignatureAsync
04-18 00:46:47.715  9617  9633 I SamsungAccount: [SignatureCheckUtil] runCheckSignatureAsync
04-18 00:46:47.715  9617  9632 I SamsungAccount: [SignaturePreconditionChecker] getSignatureResult - fromSesSdk : false
04-18 00:46:47.716  9617  9633 I SamsungAccount: [SignaturePreconditionChecker] getSignatureResult - fromSesSdk : false
04-18 00:46:47.716  9617  9617 I SamsungAccount: [TestPropertyManager] setPropStagingMode, server: NONE
04-18 00:46:47.716  9617  9617 I SamsungAccount: [TestPropertyManager] HiddenModeValueIsSet? false [hiddenModeServerName: NONE, hiddenModeMcc: NONE, isMarketingAgreementToastMode: false, isAgreementHistoryWriteMode: false, isInvalidSimTestMode: false]
04-18 00:46:47.717  9617  9792 I SamsungAccount: [SignatureCheckUtil] runCheckSignatureAsync
04-18 00:46:47.717  9617  9792 I SamsungAccount: [SignaturePreconditionChecker] getSignatureResult - fromSesSdk : false
04-18 00:46:47.717  9617  9794 W libc    : Access denied finding property "sys.perf.boostopt"
04-18 00:46:47.730  9617  9617 I SamsungAccount: [TestPropertyManager] property file not exist
04-18 00:46:47.738  9791  9791 I cebook.services: Using CollectorTypeCC GC.
04-18 00:46:47.747  9791  9791 E cebook.services: Not starting debugger since process cannot load the jdwp agent.
04-18 00:46:47.747  9617  9617 I SamsungAccount: [DeviceManager] init START
04-18 00:46:47.753  9617  9617 I SamsungAccount: [DeviceManager] init END
04-18 00:46:47.754  9617  9617 I SamsungAccount: [OpenDBManager] saveOpenData(Support_SamsungPass_Integration, true)
04-18 00:46:47.754  5628  8567 D PackageManager: setEnabledSetting : userId = 0 packageName = com.instagram.android cmp = androidx.work.impl.background.systemjob.SystemJobService newState = 1 callingPackage = 10126/com.instagram.android
04-18 00:46:47.755  9617  9617 I SamsungAccount: [OpenContentProvider]  URI : content://com.msc.openprovider.openContentProvider/openData
04-18 00:46:47.755  9617  9633 I SamsungAccount: [SignatureInfoDbHelper] getSignatureResult - [10/1y90e][app.shealth.]
04-18 00:46:47.756  9617  9633 I SamsungAccount: [SignatureInfoDbHelper] searchOnUser
04-18 00:46:47.757  9617  9617 I SamsungAccount: [OpenContentProvider] update openData : true
04-18 00:46:47.758  5628  8567 D ApplicationPolicy: getApplicationStateEnabled : pkg = com.instagram.android userId : 0
04-18 00:46:47.759  5628  8567 D ApplicationPolicy: getApplicationComponentState : pkg = com.instagram.android userId : 0
04-18 00:46:47.759  9617  9617 I SamsungAccount: [PushUtil] enable firebase auto init by RU
04-18 00:46:47.773  9791  9791 W libc    : Access denied finding property "sys.perf.boostopt"
04-18 00:46:47.773  9617  9617 I SamsungAccount: [AccountManagerUtil] isSamsungAccountSignedIn : true
04-18 00:46:47.773  9617  9617 I SamsungAccount: [PushUtil] requestSmpInit
04-18 00:46:47.774  9617  9617 I SmpLog  : [SMP] init. S:true P:FCM_PRIMARY_MODE A:a
04-18 00:46:47.775  9791  9791 D ActivityThread: setConscryptValidator
04-18 00:46:47.775  9791  9791 D ActivityThread: setConscryptValidator - put
04-18 00:46:47.777  9791  9831 W libc    : Access denied finding property "sys.perf.boostopt"
04-18 00:46:47.778  9617  9617 I SamsungAccount: [SamsungService] PUSH_STATE_CHECK registerId = not empty
04-18 00:46:47.778  9617  9617 I SamsungAccount: [StateCheckUtil] getLogPushRegistrationResult result = REGISTRATION_SUCCESS
04-18 00:46:47.778  9617  9617 I SamsungAccount: [SamsungService] PUSH_STATE_CHECK resultState = REGISTRATION_SUCCESS
04-18 00:46:47.778  9617  9617 I SamsungAccount: [SamsungService] check push token updates
04-18 00:46:47.778  9617  9617 I SamsungAccount: [PushUtil] checkTokenUpdates
04-18 00:46:47.780  9617  9633 I SamsungAccount: [SignatureInfoDbHelper] searchOnUser - [10/1y90e][app.shealth.][64/14aaf] => matched
04-18 00:46:47.780  9617  9633 I SamsungAccount: [SignatureInfoDbHelper] search - matched
04-18 00:46:47.780  9617  9632 I SamsungAccount: [SignatureInfoDbHelper] getSignatureResult - [10/1y90e][app.shealth.]
04-18 00:46:47.781  9617  9632 I SamsungAccount: [SignatureInfoDbHelper] searchOnUser
04-18 00:46:47.781  9617  9633 I SamsungAccount: [SignatureCheckUtil] runCheckSignatureAsync(fromDb) - matched
04-18 00:46:47.781  9617  9633 I SamsungAccount: [AccountManagerProvider] This is the access of the allowed application
04-18 00:46:47.784  9617  9617 I SmpLog  : [SMP] get push type : fcm
04-18 00:46:47.785  9617  9617 I SmpLog  : [SMP] get token : ...Sv (152)
04-18 00:46:47.786  9475  9597 W Fixie   : Initialize IG_POST_APP_START on thread: SIMPLE_WORKER5
04-18 00:46:47.786  9475  9597 W Fixie   : Initialize MediaSessionANRFixer
04-18 00:46:47.786  9475  9597 W Fixie   : Initialize LicmCrashFixer
04-18 00:46:47.786  9475  9597 W Fixie   : Initialize BrowserLiteCookieManagerFixer
04-18 00:46:47.787  9617  9617 I SamsungAccount: [AccountManagerUtil] makeSamsungAccountVisible
04-18 00:46:47.794  9617  9832 I SmpLog  : [SMP] Test mode: false, v:3.3.1.1, com.osp.app.signin
04-18 00:46:47.795  9617  9832 I SmpLog  : [SMP] ptype:fcm, token:...Sv (152), D:null, U:null, S:false, M:null, P:FCM_PRIMARY_MODE
04-18 00:46:47.796  9617  9617 I SamsungAccount: [AccountManagerUtil] setSamsungAccountManagedVisibilityIfNeeded : app.shealth.
04-18 00:46:47.797  9617  9617 I SamsungAccount: [PackageUtils] com.sec.android.app.shealth is existed : version code : 6233003
04-18 00:46:47.797  9617  9617 I SamsungAccount: [SignatureCheckUtil] runCheckSignatureWithEmptyId
04-18 00:46:47.797  9617  9617 I SamsungAccount: [SignatureCheckUtil] runCheckSignatureAsync
04-18 00:46:47.797  9617  9617 I SamsungAccount: [SignaturePreconditionChecker] getSignatureResult - fromSesSdk : true
04-18 00:46:47.799  9617  9632 I SamsungAccount: [SignatureInfoDbHelper] searchOnUser - [10/1y90e][app.shealth.][64/14aaf] => matched
04-18 00:46:47.799  9617  9632 I SamsungAccount: [SignatureInfoDbHelper] search - matched
04-18 00:46:47.799  9617  9632 I SamsungAccount: [SignatureCheckUtil] runCheckSignatureAsync(fromDb) - matched
04-18 00:46:47.799  9617  9632 I SamsungAccount: [AccountManagerProvider] This is the access of the allowed application
04-18 00:46:47.799  9617  9792 I SamsungAccount: [SignatureInfoDbHelper] getSignatureResult - [10/1y90e][app.shealth.]
04-18 00:46:47.799  9617  9792 I SamsungAccount: [SignatureInfoDbHelper] searchOnUser
04-18 00:46:47.813  9617  9832 I SmpLog  : [SMP] SEND BR : smp init success
04-18 00:46:47.815  9791  9831 W libc    : Access denied finding property "sys.perf.boostopt"
04-18 00:46:47.818  9791  9791 D CompatibilityChangeReporter: Compat change id reported: 171979766; UID 10076; state: ENABLED
04-18 00:46:47.828  9617  9795 I FA      : App measurement disabled via the manifest
04-18 00:46:47.829  9617  9795 I FA      : App measurement initialized, version: 76011
04-18 00:46:47.829  9617  9795 I FA      : To enable debug logging run: adb shell setprop log.tag.FA VERBOSE
04-18 00:46:47.830  9617  9795 I FA      : To enable faster debug mode event logging run:
04-18 00:46:47.830  9617  9795 I FA      :   adb shell setprop debug.firebase.analytics.app com.osp.app.signin
04-18 00:46:47.832  9474  9575 E SamsungAnalytics605030: call after setConfiguration() method
04-18 00:46:47.833  9474  9575 E SamsungAnalytics605030: context cannot be null
04-18 00:46:47.849  9617  9792 I SamsungAccount: [SignatureInfoDbHelper] searchOnUser - [10/1y90e][app.shealth.][64/14aaf] => matched
04-18 00:46:47.850  9617  9792 I SamsungAccount: [SignatureInfoDbHelper] search - matched
04-18 00:46:47.850  9617  9617 I SamsungAccount: [SignatureInfoDbHelper] getSignatureResult - [][app.shealth.]
04-18 00:46:47.850  9617  9792 I SamsungAccount: [SignatureCheckUtil] runCheckSignatureAsync(fromDb) - matched
04-18 00:46:47.850  9617  9792 I SamsungAccount: [AccountManagerProvider] This is the access of the allowed application
04-18 00:46:47.851  9617  9617 I SamsungAccount: [SignatureInfoHelper] getClientIdFromMetaData : [10/1y90e]
04-18 00:46:47.851  9617  9617 I SamsungAccount: [SignatureInfoDbHelper] searchOnUser
04-18 00:46:47.853  9617  9617 I SamsungAccount: [SignatureInfoDbHelper] searchOnUser - [10/1y90e][app.shealth.][64/14aaf] => matched
04-18 00:46:47.853  9617  9617 I SamsungAccount: [SignatureInfoDbHelper] search - matched
04-18 00:46:47.853  9617  9617 I SamsungAccount: [SignatureCheckUtil] runCheckSignatureAsync(fromDb) - matched
04-18 00:46:47.853  9617  9617 I SamsungAccount: [AccountManagerUtil] setSamsungAccountManagedVisibilityIfNeeded - isInstalled : true, isAllowedApplication : true
04-18 00:46:47.853  9617  9617 I SamsungAccount: [AccountManagerUtil] getSamsungAccountVisibilityByPackageName
04-18 00:46:47.854  9617  9617 I SamsungAccount: [AccountManagerUtil] getSamsungAccountVisibilityByPackageName
04-18 00:46:47.854  5628  5714 W libprocessgroup: Failed to open /dev/blkio//cgroup.procs: No such file or directory
04-18 00:46:47.856  9617  9617 I SamsungAccount: [AccountManagerUtil] setSamsungAccountManagedVisibilityIfNeeded - visibility : 2
04-18 00:46:47.862   401   401 D BoundBrokerSvc: onBind: Intent { act=com.google.android.gms.measurement.START pkg=com.google.android.gms }
04-18 00:46:47.862   401   401 D BoundBrokerSvc: Loading bound service for intent: Intent { act=com.google.android.gms.measurement.START pkg=com.google.android.gms }
04-18 00:46:47.869  9617  9617 I SamsungAccount: [DbManagerV2] getEmailID
04-18 00:46:47.869  9617  9617 I SamsungAccount: [DbManagerV2] getDataV02ForItems : EMAIL_ID from Db
04-18 00:46:47.893  4613  4613 W keymaster_tee: [WRN]begin req PARAMS: A32 B2 P64
04-18 00:46:47.902  9617  9617 I SamsungAccount: [AccountManagerUtil] isSamsungAccountSignedIn : true
04-18 00:46:47.903  9617  9617 I SamsungAccount: [DeviceManager] SEP Platform version : 14.1
04-18 00:46:47.904  9617  9617 D SamsungAnalytics605054: [Tracker] Tracker start:6.05.054
04-18 00:46:47.908  9617  9617 D DIAGMON_SDK: dma pkg:910501000
04-18 00:46:47.908  9617  9617 I SamsungAccount: [AnalyticsWorkManager] startWork
04-18 00:46:47.910  9617  9617 I SamsungAccount: [AnalyticsPref] setSaVersionStatus : 14.0.02.3
04-18 00:46:47.919  9617  9840 I SamsungAccount: [ConsentWorkManager] startWorkerAfterCheckCondition
04-18 00:46:47.924  9617  9617 I SamsungAccount: [AccountManagerUtil] isSamsungAccountSignedIn : true
04-18 00:46:47.924  9617  9617 I SamsungAccount: [AnalyticsPref] setSignedInStatus : 1
04-18 00:46:47.927  9617  9617 I SamsungAccount: [AccountDiagmonLogger] Diagmon Logger Init
04-18 00:46:47.927  9617  9617 I DIAGMON_SDK[605054]: DiagMonAgent type: 2
04-18 00:46:47.928  9617  9617 D DIAGMON_SDK[605054][773-399-565755] : setConfiguration type : CUSTOM
04-18 00:46:47.928  9474  9575 I DIAGMON_SDK[605030]: DefaultNetwork : true
04-18 00:46:47.928  9474  9575 I DIAGMON_SDK[605030]: globalNetworkMode : false
04-18 00:46:47.928  9617  9617 I DIAGMON_SDK[605054][773-399-565755] : generated SR object
04-18 00:46:47.930  9617  9840 I SamsungAccount: [DeviceManager] isHeadlessDevice = false
04-18 00:46:47.930  9617  9840 I SamsungAccount: [ConsentWorkManager] checkWorkerIsRunning
04-18 00:46:47.930  9791  9791 D nativeloader: Configuring classloader-namespace-shared for other apk /system/priv-app/FBServices/FBServices.apk. target_sdk_version=31, uses_libraries=, library_path=/system/priv-app/FBServices/lib/arm64:/system/lib64:/system/system_ext/lib64, permitted_path=/data:/mnt/expand:/data/user/0/com.facebook.services:/system/priv-app/FBServices:/system/lib64:/system/system_ext/lib64
04-18 00:46:47.934  9617  9617 I SamsungAccount: [DclPolicyJobService] polling job service was already scheduled (from:86400000 to:86400000)
04-18 00:46:47.934  9617  9617 I SamsungAccount: [SamsungAccount] initBixby2()
04-18 00:46:47.934  9617  9617 I CapsuleProvider_1.0.20: releasing initialize wait lock.
04-18 00:46:47.934  9617  9617 I SamsungAccount: [MobileServiceStateProxy] registerServiceStateForSesSdk : false
04-18 00:46:47.934  9617  9617 I SamsungAccount: [MobileServiceStateImpl] serviceName : AuthService
04-18 00:46:47.935  9617  9617 I SamsungAccount: [MobileServiceStateProxy] registerServiceState, AuthService is added
04-18 00:46:47.935  9617  9617 I SamsungAccount: [MobileServiceStateImpl] serviceName : ProfileService
04-18 00:46:47.935  9617  9617 I SamsungAccount: [MobileServiceStateProxy] registerServiceState, ProfileService is added
04-18 00:46:47.935  9617  9617 I SamsungAccount: [MobileServiceStateImpl] serviceName : PlaceService
04-18 00:46:47.935  9617  9617 I SamsungAccount: [MobileServiceStateProxy] registerServiceState, PlaceService is added
04-18 00:46:47.937  9474  9575 I DIAGMON_SDK[605030][707-399-5110053] : SetConfiguration
04-18 00:46:47.941  9474  9575 I DIAGMON_SDK[605030][707-399-5110053] : generated SR object
04-18 00:46:47.942  9475  9597 W Profilo/ProfiloConfigProvider: Failed to parse config. Mode = FILE.
04-18 00:46:47.942  9475  9597 W Profilo/ProfiloConfigProvider: com.facebook.profilo.config.v2.ConfigException: Missing or malformed version
04-18 00:46:47.942  9475  9597 W Profilo/ProfiloConfigProvider: 	at |lyra|{/data/app/~~sguUpoLfwK5l0s8q1-AaCw==/com.instagram.android-y4H0Kk8xIazkOckGWeAqfA==/lib/arm64/libfbjni.so}._ZN8facebook3jni21throwNewJavaExceptionEP11_jthrowable(628DDBD6-7E58-A80D-57F8-9C75AF1B03CE:46264)
04-18 00:46:47.942  9475  9597 W Profilo/ProfiloConfigProvider: 	at |lyra|{/data/app/~~sguUpoLfwK5l0s8q1-AaCw==/com.instagram.android-y4H0Kk8xIazkOckGWeAqfA==/lib/arm64/libfbjni.so}._ZN8facebook3jni21throwNewJavaExceptionEPKcS2_(628DDBD6-7E58-A80D-57F8-9C75AF1B03CE:46448)
04-18 00:46:47.942  9475  9597 W Profilo/ProfiloConfigProvider: 	at |lyra|{/data/data/com.instagram.android/lib-compressed/libloommerged.so}.(F77EE31E-C4BF-1016-C56B-5515465083D3:221096)
04-18 00:46:47.942  9475  9597 W Profilo/ProfiloConfigProvider: 	at com.facebook.profilo.config.v2.ConfigParser.parseConfig(Native Method)
04-18 00:46:47.942  9475  9597 W Profilo/ProfiloConfigProvider: 	at X.0fv.Ari(:204)
04-18 00:46:47.942  9475  9597 W Profilo/ProfiloConfigProvider: 	at X.0hW.A06(:21)
04-18 00:46:47.942  9475  9597 W Profilo/ProfiloConfigProvider: 	at X.0b7.A00(:202)
04-18 00:46:47.942  9475  9597 W Profilo/ProfiloConfigProvider: 	at X.0b7.A01(:82)
04-18 00:46:47.942  9475  9597 W Profilo/ProfiloConfigProvider: 	at X.09h.loggedRun(:61)
04-18 00:46:47.942  9475  9597 W Profilo/ProfiloConfigProvider: 	at X.0eR.run(:12)
04-18 00:46:47.942  9475  9597 W Profilo/ProfiloConfigProvider: 	at X.12n.run(:37)
04-18 00:46:47.942  9475  9597 W Profilo/ProfiloConfigProvider: 	at X.0eG.run(:7)
04-18 00:46:47.942  9475  9597 W Profilo/ProfiloConfigProvider: 	at X.0eG.run(:7)
04-18 00:46:47.942  9475  9597 W Profilo/ProfiloConfigProvider: 	at X.0eM.run(:102)
04-18 00:46:47.942  9617  9841 D SamsungAnalytics605054: do not send setting < 1day
04-18 00:46:47.942  9617  9617 I SamsungAccount: [Migration]  startMigrationService : Migration was completed in the past! status - 2
04-18 00:46:47.943  9617  9617 I SamsungAccount: [EasySignUpMappingManager] requestMappingIfNeeded
04-18 00:46:47.943  9617  9617 I SamsungAccount: [OpenDBManager] isRequireEmailVerify
04-18 00:46:47.943  9617  9617 I SamsungAccount: [OpenDBManager] getTncCursor
04-18 00:46:47.944  9617  9617 I SamsungAccount: [OpenContentProvider]  URI : content://com.msc.openprovider.openContentProvider/tncRequest
04-18 00:46:47.944  9617  9617 I SamsungAccount: [AccountManagerUtil] isSamsungAccountSignedIn : true
04-18 00:46:47.944  9617  9849 I SamsungAccount: [DclPolicyManager] 3.1.2 GET SERVICE POLICY
04-18 00:46:47.945  9617  9849 I SamsungAccount: [AccountManagerUtil] isSamsungAccountSignedIn : true
04-18 00:46:47.945  9617  9617 I SamsungAccount: [SignatureCheckUtil] runCheckSignatureWithEmptyId
04-18 00:46:47.945  9617  9617 I SamsungAccount: [SignatureCheckUtil] runCheckSignatureAsync
04-18 00:46:47.945  9617  9617 I SamsungAccount: [SignaturePreconditionChecker] getSignatureResult - fromSesSdk : true
04-18 00:46:47.945  9617  9617 I SamsungAccount: [SignatureInfoDbHelper] getSignatureResult - [][app.signin.]
04-18 00:46:47.945  9617  9617 I SamsungAccount: [SignatureInfoDbHelper] searchOnUser
04-18 00:46:47.945  9617  9849 I SamsungAccount: [DclPolicyManager] Dcl policy : last server request time is not expired.
04-18 00:46:47.946  9617  9849 I SamsungAccount: [DclPolicyManager] Dcl policy : last server request time : 20230417211204
04-18 00:46:47.946  9617  9841 D SamsungAnalytics605054: do not send setting < 1day
04-18 00:46:47.948  9617  9617 I SamsungAccount: [SignatureInfoDbHelper] searchOnUser - [][app.signin.][64/3291d] => matched
04-18 00:46:47.948  9617  9617 I SamsungAccount: [SignatureInfoDbHelper] search - matched
04-18 00:46:47.948  9617  9617 I SamsungAccount: [SignatureCheckUtil] runCheckSignatureAsync(fromDb) - matched
04-18 00:46:47.965  9617  9617 I SamsungAccount: [OpenDBManager] isRequireNameValid
04-18 00:46:47.965  9617  9617 I SamsungAccount: [OpenDBManager] getTncCursor
04-18 00:46:47.965  9617  9617 I SamsungAccount: [OpenContentProvider]  URI : content://com.msc.openprovider.openContentProvider/tncRequest
04-18 00:46:47.965  9617  9617 I SamsungAccount: [AccountManagerUtil] isSamsungAccountSignedIn : true
04-18 00:46:47.966  9617  9617 I SamsungAccount: [SignatureCheckUtil] runCheckSignatureWithEmptyId
04-18 00:46:47.966  9617  9617 I SamsungAccount: [SignatureCheckUtil] runCheckSignatureAsync
04-18 00:46:47.966  9617  9617 I SamsungAccount: [SignaturePreconditionChecker] getSignatureResult - fromSesSdk : true
04-18 00:46:47.966  9617  9617 I SamsungAccount: [SignatureInfoDbHelper] getSignatureResult - [][app.signin.]
04-18 00:46:47.966  9617  9617 I SamsungAccount: [SignatureInfoDbHelper] searchOnUser
04-18 00:46:47.971  9617  9617 I SamsungAccount: [SignatureInfoDbHelper] searchOnUser - [][app.signin.][64/3291d] => matched
04-18 00:46:47.971  9617  9617 I SamsungAccount: [SignatureInfoDbHelper] search - matched
04-18 00:46:47.971  9617  9617 I SamsungAccount: [SignatureCheckUtil] runCheckSignatureAsync(fromDb) - matched
04-18 00:46:47.973  9617  9617 I SamsungAccount: [DbManagerV2] getMccFromDB
04-18 00:46:47.973  9617  9617 I SamsungAccount: [DbManagerV2] getDataV02ForItems : MCC from Db
04-18 00:46:47.977  4613  4613 W keymaster_tee: [WRN]begin req PARAMS: A32 B2 P64
04-18 00:46:48.011  5628  8567 D PackageManager: setEnabledSetting : userId = 0 packageName = com.osp.app.signin cmp = androidx.work.impl.background.systemalarm.RescheduleReceiver newState = 1 callingPackage = 10104/com.osp.app.signin
04-18 00:46:48.013  5628  8567 D ApplicationPolicy: getApplicationStateEnabled : pkg = com.osp.app.signin userId : 0
04-18 00:46:48.015  5628  8567 D ApplicationPolicy: getApplicationComponentState : pkg = com.osp.app.signin userId : 0
04-18 00:46:48.018  5628  8457 D NetdEventListenerService: DNS Requested by : 117, 10126
04-18 00:46:48.026  9617  9861 D CompatibilityChangeReporter: Compat change id reported: 194532703; UID 10104; state: DISABLED
04-18 00:46:48.027  9791  9791 V GraphicsEnvironment: ANGLE Developer option for 'com.facebook.services' set to: 'default'
04-18 00:46:48.030  9791  9791 V GraphicsEnvironment: ANGLE GameManagerService for com.facebook.services: false
04-18 00:46:48.031  9791  9791 V GraphicsEnvironment: Neither updatable production driver nor prerelease driver is supported.
04-18 00:46:48.031  9617  9617 I SamsungAccount: [DataUtil] Not Skip Name Validation by accountMCC
04-18 00:46:48.033  9617  9617 I SamsungAccount: [OpenDBManager] requireEmailOrNameVerification : false
04-18 00:46:48.046  9791  9791 D NetworkSecurityConfig: Using Network Security Config from resource fb_network_security_config debugBuild: false
04-18 00:46:48.056  9617  9840 I SamsungAccount: [AccountManagerUtil] isSamsungAccountSignedIn : true
04-18 00:46:48.056  9617  9840 I SamsungAccount: [ConsentWorkManager] startWorkerAfterCheckCondition, isHeadlessDevice: false, isRunning : true, isSignOut : false
04-18 00:46:48.057  5250  5250 D Zygote  : Forked child process 9869
04-18 00:46:48.082  9791  9791 D NetworkSecurityConfig: Using Network Security Config from resource fb_network_security_config debugBuild: false
04-18 00:46:48.113  9869  9869 I d.mobileservice: Using CollectorTypeCC GC.
04-18 00:46:48.120  9869  9869 E d.mobileservice: Not starting debugger since process cannot load the jdwp agent.
04-18 00:46:48.127  9869  9869 W libc    : Access denied finding property "sys.perf.boostopt"
04-18 00:46:48.128  9869  9882 W libc    : Access denied finding property "sys.perf.boostopt"
04-18 00:46:48.129  9869  9869 D ActivityThread: setConscryptValidator
04-18 00:46:48.129  9869  9869 D ActivityThread: setConscryptValidator - put
04-18 00:46:48.151  9869  9869 D CompatibilityChangeReporter: Compat change id reported: 171979766; UID 10107; state: ENABLED
04-18 00:46:48.181  9791  9791 D b       : ExceptionHandlerManager not explicitly initialized, using default mode
04-18 00:46:48.181  9791  9791 D b       : initializing exception handler manager, prioritized=true
04-18 00:46:48.199  9791  9791 W SoLoader: context.getApplicationContext returned null, holding reference to original context.ApplicationSoSource fallbacks to: /system/priv-app/FBServices/lib/arm64
04-18 00:46:48.206  9791  9791 V fb-UnpackingSoSource: locked dso store /data/user/0/com.facebook.services/lib-main
04-18 00:46:48.210  9791  9791 I fb-UnpackingSoSource: dso store is up-to-date: /data/user/0/com.facebook.services/lib-main
04-18 00:46:48.211  9791  9791 V fb-UnpackingSoSource: releasing dso store lock for /data/user/0/com.facebook.services/lib-main
04-18 00:46:48.274  9791  9893 D CompatibilityChangeReporter: Compat change id reported: 160794467; UID 10076; state: ENABLED
04-18 00:46:48.325  9869  9869 I FirebaseApp: Device unlocked: initializing all Firebase APIs for app [DEFAULT]
04-18 00:46:48.336  9869  9869 I FirebaseInitProvider: FirebaseApp initialization successful
04-18 00:46:48.340  9869  9869 E SEMS:DataAdapter_13.1.12: [SemsLog][main][GroupDBHelper] Instance null
04-18 00:46:48.382  9869  9869 I SEMS:Registration_13.1.12: [AuthLog][main][EsuAgentProvider] onCreate
04-18 00:46:48.383  9869  9869 I SEMS:Registration_13.1.12: [AuthLog][main][EsuAgentDBHelper] getInstance start null
04-18 00:46:48.383  9869  9869 I SEMS:Registration_13.1.12: [AuthLog][main][EsuAgentDBHelper] getInstance end
04-18 00:46:48.387  9474  9670 W SHEALTH#SOCIAL#SocialStepSyncWorker: [SocialStepSyncWorker][doWork] finish
04-18 00:46:48.398  9869  9869 I MobileServiceApplication: onCreate
04-18 00:46:48.400  9869  9883 I SEMS:Registration_13.1.12: [AuthLog][binder:9869_2][EsuAgentProvider] uri : content://com.samsung.android.coreapps.easysignup.public/is_auth
04-18 00:46:48.403  9869  9869 I DIAGMON_SDK[605055]: DiagMonAgent type: 2
04-18 00:46:48.403  9869  9869 I DIAGMON_SDK[605055][sebzp6l7wd] : generated SR object
04-18 00:46:48.408  9869  9869 I SEMS:Common_13.1.12: [CommonLog][main][MobileServiceCommon] init
04-18 00:46:48.409  9869  9869 I SEMS:Common_13.1.12: [CommonLog][main][SALogger] Init SamsungAnalytics Start
04-18 00:46:48.437  9869  9869 I SEMS:Common_13.1.12: [CommonLog][main][SALogger] Init SamsungAnalytics Completed
04-18 00:46:48.438  9869  9869 I SEMS:DataAdapter_13.1.12: [][main][MobileServiceDataAdapter] init
04-18 00:46:48.441  9869  9869 I SEMS:SupportedService_13.1.12: [][main][MobileServiceSupportedService] init
04-18 00:46:48.441  9869  9869 I SEMS:SupportedService_13.1.12: [][main][MobileServiceState] init
04-18 00:46:48.442  9869  9869 I SEMS:SupportedService_13.1.12: [][main][MobileServiceState] registerServiceState done
04-18 00:46:48.460  4613  4613 W keymaster_tee: [WRN]begin req PARAMS: A32 B2 P64
04-18 00:46:48.472  9869  9869 I SEMS:Common_13.1.12: [CommonLog][main][SaServiceUtil] guid : 9q*****yg*, at : Hg*****5s*, issuedTime : 16*****74****
04-18 00:46:48.474  9869  9869 I SEMS:Common_13.1.12: [CommonLog][main][NumberUtils] getIso3CCFromMCC : mcc = 220 / countryCode = SRB
04-18 00:46:48.474  9869  9869 I SEMS:Common_13.1.12: [CommonLog][main][DeviceUtils] isShipBinary :true
04-18 00:46:48.477  9869  9869 I SEMS:SupportedService_13.1.12: [][main][MobileServiceSocialPolicy] MobileServiceSocialPolicy created
04-18 00:46:48.479  9869  9883 I SEMS:Common_13.1.12: [CommonLog][binder:9869_2][SimUtil] MultiSimManagerCompat.getInstance().getDefaultSubId(2) = 2, slotId = 1
04-18 00:46:48.480  9869  9869 I SEMS:Common_13.1.12: [CommonLog][main][DeviceUtils] isSamsungAccountSignedIn : true
