04-30 01:18:22.683 12235 12258 I TestRunner: started: mutableUniversalRefFloatIn2Longs(org.jetbrains.android_benchmark.AckermannBenchmark)
04-30 01:18:22.686 12235 12235 I MonitoringInstr: Activities that are still in CREATED to STOPPED: 1
04-30 01:18:22.686 12235 12235 I MonitoringInstr: Finishing activity: androidx.benchmark.IsolationActivity@60bdc39
04-30 01:18:22.691 12235 12258 I GrantPermissionCallable: Permission: android.permission.WRITE_EXTERNAL_STORAGE is already granted!
04-30 01:18:22.691 12235 12258 I GrantPermissionCallable: Permission: android.permission.READ_EXTERNAL_STORAGE is already granted!
04-30 01:18:22.691 12235 12258 D Benchmark: -- Running org.jetbrains.android_benchmark.AckermannBenchmark#mutableUniversalRefFloatIn2Longs --
04-30 01:18:22.692 12235 12258 D PerfettoCapture: Supported ABIs: arm64-v8a, armeabi-v7a, armeabi
04-30 01:18:22.692 12235 12258 D PerfettoCapture: Recording perfetto trace
04-30 01:18:22.716  5429  5488 W libprocessgroup: Failed to open /dev/blkio//cgroup.procs: No such file or directory
04-30 01:18:22.716 12235 12258 I PerfettoCapture: Cleanup perfetto before starting.
04-30 01:18:22.733  9200 15247 I NetworkScheduler.Stats: Task com.google.android.gms/com.google.android.gms.ipa.base.IpaGcmTaskService started execution. cause:9 exec_start_elapsed_seconds: 219842 [CONTEXT service_id=218 ]
04-30 01:18:22.739  9200 16178 I NetworkScheduler.Stats: Task com.google.android.gms/com.google.android.gms.ipa.base.IpaGcmTaskService finished executing. cause:9 result: 1 elapsed_millis: 38 uptime_millis: 37 exec_start_elapsed_seconds: 219842 [CONTEXT service_id=218 ]
04-30 01:18:22.916 12235 12258 I PerfettoCapture: Perfetto output file cleanup -
04-30 01:18:22.916 12235 12258 I PerfettoCapture: Starting perfetto tracing with cmd: cat /storage/emulated/0/Android/data/org.jetbrains.android_benchmark.test/cache/trace_config.pb | perfetto --background -c - -o /data/misc/perfetto-traces/trace_output.pb
04-30 01:18:23.078 16211 16211 I perfetto:    perfetto_cmd.cc:1001 Connected to the Perfetto traced service, starting tracing
04-30 01:18:23.080  5131  5131 I perfetto: ing_service_impl.cc:953 Configured tracing session 271, #sources:4, duration:0 ms, #buffers:2, total buffer size:36864 KB, total sessions:1, uid:2000 session name: ""
04-30 01:18:23.081  5130  5130 I perfetto:  probes_producer.cc:139 Ftrace setup (target_buf=541)
04-30 01:18:23.133 12235 12258 I PerfettoCapture: Perfetto output - 16211
04-30 01:18:23.133 12235 12258 I PerfettoCapture: EXITCODE=0
04-30 01:18:23.142  4389  4389 I hwservicemanager: getTransport: Cannot find entry android.hardware.atrace@1.0::IAtraceDevice/default in either framework or device VINTF manifest.
04-30 01:18:23.162  5130  5130 I perfetto:    ftrace_procfs.cc:335 enabled ftrace in /sys/kernel/tracing/
04-30 01:18:23.172 13581 13793 I AppMetrica-Attribution: Choosing distribution data: ClidsInfo(chosen=Candidate(clids=null, source=APP), candidates=[Candidate(clids=null, source=APP)])
04-30 01:18:23.186  5429  5488 W libprocessgroup: Failed to open /dev/blkio//cgroup.procs: No such file or directory
04-30 01:18:23.216 12145 12145 I SCS@AiSearch user 0: (ObserverWorker::AOSP_MP) [main] entering in startWork():
04-30 01:18:23.217 12145 12145 I SCS@AiSearch user 0: (BaseCollector::AOSP_MP) [main] entering in onChange():
04-30 01:18:23.218 12145 12208 I SCS@AiSearch user 0: (BaseCollector::AOSP_MP) [AOSP_MP-0] entering in collectChanges():
04-30 01:18:23.226  5429  8531 D PackageManager: setEnabledSetting : userId = 0 packageName = com.samsung.android.scs cmp = androidx.work.impl.background.systemalarm.RescheduleReceiver newState = 1 callingPackage = 10380/com.samsung.android.scs
04-30 01:18:23.229  5429  8531 D ApplicationPolicy: getApplicationStateEnabled : pkg = com.samsung.android.scs userId : 0
04-30 01:18:23.230  5429  8531 D ApplicationPolicy: getApplicationComponentState : pkg = com.samsung.android.scs userId : 0
04-30 01:18:23.261 12235 12258 I PerfettoCapture: Perfetto tracing started successfully with pid 16211.
04-30 01:18:23.326 12145 12208 I SCS@AiSearch user 0: (BaseCollector::AOSP_MP) fetchInternal values : maxSyncId: 1000008329 indexCount: 895 sourceCount: 895
04-30 01:18:23.367 12235 12258 I PerfettoCapture: /sys/kernel/tracing/tracing_on = 1, polled 0 times, capture fully started
04-30 01:18:23.368 12235 12258 D Benchmark: Set 12258 (Bench thread) to priority -20. Was -8, now -20
04-30 01:18:23.369 12235 12258 D Benchmark: Set 12243 (Jit) to priority -15. Was 9, now -15
04-30 01:18:23.402 12235 12258 I _benchmark.test: Explicit concurrent copying GC freed 273818(4957KB) AllocSpace objects, 1(20KB) LOS objects, 67% free, 2934KB/9078KB, paused 333us,79us total 32.561ms
04-30 01:18:23.419 12145 12208 I SCS@AiSearch user 0: (IndexManager) [AOSP_MP-0] entering in addIndex():
04-30 01:18:23.424 12145 12208 I SCS@AiSearch user 0: (BaseCollector::AOSP_MP) fetch: fetching took  153 ms
04-30 01:18:23.424 12145 12208 I SCS@AiSearch user 0: (BaseCollector::AOSP_MP) fetchChanges: applied 0 items
04-30 01:18:23.425 12145 12208 I SCS@AiSearch user 0: (BaseCollector::AOSP_MP) Collect finished. Result: true
04-30 01:18:23.427 12145 12208 I SCS@AiSearch user 0: (BaseCollector::AOSP_MP) enqueue ObserverWorker name: com.sec.android.app.myfiles, policy: APPEND_OR_REPLACE
04-30 01:18:23.428 12145 12181 I WM-WorkerWrapper: Worker result SUCCESS for Work [ id=95d0ee8b-b50a-4cac-8e0b-127f79e5d722, tags={ com.sec.android.app.myfiles, com.samsung.android.scs.ai.search.data.collector.ObserverWorker } ]
04-30 01:18:23.479  5429  8531 D PackageManager: setEnabledSetting : userId = 0 packageName = com.samsung.android.scs cmp = androidx.work.impl.background.systemalarm.RescheduleReceiver newState = 1 callingPackage = 10380/com.samsung.android.scs
04-30 01:18:23.481  5429  8531 D ApplicationPolicy: getApplicationStateEnabled : pkg = com.samsung.android.scs userId : 0
04-30 01:18:23.482  5429  8531 D ApplicationPolicy: getApplicationComponentState : pkg = com.samsung.android.scs userId : 0
04-30 01:18:25.556  5429  7411 D SemWifiUsabilityStatsMonitor: onWifiUsabilityStats - seqNum 24885, isSameBssidAndFreq true
04-30 01:18:25.559  5429  5717 I SemWifiLinkQualityMonitor: Link Qos Query: 0.030 ms / 263.250 Mbps (351 / 0.000 / 1.333)
04-30 01:18:26.073  5429  5705 I ChimeraAggressivePolicyHandler: executePolicy() - triggerSource: TRIGGER_SOURCE_LMKD
04-30 01:18:26.074  5429  5705 I ChimeraAggressivePolicyHandler: available memory: 1069716, free memory target: 870400, quit chimera
04-30 01:18:28.224 12235 12258 D Benchmark: timeNs[ 0:10]: 25743 26860 26408 25980 26741 25859 26750 25806 25866 26729
04-30 01:18:28.224 12235 12258 D Benchmark: timeNs[10:20]: 25910 25831 26426 25871 25927 28775 28478 26694 25882 25854
04-30 01:18:28.224 12235 12258 D Benchmark: timeNs[20:30]: 26898 25884 25947 26585 25847 26310 27258 25873 26201 26170
04-30 01:18:28.224 12235 12258 D Benchmark: timeNs[30:40]: 25862 26462 26162 25882 26801 25880 25897 26850 27800 29924
04-30 01:18:28.224 12235 12258 D Benchmark: timeNs[40:50]: 27525 25800 26232 26403 25835 26724 25853 25822 27752 26862
04-30 01:18:28.602  5429  7411 D SemWifiUsabilityStatsMonitor: onWifiUsabilityStats - seqNum 24886, isSameBssidAndFreq true
04-30 01:18:28.605  5878  5878 D NetworkController.WifiSignalController: notifyListener: visible=true, connected=true, inetCondition=1, isDefault=true, wifiTestReported=true, receivedInetCondition=-1, hideDuringMobileSwitching=false
04-30 01:18:28.607  5878  6043 D Tile.WifiTile: handleUpdateState isTransient=false transientEnabling =false cb.isTransient=false state.state = 2 mStateBeforeClick.value =false enabled =true
04-30 01:18:28.608  5429  5717 I SemWifiLinkQualityMonitor: Link Qos Query: 0.030 ms / 263.250 Mbps (351 / 0.000 / 1.333)
04-30 01:18:28.646 12235 12258 W _benchmark.test: Suspending all threads took: 31.724ms
04-30 01:18:28.750 12235 12258 D Benchmark: allocationCount[ 0:10]: 43 43 43 43 43
04-30 01:18:28.750 12235 12258 D Benchmark: Set 12258 (Bench thread) to priority -8. Was -20, now -8
04-30 01:18:28.750 12235 12258 D Benchmark: Set 12243 (Jit) to priority 9. Was -15, now 9
04-30 01:18:28.750 12235 12258 D Benchmark: Warmup: t=0.251, iter=3802, fastAvg=29039, slowAvg=29880
04-30 01:18:28.750 12235 12258 I PerfettoCapture: Stopping perfetto.
04-30 01:18:28.799 16211 16211 I perfetto:    perfetto_cmd.cc:1168 SIGINT/SIGTERM received: disabling tracing.
04-30 01:18:28.801 12235 12258 D Benchmark: kill -TERM command output -
04-30 01:18:28.813  5130  5130 I perfetto:  probes_producer.cc:396 Producer stop (id=1081)
04-30 01:18:28.819  5130  5130 I perfetto:    ftrace_procfs.cc:342 disabled ftrace in /sys/kernel/tracing/
04-30 01:18:28.874  4389  4389 I hwservicemanager: getTransport: Cannot find entry android.hardware.atrace@1.0::IAtraceDevice/default in either framework or device VINTF manifest.
04-30 01:18:28.882  5130  5130 I perfetto:  probes_producer.cc:396 Producer stop (id=1082)
04-30 01:18:28.888  5130  5130 I perfetto:  probes_producer.cc:396 Producer stop (id=1083)
04-30 01:18:28.906 16211 16211 I perfetto:    perfetto_cmd.cc:1124 Trace written into the output file
04-30 01:18:28.908  5131  5131 I perfetto: ng_service_impl.cc:2426 Tracing session 271 ended, total sessions:0
04-30 01:18:28.926 12235 12258 I PerfettoCapture: Writing to /storage/emulated/0/Android/data/org.jetbrains.android_benchmark.test/cache/AckermannBenchmark_mutableUniversalRefFloatIn2Longs_2023-04-29-23-18-28.perfetto-trace.
04-30 01:18:28.995 12235 12258 D Benchmark: Copying /storage/emulated/0/Android/data/org.jetbrains.android_benchmark.test/cache/AckermannBenchmark_mutableUniversalRefFloatIn2Longs_2023-04-29-23-18-28.perfetto-trace to /sdcard/Android/media/org.jetbrains.android_benchmark.test/additional_test_output/AckermannBenchmark_mutableUniversalRefFloatIn2Longs_2023-04-29-23-18-28.perfetto-trace
04-30 01:18:29.029  8350 12167 W MediaProvider: isAppCloneUserPair for user 0: false
04-30 01:18:29.061  5429  5835 D SyncManager: userId - 0 auto - true
04-30 01:18:29.136 12235 12258 I Benchmark: AckermannBenchmark.mutableUniversalRefFloatIn2Longs[Metric (timeNs) results: median 26186.331397037466, min 25743.247168167294, max 29924.20534417659, standardDeviation: 860.8781391962385, Metric (allocationCount) results: median 43.0, min 43.0, max 43.000871333139706, standardDeviation: 4.772488157188366E-4]count=3443
04-30 01:18:29.145 12235 12258 D Benchmark: writing results to /storage/emulated/0/Android/data/org.jetbrains.android_benchmark.test/cache/org.jetbrains.android_benchmark.test-benchmarkData.json
04-30 01:18:29.161 12235 12258 D Benchmark: Copying /storage/emulated/0/Android/data/org.jetbrains.android_benchmark.test/cache/org.jetbrains.android_benchmark.test-benchmarkData.json to /sdcard/Android/media/org.jetbrains.android_benchmark.test/additional_test_output/org.jetbrains.android_benchmark.test-benchmarkData.json
04-30 01:18:29.178  8350 15591 I MediaProvider: Deleted 1 0 0 0 0 0 0 items on external_primary due to org.jetbrains.android_benchmark.test
04-30 01:18:29.179  5429  5835 D SyncManager: userId - 0 auto - true
04-30 01:18:29.186  8350 15979 W MediaProvider: isAppCloneUserPair for user 0: false
04-30 01:18:29.187  5429  5488 W libprocessgroup: Failed to open /dev/blkio//cgroup.procs: No such file or directory
04-30 01:18:29.204  5429  8531 D SyncManager: userId - 0 auto - true
04-30 01:18:29.208  9200 15247 I NetworkScheduler.Stats: Task com.google.android.gms/com.google.android.gms.ipa.base.IpaGcmTaskService started execution. cause:9 exec_start_elapsed_seconds: 219849 [CONTEXT service_id=218 ]
04-30 01:18:29.209 12235 12258 I TestRunner: finished: mutableUniversalRefFloatIn2Longs(org.jetbrains.android_benchmark.AckermannBenchmark)
