04-10 01:28:31.409  7525  7525 I GoogleInputMethodService: GoogleInputMethodService.onStartInput():1930 onStartInput(EditorInfo{inputType=0x0(NULL) imeOptions=0x0 privateImeOptions=null actionName=UNSPECIFIED actionLabel=null actionId=0 initialSelStart=-1 initialSelEnd=-1 initialCapsMode=0x0 hintText=null label=null packageName=org.jetbrains.android_benchmark.test fieldId=-1 fieldName=null extras=Bundle[{displayId=0}]}, false)
04-10 01:28:31.410  7525  7525 I GoogleInputMethodService: GoogleInputMethodService.shouldHideHeaderOnInitialState():4116 ShouldHideHeaderOnInitialState = false
04-10 01:28:31.411  7525  7525 I GoogleInputMethodService: GoogleInputMethodService.updateDeviceLockedStatus():2152 repeatCheckTimes = 2, unlocked = true
04-10 01:28:31.415  5329  5329 I Layer   : id=406 removeFromCurrentState com.sec.android.app.launcher/com.sec.android.app.launcher.activities.LauncherActivity$_6837#406 (110)
04-10 01:28:31.415  5329  5329 I SurfaceFlinger: id=406 Removed com.sec.android.app.launcher/com.sec.android.app.launcher.activities.LauncherActivity$_6837#406 (110)
04-10 01:28:31.415  5329  5329 I Layer   : id=406 Destroyed com.sec.android.app.launcher/com.sec.android.app.launcher.activities.LauncherActivity$_6837#406
04-10 01:28:31.429  7525  7525 I InputMethodService: removeImeSurface
04-10 01:28:31.432  7525  7525 I MSHandlerLifeCycle: check: return. pkg=com.google.android.inputmethod.latin isActivity=false callers=com.android.internal.policy.DecorView.setVisibility:4378 android.app.Dialog.hide:771 android.inputmethodservice.InputMethodService.removeImeSurface:1290 android.inputmethodservice.InputMethodService.scheduleImeSurfaceRemoval:1279 android.inputmethodservice.InputMethodService.-$$Nest$mscheduleImeSurfaceRemoval:0
04-10 01:28:31.433  7525  7525 I MSHandlerLifeCycle: removeMultiSplitHandler: no exist. decor=DecorView@93b1b5b[InputMethod]
04-10 01:28:31.486 30508 30508 I perfetto:    perfetto_cmd.cc:1168 SIGINT/SIGTERM received: disabling tracing.
04-10 01:28:31.488 31808 31837 D Benchmark: kill -TERM command output -
04-10 01:28:31.582  5427  5427 I perfetto:  probes_producer.cc:396 Producer stop (id=96)
04-10 01:28:31.585  5427  5427 I perfetto:    ftrace_procfs.cc:342 disabled ftrace in /sys/kernel/tracing/
04-10 01:28:31.585  5329  5329 D SurfaceFlinger: Display 0 HWC layers:
04-10 01:28:31.585  5329  5329 D SurfaceFlinger:      DEVICE | 0x771226af40 | 0102 | RGBA_8888    |    0.0    0.0 1080.0 2310.0 |    0   90 1080 2400 | org.jetbrains.android_benchmark.test[...]nchmark.IsolationActivity$_31808#424
04-10 01:28:31.585  5329  5329 D SurfaceFlinger:      DEVICE | 0x773f0a7440 | 0100 | RGBA_8888    |    0.0    0.0 1080.0  126.0 |    0 2274 1080 2400 | NavigationBar0$_6284#94
04-10 01:28:31.585  5329  5329 D SurfaceFlinger:      DEVICE | 0x773f0ca5c0 | 0140 | RGBA_8888    |    0.0    0.0 1080.0  100.0 |    0    0 1080  100 | ScreenDecorOverlay$_6284#113
04-10 01:28:31.585  5329  5329 D SurfaceFlinger:      DEVICE | 0x773f0a5dc0 | 0140 | RGBA_8888    |    0.0    0.0 1080.0  100.0 |    0 2300 1080 2400 | ScreenDecorOverlayBottom$_6284#114
04-10 01:28:31.585  5329  5329 D SurfaceFlinger:
04-10 01:28:31.610  5665  5736 I AccessibilityShortcutInfo: took more than 100ms mComponentName : ComponentInfo{com.google.audio.hearing.visualization.accessibility.scribe/com.google.audio.hearing.visualization.accessibility.scribe.MainActivity}, elapsedTime : 152
04-10 01:28:31.615 31808 31808 D InsetsController: cancelAnimation of types: 1, animType: 1, host: org.jetbrains.android_benchmark.test/androidx.benchmark.IsolationActivity, from:android.view.InsetsController.notifyFinished:1375 android.view.InsetsAnimationThreadControlRunner$1.lambda$notifyFinished$0$android-view-InsetsAnimationThreadControlRunner$1:84 android.view.InsetsAnimationThreadControlRunner$1$$ExternalSyntheticLambda1.run:4
04-10 01:28:31.644  4403  4403 I hwservicemanager: getTransport: Cannot find entry android.hardware.atrace@1.0::IAtraceDevice/default in either framework or device VINTF manifest.
04-10 01:28:31.650  5427  5427 I perfetto:  probes_producer.cc:396 Producer stop (id=97)
04-10 01:28:31.651  5427  5427 I perfetto:  probes_producer.cc:396 Producer stop (id=98)
04-10 01:28:31.690 30508 30508 I perfetto:    perfetto_cmd.cc:1124 Trace written into the output file
04-10 01:28:31.696  5307 31842 I HYPER-HAL: [RequestManager.cpp]releaseLocked(): Released ID : 37467508
04-10 01:28:31.707  5428  5428 I perfetto: ng_service_impl.cc:2426 Tracing session 24 ended, total sessions:0
04-10 01:28:31.758  5665  5736 I AccessibilityShortcutInfo: took more than 100ms mComponentName : ComponentInfo{com.samsung.android.honeyboard/com.samsung.android.honeyboard.settings.swipetouchandfeedback.speakkeyboardinputaloud.SpeakKeyboardInputAloudShortcut}, elapsedTime : 102
04-10 01:28:31.810  5665  8773 W system_server: Long monitor contention with owner android.bg (5736) at java.util.ArrayList com.android.server.accessibility.AccessibilityManagerService$AccessibilityDisplayListener.getValidDisplayList()(AccessibilityManagerService.java:4849) waiters=0 in void com.android.server.accessibility.AccessibilityManagerService.sendAccessibilityEvent(android.view.accessibility.AccessibilityEvent, int) for 494ms
04-10 01:28:31.810  5665  5665 W system_server: Long monitor contention with owner android.bg (5736) at java.util.ArrayList com.android.server.accessibility.AccessibilityManagerService$AccessibilityDisplayListener.getValidDisplayList()(AccessibilityManagerService.java:4849) waiters=1 in void com.android.server.accessibility.AccessibilityManagerService.createImeSession(android.util.ArraySet) for 492ms
04-10 01:28:31.810  5665  6260 W system_server: Long monitor contention with owner android.bg (5736) at java.util.ArrayList com.android.server.accessibility.AccessibilityManagerService$AccessibilityDisplayListener.getValidDisplayList()(AccessibilityManagerService.java:4849) waiters=2 in void com.android.server.accessibility.AccessibilityWindowManager.removeAccessibilityInteractionConnection(android.view.IWindow) for 411ms
04-10 01:28:31.812  6284  6324 I ViewRootImpl@b9fd77d[test]: dispatchDetachedFromWindow
04-10 01:28:31.813  5665  6260 D InputTransport: Input channel destroyed: '83cdbf1', fd=1041
04-10 01:28:31.813  5665  6260 W InputManager-JNI: Input channel object '83cdbf1 Splash Screen org.jetbrains.android_benchmark.test (client)' was disposed without first being removed with the input manager!
04-10 01:28:31.813  5665  6260 D InputTransport: Input channel destroyed: '83cdbf1', fd=1042
04-10 01:28:31.815  5665  6260 D InputTransport: Input channel constructed: 'Letterb', fd=1041
04-10 01:28:31.816  5665  6260 D InputTransport: Input channel constructed: 'Letterb', fd=1042
04-10 01:28:31.816  5665  6260 D InputTransport: Input channel constructed: 'Letterb', fd=1086
04-10 01:28:31.816  5665  6260 D InputTransport: Input channel constructed: 'Letterb', fd=1087
04-10 01:28:31.816  5665  6260 D InputTransport: Input channel constructed: 'Letterb', fd=1088
04-10 01:28:31.816  5665  6260 D InputTransport: Input channel constructed: 'Letterb', fd=1089
04-10 01:28:31.816  5665  6260 D InputTransport: Input channel constructed: 'Letterb', fd=1090
04-10 01:28:31.816  5665  6260 D InputTransport: Input channel constructed: 'Letterb', fd=1091
04-10 01:28:31.818  5329  5524 I SurfaceFlinger: id=431 createSurf flag=20004, Letterbox - top#431
04-10 01:28:31.819  6284  6284 D CentralSurfaces: Received new disable state: enaihbcrsokt.qingr (unchanged)
04-10 01:28:31.821  6284  6324 D InputTransport: Input channel destroyed: '83cdbf1', fd=381
04-10 01:28:31.823  6284  6284 D SamsungLightBarControlHelper: onStatusBarAppearanceChanged() -  sbModeChanged:false, statusBarMode:MODE_TRANSPARENT, barState:SHADE, isKeyguardShowing:false, navbarColorManagedByIme:false, stackAppearancesChanged:true, (), packageName:org.jetbrains.android_benchmark.test
04-10 01:28:31.830  5329  5329 I Layer   : id=418 removeFromCurrentState 83cdbf1 Splash Screen org.jetbrains.android_benchmark.test#418 (110)
04-10 01:28:31.830  5329  5329 I Layer   : id=419 removeFromCurrentState Splash Screen org.jetbrains.android_benchmark.test$_6284#419 (110)
04-10 01:28:31.830  5329  5329 I Layer   : id=429 removeFromCurrentState Surface(name=c8d441a org.jetbrains.android_benchmark.test/androidx.benchmark.IsolationActivity)/@0xd8c24d0 - animation-leash of starting_reveal#429 (110)
04-10 01:28:31.830  5329  5329 I Layer   : id=419 removeFromCurrentState Splash Screen org.jetbrains.android_benchmark.test$_6284#419 (110)
04-10 01:28:31.831  5329  5329 I SurfaceFlinger: id=418 Removed 83cdbf1 Splash Screen org.jetbrains.android_benchmark.test#418 (110)
04-10 01:28:31.831  5329  5329 I SurfaceFlinger: id=419 Removed Splash Screen org.jetbrains.android_benchmark.test$_6284#419 (110)
04-10 01:28:31.831  5329  5329 I Layer   : id=418 Destroyed 83cdbf1 Splash Screen org.jetbrains.android_benchmark.test#418
04-10 01:28:31.832  5329  5329 I Layer   : id=419 Destroyed Splash Screen org.jetbrains.android_benchmark.test$_6284#419
04-10 01:28:31.838  5329  5329 D SurfaceFlinger: Display 0 HWC layers:
04-10 01:28:31.838  5329  5329 D SurfaceFlinger:  SOLID_COLOR |              | 0000 |  Unknown  |    0.0    0.0    0.0    0.0 |    0    0 1080   88 | Letterbox - top#431
04-10 01:28:31.838  5329  5329 D SurfaceFlinger:      DEVICE | 0x771226af40 | 0102 | RGBA_8888    |    0.0    0.0 1080.0 2312.0 |    0   88 1080 2400 | org.jetbrains.android_benchmark.test[...]nchmark.IsolationActivity$_31808#424
04-10 01:28:31.838  5329  5329 D SurfaceFlinger:      DEVICE | 0x773f0a7440 | 0100 | RGBA_8888    |    0.0    0.0 1080.0  126.0 |    0 2274 1080 2400 | NavigationBar0$_6284#94
04-10 01:28:31.838  5329  5329 D SurfaceFlinger:      DEVICE | 0x773f0ca5c0 | 0140 | RGBA_8888    |    0.0    0.0 1080.0  100.0 |    0    0 1080  100 | ScreenDecorOverlay$_6284#113
04-10 01:28:31.838  5329  5329 D SurfaceFlinger:      DEVICE | 0x773f0a5dc0 | 0140 | RGBA_8888    |    0.0    0.0 1080.0  100.0 |    0 2300 1080 2400 | ScreenDecorOverlayBottom$_6284#114
04-10 01:28:31.838  5329  5329 D SurfaceFlinger:
04-10 01:28:31.862  7255  7255 E pageboostd: Received HALT command code 2
04-10 01:28:31.865  5665  5741 W libprocessgroup: Failed to open /dev/blkio//cgroup.procs: No such file or directory
04-10 01:28:31.868 31415 31954 I GOS:GameIntentService: onHandleIntent. GameIntentService. type: 15, pkgName: org.jetbrains.android_benchmark.test
04-10 01:28:31.896  6837  6837 I Launcher.Model: isValidStateInKnoxMode:false user:UserHandle{0}
04-10 01:28:31.897  6837  7268 I PackageUpdatedTask: mAllAppsList.updatePackage org.jetbrains.android_benchmark.test
04-10 01:28:31.934  6837  7268 I WidgetsModel: EasyModeWidget will be excluded on WidgetList.
04-10 01:28:31.942  6837  7268 I AppIconSolution: return adaptive icon for org.jetbrains.android_benchmark.test, isNight = true
04-10 01:28:31.942 31415 31954 I GOS:GameIntentService: onPackageChanged(). extras: Bundle[{changeType=0, userId=0, pkgName=org.jetbrains.android_benchmark.test, type=15, packageName=org.jetbrains.android_benchmark.test}]
04-10 01:28:31.942 31415 31954 I GOS:GameIntentService: onPackageChanged(). changeType(INSTALLED), pkgName(org.jetbrains.android_benchmark.test), UserHandle(0), userId(0), Installed(true)
04-10 01:28:31.960 31415 31954 I GOS:SystemEventReactor: checkReservedCategory() - reservedList is null or empty!
04-10 01:28:32.005  6837  7268 I WidgetsModel: EasyModeWidget will be excluded on WidgetList.
04-10 01:28:32.012  6837  7268 I PostPositionOperator: addItem() - org.jetbrains.android_benchmark.test, isWidgetOnly : true
04-10 01:28:32.014  6837  7268 W PackageUpdatedTask: refreshSearchLayout return, operation is not matched
04-10 01:28:32.082  5307 31927 I HYPER-HAL: [RequestManager.cpp]releaseLocked(): Released ID : 16139737
04-10 01:28:32.113 31808 31837 D Benchmark: Waiting 500 ms for [ProcessPid(processName=perfetto, pid=30508)] to die
04-10 01:28:32.160  6284  6373 D MobileStatusTracker(1/2): onDataActivity: direction=0
04-10 01:28:32.161  6284  6373 D MobileSignalController(1/2): notifyListener: enabled=true, connected=true, dataConnected=true, networkType=LTE (4G), emergencyOnly=false, roaming=false, isDefault=true, dataActivity=, level=2, ca=false, mmWave=false, disabledDataIcon=false, simCard=ETC
04-10 01:28:32.223  5307 31843 I HYPER-HAL: [RequestManager.cpp]releaseLocked(): Released ID : 16134055
04-10 01:28:32.273  5249  5249 E audit   : type=1400 audit(1681082912.266:1806): avc:  denied  { write } for  pid=31980 comm="rm" name="trace_output.pb" dev="sda32" ino=991726 scontext=u:r:shell:s0 tcontext=u:object_r:perfetto_traces_data_file:s0 tclass=file permissive=0 SEPF_SM-A515F_13_0001 audit_filtered
04-10 01:28:32.274  5249  5249 E audit   : type=1300 audit(1681082912.266:1806): arch=c00000b7 syscall=48 success=no exit=-13 a0=ffffff9c a1=70f72110b1 a2=2 a3=0 items=0 ppid=31756 pid=31980 auid=4294967295 uid=2000 gid=2000 euid=2000 suid=2000 fsuid=2000 egid=2000 sgid=2000 fsgid=2000 tty=pts1 ses=4294967295 comm="rm" exe="/system/bin/toybox" subj=u:r:shell:s0 key=(null)
04-10 01:28:32.274  5249  5249 E audit   : type=1327 audit(1681082912.266:1806): proctitle=726D002F646174612F6D6973632F706572666574746F2D7472616365732F74726163655F6F75747075742E7062
04-10 01:28:32.306 31808 31837 I PerfettoCapture: Perfetto output file cleanup -
04-10 01:28:32.306 31808 31837 I PerfettoCapture: Starting perfetto tracing with cmd: cat /storage/emulated/0/Android/data/org.jetbrains.android_benchmark.test/cache/trace_config.pb | perfetto --background -c - -o /data/misc/perfetto-traces/trace_output.pb
04-10 01:28:32.446 31995 31995 I perfetto:    perfetto_cmd.cc:1001 Connected to the Perfetto traced service, starting tracing
04-10 01:28:32.451  5428  5428 I perfetto: ing_service_impl.cc:953 Configured tracing session 25, #sources:4, duration:0 ms, #buffers:2, total buffer size:36864 KB, total sessions:1, uid:2000 session name: ""
04-10 01:28:32.453  5427  5427 I perfetto:  probes_producer.cc:139 Ftrace setup (target_buf=49)
04-10 01:28:32.456  5665  5741 W libprocessgroup: Failed to open /dev/blkio//cgroup.procs: No such file or directory
04-10 01:28:32.458 31415 31998 I GOS:GameIntentService: onHandleIntent. GameIntentService. type: 15, pkgName: org.jetbrains.android_benchmark.test
04-10 01:28:32.491 31808 31837 I PerfettoCapture: Perfetto output - 31995
04-10 01:28:32.491 31808 31837 I PerfettoCapture: EXITCODE=0
04-10 01:28:32.516  4403  4403 I hwservicemanager: getTransport: Cannot find entry android.hardware.atrace@1.0::IAtraceDevice/default in either framework or device VINTF manifest.
04-10 01:28:32.550  5427  5427 I perfetto:    ftrace_procfs.cc:335 enabled ftrace in /sys/kernel/tracing/
04-10 01:28:32.577 31415 31998 I GOS:GameIntentService: onPackageChanged(). extras: Bundle[{changeType=8, userId=0, pkgName=org.jetbrains.android_benchmark.test, type=15, packageName=org.jetbrains.android_benchmark.test}]
04-10 01:28:32.577 31415 31998 I GOS:GameIntentService: onPackageChanged(). changeType(REPLACED), pkgName(org.jetbrains.android_benchmark.test), UserHandle(0), userId(0), Installed(true)
04-10 01:28:32.624 31808 31837 I PerfettoCapture: Perfetto tracing started successfully with pid 31995.
04-10 01:28:32.707 31808 31837 I PerfettoCapture: /sys/kernel/tracing/tracing_on = 1, polled 0 times, capture fully started
04-10 01:28:32.753 31808 31837 D Benchmark: Set 31837 (Bench thread) to priority -20. Was -8, now -20
04-10 01:28:32.754 31808 31837 D Benchmark: Set 31818 (Jit) to priority -15. Was 9, now -15
04-10 01:28:32.778 31808 31837 I _benchmark.test: Explicit concurrent copying GC freed 27288(2882KB) AllocSpace objects, 73(1460KB) LOS objects, 71% free, 2415KB/8559KB, paused 341us,112us total 23.425ms
04-10 01:28:33.475  5665  6047 W SearchableInfo: Invalid searchable metadata for com.samsung.android.messaging/.ui.view.recipientspicker.PickerActivity: Search label must be a resource reference.
04-10 01:28:34.224  5307 31844 I HYPER-HAL: [RequestManager.cpp]releaseLocked(): Released ID : 37476166
04-10 01:28:34.230  8644  8933 I SemDvfsHyPerManager: acquire hyper - SIOP_GPU_FREQ_MAX/8644@4, type = 536875010
04-10 01:28:34.231  8644  8933 I SemDvfsHyPerManager: acquire hyper - SIOP_ARM_MAX/8644@2, type = 301993986
04-10 01:28:34.234  5307  5331 I HYPER-HAL: [RequestManager.cpp]acquire(): Acquired ID : 37398280  [8644 / 4]    HINT :      list : [GPUMaxFreq / 764000]
04-10 01:28:34.235  5307  5331 I HYPER-HAL: [RequestManager.cpp]acquire(): Acquired ID : 37380983  [8644 / 2]    HINT :      list : [CPUMaxFreq / 1664000]
04-10 01:28:35.861  5665  5739 I libprocessgroup: Successfully killed process cgroup uid 10343 pid 27353 in 0ms
04-10 01:28:35.907  5274  5274 I Zygote  : Process 27353 exited due to signal 9 (Killed)
04-10 01:28:36.473  5665  5741 W libprocessgroup: Failed to open /dev/blkio//cgroup.procs: No such file or directory
04-10 01:28:37.399  9707  9748 W earchbox:search: Reducing the number of considered missed Gc histogram windows from 122 to 100
04-10 01:28:37.730  5665  5680 I system_server: Background concurrent copying GC freed 777691(38MB) AllocSpace objects, 100(4672KB) LOS objects, 20% free, 90MB/114MB, paused 642us,367us total 465.401ms
04-10 01:28:37.735  5665  5681 W JavaBinder: BinderProxy is being destroyed but the application did not call unlinkToDeath to unlink all of its death recipients beforehand.  Releasing leaked death recipient: com.android.server.wm.EmbeddedWindowController$$ExternalSyntheticLambda0
04-10 01:28:37.736  5665  5681 I BpBinder: onLastStrongRef automatically unlinking death recipients: <uncached descriptor>
04-10 01:28:37.758  5665  5682 W System  : A resource failed to call end.
04-10 01:28:37.806  5665  5682 W System  : A resource failed to call release.
04-10 01:28:37.814  5665  5682 W System  : A resource failed to call end.
04-10 01:28:38.314 18519 18675 I PolicyManager: [#CMH#] Is foreground game app: false
04-10 01:28:38.581  6284  6373 D MobileStatusTracker(1/2): onSignalStrengthsChanged level=3, vendorLevel=2
04-10 01:28:38.593  6284  6373 D MobileSignalController(1/2): notifyListener: enabled=true, connected=true, dataConnected=true, networkType=LTE (4G), emergencyOnly=false, roaming=false, isDefault=true, dataActivity=, level=2, ca=false, mmWave=false, disabledDataIcon=false, simCard=ETC
04-10 01:28:38.594  6284  6373 D NetworkController: SignalStrength from intent slotId=1
04-10 01:28:40.451  8644  8933 I SemDvfsHyPerManager: acquire hyper - SIOP_GPU_FREQ_MAX/8644@4, type = 536875010
04-10 01:28:40.452  5307  5331 I HYPER-HAL: [RequestManager.cpp]acquire(): Acquired ID : 37398280  [8644 / 4]    HINT :      list : [GPUMaxFreq / 683000]
04-10 01:28:40.788  5665  6260 D TelephonyManager: requestModemActivityInfo: Sending result to app: ModemActivityInfo{ mTimestamp=10819328 mSleepTimeMs=1821717 mIdleTimeMs=622915 mActivityStatsTechSpecificInfo=[{mRat=UNKNOWN,mFrequencyRange=UNKNOWN,mTxTimeMs[]=[0, 0, 97, 35, 138],mRxTimeMs=6016548}]}
04-10 01:28:41.084  6284  6373 D MobileStatusTracker(0/1): onSignalStrengthsChanged level=3, vendorLevel=2
04-10 01:28:41.089  6284  6373 D MobileSignalController(0/1): notifyListener: enabled=true, connected=true, dataConnected=false, networkType=LTE (4G), emergencyOnly=false, roaming=true, isDefault=true, dataActivity=, level=2, ca=false, mmWave=false, disabledDataIcon=false, simCard=ETC
04-10 01:28:41.102  6284  6373 D NetworkController: SignalStrength from intent slotId=0
04-10 01:28:41.358  5665  6036 D ConnectivityService: reportNetworkActive, notify 0 listeners
04-10 01:28:41.373  5665  7155 W LocationManagerService: onFreezeStateChanged, uid[10006]=true
04-10 01:28:41.374  5665  7155 W LocationManagerService: onFreezeStateChanged, uid[10252]=true
04-10 01:28:41.374  5665  7155 W LocationManagerService: onFreezeStateChanged, uid[10278]=true
04-10 01:28:41.374  5665  7155 W LocationManagerService: onFreezeStateChanged, uid[10329]=true
04-10 01:28:41.375  5665  7155 W LocationManagerService: onFreezeStateChanged, uid[10343]=true
04-10 01:28:41.388  6284  6373 D MobileStatusTracker(1/2): onDataActivity: direction=2
04-10 01:28:41.394  6284  6373 D MobileSignalController(1/2): notifyListener: enabled=true, connected=true, dataConnected=true, networkType=LTE (4G), emergencyOnly=false, roaming=false, isDefault=true, dataActivity=out, level=2, ca=false, mmWave=false, disabledDataIcon=false, simCard=ETC
04-10 01:28:41.586  7623  7623 D BoundBrokerSvc: onUnbind: Intent { act=com.google.android.gms.scheduler.ACTION_PROXY_SCHEDULE dat=chimera-action:/... cmp=com.google.android.gms/.chimera.PersistentApiService }
04-10 01:28:42.416  6284  6373 D MobileStatusTracker(1/2): onDataActivity: direction=0
04-10 01:28:42.418  6284  6373 D MobileSignalController(1/2): notifyListener: enabled=true, connected=true, dataConnected=true, networkType=LTE (4G), emergencyOnly=false, roaming=false, isDefault=true, dataActivity=, level=2, ca=false, mmWave=false, disabledDataIcon=false, simCard=ETC
04-10 01:28:42.615  7623  7623 D BoundBrokerSvc: onUnbind: Intent { act=com.google.android.gms.icing.LIGHTWEIGHT_INDEX_SERVICE dat=chimera-action:/... cmp=com.google.android.gms/.chimera.PersistentApiService }
04-10 01:28:42.619  7973  7973 D BoundBrokerSvc: onUnbind: Intent { act=com.google.android.gms.feedback.internal.IFeedbackService dat=chimera-action:/... cmp=com.google.android.gms/.chimera.GmsBoundBrokerService }
04-10 01:28:44.524  7973  7973 D BoundBrokerSvc: onUnbind: Intent { act=com.google.android.gms.checkin.START pkg=com.google.android.gms }
04-10 01:28:44.552  5665  5739 I libprocessgroup: Successfully killed process cgroup uid 10343 pid 27124 in 12ms
04-10 01:28:44.553  5665  7155 W LocationManagerService: onFreezeStateChanged, uid[10343]=false
04-10 01:28:44.557  6634  6647 W BtGatt.GattService: unfreezeScan() - No AppScanStats found with uid: 10343
04-10 01:28:44.628  5274  5274 I Zygote  : Process 27124 exited due to signal 9 (Killed)
04-10 01:28:45.403 31808 31837 D Benchmark: THERMAL THROTTLE DETECTED, SLEEPING FOR 90 SECONDS
04-10 01:28:50.034  7973  8015 W gle.android.gms: Reducing the number of considered missed Gc histogram windows from 107 to 100
04-10 01:28:51.535  5665  6260 D TelephonyManager: requestModemActivityInfo: Sending result to app: ModemActivityInfo{ mTimestamp=10830075 mSleepTimeMs=1821717 mIdleTimeMs=624261 mActivityStatsTechSpecificInfo=[{mRat=UNKNOWN,mFrequencyRange=UNKNOWN,mTxTimeMs[]=[0, 0, 97, 35, 138],mRxTimeMs=6025948}]}
04-10 01:28:52.237  6213  6255 I System.out: Broadcasting: Intent { act=com.sec.intent.action.SARDEVICE_CP flg=0x10000000 (has extras) }
04-10 01:28:52.243  6678  8139 I RILClient: processUnsolicited(): resp_id (11090), len(119)
04-10 01:28:52.252  5665  5861 D MotionRecognitionService: [SAR]  onReceive : SARDEVICE_CP, callAction = off deviceID = 3 slot = 1 device_ext = 0
04-10 01:28:52.252  5665  5861 I MotionRecognitionService: [SAR] id : 0 cmd :off
04-10 01:28:52.252  5665  5861 I MotionRecognitionService: [SAR] A96T3X6 Grip sensor disableSensor : true
04-10 01:28:52.253  5665  5861 I MotionRecognitionService: [SAR] A96T3X6 Grip sensorsetTunerGrip 8589934592 , state: false
04-10 01:28:52.270  5665  5861 D MotionRecognitionService: [SAR] set setTransmitPowerExt  value : 8589934592 : false
04-10 01:28:52.271  5665  5861 I MotionRecognitionService: [SAR] tunerGrip is 8589934592, state : false
04-10 01:28:52.272  5665  5861 D SensorService: Calling activate off 33554443
04-10 01:28:52.273  5297  5297 I SensorsGrip: [grip_sensor] enable: GripSensor: enable handle = 11 en = 0
04-10 01:28:52.275  5297  5297 E SensorsGrip: [grip_sensor] enable: mEnabled : 0, first_grip_event : 1
04-10 01:28:52.280  5665  5861 D SensorManager: unregisterListener :: com.samsung.android.gesture.MotionRecognitionSAR$GripSensor$1@ea0c55f
04-10 01:28:52.280  5665  5861 I MotionRecognitionService: [SAR] A96T3X6 Grip sensor disable channel 0 : 0 , channel 1 : 0
04-10 01:28:52.280  5665  5861 I MotionRecognitionService: [SAR] id : 1 cmd :off
04-10 01:28:52.281  6213  7572 I System.out: Broadcast completed: result=0
04-10 01:28:54.237  5274  5274 I Zygote  : Process 27278 exited due to signal 9 (Killed)
04-10 01:28:54.238  5665  5739 I libprocessgroup: Successfully killed process cgroup uid 10343 pid 27278 in 70ms
04-10 01:28:56.204  7973 32179 I GmscoreIpa: Starting mediastore instant index [CONTEXT service_id=255 ]
04-10 01:28:57.259  5312  5312 E sehhealth-service: Could not open /sys/class/power_supply/battery/lrp
04-10 01:28:58.920  5249  5249 E audit   : type=1400 audit(1681082938.914:1807): avc:  denied  { getattr } for  pid=5665 comm="BinderProcsColl" path="/sys/kernel/debug/binder/proc/5665" dev="debugfs" ino=28451 scontext=u:r:system_server:s0 tcontext=u:object_r:sec_debugfs:s0 tclass=file permissive=0 SEPF_SM-A515F_13_0001 audit_filtered
04-10 01:28:58.920  5249  5249 E audit   : type=1300 audit(1681082938.914:1807): arch=c00000b7 syscall=79 success=no exit=-13 a0=ffffff9c a1=7250f022a0 a2=721c938680 a3=0 items=0 ppid=5274 pid=5665 auid=4294967295 uid=1000 gid=1000 euid=1000 suid=1000 fsuid=1000 egid=1000 sgid=1000 fsgid=1000 tty=(none) ses=4294967295 comm="BinderProcsColl" exe="/system/bin/app_process64" subj=u:r:system_server:s0 key=(null)
04-10 01:28:58.920  5249  5249 E audit   : type=1327 audit(1681082938.914:1807): proctitle="system_server"
04-10 01:28:59.841  5665  5741 W libprocessgroup: Failed to open /dev/blkio//cgroup.procs: No such file or directory
04-10 01:28:59.870 18519 18519 I CMHJobService: [#CMH#] onStartJob Called at Apr 10,2023 01:28:59
04-10 01:28:59.876 18519 18519 I CMHJobService: [#CMH#] Battery Percentage is:  1.0, High Temp: 32768
04-10 01:28:59.877 10600 10600 I Finsky  : [2] yix.onStartJob(4): SCH: job service start with id 9850.
04-10 01:28:59.908 10600 32208 I Finsky  : [349] yhj.a(66): SCH: Satisfied jobs for 9850 are: 12-1
04-10 01:28:59.920 10600 32209 I Finsky  : [350] yhf.accept(65): SCH: Job 12-1 starting
04-10 01:28:59.923 10600 10600 I Finsky  : [2] ContentSyncJob.v(3): [ContentSync] job started
04-10 01:28:59.939  5665  5741 W libprocessgroup: Failed to open /dev/blkio//cgroup.procs: No such file or directory
04-10 01:28:59.958  7623 25519 I NetworkScheduler.Stats: Task com.google.android.gms/com.google.android.gms.checkin.CheckinService started execution. cause:4 exec_start_elapsed_seconds: 10838 [CONTEXT service_id=218 ]
04-10 01:28:59.990  7623 31646 I NetworkScheduler.Stats: Task com.google.android.gms/com.google.android.gms.checkin.CheckinService finished executing. cause:4 result: 3 elapsed_millis: 77 uptime_millis: 77 exec_start_elapsed_seconds: 10838 [CONTEXT service_id=218 ]
04-10 01:29:00.009  6284  6284 D KeyguardUpdateMonitor: received broadcast android.intent.action.TIME_TICK
04-10 01:29:00.012  6284  6284 D KeyguardUpdateMonitor: handleTimeUpdate
04-10 01:29:00.012  6284  6927 D QSClockBellTower: onReceive(android.intent.action.TIME_TICK) mTimeZoneString:null
04-10 01:29:00.016  6284  6284 D FaceWidgetPagesController: onTimeChanged()
04-10 01:29:00.028  6284  6284 D QSClockBellTower: He is ready to ring the bell. (((QSClockBellSound - TimeText:01:29, TimeContentDescription:01:29, DateText:Mon, 10 April, ShortDateText:Mon, 10 Apr, Demo:false, QuickStar-Second(false|12:34:56))))
04-10 01:29:00.030  6284  6284 D QSClockIndicatorView: Home Indicator status_bar_clock 01:29 notifyTimeChanged(QSClockBellSound - TimeText:01:29, TimeContentDescription:01:29, DateText:Mon, 10 April, ShortDateText:Mon, 10 Apr, Demo:false, QuickStar-Second(false|12:34:56)) ClockVisibleByPolicy:true, ClockVisibleByUser:true, visible?false, parent:android.widget.LinearLayout{130cee5 V.E...... ......I. 0,0-0,55 #7f0b04e9 app:id/left_clock_container}
04-10 01:29:00.030  6284  6284 D QSClockBellTower: Everyone heard the bell. run(currentTime:1681082940023,   getTime():Mon Apr 10 01:29:00 GMT+02:00 2023,   getTimeZone():libcore.util.ZoneInfo[mDstSavings=3600000,mUseDst=true,mDelegate=[id="Europe/Belgrade",mRawOffset=3600000,mEarliestRawOffset=4920000,transitions=119]])
04-10 01:29:00.055  6284  6284 I FaceWidgetPositionAlgorithm: getClockContainerHeight() supplier = 270, bottom margin = 0, real height = 503
04-10 01:29:00.056  6284  6284 I FaceWidgetPositionAlgorithm: getClockContainerHeight() supplier = 270, bottom margin = 63, real height = 503
04-10 01:29:00.056  6284  6284 I FaceWidgetPositionAlgorithm: getMediaContainerHeight() height = 0 container Visibility = 8, isValid = false, mIsDozing = false, fraction = 1.0, source = 0, target = 0
04-10 01:29:00.056  6284  6284 I FaceWidgetPositionAlgorithm: getMediaContainerHeight() supplier = 0
04-10 01:29:00.069  6284  6284 V QsExpandAnimator: setQsExpansionPosition 0.0
04-10 01:29:00.092  6284  6284 V QsExpandAnimator: updateAnimators
04-10 01:29:00.092  6284  6284 V QsExpandAnimator: clearAnimationState
04-10 01:29:00.094  6284  6284 V QsExpandAnimator: updateViews
04-10 01:29:00.107  6284  6284 V QsExpandAnimator: updateTileAnimator
04-10 01:29:00.108  6284  6284 V QsExpandAnimator: updateHeaderAnimator
04-10 01:29:00.109  6284  6284 V QsExpandAnimator: updateBarAnimator
04-10 01:29:00.109  6284  6284 V QsExpandAnimator: setQsExpansionPosition 0.0
04-10 01:29:00.109  6284  6284 V QsExpandAnimator: onAnimationAtStart
04-10 01:29:00.230 10600 32216 I Finsky  : [354] joq.h(1): Completed 0 account content syncs with 0 successful.
04-10 01:29:00.231 10600 10600 I Finsky  : [2] ContentSyncJob.a(1): [ContentSync] Installation state replication succeeded.
04-10 01:29:00.232 10600 10600 I Finsky  : [2] yhk.r(4): SCH: jobFinished: 12-1. TimeElapsed: 311ms.
04-10 01:29:00.271 10600 11495 I Finsky  : [53] xtn.accept(53): SCH: Scheduling phonesky job Id: 1-1337, CT: 1681081822110, Constraints: [{ L: 43185267, D: 86385267, C: 1, I: 1, N: 1 }]
04-10 01:29:00.275 10600 11495 I Finsky  : [53] xtn.accept(53): SCH: Scheduling phonesky job Id: 10-4, CT: 1681081821705, Constraints: [{ L: 1200000, D: 86400000, C: 1, I: 1, N: 1 }]
04-10 01:29:00.279 10600 11495 I Finsky  : [53] xtn.accept(53): SCH: Scheduling phonesky job Id: 34-3650, CT: 1681081865065, Constraints: [{ L: 79199906, D: 1375199906, C: 1, I: 1, N: 1 }]
04-10 01:29:00.294 10600 11536 I Finsky  : [60] xtm.apply(48): SCH: Scheduling 1 system job(s)
04-10 01:29:00.300 10600 11536 I Finsky  : [60] yhi.d(4): SCH: Scheduling system job Id: 9855, L: 81409, D: 85267081, C: false, I: false, N: 1
04-10 01:29:00.325 10600 32209 I Finsky  : [350] yix.a(16): SCH: job service finished with id 9850.
04-10 01:29:06.898  5665  6515 I SLocation: RequestSamsungPosition - connect To Secphone service
04-10 01:29:06.918  5665  5741 W libprocessgroup: Failed to open /dev/blkio//cgroup.procs: No such file or directory
04-10 01:29:06.927  5665  6515 D SLocation: SPManager - requestUpdate - SP
04-10 01:29:06.936  5665  5665 D SLocation: RequestSamsungPosition - onServiceConnected()
04-10 01:29:06.936  5665  5665 I SLocation: RequestSamsungPosition - inside invokeOemRilRequestRaw, send msg to CP through ril for SP.
04-10 01:29:06.958  5665  6515 D SLocation: SPManager - invalid SP Location!
04-10 01:29:06.958  5665  6515 D SLocation: DetectMovementSPListener - receive SP timeout!
04-10 01:29:06.958  5665  6515 D SLocation: SPManager - removeUpdate - SP
04-10 01:29:06.958  5665  6515 D SLocation: RequestSamsungPosition - unbindService SecPhoneServiceConnection.
04-10 01:29:12.336  5329  5329 I SurfaceFlinger: SFWD update time=10850878083814
04-10 01:29:19.544  7790  9193 I ContactsProvider_EventLog: cp_s: [CONTACT con(158) dat(1089) acc({sim(3)=15, sec(6)=1, org.telegram.messenger(228)=102, sim2(4)=1, google(2)=81, com.whatsapp(14)=39}) calls([logtype:100 cnt:866, logtype:200 cnt:5, logtype:300 cnt:495, logtype:1000 cnt:600, logtype:1150 cnt:161]) Iso(RS) uId(0) ]
04-10 01:29:19.544  7790  9193 I ContactsProvider_EventLog: cp_s: [ agr({[3]=15, [14]=1, [4]=1, [2 ,14]=4, [2 ,2]=2, [2]=32, [6 ,14]=1, [2 ,14 ,228]=32, [2 ,228]=7, [228]=62, [2 ,2 ,14 ,228]=1}) ]
04-10 01:29:19.544  7790  9193 I ContactsProvider_EventLog: cp_s: [ cnt({acore(7790)=1, com.whatsapp(28083)=1}) ]
04-10 01:29:19.544  7790  9193 I ContactsProvider_EventLog: cp_s: [PROFILE con(1) dat(1) acc({vnd.sec.contact.phone=1}) ] [SAPROFILE ]
04-10 01:29:19.544  7790  9193 I ContactsProvider_EventLog: cp_s: [STATE R(T) ]
04-10 01:29:24.088  5665  6260 D TelephonyManager: requestModemActivityInfo: Sending result to app: ModemActivityInfo{ mTimestamp=10830075 mSleepTimeMs=1821717 mIdleTimeMs=624261 mActivityStatsTechSpecificInfo=[{mRat=UNKNOWN,mFrequencyRange=UNKNOWN,mTxTimeMs[]=[0, 0, 97, 35, 138],mRxTimeMs=6025948}]}
04-10 01:29:25.260  5665  6036 D ConnectivityService: reportNetworkActive, notify 0 listeners
04-10 01:29:25.360  6213  6255 I System.out: Broadcasting: Intent { act=com.sec.intent.action.SARDEVICE_CP flg=0x10000000 (has extras) }
04-10 01:29:25.375  6678  8139 I RILClient: processUnsolicited(): resp_id (11090), len(118)
04-10 01:29:25.379  5665  5861 D MotionRecognitionService: [SAR]  onReceive : SARDEVICE_CP, callAction = on deviceID = 3 slot = 1 device_ext = 0
04-10 01:29:25.379  5665  5861 I MotionRecognitionService: [SAR] id : 0 cmd :on
04-10 01:29:25.379  5665  5861 I MotionRecognitionService: [SAR] A96T3X6 Grip sensor enableSensor
04-10 01:29:25.381  5665  5861 D SensorService: [GripSensor] ++ setGripThdWithMCC  (65560)
04-10 01:29:25.381  5665  5861 D SensorService: GripSensor: MCC Path does not exist
04-10 01:29:25.383  5297  5297 I SensorsGrip: [grip_sensor] enable: GripSensor: enable handle = 11 en = 1
04-10 01:29:25.388  5297  5297 E SensorsGrip: [grip_sensor] enable: mEnabled : 1, first_grip_event : 1
04-10 01:29:25.388  5297  5367 I SensorsGrip: [grip_sensor] readEvents: GripSensor: grip 1ch data = RELEASE
04-10 01:29:25.389  5665  5861 D SensorManager: registerListener :: 33554443, A96T3X6 Grip sensor, 200000, 0, com.samsung.android.gesture.MotionRecognitionSAR$GripSensor$1@ea0c55f
04-10 01:29:25.389  5665  5861 I MotionRecognitionService: [SAR] A96T3X6 Grip sensor enable channel 0 : 2 , channel 1 : 0
04-10 01:29:25.390  5665  5861 I MotionRecognitionService: [SAR] id : 1 cmd :on
04-10 01:29:25.392  6213  7572 I System.out: Broadcast completed: result=0
04-10 01:29:25.396  5665  5861 I MotionRecognitionService: [SAR] A96T3X6 Grip sensor onSensorChanged : 5.0 , 0.0 , 0.0 , 0.0 , 0.0
04-10 01:29:25.397  5665  5861 I MotionRecognitionService: [SAR] A96T3X6 Grip sensor clearBackOff channel: 0 , index: 0
04-10 01:29:25.397  5665  5861 I MotionRecognitionService: [SAR] A96T3X6 Grip sensorsetTunerGrip 8589934592 , state: false
04-10 01:29:25.412  5665  5861 D MotionRecognitionService: [SAR] set setTransmitPowerExt  value : 8589934592 : false
04-10 01:29:25.412  5665  5861 I MotionRecognitionService: [SAR] tunerGrip is 8589934592, state : false
04-10 01:29:25.535  5519  5698 D SemNativeCarrierFeature_vendor: getInstance
04-10 01:29:25.556  5665  6515 D SLocation: CellLocationManager - onServiceStateChanged 0
04-10 01:29:25.560  6652  6652 I VcidController: onServiceStateChanged:{mVoiceRegState=0(IN_SERVICE), mDataRegState=0(IN_SERVICE), mChannelNumber=1300, duplexMode()=1, mCellBandwidths=[], mOperatorAlphaLong=Yettel, mOperatorAlphaShort=Yettel, isManualNetworkSelection=false(automatic), getRilVoiceRadioTechnology=14(LTE), getRilDataRadioTechnology=14(LTE), mCssIndicator=unsupported, mNetworkId=*1, mSystemId=*1, mCdmaRoamingIndicator=-1, mCdmaDefaultRoamingIndicator=-1, VoiceRegType=0, Snap=0, MobileData=IN_SERVICE, MobileDataRoamingType=home, MobileDataRat=LTE_CA, PsOnly=false, FemtocellInd=0, SprDisplayRoam=false, OptRadioTech=0, MsimSubmode=0, mIsEmergencyOnly=false, isUsingCarrierAggregation=true, mArfcnRsrpBoost=0, mNetworkRegistrationInfos=[NetworkRegistrationInfo{ domain=CS transportType=WWAN registrationState=HOME roamingType=NOT_ROAMING accessNetworkTechnology=LTE rejectCause=0 emergencyEnabled=false availableServices=[VOICE,SMS,VIDEO] cellIdentity=CellIdentityLte:{ mCi=1****11 mPci=191 mTac=1***3 mEarfcn=1300 mBands=[] mBandwidth=2147483647 mMcc=220 mMnc=01 mAlphaLong=Yettel mAlphaShort=Yettel mAdditionalPlmns={} mCsgInfo=null} voiceSpecificInfo=VoiceSpecificRegistrationInfo { mCssSupported=false mRoamingIndicator=0 mSystemIsInPrl=0 mDefaultRoamingIndicator=0} dataSpecificInfo=null nrState=**** rRplmn=22001 isUsingCarrierAggregation=false}, NetworkRegistrationInfo{ domain=PS transportType=WWAN registrationState=HOME roamingType=NOT_ROAMING accessNetworkTechnology=LTE rejectCause=0 emergencyEnabled=false availableServices=[DATA] cellIdentity=CellIdentityLte:{ mCi=1****11 mPci=191 mTac=1***3 mEarfcn=1300 mBands=[] mBandwidth=2147483647 mMcc=220 mMnc=01 mAlphaLong=Yettel mAlphaShort=Yettel mAdditionalPlmns={} mCsgInfo=null} voiceSpecificInfo=null dataSpecificInfo=android.telephony.DataSpecificRegistrationInfo :{ maxDataCalls = 4 isDcNrRestricted = false isNrAvailable = false isEnDcAvailable = false LteVopsSupportInfo :  mVopsSupport = 2 mEmcBearerSupport = 3 } nrState=**** rRplmn=22001 isUsingCarrierAggregation=true}], mNrFrequencyRange=0, mOperatorAlphaLongRaw=Yettel, mOperatorAlphaShortRaw=Yettel, mIsDataRoamingFromRegistration=false, mIsIwlanPreferred=false}
04-10 01:29:25.562  5665  5665 D SemWifiApServiceImpl: onServiceStateChanged : 0dataNetworkType : 13
04-10 01:29:25.563  5665  5665 W NSLocationMonitor: onServiceStateChanged, state=0 / channel=1300
04-10 01:29:25.564  5665  5665 I NSLocationMonitor: networkType[13]=LTE / nrState=false
04-10 01:29:25.564  5665  5665 W NSLocationMonitor: onServiceStateChanged, state=0 / channel=1300
04-10 01:29:25.565  5665  5665 I NSLocationMonitor: networkType[13]=LTE / nrState=false
04-10 01:29:25.568  6678  7298 I VolteServiceModule: onServiceStateChanged({mVoiceRegState=0(IN_SERVICE), mDataRegState=0(IN_SERVICE), mChannelNumber=1300, duplexMode()=1, mCellBandwidths=[], mOperatorAlphaLong=Yettel, mOperatorAlphaShort=Yettel, isManualNetworkSelection=false(automatic), getRilVoiceRadioTechnology=14(LTE), getRilDataRadioTechnology=14(LTE), mCssIndicator=unsupported, mNetworkId=*1, mSystemId=*1, mCdmaRoamingIndicator=-1, mCdmaDefaultRoamingIndicator=-1, VoiceRegType=0, Snap=0, MobileData=IN_SERVICE, MobileDataRoamingType=home, MobileDataRat=LTE_CA, PsOnly=false, FemtocellInd=0, SprDisplayRoam=false, OptRadioTech=0, MsimSubmode=0, mIsEmergencyOnly=false, isUsingCarrierAggregation=true, mArfcnRsrpBoost=0, mNetworkRegistrationInfos=[NetworkRegistrationInfo{ domain=CS transportType=WWAN registrationState=HOME roamingType=NOT_ROAMING accessNetworkTechnology=LTE rejectCause=0 emergencyEnabled=false availableServices=[VOICE,SMS,VIDEO] cellIdentity=CellIdentityLte:{ mCi=1****11 mPci=191 mTac=1***3 mEarfcn=1300 mBands=[] mBandwidth=2147483647 mMcc=220 mMnc=01 mAlphaLong=Yettel mAlphaShort=Yettel mAdditionalPlmns={} mCsgInfo=null} voiceSpecificInfo=VoiceSpecificRegistrationInfo { mCssSupported=false mRoamingIndicator=0 mSystemIsInPrl=0 mDefaultRoamingIndicator=0} dataSpecificInfo=null nrState=**** rRplmn=22001 isUsingCarrierAggregation=false}, NetworkRegistrationInfo{ domain=PS transportType=WWAN registrationState=HOME roamingType=NOT_ROAMING accessNetworkTechnology=LTE rejectCause=0 emergencyEnabled=false availableServices=[DATA] cellIdentity=CellIdentityLte:{ mCi=1****11 mPci=191 mTac=1***3 mEarfcn=1300 mBands=[] mBandwidth=2147483647 mMcc=220 mMnc=01 mAlphaLong=Yettel mAlphaShort=Yettel mAdditionalPlmns={} mCsgInfo=null} voiceSpecificInfo=null dataSpecificInfo=android.telephony.DataSpecificRegistrationInfo :{ maxDataCalls = 4 isDcNrRestricted = false isNrAvailable = false isEnDcAvailable = false LteVopsSupportInfo :  mVopsSupport = 2 mEmcBearerSupport = 3 } nrState=**** rRplmn=22001 isUsingCarrierAggregation=true}], mNrFrequencyRange=0, mOperatorAlphaLongRaw=Yettel, mOperatorAlphaShortRaw=Yettel, mIsDataRoamingFromRegistration=false, mIsIwlanPreferred=false})
04-10 01:29:25.569  6678  7298 I VolteServiceModule: mIsLteEpsOnlyAttached(1):false
04-10 01:29:25.571  6284  6373 D MobileStatusTracker(1/2): onServiceStateChanged voiceState=0 dataState=0
04-10 01:29:25.573  7080  7224 W NetworkManager_FLP: updateServiceStateChanged, serviceState=0 / isRegistered=true / channel=1300 / networkTypeName=LTE / nr=false
04-10 01:29:25.576  7080  7224 W NetworkManager_FLP: updateServiceStateChanged, serviceState=0 / isRegistered=true / channel=1300 / networkTypeName=LTE / nr=false
04-10 01:29:25.581  6284  6373 D MobileSignalController(1/2): notifyListener: enabled=true, connected=true, dataConnected=true, networkType=LTE (4G), emergencyOnly=false, roaming=false, isDefault=true, dataActivity=, level=2, ca=false, mmWave=false, disabledDataIcon=false, simCard=ETC
04-10 01:29:25.581  6678  6983 I PdnController<1>: Active Phone Id = 1 MobileConnected = true
04-10 01:29:25.583  6678  6983 I PhoneStateTracker<1>: onServiceStateChanged: state={mVoiceRegState=0(IN_SERVICE), mDataRegState=0(IN_SERVICE), mChannelNumber=1300, duplexMode()=1, mCellBandwidths=[], mOperatorAlphaLong=Yettel, mOperatorAlphaShort=Yettel, isManualNetworkSelection=false(automatic), getRilVoiceRadioTechnology=14(LTE), getRilDataRadioTechnology=14(LTE), mCssIndicator=unsupported, mNetworkId=*1, mSystemId=*1, mCdmaRoamingIndicator=-1, mCdmaDefaultRoamingIndicator=-1, VoiceRegType=0, Snap=0, MobileData=IN_SERVICE, MobileDataRoamingType=home, MobileDataRat=LTE_CA, PsOnly=false, FemtocellInd=0, SprDisplayRoam=false, OptRadioTech=0, MsimSubmode=0, mIsEmergencyOnly=false, isUsingCarrierAggregation=true, mArfcnRsrpBoost=0, mNetworkRegistrationInfos=[NetworkRegistrationInfo{ domain=CS transportType=WWAN registrationState=HOME roamingType=NOT_ROAMING accessNetworkTechnology=LTE rejectCause=0 emergencyEnabled=false availableServices=[VOICE,SMS,VIDEO] cellIdentity=CellIdentityLte:{ mCi=1****11 mPci=191 mTac=1***3 mEarfcn=1300 mBands=[] mBandwidth=2147483647 mMcc=220 mMnc=01 mAlphaLong=Yettel mAlphaShort=Yettel mAdditionalPlmns={} mCsgInfo=null} voiceSpecificInfo=VoiceSpecificRegistrationInfo { mCssSupported=false mRoamingIndicator=0 mSystemIsInPrl=0 mDefaultRoamingIndicator=0} dataSpecificInfo=null nrState=**** rRplmn=22001 isUsingCarrierAggregation=false}, NetworkRegistrationInfo{ domain=PS transportType=WWAN registrationState=HOME roamingType=NOT_ROAMING accessNetworkTechnology=LTE rejectCause=0 emergencyEnabled=false availableServices=[DATA] cellIdentity=CellIdentityLte:{ mCi=1****11 mPci=191 mTac=1***3 mEarfcn=1300 mBands=[] mBandwidth=2147483647 mMcc=220 mMnc=01 mAlphaLong=Yettel mAlphaShort=Yettel mAdditionalPlmns={} mCsgInfo=null} voiceSpecificInfo=null dataSpecificInfo=android.telephony.DataSpecificRegistrationInfo :{ maxDataCalls = 4 isDcNrRestricted = false isNrAvailable = false isEnDcAvailable = false LteVopsSupportInfo :  mVopsSupport = 2 mEmcBearerSupport = 3 } nrState=**** rRplmn=22001 isUsingCarrierAggregation=true}], mNrFrequencyRange=0, mOperatorAlphaLongRaw=Yettel, mOperatorAlphaShortRaw=Yettel, mIsDataRoamingFromRegistration=false, mIsIwlanPreferred=false}Changed=
04-10 01:29:25.584  6678  6983 I PdnController<1>: notifyDataConnectionState
04-10 01:29:25.584  6678  6983 I PdnController<1>: initialize PendedEPDGWeakSignal flag
04-10 01:29:25.584  6678  6983 I PdnController<1>: setPendedEPDGWeakSignal
04-10 01:29:25.584  6678  6983 I PdnController<1>: notifyDataConnectionState: needNotify=false networkType=13 isEpdgConnected=false dataNetType=13=>13 dataRegState=0=>0
04-10 01:29:25.585  6678  6983 I PhoneStateTracker<1>: notifySnapshotState: snapshotState=0 old=0
04-10 01:29:25.587  6678  6983 E GlobalSettingsRepoBase: globalgcsettings No matched key : separate_vo5g_icon
04-10 01:29:25.587  6678  6983 I GeolocationCon: handleMessage : what = SERVICE_STATE_CHANGED
04-10 01:29:25.589  6678  6983 I GeolocationCon: matchTimingReqLocation ,match=0, timing=4
04-10 01:29:25.590  6678  6983 I GeolocationCon: matchTimingReqLocation ,match=0, timing=4
04-10 01:29:25.590  6284  6284 D Tile.AirplaneModeTile: onReceive android.intent.action.SERVICE_STATE
04-10 01:29:25.590  6678  6983 I GeolocationCon: matchTimingReqLocation ,match=0, timing=4
04-10 01:29:25.590  6678  6983 I GeolocationCon: profile is null
04-10 01:29:25.590  6284  6284 D MultiSIMController: onReceive() - action = android.intent.action.SERVICE_STATE
04-10 01:29:25.591  6284  6373 D NetworkController: ServiceState from intent slotId=1
04-10 01:29:25.591  5665  5665 D SemWifiService: received: android.intent.action.SERVICE_STATE
04-10 01:29:25.591  6284  6284 D KeyguardUpdateMonitor: received broadcast android.intent.action.SERVICE_STATE
04-10 01:29:25.591  6678  6983 I GeolocationCon<1>: onNetworkCountryIsoChanged: mCountryIso = rs, iso = rs
04-10 01:29:25.592  6284  6284 V KeyguardUpdateMonitor: action android.intent.action.SERVICE_STATE serviceState={mVoiceRegState=0(IN_SERVICE), mDataRegState=0(IN_SERVICE), mChannelNumber=1300, duplexMode()=1, mCellBandwidths=[], mOperatorAlphaLong=Yettel, mOperatorAlphaShort=Yettel, isManualNetworkSelection=false(automatic), getRilVoiceRadioTechnology=14(LTE), getRilDataRadioTechnology=14(LTE), mCssIndicator=unsupported, mNetworkId=*1, mSystemId=*1, mCdmaRoamingIndicator=-1, mCdmaDefaultRoamingIndicator=-1, VoiceRegType=0, Snap=0, MobileData=IN_SERVICE, MobileDataRoamingType=home, MobileDataRat=LTE_CA, PsOnly=false, FemtocellInd=0, SprDisplayRoam=false, OptRadioTech=0, MsimSubmode=0, mIsEmergencyOnly=false, isUsingCarrierAggregation=true, mArfcnRsrpBoost=0, mNetworkRegistrationInfos=[NetworkRegistrationInfo{ domain=CS transportType=WWAN registrationState=HOME roamingType=NOT_ROAMING accessNetworkTechnology=LTE rejectCause=0 emergencyEnabled=false availableServices=[VOICE,SMS,VIDEO] cellIdentity=CellIdentityLte:{ mCi=1****11 mPci=191 mTac=1***3 mEarfcn=1300 mBands=[] mBandwidth=2147483647 mMcc=220 mMnc=01 mAlphaLong=Yettel mAlphaShort=Yettel mAdditionalPlmns={} mCsgInfo=null} voiceSpecificInfo=VoiceSpecificRegistrationInfo { mCssSupported=false mRoamingIndicator=0 mSystemIsInPrl=0 mDefaultRoamingIndicator=0} dataSpecificInfo=null nrState=**** rRplmn=22001 isUsingCarrierAggregation=false}, NetworkRegistrationInfo{ domain=PS transportType=WWAN registrationState=HOME roamingType=NOT_ROAMING accessNetworkTechnology=LTE rejectCause=0 emergencyEnabled=false availableServices=[DATA] cellIdentity=CellIdentityLte:{ mCi=1****11 mPci=191 mTac=1***3 mEarfcn=1300 mBands=[] mBandwidth=2147483647 mMcc=220 mMnc=01 mAlphaLong=Yettel mAlphaShort=Yettel mAdditionalPlmns={} mCsgInfo=null} voiceSpecificInfo=null dataSpecificInfo=android.telephony.DataSpecificRegistrationInfo :{ maxDataCalls = 4 isDcNrRestricted = false isNrAvailable = false isEnDcAvailable = false LteVopsSupportInfo :  mVopsSupport = 2 mEmcBearerSupport = 3 } nrState=**** rRplmn=22001 isUsingCarrierAggregation=true}], mNrFrequencyRange=0, mOperatorAlphaLongRaw=Yettel, mOperatorAlphaShortRaw=Yettel, mIsDataRoamingFromRegistration=false, mIsIwlanPreferred=false} subId=2
04-10 01:29:25.592  6284  6284 D MultiSIMController: MESSAGE_UPDATE_SERVICE_STATE
04-10 01:29:25.592  6284  6373 D NetworkController: IsPowerOffServiceState is false: 0
04-10 01:29:25.592  6284  6373 D Tile.AirplaneModeTile:  handleUpdateState: airplane mode is disabled : enter mSetting.getValue() == 0 mIsWiFiOnlyDevice false isNoSimState false !isPowerOffServiceState true
04-10 01:29:25.593  6284  6373 D Tile.AirplaneModeTile:  handleUpdateState:  value = false, state = 1
04-10 01:29:25.598  6284  6284 D semImsManager[0]: getImsRegistration
04-10 01:29:25.608  6284  6284 D semImsManager[1]: getImsRegistration
04-10 01:29:25.615  6213  6213 I Telephony: TelecomAccountRegistry$AccountEntry: isRttCurrentlySupported -- regular acct,, hasVoiceAvailability: false, isRttSupported: false, alwaysAllowWhileRoaming: false, isRoaming: true, isOnWfc: false
04-10 01:29:25.617  6213  6213 I Telephony: TelecomAccountRegistry$AccountEntry: isRttCurrentlySupported -- regular acct,, hasVoiceAvailability: true, isRttSupported: false, alwaysAllowWhileRoaming: false, isRoaming: false, isOnWfc: false
04-10 01:29:25.618  6284  6284 D MultiSIMController: getOwnNumber
