04-30 01:18:48.569 12235 12258 I TestRunner: started: mutableSpecificRefInt(org.jetbrains.android_benchmark.AckermannBenchmark)
04-30 01:18:48.573 12235 12235 I MonitoringInstr: Activities that are still in CREATED to STOPPED: 1
04-30 01:18:48.573 12235 12235 I MonitoringInstr: Finishing activity: androidx.benchmark.IsolationActivity@60bdc39
04-30 01:18:48.579 12235 12258 I GrantPermissionCallable: Permission: android.permission.WRITE_EXTERNAL_STORAGE is already granted!
04-30 01:18:48.579 12235 12258 I GrantPermissionCallable: Permission: android.permission.READ_EXTERNAL_STORAGE is already granted!
04-30 01:18:48.580 12235 12258 D Benchmark: -- Running org.jetbrains.android_benchmark.AckermannBenchmark#mutableSpecificRefInt --
04-30 01:18:48.580 12235 12258 D PerfettoCapture: Supported ABIs: arm64-v8a, armeabi-v7a, armeabi
04-30 01:18:48.580 12235 12258 D PerfettoCapture: Recording perfetto trace
04-30 01:18:48.581  5429  5488 W libprocessgroup: Failed to open /dev/blkio//cgroup.procs: No such file or directory
04-30 01:18:48.593  9200 16178 I NetworkScheduler.Stats: Task com.google.android.gms/com.google.android.gms.ipa.base.IpaGcmTaskService started execution. cause:9 exec_start_elapsed_seconds: 219868 [CONTEXT service_id=218 ]
04-30 01:18:48.605  9200 12494 I NetworkScheduler.Stats: Task com.google.android.gms/com.google.android.gms.ipa.base.IpaGcmTaskService finished executing. cause:9 result: 1 elapsed_millis: 45 uptime_millis: 45 exec_start_elapsed_seconds: 219868 [CONTEXT service_id=218 ]
04-30 01:18:48.630 12235 12258 I PerfettoCapture: Cleanup perfetto before starting.
04-30 01:18:48.839 12235 12258 I PerfettoCapture: Perfetto output file cleanup -
04-30 01:18:48.839 12235 12258 I PerfettoCapture: Starting perfetto tracing with cmd: cat /storage/emulated/0/Android/data/org.jetbrains.android_benchmark.test/cache/trace_config.pb | perfetto --background -c - -o /data/misc/perfetto-traces/trace_output.pb
04-30 01:18:48.981 16610 16610 I perfetto:    perfetto_cmd.cc:1001 Connected to the Perfetto traced service, starting tracing
04-30 01:18:48.982  5131  5131 I perfetto: ing_service_impl.cc:953 Configured tracing session 275, #sources:4, duration:0 ms, #buffers:2, total buffer size:36864 KB, total sessions:1, uid:2000 session name: ""
04-30 01:18:48.984  5130  5130 I perfetto:  probes_producer.cc:139 Ftrace setup (target_buf=549)
04-30 01:18:49.029 12235 12258 I PerfettoCapture: Perfetto output - 16610
04-30 01:18:49.029 12235 12258 I PerfettoCapture: EXITCODE=0
04-30 01:18:49.045  4389  4389 I hwservicemanager: getTransport: Cannot find entry android.hardware.atrace@1.0::IAtraceDevice/default in either framework or device VINTF manifest.
04-30 01:18:49.067  5130  5130 I perfetto:    ftrace_procfs.cc:335 enabled ftrace in /sys/kernel/tracing/
04-30 01:18:49.083  5429  5488 W libprocessgroup: Failed to open /dev/blkio//cgroup.procs: No such file or directory
04-30 01:18:49.110 12145 12145 I SCS@AiSearch user 0: (ObserverWorker::AOSP_MP) [main] entering in startWork():
04-30 01:18:49.110 12145 12145 I SCS@AiSearch user 0: (BaseCollector::AOSP_MP) [main] entering in onChange():
04-30 01:18:49.112 12145 12208 I SCS@AiSearch user 0: (BaseCollector::AOSP_MP) [AOSP_MP-0] entering in collectChanges():
04-30 01:18:49.125  5429  6109 D PackageManager: setEnabledSetting : userId = 0 packageName = com.samsung.android.scs cmp = androidx.work.impl.background.systemalarm.RescheduleReceiver newState = 1 callingPackage = 10380/com.samsung.android.scs
04-30 01:18:49.126  5429  6109 D ApplicationPolicy: getApplicationStateEnabled : pkg = com.samsung.android.scs userId : 0
04-30 01:18:49.127  5429  6109 D ApplicationPolicy: getApplicationComponentState : pkg = com.samsung.android.scs userId : 0
04-30 01:18:49.151 12235 12258 I PerfettoCapture: Perfetto tracing started successfully with pid 16610.
04-30 01:18:49.241 12145 12208 I SCS@AiSearch user 0: (BaseCollector::AOSP_MP) fetchInternal values : maxSyncId: 1000008329 indexCount: 895 sourceCount: 895
04-30 01:18:49.254 12235 12258 I PerfettoCapture: /sys/kernel/tracing/tracing_on = 1, polled 0 times, capture fully started
04-30 01:18:49.256 12235 12258 D Benchmark: Set 12258 (Bench thread) to priority -20. Was -8, now -20
04-30 01:18:49.256 12235 12258 D Benchmark: Set 12243 (Jit) to priority -15. Was 9, now -15
04-30 01:18:49.286 12235 12258 I _benchmark.test: Explicit concurrent copying GC freed 188125(3501KB) AllocSpace objects, 1(20KB) LOS objects, 67% free, 2940KB/9084KB, paused 274us,220us total 29.336ms
04-30 01:18:49.327 12145 12208 I SCS@AiSearch user 0: (IndexManager) [AOSP_MP-0] entering in addIndex():
04-30 01:18:49.334 12145 12208 I SCS@AiSearch user 0: (BaseCollector::AOSP_MP) fetch: fetching took  156 ms
04-30 01:18:49.334 12145 12208 I SCS@AiSearch user 0: (BaseCollector::AOSP_MP) fetchChanges: applied 0 items
04-30 01:18:49.335 12145 12208 I SCS@AiSearch user 0: (BaseCollector::AOSP_MP) Collect finished. Result: true
04-30 01:18:49.337 12145 12181 I WM-WorkerWrapper: Worker result SUCCESS for Work [ id=93d815a2-858c-4763-b82d-e35ab9ec49b9, tags={ com.sec.android.app.myfiles, com.samsung.android.scs.ai.search.data.collector.ObserverWorker } ]
04-30 01:18:49.338 12145 12208 I SCS@AiSearch user 0: (BaseCollector::AOSP_MP) enqueue ObserverWorker name: com.sec.android.app.myfiles, policy: APPEND_OR_REPLACE
04-30 01:18:49.375  5429  6109 D PackageManager: setEnabledSetting : userId = 0 packageName = com.samsung.android.scs cmp = androidx.work.impl.background.systemalarm.RescheduleReceiver newState = 1 callingPackage = 10380/com.samsung.android.scs
04-30 01:18:49.376  5429  6109 D ApplicationPolicy: getApplicationStateEnabled : pkg = com.samsung.android.scs userId : 0
04-30 01:18:49.378  5429  6109 D ApplicationPolicy: getApplicationComponentState : pkg = com.samsung.android.scs userId : 0
04-30 01:18:49.636  5429  5705 I ChimeraAggressivePolicyHandler: executePolicy() - triggerSource: TRIGGER_SOURCE_LMKD
04-30 01:18:49.638  5429  5705 I ChimeraAggressivePolicyHandler: available memory: 1102684, free memory target: 870400, quit chimera
04-30 01:18:49.835  5429  7411 D SemWifiUsabilityStatsMonitor: onWifiUsabilityStats - seqNum 24893, isSameBssidAndFreq true
04-30 01:18:49.838  5429  5717 I SemWifiLinkQualityMonitor: Link Qos Query: 0.091 ms / 87.667 Mbps (263 / 0.000 / 3.000)
04-30 01:18:49.840  5878  5878 D NetworkController.WifiSignalController: notifyListener: visible=true, connected=true, inetCondition=1, isDefault=true, wifiTestReported=true, receivedInetCondition=-1, hideDuringMobileSwitching=false
04-30 01:18:49.842  5878  6043 D Tile.WifiTile: handleUpdateState isTransient=false transientEnabling =false cb.isTransient=false state.state = 2 mStateBeforeClick.value =false enabled =true
04-30 01:18:52.884  5429  7411 D SemWifiUsabilityStatsMonitor: onWifiUsabilityStats - seqNum 24894, isSameBssidAndFreq true
04-30 01:18:52.886  5429  5717 I SemWifiLinkQualityMonitor: Link Qos Query: 0.030 ms / 263.000 Mbps (263 / 0.000 / 1.000)
04-30 01:18:53.875 12235 12258 D Benchmark: timeNs[ 0:10]: 23755 21954 22015 22911 21876 22586 21848 21897 23565 22216
04-30 01:18:53.875 12235 12258 D Benchmark: timeNs[10:20]: 22324 22193 21869 22798 22682 21906 23955 24148 22810 22489
04-30 01:18:53.875 12235 12258 D Benchmark: timeNs[20:30]: 21982 22585 21873 21993 24224 22233 22557 21899 21864 23038
04-30 01:18:53.875 12235 12258 D Benchmark: timeNs[30:40]: 21825 22245 22445 21938 22876 21984 21892 22628 21924 21950
04-30 01:18:53.875 12235 12258 D Benchmark: timeNs[40:50]: 22679 23971 25075 21857 21883 23302 21876 22470 22321 22814
04-30 01:18:54.343 12235 12258 D Benchmark: allocationCount[ 0:10]: 43 43 43 43 43
04-30 01:18:54.343 12235 12258 D Benchmark: Set 12258 (Bench thread) to priority -8. Was -20, now -8
04-30 01:18:54.343 12235 12258 D Benchmark: Set 12243 (Jit) to priority 9. Was -15, now 9
04-30 01:18:54.343 12235 12258 D Benchmark: Warmup: t=0.251, iter=6333, fastAvg=26075, slowAvg=26381
04-30 01:18:54.343 12235 12258 I PerfettoCapture: Stopping perfetto.
04-30 01:18:54.386 16610 16610 I perfetto:    perfetto_cmd.cc:1168 SIGINT/SIGTERM received: disabling tracing.
04-30 01:18:54.389 12235 12258 D Benchmark: kill -TERM command output -
04-30 01:18:54.394  5130  5130 I perfetto:  probes_producer.cc:396 Producer stop (id=1097)
04-30 01:18:54.396  5130  5130 I perfetto:    ftrace_procfs.cc:342 disabled ftrace in /sys/kernel/tracing/
04-30 01:18:54.454  4389  4389 I hwservicemanager: getTransport: Cannot find entry android.hardware.atrace@1.0::IAtraceDevice/default in either framework or device VINTF manifest.
04-30 01:18:54.462  5130  5130 I perfetto:  probes_producer.cc:396 Producer stop (id=1098)
04-30 01:18:54.463  5130  5130 I perfetto:  probes_producer.cc:396 Producer stop (id=1099)
04-30 01:18:54.486 16610 16610 I perfetto:    perfetto_cmd.cc:1124 Trace written into the output file
04-30 01:18:54.489  5131  5131 I perfetto: ng_service_impl.cc:2426 Tracing session 275 ended, total sessions:0
04-30 01:18:54.507 12235 12258 I PerfettoCapture: Writing to /storage/emulated/0/Android/data/org.jetbrains.android_benchmark.test/cache/AckermannBenchmark_mutableSpecificRefInt_2023-04-29-23-18-54.perfetto-trace.
04-30 01:18:54.582 12235 12258 D Benchmark: Copying /storage/emulated/0/Android/data/org.jetbrains.android_benchmark.test/cache/AckermannBenchmark_mutableSpecificRefInt_2023-04-29-23-18-54.perfetto-trace to /sdcard/Android/media/org.jetbrains.android_benchmark.test/additional_test_output/AckermannBenchmark_mutableSpecificRefInt_2023-04-29-23-18-54.perfetto-trace
04-30 01:18:54.617  8350 16575 W MediaProvider: isAppCloneUserPair for user 0: false
04-30 01:18:54.644  5429  5835 D SyncManager: userId - 0 auto - true
04-30 01:18:54.716 12235 12258 I Benchmark: AckermannBenchmark.mutableSpecificRefInt[Metric (timeNs) results: median 22283.482007822684, min 21825.383572359842, max 25075.93037809648, standardDeviation: 764.8576089053051, Metric (allocationCount) results: median 43.0, min 43.0, max 43.00078226857888, standardDeviation: 4.284661466806186E-4]count=3835
04-30 01:18:54.726 12235 12258 D Benchmark: writing results to /storage/emulated/0/Android/data/org.jetbrains.android_benchmark.test/cache/org.jetbrains.android_benchmark.test-benchmarkData.json
04-30 01:18:54.747 12235 12258 D Benchmark: Copying /storage/emulated/0/Android/data/org.jetbrains.android_benchmark.test/cache/org.jetbrains.android_benchmark.test-benchmarkData.json to /sdcard/Android/media/org.jetbrains.android_benchmark.test/additional_test_output/org.jetbrains.android_benchmark.test-benchmarkData.json
04-30 01:18:54.763  8350 16177 I MediaProvider: Deleted 1 0 0 0 0 0 0 items on external_primary due to org.jetbrains.android_benchmark.test
04-30 01:18:54.764  5429  5835 D SyncManager: userId - 0 auto - true
04-30 01:18:54.769  8350 16256 W MediaProvider: isAppCloneUserPair for user 0: false
04-30 01:18:54.775  5429  8509 D SyncManager: userId - 0 auto - true
04-30 01:18:54.779 12235 12258 I TestRunner: finished: mutableSpecificRefInt(org.jetbrains.android_benchmark.AckermannBenchmark)
