04-16 04:33:04.751 20530 20616 D ActionDispatcher: variable : get/is_samsung_account_signed_in, operator : ==, value : true, getter value : true, value type class : class java.lang.Boolean
04-16 04:33:04.751 20530 20616 D ActionDispatcher: variable : get/auto_sync_for_all_items_off, operator : ==, value : true, getter value : false, value type class : class java.lang.Boolean
04-16 04:33:04.752 20530 20616 I ActionDispatcher: executeAction : tag = flow_control/branch_endif
04-16 04:33:04.752 20530 20616 D Engine  : runActionFlow : All Sync On
04-16 04:33:04.752 20153 20177 W _benchmark.test: Suspending all threads took: 9.284ms
04-16 04:33:04.752 20530 20616 I ActionDispatcher: executeAction : tag = get/is_samsung_account_signed_in
04-16 04:33:04.755 20530 20616 I ActionDispatcher: executeAction : tag = get/auto_sync_for_all_items_off
04-16 04:33:04.755 20530 20616 D [MdeResource]AutoSyncForAllItemsOffChecker: Status tag : sync
04-16 04:33:04.755 20530 20616 I [scsettingv2suggestion][2.0.11.0]: getStatusIds
04-16 04:33:04.757 20628 20645 I [SC]SCloudStatusProvider: tagId: sync, method: get_status_ids, arg: null
04-16 04:33:04.759 20628 20645 I [SC]SyncSettingManager: getIsSyncable: com.android.contacts
04-16 04:33:04.771 20628 20645 I [SC][SyncRunner-com.android.contacts]: getIsSyncable: 1
04-16 04:33:04.772 20628 20645 I [SC]SyncSettingManager: getIsSyncable: com.samsung.android.app.notes.sync
04-16 04:33:04.797 20153 20177 D Benchmark: allocationCount[ 0:10]: 9 9 9 8 9
04-16 04:33:04.797 20153 20177 D Benchmark: Set 20177 (Bench thread) to priority -8. Was -20, now -8
04-16 04:33:04.798 20153 20177 D Benchmark: Set 20162 (Jit) to priority 9. Was -15, now 9
04-16 04:33:04.798 20153 20177 D Benchmark: Warmup: t=0.857, iter=187006, fastAvg=4983, slowAvg=5042
04-16 04:33:04.798 20153 20177 I PerfettoCapture: Stopping perfetto.
04-16 04:33:04.799 20786 20814 I SENL$SC/@NotesSyncRpcProvider: getIsSyncable() : 1
04-16 04:33:04.799 20786 20814 I [scsettingv2std][2.0.13.0]: getIsSyncable: 1
04-16 04:33:04.800 20628 20645 I [SC][DEPENDENCY][STD][com.samsung.android.app.notes.sync][STANDALONE]: getIsSyncable: 1
04-16 04:33:04.801 20628 20645 I [SC][SyncRunner-com.samsung.android.app.notes.sync]: getIsSyncable: 1
04-16 04:33:04.801 20628 20645 I [SC]SyncSettingManager: getIsSyncable: com.samsung.android.aremoji.cloud
04-16 04:33:04.807 20628 20645 I [SC][SyncRunner-com.samsung.android.aremoji.cloud]: getIsSyncable: 1
04-16 04:33:04.807 20628 20645 I [SC]SyncSettingManager: getIsSyncable: com.samsung.android.samsungpass.scloud
04-16 04:33:04.812 20628 20645 I [SC][SyncRunner-com.samsung.android.samsungpass.scloud]: getIsSyncable: 0
04-16 04:33:04.813 20628 20645 I [SC]SyncSettingManager: getIsSyncable: com.samsung.bt.btservice.btsettingsprovider
04-16 04:33:04.817 20628 20645 I [SC][SyncRunner-com.samsung.bt.btservice.btsettingsprovider]: getIsSyncable: 1
04-16 04:33:04.818 20628 20645 I [SC]SyncSettingManager: getIsSyncable: com.android.settings.wifiprofilesync
04-16 04:33:04.824 20628 20645 I [SC][SyncRunner-com.android.settings.wifiprofilesync]: getIsSyncable: 1
04-16 04:33:04.824 20628 20645 I [SC]SyncSettingManager: getIsSyncable: com.samsung.android.app.reminder
04-16 04:33:04.833 20927 20960 I [scsettingv2std][2.0.14.0]: getIsSyncable: 1
04-16 04:33:04.834 20628 20645 I [SC][DEPENDENCY][STD][com.samsung.android.app.reminder][STANDALONE]: getIsSyncable: 1
04-16 04:33:04.835 20628 20645 I [SC][SyncRunner-com.samsung.android.app.reminder]: getIsSyncable: 1
04-16 04:33:04.835 20628 20645 I [SC]SyncSettingManager: getIsSyncable: com.android.calendar
04-16 04:33:04.842 20907 20907 I perfetto:    perfetto_cmd.cc:1168 SIGINT/SIGTERM received: disabling tracing.
04-16 04:33:04.842 20628 20645 I [SC][SyncRunner-com.android.calendar]: getIsSyncable: 1
04-16 04:33:04.842 20628 20645 I [SC][SyncRunner-media]: getIsSyncable: 0
04-16 04:33:04.844 20530 20616 D [MdeResource]AutoSyncForAllItemsOffChecker: Status IDs : [contacts_sync_status, samsungnote_sync_status, aremoji_sync_status, bt_sync_status, wifi_sync_status, reminder_sync_status, calendar_sync_status]
04-16 04:33:04.844 20530 20616 I [scsettingv2suggestion][2.0.11.0]: getStatus
04-16 04:33:04.851 20153 20177 D Benchmark: kill -TERM command output -
04-16 04:33:04.852 20628 20645 I [SC]SCloudStatusProvider: tagId: sync, method: get_status_by_id, arg: null
04-16 04:33:04.853 20628 20645 I [SC]SyncSettingManager: getCategoryAutoSync: com.android.contacts
04-16 04:33:04.861  5403  5403 I perfetto:  probes_producer.cc:396 Producer stop (id=205)
04-16 04:33:04.863  5403  5403 I perfetto:    ftrace_procfs.cc:342 disabled ftrace in /sys/kernel/tracing/
04-16 04:33:04.867 20628 20645 I [SC][SyncRunner-com.android.contacts]: getAutoSync: true
04-16 04:33:04.868 20530 20616 D [MdeResource]AutoSyncForAllItemsOffChecker: status id : contacts_sync_status, value : 1
04-16 04:33:04.868 20530 20616 I [scsettingv2suggestion][2.0.11.0]: getStatus
04-16 04:33:04.870 20628 20645 I [SC]SCloudStatusProvider: tagId: sync, method: get_status_by_id, arg: null
04-16 04:33:04.870 20628 20645 I [SC]SyncSettingManager: getCategoryAutoSync: com.samsung.android.app.notes.sync
04-16 04:33:04.883 20786 20814 I SENL$SC/@SCloudUtil: DefaultSyncOn = true
04-16 04:33:04.904 20786 20814 I SENL$SC/@SA/AccountSamsungLocal: mUserId is empty and call requestAuthInfo() to get GUID!
04-16 04:33:04.904 20786 20814 I SENL$SC/@SA/AccountSamsungLocalSDoc: [SA] connectSamsungAccountService() : request to bind
04-16 04:33:04.915 12129 12129 I SamsungAccount: [AIDLRequestService] OnCreate Service
04-16 04:33:04.916 12129 12129 I SamsungAccount: [AIDLRequestService] OnBind
04-16 04:33:04.916 12129 12129 I SamsungAccount: [AIDLRequestService] [InAIDL] Service bound
04-16 04:33:04.923 20786 20814 I SENL$SC/@NotesSyncRpcProvider: getAutoSync() : false
04-16 04:33:04.923 20786 20814 I [scsettingv2std][2.0.13.0]: getAutoSync: false
04-16 04:33:04.925  5628 16160 D MotionRecognitionService: values = 100.0
04-16 04:33:04.925  5628 16160 D MotionRecognitionService: onReceive lux: 100.0  action:
04-16 04:33:04.925  5628 16160 D MotionRecognitionService: Inject brightness form Cam 100.0
04-16 04:33:04.925  5628 16160 D MotionRecognitionService: Inject calibrated lux
04-16 04:33:04.926 20628 20645 I [SC][DEPENDENCY][STD][com.samsung.android.app.notes.sync][STANDALONE]: getAutoSync: false
04-16 04:33:04.926 20628 20645 I [SC][SyncRunner-com.samsung.android.app.notes.sync]: getAutoSync: false
04-16 04:33:04.927 20786 20786 I SENL$SC/SA/AccountSamsungLocalSDoc: [SA] onServiceConnected()
04-16 04:33:04.928  5271  5271 I SensorsHub: AutoBrightnessSensor::injectSensorData: camLux 100
04-16 04:33:04.928 20530 20616 D [MdeResource]AutoSyncForAllItemsOffChecker: status id : samsungnote_sync_status, value : 0
04-16 04:33:04.928 20530 20616 I [scsettingv2suggestion][2.0.11.0]: getStatus
04-16 04:33:04.930 12129 13302 I SamsungAccount: [AIDLInterfaceBinder] [InAIDL] registerCallback start
04-16 04:33:04.930 20628 20645 I [SC]SCloudStatusProvider: tagId: sync, method: get_status_by_id, arg: null
04-16 04:33:04.930 20628 20645 I [SC]SyncSettingManager: getCategoryAutoSync: com.samsung.android.aremoji.cloud
04-16 04:33:04.931 12129 13302 I SamsungAccount: [AIDLInterfaceBinder] [InAIDL] REG_CALLING_PACKAGE : app.notes.
04-16 04:33:04.931 12129 13302 I SamsungAccount: [AIDLInterfaceBinder] [InAIDL] registerCallback start. Package = app.notes.
04-16 04:33:04.931 12129 13302 I SamsungAccount: [CBM] [InAIDL-CallbackManager] registerCallback
04-16 04:33:04.931 12129 13302 I SamsungAccount: [CBM] [InAIDL-CallbackManager] checkRegisterCallbackCondition
04-16 04:33:04.931 12129 13302 I SamsungAccount: [CBM] [InAIDL-CallbackManager]getRegistrationCodeIfAlreadyRegistered
04-16 04:33:04.931 12129 13302 I SamsungAccount: [CBM] [InAIDL-CallbackManager]Success registerCallback
04-16 04:33:04.931 12129 13302 I SamsungAccount: [AIDLInterfaceBinder] [InAIDL] registerCallback end. registrationCode :Y29tLnNhbXN1bmcuYW5kcm9pZC5hcHAubm90ZXM1 Package = app.notes.
04-16 04:33:04.933 20786 20786 I SENL$SC/@SA/AccountSamsungLocalSDoc: [SA] requestAccessToken()
04-16 04:33:04.934 20786 20786 I SENL$SC/@SA/AccountSamsungLocalSDoc: [SA] requestAccessToken : expired access token = empty
04-16 04:33:04.935 12129 13302 I SamsungAccount: [AIDLInterfaceBinder] [InAIDL] requestAccesstoken
04-16 04:33:04.935  4378  4378 I hwservicemanager: getTransport: Cannot find entry android.hardware.atrace@1.0::IAtraceDevice/default in either framework or device VINTF manifest.
04-16 04:33:04.935 12129 13302 I SamsungAccount: [AIDLInterfaceBinder] [InAIDL] BundleInfo = [ additional:user_id,auth_server_url,login_id,mcc,cc, scope:galaxystore.openapi]
04-16 04:33:04.935 12129 13302 I SamsungAccount: [AIDLInterfaceBinder] [InAIDL] checkRequestCondition
04-16 04:33:04.935 12129 13302 I SamsungAccount: [CBM] [InAIDL-CallbackManager]getCallbackInfo
04-16 04:33:04.936 12129 13302 I SamsungAccount: [CBM] [InAIDL-CallbackManager]getCallbackInfo
04-16 04:33:04.936 12129 13302 I SamsungAccount: [AIDLInterfaceBinder] [InAIDL]Start AccessTokenRunnable Thread. package = app.notes.
04-16 04:33:04.937 12129 13302 I SamsungAccount: [PermissionsUtils] checkPrivilegedPhonePermissionOfCallingPackage
04-16 04:33:04.942 20628 20645 I [SC][SyncRunner-com.samsung.android.aremoji.cloud]: getAutoSync: false
04-16 04:33:04.942  5403  5403 I perfetto:  probes_producer.cc:396 Producer stop (id=206)
04-16 04:33:04.943  5403  5403 I perfetto:  probes_producer.cc:396 Producer stop (id=207)
04-16 04:33:04.951 20530 20616 D [MdeResource]AutoSyncForAllItemsOffChecker: status id : aremoji_sync_status, value : 0
04-16 04:33:04.952 20530 20616 I [scsettingv2suggestion][2.0.11.0]: getStatus
04-16 04:33:04.952 12129 13302 I SamsungAccount: [PermissionsUtils] hasPrivilegedPhonePermission : false
04-16 04:33:04.953 12129 13302 I SamsungAccount: [CBM] [InAIDL-CallbackManager]getCallbackInfo
04-16 04:33:04.953 20628 20645 I [SC]SCloudStatusProvider: tagId: sync, method: get_status_by_id, arg: null
04-16 04:33:04.953 20628 20645 I [SC]SyncSettingManager: getCategoryAutoSync: com.samsung.bt.btservice.btsettingsprovider
04-16 04:33:04.953 12129 13302 I SamsungAccount: [CBM] setCurrentRequestType :1
04-16 04:33:04.954 12129 21054 I SamsungAccount: [AbstractProcessRunnable] [InAIDL-AbstractProcessRunnable]isAvailableRunningProcess start Package = app.notes.
04-16 04:33:04.955 12129 21054 I SamsungAccount: [NetworkStateUtil] == networkStateCheck == true
04-16 04:33:04.956 12129 21054 I SamsungAccount: [AccountManagerUtil] isSamsungAccountSignedIn : true
04-16 04:33:04.956 12129 21054 I SamsungAccount: [DbManagerV2] getDataState : VALID
04-16 04:33:04.956 12129 21054 I SamsungAccount: [SignatureCheckUtil] runCheckSignatureAsync
04-16 04:33:04.956 12129 21054 I SamsungAccount: [SignaturePreconditionChecker] getSignatureResult - fromSesSdk : false
04-16 04:33:04.956 12129 21054 I SamsungAccount: [SignatureInfoDbHelper] getSignatureResult - [10/n9s98][app.notes.]
04-16 04:33:04.956 12129 21054 I SamsungAccount: [SignatureInfoDbHelper] searchOnUser
04-16 04:33:04.961 20628 20645 I [SC][SyncRunner-com.samsung.bt.btservice.btsettingsprovider]: getAutoSync: true
04-16 04:33:04.962 20530 20616 D [MdeResource]AutoSyncForAllItemsOffChecker: status id : bt_sync_status, value : 1
04-16 04:33:04.962 20530 20616 I [scsettingv2suggestion][2.0.11.0]: getStatus
04-16 04:33:04.963 20628 20645 I [SC]SCloudStatusProvider: tagId: sync, method: get_status_by_id, arg: null
04-16 04:33:04.963 20628 20645 I [SC]SyncSettingManager: getCategoryAutoSync: com.android.settings.wifiprofilesync
04-16 04:33:04.971 20628 20645 I [SC][SyncRunner-com.android.settings.wifiprofilesync]: getAutoSync: false
04-16 04:33:04.971 12129 21054 I SamsungAccount: [SignatureInfoDbHelper] searchOnUser - [10/n9s98][app.notes.][64/3291d] => matched
04-16 04:33:04.972 20530 20616 D [MdeResource]AutoSyncForAllItemsOffChecker: status id : wifi_sync_status, value : 0
04-16 04:33:04.972 20530 20616 I [scsettingv2suggestion][2.0.11.0]: getStatus
04-16 04:33:04.973 12129 21054 I SamsungAccount: [SignatureInfoDbHelper] search - matched
04-16 04:33:04.973 12129 21054 I SamsungAccount: [SignatureCheckUtil] runCheckSignatureAsync(fromDb) - matched
04-16 04:33:04.973 12129 21054 I SamsungAccount: [AbstractProcessRunnable] [InAIDL-AbstractProcessRunnable]isAvailableRunningProcess end. Package = app.notes.
04-16 04:33:04.973 12129 21054 I SamsungAccount: [AccessTokenRunnable] [InAIDL-AccessTokenRunnable]runProcess start. Package = app.notes.
04-16 04:33:04.974 12129 21054 I SamsungAccount: [StateCheckUtil] isGoogleLinked = true
04-16 04:33:04.974 12129 21054 I SamsungAccount: [AccessTokenRunnable] check_basic_profile = false needToCheckServer = false
04-16 04:33:04.976 20628 20645 I [SC]SCloudStatusProvider: tagId: sync, method: get_status_by_id, arg: null
04-16 04:33:04.976 20628 20645 I [SC]SyncSettingManager: getCategoryAutoSync: com.samsung.android.app.reminder
04-16 04:33:04.976 12129 21054 I SamsungAccount: [DeviceManager] salesCode : SER
04-16 04:33:04.976 12129 21054 I SamsungAccount: [DeviceManager] isNewLduProdCode : false
04-16 04:33:04.976 12129 21054 I SamsungAccount: [CountryCodeUtil] isChinaCountryCode : false
04-16 04:33:04.976 12129 21054 I SamsungAccount: [ChinaPermissionUtil] isChnSecurityPopupNeeded - false
04-16 04:33:04.980 12129 21054 I SamsungAccount: [StateCheckUtil] isChildAccount : false
04-16 04:33:04.981 20907 20907 I perfetto:    perfetto_cmd.cc:1124 Trace written into the output file
04-16 04:33:04.981 12129 21054 I SamsungAccount: [AccessTokenRunnable] [InAIDL-AccessTokenRunnable]isAccessTokenReusable. Package = app.notes.
04-16 04:33:04.982 12129 21054 I SamsungAccount: [StateCheckUtil] isOverIntervalTime, renewTimeStamp = false
04-16 04:33:04.982 12129 21054 I SamsungAccount: [AccessTokenRunnable] [InAIDL-AccessTokenRunnable]checkAndSetAccessToken. Package = app.notes.
04-16 04:33:04.982 12129 21054 I SamsungAccount: [AccessToken] getAccessTokenInfo
04-16 04:33:04.984 12129 21054 I SamsungAccount: [RBIVO] getStringFormAdditionalBundleKey : expired_access_token
04-16 04:33:04.984 12129 21054 I SamsungAccount: [AccessTokenRunnable] expiredAccessToken is Empty. curTimeSec=1681612384, TimeGap=49431
04-16 04:33:04.984 12129 21054 I SamsungAccount: [AccessTokenRunnable] IsTokenReusable : true
04-16 04:33:04.984 12129 21054 I SamsungAccount: [AccessTokenRunnable] Accesstoken is reusable and isNeedToCheckServer is false
04-16 04:33:04.984 12129 21054 I SamsungAccount: [DbManagerV2] getMccFromDB
04-16 04:33:04.984 12129 21054 I SamsungAccount: [DbManagerV2] getDataV02ForItems : MCC from Cache
04-16 04:33:04.984 12129 21054 I SamsungAccount: [DataUtil] Not Skip Name Validation by accountMCC
04-16 04:33:04.984 12129 21054 I SamsungAccount: [LocalBusinessException] Not Skip Name Validation by AppId
04-16 04:33:04.984 12129 21054 I SamsungAccount: [OpenDBManager] getCheckListFromOpenDB
04-16 04:33:04.985 12129 21054 I SamsungAccount: [OpenDBManager] getTncResult
04-16 04:33:04.985 12129 21054 I SamsungAccount: [OpenDBManager] getTncCursor
04-16 04:33:04.985 12129 21054 I SamsungAccount: [OpenContentProvider]  URI : content://com.msc.openprovider.openContentProvider/tncRequest
04-16 04:33:04.985 12129 21054 I SamsungAccount: [AccountManagerUtil] isSamsungAccountSignedIn : true
04-16 04:33:04.986  5406  5406 I perfetto: ng_service_impl.cc:2426 Tracing session 52 ended, total sessions:0
04-16 04:33:04.987 20927 20960 I Reminder$CloudConnectionProvider: getAutoSync true
04-16 04:33:04.987 20927 20960 I [scsettingv2std][2.0.14.0]: getAutoSync: true
04-16 04:33:04.988 12129 21054 I SamsungAccount: [SignatureCheckUtil] runCheckSignatureWithEmptyId
04-16 04:33:04.988 20628 20645 I [SC][DEPENDENCY][STD][com.samsung.android.app.reminder][STANDALONE]: getAutoSync: true
04-16 04:33:04.989 20628 20645 I [SC][SyncRunner-com.samsung.android.app.reminder]: getAutoSync: true
04-16 04:33:04.989 12129 21054 I SamsungAccount: [SignatureCheckUtil] runCheckSignatureAsync
04-16 04:33:04.990 20530 20616 D [MdeResource]AutoSyncForAllItemsOffChecker: status id : reminder_sync_status, value : 1
04-16 04:33:04.990 20530 20616 I [scsettingv2suggestion][2.0.11.0]: getStatus
04-16 04:33:04.989 12129 21054 I SamsungAccount: [SignaturePreconditionChecker] getSignatureResult - fromSesSdk : true
04-16 04:33:04.991 12129 21054 I SamsungAccount: [SignatureInfoDbHelper] getSignatureResult - [][app.signin.]
04-16 04:33:04.991 12129 21054 I SamsungAccount: [SignatureInfoDbHelper] searchOnUser
04-16 04:33:04.992 20628 20645 I [SC]SCloudStatusProvider: tagId: sync, method: get_status_by_id, arg: null
04-16 04:33:04.992 20628 20645 I [SC]SyncSettingManager: getCategoryAutoSync: com.android.calendar
04-16 04:33:04.999 12129 21054 I SamsungAccount: [SignatureInfoDbHelper] searchOnUser - [][app.signin.][64/3291d] => matched
04-16 04:33:04.999 12129 21054 I SamsungAccount: [SignatureInfoDbHelper] search - matched
04-16 04:33:05.000 12129 21054 I SamsungAccount: [SignatureCheckUtil] runCheckSignatureAsync(fromDb) - matched
04-16 04:33:05.000 20628 20645 I [SC][SyncRunner-com.android.calendar]: getAutoSync: true
04-16 04:33:05.002 20530 20616 D [MdeResource]AutoSyncForAllItemsOffChecker: status id : calendar_sync_status, value : 1
04-16 04:33:05.002 20530 20616 I ActionDispatcher: executeAction : tag = get/auto_backup_for_all_items_off
04-16 04:33:05.002 20530 20616 D [MdeResource]AutoBackupForAllItemsOffChecker: Status tag : backup
04-16 04:33:05.002 20530 20616 I [scsettingv2suggestion][2.0.11.0]: getStatusIds
04-16 04:33:05.004 20628 20645 I [SC]SCloudStatusProvider: tagId: backup, method: get_status_ids, arg: null
04-16 04:33:05.004 12129 21054 I SamsungAccount: [DbManagerV2] getMccFromDB
04-16 04:33:05.004 12129 21054 I SamsungAccount: [DbManagerV2] getDataV02ForItems : MCC from Cache
04-16 04:33:05.005 12129 21054 I SamsungAccount: [DataUtil] Not Skip Name Validation by accountMCC
04-16 04:33:05.007 12129 21054 I SamsungAccount: [OpenDBManager] isRequireField
04-16 04:33:05.007 12129 21054 I SamsungAccount: [OpenDBManager] getFieldCursor
04-16 04:33:05.007 12129 21054 I SamsungAccount: [OpenContentProvider]  URI : content://com.msc.openprovider.openContentProvider/mandatoryField
04-16 04:33:05.008 12129 21054 I SamsungAccount: [AccountManagerUtil] isSamsungAccountSignedIn : true
04-16 04:33:05.014 20628 20645 I [SC]BackupSourceManager: getEnabledList: size: 35, list: [FrontHomeDualClock, APP, FrontHome, CONTACT, WEATHERWIDGET, CALLSETTING, EVENT, clock_widget_setting, BluetoothDeviceList, CALENDARSETTING, Shortcut, DOCUMENT, Settings, RCSCHAT, MUSIC, FrontHomeAlarmWidget, TASK, TIMER, bedtime_alarm, clock_settings, CONNECTIONS, HomescreenBackup, CALLLOGS, WorldClock, RINGTONESETTING, SPAM, WifiPreference, CONTACTSETTING, VOICE, RCSFT, Alarm, SMS, MessagesSettings, MMS2, call_background]
04-16 04:33:05.016 20530 20616 D [MdeResource]AutoBackupForAllItemsOffChecker: Status IDs : [homescreen_backup_status, apps_backup_status, contacts_backup_status, calendar_backup_status, settings_backup_status, messages_backup_status, clock_backup_status, calllog_backup_status, voicerecordings_backup_status]
04-16 04:33:05.016 20530 20616 I [scsettingv2suggestion][2.0.11.0]: getStatus
04-16 04:33:05.017 20628 20645 I [SC]SCloudStatusProvider: tagId: backup, method: get_status_by_id, arg: null
04-16 04:33:05.018 20628 20645 I [SC]AutoBackup: get backup status homescreen_backup_status : 1
04-16 04:33:05.019 20530 20616 D [MdeResource]AutoBackupForAllItemsOffChecker: status id : homescreen_backup_status, value : 1
04-16 04:33:05.019 20530 20616 I [scsettingv2suggestion][2.0.11.0]: getStatus
04-16 04:33:05.021 20628 20643 I [SC]SCloudStatusProvider: tagId: backup, method: get_status_by_id, arg: null
04-16 04:33:05.021 20628 20643 I [SC]AutoBackup: get backup status apps_backup_status : 1
04-16 04:33:05.022 20530 20616 D [MdeResource]AutoBackupForAllItemsOffChecker: status id : apps_backup_status, value : 1
04-16 04:33:05.023 20530 20616 I [scsettingv2suggestion][2.0.11.0]: getStatus
04-16 04:33:05.024 20628 20643 I [SC]SCloudStatusProvider: tagId: backup, method: get_status_by_id, arg: null
04-16 04:33:05.024 20628 20643 I [SC]AutoBackup: get backup status contacts_backup_status : 1
04-16 04:33:05.025  4613  4613 W keymaster_tee: [WRN]begin req PARAMS: A32 B2 P64
04-16 04:33:05.026 20530 20616 D [MdeResource]AutoBackupForAllItemsOffChecker: status id : contacts_backup_status, value : 1
04-16 04:33:05.026 20530 20616 I [scsettingv2suggestion][2.0.11.0]: getStatus
04-16 04:33:05.028 20628 20643 I [SC]SCloudStatusProvider: tagId: backup, method: get_status_by_id, arg: null
04-16 04:33:05.028 20628 20643 I [SC]AutoBackup: get backup status calendar_backup_status : 1
04-16 04:33:05.029 20530 20616 D [MdeResource]AutoBackupForAllItemsOffChecker: status id : calendar_backup_status, value : 1
04-16 04:33:05.029 20530 20616 I [scsettingv2suggestion][2.0.11.0]: getStatus
04-16 04:33:05.031 20628 20643 I [SC]SCloudStatusProvider: tagId: backup, method: get_status_by_id, arg: null
04-16 04:33:05.031 20628 20643 I [SC]AutoBackup: get backup status settings_backup_status : 1
04-16 04:33:05.032 20530 20616 D [MdeResource]AutoBackupForAllItemsOffChecker: status id : settings_backup_status, value : 1
04-16 04:33:05.033 20530 20616 I [scsettingv2suggestion][2.0.11.0]: getStatus
04-16 04:33:05.035 20628 20643 I [SC]SCloudStatusProvider: tagId: backup, method: get_status_by_id, arg: null
04-16 04:33:05.035 20628 20643 I [SC]AutoBackup: get backup status messages_backup_status : 1
04-16 04:33:05.037 20530 20616 D [MdeResource]AutoBackupForAllItemsOffChecker: status id : messages_backup_status, value : 1
04-16 04:33:05.037 20530 20616 I [scsettingv2suggestion][2.0.11.0]: getStatus
04-16 04:33:05.038 20628 20643 I [SC]SCloudStatusProvider: tagId: backup, method: get_status_by_id, arg: null
04-16 04:33:05.038 20628 20643 I [SC]AutoBackup: get backup status clock_backup_status : 1
04-16 04:33:05.040 20530 20616 D [MdeResource]AutoBackupForAllItemsOffChecker: status id : clock_backup_status, value : 1
04-16 04:33:05.041 20530 20616 I [scsettingv2suggestion][2.0.11.0]: getStatus
04-16 04:33:05.042 20628 20643 I [SC]SCloudStatusProvider: tagId: backup, method: get_status_by_id, arg: null
04-16 04:33:05.042 20628 20643 I [SC]AutoBackup: get backup status calllog_backup_status : 1
04-16 04:33:05.043 20530 20616 D [MdeResource]AutoBackupForAllItemsOffChecker: status id : calllog_backup_status, value : 1
04-16 04:33:05.043 20530 20616 I [scsettingv2suggestion][2.0.11.0]: getStatus
04-16 04:33:05.044 12129 21054 I SamsungAccount: [StateCheckUtil] Validation Process is completed true
04-16 04:33:05.044 12129 21054 I SamsungAccount: [AccessTokenRunnable] [InAIDL-AccessTokenRunnable]AccessToken reuse. runProcess end. Package = app.notes.
04-16 04:33:05.044 12129 21054 I SamsungAccount: [CBM] [InAIDL-CallbackManager]getCallbackInfo
04-16 04:33:05.045 12129 21054 I SamsungAccount: [CBM] setCurrentRequestType :0
04-16 04:33:05.045 20628 20643 I [SC]SCloudStatusProvider: tagId: backup, method: get_status_by_id, arg: null
04-16 04:33:05.045 12129 21054 I SamsungAccount: [AccountManagerUtil] isSamsungAccountSignedIn : true
04-16 04:33:05.045 20628 20643 I [SC]AutoBackup: get backup status voicerecordings_backup_status : 0
04-16 04:33:05.045 12129 21054 I SamsungAccount: [AccessTokenRunnable] [InAIDL-AccessTokenRunnable]onProcessFinished. Package = app.notes.
04-16 04:33:05.046 20530 20616 D [MdeResource]AutoBackupForAllItemsOffChecker: status id : voicerecordings_backup_status, value : 0
04-16 04:33:05.047 20530 20616 I ActionDispatcher: executeAction : tag = flow_control/branch_if
04-16 04:33:05.047 20530 20616 I ActionDispatcher: param.TYPE : STRING
04-16 04:33:05.047 20530 20616 I ActionDispatcher: param.VALUE : 1&&2&&3
04-16 04:33:05.047 20530 20616 I ActionDispatcher: param token : 1
04-16 04:33:05.047 20530 20616 I ActionDispatcher: param token : 2
04-16 04:33:05.047 20530 20616 I ActionDispatcher: param token : 3
04-16 04:33:05.047 20530 20616 I ActionDispatcher: expression.TYPE : LIST{STRING}
04-16 04:33:05.048 20530 20616 D ActionDispatcher: variable : get/is_samsung_account_signed_in, operator : ==, value : true, getter value : true, value type class : class java.lang.Boolean
04-16 04:33:05.048 20530 20616 D ActionDispatcher: variable : get/auto_sync_for_all_items_off, operator : ==, value : true, getter value : false, value type class : class java.lang.Boolean
04-16 04:33:05.048 20530 20616 I ActionDispatcher: executeAction : tag = flow_control/branch_endif
04-16 04:33:05.048 20530 20616 D Engine  : runActionFlow : Auto Backup on
04-16 04:33:05.048 20530 20616 I ActionDispatcher: executeAction : tag = get/is_samsung_account_signed_in
04-16 04:33:05.049 12129 21054 I SamsungAccount: [DeviceManager] salesCode : SER
04-16 04:33:05.049 12129 21054 I SamsungAccount: [DeviceManager] isNewLduProdCode : false
04-16 04:33:05.049 12129 21054 I SamsungAccount: [CountryCodeUtil] isChinaCountryCode : false
04-16 04:33:05.049 12129 21054 I SamsungAccount: [ChinaPermissionUtil] isChnSecurityPopupNeeded - false
04-16 04:33:05.053 12129 21054 I SamsungAccount: [AccessTokenRunnable] [InAIDL-AccessTokenRunnable]checkAccessTokenAndRefreshToken. Package = app.notes.
04-16 04:33:05.053 12129 21054 I SamsungAccount: [AccessTokenRunnable] [InAIDL-AccessTokenRunnable]handleProcessSuccessResult start. Package = app.notes.
04-16 04:33:05.053 12129 21054 I SamsungAccount: [RBIVO] getStringArrFromAdditionalBundleKey : additional
04-16 04:33:05.053 12129 21054 I SamsungAccount: [AccessTokenRunnable] [InAIDL-AccessTokenRunnable]setAdditionalInfo start. Package = app.notes.
04-16 04:33:05.053 12129 21054 I SamsungAccount: [AccessTokenRunnable] [InAIDL-AccessTokenRunnable]set user_id
04-16 04:33:05.053 12129 21054 I SamsungAccount: [DbManagerV2] getUserID
04-16 04:33:05.053 12129 21054 I SamsungAccount: [DbManagerV2] getDataV02ForItems : USER_ID from Cache
04-16 04:33:05.054 12129 21054 I SamsungAccount: [AccessTokenRunnable] [InAIDL-AccessTokenRunnable]set auth_server_url
04-16 04:33:05.054 12129 21054 I SamsungAccount: [UrlManagerAuth] auth_server_url for region
04-16 04:33:05.054 12129 21054 I SamsungAccount: [UrlManagerAuth] return region server url
04-16 04:33:05.055 12129 21054 I SamsungAccount: [AccessTokenRunnable] [InAIDL-AccessTokenRunnable]set login_id
04-16 04:33:05.055 12129 21054 I SamsungAccount: [DbManagerV2] getMccFromDB
04-16 04:33:05.055 12129 21054 I SamsungAccount: [DbManagerV2] getDataV02ForItems : MCC from Cache
04-16 04:33:05.055 12129 21054 I SamsungAccount: [AccessTokenRunnable] [InAIDL-AccessTokenRunnable]set mcc
04-16 04:33:05.055 12129 21054 I SamsungAccount: [AccessTokenRunnable] [InAIDL-AccessTokenRunnable]set cc
04-16 04:33:05.055 12129 21054 I SamsungAccount: [DbManagerV2] getCountryCodeFromDB
04-16 04:33:05.055 12129 21054 I SamsungAccount: [DbManagerV2] getDataV02ForItems : COUNTRY_CODE from Cache
04-16 04:33:05.055 12129 21054 I SamsungAccount: [AccessTokenRunnable] [InAIDL-AccessTokenRunnable]setAdditionalInfo finish. Package = app.notes.
04-16 04:33:05.056 20530 20616 I ActionDispatcher: executeAction : tag = get/auto_sync_for_all_items_off
04-16 04:33:05.056 20530 20616 D [MdeResource]AutoSyncForAllItemsOffChecker: Status tag : sync
04-16 04:33:05.056 20530 20616 I [scsettingv2suggestion][2.0.11.0]: getStatusIds
04-16 04:33:05.058 20786 20814 I SENL$SC/@SA/AccountSamsungLocalSDoc: [SA] handleAccessTokenResponse : AccessToken received!
04-16 04:33:05.060 20628 20643 I [SC]SCloudStatusProvider: tagId: sync, method: get_status_ids, arg: null
04-16 04:33:05.061 20628 20643 I [SC]SyncSettingManager: getIsSyncable: com.android.contacts
04-16 04:33:05.071 20628 20643 I [SC][SyncRunner-com.android.contacts]: getIsSyncable: 1
04-16 04:33:05.071 20628 20643 I [SC]SyncSettingManager: getIsSyncable: com.samsung.android.app.notes.sync
04-16 04:33:05.075 20786 20814 I SENL$SC/SA/AccountSamsungLocalSDoc: [SA] handleAccessTokenResponse : set mUserId
04-16 04:33:05.075 20786 20814 I SENL$SC/SA/AccountSamsungLocalSDoc: [SA] handleAccessTokenResponse : call listeners
04-16 04:33:05.075 20786 20814 I SENL$SC/@SA/SamsungAccountManager: [SA] onReceived() start : requestAuthInfo, listenerCount = 0, cc = RUS
04-16 04:33:05.075 20786 20814 I SENL$SC/@SA/SamsungAccountManager: [SA] requestAuthInfo : token but no listener!
04-16 04:33:05.075 20786 20814 I SENL$SC/SA/AccountSamsungLocalSDoc: [SA] disConnectSamsungAccountService()
04-16 04:33:05.076 12129 21054 I SamsungAccount: [AIDLInterfaceBinder] [InAIDL] unregisterCallback start
04-16 04:33:05.076 12129 21054 I SamsungAccount: [CBM] [InAIDL-CallbackManager]getCallbackInfo
04-16 04:33:05.076 12129 21054 I SamsungAccount: [RequestHistoryManager] ==AIDL ACCTOKEN HISTORY== app.notes. => 04/16-04:33:04
04-16 04:33:05.076 12129 21054 I SamsungAccount: [CBM] [InAIDL-CallbackManager]unRegisterCallback
04-16 04:33:05.076 12129 21054 I SamsungAccount: [CBM] [InAIDL-CallbackManager]checkUnregisterCallbackCondition
04-16 04:33:05.077 12129 21054 I SamsungAccount: [CBM] [InAIDL-CallbackManager]getCallbackInfo
04-16 04:33:05.077 12129 21054 I SamsungAccount: [CBM] [InAIDL-CallbackManager] Unregister SuccessPackage = app.notes.
04-16 04:33:05.077 12129 21054 I SamsungAccount: [AIDLInterfaceBinder] [InAIDL] unregisterCallback end
04-16 04:33:05.081 20786 20814 I SENL$SC/@SA/AccountSamsungLocalSDoc: [SA] disConnectSamsungAccountService() : request to unbind
04-16 04:33:05.086 20786 20811 I SENL$SC/@NotesSyncRpcProvider: getIsSyncable() : 1
04-16 04:33:05.086 20786 20811 I [scsettingv2std][2.0.13.0]: getIsSyncable: 1
04-16 04:33:05.088 20628 20643 I [SC][DEPENDENCY][STD][com.samsung.android.app.notes.sync][STANDALONE]: getIsSyncable: 1
04-16 04:33:05.088 20628 20643 I [SC][SyncRunner-com.samsung.android.app.notes.sync]: getIsSyncable: 1
04-16 04:33:05.089 20628 20643 I [SC]SyncSettingManager: getIsSyncable: com.samsung.android.aremoji.cloud
04-16 04:33:05.095 12129 12129 I SamsungAccount: [AIDLRequestService] OnDestroy Service
04-16 04:33:05.098 20786 20814 I SENL$SC/SA/AccountSamsungLocalSDoc: [SA] disConnectSamsungAccountService() finish
04-16 04:33:05.099 20786 20814 I SENL$SC/SA/SamsungAccountManager: [SA] onReceived() finish
04-16 04:33:05.099 12129 21054 I SamsungAccount: [AccessTokenRunnable] [InAIDL-AccessTokenRunnable]handleProcessSuccessResult finish. Package = app.notes.
04-16 04:33:05.099 12129 21054 I SamsungAccount: [StateCheckUtil] isChildAccount : false
04-16 04:33:05.109 20628 20643 I [SC][SyncRunner-com.samsung.android.aremoji.cloud]: getIsSyncable: 1
04-16 04:33:05.111 20628 20643 I [SC]SyncSettingManager: getIsSyncable: com.samsung.android.samsungpass.scloud
04-16 04:33:05.120 20628 20643 I [SC][SyncRunner-com.samsung.android.samsungpass.scloud]: getIsSyncable: 0
04-16 04:33:05.122 20628 20643 I [SC]SyncSettingManager: getIsSyncable: com.samsung.bt.btservice.btsettingsprovider
04-16 04:33:05.125  5628 16160 D MotionRecognitionService: values = 100.0
04-16 04:33:05.125  5628 16160 D MotionRecognitionService: onReceive lux: 100.0  action:
04-16 04:33:05.125  5628 16160 D MotionRecognitionService: Inject brightness form Cam 100.0
04-16 04:33:05.126  5628 16160 D MotionRecognitionService: Inject calibrated lux
04-16 04:33:05.127  5271  5271 I SensorsHub: AutoBrightnessSensor::injectSensorData: camLux 100
04-16 04:33:05.130 20628 20643 I [SC][SyncRunner-com.samsung.bt.btservice.btsettingsprovider]: getIsSyncable: 1
04-16 04:33:05.131 20628 20643 I [SC]SyncSettingManager: getIsSyncable: com.android.settings.wifiprofilesync
04-16 04:33:05.139 20628 20643 I [SC][SyncRunner-com.android.settings.wifiprofilesync]: getIsSyncable: 1
04-16 04:33:05.140 20628 20643 I [SC]SyncSettingManager: getIsSyncable: com.samsung.android.app.reminder
04-16 04:33:05.152 20927 20960 I [scsettingv2std][2.0.14.0]: getIsSyncable: 1
04-16 04:33:05.153 20628 20643 I [SC][DEPENDENCY][STD][com.samsung.android.app.reminder][STANDALONE]: getIsSyncable: 1
04-16 04:33:05.154 20628 20643 I [SC][SyncRunner-com.samsung.android.app.reminder]: getIsSyncable: 1
04-16 04:33:05.155 20628 20643 I [SC]SyncSettingManager: getIsSyncable: com.android.calendar
04-16 04:33:05.163 20628 20643 I [SC][SyncRunner-com.android.calendar]: getIsSyncable: 1
04-16 04:33:05.163 20628 20643 I [SC][SyncRunner-media]: getIsSyncable: 0
04-16 04:33:05.164 20530 20616 D [MdeResource]AutoSyncForAllItemsOffChecker: Status IDs : [contacts_sync_status, samsungnote_sync_status, aremoji_sync_status, bt_sync_status, wifi_sync_status, reminder_sync_status, calendar_sync_status]
04-16 04:33:05.165 20530 20616 I [scsettingv2suggestion][2.0.11.0]: getStatus
04-16 04:33:05.166 20628 20643 I [SC]SCloudStatusProvider: tagId: sync, method: get_status_by_id, arg: null
04-16 04:33:05.166 20628 20643 I [SC]SyncSettingManager: getCategoryAutoSync: com.android.contacts
04-16 04:33:05.176 20628 20643 I [SC][SyncRunner-com.android.contacts]: getAutoSync: true
04-16 04:33:05.177 20530 20616 D [MdeResource]AutoSyncForAllItemsOffChecker: status id : contacts_sync_status, value : 1
04-16 04:33:05.177 20530 20616 I [scsettingv2suggestion][2.0.11.0]: getStatus
04-16 04:33:05.179 20628 20643 I [SC]SCloudStatusProvider: tagId: sync, method: get_status_by_id, arg: null
04-16 04:33:05.179 20628 20643 I [SC]SyncSettingManager: getCategoryAutoSync: com.samsung.android.app.notes.sync
04-16 04:33:05.190 20786 20814 I SENL$SC/@NotesSyncRpcProvider: getAutoSync() : false
04-16 04:33:05.191 20786 20814 I [scsettingv2std][2.0.13.0]: getAutoSync: false
04-16 04:33:05.192 20628 20643 I [SC][DEPENDENCY][STD][com.samsung.android.app.notes.sync][STANDALONE]: getAutoSync: false
04-16 04:33:05.192 20628 20643 I [SC][SyncRunner-com.samsung.android.app.notes.sync]: getAutoSync: false
04-16 04:33:05.193 20530 20616 D [MdeResource]AutoSyncForAllItemsOffChecker: status id : samsungnote_sync_status, value : 0
04-16 04:33:05.193 20530 20616 I [scsettingv2suggestion][2.0.11.0]: getStatus
04-16 04:33:05.195 20628 20643 I [SC]SCloudStatusProvider: tagId: sync, method: get_status_by_id, arg: null
04-16 04:33:05.195 20628 20643 I [SC]SyncSettingManager: getCategoryAutoSync: com.samsung.android.aremoji.cloud
04-16 04:33:05.204 20628 20643 I [SC][SyncRunner-com.samsung.android.aremoji.cloud]: getAutoSync: false
04-16 04:33:05.206 20530 20616 D [MdeResource]AutoSyncForAllItemsOffChecker: status id : aremoji_sync_status, value : 0
04-16 04:33:05.206 20530 20616 I [scsettingv2suggestion][2.0.11.0]: getStatus
04-16 04:33:05.208 20628 20643 I [SC]SCloudStatusProvider: tagId: sync, method: get_status_by_id, arg: null
04-16 04:33:05.208 20628 20643 I [SC]SyncSettingManager: getCategoryAutoSync: com.samsung.bt.btservice.btsettingsprovider
04-16 04:33:05.219 20628 20643 I [SC][SyncRunner-com.samsung.bt.btservice.btsettingsprovider]: getAutoSync: true
04-16 04:33:05.220 20530 20616 D [MdeResource]AutoSyncForAllItemsOffChecker: status id : bt_sync_status, value : 1
04-16 04:33:05.220 20530 20616 I [scsettingv2suggestion][2.0.11.0]: getStatus
04-16 04:33:05.222 20628 20643 I [SC]SCloudStatusProvider: tagId: sync, method: get_status_by_id, arg: null
04-16 04:33:05.222 20628 20643 I [SC]SyncSettingManager: getCategoryAutoSync: com.android.settings.wifiprofilesync
04-16 04:33:05.233 20628 20643 I [SC][SyncRunner-com.android.settings.wifiprofilesync]: getAutoSync: false
04-16 04:33:05.234 20530 20616 D [MdeResource]AutoSyncForAllItemsOffChecker: status id : wifi_sync_status, value : 0
04-16 04:33:05.235 20530 20616 I [scsettingv2suggestion][2.0.11.0]: getStatus
04-16 04:33:05.236 20628 20643 I [SC]SCloudStatusProvider: tagId: sync, method: get_status_by_id, arg: null
04-16 04:33:05.236 20628 20643 I [SC]SyncSettingManager: getCategoryAutoSync: com.samsung.android.app.reminder
04-16 04:33:05.248 20927 20960 I Reminder$CloudConnectionProvider: getAutoSync true
04-16 04:33:05.248 20927 20960 I [scsettingv2std][2.0.14.0]: getAutoSync: true
04-16 04:33:05.249 20628 20643 I [SC][DEPENDENCY][STD][com.samsung.android.app.reminder][STANDALONE]: getAutoSync: true
04-16 04:33:05.249 20628 20643 I [SC][SyncRunner-com.samsung.android.app.reminder]: getAutoSync: true
04-16 04:33:05.251 20530 20616 D [MdeResource]AutoSyncForAllItemsOffChecker: status id : reminder_sync_status, value : 1
04-16 04:33:05.251 20530 20616 I [scsettingv2suggestion][2.0.11.0]: getStatus
04-16 04:33:05.253 20628 20643 I [SC]SCloudStatusProvider: tagId: sync, method: get_status_by_id, arg: null
04-16 04:33:05.253 20628 20643 I [SC]SyncSettingManager: getCategoryAutoSync: com.android.calendar
04-16 04:33:05.265 20628 20643 I [SC][SyncRunner-com.android.calendar]: getAutoSync: true
04-16 04:33:05.266 20530 20616 D [MdeResource]AutoSyncForAllItemsOffChecker: status id : calendar_sync_status, value : 1
04-16 04:33:05.267 20530 20616 I ActionDispatcher: executeAction : tag = get/auto_backup_for_all_items_off
04-16 04:33:05.267 20530 20616 D [MdeResource]AutoBackupForAllItemsOffChecker: Status tag : backup
04-16 04:33:05.267 20530 20616 I [scsettingv2suggestion][2.0.11.0]: getStatusIds
04-16 04:33:05.269 20628 20643 I [SC]SCloudStatusProvider: tagId: backup, method: get_status_ids, arg: null
04-16 04:33:05.279 20628 20643 I [SC]BackupSourceManager: getEnabledList: size: 35, list: [FrontHomeDualClock, APP, FrontHome, CONTACT, WEATHERWIDGET, CALLSETTING, EVENT, clock_widget_setting, BluetoothDeviceList, CALENDARSETTING, Shortcut, DOCUMENT, Settings, RCSCHAT, MUSIC, FrontHomeAlarmWidget, TASK, TIMER, bedtime_alarm, clock_settings, CONNECTIONS, HomescreenBackup, CALLLOGS, WorldClock, RINGTONESETTING, SPAM, WifiPreference, CONTACTSETTING, VOICE, RCSFT, Alarm, SMS, MessagesSettings, MMS2, call_background]
04-16 04:33:05.281 20530 20616 D [MdeResource]AutoBackupForAllItemsOffChecker: Status IDs : [homescreen_backup_status, apps_backup_status, contacts_backup_status, calendar_backup_status, settings_backup_status, messages_backup_status, clock_backup_status, calllog_backup_status, voicerecordings_backup_status]
04-16 04:33:05.281 20530 20616 I [scsettingv2suggestion][2.0.11.0]: getStatus
04-16 04:33:05.283 20628 20645 I [SC]SCloudStatusProvider: tagId: backup, method: get_status_by_id, arg: null
04-16 04:33:05.283 20628 20645 I [SC]AutoBackup: get backup status homescreen_backup_status : 1
04-16 04:33:05.285 20530 20616 D [MdeResource]AutoBackupForAllItemsOffChecker: status id : homescreen_backup_status, value : 1
04-16 04:33:05.285 20530 20616 I [scsettingv2suggestion][2.0.11.0]: getStatus
04-16 04:33:05.287 20628 20645 I [SC]SCloudStatusProvider: tagId: backup, method: get_status_by_id, arg: null
04-16 04:33:05.287 20628 20645 I [SC]AutoBackup: get backup status apps_backup_status : 1
04-16 04:33:05.289 20530 20616 D [MdeResource]AutoBackupForAllItemsOffChecker: status id : apps_backup_status, value : 1
04-16 04:33:05.289 20530 20616 I [scsettingv2suggestion][2.0.11.0]: getStatus
04-16 04:33:05.291 20628 20645 I [SC]SCloudStatusProvider: tagId: backup, method: get_status_by_id, arg: null
04-16 04:33:05.292 20628 20645 I [SC]AutoBackup: get backup status contacts_backup_status : 1
04-16 04:33:05.293 20530 20616 D [MdeResource]AutoBackupForAllItemsOffChecker: status id : contacts_backup_status, value : 1
04-16 04:33:05.294 20530 20616 I [scsettingv2suggestion][2.0.11.0]: getStatus
04-16 04:33:05.296 20628 20645 I [SC]SCloudStatusProvider: tagId: backup, method: get_status_by_id, arg: null
04-16 04:33:05.297 20628 20645 I [SC]AutoBackup: get backup status calendar_backup_status : 1
04-16 04:33:05.299 20530 20616 D [MdeResource]AutoBackupForAllItemsOffChecker: status id : calendar_backup_status, value : 1
04-16 04:33:05.299 20530 20616 I [scsettingv2suggestion][2.0.11.0]: getStatus
04-16 04:33:05.301 20628 20645 I [SC]SCloudStatusProvider: tagId: backup, method: get_status_by_id, arg: null
04-16 04:33:05.301 20628 20645 I [SC]AutoBackup: get backup status settings_backup_status : 1
04-16 04:33:05.303 20530 20616 D [MdeResource]AutoBackupForAllItemsOffChecker: status id : settings_backup_status, value : 1
04-16 04:33:05.303 20530 20616 I [scsettingv2suggestion][2.0.11.0]: getStatus
04-16 04:33:05.305 20628 20645 I [SC]SCloudStatusProvider: tagId: backup, method: get_status_by_id, arg: null
04-16 04:33:05.305 20628 20645 I [SC]AutoBackup: get backup status messages_backup_status : 1
04-16 04:33:05.307 20530 20616 D [MdeResource]AutoBackupForAllItemsOffChecker: status id : messages_backup_status, value : 1
04-16 04:33:05.308 20530 20616 I [scsettingv2suggestion][2.0.11.0]: getStatus
04-16 04:33:05.309 20628 20645 I [SC]SCloudStatusProvider: tagId: backup, method: get_status_by_id, arg: null
04-16 04:33:05.309 20628 20645 I [SC]AutoBackup: get backup status clock_backup_status : 1
04-16 04:33:05.311 20530 20616 D [MdeResource]AutoBackupForAllItemsOffChecker: status id : clock_backup_status, value : 1
04-16 04:33:05.311 20530 20616 I [scsettingv2suggestion][2.0.11.0]: getStatus
04-16 04:33:05.312 20628 20645 I [SC]SCloudStatusProvider: tagId: backup, method: get_status_by_id, arg: null
04-16 04:33:05.313 20628 20645 I [SC]AutoBackup: get backup status calllog_backup_status : 1
04-16 04:33:05.314 20530 20616 D [MdeResource]AutoBackupForAllItemsOffChecker: status id : calllog_backup_status, value : 1
04-16 04:33:05.314 20530 20616 I [scsettingv2suggestion][2.0.11.0]: getStatus
04-16 04:33:05.315 20628 20645 I [SC]SCloudStatusProvider: tagId: backup, method: get_status_by_id, arg: null
04-16 04:33:05.316 20628 20645 I [SC]AutoBackup: get backup status voicerecordings_backup_status : 0
04-16 04:33:05.317 20530 20616 D [MdeResource]AutoBackupForAllItemsOffChecker: status id : voicerecordings_backup_status, value : 0
04-16 04:33:05.317 20530 20616 I ActionDispatcher: executeAction : tag = flow_control/branch_if
04-16 04:33:05.317 20530 20616 I ActionDispatcher: param.TYPE : STRING
04-16 04:33:05.317 20530 20616 I ActionDispatcher: param.VALUE : 1&&2&&3
04-16 04:33:05.318 20530 20616 I ActionDispatcher: param token : 1
04-16 04:33:05.318 20530 20616 I ActionDispatcher: param token : 2
04-16 04:33:05.318 20530 20616 I ActionDispatcher: param token : 3
04-16 04:33:05.318 20530 20616 I ActionDispatcher: expression.TYPE : LIST{STRING}
04-16 04:33:05.318 20530 20616 D ActionDispatcher: variable : get/is_samsung_account_signed_in, operator : ==, value : true, getter value : true, value type class : class java.lang.Boolean
04-16 04:33:05.318 20530 20616 D ActionDispatcher: variable : get/auto_sync_for_all_items_off, operator : ==, value : false, getter value : false, value type class : class java.lang.Boolean
04-16 04:33:05.318 20530 20616 D ActionDispatcher: variable : get/auto_backup_for_all_items_off, operator : ==, value : true, getter value : false, value type class : class java.lang.Boolean
04-16 04:33:05.318 20530 20616 I ActionDispatcher: executeAction : tag = flow_control/branch_endif
04-16 04:33:05.318 20530 20616 D Engine  : runActionFlow : Gallery OneDrive Connect
04-16 04:33:05.318 20530 20616 I ActionDispatcher: executeAction : tag = get/is_samsung_account_signed_in
04-16 04:33:05.321 20530 20616 I ActionDispatcher: executeAction : tag = get/onedrive_link_status
04-16 04:33:05.321 20530 20616 D [MdeResource]OnedriveLinkStatusChecker: Status Id : onedrive_link_status
04-16 04:33:05.321 20530 20616 I [scsettingv2suggestion][2.0.11.0]: getStatus
04-16 04:33:05.322 20628 20645 I [SC]SCloudStatusProvider: tagId: link, method: get_status_by_id, arg: null
04-16 04:33:05.323 20628 20645 I [SC]LinkStatusQueryResolver: getOneDriveLinkStatus: 0
04-16 04:33:05.325 20530 20616 D [MdeResource]OnedriveLinkStatusChecker: Status result : 0
04-16 04:33:05.325 20530 20616 I ActionDispatcher: executeAction : tag = flow_control/branch_if
04-16 04:33:05.325 20530 20616 I ActionDispatcher: param.TYPE : STRING
04-16 04:33:05.325 20530 20616 I ActionDispatcher: param.VALUE : 1&&2
04-16 04:33:05.325 20530 20616 I ActionDispatcher: param token : 1
04-16 04:33:05.325 20530 20616 I ActionDispatcher: param token : 2
04-16 04:33:05.325 20530 20616 I ActionDispatcher: expression.TYPE : LIST{STRING}
04-16 04:33:05.325 20530 20616 D ActionDispatcher: variable : get/is_samsung_account_signed_in, operator : ==, value : true, getter value : true, value type class : class java.lang.Boolean
04-16 04:33:05.325 20530 20616 D ActionDispatcher: variable : get/onedrive_link_status, operator : ==, value : false, getter value : false, value type class : class java.lang.Boolean
04-16 04:33:05.326 20530 20616 I ActionDispatcher: executeAction : tag = mde_tip_suggestion
04-16 04:33:05.326 20530 20616 D ActionDispatcher: executeSuggestion pkg : com.samsung.android.scloud , suggestionId : AS-09
04-16 04:33:05.326  5628 16160 D MotionRecognitionService: values = 100.0
04-16 04:33:05.327  5628 16160 D MotionRecognitionService: onReceive lux: 100.0  action:
04-16 04:33:05.327  5628 16160 D MotionRecognitionService: Inject brightness form Cam 100.0
04-16 04:33:05.327  5628 16160 D MotionRecognitionService: Inject calibrated lux
04-16 04:33:05.328  5271  5271 I SensorsHub: AutoBrightnessSensor::injectSensorData: camLux 100
04-16 04:33:05.337 20530 20616 D Utils   : getClickCountToLocalStorage key : AS-09_clickCount , value : 0
04-16 04:33:05.338 20530 20616 D Utils   : putCreateTimeToLocalStorage key : AS-09_createTime , value : 1681612385337
04-16 04:33:05.339 20530 20616 D Utils   : putIdPkgToLocalStorage id_list : AS-09
04-16 04:33:05.339 20530 20616 D Utils   : putIdPkgToLocalStorage pkg key : AS-09_packageName , value : com.samsung.android.scloud
04-16 04:33:05.339 20530 20616 I ActionDispatcher: executeAction : tag = flow_control/branch_endif
04-16 04:33:05.339 20530 20616 D Engine  : runActionFlow : Bluetooth Sync On
04-16 04:33:05.340 20530 20616 I ActionDispatcher: executeAction : tag = get/is_samsung_account_signed_in
04-16 04:33:05.342 20530 20616 I ActionDispatcher: executeAction : tag = get/bt_sync_status
04-16 04:33:05.342 20530 20616 D [MdeResource]BTSyncStatusChecker: Status Id : bt_sync_status
04-16 04:33:05.342 20530 20616 I [scsettingv2suggestion][2.0.11.0]: getStatus
04-16 04:33:05.343 20628 20645 I [SC]SCloudStatusProvider: tagId: sync, method: get_status_by_id, arg: null
04-16 04:33:05.344 20628 20645 I [SC]SyncSettingManager: getCategoryAutoSync: com.samsung.bt.btservice.btsettingsprovider
04-16 04:33:05.353 20628 20645 I [SC][SyncRunner-com.samsung.bt.btservice.btsettingsprovider]: getAutoSync: true
04-16 04:33:05.354 20530 20616 D [MdeResource]BTSyncStatusChecker: Status result : 1
04-16 04:33:05.355 20530 20616 I ActionDispatcher: executeAction : tag = flow_control/branch_if
04-16 04:33:05.355 20530 20616 I ActionDispatcher: param.TYPE : STRING
04-16 04:33:05.355 20530 20616 I ActionDispatcher: param.VALUE : 1&&2
04-16 04:33:05.355 20530 20616 I ActionDispatcher: param token : 1
04-16 04:33:05.355 20530 20616 I ActionDispatcher: param token : 2
04-16 04:33:05.355 20530 20616 I ActionDispatcher: expression.TYPE : LIST{STRING}
04-16 04:33:05.355 20530 20616 D ActionDispatcher: variable : get/is_samsung_account_signed_in, operator : ==, value : true, getter value : true, value type class : class java.lang.Boolean
04-16 04:33:05.356 20530 20616 D ActionDispatcher: variable : get/bt_sync_status, operator : ==, value : false, getter value : true, value type class : class java.lang.Boolean
04-16 04:33:05.356 20530 20616 I ActionDispatcher: executeAction : tag = flow_control/branch_endif
04-16 04:33:05.356 20530 20616 D Engine  : runActionFlow : Wifi Sync On
04-16 04:33:05.356 20530 20616 I ActionDispatcher: executeAction : tag = get/is_samsung_account_signed_in
04-16 04:33:05.358 20530 20616 I ActionDispatcher: executeAction : tag = get/wifi_sync_status
04-16 04:33:05.359 20530 20616 D [MdeResource]WiFiSyncStatusChecker: Status Id : wifi_sync_status
04-16 04:33:05.359 20530 20616 I [scsettingv2suggestion][2.0.11.0]: getStatus
04-16 04:33:05.360 20628 20645 I [SC]SCloudStatusProvider: tagId: sync, method: get_status_by_id, arg: null
04-16 04:33:05.361 20628 20645 I [SC]SyncSettingManager: getCategoryAutoSync: com.android.settings.wifiprofilesync
04-16 04:33:05.369 20628 20645 I [SC][SyncRunner-com.android.settings.wifiprofilesync]: getAutoSync: false
04-16 04:33:05.371 20530 20616 D [MdeResource]WiFiSyncStatusChecker: Status result : 0
04-16 04:33:05.372 20530 20616 I ActionDispatcher: executeAction : tag = get/is_possible_wifi_sync
04-16 04:33:05.378 20530 20616 D [MdeResource]WiFiSyncEnabledChecker: isWifiConnected : true
04-16 04:33:05.378 20530 20616 I ActionDispatcher: executeAction : tag = flow_control/branch_if
04-16 04:33:05.378 20530 20616 I ActionDispatcher: param.TYPE : STRING
04-16 04:33:05.379 20530 20616 I ActionDispatcher: param.VALUE : 1&&2&&3
04-16 04:33:05.379 20530 20616 I ActionDispatcher: param token : 1
04-16 04:33:05.379 20530 20616 I ActionDispatcher: param token : 2
04-16 04:33:05.379 20530 20616 I ActionDispatcher: param token : 3
04-16 04:33:05.379 20530 20616 I ActionDispatcher: expression.TYPE : LIST{STRING}
04-16 04:33:05.379 20530 20616 D ActionDispatcher: variable : get/is_samsung_account_signed_in, operator : ==, value : true, getter value : true, value type class : class java.lang.Boolean
04-16 04:33:05.379 20530 20616 D ActionDispatcher: variable : get/wifi_sync_status, operator : ==, value : false, getter value : false, value type class : class java.lang.Boolean
04-16 04:33:05.379 20530 20616 D ActionDispatcher: variable : get/is_possible_wifi_sync, operator : ==, value : true, getter value : true, value type class : class java.lang.Boolean
04-16 04:33:05.379 20530 20616 I ActionDispatcher: executeAction : tag = mde_tip_suggestion
04-16 04:33:05.379 20530 20616 D ActionDispatcher: executeSuggestion pkg : com.samsung.android.scloud , suggestionId : AS-12
04-16 04:33:05.379 20530 20616 D Utils   : getClickCountToLocalStorage key : AS-12_clickCount , value : 0
