04-30 01:16:55.659 12961 13714 W DynamiteModule: Failed to load remote module: Failed to get module context
04-30 01:16:55.665  5429  5655 D WifiNetworkFactory: got request NetworkRequest [ REQUEST id=19473, [ Capabilities: INTERNET&NOT_RESTRICTED&TRUSTED&NOT_VCN_MANAGED Uid: 10281 RequestorUid: 10281 RequestorPkg: com.google.android.apps.tasks UnderlyingNetworks: Null] ]
04-30 01:16:55.665  5429  5655 D UntrustedWifiNetworkFactory: got request NetworkRequest [ REQUEST id=19473, [ Capabilities: INTERNET&NOT_RESTRICTED&TRUSTED&NOT_VCN_MANAGED Uid: 10281 RequestorUid: 10281 RequestorPkg: com.google.android.apps.tasks UnderlyingNetworks: Null] ]
04-30 01:16:55.667 12961 13714 E upn     : Unable to load Cronet module
04-30 01:16:55.667 12961 13714 E upn     : com.google.android.gms.dynamite.DynamiteModule$LoadingException: Remote load failed. No local fallback found.
04-30 01:16:55.667 12961 13714 E upn     : 	at cal.ufv.b(PG:157)
04-30 01:16:55.667 12961 13714 E upn     : 	at cal.upn.a(PG:13)
04-30 01:16:55.667 12961 13714 E upn     : 	at com.google.android.gms.net.PlayServicesCronetProvider.tryToInstallCronetProvider(PG:1)
04-30 01:16:55.667 12961 13714 E upn     : 	at com.google.android.gms.net.PlayServicesCronetProvider.isEnabled(PG:1)
04-30 01:16:55.667 12961 13714 E upn     : 	at cal.sse.a(PG:1)
04-30 01:16:55.667 12961 13714 E upn     : 	at cal.afon.a(PG:3)
04-30 01:16:55.667 12961 13714 E upn     : 	at cal.afgu.hasNext(PG:2)
04-30 01:16:55.667 12961 13714 E upn     : 	at cal.afov.g(PG:3)
04-30 01:16:55.667 12961 13714 E upn     : 	at cal.ssj.d(PG:14)
04-30 01:16:55.667 12961 13714 E upn     : 	at cal.ssj.a(PG:1)
04-30 01:16:55.667 12961 13714 E upn     : 	at cal.ssq.h(PG:4)
04-30 01:16:55.667 12961 13714 E upn     : 	at cal.ssq.d(PG:1)
04-30 01:16:55.667 12961 13714 E upn     : 	at cal.abim.a(PG:13)
04-30 01:16:55.667 12961 13714 E upn     : 	at cal.abio.f(PG:9)
04-30 01:16:55.667 12961 13714 E upn     : 	at cal.abio.c(PG:17)
04-30 01:16:55.667 12961 13714 E upn     : 	at cal.abgw.v(PG:4)
04-30 01:16:55.667 12961 13714 E upn     : 	at cal.abgw.q(PG:4)
04-30 01:16:55.667 12961 13714 E upn     : 	at cal.abgw.p(PG:55)
04-30 01:16:55.667 12961 13714 E upn     : 	at cal.abgw.c(PG:8)
04-30 01:16:55.667 12961 13714 E upn     : 	at cal.abic.onPerformSync(PG:4)
04-30 01:16:55.667 12961 13714 E upn     : 	at android.content.AbstractThreadedSyncAdapter$SyncThread.run(AbstractThreadedSyncAdapter.java:354)
04-30 01:16:55.667 12961 13714 E upn     : Caused by: com.google.android.gms.dynamite.DynamiteModule$LoadingException: Failed to get module context
04-30 01:16:55.667 12961 13714 E upn     : 	at cal.ufv.b(PG:146)
04-30 01:16:55.667 12961 13714 E upn     : 	... 20 more
04-30 01:16:55.668  5429  5655 D OemPaidWifiNetworkFactory: got request NetworkRequest [ REQUEST id=19473, [ Capabilities: INTERNET&NOT_RESTRICTED&TRUSTED&NOT_VCN_MANAGED Uid: 10281 RequestorUid: 10281 RequestorPkg: com.google.android.apps.tasks UnderlyingNetworks: Null] ]
04-30 01:16:55.671  5429  5655 D MultiInternetWifiNetworkFactory: got request NetworkRequest [ REQUEST id=19473, [ Capabilities: INTERNET&NOT_RESTRICTED&TRUSTED&NOT_VCN_MANAGED Uid: 10281 RequestorUid: 10281 RequestorPkg: com.google.android.apps.tasks UnderlyingNetworks: Null] ]
04-30 01:16:55.671  5429  5665 D ConnectivityService: Rematched networks [computed 1ms] [applied 1ms] [issued 17]
04-30 01:16:55.671  5429  5665 D ConnectivityService: NetworkReassignment :
04-30 01:16:55.671  5429  5665 D ConnectivityService:   19473 : null → 128
04-30 01:16:55.695 13195 13493 E FA      : Name must start with a letter. Type, name: event param, _email
04-30 01:16:55.711 13195 13493 E FA      : Name must start with a letter. Type, name: event param, _segments_state
04-30 01:16:55.712 13195 13493 E FA      : Name must start with a letter. Type, name: event param, _session_type
04-30 01:16:55.712 13195 13493 E FA      : Name must consist of letters, digits or _ (underscores). Type, name: event param, root>caches
04-30 01:16:55.712 13195 13493 E FA      : Name must consist of letters, digits or _ (underscores). Type, name: event param, root>data
04-30 01:16:55.766 13363 13945 I [ND]ConnectedWifiMeasurementWorker: RxComputationThreadPool-2 | End Work: Success {mOutputData=Data {}}
04-30 01:16:55.782 13363 13673 I WM-WorkerWrapper: Worker result SUCCESS for Work [ id=9a641862-2330-472d-a5c6-317b0d85455d, tags={ Measurements, com.samsung.android.networkdiagnostic.core.background.measurement.ConnectedWifiMeasurementWorker } ]
04-30 01:16:55.785 13027 14764 D ConnectivityManager: StackLog: [android.net.ConnectivityManager.sendRequestForNetwork(ConnectivityManager.java:4191)] [android.net.ConnectivityManager.sendRequestForNetwork(ConnectivityManager.java:4233)] [android.net.ConnectivityManager.registerNetworkCallback(ConnectivityManager.java:4615)] [gz.b(:com.google.android.gms.dynamite_cronetdynamite@231417044@23.14.17 (190400-0):7)] [gu.<init>(:com.google.android.gms.dynamite_cronetdynamite@231417044@23.14.17 (190400-0):9)] [org.chromium.net.NetworkChangeNotifier.g(:com.google.android.gms.dynamite_cronetdynamite@231417044@23.14.17 (190400-0):4)] [org.chromium.net.impl.CronetLibraryLoader.b(:com.google.android.gms.dynamite_cronetdynamite@231417044@23.14.17 (190400-0):2)] [hv.run(:com.google.android.gms.dynamite_cronetdynamite@231417044@23.14.17 (190400-0):0)]
04-30 01:16:55.797 14588 14776 I DIAGMON_SDK[605030]: DefaultNetwork : true
04-30 01:16:55.797 14588 14776 I DIAGMON_SDK[605030]: globalNetworkMode : false
04-30 01:16:55.799  5429  5665 D ConnectivityService: Rematched networks [computed 1ms] [applied 1ms] [issued 8]
04-30 01:16:55.799  5429  5665 D ConnectivityService: NetworkReassignment : no changes
04-30 01:16:55.811  9200 11208 W NetworkScheduler: Error inserting flex_time=3599000 job_id=-1 period=7199000 source=16 requires_charging=0 preferred_network_type=1 target_class=com.google.android.gms.measurement.PackageMeasurementTaskService user_id=0 target_package=com.google.android.gms tag=Measurement.PackageMeasurementTaskService.UPLOAD_TASK_TAG task_type=0 required_idleness_state=0 service_kind=0 source_version=231417000 persistence_level=1 preferred_charging_state=1 required_network_type=0 runtime=1682810215805 retry_strategy={"maximum_backoff_seconds":{"3600":0},"initial_backoff_seconds":{"30":0},"retry_policy":{"0":0}} last_runtime=0 [CONTEXT service_id=218 ]
04-30 01:16:55.811  9200 11208 W NetworkScheduler: android.database.sqlite.SQLiteConstraintException: UNIQUE constraint failed: pending_ops.tag, pending_ops.target_class, pending_ops.target_package, pending_ops.user_id (code 2067 SQLITE_CONSTRAINT_UNIQUE[2067])
04-30 01:16:55.811  9200 11208 W NetworkScheduler: 	at android.database.sqlite.SQLiteConnection.nativeExecuteForLastInsertedRowId(Native Method)
04-30 01:16:55.811  9200 11208 W NetworkScheduler: 	at android.database.sqlite.SQLiteConnection.executeForLastInsertedRowId(SQLiteConnection.java:1275)
04-30 01:16:55.811  9200 11208 W NetworkScheduler: 	at android.database.sqlite.SQLiteSession.executeForLastInsertedRowId(SQLiteSession.java:790)
04-30 01:16:55.811  9200 11208 W NetworkScheduler: 	at android.database.sqlite.SQLiteStatement.executeInsert(SQLiteStatement.java:89)
04-30 01:16:55.811  9200 11208 W NetworkScheduler: 	at android.database.sqlite.SQLiteDatabase.insertWithOnConflict(SQLiteDatabase.java:2410)
04-30 01:16:55.811  9200 11208 W NetworkScheduler: 	at android.database.sqlite.SQLiteDatabase.insertOrThrow(SQLiteDatabase.java:2305)
04-30 01:16:55.811  9200 11208 W NetworkScheduler: 	at bwsk.f(:com.google.android.gms@231417044@23.14.17 (190400-527331132):59)
04-30 01:16:55.811  9200 11208 W NetworkScheduler: 	at bwre.n(:com.google.android.gms@231417044@23.14.17 (190400-527331132):3)
04-30 01:16:55.811  9200 11208 W NetworkScheduler: 	at bwre.u(:com.google.android.gms@231417044@23.14.17 (190400-527331132):20)
04-30 01:16:55.811  9200 11208 W NetworkScheduler: 	at bwre.h(:com.google.android.gms@231417044@23.14.17 (190400-527331132):3)
04-30 01:16:55.811  9200 11208 W NetworkScheduler: 	at bwmw.run(:com.google.android.gms@231417044@23.14.17 (190400-527331132):9)
04-30 01:16:55.811  9200 11208 W NetworkScheduler: 	at abpb.c(:com.google.android.gms@231417044@23.14.17 (190400-527331132):6)
04-30 01:16:55.811  9200 11208 W NetworkScheduler: 	at abpb.run(:com.google.android.gms@231417044@23.14.17 (190400-527331132):7)
04-30 01:16:55.811  9200 11208 W NetworkScheduler: 	at java.util.concurrent.ThreadPoolExecutor.runWorker(ThreadPoolExecutor.java:1137)
04-30 01:16:55.811  9200 11208 W NetworkScheduler: 	at java.util.concurrent.ThreadPoolExecutor$Worker.run(ThreadPoolExecutor.java:637)
04-30 01:16:55.811  9200 11208 W NetworkScheduler: 	at abuh.run(:com.google.android.gms@231417044@23.14.17 (190400-527331132):0)
04-30 01:16:55.811  9200 11208 W NetworkScheduler: 	at java.lang.Thread.run(Thread.java:1012)
04-30 01:16:55.867 14588 14776 I DIAGMON_SDK[605030][707-399-5110053] : SetConfiguration
04-30 01:16:55.870 14588 14776 I DIAGMON_SDK[605030][707-399-5110053] : generated SR object
04-30 01:16:55.918 12235 12258 D Benchmark: timeNs[ 0:10]: 35745 39604 40944 40013 41304 39198 41801 38857 35188 38003
04-30 01:16:55.919 12235 12258 D Benchmark: timeNs[10:20]: 35204 35325 39901 40434 39814 41569 38567 40913 43477 40132
04-30 01:16:55.919 12235 12258 D Benchmark: timeNs[20:30]: 39978 37963 35961 43507 39183 35352 44325 44206 37955 40294
04-30 01:16:55.919 12235 12258 D Benchmark: timeNs[30:40]: 42906 38930 42145 40444 36063 42732 39905 39632 39522 35267
04-30 01:16:55.919 12235 12258 D Benchmark: timeNs[40:50]: 36533 37867 35485 38480 36896 39141 36850 36866 36285 38958
04-30 01:16:55.944 12961 13714 W ApiaryChimeImpl: Exception when calling PushSubscriptionService: GrpcStubException: IO
04-30 01:16:55.944 12961 13714 W ApiaryChimeImpl: com.google.android.calendar.timely.net.grpc.GrpcStubException: Failed to retrieve auth token
04-30 01:16:55.944 12961 13714 W ApiaryChimeImpl: 	at cal.ssq.g(PG:9)
04-30 01:16:55.944 12961 13714 W ApiaryChimeImpl: 	at cal.ssq.h(PG:10)
04-30 01:16:55.944 12961 13714 W ApiaryChimeImpl: 	at cal.ssq.d(PG:1)
04-30 01:16:55.944 12961 13714 W ApiaryChimeImpl: 	at cal.abim.a(PG:13)
04-30 01:16:55.944 12961 13714 W ApiaryChimeImpl: 	at cal.abio.f(PG:9)
04-30 01:16:55.944 12961 13714 W ApiaryChimeImpl: 	at cal.abio.c(PG:17)
04-30 01:16:55.944 12961 13714 W ApiaryChimeImpl: 	at cal.abgw.v(PG:4)
04-30 01:16:55.944 12961 13714 W ApiaryChimeImpl: 	at cal.abgw.q(PG:4)
04-30 01:16:55.944 12961 13714 W ApiaryChimeImpl: 	at cal.abgw.p(PG:55)
04-30 01:16:55.944 12961 13714 W ApiaryChimeImpl: 	at cal.abgw.c(PG:8)
04-30 01:16:55.944 12961 13714 W ApiaryChimeImpl: 	at cal.abic.onPerformSync(PG:4)
04-30 01:16:55.944 12961 13714 W ApiaryChimeImpl: 	at android.content.AbstractThreadedSyncAdapter$SyncThread.run(AbstractThreadedSyncAdapter.java:354)
04-30 01:16:55.944 12961 13714 W ApiaryChimeImpl: Caused by: java.io.IOException: Error on service connection.
04-30 01:16:55.944 12961 13714 W ApiaryChimeImpl: 	at cal.ttu.i(PG:13)
04-30 01:16:55.944 12961 13714 W ApiaryChimeImpl: 	at cal.ttu.k(PG:32)
04-30 01:16:55.944 12961 13714 W ApiaryChimeImpl: 	at cal.ssq.g(PG:8)
04-30 01:16:55.944 12961 13714 W ApiaryChimeImpl: 	... 11 more
04-30 01:16:55.944 12961 13714 W ApiaryChimeImpl: Caused by: java.lang.InterruptedException
04-30 01:16:55.944 12961 13714 W ApiaryChimeImpl: 	at java.util.concurrent.locks.AbstractQueuedSynchronizer.acquireInterruptibly(AbstractQueuedSynchronizer.java:1261)
04-30 01:16:55.944 12961 13714 W ApiaryChimeImpl: 	at java.util.concurrent.locks.ReentrantLock.lockInterruptibly(ReentrantLock.java:317)
04-30 01:16:55.944 12961 13714 W ApiaryChimeImpl: 	at java.util.concurrent.LinkedBlockingQueue.take(LinkedBlockingQueue.java:430)
04-30 01:16:55.944 12961 13714 W ApiaryChimeImpl: 	at cal.ttu.i(PG:11)
04-30 01:16:55.944 12961 13714 W ApiaryChimeImpl: 	... 13 more
04-30 01:16:55.999  5429  8530 D PackageManager: setEnabledSetting : userId = 0 packageName = com.google.android.gm cmp = com.google.android.gm.ComposeActivityGmail newState = 1 callingPackage = 10242/com.google.android.gm
04-30 01:16:55.999  5429  5488 W libprocessgroup: Failed to open /dev/blkio//cgroup.procs: No such file or directory
04-30 01:16:56.001  5429  5488 W libprocessgroup: Failed to open /dev/blkio//cgroup.procs: No such file or directory
04-30 01:16:56.002  5429  5488 W libprocessgroup: Failed to open /dev/blkio//cgroup.procs: No such file or directory
04-30 01:16:56.006  5429  8530 D ApplicationPolicy: getApplicationStateEnabled : pkg = com.google.android.gm userId : 0
04-30 01:16:56.007  5429  8530 D ApplicationPolicy: getApplicationComponentState : pkg = com.google.android.gm userId : 0
04-30 01:16:56.008 12961 14783 I DynamiteDebugLogger: [88] null
04-30 01:16:56.091 12961 14783 I DynamiteDebugLogger: [100] null
04-30 01:16:56.092 12921 14409 D nativeloader: Configuring classloader-namespace for other apk /system/framework/com.android.media.remotedisplay.jar. target_sdk_version=33, uses_libraries=ALL, library_path=/data/app/~~d3JMdVZb4WLMAhij8OQRsQ==/com.google.android.gms-TXkfI_b9zsk_P7YUY9hvvg==/lib/arm64:/data/app/~~d3JMdVZb4WLMAhij8OQRsQ==/com.google.android.gms-TXkfI_b9zsk_P7YUY9hvvg==/base.apk!/lib/arm64-v8a, permitted_path=/data:/mnt/expand:/data/user/0/com.google.android.gms
04-30 01:16:56.092 12921 14409 D nativeloader: Extending system_exposed_libraries: libhumantracking.arcsoft.so:libPortraitDistortionCorrection.arcsoft.so:libPortraitDistortionCorrectionCali.arcsoft.so:libface_landmark.arcsoft.so:libFacialStickerEngine.arcsoft.so:libveengine.arcsoft.so:liblow_light_hdr.arcsoft.so:libhigh_dynamic_range.arcsoft.so:libFacialAttributeDetection.arcsoft.so:libBeauty_v4.camera.samsung.so:libexifa.camera.samsung.so:libjpega.camera.samsung.so:libOpenCv.camera.samsung.so:libImageScreener.camera.samsung.so:libMyFilter.camera.samsung.so:libtensorflowLite.myfilter.camera.samsung.so:libtensorflowlite_inference_api.myfilter.camera.samsung.so:libEventFinder.camera.samsung.so:libHIDTSnapJNI.camera.samsung.so:libSmartScan.camera.samsung.so:libRectify.camera.samsung.so:libDocRectifyWrapper.camera.samsung.so:libUltraWideDistortionCorrection.camera.samsung.so:libHpr_RecGAE_cvFeature_v1.0.camera.samsung.so:libHprFace_GAE_api.camera.samsung.so:libFace_Landmark_API.camera.samsung.so:libHprFace_GAE_jni.camera.samsung.so:libFacialBasedSelfieCorrec
04-30 01:16:56.103  5429  5488 W libprocessgroup: Failed to open /dev/blkio//cgroup.procs: No such file or directory
04-30 01:16:56.109  5429  5488 W libprocessgroup: Failed to open /dev/blkio//cgroup.procs: No such file or directory
04-30 01:16:56.110  5429  5488 W libprocessgroup: Failed to open /dev/blkio//cgroup.procs: No such file or directory
04-30 01:16:56.124 13356 14350 I downloadWifiLock: [Download Executor Thread:fs.c] wifi lock released WifiLock{ 22a449c; not refcounted }
04-30 01:16:56.124 13356 14350 I ru.yandex.disk: wifi lock released WifiLock{ 22a449c; not refcounted }
04-30 01:16:56.325 14588 14588 W oid.app.shealth: Long monitor contention with owner Thread-4 (14784) at android.os.Handler android.app.QueuedWork.getHandler()(QueuedWork.java:112) waiters=0 in boolean android.app.QueuedWork.hasPendingWork() for 305ms
04-30 01:16:56.340  5429  5486 I libprocessgroup: Successfully killed process cgroup uid 1000 pid 9920 in 8ms
04-30 01:16:56.344 11420 11751 I SamsungAccount: [AccountManagerProvider] Calling package : app.shealth.
04-30 01:16:56.344 11420 11751 I SamsungAccount: [SignatureCheckUtil] runCheckSignatureAsync
04-30 01:16:56.344 11420 11751 I SamsungAccount: [SignaturePreconditionChecker] getSignatureResult - fromSesSdk : false
04-30 01:16:56.344 11420 11751 I SamsungAccount: [SignatureInfoDbHelper] getSignatureResult - [10/1y90e][app.shealth.]
04-30 01:16:56.344 11420 11751 I SamsungAccount: [SignatureInfoDbHelper] searchOnUser
04-30 01:16:56.347 11420 11751 I SamsungAccount: [SignatureInfoDbHelper] searchOnUser - [10/1y90e][app.shealth.][64/14aaf] => matched
04-30 01:16:56.347 11420 11751 I SamsungAccount: [SignatureInfoDbHelper] search - matched
04-30 01:16:56.348 11420 11751 I SamsungAccount: [SignatureCheckUtil] runCheckSignatureAsync(fromDb) - matched
04-30 01:16:56.348 11420 11751 I SamsungAccount: [AccountManagerProvider] This is the access of the allowed application
04-30 01:16:56.348 11420 11751 I SamsungAccount: [AccountManagerUtil] isSamsungAccountSignedIn : true
04-30 01:16:56.348 11420 11751 I SamsungAccount: [DbManagerV2] getDataState : VALID
04-30 01:16:56.349 11420 11751 I SamsungAccount: [TPMU]  SIMState     :SIM_STATE_READY
04-30 01:16:56.349 11420 11751 I SamsungAccount: [CountryCodeUtil] isChinaCountryCode : false
04-30 01:16:56.349 11420 11751 I SamsungAccount: [ChinaPermissionUtil] isChnSecurityPopupNeeded - false
04-30 01:16:56.351 13195 13493 E FA      : Name must start with a letter. Type, name: event param, _email
04-30 01:16:56.351 13195 13493 E FA      : Name must start with a letter. Type, name: event param, _segments_state
04-30 01:16:56.351 13195 13493 E FA      : Name must start with a letter. Type, name: event param, _session_type
04-30 01:16:56.351 13195 13493 E FA      : Name must consist of letters, digits or _ (underscores). Type, name: event param, root>caches>internal_cache
04-30 01:16:56.351 13195 13493 E FA      : Name must consist of letters, digits or _ (underscores). Type, name: event param, root>caches>superapp
04-30 01:16:56.351 13195 13493 E FA      : Name must consist of letters, digits or _ (underscores). Type, name: event param, root>data>app_optimized
04-30 01:16:56.352 13195 13493 E FA      : Name must consist of letters, digits or _ (underscores). Type, name: event param, root>data>app_pccache
04-30 01:16:56.352 13195 13493 E FA      : Name must consist of letters, digits or _ (underscores). Type, name: event param, root>data>app_textures
04-30 01:16:56.352 13195 13493 E FA      : Name must consist of letters, digits or _ (underscores). Type, name: event param, root>data>app_tmppccache
04-30 01:16:56.352 13195 13493 E FA      : Name must consist of letters, digits or _ (underscores). Type, name: event param, root>data>app_webview
04-30 01:16:56.352 13195 13493 E FA      : Name must consist of letters, digits or _ (underscores). Type, name: event param, root>data>code_cache
04-30 01:16:56.352 13195 13493 E FA      : Name must consist of letters, digits or _ (underscores). Type, name: event param, root>data>databases
04-30 01:16:56.352 13195 13493 E FA      : Name must consist of letters, digits or _ (underscores). Type, name: event param, root>data>files
04-30 01:16:56.352 13195 13493 E FA      : Name must consist of letters, digits or _ (underscores). Type, name: event param, root>data>no_backup
04-30 01:16:56.352 13195 13493 E FA      : Name must consist of letters, digits or _ (underscores). Type, name: event param, root>data>oat
04-30 01:16:56.352 13195 13493 E FA      : Name must consist of letters, digits or _ (underscores). Type, name: event param, root>data>shared_prefs
04-30 01:16:56.356 11420 11751 I SamsungAccount: [TPMU] getMccFromUsim
04-30 01:16:56.356 11420 11751 I SamsungAccount: [DbManagerV2] getMccFromDB
04-30 01:16:56.356 11420 11751 I SamsungAccount: [DbManagerV2] getDataV02ForItems : MCC from Cache
04-30 01:16:56.356 11420 11751 I SamsungAccount: [FamilyGroupUtil] isSupportedOneUiVersionOnFamilyService, oneUiVersion is 5.1 or higher 140100
04-30 01:16:56.357 11420 11751 E SamsungAccount: [PackageUtils] com.samsung.android.app.parentalcare
04-30 01:16:56.357 11420 11751 I SamsungAccount: [PackageUtils] isPackageExist, Package not found : com.samsung.android.app.parentalcare
04-30 01:16:56.357 11420 11751 I SamsungAccount: [FamilyGroupUtil] isSupportFamilyService, isParentalCareInstalled: false
04-30 01:16:56.387 12235 12258 D Benchmark: allocationCount[ 0:10]: 43 43 43 43 43
04-30 01:16:56.387 12235 12258 D Benchmark: Set 12258 (Bench thread) to priority -8. Was -20, now -8
04-30 01:16:56.387 12235 12258 D Benchmark: Set 12243 (Jit) to priority 9. Was -15, now 9
04-30 01:16:56.387 12235 12258 D Benchmark: Warmup: t=0.250, iter=3028, fastAvg=44682, slowAvg=45728
04-30 01:16:56.388 12235 12258 I PerfettoCapture: Stopping perfetto.
04-30 01:16:56.454 14627 14627 I perfetto:    perfetto_cmd.cc:1168 SIGINT/SIGTERM received: disabling tracing.
04-30 01:16:56.460 12235 12258 D Benchmark: kill -TERM command output -
04-30 01:16:56.476  5130  5130 I perfetto:  probes_producer.cc:396 Producer stop (id=1033)
04-30 01:16:56.480  5130  5130 I perfetto:    ftrace_procfs.cc:342 disabled ftrace in /sys/kernel/tracing/
04-30 01:16:56.559 13356 14569 W ru.yandex.disk: Accessing hidden method Lcom/android/org/conscrypt/OpenSSLSocketImpl;->getAlpnSelectedProtocol()[B (max-target-q,core-platform-api, reflection, denied)
04-30 01:16:56.559 13356 14569 W ru.yandex.disk: Accessing hidden method Lcom/android/org/conscrypt/AbstractConscryptSocket;->getAlpnSelectedProtocol()[B (max-target-q, reflection, denied)
04-30 01:16:56.580  4389  4389 I hwservicemanager: getTransport: Cannot find entry android.hardware.atrace@1.0::IAtraceDevice/default in either framework or device VINTF manifest.
04-30 01:16:56.586  5130  5130 I perfetto:  probes_producer.cc:396 Producer stop (id=1034)
04-30 01:16:56.586  5130  5130 I perfetto:  probes_producer.cc:396 Producer stop (id=1035)
04-30 01:16:56.615 14588 14588 E SHEALTH#WI#NodeMonitor: Service is not Connected.
04-30 01:16:56.623 14627 14627 I perfetto:    perfetto_cmd.cc:1124 Trace written into the output file
04-30 01:16:56.631  5131  5131 I perfetto: ng_service_impl.cc:2426 Tracing session 259 ended, total sessions:0
04-30 01:16:56.672  9200 12494 W NetworkScheduler: Error inserting flex_time=3598000 job_id=-1 period=7197000 source=16 requires_charging=0 preferred_network_type=1 target_class=com.google.android.gms.measurement.PackageMeasurementTaskService user_id=0 target_package=com.google.android.gms tag=Measurement.PackageMeasurementTaskService.UPLOAD_TASK_TAG task_type=0 required_idleness_state=0 service_kind=0 source_version=231417000 persistence_level=1 preferred_charging_state=1 required_network_type=0 runtime=1682810216667 retry_strategy={"maximum_backoff_seconds":{"3600":0},"initial_backoff_seconds":{"30":0},"retry_policy":{"0":0}} last_runtime=0 [CONTEXT service_id=218 ]
04-30 01:16:56.672  9200 12494 W NetworkScheduler: android.database.sqlite.SQLiteConstraintException: UNIQUE constraint failed: pending_ops.tag, pending_ops.target_class, pending_ops.target_package, pending_ops.user_id (code 2067 SQLITE_CONSTRAINT_UNIQUE[2067])
04-30 01:16:56.672  9200 12494 W NetworkScheduler: 	at android.database.sqlite.SQLiteConnection.nativeExecuteForLastInsertedRowId(Native Method)
04-30 01:16:56.672  9200 12494 W NetworkScheduler: 	at android.database.sqlite.SQLiteConnection.executeForLastInsertedRowId(SQLiteConnection.java:1275)
04-30 01:16:56.672  9200 12494 W NetworkScheduler: 	at android.database.sqlite.SQLiteSession.executeForLastInsertedRowId(SQLiteSession.java:790)
04-30 01:16:56.672  9200 12494 W NetworkScheduler: 	at android.database.sqlite.SQLiteStatement.executeInsert(SQLiteStatement.java:89)
04-30 01:16:56.672  9200 12494 W NetworkScheduler: 	at android.database.sqlite.SQLiteDatabase.insertWithOnConflict(SQLiteDatabase.java:2410)
04-30 01:16:56.672  9200 12494 W NetworkScheduler: 	at android.database.sqlite.SQLiteDatabase.insertOrThrow(SQLiteDatabase.java:2305)
04-30 01:16:56.672  9200 12494 W NetworkScheduler: 	at bwsk.f(:com.google.android.gms@231417044@23.14.17 (190400-527331132):59)
04-30 01:16:56.672  9200 12494 W NetworkScheduler: 	at bwre.n(:com.google.android.gms@231417044@23.14.17 (190400-527331132):3)
04-30 01:16:56.672  9200 12494 W NetworkScheduler: 	at bwre.u(:com.google.android.gms@231417044@23.14.17 (190400-527331132):20)
04-30 01:16:56.672  9200 12494 W NetworkScheduler: 	at bwre.h(:com.google.android.gms@231417044@23.14.17 (190400-527331132):3)
04-30 01:16:56.672  9200 12494 W NetworkScheduler: 	at bwmw.run(:com.google.android.gms@231417044@23.14.17 (190400-527331132):9)
04-30 01:16:56.672  9200 12494 W NetworkScheduler: 	at abpb.c(:com.google.android.gms@231417044@23.14.17 (190400-527331132):6)
04-30 01:16:56.672  9200 12494 W NetworkScheduler: 	at abpb.run(:com.google.android.gms@231417044@23.14.17 (190400-527331132):7)
04-30 01:16:56.672  9200 12494 W NetworkScheduler: 	at java.util.concurrent.ThreadPoolExecutor.runWorker(ThreadPoolExecutor.java:1137)
04-30 01:16:56.672  9200 12494 W NetworkScheduler: 	at java.util.concurrent.ThreadPoolExecutor$Worker.run(ThreadPoolExecutor.java:637)
04-30 01:16:56.672  9200 12494 W NetworkScheduler: 	at abuh.run(:com.google.android.gms@231417044@23.14.17 (190400-527331132):0)
04-30 01:16:56.672  9200 12494 W NetworkScheduler: 	at java.lang.Thread.run(Thread.java:1012)
04-30 01:16:56.757 14588 14588 E SHEALTH#WI#WearableServiceManager: sendMessage() arg1 : 101, mIsFirstConnection : true
04-30 01:16:56.761 13027 14543 W roid.apps.tasks: Verification of java.lang.String[] org.chromium.base.BuildInfo.getAll() took 115.964ms (2440.40 bytecodes/s) (5784B approximate peak alloc)
04-30 01:16:56.780 13195 13213 W System  : A resource failed to call ContentProviderClient.close.
04-30 01:16:56.781 13195 13213 W System  : A resource failed to call ContentProviderClient.close.
04-30 01:16:56.781 13195 13213 W System  : A resource failed to call ContentProviderClient.close.
04-30 01:16:56.781 13195 13213 W System  : A resource failed to call ContentProviderClient.close.
04-30 01:16:56.781 13195 13213 W System  : A resource failed to call ContentProviderClient.close.
04-30 01:16:56.781 13195 13213 W System  : A resource failed to call ContentProviderClient.close.
04-30 01:16:56.781 13195 13213 W System  : A resource failed to call ContentProviderClient.close.
04-30 01:16:56.781 13195 13213 W System  : A resource failed to call ContentProviderClient.close.
04-30 01:16:56.829 12921 14409 I ogle.android.gm: Waiting for a blocking GC AddRemoveAppImageSpace
04-30 01:16:56.996 13195 13195 D AppWidgetManager: partiallyUpdateAppWidget() appWidgetIds = []
04-30 01:16:57.021 11420 11751 I SamsungAccount: [AccountManagerProvider] Calling package : app.shealth.
04-30 01:16:57.022 11420 11751 I SamsungAccount: [SignatureCheckUtil] runCheckSignatureAsync
04-30 01:16:57.022 11420 11751 I SamsungAccount: [SignaturePreconditionChecker] getSignatureResult - fromSesSdk : false
04-30 01:16:57.022 11420 11751 I SamsungAccount: [SignatureInfoDbHelper] getSignatureResult - [10/1y90e][app.shealth.]
04-30 01:16:57.022 11420 11751 I SamsungAccount: [SignatureInfoDbHelper] searchOnUser
04-30 01:16:57.028 11420 11751 I SamsungAccount: [SignatureInfoDbHelper] searchOnUser - [10/1y90e][app.shealth.][64/14aaf] => matched
04-30 01:16:57.029 11420 11751 I SamsungAccount: [SignatureInfoDbHelper] search - matched
04-30 01:16:57.029 11420 11751 I SamsungAccount: [SignatureCheckUtil] runCheckSignatureAsync(fromDb) - matched
04-30 01:16:57.029 11420 11751 I SamsungAccount: [AccountManagerProvider] This is the access of the allowed application
04-30 01:16:57.029 11420 11751 I SamsungAccount: [AccountManagerUtil] isSamsungAccountSignedIn : true
04-30 01:16:57.029 11420 11751 I SamsungAccount: [DbManagerV2] getDataState : VALID
04-30 01:16:57.031 11420 11751 I SamsungAccount: [TPMU]  SIMState     :SIM_STATE_READY
04-30 01:16:57.032 11420 11751 I SamsungAccount: [CountryCodeUtil] isChinaCountryCode : false
04-30 01:16:57.032 11420 11751 I SamsungAccount: [ChinaPermissionUtil] isChnSecurityPopupNeeded - false
04-30 01:16:57.038 11420 11751 I SamsungAccount: [TPMU] getMccFromUsim
04-30 01:16:57.038 11420 11751 I SamsungAccount: [DbManagerV2] getMccFromDB
04-30 01:16:57.038 11420 11751 I SamsungAccount: [DbManagerV2] getDataV02ForItems : MCC from Cache
04-30 01:16:57.038 11420 11751 I SamsungAccount: [FamilyGroupUtil] isSupportedOneUiVersionOnFamilyService, oneUiVersion is 5.1 or higher 140100
04-30 01:16:57.039 11420 11751 E SamsungAccount: [PackageUtils] com.samsung.android.app.parentalcare
04-30 01:16:57.040 11420 11751 I SamsungAccount: [PackageUtils] isPackageExist, Package not found : com.samsung.android.app.parentalcare
04-30 01:16:57.040 11420 11751 I SamsungAccount: [FamilyGroupUtil] isSupportFamilyService, isParentalCareInstalled: false
04-30 01:16:57.089  4924  4924 I Zygote  : Process 9920 exited due to signal 9 (Killed)
04-30 01:16:57.104 13027 14543 I cr_CronetLibraryLoader: Cronet version: 111.0.5563.55, arch: aarch64
04-30 01:16:57.109 12235 12258 D Benchmark: Waiting 500 ms for [ProcessPid(processName=perfetto, pid=14627)] to die
04-30 01:16:57.119 13195 13493 E FA      : Name must start with a letter. Type, name: event param, _email
04-30 01:16:57.119 13195 13493 E FA      : Name must start with a letter. Type, name: event param, _segments_state
04-30 01:16:57.119 13195 13493 E FA      : Name must start with a letter. Type, name: event param, _session_type
04-30 01:16:57.205 12235 12258 I PerfettoCapture: Writing to /storage/emulated/0/Android/data/org.jetbrains.android_benchmark.test/cache/AckermannBenchmark_mutableUniversalRefLong_2023-04-29-23-16-56.perfetto-trace.
04-30 01:16:57.293 14588 14601 W System  : A resource failed to call AbstractCursor.close.
04-30 01:16:57.298 12235 12258 D Benchmark: Copying /storage/emulated/0/Android/data/org.jetbrains.android_benchmark.test/cache/AckermannBenchmark_mutableUniversalRefLong_2023-04-29-23-16-56.perfetto-trace to /sdcard/Android/media/org.jetbrains.android_benchmark.test/additional_test_output/AckermannBenchmark_mutableUniversalRefLong_2023-04-29-23-16-56.perfetto-trace
04-30 01:16:57.326  8350 12591 W MediaProvider: isAppCloneUserPair for user 0: false
04-30 01:16:57.349 12921 12936 W ogle.android.gm: Suspending all threads took: 30.414ms
04-30 01:16:57.377  5429  8514 D SyncManager: userId - 0 auto - true
04-30 01:16:57.386 11420 11751 I SamsungAccount: [AccountManagerProvider] Calling package : app.shealth.
04-30 01:16:57.386 11420 11751 I SamsungAccount: [SignatureCheckUtil] runCheckSignatureAsync
04-30 01:16:57.386 11420 11751 I SamsungAccount: [SignaturePreconditionChecker] getSignatureResult - fromSesSdk : false
04-30 01:16:57.386 11420 11751 I SamsungAccount: [SignatureInfoDbHelper] getSignatureResult - [10/1y90e][app.shealth.]
04-30 01:16:57.386 11420 11751 I SamsungAccount: [SignatureInfoDbHelper] searchOnUser
04-30 01:16:57.391 11420 11751 I SamsungAccount: [SignatureInfoDbHelper] searchOnUser - [10/1y90e][app.shealth.][64/14aaf] => matched
04-30 01:16:57.391 11420 11751 I SamsungAccount: [SignatureInfoDbHelper] search - matched
04-30 01:16:57.391 11420 11751 I SamsungAccount: [SignatureCheckUtil] runCheckSignatureAsync(fromDb) - matched
04-30 01:16:57.391 11420 11751 I SamsungAccount: [AccountManagerProvider] This is the access of the allowed application
04-30 01:16:57.478  5429  5488 W libprocessgroup: Failed to open /dev/blkio//cgroup.procs: No such file or directory
04-30 01:16:57.480  5429  5488 W libprocessgroup: Failed to open /dev/blkio//cgroup.procs: No such file or directory
04-30 01:16:57.490  5429  7411 D SemWifiUsabilityStatsMonitor: onWifiUsabilityStats - seqNum 24856, isSameBssidAndFreq true
04-30 01:16:57.494  9200 13193 I NetworkScheduler.Stats: Task com.google.android.gms/com.google.android.gms.ipa.base.IpaGcmTaskService started execution. cause:9 exec_start_elapsed_seconds: 219757 [CONTEXT service_id=218 ]
04-30 01:16:57.495  5429  5717 I SemWifiLinkQualityMonitor: Link Qos Query: 0.040 ms / 199.091 Mbps (292 / 0.000 / 1.467)
04-30 01:16:57.495 12235 12258 I Benchmark: AckermannBenchmark.mutableUniversalRefLong[Metric (timeNs) results: median 39191.096291331545, min 35188.37220732797, max 44325.05004468275, standardDeviation: 2541.246822286072, Metric (allocationCount) results: median 43.0, min 43.0, max 43.001340482573724, standardDeviation: 5.994820315001426E-4]count=2238
04-30 01:16:57.499 12235 12258 D Benchmark: writing results to /storage/emulated/0/Android/data/org.jetbrains.android_benchmark.test/cache/org.jetbrains.android_benchmark.test-benchmarkData.json
04-30 01:16:57.503 12235 12258 D Benchmark: Copying /storage/emulated/0/Android/data/org.jetbrains.android_benchmark.test/cache/org.jetbrains.android_benchmark.test-benchmarkData.json to /sdcard/Android/media/org.jetbrains.android_benchmark.test/additional_test_output/org.jetbrains.android_benchmark.test-benchmarkData.json
04-30 01:16:57.513  9200 12494 W NetworkScheduler: Error inserting flex_time=3597000 job_id=-1 period=7196000 source=16 requires_charging=0 preferred_network_type=1 target_class=com.google.android.gms.measurement.PackageMeasurementTaskService user_id=0 target_package=com.google.android.gms tag=Measurement.PackageMeasurementTaskService.UPLOAD_TASK_TAG task_type=0 required_idleness_state=0 service_kind=0 source_version=231417000 persistence_level=1 preferred_charging_state=1 required_network_type=0 runtime=1682810217510 retry_strategy={"maximum_backoff_seconds":{"3600":0},"initial_backoff_seconds":{"30":0},"retry_policy":{"0":0}} last_runtime=0 [CONTEXT service_id=218 ]
04-30 01:16:57.513  9200 12494 W NetworkScheduler: android.database.sqlite.SQLiteConstraintException: UNIQUE constraint failed: pending_ops.tag, pending_ops.target_class, pending_ops.target_package, pending_ops.user_id (code 2067 SQLITE_CONSTRAINT_UNIQUE[2067])
04-30 01:16:57.513  9200 12494 W NetworkScheduler: 	at android.database.sqlite.SQLiteConnection.nativeExecuteForLastInsertedRowId(Native Method)
04-30 01:16:57.513  9200 12494 W NetworkScheduler: 	at android.database.sqlite.SQLiteConnection.executeForLastInsertedRowId(SQLiteConnection.java:1275)
04-30 01:16:57.513  9200 12494 W NetworkScheduler: 	at android.database.sqlite.SQLiteSession.executeForLastInsertedRowId(SQLiteSession.java:790)
04-30 01:16:57.513  9200 12494 W NetworkScheduler: 	at android.database.sqlite.SQLiteStatement.executeInsert(SQLiteStatement.java:89)
04-30 01:16:57.513  9200 12494 W NetworkScheduler: 	at android.database.sqlite.SQLiteDatabase.insertWithOnConflict(SQLiteDatabase.java:2410)
04-30 01:16:57.513  9200 12494 W NetworkScheduler: 	at android.database.sqlite.SQLiteDatabase.insertOrThrow(SQLiteDatabase.java:2305)
04-30 01:16:57.513  9200 12494 W NetworkScheduler: 	at bwsk.f(:com.google.android.gms@231417044@23.14.17 (190400-527331132):59)
04-30 01:16:57.513  9200 12494 W NetworkScheduler: 	at bwre.n(:com.google.android.gms@231417044@23.14.17 (190400-527331132):3)
04-30 01:16:57.513  9200 12494 W NetworkScheduler: 	at bwre.u(:com.google.android.gms@231417044@23.14.17 (190400-527331132):20)
04-30 01:16:57.513  9200 12494 W NetworkScheduler: 	at bwre.h(:com.google.android.gms@231417044@23.14.17 (190400-527331132):3)
04-30 01:16:57.513  9200 12494 W NetworkScheduler: 	at bwmw.run(:com.google.android.gms@231417044@23.14.17 (190400-527331132):9)
04-30 01:16:57.513  9200 12494 W NetworkScheduler: 	at abpb.c(:com.google.android.gms@231417044@23.14.17 (190400-527331132):6)
04-30 01:16:57.513  9200 12494 W NetworkScheduler: 	at abpb.run(:com.google.android.gms@231417044@23.14.17 (190400-527331132):7)
04-30 01:16:57.513  9200 12494 W NetworkScheduler: 	at java.util.concurrent.ThreadPoolExecutor.runWorker(ThreadPoolExecutor.java:1137)
04-30 01:16:57.513  9200 12494 W NetworkScheduler: 	at java.util.concurrent.ThreadPoolExecutor$Worker.run(ThreadPoolExecutor.java:637)
04-30 01:16:57.513  9200 12494 W NetworkScheduler: 	at abuh.run(:com.google.android.gms@231417044@23.14.17 (190400-527331132):0)
04-30 01:16:57.513  9200 12494 W NetworkScheduler: 	at java.lang.Thread.run(Thread.java:1012)
04-30 01:16:57.526 12921 14409 I ogle.android.gm: WaitForGcToComplete blocked AddRemoveAppImageSpace on Background for 697.081ms
04-30 01:16:57.536  8350 14566 I MediaProvider: Deleted 1 0 0 0 0 0 0 items on external_primary due to org.jetbrains.android_benchmark.test
04-30 01:16:57.538  5429  8540 D SyncManager: userId - 0 auto - true
04-30 01:16:57.542  8350 23456 W MediaProvider: isAppCloneUserPair for user 0: false
04-30 01:16:57.545 12921 14409 W ogle.android.gm: Suspending all threads took: 18.367ms
04-30 01:16:57.547 12921 14409 D nativeloader: Configuring classloader-namespace for other apk /system/framework/com.android.location.provider.jar. target_sdk_version=33, uses_libraries=ALL, library_path=/data/app/~~d3JMdVZb4WLMAhij8OQRsQ==/com.google.android.gms-TXkfI_b9zsk_P7YUY9hvvg==/lib/arm64:/data/app/~~d3JMdVZb4WLMAhij8OQRsQ==/com.google.android.gms-TXkfI_b9zsk_P7YUY9hvvg==/base.apk!/lib/arm64-v8a, permitted_path=/data:/mnt/expand:/data/user/0/com.google.android.gms
04-30 01:16:57.547 12921 14409 D nativeloader: Extending system_exposed_libraries: libhumantracking.arcsoft.so:libPortraitDistortionCorrection.arcsoft.so:libPortraitDistortionCorrectionCali.arcsoft.so:libface_landmark.arcsoft.so:libFacialStickerEngine.arcsoft.so:libveengine.arcsoft.so:liblow_light_hdr.arcsoft.so:libhigh_dynamic_range.arcsoft.so:libFacialAttributeDetection.arcsoft.so:libBeauty_v4.camera.samsung.so:libexifa.camera.samsung.so:libjpega.camera.samsung.so:libOpenCv.camera.samsung.so:libImageScreener.camera.samsung.so:libMyFilter.camera.samsung.so:libtensorflowLite.myfilter.camera.samsung.so:libtensorflowlite_inference_api.myfilter.camera.samsung.so:libEventFinder.camera.samsung.so:libHIDTSnapJNI.camera.samsung.so:libSmartScan.camera.samsung.so:libRectify.camera.samsung.so:libDocRectifyWrapper.camera.samsung.so:libUltraWideDistortionCorrection.camera.samsung.so:libHpr_RecGAE_cvFeature_v1.0.camera.samsung.so:libHprFace_GAE_api.camera.samsung.so:libFace_Landmark_API.camera.samsung.so:libHprFace_GAE_jni.camera.samsung.so:libFacialBasedSelfieCorrec
04-30 01:16:57.552  5429  8536 D SyncManager: userId - 0 auto - true
04-30 01:16:57.552  9668  9668 I A       : Local calendar periodic scheduler worker starts.
04-30 01:16:57.555  9200 12495 I NetworkScheduler.Stats: Task com.google.android.gms/com.google.android.gms.ipa.base.IpaGcmTaskService finished executing. cause:9 result: 1 elapsed_millis: 78 uptime_millis: 78 exec_start_elapsed_seconds: 219757 [CONTEXT service_id=218 ]
04-30 01:16:57.557 12235 12258 I TestRunner: finished: mutableUniversalRefLong(org.jetbrains.android_benchmark.AckermannBenchmark)
