04-27 22:15:05.329  4899  4899 E audit   : type=1300 audit(1682626505.323:19932): arch=c00000b7 syscall=56 success=no exit=-13 a0=ffffff9c a1=7fcb563ba8 a2=88000 a3=0 items=0 ppid=4924 pid=22170 auid=4294967295 uid=10222 gid=10222 euid=10222 suid=10222 fsuid=10222 egid=10222 sgid=10222 fsgid=10222 tty=(none) ses=4294967295 comm="plugin:passport" exe="/system/bin/app_process64" subj=u:r:untrusted_app:s0:c222,c256,c512,c768 key=(null)
04-27 22:15:05.329  4899  4899 E audit   : type=1327 audit(1682626505.323:19932): proctitle="zygote64"
04-27 22:15:05.330 22170 22184 W libc    : Access denied finding property "sys.perf.boostopt"
04-27 22:15:05.330  4899  4899 E audit   : type=1400 audit(1682626505.323:19933): avc:  denied  { read } for  pid=22170 comm="binder:22170_1" name="u:object_r:perf_prop:s0" dev="tmpfs" ino=21617 scontext=u:r:untrusted_app:s0:c222,c256,c512,c768 tcontext=u:object_r:perf_prop:s0 tclass=file permissive=0 SEPF_SM-A515F_13_0001 audit_filtered
04-27 22:15:05.333 22170 22170 D ActivityThread: setConscryptValidator
04-27 22:15:05.333 22170 22170 D ActivityThread: setConscryptValidator - put
04-27 22:15:05.358 22170 22184 W libc    : Access denied finding property "sys.perf.boostopt"
04-27 22:15:05.367  6734 10787 I FontLog : Received query Google Sans:500, URI content://com.google.android.gms.fonts [CONTEXT service_id=132 ]
04-27 22:15:05.368  6734 10787 I FontLog : Query [Google Sans:500] resolved to {Google Sans, wdth 100.0, wght 500, ital 0.0, bestEffort false} [CONTEXT service_id=132 ]
04-27 22:15:05.377  6734 10787 I FontLog : Font PFD returned from cache for {Google Sans, wdth 100.0, wght 500, ital 0.0, bestEffort false} [CONTEXT service_id=132 ]
04-27 22:15:05.378 22170 22170 D CompatibilityChangeReporter: Compat change id reported: 171979766; UID 10222; state: ENABLED
04-27 22:15:05.378  6734 10787 I FontLog : Fetch {Google Sans, wdth 100.0, wght 500, ital 0.0, bestEffort false} end status Status{statusCode=SUCCESS, resolution=null} [CONTEXT service_id=132 ]
04-27 22:15:05.390  5429  5486 I libprocessgroup: Successfully killed process cgroup uid 10285 pid 20875 in 0ms
04-27 22:15:05.411 21900 22128 I OneAuthLog: [OneAuth:Info:4wg2j:00000000-0000-0000-0000-000000000000] TSL Info: { name:FetchRemoteConfigurations, resultType:Success, resultCode:None, duration:105ms }
04-27 22:15:05.455  4924  4924 I Zygote  : Process 20875 exited due to signal 9 (Killed)
04-27 22:15:05.492 22109 22109 I [SC]MediaProxyProvider: onCreate()
04-27 22:15:05.493  6734 10831 I FontLog : Pulling font file for id = 263, cache size = 8 [CONTEXT service_id=132 ]
04-27 22:15:05.533 20974 22192 I Cello   : [22192:NonCelloThread] cello.cc:537:operator() got notified of network change to online
04-27 22:15:05.550 22109 22109 I [SC]MediaMigration: migrationCloudAgentSetting() need to migrate : false0
04-27 22:15:05.588  6734 10831 I FontLog : Received query Google Sans:700, URI content://com.google.android.gms.fonts [CONTEXT service_id=132 ]
04-27 22:15:05.589  6734 10831 I FontLog : Query [Google Sans:700] resolved to {Google Sans, wdth 100.0, wght 700, ital 0.0, bestEffort false} [CONTEXT service_id=132 ]
04-27 22:15:05.598  6734 10831 I FontLog : Fetch {Google Sans, wdth 100.0, wght 700, ital 0.0, bestEffort false} end status Status{statusCode=SUCCESS, resolution=null} [CONTEXT service_id=132 ]
04-27 22:15:05.597  5429  7411 D SemWifiUsabilityStatsMonitor: onWifiUsabilityStats - seqNum 6150, isSameBssidAndFreq true
04-27 22:15:05.600 21900 22189 E BSDKImageLoader: new ImageLoader
04-27 22:15:05.601  5429  5717 I SemWifiLinkQualityMonitor: Link Qos Query: 0.167 ms / 48.000 Mbps (72 / 0.000 / 1.500)
04-27 22:15:05.605 22109 22109 I [SC]DataStoreProvider: onCreate() is called
04-27 22:15:05.621  6734 10831 I FontLog : Pulling font file for id = 264, cache size = 9 [CONTEXT service_id=132 ]
04-27 22:15:05.627 22170 22170 D nativeloader: Configuring classloader-namespace for other apk /system/framework/org.apache.http.legacy.jar. target_sdk_version=33, uses_libraries=ALL, library_path=/data/app/~~XgcWeQ2hbc1UXoEBdNZPFw==/ru.yandex.searchplugin-wT7jwe4TGZEB69h3TkIIcw==/lib/arm64:/data/app/~~XgcWeQ2hbc1UXoEBdNZPFw==/ru.yandex.searchplugin-wT7jwe4TGZEB69h3TkIIcw==/base.apk!/lib/arm64-v8a:/data/app/~~XgcWeQ2hbc1UXoEBdNZPFw==/ru.yandex.searchplugin-wT7jwe4TGZEB69h3TkIIcw==/split_config.en.apk!/lib/arm64-v8a:/data/app/~~XgcWeQ2hbc1UXoEBdNZPFw==/ru.yandex.searchplugin-wT7jwe4TGZEB69h3TkIIcw==/split_config.ru.apk!/lib/arm64-v8a:/data/app/~~XgcWeQ2hbc1UXoEBdNZPFw==/ru.yandex.searchplugin-wT7jwe4TGZEB69h3TkIIcw==/split_config.xxhdpi.apk!/lib/arm64-v8a, permitted_path=/data:/mnt/expand:/data/user/0/ru.yandex.searchplugin
04-27 22:15:05.627 22170 22170 D nativeloader: Extending system_exposed_libraries: libhumantracking.arcsoft.so:libPortraitDistortionCorrection.arcsoft.so:libPortraitDistortionCorrectionCali.arcsoft.so:libface_landmark.arcsoft.so:libFacialStickerEngine.arcsoft.so:libveengine.arcsoft.so:liblow_light_hdr.arcsoft.so:libhigh_dynamic_range.arcsoft.so:libFacialAttributeDetection.arcsoft.so:libBeauty_v4.camera.samsung.so:libexifa.camera.samsung.so:libjpega.camera.samsung.so:libOpenCv.camera.samsung.so:libImageScreener.camera.samsung.so:libMyFilter.camera.samsung.so:libtensorflowLite.myfilter.camera.samsung.so:libtensorflowlite_inference_api.myfilter.camera.samsung.so:libEventFinder.camera.samsung.so:libHIDTSnapJNI.camera.samsung.so:libSmartScan.camera.samsung.so:libRectify.camera.samsung.so:libDocRectifyWrapper.camera.samsung.so:libUltraWideDistortionCorrection.camera.samsung.so:libHpr_RecGAE_cvFeature_v1.0.camera.samsung.so:libHprFace_GAE_api.camera.samsung.so:libFace_Landmark_API.camera.samsung.so:libHprFace_GAE_jni.camera.samsung.so:libFacialBasedSelfieCorrec
04-27 22:15:05.663 22109 22109 I [SC]DeviceUtil: hasSepLiteSignature: false
04-27 22:15:05.709 22170 22170 W ziparchive: Unable to open '/data/app/~~XgcWeQ2hbc1UXoEBdNZPFw==/ru.yandex.searchplugin-wT7jwe4TGZEB69h3TkIIcw==/split_config.en.dm': No such file or directory
04-27 22:15:05.709 22170 22170 W ziparchive: Unable to open '/data/app/~~XgcWeQ2hbc1UXoEBdNZPFw==/ru.yandex.searchplugin-wT7jwe4TGZEB69h3TkIIcw==/split_config.en.dm': No such file or directory
04-27 22:15:05.713  4924  4924 D Zygote  : Forked child process 22203
04-27 22:15:05.719 22170 22170 W plugin:passport: Entry not found
04-27 22:15:05.722 21900 22189 E LruDiskCache: java.io.IOException: Stream Closed
04-27 22:15:05.724 21900 22189 E LruDiskCache: java.io.IOException: Stream Closed
04-27 22:15:05.725 21900 22189 E DefConfigFactory: java.io.IOException: Stream Closed
04-27 22:15:05.726 21900 22189 E BSDKImageLoader: Initialize ImageLoader with mConfiguration
04-27 22:15:05.736 22170 22170 W ziparchive: Unable to open '/data/app/~~XgcWeQ2hbc1UXoEBdNZPFw==/ru.yandex.searchplugin-wT7jwe4TGZEB69h3TkIIcw==/split_config.ru.dm': No such file or directory
04-27 22:15:05.736 22170 22170 W ziparchive: Unable to open '/data/app/~~XgcWeQ2hbc1UXoEBdNZPFw==/ru.yandex.searchplugin-wT7jwe4TGZEB69h3TkIIcw==/split_config.ru.dm': No such file or directory
04-27 22:15:05.747 22170 22170 W plugin:passport: Entry not found
04-27 22:15:05.750 22170 22170 W ziparchive: Unable to open '/data/app/~~XgcWeQ2hbc1UXoEBdNZPFw==/ru.yandex.searchplugin-wT7jwe4TGZEB69h3TkIIcw==/split_config.xxhdpi.dm': No such file or directory
04-27 22:15:05.757 22170 22170 W ziparchive: Unable to open '/data/app/~~XgcWeQ2hbc1UXoEBdNZPFw==/ru.yandex.searchplugin-wT7jwe4TGZEB69h3TkIIcw==/split_config.xxhdpi.dm': No such file or directory
04-27 22:15:05.760 22170 22170 W plugin:passport: Entry not found
04-27 22:15:05.762 22203 22203 I .filterprovider: Using CollectorTypeCC GC.
04-27 22:15:05.770 22203 22203 E .filterprovider: Not starting debugger since process cannot load the jdwp agent.
04-27 22:15:05.775 22109 22109 I [SC]CustomIndexablesSearchProvider: secQueryGetFingerprint: 530507000en_GB
04-27 22:15:05.778 22170 22170 D nativeloader: Configuring classloader-namespace for other apk /data/app/~~XgcWeQ2hbc1UXoEBdNZPFw==/ru.yandex.searchplugin-wT7jwe4TGZEB69h3TkIIcw==/base.apk:/data/app/~~XgcWeQ2hbc1UXoEBdNZPFw==/ru.yandex.searchplugin-wT7jwe4TGZEB69h3TkIIcw==/split_config.en.apk:/data/app/~~XgcWeQ2hbc1UXoEBdNZPFw==/ru.yandex.searchplugin-wT7jwe4TGZEB69h3TkIIcw==/split_config.ru.apk:/data/app/~~XgcWeQ2hbc1UXoEBdNZPFw==/ru.yandex.searchplugin-wT7jwe4TGZEB69h3TkIIcw==/split_config.xxhdpi.apk. target_sdk_version=33, uses_libraries=, library_path=/data/app/~~XgcWeQ2hbc1UXoEBdNZPFw==/ru.yandex.searchplugin-wT7jwe4TGZEB69h3TkIIcw==/lib/arm64:/data/app/~~XgcWeQ2hbc1UXoEBdNZPFw==/ru.yandex.searchplugin-wT7jwe4TGZEB69h3TkIIcw==/base.apk!/lib/arm64-v8a:/data/app/~~XgcWeQ2hbc1UXoEBdNZPFw==/ru.yandex.searchplugin-wT7jwe4TGZEB69h3TkIIcw==/split_config.en.apk!/lib/arm64-v8a:/data/app/~~XgcWeQ2hbc1UXoEBdNZPFw==/ru.yandex.searchplugin-wT7jwe4TGZEB69h3TkIIcw==/split_config.ru.apk!/lib/arm64-v8a:/data/app/~~XgcWeQ2hbc1UXoEBdNZPFw==/ru.yandex.searchplugin-wT7j
04-27 22:15:05.780 22203 22203 W libc    : Access denied finding property "sys.perf.boostopt"
04-27 22:15:05.782 22203 22217 W libc    : Access denied finding property "sys.perf.boostopt"
04-27 22:15:05.783 22203 22203 D ActivityThread: setConscryptValidator
04-27 22:15:05.783 22203 22203 D ActivityThread: setConscryptValidator - put
04-27 22:15:05.802 22170 22170 W plugin:passport: JIT profile information will not be recorded: profile file does not exist.
04-27 22:15:05.802 22170 22170 W plugin:passport: JIT profile information will not be recorded: profile file does not exist.
04-27 22:15:05.802 22170 22170 W plugin:passport: JIT profile information will not be recorded: profile file does not exist.
04-27 22:15:05.814 22109 22109 I CapsuleProvider_1.0.23: onCreate
04-27 22:15:05.816 22203 22218 W libc    : Access denied finding property "sys.perf.boostopt"
04-27 22:15:05.838 22203 22203 D CompatibilityChangeReporter: Compat change id reported: 171979766; UID 1000; state: ENABLED
04-27 22:15:05.862 22109 22109 I [SC]RPCSyncProviderPublic: onCreate
04-27 22:15:05.863 22109 22109 I [SC]RPCSyncProvider: onCreate
04-27 22:15:05.908 22109 22127 I [SC]LinkContextProvider: call : GET_MIGRATION_STATE
04-27 22:15:05.913 22109 22127 I [SC]LinkContextProvider: getMigrationState
04-27 22:15:05.916 22109 22127 I [SC]LinkContextProvider: : is waiting migration status
04-27 22:15:05.916 22109 22127 I [SC]LinkContextProvider: use cache during initialization: MigrationStatus{linkState=None, isMigrationSupported=true, isTriggeredDevice=false, isPartnersSyncEnabled=false, eofStage=None, allowedOperations=[]}
04-27 22:15:05.921 22109 22127 I [SC]LinkContextProvider: getMigrationState: Bundle[{IsPartnersSyncEnabled=false, IsNewCloudUser=true, IsTriggeredDevice=false, EOFStage=None, AllowedOperations=[MeridianLargeCard, MeridianInterfaceSupport], LinkState=None, IsMigrationSupported=true}]
04-27 22:15:05.943 22109 22109 I [SC][Scsp]: initialize
04-27 22:15:05.949 22170 22170 V GraphicsEnvironment: ANGLE Developer option for 'ru.yandex.searchplugin' set to: 'default'
04-27 22:15:05.950 22170 22170 V GraphicsEnvironment: ANGLE GameManagerService for ru.yandex.searchplugin: false
04-27 22:15:05.951 22170 22170 V GraphicsEnvironment: Neither updatable production driver nor prerelease driver is supported.
04-27 22:15:05.957 22109 22109 I [SC]SamsungCloudApp: onCreate - start.
04-27 22:15:05.965 22170 22170 D NetworkSecurityConfig: Using Network Security Config from resource network_security_config_mobileyandex debugBuild: false
04-27 22:15:05.977 22109 22109 I DIAGMON_SDK[605036]: DiagMonAgent type: 2
04-27 22:15:05.987 21852 22097 I SamsungAccount: [AccountManagerProvider] Calling package : microsoft.skydrive.
04-27 22:15:05.987 21852 22097 I SamsungAccount: [SignatureCheckUtil] runCheckSignatureAsync
04-27 22:15:05.988 21852 22097 I SamsungAccount: [SignaturePreconditionChecker] getSignatureResult - fromSesSdk : false
04-27 22:15:05.988 21852 22097 I SamsungAccount: [SignatureInfoDbHelper] getSignatureResult - [10/21n36][microsoft.skydrive.]
04-27 22:15:05.988 21852 22097 I SamsungAccount: [SignatureInfoDbHelper] searchOnUser
04-27 22:15:06.016 22170 22170 D NetworkSecurityConfig: Using Network Security Config from resource network_security_config_mobileyandex debugBuild: false
04-27 22:15:06.023 21900 22157 D CompatibilityChangeReporter: Compat change id reported: 183155436; UID 10039; state: ENABLED
04-27 22:15:06.024 22109 22109 I DIAGMON_SDK[605036][026-399-529756] : generated SR object
04-27 22:15:06.059 22203 22203 I FILP/FilterProvider: versionName : 6.0.10, DB version : 101
04-27 22:15:06.071 22203 22203 I FILP/i  : CscFeature :
04-27 22:15:06.072 22203 22203 I FILP/i  : existTBFilters : false
04-27 22:15:06.073 22203 22203 I FILP/i  : Preload Filter Version : 5
04-27 22:15:06.073 22203 22203 I FILP/i  : One UI version : 50100
04-27 22:15:06.079 21852 22097 I SamsungAccount: [SignatureInfoDbHelper] searchOnUser - [10/21n36][microsoft.skydrive.][64/3d550] => matched
04-27 22:15:06.079 21852 22097 I SamsungAccount: [SignatureInfoDbHelper] search - matched
04-27 22:15:06.079 21852 22097 I SamsungAccount: [SignatureCheckUtil] runCheckSignatureAsync(fromDb) - matched
04-27 22:15:06.079 21852 22097 I SamsungAccount: [AccountManagerProvider] This is the access of the allowed application
04-27 22:15:06.092 22203 22203 I FILP/h  : storeThirdPartyExternalFilters
04-27 22:15:06.092 22203 22203 I FILP/FilterProvider: query: X
04-27 22:15:06.151 22203 22203 I FILP/FilterProvider: query: E
04-27 22:15:06.155 22203 22203 I FILP/h  : installFilters
04-27 22:15:06.155 22203 22203 I FILP/FilterProvider: query: X
04-27 22:15:06.157 22203 22203 I FILP/FilterProvider: query: E
04-27 22:15:06.158 21900 22128 I OneAuthLog: [OneAuth:Info:4wg2j:00000000-0000-0000-0000-000000000000] TSL Info: { name:GetRemoteConfigurations, resultType:Success, resultCode:None, duration:0ms }
04-27 22:15:06.159 22203 22203 I FILP/h  : loadExternalFilter count : 12
04-27 22:15:06.160 22203 22203 I FILP/FilterProvider: query: X
04-27 22:15:06.170 22203 22203 I FILP/FilterProvider: query: E
04-27 22:15:06.186 22109 22109 I [SC]SamsungCloudApp: time elapsed to initialize ExceptionFilterInitializer: 2
04-27 22:15:06.223 22203 22203 I FILP/PackageIntentReceiver: action : com.samsung.android.provider.filterprovider.INTENT_PACKAGE_REMOVED
04-27 22:15:06.230 22203 22203 I FILP/PackageIntentReceiver: pkgName : org.jetbrains.android_benchmark.test
04-27 22:15:06.231 22109 22109 I [SC]SamsungCloudApp: time elapsed to initialize ContextInitializer: 44
04-27 22:15:06.244 22203 22220 W libc    : Access denied finding property "sys.perf.boostopt"
04-27 22:15:06.266 11589 11769 I PolicyManager: [#CMH#] Is foreground game app: false
04-27 22:15:06.271 22109 22251 I [SC]DeviceUtil: hasSepLiteSignature: false
04-27 22:15:06.314 22109 22262 I [SC]LinkContextProvider: call : LOAD_CONTEXT
04-27 22:15:06.318 22203 22249 I FILP/c  : uninstallFilters
04-27 22:15:06.349 22109 22258 I [SC]CommonNotiUtil: hideProgress: GALLERY_EXT_UPLOAD_PROGRESSING
04-27 22:15:06.352  1836  1836 I SB_Receiver: action : com.samsung.android.sm.security.service.ACTION_SERVICE_STATUS_CHANGED
04-27 22:15:06.353  5429  5665 D ConnectivityService: Rematched networks [computed 0ms] [applied 3ms] [issued 8]
04-27 22:15:06.353  5429  5665 D ConnectivityService: NetworkReassignment : no changes
04-27 22:15:06.368 22109 22109 I [SC]SyncAccountRecoveryManager: onAppCreated
04-27 22:15:06.370 21900 22075 D TrafficStats: tagSocket(88) with statsTag=0xffffffff, statsUid=-1
04-27 22:15:06.369  5429  5751 D NetdEventListenerService: DNS Requested by : 108, 10039
04-27 22:15:06.404 22203 22249 I FILP/FilterProvider: query: X
04-27 22:15:06.438  1836 22280 I SB_Processor: action : com.samsung.android.sm.security.service.ACTION_SERVICE_STATUS_CHANGED
04-27 22:15:06.439  1836  1836 I SB_Receiver: action : com.samsung.android.sm.security.service.ACTION_SERVICE_STATUS_CHANGED
04-27 22:15:06.442  1836 22280 I SB_BgScanServiceCompleted : name : initialization_service, status  : started
04-27 22:15:06.449  1836 22280 I SB_Processor: action : com.samsung.android.sm.security.service.ACTION_SERVICE_STATUS_CHANGED
04-27 22:15:06.449  1836 22280 I SB_BgScanServiceCompleted : name : initialization_service, status  : completed
04-27 22:15:06.454  8449  8666 I SemDvfsHyPerManager: acquire hyper - SIOP_ARM_MAX/8449@2, type = 301993986
04-27 22:15:06.454 20974 22192 I Cello   : [22192:NonCelloThread] token_bucket.cc:221:Create TokenBucket initialized with max_bucket_size of 300, with each request requiring 10 tokens
04-27 22:15:06.454 20974 22192 I Cello   : [22192:NonCelloThread] token_bucket.cc:221:Create TokenBucket initialized with max_bucket_size of 300, with each request requiring 10 tokens
04-27 22:15:06.454 20974 22192 I Cello   : [22192:NonCelloThread] token_bucket.cc:221:Create TokenBucket initialized with max_bucket_size of 300, with each request requiring 10 tokens
04-27 22:15:06.456  5040  5080 I HYPER-HAL: [RequestManager.cpp]acquire(): Acquired ID : 35713928  [8449 / 2]    HINT :      list : [CPUMaxFreq / 1976000]
04-27 22:15:06.474 22109 22262 I [SC][AUTH]AuthUtil: getAuthData
04-27 22:15:06.487 21633 21685 I GOS:GameServiceReceiver: Task.doInBackground(), action : com.samsung.android.intent.action.PACKAGE_INSTALL_STARTED
04-27 22:15:06.493 21633 21685 I GOS:GameServiceReceiver:  PkgInstallStarted for org.jetbrains.android_benchmark.test UserID : 0
04-27 22:15:06.494 22109 22109 I [SC]SamsungCloudApp: time elapsed to initialize OperatorInitializer: 263
04-27 22:15:06.494 22203 22249 I FILP/FilterProvider: query: E
04-27 22:15:06.494 22109 22109 I [SC]SamsungCloudApp: time elapsed to initialize BixbyInitializer: 0
04-27 22:15:06.495 22109 22109 I [SC]SamsungCloudApp: time elapsed to initialize SamsungAccountEventHandlerInitializer: 1
04-27 22:15:06.495 22203 22249 I FILP/c  : removeFromFS : org.jetbrains.android_benchmark.test, cursor size : 0
04-27 22:15:06.495 22109 22109 I [SC]SamsungCloudApp: time elapsed to initialize RxJavaInitializer: 0
04-27 22:15:06.510 21852 21852 I SamsungAccount: [AIDLRequestService] OnCreate Service
04-27 22:15:06.511 21852 21852 I SamsungAccount: [AIDLRequestService] OnBind
04-27 22:15:06.511 21852 21852 I SamsungAccount: [AIDLRequestService] [InAIDL] Service bound
04-27 22:15:06.518  4899  4899 E audit   : type=1400 audit(1682626506.511:19939): avc:  denied  { read } for  pid=21633 comm="binder:21633_2" name="u:object_r:perf_prop:s0" dev="tmpfs" ino=21617 scontext=u:r:platform_app:s0:c512,c768 tcontext=u:object_r:perf_prop:s0 tclass=file permissive=0 SEPF_SM-A515F_13_0001 audit_filtered
04-27 22:15:06.518  4899  4899 E audit   : type=1300 audit(1682626506.511:19939): arch=c00000b7 syscall=56 success=no exit=-13 a0=ffffff9c a1=7804ab32f8 a2=88000 a3=0 items=0 ppid=4924 pid=21633 auid=4294967295 uid=10217 gid=10217 euid=10217 suid=10217 fsuid=10217 egid=10217 sgid=10217 fsgid=10217 tty=(none) ses=4294967295 comm="binder:21633_2" exe="/system/bin/app_process64" subj=u:r:platform_app:s0:c512,c768 key=(null)
04-27 22:15:06.518  4899  4899 E audit   : type=1327 audit(1682626506.511:19939): proctitle="com.samsung.android.game.gos"
04-27 22:15:06.519 21633 21657 W libc    : Access denied finding property "sys.perf.boostopt"
04-27 22:15:06.521 22109 22284 I [SC]ConfigurationManager: getSimplePolicy
04-27 22:15:06.556 21633 22290 I GOS:GameIntentService: onHandleIntent. GameIntentService. type: 15, pkgName: null
04-27 22:15:06.556 22109 22270 I [SC]DeviceControlOperator: handled: REQUEST_REFRESH_APP_ICON
04-27 22:15:06.567 22203 22249 I FILP/c  : Delete DB result : org.jetbrains.android_benchmark.test, 0
04-27 22:15:06.570 22109 22295 I [SC]SyncInitializer: initialize
04-27 22:15:06.585 22109 22295 I [SC]SyncInitializer: initializePrivate
04-27 22:15:06.587 22109 22295 I [SC][DEPENDENCY][GALLERY]: is created
04-27 22:15:06.587 22109 22295 I [SC][DEPENDENCY][AREmoji]: is created
04-27 22:15:06.588 22109 22295 I [SC][DEPENDENCY][WiFi]: is created
04-27 22:15:06.588 22109 22295 I [SC][DEPENDENCY][BT_S]: is created
04-27 22:15:06.591 22109 22286 I [SC]MediaMigration: existCloudFile : false
04-27 22:15:06.608  6323  6323 I [SmartWidget-1.1.3]SystemUnionReceiver: SystemUnionReceiver: PACKAGE_DATA_CLEARED org.jetbrains.android_benchmark.test
04-27 22:15:06.610 22109 22284 I [SC]ConfigurationItemDataManager: getFilePath : configurationName = scloud_simplePolicy
04-27 22:15:06.616 22109 22286 I [SC]BaseSyncUtil: com.android.bluetooth isSupported: true, isEnabled: true
04-27 22:15:06.623 22109 22286 I [SC]ComponentInitializer: switchBtComponent: com.samsung.bt.btservice.btsettingsprovider
04-27 22:15:06.623 22109 22286 I [SC]SyncUtil: invisibleSync: com.samsung.android.scloud.deviceproperty
04-27 22:15:06.633 22109 22295 I [SC]SyncInitialization: initialize
04-27 22:15:06.644 22109 22294 I [SC]DeviceObservers: start
04-27 22:15:06.645 22109 22294 I [SC]DevicePropertyManager: addPropertyChangeListener: NetworkConnectionAllowedObservable
04-27 22:15:06.656  4925  4925 D Zygote  : Forked child process 22302
04-27 22:15:06.666 22109 22286 I [SC]SyncSettingManager: switchOnOff: com.samsung.android.scloud.deviceproperty, 0
04-27 22:15:06.694 22109 22292 I [SC]SamsungCloudApp: getWorkManagerConfiguration
04-27 22:15:06.710 22109 22286 I [SC]SyncSettingManager: setIsSyncable: com.samsung.android.scloud.deviceproperty, 0
04-27 22:15:06.711 22109 22286 I [SC]BaseSyncUtil: visibleSync: com.samsung.bt.btservice.btsettingsprovider
04-27 22:15:06.720 22109 22301 E [SC]SyncDependencyFactory: [E] dependency meta data not found: com.sec.android.app.sbrowser
04-27 22:15:06.728 22109 22286 I [SC]SyncSettingManager: setIsSyncable: com.samsung.bt.btservice.btsettingsprovider, 1
04-27 22:15:06.729 22109 22301 I [SC][DEPENDENCY][INTERNET]: is created
04-27 22:15:06.731 22109 22301 E [SC]SyncDependencyFactory: [E] dependency meta data not found: com.android.contacts
04-27 22:15:06.731 22109 22301 I [SC][DEPENDENCY][CONTACTS]: is created
04-27 22:15:06.733 22109 22301 E [SC]SyncDependencyFactory: [E] dependency meta data not found: com.android.calendar
04-27 22:15:06.745 22109 22301 I [SC][DEPENDENCY][STD][com.samsung.android.app.reminder]: is created
04-27 22:15:06.749 20974 22192 I Cello   : [22192:NonCelloThread] init_task.cc:660:MaybeResyncLocalState Detected no change in default fields, default team drive fields, or existing fields returned by the backend.
04-27 22:15:06.750 22109 22301 I [SC][DEPENDENCY][STD][com.samsung.android.app.notes.sync]: is created
04-27 22:15:06.754 22109 22301 E [SC]SyncDependencyFactory: [E] dependency meta data not found: com.samsung.android.app.memo
04-27 22:15:06.758 22109 22301 E [SC]SyncDependencyFactory: [E] dependency meta data not found: com.samsung.android.snote
04-27 22:15:06.759 22109 22301 I [SC][DEPENDENCY][SNOTE]: is created
04-27 22:15:06.762 22109 22301 I [SC][DEPENDENCY][SPASS]: is created
04-27 22:15:06.768 22109 22109 I [SC]SamsungCloudApp: time elapsed to initialize ComponentInitializer: 272
04-27 22:15:06.769 22109 22109 I [SC]SamsungCloudApp: time elapsed to initialize DesignCodeConsumerInitializer: 230
04-27 22:15:06.769 22109 22301 E [SC]SyncDependencyFactory: [E] dependency meta data not found: com.samsung.android.app.pinboard
04-27 22:15:06.770 22109 22301 I [SC][DEPENDENCY][SCRAPBOOK]: is created
04-27 22:15:06.826 22302 22302 I .android.chrome: Using CollectorTypeCC GC.
04-27 22:15:06.835  4623  4623 W keymaster_tee: [WRN]begin req PARAMS: A1 P4
04-27 22:15:06.847 21633 22290 I GOS:GameIntentService: onPackageChanged(). extras: Bundle[{changeType=2, userId=0, type=15, packageName=org.jetbrains.android_benchmark.test}]
04-27 22:15:06.847 21633 22290 I GOS:GameIntentService: onPackageChanged(). changeType(INSTALL_STARTED), pkgName(org.jetbrains.android_benchmark.test), UserHandle(0), userId(0), Installed(true)
04-27 22:15:06.857 20974 22192 I Cello   : [22192:NonCelloThread] sync_engine.cc:1978:MaybeStartRepeatingPushTaskTimer Starting repeating push task timer with interval 30000ms
04-27 22:15:06.864  5429  5486 I libprocessgroup: Successfully killed process cgroup uid 10389 pid 20893 in 0ms
04-27 22:15:06.882  4924  4924 I Zygote  : Process 20893 exited due to signal 9 (Killed)
04-27 22:15:06.914 22170 22315 D CompatibilityChangeReporter: Compat change id reported: 183155436; UID 10222; state: ENABLED
04-27 22:15:06.956  5429  6113 D PackageManager: setEnabledSetting : userId = 0 packageName = com.samsung.android.scloud cmp = androidx.work.impl.background.systemjob.SystemJobService newState = 1 callingPackage = 5009/com.samsung.android.scloud
04-27 22:15:06.959  5429  6113 D ApplicationPolicy: getApplicationStateEnabled : pkg = com.samsung.android.scloud userId : 0
04-27 22:15:06.960  5429  6113 D ApplicationPolicy: getApplicationComponentState : pkg = com.samsung.android.scloud userId : 0
04-27 22:15:06.969 22302 22302 E .android.chrome: Not starting debugger since process cannot load the jdwp agent.
04-27 22:15:06.978 22170 22315 I AppMetrica: Initializing of Metrica, Release type, Version 5.3.2, API Level 106, Dated 23.03.2023.
04-27 22:15:07.006 22109 22329 I [SC]SyncProvision: Category: Contacts, Thread id: 151
04-27 22:15:07.022  4623  4623 W keymaster_tee: [WRN]begin req PARAMS: A32 B2 P64
04-27 22:15:07.063  4899  4899 E audit   : type=1400 audit(1682626507.059:19940): avc:  denied  { read } for  pid=22302 comm=".android.chrome" name="u:object_r:perf_prop:s0" dev="tmpfs" ino=21617 scontext=u:r:untrusted_app:s0:c238,c256,c512,c768 tcontext=u:object_r:perf_prop:s0 tclass=file permissive=0 SEPF_SM-A515F_13_0001 audit_filtered
04-27 22:15:07.063 22302 22302 W libc    : Access denied finding property "sys.perf.boostopt"
04-27 22:15:07.068 22302 22348 W libc    : Access denied finding property "sys.perf.boostopt"
04-27 22:15:07.076 22302 22302 D ActivityThread: setConscryptValidator
04-27 22:15:07.078 22302 22302 D ActivityThread: setConscryptValidator - put
04-27 22:15:07.082 22109 22342 I [SC]SyncProvision: Category: SNote, Thread id: 160
04-27 22:15:07.089 22109 22341 I [SC]SyncProvision: Category: Samsung Notes, Thread id: 159
04-27 22:15:07.095 22109 22340 I [SC]SyncProvision: Category: Gallery, Thread id: 158
04-27 22:15:07.102 22109 22345 I [SC]SyncProvision: Category: Samsung Pass, Thread id: 162
04-27 22:15:07.107 22109 22336 I [SC]SyncProvision: Category: Scrapbook, Thread id: 154
04-27 22:15:07.108 22109 22344 I [SC]SyncProvision: Category: Samsung Health, Thread id: 161
04-27 22:15:07.118 22109 22346 I [SC]SyncProvision: Category: Wi-Fi, Thread id: 163
04-27 22:15:07.118 22109 22318 I [SC]AbstractPatchDevice: Account or cert isn't exist
04-27 22:15:07.119 22109 22326 I [SC]AbstractPatchDevice: Account or cert isn't exist
04-27 22:15:07.123 22109 22337 I [SC]SyncProvision: Category: Memo, Thread id: 155
04-27 22:15:07.147 22109 22340 I [SC]DeviceUtil: hasSepLiteSpec: false
04-27 22:15:07.159 22109 22347 I [SC]SyncProvision: Category: Internet, Thread id: 164
04-27 22:15:07.170 22109 22337 E [SC]SyncPolicyManager: [E] com.samsung.android.app.memo is not installed
04-27 22:15:07.175 22109 22344 E [SC]SyncPolicyManager: [E] com.sec.android.app.shealth is not supported (dependency is null!)
04-27 22:15:07.179 22109 22336 E [SC]SyncPolicyManager: [E] com.samsung.android.app.pinboard is not installed
04-27 22:15:07.180 22109 22339 I [SC]SyncProvision: Category: Reminder, Thread id: 157
04-27 22:15:07.182 22109 22342 E [SC]SyncPolicyManager: [E] com.samsung.android.snote is not installed
04-27 22:15:07.185 22302 22349 W libc    : Access denied finding property "sys.perf.boostopt"
04-27 22:15:07.194 22109 22338 I [SC]SyncProvision: Category: Bluetooth, Thread id: 156
04-27 22:15:07.204 22109 22347 E [SC]SyncPolicyManager: [E] com.sec.android.app.sbrowser is not installed
04-27 22:15:07.207 22109 22329 I [SC]SyncSettingManager: getCategory: com.android.contacts
04-27 22:15:07.212  4924  4924 D Zygote  : Forked child process 22360
04-27 22:15:07.219 22109 22335 I [SC]SyncProvision: Category: AR Emoji, Thread id: 152
04-27 22:15:07.229  4924  4924 D Zygote  : Forked child process 22361
04-27 22:15:07.233 22109 22299 I [SC][AUTH]SmpUtil: Firebase init
04-27 22:15:07.249 22109 22338 I [SC]BaseSyncUtil: com.android.bluetooth isSupported: true, isEnabled: true
04-27 22:15:07.257 22109 22335 I [SC]BaseSyncUtil: com.samsung.android.aremoji isSupported: true, isEnabled: true
04-27 22:15:07.264 22109 22297 I [SC]EnqueueConfiguration: run.
04-27 22:15:07.264 22109 22335 I [SC]SyncSettingManager: getCategory: com.samsung.android.aremoji.cloud
04-27 22:15:07.265 22109 22338 I [SC]SyncSettingManager: getCategory: com.samsung.bt.btservice.btsettingsprovider
04-27 22:15:07.265 22109 22346 I [SC][DEPENDENCY][WiFi]: mum user id: 0, is guest user: false
04-27 22:15:07.267 22109 22350 I [SC]SyncProvision: Category: Calendar, Thread id: 165
04-27 22:15:07.268 22109 22346 I [SC]BaseSyncUtil: com.android.settings isSupported: true, isEnabled: true
04-27 22:15:07.274 22109 22292 I [SC]AutoBackupUtil: initialize: nextTimeInterval: 51452596
04-27 22:15:07.277 22109 22346 I [SC]SyncSettingManager: getCategory: com.android.settings.wifiprofilesync
04-27 22:15:07.280 22109 22350 I [SC]SyncSettingManager: getCategory: com.android.calendar
04-27 22:15:07.284 22302 22302 D CompatibilityChangeReporter: Compat change id reported: 171979766; UID 10238; state: ENABLED
04-27 22:15:07.287 22361 22361 I oid.samsungpass: Using CollectorTypeCC GC.
04-27 22:15:07.287 22360 22360 I droid.app.notes: Using CollectorTypeCC GC.
04-27 22:15:07.298 22361 22361 E oid.samsungpass: Not starting debugger since process cannot load the jdwp agent.
04-27 22:15:07.303 22360 22360 E droid.app.notes: Not starting debugger since process cannot load the jdwp agent.
04-27 22:15:07.314 22360 22360 W libc    : Access denied finding property "sys.perf.boostopt"
04-27 22:15:07.315 22361 22361 W libc    : Access denied finding property "sys.perf.boostopt"
04-27 22:15:07.317 22360 22360 D ActivityThread: setConscryptValidator
04-27 22:15:07.317 22361 22361 D ActivityThread: setConscryptValidator
04-27 22:15:07.317 22360 22360 D ActivityThread: setConscryptValidator - put
04-27 22:15:07.317 22361 22361 D ActivityThread: setConscryptValidator - put
04-27 22:15:07.319  5429  6255 D SyncManager: userId - 0 auto - true
04-27 22:15:07.320 22360 22391 W libc    : Access denied finding property "sys.perf.boostopt"
04-27 22:15:07.321 22361 22392 W libc    : Access denied finding property "sys.perf.boostopt"
04-27 22:15:07.321 22109 22340 I [SC]MediaApi: isSyncAutomatically(): master sync: true
04-27 22:15:07.339 22109 22340 I [SC]MediaApi: isSyncAutomatically(), false
04-27 22:15:07.346 22360 22395 W libc    : Access denied finding property "sys.perf.boostopt"
04-27 22:15:07.358 22360 22360 D CompatibilityChangeReporter: Compat change id reported: 171979766; UID 10260; state: ENABLED
04-27 22:15:07.377 22109 22366 I [SC]SyncPackageRemoved: execute: com.samsung.android.snoteprovider4
04-27 22:15:07.382 22109 22329 I [SC]SyncSettingManager: getIsSyncable: com.android.contacts
04-27 22:15:07.387 22109 22366 I [SC]SyncSettingManager: getCategory: com.samsung.android.snoteprovider4
04-27 22:15:07.393 11246 11246 D BoundBrokerSvc: onUnbind: Intent { act=com.google.android.gms.feedback.internal.IFeedbackService dat=chimera-action:/... cmp=com.google.android.gms/.chimera.GmsBoundBrokerService }
04-27 22:15:07.397 22109 22304 I [SC]KeyStoreDisabler: Disable Keystore
04-27 22:15:07.405 22361 22361 D CompatibilityChangeReporter: Compat change id reported: 171979766; UID 10111; state: ENABLED
04-27 22:15:07.407  5429  5486 I libprocessgroup: Successfully killed process cgroup uid 10246 pid 20974 in 0ms
04-27 22:15:07.412 22361 22394 W libc    : Access denied finding property "sys.perf.boostopt"
04-27 22:15:07.440 22109 22335 I [SC]SyncSettingManager: getIsSyncable: com.samsung.android.aremoji.cloud
04-27 22:15:07.481 22109 22338 I [SC]SyncSettingManager: getIsSyncable: com.samsung.bt.btservice.btsettingsprovider
04-27 22:15:07.505 22109 22346 I [SC]SyncSettingManager: getIsSyncable: com.android.settings.wifiprofilesync
04-27 22:15:07.537 22109 22400 I [SC][AUTH]AuthUtil: getAuthData
04-27 22:15:07.540 22109 22350 I [SC]SyncSettingManager: getIsSyncable: com.android.calendar
04-27 22:15:07.541 22109 22358 I [SC]SecMediaChangeMonitor: onStartMonitoring
04-27 22:15:07.553 22109 22329 I [SC]SyncSettingManager: setSyncStatus: SyncStatusVo{authority='com.android.contacts', state='INACTIVE', errorCode='999'}
04-27 22:15:07.557 22109 22329 I [SC]SyncSettingManager: getContentVo: com.android.contacts, KEqLhXhtEP
04-27 22:15:07.565 22109 22359 I [SC]SyncPackageRemoved: execute: com.samsung.android.memo
04-27 22:15:07.565 22109 22359 I [SC]SyncSettingManager: getCategory: com.samsung.android.memo
04-27 22:15:07.569 22302 22302 W ziparchive: Unable to open '/data/app/~~zPEN1d0V-d7vcRV7vzGIkw==/com.google.android.trichromelibrary_561513633-KXsKdMSqVctmbOZ9oI8TRA==/base.dm': No such file or directory
04-27 22:15:07.570 22302 22302 W ziparchive: Unable to open '/data/app/~~zPEN1d0V-d7vcRV7vzGIkw==/com.google.android.trichromelibrary_561513633-KXsKdMSqVctmbOZ9oI8TRA==/base.dm': No such file or directory
04-27 22:15:07.585 22109 22340 I [SC]MediaApi: isWiFiOnly(), res - true
04-27 22:15:07.585 22109 22340 I [SC]SyncSettingManager: getCategory: media
04-27 22:15:07.586 22109 22335 I [SC]SyncSettingManager: setSyncStatus: SyncStatusVo{authority='com.samsung.android.aremoji.cloud', state='INACTIVE', errorCode='999'}
04-27 22:15:07.588 22109 22335 I [SC]SyncSettingManager: getContentVo: com.samsung.android.aremoji.cloud, k6M02It8oQ
04-27 22:15:07.591 22302 22302 W .android.chrome: Entry not found
04-27 22:15:07.624 22109 22299 I FirebaseApp: Device unlocked: initializing all Firebase APIs for app [DEFAULT]
04-27 22:15:07.637 22109 22338 I [SC]SyncSettingManager: setSyncStatus: SyncStatusVo{authority='com.samsung.bt.btservice.btsettingsprovider', state='INACTIVE', errorCode='999'}
04-27 22:15:07.640 22109 22338 I [SC]SyncSettingManager: getContentVo: com.samsung.bt.btservice.btsettingsprovider, BhjdLP0vkK
04-27 22:15:07.650 22109 22346 I [SC]SyncSettingManager: setSyncStatus: SyncStatusVo{authority='com.android.settings.wifiprofilesync', state='INACTIVE', errorCode='999'}
04-27 22:15:07.652 22109 22346 I [SC]SyncSettingManager: getContentVo: com.android.settings.wifiprofilesync, wYJPhxEsaA
04-27 22:15:07.668  5429  5486 I libprocessgroup: Successfully killed process cgroup uid 10244 pid 20930 in 0ms
04-27 22:15:07.684 22109 22350 I [SC]SyncSettingManager: setSyncStatus: SyncStatusVo{authority='com.android.calendar', state='INACTIVE', errorCode='999'}
04-27 22:15:07.686 22109 22350 I [SC]SyncSettingManager: getContentVo: com.android.calendar, 8kLTKS0V1y
04-27 22:15:07.704 22302 22302 D nativeloader: Configuring classloader-namespace for other apk /data/app/~~zPEN1d0V-d7vcRV7vzGIkw==/com.google.android.trichromelibrary_561513633-KXsKdMSqVctmbOZ9oI8TRA==/base.apk. target_sdk_version=33, uses_libraries=ALL, library_path=/data/app/~~tAryp4KSSTje0b6VLtn0Hg==/com.android.chrome-tQeXBKl-Y_JUbf2y2Nt2Sw==/lib/arm:/data/app/~~tAryp4KSSTje0b6VLtn0Hg==/com.android.chrome-tQeXBKl-Y_JUbf2y2Nt2Sw==/base.apk!/lib/armeabi-v7a:/data/app/~~zPEN1d0V-d7vcRV7vzGIkw==/com.google.android.trichromelibrary_561513633-KXsKdMSqVctmbOZ9oI8TRA==/base.apk!/lib/armeabi-v7a, permitted_path=/data:/mnt/expand:/data/user/0/com.android.chrome
04-27 22:15:07.704 22302 22302 D nativeloader: Extending system_exposed_libraries: libhumantracking.arcsoft.so:libPortraitDistortionCorrection.arcsoft.so:libPortraitDistortionCorrectionCali.arcsoft.so:libface_landmark.arcsoft.so:libFacialStickerEngine.arcsoft.so:libveengine.arcsoft.so:liblow_light_hdr.arcsoft.so:libhigh_dynamic_range.arcsoft.so:libFacialAttributeDetection.arcsoft.so:libBeauty_v4.camera.samsung.so:libexifa.camera.samsung.so:libjpega.camera.samsung.so:libOpenCv.camera.samsung.so:libImageScreener.camera.samsung.so:libMyFilter.camera.samsung.so:libtensorflowLite.myfilter.camera.samsung.so:libtensorflowlite_inference_api.myfilter.camera.samsung.so:libEventFinder.camera.samsung.so:libHIDTSnapJNI.camera.samsung.so:libSmartScan.camera.samsung.so:libRectify.camera.samsung.so:libDocRectifyWrapper.camera.samsung.so:libUltraWideDistortionCorrection.camera.samsung.so:libHpr_RecGAE_cvFeature_v1.0.camera.samsung.so:libHprFace_GAE_api.camera.samsung.so:libFace_Landmark_API.camera.samsung.so:libHprFace_GAE_jni.camera.samsung.so:libFacialBasedSelfieCorrec
04-27 22:15:07.705 22360 22360 W ziparchive: Unable to open '/system/framework/SmpsManager.dm': No such file or directory
04-27 22:15:07.706 22360 22360 W ziparchive: Unable to open '/system/framework/SmpsManager.dm': No such file or directory
04-27 22:15:07.803 22109 22299 I SmpLog  : [SMP] init. S:true P:SPP_ONLY_MODE A:a
04-27 22:15:07.804  6734  6734 D BoundBrokerSvc: onUnbind: Intent { act=com.google.android.gms.icing.LIGHTWEIGHT_INDEX_SERVICE dat=chimera-action:/... cmp=com.google.android.gms/.chimera.PersistentApiService }
04-27 22:15:07.805 22170 22315 I AppMetrica: Activate reporter with APIKey 67bb016b-xxxx-xxxx-xxxx-xxxxxxxx03d3
04-27 22:15:07.807 22170 22315 I AppMetrica: Activate reporter with APIKey 20799a27-xxxx-xxxx-xxxx-xxxxxxxx4180
04-27 22:15:07.851 21586 21688 I AppMetrica-Attribution: Choosing distribution data: ClidsInfo(chosen=Candidate(clids={clid24=2305182, clid1=2207450, clid1010=2295103, clid2023=2395783, clid1003=2207452, clid1004=2207453, clid1002=2207451}, source=APP), candidates=[Candidate(clids={clid24=2305182, clid1=2207450, clid1010=2295103, clid2023=2395783, clid1003=2207452, clid1004=2207453, clid1002=2207451}, source=APP)])
04-27 22:15:07.861 22109 22365 I [SC]SyncPackageRemoved: execute: com.samsung.android.SmartClip
04-27 22:15:07.861 22109 22365 I [SC]SyncSettingManager: getCategory: com.samsung.android.SmartClip
04-27 22:15:07.905 22109 22340 I [SC]SyncSettingManager: setIsSyncable: media, 1
04-27 22:15:07.905 22109 22340 I [SC]SyncSettingManager: setSyncStatus: SyncStatusVo{authority='media', state='INACTIVE', errorCode='999'}
04-27 22:15:07.908 22109 22340 I [SC]SyncSettingManager: getContentVo: media, phzej3S76k
04-27 22:15:07.913 21586 21688 I AppMetrica-Attribution: Choosing distribution data: ClidsInfo(chosen=Candidate(clids={clid24=2305182, clid1=2207450, clid1010=2295103, clid2023=2395783, clid1003=2207452, clid1004=2207453, clid1002=2207451}, source=APP), candidates=[Candidate(clids={clid24=2305182, clid1=2207450, clid1010=2295103, clid2023=2395783, clid1003=2207452, clid1004=2207453, clid1002=2207451}, source=APP)])
04-27 22:15:07.946 22109 22335 I [SC]SyncSettingManager: getContentVo: com.samsung.android.aremoji.cloud, vIrDKrcNqn
04-27 22:15:07.978 22302 22302 D nativeloader: Configuring classloader-namespace for other apk /data/app/~~tAryp4KSSTje0b6VLtn0Hg==/com.android.chrome-tQeXBKl-Y_JUbf2y2Nt2Sw==/base.apk. target_sdk_version=33, uses_libraries=, library_path=/data/app/~~tAryp4KSSTje0b6VLtn0Hg==/com.android.chrome-tQeXBKl-Y_JUbf2y2Nt2Sw==/lib/arm:/data/app/~~tAryp4KSSTje0b6VLtn0Hg==/com.android.chrome-tQeXBKl-Y_JUbf2y2Nt2Sw==/base.apk!/lib/armeabi-v7a:/data/app/~~zPEN1d0V-d7vcRV7vzGIkw==/com.google.android.trichromelibrary_561513633-KXsKdMSqVctmbOZ9oI8TRA==/base.apk!/lib/armeabi-v7a, permitted_path=/data:/mnt/expand:/data/user/0/com.android.chrome
04-27 22:15:08.006 22109 22379 I [SC]SyncPackageNotSupported: execute: com.sec.android.app.shealth.cloudsync
04-27 22:15:08.006 22109 22379 I [SC]SyncSettingManager: getCategory: com.sec.android.app.shealth.cloudsync
04-27 22:15:08.020 22170 22401 W plugin:passport: Long monitor contention with owner binder:22170_3 (22188) at java.lang.Object sag.get()(SourceFile:68) waiters=0 in java.lang.Object sag.get() for 401ms
04-27 22:15:08.049 22302 22302 W .android.chrome: JIT profile information will not be recorded: profile file does not exist.
04-27 22:15:08.049 22302 22302 W .android.chrome: JIT profile information will not be recorded: profile file does not exist.
04-27 22:15:08.063 22109 22397 I [SC]SyncPackageRemoved: execute: com.sec.android.app.sbrowser
04-27 22:15:08.063 22109 22397 I [SC]SyncSettingManager: getCategory: com.sec.android.app.sbrowser
04-27 22:15:08.078 22109 22415 I SmpLog  : [SMP] Test mode: false, v:3.3.3.3, com.samsung.android.scloud
04-27 22:15:08.152 22109 22415 I SmpLog  : [SMP] ptype:fcm, token:...vu (152), D:null, U:null, S:false, M:null, P:SPP_ONLY_MODE
04-27 22:15:08.204 22302 22302 V GraphicsEnvironment: ANGLE Developer option for 'com.android.chrome' set to: 'default'
04-27 22:15:08.205 22302 22302 V GraphicsEnvironment: ANGLE GameManagerService for com.android.chrome: false
04-27 22:15:08.206 22302 22302 V GraphicsEnvironment: Neither updatable production driver nor prerelease driver is supported.
04-27 22:15:08.221 22302 22302 I LoadedApk: No resource references to update in package com.google.android.trichromelibrary
04-27 22:15:08.222 22302 22302 D NetworkSecurityConfig: Using Network Security Config from resource 0_resource_name_obfuscated debugBuild: false
04-27 22:15:08.261 22302 22302 D NetworkSecurityConfig: Using Network Security Config from resource 0_resource_name_obfuscated debugBuild: false
04-27 22:15:08.313 22302 22302 I cr_SplitCompatApp: Launched version=112.0.5615.136 minSdkVersion=29 isBundle=true processName=com.android.chrome isIsolated=false
04-27 22:15:08.369 22109 22415 I SmpLog  : [SMP] SEND BR : smp init success
04-27 22:15:08.562 22361 22361 I FirebaseApp: Device unlocked: initializing all Firebase APIs for app [DEFAULT]
04-27 22:15:08.578 22360 22435 E Drawable: Unable to decode stream: android.graphics.ImageDecoder$DecodeException: Failed to create image decoder with message 'unimplemented'Input contained an error.
04-27 22:15:08.618  5429  7411 D SemWifiUsabilityStatsMonitor: onWifiUsabilityStats - seqNum 6151, isSameBssidAndFreq true
04-27 22:15:08.621  5429  5717 I SemWifiLinkQualityMonitor: Link Qos Query: 0.141 ms / 56.571 Mbps (72 / 0.000 / 1.273)
04-27 22:15:08.627  5429  5751 D NetdEventListenerService: DNS Requested by : 108, 10039
04-27 22:15:08.644 21900 22072 D TrafficStats: tagSocket(6) with statsTag=0xd83ddc19, statsUid=-1
04-27 22:15:08.690 22361 22361 I FirebaseInitProvider: FirebaseApp initialization successful
04-27 22:15:08.872 22361 22361 I CrashlyticsInitProvider: CrashlyticsInitProvider skipping initialization
04-27 22:15:08.883 22360 22360 I FirebaseApp: Device unlocked: initializing all Firebase APIs for app [DEFAULT]
04-27 22:15:08.910 22302 22457 I cr_LibraryLoader: Loading monochrome from within /data/app/~~tAryp4KSSTje0b6VLtn0Hg==/com.android.chrome-tQeXBKl-Y_JUbf2y2Nt2Sw==/base.apk
04-27 22:15:08.945  6734 19141 D ConnectivityManager: StackLog: [android.net.ConnectivityManager.reportNetworkConnectivity(ConnectivityManager.java:3390)] [anzl.i(:com.google.android.gms@231312044@23.13.12 (190400-519946965):0)] [anyz.run(:com.google.android.gms@231312044@23.13.12 (190400-519946965):57)] [anzz.run(:com.google.android.gms@231312044@23.13.12 (190400-519946965):2)] [dbpm.run(:com.google.android.gms@231312044@23.13.12 (190400-519946965):2)] [abix.c(:com.google.android.gms@231312044@23.13.12 (190400-519946965):6)] [abix.run(:com.google.android.gms@231312044@23.13.12 (190400-519946965):7)] [java.util.concurrent.ThreadPoolExecutor.runWorker(ThreadPoolExecutor.java:1137)] [java.util.concurrent.ThreadPoolExecutor$Worker.run(ThreadPoolExecutor.java:637)] [abod.run(:com.google.android.gms@231312044@23.13.12 (190400-519946965):0)] [java.lang.Thread.run(Thread.java:1012)]
04-27 22:15:08.953  6734 19141 I AlarmManager: setExactAndAllowWhileIdle [name: GCM_HB_ALARM type: 2 triggerAtMillis: 36818926]
04-27 22:15:08.963 22361 22361 I [PASS][SPASS]SamsungPassSettingsProvider: onCreateData
04-27 22:15:08.983  6734 19141 E GmsTaskScheduler: sendWakeUpEvent called on SchedulerClientBroadcastStrategy
04-27 22:15:09.001 22361 22361 I [PASS][SPASS]SamsungPassSettingsProvider: checkCondition - Build.Version:33, UserId:0, UserIsGuest:false
04-27 22:15:09.010 11246 21348 I ContentMaintenance: Internal cache bytes used: 0; limit: 100000000; download size: 0
04-27 22:15:09.012  6734 20862 I AlarmManager: setExactAndAllowWhileIdle [name: FcmRetry type: 2 triggerAtMillis: 36168978]
04-27 22:15:09.023 22361 22361 I [PASS][SPASS]EasySigninProvider: onCreate
04-27 22:15:09.054  4924  4924 D Zygote  : Forked child process 22461
04-27 22:15:09.054  4924  4924 I Zygote  : Process 20930 exited due to signal 9 (Killed)
04-27 22:15:09.079  6734 11816 I FontLog : Received query Google Sans, URI content://com.google.android.gms.fonts [CONTEXT service_id=132 ]
04-27 22:15:09.080  6734 11816 I FontLog : Query [Google Sans] resolved to {Google Sans, wdth 100.0, wght 400, ital 0.0, bestEffort false} [CONTEXT service_id=132 ]
04-27 22:15:09.088  6734 11816 I FontLog : Font PFD returned from cache for {Google Sans, wdth 100.0, wght 400, ital 0.0, bestEffort false} [CONTEXT service_id=132 ]
04-27 22:15:09.088  6734 11816 I FontLog : Fetch {Google Sans, wdth 100.0, wght 400, ital 0.0, bestEffort false} end status Status{statusCode=SUCCESS, resolution=null} [CONTEXT service_id=132 ]
04-27 22:15:09.114 22461 22461 I egram.messenger: Using CollectorTypeCC GC.
04-27 22:15:09.127 22461 22461 E egram.messenger: Not starting debugger since process cannot load the jdwp agent.
04-27 22:15:09.142 22461 22461 W libc    : Access denied finding property "sys.perf.boostopt"
04-27 22:15:09.143  4899  4899 E audit   : type=1400 audit(1682626509.135:19949): avc:  denied  { read } for  pid=22461 comm="egram.messenger" name="u:object_r:perf_prop:s0" dev="tmpfs" ino=21617 scontext=u:r:untrusted_app_30:s0:c12,c257,c512,c768 tcontext=u:object_r:perf_prop:s0 tclass=file permissive=0 SEPF_SM-A515F_13_0001 audit_filtered
04-27 22:15:09.143  4899  4899 E audit   : type=1300 audit(1682626509.135:19949): arch=c00000b7 syscall=56 success=no exit=-13 a0=ffffff9c a1=7fcb563ba8 a2=88000 a3=0 items=0 ppid=4924 pid=22461 auid=4294967295 uid=10268 gid=10268 euid=10268 suid=10268 fsuid=10268 egid=10268 sgid=10268 fsgid=10268 tty=(none) ses=4294967295 comm="egram.messenger" exe="/system/bin/app_process64" subj=u:r:untrusted_app_30:s0:c12,c257,c512,c768 key=(null)
04-27 22:15:09.143  4899  4899 E audit   : type=1327 audit(1682626509.135:19949): proctitle="zygote64"
04-27 22:15:09.144 22461 22480 W libc    : Access denied finding property "sys.perf.boostopt"
04-27 22:15:09.145  4899  4899 E audit   : type=1400 audit(1682626509.139:19950): avc:  denied  { read } for  pid=22461 comm="binder:22461_1" name="u:object_r:perf_prop:s0" dev="tmpfs" ino=21617 scontext=u:r:untrusted_app_30:s0:c12,c257,c512,c768 tcontext=u:object_r:perf_prop:s0 tclass=file permissive=0 SEPF_SM-A515F_13_0001 audit_filtered
04-27 22:15:09.145 22461 22461 D ActivityThread: setConscryptValidator
04-27 22:15:09.146 22461 22461 D ActivityThread: setConscryptValidator - put
04-27 22:15:09.165  5429  5486 I libprocessgroup: Successfully killed process cgroup uid 10101 pid 20997 in 0ms
04-27 22:15:09.188 22361 22361 I [PASS][CMN]WalletDeeplinkTokenProvider: onCreate
04-27 22:15:09.199 22461 22461 D CompatibilityChangeReporter: Compat change id reported: 171979766; UID 10268; state: ENABLED
04-27 22:15:09.203  6734  6734 D BoundBrokerSvc: onUnbind: Intent { act=com.google.android.gms.phenotype.service.START pkg=com.google.android.gms }
04-27 22:15:09.218  4924  4924 I Zygote  : Process 20974 exited due to signal 9 (Killed)
04-27 22:15:09.220 22361 22361 I [PASS][SPASS]SettingDBProvider: onCreate
04-27 22:15:09.228 22361 22361 I [PASS][SPASS]WalletSettingsProvider: onCreate
04-27 22:15:09.238  4924  4924 D Zygote  : Forked child process 22483
04-27 22:15:09.249 22461 22461 D nativeloader: Configuring classloader-namespace for other apk /system/framework/org.apache.http.legacy.jar. target_sdk_version=31, uses_libraries=ALL, library_path=/data/app/~~Zdh7ixczhK54G1dNFwjn9w==/org.telegram.messenger-N9t9NQqjLagA3w2H2kghjQ==/lib/arm64:/data/app/~~Zdh7ixczhK54G1dNFwjn9w==/org.telegram.messenger-N9t9NQqjLagA3w2H2kghjQ==/base.apk!/lib/arm64-v8a:/data/app/~~Zdh7ixczhK54G1dNFwjn9w==/org.telegram.messenger-N9t9NQqjLagA3w2H2kghjQ==/split_config.arm64_v8a.apk!/lib/arm64-v8a:/data/app/~~Zdh7ixczhK54G1dNFwjn9w==/org.telegram.messenger-N9t9NQqjLagA3w2H2kghjQ==/split_config.en.apk!/lib/arm64-v8a:/data/app/~~Zdh7ixczhK54G1dNFwjn9w==/org.telegram.messenger-N9t9NQqjLagA3w2H2kghjQ==/split_config.ru.apk!/lib/arm64-v8a:/data/app/~~Zdh7ixczhK54G1dNFwjn9w==/org.telegram.messenger-N9t9NQqjLagA3w2H2kghjQ==/split_config.xxhdpi.apk!/lib/arm64-v8a, permitted_path=/data:/mnt/expand:/data/user/0/org.telegram.messenger
04-27 22:15:09.249 22461 22461 D nativeloader: Extending system_exposed_libraries: libhumantracking.arcsoft.so:libPortraitDistortionCorrection.arcsoft.so:libPortraitDistortionCorrectionCali.arcsoft.so:libface_landmark.arcsoft.so:libFacialStickerEngine.arcsoft.so:libveengine.arcsoft.so:liblow_light_hdr.arcsoft.so:libhigh_dynamic_range.arcsoft.so:libFacialAttributeDetection.arcsoft.so:libBeauty_v4.camera.samsung.so:libexifa.camera.samsung.so:libjpega.camera.samsung.so:libOpenCv.camera.samsung.so:libImageScreener.camera.samsung.so:libMyFilter.camera.samsung.so:libtensorflowLite.myfilter.camera.samsung.so:libtensorflowlite_inference_api.myfilter.camera.samsung.so:libEventFinder.camera.samsung.so:libHIDTSnapJNI.camera.samsung.so:libSmartScan.camera.samsung.so:libRectify.camera.samsung.so:libDocRectifyWrapper.camera.samsung.so:libUltraWideDistortionCorrection.camera.samsung.so:libHpr_RecGAE_cvFeature_v1.0.camera.samsung.so:libHprFace_GAE_api.camera.samsung.so:libFace_Landmark_API.camera.samsung.so:libHprFace_GAE_jni.camera.samsung.so:libFacialBasedSelfieCorrec
04-27 22:15:09.257 22360 22360 I FirebaseInitProvider: FirebaseApp initialization successful
04-27 22:15:09.283 22361 22398 I [PASS][SPASS]SettingDBProvider: call
