04-27 20:23:45.082 26164 26187 I TestRunner: started: mutableRefDouble(org.jetbrains.android_benchmark.Wolf3dBenchmark)
04-27 20:23:45.085 26164 26164 I MonitoringInstr: Activities that are still in CREATED to STOPPED: 1
04-27 20:23:45.085 26164 26164 I MonitoringInstr: Finishing activity: androidx.benchmark.IsolationActivity@60bdc39
04-27 20:23:45.092 26164 26187 I GrantPermissionCallable: Permission: android.permission.WRITE_EXTERNAL_STORAGE is already granted!
04-27 20:23:45.092 26164 26187 I GrantPermissionCallable: Permission: android.permission.READ_EXTERNAL_STORAGE is already granted!
04-27 20:23:45.093 26164 26187 D Benchmark: -- Running org.jetbrains.android_benchmark.Wolf3dBenchmark#mutableRefDouble --
04-27 20:23:45.093 26164 26187 D PerfettoCapture: Supported ABIs: arm64-v8a, armeabi-v7a, armeabi
04-27 20:23:45.093 26164 26187 D PerfettoCapture: Recording perfetto trace
04-27 20:23:45.123  5429  5488 W libprocessgroup: Failed to open /dev/blkio//cgroup.procs: No such file or directory
04-27 20:23:45.125  5429  5488 W libprocessgroup: Failed to open /dev/blkio//cgroup.procs: No such file or directory
04-27 20:23:45.151 26164 26187 I PerfettoCapture: Cleanup perfetto before starting.
04-27 20:23:45.151  6734 29038 I NetworkScheduler.Stats: Task com.google.android.gms/com.google.android.gms.ipa.base.IpaGcmTaskService started execution. cause:9 exec_start_elapsed_seconds: 29365 [CONTEXT service_id=218 ]
04-27 20:23:45.165  6734 32221 I NetworkScheduler.Stats: Task com.google.android.gms/com.google.android.gms.ipa.base.IpaGcmTaskService finished executing. cause:9 result: 1 elapsed_millis: 81 uptime_millis: 81 exec_start_elapsed_seconds: 29365 [CONTEXT service_id=218 ]
04-27 20:23:45.376 26164 26187 I PerfettoCapture: Perfetto output file cleanup -
04-27 20:23:45.376 26164 26187 I PerfettoCapture: Starting perfetto tracing with cmd: cat /storage/emulated/0/Android/data/org.jetbrains.android_benchmark.test/cache/trace_config.pb | perfetto --background -c - -o /data/misc/perfetto-traces/trace_output.pb
04-27 20:23:45.584  5429  5488 W libprocessgroup: Failed to open /dev/blkio//cgroup.procs: No such file or directory
04-27 20:23:45.583   819   819 I perfetto:    perfetto_cmd.cc:1001 Connected to the Perfetto traced service, starting tracing
04-27 20:23:45.585  5131  5131 I perfetto: ing_service_impl.cc:953 Configured tracing session 42, #sources:4, duration:0 ms, #buffers:2, total buffer size:36864 KB, total sessions:1, uid:2000 session name: ""
04-27 20:23:45.588  5130  5130 I perfetto:  probes_producer.cc:139 Ftrace setup (target_buf=83)
04-27 20:23:45.611 26084 26084 I SCS@AiSearch user 0: (ObserverWorker::AOSP_MP) [main] entering in startWork():
04-27 20:23:45.611 26084 26084 I SCS@AiSearch user 0: (BaseCollector::AOSP_MP) [main] entering in onChange():
04-27 20:23:45.612 26084 26142 I SCS@AiSearch user 0: (BaseCollector::AOSP_MP) [AOSP_MP-0] entering in collectChanges():
04-27 20:23:45.615 26164 26187 I PerfettoCapture: Perfetto output - 819
04-27 20:23:45.615 26164 26187 I PerfettoCapture: EXITCODE=0
04-27 20:23:45.638  5429  8535 D PackageManager: setEnabledSetting : userId = 0 packageName = com.samsung.android.scs cmp = androidx.work.impl.background.systemalarm.RescheduleReceiver newState = 1 callingPackage = 10380/com.samsung.android.scs
04-27 20:23:45.640  5429  8535 D ApplicationPolicy: getApplicationStateEnabled : pkg = com.samsung.android.scs userId : 0
04-27 20:23:45.641  5429  8535 D ApplicationPolicy: getApplicationComponentState : pkg = com.samsung.android.scs userId : 0
04-27 20:23:45.665  4389  4389 I hwservicemanager: getTransport: Cannot find entry android.hardware.atrace@1.0::IAtraceDevice/default in either framework or device VINTF manifest.
04-27 20:23:45.686  5130  5130 I perfetto:    ftrace_procfs.cc:335 enabled ftrace in /sys/kernel/tracing/
04-27 20:23:45.718 26084 26142 I SCS@AiSearch user 0: (BaseCollector::AOSP_MP) fetchInternal values : maxSyncId: 1000008086 indexCount: 1705 sourceCount: 1705
04-27 20:23:45.782 26164 26187 I PerfettoCapture: Perfetto tracing started successfully with pid 819.
04-27 20:23:45.841 26084 26142 I SCS@AiSearch user 0: (IndexManager) [AOSP_MP-0] entering in addIndex():
04-27 20:23:45.850 26084 26142 I SCS@AiSearch user 0: (BaseCollector::AOSP_MP) fetch: fetching took  183 ms
04-27 20:23:45.850 26084 26142 I SCS@AiSearch user 0: (BaseCollector::AOSP_MP) fetchChanges: applied 0 items
04-27 20:23:45.851 26084 26142 I SCS@AiSearch user 0: (BaseCollector::AOSP_MP) Collect finished. Result: true
04-27 20:23:45.854 26084 26138 I WM-WorkerWrapper: Worker result SUCCESS for Work [ id=6536cf6f-8005-4b44-8985-29ec2c397e94, tags={ com.sec.android.app.myfiles, com.samsung.android.scs.ai.search.data.collector.ObserverWorker } ]
04-27 20:23:45.865 26084 26142 I SCS@AiSearch user 0: (BaseCollector::AOSP_MP) enqueue ObserverWorker name: com.sec.android.app.myfiles, policy: APPEND_OR_REPLACE
04-27 20:23:45.879 26164 26187 I PerfettoCapture: /sys/kernel/tracing/tracing_on = 1, polled 0 times, capture fully started
04-27 20:23:45.881 26164 26187 D Benchmark: Set 26187 (Bench thread) to priority -20. Was -8, now -20
04-27 20:23:45.881 26164 26187 D Benchmark: Set 26172 (Jit) to priority -15. Was 9, now -15
04-27 20:23:45.918 26164 26187 I _benchmark.test: Explicit concurrent copying GC freed 137933(3629KB) AllocSpace objects, 1(20KB) LOS objects, 67% free, 2962KB/9106KB, paused 395us,72us total 36.817ms
04-27 20:23:46.057  5429  8526 D PackageManager: setEnabledSetting : userId = 0 packageName = com.samsung.android.scs cmp = androidx.work.impl.background.systemalarm.RescheduleReceiver newState = 1 callingPackage = 10380/com.samsung.android.scs
04-27 20:23:46.061  5429  8526 D ApplicationPolicy: getApplicationStateEnabled : pkg = com.samsung.android.scs userId : 0
04-27 20:23:46.064  5429  8526 D ApplicationPolicy: getApplicationComponentState : pkg = com.samsung.android.scs userId : 0
04-27 20:23:46.215  5429  5665 D ConnectivityService: reportNetworkActive, notify 0 listeners
04-27 20:23:46.765  5429  7411 D SemWifiUsabilityStatsMonitor: onWifiUsabilityStats - seqNum 3948, isSameBssidAndFreq true
04-27 20:23:46.770  5878  5878 D NetworkController.WifiSignalController: notifyListener: visible=true, connected=true, inetCondition=1, isDefault=true, wifiTestReported=true, receivedInetCondition=-1, hideDuringMobileSwitching=false
04-27 20:23:46.772  5878  6043 D Tile.WifiTile: handleUpdateState isTransient=false transientEnabling =false cb.isTransient=false state.state = 2 mStateBeforeClick.value =false enabled =true
04-27 20:23:46.778  5429  5717 I SemWifiLinkQualityMonitor: Link Qos Query: 0.111 ms / 72.000 Mbps (72 / 0.000 / 1.000)
04-27 20:23:46.975  5878  5878 D SecPowerUI.Notification: showChargingNotice oldChargingType : 11 / currentChargingType : 11, oldChargingTime : 2567000 / mChargingTime : 2567000
04-27 20:23:46.976  5878  5878 D SecPowerUI.Notification: There is no change about charging status, so return!
04-27 20:23:49.807  5429  7411 D SemWifiUsabilityStatsMonitor: onWifiUsabilityStats - seqNum 3949, isSameBssidAndFreq true
04-27 20:23:49.813  5878  5878 D NetworkController.WifiSignalController: notifyListener: visible=true, connected=true, inetCondition=1, isDefault=true, wifiTestReported=true, receivedInetCondition=-1, hideDuringMobileSwitching=false
04-27 20:23:49.817  5878  6043 D Tile.WifiTile: handleUpdateState isTransient=false transientEnabling =false cb.isTransient=false state.state = 2 mStateBeforeClick.value =false enabled =true
04-27 20:23:49.817  5429  5717 I SemWifiLinkQualityMonitor: Link Qos Query: 0.111 ms / 72.000 Mbps (72 / 0.000 / 1.000)
04-27 20:23:51.047  6734 24046 W Nearby  : [MBleClient] Ignore outdated onLost runnable from cycle : 15, current cycle : 125 [CONTEXT service_id=49 ]
04-27 20:23:51.094  6734 24046 W Nearby  : [MBleClient] Ignore outdated onLost runnable from cycle : 16, current cycle : 125 [CONTEXT service_id=49 ]
04-27 20:23:51.846  4899  4899 E audit   : type=1400 audit(1682619831.839:17889): avc:  denied  { getattr } for  pid=5429 comm="BinderProcsColl" path="/sys/kernel/debug/binder/proc/5429" dev="debugfs" ino=28624 scontext=u:r:system_server:s0 tcontext=u:object_r:sec_debugfs:s0 tclass=file permissive=0 SEPF_SM-A515F_13_0001 audit_filtered
04-27 20:23:51.846  4899  4899 E audit   : type=1300 audit(1682619831.839:17889): arch=c00000b7 syscall=79 success=no exit=-13 a0=ffffff9c a1=77704a43d0 a2=768437b680 a3=0 items=0 ppid=4924 pid=5429 auid=4294967295 uid=1000 gid=1000 euid=1000 suid=1000 fsuid=1000 egid=1000 sgid=1000 fsgid=1000 tty=(none) ses=4294967295 comm="BinderProcsColl" exe="/system/bin/app_process64" subj=u:r:system_server:s0 key=(null)
04-27 20:23:51.846  4899  4899 E audit   : type=1327 audit(1682619831.839:17889): proctitle="system_server"
04-27 20:23:51.972  5067  5067 E sehhealth-service: Could not open /sys/class/power_supply/battery/lrp
04-27 20:23:51.973  5429  5602 D MotionRecognitionService: [SAR]  onReceive : ACTION_BATTERY_CHANGED, Plugged: 2
04-27 20:23:51.974  5429  5429 D PhoneWindowManagerExt: ACTION_BATTERY_CHANGED - Level=74, status=2
04-27 20:23:51.979  5429  5429 D SemWifiApBroadcastReceiver: Received : android.intent.action.BATTERY_CHANGED
04-27 20:23:51.980  5787  5787 D SemBigDataInfoController: Intent: android.intent.action.BATTERY_CHANGED
04-27 20:23:51.982  5787  5787 D SemBigDataInfoController: Intent: android.intent.action.BATTERY_CHANGED
04-27 20:23:51.986  5878  5878 I PowerUI : mBootCompleted = true |  mFullyConnected = true
04-27 20:23:51.987  5878  5878 W PowerUI : Plug reason
04-27 20:23:51.987  5878  5878 W PowerUI : Skip charging animation - by plug status
04-27 20:23:51.987  5878  5878 D PowerUI : priorPlugType = 2 mPlugType = 2 priorBatteryStatus = 2 mBatteryStatus = 2
04-27 20:23:51.987  5878  5878 W PowerUI : Plug reason
04-27 20:23:51.987  5878  5878 W PowerUI : Skip charging sound - by plug status
04-27 20:23:51.987  5878  5878 I PowerUI : oldMisalign : false, curMisalign : false
04-27 20:23:51.989  5878  7984 D SecPowerUI.Notification: dismissing low battery warning: level=74
04-27 20:23:51.989  5878  7984 D SecPowerUI.Notification: updateNotification mWarning=false mPlaySound=false
04-27 20:23:51.990  5878  7984 D SecPowerUI.Notification: SecBatteryStatsSnapshot{batteryLevel=74, currentBatteryMode=0, chargingTime=2567000, chargingType=11, batteryHealth=2, automaticTestMode=false, isHiccupState=false}
04-27 20:23:52.008  5878  7984 D SecPowerUI.Notification: 1. restoreScreenTimeOut - saved_value : :
04-27 20:23:52.008  5878  7984 E SecPowerUI.Notification: no saved value, so we do nothing !!
04-27 20:23:52.011  5878  5878 D SecPowerUI.Notification: showChargingNotice oldChargingType : 11 / currentChargingType : 11, oldChargingTime : 2567000 / mChargingTime : 2563000
04-27 20:23:52.011  5878  5878 D SecPowerUI.Notification: showChargingNotification()
04-27 20:23:52.012  5878  5878 D SecPowerUI.Notification: SecBatteryStatsSnapshot{batteryLevel=74, currentBatteryMode=0, chargingTime=2563000, chargingType=11, batteryHealth=2, automaticTestMode=false, isHiccupState=false}
04-27 20:23:52.016  5429  8532 D ApplicationPolicy: isStatusBarNotificationAllowedAsUser: packageName = com.android.systemui,userId = 0
04-27 20:23:52.017  5429  8532 D ApplicationPolicy: isStatusBarNotificationAllowedAsUser: packageName = com.android.systemui,userId = -1
04-27 20:23:52.017  5429  8532 D ApplicationPolicy: isStatusBarNotificationAllowedAsUser: converting userId from USER_ALLto 0
04-27 20:23:52.028  5878  5878 D PowerUI : Battery swelling mode - priorBatterySwellingMode = 0 mBatterySwellingMode = 0 mBatteryStatus = 2
04-27 20:23:52.028  5878  5878 I PowerUI : mBatteryMiscEvent = 65536
04-27 20:23:52.029  5878  5878 D KeyguardUpdateMonitor: received broadcast android.intent.action.BATTERY_CHANGED
04-27 20:23:52.029  5878  5878 D SamsungBatteryMeterDrawable: onBatteryLevelChanged isSomethingChanged: false
04-27 20:23:52.030  5878  5878 D SamsungBatteryMeterDrawable: onBatteryLevelChanged isSomethingChanged: false
04-27 20:23:52.030  5878  5878 D SamsungBatteryMeterDrawable: onBatteryLevelChanged isSomethingChanged: false
04-27 20:23:52.032  5878  5878 D SamsungBatteryMeterDrawable: onBatteryLevelChanged isSomethingChanged: false
04-27 20:23:52.033  5878  5878 I AODBatteryManager: updateBatteryData: ACTION_BATTERY_CHANGED
04-27 20:23:52.034  5878  5878 I AODBatteryManager: saveBatteryData : AOD BatteryData [mBatteryLevel=74, mBatteryStatus=CHARGING, mBatteryPlugType=USB, mBatteryPlugged=true, mRemainingChargeTime=2563000, mBatteryChargingType=2, mBatteryChargerType=FAST, mBatteryOnline=NOT_DEFINED, mBatterySwellingMode=NONE, mBatteryProtectMode=false]
04-27 20:23:52.034  5878  5878 I ChargingInfoManager: updateChargingInfo: newState = AOD ChargingInfo [mState=BATTERY_AND_REMAIN_TIME, mIsCharging=true, mIsFullyCharged=false, mIsBatteryProtectMode=false], oldState = AOD ChargingInfo [mState=BATTERY_AND_REMAIN_TIME, mIsCharging=true, mIsFullyCharged=false, mIsBatteryProtectMode=false]
04-27 20:23:52.037  5878  5878 D KeyguardUpdateMonitor: handleBatteryUpdate
04-27 20:23:52.043  5878  5878 D KeyguardSecIndicationController: addIndicationTimeout() returned - unlocking
04-27 20:23:52.043  5878  5878 D KeyguardSecIndicationController: addIndication() returned - unlocking
04-27 20:23:52.043  5878  5878 D KeyguardSecIndicationPolicy:  remove Item pos = DEFAULT, type =           OWNER_INFO
04-27 20:23:52.043  5878  5878 D KeyguardSecIndicationController: addBatteryAndOwnerInfoIndication() battery status = BatteryStatus{status=2,level=74,plugged=2,health=2,maxChargingWattage=-1,remaining=2563000ultraFastCharger=1}
04-27 20:23:52.044  5878  5878 I ChargingInfoView: handleMessage: MSG_SHOW_CHARGING_INFO
04-27 20:23:52.044  5878  5878 I ChargingInfoView: updateContents: BATTERY_AND_REMAIN_TIME
04-27 20:23:52.044  5878  5878 I ChargingInfoView: handleMessage: MSG_SHOW_CHARGING_INFO
04-27 20:23:52.044  5878  5878 I ChargingInfoView: updateContents: BATTERY_AND_REMAIN_TIME
04-27 20:23:52.256  5785  5785 I FreeformContainer: [SmartPopupViewService] onNotificationPosted: StatusBarNotification(pkg=com.android.systemui user=UserHandle{-1} id=2131428972 tag=charging_state key=-1|com.android.systemui|2131428972|charging_state|10054: Notification(channel=CHR shortcut=null contentView=null vibrate=null sound=null defaults=0x0 flags=0xa color=0xff5075a1 category=sys groupKey=CHARGING vis=PUBLIC semFlags=0x0 semPriority=0 semMissedCount=0))
04-27 20:23:52.256  5785  5785 V FreeformContainer: [SmartPopupViewService] isSmartPopupViewTarget: com.android.systemui is not enabled
04-27 20:23:52.260  6323  6323 I Launcher.NotificationListener: onNotificationPosted : com.android.systemui number : 0
04-27 20:23:52.265  9209  9748 I NotificationPipeline: Processing new notification: -1|com.android.systemui|2131428972|charging_state|10054
04-27 20:23:52.265  9209  9748 W Notification4Heart_NB: NotificationBridgeCallback.onNotificationPosted-Ignored package : [-1] com.android.systemui
04-27 20:23:52.273  5878  5878 D PluginAODManager: onNotificationInfoUpdated() 0
04-27 20:23:52.273  5878  5878 I AODNotificationManager: updateVisibleNotifications: 0
04-27 20:23:52.273  5878  5878 I a       : updateStatusBarNotifications: open
04-27 20:23:52.273  5878  5878 I a       : updateStatusBarNotifications: open
04-27 20:23:52.458  5878  5878 D BubblesManager: onEntryUpdated : shouldBubbleUp=false ,key=-1|com.android.systemui|2131428972|charging_state|10054
04-27 20:23:52.498  5878  5878 I FaceWidgetPositionAlgorithm: getClockContainerHeight() supplier = 270, bottom margin = 0, real height = 333
04-27 20:23:52.499  5878  5878 I FaceWidgetPositionAlgorithm: getClockContainerHeight() supplier = 270, bottom margin = 63, real height = 333
04-27 20:23:52.500  5878  5878 I FaceWidgetPositionAlgorithm: getMediaContainerHeight() height = 0 container Visibility = 8, isValid = false, mIsDozing = false, fraction = 1.0, source = 0, target = 0
04-27 20:23:52.500  5878  5878 I FaceWidgetPositionAlgorithm: getMediaContainerHeight() supplier = 0
04-27 20:23:52.514  5878  5878 D PluginAODManager: onNotificationInfoUpdated() 0
04-27 20:23:52.515  5878  5878 I AODNotificationManager: updateVisibleNotifications: 0
04-27 20:23:52.515  5878  5878 I a       : updateStatusBarNotifications: open
04-27 20:23:52.515  5878  5878 I a       : updateStatusBarNotifications: open
04-27 20:23:52.549  5878  5878 I FaceWidgetPositionAlgorithm: getClockContainerHeight() supplier = 270, bottom margin = 0, real height = 333
04-27 20:23:52.549  5878  5878 I FaceWidgetPositionAlgorithm: getClockContainerHeight() supplier = 270, bottom margin = 63, real height = 333
04-27 20:23:52.549  5878  5878 I FaceWidgetPositionAlgorithm: getMediaContainerHeight() height = 0 container Visibility = 8, isValid = false, mIsDozing = false, fraction = 1.0, source = 0, target = 0
04-27 20:23:52.550  5878  5878 I FaceWidgetPositionAlgorithm: getMediaContainerHeight() supplier = 0
04-27 20:23:52.604  5878  5878 I FaceWidgetPositionAlgorithm: getClockContainerHeight() supplier = 270, bottom margin = 0, real height = 333
04-27 20:23:52.605  5878  5878 I FaceWidgetPositionAlgorithm: getClockContainerHeight() supplier = 270, bottom margin = 63, real height = 333
04-27 20:23:52.605  5878  5878 I FaceWidgetPositionAlgorithm: getMediaContainerHeight() height = 0 container Visibility = 8, isValid = false, mIsDozing = false, fraction = 1.0, source = 0, target = 0
04-27 20:23:52.605  5878  5878 I FaceWidgetPositionAlgorithm: getMediaContainerHeight() supplier = 0
04-27 20:23:52.609  5878  5878 D PluginAODManager: onNotificationInfoUpdated() 0
04-27 20:23:52.610  5878  5878 I AODNotificationManager: updateVisibleNotifications: 0
04-27 20:23:52.610  5878  5878 I a       : updateStatusBarNotifications: open
04-27 20:23:52.610  5878  5878 I a       : updateStatusBarNotifications: open
04-27 20:23:52.834  5429  7411 D SemWifiUsabilityStatsMonitor: onWifiUsabilityStats - seqNum 3950, isSameBssidAndFreq true
04-27 20:23:52.837  5429  5717 I SemWifiLinkQualityMonitor: Link Qos Query: 0.111 ms / 72.000 Mbps (72 / 0.000 / 1.000)
04-27 20:23:55.077  5429  5488 W libprocessgroup: Failed to open /dev/blkio//cgroup.procs: No such file or directory
04-27 20:23:55.855  5429  7411 D SemWifiUsabilityStatsMonitor: onWifiUsabilityStats - seqNum 3951, isSameBssidAndFreq true
04-27 20:23:55.859  5429  5717 I SemWifiLinkQualityMonitor: Link Qos Query: 0.111 ms / 72.000 Mbps (72 / 0.000 / 1.000)
04-27 20:23:57.036  5878  5878 D SecPowerUI.Notification: showChargingNotice oldChargingType : 11 / currentChargingType : 11, oldChargingTime : 2563000 / mChargingTime : 2563000
04-27 20:23:57.036  5878  5878 D SecPowerUI.Notification: There is no change about charging status, so return!
04-27 20:23:58.889  5429  7411 D SemWifiUsabilityStatsMonitor: onWifiUsabilityStats - seqNum 3952, isSameBssidAndFreq true
04-27 20:23:58.896  5878  5878 D NetworkController.WifiSignalController: notifyListener: visible=true, connected=true, inetCondition=1, isDefault=true, wifiTestReported=true, receivedInetCondition=-1, hideDuringMobileSwitching=false
04-27 20:23:58.896  5429  5717 I SemWifiLinkQualityMonitor: Link Qos Query: 0.111 ms / 72.000 Mbps (72 / 0.000 / 1.000)
04-27 20:23:58.898  5878  6043 D Tile.WifiTile: handleUpdateState isTransient=false transientEnabling =false cb.isTransient=false state.state = 2 mStateBeforeClick.value =false enabled =true
04-27 20:23:59.540  5429  6113 D PackageManager: setEnabledSetting : userId = 0 packageName = com.Slack cmp = androidx.work.impl.background.systemalarm.RescheduleReceiver newState = 1 callingPackage = 10329/com.Slack
04-27 20:23:59.541  5429  6113 D ApplicationPolicy: getApplicationStateEnabled : pkg = com.Slack userId : 0
04-27 20:23:59.543  5429  6113 D ApplicationPolicy: getApplicationComponentState : pkg = com.Slack userId : 0
04-27 20:23:59.577  5429  5488 W libprocessgroup: Failed to open /dev/blkio//cgroup.procs: No such file or directory
04-27 20:23:59.596 31104 31177 D ConnectivityManager: StackLog: [android.net.ConnectivityManager.sendRequestForNetwork(ConnectivityManager.java:4191)] [android.net.ConnectivityManager.registerDefaultNetworkCallbackForUid(ConnectivityManager.java:4755)] [android.net.ConnectivityManager.registerDefaultNetworkCallback(ConnectivityManager.java:4722)] [android.net.ConnectivityManager.registerDefaultNetworkCallback(ConnectivityManager.java:4696)] [androidx.work.impl.utils.NetworkApi24.registerDefaultNetworkCallbackCompat(Unknown Source:10)] [androidx.work.impl.constraints.trackers.NetworkStateTracker24.startTracking(Unknown Source:15)] [androidx.work.impl.constraints.controllers.ConstraintController.replace(Unknown Source:130)] [androidx.work.impl.constraints.WorkConstraintsTrackerImpl.replace(Unknown Source:41)] [androidx.work.impl.background.greedy.GreedyScheduler.schedule(Unknown Source:300)] [androidx.work.impl.Schedulers.schedule(Unknown Source:149)] [androidx.work.impl.utils.EnqueueRunnable.run(Unknown Source:53)] [androidx.work.Worker$2.run$androidx$work$impl$utils$SerialExecutorImpl$Task(Unknown Source:4)] [androidx.work.Worker$2.run(Unknown Source:868)] [java.util.concurrent.ThreadPoolExecutor.runWorker(ThreadPoolExecutor.java:1137)] [java.util.concurrent.ThreadPoolExecutor$Worker.run(ThreadPoolExecutor.java:637)] [java.lang.Thread.run(Thread.java:1012)]
04-27 20:23:59.600  5429  8535 D ConnectivityService: requestNetwork for uid/pid:10329/31104 activeRequest: null callbackRequest: 3920 [NetworkRequest [ REQUEST id=3921, [ Capabilities: INTERNET&NOT_RESTRICTED&TRUSTED&NOT_VCN_MANAGED Uid: 10329 RequestorUid: 10329 RequestorPkg: com.Slack UnderlyingNetworks: Null] ]] callback flags: 0 order: 2147483647
04-27 20:23:59.602  5429  5665 D ConnectivityService:    accepting network in place of null
04-27 20:23:59.610  5429  5655 D WifiNetworkFactory: got request NetworkRequest [ REQUEST id=3921, [ Capabilities: INTERNET&NOT_RESTRICTED&TRUSTED&NOT_VCN_MANAGED Uid: 10329 RequestorUid: 10329 RequestorPkg: com.Slack UnderlyingNetworks: Null] ]
04-27 20:23:59.612  5429  5655 D UntrustedWifiNetworkFactory: got request NetworkRequest [ REQUEST id=3921, [ Capabilities: INTERNET&NOT_RESTRICTED&TRUSTED&NOT_VCN_MANAGED Uid: 10329 RequestorUid: 10329 RequestorPkg: com.Slack UnderlyingNetworks: Null] ]
04-27 20:23:59.612  5429  5655 D OemPaidWifiNetworkFactory: got request NetworkRequest [ REQUEST id=3921, [ Capabilities: INTERNET&NOT_RESTRICTED&TRUSTED&NOT_VCN_MANAGED Uid: 10329 RequestorUid: 10329 RequestorPkg: com.Slack UnderlyingNetworks: Null] ]
04-27 20:23:59.612  5429  5655 D MultiInternetWifiNetworkFactory: got request NetworkRequest [ REQUEST id=3921, [ Capabilities: INTERNET&NOT_RESTRICTED&TRUSTED&NOT_VCN_MANAGED Uid: 10329 RequestorUid: 10329 RequestorPkg: com.Slack UnderlyingNetworks: Null] ]
04-27 20:23:59.612  5429  5665 D ConnectivityService: Rematched networks [computed 0ms] [applied 2ms] [issued 9]
04-27 20:23:59.613  5429  5665 D ConnectivityService: NetworkReassignment :
04-27 20:23:59.613  5429  5665 D ConnectivityService:   3921 : null → 108
04-27 20:23:59.705 31104 31104 D ConnectivityManager: StackLog: [android.net.ConnectivityManager.unregisterNetworkCallback(ConnectivityManager.java:4863)] [androidx.work.impl.utils.NetworkApi21.unregisterNetworkCallbackCompat(Unknown Source:10)] [androidx.work.impl.constraints.trackers.NetworkStateTracker24.stopTracking(Unknown Source:15)] [androidx.work.impl.constraints.trackers.ConstraintTracker.removeListener(Unknown Source:24)] [androidx.work.impl.constraints.controllers.ConstraintController.replace(Unknown Source:81)] [androidx.work.impl.constraints.WorkConstraintsTrackerImpl.replace(Unknown Source:41)] [androidx.work.impl.background.greedy.GreedyScheduler.onExecuted(Unknown Source:55)] [androidx.work.impl.Processor.onExecuted(Unknown Source:59)] [com.bugsnag.android.DeliveryDelegate$1.run(Unknown Source:212)]
04-27 20:23:59.708  5429  5665 D ConnectivityService:  Removing from current network [108 WIFI], leaving 152 requests.
04-27 20:24:00.010  5878  6453 D QSClockBellTower: onReceive(android.intent.action.TIME_TICK) mTimeZoneString:null
04-27 20:24:00.025  5878  5878 D KeyguardUpdateMonitor: received broadcast android.intent.action.TIME_TICK
04-27 20:24:00.036  5878  5878 D QSClockBellTower: He is ready to ring the bell. (((QSClockBellSound - TimeText:20:24, TimeContentDescription:20:24, DateText:Thu, 27 April, ShortDateText:Thu, 27 Apr, Demo:false, QuickStar-Second(false|12:34:56))))
04-27 20:24:00.037  5878  5878 D QSClockIndicatorView: Home Indicator status_bar_clock 20:24 notifyTimeChanged(QSClockBellSound - TimeText:20:24, TimeContentDescription:20:24, DateText:Thu, 27 April, ShortDateText:Thu, 27 Apr, Demo:false, QuickStar-Second(false|12:34:56)) ClockVisibleByPolicy:true, ClockVisibleByUser:true, visible?false, parent:android.widget.LinearLayout{fc169f7 V.E...... ........ 0,0-0,55 #7f0b04f0 app:id/left_clock_container}
04-27 20:24:00.038  5878  5878 D QSClockBellTower: Everyone heard the bell. run(currentTime:1682619840032,   getTime():Thu Apr 27 20:24:00 GMT+02:00 2023,   getTimeZone():libcore.util.ZoneInfo[mDstSavings=3600000,mUseDst=true,mDelegate=[id="Europe/Belgrade",mRawOffset=3600000,mEarliestRawOffset=4920000,transitions=119]])
04-27 20:24:00.038  5878  5878 D KeyguardUpdateMonitor: handleTimeUpdate
04-27 20:24:00.040  5878  5878 D FaceWidgetPagesController: onTimeChanged()
04-27 20:24:00.051  5878  5878 I FaceWidgetPositionAlgorithm: getClockContainerHeight() supplier = 270, bottom margin = 0, real height = 333
04-27 20:24:00.051  5878  5878 I FaceWidgetPositionAlgorithm: getClockContainerHeight() supplier = 270, bottom margin = 63, real height = 333
04-27 20:24:00.051  5878  5878 I FaceWidgetPositionAlgorithm: getMediaContainerHeight() height = 0 container Visibility = 8, isValid = false, mIsDozing = false, fraction = 1.0, source = 0, target = 0
04-27 20:24:00.052  5878  5878 I FaceWidgetPositionAlgorithm: getMediaContainerHeight() supplier = 0
04-27 20:24:00.056  5878  5878 V QsExpandAnimator: setQsExpansionPosition 0.0
04-27 20:24:00.064  5878  5878 V QsExpandAnimator: updateAnimators
04-27 20:24:00.064  5878  5878 V QsExpandAnimator: clearAnimationState
04-27 20:24:00.065  5878  5878 V QsExpandAnimator: updateViews
04-27 20:24:00.068  5878  5878 V QsExpandAnimator: updateTileAnimator
04-27 20:24:00.069  5878  5878 V QsExpandAnimator: updateHeaderAnimator
04-27 20:24:00.070  5878  5878 V QsExpandAnimator: updateBarAnimator
04-27 20:24:00.071  5878  5878 V QsExpandAnimator: setQsExpansionPosition 0.0
04-27 20:24:00.071  5878  5878 V QsExpandAnimator: onAnimationAtStart
04-27 20:24:01.423 26164 26187 D Benchmark: timeNs[ 0:10]: 148205731 148224807 148262269 148302731 148414807 148400653 148443307 148533115 148956462 148758038
04-27 20:24:01.423 26164 26187 D Benchmark: timeNs[10:20]: 148284808 148225154 148568923 148665346 148409769 148384077 148565461 148468846 148332423 148364885
04-27 20:24:01.424 26164 26187 D Benchmark: timeNs[20:30]: 148272384 148408654 148345231 148432615 148531423 148399116 148346653 148194039 148528346 148589808
04-27 20:24:01.424 26164 26187 D Benchmark: timeNs[30:40]: 148542500 148419269 148333154 148348692 148248615 148322615 148296038 148429653 148223769 148851269
04-27 20:24:01.424 26164 26187 D Benchmark: timeNs[40:50]: 148919884 152952923 148797192 148269077 148616808 148310423 148382500 148303039 148282653 153085923
04-27 20:24:01.930  5429  7411 D SemWifiUsabilityStatsMonitor: onWifiUsabilityStats - seqNum 3953, isSameBssidAndFreq true
04-27 20:24:01.935  5429  5717 I SemWifiLinkQualityMonitor: Link Qos Query: 0.111 ms / 72.000 Mbps (72 / 0.000 / 1.000)
04-27 20:24:01.936  5878  5878 D NetworkController.WifiSignalController: notifyListener: visible=true, connected=true, inetCondition=1, isDefault=true, wifiTestReported=true, receivedInetCondition=-1, hideDuringMobileSwitching=false
04-27 20:24:01.939  5878  6043 D Tile.WifiTile: handleUpdateState isTransient=false transientEnabling =false cb.isTransient=false state.state = 2 mStateBeforeClick.value =false enabled =true
04-27 20:24:02.025  5095  5095 I SurfaceFlinger: SFWD update time=22151218065577
04-27 20:24:02.051  5067  5067 E sehhealth-service: Could not open /sys/class/power_supply/battery/lrp
04-27 20:24:02.054  5429  5602 D MotionRecognitionService: [SAR]  onReceive : ACTION_BATTERY_CHANGED, Plugged: 2
04-27 20:24:02.058  5787  5787 D SemBigDataInfoController: Intent: android.intent.action.BATTERY_CHANGED
04-27 20:24:02.060  5878  5878 I PowerUI : mBootCompleted = true |  mFullyConnected = true
04-27 20:24:02.060  5878  5878 W PowerUI : Plug reason
04-27 20:24:02.060  5878  5878 W PowerUI : Skip charging animation - by plug status
04-27 20:24:02.061  5878  5878 D PowerUI : priorPlugType = 2 mPlugType = 2 priorBatteryStatus = 2 mBatteryStatus = 2
04-27 20:24:02.061  5878  5878 W PowerUI : Plug reason
04-27 20:24:02.061  5878  5878 W PowerUI : Skip charging sound - by plug status
04-27 20:24:02.061  5878  5878 I PowerUI : oldMisalign : false, curMisalign : false
04-27 20:24:02.061  5787  5787 D SemBigDataInfoController: Intent: android.intent.action.BATTERY_CHANGED
04-27 20:24:02.062  5878  6757 D SecPowerUI.Notification: dismissing low battery warning: level=74
04-27 20:24:02.062  5878  6757 D SecPowerUI.Notification: updateNotification mWarning=false mPlaySound=false
04-27 20:24:02.062  5878  6757 D SecPowerUI.Notification: SecBatteryStatsSnapshot{batteryLevel=74, currentBatteryMode=0, chargingTime=2563000, chargingType=11, batteryHealth=2, automaticTestMode=false, isHiccupState=false}
04-27 20:24:02.062  5429  5429 D PhoneWindowManagerExt: ACTION_BATTERY_CHANGED - Level=74, status=2
04-27 20:24:02.064  5878  6757 D SecPowerUI.Notification: 1. restoreScreenTimeOut - saved_value : :
04-27 20:24:02.064  5878  6757 E SecPowerUI.Notification: no saved value, so we do nothing !!
04-27 20:24:02.064  5878  5878 D SecPowerUI.Notification: showChargingNotice oldChargingType : 11 / currentChargingType : 11, oldChargingTime : 2563000 / mChargingTime : 2556000
04-27 20:24:02.064  5878  5878 D SecPowerUI.Notification: showChargingNotification()
04-27 20:24:02.064  5878  5878 D SecPowerUI.Notification: SecBatteryStatsSnapshot{batteryLevel=74, currentBatteryMode=0, chargingTime=2556000, chargingType=11, batteryHealth=2, automaticTestMode=false, isHiccupState=false}
04-27 20:24:02.065  5429  5429 D SemWifiApBroadcastReceiver: Received : android.intent.action.BATTERY_CHANGED
04-27 20:24:02.084  5429  6113 D ApplicationPolicy: isStatusBarNotificationAllowedAsUser: packageName = com.android.systemui,userId = 0
04-27 20:24:02.084  5429  6113 D ApplicationPolicy: isStatusBarNotificationAllowedAsUser: packageName = com.android.systemui,userId = -1
04-27 20:24:02.084  5429  6113 D ApplicationPolicy: isStatusBarNotificationAllowedAsUser: converting userId from USER_ALLto 0
04-27 20:24:02.086  5878  5878 D PowerUI : Battery swelling mode - priorBatterySwellingMode = 0 mBatterySwellingMode = 0 mBatteryStatus = 2
04-27 20:24:02.086  5878  5878 I PowerUI : mBatteryMiscEvent = 65536
04-27 20:24:02.087  5878  5878 D KeyguardUpdateMonitor: received broadcast android.intent.action.BATTERY_CHANGED
04-27 20:24:02.088  5878  5878 D SamsungBatteryMeterDrawable: onBatteryLevelChanged isSomethingChanged: false
04-27 20:24:02.089  5878  5878 D SamsungBatteryMeterDrawable: onBatteryLevelChanged isSomethingChanged: false
04-27 20:24:02.089  5878  5878 D SamsungBatteryMeterDrawable: onBatteryLevelChanged isSomethingChanged: false
04-27 20:24:02.090  5878  5878 D SamsungBatteryMeterDrawable: onBatteryLevelChanged isSomethingChanged: false
04-27 20:24:02.091  5878  5878 I AODBatteryManager: updateBatteryData: ACTION_BATTERY_CHANGED
04-27 20:24:02.092  5878  5878 I AODBatteryManager: saveBatteryData : AOD BatteryData [mBatteryLevel=74, mBatteryStatus=CHARGING, mBatteryPlugType=USB, mBatteryPlugged=true, mRemainingChargeTime=2556000, mBatteryChargingType=2, mBatteryChargerType=FAST, mBatteryOnline=NOT_DEFINED, mBatterySwellingMode=NONE, mBatteryProtectMode=false]
04-27 20:24:02.093  5878  5878 I ChargingInfoManager: updateChargingInfo: newState = AOD ChargingInfo [mState=BATTERY_AND_REMAIN_TIME, mIsCharging=true, mIsFullyCharged=false, mIsBatteryProtectMode=false], oldState = AOD ChargingInfo [mState=BATTERY_AND_REMAIN_TIME, mIsCharging=true, mIsFullyCharged=false, mIsBatteryProtectMode=false]
04-27 20:24:02.096  5878  5878 D KeyguardUpdateMonitor: handleBatteryUpdate
04-27 20:24:02.102  5878  5878 D KeyguardSecIndicationController: addIndicationTimeout() returned - unlocking
04-27 20:24:02.102  5878  5878 D KeyguardSecIndicationController: addIndication() returned - unlocking
04-27 20:24:02.103  5878  5878 D KeyguardSecIndicationPolicy:  remove Item pos = DEFAULT, type =           OWNER_INFO
04-27 20:24:02.103  5878  5878 D KeyguardSecIndicationController: addBatteryAndOwnerInfoIndication() battery status = BatteryStatus{status=2,level=74,plugged=2,health=2,maxChargingWattage=-1,remaining=2556000ultraFastCharger=1}
04-27 20:24:02.103  5878  5878 I ChargingInfoView: handleMessage: MSG_SHOW_CHARGING_INFO
04-27 20:24:02.103  5878  5878 I ChargingInfoView: updateContents: BATTERY_AND_REMAIN_TIME
04-27 20:24:02.103  5878  5878 I ChargingInfoView: handleMessage: MSG_SHOW_CHARGING_INFO
04-27 20:24:02.103  5878  5878 I ChargingInfoView: updateContents: BATTERY_AND_REMAIN_TIME
04-27 20:24:02.168 26164 26187 D Benchmark: allocationCount[ 0:10]: 41 41 41 41 41
04-27 20:24:02.168 26164 26187 D Benchmark: Set 26187 (Bench thread) to priority -8. Was -20, now -8
04-27 20:24:02.168 26164 26187 D Benchmark: Set 26172 (Jit) to priority 9. Was -15, now 9
04-27 20:24:02.168 26164 26187 D Benchmark: Warmup: t=8.072, iter=53, fastAvg=149464928, slowAvg=306311968
04-27 20:24:02.169 26164 26187 I PerfettoCapture: Stopping perfetto.
04-27 20:24:02.214   819   819 I perfetto:    perfetto_cmd.cc:1168 SIGINT/SIGTERM received: disabling tracing.
04-27 20:24:02.217 26164 26187 D Benchmark: kill -TERM command output -
04-27 20:24:02.228  5130  5130 I perfetto:  probes_producer.cc:396 Producer stop (id=165)
04-27 20:24:02.231  5130  5130 I perfetto:    ftrace_procfs.cc:342 disabled ftrace in /sys/kernel/tracing/
04-27 20:24:02.294  4389  4389 I hwservicemanager: getTransport: Cannot find entry android.hardware.atrace@1.0::IAtraceDevice/default in either framework or device VINTF manifest.
04-27 20:24:02.301  5130  5130 I perfetto:  probes_producer.cc:396 Producer stop (id=166)
04-27 20:24:02.302  5130  5130 I perfetto:  probes_producer.cc:396 Producer stop (id=167)
04-27 20:24:02.310  5785  5785 I FreeformContainer: [SmartPopupViewService] onNotificationPosted: StatusBarNotification(pkg=com.android.systemui user=UserHandle{-1} id=2131428972 tag=charging_state key=-1|com.android.systemui|2131428972|charging_state|10054: Notification(channel=CHR shortcut=null contentView=null vibrate=null sound=null defaults=0x0 flags=0xa color=0xff5075a1 category=sys groupKey=CHARGING vis=PUBLIC semFlags=0x0 semPriority=0 semMissedCount=0))
04-27 20:24:02.310  5785  5785 V FreeformContainer: [SmartPopupViewService] isSmartPopupViewTarget: com.android.systemui is not enabled
04-27 20:24:02.314  6323  6323 I Launcher.NotificationListener: onNotificationPosted : com.android.systemui number : 0
04-27 20:24:02.319  9209  9748 I NotificationPipeline: Processing new notification: -1|com.android.systemui|2131428972|charging_state|10054
04-27 20:24:02.320  9209  9748 W Notification4Heart_NB: NotificationBridgeCallback.onNotificationPosted-Ignored package : [-1] com.android.systemui
04-27 20:24:02.336  5878  5878 D PluginAODManager: onNotificationInfoUpdated() 0
04-27 20:24:02.337  5878  5878 I AODNotificationManager: updateVisibleNotifications: 0
04-27 20:24:02.337  5878  5878 I a       : updateStatusBarNotifications: open
04-27 20:24:02.338  5878  5878 I a       : updateStatusBarNotifications: open
04-27 20:24:02.425   819   819 I perfetto:    perfetto_cmd.cc:1124 Trace written into the output file
04-27 20:24:02.431  5131  5131 I perfetto: ng_service_impl.cc:2426 Tracing session 42 ended, total sessions:0
04-27 20:24:02.516  5878  5878 D BubblesManager: onEntryUpdated : shouldBubbleUp=false ,key=-1|com.android.systemui|2131428972|charging_state|10054
04-27 20:24:02.545  5878  5878 I FaceWidgetPositionAlgorithm: getClockContainerHeight() supplier = 270, bottom margin = 0, real height = 333
04-27 20:24:02.546  5878  5878 I FaceWidgetPositionAlgorithm: getClockContainerHeight() supplier = 270, bottom margin = 63, real height = 333
04-27 20:24:02.547  5878  5878 I FaceWidgetPositionAlgorithm: getMediaContainerHeight() height = 0 container Visibility = 8, isValid = false, mIsDozing = false, fraction = 1.0, source = 0, target = 0
04-27 20:24:02.547  5878  5878 I FaceWidgetPositionAlgorithm: getMediaContainerHeight() supplier = 0
04-27 20:24:02.560  5878  5878 D PluginAODManager: onNotificationInfoUpdated() 0
04-27 20:24:02.561  5878  5878 I AODNotificationManager: updateVisibleNotifications: 0
04-27 20:24:02.562  5878  5878 I a       : updateStatusBarNotifications: open
04-27 20:24:02.562  5878  5878 I a       : updateStatusBarNotifications: open
04-27 20:24:02.593  5878  5878 I FaceWidgetPositionAlgorithm: getClockContainerHeight() supplier = 270, bottom margin = 0, real height = 333
04-27 20:24:02.594  5878  5878 I FaceWidgetPositionAlgorithm: getClockContainerHeight() supplier = 270, bottom margin = 63, real height = 333
04-27 20:24:02.594  5878  5878 I FaceWidgetPositionAlgorithm: getMediaContainerHeight() height = 0 container Visibility = 8, isValid = false, mIsDozing = false, fraction = 1.0, source = 0, target = 0
04-27 20:24:02.594  5878  5878 I FaceWidgetPositionAlgorithm: getMediaContainerHeight() supplier = 0
04-27 20:24:02.647  5878  5878 I FaceWidgetPositionAlgorithm: getClockContainerHeight() supplier = 270, bottom margin = 0, real height = 333
04-27 20:24:02.647  5878  5878 I FaceWidgetPositionAlgorithm: getClockContainerHeight() supplier = 270, bottom margin = 63, real height = 333
04-27 20:24:02.647  5878  5878 I FaceWidgetPositionAlgorithm: getMediaContainerHeight() height = 0 container Visibility = 8, isValid = false, mIsDozing = false, fraction = 1.0, source = 0, target = 0
04-27 20:24:02.648  5878  5878 I FaceWidgetPositionAlgorithm: getMediaContainerHeight() supplier = 0
04-27 20:24:02.653  5878  5878 D PluginAODManager: onNotificationInfoUpdated() 0
04-27 20:24:02.653  5878  5878 I AODNotificationManager: updateVisibleNotifications: 0
04-27 20:24:02.653  5878  5878 I a       : updateStatusBarNotifications: open
04-27 20:24:02.654  5878  5878 I a       : updateStatusBarNotifications: open
04-27 20:24:02.875 26164 26187 D Benchmark: Waiting 500 ms for [ProcessPid(processName=perfetto, pid=819)] to die
04-27 20:24:02.973 26164 26187 I PerfettoCapture: Writing to /storage/emulated/0/Android/data/org.jetbrains.android_benchmark.test/cache/Wolf3dBenchmark_mutableRefDouble_2023-04-27-18-24-02.perfetto-trace.
04-27 20:24:03.101 26164 26187 D Benchmark: Copying /storage/emulated/0/Android/data/org.jetbrains.android_benchmark.test/cache/Wolf3dBenchmark_mutableRefDouble_2023-04-27-18-24-02.perfetto-trace to /sdcard/Android/media/org.jetbrains.android_benchmark.test/additional_test_output/Wolf3dBenchmark_mutableRefDouble_2023-04-27-18-24-02.perfetto-trace
04-27 20:24:03.133  8350 32381 W MediaProvider: isAppCloneUserPair for user 0: false
04-27 20:24:03.164  5429  6113 D SyncManager: userId - 0 auto - true
04-27 20:24:03.302  5429  5488 W libprocessgroup: Failed to open /dev/blkio//cgroup.procs: No such file or directory
04-27 20:24:03.307  5429  5488 W libprocessgroup: Failed to open /dev/blkio//cgroup.procs: No such file or directory
04-27 20:24:03.320  6734 29038 I NetworkScheduler.Stats: Task com.google.android.gms/com.google.android.gms.ipa.base.IpaGcmTaskService started execution. cause:9 exec_start_elapsed_seconds: 29383 [CONTEXT service_id=218 ]
04-27 20:24:03.325 26164 26187 I Benchmark: Wolf3dBenchmark.mutableRefDouble[Metric (timeNs) results: median 1.483998845E8, min 1.48194039E8, max 1.53085923E8, standardDeviation: 926602.294472071, Metric (allocationCount) results: median 41.0, min 41.0, max 41.0, standardDeviation: 0.0]count=1
04-27 20:24:03.333 26164 26187 D Benchmark: writing results to /storage/emulated/0/Android/data/org.jetbrains.android_benchmark.test/cache/org.jetbrains.android_benchmark.test-benchmarkData.json
04-27 20:24:03.338  6734 32221 I NetworkScheduler.Stats: Task com.google.android.gms/com.google.android.gms.ipa.base.IpaGcmTaskService finished executing. cause:9 result: 1 elapsed_millis: 56 uptime_millis: 56 exec_start_elapsed_seconds: 29383 [CONTEXT service_id=218 ]
04-27 20:24:03.400 26164 26187 D Benchmark: Copying /storage/emulated/0/Android/data/org.jetbrains.android_benchmark.test/cache/org.jetbrains.android_benchmark.test-benchmarkData.json to /sdcard/Android/media/org.jetbrains.android_benchmark.test/additional_test_output/org.jetbrains.android_benchmark.test-benchmarkData.json
04-27 20:24:03.419  8350 32381 I MediaProvider: Deleted 1 0 0 0 0 0 0 items on external_primary due to org.jetbrains.android_benchmark.test
04-27 20:24:03.420  5429  8532 D SyncManager: userId - 0 auto - true
04-27 20:24:03.441  8350   919 W MediaProvider: isAppCloneUserPair for user 0: false
04-27 20:24:03.479  5429  5488 W libprocessgroup: Failed to open /dev/blkio//cgroup.procs: No such file or directory
04-27 20:24:03.481  5429  5488 W libprocessgroup: Failed to open /dev/blkio//cgroup.procs: No such file or directory
04-27 20:24:03.489  5429  8532 D SyncManager: userId - 0 auto - true
04-27 20:24:03.500  6734 28907 I NetworkScheduler.Stats: Task com.google.android.gms/com.google.android.gms.ipa.base.IpaGcmTaskService started execution. cause:9 exec_start_elapsed_seconds: 29383 [CONTEXT service_id=218 ]
04-27 20:24:03.505 26164 26187 I TestRunner: finished: mutableRefDouble(org.jetbrains.android_benchmark.Wolf3dBenchmark)
