04-27 22:15:00.836 21852 21852 D nativeloader: Configuring classloader-namespace for other apk /system/framework/org.apache.http.legacy.jar. target_sdk_version=33, uses_libraries=ALL, library_path=/data/app/~~EhoCLpe9IJr2cAibezJfdg==/com.osp.app.signin-mgXNME0fm512t8l_4MNsMA==/lib/arm64:/data/app/~~EhoCLpe9IJr2cAibezJfdg==/com.osp.app.signin-mgXNME0fm512t8l_4MNsMA==/base.apk!/lib/arm64-v8a, permitted_path=/data:/mnt/expand:/data/user/0/com.osp.app.signin
04-27 22:15:00.836 21852 21852 D nativeloader: Extending system_exposed_libraries: libhumantracking.arcsoft.so:libPortraitDistortionCorrection.arcsoft.so:libPortraitDistortionCorrectionCali.arcsoft.so:libface_landmark.arcsoft.so:libFacialStickerEngine.arcsoft.so:libveengine.arcsoft.so:liblow_light_hdr.arcsoft.so:libhigh_dynamic_range.arcsoft.so:libFacialAttributeDetection.arcsoft.so:libBeauty_v4.camera.samsung.so:libexifa.camera.samsung.so:libjpega.camera.samsung.so:libOpenCv.camera.samsung.so:libImageScreener.camera.samsung.so:libMyFilter.camera.samsung.so:libtensorflowLite.myfilter.camera.samsung.so:libtensorflowlite_inference_api.myfilter.camera.samsung.so:libEventFinder.camera.samsung.so:libHIDTSnapJNI.camera.samsung.so:libSmartScan.camera.samsung.so:libRectify.camera.samsung.so:libDocRectifyWrapper.camera.samsung.so:libUltraWideDistortionCorrection.camera.samsung.so:libHpr_RecGAE_cvFeature_v1.0.camera.samsung.so:libHprFace_GAE_api.camera.samsung.so:libFace_Landmark_API.camera.samsung.so:libHprFace_GAE_jni.camera.samsung.so:libFacialBasedSelfieCorrec
04-27 22:15:00.842  6323  6323 I Launcher.AppsPagedView: UpdateItems => id: 36, rank: 1, screenId: 0, cellX: 1, cellY: 0, container: -102, dirty: false, title: Samsung, isFolder: true, user: UserHandle{0}, disabled: false, screenType: 0
04-27 22:15:00.842  6323  6323 I IconView: applyDotState itemInfo : Samsung display : 1 count : 0
04-27 22:15:00.846  6734  6734 D BoundBrokerSvc: onBind: Intent { act=com.google.android.gms.presencemanager.service.START dat=chimera-action:/... cmp=com.google.android.gms/.chimera.PersistentApiService }
04-27 22:15:00.846  6734  6734 D BoundBrokerSvc: Loading bound service for intent: Intent { act=com.google.android.gms.presencemanager.service.START dat=chimera-action:/... cmp=com.google.android.gms/.chimera.PersistentApiService }
04-27 22:15:00.849  5040 21806 I HYPER-HAL: [RequestManager.cpp]releaseLocked(): Released ID : 14843095
04-27 22:15:00.850 21886 21901 W libc    : Access denied finding property "sys.perf.boostopt"
04-27 22:15:00.854  7327  7327 I GoogleInputMethodService: GoogleInputMethodService.onStartInput():1930 onStartInput(EditorInfo{inputType=0x0(NULL) imeOptions=0x0 privateImeOptions=null actionName=UNSPECIFIED actionLabel=null actionId=0 initialSelStart=-1 initialSelEnd=-1 initialCapsMode=0x0 hintText=null label=null packageName=org.jetbrains.android_benchmark.test fieldId=-1 fieldName=null extras=Bundle[{displayId=0}]}, false)
04-27 22:15:00.862  7327  7327 I GoogleInputMethodService: GoogleInputMethodService.shouldHideHeaderOnInitialState():4116 ShouldHideHeaderOnInitialState = false
04-27 22:15:00.867  7327  7327 I GoogleInputMethodService: GoogleInputMethodService.updateDeviceLockedStatus():2152 repeatCheckTimes = 2, unlocked = true
04-27 22:15:00.887 21852 21852 D nativeloader: Configuring classloader-namespace for other apk /system/framework/samsungkeystoreutils.jar. target_sdk_version=33, uses_libraries=ALL, library_path=/data/app/~~EhoCLpe9IJr2cAibezJfdg==/com.osp.app.signin-mgXNME0fm512t8l_4MNsMA==/lib/arm64:/data/app/~~EhoCLpe9IJr2cAibezJfdg==/com.osp.app.signin-mgXNME0fm512t8l_4MNsMA==/base.apk!/lib/arm64-v8a, permitted_path=/data:/mnt/expand:/data/user/0/com.osp.app.signin
04-27 22:15:00.888 21852 21852 D nativeloader: Extending system_exposed_libraries: libhumantracking.arcsoft.so:libPortraitDistortionCorrection.arcsoft.so:libPortraitDistortionCorrectionCali.arcsoft.so:libface_landmark.arcsoft.so:libFacialStickerEngine.arcsoft.so:libveengine.arcsoft.so:liblow_light_hdr.arcsoft.so:libhigh_dynamic_range.arcsoft.so:libFacialAttributeDetection.arcsoft.so:libBeauty_v4.camera.samsung.so:libexifa.camera.samsung.so:libjpega.camera.samsung.so:libOpenCv.camera.samsung.so:libImageScreener.camera.samsung.so:libMyFilter.camera.samsung.so:libtensorflowLite.myfilter.camera.samsung.so:libtensorflowlite_inference_api.myfilter.camera.samsung.so:libEventFinder.camera.samsung.so:libHIDTSnapJNI.camera.samsung.so:libSmartScan.camera.samsung.so:libRectify.camera.samsung.so:libDocRectifyWrapper.camera.samsung.so:libUltraWideDistortionCorrection.camera.samsung.so:libHpr_RecGAE_cvFeature_v1.0.camera.samsung.so:libHprFace_GAE_api.camera.samsung.so:libFace_Landmark_API.camera.samsung.so:libHprFace_GAE_jni.camera.samsung.so:libFacialBasedSelfieCorrec
04-27 22:15:00.891  6323  6323 I Launcher.AppsPagedView: UpdateItems => id: 160, rank: 2, screenId: 0, cellX: 2, cellY: 0, container: -102, dirty: false, title: 3D Calculator, isFolder: false, user: UserHandle{0}, disabled: false, screenType: 0
04-27 22:15:00.900 31104 31104 D ConnectivityManager: StackLog: [android.net.ConnectivityManager.unregisterNetworkCallback(ConnectivityManager.java:4863)] [androidx.work.impl.utils.NetworkApi21.unregisterNetworkCallbackCompat(Unknown Source:10)] [androidx.work.impl.constraints.trackers.NetworkStateTracker24.stopTracking(Unknown Source:15)] [androidx.work.impl.constraints.trackers.ConstraintTracker.removeListener(Unknown Source:24)] [androidx.work.impl.constraints.controllers.ConstraintController.replace(Unknown Source:81)] [androidx.work.impl.constraints.WorkConstraintsTrackerImpl.replace(Unknown Source:41)] [androidx.work.impl.background.greedy.GreedyScheduler.onExecuted(Unknown Source:55)] [androidx.work.impl.Processor.onExecuted(Unknown Source:59)] [com.bugsnag.android.DeliveryDelegate$1.run(Unknown Source:212)]
04-27 22:15:00.900  6323  6323 I Launcher.AppsPagedView: UpdateItems => id: 202, rank: 3, screenId: 0, cellX: 3, cellY: 0, container: -102, dirty: false, title: Adobe Acrobat, isFolder: false, user: UserHandle{0}, disabled: false, screenType: 0
04-27 22:15:00.901  6323  6323 I Launcher.AppsPagedView: UpdateItems => id: 176, rank: 4, screenId: 0, cellX: 4, cellY: 0, container: -102, dirty: false, title: App Center, isFolder: false, user: UserHandle{0}, disabled: false, screenType: 0
04-27 22:15:00.901  6323  6323 I Launcher.AppsPagedView: UpdateItems => id: 250, rank: 5, screenId: 0, cellX: 0, cellY: 1, container: -102, dirty: false, title: AR Zone, isFolder: false, user: UserHandle{0}, disabled: false, screenType: 0
04-27 22:15:00.901  6323  6323 I Launcher.AppsPagedView: UpdateItems => id: 161, rank: 6, screenId: 0, cellX: 1, cellY: 1, container: -102, dirty: false, title: Assistant, isFolder: false, user: UserHandle{0}, disabled: false, screenType: 0
04-27 22:15:00.902  6323  6323 I Launcher.AppsPagedView: UpdateItems => id: 180, rank: 7, screenId: 0, cellX: 2, cellY: 1, container: -102, dirty: false, title: Authenticator, isFolder: false, user: UserHandle{0}, disabled: false, screenType: 0
04-27 22:15:00.904  6323  6323 I Launcher.AppsPagedView: UpdateItems => id: 249, rank: 8, screenId: 0, cellX: 3, cellY: 1, container: -102, dirty: false, title: Benchmark, isFolder: false, user: UserHandle{0}, disabled: false, screenType: 0
04-27 22:15:00.905  6323  6323 I Launcher.AppsPagedView: UpdateItems => id: 270, rank: 9, screenId: 0, cellX: 4, cellY: 1, container: -102, dirty: false, title: BeoGRADSKI prevoz, isFolder: false, user: UserHandle{0}, disabled: false, screenType: 0
04-27 22:15:00.905  6323  6323 I Launcher.AppsPagedView: UpdateItems => id: 277, rank: 10, screenId: 0, cellX: 0, cellY: 2, container: -102, dirty: false, title: Bing, isFolder: false, user: UserHandle{0}, disabled: false, screenType: 0
04-27 22:15:00.906  6323  6323 I Launcher.AppsPagedView: UpdateItems => id: 111, rank: 11, screenId: 0, cellX: 1, cellY: 2, container: -102, dirty: false, title: Browser, isFolder: false, user: UserHandle{0}, disabled: false, screenType: 0
04-27 22:15:00.908  6323  6323 I Launcher.AppsPagedView: UpdateItems => id: 93, rank: 12, screenId: 0, cellX: 2, cellY: 2, container: -102, dirty: false, title: Calculator, isFolder: false, user: UserHandle{0}, disabled: false, screenType: 0
04-27 22:15:00.908  6323  6323 I Launcher.AppsPagedView: UpdateItems => id: 158, rank: 13, screenId: 0, cellX: 3, cellY: 2, container: -102, dirty: false, title: Calculator, isFolder: false, user: UserHandle{0}, disabled: false, screenType: 0
04-27 22:15:00.908  6323  6323 I Launcher.AppsPagedView: UpdateItems => id: 74, rank: 14, screenId: 0, cellX: 4, cellY: 2, container: -102, dirty: false, title: Calendar, isFolder: false, user: UserHandle{0}, disabled: false, screenType: 0
04-27 22:15:00.909  6323  6323 I Launcher.AppsPagedView: UpdateItems => id: 224, rank: 15, screenId: 0, cellX: 0, cellY: 3, container: -102, dirty: false, title: Calendar, isFolder: false, user: UserHandle{0}, disabled: false, screenType: 0
04-27 22:15:00.909  6323  6323 I Launcher.AppsPagedView: UpdateItems => id: 69, rank: 16, screenId: 0, cellX: 1, cellY: 3, container: -102, dirty: false, title: Camera, isFolder: false, user: UserHandle{0}, disabled: false, screenType: 0
04-27 22:15:00.909  6323  6323 I Launcher.AppsPagedView: UpdateItems => id: 204, rank: 17, screenId: 0, cellX: 2, cellY: 3, container: -102, dirty: false, title: Canon Print Service, isFolder: false, user: UserHandle{0}, disabled: false, screenType: 0
04-27 22:15:00.910  6323  6323 I Launcher.AppsPagedView: UpdateItems => id: 236, rank: 18, screenId: 0, cellX: 3, cellY: 3, container: -102, dirty: false, title: CAR:GO, isFolder: false, user: UserHandle{0}, disabled: false, screenType: 0
04-27 22:15:00.910  6323  6323 I Launcher.AppsPagedView: UpdateItems => id: 116, rank: 19, screenId: 0, cellX: 4, cellY: 3, container: -102, dirty: false, title: CDE ITMO, isFolder: false, user: UserHandle{0}, disabled: false, screenType: 0
04-27 22:15:00.910  6323  6323 I Launcher.AppsPagedView: UpdateItems => id: 71, rank: 20, screenId: 0, cellX: 0, cellY: 4, container: -102, dirty: false, title: Clock, isFolder: false, user: UserHandle{0}, disabled: false, screenType: 0
04-27 22:15:00.910  6323  6323 I Launcher.AppsPagedView: UpdateItems => id: 178, rank: 21, screenId: 0, cellX: 1, cellY: 4, container: -102, dirty: false, title: Cloud Mail.ru, isFolder: false, user: UserHandle{0}, disabled: false, screenType: 0
04-27 22:15:00.911  6323  6323 I Launcher.AppsPagedView: UpdateItems => id: 72, rank: 22, screenId: 0, cellX: 2, cellY: 4, container: -102, dirty: false, title: Contacts, isFolder: false, user: UserHandle{0}, disabled: false, screenType: 0
04-27 22:15:00.911  6323  6323 I Launcher.AppsPagedView: UpdateItems => id: 195, rank: 23, screenId: 0, cellX: 3, cellY: 4, container: -102, dirty: false, title: Contacts, isFolder: false, user: UserHandle{0}, disabled: false, screenType: 0
04-27 22:15:00.911  6323  6323 I Launcher.AppsPagedView: UpdateItems => id: 151, rank: 24, screenId: 0, cellX: 4, cellY: 4, container: -102, dirty: false, title: Cxxdroid, isFolder: false, user: UserHandle{0}, disabled: false, screenType: 0
04-27 22:15:00.911  6323  6323 I Launcher.AppsPagedView: UpdateItems => id: 193, rank: 25, screenId: 0, cellX: 0, cellY: 5, container: -102, dirty: false, title: Dcoder, isFolder: false, user: UserHandle{0}, disabled: false, screenType: 0
04-27 22:15:00.912  6323  6323 I Launcher.AppsPagedView: UpdateItems => id: 266, rank: 26, screenId: 0, cellX: 1, cellY: 5, container: -102, dirty: false, title: Digital Wellbeing, isFolder: false, user: UserHandle{0}, disabled: false, screenType: 0
04-27 22:15:00.912  6323  6323 I Launcher.AppsPagedView: UpdateItems => id: 118, rank: 27, screenId: 0, cellX: 2, cellY: 5, container: -102, dirty: false, title: Discord, isFolder: false, user: UserHandle{0}, disabled: false, screenType: 0
04-27 22:15:00.912  6323  6323 I Launcher.AppsPagedView: UpdateItems => id: 171, rank: 28, screenId: 0, cellX: 3, cellY: 5, container: -102, dirty: false, title: Docs, isFolder: false, user: UserHandle{0}, disabled: false, screenType: 0
04-27 22:15:00.912  6323  6323 I Launcher.AppsPagedView: UpdateItems => id: 268, rank: 29, screenId: 0, cellX: 4, cellY: 5, container: -102, dirty: false, title: DontKillMyApp, isFolder: false, user: UserHandle{0}, disabled: false, screenType: 0
04-27 22:15:00.913  6323  6323 I Launcher.AppsPagedView: UpdateItems => id: 86, rank: 0, screenId: 1, cellX: 0, cellY: 0, container: -102, dirty: false, title: Drive, isFolder: false, user: UserHandle{0}, disabled: false, screenType: 0
04-27 22:15:00.913  6323  6323 I Launcher.AppsPagedView: UpdateItems => id: 166, rank: 1, screenId: 1, cellX: 1, cellY: 0, container: -102, dirty: false, title: DuckDuckGo, isFolder: false, user: UserHandle{0}, disabled: false, screenType: 0
04-27 22:15:00.913  6323  6323 I Launcher.AppsPagedView: UpdateItems => id: 253, rank: 2, screenId: 1, cellX: 2, cellY: 0, container: -102, dirty: false, title: Duolingo, isFolder: false, user: UserHandle{0}, disabled: false, screenType: 0
04-27 22:15:00.914  6323  6323 I Launcher.AppsPagedView: UpdateItems => id: 279, rank: 3, screenId: 1, cellX: 3, cellY: 0, container: -102, dirty: false, title: Durak, isFolder: false, user: UserHandle{0}, disabled: false, screenType: 0
04-27 22:15:00.914  6323  6323 I Launcher.AppsPagedView: UpdateItems => id: 201, rank: 4, screenId: 1, cellX: 4, cellY: 0, container: -102, dirty: false, title: Edge Canary, isFolder: false, user: UserHandle{0}, disabled: false, screenType: 0
04-27 22:15:00.917  6323  6323 I Launcher.AppsPagedView: UpdateItems => id: 174, rank: 5, screenId: 1, cellX: 0, cellY: 1, container: -102, dirty: false, title: Excel, isFolder: false, user: UserHandle{0}, disabled: false, screenType: 0
04-27 22:15:00.918 21900 21900 I oft.emmx.canary: Using CollectorTypeCC GC.
04-27 22:15:00.919  6323  6323 I Launcher.AppsPagedView: UpdateItems => id: 196, rank: 6, screenId: 1, cellX: 1, cellY: 1, container: -102, dirty: false, title: Files, isFolder: false, user: UserHandle{0}, disabled: false, screenType: 0
04-27 22:15:00.921 21326 21750 I YandexAdsIntegrityCheck: Yandex Mobile Ads 5.3.2 initialized successfully
04-27 22:15:00.921  6323  6323 I Launcher.AppsPagedView: UpdateItems => id: 145, rank: 7, screenId: 1, cellX: 2, cellY: 1, container: -102, dirty: false, title: Firefox, isFolder: false, user: UserHandle{0}, disabled: false, screenType: 0
04-27 22:15:00.922  4924  4924 I Zygote  : Process 20027 exited due to signal 9 (Killed)
04-27 22:15:00.923  6323  6323 I Launcher.AppsPagedView: UpdateItems => id: 264, rank: 8, screenId: 1, cellX: 3, cellY: 1, container: -102, dirty: false, title: Flipd, isFolder: false, user: UserHandle{0}, disabled: false, screenType: 0
04-27 22:15:00.924  6323  6323 I Launcher.AppsPagedView: UpdateItems => id: 263, rank: 9, screenId: 1, cellX: 4, cellY: 1, container: -102, dirty: false, title: Forest, isFolder: false, user: UserHandle{0}, disabled: false, screenType: 0
04-27 22:15:00.925  6323  6323 I Launcher.AppsPagedView: UpdateItems => id: 63, rank: 10, screenId: 1, cellX: 0, cellY: 2, container: -102, dirty: false, title: Galaxy Store, isFolder: false, user: UserHandle{0}, disabled: false, screenType: 0
04-27 22:15:00.926  6323  6323 I Launcher.AppsPagedView: UpdateItems => id: 94, rank: 11, screenId: 1, cellX: 1, cellY: 2, container: -102, dirty: false, title: Galaxy Wearable, isFolder: false, user: UserHandle{0}, disabled: false, screenType: 0
04-27 22:15:00.927  6323  6323 I Launcher.AppsPagedView: UpdateItems => id: 70, rank: 12, screenId: 1, cellX: 2, cellY: 2, container: -102, dirty: false, title: Gallery, isFolder: false, user: UserHandle{0}, disabled: false, screenType: 0
04-27 22:15:00.927  6323  6323 I Launcher.AppsPagedView: UpdateItems => id: 78, rank: 13, screenId: 1, cellX: 3, cellY: 2, container: -102, dirty: false, title: Game Launcher, isFolder: false, user: UserHandle{0}, disabled: false, screenType: 0
04-27 22:15:00.928  6323  6323 I Launcher.AppsPagedView: UpdateItems => id: 239, rank: 14, screenId: 1, cellX: 4, cellY: 2, container: -102, dirty: false, title: Game Plugins, isFolder: false, user: UserHandle{0}, disabled: false, screenType: 0
04-27 22:15:00.929  6323  6323 I Launcher.AppsPagedView: UpdateItems => id: 280, rank: 15, screenId: 1, cellX: 0, cellY: 3, container: -102, dirty: false, title: Games, isFolder: false, user: UserHandle{0}, disabled: false, screenType: 0
04-27 22:15:00.929  6323  6323 I Launcher.AppsPagedView: UpdateItems => id: 198, rank: 16, screenId: 1, cellX: 1, cellY: 3, container: -102, dirty: false, title: Gboard, isFolder: false, user: UserHandle{0}, disabled: false, screenType: 0
04-27 22:15:00.930  6323  6323 I Launcher.AppsPagedView: UpdateItems => id: 173, rank: 17, screenId: 1, cellX: 2, cellY: 3, container: -102, dirty: false, title: GitHub, isFolder: false, user: UserHandle{0}, disabled: false, screenType: 0
04-27 22:15:00.930  6323  6323 I Launcher.AppsPagedView: UpdateItems => id: 209, rank: 18, screenId: 1, cellX: 3, cellY: 3, container: -102, dirty: false, title: Glovo, isFolder: false, user: UserHandle{0}, disabled: false, screenType: 0
04-27 22:15:00.930  6323  6323 I Launcher.AppsPagedView: UpdateItems => id: 153, rank: 19, screenId: 1, cellX: 4, cellY: 3, container: -102, dirty: false, title: Google Japanese Input, isFolder: false, user: UserHandle{0}, disabled: false, screenType: 0
04-27 22:15:00.931  6323  6323 I Launcher.AppsPagedView: UpdateItems => id: 281, rank: 20, screenId: 1, cellX: 0, cellY: 4, container: -102, dirty: false, title: Grammarly, isFolder: false, user: UserHandle{0}, disabled: false, screenType: 0
04-27 22:15:00.931  6323  6323 I Launcher.AppsPagedView: UpdateItems => id: 181, rank: 21, screenId: 1, cellX: 1, cellY: 4, container: -102, dirty: false, title: Graphing Calc, isFolder: false, user: UserHandle{0}, disabled: false, screenType: 0
04-27 22:15:00.932  6323  6323 I Launcher.AppsPagedView: UpdateItems => id: 165, rank: 22, screenId: 1, cellX: 2, cellY: 4, container: -102, dirty: false, title: HiPER Scientific Calculator, isFolder: false, user: UserHandle{0}, disabled: false, screenType: 0
04-27 22:15:00.933  6323  6323 I Launcher.AppsPagedView: UpdateItems => id: 274, rank: 23, screenId: 1, cellX: 3, cellY: 4, container: -102, dirty: false, title: Instagram, isFolder: false, user: UserHandle{0}, disabled: false, screenType: 0
04-27 22:15:00.933  6323  6323 I Launcher.AppsPagedView: UpdateItems => id: 235, rank: 24, screenId: 1, cellX: 4, cellY: 4, container: -102, dirty: false, title: KAlgebra, isFolder: false, user: UserHandle{0}, disabled: false, screenType: 0
04-27 22:15:00.933  6323  6323 I Launcher.AppsPagedView: UpdateItems => id: 139, rank: 25, screenId: 1, cellX: 0, cellY: 5, container: -102, dirty: false, title: Kaspersky, isFolder: false, user: UserHandle{0}, disabled: false, screenType: 0
04-27 22:15:00.933  6323  6323 I Launcher.AppsPagedView: UpdateItems => id: 234, rank: 26, screenId: 1, cellX: 1, cellY: 5, container: -102, dirty: false, title: KDE Connect, isFolder: false, user: UserHandle{0}, disabled: false, screenType: 0
04-27 22:15:00.934  6323  6323 I Launcher.AppsPagedView: UpdateItems => id: 120, rank: 27, screenId: 1, cellX: 2, cellY: 5, container: -102, dirty: false, title: Keep notes, isFolder: false, user: UserHandle{0}, disabled: false, screenType: 0
04-27 22:15:00.934  6323  6323 I Launcher.AppsPagedView: UpdateItems => id: 244, rank: 28, screenId: 1, cellX: 3, cellY: 5, container: -102, dirty: false, title: Knowledge, isFolder: false, user: UserHandle{0}, disabled: false, screenType: 0
04-27 22:15:00.934  6323  6323 I Launcher.AppsPagedView: UpdateItems => id: 228, rank: 29, screenId: 1, cellX: 4, cellY: 5, container: -102, dirty: false, title: Lens, isFolder: false, user: UserHandle{0}, disabled: false, screenType: 0
04-27 22:15:00.934  6323  6323 I Launcher.AppsPagedView: UpdateItems => id: 255, rank: 0, screenId: 2, cellX: 0, cellY: 0, container: -102, dirty: false, title: LinkedIn, isFolder: false, user: UserHandle{0}, disabled: false, screenType: 0
04-27 22:15:00.935  6323  6323 I Launcher.AppsPagedView: UpdateItems => id: 84, rank: 1, screenId: 2, cellX: 1, cellY: 0, container: -102, dirty: false, title: Mail, isFolder: false, user: UserHandle{0}, disabled: false, screenType: 0
04-27 22:15:00.935  6323  6323 I Launcher.AppsPagedView: UpdateItems => id: 117, rank: 2, screenId: 2, cellX: 2, cellY: 0, container: -102, dirty: false, title: Mail, isFolder: false, user: UserHandle{0}, disabled: false, screenType: 0
04-27 22:15:00.936  6323  6323 I Launcher.AppsPagedView: UpdateItems => id: 125, rank: 3, screenId: 2, cellX: 3, cellY: 0, container: -102, dirty: false, title: Maps, isFolder: false, user: UserHandle{0}, disabled: false, screenType: 0
04-27 22:15:00.936  6323  6323 I Launcher.AppsPagedView: UpdateItems => id: 203, rank: 4, screenId: 2, cellX: 4, cellY: 0, container: -102, dirty: false, title: meduza, isFolder: false, user: UserHandle{0}, disabled: false, screenType: 0
04-27 22:15:00.937  6323  6323 I Launcher.AppsPagedView: UpdateItems => id: 218, rank: 5, screenId: 2, cellX: 0, cellY: 1, container: -102, dirty: false, title: Meet, isFolder: false, user: UserHandle{0}, disabled: false, screenType: 0
04-27 22:15:00.938  6323  6323 I Launcher.AppsPagedView: UpdateItems => id: 254, rank: 6, screenId: 2, cellX: 1, cellY: 1, container: -102, dirty: false, title: Meet (original), isFolder: false, user: UserHandle{0}, disabled: false, screenType: 0
04-27 22:15:00.939  6323  6323 I Launcher.AppsPagedView: UpdateItems => id: 276, rank: 7, screenId: 2, cellX: 2, cellY: 1, container: -102, dirty: false, title: MegaFonPRO, isFolder: false, user: UserHandle{0}, disabled: false, screenType: 0
04-27 22:15:00.940 21274 21828 I com.microsoft.tokenshare.k: refreshConfiguration ends
04-27 22:15:00.940  6323  6323 I Launcher.AppsPagedView: UpdateItems => id: 68, rank: 8, screenId: 2, cellX: 3, cellY: 1, container: -102, dirty: false, title: Messages, isFolder: false, user: UserHandle{0}, disabled: false, screenType: 0
04-27 22:15:00.941  6323  6323 I Launcher.AppsPagedView: UpdateItems => id: 103, rank: 9, screenId: 2, cellX: 4, cellY: 1, container: -102, dirty: false, title: Microsoft 365 (Office), isFolder: false, user: UserHandle{0}, disabled: false, screenType: 0
04-27 22:15:00.942  6323  6323 I Launcher.AppsPagedView: UpdateItems => id: 159, rank: 10, screenId: 2, cellX: 0, cellY: 2, container: -102, dirty: false, title: Microsoft Launcher, isFolder: false, user: UserHandle{0}, disabled: false, screenType: 0
04-27 22:15:00.943  6323  6323 I Launcher.AppsPagedView: UpdateItems => id: 261, rank: 11, screenId: 2, cellX: 1, cellY: 2, container: -102, dirty: false, title: Moj Maxi, isFolder: false, user: UserHandle{0}, disabled: false, screenType: 0
04-27 22:15:00.944  6323  6323 I Launcher.AppsPagedView: UpdateItems => id: 252, rank: 12, screenId: 2, cellX: 2, cellY: 2, container: -102, dirty: false, title: Moja mBanka, isFolder: false, user: UserHandle{0}, disabled: false, screenType: 0
04-27 22:15:00.945  6323  6323 I Launcher.AppsPagedView: UpdateItems => id: 233, rank: 13, screenId: 2, cellX: 3, cellY: 2, container: -102, dirty: false, title: Moodle, isFolder: false, user: UserHandle{0}, disabled: false, screenType: 0
04-27 22:15:00.945  6323  6323 I Launcher.AppsPagedView: UpdateItems => id: 258, rank: 14, screenId: 2, cellX: 4, cellY: 2, container: -102, dirty: false, title: Moovit, isFolder: false, user: UserHandle{0}, disabled: false, screenType: 0
04-27 22:15:00.946  6323  6323 I Launcher.AppsPagedView: UpdateItems => id: 275, rank: 15, screenId: 2, cellX: 0, cellY: 3, container: -102, dirty: false, title: Music, isFolder: false, user: UserHandle{0}, disabled: false, screenType: 0
04-27 22:15:00.946  6323  6323 I Launcher.AppsPagedView: UpdateItems => id: 169, rank: 16, screenId: 2, cellX: 1, cellY: 3, container: -102, dirty: false, title: my.itmo, isFolder: false, user: UserHandle{0}, disabled: false, screenType: 0
04-27 22:15:00.947  6323  6323 I Launcher.AppsPagedView: UpdateItems => id: 197, rank: 17, screenId: 2, cellX: 2, cellY: 3, container: -102, dirty: false, title: Natural Scientific Calculator, isFolder: false, user: UserHandle{0}, disabled: false, screenType: 0
04-27 22:15:00.948  6323  6323 I Launcher.AppsPagedView: UpdateItems => id: 260, rank: 18, screenId: 2, cellX: 3, cellY: 3, container: -102, dirty: false, title: Notion, isFolder: false, user: UserHandle{0}, disabled: false, screenType: 0
04-27 22:15:00.948  6323  6323 I Launcher.AppsPagedView: UpdateItems => id: 251, rank: 19, screenId: 2, cellX: 4, cellY: 3, container: -102, dirty: false, title: Omnics, isFolder: false, user: UserHandle{0}, disabled: false, screenType: 0
04-27 22:15:00.949  6323  6323 I Launcher.AppsPagedView: UpdateItems => id: 58, rank: 20, screenId: 2, cellX: 0, cellY: 4, container: -102, dirty: false, title: OneDrive, isFolder: false, user: UserHandle{0}, disabled: false, screenType: 0
04-27 22:15:00.949  6323  6323 I Launcher.AppsPagedView: UpdateItems => id: 149, rank: 21, screenId: 2, cellX: 1, cellY: 4, container: -102, dirty: false, title: OONI Probe, isFolder: false, user: UserHandle{0}, disabled: false, screenType: 0
04-27 22:15:00.949  7162  7190 I adbd    : jdwp connection from 21900
04-27 22:15:00.950  6323  6323 I Launcher.AppsPagedView: UpdateItems => id: 179, rank: 22, screenId: 2, cellX: 2, cellY: 4, container: -102, dirty: false, title: Orbot, isFolder: false, user: UserHandle{0}, disabled: false, screenType: 0
04-27 22:15:00.950  6323  6323 I Launcher.AppsPagedView: UpdateItems => id: 146, rank: 23, screenId: 2, cellX: 3, cellY: 4, container: -102, dirty: false, title: PaintCAD, isFolder: false, user: UserHandle{0}, disabled: false, screenType: 0
04-27 22:15:00.951  6323  6323 I Launcher.AppsPagedView: UpdateItems => id: 67, rank: 24, screenId: 2, cellX: 4, cellY: 4, container: -102, dirty: false, title: Phone, isFolder: false, user: UserHandle{0}, disabled: false, screenType: 0
04-27 22:15:00.952  6323  6323 I Launcher.AppsPagedView: UpdateItems => id: 219, rank: 25, screenId: 2, cellX: 0, cellY: 5, container: -102, dirty: false, title: PhoneAccount Abuse Detector, isFolder: false, user: UserHandle{0}, disabled: false, screenType: 0
04-27 22:15:00.953  6323  6323 I Launcher.AppsPagedView: UpdateItems => id: 177, rank: 26, screenId: 2, cellX: 1, cellY: 5, container: -102, dirty: false, title: Photomath, isFolder: false, user: UserHandle{0}, disabled: false, screenType: 0
04-27 22:15:00.953  6323  6323 I Launcher.AppsPagedView: UpdateItems => id: 92, rank: 27, screenId: 2, cellX: 2, cellY: 5, container: -102, dirty: false, title: Photos, isFolder: false, user: UserHandle{0}, disabled: false, screenType: 0
04-27 22:15:00.954  6323  6323 I Launcher.AppsPagedView: UpdateItems => id: 132, rank: 28, screenId: 2, cellX: 3, cellY: 5, container: -102, dirty: false, title: PhotoScan, isFolder: false, user: UserHandle{0}, disabled: false, screenType: 0
04-27 22:15:00.954  6323  6323 I Launcher.AppsPagedView: UpdateItems => id: 242, rank: 29, screenId: 2, cellX: 4, cellY: 5, container: -102, dirty: false, title: Play Games, isFolder: false, user: UserHandle{0}, disabled: false, screenType: 0
04-27 22:15:00.955  6323  6323 I Launcher.AppsPagedView: UpdateItems => id: 192, rank: 0, screenId: 3, cellX: 0, cellY: 0, container: -102, dirty: false, title: Play Music, isFolder: false, user: UserHandle{0}, disabled: false, screenType: 0
04-27 22:15:00.955  6323  6323 I Launcher.AppsPagedView: UpdateItems => id: 61, rank: 1, screenId: 3, cellX: 1, cellY: 0, container: -102, dirty: false, title: Play Store, isFolder: false, user: UserHandle{0}, disabled: false, screenType: 0
04-27 22:15:00.956  6323  6323 I Launcher.AppsPagedView: UpdateItems => id: 227, rank: 2, screenId: 3, cellX: 2, cellY: 0, container: -102, dirty: false, title: Proton VPN, isFolder: false, user: UserHandle{0}, disabled: false, screenType: 0
04-27 22:15:00.956 20974 21135 W droid.apps.docs: Long monitor contention with owner Primes-2 (21136) at pgp mwj.b(logs.proto.wireless.performance.mobile.SystemHealthProto$SystemHealthMetric)(PG:68) waiters=0 in pgp mwj.b(logs.proto.wireless.performance.mobile.SystemHealthProto$SystemHealthMetric) for 231ms
04-27 22:15:00.956  6323  6323 I Launcher.AppsPagedView: UpdateItems => id: 200, rank: 3, screenId: 3, cellX: 3, cellY: 0, container: -102, dirty: false, title: Psiphon Pro, isFolder: false, user: UserHandle{0}, disabled: false, screenType: 0
04-27 22:15:00.957  6323  6323 I Launcher.AppsPagedView: UpdateItems => id: 147, rank: 4, screenId: 3, cellX: 4, cellY: 0, container: -102, dirty: false, title: Pydroid 3, isFolder: false, user: UserHandle{0}, disabled: false, screenType: 0
04-27 22:15:00.957  6323  6323 I Launcher.AppsPagedView: UpdateItems => id: 124, rank: 5, screenId: 3, cellX: 0, cellY: 1, container: -102, dirty: false, title: QuickEdit, isFolder: false, user: UserHandle{0}, disabled: false, screenType: 0
04-27 22:15:00.957 21900 21900 W libc    : Access denied finding property "sys.perf.boostopt"
04-27 22:15:00.958  6323  6323 I Launcher.AppsPagedView: UpdateItems => id: 232, rank: 6, screenId: 3, cellX: 1, cellY: 1, container: -102, dirty: false, title: Quip, isFolder: false, user: UserHandle{0}, disabled: false, screenType: 0
04-27 22:15:00.958  6323  6323 I Launcher.AppsPagedView: UpdateItems => id: 221, rank: 7, screenId: 3, cellX: 2, cellY: 1, container: -102, dirty: false, title: RaiPay, isFolder: false, user: UserHandle{0}, disabled: false, screenType: 0
04-27 22:15:00.959  6323  6323 I Launcher.AppsPagedView: UpdateItems => id: 128, rank: 8, screenId: 3, cellX: 3, cellY: 1, container: -102, dirty: false, title: RAR, isFolder: false, user: UserHandle{0}, disabled: false, screenType: 0
04-27 22:15:00.960 21900 21932 W libc    : Access denied finding property "sys.perf.boostopt"
04-27 22:15:00.960  6323  6323 I Launcher.AppsPagedView: UpdateItems => id: 245, rank: 9, screenId: 3, cellX: 4, cellY: 1, container: -102, dirty: false, title: Reddit, isFolder: false, user: UserHandle{0}, disabled: false, screenType: 0
04-27 22:15:00.961  6323  6323 I Launcher.AppsPagedView: UpdateItems => id: 96, rank: 10, screenId: 3, cellX: 0, cellY: 2, container: -102, dirty: false, title: Samsung Health, isFolder: false, user: UserHandle{0}, disabled: false, screenType: 0
04-27 22:15:00.961  6323  6323 I Launcher.AppsPagedView: UpdateItems => id: 99, rank: 11, screenId: 3, cellX: 1, cellY: 2, container: -102, dirty: false, title: Samsung Members, isFolder: false, user: UserHandle{0}, disabled: false, screenType: 0
04-27 22:15:00.962  6323  6323 I Launcher.AppsPagedView: UpdateItems => id: 100, rank: 12, screenId: 3, cellX: 2, cellY: 2, container: -102, dirty: false, title: Samsung Notes, isFolder: false, user: UserHandle{0}, disabled: false, screenType: 0
04-27 22:15:00.963  6323  6323 I Launcher.AppsPagedView: UpdateItems => id: 205, rank: 13, screenId: 3, cellX: 3, cellY: 2, container: -102, dirty: false, title: ScreenshotGo, isFolder: false, user: UserHandle{0}, disabled: false, screenType: 0
04-27 22:15:00.964  6323  6323 I Launcher.AppsPagedView: UpdateItems => id: 73, rank: 14, screenId: 3, cellX: 4, cellY: 2, container: -102, dirty: false, title: Settings, isFolder: false, user: UserHandle{0}, disabled: false, screenType: 0
04-27 22:15:00.964  6323  6323 I Launcher.AppsPagedView: UpdateItems => id: 143, rank: 15, screenId: 3, cellX: 0, cellY: 3, container: -102, dirty: false, title: Shazam, isFolder: false, user: UserHandle{0}, disabled: false, screenType: 0
04-27 22:15:00.965  6323  6323 I Launcher.AppsPagedView: UpdateItems => id: 112, rank: 16, screenId: 3, cellX: 1, cellY: 3, container: -102, dirty: false, title: Sheets, isFolder: false, user: UserHandle{0}, disabled: false, screenType: 0
04-27 22:15:00.965  6323  6323 I Launcher.AppsPagedView: UpdateItems => id: 183, rank: 17, screenId: 3, cellX: 2, cellY: 3, container: -102, dirty: false, title: Skype, isFolder: false, user: UserHandle{0}, disabled: false, screenType: 0
04-27 22:15:00.965  6323  6323 I Launcher.AppsPagedView: UpdateItems => id: 170, rank: 18, screenId: 3, cellX: 3, cellY: 3, container: -102, dirty: false, title: Slack, isFolder: false, user: UserHandle{0}, disabled: false, screenType: 0
04-27 22:15:00.966  6323  6323 I Launcher.AppsPagedView: UpdateItems => id: 135, rank: 19, screenId: 3, cellX: 4, cellY: 3, container: -102, dirty: false, title: Slides, isFolder: false, user: UserHandle{0}, disabled: false, screenType: 0
04-27 22:15:00.966  6323  6323 I Launcher.AppsPagedView: UpdateItems => id: 216, rank: 20, screenId: 3, cellX: 0, cellY: 4, container: -102, dirty: false, title: Smart Tutor, isFolder: false, user: UserHandle{0}, disabled: false, screenType: 0
04-27 22:15:00.966 21852 21852 D nativeloader: Configuring classloader-namespace for other apk /data/app/~~EhoCLpe9IJr2cAibezJfdg==/com.osp.app.signin-mgXNME0fm512t8l_4MNsMA==/base.apk. target_sdk_version=33, uses_libraries=, library_path=/data/app/~~EhoCLpe9IJr2cAibezJfdg==/com.osp.app.signin-mgXNME0fm512t8l_4MNsMA==/lib/arm64:/data/app/~~EhoCLpe9IJr2cAibezJfdg==/com.osp.app.signin-mgXNME0fm512t8l_4MNsMA==/base.apk!/lib/arm64-v8a, permitted_path=/data:/mnt/expand:/data/user/0/com.osp.app.signin
04-27 22:15:00.967 21900 21900 D ActivityThread: setConscryptValidator
04-27 22:15:00.967 21900 21900 D ActivityThread: setConscryptValidator - put
04-27 22:15:00.975  6323  6323 I Launcher.AppsPagedView: UpdateItems => id: 241, rank: 21, screenId: 3, cellX: 1, cellY: 4, container: -102, dirty: false, title: Space, isFolder: false, user: UserHandle{0}, disabled: false, screenType: 0
04-27 22:15:00.975  6323  6323 I Launcher.AppsPagedView: UpdateItems => id: 265, rank: 22, screenId: 3, cellX: 2, cellY: 4, container: -102, dirty: false, title: SPACE, isFolder: false, user: UserHandle{0}, disabled: false, screenType: 0
04-27 22:15:00.976  6323  6323 I Launcher.AppsPagedView: UpdateItems => id: 136, rank: 23, screenId: 3, cellX: 3, cellY: 4, container: -102, dirty: false, title: Speedtest, isFolder: false, user: UserHandle{0}, disabled: false, screenType: 0
04-27 22:15:00.976  6323  6323 I Launcher.AppsPagedView: UpdateItems => id: 237, rank: 24, screenId: 3, cellX: 4, cellY: 4, container: -102, dirty: false, title: Splitwise, isFolder: false, user: UserHandle{0}, disabled: false, screenType: 0
04-27 22:15:00.977  6323  6323 I Launcher.AppsPagedView: UpdateItems => id: 278, rank: 25, screenId: 3, cellX: 0, cellY: 5, container: -102, dirty: false, title: Srbija voz, isFolder: false, user: UserHandle{0}, disabled: false, screenType: 0
04-27 22:15:00.977  6323  6323 I Launcher.AppsPagedView: UpdateItems => id: 109, rank: 26, screenId: 3, cellX: 1, cellY: 5, container: -102, dirty: false, title: Stepik, isFolder: false, user: UserHandle{0}, disabled: false, screenType: 0
04-27 22:15:00.978  6323  6323 I Launcher.AppsPagedView: UpdateItems => id: 122, rank: 27, screenId: 3, cellX: 2, cellY: 5, container: -102, dirty: false, title: Tasks, isFolder: false, user: UserHandle{0}, disabled: false, screenType: 0
04-27 22:15:00.978  6323  6323 I Launcher.AppsPagedView: UpdateItems => id: 267, rank: 28, screenId: 3, cellX: 3, cellY: 5, container: -102, dirty: false, title: TeamCityApp, isFolder: false, user: UserHandle{0}, disabled: false, screenType: 0
04-27 22:15:00.979  6323  6323 I Launcher.AppsPagedView: UpdateItems => id: 223, rank: 29, screenId: 3, cellX: 4, cellY: 5, container: -102, dirty: false, title: Teams, isFolder: false, user: UserHandle{0}, disabled: false, screenType: 0
04-27 22:15:00.980  6323  6323 I Launcher.AppsPagedView: UpdateItems => id: 108, rank: 0, screenId: 4, cellX: 0, cellY: 0, container: -102, dirty: false, title: Telegram, isFolder: false, user: UserHandle{0}, disabled: false, screenType: 0
04-27 22:15:00.981  6323  6323 I Launcher.AppsPagedView: UpdateItems => id: 123, rank: 1, screenId: 4, cellX: 1, cellY: 0, container: -102, dirty: false, title: Telegram Beta, isFolder: false, user: UserHandle{0}, disabled: false, screenType: 0
04-27 22:15:00.981  6323  6323 I Launcher.AppsPagedView: UpdateItems => id: 256, rank: 2, screenId: 4, cellX: 2, cellY: 0, container: -102, dirty: false, title: Telemost, isFolder: false, user: UserHandle{0}, disabled: false, screenType: 0
04-27 22:15:00.982  6323  6323 I Launcher.AppsPagedView: UpdateItems => id: 126, rank: 3, screenId: 4, cellX: 3, cellY: 0, container: -102, dirty: false, title: Termux, isFolder: false, user: UserHandle{0}, disabled: false, screenType: 0
04-27 22:15:00.983  6323  6323 I Launcher.AppsPagedView: UpdateItems => id: 175, rank: 4, screenId: 4, cellX: 4, cellY: 0, container: -102, dirty: false, title: Termux Tutorial, isFolder: false, user: UserHandle{0}, disabled: false, screenType: 0
04-27 22:15:00.983  6323  6323 I Launcher.AppsPagedView: UpdateItems => id: 247, rank: 5, screenId: 4, cellX: 0, cellY: 1, container: -102, dirty: false, title: Tinkoff, isFolder: false, user: UserHandle{0}, disabled: false, screenType: 0
04-27 22:15:00.984  6323  6323 I Launcher.AppsPagedView: UpdateItems => id: 105, rank: 6, screenId: 4, cellX: 1, cellY: 1, container: -102, dirty: false, title: Tips, isFolder: false, user: UserHandle{0}, disabled: false, screenType: 0
04-27 22:15:00.984  6323  6323 I Launcher.AppsPagedView: UpdateItems => id: 243, rank: 7, screenId: 4, cellX: 2, cellY: 1, container: -102, dirty: false, title: To Do, isFolder: false, user: UserHandle{0}, disabled: false, screenType: 0
04-27 22:15:00.985  6323  6323 I Launcher.AppsPagedView: UpdateItems => id: 121, rank: 8, screenId: 4, cellX: 3, cellY: 1, container: -102, dirty: false, title: Translate, isFolder: false, user: UserHandle{0}, disabled: false, screenType: 0
04-27 22:15:00.985  6323  6323 I Launcher.AppsPagedView: UpdateItems => id: 163, rank: 9, screenId: 4, cellX: 4, cellY: 1, container: -102, dirty: false, title: Translate, isFolder: false, user: UserHandle{0}, disabled: false, screenType: 0
04-27 22:15:00.986  6323  6323 I Launcher.AppsPagedView: UpdateItems => id: 199, rank: 10, screenId: 4, cellX: 0, cellY: 2, container: -102, dirty: false, title: Twitch, isFolder: false, user: UserHandle{0}, disabled: false, screenType: 0
04-27 22:15:00.996  6323  6323 I Launcher.AppsPagedView: UpdateItems => id: 248, rank: 11, screenId: 4, cellX: 1, cellY: 2, container: -102, dirty: false, title: Twitter, isFolder: false, user: UserHandle{0}, disabled: false, screenType: 0
04-27 22:15:00.997  6323  6323 I Launcher.AppsPagedView: UpdateItems => id: 110, rank: 12, screenId: 4, cellX: 2, cellY: 2, container: -102, dirty: false, title: VK, isFolder: false, user: UserHandle{0}, disabled: false, screenType: 0
04-27 22:15:00.998  6323  6323 I Launcher.AppsPagedView: UpdateItems => id: 102, rank: 13, screenId: 4, cellX: 3, cellY: 2, container: -102, dirty: false, title: Voice Recorder, isFolder: false, user: UserHandle{0}, disabled: false, screenType: 0
04-27 22:15:01.000  6323  6323 I Launcher.AppsPagedView: UpdateItems => id: 210, rank: 14, screenId: 4, cellX: 4, cellY: 2, container: -102, dirty: false, title: Wallet, isFolder: false, user: UserHandle{0}, disabled: false, screenType: 0
04-27 22:15:01.001  6323  6323 I Launcher.AppsPagedView: UpdateItems => id: 119, rank: 15, screenId: 4, cellX: 0, cellY: 3, container: -102, dirty: false, title: WhatsApp, isFolder: false, user: UserHandle{0}, disabled: false, screenType: 0
04-27 22:15:01.001  6323  6323 I Launcher.AppsPagedView: UpdateItems => id: 231, rank: 16, screenId: 4, cellX: 1, cellY: 3, container: -102, dirty: false, title: WiFiAnalyzer, isFolder: false, user: UserHandle{0}, disabled: false, screenType: 0
04-27 22:15:01.002  6323  6323 I Launcher.AppsPagedView: UpdateItems => id: 156, rank: 17, screenId: 4, cellX: 2, cellY: 3, container: -102, dirty: false, title: Wolfram Alpha, isFolder: false, user: UserHandle{0}, disabled: false, screenType: 0
04-27 22:15:01.003  6323  6323 I Launcher.AppsPagedView: UpdateItems => id: 214, rank: 18, screenId: 4, cellX: 3, cellY: 3, container: -102, dirty: false, title: Wolt, isFolder: false, user: UserHandle{0}, disabled: false, screenType: 0
04-27 22:15:01.003  7327  7327 I InputMethodService: removeImeSurface
04-27 22:15:01.004  6323  6323 I Launcher.AppsPagedView: UpdateItems => id: 140, rank: 19, screenId: 4, cellX: 4, cellY: 3, container: -102, dirty: false, title: Word, isFolder: false, user: UserHandle{0}, disabled: false, screenType: 0
04-27 22:15:01.004  6323  6323 I Launcher.AppsPagedView: UpdateItems => id: 262, rank: 20, screenId: 4, cellX: 0, cellY: 4, container: -102, dirty: false, title: Xiaomi Home, isFolder: false, user: UserHandle{0}, disabled: false, screenType: 0
04-27 22:15:01.005  6323  6323 I Launcher.AppsPagedView: UpdateItems => id: 185, rank: 21, screenId: 4, cellX: 1, cellY: 4, container: -102, dirty: false, title: Y.Weather, isFolder: false, user: UserHandle{0}, disabled: false, screenType: 0
04-27 22:15:01.007  6323  6323 I Launcher.AppsPagedView: UpdateItems => id: 150, rank: 22, screenId: 4, cellX: 2, cellY: 4, container: -102, dirty: false, title: YandexDisk, isFolder: false, user: UserHandle{0}, disabled: false, screenType: 0
04-27 22:15:01.008  7327  7327 I MSHandlerLifeCycle: check: return. pkg=com.google.android.inputmethod.latin isActivity=false callers=com.android.internal.policy.DecorView.setVisibility:4408 android.app.Dialog.hide:767 android.inputmethodservice.InputMethodService.removeImeSurface:1290 android.inputmethodservice.InputMethodService.scheduleImeSurfaceRemoval:1279 android.inputmethodservice.InputMethodService.-$$Nest$mscheduleImeSurfaceRemoval:0
04-27 22:15:01.008  7327  7327 I MSHandlerLifeCycle: removeMultiSplitHandler: no exist. decor=DecorView@9753a2b[InputMethod]
04-27 22:15:01.008  6323  6323 I Launcher.AppsPagedView: UpdateItems => id: 208, rank: 23, screenId: 4, cellX: 3, cellY: 4, container: -102, dirty: false, title: Yandex Metro, isFolder: false, user: UserHandle{0}, disabled: false, screenType: 0
04-27 22:15:01.009 21539 21563 D Benchmark: kill -TERM command output -
04-27 22:15:01.009  6323  6323 I Launcher.AppsPagedView: UpdateItems => id: 152, rank: 24, screenId: 4, cellX: 4, cellY: 4, container: -102, dirty: false, title: Yandex Navi, isFolder: false, user: UserHandle{0}, disabled: false, screenType: 0
04-27 22:15:01.010  6323  6323 I Launcher.AppsPagedView: UpdateItems => id: 83, rank: 25, screenId: 4, cellX: 0, cellY: 5, container: -102, dirty: false, title: Yandex Start, isFolder: false, user: UserHandle{0}, disabled: false, screenType: 0
04-27 22:15:01.010  6323  6323 I Launcher.AppsPagedView: UpdateItems => id: 188, rank: 26, screenId: 4, cellX: 1, cellY: 5, container: -102, dirty: false, title: YandexGo, isFolder: false, user: UserHandle{0}, disabled: false, screenType: 0
04-27 22:15:01.011  6323  6323 I Launcher.AppsPagedView: UpdateItems => id: 211, rank: 27, screenId: 4, cellX: 2, cellY: 5, container: -102, dirty: false, title: Yettel, isFolder: false, user: UserHandle{0}, disabled: false, screenType: 0
04-27 22:15:01.012  6323  6323 I Launcher.AppsPagedView: UpdateItems => id: 230, rank: 28, screenId: 4, cellX: 3, cellY: 5, container: -102, dirty: false, title: YouTrack, isFolder: false, user: UserHandle{0}, disabled: false, screenType: 0
04-27 22:15:01.012  6323  6323 I Launcher.AppsPagedView: UpdateItems => id: 215, rank: 29, screenId: 4, cellX: 4, cellY: 5, container: -102, dirty: false, title: Zoom, isFolder: false, user: UserHandle{0}, disabled: false, screenType: 0
04-27 22:15:01.013  6323  6323 I Launcher.AppsPagedView: UpdateItems => id: 206, rank: 0, screenId: 5, cellX: 0, cellY: 0, container: -102, dirty: false, title: , isFolder: false, user: UserHandle{0}, disabled: false, screenType: 0
04-27 22:15:01.013  6323  6323 I Launcher.AppsPagedView: UpdateItems => id: 222, rank: 1, screenId: 5, cellX: 1, cellY: 0, container: -102, dirty: false, title: , isFolder: false, user: UserHandle{0}, disabled: false, screenType: 0
04-27 22:15:01.014 19168 19168 I perfetto:    perfetto_cmd.cc:1168 SIGINT/SIGTERM received: disabling tracing.
04-27 22:15:01.013  5429  8518 D PackageManager: setEnabledSetting : userId = 0 packageName = ru.yandex.searchplugin cmp = ru.yandex.searchplugin.browser.BrowserProxyActivity newState = 1 callingPackage = 10222/ru.yandex.searchplugin
04-27 22:15:01.014  6323  6323 I Launcher.AppsPagedView: UpdateItems => id: 212, rank: 2, screenId: 5, cellX: 2, cellY: 0, container: -102, dirty: false, title: , isFolder: false, user: UserHandle{0}, disabled: false, screenType: 0
04-27 22:15:01.015  6323  6323 I Launcher.AppsPagedView: UpdateItems => id: 246, rank: 3, screenId: 5, cellX: 3, cellY: 0, container: -102, dirty: false, title: ., isFolder: false, user: UserHandle{0}, disabled: false, screenType: 0
04-27 22:15:01.016  6323  6323 I Launcher.AppsPagedView: UpdateItems => id: 85, rank: 4, screenId: 5, cellX: 4, cellY: 0, container: -102, dirty: false, title: , isFolder: false, user: UserHandle{0}, disabled: false, screenType: 0
04-27 22:15:01.017  6323  6323 I Launcher.AppsPagedView: UpdateItems => id: 138, rank: 5, screenId: 5, cellX: 0, cellY: 1, container: -102, dirty: false, title: , isFolder: false, user: UserHandle{0}, disabled: false, screenType: 0
04-27 22:15:01.017  6323  6323 I Launcher.AppsPagedView: UpdateItems => id: 207, rank: 6, screenId: 5, cellX: 1, cellY: 1, container: -102, dirty: false, title:  Tele2, isFolder: false, user: UserHandle{0}, disabled: false, screenType: 0
04-27 22:15:01.018  6323  6323 I Launcher.AppsPagedView: UpdateItems => id: 213, rank: 7, screenId: 5, cellX: 2, cellY: 1, container: -102, dirty: false, title:  , isFolder: false, user: UserHandle{0}, disabled: false, screenType: 0
04-27 22:15:01.018  6323  6323 I Launcher.AppsPagedView: UpdateItems => id: 168, rank: 8, screenId: 5, cellX: 3, cellY: 1, container: -102, dirty: false, title: , isFolder: false, user: UserHandle{0}, disabled: false, screenType: 0
04-27 22:15:01.019  6323  6323 I Launcher.AppsPagedView: UpdateItems => id: 273, rank: 9, screenId: 5, cellX: 4, cellY: 1, container: -102, dirty: false, title:  , isFolder: false, user: UserHandle{0}, disabled: false, screenType: 0
04-27 22:15:01.020  6323  6323 I Launcher.AppsPagedView: UpdateItems => id: 127, rank: 10, screenId: 5, cellX: 0, cellY: 2, container: -102, dirty: false, title:  , isFolder: false, user: UserHandle{0}, disabled: false, screenType: 0
04-27 22:15:01.021  6323  6323 I Launcher.AppsPageDelegate: updateItemToNewPosition = title : Samsung, rank : 1, screenId : 0, user: UserHandle{0}, screenType: 0, pos: 1, screen: 0
04-27 22:15:01.021  6323  6323 I Launcher.AppsPageDelegate: updateItemToNewPosition = title : Google, rank : 0, screenId : 0, user: UserHandle{0}, screenType: 0, pos: 0, screen: 0
04-27 22:15:01.021  6323  6323 I Launcher.AppsPageDelegate: updateItemToNewPosition = title : Camera, rank : 16, screenId : 0, user: UserHandle{0}, screenType: 0, pos: 16, screen: 0
04-27 22:15:01.021  6323  6323 I Launcher.AppsPageDelegate: updateItemToNewPosition = title : Clock, rank : 20, screenId : 0, user: UserHandle{0}, screenType: 0, pos: 20, screen: 0
04-27 22:15:01.021  6323  6323 I Launcher.AppsPageDelegate: updateItemToNewPosition = title : Contacts, rank : 22, screenId : 0, user: UserHandle{0}, screenType: 0, pos: 22, screen: 0
04-27 22:15:01.021  6323  6323 I Launcher.AppsPageDelegate: updateItemToNewPosition = title : Calendar, rank : 14, screenId : 0, user: UserHandle{0}, screenType: 0, pos: 14, screen: 0
04-27 22:15:01.021  6323  6323 I Launcher.AppsPageDelegate: updateItemToNewPosition = title : Calculator, rank : 12, screenId : 0, user: UserHandle{0}, screenType: 0, pos: 12, screen: 0
04-27 22:15:01.021  6323  6323 I Launcher.AppsPageDelegate: updateItemToNewPosition = title : Browser, rank : 11, screenId : 0, user: UserHandle{0}, screenType: 0, pos: 11, screen: 0
04-27 22:15:01.021  6323  6323 I Launcher.AppsPageDelegate: updateItemToNewPosition = title : CDE ITMO, rank : 19, screenId : 0, user: UserHandle{0}, screenType: 0, pos: 19, screen: 0
04-27 22:15:01.021  6323  6323 I Launcher.AppsPageDelegate: updateItemToNewPosition = title : Discord, rank : 27, screenId : 0, user: UserHandle{0}, screenType: 0, pos: 27, screen: 0
04-27 22:15:01.021  6323  6323 I Launcher.AppsPageDelegate: updateItemToNewPosition = title : Cxxdroid, rank : 24, screenId : 0, user: UserHandle{0}, screenType: 0, pos: 24, screen: 0
04-27 22:15:01.021  6323  6323 I Launcher.AppsPageDelegate: updateItemToNewPosition = title : Calculator, rank : 13, screenId : 0, user: UserHandle{0}, screenType: 0, pos: 13, screen: 0
04-27 22:15:01.021  6323  6323 I Launcher.AppsPageDelegate: updateItemToNewPosition = title : 3D Calculator, rank : 2, screenId : 0, user: UserHandle{0}, screenType: 0, pos: 2, screen: 0
04-27 22:15:01.022  6323  6323 I Launcher.AppsPageDelegate: updateItemToNewPosition = title : Assistant, rank : 6, screenId : 0, user: UserHandle{0}, screenType: 0, pos: 6, screen: 0
04-27 22:15:01.022  6323  6323 I Launcher.AppsPageDelegate: updateItemToNewPosition = title : Docs, rank : 28, screenId : 0, user: UserHandle{0}, screenType: 0, pos: 28, screen: 0
04-27 22:15:01.022  6323  6323 I Launcher.AppsPageDelegate: updateItemToNewPosition = title : App Center, rank : 4, screenId : 0, user: UserHandle{0}, screenType: 0, pos: 4, screen: 0
04-27 22:15:01.022  6323  6323 I Launcher.AppsPageDelegate: updateItemToNewPosition = title : Cloud Mail.ru, rank : 21, screenId : 0, user: UserHandle{0}, screenType: 0, pos: 21, screen: 0
04-27 22:15:01.022  6323  6323 I Launcher.AppsPageDelegate: updateItemToNewPosition = title : Authenticator, rank : 7, screenId : 0, user: UserHandle{0}, screenType: 0, pos: 7, screen: 0
