04-30 01:16:28.368  5878  6139 D PluginInstanceManager: Too many of com.samsung.systemui.action.PLUGIN_VIEW_COVER
04-30 01:16:28.369  5878  6139 D PluginInstanceManager: queryPkg com.google.android.ext.services com.android.systemui.action.PLUGIN_NOTIFICATION_ASSISTANT
04-30 01:16:28.369  5878  6139 D PluginInstanceManager: queryPkg com.google.android.ext.services com.android.systemui.action.PLUGIN_NOTIFICATION_MENU_ROW
04-30 01:16:28.369  5878  6139 D PluginInstanceManager: queryPkg com.google.android.ext.services com.android.systemui.action.PLUGIN_VOLUME
04-30 01:16:28.370  5878  6139 D PluginInstanceManager: queryPkg com.google.android.ext.services com.android.systemui.action.PLUGIN_NOTIFICATION_MENU_ROW
04-30 01:16:28.370  5878  6139 D PluginInstanceManager: queryPkg com.google.android.ext.services com.android.systemui.action.PLUGIN_NOTIFICATION_MENU_ROW
04-30 01:16:28.370  5878  6139 D PluginInstanceManager: queryPkg com.google.android.ext.services com.android.systemui.action.PLUGIN_NOTIFICATION_MENU_ROW
04-30 01:16:28.370  5878  6139 D PluginInstanceManager: queryPkg com.google.android.ext.services com.android.systemui.action.PLUGIN_CLOCK
04-30 01:16:28.370  5878  6139 D PluginInstanceManager: queryPkg com.google.android.ext.services com.android.systemui.action.PLUGIN_NOTIFICATION_MENU_ROW
04-30 01:16:28.370  5878  6139 D PluginInstanceManager: queryPkg com.google.android.ext.services com.android.systemui.action.PLUGIN_LOCKSCREEN_RIGHT_BUTTON
04-30 01:16:28.370  5878  6139 D PluginInstanceManager: queryPkg com.google.android.ext.services com.android.systemui.action.PLUGIN_LOCKSCREEN_RIGHT_BUTTON
04-30 01:16:28.370  5878  6139 D PluginInstanceManager: queryPkg com.google.android.ext.services com.android.systemui.action.PEOPLE_HUB_PERSON_EXTRACTOR
04-30 01:16:28.383  3597  3651 I DWBLocalPackageManager: onPackageRemoved Already Removed : com.google.android.ext.services
04-30 01:16:28.384  6174  6174 D RegisteredNfcFServicesCache: Service unchanged, not updating
04-30 01:16:28.384  5429  5579 D SEP_UNION_SemDeviceInfoManagerService: sendIntentAction() action = android.intent.action.PACKAGE_CHANGED, tag =
04-30 01:16:28.389  5787  5787 D ImsResolver: maybeAddedImsService, packageName: com.google.android.ext.services
04-30 01:16:28.395 13022 13041 W libc    : Access denied finding property "sys.perf.boostopt"
04-30 01:16:28.398 12874 12874 I perfetto:    perfetto_cmd.cc:1124 Trace written into the output file
04-30 01:16:28.398  4924  4924 D Zygote  : Forked child process 13057
04-30 01:16:28.399 13022 13022 D CompatibilityChangeReporter: Compat change id reported: 171979766; UID 10336; state: ENABLED
04-30 01:16:28.406  5131  5131 I perfetto: ng_service_impl.cc:2426 Tracing session 256 ended, total sessions:0
04-30 01:16:28.411  9694  9740 I PermissionControllerServiceImpl: Updating user sensitive for uid 10081
04-30 01:16:28.423 13027 13027 W libc    : Access denied finding property "sys.perf.boostopt"
04-30 01:16:28.429  5878  5878 D SPluginManagerImpl: onReceive: android.intent.action.PACKAGE_CHANGED, size:{com.android.systemui.lockstar.PluginLockStarManager@3c07f1b=SPluginInstanceManager@160788988 (action=com.samsung.systemui.action.PLUGIN_LOCK_STAR), com.android.systemui.navigationbar.plugin.PluginBarInteractionManager$pluginListener$1@5b9454e=SPluginInstanceManager@38043781 (action=com.samsung.systemui.navigationbar.PLUGIN), com.android.systemui.slimindicator.SlimIndicatorPluginMediator@5bccc3b=SPluginInstanceManager@36794074 (action=com.samsung.systemui.action.SPLUGIN_SLIMINDICATOR), com.android.systemui.volume.VolumeStarInteractor$1@6b2db36=SPluginInstanceManager@91148043 (action=com.samsung.systemui.volume.PLUGIN), com.samsung.android.systemui.multistar.MultiStarManager$2@beb8182=SPluginInstanceManager@12956136 (action=com.samsung.systemui.action.PLUGIN_MULTISTAR), com.android.systemui.pluginlock.PluginLockMediatorImpl@c333048=SPluginInstanceManager@30515201 (action=com.samsung.systemui.action.PLUGIN_LOCK), com.android.systemui.noticenter.NotiCenterPlugin$NotiCenterPluginListener@f2ccbd1=SPluginInstanceManager@113745574 (action=com.samsung.systemui.action.PLUGIN_NOTICENTER)}
04-30 01:16:28.431  9200 12947 I Fitness : OnPackageChangedOperation got intent: Intent { act=android.intent.action.PACKAGE_CHANGED dat=package: flg=0x45000010 pkg=com.google.android.gms cmp=com.google.android.gms/.chimera.PersistentIntentOperationService (has extras) } [CONTEXT service_id=17 ]
04-30 01:16:28.434  5429  8542 D PackageManager: setEnabledSetting : userId = 0 packageName = com.samsung.android.scs cmp = androidx.work.impl.background.systemalarm.RescheduleReceiver newState = 1 callingPackage = 10380/com.samsung.android.scs
04-30 01:16:28.436  5429  8542 D ApplicationPolicy: getApplicationStateEnabled : pkg = com.samsung.android.scs userId : 0
04-30 01:16:28.436  5429  8542 D ApplicationPolicy: getApplicationComponentState : pkg = com.samsung.android.scs userId : 0
04-30 01:16:28.438 29954 12982 D ConnectivityManager: StackLog: [android.net.ConnectivityManager.sendRequestForNetwork(ConnectivityManager.java:4191)] [android.net.ConnectivityManager.sendRequestForNetwork(ConnectivityManager.java:4233)] [android.net.ConnectivityManager.registerNetworkCallback(ConnectivityManager.java:4615)] [android.net.ConnectivityManager.registerNetworkCallback(ConnectivityManager.java:4585)] [aess.<init>(:com.google.android.gms@231417044@23.14.17 (190400-527331132):6)] [afam.<init>(:com.google.android.gms@231417044@23.14.17 (190400-527331132):10)] [advp.<init>(:com.google.android.gms@231417044@23.14.17 (190400-527331132):4)] [advp.a(:com.google.android.gms@231417044@23.14.17 (190400-527331132):1)] [advp.c(:com.google.android.gms@231417044@23.14.17 (190400-527331132):2)] [aepy.b(:com.google.android.gms@231417044@23.14.17 (190400-527331132):1)] [abnu.onPerformSync(:com.google.android.gms@231417044@23.14.17 (190400-527331132):1)] [android.content.AbstractThreadedSyncAdapter$SyncThread.run(AbstractThreadedSyncAdapter.java:354)]
04-30 01:16:28.445 13027 13027 D ActivityThread: setConscryptValidator
04-30 01:16:28.446 13027 13027 D ActivityThread: setConscryptValidator - put
04-30 01:16:28.449 13027 13064 W libc    : Access denied finding property "sys.perf.boostopt"
04-30 01:16:28.462  5878  5878 D FaceWidgetMetadataParser: updatePackage() com.google.android.ext.services false
04-30 01:16:28.463  5878  5878 W FaceWidgetMetadataParser: updatePackage() there is no metadata
04-30 01:16:28.463  5878  5878 D FaceWidgetMetadataParser: removePackage() key = com.google.android.ext.services
04-30 01:16:28.473  5429  5665 D ConnectivityService: Rematched networks [computed 4ms] [applied 1ms] [issued 16]
04-30 01:16:28.473  5429  5665 D ConnectivityService: NetworkReassignment : no changes
04-30 01:16:28.474  5091 12900 D AF::TrackHandle: OpPlayAudio: track:102 usage:2 not muted
04-30 01:16:28.480 13057 13057 I nder:appservice: Using CollectorTypeCC GC.
04-30 01:16:28.481  5091 12900 D AF::TrackHandle: OpPlayAudio: track:102 usage:2 not muted
04-30 01:16:28.487  5091 12900 D AF::TrackHandle: OpPlayAudio: track:102 usage:2 not muted
04-30 01:16:28.487  5429  5615 I InputReader: Reconfiguring input devices, changes=KEYBOARD_LAYOUTS |
04-30 01:16:28.494  5091 12900 D AF::TrackHandle: OpPlayAudio: track:102 usage:2 not muted
04-30 01:16:28.496  5091 12900 D AF::TrackHandle: OpPlayAudio: track:102 usage:2 not muted
04-30 01:16:28.498 13057 13057 E nder:appservice: Not starting debugger since process cannot load the jdwp agent.
04-30 01:16:28.505 13057 13057 W libc    : Access denied finding property "sys.perf.boostopt"
04-30 01:16:28.507 13057 13057 D ActivityThread: setConscryptValidator
04-30 01:16:28.508 13057 13057 D ActivityThread: setConscryptValidator - put
04-30 01:16:28.526 13022 13022 D nativeloader: Configuring classloader-namespace for other apk /system/framework/org.apache.http.legacy.jar. target_sdk_version=31, uses_libraries=ALL, library_path=/data/app/~~J6Z3FHOEZmiGsnmfJZI3Fg==/ru.mail.cloud-qu_8uV4DR8FKpXKSsG8QQQ==/lib/arm64:/data/app/~~J6Z3FHOEZmiGsnmfJZI3Fg==/ru.mail.cloud-qu_8uV4DR8FKpXKSsG8QQQ==/base.apk!/lib/arm64-v8a:/data/app/~~J6Z3FHOEZmiGsnmfJZI3Fg==/ru.mail.cloud-qu_8uV4DR8FKpXKSsG8QQQ==/split_config.arm64_v8a.apk!/lib/arm64-v8a:/data/app/~~J6Z3FHOEZmiGsnmfJZI3Fg==/ru.mail.cloud-qu_8uV4DR8FKpXKSsG8QQQ==/split_config.en.apk!/lib/arm64-v8a:/data/app/~~J6Z3FHOEZmiGsnmfJZI3Fg==/ru.mail.cloud-qu_8uV4DR8FKpXKSsG8QQQ==/split_config.ru.apk!/lib/arm64-v8a:/data/app/~~J6Z3FHOEZmiGsnmfJZI3Fg==/ru.mail.cloud-qu_8uV4DR8FKpXKSsG8QQQ==/split_config.xxhdpi.apk!/lib/arm64-v8a, permitted_path=/data:/mnt/expand:/data/user/0/ru.mail.cloud
04-30 01:16:28.526 13027 13027 D CompatibilityChangeReporter: Compat change id reported: 171979766; UID 10281; state: ENABLED
04-30 01:16:28.526 13022 13022 D nativeloader: Extending system_exposed_libraries: libhumantracking.arcsoft.so:libPortraitDistortionCorrection.arcsoft.so:libPortraitDistortionCorrectionCali.arcsoft.so:libface_landmark.arcsoft.so:libFacialStickerEngine.arcsoft.so:libveengine.arcsoft.so:liblow_light_hdr.arcsoft.so:libhigh_dynamic_range.arcsoft.so:libFacialAttributeDetection.arcsoft.so:libBeauty_v4.camera.samsung.so:libexifa.camera.samsung.so:libjpega.camera.samsung.so:libOpenCv.camera.samsung.so:libImageScreener.camera.samsung.so:libMyFilter.camera.samsung.so:libtensorflowLite.myfilter.camera.samsung.so:libtensorflowlite_inference_api.myfilter.camera.samsung.so:libEventFinder.camera.samsung.so:libHIDTSnapJNI.camera.samsung.so:libSmartScan.camera.samsung.so:libRectify.camera.samsung.so:libDocRectifyWrapper.camera.samsung.so:libUltraWideDistortionCorrection.camera.samsung.so:libHpr_RecGAE_cvFeature_v1.0.camera.samsung.so:libHprFace_GAE_api.camera.samsung.so:libFace_Landmark_API.camera.samsung.so:libHprFace_GAE_jni.camera.samsung.so:libFacialBasedSelfieCorrec
04-30 01:16:28.527 13027 13064 W libc    : Access denied finding property "sys.perf.boostopt"
04-30 01:16:28.528 13057 13079 W libc    : Access denied finding property "sys.perf.boostopt"
04-30 01:16:28.540 13057 13081 W libc    : Access denied finding property "sys.perf.boostopt"
04-30 01:16:28.563 13057 13057 D CompatibilityChangeReporter: Compat change id reported: 171979766; UID 10077; state: ENABLED
04-30 01:16:28.577 13027 13027 D nativeloader: Configuring classloader-namespace for other apk /data/app/~~qZwW_AGLTQSkpnVB-0IpHw==/com.google.android.apps.tasks-4DoHlzFho5hM1SDKfoDu0A==/base.apk. target_sdk_version=33, uses_libraries=, library_path=/data/app/~~qZwW_AGLTQSkpnVB-0IpHw==/com.google.android.apps.tasks-4DoHlzFho5hM1SDKfoDu0A==/lib/arm64, permitted_path=/data:/mnt/expand:/data/user/0/com.google.android.apps.tasks
04-30 01:16:28.577 12994 12994 I GoogleHttpClient: GMS http client unavailable, use old client
04-30 01:16:28.586 13022 13022 W ziparchive: Unable to open '/data/app/~~J6Z3FHOEZmiGsnmfJZI3Fg==/ru.mail.cloud-qu_8uV4DR8FKpXKSsG8QQQ==/split_config.arm64_v8a.dm': No such file or directory
04-30 01:16:28.588 13022 13022 W ziparchive: Unable to open '/data/app/~~J6Z3FHOEZmiGsnmfJZI3Fg==/ru.mail.cloud-qu_8uV4DR8FKpXKSsG8QQQ==/split_config.arm64_v8a.dm': No such file or directory
04-30 01:16:28.597 13022 13022 W ru.mail.cloud: Entry not found
04-30 01:16:28.600 13022 13022 W ziparchive: Unable to open '/data/app/~~J6Z3FHOEZmiGsnmfJZI3Fg==/ru.mail.cloud-qu_8uV4DR8FKpXKSsG8QQQ==/split_config.en.dm': No such file or directory
04-30 01:16:28.600 13022 13022 W ziparchive: Unable to open '/data/app/~~J6Z3FHOEZmiGsnmfJZI3Fg==/ru.mail.cloud-qu_8uV4DR8FKpXKSsG8QQQ==/split_config.en.dm': No such file or directory
04-30 01:16:28.603  9200 13065 I Fitness : FitCleanupIntentOperation received Intent android.intent.action.PACKAGE_CHANGED [CONTEXT service_id=17 ]
04-30 01:16:28.604  5429  5488 W libprocessgroup: Failed to open /dev/blkio//cgroup.procs: No such file or directory
04-30 01:16:28.605  5429  5488 W libprocessgroup: Failed to open /dev/blkio//cgroup.procs: No such file or directory
04-30 01:16:28.608  5429  5843 D SyncManager: userId - 0 auto - true
04-30 01:16:28.615 13022 13022 W ru.mail.cloud: Entry not found
04-30 01:16:28.616 13022 13022 W ziparchive: Unable to open '/data/app/~~J6Z3FHOEZmiGsnmfJZI3Fg==/ru.mail.cloud-qu_8uV4DR8FKpXKSsG8QQQ==/split_config.ru.dm': No such file or directory
04-30 01:16:28.616 13022 13022 W ziparchive: Unable to open '/data/app/~~J6Z3FHOEZmiGsnmfJZI3Fg==/ru.mail.cloud-qu_8uV4DR8FKpXKSsG8QQQ==/split_config.ru.dm': No such file or directory
04-30 01:16:28.622 13022 13022 W ru.mail.cloud: Entry not found
04-30 01:16:28.624 13022 13022 W ziparchive: Unable to open '/data/app/~~J6Z3FHOEZmiGsnmfJZI3Fg==/ru.mail.cloud-qu_8uV4DR8FKpXKSsG8QQQ==/split_config.xxhdpi.dm': No such file or directory
04-30 01:16:28.624 13022 13022 W ziparchive: Unable to open '/data/app/~~J6Z3FHOEZmiGsnmfJZI3Fg==/ru.mail.cloud-qu_8uV4DR8FKpXKSsG8QQQ==/split_config.xxhdpi.dm': No such file or directory
04-30 01:16:28.626 13611 13643 I LauncherProvider: External provider call by package : android.uid.system:1000  for method : get_full_sync_state
04-30 01:16:28.629 13611 13643 I ExternalMethodFactory: get_full_sync_state
04-30 01:16:28.634 13022 13022 W ru.mail.cloud: Entry not found
04-30 01:16:28.637  5429  5488 W libprocessgroup: Failed to open /dev/blkio//cgroup.procs: No such file or directory
04-30 01:16:28.638 13022 13022 D nativeloader: Configuring classloader-namespace for other apk /data/app/~~J6Z3FHOEZmiGsnmfJZI3Fg==/ru.mail.cloud-qu_8uV4DR8FKpXKSsG8QQQ==/base.apk:/data/app/~~J6Z3FHOEZmiGsnmfJZI3Fg==/ru.mail.cloud-qu_8uV4DR8FKpXKSsG8QQQ==/split_config.arm64_v8a.apk:/data/app/~~J6Z3FHOEZmiGsnmfJZI3Fg==/ru.mail.cloud-qu_8uV4DR8FKpXKSsG8QQQ==/split_config.en.apk:/data/app/~~J6Z3FHOEZmiGsnmfJZI3Fg==/ru.mail.cloud-qu_8uV4DR8FKpXKSsG8QQQ==/split_config.ru.apk:/data/app/~~J6Z3FHOEZmiGsnmfJZI3Fg==/ru.mail.cloud-qu_8uV4DR8FKpXKSsG8QQQ==/split_config.xxhdpi.apk. target_sdk_version=31, uses_libraries=, library_path=/data/app/~~J6Z3FHOEZmiGsnmfJZI3Fg==/ru.mail.cloud-qu_8uV4DR8FKpXKSsG8QQQ==/lib/arm64:/data/app/~~J6Z3FHOEZmiGsnmfJZI3Fg==/ru.mail.cloud-qu_8uV4DR8FKpXKSsG8QQQ==/base.apk!/lib/arm64-v8a:/data/app/~~J6Z3FHOEZmiGsnmfJZI3Fg==/ru.mail.cloud-qu_8uV4DR8FKpXKSsG8QQQ==/split_config.arm64_v8a.apk!/lib/arm64-v8a:/data/app/~~J6Z3FHOEZmiGsnmfJZI3Fg==/ru.mail.cloud-qu_8uV4DR8FKpXKSsG8QQQ==/split_config.en.apk!/lib/arm64-v8a:/data/app/~~J6Z3FHOEZmiGsn
04-30 01:16:28.646 13027 13027 V GraphicsEnvironment: ANGLE Developer option for 'com.google.android.apps.tasks' set to: 'default'
04-30 01:16:28.646 13027 13027 V GraphicsEnvironment: ANGLE GameManagerService for com.google.android.apps.tasks: false
04-30 01:16:28.647 13027 13027 V GraphicsEnvironment: Neither updatable production driver nor prerelease driver is supported.
04-30 01:16:28.655 13027 13027 D NetworkSecurityConfig: No Network Security Config specified, using platform default
04-30 01:16:28.657 13027 13027 D NetworkSecurityConfig: No Network Security Config specified, using platform default
04-30 01:16:28.670  5429  5843 W SyncManager: failed sync operation JobId=100354 ***/com.google u0 [com.google.android.gms.chromesync] USER ExpectedIn=0s EXPEDITED STANDBY-EXEMPTED Reason=10226, SyncResult: syncAlreadyInProgress: true stats []
04-30 01:16:28.670  9694 13063 W Role    : Default holder doesn't have required signing certificate: com.google.android.apps.work.clouddpc:23962F4B43B9857638EA66F4D419518EAE282491ACDA4B94707BD59003C45E58
04-30 01:16:28.672  4924  4924 D Zygote  : Forked child process 13090
04-30 01:16:28.676 13611 13643 I LauncherProvider: External provider call by package : android.uid.system:1000  for method : get_full_sync_state
04-30 01:16:28.676 13611 13643 I ExternalMethodFactory: get_full_sync_state
04-30 01:16:28.677  3597  3651 I AppWidgetManager: updateAppWidget() appWidgetIds = [25]
04-30 01:16:28.686 13022 13022 W ru.mail.cloud: JIT profile information will not be recorded: profile file does not exist.
04-30 01:16:28.687 13022 13022 W ru.mail.cloud: JIT profile information will not be recorded: profile file does not exist.
04-30 01:16:28.688 13022 13022 W ru.mail.cloud: JIT profile information will not be recorded: profile file does not exist.
04-30 01:16:28.688 13022 13022 W ru.mail.cloud: JIT profile information will not be recorded: profile file does not exist.
04-30 01:16:28.697  3597  3651 I DWBDwWidgetAppTimerView: getRetrieveAppTimerData()
04-30 01:16:28.705 11420 12845 I SamsungAccount: [AccountManagerProvider] Calling package : app.shealth.
04-30 01:16:28.708 11420 12845 I SamsungAccount: [SignatureCheckUtil] runCheckSignatureAsync
04-30 01:16:28.708  3597  3651 I DWBUsageDataManager: retrieveDataOnSpecificDay date : 1682810188706
04-30 01:16:28.709 11420 12845 I SamsungAccount: [SignaturePreconditionChecker] getSignatureResult - fromSesSdk : false
04-30 01:16:28.711  3597  3651 I DWBUsageDataManager: Retrieve RETRIEVE_DAILY_DATA
04-30 01:16:28.711  9200 12522 I BluetoothAdapter: STATE_ON
04-30 01:16:28.714  4924  4924 D Zygote  : Forked child process 13097
04-30 01:16:28.714  3597  3651 I DWBUsageDataManager: retrieveDataOnSpecificDay date : 1682810188712
04-30 01:16:28.715  3597  3651 I DWBUsageDataManager: RETRIEVE_ALL_DATA is Progressing
04-30 01:16:28.725  9200 12522 I BluetoothAdapter: STATE_ON
04-30 01:16:28.727 29954 12982 W DriveInitializer: Awaiting to be initialized
04-30 01:16:28.733 13611 13643 I LauncherProvider: External provider call by package : com.samsung.android.app.galaxyfinder  for method : get_home_mode
04-30 01:16:28.733 13611 13643 I ExternalMethodFactory: get_home_mode
04-30 01:16:28.736 12235 12258 D Benchmark: Waiting 500 ms for [ProcessPid(processName=perfetto, pid=12874)] to die
04-30 01:16:28.765  9200 12522 W ChimeraUtils: Module com.google.android.gms.nearby_en missing resource null(0)
04-30 01:16:28.767 13090 13090 I com.whatsapp: Using CollectorTypeCC GC.
04-30 01:16:28.770 11420 12845 I SamsungAccount: [SignatureInfoDbHelper] getSignatureResult - [10/1y90e][app.shealth.]
04-30 01:16:28.777 13090 13090 E com.whatsapp: Not starting debugger since process cannot load the jdwp agent.
04-30 01:16:28.790 13090 13090 W libc    : Access denied finding property "sys.perf.boostopt"
04-30 01:16:28.791 13022 13022 V GraphicsEnvironment: ANGLE Developer option for 'ru.mail.cloud' set to: 'default'
04-30 01:16:28.792 13090 13120 W libc    : Access denied finding property "sys.perf.boostopt"
04-30 01:16:28.795 13022 13022 V GraphicsEnvironment: ANGLE GameManagerService for ru.mail.cloud: false
04-30 01:16:28.795 13022 13022 V GraphicsEnvironment: Neither updatable production driver nor prerelease driver is supported.
04-30 01:16:28.796 13090 13090 D ActivityThread: setConscryptValidator
04-30 01:16:28.797 13090 13090 D ActivityThread: setConscryptValidator - put
04-30 01:16:28.818 13090 13090 D CompatibilityChangeReporter: Compat change id reported: 171979766; UID 10278; state: ENABLED
04-30 01:16:28.825 29954 30254 I Icing   : IndexChimeraService.getServiceInterface callingPackage=com.google.android.gms componentName=AppsCorpus serviceId=36
04-30 01:16:28.825 13022 13022 D NetworkSecurityConfig: Using Network Security Config from resource network_security_config debugBuild: false
04-30 01:16:28.829 13097 13097 I d.mobileservice: Using CollectorTypeCC GC.
04-30 01:16:28.831 13090 13121 W libc    : Access denied finding property "sys.perf.boostopt"
04-30 01:16:28.842  5429  5488 W libprocessgroup: Failed to open /dev/blkio//cgroup.procs: No such file or directory
04-30 01:16:28.842 13097 13097 E d.mobileservice: Not starting debugger since process cannot load the jdwp agent.
04-30 01:16:28.867 13097 13097 W libc    : Access denied finding property "sys.perf.boostopt"
04-30 01:16:28.869 13097 13097 D ActivityThread: setConscryptValidator
04-30 01:16:28.870 13097 13097 D ActivityThread: setConscryptValidator - put
04-30 01:16:28.880 13090 13090 D nativeloader: Configuring classloader-namespace for other apk /system/framework/org.apache.http.legacy.jar. target_sdk_version=33, uses_libraries=ALL, library_path=/data/app/~~P9a_BHPahPYWrpiKfu1IBw==/com.whatsapp-ZV9R7O1ILYw4Pq6lFubXsA==/lib/arm64:/data/app/~~P9a_BHPahPYWrpiKfu1IBw==/com.whatsapp-ZV9R7O1ILYw4Pq6lFubXsA==/base.apk!/lib/arm64-v8a, permitted_path=/data:/mnt/expand:/data/user/0/com.whatsapp
04-30 01:16:28.880 13090 13090 D nativeloader: Extending system_exposed_libraries: libhumantracking.arcsoft.so:libPortraitDistortionCorrection.arcsoft.so:libPortraitDistortionCorrectionCali.arcsoft.so:libface_landmark.arcsoft.so:libFacialStickerEngine.arcsoft.so:libveengine.arcsoft.so:liblow_light_hdr.arcsoft.so:libhigh_dynamic_range.arcsoft.so:libFacialAttributeDetection.arcsoft.so:libBeauty_v4.camera.samsung.so:libexifa.camera.samsung.so:libjpega.camera.samsung.so:libOpenCv.camera.samsung.so:libImageScreener.camera.samsung.so:libMyFilter.camera.samsung.so:libtensorflowLite.myfilter.camera.samsung.so:libtensorflowlite_inference_api.myfilter.camera.samsung.so:libEventFinder.camera.samsung.so:libHIDTSnapJNI.camera.samsung.so:libSmartScan.camera.samsung.so:libRectify.camera.samsung.so:libDocRectifyWrapper.camera.samsung.so:libUltraWideDistortionCorrection.camera.samsung.so:libHpr_RecGAE_cvFeature_v1.0.camera.samsung.so:libHprFace_GAE_api.camera.samsung.so:libFace_Landmark_API.camera.samsung.so:libHprFace_GAE_jni.camera.samsung.so:libFacialBasedSelfieCorrec
04-30 01:16:28.886 29954 12992 W gle.android.gms: Long monitor contention with owner SyncAdapterThread-1 (12983) at android.content.IContentProvider android.app.ActivityThread.acquireProvider(android.content.Context, java.lang.String, int, boolean)(ActivityThread.java:7885) waiters=0 in android.content.IContentProvider android.app.ActivityThread.acquireProvider(android.content.Context, java.lang.String, int, boolean) for 536ms
04-30 01:16:28.887 29954 29975 I gle.android.gms: Background young concurrent copying GC freed 28051(1599KB) AllocSpace objects, 12(496KB) LOS objects, 40% free, 13MB/22MB, paused 213us,74us total 299.630ms
04-30 01:16:28.890  3893  6515 W libc    : Access denied finding property "sys.perf.boostopt"
04-30 01:16:28.894  9200 12522 W ChimeraUtils: Module com.google.android.gms.nearby_en missing resource null(0)
04-30 01:16:28.901 12994 13018 W libc    : Access denied finding property "sys.perf.boostopt"
04-30 01:16:28.901 13022 13022 D NetworkSecurityConfig: Using Network Security Config from resource network_security_config debugBuild: false
04-30 01:16:28.904 12994 13137 W libc    : Access denied finding property "sys.perf.boostopt"
04-30 01:16:28.910 13097 13135 W libc    : Access denied finding property "sys.perf.boostopt"
04-30 01:16:28.911 11420 12845 I SamsungAccount: [SignatureInfoDbHelper] searchOnUser
04-30 01:16:28.923 13090 13090 D nativeloader: Configuring classloader-namespace for other apk /data/app/~~P9a_BHPahPYWrpiKfu1IBw==/com.whatsapp-ZV9R7O1ILYw4Pq6lFubXsA==/base.apk. target_sdk_version=33, uses_libraries=, library_path=/data/app/~~P9a_BHPahPYWrpiKfu1IBw==/com.whatsapp-ZV9R7O1ILYw4Pq6lFubXsA==/lib/arm64:/data/app/~~P9a_BHPahPYWrpiKfu1IBw==/com.whatsapp-ZV9R7O1ILYw4Pq6lFubXsA==/base.apk!/lib/arm64-v8a, permitted_path=/data:/mnt/expand:/data/user/0/com.whatsapp
04-30 01:16:28.927  9200 12522 W ChimeraUtils: Module com.google.android.gms.nearby_en missing resource null(0)
04-30 01:16:28.931 12235 12258 I PerfettoCapture: Writing to /storage/emulated/0/Android/data/org.jetbrains.android_benchmark.test/cache/AckermannBenchmark_valuePreserveBoxDouble_2023-04-29-23-16-27.perfetto-trace.
04-30 01:16:28.943 13097 13139 W libc    : Access denied finding property "sys.perf.boostopt"
04-30 01:16:28.947 13097 13097 D CompatibilityChangeReporter: Compat change id reported: 171979766; UID 10107; state: ENABLED
04-30 01:16:28.994 13090 13090 V GraphicsEnvironment: ANGLE Developer option for 'com.whatsapp' set to: 'default'
04-30 01:16:28.994 13090 13090 V GraphicsEnvironment: ANGLE GameManagerService for com.whatsapp: false
04-30 01:16:28.994 13090 13090 V GraphicsEnvironment: Neither updatable production driver nor prerelease driver is supported.
04-30 01:16:29.009 13090 13090 D NetworkSecurityConfig: Using Network Security Config from resource (name removed) debugBuild: false
04-30 01:16:29.014 13090 13090 D NetworkSecurityConfig: Using Network Security Config from resource (name removed) debugBuild: false
04-30 01:16:29.050 13611 13643 I LauncherProvider: External provider call by package : com.samsung.android.app.galaxyfinder  for method : get_home_mode
04-30 01:16:29.051 13611 13643 I ExternalMethodFactory: get_home_mode
04-30 01:16:29.055 29954 12983 I SyncManager: Executing sync [CONTEXT service_id=80 ]
04-30 01:16:29.059 13090 13090 I MultiDex: VM with version 2.1.0 has multidex support
04-30 01:16:29.059 13090 13090 I MultiDex: Installing application
04-30 01:16:29.059 13090 13090 I MultiDex: VM has multidex support, MultiDex support library is disabled.
04-30 01:16:29.088 29954  3864 I PinnedContentDownloader: Finished downloading pinned content.
04-30 01:16:29.117 29954  3868 I ContentMaintenance: Internal cache bytes used: 0; limit: 100000000; download size: 0
04-30 01:16:29.143 11420 12845 I SamsungAccount: [SignatureInfoDbHelper] searchOnUser - [10/1y90e][app.shealth.][64/14aaf] => matched
04-30 01:16:29.145 11420 12845 I SamsungAccount: [SignatureInfoDbHelper] search - matched
04-30 01:16:29.148 11420 12845 I SamsungAccount: [SignatureCheckUtil] runCheckSignatureAsync(fromDb) - matched
04-30 01:16:29.151 12235 12258 D Benchmark: Copying /storage/emulated/0/Android/data/org.jetbrains.android_benchmark.test/cache/AckermannBenchmark_valuePreserveBoxDouble_2023-04-29-23-16-27.perfetto-trace to /sdcard/Android/media/org.jetbrains.android_benchmark.test/additional_test_output/AckermannBenchmark_valuePreserveBoxDouble_2023-04-29-23-16-27.perfetto-trace
04-30 01:16:29.151 11420 12845 I SamsungAccount: [AccountManagerProvider] This is the access of the allowed application
04-30 01:16:29.158 29954  3868 I RealtimeCacheCleanup: Beginning Realtime garbage collection.
04-30 01:16:29.185 12961 12961 D CompatibilityChangeReporter: Compat change id reported: 183155436; UID 10235; state: ENABLED
04-30 01:16:29.181 29954  3868 I RealtimeCacheCleanup: Finished Realtime garbage collection.
04-30 01:16:29.190  8350 12707 W MediaProvider: isAppCloneUserPair for user 0: false
04-30 01:16:29.223 13027 13027 D CompatibilityChangeReporter: Compat change id reported: 183155436; UID 10281; state: ENABLED
04-30 01:16:29.241  5429  8524 D SyncManager: userId - 0 auto - true
04-30 01:16:29.241 12921 13155 D CompatibilityChangeReporter: Compat change id reported: 183155436; UID 10242; state: ENABLED
04-30 01:16:29.299 13090 13090 D CompatibilityChangeReporter: Compat change id reported: 183155436; UID 10278; state: ENABLED
04-30 01:16:29.321  9200  9200 D BoundBrokerSvc: onBind: Intent { act=com.google.android.gms.phenotype.service.START dat=chimera-action:/... cmp=com.google.android.gms/.chimera.PersistentApiService }
04-30 01:16:29.321  9200  9200 D BoundBrokerSvc: Loading bound service for intent: Intent { act=com.google.android.gms.phenotype.service.START dat=chimera-action:/... cmp=com.google.android.gms/.chimera.PersistentApiService }
04-30 01:16:29.326 13022 13022 I MultiDex: VM with version 2.1.0 has multidex support
04-30 01:16:29.326 13022 13022 I MultiDex: Installing application
04-30 01:16:29.326 13022 13022 I MultiDex: VM has multidex support, MultiDex support library is disabled.
04-30 01:16:29.331 13090 13090 I FirebaseInitProvider: FirebaseApp initialization successful
04-30 01:16:29.357 13027 13027 D CompatibilityChangeReporter: Compat change id reported: 160794467; UID 10281; state: ENABLED
04-30 01:16:29.370 12235 12258 I Benchmark: AckermannBenchmark.valuePreserveBoxDouble[Metric (timeNs) results: median 99621.77114427861, min 93723.30721393035, max 120000.62189054726, standardDeviation: 6142.997355074887, Metric (allocationCount) results: median 1880.0, min 1879.9912935323382, max 1880.0012437810944, standardDeviation: 0.003991742919405969]count=804
04-30 01:16:29.374 12235 12258 D Benchmark: writing results to /storage/emulated/0/Android/data/org.jetbrains.android_benchmark.test/cache/org.jetbrains.android_benchmark.test-benchmarkData.json
04-30 01:16:29.377 12235 12258 D Benchmark: Copying /storage/emulated/0/Android/data/org.jetbrains.android_benchmark.test/cache/org.jetbrains.android_benchmark.test-benchmarkData.json to /sdcard/Android/media/org.jetbrains.android_benchmark.test/additional_test_output/org.jetbrains.android_benchmark.test-benchmarkData.json
04-30 01:16:29.413 13027 13168 W roid.apps.tasks: Accessing hidden field Ljava/util/Collections$SynchronizedCollection;->mutex:Ljava/lang/Object; (max-target-o, reflection, denied)
04-30 01:16:29.431  5429  6109 D SyncManager: userId - 0 auto - true
04-30 01:16:29.434  8350 12167 I MediaProvider: Deleted 1 0 0 0 0 0 0 items on external_primary due to org.jetbrains.android_benchmark.test
04-30 01:16:29.396 12961 13161 W ndroid.calendar: Accessing hidden field Ljava/util/Collections$SynchronizedCollection;->mutex:Ljava/lang/Object; (max-target-o, reflection, denied)
04-30 01:16:29.443 12961 13161 W ndroid.calendar: Accessing hidden method Ljava/util/Collections$SynchronizedSet;-><init>(Ljava/util/Set;Ljava/lang/Object;)V (max-target-o, reflection, denied)
04-30 01:16:29.443 12961 13161 W ndroid.calendar: Accessing hidden method Ljava/util/Collections$SynchronizedCollection;-><init>(Ljava/util/Collection;Ljava/lang/Object;)V (max-target-o, reflection, denied)
04-30 01:16:29.443  8350 12493 W MediaProvider: isAppCloneUserPair for user 0: false
04-30 01:16:29.446 13027 13168 W roid.apps.tasks: Accessing hidden method Ljava/util/Collections$SynchronizedSet;-><init>(Ljava/util/Set;Ljava/lang/Object;)V (max-target-o, reflection, denied)
04-30 01:16:29.454 13027 13168 W roid.apps.tasks: Accessing hidden method Ljava/util/Collections$SynchronizedCollection;-><init>(Ljava/util/Collection;Ljava/lang/Object;)V (max-target-o, reflection, denied)
04-30 01:16:29.483  5429  8531 D SyncManager: userId - 0 auto - true
04-30 01:16:29.483 12235 12258 I TestRunner: finished: valuePreserveBoxDouble(org.jetbrains.android_benchmark.AckermannBenchmark)
