04-27 20:25:14.285 22494  1406 I SheldonFTFilePpltr: 	at com.google.android.libraries.gsa.k.a.i.apply(PG:2)
04-27 20:25:14.285 22494  1406 I SheldonFTFilePpltr: 	at com.google.common.util.concurrent.h.e(PG:2)
04-27 20:25:14.285 22494  1406 I SheldonFTFilePpltr: 	at com.google.common.util.concurrent.j.run(PG:9)
04-27 20:25:14.285 22494  1406 I SheldonFTFilePpltr: 	at com.google.android.libraries.j.y.run(PG:1)
04-27 20:25:14.285 22494  1406 I SheldonFTFilePpltr: 	at java.util.concurrent.ThreadPoolExecutor.runWorker(ThreadPoolExecutor.java:1137)
04-27 20:25:14.285 22494  1406 I SheldonFTFilePpltr: 	at java.util.concurrent.ThreadPoolExecutor$Worker.run(ThreadPoolExecutor.java:637)
04-27 20:25:14.285 22494  1406 I SheldonFTFilePpltr: 	at com.google.android.libraries.j.d.run(PG:2)
04-27 20:25:14.285 22494  1406 I SheldonFTFilePpltr: 	at java.lang.Thread.run(Thread.java:1012)
04-27 20:25:14.285 22494  1406 I SheldonFTFilePpltr: 	at com.google.android.libraries.j.ag.run(PG:5)
04-27 20:25:14.287 22494  1432 I SheldonFTFilePpltr: #schedule SheldonFinetuningPlan refresh.
04-27 20:25:14.287 22494  1432 I SheldonFTFilePpltr: com.google.common.f.x: MEDIUM
04-27 20:25:14.287 22494  1432 I SheldonFTFilePpltr: 	at com.google.android.apps.search.fedora.n.v.b(PG:1)
04-27 20:25:14.287 22494  1432 I SheldonFTFilePpltr: 	at com.google.android.libraries.mdi.download.hu.t(PG:3)
04-27 20:25:14.287 22494  1432 I SheldonFTFilePpltr: 	at com.google.android.libraries.mdi.download.hu.h(PG:3)
04-27 20:25:14.287 22494  1432 I SheldonFTFilePpltr: 	at com.google.android.apps.gsa.staticplugins.bt.f.a(PG:1)
04-27 20:25:14.287 22494  1432 I SheldonFTFilePpltr: 	at com.google.android.libraries.gsa.k.a.i.apply(PG:2)
04-27 20:25:14.287 22494  1432 I SheldonFTFilePpltr: 	at com.google.common.util.concurrent.h.e(PG:2)
04-27 20:25:14.287 22494  1432 I SheldonFTFilePpltr: 	at com.google.common.util.concurrent.j.run(PG:9)
04-27 20:25:14.287 22494  1432 I SheldonFTFilePpltr: 	at com.google.android.libraries.j.y.run(PG:1)
04-27 20:25:14.287 22494  1432 I SheldonFTFilePpltr: 	at java.util.concurrent.ThreadPoolExecutor.runWorker(ThreadPoolExecutor.java:1137)
04-27 20:25:14.287 22494  1432 I SheldonFTFilePpltr: 	at java.util.concurrent.ThreadPoolExecutor$Worker.run(ThreadPoolExecutor.java:637)
04-27 20:25:14.287 22494  1432 I SheldonFTFilePpltr: 	at com.google.android.libraries.j.d.run(PG:2)
04-27 20:25:14.287 22494  1432 I SheldonFTFilePpltr: 	at java.lang.Thread.run(Thread.java:1012)
04-27 20:25:14.287 22494  1432 I SheldonFTFilePpltr: 	at com.google.android.libraries.j.ag.run(PG:5)
04-27 20:25:14.293 22494  1411 I SheldonFTFilePpltr: #schedule SheldonFinetuningPlan refresh.
04-27 20:25:14.293 22494  1411 I SheldonFTFilePpltr: com.google.common.f.x: MEDIUM
04-27 20:25:14.293 22494  1411 I SheldonFTFilePpltr: 	at com.google.android.apps.search.fedora.n.v.b(PG:1)
04-27 20:25:14.293 22494  1411 I SheldonFTFilePpltr: 	at com.google.android.libraries.mdi.download.hu.t(PG:3)
04-27 20:25:14.293 22494  1411 I SheldonFTFilePpltr: 	at com.google.android.libraries.mdi.download.hu.v(PG:1)
04-27 20:25:14.293 22494  1411 I SheldonFTFilePpltr: 	at com.google.android.libraries.mdi.download.hu.h(PG:2)
04-27 20:25:14.293 22494  1411 I SheldonFTFilePpltr: 	at com.google.android.apps.gsa.staticplugins.bt.f.a(PG:1)
04-27 20:25:14.293 22494  1411 I SheldonFTFilePpltr: 	at com.google.android.libraries.gsa.k.a.i.apply(PG:2)
04-27 20:25:14.293 22494  1411 I SheldonFTFilePpltr: 	at com.google.common.util.concurrent.h.e(PG:2)
04-27 20:25:14.293 22494  1411 I SheldonFTFilePpltr: 	at com.google.common.util.concurrent.j.run(PG:9)
04-27 20:25:14.293 22494  1411 I SheldonFTFilePpltr: 	at com.google.android.libraries.j.y.run(PG:1)
04-27 20:25:14.293 22494  1411 I SheldonFTFilePpltr: 	at java.util.concurrent.ThreadPoolExecutor.runWorker(ThreadPoolExecutor.java:1137)
04-27 20:25:14.293 22494  1411 I SheldonFTFilePpltr: 	at java.util.concurrent.ThreadPoolExecutor$Worker.run(ThreadPoolExecutor.java:637)
04-27 20:25:14.293 22494  1411 I SheldonFTFilePpltr: 	at com.google.android.libraries.j.d.run(PG:2)
04-27 20:25:14.293 22494  1411 I SheldonFTFilePpltr: 	at java.lang.Thread.run(Thread.java:1012)
04-27 20:25:14.293 22494  1411 I SheldonFTFilePpltr: 	at com.google.android.libraries.j.ag.run(PG:5)
04-27 20:25:14.318  5429  8535 D PackageManager: setEnabledSetting : userId = 0 packageName = com.google.android.googlequicksearchbox cmp = androidx.work.impl.background.systemalarm.RescheduleReceiver newState = 1 callingPackage = 10233/com.google.android.googlequicksearchbox
04-27 20:25:14.321  5429  8535 D ApplicationPolicy: getApplicationStateEnabled : pkg = com.google.android.googlequicksearchbox userId : 0
04-27 20:25:14.322  5429  8535 D ApplicationPolicy: getApplicationComponentState : pkg = com.google.android.googlequicksearchbox userId : 0
04-27 20:25:14.392 22494  1411 I SheldonFTFilePpltr: Finetuning mdd download flag not enabled, scheduling pack deletion.
04-27 20:25:14.393 22494  1432 I SheldonFTFilePpltr: Finetuning mdd download flag not enabled, scheduling pack deletion.
04-27 20:25:14.395 22494  1406 I SheldonFTFilePpltr: Finetuning mdd download flag not enabled, scheduling pack deletion.
04-27 20:25:14.405 22494  1432 I SheldonFTFilePpltr: Purging SheldonFinetuningFileGroup...
04-27 20:25:14.409 22494  1406 I SheldonFTFilePpltr: Purging SheldonFinetuningFileGroup...
04-27 20:25:14.416 22494 22659 I DeviceCapHelper: (REDACTED) Adding surface identity to the device capabilities for surface %s.
04-27 20:25:14.418 22494  1407 I DeviceCapHelper: (REDACTED) Adding surface identity to the device capabilities for surface %s.
04-27 20:25:14.437 22494  1411 I SheldonFTFilePpltr: Purging SheldonFinetuningFileGroup...
04-27 20:25:14.438  1434  1457 I AppMetrica-Attribution: Choosing distribution data: ClidsInfo(chosen=Candidate(clids={clid10=2263180, clid21=2251107, clid4=2066560, clid7=2041723, clid6=2041722, clid1=2041720, clid1010=2263185, clid1003=2315897, clid1002=2268488}, source=APP), candidates=[Candidate(clids={clid10=2263180, clid21=2251107, clid4=2066560, clid7=2041723, clid6=2041722, clid1=2041720, clid1010=2263185, clid1003=2315897, clid1002=2268488}, source=APP)])
04-27 20:25:14.452  1434  1457 I AppMetrica-Attribution: Choosing distribution data: ClidsInfo(chosen=Candidate(clids={clid10=2263180, clid21=2251107, clid4=2066560, clid7=2041723, clid6=2041722, clid1=2041720, clid1010=2263185, clid1003=2315897, clid1002=2268488}, source=APP), candidates=[Candidate(clids={clid10=2263180, clid21=2251107, clid4=2066560, clid7=2041723, clid6=2041722, clid1=2041720, clid1010=2263185, clid1003=2315897, clid1002=2268488}, source=APP)])
04-27 20:25:14.527  1434  1457 I AppMetrica-Attribution: Choosing distribution data: ClidsInfo(chosen=Candidate(clids={clid10=2263180, clid21=2251107, clid4=2066560, clid7=2041723, clid6=2041722, clid1=2041720, clid1010=2263185, clid1003=2315897, clid1002=2268488}, source=APP), candidates=[Candidate(clids={clid10=2263180, clid21=2251107, clid4=2066560, clid7=2041723, clid6=2041722, clid1=2041720, clid1010=2263185, clid1003=2315897, clid1002=2268488}, source=APP)])
04-27 20:25:14.613 22494 22909 I A       : Running throttled refresh
04-27 20:25:14.614 22494 22910 I A       : Running throttled refresh
04-27 20:25:14.615 22494 22790 I A       : Running throttled refresh
04-27 20:25:14.624  5429  7411 D SemWifiUsabilityStatsMonitor: onWifiUsabilityStats - seqNum 3977, isSameBssidAndFreq true
04-27 20:25:14.627  5429  5717 I SemWifiLinkQualityMonitor: Link Qos Query: 0.118 ms / 67.886 Mbps (72 / 0.000 / 1.061)
04-27 20:25:14.627  5878  5878 D NetworkController.WifiSignalController: notifyListener: visible=true, connected=true, inetCondition=1, isDefault=true, wifiTestReported=true, receivedInetCondition=-1, hideDuringMobileSwitching=false
04-27 20:25:14.628  5878  6043 D Tile.WifiTile: handleUpdateState isTransient=false transientEnabling =false cb.isTransient=false state.state = 2 mStateBeforeClick.value =false enabled =true
04-27 20:25:14.662 22494  1406 I ZipLPPopulator: #scheduleLanguagePackDeletion
04-27 20:25:14.662 22494  1406 I ZipLPPopulator: com.google.common.f.x: MEDIUM
04-27 20:25:14.662 22494  1406 I ZipLPPopulator: 	at com.google.android.libraries.at.b.b.k.ag.b(PG:1)
04-27 20:25:14.662 22494  1406 I ZipLPPopulator: 	at com.google.android.libraries.mdi.download.hu.t(PG:3)
04-27 20:25:14.662 22494  1406 I ZipLPPopulator: 	at com.google.android.libraries.mdi.download.hu.v(PG:1)
04-27 20:25:14.662 22494  1406 I ZipLPPopulator: 	at com.google.android.libraries.mdi.download.hu.h(PG:1)
04-27 20:25:14.662 22494  1406 I ZipLPPopulator: 	at com.google.android.apps.gsa.staticplugins.bt.f.a(PG:1)
04-27 20:25:14.662 22494  1406 I ZipLPPopulator: 	at com.google.android.libraries.gsa.k.a.i.apply(PG:2)
04-27 20:25:14.662 22494  1406 I ZipLPPopulator: 	at com.google.common.util.concurrent.h.e(PG:2)
04-27 20:25:14.662 22494  1406 I ZipLPPopulator: 	at com.google.common.util.concurrent.j.run(PG:9)
04-27 20:25:14.662 22494  1406 I ZipLPPopulator: 	at com.google.android.libraries.j.y.run(PG:1)
04-27 20:25:14.662 22494  1406 I ZipLPPopulator: 	at java.util.concurrent.ThreadPoolExecutor.runWorker(ThreadPoolExecutor.java:1137)
04-27 20:25:14.662 22494  1406 I ZipLPPopulator: 	at java.util.concurrent.ThreadPoolExecutor$Worker.run(ThreadPoolExecutor.java:637)
04-27 20:25:14.662 22494  1406 I ZipLPPopulator: 	at com.google.android.libraries.j.d.run(PG:2)
04-27 20:25:14.662 22494  1406 I ZipLPPopulator: 	at java.lang.Thread.run(Thread.java:1012)
04-27 20:25:14.662 22494  1406 I ZipLPPopulator: 	at com.google.android.libraries.j.ag.run(PG:5)
04-27 20:25:14.667 22494  1432 I ZipLPPopulator: #scheduleLanguagePackDeletion
04-27 20:25:14.667 22494  1432 I ZipLPPopulator: com.google.common.f.x: MEDIUM
04-27 20:25:14.667 22494  1432 I ZipLPPopulator: 	at com.google.android.libraries.at.b.b.k.ag.b(PG:1)
04-27 20:25:14.667 22494  1432 I ZipLPPopulator: 	at com.google.android.libraries.mdi.download.hu.t(PG:3)
04-27 20:25:14.667 22494  1432 I ZipLPPopulator: 	at com.google.android.libraries.mdi.download.hu.h(PG:3)
04-27 20:25:14.667 22494  1432 I ZipLPPopulator: 	at com.google.android.apps.gsa.staticplugins.bt.f.a(PG:1)
04-27 20:25:14.667 22494  1432 I ZipLPPopulator: 	at com.google.android.libraries.gsa.k.a.i.apply(PG:2)
04-27 20:25:14.667 22494  1432 I ZipLPPopulator: 	at com.google.common.util.concurrent.h.e(PG:2)
04-27 20:25:14.667 22494  1432 I ZipLPPopulator: 	at com.google.common.util.concurrent.j.run(PG:9)
04-27 20:25:14.667 22494  1432 I ZipLPPopulator: 	at com.google.android.libraries.j.y.run(PG:1)
04-27 20:25:14.667 22494  1432 I ZipLPPopulator: 	at java.util.concurrent.ThreadPoolExecutor.runWorker(ThreadPoolExecutor.java:1137)
04-27 20:25:14.667 22494  1432 I ZipLPPopulator: 	at java.util.concurrent.ThreadPoolExecutor$Worker.run(ThreadPoolExecutor.java:637)
04-27 20:25:14.667 22494  1432 I ZipLPPopulator: 	at com.google.android.libraries.j.d.run(PG:2)
04-27 20:25:14.667 22494  1432 I ZipLPPopulator: 	at java.lang.Thread.run(Thread.java:1012)
04-27 20:25:14.667 22494  1432 I ZipLPPopulator: 	at com.google.android.libraries.j.ag.run(PG:5)
04-27 20:25:14.669  1434  1457 I AppMetrica-Attribution: Choosing distribution data: ClidsInfo(chosen=Candidate(clids={clid10=2263180, clid21=2251107, clid4=2066560, clid7=2041723, clid6=2041722, clid1=2041720, clid1010=2263185, clid1003=2315897, clid1002=2268488}, source=APP), candidates=[Candidate(clids={clid10=2263180, clid21=2251107, clid4=2066560, clid7=2041723, clid6=2041722, clid1=2041720, clid1010=2263185, clid1003=2315897, clid1002=2268488}, source=APP)])
04-27 20:25:14.675  1376  1376 E chromium: [ERROR:isolated_origin_util.cc(74)] Ignoring port number in isolated origin: chrome://custo
04-27 20:25:14.677 22494  1411 I ZipLPPopulator: #scheduleLanguagePackDeletion
04-27 20:25:14.677 22494  1411 I ZipLPPopulator: com.google.common.f.x: MEDIUM
04-27 20:25:14.677 22494  1411 I ZipLPPopulator: 	at com.google.android.libraries.at.b.b.k.ag.b(PG:1)
04-27 20:25:14.677 22494  1411 I ZipLPPopulator: 	at com.google.android.libraries.mdi.download.hu.t(PG:3)
04-27 20:25:14.677 22494  1411 I ZipLPPopulator: 	at com.google.android.libraries.mdi.download.hu.v(PG:1)
04-27 20:25:14.677 22494  1411 I ZipLPPopulator: 	at com.google.android.libraries.mdi.download.hu.h(PG:2)
04-27 20:25:14.677 22494  1411 I ZipLPPopulator: 	at com.google.android.apps.gsa.staticplugins.bt.f.a(PG:1)
04-27 20:25:14.677 22494  1411 I ZipLPPopulator: 	at com.google.android.libraries.gsa.k.a.i.apply(PG:2)
04-27 20:25:14.677 22494  1411 I ZipLPPopulator: 	at com.google.common.util.concurrent.h.e(PG:2)
04-27 20:25:14.677 22494  1411 I ZipLPPopulator: 	at com.google.common.util.concurrent.j.run(PG:9)
04-27 20:25:14.677 22494  1411 I ZipLPPopulator: 	at com.google.android.libraries.j.y.run(PG:1)
04-27 20:25:14.677 22494  1411 I ZipLPPopulator: 	at java.util.concurrent.ThreadPoolExecutor.runWorker(ThreadPoolExecutor.java:1137)
04-27 20:25:14.677 22494  1411 I ZipLPPopulator: 	at java.util.concurrent.ThreadPoolExecutor$Worker.run(ThreadPoolExecutor.java:637)
04-27 20:25:14.677 22494  1411 I ZipLPPopulator: 	at com.google.android.libraries.j.d.run(PG:2)
04-27 20:25:14.677 22494  1411 I ZipLPPopulator: 	at java.lang.Thread.run(Thread.java:1012)
04-27 20:25:14.677 22494  1411 I ZipLPPopulator: 	at com.google.android.libraries.j.ag.run(PG:5)
04-27 20:25:14.685  1515  1562 D CompatibilityChangeReporter: Compat change id reported: 183155436; UID 10271; state: ENABLED
04-27 20:25:14.686 22494  1432 I ZipLPPopulator: #addNewFileGroups
04-27 20:25:14.688 22494  1411 I ZipLPPopulator: #addNewFileGroups
04-27 20:25:14.688 22494  1406 I ZipLPPopulator: #addNewFileGroups
04-27 20:25:14.700  1515  1562 I AppMetrica: Initializing of Metrica, Release type, Version 5.3.3, API Level 106, Dated 13.04.2023.
04-27 20:25:14.746  1434  1563 I AppMetrica-Attribution: Choosing distribution data: ClidsInfo(chosen=Candidate(clids={clid10=2263180, clid21=2251107, clid4=2066560, clid7=2041723, clid6=2041722, clid1=2041720, clid1010=2263185, clid1003=2315897, clid1002=2268488}, source=APP), candidates=[Candidate(clids={clid10=2263180, clid21=2251107, clid4=2066560, clid7=2041723, clid6=2041722, clid1=2041720, clid1010=2263185, clid1003=2315897, clid1002=2268488}, source=APP)])
04-27 20:25:14.791  1434  1457 I AppMetrica-Attribution: Choosing distribution data: ClidsInfo(chosen=Candidate(clids={clid10=2263180, clid21=2251107, clid4=2066560, clid7=2041723, clid6=2041722, clid1=2041720, clid1010=2263185, clid1003=2315897, clid1002=2268488}, source=APP), candidates=[Candidate(clids={clid10=2263180, clid21=2251107, clid4=2066560, clid7=2041723, clid6=2041722, clid1=2041720, clid1010=2263185, clid1003=2315897, clid1002=2268488}, source=APP)])
04-27 20:25:14.843  1434  1457 I AppMetrica-Attribution: Choosing distribution data: ClidsInfo(chosen=Candidate(clids={clid10=2263180, clid21=2251107, clid4=2066560, clid7=2041723, clid6=2041722, clid1=2041720, clid1010=2263185, clid1003=2315897, clid1002=2268488}, source=APP), candidates=[Candidate(clids={clid10=2263180, clid21=2251107, clid4=2066560, clid7=2041723, clid6=2041722, clid1=2041720, clid1010=2263185, clid1003=2315897, clid1002=2268488}, source=APP)])
04-27 20:25:14.864 22494 22904 I A       : Running throttled refresh
04-27 20:25:14.868 22494 22765 I A       : Running throttled refresh
04-27 20:25:14.882 22494  1406 I A       : #getDownloadableLanguagePacks
04-27 20:25:14.882  5429  5705 I ChimeraAggressivePolicyHandler: executePolicy() - triggerSource: TRIGGER_SOURCE_LMKD
04-27 20:25:14.884  5429  5705 I ChimeraAggressivePolicyHandler: memAvailable: 852172, memFreeTarget: 870400, releaseTarget:18228, protectedLruCount: 10
04-27 20:25:14.895 22494  1411 I A       : #getDownloadableLanguagePacks
04-27 20:25:14.941  5429  5705 I NSLocationMonitor: getGPSUsingApps() called
04-27 20:25:14.943  1434  1457 I AppMetrica-Attribution: Choosing distribution data: ClidsInfo(chosen=Candidate(clids={clid10=2263180, clid21=2251107, clid4=2066560, clid7=2041723, clid6=2041722, clid1=2041720, clid1010=2263185, clid1003=2315897, clid1002=2268488}, source=APP), candidates=[Candidate(clids={clid10=2263180, clid21=2251107, clid4=2066560, clid7=2041723, clid6=2041722, clid1=2041720, clid1010=2263185, clid1003=2315897, clid1002=2268488}, source=APP)])
04-27 20:25:14.950  7025 30276 I NSLocationManager_FLP: getGPSUsingApps, NO_FREEZE={5013} / FREEZE={10234}
04-27 20:25:14.961  5429  5705 I ChimeraAggressivePolicyHandler: Start doKill, protected policy: NORMAL
04-27 20:25:14.962  5429  5705 I ChimeraAggressivePolicyHandler: Killed on trigger0 : com.google.android.gm[26508], freed: 32794, 10242[26508]:G1(0x1) score=35.9(32 10/10 32794), pids: 26508 / stats: 19 / adjs: 999
04-27 20:25:14.966  5429  5486 I libprocessgroup: Successfully killed process cgroup uid 10242 pid 26508 in 0ms
04-27 20:25:14.967  5429  5705 I ChimeraAggressivePolicyHandler: kill complete: killed 1 apps, freed 32794 KB
04-27 20:25:14.968  5429  5705 I ChimeraAggressivePolicyHandler: Skipped reason: LR, pids: 26164 19519
04-27 20:25:14.968  5429  5705 I ChimeraAggressivePolicyHandler: Skipped reason: CA, pids: 31104 19664 26326 25567 26084
04-27 20:25:14.968  5429  5705 I ChimeraAggressivePolicyHandler: Skipped reason: PE, pids: 8449 9537 11589 27147 6156 6734 8401 6865 5848 1434 5787 8348 8350 6174 22494 7327 11360 1376 8419 6180 6118 1515 6190 11246 23151 7025 6196 5429 5878 10679 9209 30906 10299 28092 6655
04-27 20:25:14.968  5429  5705 I ChimeraAggressivePolicyHandler: Processing time(ms) 85
04-27 20:25:14.983 22494  1432 I A       : #getDownloadableLanguagePacks
04-27 20:25:15.015  5429  5751 D NetdEventListenerService: DNS Requested by : 108, 10271
04-27 20:25:15.016  1434  1470 D TrafficStats: tagSocket(121) with statsTag=0xffffffff, statsUid=-1
04-27 20:25:15.047  1515  1562 I AppMetrica: Activate reporter with APIKey 67bb016b-xxxx-xxxx-xxxx-xxxxxxxx03d3
04-27 20:25:15.051  1515  1562 I AppMetrica: Activate reporter with APIKey 20799a27-xxxx-xxxx-xxxx-xxxxxxxx4180
04-27 20:25:15.071  1515  1527 W libc    : Access denied finding property "sys.perf.boostopt"
04-27 20:25:15.071  4899  4899 E audit   : type=1400 audit(1682619915.067:17901): avc:  denied  { read } for  pid=1515 comm="binder:1515_1" name="u:object_r:perf_prop:s0" dev="tmpfs" ino=21617 scontext=u:r:untrusted_app:s0:c15,c257,c512,c768 tcontext=u:object_r:perf_prop:s0 tclass=file permissive=0 SEPF_SM-A515F_13_0001 audit_filtered
04-27 20:25:15.071  4899  4899 E audit   : type=1300 audit(1682619915.067:17901): arch=c00000b7 syscall=56 success=no exit=-13 a0=ffffff9c a1=7804bb12f8 a2=88000 a3=0 items=0 ppid=4924 pid=1515 auid=4294967295 uid=10271 gid=10271 euid=10271 suid=10271 fsuid=10271 egid=10271 sgid=10271 fsgid=10271 tty=(none) ses=4294967295 comm="binder:1515_1" exe="/system/bin/app_process64" subj=u:r:untrusted_app:s0:c15,c257,c512,c768 key=(null)
04-27 20:25:15.072  4899  4899 E audit   : type=1327 audit(1682619915.067:17901): proctitle="<pre-initialized>"
04-27 20:25:15.083 22494  1485 I Search.LoginHelperImpl: (REDACTED) Successfully received auth token for scope: %s in time %d ms
04-27 20:25:15.128 22494  1484 I Search.LoginHelperImpl: (REDACTED) Successfully received auth token for scope: %s in time %d ms
04-27 20:25:15.131  5429  8535 D ConnectivityService: ConnectivityService NetworkRequestInfo binderDied(uid/pid:10242/26508, [NetworkRequest [ REQUEST id=3867, [ Capabilities: INTERNET&NOT_RESTRICTED&TRUSTED&NOT_VCN_MANAGED Uid: 10242 RequestorUid: 10242 RequestorPkg: com.google.android.gm UnderlyingNetworks: Null] ]], android.os.BinderProxy@5664e10)
04-27 20:25:15.131  5429  8518 D ConnectivityService: ConnectivityService NetworkRequestInfo binderDied(uid/pid:10242/26508, [NetworkRequest [ LISTEN id=3868, [ Capabilities: INTERNET&NOT_RESTRICTED&TRUSTED&NOT_VCN_MANAGED Uid: 10242 RequestorUid: 10242 RequestorPkg: com.google.android.gm UnderlyingNetworks: Null] ]], android.os.BinderProxy@8b84d09)
04-27 20:25:15.132  5429  8535 D ConnectivityService: ConnectivityService NetworkRequestInfo binderDied(uid/pid:10242/26508, [NetworkRequest [ REQUEST id=3865, [ Capabilities: INTERNET&NOT_RESTRICTED&TRUSTED&NOT_VCN_MANAGED Uid: 10242 RequestorUid: 10242 RequestorPkg: com.google.android.gm UnderlyingNetworks: Null] ]], android.os.BinderProxy@be7bb0e)
04-27 20:25:15.132  5429  5665 D ConnectivityService: releasing NetworkRequest [ REQUEST id=3867, [ Capabilities: INTERNET&NOT_RESTRICTED&TRUSTED&NOT_VCN_MANAGED Uid: 10242 RequestorUid: 10242 RequestorPkg: com.google.android.gm UnderlyingNetworks: Null] ] (release request)
04-27 20:25:15.132 23151 24973 W libc    : Access denied finding property "sys.perf.boostopt"
04-27 20:25:15.132  4899  4899 E audit   : type=1400 audit(1682619915.127:17902): avc:  denied  { read } for  pid=23151 comm="binder:23151_5" name="u:object_r:perf_prop:s0" dev="tmpfs" ino=21617 scontext=u:r:priv_app:s0:c512,c768 tcontext=u:object_r:perf_prop:s0 tclass=file permissive=0 SEPF_SM-A515F_13_0001 audit_filtered
04-27 20:25:15.133  5429  5665 D ConnectivityService:  Removing from current network [108 WIFI], leaving 151 requests.
04-27 20:25:15.134  5429  5665 D ConnectivityService: releasing NetworkRequest [ REQUEST id=3865, [ Capabilities: INTERNET&NOT_RESTRICTED&TRUSTED&NOT_VCN_MANAGED Uid: 10242 RequestorUid: 10242 RequestorPkg: com.google.android.gm UnderlyingNetworks: Null] ] (release request)
04-27 20:25:15.134  5429  5665 D ConnectivityService:  Removing from current network [108 WIFI], leaving 149 requests.
04-27 20:25:15.139  4924  4924 I Zygote  : Process 26508 exited due to signal 9 (Killed)
04-27 20:25:15.258 22494 22765 I A       : (REDACTED) Starting batch sync for corpora: %s
04-27 20:25:15.300 22494 22658 W A       : (REDACTED) Corpus: %s is disabled
04-27 20:25:15.333  4924  4924 D Zygote  : Forked child process 1597
04-27 20:25:15.351 22494  1484 I Search.LoginHelperImpl: (REDACTED) Successfully received auth token for scope: %s in time %d ms
04-27 20:25:15.385 22494  1591 I Search.LoginHelperImpl: (REDACTED) Successfully received auth token for scope: %s in time %d ms
04-27 20:25:15.391  1515  1589 W rowser:passport: Long monitor contention with owner binder:1515_2 (1528) at java.lang.Object uhe.get()(SourceFile:68) waiters=0 in java.lang.Object uhe.get() for 158ms
04-27 20:25:15.395  1597  1597 I ileged_process2: Using CollectorTypeCC GC.
04-27 20:25:15.401  1434  1457 I AppMetrica-Attribution: Choosing distribution data: ClidsInfo(chosen=Candidate(clids={clid10=2263180, clid21=2251107, clid4=2066560, clid7=2041723, clid6=2041722, clid1=2041720, clid1010=2263185, clid1003=2315897, clid1002=2268488}, source=APP), candidates=[Candidate(clids={clid10=2263180, clid21=2251107, clid4=2066560, clid7=2041723, clid6=2041722, clid1=2041720, clid1010=2263185, clid1003=2315897, clid1002=2268488}, source=APP)])
04-27 20:25:15.405  1597  1597 E ileged_process2: Not starting debugger since process cannot load the jdwp agent.
04-27 20:25:15.428  1597  1597 W libc    : Access denied finding property "sys.perf.boostopt"
04-27 20:25:15.431  1597  1616 W libc    : Access denied finding property "sys.perf.boostopt"
04-27 20:25:15.434  1597  1597 D ActivityThread: setConscryptValidator
04-27 20:25:15.434  1597  1597 D ActivityThread: setConscryptValidator - put
04-27 20:25:15.437  1434  1457 I AppMetrica-Attribution: Choosing distribution data: ClidsInfo(chosen=Candidate(clids={clid10=2263180, clid21=2251107, clid4=2066560, clid7=2041723, clid6=2041722, clid1=2041720, clid1010=2263185, clid1003=2315897, clid1002=2268488}, source=APP), candidates=[Candidate(clids={clid10=2263180, clid21=2251107, clid4=2066560, clid7=2041723, clid6=2041722, clid1=2041720, clid1010=2263185, clid1003=2315897, clid1002=2268488}, source=APP)])
04-27 20:25:15.441 22494 22904 I LPRequestState: (REDACTED) [%s] #resolveDesiredLanguagePacks
04-27 20:25:15.453 22494 22765 I LPRequestState: (REDACTED) [%s] #resolveDesiredLanguagePacks
04-27 20:25:15.468  1597  1616 W libc    : Access denied finding property "sys.perf.boostopt"
04-27 20:25:15.478  1597  1597 D CompatibilityChangeReporter: Compat change id reported: 171979766; UID 10271; state: ENABLED
04-27 20:25:15.515 22494 22910 I LPRequestState: (REDACTED) [%s] #resolveDesiredLanguagePacks
04-27 20:25:15.560  1434  1470 I AppMetrica-Attribution: Choosing distribution data: ClidsInfo(chosen=Candidate(clids={clid10=2263180, clid21=2251107, clid4=2066560, clid7=2041723, clid6=2041722, clid1=2041720, clid1010=2263185, clid1003=2315897, clid1002=2268488}, source=APP), candidates=[Candidate(clids={clid10=2263180, clid21=2251107, clid4=2066560, clid7=2041723, clid6=2041722, clid1=2041720, clid1010=2263185, clid1003=2315897, clid1002=2268488}, source=APP)])
04-27 20:25:15.577 22494  1406 I A       : (REDACTED) Download file group for language pack: %s
04-27 20:25:15.668 22494 22904 I SheldonFTFilePpltr: Attempt to add empty FileGroup completed.
04-27 20:25:15.690 22494  1432 I A       : (REDACTED) Download file group for language pack: %s
04-27 20:25:15.691 22494  1432 W A       : (REDACTED) Locale %s is not compatible, please check manifest exists
04-27 20:25:15.692 22494  1411 I A       : (REDACTED) Download file group for language pack: %s
04-27 20:25:15.693 22494  1411 W A       : (REDACTED) Locale %s is not compatible, please check manifest exists
04-27 20:25:15.696  1597  1597 D nativeloader: Configuring classloader-namespace for other apk /system/framework/org.apache.http.legacy.jar. target_sdk_version=33, uses_libraries=ALL, library_path=/data/app/~~XJqYlT6Y-uQqdpAGpr9yzQ==/com.yandex.browser-JXPJ6D9wyZiSwpdzKB4Neg==/lib/arm64:/data/app/~~XJqYlT6Y-uQqdpAGpr9yzQ==/com.yandex.browser-JXPJ6D9wyZiSwpdzKB4Neg==/base.apk!/lib/arm64-v8a:/data/app/~~XJqYlT6Y-uQqdpAGpr9yzQ==/com.yandex.browser-JXPJ6D9wyZiSwpdzKB4Neg==/split_config.en.apk!/lib/arm64-v8a:/data/app/~~XJqYlT6Y-uQqdpAGpr9yzQ==/com.yandex.browser-JXPJ6D9wyZiSwpdzKB4Neg==/split_config.ru.apk!/lib/arm64-v8a:/data/app/~~XJqYlT6Y-uQqdpAGpr9yzQ==/com.yandex.browser-JXPJ6D9wyZiSwpdzKB4Neg==/split_config.xxhdpi.apk!/lib/arm64-v8a, permitted_path=/data:/mnt/expand:/data/user/0/com.yandex.browser
04-27 20:25:15.696  1597  1597 D nativeloader: Extending system_exposed_libraries: libhumantracking.arcsoft.so:libPortraitDistortionCorrection.arcsoft.so:libPortraitDistortionCorrectionCali.arcsoft.so:libface_landmark.arcsoft.so:libFacialStickerEngine.arcsoft.so:libveengine.arcsoft.so:liblow_light_hdr.arcsoft.so:libhigh_dynamic_range.arcsoft.so:libFacialAttributeDetection.arcsoft.so:libBeauty_v4.camera.samsung.so:libexifa.camera.samsung.so:libjpega.camera.samsung.so:libOpenCv.camera.samsung.so:libImageScreener.camera.samsung.so:libMyFilter.camera.samsung.so:libtensorflowLite.myfilter.camera.samsung.so:libtensorflowlite_inference_api.myfilter.camera.samsung.so:libEventFinder.camera.samsung.so:libHIDTSnapJNI.camera.samsung.so:libSmartScan.camera.samsung.so:libRectify.camera.samsung.so:libDocRectifyWrapper.camera.samsung.so:libUltraWideDistortionCorrection.camera.samsung.so:libHpr_RecGAE_cvFeature_v1.0.camera.samsung.so:libHprFace_GAE_api.camera.samsung.so:libFace_Landmark_API.camera.samsung.so:libHprFace_GAE_jni.camera.samsung.so:libFacialBasedSelfieCorrec
04-27 20:25:15.727 22494  1591 I Search.LoginHelperImpl: (REDACTED) Successfully received auth token for scope: %s in time %d ms
04-27 20:25:15.730 22494 22765 I A       : (REDACTED) Starting batch sync for corpora: %s
04-27 20:25:15.759 22494  1406 W A       : (REDACTED) Locale %s is not compatible, please check manifest exists
04-27 20:25:15.762  1597  1597 W ziparchive: Unable to open '/data/app/~~XJqYlT6Y-uQqdpAGpr9yzQ==/com.yandex.browser-JXPJ6D9wyZiSwpdzKB4Neg==/split_config.en.dm': No such file or directory
04-27 20:25:15.762  1597  1597 W ziparchive: Unable to open '/data/app/~~XJqYlT6Y-uQqdpAGpr9yzQ==/com.yandex.browser-JXPJ6D9wyZiSwpdzKB4Neg==/split_config.en.dm': No such file or directory
04-27 20:25:15.765  1597  1597 W ileged_process2: Entry not found
04-27 20:25:15.769  1597  1597 W ziparchive: Unable to open '/data/app/~~XJqYlT6Y-uQqdpAGpr9yzQ==/com.yandex.browser-JXPJ6D9wyZiSwpdzKB4Neg==/split_config.ru.dm': No such file or directory
04-27 20:25:15.769  1597  1597 W ziparchive: Unable to open '/data/app/~~XJqYlT6Y-uQqdpAGpr9yzQ==/com.yandex.browser-JXPJ6D9wyZiSwpdzKB4Neg==/split_config.ru.dm': No such file or directory
04-27 20:25:15.773  1597  1597 W ileged_process2: Entry not found
04-27 20:25:15.776  1597  1597 W ziparchive: Unable to open '/data/app/~~XJqYlT6Y-uQqdpAGpr9yzQ==/com.yandex.browser-JXPJ6D9wyZiSwpdzKB4Neg==/split_config.xxhdpi.dm': No such file or directory
04-27 20:25:15.776  1597  1597 W ziparchive: Unable to open '/data/app/~~XJqYlT6Y-uQqdpAGpr9yzQ==/com.yandex.browser-JXPJ6D9wyZiSwpdzKB4Neg==/split_config.xxhdpi.dm': No such file or directory
04-27 20:25:15.784  1597  1597 W ileged_process2: Entry not found
04-27 20:25:15.789  1597  1597 D nativeloader: Configuring classloader-namespace for other apk /data/app/~~XJqYlT6Y-uQqdpAGpr9yzQ==/com.yandex.browser-JXPJ6D9wyZiSwpdzKB4Neg==/base.apk:/data/app/~~XJqYlT6Y-uQqdpAGpr9yzQ==/com.yandex.browser-JXPJ6D9wyZiSwpdzKB4Neg==/split_config.en.apk:/data/app/~~XJqYlT6Y-uQqdpAGpr9yzQ==/com.yandex.browser-JXPJ6D9wyZiSwpdzKB4Neg==/split_config.ru.apk:/data/app/~~XJqYlT6Y-uQqdpAGpr9yzQ==/com.yandex.browser-JXPJ6D9wyZiSwpdzKB4Neg==/split_config.xxhdpi.apk. target_sdk_version=33, uses_libraries=, library_path=/data/app/~~XJqYlT6Y-uQqdpAGpr9yzQ==/com.yandex.browser-JXPJ6D9wyZiSwpdzKB4Neg==/lib/arm64:/data/app/~~XJqYlT6Y-uQqdpAGpr9yzQ==/com.yandex.browser-JXPJ6D9wyZiSwpdzKB4Neg==/base.apk!/lib/arm64-v8a:/data/app/~~XJqYlT6Y-uQqdpAGpr9yzQ==/com.yandex.browser-JXPJ6D9wyZiSwpdzKB4Neg==/split_config.en.apk!/lib/arm64-v8a:/data/app/~~XJqYlT6Y-uQqdpAGpr9yzQ==/com.yandex.browser-JXPJ6D9wyZiSwpdzKB4Neg==/split_config.ru.apk!/lib/arm64-v8a:/data/app/~~XJqYlT6Y-uQqdpAGpr9yzQ==/com.yandex.browser-JXPJ6D9wyZiSwpdzKB4Neg==/split_config.xx
04-27 20:25:15.803  1597  1597 W ileged_process2: JIT profile information will not be recorded: profile file does not exist.
04-27 20:25:15.803  1597  1597 W ileged_process2: JIT profile information will not be recorded: profile file does not exist.
04-27 20:25:15.804  1597  1597 W ileged_process2: JIT profile information will not be recorded: profile file does not exist.
04-27 20:25:15.820 22494 22765 I A       : #getInstalledPackages
04-27 20:25:15.821 22494 22909 I A       : #getInstalledPackages
04-27 20:25:15.821 22494 22910 I A       : #getInstalledPackages
04-27 20:25:15.854  1597  1597 V GraphicsEnvironment: ANGLE Developer option for 'com.yandex.browser' set to: 'default'
04-27 20:25:15.855  1597  1597 V GraphicsEnvironment: ANGLE GameManagerService for com.yandex.browser: false
04-27 20:25:15.856  1597  1597 V GraphicsEnvironment: Neither updatable production driver nor prerelease driver is supported.
04-27 20:25:15.861 22494 22657 W A       : (REDACTED) Corpus: %s is disabled
04-27 20:25:15.864 22494  1411 I A       : getLocaleToModelSpecsMap
04-27 20:25:15.864 22494  1411 I A       : getLocaleToModelSpecsMap
04-27 20:25:15.865 22494  1411 I A       : getLocaleToModelSpecsMap
04-27 20:25:15.869 22494  1432 I A       : getLocaleToModelSpecsMap
04-27 20:25:15.874  1597  1597 D NetworkSecurityConfig: Using Network Security Config from resource network_security_config debugBuild: false
04-27 20:25:15.897 22494  1432 I A       : getLocaleToModelSpecsMap
04-27 20:25:15.897 22494  1432 I A       : getLocaleToModelSpecsMap
04-27 20:25:15.900 22494  1432 I A       : getLocaleToModelSpecsMap
04-27 20:25:15.900 22494  1432 I A       : Proto config empty. Exit merge.
04-27 20:25:15.903  1597  1597 D NetworkSecurityConfig: Using Network Security Config from resource network_security_config debugBuild: false
04-27 20:25:15.913 22494  1411 I A       : getLocaleToModelSpecsMap
04-27 20:25:15.913 22494  1411 I A       : Proto config empty. Exit merge.
04-27 20:25:15.915 22494 22765 I SheldonFTFilePpltr: Attempt to add empty FileGroup completed.
04-27 20:25:15.915 22494 22765 I A       : (REDACTED) Starting batch sync for corpora: %s
04-27 20:25:15.931 22494  1406 I A       : getLocaleToModelSpecsMap
04-27 20:25:15.931 22494 22904 I A       : (REDACTED) Starting batch sync for corpora: %s
04-27 20:25:15.932 22494  1406 I A       : getLocaleToModelSpecsMap
04-27 20:25:15.942 22494  1406 I A       : getLocaleToModelSpecsMap
04-27 20:25:16.059  1376  1376 I chromium: [INFO:primary_account_manager.cc(447)] Removed account from account tracker service: 550871220
04-27 20:25:16.062  1376  1376 I chromium: [INFO:primary_account_manager.cc(447)] Removed account from account tracker service: 872830285
04-27 20:25:16.104 22494 22790 I SheldonFTFilePpltr: Attempt to add empty FileGroup completed.
04-27 20:25:16.149 22494  1411 I HotwordModelPopulator: (REDACTED) #updateHotwordFileGroup group name: %s, raw locale: %s, locale: %s
04-27 20:25:16.160 22494  1432 I HotwordModelPopulator: (REDACTED) #updateHotwordFileGroup group name: %s, raw locale: %s, locale: %s
04-27 20:25:16.268  1597  1597 I cr_ChildProcessService: Creating new ChildProcessService pid=1597
04-27 20:25:16.272 22494  1406 I A       : getLocaleToModelSpecsMap
04-27 20:25:16.344 22494  1411 I A       : getLocaleToModelSpecsMap
04-27 20:25:16.398  1597  1629 I cr_LibraryLoader: Loading yandexbrowser from within /data/app/~~XJqYlT6Y-uQqdpAGpr9yzQ==/com.yandex.browser-JXPJ6D9wyZiSwpdzKB4Neg==/base.apk
04-27 20:25:16.398  1597  1629 I cr_Linker: loadLibraryImplLocked: yandexbrowser, relroMode=2
04-27 20:25:16.458 22494  1406 I A       : Proto config empty. Exit merge.
04-27 20:25:16.467 22494 22657 I DPContextParams: Building Device Properties.
04-27 20:25:16.471 22494  1432 I A       : getLocaleToModelSpecsMap
04-27 20:25:16.471 22494 22658 I DPContextParams: Building Device Properties.
04-27 20:25:16.471 22494  1406 I HotwordModelPopulator: (REDACTED) #updateHotwordFileGroup group name: %s, raw locale: %s, locale: %s
04-27 20:25:16.472 22494 22656 I DPContextParams: Building Device Properties.
04-27 20:25:16.511 22494  1411 I A       : getLocaleToModelSpecsMap
04-27 20:25:16.511 22494  1411 I A       : Proto config empty. Exit merge.
04-27 20:25:16.512 22494  1411 I HotwordModelPopulator: (REDACTED) #updateHotwordFileGroup group name: %s, raw locale: %s, locale: %s
04-27 20:25:16.529  1597  1629 I cr_LibraryLoader: Successfully loaded native library
04-27 20:25:16.531  1597  1629 I cr_CachingUmaRecorder: Flushed 13 samples from 13 histograms.
04-27 20:25:16.606 22494  1432 I A       : getLocaleToModelSpecsMap
04-27 20:25:16.650 22494  1432 I A       : Proto config empty. Exit merge.
04-27 20:25:16.651 22494  1432 I HotwordModelPopulator: (REDACTED) #updateHotwordFileGroup group name: %s, raw locale: %s, locale: %s
04-27 20:25:16.726 22494  1406 I A       : getLocaleToModelSpecsMap
04-27 20:25:16.750 22494  1406 I A       : getLocaleToModelSpecsMap
04-27 20:25:16.751 22494  1406 I A       : Proto config empty. Exit merge.
04-27 20:25:16.752 22494  1406 I HotwordModelPopulator: (REDACTED) #updateHotwordFileGroup group name: %s, raw locale: %s, locale: %s
04-27 20:25:16.854 22494  1432 I A       : getLocaleToModelSpecsMap
04-27 20:25:16.855 22494  1432 I A       : Proto config empty. Exit merge.
04-27 20:25:16.856 22494  1432 I HotwordModelPopulator: (REDACTED) #updateHotwordFileGroup group name: %s, raw locale: %s, locale: %s
04-27 20:25:16.861 22494  1411 I A       : getLocaleToModelSpecsMap
04-27 20:25:16.862 22494  1411 I A       : Proto config empty. Exit merge.
04-27 20:25:16.862 22494  1411 I HotwordModelPopulator: (REDACTED) #updateHotwordFileGroup group name: %s, raw locale: %s, locale: %s
04-27 20:25:16.873 22494 22790 I A       : (REDACTED) Starting batch sync for corpora: %s
04-27 20:25:16.874 22494 22904 I A       : (REDACTED) Starting batch sync for corpora: %s
04-27 20:25:16.888 22494  1406 I A       : getLocaleToModelSpecsMap
04-27 20:25:16.888 22494  1406 I A       : Proto config empty. Exit merge.
04-27 20:25:16.889 22494  1406 I HotwordModelPopulator: (REDACTED) #updateHotwordFileGroup group name: %s, raw locale: %s, locale: %s
04-27 20:25:17.004  1376  1376 W chromium: [WARNING:collections_blacklist_service.cc(115)] Config collections_blacklist ignored: blacklist_video_url_patterns key not found.
04-27 20:25:17.023  1376  1376 W chromium: [WARNING:collections_blacklist_service.cc(115)] Config collections_blacklist ignored: whitelist_video_url_patterns key not found.
04-27 20:25:17.023  1376  1376 W chromium: [WARNING:collections_blacklist_service.cc(184)] Config collections_blacklist ignored: blacklist_image_urls key not found.
04-27 20:25:17.305  1515  1593 D CompatibilityChangeReporter: Compat change id reported: 194532703; UID 10271; state: ENABLED
04-27 20:25:17.319  5429  7446 I WifiService: startScan uid=10271
04-27 20:25:17.328  5429  7446 W WifiService: Permission violation - startScan not allowed for uid=10271, packageName=com.yandex.browser, reason=java.lang.SecurityException: UID 10271 has no location permission
04-27 20:25:17.340  5429  7446 W WifiService: Permission violation - getScanResults not allowed for uid=10271, packageName=com.yandex.browser, reason=java.lang.SecurityException: UID 10271 has no location permission
04-27 20:25:17.351  1376  1376 D ConnectivityManager: StackLog: [android.net.ConnectivityManager.sendRequestForNetwork(ConnectivityManager.java:4191)] [android.net.ConnectivityManager.registerDefaultNetworkCallbackForUid(ConnectivityManager.java:4755)] [android.net.ConnectivityManager.registerDefaultNetworkCallback(ConnectivityManager.java:4722)] [cf1.a(Unknown Source:0)] [lf1.k(Unknown Source:0)] [org.chromium.net.NetworkChangeNotifierAutoDetect$RegistrationPolicy.d(SourceFile:43)] [org.chromium.net.c.c(SourceFile:3)] [org.chromium.net.NetworkChangeNotifierAutoDetect.<init>(SourceFile:105)] [org.chromium.content.browser.BackgroundSyncNetworkObserver.createObserver(SourceFile:61)]
04-27 20:25:17.354  5429  7446 D ConnectivityService: requestNetwork for uid/pid:10271/1376 activeRequest: null callbackRequest: 3926 [NetworkRequest [ REQUEST id=3927, [ Capabilities: INTERNET&NOT_RESTRICTED&TRUSTED&NOT_VCN_MANAGED Uid: 10271 RequestorUid: 10271 RequestorPkg: com.yandex.browser UnderlyingNetworks: Null] ]] callback flags: 0 order: 2147483647
04-27 20:25:17.356  5429  5665 D ConnectivityService:    accepting network in place of null
04-27 20:25:17.359  5429  5655 D WifiNetworkFactory: got request NetworkRequest [ REQUEST id=3927, [ Capabilities: INTERNET&NOT_RESTRICTED&TRUSTED&NOT_VCN_MANAGED Uid: 10271 RequestorUid: 10271 RequestorPkg: com.yandex.browser UnderlyingNetworks: Null] ]
04-27 20:25:17.360  5429  5655 D UntrustedWifiNetworkFactory: got request NetworkRequest [ REQUEST id=3927, [ Capabilities: INTERNET&NOT_RESTRICTED&TRUSTED&NOT_VCN_MANAGED Uid: 10271 RequestorUid: 10271 RequestorPkg: com.yandex.browser UnderlyingNetworks: Null] ]
04-27 20:25:17.360  5429  5655 D OemPaidWifiNetworkFactory: got request NetworkRequest [ REQUEST id=3927, [ Capabilities: INTERNET&NOT_RESTRICTED&TRUSTED&NOT_VCN_MANAGED Uid: 10271 RequestorUid: 10271 RequestorPkg: com.yandex.browser UnderlyingNetworks: Null] ]
04-27 20:25:17.360  5429  5665 D ConnectivityService: Rematched networks [computed 0ms] [applied 1ms] [issued 3]
04-27 20:25:17.360  5429  5665 D ConnectivityService: NetworkReassignment :
04-27 20:25:17.360  5429  5665 D ConnectivityService:   3927 : null  108
04-27 20:25:17.360  5429  5655 D MultiInternetWifiNetworkFactory: got request NetworkRequest [ REQUEST id=3927, [ Capabilities: INTERNET&NOT_RESTRICTED&TRUSTED&NOT_VCN_MANAGED Uid: 10271 RequestorUid: 10271 RequestorPkg: com.yandex.browser UnderlyingNetworks: Null] ]
04-27 20:25:17.362  1376  1376 D ConnectivityManager: StackLog: [android.net.ConnectivityManager.sendRequestForNetwork(ConnectivityManager.java:4191)] [android.net.ConnectivityManager.sendRequestForNetwork(ConnectivityManager.java:4233)] [android.net.ConnectivityManager.registerNetworkCallback(ConnectivityManager.java:4615)] [ef1.a(Unknown Source:0)] [lf1.l(Unknown Source:0)] [org.chromium.net.NetworkChangeNotifierAutoDetect$RegistrationPolicy.d(SourceFile:125)] [org.chromium.net.c.c(SourceFile:3)] [org.chromium.net.NetworkChangeNotifierAutoDetect.<init>(SourceFile:105)] [org.chromium.content.browser.BackgroundSyncNetworkObserver.createObserver(SourceFile:61)]
04-27 20:25:17.369  5429  5665 D ConnectivityService: Rematched networks [computed 0ms] [applied 0ms] [issued 3]
04-27 20:25:17.369  5429  5665 D ConnectivityService: NetworkReassignment : no changes
04-27 20:25:17.374  5878  5878 D SecPowerUI.Notification: showChargingNotice oldChargingType : 11 / currentChargingType : 11, oldChargingTime : 2534000 / mChargingTime : 2534000
04-27 20:25:17.375  5878  5878 D SecPowerUI.Notification: There is no change about charging status, so return!
04-27 20:25:17.447  1597  1629 D vulkan  : searching for layers in '/data/app/~~XJqYlT6Y-uQqdpAGpr9yzQ==/com.yandex.browser-JXPJ6D9wyZiSwpdzKB4Neg==/lib/arm64'
04-27 20:25:17.476  1597  1629 D vulkan  : searching for layers in '/data/app/~~XJqYlT6Y-uQqdpAGpr9yzQ==/com.yandex.browser-JXPJ6D9wyZiSwpdzKB4Neg==/base.apk!/lib/arm64-v8a'
04-27 20:25:17.487  5429  5751 D NetdEventListenerService: DNS Requested by : 108, 10271
04-27 20:25:17.492  1597  1629 D vulkan  : searching for layers in '/data/app/~~XJqYlT6Y-uQqdpAGpr9yzQ==/com.yandex.browser-JXPJ6D9wyZiSwpdzKB4Neg==/split_config.en.apk!/lib/arm64-v8a'
04-27 20:25:17.493  1597  1629 D vulkan  : searching for layers in '/data/app/~~XJqYlT6Y-uQqdpAGpr9yzQ==/com.yandex.browser-JXPJ6D9wyZiSwpdzKB4Neg==/split_config.ru.apk!/lib/arm64-v8a'
04-27 20:25:17.494  1597  1629 D vulkan  : searching for layers in '/data/app/~~XJqYlT6Y-uQqdpAGpr9yzQ==/com.yandex.browser-JXPJ6D9wyZiSwpdzKB4Neg==/split_config.xxhdpi.apk!/lib/arm64-v8a'
04-27 20:25:17.636  5429  7411 D SemWifiUsabilityStatsMonitor: onWifiUsabilityStats - seqNum 3978, isSameBssidAndFreq true
04-27 20:25:17.639  5429  5717 I SemWifiLinkQualityMonitor: Link Qos Query: 0.131 ms / 61.200 Mbps (72 / 0.000 / 1.176)
04-27 20:25:17.692 22494  1594 I A       : (REDACTED) Writing data for these Geller corpora: %s
04-27 20:25:17.731 22494 22514 W earchbox:search: Suspending all threads took: 33.625ms
04-27 20:25:17.731  1434  1445 W System  : A resource failed to call close.
04-27 20:25:17.732  1434  1445 W System  : A resource failed to call close.
04-27 20:25:17.748  1515  1528 W rowser:passport: Long monitor contention with owner Thread-2 (1589) at pn mn.a()(SourceFile:13) waiters=0 in pn mn.a() for 156ms
04-27 20:25:17.834  5787  5951 I LocationAccessPolicy: com.yandex.browser is aware of fine but the app-ops permission is specifically denied.
04-27 20:25:17.834  5787  5951 I LocationAccessPolicy: checkLocationPermission - callingUid: 10271, callingPid: 1376, resultForFine: DENIED_SOFT
04-27 20:25:17.842  5787  5951 I LocationAccessPolicy: com.yandex.browser is aware of fine but the app-ops permission is specifically denied.
04-27 20:25:17.842  5787  5951 I LocationAccessPolicy: checkLocationPermission - callingUid: 10271, callingPid: 1376, resultForFine: DENIED_SOFT
04-27 20:25:17.984 22494 22656 I DPContextParams: Building Device Properties.
04-27 20:25:18.019 22494  1594 I A       : (REDACTED) Writing metadata key: %s, corpus: %s
04-27 20:25:18.084  5429  6255 V AS.AudioDeviceBroker: requestedCommunicationDevice, device: null mode owner pid: 0
04-27 20:25:18.085  5429  6255 V AS.AudioDeviceBroker: requestedCommunicationDevice, device: null mode owner pid: 0
04-27 20:25:18.095  5429  6255 V AS.AudioDeviceBroker: requestedCommunicationDevice, device: null mode owner pid: 0
04-27 20:25:18.111  5429  7446 V AS.AudioDeviceBroker: requestedCommunicationDevice, device: null mode owner pid: 0
04-27 20:25:18.179  1515  1589 W rowser:passport: Long monitor contention with owner binder:1515_2 (1528) at pn mn.a()(SourceFile:13) waiters=0 in pn mn.a() for 320ms
04-27 20:25:18.247  5429  6255 V AS.AudioDeviceBroker: requestedCommunicationDevice, device: null mode owner pid: 0
04-27 20:25:18.287  5429  7446 V AS.AudioDeviceBroker: requestedCommunicationDevice, device: null mode owner pid: 0
04-27 20:25:18.291 22494  1594 I A       : (REDACTED) Writing metadata key: %s, corpus: %s
04-27 20:25:18.386 22494  1594 I A       : (REDACTED) Writing metadata key: %s, corpus: %s
04-27 20:25:18.574  5429  6255 V AS.AudioDeviceBroker: requestedCommunicationDevice, device: null mode owner pid: 0
04-27 20:25:18.576  5429  6255 V AS.AudioDeviceBroker: requestedCommunicationDevice, device: null mode owner pid: 0
04-27 20:25:18.671 22494  1594 I A       : (REDACTED) Writing data for these Geller corpora: %s
04-27 20:25:18.994  1376  1690 D ProfileInstaller: Skipping profile installation for com.yandex.browser
04-27 20:25:19.035  4924  4924 D Zygote  : Forked child process 1693
04-27 20:25:19.097  1693  1693 I gle.android.tts: Using CollectorTypeCC GC.
04-27 20:25:19.106  1693  1693 E gle.android.tts: Not starting debugger since process cannot load the jdwp agent.
04-27 20:25:19.116  1693  1693 W libc    : Access denied finding property "sys.perf.boostopt"
04-27 20:25:19.116  4899  4899 E audit   : type=1400 audit(1682619919.111:17906): avc:  denied  { read } for  pid=1693 comm="gle.android.tts" name="u:object_r:perf_prop:s0" dev="tmpfs" ino=21617 scontext=u:r:untrusted_app:s0:c236,c256,c512,c768 tcontext=u:object_r:perf_prop:s0 tclass=file permissive=0 SEPF_SM-A515F_13_0001 audit_filtered
04-27 20:25:19.116  4899  4899 E audit   : type=1300 audit(1682619919.111:17906): arch=c00000b7 syscall=56 success=no exit=-13 a0=ffffff9c a1=7fcb563ba8 a2=88000 a3=0 items=0 ppid=4924 pid=1693 auid=4294967295 uid=10236 gid=10236 euid=10236 suid=10236 fsuid=10236 egid=10236 sgid=10236 fsgid=10236 tty=(none) ses=4294967295 comm="gle.android.tts" exe="/system/bin/app_process64" subj=u:r:untrusted_app:s0:c236,c256,c512,c768 key=(null)
04-27 20:25:19.116  4899  4899 E audit   : type=1327 audit(1682619919.111:17906): proctitle="zygote64"
04-27 20:25:19.117  1693  1712 W libc    : Access denied finding property "sys.perf.boostopt"
04-27 20:25:19.117  4899  4899 E audit   : type=1400 audit(1682619919.111:17907): avc:  denied  { read } for  pid=1693 comm="binder:1693_1" name="u:object_r:perf_prop:s0" dev="tmpfs" ino=21617 scontext=u:r:untrusted_app:s0:c236,c256,c512,c768 tcontext=u:object_r:perf_prop:s0 tclass=file permissive=0 SEPF_SM-A515F_13_0001 audit_filtered
04-27 20:25:19.118  1693  1693 D ActivityThread: setConscryptValidator
04-27 20:25:19.119  1693  1693 D ActivityThread: setConscryptValidator - put
04-27 20:25:19.128  5429  5751 D NetdEventListenerService: DNS Requested by : 108, 10271
04-27 20:25:19.163  1693  1713 W libc    : Access denied finding property "sys.perf.boostopt"
04-27 20:25:19.164  1693  1693 D CompatibilityChangeReporter: Compat change id reported: 171979766; UID 10236; state: ENABLED
04-27 20:25:19.196  1693  1693 D nativeloader: Configuring classloader-namespace for other apk /data/app/~~nz4qwQXKVm4uXWvmN45nPw==/com.google.android.tts-i57CL5Fe_z-XIXS-UlqTLQ==/base.apk. target_sdk_version=34, uses_libraries=, library_path=/data/app/~~nz4qwQXKVm4uXWvmN45nPw==/com.google.android.tts-i57CL5Fe_z-XIXS-UlqTLQ==/lib/arm64:/data/app/~~nz4qwQXKVm4uXWvmN45nPw==/com.google.android.tts-i57CL5Fe_z-XIXS-UlqTLQ==/base.apk!/lib/arm64-v8a, permitted_path=/data:/mnt/expand:/data/user/0/com.google.android.tts
04-27 20:25:19.229  1693  1693 V GraphicsEnvironment: ANGLE Developer option for 'com.google.android.tts' set to: 'default'
04-27 20:25:19.229  1693  1693 V GraphicsEnvironment: ANGLE GameManagerService for com.google.android.tts: false
04-27 20:25:19.229  1693  1693 V GraphicsEnvironment: Neither updatable production driver nor prerelease driver is supported.
04-27 20:25:19.235  1693  1693 D NetworkSecurityConfig: No Network Security Config specified, using platform default
04-27 20:25:19.238  1693  1693 D NetworkSecurityConfig: No Network Security Config specified, using platform default
04-27 20:25:19.246  1515  1527 W libc    : Access denied finding property "sys.perf.boostopt"
04-27 20:25:19.259  1693  1693 I MultiDex: VM with version 2.1.0 has multidex support
04-27 20:25:19.259  1693  1693 I MultiDex: Installing application
04-27 20:25:19.259  1693  1693 I MultiDex: VM has multidex support, MultiDex support library is disabled.
04-27 20:25:19.259  1693  1693 I MultiDex: Installing application
04-27 20:25:19.259  1693  1693 I MultiDex: VM has multidex support, MultiDex support library is disabled.
04-27 20:25:19.285  1515  1718 W libc    : Access denied finding property "sys.perf.boostopt"
04-27 20:25:19.372  1693  1693 I eyr     : SslGuard completed installation.
04-27 20:25:19.408  1693  1724 W gle.android.tts: Accessing hidden field Ljava/util/Collections$SynchronizedCollection;->mutex:Ljava/lang/Object; (max-target-o, reflection, denied)
04-27 20:25:19.409  1693  1724 W gle.android.tts: Accessing hidden method Ljava/util/Collections$SynchronizedSet;-><init>(Ljava/util/Set;Ljava/lang/Object;)V (max-target-o, reflection, denied)
04-27 20:25:19.409  1693  1724 W gle.android.tts: Accessing hidden method Ljava/util/Collections$SynchronizedCollection;-><init>(Ljava/util/Collection;Ljava/lang/Object;)V (max-target-o, reflection, denied)
04-27 20:25:19.411  1693  1693 I Analytics: Running on TYPE_PHONE
04-27 20:25:19.416  1515  1581 W rowser:passport: Long monitor contention with owner binder:1515_2 (1528) at pn mn.a()(SourceFile:13) waiters=0 in pn mn.a() for 305ms
04-27 20:25:19.464  1693  1693 D CompatibilityChangeReporter: Compat change id reported: 183155436; UID 10236; state: ENABLED
04-27 20:25:19.491  1693  1729 I VoiceDataDownloader: Not already initialized. Initializing Superpacks.
