04-24 04:51:58.853 21331 21358 I TestRunner: started: baselineFloat(org.jetbrains.android_benchmark.Wolf3dBenchmark)
04-24 04:51:58.855 21331 21331 I MonitoringInstr: Activities that are still in CREATED to STOPPED: 1
04-24 04:51:58.856 21331 21331 I MonitoringInstr: Finishing activity: androidx.benchmark.IsolationActivity@c388c9b
04-24 04:51:58.862 21331 21358 I GrantPermissionCallable: Permission: android.permission.WRITE_EXTERNAL_STORAGE is already granted!
04-24 04:51:58.863 21331 21358 I GrantPermissionCallable: Permission: android.permission.READ_EXTERNAL_STORAGE is already granted!
04-24 04:51:58.863 21331 21358 D Benchmark: -- Running org.jetbrains.android_benchmark.Wolf3dBenchmark#baselineFloat --
04-24 04:51:58.863 21331 21358 D PerfettoCapture: Supported ABIs: arm64-v8a, armeabi-v7a, armeabi
04-24 04:51:58.863 21331 21358 D PerfettoCapture: Recording perfetto trace
04-24 04:51:58.876  5635  5714 W libprocessgroup: Failed to open /dev/blkio//cgroup.procs: No such file or directory
04-24 04:51:58.898 21600 32297 I NetworkScheduler.Stats: Task com.google.android.gms/com.google.android.gms.ipa.base.IpaGcmTaskService started execution. cause:9 exec_start_elapsed_seconds: 156701 [CONTEXT service_id=218 ]
04-24 04:51:58.912 21331 21358 I PerfettoCapture: Cleanup perfetto before starting.
04-24 04:51:58.919 21600 31592 I NetworkScheduler.Stats: Task com.google.android.gms/com.google.android.gms.ipa.base.IpaGcmTaskService finished executing. cause:9 result: 1 elapsed_millis: 57 uptime_millis: 57 exec_start_elapsed_seconds: 156701 [CONTEXT service_id=218 ]
04-24 04:51:59.130 21331 21358 I PerfettoCapture: Perfetto output file cleanup -
04-24 04:51:59.130 21331 21358 I PerfettoCapture: Starting perfetto tracing with cmd: cat /storage/emulated/0/Android/data/org.jetbrains.android_benchmark.test/cache/trace_config.pb | perfetto --background -c - -o /data/misc/perfetto-traces/trace_output.pb
04-24 04:51:59.311   679   679 I perfetto:    perfetto_cmd.cc:1001 Connected to the Perfetto traced service, starting tracing
04-24 04:51:59.313  5413  5413 I perfetto: ing_service_impl.cc:953 Configured tracing session 90, #sources:4, duration:0 ms, #buffers:2, total buffer size:36864 KB, total sessions:1, uid:2000 session name: ""
04-24 04:51:59.314  5403  5403 I perfetto:  probes_producer.cc:139 Ftrace setup (target_buf=179)
04-24 04:51:59.350 21331 21358 I PerfettoCapture: Perfetto output - 679
04-24 04:51:59.350 21331 21358 I PerfettoCapture: EXITCODE=0
04-24 04:51:59.359  5635  5714 W libprocessgroup: Failed to open /dev/blkio//cgroup.procs: No such file or directory
04-24 04:51:59.379  4388  4388 I hwservicemanager: getTransport: Cannot find entry android.hardware.atrace@1.0::IAtraceDevice/default in either framework or device VINTF manifest.
04-24 04:51:59.389 13505 13505 I SCS@AiSearch user 0: (ObserverWorker::AOSP_MP) [main] entering in startWork():
04-24 04:51:59.390 13505 13505 I SCS@AiSearch user 0: (BaseCollector::AOSP_MP) [main] entering in onChange():
04-24 04:51:59.391 13505 13578 I SCS@AiSearch user 0: (BaseCollector::AOSP_MP) [AOSP_MP-0] entering in collectChanges():
04-24 04:51:59.405  5635  8927 D PackageManager: setEnabledSetting : userId = 0 packageName = com.samsung.android.scs cmp = androidx.work.impl.background.systemalarm.RescheduleReceiver newState = 1 callingPackage = 10380/com.samsung.android.scs
04-24 04:51:59.412  5403  5403 I perfetto:    ftrace_procfs.cc:335 enabled ftrace in /sys/kernel/tracing/
04-24 04:51:59.412  5635  8927 D ApplicationPolicy: getApplicationStateEnabled : pkg = com.samsung.android.scs userId : 0
04-24 04:51:59.414  5635  8927 D ApplicationPolicy: getApplicationComponentState : pkg = com.samsung.android.scs userId : 0
04-24 04:51:59.493 21331 21358 I PerfettoCapture: Perfetto tracing started successfully with pid 679.
04-24 04:51:59.506 13505 13578 I SCS@AiSearch user 0: (BaseCollector::AOSP_MP) fetchInternal values : maxSyncId: 1000007967 indexCount: 1702 sourceCount: 1702
04-24 04:51:59.616 21331 21358 I PerfettoCapture: /sys/kernel/tracing/tracing_on = 1, polled 0 times, capture fully started
04-24 04:51:59.618 21331 21358 D Benchmark: Set 21358 (Bench thread) to priority -20. Was -8, now -20
04-24 04:51:59.618 21331 21358 D Benchmark: Set 21342 (Jit) to priority -15. Was 9, now -15
04-24 04:51:59.626 13505 13578 I SCS@AiSearch user 0: (IndexManager) [AOSP_MP-0] entering in addIndex():
04-24 04:51:59.632 13505 13578 I SCS@AiSearch user 0: (BaseCollector::AOSP_MP) fetch: fetching took  166 ms
04-24 04:51:59.633 13505 13578 I SCS@AiSearch user 0: (BaseCollector::AOSP_MP) fetchChanges: applied 0 items
04-24 04:51:59.633 13505 13578 I SCS@AiSearch user 0: (BaseCollector::AOSP_MP) Collect finished. Result: true
04-24 04:51:59.636 13505 13563 I WM-WorkerWrapper: Worker result SUCCESS for Work [ id=afb32637-1e17-419e-87d5-99778212dcc6, tags={ com.sec.android.app.myfiles, com.samsung.android.scs.ai.search.data.collector.ObserverWorker } ]
04-24 04:51:59.638 13505 13578 I SCS@AiSearch user 0: (BaseCollector::AOSP_MP) enqueue ObserverWorker name: com.sec.android.app.myfiles, policy: APPEND_OR_REPLACE
04-24 04:51:59.657 21331 21358 I _benchmark.test: Explicit concurrent copying GC freed 12404(878KB) AllocSpace objects, 1(20KB) LOS objects, 67% free, 2967KB/9111KB, paused 348us,140us total 38.367ms
04-24 04:51:59.727  5635  8927 D PackageManager: setEnabledSetting : userId = 0 packageName = com.samsung.android.scs cmp = androidx.work.impl.background.systemalarm.RescheduleReceiver newState = 1 callingPackage = 10380/com.samsung.android.scs
04-24 04:51:59.728  5635  8927 D ApplicationPolicy: getApplicationStateEnabled : pkg = com.samsung.android.scs userId : 0
04-24 04:51:59.730  5635  8927 D ApplicationPolicy: getApplicationComponentState : pkg = com.samsung.android.scs userId : 0
04-24 04:51:59.777 21331 21343 W _benchmark.test: Suspending all threads took: 5.236ms
04-24 04:51:59.788 21331 21343 I _benchmark.test: Background young concurrent copying GC freed 394081(6175KB) AllocSpace objects, 0(0B) LOS objects, 23% free, 6967KB/9111KB, paused 278us,5.512ms total 46.861ms
04-24 04:51:59.796  5241  5241 D Zygote  : Forked child process 701
04-24 04:51:59.854   701   701 I inkedin.android: Using CollectorTypeCC GC.
04-24 04:51:59.867   701   701 E inkedin.android: Not starting debugger since process cannot load the jdwp agent.
04-24 04:51:59.879   701   701 W libc    : Access denied finding property "sys.perf.boostopt"
04-24 04:51:59.879  5216  5216 E audit   : type=1400 audit(1682304719.875:57772): avc:  denied  { read } for  pid=701 comm="inkedin.android" name="u:object_r:perf_prop:s0" dev="tmpfs" ino=17922 scontext=u:r:untrusted_app:s0:c6,c256,c512,c768 tcontext=u:object_r:perf_prop:s0 tclass=file permissive=0 SEPF_SM-A515F_13_0001 audit_filtered
04-24 04:51:59.880  5216  5216 E audit   : type=1300 audit(1682304719.875:57772): arch=c00000b7 syscall=56 success=no exit=-13 a0=ffffff9c a1=7fd2cd8f88 a2=88000 a3=0 items=0 ppid=5241 pid=701 auid=4294967295 uid=10006 gid=10006 euid=10006 suid=10006 fsuid=10006 egid=10006 sgid=10006 fsgid=10006 tty=(none) ses=4294967295 comm="inkedin.android" exe="/system/bin/app_process64" subj=u:r:untrusted_app:s0:c6,c256,c512,c768 key=(null)
04-24 04:51:59.880  5216  5216 E audit   : type=1327 audit(1682304719.875:57772): proctitle="zygote64"
04-24 04:51:59.882   701   701 D ActivityThread: setConscryptValidator
04-24 04:51:59.882   701   701 D ActivityThread: setConscryptValidator - put
04-24 04:51:59.886   701   713 W libc    : Access denied finding property "sys.perf.boostopt"
04-24 04:51:59.887  5216  5216 E audit   : type=1400 audit(1682304719.883:57773): avc:  denied  { read } for  pid=701 comm="binder:701_1" name="u:object_r:perf_prop:s0" dev="tmpfs" ino=17922 scontext=u:r:untrusted_app:s0:c6,c256,c512,c768 tcontext=u:object_r:perf_prop:s0 tclass=file permissive=0 SEPF_SM-A515F_13_0001 audit_filtered
04-24 04:51:59.887  5216  5216 E audit   : type=1300 audit(1682304719.883:57773): arch=c00000b7 syscall=56 success=no exit=-13 a0=ffffff9c a1=709bdfb2f8 a2=88000 a3=0 items=0 ppid=5241 pid=701 auid=4294967295 uid=10006 gid=10006 euid=10006 suid=10006 fsuid=10006 egid=10006 sgid=10006 fsgid=10006 tty=(none) ses=4294967295 comm="binder:701_1" exe="/system/bin/app_process64" subj=u:r:untrusted_app:s0:c6,c256,c512,c768 key=(null)
04-24 04:51:59.887  5216  5216 E audit   : type=1327 audit(1682304719.883:57773): proctitle="<pre-initialized>"
04-24 04:51:59.907   701   713 W libc    : Access denied finding property "sys.perf.boostopt"
04-24 04:51:59.910   701   701 D CompatibilityChangeReporter: Compat change id reported: 171979766; UID 10006; state: ENABLED
04-24 04:51:59.943   701   701 D nativeloader: Configuring classloader-namespace for other apk /system/framework/org.apache.http.legacy.jar. target_sdk_version=33, uses_libraries=ALL, library_path=/data/app/~~TkGbZvmqmDkABeoH_ed6FA==/com.linkedin.android-8vW6YvjGWtnkbYuPV2jzjQ==/lib/arm64:/data/app/~~TkGbZvmqmDkABeoH_ed6FA==/com.linkedin.android-8vW6YvjGWtnkbYuPV2jzjQ==/base.apk!/lib/arm64-v8a:/data/app/~~TkGbZvmqmDkABeoH_ed6FA==/com.linkedin.android-8vW6YvjGWtnkbYuPV2jzjQ==/split_config.arm64_v8a.apk!/lib/arm64-v8a:/data/app/~~TkGbZvmqmDkABeoH_ed6FA==/com.linkedin.android-8vW6YvjGWtnkbYuPV2jzjQ==/split_config.en.apk!/lib/arm64-v8a:/data/app/~~TkGbZvmqmDkABeoH_ed6FA==/com.linkedin.android-8vW6YvjGWtnkbYuPV2jzjQ==/split_config.ru.apk!/lib/arm64-v8a:/data/app/~~TkGbZvmqmDkABeoH_ed6FA==/com.linkedin.android-8vW6YvjGWtnkbYuPV2jzjQ==/split_config.xxhdpi.apk!/lib/arm64-v8a, permitted_path=/data:/mnt/expand:/data/user/0/com.linkedin.android
04-24 04:51:59.943   701   701 D nativeloader: Extending system_exposed_libraries: libhumantracking.arcsoft.so:libPortraitDistortionCorrection.arcsoft.so:libPortraitDistortionCorrectionCali.arcsoft.so:libface_landmark.arcsoft.so:libFacialStickerEngine.arcsoft.so:libveengine.arcsoft.so:liblow_light_hdr.arcsoft.so:libhigh_dynamic_range.arcsoft.so:libFacialAttributeDetection.arcsoft.so:libBeauty_v4.camera.samsung.so:libexifa.camera.samsung.so:libjpega.camera.samsung.so:libOpenCv.camera.samsung.so:libImageScreener.camera.samsung.so:libMyFilter.camera.samsung.so:libtensorflowLite.myfilter.camera.samsung.so:libtensorflowlite_inference_api.myfilter.camera.samsung.so:libEventFinder.camera.samsung.so:libHIDTSnapJNI.camera.samsung.so:libSmartScan.camera.samsung.so:libRectify.camera.samsung.so:libDocRectifyWrapper.camera.samsung.so:libUltraWideDistortionCorrection.camera.samsung.so:libHpr_RecGAE_cvFeature_v1.0.camera.samsung.so:libHprFace_GAE_api.camera.samsung.so:libFace_Landmark_API.camera.samsung.so:libHprFace_GAE_jni.camera.samsung.so:libFacialBasedSelfieCorrec
04-24 04:51:59.986   701   701 W ziparchive: Unable to open '/data/app/~~TkGbZvmqmDkABeoH_ed6FA==/com.linkedin.android-8vW6YvjGWtnkbYuPV2jzjQ==/split_config.arm64_v8a.dm': No such file or directory
04-24 04:51:59.987   701   701 W ziparchive: Unable to open '/data/app/~~TkGbZvmqmDkABeoH_ed6FA==/com.linkedin.android-8vW6YvjGWtnkbYuPV2jzjQ==/split_config.arm64_v8a.dm': No such file or directory
04-24 04:51:59.989   701   701 W inkedin.android: Entry not found
04-24 04:51:59.991   701   701 W ziparchive: Unable to open '/data/app/~~TkGbZvmqmDkABeoH_ed6FA==/com.linkedin.android-8vW6YvjGWtnkbYuPV2jzjQ==/split_config.en.dm': No such file or directory
04-24 04:51:59.991   701   701 W ziparchive: Unable to open '/data/app/~~TkGbZvmqmDkABeoH_ed6FA==/com.linkedin.android-8vW6YvjGWtnkbYuPV2jzjQ==/split_config.en.dm': No such file or directory
04-24 04:51:59.993   701   701 W inkedin.android: Entry not found
04-24 04:51:59.994   701   701 W ziparchive: Unable to open '/data/app/~~TkGbZvmqmDkABeoH_ed6FA==/com.linkedin.android-8vW6YvjGWtnkbYuPV2jzjQ==/split_config.ru.dm': No such file or directory
04-24 04:51:59.994   701   701 W ziparchive: Unable to open '/data/app/~~TkGbZvmqmDkABeoH_ed6FA==/com.linkedin.android-8vW6YvjGWtnkbYuPV2jzjQ==/split_config.ru.dm': No such file or directory
04-24 04:51:59.997   701   701 W inkedin.android: Entry not found
04-24 04:51:59.998   701   701 W ziparchive: Unable to open '/data/app/~~TkGbZvmqmDkABeoH_ed6FA==/com.linkedin.android-8vW6YvjGWtnkbYuPV2jzjQ==/split_config.xxhdpi.dm': No such file or directory
04-24 04:51:59.998   701   701 W ziparchive: Unable to open '/data/app/~~TkGbZvmqmDkABeoH_ed6FA==/com.linkedin.android-8vW6YvjGWtnkbYuPV2jzjQ==/split_config.xxhdpi.dm': No such file or directory
04-24 04:52:00.004   701   701 W inkedin.android: Entry not found
04-24 04:52:00.004  6374  6951 D QSClockBellTower: onReceive(android.intent.action.TIME_TICK) mTimeZoneString:null
04-24 04:52:00.006   701   701 D nativeloader: Configuring classloader-namespace for other apk /data/app/~~TkGbZvmqmDkABeoH_ed6FA==/com.linkedin.android-8vW6YvjGWtnkbYuPV2jzjQ==/base.apk:/data/app/~~TkGbZvmqmDkABeoH_ed6FA==/com.linkedin.android-8vW6YvjGWtnkbYuPV2jzjQ==/split_config.arm64_v8a.apk:/data/app/~~TkGbZvmqmDkABeoH_ed6FA==/com.linkedin.android-8vW6YvjGWtnkbYuPV2jzjQ==/split_config.en.apk:/data/app/~~TkGbZvmqmDkABeoH_ed6FA==/com.linkedin.android-8vW6YvjGWtnkbYuPV2jzjQ==/split_config.ru.apk:/data/app/~~TkGbZvmqmDkABeoH_ed6FA==/com.linkedin.android-8vW6YvjGWtnkbYuPV2jzjQ==/split_config.xxhdpi.apk. target_sdk_version=33, uses_libraries=, library_path=/data/app/~~TkGbZvmqmDkABeoH_ed6FA==/com.linkedin.android-8vW6YvjGWtnkbYuPV2jzjQ==/lib/arm64:/data/app/~~TkGbZvmqmDkABeoH_ed6FA==/com.linkedin.android-8vW6YvjGWtnkbYuPV2jzjQ==/base.apk!/lib/arm64-v8a:/data/app/~~TkGbZvmqmDkABeoH_ed6FA==/com.linkedin.android-8vW6YvjGWtnkbYuPV2jzjQ==/split_config.arm64_v8a.apk!/lib/arm64-v8a:/data/app/~~TkGbZvmqmDkABeoH_ed6FA==/com.linkedin.android-8vW6YvjGWtnkbYuPV2jzjQ=
04-24 04:52:00.022   701   701 W inkedin.android: JIT profile information will not be recorded: profile file does not exist.
04-24 04:52:00.022   701   701 W inkedin.android: JIT profile information will not be recorded: profile file does not exist.
04-24 04:52:00.022   701   701 W inkedin.android: JIT profile information will not be recorded: profile file does not exist.
04-24 04:52:00.022   701   701 W inkedin.android: JIT profile information will not be recorded: profile file does not exist.
04-24 04:52:00.037  6374  6374 D KeyguardUpdateMonitor: received broadcast android.intent.action.TIME_TICK
04-24 04:52:00.041  6374  6374 D QSClockBellTower: He is ready to ring the bell. (((QSClockBellSound - TimeText:04:52, TimeContentDescription:04:52, DateText:Mon, 24 April, ShortDateText:Mon, 24 Apr, Demo:false, QuickStar-Second(false|12:34:56))))
04-24 04:52:00.042  6374  6374 D QSClockIndicatorView: Home Indicator status_bar_clock 04:52 notifyTimeChanged(QSClockBellSound - TimeText:04:52, TimeContentDescription:04:52, DateText:Mon, 24 April, ShortDateText:Mon, 24 Apr, Demo:false, QuickStar-Second(false|12:34:56)) ClockVisibleByPolicy:true, ClockVisibleByUser:true, visible?false, parent:android.widget.LinearLayout{6e1dff0 V.E...... ........ 0,0-0,55 #7f0b04f0 app:id/left_clock_container}
04-24 04:52:00.043  6374  6374 D QSClockBellTower: Everyone heard the bell. run(currentTime:1682304720037,   getTime():Mon Apr 24 04:52:00 GMT+02:00 2023,   getTimeZone():libcore.util.ZoneInfo[mDstSavings=3600000,mUseDst=true,mDelegate=[id="Europe/Belgrade",mRawOffset=3600000,mEarliestRawOffset=4920000,transitions=119]])
04-24 04:52:00.045  6374  6374 D KeyguardUpdateMonitor: handleTimeUpdate
04-24 04:52:00.047  6374  6374 D FaceWidgetPagesController: onTimeChanged()
04-24 04:52:00.062   701   701 V GraphicsEnvironment: ANGLE Developer option for 'com.linkedin.android' set to: 'default'
04-24 04:52:00.063   701   701 V GraphicsEnvironment: ANGLE GameManagerService for com.linkedin.android: false
04-24 04:52:00.063   701   701 V GraphicsEnvironment: Neither updatable production driver nor prerelease driver is supported.
04-24 04:52:00.066  6374  6374 I FaceWidgetPositionAlgorithm: getClockContainerHeight() supplier = 270, bottom margin = 0, real height = 333
04-24 04:52:00.067  6374  6374 I FaceWidgetPositionAlgorithm: getClockContainerHeight() supplier = 270, bottom margin = 63, real height = 333
04-24 04:52:00.067  6374  6374 I FaceWidgetPositionAlgorithm: getMediaContainerHeight() height = 0 container Visibility = 8, isValid = false, mIsDozing = false, fraction = 1.0, source = 0, target = 0
04-24 04:52:00.067  6374  6374 I FaceWidgetPositionAlgorithm: getMediaContainerHeight() supplier = 0
04-24 04:52:00.069   701   701 D NetworkSecurityConfig: Using Network Security Config from resource network_security_config debugBuild: false
04-24 04:52:00.070  6374  6374 V QsExpandAnimator: setQsExpansionPosition 0.0
04-24 04:52:00.075   701   701 D NetworkSecurityConfig: Using Network Security Config from resource network_security_config debugBuild: false
04-24 04:52:00.082  6374  6374 V QsExpandAnimator: updateAnimators
04-24 04:52:00.082  6374  6374 V QsExpandAnimator: clearAnimationState
04-24 04:52:00.082  6374  6374 V QsExpandAnimator: updateViews
04-24 04:52:00.084  6374  6374 V QsExpandAnimator: updateTileAnimator
04-24 04:52:00.085  6374  6374 V QsExpandAnimator: updateHeaderAnimator
04-24 04:52:00.087  6374  6374 V QsExpandAnimator: updateBarAnimator
04-24 04:52:00.088  6374  6374 V QsExpandAnimator: setQsExpansionPosition 0.0
04-24 04:52:00.088  6374  6374 V QsExpandAnimator: onAnimationAtStart
04-24 04:52:00.312   701   701 I EKGCrashLoopDetector: Last crash time: 0
04-24 04:52:00.312   701   701 D EKGCrashLoopDetector: Didn't crash at startup last launch
04-24 04:52:00.355   701   726 D ExceptionHandler: [EKG-BackgroundExecutor] Uploading pending java crashes
04-24 04:52:00.363   701   726 D ExceptionHandler: [EKG-BackgroundExecutor] Number of crash files to process: 0
04-24 04:52:00.367   701   701 D EKGNDKCrashReporter: miniDumpFilePath: /data/user/0/com.linkedin.android/files/ekg_ndk_crashes_v1/0.883.102/02eb7656-41ba-41dc-3c80cf8f-4446a508.dmp
04-24 04:52:00.367   701   701 D EKGNDKCrashReporter: pageKeyFilePath: /data/user/0/com.linkedin.android/files/ekg_ndk_crashes_v1/0.883.102/02eb7656-41ba-41dc-3c80cf8f-4446a508.pagekey
04-24 04:52:00.368   701   726 D ExceptionHandler: [EKG-BackgroundExecutor] Uploading native crashes
04-24 04:52:00.369   701   726 D ExceptionHandler: [EKG-BackgroundExecutor] Number of crash files to process: 0
04-24 04:52:00.373   701   701 I FlagshipApplication: [main] Granular phase APP_ATTACH completed. Interval(startNanos=1682304720238000000ns, durationNanos=132000000ns)
04-24 04:52:00.447   701   701 D CompatibilityChangeReporter: Compat change id reported: 183155436; UID 10006; state: ENABLED
04-24 04:52:00.448   701   701 I FirebaseApp: Device unlocked: initializing all Firebase APIs for app [DEFAULT]
04-24 04:52:00.479   701   701 I FirebaseInitProvider: FirebaseApp initialization successful
04-24 04:52:00.523   701   701 E FlagshipApplication: [main] FlagshipApplication#onCreate() called for process id 701
04-24 04:52:00.529   701   701 D ConnectivityManager: StackLog: [android.net.ConnectivityManager.sendRequestForNetwork(ConnectivityManager.java:4191)] [android.net.ConnectivityManager.registerDefaultNetworkCallbackForUid(ConnectivityManager.java:4755)] [android.net.ConnectivityManager.registerDefaultNetworkCallback(ConnectivityManager.java:4722)] [android.net.ConnectivityManager.registerDefaultNetworkCallback(ConnectivityManager.java:4696)] [com.linkedin.android.networking.util.NetworkMonitor.<init>(NetworkMonitor.java:58)] [com.linkedin.android.networking.util.NetworkMonitor.initialize(NetworkMonitor.java:40)] [com.linkedin.android.app.FlagshipApplication.onCreate(FlagshipApplication.java:83)] [android.app.Instrumentation.callApplicationOnCreate(Instrumentation.java:1266)] [android.app.ActivityThread.handleBindApplication(ActivityThread.java:7614)] [android.app.ActivityThread.-$$Nest$mhandleBindApplication(Unknown Source:0)] [android.app.ActivityThread$H.handleMessage(ActivityThread.java:2400)]
04-24 04:52:00.530  5635  8410 D ConnectivityService: requestNetwork for uid/pid:10006/701 activeRequest: null callbackRequest: 8812 [NetworkRequest [ REQUEST id=8813, [ Capabilities: INTERNET&NOT_RESTRICTED&TRUSTED&NOT_VCN_MANAGED Uid: 10006 RequestorUid: 10006 RequestorPkg: com.linkedin.android UnderlyingNetworks: Null] ]] callback flags: 0 order: 2147483647
04-24 04:52:00.533  5635  6162 D ConnectivityService:    accepting network in place of null
04-24 04:52:00.549  5635  6124 D WifiNetworkFactory: got request NetworkRequest [ REQUEST id=8813, [ Capabilities: INTERNET&NOT_RESTRICTED&TRUSTED&NOT_VCN_MANAGED Uid: 10006 RequestorUid: 10006 RequestorPkg: com.linkedin.android UnderlyingNetworks: Null] ]
04-24 04:52:00.550  5635  6124 D UntrustedWifiNetworkFactory: got request NetworkRequest [ REQUEST id=8813, [ Capabilities: INTERNET&NOT_RESTRICTED&TRUSTED&NOT_VCN_MANAGED Uid: 10006 RequestorUid: 10006 RequestorPkg: com.linkedin.android UnderlyingNetworks: Null] ]
04-24 04:52:00.552  5635  6124 D OemPaidWifiNetworkFactory: got request NetworkRequest [ REQUEST id=8813, [ Capabilities: INTERNET&NOT_RESTRICTED&TRUSTED&NOT_VCN_MANAGED Uid: 10006 RequestorUid: 10006 RequestorPkg: com.linkedin.android UnderlyingNetworks: Null] ]
04-24 04:52:00.553  5635  6124 D MultiInternetWifiNetworkFactory: got request NetworkRequest [ REQUEST id=8813, [ Capabilities: INTERNET&NOT_RESTRICTED&TRUSTED&NOT_VCN_MANAGED Uid: 10006 RequestorUid: 10006 RequestorPkg: com.linkedin.android UnderlyingNetworks: Null] ]
04-24 04:52:00.553  5635  6162 D ConnectivityService: Rematched networks [computed 1ms] [applied 2ms] [issued 18]
04-24 04:52:00.553  5635  6162 D ConnectivityService: NetworkReassignment :
04-24 04:52:00.553  5635  6162 D ConnectivityService:   8813 : null → 100
04-24 04:52:00.636   701   701 I FlagshipApplication: [main] Granular phase APP_DEPENDENCY_INJECTION completed. Interval(startNanos=1682304720533000000ns, durationNanos=102000000ns)
04-24 04:52:00.738   701   740 D ConnectivityManager: StackLog: [android.net.ConnectivityManager.sendRequestForNetwork(ConnectivityManager.java:4191)] [android.net.ConnectivityManager.registerDefaultNetworkCallbackForUid(ConnectivityManager.java:4755)] [android.net.ConnectivityManager.registerDefaultNetworkCallback(ConnectivityManager.java:4722)] [org.chromium.net.NetworkChangeNotifierAutoDetect$RegistrationPolicy.register(NetworkChangeNotifierAutoDetect.java:38)] [org.chromium.net.RegistrationPolicyAlwaysRegister.init(RegistrationPolicyAlwaysRegister.java:3)] [org.chromium.net.NetworkChangeNotifierAutoDetect.<init>(NetworkChangeNotifierAutoDetect.java:105)] [org.chromium.net.NetworkChangeNotifier.setAutoDetectConnectivityStateInternal(NetworkChangeNotifier.java:14)] [org.chromium.net.impl.CronetLibraryLoader.ensureInitializedOnInitThread(CronetLibraryLoader.java:17)] [org.chromium.net.impl.CronetLibraryLoader$1.run(CronetLibraryLoader.java:1)]
04-24 04:52:00.742  5635  8410 D ConnectivityService: requestNetwork for uid/pid:10006/701 activeRequest: null callbackRequest: 8814 [NetworkRequest [ REQUEST id=8815, [ Capabilities: INTERNET&NOT_RESTRICTED&TRUSTED&NOT_VCN_MANAGED Uid: 10006 RequestorUid: 10006 RequestorPkg: com.linkedin.android UnderlyingNetworks: Null] ]] callback flags: 0 order: 2147483647
04-24 04:52:00.743  5635  8410 D PackageManager: setEnabledSetting : userId = 0 packageName = com.linkedin.android cmp = androidx.work.impl.background.systemjob.SystemJobService newState = 1 callingPackage = 10006/com.linkedin.android
04-24 04:52:00.743  5635  6162 D ConnectivityService:    accepting network in place of null
04-24 04:52:00.747  5635  8410 D ApplicationPolicy: getApplicationStateEnabled : pkg = com.linkedin.android userId : 0
04-24 04:52:00.748   701   740 D ConnectivityManager: StackLog: [android.net.ConnectivityManager.sendRequestForNetwork(ConnectivityManager.java:4191)] [android.net.ConnectivityManager.sendRequestForNetwork(ConnectivityManager.java:4233)] [android.net.ConnectivityManager.registerNetworkCallback(ConnectivityManager.java:4615)] [org.chromium.net.NetworkChangeNotifierAutoDetect$RegistrationPolicy.register(NetworkChangeNotifierAutoDetect.java:111)] [org.chromium.net.RegistrationPolicyAlwaysRegister.init(RegistrationPolicyAlwaysRegister.java:3)] [org.chromium.net.NetworkChangeNotifierAutoDetect.<init>(NetworkChangeNotifierAutoDetect.java:105)] [org.chromium.net.NetworkChangeNotifier.setAutoDetectConnectivityStateInternal(NetworkChangeNotifier.java:14)] [org.chromium.net.impl.CronetLibraryLoader.ensureInitializedOnInitThread(CronetLibraryLoader.java:17)] [org.chromium.net.impl.CronetLibraryLoader$1.run(CronetLibraryLoader.java:1)]
04-24 04:52:00.748  5635  8410 D ApplicationPolicy: getApplicationComponentState : pkg = com.linkedin.android userId : 0
04-24 04:52:00.763  5635  6124 D WifiNetworkFactory: got request NetworkRequest [ REQUEST id=8815, [ Capabilities: INTERNET&NOT_RESTRICTED&TRUSTED&NOT_VCN_MANAGED Uid: 10006 RequestorUid: 10006 RequestorPkg: com.linkedin.android UnderlyingNetworks: Null] ]
04-24 04:52:00.764  5635  6124 D UntrustedWifiNetworkFactory: got request NetworkRequest [ REQUEST id=8815, [ Capabilities: INTERNET&NOT_RESTRICTED&TRUSTED&NOT_VCN_MANAGED Uid: 10006 RequestorUid: 10006 RequestorPkg: com.linkedin.android UnderlyingNetworks: Null] ]
04-24 04:52:00.765  5635  6124 D OemPaidWifiNetworkFactory: got request NetworkRequest [ REQUEST id=8815, [ Capabilities: INTERNET&NOT_RESTRICTED&TRUSTED&NOT_VCN_MANAGED Uid: 10006 RequestorUid: 10006 RequestorPkg: com.linkedin.android UnderlyingNetworks: Null] ]
04-24 04:52:00.766  5635  6124 D MultiInternetWifiNetworkFactory: got request NetworkRequest [ REQUEST id=8815, [ Capabilities: INTERNET&NOT_RESTRICTED&TRUSTED&NOT_VCN_MANAGED Uid: 10006 RequestorUid: 10006 RequestorPkg: com.linkedin.android UnderlyingNetworks: Null] ]
04-24 04:52:00.767  5635  6162 D ConnectivityService: Rematched networks [computed 0ms] [applied 2ms] [issued 21]
04-24 04:52:00.768  5635  6162 D ConnectivityService: NetworkReassignment :
04-24 04:52:00.768  5635  6162 D ConnectivityService:   8815 : null → 100
04-24 04:52:00.780  5635  6162 D ConnectivityService: Rematched networks [computed 0ms] [applied 2ms] [issued 7]
04-24 04:52:00.780  5635  6162 D ConnectivityService: NetworkReassignment : no changes
04-24 04:52:00.789   701   739 I cr_CronetLibraryLoader: Cronet version: 102.0.5005.125, arch: aarch64
04-24 04:52:00.796   701   741 D CompatibilityChangeReporter: Compat change id reported: 160794467; UID 10006; state: ENABLED
04-24 04:52:00.892   701   701 W DaggerInfraApplicationD: [main] Cannot set the application tracking stack multiple times. Skipping assignment.
04-24 04:52:00.892   701   701 D GlobalSequence: Global Sequence already initialized. Ignoring
04-24 04:52:00.895   701   760 I LMDBLRUCache: Entry init duration: 1ms
04-24 04:52:00.901  5635  6264 D NetdEventListenerService: DNS Requested by : 100, 10006
04-24 04:52:00.916   701   763 W ThreadPoolExecutor: [ConnectionMonitor-1] ConnectionStateChangedListener added to ConnectionMonitor, but ConnectionMonitor has not been started.
04-24 04:52:00.943   701   701 D LixManagerImpl: [main] Triggering sync for lix lixType 0
04-24 04:52:00.944   701   701 D LixNetworkManager: [main] Batch Fetch Lix url:/lix/lixFrontendTreatmentsV2?action=batchGet
04-24 04:52:00.999  5635  6215 I ChimeraAggressivePolicyHandler: executePolicy() - triggerSource: TRIGGER_SOURCE_LMKD
04-24 04:52:01.001  5635  6215 I ChimeraAggressivePolicyHandler: available memory: 918416, free memory target: 870400, quit chimera
04-24 04:52:01.122   701   701 D AppLaunchRateLimiter: [main] shouldLimitAppLaunchNetworkCalls: S600
04-24 04:52:01.123   701   701 D LaunchManagerImpl: [main] onAppProcessStarted(): shouldLimitNetworkCalls=false
04-24 04:52:01.128   701   701 D ShortcutBadger: Finding badger
04-24 04:52:01.129   701   776 W WM-WorkSpec: Flex duration lesser than minimum allowed value; Changed to 300000
04-24 04:52:01.131   701   701 D ShortcutBadger: Current badger:me.leolin.shortcutbadger.impl.DefaultBadger
04-24 04:52:01.151  6374  6652 D MobileStatusTracker(1/2): onDataActivity: direction=3
04-24 04:52:01.175  6374  6652 D MobileSignalController(1/2): notifyListener: enabled=true, connected=true, dataConnected=true, networkType=LTE (4G), emergencyOnly=false, roaming=false, isDefault=true, dataActivity=inout, level=2, ca=false, mmWave=false, disabledDataIcon=false, simCard=ETC
04-24 04:52:01.231   701   786 W WM-WorkSpec: Flex duration lesser than minimum allowed value; Changed to 300000
04-24 04:52:01.272   701   701 D EventBus: No subscribers registered for event class com.linkedin.android.infra.events.VideoAutoPlaySettingChangedEvent
04-24 04:52:01.272   701   701 D EventBus: No subscribers registered for event class org.greenrobot.eventbus.NoSubscriberEvent
04-24 04:52:01.278   701   701 D CompatibilityChangeReporter: Compat change id reported: 194532703; UID 10006; state: ENABLED
04-24 04:52:01.334   701   701 I Choreographer: Skipped 48 frames!  The application may be doing too much work on its main thread.
04-24 04:52:01.374  5635  5987 D PackageManager: setEnabledSetting : userId = 0 packageName = com.linkedin.android cmp = androidx.work.impl.background.systemalarm.RescheduleReceiver newState = 1 callingPackage = 10006/com.linkedin.android
04-24 04:52:01.375  5635  5987 D ApplicationPolicy: getApplicationStateEnabled : pkg = com.linkedin.android userId : 0
04-24 04:52:01.377  5635  5987 D ApplicationPolicy: getApplicationComponentState : pkg = com.linkedin.android userId : 0
04-24 04:52:01.443   701   741 D ConnectivityManager: StackLog: [android.net.ConnectivityManager.sendRequestForNetwork(ConnectivityManager.java:4191)] [android.net.ConnectivityManager.registerDefaultNetworkCallbackForUid(ConnectivityManager.java:4755)] [android.net.ConnectivityManager.registerDefaultNetworkCallback(ConnectivityManager.java:4722)] [android.net.ConnectivityManager.registerDefaultNetworkCallback(ConnectivityManager.java:4696)] [androidx.work.impl.constraints.trackers.NetworkStateTracker.startTracking(NetworkStateTracker.java:19)] [androidx.work.impl.constraints.controllers.ConstraintController.replace(ConstraintController.java:136)] [androidx.work.impl.constraints.WorkConstraintsTracker.replace(WorkConstraintsTracker.java:39)] [androidx.work.impl.background.greedy.GreedyScheduler.schedule(GreedyScheduler.java:301)] [androidx.work.impl.Schedulers.schedule(Schedulers.java:152)] [androidx.work.impl.utils.EnqueueRunnable.run(EnqueueRunnable.java:52)] [androidx.work.impl.utils.SerialExecutor$Task.run(SerialExecutor.java:5)] [java.util.concurrent.ThreadPoolExecutor.runWorker(ThreadPoolExecutor.java:1137)] [java.util.concurrent.ThreadPoolExecutor$Worker.run(ThreadPoolExecutor.java:637)] [java.lang.Thread.run(Thread.java:1012)]
04-24 04:52:01.446  5635  5987 D ConnectivityService: requestNetwork for uid/pid:10006/701 activeRequest: null callbackRequest: 8817 [NetworkRequest [ REQUEST id=8818, [ Capabilities: INTERNET&NOT_RESTRICTED&TRUSTED&NOT_VCN_MANAGED Uid: 10006 RequestorUid: 10006 RequestorPkg: com.linkedin.android UnderlyingNetworks: Null] ]] callback flags: 0 order: 2147483647
04-24 04:52:01.447  5635  6162 D ConnectivityService:    accepting network in place of null
04-24 04:52:01.460  5635  6124 D WifiNetworkFactory: got request NetworkRequest [ REQUEST id=8818, [ Capabilities: INTERNET&NOT_RESTRICTED&TRUSTED&NOT_VCN_MANAGED Uid: 10006 RequestorUid: 10006 RequestorPkg: com.linkedin.android UnderlyingNetworks: Null] ]
04-24 04:52:01.460  5635  6124 D UntrustedWifiNetworkFactory: got request NetworkRequest [ REQUEST id=8818, [ Capabilities: INTERNET&NOT_RESTRICTED&TRUSTED&NOT_VCN_MANAGED Uid: 10006 RequestorUid: 10006 RequestorPkg: com.linkedin.android UnderlyingNetworks: Null] ]
04-24 04:52:01.460  5635  6124 D OemPaidWifiNetworkFactory: got request NetworkRequest [ REQUEST id=8818, [ Capabilities: INTERNET&NOT_RESTRICTED&TRUSTED&NOT_VCN_MANAGED Uid: 10006 RequestorUid: 10006 RequestorPkg: com.linkedin.android UnderlyingNetworks: Null] ]
04-24 04:52:01.461  5635  6124 D MultiInternetWifiNetworkFactory: got request NetworkRequest [ REQUEST id=8818, [ Capabilities: INTERNET&NOT_RESTRICTED&TRUSTED&NOT_VCN_MANAGED Uid: 10006 RequestorUid: 10006 RequestorPkg: com.linkedin.android UnderlyingNetworks: Null] ]
04-24 04:52:01.461  5635  6162 D ConnectivityService: Rematched networks [computed 0ms] [applied 2ms] [issued 12]
04-24 04:52:01.461  5635  6162 D ConnectivityService: NetworkReassignment :
04-24 04:52:01.461  5635  6162 D ConnectivityService:   8818 : null → 100
04-24 04:52:02.005 21331 21343 I _benchmark.test: Background concurrent copying GC freed 1908946(29MB) AllocSpace objects, 0(0B) LOS objects, 43% free, 31MB/55MB, paused 192us,101us total 124.292ms
04-24 04:52:02.130  5241  5241 D Zygote  : Forked child process 804
04-24 04:52:02.212   804   804 I tinkoff.android: Using CollectorTypeCC GC.
04-24 04:52:02.214   701   786 W WM-WorkSpec: Flex duration lesser than minimum allowed value; Changed to 300000
04-24 04:52:02.219  6298  6298 D TelephonyManager: requestModemActivityInfo: Sending result to app: ModemActivityInfo{ mTimestamp=156704773 mSleepTimeMs=29811522 mIdleTimeMs=8360520 mActivityStatsTechSpecificInfo=[{mRat=UNKNOWN,mFrequencyRange=UNKNOWN,mTxTimeMs[]=[38825, 33682, 22215, 348, 136354],mRxTimeMs=84367581}]}
04-24 04:52:02.223   804   804 E tinkoff.android: Not starting debugger since process cannot load the jdwp agent.
04-24 04:52:02.231   804   804 W libc    : Access denied finding property "sys.perf.boostopt"
04-24 04:52:02.232  5216  5216 E audit   : type=1400 audit(1682304722.227:57775): avc:  denied  { read } for  pid=804 comm="tinkoff.android" name="u:object_r:perf_prop:s0" dev="tmpfs" ino=17922 scontext=u:r:untrusted_app_30:s0:c149,c257,c512,c768 tcontext=u:object_r:perf_prop:s0 tclass=file permissive=0 SEPF_SM-A515F_13_0001 audit_filtered
04-24 04:52:02.232  5216  5216 E audit   : type=1300 audit(1682304722.227:57775): arch=c00000b7 syscall=56 success=no exit=-13 a0=ffffff9c a1=7fd2cd8f88 a2=88000 a3=0 items=0 ppid=5241 pid=804 auid=4294967295 uid=10405 gid=10405 euid=10405 suid=10405 fsuid=10405 egid=10405 sgid=10405 fsgid=10405 tty=(none) ses=4294967295 comm="tinkoff.android" exe="/system/bin/app_process64" subj=u:r:untrusted_app_30:s0:c149,c257,c512,c768 key=(null)
04-24 04:52:02.232  5216  5216 E audit   : type=1327 audit(1682304722.227:57775): proctitle="zygote64"
04-24 04:52:02.233   804   817 W libc    : Access denied finding property "sys.perf.boostopt"
04-24 04:52:02.234  5216  5216 E audit   : type=1400 audit(1682304722.231:57776): avc:  denied  { read } for  pid=804 comm="binder:804_1" name="u:object_r:perf_prop:s0" dev="tmpfs" ino=17922 scontext=u:r:untrusted_app_30:s0:c149,c257,c512,c768 tcontext=u:object_r:perf_prop:s0 tclass=file permissive=0 SEPF_SM-A515F_13_0001 audit_filtered
04-24 04:52:02.235   804   804 D ActivityThread: setConscryptValidator
04-24 04:52:02.235   804   804 D ActivityThread: setConscryptValidator - put
04-24 04:52:02.271   804   804 D CompatibilityChangeReporter: Compat change id reported: 171979766; UID 10405; state: ENABLED
04-24 04:52:02.303   804   804 D nativeloader: Configuring classloader-namespace for other apk /system/framework/org.apache.http.legacy.jar. target_sdk_version=31, uses_libraries=ALL, library_path=/data/app/~~b3BQxXGyPx42-j2aEdaveQ==/com.idamob.tinkoff.android-gP0NXFAAwgUrXASgkh9qrQ==/lib/arm64:/data/app/~~b3BQxXGyPx42-j2aEdaveQ==/com.idamob.tinkoff.android-gP0NXFAAwgUrXASgkh9qrQ==/base.apk!/lib/arm64-v8a:/data/app/~~b3BQxXGyPx42-j2aEdaveQ==/com.idamob.tinkoff.android-gP0NXFAAwgUrXASgkh9qrQ==/split_config.arm64_v8a.apk!/lib/arm64-v8a:/data/app/~~b3BQxXGyPx42-j2aEdaveQ==/com.idamob.tinkoff.android-gP0NXFAAwgUrXASgkh9qrQ==/split_config.xxhdpi.apk!/lib/arm64-v8a, permitted_path=/data:/mnt/expand:/data/user/0/com.idamob.tinkoff.android
04-24 04:52:02.303   804   804 D nativeloader: Extending system_exposed_libraries: libhumantracking.arcsoft.so:libPortraitDistortionCorrection.arcsoft.so:libPortraitDistortionCorrectionCali.arcsoft.so:libface_landmark.arcsoft.so:libFacialStickerEngine.arcsoft.so:libveengine.arcsoft.so:liblow_light_hdr.arcsoft.so:libhigh_dynamic_range.arcsoft.so:libFacialAttributeDetection.arcsoft.so:libBeauty_v4.camera.samsung.so:libexifa.camera.samsung.so:libjpega.camera.samsung.so:libOpenCv.camera.samsung.so:libImageScreener.camera.samsung.so:libMyFilter.camera.samsung.so:libtensorflowLite.myfilter.camera.samsung.so:libtensorflowlite_inference_api.myfilter.camera.samsung.so:libEventFinder.camera.samsung.so:libHIDTSnapJNI.camera.samsung.so:libSmartScan.camera.samsung.so:libRectify.camera.samsung.so:libDocRectifyWrapper.camera.samsung.so:libUltraWideDistortionCorrection.camera.samsung.so:libHpr_RecGAE_cvFeature_v1.0.camera.samsung.so:libHprFace_GAE_api.camera.samsung.so:libFace_Landmark_API.camera.samsung.so:libHprFace_GAE_jni.camera.samsung.so:libFacialBasedSelfieCorrec
04-24 04:52:02.380   804   804 W ziparchive: Unable to open '/data/app/~~b3BQxXGyPx42-j2aEdaveQ==/com.idamob.tinkoff.android-gP0NXFAAwgUrXASgkh9qrQ==/split_config.arm64_v8a.dm': No such file or directory
04-24 04:52:02.380   804   804 W ziparchive: Unable to open '/data/app/~~b3BQxXGyPx42-j2aEdaveQ==/com.idamob.tinkoff.android-gP0NXFAAwgUrXASgkh9qrQ==/split_config.arm64_v8a.dm': No such file or directory
04-24 04:52:02.383   804   804 W tinkoff.android: Entry not found
04-24 04:52:02.384   804   804 W ziparchive: Unable to open '/data/app/~~b3BQxXGyPx42-j2aEdaveQ==/com.idamob.tinkoff.android-gP0NXFAAwgUrXASgkh9qrQ==/split_config.xxhdpi.dm': No such file or directory
04-24 04:52:02.384   804   804 W ziparchive: Unable to open '/data/app/~~b3BQxXGyPx42-j2aEdaveQ==/com.idamob.tinkoff.android-gP0NXFAAwgUrXASgkh9qrQ==/split_config.xxhdpi.dm': No such file or directory
04-24 04:52:02.389   804   804 W tinkoff.android: Entry not found
04-24 04:52:02.391   804   804 D nativeloader: Configuring classloader-namespace for other apk /data/app/~~b3BQxXGyPx42-j2aEdaveQ==/com.idamob.tinkoff.android-gP0NXFAAwgUrXASgkh9qrQ==/base.apk:/data/app/~~b3BQxXGyPx42-j2aEdaveQ==/com.idamob.tinkoff.android-gP0NXFAAwgUrXASgkh9qrQ==/split_config.arm64_v8a.apk:/data/app/~~b3BQxXGyPx42-j2aEdaveQ==/com.idamob.tinkoff.android-gP0NXFAAwgUrXASgkh9qrQ==/split_config.xxhdpi.apk. target_sdk_version=31, uses_libraries=, library_path=/data/app/~~b3BQxXGyPx42-j2aEdaveQ==/com.idamob.tinkoff.android-gP0NXFAAwgUrXASgkh9qrQ==/lib/arm64:/data/app/~~b3BQxXGyPx42-j2aEdaveQ==/com.idamob.tinkoff.android-gP0NXFAAwgUrXASgkh9qrQ==/base.apk!/lib/arm64-v8a:/data/app/~~b3BQxXGyPx42-j2aEdaveQ==/com.idamob.tinkoff.android-gP0NXFAAwgUrXASgkh9qrQ==/split_config.arm64_v8a.apk!/lib/arm64-v8a:/data/app/~~b3BQxXGyPx42-j2aEdaveQ==/com.idamob.tinkoff.android-gP0NXFAAwgUrXASgkh9qrQ==/split_config.xxhdpi.apk!/lib/arm64-v8a, permitted_path=/data:/mnt/expand:/data/user/0/com.idamob.tinkoff.android
04-24 04:52:02.408   701   786 W WM-WorkSpec: Flex duration lesser than minimum allowed value; Changed to 300000
04-24 04:52:02.411   804   804 W tinkoff.android: JIT profile information will not be recorded: profile file does not exist.
04-24 04:52:02.412   804   804 W tinkoff.android: JIT profile information will not be recorded: profile file does not exist.
04-24 04:52:02.459   701   748 I WM-WorkerWrapper: Worker result SUCCESS for Work [ id=6e8773ca-e1a5-4d86-b91b-3ba4be1e8407, tags={ com.linkedin.android.litrackinglib.network.SendTrackingEventWorker, period_sync_work } ]
04-24 04:52:02.482   804   804 V GraphicsEnvironment: ANGLE Developer option for 'com.idamob.tinkoff.android' set to: 'default'
04-24 04:52:02.484   804   804 V GraphicsEnvironment: ANGLE GameManagerService for com.idamob.tinkoff.android: false
04-24 04:52:02.484   804   804 V GraphicsEnvironment: Neither updatable production driver nor prerelease driver is supported.
04-24 04:52:02.494   804   804 D NetworkSecurityConfig: Using Network Security Config from resource network_security_config debugBuild: false
04-24 04:52:02.500   804   804 D NetworkSecurityConfig: Using Network Security Config from resource network_security_config debugBuild: false
04-24 04:52:02.508   701   786 W WM-WorkSpec: Flex duration lesser than minimum allowed value; Changed to 300000
04-24 04:52:02.514   701   741 I WM-WorkerWrapper: Worker result FAILURE for Work [ id=1270ee6a-2341-417f-a12a-584ecc721ea0, tags={ com.linkedin.android.litrackinglib.network.SendTrackingEventWorker, send_one_batch_events_work } ]
04-24 04:52:02.526   701   701 D ConnectivityManager: StackLog: [android.net.ConnectivityManager.unregisterNetworkCallback(ConnectivityManager.java:4863)] [androidx.work.impl.constraints.trackers.NetworkStateTracker.stopTracking(NetworkStateTracker.java:19)] [androidx.work.impl.constraints.controllers.ConstraintController.replace(ConstraintController.java:65)] [androidx.work.impl.constraints.WorkConstraintsTracker.replace(WorkConstraintsTracker.java:39)] [androidx.work.impl.background.greedy.GreedyScheduler.onExecuted(GreedyScheduler.java:62)] [androidx.work.impl.Processor.onExecuted(Processor.java:62)] [androidx.work.impl.Processor$FutureListener.run(Processor.java:19)]
04-24 04:52:02.528  5635  6162 D ConnectivityService:  Removing from current network [100 CELLULAR], leaving 140 requests.
04-24 04:52:02.617  5635  5712 I libprocessgroup: Successfully killed process cgroup uid 10276 pid 27712 in 67ms
04-24 04:52:02.619  5241  5241 I Zygote  : Process 27712 exited due to signal 9 (Killed)
04-24 04:52:02.648  5635  5712 I libprocessgroup: Successfully killed process cgroup uid 10226 pid 12392 in 10ms
04-24 04:52:02.669 14067 14506 W libc    : Access denied finding property "sys.perf.boostopt"
04-24 04:52:02.670  5241  5241 I Zygote  : Process 12392 exited due to signal 9 (Killed)
04-24 04:52:03.008   804   804 D CompatibilityChangeReporter: Compat change id reported: 183155436; UID 10405; state: DISABLED
04-24 04:52:03.135   701   701 D ConnectivityManager: StackLog: [android.net.ConnectivityManager.sendRequestForNetwork(ConnectivityManager.java:4191)] [android.net.ConnectivityManager.registerDefaultNetworkCallbackForUid(ConnectivityManager.java:4755)] [android.net.ConnectivityManager.registerDefaultNetworkCallback(ConnectivityManager.java:4722)] [android.net.ConnectivityManager.registerDefaultNetworkCallback(ConnectivityManager.java:4696)] [androidx.work.impl.constraints.trackers.NetworkStateTracker.startTracking(NetworkStateTracker.java:19)] [androidx.work.impl.constraints.controllers.ConstraintController.replace(ConstraintController.java:136)] [androidx.work.impl.constraints.WorkConstraintsTracker.replace(WorkConstraintsTracker.java:39)] [androidx.work.impl.background.greedy.GreedyScheduler.schedule(GreedyScheduler.java:301)] [androidx.work.impl.background.greedy.DelayedWorkTracker$1.run(DelayedWorkTracker.java:36)]
04-24 04:52:03.145  5635  8927 D ConnectivityService: requestNetwork for uid/pid:10006/701 activeRequest: null callbackRequest: 8819 [NetworkRequest [ REQUEST id=8820, [ Capabilities: INTERNET&NOT_RESTRICTED&TRUSTED&NOT_VCN_MANAGED Uid: 10006 RequestorUid: 10006 RequestorPkg: com.linkedin.android UnderlyingNetworks: Null] ]] callback flags: 0 order: 2147483647
04-24 04:52:03.147  5635  6162 D ConnectivityService:    accepting network in place of null
04-24 04:52:03.174  5635  6124 D WifiNetworkFactory: got request NetworkRequest [ REQUEST id=8820, [ Capabilities: INTERNET&NOT_RESTRICTED&TRUSTED&NOT_VCN_MANAGED Uid: 10006 RequestorUid: 10006 RequestorPkg: com.linkedin.android UnderlyingNetworks: Null] ]
04-24 04:52:03.175  5635  6124 D UntrustedWifiNetworkFactory: got request NetworkRequest [ REQUEST id=8820, [ Capabilities: INTERNET&NOT_RESTRICTED&TRUSTED&NOT_VCN_MANAGED Uid: 10006 RequestorUid: 10006 RequestorPkg: com.linkedin.android UnderlyingNetworks: Null] ]
04-24 04:52:03.175  5635  6162 D ConnectivityService: Rematched networks [computed 1ms] [applied 7ms] [issued 21]
04-24 04:52:03.175  5635  6162 D ConnectivityService: NetworkReassignment :
04-24 04:52:03.175  5635  6162 D ConnectivityService:   8820 : null → 100
04-24 04:52:03.175  5635  6124 D OemPaidWifiNetworkFactory: got request NetworkRequest [ REQUEST id=8820, [ Capabilities: INTERNET&NOT_RESTRICTED&TRUSTED&NOT_VCN_MANAGED Uid: 10006 RequestorUid: 10006 RequestorPkg: com.linkedin.android UnderlyingNetworks: Null] ]
04-24 04:52:03.176  5635  6124 D MultiInternetWifiNetworkFactory: got request NetworkRequest [ REQUEST id=8820, [ Capabilities: INTERNET&NOT_RESTRICTED&TRUSTED&NOT_VCN_MANAGED Uid: 10006 RequestorUid: 10006 RequestorPkg: com.linkedin.android UnderlyingNetworks: Null] ]
04-24 04:52:03.342   804   832 W System  : ClassLoader referenced unknown path:
04-24 04:52:03.342   804   832 D nativeloader: Configuring classloader-namespace for other apk . target_sdk_version=33, uses_libraries=, library_path=/data/app/~~fupSe7mT3TYRtpByrpi4GQ==/com.google.android.gms-bmnvTG7hLJarQuEcM9Lr_Q==/lib/arm64:/data/app/~~fupSe7mT3TYRtpByrpi4GQ==/com.google.android.gms-bmnvTG7hLJarQuEcM9Lr_Q==/base.apk!/lib/arm64-v8a, permitted_path=/data:/mnt/expand:/data/user/0/com.google.android.gms
04-24 04:52:03.420   701   786 W WM-WorkSpec: Flex duration lesser than minimum allowed value; Changed to 300000
04-24 04:52:03.442   701   777 I WM-WorkerWrapper: Worker result SUCCESS for Work [ id=d4af4d43-769c-4869-8db5-3647769d67f7, tags={ com.linkedin.android.segment.ChameleonPeriodicWork } ]
04-24 04:52:03.462   701   701 D ConnectivityManager: StackLog: [android.net.ConnectivityManager.unregisterNetworkCallback(ConnectivityManager.java:4863)] [androidx.work.impl.constraints.trackers.NetworkStateTracker.stopTracking(NetworkStateTracker.java:19)] [androidx.work.impl.constraints.controllers.ConstraintController.replace(ConstraintController.java:65)] [androidx.work.impl.constraints.WorkConstraintsTracker.replace(WorkConstraintsTracker.java:39)] [androidx.work.impl.background.greedy.GreedyScheduler.onExecuted(GreedyScheduler.java:62)] [androidx.work.impl.Processor.onExecuted(Processor.java:62)] [androidx.work.impl.Processor$FutureListener.run(Processor.java:19)]
04-24 04:52:03.468  5635  6162 D ConnectivityService:  Removing from current network [100 CELLULAR], leaving 140 requests.
04-24 04:52:03.484   804   835 I FA      : App measurement initialized, version: 76011
04-24 04:52:03.484   804   835 I FA      : To enable debug logging run: adb shell setprop log.tag.FA VERBOSE
04-24 04:52:03.484   804   835 I FA      : To enable faster debug mode event logging run:
04-24 04:52:03.484   804   835 I FA      :   adb shell setprop debug.firebase.analytics.app com.idamob.tinkoff.android
04-24 04:52:03.522   804   837 D libcrashlytics: Initializing libcrashlytics version 3.2.0
04-24 04:52:03.549   804   837 D libcrashlytics: Initializing native crash handling successful.
04-24 04:52:03.600  5635  5714 W libprocessgroup: Failed to open /dev/blkio//cgroup.procs: No such file or directory
04-24 04:52:03.607 28208 28208 D BoundBrokerSvc: onBind: Intent { act=com.google.android.gms.measurement.START pkg=com.google.android.gms }
04-24 04:52:03.607 28208 28208 D BoundBrokerSvc: Loading bound service for intent: Intent { act=com.google.android.gms.measurement.START pkg=com.google.android.gms }
04-24 04:52:04.270 21331 21343 I _benchmark.test: Background concurrent copying GC freed 2432784(37MB) AllocSpace objects, 0(0B) LOS objects, 49% free, 18MB/37MB, paused 6.523ms,231us total 103.883ms
04-24 04:52:04.719   804   804 E HMSSDK_HMSPackageManager: query hms action, resolveInfoList is null or empty.
04-24 04:52:04.721   804   804 E HMSSDK_HMSPackageManager: query aglite action, resolveInfoList is null or empty
04-24 04:52:04.722   804   804 E HMSSDK_HMSPackageManager: PackagePriorityInfo list is null
04-24 04:52:04.723   804   804 E HMSSDK_HMSPackageManager: <initHmsPackageInfoForMultiService> Failed to find HMS apk
04-24 04:52:04.725   804   804 I HMSSDK_HMSPackageManager: Enter getHMSPackageNameForMultiService
04-24 04:52:04.728   804   804 E HMSSDK_HMSPackageManager: query hms action, resolveInfoList is null or empty.
04-24 04:52:04.730   804   804 E HMSSDK_HMSPackageManager: query aglite action, resolveInfoList is null or empty
04-24 04:52:04.731   804   863 I HMSSDK_HMSPackageManager: enter asyncOnceCheckMDMState
04-24 04:52:04.731   804   804 E HMSSDK_HMSPackageManager: PackagePriorityInfo list is null
04-24 04:52:04.732   804   804 E HMSSDK_HMSPackageManager: <initHmsPackageInfoForMultiService> Failed to find HMS apk
04-24 04:52:04.733   804   804 I HMSSDK_HuaweiMobileServicesUtil: hmsPackageName is com.huawei.hwid
04-24 04:52:04.735   804   804 E HMSSDK_HMSPackageManager: query hms action, resolveInfoList is null or empty.
04-24 04:52:04.737   804   804 E HMSSDK_HMSPackageManager: query aglite action, resolveInfoList is null or empty
04-24 04:52:04.738   804   804 E HMSSDK_HMSPackageManager: PackagePriorityInfo list is null
04-24 04:52:04.738   804   804 E HMSSDK_HMSPackageManager: <initHmsPackageInfoForMultiService> Failed to find HMS apk
04-24 04:52:04.740   804   804 I HMSSDK_HuaweiMobileServicesUtil: HMS is not installed
04-24 04:52:04.769  5635  8920 D PackageManager: setEnabledSetting : userId = 0 packageName = com.idamob.tinkoff.android cmp = ru.tinkoff.core.components.whoCalls.publicApi.callScreening.WhoCallsCallScreeningService newState = 2 callingPackage = 10405/com.idamob.tinkoff.android
04-24 04:52:04.773  5635  8920 D PackageManager: setEnabledSetting : userId = 0 packageName = com.idamob.tinkoff.android cmp = ru.tinkoff.core.components.whoCalls.publicApi.callScreening.WhoCallsBroadcastReceiver newState = 2 callingPackage = 10405/com.idamob.tinkoff.android
