04-19 15:59:41.362 20891 20903 W libc    : Access denied finding property "sys.perf.boostopt"
04-19 15:59:41.363  5224  5224 E audit   : type=1400 audit(1681912781.357:103131): avc:  denied  { read } for  pid=20891 comm="binder:20891_1" name="u:object_r:perf_prop:s0" dev="tmpfs" ino=16829 scontext=u:r:platform_app:s0:c512,c768 tcontext=u:object_r:perf_prop:s0 tclass=file permissive=0 SEPF_SM-A515F_13_0001 audit_filtered
04-19 15:59:41.364 20891 20891 D ActivityThread: setConscryptValidator
04-19 15:59:41.365 20891 20891 D ActivityThread: setConscryptValidator - put
04-19 15:59:41.411 20891 20903 W libc    : Access denied finding property "sys.perf.boostopt"
04-19 15:59:41.415 20891 20891 D CompatibilityChangeReporter: Compat change id reported: 171979766; UID 10059; state: ENABLED
04-19 15:59:41.459 20846 20889 E Drawable: Unable to decode stream: android.graphics.ImageDecoder$DecodeException: Failed to create image decoder with message 'unimplemented'Input contained an error.
04-19 15:59:41.501 19806 19819 I Finsky  : [167] kdg.a(15): org.telegram.messenger: Account determined from installer data - [u50CvjFgI4N8BK_7VI5wqgrBLx4XC93qbnmKX3YNI1k]
04-19 15:59:41.529 19806 19819 I Finsky  : [167] kdg.a(64): Billing preferred account via installer for org.telegram.messenger: [u50CvjFgI4N8BK_7VI5wqgrBLx4XC93qbnmKX3YNI1k]
04-19 15:59:41.608 20846 20846 I FirebaseApp: Device unlocked: initializing all Firebase APIs for app [DEFAULT]
04-19 15:59:41.613 19806 19920 I Finsky  : [224] kdg.a(15): org.telegram.messenger: Account determined from installer data - [u50CvjFgI4N8BK_7VI5wqgrBLx4XC93qbnmKX3YNI1k]
04-19 15:59:41.615 19806 19920 I Finsky  : [224] kdg.a(64): Billing preferred account via installer for org.telegram.messenger: [u50CvjFgI4N8BK_7VI5wqgrBLx4XC93qbnmKX3YNI1k]
04-19 15:59:41.648 19806 19819 I Finsky  : [167] kdg.a(15): org.telegram.messenger: Account determined from installer data - [u50CvjFgI4N8BK_7VI5wqgrBLx4XC93qbnmKX3YNI1k]
04-19 15:59:41.650 19806 19819 I Finsky  : [167] kdg.a(64): Billing preferred account via installer for org.telegram.messenger: [u50CvjFgI4N8BK_7VI5wqgrBLx4XC93qbnmKX3YNI1k]
04-19 15:59:41.654 19806 19920 I Finsky  : [224] kdg.a(15): org.telegram.messenger: Account determined from installer data - [u50CvjFgI4N8BK_7VI5wqgrBLx4XC93qbnmKX3YNI1k]
04-19 15:59:41.655 19806 19920 I Finsky  : [224] kdg.a(64): Billing preferred account via installer for org.telegram.messenger: [u50CvjFgI4N8BK_7VI5wqgrBLx4XC93qbnmKX3YNI1k]
04-19 15:59:41.711 20891 20891 I BadgeProvider: onCreate
04-19 15:59:41.711 20891 20891 I BadgeProvider: DatabaseHelper
04-19 15:59:41.719 20891 20891 I BadgeCountReceiver: badge intent : Intent { act=android.intent.action.BADGE_COUNT_UPDATE flg=0x1000010 cmp=com.sec.android.provider.badge/.BadgeCountReceiver (has extras) }
04-19 15:59:41.719 20891 20891 I BadgeCountReceiver: packageName: org.telegram.messenger, className: org.telegram.messenger.NoxIcon, count: 0
04-19 15:59:41.728 30407 30407 I ResourceOverlayService_0: waitAndQuit called
04-19 15:59:41.730 30407 30407 I ResourceOverlayService_0: activity user id 0 process id 0
04-19 15:59:41.794 20891 20891 I BadgeProvider: onOpen
04-19 15:59:41.798 20846 20846 I FirebaseInitProvider: FirebaseApp initialization successful
04-19 15:59:41.801 20891 20905 I BadgeProvider: query, [selection] : package=?
04-19 15:59:41.817  4066  4066 I BadgeCountUpdaterImpl: onChange
04-19 15:59:41.827  4066  4066 I BadgeCountUpdaterImpl: onChange
04-19 15:59:41.829 20891 20905 E DatabaseUtils: Writing exception to parcel
04-19 15:59:41.829 20891 20905 E DatabaseUtils: java.lang.SecurityException: Permission Denial: writing com.sec.android.provider.badge.BadgeProvider uri content://com.sec.badge/apps?notify=true from pid=20592, uid=10268 requires com.sec.android.provider.badge.permission.WRITE, or grantUriPermission()
04-19 15:59:41.829 20891 20905 E DatabaseUtils: 	at android.content.ContentProvider.enforceWritePermissionInner(ContentProvider.java:1025)
04-19 15:59:41.829 20891 20905 E DatabaseUtils: 	at android.content.ContentProvider.semEnforceWritePermission(ContentProvider.java:951)
04-19 15:59:41.829 20891 20905 E DatabaseUtils: 	at android.content.ContentProvider$Transport.enforceWritePermission(ContentProvider.java:730)
04-19 15:59:41.829 20891 20905 E DatabaseUtils: 	at android.content.ContentProvider$Transport.update(ContentProvider.java:462)
04-19 15:59:41.829 20891 20905 E DatabaseUtils: 	at android.content.ContentProviderNative.onTransact(ContentProviderNative.java:231)
04-19 15:59:41.829 20891 20905 E DatabaseUtils: 	at android.os.Binder.execTransactInternal(Binder.java:1321)
04-19 15:59:41.829 20891 20905 E DatabaseUtils: 	at android.os.Binder.execTransact(Binder.java:1280)
04-19 15:59:41.829 20891 20891 I BadgeProvider: sendNotify entered. [uri] : content://com.sec.badge/apps
04-19 15:59:41.829 20891 20891 I BadgeProvider: sendNotify, [notify] : null
04-19 15:59:41.831 20891 20891 I BadgeProvider: update, getCallingPackage() : com.sec.android.provider.badge
04-19 15:59:41.831 20891 20891 I BadgeProvider: update, [uri] : content://com.sec.badge/apps
04-19 15:59:41.831 20891 20891 I BadgeProvider: update, [uri.query] : null
04-19 15:59:41.831 20891 20891 I BadgeProvider: update, [BadgeCount] : badgecount=0
04-19 15:59:41.831 20891 20891 I BadgeProvider: update, [UpdateCount] : 1
04-19 15:59:41.851 20891 20905 I BadgeProvider: query, [selection] : package=?
04-19 15:59:41.855 20891 20891 I BadgeCountReceiver: badge intent : Intent { act=android.intent.action.BADGE_COUNT_UPDATE flg=0x1000010 cmp=com.sec.android.provider.badge/.BadgeCountReceiver (has extras) }
04-19 15:59:41.855 20891 20891 I BadgeCountReceiver: packageName: org.telegram.messenger, className: org.telegram.messenger.NoxIcon, count: 0
04-19 15:59:41.860  4066  4066 I BadgeCountUpdaterImpl: onChange
04-19 15:59:41.864  4066  4066 I BadgeCountUpdaterImpl: onChange
04-19 15:59:41.865 20891 20891 I BadgeProvider: sendNotify entered. [uri] : content://com.sec.badge/apps
04-19 15:59:41.865 20891 20891 I BadgeProvider: sendNotify, [notify] : null
04-19 15:59:41.866 20891 20905 E DatabaseUtils: Writing exception to parcel
04-19 15:59:41.866 20891 20905 E DatabaseUtils: java.lang.SecurityException: Permission Denial: writing com.sec.android.provider.badge.BadgeProvider uri content://com.sec.badge/apps?notify=true from pid=20592, uid=10268 requires com.sec.android.provider.badge.permission.WRITE, or grantUriPermission()
04-19 15:59:41.866 20891 20905 E DatabaseUtils: 	at android.content.ContentProvider.enforceWritePermissionInner(ContentProvider.java:1025)
04-19 15:59:41.866 20891 20905 E DatabaseUtils: 	at android.content.ContentProvider.semEnforceWritePermission(ContentProvider.java:951)
04-19 15:59:41.866 20891 20905 E DatabaseUtils: 	at android.content.ContentProvider$Transport.enforceWritePermission(ContentProvider.java:730)
04-19 15:59:41.866 20891 20905 E DatabaseUtils: 	at android.content.ContentProvider$Transport.update(ContentProvider.java:462)
04-19 15:59:41.866 20891 20905 E DatabaseUtils: 	at android.content.ContentProviderNative.onTransact(ContentProviderNative.java:231)
04-19 15:59:41.866 20891 20905 E DatabaseUtils: 	at android.os.Binder.execTransactInternal(Binder.java:1321)
04-19 15:59:41.866 20891 20905 E DatabaseUtils: 	at android.os.Binder.execTransact(Binder.java:1280)
04-19 15:59:41.868 20891 20891 I BadgeProvider: update, getCallingPackage() : com.sec.android.provider.badge
04-19 15:59:41.868 20891 20891 I BadgeProvider: update, [uri] : content://com.sec.badge/apps
04-19 15:59:41.868 20891 20891 I BadgeProvider: update, [uri.query] : null
04-19 15:59:41.868 20891 20891 I BadgeProvider: update, [BadgeCount] : badgecount=0
04-19 15:59:41.868 20891 20891 I BadgeProvider: update, [UpdateCount] : 1
04-19 15:59:41.875 20891 20904 I BadgeProvider: query, [selection] : package=?
04-19 15:59:41.881 20891 20904 E DatabaseUtils: Writing exception to parcel
04-19 15:59:41.881 20891 20904 E DatabaseUtils: java.lang.SecurityException: Permission Denial: writing com.sec.android.provider.badge.BadgeProvider uri content://com.sec.badge/apps?notify=true from pid=20592, uid=10268 requires com.sec.android.provider.badge.permission.WRITE, or grantUriPermission()
04-19 15:59:41.881 20891 20904 E DatabaseUtils: 	at android.content.ContentProvider.enforceWritePermissionInner(ContentProvider.java:1025)
04-19 15:59:41.881 20891 20904 E DatabaseUtils: 	at android.content.ContentProvider.semEnforceWritePermission(ContentProvider.java:951)
04-19 15:59:41.881 20891 20904 E DatabaseUtils: 	at android.content.ContentProvider$Transport.enforceWritePermission(ContentProvider.java:730)
04-19 15:59:41.881 20891 20904 E DatabaseUtils: 	at android.content.ContentProvider$Transport.update(ContentProvider.java:462)
04-19 15:59:41.881 20891 20904 E DatabaseUtils: 	at android.content.ContentProviderNative.onTransact(ContentProviderNative.java:231)
04-19 15:59:41.881 20891 20904 E DatabaseUtils: 	at android.os.Binder.execTransactInternal(Binder.java:1321)
04-19 15:59:41.881 20891 20904 E DatabaseUtils: 	at android.os.Binder.execTransact(Binder.java:1280)
04-19 15:59:41.887 20891 20891 I BadgeCountReceiver: badge intent : Intent { act=android.intent.action.BADGE_COUNT_UPDATE flg=0x1000010 cmp=com.sec.android.provider.badge/.BadgeCountReceiver (has extras) }
04-19 15:59:41.887 20891 20891 I BadgeCountReceiver: packageName: org.telegram.messenger, className: org.telegram.messenger.NoxIcon, count: 0
04-19 15:59:41.889  4066  4066 I BadgeCountUpdaterImpl: onChange
04-19 15:59:41.891  4066  4066 I BadgeCountUpdaterImpl: onChange
04-19 15:59:41.892 20891 20891 I BadgeProvider: sendNotify entered. [uri] : content://com.sec.badge/apps
04-19 15:59:41.892 20891 20891 I BadgeProvider: sendNotify, [notify] : null
04-19 15:59:41.897 20891 20891 I BadgeProvider: update, getCallingPackage() : com.sec.android.provider.badge
04-19 15:59:41.897 20891 20891 I BadgeProvider: update, [uri] : content://com.sec.badge/apps
04-19 15:59:41.897 20891 20891 I BadgeProvider: update, [uri.query] : null
04-19 15:59:41.897 20891 20891 I BadgeProvider: update, [BadgeCount] : badgecount=0
04-19 15:59:41.897 20891 20891 I BadgeProvider: update, [UpdateCount] : 1
04-19 15:59:41.931 20846 20846 I SENL$ShareFileProvider: attachInfo, ProviderInfo info: ContentProviderInfo{name=com.samsung.android.app.notes.shareprovider className=com.samsung.android.support.senl.nt.base.framework.provider.ShareFileProvider}
04-19 15:59:41.950 20891 20904 I BadgeProvider: query, [selection] : package=?
04-19 15:59:41.953 20465 20477 W libc    : Access denied finding property "sys.perf.boostopt"
04-19 15:59:41.956 20891 20891 I BadgeCountReceiver: badge intent : Intent { act=android.intent.action.BADGE_COUNT_UPDATE flg=0x1000010 cmp=com.sec.android.provider.badge/.BadgeCountReceiver (has extras) }
04-19 15:59:41.956 20891 20891 I BadgeCountReceiver: packageName: org.telegram.messenger, className: org.telegram.messenger.NoxIcon, count: 0
04-19 15:59:41.957 20891 20904 E DatabaseUtils: Writing exception to parcel
04-19 15:59:41.957 20891 20904 E DatabaseUtils: java.lang.SecurityException: Permission Denial: writing com.sec.android.provider.badge.BadgeProvider uri content://com.sec.badge/apps?notify=true from pid=20592, uid=10268 requires com.sec.android.provider.badge.permission.WRITE, or grantUriPermission()
04-19 15:59:41.957 20891 20904 E DatabaseUtils: 	at android.content.ContentProvider.enforceWritePermissionInner(ContentProvider.java:1025)
04-19 15:59:41.957 20891 20904 E DatabaseUtils: 	at android.content.ContentProvider.semEnforceWritePermission(ContentProvider.java:951)
04-19 15:59:41.957 20891 20904 E DatabaseUtils: 	at android.content.ContentProvider$Transport.enforceWritePermission(ContentProvider.java:730)
04-19 15:59:41.957 20891 20904 E DatabaseUtils: 	at android.content.ContentProvider$Transport.update(ContentProvider.java:462)
04-19 15:59:41.957 20891 20904 E DatabaseUtils: 	at android.content.ContentProviderNative.onTransact(ContentProviderNative.java:231)
04-19 15:59:41.957 20891 20904 E DatabaseUtils: 	at android.os.Binder.execTransactInternal(Binder.java:1321)
04-19 15:59:41.957 20891 20904 E DatabaseUtils: 	at android.os.Binder.execTransact(Binder.java:1280)
04-19 15:59:41.961  4066  4066 I BadgeCountUpdaterImpl: onChange
04-19 15:59:41.966  4066  4066 I BadgeCountUpdaterImpl: onChange
04-19 15:59:41.970 20891 20891 I BadgeProvider: sendNotify entered. [uri] : content://com.sec.badge/apps
04-19 15:59:41.970 20891 20891 I BadgeProvider: sendNotify, [notify] : null
04-19 15:59:41.971 20891 20891 I BadgeProvider: update, getCallingPackage() : com.sec.android.provider.badge
04-19 15:59:41.971 20891 20891 I BadgeProvider: update, [uri] : content://com.sec.badge/apps
04-19 15:59:41.972 20891 20891 I BadgeProvider: update, [uri.query] : null
04-19 15:59:41.972 20891 20891 I BadgeProvider: update, [BadgeCount] : badgecount=0
04-19 15:59:41.972 20891 20891 I BadgeProvider: update, [UpdateCount] : 1
04-19 15:59:42.002 20846 20846 I [scsettingv2std][2.0.13.0]: onCreate:
04-19 15:59:42.015 20846 20846 I SENL$HashTagNoteProvider: onCreate
04-19 15:59:42.023 20846 20846 I SENL$ClipDataContentProvider: attachInfo, ProviderInfo info: ContentProviderInfo{name=com.samsung.android.app.notes.clipdatacontentprovider className=com.samsung.android.support.senl.nt.base.framework.provider.ClipDataContentProvider}
04-19 15:59:42.035 20846 20846 I SENL$NotesMain$ManageTrashProvider: onCreate
04-19 15:59:42.043 20846 20846 I CapsuleProvider_1.0.23: onCreate
04-19 15:59:42.047 20846 20846 I SENL$SC/SDocCountProvider: onCreate()
04-19 15:59:42.062 20846 20846 I SENL$NotesData$NotesDatabaseManager: getDatabase, inMemory : false
04-19 15:59:42.119 20846 20846 E SENL$NotesData$NotesSQLiteOpenHelperFactory: enableDataRecovery, e : com.samsung.android.app.notes.data.database.core.sqlite.NotesSQLiteOpenHelper.semSetUserDataRecoveryEnabled [boolean]
04-19 15:59:42.154 20846 20846 I SENL$NotesMain$SettingsSearchProvider: onCreate#
04-19 15:59:42.154 20846 20846 I SENL$NotesMain$SettingsSearchProvider: initMainScreenMenus#
04-19 15:59:42.163 20846 20846 I SENL$UserHandleCompat: Main user!
04-19 15:59:42.169  4066  4127 I BadgeCountUpdaterImpl: reload badge without refresh
04-19 15:59:42.175 20846 20846 I SENL$SC/CommonUtils: hasCloudSetting: true <- ver >= 5.0.5
04-19 15:59:42.175  5628  5714 W libprocessgroup: Failed to open /dev/blkio//cgroup.procs: No such file or directory
04-19 15:59:42.192 20846 20846 I SENL$NotesMain$SettingsSearchProvider: initImportScreenMenus#
04-19 15:59:42.193 20891 20904 I BadgeProvider: query, [selection] : null
04-19 15:59:42.196 20846 20846 I SENL$SystemPropertiesCompat: getDeviceType, deviceType : phone
04-19 15:59:42.196 20592 20680 D CompatibilityChangeReporter: Compat change id reported: 194532703; UID 10268; state: DISABLED
04-19 15:59:42.197 20846 20846 I SENL$NotesMain$SettingsSearchProvider: initLookWhenSavedScreenMenus#
04-19 15:59:42.197 20846 20846 I SENL$NotesMain$SettingsSearchProvider: initLockScreenMenus#
04-19 15:59:42.200 20592 20717 D CompatibilityChangeReporter: Compat change id reported: 160794467; UID 10268; state: ENABLED
04-19 15:59:42.202 20846 20846 W SENL$LockUtils: password is not set
04-19 15:59:42.210  5628  5714 W libprocessgroup: Failed to open /dev/blkio//cgroup.procs: No such file or directory
04-19 15:59:42.217  5628  5714 W libprocessgroup: Failed to open /dev/blkio//cgroup.procs: No such file or directory
04-19 15:59:42.222 20846 20846 I SENL$NotesMain$SettingsSearchProvider: secQueryGetFingerprint#
04-19 15:59:42.237  4066  4127 I BadgeCache: update cache : com.vkontakte.android user : UserHandle{0}  count : 7
04-19 15:59:42.250  4066  4127 I BadgeCache: update cache : com.vkontakte.android user : UserHandle{0}  count : 1
04-19 15:59:42.251 20846 20866 E SENL$SC/@NotesSyncRpcProvider: isSupported() : java.lang.NullPointerException: Attempt to invoke interface method 'android.content.Context d0.a.getAppContext()' on a null object reference
04-19 15:59:42.251 20846 20866 I SENL$SC/@NotesSyncRpcProvider: isSupported() : true
04-19 15:59:42.251 20846 20866 I [scsettingv2std][2.0.13.0]: isSupported: true
04-19 15:59:42.256 20676 20836 I [SC][DEPENDENCY][STD][com.samsung.android.app.notes.sync][STANDALONE]: isSupported: true
04-19 15:59:42.258 20846 20866 E SENL$SC/@NotesSyncRpcProvider: getAutoSync() : java.lang.NullPointerException: Attempt to invoke interface method 'android.content.Context d0.a.getAppContext()' on a null object reference
04-19 15:59:42.258 20846 20866 I SENL$SC/@NotesSyncRpcProvider: getAutoSync() : false
04-19 15:59:42.258 20846 20866 I [scsettingv2std][2.0.13.0]: getAutoSync: false
04-19 15:59:42.258  4066  4127 I BadgeCache: reloadBadge size : 1
04-19 15:59:42.260 20676 20836 I [SC][DEPENDENCY][STD][com.samsung.android.app.notes.sync][STANDALONE]: getAutoSync: false
04-19 15:59:42.283  4378  4378 I hwservicemanager: getTransport: Cannot find entry android.hardware.graphics.mapper@4.0::IMapper/default in either framework or device VINTF manifest.
04-19 15:59:42.284 20592 20717 I Gralloc4: mapper 4.x is not supported
04-19 15:59:42.286  4378  4378 I hwservicemanager: getTransport: Cannot find entry android.hardware.graphics.mapper@3.0::IMapper/default in either framework or device VINTF manifest.
04-19 15:59:42.287 20592 20717 W Gralloc3: mapper 3.x is not supported
04-19 15:59:42.289 20846 20866 I SENL$SC/SyncSettingsUtil: SETTINGS_WIFI_SYNC_ONLY is true
04-19 15:59:42.289 20846 20866 I SENL$SC/@NotesSyncRpcProvider: getNetworkOption() : 1
04-19 15:59:42.289 20846 20866 I [scsettingv2std][2.0.13.0]: getNetworkOption: 1
04-19 15:59:42.290 20676 20836 I [SC][DEPENDENCY][STD][com.samsung.android.app.notes.sync][STANDALONE]: getNetworkOption: 1
04-19 15:59:42.290 20676 20836 I [SC]SyncSettingManager: getCategory: com.samsung.android.app.notes.sync
04-19 15:59:42.295 20846 20846 I SENL$NotesData$NotesDatabaseManager: init!
04-19 15:59:42.304 20846 20846 I SENL$NotesData$RequestBuilder: request, runnable : com.samsung.android.app.notes.data.repository.category.NotesCategoryTreeRepository$2@39c1db5
04-19 15:59:42.305 20846 20846 I SENL$NotesData$RequestBuilder: executeOn, executor : com.samsung.android.app.notes.data.database.core.executor.NotesDataTaskExecutor$2@983fc4a
04-19 15:59:42.305 20846 20846 I SENL$NotesData$RequestBuilder: execute, mDelegate : com.samsung.android.app.notes.data.database.core.executor.NotesDataTaskExecutor$2@983fc4a
04-19 15:59:42.305 20846 20846 I SENL$NotesData$RequestBuilder: setDefaultExecutor, mDelegate : com.samsung.android.app.notes.data.database.core.executor.NotesDataTaskExecutor$2@983fc4a
04-19 15:59:42.306 20676 20836 I [SC]SyncSettingManager: getIsSyncable: com.samsung.android.app.notes.sync
04-19 15:59:42.307 20592 20717 I gralloc : Arm Module v1.0
04-19 15:59:42.316  4378  4378 I hwservicemanager: getTransport: Cannot find entry android.hardware.graphics.allocator@4.0::IAllocator/default in either framework or device VINTF manifest.
04-19 15:59:42.318 20846 20866 E SENL$SC/@NotesSyncRpcProvider: getIsSyncable() : java.lang.NullPointerException: Attempt to invoke interface method 'android.content.Context d0.a.getAppContext()' on a null object reference
04-19 15:59:42.318 20846 20866 I SENL$SC/@NotesSyncRpcProvider: getIsSyncable() : 1
04-19 15:59:42.318 20846 20866 I [scsettingv2std][2.0.13.0]: getIsSyncable: 1
04-19 15:59:42.320 20676 20836 I [SC][DEPENDENCY][STD][com.samsung.android.app.notes.sync][STANDALONE]: getIsSyncable: 1
04-19 15:59:42.320 20676 20836 I [SC]SyncSettingManager: setSyncStatus: SyncStatusVo{authority='com.samsung.android.app.notes.sync', state='INACTIVE', errorCode='999'}
04-19 15:59:42.321 20676 20836 I [SC]SyncSettingManager: getContentVo: com.samsung.android.app.notes.sync, aWluBInwWH
04-19 15:59:42.327 20846 20923 I SENL$NotesData$RequestBuilder: run - start
04-19 15:59:42.327 20846 20923 I SENL$NotesData$RequestBuilder: executeRunnable
04-19 15:59:42.329  4377  5719 I servicemanager: Could not find android.hardware.graphics.allocator.IAllocator/default in the VINTF manifest.
04-19 15:59:42.329 20846 20923 I SENL$NotesData$NotesCategoryTreeRepository: getCategoryEntity, targetUuid : uncategorized:///
04-19 15:59:42.329 20592 20717 W Gralloc4: allocator 4.x is not supported
04-19 15:59:42.332  4378  4378 I hwservicemanager: getTransport: Cannot find entry android.hardware.graphics.allocator@3.0::IAllocator/default in either framework or device VINTF manifest.
04-19 15:59:42.333 20592 20717 W Gralloc3: allocator 3.x is not supported
04-19 15:59:42.334 20846 20846 I SENL$NotesData$MainListRepository: getAll_LiveData with param
04-19 15:59:42.335 20846 20846 I SENL$NotesData$SortQuery: getSortColumn, column : lastModifiedAt, sortType : 2
04-19 15:59:42.365 20846 20846 I SENL$PackageManagerCompat: is Memo package? false
04-19 15:59:42.386 20592 20672 I AppWidgetManager: notifyAppWidgetViewDataChanged() appWidgetIds = [43], viewId = 2131230850
04-19 15:59:42.387 20846 20846 I SENL$BixbyManager: setup activate : true
04-19 15:59:42.390 20846 20846 I SENL$BixbyExecutor: BixbyExecutor
04-19 15:59:42.391 20846 20846 I CapsuleProvider_1.0.23: releasing initialize wait lock.
04-19 15:59:42.392 20846 20846 I SENL$BixbyExecutor: addActionHandler
04-19 15:59:42.400 20846 20846 I SENL$SC/@SyncInitializer: quickInitialize() start
04-19 15:59:42.400 20846 20846 I SENL$SC/@SyncInitializer: quickInitialize() finish
04-19 15:59:42.403 20846 20846 I SENL$MemoApplication: sendRestoreDocumentAction, send restore action - start
04-19 15:59:42.404 20846 20846 I SENL$MemoApplication: sendRestoreDocumentAction, send restore action - end
04-19 15:59:42.408 20846 20923 I SENL$NotesData$NotesSQLiteCursorFactory: getDbSize
04-19 15:59:42.410 20846 20923 I SENL$NotesData$NotesSQLiteCursorFactory: getDbSize:188416
04-19 15:59:42.471 20556 20649 D [MdeResource]AutoSyncForAllItemsOffChecker: Status IDs : []
04-19 15:59:42.471 20556 20649 I ActionDispatcher: executeAction : tag = get/auto_backup_for_all_items_off
04-19 15:59:42.471 20556 20649 D [MdeResource]AutoBackupForAllItemsOffChecker: Status tag : backup
04-19 15:59:42.471 20556 20649 I [scsettingv2suggestion][2.0.11.0]: getStatusIds
04-19 15:59:42.473 20676 20700 I [SC]SCloudStatusProvider: tagId: backup, method: get_status_ids, arg: null
04-19 15:59:42.477 20676 20938 I [SC][AUTH]AuthUtil: getAuthData
04-19 15:59:42.500 20846 20923 I SENL$NotesData$NotesCategoryTreeRepository: getCategoryEntity, targetUuid : trash:///
04-19 15:59:42.510 20846 20923 I SENL$NotesData$NotesCategoryTreeRepository: getCategoryEntity, targetUuid : old:///
04-19 15:59:42.551 20846 20923 I SENL$NotesData$NotesCategoryTreeRepository: getCategoryEntity, targetUuid : 1
04-19 15:59:42.553 20846 20923 I SENL$NotesData$NotesCategoryTreeRepository: getCategoryEntity, targetUuid : 2
04-19 15:59:42.554 20846 20923 I SENL$NotesData$RequestBuilder: success
04-19 15:59:42.554 20846 20923 I SENL$NotesData$RequestBuilder: run - end
04-19 15:59:42.578 20592 20939 D OpenGLRenderer: RenderThread::requireGlContext()
04-19 15:59:42.616  5251  5251 D Zygote  : Forked child process 20940
04-19 15:59:42.691 20592 20939 D OpenGLRenderer: RenderThread::setGrContext()
04-19 15:59:42.732 30407 30407 I ResourceOverlayService_0: waitAndQuit called
04-19 15:59:42.734 30407 30407 I ResourceOverlayService_0: activity user id 0 process id 0
04-19 15:59:42.777 20940 20940 I .android.chrome: Using CollectorTypeCC GC.
04-19 15:59:42.847 27910 27910 D BoundBrokerSvc: onBind: Intent { act=com.google.android.gms.payse.service.BIND dat=chimera-action:/... cmp=com.google.android.gms/.chimera.GmsApiService }
04-19 15:59:42.847 27910 27910 D BoundBrokerSvc: Loading bound service for intent: Intent { act=com.google.android.gms.payse.service.BIND dat=chimera-action:/... cmp=com.google.android.gms/.chimera.GmsApiService }
04-19 15:59:42.881 20940 20940 E .android.chrome: Not starting debugger since process cannot load the jdwp agent.
04-19 15:59:42.976  5224  5224 E audit   : type=1400 audit(1681912782.969:103134): avc:  denied  { read } for  pid=20940 comm=".android.chrome" name="u:object_r:perf_prop:s0" dev="tmpfs" ino=16829 scontext=u:r:untrusted_app:s0:c238,c256,c512,c768 tcontext=u:object_r:perf_prop:s0 tclass=file permissive=0 SEPF_SM-A515F_13_0001 audit_filtered
04-19 15:59:42.976  5224  5224 E audit   : type=1300 audit(1681912782.969:103134): arch=40000028 syscall=322 per=8 success=no exit=-13 a0=ffffff9c a1=ffbaad98 a2=a8000 a3=0 items=0 ppid=5251 pid=20940 auid=4294967295 uid=10238 gid=10238 euid=10238 suid=10238 fsuid=10238 egid=10238 sgid=10238 fsgid=10238 tty=(none) ses=4294967295 comm=".android.chrome" exe="/system/bin/app_process32" subj=u:r:untrusted_app:s0:c238,c256,c512,c768 key=(null)
04-19 15:59:42.977 20940 20940 W libc    : Access denied finding property "sys.perf.boostopt"
04-19 15:59:42.977  5224  5224 E audit   : type=1327 audit(1681912782.969:103134): proctitle="zygote"
04-19 15:59:42.978 20940 20955 W libc    : Access denied finding property "sys.perf.boostopt"
04-19 15:59:42.978  5224  5224 E audit   : type=1400 audit(1681912782.973:103135): avc:  denied  { read } for  pid=20940 comm="binder:20940_1" name="u:object_r:perf_prop:s0" dev="tmpfs" ino=16829 scontext=u:r:untrusted_app:s0:c238,c256,c512,c768 tcontext=u:object_r:perf_prop:s0 tclass=file permissive=0 SEPF_SM-A515F_13_0001 audit_filtered
04-19 15:59:42.990 20940 20940 D ActivityThread: setConscryptValidator
04-19 15:59:42.991 20940 20940 D ActivityThread: setConscryptValidator - put
04-19 15:59:43.020 20592 20672 I AppWidgetManager: notifyAppWidgetViewDataChanged() appWidgetIds = [43], viewId = 2131230850
04-19 15:59:43.175 20891 20904 W libc    : Access denied finding property "sys.perf.boostopt"
04-19 15:59:43.198 20940 20955 W libc    : Access denied finding property "sys.perf.boostopt"
04-19 15:59:43.208 19806 19871 D SemCarrierFeature: update default carrier features
04-19 15:59:43.212 20940 20940 D CompatibilityChangeReporter: Compat change id reported: 171979766; UID 10238; state: ENABLED
04-19 15:59:43.218 27910 27910 D BoundBrokerSvc: onBind: Intent { act=com.google.android.gms.ocr.service.START dat=chimera-action:/... cmp=com.google.android.gms/.chimera.GmsApiService }
04-19 15:59:43.218 27910 27910 D BoundBrokerSvc: Loading bound service for intent: Intent { act=com.google.android.gms.ocr.service.START dat=chimera-action:/... cmp=com.google.android.gms/.chimera.GmsApiService }
04-19 15:59:43.229  5628  8445 D WifiConnectivityMonitor: start WCM Poll.
04-19 15:59:43.242  5250  5250 D Zygote  : Forked child process 20965
04-19 15:59:43.258 19806 19871 D FeatureUtil: filePath /optics/configs/carriers/single/SER/conf/system/customer_carrier_feature.json carrierGroup SER canonicalId -1
04-19 15:59:43.278 20592 20717 W Notification: Bubbles work best with icons of TYPE_URI or TYPE_URI_ADAPTIVE_BITMAP. In the future, using an icon of this type will be required.
04-19 15:59:43.285 19806 19871 D FeatureUtil: filePath /omr/carrier/0/customer_carrier_feature.json carrierGroup SER canonicalId -1
04-19 15:59:43.290 20965 20965 I id.app.reminder: Using CollectorTypeCC GC.
04-19 15:59:43.298 20965 20965 E id.app.reminder: Not starting debugger since process cannot load the jdwp agent.
04-19 15:59:43.298 19806 19871 D SemCarrierFeature: update carrier features : 0/1016
04-19 15:59:43.298 19806 19871 D FeatureUtil: filePath /optics/configs/carriers/single/SER/conf/system/customer_carrier_feature.json carrierGroup SER canonicalId 1016
04-19 15:59:43.306 19806 19871 D FeatureUtil: filePath /omr/carrier/0/customer_carrier_feature.json carrierGroup SER canonicalId 1016
04-19 15:59:43.308 19806 19871 D SemCarrierFeature: update default carrier features
04-19 15:59:43.308 19806 19871 D FeatureUtil: filePath /optics/configs/carriers/single/SER/conf/system/customer_carrier_feature.json carrierGroup SER canonicalId -1
04-19 15:59:43.309  5628 11235 D ApplicationPolicy: isStatusBarNotificationAllowedAsUser: packageName = org.telegram.messenger,userId = 0
04-19 15:59:43.310 19806 19871 D FeatureUtil: filePath /omr/carrier/1/customer_carrier_feature.json carrierGroup SER canonicalId -1
04-19 15:59:43.310  5628 11235 D ApplicationPolicy: isStatusBarNotificationAllowedAsUser: packageName = org.telegram.messenger,userId = 0
04-19 15:59:43.313 19806 19871 D SemCarrierFeature: update carrier features : 1/30581
04-19 15:59:43.313 19806 19871 D FeatureUtil: filePath /optics/configs/carriers/single/SER/conf/system/customer_carrier_feature.json carrierGroup SER canonicalId 30581
04-19 15:59:43.315 20965 20965 W libc    : Access denied finding property "sys.perf.boostopt"
04-19 15:59:43.315 19806 19871 D FeatureUtil: filePath /omr/carrier/1/customer_carrier_feature.json carrierGroup SER canonicalId 30581
04-19 15:59:43.317 20965 20978 W libc    : Access denied finding property "sys.perf.boostopt"
04-19 15:59:43.321 20965 20965 D ActivityThread: setConscryptValidator
04-19 15:59:43.321 20965 20965 D ActivityThread: setConscryptValidator - put
04-19 15:59:43.327  5628  9811 D SemWifiUsabilityStatsMonitor: onWifiUsabilityStats - seqNum 36097, isSameBssidAndFreq true
04-19 15:59:43.329  5628  8422 I SemWifiLinkQualityMonitor: Link Qos Query: 0.020 ms / 409.907 Mbps (433 / 0.000 / 1.056)
04-19 15:59:43.333  5628  5708 I SemExecuteManagerService: onShortcutChanged: org.telegram.messenger0
04-19 15:59:43.373 20965 20978 W libc    : Access denied finding property "sys.perf.boostopt"
04-19 15:59:43.376 20965 20965 D CompatibilityChangeReporter: Compat change id reported: 171979766; UID 10150; state: ENABLED
04-19 15:59:43.383 31086 31239 D androidtc: Initializing SystemTextClassifier, type = System
04-19 15:59:43.400 20940 20940 W ziparchive: Unable to open '/data/app/~~RpkR0_sm3W-Oh4sXRQwrsw==/com.google.android.trichromelibrary_561504733-hFCVlqbi25VNoq6jEKYjAA==/base.dm': No such file or directory
04-19 15:59:43.401 20940 20940 W ziparchive: Unable to open '/data/app/~~RpkR0_sm3W-Oh4sXRQwrsw==/com.google.android.trichromelibrary_561504733-hFCVlqbi25VNoq6jEKYjAA==/base.dm': No such file or directory
04-19 15:59:43.410 20940 20940 W .android.chrome: Entry not found
04-19 15:59:43.428 20891 20961 I BadgeProvider: query, [selection] : package=?
04-19 15:59:43.428 20891 20891 I BadgeCountReceiver: badge intent : Intent { act=android.intent.action.BADGE_COUNT_UPDATE flg=0x1000010 cmp=com.sec.android.provider.badge/.BadgeCountReceiver (has extras) }
04-19 15:59:43.428 20891 20891 I BadgeCountReceiver: packageName: org.telegram.messenger, className: org.telegram.messenger.NoxIcon, count: 1
04-19 15:59:43.433  4066  4066 I BadgeCountUpdaterImpl: onChange
04-19 15:59:43.435  4066  4066 I BadgeCountUpdaterImpl: onChange
04-19 15:59:43.435 20891 20891 I BadgeProvider: sendNotify entered. [uri] : content://com.sec.badge/apps
04-19 15:59:43.436 20891 20891 I BadgeProvider: sendNotify, [notify] : null
04-19 15:59:43.436 20592 20609 D CompatibilityChangeReporter: Compat change id reported: 150939131; UID 10268; state: ENABLED
04-19 15:59:43.436 20891 20891 I BadgeProvider: update, getCallingPackage() : com.sec.android.provider.badge
04-19 15:59:43.436 20891 20891 I BadgeProvider: update, [uri] : content://com.sec.badge/apps
04-19 15:59:43.436 20891 20891 I BadgeProvider: update, [uri.query] : null
04-19 15:59:43.436 20891 20891 I BadgeProvider: update, [BadgeCount] : badgecount=1
04-19 15:59:43.436 20891 20891 I BadgeProvider: update, [UpdateCount] : 1
04-19 15:59:43.437 20891 20904 E DatabaseUtils: Writing exception to parcel
04-19 15:59:43.437 20891 20904 E DatabaseUtils: java.lang.SecurityException: Permission Denial: writing com.sec.android.provider.badge.BadgeProvider uri content://com.sec.badge/apps?notify=true from pid=20592, uid=10268 requires com.sec.android.provider.badge.permission.WRITE, or grantUriPermission()
04-19 15:59:43.437 20891 20904 E DatabaseUtils: 	at android.content.ContentProvider.enforceWritePermissionInner(ContentProvider.java:1025)
04-19 15:59:43.437 20891 20904 E DatabaseUtils: 	at android.content.ContentProvider.semEnforceWritePermission(ContentProvider.java:951)
04-19 15:59:43.437 20891 20904 E DatabaseUtils: 	at android.content.ContentProvider$Transport.enforceWritePermission(ContentProvider.java:730)
04-19 15:59:43.437 20891 20904 E DatabaseUtils: 	at android.content.ContentProvider$Transport.update(ContentProvider.java:462)
04-19 15:59:43.437 20891 20904 E DatabaseUtils: 	at android.content.ContentProviderNative.onTransact(ContentProviderNative.java:231)
04-19 15:59:43.437 20891 20904 E DatabaseUtils: 	at android.os.Binder.execTransactInternal(Binder.java:1321)
04-19 15:59:43.437 20891 20904 E DatabaseUtils: 	at android.os.Binder.execTransact(Binder.java:1280)
04-19 15:59:43.446 20940 20940 D nativeloader: Configuring classloader-namespace for other apk /data/app/~~RpkR0_sm3W-Oh4sXRQwrsw==/com.google.android.trichromelibrary_561504733-hFCVlqbi25VNoq6jEKYjAA==/base.apk. target_sdk_version=33, uses_libraries=ALL, library_path=/data/app/~~RIy_iC1RWg22fJP7YzKyNA==/com.android.chrome-4a1cBN-UJIZrd5oqUxxe-A==/lib/arm:/data/app/~~RIy_iC1RWg22fJP7YzKyNA==/com.android.chrome-4a1cBN-UJIZrd5oqUxxe-A==/base.apk!/lib/armeabi-v7a:/data/app/~~RpkR0_sm3W-Oh4sXRQwrsw==/com.google.android.trichromelibrary_561504733-hFCVlqbi25VNoq6jEKYjAA==/base.apk!/lib/armeabi-v7a, permitted_path=/data:/mnt/expand:/data/user/0/com.android.chrome
04-19 15:59:43.446 20940 20940 D nativeloader: Extending system_exposed_libraries: libhumantracking.arcsoft.so:libPortraitDistortionCorrection.arcsoft.so:libPortraitDistortionCorrectionCali.arcsoft.so:libface_landmark.arcsoft.so:libFacialStickerEngine.arcsoft.so:libveengine.arcsoft.so:liblow_light_hdr.arcsoft.so:libhigh_dynamic_range.arcsoft.so:libFacialAttributeDetection.arcsoft.so:libBeauty_v4.camera.samsung.so:libexifa.camera.samsung.so:libjpega.camera.samsung.so:libOpenCv.camera.samsung.so:libImageScreener.camera.samsung.so:libMyFilter.camera.samsung.so:libtensorflowLite.myfilter.camera.samsung.so:libtensorflowlite_inference_api.myfilter.camera.samsung.so:libEventFinder.camera.samsung.so:libHIDTSnapJNI.camera.samsung.so:libSmartScan.camera.samsung.so:libRectify.camera.samsung.so:libDocRectifyWrapper.camera.samsung.so:libUltraWideDistortionCorrection.camera.samsung.so:libHpr_RecGAE_cvFeature_v1.0.camera.samsung.so:libHprFace_GAE_api.camera.samsung.so:libFace_Landmark_API.camera.samsung.so:libHprFace_GAE_jni.camera.samsung.so:libFacialBasedSelfieCorrec
04-19 15:59:43.481 20940 20940 D nativeloader: Configuring classloader-namespace for other apk /data/app/~~RIy_iC1RWg22fJP7YzKyNA==/com.android.chrome-4a1cBN-UJIZrd5oqUxxe-A==/base.apk. target_sdk_version=33, uses_libraries=, library_path=/data/app/~~RIy_iC1RWg22fJP7YzKyNA==/com.android.chrome-4a1cBN-UJIZrd5oqUxxe-A==/lib/arm:/data/app/~~RIy_iC1RWg22fJP7YzKyNA==/com.android.chrome-4a1cBN-UJIZrd5oqUxxe-A==/base.apk!/lib/armeabi-v7a:/data/app/~~RpkR0_sm3W-Oh4sXRQwrsw==/com.google.android.trichromelibrary_561504733-hFCVlqbi25VNoq6jEKYjAA==/base.apk!/lib/armeabi-v7a, permitted_path=/data:/mnt/expand:/data/user/0/com.android.chrome
04-19 15:59:43.488  5628  5708 I SemExecuteManagerService: onShortcutChanged: org.telegram.messenger0
04-19 15:59:43.511 20940 20940 W .android.chrome: JIT profile information will not be recorded: profile file does not exist.
04-19 15:59:43.512 20940 20940 W .android.chrome: JIT profile information will not be recorded: profile file does not exist.
04-19 15:59:43.530  5445 11482 D CameraService: getNumberOfCameras E
04-19 15:59:43.535  5445 11482 D CameraService: getNumberOfCameras X: ok
04-19 15:59:43.538  5445 11482 D CameraService: getNumberOfCameras E
04-19 15:59:43.539  5445 11482 D CameraService: getNumberOfCameras X: ok
04-19 15:59:43.546  8815  9668 E DatabaseUtils: Writing exception to parcel
04-19 15:59:43.546  8815  9668 E DatabaseUtils: java.lang.SecurityException: No permission to access APN settings
04-19 15:59:43.546  8815  9668 E DatabaseUtils: 	at com.android.providers.telephony.TelephonyProvider.checkPermissionForApnTable(TelephonyProvider.java:7347)
04-19 15:59:43.546  8815  9668 E DatabaseUtils: 	at com.android.providers.telephony.TelephonyProvider.checkPermission(TelephonyProvider.java:7319)
04-19 15:59:43.546  8815  9668 E DatabaseUtils: 	at com.android.providers.telephony.TelephonyProvider.checkPermissionCompat(TelephonyProvider.java:7364)
04-19 15:59:43.546  8815  9668 E DatabaseUtils: 	at com.android.providers.telephony.TelephonyProvider.query(TelephonyProvider.java:5493)
04-19 15:59:43.546  8815  9668 E DatabaseUtils: 	at android.content.ContentProvider.query(ContentProvider.java:1526)
04-19 15:59:43.546  8815  9668 E DatabaseUtils: 	at android.content.ContentProvider.query(ContentProvider.java:1622)
04-19 15:59:43.546  8815  9668 E DatabaseUtils: 	at android.content.ContentProvider$Transport.query(ContentProvider.java:290)
04-19 15:59:43.546  8815  9668 E DatabaseUtils: 	at android.content.ContentProviderNative.onTransact(ContentProviderNative.java:107)
04-19 15:59:43.546  8815  9668 E DatabaseUtils: 	at android.os.Binder.execTransactInternal(Binder.java:1316)
04-19 15:59:43.546  8815  9668 E DatabaseUtils: 	at android.os.Binder.execTransact(Binder.java:1280)
04-19 15:59:43.547  5445 11482 D CameraService: getCameraInfo E: 0
04-19 15:59:43.554  5445 11482 D CameraService: getCameraInfo X
04-19 15:59:43.574 19806 19871 E RequestContextBuilder: Could not query TelephonyProvider
04-19 15:59:43.574 19806 19871 E RequestContextBuilder: java.lang.SecurityException: No permission to access APN settings
04-19 15:59:43.574 19806 19871 E RequestContextBuilder: 	at android.os.Parcel.createExceptionOrNull(Parcel.java:3023)
04-19 15:59:43.574 19806 19871 E RequestContextBuilder: 	at android.os.Parcel.createException(Parcel.java:3007)
04-19 15:59:43.574 19806 19871 E RequestContextBuilder: 	at android.os.Parcel.readException(Parcel.java:2990)
04-19 15:59:43.574 19806 19871 E RequestContextBuilder: 	at android.database.DatabaseUtils.readExceptionFromParcel(DatabaseUtils.java:190)
04-19 15:59:43.574 19806 19871 E RequestContextBuilder: 	at android.database.DatabaseUtils.readExceptionFromParcel(DatabaseUtils.java:142)
04-19 15:59:43.574 19806 19871 E RequestContextBuilder: 	at android.content.ContentProviderProxy.query(ContentProviderNative.java:481)
04-19 15:59:43.574 19806 19871 E RequestContextBuilder: 	at android.content.ContentResolver.query(ContentResolver.java:1226)
04-19 15:59:43.574 19806 19871 E RequestContextBuilder: 	at android.content.ContentResolver.query(ContentResolver.java:1158)
04-19 15:59:43.574 19806 19871 E RequestContextBuilder: 	at android.content.ContentResolver.query(ContentResolver.java:1114)
04-19 15:59:43.574 19806 19871 E RequestContextBuilder: 	at alsh.b(PG:7)
04-19 15:59:43.574 19806 19871 E RequestContextBuilder: 	at alsh.a(PG:18)
04-19 15:59:43.574 19806 19871 E RequestContextBuilder: 	at alot.a(PG:47)
04-19 15:59:43.574 19806 19871 E RequestContextBuilder: 	at alon.s(PG:5)
04-19 15:59:43.574 19806 19871 E RequestContextBuilder: 	at alon.o(PG:46)
04-19 15:59:43.574 19806 19871 E RequestContextBuilder: 	at kdn.call(PG:47)
04-19 15:59:43.574 19806 19871 E RequestContextBuilder: 	at anul.a(Unknown Source:2)
04-19 15:59:43.574 19806 19871 E RequestContextBuilder: 	at antp.run(PG:3)
04-19 15:59:43.574 19806 19871 E RequestContextBuilder: 	at anum.run(Unknown Source:4)
04-19 15:59:43.574 19806 19871 E RequestContextBuilder: 	at java.util.concurrent.ThreadPoolExecutor.runWorker(ThreadPoolExecutor.java:1137)
04-19 15:59:43.574 19806 19871 E RequestContextBuilder: 	at java.util.concurrent.ThreadPoolExecutor$Worker.run(ThreadPoolExecutor.java:637)
04-19 15:59:43.574 19806 19871 E RequestContextBuilder: 	at kre.run(PG:12)
04-19 15:59:43.574 19806 19871 E RequestContextBuilder: 	at java.lang.Thread.run(Thread.java:1012)
04-19 15:59:43.579  5628  5628 I AccessibilityManager: semStartFlashNotification notitype = msg, getOpPackageName = android, sbnPackageName = org.telegram.messenger
04-19 15:59:43.587  5628  5628 D AccessibilityManagerService: semStartFlashNotification
04-19 15:59:43.588  5628  5628 I AccessibilityManagerService: semStartFlashNotificationInner() type=Default, pkgName=android, token=android.os.Binder@f2c1ecc, sbnPkgName=org.telegram.messenger, previewType=0
04-19 15:59:43.588  5628  5628 D AccessibilityManagerService: Can not use light notification
04-19 15:59:43.610  6057  6576 I NotificationPipeline: Processing new notification: 0|org.telegram.messenger|126577043|null|10268
04-19 15:59:43.612  4066  4066 I Launcher.NotificationListener: onNotificationPosted : org.telegram.messenger number : 1
04-19 15:59:43.620  8513  8513 D InterruptionStateProvider: Group alert behavior is suppressed but we want to alert bubble
04-19 15:59:43.621 27910 27910 D BoundBrokerSvc: onBind: Intent { act=com.google.android.gms.chimera.container.moduleinstall.ModuleInstallService.START dat=chimera-action:/... cmp=com.google.android.gms/.chimera.GmsApiService }
04-19 15:59:43.621 27910 27910 D BoundBrokerSvc: Loading bound service for intent: Intent { act=com.google.android.gms.chimera.container.moduleinstall.ModuleInstallService.START dat=chimera-action:/... cmp=com.google.android.gms/.chimera.GmsApiService }
04-19 15:59:43.620  8513  8513 D InterruptionStateProvider: Group alert behavior is suppressed but we want to alert bubble
04-19 15:59:43.624  8513  8513 D InterruptionStateProvider: Group alert behavior is suppressed but we want to alert bubble
04-19 15:59:43.624  8513  8513 D InterruptionStateProvider: Group alert behavior is suppressed but we want to alert bubble
04-19 15:59:43.624  8513  8513 D InterruptionStateProvider: Group alert behavior is suppressed but we want to alert bubble
04-19 15:59:43.625  4066  4127 I Launcher.NotificationListener: notificationIsValidForUI : org.telegram.messenger missingTitleAndText : false isGroupHeader : false
04-19 15:59:43.626  8513  8513 D InterruptionStateProvider: Group alert behavior is suppressed but we want to alert bubble
04-19 15:59:43.626  8513  8513 D InterruptionStateProvider: Group alert behavior is suppressed but we want to alert bubble
04-19 15:59:43.628  8492  8492 I FreeformContainer: [SmartPopupViewService] onNotificationPosted: StatusBarNotification(pkg=org.telegram.messenger user=UserHandle{0} id=126577043 tag=null key=0|org.telegram.messenger|126577043|null|10268: Notification(channel=0channel_private_c21f9_-1661474636190883206 shortcut=ndid_126577043 contentView=null vibrate=null sound=null defaults=0x0 flags=0x10 color=0xff11acfa category=msg sortKey=9223370354941998807 actions=2 vis=PRIVATE locusId=LocusId[14_chars] semFlags=0x0 semPriority=0 semMissedCount=0))
04-19 15:59:43.628  8492  8492 V FreeformContainer: [SmartPopupViewService] isSmartPopupViewTarget: org.telegram.messenger is not enabled
04-19 15:59:43.631  8513  8513 D InterruptionStateProvider: Group alert behavior is suppressed but we want to alert bubble
04-19 15:59:43.631  8513  8513 D InterruptionStateProvider: Group alert behavior is suppressed but we want to alert bubble
04-19 15:59:43.631  8513  8513 D InterruptionStateProvider: Group alert behavior is suppressed but we want to alert bubble
04-19 15:59:43.631  8513  8513 D InterruptionStateProvider: Group alert behavior is suppressed but we want to alert bubble
04-19 15:59:43.632  8513  8513 D InterruptionStateProvider: Group alert behavior is suppressed but we want to alert bubble
04-19 15:59:43.632  8513  8513 D InterruptionStateProvider: Group alert behavior is suppressed but we want to alert bubble
04-19 15:59:43.632  6057  6576 I Notification4Heart_NB: NotificationAlertUtil.getAlertType-result: 0
04-19 15:59:43.632  8513  8513 D InterruptionStateProvider: Group alert behavior is suppressed but we want to alert bubble
04-19 15:59:43.632  8513  8513 D InterruptionStateProvider: Group alert behavior is suppressed but we want to alert bubble
04-19 15:59:43.633  6057  6576 I Notification4Heart_NB: NotificationAlertUtil.getAlertTypeFromChannel-importance : 4
04-19 15:59:43.633  6057  6576 I Notification4Heart_NB: NotificationAlertUtil.isAlertNoti-alert : 3
04-19 15:59:43.634  6057  6576 I Notification4Heart_NB: PendingManager.getPendingState-SEND
04-19 15:59:43.634  6057  6576 I Notification4Heart_NB: NotificationBridgeCallback.onNotificationPosted-sent : 1681912777000, [0] org.telegram.messenger
04-19 15:59:43.635  4066  4127 I BadgeCountUpdaterImpl: reload badge without refresh
04-19 15:59:43.638  6057  6576 I NotificationPipeline: Flushing notifications queue, size: 1
04-19 15:59:43.641 20940 20940 V GraphicsEnvironment: ANGLE Developer option for 'com.android.chrome' set to: 'default'
04-19 15:59:43.643 20940 20940 V GraphicsEnvironment: ANGLE GameManagerService for com.android.chrome: false
04-19 15:59:43.643 20891 20904 I BadgeProvider: query, [selection] : null
04-19 15:59:43.644 20940 20940 V GraphicsEnvironment: Neither updatable production driver nor prerelease driver is supported.
04-19 15:59:43.660  8513  8599 D PeopleSpaceWidgetMgr: No app widget ids returned
04-19 15:59:43.662  8815  9667 E DatabaseUtils: Writing exception to parcel
04-19 15:59:43.662  8815  9667 E DatabaseUtils: java.lang.SecurityException: No permission to access APN settings
04-19 15:59:43.662  8815  9667 E DatabaseUtils: 	at com.android.providers.telephony.TelephonyProvider.checkPermissionForApnTable(TelephonyProvider.java:7347)
04-19 15:59:43.662  8815  9667 E DatabaseUtils: 	at com.android.providers.telephony.TelephonyProvider.checkPermission(TelephonyProvider.java:7319)
04-19 15:59:43.662  8815  9667 E DatabaseUtils: 	at com.android.providers.telephony.TelephonyProvider.checkPermissionCompat(TelephonyProvider.java:7364)
04-19 15:59:43.662  8815  9667 E DatabaseUtils: 	at com.android.providers.telephony.TelephonyProvider.query(TelephonyProvider.java:5493)
04-19 15:59:43.662  8815  9667 E DatabaseUtils: 	at android.content.ContentProvider.query(ContentProvider.java:1526)
04-19 15:59:43.662  8815  9667 E DatabaseUtils: 	at android.content.ContentProvider.query(ContentProvider.java:1622)
04-19 15:59:43.662  8815  9667 E DatabaseUtils: 	at android.content.ContentProvider$Transport.query(ContentProvider.java:290)
04-19 15:59:43.662  8815  9667 E DatabaseUtils: 	at android.content.ContentProviderNative.onTransact(ContentProviderNative.java:107)
04-19 15:59:43.662  8815  9667 E DatabaseUtils: 	at android.os.Binder.execTransactInternal(Binder.java:1316)
04-19 15:59:43.662  8815  9667 E DatabaseUtils: 	at android.os.Binder.execTransact(Binder.java:1280)
04-19 15:59:43.665  8513  8513 D PluginAODManager: onNotificationInfoUpdated() 0
04-19 15:59:43.666  8513  8513 I AODNotificationManager: updateVisibleNotifications: 0
04-19 15:59:43.666  8513  8513 I a       : updateStatusBarNotifications: open
04-19 15:59:43.666  8513  8513 I a       : updateStatusBarNotifications: open
04-19 15:59:43.673  4066  4127 I BadgeCache: update cache : com.vkontakte.android user : UserHandle{0}  count : 7
04-19 15:59:43.680 20940 20940 I LoadedApk: No resource references to update in package com.google.android.trichromelibrary
04-19 15:59:43.682 19806 19871 E RequestContextBuilder: Could not query TelephonyProvider
04-19 15:59:43.682 19806 19871 E RequestContextBuilder: java.lang.SecurityException: No permission to access APN settings
04-19 15:59:43.682 19806 19871 E RequestContextBuilder: 	at android.os.Parcel.createExceptionOrNull(Parcel.java:3023)
04-19 15:59:43.682 19806 19871 E RequestContextBuilder: 	at android.os.Parcel.createException(Parcel.java:3007)
04-19 15:59:43.682 19806 19871 E RequestContextBuilder: 	at android.os.Parcel.readException(Parcel.java:2990)
04-19 15:59:43.682 19806 19871 E RequestContextBuilder: 	at android.database.DatabaseUtils.readExceptionFromParcel(DatabaseUtils.java:190)
04-19 15:59:43.682 19806 19871 E RequestContextBuilder: 	at android.database.DatabaseUtils.readExceptionFromParcel(DatabaseUtils.java:142)
04-19 15:59:43.682 19806 19871 E RequestContextBuilder: 	at android.content.ContentProviderProxy.query(ContentProviderNative.java:481)
04-19 15:59:43.682 19806 19871 E RequestContextBuilder: 	at android.content.ContentResolver.query(ContentResolver.java:1226)
04-19 15:59:43.682 19806 19871 E RequestContextBuilder: 	at android.content.ContentResolver.query(ContentResolver.java:1158)
04-19 15:59:43.682 19806 19871 E RequestContextBuilder: 	at android.content.ContentResolver.query(ContentResolver.java:1114)
04-19 15:59:43.682 19806 19871 E RequestContextBuilder: 	at alsh.b(PG:7)
04-19 15:59:43.682 19806 19871 E RequestContextBuilder: 	at alsh.a(PG:18)
04-19 15:59:43.682 19806 19871 E RequestContextBuilder: 	at alot.a(PG:47)
04-19 15:59:43.682 19806 19871 E RequestContextBuilder: 	at alon.s(PG:5)
04-19 15:59:43.682 19806 19871 E RequestContextBuilder: 	at alon.o(PG:46)
04-19 15:59:43.682 19806 19871 E RequestContextBuilder: 	at kdn.call(PG:47)
04-19 15:59:43.682 19806 19871 E RequestContextBuilder: 	at anul.a(Unknown Source:2)
04-19 15:59:43.682 19806 19871 E RequestContextBuilder: 	at antp.run(PG:3)
04-19 15:59:43.682 19806 19871 E RequestContextBuilder: 	at anum.run(Unknown Source:4)
04-19 15:59:43.682 19806 19871 E RequestContextBuilder: 	at java.util.concurrent.ThreadPoolExecutor.runWorker(ThreadPoolExecutor.java:1137)
04-19 15:59:43.682 19806 19871 E RequestContextBuilder: 	at java.util.concurrent.ThreadPoolExecutor$Worker.run(ThreadPoolExecutor.java:637)
04-19 15:59:43.682 19806 19871 E RequestContextBuilder: 	at kre.run(PG:12)
04-19 15:59:43.682 19806 19871 E RequestContextBuilder: 	at java.lang.Thread.run(Thread.java:1012)
04-19 15:59:43.682 20940 20940 D NetworkSecurityConfig: Using Network Security Config from resource 0_resource_name_obfuscated debugBuild: false
04-19 15:59:43.688  4066  4127 I BadgeCache: update cache : com.vkontakte.android user : UserHandle{0}  count : 1
