04-24 04:42:50.919  5271  5525 I ExynosCameraFrameFactoryPreview: [CAM(1)][Front_0]-(fastenAeStable[386]): End S_STREAM
04-24 04:42:50.919  5271  5525 I ExynosCameraMCPipe: [CAM(1)][PIPE_3AA]-(forceDone[579]):forceDone() is succeed, Pipe(6)
04-24 04:42:50.920  5271  5525 I ExynosCameraMCPipe: [CAM(1)][PIPE_3AA]-(instantOff[876]):instantOff() is succeed, Pipe(6)
04-24 04:42:50.920  6298  6338 I System.out: Broadcasting: Intent { act=com.sec.intent.action.SARDEVICE_CP flg=0x10000000 (has extras) }
04-24 04:42:50.920  5271  5525 I ExynosCameraMCPipe: [CAM(1)][PIPE_ISP]-(stop[351]):stop() is succeed, Pipe(11)
04-24 04:42:50.921  5271  5525 I ExynosCameraFrameFactoryPreview: [CAM(1)][Front_0]-(fastenAeStable[442]):set framerate (denominator=30)
04-24 04:42:50.921  5271  5525 I ExynosCameraFrameFactoryPreview: [CAM(1)][Front_0]-(fastenAeStable[470]):Done
04-24 04:42:50.923  5271  5525 I ExynosCameraBufferManager: DEBUG:duration time(    1 msec):(m_free)
04-24 04:42:50.926  5271  5525 I SehCamDevSession@5.0-impl: [CAMKPI] camera3->process_capture_request : X
04-24 04:42:50.926  5271 29846 I ExynosCameraSec: [CAM(1)][Front_0]-(m_sensorListenerThreadFunc[30665]):
04-24 04:42:50.927  5438 29816 W HidlCamera3-Device: processBatchCaptureRequests: sehProcessCaptureRequest_5_0 return time exceeds 100000us (273887)us
04-24 04:42:50.927  5438 29816 D Camera3-Device: CameraPerf: sendRequestsBatch X (276ms)
04-24 04:42:50.928  6298  6940 I System.out: Broadcast completed: result=0
04-24 04:42:50.930  5271 29845 I ExynosCameraSec: [CAM(1)][Front_0]-(m_frameFactoryStartThreadFunc[579]):
04-24 04:42:50.930  5271 29845 I ExynosCameraSec: [CAM(1)][Front_0]-(m_frameFactoryStartThreadFunc[703]):opening hint(1)
04-24 04:42:50.930  5271 29845 I ExynosCameraParameters: [CAM(1)][Front_0]-(m_getSetfileYuvRange_Mass[2628]):wdr_mode (1)
04-24 04:42:50.930  5271 29845 I ExynosCameraParameters: [CAM(1)][Front_0]-(m_getSetfileYuvRange_Mass[2628]):wdr_mode (1)
04-24 04:42:50.931  5271 29845 I ExynosCameraSec: [CAM(1)][Front_0]-(m_setSetfile_Mass[1636]):configMode(0), PIPMode(0)
04-24 04:42:50.931  5271 29845 I ExynosCameraFrameFactoryPreview: [CAM(1)][Front_0]-(initPipes[478]):
04-24 04:42:50.931  5271 29845 I ExynosCameraFrameFactoryPreviewSec: [CAM(1)][Front_0]-(m_setupConfig[256]):
04-24 04:42:50.931  5271 29845 I ExynosCameraFrameFactoryPreview: [CAM(1)][Front_0]-(m_setDeviceInfo[731]):
04-24 04:42:50.931  5271 29845 I ExynosCameraFrameFactoryPreview: [CAM(1)][Front_0]-(m_initPipes[1060]):
04-24 04:42:50.931  5271 29845 I ExynosCameraFrameFactoryPreview: [CAM(1)][Front_0]-(m_initPipes[1139]):MaxSensorSize 2640x1980 bayerFormat BG12
04-24 04:42:50.931  5271 29845 I ExynosCameraFrameFactoryPreview: [CAM(1)][Front_0]-(m_initPipes[1141]):BnsSize 2640x1488 BcropSize 2640x1488 BdsSize 264x148
04-24 04:42:50.932  5271 29845 I ExynosCameraFrameFactoryPreview: [CAM(1)][Front_0]-(m_initPipes[1143]):DS Size 640x480 Format NV16 Buffer count 10
04-24 04:42:50.932  5271 29845 I ExynosCameraFrameFactoryPreview: [CAM(1)][Front_0]-(m_initPipes[1145]):HwPictureSize(3264x2448)
04-24 04:42:50.932  5271 29845 I ExynosCameraFrameFactoryPreview: [CAM(1)][Front_0]-(m_initPipes[1146]):MaxThumbnailSize(512x384)
04-24 04:42:50.932  5271 29845 I ExynosCameraFrameFactoryPreview: [CAM(1)][Front_0]-(m_initPipes[1176]):YUV[0] Size 176x144 Format NM21 PixelSizeNum 0 Buffer count 32
04-24 04:42:50.932  5271 29845 I ExynosCameraFrameFactoryPreview: [CAM(1)][Front_0]-(m_initPipes[1176]):YUV[1] Size 0x0 Format NV21 PixelSizeNum 0 Buffer count 1
04-24 04:42:50.932  5271 29845 I ExynosCameraFrameFactoryPreview: [CAM(1)][Front_0]-(m_initPipes[1176]):YUV[2] Size 0x0 Format NV21 PixelSizeNum 0 Buffer count 1
04-24 04:42:50.932  5271 29845 I ExynosCameraFrameFactoryPreview: [CAM(1)][Front_0]-(m_initPipes[1195]):Set framerate (denominator=30)
04-24 04:42:50.932  5271 29845 W ExynosCameraNode: [CAM(1)][FLITE]-(setFormat[750]):name(FLITE) fd 15, bytesperline(0) < width(32), height(64)
04-24 04:42:50.933  5635  5845 D MotionRecognitionService: [SAR]  onReceive : SARDEVICE_CP, callAction = on deviceID = 3 slot = 1 device_ext = 0
04-24 04:42:50.933  5635  5845 I MotionRecognitionService: [SAR] id : 0 cmd :on
04-24 04:42:50.933  5635  5845 I MotionRecognitionService: [SAR] A96T3X6 Grip sensor enableSensor
04-24 04:42:50.934  5271 29846 I SensorListener: enableSensor : numSensors=36/36, sen_list = 0xf2769500/0xf2769500
04-24 04:42:50.934  5635  5845 D SensorService: [GripSensor] ++ setGripThdWithMCC  (65560)
04-24 04:42:50.934  5635  5845 D SensorService: GripSensor: MCC Path does not exist
04-24 04:42:50.935  5271 29845 I ExynosCameraMCPipe: [CAM(1)][PIPE_3AA]-(setupPipe[241]):setupPipe() is succeed, Pipe(6), prepare(4)
04-24 04:42:50.935  5271 29845 W ExynosCameraNode: [CAM(1)][ME_PREVIEW]-(setFormat[750]):name(ME_PREVIEW) fd 74, bytesperline(0) < width(320), height(240)
04-24 04:42:50.936  5262  5262 I SensorsGrip: [grip_sensor] enable: GripSensor: enable handle = 11 en = 1
04-24 04:42:50.936  5271 29845 W ExynosCameraNode: [CAM(1)][MCSC_DS]-(setFormat[750]):name(MCSC_DS) fd 87, bytesperline(0) < width(640), height(480)
04-24 04:42:50.937  5271 29845 I ExynosCameraMCPipe: [CAM(1)][PIPE_ISP]-(setupPipe[241]):setupPipe() is succeed, Pipe(11), prepare(0)
04-24 04:42:50.937  5271 29845 W ExynosCameraNode: [CAM(1)][PIPE_VRA]-(setFormat[750]):name(PIPE_VRA) fd 94, bytesperline(0) < width(640), height(480)
04-24 04:42:50.938  5271 29845 I ExynosCameraPipe: [CAM(1)][PIPE_VRA]-(setupPipe[165]):setupPipe() is succeed (33) prepare (0)
04-24 04:42:50.938  5271 29845 I ExynosCameraFrameFactory: [CAM(1)][Front_0]-(m_initFlitePipe[241]):
04-24 04:42:50.938  5271 29845 I ExynosCameraFrameFactory: [CAM(1)][Front_0]-(m_initFlitePipe[254]):SensorSize(2640x1488)
04-24 04:42:50.938  5271 29845 I ExynosCameraFrameFactory: [CAM(1)][Front_0]-(m_initFlitePipe[271]):BNS scale down ratio(1.0), size (2640x1488)
04-24 04:42:50.938  5271 29845 I ExynosCameraParameters: [CAM(1)][Front_0]-(updateHwSensorSize[818]):curHwSensor size(2640x1488) newHwSensor size(2640x1488)
04-24 04:42:50.938  5271 29845 I ExynosCameraFrameFactoryPreview: [CAM(1)][Front_0]-(mapBuffers[563]):Map buffer Success!
04-24 04:42:50.938  5271 29845 I ExynosCameraSec: [CAM(1)][Front_0]-(m_initUniPP[33292]):IN
04-24 04:42:50.938  5271 29845 I ExynosCameraSec: [CAM(1)][Front_0]-(m_initUniPP[33342]):OUT
04-24 04:42:50.939  5262  5389 I SensorsGrip: [grip_sensor] readEvents: GripSensor: grip 1ch data = RELEASE
04-24 04:42:50.939  5262  5389 I SensorsGrip: [grip_sensor] readEvents: GripSensor: grip 1ch unknown NORMAL MODE
04-24 04:42:50.940  5262  5262 E SensorsGrip: [grip_sensor] enable: mEnabled : 1, first_grip_event : 1
04-24 04:42:50.940  5271 29845 E SensorListener: Sensor(8) is not enabled yet!
04-24 04:42:50.941  5635  5845 D SensorManager: registerListener :: 33554443, A96T3X6 Grip sensor, 200000, 0, com.samsung.android.gesture.MotionRecognitionSAR$GripSensorWrapper$1@7995f8c
04-24 04:42:50.941  5271 29845 E SensorListener: Sensor(8) is not enabled yet!
04-24 04:42:50.941  5271 29845 W ExynosCameraSec: [CAM(1)][Front_0]-(m_getSensorListenerData[31569]):skip the Rotation data. ret -22
04-24 04:42:50.941  5635  5845 I MotionRecognitionService: [SAR] A96T3X6 Grip sensor enable channel 0 : 2 , channel 1 : 0
04-24 04:42:50.941  5635  5845 I MotionRecognitionService: [SAR] A96T3X6_SUB Grip sensor for sub enableSensor
04-24 04:42:50.941  5271 29845 E SensorListener: Sensor(8) is not enabled yet!
04-24 04:42:50.944  5635  5845 D SensorService: [GripSensor] ++ setGripThdWithMCC  (65560)
04-24 04:42:50.944  5635  5845 D SensorService: GripSensor: MCC Path does not exist
04-24 04:42:50.946  5271 29845 E SensorListener: Sensor(8) is not enabled yet!
04-24 04:42:50.946  5262  5262 I SensorsGrip: [grip_sensor_sub] enable: GripSensor: enable handle = 18 en = 1
04-24 04:42:50.946  5271 29845 E SensorListener: Sensor(8) is not enabled yet!
04-24 04:42:50.947  5271 29845 I ExynosCameraMCPipe: [CAM(1)][PIPE_ISP]-(start[296]):start() is succeed, Pipe(11)
04-24 04:42:50.948  5271 29845 I ExynosCameraMCPipe: [CAM(1)][PIPE_3AA]-(start[296]):start() is succeed, Pipe(6)
04-24 04:42:50.948  5271 29845 I ExynosCameraMCPipe: [CAM(1)][PIPE_3AA]-(m_putBuffer[1639]):Internal Frame(7), frameCount(1), (1)
04-24 04:42:50.950  5262  5262 E SensorsGrip: [grip_sensor_sub] enable: mEnabled : 1, first_grip_event : 1
04-24 04:42:50.950  5262  5391 I SensorsGrip: [grip_sensor_sub] readEvents: GripSensor: grip 1ch data = RELEASE
04-24 04:42:50.951  5635  5845 D SensorManager: registerListener :: 33554450, A96T3X6_SUB Grip sensor for sub, 200000, 0, com.samsung.android.gesture.MotionRecognitionSAR$GripSensorWrapper$1@eb90dbb
04-24 04:42:50.951  5635  5845 I MotionRecognitionService: [SAR] A96T3X6_SUB Grip sensor for sub enable channel 0 : 2 , channel 1 : 0
04-24 04:42:50.951  5635  5845 I MotionRecognitionService: [SAR] id : 1 cmd :on
04-24 04:42:50.953  6298  6940 I System.out: Broadcast completed: result=0
04-24 04:42:50.956  5271 29845 I ExynosCameraMCPipe: [CAM(1)][PIPE_3AA]-(prepare[268]):prepare() is succeed, Pipe(6), prepare(4/4)
04-24 04:42:50.956  5271 29845 I ExynosCameraMCPipe: [CAM(1)][PIPE_3AA]-(sensorStream[446]):
04-24 04:42:50.959  5635  5845 I MotionRecognitionService: [SAR] A96T3X6 Grip sensor onSensorChanged : 5.0 , 0.0 , 0.0 , 1.0 , 0.0
04-24 04:42:50.959  5635  5845 I MotionRecognitionService: [SAR] A96T3X6 Grip sensor clearBackOff channel: 0 , index: 0
04-24 04:42:50.959  5635  5845 I MotionRecognitionService: [SAR] A96T3X6 Grip sensorsetTunerGrip 8589934592 , state: false
04-24 04:42:50.966  5271 29845 I ExynosCameraFrameFactoryPreviewSec: [CAM(1)][Front_0]-(startPipes[870]):Starting Success!
04-24 04:42:50.966  5271 29845 I ExynosCameraFrameFactoryPreview: [CAM(1)][Front_0]-(startInitialThreads[581]):start pre-ordered initial pipe thread
04-24 04:42:50.966  5271 29845 I ExynosCameraFrameFactoryBase: [CAM(1)][Front_0]-(startThread[231]):pipeId=6
04-24 04:42:50.969  5271 29845 I ExynosCameraMCPipe: [CAM(1)][PIPE_3AA]-(startThread[383]):startThread is succeed, Pipe(6), standby(0)
04-24 04:42:50.969  5271 29845 I ExynosCameraFrameFactoryBase: [CAM(1)][Front_0]-(startThread[231]):pipeId=11
04-24 04:42:50.971  5271 29845 I ExynosCameraMCPipe: [CAM(1)][PIPE_ISP]-(startThread[383]):startThread is succeed, Pipe(11), standby(0)
04-24 04:42:50.971  5271 29845 I ExynosCameraFrameFactoryBase: [CAM(1)][Front_0]-(startThread[231]):pipeId=33
04-24 04:42:50.971  5271 29845 I ExynosCameraPipe: [CAM(1)][PIPE_VRA]-(startThread[319]):IN
04-24 04:42:50.974  5271 29845 I ExynosCameraPipe: [CAM(1)][PIPE_VRA]-(startThread[328]):startThread is succeed Pipe(33)
04-24 04:42:50.974  5271 29845 I ExynosCameraSec: [CAM(1)][Front_0]-(m_frameFactoryStartThreadFunc[888]):Threads run start
04-24 04:42:50.974  5271 29853 I ExynosCamera: [CAM(1)][Front_0]-(m_startPictureBufferThreadFunc[5683]):
04-24 04:42:50.974  5271 29853 I ExynosCamera: DEBUG:duration time(    0 msec):(m_startPictureBufferThreadFunc)
04-24 04:42:50.978  5635  5845 D MotionRecognitionService: [SAR] set setTransmitPowerExt  value : 8589934592 : false
04-24 04:42:50.979  5635  5845 I MotionRecognitionService: [SAR] tunerGrip is 8589934592, state : false
04-24 04:42:50.979  5635  5845 I MotionRecognitionService: [SAR] A96T3X6_SUB Grip sensor for sub onSensorChanged : 5.0 , 0.0 , 0.0 , 0.0 , 0.0
04-24 04:42:50.980  5635  5845 I MotionRecognitionService: [SAR] A96T3X6_SUB Grip sensor for sub clearBackOff channel: 0 , index: 1
04-24 04:42:50.980  5635  5845 I MotionRecognitionService: [SAR] A96T3X6_SUB Grip sensor for subsetTunerGrip 8589934592 , state: false
04-24 04:42:50.981  5271 29845 I ExynosCameraSec: DEBUG:duration time(   51 msec):(m_frameFactoryStartThreadFunc)
04-24 04:42:50.990  5635  5845 D MotionRecognitionService: [SAR] set setTransmitPowerExt  value : 8589934592 : false
04-24 04:42:50.990  5635  5845 I MotionRecognitionService: [SAR] tunerGrip is 8589934592, state : false
04-24 04:42:51.008  6374  6652 D MobileStatusTracker(1/2): onDataActivity: direction=2
04-24 04:42:51.020  6374  6652 D MobileSignalController(1/2): notifyListener: enabled=true, connected=true, dataConnected=true, networkType=LTE (4G), emergencyOnly=false, roaming=false, isDefault=true, dataActivity=out, level=3, ca=false, mmWave=false, disabledDataIcon=false, simCard=ETC
04-24 04:42:51.033  5271 29849 I ExynosCameraMCPipe: [CAM(1)][PIPE_3AA]-(m_getBuffer[2419]):InternalFrame(7) frameCount(1)                        : captureNodeCount == 0 || checkRet(0) != NO_ERROR.                        so, setFrameState(FRAME_STATE_SKIPPED), (1)
04-24 04:42:51.124  5271 29852 W ExynosCameraPipeVRA: [CAM(1)][PIPE_VRA]-(m_putBuffer[148]):wait timeout
04-24 04:42:51.125  5271 29852 I ExynosCameraNode: [CAM(1)][PIPE_VRA]-(dumpState[1057]):Node state(1)
04-24 04:42:51.125  5271 29856 W ExynosCamera: [CAM(1)][Front_0]-(m_previewStreamVRAPipeThreadFunc[5112]):wait timeout
04-24 04:42:51.156  5271 29854 I ExynosCameraSec: [CAM(1)][Front_0]-(m_handlePreviewFrame[13097]):first frame(F4(11) T2) 3AA DONE
04-24 04:42:51.166  5271 29855 I ExynosCameraSec: [CAM(1)][Front_0]-(m_handlePreviewFrame[13181]):first frame(F4(11)), type(2) ISP DONE
04-24 04:42:51.166  5271 29855 I ExynosCameraSec: [CAM(1)][Front_0]-(m_handlePreviewFrame[13373]):============= First Preview time ==================
04-24 04:42:51.166  5271 29855 I ExynosCameraSec: [CAM(1)][Front_0]-(m_handlePreviewFrame[13374]):= configureStream ~ first frame  : 581 msec
04-24 04:42:51.166  5271 29855 I ExynosCameraSec: [CAM(1)][Front_0]-(m_handlePreviewFrame[13375]):===================================================
04-24 04:42:51.169  5438  5514 D Camera3-OutputStream: returnBufferCheckedLocked: First frame for stream 0, width 176, height 144, format 34
04-24 04:42:51.170  5271 29834 I SehCamDevSession@5.0-impl: [CAMKPI] camera3->process_capture_result : E
04-24 04:42:51.172  5271 29834 I SehCamDevSession@5.0-impl: [CAMKPI] camera3->process_capture_result : X
04-24 04:42:51.173 19292 29808 I CameraLightSensor_Service: open preview end
04-24 04:42:51.184  5271 29859 I ExynosCamera: [CAM(1)][Front_0]-(m_monitorThreadFunc[7405]):@FIMC_IS_SYNC 1153
04-24 04:42:51.213 19292 29808 I CameraLightSensor_Service: open preview end
04-24 04:42:51.249 19292 29808 I CameraLightSensor_Service: open preview end
04-24 04:42:51.249 19292 29808 I CameraLightSensor_Service: converged or locked aEState value =4
04-24 04:42:51.251 19292 29808 I CameraLightSensor_Service: exposure time=4.0E7 EV= 25 BV= -757.0 aEState=4 testPatternMode : 0
04-24 04:42:51.253 19292 19313 I CameraLightSensor_Service: stopTask called, isCameraStopPending : false
04-24 04:42:51.254  5438  8678 D Camera3-Device: flush: mInterfaceLock.lock()
04-24 04:42:51.254  5438  8678 I Camera3-Device: Creating CameraServiceWatchDog with cycles = 80, cycleLength = 100 ms and Timer = 8000 ms
04-24 04:42:51.254  5438  8678 I Camera3-Device: CameraServiceWatchDog::watchThread for mRequestThread->flush() with cycles = 80, cycleLength = 100 ms and Timer = 8000 ms
04-24 04:42:51.255  5438  8678 D HidlCamera3-Device: CameraPerf: flush E
04-24 04:42:51.254  5635 19291 D CameraLightSensor_Manager:  Exposure= 25.0 Brightness= -757.0 Total listeners= 1
04-24 04:42:51.255  5271  1215 I ExynosCameraInterface: INFO(HAL3_camera_device_flush[502]):in =====
04-24 04:42:51.255  5635 19291 D MotionRecognitionService: Ev-lux map, exposure= 25.0 brightness= -757.0
04-24 04:42:51.256  5635 19291 D Debug_Camera_Listener: com.samsung.android.gesture.AdaptiveBrightnessController$4@9ca4f39 lux= 30.0 exposure= 25.0 bv= -757.0
04-24 04:42:51.256  5635 19291 D MotionRecognitionService: values = 30.0
04-24 04:42:51.256  5438 29816 I Camera3-Status: markComponent: Component 1 is now idle - RequestThread
04-24 04:42:51.256  5635 19291 D MotionRecognitionService: onReceive lux: 30.0  action:
04-24 04:42:51.256  5271 29859 I ExynosCamera: [CAM(1)][Front_0]-(m_monitorThreadFunc[7295]):Flush is in progress
04-24 04:42:51.256  5635 19291 D MotionRecognitionService: Inject brightness form Cam 30.0
04-24 04:42:51.256  5635 19291 D MotionRecognitionService: Inject calibrated lux
04-24 04:42:51.257  5271 29858 W ExynosCamera: [CAM(1)][Front_0]-(m_waitShotDone[2328]):wait timeout
04-24 04:42:51.257  5271  1215 I ExynosCameraMCPipe: [CAM(1)][PIPE_3AA]-(stopThread[410]):stopThread is succeed, Pipe(6)
04-24 04:42:51.257  5271 29848 W ExynosCameraMCPipe: [CAM(1)][PIPE_3AA]-(m_putBuffer[1582]):inputFrameQ wait timeout,Duration(1),LogCnt(1)
04-24 04:42:51.257  5262  5262 I SensorsHub: AutoBrightnessSensor::injectSensorData: camLux 30
04-24 04:42:51.258  5271 29850 W ExynosCameraMCPipe: [CAM(1)][PIPE_ISP]-(m_putBuffer[1582]):inputFrameQ wait timeout,Duration(1),LogCnt(1)
04-24 04:42:51.258  5271 29851 W ExynosCameraMCPipe: [CAM(1)][PIPE_ISP]-(m_getBuffer[2091]):requestFrameQ wait timeout,Duration(1),LogCnt(1)
04-24 04:42:51.258  5271  1215 I ExynosCameraMCPipe: [CAM(1)][PIPE_ISP]-(stopThread[410]):stopThread is succeed, Pipe(11)
04-24 04:42:51.258  5271  1215 I ExynosCameraMCPipe: [CAM(1)][PIPE_3AA]-(sensorStream[446]):
04-24 04:42:51.290  5271  1215 I ExynosCameraMCPipe: [CAM(1)][PIPE_3AA]-(forceDone[579]):forceDone() is succeed, Pipe(6)
04-24 04:42:51.344  5271  1215 I ExynosCameraMCPipe: [CAM(1)][PIPE_3AA]-(stop[351]):stop() is succeed, Pipe(6)
04-24 04:42:51.344  5271  1215 I ExynosCameraMCPipe: [CAM(1)][PIPE_ISP]-(forceDone[579]):forceDone() is succeed, Pipe(11)
04-24 04:42:51.345  5271  1215 I ExynosCameraMCPipe: [CAM(1)][PIPE_ISP]-(stop[351]):stop() is succeed, Pipe(11)
04-24 04:42:51.346  5271  1215 I ExynosCameraPipe: [CAM(1)][PIPE_PP_UNI0]-(m_dumpRunningFrameList[1680]):last fcount(HAL:0, DRV:0)
04-24 04:42:51.346  5271  1215 I ExynosCameraPipe: [CAM(1)][PIPE_PP_UNI0]-(m_dumpRunningFrameList[1681]):*********runningFrameList dump***********
04-24 04:42:51.346  5271  1215 I ExynosCameraPipe: [CAM(1)][PIPE_PP_UNI0]-(m_dumpRunningFrameList[1682]):m_numBuffers : 0
04-24 04:42:51.346  5271  1215 I ExynosCameraPipe: [CAM(1)][PIPE_PP_UNI1]-(m_dumpRunningFrameList[1680]):last fcount(HAL:0, DRV:0)
04-24 04:42:51.346  5271  1215 I ExynosCameraPipe: [CAM(1)][PIPE_PP_UNI1]-(m_dumpRunningFrameList[1681]):*********runningFrameList dump***********
04-24 04:42:51.346  5271  1215 I ExynosCameraPipe: [CAM(1)][PIPE_PP_UNI1]-(m_dumpRunningFrameList[1682]):m_numBuffers : 0
04-24 04:42:51.346  5271  1215 I ExynosCameraPipe: [CAM(1)][PIPE_PP_UNI2]-(m_dumpRunningFrameList[1680]):last fcount(HAL:0, DRV:0)
04-24 04:42:51.346  5271  1215 I ExynosCameraPipe: [CAM(1)][PIPE_PP_UNI2]-(m_dumpRunningFrameList[1681]):*********runningFrameList dump***********
04-24 04:42:51.346  5271  1215 I ExynosCameraPipe: [CAM(1)][PIPE_PP_UNI2]-(m_dumpRunningFrameList[1682]):m_numBuffers : 0
04-24 04:42:51.347  5271  1215 I ExynosCameraPipe: [CAM(1)][PIPE_PP_SINGLE0]-(m_dumpRunningFrameList[1680]):last fcount(HAL:0, DRV:0)
04-24 04:42:51.347  5271  1215 I ExynosCameraPipe: [CAM(1)][PIPE_PP_SINGLE0]-(m_dumpRunningFrameList[1681]):*********runningFrameList dump***********
04-24 04:42:51.347  5271  1215 I ExynosCameraPipe: [CAM(1)][PIPE_PP_SINGLE0]-(m_dumpRunningFrameList[1682]):m_numBuffers : 0
04-24 04:42:51.347  5271  1215 I ExynosCameraPipe: [CAM(1)][PIPE_GSC]-(m_dumpRunningFrameList[1680]):last fcount(HAL:0, DRV:0)
04-24 04:42:51.347  5271  1215 I ExynosCameraPipe: [CAM(1)][PIPE_GSC]-(m_dumpRunningFrameList[1681]):*********runningFrameList dump***********
04-24 04:42:51.347  5271  1215 I ExynosCameraPipe: [CAM(1)][PIPE_GSC]-(m_dumpRunningFrameList[1682]):m_numBuffers : 0
04-24 04:42:51.349  5271  1215 I ExynosCameraFrameFactoryPreviewSec: [CAM(1)][Front_0]-(stopPipes[1282]):Stopping  Success!
04-24 04:42:51.352  5271  1215 I ExynosCameraRequestManager: [CAM(1)][]-(dump[3105]):Type[0] = Last Key(0)
04-24 04:42:51.352  5271  1215 I ExynosCameraRequestManager: [CAM(1)][]-(dump[3105]):Type[1] = Last Key(0)
04-24 04:42:51.353  5271  1215 I ExynosCameraRequestManager: [CAM(1)][]-(dump[3105]):Type[2] = Last Key(0)
04-24 04:42:51.353  5271  1215 I ExynosCameraRequestManager: [CAM(1)][]-(dump[3105]):Type[3] = Last Key(0)
04-24 04:42:51.353  5271  1215 I ExynosCameraRequestManager: [CAM(1)][]-(dump[3105]):Type[4] = Last Key(0)
04-24 04:42:51.353  5271  1215 I ExynosCameraRequestManager: [CAM(1)][]-(dump[3105]):Type[5] = Last Key(0)
04-24 04:42:51.353  5271  1215 I ExynosCameraRequestManager: [CAM(1)][]-(m_printRequestInfo[2024]):[R8] serviceFrameCount(0), (0xf274b960) frame_number(8), outputNum(1)
04-24 04:42:51.353  5271  1215 I ExynosCameraRequestManager: [CAM(1)][]-(m_printRequestInfo[2031]):[R8] result status (Notify 0, Partial 0, Buffer 0, All 0)
04-24 04:42:51.353  5271  1215 I ExynosCameraRequestManager: [CAM(1)][]-(m_printRequestInfo[2024]):[R9] serviceFrameCount(0), (0xf274bbe0) frame_number(9), outputNum(1)
04-24 04:42:51.353  5271  1215 I ExynosCameraRequestManager: [CAM(1)][]-(m_printRequestInfo[2031]):[R9] result status (Notify 0, Partial 0, Buffer 0, All 0)
04-24 04:42:51.353  5271  1215 I ExynosCameraRequestManager: [CAM(1)][]-(m_printRequestInfo[2024]):[R3] serviceFrameCount(7), (0xf239d3c0) frame_number(3), outputNum(1)
04-24 04:42:51.353  5271  1215 I ExynosCameraRequestManager: [CAM(1)][]-(m_printRequestInfo[2031]):[R3] result status (Notify 0, Partial 0, Buffer 0, All 0)
04-24 04:42:51.353  5271  1215 I ExynosCameraRequestManager: [CAM(1)][]-(m_printRequestInfo[2024]):[R4] serviceFrameCount(8), (0xf239d440) frame_number(4), outputNum(1)
04-24 04:42:51.353  5271  1215 I ExynosCameraRequestManager: [CAM(1)][]-(m_printRequestInfo[2031]):[R4] result status (Notify 0, Partial 0, Buffer 0, All 0)
04-24 04:42:51.354  5271  1215 I ExynosCameraRequestManager: [CAM(1)][]-(m_printRequestInfo[2024]):[R5] serviceFrameCount(9), (0xf239d480) frame_number(5), outputNum(1)
04-24 04:42:51.354  5271  1215 I ExynosCameraRequestManager: [CAM(1)][]-(m_printRequestInfo[2031]):[R5] result status (Notify 0, Partial 0, Buffer 0, All 0)
04-24 04:42:51.354  5271  1215 I ExynosCameraRequestManager: [CAM(1)][]-(m_printRequestInfo[2024]):[R6] serviceFrameCount(10), (0xf239d4c0) frame_number(6), outputNum(1)
04-24 04:42:51.354  5271  1215 I ExynosCameraRequestManager: [CAM(1)][]-(m_printRequestInfo[2031]):[R6] result status (Notify 0, Partial 0, Buffer 0, All 0)
04-24 04:42:51.354  5271  1215 I ExynosCameraRequestManager: [CAM(1)][]-(m_printRequestInfo[2024]):[R7] serviceFrameCount(11), (0xf274b940) frame_number(7), outputNum(1)
04-24 04:42:51.354  5271  1215 I ExynosCameraRequestManager: [CAM(1)][]-(m_printRequestInfo[2031]):[R7] result status (Notify 0, Partial 0, Buffer 0, All 0)
04-24 04:42:51.354  5271  1215 I ExynosCameraRequestManager: [CAM(1)][]-(m_printRequestInfo[2024]):[R8] serviceFrameCount(0), (0xf274b960) frame_number(8), outputNum(1)
04-24 04:42:51.354  5271  1215 I ExynosCameraRequestManager: [CAM(1)][]-(m_printRequestInfo[2031]):[R8] result status (Notify 0, Partial 0, Buffer 0, All 0)
04-24 04:42:51.354  5271  1215 I ExynosCameraRequestManager: [CAM(1)][]-(m_printRequestInfo[2024]):[R9] serviceFrameCount(0), (0xf274bbe0) frame_number(9), outputNum(1)
04-24 04:42:51.354  5271  1215 I ExynosCameraRequestManager: [CAM(1)][]-(m_printRequestInfo[2031]):[R9] result status (Notify 0, Partial 0, Buffer 0, All 0)
04-24 04:42:51.354  5271  1215 W ExynosCameraRequestManager: [CAM(1)][]-(m_callbackOpsNotify[2929]):msg frame(3) type(1) errorCode(2)
04-24 04:42:51.355  5438  8678 E CameraDeviceClient: notifyError: pid=19292, errorCode=3, errorStreamId=0, frameNumber=3
04-24 04:42:51.355  5438  8678 E CameraDeviceClient: notifyError: pid=19292, skipClientNotification=false
04-24 04:42:51.357  5438  8678 E Camera3-OutputStream: returnBufferCheckedLocked: A frame is dropped for stream 0 frame 3 , due to buffer error.
04-24 04:42:51.358  5271  1215 W ExynosCameraRequestManager: [CAM(1)][]-(m_callbackOpsNotify[2929]):msg frame(4) type(1) errorCode(2)
04-24 04:42:51.359  5438  8678 E CameraDeviceClient: notifyError: pid=19292, errorCode=3, errorStreamId=0, frameNumber=4
04-24 04:42:51.359  5438  8678 E CameraDeviceClient: notifyError: pid=19292, skipClientNotification=false
04-24 04:42:51.360  5438  8678 E Camera3-OutputStream: returnBufferCheckedLocked: A frame is dropped for stream 0 frame 4 , due to buffer error.
04-24 04:42:51.362  5271  1215 W ExynosCameraRequestManager: [CAM(1)][]-(m_callbackOpsNotify[2929]):msg frame(5) type(1) errorCode(2)
04-24 04:42:51.362  5438  8678 E CameraDeviceClient: notifyError: pid=19292, errorCode=3, errorStreamId=0, frameNumber=5
04-24 04:42:51.362  5438  8678 E CameraDeviceClient: notifyError: pid=19292, skipClientNotification=false
04-24 04:42:51.364  5438  8678 E Camera3-OutputStream: returnBufferCheckedLocked: A frame is dropped for stream 0 frame 5 , due to buffer error.
04-24 04:42:51.366  5271  1215 W ExynosCameraRequestManager: [CAM(1)][]-(m_callbackOpsNotify[2929]):msg frame(6) type(1) errorCode(2)
04-24 04:42:51.366  5438  8678 E CameraDeviceClient: notifyError: pid=19292, errorCode=3, errorStreamId=0, frameNumber=6
04-24 04:42:51.366  5438  8678 E CameraDeviceClient: notifyError: pid=19292, skipClientNotification=false
04-24 04:42:51.368  5438  8678 E Camera3-OutputStream: returnBufferCheckedLocked: A frame is dropped for stream 0 frame 6 , due to buffer error.
04-24 04:42:51.369  5271  1215 W ExynosCameraRequestManager: [CAM(1)][]-(m_callbackOpsNotify[2929]):msg frame(7) type(1) errorCode(2)
04-24 04:42:51.370  5438  8678 E CameraDeviceClient: notifyError: pid=19292, errorCode=3, errorStreamId=0, frameNumber=7
04-24 04:42:51.370  5438  8678 E CameraDeviceClient: notifyError: pid=19292, skipClientNotification=false
04-24 04:42:51.371  5438  8678 E Camera3-OutputStream: returnBufferCheckedLocked: A frame is dropped for stream 0 frame 7 , due to buffer error.
04-24 04:42:51.373  5271  1215 W ExynosCameraRequestManager: [CAM(1)][]-(m_callbackOpsNotify[2929]):msg frame(8) type(1) errorCode(2)
04-24 04:42:51.373  5438  8678 E CameraDeviceClient: notifyError: pid=19292, errorCode=3, errorStreamId=0, frameNumber=8
04-24 04:42:51.373  5438  8678 E CameraDeviceClient: notifyError: pid=19292, skipClientNotification=false
04-24 04:42:51.374  5271  1215 E ExynosCameraRequestManager: [CAM(-1)][]-(getAcquireFenceDone[1096]):[R8 F0] m_pop failed, handle is not EXIST
04-24 04:42:51.375  5438  8678 E Camera3-OutputStream: returnBufferCheckedLocked: A frame is dropped for stream 0 frame 8 , due to buffer error.
04-24 04:42:51.377  5271  1215 W ExynosCameraRequestManager: [CAM(1)][]-(m_callbackOpsNotify[2929]):msg frame(9) type(1) errorCode(2)
04-24 04:42:51.377  5438  8678 E CameraDeviceClient: notifyError: pid=19292, errorCode=3, errorStreamId=0, frameNumber=9
04-24 04:42:51.377  5438  8678 E CameraDeviceClient: notifyError: pid=19292, skipClientNotification=false
04-24 04:42:51.378  5271  1215 E ExynosCameraRequestManager: [CAM(-1)][]-(getAcquireFenceDone[1096]):[R9 F0] m_pop failed, handle is not EXIST
04-24 04:42:51.379  5438  8678 E Camera3-OutputStream: returnBufferCheckedLocked: A frame is dropped for stream 0 frame 9 , due to buffer error.
04-24 04:42:51.380  5438  8678 I Camera3-Status: markComponent: Component 2 is now idle - streamId = 0, format = 0x22(IMPL_DEF), width = 176, height = 144, option = 0x0, type = OUTPUT
04-24 04:42:51.380  5438  8678 I Camera3-IOStreamBase: FpsStats: stream 0, requested=10, received=10, valid=3, invalid=7
04-24 04:42:51.380  5438  8678 I Camera3-Status: markComponent: Component 0 is now idle - InflightRequests
04-24 04:42:51.380  5438 29815 I CameraService: finishCameraStreamingOps: finish camera streaming ops, package name = com.samsung.adaptivebrightnessgo, client UID = 5021
04-24 04:42:51.381  5271  1215 I ExynosCameraBufferManager: [CAM(1)][SKIP_BUF]-(resetBuffers[1338]):OUT.. Buffer is not allocated
04-24 04:42:51.382  5438 29815 I CameraServiceProxyWrapper: updateProxyDeviceState: notifyCameraState for Camera ID 3, newState 2, facing 1, clientName com.samsung.adaptivebrightnessgo, apiLevel 2
04-24 04:42:51.383  8394  8412 I CameraManagerGlobal: Camera 3 facing CAMERA_FACING_FRONT state now CAMERA_STATE_IDLE for client com.samsung.adaptivebrightnessgo API Level 2
04-24 04:42:51.383  8394  8412 I CameraManagerGlobal: onCameraDeviceStateChangedLocked: post device state update
04-24 04:42:51.383 12515 19382 I CameraManagerGlobal: Camera 3 facing CAMERA_FACING_FRONT state now CAMERA_STATE_IDLE for client com.samsung.adaptivebrightnessgo API Level 2
04-24 04:42:51.384  5635  8494 I CameraManagerGlobal: Camera 3 facing CAMERA_FACING_FRONT state now CAMERA_STATE_IDLE for client com.samsung.adaptivebrightnessgo API Level 2
04-24 04:42:51.384  8394  8412 I CameraManagerGlobal: onCameraDeviceStateChangedLocked: post device state update
04-24 04:42:51.384 14989 18186 I CameraManagerGlobal: Camera 3 facing CAMERA_FACING_FRONT state now CAMERA_STATE_IDLE for client com.samsung.adaptivebrightnessgo API Level 2
04-24 04:42:51.384 19292 23558 I CameraManagerGlobal: Camera 3 facing CAMERA_FACING_FRONT state now CAMERA_STATE_IDLE for client com.samsung.adaptivebrightnessgo API Level 2
04-24 04:42:51.385  6374  7326 I CameraManagerGlobal: Camera 3 facing CAMERA_FACING_FRONT state now CAMERA_STATE_IDLE for client com.samsung.adaptivebrightnessgo API Level 2
04-24 04:42:51.385  6691  9275 I CameraManagerGlobal: Camera 3 facing CAMERA_FACING_FRONT state now CAMERA_STATE_IDLE for client com.samsung.adaptivebrightnessgo API Level 2
04-24 04:42:51.386  5635  7304 D AutoRotationHandler: inject auto rotation priority = 0.0
04-24 04:42:51.387  6374  7457 D CameraAvailabilityListener: onCameraDeviceStateChanged: id=3, facing=1, state=CAMERA_STATE_IDLE, client=com.samsung.adaptivebrightnessgo
04-24 04:42:51.388  5262  5262 I SensorsHub: DeviceOrientation::injectSensorData: mode 0
04-24 04:42:51.408  5271  1215 I ExynosCameraInterface: INFO(HAL3_camera_device_flush[512]):out =====
04-24 04:42:51.408  5271  1215 I ExynosCameraInterface: DEBUG:duration time(  153 msec):(HAL3_camera_device_flush)
04-24 04:42:51.408  5438  8678 D HidlCamera3-Device: CameraPerf: flush X (153ms)
04-24 04:42:51.409  5438  8678 E CameraDeviceClient: Disconnect from CameraDeviceClient
04-24 04:42:51.409  5438  8678 D CameraDeviceClient: disconnect:stop IT Policy checking thread
04-24 04:42:51.410  5438  8678 D Camera2ClientBase: Camera 3: start to disconnect
04-24 04:42:51.410  5438  8678 D Camera2ClientBase: Camera 3: serializationLock acquired
04-24 04:42:51.410  5438  8678 D Camera2ClientBase: Camera 3: Shutting down
04-24 04:42:51.410  5438  8678 D Camera2ClientBase: Camera 3: start to cacheDump
04-24 04:42:51.428  5438  8678 E Camera2-FrameProcessorBase: removeListener:
04-24 04:42:51.432  5438  8678 D Camera3-Device: flush: mInterfaceLock.lock()
04-24 04:42:51.433  5438  8678 I Camera3-Device: Creating CameraServiceWatchDog with cycles = 80, cycleLength = 100 ms and Timer = 8000 ms
04-24 04:42:51.433  5438  8678 I Camera3-Device: CameraServiceWatchDog::watchThread for mRequestThread->flush() with cycles = 80, cycleLength = 100 ms and Timer = 8000 ms
04-24 04:42:51.433  5438  8678 D HidlCamera3-Device: CameraPerf: flush E
04-24 04:42:51.433  5271  1215 I ExynosCameraInterface: INFO(HAL3_camera_device_flush[502]):in =====
04-24 04:42:51.442  5271  1215 I ExynosCameraInterface: INFO(HAL3_camera_device_flush[512]):out =====
04-24 04:42:51.442  5271  1215 I ExynosCameraInterface: DEBUG:duration time(    9 msec):(HAL3_camera_device_flush)
04-24 04:42:51.443  5438  8678 D HidlCamera3-Device: CameraPerf: flush X (9ms)
04-24 04:42:51.443  5438  8678 D Camera3-Device: waitUntilDrainedLocked: Camera 3: Waiting until idle (5000000000ns)
04-24 04:42:51.443  5438  8678 D Camera3-Device: waitUntilDrained: mInterfaceLock.unlock()
04-24 04:42:51.443  5438  8678 I Camera3-Device: disconnectImpl: E
04-24 04:42:51.443  5438  8678 I CameraLatencyHistogram: ProcessCaptureRequest latency histogram (10) samples:
04-24 04:42:51.443  5438  8678 I CameraLatencyHistogram:        40     80    120    160    200    240    280    320    360    inf (max ms)
04-24 04:42:51.444  5438  8678 I CameraLatencyHistogram:      80.00   0.00   10.00   0.00   0.00   0.00   10.00   0.00   0.00   0.00 (%)
04-24 04:42:51.444  5438  8678 I Camera3-Device: CameraServiceWatchDog::watchThread for interface->close() with cycles = 100, cycleLength = 100 ms and Timer = 10000 ms
04-24 04:42:51.444  5438  8678 D HidlCamera3-Device: CameraPerf: close E
04-24 04:42:51.444  5271  1215 I ExynosCameraInterface: INFO(HAL3_camera_device_close[307]):in =====
04-24 04:42:51.444  5271  1215 I ExynosCameraInterface: [m_resetMultiDeviceCamId : 806] camera (1) is closed at idx (0, 1)
04-24 04:42:51.457  5635 19291 D MotionRecognitionService: values = 30.0
04-24 04:42:51.457  5635 19291 D MotionRecognitionService: onReceive lux: 30.0  action:
04-24 04:42:51.457  5635 19291 D MotionRecognitionService: Inject brightness form Cam 30.0
04-24 04:42:51.457  5635 19291 D MotionRecognitionService: Inject calibrated lux
04-24 04:42:51.458  5271 29865 I ExynosCameraBufferManager: DEBUG:duration time(    3 msec):(m_free)
04-24 04:42:51.458  5271 29865 I ExynosCameraBufferManager: [CAM(1)][PREVIEW_STREAM_BUF]-(deinit[115]):OUT.. Buffer is not allocated
04-24 04:42:51.458  5271 29865 I ExynosCameraBufferManager: DEBUG:duration time(    0 msec):(m_free)
04-24 04:42:51.458  5271 29865 I ExynosCameraBufferManager: [CAM(1)][FLITE_BUF]-(deinit[115]):OUT.. Buffer is not allocated
04-24 04:42:51.458  5262  5262 I SensorsHub: AutoBrightnessSensor::injectSensorData: camLux 30
04-24 04:42:51.459  5271 29865 I ExynosCameraBufferManager: DEBUG:duration time(    1 msec):(m_free)
04-24 04:42:51.459  5271 29865 I ExynosCameraBufferManager: [CAM(1)][3AA_IN_BUF]-(deinit[115]):OUT.. Buffer is not allocated
04-24 04:42:51.460  5271 29865 I ExynosCameraBufferManager: DEBUG:duration time(    1 msec):(m_free)
04-24 04:42:51.460  5271 29865 I ExynosCameraBufferManager: [CAM(1)][ISP_BUF]-(deinit[115]):OUT.. Buffer is not allocated
04-24 04:42:51.460  5271 29822 I ExynosCameraFrameManager: [CAM(1)][RUNNING FRAME WORKER]-(workerMain[983]): wait and pop fail, ret(-110)
04-24 04:42:51.461  5271 29865 I ExynosCameraBufferManager: DEBUG:duration time(    0 msec):(m_free)
04-24 04:42:51.461  5271 29865 I ExynosCameraBufferManager: [CAM(1)][VRA_BUF]-(deinit[115]):OUT.. Buffer is not allocated
04-24 04:42:51.461  5271 29865 I ExynosCameraBufferManager: [CAM(1)][SKIP_BUF]-(deinit[115]):OUT.. Buffer is not allocated
04-24 04:42:51.461  5271 29865 I ExynosCameraBufferManager: [CAM(1)][SKIP_BUF]-(deinit[115]):OUT.. Buffer is not allocated
04-24 04:42:51.461  5271  1215 I ExynosCamera: [CAM(1)][Front_0]-(m_deinit[870]):-IN-
04-24 04:42:51.461  5271  1215 I ExynosCameraSec: [CAM(1)][Front_0]-(m_vendorSpecificPreDestructor[134]):-IN-
04-24 04:42:51.461  5271  1215 I SecCameraUtil: INFO(isEEprom[225]): SAMSUNG_EEPROM_FRONT is not defined
04-24 04:42:51.462  5271  1215 I ExynosCameraSec: [CAM(1)][Front_0]-(m_vendorSpecificPreDestructor[138]):-OUT-
04-24 04:42:51.462  5271  1215 I ExynosCamera: [CAM(1)][Front_0]-(m_deinitFrameFactory[3500]):-IN-
04-24 04:42:51.462  5271  1215 I ExynosCameraFrameFactoryBase: [CAM(1)][Front_0]-(destroy[139]):
04-24 04:42:51.462  5271  1215 I ExynosCameraMCPipe: [CAM(1)][PIPE_FLITE]-(destroy[103]):
04-24 04:42:51.462  5271  1215 I ExynosCameraMCPipe: [CAM(1)][PIPE_FLITE]-(destroy[174]):destroy() is succeed, Pipe(0)
04-24 04:42:51.462  5271  1215 I ExynosCameraMCPipe: [CAM(1)][PIPE_FLITE]-(destroy[103]):
04-24 04:42:51.462  5271  1215 I ExynosCameraMCPipe: [CAM(1)][PIPE_FLITE]-(destroy[174]):destroy() is succeed, Pipe(0)
04-24 04:42:51.463  5271  1215 I ExynosCameraPipeFlite: [CAM(1)][PIPE_FLITE]-(destroy[138]):destroy() is succeed (0)
04-24 04:42:51.463  5271  1215 I ExynosCameraMCPipe: [CAM(1)][PIPE_3AA]-(destroy[103]):
04-24 04:42:51.463  5271 29865 I ExynosCameraBufferSupplier: [CAM(1)][BufferSupplier]-(~ExynosCameraBufferSupplier[85]):~ExynosCameraBufferSupplier: m_grallocMapper is freed
04-24 04:42:51.464  5271 29866 I ExynosCameraSec: [CAM(1)][Front_0]-(m_sensorListenerUnloadThreadFunc[27508]):-IN-
04-24 04:42:51.464  5271 29866 I SensorListener: disableSensor : numSensors=36/36, sen_list = 0xf2769500/0xf2769500
04-24 04:42:51.466  5635  6195 D SensorService: Calling activate off 27
04-24 04:42:51.467  5262  5262 I SensorsHub: batch: handle=27 period=66667000 timeout=0
04-24 04:42:51.468  5271 29866 W RefBase : RefBase: Explicit destruction, weak count = 0 (in 0xf255a600). Use sp<> to manage this object.
04-24 04:42:51.468  5271 29866 W RefBase : CallStack::getCurrentInternal not linked, returning null
04-24 04:42:51.468  5271 29866 W RefBase : CallStack::logStackInternal not linked
04-24 04:42:51.468  5271 29866 I ExynosCameraSec: [CAM(1)][Front_0]-(m_sensorListenerUnloadThreadFunc[27576]):-OUT-
04-24 04:42:51.477  5271  1215 I ExynosCameraMCPipe: [CAM(1)][PIPE_3AA]-(destroy[174]):destroy() is succeed, Pipe(6)
04-24 04:42:51.477  5271  1215 I ExynosCameraMCPipe: [CAM(1)][PIPE_3AA]-(destroy[103]):
04-24 04:42:51.477  5271  1215 I ExynosCameraMCPipe: [CAM(1)][PIPE_3AA]-(destroy[174]):destroy() is succeed, Pipe(6)
04-24 04:42:51.477  5271  1215 I ExynosCameraPipeFlite: [CAM(1)][PIPE_3AA]-(destroy[138]):destroy() is succeed (6)
04-24 04:42:51.477  5271  1215 I ExynosCameraMCPipe: [CAM(1)][PIPE_ISP]-(destroy[103]):
04-24 04:42:51.478  5271  1215 I ExynosCameraMCPipe: [CAM(1)][PIPE_ISP]-(destroy[174]):destroy() is succeed, Pipe(11)
04-24 04:42:51.478  5271  1215 I ExynosCameraMCPipe: [CAM(1)][PIPE_ISP]-(destroy[103]):
04-24 04:42:51.478  5271  1215 I ExynosCameraMCPipe: [CAM(1)][PIPE_ISP]-(destroy[174]):destroy() is succeed, Pipe(11)
04-24 04:42:51.478  5271  1215 I ExynosCameraPipeFlite: [CAM(1)][PIPE_ISP]-(destroy[138]):destroy() is succeed (11)
04-24 04:42:51.478  5271  1215 I ExynosCameraMCPipe: [CAM(1)][PIPE_MCSC]-(destroy[103]):
04-24 04:42:51.478  5271  1215 I ExynosCameraMCPipe: [CAM(1)][PIPE_MCSC]-(destroy[174]):destroy() is succeed, Pipe(26)
04-24 04:42:51.478  5271  1215 I ExynosCameraMCPipe: [CAM(1)][PIPE_MCSC]-(destroy[103]):
04-24 04:42:51.478  5271  1215 I ExynosCameraMCPipe: [CAM(1)][PIPE_MCSC]-(destroy[174]):destroy() is succeed, Pipe(26)
04-24 04:42:51.479  5271  1215 I ExynosCameraPipeFlite: [CAM(1)][PIPE_MCSC]-(destroy[138]):destroy() is succeed (26)
04-24 04:42:51.486  5271  1215 I ExynosCameraPipe: [CAM(1)][PIPE_VRA]-(destroy[121]):destroy() is succeed (33)
04-24 04:42:51.486  5271  1215 I ExynosCameraPipe: [CAM(1)][PIPE_VRA]-(destroy[121]):destroy() is succeed (33)
04-24 04:42:51.486  5271  1215 E libcsc  : csc_deinit:: unsupported csc_hw_type
04-24 04:42:51.486  5271  1215 I ExynosCameraSWPipe: [CAM(1)][PIPE_GSC]-(m_destroy[119]):destroy() is succeed (41)
04-24 04:42:51.486  5271  1215 E libcsc  : csc_deinit:: unsupported csc_hw_type
04-24 04:42:51.486  5271  1215 I ExynosCameraSWPipe: [CAM(1)][PIPE_GSC_VIDEO]-(m_destroy[119]):destroy() is succeed (42)
04-24 04:42:51.486  5271  1215 E libcsc  : csc_deinit:: unsupported csc_hw_type
04-24 04:42:51.486  5271  1215 I ExynosCameraSWPipe: [CAM(1)][PIPE_GSC_PICTURE]-(m_destroy[119]):destroy() is succeed (43)
04-24 04:42:51.486  5271  1215 I ExynosCameraSWPipe: [CAM(1)][PIPE_JPEG]-(m_destroy[119]):destroy() is succeed (44)
04-24 04:42:51.486  5271  1215 I exynos-libhwjpeg: CHWJpegV4L2Compressor Destroyed: 0xf2565880, FD 12
04-24 04:42:51.486  5271  1215 I exynos-libhwjpeg: ExynosJpegEncoderForCamera Destroyed: 0xf21c9004, ION 13, ThumIMG -1
04-24 04:42:51.486  5271  1215 I exynos-libhwjpeg: CHWJpegV4L2Compressor Destroyed: 0xf21c9008, FD 11
04-24 04:42:51.487  5271  1215 I ExynosCameraPipe: [CAM(1)][PIPE_PP_UNI0]-(destroy[121]):destroy() is succeed (54)
04-24 04:42:51.487  5271  1215 I ExynosCameraPipePPSec: [CAM(1)][PIPE_PP_UNI0]-(m_destroy[112]):destroy() is succeed (54)
04-24 04:42:51.487  5271  1215 I ExynosCameraPipe: [CAM(1)][PIPE_PP_UNI1]-(destroy[121]):destroy() is succeed (55)
04-24 04:42:51.487  5271  1215 I ExynosCameraPipePPSec: [CAM(1)][PIPE_PP_UNI1]-(m_destroy[112]):destroy() is succeed (55)
04-24 04:42:51.487  5271  1215 I ExynosCameraPipe: [CAM(1)][PIPE_PP_UNI2]-(destroy[121]):destroy() is succeed (56)
04-24 04:42:51.487  5271  1215 I ExynosCameraPipePPSec: [CAM(1)][PIPE_PP_UNI2]-(m_destroy[112]):destroy() is succeed (56)
04-24 04:42:51.487  5271  1215 I ExynosCameraPipe: [CAM(1)][PIPE_PP_SINGLE0]-(destroy[121]):destroy() is succeed (57)
04-24 04:42:51.487  5271  1215 I ExynosCameraPipePPSec: [CAM(1)][PIPE_PP_SINGLE0]-(m_destroy[112]):destroy() is succeed (57)
04-24 04:42:51.487  5271  1215 I ExynosCameraFrameFactoryBase: [CAM(1)][Front_0]-(destroy[139]):
04-24 04:42:51.487  5271  1215 I ExynosCameraFrameFactoryBase: [CAM(1)][Front_0]-(m_transitState[767]):Skip state transition. curState 0
04-24 04:42:51.487  5271  1215 I ExynosCameraFrameFactoryBase: [CAM(1)][Front_0]-(destroy[139]):
04-24 04:42:51.487  5271  1215 I ExynosCameraFrameFactoryBase: [CAM(1)][Front_0]-(m_transitState[767]):Skip state transition. curState 0
04-24 04:42:51.488  5271  1215 I ExynosCamera: [CAM(1)][Front_0]-(m_deinitFrameFactory[3537]):-OUT-
04-24 04:42:51.488  5271  1215 I ExynosCamera: DEBUG:duration time(   26 msec):(m_deinitFrameFactory)
04-24 04:42:51.488  5271  1215 W RefBase : RefBase: Explicit destruction, weak count = 0 (in 0xf21cd540). Use sp<> to manage this object.
04-24 04:42:51.488  5271  1215 W RefBase : CallStack::getCurrentInternal not linked, returning null
04-24 04:42:51.488  5271  1215 W RefBase : CallStack::logStackInternal not linked
04-24 04:42:51.488  5271  1215 W RefBase : RefBase: Explicit destruction, weak count = 0 (in 0xf21cd450). Use sp<> to manage this object.
04-24 04:42:51.488  5271  1215 W RefBase : CallStack::getCurrentInternal not linked, returning null
04-24 04:42:51.488  5271  1215 W RefBase : CallStack::logStackInternal not linked
04-24 04:42:51.488  5271  1215 W RefBase : RefBase: Explicit destruction, weak count = 0 (in 0xf194328c). Use sp<> to manage this object.
04-24 04:42:51.488  5271  1215 W RefBase : CallStack::getCurrentInternal not linked, returning null
04-24 04:42:51.488  5271  1215 W RefBase : CallStack::logStackInternal not linked
04-24 04:42:51.488  5271  1215 W RefBase : RefBase: Explicit destruction, weak count = 0 (in 0xf1d71e54). Use sp<> to manage this object.
04-24 04:42:51.488  5271  1215 W RefBase : CallStack::getCurrentInternal not linked, returning null
04-24 04:42:51.488  5271  1215 W RefBase : CallStack::logStackInternal not linked
04-24 04:42:51.488  5271  1215 I ExynosCameraSec: [CAM(1)][Front_0]-(m_vendorSpecificDestructor[145]):-IN-
04-24 04:42:51.488  5271  1215 I ExynosCameraSec: [CAM(1)][Front_0]-(m_vendorSpecificDestructor[173]):-OUT-
04-24 04:42:51.488  5271  1215 I ExynosCamera: [CAM(1)][Front_0]-(m_deinit[1072]):-OUT-
04-24 04:42:51.488  5271  1215 I ExynosCamera: [CAM(1)][Front_0]-(m_deinitMultiCam[1078]):-IN-
04-24 04:42:51.488  5271  1215 I ExynosCamera: [CAM(1)][Front_0]-(m_deinitMultiCam[1133]):-OUT-
04-24 04:42:51.489  5271  1215 I ExynosCameraInterface: INFO(HAL3_camera_device_close[367]):close camera(1)
04-24 04:42:51.489  5271  1215 I ExynosCameraInterface: INFO(HAL3_camera_device_close[382]):out =====
04-24 04:42:51.489  5271  1215 I ExynosCameraInterface: DEBUG:duration time(   45 msec):(HAL3_camera_device_close)
04-24 04:42:51.490  5438  8678 D HidlCamera3-Device: CameraPerf: close X (45ms)
04-24 04:42:51.491  5438  8678 D Camera3-OutputStream: disconnectLocked: disconnecting stream 0 from native window
04-24 04:42:51.499  5438  8678 I CameraLatencyHistogram: Stream 0 dequeueBuffer latency histogram (10) samples:
04-24 04:42:51.499  5438  8678 I CameraLatencyHistogram:         5     10     15     20     25     30     35     40     45    inf (max ms)
04-24 04:42:51.499  5438  8678 I CameraLatencyHistogram:      80.00   10.00   0.00   10.00   0.00   0.00   0.00   0.00   0.00   0.00 (%)
04-24 04:42:51.499  5438  8678 I CameraLatencyHistogram: Stream 0 enqueueBuffer latency histogram (3) samples:
04-24 04:42:51.499  5438  8678 I CameraLatencyHistogram:         5     10     15     20     25     30     35     40     45    inf (max ms)
04-24 04:42:51.499  5438  8678 I CameraLatencyHistogram:      66.67   33.33   0.00   0.00   0.00   0.00   0.00   0.00   0.00   0.00 (%)
04-24 04:42:51.500  5438  8678 I Camera3-Device: disconnectImpl: X
04-24 04:42:51.500  5438  8678 I CameraServiceProxyWrapper: updateProxyDeviceState: notifyCameraState for Camera ID 3, newState 3, facing 1, clientName com.samsung.adaptivebrightnessgo, apiLevel 2
04-24 04:42:51.501  5438  8678 D CameraService: BasicClient::disconnect E
04-24 04:42:51.511  5438  8678 I CameraService: this package is a adaptive brightness app.
04-24 04:42:51.513  5438  8678 I CameraService: finishCameraOps: Finish camera ops, package name = com.samsung.adaptivebrightnessgo, client UID = 5021
04-24 04:42:51.513  5438  8678 I CameraService: this package is a adaptive brightness app.
04-24 04:42:51.513  5438  8678 I CameraService: Drop updateStatus callbak for package com.samsung.adaptivebrightnessgo(pid 19292)
04-24 04:42:51.514  5635  6660 I CameraManagerGlobal: Camera 3 facing CAMERA_FACING_FRONT state now CAMERA_STATE_CLOSED for client com.samsung.adaptivebrightnessgo API Level 2
04-24 04:42:51.514  6374  7326 I CameraManagerGlobal: Camera 3 facing CAMERA_FACING_FRONT state now CAMERA_STATE_CLOSED for client com.samsung.adaptivebrightnessgo API Level 2
04-24 04:42:51.515  6374  7457 D CameraAvailabilityListener: onCameraDeviceStateChanged: id=3, facing=1, state=CAMERA_STATE_CLOSED, client=com.samsung.adaptivebrightnessgo
04-24 04:42:51.516  6691  9275 I CameraManagerGlobal: Camera 3 facing CAMERA_FACING_FRONT state now CAMERA_STATE_CLOSED for client com.samsung.adaptivebrightnessgo API Level 2
04-24 04:42:51.518  8394  8412 I CameraManagerGlobal: Camera 3 facing CAMERA_FACING_FRONT state now CAMERA_STATE_CLOSED for client com.samsung.adaptivebrightnessgo API Level 2
04-24 04:42:51.518  8394  8412 I CameraManagerGlobal: onCameraDeviceStateChangedLocked: post device state update
04-24 04:42:51.518  8394  8412 I CameraManagerGlobal: onCameraDeviceStateChangedLocked: post device state update
04-24 04:42:51.519 12515 19382 I CameraManagerGlobal: Camera 3 facing CAMERA_FACING_FRONT state now CAMERA_STATE_CLOSED for client com.samsung.adaptivebrightnessgo API Level 2
04-24 04:42:51.520 14989 18186 I CameraManagerGlobal: Camera 3 facing CAMERA_FACING_FRONT state now CAMERA_STATE_CLOSED for client com.samsung.adaptivebrightnessgo API Level 2
04-24 04:42:51.520 19292 23558 I CameraManagerGlobal: Camera 3 facing CAMERA_FACING_FRONT state now CAMERA_STATE_CLOSED for client com.samsung.adaptivebrightnessgo API Level 2
04-24 04:42:51.523  5438  8678 I CameraFlashlight: deviceClosed: device 3 is closed
04-24 04:42:51.523  5438  8678 I CameraService: disconnect: Disconnected client for camera 3 for PID 19292
04-24 04:42:51.523  5438  8678 D CameraService: BasicClient::disconnect X
04-24 04:42:51.525 19292 19313 I CameraLightSensor_Service: Camera released, time taken= 990 cameraLock= true
04-24 04:42:51.525 19292 19313 I CameraLightSensor_Service: stopBackgroundThread : mBackgroundHandler is set to null
04-24 04:42:51.525 19292 21575 W ivebrightnessgo: Long monitor contention with owner CameraServiceThread (19313) at void android.hardware.camera2.impl.CameraDeviceImpl.close()(CameraDeviceImpl.java:1430) waiters=1 in void android.hardware.camera2.impl.CameraDeviceImpl.onDeviceError(int, android.hardware.camera2.impl.CaptureResultExtras) for 169ms
04-24 04:42:51.572  5486  5670 D SemNativeCarrierFeature_vendor: getInstance
04-24 04:42:51.587  5635  5635 D SemWifiService: onServiceStateChanged : state - 0, dataNetworkType : 13
04-24 04:42:51.590  5635  6549 D SLocation: CellLocationManager - onServiceStateChanged 0
04-24 04:42:51.601  6374  6652 D MobileStatusTracker(1/2): onServiceStateChanged voiceState=0 dataState=0
04-24 04:42:51.601  5635  5635 D SemWifiApServiceImpl: onServiceStateChanged : 0dataNetworkType : 13
04-24 04:42:51.602  5635  5635 W NSLocationMonitor: onServiceStateChanged, state=0 / channel=6300
04-24 04:42:51.602  5635  5635 I NSLocationMonitor: networkType[13]=LTE / nrState=false
04-24 04:42:51.602  5635  5635 W NSLocationMonitor: onServiceStateChanged, state=0 / channel=6300
04-24 04:42:51.603  5635  5635 I NSLocationMonitor: networkType[13]=LTE / nrState=false
04-24 04:42:51.608  6721  6914 I PdnController<1>: Active Phone Id = 1 MobileConnected = true
