04-18 00:43:14.118  5628  8356 E SupplicantStaIfaceHalAidlImpl: 	at com.android.wifi.x.android.hardware.wifi.supplicant.ISupplicantStaIface$Stub$Proxy.initiateAnqpQuery(ISupplicantStaIface.java:1204)
04-18 00:43:14.118  5628  8356 E SupplicantStaIfaceHalAidlImpl: 	at com.android.server.wifi.SupplicantStaIfaceHalAidlImpl.initiateAnqpQuery(SupplicantStaIfaceHalAidlImpl.java:1578)
04-18 00:43:14.118  5628  8356 E SupplicantStaIfaceHalAidlImpl: 	at com.android.server.wifi.SupplicantStaIfaceHalAidlImpl.initiateAnqpQuery(SupplicantStaIfaceHalAidlImpl.java:1558)
04-18 00:43:14.118  5628  8356 E SupplicantStaIfaceHalAidlImpl: 	at com.android.server.wifi.SupplicantStaIfaceHal.initiateAnqpQuery(SupplicantStaIfaceHal.java:1458)
04-18 00:43:14.118  5628  8356 E SupplicantStaIfaceHalAidlImpl: 	at com.android.server.wifi.WifiNative.requestAnqp(WifiNative.java:2770)
04-18 00:43:14.118  5628  8356 E SupplicantStaIfaceHalAidlImpl: 	at com.android.server.wifi.ClientModeImpl.requestAnqp(ClientModeImpl.java:1817)
04-18 00:43:14.118  5628  8356 E SupplicantStaIfaceHalAidlImpl: 	at com.android.server.wifi.ConcreteClientModeManager.requestAnqp(ConcreteClientModeManager.java:1486)
04-18 00:43:14.118  5628  8356 E SupplicantStaIfaceHalAidlImpl: 	at com.android.server.wifi.hotspot2.PasspointEventHandler.requestANQP(PasspointEventHandler.java:86)
04-18 00:43:14.118  5628  8356 E SupplicantStaIfaceHalAidlImpl: 	at com.android.server.wifi.hotspot2.ANQPRequestManager.requestANQPElements(ANQPRequestManager.java:131)
04-18 00:43:14.118  5628  8356 E SupplicantStaIfaceHalAidlImpl: 	at com.android.server.wifi.hotspot2.PasspointManager.getAllMatchedProviders(PasspointManager.java:909)
04-18 00:43:14.118  5628  8356 E SupplicantStaIfaceHalAidlImpl: 	at com.android.server.wifi.hotspot2.PasspointManager.matchProvider(PasspointManager.java:851)
04-18 00:43:14.118  5628  8356 E SupplicantStaIfaceHalAidlImpl: 	at com.android.server.wifi.hotspot2.PasspointManager.matchProvider(PasspointManager.java:833)
04-18 00:43:14.118  5628  8356 E SupplicantStaIfaceHalAidlImpl: 	at com.android.server.wifi.hotspot2.PasspointNetworkNominateHelper.getMatchedCandidateGroupByProvider(PasspointNetworkNominateHelper.java:259)
04-18 00:43:14.118  5628  8356 E SupplicantStaIfaceHalAidlImpl: 	at com.android.server.wifi.hotspot2.PasspointNetworkNominateHelper.updateBestMatchScanDetailForProviders(PasspointNetworkNominateHelper.java:168)
04-18 00:43:14.118  5628  8356 E SupplicantStaIfaceHalAidlImpl: 	at com.android.server.wifi.hotspot2.PasspointNetworkNominateHelper.updatePasspointConfig(PasspointNetworkNominateHelper.java:92)
04-18 00:43:14.118  5628  8356 E SupplicantStaIfaceHalAidlImpl: 	at com.android.server.wifi.NetworkSuggestionNominator.update(NetworkSuggestionNominator.java:81)
04-18 00:43:14.118  5628  8356 E SupplicantStaIfaceHalAidlImpl: 	at com.android.server.wifi.WifiNetworkSelector.getCandidatesFromScan(WifiNetworkSelector.java:1012)
04-18 00:43:14.118  5628  8356 E SupplicantStaIfaceHalAidlImpl: 	at com.android.server.wifi.WifiConnectivityManager.handleScanResults(WifiConnectivityManager.java:565)
04-18 00:43:14.118  5628  8356 E SupplicantStaIfaceHalAidlImpl: 	at com.android.server.wifi.WifiConnectivityManager.-$$Nest$mhandleScanResults(Unknown Source:0)
04-18 00:43:14.118  5628  8356 E SupplicantStaIfaceHalAidlImpl: 	at com.android.server.wifi.WifiConnectivityManager$AllSingleScanListener.onResults(WifiConnectivityManager.java:890)
04-18 00:43:14.118  5628  8356 E SupplicantStaIfaceHalAidlImpl: 	at android.net.wifi.WifiScanner$ServiceHandler.lambda$handleMessage$1(WifiScanner.java:1887)
04-18 00:43:14.118  5628  8356 E SupplicantStaIfaceHalAidlImpl: 	at android.net.wifi.WifiScanner$ServiceHandler$$ExternalSyntheticLambda2.run(Unknown Source:4)
04-18 00:43:14.118  5628  8356 E SupplicantStaIfaceHalAidlImpl: 	at android.os.Handler.handleCallback(Handler.java:942)
04-18 00:43:14.118  5628  8356 E SupplicantStaIfaceHalAidlImpl: 	at android.os.Handler.dispatchMessage(Handler.java:99)
04-18 00:43:14.118  5628  8356 E SupplicantStaIfaceHalAidlImpl: 	at android.os.Looper.loopOnce(Looper.java:226)
04-18 00:43:14.118  5628  8356 E SupplicantStaIfaceHalAidlImpl: 	at android.os.Looper.loop(Looper.java:313)
04-18 00:43:14.118  5628  8356 E SupplicantStaIfaceHalAidlImpl: 	at android.os.HandlerThread.run(HandlerThread.java:67)
04-18 00:43:14.175  5628 11220 V LocationManagerService: network provider registration 10234/com.google.android.as/7B25F157 dropped delivery - too close
04-18 00:43:14.176  9284  9353 I NlpMonitor_FLP: monitorNlp, package=com.google.android.as/ interval=21600000
04-18 00:43:14.176  5628 11220 V LocationManagerService: passive provider registration 5023/com.samsung.android.networkdiagnostic/4FDF9C6D dropped delivery - too close
04-18 00:43:14.177  5628 11220 V LocationManagerService: passive provider registration 1000/android[SensorNotificationService]/B3D20444 dropped delivery - too close
04-18 00:43:14.179  5628  8841 D SLocation: PositionManager - PassiveonLocationChanged network 1681771394057
04-18 00:43:14.179  5628  8841 D SLocation: ARDistanceBigData - BIGDATA ARD - receive location
04-18 00:43:14.179  5628  8841 D SLocation: GeofenceLocationFilter - location sent before 3208, need to filter / provider : network, accuracy : 18.211
04-18 00:43:14.179  5628  8841 I SLocation: GeofenceLocationFilter - alarm set, next time to send location : 204442760, com.samsung.android.location.geofence.geopoint.d@9e41a4c
04-18 00:43:14.182  5628  8841 D SLocation: SLocationCoreSem - send to coreSem, packet length : 23 / [2, 26, 183, 29, 55, 12, 49, 249, 31, 0, 0, 0, 18, 2, 0, 0, 1, 135, 145, 98, 244, 9, 0]
04-18 00:43:14.182  5628  8841 D SemContextLocationCoreAttribute: setAttribute() mode : 0 action : 23
04-18 00:43:14.183  5628  8841 D SemContextService: lock : changeParameters
04-18 00:43:14.183  5628  8841 D SemContext.CaeProvider.LocationCoreImpl: setAttribute() mode : 0 action : 23
04-18 00:43:14.183  5628  8841 W CAE     : setCAProperty(ContextAwareService.java:513) - [setProperty 01] Mutex is locked for SLOCATION_RUNNER
04-18 00:43:14.184  5628  8841 I CAE     : setPropertyValue(SLocationRunner.java:116) - SLocationRunner setProperty header : 2, len : 23
04-18 00:43:14.185  5628  8841 I CAE     : sendCmdToSensorHub(SensorHubCommManager.java:156) - -63, 23, 55, 2, 26, -73, 29, 55, 12, 49, -7, 31, 0, 0, 0, 18, 2, 0, 0, 1, -121, -111, 98, -12, 9, 0,
04-18 00:43:14.186  5628  5927 D SensorService: setSContextDataLocked ints length 8 , byte length 26
04-18 00:43:14.186  5628  5927 D SensorService: setSContextDataLocked 23717c1
04-18 00:43:14.186  5271  5271 I SensorsHub: SContextSensor::injecet_sensor_data
04-18 00:43:14.186  5271  5271 D SensorsHub: c1 17 37 02 1a b7 1d 37 0c 31 f9 1f 00 00 00 12
04-18 00:43:14.186  5271  5271 D SensorsHub: 02 00 00 01 87 91 62 f4 09 00
04-18 00:43:14.186  5271  5271 D SensorsHub: inject_scontext_data: New ssp_data_injection_fd(28)
04-18 00:43:14.186  5271  5271 D SensorsHub: SContext Data Injection return 26
04-18 00:43:14.189  5271  5313 I SensorsHub: context 10 0 9 1,1,55,0,5,2,2,0,0,0, 204439977537473
04-18 00:43:14.189  5628  8841 W CAE     : setCAProperty(ContextAwareService.java:519) - [setProperty 02] Mutex is unlocked for SLOCATION_RUNNER
04-18 00:43:14.189  5628  8841 D SemContextService: unlock : changeParameters
04-18 00:43:14.189  5628  8841 D SemContextManager:   .changeParameters : listener = com.samsung.android.location.semcontext.a@695d2c0, service=SLocation Core
04-18 00:43:14.189  5628  8841 D SLocation: ARDistanceLibManager - request distance diff to AR Distance Library
04-18 00:43:14.190  5628  8841 D SLocation: SLocationCoreSem - send to coreSem, packet length : 1 / [34]
04-18 00:43:14.190  5628  8841 D SemContextLocationCoreAttribute: setAttribute() mode : 0 action : 23
04-18 00:43:14.190  5628  5924 D SensorHubManager: onGetSensorHubDataLocked: library(10) = 1, 1, 55, 0, 5, 2, 2, 0, 0, 0
04-18 00:43:14.190  5628  5925 D CAE     : onGetSensorHubData(SensorHubParserProvider.java:89) - onGetSensorHubData Event [event buffer len :10], AP_WAKEUP
04-18 00:43:14.191  5628  5925 I CAE     : parse(SensorHubParserProvider.java:190) - buffer size = 10
04-18 00:43:14.191  5628  5925 I CAE     : parse(SensorHubParserProvider.java:201) - 1, 1, 55, 0, 5, 2, 2, 0, 0, 0,
04-18 00:43:14.191  5628  8841 D SemContextService: lock : changeParameters
04-18 00:43:14.191  5628  5925 I CAE     : parse(SLocationRunner.java:88) - SLocationRunner parse start : 3
04-18 00:43:14.191  5628  8841 D SemContext.CaeProvider.LocationCoreImpl: setAttribute() mode : 0 action : 23
04-18 00:43:14.192  5628  5925 D CAE     : display(ContextProvider.java:375) - ================= SLOCATION_RUNNER =================
04-18 00:43:14.192  5628  8841 W CAE     : setCAProperty(ContextAwareService.java:513) - [setProperty 01] Mutex is locked for SLOCATION_RUNNER
04-18 00:43:14.192  5628  5925 I CAE     : display(ContextProvider.java:391) - ExtraDataArray=[1, 1, 55, 0, 5, 2, 2, 0, 0, 0]
04-18 00:43:14.192  5628  8841 I CAE     : setPropertyValue(SLocationRunner.java:116) - SLocationRunner setProperty header : 34, len : 1
04-18 00:43:14.193  5628  8841 I CAE     : sendCmdToSensorHub(SensorHubCommManager.java:156) - -63, 23, 55, 34,
04-18 00:43:14.193  5628  5927 D SensorService: setSContextDataLocked ints length 2 , byte length 4
04-18 00:43:14.193  5628  5927 D SensorService: setSContextDataLocked 223717c1
04-18 00:43:14.194  5628 11220 V LocationManagerService: passive provider registration 5023/com.samsung.android.networkdiagnostic/4FDF9C6D dropped delivery - too close
04-18 00:43:14.194  5628 11220 V LocationManagerService: passive provider registration 1000/android[SensorNotificationService]/B3D20444 dropped delivery - too close
04-18 00:43:14.194  5628  5922 D SemContextService: Service.updateContext() : service = SLocation Core
04-18 00:43:14.194  9284  9353 I NlpAccuracyEvaluator_FLP: update nlp [wifi] fixCount=47/distDelta=0.07752233/accuracy=18.211
04-18 00:43:14.194  5628  5925 I CAE     : parse(SLocationRunner.java:96) - SLocationRunner parse end:10
04-18 00:43:14.194  5628  5628 D SemContextManager: onSemContextChanged() : event = SLocation Core
04-18 00:43:14.194  5628  5628 D SLocation: SLocationCoreSem - SemContextChanged type = 47, packet received
04-18 00:43:14.195  5271  5271 I SensorsHub: SContextSensor::injecet_sensor_data
04-18 00:43:14.195  5271  5271 D SensorsHub: c1 17 37 22
04-18 00:43:14.195  5271  5271 D SensorsHub: inject_scontext_data: New ssp_data_injection_fd(28)
04-18 00:43:14.195  5271  5271 D SensorsHub: SContext Data Injection return 4
04-18 00:43:14.196  5628  8841 W CAE     : setCAProperty(ContextAwareService.java:519) - [setProperty 02] Mutex is unlocked for SLOCATION_RUNNER
04-18 00:43:14.196  5271  5313 I SensorsHub: context 38 0 37 1,1,55,0,33,33,0,0,0,0,23,86,192,72,39,31,77,0,26,183,21,160,12,50,11,128,0,0,0,24,4,224,226,216,0,0,1,244, 204439985362703
04-18 00:43:14.196  5628  8841 D SemContextService: unlock : changeParameters
04-18 00:43:14.197  5271  5313 I SensorsHub: context 10 0 9 1,1,55,0,5,2,34,0,0,0, 204439985416665
04-18 00:43:14.197  5628  8841 D SemContextManager:   .changeParameters : listener = com.samsung.android.location.semcontext.a@695d2c0, service=SLocation Core
04-18 00:43:14.197  5628  8841 I SLocation: SemContextParser -  parse start : 3
04-18 00:43:14.197  5628  5924 D SensorHubManager: onGetSensorHubDataLocked: library(38) = 1, 1, 55, 0, 33, 33, 0, 0, 0, 0, 23, 86, -64, 72, 39, 31, 77, 0, 26, -73, 21, -96, 12, 50, 11, -128, 0, 0, 0, 24, 4, -32, -30, -40, 0, 0, 1, -12
04-18 00:43:14.197  5628  8841 I SLocation: SemContextParser -  packet Length : 5packet total size : 10
04-18 00:43:14.197  5628  8841 I SLocation: SemContextParser - packet : [2, 2, 0, 0, 0]
04-18 00:43:14.197  5628  5924 D SensorHubManager: onGetSensorHubDataLocked: library(10) = 1, 1, 55, 0, 5, 2, 34, 0, 0, 0
04-18 00:43:14.198  5628  8841 D SLocation: PositionManager - PassiveonLocationChanged fused 1681771394058
04-18 00:43:14.198  5628  5925 D CAE     : onGetSensorHubData(SensorHubParserProvider.java:89) - onGetSensorHubData Event [event buffer len :38], AP_WAKEUP
04-18 00:43:14.198  5628  8841 W SLocation: PositionManager - do not refresh last location about fused location
04-18 00:43:14.198  5628  5925 I CAE     : parse(SensorHubParserProvider.java:190) - buffer size = 38
04-18 00:43:14.198  5628  8841 D SLocation: GeofenceCoreManager - received Extra Data from core, len : 5
04-18 00:43:14.198  5628  8841 D SLocation: GeofenceCoreManager - handleCommandCallback - UNKNOWN_CALLBACK 2 SUCCESS
04-18 00:43:14.199  5628  8841 D SLocation: CommonCoreManager - received Extra Data from core, len : 5
04-18 00:43:14.199  5628  8841 D SLocation: CommonCoreManager - handleCommandCallback - FUNC_TYPE : SET_LOCATION ERROR_CODE : ERROR_NONE
04-18 00:43:14.199  9284  9353 I GmsPassiveListener_FLP: onGmsLocationChanged, provider=fused / speed=0.15775308 / time=1681771394058 / elapsed=204439846000000
04-18 00:43:14.199  5628  8841 D SLocation: ARDistanceBigData - BIGDATA ARD - receive location
04-18 00:43:14.199  5628  8841 D SLocation: ARDistanceLibManager - request distance diff to AR Distance Library
04-18 00:43:14.199  5628  5925 I CAE     : parse(SensorHubParserProvider.java:201) - 1, 1, 55, 0, 33, 33, 0, 0, 0, 0, 23, 86, -64, 72, 39, 31, 77, 0, 26, -73, 21, -96, 12, 50, 11, -128, 0, 0, 0, 24, 4, -32, -30, -40, 0, 0, 1, -12,
04-18 00:43:14.199  5628  8841 D SLocation: ARDistanceGetARDistance - ignore request, waiting for packet
04-18 00:43:14.199  5628  8841 D SLocation: PositionManager - receive fused location
04-18 00:43:14.201  5628  5925 I CAE     : parse(SLocationRunner.java:88) - SLocationRunner parse start : 3
04-18 00:43:14.201  5628  5925 D CAE     : display(ContextProvider.java:375) - ================= SLOCATION_RUNNER =================
04-18 00:43:14.201  5628  5925 I CAE     : display(ContextProvider.java:391) - ExtraDataArray=[1, 1, 55, 0, 33, 33, 0, 0, 0, 0, 23, 86, -64, 72, 39, 31, 77, 0, 26, -73, 21, -96, 12, 50, 11, -128, 0, 0, 0, 24, 4, -32, -30, -40, 0, 0, 1, -12]
04-18 00:43:14.205  5628  5925 I CAE     : parse(SLocationRunner.java:96) - SLocationRunner parse end:38
04-18 00:43:14.205  5628  5925 D CAE     : onGetSensorHubData(SensorHubParserProvider.java:89) - onGetSensorHubData Event [event buffer len :10], AP_WAKEUP
04-18 00:43:14.205  5628  5925 I CAE     : parse(SensorHubParserProvider.java:190) - buffer size = 10
04-18 00:43:14.206  5628  5925 I CAE     : parse(SensorHubParserProvider.java:201) - 1, 1, 55, 0, 5, 2, 34, 0, 0, 0,
04-18 00:43:14.206  5628  5922 D SemContextService: Service.updateContext() : service = SLocation Core
04-18 00:43:14.206  5628  5925 I CAE     : parse(SLocationRunner.java:88) - SLocationRunner parse start : 3
04-18 00:43:14.206  5628  5628 D SemContextManager: onSemContextChanged() : event = SLocation Core
04-18 00:43:14.206  5628  5628 D SLocation: SLocationCoreSem - SemContextChanged type = 47, packet received
04-18 00:43:14.206  5628  5925 D CAE     : display(ContextProvider.java:375) - ================= SLOCATION_RUNNER =================
04-18 00:43:14.207  5628  5925 I CAE     : display(ContextProvider.java:391) - ExtraDataArray=[1, 1, 55, 0, 5, 2, 34, 0, 0, 0]
04-18 00:43:14.208  5628  8841 I SLocation: SemContextParser -  parse start : 3
04-18 00:43:14.208  5628  8841 I SLocation: SemContextParser -  packet Length : 33packet total size : 38
04-18 00:43:14.208  5628  8841 I SLocation: SemContextParser - packet : [33, 0, 0, 0, 0, 23, 86, -64, 72, 39, 31, 77, 0, 26, -73, 21, -96, 12, 50, 11, -128, 0, 0, 0, 24, 4, -32, -30, -40, 0, 0, 1, -12]
04-18 00:43:14.208  5628  8841 D SLocation: GeofenceCoreManager - received Extra Data from core, len : 33
04-18 00:43:14.209  5628  8841 D SLocation: ARDistanceGetARDistance - convertSensorHubTimeToElapsedTime 1681741245429045788
04-18 00:43:14.209  5628  8841 D SLocation: ARDistanceGetARDistance - invalid location time from core pvt 1681741245429045788, do not use distance info
04-18 00:43:14.209  5628  8841 D SLocation: CommonCoreManager - received Extra Data from core, len : 33
04-18 00:43:14.212  5628  5922 D SemContextService: Service.updateContext() : service = SLocation Core
04-18 00:43:14.212  5628  5628 D SemContextManager: onSemContextChanged() : event = SLocation Core
04-18 00:43:14.213  5628  5628 D SLocation: SLocationCoreSem - SemContextChanged type = 47, packet received
04-18 00:43:14.213  5628  8841 I SLocation: SemContextParser -  parse start : 3
04-18 00:43:14.213  5628  8841 I SLocation: SemContextParser -  packet Length : 5packet total size : 10
04-18 00:43:14.214  5628  5925 I CAE     : parse(SLocationRunner.java:96) - SLocationRunner parse end:10
04-18 00:43:14.214  5628  8841 I SLocation: SemContextParser - packet : [2, 34, 0, 0, 0]
04-18 00:43:14.214  5628  8841 D SLocation: GeofenceCoreManager - received Extra Data from core, len : 5
04-18 00:43:14.214  5628  8841 D SLocation: GeofenceCoreManager - handleCommandCallback - UNKNOWN_CALLBACK 34 SUCCESS
04-18 00:43:14.214  5628  8841 D SLocation: ARDistanceLibManager - command callback received - CURRENT_LOCATION_REQUEST_DISTANCE ERROR CODE : ERROR_NONE
04-18 00:43:14.215  5628  8841 D SLocation: CommonCoreManager - received Extra Data from core, len : 5
04-18 00:43:15.817  5628  9811 D SemWifiUsabilityStatsMonitor: onWifiUsabilityStats - seqNum 23613, isSameBssidAndFreq true
04-18 00:43:15.819  5628  8422 I SemWifiLinkQualityMonitor: Link Qos Query: 0.018 ms / 433.000 Mbps (433 / 0.000 / 1.000)
04-18 00:43:16.972  5628  8841 D SLocation: GeopointGeofenceManager - Location reported : fix method = 4 / 18.211
04-18 00:43:16.972  5628  8841 W Settings: Setting airplane_mode_on has moved from android.provider.Settings.System to android.provider.Settings.Global, returning read-only value.
04-18 00:43:16.975  5628  8841 D SLocation: LocationProcessingAlgorithm - entry condition - dist : 4657.7773 padding : 0.0, accuracy : 18.211, provider : network, dir : 2
04-18 00:43:16.975  5628  8841 D SLocation: LocationProcessingAlgorithm - entry condition - dist : 3807520.2 padding : 0.0, accuracy : 18.211, provider : network, dir : 2
04-18 00:43:16.975  5628  8841 D SLocation: LocationProcessingAlgorithm - entry condition - dist : 90753.02 padding : 0.0, accuracy : 18.211, provider : network, dir : 2
04-18 00:43:16.976  5628  8841 D SLocation: LocationProcessingAlgorithm - entry condition - dist : 3807943.8 padding : 0.0, accuracy : 18.211, provider : network, dir : 2
04-18 00:43:16.976  5628  8841 D SLocation: LocationProcessingAlgorithm - entry condition - dist : 686.14905 padding : 0.0, accuracy : 18.211, provider : network, dir : 2
04-18 00:43:16.976  5628  8841 D SLocation: LocationProcessingAlgorithm - entry condition - dist : 1917398.5 padding : 0.0, accuracy : 18.211, provider : network, dir : 2
04-18 00:43:16.977  5628  8841 D SLocation: LocationProcessingAlgorithm - entry condition - dist : 13352.894 padding : 0.0, accuracy : 18.211, provider : network, dir : 2
04-18 00:43:16.977  5628  8841 D SLocation: LocationProcessingAlgorithm - entry condition - dist : 3807943.8 padding : 0.0, accuracy : 18.211, provider : network, dir : 2
04-18 00:43:16.977  5628  8841 D SLocation: LocationProcessingAlgorithm - entry condition - dist : 1801179.1 padding : 0.0, accuracy : 18.211, provider : network, dir : 2
04-18 00:43:16.978  5628  8841 D SLocation: LocationProcessingAlgorithm - entry condition - dist : 665.30414 padding : 0.0, accuracy : 18.211, provider : network, dir : 2
04-18 00:43:16.978  5628  8841 D SLocation: LocationProcessingAlgorithm - entry condition - dist : 9.187144 padding : 0.0, accuracy : 18.211, provider : network, dir : 1
04-18 00:43:16.978  5628  8841 D SLocation: GeopointReceiver - send geopoint result - 1
04-18 00:43:16.978  5628  8841 D SLocation: ReceiverPairWithAdaptive - id : 11, dir : 1
04-18 00:43:16.979  5628  8841 D SLocation: LocationProcessingAlgorithm - entry condition - dist : 426.22794 padding : 0.0, accuracy : 18.211, provider : network, dir : 1
04-18 00:43:16.979  5628  8841 D SLocation: GeopointReceiver - send geopoint result - 1
04-18 00:43:18.024  8513  8599 D MobileStatusTracker(0/1): onSignalStrengthsChanged level=2, vendorLevel=1
04-18 00:43:18.031  8513  8599 D MobileSignalController(0/1): notifyListener: enabled=true, connected=true, dataConnected=false, networkType=LTE (4G), emergencyOnly=false, roaming=true, isDefault=false, dataActivity=, level=1, ca=false, mmWave=false, disabledDataIcon=false, simCard=ETC
04-18 00:43:18.031  8513  8599 D NetworkController: SignalStrength from intent slotId=0
04-18 00:43:18.206 28978 29278 I AiAiStatsd: No op: the most recent atoms from the date 2023-04-16 have been uploaded.
04-18 00:43:18.849  5628  9811 D SemWifiUsabilityStatsMonitor: onWifiUsabilityStats - seqNum 23614, isSameBssidAndFreq true
04-18 00:43:18.853  5628  8422 I SemWifiLinkQualityMonitor: Link Qos Query: 0.018 ms / 433.000 Mbps (433 / 0.000 / 1.000)
04-18 00:43:19.307  8513  8599 D MobileStatusTracker(0/1): onSignalStrengthsChanged level=2, vendorLevel=2
04-18 00:43:19.318  8513  8599 D MobileSignalController(0/1): notifyListener: enabled=true, connected=true, dataConnected=false, networkType=LTE (4G), emergencyOnly=false, roaming=true, isDefault=false, dataActivity=, level=2, ca=false, mmWave=false, disabledDataIcon=false, simCard=ETC
04-18 00:43:19.318  8513  8599 D NetworkController: SignalStrength from intent slotId=0
04-18 00:43:20.964  5628  7319 D TrafficStats: tagSocket(1004) with statsTag=0xffffffff, statsUid=-1
04-18 00:43:21.170  5628  7319 D WifiConnectivityMonitor.DnsThread:  [|209]
04-18 00:43:21.171  5628  8444 D WifiConnectivityMonitor.NetworkStatsAnalyzer: DNS resultType : 0, responseTime : 209
04-18 00:43:21.173  5628  8438 D OpenNetworkQos[4.00]: updateBssidLatestDnsResultType - result: 0
04-18 00:43:21.173  5628  8438 D OpenNetworkQos[4.00]: updateBssidNoInternet: mBssidNoInternet = false
04-18 00:43:21.174  5628  8438 D OpenNetworkQos[4.00]: getOpenNetworkQosNoInternetStatus: false
04-18 00:43:21.174  5628  8438 D OpenNetworkQos[4.00]: getOpenNetworkQosScores: 30 26 30
04-18 00:43:21.175  5628  8438 I WifiProfileShare: network QoS data was changed (internet), updateQoSData networkType: true, qosData: false
04-18 00:43:21.177  5628  9412 V WifiProfileShare.Caster: update wips network, size: 0
04-18 00:43:21.177  5628  9412 D WifiProfileShare: nearby scanning settings run
04-18 00:43:21.177  5628  9412 D WifiProfileShare: network score provider settings enabled
04-18 00:43:21.177  5628  9412 D OpenNetworkQos[4.00]: getOpenNetworkQosScores: 30 26 30
04-18 00:43:21.177  5628  9412 D OpenNetworkQos[4.00]: getOpenNetworkQosNoInternetStatus: false
04-18 00:43:21.177  5628  9412 I WifiProfileShare.Caster: current network type: 0, score: [30, 26, 30]
04-18 00:43:21.179  5628  9412 V WifiProfileShare.Cache: update network score 00:e4:06:**:**:90
04-18 00:43:21.179  5628  9412 D WifiProfileShare.ScanMatcher: getMcfDataList size:2
04-18 00:43:21.179  5628  9412 I WifiProfileShare.Caster: qos data was updated , before:type:QOS, pBssid:51:2e:90, qosData:7c after:type:QOS, pBssid:51:2e:90, qosData:7c
04-18 00:43:21.180  5628  9412 I [MCFSDK_android_1.2.4010]_4_b: isNetworkEnabled - type : 1 ret : true
04-18 00:43:21.181  5628  9412 D WifiProfileShare.McfCast: -ME--- mIsNetworkEnabled :true
04-18 00:43:21.181  5628  9412 D WifiProfileShare.McfCast: updateQoSData ignored, same contents
04-18 00:43:21.181  5628  9412 D WifiProfileShare.MCF: success update QosData !
04-18 00:43:21.182  5628  9412 I [MCFSDK_android_1.2.4010]_4_b: isNetworkEnabled - type : 1 ret : true
04-18 00:43:21.182  5628  9412 D WifiProfileShare.McfCast: -ME--- mIsNetworkEnabled :true
04-18 00:43:21.182  5628  9412 D WifiProfileShare.McfCast: -ME--- updatePasswordDate pwdData size:2
04-18 00:43:21.884  5628  9811 D SemWifiUsabilityStatsMonitor: onWifiUsabilityStats - seqNum 23615, isSameBssidAndFreq true
04-18 00:43:21.887  5628  8422 I SemWifiLinkQualityMonitor: Link Qos Query: 0.018 ms / 433.000 Mbps (433 / 0.000 / 1.000)
04-18 00:43:22.613  5288  5288 E sehhealth-service: Could not open /sys/class/power_supply/battery/lrp
04-18 00:43:24.754 18530 18601 I Finsky  : [93] ijl.run(2): AIM: AppInfoManager-Perf > Destroying AppInfoManager ...
04-18 00:43:24.920  5628  9811 D SemWifiUsabilityStatsMonitor: onWifiUsabilityStats - seqNum 23616, isSameBssidAndFreq true
04-18 00:43:24.925  8513  8513 D NetworkController.WifiSignalController: notifyListener: visible=true, connected=true, inetCondition=1, isDefault=true, wifiTestReported=true, receivedInetCondition=-1, hideDuringMobileSwitching=false
04-18 00:43:24.927  8513  8599 D Tile.WifiTile: handleUpdateState isTransient=false transientEnabling =false cb.isTransient=false state.state = 2 mStateBeforeClick.value =false enabled =true
04-18 00:43:24.928  5628  8422 I SemWifiLinkQualityMonitor: Link Qos Query: 0.018 ms / 433.000 Mbps (433 / 0.000 / 1.000)
04-18 00:43:27.806  8513  8599 D MobileStatusTracker(1/2): onSignalStrengthsChanged level=2, vendorLevel=2
04-18 00:43:27.814  8513  8599 D MobileSignalController(1/2): notifyListener: enabled=true, connected=true, dataConnected=false, networkType=LTE (4G), emergencyOnly=false, roaming=false, isDefault=false, dataActivity=, level=2, ca=false, mmWave=false, disabledDataIcon=false, simCard=ETC
04-18 00:43:27.814  8513  8599 D NetworkController: SignalStrength from intent slotId=1
04-18 00:43:27.951  5628  9811 D SemWifiUsabilityStatsMonitor: onWifiUsabilityStats - seqNum 23617, isSameBssidAndFreq true
04-18 00:43:27.958  5628  8422 I SemWifiLinkQualityMonitor: Link Qos Query: 0.018 ms / 433.000 Mbps (433 / 0.000 / 1.000)
04-18 00:43:27.972  4066  4066 I LiveIconUpdateEventHandler: onReceive: Intent { act=com.samsung.action.EVERY_MINUTE_CLOCK_UPDATE flg=0x10 }
04-18 00:43:27.973  4066  4066 I LiveIconUpdateEventHandler: onReceive: com.samsung.action.EVERY_MINUTE_CLOCK_UPDATE
04-18 00:43:27.973  4066  4128 I LiveIconUpdateEventHandler: LiveIcon DateChanged
04-18 00:43:27.974  4066  4128 I LiveIconUpdateEventHandler: updateLiveIcon type:0
04-18 00:43:27.981  4066  4128 I LiveIconUpdateEventHandler: cancelMinuteChangeAlarm
04-18 00:43:27.986  4066  4128 I LiveIconUpdateEventHandler: setMinuteChangeAlarm Tue Apr 18 00:44:00 GMT+02:00 2023
04-18 00:43:28.020  5628  5714 W libprocessgroup: Failed to open /dev/blkio//cgroup.procs: No such file or directory
04-18 00:43:28.051  5250  5250 D Zygote  : Forked child process 7348
04-18 00:43:28.063  5628  8457 D NetdEventListenerService: DNS Requested by : 117, 10053
04-18 00:43:28.102  7348  7348 I earchbox:search: Using CollectorTypeCC GC.
04-18 00:43:28.115  7348  7348 E earchbox:search: Not starting debugger since process cannot load the jdwp agent.
04-18 00:43:28.126  7348  7348 W libc    : Access denied finding property "sys.perf.boostopt"
04-18 00:43:28.126  5224  5224 E audit   : type=1400 audit(1681771408.122:59907): avc:  denied  { read } for  pid=7348 comm="earchbox:search" name="u:object_r:perf_prop:s0" dev="tmpfs" ino=16829 scontext=u:r:priv_app:s0:c512,c768 tcontext=u:object_r:perf_prop:s0 tclass=file permissive=0 SEPF_SM-A515F_13_0001 audit_filtered
04-18 00:43:28.126  5224  5224 E audit   : type=1300 audit(1681771408.122:59907): arch=c00000b7 syscall=56 success=no exit=-13 a0=ffffff9c a1=7ffbc769b8 a2=88000 a3=0 items=0 ppid=5250 pid=7348 auid=4294967295 uid=10233 gid=10233 euid=10233 suid=10233 fsuid=10233 egid=10233 sgid=10233 fsgid=10233 tty=(none) ses=4294967295 comm="earchbox:search" exe="/system/bin/app_process64" subj=u:r:priv_app:s0:c512,c768 key=(null)
04-18 00:43:28.126  5224  5224 E audit   : type=1327 audit(1681771408.122:59907): proctitle="zygote64"
04-18 00:43:28.128  7348  7364 W libc    : Access denied finding property "sys.perf.boostopt"
04-18 00:43:28.128  5224  5224 E audit   : type=1400 audit(1681771408.122:59908): avc:  denied  { read } for  pid=7348 comm="binder:7348_1" name="u:object_r:perf_prop:s0" dev="tmpfs" ino=16829 scontext=u:r:priv_app:s0:c512,c768 tcontext=u:object_r:perf_prop:s0 tclass=file permissive=0 SEPF_SM-A515F_13_0001 audit_filtered
04-18 00:43:28.128  7348  7348 D ActivityThread: setConscryptValidator
04-18 00:43:28.129  7348  7348 D ActivityThread: setConscryptValidator - put
04-18 00:43:28.146  7348  7348 D CompatibilityChangeReporter: Compat change id reported: 171979766; UID 10233; state: ENABLED
04-18 00:43:28.146  7348  7365 W libc    : Access denied finding property "sys.perf.boostopt"
04-18 00:43:28.171  7348  7348 D nativeloader: Configuring classloader-namespace for other apk /system/framework/org.apache.http.legacy.jar. target_sdk_version=33, uses_libraries=ALL, library_path=/data/app/~~QBWpunC7U7fPRWwrW6pz7A==/com.google.android.googlequicksearchbox-gi-zBuSV2onD6vLs3BmCRg==/lib/arm64:/data/app/~~QBWpunC7U7fPRWwrW6pz7A==/com.google.android.googlequicksearchbox-gi-zBuSV2onD6vLs3BmCRg==/base.apk!/lib/arm64-v8a:/data/app/~~QBWpunC7U7fPRWwrW6pz7A==/com.google.android.googlequicksearchbox-gi-zBuSV2onD6vLs3BmCRg==/split_config.xxhdpi.apk!/lib/arm64-v8a:/data/app/~~QBWpunC7U7fPRWwrW6pz7A==/com.google.android.googlequicksearchbox-gi-zBuSV2onD6vLs3BmCRg==/split_fedora_brella_feature_module.apk!/lib/arm64-v8a:/data/app/~~QBWpunC7U7fPRWwrW6pz7A==/com.google.android.googlequicksearchbox-gi-zBuSV2onD6vLs3BmCRg==/split_lens_ondevice_engine_feature_module.apk!/lib/arm64-v8a, permitted_path=/data:/mnt/expand:/data/user/0/com.google.android.googlequicksearchbox
04-18 00:43:28.171  7348  7348 D nativeloader: Extending system_exposed_libraries: libhumantracking.arcsoft.so:libPortraitDistortionCorrection.arcsoft.so:libPortraitDistortionCorrectionCali.arcsoft.so:libface_landmark.arcsoft.so:libFacialStickerEngine.arcsoft.so:libveengine.arcsoft.so:liblow_light_hdr.arcsoft.so:libhigh_dynamic_range.arcsoft.so:libFacialAttributeDetection.arcsoft.so:libBeauty_v4.camera.samsung.so:libexifa.camera.samsung.so:libjpega.camera.samsung.so:libOpenCv.camera.samsung.so:libImageScreener.camera.samsung.so:libMyFilter.camera.samsung.so:libtensorflowLite.myfilter.camera.samsung.so:libtensorflowlite_inference_api.myfilter.camera.samsung.so:libEventFinder.camera.samsung.so:libHIDTSnapJNI.camera.samsung.so:libSmartScan.camera.samsung.so:libRectify.camera.samsung.so:libDocRectifyWrapper.camera.samsung.so:libUltraWideDistortionCorrection.camera.samsung.so:libHpr_RecGAE_cvFeature_v1.0.camera.samsung.so:libHprFace_GAE_api.camera.samsung.so:libFace_Landmark_API.camera.samsung.so:libHprFace_GAE_jni.camera.samsung.so:libFacialBasedSelfieCorrec
04-18 00:43:28.271  7348  7348 W ziparchive: Unable to open '/data/app/~~QBWpunC7U7fPRWwrW6pz7A==/com.google.android.googlequicksearchbox-gi-zBuSV2onD6vLs3BmCRg==/split_config.xxhdpi.dm': No such file or directory
04-18 00:43:28.271  7348  7348 W ziparchive: Unable to open '/data/app/~~QBWpunC7U7fPRWwrW6pz7A==/com.google.android.googlequicksearchbox-gi-zBuSV2onD6vLs3BmCRg==/split_config.xxhdpi.dm': No such file or directory
04-18 00:43:28.272  7348  7348 W earchbox:search: Entry not found
04-18 00:43:28.273  7348  7348 W ziparchive: Unable to open '/data/app/~~QBWpunC7U7fPRWwrW6pz7A==/com.google.android.googlequicksearchbox-gi-zBuSV2onD6vLs3BmCRg==/split_fedora_brella_feature_module.dm': No such file or directory
04-18 00:43:28.274  7348  7348 W ziparchive: Unable to open '/data/app/~~QBWpunC7U7fPRWwrW6pz7A==/com.google.android.googlequicksearchbox-gi-zBuSV2onD6vLs3BmCRg==/split_fedora_brella_feature_module.dm': No such file or directory
04-18 00:43:28.275  7348  7348 W earchbox:search: Entry not found
04-18 00:43:28.276  7348  7348 W ziparchive: Unable to open '/data/app/~~QBWpunC7U7fPRWwrW6pz7A==/com.google.android.googlequicksearchbox-gi-zBuSV2onD6vLs3BmCRg==/split_lens_ondevice_engine_feature_module.dm': No such file or directory
04-18 00:43:28.276  7348  7348 W ziparchive: Unable to open '/data/app/~~QBWpunC7U7fPRWwrW6pz7A==/com.google.android.googlequicksearchbox-gi-zBuSV2onD6vLs3BmCRg==/split_lens_ondevice_engine_feature_module.dm': No such file or directory
04-18 00:43:28.277  7348  7348 W earchbox:search: Entry not found
04-18 00:43:28.279  7348  7348 D nativeloader: Configuring classloader-namespace for other apk /data/app/~~QBWpunC7U7fPRWwrW6pz7A==/com.google.android.googlequicksearchbox-gi-zBuSV2onD6vLs3BmCRg==/base.apk:/data/app/~~QBWpunC7U7fPRWwrW6pz7A==/com.google.android.googlequicksearchbox-gi-zBuSV2onD6vLs3BmCRg==/split_config.xxhdpi.apk:/data/app/~~QBWpunC7U7fPRWwrW6pz7A==/com.google.android.googlequicksearchbox-gi-zBuSV2onD6vLs3BmCRg==/split_fedora_brella_feature_module.apk:/data/app/~~QBWpunC7U7fPRWwrW6pz7A==/com.google.android.googlequicksearchbox-gi-zBuSV2onD6vLs3BmCRg==/split_lens_ondevice_engine_feature_module.apk. target_sdk_version=33, uses_libraries=libOpenCL.so, library_path=/data/app/~~QBWpunC7U7fPRWwrW6pz7A==/com.google.android.googlequicksearchbox-gi-zBuSV2onD6vLs3BmCRg==/lib/arm64:/data/app/~~QBWpunC7U7fPRWwrW6pz7A==/com.google.android.googlequicksearchbox-gi-zBuSV2onD6vLs3BmCRg==/base.apk!/lib/arm64-v8a:/data/app/~~QBWpunC7U7fPRWwrW6pz7A==/com.google.android.googlequicksearchbox-gi-zBuSV2onD6vLs3BmCRg==/split_config.xxhdpi.apk!/lib/arm64-v8a:/dat
04-18 00:43:28.282  7348  7348 W earchbox:search: JIT profile information will not be recorded: profile file does not exist.
04-18 00:43:28.282  7348  7348 W earchbox:search: JIT profile information will not be recorded: profile file does not exist.
04-18 00:43:28.282  7348  7348 W earchbox:search: JIT profile information will not be recorded: profile file does not exist.
04-18 00:43:28.309  7348  7348 V GraphicsEnvironment: ANGLE Developer option for 'com.google.android.googlequicksearchbox' set to: 'default'
04-18 00:43:28.318  7348  7348 V GraphicsEnvironment: ANGLE GameManagerService for com.google.android.googlequicksearchbox: false
04-18 00:43:28.318  7348  7348 V GraphicsEnvironment: Neither updatable production driver nor prerelease driver is supported.
04-18 00:43:28.326  7348  7348 D NetworkSecurityConfig: Using Network Security Config from resource network_security_config debugBuild: false
04-18 00:43:28.334  7348  7348 D NetworkSecurityConfig: Using Network Security Config from resource network_security_config debugBuild: false
04-18 00:43:28.395  7348  7348 I MultiDex: VM with version 2.1.0 has multidex support
04-18 00:43:28.396  7348  7348 I MultiDex: Installing application
04-18 00:43:28.396  7348  7348 I MultiDex: VM has multidex support, MultiDex support library is disabled.
04-18 00:43:28.493  7348  7348 D ProcessLifecycleG3: androidx.startup is not available, initializing using ProcessLifecycleOwnerInitializer instead.
04-18 00:43:28.650  7348  7380 W earchbox:search: Accessing hidden field Ljava/util/Collections$SynchronizedCollection;->mutex:Ljava/lang/Object; (max-target-o, reflection, denied)
04-18 00:43:28.651  7348  7380 W earchbox:search: Accessing hidden method Ljava/util/Collections$SynchronizedSet;-><init>(Ljava/util/Set;Ljava/lang/Object;)V (max-target-o, reflection, denied)
04-18 00:43:28.651  7348  7380 W earchbox:search: Accessing hidden method Ljava/util/Collections$SynchronizedCollection;-><init>(Ljava/util/Collection;Ljava/lang/Object;)V (max-target-o, reflection, denied)
04-18 00:43:28.693  5628  5714 W libprocessgroup: Failed to open /dev/blkio//cgroup.procs: No such file or directory
04-18 00:43:28.743  7348  7348 I A       : Initializing GMS Compliance Client Library...
04-18 00:43:28.743  7348  7348 I A       : Checking for device compliance...
04-18 00:43:28.745  7348  7348 I A       : Completed library init.
04-18 00:43:28.759  5628 11220 D PackageManager: setEnabledSetting : userId = 0 packageName = com.google.android.googlequicksearchbox cmp = androidx.work.impl.background.systemjob.SystemJobService newState = 1 callingPackage = 10233/com.google.android.googlequicksearchbox
04-18 00:43:28.759  5628 11220 D ApplicationPolicy: getApplicationStateEnabled : pkg = com.google.android.googlequicksearchbox userId : 0
04-18 00:43:28.762  5628 11220 D ApplicationPolicy: getApplicationComponentState : pkg = com.google.android.googlequicksearchbox userId : 0
04-18 00:43:28.764  7348  7348 D WM-PackageManagerHelper: androidx.work.impl.background.systemjob.SystemJobService enabled
04-18 00:43:28.764  7348  7348 D WM-Schedulers: Created SystemJobScheduler and enabled SystemJobService
04-18 00:43:28.867  7170  7170 I ContactsProvider: onTrimMemory-success
04-18 00:43:28.901  7348  7386 I A       : (REDACTED) Device Compliance Fetch time taken = %sms
04-18 00:43:28.901  7348  7386 I A       : Device is compliant!
04-18 00:43:28.902  7348  7386 I A       : Invoking "compliant" action...
04-18 00:43:28.904  7348  7384 D CompatibilityChangeReporter: Compat change id reported: 160794467; UID 10233; state: ENABLED
04-18 00:43:28.932  7348  7384 D CompatibilityChangeReporter: Compat change id reported: 194532703; UID 10233; state: ENABLED
04-18 00:43:29.130  5628  5714 W libprocessgroup: Failed to open /dev/blkio//cgroup.procs: No such file or directory
04-18 00:43:29.131  5628  5714 W libprocessgroup: Failed to open /dev/blkio//cgroup.procs: No such file or directory
04-18 00:43:29.133  5628  5714 W libprocessgroup: Failed to open /dev/blkio//cgroup.procs: No such file or directory
04-18 00:43:29.352  7348  7348 I A       : (REDACTED) Util.isLowRamDevice: %b, canUsePreemptibleAudioSource: %b
04-18 00:43:29.375  7348  7348 I Search.LoginHelperImpl: Getting accounts.
04-18 00:43:29.417  7348  7386 D CompatibilityChangeReporter: Compat change id reported: 183155436; UID 10233; state: ENABLED
04-18 00:43:29.465  6909  7075 I TransportRuntime.CctTransportBackend: Status Code: 200
04-18 00:43:29.465  6909  7075 I TransportRuntime.CctTransportBackend: Content-Type: application/json; charset=UTF-8
04-18 00:43:29.465  6909  7075 I TransportRuntime.CctTransportBackend: Content-Encoding: gzip
04-18 00:43:29.539  7348  7386 I A       : (REDACTED) Setting isLegacySQLite mode to %s.
04-18 00:43:29.550  8513  8599 D MobileStatusTracker(0/1): onSignalStrengthsChanged level=3, vendorLevel=2
04-18 00:43:29.555  8513  8599 D MobileSignalController(0/1): notifyListener: enabled=true, connected=true, dataConnected=false, networkType=LTE (4G), emergencyOnly=false, roaming=true, isDefault=false, dataActivity=, level=2, ca=false, mmWave=false, disabledDataIcon=false, simCard=ETC
04-18 00:43:29.555  8513  8599 D NetworkController: SignalStrength from intent slotId=0
04-18 00:43:29.569  7348  7348 D ConnectivityManager: StackLog: [android.net.ConnectivityManager.sendRequestForNetwork(ConnectivityManager.java:4191)] [android.net.ConnectivityManager.registerDefaultNetworkCallbackForUid(ConnectivityManager.java:4755)] [android.net.ConnectivityManager.registerDefaultNetworkCallback(ConnectivityManager.java:4722)] [android.net.ConnectivityManager.registerDefaultNetworkCallback(ConnectivityManager.java:4696)] [com.bumptech.glide.manager.ab.b(PG:4)] [com.bumptech.glide.manager.d.q(PG:1)] [com.bumptech.glide.manager.a.a(PG:1)] [com.bumptech.glide.ac.<init>(PG:15)] [com.google.apps.tiktok.media.c.<init>(PG:1)] [com.bumptech.glide.a.a(PG:1)] [com.bumptech.glide.manager.t.a(PG:20)] [com.google.android.apps.gsa.shared.x.as.<init>(PG:17)] [com.google.android.apps.gsa.shared.x.as.<init>(PG:24)] [com.google.android.apps.gsa.shared.x.an.b(PG:1)] [com.google.android.apps.gsa.search.core.t.a.a(PG:1)] [com.google.android.apps.gsa.binaries.velvet.app.apv.m(Unknown Source:2549)] [com.google.android.apps.gsa.binaries.velvet.app.apv.b(PG:88)] [dagger.a.e.b(PG:1)] [com.google.android.apps.gsa.binaries.velvet.app.apw.dd(Unknown Source:61)] [com.google.android.apps.gsa.binaries.velvet.app.apw.dl(Unknown Source:29)] [com.google.android.apps.gsa.binaries.velvet.app.apw.dj(Unknown Source:60)] [com.google.android.apps.gsa.binaries.velvet.app.apv.o(Unknown Source:494)] [com.google.android.apps.gsa.binaries.velvet.app.apv.b(PG:88)] [dagger.a.e.b(PG:1)] [com.google.android.apps.gsa.binaries.velvet.app.apv.o(Unknown Source:958)] [com.google.android.apps.gsa.binaries.velvet.app.apv.b(PG:88)] [dagger.a.e.b(PG:1)] [com.google.android.apps.gsa.binaries.velvet.app.apw.de(Unknown Source:13)] [com.google.android.apps.gsa.binaries.velvet.app.apv.p(Unknown Source:4987)] [com.google.android.apps.gsa.binaries.velvet.app.apv.b(PG:88)] [dagger.a.e.b(PG:1)] [com.google.android.apps.gsa.binaries.velvet.app.apw.lI(PG:1)] [com.google.android.apps.gsa.binaries.velvet.app.apv.g(Unknown Source:3252)] [com.google.android.apps.gsa.binaries.velvet.app.apv.b(PG:88)] [dagger.a.e.b(PG:1)] [com.google.android.apps.gsa.binaries.velvet.app.apw.ef(Unknown Source:4)] [com.google.android.apps.gsa.binaries.velvet.app.apw.ed(Unknown Source:37)] [com.google.android.apps.gsa.binaries.velvet.app.apv.i(Unknown Source:2336)] [com.google.android.apps.gsa.binaries.velvet.app.apv.b(PG:88)] [com.google.android.apps.gsa.binaries.velvet.app.apv.i(Unknown Source:2248)] [com.google.android.apps.gsa.binaries.velvet.app.apv.b(PG:88)] [com.google.android.apps.search.assistant.platform.pcp.featuredata.d.w.b(Unknown Source:2)] [com.google.apps.tiktok.contrib.work.b.r.a(PG:1)] [com.google.apps.tiktok.tracing.et.a(PG:3)] [com.google.apps.tiktok.tracing.et.a(PG:3)] [com.google.common.util.concurrent.dz.a(PG:1)] [com.google.common.util.concurrent.cw.run(PG:4)] [com.google.common.util.concurrent.eb.run(PG:1)] [com.google.common.util.concurrent.bg.execute(PG:1)] [com.google.common.util.concurrent.cj.n(PG:3)] [com.google.apps.tiktok.contrib.work.b.bd.d(PG:16)] [com.google.apps.tiktok.contrib.work.b.s.b(PG:5)] [com.google.apps.tiktok.contrib.work.TikTokListenableWorker.b(PG:13)] [androidx.work.impl.av.run(PG:4)]
04-18 00:43:29.571  5628 11220 D ConnectivityService: requestNetwork for uid/pid:10233/7348 activeRequest: null callbackRequest: 15796 [NetworkRequest [ REQUEST id=15797, [ Capabilities: INTERNET&NOT_RESTRICTED&TRUSTED&NOT_VCN_MANAGED Uid: 10233 RequestorUid: 10233 RequestorPkg: com.google.android.googlequicksearchbox UnderlyingNetworks: Null] ]] callback flags: 0 order: 2147483647
04-18 00:43:29.573  5628  8367 D ConnectivityService:    accepting network in place of null
04-18 00:43:29.574  7348  7385 I A       : (REDACTED) Setting isLegacySQLite mode to %s.
04-18 00:43:29.578  5628  8356 D WifiNetworkFactory: got request NetworkRequest [ REQUEST id=15797, [ Capabilities: INTERNET&NOT_RESTRICTED&TRUSTED&NOT_VCN_MANAGED Uid: 10233 RequestorUid: 10233 RequestorPkg: com.google.android.googlequicksearchbox UnderlyingNetworks: Null] ]
04-18 00:43:29.578  5628  8356 D UntrustedWifiNetworkFactory: got request NetworkRequest [ REQUEST id=15797, [ Capabilities: INTERNET&NOT_RESTRICTED&TRUSTED&NOT_VCN_MANAGED Uid: 10233 RequestorUid: 10233 RequestorPkg: com.google.android.googlequicksearchbox UnderlyingNetworks: Null] ]
04-18 00:43:29.579  5628  8356 D OemPaidWifiNetworkFactory: got request NetworkRequest [ REQUEST id=15797, [ Capabilities: INTERNET&NOT_RESTRICTED&TRUSTED&NOT_VCN_MANAGED Uid: 10233 RequestorUid: 10233 RequestorPkg: com.google.android.googlequicksearchbox UnderlyingNetworks: Null] ]
04-18 00:43:29.579  5628  8356 D MultiInternetWifiNetworkFactory: got request NetworkRequest [ REQUEST id=15797, [ Capabilities: INTERNET&NOT_RESTRICTED&TRUSTED&NOT_VCN_MANAGED Uid: 10233 RequestorUid: 10233 RequestorPkg: com.google.android.googlequicksearchbox UnderlyingNetworks: Null] ]
04-18 00:43:29.580  5628  8367 D ConnectivityService: Rematched networks [computed 0ms] [applied 2ms] [issued 5]
04-18 00:43:29.580  5628  8367 D ConnectivityService: NetworkReassignment :
04-18 00:43:29.580  5628  8367 D ConnectivityService:   15797 : null  117
04-18 00:43:29.738  7348  7348 I A       : Local calendar periodic scheduler worker starts.
04-18 00:43:29.742  7348  7348 I A       : Scheduling the PCP local calendar update worker.
04-18 00:43:29.749 18943 18981 I FacsCacheGmsModule: Receiving API connection to FACS API from package 'com.google.android.googlequicksearchbox'...
04-18 00:43:29.756 18943 18981 I FacsCacheGmsModule: API connection successful!
04-18 00:43:29.763  7348  7391 I A       : Calendar refresh worker found. Do not schedule new one.
04-18 00:43:29.765  5628  5714 W libprocessgroup: Failed to open /dev/blkio//cgroup.procs: No such file or directory
04-18 00:43:29.767  7348  7386 I WM-WorkerWrapper: Worker result SUCCESS for Work [ id=d53cddb3-daa8-493a-88b5-40f755e5c29a, tags={ com.google.apps.tiktok.contrib.work.TikTokListenableWorker, TikTokWorker#com.google.android.apps.search.assistant.platform.pcp.featuredata.localcalendar.LocalCalendarPeriodicSchedulerWorker } ]
04-18 00:43:29.770 18943 31920 I FacsCacheGmsModule: Receiving API connection to FACS API from package 'com.google.android.googlequicksearchbox'...
04-18 00:43:29.770   401   401 D BoundBrokerSvc: onBind: Intent { act=com.google.android.gms.facs.internal.service.START dat=chimera-action:/... cmp=com.google.android.gms/.chimera.GmsInternalApiService }
04-18 00:43:29.771   401   401 D BoundBrokerSvc: Loading bound service for intent: Intent { act=com.google.android.gms.facs.internal.service.START dat=chimera-action:/... cmp=com.google.android.gms/.chimera.GmsInternalApiService }
04-18 00:43:29.775 18943 31920 I FacsCacheGmsModule: API connection successful!
04-18 00:43:29.780   401  3740 I FacsCacheGmsModule: Receiving API connection to internal FACS API...
04-18 00:43:29.786   401  3740 I FacsCacheGmsModule: API connection successful!
04-18 00:43:29.789   401  6379 I FacsCacheGmsModule: Receiving API connection to internal FACS API...
04-18 00:43:29.791   401  6379 I FacsCacheGmsModule: API connection successful!
04-18 00:43:30.360  7348  7384 I FedAssExpListener: Initializing fed-ass flags.
04-18 00:43:30.364  7348  7386 I A       : Flag is_largescreen_foldable_phone is false
04-18 00:43:30.364  7348  7386 I A       : (REDACTED) Flag is_whitelisted_as_tablet is %b
04-18 00:43:30.364  7348  7385 I OpaEligibilityChecker: send OpaEligibilityChange broadcast to CommonBroadcastReceiver
04-18 00:43:30.365  7348  7386 I A       : (REDACTED) R.bool.is_tablet is %b
04-18 00:43:30.377  7348  7384 I A       : (REDACTED) Get policy config URI for group: %s
04-18 00:43:30.382  5628 11414 D PackageManager: setEnabledSetting : userId = 0 packageName = com.google.android.googlequicksearchbox cmp = com.google.android.apps.gsa.staticplugins.opa.EnterOpaActivityFromDeeplink newState = 1 callingPackage = 10233/com.google.android.googlequicksearchbox
04-18 00:43:30.384  5628 11414 D ApplicationPolicy: getApplicationStateEnabled : pkg = com.google.android.googlequicksearchbox userId : 0
04-18 00:43:30.385  5628 11414 D ApplicationPolicy: getApplicationComponentState : pkg = com.google.android.googlequicksearchbox userId : 0
04-18 00:43:30.389  5628 11414 D PackageManager: setEnabledSetting : userId = 0 packageName = com.google.android.googlequicksearchbox cmp = com.google.android.apps.gsa.staticplugins.opa.EnterOpaActivityFromLauncher newState = 2 callingPackage = 10233/com.google.android.googlequicksearchbox
04-18 00:43:30.397  5628 11414 D PackageManager: setEnabledSetting : userId = 0 packageName = com.google.android.googlequicksearchbox cmp = com.google.android.googlequicksearchbox.VoiceSearchActivity newState = 2 callingPackage = 10233/com.google.android.googlequicksearchbox
04-18 00:43:30.422  7348  7386 I A       : Flag is_largescreen_foldable_phone is false
04-18 00:43:30.422  7348  7386 I A       : (REDACTED) Flag is_whitelisted_as_tablet is %b
04-18 00:43:30.422  7348  7386 I A       : (REDACTED) R.bool.is_tablet is %b
04-18 00:43:30.426  7348  7412 I EventBusThread: (REDACTED) Event Bus thread starting with TID %d
04-18 00:43:30.428  7348  7385 I OpaEligibilityChecker: Clock app not installed.
04-18 00:43:30.434  7348  7385 I OpaEligibilityChecker: Clock app not installed.
04-18 00:43:30.438  5628 11414 D PackageManager: setEnabledSetting : userId = 0 packageName = com.google.android.googlequicksearchbox cmp = com.google.android.apps.gsa.staticplugins.opa.widget.impl.OpaWidgetProvider newState = 2 callingPackage = 10233/com.google.android.googlequicksearchbox
04-18 00:43:30.473  7348  7384 W A       : No value provided for the places model index flag.
04-18 00:43:30.481  7348  7384 W A       : No value provided for the places model index flag.
04-18 00:43:30.485  7348  7397 I A       : ColdBootHelper constructor
04-18 00:43:30.501  7348  7386 I A       : Flag is_largescreen_foldable_phone is false
04-18 00:43:30.501  7348  7386 I A       : (REDACTED) Flag is_whitelisted_as_tablet is %b
04-18 00:43:30.501  7348  7386 I A       : (REDACTED) R.bool.is_tablet is %b
04-18 00:43:30.534  5224  5224 E audit   : type=1400 audit(1681771410.530:59910): avc:  denied  { read } for  pid=7348 comm="binder:7348_2" name="u:object_r:perf_prop:s0" dev="tmpfs" ino=16829 scontext=u:r:priv_app:s0:c512,c768 tcontext=u:object_r:perf_prop:s0 tclass=file permissive=0 SEPF_SM-A515F_13_0001 audit_filtered
04-18 00:43:30.535  5224  5224 E audit   : type=1300 audit(1681771410.530:59910): arch=c00000b7 syscall=56 success=no exit=-13 a0=ffffff9c a1=7d7647d2f8 a2=88000 a3=0 items=0 ppid=5250 pid=7348 auid=4294967295 uid=10233 gid=10233 euid=10233 suid=10233 fsuid=10233 egid=10233 sgid=10233 fsgid=10233 tty=(none) ses=4294967295 comm="binder:7348_2" exe="/system/bin/app_process64" subj=u:r:priv_app:s0:c512,c768 key=(null)
04-18 00:43:30.535  5224  5224 E audit   : type=1327 audit(1681771410.530:59910): proctitle="<pre-initialized>"
04-18 00:43:30.535  7348  7365 W libc    : Access denied finding property "sys.perf.boostopt"
04-18 00:43:30.577  7348  7393 I SettingsDataLayer.AE: (REDACTED) Set Assistant Enabled to %s
04-18 00:43:30.580  5628  5714 W libprocessgroup: Failed to open /dev/blkio//cgroup.procs: No such file or directory
04-18 00:43:30.585  5628  5714 W libprocessgroup: Failed to open /dev/blkio//cgroup.procs: No such file or directory
