04-09 23:09:05.750  6284  6315 D Bubbles : onRankingUpdated : isActiveOrInOverflow= false , mTmpRanking.canBubble()= false ,isActive= false ,shouldBubbleUp= false ,mTmpRanking.isBubble()= false
04-09 23:09:05.750  6284  6315 D Bubbles : onRankingUpdated : isActiveOrInOverflow= false , mTmpRanking.canBubble()= false ,isActive= false ,shouldBubbleUp= false ,mTmpRanking.isBubble()= false
04-09 23:09:05.750  6284  6315 D Bubbles : onRankingUpdated : isActiveOrInOverflow= false , mTmpRanking.canBubble()= false ,isActive= false ,shouldBubbleUp= false ,mTmpRanking.isBubble()= false
04-09 23:09:05.750  6284  6315 D Bubbles : onRankingUpdated : isActiveOrInOverflow= false , mTmpRanking.canBubble()= false ,isActive= false ,shouldBubbleUp= false ,mTmpRanking.isBubble()= false
04-09 23:09:05.750  6284  6315 D Bubbles : onRankingUpdated : isActiveOrInOverflow= false , mTmpRanking.canBubble()= false ,isActive= false ,shouldBubbleUp= false ,mTmpRanking.isBubble()= false
04-09 23:09:05.751  6284  6315 D Bubbles : onRankingUpdated : isActiveOrInOverflow= false , mTmpRanking.canBubble()= false ,isActive= false ,shouldBubbleUp= false ,mTmpRanking.isBubble()= false
04-09 23:09:05.751  6284  6315 D Bubbles : onRankingUpdated : isActiveOrInOverflow= false , mTmpRanking.canBubble()= false ,isActive= false ,shouldBubbleUp= false ,mTmpRanking.isBubble()= false
04-09 23:09:05.751  6284  6315 D Bubbles : onRankingUpdated : isActiveOrInOverflow= false , mTmpRanking.canBubble()= false ,isActive= false ,shouldBubbleUp= false ,mTmpRanking.isBubble()= false
04-09 23:09:05.757  6284  6315 D Bubbles : onRankingUpdated : isActiveOrInOverflow= false , mTmpRanking.canBubble()= false ,isActive= false ,shouldBubbleUp= false ,mTmpRanking.isBubble()= false
04-09 23:09:05.757  6284  6315 D Bubbles : onRankingUpdated : isActiveOrInOverflow= false , mTmpRanking.canBubble()= false ,isActive= false ,shouldBubbleUp= false ,mTmpRanking.isBubble()= false
04-09 23:09:05.757  6284  6315 D Bubbles : onRankingUpdated : isActiveOrInOverflow= false , mTmpRanking.canBubble()= false ,isActive= false ,shouldBubbleUp= false ,mTmpRanking.isBubble()= false
04-09 23:09:05.758  6284  6315 D Bubbles : onRankingUpdated : isActiveOrInOverflow= false , mTmpRanking.canBubble()= false ,isActive= false ,shouldBubbleUp= false ,mTmpRanking.isBubble()= false
04-09 23:09:05.941  6284  6284 D BubblesManager: onEntryUpdated : shouldBubbleUp=false ,key=-1|com.android.systemui|2131428959|charging_state|10054
04-09 23:09:05.988  6284  6284 I FaceWidgetPositionAlgorithm: getMediaContainerHeight() height = 0 container Visibility = 8, isValid = false, mIsDozing = false, fraction = 1.0, source = 0, target = 0
04-09 23:09:05.988  6284  6284 I FaceWidgetPositionAlgorithm: getMediaContainerHeight() supplier = 0
04-09 23:09:06.059  6284  6284 I FaceWidgetPositionAlgorithm: getMediaContainerHeight() height = 0 container Visibility = 8, isValid = false, mIsDozing = false, fraction = 1.0, source = 0, target = 0
04-09 23:09:06.059  6284  6284 I FaceWidgetPositionAlgorithm: getMediaContainerHeight() supplier = 0
04-09 23:09:06.105  6284  6284 I FaceWidgetPositionAlgorithm: getMediaContainerHeight() height = 0 container Visibility = 8, isValid = false, mIsDozing = false, fraction = 1.0, source = 0, target = 0
04-09 23:09:06.105  6284  6284 I FaceWidgetPositionAlgorithm: getMediaContainerHeight() supplier = 0
04-09 23:09:06.226  6284  6373 D MobileStatusTracker(1/2): onDataActivity: direction=0
04-09 23:09:06.229  6284  6373 D MobileSignalController(1/2): notifyListener: enabled=true, connected=true, dataConnected=true, networkType=LTE/LTE_CA (4G+), emergencyOnly=false, roaming=false, isDefault=true, dataActivity=, level=2, ca=true, mmWave=false, disabledDataIcon=false, simCard=ETC
04-09 23:09:07.254  6284  6373 D MobileStatusTracker(1/2): onDataActivity: direction=3
04-09 23:09:07.256  6284  6373 D MobileSignalController(1/2): notifyListener: enabled=true, connected=true, dataConnected=true, networkType=LTE/LTE_CA (4G+), emergencyOnly=false, roaming=false, isDefault=true, dataActivity=inout, level=2, ca=true, mmWave=false, disabledDataIcon=false, simCard=ETC
04-09 23:09:08.295  6284  6373 D MobileStatusTracker(1/2): onDataActivity: direction=0
04-09 23:09:08.298  6284  6373 D MobileSignalController(1/2): notifyListener: enabled=true, connected=true, dataConnected=true, networkType=LTE/LTE_CA (4G+), emergencyOnly=false, roaming=false, isDefault=true, dataActivity=, level=2, ca=true, mmWave=false, disabledDataIcon=false, simCard=ETC
04-09 23:09:10.516  6284  6284 D SecPowerUI.Notification: showChargingNotice oldChargingType : 11 currentChargingType : 11 oldChargingTime : 3157000 mChargingTime : 3157000
04-09 23:09:10.516  6284  6284 D SecPowerUI.Notification: There is no change about charging status, so return!
04-09 23:09:12.184  5329  5329 I SurfaceFlinger: SFWD update time=2450726400515
04-09 23:09:12.449  6284  6373 D MobileStatusTracker(1/2): onDataActivity: direction=3
04-09 23:09:12.454  6284  6373 D MobileSignalController(1/2): notifyListener: enabled=true, connected=true, dataConnected=true, networkType=LTE/LTE_CA (4G+), emergencyOnly=false, roaming=false, isDefault=true, dataActivity=inout, level=2, ca=true, mmWave=false, disabledDataIcon=false, simCard=ETC
04-09 23:09:12.475  6284  6373 D MobileStatusTracker(0/1): onSignalStrengthsChanged level=2, vendorLevel=2
04-09 23:09:12.483  6284  6373 D MobileSignalController(0/1): notifyListener: enabled=true, connected=true, dataConnected=false, networkType=LTE (4G), emergencyOnly=false, roaming=true, isDefault=true, dataActivity=, level=2, ca=false, mmWave=false, disabledDataIcon=false, simCard=ETC
04-09 23:09:12.483  6284  6373 D NetworkController: SignalStrength from intent slotId=0
04-09 23:09:13.458  6284  6373 D MobileStatusTracker(1/2): onSignalStrengthsChanged level=2, vendorLevel=2
04-09 23:09:13.464  6284  6373 D MobileSignalController(1/2): notifyListener: enabled=true, connected=true, dataConnected=true, networkType=LTE/LTE_CA (4G+), emergencyOnly=false, roaming=false, isDefault=true, dataActivity=inout, level=2, ca=true, mmWave=false, disabledDataIcon=false, simCard=ETC
04-09 23:09:13.466  6284  6373 D NetworkController: SignalStrength from intent slotId=1
04-09 23:09:13.491  6284  6373 D MobileStatusTracker(1/2): onDataActivity: direction=0
04-09 23:09:13.494  6284  6373 D MobileSignalController(1/2): notifyListener: enabled=true, connected=true, dataConnected=true, networkType=LTE/LTE_CA (4G+), emergencyOnly=false, roaming=false, isDefault=true, dataActivity=, level=2, ca=true, mmWave=false, disabledDataIcon=false, simCard=ETC
04-09 23:09:13.949 18903 19542 I BadgeProvider: query, [selection] : package=?
04-09 23:09:13.962 18903 18920 E DatabaseUtils: Writing exception to parcel
04-09 23:09:13.962 18903 18920 E DatabaseUtils: java.lang.SecurityException: Permission Denial: writing com.sec.android.provider.badge.BadgeProvider uri content://com.sec.badge/apps?notify=true from pid=25321, uid=10268 requires com.sec.android.provider.badge.permission.WRITE, or grantUriPermission()
04-09 23:09:13.962 18903 18920 E DatabaseUtils: 	at android.content.ContentProvider.enforceWritePermissionInner(ContentProvider.java:1025)
04-09 23:09:13.962 18903 18920 E DatabaseUtils: 	at android.content.ContentProvider.semEnforceWritePermission(ContentProvider.java:951)
04-09 23:09:13.962 18903 18920 E DatabaseUtils: 	at android.content.ContentProvider$Transport.enforceWritePermission(ContentProvider.java:730)
04-09 23:09:13.962 18903 18920 E DatabaseUtils: 	at android.content.ContentProvider$Transport.update(ContentProvider.java:462)
04-09 23:09:13.962 18903 18920 E DatabaseUtils: 	at android.content.ContentProviderNative.onTransact(ContentProviderNative.java:231)
04-09 23:09:13.962 18903 18920 E DatabaseUtils: 	at android.os.Binder.execTransactInternal(Binder.java:1321)
04-09 23:09:13.962 18903 18920 E DatabaseUtils: 	at android.os.Binder.execTransact(Binder.java:1280)
04-09 23:09:13.970 18903 18903 I BadgeCountReceiver: badge intent : Intent { act=android.intent.action.BADGE_COUNT_UPDATE flg=0x1000010 cmp=com.sec.android.provider.badge/.BadgeCountReceiver (has extras) }
04-09 23:09:13.970 18903 18903 I BadgeCountReceiver: packageName: org.telegram.messenger, className: org.telegram.messenger.NoxIcon, count: 1
04-09 23:09:13.979  6837  6837 I BadgeCountUpdaterImpl: onChange
04-09 23:09:13.995  7623 28097 D ConnectivityManager: StackLog: [android.net.ConnectivityManager.reportNetworkConnectivity(ConnectivityManager.java:3390)] [anpu.i(:com.google.android.gms@231115044@23.11.15 (190400-520109968):0)] [anpi.run(:com.google.android.gms@231115044@23.11.15 (190400-520109968):57)] [anqi.run(:com.google.android.gms@231115044@23.11.15 (190400-520109968):2)] [dapd.run(:com.google.android.gms@231115044@23.11.15 (190400-520109968):2)] [abbj.c(:com.google.android.gms@231115044@23.11.15 (190400-520109968):6)] [abbj.run(:com.google.android.gms@231115044@23.11.15 (190400-520109968):7)] [java.util.concurrent.ThreadPoolExecutor.runWorker(ThreadPoolExecutor.java:1137)] [java.util.concurrent.ThreadPoolExecutor$Worker.run(ThreadPoolExecutor.java:637)] [abgp.run(:com.google.android.gms@231115044@23.11.15 (190400-520109968):0)] [java.lang.Thread.run(Thread.java:1012)]
04-09 23:09:14.003  6837  6837 I BadgeCountUpdaterImpl: onChange
04-09 23:09:14.005 18903 18903 I BadgeProvider: sendNotify entered. [uri] : content://com.sec.badge/apps
04-09 23:09:14.005 18903 18903 I BadgeProvider: sendNotify, [notify] : null
04-09 23:09:14.006  7623 28097 I AlarmManager: setExactAndAllowWhileIdle [name: GCM_HB_ALARM type: 2 triggerAtMillis: 3292548]
04-09 23:09:14.007 18903 18903 I BadgeProvider: update, getCallingPackage() : com.sec.android.provider.badge
04-09 23:09:14.007 18903 18903 I BadgeProvider: update, [uri] : content://com.sec.badge/apps
04-09 23:09:14.007 18903 18903 I BadgeProvider: update, [uri.query] : null
04-09 23:09:14.007 18903 18903 I BadgeProvider: update, [BadgeCount] : badgecount=1
04-09 23:09:14.007 18903 18903 I BadgeProvider: update, [UpdateCount] : 1
04-09 23:09:14.008 18903 18920 I BadgeProvider: query, [selection] : package=?
04-09 23:09:14.015 18903 18903 I BadgeCountReceiver: badge intent : Intent { act=android.intent.action.BADGE_COUNT_UPDATE flg=0x1000010 cmp=com.sec.android.provider.badge/.BadgeCountReceiver (has extras) }
04-09 23:09:14.015 18903 18903 I BadgeCountReceiver: packageName: org.telegram.messenger, className: org.telegram.messenger.NoxIcon, count: 0
04-09 23:09:14.017 18903 19542 E DatabaseUtils: Writing exception to parcel
04-09 23:09:14.017 18903 19542 E DatabaseUtils: java.lang.SecurityException: Permission Denial: writing com.sec.android.provider.badge.BadgeProvider uri content://com.sec.badge/apps?notify=true from pid=25321, uid=10268 requires com.sec.android.provider.badge.permission.WRITE, or grantUriPermission()
04-09 23:09:14.017 18903 19542 E DatabaseUtils: 	at android.content.ContentProvider.enforceWritePermissionInner(ContentProvider.java:1025)
04-09 23:09:14.017 18903 19542 E DatabaseUtils: 	at android.content.ContentProvider.semEnforceWritePermission(ContentProvider.java:951)
04-09 23:09:14.017 18903 19542 E DatabaseUtils: 	at android.content.ContentProvider$Transport.enforceWritePermission(ContentProvider.java:730)
04-09 23:09:14.017 18903 19542 E DatabaseUtils: 	at android.content.ContentProvider$Transport.update(ContentProvider.java:462)
04-09 23:09:14.017 18903 19542 E DatabaseUtils: 	at android.content.ContentProviderNative.onTransact(ContentProviderNative.java:231)
04-09 23:09:14.017 18903 19542 E DatabaseUtils: 	at android.os.Binder.execTransactInternal(Binder.java:1321)
04-09 23:09:14.017 18903 19542 E DatabaseUtils: 	at android.os.Binder.execTransact(Binder.java:1280)
04-09 23:09:14.023  6837  6837 I BadgeCountUpdaterImpl: onChange
04-09 23:09:14.026  6837  6837 I BadgeCountUpdaterImpl: onChange
04-09 23:09:14.028  7623 28097 E GmsTaskScheduler: sendWakeUpEvent called on SchedulerClientBroadcastStrategy
04-09 23:09:14.028 18903 18903 I BadgeProvider: sendNotify entered. [uri] : content://com.sec.badge/apps
04-09 23:09:14.028 18903 18903 I BadgeProvider: sendNotify, [notify] : null
04-09 23:09:14.030 18903 18903 I BadgeProvider: update, getCallingPackage() : com.sec.android.provider.badge
04-09 23:09:14.030 18903 18903 I BadgeProvider: update, [uri] : content://com.sec.badge/apps
04-09 23:09:14.030 18903 18903 I BadgeProvider: update, [uri.query] : null
04-09 23:09:14.030 18903 18903 I BadgeProvider: update, [BadgeCount] : badgecount=0
04-09 23:09:14.030 18903 18903 I BadgeProvider: update, [UpdateCount] : 1
04-09 23:09:14.038  7623 28097 E GmsTaskScheduler: sendWakeUpEvent called on SchedulerClientBroadcastStrategy
04-09 23:09:14.040  7623 28097 I AlarmManager: setExactAndAllowWhileIdle [name: GCM_HB_ALARM type: 2 triggerAtMillis: 3292582]
04-09 23:09:14.041  7623 28098 I AlarmManager: setExactAndAllowWhileIdle [name: FcmRetry type: 2 triggerAtMillis: 2572577]
04-09 23:09:14.053  5665  5741 W libprocessgroup: Failed to open /dev/blkio//cgroup.procs: No such file or directory
04-09 23:09:14.056  5665  5741 W libprocessgroup: Failed to open /dev/blkio//cgroup.procs: No such file or directory
04-09 23:09:14.086  5665  5741 W libprocessgroup: Failed to open /dev/blkio//cgroup.procs: No such file or directory
04-09 23:09:14.227  6837  7268 I BadgeCountUpdaterImpl: reload badge without refresh
04-09 23:09:14.233  5665  5741 W libprocessgroup: Failed to open /dev/blkio//cgroup.procs: No such file or directory
04-09 23:09:14.243 18903 19542 I BadgeProvider: query, [selection] : null
04-09 23:09:14.250  6837  7268 I BadgeCache: update cache : com.vkontakte.android user : UserHandle{0}  count : 7
04-09 23:09:14.250  6837  7268 I BadgeCache: add to cache : com.vk.imuser : UserHandle{0}  count : 1
04-09 23:09:14.250  6837  7268 I BadgeCache: update cache : com.vkontakte.android user : UserHandle{0}  count : 0
04-09 23:09:14.251  6837  7268 I BadgeCache: add to cache : com.vkontakte.androiduser : UserHandle{0}  count : 1
04-09 23:09:14.251  6837  7268 I BadgeCache: add to cache : org.telegram.messengeruser : UserHandle{0}  count : 1
04-09 23:09:14.251  6837  7268 I BadgeCache: update cache : org.telegram.messenger user : UserHandle{0}  count : 0
04-09 23:09:14.251  6837  7268 I BadgeCache: update cache : com.vk.im user : UserHandle{0}  count : 0
04-09 23:09:14.256  6837  7268 I BadgeCache: reloadBadge size : 3
04-09 23:09:14.521  6284  6373 D MobileStatusTracker(1/2): onDataActivity: direction=3
04-09 23:09:14.523  6284  6373 D MobileSignalController(1/2): notifyListener: enabled=true, connected=true, dataConnected=true, networkType=LTE/LTE_CA (4G+), emergencyOnly=false, roaming=false, isDefault=true, dataActivity=inout, level=2, ca=true, mmWave=false, disabledDataIcon=false, simCard=ETC
04-09 23:09:15.486  5312  5312 E sehhealth-service: Could not open /sys/class/power_supply/battery/lrp
04-09 23:09:15.489  5665  5861 D MotionRecognitionService: [SAR]  onReceive : ACTION_BATTERY_CHANGED, Plugged: 2
04-09 23:09:15.490  5665  5665 D PhoneWindowManagerExt: ACTION_BATTERY_CHANGED - Level=64, status=2
04-09 23:09:15.497  5665  5665 D SemWifiApBroadcastReceiver: Received : android.intent.action.BATTERY_CHANGED
04-09 23:09:15.498  6213  6213 D SemBigDataInfoController: Intent: android.intent.action.BATTERY_CHANGED
04-09 23:09:15.499  6213  6213 D SemBigDataInfoController: Intent: android.intent.action.BATTERY_CHANGED
04-09 23:09:15.502  6284  6284 I PowerUI : mBootCompleted = true |  mFullyConnected = true
04-09 23:09:15.507  6284  6284 W PowerUI : Plug reason
04-09 23:09:15.507  6284  6284 W PowerUI : Skip charging animation - by plug status
04-09 23:09:15.508  6284 11242 D SecPowerUI.Notification: dismissing low battery warning: level=64
04-09 23:09:15.508  6284 11242 D SecPowerUI.Notification: updateNotification mWarning=false mPlaySound=false
04-09 23:09:15.508  6284 11242 D SecPowerUI.Notification: SecBatteryStatsSnapshot{batteryLevel=64, currentBatteryMode=0, chargingTime=3157000, chargingType=11, batteryHealth=2, automaticTestMode=false, isHiccupState=false}
04-09 23:09:15.509  6284  6284 D PowerUI : priorPlugType = 2 mPlugType = 2 priorBatteryStatus = 2 mBatteryStatus = 2
04-09 23:09:15.509  6284  6284 W PowerUI : Plug reason
04-09 23:09:15.509  6284  6284 W PowerUI : Skip charging sound - by plug status
04-09 23:09:15.509  6284  6284 I PowerUI : oldMisalign : false, curMisalign : false
04-09 23:09:15.511  6284 11242 D SecPowerUI.Notification: 1. restoreScreenTimeOut - saved_value : :
04-09 23:09:15.511  6284 11242 E SecPowerUI.Notification: no saved value, so we do nothing !!
04-09 23:09:15.512  6284  6284 D SecPowerUI.Notification: showChargingNotice oldChargingType : 11 currentChargingType : 11 oldChargingTime : 3157000 mChargingTime : 3150000
04-09 23:09:15.512  6284  6284 D SecPowerUI.Notification: showChargingNotification()
04-09 23:09:15.512  6284  6284 D SecPowerUI.Notification: SecBatteryStatsSnapshot{batteryLevel=64, currentBatteryMode=0, chargingTime=3150000, chargingType=11, batteryHealth=2, automaticTestMode=false, isHiccupState=false}
04-09 23:09:15.512  6284  6284 D PowerUi.ChargingNotification: showChargingNotification()
04-09 23:09:15.516  6284  6284 D PowerUi.ChargingNotification: showChargingNotification()
04-09 23:09:15.518  5665  6796 D ApplicationPolicy: isStatusBarNotificationAllowedAsUser: packageName = com.android.systemui,userId = 0
04-09 23:09:15.519  5665  6796 D ApplicationPolicy: isStatusBarNotificationAllowedAsUser: packageName = com.android.systemui,userId = -1
04-09 23:09:15.519  5665  6796 D ApplicationPolicy: isStatusBarNotificationAllowedAsUser: converting userId from USER_ALLto 0
04-09 23:09:15.531  6284  6284 D PowerUI : Battery swelling mode - priorBatterySwellingMode = 0 mBatterySwellingMode = 0 mBatteryStatus = 2
04-09 23:09:15.531  6284  6284 I PowerUI : mBatteryMiscEvent = 65536
04-09 23:09:15.532  6284  6284 D SamsungBatteryMeterDrawable: onBatteryLevelChanged isSomethingChanged: false
04-09 23:09:15.532  6284  6284 D SamsungBatteryMeterDrawable: onBatteryLevelChanged isSomethingChanged: false
04-09 23:09:15.533  6284  6284 D SamsungBatteryMeterDrawable: onBatteryLevelChanged isSomethingChanged: false
04-09 23:09:15.534  6284  6284 D SamsungBatteryMeterDrawable: onBatteryLevelChanged isSomethingChanged: false
04-09 23:09:15.535  6284  6284 D KeyguardUpdateMonitor: received broadcast android.intent.action.BATTERY_CHANGED
04-09 23:09:15.535  6284  6284 I AODBatteryManager: updateBatteryData: ACTION_BATTERY_CHANGED
04-09 23:09:15.537  6284  6284 I AODBatteryManager: saveBatteryData : AOD BatteryData [mBatteryLevel=64, mBatteryStatus=CHARGING, mBatteryPlugType=USB, mBatteryPlugged=true, mRemainingChargeTime=3150000, mBatteryChargingType=2, mBatteryChargerType=FAST, mBatteryOnline=NOT_DEFINED, mBatterySwellingMode=NONE, mBatteryProtectMode=false]
04-09 23:09:15.537  6284  6284 I ChargingInfoManager: updateChargingInfo: newState = AOD ChargingInfo [mState=BATTERY_AND_REMAIN_TIME, mIsCharging=true, mIsFullyCharged=false, mIsBatteryProtectMode=false], oldState = AOD ChargingInfo [mState=BATTERY_AND_REMAIN_TIME, mIsCharging=true, mIsFullyCharged=false, mIsBatteryProtectMode=false]
04-09 23:09:15.537  6284  6284 D KeyguardUpdateMonitor: handleBatteryUpdate
04-09 23:09:15.544  6284  6284 D KeyguardSecIndicationController: addIndicationTimeout() returned - unlocking
04-09 23:09:15.544  6284  6284 D KeyguardSecIndicationController: addIndication() returned - unlocking
04-09 23:09:15.544  6284  6284 D KeyguardSecIndicationController: addBatteryAndOwnerInfoIndication() battery status = BatteryStatus{status=2,level=64,plugged=2,health=2,maxChargingWattage=-1,remaining=3150000ultraFastCharger=1}
04-09 23:09:15.738  6210  6210 I FreeformContainer: [SmartPopupViewService] onNotificationPosted: StatusBarNotification(pkg=com.android.systemui user=UserHandle{-1} id=2131428959 tag=charging_state key=-1|com.android.systemui|2131428959|charging_state|10054: Notification(channel=CHR shortcut=null contentView=null vibrate=null sound=null defaults=0x0 flags=0xa color=0xff8b94ab category=sys groupKey=CHARGING vis=PUBLIC semFlags=0x0 semPriority=0 semMissedCount=0))
04-09 23:09:15.738  6210  6210 V FreeformContainer: [SmartPopupViewService] isSmartPopupViewTarget: com.android.systemui is not enabled
04-09 23:09:15.741  6284  6284 D BubblesManager: onRankingUpdate : shouldBubbleUp=false ,pkg=android ,key=-1|android|34|NetworkPolicy:945656281:34|1000
04-09 23:09:15.741  6284  6284 D BubblesManager: onRankingUpdate : shouldBubbleUp=false ,pkg=com.kms.free ,key=0|com.kms.free|42|null|10299
04-09 23:09:15.741  6284  6284 D BubblesManager: onRankingUpdate : shouldBubbleUp=false ,pkg=com.sec.android.app.shealth ,key=0|com.sec.android.app.shealth|105|null|10256
04-09 23:09:15.742  6284  6284 D BubblesManager: onRankingUpdate : shouldBubbleUp=false ,pkg=com.kms.free ,key=0|com.kms.free|1|null|10299
04-09 23:09:15.742  6284  6284 D BubblesManager: onRankingUpdate : shouldBubbleUp=false ,pkg=mrigapps.andriod.breakfree.deux ,key=0|mrigapps.andriod.breakfree.deux|2|null|10506
04-09 23:09:15.742  6284  6284 D BubblesManager: onRankingUpdate : shouldBubbleUp=false ,pkg=com.android.providers.downloads ,key=0|com.android.providers.downloads|0|3:1244|10068
04-09 23:09:15.742  6284  6284 D BubblesManager: onRankingUpdate : shouldBubbleUp=false ,pkg=ru.mail.mailapp ,key=0|ru.mail.mailapp|1073741824|zhelenskiy@mail.ru|10221
04-09 23:09:15.743  6284  6284 D InterruptionStateProvider: Group alert behavior is suppressed but we want to alert bubble
04-09 23:09:15.743  6284  6284 D BubblesManager: onRankingUpdate : shouldBubbleUp=false ,pkg=ru.mail.mailapp ,key=0|ru.mail.mailapp|1291137120|zhelenskiy@mail.ru|10221
04-09 23:09:15.743  6284  6284 D InterruptionStateProvider: Group alert behavior is suppressed but we want to alert bubble
04-09 23:09:15.743  6284  6284 D BubblesManager: onRankingUpdate : shouldBubbleUp=false ,pkg=ru.mail.mailapp ,key=0|ru.mail.mailapp|406243825|zhelenskiy@mail.ru|10221
04-09 23:09:15.744  9619 10534 I NotificationPipeline: Processing new notification: -1|com.android.systemui|2131428959|charging_state|10054
04-09 23:09:15.744  6284  6284 D BubblesManager: onRankingUpdate : shouldBubbleUp=false ,pkg=android ,key=0|android|38|AccountManagerService:38:-904454848:838749127:10427|1000
04-09 23:09:15.744  6284  6284 D InterruptionStateProvider: Group alert behavior is suppressed but we want to alert bubble
04-09 23:09:15.744  9619 10534 E Notification4Heart_NB: WatchFactory.getWatch-lastConnectedNodeId is null
04-09 23:09:15.744  6284  6284 D BubblesManager: onRankingUpdate : shouldBubbleUp=false ,pkg=com.google.android.googlequicksearchbox ,key=0|com.google.android.googlequicksearchbox|0|-1997195081::SUMMARY::wx|10233
04-09 23:09:15.744  6284  6284 D BubblesManager: onRankingUpdate : shouldBubbleUp=false ,pkg=com.google.android.googlequicksearchbox ,key=0|com.google.android.googlequicksearchbox|0|-1997195081::a:snotification:[0x394,wx.f,NOTIFICATION]|10233
04-09 23:09:15.745  6284  6284 D BubblesManager: onRankingUpdate : shouldBubbleUp=false ,pkg=android ,key=-1|android|27|null|1000
04-09 23:09:15.745  6284  6284 D BubblesManager: onRankingUpdate : shouldBubbleUp=false ,pkg=com.android.systemui ,key=-1|com.android.systemui|2131428959|charging_state|10054
04-09 23:09:15.745  6284  6315 D Bubbles : onRankingUpdated : isActiveOrInOverflow= false , mTmpRanking.canBubble()= false ,isActive= false ,shouldBubbleUp= false ,mTmpRanking.isBubble()= false
04-09 23:09:15.746  6284  6315 D Bubbles : onRankingUpdated : isActiveOrInOverflow= false , mTmpRanking.canBubble()= false ,isActive= false ,shouldBubbleUp= false ,mTmpRanking.isBubble()= false
04-09 23:09:15.746  6284  6315 D Bubbles : onRankingUpdated : isActiveOrInOverflow= false , mTmpRanking.canBubble()= false ,isActive= false ,shouldBubbleUp= false ,mTmpRanking.isBubble()= false
04-09 23:09:15.746  6284  6315 D Bubbles : onRankingUpdated : isActiveOrInOverflow= false , mTmpRanking.canBubble()= false ,isActive= false ,shouldBubbleUp= false ,mTmpRanking.isBubble()= false
04-09 23:09:15.746  6284  6315 D Bubbles : onRankingUpdated : isActiveOrInOverflow= false , mTmpRanking.canBubble()= false ,isActive= false ,shouldBubbleUp= false ,mTmpRanking.isBubble()= false
04-09 23:09:15.746  6284  6315 D Bubbles : onRankingUpdated : isActiveOrInOverflow= false , mTmpRanking.canBubble()= false ,isActive= false ,shouldBubbleUp= false ,mTmpRanking.isBubble()= false
04-09 23:09:15.746  6284  6315 D Bubbles : onRankingUpdated : isActiveOrInOverflow= false , mTmpRanking.canBubble()= false ,isActive= false ,shouldBubbleUp= false ,mTmpRanking.isBubble()= false
04-09 23:09:15.746  6284  6315 D Bubbles : onRankingUpdated : isActiveOrInOverflow= false , mTmpRanking.canBubble()= false ,isActive= false ,shouldBubbleUp= false ,mTmpRanking.isBubble()= false
04-09 23:09:15.746  6284  6315 D Bubbles : onRankingUpdated : isActiveOrInOverflow= false , mTmpRanking.canBubble()= false ,isActive= false ,shouldBubbleUp= false ,mTmpRanking.isBubble()= false
04-09 23:09:15.746  6284  6315 D Bubbles : onRankingUpdated : isActiveOrInOverflow= false , mTmpRanking.canBubble()= false ,isActive= false ,shouldBubbleUp= false ,mTmpRanking.isBubble()= false
04-09 23:09:15.747  6284  6315 D Bubbles : onRankingUpdated : isActiveOrInOverflow= false , mTmpRanking.canBubble()= false ,isActive= false ,shouldBubbleUp= false ,mTmpRanking.isBubble()= false
04-09 23:09:15.745  9619 10534 W Notification4Heart_NB: NotificationBridgeCallback.onNotificationPosted-never connected before
04-09 23:09:15.748  6284  6315 D Bubbles : onRankingUpdated : isActiveOrInOverflow= false , mTmpRanking.canBubble()= false ,isActive= false ,shouldBubbleUp= false ,mTmpRanking.isBubble()= false
04-09 23:09:15.748  6284  6315 D Bubbles : onRankingUpdated : isActiveOrInOverflow= false , mTmpRanking.canBubble()= false ,isActive= false ,shouldBubbleUp= false ,mTmpRanking.isBubble()= false
04-09 23:09:15.748  6284  6315 D Bubbles : onRankingUpdated : isActiveOrInOverflow= false , mTmpRanking.canBubble()= false ,isActive= false ,shouldBubbleUp= false ,mTmpRanking.isBubble()= false
04-09 23:09:15.750  6837  6837 I Launcher.NotificationListener: onNotificationPosted : com.android.systemui number : 0
04-09 23:09:15.941  6284  6284 D BubblesManager: onEntryUpdated : shouldBubbleUp=false ,key=-1|com.android.systemui|2131428959|charging_state|10054
04-09 23:09:15.974  6284  6284 I FaceWidgetPositionAlgorithm: getMediaContainerHeight() height = 0 container Visibility = 8, isValid = false, mIsDozing = false, fraction = 1.0, source = 0, target = 0
04-09 23:09:15.975  6284  6284 I FaceWidgetPositionAlgorithm: getMediaContainerHeight() supplier = 0
04-09 23:09:16.046  6284  6284 I FaceWidgetPositionAlgorithm: getMediaContainerHeight() height = 0 container Visibility = 8, isValid = false, mIsDozing = false, fraction = 1.0, source = 0, target = 0
04-09 23:09:16.047  6284  6284 I FaceWidgetPositionAlgorithm: getMediaContainerHeight() supplier = 0
04-09 23:09:16.081  6284  6284 I FaceWidgetPositionAlgorithm: getMediaContainerHeight() height = 0 container Visibility = 8, isValid = false, mIsDozing = false, fraction = 1.0, source = 0, target = 0
04-09 23:09:16.081  6284  6284 I FaceWidgetPositionAlgorithm: getMediaContainerHeight() supplier = 0
04-09 23:09:17.619  6284  6373 D MobileStatusTracker(1/2): onDataActivity: direction=0
04-09 23:09:17.624  6284  6373 D MobileSignalController(1/2): notifyListener: enabled=true, connected=true, dataConnected=true, networkType=LTE/LTE_CA (4G+), emergencyOnly=false, roaming=false, isDefault=true, dataActivity=, level=2, ca=true, mmWave=false, disabledDataIcon=false, simCard=ETC
04-09 23:09:18.076 18903 18920 I BadgeProvider: query, [selection] : package=?
04-09 23:09:18.082 18903 18920 E DatabaseUtils: Writing exception to parcel
04-09 23:09:18.082 18903 18920 E DatabaseUtils: java.lang.SecurityException: Permission Denial: writing com.sec.android.provider.badge.BadgeProvider uri content://com.sec.badge/apps?notify=true from pid=25321, uid=10268 requires com.sec.android.provider.badge.permission.WRITE, or grantUriPermission()
04-09 23:09:18.082 18903 18920 E DatabaseUtils: 	at android.content.ContentProvider.enforceWritePermissionInner(ContentProvider.java:1025)
04-09 23:09:18.082 18903 18920 E DatabaseUtils: 	at android.content.ContentProvider.semEnforceWritePermission(ContentProvider.java:951)
04-09 23:09:18.082 18903 18920 E DatabaseUtils: 	at android.content.ContentProvider$Transport.enforceWritePermission(ContentProvider.java:730)
04-09 23:09:18.082 18903 18920 E DatabaseUtils: 	at android.content.ContentProvider$Transport.update(ContentProvider.java:462)
04-09 23:09:18.082 18903 18920 E DatabaseUtils: 	at android.content.ContentProviderNative.onTransact(ContentProviderNative.java:231)
04-09 23:09:18.082 18903 18920 E DatabaseUtils: 	at android.os.Binder.execTransactInternal(Binder.java:1321)
04-09 23:09:18.082 18903 18920 E DatabaseUtils: 	at android.os.Binder.execTransact(Binder.java:1280)
04-09 23:09:18.085 18903 18903 I BadgeCountReceiver: badge intent : Intent { act=android.intent.action.BADGE_COUNT_UPDATE flg=0x1000010 cmp=com.sec.android.provider.badge/.BadgeCountReceiver (has extras) }
04-09 23:09:18.085 18903 18903 I BadgeCountReceiver: packageName: org.telegram.messenger, className: org.telegram.messenger.NoxIcon, count: 1
04-09 23:09:18.088  6837  6837 I BadgeCountUpdaterImpl: onChange
04-09 23:09:18.092  6837  6837 I BadgeCountUpdaterImpl: onChange
04-09 23:09:18.094 18903 18903 I BadgeProvider: sendNotify entered. [uri] : content://com.sec.badge/apps
04-09 23:09:18.094 18903 18903 I BadgeProvider: sendNotify, [notify] : null
04-09 23:09:18.095 18903 18903 I BadgeProvider: update, getCallingPackage() : com.sec.android.provider.badge
04-09 23:09:18.095 18903 18903 I BadgeProvider: update, [uri] : content://com.sec.badge/apps
04-09 23:09:18.095 18903 18903 I BadgeProvider: update, [uri.query] : null
04-09 23:09:18.095 18903 18903 I BadgeProvider: update, [BadgeCount] : badgecount=1
04-09 23:09:18.095 18903 18903 I BadgeProvider: update, [UpdateCount] : 1
04-09 23:09:18.096 18903 18920 I BadgeProvider: query, [selection] : package=?
04-09 23:09:18.102 18903 18903 I BadgeCountReceiver: badge intent : Intent { act=android.intent.action.BADGE_COUNT_UPDATE flg=0x1000010 cmp=com.sec.android.provider.badge/.BadgeCountReceiver (has extras) }
04-09 23:09:18.102 18903 18903 I BadgeCountReceiver: packageName: org.telegram.messenger, className: org.telegram.messenger.NoxIcon, count: 0
04-09 23:09:18.106 18903 18920 E DatabaseUtils: Writing exception to parcel
04-09 23:09:18.106 18903 18920 E DatabaseUtils: java.lang.SecurityException: Permission Denial: writing com.sec.android.provider.badge.BadgeProvider uri content://com.sec.badge/apps?notify=true from pid=25321, uid=10268 requires com.sec.android.provider.badge.permission.WRITE, or grantUriPermission()
04-09 23:09:18.106 18903 18920 E DatabaseUtils: 	at android.content.ContentProvider.enforceWritePermissionInner(ContentProvider.java:1025)
04-09 23:09:18.106 18903 18920 E DatabaseUtils: 	at android.content.ContentProvider.semEnforceWritePermission(ContentProvider.java:951)
04-09 23:09:18.106 18903 18920 E DatabaseUtils: 	at android.content.ContentProvider$Transport.enforceWritePermission(ContentProvider.java:730)
04-09 23:09:18.106 18903 18920 E DatabaseUtils: 	at android.content.ContentProvider$Transport.update(ContentProvider.java:462)
04-09 23:09:18.106 18903 18920 E DatabaseUtils: 	at android.content.ContentProviderNative.onTransact(ContentProviderNative.java:231)
04-09 23:09:18.106 18903 18920 E DatabaseUtils: 	at android.os.Binder.execTransactInternal(Binder.java:1321)
04-09 23:09:18.106 18903 18920 E DatabaseUtils: 	at android.os.Binder.execTransact(Binder.java:1280)
04-09 23:09:18.107  6837  6837 I BadgeCountUpdaterImpl: onChange
04-09 23:09:18.112  6837  6837 I BadgeCountUpdaterImpl: onChange
04-09 23:09:18.114 18903 18903 I BadgeProvider: sendNotify entered. [uri] : content://com.sec.badge/apps
04-09 23:09:18.114 18903 18903 I BadgeProvider: sendNotify, [notify] : null
04-09 23:09:18.115 18903 18903 I BadgeProvider: update, getCallingPackage() : com.sec.android.provider.badge
04-09 23:09:18.115 18903 18903 I BadgeProvider: update, [uri] : content://com.sec.badge/apps
04-09 23:09:18.115 18903 18903 I BadgeProvider: update, [uri.query] : null
04-09 23:09:18.115 18903 18903 I BadgeProvider: update, [BadgeCount] : badgecount=0
04-09 23:09:18.116 18903 18903 I BadgeProvider: update, [UpdateCount] : 1
04-09 23:09:18.174  7623 28098 D ConnectivityManager: StackLog: [android.net.ConnectivityManager.reportNetworkConnectivity(ConnectivityManager.java:3390)] [anpu.i(:com.google.android.gms@231115044@23.11.15 (190400-520109968):0)] [anpi.run(:com.google.android.gms@231115044@23.11.15 (190400-520109968):57)] [anqi.run(:com.google.android.gms@231115044@23.11.15 (190400-520109968):2)] [dapd.run(:com.google.android.gms@231115044@23.11.15 (190400-520109968):2)] [abbj.c(:com.google.android.gms@231115044@23.11.15 (190400-520109968):6)] [abbj.run(:com.google.android.gms@231115044@23.11.15 (190400-520109968):7)] [java.util.concurrent.ThreadPoolExecutor.runWorker(ThreadPoolExecutor.java:1137)] [java.util.concurrent.ThreadPoolExecutor$Worker.run(ThreadPoolExecutor.java:637)] [abgp.run(:com.google.android.gms@231115044@23.11.15 (190400-520109968):0)] [java.lang.Thread.run(Thread.java:1012)]
04-09 23:09:18.181  7623 28098 I AlarmManager: setExactAndAllowWhileIdle [name: GCM_HB_ALARM type: 2 triggerAtMillis: 3296723]
04-09 23:09:18.198  7623 28098 E GmsTaskScheduler: sendWakeUpEvent called on SchedulerClientBroadcastStrategy
04-09 23:09:18.208  7623 27335 I AlarmManager: setExactAndAllowWhileIdle [name: FcmRetry type: 2 triggerAtMillis: 2576747]
04-09 23:09:18.221  5665  5741 W libprocessgroup: Failed to open /dev/blkio//cgroup.procs: No such file or directory
04-09 23:09:18.253  5665  5741 W libprocessgroup: Failed to open /dev/blkio//cgroup.procs: No such file or directory
04-09 23:09:18.263  5665  5741 W libprocessgroup: Failed to open /dev/blkio//cgroup.procs: No such file or directory
04-09 23:09:18.313  6837  7268 I BadgeCountUpdaterImpl: reload badge without refresh
04-09 23:09:18.322 18903 18920 I BadgeProvider: query, [selection] : null
04-09 23:09:18.326  6837  7268 I BadgeCache: update cache : com.vkontakte.android user : UserHandle{0}  count : 7
04-09 23:09:18.326  6837  7268 I BadgeCache: add to cache : com.vk.imuser : UserHandle{0}  count : 1
04-09 23:09:18.327  6837  7268 I BadgeCache: update cache : com.vkontakte.android user : UserHandle{0}  count : 0
04-09 23:09:18.327  6837  7268 I BadgeCache: add to cache : com.vkontakte.androiduser : UserHandle{0}  count : 1
04-09 23:09:18.327  6837  7268 I BadgeCache: add to cache : org.telegram.messengeruser : UserHandle{0}  count : 1
04-09 23:09:18.327  6837  7268 I BadgeCache: update cache : org.telegram.messenger user : UserHandle{0}  count : 0
04-09 23:09:18.327  6837  7268 I BadgeCache: update cache : com.vk.im user : UserHandle{0}  count : 0
04-09 23:09:18.332  6837  7268 I BadgeCache: reloadBadge size : 3
04-09 23:09:18.660  6284  6373 D MobileStatusTracker(1/2): onDataActivity: direction=3
04-09 23:09:18.666  6284  6373 D MobileSignalController(1/2): notifyListener: enabled=true, connected=true, dataConnected=true, networkType=LTE/LTE_CA (4G+), emergencyOnly=false, roaming=false, isDefault=true, dataActivity=inout, level=2, ca=true, mmWave=false, disabledDataIcon=false, simCard=ETC
04-09 23:09:19.698  6284  6373 D MobileStatusTracker(1/2): onDataActivity: direction=0
04-09 23:09:19.701  6284  6373 D MobileSignalController(1/2): notifyListener: enabled=true, connected=true, dataConnected=true, networkType=LTE/LTE_CA (4G+), emergencyOnly=false, roaming=false, isDefault=true, dataActivity=, level=2, ca=true, mmWave=false, disabledDataIcon=false, simCard=ETC
04-09 23:09:20.538  6284  6284 D SecPowerUI.Notification: showChargingNotice oldChargingType : 11 currentChargingType : 11 oldChargingTime : 3150000 mChargingTime : 3150000
04-09 23:09:20.538  6284  6284 D SecPowerUI.Notification: There is no change about charging status, so return!
04-09 23:09:20.726  6284  6373 D MobileStatusTracker(1/2): onDataActivity: direction=3
04-09 23:09:20.728  6284  6373 D MobileSignalController(1/2): notifyListener: enabled=true, connected=true, dataConnected=true, networkType=LTE/LTE_CA (4G+), emergencyOnly=false, roaming=false, isDefault=true, dataActivity=inout, level=2, ca=true, mmWave=false, disabledDataIcon=false, simCard=ETC
04-09 23:09:21.749  6284  6373 D MobileStatusTracker(1/2): onDataActivity: direction=0
04-09 23:09:21.761  6284  6373 D MobileSignalController(1/2): notifyListener: enabled=true, connected=true, dataConnected=true, networkType=LTE/LTE_CA (4G+), emergencyOnly=false, roaming=false, isDefault=true, dataActivity=, level=2, ca=true, mmWave=false, disabledDataIcon=false, simCard=ETC
04-09 23:09:22.788  6284  6373 D MobileStatusTracker(1/2): onDataActivity: direction=3
04-09 23:09:22.798  6284  6373 D MobileSignalController(1/2): notifyListener: enabled=true, connected=true, dataConnected=true, networkType=LTE/LTE_CA (4G+), emergencyOnly=false, roaming=false, isDefault=true, dataActivity=inout, level=2, ca=true, mmWave=false, disabledDataIcon=false, simCard=ETC
04-09 23:09:23.227 18903 19542 I BadgeProvider: query, [selection] : package=?
04-09 23:09:23.231 18903 18903 I BadgeCountReceiver: badge intent : Intent { act=android.intent.action.BADGE_COUNT_UPDATE flg=0x1000010 cmp=com.sec.android.provider.badge/.BadgeCountReceiver (has extras) }
04-09 23:09:23.231 18903 18903 I BadgeCountReceiver: packageName: org.telegram.messenger, className: org.telegram.messenger.NoxIcon, count: 1
04-09 23:09:23.236  6837  6837 I BadgeCountUpdaterImpl: onChange
04-09 23:09:23.236 18903 18920 E DatabaseUtils: Writing exception to parcel
04-09 23:09:23.236 18903 18920 E DatabaseUtils: java.lang.SecurityException: Permission Denial: writing com.sec.android.provider.badge.BadgeProvider uri content://com.sec.badge/apps?notify=true from pid=25321, uid=10268 requires com.sec.android.provider.badge.permission.WRITE, or grantUriPermission()
04-09 23:09:23.236 18903 18920 E DatabaseUtils: 	at android.content.ContentProvider.enforceWritePermissionInner(ContentProvider.java:1025)
04-09 23:09:23.236 18903 18920 E DatabaseUtils: 	at android.content.ContentProvider.semEnforceWritePermission(ContentProvider.java:951)
04-09 23:09:23.236 18903 18920 E DatabaseUtils: 	at android.content.ContentProvider$Transport.enforceWritePermission(ContentProvider.java:730)
04-09 23:09:23.236 18903 18920 E DatabaseUtils: 	at android.content.ContentProvider$Transport.update(ContentProvider.java:462)
04-09 23:09:23.236 18903 18920 E DatabaseUtils: 	at android.content.ContentProviderNative.onTransact(ContentProviderNative.java:231)
04-09 23:09:23.236 18903 18920 E DatabaseUtils: 	at android.os.Binder.execTransactInternal(Binder.java:1321)
04-09 23:09:23.236 18903 18920 E DatabaseUtils: 	at android.os.Binder.execTransact(Binder.java:1280)
04-09 23:09:23.242  6837  6837 I BadgeCountUpdaterImpl: onChange
04-09 23:09:23.244 18903 18903 I BadgeProvider: sendNotify entered. [uri] : content://com.sec.badge/apps
04-09 23:09:23.244 18903 18903 I BadgeProvider: sendNotify, [notify] : null
04-09 23:09:23.247 18903 18903 I BadgeProvider: update, getCallingPackage() : com.sec.android.provider.badge
04-09 23:09:23.248 18903 18903 I BadgeProvider: update, [uri] : content://com.sec.badge/apps
04-09 23:09:23.248 18903 18903 I BadgeProvider: update, [uri.query] : null
04-09 23:09:23.248 18903 18903 I BadgeProvider: update, [BadgeCount] : badgecount=1
04-09 23:09:23.248 18903 18903 I BadgeProvider: update, [UpdateCount] : 1
04-09 23:09:23.419 18903 19542 I BadgeProvider: query, [selection] : package=?
04-09 23:09:23.425  7623 28097 D ConnectivityManager: StackLog: [android.net.ConnectivityManager.reportNetworkConnectivity(ConnectivityManager.java:3390)] [anpu.i(:com.google.android.gms@231115044@23.11.15 (190400-520109968):0)] [anpi.run(:com.google.android.gms@231115044@23.11.15 (190400-520109968):57)] [anqi.run(:com.google.android.gms@231115044@23.11.15 (190400-520109968):2)] [dapd.run(:com.google.android.gms@231115044@23.11.15 (190400-520109968):2)] [abbj.c(:com.google.android.gms@231115044@23.11.15 (190400-520109968):6)] [abbj.run(:com.google.android.gms@231115044@23.11.15 (190400-520109968):7)] [java.util.concurrent.ThreadPoolExecutor.runWorker(ThreadPoolExecutor.java:1137)] [java.util.concurrent.ThreadPoolExecutor$Worker.run(ThreadPoolExecutor.java:637)] [abgp.run(:com.google.android.gms@231115044@23.11.15 (190400-520109968):0)] [java.lang.Thread.run(Thread.java:1012)]
04-09 23:09:23.427 18903 18920 E DatabaseUtils: Writing exception to parcel
04-09 23:09:23.427 18903 18920 E DatabaseUtils: java.lang.SecurityException: Permission Denial: writing com.sec.android.provider.badge.BadgeProvider uri content://com.sec.badge/apps?notify=true from pid=25321, uid=10268 requires com.sec.android.provider.badge.permission.WRITE, or grantUriPermission()
04-09 23:09:23.427 18903 18920 E DatabaseUtils: 	at android.content.ContentProvider.enforceWritePermissionInner(ContentProvider.java:1025)
04-09 23:09:23.427 18903 18920 E DatabaseUtils: 	at android.content.ContentProvider.semEnforceWritePermission(ContentProvider.java:951)
04-09 23:09:23.427 18903 18920 E DatabaseUtils: 	at android.content.ContentProvider$Transport.enforceWritePermission(ContentProvider.java:730)
04-09 23:09:23.427 18903 18920 E DatabaseUtils: 	at android.content.ContentProvider$Transport.update(ContentProvider.java:462)
04-09 23:09:23.427 18903 18920 E DatabaseUtils: 	at android.content.ContentProviderNative.onTransact(ContentProviderNative.java:231)
04-09 23:09:23.427 18903 18920 E DatabaseUtils: 	at android.os.Binder.execTransactInternal(Binder.java:1321)
04-09 23:09:23.427 18903 18920 E DatabaseUtils: 	at android.os.Binder.execTransact(Binder.java:1280)
04-09 23:09:23.437 18903 18903 I BadgeCountReceiver: badge intent : Intent { act=android.intent.action.BADGE_COUNT_UPDATE flg=0x1000010 cmp=com.sec.android.provider.badge/.BadgeCountReceiver (has extras) }
04-09 23:09:23.438 18903 18903 I BadgeCountReceiver: packageName: org.telegram.messenger, className: org.telegram.messenger.NoxIcon, count: 0
04-09 23:09:23.442  6837  6837 I BadgeCountUpdaterImpl: onChange
04-09 23:09:23.442  7623 28097 I AlarmManager: setExactAndAllowWhileIdle [name: GCM_HB_ALARM type: 2 triggerAtMillis: 3301984]
04-09 23:09:23.450  6837  6837 I BadgeCountUpdaterImpl: onChange
04-09 23:09:23.452 18903 18903 I BadgeProvider: sendNotify entered. [uri] : content://com.sec.badge/apps
04-09 23:09:23.453 18903 18903 I BadgeProvider: sendNotify, [notify] : null
04-09 23:09:23.454 18903 18903 I BadgeProvider: update, getCallingPackage() : com.sec.android.provider.badge
04-09 23:09:23.454 18903 18903 I BadgeProvider: update, [uri] : content://com.sec.badge/apps
04-09 23:09:23.454 18903 18903 I BadgeProvider: update, [uri.query] : null
04-09 23:09:23.455 18903 18903 I BadgeProvider: update, [BadgeCount] : badgecount=0
04-09 23:09:23.455 18903 18903 I BadgeProvider: update, [UpdateCount] : 1
04-09 23:09:23.460  7623 28097 E GmsTaskScheduler: sendWakeUpEvent called on SchedulerClientBroadcastStrategy
04-09 23:09:23.477  7623 28097 E GmsTaskScheduler: sendWakeUpEvent called on SchedulerClientBroadcastStrategy
04-09 23:09:23.478  7623 27335 I AlarmManager: setExactAndAllowWhileIdle [name: FcmRetry type: 2 triggerAtMillis: 2582011]
04-09 23:09:23.479  7623 28097 I AlarmManager: setExactAndAllowWhileIdle [name: GCM_HB_ALARM type: 2 triggerAtMillis: 3302021]
04-09 23:09:23.489  5665  5741 W libprocessgroup: Failed to open /dev/blkio//cgroup.procs: No such file or directory
04-09 23:09:23.496  5665  5741 W libprocessgroup: Failed to open /dev/blkio//cgroup.procs: No such file or directory
04-09 23:09:23.529  5665  5741 W libprocessgroup: Failed to open /dev/blkio//cgroup.procs: No such file or directory
04-09 23:09:23.651  6837  7268 I BadgeCountUpdaterImpl: reload badge without refresh
04-09 23:09:23.655  5665  5741 W libprocessgroup: Failed to open /dev/blkio//cgroup.procs: No such file or directory
04-09 23:09:23.662 18903 18920 I BadgeProvider: query, [selection] : null
04-09 23:09:23.666  6837  7268 I BadgeCache: update cache : com.vkontakte.android user : UserHandle{0}  count : 7
04-09 23:09:23.666  6837  7268 I BadgeCache: add to cache : com.vk.imuser : UserHandle{0}  count : 1
04-09 23:09:23.667  6837  7268 I BadgeCache: update cache : com.vkontakte.android user : UserHandle{0}  count : 0
04-09 23:09:23.667  6837  7268 I BadgeCache: add to cache : com.vkontakte.androiduser : UserHandle{0}  count : 1
04-09 23:09:23.667  6837  7268 I BadgeCache: add to cache : org.telegram.messengeruser : UserHandle{0}  count : 1
04-09 23:09:23.667  6837  7268 I BadgeCache: update cache : org.telegram.messenger user : UserHandle{0}  count : 0
04-09 23:09:23.667  6837  7268 I BadgeCache: update cache : com.vk.im user : UserHandle{0}  count : 0
04-09 23:09:23.671  6837  7268 I BadgeCache: reloadBadge size : 3
04-09 23:09:25.522  6213  6213 D SemBigDataInfoController: Intent: android.intent.action.BATTERY_CHANGED
04-09 23:09:25.523  5665  5861 D MotionRecognitionService: [SAR]  onReceive : ACTION_BATTERY_CHANGED, Plugged: 2
04-09 23:09:25.527  5665  5665 D PhoneWindowManagerExt: ACTION_BATTERY_CHANGED - Level=64, status=2
04-09 23:09:25.530  5665  5665 D SemWifiApBroadcastReceiver: Received : android.intent.action.BATTERY_CHANGED
04-09 23:09:25.532  6213  6213 D SemBigDataInfoController: Intent: android.intent.action.BATTERY_CHANGED
04-09 23:09:25.534  6284  6284 I PowerUI : mBootCompleted = true |  mFullyConnected = true
04-09 23:09:25.535  6284  6284 W PowerUI : Plug reason
04-09 23:09:25.535  6284  6284 W PowerUI : Skip charging animation - by plug status
04-09 23:09:25.535  6284  6284 D PowerUI : priorPlugType = 2 mPlugType = 2 priorBatteryStatus = 2 mBatteryStatus = 2
04-09 23:09:25.535  6284  6284 W PowerUI : Plug reason
04-09 23:09:25.535  6284  6284 W PowerUI : Skip charging sound - by plug status
04-09 23:09:25.535  6284  6284 I PowerUI : oldMisalign : false, curMisalign : false
04-09 23:09:25.536  6284 11507 D SecPowerUI.Notification: dismissing low battery warning: level=64
04-09 23:09:25.537  6284 11507 D SecPowerUI.Notification: updateNotification mWarning=false mPlaySound=false
04-09 23:09:25.537  6284 11507 D SecPowerUI.Notification: SecBatteryStatsSnapshot{batteryLevel=64, currentBatteryMode=0, chargingTime=3150000, chargingType=11, batteryHealth=2, automaticTestMode=false, isHiccupState=false}
04-09 23:09:25.541  6284 11507 D SecPowerUI.Notification: 1. restoreScreenTimeOut - saved_value : :
04-09 23:09:25.541  6284 11507 E SecPowerUI.Notification: no saved value, so we do nothing !!
04-09 23:09:25.542  6284  6284 D SecPowerUI.Notification: showChargingNotice oldChargingType : 11 currentChargingType : 11 oldChargingTime : 3150000 mChargingTime : 3146000
04-09 23:09:25.542  6284  6284 D SecPowerUI.Notification: showChargingNotification()
04-09 23:09:25.542  6284  6284 D SecPowerUI.Notification: SecBatteryStatsSnapshot{batteryLevel=64, currentBatteryMode=0, chargingTime=3146000, chargingType=11, batteryHealth=2, automaticTestMode=false, isHiccupState=false}
04-09 23:09:25.544  6284  6284 D PowerUi.ChargingNotification: showChargingNotification()
04-09 23:09:25.547  5312  5312 E sehhealth-service: Could not open /sys/class/power_supply/battery/lrp
04-09 23:09:25.547  6284  6284 D PowerUi.ChargingNotification: showChargingNotification()
04-09 23:09:25.549  5665  6796 D ApplicationPolicy: isStatusBarNotificationAllowedAsUser: packageName = com.android.systemui,userId = 0
04-09 23:09:25.550  5665  6796 D ApplicationPolicy: isStatusBarNotificationAllowedAsUser: packageName = com.android.systemui,userId = -1
04-09 23:09:25.550  5665  6796 D ApplicationPolicy: isStatusBarNotificationAllowedAsUser: converting userId from USER_ALLto 0
04-09 23:09:25.553  6284  6284 D PowerUI : Battery swelling mode - priorBatterySwellingMode = 0 mBatterySwellingMode = 0 mBatteryStatus = 2
04-09 23:09:25.554  6284  6284 I PowerUI : mBatteryMiscEvent = 65536
04-09 23:09:25.557  6284  6284 D SamsungBatteryMeterDrawable: onBatteryLevelChanged isSomethingChanged: false
04-09 23:09:25.558  6284  6284 D SamsungBatteryMeterDrawable: onBatteryLevelChanged isSomethingChanged: false
04-09 23:09:25.559  6284  6284 D SamsungBatteryMeterDrawable: onBatteryLevelChanged isSomethingChanged: false
04-09 23:09:25.559  6284  6284 D SamsungBatteryMeterDrawable: onBatteryLevelChanged isSomethingChanged: false
04-09 23:09:25.560  6284  6284 D KeyguardUpdateMonitor: received broadcast android.intent.action.BATTERY_CHANGED
04-09 23:09:25.561  6284  6284 I AODBatteryManager: updateBatteryData: ACTION_BATTERY_CHANGED
04-09 23:09:25.563  6284  6284 I AODBatteryManager: saveBatteryData : AOD BatteryData [mBatteryLevel=64, mBatteryStatus=CHARGING, mBatteryPlugType=USB, mBatteryPlugged=true, mRemainingChargeTime=3146000, mBatteryChargingType=2, mBatteryChargerType=FAST, mBatteryOnline=NOT_DEFINED, mBatterySwellingMode=NONE, mBatteryProtectMode=false]
04-09 23:09:25.563  6284  6284 I ChargingInfoManager: updateChargingInfo: newState = AOD ChargingInfo [mState=BATTERY_AND_REMAIN_TIME, mIsCharging=true, mIsFullyCharged=false, mIsBatteryProtectMode=false], oldState = AOD ChargingInfo [mState=BATTERY_AND_REMAIN_TIME, mIsCharging=true, mIsFullyCharged=false, mIsBatteryProtectMode=false]
04-09 23:09:25.564  6284  6284 D KeyguardUpdateMonitor: handleBatteryUpdate
04-09 23:09:25.571  6284  6284 D KeyguardSecIndicationController: addIndicationTimeout() returned - unlocking
04-09 23:09:25.571  6284  6284 D KeyguardSecIndicationController: addIndication() returned - unlocking
