04-09 23:13:16.789  6284  6315 D Bubbles : onRankingUpdated : isActiveOrInOverflow= false , mTmpRanking.canBubble()= false ,isActive= false ,shouldBubbleUp= false ,mTmpRanking.isBubble()= false
04-09 23:13:16.789  6210  6210 V FreeformContainer: [SmartPopupViewService] isSmartPopupViewTarget: com.android.systemui is not enabled
04-09 23:13:16.789  6284  6315 D Bubbles : onRankingUpdated : isActiveOrInOverflow= false , mTmpRanking.canBubble()= false ,isActive= false ,shouldBubbleUp= false ,mTmpRanking.isBubble()= false
04-09 23:13:16.789  6284  6315 D Bubbles : onRankingUpdated : isActiveOrInOverflow= false , mTmpRanking.canBubble()= false ,isActive= false ,shouldBubbleUp= false ,mTmpRanking.isBubble()= false
04-09 23:13:16.789  6284  6315 D Bubbles : onRankingUpdated : isActiveOrInOverflow= false , mTmpRanking.canBubble()= false ,isActive= false ,shouldBubbleUp= false ,mTmpRanking.isBubble()= false
04-09 23:13:16.789  6284  6315 D Bubbles : onRankingUpdated : isActiveOrInOverflow= false , mTmpRanking.canBubble()= false ,isActive= false ,shouldBubbleUp= false ,mTmpRanking.isBubble()= false
04-09 23:13:16.790  6284  6315 D Bubbles : onRankingUpdated : isActiveOrInOverflow= false , mTmpRanking.canBubble()= false ,isActive= false ,shouldBubbleUp= false ,mTmpRanking.isBubble()= false
04-09 23:13:16.790  6284  6315 D Bubbles : onRankingUpdated : isActiveOrInOverflow= false , mTmpRanking.canBubble()= false ,isActive= false ,shouldBubbleUp= false ,mTmpRanking.isBubble()= false
04-09 23:13:16.790  6284  6315 D Bubbles : onRankingUpdated : isActiveOrInOverflow= false , mTmpRanking.canBubble()= false ,isActive= false ,shouldBubbleUp= false ,mTmpRanking.isBubble()= false
04-09 23:13:16.790  6284  6315 D Bubbles : onRankingUpdated : isActiveOrInOverflow= false , mTmpRanking.canBubble()= false ,isActive= false ,shouldBubbleUp= false ,mTmpRanking.isBubble()= false
04-09 23:13:16.791  9619 10534 I NotificationPipeline: Processing new notification: -1|com.android.systemui|2131428959|charging_state|10054
04-09 23:13:16.792  9619 10534 E Notification4Heart_NB: WatchFactory.getWatch-lastConnectedNodeId is null
04-09 23:13:16.795  9619 10534 W Notification4Heart_NB: NotificationBridgeCallback.onNotificationPosted-never connected before
04-09 23:13:16.984  6284  6284 D BubblesManager: onEntryUpdated : shouldBubbleUp=false ,key=-1|com.android.systemui|2131428959|charging_state|10054
04-09 23:13:17.038  6284  6284 I FaceWidgetPositionAlgorithm: getMediaContainerHeight() height = 0 container Visibility = 8, isValid = false, mIsDozing = false, fraction = 1.0, source = 0, target = 0
04-09 23:13:17.038  6284  6284 I FaceWidgetPositionAlgorithm: getMediaContainerHeight() supplier = 0
04-09 23:13:17.094  6284  6284 I FaceWidgetPositionAlgorithm: getMediaContainerHeight() height = 0 container Visibility = 8, isValid = false, mIsDozing = false, fraction = 1.0, source = 0, target = 0
04-09 23:13:17.094  6284  6284 I FaceWidgetPositionAlgorithm: getMediaContainerHeight() supplier = 0
04-09 23:13:17.157  6284  6284 I FaceWidgetPositionAlgorithm: getMediaContainerHeight() height = 0 container Visibility = 8, isValid = false, mIsDozing = false, fraction = 1.0, source = 0, target = 0
04-09 23:13:17.157  6284  6284 I FaceWidgetPositionAlgorithm: getMediaContainerHeight() supplier = 0
04-09 23:13:19.891  7623 29761 D ConnectivityManager: StackLog: [android.net.ConnectivityManager.reportNetworkConnectivity(ConnectivityManager.java:3390)] [anpu.i(:com.google.android.gms@231115044@23.11.15 (190400-520109968):0)] [anpi.run(:com.google.android.gms@231115044@23.11.15 (190400-520109968):57)] [anqi.run(:com.google.android.gms@231115044@23.11.15 (190400-520109968):2)] [dapd.run(:com.google.android.gms@231115044@23.11.15 (190400-520109968):2)] [abbj.c(:com.google.android.gms@231115044@23.11.15 (190400-520109968):6)] [abbj.run(:com.google.android.gms@231115044@23.11.15 (190400-520109968):7)] [java.util.concurrent.ThreadPoolExecutor.runWorker(ThreadPoolExecutor.java:1137)] [java.util.concurrent.ThreadPoolExecutor$Worker.run(ThreadPoolExecutor.java:637)] [abgp.run(:com.google.android.gms@231115044@23.11.15 (190400-520109968):0)] [java.lang.Thread.run(Thread.java:1012)]
04-09 23:13:19.899  7623 29761 I AlarmManager: setExactAndAllowWhileIdle [name: GCM_HB_ALARM type: 2 triggerAtMillis: 3538440]
04-09 23:13:19.920  7623 29761 E GmsTaskScheduler: sendWakeUpEvent called on SchedulerClientBroadcastStrategy
04-09 23:13:19.936  6284  6373 D MobileStatusTracker(1/2): onDataActivity: direction=3
04-09 23:13:19.941  6284  6373 D MobileSignalController(1/2): notifyListener: enabled=true, connected=true, dataConnected=true, networkType=LTE/LTE_CA (4G+), emergencyOnly=false, roaming=false, isDefault=true, dataActivity=inout, level=2, ca=true, mmWave=false, disabledDataIcon=false, simCard=ETC
04-09 23:13:19.973  9707  9707 I GnpSdk  : [ChimeBroadcastReceiver] Intent received for action [com.google.android.c2dm.intent.RECEIVE] package [com.google.android.googlequicksearchbox].
04-09 23:13:19.973  9707  9707 I GnpSdk  : [ChimeBroadcastReceiver] Phenotype initialized.
04-09 23:13:20.016  9707  9707 I GnpSdk  : [ChimeBroadcastReceiver] Validation OK for action [com.google.android.c2dm.intent.RECEIVE].
04-09 23:13:20.025  9707  9707 I GnpSdk  : [ChimeExecutorApiImpl-Tiktok] Submitting Broadcast execution [119548971] to tiktok executor.
04-09 23:13:20.040  9707 29880 I GnpSdk  : [ChimeBroadcastReceiver] Executing action in BroadcastReceiver [com.google.android.c2dm.intent.RECEIVE].
04-09 23:13:20.253  7623  7623 D BoundBrokerSvc: onBind: Intent { act=com.google.android.gms.auth.account.workaccount.START dat=chimera-action:/... cmp=com.google.android.gms/.chimera.PersistentApiService }
04-09 23:13:20.253  7623  7623 D BoundBrokerSvc: Loading bound service for intent: Intent { act=com.google.android.gms.auth.account.workaccount.START dat=chimera-action:/... cmp=com.google.android.gms/.chimera.PersistentApiService }
04-09 23:13:20.274  5665  5741 W libprocessgroup: Failed to open /dev/blkio//cgroup.procs: No such file or directory
04-09 23:13:20.281  7973  7973 D BoundBrokerSvc: onBind: Intent { act=com.google.android.gms.checkin.START pkg=com.google.android.gms }
04-09 23:13:20.281  7973  7973 D BoundBrokerSvc: Loading bound service for intent: Intent { act=com.google.android.gms.checkin.START pkg=com.google.android.gms }
04-09 23:13:20.359  9707 29881 I A       : Chime Filter is invoked.
04-09 23:13:20.782  9707 10590 I A       : (REDACTED) GMSCore Auth returned %d accounts.
04-09 23:13:20.783  9707 10590 I A       : (REDACTED) GoogleOwnersProvider returned %d accounts.
04-09 23:13:20.975  6284  6373 D MobileStatusTracker(1/2): onDataActivity: direction=0
04-09 23:13:20.979  6284  6373 D MobileSignalController(1/2): notifyListener: enabled=true, connected=true, dataConnected=true, networkType=LTE/LTE_CA (4G+), emergencyOnly=false, roaming=false, isDefault=true, dataActivity=, level=2, ca=true, mmWave=false, disabledDataIcon=false, simCard=ETC
04-09 23:13:21.006  9707 29881 I A       : Notification was not filtered.
04-09 23:13:21.321  9707 29881 I GnpSdk  : [NotificationChannelHelperImpl] Setting channel Id: '65'
04-09 23:13:21.427  9707 29881 I GnpSdk  : [NotificationChannelHelperImpl] Setting channel Id: '65'
04-09 23:13:21.450  5665  8767 D ApplicationPolicy: isStatusBarNotificationAllowedAsUser: packageName = com.google.android.googlequicksearchbox,userId = 0
04-09 23:13:21.451  5665  8767 D ApplicationPolicy: isStatusBarNotificationAllowedAsUser: packageName = com.google.android.googlequicksearchbox,userId = 0
04-09 23:13:21.461  5665  8767 D ApplicationPolicy: isStatusBarNotificationAllowedAsUser: packageName = com.google.android.googlequicksearchbox,userId = 0
04-09 23:13:21.462  5665  8767 D ApplicationPolicy: isStatusBarNotificationAllowedAsUser: packageName = com.google.android.googlequicksearchbox,userId = 0
04-09 23:13:21.541  9707 10590 I ChimeNotiEventHandler: (REDACTED) Successfully recorded chime actions: %s
04-09 23:13:21.553  6284  6284 D SecPowerUI.Notification: showChargingNotice oldChargingType : 11 currentChargingType : 11 oldChargingTime : 3035000 mChargingTime : 3035000
04-09 23:13:21.553  6284  6284 D SecPowerUI.Notification: There is no change about charging status, so return!
04-09 23:13:21.636  9707 29880 I GnpSdk  : [ChimeExecutorApiImpl-Tiktok] Finished Broadcast execution [119548971].
04-09 23:13:21.667  6837  6837 I Launcher.NotificationListener: onNotificationPosted : com.google.android.googlequicksearchbox number : 0
04-09 23:13:21.667  6284  6284 D BubblesManager: onRankingUpdate : shouldBubbleUp=false ,pkg=android ,key=-1|android|34|NetworkPolicy:945656281:34|1000
04-09 23:13:21.668  6284  6284 D BubblesManager: onRankingUpdate : shouldBubbleUp=false ,pkg=com.kms.free ,key=0|com.kms.free|42|null|10299
04-09 23:13:21.668  6284  6284 D BubblesManager: onRankingUpdate : shouldBubbleUp=false ,pkg=com.sec.android.app.shealth ,key=0|com.sec.android.app.shealth|105|null|10256
04-09 23:13:21.668  6284  6284 D BubblesManager: onRankingUpdate : shouldBubbleUp=false ,pkg=com.kms.free ,key=0|com.kms.free|1|null|10299
04-09 23:13:21.669  6284  6284 D BubblesManager: onRankingUpdate : shouldBubbleUp=false ,pkg=mrigapps.andriod.breakfree.deux ,key=0|mrigapps.andriod.breakfree.deux|2|null|10506
04-09 23:13:21.669  6284  6284 D BubblesManager: onRankingUpdate : shouldBubbleUp=false ,pkg=com.android.providers.downloads ,key=0|com.android.providers.downloads|0|3:1244|10068
04-09 23:13:21.670  6284  6284 D BubblesManager: onRankingUpdate : shouldBubbleUp=false ,pkg=ru.mail.mailapp ,key=0|ru.mail.mailapp|1073741824|zhelenskiy@mail.ru|10221
04-09 23:13:21.670  6284  6284 D InterruptionStateProvider: Group alert behavior is suppressed but we want to alert bubble
04-09 23:13:21.670  6284  6284 D BubblesManager: onRankingUpdate : shouldBubbleUp=false ,pkg=ru.mail.mailapp ,key=0|ru.mail.mailapp|1291137120|zhelenskiy@mail.ru|10221
04-09 23:13:21.671  9619 10534 I NotificationPipeline: Processing new notification: 0|com.google.android.googlequicksearchbox|0|-1997195081::SUMMARY::wx|10233
04-09 23:13:21.671  6284  6284 D InterruptionStateProvider: Group alert behavior is suppressed but we want to alert bubble
04-09 23:13:21.671  6284  6284 D BubblesManager: onRankingUpdate : shouldBubbleUp=false ,pkg=ru.mail.mailapp ,key=0|ru.mail.mailapp|406243825|zhelenskiy@mail.ru|10221
04-09 23:13:21.671  9619 10534 E Notification4Heart_NB: WatchFactory.getWatch-lastConnectedNodeId is null
04-09 23:13:21.672  9619 10534 W Notification4Heart_NB: NotificationBridgeCallback.onNotificationPosted-never connected before
04-09 23:13:21.676  9707  9707 I NotificationFullFlow: Step 1: GcmBroadcastReceiver:onReceive
04-09 23:13:21.676  9707  9707 I GcmBroadcastReceiver: #processIntentDefault
04-09 23:13:21.688  6284  6284 D BubblesManager: onRankingUpdate : shouldBubbleUp=false ,pkg=android ,key=0|android|38|AccountManagerService:38:-904454848:838749127:10427|1000
04-09 23:13:21.689  6284  6284 D InterruptionStateProvider: Group alert behavior is suppressed but we want to alert bubble
04-09 23:13:21.689  6210  6210 I FreeformContainer: [SmartPopupViewService] onNotificationPosted: StatusBarNotification(pkg=com.google.android.googlequicksearchbox user=UserHandle{0} id=0 tag=-1997195081::SUMMARY::wx key=0|com.google.android.googlequicksearchbox|0|-1997195081::SUMMARY::wx|10233: Notification(channel=65 shortcut=null contentView=null vibrate=null sound=null defaults=0x0 flags=0x200 color=0x00000000 groupKey=-1997195081::SUMMARY::wx vis=PRIVATE publicVersion=Notification(channel=null shortcut=null contentView=null vibrate=null sound=null defaults=0x0 flags=0x0 color=0x00000000 vis=PRIVATE semFlags=0x0 semPriority=0 semMissedCount=0) semFlags=0x0 semPriority=0 semMissedCount=0))
04-09 23:13:21.689  6284  6284 D BubblesManager: onRankingUpdate : shouldBubbleUp=false ,pkg=com.google.android.googlequicksearchbox ,key=0|com.google.android.googlequicksearchbox|0|-1997195081::SUMMARY::wx|10233
04-09 23:13:21.689  6210  6210 V FreeformContainer: [SmartPopupViewService] isSmartPopupViewTarget: com.google.android.googlequicksearchbox is not enabled
04-09 23:13:21.689  6284  6284 D BubblesManager: onRankingUpdate : shouldBubbleUp=false ,pkg=com.google.android.googlequicksearchbox ,key=0|com.google.android.googlequicksearchbox|0|-1997195081::a:snotification:[0x394,wx.f,NOTIFICATION]|10233
04-09 23:13:21.689  6284  6284 D BubblesManager: onRankingUpdate : shouldBubbleUp=false ,pkg=android ,key=-1|android|27|null|1000
04-09 23:13:21.690  6284  6284 D BubblesManager: onRankingUpdate : shouldBubbleUp=false ,pkg=com.android.systemui ,key=-1|com.android.systemui|2131428959|charging_state|10054
04-09 23:13:21.690  6284  6315 D Bubbles : onRankingUpdated : isActiveOrInOverflow= false , mTmpRanking.canBubble()= false ,isActive= false ,shouldBubbleUp= false ,mTmpRanking.isBubble()= false
04-09 23:13:21.690  6284  6315 D Bubbles : onRankingUpdated : isActiveOrInOverflow= false , mTmpRanking.canBubble()= false ,isActive= false ,shouldBubbleUp= false ,mTmpRanking.isBubble()= false
04-09 23:13:21.691  6284  6315 D Bubbles : onRankingUpdated : isActiveOrInOverflow= false , mTmpRanking.canBubble()= false ,isActive= false ,shouldBubbleUp= false ,mTmpRanking.isBubble()= false
04-09 23:13:21.691  6284  6315 D Bubbles : onRankingUpdated : isActiveOrInOverflow= false , mTmpRanking.canBubble()= false ,isActive= false ,shouldBubbleUp= false ,mTmpRanking.isBubble()= false
04-09 23:13:21.691  6284  6315 D Bubbles : onRankingUpdated : isActiveOrInOverflow= false , mTmpRanking.canBubble()= false ,isActive= false ,shouldBubbleUp= false ,mTmpRanking.isBubble()= false
04-09 23:13:21.691  6284  6315 D Bubbles : onRankingUpdated : isActiveOrInOverflow= false , mTmpRanking.canBubble()= false ,isActive= false ,shouldBubbleUp= false ,mTmpRanking.isBubble()= false
04-09 23:13:21.691  6284  6315 D Bubbles : onRankingUpdated : isActiveOrInOverflow= false , mTmpRanking.canBubble()= false ,isActive= false ,shouldBubbleUp= false ,mTmpRanking.isBubble()= false
04-09 23:13:21.691  6284  6315 D Bubbles : onRankingUpdated : isActiveOrInOverflow= false , mTmpRanking.canBubble()= false ,isActive= false ,shouldBubbleUp= false ,mTmpRanking.isBubble()= false
04-09 23:13:21.691  6284  6315 D Bubbles : onRankingUpdated : isActiveOrInOverflow= false , mTmpRanking.canBubble()= false ,isActive= false ,shouldBubbleUp= false ,mTmpRanking.isBubble()= false
04-09 23:13:21.691  6284  6315 D Bubbles : onRankingUpdated : isActiveOrInOverflow= false , mTmpRanking.canBubble()= false ,isActive= false ,shouldBubbleUp= false ,mTmpRanking.isBubble()= false
04-09 23:13:21.691  6284  6315 D Bubbles : onRankingUpdated : isActiveOrInOverflow= false , mTmpRanking.canBubble()= false ,isActive= false ,shouldBubbleUp= false ,mTmpRanking.isBubble()= false
04-09 23:13:21.691  6284  6315 D Bubbles : onRankingUpdated : isActiveOrInOverflow= false , mTmpRanking.canBubble()= false ,isActive= false ,shouldBubbleUp= false ,mTmpRanking.isBubble()= false
04-09 23:13:21.691  6284  6315 D Bubbles : onRankingUpdated : isActiveOrInOverflow= false , mTmpRanking.canBubble()= false ,isActive= false ,shouldBubbleUp= false ,mTmpRanking.isBubble()= false
04-09 23:13:21.692  6284  6315 D Bubbles : onRankingUpdated : isActiveOrInOverflow= false , mTmpRanking.canBubble()= false ,isActive= false ,shouldBubbleUp= false ,mTmpRanking.isBubble()= false
04-09 23:13:21.694  7623  7623 W GCM     : broadcast intent callback: result=CANCELLED forIntent { act=com.google.android.c2dm.intent.RECEIVE pkg=com.google.android.googlequicksearchbox (has extras) }
04-09 23:13:21.704  6210  6210 I FreeformContainer: [SmartPopupViewService] onNotificationRemoved: StatusBarNotification(pkg=com.google.android.googlequicksearchbox user=UserHandle{0} id=0 tag=-1997195081::SUMMARY::wx key=0|com.google.android.googlequicksearchbox|0|-1997195081::SUMMARY::wx|10233: Notification(channel=65 shortcut=null contentView=null vibrate=null sound=null defaults=0x0 flags=0x200 color=0x00000000 groupKey=-1997195081::SUMMARY::wx vis=PRIVATE publicVersion=Notification(channel=null shortcut=null contentView=null vibrate=null sound=null defaults=0x0 flags=0x0 color=0x00000000 vis=PRIVATE semFlags=0x0 semPriority=0 semMissedCount=0) semFlags=0x0 semPriority=0 semMissedCount=0))
04-09 23:13:21.705  6210  6246 I FreeformContainer: [Manager] handleMessage: SMART_POPUP_VIEW_REMOVE_ITEM
04-09 23:13:21.705  6210  6246 W FreeformContainer: [Manager] SMART_POPUP_VIEW_REMOVE_ITEM failed, due to no smart popup view item which has packageName: com.google.android.googlequicksearchbox
04-09 23:13:21.710  6284  6284 D InterruptionStateProvider: Group alert behavior is suppressed but we want to alert bubble
04-09 23:13:21.710  6284  6284 D BubblesManager: onEntryUpdated : shouldBubbleUp=false ,key=0|com.google.android.googlequicksearchbox|0|-1997195081::SUMMARY::wx|10233
04-09 23:13:21.711  9619 10534 I NotificationPipeline: Processing notification dismissal on phone: 0|com.google.android.googlequicksearchbox|0|-1997195081::SUMMARY::wx|10233
04-09 23:13:21.711  9619 10534 E Notification4Heart_NB: WatchFactory.getWatch-lastConnectedNodeId is null
04-09 23:13:21.713  6284  6284 D BubblesManager: setupNotifPipeline(), onEntryRemoved : reason=10
04-09 23:13:21.714  6284  6284 D BubblesManager: setupNotifPipeline(), onEntryRemoved : reason=12
04-09 23:13:21.714  6210  6210 I FreeformContainer: [SmartPopupViewService] onNotificationRemoved: StatusBarNotification(pkg=com.google.android.googlequicksearchbox user=UserHandle{0} id=0 tag=-1997195081::a:snotification:[0x394,wx.f,NOTIFICATION] key=0|com.google.android.googlequicksearchbox|0|-1997195081::a:snotification:[0x394,wx.f,NOTIFICATION]|10233: Notification(channel=65 shortcut=null contentView=null vibrate=null sound=null tick defaults=0x0 flags=0x8 color=0x00000000 groupKey=-1997195081::SUMMARY::wx vis=PRIVATE semFlags=0x0 semPriority=0 semMissedCount=0))
04-09 23:13:21.714  6210  6246 I FreeformContainer: [Manager] handleMessage: SMART_POPUP_VIEW_REMOVE_ITEM
04-09 23:13:21.715  6210  6246 W FreeformContainer: [Manager] SMART_POPUP_VIEW_REMOVE_ITEM failed, due to no smart popup view item which has packageName: com.google.android.googlequicksearchbox
04-09 23:13:21.722  9619 10534 I NotifDismissalHandler: Notification 0|com.google.android.googlequicksearchbox|0|-1997195081::SUMMARY::wx|10233 dismissed on phone, deleting data item /bridger/stream_item:c8317ad1:com.google.android.googlequicksearchbox:0:-1997195081~3A~3ASUMMARY~3A~3Awx:0~7Ccom.google.android.googlequicksearchbox~7C0~7C-1997195081~3A~3ASUMMARY~3A~3Awx~7C10233
04-09 23:13:21.723  6284  6284 D PluginInstanceManager: stopListening
04-09 23:13:21.724  9707  9707 I GnpSdk  : [ChimeBroadcastReceiver] Intent received for action [com.google.android.libraries.notifications.SYSTEM_TRAY_EVENT] package [com.google.android.googlequicksearchbox].
04-09 23:13:21.724  9707  9707 I GnpSdk  : [ChimeBroadcastReceiver] Phenotype initialized.
04-09 23:13:21.725  9707  9707 I GnpSdk  : [ChimeBroadcastReceiver] Validation OK for action [com.google.android.libraries.notifications.SYSTEM_TRAY_EVENT].
04-09 23:13:21.730  9707  9707 I GnpSdk  : [ChimeExecutorApiImpl-Tiktok] Submitting Broadcast execution [200100178] to tiktok executor.
04-09 23:13:21.731  9707 29880 I GnpSdk  : [ChimeBroadcastReceiver] Executing action in BroadcastReceiver [com.google.android.libraries.notifications.SYSTEM_TRAY_EVENT].
04-09 23:13:21.736  6284  6284 I FaceWidgetPositionAlgorithm: getMediaContainerHeight() height = 0 container Visibility = 8, isValid = false, mIsDozing = false, fraction = 1.0, source = 0, target = 0
04-09 23:13:21.736  6284  6284 I FaceWidgetPositionAlgorithm: getMediaContainerHeight() supplier = 0
04-09 23:13:21.751  9619 10534 I NotificationPipeline: Processing notification dismissal on phone: 0|com.google.android.googlequicksearchbox|0|-1997195081::a:snotification:[0x394,wx.f,NOTIFICATION]|10233
04-09 23:13:21.751  9619 10534 E Notification4Heart_NB: WatchFactory.getWatch-lastConnectedNodeId is null
04-09 23:13:21.754  9619 10534 I NotifDismissalHandler: Notification 0|com.google.android.googlequicksearchbox|0|-1997195081::a:snotification:[0x394,wx.f,NOTIFICATION]|10233 dismissed on phone, deleting data item /bridger/stream_item:c8317ad1:com.google.android.googlequicksearchbox:0:-1997195081~3A~3Aa~3Asnotification~3A~5B0x394~2Cwx.f~2CNOTIFICATION~5D:0~7Ccom.google.android.googlequicksearchbox~7C0~7C-1997195081~3A~3Aa~3Asnotification~3A~5B0x394~2Cwx.f~2CNOTIFICATION~5D~7C10233
04-09 23:13:21.805  9707 10864 V ClearcutMetricXmitter: Transmission is done.
04-09 23:13:21.834  9707 29880 I GnpSdk  : [EventCallbackHelper] Notification removed for account ID [1], on threads [a:snotification:[0x394,wx.f,NOTIFICATION]]
04-09 23:13:21.954  9707 10741 I ChimeNotiEventHandler: (REDACTED) Successfully recorded chime actions: %s
04-09 23:13:22.007  6284  6373 D MobileStatusTracker(1/2): onDataActivity: direction=3
04-09 23:13:22.016  6284  6373 D MobileSignalController(1/2): notifyListener: enabled=true, connected=true, dataConnected=true, networkType=LTE/LTE_CA (4G+), emergencyOnly=false, roaming=false, isDefault=true, dataActivity=inout, level=2, ca=true, mmWave=false, disabledDataIcon=false, simCard=ETC
04-09 23:13:22.044  9707 29880 I GnpSdk  : [ChimeExecutorApiImpl-Tiktok] Finished Broadcast execution [200100178].
04-09 23:13:22.052  9707  9707 I GnpSdk  : [ChimeBroadcastReceiver] Intent received for action [com.google.android.libraries.notifications.SYSTEM_TRAY_EVENT] package [com.google.android.googlequicksearchbox].
04-09 23:13:22.052  9707  9707 I GnpSdk  : [ChimeBroadcastReceiver] Phenotype initialized.
04-09 23:13:22.053  9707  9707 I GnpSdk  : [ChimeBroadcastReceiver] Validation OK for action [com.google.android.libraries.notifications.SYSTEM_TRAY_EVENT].
04-09 23:13:22.053  9707  9707 I GnpSdk  : [ChimeExecutorApiImpl-Tiktok] Submitting Broadcast execution [206210930] to tiktok executor.
04-09 23:13:22.054  9707 29880 I GnpSdk  : [ChimeBroadcastReceiver] Executing action in BroadcastReceiver [com.google.android.libraries.notifications.SYSTEM_TRAY_EVENT].
04-09 23:13:22.079  9707 29880 I GnpSdk  : [ChimeExecutorApiImpl-Tiktok] Finished Broadcast execution [206210930].
04-09 23:13:22.086  9707  9707 I GnpSdk  : [ChimeBroadcastReceiver] Intent received for action [com.google.android.libraries.notifications.SYSTEM_TRAY_EVENT] package [com.google.android.googlequicksearchbox].
04-09 23:13:22.087  9707  9707 I GnpSdk  : [ChimeBroadcastReceiver] Phenotype initialized.
04-09 23:13:22.093  9707  9707 I GnpSdk  : [ChimeBroadcastReceiver] Validation OK for action [com.google.android.libraries.notifications.SYSTEM_TRAY_EVENT].
04-09 23:13:22.094  9707  9707 I GnpSdk  : [ChimeExecutorApiImpl-Tiktok] Submitting Broadcast execution [110925932] to tiktok executor.
04-09 23:13:22.100  9707 29880 I GnpSdk  : [ChimeBroadcastReceiver] Executing action in BroadcastReceiver [com.google.android.libraries.notifications.SYSTEM_TRAY_EVENT].
04-09 23:13:22.126  9707 29880 I GnpSdk  : [ChimeExecutorApiImpl-Tiktok] Finished Broadcast execution [110925932].
04-09 23:13:24.068  6284  6373 D MobileStatusTracker(1/2): onDataActivity: direction=0
04-09 23:13:24.074  6284  6373 D MobileSignalController(1/2): notifyListener: enabled=true, connected=true, dataConnected=true, networkType=LTE/LTE_CA (4G+), emergencyOnly=false, roaming=false, isDefault=true, dataActivity=, level=2, ca=true, mmWave=false, disabledDataIcon=false, simCard=ETC
04-09 23:13:26.515  5312  5312 E sehhealth-service: Could not open /sys/class/power_supply/battery/lrp
04-09 23:13:26.521  5665  5665 D PhoneWindowManagerExt: ACTION_BATTERY_CHANGED - Level=66, status=2
04-09 23:13:26.523  5665  5861 D MotionRecognitionService: [SAR]  onReceive : ACTION_BATTERY_CHANGED, Plugged: 2
04-09 23:13:26.528  5665  5665 D SemWifiApBroadcastReceiver: Received : android.intent.action.BATTERY_CHANGED
04-09 23:13:26.532  6213  6213 D SemBigDataInfoController: Intent: android.intent.action.BATTERY_CHANGED
04-09 23:13:26.533  6213  6213 D SemBigDataInfoController: Intent: android.intent.action.BATTERY_CHANGED
04-09 23:13:26.538  6284  6284 I PowerUI : mBootCompleted = true |  mFullyConnected = true
04-09 23:13:26.539  6284  6284 W PowerUI : Plug reason
04-09 23:13:26.539  6284  6284 W PowerUI : Skip charging animation - by plug status
04-09 23:13:26.539  6284  6284 D PowerUI : priorPlugType = 2 mPlugType = 2 priorBatteryStatus = 2 mBatteryStatus = 2
04-09 23:13:26.539  6284  6284 W PowerUI : Plug reason
04-09 23:13:26.539  6284  6284 W PowerUI : Skip charging sound - by plug status
04-09 23:13:26.540  6284  6284 I PowerUI : oldMisalign : false, curMisalign : false
04-09 23:13:26.541  6284 11507 D SecPowerUI.Notification: dismissing low battery warning: level=66
04-09 23:13:26.542  6284 11507 D SecPowerUI.Notification: updateNotification mWarning=false mPlaySound=false
04-09 23:13:26.542  6284 11507 D SecPowerUI.Notification: SecBatteryStatsSnapshot{batteryLevel=66, currentBatteryMode=0, chargingTime=3035000, chargingType=11, batteryHealth=2, automaticTestMode=false, isHiccupState=false}
04-09 23:13:26.545  6284 11507 D SecPowerUI.Notification: 1. restoreScreenTimeOut - saved_value : :
04-09 23:13:26.545  6284 11507 E SecPowerUI.Notification: no saved value, so we do nothing !!
04-09 23:13:26.550  6284  6284 D SecPowerUI.Notification: showChargingNotice oldChargingType : 11 currentChargingType : 11 oldChargingTime : 3035000 mChargingTime : 3031000
04-09 23:13:26.550  6284  6284 D SecPowerUI.Notification: showChargingNotification()
04-09 23:13:26.550  6284  6284 D SecPowerUI.Notification: SecBatteryStatsSnapshot{batteryLevel=66, currentBatteryMode=0, chargingTime=3031000, chargingType=11, batteryHealth=2, automaticTestMode=false, isHiccupState=false}
04-09 23:13:26.550  6284  6284 D PowerUi.ChargingNotification: showChargingNotification()
04-09 23:13:26.557  6284  6284 D PowerUi.ChargingNotification: showChargingNotification()
04-09 23:13:26.562  5665  9338 D ApplicationPolicy: isStatusBarNotificationAllowedAsUser: packageName = com.android.systemui,userId = 0
04-09 23:13:26.563  5665  9338 D ApplicationPolicy: isStatusBarNotificationAllowedAsUser: packageName = com.android.systemui,userId = -1
04-09 23:13:26.563  5665  9338 D ApplicationPolicy: isStatusBarNotificationAllowedAsUser: converting userId from USER_ALLto 0
04-09 23:13:26.566  6284  6284 D PowerUI : Battery swelling mode - priorBatterySwellingMode = 0 mBatterySwellingMode = 0 mBatteryStatus = 2
04-09 23:13:26.567  6284  6284 I PowerUI : mBatteryMiscEvent = 65536
04-09 23:13:26.568  6284  6284 D SamsungBatteryMeterDrawable: onBatteryLevelChanged isSomethingChanged: false
04-09 23:13:26.569  6284  6284 D SamsungBatteryMeterDrawable: onBatteryLevelChanged isSomethingChanged: false
04-09 23:13:26.571  6284  6284 D SamsungBatteryMeterDrawable: onBatteryLevelChanged isSomethingChanged: false
04-09 23:13:26.572  6284  6284 D SamsungBatteryMeterDrawable: onBatteryLevelChanged isSomethingChanged: false
04-09 23:13:26.573  6284  6284 D KeyguardUpdateMonitor: received broadcast android.intent.action.BATTERY_CHANGED
04-09 23:13:26.574  6284  6284 I AODBatteryManager: updateBatteryData: ACTION_BATTERY_CHANGED
04-09 23:13:26.576  6284  6284 I AODBatteryManager: saveBatteryData : AOD BatteryData [mBatteryLevel=66, mBatteryStatus=CHARGING, mBatteryPlugType=USB, mBatteryPlugged=true, mRemainingChargeTime=3031000, mBatteryChargingType=2, mBatteryChargerType=FAST, mBatteryOnline=NOT_DEFINED, mBatterySwellingMode=NONE, mBatteryProtectMode=false]
04-09 23:13:26.577  6284  6284 I ChargingInfoManager: updateChargingInfo: newState = AOD ChargingInfo [mState=BATTERY_AND_REMAIN_TIME, mIsCharging=true, mIsFullyCharged=false, mIsBatteryProtectMode=false], oldState = AOD ChargingInfo [mState=BATTERY_AND_REMAIN_TIME, mIsCharging=true, mIsFullyCharged=false, mIsBatteryProtectMode=false]
04-09 23:13:26.578  6284  6284 D KeyguardUpdateMonitor: handleBatteryUpdate
04-09 23:13:26.585  6284  6284 D KeyguardSecIndicationController: addIndicationTimeout() returned - unlocking
04-09 23:13:26.585  6284  6284 D KeyguardSecIndicationController: addIndication() returned - unlocking
04-09 23:13:26.585  6284  6284 D KeyguardSecIndicationController: addBatteryAndOwnerInfoIndication() battery status = BatteryStatus{status=2,level=66,plugged=2,health=2,maxChargingWattage=-1,remaining=3031000ultraFastCharger=1}
04-09 23:13:26.796  6284  6284 D BubblesManager: onRankingUpdate : shouldBubbleUp=false ,pkg=android ,key=-1|android|34|NetworkPolicy:945656281:34|1000
04-09 23:13:26.797  6284  6284 D BubblesManager: onRankingUpdate : shouldBubbleUp=false ,pkg=com.kms.free ,key=0|com.kms.free|42|null|10299
04-09 23:13:26.797  6284  6284 D BubblesManager: onRankingUpdate : shouldBubbleUp=false ,pkg=com.sec.android.app.shealth ,key=0|com.sec.android.app.shealth|105|null|10256
04-09 23:13:26.797  6284  6284 D BubblesManager: onRankingUpdate : shouldBubbleUp=false ,pkg=com.kms.free ,key=0|com.kms.free|1|null|10299
04-09 23:13:26.798  6284  6284 D BubblesManager: onRankingUpdate : shouldBubbleUp=false ,pkg=mrigapps.andriod.breakfree.deux ,key=0|mrigapps.andriod.breakfree.deux|2|null|10506
04-09 23:13:26.798  6284  6284 D BubblesManager: onRankingUpdate : shouldBubbleUp=false ,pkg=com.android.providers.downloads ,key=0|com.android.providers.downloads|0|3:1244|10068
04-09 23:13:26.798  6284  6284 D BubblesManager: onRankingUpdate : shouldBubbleUp=false ,pkg=ru.mail.mailapp ,key=0|ru.mail.mailapp|1073741824|zhelenskiy@mail.ru|10221
04-09 23:13:26.799  6284  6284 D InterruptionStateProvider: Group alert behavior is suppressed but we want to alert bubble
04-09 23:13:26.799  6284  6284 D BubblesManager: onRankingUpdate : shouldBubbleUp=false ,pkg=ru.mail.mailapp ,key=0|ru.mail.mailapp|1291137120|zhelenskiy@mail.ru|10221
04-09 23:13:26.799  9619 10534 I NotificationPipeline: Processing new notification: -1|com.android.systemui|2131428959|charging_state|10054
04-09 23:13:26.799  6284  6284 D InterruptionStateProvider: Group alert behavior is suppressed but we want to alert bubble
04-09 23:13:26.799  6284  6284 D BubblesManager: onRankingUpdate : shouldBubbleUp=false ,pkg=ru.mail.mailapp ,key=0|ru.mail.mailapp|406243825|zhelenskiy@mail.ru|10221
04-09 23:13:26.799  9619 10534 E Notification4Heart_NB: WatchFactory.getWatch-lastConnectedNodeId is null
04-09 23:13:26.799  6284  6284 D BubblesManager: onRankingUpdate : shouldBubbleUp=false ,pkg=android ,key=0|android|38|AccountManagerService:38:-904454848:838749127:10427|1000
04-09 23:13:26.800  6284  6284 D BubblesManager: onRankingUpdate : shouldBubbleUp=false ,pkg=android ,key=-1|android|27|null|1000
04-09 23:13:26.800  6284  6284 D BubblesManager: onRankingUpdate : shouldBubbleUp=false ,pkg=com.android.systemui ,key=-1|com.android.systemui|2131428959|charging_state|10054
04-09 23:13:26.801  6284  6315 D Bubbles : onRankingUpdated : isActiveOrInOverflow= false , mTmpRanking.canBubble()= false ,isActive= false ,shouldBubbleUp= false ,mTmpRanking.isBubble()= false
04-09 23:13:26.801  6284  6315 D Bubbles : onRankingUpdated : isActiveOrInOverflow= false , mTmpRanking.canBubble()= false ,isActive= false ,shouldBubbleUp= false ,mTmpRanking.isBubble()= false
04-09 23:13:26.801  9619 10534 W Notification4Heart_NB: NotificationBridgeCallback.onNotificationPosted-never connected before
04-09 23:13:26.801  6284  6315 D Bubbles : onRankingUpdated : isActiveOrInOverflow= false , mTmpRanking.canBubble()= false ,isActive= false ,shouldBubbleUp= false ,mTmpRanking.isBubble()= false
04-09 23:13:26.801  6284  6315 D Bubbles : onRankingUpdated : isActiveOrInOverflow= false , mTmpRanking.canBubble()= false ,isActive= false ,shouldBubbleUp= false ,mTmpRanking.isBubble()= false
04-09 23:13:26.801  6284  6315 D Bubbles : onRankingUpdated : isActiveOrInOverflow= false , mTmpRanking.canBubble()= false ,isActive= false ,shouldBubbleUp= false ,mTmpRanking.isBubble()= false
04-09 23:13:26.801  6284  6315 D Bubbles : onRankingUpdated : isActiveOrInOverflow= false , mTmpRanking.canBubble()= false ,isActive= false ,shouldBubbleUp= false ,mTmpRanking.isBubble()= false
04-09 23:13:26.802  6284  6315 D Bubbles : onRankingUpdated : isActiveOrInOverflow= false , mTmpRanking.canBubble()= false ,isActive= false ,shouldBubbleUp= false ,mTmpRanking.isBubble()= false
04-09 23:13:26.802  6284  6315 D Bubbles : onRankingUpdated : isActiveOrInOverflow= false , mTmpRanking.canBubble()= false ,isActive= false ,shouldBubbleUp= false ,mTmpRanking.isBubble()= false
04-09 23:13:26.802  6284  6315 D Bubbles : onRankingUpdated : isActiveOrInOverflow= false , mTmpRanking.canBubble()= false ,isActive= false ,shouldBubbleUp= false ,mTmpRanking.isBubble()= false
04-09 23:13:26.802  6284  6315 D Bubbles : onRankingUpdated : isActiveOrInOverflow= false , mTmpRanking.canBubble()= false ,isActive= false ,shouldBubbleUp= false ,mTmpRanking.isBubble()= false
04-09 23:13:26.802  6284  6315 D Bubbles : onRankingUpdated : isActiveOrInOverflow= false , mTmpRanking.canBubble()= false ,isActive= false ,shouldBubbleUp= false ,mTmpRanking.isBubble()= false
04-09 23:13:26.802  6284  6315 D Bubbles : onRankingUpdated : isActiveOrInOverflow= false , mTmpRanking.canBubble()= false ,isActive= false ,shouldBubbleUp= false ,mTmpRanking.isBubble()= false
04-09 23:13:26.804  6837  6837 I Launcher.NotificationListener: onNotificationPosted : com.android.systemui number : 0
04-09 23:13:26.809  6210  6210 I FreeformContainer: [SmartPopupViewService] onNotificationPosted: StatusBarNotification(pkg=com.android.systemui user=UserHandle{-1} id=2131428959 tag=charging_state key=-1|com.android.systemui|2131428959|charging_state|10054: Notification(channel=CHR shortcut=null contentView=null vibrate=null sound=null defaults=0x0 flags=0xa color=0xff8b94ab category=sys groupKey=CHARGING vis=PUBLIC semFlags=0x0 semPriority=0 semMissedCount=0))
04-09 23:13:26.809  6210  6210 V FreeformContainer: [SmartPopupViewService] isSmartPopupViewTarget: com.android.systemui is not enabled
04-09 23:13:26.998  6284  6284 D BubblesManager: onEntryUpdated : shouldBubbleUp=false ,key=-1|com.android.systemui|2131428959|charging_state|10054
04-09 23:13:27.037  6284  6284 I FaceWidgetPositionAlgorithm: getMediaContainerHeight() height = 0 container Visibility = 8, isValid = false, mIsDozing = false, fraction = 1.0, source = 0, target = 0
04-09 23:13:27.037  6284  6284 I FaceWidgetPositionAlgorithm: getMediaContainerHeight() supplier = 0
04-09 23:13:27.097  6284  6284 I FaceWidgetPositionAlgorithm: getMediaContainerHeight() height = 0 container Visibility = 8, isValid = false, mIsDozing = false, fraction = 1.0, source = 0, target = 0
04-09 23:13:27.097  6284  6284 I FaceWidgetPositionAlgorithm: getMediaContainerHeight() supplier = 0
04-09 23:13:27.155  6284  6284 I FaceWidgetPositionAlgorithm: getMediaContainerHeight() height = 0 container Visibility = 8, isValid = false, mIsDozing = false, fraction = 1.0, source = 0, target = 0
04-09 23:13:27.155  6284  6284 I FaceWidgetPositionAlgorithm: getMediaContainerHeight() supplier = 0
04-09 23:13:27.520  5249  5249 E audit   : type=1400 audit(1681074807.514:882): avc:  denied  { getattr } for  pid=5665 comm="BinderProcsColl" path="/sys/kernel/debug/binder/proc/5665" dev="debugfs" ino=28451 scontext=u:r:system_server:s0 tcontext=u:object_r:sec_debugfs:s0 tclass=file permissive=0 SEPF_SM-A515F_13_0001 audit_filtered
04-09 23:13:27.520  5249  5249 E audit   : type=1300 audit(1681074807.514:882): arch=c00000b7 syscall=79 success=no exit=-13 a0=ffffff9c a1=722c5d8090 a2=721ce91680 a3=0 items=0 ppid=5274 pid=5665 auid=4294967295 uid=1000 gid=1000 euid=1000 suid=1000 fsuid=1000 egid=1000 sgid=1000 fsgid=1000 tty=(none) ses=4294967295 comm="BinderProcsColl" exe="/system/bin/app_process64" subj=u:r:system_server:s0 key=(null)
04-09 23:13:27.521  5249  5249 E audit   : type=1327 audit(1681074807.514:882): proctitle="system_server"
04-09 23:13:29.252  5665  6515 D SLocation: AlarmSessionManager - onAlarm
04-09 23:13:29.262  5665  6515 D SLocation: PositionManager - last location time exceed threshold 303061 / 30000
04-09 23:13:29.262  5665  6515 D SLocation: GeopointGeofenceManager - getLastLocation is abnromal!
04-09 23:13:29.262  5665  6515 D SLocation: LocationProviderStatus - try to update provider status (GPS/NLP)
04-09 23:13:29.263  5665  6515 D SLocation: LocationProviderStatus - set isGpsOn : true, isNlpOn : true
04-09 23:13:29.263  5665  6515 D SLocation: LocationProviderStatus - gps & nlp status not changed
04-09 23:13:29.263  5665  6515 D SLocation: SContentManager - IsNetworkAvailable = true
04-09 23:13:29.263  5665  6515 D SLocation: PositionManager - requestLocationUpdates(1) : NETWORK_PROVIDER
04-09 23:13:29.263  5665  6515 D SLocation: NLPManager - requestUpdate - NLP
04-09 23:13:29.286  5665  6515 D LocationManagerService: network provider added registration from 1000/android[SLocationService]/DAA57E77 -> Request[@0 BALANCED, WorkSource{1000 android}]
04-09 23:13:29.297  7080  7224 I RequestManager_FLP: request from system, change packageName from system to system(slocation)
04-09 23:13:29.299  7080  7224 E RequestManager_FLP: [LocationManager] Location request DAA57E77(Listener) network interval=0ms (min=0ms) from system(slocation) (1000_FINE_unknown_false_foreground)
04-09 23:13:29.362  7623 11499 W SystemServiceRegistry: No service published for: wifirtt
04-09 23:13:29.411  6678  6983 I PhoneStateTracker<1>: onCellInfoChanged: ns=not null
04-09 23:13:29.412  6678  6983 I ImsCallSessionManager: onCellInfoChanged, phoneId: 1
04-09 23:13:29.412  6678  6983 I RegiMgr-Handler: handleMessage: EVENT_CELL_INFO_CHANGED
04-09 23:13:29.421  6678  6983 I RegiMgr<1>: updatePani RegisterTask[1][mProfile=Telenor Serbia IMS, mRegistrationRat=13, mPdnType=11, mState=REGISTERED, mObject=UserAgent - :
04-09 23:13:29.421  6678  6983 I RegiMgr<1>:  total records=81
04-09 23:13:29.421  6678  6983 I RegiMgr<1>:  rec[0]: time=04-09 22:58:07.246 processed=ReadyState org=RegisteredState dest=<null> what=34(0x22)
04-09 23:13:29.421  6678  6983 I RegiMgr<1>:  rec[1]: time=04-09 22:58:07.248 processed=RegisteredState org=RegisteredState dest=<null> what=2000(0x7d0)
04-09 23:13:29.421  6678  6983 I RegiMgr<1>:  rec[2]: time=04-09 22:58:10.326 processed=ReadyState org=RegisteredState dest=<null> what=34(0x22)
04-09 23:13:29.421  6678  6983 I RegiMgr<1>:  rec[3]: time=04-09 22:58:10.329 processed=RegisteredState org=RegisteredState dest=<null> what=2000(0x7d0)
04-09 23:13:29.421  6678  6983 I RegiMgr<1>:  rec[4]: time=04-09 23:03:16.428 processed=ReadyState org=RegisteredState dest=<null> what=34(0x22)
04-09 23:13:29.421  6678  6983 I RegiMgr<1>:  rec[5]: time=04-09 23:03:16.431 processed=RegisteredState org=RegisteredState dest=<null> what=2000(0x7d0)
04-09 23:13:29.421  6678  6983 I RegiMgr<1>:  rec[6]: time=04-09 23:03:20.193 processed=ReadyState org=RegisteredState dest=<null> what=34(0x22)
04-09 23:13:29.421  6678  6983 I RegiMgr<1>:  rec[7]: time=04-09 23:03:20.195 processed=RegisteredState org=RegisteredState dest=<null> what=2000(0x7d0)
04-09 23:13:29.421  6678  6983 I RegiMgr<1>:  rec[8]: time=04-09 23:08:20.323 processed=ReadyState org=RegisteredState dest=<null> what=34(0x22)
04-09 23:13:29.421  6678  6983 I RegiMgr<1>:  rec[9]: time=04-09 23:08:20.325 processed=RegisteredState org=RegisteredState dest=<null> what=2000(0x7d0)
04-09 23:13:29.421  6678  6983 I RegiMgr<1>:  rec[10]: time=04-09 23:08:23.323 processed=ReadyState org=RegisteredState dest=<null> what=34(0x22)
04-09 23:13:29.421  6678  6983 I RegiMgr<1>:  rec[11]: time=04-09 23:08:23.328 processed=RegisteredState org=RegisteredState dest=<null> what=2000(0x7d0)
04-09 23:13:29.421  6678  6983 I RegiMgr<1>:  rec[12]: time=04-09 23:10:54.210 processed=ReadyState org=RegisteredState dest=<null> what=34(0x22)
04-09 23:13:29.421  6678  6983 I RegiMgr<1>:  rec[13]: time=04-09 23:10:54.212 processed=RegisteredState org=RegisteredState dest=<null> what=2000(0x7d0)
04-09 23:13:29.421  6678  6983 I RegiMgr<1>:  rec[14]: time=04-09 23:10:57.083 processed=ReadyState org=RegisteredState dest=<null> what=34(0x22)
04-09 23:13:29.421  6678  6983 I RegiMgr<1>:  rec[15]: time=04-09 23:10:57.085 processed=RegisteredState org=RegisteredState dest=<null> what=2000(0x7d0)
04-09 23:13:29.421  6678  6983 I RegiMgr<1>:  rec[16]: time=04-09 23:12:25.093 processed=ReadyState org=RegisteredState dest=<null> what=34(0x22)
04-09 23:13:29.421  6678  6983 I RegiMgr<1>:  rec[17]: time=04-09 23:12:25.094 processed=RegisteredState org=RegisteredState dest=<null> what=2000(0x7d0)
04-09 23:13:29.421  6678  6983 I RegiMgr<1>:  rec[18]: time=04-09 23:12:26.054 processed=ReadyState org=RegisteredState dest=<null> what=34(0x22)
04-09 23:13:29.421  6678  6983 I RegiMgr<1>:  rec[19]: time=04-09 23:12:26.056 processed=RegisteredState org=RegisteredState dest=<null> what=2000(0x7d0)
04-09 23:13:29.421  6678  6983 I RegiMgr<1>: curState=RegisteredState
04-09 23:13:29.421  6678  6983 I RegiMgr<1>: , mReason=, mPcscfHostname=null, mDeregiReason=41]
04-09 23:13:29.426  6678  6983 I PaniGenerator<1>: generate: subId=2, network=13
04-09 23:13:29.426  6678  6983 I PaniGenerator<1>: generate: network=13, fallbackPlmn=22001
04-09 23:13:29.426  6678  6983 I PdnController<1>: getAllCellInfo mNeedCellLocationUpdate : false
04-09 23:13:29.427  6678  6983 I PaniGenerator: generate: change to NW PLMN(22001)
04-09 23:13:29.427  6678  6983 I PaniGenerator: setLkcForLastPani: No Last PANI header for Telenor Serbia IMS
04-09 23:13:29.428  6678  6983 I UserAgent<1>: updatePani: pani=3GPP-E-UTRAN-FDD;utran-cell-id-3gpp=220012b73017a529, updatePani: lastPani=
04-09 23:13:29.428  6678  7285 I StackIF : updatePani: 4101 pani: [3GPP-E-UTRAN-FDD;utran-cell-id-3gpp=220012b73017a529]
04-09 23:13:29.430  6678  7285 I SECIMSJ : [0050]> 140
04-09 23:13:29.430  6678  7294 I [IMS6.0]: IMS_onResponse()
04-09 23:13:29.431  6678  7294 I StackIF : processMessage 2
04-09 23:13:29.431  6678  7294 I StackIF : Processing Response
04-09 23:13:29.431  6678  7294 I SECIMSJ : [0050]< 600
04-09 23:13:29.432  6678  7294 I StackIF : processResponse: reqId 600
04-09 23:13:29.432  6678  7294 I StackIF : processResponse: handle 4101 result 0 reason 0
04-09 23:13:31.570  6284  6284 D SecPowerUI.Notification: showChargingNotice oldChargingType : 11 currentChargingType : 11 oldChargingTime : 3031000 mChargingTime : 3031000
04-09 23:13:31.570  6284  6284 D SecPowerUI.Notification: There is no change about charging status, so return!
04-09 23:13:32.087  5665  6796 D WifiNl80211Manager: Scan result ready event
04-09 23:13:32.088  5665  6796 D WifiNative: Scan result ready event
04-09 23:13:32.141  5665  6085 D SemWifiScanPool: remove old scan results, size:1
04-09 23:13:32.141  5665  6085 D SemWifiScanPool: countryCode: RS, count: 8, totalSamples: 10, rate: 80.0%
04-09 23:13:32.142  5665  6085 V SemWifiScanPool: updateScanResult, full scan:19 configKeys: 15 pool_bssid:33 pool_configKeys:25
04-09 23:13:32.142  5665  6085 D WifiConnectivityMonitor: onScanResultUpdated
04-09 23:13:32.142  5665  6085 D WifiConnectivityMonitor: mMaxScannedCountryCode : RS
04-09 23:13:32.143  5665  6026 D WakeupController: Attempted to handleScanResults while not enabled
04-09 23:13:32.279  7080  7224 I NlpMonitor_FLP: monitorNlp, package=system(slocation)/ interval=0
04-09 23:13:32.280  5665  6796 V LocationManagerService: network provider registration 10234/com.google.android.as/9D21509E dropped delivery - too fast
04-09 23:13:32.281  5665  6515 D SLocation: PositionManager - ActiveonLocationChanged network 1681074812072
04-09 23:13:32.282  5665  6796 V LocationManagerService: passive provider registration 1000/android[SensorNotificationService]/771E0F2D dropped delivery - too close
04-09 23:13:32.284  5665  6796 V LocationManagerService: passive provider registration 5023/com.samsung.android.networkdiagnostic/4FDF9C6D dropped delivery - too close
04-09 23:13:32.289  5665  6515 D SLocation: ARDistanceBigData - BIGDATA ARD - receive location
04-09 23:13:32.290  5665  6515 D SLocation: ARDistanceBigData - BIGDATA ARD disabled, onReceiveLocation
04-09 23:13:32.293  5665  6515 D SLocation: GeopointGeofenceManager - Location reported : fix method = 2 / 15.076
04-09 23:13:32.294  5665  6515 D SLocation: NLPManager - removeUpdates - NLP
04-09 23:13:32.297  7080  7224 E RequestManager_FLP: [LocationManager] Location remove DAA57E77 from system
04-09 23:13:32.297  7080  7224 I LocationRequestData_FLP: Remove in requestInfoList, DAA57E77 / ListSize[network]=1
04-09 23:13:32.299  5665  6515 D LocationManagerService: network provider removed registration from 1000/android[SLocationService]/DAA57E77
04-09 23:13:32.299  5665  6515 W Settings: Setting airplane_mode_on has moved from android.provider.Settings.System to android.provider.Settings.Global, returning read-only value.
04-09 23:13:32.310  5665  6515 D SLocation: ARDistanceLibManager - request distance diff to AR Distance Library
04-09 23:13:32.311  5665  6515 D SLocation: SLocationCoreSem - core is not running, skip command to sensorhub
04-09 23:13:32.311  5665  6515 D SLocation: PositionManager - onLocationChanged - filter passive location because it same active location
04-09 23:13:32.314  5665  6515 D SLocation: LocationProcessingAlgorithm - entry condition - dist : 4658.3833 padding : 0.0, accuracy : 15.076, provider : network, dir : 2
04-09 23:13:32.314  5665  6515 D SLocation: LocationProcessingAlgorithm - entry condition - dist : 3807523.2 padding : 0.0, accuracy : 15.076, provider : network, dir : 2
04-09 23:13:32.315  5665  6515 D SLocation: LocationProcessingAlgorithm - entry condition - dist : 90749.914 padding : 0.0, accuracy : 15.076, provider : network, dir : 2
04-09 23:13:32.315  5665  6515 D SLocation: LocationProcessingAlgorithm - entry condition - dist : 3807946.8 padding : 0.0, accuracy : 15.076, provider : network, dir : 2
04-09 23:13:32.316  5665  6515 D SLocation: LocationProcessingAlgorithm - entry condition - dist : 678.8115 padding : 0.0, accuracy : 15.076, provider : network, dir : 2
04-09 23:13:32.316  5665  6515 D SLocation: LocationProcessingAlgorithm - entry condition - dist : 1917391.5 padding : 0.0, accuracy : 15.076, provider : network, dir : 2
04-09 23:13:32.317  5665  6515 D SLocation: LocationProcessingAlgorithm - entry condition - dist : 13352.742 padding : 0.0, accuracy : 15.076, provider : network, dir : 2
04-09 23:13:32.317  5665  6515 D SLocation: LocationProcessingAlgorithm - entry condition - dist : 3807946.8 padding : 0.0, accuracy : 15.076, provider : network, dir : 2
04-09 23:13:32.320  5665  6515 D SLocation: LocationProcessingAlgorithm - entry condition - dist : 1801172.1 padding : 0.0, accuracy : 15.076, provider : network, dir : 2
04-09 23:13:32.320  5665  6515 D SLocation: LocationProcessingAlgorithm - entry condition - dist : 658.029 padding : 0.0, accuracy : 15.076, provider : network, dir : 2
04-09 23:13:32.323  5665  6515 D SLocation: LocationProcessingAlgorithm - entry condition - dist : 4.241052 padding : 0.0, accuracy : 15.076, provider : network, dir : 1
04-09 23:13:32.323  5665  6515 D SLocation: GeopointReceiver - send geopoint result - 1
04-09 23:13:32.323  5665  6515 D SLocation: LocationProcessingAlgorithm - entry condition - dist : 433.33414 padding : 0.0, accuracy : 15.076, provider : network, dir : 1
04-09 23:13:32.324  5665  6515 D SLocation: GeopointReceiver - send geopoint result - 1
04-09 23:13:32.334  7623 11499 W SystemServiceRegistry: No service published for: wifirtt
04-09 23:13:32.386  6678  6983 I PhoneStateTracker<1>: onCellInfoChanged: ns=not null
04-09 23:13:32.387  6678  6983 I ImsCallSessionManager: onCellInfoChanged, phoneId: 1
04-09 23:13:32.387  6678  6983 I RegiMgr-Handler: handleMessage: EVENT_CELL_INFO_CHANGED
04-09 23:13:32.410  6678  6983 I RegiMgr<1>: updatePani RegisterTask[1][mProfile=Telenor Serbia IMS, mRegistrationRat=13, mPdnType=11, mState=REGISTERED, mObject=UserAgent - :
04-09 23:13:32.410  6678  6983 I RegiMgr<1>:  total records=83
04-09 23:13:32.410  6678  6983 I RegiMgr<1>:  rec[0]: time=04-09 22:58:10.326 processed=ReadyState org=RegisteredState dest=<null> what=34(0x22)
04-09 23:13:32.410  6678  6983 I RegiMgr<1>:  rec[1]: time=04-09 22:58:10.329 processed=RegisteredState org=RegisteredState dest=<null> what=2000(0x7d0)
04-09 23:13:32.410  6678  6983 I RegiMgr<1>:  rec[2]: time=04-09 23:03:16.428 processed=ReadyState org=RegisteredState dest=<null> what=34(0x22)
04-09 23:13:32.410  6678  6983 I RegiMgr<1>:  rec[3]: time=04-09 23:03:16.431 processed=RegisteredState org=RegisteredState dest=<null> what=2000(0x7d0)
04-09 23:13:32.410  6678  6983 I RegiMgr<1>:  rec[4]: time=04-09 23:03:20.193 processed=ReadyState org=RegisteredState dest=<null> what=34(0x22)
04-09 23:13:32.410  6678  6983 I RegiMgr<1>:  rec[5]: time=04-09 23:03:20.195 processed=RegisteredState org=RegisteredState dest=<null> what=2000(0x7d0)
04-09 23:13:32.410  6678  6983 I RegiMgr<1>:  rec[6]: time=04-09 23:08:20.323 processed=ReadyState org=RegisteredState dest=<null> what=34(0x22)
04-09 23:13:32.410  6678  6983 I RegiMgr<1>:  rec[7]: time=04-09 23:08:20.325 processed=RegisteredState org=RegisteredState dest=<null> what=2000(0x7d0)
04-09 23:13:32.410  6678  6983 I RegiMgr<1>:  rec[8]: time=04-09 23:08:23.323 processed=ReadyState org=RegisteredState dest=<null> what=34(0x22)
04-09 23:13:32.410  6678  6983 I RegiMgr<1>:  rec[9]: time=04-09 23:08:23.328 processed=RegisteredState org=RegisteredState dest=<null> what=2000(0x7d0)
04-09 23:13:32.410  6678  6983 I RegiMgr<1>:  rec[10]: time=04-09 23:10:54.210 processed=ReadyState org=RegisteredState dest=<null> what=34(0x22)
04-09 23:13:32.410  6678  6983 I RegiMgr<1>:  rec[11]: time=04-09 23:10:54.212 processed=RegisteredState org=RegisteredState dest=<null> what=2000(0x7d0)
