05-10 03:19:14.312  6795  6931 I PdnController<1>: onLinkPropertiesChanged: network 108 lp {InterfaceName: rmnet5 LinkAddresses: [ 10.159.40.178/24 ] DnsAddresses: [ /109.245.224.101,/109.245.224.102 ] PcscfAddresses: [ /10.24.20.156,/10.24.28.156 ] Domains: null MTU: 1500 TcpBufferSizes: 2097152,4194304,8388608,512000,2097152,4194304 Routes: [ 0.0.0.0/0 -> 10.159.40.1 rmnet5 mtu 1500,10.159.40.0/24 -> 0.0.0.0 rmnet5 mtu 0 ]} old {InterfaceName: rmnet5 LinkAddresses: [ 10.159.40.178/24 ] DnsAddresses: [ /109.245.224.101,/109.245.224.102 ] PcscfAddresses: [ /10.24.20.156,/10.24.28.156 ] Domains: null MTU: 1500 TcpBufferSizes: 2097152,4194304,8388608,512000,2097152,4194304 Routes: [ 0.0.0.0/0 -> 10.159.40.1 rmnet5 mtu 1500,10.159.40.0/24 -> 0.0.0.0 rmnet5 mtu 0 ]}
05-10 03:19:14.313  6795  6988 I PdnController: handleMessage: what 111
05-10 03:19:14.313  6795  6988 I PdnController: onLinkPropertiesChanged: networkType=11, linkProperties={InterfaceName: rmnet5 LinkAddresses: [ 10.159.40.178/24 ] DnsAddresses: [ /109.245.224.101,/109.245.224.102 ] PcscfAddresses: [ /10.24.20.156,/10.24.28.156 ] Domains: null MTU: 1500 TcpBufferSizes: 2097152,4194304,8388608,512000,2097152,4194304 Routes: [ 0.0.0.0/0 -> 10.159.40.1 rmnet5 mtu 1500,10.159.40.0/24 -> 0.0.0.0 rmnet5 mtu 0 ]}
05-10 03:19:14.685  5260  5260 E audit   : type=1400 audit(1683681554.683:98968): avc:  denied  { getattr } for  pid=5679 comm="BinderProcsColl" path="/sys/kernel/debug/binder/proc/5679" dev="debugfs" ino=30009 scontext=u:r:system_server:s0 tcontext=u:object_r:sec_debugfs:s0 tclass=file permissive=0 SEPF_SM-A515F_13_0001 audit_filtered
05-10 03:19:14.686  5260  5260 E audit   : type=1300 audit(1683681554.683:98968): arch=c00000b7 syscall=79 success=no exit=-13 a0=ffffff9c a1=71afd1f9c0 a2=715e9d6680 a3=0 items=0 ppid=5285 pid=5679 auid=4294967295 uid=1000 gid=1000 euid=1000 suid=1000 fsuid=1000 egid=1000 sgid=1000 fsgid=1000 tty=(none) ses=4294967295 comm="BinderProcsColl" exe="/system/bin/app_process64" subj=u:r:system_server:s0 key=(null)
05-10 03:19:14.686  5260  5260 E audit   : type=1327 audit(1683681554.683:98968): proctitle="system_server"
05-10 03:19:15.005  5679  5748 W libprocessgroup: Failed to open /dev/blkio//cgroup.procs: No such file or directory
05-10 03:19:15.013  5679  7439 D SemWifiUsabilityStatsMonitor: onWifiUsabilityStats - seqNum 11615, isSameBssidAndFreq true
05-10 03:19:15.015 29103 29103 I [AUTHFW][PASS]AuthFwApp: otlv60
05-10 03:19:15.015  6397  6397 D NetworkController.WifiSignalController: notifyListener: visible=true, connected=true, inetCondition=1, isDefault=true, wifiTestReported=true, receivedInetCondition=-1, hideDuringMobileSwitching=false
05-10 03:19:15.016  5679  6237 I SemWifiLinkQualityMonitor: Link Qos Query: 0.037 ms / 216.500 Mbps (433 / 0.000 / 2.000)
05-10 03:19:15.017  6397  6497 D Tile.WifiTile: handleUpdateState isTransient=false transientEnabling =false cb.isTransient=false state.state = 2 mStateBeforeClick.value =false enabled =true
05-10 03:19:18.036  5679  7439 D SemWifiUsabilityStatsMonitor: onWifiUsabilityStats - seqNum 11616, isSameBssidAndFreq true
05-10 03:19:18.038  5679  6237 I SemWifiLinkQualityMonitor: Link Qos Query: 0.037 ms / 216.500 Mbps (433 / 0.000 / 2.000)
05-10 03:19:18.505 23197 23221 D Benchmark: timeNs[ 0:10]: 18634569 18677430 18651838 18679307 18636315 18622546 18647584 18637430 18601792 18623746
05-10 03:19:18.505 23197 23221 D Benchmark: timeNs[10:20]: 18609654 18646523 18627300 18609623 18638169 18632707 18663623 18644076 18638976 18645284
05-10 03:19:18.505 23197 23221 D Benchmark: timeNs[20:30]: 18626377 18634015 18652323 18629838 18637976 18647684 18642323 18651761 18653653 18626184
05-10 03:19:18.505 23197 23221 D Benchmark: timeNs[30:40]: 18636700 18612246 18631692 18656438 18628130 18643446 18645146 18630415 18605746 18605153
05-10 03:19:18.505 23197 23221 D Benchmark: timeNs[40:50]: 18659300 18633753 18609507 18628023 18623277 18614123 18612707 18607538 18644561 18640330
05-10 03:19:18.973 23197 23221 D Benchmark: allocationCount[ 0:10]: 0 0 0 0 0
05-10 03:19:18.974 23197 23221 D Benchmark: Set 23221 (Bench thread) to priority -8. Was -20, now -8
05-10 03:19:18.974 23197 23221 D Benchmark: Set 23206 (Jit) to priority 9. Was -15, now 9
05-10 03:19:18.974 23197 23221 D Benchmark: Warmup: t=8.015, iter=423, fastAvg=18691004, slowAvg=30927620
05-10 03:19:18.974 23197 23221 I PerfettoCapture: Stopping perfetto.
05-10 03:19:19.019 29066 29066 I perfetto:    perfetto_cmd.cc:1168 SIGINT/SIGTERM received: disabling tracing.
05-10 03:19:19.023 23197 23221 D Benchmark: kill -TERM command output -
05-10 03:19:19.030  5438  5438 I perfetto:  probes_producer.cc:396 Producer stop (id=189)
05-10 03:19:19.033  5438  5438 I perfetto:    ftrace_procfs.cc:342 disabled ftrace in /sys/kernel/tracing/
05-10 03:19:19.100  4389  4389 I hwservicemanager: getTransport: Cannot find entry android.hardware.atrace@1.0::IAtraceDevice/default in either framework or device VINTF manifest.
05-10 03:19:19.107  5438  5438 I perfetto:  probes_producer.cc:396 Producer stop (id=190)
05-10 03:19:19.108  5438  5438 I perfetto:  probes_producer.cc:396 Producer stop (id=191)
05-10 03:19:19.126 29066 29066 I perfetto:    perfetto_cmd.cc:1124 Trace written into the output file
05-10 03:19:19.131  5440  5440 I perfetto: ng_service_impl.cc:2426 Tracing session 48 ended, total sessions:0
05-10 03:19:19.155 23197 23221 I PerfettoCapture: Writing to /storage/emulated/0/Android/data/org.jetbrains.android_benchmark.test/cache/Wolf3dBenchmark_valueInlineDouble_2023-05-10-01-19-18.perfetto-trace.
05-10 03:19:19.244 23197 23221 D Benchmark: Copying /storage/emulated/0/Android/data/org.jetbrains.android_benchmark.test/cache/Wolf3dBenchmark_valueInlineDouble_2023-05-10-01-19-18.perfetto-trace to /sdcard/Android/media/org.jetbrains.android_benchmark.test/additional_test_output/Wolf3dBenchmark_valueInlineDouble_2023-05-10-01-19-18.perfetto-trace
05-10 03:19:19.311  8330 25855 W MediaProvider: isAppCloneUserPair for user 0: false
05-10 03:19:19.447  8330 25855 W SQLiteLog: (28) walCheckpoint: eMode(0), mxFrame(1282), /data/user/0/com.google.android.providers.media.module/databases/external.db-wal
05-10 03:19:19.453  5679  8491 D SyncManager: userId - 0 auto - true
05-10 03:19:19.567  5679  5748 W libprocessgroup: Failed to open /dev/blkio//cgroup.procs: No such file or directory
05-10 03:19:19.579 23197 23221 I Benchmark: Wolf3dBenchmark.valueInlineDouble[Metric (timeNs) results: median 1.8635442299999997E7, min 1.86017922E7, max 1.86793076E7, standardDeviation: 17876.79831856923, Metric (allocationCount) results: median 0.0, min 0.0, max 0.0, standardDeviation: 0.0]count=5
05-10 03:19:19.585 30196 28681 I NetworkScheduler.Stats: Task com.google.android.gms/com.google.android.gms.ipa.base.IpaGcmTaskService started execution. cause:9 exec_start_elapsed_seconds: 249744 [CONTEXT service_id=218 ]
05-10 03:19:19.591 23197 23221 D Benchmark: writing results to /storage/emulated/0/Android/data/org.jetbrains.android_benchmark.test/cache/org.jetbrains.android_benchmark.test-benchmarkData.json
05-10 03:19:19.615 30196 28904 I NetworkScheduler.Stats: Task com.google.android.gms/com.google.android.gms.ipa.base.IpaGcmTaskService finished executing. cause:9 result: 1 elapsed_millis: 85 uptime_millis: 85 exec_start_elapsed_seconds: 249744 [CONTEXT service_id=218 ]
05-10 03:19:19.616 23197 23221 D Benchmark: Copying /storage/emulated/0/Android/data/org.jetbrains.android_benchmark.test/cache/org.jetbrains.android_benchmark.test-benchmarkData.json to /sdcard/Android/media/org.jetbrains.android_benchmark.test/additional_test_output/org.jetbrains.android_benchmark.test-benchmarkData.json
05-10 03:19:19.644  8330 29027 I MediaProvider: Deleted 1 0 0 0 0 0 0 items on external_primary due to org.jetbrains.android_benchmark.test
05-10 03:19:19.646  5679  8491 D SyncManager: userId - 0 auto - true
05-10 03:19:19.657  8330 29028 W MediaProvider: isAppCloneUserPair for user 0: false
05-10 03:19:19.674  5679  8494 D SyncManager: userId - 0 auto - true
05-10 03:19:19.679 23197 23221 I TestRunner: finished: valueInlineDouble(org.jetbrains.android_benchmark.Wolf3dBenchmark)
