04-27 22:21:18.573 21539 21563 I TestRunner: started: valuePreserveBoxInt(org.jetbrains.android_benchmark.BoxRecreationBenchmark)
04-27 22:21:18.576 21539 21539 I MonitoringInstr: Activities that are still in CREATED to STOPPED: 1
04-27 22:21:18.576 21539 21539 I MonitoringInstr: Finishing activity: androidx.benchmark.IsolationActivity@60bdc39
04-27 22:21:18.582 21539 21563 I GrantPermissionCallable: Permission: android.permission.WRITE_EXTERNAL_STORAGE is already granted!
04-27 22:21:18.582 21539 21563 I GrantPermissionCallable: Permission: android.permission.READ_EXTERNAL_STORAGE is already granted!
04-27 22:21:18.583 21539 21563 D Benchmark: -- Running org.jetbrains.android_benchmark.BoxRecreationBenchmark#valuePreserveBoxInt --
04-27 22:21:18.583 21539 21563 D PerfettoCapture: Supported ABIs: arm64-v8a, armeabi-v7a, armeabi
04-27 22:21:18.583 21539 21563 D PerfettoCapture: Recording perfetto trace
04-27 22:21:18.618 21539 21563 I PerfettoCapture: Cleanup perfetto before starting.
04-27 22:21:18.620  5429  5488 W libprocessgroup: Failed to open /dev/blkio//cgroup.procs: No such file or directory
04-27 22:21:18.622  5429  5488 W libprocessgroup: Failed to open /dev/blkio//cgroup.procs: No such file or directory
04-27 22:21:18.627  6734 26353 I NetworkScheduler.Stats: Task com.google.android.gms/com.google.android.gms.ipa.base.IpaGcmTaskService started execution. cause:9 exec_start_elapsed_seconds: 36418 [CONTEXT service_id=218 ]
04-27 22:21:18.644  6734 26923 I NetworkScheduler.Stats: Task com.google.android.gms/com.google.android.gms.ipa.base.IpaGcmTaskService finished executing. cause:9 result: 1 elapsed_millis: 40 uptime_millis: 40 exec_start_elapsed_seconds: 36418 [CONTEXT service_id=218 ]
04-27 22:21:18.834 21539 21563 I PerfettoCapture: Perfetto output file cleanup -
04-27 22:21:18.834 21539 21563 I PerfettoCapture: Starting perfetto tracing with cmd: cat /storage/emulated/0/Android/data/org.jetbrains.android_benchmark.test/cache/trace_config.pb | perfetto --background -c - -o /data/misc/perfetto-traces/trace_output.pb
04-27 22:21:19.020 27014 27014 I perfetto:    perfetto_cmd.cc:1001 Connected to the Perfetto traced service, starting tracing
04-27 22:21:19.022  5131  5131 I perfetto: ing_service_impl.cc:953 Configured tracing session 122, #sources:4, duration:0 ms, #buffers:2, total buffer size:36864 KB, total sessions:1, uid:2000 session name: ""
04-27 22:21:19.024  5130  5130 I perfetto:  probes_producer.cc:139 Ftrace setup (target_buf=243)
04-27 22:21:19.068  5429  5488 W libprocessgroup: Failed to open /dev/blkio//cgroup.procs: No such file or directory
04-27 22:21:19.078 21539 21563 I PerfettoCapture: Perfetto output - 27014
04-27 22:21:19.078 21539 21563 I PerfettoCapture: EXITCODE=0
04-27 22:21:19.096  4389  4389 I hwservicemanager: getTransport: Cannot find entry android.hardware.atrace@1.0::IAtraceDevice/default in either framework or device VINTF manifest.
04-27 22:21:19.111 24151 24151 I SCS@AiSearch user 0: (ObserverWorker::AOSP_MP) [main] entering in startWork():
04-27 22:21:19.112 24151 24151 I SCS@AiSearch user 0: (BaseCollector::AOSP_MP) [main] entering in onChange():
04-27 22:21:19.115 24151 24224 I SCS@AiSearch user 0: (BaseCollector::AOSP_MP) [AOSP_MP-0] entering in collectChanges():
04-27 22:21:19.124  5130  5130 I perfetto:    ftrace_procfs.cc:335 enabled ftrace in /sys/kernel/tracing/
04-27 22:21:19.131  5429  5838 D PackageManager: setEnabledSetting : userId = 0 packageName = com.samsung.android.scs cmp = androidx.work.impl.background.systemalarm.RescheduleReceiver newState = 1 callingPackage = 10380/com.samsung.android.scs
04-27 22:21:19.135  5429  5838 D ApplicationPolicy: getApplicationStateEnabled : pkg = com.samsung.android.scs userId : 0
04-27 22:21:19.136  5429  5838 D ApplicationPolicy: getApplicationComponentState : pkg = com.samsung.android.scs userId : 0
04-27 22:21:19.230 21539 21563 I PerfettoCapture: Perfetto tracing started successfully with pid 27014.
04-27 22:21:19.231 24151 24224 I SCS@AiSearch user 0: (BaseCollector::AOSP_MP) fetchInternal values : maxSyncId: 1000008202 indexCount: 1705 sourceCount: 1705
04-27 22:21:19.327 21539 21563 I PerfettoCapture: /sys/kernel/tracing/tracing_on = 1, polled 0 times, capture fully started
04-27 22:21:19.328 21539 21563 D Benchmark: Set 21563 (Bench thread) to priority -20. Was -8, now -20
04-27 22:21:19.328 21539 21563 D Benchmark: Set 21548 (Jit) to priority -15. Was 9, now -15
04-27 22:21:19.357 24151 24224 I SCS@AiSearch user 0: (IndexManager) [AOSP_MP-0] entering in addIndex():
04-27 22:21:19.364 24151 24224 I SCS@AiSearch user 0: (BaseCollector::AOSP_MP) fetch: fetching took  196 ms
04-27 22:21:19.364 21539 21563 I _benchmark.test: Explicit concurrent copying GC freed 270206(4795KB) AllocSpace objects, 1(20KB) LOS objects, 67% free, 2941KB/9085KB, paused 291us,116us total 35.640ms
04-27 22:21:19.365 24151 24224 I SCS@AiSearch user 0: (BaseCollector::AOSP_MP) fetchChanges: applied 0 items
04-27 22:21:19.366 24151 24224 I SCS@AiSearch user 0: (BaseCollector::AOSP_MP) Collect finished. Result: true
04-27 22:21:19.369 24151 24184 I WM-WorkerWrapper: Worker result SUCCESS for Work [ id=f2cee3dc-e40a-4b71-95df-68bdc02265be, tags={ com.sec.android.app.myfiles, com.samsung.android.scs.ai.search.data.collector.ObserverWorker } ]
04-27 22:21:19.376 24151 24224 I SCS@AiSearch user 0: (BaseCollector::AOSP_MP) enqueue ObserverWorker name: com.sec.android.app.myfiles, policy: APPEND_OR_REPLACE
04-27 22:21:19.460  5429  5838 D PackageManager: setEnabledSetting : userId = 0 packageName = com.samsung.android.scs cmp = androidx.work.impl.background.systemalarm.RescheduleReceiver newState = 1 callingPackage = 10380/com.samsung.android.scs
04-27 22:21:19.462  5429  5838 D ApplicationPolicy: getApplicationStateEnabled : pkg = com.samsung.android.scs userId : 0
04-27 22:21:19.463  5429  5838 D ApplicationPolicy: getApplicationComponentState : pkg = com.samsung.android.scs userId : 0
04-27 22:21:21.188 21539 21563 D Benchmark: timeNs[ 0:10]: 801 862 738 779 688 685 720 711 769 678
04-27 22:21:21.188 21539 21563 D Benchmark: timeNs[10:20]: 703 698 681 715 750 713 675 687 728 720
04-27 22:21:21.188 21539 21563 D Benchmark: timeNs[20:30]: 766 682 687 693 719 700 725 744 699 672
04-27 22:21:21.189 21539 21563 D Benchmark: timeNs[30:40]: 680 679 715 740 745 683 681 684 681 734
04-27 22:21:21.189 21539 21563 D Benchmark: timeNs[40:50]: 678 720 694 676 674 689 739 682 698 676
04-27 22:21:21.290 21539 21563 W _benchmark.test: Suspending all threads took: 49.558ms
04-27 22:21:21.305 21539 21563 W _benchmark.test: Suspending all threads took: 13.562ms
04-27 22:21:21.366  5429  7411 D SemWifiUsabilityStatsMonitor: onWifiUsabilityStats - seqNum 6274, isSameBssidAndFreq true
04-27 22:21:21.373  5429  5717 I SemWifiLinkQualityMonitor: Link Qos Query: 0.222 ms / 36.000 Mbps (72 / 0.000 / 2.000)
04-27 22:21:21.414 21539 21563 W _benchmark.test: Suspending all threads took: 16.893ms
04-27 22:21:21.445 21539 21563 D Benchmark: allocationCount[ 0:10]: 10 10 10 10 9
04-27 22:21:21.446 21539 21563 D Benchmark: Set 21563 (Bench thread) to priority -8. Was -20, now -8
04-27 22:21:21.446 21539 21563 D Benchmark: Set 21548 (Jit) to priority 9. Was -15, now 9
04-27 22:21:21.446 21539 21563 D Benchmark: Warmup: t=0.613, iter=146997, fastAvg=4912, slowAvg=4975
04-27 22:21:21.446 21539 21563 I PerfettoCapture: Stopping perfetto.
04-27 22:21:21.489 27014 27014 I perfetto:    perfetto_cmd.cc:1168 SIGINT/SIGTERM received: disabling tracing.
04-27 22:21:21.491 21539 21563 D Benchmark: kill -TERM command output -
04-27 22:21:21.507  5130  5130 I perfetto:  probes_producer.cc:396 Producer stop (id=485)
04-27 22:21:21.514  5130  5130 I perfetto:    ftrace_procfs.cc:342 disabled ftrace in /sys/kernel/tracing/
04-27 22:21:21.580  4389  4389 I hwservicemanager: getTransport: Cannot find entry android.hardware.atrace@1.0::IAtraceDevice/default in either framework or device VINTF manifest.
04-27 22:21:21.586  5130  5130 I perfetto:  probes_producer.cc:396 Producer stop (id=486)
04-27 22:21:21.587  5130  5130 I perfetto:  probes_producer.cc:396 Producer stop (id=487)
04-27 22:21:21.652 27014 27014 I perfetto:    perfetto_cmd.cc:1124 Trace written into the output file
04-27 22:21:21.657  5131  5131 I perfetto: ng_service_impl.cc:2426 Tracing session 122 ended, total sessions:0
04-27 22:21:22.107  8401 10266 I BluetoothAdapter: STATE_ON
04-27 22:21:22.113  8401 10266 D BluetoothGatt: connect() - device: 645DF4_1, auto: false
04-27 22:21:22.114  8401 10266 D BluetoothGatt: registerApp()
04-27 22:21:22.118  8401 10266 D BluetoothGatt: registerApp() - UUID=e51d27fb-09ab-432e-aad6-71d8d5bdcd3f
04-27 22:21:22.125 21539 21563 D Benchmark: Waiting 500 ms for [ProcessPid(processName=perfetto, pid=27014)] to die
04-27 22:21:22.131  6118  9368 D BtGatt.GattService: registerClient(com.google.android.googlequicksearchbox) - UUID=e51d27fb-09ab-432e-aad6-71d8d5bdcd3f
04-27 22:21:22.134  6118  9368 D BtGatt.ContextMap: add() - appUid: 10233, appPid: 8401, appName: com.google.android.googlequicksearchbox
04-27 22:21:22.135  6118  6631 W bt_bta_gattc: bta_gattc_register :: state: 2, uuid=e51d27fb-09ab-432e-aad6-71d8d5bdcd3f
04-27 22:21:22.135  6118  6631 W bt_bta_gattc: Registered GATT client interface 6 with uuid=e51d27fb-09ab-432e-aad6-71d8d5bdcd3f, starting it on main thread
04-27 22:21:22.135  6118  6631 W bt_bta_gattc: client_if=6
04-27 22:21:22.135  8401 10266 I GattConnObserver: GATT connect started, beginning countdown timer
04-27 22:21:22.135  6118  6324 D BtGatt.GattService: onClientRegistered() - UUID=e51d27fb-09ab-432e-aad6-71d8d5bdcd3f, clientIf=6
04-27 22:21:22.137  8401  1334 D BluetoothGatt: onClientRegistered() - status=0 clientIf=6
04-27 22:21:22.142  6118  9368 D BtGatt.GattService: clientConnect(com.google.android.googlequicksearchbox) - address = 645DF4_1, isDirect=true transport =2 set own addr = false own addr type:0, clientIf: 6, opportunistic=false, phy: 1
04-27 22:21:22.144  6118  6631 W bt_btm_ble: BTM_SecAddBleDevice :: dev_type=0x3
04-27 22:21:22.145  6118  6631 W bt_bta_gattc: bta_gattc_process_api_open
04-27 22:21:22.145  6118  6631 I bt_stack: [INFO:bta_gattc_main.cc(314)] bta_gattc_sm_execute: State 0x00, Event 0x1f00
04-27 22:21:22.145  6118  6631 W bt_bta_gattc: bta_gattc_open
04-27 22:21:22.145  6118  6631 W bt_stack: [WARNING:gatt_api.cc(1238)] GATT_Connect
04-27 22:21:22.145  6118  6631 W bt_stack: Starting direct connect gatt_if=6 address=645df4
04-27 22:21:22.145  6118  6631 W bt_stack: gatt_act_connect
04-27 22:21:22.146  6118  6631 I bt_stack: [INFO:gatt_attr.cc(886)] gatt_sr_init_cl_status: bda=645df4, cl_supp_feat=0000, aware=1
04-27 22:21:22.146  6118  6631 W bt_stack: gatt_connect
04-27 22:21:22.146  6118  6631 W bt_stack: gatt_connect :: call acl_create_le_connection_with_id
04-27 22:21:22.146  6118  6631 W btm_acl : Creating le direct connection to:xx:xx:xx:xx:b3:b1[public]
04-27 22:21:22.146  6118  6631 W bt_stack: AcceptLeConnectionFrom xx:xx:xx:xx:b3:b1
04-27 22:21:22.146  6118  6611 W bt_stack: Allow Le connection from remote:xx:xx:xx:xx:b3:b1[PUBLIC_DEVICE_ADDRESS]
04-27 22:21:22.147  6118  6611 W bt_stack: create_le_connection :: address : 64:5d:f4, add_to_connect_list : 1, is_direct : 1
04-27 22:21:22.147  6118  6611 W bt_stack: add_device_to_connect_list 64:5d:f4 :: Send command after register
04-27 22:21:22.147  6118  6611 W bt_stack: add_device_to_connect_list :: Device is found in security db(64:5d:f4 -> 645df4)
04-27 22:21:22.147  6118  6611 W bt_stack: add_device_to_connect_list :: set address_with_type as identity_addr
04-27 22:21:22.147  6118  6611 W bt_stack: Fast Connection Mode is already Set!!!
04-27 22:21:22.147  6118  6611 W bt_stack: Deferred until filter accept list has completed
04-27 22:21:22.147  6118  6611 W bt_stack: pause_registered_clients()
04-27 22:21:22.147  6118  6611 W bt_stack: le_scanning_manager :: OnPause()
04-27 22:21:22.147  6118  6611 W bt_stack: Stop LeSetScanEnable
04-27 22:21:22.148  6118  6611 W bt_stack: le_scanning_manager :: OnPause() - call AckPause
04-27 22:21:22.148  6118  6611 W bt_stack: le_impl :: OnPause()
04-27 22:21:22.148  6118  6611 W bt_stack: le_impl :: ConnectabilityState is DISARMED. Call AckPause()
04-27 22:21:22.148  6118  6611 W bt_stack: pause_registered_clients()
04-27 22:21:22.150  6118  6611 W bt_stack: le_address_manager :: ack_pause()
04-27 22:21:22.150  6118  6611 W bt_stack: le_address_manager :: ack_pause() - make sure all client paused. Return
04-27 22:21:22.150  6118  6611 W bt_stack: le_address_manager :: ack_pause()
04-27 22:21:22.150  6118  6611 W bt_stack: le_address_manager :: ack_pause() - handle_next_command
04-27 22:21:22.150  6118  6611 W bt_stack: handle_next_command()
04-27 22:21:22.160  6118  6611 W bt_stack: Received command complete with op_code LE_ADD_DEVICE_TO_FILTER_ACCEPT_LIST
04-27 22:21:22.160  6118  6611 W bt_stack: handle_next_command()
04-27 22:21:22.165  6118  6611 W bt_stack: Received command complete with op_code LE_ADD_DEVICE_TO_FILTER_ACCEPT_LIST
04-27 22:21:22.165  6118  6611 W bt_stack: le_scanning_manager :: OnResume()
04-27 22:21:22.165  6118  6611 W bt_stack: Start LeSetScan
04-27 22:21:22.165  6118  6611 W bt_stack: le_scanning_manager :: OnResume() - call AckResume
04-27 22:21:22.165  6118  6611 W bt_stack: le_impl :: OnResume()
04-27 22:21:22.165  6118  6611 W bt_stack: le_impl :: OnResume - Try arm connectability
04-27 22:21:22.165  6118  6611 W bt_stack: arm_connectability()
04-27 22:21:22.165  6118  6611 W bt_stack: le_impl :: check_for_unregister()
04-27 22:21:22.165  6118  6611 W bt_stack: le_address_manager :: ack_resume()
04-27 22:21:22.169  6118  6611 W bt_stack: le_address_manager :: ack_resume()
04-27 22:21:22.177  6118  6611 E bt_stack: on_create_connection :: Command status is success. Set ConnectabilityState to ARMED
04-27 22:21:22.274 21539 21563 I PerfettoCapture: Writing to /storage/emulated/0/Android/data/org.jetbrains.android_benchmark.test/cache/BoxRecreationBenchmark_valuePreserveBoxInt_2023-04-27-20-21-21.perfetto-trace.
04-27 22:21:22.297  5067  5067 E sehhealth-service: Could not open /sys/class/power_supply/battery/lrp
04-27 22:21:22.355 21539 21563 D Benchmark: Copying /storage/emulated/0/Android/data/org.jetbrains.android_benchmark.test/cache/BoxRecreationBenchmark_valuePreserveBoxInt_2023-04-27-20-21-21.perfetto-trace to /sdcard/Android/media/org.jetbrains.android_benchmark.test/additional_test_output/BoxRecreationBenchmark_valuePreserveBoxInt_2023-04-27-20-21-21.perfetto-trace
04-27 22:21:22.387  8350 26744 W MediaProvider: isAppCloneUserPair for user 0: false
04-27 22:21:22.449  5429  8533 D SyncManager: userId - 0 auto - true
04-27 22:21:22.511 21539 21563 I Benchmark: BoxRecreationBenchmark.valuePreserveBoxInt[Metric (timeNs) results: median 699.4513189566243, min 672.6697450508425, max 862.0980498108759, standardDeviation: 37.85604374101063, Metric (allocationCount) results: median 10.0, min 9.999852630544776, max 10.000098246303482, standardDeviation: 8.787416524986539E-5]count=20357
04-27 22:21:22.518 21539 21563 D Benchmark: writing results to /storage/emulated/0/Android/data/org.jetbrains.android_benchmark.test/cache/org.jetbrains.android_benchmark.test-benchmarkData.json
04-27 22:21:22.537 21539 21563 D Benchmark: Copying /storage/emulated/0/Android/data/org.jetbrains.android_benchmark.test/cache/org.jetbrains.android_benchmark.test-benchmarkData.json to /sdcard/Android/media/org.jetbrains.android_benchmark.test/additional_test_output/org.jetbrains.android_benchmark.test-benchmarkData.json
04-27 22:21:22.561  5429  5488 W libprocessgroup: Failed to open /dev/blkio//cgroup.procs: No such file or directory
04-27 22:21:22.564  5429  5488 W libprocessgroup: Failed to open /dev/blkio//cgroup.procs: No such file or directory
04-27 22:21:22.584  5429  5838 D SyncManager: userId - 0 auto - true
04-27 22:21:22.586  6734 26353 I NetworkScheduler.Stats: Task com.google.android.gms/com.google.android.gms.ipa.base.IpaGcmTaskService started execution. cause:9 exec_start_elapsed_seconds: 36422 [CONTEXT service_id=218 ]
04-27 22:21:22.590  8350 26918 I MediaProvider: Deleted 1 0 0 0 0 0 0 items on external_primary due to org.jetbrains.android_benchmark.test
04-27 22:21:22.607  8350 26915 W MediaProvider: isAppCloneUserPair for user 0: false
04-27 22:21:22.639 21539 21563 I TestRunner: finished: valuePreserveBoxInt(org.jetbrains.android_benchmark.BoxRecreationBenchmark)
