04-30 01:26:47.756 12235 12258 I TestRunner: started: mutableSpecificRefDouble(org.jetbrains.android_benchmark.Wolf3dBenchmark)
04-30 01:26:47.759 12235 12235 I MonitoringInstr: Activities that are still in CREATED to STOPPED: 1
04-30 01:26:47.759 12235 12235 I MonitoringInstr: Finishing activity: androidx.benchmark.IsolationActivity@60bdc39
04-30 01:26:47.759  5429  7446 D SyncManager: userId - 0 auto - true
04-30 01:26:47.764 12235 12258 I GrantPermissionCallable: Permission: android.permission.WRITE_EXTERNAL_STORAGE is already granted!
04-30 01:26:47.764 12235 12258 I GrantPermissionCallable: Permission: android.permission.READ_EXTERNAL_STORAGE is already granted!
04-30 01:26:47.764 12235 12258 D Benchmark: -- Running org.jetbrains.android_benchmark.Wolf3dBenchmark#mutableSpecificRefDouble --
04-30 01:26:47.765 12235 12258 D PerfettoCapture: Supported ABIs: arm64-v8a, armeabi-v7a, armeabi
04-30 01:26:47.765 12235 12258 D PerfettoCapture: Recording perfetto trace
04-30 01:26:47.773  5429  5438 W system_server: Suspending all threads took: 7.497ms
04-30 01:26:47.773  5429  8532 D PackageManager: setEnabledSetting : userId = 0 packageName = com.samsung.android.scs cmp = androidx.work.impl.background.systemalarm.RescheduleReceiver newState = 1 callingPackage = 10380/com.samsung.android.scs
04-30 01:26:47.791  5429  8532 D ApplicationPolicy: getApplicationStateEnabled : pkg = com.samsung.android.scs userId : 0
04-30 01:26:47.792  5429  8532 D ApplicationPolicy: getApplicationComponentState : pkg = com.samsung.android.scs userId : 0
04-30 01:26:47.803 12235 12258 I PerfettoCapture: Cleanup perfetto before starting.
04-30 01:26:47.830  5429  5438 I system_server: Background young concurrent copying GC freed 449567(21MB) AllocSpace objects, 81(1620KB) LOS objects, 18% free, 102MB/125MB, paused 254us,8.193ms total 111.683ms
04-30 01:26:47.830  5429  7411 D SemWifiUsabilityStatsMonitor: onWifiUsabilityStats - seqNum 25050, isSameBssidAndFreq true
04-30 01:26:47.834  5429  5488 W libprocessgroup: Failed to open /dev/blkio//cgroup.procs: No such file or directory
04-30 01:26:47.834  4899  4899 E audit   : type=1400 audit(1682810807.831:84932): avc:  denied  { read } for  pid=16465 comm="binder:16465_4" name="u:object_r:perf_prop:s0" dev="tmpfs" ino=21617 scontext=u:r:untrusted_app:s0:c73,c257,c512,c768 tcontext=u:object_r:perf_prop:s0 tclass=file permissive=0 SEPF_SM-A515F_13_0001 audit_filtered
04-30 01:26:47.834  4899  4899 E audit   : type=1300 audit(1682810807.831:84932): arch=c00000b7 syscall=56 success=no exit=-13 a0=ffffff9c a1=780bd832f8 a2=88000 a3=0 items=0 ppid=4924 pid=16465 auid=4294967295 uid=10329 gid=10329 euid=10329 suid=10329 fsuid=10329 egid=10329 sgid=10329 fsgid=10329 tty=(none) ses=4294967295 comm="binder:16465_4" exe="/system/bin/app_process64" subj=u:r:untrusted_app:s0:c73,c257,c512,c768 key=(null)
04-30 01:26:47.834  4899  4899 E audit   : type=1327 audit(1682810807.831:84932): proctitle="com.Slack"
04-30 01:26:47.835 16465 16901 W libc    : Access denied finding property "sys.perf.boostopt"
04-30 01:26:47.836  5429  5717 I SemWifiLinkQualityMonitor: Link Qos Query: 0.028 ms / 288.667 Mbps (433 / 0.000 / 1.500)
04-30 01:26:47.836  5429  5440 W System  : A resource failed to call close.
04-30 01:26:47.837  5429  5440 W System  : A resource failed to call close.
04-30 01:26:47.837  5429  5440 W System  : A resource failed to call close.
04-30 01:26:47.845  9200 18814 I NetworkScheduler.Stats: Task com.google.android.gms/com.google.android.gms.ipa.base.IpaGcmTaskService started execution. cause:9 exec_start_elapsed_seconds: 220347 [CONTEXT service_id=218 ]
04-30 01:26:47.858  9200 19559 I NetworkScheduler.Stats: Task com.google.android.gms/com.google.android.gms.ipa.base.IpaGcmTaskService finished executing. cause:9 result: 1 elapsed_millis: 41 uptime_millis: 42 exec_start_elapsed_seconds: 220347 [CONTEXT service_id=218 ]
04-30 01:26:47.956 12235 12258 I PerfettoCapture: Perfetto output file cleanup -
04-30 01:26:47.957 12235 12258 I PerfettoCapture: Starting perfetto tracing with cmd: cat /storage/emulated/0/Android/data/org.jetbrains.android_benchmark.test/cache/trace_config.pb | perfetto --background -c - -o /data/misc/perfetto-traces/trace_output.pb
04-30 01:26:48.124 20892 20892 I perfetto:    perfetto_cmd.cc:1001 Connected to the Perfetto traced service, starting tracing
04-30 01:26:48.125  5131  5131 I perfetto: ing_service_impl.cc:953 Configured tracing session 299, #sources:4, duration:0 ms, #buffers:2, total buffer size:36864 KB, total sessions:1, uid:2000 session name: ""
04-30 01:26:48.126  5130  5130 I perfetto:  probes_producer.cc:139 Ftrace setup (target_buf=597)
04-30 01:26:48.173 12235 12258 I PerfettoCapture: Perfetto output - 20892
04-30 01:26:48.173 12235 12258 I PerfettoCapture: EXITCODE=0
04-30 01:26:48.201  4389  4389 I hwservicemanager: getTransport: Cannot find entry android.hardware.atrace@1.0::IAtraceDevice/default in either framework or device VINTF manifest.
04-30 01:26:48.230  5130  5130 I perfetto:    ftrace_procfs.cc:335 enabled ftrace in /sys/kernel/tracing/
04-30 01:26:48.304 12235 12258 I PerfettoCapture: Perfetto tracing started successfully with pid 20892.
04-30 01:26:48.405 12235 12258 I PerfettoCapture: /sys/kernel/tracing/tracing_on = 1, polled 0 times, capture fully started
04-30 01:26:48.407 12235 12258 D Benchmark: Set 12258 (Bench thread) to priority -20. Was -8, now -20
04-30 01:26:48.407 12235 12258 D Benchmark: Set 12243 (Jit) to priority -15. Was 9, now -15
04-30 01:26:48.445 12235 12258 I _benchmark.test: Explicit concurrent copying GC freed 7689(674KB) AllocSpace objects, 1(20KB) LOS objects, 67% free, 2987KB/9131KB, paused 346us,150us total 37.658ms
04-30 01:26:50.846  5429  7411 D SemWifiUsabilityStatsMonitor: onWifiUsabilityStats - seqNum 25051, isSameBssidAndFreq true
04-30 01:26:50.849  5429  5717 I SemWifiLinkQualityMonitor: Link Qos Query: 0.018 ms / 433.000 Mbps (433 / 0.000 / 1.000)
04-30 01:26:51.652  4993  5068 I SensorsHub: context 6 0 5 1,1,55,0,1,3, 220351624634897
04-30 01:26:51.653  5429  5595 D SensorHubManager: onGetSensorHubDataLocked: library(6) = 1, 1, 55, 0, 1, 3
04-30 01:26:51.654  5429  5596 D CAE     : onGetSensorHubData(SensorHubParserProvider.java:89) - onGetSensorHubData Event [event buffer len :6], AP_WAKEUP
04-30 01:26:51.654  5429  5596 I CAE     : parse(SensorHubParserProvider.java:190) - buffer size = 6
04-30 01:26:51.654  5429  5596 I CAE     : parse(SensorHubParserProvider.java:201) - 1, 1, 55, 0, 1, 3,
04-30 01:26:51.655  5429  5596 I CAE     : parse(SLocationRunner.java:88) - SLocationRunner parse start : 3
04-30 01:26:51.655  5429  5596 D CAE     : display(ContextProvider.java:375) - ================= SLOCATION_RUNNER =================
04-30 01:26:51.655  5429  5596 I CAE     : display(ContextProvider.java:391) - ExtraDataArray=[1, 1, 55, 0, 1, 3]
04-30 01:26:51.656  5429  5596 I CAE     : parse(SLocationRunner.java:96) - SLocationRunner parse end:6
04-30 01:26:51.656  5429  5593 D SemContextService: Service.updateContext() : service = SLocation Core
04-30 01:26:51.657  5429  5429 D SemContextManager: onSemContextChanged() : event = SLocation Core
04-30 01:26:51.657  5429  5429 D SLocation: SLocationCoreSem - SemContextChanged type = 47, packet received
04-30 01:26:51.658  5429  6058 I SLocation: SemContextParser -  parse start : 3
04-30 01:26:51.658  5429  6058 I SLocation: SemContextParser -  packet Length : 1packet total size : 6
04-30 01:26:51.658  5429  6058 I SLocation: SemContextParser - packet : [3]
04-30 01:26:51.658  5429  6058 D SLocation: GeofenceCoreManager - received Extra Data from core, len : 1
04-30 01:26:51.661  5429  6058 D SLocation: CommonCoreManager - received Extra Data from core, len : 1
04-30 01:26:51.661  5429  6058 D SLocation: PositionManager - last location time exceed threshold 322411 / 30000
04-30 01:26:51.661  5429  6058 D SLocation: GeopointGeofenceManager - getLastLocation is abnromal!
04-30 01:26:51.662  5429  6058 D SLocation: LocationProviderStatus - try to update provider status (GPS/NLP)
04-30 01:26:51.662  5429  6058 D SLocation: LocationProviderStatus - set isGpsOn : true, isNlpOn : true
04-30 01:26:51.662  5429  6058 D SLocation: LocationProviderStatus - gps & nlp status not changed
04-30 01:26:51.662  5429  6058 D SLocation: SContentManager - IsNetworkAvailable = true
04-30 01:26:51.662  5429  6058 D SLocation: PositionManager - requestLocationUpdates(1) : NETWORK_PROVIDER
04-30 01:26:51.662  5429  6058 D SLocation: NLPManager - requestUpdate - NLP
04-30 01:26:51.674  5429  6058 D LocationManagerService: network provider added registration from 1000/android[SLocationService]/A22C6A3C -> Request[@0 BALANCED, WorkSource{1000 android}]
04-30 01:26:51.726  7025  7069 I RequestManager_FLP: request from system, change packageName from system to system(slocation)
04-30 01:26:51.729  7025  7069 E RequestManager_FLP: [LocationManager] Location request A22C6A3C(Listener) network interval=0ms (min=0ms) from system(slocation) (1000_FINE_unknown_false_foreground)
04-30 01:26:51.767  7025  7035 W location.nsflp2: Reducing the number of considered missed Gc histogram windows from 997 to 100
04-30 01:26:51.785  9200  9881 W SystemServiceRegistry: No service published for: wifirtt
04-30 01:26:51.849  6180  6405 I PhoneStateTracker<1>: onCellInfoChanged: xxxxx
04-30 01:26:51.851 11546 11546 I wpa_supplicant: nl80211: Drv Event 33 (NL80211_CMD_TRIGGER_SCAN) received for wlan0
04-30 01:26:51.854 11546 11546 I wpa_supplicant: wlan0: nl80211: Scan trigger
04-30 01:26:51.855  6180  6405 I ImsCallSessionManager: onCellInfoChanged, phoneId: 1
04-30 01:26:51.856  6180  6405 I RegiMgr-Handler: handleMessage: EVENT_CELL_INFO_CHANGED
04-30 01:26:51.866  6180  6405 I RegiMgr<1>: updatePani RegisterTask[1][mProfile=Telenor Serbia IMS, mRegistrationRat=13, mPdnType=11, mState=REGISTERED, mObject=UserAgent - :
04-30 01:26:51.866  6180  6405 I RegiMgr<1>:  total records=2844
04-30 01:26:51.866  6180  6405 I RegiMgr<1>:  rec[0]: time=04-30 00:59:25.482 processed=ReadyState org=RegisteredState dest=<null> what=34(0x22)
04-30 01:26:51.866  6180  6405 I RegiMgr<1>:  rec[1]: time=04-30 00:59:25.484 processed=RegisteredState org=RegisteredState dest=<null> what=2000(0x7d0)
04-30 01:26:51.866  6180  6405 I RegiMgr<1>:  rec[2]: time=04-30 00:59:28.494 processed=ReadyState org=RegisteredState dest=<null> what=34(0x22)
04-30 01:26:51.866  6180  6405 I RegiMgr<1>:  rec[3]: time=04-30 00:59:28.495 processed=RegisteredState org=RegisteredState dest=<null> what=2000(0x7d0)
04-30 01:26:51.866  6180  6405 I RegiMgr<1>:  rec[4]: time=04-30 01:04:55.227 processed=ReadyState org=RegisteredState dest=<null> what=34(0x22)
04-30 01:26:51.866  6180  6405 I RegiMgr<1>:  rec[5]: time=04-30 01:04:55.229 processed=RegisteredState org=RegisteredState dest=<null> what=2000(0x7d0)
04-30 01:26:51.866  6180  6405 I RegiMgr<1>:  rec[6]: time=04-30 01:04:58.242 processed=ReadyState org=RegisteredState dest=<null> what=34(0x22)
04-30 01:26:51.866  6180  6405 I RegiMgr<1>:  rec[7]: time=04-30 01:04:58.243 processed=RegisteredState org=RegisteredState dest=<null> what=2000(0x7d0)
04-30 01:26:51.866  6180  6405 I RegiMgr<1>:  rec[8]: time=04-30 01:10:24.946 processed=ReadyState org=RegisteredState dest=<null> what=34(0x22)
04-30 01:26:51.866  6180  6405 I RegiMgr<1>:  rec[9]: time=04-30 01:10:24.948 processed=RegisteredState org=RegisteredState dest=<null> what=2000(0x7d0)
04-30 01:26:51.866  6180  6405 I RegiMgr<1>:  rec[10]: time=04-30 01:10:28.319 processed=ReadyState org=RegisteredState dest=<null> what=34(0x22)
04-30 01:26:51.866  6180  6405 I RegiMgr<1>:  rec[11]: time=04-30 01:10:28.320 processed=RegisteredState org=RegisteredState dest=<null> what=2000(0x7d0)
04-30 01:26:51.866  6180  6405 I RegiMgr<1>:  rec[12]: time=04-30 01:11:36.684 processed=ReadyState org=RegisteredState dest=<null> what=34(0x22)
04-30 01:26:51.866  6180  6405 I RegiMgr<1>:  rec[13]: time=04-30 01:11:36.779 processed=RegisteredState org=RegisteredState dest=<null> what=2000(0x7d0)
04-30 01:26:51.866  6180  6405 I RegiMgr<1>:  rec[14]: time=04-30 01:11:40.931 processed=ReadyState org=RegisteredState dest=<null> what=34(0x22)
04-30 01:26:51.866  6180  6405 I RegiMgr<1>:  rec[15]: time=04-30 01:11:40.936 processed=RegisteredState org=RegisteredState dest=<null> what=2000(0x7d0)
04-30 01:26:51.866  6180  6405 I RegiMgr<1>:  rec[16]: time=04-30 01:15:54.536 processed=ReadyState org=RegisteredState dest=<null> what=34(0x22)
04-30 01:26:51.866  6180  6405 I RegiMgr<1>:  rec[17]: time=04-30 01:15:54.563 processed=RegisteredState org=RegisteredState dest=<null> what=2000(0x7d0)
04-30 01:26:51.866  6180  6405 I RegiMgr<1>:  rec[18]: time=04-30 01:21:23.040 processed=ReadyState org=RegisteredState dest=<null> what=34(0x22)
04-30 01:26:51.866  6180  6405 I RegiMgr<1>:  rec[19]: time=04-30 01:21:23.067 processed=RegisteredState org=RegisteredState dest=<null> what=2000(0x7d0)
04-30 01:26:51.866  6180  6405 I RegiMgr<1>: curState=RegisteredState
04-30 01:26:51.866  6180  6405 I RegiMgr<1>: , mReason=, mPcscfHostname=null, mDeregiReason=41]
04-30 01:26:51.867  5429  5751 D NetdEventListenerService: DNS Requested by : 128, 10226
04-30 01:26:51.870  6180  6405 I PaniGenerator<1>: generate: subId=2, network=13
04-30 01:26:51.872  6180  6405 I PaniGenerator<1>: generate: network=13, fallbackPlmn=22001
04-30 01:26:51.873  6180  6405 I PdnController<1>: getAllCellInfo mNeedCellLocationUpdate : false
04-30 01:26:51.873  6180  6405 I PaniGenerator: generate: change to NW PLMN(22001)
04-30 01:26:51.874  6180  6405 I PaniGenerator: setLkcForLastPani: No Last PANI header for Telenor Serbia IMS
04-30 01:26:51.874  6180  6405 I UserAgent<1>: updatePani: pani=3GPP-E-UTRAN-FDD;utran-cell-id-3gpp=220012b7301a3e03, updatePani: lastPani=
04-30 01:26:51.877  6180  6504 I StackIF : updatePani: 7 pani: [3GPP-E-UTRAN-FDD;utran-cell-id-3gpp=220012b7301a3e03]
04-30 01:26:51.880  6180  6504 I SECIMSJ : [3121]> 140
04-30 01:26:51.882  9200 20874 D TrafficStats: tagSocket(131) with statsTag=0x24000609, statsUid=10226
04-30 01:26:51.882  6180  6405 I RegiMgr<1>: tryRegister:
04-30 01:26:51.883  6180  6405 I RegiMgr<0>: RegisterTask(s): Megafon VoLTE (IDLE)
04-30 01:26:51.884  6180  6405 I RegiMgr<1>: RegisterTask(s): Telenor Serbia IMS (REGISTERED, rat = 13, service = [mmtel-video, smsip, mmtel]), Global GC RCS (IDLE)
04-30 01:26:51.884  6180  6405 I RcsPolicyMgr<1>: pendingRcsRegister: mActiveDataPhoneId = 1
04-30 01:26:51.884  6180  6405 I RcsPolicyMgr<1>: pendingRcsRegister: mActiveDataPhoneId = 1
04-30 01:26:51.884  6180  6405 I RegisterTask: isSuspended: mSuspended(false) mSuspendByIrat(false)
04-30 01:26:51.885  6180  6405 I RegiMgr<1>: [Global GC RCS|IDLE] checkForTryRegister id: 1003
04-30 01:26:51.885  6180  6405 I RegiMgr : isPdnConnected: false, PdnType: 1
04-30 01:26:51.886  6180  6509 I [IMS6.0]: IMS_onResponse()
04-30 01:26:51.889  6180  6405 I PdnController: getDefaultNetworkBearer:  WIFI
04-30 01:26:51.891  6180  6405 I PdnController: isWifiConnected: [type: WIFI[], state: CONNECTED/CONNECTED, reason: (unspecified), extra: , failover: false, available: true, roaming: false]
04-30 01:26:51.891  6180  6405 I RegiMgr-Utils<1>: findBestNetwork: WIFI needWifiNetwork = true
04-30 01:26:51.900  6180  6405 I RegiGvnBase<1>: isReadyToDualRegister : true
04-30 01:26:51.901  6180  6509 I StackIF : processMessage 2
04-30 01:26:51.901  6180  6509 I StackIF : Processing Response
04-30 01:26:51.901  6180  6509 I SECIMSJ : [3121]< 600
04-30 01:26:51.901  6180  6509 I StackIF : processResponse: reqId 600
04-30 01:26:51.901  6180  6509 I StackIF : processResponse: handle 7 result 0 reason 0
04-30 01:26:51.906  6180  6405 I RegiMgr<1>: [Global GC RCS|IDLE] checkInitialRegistrationIsReady: APM ON [false], Roamimg [false]
04-30 01:26:51.906  6180  6405 I RcsPolicyMgr<1>: pendingRcsRegister: mActiveDataPhoneId = 1
04-30 01:26:51.906  6180  6405 I ImsProfile: isRttSupportByCallApp : false ttyType : 1
04-30 01:26:51.906  6180  6405 I RegiMgr-Utils<1>: getPriorityRegiedTask : isPriority  High? true
04-30 01:26:51.911  6180  6405 I RegiGvnBase: checkRegiStatus: getState()=IDLE mIsUpdateRegistering=false
04-30 01:26:51.911  6180  6405 I RegiMgr<1>: getTelephonyCallStatus:
04-30 01:26:51.915  6180  6405 I ConfigProvider: query uri:xxxxx
04-30 01:26:51.928  6180  6405 I ConfigProvider: queryStorage path content://com.samsung.rcs.autoconfigurationprovider/parameter/version#simslot1
04-30 01:26:51.943  6180  6405 E GlobalSettingsRepoBase: globalgcsettings No matched key : dual_rcs_policy
04-30 01:26:51.946  6180  6405 I ImsServiceSwitchEur[1]:  isRcsEnabled: true mDefaultSms true mUpsmEnabled false mEmergencyEnabled false
04-30 01:26:51.948  6180  6405 I ConfigTrigger<1>: isWaitAutoConfig:
04-30 01:26:51.948  6180  6405 E GlobalSettingsRepoBase: globalgcsettings No matched key : dual_rcs_policy
04-30 01:26:51.950  6180  6405 I ImsServiceSwitchEur[1]:  isRcsEnabled: true mDefaultSms true mUpsmEnabled false mEmergencyEnabled false
04-30 01:26:51.950  6180  6405 I RegiMgr-Utils: selectPdnType: rat=18pdn=1
04-30 01:26:51.950  6180  6405 I RegiMgr<1>: getServiceForNetwork: network 18
04-30 01:26:51.951  6180  6405 I RegiMgr<1>: getServiceForNetwork: service {options, chatbot-communication, ft_http, im, euc, gls}
04-30 01:26:51.960  6180  6405 I ConfigTrigger<1>: isValidAcsVersion:
04-30 01:26:51.960  6180  6405 E GlobalSettingsRepoBase: globalgcsettings No matched key : dual_rcs_policy
04-30 01:26:51.962  6180  6405 I ConfigProvider: query uri:xxxxx
04-30 01:26:51.969  6180  6405 I ConfigProvider: queryStorage path content://com.samsung.rcs.autoconfigurationprovider/parameter/version#simslot1
04-30 01:26:51.970  5429  5442 D SecContentProvider2: query(), uri = 18 selection = isRCSEnabled
04-30 01:26:51.970  5429  5442 I PhoneRestrictionPolicy: isRCSEnabledInternal(), showMsg: false, columnName: enableRCS
04-30 01:26:51.971  5429  5442 E PhoneRestrictionPolicy: getEmergencyCall >>false
04-30 01:26:51.971  5429  5442 I PhoneRestrictionPolicy: isRCSEnabledInternal(), showMsg: false, columnName: enableRCSForSimSlot1
04-30 01:26:51.971  5429  5442 E PhoneRestrictionPolicy: getEmergencyCall >>false
04-30 01:26:51.972  6180  6405 I ConfigTrigger<1>: RCS switch: true, version: 0, isRcsAcsCompleted: true
04-30 01:26:51.972  6180  6405 I ConfigTrigger<1>: version is improper : 0
04-30 01:26:51.974  6180  6405 I RegiGvnBase: isVideoCallEnabled: Enable
04-30 01:26:51.974  6180  6405 I RegiMgr<1>: getServiceForNetwork: filtered service []
04-30 01:26:51.974  6180  6405 I RegiMgr<1>: Global GC RCS: no ims service for current rat18
04-30 01:26:51.975  6180  6405 I PdnController: slot[1]: stopPdnConnectivity: network 1, callback is null
04-30 01:26:51.976  6180  6405 E PdnController<1>: requestStopNetwork: callback not found
04-30 01:26:51.977  6180  6405 E #IMSCR  : 04-30 01:26:51 0x1101000B:1,FILTERED ALL:1
04-30 01:26:51.978  6180  6405 I PdnController: handleMessage: what 107
04-30 01:26:51.978  6180  6405 I PdnController: slot[1]: requestStopNetwork: network 1, callback is null
04-30 01:26:52.003  9200 20874 W Conscrypt: Could not set socket write timeout: java.net.SocketException: Socket closed
04-30 01:26:52.006  9200 20874 W Conscrypt: 	at com.google.android.gms.org.conscrypt.Platform.setSocketWriteTimeout(:com.google.android.gms@231417044@23.14.17 (190400-527331132):2)
04-30 01:26:52.006  9200 20874 W Conscrypt: 	at com.google.android.gms.org.conscrypt.ConscryptFileDescriptorSocket.setSoWriteTimeout(:com.google.android.gms@231417044@23.14.17 (190400-527331132):0)
04-30 01:26:52.108  9200 20874 W Conscrypt: Could not set socket write timeout: java.net.SocketException: Socket closed
04-30 01:26:52.108  9200 20874 W Conscrypt: 	at com.google.android.gms.org.conscrypt.Platform.setSocketWriteTimeout(:com.google.android.gms@231417044@23.14.17 (190400-527331132):2)
04-30 01:26:52.108  9200 20874 W Conscrypt: 	at com.google.android.gms.org.conscrypt.ConscryptFileDescriptorSocket.setSoWriteTimeout(:com.google.android.gms@231417044@23.14.17 (190400-527331132):0)
04-30 01:26:53.890  5429  7411 D SemWifiUsabilityStatsMonitor: onWifiUsabilityStats - seqNum 25052, isSameBssidAndFreq true
04-30 01:26:53.892  5429  5717 I SemWifiLinkQualityMonitor: Link Qos Query: 0.022 ms / 356.588 Mbps (433 / 0.000 / 1.214)
04-30 01:26:54.991 11546 11546 I wpa_supplicant: nl80211: Drv Event 34 (NL80211_CMD_NEW_SCAN_RESULTS) received for wlan0
04-30 01:26:54.993 11546 11546 I wpa_supplicant: wlan0: nl80211: New scan results available
04-30 01:26:54.993  5848 11580 D IpClient/wlan0: interfaceLinkStateChanged: ifindex 11 up
04-30 01:26:54.993 11546 11546 I wpa_supplicant: nl80211: Scan probed for SSID ''
04-30 01:26:54.994  5429  5442 D WifiNl80211Manager: Scan result ready event
04-30 01:26:54.995  5429  5442 D WifiNative: Scan result ready event
04-30 01:26:54.996 11546 11546 I wpa_supplicant: nl80211: Scan included frequencies: 2412 2417 2422 2427 2432 2437 2442 2447 2452 2457 2462 2467 2472 5180 5200 5220 5240 5260 5280 5300 5320 5745 5765 5785 5805 5825
04-30 01:26:55.018  5429  5708 D SemWifiScanPool: remove old scan results, size:2
04-30 01:26:55.018  5429  5708 D SemWifiScanPool: countryCode: RS, count: 8, totalSamples: 12, rate: 66.666664%
04-30 01:26:55.019  5429  5708 V SemWifiScanPool: updateScanResult, full scan:16 configKeys: 13 pool_bssid:56 pool_configKeys:24
04-30 01:26:55.019  5429  5708 D WifiConnectivityMonitor: onScanResultUpdated
04-30 01:26:55.019  5429  5708 D WifiConnectivityMonitor: mMaxScannedCountryCode : RS
04-30 01:26:55.150  5429  8532 V LocationManagerService: network provider registration 10234/com.google.android.as/A56E473A dropped delivery - too close
04-30 01:26:55.152  5429  8532 V LocationManagerService: passive provider registration 5023/com.samsung.android.networkdiagnostic/4FDF9C6D dropped delivery - too close
04-30 01:26:55.153  5429  8532 V LocationManagerService: passive provider registration 1000/android[SensorNotificationService]/CC5BC53F dropped delivery - too close
04-30 01:26:55.154  7025  7069 I NlpMonitor_FLP: monitorNlp, package=system(slocation)/ interval=0
04-30 01:26:55.159  5429  6058 D SLocation: PositionManager - ActiveonLocationChanged network 1682810814986
04-30 01:26:55.160  5429  6058 D SLocation: PositionManager - onLocationChanged - filter passive location because it same active location
04-30 01:26:55.160  5429  6058 D SLocation: ARDistanceBigData - BIGDATA ARD - receive location
04-30 01:26:55.161  5429  6058 D SLocation: ARDistanceBigData - BIGDATA ARD - end log 10, 220355133___BIGDATA ARD - end log 11, 220355133___BIGDATA ARD - end log 12, 220355133___BIGDATA ARD - end log 13, 220355133___BIGDATA ARD - end log 14, 220355133___BIGDATA ARD - end log 15, 220355133___BIGDATA ARD - end log 16, 220355133___BIGDATA ARD - end log 17, 220355133___BIGDATA ARD - end log 18, 220355133___BIGDATA ARD - end log 19, 220355133___BIGDATA ARD - end log 20, 220355133___
04-30 01:26:55.161  5429  6058 D SLocation: ARDistanceBigData - BIGDATA ARD - unique id 21
04-30 01:26:55.161  5429  6058 D SLocation: GeopointGeofenceManager - Location reported : fix method = 2 / 15.15
04-30 01:26:55.162  5429  6058 D SLocation: NLPManager - removeUpdates - NLP
04-30 01:26:55.162  5429  6058 D LocationManagerService: network provider removed registration from 1000/android[SLocationService]/A22C6A3C
04-30 01:26:55.163  5429  6058 W Settings: Setting airplane_mode_on has moved from android.provider.Settings.System to android.provider.Settings.Global, returning read-only value.
04-30 01:26:55.163  7025  7069 E RequestManager_FLP: [LocationManager] Location remove A22C6A3C from system
04-30 01:26:55.164  7025  7069 I LocationRequestData_FLP: Remove in requestInfoList, A22C6A3C / ListSize[network]=1
04-30 01:26:55.167  5429  6058 D SLocation: SLocationCoreSem - send to coreSem, packet length : 23 / [2, 26, 183, 31, 79, 12, 49, 249, 151, 0, 0, 0, 15, 2, 0, 0, 1, 135, 207, 87, 66, 10, 0]
04-30 01:26:55.167  5429  6058 D SemContextLocationCoreAttribute: setAttribute() mode : 0 action : 23
04-30 01:26:55.167  5429  6058 D SemContextService: lock : changeParameters
04-30 01:26:55.168  5429  6058 D SemContext.CaeProvider.LocationCoreImpl: setAttribute() mode : 0 action : 23
04-30 01:26:55.168  5429  6058 W CAE     : setCAProperty(ContextAwareService.java:513) - [setProperty 01] Mutex is locked for SLOCATION_RUNNER
04-30 01:26:55.169  5429  6058 I CAE     : setPropertyValue(SLocationRunner.java:116) - SLocationRunner setProperty header : 2, len : 23
04-30 01:26:55.169  5429  6058 I CAE     : sendCmdToSensorHub(SensorHubCommManager.java:156) - -63, 23, 55, 2, 26, -73, 31, 79, 12, 49, -7, -105, 0, 0, 0, 15, 2, 0, 0, 1, -121, -49, 87, 66, 10, 0,
04-30 01:26:55.170  5429  5598 D SensorService: setSContextDataLocked ints length 8 , byte length 26
04-30 01:26:55.170  5429  5598 D SensorService: setSContextDataLocked 23717c1
04-30 01:26:55.171  4993  4993 I SensorsHub: SContextSensor::injecet_sensor_data
04-30 01:26:55.171  4993  4993 D SensorsHub: c1 17 37 02 1a b7 1f 4f 0c 31 f9 97 00 00 00 0f
04-30 01:26:55.171  4993  4993 D SensorsHub: 02 00 00 01 87 cf 57 42 0a 00
04-30 01:26:55.171  4993  4993 D SensorsHub: inject_scontext_data: New ssp_data_injection_fd(28)
04-30 01:26:55.171  4993  4993 D SensorsHub: SContext Data Injection return 26
04-30 01:26:55.172  4993  5068 I SensorsHub: context 10 0 9 1,1,55,0,5,2,2,0,0,0, 220355144724086
04-30 01:26:55.173  5429  5595 D SensorHubManager: onGetSensorHubDataLocked: library(10) = 1, 1, 55, 0, 5, 2, 2, 0, 0, 0
04-30 01:26:55.173  5429  6058 W CAE     : setCAProperty(ContextAwareService.java:519) - [setProperty 02] Mutex is unlocked for SLOCATION_RUNNER
04-30 01:26:55.173  5429  6058 D SemContextService: unlock : changeParameters
04-30 01:26:55.173  5429  6058 D SemContextManager:   .changeParameters : listener = com.samsung.android.location.semcontext.a@14d0c89, service=SLocation Core
04-30 01:26:55.173  5429  6058 D SLocation: ARDistanceLibManager - request distance diff to AR Distance Library
04-30 01:26:55.174  5429  6058 D SLocation: SLocationCoreSem - send to coreSem, packet length : 1 / [34]
04-30 01:26:55.174  5429  6058 D SemContextLocationCoreAttribute: setAttribute() mode : 0 action : 23
04-30 01:26:55.174  5429  6058 D SemContextService: lock : changeParameters
04-30 01:26:55.174  5429  5596 D CAE     : onGetSensorHubData(SensorHubParserProvider.java:89) - onGetSensorHubData Event [event buffer len :10], AP_WAKEUP
04-30 01:26:55.174  5429  6058 D SemContext.CaeProvider.LocationCoreImpl: setAttribute() mode : 0 action : 23
04-30 01:26:55.174  5429  5596 I CAE     : parse(SensorHubParserProvider.java:190) - buffer size = 10
04-30 01:26:55.174  5429  6058 W CAE     : setCAProperty(ContextAwareService.java:513) - [setProperty 01] Mutex is locked for SLOCATION_RUNNER
04-30 01:26:55.175  5429  5596 I CAE     : parse(SensorHubParserProvider.java:201) - 1, 1, 55, 0, 5, 2, 2, 0, 0, 0,
04-30 01:26:55.175  5429  5596 I CAE     : parse(SLocationRunner.java:88) - SLocationRunner parse start : 3
04-30 01:26:55.175  5429  6058 I CAE     : setPropertyValue(SLocationRunner.java:116) - SLocationRunner setProperty header : 34, len : 1
04-30 01:26:55.175  5429  5596 D CAE     : display(ContextProvider.java:375) - ================= SLOCATION_RUNNER =================
04-30 01:26:55.175  5429  6058 I CAE     : sendCmdToSensorHub(SensorHubCommManager.java:156) - -63, 23, 55, 34,
04-30 01:26:55.175  5429  5596 I CAE     : display(ContextProvider.java:391) - ExtraDataArray=[1, 1, 55, 0, 5, 2, 2, 0, 0, 0]
04-30 01:26:55.176  5429  5596 I CAE     : parse(SLocationRunner.java:96) - SLocationRunner parse end:10
04-30 01:26:55.177  5429  5598 D SensorService: setSContextDataLocked ints length 2 , byte length 4
04-30 01:26:55.177  5429  5598 D SensorService: setSContextDataLocked 223717c1
04-30 01:26:55.177  4993  4993 I SensorsHub: SContextSensor::injecet_sensor_data
04-30 01:26:55.177  5429  5593 D SemContextService: Service.updateContext() : service = SLocation Core
04-30 01:26:55.177  4993  4993 D SensorsHub: c1 17 37 22
04-30 01:26:55.177  4993  4993 D SensorsHub: inject_scontext_data: New ssp_data_injection_fd(28)
04-30 01:26:55.177  4993  4993 D SensorsHub: SContext Data Injection return 4
04-30 01:26:55.178  5429  5429 D SemContextManager: onSemContextChanged() : event = SLocation Core
04-30 01:26:55.178  5429  5429 D SLocation: SLocationCoreSem - SemContextChanged type = 47, packet received
04-30 01:26:55.178  4993  5068 I SensorsHub: context 38 0 37 1,1,55,0,33,33,0,0,0,0,23,90,121,119,72,117,8,0,26,183,53,192,12,50,124,0,0,0,0,10,5,6,201,248,0,0,3,255, 220355150675702
04-30 01:26:55.178  4993  5068 I SensorsHub: context 10 0 9 1,1,55,0,5,2,34,0,0,0, 220355150696894
04-30 01:26:55.178  5429  5595 D SensorHubManager: onGetSensorHubDataLocked: library(38) = 1, 1, 55, 0, 33, 33, 0, 0, 0, 0, 23, 90, 121, 119, 72, 117, 8, 0, 26, -73, 53, -64, 12, 50, 124, 0, 0, 0, 0, 10, 5, 6, -55, -8, 0, 0, 3, -1
04-30 01:26:55.179  5429  6058 W CAE     : setCAProperty(ContextAwareService.java:519) - [setProperty 02] Mutex is unlocked for SLOCATION_RUNNER
04-30 01:26:55.179  5429  6058 D SemContextService: unlock : changeParameters
04-30 01:26:55.179  5429  5595 D SensorHubManager: onGetSensorHubDataLocked: library(10) = 1, 1, 55, 0, 5, 2, 34, 0, 0, 0
04-30 01:26:55.179  5429  6058 D SemContextManager:   .changeParameters : listener = com.samsung.android.location.semcontext.a@14d0c89, service=SLocation Core
04-30 01:26:55.179  5429  5596 D CAE     : onGetSensorHubData(SensorHubParserProvider.java:89) - onGetSensorHubData Event [event buffer len :38], AP_WAKEUP
04-30 01:26:55.179  5429  6058 D SLocation: LocationProcessingAlgorithm - entry condition - dist : 4658.4663 padding : 0.0, accuracy : 15.15, provider : network, dir : 2
04-30 01:26:55.179  5429  5596 I CAE     : parse(SensorHubParserProvider.java:190) - buffer size = 38
04-30 01:26:55.179  5429  6058 D SLocation: ReceiverPairWithAdaptive - id : 1, dir : 2
04-30 01:26:55.180  5429  5596 I CAE     : parse(SensorHubParserProvider.java:201) - 1, 1, 55, 0, 33, 33, 0, 0, 0, 0, 23, 90, 121, 119, 72, 117, 8, 0, 26, -73, 53, -64, 12, 50, 124, 0, 0, 0, 0, 10, 5, 6, -55, -8, 0, 0, 3, -1,
04-30 01:26:55.180  5429  6058 D SLocation: ReceiverPairWithAdaptive - similar fence, do not update geopoint geofence
04-30 01:26:55.180  5429  5596 I CAE     : parse(SLocationRunner.java:88) - SLocationRunner parse start : 3
04-30 01:26:55.180  5429  6058 D SLocation: LocationProcessingAlgorithm - entry condition - dist : 3807521.5 padding : 0.0, accuracy : 15.15, provider : network, dir : 2
04-30 01:26:55.181  5429  6058 D SLocation: LocationProcessingAlgorithm - entry condition - dist : 90751.57 padding : 0.0, accuracy : 15.15, provider : network, dir : 2
04-30 01:26:55.181  5429  6058 D SLocation: LocationProcessingAlgorithm - entry condition - dist : 3807945.2 padding : 0.0, accuracy : 15.15, provider : network, dir : 2
04-30 01:26:55.182  5429  5596 D CAE     : display(ContextProvider.java:375) - ================= SLOCATION_RUNNER =================
04-30 01:26:55.182  5429  6058 D SLocation: LocationProcessingAlgorithm - entry condition - dist : 680.15533 padding : 0.0, accuracy : 15.15, provider : network, dir : 2
04-30 01:26:55.183  5429  5596 I CAE     : display(ContextProvider.java:391) - ExtraDataArray=[1, 1, 55, 0, 33, 33, 0, 0, 0, 0, 23, 90, 121, 119, 72, 117, 8, 0, 26, -73, 53, -64, 12, 50, 124, 0, 0, 0, 0, 10, 5, 6, -55, -8, 0, 0, 3, -1]
04-30 01:26:55.183  5429  6058 D SLocation: LocationProcessingAlgorithm - entry condition - dist : 1917392.5 padding : 0.0, accuracy : 15.15, provider : network, dir : 2
04-30 01:26:55.183  5429  6058 D SLocation: LocationProcessingAlgorithm - entry condition - dist : 13353.927 padding : 0.0, accuracy : 15.15, provider : network, dir : 2
04-30 01:26:55.183  5429  6058 D SLocation: LocationProcessingAlgorithm - entry condition - dist : 3807945.2 padding : 0.0, accuracy : 15.15, provider : network, dir : 2
04-30 01:26:55.183  5429  6058 D SLocation: LocationProcessingAlgorithm - entry condition - dist : 1801173.1 padding : 0.0, accuracy : 15.15, provider : network, dir : 2
04-30 01:26:55.184  5429  6058 D SLocation: LocationProcessingAlgorithm - entry condition - dist : 659.27637 padding : 0.0, accuracy : 15.15, provider : network, dir : 2
04-30 01:26:55.184  5429  6058 D SLocation: ReceiverPairWithWifi - ignore direction of location due to wifi, id =11reason=400
04-30 01:26:55.184  5429  5593 D SemContextService: Service.updateContext() : service = SLocation Core
04-30 01:26:55.185  5429  5429 D SemContextManager: onSemContextChanged() : event = SLocation Core
04-30 01:26:55.185  5429  5429 D SLocation: SLocationCoreSem - SemContextChanged type = 47, packet received
04-30 01:26:55.186  5429  8526 V LocationManagerService: passive provider registration 5023/com.samsung.android.networkdiagnostic/4FDF9C6D dropped delivery - too close
04-30 01:26:55.186  5429  5596 I CAE     : parse(SLocationRunner.java:96) - SLocationRunner parse end:38
04-30 01:26:55.186  5429  5596 D CAE     : onGetSensorHubData(SensorHubParserProvider.java:89) - onGetSensorHubData Event [event buffer len :10], AP_WAKEUP
04-30 01:26:55.186  5429  8526 V LocationManagerService: passive provider registration 1000/android[SensorNotificationService]/CC5BC53F dropped delivery - too close
04-30 01:26:55.187  5429  5596 I CAE     : parse(SensorHubParserProvider.java:190) - buffer size = 10
04-30 01:26:55.187  5429  5596 I CAE     : parse(SensorHubParserProvider.java:201) - 1, 1, 55, 0, 5, 2, 34, 0, 0, 0,
04-30 01:26:55.187  5429  6058 D SLocation: LocationProcessingAlgorithm - entry condition - dist : 432.24478 padding : 0.0, accuracy : 15.15, provider : network, dir : 1
04-30 01:26:55.187  5429  6058 D SLocation: GeopointReceiver - send geopoint result - 1
04-30 01:26:55.189  5429  5596 I CAE     : parse(SLocationRunner.java:88) - SLocationRunner parse start : 3
04-30 01:26:55.189  5429  6058 I SLocation: SemContextParser -  parse start : 3
04-30 01:26:55.189  5429  5596 D CAE     : display(ContextProvider.java:375) - ================= SLOCATION_RUNNER =================
04-30 01:26:55.189  5429  6058 I SLocation: SemContextParser -  packet Length : 5packet total size : 10
04-30 01:26:55.189  5429  6058 I SLocation: SemContextParser - packet : [2, 2, 0, 0, 0]
04-30 01:26:55.189  5429  6058 I SLocation: SemContextParser -  parse start : 3
04-30 01:26:55.191  5429  6058 I SLocation: SemContextParser -  packet Length : 33packet total size : 38
04-30 01:26:55.191  5429  6058 I SLocation: SemContextParser - packet : [33, 0, 0, 0, 0, 23, 90, 121, 119, 72, 117, 8, 0, 26, -73, 53, -64, 12, 50, 124, 0, 0, 0, 0, 10, 5, 6, -55, -8, 0, 0, 3, -1]
04-30 01:26:55.191  9200  9881 W SystemServiceRegistry: No service published for: wifirtt
04-30 01:26:55.191  5429  5596 I CAE     : display(ContextProvider.java:391) - ExtraDataArray=[1, 1, 55, 0, 5, 2, 34, 0, 0, 0]
04-30 01:26:55.191  5429  6058 D SLocation: PositionManager - onLocationChanged - filter passive location because it same active location
04-30 01:26:55.192  5429  5596 I CAE     : parse(SLocationRunner.java:96) - SLocationRunner parse end:10
04-30 01:26:55.192  5429  5593 D SemContextService: Service.updateContext() : service = SLocation Core
04-30 01:26:55.192  5429  6058 D SLocation: GeofenceCoreManager - received Extra Data from core, len : 5
04-30 01:26:55.193  5429  6058 D SLocation: GeofenceCoreManager - handleCommandCallback - UNKNOWN_CALLBACK 2 SUCCESS
04-30 01:26:55.193  5429  5429 D SemContextManager: onSemContextChanged() : event = SLocation Core
04-30 01:26:55.193  5429  5429 D SLocation: SLocationCoreSem - SemContextChanged type = 47, packet received
04-30 01:26:55.193  5429  6058 D SLocation: CommonCoreManager - received Extra Data from core, len : 5
04-30 01:26:55.193  5429  6058 D SLocation: CommonCoreManager - handleCommandCallback - FUNC_TYPE : SET_LOCATION ERROR_CODE : ERROR_NONE
04-30 01:26:55.193  5429  6058 D SLocation: ARDistanceGetARDistance - convertSensorHubTimeToElapsedTime 1682789281409539973
04-30 01:26:55.194  5429  6058 D SLocation: ARDistanceGetARDistance - invalid location time from core pvt 1682789281409539973, do not use distance info
04-30 01:26:55.194  5429  6058 D SLocation: GeofenceCoreManager - received Extra Data from core, len : 33
04-30 01:26:55.194  5429  6058 D SLocation: CommonCoreManager - received Extra Data from core, len : 33
04-30 01:26:55.194  5429  6058 I SLocation: SemContextParser -  parse start : 3
04-30 01:26:55.194  5429  6058 I SLocation: SemContextParser -  packet Length : 5packet total size : 10
04-30 01:26:55.194  5429  6058 I SLocation: SemContextParser - packet : [2, 34, 0, 0, 0]
04-30 01:26:55.194  5429  6058 D SLocation: ARDistanceLibManager - command callback received - CURRENT_LOCATION_REQUEST_DISTANCE ERROR CODE : ERROR_NONE
04-30 01:26:55.194  5429  6058 D SLocation: GeofenceCoreManager - received Extra Data from core, len : 5
04-30 01:26:55.194  5429  6058 D SLocation: GeofenceCoreManager - handleCommandCallback - UNKNOWN_CALLBACK 34 SUCCESS
04-30 01:26:55.195  5429  6058 D SLocation: CommonCoreManager - received Extra Data from core, len : 5
04-30 01:26:55.215 11546 11546 I wpa_supplicant: nl80211: Drv Event 33 (NL80211_CMD_TRIGGER_SCAN) received for wlan0
04-30 01:26:55.215 11546 11546 I wpa_supplicant: wlan0: nl80211: Scan trigger
04-30 01:26:55.232  9200 20646 I GCoreUlr: Successfully inserted 1 locations
04-30 01:26:55.269  9200 20874 I SemanticLocation: [Inferrer] IncrementalTimelineInferrer.predict() logs:
04-30 01:26:55.269  9200 20874 I SemanticLocation: Timeline Paths Enabled! Start Computing the timeline paths.
04-30 01:26:55.269  9200 20874 I SemanticLocation:
04-30 01:26:55.269  9200 20874 I SemanticLocation: [CONTEXT service_id=173 ]
04-30 01:26:56.949  5429  7411 D SemWifiUsabilityStatsMonitor: onWifiUsabilityStats - seqNum 25053, isSameBssidAndFreq true
04-30 01:26:56.952  5429  5717 I SemWifiLinkQualityMonitor: Link Qos Query: 0.022 ms / 356.588 Mbps (433 / 0.000 / 1.214)
04-30 01:26:56.952  5878  5878 D NetworkController.WifiSignalController: notifyListener: visible=true, connected=true, inetCondition=1, isDefault=true, wifiTestReported=true, receivedInetCondition=-1, hideDuringMobileSwitching=false
04-30 01:26:56.955  5878  6043 D Tile.WifiTile: handleUpdateState isTransient=false transientEnabling =false cb.isTransient=false state.state = 2 mStateBeforeClick.value =false enabled =true
04-30 01:26:57.767  5429  5488 W libprocessgroup: Failed to open /dev/blkio//cgroup.procs: No such file or directory
04-30 01:26:58.264 11546 11546 I wpa_supplicant: nl80211: Drv Event 34 (NL80211_CMD_NEW_SCAN_RESULTS) received for wlan0
04-30 01:26:58.264 11546 11546 I wpa_supplicant: wlan0: nl80211: New scan results available
04-30 01:26:58.264 11546 11546 I wpa_supplicant: nl80211: Scan probed for SSID ''
04-30 01:26:58.264 11546 11546 I wpa_supplicant: nl80211: Scan included frequencies: 2412 2417 2422 2427 2432 2437 2442 2447 2452 2457 2462 2467 2472 5180 5200 5220 5240 5260 5280 5300 5320 5745 5765 5785 5805 5825
04-30 01:26:58.265  5429  8528 D WifiNl80211Manager: Scan result ready event
04-30 01:26:58.265  5848 11580 D IpClient/wlan0: interfaceLinkStateChanged: ifindex 11 up
04-30 01:26:58.265  5429  8528 D WifiNative: Scan result ready event
04-30 01:26:58.285  5429  5659 D WificondScannerImpl: Filtering out 2 scan results.
04-30 01:26:58.304  5429  5708 D SemWifiScanPool: countryCode: RS, count: 9, totalSamples: 12, rate: 75.0%
04-30 01:26:58.304  5429  5708 V SemWifiScanPool: updateScanResult, full scan:17 configKeys: 14 pool_bssid:56 pool_configKeys:24
04-30 01:26:58.305  5429  5708 D WifiConnectivityMonitor: onScanResultUpdated
04-30 01:26:58.305  5429  5708 D WifiConnectivityMonitor: mMaxScannedCountryCode : RS
04-30 01:26:58.369  5429  8526 V LocationManagerService: network provider registration 10234/com.google.android.as/A56E473A dropped delivery - too close
04-30 01:26:58.369  5429  8526 V LocationManagerService: passive provider registration 5023/com.samsung.android.networkdiagnostic/4FDF9C6D dropped delivery - too close
04-30 01:26:58.369  5429  8526 V LocationManagerService: passive provider registration 1000/android[SensorNotificationService]/CC5BC53F dropped delivery - too close
04-30 01:26:58.370  7025  7069 I NlpMonitor_FLP: monitorNlp, package=com.google.android.as/ interval=21600000
04-30 01:26:58.372  5429  8535 V LocationManagerService: passive provider registration 5023/com.samsung.android.networkdiagnostic/4FDF9C6D dropped delivery - too close
04-30 01:26:58.373  5429  8535 V LocationManagerService: passive provider registration 1000/android[SensorNotificationService]/CC5BC53F dropped delivery - too close
04-30 01:26:58.373  5429  6058 D SLocation: PositionManager - PassiveonLocationChanged network 1682810818263
04-30 01:26:58.374  5429  6058 D SLocation: PositionManager - PassiveonLocationChanged fused 1682810818262
04-30 01:26:58.374  7025  7069 I NlpAccuracyEvaluator_FLP: update nlp [wifi] fixCount=253/distDelta=0.28821167/accuracy=16.401
04-30 01:26:58.374  5429  6058 W SLocation: PositionManager - do not refresh last location about fused location
04-30 01:26:58.374  5429  6058 D SLocation: ARDistanceBigData - BIGDATA ARD - receive location
04-30 01:26:58.374  5429  6058 D SLocation: GeofenceLocationFilter - location sent before 3207, need to filter / provider : network, accuracy : 16.401
04-30 01:26:58.375  5429  6058 I SLocation: GeofenceLocationFilter - alarm set, next time to send location : 220361140, com.samsung.android.location.geofence.geopoint.d@cee8bd6
04-30 01:26:58.376  5429  6058 D SLocation: SLocationCoreSem - send to coreSem, packet length : 23 / [2, 26, 183, 31, 135, 12, 49, 250, 73, 0, 0, 0, 16, 2, 0, 0, 1, 135, 207, 87, 78, 215, 0]
04-30 01:26:58.376  5429  6058 D SemContextLocationCoreAttribute: setAttribute() mode : 0 action : 23
04-30 01:26:58.376  5429  6058 D SemContextService: lock : changeParameters
04-30 01:26:58.377  5429  6058 D SemContext.CaeProvider.LocationCoreImpl: setAttribute() mode : 0 action : 23
04-30 01:26:58.378  5429  6058 W CAE     : setCAProperty(ContextAwareService.java:513) - [setProperty 01] Mutex is locked for SLOCATION_RUNNER
04-30 01:26:58.380  5429  6058 I CAE     : setPropertyValue(SLocationRunner.java:116) - SLocationRunner setProperty header : 2, len : 23
04-30 01:26:58.380  5429  6058 I CAE     : sendCmdToSensorHub(SensorHubCommManager.java:156) - -63, 23, 55, 2, 26, -73, 31, -121, 12, 49, -6, 73, 0, 0, 0, 16, 2, 0, 0, 1, -121, -49, 87, 78, -41, 0,
04-30 01:26:58.384  5429  5598 D SensorService: setSContextDataLocked ints length 8 , byte length 26
04-30 01:26:58.384  5429  5598 D SensorService: setSContextDataLocked 23717c1
04-30 01:26:58.384  4993  4993 I SensorsHub: SContextSensor::injecet_sensor_data
04-30 01:26:58.385  4993  4993 D SensorsHub: c1 17 37 02 1a b7 1f 87 0c 31 fa 49 00 00 00 10
04-30 01:26:58.385  4993  4993 D SensorsHub: 02 00 00 01 87 cf 57 4e d7 00
04-30 01:26:58.385  4993  4993 D SensorsHub: inject_scontext_data: New ssp_data_injection_fd(28)
04-30 01:26:58.385  4993  4993 D SensorsHub: SContext Data Injection return 26
04-30 01:26:58.385  4993  5068 I SensorsHub: context 10 0 9 1,1,55,0,5,2,2,0,0,0, 220358358300738
04-30 01:26:58.386  5429  5595 D SensorHubManager: onGetSensorHubDataLocked: library(10) = 1, 1, 55, 0, 5, 2, 2, 0, 0, 0
04-30 01:26:58.386  5429  6058 W CAE     : setCAProperty(ContextAwareService.java:519) - [setProperty 02] Mutex is unlocked for SLOCATION_RUNNER
04-30 01:26:58.386  5429  6058 D SemContextService: unlock : changeParameters
04-30 01:26:58.387  5429  6058 D SemContextManager:   .changeParameters : listener = com.samsung.android.location.semcontext.a@14d0c89, service=SLocation Core
04-30 01:26:58.387  5429  5596 D CAE     : onGetSensorHubData(SensorHubParserProvider.java:89) - onGetSensorHubData Event [event buffer len :10], AP_WAKEUP
04-30 01:26:58.387  5429  6058 D SLocation: ARDistanceLibManager - request distance diff to AR Distance Library
04-30 01:26:58.387  5429  6058 D SLocation: SLocationCoreSem - send to coreSem, packet length : 1 / [34]
04-30 01:26:58.387  5429  5596 I CAE     : parse(SensorHubParserProvider.java:190) - buffer size = 10
04-30 01:26:58.387  5429  6058 D SemContextLocationCoreAttribute: setAttribute() mode : 0 action : 23
04-30 01:26:58.387  5429  6058 D SemContextService: lock : changeParameters
04-30 01:26:58.387  5429  6058 D SemContext.CaeProvider.LocationCoreImpl: setAttribute() mode : 0 action : 23
04-30 01:26:58.388  5429  5596 I CAE     : parse(SensorHubParserProvider.java:201) - 1, 1, 55, 0, 5, 2, 2, 0, 0, 0,
04-30 01:26:58.388  5429  6058 W CAE     : setCAProperty(ContextAwareService.java:513) - [setProperty 01] Mutex is locked for SLOCATION_RUNNER
04-30 01:26:58.388  5429  5596 I CAE     : parse(SLocationRunner.java:88) - SLocationRunner parse start : 3
04-30 01:26:58.388  5429  5596 D CAE     : display(ContextProvider.java:375) - ================= SLOCATION_RUNNER =================
04-30 01:26:58.389  5429  5596 I CAE     : display(ContextProvider.java:391) - ExtraDataArray=[1, 1, 55, 0, 5, 2, 2, 0, 0, 0]
04-30 01:26:58.389  5429  6058 I CAE     : setPropertyValue(SLocationRunner.java:116) - SLocationRunner setProperty header : 34, len : 1
04-30 01:26:58.389  5429  5593 D SemContextService: Service.updateContext() : service = SLocation Core
04-30 01:26:58.389  5429  6058 I CAE     : sendCmdToSensorHub(SensorHubCommManager.java:156) - -63, 23, 55, 34,
04-30 01:26:58.389  5429  5596 I CAE     : parse(SLocationRunner.java:96) - SLocationRunner parse end:10
04-30 01:26:58.390  5429  5429 D SemContextManager: onSemContextChanged() : event = SLocation Core
04-30 01:26:58.390  5429  5429 D SLocation: SLocationCoreSem - SemContextChanged type = 47, packet received
04-30 01:26:58.390  5429  5598 D SensorService: setSContextDataLocked ints length 2 , byte length 4
04-30 01:26:58.390  5429  5598 D SensorService: setSContextDataLocked 223717c1
04-30 01:26:58.390  4993  4993 I SensorsHub: SContextSensor::injecet_sensor_data
04-30 01:26:58.390  4993  4993 D SensorsHub: c1 17 37 22
04-30 01:26:58.390  4993  4993 D SensorsHub: inject_scontext_data: New ssp_data_injection_fd(28)
04-30 01:26:58.390  4993  4993 D SensorsHub: SContext Data Injection return 4
04-30 01:26:58.391  4993  5068 I SensorsHub: context 38 0 37 1,1,55,0,33,33,0,0,0,0,23,90,121,119,72,117,8,0,26,183,53,192,12,50,124,0,0,0,0,10,5,8,25,232,0,0,3,255, 220358363783853
04-30 01:26:58.391  4993  5068 I SensorsHub: context 10 0 9 1,1,55,0,5,2,34,0,0,0, 220358363806700
04-30 01:26:58.391  5429  6058 W CAE     : setCAProperty(ContextAwareService.java:519) - [setProperty 02] Mutex is unlocked for SLOCATION_RUNNER
04-30 01:26:58.391  5429  6058 D SemContextService: unlock : changeParameters
04-30 01:26:58.391  5429  5595 D SensorHubManager: onGetSensorHubDataLocked: library(38) = 1, 1, 55, 0, 33, 33, 0, 0, 0, 0, 23, 90, 121, 119, 72, 117, 8, 0, 26, -73, 53, -64, 12, 50, 124, 0, 0, 0, 0, 10, 5, 8, 25, -24, 0, 0, 3, -1
04-30 01:26:58.391  5429  6058 D SemContextManager:   .changeParameters : listener = com.samsung.android.location.semcontext.a@14d0c89, service=SLocation Core
04-30 01:26:58.391  5429  6058 D SLocation: ARDistanceBigData - BIGDATA ARD - receive location
04-30 01:26:58.392  5429  6058 D SLocation: ARDistanceLibManager - request distance diff to AR Distance Library
04-30 01:26:58.392  5429  5595 D SensorHubManager: onGetSensorHubDataLocked: library(10) = 1, 1, 55, 0, 5, 2, 34, 0, 0, 0
04-30 01:26:58.392  5429  6058 D SLocation: ARDistanceGetARDistance - ignore request, waiting for packet
04-30 01:26:58.392  5429  5596 D CAE     : onGetSensorHubData(SensorHubParserProvider.java:89) - onGetSensorHubData Event [event buffer len :38], AP_WAKEUP
04-30 01:26:58.392  5429  6058 D SLocation: PositionManager - receive fused location
04-30 01:26:58.392  5429  6058 I SLocation: SemContextParser -  parse start : 3
04-30 01:26:58.392  5429  6058 I SLocation: SemContextParser -  packet Length : 5packet total size : 10
04-30 01:26:58.392  5429  5596 I CAE     : parse(SensorHubParserProvider.java:190) - buffer size = 38
04-30 01:26:58.392  5429  6058 I SLocation: SemContextParser - packet : [2, 2, 0, 0, 0]
04-30 01:26:58.393  5429  5596 I CAE     : parse(SensorHubParserProvider.java:201) - 1, 1, 55, 0, 33, 33, 0, 0, 0, 0, 23, 90, 121, 119, 72, 117, 8, 0, 26, -73, 53, -64, 12, 50, 124, 0, 0, 0, 0, 10, 5, 8, 25, -24, 0, 0, 3, -1,
04-30 01:26:58.393  5429  6058 D SLocation: GeofenceCoreManager - received Extra Data from core, len : 5
04-30 01:26:58.393  5429  6058 D SLocation: GeofenceCoreManager - handleCommandCallback - UNKNOWN_CALLBACK 2 SUCCESS
04-30 01:26:58.393  5429  6058 D SLocation: CommonCoreManager - received Extra Data from core, len : 5
04-30 01:26:58.393  5429  5596 I CAE     : parse(SLocationRunner.java:88) - SLocationRunner parse start : 3
04-30 01:26:58.393  5429  6058 D SLocation: CommonCoreManager - handleCommandCallback - FUNC_TYPE : SET_LOCATION ERROR_CODE : ERROR_NONE
04-30 01:26:58.393  5429  5596 D CAE     : display(ContextProvider.java:375) - ================= SLOCATION_RUNNER =================
04-30 01:26:58.394  5429  5596 I CAE     : display(ContextProvider.java:391) - ExtraDataArray=[1, 1, 55, 0, 33, 33, 0, 0, 0, 0, 23, 90, 121, 119, 72, 117, 8, 0, 26, -73, 53, -64, 12, 50, 124, 0, 0, 0, 0, 10, 5, 8, 25, -24, 0, 0, 3, -1]
04-30 01:26:58.394  5429  5593 D SemContextService: Service.updateContext() : service = SLocation Core
04-30 01:26:58.395  5429  5429 D SemContextManager: onSemContextChanged() : event = SLocation Core
04-30 01:26:58.395  5429  5429 D SLocation: SLocationCoreSem - SemContextChanged type = 47, packet received
04-30 01:26:58.395  5429  5596 I CAE     : parse(SLocationRunner.java:96) - SLocationRunner parse end:38
