04-30 01:25:31.088 12235 12258 I TestRunner: started: inlineDouble(org.jetbrains.android_benchmark.Wolf3dBenchmark)
04-30 01:25:31.091 12235 12235 I MonitoringInstr: Activities that are still in CREATED to STOPPED: 1
04-30 01:25:31.091 12235 12235 I MonitoringInstr: Finishing activity: androidx.benchmark.IsolationActivity@60bdc39
04-30 01:25:31.096 12235 12258 I GrantPermissionCallable: Permission: android.permission.WRITE_EXTERNAL_STORAGE is already granted!
04-30 01:25:31.096 12235 12258 I GrantPermissionCallable: Permission: android.permission.READ_EXTERNAL_STORAGE is already granted!
04-30 01:25:31.096 12235 12258 D Benchmark: -- Running org.jetbrains.android_benchmark.Wolf3dBenchmark#inlineDouble --
04-30 01:25:31.097 12235 12258 D PerfettoCapture: Supported ABIs: arm64-v8a, armeabi-v7a, armeabi
04-30 01:25:31.097 12235 12258 D PerfettoCapture: Recording perfetto trace
04-30 01:25:31.129 12235 12258 I PerfettoCapture: Cleanup perfetto before starting.
04-30 01:25:31.338 12235 12258 I PerfettoCapture: Perfetto output file cleanup -
04-30 01:25:31.338 12235 12258 I PerfettoCapture: Starting perfetto tracing with cmd: cat /storage/emulated/0/Android/data/org.jetbrains.android_benchmark.test/cache/trace_config.pb | perfetto --background -c - -o /data/misc/perfetto-traces/trace_output.pb
04-30 01:25:31.511 20491 20491 I perfetto:    perfetto_cmd.cc:1001 Connected to the Perfetto traced service, starting tracing
04-30 01:25:31.512  5131  5131 I perfetto: ing_service_impl.cc:953 Configured tracing session 298, #sources:4, duration:0 ms, #buffers:2, total buffer size:36864 KB, total sessions:1, uid:2000 session name: ""
04-30 01:25:31.513  5130  5130 I perfetto:  probes_producer.cc:139 Ftrace setup (target_buf=595)
04-30 01:25:31.560 12235 12258 I PerfettoCapture: Perfetto output - 20491
04-30 01:25:31.560 12235 12258 I PerfettoCapture: EXITCODE=0
04-30 01:25:31.576  4389  4389 I hwservicemanager: getTransport: Cannot find entry android.hardware.atrace@1.0::IAtraceDevice/default in either framework or device VINTF manifest.
04-30 01:25:31.589  5429  5488 W libprocessgroup: Failed to open /dev/blkio//cgroup.procs: No such file or directory
04-30 01:25:31.599  5429  7411 D SemWifiUsabilityStatsMonitor: onWifiUsabilityStats - seqNum 25025, isSameBssidAndFreq true
04-30 01:25:31.601  5429  5717 I SemWifiLinkQualityMonitor: Link Qos Query: 0.018 ms / 433.000 Mbps (433 / 0.000 / 1.000)
04-30 01:25:31.608  5130  5130 I perfetto:    ftrace_procfs.cc:335 enabled ftrace in /sys/kernel/tracing/
04-30 01:25:31.612 12145 12145 I SCS@AiSearch user 0: (ObserverWorker::AOSP_MP) [main] entering in startWork():
04-30 01:25:31.613 12145 12145 I SCS@AiSearch user 0: (BaseCollector::AOSP_MP) [main] entering in onChange():
04-30 01:25:31.614 12145 12208 I SCS@AiSearch user 0: (BaseCollector::AOSP_MP) [AOSP_MP-0] entering in collectChanges():
04-30 01:25:31.630  5429  8528 D PackageManager: setEnabledSetting : userId = 0 packageName = com.samsung.android.scs cmp = androidx.work.impl.background.systemalarm.RescheduleReceiver newState = 1 callingPackage = 10380/com.samsung.android.scs
04-30 01:25:31.631  5429  8528 D ApplicationPolicy: getApplicationStateEnabled : pkg = com.samsung.android.scs userId : 0
04-30 01:25:31.632  5429  8528 D ApplicationPolicy: getApplicationComponentState : pkg = com.samsung.android.scs userId : 0
04-30 01:25:31.690 12235 12258 I PerfettoCapture: Perfetto tracing started successfully with pid 20491.
04-30 01:25:31.700 12145 12208 I SCS@AiSearch user 0: (BaseCollector::AOSP_MP) fetchInternal values : maxSyncId: 1000008329 indexCount: 895 sourceCount: 895
04-30 01:25:31.779 12235 12258 I PerfettoCapture: /sys/kernel/tracing/tracing_on = 1, polled 0 times, capture fully started
04-30 01:25:31.781 12235 12258 D Benchmark: Set 12258 (Bench thread) to priority -20. Was -8, now -20
04-30 01:25:31.781 12235 12258 D Benchmark: Set 12243 (Jit) to priority -15. Was 9, now -15
04-30 01:25:31.789 12145 12208 I SCS@AiSearch user 0: (IndexManager) [AOSP_MP-0] entering in addIndex():
04-30 01:25:31.797 12145 12208 I SCS@AiSearch user 0: (BaseCollector::AOSP_MP) fetch: fetching took  127 ms
04-30 01:25:31.797 12145 12208 I SCS@AiSearch user 0: (BaseCollector::AOSP_MP) fetchChanges: applied 0 items
04-30 01:25:31.798 12145 12208 I SCS@AiSearch user 0: (BaseCollector::AOSP_MP) Collect finished. Result: true
04-30 01:25:31.801 12145 12181 I WM-WorkerWrapper: Worker result SUCCESS for Work [ id=87ec333c-a145-4f27-807f-19c40b6621ac, tags={ com.sec.android.app.myfiles, com.samsung.android.scs.ai.search.data.collector.ObserverWorker } ]
04-30 01:25:31.811 12145 12208 I SCS@AiSearch user 0: (BaseCollector::AOSP_MP) enqueue ObserverWorker name: com.sec.android.app.myfiles, policy: APPEND_OR_REPLACE
04-30 01:25:31.812 12235 12258 I _benchmark.test: Explicit concurrent copying GC freed 8844(719KB) AllocSpace objects, 1(20KB) LOS objects, 67% free, 2986KB/9130KB, paused 366us,63us total 31.114ms
04-30 01:25:31.908  5429  8526 D PackageManager: setEnabledSetting : userId = 0 packageName = com.samsung.android.scs cmp = androidx.work.impl.background.systemalarm.RescheduleReceiver newState = 1 callingPackage = 10380/com.samsung.android.scs
04-30 01:25:31.909  5429  8526 D ApplicationPolicy: getApplicationStateEnabled : pkg = com.samsung.android.scs userId : 0
04-30 01:25:31.911  5429  8526 D ApplicationPolicy: getApplicationComponentState : pkg = com.samsung.android.scs userId : 0
04-30 01:25:31.916  5429  5705 I ChimeraAggressivePolicyHandler: executePolicy() - triggerSource: TRIGGER_SOURCE_LMKD
04-30 01:25:31.919  5429  5705 I ChimeraAggressivePolicyHandler: available memory: 1067132, free memory target: 870400, quit chimera
04-30 01:25:34.654  5429  7411 D SemWifiUsabilityStatsMonitor: onWifiUsabilityStats - seqNum 25026, isSameBssidAndFreq true
04-30 01:25:34.658  5429  5717 I SemWifiLinkQualityMonitor: Link Qos Query: 0.018 ms / 433.000 Mbps (433 / 0.000 / 1.000)
04-30 01:25:34.934 30292 30337 I ContactsProvider_EventLog: cp_s: [CONTACT con(156) dat(1077) acc({sim(3)=15, sec(6)=1, sim2(4)=1, google(2)=81, org.telegram.messenger(236)=99, com.whatsapp(14)=39}) calls([logtype:100 cnt:867, logtype:200 cnt:5, logtype:300 cnt:495, logtype:1000 cnt:608, logtype:1150 cnt:161]) Iso(RS) uId(0) ]
04-30 01:25:34.934 30292 30337 I ContactsProvider_EventLog: cp_s: [ agr({[2 ,2 ,14 ,236]=1, [2 ,14 ,236]=32, [3]=15, [14]=1, [4]=1, [2 ,14]=4, [2 ,2]=2, [2]=33, [6 ,14]=1, [2 ,236]=6, [236]=60}) ]
04-30 01:25:34.934 30292 30337 I ContactsProvider_EventLog: cp_s: [ cnt({acore(30292)=1}) ]
04-30 01:25:34.934 30292 30337 I ContactsProvider_EventLog: cp_s: [PROFILE con(1) dat(1) acc({vnd.sec.contact.phone=1}) ] [SAPROFILE ]
04-30 01:25:34.934 30292 30337 I ContactsProvider_EventLog: cp_s: [STATE R(T) ]
04-30 01:25:36.437  8401 10267 I BluetoothAdapter: STATE_ON
04-30 01:25:36.444  8401 10267 D BluetoothGatt: connect() - device: 645DF4_1, auto: false
04-30 01:25:36.444  8401 10267 D BluetoothGatt: registerApp()
04-30 01:25:36.445  8401 10267 D BluetoothGatt: registerApp() - UUID=841979c1-d463-4b7f-baec-324d65d55c0b
04-30 01:25:36.453  6118  6724 D BtGatt.GattService: registerClient(com.google.android.googlequicksearchbox) - UUID=841979c1-d463-4b7f-baec-324d65d55c0b
04-30 01:25:36.457  6118  6724 D BtGatt.ContextMap: add() - appUid: 10233, appPid: 8401, appName: com.google.android.googlequicksearchbox
04-30 01:25:36.462  6118  6631 W bt_bta_gattc: bta_gattc_register :: state: 2, uuid=841979c1-d463-4b7f-baec-324d65d55c0b
04-30 01:25:36.464  6118  6631 W bt_bta_gattc: Registered GATT client interface 6 with uuid=841979c1-d463-4b7f-baec-324d65d55c0b, starting it on main thread
04-30 01:25:36.464  8401 10267 I GattConnObserver: GATT connect started, beginning countdown timer
04-30 01:25:36.464  6118  6324 D BtGatt.GattService: onClientRegistered() - UUID=841979c1-d463-4b7f-baec-324d65d55c0b, clientIf=6
04-30 01:25:36.465  6118  6631 W bt_bta_gattc: client_if=6
04-30 01:25:36.471  8401 12643 D BluetoothGatt: onClientRegistered() - status=0 clientIf=6
04-30 01:25:36.487  6118  6724 D BtGatt.GattService: clientConnect(com.google.android.googlequicksearchbox) - address = 645DF4_1, isDirect=true transport =2 set own addr = false own addr type:0, clientIf: 6, opportunistic=false, phy: 1
04-30 01:25:36.491  6118  6631 W bt_btm_ble: BTM_SecAddBleDevice :: dev_type=0x3
04-30 01:25:36.492  6118  6631 W bt_bta_gattc: bta_gattc_process_api_open
04-30 01:25:36.499  6118  6631 I bt_stack: [INFO:bta_gattc_main.cc(314)] bta_gattc_sm_execute: State 0x00, Event 0x1f00
04-30 01:25:36.499  6118  6631 W bt_bta_gattc: bta_gattc_open
04-30 01:25:36.501  6118  6631 W bt_stack: [WARNING:gatt_api.cc(1238)] GATT_Connect
04-30 01:25:36.503  6118  6631 W bt_stack: Starting direct connect gatt_if=6 address=645df4
04-30 01:25:36.503  6118  6631 W bt_stack: gatt_act_connect
04-30 01:25:36.507  6118  6631 I bt_stack: [INFO:gatt_attr.cc(886)] gatt_sr_init_cl_status: bda=645df4, cl_supp_feat=0000, aware=1
04-30 01:25:36.509  6118  6631 W bt_stack: gatt_connect
04-30 01:25:36.510  6118  6631 W bt_stack: gatt_connect :: call acl_create_le_connection_with_id
04-30 01:25:36.514  6118  6631 W btm_acl : Creating le direct connection to:xx:xx:xx:xx:b3:b1[public]
04-30 01:25:36.515  6118  6631 W bt_stack: AcceptLeConnectionFrom xx:xx:xx:xx:b3:b1
04-30 01:25:36.517  6118  6611 W bt_stack: Allow Le connection from remote:xx:xx:xx:xx:b3:b1[PUBLIC_DEVICE_ADDRESS]
04-30 01:25:36.518  6118  6611 W bt_stack: create_le_connection :: address : 64:5d:f4, add_to_connect_list : 1, is_direct : 1
04-30 01:25:36.519  6118  6611 W bt_stack: add_device_to_connect_list 64:5d:f4 :: Send command after register
04-30 01:25:36.521  6118  6611 W bt_stack: add_device_to_connect_list :: Device is found in security db(64:5d:f4 -> 645df4)
04-30 01:25:36.521  6118  6611 W bt_stack: add_device_to_connect_list :: set address_with_type as identity_addr
04-30 01:25:36.521  6118  6611 W bt_stack: Fast Connection Mode is already Set!!!
04-30 01:25:36.523  6118  6611 W bt_stack: Deferred until filter accept list has completed
04-30 01:25:36.523  6118  6611 W bt_stack: pause_registered_clients()
04-30 01:25:36.523  6118  6611 W bt_stack: le_scanning_manager :: OnPause()
04-30 01:25:36.523  6118  6611 W bt_stack: Stop LeSetScanEnable
04-30 01:25:36.523  6118  6611 W bt_stack: le_scanning_manager :: OnPause() - call AckPause
04-30 01:25:36.523  6118  6611 W bt_stack: le_impl :: OnPause()
04-30 01:25:36.523  6118  6611 W bt_stack: le_impl :: ConnectabilityState is DISARMED. Call AckPause()
04-30 01:25:36.523  6118  6611 W bt_stack: pause_registered_clients()
04-30 01:25:36.526  6118  6611 W bt_stack: le_address_manager :: ack_pause()
04-30 01:25:36.526  6118  6611 W bt_stack: le_address_manager :: ack_pause() - make sure all client paused. Return
04-30 01:25:36.526  6118  6611 W bt_stack: le_address_manager :: ack_pause()
04-30 01:25:36.526  6118  6611 W bt_stack: le_address_manager :: ack_pause() - handle_next_command
04-30 01:25:36.526  6118  6611 W bt_stack: handle_next_command()
04-30 01:25:36.528  6118  6611 W bt_stack: Received command complete with op_code LE_ADD_DEVICE_TO_FILTER_ACCEPT_LIST
04-30 01:25:36.528  6118  6611 W bt_stack: handle_next_command()
04-30 01:25:36.530  6118  6611 W bt_stack: Received command complete with op_code LE_ADD_DEVICE_TO_FILTER_ACCEPT_LIST
04-30 01:25:36.530  6118  6611 W bt_stack: le_scanning_manager :: OnResume()
04-30 01:25:36.530  6118  6611 W bt_stack: Start LeSetScan
04-30 01:25:36.530  6118  6611 W bt_stack: le_scanning_manager :: OnResume() - call AckResume
04-30 01:25:36.530  6118  6611 W bt_stack: le_impl :: OnResume()
04-30 01:25:36.530  6118  6611 W bt_stack: le_impl :: OnResume - Try arm connectability
04-30 01:25:36.530  6118  6611 W bt_stack: arm_connectability()
04-30 01:25:36.533  6118  6611 W bt_stack: le_impl :: check_for_unregister()
04-30 01:25:36.533  6118  6611 W bt_stack: le_address_manager :: ack_resume()
04-30 01:25:36.533  6118  6611 W bt_stack: le_address_manager :: ack_resume()
04-30 01:25:36.536  6118  6611 E bt_stack: on_create_connection :: Command status is success. Set ConnectabilityState to ARMED
04-30 01:25:37.694  5429  7411 D SemWifiUsabilityStatsMonitor: onWifiUsabilityStats - seqNum 25027, isSameBssidAndFreq true
04-30 01:25:37.698  5429  5717 I SemWifiLinkQualityMonitor: Link Qos Query: 0.018 ms / 433.000 Mbps (433 / 0.000 / 1.000)
04-30 01:25:38.821  4899  4899 E audit   : type=1400 audit(1682810738.819:84929): avc:  denied  { getattr } for  pid=5429 comm="BinderProcsColl" path="/sys/kernel/debug/binder/proc/5429" dev="debugfs" ino=28624 scontext=u:r:system_server:s0 tcontext=u:object_r:sec_debugfs:s0 tclass=file permissive=0 SEPF_SM-A515F_13_0001 audit_filtered
04-30 01:25:38.821  4899  4899 E audit   : type=1300 audit(1682810738.819:84929): arch=c00000b7 syscall=79 success=no exit=-13 a0=ffffff9c a1=76cbb4df90 a2=766eae5680 a3=0 items=0 ppid=4924 pid=5429 auid=4294967295 uid=1000 gid=1000 euid=1000 suid=1000 fsuid=1000 egid=1000 sgid=1000 fsgid=1000 tty=(none) ses=4294967295 comm="BinderProcsColl" exe="/system/bin/app_process64" subj=u:r:system_server:s0 key=(null)
04-30 01:25:38.821  4899  4899 E audit   : type=1327 audit(1682810738.819:84929): proctitle="system_server"
04-30 01:25:40.426  5429  5705 I ChimeraAggressivePolicyHandler: executePolicy() - triggerSource: TRIGGER_SOURCE_LMKD
04-30 01:25:40.427  5429  5705 I ChimeraAggressivePolicyHandler: available memory: 1056816, free memory target: 870400, quit chimera
04-30 01:25:40.750  5429  7411 D SemWifiUsabilityStatsMonitor: onWifiUsabilityStats - seqNum 25028, isSameBssidAndFreq true
04-30 01:25:40.755  5429  5717 I SemWifiLinkQualityMonitor: Link Qos Query: 0.018 ms / 433.000 Mbps (433 / 0.000 / 1.000)
04-30 01:25:41.097  5429  5488 W libprocessgroup: Failed to open /dev/blkio//cgroup.procs: No such file or directory
04-30 01:25:41.141  5095  5095 I SurfaceFlinger: SFWD update time=159773548308257
04-30 01:25:41.232  5429  5665 D ConnectivityService: reportNetworkActive, notify 0 listeners
04-30 01:25:41.471  8401  8401 W GattConnObserver: GATT connect timeout!
04-30 01:25:41.472  8401  8401 D BluetoothGatt: cancelOpen() - device: 645DF4_1
04-30 01:25:41.485  6118  6724 D BtGatt.GattService: clientDisconnect(com.google.android.googlequicksearchbox) - address=645DF4_1, connId=null, clientIf: 6
04-30 01:25:41.490  6118  6631 W bt_bta_gattc: bta_gattc_process_api_open_cancel
04-30 01:25:41.491  6118  6631 W bt_bta_gattc: Cancel GATT client direct connection
04-30 01:25:41.491  6118  6631 I bt_stack: [INFO:bta_gattc_main.cc(314)] bta_gattc_sm_execute: State 0x01, Event 0x1f02
04-30 01:25:41.492  6118  6631 W bt_bta_gattc: bta_gattc_cancel_open
04-30 01:25:41.493  6118  6631 W bt_stack: [WARNING:gatt_api.cc(1322)] GATT_CancelConnect: gatt_if:6, address: 645df4, direct:1
04-30 01:25:41.493  6118  6631 W bt_stack: gatt_disconnect
04-30 01:25:41.494  6118  6631 W bt_stack: Unable to find background connection to remove
04-30 01:25:41.494  6118  6631 W bt_stack: BTM_AcceptlistRemove
04-30 01:25:41.494  6118  6631 W bt_stack: IgnoreLeConnectionFrom xx:xx:xx:xx:b3:b1
04-30 01:25:41.495  6118  6631 W gatt_utils: gatt_cleanup_upon_disc
04-30 01:25:41.495  6118  6611 W bt_stack: Ignore Le connection from remote:xx:xx:xx:xx:b3:b1[PUBLIC_DEVICE_ADDRESS]
04-30 01:25:41.495  6118  6631 W gatt_utils: gatt_cleanup_upon_disc :: GATT_CH_CLOSE
04-30 01:25:41.495  6118  6631 W bt_stack: Unable to find background connection to remove
04-30 01:25:41.496  6118  6631 I bt_stack: [INFO:bta_gattc_main.cc(314)] bta_gattc_sm_execute: State 0x01, Event 0x1f03
04-30 01:25:41.496  6118  6611 W bt_stack: cancel_connection_and_remove_device_from_background_connection_list 64:5d:f4
04-30 01:25:41.496  6118  6611 W bt_stack: remove_device_from_background_connection_list 64:5d:f4
04-30 01:25:41.496  6118  6611 W bt_stack: cancel_connect 64:5d:f4
04-30 01:25:41.496  6118  6631 W bt_bta_gattc: bta_gattc_cancel_open_ok
04-30 01:25:41.496  6118  6631 W bt_bta_gattc: bta_gattc_process_api_open_cancel
04-30 01:25:41.496  6118  6631 W bt_bta_gattc: Cancel GATT client background connection
04-30 01:25:41.496  6118  6631 W bt_bta_gattc: bta_gattc_cancel_bk_conn
04-30 01:25:41.496  6118  6611 W bt_stack: remove_device_from_connect_list 64:5d:f4 :: Send command after register
04-30 01:25:41.497  6118  6611 W bt_stack: remove_device_from_connect_list :: Device is found in security db(64:5d:f4 -> 645df4)
04-30 01:25:41.497  6118  6611 W bt_stack: remove_device_from_connect_list :: set address_with_type as identity_addr
04-30 01:25:41.497  6118  6611 W bt_stack: pause_registered_clients()
04-30 01:25:41.497  6118  6611 W bt_stack: le_scanning_manager :: OnPause()
04-30 01:25:41.497  6118  6611 W bt_stack: Stop LeSetScanEnable
04-30 01:25:41.497  6118  6611 W bt_stack: le_scanning_manager :: OnPause() - call AckPause
04-30 01:25:41.497  6118  6611 W bt_stack: le_impl :: OnPause()
04-30 01:25:41.498  6118  6611 W bt_stack: le_impl :: Try to disarm connectability
04-30 01:25:41.498  6118  6611 W bt_stack: disarm_connectability()
04-30 01:25:41.498  6118  6611 W bt_stack: Pause Background Connection
04-30 01:25:41.498  6118  6611 W bt_stack: pause_registered_clients()
04-30 01:25:41.498  6118  6631 E bt_stack: [ERROR:bta_gattc_utils.cc(447)] bta_gattc_mark_bg_conn unable to find the bg connection mask for bd_addr=645df4
04-30 01:25:41.498  6118  6631 E bta_gattc_main: Ignore unknown conn ID: 3
04-30 01:25:41.498  6118  6631 E bta_gattc_main: Ignore unknown conn ID: 4
04-30 01:25:41.498  6118  6631 E bta_gattc_main: Ignore unknown conn ID: 5
04-30 01:25:41.498  6118  6631 E bta_gattc_main: Ignore unknown conn ID: 6
04-30 01:25:41.499  6118  6611 W bt_stack: le_address_manager :: ack_pause()
04-30 01:25:41.499  6118  6611 W bt_stack: le_address_manager :: ack_pause() - make sure all client paused. Return
04-30 01:25:41.513  8401 10272 I BistoGattHelper: (REDACTED) [%s] GATT disconnected
04-30 01:25:41.515  6118  6611 W bt_stack: on_le_enhanced_connection_complete()
04-30 01:25:41.515  6118  6611 W bt_stack: on_le_enhanced_connection_complete :: Role is central. Set connectability to DISARMED
04-30 01:25:41.516  6118  6611 W bt_stack: on_le_enhanced_connection_complete :: pause_connection : 1
04-30 01:25:41.516  6118  6611 W bt_stack: on_le_connection_canceled_on_pause(). Set connectability to DISARMED
04-30 01:25:41.516  6118  6611 W bt_stack: le_address_manager :: ack_pause()
04-30 01:25:41.516  6118  6611 W bt_stack: le_address_manager :: ack_pause() - handle_next_command
04-30 01:25:41.516  6118  6611 W bt_stack: handle_next_command()
04-30 01:25:41.519  6118  6611 W bt_stack: Received command complete with op_code LE_REMOVE_DEVICE_FROM_FILTER_ACCEPT_LIST
04-30 01:25:41.519  6118  6611 W bt_stack: handle_next_command()
04-30 01:25:41.521  6118  6611 W bt_stack: Received command complete with op_code LE_REMOVE_DEVICE_FROM_FILTER_ACCEPT_LIST
04-30 01:25:41.521  8401 10272 I RemotePeerStateCommunicator: (REDACTED) RemotePeerStateCommunicator scheduling message : %d, action: %s, device id : %s
04-30 01:25:41.521  6118  6611 W bt_stack: le_scanning_manager :: OnResume()
04-30 01:25:41.521  6118  6611 W bt_stack: Start LeSetScan
04-30 01:25:41.521  6118  6611 W bt_stack: le_scanning_manager :: OnResume() - call AckResume
04-30 01:25:41.521  6118  6611 W bt_stack: le_impl :: OnResume()
04-30 01:25:41.521  6118  6611 W bt_stack: le_impl :: OnResume - Try arm connectability
04-30 01:25:41.521  6118  6611 W bt_stack: arm_connectability()
04-30 01:25:41.521  6118  6611 W bt_stack: le_impl :: check_for_unregister()
04-30 01:25:41.522  6118  6611 W bt_stack: le_address_manager :: ack_resume()
04-30 01:25:41.523  6118  6611 W bt_stack: le_address_manager :: ack_resume()
04-30 01:25:41.528  8401 10272 I BistoGattHelper: (REDACTED) [%s] close
04-30 01:25:41.532  8401 10272 I BistoGattHelper: (REDACTED) [%s] executeNextShutdownOperation
04-30 01:25:41.532  8401 10272 D BluetoothGatt: close()
04-30 01:25:41.534  8401 10272 D BluetoothGatt: unregisterApp() - mClientIf=6
04-30 01:25:41.535  6118  6724 D BtGatt.GattService: unregisterClient(com.google.android.googlequicksearchbox) - clientIf=6
04-30 01:25:41.536  6118  6724 D BtGatt.ContextMap: remove() - id: 6
04-30 01:25:41.536  6118  6724 E BtGatt.ContextMap: remove() - removed: 6
04-30 01:25:41.536  6118  6631 W bt_bta_gattc: bta_gattc_deregister
04-30 01:25:41.537  6118  6631 I bt_stack: [INFO:gatt_api.cc(1111)] GATT_Deregister gatt_if=6
04-30 01:25:41.537  6118  6631 W bt_stack: on_app_deregistered :: app_id=6
04-30 01:25:41.537  6118  6631 I bt_stack: [INFO:gatt_api.cc(1164)] Initialize tGATT_REG
04-30 01:25:41.541  8401 10272 I BistoGattHelper: (REDACTED) [%s] GATT released
04-30 01:25:41.541  8401 10272 I BistoGattHelper: (REDACTED) [%s] close
04-30 01:25:41.541  8401 10272 I BistoGattHelper: (REDACTED) [%s] executeNextShutdownOperation
04-30 01:25:41.552  8401 10272 E GmuTls  : You must initialize the system with proper values before handshake
04-30 01:25:41.707  5067  5067 E sehhealth-service: Could not open /sys/class/power_supply/battery/lrp
04-30 01:25:41.862  5429 20554 D TrafficStats: tagSocket(939) with statsTag=0xffffffff, statsUid=-1
04-30 01:25:42.069  5429 20554 D WifiConnectivityMonitor.DnsThread:  [|207]
04-30 01:25:42.071  5429  5738 D WifiConnectivityMonitor.NetworkStatsAnalyzer: DNS resultType : 0, responseTime : 207
04-30 01:25:42.071  5429  5736 D OpenNetworkQos[4.00]: updateBssidLatestDnsResultType - result: 0
04-30 01:25:42.072  5429  5736 D OpenNetworkQos[4.00]: updateBssidNoInternet: mBssidNoInternet = false
04-30 01:25:42.072  5429  5736 D OpenNetworkQos[4.00]: getOpenNetworkQosNoInternetStatus: false
04-30 01:25:42.072  5429  5736 D OpenNetworkQos[4.00]: getOpenNetworkQosScores: 30 30 30
04-30 01:25:42.072  5429  5736 I WifiProfileShare: network QoS data was changed (internet), updateQoSData networkType: true, qosData: false
04-30 01:25:42.073  5429  7167 V WifiProfileShare.Caster: update wips network, size: 0
04-30 01:25:42.073  5429  7167 D WifiProfileShare: nearby scanning settings run
04-30 01:25:42.073  5429  7167 D WifiProfileShare: network score provider settings enabled
04-30 01:25:42.073  5429  7167 D OpenNetworkQos[4.00]: getOpenNetworkQosScores: 30 30 30
04-30 01:25:42.074  5429  7167 D OpenNetworkQos[4.00]: getOpenNetworkQosNoInternetStatus: false
04-30 01:25:42.074  5429  7167 I WifiProfileShare.Caster: current network type: 0, score: [30, 30, 30]
04-30 01:25:42.074  5429  7167 V WifiProfileShare.Cache: update network score 00:e4:06:**:**:90
04-30 01:25:42.075  5429  7167 D WifiProfileShare.ScanMatcher: getMcfDataList size:2
04-30 01:25:42.075  5429  7167 I WifiProfileShare.Caster: qos data was updated , before:type:QOS, pBssid:51:2e:90, qosData:7c after:type:QOS, pBssid:51:2e:90, qosData:7c
04-30 01:25:42.080  5429  7167 I [MCFSDK_android_1.2.4010]_4_b: isNetworkEnabled - type : 1 ret : true
04-30 01:25:42.080  5429  7167 D WifiProfileShare.McfCast: -ME--- mIsNetworkEnabled :true
04-30 01:25:42.080  5429  7167 D WifiProfileShare.McfCast: updateQoSData ignored, same contents
04-30 01:25:42.080  5429  7167 D WifiProfileShare.MCF: success update QosData !
04-30 01:25:42.082  5429  7167 I [MCFSDK_android_1.2.4010]_4_b: isNetworkEnabled - type : 1 ret : true
04-30 01:25:42.082  5429  7167 D WifiProfileShare.McfCast: -ME--- mIsNetworkEnabled :true
04-30 01:25:42.083  5429  7167 D WifiProfileShare.McfCast: -ME--- updatePasswordDate pwdData size:2
04-30 01:25:43.815  5429  7411 D SemWifiUsabilityStatsMonitor: onWifiUsabilityStats - seqNum 25029, isSameBssidAndFreq true
04-30 01:25:43.818  5429  5717 I SemWifiLinkQualityMonitor: Link Qos Query: 0.037 ms / 216.500 Mbps (433 / 0.000 / 2.000)
04-30 01:25:43.818  5878  5878 D NetworkController.WifiSignalController: notifyListener: visible=true, connected=true, inetCondition=1, isDefault=true, wifiTestReported=true, receivedInetCondition=-1, hideDuringMobileSwitching=false
04-30 01:25:43.822  5878  6043 D Tile.WifiTile: handleUpdateState isTransient=false transientEnabling =false cb.isTransient=false state.state = 2 mStateBeforeClick.value =false enabled =true
04-30 01:25:46.136  9200  9200 D BoundBrokerSvc: onUnbind: Intent { act=com.google.android.gms.scheduler.ACTION_PROXY_SCHEDULE dat=chimera-action:/... cmp=com.google.android.gms/.chimera.PersistentApiService }
04-30 01:25:46.387 29954 20571 I GmscoreIpa: Starting mediastore instant index [CONTEXT service_id=255 ]
04-30 01:25:46.457  5429  8528 D PackageManager: setEnabledSetting : userId = 0 packageName = com.Slack cmp = androidx.work.impl.background.systemalarm.RescheduleReceiver newState = 1 callingPackage = 10329/com.Slack
04-30 01:25:46.458  5429  8528 D ApplicationPolicy: getApplicationStateEnabled : pkg = com.Slack userId : 0
04-30 01:25:46.459  5429  8528 D ApplicationPolicy: getApplicationComponentState : pkg = com.Slack userId : 0
04-30 01:25:46.481  5429  5488 W libprocessgroup: Failed to open /dev/blkio//cgroup.procs: No such file or directory
04-30 01:25:46.502 16465 16536 D ConnectivityManager: StackLog: [android.net.ConnectivityManager.sendRequestForNetwork(ConnectivityManager.java:4191)] [android.net.ConnectivityManager.registerDefaultNetworkCallbackForUid(ConnectivityManager.java:4755)] [android.net.ConnectivityManager.registerDefaultNetworkCallback(ConnectivityManager.java:4722)] [android.net.ConnectivityManager.registerDefaultNetworkCallback(ConnectivityManager.java:4696)] [androidx.work.impl.utils.NetworkApi24.registerDefaultNetworkCallbackCompat(Unknown Source:10)] [androidx.work.impl.constraints.trackers.NetworkStateTracker24.startTracking(Unknown Source:15)] [androidx.work.impl.constraints.controllers.ConstraintController.replace(Unknown Source:130)] [androidx.work.impl.constraints.WorkConstraintsTrackerImpl.replace(Unknown Source:41)] [androidx.work.impl.background.greedy.GreedyScheduler.schedule(Unknown Source:302)] [androidx.work.impl.Schedulers.schedule(Unknown Source:149)] [androidx.work.impl.utils.EnqueueRunnable.run(Unknown Source:53)] [androidx.work.Worker$2.run$androidx$work$impl$utils$SerialExecutorImpl$Task(Unknown Source:4)] [androidx.work.Worker$2.run(Unknown Source:868)] [java.util.concurrent.ThreadPoolExecutor.runWorker(ThreadPoolExecutor.java:1137)] [java.util.concurrent.ThreadPoolExecutor$Worker.run(ThreadPoolExecutor.java:637)] [java.lang.Thread.run(Thread.java:1012)]
04-30 01:25:46.505  5429  8532 D ConnectivityService: requestNetwork for uid/pid:10329/16465 activeRequest: null callbackRequest: 19531 [NetworkRequest [ REQUEST id=19532, [ Capabilities: INTERNET&NOT_RESTRICTED&TRUSTED&NOT_VCN_MANAGED Uid: 10329 RequestorUid: 10329 RequestorPkg: com.Slack UnderlyingNetworks: Null] ]] callback flags: 0 order: 2147483647
04-30 01:25:46.507  5429  5665 D ConnectivityService:    accepting network in place of null
04-30 01:25:46.517  5429  5655 D WifiNetworkFactory: got request NetworkRequest [ REQUEST id=19532, [ Capabilities: INTERNET&NOT_RESTRICTED&TRUSTED&NOT_VCN_MANAGED Uid: 10329 RequestorUid: 10329 RequestorPkg: com.Slack UnderlyingNetworks: Null] ]
04-30 01:25:46.521  5429  5655 D UntrustedWifiNetworkFactory: got request NetworkRequest [ REQUEST id=19532, [ Capabilities: INTERNET&NOT_RESTRICTED&TRUSTED&NOT_VCN_MANAGED Uid: 10329 RequestorUid: 10329 RequestorPkg: com.Slack UnderlyingNetworks: Null] ]
04-30 01:25:46.526  5429  5655 D OemPaidWifiNetworkFactory: got request NetworkRequest [ REQUEST id=19532, [ Capabilities: INTERNET&NOT_RESTRICTED&TRUSTED&NOT_VCN_MANAGED Uid: 10329 RequestorUid: 10329 RequestorPkg: com.Slack UnderlyingNetworks: Null] ]
04-30 01:25:46.526  5429  5665 D ConnectivityService: Rematched networks [computed 0ms] [applied 2ms] [issued 18]
04-30 01:25:46.526  5429  5665 D ConnectivityService: NetworkReassignment :
04-30 01:25:46.526  5429  5665 D ConnectivityService:   19532 : null → 128
04-30 01:25:46.527  5429  5655 D MultiInternetWifiNetworkFactory: got request NetworkRequest [ REQUEST id=19532, [ Capabilities: INTERNET&NOT_RESTRICTED&TRUSTED&NOT_VCN_MANAGED Uid: 10329 RequestorUid: 10329 RequestorPkg: com.Slack UnderlyingNetworks: Null] ]
04-30 01:25:46.532 16465 16465 D ConnectivityManager: StackLog: [android.net.ConnectivityManager.unregisterNetworkCallback(ConnectivityManager.java:4863)] [androidx.work.impl.utils.NetworkApi21.unregisterNetworkCallbackCompat(Unknown Source:10)] [androidx.work.impl.constraints.trackers.NetworkStateTracker24.stopTracking(Unknown Source:15)] [androidx.work.impl.constraints.trackers.ConstraintTracker.removeListener(Unknown Source:24)] [androidx.work.impl.constraints.controllers.ConstraintController.replace(Unknown Source:81)] [androidx.work.impl.constraints.WorkConstraintsTrackerImpl.replace(Unknown Source:41)] [androidx.work.impl.background.greedy.GreedyScheduler.onExecuted(Unknown Source:55)] [androidx.work.impl.Processor.onExecuted(Unknown Source:59)] [com.bugsnag.android.DeliveryDelegate$1.run(Unknown Source:212)]
04-30 01:25:46.535  5429  5665 D ConnectivityService:  Removing from current network [128 WIFI], leaving 161 requests.
04-30 01:25:46.542  8401  9381 W BistoGattHelper: (REDACTED) [%s] GATT already released after un-subscribing, doing nothing.
04-30 01:25:46.887  5429  7411 D SemWifiUsabilityStatsMonitor: onWifiUsabilityStats - seqNum 25030, isSameBssidAndFreq true
04-30 01:25:46.892  5429  5717 I SemWifiLinkQualityMonitor: Link Qos Query: 0.028 ms / 288.667 Mbps (433 / 0.000 / 1.500)
04-30 01:25:49.953  5429  7411 D SemWifiUsabilityStatsMonitor: onWifiUsabilityStats - seqNum 25031, isSameBssidAndFreq true
04-30 01:25:49.957  5429  5717 I SemWifiLinkQualityMonitor: Link Qos Query: 0.018 ms / 433.000 Mbps (433 / 0.000 / 1.000)
04-30 01:25:51.216  6118  6724 D BluetoothAdapterService: getBondedDevices, remove custom devices:
04-30 01:25:52.783  5429  5705 I ChimeraAggressivePolicyHandler: executePolicy() - triggerSource: TRIGGER_SOURCE_LMKD
04-30 01:25:52.788  5429  5705 I ChimeraAggressivePolicyHandler: available memory: 1033956, free memory target: 870400, quit chimera
04-30 01:25:53.017  5429  7411 D SemWifiUsabilityStatsMonitor: onWifiUsabilityStats - seqNum 25032, isSameBssidAndFreq true
04-30 01:25:53.020  5429  5717 I SemWifiLinkQualityMonitor: Link Qos Query: 0.018 ms / 433.000 Mbps (433 / 0.000 / 1.000)
04-30 01:25:53.020  5878  5878 D NetworkController.WifiSignalController: notifyListener: visible=true, connected=true, inetCondition=1, isDefault=true, wifiTestReported=true, receivedInetCondition=-1, hideDuringMobileSwitching=false
04-30 01:25:53.023  5878  6043 D Tile.WifiTile: handleUpdateState isTransient=false transientEnabling =false cb.isTransient=false state.state = 2 mStateBeforeClick.value =false enabled =true
04-30 01:25:56.068  5429  7411 D SemWifiUsabilityStatsMonitor: onWifiUsabilityStats - seqNum 25033, isSameBssidAndFreq true
04-30 01:25:56.071  5429  5717 I SemWifiLinkQualityMonitor: Link Qos Query: 0.018 ms / 433.000 Mbps (433 / 0.000 / 1.000)
04-30 01:25:56.419  4993  5068 I SensorsHub: context 10 0 9 1,1,26,1,5,7,53,80,1,2, 220296391795436
04-30 01:25:56.423  5429  5595 D SensorHubManager: onGetSensorHubDataLocked: library(10) = 1, 1, 26, 1, 5, 7, 53, 80, 1, 2
04-30 01:25:56.426  5429  5596 D CAE     : onGetSensorHubData(SensorHubParserProvider.java:89) - onGetSensorHubData Event [event buffer len :10], AP_WAKEUP
04-30 01:25:56.427  5429  5596 I CAE     : parse(SensorHubParserProvider.java:190) - buffer size = 10
04-30 01:25:56.427  5429  5596 I CAE     : parse(SensorHubParserProvider.java:201) - 1, 1, 26, 1, 5, 7, 53, 80, 1, 2,
04-30 01:25:56.428  5429  5596 E CAE     : parse(SensorHubModeHandler.java:72) - ERROR : Service is not registered
04-30 01:25:56.428  5429  5596 E CAE     : onGetSensorHubData(SensorHubParserProvider.java:112) - ERROR : Data field parsing error
04-30 01:25:59.110  5429  7411 D SemWifiUsabilityStatsMonitor: onWifiUsabilityStats - seqNum 25034, isSameBssidAndFreq true
04-30 01:25:59.115  5429  5717 I SemWifiLinkQualityMonitor: Link Qos Query: 0.018 ms / 433.000 Mbps (433 / 0.000 / 1.000)
04-30 01:26:00.009  5878  5878 D KeyguardUpdateMonitor: received broadcast android.intent.action.TIME_TICK
04-30 01:26:00.010  5878  6453 D QSClockBellTower: onReceive(android.intent.action.TIME_TICK) mTimeZoneString:null
04-30 01:26:00.069  5878  5878 D KeyguardUpdateMonitor: handleTimeUpdate
04-30 01:26:00.070  5878  5878 D FaceWidgetPagesController: onTimeChanged()
04-30 01:26:00.073  5878  5878 D QSClockBellTower: He is ready to ring the bell. (((QSClockBellSound - TimeText:01:26, TimeContentDescription:01:26, DateText:Sun, 30 April, ShortDateText:Sun, 30 Apr, Demo:false, QuickStar-Second(false|12:34:56))))
04-30 01:26:00.074  5878  5878 D QSClockIndicatorView: Home Indicator status_bar_clock 01:26 notifyTimeChanged(QSClockBellSound - TimeText:01:26, TimeContentDescription:01:26, DateText:Sun, 30 April, ShortDateText:Sun, 30 Apr, Demo:false, QuickStar-Second(false|12:34:56)) ClockVisibleByPolicy:true, ClockVisibleByUser:true, visible?false, parent:android.widget.LinearLayout{fc169f7 V.E...... ........ 0,0-0,55 #7f0b04f0 app:id/left_clock_container}
04-30 01:26:00.074  5878  5878 D QSClockBellTower: Everyone heard the bell. run(currentTime:1682810760072,   getTime():Sun Apr 30 01:26:00 GMT+02:00 2023,   getTimeZone():libcore.util.ZoneInfo[mDstSavings=3600000,mUseDst=true,mDelegate=[id="Europe/Belgrade",mRawOffset=3600000,mEarliestRawOffset=4920000,transitions=119]])
04-30 01:26:00.079  5878  5878 I FaceWidgetPositionAlgorithm: getClockContainerHeight() supplier = 270, bottom margin = 0, real height = 333
04-30 01:26:00.079  5878  5878 I FaceWidgetPositionAlgorithm: getClockContainerHeight() supplier = 270, bottom margin = 63, real height = 333
04-30 01:26:00.080  5878  5878 I FaceWidgetPositionAlgorithm: getMediaContainerHeight() height = 0 container Visibility = 8, isValid = false, mIsDozing = false, fraction = 1.0, source = 0, target = 0
04-30 01:26:00.080  5878  5878 I FaceWidgetPositionAlgorithm: getMediaContainerHeight() supplier = 0
04-30 01:26:00.081  5878  5878 V QsExpandAnimator: setQsExpansionPosition 0.0
04-30 01:26:00.087  5878  5878 V QsExpandAnimator: updateAnimators
04-30 01:26:00.087  5878  5878 V QsExpandAnimator: clearAnimationState
04-30 01:26:00.087  5878  5878 V QsExpandAnimator: updateViews
04-30 01:26:00.089  5878  5878 V QsExpandAnimator: updateTileAnimator
04-30 01:26:00.090  5878  5878 V QsExpandAnimator: updateHeaderAnimator
04-30 01:26:00.091  5878  5878 V QsExpandAnimator: updateBarAnimator
04-30 01:26:00.092  5878  5878 V QsExpandAnimator: setQsExpansionPosition 0.0
04-30 01:26:00.092  5878  5878 V QsExpandAnimator: onAnimationAtStart
04-30 01:26:01.055  5878  6043 D MobileStatusTracker(1/2): onSignalStrengthsChanged level=2, vendorLevel=2
04-30 01:26:01.061  5878  6043 D MobileSignalController(1/2): notifyListener: enabled=true, connected=true, dataConnected=false, networkType=LTE (4G), emergencyOnly=false, roaming=false, isDefault=false, dataActivity=, level=2, ca=false, mmWave=false, disabledDataIcon=false, simCard=ETC
04-30 01:26:01.061  5878  6043 D NetworkController: SignalStrength from intent slotId=1
04-30 01:26:02.143  5429  7411 D SemWifiUsabilityStatsMonitor: onWifiUsabilityStats - seqNum 25035, isSameBssidAndFreq true
04-30 01:26:02.146  5429  5717 I SemWifiLinkQualityMonitor: Link Qos Query: 0.018 ms / 433.000 Mbps (433 / 0.000 / 1.000)
04-30 01:26:04.078  5429  5665 D ConnectivityService: reportNetworkActive, notify 0 listeners
04-30 01:26:04.096  5429  5488 W libprocessgroup: Failed to open /dev/blkio//cgroup.procs: No such file or directory
04-30 01:26:04.124  9200 17358 D ConnectivityManager: StackLog: [android.net.ConnectivityManager.reportNetworkConnectivity(ConnectivityManager.java:3390)] [aogg.i(:com.google.android.gms@231417044@23.14.17 (190400-527331132):0)] [aofu.run(:com.google.android.gms@231417044@23.14.17 (190400-527331132):57)] [aogu.run(:com.google.android.gms@231417044@23.14.17 (190400-527331132):2)] [dciw.run(:com.google.android.gms@231417044@23.14.17 (190400-527331132):2)] [abpb.c(:com.google.android.gms@231417044@23.14.17 (190400-527331132):6)] [abpb.run(:com.google.android.gms@231417044@23.14.17 (190400-527331132):7)] [java.util.concurrent.ThreadPoolExecutor.runWorker(ThreadPoolExecutor.java:1137)] [java.util.concurrent.ThreadPoolExecutor$Worker.run(ThreadPoolExecutor.java:637)] [abuh.run(:com.google.android.gms@231417044@23.14.17 (190400-527331132):0)] [java.lang.Thread.run(Thread.java:1012)]
04-30 01:26:04.134  9200 17358 I AlarmManager: setExactAndAllowWhileIdle [name: GCM_HB_ALARM type: 2 triggerAtMillis: 221314106]
04-30 01:26:04.161  9200  9200 D BoundBrokerSvc: onBind: Intent { act=com.google.android.gms.scheduler.ACTION_PROXY_SCHEDULE dat=chimera-action:/... cmp=com.google.android.gms/.chimera.PersistentApiService }
04-30 01:26:04.161  9200  9200 D BoundBrokerSvc: Loading bound service for intent: Intent { act=com.google.android.gms.scheduler.ACTION_PROXY_SCHEDULE dat=chimera-action:/... cmp=com.google.android.gms/.chimera.PersistentApiService }
04-30 01:26:04.165  9200 18814 I AlarmManager: setExactAndAllowWhileIdle [name: FcmRetry type: 2 triggerAtMillis: 220424128]
04-30 01:26:04.183  5429  5488 W libprocessgroup: Failed to open /dev/blkio//cgroup.procs: No such file or directory
04-30 01:26:04.367  5429  5488 W libprocessgroup: Failed to open /dev/blkio//cgroup.procs: No such file or directory
04-30 01:26:04.413 17798 17841 I AppWidgetManager: notifyAppWidgetViewDataChanged() appWidgetIds = [43], viewId = 2131230850
04-30 01:26:05.177  5429  7411 D SemWifiUsabilityStatsMonitor: onWifiUsabilityStats - seqNum 25036, isSameBssidAndFreq true
04-30 01:26:05.179  5429  5739 D WifiConnectivityMonitor: start WCM Poll.
04-30 01:26:05.181  5429  5717 I SemWifiLinkQualityMonitor: Link Qos Query: 0.020 ms / 391.762 Mbps (433 / 0.000 / 1.105)
04-30 01:26:05.181  5878  5878 D NetworkController.WifiSignalController: notifyListener: visible=true, connected=true, inetCondition=1, isDefault=true, wifiTestReported=true, receivedInetCondition=-1, hideDuringMobileSwitching=false
04-30 01:26:05.183  5878  6043 D Tile.WifiTile: handleUpdateState isTransient=false transientEnabling =false cb.isTransient=false state.state = 2 mStateBeforeClick.value =false enabled =true
04-30 01:26:06.904 17798 17841 I AppWidgetManager: notifyAppWidgetViewDataChanged() appWidgetIds = [43], viewId = 2131230850
04-30 01:26:08.232  5429  7411 D SemWifiUsabilityStatsMonitor: onWifiUsabilityStats - seqNum 25037, isSameBssidAndFreq true
04-30 01:26:08.239  5429  5717 I SemWifiLinkQualityMonitor: Link Qos Query: 0.020 ms / 393.636 Mbps (433 / 0.000 / 1.100)
04-30 01:26:08.935  4899  4899 E audit   : type=1400 audit(1682810768.931:84930): avc:  denied  { getattr } for  pid=5429 comm="BinderProcsColl" path="/sys/kernel/debug/binder/proc/5429" dev="debugfs" ino=28624 scontext=u:r:system_server:s0 tcontext=u:object_r:sec_debugfs:s0 tclass=file permissive=0 SEPF_SM-A515F_13_0001 audit_filtered
04-30 01:26:08.935  4899  4899 E audit   : type=1300 audit(1682810768.931:84930): arch=c00000b7 syscall=79 success=no exit=-13 a0=ffffff9c a1=76cbc32660 a2=766eae5680 a3=0 items=0 ppid=4924 pid=5429 auid=4294967295 uid=1000 gid=1000 euid=1000 suid=1000 fsuid=1000 egid=1000 sgid=1000 fsgid=1000 tty=(none) ses=4294967295 comm="BinderProcsColl" exe="/system/bin/app_process64" subj=u:r:system_server:s0 key=(null)
04-30 01:26:08.935  4899  4899 E audit   : type=1327 audit(1682810768.931:84930): proctitle="system_server"
04-30 01:26:11.141  5095  5095 I SurfaceFlinger: SFWD update time=159803548773543
04-30 01:26:11.281  5429  7411 D SemWifiUsabilityStatsMonitor: onWifiUsabilityStats - seqNum 25038, isSameBssidAndFreq true
04-30 01:26:11.286  5878  5878 D NetworkController.WifiSignalController: notifyListener: visible=true, connected=true, inetCondition=1, isDefault=true, wifiTestReported=true, receivedInetCondition=-1, hideDuringMobileSwitching=false
04-30 01:26:11.288  5878  6043 D Tile.WifiTile: handleUpdateState isTransient=false transientEnabling =false cb.isTransient=false state.state = 2 mStateBeforeClick.value =false enabled =true
04-30 01:26:11.289  5429  5717 I SemWifiLinkQualityMonitor: Link Qos Query: 0.020 ms / 393.636 Mbps (433 / 0.000 / 1.100)
04-30 01:26:11.743  5067  5067 E sehhealth-service: Could not open /sys/class/power_supply/battery/lrp
04-30 01:26:13.222  5429  5736 D WifiConnectivityMonitor: Stop WCM Poll. cnt : 5
04-30 01:26:14.346  5429  7411 D SemWifiUsabilityStatsMonitor: onWifiUsabilityStats - seqNum 25039, isSameBssidAndFreq true
04-30 01:26:14.348  5429  5717 I SemWifiLinkQualityMonitor: Link Qos Query: 0.020 ms / 393.636 Mbps (433 / 0.000 / 1.100)
04-30 01:26:16.462  5429  5442 D PackageManager: setEnabledSetting : userId = 0 packageName = com.Slack cmp = androidx.work.impl.background.systemalarm.RescheduleReceiver newState = 1 callingPackage = 10329/com.Slack
04-30 01:26:16.464  5429  5442 D ApplicationPolicy: getApplicationStateEnabled : pkg = com.Slack userId : 0
04-30 01:26:16.465  5429  5442 D ApplicationPolicy: getApplicationComponentState : pkg = com.Slack userId : 0
04-30 01:26:16.486  5429  5488 W libprocessgroup: Failed to open /dev/blkio//cgroup.procs: No such file or directory
04-30 01:26:16.511 16465 16522 D ConnectivityManager: StackLog: [android.net.ConnectivityManager.sendRequestForNetwork(ConnectivityManager.java:4191)] [android.net.ConnectivityManager.registerDefaultNetworkCallbackForUid(ConnectivityManager.java:4755)] [android.net.ConnectivityManager.registerDefaultNetworkCallback(ConnectivityManager.java:4722)] [android.net.ConnectivityManager.registerDefaultNetworkCallback(ConnectivityManager.java:4696)] [androidx.work.impl.utils.NetworkApi24.registerDefaultNetworkCallbackCompat(Unknown Source:10)] [androidx.work.impl.constraints.trackers.NetworkStateTracker24.startTracking(Unknown Source:15)] [androidx.work.impl.constraints.controllers.ConstraintController.replace(Unknown Source:130)] [androidx.work.impl.constraints.WorkConstraintsTrackerImpl.replace(Unknown Source:41)] [androidx.work.impl.background.greedy.GreedyScheduler.schedule(Unknown Source:302)] [androidx.work.impl.Schedulers.schedule(Unknown Source:149)] [androidx.work.impl.utils.EnqueueRunnable.run(Unknown Source:53)] [androidx.work.Worker$2.run$androidx$work$impl$utils$SerialExecutorImpl$Task(Unknown Source:4)] [androidx.work.Worker$2.run(Unknown Source:868)] [java.util.concurrent.ThreadPoolExecutor.runWorker(ThreadPoolExecutor.java:1137)] [java.util.concurrent.ThreadPoolExecutor$Worker.run(ThreadPoolExecutor.java:637)] [java.lang.Thread.run(Thread.java:1012)]
04-30 01:26:16.514  5429  8538 D ConnectivityService: requestNetwork for uid/pid:10329/16465 activeRequest: null callbackRequest: 19533 [NetworkRequest [ REQUEST id=19534, [ Capabilities: INTERNET&NOT_RESTRICTED&TRUSTED&NOT_VCN_MANAGED Uid: 10329 RequestorUid: 10329 RequestorPkg: com.Slack UnderlyingNetworks: Null] ]] callback flags: 0 order: 2147483647
04-30 01:26:16.515  5429  5665 D ConnectivityService:    accepting network in place of null
04-30 01:26:16.524  5429  5655 D WifiNetworkFactory: got request NetworkRequest [ REQUEST id=19534, [ Capabilities: INTERNET&NOT_RESTRICTED&TRUSTED&NOT_VCN_MANAGED Uid: 10329 RequestorUid: 10329 RequestorPkg: com.Slack UnderlyingNetworks: Null] ]
04-30 01:26:16.527  5429  5655 D UntrustedWifiNetworkFactory: got request NetworkRequest [ REQUEST id=19534, [ Capabilities: INTERNET&NOT_RESTRICTED&TRUSTED&NOT_VCN_MANAGED Uid: 10329 RequestorUid: 10329 RequestorPkg: com.Slack UnderlyingNetworks: Null] ]
04-30 01:26:16.529  5429  5655 D OemPaidWifiNetworkFactory: got request NetworkRequest [ REQUEST id=19534, [ Capabilities: INTERNET&NOT_RESTRICTED&TRUSTED&NOT_VCN_MANAGED Uid: 10329 RequestorUid: 10329 RequestorPkg: com.Slack UnderlyingNetworks: Null] ]
04-30 01:26:16.530  5429  5665 D ConnectivityService: Rematched networks [computed 1ms] [applied 1ms] [issued 13]
04-30 01:26:16.530  5429  5665 D ConnectivityService: NetworkReassignment :
04-30 01:26:16.530  5429  5665 D ConnectivityService:   19534 : null → 128
04-30 01:26:16.530  5429  5655 D MultiInternetWifiNetworkFactory: got request NetworkRequest [ REQUEST id=19534, [ Capabilities: INTERNET&NOT_RESTRICTED&TRUSTED&NOT_VCN_MANAGED Uid: 10329 RequestorUid: 10329 RequestorPkg: com.Slack UnderlyingNetworks: Null] ]
04-30 01:26:16.539 16465 16465 D ConnectivityManager: StackLog: [android.net.ConnectivityManager.unregisterNetworkCallback(ConnectivityManager.java:4863)] [androidx.work.impl.utils.NetworkApi21.unregisterNetworkCallbackCompat(Unknown Source:10)] [androidx.work.impl.constraints.trackers.NetworkStateTracker24.stopTracking(Unknown Source:15)] [androidx.work.impl.constraints.trackers.ConstraintTracker.removeListener(Unknown Source:24)] [androidx.work.impl.constraints.controllers.ConstraintController.replace(Unknown Source:81)] [androidx.work.impl.constraints.WorkConstraintsTrackerImpl.replace(Unknown Source:41)] [androidx.work.impl.background.greedy.GreedyScheduler.onExecuted(Unknown Source:55)] [androidx.work.impl.Processor.onExecuted(Unknown Source:59)] [com.bugsnag.android.DeliveryDelegate$1.run(Unknown Source:212)]
04-30 01:26:16.542  5429  5665 D ConnectivityService:  Removing from current network [128 WIFI], leaving 161 requests.
04-30 01:26:17.407  5429  7411 D SemWifiUsabilityStatsMonitor: onWifiUsabilityStats - seqNum 25040, isSameBssidAndFreq true
04-30 01:26:17.410  5429  5717 I SemWifiLinkQualityMonitor: Link Qos Query: 0.023 ms / 346.400 Mbps (433 / 0.000 / 1.250)
04-30 01:26:17.414  5878  5878 D NetworkController.WifiSignalController: notifyListener: visible=true, connected=true, inetCondition=1, isDefault=true, wifiTestReported=true, receivedInetCondition=-1, hideDuringMobileSwitching=false
04-30 01:26:17.416  5878  6043 D Tile.WifiTile: handleUpdateState isTransient=false transientEnabling =false cb.isTransient=false state.state = 2 mStateBeforeClick.value =false enabled =true
04-30 01:26:19.222  9200  9200 D BoundBrokerSvc: onUnbind: Intent { act=com.google.android.gms.scheduler.ACTION_PROXY_SCHEDULE dat=chimera-action:/... cmp=com.google.android.gms/.chimera.PersistentApiService }
04-30 01:26:20.431  5429  7411 D SemWifiUsabilityStatsMonitor: onWifiUsabilityStats - seqNum 25041, isSameBssidAndFreq true
04-30 01:26:20.436  5878  5878 D NetworkController.WifiSignalController: notifyListener: visible=true, connected=true, inetCondition=1, isDefault=true, wifiTestReported=true, receivedInetCondition=-1, hideDuringMobileSwitching=false
04-30 01:26:20.437  5429  5717 I SemWifiLinkQualityMonitor: Link Qos Query: 0.023 ms / 346.400 Mbps (433 / 0.000 / 1.250)
04-30 01:26:20.438  5878  6043 D Tile.WifiTile: handleUpdateState isTransient=false transientEnabling =false cb.isTransient=false state.state = 2 mStateBeforeClick.value =false enabled =true
04-30 01:26:23.465  5429  7411 D SemWifiUsabilityStatsMonitor: onWifiUsabilityStats - seqNum 25042, isSameBssidAndFreq true
04-30 01:26:23.466  5429  5717 I SemWifiLinkQualityMonitor: Link Qos Query: 0.023 ms / 346.400 Mbps (433 / 0.000 / 1.250)
04-30 01:26:26.500  5429  7411 D SemWifiUsabilityStatsMonitor: onWifiUsabilityStats - seqNum 25043, isSameBssidAndFreq true
04-30 01:26:26.503  5429  5717 I SemWifiLinkQualityMonitor: Link Qos Query: 0.032 ms / 247.429 Mbps (433 / 0.000 / 1.750)
04-30 01:26:26.504  5878  5878 D NetworkController.WifiSignalController: notifyListener: visible=true, connected=true, inetCondition=1, isDefault=true, wifiTestReported=true, receivedInetCondition=-1, hideDuringMobileSwitching=false
04-30 01:26:26.507  5878  6043 D Tile.WifiTile: handleUpdateState isTransient=false transientEnabling =false cb.isTransient=false state.state = 2 mStateBeforeClick.value =false enabled =true
04-30 01:26:29.533  5429  7411 D SemWifiUsabilityStatsMonitor: onWifiUsabilityStats - seqNum 25044, isSameBssidAndFreq true
04-30 01:26:29.538  5878  5878 D NetworkController.WifiSignalController: notifyListener: visible=true, connected=true, inetCondition=1, isDefault=true, wifiTestReported=true, receivedInetCondition=-1, hideDuringMobileSwitching=false
04-30 01:26:29.539  5878  6043 D Tile.WifiTile: handleUpdateState isTransient=false transientEnabling =false cb.isTransient=false state.state = 2 mStateBeforeClick.value =false enabled =true
04-30 01:26:29.540  5429  5717 I SemWifiLinkQualityMonitor: Link Qos Query: 0.032 ms / 247.429 Mbps (433 / 0.000 / 1.750)
04-30 01:26:31.761  5878  6043 D MobileStatusTracker(1/2): onSignalStrengthsChanged level=2, vendorLevel=1
04-30 01:26:31.763  5878  6043 D MobileSignalController(1/2): notifyListener: enabled=true, connected=true, dataConnected=false, networkType=LTE (4G), emergencyOnly=false, roaming=false, isDefault=false, dataActivity=, level=1, ca=false, mmWave=false, disabledDataIcon=false, simCard=ETC
04-30 01:26:31.767  5878  6043 D NetworkController: SignalStrength from intent slotId=1
04-30 01:26:32.567  5429  7411 D SemWifiUsabilityStatsMonitor: onWifiUsabilityStats - seqNum 25045, isSameBssidAndFreq true
04-30 01:26:32.570  5429  5717 I SemWifiLinkQualityMonitor: Link Qos Query: 0.032 ms / 247.429 Mbps (433 / 0.000 / 1.750)
04-30 01:26:35.055 30292 30337 I ContactsProvider_EventLog: cp_s: [CONTACT con(156) dat(1077) acc({sim(3)=15, sec(6)=1, sim2(4)=1, google(2)=81, org.telegram.messenger(236)=99, com.whatsapp(14)=39}) calls([logtype:100 cnt:867, logtype:200 cnt:5, logtype:300 cnt:495, logtype:1000 cnt:608, logtype:1150 cnt:161]) Iso(RS) uId(0) ]
04-30 01:26:35.055 30292 30337 I ContactsProvider_EventLog: cp_s: [ agr({[2 ,2 ,14 ,236]=1, [2 ,14 ,236]=32, [3]=15, [14]=1, [4]=1, [2 ,14]=4, [2 ,2]=2, [2]=33, [6 ,14]=1, [2 ,236]=6, [236]=60}) ]
04-30 01:26:35.055 30292 30337 I ContactsProvider_EventLog: cp_s: [ cnt({acore(30292)=1}) ]
04-30 01:26:35.055 30292 30337 I ContactsProvider_EventLog: cp_s: [PROFILE con(1) dat(1) acc({vnd.sec.contact.phone=1}) ] [SAPROFILE ]
