04-16 04:38:40.292 20153 20177 I TestRunner: started: valueInlineFloat(org.jetbrains.android_benchmark.Wolf3dBenchmark)
04-16 04:38:40.294 20153 20153 I MonitoringInstr: Activities that are still in CREATED to STOPPED: 1
04-16 04:38:40.295 20153 20153 I MonitoringInstr: Finishing activity: androidx.benchmark.IsolationActivity@f5684be
04-16 04:38:40.300 20153 20177 I GrantPermissionCallable: Permission: android.permission.WRITE_EXTERNAL_STORAGE is already granted!
04-16 04:38:40.300 20153 20177 I GrantPermissionCallable: Permission: android.permission.READ_EXTERNAL_STORAGE is already granted!
04-16 04:38:40.301 20153 20177 D Benchmark: -- Running org.jetbrains.android_benchmark.Wolf3dBenchmark#valueInlineFloat --
04-16 04:38:40.301 20153 20177 D PerfettoCapture: Supported ABIs: arm64-v8a, armeabi-v7a, armeabi
04-16 04:38:40.301 20153 20177 D PerfettoCapture: Recording perfetto trace
04-16 04:38:40.325 20153 20177 I PerfettoCapture: Cleanup perfetto before starting.
04-16 04:38:40.351  5628  5714 W libprocessgroup: Failed to open /dev/blkio//cgroup.procs: No such file or directory
04-16 04:38:40.363 23292 23504 I NetworkScheduler.Stats: Task com.google.android.gms/com.google.android.gms.ipa.base.IpaGcmTaskService started execution. cause:9 exec_start_elapsed_seconds: 45766 [CONTEXT service_id=218 ]
04-16 04:38:40.370 23292 23505 I NetworkScheduler.Stats: Task com.google.android.gms/com.google.android.gms.ipa.base.IpaGcmTaskService finished executing. cause:9 result: 1 elapsed_millis: 43 uptime_millis: 43 exec_start_elapsed_seconds: 45766 [CONTEXT service_id=218 ]
04-16 04:38:40.530 20153 20177 I PerfettoCapture: Perfetto output file cleanup -
04-16 04:38:40.531 20153 20177 I PerfettoCapture: Starting perfetto tracing with cmd: cat /storage/emulated/0/Android/data/org.jetbrains.android_benchmark.test/cache/trace_config.pb | perfetto --background -c - -o /data/misc/perfetto-traces/trace_output.pb
04-16 04:38:40.716 24112 24112 I perfetto:    perfetto_cmd.cc:1001 Connected to the Perfetto traced service, starting tracing
04-16 04:38:40.718  5406  5406 I perfetto: ing_service_impl.cc:953 Configured tracing session 71, #sources:4, duration:0 ms, #buffers:2, total buffer size:36864 KB, total sessions:1, uid:2000 session name: ""
04-16 04:38:40.719  5403  5403 I perfetto:  probes_producer.cc:139 Ftrace setup (target_buf=141)
04-16 04:38:40.768 20153 20177 I PerfettoCapture: Perfetto output - 24112
04-16 04:38:40.768 20153 20177 I PerfettoCapture: EXITCODE=0
04-16 04:38:40.786  4378  4378 I hwservicemanager: getTransport: Cannot find entry android.hardware.atrace@1.0::IAtraceDevice/default in either framework or device VINTF manifest.
04-16 04:38:40.814  5628  9811 D SemWifiUsabilityStatsMonitor: onWifiUsabilityStats - seqNum 4943, isSameBssidAndFreq true
04-16 04:38:40.816  5403  5403 I perfetto:    ftrace_procfs.cc:335 enabled ftrace in /sys/kernel/tracing/
04-16 04:38:40.820  8513  8513 D NetworkController.WifiSignalController: notifyListener: visible=true, connected=true, inetCondition=1, isDefault=true, wifiTestReported=true, receivedInetCondition=-1, hideDuringMobileSwitching=false
04-16 04:38:40.823  8513  8599 D Tile.WifiTile: handleUpdateState isTransient=false transientEnabling =false cb.isTransient=false state.state = 2 mStateBeforeClick.value =false enabled =true
04-16 04:38:40.828  5628  8422 I SemWifiLinkQualityMonitor: Link Qos Query: 0.031 ms / 260.000 Mbps (260 / 0.000 / 1.000)
04-16 04:38:40.899 20153 20177 I PerfettoCapture: Perfetto tracing started successfully with pid 24112.
04-16 04:38:40.996 20153 20177 I PerfettoCapture: /sys/kernel/tracing/tracing_on = 1, polled 0 times, capture fully started
04-16 04:38:40.998 20153 20177 D Benchmark: Set 20177 (Bench thread) to priority -20. Was -8, now -20
04-16 04:38:40.998 20153 20177 D Benchmark: Set 20162 (Jit) to priority -15. Was 9, now -15
04-16 04:38:41.037 20153 20177 I _benchmark.test: Explicit concurrent copying GC freed 9703(751KB) AllocSpace objects, 1(20KB) LOS objects, 67% free, 2902KB/9046KB, paused 296us,117us total 38.194ms
04-16 04:38:43.629 11012 11277 I SemDvfsHyPerManager: acquire hyper - SIOP_GPU_FREQ_MAX/11012@4, type = 536875010
04-16 04:38:43.631  5276  5311 I HYPER-HAL: [RequestManager.cpp]acquire(): Acquired ID : 60681640  [11012 / 4]    HINT :      list : [GPUMaxFreq / 683000]
04-16 04:38:43.848  5628  9811 D SemWifiUsabilityStatsMonitor: onWifiUsabilityStats - seqNum 4944, isSameBssidAndFreq true
04-16 04:38:43.854  5628  8422 I SemWifiLinkQualityMonitor: Link Qos Query: 0.031 ms / 260.000 Mbps (260 / 0.000 / 1.000)
04-16 04:38:43.855  8513  8513 D NetworkController.WifiSignalController: notifyListener: visible=true, connected=true, inetCondition=1, isDefault=true, wifiTestReported=true, receivedInetCondition=-1, hideDuringMobileSwitching=false
04-16 04:38:43.859  8513  8599 D Tile.WifiTile: handleUpdateState isTransient=false transientEnabling =false cb.isTransient=false state.state = 2 mStateBeforeClick.value =false enabled =true
04-16 04:38:45.217  9877 24139 I GmscoreIpa: Starting mediastore instant index [CONTEXT service_id=255 ]
04-16 04:38:46.545  5628 11464 D PackageManager: setEnabledSetting : userId = 0 packageName = com.Slack cmp = androidx.work.impl.background.systemalarm.RescheduleReceiver newState = 1 callingPackage = 10329/com.Slack
04-16 04:38:46.546  5628 11464 D ApplicationPolicy: getApplicationStateEnabled : pkg = com.Slack userId : 0
04-16 04:38:46.547  5628 11464 D ApplicationPolicy: getApplicationComponentState : pkg = com.Slack userId : 0
04-16 04:38:46.584 19012 19210 D ConnectivityManager: StackLog: [android.net.ConnectivityManager.sendRequestForNetwork(ConnectivityManager.java:4191)] [android.net.ConnectivityManager.registerDefaultNetworkCallbackForUid(ConnectivityManager.java:4755)] [android.net.ConnectivityManager.registerDefaultNetworkCallback(ConnectivityManager.java:4722)] [android.net.ConnectivityManager.registerDefaultNetworkCallback(ConnectivityManager.java:4696)] [androidx.work.impl.utils.NetworkApi24.registerDefaultNetworkCallbackCompat(Unknown Source:10)] [androidx.work.impl.constraints.trackers.NetworkStateTracker24.startTracking(Unknown Source:15)] [androidx.work.impl.constraints.controllers.ConstraintController.replace(Unknown Source:130)] [androidx.work.impl.constraints.WorkConstraintsTrackerImpl.replace(Unknown Source:41)] [androidx.work.impl.background.greedy.GreedyScheduler.schedule(Unknown Source:300)] [androidx.work.impl.Schedulers.schedule(Unknown Source:149)] [androidx.work.impl.utils.EnqueueRunnable.run(Unknown Source:53)] [androidx.work.Worker$2.run$androidx$work$impl$utils$SerialExecutorImpl$Task(Unknown Source:4)] [androidx.work.Worker$2.run(Unknown Source:868)] [java.util.concurrent.ThreadPoolExecutor.runWorker(ThreadPoolExecutor.java:1137)] [java.util.concurrent.ThreadPoolExecutor$Worker.run(ThreadPoolExecutor.java:637)] [java.lang.Thread.run(Thread.java:1012)]
04-16 04:38:46.587  5628 11464 D ConnectivityService: requestNetwork for uid/pid:10329/19012 activeRequest: null callbackRequest: 3933 [NetworkRequest [ REQUEST id=3934, [ Capabilities: INTERNET&NOT_RESTRICTED&TRUSTED&NOT_VCN_MANAGED Uid: 10329 RequestorUid: 10329 RequestorPkg: com.Slack UnderlyingNetworks: Null] ]] callback flags: 0 order: 2147483647
04-16 04:38:46.588  5628  8367 D ConnectivityService:    accepting network in place of null
04-16 04:38:46.594  5628  8356 D WifiNetworkFactory: got request NetworkRequest [ REQUEST id=3934, [ Capabilities: INTERNET&NOT_RESTRICTED&TRUSTED&NOT_VCN_MANAGED Uid: 10329 RequestorUid: 10329 RequestorPkg: com.Slack UnderlyingNetworks: Null] ]
04-16 04:38:46.594  5628  8356 D UntrustedWifiNetworkFactory: got request NetworkRequest [ REQUEST id=3934, [ Capabilities: INTERNET&NOT_RESTRICTED&TRUSTED&NOT_VCN_MANAGED Uid: 10329 RequestorUid: 10329 RequestorPkg: com.Slack UnderlyingNetworks: Null] ]
04-16 04:38:46.596  5628  8356 D OemPaidWifiNetworkFactory: got request NetworkRequest [ REQUEST id=3934, [ Capabilities: INTERNET&NOT_RESTRICTED&TRUSTED&NOT_VCN_MANAGED Uid: 10329 RequestorUid: 10329 RequestorPkg: com.Slack UnderlyingNetworks: Null] ]
04-16 04:38:46.596  5628  8356 D MultiInternetWifiNetworkFactory: got request NetworkRequest [ REQUEST id=3934, [ Capabilities: INTERNET&NOT_RESTRICTED&TRUSTED&NOT_VCN_MANAGED Uid: 10329 RequestorUid: 10329 RequestorPkg: com.Slack UnderlyingNetworks: Null] ]
04-16 04:38:46.600  5628  8367 D ConnectivityService: Rematched networks [computed 1ms] [applied 3ms] [issued 9]
04-16 04:38:46.601  5628  8367 D ConnectivityService: NetworkReassignment :
04-16 04:38:46.601  5628  8367 D ConnectivityService:   3934 : null → 106
04-16 04:38:46.633 19012 19012 D ConnectivityManager: StackLog: [android.net.ConnectivityManager.unregisterNetworkCallback(ConnectivityManager.java:4863)] [androidx.work.impl.utils.NetworkApi21.unregisterNetworkCallbackCompat(Unknown Source:10)] [androidx.work.impl.constraints.trackers.NetworkStateTracker24.stopTracking(Unknown Source:15)] [androidx.work.impl.constraints.trackers.ConstraintTracker.removeListener(Unknown Source:24)] [androidx.work.impl.constraints.controllers.ConstraintController.replace(Unknown Source:81)] [androidx.work.impl.constraints.WorkConstraintsTrackerImpl.replace(Unknown Source:41)] [androidx.work.impl.background.greedy.GreedyScheduler.onExecuted(Unknown Source:55)] [androidx.work.impl.Processor.onExecuted(Unknown Source:59)] [com.bugsnag.android.DeliveryDelegate$1.run(Unknown Source:212)]
04-16 04:38:46.635  5628  8367 D ConnectivityService:  Removing from current network [106 WIFI], leaving 148 requests.
04-16 04:38:46.879  5628  9811 D SemWifiUsabilityStatsMonitor: onWifiUsabilityStats - seqNum 4945, isSameBssidAndFreq true
04-16 04:38:46.881  5628  8422 I SemWifiLinkQualityMonitor: Link Qos Query: 0.031 ms / 260.000 Mbps (260 / 0.000 / 1.000)
04-16 04:38:47.170 20153 20177 D Benchmark: timeNs[ 0:10]: 668219 668234 669212 668949 667773 667532 698744 667688 668124 671422
04-16 04:38:47.171 20153 20177 D Benchmark: timeNs[10:20]: 667995 668241 668190 668407 668278 668271 667786 668178 668596 667204
04-16 04:38:47.171 20153 20177 D Benchmark: timeNs[20:30]: 666756 667899 667983 667542 667281 667120 667487 667271 667759 667722
04-16 04:38:47.171 20153 20177 D Benchmark: timeNs[30:40]: 668010 668418 669236 668382 668205 667716 668332 667995 668719 667791
04-16 04:38:47.171 20153 20177 D Benchmark: timeNs[40:50]: 667655 667899 668328 667628 670177 668274 668355 668238 667365 667672
04-16 04:38:47.672 20153 20177 D Benchmark: allocationCount[ 0:10]: 0 0 0 0 0
04-16 04:38:47.672 20153 20177 D Benchmark: Set 20177 (Bench thread) to priority -8. Was -20, now -8
04-16 04:38:47.672 20153 20177 D Benchmark: Set 20162 (Jit) to priority 9. Was -15, now 9
04-16 04:38:47.672 20153 20177 D Benchmark: Warmup: t=1.143, iter=1556, fastAvg=670815, slowAvg=693284
04-16 04:38:47.673 20153 20177 I PerfettoCapture: Stopping perfetto.
04-16 04:38:47.715 24112 24112 I perfetto:    perfetto_cmd.cc:1168 SIGINT/SIGTERM received: disabling tracing.
04-16 04:38:47.718 20153 20177 D Benchmark: kill -TERM command output -
04-16 04:38:47.731  5403  5403 I perfetto:  probes_producer.cc:396 Producer stop (id=281)
04-16 04:38:47.733  5403  5403 I perfetto:    ftrace_procfs.cc:342 disabled ftrace in /sys/kernel/tracing/
04-16 04:38:47.798  4378  4378 I hwservicemanager: getTransport: Cannot find entry android.hardware.atrace@1.0::IAtraceDevice/default in either framework or device VINTF manifest.
04-16 04:38:47.806  5403  5403 I perfetto:  probes_producer.cc:396 Producer stop (id=282)
04-16 04:38:47.807  5403  5403 I perfetto:  probes_producer.cc:396 Producer stop (id=283)
04-16 04:38:47.867 24112 24112 I perfetto:    perfetto_cmd.cc:1124 Trace written into the output file
04-16 04:38:47.869  5406  5406 I perfetto: ng_service_impl.cc:2426 Tracing session 71 ended, total sessions:0
04-16 04:38:48.372 20153 20177 D Benchmark: Waiting 500 ms for [ProcessPid(processName=perfetto, pid=24112)] to die
04-16 04:38:48.535 20153 20177 I PerfettoCapture: Writing to /storage/emulated/0/Android/data/org.jetbrains.android_benchmark.test/cache/Wolf3dBenchmark_valueInlineFloat_2023-04-16-02-38-47.perfetto-trace.
04-16 04:38:48.618 20153 20177 D Benchmark: Copying /storage/emulated/0/Android/data/org.jetbrains.android_benchmark.test/cache/Wolf3dBenchmark_valueInlineFloat_2023-04-16-02-38-47.perfetto-trace to /sdcard/Android/media/org.jetbrains.android_benchmark.test/additional_test_output/Wolf3dBenchmark_valueInlineFloat_2023-04-16-02-38-47.perfetto-trace
04-16 04:38:48.665 10919 23605 W MediaProvider: isAppCloneUserPair for user 0: false
04-16 04:38:48.703  5628  9148 D SyncManager: userId - 0 auto - true
04-16 04:38:48.782 20153 20177 I Benchmark: Wolf3dBenchmark.valueInlineFloat[Metric (timeNs) results: median 668067.6308724831, min 666756.322147651, max 698744.7046979866, standardDeviation: 4397.283857968942, Metric (allocationCount) results: median 0.0, min 0.0, max 0.0, standardDeviation: 0.0]count=149
04-16 04:38:48.786  5288  5288 E sehhealth-service: Could not open /sys/class/power_supply/battery/lrp
04-16 04:38:48.789 20153 20177 D Benchmark: writing results to /storage/emulated/0/Android/data/org.jetbrains.android_benchmark.test/cache/org.jetbrains.android_benchmark.test-benchmarkData.json
04-16 04:38:48.808 20153 20177 D Benchmark: Copying /storage/emulated/0/Android/data/org.jetbrains.android_benchmark.test/cache/org.jetbrains.android_benchmark.test-benchmarkData.json to /sdcard/Android/media/org.jetbrains.android_benchmark.test/additional_test_output/org.jetbrains.android_benchmark.test-benchmarkData.json
04-16 04:38:48.809  5628  5714 W libprocessgroup: Failed to open /dev/blkio//cgroup.procs: No such file or directory
04-16 04:38:48.824 23292 23504 I NetworkScheduler.Stats: Task com.google.android.gms/com.google.android.gms.ipa.base.IpaGcmTaskService started execution. cause:9 exec_start_elapsed_seconds: 45774 [CONTEXT service_id=218 ]
04-16 04:38:48.831 23292 22776 I NetworkScheduler.Stats: Task com.google.android.gms/com.google.android.gms.ipa.base.IpaGcmTaskService finished executing. cause:9 result: 1 elapsed_millis: 45 uptime_millis: 45 exec_start_elapsed_seconds: 45774 [CONTEXT service_id=218 ]
04-16 04:38:48.843  5628 11464 D SyncManager: userId - 0 auto - true
04-16 04:38:48.844 10919 23598 I MediaProvider: Deleted 1 0 0 0 0 0 0 items on external_primary due to org.jetbrains.android_benchmark.test
04-16 04:38:48.853 10919 23215 W MediaProvider: isAppCloneUserPair for user 0: false
04-16 04:38:48.879  5628  9148 D SyncManager: userId - 0 auto - true
04-16 04:38:48.885 20153 20177 I TestRunner: finished: valueInlineFloat(org.jetbrains.android_benchmark.Wolf3dBenchmark)
