04-10 01:46:45.299 11183 11183 W ziparchive: Unable to open '/data/app/~~yQoAUokn5xEINQuBzRXSgw==/com.Slack-efZKKlgMAcE-SbPyqgxvaQ==/split_config.arm64_v8a.dm': No such file or directory
04-10 01:46:45.302 11183 11183 W com.Slack: Entry not found
04-10 01:46:45.302  6284  6373 D MobileStatusTracker(1/2): onSignalStrengthsChanged level=2, vendorLevel=2
04-10 01:46:45.303 11183 11183 W ziparchive: Unable to open '/data/app/~~yQoAUokn5xEINQuBzRXSgw==/com.Slack-efZKKlgMAcE-SbPyqgxvaQ==/split_config.xxhdpi.dm': No such file or directory
04-10 01:46:45.303 11183 11183 W ziparchive: Unable to open '/data/app/~~yQoAUokn5xEINQuBzRXSgw==/com.Slack-efZKKlgMAcE-SbPyqgxvaQ==/split_config.xxhdpi.dm': No such file or directory
04-10 01:46:45.303  6284  6373 D MobileSignalController(1/2): notifyListener: enabled=true, connected=true, dataConnected=true, networkType=LTE (4G), emergencyOnly=false, roaming=false, isDefault=true, dataActivity=inout, level=2, ca=false, mmWave=false, disabledDataIcon=false, simCard=ETC
04-10 01:46:45.305 11183 11183 W com.Slack: Entry not found
04-10 01:46:45.307 11183 11183 D nativeloader: Configuring classloader-namespace for other apk /data/app/~~yQoAUokn5xEINQuBzRXSgw==/com.Slack-efZKKlgMAcE-SbPyqgxvaQ==/base.apk:/data/app/~~yQoAUokn5xEINQuBzRXSgw==/com.Slack-efZKKlgMAcE-SbPyqgxvaQ==/split_config.arm64_v8a.apk:/data/app/~~yQoAUokn5xEINQuBzRXSgw==/com.Slack-efZKKlgMAcE-SbPyqgxvaQ==/split_config.xxhdpi.apk. target_sdk_version=33, uses_libraries=, library_path=/data/app/~~yQoAUokn5xEINQuBzRXSgw==/com.Slack-efZKKlgMAcE-SbPyqgxvaQ==/lib/arm64:/data/app/~~yQoAUokn5xEINQuBzRXSgw==/com.Slack-efZKKlgMAcE-SbPyqgxvaQ==/base.apk!/lib/arm64-v8a:/data/app/~~yQoAUokn5xEINQuBzRXSgw==/com.Slack-efZKKlgMAcE-SbPyqgxvaQ==/split_config.arm64_v8a.apk!/lib/arm64-v8a:/data/app/~~yQoAUokn5xEINQuBzRXSgw==/com.Slack-efZKKlgMAcE-SbPyqgxvaQ==/split_config.xxhdpi.apk!/lib/arm64-v8a, permitted_path=/data:/mnt/expand:/data/user/0/com.Slack
04-10 01:46:45.307  6284  6373 D NetworkController: SignalStrength from intent slotId=1
04-10 01:46:45.321 11184 11184 W ziparchive: Unable to open '/data/app/~~2iCQfKD50tqQI3izPSct8g==/com.linkedin.android-rTvDvRJnWsMnljWzFMTShQ==/split_config.arm64_v8a.dm': No such file or directory
04-10 01:46:45.321 11184 11184 W ziparchive: Unable to open '/data/app/~~2iCQfKD50tqQI3izPSct8g==/com.linkedin.android-rTvDvRJnWsMnljWzFMTShQ==/split_config.arm64_v8a.dm': No such file or directory
04-10 01:46:45.323 11184 11184 W inkedin.android: Entry not found
04-10 01:46:45.324 11184 11184 W ziparchive: Unable to open '/data/app/~~2iCQfKD50tqQI3izPSct8g==/com.linkedin.android-rTvDvRJnWsMnljWzFMTShQ==/split_config.en.dm': No such file or directory
04-10 01:46:45.324 11184 11184 W ziparchive: Unable to open '/data/app/~~2iCQfKD50tqQI3izPSct8g==/com.linkedin.android-rTvDvRJnWsMnljWzFMTShQ==/split_config.en.dm': No such file or directory
04-10 01:46:45.326 11184 11184 W inkedin.android: Entry not found
04-10 01:46:45.328 11184 11184 W ziparchive: Unable to open '/data/app/~~2iCQfKD50tqQI3izPSct8g==/com.linkedin.android-rTvDvRJnWsMnljWzFMTShQ==/split_config.ru.dm': No such file or directory
04-10 01:46:45.328 11184 11184 W ziparchive: Unable to open '/data/app/~~2iCQfKD50tqQI3izPSct8g==/com.linkedin.android-rTvDvRJnWsMnljWzFMTShQ==/split_config.ru.dm': No such file or directory
04-10 01:46:45.330 11184 11184 W inkedin.android: Entry not found
04-10 01:46:45.332 11184 11184 W ziparchive: Unable to open '/data/app/~~2iCQfKD50tqQI3izPSct8g==/com.linkedin.android-rTvDvRJnWsMnljWzFMTShQ==/split_config.xxhdpi.dm': No such file or directory
04-10 01:46:45.332 11184 11184 W ziparchive: Unable to open '/data/app/~~2iCQfKD50tqQI3izPSct8g==/com.linkedin.android-rTvDvRJnWsMnljWzFMTShQ==/split_config.xxhdpi.dm': No such file or directory
04-10 01:46:45.336 11184 11184 W inkedin.android: Entry not found
04-10 01:46:45.338 11184 11184 D nativeloader: Configuring classloader-namespace for other apk /data/app/~~2iCQfKD50tqQI3izPSct8g==/com.linkedin.android-rTvDvRJnWsMnljWzFMTShQ==/base.apk:/data/app/~~2iCQfKD50tqQI3izPSct8g==/com.linkedin.android-rTvDvRJnWsMnljWzFMTShQ==/split_config.arm64_v8a.apk:/data/app/~~2iCQfKD50tqQI3izPSct8g==/com.linkedin.android-rTvDvRJnWsMnljWzFMTShQ==/split_config.en.apk:/data/app/~~2iCQfKD50tqQI3izPSct8g==/com.linkedin.android-rTvDvRJnWsMnljWzFMTShQ==/split_config.ru.apk:/data/app/~~2iCQfKD50tqQI3izPSct8g==/com.linkedin.android-rTvDvRJnWsMnljWzFMTShQ==/split_config.xxhdpi.apk. target_sdk_version=33, uses_libraries=, library_path=/data/app/~~2iCQfKD50tqQI3izPSct8g==/com.linkedin.android-rTvDvRJnWsMnljWzFMTShQ==/lib/arm64:/data/app/~~2iCQfKD50tqQI3izPSct8g==/com.linkedin.android-rTvDvRJnWsMnljWzFMTShQ==/base.apk!/lib/arm64-v8a:/data/app/~~2iCQfKD50tqQI3izPSct8g==/com.linkedin.android-rTvDvRJnWsMnljWzFMTShQ==/split_config.arm64_v8a.apk!/lib/arm64-v8a:/data/app/~~2iCQfKD50tqQI3izPSct8g==/com.linkedin.android-rTvDvRJnWsMnljWzFMTShQ=
04-10 01:46:45.348 11183 11183 W com.Slack: JIT profile information will not be recorded: profile file does not exist.
04-10 01:46:45.348 11183 11183 W com.Slack: JIT profile information will not be recorded: profile file does not exist.
04-10 01:46:45.355 11184 11184 W inkedin.android: JIT profile information will not be recorded: profile file does not exist.
04-10 01:46:45.355 11184 11184 W inkedin.android: JIT profile information will not be recorded: profile file does not exist.
04-10 01:46:45.355 11184 11184 W inkedin.android: JIT profile information will not be recorded: profile file does not exist.
04-10 01:46:45.355 11184 11184 W inkedin.android: JIT profile information will not be recorded: profile file does not exist.
04-10 01:46:45.382 11183 11183 V GraphicsEnvironment: ANGLE Developer option for 'com.Slack' set to: 'default'
04-10 01:46:45.383 11183 11183 V GraphicsEnvironment: ANGLE GameManagerService for com.Slack: false
04-10 01:46:45.384 11183 11183 V GraphicsEnvironment: Neither updatable production driver nor prerelease driver is supported.
04-10 01:46:45.388 11183 11183 D NetworkSecurityConfig: No Network Security Config specified, using platform default
04-10 01:46:45.392 11183 11183 D NetworkSecurityConfig: No Network Security Config specified, using platform default
04-10 01:46:45.394 11184 11184 V GraphicsEnvironment: ANGLE Developer option for 'com.linkedin.android' set to: 'default'
04-10 01:46:45.394 11184 11184 V GraphicsEnvironment: ANGLE GameManagerService for com.linkedin.android: false
04-10 01:46:45.395 11184 11184 V GraphicsEnvironment: Neither updatable production driver nor prerelease driver is supported.
04-10 01:46:45.401 11184 11184 D NetworkSecurityConfig: Using Network Security Config from resource network_security_config debugBuild: false
04-10 01:46:45.405 11184 11184 D NetworkSecurityConfig: Using Network Security Config from resource network_security_config debugBuild: false
04-10 01:46:45.441  5665  6152 D NetdEventListenerService: DNS Requested by : 100, 10126
04-10 01:46:45.538  5665  5680 I system_server: Background concurrent copying GC freed 478127(22MB) AllocSpace objects, 27(588KB) LOS objects, 20% free, 91MB/115MB, paused 599us,376us total 350.604ms
04-10 01:46:45.665 11184 11184 I EKGCrashLoopDetector: Last crash time: 0
04-10 01:46:45.665 11184 11184 D EKGCrashLoopDetector: Didn't crash at startup last launch
04-10 01:46:45.692 11183 11183 D CompatibilityChangeReporter: Compat change id reported: 183155436; UID 10329; state: ENABLED
04-10 01:46:45.708 11184 11230 D ExceptionHandler: [EKG-BackgroundExecutor] Uploading pending java crashes
04-10 01:46:45.717 11184 11230 D ExceptionHandler: [EKG-BackgroundExecutor] Number of crash files to process: 0
04-10 01:46:45.718 11184 11184 D EKGNDKCrashReporter: miniDumpFilePath: /data/user/0/com.linkedin.android/files/ekg_ndk_crashes_v1/0.877.99/0104d2f1-1cab-4f07-65645fa6-aec08d2f.dmp
04-10 01:46:45.718 11184 11184 D EKGNDKCrashReporter: pageKeyFilePath: /data/user/0/com.linkedin.android/files/ekg_ndk_crashes_v1/0.877.99/0104d2f1-1cab-4f07-65645fa6-aec08d2f.pagekey
04-10 01:46:45.719 11184 11230 D ExceptionHandler: [EKG-BackgroundExecutor] Uploading native crashes
04-10 01:46:45.720 11184 11230 D ExceptionHandler: [EKG-BackgroundExecutor] Number of crash files to process: 0
04-10 01:46:45.728 11184 11184 I FlagshipApplication: [main] Granular phase APP_ATTACH completed. Interval(startNanos=1681084005608000000ns, durationNanos=117000000ns)
04-10 01:46:45.740  5665  6082 I ChimeraAggressivePolicyHandler: executePolicy() - triggerSource: TRIGGER_SOURCE_LMKD
04-10 01:46:45.744  5665  6082 I ChimeraAggressivePolicyHandler: available memory: 1015956, free memory target: 890880, quit chimera
04-10 01:46:45.799 11184 11184 D CompatibilityChangeReporter: Compat change id reported: 183155436; UID 10006; state: ENABLED
04-10 01:46:45.799 11184 11184 I FirebaseApp: Device unlocked: initializing all Firebase APIs for app [DEFAULT]
04-10 01:46:45.818 11184 11184 I FirebaseInitProvider: FirebaseApp initialization successful
04-10 01:46:45.864 11184 11184 E FlagshipApplication: [main] FlagshipApplication#onCreate() called for process id 11184
04-10 01:46:45.868 11184 11184 D ConnectivityManager: StackLog: [android.net.ConnectivityManager.sendRequestForNetwork(ConnectivityManager.java:4191)] [android.net.ConnectivityManager.registerDefaultNetworkCallbackForUid(ConnectivityManager.java:4755)] [android.net.ConnectivityManager.registerDefaultNetworkCallback(ConnectivityManager.java:4722)] [android.net.ConnectivityManager.registerDefaultNetworkCallback(ConnectivityManager.java:4696)] [com.linkedin.android.networking.util.NetworkMonitor.<init>(NetworkMonitor.java:58)] [com.linkedin.android.networking.util.NetworkMonitor.initialize(NetworkMonitor.java:40)] [com.linkedin.android.app.FlagshipApplication.onCreate(FlagshipApplication.java:83)] [android.app.Instrumentation.callApplicationOnCreate(Instrumentation.java:1266)] [android.app.ActivityThread.handleBindApplication(ActivityThread.java:7598)] [android.app.ActivityThread.-$$Nest$mhandleBindApplication(Unknown Source:0)] [android.app.ActivityThread$H.handleMessage(ActivityThread.java:2397)]
04-10 01:46:45.871  5665  8773 D ConnectivityService: requestNetwork for uid/pid:10006/11184 activeRequest: null callbackRequest: 1458 [NetworkRequest [ REQUEST id=1459, [ Capabilities: INTERNET&NOT_RESTRICTED&TRUSTED&NOT_VCN_MANAGED Uid: 10006 RequestorUid: 10006 RequestorPkg: com.linkedin.android UnderlyingNetworks: Null] ]] callback flags: 0 order: 2147483647
04-10 01:46:45.875  5665  6036 D ConnectivityService:    accepting network in place of null
04-10 01:46:45.879  5665  6026 D WifiNetworkFactory: got request NetworkRequest [ REQUEST id=1459, [ Capabilities: INTERNET&NOT_RESTRICTED&TRUSTED&NOT_VCN_MANAGED Uid: 10006 RequestorUid: 10006 RequestorPkg: com.linkedin.android UnderlyingNetworks: Null] ]
04-10 01:46:45.881  5665  6026 D UntrustedWifiNetworkFactory: got request NetworkRequest [ REQUEST id=1459, [ Capabilities: INTERNET&NOT_RESTRICTED&TRUSTED&NOT_VCN_MANAGED Uid: 10006 RequestorUid: 10006 RequestorPkg: com.linkedin.android UnderlyingNetworks: Null] ]
04-10 01:46:45.882  5665  6026 D OemPaidWifiNetworkFactory: got request NetworkRequest [ REQUEST id=1459, [ Capabilities: INTERNET&NOT_RESTRICTED&TRUSTED&NOT_VCN_MANAGED Uid: 10006 RequestorUid: 10006 RequestorPkg: com.linkedin.android UnderlyingNetworks: Null] ]
04-10 01:46:45.883  5665  6026 D MultiInternetWifiNetworkFactory: got request NetworkRequest [ REQUEST id=1459, [ Capabilities: INTERNET&NOT_RESTRICTED&TRUSTED&NOT_VCN_MANAGED Uid: 10006 RequestorUid: 10006 RequestorPkg: com.linkedin.android UnderlyingNetworks: Null] ]
04-10 01:46:45.887  5665  6036 D ConnectivityService: Rematched networks [computed 1ms] [applied 1ms] [issued 11]
04-10 01:46:45.887  5665  6036 D ConnectivityService: NetworkReassignment :
04-10 01:46:45.887  5665  6036 D ConnectivityService:   1459 : null  100
04-10 01:46:45.947 11184 11184 I FlagshipApplication: [main] Granular phase APP_DEPENDENCY_INJECTION completed. Interval(startNanos=1681084005874000000ns, durationNanos=73000000ns)
04-10 01:46:45.988 11183 11183 W BugsnagNDK: Initialization complete!
04-10 01:46:46.003 11183 11258 D ConnectivityManager: StackLog: [android.net.ConnectivityManager.sendRequestForNetwork(ConnectivityManager.java:4191)] [android.net.ConnectivityManager.registerDefaultNetworkCallbackForUid(ConnectivityManager.java:4755)] [android.net.ConnectivityManager.registerDefaultNetworkCallback(ConnectivityManager.java:4722)] [android.net.ConnectivityManager.registerDefaultNetworkCallback(ConnectivityManager.java:4696)] [com.bugsnag.android.ConnectivityApi24.registerForNetworkChanges(Unknown Source:4)] [com.bugsnag.android.ConnectivityCompat.registerForNetworkChanges(Unknown Source:2)] [androidx.work.Worker$1.run(Unknown Source:357)] [java.util.concurrent.Executors$RunnableAdapter.call(Executors.java:463)] [java.util.concurrent.FutureTask.run(FutureTask.java:264)] [java.util.concurrent.ThreadPoolExecutor.runWorker(ThreadPoolExecutor.java:1137)] [java.util.concurrent.ThreadPoolExecutor$Worker.run(ThreadPoolExecutor.java:637)] [java.lang.Thread.run(Thread.java:1012)]
04-10 01:46:46.005  5665  8773 D ConnectivityService: requestNetwork for uid/pid:10329/11183 activeRequest: null callbackRequest: 1460 [NetworkRequest [ REQUEST id=1461, [ Capabilities: INTERNET&NOT_RESTRICTED&TRUSTED&NOT_VCN_MANAGED Uid: 10329 RequestorUid: 10329 RequestorPkg: com.Slack UnderlyingNetworks: Null] ]] callback flags: 0 order: 2147483647
04-10 01:46:46.008  5665  6036 D ConnectivityService:    accepting network in place of null
04-10 01:46:46.013  5665  6026 D WifiNetworkFactory: got request NetworkRequest [ REQUEST id=1461, [ Capabilities: INTERNET&NOT_RESTRICTED&TRUSTED&NOT_VCN_MANAGED Uid: 10329 RequestorUid: 10329 RequestorPkg: com.Slack UnderlyingNetworks: Null] ]
04-10 01:46:46.014  5665  6026 D UntrustedWifiNetworkFactory: got request NetworkRequest [ REQUEST id=1461, [ Capabilities: INTERNET&NOT_RESTRICTED&TRUSTED&NOT_VCN_MANAGED Uid: 10329 RequestorUid: 10329 RequestorPkg: com.Slack UnderlyingNetworks: Null] ]
04-10 01:46:46.015  5665  6026 D OemPaidWifiNetworkFactory: got request NetworkRequest [ REQUEST id=1461, [ Capabilities: INTERNET&NOT_RESTRICTED&TRUSTED&NOT_VCN_MANAGED Uid: 10329 RequestorUid: 10329 RequestorPkg: com.Slack UnderlyingNetworks: Null] ]
04-10 01:46:46.015  5665  6026 D MultiInternetWifiNetworkFactory: got request NetworkRequest [ REQUEST id=1461, [ Capabilities: INTERNET&NOT_RESTRICTED&TRUSTED&NOT_VCN_MANAGED Uid: 10329 RequestorUid: 10329 RequestorPkg: com.Slack UnderlyingNetworks: Null] ]
04-10 01:46:46.018 11184 11269 D ConnectivityManager: StackLog: [android.net.ConnectivityManager.sendRequestForNetwork(ConnectivityManager.java:4191)] [android.net.ConnectivityManager.registerDefaultNetworkCallbackForUid(ConnectivityManager.java:4755)] [android.net.ConnectivityManager.registerDefaultNetworkCallback(ConnectivityManager.java:4722)] [org.chromium.net.NetworkChangeNotifierAutoDetect$RegistrationPolicy.register(NetworkChangeNotifierAutoDetect.java:38)] [org.chromium.net.RegistrationPolicyAlwaysRegister.init(RegistrationPolicyAlwaysRegister.java:3)] [org.chromium.net.NetworkChangeNotifierAutoDetect.<init>(NetworkChangeNotifierAutoDetect.java:105)] [org.chromium.net.NetworkChangeNotifier.setAutoDetectConnectivityStateInternal(NetworkChangeNotifier.java:14)] [org.chromium.net.impl.CronetLibraryLoader.ensureInitializedOnInitThread(CronetLibraryLoader.java:17)] [org.chromium.net.impl.CronetLibraryLoader$1.run(CronetLibraryLoader.java:1)]
04-10 01:46:46.018  5665  6036 D ConnectivityService: Rematched networks [computed 1ms] [applied 1ms] [issued 9]
04-10 01:46:46.018  5665  6036 D ConnectivityService: NetworkReassignment :
04-10 01:46:46.018  5665  6036 D ConnectivityService:   1461 : null  100
04-10 01:46:46.020  5665  8719 D ConnectivityService: requestNetwork for uid/pid:10006/11184 activeRequest: null callbackRequest: 1462 [NetworkRequest [ REQUEST id=1463, [ Capabilities: INTERNET&NOT_RESTRICTED&TRUSTED&NOT_VCN_MANAGED Uid: 10006 RequestorUid: 10006 RequestorPkg: com.linkedin.android UnderlyingNetworks: Null] ]] callback flags: 0 order: 2147483647
04-10 01:46:46.022  5665  6036 D ConnectivityService:    accepting network in place of null
04-10 01:46:46.026  5665  6026 D WifiNetworkFactory: got request NetworkRequest [ REQUEST id=1463, [ Capabilities: INTERNET&NOT_RESTRICTED&TRUSTED&NOT_VCN_MANAGED Uid: 10006 RequestorUid: 10006 RequestorPkg: com.linkedin.android UnderlyingNetworks: Null] ]
04-10 01:46:46.027  5665  6026 D UntrustedWifiNetworkFactory: got request NetworkRequest [ REQUEST id=1463, [ Capabilities: INTERNET&NOT_RESTRICTED&TRUSTED&NOT_VCN_MANAGED Uid: 10006 RequestorUid: 10006 RequestorPkg: com.linkedin.android UnderlyingNetworks: Null] ]
04-10 01:46:46.028  5665  6026 D OemPaidWifiNetworkFactory: got request NetworkRequest [ REQUEST id=1463, [ Capabilities: INTERNET&NOT_RESTRICTED&TRUSTED&NOT_VCN_MANAGED Uid: 10006 RequestorUid: 10006 RequestorPkg: com.linkedin.android UnderlyingNetworks: Null] ]
04-10 01:46:46.029  5665  6026 D MultiInternetWifiNetworkFactory: got request NetworkRequest [ REQUEST id=1463, [ Capabilities: INTERNET&NOT_RESTRICTED&TRUSTED&NOT_VCN_MANAGED Uid: 10006 RequestorUid: 10006 RequestorPkg: com.linkedin.android UnderlyingNetworks: Null] ]
04-10 01:46:46.029 11184 11269 D ConnectivityManager: StackLog: [android.net.ConnectivityManager.sendRequestForNetwork(ConnectivityManager.java:4191)] [android.net.ConnectivityManager.sendRequestForNetwork(ConnectivityManager.java:4233)] [android.net.ConnectivityManager.registerNetworkCallback(ConnectivityManager.java:4615)] [org.chromium.net.NetworkChangeNotifierAutoDetect$RegistrationPolicy.register(NetworkChangeNotifierAutoDetect.java:111)] [org.chromium.net.RegistrationPolicyAlwaysRegister.init(RegistrationPolicyAlwaysRegister.java:3)] [org.chromium.net.NetworkChangeNotifierAutoDetect.<init>(NetworkChangeNotifierAutoDetect.java:105)] [org.chromium.net.NetworkChangeNotifier.setAutoDetectConnectivityStateInternal(NetworkChangeNotifier.java:14)] [org.chromium.net.impl.CronetLibraryLoader.ensureInitializedOnInitThread(CronetLibraryLoader.java:17)] [org.chromium.net.impl.CronetLibraryLoader$1.run(CronetLibraryLoader.java:1)]
04-10 01:46:46.030  5665  8719 D PackageManager: setEnabledSetting : userId = 0 packageName = com.linkedin.android cmp = androidx.work.impl.background.systemjob.SystemJobService newState = 1 callingPackage = 10006/com.linkedin.android
04-10 01:46:46.031  5665  8719 D ApplicationPolicy: getApplicationStateEnabled : pkg = com.linkedin.android userId : 0
04-10 01:46:46.033  5665  8719 D ApplicationPolicy: getApplicationComponentState : pkg = com.linkedin.android userId : 0
04-10 01:46:46.048  5665  6036 D ConnectivityService: Rematched networks [computed 1ms] [applied 1ms] [issued 25]
04-10 01:46:46.048  5665  6036 D ConnectivityService: NetworkReassignment :
04-10 01:46:46.048  5665  6036 D ConnectivityService:   1463 : null  100
04-10 01:46:46.051  5665  6036 D ConnectivityService: Rematched networks [computed 0ms] [applied 1ms] [issued 2]
04-10 01:46:46.051  5665  6036 D ConnectivityService: NetworkReassignment : no changes
04-10 01:46:46.071 11184 11264 I cr_CronetLibraryLoader: Cronet version: 102.0.5005.125, arch: aarch64
04-10 01:46:46.101 11184 11272 D CompatibilityChangeReporter: Compat change id reported: 160794467; UID 10006; state: ENABLED
04-10 01:46:46.159 11184 11184 W DaggerInfraApplicationD: [main] Cannot set the application tracking stack multiple times. Skipping assignment.
04-10 01:46:46.159 11184 11184 D GlobalSequence: Global Sequence already initialized. Ignoring
04-10 01:46:46.163 11184 11300 I LMDBLRUCache: Entry init duration: 4ms
04-10 01:46:46.180 11184 11306 W ThreadPoolExecutor: [ConnectionMonitor-1] ConnectionStateChangedListener added to ConnectionMonitor, but ConnectionMonitor has not been started.
04-10 01:46:46.208 11184 11184 D LixManagerImpl: [main] Triggering sync for lix lixType 0
04-10 01:46:46.209 11184 11184 D LixNetworkManager: [main] Batch Fetch Lix url:/lix/lixFrontendTreatmentsV2?action=batchGet
04-10 01:46:46.234  5665  6152 D NetdEventListenerService: DNS Requested by : 100, 10006
04-10 01:46:46.247  5665  8763 D PackageManager: setEnabledSetting : userId = 0 packageName = com.Slack cmp = androidx.work.impl.background.systemjob.SystemJobService newState = 1 callingPackage = 10329/com.Slack
04-10 01:46:46.248  5665  8763 D ApplicationPolicy: getApplicationStateEnabled : pkg = com.Slack userId : 0
04-10 01:46:46.249  5665  8763 D ApplicationPolicy: getApplicationComponentState : pkg = com.Slack userId : 0
04-10 01:46:46.355 11184 11335 W WM-WorkSpec: Flex duration lesser than minimum allowed value; Changed to 300000
04-10 01:46:46.456 11183 11328 D CompatibilityChangeReporter: Compat change id reported: 160794467; UID 10329; state: ENABLED
04-10 01:46:46.476 11183 11328 D CompatibilityChangeReporter: Compat change id reported: 194532703; UID 10329; state: ENABLED
04-10 01:46:46.490  5665  8773 D PackageManager: setEnabledSetting : userId = 0 packageName = com.linkedin.android cmp = androidx.work.impl.background.systemalarm.RescheduleReceiver newState = 1 callingPackage = 10006/com.linkedin.android
04-10 01:46:46.492  5665  8773 D ApplicationPolicy: getApplicationStateEnabled : pkg = com.linkedin.android userId : 0
04-10 01:46:46.495 11184 11184 D AppLaunchRateLimiter: [main] shouldLimitAppLaunchNetworkCalls: S600
04-10 01:46:46.495  5665  8773 D ApplicationPolicy: getApplicationComponentState : pkg = com.linkedin.android userId : 0
04-10 01:46:46.505 11184 11339 D CompatibilityChangeReporter: Compat change id reported: 194532703; UID 10006; state: ENABLED
04-10 01:46:46.511 11184 11339 D ConnectivityManager: StackLog: [android.net.ConnectivityManager.sendRequestForNetwork(ConnectivityManager.java:4191)] [android.net.ConnectivityManager.registerDefaultNetworkCallbackForUid(ConnectivityManager.java:4755)] [android.net.ConnectivityManager.registerDefaultNetworkCallback(ConnectivityManager.java:4722)] [android.net.ConnectivityManager.registerDefaultNetworkCallback(ConnectivityManager.java:4696)] [androidx.work.impl.constraints.trackers.NetworkStateTracker.startTracking(NetworkStateTracker.java:19)] [androidx.work.impl.constraints.controllers.ConstraintController.replace(ConstraintController.java:136)] [androidx.work.impl.constraints.WorkConstraintsTracker.replace(WorkConstraintsTracker.java:39)] [androidx.work.impl.background.greedy.GreedyScheduler.schedule(GreedyScheduler.java:301)] [androidx.work.impl.Schedulers.schedule(Schedulers.java:152)] [androidx.work.impl.utils.EnqueueRunnable.run(EnqueueRunnable.java:52)] [androidx.work.impl.utils.SerialExecutor$Task.run(SerialExecutor.java:5)] [java.util.concurrent.ThreadPoolExecutor.runWorker(ThreadPoolExecutor.java:1137)] [java.util.concurrent.ThreadPoolExecutor$Worker.run(ThreadPoolExecutor.java:637)] [java.lang.Thread.run(Thread.java:1012)]
04-10 01:46:46.512  5665  8773 D ConnectivityService: requestNetwork for uid/pid:10006/11184 activeRequest: null callbackRequest: 1465 [NetworkRequest [ REQUEST id=1466, [ Capabilities: INTERNET&NOT_RESTRICTED&TRUSTED&NOT_VCN_MANAGED Uid: 10006 RequestorUid: 10006 RequestorPkg: com.linkedin.android UnderlyingNetworks: Null] ]] callback flags: 0 order: 2147483647
04-10 01:46:46.514  5665  6036 D ConnectivityService:    accepting network in place of null
04-10 01:46:46.519  5665  6026 D WifiNetworkFactory: got request NetworkRequest [ REQUEST id=1466, [ Capabilities: INTERNET&NOT_RESTRICTED&TRUSTED&NOT_VCN_MANAGED Uid: 10006 RequestorUid: 10006 RequestorPkg: com.linkedin.android UnderlyingNetworks: Null] ]
04-10 01:46:46.519 11184 11184 I MemberUtil: [main] Creating Me from dash profile with premium value: false
04-10 01:46:46.520  5665  6026 D UntrustedWifiNetworkFactory: got request NetworkRequest [ REQUEST id=1466, [ Capabilities: INTERNET&NOT_RESTRICTED&TRUSTED&NOT_VCN_MANAGED Uid: 10006 RequestorUid: 10006 RequestorPkg: com.linkedin.android UnderlyingNetworks: Null] ]
04-10 01:46:46.522  5665  6026 D OemPaidWifiNetworkFactory: got request NetworkRequest [ REQUEST id=1466, [ Capabilities: INTERNET&NOT_RESTRICTED&TRUSTED&NOT_VCN_MANAGED Uid: 10006 RequestorUid: 10006 RequestorPkg: com.linkedin.android UnderlyingNetworks: Null] ]
04-10 01:46:46.524  5665  6026 D MultiInternetWifiNetworkFactory: got request NetworkRequest [ REQUEST id=1466, [ Capabilities: INTERNET&NOT_RESTRICTED&TRUSTED&NOT_VCN_MANAGED Uid: 10006 RequestorUid: 10006 RequestorPkg: com.linkedin.android UnderlyingNetworks: Null] ]
04-10 01:46:46.526  5665  6036 D ConnectivityService: Rematched networks [computed 1ms] [applied 1ms] [issued 11]
04-10 01:46:46.526  5665  6036 D ConnectivityService: NetworkReassignment :
04-10 01:46:46.526  5665  6036 D ConnectivityService:   1466 : null  100
04-10 01:46:46.549 11184 11184 D LaunchManagerImpl: [main] onAppProcessStarted(): shouldLimitNetworkCalls=true
04-10 01:46:46.554 11184 11184 D ShortcutBadger: Finding badger
04-10 01:46:46.563 11184 11184 D ShortcutBadger: Current badger:me.leolin.shortcutbadger.impl.DefaultBadger
04-10 01:46:46.565 11183 11328 D ConnectivityManager: StackLog: [android.net.ConnectivityManager.sendRequestForNetwork(ConnectivityManager.java:4191)] [android.net.ConnectivityManager.registerDefaultNetworkCallbackForUid(ConnectivityManager.java:4755)] [android.net.ConnectivityManager.registerDefaultNetworkCallback(ConnectivityManager.java:4722)] [android.net.ConnectivityManager.registerDefaultNetworkCallback(ConnectivityManager.java:4696)] [androidx.work.impl.utils.NetworkApi24.registerDefaultNetworkCallbackCompat(Unknown Source:10)] [androidx.work.impl.constraints.trackers.NetworkStateTracker24.startTracking(Unknown Source:15)] [androidx.work.impl.constraints.controllers.ConstraintController.replace(Unknown Source:130)] [androidx.work.impl.constraints.WorkConstraintsTrackerImpl.replace(Unknown Source:41)] [androidx.work.impl.background.greedy.GreedyScheduler.schedule(Unknown Source:300)] [androidx.work.impl.Schedulers.schedule(Unknown Source:149)] [androidx.work.impl.utils.ForceStopRunnable.forceStopRunnable(Unknown Source:570)] [androidx.work.impl.utils.ForceStopRunnable.run(Unknown Source:74)] [androidx.work.Worker$2.run$androidx$work$impl$utils$SerialExecutorImpl$Task(Unknown Source:4)] [androidx.work.Worker$2.run(Unknown Source:881)] [java.util.concurrent.ThreadPoolExecutor.runWorker(ThreadPoolExecutor.java:1137)] [java.util.concurrent.ThreadPoolExecutor$Worker.run(ThreadPoolExecutor.java:637)] [java.lang.Thread.run(Thread.java:1012)]
04-10 01:46:46.567  5665  8763 D ConnectivityService: requestNetwork for uid/pid:10329/11183 activeRequest: null callbackRequest: 1467 [NetworkRequest [ REQUEST id=1468, [ Capabilities: INTERNET&NOT_RESTRICTED&TRUSTED&NOT_VCN_MANAGED Uid: 10329 RequestorUid: 10329 RequestorPkg: com.Slack UnderlyingNetworks: Null] ]] callback flags: 0 order: 2147483647
04-10 01:46:46.572  5665  6036 D ConnectivityService:    accepting network in place of null
04-10 01:46:46.574  5665  6026 D WifiNetworkFactory: got request NetworkRequest [ REQUEST id=1468, [ Capabilities: INTERNET&NOT_RESTRICTED&TRUSTED&NOT_VCN_MANAGED Uid: 10329 RequestorUid: 10329 RequestorPkg: com.Slack UnderlyingNetworks: Null] ]
04-10 01:46:46.575  5665  6026 D UntrustedWifiNetworkFactory: got request NetworkRequest [ REQUEST id=1468, [ Capabilities: INTERNET&NOT_RESTRICTED&TRUSTED&NOT_VCN_MANAGED Uid: 10329 RequestorUid: 10329 RequestorPkg: com.Slack UnderlyingNetworks: Null] ]
04-10 01:46:46.575  5665  6026 D OemPaidWifiNetworkFactory: got request NetworkRequest [ REQUEST id=1468, [ Capabilities: INTERNET&NOT_RESTRICTED&TRUSTED&NOT_VCN_MANAGED Uid: 10329 RequestorUid: 10329 RequestorPkg: com.Slack UnderlyingNetworks: Null] ]
04-10 01:46:46.575  5665  6026 D MultiInternetWifiNetworkFactory: got request NetworkRequest [ REQUEST id=1468, [ Capabilities: INTERNET&NOT_RESTRICTED&TRUSTED&NOT_VCN_MANAGED Uid: 10329 RequestorUid: 10329 RequestorPkg: com.Slack UnderlyingNetworks: Null] ]
04-10 01:46:46.576  5665  6036 D ConnectivityService: Rematched networks [computed 0ms] [applied 1ms] [issued 3]
04-10 01:46:46.576  5665  6036 D ConnectivityService: NetworkReassignment :
04-10 01:46:46.576  5665  6036 D ConnectivityService:   1468 : null  100
04-10 01:46:46.579  6284  6373 D MobileStatusTracker(1/2): onSignalStrengthsChanged level=3, vendorLevel=2
04-10 01:46:46.582  6284  6373 D MobileSignalController(1/2): notifyListener: enabled=true, connected=true, dataConnected=true, networkType=LTE (4G), emergencyOnly=false, roaming=false, isDefault=true, dataActivity=inout, level=2, ca=false, mmWave=false, disabledDataIcon=false, simCard=ETC
04-10 01:46:46.582  6284  6373 D NetworkController: SignalStrength from intent slotId=1
04-10 01:46:46.601  5665  8763 D PackageManager: setEnabledSetting : userId = 0 packageName = com.Slack cmp = androidx.work.impl.background.systemalarm.RescheduleReceiver newState = 1 callingPackage = 10329/com.Slack
04-10 01:46:46.603  5665  8763 D ApplicationPolicy: getApplicationStateEnabled : pkg = com.Slack userId : 0
04-10 01:46:46.603  5665  8763 D ApplicationPolicy: getApplicationComponentState : pkg = com.Slack userId : 0
04-10 01:46:46.614 11183 11183 W FontsContract: Platform version of downloadable fonts is deprecated. Please use androidx version instead.
04-10 01:46:46.623  7623 11765 I FontLog : Received query Lato, URI content://com.google.android.gms.fonts [CONTEXT service_id=132 ]
04-10 01:46:46.625  7623 11765 I FontLog : Query [Lato] resolved to {Lato, wdth 100.0, wght 400, ital 0.0, bestEffort false} [CONTEXT service_id=132 ]
04-10 01:46:46.637 11184 11362 W WM-WorkSpec: Flex duration lesser than minimum allowed value; Changed to 300000
04-10 01:46:46.649  7623 11765 I FontLog : Fetch {Lato, wdth 100.0, wght 400, ital 0.0, bestEffort false} end status Status{statusCode=SUCCESS, resolution=null} [CONTEXT service_id=132 ]
04-10 01:46:46.657  7623 11765 I FontLog : Pulling font file for id = 66, cache size = 5 [CONTEXT service_id=132 ]
04-10 01:46:46.671 11184 11184 I Choreographer: Skipped 49 frames!  The application may be doing too much work on its main thread.
04-10 01:46:46.695 11183 11183 I Choreographer: Skipped 54 frames!  The application may be doing too much work on its main thread.
04-10 01:46:46.707  5665  5741 W libprocessgroup: Failed to open /dev/blkio//cgroup.procs: No such file or directory
04-10 01:46:47.018 11183 11183 D ConnectivityManager: StackLog: [android.net.ConnectivityManager.unregisterNetworkCallback(ConnectivityManager.java:4863)] [androidx.work.impl.utils.NetworkApi21.unregisterNetworkCallbackCompat(Unknown Source:10)] [androidx.work.impl.constraints.trackers.NetworkStateTracker24.stopTracking(Unknown Source:15)] [androidx.work.impl.constraints.trackers.ConstraintTracker.removeListener(Unknown Source:24)] [androidx.work.impl.constraints.controllers.ConstraintController.replace(Unknown Source:81)] [androidx.work.impl.constraints.WorkConstraintsTrackerImpl.replace(Unknown Source:41)] [androidx.work.impl.background.greedy.GreedyScheduler.onExecuted(Unknown Source:55)] [androidx.work.impl.Processor.onExecuted(Unknown Source:59)] [com.bugsnag.android.DeliveryDelegate$1.run(Unknown Source:212)]
04-10 01:46:47.022  5665  6036 D ConnectivityService:  Removing from current network [100 CELLULAR], leaving 142 requests.
04-10 01:46:47.061  5665  5739 I libprocessgroup: Successfully killed process cgroup uid 10217 pid 6208 in 0ms
04-10 01:46:47.109 11184 11362 W WM-WorkSpec: Flex duration lesser than minimum allowed value; Changed to 300000
04-10 01:46:47.122  6213  6213 D TelephonyManager: requestModemActivityInfo: Sending result to app: ModemActivityInfo{ mTimestamp=11905661 mSleepTimeMs=2047067 mIdleTimeMs=704677 mActivityStatsTechSpecificInfo=[{mRat=UNKNOWN,mFrequencyRange=UNKNOWN,mTxTimeMs[]=[0, 0, 97, 35, 138],mRxTimeMs=6564127}]}
04-10 01:46:47.143  5274  5274 I Zygote  : Process 6208 exited due to signal 9 (Killed)
04-10 01:46:47.194 11184 11362 W WM-WorkSpec: Flex duration lesser than minimum allowed value; Changed to 300000
04-10 01:46:47.225 11184 11291 I WM-WorkerWrapper: Worker result SUCCESS for Work [ id=d4af4d43-769c-4869-8db5-3647769d67f7, tags={ com.linkedin.android.segment.ChameleonPeriodicWork } ]
04-10 01:46:47.327 11184 11338 I WM-WorkerWrapper: Worker result SUCCESS for Work [ id=6839f5c8-a443-4abb-9434-9047e08f7a2f, tags={ com.linkedin.android.litrackinglib.network.SendTrackingEventWorker, send_one_batch_events_work } ]
04-10 01:46:47.601 11184 11339 I WM-WorkerWrapper: Worker result SUCCESS for Work [ id=6e8773ca-e1a5-4d86-b91b-3ba4be1e8407, tags={ com.linkedin.android.litrackinglib.network.SendTrackingEventWorker, period_sync_work } ]
04-10 01:46:47.615 11184 11184 D ConnectivityManager: StackLog: [android.net.ConnectivityManager.unregisterNetworkCallback(ConnectivityManager.java:4863)] [androidx.work.impl.constraints.trackers.NetworkStateTracker.stopTracking(NetworkStateTracker.java:19)] [androidx.work.impl.constraints.controllers.ConstraintController.replace(ConstraintController.java:65)] [androidx.work.impl.constraints.WorkConstraintsTracker.replace(WorkConstraintsTracker.java:39)] [androidx.work.impl.background.greedy.GreedyScheduler.onExecuted(GreedyScheduler.java:62)] [androidx.work.impl.Processor.onExecuted(Processor.java:62)] [androidx.work.impl.Processor$FutureListener.run(Processor.java:19)]
04-10 01:46:47.619  5665  6036 D ConnectivityService:  Removing from current network [100 CELLULAR], leaving 141 requests.
04-10 01:46:47.638  5665  5739 I libprocessgroup: Successfully killed process cgroup uid 10271 pid 6934 in 0ms
04-10 01:46:47.690  5274  5274 I Zygote  : Process 6934 exited due to signal 9 (Killed)
04-10 01:46:47.746  6564  6564 E chromium: [ERROR:gpu_process_host.cc(1026)] GPU process exited unexpectedly: exit_code=0
04-10 01:46:47.747  6564  6564 W chromium: [WARNING:gpu_process_host.cc(1428)] The GPU process has crashed 1 time(s)
04-10 01:46:49.164  6284  6373 D MobileStatusTracker(1/2): onDataActivity: direction=0
04-10 01:46:49.170  6284  6373 D MobileSignalController(1/2): notifyListener: enabled=true, connected=true, dataConnected=true, networkType=LTE (4G), emergencyOnly=false, roaming=false, isDefault=true, dataActivity=, level=2, ca=false, mmWave=false, disabledDataIcon=false, simCard=ETC
04-10 01:46:49.254  5665  6408 D PackageManager: setEnabledSetting : userId = 0 packageName = com.Slack cmp = androidx.work.impl.background.systemalarm.RescheduleReceiver newState = 1 callingPackage = 10329/com.Slack
04-10 01:46:49.256  5665  6408 D ApplicationPolicy: getApplicationStateEnabled : pkg = com.Slack userId : 0
04-10 01:46:49.260  5665  6408 D ApplicationPolicy: getApplicationComponentState : pkg = com.Slack userId : 0
04-10 01:46:49.319  5665  5741 W libprocessgroup: Failed to open /dev/blkio//cgroup.procs: No such file or directory
04-10 01:46:49.344 11183 11346 D ConnectivityManager: StackLog: [android.net.ConnectivityManager.sendRequestForNetwork(ConnectivityManager.java:4191)] [android.net.ConnectivityManager.registerDefaultNetworkCallbackForUid(ConnectivityManager.java:4755)] [android.net.ConnectivityManager.registerDefaultNetworkCallback(ConnectivityManager.java:4722)] [android.net.ConnectivityManager.registerDefaultNetworkCallback(ConnectivityManager.java:4696)] [androidx.work.impl.utils.NetworkApi24.registerDefaultNetworkCallbackCompat(Unknown Source:10)] [androidx.work.impl.constraints.trackers.NetworkStateTracker24.startTracking(Unknown Source:15)] [androidx.work.impl.constraints.controllers.ConstraintController.replace(Unknown Source:130)] [androidx.work.impl.constraints.WorkConstraintsTrackerImpl.replace(Unknown Source:41)] [androidx.work.impl.background.greedy.GreedyScheduler.schedule(Unknown Source:300)] [androidx.work.impl.Schedulers.schedule(Unknown Source:149)] [androidx.work.impl.utils.EnqueueRunnable.run(Unknown Source:53)] [androidx.work.Worker$2.run$androidx$work$impl$utils$SerialExecutorImpl$Task(Unknown Source:4)] [androidx.work.Worker$2.run(Unknown Source:881)] [java.util.concurrent.ThreadPoolExecutor.runWorker(ThreadPoolExecutor.java:1137)] [java.util.concurrent.ThreadPoolExecutor$Worker.run(ThreadPoolExecutor.java:637)] [java.lang.Thread.run(Thread.java:1012)]
04-10 01:46:49.346  5665  8773 D ConnectivityService: requestNetwork for uid/pid:10329/11183 activeRequest: null callbackRequest: 1469 [NetworkRequest [ REQUEST id=1470, [ Capabilities: INTERNET&NOT_RESTRICTED&TRUSTED&NOT_VCN_MANAGED Uid: 10329 RequestorUid: 10329 RequestorPkg: com.Slack UnderlyingNetworks: Null] ]] callback flags: 0 order: 2147483647
04-10 01:46:49.348  5665  6036 D ConnectivityService:    accepting network in place of null
04-10 01:46:49.354  5665  6026 D WifiNetworkFactory: got request NetworkRequest [ REQUEST id=1470, [ Capabilities: INTERNET&NOT_RESTRICTED&TRUSTED&NOT_VCN_MANAGED Uid: 10329 RequestorUid: 10329 RequestorPkg: com.Slack UnderlyingNetworks: Null] ]
04-10 01:46:49.357  5665  6026 D UntrustedWifiNetworkFactory: got request NetworkRequest [ REQUEST id=1470, [ Capabilities: INTERNET&NOT_RESTRICTED&TRUSTED&NOT_VCN_MANAGED Uid: 10329 RequestorUid: 10329 RequestorPkg: com.Slack UnderlyingNetworks: Null] ]
04-10 01:46:49.359  5665  6026 D OemPaidWifiNetworkFactory: got request NetworkRequest [ REQUEST id=1470, [ Capabilities: INTERNET&NOT_RESTRICTED&TRUSTED&NOT_VCN_MANAGED Uid: 10329 RequestorUid: 10329 RequestorPkg: com.Slack UnderlyingNetworks: Null] ]
04-10 01:46:49.361  5665  6026 D MultiInternetWifiNetworkFactory: got request NetworkRequest [ REQUEST id=1470, [ Capabilities: INTERNET&NOT_RESTRICTED&TRUSTED&NOT_VCN_MANAGED Uid: 10329 RequestorUid: 10329 RequestorPkg: com.Slack UnderlyingNetworks: Null] ]
04-10 01:46:49.364  5665  6036 D ConnectivityService: Rematched networks [computed 1ms] [applied 1ms] [issued 15]
04-10 01:46:49.364  5665  6036 D ConnectivityService: NetworkReassignment :
04-10 01:46:49.364  5665  6036 D ConnectivityService:   1470 : null  100
04-10 01:46:49.863 11183 11183 D ConnectivityManager: StackLog: [android.net.ConnectivityManager.unregisterNetworkCallback(ConnectivityManager.java:4863)] [androidx.work.impl.utils.NetworkApi21.unregisterNetworkCallbackCompat(Unknown Source:10)] [androidx.work.impl.constraints.trackers.NetworkStateTracker24.stopTracking(Unknown Source:15)] [androidx.work.impl.constraints.trackers.ConstraintTracker.removeListener(Unknown Source:24)] [androidx.work.impl.constraints.controllers.ConstraintController.replace(Unknown Source:81)] [androidx.work.impl.constraints.WorkConstraintsTrackerImpl.replace(Unknown Source:41)] [androidx.work.impl.background.greedy.GreedyScheduler.onExecuted(Unknown Source:55)] [androidx.work.impl.Processor.onExecuted(Unknown Source:59)] [com.bugsnag.android.DeliveryDelegate$1.run(Unknown Source:212)]
04-10 01:46:49.867  5665  6036 D ConnectivityService:  Removing from current network [100 CELLULAR], leaving 141 requests.
04-10 01:46:51.810 11184 11424 D ProfileInstaller: Skipping profile installation for com.linkedin.android
04-10 01:46:52.619  5665  5665 D SemWifiP2pGoPowerSave: GopsReceiver : received : com.samsung.intent.action.CHECK_SIOP_LEVEL
04-10 01:46:52.619  5665  5665 I SemWifiP2pGoPowerSave: siop_level = 0
04-10 01:46:52.626 18519 18669 I SystemBroadcastReceiver: [#CMH#] onReceive completed :  0
04-10 01:46:52.629 18519 18519 I PolicyManager: [#CMH#] onReceive action = EVENT_SIOP
04-10 01:46:54.640 18519 18675 I PolicyManager: [#CMH#] Is foreground game app: false
04-10 01:46:57.740  5665  8773 D TelephonyManager: requestModemActivityInfo: Sending result to app: ModemActivityInfo{ mTimestamp=11916281 mSleepTimeMs=2047067 mIdleTimeMs=706038 mActivityStatsTechSpecificInfo=[{mRat=UNKNOWN,mFrequencyRange=UNKNOWN,mTxTimeMs[]=[0, 0, 97, 35, 138],mRxTimeMs=6573385}]}
04-10 01:46:59.168  5312  5312 E sehhealth-service: Could not open /sys/class/power_supply/battery/lrp
04-10 01:47:00.009  6284  6927 D QSClockBellTower: onReceive(android.intent.action.TIME_TICK) mTimeZoneString:null
04-10 01:47:00.011  6284  6284 D KeyguardUpdateMonitor: received broadcast android.intent.action.TIME_TICK
04-10 01:47:00.020  6284  6284 D QSClockBellTower: He is ready to ring the bell. (((QSClockBellSound - TimeText:01:47, TimeContentDescription:01:47, DateText:Mon, 10 April, ShortDateText:Mon, 10 Apr, Demo:false, QuickStar-Second(false|12:34:56))))
04-10 01:47:00.027  6284  6284 D QSClockIndicatorView: Home Indicator status_bar_clock 01:47 notifyTimeChanged(QSClockBellSound - TimeText:01:47, TimeContentDescription:01:47, DateText:Mon, 10 April, ShortDateText:Mon, 10 Apr, Demo:false, QuickStar-Second(false|12:34:56)) ClockVisibleByPolicy:true, ClockVisibleByUser:true, visible?false, parent:android.widget.LinearLayout{130cee5 V.E...... ......I. 0,0-0,55 #7f0b04e9 app:id/left_clock_container}
04-10 01:47:00.028  6284  6284 D QSClockBellTower: Everyone heard the bell. run(currentTime:1681084020017,   getTime():Mon Apr 10 01:47:00 GMT+02:00 2023,   getTimeZone():libcore.util.ZoneInfo[mDstSavings=3600000,mUseDst=true,mDelegate=[id="Europe/Belgrade",mRawOffset=3600000,mEarliestRawOffset=4920000,transitions=119]])
04-10 01:47:00.031  6284  6284 D KeyguardUpdateMonitor: handleTimeUpdate
04-10 01:47:00.032  6284  6284 D FaceWidgetPagesController: onTimeChanged()
04-10 01:47:00.044  6284  6284 I FaceWidgetPositionAlgorithm: getClockContainerHeight() supplier = 270, bottom margin = 0, real height = 503
04-10 01:47:00.045  6284  6284 I FaceWidgetPositionAlgorithm: getClockContainerHeight() supplier = 270, bottom margin = 63, real height = 503
04-10 01:47:00.045  6284  6284 I FaceWidgetPositionAlgorithm: getMediaContainerHeight() height = 0 container Visibility = 8, isValid = false, mIsDozing = false, fraction = 1.0, source = 0, target = 0
04-10 01:47:00.046  6284  6284 I FaceWidgetPositionAlgorithm: getMediaContainerHeight() supplier = 0
04-10 01:47:00.049  6284  6284 V QsExpandAnimator: setQsExpansionPosition 0.0
04-10 01:47:00.064  6284  6284 V QsExpandAnimator: updateAnimators
04-10 01:47:00.064  6284  6284 V QsExpandAnimator: clearAnimationState
04-10 01:47:00.065  6284  6284 V QsExpandAnimator: updateViews
04-10 01:47:00.068  6284  6284 V QsExpandAnimator: updateTileAnimator
04-10 01:47:00.069  6284  6284 V QsExpandAnimator: updateHeaderAnimator
04-10 01:47:00.070  6284  6284 V QsExpandAnimator: updateBarAnimator
04-10 01:47:00.070  6284  6284 V QsExpandAnimator: setQsExpansionPosition 0.0
04-10 01:47:00.070  6284  6284 V QsExpandAnimator: onAnimationAtStart
04-10 01:47:00.445 31808 31837 D Benchmark: timeNs[ 0:10]: 2945745 2721973 2719658 2723069 2723199 2723099 2728170 2715680 2721005 2722362
04-10 01:47:00.445 31808 31837 D Benchmark: timeNs[10:20]: 2717754 2738037 2749007 2775797 2723976 2726532 2722430 2722832 2723343 2756569
04-10 01:47:00.445 31808 31837 D Benchmark: timeNs[20:30]: 2891840 2894220 2808112 2722137 2723093 2723569 2721653 2723760 2721139 2718034
04-10 01:47:00.445 31808 31837 D Benchmark: timeNs[30:40]: 2722455 2716233 2712829 2724107 2723267 2730124 2714485 2722034 2729933 2721862
04-10 01:47:00.446 31808 31837 D Benchmark: timeNs[40:50]: 2722500 2717607 2768031 2879991 2780939 2728736 2722235 2726640 2719186 2746606
04-10 01:47:00.821 31808 31837 D Benchmark: allocationCount[ 0:10]: 1 1 1 1 1
04-10 01:47:00.821 31808 31837 D Benchmark: Set 31837 (Bench thread) to priority -8. Was -20, now -8
04-10 01:47:00.821 31808 31837 D Benchmark: Set 31818 (Jit) to priority 9. Was -15, now 9
04-10 01:47:00.821 31808 31837 D Benchmark: Warmup: t=5.617, iter=1420, fastAvg=3813526, slowAvg=3923951
04-10 01:47:00.821 31808 31837 I PerfettoCapture: Stopping perfetto.
04-10 01:47:00.870  9770  9770 I perfetto:    perfetto_cmd.cc:1168 SIGINT/SIGTERM received: disabling tracing.
04-10 01:47:00.872 31808 31837 D Benchmark: kill -TERM command output -
04-10 01:47:00.891  5427  5427 I perfetto:  probes_producer.cc:396 Producer stop (id=136)
04-10 01:47:00.895  5427  5427 I perfetto:    ftrace_procfs.cc:342 disabled ftrace in /sys/kernel/tracing/
04-10 01:47:00.952  4403  4403 I hwservicemanager: getTransport: Cannot find entry android.hardware.atrace@1.0::IAtraceDevice/default in either framework or device VINTF manifest.
04-10 01:47:00.959  5427  5427 I perfetto:  probes_producer.cc:396 Producer stop (id=137)
04-10 01:47:00.960  5427  5427 I perfetto:  probes_producer.cc:396 Producer stop (id=138)
04-10 01:47:00.996  9770  9770 I perfetto:    perfetto_cmd.cc:1124 Trace written into the output file
04-10 01:47:01.018  5428  5428 I perfetto: ng_service_impl.cc:2426 Tracing session 34 ended, total sessions:0
04-10 01:47:01.262  6213  6255 I System.out: Broadcasting: Intent { act=com.sec.intent.action.SARDEVICE_CP flg=0x10000000 (has extras) }
04-10 01:47:01.270  6678  8139 I RILClient: processUnsolicited(): resp_id (11090), len(119)
04-10 01:47:01.276  5665  5861 D MotionRecognitionService: [SAR]  onReceive : SARDEVICE_CP, callAction = off deviceID = 3 slot = 1 device_ext = 0
04-10 01:47:01.276  5665  5861 I MotionRecognitionService: [SAR] id : 0 cmd :off
04-10 01:47:01.276  5665  5861 I MotionRecognitionService: [SAR] A96T3X6 Grip sensor disableSensor : true
04-10 01:47:01.276  5665  5861 I MotionRecognitionService: [SAR] A96T3X6 Grip sensorsetTunerGrip 8589934592 , state: false
04-10 01:47:01.314  5665  5861 D MotionRecognitionService: [SAR] set setTransmitPowerExt  value : 8589934592 : false
04-10 01:47:01.315  5665  5861 I MotionRecognitionService: [SAR] tunerGrip is 8589934592, state : false
04-10 01:47:01.316  5665  5861 D SensorService: Calling activate off 33554443
04-10 01:47:01.318  5297  5297 I SensorsGrip: [grip_sensor] enable: GripSensor: enable handle = 11 en = 0
04-10 01:47:01.320  5297  5297 E SensorsGrip: [grip_sensor] enable: mEnabled : 0, first_grip_event : 1
04-10 01:47:01.321  5665  5861 D SensorManager: unregisterListener :: com.samsung.android.gesture.MotionRecognitionSAR$GripSensor$1@ea0c55f
04-10 01:47:01.322  5665  5861 I MotionRecognitionService: [SAR] A96T3X6 Grip sensor disable channel 0 : 0 , channel 1 : 0
04-10 01:47:01.322  5665  5861 I MotionRecognitionService: [SAR] id : 1 cmd :off
04-10 01:47:01.325  6213  6306 I System.out: Broadcast completed: result=0
04-10 01:47:01.503 31808 31837 D Benchmark: Waiting 500 ms for [ProcessPid(processName=perfetto, pid=9770)] to die
04-10 01:47:01.647 31808 31837 I PerfettoCapture: Writing to /storage/emulated/0/Android/data/org.jetbrains.android_benchmark.test/cache/AndroidBenchmark_mutableRefFloatIn2Longs_2023-04-09-23-47-00.perfetto-trace.
04-10 01:47:03.021  5249  5249 E audit   : type=1400 audit(1681084023.014:1847): avc:  denied  { getattr } for  pid=5665 comm="BinderProcsColl" path="/sys/kernel/debug/binder/proc/5665" dev="debugfs" ino=28451 scontext=u:r:system_server:s0 tcontext=u:object_r:sec_debugfs:s0 tclass=file permissive=0 SEPF_SM-A515F_13_0001 audit_filtered
04-10 01:47:03.022  5249  5249 E audit   : type=1300 audit(1681084023.014:1847): arch=c00000b7 syscall=79 success=no exit=-13 a0=ffffff9c a1=72ede31c80 a2=721c7a9680 a3=0 items=0 ppid=5274 pid=5665 auid=4294967295 uid=1000 gid=1000 euid=1000 suid=1000 fsuid=1000 egid=1000 sgid=1000 fsgid=1000 tty=(none) ses=4294967295 comm="BinderProcsColl" exe="/system/bin/app_process64" subj=u:r:system_server:s0 key=(null)
04-10 01:47:03.022  5249  5249 E audit   : type=1327 audit(1681084023.014:1847): proctitle="system_server"
04-10 01:47:03.667 31808 31837 D Benchmark: Copying /storage/emulated/0/Android/data/org.jetbrains.android_benchmark.test/cache/AndroidBenchmark_mutableRefFloatIn2Longs_2023-04-09-23-47-00.perfetto-trace to /sdcard/Android/media/org.jetbrains.android_benchmark.test/additional_test_output/AndroidBenchmark_mutableRefFloatIn2Longs_2023-04-09-23-47-00.perfetto-trace
04-10 01:47:03.722  8572  9588 W MediaProvider: isAppCloneUserPair for user 0: false
04-10 01:47:03.729  6213  6255 I System.out: Broadcasting: Intent { act=com.sec.intent.action.SARDEVICE_CP flg=0x10000000 (has extras) }
04-10 01:47:03.736  5665  5861 D MotionRecognitionService: [SAR]  onReceive : SARDEVICE_CP, callAction = on deviceID = 3 slot = 1 device_ext = 0
04-10 01:47:03.736  5665  5861 I MotionRecognitionService: [SAR] id : 0 cmd :on
04-10 01:47:03.737  5665  5861 I MotionRecognitionService: [SAR] A96T3X6 Grip sensor enableSensor
04-10 01:47:03.739  5665  5861 D SensorService: [GripSensor] ++ setGripThdWithMCC  (65560)
04-10 01:47:03.740  5665  5861 D SensorService: GripSensor: MCC Path does not exist
04-10 01:47:03.742  5297  5297 I SensorsGrip: [grip_sensor] enable: GripSensor: enable handle = 11 en = 1
04-10 01:47:03.747  5665  6036 D ConnectivityService: reportNetworkActive, notify 0 listeners
04-10 01:47:03.749  5297  5297 E SensorsGrip: [grip_sensor] enable: mEnabled : 1, first_grip_event : 1
04-10 01:47:03.749  5297  5367 I SensorsGrip: [grip_sensor] readEvents: GripSensor: grip 1ch data = RELEASE
04-10 01:47:03.750  5665  5861 D SensorManager: registerListener :: 33554443, A96T3X6 Grip sensor, 200000, 0, com.samsung.android.gesture.MotionRecognitionSAR$GripSensor$1@ea0c55f
04-10 01:47:03.750  5665  5861 I MotionRecognitionService: [SAR] A96T3X6 Grip sensor enable channel 0 : 2 , channel 1 : 0
04-10 01:47:03.750  5665  5861 I MotionRecognitionService: [SAR] id : 1 cmd :on
04-10 01:47:03.752  6213  6306 I System.out: Broadcast completed: result=0
04-10 01:47:03.755  5665  5861 I MotionRecognitionService: [SAR] A96T3X6 Grip sensor onSensorChanged : 5.0 , 0.0 , 0.0 , 0.0 , 0.0
04-10 01:47:03.755  5665  5861 I MotionRecognitionService: [SAR] A96T3X6 Grip sensor clearBackOff channel: 0 , index: 0
04-10 01:47:03.755  5665  5861 I MotionRecognitionService: [SAR] A96T3X6 Grip sensorsetTunerGrip 8589934592 , state: false
04-10 01:47:03.756  6678  8139 I RILClient: processUnsolicited(): resp_id (11090), len(118)
