04-27 22:28:15.738  6734 28481 E GmsTaskScheduler: sendWakeUpEvent called on SchedulerClientBroadcastStrategy
04-27 22:28:15.750  6734 27732 I AlarmManager: setExactAndAllowWhileIdle [name: FcmRetry type: 2 triggerAtMillis: 36955720]
04-27 22:28:15.752  6734 28835 E GmsTaskScheduler: sendWakeUpEvent called on SchedulerClientBroadcastStrategy
04-27 22:28:15.754  6734 28835 I AlarmManager: setExactAndAllowWhileIdle [name: GCM_HB_ALARM type: 2 triggerAtMillis: 37605727]
04-27 22:28:15.766  5429  5488 W libprocessgroup: Failed to open /dev/blkio//cgroup.procs: No such file or directory
04-27 22:28:15.960  5429  7411 D SemWifiUsabilityStatsMonitor: onWifiUsabilityStats - seqNum 6411, isSameBssidAndFreq true
04-27 22:28:15.962  5429  5717 I SemWifiLinkQualityMonitor: Link Qos Query: 0.117 ms / 68.211 Mbps (72 / 0.000 / 1.056)
04-27 22:28:16.249 22461 22474 I egram.messenger: JIT allocated 51KB for compiled code of void org.telegram.messenger.MessagesController.lambda$processUpdateArray$348(int, java.util.ArrayList, java.util.ArrayList, androidx.collection.LongSparseArray, int, org.telegram.messenger.support.LongSparseIntArray, androidx.collection.LongSparseArray, androidx.collection.LongSparseArray, java.util.ArrayList, androidx.collection.LongSparseArray, androidx.collection.LongSparseArray, boolean, java.util.ArrayList, java.util.ArrayList, androidx.collection.LongSparseArray, androidx.collection.LongSparseArray, androidx.collection.LongSparseArray, java.util.ArrayList)
04-27 22:28:16.250 22461 22474 I egram.messenger: Compiler allocated 6178KB to compile void org.telegram.messenger.MessagesController.lambda$processUpdateArray$348(int, java.util.ArrayList, java.util.ArrayList, androidx.collection.LongSparseArray, int, org.telegram.messenger.support.LongSparseIntArray, androidx.collection.LongSparseArray, androidx.collection.LongSparseArray, java.util.ArrayList, androidx.collection.LongSparseArray, androidx.collection.LongSparseArray, boolean, java.util.ArrayList, java.util.ArrayList, androidx.collection.LongSparseArray, androidx.collection.LongSparseArray, androidx.collection.LongSparseArray, java.util.ArrayList)
04-27 22:28:16.902 11589 11769 I PolicyManager: [#CMH#] Is foreground game app: false
04-27 22:28:17.972  4899  4899 E audit   : type=1400 audit(1682627297.967:20102): avc:  denied  { getattr } for  pid=5429 comm="BinderProcsColl" path="/sys/kernel/debug/binder/proc/5429" dev="debugfs" ino=28624 scontext=u:r:system_server:s0 tcontext=u:object_r:sec_debugfs:s0 tclass=file permissive=0 SEPF_SM-A515F_13_0001 audit_filtered
04-27 22:28:17.972  4899  4899 E audit   : type=1300 audit(1682627297.967:20102): arch=c00000b7 syscall=79 success=no exit=-13 a0=ffffff9c a1=77704a4820 a2=7682c2d680 a3=0 items=0 ppid=4924 pid=5429 auid=4294967295 uid=1000 gid=1000 euid=1000 suid=1000 fsuid=1000 egid=1000 sgid=1000 fsgid=1000 tty=(none) ses=4294967295 comm="BinderProcsColl" exe="/system/bin/app_process64" subj=u:r:system_server:s0 key=(null)
04-27 22:28:17.972  4899  4899 E audit   : type=1327 audit(1682627297.967:20102): proctitle="system_server"
04-27 22:28:18.310  5040  5080 I HYPER-HAL: [RequestManager.cpp]releaseLocked(): Released ID : 35730835
04-27 22:28:18.999  5429  7411 D SemWifiUsabilityStatsMonitor: onWifiUsabilityStats - seqNum 6412, isSameBssidAndFreq true
04-27 22:28:19.001  5429  5717 I SemWifiLinkQualityMonitor: Link Qos Query: 0.167 ms / 48.000 Mbps (72 / 0.000 / 1.500)
04-27 22:28:19.888 21539 21563 W _benchmark.test: Suspending all threads took: 6.051ms
04-27 22:28:21.483 21539 21563 D Benchmark: allocationCount[ 0:10]: 16515896 16515905 16515884 16515883 16515877
04-27 22:28:21.483 21539 21563 D Benchmark: Set 21563 (Bench thread) to priority -8. Was -20, now -8
04-27 22:28:21.483 21539 21563 D Benchmark: Set 21548 (Jit) to priority 9. Was -15, now 9
04-27 22:28:21.483 21539 21563 D Benchmark: Warmup: t=31.654, iter=30, fastAvg=1066034560, slowAvg=1136443776
04-27 22:28:21.483 21539 21563 I PerfettoCapture: Stopping perfetto.
04-27 22:28:21.528 28401 28401 I perfetto:    perfetto_cmd.cc:1168 SIGINT/SIGTERM received: disabling tracing.
04-27 22:28:21.532 21539 21563 D Benchmark: kill -TERM command output -
04-27 22:28:21.543  5130  5130 I perfetto:  probes_producer.cc:396 Producer stop (id=521)
04-27 22:28:21.546  5130  5130 I perfetto:    ftrace_procfs.cc:342 disabled ftrace in /sys/kernel/tracing/
04-27 22:28:21.598  4389  4389 I hwservicemanager: getTransport: Cannot find entry android.hardware.atrace@1.0::IAtraceDevice/default in either framework or device VINTF manifest.
04-27 22:28:21.605  5130  5130 I perfetto:  probes_producer.cc:396 Producer stop (id=522)
04-27 22:28:21.606  5130  5130 I perfetto:  probes_producer.cc:396 Producer stop (id=523)
04-27 22:28:21.653 28401 28401 I perfetto:    perfetto_cmd.cc:1124 Trace written into the output file
04-27 22:28:21.677  5131  5131 I perfetto: ng_service_impl.cc:2426 Tracing session 131 ended, total sessions:0
04-27 22:28:22.037  5429  7411 D SemWifiUsabilityStatsMonitor: onWifiUsabilityStats - seqNum 6413, isSameBssidAndFreq true
04-27 22:28:22.046  5429  5717 I SemWifiLinkQualityMonitor: Link Qos Query: 0.167 ms / 48.000 Mbps (72 / 0.000 / 1.500)
04-27 22:28:22.049  5878  5878 D NetworkController.WifiSignalController: notifyListener: visible=true, connected=true, inetCondition=1, isDefault=true, wifiTestReported=true, receivedInetCondition=-1, hideDuringMobileSwitching=false
04-27 22:28:22.054  5878  6043 D Tile.WifiTile: handleUpdateState isTransient=false transientEnabling =false cb.isTransient=false state.state = 2 mStateBeforeClick.value =false enabled =true
04-27 22:28:22.153 21539 21563 D Benchmark: Waiting 500 ms for [ProcessPid(processName=perfetto, pid=28401)] to die
04-27 22:28:22.278 21539 21563 I PerfettoCapture: Writing to /storage/emulated/0/Android/data/org.jetbrains.android_benchmark.test/cache/Wolf3dBenchmark_inlineDouble_2023-04-27-20-28-21.perfetto-trace.
04-27 22:28:22.817  5067  5067 E sehhealth-service: Could not open /sys/class/power_supply/battery/lrp
04-27 22:28:22.908  5429  5705 I ChimeraAggressivePolicyHandler: executePolicy() - triggerSource: TRIGGER_SOURCE_LMKD
04-27 22:28:22.911  5429  5705 I ChimeraAggressivePolicyHandler: available memory: 970996, free memory target: 870400, quit chimera
04-27 22:28:22.962  6118  6611 W bt_stack: pause_registered_clients()
04-27 22:28:22.962  6118  6611 W bt_stack: le_scanning_manager :: OnPause()
04-27 22:28:22.962  6118  6611 W bt_stack: Stop LeSetScanEnable
04-27 22:28:22.963  6118  6611 W bt_stack: le_scanning_manager :: OnPause() - call AckPause
04-27 22:28:22.963  6118  6611 W bt_stack: le_impl :: OnPause()
04-27 22:28:22.963  6118  6611 W bt_stack: le_impl :: ConnectabilityState is DISARMED. Call AckPause()
04-27 22:28:22.965  6118  6611 W bt_stack: le_address_manager :: ack_pause()
04-27 22:28:22.965  6118  6611 W bt_stack: le_address_manager :: ack_pause() - make sure all client paused. Return
04-27 22:28:22.965  6118  6611 W bt_stack: le_address_manager :: ack_pause()
04-27 22:28:22.965  6118  6611 W bt_stack: le_address_manager :: ack_pause() - handle_next_command
04-27 22:28:22.965  6118  6611 W bt_stack: handle_next_command()
04-27 22:28:22.974  6118  6611 W bt_stack: Received command complete with op_code LE_SET_RANDOM_ADDRESS
04-27 22:28:22.974  6118  6611 W bt_stack: le_scanning_manager :: OnResume()
04-27 22:28:22.974  6118  6611 W bt_stack: Start LeSetScan
04-27 22:28:22.974  6118  6611 W bt_stack: le_scanning_manager :: OnResume() - call AckResume
04-27 22:28:22.974  6118  6611 W bt_stack: le_impl :: OnResume()
04-27 22:28:22.974  6118  6611 W bt_stack: le_impl :: check_for_unregister()
04-27 22:28:22.974  6118  6611 W bt_stack: le_address_manager :: ack_resume()
04-27 22:28:22.975  6118  6611 W bt_stack: le_address_manager :: ack_resume()
04-27 22:28:23.107 21539 21563 D Benchmark: Copying /storage/emulated/0/Android/data/org.jetbrains.android_benchmark.test/cache/Wolf3dBenchmark_inlineDouble_2023-04-27-20-28-21.perfetto-trace to /sdcard/Android/media/org.jetbrains.android_benchmark.test/additional_test_output/Wolf3dBenchmark_inlineDouble_2023-04-27-20-28-21.perfetto-trace
04-27 22:28:23.165  8350 28125 W MediaProvider: isAppCloneUserPair for user 0: false
04-27 22:28:23.285  5429  8509 D SyncManager: userId - 0 auto - true
04-27 22:28:23.405  5429  5488 W libprocessgroup: Failed to open /dev/blkio//cgroup.procs: No such file or directory
04-27 22:28:23.408  5429  5488 W libprocessgroup: Failed to open /dev/blkio//cgroup.procs: No such file or directory
04-27 22:28:23.423  6734 27732 I NetworkScheduler.Stats: Task com.google.android.gms/com.google.android.gms.ipa.base.IpaGcmTaskService started execution. cause:9 exec_start_elapsed_seconds: 36843 [CONTEXT service_id=218 ]
04-27 22:28:23.435  6734 28835 I NetworkScheduler.Stats: Task com.google.android.gms/com.google.android.gms.ipa.base.IpaGcmTaskService finished executing. cause:9 result: 1 elapsed_millis: 43 uptime_millis: 43 exec_start_elapsed_seconds: 36843 [CONTEXT service_id=218 ]
04-27 22:28:23.443 24151 24151 I SCS@AiSearch user 0: (SearchProvider) onTrimMemory(): 80
04-27 22:28:23.443 11589 11589 I CMHApplication: [#CMH#] Block to verify, Change Trim Memory Level: 60
04-27 22:28:23.453  6734  6734 D BoundBrokerSvc: onBind: Intent { act=com.google.android.gms.scheduler.ACTION_PROXY_SCHEDULE dat=chimera-action:/... cmp=com.google.android.gms/.chimera.PersistentApiService }
04-27 22:28:23.453  6734  6734 D BoundBrokerSvc: Loading bound service for intent: Intent { act=com.google.android.gms.scheduler.ACTION_PROXY_SCHEDULE dat=chimera-action:/... cmp=com.google.android.gms/.chimera.PersistentApiService }
04-27 22:28:23.478  6734  6734 D BoundBrokerSvc: onBind: Intent { act=com.google.android.contextmanager.service.ContextManagerLogsUploadBoundService.ACTION_TASK_READY dat=chimera-action:/... cmp=com.google.android.gms/.chimera.PersistentInternalBoundBrokerService }
04-27 22:28:23.478  6734  6734 D BoundBrokerSvc: Loading bound service for intent: Intent { act=com.google.android.contextmanager.service.ContextManagerLogsUploadBoundService.ACTION_TASK_READY dat=chimera-action:/... cmp=com.google.android.gms/.chimera.PersistentInternalBoundBrokerService }
04-27 22:28:23.501  6734 27732 I NetworkScheduler.Stats: Task com.google.android.gms/com.google.android.contextmanager.service.ContextManagerLogsUploadBoundService started execution. cause:5 exec_start_elapsed_seconds: 36843 [CONTEXT service_id=218 ]
04-27 22:28:23.514  6734  6734 D BoundBrokerSvc: onUnbind: Intent { act=com.google.android.contextmanager.service.ContextManagerLogsUploadBoundService.ACTION_TASK_READY dat=chimera-action:/... cmp=com.google.android.gms/.chimera.PersistentInternalBoundBrokerService }
04-27 22:28:23.514  6734 28835 I NetworkScheduler.Stats: Task com.google.android.gms/com.google.android.contextmanager.service.ContextManagerLogsUploadBoundService finished executing. cause:5 result: 1 elapsed_millis: 47 uptime_millis: 47 exec_start_elapsed_seconds: 36843 [CONTEXT service_id=218 ]
04-27 22:28:23.715  8350  8651 I FuseDaemon: Threshold exceeded - fadvising 67162112
04-27 22:28:23.716  8350  8651 I FuseDaemon: Threshold now 0
04-27 22:28:23.794  5429  5488 W libprocessgroup: Failed to open /dev/blkio//cgroup.procs: No such file or directory
04-27 22:28:24.364 24151 24151 I SCS@AiSearch user 0: (ObserverWorker::AOSP_MP) [main] entering in startWork():
04-27 22:28:24.365 24151 24151 I SCS@AiSearch user 0: (BaseCollector::AOSP_MP) [main] entering in onChange():
04-27 22:28:24.366 24151 24224 I SCS@AiSearch user 0: (BaseCollector::AOSP_MP) [AOSP_MP-0] entering in collectChanges():
04-27 22:28:24.386  5429  8542 D PackageManager: setEnabledSetting : userId = 0 packageName = com.samsung.android.scs cmp = androidx.work.impl.background.systemalarm.RescheduleReceiver newState = 1 callingPackage = 10380/com.samsung.android.scs
04-27 22:28:24.390  5429  8542 D ApplicationPolicy: getApplicationStateEnabled : pkg = com.samsung.android.scs userId : 0
04-27 22:28:24.392  5429  8542 D ApplicationPolicy: getApplicationComponentState : pkg = com.samsung.android.scs userId : 0
04-27 22:28:24.501 24151 24224 I SCS@AiSearch user 0: (BaseCollector::AOSP_MP) fetchInternal values : maxSyncId: 1000008202 indexCount: 1705 sourceCount: 1705
04-27 22:28:24.562 24151 24224 I SCS@AiSearch user 0: (IndexManager) [AOSP_MP-0] entering in addIndex():
04-27 22:28:24.567 24151 24224 I SCS@AiSearch user 0: (BaseCollector::AOSP_MP) fetch: fetching took  115 ms
04-27 22:28:24.568 24151 24224 I SCS@AiSearch user 0: (BaseCollector::AOSP_MP) fetchChanges: applied 0 items
04-27 22:28:24.569 24151 24224 I SCS@AiSearch user 0: (BaseCollector::AOSP_MP) Collect finished. Result: true
04-27 22:28:24.572 24151 24224 I SCS@AiSearch user 0: (BaseCollector::AOSP_MP) enqueue ObserverWorker name: com.sec.android.app.myfiles, policy: APPEND_OR_REPLACE
04-27 22:28:24.572 24151 24184 I WM-WorkerWrapper: Worker result SUCCESS for Work [ id=c75e07fe-5cc8-4ae3-93c5-d7b7034a8484, tags={ com.sec.android.app.myfiles, com.samsung.android.scs.ai.search.data.collector.ObserverWorker } ]
04-27 22:28:24.673  5429  6256 D PackageManager: setEnabledSetting : userId = 0 packageName = com.samsung.android.scs cmp = androidx.work.impl.background.systemalarm.RescheduleReceiver newState = 1 callingPackage = 10380/com.samsung.android.scs
04-27 22:28:24.675  5429  6256 D ApplicationPolicy: getApplicationStateEnabled : pkg = com.samsung.android.scs userId : 0
04-27 22:28:24.676  5429  6256 D ApplicationPolicy: getApplicationComponentState : pkg = com.samsung.android.scs userId : 0
04-27 22:28:25.069  5429  7411 D SemWifiUsabilityStatsMonitor: onWifiUsabilityStats - seqNum 6414, isSameBssidAndFreq true
04-27 22:28:25.072  5429  5717 I SemWifiLinkQualityMonitor: Link Qos Query: 0.167 ms / 48.000 Mbps (72 / 0.000 / 1.500)
04-27 22:28:25.182 24151 24151 I SCS@AiSearch user 0: (SearchProvider) onTrimMemory(): 40
04-27 22:28:26.199  8350  8651 I FuseDaemon: Threshold exceeded - fadvising 67137536
04-27 22:28:26.199  8350  8651 I FuseDaemon: Threshold now 0
04-27 22:28:26.350 21539 21563 I Benchmark: Wolf3dBenchmark.inlineDouble[Metric (timeNs) results: median 1.0423727495E9, min 8.08529269E8, max 1.102433037E9, standardDeviation: 8.119720564459203E7, Metric (allocationCount) results: median 1.6515884E7, min 1.6515877E7, max 1.6515905E7, standardDeviation: 11.291589790636214]count=1
04-27 22:28:26.360 21539 21563 D Benchmark: writing results to /storage/emulated/0/Android/data/org.jetbrains.android_benchmark.test/cache/org.jetbrains.android_benchmark.test-benchmarkData.json
04-27 22:28:26.465 21539 21563 D Benchmark: Copying /storage/emulated/0/Android/data/org.jetbrains.android_benchmark.test/cache/org.jetbrains.android_benchmark.test-benchmarkData.json to /sdcard/Android/media/org.jetbrains.android_benchmark.test/additional_test_output/org.jetbrains.android_benchmark.test-benchmarkData.json
04-27 22:28:26.776  8350 28892 I MediaProvider: Deleted 1 0 0 0 0 0 0 items on external_primary due to org.jetbrains.android_benchmark.test
04-27 22:28:26.779  5429  6256 D SyncManager: userId - 0 auto - true
04-27 22:28:26.799  8350 28275 W MediaProvider: isAppCloneUserPair for user 0: false
04-27 22:28:26.817  5429  8542 D SyncManager: userId - 0 auto - true
04-27 22:28:26.824 21539 21563 I TestRunner: finished: inlineDouble(org.jetbrains.android_benchmark.Wolf3dBenchmark)
