05-10 03:19:19.685 23197 23221 I TestRunner: started: inlineDouble(org.jetbrains.android_benchmark.Wolf3dBenchmark)
05-10 03:19:19.689 23197 23197 I MonitoringInstr: Activities that are still in CREATED to STOPPED: 1
05-10 03:19:19.690 23197 23197 I MonitoringInstr: Finishing activity: androidx.benchmark.IsolationActivity@2611a25
05-10 03:19:19.691  5679  5748 W libprocessgroup: Failed to open /dev/blkio//cgroup.procs: No such file or directory
05-10 03:19:19.699 23197 23221 I GrantPermissionCallable: Permission: android.permission.WRITE_EXTERNAL_STORAGE is already granted!
05-10 03:19:19.699 23197 23221 I GrantPermissionCallable: Permission: android.permission.READ_EXTERNAL_STORAGE is already granted!
05-10 03:19:19.699 23197 23221 D Benchmark: -- Running org.jetbrains.android_benchmark.Wolf3dBenchmark#inlineDouble --
05-10 03:19:19.700 23197 23221 D PerfettoCapture: Supported ABIs: arm64-v8a, armeabi-v7a, armeabi
05-10 03:19:19.700 23197 23221 D PerfettoCapture: Recording perfetto trace
05-10 03:19:19.709 30196 28999 I NetworkScheduler.Stats: Task com.google.android.gms/com.google.android.gms.ipa.base.IpaGcmTaskService started execution. cause:9 exec_start_elapsed_seconds: 249744 [CONTEXT service_id=218 ]
05-10 03:19:19.717 30196 28681 I NetworkScheduler.Stats: Task com.google.android.gms/com.google.android.gms.ipa.base.IpaGcmTaskService finished executing. cause:9 result: 1 elapsed_millis: 47 uptime_millis: 47 exec_start_elapsed_seconds: 249744 [CONTEXT service_id=218 ]
05-10 03:19:19.734 23197 23221 I PerfettoCapture: Cleanup perfetto before starting.
05-10 03:19:19.936 23197 23221 I PerfettoCapture: Perfetto output file cleanup -
05-10 03:19:19.936 23197 23221 I PerfettoCapture: Starting perfetto tracing with cmd: cat /storage/emulated/0/Android/data/org.jetbrains.android_benchmark.test/cache/trace_config.pb | perfetto --background -c - -o /data/misc/perfetto-traces/trace_output.pb
05-10 03:19:20.101 29201 29201 I perfetto:    perfetto_cmd.cc:1001 Connected to the Perfetto traced service, starting tracing
05-10 03:19:20.103  5440  5440 I perfetto: ing_service_impl.cc:953 Configured tracing session 49, #sources:4, duration:0 ms, #buffers:2, total buffer size:36864 KB, total sessions:1, uid:2000 session name: ""
05-10 03:19:20.104  5438  5438 I perfetto:  probes_producer.cc:139 Ftrace setup (target_buf=97)
05-10 03:19:20.151 23197 23221 I PerfettoCapture: Perfetto output - 29201
05-10 03:19:20.151 23197 23221 I PerfettoCapture: EXITCODE=0
05-10 03:19:20.169  4389  4389 I hwservicemanager: getTransport: Cannot find entry android.hardware.atrace@1.0::IAtraceDevice/default in either framework or device VINTF manifest.
05-10 03:19:20.186  5679  5748 W libprocessgroup: Failed to open /dev/blkio//cgroup.procs: No such file or directory
05-10 03:19:20.191 28478 28478 I [PASS][CMN]DrawableCache: clearData LruCache[maxSize=32768,hits=0,misses=0,hitRate=0%]
05-10 03:19:20.208 27789 27789 I SCS@AiSearch user 0: (ObserverWorker::AOSP_MP) [main] entering in startWork():
05-10 03:19:20.208  5438  5438 I perfetto:    ftrace_procfs.cc:335 enabled ftrace in /sys/kernel/tracing/
05-10 03:19:20.208 27789 27789 I SCS@AiSearch user 0: (BaseCollector::AOSP_MP) [main] entering in onChange():
05-10 03:19:20.222 27789 27835 I SCS@AiSearch user 0: (BaseCollector::AOSP_MP) [AOSP_MP-0] entering in collectChanges():
05-10 03:19:20.223  5679  8491 D PackageManager: setEnabledSetting : userId = 0 packageName = com.samsung.android.scs cmp = androidx.work.impl.background.systemalarm.RescheduleReceiver newState = 1 callingPackage = 10380/com.samsung.android.scs
05-10 03:19:20.224  5679  8491 D ApplicationPolicy: getApplicationStateEnabled : pkg = com.samsung.android.scs userId : 0
05-10 03:19:20.226  5679  8491 D ApplicationPolicy: getApplicationComponentState : pkg = com.samsung.android.scs userId : 0
05-10 03:19:20.271 23197 23221 I PerfettoCapture: Perfetto tracing started successfully with pid 29201.
05-10 03:19:20.286 27789 27835 I SCS@AiSearch user 0: (BaseCollector::AOSP_MP) fetchInternal values : maxSyncId: 1000008667 indexCount: 891 sourceCount: 891
05-10 03:19:20.358 27789 27835 I SCS@AiSearch user 0: (IndexManager) [AOSP_MP-0] entering in addIndex():
05-10 03:19:20.362 23197 23221 I PerfettoCapture: /sys/kernel/tracing/tracing_on = 1, polled 0 times, capture fully started
05-10 03:19:20.365 23197 23221 D Benchmark: Set 23221 (Bench thread) to priority -20. Was -8, now -20
05-10 03:19:20.365 23197 23221 D Benchmark: Set 23206 (Jit) to priority -15. Was 9, now -15
05-10 03:19:20.372 27789 27835 I SCS@AiSearch user 0: (BaseCollector::AOSP_MP) fetch: fetching took  115 ms
05-10 03:19:20.372 27789 27835 I SCS@AiSearch user 0: (BaseCollector::AOSP_MP) fetchChanges: applied 0 items
05-10 03:19:20.373 27789 27835 I SCS@AiSearch user 0: (BaseCollector::AOSP_MP) Collect finished. Result: true
05-10 03:19:20.375 27789 27817 I WM-WorkerWrapper: Worker result SUCCESS for Work [ id=57a028aa-5ba2-4526-bf4f-b71466441146, tags={ com.sec.android.app.myfiles, com.samsung.android.scs.ai.search.data.collector.ObserverWorker } ]
05-10 03:19:20.381 27789 27835 I SCS@AiSearch user 0: (BaseCollector::AOSP_MP) enqueue ObserverWorker name: com.sec.android.app.myfiles, policy: APPEND_OR_REPLACE
05-10 03:19:20.401 23197 23221 I _benchmark.test: Explicit concurrent copying GC freed 8844(719KB) AllocSpace objects, 1(20KB) LOS objects, 67% free, 2996KB/9140KB, paused 514us,124us total 35.520ms
05-10 03:19:20.410 27789 27789 I SCS@AiSearch user 0: (SearchProvider) onTrimMemory(): 40
05-10 03:19:20.435  5679  8494 D PackageManager: setEnabledSetting : userId = 0 packageName = com.samsung.android.scs cmp = androidx.work.impl.background.systemalarm.RescheduleReceiver newState = 1 callingPackage = 10380/com.samsung.android.scs
05-10 03:19:20.437  5679  8494 D ApplicationPolicy: getApplicationStateEnabled : pkg = com.samsung.android.scs userId : 0
05-10 03:19:20.439  5679  8494 D ApplicationPolicy: getApplicationComponentState : pkg = com.samsung.android.scs userId : 0
05-10 03:19:21.066  5679  7439 D SemWifiUsabilityStatsMonitor: onWifiUsabilityStats - seqNum 11617, isSameBssidAndFreq true
05-10 03:19:21.069  5679  6237 I SemWifiLinkQualityMonitor: Link Qos Query: 0.037 ms / 216.500 Mbps (433 / 0.000 / 2.000)
05-10 03:19:21.705  5679  5748 W libprocessgroup: Failed to open /dev/blkio//cgroup.procs: No such file or directory
05-10 03:19:21.713  5679  5748 W libprocessgroup: Failed to open /dev/blkio//cgroup.procs: No such file or directory
05-10 03:19:21.835 18796 26158 I BadgeProvider: query, [selection] : package=?
05-10 03:19:21.846 18796 18796 I BadgeCountReceiver: badge intent : Intent { act=android.intent.action.BADGE_COUNT_UPDATE flg=0x1000010 cmp=com.sec.android.provider.badge/.BadgeCountReceiver (has extras) }
05-10 03:19:21.846 18796 18796 I BadgeCountReceiver: packageName: org.telegram.messenger, className: org.telegram.messenger.NoxIcon, count: 1
05-10 03:19:21.849 18796 18810 E DatabaseUtils: Writing exception to parcel
05-10 03:19:21.849 18796 18810 E DatabaseUtils: java.lang.SecurityException: Permission Denial: writing com.sec.android.provider.badge.BadgeProvider uri content://com.sec.badge/apps?notify=true from pid=24784, uid=10268 requires com.sec.android.provider.badge.permission.WRITE, or grantUriPermission()
05-10 03:19:21.849 18796 18810 E DatabaseUtils: 	at android.content.ContentProvider.enforceWritePermissionInner(ContentProvider.java:1025)
05-10 03:19:21.849 18796 18810 E DatabaseUtils: 	at android.content.ContentProvider.semEnforceWritePermission(ContentProvider.java:951)
05-10 03:19:21.849 18796 18810 E DatabaseUtils: 	at android.content.ContentProvider$Transport.enforceWritePermission(ContentProvider.java:730)
05-10 03:19:21.849 18796 18810 E DatabaseUtils: 	at android.content.ContentProvider$Transport.update(ContentProvider.java:462)
05-10 03:19:21.849 18796 18810 E DatabaseUtils: 	at android.content.ContentProviderNative.onTransact(ContentProviderNative.java:231)
05-10 03:19:21.849 18796 18810 E DatabaseUtils: 	at android.os.Binder.execTransactInternal(Binder.java:1321)
05-10 03:19:21.849 18796 18810 E DatabaseUtils: 	at android.os.Binder.execTransact(Binder.java:1280)
05-10 03:19:21.850  6910  6910 I BadgeCountUpdaterImpl: onChange
05-10 03:19:21.853  6910  6910 I BadgeCountUpdaterImpl: onChange
05-10 03:19:21.853 18796 18796 I BadgeProvider: sendNotify entered. [uri] : content://com.sec.badge/apps
05-10 03:19:21.853 18796 18796 I BadgeProvider: sendNotify, [notify] : null
05-10 03:19:21.854 18796 18796 I BadgeProvider: update, getCallingPackage() : com.sec.android.provider.badge
05-10 03:19:21.855 18796 18796 I BadgeProvider: update, [uri] : content://com.sec.badge/apps
05-10 03:19:21.855 18796 18796 I BadgeProvider: update, [uri.query] : null
05-10 03:19:21.855 18796 18796 I BadgeProvider: update, [BadgeCount] : badgecount=1
05-10 03:19:21.855 18796 18796 I BadgeProvider: update, [UpdateCount] : 1
05-10 03:19:21.861 30196 28681 D ConnectivityManager: StackLog: [android.net.ConnectivityManager.reportNetworkConnectivity(ConnectivityManager.java:3390)] [aovh.i(:com.google.android.gms@231613044@23.16.13 (190400-527363516):0)] [aouv.run(:com.google.android.gms@231613044@23.16.13 (190400-527363516):57)] [aovv.run(:com.google.android.gms@231613044@23.16.13 (190400-527363516):2)] [dege.run(:com.google.android.gms@231613044@23.16.13 (190400-527363516):2)] [abzd.c(:com.google.android.gms@231613044@23.16.13 (190400-527363516):6)] [abzd.run(:com.google.android.gms@231613044@23.16.13 (190400-527363516):7)] [java.util.concurrent.ThreadPoolExecutor.runWorker(ThreadPoolExecutor.java:1137)] [java.util.concurrent.ThreadPoolExecutor$Worker.run(ThreadPoolExecutor.java:637)] [acej.run(:com.google.android.gms@231613044@23.16.13 (190400-527363516):0)] [java.lang.Thread.run(Thread.java:1012)]
05-10 03:19:21.864 30196 28681 I AlarmManager: setExactAndAllowWhileIdle [name: GCM_HB_ALARM type: 2 triggerAtMillis: 250936775]
05-10 03:19:21.872 30196 28999 I AlarmManager: setExactAndAllowWhileIdle [name: FcmRetry type: 2 triggerAtMillis: 249866782]
05-10 03:19:21.900  5679  5748 W libprocessgroup: Failed to open /dev/blkio//cgroup.procs: No such file or directory
05-10 03:19:21.902  5679  5748 W libprocessgroup: Failed to open /dev/blkio//cgroup.procs: No such file or directory
05-10 03:19:21.905  5679  5748 W libprocessgroup: Failed to open /dev/blkio//cgroup.procs: No such file or directory
05-10 03:19:21.910 18796 18810 I BadgeProvider: query, [selection] : package=?
05-10 03:19:21.913 18796 18796 I BadgeCountReceiver: badge intent : Intent { act=android.intent.action.BADGE_COUNT_UPDATE flg=0x1000010 cmp=com.sec.android.provider.badge/.BadgeCountReceiver (has extras) }
05-10 03:19:21.913 18796 18796 I BadgeCountReceiver: packageName: org.telegram.messenger, className: org.telegram.messenger.NoxIcon, count: 0
05-10 03:19:21.918 18796 26158 E DatabaseUtils: Writing exception to parcel
05-10 03:19:21.918 18796 26158 E DatabaseUtils: java.lang.SecurityException: Permission Denial: writing com.sec.android.provider.badge.BadgeProvider uri content://com.sec.badge/apps?notify=true from pid=24784, uid=10268 requires com.sec.android.provider.badge.permission.WRITE, or grantUriPermission()
05-10 03:19:21.918 18796 26158 E DatabaseUtils: 	at android.content.ContentProvider.enforceWritePermissionInner(ContentProvider.java:1025)
05-10 03:19:21.918 18796 26158 E DatabaseUtils: 	at android.content.ContentProvider.semEnforceWritePermission(ContentProvider.java:951)
05-10 03:19:21.918 18796 26158 E DatabaseUtils: 	at android.content.ContentProvider$Transport.enforceWritePermission(ContentProvider.java:730)
05-10 03:19:21.918 18796 26158 E DatabaseUtils: 	at android.content.ContentProvider$Transport.update(ContentProvider.java:462)
05-10 03:19:21.918 18796 26158 E DatabaseUtils: 	at android.content.ContentProviderNative.onTransact(ContentProviderNative.java:231)
05-10 03:19:21.918 18796 26158 E DatabaseUtils: 	at android.os.Binder.execTransactInternal(Binder.java:1321)
05-10 03:19:21.918 18796 26158 E DatabaseUtils: 	at android.os.Binder.execTransact(Binder.java:1280)
05-10 03:19:21.918  6910  6910 I BadgeCountUpdaterImpl: onChange
05-10 03:19:21.923  6910  6910 I BadgeCountUpdaterImpl: onChange
05-10 03:19:21.929 18796 18796 I BadgeProvider: sendNotify entered. [uri] : content://com.sec.badge/apps
05-10 03:19:21.929 18796 18796 I BadgeProvider: sendNotify, [notify] : null
05-10 03:19:21.930 18796 18796 I BadgeProvider: update, getCallingPackage() : com.sec.android.provider.badge
05-10 03:19:21.930 18796 18796 I BadgeProvider: update, [uri] : content://com.sec.badge/apps
05-10 03:19:21.930 18796 18796 I BadgeProvider: update, [uri.query] : null
05-10 03:19:21.930 18796 18796 I BadgeProvider: update, [BadgeCount] : badgecount=0
05-10 03:19:21.930 18796 18796 I BadgeProvider: update, [UpdateCount] : 1
05-10 03:19:21.942  5679  5748 W libprocessgroup: Failed to open /dev/blkio//cgroup.procs: No such file or directory
05-10 03:19:21.952  5679  5748 W libprocessgroup: Failed to open /dev/blkio//cgroup.procs: No such file or directory
05-10 03:19:22.126  6910  7270 I BadgeCountUpdaterImpl: reload badge without refresh
05-10 03:19:22.132  5679  5748 W libprocessgroup: Failed to open /dev/blkio//cgroup.procs: No such file or directory
05-10 03:19:22.140 18796 26158 I BadgeProvider: query, [selection] : null
05-10 03:19:22.167  6910  7270 I BadgeCache: update cache : com.vkontakte.android user : UserHandle{0}  count : 7
05-10 03:19:22.191  6910  7270 I BadgeCache: update cache : com.vkontakte.android user : UserHandle{0}  count : 1
05-10 03:19:22.200  6910  7270 I BadgeCache: reloadBadge size : 1
05-10 03:19:23.805  6363  6485 I System.out: Broadcasting: Intent { act=com.sec.intent.action.SARDEVICE_CP flg=0x10000000 (has extras) }
05-10 03:19:23.815  5679  5869 D MotionRecognitionService: [SAR]  onReceive : SARDEVICE_CP, callAction = off deviceID = 3 slot = 1 device_ext = 0
05-10 03:19:23.815  5679  5869 I MotionRecognitionService: [SAR] id : 0 cmd :off
05-10 03:19:23.815  5679  5869 I MotionRecognitionService: [SAR] A96T3X6 Grip sensor disableSensor : true
05-10 03:19:23.815  5679  5869 I MotionRecognitionService: [SAR] A96T3X6 Grip sensorsetTunerGrip 8589934592 , state: false
05-10 03:19:23.832  5679  5869 D MotionRecognitionService: [SAR] set setTransmitPowerExt  value : 8589934592 : false
05-10 03:19:23.832  5679  5869 I MotionRecognitionService: [SAR] tunerGrip is 8589934592, state : false
05-10 03:19:23.832  5679  5869 I MotionRecognitionService: [SAR] A96T3X6 Grip sensorsetTunerGrip 17179869184 , state: false
05-10 03:19:23.850  5679  5869 D MotionRecognitionService: [SAR] set setTransmitPowerExt  value : 17179869184 : false
05-10 03:19:23.850  5679  5869 I MotionRecognitionService: [SAR] tunerGrip is 17179869184, state : false
05-10 03:19:23.851  5679  5869 D SensorService: Calling activate off 33554443
05-10 03:19:23.854  5307  5307 I SensorsGrip: [grip_sensor] enable: GripSensor: enable handle = 11 en = 0
05-10 03:19:23.855  5307  5307 E SensorsGrip: [grip_sensor] enable: mEnabled : 0, first_grip_event : 1
05-10 03:19:23.856  5679  5869 D SensorManager: unregisterListener :: com.samsung.android.gesture.MotionRecognitionSAR$GripSensorWrapper$1@6695ebf
05-10 03:19:23.856  5679  5869 I MotionRecognitionService: [SAR] A96T3X6 Grip sensor disable channel 0 : 0 , channel 1 : 0
05-10 03:19:23.856  5679  5869 I MotionRecognitionService: [SAR] A96T3X6_SUB Grip sensor for sub disableSensor : true
05-10 03:19:23.856  5679  5869 I MotionRecognitionService: [SAR] A96T3X6_SUB Grip sensor for subsetTunerGrip 8589934592 , state: false
05-10 03:19:23.878  5679  5869 D MotionRecognitionService: [SAR] set setTransmitPowerExt  value : 8589934592 : false
05-10 03:19:23.879  5679  5869 I MotionRecognitionService: [SAR] tunerGrip is 8589934592, state : false
05-10 03:19:23.879  5679  5869 I MotionRecognitionService: [SAR] A96T3X6_SUB Grip sensor for subsetTunerGrip 17179869184 , state: false
05-10 03:19:23.888  5679  5869 D MotionRecognitionService: [SAR] set setTransmitPowerExt  value : 17179869184 : false
05-10 03:19:23.888  5679  5869 I MotionRecognitionService: [SAR] tunerGrip is 17179869184, state : false
05-10 03:19:23.889  5679  5869 D SensorService: Calling activate off 33554450
05-10 03:19:23.889  5307  5307 I SensorsGrip: [grip_sensor_sub] enable: GripSensor: enable handle = 18 en = 0
05-10 03:19:23.891  5307  5307 E SensorsGrip: [grip_sensor_sub] enable: mEnabled : 0, first_grip_event : 1
05-10 03:19:23.891  5679  5869 D SensorManager: unregisterListener :: com.samsung.android.gesture.MotionRecognitionSAR$GripSensorWrapper$1@975b98e
05-10 03:19:23.891  5679  5869 I MotionRecognitionService: [SAR] A96T3X6_SUB Grip sensor for sub disable channel 0 : 0 , channel 1 : 0
05-10 03:19:23.891  5679  5869 I MotionRecognitionService: [SAR] id : 1 cmd :off
05-10 03:19:23.892  6363  6942 I System.out: Broadcast completed: result=0
05-10 03:19:24.088  5679  7439 D SemWifiUsabilityStatsMonitor: onWifiUsabilityStats - seqNum 11618, isSameBssidAndFreq true
05-10 03:19:24.090  5679  6237 I SemWifiLinkQualityMonitor: Link Qos Query: 0.023 ms / 354.273 Mbps (433 / 0.000 / 1.222)
05-10 03:19:24.091  6397  6397 D NetworkController.WifiSignalController: notifyListener: visible=true, connected=true, inetCondition=1, isDefault=true, wifiTestReported=true, receivedInetCondition=-1, hideDuringMobileSwitching=false
05-10 03:19:24.096  6397  6497 D Tile.WifiTile: handleUpdateState isTransient=false transientEnabling =false cb.isTransient=false state.state = 2 mStateBeforeClick.value =false enabled =true
05-10 03:19:24.213  5679  5748 W libprocessgroup: Failed to open /dev/blkio//cgroup.procs: No such file or directory
05-10 03:19:24.219  5679  5748 W libprocessgroup: Failed to open /dev/blkio//cgroup.procs: No such file or directory
05-10 03:19:24.232 18796 26158 I BadgeProvider: query, [selection] : package=?
05-10 03:19:24.240 18796 26158 E DatabaseUtils: Writing exception to parcel
05-10 03:19:24.240 18796 26158 E DatabaseUtils: java.lang.SecurityException: Permission Denial: writing com.sec.android.provider.badge.BadgeProvider uri content://com.sec.badge/apps?notify=true from pid=24784, uid=10268 requires com.sec.android.provider.badge.permission.WRITE, or grantUriPermission()
05-10 03:19:24.240 18796 26158 E DatabaseUtils: 	at android.content.ContentProvider.enforceWritePermissionInner(ContentProvider.java:1025)
05-10 03:19:24.240 18796 26158 E DatabaseUtils: 	at android.content.ContentProvider.semEnforceWritePermission(ContentProvider.java:951)
05-10 03:19:24.240 18796 26158 E DatabaseUtils: 	at android.content.ContentProvider$Transport.enforceWritePermission(ContentProvider.java:730)
05-10 03:19:24.240 18796 26158 E DatabaseUtils: 	at android.content.ContentProvider$Transport.update(ContentProvider.java:462)
05-10 03:19:24.240 18796 26158 E DatabaseUtils: 	at android.content.ContentProviderNative.onTransact(ContentProviderNative.java:231)
05-10 03:19:24.240 18796 26158 E DatabaseUtils: 	at android.os.Binder.execTransactInternal(Binder.java:1321)
05-10 03:19:24.240 18796 26158 E DatabaseUtils: 	at android.os.Binder.execTransact(Binder.java:1280)
05-10 03:19:24.250 18796 18796 I BadgeCountReceiver: badge intent : Intent { act=android.intent.action.BADGE_COUNT_UPDATE flg=0x1000010 cmp=com.sec.android.provider.badge/.BadgeCountReceiver (has extras) }
05-10 03:19:24.251 18796 18796 I BadgeCountReceiver: packageName: org.telegram.messenger, className: org.telegram.messenger.NoxIcon, count: 1
05-10 03:19:24.253  6910  6910 I BadgeCountUpdaterImpl: onChange
05-10 03:19:24.255  6910  6910 I BadgeCountUpdaterImpl: onChange
05-10 03:19:24.255 18796 18796 I BadgeProvider: sendNotify entered. [uri] : content://com.sec.badge/apps
05-10 03:19:24.255 18796 18796 I BadgeProvider: sendNotify, [notify] : null
05-10 03:19:24.257 18796 18796 I BadgeProvider: update, getCallingPackage() : com.sec.android.provider.badge
05-10 03:19:24.257 18796 18796 I BadgeProvider: update, [uri] : content://com.sec.badge/apps
05-10 03:19:24.257 18796 18796 I BadgeProvider: update, [uri.query] : null
05-10 03:19:24.257 18796 18796 I BadgeProvider: update, [BadgeCount] : badgecount=1
05-10 03:19:24.257 18796 18796 I BadgeProvider: update, [UpdateCount] : 1
05-10 03:19:24.257 18796 18810 I BadgeProvider: query, [selection] : package=?
05-10 03:19:24.262 18796 18796 I BadgeCountReceiver: badge intent : Intent { act=android.intent.action.BADGE_COUNT_UPDATE flg=0x1000010 cmp=com.sec.android.provider.badge/.BadgeCountReceiver (has extras) }
05-10 03:19:24.262 18796 18796 I BadgeCountReceiver: packageName: org.telegram.messenger, className: org.telegram.messenger.NoxIcon, count: 0
05-10 03:19:24.265 18796 18810 E DatabaseUtils: Writing exception to parcel
05-10 03:19:24.265 18796 18810 E DatabaseUtils: java.lang.SecurityException: Permission Denial: writing com.sec.android.provider.badge.BadgeProvider uri content://com.sec.badge/apps?notify=true from pid=24784, uid=10268 requires com.sec.android.provider.badge.permission.WRITE, or grantUriPermission()
05-10 03:19:24.265 18796 18810 E DatabaseUtils: 	at android.content.ContentProvider.enforceWritePermissionInner(ContentProvider.java:1025)
05-10 03:19:24.265 18796 18810 E DatabaseUtils: 	at android.content.ContentProvider.semEnforceWritePermission(ContentProvider.java:951)
05-10 03:19:24.265 18796 18810 E DatabaseUtils: 	at android.content.ContentProvider$Transport.enforceWritePermission(ContentProvider.java:730)
05-10 03:19:24.265 18796 18810 E DatabaseUtils: 	at android.content.ContentProvider$Transport.update(ContentProvider.java:462)
05-10 03:19:24.265 18796 18810 E DatabaseUtils: 	at android.content.ContentProviderNative.onTransact(ContentProviderNative.java:231)
05-10 03:19:24.265 18796 18810 E DatabaseUtils: 	at android.os.Binder.execTransactInternal(Binder.java:1321)
05-10 03:19:24.265 18796 18810 E DatabaseUtils: 	at android.os.Binder.execTransact(Binder.java:1280)
05-10 03:19:24.268  6910  6910 I BadgeCountUpdaterImpl: onChange
05-10 03:19:24.273  6910  6910 I BadgeCountUpdaterImpl: onChange
05-10 03:19:24.274 18796 18796 I BadgeProvider: sendNotify entered. [uri] : content://com.sec.badge/apps
05-10 03:19:24.274 18796 18796 I BadgeProvider: sendNotify, [notify] : null
05-10 03:19:24.274 18796 18796 I BadgeProvider: update, getCallingPackage() : com.sec.android.provider.badge
05-10 03:19:24.274 18796 18796 I BadgeProvider: update, [uri] : content://com.sec.badge/apps
05-10 03:19:24.274 18796 18796 I BadgeProvider: update, [uri.query] : null
05-10 03:19:24.274 18796 18796 I BadgeProvider: update, [BadgeCount] : badgecount=0
05-10 03:19:24.274 18796 18796 I BadgeProvider: update, [UpdateCount] : 1
05-10 03:19:24.278 30196 28904 D ConnectivityManager: StackLog: [android.net.ConnectivityManager.reportNetworkConnectivity(ConnectivityManager.java:3390)] [aovh.i(:com.google.android.gms@231613044@23.16.13 (190400-527363516):0)] [aouv.run(:com.google.android.gms@231613044@23.16.13 (190400-527363516):57)] [aovv.run(:com.google.android.gms@231613044@23.16.13 (190400-527363516):2)] [dege.run(:com.google.android.gms@231613044@23.16.13 (190400-527363516):2)] [abzd.c(:com.google.android.gms@231613044@23.16.13 (190400-527363516):6)] [abzd.run(:com.google.android.gms@231613044@23.16.13 (190400-527363516):7)] [java.util.concurrent.ThreadPoolExecutor.runWorker(ThreadPoolExecutor.java:1137)] [java.util.concurrent.ThreadPoolExecutor$Worker.run(ThreadPoolExecutor.java:637)] [acej.run(:com.google.android.gms@231613044@23.16.13 (190400-527363516):0)] [java.lang.Thread.run(Thread.java:1012)]
05-10 03:19:24.279 30196 28904 I AlarmManager: setExactAndAllowWhileIdle [name: GCM_HB_ALARM type: 2 triggerAtMillis: 250939190]
05-10 03:19:24.291 30196 29218 I AlarmManager: setExactAndAllowWhileIdle [name: FcmRetry type: 2 triggerAtMillis: 249869200]
05-10 03:19:24.292 30196 28904 I AlarmManager: setExactAndAllowWhileIdle [name: GCM_HB_ALARM type: 2 triggerAtMillis: 250939203]
05-10 03:19:24.302  5679  5748 W libprocessgroup: Failed to open /dev/blkio//cgroup.procs: No such file or directory
05-10 03:19:24.304  5679  5748 W libprocessgroup: Failed to open /dev/blkio//cgroup.procs: No such file or directory
05-10 03:19:24.324  5679  5748 W libprocessgroup: Failed to open /dev/blkio//cgroup.procs: No such file or directory
05-10 03:19:24.475  6910  7270 I BadgeCountUpdaterImpl: reload badge without refresh
05-10 03:19:24.485 18796 18810 I BadgeProvider: query, [selection] : null
05-10 03:19:24.513  6910  7270 I BadgeCache: update cache : com.vkontakte.android user : UserHandle{0}  count : 7
05-10 03:19:24.543  6910  7270 I BadgeCache: update cache : com.vkontakte.android user : UserHandle{0}  count : 1
05-10 03:19:24.559  6910  7270 I BadgeCache: reloadBadge size : 1
05-10 03:19:26.234  6910  6910 I LiveIconUpdateEventHandler: onReceive: Intent { act=com.samsung.action.EVERY_MINUTE_CLOCK_UPDATE flg=0x10 }
05-10 03:19:26.235  6910  6910 I LiveIconUpdateEventHandler: onReceive: com.samsung.action.EVERY_MINUTE_CLOCK_UPDATE
05-10 03:19:26.238  6910  7271 I LiveIconUpdateEventHandler: LiveIcon DateChanged
05-10 03:19:26.238  6910  7271 I LiveIconUpdateEventHandler: updateLiveIcon type:0
05-10 03:19:26.240  6910  7271 I LiveIconUpdateEventHandler: cancelMinuteChangeAlarm
05-10 03:19:26.250  6910  7271 I LiveIconUpdateEventHandler: setMinuteChangeAlarm Wed May 10 03:20:00 GMT+02:00 2023
05-10 03:19:26.933  5679  5748 W libprocessgroup: Failed to open /dev/blkio//cgroup.procs: No such file or directory
05-10 03:19:26.940  5679  5748 W libprocessgroup: Failed to open /dev/blkio//cgroup.procs: No such file or directory
05-10 03:19:26.982 18796 18810 I BadgeProvider: query, [selection] : package=?
05-10 03:19:26.986 18796 18796 I BadgeCountReceiver: badge intent : Intent { act=android.intent.action.BADGE_COUNT_UPDATE flg=0x1000010 cmp=com.sec.android.provider.badge/.BadgeCountReceiver (has extras) }
05-10 03:19:26.986 18796 18796 I BadgeCountReceiver: packageName: org.telegram.messenger, className: org.telegram.messenger.NoxIcon, count: 1
05-10 03:19:26.990  6910  6910 I BadgeCountUpdaterImpl: onChange
05-10 03:19:26.991 18796 26158 E DatabaseUtils: Writing exception to parcel
05-10 03:19:26.991 18796 26158 E DatabaseUtils: java.lang.SecurityException: Permission Denial: writing com.sec.android.provider.badge.BadgeProvider uri content://com.sec.badge/apps?notify=true from pid=24784, uid=10268 requires com.sec.android.provider.badge.permission.WRITE, or grantUriPermission()
05-10 03:19:26.991 18796 26158 E DatabaseUtils: 	at android.content.ContentProvider.enforceWritePermissionInner(ContentProvider.java:1025)
05-10 03:19:26.991 18796 26158 E DatabaseUtils: 	at android.content.ContentProvider.semEnforceWritePermission(ContentProvider.java:951)
05-10 03:19:26.991 18796 26158 E DatabaseUtils: 	at android.content.ContentProvider$Transport.enforceWritePermission(ContentProvider.java:730)
05-10 03:19:26.991 18796 26158 E DatabaseUtils: 	at android.content.ContentProvider$Transport.update(ContentProvider.java:462)
05-10 03:19:26.991 18796 26158 E DatabaseUtils: 	at android.content.ContentProviderNative.onTransact(ContentProviderNative.java:231)
05-10 03:19:26.991 18796 26158 E DatabaseUtils: 	at android.os.Binder.execTransactInternal(Binder.java:1321)
05-10 03:19:26.991 18796 26158 E DatabaseUtils: 	at android.os.Binder.execTransact(Binder.java:1280)
05-10 03:19:26.993 28212 28275 I ContactsProvider_EventLog: cp_s: [CONTACT con(156) dat(1077) acc({sim(3)=15, sec(6)=1, sim2(4)=1, google(2)=81, org.telegram.messenger(236)=99, com.whatsapp(14)=39}) calls([logtype:100 cnt:869, logtype:200 cnt:5, logtype:300 cnt:495, logtype:1000 cnt:610, logtype:1150 cnt:161]) Iso(RS) uId(0) ]
05-10 03:19:26.993 28212 28275 I ContactsProvider_EventLog: cp_s: [ agr({[2 ,2 ,14 ,236]=1, [2 ,14 ,236]=32, [3]=15, [14]=1, [4]=1, [2 ,14]=4, [2 ,2]=2, [2]=33, [6 ,14]=1, [2 ,236]=6, [236]=60}) ]
05-10 03:19:26.993 28212 28275 I ContactsProvider_EventLog: cp_s: [ cnt({acore(28212)=1}) ]
05-10 03:19:26.993 28212 28275 I ContactsProvider_EventLog: cp_s: [PROFILE con(1) dat(1) acc({vnd.sec.contact.phone=1}) ] [SAPROFILE ]
05-10 03:19:26.993 28212 28275 I ContactsProvider_EventLog: cp_s: [STATE R(T) ]
05-10 03:19:26.998  6910  6910 I BadgeCountUpdaterImpl: onChange
05-10 03:19:26.999 18796 18796 I BadgeProvider: sendNotify entered. [uri] : content://com.sec.badge/apps
05-10 03:19:26.999 18796 18796 I BadgeProvider: sendNotify, [notify] : null
05-10 03:19:27.000 18796 18796 I BadgeProvider: update, getCallingPackage() : com.sec.android.provider.badge
05-10 03:19:27.000 18796 18796 I BadgeProvider: update, [uri] : content://com.sec.badge/apps
05-10 03:19:27.001 18796 18796 I BadgeProvider: update, [uri.query] : null
05-10 03:19:27.001 18796 18796 I BadgeProvider: update, [BadgeCount] : badgecount=1
05-10 03:19:27.001 18796 18796 I BadgeProvider: update, [UpdateCount] : 1
05-10 03:19:27.116  5679  7439 D SemWifiUsabilityStatsMonitor: onWifiUsabilityStats - seqNum 11619, isSameBssidAndFreq true
05-10 03:19:27.120  5679  6237 I SemWifiLinkQualityMonitor: Link Qos Query: 0.020 ms / 396.917 Mbps (433 / 0.000 / 1.091)
05-10 03:19:27.200  6910  7270 I BadgeCountUpdaterImpl: reload badge without refresh
05-10 03:19:27.213 18796 26158 I BadgeProvider: query, [selection] : null
05-10 03:19:27.242  6910  7270 I BadgeCache: update cache : com.vkontakte.android user : UserHandle{0}  count : 7
05-10 03:19:27.271  6910  7270 I BadgeCache: update cache : com.vkontakte.android user : UserHandle{0}  count : 1
05-10 03:19:27.276  6910  7270 I BadgeCache: add to cache : org.telegram.messengeruser : UserHandle{0}  count : 1
05-10 03:19:27.291  6910  7270 I BadgeCache: reloadBadge size : 2
05-10 03:19:29.686  5679  5748 W libprocessgroup: Failed to open /dev/blkio//cgroup.procs: No such file or directory
05-10 03:19:30.012  5679  5748 W libprocessgroup: Failed to open /dev/blkio//cgroup.procs: No such file or directory
05-10 03:19:30.012  5679  5748 W libprocessgroup: Failed to open /dev/blkio//cgroup.procs: No such file or directory
05-10 03:19:30.114 24784 24843 W Notification: Bubbles work best with icons of TYPE_URI or TYPE_URI_ADAPTIVE_BITMAP. In the future, using an icon of this type will be required.
05-10 03:19:30.133  5679  8514 D ApplicationPolicy: isStatusBarNotificationAllowedAsUser: packageName = org.telegram.messenger,userId = 0
05-10 03:19:30.134  5679  8514 D ApplicationPolicy: isStatusBarNotificationAllowedAsUser: packageName = org.telegram.messenger,userId = 0
05-10 03:19:30.142  5679  7439 D SemWifiUsabilityStatsMonitor: onWifiUsabilityStats - seqNum 11620, isSameBssidAndFreq true
05-10 03:19:30.149  5679  6237 I SemWifiLinkQualityMonitor: Link Qos Query: 0.018 ms / 433.000 Mbps (433 / 0.000 / 1.000)
05-10 03:19:30.151 21864 22097 D androidtc: Initializing SystemTextClassifier, type = System
05-10 03:19:30.158 18796 18796 I BadgeCountReceiver: badge intent : Intent { act=android.intent.action.BADGE_COUNT_UPDATE flg=0x1000010 cmp=com.sec.android.provider.badge/.BadgeCountReceiver (has extras) }
05-10 03:19:30.158 18796 18796 I BadgeCountReceiver: packageName: org.telegram.messenger, className: org.telegram.messenger.NoxIcon, count: 2
05-10 03:19:30.161 18796 26158 I BadgeProvider: query, [selection] : package=?
05-10 03:19:30.164  6910  6910 I BadgeCountUpdaterImpl: onChange
05-10 03:19:30.167 18796 26158 E DatabaseUtils: Writing exception to parcel
05-10 03:19:30.167 18796 26158 E DatabaseUtils: java.lang.SecurityException: Permission Denial: writing com.sec.android.provider.badge.BadgeProvider uri content://com.sec.badge/apps?notify=true from pid=24784, uid=10268 requires com.sec.android.provider.badge.permission.WRITE, or grantUriPermission()
05-10 03:19:30.167 18796 26158 E DatabaseUtils: 	at android.content.ContentProvider.enforceWritePermissionInner(ContentProvider.java:1025)
05-10 03:19:30.167 18796 26158 E DatabaseUtils: 	at android.content.ContentProvider.semEnforceWritePermission(ContentProvider.java:951)
05-10 03:19:30.167 18796 26158 E DatabaseUtils: 	at android.content.ContentProvider$Transport.enforceWritePermission(ContentProvider.java:730)
05-10 03:19:30.167 18796 26158 E DatabaseUtils: 	at android.content.ContentProvider$Transport.update(ContentProvider.java:462)
05-10 03:19:30.167 18796 26158 E DatabaseUtils: 	at android.content.ContentProviderNative.onTransact(ContentProviderNative.java:231)
05-10 03:19:30.167 18796 26158 E DatabaseUtils: 	at android.os.Binder.execTransactInternal(Binder.java:1321)
05-10 03:19:30.167 18796 26158 E DatabaseUtils: 	at android.os.Binder.execTransact(Binder.java:1280)
05-10 03:19:30.169  6910  6910 I BadgeCountUpdaterImpl: onChange
05-10 03:19:30.174 18796 18796 I BadgeProvider: sendNotify entered. [uri] : content://com.sec.badge/apps
05-10 03:19:30.174 18796 18796 I BadgeProvider: sendNotify, [notify] : null
05-10 03:19:30.175 18796 18796 I BadgeProvider: update, getCallingPackage() : com.sec.android.provider.badge
05-10 03:19:30.175 18796 18796 I BadgeProvider: update, [uri] : content://com.sec.badge/apps
05-10 03:19:30.175 18796 18796 I BadgeProvider: update, [uri.query] : null
05-10 03:19:30.175 18796 18796 I BadgeProvider: update, [BadgeCount] : badgecount=2
05-10 03:19:30.175 18796 18796 I BadgeProvider: update, [UpdateCount] : 1
05-10 03:19:30.370  6910  7270 I BadgeCountUpdaterImpl: reload badge without refresh
05-10 03:19:30.379 18796 26158 I BadgeProvider: query, [selection] : null
05-10 03:19:30.390  6361  6361 I FreeformContainer: [SmartPopupViewService] onNotificationPosted: StatusBarNotification(pkg=org.telegram.messenger user=UserHandle{0} id=212076729 tag=null key=0|org.telegram.messenger|212076729|null|10268: Notification(channel=0channel_private_b9fad_4960645241598996430 shortcut=ndid_212076729 contentView=null vibrate=null sound=null defaults=0x0 flags=0x10 color=0xff11acfa category=msg sortKey=9223370353173209807 actions=2 vis=PRIVATE locusId=LocusId[14_chars] semFlags=0x0 semPriority=0 semMissedCount=0))
05-10 03:19:30.395 28298 28453 I NotificationPipeline: Processing new notification: 0|org.telegram.messenger|212076729|null|10268
05-10 03:19:30.396  6910  6910 I Launcher.NotificationListener: onNotificationPosted : org.telegram.messenger number : 1
05-10 03:19:30.399 28298 28453 I Notification4Heart_NB: NotificationAlertUtil.getAlertType-result: 0
05-10 03:19:30.399  6397  6397 D InterruptionStateProvider: Group alert behavior is suppressed but we want to alert bubble
05-10 03:19:30.400  6397  6397 D InterruptionStateProvider: Group alert behavior is suppressed but we want to alert bubble
05-10 03:19:30.404  6910  7270 I BadgeCache: update cache : org.telegram.messenger user : UserHandle{0}  count : 0
05-10 03:19:30.405  6397  6497 D PeopleSpaceWidgetMgr: No app widget ids returned
05-10 03:19:30.406 28298 28453 I Notification4Heart_NB: NotificationAlertUtil.getAlertTypeFromChannel-importance : 4
05-10 03:19:30.407 28298 28453 I Notification4Heart_NB: NotificationAlertUtil.isAlertNoti-alert : 3
05-10 03:19:30.408 28298 28453 I Notification4Heart_NB: PendingManager.getPendingState-SEND
05-10 03:19:30.409 28298 28453 I Notification4Heart_NB: NotificationBridgeCallback.onNotificationPosted-sent : 1683681566000, [0] org.telegram.messenger
05-10 03:19:30.409  6910  7270 I BadgeCache: update cache : com.vkontakte.android user : UserHandle{0}  count : 7
05-10 03:19:30.410 28298 28453 I NotificationPipeline: Flushing notifications queue, size: 1
05-10 03:19:30.418  6397  6397 D PluginAODManager: onNotificationInfoUpdated() 0
05-10 03:19:30.418  6397  6397 I AODNotificationManager: updateVisibleNotifications: 0
05-10 03:19:30.418  6397  6397 I a       : updateStatusBarNotifications: open
05-10 03:19:30.418  6397  6397 I a       : updateStatusBarNotifications: open
05-10 03:19:30.442  6361  6361 I FreeformContainer: [SmartPopupViewService] onNotificationRemoved: StatusBarNotification(pkg=org.telegram.messenger user=UserHandle{0} id=212076729 tag=null key=0|org.telegram.messenger|212076729|null|10268: Notification(channel=0channel_private_b9fad_4960645241598996430 shortcut=ndid_212076729 contentView=null vibrate=null sound=null defaults=0x0 flags=0x10 color=0xff11acfa category=msg sortKey=9223370353173209807 actions=2 vis=PRIVATE locusId=LocusId[14_chars] semFlags=0x0 semPriority=0 semMissedCount=0))
05-10 03:19:30.443  6361  6456 I FreeformContainer: [Manager] handleMessage: SMART_POPUP_VIEW_REMOVE_ITEM
05-10 03:19:30.443  6361  6456 W FreeformContainer: [Manager] SMART_POPUP_VIEW_REMOVE_ITEM failed, due to no smart popup view item which has packageName: org.telegram.messenger
05-10 03:19:30.449  6910  7270 I BadgeCache: update cache : com.vkontakte.android user : UserHandle{0}  count : 1
05-10 03:19:30.450  6910  7270 I BadgeCache: add to cache : org.telegram.messengeruser : UserHandle{0}  count : 2
05-10 03:19:30.457  6910  7270 I BadgeCache: reloadBadge size : 2
05-10 03:19:30.457  6910  7270 I Launcher.NotificationListener: notificationIsValidForUI : org.telegram.messenger missingTitleAndText : false isGroupHeader : false
05-10 03:19:30.465 28298 28453 I Notification4Heart_NB: NotificationBridgeCallback.onNotificationSend-time : 1683681566000, package : org.telegram.messenger
05-10 03:19:30.466 28298 28453 I Notification4Heart_NB: WearableExtenderFeature.extractBackground->>> Enter <<<
05-10 03:19:30.467 28298 28453 I Notification4Heart_NB: NotificationAlertUtil.getAlertType-result: 0
05-10 03:19:30.467 28298 28453 I Notification4Heart_NB: NotificationAlertUtil.getAlertTypeFromChannel-importance : 4
05-10 03:19:30.468 28298 28453 I Notification4Heart_NB: NotificationAlertUtil.isAlertNoti-alert : 3
05-10 03:19:30.469 28298 28453 I Notification4Heart_NB: DebugHistory.[send:SEND][mute:false] {0, 0|org.telegram.messenger|212076729|null|10268} d:{} - 03:19:26.000
05-10 03:19:30.474  6397  6397 D BubblesManager: onEntryAdded : bubbleEntryAdded=false
05-10 03:19:30.481  6397  6397 D BubblesManager: setupNotifPipeline(), onEntryRemoved : reason=10
05-10 03:19:30.485  6397  6497 D PeopleSpaceWidgetMgr: No app widget ids returned
05-10 03:19:30.505  6397  6397 D PluginAODManager: onNotificationInfoUpdated() 0
05-10 03:19:30.505  6397  6397 I AODNotificationManager: updateVisibleNotifications: 0
05-10 03:19:30.505  6397  6397 I a       : updateStatusBarNotifications: open
05-10 03:19:30.505  6397  6397 I a       : updateStatusBarNotifications: open
05-10 03:19:30.520  5679  5748 W libprocessgroup: Failed to open /dev/blkio//cgroup.procs: No such file or directory
05-10 03:19:30.522  5679  5748 W libprocessgroup: Failed to open /dev/blkio//cgroup.procs: No such file or directory
05-10 03:19:30.531 18796 26158 I BadgeProvider: query, [selection] : package=?
05-10 03:19:30.534 18796 18796 I BadgeCountReceiver: badge intent : Intent { act=android.intent.action.BADGE_COUNT_UPDATE flg=0x1000010 cmp=com.sec.android.provider.badge/.BadgeCountReceiver (has extras) }
05-10 03:19:30.535 18796 18796 I BadgeCountReceiver: packageName: org.telegram.messenger, className: org.telegram.messenger.NoxIcon, count: 0
05-10 03:19:30.540  6910  6910 I BadgeCountUpdaterImpl: onChange
05-10 03:19:30.544  6910  6910 I BadgeCountUpdaterImpl: onChange
05-10 03:19:30.544 18796 26158 E DatabaseUtils: Writing exception to parcel
05-10 03:19:30.544 18796 26158 E DatabaseUtils: java.lang.SecurityException: Permission Denial: writing com.sec.android.provider.badge.BadgeProvider uri content://com.sec.badge/apps?notify=true from pid=24784, uid=10268 requires com.sec.android.provider.badge.permission.WRITE, or grantUriPermission()
05-10 03:19:30.544 18796 26158 E DatabaseUtils: 	at android.content.ContentProvider.enforceWritePermissionInner(ContentProvider.java:1025)
05-10 03:19:30.544 18796 26158 E DatabaseUtils: 	at android.content.ContentProvider.semEnforceWritePermission(ContentProvider.java:951)
05-10 03:19:30.544 18796 26158 E DatabaseUtils: 	at android.content.ContentProvider$Transport.enforceWritePermission(ContentProvider.java:730)
05-10 03:19:30.544 18796 26158 E DatabaseUtils: 	at android.content.ContentProvider$Transport.update(ContentProvider.java:462)
05-10 03:19:30.544 18796 26158 E DatabaseUtils: 	at android.content.ContentProviderNative.onTransact(ContentProviderNative.java:231)
05-10 03:19:30.544 18796 26158 E DatabaseUtils: 	at android.os.Binder.execTransactInternal(Binder.java:1321)
05-10 03:19:30.544 18796 26158 E DatabaseUtils: 	at android.os.Binder.execTransact(Binder.java:1280)
05-10 03:19:30.546 18796 18796 I BadgeProvider: sendNotify entered. [uri] : content://com.sec.badge/apps
05-10 03:19:30.546 18796 18796 I BadgeProvider: sendNotify, [notify] : null
05-10 03:19:30.547 18796 18796 I BadgeProvider: update, getCallingPackage() : com.sec.android.provider.badge
05-10 03:19:30.547 18796 18796 I BadgeProvider: update, [uri] : content://com.sec.badge/apps
05-10 03:19:30.547 18796 18796 I BadgeProvider: update, [uri.query] : null
05-10 03:19:30.547 18796 18796 I BadgeProvider: update, [BadgeCount] : badgecount=0
05-10 03:19:30.547 18796 18796 I BadgeProvider: update, [UpdateCount] : 1
05-10 03:19:30.560 28298 28453 I NotificationSender: Putting notification data item /bridger/stream_item:c8317ad1:org.telegram.messenger:212076729:null_tag:0~7Corg.telegram.messenger~7C212076729~7Cnull~7C10268
05-10 03:19:30.609 30196 28904 D ConnectivityManager: StackLog: [android.net.ConnectivityManager.reportNetworkConnectivity(ConnectivityManager.java:3390)] [aovh.i(:com.google.android.gms@231613044@23.16.13 (190400-527363516):0)] [aouv.run(:com.google.android.gms@231613044@23.16.13 (190400-527363516):57)] [aovv.run(:com.google.android.gms@231613044@23.16.13 (190400-527363516):2)] [dege.run(:com.google.android.gms@231613044@23.16.13 (190400-527363516):2)] [abzd.c(:com.google.android.gms@231613044@23.16.13 (190400-527363516):6)] [abzd.run(:com.google.android.gms@231613044@23.16.13 (190400-527363516):7)] [java.util.concurrent.ThreadPoolExecutor.runWorker(ThreadPoolExecutor.java:1137)] [java.util.concurrent.ThreadPoolExecutor$Worker.run(ThreadPoolExecutor.java:637)] [acej.run(:com.google.android.gms@231613044@23.16.13 (190400-527363516):0)] [java.lang.Thread.run(Thread.java:1012)]
05-10 03:19:30.614 30196 28904 I AlarmManager: setExactAndAllowWhileIdle [name: GCM_HB_ALARM type: 2 triggerAtMillis: 250945525]
05-10 03:19:30.642 30196 29218 I AlarmManager: setExactAndAllowWhileIdle [name: FcmRetry type: 2 triggerAtMillis: 249875548]
05-10 03:19:30.652  5679  5748 W libprocessgroup: Failed to open /dev/blkio//cgroup.procs: No such file or directory
05-10 03:19:30.654  5679  5748 W libprocessgroup: Failed to open /dev/blkio//cgroup.procs: No such file or directory
05-10 03:19:30.675  5679  5748 W libprocessgroup: Failed to open /dev/blkio//cgroup.procs: No such file or directory
05-10 03:19:30.707 28298 28453 I NotificationPipeline: Processing notification dismissal on phone: 0|org.telegram.messenger|212076729|null|10268
05-10 03:19:30.709 30196 30463 D BluetoothSocket: write: android.net.LocalSocketImpl$SocketOutputStream@eea12f6 length: 4
05-10 03:19:30.709 30196 30463 D BluetoothSocket: write out: android.net.LocalSocketImpl$SocketOutputStream@eea12f6 length: 4
05-10 03:19:30.709 30196 30463 D BluetoothSocket: write: android.net.LocalSocketImpl$SocketOutputStream@eea12f6 length: 2847
05-10 03:19:30.709 30196 30463 D BluetoothSocket: write out: android.net.LocalSocketImpl$SocketOutputStream@eea12f6 length: 2847
05-10 03:19:30.709  6747  7221 I bt_stack: [INFO:rfc_port_fsm.cc(106)] rfc_port_sm_execute: BD_ADDR=645df4_1, PORT=3, STATE=4, EVENT=14
05-10 03:19:30.710  6747  7221 I bt_stack: [INFO:rfc_port_fsm.cc(106)] rfc_port_sm_execute: BD_ADDR=645df4_1, PORT=3, STATE=4, EVENT=14
05-10 03:19:30.710  6747  7221 I bt_stack: [INFO:rfc_port_fsm.cc(106)] rfc_port_sm_execute: BD_ADDR=645df4_1, PORT=3, STATE=4, EVENT=14
05-10 03:19:30.715  6747  7221 E bt_bta_dm: Received unknown power mode status event:5
05-10 03:19:30.735 28298 28453 I PhLocalNotifDismissal: Sending dismissal info for path: /bridge_mode/dismissal/org.telegram.messenger/
05-10 03:19:30.745 28298 28453 I PhLocalNotifDismissal: Successfully dismissed notification on watch.
05-10 03:19:30.745 28298 28453 I Notification4Heart_NB: NotificationBridgeCallback.onNotificationRemoved->>> Enter <<<
05-10 03:19:30.745 30196 30463 D BluetoothSocket: write: android.net.LocalSocketImpl$SocketOutputStream@eea12f6 length: 4
05-10 03:19:30.746  6910  7270 I BadgeCountUpdaterImpl: reload badge without refresh
05-10 03:19:30.746 30196 30463 D BluetoothSocket: write out: android.net.LocalSocketImpl$SocketOutputStream@eea12f6 length: 4
05-10 03:19:30.746 30196 30463 D BluetoothSocket: write: android.net.LocalSocketImpl$SocketOutputStream@eea12f6 length: 7065
05-10 03:19:30.746 30196 30463 D BluetoothSocket: write out: android.net.LocalSocketImpl$SocketOutputStream@eea12f6 length: 7065
05-10 03:19:30.746  6747  7221 I bt_stack: [INFO:rfc_port_fsm.cc(106)] rfc_port_sm_execute: BD_ADDR=645df4_1, PORT=3, STATE=4, EVENT=14
05-10 03:19:30.747  6747  7221 I bt_stack: [INFO:rfc_port_fsm.cc(106)] rfc_port_sm_execute: BD_ADDR=645df4_1, PORT=3, STATE=4, EVENT=14
05-10 03:19:30.747  6747  7221 I bt_stack: [INFO:rfc_port_fsm.cc(106)] rfc_port_sm_execute: BD_ADDR=645df4_1, PORT=3, STATE=4, EVENT=14
05-10 03:19:30.747  6747  7221 I bt_stack: [INFO:rfc_port_fsm.cc(106)] rfc_port_sm_execute: BD_ADDR=645df4_1, PORT=3, STATE=4, EVENT=14
05-10 03:19:30.747  5679  8494 D NotificationService: NMS : requestListenerHintsForWearable state=0
05-10 03:19:30.747  6747  7221 I bt_stack: [INFO:rfc_port_fsm.cc(106)] rfc_port_sm_execute: BD_ADDR=645df4_1, PORT=3, STATE=4, EVENT=14
05-10 03:19:30.747 28298 28453 W Notification4Heart_NB: PendingManager.onBridgeFlushQueueEvent-flush pending notifications!!
05-10 03:19:30.748  6747  7221 I bt_stack: [INFO:rfc_port_fsm.cc(106)] rfc_port_sm_execute: BD_ADDR=645df4_1, PORT=3, STATE=4, EVENT=14
05-10 03:19:30.748  6747  7221 I bt_stack: [INFO:rfc_port_fsm.cc(106)] rfc_port_sm_execute: BD_ADDR=645df4_1, PORT=3, STATE=4, EVENT=14
05-10 03:19:30.748 28298 28453 I Notification4Heart_NB: PendingManager.requestFlushNotifications->>> Enter <<<
05-10 03:19:30.748  6747  7221 I bt_stack: [INFO:rfc_port_fsm.cc(106)] rfc_port_sm_execute: BD_ADDR=645df4_1, PORT=3, STATE=4, EVENT=14
05-10 03:19:30.751 18796 26158 I BadgeProvider: query, [selection] : null
05-10 03:19:30.759 28298 28453 I NotifDismissalHandler: Notification 0|org.telegram.messenger|212076729|null|10268 dismissed on phone, deleting data item /bridger/stream_item:c8317ad1:org.telegram.messenger:212076729:null_tag:0~7Corg.telegram.messenger~7C212076729~7Cnull~7C10268
05-10 03:19:30.770 30196 30463 D BluetoothSocket: write: android.net.LocalSocketImpl$SocketOutputStream@eea12f6 length: 4
05-10 03:19:30.771 30196 30463 D BluetoothSocket: write out: android.net.LocalSocketImpl$SocketOutputStream@eea12f6 length: 4
05-10 03:19:30.771 30196 30463 D BluetoothSocket: write: android.net.LocalSocketImpl$SocketOutputStream@eea12f6 length: 292
05-10 03:19:30.771 30196 30463 D BluetoothSocket: write out: android.net.LocalSocketImpl$SocketOutputStream@eea12f6 length: 292
05-10 03:19:30.771  6910  7270 I BadgeCache: update cache : org.telegram.messenger user : UserHandle{0}  count : 0
05-10 03:19:30.771  6747  7221 E bt_btm_pm: pm_pending_link maxed out
05-10 03:19:30.771  6747  7221 W bt_bta_dm: Unable to set active power mode for device:xx:xx:xx:xx:b3:b1 status:BTM_NO_RESOURCES
05-10 03:19:30.771  6747  7221 I bt_stack: [INFO:rfc_port_fsm.cc(106)] rfc_port_sm_execute: BD_ADDR=645df4_1, PORT=3, STATE=4, EVENT=14
05-10 03:19:30.773  6910  7270 I BadgeCache: update cache : com.vkontakte.android user : UserHandle{0}  count : 7
05-10 03:19:30.788 28298 28453 I NotificationPipeline: Flushing notifications queue, size: 0
05-10 03:19:30.788 28298 28298 I NotifDismissalHandler: Received dismissal from watch, now dismissing on phone 0|org.telegram.messenger|212076729|null|10268
05-10 03:19:30.790  6910  7270 I BadgeCache: update cache : com.vkontakte.android user : UserHandle{0}  count : 1
05-10 03:19:30.799  6910  7270 I BadgeCache: reloadBadge size : 2
05-10 03:19:31.096  6747  7221 I bt_stack: [INFO:rfc_port_fsm.cc(106)] rfc_port_sm_execute: BD_ADDR=645df4_1, PORT=3, STATE=4, EVENT=4
05-10 03:19:31.097 30196 30467 D BluetoothSocket: read out:  android.net.LocalSocketImpl$SocketInputStream@f7c4b93 ret: 4
05-10 03:19:31.097 30196 30467 D BluetoothSocket: read in:  android.net.LocalSocketImpl$SocketInputStream@f7c4b93 len: 37
05-10 03:19:31.097 30196 30467 D BluetoothSocket: read out:  android.net.LocalSocketImpl$SocketInputStream@f7c4b93 ret: 37
05-10 03:19:31.098 30196 30467 D BluetoothSocket: read in:  android.net.LocalSocketImpl$SocketInputStream@f7c4b93 len: 4
05-10 03:19:31.110  6747  7221 I bt_stack: [INFO:rfc_port_fsm.cc(106)] rfc_port_sm_execute: BD_ADDR=645df4_1, PORT=3, STATE=4, EVENT=4
05-10 03:19:31.110 30196 30467 D BluetoothSocket: read out:  android.net.LocalSocketImpl$SocketInputStream@f7c4b93 ret: 4
05-10 03:19:31.111 30196 30467 D BluetoothSocket: read in:  android.net.LocalSocketImpl$SocketInputStream@f7c4b93 len: 37
05-10 03:19:31.111 30196 30467 D BluetoothSocket: read out:  android.net.LocalSocketImpl$SocketInputStream@f7c4b93 ret: 37
05-10 03:19:31.113  6747  7221 I bt_stack: [INFO:rfc_port_fsm.cc(106)] rfc_port_sm_execute: BD_ADDR=645df4_1, PORT=3, STATE=4, EVENT=4
05-10 03:19:31.114 30196 30467 D BluetoothSocket: read in:  android.net.LocalSocketImpl$SocketInputStream@f7c4b93 len: 4
05-10 03:19:31.114 30196 30467 D BluetoothSocket: read out:  android.net.LocalSocketImpl$SocketInputStream@f7c4b93 ret: 4
05-10 03:19:31.114 30196 30467 D BluetoothSocket: read in:  android.net.LocalSocketImpl$SocketInputStream@f7c4b93 len: 37
05-10 03:19:31.114 30196 30467 D BluetoothSocket: read out:  android.net.LocalSocketImpl$SocketInputStream@f7c4b93 ret: 37
