04-27 22:15:02.263 22027 22027 I perfetto:    perfetto_cmd.cc:1001 Connected to the Perfetto traced service, starting tracing
04-27 22:15:02.266  5131  5131 I perfetto: ing_service_impl.cc:953 Configured tracing session 91, #sources:4, duration:0 ms, #buffers:2, total buffer size:36864 KB, total sessions:1, uid:2000 session name: ""
04-27 22:15:02.270  5130  5130 I perfetto:  probes_producer.cc:139 Ftrace setup (target_buf=181)
04-27 22:15:02.270 21900 21900 V GraphicsEnvironment: ANGLE Developer option for 'com.microsoft.emmx.canary' set to: 'default'
04-27 22:15:02.272 21900 21900 V GraphicsEnvironment: ANGLE GameManagerService for com.microsoft.emmx.canary: false
04-27 22:15:02.272 21900 21900 V GraphicsEnvironment: Neither updatable production driver nor prerelease driver is supported.
04-27 22:15:02.286 21539 21563 I PerfettoCapture: Perfetto output - 22027
04-27 22:15:02.286 21539 21563 I PerfettoCapture: EXITCODE=0
04-27 22:15:02.300 21900 21900 D NetworkSecurityConfig: Using Network Security Config from resource network_security_config debugBuild: false
04-27 22:15:02.353  4389  4389 I hwservicemanager: getTransport: Cannot find entry android.hardware.atrace@1.0::IAtraceDevice/default in either framework or device VINTF manifest.
04-27 22:15:02.363 21900 21900 D NetworkSecurityConfig: Using Network Security Config from resource network_security_config debugBuild: false
04-27 22:15:02.366  4924  4924 I Zygote  : Process 21850 exited due to signal 9 (Killed)
04-27 22:15:02.376  5429  5486 I libprocessgroup: Successfully killed process cgroup uid 10077 pid 21850 in 0ms
04-27 22:15:02.383  5429  5486 I libprocessgroup: Successfully killed process cgroup uid 10238 pid 20450 in 5ms
04-27 22:15:02.384 22006 22006 D nativeloader: Configuring classloader-namespace-shared for other apk /system/app/Traceur/Traceur.apk. target_sdk_version=33, uses_libraries=, library_path=/system/app/Traceur/lib/arm64:/system/lib64:/system/system_ext/lib64, permitted_path=/data:/mnt/expand:/data/user/0/com.android.traceur:/system/app/Traceur:/system/lib64:/system/system_ext/lib64
04-27 22:15:02.386  5130  5130 I perfetto:    ftrace_procfs.cc:335 enabled ftrace in /sys/kernel/tracing/
04-27 22:15:02.392  5429  6113 W WifiService: Permission violation - getScanResults not allowed for uid=10222, packageName=ru.yandex.searchplugin, reason=java.lang.SecurityException: UID 10222 has no location permission
04-27 22:15:02.424 21539 21563 I PerfettoCapture: Perfetto tracing started successfully with pid 22027.
04-27 22:15:02.451  5429  8526 D PackageManager: setEnabledSetting : userId = 0 packageName = ru.yandex.searchplugin cmp = com.yandex.android.websearch.BatteryWatcher$BatteryBroadcastReceiver newState = 2 callingPackage = 10222/ru.yandex.searchplugin
04-27 22:15:02.454  4924  4924 I Zygote  : Process 20332 exited due to signal 9 (Killed)
04-27 22:15:02.460  5429  8529 D PackageManager: setEnabledSetting : userId = 0 packageName = ru.yandex.searchplugin cmp = ru.yandex.searchlib.notification.BarMarkerService newState = 2 callingPackage = 10222/ru.yandex.searchplugin
04-27 22:15:02.472  5429  8526 D PackageManager: setEnabledSetting : userId = 0 packageName = ru.yandex.searchplugin cmp = ru.yandex.searchlib.notification.BarMarkerService newState = 2 callingPackage = 10222/ru.yandex.searchplugin
04-27 22:15:02.511  4924  4924 I Zygote  : Process 16702 exited due to signal 9 (Killed)
04-27 22:15:02.511  4388  4394 I servicemanager: 'com.samsung.android.pass.IPassService' died
04-27 22:15:02.548 21539 21563 I PerfettoCapture: /sys/kernel/tracing/tracing_on = 1, polled 0 times, capture fully started
04-27 22:15:02.549  6323  6415 E SmartSuggestionsHelper: isSmartSuggestionsEnabled: Attempt to invoke virtual method 'android.os.Bundle android.content.ContentProviderClient.call(java.lang.String, java.lang.String, android.os.Bundle)' on a null object reference
04-27 22:15:02.552  5429  6683 D PackageManager: setEnabledSetting : userId = 0 packageName = ru.yandex.searchplugin cmp = ru.yandex.searchplugin.bixby.SearchCardContentProvider newState = 1 callingPackage = 10222/ru.yandex.searchplugin
04-27 22:15:02.555  5429  6683 D ApplicationPolicy: getApplicationStateEnabled : pkg = ru.yandex.searchplugin userId : 0
04-27 22:15:02.557  5429  6683 D ApplicationPolicy: getApplicationComponentState : pkg = ru.yandex.searchplugin userId : 0
04-27 22:15:02.570  5429  7411 D SemWifiUsabilityStatsMonitor: onWifiUsabilityStats - seqNum 6149, isSameBssidAndFreq true
04-27 22:15:02.572 21326 21326 D CardContentManager: content provider is null
04-27 22:15:02.572  5429  5717 I SemWifiLinkQualityMonitor: Link Qos Query: 0.124 ms / 64.615 Mbps (72 / 0.000 / 1.114)
04-27 22:15:02.592 21539 21563 D Benchmark: Set 21563 (Bench thread) to priority -20. Was -8, now -20
04-27 22:15:02.592 21539 21563 D Benchmark: Set 21548 (Jit) to priority -15. Was 9, now -15
04-27 22:15:02.597  5429  5486 I libprocessgroup: Successfully killed process cgroup uid 10088 pid 20248 in 0ms
04-27 22:15:02.608  4924  4924 I Zygote  : Process 20248 exited due to signal 9 (Killed)
04-27 22:15:02.609 21586 21995 D TrafficStats: tagSocket(112) with statsTag=0xffffffff, statsUid=-1
04-27 22:15:02.611  5429  5486 I libprocessgroup: Successfully killed process cgroup uid 5278 pid 16702 in 0ms
04-27 22:15:02.612  5429  5486 I libprocessgroup: Successfully killed process cgroup uid 10111 pid 20332 in 0ms
04-27 22:15:02.631 21539 21563 I _benchmark.test: Explicit concurrent copying GC freed 114914(6963KB) AllocSpace objects, 72(1440KB) LOS objects, 67% free, 2909KB/9053KB, paused 295us,119us total 31.356ms
04-27 22:15:02.641 21852 21852 D CompatibilityChangeReporter: Compat change id reported: 183155436; UID 10104; state: ENABLED
04-27 22:15:02.685 21852 21852 I FirebaseApp: Device unlocked: initializing all Firebase APIs for app [DEFAULT]
04-27 22:15:02.710  4925  4925 I Zygote  : Process 20450 exited due to signal 9 (Killed)
04-27 22:15:02.721 22006 22006 V GraphicsEnvironment: ANGLE Developer option for 'com.android.traceur' set to: 'default'
04-27 22:15:02.722 21586 21995 D TrafficStats: tagSocket(113) with statsTag=0xffffffff, statsUid=-1
04-27 22:15:02.723 22006 22006 V GraphicsEnvironment: ANGLE GameManagerService for com.android.traceur: false
04-27 22:15:02.724 22006 22006 V GraphicsEnvironment: Neither updatable production driver nor prerelease driver is supported.
04-27 22:15:02.756 22006 22006 D NetworkSecurityConfig: No Network Security Config specified, using platform default
04-27 22:15:02.770 22006 22006 D NetworkSecurityConfig: No Network Security Config specified, using platform default
04-27 22:15:02.796 21586 21688 I AppMetrica-Attribution: Choosing distribution data: ClidsInfo(chosen=Candidate(clids={clid24=2305182, clid1=2207450, clid1010=2295103, clid2023=2395783, clid1003=2207452, clid1004=2207453, clid1002=2207451}, source=APP), candidates=[Candidate(clids=null, source=APP)])
04-27 22:15:02.831  7025  7069 E RequestManager_FLP: [LocationManager] Location remove 40EECA50 from ru.yandex.searchplugin
04-27 22:15:02.831  7025  7069 W LocationRequestData_FLP: Not registered using location provider, 40EECA50
04-27 22:15:02.834  5429  8529 D LocationManagerService: passive provider removed registration from 10222/ru.yandex.searchplugin/40EECA50
04-27 22:15:02.834  5429  8529 D LocationManagerService: passive provider added registration from 10222/ru.yandex.searchplugin/40EECA50 -> Request[PASSIVE, minUpdateInterval=+1s0ms, WorkSource{10222 ru.yandex.searchplugin}]
04-27 22:15:02.839  7025  7069 E RequestManager_FLP: [LocationManager] Location request (NOT STARTED) 40EECA50(Listener) passive (min=1000ms) from ru.yandex.searchplugin (10222_FINE_cached_false_background)
04-27 22:15:02.840 21586 21737 D [GplLibraryWrapper]: updateLastKnownLocation
04-27 22:15:02.841 21900 21900 I cr_SplitCompatApp: Launched version=114.0.1817.0 minSdkVersion=1 isBundle=false processName=com.microsoft.emmx.canary isIsolated=false
04-27 22:15:02.903  7025  7069 E RequestManager_FLP: [LocationManager] Location remove 40EECA50 from ru.yandex.searchplugin
04-27 22:15:02.903  7025  7069 W LocationRequestData_FLP: Not registered using location provider, 40EECA50
04-27 22:15:02.905  5429  8526 D LocationManagerService: passive provider removed registration from 10222/ru.yandex.searchplugin/40EECA50
04-27 22:15:02.905  5429  8526 D LocationManagerService: passive provider added registration from 10222/ru.yandex.searchplugin/40EECA50 -> Request[PASSIVE, minUpdateInterval=+1s0ms, WorkSource{10222 ru.yandex.searchplugin}]
04-27 22:15:02.908  7025  7069 E RequestManager_FLP: [LocationManager] Location request (NOT STARTED) 40EECA50(Listener) passive (min=1000ms) from ru.yandex.searchplugin (10222_FINE_cached_false_background)
04-27 22:15:02.910 21586 21737 D [GplLibraryWrapper]: updateLastKnownLocation
04-27 22:15:02.926  7025  7069 E RequestManager_FLP: [LocationManager] Location remove 40EECA50 from ru.yandex.searchplugin
04-27 22:15:02.926  7025  7069 W LocationRequestData_FLP: Not registered using location provider, 40EECA50
04-27 22:15:02.927  5429  8529 D LocationManagerService: passive provider removed registration from 10222/ru.yandex.searchplugin/40EECA50
04-27 22:15:02.927  5429  8529 D LocationManagerService: passive provider added registration from 10222/ru.yandex.searchplugin/40EECA50 -> Request[PASSIVE, minUpdateInterval=+1s0ms, WorkSource{10222 ru.yandex.searchplugin}]
04-27 22:15:02.933  7025  7069 E RequestManager_FLP: [LocationManager] Location request (NOT STARTED) 40EECA50(Listener) passive (min=1000ms) from ru.yandex.searchplugin (10222_FINE_cached_false_background)
04-27 22:15:02.936 21586 21737 D [GplLibraryWrapper]: updateLastKnownLocation
04-27 22:15:02.951 21326 21475 I ShortcutBadger: Checking if platform supports badge counters, attempt 1/3.
04-27 22:15:02.969 21586 21688 I AppMetrica-Attribution: Choosing distribution data: ClidsInfo(chosen=Candidate(clids={clid24=2305182, clid1=2207450, clid1010=2295103, clid2023=2395783, clid1003=2207452, clid1004=2207453, clid1002=2207451}, source=APP), candidates=[Candidate(clids={clid24=2305182, clid1=2207450, clid1010=2295103, clid2023=2395783, clid1003=2207452, clid1004=2207453, clid1002=2207451}, source=APP)])
04-27 22:15:03.015 21326 21475 I ShortcutBadger: Badge counter is supported in this platform.
04-27 22:15:03.066  5429  5751 D NetdEventListenerService: DNS Requested by : 108, 10100
04-27 22:15:03.067 21274 21828 D TrafficStats: tagSocket(112) with statsTag=0xd83ddc19, statsUid=-1
04-27 22:15:03.127 21852 22050 I DynamiteModule: Considering local module com.google.android.gms.measurement.dynamite:78 and remote module com.google.android.gms.measurement.dynamite:88
04-27 22:15:03.127 21852 22050 I DynamiteModule: Selected remote version of com.google.android.gms.measurement.dynamite, version >= 88
04-27 22:15:03.127 21852 22050 V DynamiteModule: Dynamite loader version >= 2, using loadModule2NoCrashUtils
04-27 22:15:03.147 21900 21900 I MSMAM - XO1: MAMInfo initialized. Debug=false, Agent=PRODUCTION, ManagedDialogDisabled=false, PolicyRequired=false, MultiIdentityEnabled=true, FullBackupContent=true, DataExtractionRules=true, UseDefaultEnrollment=false, ExceptionOnInit=false, Debuggable=false, IsolatedProcessesAllowed=false
04-27 22:15:03.159 21852 21852 I FirebaseInitProvider: FirebaseApp initialization successful
04-27 22:15:03.176 21852 21852 I CapsuleProvider_1.0.23: onCreate
04-27 22:15:03.180 21852 21852 D WM-WrkMgrInitializer: Initializing WorkManager with default configuration.
04-27 22:15:03.206 21852 22050 W System  : ClassLoader referenced unknown path:
04-27 22:15:03.207 21852 22050 D nativeloader: Configuring classloader-namespace for other apk . target_sdk_version=33, uses_libraries=, library_path=/data/app/~~fupSe7mT3TYRtpByrpi4GQ==/com.google.android.gms-bmnvTG7hLJarQuEcM9Lr_Q==/lib/arm64:/data/app/~~fupSe7mT3TYRtpByrpi4GQ==/com.google.android.gms-bmnvTG7hLJarQuEcM9Lr_Q==/base.apk!/lib/arm64-v8a, permitted_path=/data:/mnt/expand:/data/user/0/com.google.android.gms
04-27 22:15:03.223 21900 21900 I MSMAM - rO1: Not initializing MAM classes because the MDM package is not installed.
04-27 22:15:03.230 21900 21900 I MSMAM - rO1: Not initializing MAM classes because the MDM package is not installed.
04-27 22:15:03.248 21586 21688 I AppMetrica-Attribution: Choosing distribution data: ClidsInfo(chosen=Candidate(clids={clid24=2305182, clid1=2207450, clid1010=2295103, clid2023=2395783, clid1003=2207452, clid1004=2207453, clid1002=2207451}, source=APP), candidates=[Candidate(clids={clid24=2305182, clid1=2207450, clid1010=2295103, clid2023=2395783, clid1003=2207452, clid1004=2207453, clid1002=2207451}, source=APP)])
04-27 22:15:03.318  5429  6683 D PackageManager: setEnabledSetting : userId = 0 packageName = com.osp.app.signin cmp = androidx.work.impl.background.systemjob.SystemJobService newState = 1 callingPackage = 10104/com.osp.app.signin
04-27 22:15:03.321  5429  6683 D ApplicationPolicy: getApplicationStateEnabled : pkg = com.osp.app.signin userId : 0
04-27 22:15:03.324  5429  6683 D ApplicationPolicy: getApplicationComponentState : pkg = com.osp.app.signin userId : 0
04-27 22:15:03.327  6323  6323 I CapturePreview: canCapture status : false false false false true false
04-27 22:15:03.327  6323  6323 I CapturePreview: startCaptureScreen fail : com.android.launcher3.LauncherRootView{3738dbe V.E...... ......ID 0,0-1080,2400 #7f0a025e app:id/launcher}
04-27 22:15:03.533 21852 22076 D CompatibilityChangeReporter: Compat change id reported: 160794467; UID 10104; state: ENABLED
04-27 22:15:03.587 21586 21598 W System  : A resource failed to call close.
04-27 22:15:03.588 21586 21598 W System  : A resource failed to call close.
04-27 22:15:03.592 21586 21688 I AppMetrica-Attribution: Choosing distribution data: ClidsInfo(chosen=Candidate(clids={clid24=2305182, clid1=2207450, clid1010=2295103, clid2023=2395783, clid1003=2207452, clid1004=2207453, clid1002=2207451}, source=APP), candidates=[Candidate(clids={clid24=2305182, clid1=2207450, clid1010=2295103, clid2023=2395783, clid1003=2207452, clid1004=2207453, clid1002=2207451}, source=APP)])
04-27 22:15:03.594 21852 21852 D DIAGMON_SDK[605055]: setDeviceId :
04-27 22:15:03.617 21586 21688 I AppMetrica-Attribution: Choosing distribution data: ClidsInfo(chosen=Candidate(clids={clid24=2305182, clid1=2207450, clid1010=2295103, clid2023=2395783, clid1003=2207452, clid1004=2207453, clid1002=2207451}, source=APP), candidates=[Candidate(clids={clid24=2305182, clid1=2207450, clid1010=2295103, clid2023=2395783, clid1003=2207452, clid1004=2207453, clid1002=2207451}, source=APP)])
04-27 22:15:03.805 21852 21852 I SamsungAccount: [BrandNameUtil] isBrandGalaxy, isCscFeatureEnabled: false
04-27 22:15:03.805 21852 21852 I SamsungAccount: [BrandNameUtil] isBrandGalaxy, oneUiVersion is below 5.1: true
04-27 22:15:03.806 21900 21900 W HMSSDK_PushPreferences: get new sharedPreferences failed,start to get from context.
04-27 22:15:03.813 21852 21852 I SamsungAccount: [GlobalSearchProvider] secQueryGetFingerprint : 1410000008en_GB
04-27 22:15:03.824 21586 21688 I AppMetrica-Attribution: Choosing distribution data: ClidsInfo(chosen=Candidate(clids={clid24=2305182, clid1=2207450, clid1010=2295103, clid2023=2395783, clid1003=2207452, clid1004=2207453, clid1002=2207451}, source=APP), candidates=[Candidate(clids={clid24=2305182, clid1=2207450, clid1010=2295103, clid2023=2395783, clid1003=2207452, clid1004=2207453, clid1002=2207451}, source=APP)])
04-27 22:15:03.851 21852 21852 I SamsungAccount: [SamsungService(Application)] onCreate START
04-27 22:15:03.862 21852 21884 I SamsungAccount: [AccountManagerProvider] Calling package : microsoft.skydrive.
04-27 22:15:03.866 21852 21884 I SamsungAccount: [SignatureCheckUtil] runCheckSignatureAsync
04-27 22:15:03.866 21852 21884 I SamsungAccount: [SignaturePreconditionChecker] getSignatureResult - fromSesSdk : false
04-27 22:15:03.875 21900 21900 W FirebaseApp: Default FirebaseApp failed to initialize because no default options were found. This usually means that com.google.gms:google-services was not applied to your gradle project.
04-27 22:15:03.875 21900 21900 I FirebaseInitProvider: FirebaseApp initialization unsuccessful
04-27 22:15:03.876 21633 21649 W ndroid.game.gos: Suspending all threads took: 9.292ms
04-27 22:15:03.886 21326 21546 I AppMetrica: Activate reporter with APIKey 67bb016b-xxxx-xxxx-xxxx-xxxxxxxx03d3
04-27 22:15:03.888 21852 21852 D SamsungAccount$SALogger: init Log Path : /data/user/0/com.osp.app.signin/Log/
04-27 22:15:03.892 21852 21883 W libc    : Access denied finding property "sys.perf.boostopt"
04-27 22:15:03.892  4899  4899 E audit   : type=1400 audit(1682626503.887:19928): avc:  denied  { read } for  pid=21852 comm="binder:21852_2" name="u:object_r:perf_prop:s0" dev="tmpfs" ino=21617 scontext=u:r:platform_app:s0:c512,c768 tcontext=u:object_r:perf_prop:s0 tclass=file permissive=0 SEPF_SM-A515F_13_0001 audit_filtered
04-27 22:15:03.892  4899  4899 E audit   : type=1300 audit(1682626503.887:19928): arch=c00000b7 syscall=56 success=no exit=-13 a0=ffffff9c a1=7804ab32f8 a2=88000 a3=0 items=0 ppid=4924 pid=21852 auid=4294967295 uid=10104 gid=10104 euid=10104 suid=10104 fsuid=10104 egid=10104 sgid=10104 fsgid=10104 tty=(none) ses=4294967295 comm="binder:21852_2" exe="/system/bin/app_process64" subj=u:r:platform_app:s0:c512,c768 key=(null)
04-27 22:15:03.892  4899  4899 E audit   : type=1327 audit(1682626503.887:19928): proctitle="<pre-initialized>"
04-27 22:15:03.897 21852 21852 D SamsungAccount$SALogger: init success
04-27 22:15:03.907 21852 21852 I SamsungAccount: [TestPropertyManager] setPropStagingMode, server: NONE
04-27 22:15:03.908 21852 21852 I SamsungAccount: [TestPropertyManager] HiddenModeValueIsSet? false [hiddenModeServerName: NONE, hiddenModeMcc: NONE, isMarketingAgreementToastMode: false, isAgreementHistoryWriteMode: false, isInvalidSimTestMode: false]
04-27 22:15:03.914 21852 21884 I SamsungAccount: [SignatureInfoDbHelper] getSignatureResult - [10/21n36][microsoft.skydrive.]
04-27 22:15:03.923 21852 21884 I SamsungAccount: [SignatureInfoDbHelper] searchOnUser
04-27 22:15:03.925 21852 21852 I SamsungAccount: [TestPropertyManager] property file not exist
04-27 22:15:03.935 21852 21852 I SamsungAccount: [DeviceManager] init START
04-27 22:15:03.959 21852 21852 I SamsungAccount: [DeviceManager] init END
04-27 22:15:03.960 21852 21852 I SamsungAccount: [OpenDBManager] saveOpenData(Support_SamsungPass_Integration, true)
04-27 22:15:03.963 21852 21852 I SamsungAccount: [OpenContentProvider]  URI : content://com.msc.openprovider.openContentProvider/openData
04-27 22:15:03.968 21852 21852 I SamsungAccount: [OpenContentProvider] update openData : true
04-27 22:15:03.970 21852 21852 I SamsungAccount: [PushUtil] enable firebase auto init by RU
04-27 22:15:03.977 21586 21688 I AppMetrica-Attribution: Choosing distribution data: ClidsInfo(chosen=Candidate(clids={clid24=2305182, clid1=2207450, clid1010=2295103, clid2023=2395783, clid1003=2207452, clid1004=2207453, clid1002=2207451}, source=APP), candidates=[Candidate(clids={clid24=2305182, clid1=2207450, clid1010=2295103, clid2023=2395783, clid1003=2207452, clid1004=2207453, clid1002=2207451}, source=APP)])
04-27 22:15:04.007 21852 21852 I SamsungAccount: [AccountManagerUtil] isSamsungAccountSignedIn : true
04-27 22:15:04.008 21852 21852 I SamsungAccount: [PushUtil] requestSmpInit
04-27 22:15:04.024 21179 21294 D [GplLibraryWrapper]: stopLocationUpdates
04-27 22:15:04.029 21852 21852 I SmpLog  : [SMP] init. S:true P:FCM_PRIMARY_MODE A:a
04-27 22:15:04.036 21900 21900 I AGConnectProvider: AGConnectInitializeProvider#onCreate
04-27 22:15:04.037 21900 21900 I AGConnectInstance: AGConnectInstance#initialize
04-27 22:15:04.042 21900 21900 I ServiceRegistrarParser: getServices
04-27 22:15:04.048 21900 21900 I ServiceRegistrarParser: services:0
04-27 22:15:04.061 21852 21852 I SamsungAccount: [SamsungService] PUSH_STATE_CHECK registerId = not empty
04-27 22:15:04.062 21852 21852 I SamsungAccount: [StateCheckUtil] getLogPushRegistrationResult result = REGISTRATION_SUCCESS
04-27 22:15:04.062 21852 21852 I SamsungAccount: [SamsungService] PUSH_STATE_CHECK resultState = REGISTRATION_SUCCESS
04-27 22:15:04.062 21852 21852 I SamsungAccount: [SamsungService] check push token updates
04-27 22:15:04.062 21852 21852 I SamsungAccount: [PushUtil] checkTokenUpdates
04-27 22:15:04.095 21852 21852 I SmpLog  : [SMP] get push type : fcm
04-27 22:15:04.096 21852 21852 I SmpLog  : [SMP] get token : ...Sv (152)
04-27 22:15:04.097 21852 21852 I SamsungAccount: [AccountManagerUtil] makeSamsungAccountVisible
04-27 22:15:04.101 21852 21852 I SamsungAccount: [AccountManagerUtil] setSamsungAccountManagedVisibilityIfNeeded : app.shealth.
04-27 22:15:04.103  5040 21604 I HYPER-HAL: [RequestManager.cpp]releaseLocked(): Released ID : 35815430
04-27 22:15:04.104 21852 21852 I SamsungAccount: [PackageUtils] com.sec.android.app.shealth is existed : version code : 6235027
04-27 22:15:04.104 21852 21852 I SamsungAccount: [SignatureCheckUtil] runCheckSignatureWithEmptyId
04-27 22:15:04.104 21852 21852 I SamsungAccount: [SignatureCheckUtil] runCheckSignatureAsync
04-27 22:15:04.104 21852 21852 I SamsungAccount: [SignaturePreconditionChecker] getSignatureResult - fromSesSdk : true
04-27 22:15:04.113 21586 21688 I AppMetrica-Attribution: Choosing distribution data: ClidsInfo(chosen=Candidate(clids={clid24=2305182, clid1=2207450, clid1010=2295103, clid2023=2395783, clid1003=2207452, clid1004=2207453, clid1002=2207451}, source=APP), candidates=[Candidate(clids={clid24=2305182, clid1=2207450, clid1010=2295103, clid2023=2395783, clid1003=2207452, clid1004=2207453, clid1002=2207451}, source=APP)])
04-27 22:15:04.131 21852 22105 I SmpLog  : [SMP] Test mode: false, v:3.3.3.3, com.osp.app.signin
04-27 22:15:04.135 21852 21884 I SamsungAccount: [SignatureInfoDbHelper] searchOnUser - [10/21n36][microsoft.skydrive.][64/3d550] => matched
04-27 22:15:04.136 21852 21884 I SamsungAccount: [SignatureInfoDbHelper] search - matched
04-27 22:15:04.136 21852 21852 I SamsungAccount: [SignatureInfoDbHelper] getSignatureResult - [][app.shealth.]
04-27 22:15:04.137 21852 21884 I SamsungAccount: [SignatureCheckUtil] runCheckSignatureAsync(fromDb) - matched
04-27 22:15:04.137 21852 21884 I SamsungAccount: [AccountManagerProvider] This is the access of the allowed application
04-27 22:15:04.139 21852 21852 I SamsungAccount: [SignatureInfoHelper] getClientIdFromMetaData : [10/1y90e]
04-27 22:15:04.139 21852 21852 I SamsungAccount: [SignatureInfoDbHelper] searchOnUser
04-27 22:15:04.139 21900 21900 I AGC_Instance: AGC SDK initialize end, default route:UNKNOWN
04-27 22:15:04.149 21852 21852 I SamsungAccount: [SignatureInfoDbHelper] searchOnUser - [10/1y90e][app.shealth.][64/14aaf] => matched
04-27 22:15:04.149 21852 21852 I SamsungAccount: [SignatureInfoDbHelper] search - matched
04-27 22:15:04.150 21852 21852 I SamsungAccount: [SignatureCheckUtil] runCheckSignatureAsync(fromDb) - matched
04-27 22:15:04.150 21852 21852 I SamsungAccount: [AccountManagerUtil] setSamsungAccountManagedVisibilityIfNeeded - isInstalled : true, isAllowedApplication : true
04-27 22:15:04.150 21852 21852 I SamsungAccount: [AccountManagerUtil] getSamsungAccountVisibilityByPackageName
04-27 22:15:04.150 21326 21359 W ex.searchplugin: Suspending all threads took: 7.244ms
04-27 22:15:04.169  5429  8526 D LocationManagerService: passive provider removed registration from 10222/ru.yandex.searchplugin/40EECA50
04-27 22:15:04.170  5429  8526 D LocationManagerService: passive provider added registration from 10222/ru.yandex.searchplugin/40EECA50 -> Request[PASSIVE, minUpdateInterval=+1s0ms, WorkSource{10222 ru.yandex.searchplugin}]
04-27 22:15:04.172 21586 21737 D [GplLibraryWrapper]: updateLastKnownLocation
04-27 22:15:04.173  7025  7069 E RequestManager_FLP: [LocationManager] Location remove 40EECA50 from ru.yandex.searchplugin
04-27 22:15:04.173  7025  7069 W LocationRequestData_FLP: Not registered using location provider, 40EECA50
04-27 22:15:04.176  7025  7069 E RequestManager_FLP: [LocationManager] Location request (NOT STARTED) 40EECA50(Listener) passive (min=1000ms) from ru.yandex.searchplugin (10222_FINE_cached_false_background)
04-27 22:15:04.177  4924  4924 D Zygote  : Forked child process 22109
04-27 22:15:04.182 21852 21852 I SamsungAccount: [AccountManagerUtil] getSamsungAccountVisibilityByPackageName
04-27 22:15:04.186 21852 21852 I SamsungAccount: [AccountManagerUtil] setSamsungAccountManagedVisibilityIfNeeded - visibility : 2
04-27 22:15:04.203 20974 21139 D nativeloader: Configuring classloader-namespace for other apk /data/app/~~fupSe7mT3TYRtpByrpi4GQ==/com.google.android.gms-bmnvTG7hLJarQuEcM9Lr_Q==/base.apk. target_sdk_version=33, uses_libraries=, library_path=/data/app/~~fupSe7mT3TYRtpByrpi4GQ==/com.google.android.gms-bmnvTG7hLJarQuEcM9Lr_Q==/lib/arm64:/data/app/~~fupSe7mT3TYRtpByrpi4GQ==/com.google.android.gms-bmnvTG7hLJarQuEcM9Lr_Q==/base.apk!/lib/arm64-v8a, permitted_path=/data:/mnt/expand:/data/user/0/com.google.android.gms
04-27 22:15:04.232 22109 22109 I .android.scloud: Using CollectorTypeCC GC.
04-27 22:15:04.240 22109 22109 E .android.scloud: Not starting debugger since process cannot load the jdwp agent.
04-27 22:15:04.247 21852 22105 I SmpLog  : [SMP] ptype:fcm, token:...Sv (152), D:null, U:null, S:false, M:null, P:FCM_PRIMARY_MODE
04-27 22:15:04.256  5429  7446 D LocationManagerService: passive provider removed registration from 10222/ru.yandex.searchplugin/40EECA50
04-27 22:15:04.257  5429  7446 D LocationManagerService: passive provider added registration from 10222/ru.yandex.searchplugin/40EECA50 -> Request[PASSIVE, minUpdateInterval=+1s0ms, WorkSource{10222 ru.yandex.searchplugin}]
04-27 22:15:04.258 21586 21737 D [GplLibraryWrapper]: updateLastKnownLocation
04-27 22:15:04.259 22109 22109 W libc    : Access denied finding property "sys.perf.boostopt"
04-27 22:15:04.259  7025  7069 E RequestManager_FLP: [LocationManager] Location remove 40EECA50 from ru.yandex.searchplugin
04-27 22:15:04.259  4899  4899 E audit   : type=1400 audit(1682626504.251:19929): avc:  denied  { read } for  pid=22109 comm=".android.scloud" name="u:object_r:perf_prop:s0" dev="tmpfs" ino=21617 scontext=u:r:platform_app:s0:c512,c768 tcontext=u:object_r:perf_prop:s0 tclass=file permissive=0 SEPF_SM-A515F_13_0001 audit_filtered
04-27 22:15:04.259  7025  7069 W LocationRequestData_FLP: Not registered using location provider, 40EECA50
04-27 22:15:04.260  7025  7069 E RequestManager_FLP: [LocationManager] Location request (NOT STARTED) 40EECA50(Listener) passive (min=1000ms) from ru.yandex.searchplugin (10222_FINE_cached_false_background)
04-27 22:15:04.260 22109 22124 W libc    : Access denied finding property "sys.perf.boostopt"
04-27 22:15:04.262 22109 22109 D ActivityThread: setConscryptValidator
04-27 22:15:04.262 22109 22109 D ActivityThread: setConscryptValidator - put
04-27 22:15:04.279 21852 21852 I SamsungAccount: [DbManagerV2] getEmailID
04-27 22:15:04.279 21852 21852 I SamsungAccount: [DbManagerV2] getDataV02ForItems : EMAIL_ID from Db
04-27 22:15:04.303 21326 21546 I AppMetrica: Activate reporter with APIKey 9c5e85e6-xxxx-xxxx-xxxx-xxxxxxxx0a57
04-27 22:15:04.320 22109 22109 D CompatibilityChangeReporter: Compat change id reported: 171979766; UID 5009; state: ENABLED
04-27 22:15:04.325  5429  7446 D LocationManagerService: passive provider removed registration from 10222/ru.yandex.searchplugin/40EECA50
04-27 22:15:04.325  5429  7446 D LocationManagerService: passive provider added registration from 10222/ru.yandex.searchplugin/40EECA50 -> Request[PASSIVE, minUpdateInterval=+1s0ms, WorkSource{10222 ru.yandex.searchplugin}]
04-27 22:15:04.326 21586 21737 D [GplLibraryWrapper]: updateLastKnownLocation
04-27 22:15:04.326  7025  7069 E RequestManager_FLP: [LocationManager] Location remove 40EECA50 from ru.yandex.searchplugin
04-27 22:15:04.326  7025  7069 W LocationRequestData_FLP: Not registered using location provider, 40EECA50
04-27 22:15:04.328  7025  7069 E RequestManager_FLP: [LocationManager] Location request (NOT STARTED) 40EECA50(Listener) passive (min=1000ms) from ru.yandex.searchplugin (10222_FINE_cached_false_background)
04-27 22:15:04.330 22109 22124 W libc    : Access denied finding property "sys.perf.boostopt"
04-27 22:15:04.361 21900 22072 I cr_AppCenterManager: Add app center service for the channel 1, needDistribution: true
04-27 22:15:04.387  7025  7069 E RequestManager_FLP: [LocationManager] Location remove 40EECA50 from ru.yandex.searchplugin
04-27 22:15:04.388  7025  7069 W LocationRequestData_FLP: Not registered using location provider, 40EECA50
04-27 22:15:04.388  5429  6683 D LocationManagerService: passive provider removed registration from 10222/ru.yandex.searchplugin/40EECA50
04-27 22:15:04.389  5429  6683 D LocationManagerService: passive provider added registration from 10222/ru.yandex.searchplugin/40EECA50 -> Request[PASSIVE, minUpdateInterval=+1s0ms, WorkSource{10222 ru.yandex.searchplugin}]
04-27 22:15:04.393  7025  7069 E RequestManager_FLP: [LocationManager] Location request (NOT STARTED) 40EECA50(Listener) passive (min=1000ms) from ru.yandex.searchplugin (10222_FINE_cached_false_background)
04-27 22:15:04.398 21586 21737 D [GplLibraryWrapper]: updateLastKnownLocation
04-27 22:15:04.409 21900 22072 I AppCenter: App Center SDK configured successfully.
04-27 22:15:04.420 21586 21688 I AppMetrica-Attribution: Choosing distribution data: ClidsInfo(chosen=Candidate(clids={clid24=2305182, clid1=2207450, clid1010=2295103, clid2023=2395783, clid1003=2207452, clid1004=2207453, clid1002=2207451}, source=APP), candidates=[Candidate(clids={clid24=2305182, clid1=2207450, clid1010=2295103, clid2023=2395783, clid1003=2207452, clid1004=2207453, clid1002=2207451}, source=APP)])
04-27 22:15:04.437  4623  4623 W keymaster_tee: [WRN]begin req PARAMS: A32 B2 P64
04-27 22:15:04.453 21852 21852 I SamsungAccount: [AccountManagerUtil] isSamsungAccountSignedIn : true
04-27 22:15:04.455  7025  7069 E RequestManager_FLP: [LocationManager] Location remove 40EECA50 from ru.yandex.searchplugin
04-27 22:15:04.455  7025  7069 W LocationRequestData_FLP: Not registered using location provider, 40EECA50
04-27 22:15:04.455  5429  6683 D LocationManagerService: passive provider removed registration from 10222/ru.yandex.searchplugin/40EECA50
04-27 22:15:04.455  5429  6683 D LocationManagerService: passive provider added registration from 10222/ru.yandex.searchplugin/40EECA50 -> Request[PASSIVE, minUpdateInterval=+1s0ms, WorkSource{10222 ru.yandex.searchplugin}]
04-27 22:15:04.457 21586 21737 D [GplLibraryWrapper]: updateLastKnownLocation
04-27 22:15:04.458 21852 21852 I SamsungAccount: [DeviceManager] SEP Platform version : 14.1
04-27 22:15:04.459  7025  7069 E RequestManager_FLP: [LocationManager] Location request (NOT STARTED) 40EECA50(Listener) passive (min=1000ms) from ru.yandex.searchplugin (10222_FINE_cached_false_background)
04-27 22:15:04.459 21852 21852 D SamsungAnalytics605055: [Tracker] Tracker start:6.05.055
04-27 22:15:04.512  5429  7446 D LocationManagerService: passive provider removed registration from 10222/ru.yandex.searchplugin/40EECA50
04-27 22:15:04.512  5429  7446 D LocationManagerService: passive provider added registration from 10222/ru.yandex.searchplugin/40EECA50 -> Request[PASSIVE, minUpdateInterval=+1s0ms, WorkSource{10222 ru.yandex.searchplugin}]
04-27 22:15:04.513  7025  7069 E RequestManager_FLP: [LocationManager] Location remove 40EECA50 from ru.yandex.searchplugin
04-27 22:15:04.513  7025  7069 W LocationRequestData_FLP: Not registered using location provider, 40EECA50
04-27 22:15:04.514 21586 21737 D [GplLibraryWrapper]: updateLastKnownLocation
04-27 22:15:04.515  7025  7069 E RequestManager_FLP: [LocationManager] Location request (NOT STARTED) 40EECA50(Listener) passive (min=1000ms) from ru.yandex.searchplugin (10222_FINE_cached_false_background)
04-27 22:15:04.525 21852 22132 I SamsungAccount: [ConsentWorkManager] startWorkerAfterCheckCondition
04-27 22:15:04.526 21900 22072 I OneAuthAPI: java load
04-27 22:15:04.555  5429  6683 D LocationManagerService: passive provider removed registration from 10222/ru.yandex.searchplugin/40EECA50
04-27 22:15:04.555  5429  6683 D LocationManagerService: passive provider added registration from 10222/ru.yandex.searchplugin/40EECA50 -> Request[PASSIVE, minUpdateInterval=+1s0ms, WorkSource{10222 ru.yandex.searchplugin}]
04-27 22:15:04.556 21586 21737 D [GplLibraryWrapper]: updateLastKnownLocation
04-27 22:15:04.556  7025  7069 E RequestManager_FLP: [LocationManager] Location remove 40EECA50 from ru.yandex.searchplugin
04-27 22:15:04.556  7025  7069 W LocationRequestData_FLP: Not registered using location provider, 40EECA50
04-27 22:15:04.557  7025  7069 E RequestManager_FLP: [LocationManager] Location request (NOT STARTED) 40EECA50(Listener) passive (min=1000ms) from ru.yandex.searchplugin (10222_FINE_cached_false_background)
04-27 22:15:04.595  5429  8526 D PackageManager: setEnabledSetting : userId = 0 packageName = ru.yandex.searchplugin cmp = com.yandex.messaging.ShareAlias newState = 2 callingPackage = 10222/ru.yandex.searchplugin
04-27 22:15:04.609  5429  8529 D PackageManager: setEnabledSetting : userId = 0 packageName = ru.yandex.searchplugin cmp = com.yandex.messaging.DeepLinkActivityAlias newState = 2 callingPackage = 10222/ru.yandex.searchplugin
04-27 22:15:04.616  6734 11816 I FontLog : Received query Google Sans, URI content://com.google.android.gms.fonts [CONTEXT service_id=132 ]
04-27 22:15:04.618  6734 11816 I FontLog : Query [Google Sans] resolved to {Google Sans, wdth 100.0, wght 400, ital 0.0, bestEffort false} [CONTEXT service_id=132 ]
04-27 22:15:04.619 21852 21852 D SamsungAnalytics605055: SenderType is None
04-27 22:15:04.619 21852 21852 I SamsungAccount: [AnalyticsWorkManager] startWork
04-27 22:15:04.620  5429  6683 D PackageManager: setEnabledSetting : userId = 0 packageName = ru.yandex.searchplugin cmp = com.yandex.messaging.CallActivityAlias newState = 1 callingPackage = 10222/ru.yandex.searchplugin
04-27 22:15:04.621  5429  6683 D ApplicationPolicy: getApplicationStateEnabled : pkg = ru.yandex.searchplugin userId : 0
04-27 22:15:04.622  5429  6683 D ApplicationPolicy: getApplicationComponentState : pkg = ru.yandex.searchplugin userId : 0
04-27 22:15:04.626  6734 11816 I FontLog : Font PFD returned from cache for {Google Sans, wdth 100.0, wght 400, ital 0.0, bestEffort false} [CONTEXT service_id=132 ]
04-27 22:15:04.627  6734 11816 I FontLog : Fetch {Google Sans, wdth 100.0, wght 400, ital 0.0, bestEffort false} end status Status{statusCode=SUCCESS, resolution=null} [CONTEXT service_id=132 ]
04-27 22:15:04.628 21900 22075 I cr_TrackingPrevention: no need to copy
04-27 22:15:04.633  5429  7446 D PackageManager: setEnabledSetting : userId = 0 packageName = ru.yandex.searchplugin cmp = com.yandex.messaging.InviteLinkProdTeamActivityAlias newState = 2 callingPackage = 10222/ru.yandex.searchplugin
04-27 22:15:04.640  5429  7446 D PackageManager: setEnabledSetting : userId = 0 packageName = ru.yandex.searchplugin cmp = com.yandex.messaging.InviteLinkProdActivityAlias newState = 2 callingPackage = 10222/ru.yandex.searchplugin
04-27 22:15:04.645  5429  7446 D PackageManager: setEnabledSetting : userId = 0 packageName = ru.yandex.searchplugin cmp = com.yandex.messaging.InviteLinkAlphaActivityAlias newState = 2 callingPackage = 10222/ru.yandex.searchplugin
04-27 22:15:04.650 21852 22105 I SmpLog  : [SMP] SEND BR : smp init success
04-27 22:15:04.652 21852 21852 I SamsungAccount: [AnalyticsPref] setSaVersionStatus : 14.1.00.8
04-27 22:15:04.653 21852 22132 I SamsungAccount: [DeviceManager] isHeadlessDevice = false
04-27 22:15:04.653 21852 22132 I SamsungAccount: [ConsentWorkManager] checkWorkerIsRunning
04-27 22:15:04.668  5429  7446 D LocationManagerService: passive provider removed registration from 10222/ru.yandex.searchplugin/40EECA50
04-27 22:15:04.669  5429  7446 D LocationManagerService: passive provider added registration from 10222/ru.yandex.searchplugin/40EECA50 -> Request[PASSIVE, minUpdateInterval=+1s0ms, WorkSource{10222 ru.yandex.searchplugin}]
04-27 22:15:04.669  7025  7069 E RequestManager_FLP: [LocationManager] Location remove 40EECA50 from ru.yandex.searchplugin
04-27 22:15:04.670  7025  7069 W LocationRequestData_FLP: Not registered using location provider, 40EECA50
04-27 22:15:04.671 21852 21852 I SamsungAccount: [AccountManagerUtil] isSamsungAccountSignedIn : true
04-27 22:15:04.671  7025  7069 E RequestManager_FLP: [LocationManager] Location request (NOT STARTED) 40EECA50(Listener) passive (min=1000ms) from ru.yandex.searchplugin (10222_FINE_cached_false_background)
04-27 22:15:04.671 21852 21852 I SamsungAccount: [AnalyticsPref] setSignedInStatus : 1
04-27 22:15:04.672 21852 21852 I SamsungAccount: [AccountDiagmonLogger] Diagmon Logger Init
04-27 22:15:04.674 21852 21852 D DIAGMON_SDK: dma pkg:910501000
04-27 22:15:04.674 21852 21852 I DIAGMON_SDK[605055]: DiagMonAgent type: 2
04-27 22:15:04.674 21852 21852 D DIAGMON_SDK[605055][773-399-565755] : setConfiguration type : CUSTOM
04-27 22:15:04.675 21852 21852 I DIAGMON_SDK[605055][773-399-565755] : generated SR object
04-27 22:15:04.676 21586 21737 D [GplLibraryWrapper]: updateLastKnownLocation
04-27 22:15:04.679 21852 21852 I SamsungAccount: [DclPolicyJobService] polling job service was already scheduled (from:86400000 to:86400000)
04-27 22:15:04.679 21852 21852 I SamsungAccount: [SamsungAccount] initBixby2()
04-27 22:15:04.680 21852 21852 I CapsuleProvider_1.0.23: releasing initialize wait lock.
04-27 22:15:04.682 21852 21852 I SamsungAccount: [MobileServiceStateProxy] registerServiceStateForSesSdk : false
04-27 22:15:04.682 21852 21852 I SamsungAccount: [MobileServiceStateImpl] serviceName : AuthService
04-27 22:15:04.683 21852 21852 I SamsungAccount: [MobileServiceStateProxy] registerServiceState, AuthService is added
04-27 22:15:04.683 21852 21852 I SamsungAccount: [MobileServiceStateImpl] serviceName : ProfileService
04-27 22:15:04.683 21852 21852 I SamsungAccount: [MobileServiceStateProxy] registerServiceState, ProfileService is added
04-27 22:15:04.683 21852 21852 I SamsungAccount: [MobileServiceStateImpl] serviceName : PlaceService
04-27 22:15:04.683 21852 21852 I SamsungAccount: [MobileServiceStateProxy] registerServiceState, PlaceService is added
04-27 22:15:04.687 21586 21688 I AppMetrica-Attribution: Choosing distribution data: ClidsInfo(chosen=Candidate(clids={clid24=2305182, clid1=2207450, clid1010=2295103, clid2023=2395783, clid1003=2207452, clid1004=2207453, clid1002=2207451}, source=APP), candidates=[Candidate(clids={clid24=2305182, clid1=2207450, clid1010=2295103, clid2023=2395783, clid1003=2207452, clid1004=2207453, clid1002=2207451}, source=APP)])
04-27 22:15:04.744 21900 22130 D ConnectivityManager: StackLog: [android.net.ConnectivityManager.sendRequestForNetwork(ConnectivityManager.java:4191)] [android.net.ConnectivityManager.sendRequestForNetwork(ConnectivityManager.java:4233)] [android.net.ConnectivityManager.registerNetworkCallback(ConnectivityManager.java:4615)] [android.net.ConnectivityManager.registerNetworkCallback(ConnectivityManager.java:4585)] [v82.<init>(181700015:51)] [oe.run(181700015:116)]
04-27 22:15:04.765 21586 21688 I AppMetrica-Attribution: Choosing distribution data: ClidsInfo(chosen=Candidate(clids={clid24=2305182, clid1=2207450, clid1010=2295103, clid2023=2395783, clid1003=2207452, clid1004=2207453, clid1002=2207451}, source=APP), candidates=[Candidate(clids={clid24=2305182, clid1=2207450, clid1010=2295103, clid2023=2395783, clid1003=2207452, clid1004=2207453, clid1002=2207451}, source=APP)])
04-27 22:15:04.768  5429  5665 D ConnectivityService: Rematched networks [computed 0ms] [applied 2ms] [issued 13]
04-27 22:15:04.768  5429  5665 D ConnectivityService: NetworkReassignment : no changes
04-27 22:15:04.707 21852 22133 D SamsungAnalytics605055: Tracker is not initialized, status : -1
04-27 22:15:04.822 21852 22144 I SamsungAccount: [DclPolicyManager] 3.1.2 GET SERVICE POLICY
04-27 22:15:04.822 21852 22144 I SamsungAccount: [AccountManagerUtil] isSamsungAccountSignedIn : true
04-27 22:15:04.822 21852 21852 I SamsungAccount: [Migration]  startMigrationService : Migration was completed in the past! status - 2
04-27 22:15:04.822 21852 21852 I SamsungAccount: [EasySignUpMappingManager] requestMappingIfNeeded
04-27 22:15:04.823  5429  5705 I ChimeraAggressivePolicyHandler: executePolicy() - triggerSource: TRIGGER_SOURCE_LMKD
04-27 22:15:04.824  5429  5705 I ChimeraAggressivePolicyHandler: memAvailable: 824344, memFreeTarget: 870400, releaseTarget:46056, protectedLruCount: 10
04-27 22:15:04.824 21852 22144 I SamsungAccount: [DclPolicyManager] Dcl policy : last server request time is not expired.
04-27 22:15:04.825 21852 22144 I SamsungAccount: [DclPolicyManager] Dcl policy : last server request time : 20230426233228
04-27 22:15:04.825 21852 21852 I SamsungAccount: [EasySignUpMappingManager] This OneUI version does not need ESU mapping.
04-27 22:15:04.829 21852 21852 I SamsungAccount: [AccountManagerUtil] isSamsungAccountSignedIn : true
04-27 22:15:04.829 21852 21852 I SamsungAccount: [DbManagerV2] getEmailID
04-27 22:15:04.832 21852 21852 I SamsungAccount: [DbManagerV2] getDataV02ForItems : EMAIL_ID from Cache
04-27 22:15:04.833 21852 21852 I SamsungAccount: [SamsungService(Application)] onCreate END
04-27 22:15:04.848  5429  5486 I libprocessgroup: Successfully killed process cgroup uid 10079 pid 20774 in 0ms
04-27 22:15:04.868  5429  5705 I NSLocationMonitor: getGPSUsingApps() called
04-27 22:15:04.892  7025  7043 I NSLocationManager_FLP: getGPSUsingApps, NO_FREEZE={5013} / FREEZE={10234}
04-27 22:15:04.893 21900 22129 W Adjust  : PRODUCTION: Adjust is running in Production mode. Use this setting only for the build that you want to publish. Set the environment to `sandbox` if you want to test your app!
04-27 22:15:04.900 21900 22130 I AppCenter: Changed maximum database size to 10485760 bytes.
04-27 22:15:04.903  5429  5705 I ChimeraAggressivePolicyHandler: Start doKill, protected policy: HEAVY
04-27 22:15:04.906  5429  5705 I ChimeraAggressivePolicyHandler: kill complete: killed 0 apps, freed 0 KB
04-27 22:15:04.906  5429  5705 I ChimeraAggressivePolicyHandler: Skipped reason: LR, pids: 19920 21539 8223 19519
04-27 22:15:04.906  5429  5705 I ChimeraAggressivePolicyHandler: Skipped reason: CA, pids: 31104 21633 20930 20997 21066 20875 21326 21007 21586 21274 22109 20893 20831 20774 20910 20974 20660 22006 17529 21179 21886
04-27 22:15:04.906  5429  5705 I ChimeraAggressivePolicyHandler: Skipped reason: PE, pids: 8449 9537 11589 6156 6734 6865 5848 5787 8348 8350 6174 7327 11360 8419 6180 28516 6118 6190 11246 7025 6196 5429 5878 10679 20280 9209 10299 6655
04-27 22:15:04.906  5429  5705 I ChimeraAggressivePolicyHandler: Skipped reason: CA, pids: 8553
04-27 22:15:04.906  5429  5705 I ChimeraAggressivePolicyHandler: Skipped reason: IN, pids: 16390 16423 1836 16058 16540
04-27 22:15:04.906  5429  5705 I ChimeraAggressivePolicyHandler: Skipped reason: SE, pids: 15648 8909 20793 21852 1823
04-27 22:15:04.906  5429  5705 I ChimeraAggressivePolicyHandler: Skipped reason: AD, pids: 12037 20358 19976 20617 21900 533 8548 8932 11943 25191 8618 13805 9197 6267 21692 8575
04-27 22:15:04.906  5429  5705 I ChimeraAggressivePolicyHandler: Processing time(ms) 83
04-27 22:15:04.918 21900 22130 I AppCenter: Distribute service started from application.
04-27 22:15:04.933 21900 22130 I AppCenter: Analytics service started from application.
04-27 22:15:04.950 21900 22130 I AppCenter: Crashes service started from application.
04-27 22:15:04.963 21900 21900 D TokenSharingManager_v1.6.2: Library works in release mode
04-27 22:15:04.970  4924  4924 I Zygote  : Process 20774 exited due to signal 9 (Killed)
04-27 22:15:04.982 21900 22129 W Adjust  : PRODUCTION: Adjust is running in Production mode. Use this setting only for the build that you want to publish. Set the environment to `sandbox` if you want to test your app!
04-27 22:15:04.985  6734 10831 I FontLog : Pulling font file for id = 262, cache size = 7 [CONTEXT service_id=132 ]
04-27 22:15:05.006  5429  6255 D PackageManager: setEnabledSetting : userId = 0 packageName = com.osp.app.signin cmp = androidx.work.impl.background.systemalarm.RescheduleReceiver newState = 1 callingPackage = 10104/com.osp.app.signin
04-27 22:15:05.010  5429  6255 D ApplicationPolicy: getApplicationStateEnabled : pkg = com.osp.app.signin userId : 0
04-27 22:15:05.013  5429  6255 D ApplicationPolicy: getApplicationComponentState : pkg = com.osp.app.signin userId : 0
04-27 22:15:05.016 21900 22130 W oft.emmx.canary: Accessing hidden method Landroid/telephony/TelephonyManager;->getSubscriberInfoService()Lcom/android/internal/telephony/IPhoneSubInfo; (blocked, reflection, denied)
04-27 22:15:05.017 21900 22130 W oft.emmx.canary: Accessing hidden method Landroid/telephony/TelephonyManager;->getSubscriberInfoService()Lcom/android/internal/telephony/IPhoneSubInfo; (blocked, reflection, denied)
04-27 22:15:05.020 21900 22130 W oft.emmx.canary: Accessing hidden method Landroid/telephony/TelephonyManager;->getSubscriptionService()Lcom/android/internal/telephony/ISub; (blocked, reflection, denied)
04-27 22:15:05.021 21900 22130 W oft.emmx.canary: Accessing hidden method Landroid/telephony/TelephonyManager;->getSubscriptionService()Lcom/android/internal/telephony/ISub; (blocked, reflection, denied)
04-27 22:15:05.022 21900 22130 W oft.emmx.canary: Accessing hidden method Landroid/telephony/TelephonyManager;->getSmsService()Lcom/android/internal/telephony/ISms; (blocked, reflection, denied)
04-27 22:15:05.025 21852 22154 D CompatibilityChangeReporter: Compat change id reported: 194532703; UID 10104; state: ENABLED
04-27 22:15:05.028 21900 22130 W oft.emmx.canary: Accessing hidden method Landroid/telephony/TelephonyManager;->getSmsService()Lcom/android/internal/telephony/ISms; (blocked, reflection, denied)
04-27 22:15:05.029 21900 22130 W oft.emmx.canary: Accessing hidden method Landroid/telephony/TelephonyManager;->getITelephony()Lcom/android/internal/telephony/ITelephony; (max-target-p, reflection, denied)
04-27 22:15:05.030 21900 21900 E cr_ChromeApplicationImpl: new AppHooksModule
04-27 22:15:05.032  5429  5488 W libprocessgroup: Failed to open /dev/blkio//cgroup.procs: No such file or directory
04-27 22:15:05.034 21900 22130 W oft.emmx.canary: Accessing hidden method Landroid/telephony/TelephonyManager;->getITelephony()Lcom/android/internal/telephony/ITelephony; (max-target-p, reflection, denied)
04-27 22:15:05.054 21852 22132 I SamsungAccount: [AccountManagerUtil] isSamsungAccountSignedIn : true
04-27 22:15:05.054 21852 22132 I SamsungAccount: [ConsentWorkManager] startWorkerAfterCheckCondition, isHeadlessDevice: false, isRunning : true, isSignOut : false
04-27 22:15:05.062 21852 22088 I FA      : App measurement disabled via the manifest
04-27 22:15:05.068 21852 22163 I SamsungAccount: [SamsungAnalyticsWrapper] setSessionId
04-27 22:15:05.071 21852 22076 I WM-WorkerWrapper: Worker result SUCCESS for Work [ id=d3f17257-b907-4bd8-a511-ad301e553710, tags={ REFRESH_SESSION_ID, com.samsung.android.samsungaccount.utils.samsunganalytics.AnalyticsWorker } ]
04-27 22:15:05.106 21900 22159 I MSMAM - Dg2: task thread waiting for tasks.
04-27 22:15:05.114 21852 22088 I FA      : App measurement initialized, version: 76011
04-27 22:15:05.114 21852 22088 I FA      : To enable debug logging run: adb shell setprop log.tag.FA VERBOSE
04-27 22:15:05.114 22109 22109 I [SC]FeatureManager: byod mode enabled: false
04-27 22:15:05.115 21852 22088 I FA      : To enable faster debug mode event logging run:
04-27 22:15:05.115 21852 22088 I FA      :   adb shell setprop debug.firebase.analytics.app com.osp.app.signin
04-27 22:15:05.119 22109 22109 I [SC]FeatureManager: FeatureManager ,[SEC_FLOATING_FEATURE_SAMSUNGCLOUD_ENABLE_SETTING_MENU]:true
04-27 22:15:05.119 22109 22109 I [SC]FeatureManager: [SEC_FLOATING_FEATURE_SAMSUNGCLOUD_SUPPORT_CONTENT_SYNC]bln true
04-27 22:15:05.119 22109 22109 I [SC]FeatureManager: [SEC_FLOATING_FEATURE_GALLERY_CONFIG_IMAGE_TAGGER_VERSION]str "V519"
04-27 22:15:05.119 22109 22109 I [SC]FeatureManager: [SEC_FLOATING_FEATURE_SAMSUNGCLOUD_ENABLE_SETTING_MENU]bln true
04-27 22:15:05.127  5429  5486 I libprocessgroup: Successfully killed process cgroup uid 10074 pid 20831 in 0ms
04-27 22:15:05.194 21326 22166 D ProfileInstaller: Skipping profile installation for ru.yandex.searchplugin
04-27 22:15:05.235  4924  4924 D Zygote  : Forked child process 22170
04-27 22:15:05.250  4924  4924 I Zygote  : Process 20831 exited due to signal 9 (Killed)
04-27 22:15:05.255 21900 22158 I MSMAM - Dg2: scheduling any necessary enrollment retries at startup; online: false
04-27 22:15:05.287 20974 21243 I Cello   : [21243:NonCelloThread] fetch_task.cc:649:RunInternal Largest local change id for My Drive at startup: -2
04-27 22:15:05.302 22170 22170 I plugin:passport: Using CollectorTypeCC GC.
04-27 22:15:05.314 22170 22170 E plugin:passport: Not starting debugger since process cannot load the jdwp agent.
04-27 22:15:05.328 22170 22170 W libc    : Access denied finding property "sys.perf.boostopt"
04-27 22:15:05.329  4899  4899 E audit   : type=1400 audit(1682626505.323:19932): avc:  denied  { read } for  pid=22170 comm="plugin:passport" name="u:object_r:perf_prop:s0" dev="tmpfs" ino=21617 scontext=u:r:untrusted_app:s0:c222,c256,c512,c768 tcontext=u:object_r:perf_prop:s0 tclass=file permissive=0 SEPF_SM-A515F_13_0001 audit_filtered
