05-10 03:08:27.054 23197 23221 I TestRunner: started: mutableUniversalRefIntIn1Long(org.jetbrains.android_benchmark.AckermannBenchmark)
05-10 03:08:27.114  5679  5743 I AccessibilityServiceInfo: took more than 100ms mComponentName : ComponentInfo{com.samsung.accessibility/com.samsung.accessibility.assistantmenu.serviceframework.AssistantMenuService}, elapsedTime : 152
05-10 03:08:27.310  5679  5743 I AccessibilityServiceInfo: took more than 100ms mComponentName : ComponentInfo{com.samsung.android.accessibility.talkback/com.samsung.android.marvin.talkback.TalkBackService}, elapsedTime : 182
05-10 03:08:27.514  5679  5743 I AccessibilityShortcutInfo: took more than 100ms mComponentName : ComponentInfo{com.google.audio.hearing.visualization.accessibility.scribe/com.google.audio.hearing.visualization.accessibility.scribe.MainActivity}, elapsedTime : 141
05-10 03:08:27.661  5679  6505 W system_server: Long monitor contention with owner android.bg (5743) at java.util.ArrayList com.android.server.accessibility.AccessibilityManagerService$AccessibilityDisplayListener.getValidDisplayList()(AccessibilityManagerService.java:4879) waiters=0 in void com.android.server.accessibility.AccessibilityManagerService.registerUiTestAutomationService(android.os.IBinder, android.accessibilityservice.IAccessibilityServiceClient, android.accessibilityservice.AccessibilityServiceInfo, int) for 582ms
05-10 03:08:27.666  5679  5748 W libprocessgroup: Failed to open /dev/blkio//cgroup.procs: No such file or directory
05-10 03:08:27.673  5345  5511 I SurfaceFlinger: id=18019 createSurf flag=80004, WindowToken{13d2fb6 type=2032 android.os.Binder@2ed8b51}#18019
05-10 03:08:27.679 21096 23226 I GOS:GameIntentService: onHandleIntent. GameIntentService. type: 15, pkgName: org.jetbrains.android_benchmark.test
05-10 03:08:27.693  7227  7296 I RequestManager_FLP: onOpChanged, op=0 / packageName=com.kms.free
05-10 03:08:27.701  5679  5743 I SearchManagerService: updateSearchables
05-10 03:08:27.702  5679  5743 I SearchManagerService: updateSearchables
05-10 03:08:27.707  6910  6910 I Launcher.Model: isValidStateInKnoxMode:false user:UserHandle{0}
05-10 03:08:27.708  6910  6910 I Launcher.Model: package changed received : org.jetbrains.android_benchmark.test
05-10 03:08:27.721  5679  5679 I AccessibilityManagerService: semIsAccessibilityServiceEnabled()
05-10 03:08:27.722  5679  5679 I AccessibilityManagerService: semIsAccessibilityServiceEnabled()
05-10 03:08:27.722  5679  5679 D AS.AudioService: Accessibility volume enabled = false
05-10 03:08:27.724  5345  5345 I Layer   : id=18009 removeFromCurrentState WindowToken{4f6068f type=2032 android.os.Binder@8e481ee}#18009 (137)
05-10 03:08:27.724  5345  5345 I SurfaceFlinger: id=18009 Removed WindowToken{4f6068f type=2032 android.os.Binder@8e481ee}#18009 (137)
05-10 03:08:27.724  5345  5345 I Layer   : id=18009 Destroyed WindowToken{4f6068f type=2032 android.os.Binder@8e481ee}#18009
05-10 03:08:27.727 23197 23221 D Benchmark: launching Benchmark IsolationActivity
05-10 03:08:27.728  5260  5260 E audit   : type=1400 audit(1683680907.723:98802): avc:  denied  { read } for  pid=23197 comm="binder:23197_3" name="u:object_r:perf_prop:s0" dev="tmpfs" ino=21600 scontext=u:r:untrusted_app:s0:c226,c257,c512,c768 tcontext=u:object_r:perf_prop:s0 tclass=file permissive=0 SEPF_SM-A515F_13_0001 audit_filtered
05-10 03:08:27.728  5260  5260 E audit   : type=1300 audit(1683680907.723:98802): arch=c00000b7 syscall=56 success=no exit=-13 a0=ffffff9c a1=72184ac2f8 a2=88000 a3=0 items=0 ppid=5285 pid=23197 auid=4294967295 uid=10482 gid=10482 euid=10482 suid=10482 fsuid=10482 egid=10482 sgid=10482 fsgid=10482 tty=(none) ses=4294967295 comm="binder:23197_3" exe="/system/bin/app_process64" subj=u:r:untrusted_app:s0:c226,c257,c512,c768 key=(null)
05-10 03:08:27.728  5260  5260 E audit   : type=1327 audit(1683680907.723:98802): proctitle="org.jetbrains.android_benchmark.test"
05-10 03:08:27.729 23197 23216 W libc    : Access denied finding property "sys.perf.boostopt"
05-10 03:08:27.734  6910  7270 I PackageUpdatedTask: mAllAppsList.updatePackage org.jetbrains.android_benchmark.test
05-10 03:08:27.735 22161 22161 V SafetyCenterAccessibilityListener: accessibility event occurred, safety center feature not enabled.
05-10 03:08:27.753  5679  5735 I ChimeraSystemEventListener: appLaunchIntent package name is: org.jetbrains.android_benchmark.test
05-10 03:08:27.757  6910 20790 I TouchInteractionService: onActiveNavBarRegionChanges, region : SkRegion((0,2274,388,2400)(389,2274,690,2400)(691,2274,961,2400))
05-10 03:08:27.772  6397  6397 V Navbar.Store: ----handleEvent(0) OnUpdateRemoteViewContainer(leftContainer=android.widget.LinearLayout{c8f60f1 I.E...... ......I. 0,0-118,126 #7f0b04f6 app:id/left_remoteview}, rightContainer=android.widget.LinearLayout{3fbe4d6 I.E...... ......I. 962,0-1080,126 #7f0b07aa app:id/right_remoteview}, contextualButtonVisible=false, darkIntensity=0.0) [Module] SamsungNavigationBarView
05-10 03:08:27.772  6397  6397 V Navbar.Store: ------[Band]REMOTE_VIEW_PACK_SET_REMOTEVIEW_CONTAINER
05-10 03:08:27.772  5679  7205 I SemDvfsHyPerManager: acquire hyper - AMS_APP_SWITCH/5679@21, type = -999
05-10 03:08:27.774  5345  5511 I SurfaceFlinger: id=18020 createSurf flag=24004, Task=6061#18020
05-10 03:08:27.776  8435  8435 I SemDvfsHyPerManager: acquire hyper - APP_START_SHORT/8435@12, type = -999
05-10 03:08:27.779  5316  5357 I HYPER-HAL: [RequestManager.cpp]acquire(): Acquired ID : 16247871  [5679 / 21]    HINT : AMS_APP_SWITCH    list :
05-10 03:08:27.784  5345  5938 I SurfaceFlinger: id=18021 createSurf flag=80004, ActivityRecord{bafbec0 u0 org.jetbrains.android_benchmark.test/androidx.benchmark.IsolationActivity} t6061}#18021
05-10 03:08:27.791  6397  6397 V Navbar.Store: --------apply(0) UpdateRemoteViewContainer
05-10 03:08:27.794  5316  5357 I HYPER-HAL: [RequestManager.cpp]acquire(): Acquired ID : 35680140  [8435 / 12]    HINT : APP_START    list : [TIMEOUT / 1500]
05-10 03:08:27.795  6397  6397 V Navbar.Store: --------apply(0) UpdateRemoteViewDarkIntensity
05-10 03:08:27.802  6397  6397 V Navbar.Store: handleEvent(0) OnNavBarUpdateA11YService(clickable=false, longClickable=false) [Module] NavigationBar
05-10 03:08:27.802  6397  6397 V Navbar.Store: --[Band]SETUPWIZARD_PACK_UPDATE_A11Y_SERVICE
05-10 03:08:27.814  6910 20790 I TouchInteractionService: onActiveNavBarRegionChanges, region : SkRegion((0,2274,388,2400)(389,2274,690,2400)(691,2274,961,2400))
05-10 03:08:27.821  6910  7270 I WidgetsModel: EasyModeWidget will be excluded on WidgetList.
05-10 03:08:27.832  5679  7028 I SemDvfsHyPerManager: acquire hyper - AMS_APP_LAUNCH/5679@18, type = -999
05-10 03:08:27.834  8435  8435 I SemDvfsHyPerManager: acquire hyper - APP_START/8435@14, type = -999
05-10 03:08:27.840  6910  6910 I TopTaskTracker: onTaskMovedToFront : taskId = 6061
05-10 03:08:27.841  5316  5357 I HYPER-HAL: [RequestManager.cpp]acquire(): Acquired ID : 16230771  [5679 / 18]    HINT : AMS_APP_LAUNCH    list :
05-10 03:08:27.844  5316  5357 I HYPER-HAL: [RequestManager.cpp]acquire(): Acquired ID : 35697039  [8435 / 14]    HINT : APP_START    list :
05-10 03:08:27.854  6910  7270 I AppIconSolution: return adaptive icon for org.jetbrains.android_benchmark.test, isNight = true
05-10 03:08:27.874  6397  6465 D NativeCustomFrequencyManager: [NativeCFMS] BpCustomFrequencyManager::BpCustomFrequencyManager()
05-10 03:08:27.882  5679  6505 D InputTransport: Input channel constructed: '6a4929d', fd=1163
05-10 03:08:27.882  5679  6505 D InputTransport: Input channel constructed: '6a4929d', fd=1164
05-10 03:08:27.883  5679  6505 D InputTransport: Input channel constructed: '6a4929d', fd=1165
05-10 03:08:27.885  5679  5748 W libprocessgroup: Failed to open /dev/blkio//cgroup.procs: No such file or directory
05-10 03:08:27.887  5345  5875 I SurfaceFlinger: id=18022 createSurf flag=80004, 6a4929d Splash Screen org.jetbrains.android_benchmark.test#18022
05-10 03:08:27.888  5679  6505 D InputTransport: Input channel destroyed: '6a4929d', fd=1165
05-10 03:08:27.895  6397  6454 D InsetsController: onStateChanged: InsetsState: {mDisplayFrame=Rect(0, 0 - 1080, 2400), mDisplayCutout=DisplayCutout{insets=Rect(0, 88 - 0, 0) waterfall=Insets{left=0, top=0, right=0, bottom=0} boundingRect={Bounds=[Rect(0, 0 - 0, 0), Rect(512, 0 - 568, 88), Rect(0, 0 - 0, 0), Rect(0, 0 - 0, 0)]} cutoutPathParserInfo={CutoutPathParserInfo{displayWidth=1080 displayHeight=2400 physicalDisplayWidth=1080 physicalDisplayHeight=2400 density={2.625} cutoutSpec={M 0,0 M 0,12.25101276465640 a 10.60613009248640,10.60613009248640 0 1,0 0,21.21226018497290 a 10.60613009248640,10.60613009248640 0 1,0 0,-21.21226018497290 Z @dp} rotation={0} scale={1.0} physicalPixelDisplaySizeRatio={1.0}}}}, mRoundedCorners=RoundedCorners{[RoundedCorner{position=TopLeft, radius=84, center=Point(84, 84)}, RoundedCorner{position=TopRight, radius=84, center=Point(996, 84)}, RoundedCorner{position=BottomRight, radius=84, center=Point(996, 2316)}, RoundedCorner{position=BottomLeft, radius=84, center=Point(84, 2316)}]}  mRoundedCornerFrame=Rect(0, 0 - 1080, 2400), mPrivacyIndicatorBounds=PrivacyIndicatorBounds {static bounds=Rect(964, 0 - 1080, 88) rotation=0}, mSources= { InsetsSource: {mType=ITYPE_STATUS_BAR, mFrame=[0,0][1080,88], mVisible=true, mInsetsRoundedCornerFrame=false}, InsetsSource: {mType=ITYPE_NAVIGATION_BAR, mFrame=[0,2274][1080,2400], mVisible=true, mInsetsRoundedCornerFrame=false}, InsetsSource: {mType=ITYPE_LEFT_GESTURES, mFrame=[0,0][0,2400], mVisible=true, mInsetsRoundedCornerFrame=false}, InsetsSource: {mType=ITYPE_RIGHT_GESTURES, mFrame=[1080,0][1080,2400], mVisible=true, mInsetsRoundedCornerFrame=false}, InsetsSource: {mType=ITYPE_TOP_MANDATORY_GESTURES, mFrame=[0,0][1080,120], mVisible=true, mInsetsRoundedCornerFrame=false}, InsetsSource: {mType=ITYPE_BOTTOM_MANDATORY_GESTURES, mFrame=[0,2274][1080,2400], mVisible=true, mInsetsRoundedCornerFrame=false}, InsetsSource: {mType=ITYPE_LEFT_DISPLAY_CUTOUT, mFrame=[0,0][-100000,2400], mVisible=true, mInsetsRoundedCornerFrame=false}, InsetsSource: {mType=ITYPE_TOP_DISPLAY_CUTOUT, mFrame=[0,0][1080,88], mVisible=true, mInsetsRoundedCornerFrame=false}, InsetsSource: {mType=ITYPE_RIGHT_DISPLAY_CUTOUT, mFrame=[100000,0][1080,2400], mVisible=true, mInsetsRoundedCornerFrame=false}, InsetsSource: {mType=ITYPE_BOTTOM_DISPLAY_CUTOUT, mFrame=[0,100000][1080,2400], mVisible=true, mInsetsRoundedCornerFrame=false}, InsetsSource: {mType=ITYPE_TOP_TAPPABLE_ELEMENT, mFrame=[0,0][1080,88], mVisible=true, mInsetsRoundedCornerFrame=false}, InsetsSource: {mType=ITYPE_BOTTOM_TAPPABLE_ELEMENT, mFrame=[0,2274][1080,2400], mVisible=true, mInsetsRoundedCornerFrame=false} } host=Splash Screen org.jetbrains.android_benchmark.test from=android.view.ViewRootImpl.setView:1732
05-10 03:08:27.898 16258 16258 D BoundBrokerSvc: onBind: Intent { act=com.google.android.gms.measurement.START pkg=com.google.android.gms }
05-10 03:08:27.898 16258 16258 D BoundBrokerSvc: Loading bound service for intent: Intent { act=com.google.android.gms.measurement.START pkg=com.google.android.gms }
05-10 03:08:27.900  5679  5748 W libprocessgroup: Failed to open /dev/blkio//cgroup.procs: No such file or directory
05-10 03:08:27.902  6397  6454 I ViewRootImpl@54657ae[test]: setView = android.widget.FrameLayout@6846b6b TM=true
05-10 03:08:27.902  5476  8423 I CameraService: onUidStateChanged: uid=10054, procState is changed. (0 -> 1)
05-10 03:08:27.916  6397  6454 I ViewRootImpl@54657ae[test]: performTraversals params={(0,0)(fillxfill) sim={adjust=pan} ty=APPLICATION_STARTING fmt=TRANSLUCENT wanim=0x1030001
05-10 03:08:27.916  6397  6454 I ViewRootImpl@54657ae[test]:   fl=81030118
05-10 03:08:27.916  6397  6454 I ViewRootImpl@54657ae[test]:   pfl=16000010
05-10 03:08:27.916  6397  6454 I ViewRootImpl@54657ae[test]:   apr=LIGHT_STATUS_BARS LIGHT_NAVIGATION_BARS
05-10 03:08:27.916  6397  6454 I ViewRootImpl@54657ae[test]:   bhv=DEFAULT
05-10 03:08:27.916  6397  6454 I ViewRootImpl@54657ae[test]:   fitSides= naviIconColor=0}
05-10 03:08:27.918  6397  6454 I ViewRootImpl@54657ae[test]: performTraversals mFirst=true windowShouldResize=true viewVisibilityChanged=false mForceNextWindowRelayout=false params={(0,0)(fillxfill) sim={adjust=pan} ty=APPLICATION_STARTING fmt=TRANSLUCENT wanim=0x1030001
05-10 03:08:27.918  6397  6454 I ViewRootImpl@54657ae[test]:   fl=81030118
05-10 03:08:27.918  6397  6454 I ViewRootImpl@54657ae[test]:   pfl=16000010
05-10 03:08:27.918  6397  6454 I ViewRootImpl@54657ae[test]:   apr=LIGHT_STATUS_BARS LIGHT_NAVIGATION_BARS
05-10 03:08:27.918  6397  6454 I ViewRootImpl@54657ae[test]:   bhv=DEFAULT
05-10 03:08:27.918  6397  6454 I ViewRootImpl@54657ae[test]:   fitSides= naviIconColor=0}
05-10 03:08:27.936 21096 23226 I GOS:GameIntentService: onPackageChanged(). extras: Bundle[{changeType=0, userId=0, pkgName=org.jetbrains.android_benchmark.test, type=15, packageName=org.jetbrains.android_benchmark.test}]
05-10 03:08:27.936 21096 23226 I GOS:GameIntentService: onPackageChanged(). changeType(INSTALLED), pkgName(org.jetbrains.android_benchmark.test), UserHandle(0), userId(0), Installed(true)
05-10 03:08:27.949  5679  8519 D InputDispatcher: Focused application(0): ActivityRecord{bafbec0 u0 org.jetbrains.android_benchmark.test/androidx.benchmark.IsolationActivity} t6061}
05-10 03:08:27.953 23197 23239 D OpenGLRenderer: RenderThread::requireGlContext()
05-10 03:08:27.954 21096 23226 I GOS:SystemEventReactor: checkReservedCategory() - reservedList is null or empty!
05-10 03:08:27.975  5679  6505 V WindowManager: Relayout Window{6a4929d u0 Splash Screen org.jetbrains.android_benchmark.test}: viewVisibility=0 req=1080x2400 d0
05-10 03:08:27.975  5345  5875 I SurfaceFlinger: id=18023 createSurf flag=40004, Splash Screen org.jetbrains.android_benchmark.test$_6397#18023
05-10 03:08:27.976  5679  5748 W libprocessgroup: Failed to open /dev/blkio//cgroup.procs: No such file or directory
05-10 03:08:27.982  5679  6505 V WindowManager: Relayout hash=6a4929d, pid=6397, syncId=-1: mAttrs={(0,0)(fillxfill) sim={adjust=pan} ty=APPLICATION_STARTING fmt=TRANSLUCENT wanim=0x1030001
05-10 03:08:27.982  5679  6505 V WindowManager:   fl=81030118
05-10 03:08:27.982  5679  6505 V WindowManager:   pfl=16000010
05-10 03:08:27.982  5679  6505 V WindowManager:   apr=LIGHT_STATUS_BARS LIGHT_NAVIGATION_BARS
05-10 03:08:27.982  5679  6505 V WindowManager:   bhv=DEFAULT
05-10 03:08:27.982  5679  6505 V WindowManager:   fitSides= naviIconColor=0}
05-10 03:08:27.992  6397  6454 D InsetsController: onStateChanged: InsetsState: {mDisplayFrame=Rect(0, 0 - 1080, 2400), mDisplayCutout=DisplayCutout{insets=Rect(0, 88 - 0, 0) waterfall=Insets{left=0, top=0, right=0, bottom=0} boundingRect={Bounds=[Rect(0, 0 - 0, 0), Rect(512, 0 - 568, 88), Rect(0, 0 - 0, 0), Rect(0, 0 - 0, 0)]} cutoutPathParserInfo={CutoutPathParserInfo{displayWidth=1080 displayHeight=2400 physicalDisplayWidth=1080 physicalDisplayHeight=2400 density={2.625} cutoutSpec={M 0,0 M 0,12.25101276465640 a 10.60613009248640,10.60613009248640 0 1,0 0,21.21226018497290 a 10.60613009248640,10.60613009248640 0 1,0 0,-21.21226018497290 Z @dp} rotation={0} scale={1.0} physicalPixelDisplaySizeRatio={1.0}}}}, mRoundedCorners=RoundedCorners{[RoundedCorner{position=TopLeft, radius=84, center=Point(84, 84)}, RoundedCorner{position=TopRight, radius=84, center=Point(996, 84)}, RoundedCorner{position=BottomRight, radius=84, center=Point(996, 2316)}, RoundedCorner{position=BottomLeft, radius=84, center=Point(84, 2316)}]}  mRoundedCornerFrame=Rect(0, 0 - 1080, 2400), mPrivacyIndicatorBounds=PrivacyIndicatorBounds {static bounds=Rect(964, 0 - 1080, 88) rotation=0}, mSources= { InsetsSource: {mType=ITYPE_STATUS_BAR, mFrame=[0,0][1080,88], mVisible=true, mInsetsRoundedCornerFrame=false}, InsetsSource: {mType=ITYPE_NAVIGATION_BAR, mFrame=[0,2274][1080,2400], mVisible=true, mInsetsRoundedCornerFrame=false}, InsetsSource: {mType=ITYPE_LEFT_GESTURES, mFrame=[0,0][0,2400], mVisible=true, mInsetsRoundedCornerFrame=false}, InsetsSource: {mType=ITYPE_RIGHT_GESTURES, mFrame=[1080,0][1080,2400], mVisible=true, mInsetsRoundedCornerFrame=false}, InsetsSource: {mType=ITYPE_TOP_MANDATORY_GESTURES, mFrame=[0,0][1080,120], mVisible=true, mInsetsRoundedCornerFrame=false}, InsetsSource: {mType=ITYPE_BOTTOM_MANDATORY_GESTURES, mFrame=[0,2274][1080,2400], mVisible=true, mInsetsRoundedCornerFrame=false}, InsetsSource: {mType=ITYPE_LEFT_DISPLAY_CUTOUT, mFrame=[0,0][-100000,2400], mVisible=true, mInsetsRoundedCornerFrame=false}, InsetsSource: {mType=ITYPE_TOP_DISPLAY_CUTOUT, mFrame=[0,0][1080,88], mVisible=true, mInsetsRoundedCornerFrame=false}, InsetsSource: {mType=ITYPE_RIGHT_DISPLAY_CUTOUT, mFrame=[100000,0][1080,2400], mVisible=true, mInsetsRoundedCornerFrame=false}, InsetsSource: {mType=ITYPE_BOTTOM_DISPLAY_CUTOUT, mFrame=[0,100000][1080,2400], mVisible=true, mInsetsRoundedCornerFrame=false}, InsetsSource: {mType=ITYPE_TOP_TAPPABLE_ELEMENT, mFrame=[0,0][1080,88], mVisible=true, mInsetsRoundedCornerFrame=false}, InsetsSource: {mType=ITYPE_BOTTOM_TAPPABLE_ELEMENT, mFrame=[0,2274][1080,2400], mVisible=true, mInsetsRoundedCornerFrame=false}, InsetsSource: {mType=ITYPE_IME, mFrame=[0,0][0,0], mVisibleFrame=[0,2274][1080,2400], mVisible=false, mInsetsRoundedCornerFrame=false} } host=Splash Screen org.jetbrains.android_benchmark.test from=android.view.ViewRootImpl.relayoutWindow:9802
05-10 03:08:27.995  6397  6454 I ViewRootImpl@54657ae[test]: updateBlastSurfaceIfNeeded mBlastBufferQueue=null isSameSurfaceControl=false
05-10 03:08:27.996  6397  6454 I BLASTBufferQueue: new BLASTBufferQueue, mName= ViewRootImpl@54657ae[test] mNativeObject= 0x71fbc38e00 sc.mNativeObject= 0x727405ff20 caller= android.view.ViewRootImpl.updateBlastSurfaceIfNeeded:2909 android.view.ViewRootImpl.relayoutWindow:9847 android.view.ViewRootImpl.performTraversals:3884 android.view.ViewRootImpl.doTraversal:3116 android.view.ViewRootImpl$TraversalRunnable.run:10885 android.view.Choreographer$CallbackRecord.run:1301 android.view.Choreographer$CallbackRecord.run:1309 android.view.Choreographer.doCallbacks:923 android.view.Choreographer.doFrame:852 android.view.Choreographer$FrameDisplayEventReceiver.run:1283
05-10 03:08:27.997  6397  6454 I BLASTBufferQueue: update, w= 1080 h= 2400 mName = ViewRootImpl@54657ae[test] mNativeObject= 0x71fbc38e00 sc.mNativeObject= 0x727405ff20 format= -3 caller= android.graphics.BLASTBufferQueue.<init>:84 android.view.ViewRootImpl.updateBlastSurfaceIfNeeded:2909 android.view.ViewRootImpl.relayoutWindow:9847 android.view.ViewRootImpl.performTraversals:3884 android.view.ViewRootImpl.doTraversal:3116 android.view.ViewRootImpl$TraversalRunnable.run:10885
05-10 03:08:27.998  6397  6454 I ViewRootImpl@54657ae[test]: Relayout returned: old=(0,0,1080,2400) new=(0,0,1080,2400) req=(1080,2400)0 dur=77 res=0x3 s={true 0x71d9844800} ch=true seqId=0
05-10 03:08:27.999  6397  6454 I ViewRootImpl@54657ae[test]: mThreadedRenderer.initialize() mSurface={isValid=true 0x71d9844800} hwInitialized=true
05-10 03:08:28.000  6397  6465 D OpenGLRenderer: eglCreateWindowSurface
05-10 03:08:28.000  5679  6252 D TrafficStats: tagSocket(1165) with statsTag=0xffffffff, statsUid=-1
05-10 03:08:28.001  6397  6454 I ViewRootImpl@54657ae[test]: reportNextDraw android.view.ViewRootImpl.performTraversals:4438 android.view.ViewRootImpl.doTraversal:3116 android.view.ViewRootImpl$TraversalRunnable.run:10885 android.view.Choreographer$CallbackRecord.run:1301 android.view.Choreographer$CallbackRecord.run:1309
05-10 03:08:28.001  6397  6454 I ViewRootImpl@54657ae[test]: Setup new sync id=0
05-10 03:08:28.001  6397  6454 I ViewRootImpl@54657ae[test]: Setting syncFrameCallback
05-10 03:08:28.001  6397  6454 I ViewRootImpl@54657ae[test]: registerCallbacksForSync syncBuffer=false
05-10 03:08:28.003  6397  6488 I ViewRootImpl@54657ae[test]: Received frameDrawingCallback syncResult=0 frameNum=1.
05-10 03:08:28.003  6397  6488 I ViewRootImpl@54657ae[test]: Setting up sync and frameCommitCallback
05-10 03:08:28.004  5679  6287 D NetdEventListenerService: DNS Requested by : 112, 1000
05-10 03:08:28.007  5345  5345 D SurfaceFlinger: [input] inputWindowCommands.focusRequests size is 1
05-10 03:08:28.008  5345  5455 D SurfaceFlinger: [input] setFocusedWindow: <null>
05-10 03:08:28.008  5679  8519 D InputDispatcher: Focus request (0): <null> but waiting because NOT_FOCUSABLE
05-10 03:08:28.008  5679  8519 D InputDispatcher: Focus left window (0): 2bdff41 com.duolingo/com.duolingo.app.StreakSocietyLauncher
05-10 03:08:28.017  6397  6465 I BLASTBufferQueue: [ViewRootImpl@54657ae[test]#742](f:0,a:0) onFrameAvailable the first frame is available
05-10 03:08:28.018  6397  6465 I ViewRootImpl@54657ae[test]: Received frameCommittedCallback lastAttemptedDrawFrameNum=1 didProduceBuffer=true
05-10 03:08:28.019  6397  6465 D OpenGLRenderer: CFMS:: SetUp Pid : 6397    Tid : 6465
05-10 03:08:28.022  6397  6454 I ViewRootImpl@54657ae[test]: onSyncComplete
05-10 03:08:28.024  6397  6454 I ViewRootImpl@54657ae[test]: setupSync seqId=0 mSyncId=0 fn=1 caller=android.view.ViewRootImpl$$ExternalSyntheticLambda11.accept:6 android.window.SurfaceSyncer.lambda$setupSync$1$android-window-SurfaceSyncer:128 android.window.SurfaceSyncer$$ExternalSyntheticLambda1.accept:8 android.window.SurfaceSyncer$SyncSet.checkIfSyncIsComplete:382 android.window.SurfaceSyncer$SyncSet.markSyncReady:359 android.window.SurfaceSyncer.markSyncReady:151 android.view.ViewRootImpl.performTraversals:4503
05-10 03:08:28.025  6397  6454 I ViewRootImpl@54657ae[test]: reportDrawFinished seqId=0 mSyncId=-1 fn=1 mSurfaceChangedTransaction=0x72740f6d00
05-10 03:08:28.031 18796 18796 I BadgeCountReceiver: badge intent : Intent { act=android.intent.action.BADGE_COUNT_UPDATE flg=0x1000010 cmp=com.sec.android.provider.badge/.BadgeCountReceiver (has extras) }
05-10 03:08:28.035  5679  7325 I MediaSessionMonitor: Media session stopped : controllerList empty
05-10 03:08:28.039  4936  4936 I ViewRootImpl@ec993a5[StreakSocietyLauncher]: MSG_WINDOW_FOCUS_CHANGED 0 0
05-10 03:08:28.039  5345  5938 I SurfaceFlinger: id=18024 createSurf flag=24000, Surface(name=Task=6029)/@0x7584540 - animation-leash of app_transition#18024
05-10 03:08:28.046  5345  5938 I SurfaceFlinger: id=18025 createSurf flag=20004, DimAnimationLayer for Task=6061#18025
05-10 03:08:28.047  5345  5938 I SurfaceFlinger: id=18026 createSurf flag=24004, Surface(name=Task=6061)/@0x5c27800 - animation-leash of app_transition#18026
05-10 03:08:28.053 18796 18796 I BadgeCountReceiver: packageName: com.duolingo, className: com.duolingo.app.StreakSocietyLauncher, count: 1
05-10 03:08:28.055 23197 23239 D OpenGLRenderer: RenderThread::setGrContext()
05-10 03:08:28.068  5345  5345 I Layer   : id=18027 Destroyed Screenshot Parent#18027
05-10 03:08:28.079  6910  6910 I BadgeCountUpdaterImpl: onChange
05-10 03:08:28.082  6910  6910 I BadgeCountUpdaterImpl: onChange
05-10 03:08:28.085 18796 18796 I BadgeProvider: sendNotify entered. [uri] : content://com.sec.badge/apps
05-10 03:08:28.085 18796 18796 I BadgeProvider: sendNotify, [notify] : null
05-10 03:08:28.088  5345  5875 I SurfaceFlinger: id=18028 createSurf flag=80000, 5a82843 ActivityRecordInputSink org.jetbrains.android_benchmark.test/androidx.benchmark.IsolationActivity#18028
05-10 03:08:28.096 18796 18796 I BadgeProvider: update, getCallingPackage() : com.sec.android.provider.badge
05-10 03:08:28.096 18796 18796 I BadgeProvider: update, [uri] : content://com.sec.badge/apps
05-10 03:08:28.096 18796 18796 I BadgeProvider: update, [uri.query] : null
05-10 03:08:28.096 18796 18796 I BadgeProvider: update, [BadgeCount] : badgecount=1
05-10 03:08:28.097 18796 18796 I BadgeProvider: update, [UpdateCount] : 1
05-10 03:08:28.102 23197 23197 D LifecycleMonitor: Lifecycle status change: androidx.benchmark.IsolationActivity@2611a25 in: PRE_ON_CREATE
05-10 03:08:28.109  5345  5345 I Layer   : Layer [Splash Screen org.jetbrains.android_benchmark.test$_6397#18023] hidden!! flag(0)
05-10 03:08:28.121  5345  5345 I Layer   : id=18029 Destroyed Screenshot Parent#18029
05-10 03:08:28.132  5345  5875 I SurfaceFlinger: id=18030 createSurf flag=40404, Bottom Edge Extension#18030
05-10 03:08:28.133  5345  5875 I SurfaceFlinger: id=18031 createSurf flag=400, bbq-wrapper#18031
05-10 03:08:28.135  5679  4977 I BLASTBufferQueue: [bbq-adapter#397](f:0,a:0) onFrameAvailable the first frame is available
05-10 03:08:28.139  5345  5345 I Layer   : id=18032 Destroyed Screenshot Parent#18032
05-10 03:08:28.151  5345  5938 I SurfaceFlinger: id=18033 createSurf flag=40404, Top Edge Extension#18033
05-10 03:08:28.152  5345  5938 I SurfaceFlinger: id=18034 createSurf flag=400, bbq-wrapper#18034
05-10 03:08:28.155  5679  4978 I BLASTBufferQueue: [bbq-adapter#398](f:0,a:0) onFrameAvailable the first frame is available
05-10 03:08:28.177  6910  7270 I WidgetsModel: EasyModeWidget will be excluded on WidgetList.
05-10 03:08:28.186  5679  6252 W SemWifiTransportLayerUtils: getApplicationCategory - IOException org.jetbrains.android_benchmark.test
05-10 03:08:28.186  5679  6252 W System.err: java.io.FileNotFoundException: https://play.google.com/store/apps/details?id=org.jetbrains.android_benchmark.test&hl=en
05-10 03:08:28.186  5679  6252 W System.err: 	at com.android.okhttp.internal.huc.HttpURLConnectionImpl.getInputStream(HttpURLConnectionImpl.java:255)
05-10 03:08:28.186  5679  6252 W System.err: 	at com.android.okhttp.internal.huc.DelegatingHttpsURLConnection.getInputStream(DelegatingHttpsURLConnection.java:211)
05-10 03:08:28.186  5679  6252 W System.err: 	at com.android.okhttp.internal.huc.HttpsURLConnectionImpl.getInputStream(HttpsURLConnectionImpl.java:30)
05-10 03:08:28.186  5679  6252 W System.err: 	at com.samsung.android.server.wifi.tcp.SemWifiTransportLayerUtils.getApplicationCategory(SemWifiTransportLayerUtils.java:104)
05-10 03:08:28.186  5679  6252 W System.err: 	at com.samsung.android.server.wifi.tcp.SemWifiTransportLayerMonitor$TcpMonitorHandler.handleMessage(SemWifiTransportLayerMonitor.java:244)
05-10 03:08:28.186  5679  6252 W System.err: 	at android.os.Handler.dispatchMessage(Handler.java:106)
05-10 03:08:28.186  5679  6252 W System.err: 	at android.os.Looper.loopOnce(Looper.java:226)
05-10 03:08:28.186  5679  6252 W System.err: 	at android.os.Looper.loop(Looper.java:313)
05-10 03:08:28.186  5679  6252 W System.err: 	at android.os.HandlerThread.run(HandlerThread.java:67)
05-10 03:08:28.187  6910 20663 I RecentModel: onTaskStackChangedBackground
05-10 03:08:28.196  5679  6252 D SemWifiTransportLayerMonitor.TcpMonitorHandler: MSG_SAVE_PACKAGE_INFO
05-10 03:08:28.196  5679  6252 D SemWifiTransportLayerFileManager: saveWifiPackageInfoToFile
05-10 03:08:28.196  5679  6252 D SemWifiTransportLayerFileManager: writeWifiPackageInfoList
05-10 03:08:28.231 23197 23197 I DecorView: [INFO] isPopOver=false config=true
05-10 03:08:28.231 23197 23197 I DecorView: updateCaptionType: isFloating=false isApplication=true hasWindowDecorCaption=false this=DecorView@dae33a1[]
05-10 03:08:28.231 23197 23197 D DecorView: setCaptionType = 0, this = DecorView@dae33a1[]
05-10 03:08:28.232  6910  7270 I PostPositionOperator: addItem() - org.jetbrains.android_benchmark.test, isWidgetOnly : true
05-10 03:08:28.232  5345  5345 D SurfaceFlinger: Display 0 HWC layers:
05-10 03:08:28.232  5345  5345 D SurfaceFlinger:      CLIENT | 0x744b0a62c0 | 0102 | RGBA_8888    |    0.0    0.0    0.0    0.0 |    0 2382 1080 2400 | bbq-wrapper#18031
05-10 03:08:28.232  5345  5345 D SurfaceFlinger:      CLIENT | 0x74497ef540 | 0102 | RGBA_8888    |    0.0   18.0 1080.0 2400.0 |    0    0 1080 2382 | com.duolingo/com.duolingo.app.StreakSocietyLauncher$_4936#18010
05-10 03:08:28.232  5345  5345 D SurfaceFlinger:      CLIENT | 0x744b0a6400 | 0102 | RGBA_8888    |    0.0    0.0 1080.0    1.0 |    0    0 1080  333 | bbq-wrapper#18034
05-10 03:08:28.232  5345  5345 D SurfaceFlinger:      CLIENT |              | 0000 |  Unknown  |    0.0    0.0    0.0    0.0 |    0    0 1080 2400 | DimAnimationLayer for Task=6061#18025
05-10 03:08:28.232  5345  5345 D SurfaceFlinger:      CLIENT | 0x741e4b8d00 | 0100 | RGBA_8888    |    0.0    0.0 1080.0 2067.0 |    0  333 1080 2400 | Splash Screen org.jetbrains.android_benchmark.test$_6397#18023
05-10 03:08:28.232  5345  5345 D SurfaceFlinger:      CLIENT | 0x74201ea580 | 0100 | RGBA_8888    |    0.0    0.0 1080.0   88.0 |    0    0 1080   88 | StatusBar$_6397#96
05-10 03:08:28.232  5345  5345 D SurfaceFlinger:      DEVICE | 0x74497ef680 | 0100 | RGBA_8888    |    0.0    0.0 1080.0  126.0 |    0 2274 1080 2400 | NavigationBar0$_6397#92
05-10 03:08:28.232  5345  5345 D SurfaceFlinger:      DEVICE | 0x744b0a5dc0 | 0140 | RGB
05-10 03:08:28.232  5345  5345 D SurfaceFlinger: A_8888    |    0.0    0.0 1080.0  100.0 |    0    0 1080  100 | ScreenDecorOverlay$_6397#105
05-10 03:08:28.232  5345  5345 D SurfaceFlinger:      DEVICE | 0x744b0a9b00 | 0140 | RGBA_8888    |    0.0    0.0 1080.0  100.0 |    0 2300 1080 2400 | ScreenDecorOverlayBottom$_6397#106
05-10 03:08:28.232  5345  5345 D SurfaceFlinger:
05-10 03:08:28.234  6910  7270 W PackageUpdatedTask: refreshSearchLayout return, operation is not matched
05-10 03:08:28.238 23197 23197 I DecorView: getCurrentDensityDpi: from real metrics. densityDpi=420 msg=resources_loaded
05-10 03:08:28.238 23197 23197 I DecorView: setWindowBackground: isPopOver=false color=fff6f6f6 d=android.graphics.drawable.StateListDrawable@9401d87
05-10 03:08:28.256 23197 23197 D CompatibilityChangeReporter: Compat change id reported: 210923482; UID 10482; state: DISABLED
05-10 03:08:28.256 23197 23197 D CompatibilityChangeReporter: Compat change id reported: 37756858; UID 10482; state: ENABLED
05-10 03:08:28.274 23159 23195 W libc    : Access denied finding property "sys.perf.boostopt"
05-10 03:08:28.274  5260  5260 E audit   : type=1400 audit(1683680908.271:98803): avc:  denied  { read } for  pid=23159 comm="binder:23159_1" name="u:object_r:perf_prop:s0" dev="tmpfs" ino=21600 scontext=u:r:shell:s0 tcontext=u:object_r:perf_prop:s0 tclass=file permissive=0 SEPF_SM-A515F_13_0001 audit_filtered
05-10 03:08:28.284  6910  7270 I BadgeCountUpdaterImpl: reload badge without refresh
05-10 03:08:28.288  5679  5748 W libprocessgroup: Failed to open /dev/blkio//cgroup.procs: No such file or directory
05-10 03:08:28.301 18796 18811 I BadgeProvider: query, [selection] : null
05-10 03:08:28.330  6910  7270 I BadgeCache: update cache : com.vkontakte.android user : UserHandle{0}  count : 7
05-10 03:08:28.338  6910  7270 I BadgeCache: update cache : com.vkontakte.android user : UserHandle{0}  count : 1
05-10 03:08:28.366  6910  7270 I BadgeCache: reloadBadge size : 1
05-10 03:08:28.480  5325  5325 I sysinput:Touch: writeInformation:248, OK
05-10 03:08:28.481  5679  5895 D SysinputHAL_V1_3(V1_2): runTspCmdNoRead(1): set_grip_data,1,45,7,24,720(0)
05-10 03:08:28.569  5345  5345 D SurfaceFlinger: Display 0 HWC layers:
05-10 03:08:28.569  5345  5345 D SurfaceFlinger:      CLIENT | 0x744b0a62c0 | 0102 | RGBA_8888    |    0.0    0.0 1080.0    1.0 |    0 2332 1080 2400 | bbq-wrapper#18031
05-10 03:08:28.569  5345  5345 D SurfaceFlinger:      CLIENT | 0x74497ef540 | 0102 | RGBA_8888    |    0.0   68.0 1080.0 2400.0 |    0    0 1080 2332 | com.duolingo/com.duolingo.app.StreakSocietyLauncher$_4936#18010
05-10 03:08:28.569  5345  5345 D SurfaceFlinger:      CLIENT |              | 0000 |  Unknown  |    0.0    0.0    0.0    0.0 |    0    0 1080 2400 | DimAnimationLayer for Task=6061#18025
05-10 03:08:28.569  5345  5345 D SurfaceFlinger:      CLIENT | 0x741e4b8d00 | 0100 | RGBA_8888    |    0.0    0.0 1080.0 2400.0 |    0    0 1080 2400 | Splash Screen org.jetbrains.android_benchmark.test$_6397#18023
05-10 03:08:28.569  5345  5345 D SurfaceFlinger:      CLIENT | 0x74201ea580 | 0100 | RGBA_8888    |    0.0    0.0 1080.0   88.0 |    0    0 1080   88 | StatusBar$_6397#96
05-10 03:08:28.569  5345  5345 D SurfaceFlinger:      DEVICE | 0x74497ef680 | 0100 | RGBA_8888    |    0.0    0.0 1080.0  126.0 |    0 2274 1080 2400 | NavigationBar0$_6397#92
05-10 03:08:28.569  5345  5345 D SurfaceFlinger:      DEVICE | 0x744b0a5dc0 | 0140 | RGBA_8888    |    0.0    0.0 1080.0  100.0 |    0    0 1080  100 | ScreenDecorOverlay$_6397#105
05-10 03:08:28.569  5345  5345 D SurfaceFlinger:      DEVICE | 0x744b0a9b00 |
05-10 03:08:28.569  5345  5345 D SurfaceFlinger:  0140 | RGBA_8888    |    0.0    0.0 1080.0  100.0 |    0 2300 1080 2400 | ScreenDecorOverlayBottom$_6397#106
05-10 03:08:28.569  5345  5345 D SurfaceFlinger:
05-10 03:08:28.607  5345  5345 I Layer   : id=18024 removeFromCurrentState Surface(name=Task=6029)/@0x7584540 - animation-leash of app_transition#18024 (148)
05-10 03:08:28.607  5345  5345 I Layer   : id=18030 removeFromCurrentState Bottom Edge Extension#18030 (148)
05-10 03:08:28.607  5345  5345 I Layer   : id=18031 removeFromCurrentState bbq-wrapper#18031 (148)
05-10 03:08:28.607  5345  5345 I Layer   : id=18033 removeFromCurrentState Top Edge Extension#18033 (148)
05-10 03:08:28.607  5345  5345 I Layer   : id=18034 removeFromCurrentState bbq-wrapper#18034 (148)
05-10 03:08:28.607  5345  5345 I Layer   : id=18030 removeFromCurrentState Bottom Edge Extension#18030 (148)
05-10 03:08:28.607  5345  5345 I Layer   : id=18031 removeFromCurrentState bbq-wrapper#18031 (148)
05-10 03:08:28.607  5345  5345 I Layer   : id=18026 removeFromCurrentState Surface(name=Task=6061)/@0x5c27800 - animation-leash of app_transition#18026 (148)
05-10 03:08:28.607  5345  5345 I Layer   : id=18025 removeFromCurrentState DimAnimationLayer for Task=6061#18025 (148)
05-10 03:08:28.607  5345  5345 I Layer   : Layer [com.duolingo/com.duolingo.app.StreakSocietyLauncher$_4936#18010] hidden!! flag(1)
05-10 03:08:28.608  5345  5345 I SurfaceFlinger: id=18034 Removed bbq-wrapper#18034 (148)
05-10 03:08:28.608  5345  5345 I SurfaceFlinger: id=18031 Removed bbq-wrapper#18031 (148)
05-10 03:08:28.608  5345  5345 I SurfaceFlinger: id=18024 Removed Surface(name=Task=6029)/@0x7584540 - animation-leash of app_transition#18024 (148)
05-10 03:08:28.608  5345  5345 I SurfaceFlinger: id=18033 Removed Top Edge Extension#18033 (148)
05-10 03:08:28.608  5345  5345 I SurfaceFlinger: id=18030 Removed Bottom Edge Extension#18030 (148)
05-10 03:08:28.608  5345  5345 I SurfaceFlinger: id=18026 Removed Surface(name=Task=6061)/@0x5c27800 - animation-leash of app_transition#18026 (148)
05-10 03:08:28.608  5345  5345 I SurfaceFlinger: id=18025 Removed DimAnimationLayer for Task=6061#18025 (148)
05-10 03:08:28.608  5345  5345 I Layer   : id=18024 Destroyed Surface(name=Task=6029)/@0x7584540 - animation-leash of app_transition#18024
05-10 03:08:28.608  5345  5345 I Layer   : id=18030 Destroyed Bottom Edge Extension#18030
05-10 03:08:28.608  5345  5345 I Layer   : id=18026 Destroyed Surface(name=Task=6061)/@0x5c27800 - animation-leash of app_transition#18026
05-10 03:08:28.608  5345  5345 I Layer   : id=18033 Destroyed Top Edge Extension#18033
05-10 03:08:28.609  5345  5345 I Layer   : id=18034 Destroyed bbq-wrapper#18034
05-10 03:08:28.610  5345  5345 I Layer   : id=18025 Destroyed DimAnimationLayer for Task=6061#18025
05-10 03:08:28.613  5345  5345 I Layer   : id=18031 Destroyed bbq-wrapper#18031
05-10 03:08:28.619  4936  4936 I ViewRootImpl@ec993a5[StreakSocietyLauncher]: handleAppVisibility mAppVisible = true visible = false
05-10 03:08:28.619  5345  5345 D SurfaceFlinger: Display 0 HWC layers:
05-10 03:08:28.619  5345  5345 D SurfaceFlinger:      DEVICE | 0x741e4b8d00 | 0100 | RGBA_8888    |    0.0    0.0 1080.0 2400.0 |    0    0 1080 2400 | Splash Screen org.jetbrains.android_benchmark.test$_6397#18023
05-10 03:08:28.619  5345  5345 D SurfaceFlinger:      DEVICE | 0x74201ea580 | 0100 | RGBA_8888    |    0.0    0.0 1080.0   88.0 |    0    0 1080   88 | StatusBar$_6397#96
05-10 03:08:28.619  5345  5345 D SurfaceFlinger:      DEVICE | 0x74497ef680 | 0100 | RGBA_8888    |    0.0    0.0 1080.0  126.0 |    0 2274 1080 2400 | NavigationBar0$_6397#92
05-10 03:08:28.619  5345  5345 D SurfaceFlinger:      DEVICE | 0x744b0a5dc0 | 0140 | RGBA_8888    |    0.0    0.0 1080.0  100.0 |    0    0 1080  100 | ScreenDecorOverlay$_6397#105
05-10 03:08:28.619  5345  5345 D SurfaceFlinger:      DEVICE | 0x744b0a9b00 | 0140 | RGBA_8888    |    0.0    0.0 1080.0  100.0 |    0 2300 1080 2400 | ScreenDecorOverlayBottom$_6397#106
05-10 03:08:28.619  5345  5345 D SurfaceFlinger:
05-10 03:08:28.628  4936  5585 D OpenGLRenderer: setSurface called with nullptr
05-10 03:08:28.628  4936  5585 D OpenGLRenderer: setSurface() destroyed EGLSurface
05-10 03:08:28.628  4936  5585 D OpenGLRenderer: destroyEglSurface
05-10 03:08:28.643  4936  4936 I ViewRootImpl@ec993a5[StreakSocietyLauncher]: performTraversals mFirst=false windowShouldResize=false viewVisibilityChanged=true mForceNextWindowRelayout=false params=null
05-10 03:08:28.644  5679  7028 V WindowManager: Relayout Window{2bdff41 u0 com.duolingo/com.duolingo.app.StreakSocietyLauncher}: viewVisibility=8 req=1080x2400 d0
05-10 03:08:28.648  5679  7028 V WindowManager: Relayout hash=2bdff41, pid=4936, syncId=-1: mAttrs={(0,0)(fillxfill) sim={state=hidden adjust=pan forwardNavigation} layoutInDisplayCutoutMode=shortEdges ty=BASE_APPLICATION wanim=0x1030309
05-10 03:08:28.648  5679  7028 V WindowManager:   fl=81810100
05-10 03:08:28.648  5679  7028 V WindowManager:   pfl=16020040
05-10 03:08:28.648  5679  7028 V WindowManager:   bhv=DEFAULT
05-10 03:08:28.648  5679  7028 V WindowManager:   fitSides= naviIconColor=0}
05-10 03:08:28.651  4936  4936 I ViewRootImpl@ec993a5[StreakSocietyLauncher]: Relayout returned: old=(0,0,1080,2400) new=(0,0,1080,2400) req=(1080,2400)8 dur=7 res=0x2 s={false 0x0} ch=true seqId=0
05-10 03:08:28.664 23197 23197 D Benchmark: Clocks not locked: online cores with min freq == min avail freq
05-10 03:08:28.664 23197 23197 D Benchmark: cpu0 CoreDir(path=/sys/devices/system/cpu/cpu7, online=true, availableFreqs=[936000, 1040000, 1144000, 1248000, 1352000, 1456000, 1508000, 1664000, 1768000, 1898000, 1976000, 2080000, 2184000, 2210000, 2314000], setSpeedKhz=936000, maxFreqKhz=2314000)
05-10 03:08:28.664 23197 23197 D Benchmark: cpu1 CoreDir(path=/sys/devices/system/cpu/cpu5, online=true, availableFreqs=[936000, 1040000, 1144000, 1248000, 1352000, 1456000, 1508000, 1664000, 1768000, 1898000, 1976000, 2080000, 2184000, 2210000, 2314000], setSpeedKhz=936000, maxFreqKhz=2314000)
05-10 03:08:28.664 23197 23197 D Benchmark: cpu2 CoreDir(path=/sys/devices/system/cpu/cpu3, online=true, availableFreqs=[403000, 598000, 702000, 806000, 910000, 1053000, 1118000, 1222000, 1326000, 1456000, 1534000, 1638000, 1742000], setSpeedKhz=403000, maxFreqKhz=1742000)
05-10 03:08:28.664 23197 23197 D Benchmark: cpu3 CoreDir(path=/sys/devices/system/cpu/cpu1, online=true, availableFreqs=[403000, 598000, 702000, 806000, 910000, 1053000, 1118000, 1222000, 1326000, 1456000, 1534000, 1638000, 1742000], setSpeedKhz=403000, maxFreqKhz=1742000)
05-10 03:08:28.664 23197 23197 D Benchmark: cpu4 CoreDir(path=/sys/devices/system/cpu/cpu6, online=true, availableFreqs=[936000, 1040000, 1144000, 1248000, 1352000, 1456000, 1508000, 1664000, 1768000, 1898000, 1976000, 2080000, 2184000, 2210000, 2314000], setSpeedKhz=936000, maxFreqKhz=2314000)
05-10 03:08:28.664 23197 23197 D Benchmark: cpu5 CoreDir(path=/sys/devices/system/cpu/cpu4, online=true, availableFreqs=[936000, 1040000, 1144000, 1248000, 1352000, 1456000, 1508000, 1664000, 1768000, 1898000, 1976000, 2080000, 2184000, 2210000, 2314000], setSpeedKhz=936000, maxFreqKhz=2314000)
05-10 03:08:28.664 23197 23197 D Benchmark: cpu6 CoreDir(path=/sys/devices/system/cpu/cpu2, online=true, availableFreqs=[403000, 598000, 702000, 806000, 910000, 1053000, 1118000, 1222000, 1326000, 1456000, 1534000, 1638000, 1742000], setSpeedKhz=403000, maxFreqKhz=1742000)
05-10 03:08:28.665 23197 23197 D Benchmark: cpu7 CoreDir(path=/sys/devices/system/cpu/cpu0, online=true, availableFreqs=[403000, 598000, 702000, 806000, 910000, 1053000, 1118000, 1222000, 1326000, 1456000, 1534000, 1638000, 1742000], setSpeedKhz=403000, maxFreqKhz=1742000)
05-10 03:08:28.671 23197 23197 D LifecycleMonitor: Lifecycle status change: androidx.benchmark.IsolationActivity@2611a25 in: CREATED
05-10 03:08:28.671  5679  7028 V KeyguardServiceDelegate: setOccluded(true) animate=false
05-10 03:08:28.671 23197 23197 D LifecycleMonitor: Lifecycle status change: androidx.benchmark.IsolationActivity@2611a25 in: STARTED
05-10 03:08:28.672  4936  4936 I ViewRootImpl@ec993a5[StreakSocietyLauncher]: stopped(true) old = false
05-10 03:08:28.672  4936  4936 I ViewRootImpl@ec993a5[StreakSocietyLauncher]: WindowStopped on com.duolingo/com.duolingo.app.StreakSocietyLauncher set to true
05-10 03:08:28.672  6397  6460 D KeyguardService: setOccluded(true)
05-10 03:08:28.678 23197 23197 D LifecycleMonitor: Lifecycle status change: androidx.benchmark.IsolationActivity@2611a25 in: RESUMED
05-10 03:08:28.681  6397  6460 D KeyguardViewMediator: setOccluded occluded=true animate=false
05-10 03:08:28.681  6397  6460 D KeyguardViewMediator:  com.android.systemui.keyguard.KeyguardService$5.setOccluded:436
05-10 03:08:28.684  6397  6397 D KeyguardViewMediator: handleMessage 9
05-10 03:08:28.684  6397  6397 D KeyguardViewMediator: handleSetOccluded(true)
05-10 03:08:28.684 23197 23197 I MSHandlerLifeCycle: check: return. pkg=org.jetbrains.android_benchmark.test parent=null callers=com.android.internal.policy.DecorView.setVisibility:4408 android.app.ActivityThread.handleResumeActivity:5476 android.app.servertransaction.ResumeActivityItem.execute:54 android.app.servertransaction.ActivityTransactionItem.execute:45 android.app.servertransaction.TransactionExecutor.executeLifecycleState:176
05-10 03:08:28.685 23197 23197 I MSHandlerLifeCycle: removeMultiSplitHandler: no exist. decor=DecorView@dae33a1[]
05-10 03:08:28.686  6397  6397 D KeyguardWallpaperEventHandler: onOccluded(), occluded: true
05-10 03:08:28.687  6397  6397 D KeyguardWallpaperEventHandler: sendMessage(), what = 725 , obj = true , arg1 = -1 , arg2 = -1
05-10 03:08:28.700  6397  6397 D KeyguardUpdateMonitor: onKeyguardOccludedChanged(true)
05-10 03:08:28.702  5679  6117 I SearchManagerService: _updateSearchables
05-10 03:08:28.703 23197 23239 D NativeCustomFrequencyManager: [NativeCFMS] BpCustomFrequencyManager::BpCustomFrequencyManager()
05-10 03:08:28.706  6397  6397 D BubblesManager: onKeyguardShowingChanged: isUnlockedShade=true
05-10 03:08:28.707  6397  6436 D Bubbles : onStatusBarStateChanged:mIsStatusBarShade=true
05-10 03:08:28.715 23197 23197 I DecorView: onImmersiveModeChanged: isStatusBarHidden=true
05-10 03:08:28.715  4936  5086 I DuoLog  : Track: <time_spent> {"memory_maximum":536870912,"acquisition_last_landing_page_date":1680558755704,"disable_clubs":false,"disable_social":false,"memory_system_threshold":147855360,"memory_system_available":852570112,"has_fullname":true,"took_placementtest_any_course":false,"webview_chrome_version_code":567207633,"has_item_weekend_amulet":false,"num_observees":0,"num_skills_unlocked":36,"creation_age":64849831714,"memory_class":256,"email_opt_out":false,"took_placementtest":false,"learning_language":"de","premium_product_id":"super.12m.nyp2023.5999","memory_total":98934624,"has_facebook":false,"disable_discussions":false,"is_low_end_device":false,"geoip_country":"RS","num_sessions_completed":1244,"goal":50,"path_migration_progress_loss_bounded":false,"has_observer":false,"engagement_type_social":0,"disable_friends_quests":false,"creation_date":"2021-04-19T11:17:57","acquisition_survey_reason":"friendsOrFamily","engagement_type_tree":107,"premium_is_winback":false,"notification_whatsapp_enabled":false,"disable_third_party_tracking":true,"gems":6018,"user_id":761690850,"num_sections_unlocked":3,"distinct_id":761690850,"premium_is_family_plan":false,"has_item_streak_repair":true,"max_hearts_segments":5,"has_location":false,"data_saver":"disabled","notifications_enabled":true,"memory_system_unavailable":2891161600,"acquisition_last_landing_url":"https:\/\/www.duolingo.com\/","is_age_restricted":false,"trial_account":false,"num_followers":0,"disable_stream":false,"power_save_mode":false,"disable_kudos":false,"memory_class_large":512,"disable_profile_country":false,"memory_free":17995040,"has_item_rupee_wager":false,"num_item_streak_freeze":5,"is_streak_widget_installed":false,"acquisition_last_landing_page":"splash","has_item_streak_freeze":true,"audio_output_volume":0.3333333333333333,"learning_reason":"TRAVEL","streak_extended":"false","disable_events":false,"engagement_type_game":0,"billing_country_code":"RS","max_cefr_level":"A1","has_google_play_services":true,"leade
05-10 03:08:28.715  4936  5086 I DuoLog  : rboard_league":7,"disable_immersion":false,"network_type":"WIFI","premium_intro_offer_period":false,"network_quality":"UNKNOWN","max_section_index":2,"ui_language":"en","lesson_coach_enabled":true,"skill_tree_id":"9b1a8ee94c28a357cff73b459f8c8aa0","is_dark_mode":true,"notification_sms_enabled":true,"device_year":2015,"available_processors":8,"is_pearson_user":false,"premium_receipt_source":"google_play","creation_date_new":"2021-04-19T11:17:57","has_item_gold_subscription":false,"build_flavor":"play","has_phone_number":true,"is_self_observer":false,"Client":"Duodroid","has_item_streak_wager":true,"beta_enrollment_status":"INELIGIBLE","oldest_offlined_content_timestamp":1683578243,"app_standby_bucket":"active","placement_depth":0,"engagement_type_promos":0,"skill_tree_level":0,"premium_had_previous_item":false,"engagement_type_learning":0,"level":24,"engagement_type_loading":0,"disable_leaderboards":false,"memory_used":80939584,"streak":719,"sim_provider_country":"RS","app_referrer":"android-app:\/\/com.sec.android.app.launcher","notification_wechat_enabled":false,"webview_chrome_version_name":"113.0.5672.76","performance_mode":"NORMAL","volume":0.3333333333333333,"total_time_spent":108,"sim_network_country":"RS","acquisition_last_referrer":"https:\/\/www.google.ru\/","has_item_immersive_subscription":false,"is_poor_frame_performance":false,"num_classrooms":0,"memory_system_low":false,"premium_is_renewing":true,"disable_personalized_ads":true,"max_tree_level":18,"utc_offset":2,"device_default_locale":"en_GB","adjust_network":"Organic","has_picture":true,"timezone":"Europe\/Belgrade","engagement_type_admin":0,"dark_mode_setting":"default","has_item_live_subscription":false,"engagement_type_unknown":0,"premium_free_trial_period":false,"engagement_type_deepest_node_learning":0,"premium_expected_expiration":1704051673685,"adjust_tracker_token":"tvxh4u","premium_billing_retry_period":false,"entry_point":"launcher","num_following":0,"has_item_premium_subscription":true,"di
05-10 03:08:28.716  4936  5086 I DuoLog  : rection":"de<-en","premium_period_length":12,"creation_date_millis":1618831077000,"keyboard":"nokeys","notifications_enabled_compat":true,"orientation":"portrait","app_pre_release":false,"disable_mature_words":false,"path_position_active_node_index":236,"lingots":194,"android_sdk_int":33,"has_google_recognizer":false,"engagement_type_ads":0,"font_scale":1.1,"is_low_performance_mode":false,"memory_system_total":3743731712,"username":"wf7K10"}
05-10 03:08:28.716 23197 23197 D InsetsSourceConsumer: setRequestedVisible: visible=false, type=20, host=org.jetbrains.android_benchmark.test/androidx.benchmark.IsolationActivity, from=android.view.InsetsSourceConsumer.hide:257 android.view.InsetsController.collectSourceControls:1310 android.view.InsetsController.controlAnimationUnchecked:1164 android.view.InsetsController.applyAnimation:1576 android.view.InsetsController.applyAnimation:1557 android.view.InsetsController.hide:1093 android.view.InsetsController.hide:1068 android.view.ViewRootImpl.controlInsetsForCompatibility:3339 android.view.ViewRootImpl.setView:1698 android.view.WindowManagerGlobal.addView:567
05-10 03:08:28.717 23197 23197 D InsetsSourceConsumer: setRequestedVisible: visible=false, type=0, host=org.jetbrains.android_benchmark.test/androidx.benchmark.IsolationActivity, from=android.view.InsetsSourceConsumer.hide:257 android.view.InsetsController.collectSourceControls:1310 android.view.InsetsController.controlAnimationUnchecked:1164 android.view.InsetsController.applyAnimation:1576 android.view.InsetsController.applyAnimation:1557 android.view.InsetsController.hide:1093 android.view.InsetsController.hide:1068 android.view.ViewRootImpl.controlInsetsForCompatibility:3339 android.view.ViewRootImpl.setView:1698 android.view.WindowManagerGlobal.addView:567
05-10 03:08:28.720  5679  7028 D InputTransport: Input channel constructed: 'f0090f1', fd=1204
05-10 03:08:28.720  5679  7028 D InputTransport: Input channel constructed: 'f0090f1', fd=1205
05-10 03:08:28.721  5679  7028 D InputTransport: Input channel constructed: 'f0090f1', fd=1206
05-10 03:08:28.722  5345  5875 I SurfaceFlinger: id=18035 createSurf flag=80004, f0090f1 org.jetbrains.android_benchmark.test/androidx.benchmark.IsolationActivity#18035
05-10 03:08:28.724  5679  7028 D InputTransport: Input channel destroyed: 'f0090f1', fd=1206
