04-16 04:32:55.097 20153 20177 I TestRunner: started: valueInt(org.jetbrains.android_benchmark.FibonacciBenchmark)
04-16 04:32:55.100 20153 20153 I MonitoringInstr: Activities that are still in CREATED to STOPPED: 1
04-16 04:32:55.100 20153 20153 I MonitoringInstr: Finishing activity: androidx.benchmark.IsolationActivity@f5684be
04-16 04:32:55.106 20153 20177 I GrantPermissionCallable: Permission: android.permission.WRITE_EXTERNAL_STORAGE is already granted!
04-16 04:32:55.106 20153 20177 I GrantPermissionCallable: Permission: android.permission.READ_EXTERNAL_STORAGE is already granted!
04-16 04:32:55.106 20153 20177 D Benchmark: -- Running org.jetbrains.android_benchmark.FibonacciBenchmark#valueInt --
04-16 04:32:55.106 20153 20177 D PerfettoCapture: Supported ABIs: arm64-v8a, armeabi-v7a, armeabi
04-16 04:32:55.108 20153 20177 D PerfettoCapture: Recording perfetto trace
04-16 04:32:55.149 20153 20177 I PerfettoCapture: Cleanup perfetto before starting.
04-16 04:32:55.289  5628 16160 D MotionRecognitionService: values = 100.0
04-16 04:32:55.289  5628 16160 D MotionRecognitionService: onReceive lux: 100.0  action:
04-16 04:32:55.289  5628 16160 D MotionRecognitionService: Inject brightness form Cam 100.0
04-16 04:32:55.289  5628 16160 D MotionRecognitionService: Inject calibrated lux
04-16 04:32:55.292  5271  5271 I SensorsHub: AutoBrightnessSensor::injectSensorData: camLux 100
04-16 04:32:55.343 20153 20177 I PerfettoCapture: Perfetto output file cleanup -
04-16 04:32:55.343 20153 20177 I PerfettoCapture: Starting perfetto tracing with cmd: cat /storage/emulated/0/Android/data/org.jetbrains.android_benchmark.test/cache/trace_config.pb | perfetto --background -c - -o /data/misc/perfetto-traces/trace_output.pb
04-16 04:32:55.391  5628  9811 D SemWifiUsabilityStatsMonitor: onWifiUsabilityStats - seqNum 4829, isSameBssidAndFreq true
04-16 04:32:55.395  5628  8422 I SemWifiLinkQualityMonitor: Link Qos Query: 0.055 ms / 146.000 Mbps (292 / 0.000 / 2.000)
04-16 04:32:55.397  8513  8513 D NetworkController.WifiSignalController: notifyListener: visible=true, connected=true, inetCondition=1, isDefault=true, wifiTestReported=true, receivedInetCondition=-1, hideDuringMobileSwitching=false
04-16 04:32:55.400  8513  8599 D Tile.WifiTile: handleUpdateState isTransient=false transientEnabling =false cb.isTransient=false state.state = 2 mStateBeforeClick.value =false enabled =true
04-16 04:32:55.454 20412 20412 I ShareLive: [SLog][main][GlobalSettingsSearchProvider] secQueryGetFingerprint
04-16 04:32:55.489  5628 16160 D MotionRecognitionService: values = 100.0
04-16 04:32:55.490  5628 16160 D MotionRecognitionService: onReceive lux: 100.0  action:
04-16 04:32:55.490  5628 16160 D MotionRecognitionService: Inject brightness form Cam 100.0
04-16 04:32:55.490  5628 16160 D MotionRecognitionService: Inject calibrated lux
04-16 04:32:55.493  5271  5271 I SensorsHub: AutoBrightnessSensor::injectSensorData: camLux 100
04-16 04:32:55.522 20456 20456 I perfetto:    perfetto_cmd.cc:1001 Connected to the Perfetto traced service, starting tracing
04-16 04:32:55.524  5406  5406 I perfetto: ing_service_impl.cc:953 Configured tracing session 50, #sources:4, duration:0 ms, #buffers:2, total buffer size:36864 KB, total sessions:1, uid:2000 session name: ""
04-16 04:32:55.525  5403  5403 I perfetto:  probes_producer.cc:139 Ftrace setup (target_buf=99)
04-16 04:32:55.540 20412 20412 I LinkSharing: [ShareLive:ServiceLog][main] [LinkSharingFeatureProvider] onCreate()
04-16 04:32:55.578 20153 20177 I PerfettoCapture: Perfetto output - 20456
04-16 04:32:55.578 20153 20177 I PerfettoCapture: EXITCODE=0
04-16 04:32:55.598  5628  5714 W libprocessgroup: Failed to open /dev/blkio//cgroup.procs: No such file or directory
04-16 04:32:55.613  4378  4378 I hwservicemanager: getTransport: Cannot find entry android.hardware.atrace@1.0::IAtraceDevice/default in either framework or device VINTF manifest.
04-16 04:32:55.635  5403  5403 I perfetto:    ftrace_procfs.cc:335 enabled ftrace in /sys/kernel/tracing/
04-16 04:32:55.679 20412 20412 I ShareLive: [SLog][main][ShareSliceProvider] onCreate
04-16 04:32:55.687 20153 20177 I PerfettoCapture: Perfetto tracing started successfully with pid 20456.
04-16 04:32:55.690  5628 16160 D MotionRecognitionService: values = 100.0
04-16 04:32:55.690  5628 16160 D MotionRecognitionService: onReceive lux: 100.0  action:
04-16 04:32:55.691  5628 16160 D MotionRecognitionService: Inject brightness form Cam 100.0
04-16 04:32:55.691  5628 16160 D MotionRecognitionService: Inject calibrated lux
04-16 04:32:55.694  5271  5271 I SensorsHub: AutoBrightnessSensor::injectSensorData: camLux 100
04-16 04:32:55.736 20412 20412 I CapsuleProvider_1.0.16: onCreate
04-16 04:32:55.741  9223  9223 I SCS@AiSearch user 0: (ObserverWorker::AOSP_MP) [main] entering in startWork():
04-16 04:32:55.747  9223  9223 I SCS@AiSearch user 0: (BaseCollector::AOSP_MP) [main] entering in onChange():
04-16 04:32:55.765  9223  9351 I SCS@AiSearch user 0: (BaseCollector::AOSP_MP) [AOSP_MP-0] entering in collectChanges():
04-16 04:32:55.779 20412 20425 I ShareLive: [SLog][binder:20412_1][ExternalProvider] query: content://com.samsung.android.sharelive.external/exsettings/1
04-16 04:32:55.789  5276 20190 I HYPER-HAL: [RequestManager.cpp]releaseLocked(): Released ID : 60791865
04-16 04:32:55.791 20412 20412 I ShareLive: [SLog][main][ShareLiveApplication] init 1681612375791
04-16 04:32:55.791 20412 20425 I ShareLive: [SLog][binder:20412_1][SettingsDao] Update airplane mode : false
04-16 04:32:55.791 20412 20412 I LinkSharing: [RLog][main] [SamsungAnalyticsUtil] SA init SEP version: 140100
04-16 04:32:55.795 20153 20177 I PerfettoCapture: /sys/kernel/tracing/tracing_on = 1, polled 0 times, capture fully started
04-16 04:32:55.797 20153 20177 D Benchmark: Set 20177 (Bench thread) to priority -20. Was -8, now -20
04-16 04:32:55.797 20153 20177 D Benchmark: Set 20162 (Jit) to priority -15. Was 9, now -15
04-16 04:32:55.809 20412 20412 I DIAGMON_SDK[605052]: DiagMonAgent type: 2
04-16 04:32:55.810 20412 20412 I DIAGMON_SDK[605052][4L0-399-515497] : generated SR object
04-16 04:32:55.836 20153 20177 I _benchmark.test: Explicit concurrent copying GC freed 75150(3358KB) AllocSpace objects, 2(40KB) LOS objects, 68% free, 2861KB/9005KB, paused 334us,102us total 38.614ms
04-16 04:32:55.857  5628 11466 D PackageManager: setEnabledSetting : userId = 0 packageName = com.samsung.android.scs cmp = androidx.work.impl.background.systemalarm.RescheduleReceiver newState = 1 callingPackage = 10380/com.samsung.android.scs
04-16 04:32:55.860  5628 11466 D ApplicationPolicy: getApplicationStateEnabled : pkg = com.samsung.android.scs userId : 0
04-16 04:32:55.864  5628 11466 D ApplicationPolicy: getApplicationComponentState : pkg = com.samsung.android.scs userId : 0
04-16 04:32:55.892  5628 16160 D MotionRecognitionService: values = 100.0
04-16 04:32:55.892  5628 16160 D MotionRecognitionService: onReceive lux: 100.0  action:
04-16 04:32:55.894  5628 16160 D MotionRecognitionService: Inject brightness form Cam 100.0
04-16 04:32:55.894  5628 16160 D MotionRecognitionService: Inject calibrated lux
04-16 04:32:55.899  5271  5271 I SensorsHub: AutoBrightnessSensor::injectSensorData: camLux 100
04-16 04:32:55.909 20412 20412 I ShareLive: [SLog][main][BroadcastUtil] [Scheduling]----registerSchedulerReceiver
04-16 04:32:55.911 20412 20412 I ShareLive: [SLog][main][NotificationUtil] initNotificationChannel
04-16 04:32:55.925 20412 20412 I CapsuleProvider_1.0.16: releasing initialize wait lock.
04-16 04:32:55.963 20412 20425 I ShareLive: [SLog][binder:20412_1][ExternalProvider] query: content://com.samsung.android.sharelive.external/policy/visibilityOffAllowed
04-16 04:32:55.967 20412 20425 I ShareLive: [SLog][binder:20412_1][SystemSettingUtil] isActivated: true
04-16 04:32:55.973  9223  9351 I SCS@AiSearch user 0: (BaseCollector::AOSP_MP) fetchInternal values : maxSyncId: 1000007641 indexCount: 1745 sourceCount: 1745
04-16 04:32:55.988 20412 20479 I ShareLive: [SLog][RxCachedThreadScheduler-1][ShareLiveApplication] initPolicy onboardPermission isNeeded=false
04-16 04:32:55.990 20412 20481 I ShareLive: [SLog][RxCachedThreadScheduler-3][ShareLiveApplication] checkOnboardPermission
04-16 04:32:56.008 20412 20480 I ShareLive: [SLog][RxCachedThreadScheduler-2][PolicyDataSourceImpl] initPolicy
04-16 04:32:56.025 20412 20412 I LinkSharing: [RLog][main] [DeviceUtil] setComponentSetting: true / true
04-16 04:32:56.034 20412 20412 I [RoutineSdk3.0-3.1.3]: RoutineSdkImpl: setHandler - actionHandler initialized
04-16 04:32:56.040 20357 20357 I MCFQS   : (PhoneVisibilityRepository) updateVisibilityData()-[td:main] visible=true, type=MY_DEVICE, updated:true
04-16 04:32:56.040 20412 20481 I ShareLive: [SLIVE][RxCachedThreadScheduler-3][PkiSourceImpl] scpm tokenExist=true
04-16 04:32:56.040 20412 20481 I ShareLive: [SLog][RxCachedThreadScheduler-3][ShareLiveApplication] PKI register complete
04-16 04:32:56.048 11006 27382 I DMASA[D][4L0-399-515497]: [DiagmonProvider]Received msg based on provider : true / anr_logging
04-16 04:32:56.050 11006 27382 I DMASA[D][4L0-399-515497]: [DiagmonProvider]Signature Check Success
04-16 04:32:56.056 20412 20412 I ShareLive: [SLog][main][ShareLiveApplication] onCreate versionName = [ 13.3.13.5 ], versionCode = [ 1331305000 ]
04-16 04:32:56.065 20412 20474 I DIAGMON_SDK[605052][4L0-399-515497] : Results : Success
04-16 04:32:56.072 20412 20489 I ShareLive: [SLog][RxCachedThreadScheduler-4][SettingsRepositoryImpl] forceUpdateUwbVisibilityOff: visibility=0
04-16 04:32:56.072 20412 20489 I ShareLive: [SLog][RxCachedThreadScheduler-4][BroadcastUtil] sendBroadcastUpdateVisibilityExternalOnly
04-16 04:32:56.076 20412 20489 I ShareLive: [SLog][RxCachedThreadScheduler-4][PrefUtil] isEnabledChinaP2pComponent value=true
04-16 04:32:56.085  5628 11466 D PackageManager: setEnabledSetting : userId = 0 packageName = com.samsung.android.app.sharelive cmp = androidx.work.impl.background.systemjob.SystemJobService newState = 1 callingPackage = 5026/com.samsung.android.app.sharelive
04-16 04:32:56.086 20357 20357 I MCFQS   : (BleScanRepository) initialize()-[td:main] RefCount:2
04-16 04:32:56.086  5628 11466 D ApplicationPolicy: getApplicationStateEnabled : pkg = com.samsung.android.app.sharelive userId : 0
04-16 04:32:56.087  5628 11466 D ApplicationPolicy: getApplicationComponentState : pkg = com.samsung.android.app.sharelive userId : 0
04-16 04:32:56.088 20412 20489 I ShareLive: [SLog][RxCachedThreadScheduler-4][BroadcastUtil] sendBroadcastMdeSuggestion
04-16 04:32:56.094  5628 16160 D MotionRecognitionService: values = 100.0
04-16 04:32:56.094  5628 16160 D MotionRecognitionService: onReceive lux: 100.0  action:
04-16 04:32:56.094  5628 16160 D MotionRecognitionService: Inject brightness form Cam 100.0
04-16 04:32:56.094  5628 16160 D MotionRecognitionService: Inject calibrated lux
04-16 04:32:56.095  9223  9351 I SCS@AiSearch user 0: (IndexManager) [AOSP_MP-0] entering in addIndex():
04-16 04:32:56.096  5271  5271 I SensorsHub: AutoBrightnessSensor::injectSensorData: camLux 100
04-16 04:32:56.104  9223  9351 I SCS@AiSearch user 0: (BaseCollector::AOSP_MP) fetch: fetching took  258 ms
04-16 04:32:56.104  9223  9351 I SCS@AiSearch user 0: (BaseCollector::AOSP_MP) fetchChanges: applied 0 items
04-16 04:32:56.104  9223  9351 I SCS@AiSearch user 0: (BaseCollector::AOSP_MP) Collect finished. Result: true
04-16 04:32:56.110  9223  9266 I WM-WorkerWrapper: Worker result SUCCESS for Work [ id=01f71211-7735-4275-91ed-45337d4208d9, tags={ com.sec.android.app.myfiles, com.samsung.android.scs.ai.search.data.collector.ObserverWorker } ]
04-16 04:32:56.117  9223  9351 I SCS@AiSearch user 0: (BaseCollector::AOSP_MP) enqueue ObserverWorker name: com.sec.android.app.myfiles, policy: APPEND_OR_REPLACE
04-16 04:32:56.129 20357 20357 I MCFQS   : (DiscoveryResponseUseCaseImpl) requestStart()-[td:main] in
04-16 04:32:56.142 20357 20357 I MCFQS   : (P2pSharedRepository) requestP2pAddress()-[td:main] calling
04-16 04:32:56.151 20357 20357 I MCFQS   : (P2pSharedRepository) updateAddress()-[td:main] updated : @id[06*1:*33]
04-16 04:32:56.152 20357 20487 I MCFQS   : (LocalDeviceHelper) updateDeviceId()-[td:Disco] Local{@id[06*a1*33], account=, contact=}
04-16 04:32:56.158 20357 20501 I MCFQS   : (CloudKeyStoreImpl) getAccountInfo()-[td:RxNewThreadScheduler-2] calling
04-16 04:32:56.158 20357 20501 I MCFQS   : (CloudKeyStoreImpl) getInterface()-[td:RxNewThreadScheduler-2] set interface
04-16 04:32:56.161 20412 20492 I Policy_13.0.06: [RxCachedThreadScheduler-1][MobileServicePolicy] scheduleJob success : 86400000
04-16 04:32:56.167 16167 16213 I CameraLightSensor_Service: MSG_SERVICE_CAMERA_LOOP
04-16 04:32:56.167 20412 20492 I Policy_13.0.06: [RxCachedThreadScheduler-1][GetPolicyJobService] polling job service was already scheduled (from:86400000 to:86400000)
04-16 04:32:56.168 20357 20357 I MCFQS   : (DeviceConnectionService) onStartCommand()-[td:main] in(0) id: 41
04-16 04:32:56.169 16167 16213 I CameraLightSensor_Service: startBackgroundThread : mBackgroundHandler is set
04-16 04:32:56.169 20412 20492 I ShareLive: [SLog][RxCachedThreadScheduler-1][PolicyDataSourceImpl] requestSyncPolicy
04-16 04:32:56.169 16167 16213 I CameraLightSensor_Service: Camera ID 3 is available
04-16 04:32:56.169 20412 20492 I Policy_13.0.06: [RxCachedThreadScheduler-1][SyncPolicyUseCase] syncPolicy
04-16 04:32:56.171  5445 10101 I CameraService: this package can access to hidden camera ids.
04-16 04:32:56.172 16167 16213 I CameraManager: registerAvailabilityCallback: Is device callback = false
04-16 04:32:56.172 16167 16213 I CameraManagerGlobal: postSingleUpdate device: camera id 0 status STATUS_PRESENT
04-16 04:32:56.173 16167 16213 I CameraManagerGlobal: postSingleUpdate device: camera id 1 status STATUS_PRESENT
04-16 04:32:56.173 16167 16213 I CameraManagerGlobal: postSingleUpdate device: camera id 2 status STATUS_PRESENT
04-16 04:32:56.174 16167 16213 I CameraManagerGlobal: postSingleUpdate device: camera id 3 status STATUS_PRESENT
04-16 04:32:56.174 16167 20503 I CameraLightSensor_Service: Camera 3 is available
04-16 04:32:56.174 16167 20503 I CameraLightSensor_Service: Camera open callback start
04-16 04:32:56.174 16167 16213 I CameraManagerGlobal: postSingleUpdate device: camera id 20 status STATUS_PRESENT
04-16 04:32:56.175 16167 16213 I CameraManagerGlobal: postSingleUpdate device: camera id 23 status STATUS_PRESENT
04-16 04:32:56.175 16167 16213 I CameraManagerGlobal: postSingleUpdate device: camera id 50 status STATUS_PRESENT
04-16 04:32:56.175 16167 16213 I CameraManagerGlobal: postSingleUpdate device: camera id 52 status STATUS_PRESENT
04-16 04:32:56.175 16167 16213 I CameraManagerGlobal: postSingleUpdate device: camera id 54 status STATUS_PRESENT
04-16 04:32:56.181  5445 13760 I CameraService: CameraService::connect call (PID -1 "com.samsung.adaptivebrightnessgo", camera ID 3) and Camera API version 2
04-16 04:32:56.182  5445 13760 I CameraService: isUidActiveLocked E: uid 5021, callingPackage com.samsung.adaptivebrightnessgo, isRegistered true
04-16 04:32:56.182  5445 13760 I CameraService: isUidActiveLocked X: return true.
04-16 04:32:56.182  5445 13760 I CameraService: this package is a adaptive brightness app.
04-16 04:32:56.182  5445 13760 I CameraService: CameraService::validateClientPermissionsLocked is ok : calling pid 16167, calling uid 5021, client com.samsung.adaptivebrightnessgo , cameraservice pid=5445, device user 0, currently allowed device users: 0
04-16 04:32:56.182  5445 13760 I CameraService: CameraService::handleEvictionsLocked
04-16 04:32:56.183  5445 13760 I CameraService: this package is a adaptive brightness app.
04-16 04:32:56.183  5445 13760 I CameraService: wouldEvictLocked: [incoming client] owner = 16167, priority-score=999, cost=51, returnIncompatibleClients=false
04-16 04:32:56.183 20357 20357 I MCFQS   : (P2pInterfaceWrapper) setP2pInfo()-[td:main] P2pInfo{}, sessionCount=0
04-16 04:32:56.184  5445 13760 I CameraService: wouldEvictLocked: [cost info] current cost=0, adding cost=51, total cost=51, max cost=100
04-16 04:32:56.184  5445 13760 I CameraService: wouldEvictLocked: [highestPriority] owner=16167, score=999
04-16 04:32:56.184  5445 13760 I CameraFlashlight: prepareDeviceOpen: prepare for device open(cameraId=3)
04-16 04:32:56.184  5445 13760 I Camera2ClientBase: Camera 3: Opened. Client: com.samsung.adaptivebrightnessgo (PID 16167, UID 5021)
04-16 04:32:56.184  5445 13760 I CameraDeviceClient: CameraDeviceClient 3: Opened
04-16 04:32:56.188  5445 13760 I CameraService: service.camera.client set to com.samsung.adaptivebrightnessgo
04-16 04:32:56.188  5445 13760 I CameraService: startCameraOps: Start camera ops, package name = com.samsung.adaptivebrightnessgo, client UID = 5021
04-16 04:32:56.188  5445 13760 I CameraService: this package is a adaptive brightness app.
04-16 04:32:56.191 20357 20501 I BluetoothAdapter: STATE_ON
04-16 04:32:56.195  5445 13760 I CameraService: Drop checking dpm for package com.samsung.adaptivebrightnessgo(pid 16167) from startCameraOps()
04-16 04:32:56.187 20412 20504 I Policy_13.0.06: [RxCachedThreadScheduler-2][PolicyRepositoryImpl] last_synced_time: 1681574985662, revision : 1681574985662
04-16 04:32:56.195  5445 13760 I CameraService: Drop updateStatus callbak for package com.samsung.adaptivebrightnessgo(pid 16167)
04-16 04:32:56.196  5445 13760 D Camera3-RequestInjector: RequestInjector[3] Mapper created
04-16 04:32:56.196  5445 13760 D HidlCamera3-Device: CameraPerf: initialize E
04-16 04:32:56.196  5445 13760 D HidlCamera3-Device: initialize: mInterfaceLock.lock()
04-16 04:32:56.200 20357 20501 I MCFQS   : (ScpmKeyStoreInterface) getKeyStore()-[td:RxNewThreadScheduler-2] try to get ScpmCertificate. address len:17, irk len:16
04-16 04:32:56.200  5445 13760 I CameraProviderManager: openHidlSession, using trampoline for v5.0
04-16 04:32:56.200  5445 13760 D CameraProviderManager: CameraPerf: openHidlSession E
04-16 04:32:56.201  5287  5524 I SehCamDev@5.0-impl: [CAMKPI] camera3->open : E
04-16 04:32:56.202 20357 20357 I MCFQS   : (DeviceDiscoverySystemReceiverViewModelImpl) constructor()-[td:main] hashCode: 82258c8
04-16 04:32:56.204  5287  5524 I ExynosCameraInterface: INFO(HAL3_camera_device_open[67]):camera(3) master(1), slave(-1) camInfoIndex(3) in ======
04-16 04:32:56.204  5287  5524 I ExynosCameraInterface: [m_checkAndSetMultiDeviceCamId : 772] camera (1) is opened at idx (0, 0)
04-16 04:32:56.204  5287  5524 E ExynosCamera: Build Date is (Jan 16 2023) (13:38:55)
04-16 04:32:56.204 20412 20425 I ShareLive: [SLog][binder:20412_1][ExternalProvider] query: content://com.samsung.android.sharelive.external/exsettings/1
04-16 04:32:56.204  5287  5524 I ExynosCamera: [CAM(1)][Front_0]-(m_init[97]):CameraId_0 (1)
04-16 04:32:56.204  5287  5524 I ExynosCamera: [CAM(1)][Front_0]-(m_init[110]):Single cameara enabled! CameraId (1) m_scenario(0) sensorType(1)
04-16 04:32:56.204 20357 20501 I [SCPM][K][0.9.1002]: [x]getFingerPrint
04-16 04:32:56.204  5287  5524 I ExynosCameraSec: [CAM(1)][Front_0]-(m_vendorSpecificPreConstructor[56]):-IN-
04-16 04:32:56.204 20412 20425 I ShareLive: [SLog][binder:20412_1][SettingsDao] Update airplane mode : false
04-16 04:32:56.204  5287  5524 I SecCameraUtil: INFO(isEEprom[225]): SAMSUNG_EEPROM_FRONT is not defined
04-16 04:32:56.204  5287  5524 I ExynosCameraSec: [CAM(1)][Front_0]-(m_vendorSpecificPreConstructor[60]):-OUT-
04-16 04:32:56.205  5287  5524 I ExynosCameraSensorInfo: [CAM_ID(1)]-INFO(createExynosCameraSensorInfo[601]):sensorId 121 name IMX616
04-16 04:32:56.205  5287  5524 I SecCameraUtil: INFO(checkFpsProperty[72]): set cam_fps property (0).
04-16 04:32:56.205  5287  5524 I ExynosCameraConfigurationsSec: [CAM(1)][Front_0]-(checkCountryCodeProperty[1347]):countryCode Property - (RU)
04-16 04:32:56.205  5287  5524 I ExynosCameraConfigurations: [CAM(1)][Front_0]-(setDefaultCameraInfo[148]):
04-16 04:32:56.205  5287  5524 I ExynosCameraSensorInfo: [CAM_ID(1)]-INFO(createExynosCameraSensorInfo[601]):sensorId 121 name IMX616
04-16 04:32:56.205  5287  5524 I SecCameraUtil: INFO(checkBinningProperty[89]): set cam_binning property 0
04-16 04:32:56.205  5287  5524 I ExynosCameraParameters: [CAM(1)][Front_0]-(setDefaultCameraInfo[139]):
04-16 04:32:56.206  5287  5524 I ExynosCamera: [CAM(1)][Front_0]-(m_createIonAllocator[4769]):try(1) to create IonAllocator
04-16 04:32:56.206  5287  5524 I ExynosCamera: [CAM(1)][Front_0]-(m_initMultiCam[366]):-IN-
04-16 04:32:56.206  5287  5524 I ExynosCamera: [CAM(1)][Front_0]-(m_initMultiCam[442]):-OUT-
04-16 04:32:56.207  5287  5524 I ExynosCameraSec: [CAM(1)][Front_0]-(m_vendorSpecificConstructor[67]):-IN-
04-16 04:32:56.207  5287  5524 I ExynosCameraSec: [CAM(1)][Front_0]-(m_vendorSpecificConstructor[127]):-OUT-
04-16 04:32:56.207  5287  5524 I ExynosCameraInterface: INFO(HAL3_camera_device_open[134]):camera(1) out from new g_cam_device3[1]->priv()
04-16 04:32:56.208  5445 13760 I CameraProviderManager: Camera device device@3.5/legacy/3 torch status is now NOT_AVAILABLE
04-16 04:32:56.208  5445 13760 I CameraService: onTorchStatusChangedLocked: Torch status changed for cameraId=3, newStatus=0
04-16 04:32:56.208  5445 13760 E CameraService: onTorchStatusChangedLocked: cannot get torch status of camera 3: No such file or directory (-2)
04-16 04:32:56.208  5287  5524 I ExynosCameraInterface: INFO(HAL3_camera_device_open[246]):camera(1) out =====
04-16 04:32:56.208  5287  5524 I ExynosCameraInterface: DEBUG:duration time(    5 msec):(HAL3_camera_device_open)
04-16 04:32:56.208  5287  5524 I SehCamDev@5.0-impl: [CAMKPI] camera3->open : X
04-16 04:32:56.210  5287  5524 I ExynosCameraInterface: INFO(HAL3_camera_device_initialize[393]):in =====
04-16 04:32:56.210  5287  5524 E ExynosCameraInterface: INFO(HAL3_camera_device_initialize[399]): dual cam_state[0](3)
04-16 04:32:56.210  5287  5524 I ExynosCameraInterface: INFO(HAL3_camera_device_initialize[409]):out =====
04-16 04:32:56.210  5287  5524 I ExynosCameraInterface: DEBUG:duration time(    0 msec):(HAL3_camera_device_initialize)
04-16 04:32:56.216 20412 20504 I Policy_13.0.06: [RxCachedThreadScheduler-2][AppPolicy] syncedTime: 1681574985662 , needSync : false
04-16 04:32:56.216 20412 20504 I Policy_13.0.06: [RxCachedThreadScheduler-2][SyncPolicyUseCase] requestSync : no need sync
04-16 04:32:56.216 20412 20504 I Policy_13.0.06: [RxCachedThreadScheduler-2][SyncPolicyUseCase] requestSync : failed
04-16 04:32:56.217 20412 20504 W ShareLive: [SLog][RxCachedThreadScheduler-2][PolicyRepositoryImpl] requestSync : no need sync
04-16 04:32:56.217 20412 20504 I ShareLive: [SLog][RxCachedThreadScheduler-2][ShareLiveApplication] initPolicy done
04-16 04:32:56.220  5445 13760 D CameraProviderManager: CameraPerf: openHidlSession X (19ms)
04-16 04:32:56.227  5445 13760 D HidlCamera3-Device: CameraPerf: initialize X (31ms)
04-16 04:32:56.227  5445 13760 D Camera3-Device: CameraPerf: initializeCommonLocked: E
04-16 04:32:56.228 20412 20425 I ShareLive: [SLog][binder:20412_1][ExternalProvider] query: content://com.samsung.android.sharelive.external/policy/visibilityOffAllowed
04-16 04:32:56.228  5445 13760 I Camera3-Status: addComponent: Adding new component 0 - InflightRequests
04-16 04:32:56.228  5445 13760 I Camera3-Status: addComponent: Adding new component 1 - RequestThread
04-16 04:32:56.229 20412 20425 I ShareLive: [SLog][binder:20412_1][SystemSettingUtil] isActivated: true
04-16 04:32:56.229  5445 13760 D Camera3-Device: initializeCommonLocked mTimestampOffset = 17647447488245ns.
04-16 04:32:56.229  5445 13760 D Camera3-Device: CameraPerf: initializeCommonLocked: X (1ms)
04-16 04:32:56.230  5445 13760 E Camera2-FrameProcessorBase: FrameProcessorBase: created
04-16 04:32:56.230  5445 13760 E Camera2-FrameProcessorBase: registerListener: Registering listener for frame id range 0 - 2147483647
04-16 04:32:56.234 20357 20400 I MCFQS   : (PhoneVisibilityRepository) updateVisibilityData()-[td:RxCachedThreadScheduler-1] visible=true, type=MY_DEVICE, updated:false
04-16 04:32:56.235 20357 20400 I MCFQS   : (DeviceDiscoverySystemReceiver) onReceive()-[td:RxCachedThreadScheduler-1] action : com.samsung.android.sharelive.DEVICE_VISIBILITY
04-16 04:32:56.236 20357 20400 I MCFQS   : (DeviceDiscoverySystemReceiver) startService()-[td:RxCachedThreadScheduler-1] Reason: 1
04-16 04:32:56.244  5628 11466 E CameraService_proxy: Recent tasks don't include camera client package name: com.samsung.adaptivebrightnessgo
04-16 04:32:56.245  5445 13760 I CameraService: connectHelper: overrideCameraMuteMode = false, isCameraPrivacyEnabled = false
04-16 04:32:56.245 20357 20357 I MCFQS   : (DeviceConnectionService) onStartCommand()-[td:main] in(0) id: 42
04-16 04:32:56.245  5250  5250 D Zygote  : Forked child process 20514
04-16 04:32:56.245  5445 13760 I CameraService: CameraService::finishConnectLocked E
04-16 04:32:56.247  5445 13760 I CameraService: wouldEvictLocked: [incoming client] owner = 16167, priority-score=999, cost=51, returnIncompatibleClients=false
04-16 04:32:56.247  5445 13760 I CameraService: wouldEvictLocked: [cost info] current cost=0, adding cost=51, total cost=51, max cost=100
04-16 04:32:56.247  5445 13760 I CameraService: wouldEvictLocked: [highestPriority] owner=16167, score=999
04-16 04:32:56.248  5445 13760 I CameraService: this package is a adaptive brightness app.
04-16 04:32:56.249  5445 13760 I CameraService: addAndEvict: push the client(owner 16167, priorityScore 999, state 6) to mClients
04-16 04:32:56.249  5445 13760 I CameraService: CameraService::finishConnectLocked X
04-16 04:32:56.250  5445 13760 I CameraDeviceClient: notifyAppPackageName
04-16 04:32:56.250  5445 13760 D HidlCamera3-Device: CameraPerf: setParameters E
04-16 04:32:56.250  5287  5524 I ExynosCameraInterface: DEBUG(HAL3_camera_device_set_parameters[525]):
04-16 04:32:56.251  5287  5524 I ExynosCameraSec: [CAM(1)][Front_0]-(setParameters[1498]):
04-16 04:32:56.251  5287  5524 I ExynosCameraConfigurationsSec: [CAM(1)][Front_0]-(checkClientPackageName[1497]):packageName (com.samsung.adaptivebrightnessgo) cameraClient (0)
04-16 04:32:56.251  5287  5524 I ExynosCameraInterface: DEBUG:duration time(    1 msec):(HAL3_camera_device_set_parameters)
04-16 04:32:56.251  5445 13760 D HidlCamera3-Device: CameraPerf: setParameters X (1ms)
04-16 04:32:56.252  5445 13760 I CameraService: Notified package name to HAL.
04-16 04:32:56.252  5445 13760 I CameraServiceProxyWrapper: updateProxyDeviceState: notifyCameraState for Camera ID 3, newState 0, facing 1, clientName com.samsung.adaptivebrightnessgo, apiLevel 2
04-16 04:32:56.252  5628 11456 I AudioManager: setParameters keyValuePairs = cameraFacing=front
04-16 04:32:56.252  5628 11213 I CameraManagerGlobal: Camera 3 facing CAMERA_FACING_FRONT state now CAMERA_STATE_OPEN for client com.samsung.adaptivebrightnessgo API Level 2
04-16 04:32:56.253  8924 19461 I CameraManagerGlobal: Camera 3 facing CAMERA_FACING_FRONT state now CAMERA_STATE_OPEN for client com.samsung.adaptivebrightnessgo API Level 2
04-16 04:32:56.254  8513 10636 I CameraManagerGlobal: Camera 3 facing CAMERA_FACING_FRONT state now CAMERA_STATE_OPEN for client com.samsung.adaptivebrightnessgo API Level 2
04-16 04:32:56.255 11012 11673 I CameraManagerGlobal: Camera 3 facing CAMERA_FACING_FRONT state now CAMERA_STATE_OPEN for client com.samsung.adaptivebrightnessgo API Level 2
04-16 04:32:56.255 11012 11673 I CameraManagerGlobal: onCameraDeviceStateChangedLocked: post device state update
04-16 04:32:56.255 11012 11673 I CameraManagerGlobal: onCameraDeviceStateChangedLocked: post device state update
04-16 04:32:56.255 16167 14010 I CameraManagerGlobal: Camera 3 facing CAMERA_FACING_FRONT state now CAMERA_STATE_OPEN for client com.samsung.adaptivebrightnessgo API Level 2
04-16 04:32:56.255  8513  9595 D CameraAvailabilityListener: onCameraDeviceStateChanged: id=3, facing=1, state=CAMERA_STATE_OPEN, client=com.samsung.adaptivebrightnessgo
04-16 04:32:56.256  5224  5224 E audit   : type=1400 audit(1681612376.251:17640): avc:  denied  { getattr } for  pid=5628 comm="BinderProcsColl" path="/sys/kernel/debug/binder/proc/5628" dev="debugfs" ino=25430 scontext=u:r:system_server:s0 tcontext=u:object_r:sec_debugfs:s0 tclass=file permissive=0 SEPF_SM-A515F_13_0001 audit_filtered
04-16 04:32:56.256  5224  5224 E audit   : type=1300 audit(1681612376.251:17640): arch=c00000b7 syscall=79 success=no exit=-13 a0=ffffff9c a1=7beebf75f0 a2=7b8adcc680 a3=0 items=0 ppid=5250 pid=5628 auid=4294967295 uid=1000 gid=1000 euid=1000 suid=1000 fsuid=1000 egid=1000 sgid=1000 fsgid=1000 tty=(none) ses=4294967295 comm="BinderProcsColl" exe="/system/bin/app_process64" subj=u:r:system_server:s0 key=(null)
04-16 04:32:56.256  5224  5224 E audit   : type=1327 audit(1681612376.251:17640): proctitle="system_server"
04-16 04:32:56.257  2959  2979 I CameraManagerGlobal: Camera 3 facing CAMERA_FACING_FRONT state now CAMERA_STATE_OPEN for client com.samsung.adaptivebrightnessgo API Level 2
04-16 04:32:56.257 16167 20503 I CameraLightSensor_Service: Camera open callback finish
04-16 04:32:56.257 16167 20503 I CameraLightSensor_Service: Camera acquired, time = 45422046
04-16 04:32:56.259  5445 11720 D HidlCamera3-Device: CameraPerf: constructDefaultRequestSettings templateId: 1 E
04-16 04:32:56.259  5287  5287 I ExynosCameraInterface: INFO(HAL3_camera_device_construct_default_request_settings[455]):in =====
04-16 04:32:56.260  5287  5287 I ExynosCameraMetadataConverter: [CAM(1)][]-(constructDefaultRequestSettings[95]):Type(1)
04-16 04:32:56.260  5287  5287 I ExynosCameraMetadataConverter: [CAM(1)][]-(constructDefaultRequestSettings[124]):type is ANDROID_CONTROL_CAPTURE_INTENT_PREVIEW
04-16 04:32:56.260  5287  5287 I ExynosCameraMetadataConverter: [CAM(1)][]-(constructDefaultRequestSettings[478]):Registered default request template(1)
04-16 04:32:56.260  5287  5287 I ExynosCamera: [CAM(1)][Front_0]-(construct_default_request_settings[1172]):out
04-16 04:32:56.260  5287  5287 I ExynosCameraInterface: INFO(HAL3_camera_device_construct_default_request_settings[464]):out =====
04-16 04:32:56.260  5287  5287 I ExynosCameraInterface: DEBUG:duration time(    1 msec):(HAL3_camera_device_construct_default_request_settings)
04-16 04:32:56.261  5445 11720 D HidlCamera3-Device: CameraPerf: constructDefaultRequestSettings X (1ms)
04-16 04:32:56.261  5256 21725 D audio_hw_primary: device-adev_set_parameters: enter
04-16 04:32:56.262  5256 21725 D audio_hw_primary: device-adev_set_parameters: param (cameraFacing=front)
04-16 04:32:56.263  5445 11720 D HidlCamera3-Device: CameraPerf: setParameters E
04-16 04:32:56.263  5287  5524 I ExynosCameraInterface: DEBUG(HAL3_camera_device_set_parameters[525]):
04-16 04:32:56.264  5287  5524 I ExynosCameraSec: [CAM(1)][Front_0]-(setParameters[1498]):
04-16 04:32:56.264  5287  5524 I ExynosCameraConfigurationsSec: [CAM(1)][Front_0]-(m_checkDeviceSwitching[1529]):device-switching is NULL
04-16 04:32:56.264  5287  5524 I ExynosCameraConfigurationsSec: [CAM(1)][Front_0]-(m_checkShootingMode[1775]):shootingmode 30
04-16 04:32:56.264  5287  5524 I ExynosCameraConfigurationsSec: [CAM(1)][Front_0]-(m_checkVtMode[1739]):newVTMode (-1)
04-16 04:32:56.265  5287  5524 I ExynosCameraInterface: DEBUG:duration time(    2 msec):(HAL3_camera_device_set_parameters)
04-16 04:32:56.267  5445 11720 D HidlCamera3-Device: CameraPerf: setParameters X (3ms)
04-16 04:32:56.271  5445 11720 D Camera3-Device: waitUntilDrained: mInterfaceLock.unlock()
04-16 04:32:56.276  5445 11720 D CameraDeviceClient: createStream E
04-16 04:32:56.277  5445 11720 D SessionConfigUtils: createSurfaceFromGbp E: logicalCameraId=3, isStreamInfoValid=0, useCase=0, option=0x0, mirrorMode=0
04-16 04:32:56.277  5445 11720 W SessionConfigUtils: createSurfaceFromGbp: Camera 3 with consumer usage flag: 256: Forcing asynchronous mode forstream
04-16 04:32:56.277  5445 11720 D SessionConfigUtils: createSurfaceFromGbp: consumer usage flag: 256, useAsync: 1
04-16 04:32:56.283  5445 11720 D SessionConfigUtils: createSurfaceFromGbp: width=1, height=1, format=1, dataSpace=0
04-16 04:32:56.283  5445 11720 W SessionConfigUtils: createSurfaceFromGbp: Camera 3: Overriding format 0x1 to IMPLEMENTATION_DEFINED
04-16 04:32:56.283  5445 11720 D SessionConfigUtils: roundBufferDimensionNearest  inWidth=1 inHeight=1, outWidth=176 outHeight=144 X
04-16 04:32:56.283  5445 11720 D SessionConfigUtils: createSurfaceFromGbp X
04-16 04:32:56.284  5287 20516 I ExynosCameraSec: [CAM(1)][Front_0]-(m_fastenPreviewFactoryThreadFunc[31034]):
04-16 04:32:56.289  5445 11720 D Camera3-Device: createStream: mInterfaceLock.lock()
04-16 04:32:56.289  5445 11720 D Camera3-Device: createStream: Camera 3: Creating new stream 0: 176 x 144, format 0x22(IMPL_DEF), dataspace 0 rotation 0 consumer usage 0, isShared 0, physicalCameraId , isMultiResolution 0 dynamicRangeProfile 0x1, streamUseCase 0, option 0x0, timestampBase 0, mirrorMode 0
04-16 04:32:56.291  5287 20516 I ExynosCameraFrameFactoryPreview: [CAM(1)][Front_0]-(create[43]):
04-16 04:32:56.291  5287 20516 I ExynosCameraFrameFactoryBase: [CAM(1)][Front_0]-(create[37]):
04-16 04:32:56.291  5287 20516 I ExynosCameraFrameFactoryPreviewSec: [CAM(1)][Front_0]-(m_setupConfig[256]):
04-16 04:32:56.291  5287 20516 I ExynosCameraFrameFactoryPreview: [CAM(1)][Front_0]-(m_setDeviceInfo[731]):
04-16 04:32:56.292  5445 11720 D Camera3-Device: createStream: mInterfaceLock.unlock()
04-16 04:32:56.293  5445 11720 D CameraDeviceClient: createStream: Camera 3: Successfully created a new stream ID 0 for output surface (176 x 144) with format 0x22.
04-16 04:32:56.293  5445 11720 D Camera3-Device: setStreamTransform: mInterfaceLock.lock()
04-16 04:32:56.293  5445 11720 D CameraDeviceClient: createStream X
04-16 04:32:56.294  5628 16160 D MotionRecognitionService: values = 100.0
04-16 04:32:56.294  5628 16160 D MotionRecognitionService: onReceive lux: 100.0  action:
04-16 04:32:56.294  5628 16160 D MotionRecognitionService: Inject brightness form Cam 100.0
04-16 04:32:56.294  5445 11720 D Camera3-Device: filterParamsAndConfigureLocked : operatingMode=0
04-16 04:32:56.295  5628 16160 D MotionRecognitionService: Inject calibrated lux
04-16 04:32:56.295  5445 11720 D Camera3-Device: CameraPerf: configureStreamsLocked: Camera 3: Stream configuration E
04-16 04:32:56.295  5445 11720 I HidlCamera3-Device: configureStreams Before configuration Stream[0] : [176 x 144], usage: 0x100
04-16 04:32:56.296  5287 20516 I ExynosCameraFrameFactoryPreviewSec: [CAM(1)][Front_0]-(m_constructPipes[340]):
04-16 04:32:56.296  5287  5524 I SehCamDevSession@5.0-impl: [CAMKPI] camera3->configure_streams : E
04-16 04:32:56.296  5287  5524 I ExynosCameraInterface: INFO(HAL3_camera_device_configure_streams[423]):in =====
04-16 04:32:56.296  5271  5271 I SensorsHub: AutoBrightnessSensor::injectSensorData: camLux 100
04-16 04:32:56.296  5287  5524 I ExynosCameraSec: [CAM(1)][Front_0]-(configureStreams[7706]):In
04-16 04:32:56.297  5287  5524 I ExynosCameraSec: [CAM(1)][Front_0]-(configureStreams[7735]):m_firstPreviewTimer start
04-16 04:32:56.297  5287  5524 I ExynosCameraConfigurationsSec: [CAM(1)][Front_0]-(m_checkCameraClient[1429]):Camera Client 0
04-16 04:32:56.297  5287  5524 I ExynosCameraMetadataConverterVendor: [CAM(1)][]-(setVendorPreSessionParams[6464]):SHOT_MODE(30)
04-16 04:32:56.299  5287  5524 I ExynosCameraConfigurationsSec: [CAM(1)][Front_0]-(setMode[470]):YSUM Recording OFF
04-16 04:32:56.299  5287 20516 I exynos-libhwjpeg: CHWJpegV4L2Compressor Created: 0xed5cf008, FD 11
04-16 04:32:56.299  5287  5524 I ExynosCameraSec: [CAM(1)][Front_0]-(m_enumStreamInfo[7089]):setting usage read|write
04-16 04:32:56.299  5287  5524 I ExynosCameraStreamManager: INFO(m_insert[638]):inserted stream and id is (1)
04-16 04:32:56.300  5287  5524 I ExynosCameraStreamManager: INFO(m_insert[653]):m_increaseYuvStreamCount(1)
04-16 04:32:56.300  5287  5524 I ExynosCameraSec: [CAM(1)][Front_0]-(m_enumStreamInfo[7441]):streamId(1) needGSC(0)
04-16 04:32:56.300  5287 20516 I exynos-libhwjpeg: CHWJpegV4L2Compressor Created: 0xed188a80, FD 12
04-16 04:32:56.300  5287  5524 I ExynosCameraSec: [CAM(1)][Front_0]-(m_constructFrameFactory[391]):-IN-
04-16 04:32:56.300  5287  5524 I ExynosCameraSec: [CAM(1)][Front_0]-(m_constructFrameFactory[571]):-OUT-
04-16 04:32:56.300  5287 20516 I exynos-libhwjpeg: Created thumbnail scaler: legacy V4L2 Scaler
04-16 04:32:56.300  5287  5524 I ExynosCameraSec: DEBUG:duration time(    0 msec):(m_constructFrameFactory)
04-16 04:32:56.300  5287  5524 I ExynosCameraSec: [CAM(1)][Front_0]-(m_checkVideoStreamPriority[33569]):m_flagVideoStreamPriority(0), m_flagUseOnePort(0)
04-16 04:32:56.300  5287 20516 I exynos-libhwjpeg: ExynosJpegEncoderForCamera Created: 0xed5cf004, ION 13
04-16 04:32:56.300  5287  5524 I ExynosCameraSec: [CAM(1)][Front_0]-(configureStreams[8098]):list_index 0 streamId 1, stream_type 0, size 176x144, format 22, usage 0x20133
04-16 04:32:56.300  5287  5524 I ExynosCameraSec: [CAM(1)][Front_0]-(configureStreams[8100]):max_buffers 9, needMmap 1, physCamID -1, optionPhysCamId 0, remoteStreamOption 0, option 0
04-16 04:32:56.300  5287  5524 I ExynosCameraSec: [CAM(1)][Front_0]-(configureStreams[8116]):registerStream 2 registerbuffer 17
04-16 04:32:56.300  5287 20516 I ExynosCameraFrameFactoryPreviewSec: [CAM(1)][Front_0]-(m_constructPipes[564]):pipe ids for preview
04-16 04:32:56.301  5287  5524 I ExynosCameraParametersSec: [CAM(1)][Front_0]-(checkYuvSize[1236]):camType(0) curYuvSize(0x0) newYuvSize(176x144) outputPortId(0) curRatio(6)
04-16 04:32:56.301  5287 20516 I ExynosCameraFrameFactoryPreviewSec: [CAM(1)][Front_0]-(m_constructPipes[567]):m_pipes[0] : PipeId(0)
04-16 04:32:56.301  5287  5524 I ExynosCameraParametersSec: [CAM(1)][Front_0]-(checkHwYuvSize[1309]):curHwYuvSize 0x0 newHwYuvSize 176x144 outputPortId 0
04-16 04:32:56.301  5287 20516 I ExynosCameraFrameFactoryPreviewSec: [CAM(1)][Front_0]-(m_constructPipes[567]):m_pipes[6] : PipeId(6)
04-16 04:32:56.301  5287  5524 I ExynosCameraConfigurations: [CAM(1)][Front_0]-(checkYuvFormat[263]):curYuvFormat NV21 newYuvFormat NM21 pixelSizeNum 0 outputPortId 0
04-16 04:32:56.301  5287 20516 I ExynosCameraFrameFactoryPreviewSec: [CAM(1)][Front_0]-(m_constructPipes[567]):m_pipes[11] : PipeId(11)
04-16 04:32:56.301  5287  5524 I ExynosCameraSec: [CAM(1)][Front_0]-(configureStreams[8522]):Create buffer manager(PREVIEW)
04-16 04:32:56.301  5287 20516 I ExynosCameraFrameFactoryPreviewSec: [CAM(1)][Front_0]-(m_constructPipes[567]):m_pipes[26] : PipeId(26)
04-16 04:32:56.301  5287 20516 I ExynosCameraFrameFactoryPreviewSec: [CAM(1)][Front_0]-(m_constructPipes[567]):m_pipes[33] : PipeId(33)
04-16 04:32:56.301  5287  5524 I ExynosCameraBufferSupplier: [CAM(1)][BufferSupplier]-(createBufferManager[181]):[PREVIEW_STREAM_BUF]Created. P 27,-1,-1,-1,-1, T 2
04-16 04:32:56.301  5287 20516 I ExynosCameraFrameFactoryPreviewSec: [CAM(1)][Front_0]-(m_constructPipes[567]):m_pipes[41] : PipeId(41)
04-16 04:32:56.301  5287  5524 I ExynosCameraSec: [CAM(1)][Front_0]-(configureStreams[8547]):planeCount = 2+1, planeSize[0] = 25344, planeSize[1] = 12672, planeSize[2] = 0, bytesPerLine[0] = 0, outputPortId = 0
04-16 04:32:56.301  5287 20516 I ExynosCameraFrameFactoryPreviewSec: [CAM(1)][Front_0]-(m_constructPipes[567]):m_pipes[42] : PipeId(42)
04-16 04:32:56.301  5287 20516 I ExynosCameraFrameFactoryPreviewSec: [CAM(1)][Front_0]-(m_constructPipes[567]):m_pipes[43] : PipeId(43)
04-16 04:32:56.301  5287 20516 I ExynosCameraFrameFactoryPreviewSec: [CAM(1)][Front_0]-(m_constructPipes[567]):m_pipes[44] : PipeId(44)
04-16 04:32:56.301  5287 20516 I ExynosCameraFrameFactoryPreviewSec: [CAM(1)][Front_0]-(m_constructPipes[567]):m_pipes[54] : PipeId(54)
04-16 04:32:56.301  5287 20516 I ExynosCameraFrameFactoryPreviewSec: [CAM(1)][Front_0]-(m_constructPipes[567]):m_pipes[55] : PipeId(55)
04-16 04:32:56.302  5287 20516 I ExynosCameraFrameFactoryPreviewSec: [CAM(1)][Front_0]-(m_constructPipes[567]):m_pipes[56] : PipeId(56)
04-16 04:32:56.302  5287 20516 I ExynosCameraFrameFactoryPreviewSec: [CAM(1)][Front_0]-(m_constructPipes[567]):m_pipes[57] : PipeId(57)
04-16 04:32:56.302  5287 20516 I ExynosCameraMCPipe: [CAM(1)][PIPE_FLITE]-(m_preCreate[1446]):m_preCreate() is succeed, Pipe(0), prepare(0)
04-16 04:32:56.302  5287 20516 I ExynosCameraMCPipe: [CAM(1)][PIPE_FLITE]-(m_postCreate[1471]):m_postCreate() is succeed, Pipe(0)
04-16 04:32:56.316 20514 20514 I ng.android.scpm: Using CollectorTypeCC GC.
04-16 04:32:56.317  5287  5524 I ExynosCameraBufferManager: DEBUG:duration time(   16 msec):(alloc)
04-16 04:32:56.318  5287  5524 I ExynosCameraParameters: [CAM(1)][Front_0]-(updateBinningScaleRatio[855]):New sensor binning ratio(2000)
04-16 04:32:56.318  5287  5524 I ExynosCameraSec: [CAM(1)][Front_0]-(configureStreams[10089]):MaxYuvSize:176x144 ratio:6
04-16 04:32:56.322  5628 11456 D PackageManager: setEnabledSetting : userId = 0 packageName = com.samsung.android.scs cmp = androidx.work.impl.background.systemalarm.RescheduleReceiver newState = 1 callingPackage = 10380/com.samsung.android.scs
04-16 04:32:56.326  5628 11456 D ApplicationPolicy: getApplicationStateEnabled : pkg = com.samsung.android.scs userId : 0
04-16 04:32:56.327 20514 20514 E ng.android.scpm: Not starting debugger since process cannot load the jdwp agent.
04-16 04:32:56.327  5287  5524 I ExynosCameraSec: [CAM(1)][Front_0]-(configureStreams[10229]):Out
04-16 04:32:56.327  5287  5524 I ExynosCameraInterface: INFO(HAL3_camera_device_configure_streams[439]):out =====
04-16 04:32:56.327  5287  5524 I ExynosCameraInterface: DEBUG:duration time(   31 msec):(HAL3_camera_device_configure_streams)
04-16 04:32:56.327  5287  5524 I SehCamDevSession@5.0-impl: [CAMKPI] camera3->configure_streams : X
04-16 04:32:56.327  5628 11456 D ApplicationPolicy: getApplicationComponentState : pkg = com.samsung.android.scs userId : 0
04-16 04:32:56.328  5445 11720 D HidlCamera3-Device: configureStreams : stream[0] : format = 0x22(IMPL_DEF), data_space = 146931712, usage flag = 0x20133 max_buffers = 9, physical_camera_id =
04-16 04:32:56.328  5445 11720 D Camera3-Device: CameraPerf: Connect Streams E
04-16 04:32:56.328  5445 11720 I Camera3-Status: addComponent: Adding new component 2 - streamId = 0, format = 0x22(IMPL_DEF), width = 176, height = 144, option = 0x0, type = OUTPUT
04-16 04:32:56.333  5250  5250 D Zygote  : Forked child process 20530
04-16 04:32:56.335  5287 20532 I ExynosCamera: [CAM(1)][Front_0]-(m_setBuffersThreadFunc[5296]):
04-16 04:32:56.336  5287 20532 I ExynosCameraSec: [CAM(1)][Front_0]-(m_setBuffers[20774]):alloc buffer - camera ID: 1
04-16 04:32:56.336  5287 20532 I ExynosCameraSec: [CAM(1)][Front_0]-(m_setBuffers[20807]):HW Sensor MAX width x height = 2640x1980
04-16 04:32:56.336  5287 20532 I ExynosCameraSec: [CAM(1)][Front_0]-(m_setBuffers[20808]):Preview BDS width x height = 264x148
04-16 04:32:56.341  5445 11720 D Camera3-OutputStream: configureConsumerQueueLocked: Consumer wants 2 buffers, HAL wants 9
04-16 04:32:56.343  5287 20532 I ExynosCameraSec: [CAM(1)][Front_0]-(m_setBuffers[20824]):PreviewSize(Max) width x height = 2640x1980
04-16 04:32:56.343  5287 20532 I ExynosCameraSec: [CAM(1)][Front_0]-(m_setBuffers[20828]):DS width x height = 640x480
04-16 04:32:56.343  5287 20532 I ExynosCameraBufferSupplier: [CAM(1)][BufferSupplier]-(createBufferManager[181]):[FLITE_BUF]Created. P 1,-1,-1,-1,-1, T 0
04-16 04:32:56.343  5287 20532 I ExynosCameraBufferManager: DEBUG:duration time(    0 msec):(alloc)
04-16 04:32:56.344  5287 20532 I ExynosCameraBufferSupplier: [CAM(1)][BufferSupplier]-(createBufferManager[181]):[3AA_IN_BUF]Created. P 0,6,-1,-1,-1, T 0
04-16 04:32:56.347  5287 20532 I ExynosCameraBufferManager: [CAM(1)][3AA_IN_BUF]-(m_defaultAlloc[934]):duration time (    2 msec) alloc count=8, total count=8, type=0, size=4096, batchSize=1, reserved count=0, non-cache => 0 1 0 0 0 0 0 1
04-16 04:32:56.347  5287 20532 I ExynosCameraBufferManager: DEBUG:duration time(    3 msec):(alloc)
04-16 04:32:56.347  5287 20532 I ExynosCameraBufferSupplier: [CAM(1)][BufferSupplier]-(createBufferManager[181]):[ISP_BUF]Created. P 8,11,-1,-1,-1, T 0
04-16 04:32:56.350  5287 20532 I ExynosCameraBufferManager: [CAM(1)][ISP_BUF]-(m_defaultAlloc[934]):duration time (    1 msec) alloc count=8, total count=8, type=0, size=59200, batchSize=1, reserved count=0, non-cache => 0 0 0 0 1 0 0 0
04-16 04:32:56.350  5287 20532 I ExynosCameraBufferManager: DEBUG:duration time(    3 msec):(alloc)
04-16 04:32:56.352  5445 11720 D Camera3-Device: CameraPerf: Connect Streams X (24ms)
04-16 04:32:56.358  5445 11720 D Camera3-Device: Set real time priority for request queue thread (tid 20512)
04-16 04:32:56.358  5445 11720 D Camera3-Device: CameraPerf: configureStreamsLocked: Camera 3: Stream configuration X (63ms)
04-16 04:32:56.359 16167 20503 I CameraLightSensor_Service: mBackgroundHandler: Handler (android.os.Handler) {fb79d7d}
04-16 04:32:56.360 16167 20503 I CameraLightSensor_Service: capture session start
04-16 04:32:56.360 16167 20503 I CameraLightSensor_Service: mBackgroundHandler: Handler (android.os.Handler) {fb79d7d}
04-16 04:32:56.360 16167 20503 I CameraLightSensor_Service: capture session finish
04-16 04:32:56.361 16167 20503 I CameraLightSensor_Service: capture session finish - spot metering
04-16 04:32:56.362 16167 20503 I CameraLightSensor_Service: open preview start
04-16 04:32:56.367  5445 11720 D Camera3-Device: setStreamingRequestList: Enter: calling submitRequestsHelper: repeating = true
04-16 04:32:56.367  5445 11720 D Camera3-Device: submitRequestsHelper: mInterfaceLock.lock()
04-16 04:32:56.368  5445 11720 I Camera3-Device: Submit request type: 0x1, repeating(true), burst(false)
04-16 04:32:56.368  5445 11720 D Camera3-Device: setRepeatingRequests: lastFrameNumber 0.
04-16 04:32:56.368  5445 11720 I Camera3-Status: markComponent: Component 1 is now active - RequestThread
04-16 04:32:56.368  5445 20512 D Camera3-Device: CameraPerf: PrepareHALRequests E
04-16 04:32:56.370  5445 20511 I CameraService: startCameraStreamingOps: Start camera streaming ops, package name = com.samsung.adaptivebrightnessgo, client UID = 5021
04-16 04:32:56.371  5445 20511 I CameraService: this package is a adaptive brightness app.
04-16 04:32:56.372  5287 20532 I ExynosCameraBufferSupplier: [CAM(1)][BufferSupplier]-(createBufferManager[181]):[VRA_BUF]Created. P 32,228,33,229,-1, T 0
04-16 04:32:56.372  5287 20532 I ExynosCameraBufferManager: DEBUG:duration time(    0 msec):(alloc)
04-16 04:32:56.372  5445 11720 D Camera3-Device: submitRequestsHelper: mInterfaceLock.unlock()
04-16 04:32:56.372  5287 20532 I ExynosCameraSec: [CAM(1)][Front_0]-(m_setBuffers[21684]):alloc buffer done - camera ID: 1
04-16 04:32:56.373  5287 20532 I ExynosCameraSec: DEBUG:duration time(   37 msec):(m_setBuffers)
04-16 04:32:56.373  5287 20532 I ExynosCamera: DEBUG:duration time(   38 msec):(m_setBuffersThreadFunc)
04-16 04:32:56.374 16167 20503 I CameraLightSensor_Service: mBackgroundHandler: Handler (android.os.Handler) {fb79d7d}
04-16 04:32:56.377  5445 20511 I CameraService: Drop checking dpm for package com.samsung.adaptivebrightnessgo(pid 16167) from startCameraStreamingOps()
04-16 04:32:56.378  5445 20511 I CameraServiceProxyWrapper: updateProxyDeviceState: notifyCameraState for Camera ID 3, newState 1, facing 1, clientName com.samsung.adaptivebrightnessgo, apiLevel 2
04-16 04:32:56.379  2959  2979 I CameraManagerGlobal: Camera 3 facing CAMERA_FACING_FRONT state now CAMERA_STATE_ACTIVE for client com.samsung.adaptivebrightnessgo API Level 2
04-16 04:32:56.379  8513 10636 I CameraManagerGlobal: Camera 3 facing CAMERA_FACING_FRONT state now CAMERA_STATE_ACTIVE for client com.samsung.adaptivebrightnessgo API Level 2
04-16 04:32:56.379  5628 11466 I CameraManagerGlobal: Camera 3 facing CAMERA_FACING_FRONT state now CAMERA_STATE_ACTIVE for client com.samsung.adaptivebrightnessgo API Level 2
04-16 04:32:56.380  8924 19461 I CameraManagerGlobal: Camera 3 facing CAMERA_FACING_FRONT state now CAMERA_STATE_ACTIVE for client com.samsung.adaptivebrightnessgo API Level 2
04-16 04:32:56.380  8513  9595 D CameraAvailabilityListener: onCameraDeviceStateChanged: id=3, facing=1, state=CAMERA_STATE_ACTIVE, client=com.samsung.adaptivebrightnessgo
04-16 04:32:56.381 11012 11673 I CameraManagerGlobal: Camera 3 facing CAMERA_FACING_FRONT state now CAMERA_STATE_ACTIVE for client com.samsung.adaptivebrightnessgo API Level 2
04-16 04:32:56.381 11012 11673 I CameraManagerGlobal: onCameraDeviceStateChangedLocked: post device state update
04-16 04:32:56.381 11012 11673 I CameraManagerGlobal: onCameraDeviceStateChangedLocked: post device state update
04-16 04:32:56.382 16167 14011 I CameraManagerGlobal: Camera 3 facing CAMERA_FACING_FRONT state now CAMERA_STATE_ACTIVE for client com.samsung.adaptivebrightnessgo API Level 2
04-16 04:32:56.382  5628  9492 D AutoRotationHandler: inject auto rotation priority = 1.0
04-16 04:32:56.384  5445 20512 I Camera3-Status: markComponent: Component 2 is now active - streamId = 0, format = 0x22(IMPL_DEF), width = 176, height = 144, option = 0x0, type = OUTPUT
04-16 04:32:56.385  5287 20516 I ExynosCameraMCPipe: [CAM(1)][PIPE_3AA]-(m_preCreate[1446]):m_preCreate() is succeed, Pipe(6), prepare(0)
04-16 04:32:56.385  5287 20516 I ExynosCameraMCPipe: [CAM(1)][PIPE_3AA]-(m_postCreate[1471]):m_postCreate() is succeed, Pipe(6)
04-16 04:32:56.385  5445 20512 I Camera3-Status: markComponent: Component 0 is now active - InflightRequests
04-16 04:32:56.385  5445 20512 D Camera3-Device: CameraPerf: PrepareHALRequests X (16ms)
04-16 04:32:56.385  5445 20512 D Camera3-Device: CameraPerf: sendRequestsBatch E
04-16 04:32:56.389  5287  5524 I SehCamDevSession@5.0-impl: [CAMKPI] camera3->process_capture_request : E
04-16 04:32:56.389  5271  5271 I SensorsHub: DeviceOrientation::injectSensorData: mode 1
