04-16 04:38:28.570 20153 20177 I TestRunner: started: mutableRefFloatIn2Longs(org.jetbrains.android_benchmark.Wolf3dBenchmark)
04-16 04:38:28.573 20153 20153 I MonitoringInstr: Activities that are still in CREATED to STOPPED: 1
04-16 04:38:28.573 20153 20153 I MonitoringInstr: Finishing activity: androidx.benchmark.IsolationActivity@f5684be
04-16 04:38:28.580 20153 20177 I GrantPermissionCallable: Permission: android.permission.WRITE_EXTERNAL_STORAGE is already granted!
04-16 04:38:28.580 20153 20177 I GrantPermissionCallable: Permission: android.permission.READ_EXTERNAL_STORAGE is already granted!
04-16 04:38:28.580 20153 20177 D Benchmark: -- Running org.jetbrains.android_benchmark.Wolf3dBenchmark#mutableRefFloatIn2Longs --
04-16 04:38:28.581 20153 20177 D PerfettoCapture: Supported ABIs: arm64-v8a, armeabi-v7a, armeabi
04-16 04:38:28.581 20153 20177 D PerfettoCapture: Recording perfetto trace
04-16 04:38:28.621 20153 20177 I PerfettoCapture: Cleanup perfetto before starting.
04-16 04:38:28.638  5628  5714 W libprocessgroup: Failed to open /dev/blkio//cgroup.procs: No such file or directory
04-16 04:38:28.661 23292 24000 I NetworkScheduler.Stats: Task com.google.android.gms/com.google.android.gms.ipa.base.IpaGcmTaskService started execution. cause:9 exec_start_elapsed_seconds: 45754 [CONTEXT service_id=218 ]
04-16 04:38:28.667 23292 23504 I NetworkScheduler.Stats: Task com.google.android.gms/com.google.android.gms.ipa.base.IpaGcmTaskService finished executing. cause:9 result: 1 elapsed_millis: 49 uptime_millis: 49 exec_start_elapsed_seconds: 45754 [CONTEXT service_id=218 ]
04-16 04:38:28.706  5628  9811 D SemWifiUsabilityStatsMonitor: onWifiUsabilityStats - seqNum 4939, isSameBssidAndFreq true
04-16 04:38:28.709  5628  8422 I SemWifiLinkQualityMonitor: Link Qos Query: 0.031 ms / 260.000 Mbps (260 / 0.000 / 1.000)
04-16 04:38:28.843 20153 20177 I PerfettoCapture: Perfetto output file cleanup -
04-16 04:38:28.843 20153 20177 I PerfettoCapture: Starting perfetto tracing with cmd: cat /storage/emulated/0/Android/data/org.jetbrains.android_benchmark.test/cache/trace_config.pb | perfetto --background -c - -o /data/misc/perfetto-traces/trace_output.pb
04-16 04:38:29.042 24025 24025 I perfetto:    perfetto_cmd.cc:1001 Connected to the Perfetto traced service, starting tracing
04-16 04:38:29.043  5406  5406 I perfetto: ing_service_impl.cc:953 Configured tracing session 70, #sources:4, duration:0 ms, #buffers:2, total buffer size:36864 KB, total sessions:1, uid:2000 session name: ""
04-16 04:38:29.045  5403  5403 I perfetto:  probes_producer.cc:139 Ftrace setup (target_buf=139)
04-16 04:38:29.080 20153 20177 I PerfettoCapture: Perfetto output - 24025
04-16 04:38:29.080 20153 20177 I PerfettoCapture: EXITCODE=0
04-16 04:38:29.104  4378  4378 I hwservicemanager: getTransport: Cannot find entry android.hardware.atrace@1.0::IAtraceDevice/default in either framework or device VINTF manifest.
04-16 04:38:29.134  5403  5403 I perfetto:    ftrace_procfs.cc:335 enabled ftrace in /sys/kernel/tracing/
04-16 04:38:29.202 20153 20177 I PerfettoCapture: Perfetto tracing started successfully with pid 24025.
04-16 04:38:29.280 20153 20177 I PerfettoCapture: /sys/kernel/tracing/tracing_on = 1, polled 0 times, capture fully started
04-16 04:38:29.282 20153 20177 D Benchmark: Set 20177 (Bench thread) to priority -20. Was -8, now -20
04-16 04:38:29.282 20153 20177 D Benchmark: Set 20162 (Jit) to priority -15. Was 9, now -15
04-16 04:38:29.320 20153 20177 I _benchmark.test: Explicit concurrent copying GC freed 7025(670KB) AllocSpace objects, 1(20KB) LOS objects, 67% free, 2901KB/9045KB, paused 302us,132us total 37.097ms
04-16 04:38:31.726  5628  9811 D SemWifiUsabilityStatsMonitor: onWifiUsabilityStats - seqNum 4940, isSameBssidAndFreq true
04-16 04:38:31.727  5628  8367 D ConnectivityService: notifyType CALLBACK_CAP_CHANGED for [106 WIFI]
04-16 04:38:31.732  5628  8395 D SemWifiSwitchForIndividualAppsService: stopTCPMonitoring : already stopped
04-16 04:38:31.737  5628  8422 I SemWifiLinkQualityMonitor: Link Qos Query: 0.031 ms / 260.000 Mbps (260 / 0.000 / 1.000)
04-16 04:38:31.741  5628  8395 I WifiConnectivityMonitor.NCC: sNetworkCallback(oCC) FULL : 106(true/false)[ Transports: WIFI Capabilities: NOT_METERED&INTERNET&NOT_RESTRICTED&TRUSTED&NOT_VPN&VALIDATED&NOT_ROAMING&FOREGROUND&NOT_CONGESTED&NOT_SUSPENDED&NOT_VCN_MANAGED LinkUpBandwidth>=12564Kbps LinkDnBandwidth>=30832Kbps TransportInfo: <SSID: <unknown ssid>, BSSID: 02:00:00:**:**:00, MAC: 02:00:00:**:**:00, IP: /192.168.1.19, Security type: 2, Supplicant state: COMPLETED, Wi-Fi standard: 5, RSSI: -65, Link speed: 260Mbps, Tx Link speed: 260Mbps, Max Supported Tx Link speed: 433Mbps, Rx Link speed: 6Mbps, Max Supported Rx Link speed: 433Mbps, Frequency: 5180MHz, Net ID: -1, Metered hint: false, score: 60, isUsable: true, CarrierMerged: false, SubscriptionId: -1, IsPrimary: 1, Trusted: true, Restricted: false, Ephemeral: false, OEM paid: false, OEM private: false, OSU AP: false, FQDN: <none>, Provider friendly name: <none>, Requesting package name: <none><none>MLO Information: , AP MLD Address: <none>, AP MLO Link Id: <none>, AP MLO Affiliated links: <none>> SignalStrength: -65 AdminUids: [1000] SSID: "Talija" UnderlyingNetworks: Null]
04-16 04:38:31.742  5628  8438 I WifiConnectivityMonitor: current mode : 1
04-16 04:38:31.742  5628  8438 D OpenNetworkQos[4.00]: updateBssidNoInternet: mBssidNoInternet = false
04-16 04:38:31.742  5628  8438 D OpenNetworkQos[4.00]: getOpenNetworkQosNoInternetStatus: false
04-16 04:38:31.742  5628  8438 D OpenNetworkQos[4.00]: getOpenNetworkQosScores: 26 26 30
04-16 04:38:31.742  5628  8438 I WifiProfileShare: network QoS data was changed (internet), updateQoSData networkType: true, qosData: false
04-16 04:38:31.744  5628  9412 V WifiProfileShare.Caster: update wips network, size: 0
04-16 04:38:31.744  5628  9412 D WifiProfileShare: nearby scanning settings run
04-16 04:38:31.745  5628  9412 D WifiProfileShare: network score provider settings enabled
04-16 04:38:31.745  5628  9412 D OpenNetworkQos[4.00]: getOpenNetworkQosScores: 26 26 30
04-16 04:38:31.745  5628  9412 D OpenNetworkQos[4.00]: getOpenNetworkQosNoInternetStatus: false
04-16 04:38:31.745  5628  9412 I WifiProfileShare.Caster: current network type: 0, score: [26, 26, 30]
04-16 04:38:31.746  5628  9412 V WifiProfileShare.Cache: update network score 00:e4:06:**:**:90
04-16 04:38:31.746  5628  9412 D WifiProfileShare.ScanMatcher: getMcfDataList size:2
04-16 04:38:31.746  5628  9412 I WifiProfileShare.Caster: qos data was updated , before:type:QOS, pBssid:51:2e:90, qosData:7c after:type:QOS, pBssid:51:2e:90, qosData:7c
04-16 04:38:31.750  5628  9412 I [MCFSDK_android_1.2.4010]_4_b: isNetworkEnabled - type : 1 ret : true
04-16 04:38:31.750  5628  9412 D WifiProfileShare.McfCast: -ME--- mIsNetworkEnabled :true
04-16 04:38:31.751  5628  9412 D WifiProfileShare.McfCast: updateQoSData ignored, same contents
04-16 04:38:31.751  5628  9412 D WifiProfileShare.MCF: success update QosData !
04-16 04:38:31.753  5628  9412 I [MCFSDK_android_1.2.4010]_4_b: isNetworkEnabled - type : 1 ret : true
04-16 04:38:31.753  5628  9412 D WifiProfileShare.McfCast: -ME--- mIsNetworkEnabled :true
04-16 04:38:31.753  5628  9412 D WifiProfileShare.McfCast: -ME--- updatePasswordDate pwdData size:2
04-16 04:38:31.800  8513  8599 D NetworkController.WifiSignalController: notifyListener: visible=true, connected=true, inetCondition=1, isDefault=true, wifiTestReported=true, receivedInetCondition=-1, hideDuringMobileSwitching=false
04-16 04:38:31.802  8513  8599 D Tile.WifiTile: handleUpdateState isTransient=false transientEnabling =false cb.isTransient=false state.state = 2 mStateBeforeClick.value =false enabled =true
04-16 04:38:31.816 23292 23305 I ChimeraSrvcProxy: NullBinder for android.net.action.RECOMMEND_NETWORKS triggering remote TransactionTooLargeException due to Service without Chimera impl
04-16 04:38:31.817 23292 23305 W .gms.persistent: Large reply transaction of 1056768 bytes, interface descriptor , code 1
04-16 04:38:31.980  8513  8599 D MobileStatusTracker(1/2): onSignalStrengthsChanged level=2, vendorLevel=1
04-16 04:38:31.991  8513  8599 D MobileSignalController(1/2): notifyListener: enabled=true, connected=true, dataConnected=false, networkType=LTE (4G), emergencyOnly=false, roaming=false, isDefault=false, dataActivity=, level=1, ca=false, mmWave=false, disabledDataIcon=false, simCard=ETC
04-16 04:38:31.992  8513  8599 D NetworkController: SignalStrength from intent slotId=1
04-16 04:38:33.257  8513  8599 D MobileStatusTracker(1/2): onSignalStrengthsChanged level=2, vendorLevel=2
04-16 04:38:33.262  8513  8599 D MobileSignalController(1/2): notifyListener: enabled=true, connected=true, dataConnected=false, networkType=LTE (4G), emergencyOnly=false, roaming=false, isDefault=false, dataActivity=, level=2, ca=false, mmWave=false, disabledDataIcon=false, simCard=ETC
04-16 04:38:33.269  8513  8599 D NetworkController: SignalStrength from intent slotId=1
04-16 04:38:34.757  5628  8367 D ConnectivityService: notifyType CALLBACK_CAP_CHANGED for [106 WIFI]
04-16 04:38:34.759  5628  9811 D SemWifiUsabilityStatsMonitor: onWifiUsabilityStats - seqNum 4941, isSameBssidAndFreq true
04-16 04:38:34.766  5628  8422 I SemWifiLinkQualityMonitor: Link Qos Query: 0.031 ms / 260.000 Mbps (260 / 0.000 / 1.000)
04-16 04:38:34.773  5628  8395 D SemWifiSwitchForIndividualAppsService: stopTCPMonitoring : already stopped
04-16 04:38:34.774  5628  8395 I WifiConnectivityMonitor.NCC: sNetworkCallback(oCC) FULL : 106(true/false)[ Transports: WIFI Capabilities: NOT_METERED&INTERNET&NOT_RESTRICTED&TRUSTED&NOT_VPN&VALIDATED&NOT_ROAMING&FOREGROUND&NOT_CONGESTED&NOT_SUSPENDED&NOT_VCN_MANAGED LinkUpBandwidth>=53274Kbps LinkDnBandwidth>=47220Kbps TransportInfo: <SSID: <unknown ssid>, BSSID: 02:00:00:**:**:00, MAC: 02:00:00:**:**:00, IP: /192.168.1.19, Security type: 2, Supplicant state: COMPLETED, Wi-Fi standard: 5, RSSI: -63, Link speed: 260Mbps, Tx Link speed: 260Mbps, Max Supported Tx Link speed: 433Mbps, Rx Link speed: 6Mbps, Max Supported Rx Link speed: 433Mbps, Frequency: 5180MHz, Net ID: -1, Metered hint: false, score: 60, isUsable: true, CarrierMerged: false, SubscriptionId: -1, IsPrimary: 1, Trusted: true, Restricted: false, Ephemeral: false, OEM paid: false, OEM private: false, OSU AP: false, FQDN: <none>, Provider friendly name: <none>, Requesting package name: <none><none>MLO Information: , AP MLD Address: <none>, AP MLO Link Id: <none>, AP MLO Affiliated links: <none>> SignalStrength: -63 AdminUids: [1000] SSID: "Talija" UnderlyingNetworks: Null]
04-16 04:38:34.780  5628  8438 I WifiConnectivityMonitor: current mode : 1
04-16 04:38:34.780  5628  8438 D OpenNetworkQos[4.00]: updateBssidNoInternet: mBssidNoInternet = false
04-16 04:38:34.780  5628  8438 D OpenNetworkQos[4.00]: getOpenNetworkQosNoInternetStatus: false
04-16 04:38:34.780  5628  8438 D OpenNetworkQos[4.00]: getOpenNetworkQosScores: 26 26 30
04-16 04:38:34.781  5628  8438 I WifiProfileShare: network QoS data was changed (internet), updateQoSData networkType: true, qosData: false
04-16 04:38:34.782  5628  9412 V WifiProfileShare.Caster: update wips network, size: 0
04-16 04:38:34.782  5628  9412 D WifiProfileShare: nearby scanning settings run
04-16 04:38:34.782  5628  9412 D WifiProfileShare: network score provider settings enabled
04-16 04:38:34.782  5628  9412 D OpenNetworkQos[4.00]: getOpenNetworkQosScores: 26 26 30
04-16 04:38:34.783  5628  9412 D OpenNetworkQos[4.00]: getOpenNetworkQosNoInternetStatus: false
04-16 04:38:34.783  5628  9412 I WifiProfileShare.Caster: current network type: 0, score: [26, 26, 30]
04-16 04:38:34.784  5628  9412 V WifiProfileShare.Cache: update network score 00:e4:06:**:**:90
04-16 04:38:34.784  5628  9412 D WifiProfileShare.ScanMatcher: getMcfDataList size:2
04-16 04:38:34.785  5628  9412 I WifiProfileShare.Caster: qos data was updated , before:type:QOS, pBssid:51:2e:90, qosData:7c after:type:QOS, pBssid:51:2e:90, qosData:7c
04-16 04:38:34.786  5628  9412 I [MCFSDK_android_1.2.4010]_4_b: isNetworkEnabled - type : 1 ret : true
04-16 04:38:34.786  5628  9412 D WifiProfileShare.McfCast: -ME--- mIsNetworkEnabled :true
04-16 04:38:34.786  5628  9412 D WifiProfileShare.McfCast: updateQoSData ignored, same contents
04-16 04:38:34.786  5628  9412 D WifiProfileShare.MCF: success update QosData !
04-16 04:38:34.787  5628  9412 I [MCFSDK_android_1.2.4010]_4_b: isNetworkEnabled - type : 1 ret : true
04-16 04:38:34.787  5628  9412 D WifiProfileShare.McfCast: -ME--- mIsNetworkEnabled :true
04-16 04:38:34.787  5628  9412 D WifiProfileShare.McfCast: -ME--- updatePasswordDate pwdData size:2
04-16 04:38:34.810  8513  8599 D NetworkController.WifiSignalController: notifyListener: visible=true, connected=true, inetCondition=1, isDefault=true, wifiTestReported=true, receivedInetCondition=-1, hideDuringMobileSwitching=false
04-16 04:38:34.812 23292  4651 I ChimeraSrvcProxy: NullBinder for android.net.action.RECOMMEND_NETWORKS triggering remote TransactionTooLargeException due to Service without Chimera impl
04-16 04:38:34.812 23292  4651 W .gms.persistent: Large reply transaction of 1056768 bytes, interface descriptor , code 1
04-16 04:38:34.813  8513  8599 D Tile.WifiTile: handleUpdateState isTransient=false transientEnabling =false cb.isTransient=false state.state = 2 mStateBeforeClick.value =false enabled =true
04-16 04:38:37.783  5628  9811 D SemWifiUsabilityStatsMonitor: onWifiUsabilityStats - seqNum 4942, isSameBssidAndFreq true
04-16 04:38:37.788  5628  8422 I SemWifiLinkQualityMonitor: Link Qos Query: 0.031 ms / 260.000 Mbps (260 / 0.000 / 1.000)
04-16 04:38:38.099  5331  5331 I SurfaceFlinger: SFWD update time=28116440586042
04-16 04:38:39.236 20153 20177 D Benchmark: timeNs[ 0:10]: 3802269 3789344 3792139 3788566 3791686 3788177 3789251 3785829 3787436 3793220
04-16 04:38:39.236 20153 20177 D Benchmark: timeNs[10:20]: 3795973 3803863 3787215 3789068 3790893 3786557 3803927 3792060 3789010 3789287
04-16 04:38:39.236 20153 20177 D Benchmark: timeNs[20:30]: 3790494 3790730 3788034 3789954 3790541 3790316 3789534 3788541 3789165 3791602
04-16 04:38:39.237 20153 20177 D Benchmark: timeNs[30:40]: 3790334 3792890 3789899 3795179 3799189 3796807 3786507 3787437 3786698 3785402
04-16 04:38:39.237 20153 20177 D Benchmark: timeNs[40:50]: 3791495 3791457 3791452 3789325 3790497 3791551 3788582 3789341 3790835 3787085
04-16 04:38:39.732 20153 20177 D Benchmark: allocationCount[ 0:10]: 1 1 1 1 1
04-16 04:38:39.732 20153 20177 D Benchmark: Set 20177 (Bench thread) to priority -8. Was -20, now -8
04-16 04:38:39.733 20153 20177 D Benchmark: Set 20162 (Jit) to priority 9. Was -15, now 9
04-16 04:38:39.733 20153 20177 D Benchmark: Warmup: t=4.980, iter=1263, fastAvg=3796328, slowAvg=3930225
04-16 04:38:39.733 20153 20177 I PerfettoCapture: Stopping perfetto.
04-16 04:38:39.777 24025 24025 I perfetto:    perfetto_cmd.cc:1168 SIGINT/SIGTERM received: disabling tracing.
04-16 04:38:39.781 20153 20177 D Benchmark: kill -TERM command output -
04-16 04:38:39.793  5403  5403 I perfetto:  probes_producer.cc:396 Producer stop (id=277)
04-16 04:38:39.795  5403  5403 I perfetto:    ftrace_procfs.cc:342 disabled ftrace in /sys/kernel/tracing/
04-16 04:38:39.857  4378  4378 I hwservicemanager: getTransport: Cannot find entry android.hardware.atrace@1.0::IAtraceDevice/default in either framework or device VINTF manifest.
04-16 04:38:39.864  5403  5403 I perfetto:  probes_producer.cc:396 Producer stop (id=278)
04-16 04:38:39.865  5403  5403 I perfetto:  probes_producer.cc:396 Producer stop (id=279)
04-16 04:38:39.910 24025 24025 I perfetto:    perfetto_cmd.cc:1124 Trace written into the output file
04-16 04:38:39.913  5406  5406 I perfetto: ng_service_impl.cc:2426 Tracing session 70 ended, total sessions:0
04-16 04:38:39.926 20153 20177 I PerfettoCapture: Writing to /storage/emulated/0/Android/data/org.jetbrains.android_benchmark.test/cache/Wolf3dBenchmark_mutableRefFloatIn2Longs_2023-04-16-02-38-39.perfetto-trace.
04-16 04:38:39.979 20153 20177 D Benchmark: Copying /storage/emulated/0/Android/data/org.jetbrains.android_benchmark.test/cache/Wolf3dBenchmark_mutableRefFloatIn2Longs_2023-04-16-02-38-39.perfetto-trace to /sdcard/Android/media/org.jetbrains.android_benchmark.test/additional_test_output/Wolf3dBenchmark_mutableRefFloatIn2Longs_2023-04-16-02-38-39.perfetto-trace
04-16 04:38:40.015 10919 23215 W MediaProvider: isAppCloneUserPair for user 0: false
04-16 04:38:40.071  5628 11464 D SyncManager: userId - 0 auto - true
04-16 04:38:40.146 20153 20177 I Benchmark: Wolf3dBenchmark.mutableRefFloatIn2Longs[Metric (timeNs) results: median 3790135.3653846155, min 3785402.346153846, max 3803927.5, standardDeviation: 4171.6093971590835, Metric (allocationCount) results: median 1.0, min 1.0, max 1.0, standardDeviation: 0.0]count=26
04-16 04:38:40.149 20153 20177 D Benchmark: writing results to /storage/emulated/0/Android/data/org.jetbrains.android_benchmark.test/cache/org.jetbrains.android_benchmark.test-benchmarkData.json
04-16 04:38:40.155 20153 20177 D Benchmark: Copying /storage/emulated/0/Android/data/org.jetbrains.android_benchmark.test/cache/org.jetbrains.android_benchmark.test-benchmarkData.json to /sdcard/Android/media/org.jetbrains.android_benchmark.test/additional_test_output/org.jetbrains.android_benchmark.test-benchmarkData.json
04-16 04:38:40.200  5628  5714 W libprocessgroup: Failed to open /dev/blkio//cgroup.procs: No such file or directory
04-16 04:38:40.220  5628  9148 D SyncManager: userId - 0 auto - true
04-16 04:38:40.221 10919 23214 I MediaProvider: Deleted 1 0 0 0 0 0 0 items on external_primary due to org.jetbrains.android_benchmark.test
04-16 04:38:40.221 23292 22776 I NetworkScheduler.Stats: Task com.google.android.gms/com.google.android.gms.ipa.base.IpaGcmTaskService started execution. cause:9 exec_start_elapsed_seconds: 45765 [CONTEXT service_id=218 ]
04-16 04:38:40.235 23292 23505 I NetworkScheduler.Stats: Task com.google.android.gms/com.google.android.gms.ipa.base.IpaGcmTaskService finished executing. cause:9 result: 1 elapsed_millis: 76 uptime_millis: 76 exec_start_elapsed_seconds: 45765 [CONTEXT service_id=218 ]
04-16 04:38:40.243 10919 24086 W MediaProvider: isAppCloneUserPair for user 0: false
04-16 04:38:40.277  5628 11213 D SyncManager: userId - 0 auto - true
04-16 04:38:40.287 20153 20177 I TestRunner: finished: mutableRefFloatIn2Longs(org.jetbrains.android_benchmark.Wolf3dBenchmark)
