04-09 22:43:50.075  6284  6284 D SecPowerUI.Notification: SecBatteryStatsSnapshot{batteryLevel=51, currentBatteryMode=0, chargingTime=3884000, chargingType=11, batteryHealth=2, automaticTestMode=false, isHiccupState=false}
04-09 22:43:50.075  6284  6284 D PowerUi.ChargingNotification: showChargingNotification()
04-09 22:43:50.087  6284  6284 D PowerUi.ChargingNotification: showChargingNotification()
04-09 22:43:50.091  5665  8719 D ApplicationPolicy: isStatusBarNotificationAllowedAsUser: packageName = com.android.systemui,userId = 0
04-09 22:43:50.092  5665  8719 D ApplicationPolicy: isStatusBarNotificationAllowedAsUser: packageName = com.android.systemui,userId = -1
04-09 22:43:50.092  5665  8719 D ApplicationPolicy: isStatusBarNotificationAllowedAsUser: converting userId from USER_ALLto 0
04-09 22:43:50.094  6284  6284 D PowerUI : Battery swelling mode - priorBatterySwellingMode = 0 mBatterySwellingMode = 0 mBatteryStatus = 2
04-09 22:43:50.094  6284  6284 I PowerUI : mBatteryMiscEvent = 65536
04-09 22:43:50.095  6284  6284 D SamsungBatteryMeterDrawable: onBatteryLevelChanged isSomethingChanged: false
04-09 22:43:50.098  6284  6284 D SamsungBatteryMeterDrawable: onBatteryLevelChanged isSomethingChanged: false
04-09 22:43:50.098  6284  6284 D SamsungBatteryMeterDrawable: onBatteryLevelChanged isSomethingChanged: false
04-09 22:43:50.099  6284  6284 D SamsungBatteryMeterDrawable: onBatteryLevelChanged isSomethingChanged: false
04-09 22:43:50.100  6284  6284 D KeyguardUpdateMonitor: received broadcast android.intent.action.BATTERY_CHANGED
04-09 22:43:50.101  6284  6284 I AODBatteryManager: updateBatteryData: ACTION_BATTERY_CHANGED
04-09 22:43:50.110  6284  6284 I AODBatteryManager: saveBatteryData : AOD BatteryData [mBatteryLevel=51, mBatteryStatus=CHARGING, mBatteryPlugType=USB, mBatteryPlugged=true, mRemainingChargeTime=3884000, mBatteryChargingType=2, mBatteryChargerType=FAST, mBatteryOnline=NOT_DEFINED, mBatterySwellingMode=NONE, mBatteryProtectMode=false]
04-09 22:43:50.110  6284  6284 I ChargingInfoManager: updateChargingInfo: newState = AOD ChargingInfo [mState=BATTERY_AND_REMAIN_TIME, mIsCharging=true, mIsFullyCharged=false, mIsBatteryProtectMode=false], oldState = AOD ChargingInfo [mState=BATTERY_AND_REMAIN_TIME, mIsCharging=true, mIsFullyCharged=false, mIsBatteryProtectMode=false]
04-09 22:43:50.111  6284  6284 D KeyguardUpdateMonitor: handleBatteryUpdate
04-09 22:43:50.114 15226 15226 I FirebaseApp: Device unlocked: initializing all Firebase APIs for app [DEFAULT]
04-09 22:43:50.118  6284  6284 D KeyguardSecIndicationController: addIndicationTimeout() returned - unlocking
04-09 22:43:50.118  6284  6284 D KeyguardSecIndicationController: addIndication() returned - unlocking
04-09 22:43:50.119  6284  6284 D KeyguardSecIndicationController: addBatteryAndOwnerInfoIndication() battery status = BatteryStatus{status=2,level=51,plugged=2,health=2,maxChargingWattage=-1,remaining=3884000ultraFastCharger=1}
04-09 22:43:50.222 15197 15271 W exnavi:passport: Method void com.yandex.metrica.impl.ob.xi.a(android.os.Bundle) failed lock verification and will run slower.
04-09 22:43:50.222 15197 15271 W exnavi:passport: Common causes for lock verification issues are non-optimized dex code
04-09 22:43:50.222 15197 15271 W exnavi:passport: and incorrect proguard optimizations.
04-09 22:43:50.287 15226 15283 I DynamiteModule: Considering local module com.google.android.gms.measurement.dynamite:17 and remote module com.google.android.gms.measurement.dynamite:0
04-09 22:43:50.288 15226 15283 I DynamiteModule: Selected local version of com.google.android.gms.measurement.dynamite
04-09 22:43:50.296 15197 15269 I AppMetrica: Activate reporter with APIKey 67bb016b-xxxx-xxxx-xxxx-xxxxxxxx03d3
04-09 22:43:50.298 15197 15269 I AppMetrica: Activate reporter with APIKey 20799a27-xxxx-xxxx-xxxx-xxxxxxxx4180
04-09 22:43:50.320  6284  6284 D InterruptionStateProvider: Group alert behavior is suppressed but we want to alert bubble
04-09 22:43:50.320  6284  6284 D BubblesManager: onRankingUpdate : shouldBubbleUp=false ,pkg=com.samsung.android.messaging ,key=0|com.samsung.android.messaging|123|com.samsung.android.messaging:GROUP_RECEIVED:|10115
04-09 22:43:50.320  6284  6284 D BubblesManager: onRankingUpdate : shouldBubbleUp=false ,pkg=com.samsung.android.messaging ,key=0|com.samsung.android.messaging|123|com.samsung.android.messaging:MESSAGE_RECEIVED:138|10115
04-09 22:43:50.321  6284  6284 D InterruptionStateProvider: Group alert behavior is suppressed but we want to alert bubble
04-09 22:43:50.321  6284  6284 D BubblesManager: onRankingUpdate : shouldBubbleUp=false ,pkg=com.samsung.android.messaging ,key=0|com.samsung.android.messaging|123|com.samsung.android.messaging:MESSAGE_RECEIVED:141|10115
04-09 22:43:50.321  6284  6284 D BubblesManager: onRankingUpdate : shouldBubbleUp=false ,pkg=android ,key=-1|android|34|NetworkPolicy:945656281:34|1000
04-09 22:43:50.321  6284  6284 D BubblesManager: onRankingUpdate : shouldBubbleUp=false ,pkg=com.kms.free ,key=0|com.kms.free|42|null|10299
04-09 22:43:50.327  9619 10534 I NotificationPipeline: Processing new notification: -1|com.android.systemui|2131428959|charging_state|10054
04-09 22:43:50.327  9619 10534 E Notification4Heart_NB: WatchFactory.getWatch-lastConnectedNodeId is null
04-09 22:43:50.329  9619 10534 W Notification4Heart_NB: NotificationBridgeCallback.onNotificationPosted-never connected before
04-09 22:43:50.331  6837  6837 I Launcher.NotificationListener: onNotificationPosted : com.android.systemui number : 0
04-09 22:43:50.332  6284  6284 D BubblesManager: onRankingUpdate : shouldBubbleUp=false ,pkg=com.sec.android.app.shealth ,key=0|com.sec.android.app.shealth|105|null|10256
04-09 22:43:50.332  6284  6284 D BubblesManager: onRankingUpdate : shouldBubbleUp=false ,pkg=com.kms.free ,key=0|com.kms.free|1|null|10299
04-09 22:43:50.332  6284  6284 D BubblesManager: onRankingUpdate : shouldBubbleUp=false ,pkg=mrigapps.andriod.breakfree.deux ,key=0|mrigapps.andriod.breakfree.deux|2|null|10506
04-09 22:43:50.332  6284  6284 D BubblesManager: onRankingUpdate : shouldBubbleUp=false ,pkg=com.android.providers.downloads ,key=0|com.android.providers.downloads|0|3:1244|10068
04-09 22:43:50.332  6284  6284 D BubblesManager: onRankingUpdate : shouldBubbleUp=false ,pkg=ru.mail.mailapp ,key=0|ru.mail.mailapp|1073741824|zhelenskiy@mail.ru|10221
04-09 22:43:50.332  6284  6284 D InterruptionStateProvider: Group alert behavior is suppressed but we want to alert bubble
04-09 22:43:50.332  6284  6284 D BubblesManager: onRankingUpdate : shouldBubbleUp=false ,pkg=ru.mail.mailapp ,key=0|ru.mail.mailapp|1291137120|zhelenskiy@mail.ru|10221
04-09 22:43:50.332  6284  6284 D InterruptionStateProvider: Group alert behavior is suppressed but we want to alert bubble
04-09 22:43:50.332  6284  6284 D BubblesManager: onRankingUpdate : shouldBubbleUp=false ,pkg=ru.mail.mailapp ,key=0|ru.mail.mailapp|406243825|zhelenskiy@mail.ru|10221
04-09 22:43:50.333  6284  6284 D BubblesManager: onRankingUpdate : shouldBubbleUp=false ,pkg=android ,key=0|android|38|AccountManagerService:38:-904454848:838749127:10427|1000
04-09 22:43:50.333  6284  6284 D InterruptionStateProvider: Group alert behavior is suppressed but we want to alert bubble
04-09 22:43:50.333  6284  6284 D BubblesManager: onRankingUpdate : shouldBubbleUp=false ,pkg=com.google.android.googlequicksearchbox ,key=0|com.google.android.googlequicksearchbox|0|-1997195081::SUMMARY::wx|10233
04-09 22:43:50.333  6284  6284 D BubblesManager: onRankingUpdate : shouldBubbleUp=false ,pkg=com.google.android.googlequicksearchbox ,key=0|com.google.android.googlequicksearchbox|0|-1997195081::a:snotification:[0x394,wx.f,NOTIFICATION]|10233
04-09 22:43:50.333  6284  6284 D BubblesManager: onRankingUpdate : shouldBubbleUp=false ,pkg=android ,key=-1|android|27|null|1000
04-09 22:43:50.333  6284  6284 D BubblesManager: onRankingUpdate : shouldBubbleUp=false ,pkg=com.android.systemui ,key=-1|com.android.systemui|2131428959|charging_state|10054
04-09 22:43:50.333  6284  6315 D Bubbles : onRankingUpdated : isActiveOrInOverflow= false , mTmpRanking.canBubble()= false ,isActive= false ,shouldBubbleUp= false ,mTmpRanking.isBubble()= false
04-09 22:43:50.334  6284  6315 D Bubbles : onRankingUpdated : isActiveOrInOverflow= false , mTmpRanking.canBubble()= false ,isActive= false ,shouldBubbleUp= false ,mTmpRanking.isBubble()= false
04-09 22:43:50.334  6284  6315 D Bubbles : onRankingUpdated : isActiveOrInOverflow= false , mTmpRanking.canBubble()= false ,isActive= false ,shouldBubbleUp= false ,mTmpRanking.isBubble()= false
04-09 22:43:50.334  6284  6315 D Bubbles : onRankingUpdated : isActiveOrInOverflow= false , mTmpRanking.canBubble()= false ,isActive= false ,shouldBubbleUp= false ,mTmpRanking.isBubble()= false
04-09 22:43:50.334  6284  6315 D Bubbles : onRankingUpdated : isActiveOrInOverflow= false , mTmpRanking.canBubble()= false ,isActive= false ,shouldBubbleUp= false ,mTmpRanking.isBubble()= false
04-09 22:43:50.334  6284  6315 D Bubbles : onRankingUpdated : isActiveOrInOverflow= false , mTmpRanking.canBubble()= false ,isActive= false ,shouldBubbleUp= false ,mTmpRanking.isBubble()= false
04-09 22:43:50.334  6284  6315 D Bubbles : onRankingUpdated : isActiveOrInOverflow= false , mTmpRanking.canBubble()= false ,isActive= false ,shouldBubbleUp= false ,mTmpRanking.isBubble()= false
04-09 22:43:50.334  6284  6315 D Bubbles : onRankingUpdated : isActiveOrInOverflow= false , mTmpRanking.canBubble()= false ,isActive= false ,shouldBubbleUp= false ,mTmpRanking.isBubble()= false
04-09 22:43:50.339  6284  6315 D Bubbles : onRankingUpdated : isActiveOrInOverflow= false , mTmpRanking.canBubble()= false ,isActive= false ,shouldBubbleUp= false ,mTmpRanking.isBubble()= false
04-09 22:43:50.339  6284  6315 D Bubbles : onRankingUpdated : isActiveOrInOverflow= false , mTmpRanking.canBubble()= false ,isActive= false ,shouldBubbleUp= false ,mTmpRanking.isBubble()= false
04-09 22:43:50.339  6284  6315 D Bubbles : onRankingUpdated : isActiveOrInOverflow= false , mTmpRanking.canBubble()= false ,isActive= false ,shouldBubbleUp= false ,mTmpRanking.isBubble()= false
04-09 22:43:50.340  6210  6210 I FreeformContainer: [SmartPopupViewService] onNotificationPosted: StatusBarNotification(pkg=com.android.systemui user=UserHandle{-1} id=2131428959 tag=charging_state key=-1|com.android.systemui|2131428959|charging_state|10054: Notification(channel=CHR shortcut=null contentView=null vibrate=null sound=null defaults=0x0 flags=0xa color=0xff8b94ab category=sys groupKey=CHARGING vis=PUBLIC semFlags=0x0 semPriority=0 semMissedCount=0))
04-09 22:43:50.340  6210  6210 V FreeformContainer: [SmartPopupViewService] isSmartPopupViewTarget: com.android.systemui is not enabled
04-09 22:43:50.340  6284  6315 D Bubbles : onRankingUpdated : isActiveOrInOverflow= false , mTmpRanking.canBubble()= false ,isActive= false ,shouldBubbleUp= false ,mTmpRanking.isBubble()= false
04-09 22:43:50.341  6284  6315 D Bubbles : onRankingUpdated : isActiveOrInOverflow= false , mTmpRanking.canBubble()= false ,isActive= false ,shouldBubbleUp= false ,mTmpRanking.isBubble()= false
04-09 22:43:50.342  6284  6315 D Bubbles : onRankingUpdated : isActiveOrInOverflow= false , mTmpRanking.canBubble()= false ,isActive= false ,shouldBubbleUp= false ,mTmpRanking.isBubble()= false
04-09 22:43:50.342  6284  6315 D Bubbles : onRankingUpdated : isActiveOrInOverflow= false , mTmpRanking.canBubble()= false ,isActive= false ,shouldBubbleUp= false ,mTmpRanking.isBubble()= false
04-09 22:43:50.343  6284  6315 D Bubbles : onRankingUpdated : isActiveOrInOverflow= false , mTmpRanking.canBubble()= false ,isActive= false ,shouldBubbleUp= false ,mTmpRanking.isBubble()= false
04-09 22:43:50.343  6284  6315 D Bubbles : onRankingUpdated : isActiveOrInOverflow= false , mTmpRanking.canBubble()= false ,isActive= false ,shouldBubbleUp= false ,mTmpRanking.isBubble()= false
04-09 22:43:50.382  5249  5249 E audit   : type=1400 audit(1681073030.374:731): avc:  denied  { getattr } for  pid=5665 comm="BinderProcsColl" path="/sys/kernel/debug/binder/proc/5665" dev="debugfs" ino=28451 scontext=u:r:system_server:s0 tcontext=u:object_r:sec_debugfs:s0 tclass=file permissive=0 SEPF_SM-A515F_13_0001 audit_filtered
04-09 22:43:50.382  5249  5249 E audit   : type=1300 audit(1681073030.374:731): arch=c00000b7 syscall=79 success=no exit=-13 a0=ffffff9c a1=722e3db9b0 a2=721ca0c680 a3=0 items=0 ppid=5274 pid=5665 auid=4294967295 uid=1000 gid=1000 euid=1000 suid=1000 fsuid=1000 egid=1000 sgid=1000 fsgid=1000 tty=(none) ses=4294967295 comm="BinderProcsColl" exe="/system/bin/app_process64" subj=u:r:system_server:s0 key=(null)
04-09 22:43:50.382 15226 15283 W d.game.gamehome: Unsupported class loader
04-09 22:43:50.383  5249  5249 E audit   : type=1327 audit(1681073030.374:731): proctitle="system_server"
04-09 22:43:50.389 15226 15283 W d.game.gamehome: Unsupported class loader
04-09 22:43:50.389 15226 15283 W d.game.gamehome: Unsupported class loader
04-09 22:43:50.391  5665  8719 E system_server: Invalid class loader spec: =UnsupportedClassLoaderContext=
04-09 22:43:50.497 15226 15226 I FirebaseCrashlytics: Initializing Crashlytics 17.2.1
04-09 22:43:50.520  6284  6284 D BubblesManager: onEntryUpdated : shouldBubbleUp=false ,key=-1|com.android.systemui|2131428959|charging_state|10054
04-09 22:43:50.570  6284  6284 I FaceWidgetPositionAlgorithm: getMediaContainerHeight() height = 0 container Visibility = 8, isValid = false, mIsDozing = false, fraction = 1.0, source = 0, target = 0
04-09 22:43:50.570  6284  6284 I FaceWidgetPositionAlgorithm: getMediaContainerHeight() supplier = 0
04-09 22:43:50.625 15231 15231 V GraphicsEnvironment: ANGLE Developer option for 'android' set to: 'default'
04-09 22:43:50.626 15231 15231 V GraphicsEnvironment: ANGLE GameManagerService for android: false
04-09 22:43:50.626 15231 15231 V GraphicsEnvironment: Neither updatable production driver nor prerelease driver is supported.
04-09 22:43:50.632 15231 15231 D NetworkSecurityConfig: No Network Security Config specified, using platform default
04-09 22:43:50.636 15231 15231 D NetworkSecurityConfig: No Network Security Config specified, using platform default
04-09 22:43:50.647  6284  6284 I FaceWidgetPositionAlgorithm: getMediaContainerHeight() height = 0 container Visibility = 8, isValid = false, mIsDozing = false, fraction = 1.0, source = 0, target = 0
04-09 22:43:50.647  6284  6284 I FaceWidgetPositionAlgorithm: getMediaContainerHeight() supplier = 0
04-09 22:43:50.705 15231 15231 E DrmManagerClient: saveDevID : Checking
04-09 22:43:50.741  6284  6284 I FaceWidgetPositionAlgorithm: getMediaContainerHeight() height = 0 container Visibility = 8, isValid = false, mIsDozing = false, fraction = 1.0, source = 0, target = 0
04-09 22:43:50.741  6284  6284 I FaceWidgetPositionAlgorithm: getMediaContainerHeight() supplier = 0
04-09 22:43:50.794 15231 15319 I DrmEventService: action event :START_RESOURCE_HELPER
04-09 22:43:50.805 15231 15319 I DrmMediaResourceHelper: createMediaResourceHelper
04-09 22:43:50.824 15231 15319 V ResourceManagerHelper-JNI: JNI_OnLoad
04-09 22:43:50.843 15231 15319 V ResourceManagerHelper-JNI: JNI_OnLoad out
04-09 22:43:50.846 15231 15319 V ResourceManagerHelper-JNI: JNIMediaResourceHelper constructor
04-09 22:43:50.848 15231 15319 V ResourceManagerHelper-JNI: create ResourceManagerObserverClient
04-09 22:43:50.848 15231 15319 V ResourceManagerHelper-JNI: JNIMediaResourceHelper getMediaResourceHelper_l
04-09 22:43:50.892  5491 31405 I ResourceManagerService: Client(0xecf2f840) constructor - (PID : 15231)
04-09 22:43:50.898 15231 15319 I SemMediaResourceHelper: SemMediaResourceHelper() resourceType : 2, ownResourceEventExcluded : false, myPid : 15231
04-09 22:43:50.898 15231 15319 V ResourceManagerHelper-JNI: enableObserver enable : 1
04-09 22:43:50.899 15231 15319 V ResourceManagerHelper-JNI: enableObserver enable : 1
04-09 22:43:50.917  7973  7973 W gle.android.gms: Long monitor contention with owner binder:7973_3 (8028) at void com.google.android.gms.common.apiservice.LifecycleSynchronizer.onBeforeDispatching()(:com.google.android.gms@231115044@23.11.15 (190400-520109968):9) waiters=0 in void com.google.android.gms.common.apiservice.LifecycleSynchronizer.onServiceStart() for 160ms
04-09 22:43:51.000 14878 14890 W x.weatherplugin: Suspending all threads took: 13.153ms
04-09 22:43:51.119 15176 15325 D TrafficStats: tagSocket(97) with statsTag=0xffffffff, statsUid=-1
04-09 22:43:51.135 15176 15325 D TrafficStats: tagSocket(97) with statsTag=0xffffffff, statsUid=-1
04-09 22:43:51.208 15176 15220 I AppMetrica-Attribution: Choosing distribution data: ClidsInfo(chosen=Candidate(clids=null, source=APP), candidates=[Candidate(clids=null, source=APP)])
04-09 22:43:51.249 15226 15226 I FirebaseInitProvider: FirebaseApp initialization successful
04-09 22:43:51.322 15176 15263 D CompatibilityChangeReporter: Compat change id reported: 147600208; UID 10311; state: ENABLED
04-09 22:43:51.342 14878 14890 W x.weatherplugin: Suspending all threads took: 12.188ms
04-09 22:43:51.395  5665  8719 D PackageManager: setEnabledSetting : userId = 0 packageName = com.samsung.android.game.gamehome cmp = androidx.work.impl.background.systemjob.SystemJobService newState = 1 callingPackage = 10080/com.samsung.android.game.gamehome
04-09 22:43:51.397  5665  8719 D ApplicationPolicy: getApplicationStateEnabled : pkg = com.samsung.android.game.gamehome userId : 0
04-09 22:43:51.399  5665  8719 D ApplicationPolicy: getApplicationComponentState : pkg = com.samsung.android.game.gamehome userId : 0
04-09 22:43:51.616 15176 15324 D TrafficStats: tagSocket(104) with statsTag=0xffffffff, statsUid=-1
04-09 22:43:51.618 15197 15212 W exnavi:passport: Long monitor contention with owner Thread-2 (15295) at com.yandex.passport.internal.AccountsSnapshot com.yandex.passport.internal.core.accounts.AccountsRetriever.retrieve()(SourceFile:16) waiters=0 in com.yandex.passport.internal.AccountsSnapshot com.yandex.passport.internal.core.accounts.AccountsRetriever.retrieve() for 238ms
04-09 22:43:51.647 15197 15295 D CompatibilityChangeReporter: Compat change id reported: 194532703; UID 10311; state: DISABLED
04-09 22:43:51.752 15176 15220 I AppMetrica-Attribution: Choosing distribution data: ClidsInfo(chosen=Candidate(clids=null, source=APP), candidates=[Candidate(clids=null, source=APP)])
04-09 22:43:51.894 15176 15220 I AppMetrica-Attribution: Choosing distribution data: ClidsInfo(chosen=Candidate(clids=null, source=APP), candidates=[Candidate(clids=null, source=APP)])
04-09 22:43:51.925 15197 15295 W exnavi:passport: Long monitor contention with owner binder:15197_3 (15212) at com.yandex.passport.internal.AccountsSnapshot com.yandex.passport.internal.core.accounts.AccountsRetriever.retrieve()(SourceFile:16) waiters=0 in com.yandex.passport.internal.AccountsSnapshot com.yandex.passport.internal.core.accounts.AccountsRetriever.retrieve() for 232ms
04-09 22:43:52.069 15176 15220 I AppMetrica-Attribution: Choosing distribution data: ClidsInfo(chosen=Candidate(clids=null, source=APP), candidates=[Candidate(clids=null, source=APP)])
04-09 22:43:52.114 15176 15324 D TrafficStats: tagSocket(108) with statsTag=0xffffffff, statsUid=-1
04-09 22:43:52.162 15226 15226 I GameLauncher: [(SourceFile:2):onCreate]
04-09 22:43:52.182  5665  5814 D PackageManager: setEnabledSetting : userId = 0 packageName = com.samsung.android.game.gamehome cmp = com.samsung.android.game.gamehome.receiver.NotificationListener newState = 2 callingPackage = 10080/com.samsung.android.game.gamehome
04-09 22:43:52.205 15226 15226 I GameLauncher: [(SourceFile:2):W1] TNC curVer : 200625 newVer : 200625
04-09 22:43:52.206  5665  8047 D PackageManager: setEnabledSetting : userId = 0 packageName = com.samsung.android.game.gamehome cmp = com.samsung.android.game.gamehome.receiver.NotificationListenerOverR newState = 0 callingPackage = 10080/com.samsung.android.game.gamehome
04-09 22:43:52.212  5665  8047 D ApplicationPolicy: getApplicationStateEnabled : pkg = com.samsung.android.game.gamehome userId : 0
04-09 22:43:52.213  5665  8047 D ApplicationPolicy: getApplicationComponentState : pkg = com.samsung.android.game.gamehome userId : 0
04-09 22:43:52.223 15226 15226 I GameLauncher: [(SourceFile:1):g] setAlarmService isOn true interval 3600000
04-09 22:43:52.232 15176 15220 I AppMetrica-Attribution: Choosing distribution data: ClidsInfo(chosen=Candidate(clids=null, source=APP), candidates=[Candidate(clids=null, source=APP)])
04-09 22:43:52.242 15226 15226 I GameLauncher: [(SourceFile:3):onCreate]
04-09 22:43:52.248 15226 15226 W DIAGMON_SDK[605055]: UncaughtExceptionLogging can't be enabled because Configuration is null
04-09 22:43:52.289 15226 15226 I GameLauncher: BootCompletedReceiver : onReceive
04-09 22:43:52.290 15226 15226 I GameLauncher: [(SourceFile:3):onReceive] start BOOT_COMPLETED
04-09 22:43:52.309 15226 15226 I GameLauncher: [(SourceFile:1):g] setAlarmService isOn true interval 3600000
04-09 22:43:52.344 15226 15226 I GameLauncher: [(SourceFile:12):onReceive] Skip by oobdisablingDone
04-09 22:43:52.354 15176 15220 I AppMetrica-Attribution: Choosing distribution data: ClidsInfo(chosen=Candidate(clids=null, source=APP), candidates=[Candidate(clids=null, source=APP)])
04-09 22:43:52.362 15176 15220 I AppMetrica-Attribution: Choosing distribution data: ClidsInfo(chosen=Candidate(clids=null, source=APP), candidates=[Candidate(clids=null, source=APP)])
04-09 22:43:52.370  5665  5739 I libprocessgroup: Successfully killed process cgroup uid 10124 pid 13684 in 2ms
04-09 22:43:52.380 15176 15220 I AppMetrica-Attribution: Choosing distribution data: ClidsInfo(chosen=Candidate(clids=null, source=APP), candidates=[Candidate(clids=null, source=APP)])
04-09 22:43:52.384  5274  5274 D Zygote  : Forked child process 15348
04-09 22:43:52.392 15176 15220 I AppMetrica-Attribution: Choosing distribution data: ClidsInfo(chosen=Candidate(clids=null, source=APP), candidates=[Candidate(clids=null, source=APP)])
04-09 22:43:52.440 13208 13208 I GOS:GosService: onCreate.
04-09 22:43:52.443 13208 13208 I GOS:GosService: onBind.
04-09 22:43:52.443 13208 13208 I GOS:AidlService: getPermissionInfo(), callerUid: 10217
04-09 22:43:52.453 15348 15348 I ndroid.contacts: Using CollectorTypeCC GC.
04-09 22:43:52.466  7058  7063 I adbd    : jdwp connection from 15348
04-09 22:43:52.465  5665  5680 I system_server: Background concurrent copying GC freed 458783(27MB) AllocSpace objects, 34(1900KB) LOS objects, 21% free, 89MB/113MB, paused 698us,298us total 435.801ms
04-09 22:43:52.483 15348 15348 D ActivityThread: setConscryptValidator
04-09 22:43:52.483 15348 15348 D ActivityThread: setConscryptValidator - put
04-09 22:43:52.509 15348 15348 D CompatibilityChangeReporter: Compat change id reported: 171979766; UID 10353; state: ENABLED
04-09 22:43:52.556  5274  5274 I Zygote  : Process 13684 exited due to signal 9 (Killed)
04-09 22:43:52.620 15348 15348 D nativeloader: Configuring classloader-namespace for other apk /system/framework/org.apache.http.legacy.jar. target_sdk_version=33, uses_libraries=ALL, library_path=/data/app/~~RGHHXAiciouI9qVssQKtoQ==/com.google.android.contacts-CRaWRjdIy4GscpzB-i3PPA==/lib/arm64, permitted_path=/data:/mnt/expand:/data/user/0/com.google.android.contacts
04-09 22:43:52.620 15348 15348 D nativeloader: Extending system_exposed_libraries: libhumantracking.arcsoft.so:libPortraitDistortionCorrection.arcsoft.so:libPortraitDistortionCorrectionCali.arcsoft.so:libface_landmark.arcsoft.so:libFacialStickerEngine.arcsoft.so:libveengine.arcsoft.so:liblow_light_hdr.arcsoft.so:libhigh_dynamic_range.arcsoft.so:libFacialAttributeDetection.arcsoft.so:libneural.snap.samsung.so:libsnap_aidl.snap.samsung.so:libBestComposition.polarr.so:libTracking.polarr.so:libFeature.polarr.so:libPolarrSnap.polarr.so:libYuv.polarr.so:libhal.wsm.samsung.so:libsce_v1.crypto.samsung.so:libknox_remotedesktopclient.knox.samsung.so:libVDLowLight.visidon.so:libSDKRecognitionText.spensdk.samsung.so:libSFEffect.fonteffect.samsung.so:libheifcapture_jni.media.samsung.so:libjpegsq.media.samsung.so:libslljpeg.media.samsung.so:libsemimagecrop_jni.media.samsung.so:libapex_jni.media.samsung.so:libperfsdk.performance.samsung.so:lib.engmodejni.samsung.so:libSEF.quram.so:libimagecodec.quram.so:libagifencoder.quram.so:libBeauty_v4.camera.samsung.so:libexifa.ca
04-09 22:43:52.645 15226 15301 I FA      : App measurement initialized, version: 31049
04-09 22:43:52.645 15226 15301 I FA      : To enable debug logging run: adb shell setprop log.tag.FA VERBOSE
04-09 22:43:52.646 15226 15301 I FA      : To enable faster debug mode event logging run:
04-09 22:43:52.646 15226 15301 I FA      :   adb shell setprop debug.firebase.analytics.app com.samsung.android.game.gamehome
04-09 22:43:52.679  6284  6373 D MobileStatusTracker(1/2): onDataActivity: direction=3
04-09 22:43:52.682  6284  6373 D MobileSignalController(1/2): notifyListener: enabled=true, connected=true, dataConnected=true, networkType=LTE (4G), emergencyOnly=false, roaming=false, isDefault=true, dataActivity=inout, level=3, ca=false, mmWave=false, disabledDataIcon=false, simCard=ETC
04-09 22:43:52.714 15348 15348 D nativeloader: Configuring classloader-namespace for other apk /data/app/~~RGHHXAiciouI9qVssQKtoQ==/com.google.android.contacts-CRaWRjdIy4GscpzB-i3PPA==/base.apk. target_sdk_version=33, uses_libraries=, library_path=/data/app/~~RGHHXAiciouI9qVssQKtoQ==/com.google.android.contacts-CRaWRjdIy4GscpzB-i3PPA==/lib/arm64, permitted_path=/data:/mnt/expand:/data/user/0/com.google.android.contacts
04-09 22:43:52.764 13208 13208 I GOS:AidlService: getPermissionInfo(), callerPkgName from Uid: com.samsung.android.game.gos
04-09 22:43:52.807 13208 13208 I GOS:AidlService: getPermissionInfo(), platform signature
04-09 22:43:52.825 15226 15226 I GameLauncher: [(SourceFile:3):onServiceConnected] onServiceConnected
04-09 22:43:52.861 15348 15348 V GraphicsEnvironment: ANGLE Developer option for 'com.google.android.contacts' set to: 'default'
04-09 22:43:52.866 15348 15348 V GraphicsEnvironment: ANGLE GameManagerService for com.google.android.contacts: false
04-09 22:43:52.867 15348 15348 V GraphicsEnvironment: Neither updatable production driver nor prerelease driver is supported.
04-09 22:43:52.877 15348 15348 D NetworkSecurityConfig: No Network Security Config specified, using platform default
04-09 22:43:52.921 15348 15348 D NetworkSecurityConfig: No Network Security Config specified, using platform default
04-09 22:43:52.967 13208 13228 I GOS:AidlService: getPermissionInfo(), callerUid: 10080
04-09 22:43:52.973 13208 13228 I GOS:AidlService: getPermissionInfo(), callerPkgName from Uid: com.samsung.android.game.gamehome
04-09 22:43:52.976 13208 13228 I GOS:AidlService: getPermissionInfo(), platform signature
04-09 22:43:53.168 15226 15226 I GameLauncher: [(SourceFile:2):a] SetAllGameVolume to gameMuteOn false
04-09 22:43:53.195 15226 15226 I GameLauncher: [(SourceFile:3):t] setAppMute com.fungames.flightpilot(10352) : setMute false
04-09 22:43:53.198  5665  8047 D AS.AudioService: isAppMute, uid:10352
04-09 22:43:53.219 15226 15226 I GameLauncher: [(SourceFile:2):s] skip, already muted status
04-09 22:43:53.223 15226 15226 I GameLauncher: [(SourceFile:3):t] setAppMute com.teapotgames.avionflightsimulator(10345) : setMute false
04-09 22:43:53.223  5665  8049 D AS.AudioService: isAppMute, uid:10345
04-09 22:43:53.227 15226 15226 I GameLauncher: [(SourceFile:2):s] skip, already muted status
04-09 22:43:53.237 15226 15226 I GameLauncher: [(SourceFile:3):t] setAppMute pl.aidemmedia.RealisticBridge(10404) : setMute false
04-09 22:43:53.237  5665  8047 D AS.AudioService: isAppMute, uid:10404
04-09 22:43:53.240 15226 15226 I GameLauncher: [(SourceFile:2):s] skip, already muted status
04-09 22:43:53.245 15226 15226 I GameLauncher: [(SourceFile:3):t] setAppMute com.rstgames.durak(10172) : setMute false
04-09 22:43:53.247  5665  8047 D AS.AudioService: isAppMute, uid:10172
04-09 22:43:53.250 15226 15226 I GameLauncher: [(SourceFile:2):s] skip, already muted status
04-09 22:43:53.263 15226 15226 I GameLauncher: [(SourceFile:3):t] setAppMute com.AXgamesoft.TurbopropFS(10360) : setMute false
04-09 22:43:53.264  5665  8047 D AS.AudioService: isAppMute, uid:10360
04-09 22:43:53.272 15226 15226 I GameLauncher: [(SourceFile:2):s] skip, already muted status
04-09 22:43:53.281 15226 15226 I GameLauncher: [(SourceFile:3):t] setAppMute com.playstation.knowledge(10011) : setMute false
04-09 22:43:53.284  5665  8047 D AS.AudioService: isAppMute, uid:10011
04-09 22:43:53.286 15226 15226 I GameLauncher: [(SourceFile:2):s] skip, already muted status
04-09 22:43:53.354 13208 13208 I GOS:GosService: onUnbind.
04-09 22:43:53.378 13208 13208 I GOS:GosService: onDestroy.
04-09 22:43:53.422 15078 15341 E ndex.yandexnavi: Invalid ID 0x00000000.
04-09 22:43:53.438  5665  8772 D PackageManager: setEnabledSetting : userId = 0 packageName = ru.yandex.yandexnavi cmp = ru.yandex.searchlib.notification.BarMarkerService newState = 2 callingPackage = 10311/ru.yandex.yandexnavi
04-09 22:43:53.444  5665  8772 D PackageManager: setEnabledSetting : userId = 0 packageName = ru.yandex.yandexnavi cmp = ru.yandex.searchlib.notification.NotificationConnectivityBroadcastReceiver newState = 2 callingPackage = 10311/ru.yandex.yandexnavi
04-09 22:43:53.453  5665  8772 D PackageManager: setEnabledSetting : userId = 0 packageName = ru.yandex.yandexnavi cmp = ru.yandex.searchlib.notification.BarMarkerService newState = 2 callingPackage = 10311/ru.yandex.yandexnavi
04-09 22:43:53.468  5665  8772 D PackageManager: setEnabledSetting : userId = 0 packageName = ru.yandex.yandexnavi cmp = ru.yandex.searchlib.notification.NotificationConnectivityBroadcastReceiver newState = 2 callingPackage = 10311/ru.yandex.yandexnavi
04-09 22:43:53.560 15078 15186 E ndex.yandexnavi: Invalid ID 0x00000000.
04-09 22:43:53.636 15176 15190 W System  : A resource failed to call close.
04-09 22:43:53.641 15176 15190 W System  : A resource failed to call close.
04-09 22:43:53.665  5665  8772 D PackageManager: setEnabledSetting : userId = 0 packageName = ru.yandex.yandexnavi cmp = ru.yandex.searchlib.notification.BarMarkerService newState = 2 callingPackage = 10311/ru.yandex.yandexnavi
04-09 22:43:53.669  5665  8772 D PackageManager: setEnabledSetting : userId = 0 packageName = ru.yandex.yandexnavi cmp = ru.yandex.searchlib.notification.NotificationConnectivityBroadcastReceiver newState = 2 callingPackage = 10311/ru.yandex.yandexnavi
04-09 22:43:53.686  5665  8772 D PackageManager: setEnabledSetting : userId = 0 packageName = ru.yandex.yandexnavi cmp = ru.yandex.searchlib.notification.BarMarkerService newState = 2 callingPackage = 10311/ru.yandex.yandexnavi
04-09 22:43:53.691  5665  8049 D PackageManager: setEnabledSetting : userId = 0 packageName = ru.yandex.yandexnavi cmp = ru.yandex.searchlib.notification.NotificationConnectivityBroadcastReceiver newState = 2 callingPackage = 10311/ru.yandex.yandexnavi
04-09 22:43:53.696  6284  6373 D MobileStatusTracker(1/2): onDataActivity: direction=0
04-09 22:43:53.700  6284  6373 D MobileSignalController(1/2): notifyListener: enabled=true, connected=true, dataConnected=true, networkType=LTE (4G), emergencyOnly=false, roaming=false, isDefault=true, dataActivity=, level=3, ca=false, mmWave=false, disabledDataIcon=false, simCard=ETC
04-09 22:43:53.912 15348 15348 D CompatibilityChangeReporter: Compat change id reported: 183155436; UID 10353; state: ENABLED
04-09 22:43:54.030  7623  7623 D BoundBrokerSvc: onUnbind: Intent { act=com.google.android.gms.scheduler.ACTION_PROXY_SCHEDULE dat=chimera-action:/... cmp=com.google.android.gms/.chimera.PersistentApiService }
04-09 22:43:54.144 14051 15411 D TrafficStats: tagSocket(106) with statsTag=0xffffffff, statsUid=-1
04-09 22:43:54.148 14051 15411 D TrafficStats: tagSocket(106) with statsTag=0xffffffff, statsUid=-1
04-09 22:43:54.250  7973  7973 D BoundBrokerSvc: onBind: Intent { act=com.google.android.gms.people.contactssync.service.START pkg=com.google.android.gms }
04-09 22:43:54.251  7973  7973 D BoundBrokerSvc: Loading bound service for intent: Intent { act=com.google.android.gms.people.contactssync.service.START pkg=com.google.android.gms }
04-09 22:43:54.315 15348 15417 D CompatibilityChangeReporter: Compat change id reported: 194532703; UID 10353; state: ENABLED
04-09 22:43:54.449 14878 14890 W x.weatherplugin: Suspending all threads took: 6.182ms
04-09 22:43:54.508  7973  8028 I PeopleChimeraService: onService. callbacks = attu@41d5e86, request = com.google.android.gms.common.internal.GetServiceRequest@4f24347
04-09 22:43:54.544 14878 15313 D WidgetsWorkManager: updateWidgetsFromCache()
04-09 22:43:54.607  7973  8028 I PeopleChimeraService: onService. callbacks = attu@8a0649d, request = com.google.android.gms.common.internal.GetServiceRequest@960dd12
04-09 22:43:54.639  7973  8028 I PeopleChimeraService: onService. callbacks = attu@af796e0, request = com.google.android.gms.common.internal.GetServiceRequest@ca3ad99
04-09 22:43:54.693  7973 14357 I PeopleChimeraService: onService. callbacks = attu@63e543f, request = com.google.android.gms.common.internal.GetServiceRequest@def410c
04-09 22:43:54.714  5665  8049 D PackageManager: setEnabledSetting : userId = 0 packageName = com.google.android.contacts cmp = androidx.work.impl.background.systemjob.SystemJobService newState = 1 callingPackage = 10353/com.google.android.contacts
04-09 22:43:54.716  5665  8049 D ApplicationPolicy: getApplicationStateEnabled : pkg = com.google.android.contacts userId : 0
04-09 22:43:54.718  5665  8049 D ApplicationPolicy: getApplicationComponentState : pkg = com.google.android.contacts userId : 0
04-09 22:43:54.750 15348 15417 W ndroid.contacts: Long monitor contention with owner BG Thread #2 (15418) at void dms.j(android.content.Context, jjl)(PG:51) waiters=0 in dms dms.g(android.content.Context) for 124ms
04-09 22:43:54.843  7623  7623 D BoundBrokerSvc: onBind: Intent { act=com.google.android.gms.pseudonymous.service.START pkg=com.google.android.gms }
04-09 22:43:54.844  7623  7623 D BoundBrokerSvc: Loading bound service for intent: Intent { act=com.google.android.gms.pseudonymous.service.START pkg=com.google.android.gms }
04-09 22:43:55.034 15348 15415 D CompatibilityChangeReporter: Compat change id reported: 210923482; UID 10353; state: ENABLED
04-09 22:43:55.099  6284  6284 D SecPowerUI.Notification: showChargingNotice oldChargingType : 11 currentChargingType : 11 oldChargingTime : 3884000 mChargingTime : 3884000
04-09 22:43:55.099  6284  6284 D SecPowerUI.Notification: There is no change about charging status, so return!
04-09 22:43:55.158  5274  5274 D Zygote  : Forked child process 15430
04-09 22:43:55.221 15348 15418 D CompatibilityChangeReporter: Compat change id reported: 160794467; UID 10353; state: ENABLED
04-09 22:43:55.222 15430 15430 I ocess.gservices: Using CollectorTypeCC GC.
04-09 22:43:55.230 15430 15430 E ocess.gservices: Not starting debugger since process cannot load the jdwp agent.
04-09 22:43:55.244 15430 15430 D ActivityThread: setConscryptValidator
04-09 22:43:55.244 15430 15430 D ActivityThread: setConscryptValidator - put
04-09 22:43:55.266 15430 15430 D CompatibilityChangeReporter: Compat change id reported: 171979766; UID 10226; state: ENABLED
04-09 22:43:55.337 15430 15430 D nativeloader: Configuring classloader-namespace-shared for other apk /system/framework/org.apache.http.legacy.jar. target_sdk_version=33, uses_libraries=ALL, library_path=/system/system_ext/priv-app/GoogleServicesFramework/lib/arm64:/system/system_ext/priv-app/GoogleServicesFramework/GoogleServicesFramework.apk!/lib/arm64-v8a:/system/lib64:/system/system_ext/lib64, permitted_path=/data:/mnt/expand:/data/user/0/com.google.android.gsf:/system/system_ext/priv-app/GoogleServicesFramework:/system/lib64:/system/system_ext/lib64
04-09 22:43:55.337 15430 15430 D nativeloader: Extending system_exposed_libraries: libhumantracking.arcsoft.so:libPortraitDistortionCorrection.arcsoft.so:libPortraitDistortionCorrectionCali.arcsoft.so:libface_landmark.arcsoft.so:libFacialStickerEngine.arcsoft.so:libveengine.arcsoft.so:liblow_light_hdr.arcsoft.so:libhigh_dynamic_range.arcsoft.so:libFacialAttributeDetection.arcsoft.so:libneural.snap.samsung.so:libsnap_aidl.snap.samsung.so:libBestComposition.polarr.so:libTracking.polarr.so:libFeature.polarr.so:libPolarrSnap.polarr.so:libYuv.polarr.so:libhal.wsm.samsung.so:libsce_v1.crypto.samsung.so:libknox_remotedesktopclient.knox.samsung.so:libVDLowLight.visidon.so:libSDKRecognitionText.spensdk.samsung.so:libSFEffect.fonteffect.samsung.so:libheifcapture_jni.media.samsung.so:libjpegsq.media.samsung.so:libslljpeg.media.samsung.so:libsemimagecrop_jni.media.samsung.so:libapex_jni.media.samsung.so:libperfsdk.performance.samsung.so:lib.engmodejni.samsung.so:libSEF.quram.so:libimagecodec.quram.so:libagifencoder.quram.so:libBeauty_v4.camera.samsung.so:libexifa.ca
04-09 22:43:55.403 15430 15430 D nativeloader: Configuring classloader-namespace-shared for other apk /system/system_ext/priv-app/GoogleServicesFramework/GoogleServicesFramework.apk. target_sdk_version=33, uses_libraries=, library_path=/system/system_ext/priv-app/GoogleServicesFramework/lib/arm64:/system/system_ext/priv-app/GoogleServicesFramework/GoogleServicesFramework.apk!/lib/arm64-v8a:/system/lib64:/system/system_ext/lib64, permitted_path=/data:/mnt/expand:/data/user/0/com.google.android.gsf:/system/system_ext/priv-app/GoogleServicesFramework:/system/lib64:/system/system_ext/lib64
04-09 22:43:55.487 15430 15430 V GraphicsEnvironment: ANGLE Developer option for 'com.google.android.gsf' set to: 'default'
04-09 22:43:55.489 15430 15430 V GraphicsEnvironment: ANGLE GameManagerService for com.google.android.gsf: false
04-09 22:43:55.490 15430 15430 V GraphicsEnvironment: Neither updatable production driver nor prerelease driver is supported.
04-09 22:43:55.502 15430 15430 D NetworkSecurityConfig: No Network Security Config specified, using platform default
04-09 22:43:55.521 15430 15430 D NetworkSecurityConfig: No Network Security Config specified, using platform default
04-09 22:43:55.595 15430 15430 I GservicesProvider: Gservices pushing to system: true; secure/global: true
04-09 22:43:55.605  5665  5809 D PackageManager: setEnabledSetting : userId = 0 packageName = com.google.android.contacts cmp = androidx.work.impl.background.systemalarm.RescheduleReceiver newState = 1 callingPackage = 10353/com.google.android.contacts
04-09 22:43:55.606  5665  5809 D ApplicationPolicy: getApplicationStateEnabled : pkg = com.google.android.contacts userId : 0
04-09 22:43:55.607  5665  5809 D ApplicationPolicy: getApplicationComponentState : pkg = com.google.android.contacts userId : 0
04-09 22:43:56.291  5665  5739 I libprocessgroup: Successfully killed process cgroup uid 10276 pid 14150 in 0ms
04-09 22:43:56.302  5274  5274 D Zygote  : Forked child process 15463
04-09 22:43:56.315 15001 15036 D [GplLibraryWrapper]: stopLocationUpdates
04-09 22:43:56.389 15463 15463 I finder:receiver: Using CollectorTypeCC GC.
04-09 22:43:56.398 15463 15463 E finder:receiver: Not starting debugger since process cannot load the jdwp agent.
04-09 22:43:56.411 15463 15463 D ActivityThread: setConscryptValidator
04-09 22:43:56.411 15463 15463 D ActivityThread: setConscryptValidator - put
04-09 22:43:56.446 15463 15463 D CompatibilityChangeReporter: Compat change id reported: 171979766; UID 10077; state: ENABLED
04-09 22:43:56.536  5665  5739 I libprocessgroup: Successfully killed process cgroup uid 10086 pid 13500 in 0ms
04-09 22:43:56.564  5274  5274 I Zygote  : Process 13500 exited due to signal 9 (Killed)
04-09 22:43:56.576  5665  8047 D ConnectivityService: ConnectivityService NetworkRequestInfo binderDied(uid/pid:10276/14150, [NetworkRequest [ REQUEST id=550, [ Capabilities: INTERNET&NOT_RESTRICTED&TRUSTED&NOT_VCN_MANAGED Uid: 10276 RequestorUid: 10276 RequestorPkg: ru.yandex.mail UnderlyingNetworks: Null] ]], android.os.BinderProxy@2d01e08)
04-09 22:43:56.577  5274  5274 I Zygote  : Process 14150 exited due to signal 9 (Killed)
04-09 22:43:56.578  5665  6036 D ConnectivityService: releasing NetworkRequest [ REQUEST id=550, [ Capabilities: INTERNET&NOT_RESTRICTED&TRUSTED&NOT_VCN_MANAGED Uid: 10276 RequestorUid: 10276 RequestorPkg: ru.yandex.mail UnderlyingNetworks: Null] ] (release request)
04-09 22:43:56.578  5665  6036 D ConnectivityService:  Removing from current network [100 CELLULAR], leaving 138 requests.
04-09 22:43:56.751 15463 15463 I SEP_UNION_SemUnionManager: initializeManagerMapData(10077) context = android.app.ContextImpl@1a144d4
04-09 22:43:56.766 15463 15463 I SEP_UNION_SemUnionManager: getUnionService(semeventdelegator)
04-09 22:43:56.767 15463 15463 I SEP_UNION_SemUnionManager: getUnionService(semeventdelegator)
04-09 22:43:56.767 15463 15463 I SEP_UNION_SemUnionManager: getSemSystemService : semeventdelegator
04-09 22:43:56.771  6284  6373 D MobileStatusTracker(1/2): onDataActivity: direction=3
04-09 22:43:56.774  5665  8719 D SEP_UNION_SemUnionMainServiceImpl: getSemSystemService - semeventdelegator
04-09 22:43:56.776  6284  6373 D MobileSignalController(1/2): notifyListener: enabled=true, connected=true, dataConnected=true, networkType=LTE (4G), emergencyOnly=false, roaming=false, isDefault=true, dataActivity=inout, level=3, ca=false, mmWave=false, disabledDataIcon=false, simCard=ETC
04-09 22:43:56.784  5665  9338 D SEP_UNION_SemDeviceInfoManagerService: clearPendingIntentAsUser() callingPackage = com.samsung.android.app.galaxyfinder, userId = 0
04-09 22:43:56.789  5665  9338 D SEP_UNION_SemDeviceInfoManagerService: registerPendingIntentForUriAsUser() uri = content://com.sec.android.app.launcher.settings/hiddenApps, callingPackage = com.samsung.android.app.galaxyfinder, tag = , userId = 0
04-09 22:43:56.791  5665  9338 D SEP_UNION_SemDeviceInfoManagerService: PendingIntentWithConditions added f=0
04-09 22:43:56.792  5665  8047 D SEP_UNION_SemDeviceInfoManagerService: registerPendingIntentInternal() action = android.intent.action.PACKAGE_ADDED, android.intent.action.PACKAGE_REMOVED, android.intent.action.PACKAGE_CHANGED, callingPackage = com.samsung.android.app.galaxyfinder, userId = 0, flag = 0, conditions = null
04-09 22:43:56.793  5665  5837 D SEP_UNION_SemDeviceInfoManagerService: EventProcessHandler:handleMessage() msg.what = 1
04-09 22:43:56.793  5665  5837 D SEP_UNION_SemDeviceInfoManagerService: handleMessage(): mContentObservers.get(uri) returns null!
04-09 22:43:56.793  5665  5837 D SEP_UNION_SemDeviceInfoManagerService: Creating new UnionContentObserver for the uri:content://com.sec.android.app.launcher.settings/hiddenApps
04-09 22:43:56.797  5665  8047 D SEP_UNION_SemDeviceInfoManagerService: PendingIntentWithConditions added f=0
04-09 22:43:56.797  5665  8047 D SEP_UNION_SemDeviceInfoManagerService: PendingIntentWithConditions added f=0
04-09 22:43:56.797  5665  8047 D SEP_UNION_SemDeviceInfoManagerService: PendingIntentWithConditions added f=0
04-09 22:43:56.798  5665  8047 D SEP_UNION_SemDeviceInfoManagerService: registerPendingIntentInternal() action = com.samsung.applock.intent.action.SSECURE_UPDATE, com.samsung.applock.intent.action.APPLOCK_ENABLE_CHANGED, callingPackage = com.samsung.android.app.galaxyfinder, userId = 0, flag = 0, conditions = null
04-09 22:43:56.799  5665  8047 D SEP_UNION_SemDeviceInfoManagerService: PendingIntentWithConditions added f=0
04-09 22:43:56.799  5665  8047 D SEP_UNION_SemDeviceInfoManagerService: PendingIntentWithConditions added f=0
04-09 22:43:56.799  5665  5837 D SEP_UNION_SemDeviceInfoManagerService: EventProcessHandler:handleMessage() msg.what = 2
04-09 22:43:56.800  5665  9338 D SEP_UNION_SemDeviceInfoManagerService: registerPendingIntentInternal() action = android.intent.action.PACKAGE_DATA_CLEARED, callingPackage = com.samsung.android.app.galaxyfinder, userId = 0, flag = 0, conditions = null
04-09 22:43:56.801  5665  5837 D SEP_UNION_SemDeviceInfoManagerService: Adding new UnionBroadcastReceiver for the action: com.samsung.applock.intent.action.SSECURE_UPDATE in User 0
04-09 22:43:56.810  5665  9338 D SEP_UNION_SemDeviceInfoManagerService: PendingIntentWithConditions added f=0
04-09 22:43:56.816  5665  9338 D SEP_UNION_SemDeviceInfoManagerService: registerPendingIntentInternal() action = android.intent.action.USER_SWITCHED, callingPackage = com.samsung.android.app.galaxyfinder, userId = 0, flag = 0, conditions = null
04-09 22:43:56.816  5665  9338 D SEP_UNION_SemDeviceInfoManagerService: PendingIntentWithConditions added f=0
04-09 22:43:56.820  5665  5837 D SEP_UNION_SemDeviceInfoManagerService: EventProcessHandler:handleMessage() msg.what = 2
04-09 22:43:56.820  5665  5837 D SEP_UNION_SemDeviceInfoManagerService: Adding new UnionBroadcastReceiver for the action: com.samsung.applock.intent.action.APPLOCK_ENABLE_CHANGED in User 0
04-09 22:43:56.822  5665  5837 D SEP_UNION_SemDeviceInfoManagerService: EventProcessHandler:handleMessage() msg.what = 2
04-09 22:43:56.822  5665  5837 D SEP_UNION_SemDeviceInfoManagerService: Adding new UnionBroadcastReceiver for the action: android.intent.action.USER_SWITCHED in User 0
04-09 22:43:56.823  5665  5739 I libprocessgroup: Successfully killed process cgroup uid 10406 pid 14382 in 2ms
04-09 22:43:56.830  5274  5274 D Zygote  : Forked child process 15491
04-09 22:43:56.856  5274  5274 D Zygote  : Forked child process 15492
04-09 22:43:56.872 15348 15415 W AccountInfo: Account types don't match: account.type=com.samsung.android.mobileservice accountType.accountType=null
04-09 22:43:56.893 15492 15492 I roid.cidmanager: Using CollectorTypeCC GC.
04-09 22:43:56.901 15491 15491 I nder:appservice: Using CollectorTypeCC GC.
04-09 22:43:56.903 15492 15492 E roid.cidmanager: Not starting debugger since process cannot load the jdwp agent.
04-09 22:43:56.909  5274  5274 I Zygote  : Process 14382 exited due to signal 9 (Killed)
04-09 22:43:56.912 14878 15046 D WidgetDisplayer: showWeatherCaches: weatherCaches.size = 4
04-09 22:43:56.916 15491 15491 E nder:appservice: Not starting debugger since process cannot load the jdwp agent.
04-09 22:43:56.924 14878 15046 D WidgetDisplayer: showWeatherCaches: widgets.size = 3
04-09 22:43:56.926 14878 15046 D WidgetDisplayer: showWeatherCaches: created ui updater for widget ScreenWidget[id=13,locationId=-1,locationData=LocationData [id=-1; latitude=0.0; longitude=0.0; name=; shortName=; kind=]]
04-09 22:43:56.927 14878 15046 I ScreenWidgetUiUpdaterBa: updateWithData() ScreenWidgetUiUpdaterBase begin
04-09 22:43:56.929 15491 15491 D ActivityThread: setConscryptValidator
04-09 22:43:56.929 15491 15491 D ActivityThread: setConscryptValidator - put
04-09 22:43:56.931 15492 15492 D ActivityThread: setConscryptValidator
04-09 22:43:56.931 15492 15492 D ActivityThread: setConscryptValidator - put
04-09 22:43:56.937  7623 13565 I DiscoveryManager: Filter criteria(null) scannerFlags(0)
04-09 22:43:56.940  7623 13565 W DatabaseProcessor: processLocalDevices: failed to get the network info with non-null networkId.
04-09 22:43:56.940  7623 13565 W GuestModeDeviceProber: setFilterCriteria
04-09 22:43:56.949 14878 15046 I ScreenWidgetUiUpdaterBa: setTheme() BaseHorizontalWidgetUpdater begin
04-09 22:43:56.954 14878 15046 I ScreenWidgetUiUpdaterBa: setTheme() ScreenWidgetUiUpdaterBase end
04-09 22:43:56.958  7623 13565 W DatabaseProcessor: processLocalDevices: failed to get the network info with non-null networkId.
04-09 22:43:56.958  7623 13565 W DatabaseProcessor: processLocalDevices: failed to get the network info with non-null networkId.
04-09 22:43:56.964 15492 15492 D CompatibilityChangeReporter: Compat change id reported: 171979766; UID 1001; state: ENABLED
04-09 22:43:56.972  5665  8772 I WifiService: releaseMulticastLock uid=10226
04-09 22:43:56.977  7623 14986 D ConnectivityManager: StackLog: [android.net.ConnectivityManager.unregisterNetworkCallback(ConnectivityManager.java:4863)] [awue.b(:com.google.android.gms@231115044@23.11.15 (190400-520109968):2)] [awvq.b(:com.google.android.gms@231115044@23.11.15 (190400-520109968):2)] [awvt.run(:com.google.android.gms@231115044@23.11.15 (190400-520109968):15)] [java.lang.Thread.run(Thread.java:1012)]
04-09 22:43:56.980 14878 15046 D WWidget : isDefaultLauncher launcher = com.sec.android.app.launcher
04-09 22:43:56.987 15491 15491 D CompatibilityChangeReporter: Compat change id reported: 171979766; UID 10077; state: ENABLED
04-09 22:43:57.041 14878 15046 I ScreenWidgetUiUpdaterBa: updateWithData() ScreenWidgetUiUpdaterBase end
04-09 22:43:57.043 14878 15046 D Now time: Remote: 1681072978
04-09 22:43:57.144 14878 15046 I AppWidgetManager: updateAppWidget() appWidgetIds = [13]
04-09 22:43:57.166 14878 15046 D WidgetDisplayer: showWeatherCaches: created ui updater for widget ScreenWidget[id=37,locationId=-1,locationData=LocationData [id=-1; latitude=44.8239860534668; longitude=20.45982551574707; name=grad Beograd; shortName=grad Beograd; kind=]]
04-09 22:43:57.168 14878 15046 I ScreenWidgetUiUpdaterBa: updateWithData() ScreenWidgetUiUpdaterBase begin
04-09 22:43:57.174 14878 15046 I ScreenWidgetUiUpdaterBa: setTheme() BaseHorizontalWidgetUpdater begin
04-09 22:43:57.178 14878 15046 I ScreenWidgetUiUpdaterBa: setTheme() ScreenWidgetUiUpdaterBase end
04-09 22:43:57.192 14878 15046 D WWidget : isDefaultLauncher launcher = com.sec.android.app.launcher
04-09 22:43:57.229 14878 15046 I ScreenWidgetUiUpdaterBa: updateWithData() ScreenWidgetUiUpdaterBase end
04-09 22:43:57.280  6837 14402 I LauncherProvider: External provider call by package : com.samsung.android.app.galaxyfinder  for method : get_home_mode
04-09 22:43:57.282  6837 14402 I ExternalMethodFactory: get_home_mode
04-09 22:43:57.308 14878 15046 I AppWidgetManager: updateAppWidget() appWidgetIds = [37]
04-09 22:43:57.310 15492 15492 I CIDProvider: [onCreate(null:4)] onCreate
