04-18 00:48:48.740 10784 10784 D nativeloader: Configuring classloader-namespace-shared for other apk /system/system_ext/priv-app/GoogleServicesFramework/GoogleServicesFramework.apk. target_sdk_version=33, uses_libraries=, library_path=/system/system_ext/priv-app/GoogleServicesFramework/lib/arm64:/system/system_ext/priv-app/GoogleServicesFramework/GoogleServicesFramework.apk!/lib/arm64-v8a:/system/lib64:/system/system_ext/lib64, permitted_path=/data:/mnt/expand:/data/user/0/com.google.android.gsf:/system/system_ext/priv-app/GoogleServicesFramework:/system/lib64:/system/system_ext/lib64
04-18 00:48:48.760 10919 10156 W MediaProvider: isAppCloneUserPair for user 0: false
04-18 00:48:48.769 10784 10784 V GraphicsEnvironment: ANGLE Developer option for 'com.google.android.gsf' set to: 'default'
04-18 00:48:48.771 10784 10784 V GraphicsEnvironment: ANGLE GameManagerService for com.google.android.gsf: false
04-18 00:48:48.771 10784 10784 V GraphicsEnvironment: Neither updatable production driver nor prerelease driver is supported.
04-18 00:48:48.784 10784 10784 D NetworkSecurityConfig: No Network Security Config specified, using platform default
04-18 00:48:48.787 10784 10784 D NetworkSecurityConfig: No Network Security Config specified, using platform default
04-18 00:48:48.793  5628 11456 D SyncManager: userId - 0 auto - true
04-18 00:48:48.825 10784 10784 I GservicesProvider: Gservices pushing to system: true; secure/global: true
04-18 00:48:48.879  5628  5714 W libprocessgroup: Failed to open /dev/blkio//cgroup.procs: No such file or directory
04-18 00:48:48.883  2747  2799 I _benchmark.test: Waiting for a blocking GC Alloc
04-18 00:48:48.891  2747  2799 I _benchmark.test: WaitForGcToComplete blocked Alloc on Background for 7.238ms
04-18 00:48:48.891  2747  2799 I _benchmark.test: Starting a blocking GC Alloc
04-18 00:48:48.924  2747  2799 I _benchmark.test: Waiting for a blocking GC Alloc
04-18 00:48:48.925  2747  2799 I _benchmark.test: Starting a blocking GC Alloc
04-18 00:48:48.958  2747  2799 I _benchmark.test: Waiting for a blocking GC Alloc
04-18 00:48:48.961  2747  2799 I _benchmark.test: Starting a blocking GC Alloc
04-18 00:48:48.993  2747  2799 I _benchmark.test: Waiting for a blocking GC Alloc
04-18 00:48:48.996  2747  2799 I _benchmark.test: Starting a blocking GC Alloc
04-18 00:48:49.029  2747  2799 I _benchmark.test: Waiting for a blocking GC Alloc
04-18 00:48:49.033  2747  2799 I _benchmark.test: Starting a blocking GC Alloc
04-18 00:48:49.067  2747  2799 I _benchmark.test: Waiting for a blocking GC Alloc
04-18 00:48:49.072  2747  2799 I _benchmark.test: WaitForGcToComplete blocked Alloc on Background for 5.632ms
04-18 00:48:49.072  2747  2799 I _benchmark.test: Starting a blocking GC Alloc
04-18 00:48:49.086 10710 10787 D ConnectivityManager: StackLog: [android.net.ConnectivityManager.sendRequestForNetwork(ConnectivityManager.java:4191)] [android.net.ConnectivityManager.registerDefaultNetworkCallbackForUid(ConnectivityManager.java:4755)] [android.net.ConnectivityManager.registerDefaultNetworkCallback(ConnectivityManager.java:4722)] [android.net.ConnectivityManager.registerDefaultNetworkCallback(ConnectivityManager.java:4696)] [org.telegram.messenger.ApplicationLoader.ensureCurrentNetworkGet(ApplicationLoader.java:362)] [org.telegram.messenger.ApplicationLoader.isConnectedOrConnectingToWiFi(ApplicationLoader.java:383)] [org.telegram.messenger.ApplicationLoader.getCurrentNetworkType(ApplicationLoader.java:455)] [org.telegram.tgnet.ConnectionsManager.init(ConnectionsManager.java:464)] [org.telegram.tgnet.ConnectionsManager.<init>(ConnectionsManager.java:230)] [org.telegram.tgnet.ConnectionsManager.getInstance(ConnectionsManager.java:165)] [org.telegram.messenger.AccountInstance.getConnectionsManager(AccountInstance.java:50)] [org.telegram.messenger.BaseController.getConnectionsManager(BaseController.java:37)] [org.telegram.messenger.NotificationsController.isGlobalNotificationsEnabled(NotificationsController.java:5002)] [org.telegram.messenger.NotificationsController.isGlobalNotificationsEnabled(NotificationsController.java:4998)] [org.telegram.messenger.MessagesController.isDialogMuted(MessagesController.java:16252)] [org.telegram.messenger.MessagesStorage.calcUnreadCounters(MessagesStorage.java:2476)] [org.telegram.messenger.MessagesStorage.lambda$loadDialogFilters$50(MessagesStorage.java:2284)] [org.telegram.messenger.MessagesStorage.$r8$lambda$gck2f52pc7plCF3aQSLKs6QJ0mo(Unknown Source:0)] [org.telegram.messenger.MessagesStorage$$ExternalSyntheticLambda21.run(Unknown Source:2)]
04-18 00:48:49.089  5628 11456 D ConnectivityService: requestNetwork for uid/pid:10268/10710 activeRequest: null callbackRequest: 15827 [NetworkRequest [ REQUEST id=15828, [ Capabilities: INTERNET&NOT_RESTRICTED&TRUSTED&NOT_VCN_MANAGED Uid: 10268 RequestorUid: 10268 RequestorPkg: org.telegram.messenger UnderlyingNetworks: Null] ]] callback flags: 0 order: 2147483647
04-18 00:48:49.091  5628  8367 D ConnectivityService:    accepting network in place of null
04-18 00:48:49.097  5628  8356 D WifiNetworkFactory: got request NetworkRequest [ REQUEST id=15828, [ Capabilities: INTERNET&NOT_RESTRICTED&TRUSTED&NOT_VCN_MANAGED Uid: 10268 RequestorUid: 10268 RequestorPkg: org.telegram.messenger UnderlyingNetworks: Null] ]
04-18 00:48:49.098  5628  8356 D UntrustedWifiNetworkFactory: got request NetworkRequest [ REQUEST id=15828, [ Capabilities: INTERNET&NOT_RESTRICTED&TRUSTED&NOT_VCN_MANAGED Uid: 10268 RequestorUid: 10268 RequestorPkg: org.telegram.messenger UnderlyingNetworks: Null] ]
04-18 00:48:49.103  5628  8356 D OemPaidWifiNetworkFactory: got request NetworkRequest [ REQUEST id=15828, [ Capabilities: INTERNET&NOT_RESTRICTED&TRUSTED&NOT_VCN_MANAGED Uid: 10268 RequestorUid: 10268 RequestorPkg: org.telegram.messenger UnderlyingNetworks: Null] ]
04-18 00:48:49.105  2747  2799 I _benchmark.test: Waiting for a blocking GC Alloc
04-18 00:48:49.116  2747  2799 I _benchmark.test: WaitForGcToComplete blocked Alloc on Background for 10.652ms
04-18 00:48:49.116  2747  2799 I _benchmark.test: Starting a blocking GC Alloc
04-18 00:48:49.116  5628  8356 D MultiInternetWifiNetworkFactory: got request NetworkRequest [ REQUEST id=15828, [ Capabilities: INTERNET&NOT_RESTRICTED&TRUSTED&NOT_VCN_MANAGED Uid: 10268 RequestorUid: 10268 RequestorPkg: org.telegram.messenger UnderlyingNetworks: Null] ]
04-18 00:48:49.129  5628  8367 D ConnectivityService: Rematched networks [computed 1ms] [applied 3ms] [issued 34]
04-18 00:48:49.129  5628  8367 D ConnectivityService: NetworkReassignment :
04-18 00:48:49.129  5628  8367 D ConnectivityService:   15828 : null → 117
04-18 00:48:49.151  2747  2799 I _benchmark.test: Waiting for a blocking GC Alloc
04-18 00:48:49.154  5628 11456 D SyncManager: userId - 0 auto - true
04-18 00:48:49.154 10919 10351 I MediaProvider: Deleted 1 0 0 0 0 0 0 items on external_primary due to org.telegram.messenger
04-18 00:48:49.162  2747  2799 I _benchmark.test: WaitForGcToComplete blocked Alloc on Background for 11.086ms
04-18 00:48:49.162  2747  2799 I _benchmark.test: Starting a blocking GC Alloc
04-18 00:48:49.167 10744 10744 W ProviderHelper: Unknown dynamite feature providerinstaller.dynamite
04-18 00:48:49.169 10744 10744 I DynamiteModule: Considering local module com.google.android.gms.providerinstaller.dynamite:1 and remote module com.google.android.gms.providerinstaller.dynamite:0
04-18 00:48:49.169 10744 10744 I DynamiteModule: Selected local version of com.google.android.gms.providerinstaller.dynamite
04-18 00:48:49.192 10744 10744 V NativeCrypto: Registering com/google/android/gms/org/conscrypt/NativeCrypto's 295 native methods...
04-18 00:48:49.195 10710 10786 V ActivityThread: Recovering failed rename /storage/emulated/0/Android/data/org.telegram.messenger/cache/000000000_999999_temp.f to /storage/emulated/0/Android/media/org.telegram.messenger/Telegram/Telegram Video/000000000_999999.f
04-18 00:48:49.198  2747  2799 I _benchmark.test: Waiting for a blocking GC Alloc
04-18 00:48:49.205  2747  2799 I _benchmark.test: WaitForGcToComplete blocked Alloc on Background for 6.795ms
04-18 00:48:49.205  2747  2799 I _benchmark.test: Starting a blocking GC Alloc
04-18 00:48:49.223 10919  8074 W MediaProvider: isAppCloneUserPair for user 0: false
04-18 00:48:49.240  2747  2799 I _benchmark.test: Waiting for a blocking GC Alloc
04-18 00:48:49.244 10744 10744 I ProviderInstaller: Installed default security provider GmsCore_OpenSSL
04-18 00:48:49.256  2747  2799 I _benchmark.test: WaitForGcToComplete blocked Alloc on Background for 15.866ms
04-18 00:48:49.256  2747  2799 I _benchmark.test: Starting a blocking GC Alloc
04-18 00:48:49.263  5628 12118 D SyncManager: userId - 0 auto - true
04-18 00:48:49.291  2747  2799 I _benchmark.test: Waiting for a blocking GC Alloc
04-18 00:48:49.299  2747  2799 I _benchmark.test: WaitForGcToComplete blocked Alloc on Background for 8.077ms
04-18 00:48:49.299  2747  2799 I _benchmark.test: Starting a blocking GC Alloc
04-18 00:48:49.312  5628 12118 D SyncManager: userId - 0 auto - true
04-18 00:48:49.312 10919 10157 I MediaProvider: Deleted 1 0 0 0 0 0 0 items on external_primary due to org.telegram.messenger
04-18 00:48:49.326 10744 10841 I GMS_MM_Logger: Start time: 197855
04-18 00:48:49.326 10744 10841 I GMS_MM_Logger: Started.
04-18 00:48:49.329 10744 10842 I Watchcat: Started
04-18 00:48:49.334  2747  2799 I _benchmark.test: Waiting for a blocking GC Alloc
04-18 00:48:49.344  2747  2799 I _benchmark.test: WaitForGcToComplete blocked Alloc on Background for 10.311ms
04-18 00:48:49.344  2747  2799 I _benchmark.test: Starting a blocking GC Alloc
04-18 00:48:49.360 10744 10837 W cqwb    : Primes.initialize() should only be called from the main thread.
04-18 00:48:49.376  2747  2799 I _benchmark.test: Waiting for a blocking GC Alloc
04-18 00:48:49.392  2747  2799 I _benchmark.test: WaitForGcToComplete blocked Alloc on Background for 16.509ms
04-18 00:48:49.392  2747  2799 I _benchmark.test: Starting a blocking GC Alloc
04-18 00:48:49.423  2747  2799 I _benchmark.test: Waiting for a blocking GC Alloc
04-18 00:48:49.431  2747  2799 I _benchmark.test: WaitForGcToComplete blocked Alloc on Background for 8.226ms
04-18 00:48:49.431  2747  2799 I _benchmark.test: Starting a blocking GC Alloc
04-18 00:48:49.461  2747  2799 I _benchmark.test: Waiting for a blocking GC Alloc
04-18 00:48:49.481  2747  2799 I _benchmark.test: WaitForGcToComplete blocked Alloc on Background for 19.745ms
04-18 00:48:49.481  2747  2799 I _benchmark.test: Starting a blocking GC Alloc
04-18 00:48:49.491 10744 10864 D CompatibilityChangeReporter: Compat change id reported: 160794467; UID 10226; state: ENABLED
04-18 00:48:49.498 18943 18943 D BoundBrokerSvc: onBind: Intent { act=com.google.android.gms.phenotype.service.START dat=chimera-action:/... cmp=com.google.android.gms/.chimera.PersistentApiService }
04-18 00:48:49.498 18943 18943 D BoundBrokerSvc: Loading bound service for intent: Intent { act=com.google.android.gms.phenotype.service.START dat=chimera-action:/... cmp=com.google.android.gms/.chimera.PersistentApiService }
04-18 00:48:49.508 10710 10765 W CloudMessagingReceiver: Message ack failed: java.util.concurrent.TimeoutException: Timed out waiting for Task
04-18 00:48:49.515  2747  2799 I _benchmark.test: Waiting for a blocking GC Alloc
04-18 00:48:49.525  2747  2799 I _benchmark.test: WaitForGcToComplete blocked Alloc on Background for 10.304ms
04-18 00:48:49.525  2747  2799 I _benchmark.test: Starting a blocking GC Alloc
04-18 00:48:49.555 10744 10744 D BoundBrokerSvc: onBind: Intent { act=com.google.android.gms.gservices.START pkg=com.google.android.gms }
04-18 00:48:49.555 10744 10744 D BoundBrokerSvc: Loading bound service for intent: Intent { act=com.google.android.gms.gservices.START pkg=com.google.android.gms }
04-18 00:48:49.558  2747  2799 I _benchmark.test: Waiting for a blocking GC Alloc
04-18 00:48:49.568  2747  2799 I _benchmark.test: WaitForGcToComplete blocked Alloc on Background for 10.129ms
04-18 00:48:49.568  2747  2799 I _benchmark.test: Starting a blocking GC Alloc
04-18 00:48:49.599  2747  2799 I _benchmark.test: Starting a blocking GC Alloc
04-18 00:48:49.599  2747  2799 I _benchmark.test: Starting a blocking GC Alloc
04-18 00:48:49.600 18943 10745 I NetworkScheduler.Stats: Task com.google.android.gms/com.google.android.gms.ipa.base.IpaGcmTaskService started execution. cause:9 exec_start_elapsed_seconds: 204774 [CONTEXT service_id=218 ]
04-18 00:48:49.610  2747  2799 I _benchmark.test: Alloc young concurrent copying GC freed 681806(15MB) AllocSpace objects, 0(0B) LOS objects, 83% free, 3086KB/18MB, paused 146us,51us total 11.203ms
04-18 00:48:49.610  2747  2782 I _benchmark.test: WaitForGcToComplete blocked Background on Alloc for 11.463ms
04-18 00:48:49.625 10744 10869 D CompatibilityChangeReporter: Compat change id reported: 183155436; UID 10226; state: ENABLED
04-18 00:48:49.641  2747  2799 I _benchmark.test: Starting a blocking GC Alloc
04-18 00:48:49.641  2747  2799 I _benchmark.test: Starting a blocking GC Alloc
04-18 00:48:49.652  2747  2799 I _benchmark.test: Alloc young concurrent copying GC freed 670529(14MB) AllocSpace objects, 0(0B) LOS objects, 83% free, 3086KB/18MB, paused 218us,55us total 10.636ms
04-18 00:48:49.680  2747  2799 I _benchmark.test: Starting a blocking GC Alloc
04-18 00:48:49.680  2747  2799 I _benchmark.test: Starting a blocking GC Alloc
04-18 00:48:49.691  2747  2799 I _benchmark.test: Alloc young concurrent copying GC freed 659236(14MB) AllocSpace objects, 0(0B) LOS objects, 83% free, 3086KB/18MB, paused 136us,45us total 10.190ms
04-18 00:48:49.718  2747  2799 I _benchmark.test: Starting a blocking GC Alloc
04-18 00:48:49.719  2747  2799 I _benchmark.test: Starting a blocking GC Alloc
04-18 00:48:49.729  2747  2799 I _benchmark.test: Alloc young concurrent copying GC freed 647934(14MB) AllocSpace objects, 0(0B) LOS objects, 83% free, 3087KB/18MB, paused 145us,46us total 10.497ms
04-18 00:48:49.764  2747  2799 I _benchmark.test: Starting a blocking GC Alloc
04-18 00:48:49.764  2747  2799 I _benchmark.test: Starting a blocking GC Alloc
04-18 00:48:49.774  2747  2799 I _benchmark.test: Alloc young concurrent copying GC freed 636716(14MB) AllocSpace objects, 0(0B) LOS objects, 83% free, 3087KB/18MB, paused 151us,47us total 10.116ms
04-18 00:48:49.802  2747  2799 I _benchmark.test: Starting a blocking GC Alloc
04-18 00:48:49.802  2747  2799 I _benchmark.test: Starting a blocking GC Alloc
04-18 00:48:49.812  2747  2799 I _benchmark.test: Alloc young concurrent copying GC freed 625186(13MB) AllocSpace objects, 0(0B) LOS objects, 83% free, 3087KB/18MB, paused 151us,47us total 10.046ms
04-18 00:48:49.823 18943  8081 I NetworkScheduler.Stats: Task com.google.android.gms/com.google.android.gms.ipa.base.IpaGcmTaskService finished executing. cause:9 result: 1 elapsed_millis: 934 uptime_millis: 935 exec_start_elapsed_seconds: 204774 [CONTEXT service_id=218 ]
04-18 00:48:49.839  2747  2799 I _benchmark.test: Starting a blocking GC Alloc
04-18 00:48:49.839  2747  2799 I _benchmark.test: Starting a blocking GC Alloc
04-18 00:48:49.849  2747  2799 I _benchmark.test: Alloc young concurrent copying GC freed 613903(13MB) AllocSpace objects, 0(0B) LOS objects, 83% free, 3087KB/18MB, paused 144us,49us total 9.892ms
04-18 00:48:49.880  2747  2799 I _benchmark.test: Starting a blocking GC Alloc
04-18 00:48:49.880  2747  2799 I _benchmark.test: Starting a blocking GC Alloc
04-18 00:48:49.890  2747  2799 I _benchmark.test: Alloc young concurrent copying GC freed 602509(13MB) AllocSpace objects, 0(0B) LOS objects, 83% free, 3088KB/18MB, paused 150us,46us total 9.650ms
04-18 00:48:49.916  2747  2799 I _benchmark.test: Starting a blocking GC Alloc
04-18 00:48:49.916  2747  2799 I _benchmark.test: Starting a blocking GC Alloc
04-18 00:48:49.927  2747  2799 I _benchmark.test: Alloc young concurrent copying GC freed 591054(13MB) AllocSpace objects, 0(0B) LOS objects, 83% free, 3088KB/18MB, paused 156us,112us total 10.620ms
04-18 00:48:49.954  2747  2799 I _benchmark.test: Starting a blocking GC Alloc
04-18 00:48:49.954  2747  2799 I _benchmark.test: Starting a blocking GC Alloc
04-18 00:48:49.963  2747  2799 I _benchmark.test: Alloc young concurrent copying GC freed 579793(12MB) AllocSpace objects, 0(0B) LOS objects, 83% free, 3088KB/18MB, paused 147us,44us total 9.364ms
04-18 00:48:49.988  2747  2799 I _benchmark.test: Starting a blocking GC Alloc
04-18 00:48:49.988  2747  2799 I _benchmark.test: Starting a blocking GC Alloc
04-18 00:48:49.997  2747  2799 I _benchmark.test: Alloc young concurrent copying GC freed 568329(12MB) AllocSpace objects, 0(0B) LOS objects, 83% free, 3088KB/18MB, paused 140us,44us total 9.282ms
04-18 00:48:50.022  2747  2799 I _benchmark.test: Starting a blocking GC Alloc
04-18 00:48:50.022  2747  2799 I _benchmark.test: Starting a blocking GC Alloc
04-18 00:48:50.031  2747  2799 I _benchmark.test: Alloc young concurrent copying GC freed 556946(12MB) AllocSpace objects, 0(0B) LOS objects, 83% free, 3088KB/18MB, paused 153us,49us total 9.459ms
04-18 00:48:50.055  2747  2799 I _benchmark.test: Starting a blocking GC Alloc
04-18 00:48:50.055  2747  2799 I _benchmark.test: Starting a blocking GC Alloc
04-18 00:48:50.065  2747  2799 I _benchmark.test: Alloc young concurrent copying GC freed 545680(12MB) AllocSpace objects, 0(0B) LOS objects, 83% free, 3088KB/18MB, paused 143us,51us total 9.457ms
04-18 00:48:50.088  2747  2799 I _benchmark.test: Starting a blocking GC Alloc
04-18 00:48:50.088  2747  2799 I _benchmark.test: Starting a blocking GC Alloc
04-18 00:48:50.097  2747  2799 I _benchmark.test: Alloc young concurrent copying GC freed 534220(11MB) AllocSpace objects, 0(0B) LOS objects, 83% free, 3089KB/18MB, paused 146us,50us total 9.205ms
04-18 00:48:50.120  2747  2799 I _benchmark.test: Starting a blocking GC Alloc
04-18 00:48:50.120  2747  2799 I _benchmark.test: Starting a blocking GC Alloc
04-18 00:48:50.129  2747  2799 I _benchmark.test: Alloc young concurrent copying GC freed 522821(11MB) AllocSpace objects, 0(0B) LOS objects, 83% free, 3089KB/18MB, paused 138us,52us total 9.228ms
04-18 00:48:50.146 10710 10796 D CompatibilityChangeReporter: Compat change id reported: 147600208; UID 10268; state: ENABLED
04-18 00:48:50.156  2747  2799 I _benchmark.test: Starting a blocking GC Alloc
04-18 00:48:50.156  2747  2799 I _benchmark.test: Starting a blocking GC Alloc
04-18 00:48:50.166  2747  2799 I _benchmark.test: Alloc young concurrent copying GC freed 511479(11MB) AllocSpace objects, 0(0B) LOS objects, 83% free, 3089KB/18MB, paused 138us,58us total 9.903ms
04-18 00:48:50.189  2747  2799 I _benchmark.test: Starting a blocking GC Alloc
04-18 00:48:50.189  2747  2799 I _benchmark.test: Starting a blocking GC Alloc
04-18 00:48:50.198  2747  2799 I _benchmark.test: Alloc young concurrent copying GC freed 500186(11MB) AllocSpace objects, 0(0B) LOS objects, 83% free, 3089KB/18MB, paused 152us,45us total 9.326ms
04-18 00:48:50.220  2747  2799 I _benchmark.test: Starting a blocking GC Alloc
04-18 00:48:50.220  2747  2799 I _benchmark.test: Starting a blocking GC Alloc
04-18 00:48:50.230  2747  2799 I _benchmark.test: Alloc young concurrent copying GC freed 488784(10MB) AllocSpace objects, 0(0B) LOS objects, 83% free, 3090KB/18MB, paused 140us,54us total 9.282ms
04-18 00:48:50.250  2747  2799 I _benchmark.test: Starting a blocking GC Alloc
04-18 00:48:50.250  2747  2799 I _benchmark.test: Starting a blocking GC Alloc
04-18 00:48:50.259  2747  2799 I _benchmark.test: Alloc young concurrent copying GC freed 477306(10MB) AllocSpace objects, 0(0B) LOS objects, 83% free, 3090KB/18MB, paused 129us,45us total 8.880ms
04-18 00:48:50.279  2747  2799 I _benchmark.test: Starting a blocking GC Alloc
04-18 00:48:50.279  2747  2799 I _benchmark.test: Starting a blocking GC Alloc
04-18 00:48:50.288  2747  2799 I _benchmark.test: Alloc young concurrent copying GC freed 465992(10MB) AllocSpace objects, 0(0B) LOS objects, 83% free, 3090KB/18MB, paused 130us,45us total 8.818ms
04-18 00:48:50.308  2747  2799 I _benchmark.test: Starting a blocking GC Alloc
04-18 00:48:50.308  2747  2799 I _benchmark.test: Starting a blocking GC Alloc
04-18 00:48:50.317  2747  2799 I _benchmark.test: Alloc young concurrent copying GC freed 454614(10MB) AllocSpace objects, 0(0B) LOS objects, 83% free, 3090KB/18MB, paused 138us,45us total 9.065ms
04-18 00:48:50.336  2747  2799 I _benchmark.test: Starting a blocking GC Alloc
04-18 00:48:50.336  2747  2799 I _benchmark.test: Starting a blocking GC Alloc
04-18 00:48:50.345  2747  2799 I _benchmark.test: Alloc young concurrent copying GC freed 443260(9999KB) AllocSpace objects, 0(0B) LOS objects, 83% free, 3090KB/18MB, paused 133us,105us total 8.725ms
04-18 00:48:50.364  2747  2799 I _benchmark.test: Starting a blocking GC Alloc
04-18 00:48:50.364  2747  2799 I _benchmark.test: Starting a blocking GC Alloc
04-18 00:48:50.373  2747  2799 I _benchmark.test: Alloc young concurrent copying GC freed 431908(9743KB) AllocSpace objects, 0(0B) LOS objects, 83% free, 3090KB/18MB, paused 148us,46us total 8.769ms
04-18 00:48:50.391  2747  2799 I _benchmark.test: Starting a blocking GC Alloc
04-18 00:48:50.391  2747  2799 I _benchmark.test: Starting a blocking GC Alloc
04-18 00:48:50.399  2747  2799 I _benchmark.test: Alloc young concurrent copying GC freed 420554(9487KB) AllocSpace objects, 0(0B) LOS objects, 83% free, 3091KB/18MB, paused 143us,46us total 8.573ms
04-18 00:48:50.417  2747  2799 I _benchmark.test: Starting a blocking GC Alloc
04-18 00:48:50.417  2747  2799 I _benchmark.test: Starting a blocking GC Alloc
04-18 00:48:50.426  2747  2799 I _benchmark.test: Alloc young concurrent copying GC freed 409165(9231KB) AllocSpace objects, 0(0B) LOS objects, 83% free, 3091KB/18MB, paused 142us,46us total 8.691ms
04-18 00:48:50.443  2747  2799 I _benchmark.test: Starting a blocking GC Alloc
04-18 00:48:50.443  2747  2799 I _benchmark.test: Starting a blocking GC Alloc
04-18 00:48:50.452  2747  2799 I _benchmark.test: Alloc young concurrent copying GC freed 397798(8975KB) AllocSpace objects, 0(0B) LOS objects, 83% free, 3091KB/18MB, paused 140us,51us total 8.757ms
04-18 00:48:50.470  2747  2799 I _benchmark.test: Starting a blocking GC Alloc
04-18 00:48:50.470  2747  2799 I _benchmark.test: Starting a blocking GC Alloc
04-18 00:48:50.478  2747  2799 I _benchmark.test: Alloc young concurrent copying GC freed 386400(8719KB) AllocSpace objects, 0(0B) LOS objects, 83% free, 3091KB/18MB, paused 149us,46us total 8.461ms
04-18 00:48:50.494  2747  2799 I _benchmark.test: Starting a blocking GC Alloc
04-18 00:48:50.494  2747  2799 I _benchmark.test: Starting a blocking GC Alloc
04-18 00:48:50.503  2747  2799 I _benchmark.test: Alloc young concurrent copying GC freed 375049(8463KB) AllocSpace objects, 0(0B) LOS objects, 83% free, 3091KB/18MB, paused 149us,47us total 8.509ms
04-18 00:48:50.519  2747  2799 I _benchmark.test: Starting a blocking GC Alloc
04-18 00:48:50.519  2747  2799 I _benchmark.test: Starting a blocking GC Alloc
04-18 00:48:50.528  2747  2799 I _benchmark.test: Alloc young concurrent copying GC freed 363702(8207KB) AllocSpace objects, 0(0B) LOS objects, 83% free, 3092KB/18MB, paused 135us,49us total 8.528ms
04-18 00:48:50.529  5250  5250 D Zygote  : Forked child process 10899
04-18 00:48:50.544  2747  2799 I _benchmark.test: Starting a blocking GC Alloc
04-18 00:48:50.544  2747  2799 I _benchmark.test: Starting a blocking GC Alloc
04-18 00:48:50.552 18530 18560 I Finsky  : [67] kez.a(15): org.telegram.messenger: Account determined from installer data - [u50CvjFgI4N8BK_7VI5wqgrBLx4XC93qbnmKX3YNI1k]
04-18 00:48:50.553  2747  2799 I _benchmark.test: Alloc young concurrent copying GC freed 352356(7951KB) AllocSpace objects, 0(0B) LOS objects, 83% free, 3092KB/18MB, paused 153us,48us total 8.606ms
04-18 00:48:50.563 18530 18560 I Finsky  : [67] kez.a(64): Billing preferred account via installer for org.telegram.messenger: [u50CvjFgI4N8BK_7VI5wqgrBLx4XC93qbnmKX3YNI1k]
04-18 00:48:50.568  2747  2799 I _benchmark.test: Starting a blocking GC Alloc
04-18 00:48:50.568  2747  2799 I _benchmark.test: Starting a blocking GC Alloc
04-18 00:48:50.574 18530 18560 I Finsky  : [67] kez.a(15): org.telegram.messenger: Account determined from installer data - [u50CvjFgI4N8BK_7VI5wqgrBLx4XC93qbnmKX3YNI1k]
04-18 00:48:50.575 18530 18560 I Finsky  : [67] kez.a(64): Billing preferred account via installer for org.telegram.messenger: [u50CvjFgI4N8BK_7VI5wqgrBLx4XC93qbnmKX3YNI1k]
04-18 00:48:50.578  2747  2799 I _benchmark.test: Alloc young concurrent copying GC freed 340938(7695KB) AllocSpace objects, 0(0B) LOS objects, 83% free, 3092KB/18MB, paused 175us,55us total 9.653ms
04-18 00:48:50.579 10899 10899 I .provider.badge: Using CollectorTypeCC GC.
04-18 00:48:50.586 10899 10899 E .provider.badge: Not starting debugger since process cannot load the jdwp agent.
04-18 00:48:50.587 18530 18666 I Finsky  : [122] kez.a(15): org.telegram.messenger: Account determined from installer data - [u50CvjFgI4N8BK_7VI5wqgrBLx4XC93qbnmKX3YNI1k]
04-18 00:48:50.588 18530 18666 I Finsky  : [122] kez.a(64): Billing preferred account via installer for org.telegram.messenger: [u50CvjFgI4N8BK_7VI5wqgrBLx4XC93qbnmKX3YNI1k]
04-18 00:48:50.593  2747  2799 I _benchmark.test: Starting a blocking GC Alloc
04-18 00:48:50.593  2747  2799 I _benchmark.test: Starting a blocking GC Alloc
04-18 00:48:50.594 18530 18560 I Finsky  : [67] kez.a(15): org.telegram.messenger: Account determined from installer data - [u50CvjFgI4N8BK_7VI5wqgrBLx4XC93qbnmKX3YNI1k]
04-18 00:48:50.595 18530 18560 I Finsky  : [67] kez.a(64): Billing preferred account via installer for org.telegram.messenger: [u50CvjFgI4N8BK_7VI5wqgrBLx4XC93qbnmKX3YNI1k]
04-18 00:48:50.599 10899 10899 W libc    : Access denied finding property "sys.perf.boostopt"
04-18 00:48:50.600  5224  5224 E audit   : type=1400 audit(1681771730.594:60056): avc:  denied  { read } for  pid=10899 comm=".provider.badge" name="u:object_r:perf_prop:s0" dev="tmpfs" ino=16829 scontext=u:r:platform_app:s0:c512,c768 tcontext=u:object_r:perf_prop:s0 tclass=file permissive=0 SEPF_SM-A515F_13_0001 audit_filtered
04-18 00:48:50.600  5224  5224 E audit   : type=1300 audit(1681771730.594:60056): arch=c00000b7 syscall=56 success=no exit=-13 a0=ffffff9c a1=7ffbc769b8 a2=88000 a3=0 items=0 ppid=5250 pid=10899 auid=4294967295 uid=10059 gid=10059 euid=10059 suid=10059 fsuid=10059 egid=10059 sgid=10059 fsgid=10059 tty=(none) ses=4294967295 comm=".provider.badge" exe="/system/bin/app_process64" subj=u:r:platform_app:s0:c512,c768 key=(null)
04-18 00:48:50.600  5224  5224 E audit   : type=1327 audit(1681771730.594:60056): proctitle="zygote64"
04-18 00:48:50.602  2747  2799 I _benchmark.test: Alloc young concurrent copying GC freed 329636(7439KB) AllocSpace objects, 0(0B) LOS objects, 83% free, 3092KB/18MB, paused 154us,51us total 9.286ms
04-18 00:48:50.602 10899 10915 W libc    : Access denied finding property "sys.perf.boostopt"
04-18 00:48:50.604 10899 10899 D ActivityThread: setConscryptValidator
04-18 00:48:50.604 10899 10899 D ActivityThread: setConscryptValidator - put
04-18 00:48:50.606  5224  5224 E audit   : type=1400 audit(1681771730.598:60057): avc:  denied  { read } for  pid=10899 comm="binder:10899_1" name="u:object_r:perf_prop:s0" dev="tmpfs" ino=16829 scontext=u:r:platform_app:s0:c512,c768 tcontext=u:object_r:perf_prop:s0 tclass=file permissive=0 SEPF_SM-A515F_13_0001 audit_filtered
04-18 00:48:50.617  2747  2799 I _benchmark.test: Starting a blocking GC Alloc
04-18 00:48:50.617  2747  2799 I _benchmark.test: Starting a blocking GC Alloc
04-18 00:48:50.626  2747  2799 I _benchmark.test: Alloc young concurrent copying GC freed 318236(7183KB) AllocSpace objects, 0(0B) LOS objects, 83% free, 3093KB/18MB, paused 140us,50us total 8.851ms
04-18 00:48:50.630 10899 10915 W libc    : Access denied finding property "sys.perf.boostopt"
04-18 00:48:50.643  2747  2799 I _benchmark.test: Starting a blocking GC Alloc
04-18 00:48:50.644  2747  2799 I _benchmark.test: Starting a blocking GC Alloc
04-18 00:48:50.647 10899 10899 D CompatibilityChangeReporter: Compat change id reported: 171979766; UID 10059; state: ENABLED
04-18 00:48:50.652  2747  2799 I _benchmark.test: Alloc young concurrent copying GC freed 306768(6927KB) AllocSpace objects, 0(0B) LOS objects, 83% free, 3093KB/18MB, paused 151us,49us total 8.389ms
04-18 00:48:50.666  2747  2799 I _benchmark.test: Starting a blocking GC Alloc
04-18 00:48:50.666  2747  2799 I _benchmark.test: Starting a blocking GC Alloc
04-18 00:48:50.674  2747  2799 I _benchmark.test: Alloc young concurrent copying GC freed 295500(6671KB) AllocSpace objects, 0(0B) LOS objects, 83% free, 3093KB/18MB, paused 143us,49us total 8.141ms
04-18 00:48:50.687  2747  2799 I _benchmark.test: Starting a blocking GC Alloc
04-18 00:48:50.687  2747  2799 I _benchmark.test: Starting a blocking GC Alloc
04-18 00:48:50.695  2747  2799 I _benchmark.test: Alloc young concurrent copying GC freed 284133(6415KB) AllocSpace objects, 0(0B) LOS objects, 83% free, 3093KB/18MB, paused 140us,49us total 8.288ms
04-18 00:48:50.707  2747  2799 I _benchmark.test: Starting a blocking GC Alloc
04-18 00:48:50.707  2747  2799 I _benchmark.test: Starting a blocking GC Alloc
04-18 00:48:50.716  2747  2799 I _benchmark.test: Alloc young concurrent copying GC freed 272782(6159KB) AllocSpace objects, 0(0B) LOS objects, 83% free, 3093KB/18MB, paused 137us,49us total 7.979ms
04-18 00:48:50.727  2747  2799 I _benchmark.test: Starting a blocking GC Alloc
04-18 00:48:50.727  2747  2799 I _benchmark.test: Starting a blocking GC Alloc
04-18 00:48:50.735  2747  2799 I _benchmark.test: Alloc young concurrent copying GC freed 261304(5903KB) AllocSpace objects, 0(0B) LOS objects, 83% free, 3094KB/18MB, paused 141us,46us total 7.867ms
04-18 00:48:50.746  2747  2799 I _benchmark.test: Starting a blocking GC Alloc
04-18 00:48:50.746  2747  2799 I _benchmark.test: Starting a blocking GC Alloc
04-18 00:48:50.754  2747  2799 I _benchmark.test: Alloc young concurrent copying GC freed 250067(5647KB) AllocSpace objects, 0(0B) LOS objects, 83% free, 3094KB/18MB, paused 134us,45us total 7.676ms
04-18 00:48:50.762 10899 10899 I BadgeProvider: onCreate
04-18 00:48:50.763 10899 10899 I BadgeProvider: DatabaseHelper
04-18 00:48:50.764  2747  2799 I _benchmark.test: Starting a blocking GC Alloc
04-18 00:48:50.764  2747  2799 I _benchmark.test: Starting a blocking GC Alloc
04-18 00:48:50.772  2747  2799 I _benchmark.test: Alloc young concurrent copying GC freed 238660(5391KB) AllocSpace objects, 0(0B) LOS objects, 83% free, 3094KB/18MB, paused 137us,47us total 7.706ms
04-18 00:48:50.777 10899 10899 I BadgeCountReceiver: badge intent : Intent { act=android.intent.action.BADGE_COUNT_UPDATE flg=0x1000010 cmp=com.sec.android.provider.badge/.BadgeCountReceiver (has extras) }
04-18 00:48:50.778 10899 10899 I BadgeCountReceiver: packageName: org.telegram.messenger, className: org.telegram.messenger.NoxIcon, count: 0
04-18 00:48:50.782  2747  2799 I _benchmark.test: Starting a blocking GC Alloc
04-18 00:48:50.782  2747  2799 I _benchmark.test: Starting a blocking GC Alloc
04-18 00:48:50.790  2747  2799 I _benchmark.test: Alloc young concurrent copying GC freed 227327(5135KB) AllocSpace objects, 0(0B) LOS objects, 83% free, 3094KB/18MB, paused 170us,55us total 7.806ms
04-18 00:48:50.800  2747  2799 I _benchmark.test: Starting a blocking GC Alloc
04-18 00:48:50.800  2747  2799 I _benchmark.test: Starting a blocking GC Alloc
04-18 00:48:50.808  2747  2799 I _benchmark.test: Alloc young concurrent copying GC freed 216039(4879KB) AllocSpace objects, 0(0B) LOS objects, 83% free, 3095KB/18MB, paused 138us,47us total 7.708ms
04-18 00:48:50.815  5628  9811 D SemWifiUsabilityStatsMonitor: onWifiUsabilityStats - seqNum 23723, isSameBssidAndFreq true
04-18 00:48:50.817  2747  2799 I _benchmark.test: Starting a blocking GC Alloc
04-18 00:48:50.817  2747  2799 I _benchmark.test: Starting a blocking GC Alloc
04-18 00:48:50.819 10899 10917 I BadgeProvider: onOpen
04-18 00:48:50.823  5628  8422 I SemWifiLinkQualityMonitor: Link Qos Query: 0.020 ms / 400.926 Mbps (433 / 0.000 / 1.080)
04-18 00:48:50.825  2747  2799 I _benchmark.test: Alloc young concurrent copying GC freed 204621(4623KB) AllocSpace objects, 0(0B) LOS objects, 83% free, 3095KB/18MB, paused 150us,50us total 7.675ms
04-18 00:48:50.829  4066  4066 I BadgeCountUpdaterImpl: onChange
04-18 00:48:50.830  4066  4066 I BadgeCountUpdaterImpl: onChange
04-18 00:48:50.832 10899 10899 I BadgeProvider: sendNotify entered. [uri] : content://com.sec.badge/apps
04-18 00:48:50.832 10899 10899 I BadgeProvider: sendNotify, [notify] : null
04-18 00:48:50.833  2747  2799 I _benchmark.test: Starting a blocking GC Alloc
04-18 00:48:50.833  2747  2799 I _benchmark.test: Starting a blocking GC Alloc
04-18 00:48:50.834 10899 10899 I BadgeProvider: update, getCallingPackage() : com.sec.android.provider.badge
04-18 00:48:50.834 10899 10899 I BadgeProvider: update, [uri] : content://com.sec.badge/apps
04-18 00:48:50.834 10899 10899 I BadgeProvider: update, [uri.query] : null
04-18 00:48:50.834 10899 10899 I BadgeProvider: update, [BadgeCount] : badgecount=0
04-18 00:48:50.835 10899 10899 I BadgeProvider: update, [UpdateCount] : 1
04-18 00:48:50.839 10899 10917 I BadgeProvider: query, [selection] : package=?
04-18 00:48:50.841  2747  2799 I _benchmark.test: Alloc young concurrent copying GC freed 193251(4367KB) AllocSpace objects, 0(0B) LOS objects, 83% free, 3095KB/18MB, paused 149us,49us total 7.557ms
04-18 00:48:50.849  2747  2799 I _benchmark.test: Starting a blocking GC Alloc
04-18 00:48:50.849  2747  2799 I _benchmark.test: Starting a blocking GC Alloc
04-18 00:48:50.852 10899 10917 E DatabaseUtils: Writing exception to parcel
04-18 00:48:50.852 10899 10917 E DatabaseUtils: java.lang.SecurityException: Permission Denial: writing com.sec.android.provider.badge.BadgeProvider uri content://com.sec.badge/apps?notify=true from pid=10710, uid=10268 requires com.sec.android.provider.badge.permission.WRITE, or grantUriPermission()
04-18 00:48:50.852 10899 10917 E DatabaseUtils: 	at android.content.ContentProvider.enforceWritePermissionInner(ContentProvider.java:1025)
04-18 00:48:50.852 10899 10917 E DatabaseUtils: 	at android.content.ContentProvider.semEnforceWritePermission(ContentProvider.java:951)
04-18 00:48:50.852 10899 10917 E DatabaseUtils: 	at android.content.ContentProvider$Transport.enforceWritePermission(ContentProvider.java:730)
04-18 00:48:50.852 10899 10917 E DatabaseUtils: 	at android.content.ContentProvider$Transport.update(ContentProvider.java:462)
04-18 00:48:50.852 10899 10917 E DatabaseUtils: 	at android.content.ContentProviderNative.onTransact(ContentProviderNative.java:231)
04-18 00:48:50.852 10899 10917 E DatabaseUtils: 	at android.os.Binder.execTransactInternal(Binder.java:1321)
04-18 00:48:50.852 10899 10917 E DatabaseUtils: 	at android.os.Binder.execTransact(Binder.java:1280)
04-18 00:48:50.857  2747  2799 I _benchmark.test: Alloc young concurrent copying GC freed 181923(4111KB) AllocSpace objects, 0(0B) LOS objects, 83% free, 3095KB/18MB, paused 142us,47us total 7.416ms
04-18 00:48:50.864 10899 10916 I BadgeProvider: query, [selection] : package=?
04-18 00:48:50.864  2747  2799 I _benchmark.test: Starting a blocking GC Alloc
04-18 00:48:50.864  2747  2799 I _benchmark.test: Starting a blocking GC Alloc
04-18 00:48:50.872 10899 10899 I BadgeCountReceiver: badge intent : Intent { act=android.intent.action.BADGE_COUNT_UPDATE flg=0x1000010 cmp=com.sec.android.provider.badge/.BadgeCountReceiver (has extras) }
04-18 00:48:50.872 10899 10899 I BadgeCountReceiver: packageName: org.telegram.messenger, className: org.telegram.messenger.NoxIcon, count: 0
04-18 00:48:50.875  4066  4066 I BadgeCountUpdaterImpl: onChange
04-18 00:48:50.878  4066  4066 I BadgeCountUpdaterImpl: onChange
04-18 00:48:50.878 10899 10917 E DatabaseUtils: Writing exception to parcel
04-18 00:48:50.878 10899 10917 E DatabaseUtils: java.lang.SecurityException: Permission Denial: writing com.sec.android.provider.badge.BadgeProvider uri content://com.sec.badge/apps?notify=true from pid=10710, uid=10268 requires com.sec.android.provider.badge.permission.WRITE, or grantUriPermission()
04-18 00:48:50.878 10899 10917 E DatabaseUtils: 	at android.content.ContentProvider.enforceWritePermissionInner(ContentProvider.java:1025)
04-18 00:48:50.878 10899 10917 E DatabaseUtils: 	at android.content.ContentProvider.semEnforceWritePermission(ContentProvider.java:951)
04-18 00:48:50.878 10899 10917 E DatabaseUtils: 	at android.content.ContentProvider$Transport.enforceWritePermission(ContentProvider.java:730)
04-18 00:48:50.878 10899 10917 E DatabaseUtils: 	at android.content.ContentProvider$Transport.update(ContentProvider.java:462)
04-18 00:48:50.878 10899 10917 E DatabaseUtils: 	at android.content.ContentProviderNative.onTransact(ContentProviderNative.java:231)
04-18 00:48:50.878 10899 10917 E DatabaseUtils: 	at android.os.Binder.execTransactInternal(Binder.java:1321)
04-18 00:48:50.878 10899 10917 E DatabaseUtils: 	at android.os.Binder.execTransact(Binder.java:1280)
04-18 00:48:50.882  2747  2799 I _benchmark.test: Alloc concurrent copying GC freed 179451(4058KB) AllocSpace objects, 0(0B) LOS objects, 67% free, 2892KB/9036KB, paused 133us,49us total 16.969ms
04-18 00:48:50.891 10899 10899 I BadgeProvider: sendNotify entered. [uri] : content://com.sec.badge/apps
04-18 00:48:50.891 10899 10899 I BadgeProvider: sendNotify, [notify] : null
04-18 00:48:50.892 10899 10899 I BadgeProvider: update, getCallingPackage() : com.sec.android.provider.badge
04-18 00:48:50.893 10899 10899 I BadgeProvider: update, [uri] : content://com.sec.badge/apps
04-18 00:48:50.893 10899 10899 I BadgeProvider: update, [uri.query] : null
04-18 00:48:50.893 10899 10899 I BadgeProvider: update, [BadgeCount] : badgecount=0
04-18 00:48:50.893 10899 10899 I BadgeProvider: update, [UpdateCount] : 1
04-18 00:48:50.902 10899 10916 I BadgeProvider: query, [selection] : package=?
04-18 00:48:50.909 10899 10899 I BadgeCountReceiver: badge intent : Intent { act=android.intent.action.BADGE_COUNT_UPDATE flg=0x1000010 cmp=com.sec.android.provider.badge/.BadgeCountReceiver (has extras) }
04-18 00:48:50.909 10899 10899 I BadgeCountReceiver: packageName: org.telegram.messenger, className: org.telegram.messenger.NoxIcon, count: 0
04-18 00:48:50.912  4066  4066 I BadgeCountUpdaterImpl: onChange
04-18 00:48:50.918  4066  4066 I BadgeCountUpdaterImpl: onChange
04-18 00:48:50.919 10899 10917 E DatabaseUtils: Writing exception to parcel
04-18 00:48:50.919 10899 10917 E DatabaseUtils: java.lang.SecurityException: Permission Denial: writing com.sec.android.provider.badge.BadgeProvider uri content://com.sec.badge/apps?notify=true from pid=10710, uid=10268 requires com.sec.android.provider.badge.permission.WRITE, or grantUriPermission()
04-18 00:48:50.919 10899 10917 E DatabaseUtils: 	at android.content.ContentProvider.enforceWritePermissionInner(ContentProvider.java:1025)
04-18 00:48:50.919 10899 10917 E DatabaseUtils: 	at android.content.ContentProvider.semEnforceWritePermission(ContentProvider.java:951)
04-18 00:48:50.919 10899 10917 E DatabaseUtils: 	at android.content.ContentProvider$Transport.enforceWritePermission(ContentProvider.java:730)
04-18 00:48:50.919 10899 10917 E DatabaseUtils: 	at android.content.ContentProvider$Transport.update(ContentProvider.java:462)
04-18 00:48:50.919 10899 10917 E DatabaseUtils: 	at android.content.ContentProviderNative.onTransact(ContentProviderNative.java:231)
04-18 00:48:50.919 10899 10917 E DatabaseUtils: 	at android.os.Binder.execTransactInternal(Binder.java:1321)
04-18 00:48:50.919 10899 10917 E DatabaseUtils: 	at android.os.Binder.execTransact(Binder.java:1280)
04-18 00:48:50.921 10899 10899 I BadgeProvider: sendNotify entered. [uri] : content://com.sec.badge/apps
04-18 00:48:50.921 10899 10899 I BadgeProvider: sendNotify, [notify] : null
04-18 00:48:50.928 10899 10899 I BadgeProvider: update, getCallingPackage() : com.sec.android.provider.badge
04-18 00:48:50.928 10899 10899 I BadgeProvider: update, [uri] : content://com.sec.badge/apps
04-18 00:48:50.928 10899 10899 I BadgeProvider: update, [uri.query] : null
04-18 00:48:50.928 10899 10899 I BadgeProvider: update, [BadgeCount] : badgecount=0
04-18 00:48:50.928 10899 10899 I BadgeProvider: update, [UpdateCount] : 1
04-18 00:48:50.985 10710 10796 D CompatibilityChangeReporter: Compat change id reported: 194532703; UID 10268; state: DISABLED
04-18 00:48:50.989 10710 10787 I AppWidgetManager: notifyAppWidgetViewDataChanged() appWidgetIds = [43], viewId = 2131230850
04-18 00:48:51.027 10710 10817 D CompatibilityChangeReporter: Compat change id reported: 160794467; UID 10268; state: ENABLED
04-18 00:48:51.061 10899 10917 I BadgeProvider: query, [selection] : package=?
04-18 00:48:51.068 10899 10899 I BadgeCountReceiver: badge intent : Intent { act=android.intent.action.BADGE_COUNT_UPDATE flg=0x1000010 cmp=com.sec.android.provider.badge/.BadgeCountReceiver (has extras) }
04-18 00:48:51.068 10899 10899 I BadgeCountReceiver: packageName: org.telegram.messenger, className: org.telegram.messenger.NoxIcon, count: 0
04-18 00:48:51.074  4066  4066 I BadgeCountUpdaterImpl: onChange
04-18 00:48:51.074 10899 10917 E DatabaseUtils: Writing exception to parcel
04-18 00:48:51.074 10899 10917 E DatabaseUtils: java.lang.SecurityException: Permission Denial: writing com.sec.android.provider.badge.BadgeProvider uri content://com.sec.badge/apps?notify=true from pid=10710, uid=10268 requires com.sec.android.provider.badge.permission.WRITE, or grantUriPermission()
04-18 00:48:51.074 10899 10917 E DatabaseUtils: 	at android.content.ContentProvider.enforceWritePermissionInner(ContentProvider.java:1025)
04-18 00:48:51.074 10899 10917 E DatabaseUtils: 	at android.content.ContentProvider.semEnforceWritePermission(ContentProvider.java:951)
04-18 00:48:51.074 10899 10917 E DatabaseUtils: 	at android.content.ContentProvider$Transport.enforceWritePermission(ContentProvider.java:730)
04-18 00:48:51.074 10899 10917 E DatabaseUtils: 	at android.content.ContentProvider$Transport.update(ContentProvider.java:462)
04-18 00:48:51.074 10899 10917 E DatabaseUtils: 	at android.content.ContentProviderNative.onTransact(ContentProviderNative.java:231)
04-18 00:48:51.074 10899 10917 E DatabaseUtils: 	at android.os.Binder.execTransactInternal(Binder.java:1321)
04-18 00:48:51.074 10899 10917 E DatabaseUtils: 	at android.os.Binder.execTransact(Binder.java:1280)
04-18 00:48:51.082  4066  4066 I BadgeCountUpdaterImpl: onChange
04-18 00:48:51.085 10899 10899 I BadgeProvider: sendNotify entered. [uri] : content://com.sec.badge/apps
04-18 00:48:51.085 10899 10899 I BadgeProvider: sendNotify, [notify] : null
04-18 00:48:51.087 10899 10899 I BadgeProvider: update, getCallingPackage() : com.sec.android.provider.badge
04-18 00:48:51.087 10899 10899 I BadgeProvider: update, [uri] : content://com.sec.badge/apps
04-18 00:48:51.087 10899 10899 I BadgeProvider: update, [uri.query] : null
04-18 00:48:51.088 10899 10899 I BadgeProvider: update, [BadgeCount] : badgecount=0
04-18 00:48:51.088 10899 10899 I BadgeProvider: update, [UpdateCount] : 1
04-18 00:48:51.200  5250  5250 D Zygote  : Forked child process 10923
04-18 00:48:51.257 10923 10923 I e.process.gapps: Using CollectorTypeCC GC.
04-18 00:48:51.269 10923 10923 E e.process.gapps: Not starting debugger since process cannot load the jdwp agent.
04-18 00:48:51.287  4066  4127 I BadgeCountUpdaterImpl: reload badge without refresh
04-18 00:48:51.288 10923 10923 W libc    : Access denied finding property "sys.perf.boostopt"
04-18 00:48:51.289 10923 10939 W libc    : Access denied finding property "sys.perf.boostopt"
04-18 00:48:51.291 10923 10923 D ActivityThread: setConscryptValidator
04-18 00:48:51.291 10923 10923 D ActivityThread: setConscryptValidator - put
04-18 00:48:51.316 10923 10923 D CompatibilityChangeReporter: Compat change id reported: 171979766; UID 10226; state: ENABLED
04-18 00:48:51.320  5628  5714 W libprocessgroup: Failed to open /dev/blkio//cgroup.procs: No such file or directory
04-18 00:48:51.345 10899 10917 I BadgeProvider: query, [selection] : null
04-18 00:48:51.351 10923 10923 D nativeloader: Configuring classloader-namespace-shared for other apk /system/framework/org.apache.http.legacy.jar. target_sdk_version=33, uses_libraries=ALL, library_path=/system/system_ext/priv-app/GoogleServicesFramework/lib/arm64:/system/system_ext/priv-app/GoogleServicesFramework/GoogleServicesFramework.apk!/lib/arm64-v8a:/system/lib64:/system/system_ext/lib64, permitted_path=/data:/mnt/expand:/data/user/0/com.google.android.gsf:/system/system_ext/priv-app/GoogleServicesFramework:/system/lib64:/system/system_ext/lib64
04-18 00:48:51.351 10923 10923 D nativeloader: Extending system_exposed_libraries: libhumantracking.arcsoft.so:libPortraitDistortionCorrection.arcsoft.so:libPortraitDistortionCorrectionCali.arcsoft.so:libface_landmark.arcsoft.so:libFacialStickerEngine.arcsoft.so:libveengine.arcsoft.so:liblow_light_hdr.arcsoft.so:libhigh_dynamic_range.arcsoft.so:libFacialAttributeDetection.arcsoft.so:libBeauty_v4.camera.samsung.so:libexifa.camera.samsung.so:libjpega.camera.samsung.so:libOpenCv.camera.samsung.so:libImageScreener.camera.samsung.so:libMyFilter.camera.samsung.so:libtensorflowLite.myfilter.camera.samsung.so:libtensorflowlite_inference_api.myfilter.camera.samsung.so:libEventFinder.camera.samsung.so:libHIDTSnapJNI.camera.samsung.so:libSmartScan.camera.samsung.so:libRectify.camera.samsung.so:libDocRectifyWrapper.camera.samsung.so:libUltraWideDistortionCorrection.camera.samsung.so:libHpr_RecGAE_cvFeature_v1.0.camera.samsung.so:libHprFace_GAE_api.camera.samsung.so:libFace_Landmark_API.camera.samsung.so:libHprFace_GAE_jni.camera.samsung.so:libFacialBasedSelfieCorrec
04-18 00:48:51.360 10923 10923 D nativeloader: Configuring classloader-namespace-shared for other apk /system/system_ext/priv-app/GoogleServicesFramework/GoogleServicesFramework.apk. target_sdk_version=33, uses_libraries=, library_path=/system/system_ext/priv-app/GoogleServicesFramework/lib/arm64:/system/system_ext/priv-app/GoogleServicesFramework/GoogleServicesFramework.apk!/lib/arm64-v8a:/system/lib64:/system/system_ext/lib64, permitted_path=/data:/mnt/expand:/data/user/0/com.google.android.gsf:/system/system_ext/priv-app/GoogleServicesFramework:/system/lib64:/system/system_ext/lib64
04-18 00:48:51.383 10923 10923 V GraphicsEnvironment: ANGLE Developer option for 'com.google.android.gsf' set to: 'default'
04-18 00:48:51.383 10923 10923 V GraphicsEnvironment: ANGLE GameManagerService for com.google.android.gsf: false
04-18 00:48:51.384 10923 10923 V GraphicsEnvironment: Neither updatable production driver nor prerelease driver is supported.
04-18 00:48:51.384  4066  4127 I BadgeCache: update cache : com.vkontakte.android user : UserHandle{0}  count : 7
04-18 00:48:51.389 10923 10923 D NetworkSecurityConfig: No Network Security Config specified, using platform default
04-18 00:48:51.392 10923 10923 D NetworkSecurityConfig: No Network Security Config specified, using platform default
04-18 00:48:51.428  4066  4127 I BadgeCache: update cache : com.vkontakte.android user : UserHandle{0}  count : 1
04-18 00:48:51.446  4066  4127 I BadgeCache: reloadBadge size : 1
04-18 00:48:51.449  5628  5714 W libprocessgroup: Failed to open /dev/blkio//cgroup.procs: No such file or directory
04-18 00:48:51.450  5628  5714 W libprocessgroup: Failed to open /dev/blkio//cgroup.procs: No such file or directory
04-18 00:48:51.457 10923 10923 I GoogleHttpClient: GMS http client unavailable, use old client
04-18 00:48:51.650 18530 18608 D PaySecureElementClient: Felica app not found; returning isSecureElementAvailable = false!
04-18 00:48:51.691  4613  4613 W keymaster_tee: [WRN]begin req PARAMS: A32 B32 P1
04-18 00:48:51.709  4613  4613 W keymaster_tee: [WRN]begin req PARAMS: A32 B2 P64
04-18 00:48:51.751 18530 21607 I Finsky  : [156] kgv.run(48): Skipping a request to /bulkAcquire since cache has all the records.
04-18 00:48:53.188  5288  5288 E sehhealth-service: Could not open /sys/class/power_supply/battery/lrp
04-18 00:48:53.848  5628  9811 D SemWifiUsabilityStatsMonitor: onWifiUsabilityStats - seqNum 23724, isSameBssidAndFreq true
04-18 00:48:53.853  5628  8422 I SemWifiLinkQualityMonitor: Link Qos Query: 0.019 ms / 430.327 Mbps (433 / 0.000 / 1.006)
04-18 00:48:55.490  8513  8599 D MobileStatusTracker(1/2): onSignalStrengthsChanged level=2, vendorLevel=2
04-18 00:48:55.492  8513  8599 D MobileSignalController(1/2): notifyListener: enabled=true, connected=true, dataConnected=false, networkType=LTE (4G), emergencyOnly=false, roaming=false, isDefault=false, dataActivity=, level=2, ca=false, mmWave=false, disabledDataIcon=false, simCard=ETC
04-18 00:48:55.500  8513  8599 D NetworkController: SignalStrength from intent slotId=1
04-18 00:48:56.889  5628  9811 D SemWifiUsabilityStatsMonitor: onWifiUsabilityStats - seqNum 23725, isSameBssidAndFreq true
04-18 00:48:56.892  5628  8422 I SemWifiLinkQualityMonitor: Link Qos Query: 0.018 ms / 433.000 Mbps (433 / 0.000 / 1.000)
04-18 00:48:59.933  5628  9811 D SemWifiUsabilityStatsMonitor: onWifiUsabilityStats - seqNum 23726, isSameBssidAndFreq true
04-18 00:48:59.934  8513  8513 D NetworkController.WifiSignalController: notifyListener: visible=true, connected=true, inetCondition=1, isDefault=true, wifiTestReported=true, receivedInetCondition=-1, hideDuringMobileSwitching=false
04-18 00:48:59.939  5628  8422 I SemWifiLinkQualityMonitor: Link Qos Query: 0.018 ms / 433.000 Mbps (433 / 0.000 / 1.000)
04-18 00:48:59.945  8513  8599 D Tile.WifiTile: handleUpdateState isTransient=false transientEnabling =false cb.isTransient=false state.state = 2 mStateBeforeClick.value =false enabled =true
