04-30 01:28:42.538  6118  6631 I bt_stack: [INFO:rfc_port_fsm.cc(106)] rfc_port_sm_execute: BD_ADDR=645df4_1, PORT=28, STATE=4, EVENT=4
04-30 01:28:42.538  9200 32189 D BluetoothSocket: read out:  android.net.LocalSocketImpl$SocketInputStream@b2d6294 ret: 4
04-30 01:28:42.538  6118  6631 I bt_stack: [INFO:rfc_port_fsm.cc(106)] rfc_port_sm_execute: BD_ADDR=645df4_1, PORT=28, STATE=4, EVENT=14
04-30 01:28:42.538  9200 32189 D BluetoothSocket: read in:  android.net.LocalSocketImpl$SocketInputStream@b2d6294 len: 37
04-30 01:28:42.539  9200 32189 D BluetoothSocket: read out:  android.net.LocalSocketImpl$SocketInputStream@b2d6294 ret: 37
04-30 01:28:42.540  9200 32189 D BluetoothSocket: read in:  android.net.LocalSocketImpl$SocketInputStream@b2d6294 len: 4
04-30 01:28:42.541  6118  6631 I bt_stack: [INFO:rfc_port_fsm.cc(106)] rfc_port_sm_execute: BD_ADDR=645df4_1, PORT=28, STATE=4, EVENT=14
04-30 01:28:42.541  6118  6631 I bt_stack: [INFO:rfc_port_fsm.cc(106)] rfc_port_sm_execute: BD_ADDR=645df4_1, PORT=28, STATE=4, EVENT=14
04-30 01:28:42.631  6118  6631 I bt_stack: [INFO:rfc_port_fsm.cc(106)] rfc_port_sm_execute: BD_ADDR=645df4_1, PORT=28, STATE=4, EVENT=4
04-30 01:28:42.631  9200 32189 D BluetoothSocket: read out:  android.net.LocalSocketImpl$SocketInputStream@b2d6294 ret: 4
04-30 01:28:42.631  9200 32189 D BluetoothSocket: read in:  android.net.LocalSocketImpl$SocketInputStream@b2d6294 len: 37
04-30 01:28:42.631  9200 32189 D BluetoothSocket: read out:  android.net.LocalSocketImpl$SocketInputStream@b2d6294 ret: 37
04-30 01:28:42.632  9200 32189 D BluetoothSocket: read in:  android.net.LocalSocketImpl$SocketInputStream@b2d6294 len: 4
04-30 01:28:42.633  6118  6631 I bt_stack: [INFO:rfc_port_fsm.cc(106)] rfc_port_sm_execute: BD_ADDR=645df4_1, PORT=28, STATE=4, EVENT=4
04-30 01:28:42.634  9200 32189 D BluetoothSocket: read out:  android.net.LocalSocketImpl$SocketInputStream@b2d6294 ret: 4
04-30 01:28:42.634  9200 32189 D BluetoothSocket: read in:  android.net.LocalSocketImpl$SocketInputStream@b2d6294 len: 37
04-30 01:28:42.634  9200 32189 D BluetoothSocket: read out:  android.net.LocalSocketImpl$SocketInputStream@b2d6294 ret: 37
04-30 01:28:42.635  9200 32189 D BluetoothSocket: read in:  android.net.LocalSocketImpl$SocketInputStream@b2d6294 len: 4
04-30 01:28:42.716  6118  6631 I bt_stack: [INFO:rfc_port_fsm.cc(106)] rfc_port_sm_execute: BD_ADDR=645df4_1, PORT=28, STATE=4, EVENT=4
04-30 01:28:42.716  9200 32189 D BluetoothSocket: read out:  android.net.LocalSocketImpl$SocketInputStream@b2d6294 ret: 4
04-30 01:28:42.717  9200 32189 D BluetoothSocket: read in:  android.net.LocalSocketImpl$SocketInputStream@b2d6294 len: 37
04-30 01:28:42.717  9200 32189 D BluetoothSocket: read out:  android.net.LocalSocketImpl$SocketInputStream@b2d6294 ret: 37
04-30 01:28:42.718  9200 32189 D BluetoothSocket: read in:  android.net.LocalSocketImpl$SocketInputStream@b2d6294 len: 4
04-30 01:28:42.724  6118  6631 I bt_stack: [INFO:rfc_port_fsm.cc(106)] rfc_port_sm_execute: BD_ADDR=645df4_1, PORT=28, STATE=4, EVENT=4
04-30 01:28:42.724  9200 32189 D BluetoothSocket: read out:  android.net.LocalSocketImpl$SocketInputStream@b2d6294 ret: 4
04-30 01:28:42.725  9200 32189 D BluetoothSocket: read in:  android.net.LocalSocketImpl$SocketInputStream@b2d6294 len: 37
04-30 01:28:42.725  9200 32189 D BluetoothSocket: read out:  android.net.LocalSocketImpl$SocketInputStream@b2d6294 ret: 37
04-30 01:28:42.726  9200 32189 D BluetoothSocket: read in:  android.net.LocalSocketImpl$SocketInputStream@b2d6294 len: 4
04-30 01:28:42.754  6118  6631 I bt_stack: [INFO:rfc_port_fsm.cc(106)] rfc_port_sm_execute: BD_ADDR=645df4_1, PORT=28, STATE=4, EVENT=4
04-30 01:28:42.754  9200 32189 D BluetoothSocket: read out:  android.net.LocalSocketImpl$SocketInputStream@b2d6294 ret: 4
04-30 01:28:42.755  9200 32189 D BluetoothSocket: read in:  android.net.LocalSocketImpl$SocketInputStream@b2d6294 len: 68
04-30 01:28:42.755  9200 32189 D BluetoothSocket: read out:  android.net.LocalSocketImpl$SocketInputStream@b2d6294 ret: 68
04-30 01:28:42.756  9200 32189 D BluetoothSocket: read in:  android.net.LocalSocketImpl$SocketInputStream@b2d6294 len: 4
04-30 01:28:42.759  9200 32187 D BluetoothSocket: write: android.net.LocalSocketImpl$SocketOutputStream@3d166e7 length: 4
04-30 01:28:42.759  9200 32187 D BluetoothSocket: write out: android.net.LocalSocketImpl$SocketOutputStream@3d166e7 length: 4
04-30 01:28:42.759  9200 32187 D BluetoothSocket: write: android.net.LocalSocketImpl$SocketOutputStream@3d166e7 length: 37
04-30 01:28:42.759  9200 32187 D BluetoothSocket: write out: android.net.LocalSocketImpl$SocketOutputStream@3d166e7 length: 37
04-30 01:28:42.760  6118  6631 I bt_stack: [INFO:rfc_port_fsm.cc(106)] rfc_port_sm_execute: BD_ADDR=645df4_1, PORT=28, STATE=4, EVENT=14
04-30 01:28:42.792  6118  6631 I bt_stack: [INFO:rfc_port_fsm.cc(106)] rfc_port_sm_execute: BD_ADDR=645df4_1, PORT=28, STATE=4, EVENT=4
04-30 01:28:42.792  9200 32189 D BluetoothSocket: read out:  android.net.LocalSocketImpl$SocketInputStream@b2d6294 ret: 4
04-30 01:28:42.792  9200 32189 D BluetoothSocket: read in:  android.net.LocalSocketImpl$SocketInputStream@b2d6294 len: 37
04-30 01:28:42.793  9200 32189 D BluetoothSocket: read out:  android.net.LocalSocketImpl$SocketInputStream@b2d6294 ret: 37
04-30 01:28:42.794  9200 32189 D BluetoothSocket: read in:  android.net.LocalSocketImpl$SocketInputStream@b2d6294 len: 4
04-30 01:28:42.795  6118  6631 I bt_stack: [INFO:rfc_port_fsm.cc(106)] rfc_port_sm_execute: BD_ADDR=645df4_1, PORT=28, STATE=4, EVENT=4
04-30 01:28:42.796  9200 32189 D BluetoothSocket: read out:  android.net.LocalSocketImpl$SocketInputStream@b2d6294 ret: 4
04-30 01:28:42.796  9200 32189 D BluetoothSocket: read in:  android.net.LocalSocketImpl$SocketInputStream@b2d6294 len: 37
04-30 01:28:42.796  9200 32189 D BluetoothSocket: read out:  android.net.LocalSocketImpl$SocketInputStream@b2d6294 ret: 37
04-30 01:28:42.797  9200 32189 D BluetoothSocket: read in:  android.net.LocalSocketImpl$SocketInputStream@b2d6294 len: 4
04-30 01:28:42.805  6118  6631 I bt_stack: [INFO:rfc_port_fsm.cc(106)] rfc_port_sm_execute: BD_ADDR=645df4_1, PORT=28, STATE=4, EVENT=4
04-30 01:28:42.806  9200 32189 D BluetoothSocket: read out:  android.net.LocalSocketImpl$SocketInputStream@b2d6294 ret: 4
04-30 01:28:42.806  9200 32189 D BluetoothSocket: read in:  android.net.LocalSocketImpl$SocketInputStream@b2d6294 len: 37
04-30 01:28:42.807  9200 32189 D BluetoothSocket: read out:  android.net.LocalSocketImpl$SocketInputStream@b2d6294 ret: 37
04-30 01:28:42.809  9200 32189 D BluetoothSocket: read in:  android.net.LocalSocketImpl$SocketInputStream@b2d6294 len: 4
04-30 01:28:42.815  6118  6631 I bt_stack: [INFO:rfc_port_fsm.cc(106)] rfc_port_sm_execute: BD_ADDR=645df4_1, PORT=28, STATE=4, EVENT=4
04-30 01:28:42.815  9200 32189 D BluetoothSocket: read out:  android.net.LocalSocketImpl$SocketInputStream@b2d6294 ret: 4
04-30 01:28:42.816  9200 32189 D BluetoothSocket: read in:  android.net.LocalSocketImpl$SocketInputStream@b2d6294 len: 68
04-30 01:28:42.816  9200 32189 D BluetoothSocket: read out:  android.net.LocalSocketImpl$SocketInputStream@b2d6294 ret: 68
04-30 01:28:42.817  9200 32189 D BluetoothSocket: read in:  android.net.LocalSocketImpl$SocketInputStream@b2d6294 len: 4
04-30 01:28:42.817  9200 32187 D BluetoothSocket: write: android.net.LocalSocketImpl$SocketOutputStream@3d166e7 length: 4
04-30 01:28:42.818  9200 32187 D BluetoothSocket: write out: android.net.LocalSocketImpl$SocketOutputStream@3d166e7 length: 4
04-30 01:28:42.818  9200 32187 D BluetoothSocket: write: android.net.LocalSocketImpl$SocketOutputStream@3d166e7 length: 37
04-30 01:28:42.818  9200 32187 D BluetoothSocket: write out: android.net.LocalSocketImpl$SocketOutputStream@3d166e7 length: 37
04-30 01:28:42.818  6118  6631 I bt_stack: [INFO:rfc_port_fsm.cc(106)] rfc_port_sm_execute: BD_ADDR=645df4_1, PORT=28, STATE=4, EVENT=14
04-30 01:28:42.833  6118  6631 I bt_stack: [INFO:rfc_port_fsm.cc(106)] rfc_port_sm_execute: BD_ADDR=645df4_1, PORT=28, STATE=4, EVENT=4
04-30 01:28:42.833  9200 32189 D BluetoothSocket: read out:  android.net.LocalSocketImpl$SocketInputStream@b2d6294 ret: 4
04-30 01:28:42.834  9200 32189 D BluetoothSocket: read in:  android.net.LocalSocketImpl$SocketInputStream@b2d6294 len: 68
04-30 01:28:42.834  9200 32189 D BluetoothSocket: read out:  android.net.LocalSocketImpl$SocketInputStream@b2d6294 ret: 68
04-30 01:28:42.835  9200 32189 D BluetoothSocket: read in:  android.net.LocalSocketImpl$SocketInputStream@b2d6294 len: 4
04-30 01:28:42.835  9200 32187 D BluetoothSocket: write: android.net.LocalSocketImpl$SocketOutputStream@3d166e7 length: 4
04-30 01:28:42.835  9200 32187 D BluetoothSocket: write out: android.net.LocalSocketImpl$SocketOutputStream@3d166e7 length: 4
04-30 01:28:42.835  9200 32187 D BluetoothSocket: write: android.net.LocalSocketImpl$SocketOutputStream@3d166e7 length: 37
04-30 01:28:42.836  9200 32187 D BluetoothSocket: write out: android.net.LocalSocketImpl$SocketOutputStream@3d166e7 length: 37
04-30 01:28:42.836  6118  6631 I bt_stack: [INFO:rfc_port_fsm.cc(106)] rfc_port_sm_execute: BD_ADDR=645df4_1, PORT=28, STATE=4, EVENT=14
04-30 01:28:42.840  6118  6631 I bt_stack: [INFO:rfc_port_fsm.cc(106)] rfc_port_sm_execute: BD_ADDR=645df4_1, PORT=28, STATE=4, EVENT=14
04-30 01:28:43.049 17798 17841 I AppWidgetManager: notifyAppWidgetViewDataChanged() appWidgetIds = [43], viewId = 2131230850
04-30 01:28:43.521  5429  7411 D SemWifiUsabilityStatsMonitor: onWifiUsabilityStats - seqNum 25088, isSameBssidAndFreq true
04-30 01:28:43.524  5429  5717 I SemWifiLinkQualityMonitor: Link Qos Query: 0.021 ms / 384.889 Mbps (433 / 0.000 / 1.125)
04-30 01:28:44.102  5429  5488 W libprocessgroup: Failed to open /dev/blkio//cgroup.procs: No such file or directory
04-30 01:28:44.319  5429  5705 I ChimeraAggressivePolicyHandler: executePolicy() - triggerSource: TRIGGER_SOURCE_LMKD
04-30 01:28:44.324  5429  5705 I ChimeraAggressivePolicyHandler: available memory: 1051200, free memory target: 870400, quit chimera
04-30 01:28:44.605  5429 21767 D TrafficStats: tagSocket(964) with statsTag=0xffffffff, statsUid=-1
04-30 01:28:44.809  5429 21767 D WifiConnectivityMonitor.DnsThread:  [|206]
04-30 01:28:44.810  5429  5738 D WifiConnectivityMonitor.NetworkStatsAnalyzer: DNS resultType : 0, responseTime : 206
04-30 01:28:44.811  5429  5736 D OpenNetworkQos[4.00]: updateBssidLatestDnsResultType - result: 0
04-30 01:28:44.811  5429  5736 D OpenNetworkQos[4.00]: updateBssidNoInternet: mBssidNoInternet = false
04-30 01:28:44.811  5429  5736 D OpenNetworkQos[4.00]: getOpenNetworkQosNoInternetStatus: false
04-30 01:28:44.811  5429  5736 D OpenNetworkQos[4.00]: getOpenNetworkQosScores: 30 30 30
04-30 01:28:44.811  5429  5736 I WifiProfileShare: network QoS data was changed (internet), updateQoSData networkType: true, qosData: false
04-30 01:28:44.812  5429  7167 V WifiProfileShare.Caster: update wips network, size: 0
04-30 01:28:44.812  5429  7167 D WifiProfileShare: nearby scanning settings run
04-30 01:28:44.812  5429  7167 D WifiProfileShare: network score provider settings enabled
04-30 01:28:44.812  5429  7167 D OpenNetworkQos[4.00]: getOpenNetworkQosScores: 30 30 30
04-30 01:28:44.812  5429  7167 D OpenNetworkQos[4.00]: getOpenNetworkQosNoInternetStatus: false
04-30 01:28:44.813  5429  7167 I WifiProfileShare.Caster: current network type: 0, score: [30, 30, 30]
04-30 01:28:44.813  5429  7167 V WifiProfileShare.Cache: update network score 00:e4:06:**:**:90
04-30 01:28:44.814  5429  7167 D WifiProfileShare.ScanMatcher: getMcfDataList size:2
04-30 01:28:44.814  5429  7167 I WifiProfileShare.Caster: qos data was updated , before:type:QOS, pBssid:51:2e:90, qosData:7c after:type:QOS, pBssid:51:2e:90, qosData:7c
04-30 01:28:44.817  5429  7167 I [MCFSDK_android_1.2.4010]_4_b: isNetworkEnabled - type : 1 ret : true
04-30 01:28:44.818  5429  7167 D WifiProfileShare.McfCast: -ME--- mIsNetworkEnabled :true
04-30 01:28:44.818  5429  7167 D WifiProfileShare.McfCast: updateQoSData ignored, same contents
04-30 01:28:44.818  5429  7167 D WifiProfileShare.MCF: success update QosData !
04-30 01:28:44.820  5429  7167 I [MCFSDK_android_1.2.4010]_4_b: isNetworkEnabled - type : 1 ret : true
04-30 01:28:44.820  5429  7167 D WifiProfileShare.McfCast: -ME--- mIsNetworkEnabled :true
04-30 01:28:44.820  5429  7167 D WifiProfileShare.McfCast: -ME--- updatePasswordDate pwdData size:2
04-30 01:28:45.217 29954 21768 I GmscoreIpa: Starting mediastore instant index [CONTEXT service_id=255 ]
04-30 01:28:46.463  5429  8526 D PackageManager: setEnabledSetting : userId = 0 packageName = com.Slack cmp = androidx.work.impl.background.systemalarm.RescheduleReceiver newState = 1 callingPackage = 10329/com.Slack
04-30 01:28:46.466  5429  8526 D ApplicationPolicy: getApplicationStateEnabled : pkg = com.Slack userId : 0
04-30 01:28:46.468  5429  8526 D ApplicationPolicy: getApplicationComponentState : pkg = com.Slack userId : 0
04-30 01:28:46.501  5429  5488 W libprocessgroup: Failed to open /dev/blkio//cgroup.procs: No such file or directory
04-30 01:28:46.531 16465 16531 D ConnectivityManager: StackLog: [android.net.ConnectivityManager.sendRequestForNetwork(ConnectivityManager.java:4191)] [android.net.ConnectivityManager.registerDefaultNetworkCallbackForUid(ConnectivityManager.java:4755)] [android.net.ConnectivityManager.registerDefaultNetworkCallback(ConnectivityManager.java:4722)] [android.net.ConnectivityManager.registerDefaultNetworkCallback(ConnectivityManager.java:4696)] [androidx.work.impl.utils.NetworkApi24.registerDefaultNetworkCallbackCompat(Unknown Source:10)] [androidx.work.impl.constraints.trackers.NetworkStateTracker24.startTracking(Unknown Source:15)] [androidx.work.impl.constraints.controllers.ConstraintController.replace(Unknown Source:130)] [androidx.work.impl.constraints.WorkConstraintsTrackerImpl.replace(Unknown Source:41)] [androidx.work.impl.background.greedy.GreedyScheduler.schedule(Unknown Source:302)] [androidx.work.impl.Schedulers.schedule(Unknown Source:149)] [androidx.work.impl.utils.EnqueueRunnable.run(Unknown Source:53)] [androidx.work.Worker$2.run$androidx$work$impl$utils$SerialExecutorImpl$Task(Unknown Source:4)] [androidx.work.Worker$2.run(Unknown Source:868)] [java.util.concurrent.ThreadPoolExecutor.runWorker(ThreadPoolExecutor.java:1137)] [java.util.concurrent.ThreadPoolExecutor$Worker.run(ThreadPoolExecutor.java:637)] [java.lang.Thread.run(Thread.java:1012)]
04-30 01:28:46.533  5429  8528 D ConnectivityService: requestNetwork for uid/pid:10329/16465 activeRequest: null callbackRequest: 19543 [NetworkRequest [ REQUEST id=19544, [ Capabilities: INTERNET&NOT_RESTRICTED&TRUSTED&NOT_VCN_MANAGED Uid: 10329 RequestorUid: 10329 RequestorPkg: com.Slack UnderlyingNetworks: Null] ]] callback flags: 0 order: 2147483647
04-30 01:28:46.535  5429  5665 D ConnectivityService:    accepting network in place of null
04-30 01:28:46.553  5429  5665 D ConnectivityService: Rematched networks [computed 1ms] [applied 5ms] [issued 13]
04-30 01:28:46.553  5429  5665 D ConnectivityService: NetworkReassignment :
04-30 01:28:46.553  5429  5665 D ConnectivityService:   19544 : null  128
04-30 01:28:46.555 16465 16465 D ConnectivityManager: StackLog: [android.net.ConnectivityManager.unregisterNetworkCallback(ConnectivityManager.java:4863)] [androidx.work.impl.utils.NetworkApi21.unregisterNetworkCallbackCompat(Unknown Source:10)] [androidx.work.impl.constraints.trackers.NetworkStateTracker24.stopTracking(Unknown Source:15)] [androidx.work.impl.constraints.trackers.ConstraintTracker.removeListener(Unknown Source:24)] [androidx.work.impl.constraints.controllers.ConstraintController.replace(Unknown Source:81)] [androidx.work.impl.constraints.WorkConstraintsTrackerImpl.replace(Unknown Source:41)] [androidx.work.impl.background.greedy.GreedyScheduler.onExecuted(Unknown Source:55)] [androidx.work.impl.Processor.onExecuted(Unknown Source:59)] [com.bugsnag.android.DeliveryDelegate$1.run(Unknown Source:212)]
04-30 01:28:46.555  5429  7411 D SemWifiUsabilityStatsMonitor: onWifiUsabilityStats - seqNum 25089, isSameBssidAndFreq true
04-30 01:28:46.556  5429  5655 D WifiNetworkFactory: got request NetworkRequest [ REQUEST id=19544, [ Capabilities: INTERNET&NOT_RESTRICTED&TRUSTED&NOT_VCN_MANAGED Uid: 10329 RequestorUid: 10329 RequestorPkg: com.Slack UnderlyingNetworks: Null] ]
04-30 01:28:46.556  5429  5655 D UntrustedWifiNetworkFactory: got request NetworkRequest [ REQUEST id=19544, [ Capabilities: INTERNET&NOT_RESTRICTED&TRUSTED&NOT_VCN_MANAGED Uid: 10329 RequestorUid: 10329 RequestorPkg: com.Slack UnderlyingNetworks: Null] ]
04-30 01:28:46.556  5429  5655 D OemPaidWifiNetworkFactory: got request NetworkRequest [ REQUEST id=19544, [ Capabilities: INTERNET&NOT_RESTRICTED&TRUSTED&NOT_VCN_MANAGED Uid: 10329 RequestorUid: 10329 RequestorPkg: com.Slack UnderlyingNetworks: Null] ]
04-30 01:28:46.556  5429  5655 D MultiInternetWifiNetworkFactory: got request NetworkRequest [ REQUEST id=19544, [ Capabilities: INTERNET&NOT_RESTRICTED&TRUSTED&NOT_VCN_MANAGED Uid: 10329 RequestorUid: 10329 RequestorPkg: com.Slack UnderlyingNetworks: Null] ]
04-30 01:28:46.557  5429  5665 D ConnectivityService:  Removing from current network [128 WIFI], leaving 161 requests.
04-30 01:28:46.557  5429  5717 I SemWifiLinkQualityMonitor: Link Qos Query: 0.018 ms / 433.000 Mbps (433 / 0.000 / 1.000)
04-30 01:28:49.590  5429  7411 D SemWifiUsabilityStatsMonitor: onWifiUsabilityStats - seqNum 25090, isSameBssidAndFreq true
04-30 01:28:49.593  5429  5717 I SemWifiLinkQualityMonitor: Link Qos Query: 0.018 ms / 433.000 Mbps (433 / 0.000 / 1.000)
04-30 01:28:49.594  5878  5878 D NetworkController.WifiSignalController: notifyListener: visible=true, connected=true, inetCondition=1, isDefault=true, wifiTestReported=true, receivedInetCondition=-1, hideDuringMobileSwitching=false
04-30 01:28:49.601  5878  6043 D Tile.WifiTile: handleUpdateState isTransient=false transientEnabling =false cb.isTransient=false state.state = 2 mStateBeforeClick.value =false enabled =true
04-30 01:28:50.473  5429  5429 D SemWifiP2pGoPowerSave: GopsReceiver : received : com.samsung.intent.action.CHECK_SIOP_LEVEL
04-30 01:28:50.473  5429  5429 I SemWifiP2pGoPowerSave: siop_level = 0
04-30 01:28:50.478   578   606 I SystemBroadcastReceiver: [#CMH#] onReceive completed :  0
04-30 01:28:50.479   578   578 I PolicyManager: [#CMH#] onReceive action = EVENT_SIOP
04-30 01:28:52.490   578   610 I PolicyManager: [#CMH#] Is foreground game app: false
04-30 01:28:52.630  5429  7411 D SemWifiUsabilityStatsMonitor: onWifiUsabilityStats - seqNum 25091, isSameBssidAndFreq true
04-30 01:28:52.633  5878  5878 D NetworkController.WifiSignalController: notifyListener: visible=true, connected=true, inetCondition=1, isDefault=true, wifiTestReported=true, receivedInetCondition=-1, hideDuringMobileSwitching=false
04-30 01:28:52.634  5429  5717 I SemWifiLinkQualityMonitor: Link Qos Query: 0.028 ms / 288.667 Mbps (433 / 0.000 / 1.500)
04-30 01:28:52.634  5878  6043 D Tile.WifiTile: handleUpdateState isTransient=false transientEnabling =false cb.isTransient=false state.state = 2 mStateBeforeClick.value =false enabled =true
04-30 01:28:55.662  5429  7411 D SemWifiUsabilityStatsMonitor: onWifiUsabilityStats - seqNum 25092, isSameBssidAndFreq true
04-30 01:28:55.664  5429  5717 I SemWifiLinkQualityMonitor: Link Qos Query: 0.028 ms / 288.667 Mbps (433 / 0.000 / 1.500)
04-30 01:28:55.665  5878  5878 D NetworkController.WifiSignalController: notifyListener: visible=true, connected=true, inetCondition=1, isDefault=true, wifiTestReported=true, receivedInetCondition=-1, hideDuringMobileSwitching=false
04-30 01:28:55.666  5878  6043 D Tile.WifiTile: handleUpdateState isTransient=false transientEnabling =false cb.isTransient=false state.state = 2 mStateBeforeClick.value =false enabled =true
04-30 01:28:55.878  9200  9200 D BoundBrokerSvc: onUnbind: Intent { act=com.google.android.gms.scheduler.ACTION_PROXY_SCHEDULE dat=chimera-action:/... cmp=com.google.android.gms/.chimera.PersistentApiService }
04-30 01:28:57.136  5429  5705 I ChimeraAggressivePolicyHandler: executePolicy() - triggerSource: TRIGGER_SOURCE_LMKD
04-30 01:28:57.139  5429  5705 I ChimeraAggressivePolicyHandler: available memory: 1024124, free memory target: 870400, quit chimera
04-30 01:28:57.471 12235 12258 D Benchmark: timeNs[ 0:10]: 269973192 270722499 279510461 261119923 279647692 297770538 273610846 286574846 274493154 269960192
04-30 01:28:57.472 12235 12258 D Benchmark: timeNs[10:20]: 278318384 284850885 278548000 285469999 275531038 280438116 287972884 291500192 292937846 286563692
04-30 01:28:57.472 12235 12258 D Benchmark: timeNs[20:30]: 277973923 276329423 289982884 278130192 282131808 296813077 287596192 291066962 297620539 283155846
04-30 01:28:57.472 12235 12258 D Benchmark: timeNs[30:40]: 289942615 270069539 277142423 294869039 281061692 272745692 302438116 284109039 269934539 286965192
04-30 01:28:57.472 12235 12258 D Benchmark: timeNs[40:50]: 276989615 275815116 283134885 274042884 284458038 286169192 273912077 295474692 273117192 274870654
04-30 01:28:58.393  5429  8530 V LocationManagerService: passive provider registration 5023/com.samsung.android.networkdiagnostic/4FDF9C6D dropped delivery - too close
04-30 01:28:58.394  5429  8530 V LocationManagerService: passive provider registration 1000/android[SensorNotificationService]/CC5BC53F dropped delivery - too close
04-30 01:28:58.397  5429  6058 D SLocation: PositionManager - PassiveonLocationChanged fused 1682810938372
04-30 01:28:58.397  5429  6058 W SLocation: PositionManager - do not refresh last location about fused location
04-30 01:28:58.397  5429  6058 D SLocation: ARDistanceBigData - BIGDATA ARD - receive location
04-30 01:28:58.398  5429  6058 D SLocation: ARDistanceLibManager - request distance diff to AR Distance Library
04-30 01:28:58.398  5429  6058 D SLocation: SLocationCoreSem - send to coreSem, packet length : 1 / [34]
04-30 01:28:58.398  5429  6058 D SemContextLocationCoreAttribute: setAttribute() mode : 0 action : 23
04-30 01:28:58.398  5429  6058 D SemContextService: lock : changeParameters
04-30 01:28:58.398  5429  6058 D SemContext.CaeProvider.LocationCoreImpl: setAttribute() mode : 0 action : 23
04-30 01:28:58.399  5429  6058 W CAE     : setCAProperty(ContextAwareService.java:513) - [setProperty 01] Mutex is locked for SLOCATION_RUNNER
04-30 01:28:58.399  5429  6058 I CAE     : setPropertyValue(SLocationRunner.java:116) - SLocationRunner setProperty header : 34, len : 1
04-30 01:28:58.400  5429  6058 I CAE     : sendCmdToSensorHub(SensorHubCommManager.java:156) - -63, 23, 55, 34,
04-30 01:28:58.401  5429  5598 D SensorService: setSContextDataLocked ints length 2 , byte length 4
04-30 01:28:58.401  5429  5598 D SensorService: setSContextDataLocked 223717c1
04-30 01:28:58.402  4993  4993 I SensorsHub: SContextSensor::injecet_sensor_data
04-30 01:28:58.402  4993  4993 D SensorsHub: c1 17 37 22
04-30 01:28:58.402  4993  4993 D SensorsHub: inject_scontext_data: New ssp_data_injection_fd(28)
04-30 01:28:58.402  4993  4993 D SensorsHub: SContext Data Injection return 4
04-30 01:28:58.402  4993  5068 I SensorsHub: context 38 0 37 1,1,55,0,33,33,0,0,0,0,23,90,121,119,72,117,8,0,26,183,53,192,12,50,124,0,0,0,0,10,5,8,37,160,0,0,3,255, 220478375543114
04-30 01:28:58.404  5429  5595 D SensorHubManager: onGetSensorHubDataLocked: library(38) = 1, 1, 55, 0, 33, 33, 0, 0, 0, 0, 23, 90, 121, 119, 72, 117, 8, 0, 26, -73, 53, -64, 12, 50, 124, 0, 0, 0, 0, 10, 5, 8, 37, -96, 0, 0, 3, -1
04-30 01:28:58.405  5429  5596 D CAE     : onGetSensorHubData(SensorHubParserProvider.java:89) - onGetSensorHubData Event [event buffer len :38], AP_WAKEUP
04-30 01:28:58.405  4993  5068 I SensorsHub: context 10 0 9 1,1,55,0,5,2,34,0,0,0, 220478375591191
04-30 01:28:58.405  5429  5596 I CAE     : parse(SensorHubParserProvider.java:190) - buffer size = 38
04-30 01:28:58.405  5429  5596 I CAE     : parse(SensorHubParserProvider.java:201) - 1, 1, 55, 0, 33, 33, 0, 0, 0, 0, 23, 90, 121, 119, 72, 117, 8, 0, 26, -73, 53, -64, 12, 50, 124, 0, 0, 0, 0, 10, 5, 8, 37, -96, 0, 0, 3, -1,
04-30 01:28:58.405  5429  5596 I CAE     : parse(SLocationRunner.java:88) - SLocationRunner parse start : 3
04-30 01:28:58.405  5429  5596 D CAE     : display(ContextProvider.java:375) - ================= SLOCATION_RUNNER =================
04-30 01:28:58.405  5429  5596 I CAE     : display(ContextProvider.java:391) - ExtraDataArray=[1, 1, 55, 0, 33, 33, 0, 0, 0, 0, 23, 90, 121, 119, 72, 117, 8, 0, 26, -73, 53, -64, 12, 50, 124, 0, 0, 0, 0, 10, 5, 8, 37, -96, 0, 0, 3, -1]
04-30 01:28:58.406  5429  5596 I CAE     : parse(SLocationRunner.java:96) - SLocationRunner parse end:38
04-30 01:28:58.407  5429  6058 W CAE     : setCAProperty(ContextAwareService.java:519) - [setProperty 02] Mutex is unlocked for SLOCATION_RUNNER
04-30 01:28:58.407  5429  6058 D SemContextService: unlock : changeParameters
04-30 01:28:58.407  5429  5595 D SensorHubManager: onGetSensorHubDataLocked: library(10) = 1, 1, 55, 0, 5, 2, 34, 0, 0, 0
04-30 01:28:58.407  5429  5593 D SemContextService: Service.updateContext() : service = SLocation Core
04-30 01:28:58.407  5429  5596 D CAE     : onGetSensorHubData(SensorHubParserProvider.java:89) - onGetSensorHubData Event [event buffer len :10], AP_WAKEUP
04-30 01:28:58.408  5429  5596 I CAE     : parse(SensorHubParserProvider.java:190) - buffer size = 10
04-30 01:28:58.408  5429  5596 I CAE     : parse(SensorHubParserProvider.java:201) - 1, 1, 55, 0, 5, 2, 34, 0, 0, 0,
04-30 01:28:58.408  5429  5429 D SemContextManager: onSemContextChanged() : event = SLocation Core
04-30 01:28:58.408  5429  5429 D SLocation: SLocationCoreSem - SemContextChanged type = 47, packet received
04-30 01:28:58.409  5429  6058 D SemContextManager:   .changeParameters : listener = com.samsung.android.location.semcontext.a@14d0c89, service=SLocation Core
04-30 01:28:58.409  5429  6058 D SLocation: PositionManager - receive fused location
04-30 01:28:58.409  5429  6058 I SLocation: SemContextParser -  parse start : 3
04-30 01:28:58.409  5429  6058 I SLocation: SemContextParser -  packet Length : 33packet total size : 38
04-30 01:28:58.409  5429  6058 I SLocation: SemContextParser - packet : [33, 0, 0, 0, 0, 23, 90, 121, 119, 72, 117, 8, 0, 26, -73, 53, -64, 12, 50, 124, 0, 0, 0, 0, 10, 5, 8, 37, -96, 0, 0, 3, -1]
04-30 01:28:58.409  5429  5596 I CAE     : parse(SLocationRunner.java:88) - SLocationRunner parse start : 3
04-30 01:28:58.409  5429  6058 D SLocation: ARDistanceGetARDistance - convertSensorHubTimeToElapsedTime 1682789281409539973
04-30 01:28:58.409  5429  6058 D SLocation: ARDistanceGetARDistance - invalid location time from core pvt 1682789281409539973, do not use distance info
04-30 01:28:58.409  5429  6058 D SLocation: GeofenceCoreManager - received Extra Data from core, len : 33
04-30 01:28:58.409  5429  6058 D SLocation: CommonCoreManager - received Extra Data from core, len : 33
04-30 01:28:58.409  5429  5596 D CAE     : display(ContextProvider.java:375) - ================= SLOCATION_RUNNER =================
04-30 01:28:58.410  5429  5596 I CAE     : display(ContextProvider.java:391) - ExtraDataArray=[1, 1, 55, 0, 5, 2, 34, 0, 0, 0]
04-30 01:28:58.411  5429  5596 I CAE     : parse(SLocationRunner.java:96) - SLocationRunner parse end:10
04-30 01:28:58.411  5429  5593 D SemContextService: Service.updateContext() : service = SLocation Core
04-30 01:28:58.412  5429  5429 D SemContextManager: onSemContextChanged() : event = SLocation Core
04-30 01:28:58.412  5429  5429 D SLocation: SLocationCoreSem - SemContextChanged type = 47, packet received
04-30 01:28:58.412  5429  6058 I SLocation: SemContextParser -  parse start : 3
04-30 01:28:58.412  5429  6058 I SLocation: SemContextParser -  packet Length : 5packet total size : 10
04-30 01:28:58.412  5429  6058 I SLocation: SemContextParser - packet : [2, 34, 0, 0, 0]
04-30 01:28:58.413  5429  6058 D SLocation: ARDistanceLibManager - command callback received - CURRENT_LOCATION_REQUEST_DISTANCE ERROR CODE : ERROR_NONE
04-30 01:28:58.413  5429  6058 D SLocation: GeofenceCoreManager - received Extra Data from core, len : 5
04-30 01:28:58.413  5429  6058 D SLocation: GeofenceCoreManager - handleCommandCallback - UNKNOWN_CALLBACK 34 SUCCESS
04-30 01:28:58.413  5429  6058 D SLocation: CommonCoreManager - received Extra Data from core, len : 5
04-30 01:28:58.494  9200 21513 I SemanticLocation: [Inferrer] IncrementalTimelineInferrer.predict() logs:
04-30 01:28:58.494  9200 21513 I SemanticLocation: Timeline Paths Enabled! Start Computing the timeline paths.
04-30 01:28:58.494  9200 21513 I SemanticLocation:
04-30 01:28:58.494  9200 21513 I SemanticLocation: [CONTEXT service_id=173 ]
04-30 01:28:58.509  9200 21825 I GCoreUlr: Successfully inserted 1 locations
04-30 01:28:58.691  5429  7411 D SemWifiUsabilityStatsMonitor: onWifiUsabilityStats - seqNum 25093, isSameBssidAndFreq true
04-30 01:28:58.694  5429  5717 I SemWifiLinkQualityMonitor: Link Qos Query: 0.028 ms / 288.667 Mbps (433 / 0.000 / 1.500)
04-30 01:29:00.005  5878  5878 D KeyguardUpdateMonitor: received broadcast android.intent.action.TIME_TICK
04-30 01:29:00.006  5878  6453 D QSClockBellTower: onReceive(android.intent.action.TIME_TICK) mTimeZoneString:null
04-30 01:29:00.033 12235 12258 W _benchmark.test: Suspending all threads took: 6.022ms
04-30 01:29:00.039  5878  5878 D KeyguardUpdateMonitor: handleTimeUpdate
04-30 01:29:00.039  5878  5878 D FaceWidgetPagesController: onTimeChanged()
04-30 01:29:00.040 12235 12258 W _benchmark.test: Suspending all threads took: 6.676ms
04-30 01:29:00.043  5878  5878 D QSClockBellTower: He is ready to ring the bell. (((QSClockBellSound - TimeText:01:29, TimeContentDescription:01:29, DateText:Sun, 30 April, ShortDateText:Sun, 30 Apr, Demo:false, QuickStar-Second(false|12:34:56))))
04-30 01:29:00.043  5878  5878 D QSClockIndicatorView: Home Indicator status_bar_clock 01:29 notifyTimeChanged(QSClockBellSound - TimeText:01:29, TimeContentDescription:01:29, DateText:Sun, 30 April, ShortDateText:Sun, 30 Apr, Demo:false, QuickStar-Second(false|12:34:56)) ClockVisibleByPolicy:true, ClockVisibleByUser:true, visible?false, parent:android.widget.LinearLayout{fc169f7 V.E...... ........ 0,0-0,55 #7f0b04f0 app:id/left_clock_container}
04-30 01:29:00.043  5878  5878 D QSClockBellTower: Everyone heard the bell. run(currentTime:1682810940041,   getTime():Sun Apr 30 01:29:00 GMT+02:00 2023,   getTimeZone():libcore.util.ZoneInfo[mDstSavings=3600000,mUseDst=true,mDelegate=[id="Europe/Belgrade",mRawOffset=3600000,mEarliestRawOffset=4920000,transitions=119]])
04-30 01:29:00.046  5878  5878 I FaceWidgetPositionAlgorithm: getClockContainerHeight() supplier = 270, bottom margin = 0, real height = 333
04-30 01:29:00.046  5878  5878 I FaceWidgetPositionAlgorithm: getClockContainerHeight() supplier = 270, bottom margin = 63, real height = 333
04-30 01:29:00.046  5878  5878 I FaceWidgetPositionAlgorithm: getMediaContainerHeight() height = 0 container Visibility = 8, isValid = false, mIsDozing = false, fraction = 1.0, source = 0, target = 0
04-30 01:29:00.046  5878  5878 I FaceWidgetPositionAlgorithm: getMediaContainerHeight() supplier = 0
04-30 01:29:00.047  5878  5878 V QsExpandAnimator: setQsExpansionPosition 0.0
04-30 01:29:00.050  5878  5878 V QsExpandAnimator: updateAnimators
04-30 01:29:00.050  5878  5878 V QsExpandAnimator: clearAnimationState
04-30 01:29:00.051  5878  5878 V QsExpandAnimator: updateViews
04-30 01:29:00.052  5878  5878 V QsExpandAnimator: updateTileAnimator
04-30 01:29:00.052  5878  5878 V QsExpandAnimator: updateHeaderAnimator
04-30 01:29:00.053  5878  5878 V QsExpandAnimator: updateBarAnimator
04-30 01:29:00.053  5878  5878 V QsExpandAnimator: setQsExpansionPosition 0.0
04-30 01:29:00.053  5878  5878 V QsExpandAnimator: onAnimationAtStart
04-30 01:29:00.711 12235 12258 D Benchmark: allocationCount[ 0:10]: 8872477 8872472 8872470 8872468 8872452
04-30 01:29:00.711 12235 12258 D Benchmark: Set 12258 (Bench thread) to priority -8. Was -20, now -8
04-30 01:29:00.711 12235 12258 D Benchmark: Set 12243 (Jit) to priority 9. Was -15, now 9
04-30 01:29:00.711 12235 12258 D Benchmark: Warmup: t=8.577, iter=30, fastAvg=283093184, slowAvg=356412576
04-30 01:29:00.712 12235 12258 I PerfettoCapture: Stopping perfetto.
04-30 01:29:00.754 21679 21679 I perfetto:    perfetto_cmd.cc:1168 SIGINT/SIGTERM received: disabling tracing.
04-30 01:29:00.755 12235 12258 D Benchmark: kill -TERM command output -
04-30 01:29:00.763  5130  5130 I perfetto:  probes_producer.cc:396 Producer stop (id=1217)
04-30 01:29:00.765  5130  5130 I perfetto:    ftrace_procfs.cc:342 disabled ftrace in /sys/kernel/tracing/
04-30 01:29:00.829  4389  4389 I hwservicemanager: getTransport: Cannot find entry android.hardware.atrace@1.0::IAtraceDevice/default in either framework or device VINTF manifest.
04-30 01:29:00.838  5130  5130 I perfetto:  probes_producer.cc:396 Producer stop (id=1218)
04-30 01:29:00.839  5130  5130 I perfetto:  probes_producer.cc:396 Producer stop (id=1219)
04-30 01:29:00.879 21679 21679 I perfetto:    perfetto_cmd.cc:1124 Trace written into the output file
04-30 01:29:00.903  5131  5131 I perfetto: ng_service_impl.cc:2426 Tracing session 305 ended, total sessions:0
04-30 01:29:01.383 12235 12258 D Benchmark: Waiting 500 ms for [ProcessPid(processName=perfetto, pid=21679)] to die
04-30 01:29:01.541 12235 12258 I PerfettoCapture: Writing to /storage/emulated/0/Android/data/org.jetbrains.android_benchmark.test/cache/Wolf3dBenchmark_valueFloat_2023-04-29-23-29-00.perfetto-trace.
04-30 01:29:01.753  5429  7411 D SemWifiUsabilityStatsMonitor: onWifiUsabilityStats - seqNum 25094, isSameBssidAndFreq true
04-30 01:29:01.758  5429  5717 I SemWifiLinkQualityMonitor: Link Qos Query: 0.028 ms / 288.667 Mbps (433 / 0.000 / 1.500)
04-30 01:29:01.903 12235 12258 D Benchmark: Copying /storage/emulated/0/Android/data/org.jetbrains.android_benchmark.test/cache/Wolf3dBenchmark_valueFloat_2023-04-29-23-29-00.perfetto-trace to /sdcard/Android/media/org.jetbrains.android_benchmark.test/additional_test_output/Wolf3dBenchmark_valueFloat_2023-04-29-23-29-00.perfetto-trace
04-30 01:29:01.942  8350 21289 W MediaProvider: isAppCloneUserPair for user 0: false
04-30 01:29:02.044  5429  8526 D SyncManager: userId - 0 auto - true
04-30 01:29:02.150  5429  5488 W libprocessgroup: Failed to open /dev/blkio//cgroup.procs: No such file or directory
04-30 01:29:02.168  9200 21653 I NetworkScheduler.Stats: Task com.google.android.gms/com.google.android.gms.ipa.base.IpaGcmTaskService started execution. cause:9 exec_start_elapsed_seconds: 220482 [CONTEXT service_id=218 ]
04-30 01:29:02.178  9200 21513 I NetworkScheduler.Stats: Task com.google.android.gms/com.google.android.gms.ipa.base.IpaGcmTaskService finished executing. cause:9 result: 1 elapsed_millis: 67 uptime_millis: 67 exec_start_elapsed_seconds: 220482 [CONTEXT service_id=218 ]
04-30 01:29:02.182  9200  9200 D BoundBrokerSvc: onBind: Intent { act=com.google.android.gms.scheduler.ACTION_PROXY_SCHEDULE dat=chimera-action:/... cmp=com.google.android.gms/.chimera.PersistentApiService }
04-30 01:29:02.182  9200  9200 D BoundBrokerSvc: Loading bound service for intent: Intent { act=com.google.android.gms.scheduler.ACTION_PROXY_SCHEDULE dat=chimera-action:/... cmp=com.google.android.gms/.chimera.PersistentApiService }
04-30 01:29:02.353 12235 12258 I Benchmark: Wolf3dBenchmark.valueFloat[Metric (timeNs) results: median 2.80749904E8, min 2.61119923E8, max 3.02438116E8, standardDeviation: 8948120.506571705, Metric (allocationCount) results: median 8872470.0, min 8872452.0, max 8872477.0, standardDeviation: 9.444575162494077]count=1
04-30 01:29:02.356 12235 12258 D Benchmark: writing results to /storage/emulated/0/Android/data/org.jetbrains.android_benchmark.test/cache/org.jetbrains.android_benchmark.test-benchmarkData.json
04-30 01:29:02.364 12235 12258 D Benchmark: Copying /storage/emulated/0/Android/data/org.jetbrains.android_benchmark.test/cache/org.jetbrains.android_benchmark.test-benchmarkData.json to /sdcard/Android/media/org.jetbrains.android_benchmark.test/additional_test_output/org.jetbrains.android_benchmark.test-benchmarkData.json
04-30 01:29:02.402  5429  8530 D SyncManager: userId - 0 auto - true
04-30 01:29:02.410  8350 20862 I MediaProvider: Deleted 1 0 0 0 0 0 0 items on external_primary due to org.jetbrains.android_benchmark.test
04-30 01:29:02.420  8350 21856 W MediaProvider: isAppCloneUserPair for user 0: false
04-30 01:29:02.455  5429  8526 D SyncManager: userId - 0 auto - true
04-30 01:29:02.458 12235 12258 I TestRunner: finished: valueFloat(org.jetbrains.android_benchmark.Wolf3dBenchmark)
