04-09 23:06:00.081  6284  6284 D QSClockIndicatorView: Home Indicator status_bar_clock 23:06 notifyTimeChanged(QSClockBellSound - TimeText:23:06, TimeContentDescription:23:06, DateText:Sun, 9 April, ShortDateText:Sun, 9 Apr, Demo:false, QuickStar-Second(false|12:34:56)) ClockVisibleByPolicy:true, ClockVisibleByUser:true, visible?false, parent:android.widget.LinearLayout{130cee5 V.E...... ........ 0,0-0,55 #7f0b04e9 app:id/left_clock_container}
04-09 23:06:00.082  6284  6284 D QSClockBellTower: Everyone heard the bell. run(currentTime:1681074360075,   getTime():Sun Apr 09 23:06:00 GMT+02:00 2023,   getTimeZone():libcore.util.ZoneInfo[mDstSavings=3600000,mUseDst=true,mDelegate=[id="Europe/Belgrade",mRawOffset=3600000,mEarliestRawOffset=4920000,transitions=119]])
04-09 23:06:00.100  6284  6284 I FaceWidgetPositionAlgorithm: getMediaContainerHeight() height = 0 container Visibility = 8, isValid = false, mIsDozing = false, fraction = 1.0, source = 0, target = 0
04-09 23:06:00.100  6284  6284 I FaceWidgetPositionAlgorithm: getMediaContainerHeight() supplier = 0
04-09 23:06:00.104  6284  6284 V QsExpandAnimator: setQsExpansionPosition 0.0
04-09 23:06:00.114  6284  6284 V QsExpandAnimator: updateAnimators
04-09 23:06:00.114  6284  6284 V QsExpandAnimator: clearAnimationState
04-09 23:06:00.115  6284  6284 V QsExpandAnimator: updateViews
04-09 23:06:00.119  6284  6284 V QsExpandAnimator: updateTileAnimator
04-09 23:06:00.121  6284  6284 V QsExpandAnimator: updateHeaderAnimator
04-09 23:06:00.122  6284  6284 V QsExpandAnimator: updateBarAnimator
04-09 23:06:00.122  6284  6284 V QsExpandAnimator: setQsExpansionPosition 0.0
04-09 23:06:00.122  6284  6284 V QsExpandAnimator: onAnimationAtStart
04-09 23:06:03.366  6284  6373 D MobileStatusTracker(1/2): onDataActivity: direction=0
04-09 23:06:03.372  6284  6373 D MobileSignalController(1/2): notifyListener: enabled=true, connected=true, dataConnected=true, networkType=LTE/LTE_CA (4G+), emergencyOnly=false, roaming=false, isDefault=true, dataActivity=, level=2, ca=true, mmWave=false, disabledDataIcon=false, simCard=ETC
04-09 23:06:04.399  6284  6373 D MobileStatusTracker(1/2): onDataActivity: direction=3
04-09 23:06:04.413  6284  6373 D MobileSignalController(1/2): notifyListener: enabled=true, connected=true, dataConnected=true, networkType=LTE/LTE_CA (4G+), emergencyOnly=false, roaming=false, isDefault=true, dataActivity=inout, level=2, ca=true, mmWave=false, disabledDataIcon=false, simCard=ETC
04-09 23:06:04.682  5312  5312 E sehhealth-service: Could not open /sys/class/power_supply/battery/lrp
04-09 23:06:04.687  5665  5861 D MotionRecognitionService: [SAR]  onReceive : ACTION_BATTERY_CHANGED, Plugged: 2
04-09 23:06:04.693  5665  5665 D PhoneWindowManagerExt: ACTION_BATTERY_CHANGED - Level=62, status=2
04-09 23:06:04.702  5665  5665 D SemWifiApBroadcastReceiver: Received : android.intent.action.BATTERY_CHANGED
04-09 23:06:04.706  6213  6213 D SemBigDataInfoController: Intent: android.intent.action.BATTERY_CHANGED
04-09 23:06:04.707  6213  6213 D SemBigDataInfoController: Intent: android.intent.action.BATTERY_CHANGED
04-09 23:06:04.715  6284  6284 I PowerUI : mBootCompleted = true |  mFullyConnected = true
04-09 23:06:04.717  6284  6284 W PowerUI : Plug reason
04-09 23:06:04.717  6284  6284 W PowerUI : Skip charging animation - by plug status
04-09 23:06:04.717  6284  7925 D SecPowerUI.Notification: dismissing low battery warning: level=62
04-09 23:06:04.717  6284  6284 D PowerUI : priorPlugType = 2 mPlugType = 2 priorBatteryStatus = 2 mBatteryStatus = 2
04-09 23:06:04.717  6284  7925 D SecPowerUI.Notification: updateNotification mWarning=false mPlaySound=false
04-09 23:06:04.718  6284  7925 D SecPowerUI.Notification: SecBatteryStatsSnapshot{batteryLevel=62, currentBatteryMode=0, chargingTime=3251000, chargingType=11, batteryHealth=2, automaticTestMode=false, isHiccupState=false}
04-09 23:06:04.719  6284  6284 W PowerUI : Plug reason
04-09 23:06:04.720  6284  6284 W PowerUI : Skip charging sound - by plug status
04-09 23:06:04.720  6284  6284 I PowerUI : oldMisalign : false, curMisalign : false
04-09 23:06:04.724  6284  6284 D SecPowerUI.Notification: showChargingNotice oldChargingType : 11 currentChargingType : 11 oldChargingTime : 3251000 mChargingTime : 3244000
04-09 23:06:04.724  6284  6284 D SecPowerUI.Notification: showChargingNotification()
04-09 23:06:04.724  6284  6284 D SecPowerUI.Notification: SecBatteryStatsSnapshot{batteryLevel=62, currentBatteryMode=0, chargingTime=3244000, chargingType=11, batteryHealth=2, automaticTestMode=false, isHiccupState=false}
04-09 23:06:04.725  6284  6284 D PowerUi.ChargingNotification: showChargingNotification()
04-09 23:06:04.729  6284  6284 D PowerUi.ChargingNotification: showChargingNotification()
04-09 23:06:04.733  5665  8502 D ApplicationPolicy: isStatusBarNotificationAllowedAsUser: packageName = com.android.systemui,userId = 0
04-09 23:06:04.734  5665  8502 D ApplicationPolicy: isStatusBarNotificationAllowedAsUser: packageName = com.android.systemui,userId = -1
04-09 23:06:04.734  5665  8502 D ApplicationPolicy: isStatusBarNotificationAllowedAsUser: converting userId from USER_ALLto 0
04-09 23:06:04.737  6284  7925 D SecPowerUI.Notification: 1. restoreScreenTimeOut - saved_value : :
04-09 23:06:04.737  6284  7925 E SecPowerUI.Notification: no saved value, so we do nothing !!
04-09 23:06:04.740  6284  6284 D PowerUI : Battery swelling mode - priorBatterySwellingMode = 0 mBatterySwellingMode = 0 mBatteryStatus = 2
04-09 23:06:04.740  6284  6284 I PowerUI : mBatteryMiscEvent = 65536
04-09 23:06:04.741  6284  6284 D SamsungBatteryMeterDrawable: onBatteryLevelChanged isSomethingChanged: false
04-09 23:06:04.742  6284  6284 D SamsungBatteryMeterDrawable: onBatteryLevelChanged isSomethingChanged: false
04-09 23:06:04.742  6284  6284 D SamsungBatteryMeterDrawable: onBatteryLevelChanged isSomethingChanged: false
04-09 23:06:04.743  6284  6284 D SamsungBatteryMeterDrawable: onBatteryLevelChanged isSomethingChanged: false
04-09 23:06:04.744  6284  6284 D KeyguardUpdateMonitor: received broadcast android.intent.action.BATTERY_CHANGED
04-09 23:06:04.745  6284  6284 I AODBatteryManager: updateBatteryData: ACTION_BATTERY_CHANGED
04-09 23:06:04.748  6284  6284 I AODBatteryManager: saveBatteryData : AOD BatteryData [mBatteryLevel=62, mBatteryStatus=CHARGING, mBatteryPlugType=USB, mBatteryPlugged=true, mRemainingChargeTime=3244000, mBatteryChargingType=2, mBatteryChargerType=FAST, mBatteryOnline=NOT_DEFINED, mBatterySwellingMode=NONE, mBatteryProtectMode=false]
04-09 23:06:04.749  6284  6284 I ChargingInfoManager: updateChargingInfo: newState = AOD ChargingInfo [mState=BATTERY_AND_REMAIN_TIME, mIsCharging=true, mIsFullyCharged=false, mIsBatteryProtectMode=false], oldState = AOD ChargingInfo [mState=BATTERY_AND_REMAIN_TIME, mIsCharging=true, mIsFullyCharged=false, mIsBatteryProtectMode=false]
04-09 23:06:04.749  6284  6284 D KeyguardUpdateMonitor: handleBatteryUpdate
04-09 23:06:04.757  6284  6284 D KeyguardSecIndicationController: addIndicationTimeout() returned - unlocking
04-09 23:06:04.757  6284  6284 D KeyguardSecIndicationController: addIndication() returned - unlocking
04-09 23:06:04.757  6284  6284 D KeyguardSecIndicationController: addBatteryAndOwnerInfoIndication() battery status = BatteryStatus{status=2,level=62,plugged=2,health=2,maxChargingWattage=-1,remaining=3244000ultraFastCharger=1}
04-09 23:06:04.970  6210  6210 I FreeformContainer: [SmartPopupViewService] onNotificationPosted: StatusBarNotification(pkg=com.android.systemui user=UserHandle{-1} id=2131428959 tag=charging_state key=-1|com.android.systemui|2131428959|charging_state|10054: Notification(channel=CHR shortcut=null contentView=null vibrate=null sound=null defaults=0x0 flags=0xa color=0xff8b94ab category=sys groupKey=CHARGING vis=PUBLIC semFlags=0x0 semPriority=0 semMissedCount=0))
04-09 23:06:04.970  6210  6210 V FreeformContainer: [SmartPopupViewService] isSmartPopupViewTarget: com.android.systemui is not enabled
04-09 23:06:04.971  6284  6284 D BubblesManager: onRankingUpdate : shouldBubbleUp=false ,pkg=android ,key=-1|android|34|NetworkPolicy:945656281:34|1000
04-09 23:06:04.971  6284  6284 D BubblesManager: onRankingUpdate : shouldBubbleUp=false ,pkg=com.kms.free ,key=0|com.kms.free|42|null|10299
04-09 23:06:04.971  6284  6284 D BubblesManager: onRankingUpdate : shouldBubbleUp=false ,pkg=com.sec.android.app.shealth ,key=0|com.sec.android.app.shealth|105|null|10256
04-09 23:06:04.972  6284  6284 D BubblesManager: onRankingUpdate : shouldBubbleUp=false ,pkg=com.kms.free ,key=0|com.kms.free|1|null|10299
04-09 23:06:04.972  6284  6284 D BubblesManager: onRankingUpdate : shouldBubbleUp=false ,pkg=mrigapps.andriod.breakfree.deux ,key=0|mrigapps.andriod.breakfree.deux|2|null|10506
04-09 23:06:04.972  6284  6284 D BubblesManager: onRankingUpdate : shouldBubbleUp=false ,pkg=com.android.providers.downloads ,key=0|com.android.providers.downloads|0|3:1244|10068
04-09 23:06:04.973  6284  6284 D BubblesManager: onRankingUpdate : shouldBubbleUp=false ,pkg=ru.mail.mailapp ,key=0|ru.mail.mailapp|1073741824|zhelenskiy@mail.ru|10221
04-09 23:06:04.975  6837  6837 I Launcher.NotificationListener: onNotificationPosted : com.android.systemui number : 0
04-09 23:06:04.975  9619 10534 I NotificationPipeline: Processing new notification: -1|com.android.systemui|2131428959|charging_state|10054
04-09 23:06:04.975  6284  6284 D InterruptionStateProvider: Group alert behavior is suppressed but we want to alert bubble
04-09 23:06:04.976  9619 10534 E Notification4Heart_NB: WatchFactory.getWatch-lastConnectedNodeId is null
04-09 23:06:04.976  6284  6284 D BubblesManager: onRankingUpdate : shouldBubbleUp=false ,pkg=ru.mail.mailapp ,key=0|ru.mail.mailapp|1291137120|zhelenskiy@mail.ru|10221
04-09 23:06:04.976  6284  6284 D InterruptionStateProvider: Group alert behavior is suppressed but we want to alert bubble
04-09 23:06:04.976  6284  6284 D BubblesManager: onRankingUpdate : shouldBubbleUp=false ,pkg=ru.mail.mailapp ,key=0|ru.mail.mailapp|406243825|zhelenskiy@mail.ru|10221
04-09 23:06:04.977  6284  6284 D BubblesManager: onRankingUpdate : shouldBubbleUp=false ,pkg=android ,key=0|android|38|AccountManagerService:38:-904454848:838749127:10427|1000
04-09 23:06:04.977  6284  6284 D InterruptionStateProvider: Group alert behavior is suppressed but we want to alert bubble
04-09 23:06:04.978  6284  6284 D BubblesManager: onRankingUpdate : shouldBubbleUp=false ,pkg=com.google.android.googlequicksearchbox ,key=0|com.google.android.googlequicksearchbox|0|-1997195081::SUMMARY::wx|10233
04-09 23:06:04.978  9619 10534 W Notification4Heart_NB: NotificationBridgeCallback.onNotificationPosted-never connected before
04-09 23:06:04.978  6284  6284 D BubblesManager: onRankingUpdate : shouldBubbleUp=false ,pkg=com.google.android.googlequicksearchbox ,key=0|com.google.android.googlequicksearchbox|0|-1997195081::a:snotification:[0x394,wx.f,NOTIFICATION]|10233
04-09 23:06:04.978  6284  6284 D BubblesManager: onRankingUpdate : shouldBubbleUp=false ,pkg=android ,key=-1|android|27|null|1000
04-09 23:06:04.979  6284  6284 D BubblesManager: onRankingUpdate : shouldBubbleUp=false ,pkg=com.android.systemui ,key=-1|com.android.systemui|2131428959|charging_state|10054
04-09 23:06:04.980  6284  6315 D Bubbles : onRankingUpdated : isActiveOrInOverflow= false , mTmpRanking.canBubble()= false ,isActive= false ,shouldBubbleUp= false ,mTmpRanking.isBubble()= false
04-09 23:06:04.980  6284  6315 D Bubbles : onRankingUpdated : isActiveOrInOverflow= false , mTmpRanking.canBubble()= false ,isActive= false ,shouldBubbleUp= false ,mTmpRanking.isBubble()= false
04-09 23:06:04.980  6284  6315 D Bubbles : onRankingUpdated : isActiveOrInOverflow= false , mTmpRanking.canBubble()= false ,isActive= false ,shouldBubbleUp= false ,mTmpRanking.isBubble()= false
04-09 23:06:04.980  6284  6315 D Bubbles : onRankingUpdated : isActiveOrInOverflow= false , mTmpRanking.canBubble()= false ,isActive= false ,shouldBubbleUp= false ,mTmpRanking.isBubble()= false
04-09 23:06:04.980  6284  6315 D Bubbles : onRankingUpdated : isActiveOrInOverflow= false , mTmpRanking.canBubble()= false ,isActive= false ,shouldBubbleUp= false ,mTmpRanking.isBubble()= false
04-09 23:06:04.981  6284  6315 D Bubbles : onRankingUpdated : isActiveOrInOverflow= false , mTmpRanking.canBubble()= false ,isActive= false ,shouldBubbleUp= false ,mTmpRanking.isBubble()= false
04-09 23:06:04.981  6284  6315 D Bubbles : onRankingUpdated : isActiveOrInOverflow= false , mTmpRanking.canBubble()= false ,isActive= false ,shouldBubbleUp= false ,mTmpRanking.isBubble()= false
04-09 23:06:04.981  6284  6315 D Bubbles : onRankingUpdated : isActiveOrInOverflow= false , mTmpRanking.canBubble()= false ,isActive= false ,shouldBubbleUp= false ,mTmpRanking.isBubble()= false
04-09 23:06:04.981  6284  6315 D Bubbles : onRankingUpdated : isActiveOrInOverflow= false , mTmpRanking.canBubble()= false ,isActive= false ,shouldBubbleUp= false ,mTmpRanking.isBubble()= false
04-09 23:06:04.981  6284  6315 D Bubbles : onRankingUpdated : isActiveOrInOverflow= false , mTmpRanking.canBubble()= false ,isActive= false ,shouldBubbleUp= false ,mTmpRanking.isBubble()= false
04-09 23:06:04.981  6284  6315 D Bubbles : onRankingUpdated : isActiveOrInOverflow= false , mTmpRanking.canBubble()= false ,isActive= false ,shouldBubbleUp= false ,mTmpRanking.isBubble()= false
04-09 23:06:04.982  6284  6315 D Bubbles : onRankingUpdated : isActiveOrInOverflow= false , mTmpRanking.canBubble()= false ,isActive= false ,shouldBubbleUp= false ,mTmpRanking.isBubble()= false
04-09 23:06:04.982  6284  6315 D Bubbles : onRankingUpdated : isActiveOrInOverflow= false , mTmpRanking.canBubble()= false ,isActive= false ,shouldBubbleUp= false ,mTmpRanking.isBubble()= false
04-09 23:06:04.982  6284  6315 D Bubbles : onRankingUpdated : isActiveOrInOverflow= false , mTmpRanking.canBubble()= false ,isActive= false ,shouldBubbleUp= false ,mTmpRanking.isBubble()= false
04-09 23:06:05.172  6284  6284 D BubblesManager: onEntryUpdated : shouldBubbleUp=false ,key=-1|com.android.systemui|2131428959|charging_state|10054
04-09 23:06:05.214  6284  6284 I FaceWidgetPositionAlgorithm: getMediaContainerHeight() height = 0 container Visibility = 8, isValid = false, mIsDozing = false, fraction = 1.0, source = 0, target = 0
04-09 23:06:05.214  6284  6284 I FaceWidgetPositionAlgorithm: getMediaContainerHeight() supplier = 0
04-09 23:06:05.276  6284  6284 I FaceWidgetPositionAlgorithm: getMediaContainerHeight() height = 0 container Visibility = 8, isValid = false, mIsDozing = false, fraction = 1.0, source = 0, target = 0
04-09 23:06:05.277  6284  6284 I FaceWidgetPositionAlgorithm: getMediaContainerHeight() supplier = 0
04-09 23:06:05.344  6284  6284 I FaceWidgetPositionAlgorithm: getMediaContainerHeight() height = 0 container Visibility = 8, isValid = false, mIsDozing = false, fraction = 1.0, source = 0, target = 0
04-09 23:06:05.344  6284  6284 I FaceWidgetPositionAlgorithm: getMediaContainerHeight() supplier = 0
04-09 23:06:07.509  6284  6373 D MobileStatusTracker(1/2): onDataActivity: direction=0
04-09 23:06:07.515  6284  6373 D MobileSignalController(1/2): notifyListener: enabled=true, connected=true, dataConnected=true, networkType=LTE/LTE_CA (4G+), emergencyOnly=false, roaming=false, isDefault=true, dataActivity=, level=2, ca=true, mmWave=false, disabledDataIcon=false, simCard=ETC
04-09 23:06:08.181  6284  6373 D MobileStatusTracker(1/2): onSignalStrengthsChanged level=3, vendorLevel=2
04-09 23:06:08.189  6284  6373 D MobileSignalController(1/2): notifyListener: enabled=true, connected=true, dataConnected=true, networkType=LTE/LTE_CA (4G+), emergencyOnly=false, roaming=false, isDefault=true, dataActivity=, level=2, ca=true, mmWave=false, disabledDataIcon=false, simCard=ETC
04-09 23:06:08.189  6284  6373 D NetworkController: SignalStrength from intent slotId=1
04-09 23:06:09.747  6284  6284 D SecPowerUI.Notification: showChargingNotice oldChargingType : 11 currentChargingType : 11 oldChargingTime : 3244000 mChargingTime : 3244000
04-09 23:06:09.748  6284  6284 D SecPowerUI.Notification: There is no change about charging status, so return!
04-09 23:06:11.008  6284  6373 D MobileStatusTracker(0/1): onSignalStrengthsChanged level=3, vendorLevel=2
04-09 23:06:11.015  6284  6373 D MobileSignalController(0/1): notifyListener: enabled=true, connected=true, dataConnected=false, networkType=LTE (4G), emergencyOnly=false, roaming=true, isDefault=true, dataActivity=, level=2, ca=false, mmWave=false, disabledDataIcon=false, simCard=ETC
04-09 23:06:11.015  6284  6373 D NetworkController: SignalStrength from intent slotId=0
04-09 23:06:12.181  5329  5329 I SurfaceFlinger: SFWD update time=2270723551336
04-09 23:06:12.690  6213  6323 I TelephonyProvider: D/TelephonyProvider: subIdString = 2 subId = 2
04-09 23:06:12.716  5665  6036 D ConnectivityService: notifyType CALLBACK_CAP_CHANGED for [100 CELLULAR]
04-09 23:06:12.718  6213  6323 I TelephonyProvider: D/TelephonyProvider: subIdString = 2 subId = 2
04-09 23:06:12.760 10220 11595 E Connection4Heart: ProxyManager.requestSetNetworkSuspended() : watch is not connected
04-09 23:06:12.773  5665  6036 D ConnectivityService: notifyType CALLBACK_CAP_CHANGED for [101 CELLULAR]
04-09 23:06:12.778  6678  6864 I PdnController<1>: onCapabilitiesChanged: network 101 networkCapabilities [ Transports: CELLULAR Capabilities: IMS&NOT_METERED&TRUSTED&NOT_VPN&VALIDATED&NOT_ROAMING&FOREGROUND&NOT_CONGESTED&NOT_SUSPENDED&NOT_VCN_MANAGED LinkUpBandwidth>=15000Kbps LinkDnBandwidth>=17781Kbps Specifier: <TelephonyNetworkSpecifier [mSubId = 2]> SubscriptionIds: {2} UnderlyingNetworks: Null]
04-09 23:06:13.890  5665  8054 V LocationManagerService: passive provider registration 1000/android[SensorNotificationService]/771E0F2D dropped delivery - too close
04-09 23:06:13.892  5665  8054 V LocationManagerService: passive provider registration 5023/com.samsung.android.networkdiagnostic/4FDF9C6D dropped delivery - too close
04-09 23:06:13.906  5665  6515 D SLocation: PositionManager - PassiveonLocationChanged fused 1681074373864
04-09 23:06:13.907  5665  6515 W SLocation: PositionManager - do not refresh last location about fused location
04-09 23:06:13.907  5665  6515 D SLocation: ARDistanceBigData - BIGDATA ARD - receive location
04-09 23:06:13.907  5665  6515 D SLocation: ARDistanceBigData - BIGDATA ARD disabled, onReceiveLocation
04-09 23:06:13.908  5665  6515 D SLocation: ARDistanceLibManager - request distance diff to AR Distance Library
04-09 23:06:13.908  5665  6515 D SLocation: PositionManager - receive fused location
04-09 23:06:13.912  7080  7224 I GmsPassiveListener_FLP: onLocationResult, time=1681074373864 / elapsed=2272406000000
04-09 23:06:14.057 18903 18903 I BadgeCountReceiver: badge intent : Intent { act=android.intent.action.BADGE_COUNT_UPDATE flg=0x1000010 cmp=com.sec.android.provider.badge/.BadgeCountReceiver (has extras) }
04-09 23:06:14.057 18903 18903 I BadgeCountReceiver: packageName: org.telegram.messenger, className: org.telegram.messenger.NoxIcon, count: 1
04-09 23:06:14.065 18903 19542 I BadgeProvider: query, [selection] : package=?
04-09 23:06:14.066  6837  6837 I BadgeCountUpdaterImpl: onChange
04-09 23:06:14.073 18903 19542 E DatabaseUtils: Writing exception to parcel
04-09 23:06:14.073 18903 19542 E DatabaseUtils: java.lang.SecurityException: Permission Denial: writing com.sec.android.provider.badge.BadgeProvider uri content://com.sec.badge/apps?notify=true from pid=25321, uid=10268 requires com.sec.android.provider.badge.permission.WRITE, or grantUriPermission()
04-09 23:06:14.073 18903 19542 E DatabaseUtils: 	at android.content.ContentProvider.enforceWritePermissionInner(ContentProvider.java:1025)
04-09 23:06:14.073 18903 19542 E DatabaseUtils: 	at android.content.ContentProvider.semEnforceWritePermission(ContentProvider.java:951)
04-09 23:06:14.073 18903 19542 E DatabaseUtils: 	at android.content.ContentProvider$Transport.enforceWritePermission(ContentProvider.java:730)
04-09 23:06:14.073 18903 19542 E DatabaseUtils: 	at android.content.ContentProvider$Transport.update(ContentProvider.java:462)
04-09 23:06:14.073 18903 19542 E DatabaseUtils: 	at android.content.ContentProviderNative.onTransact(ContentProviderNative.java:231)
04-09 23:06:14.073 18903 19542 E DatabaseUtils: 	at android.os.Binder.execTransactInternal(Binder.java:1321)
04-09 23:06:14.073 18903 19542 E DatabaseUtils: 	at android.os.Binder.execTransact(Binder.java:1280)
04-09 23:06:14.073  6837  6837 I BadgeCountUpdaterImpl: onChange
04-09 23:06:14.077 18903 18903 I BadgeProvider: sendNotify entered. [uri] : content://com.sec.badge/apps
04-09 23:06:14.077 18903 18903 I BadgeProvider: sendNotify, [notify] : null
04-09 23:06:14.079 18903 18903 I BadgeProvider: update, getCallingPackage() : com.sec.android.provider.badge
04-09 23:06:14.079 18903 18903 I BadgeProvider: update, [uri] : content://com.sec.badge/apps
04-09 23:06:14.079 18903 18903 I BadgeProvider: update, [uri.query] : null
04-09 23:06:14.079 18903 18903 I BadgeProvider: update, [BadgeCount] : badgecount=1
04-09 23:06:14.079 18903 18903 I BadgeProvider: update, [UpdateCount] : 1
04-09 23:06:14.124  7623 25804 I GCoreUlr: Successfully inserted 1 locations
04-09 23:06:14.143 18903 18920 I BadgeProvider: query, [selection] : package=?
04-09 23:06:14.148 18903 19542 E DatabaseUtils: Writing exception to parcel
04-09 23:06:14.148 18903 19542 E DatabaseUtils: java.lang.SecurityException: Permission Denial: writing com.sec.android.provider.badge.BadgeProvider uri content://com.sec.badge/apps?notify=true from pid=25321, uid=10268 requires com.sec.android.provider.badge.permission.WRITE, or grantUriPermission()
04-09 23:06:14.148 18903 19542 E DatabaseUtils: 	at android.content.ContentProvider.enforceWritePermissionInner(ContentProvider.java:1025)
04-09 23:06:14.148 18903 19542 E DatabaseUtils: 	at android.content.ContentProvider.semEnforceWritePermission(ContentProvider.java:951)
04-09 23:06:14.148 18903 19542 E DatabaseUtils: 	at android.content.ContentProvider$Transport.enforceWritePermission(ContentProvider.java:730)
04-09 23:06:14.148 18903 19542 E DatabaseUtils: 	at android.content.ContentProvider$Transport.update(ContentProvider.java:462)
04-09 23:06:14.148 18903 19542 E DatabaseUtils: 	at android.content.ContentProviderNative.onTransact(ContentProviderNative.java:231)
04-09 23:06:14.148 18903 19542 E DatabaseUtils: 	at android.os.Binder.execTransactInternal(Binder.java:1321)
04-09 23:06:14.148 18903 19542 E DatabaseUtils: 	at android.os.Binder.execTransact(Binder.java:1280)
04-09 23:06:14.150 18903 18903 I BadgeCountReceiver: badge intent : Intent { act=android.intent.action.BADGE_COUNT_UPDATE flg=0x1000010 cmp=com.sec.android.provider.badge/.BadgeCountReceiver (has extras) }
04-09 23:06:14.150 18903 18903 I BadgeCountReceiver: packageName: org.telegram.messenger, className: org.telegram.messenger.NoxIcon, count: 0
04-09 23:06:14.154  6837  6837 I BadgeCountUpdaterImpl: onChange
04-09 23:06:14.157  6837  6837 I BadgeCountUpdaterImpl: onChange
04-09 23:06:14.159 18903 18903 I BadgeProvider: sendNotify entered. [uri] : content://com.sec.badge/apps
04-09 23:06:14.159 18903 18903 I BadgeProvider: sendNotify, [notify] : null
04-09 23:06:14.160 18903 18903 I BadgeProvider: update, getCallingPackage() : com.sec.android.provider.badge
04-09 23:06:14.161 18903 18903 I BadgeProvider: update, [uri] : content://com.sec.badge/apps
04-09 23:06:14.161 18903 18903 I BadgeProvider: update, [uri.query] : null
04-09 23:06:14.161 18903 18903 I BadgeProvider: update, [BadgeCount] : badgecount=0
04-09 23:06:14.161 18903 18903 I BadgeProvider: update, [UpdateCount] : 1
04-09 23:06:14.229  7623 25804 D ConnectivityManager: StackLog: [android.net.ConnectivityManager.reportNetworkConnectivity(ConnectivityManager.java:3390)] [anpu.i(:com.google.android.gms@231115044@23.11.15 (190400-520109968):0)] [anpi.run(:com.google.android.gms@231115044@23.11.15 (190400-520109968):57)] [anqi.run(:com.google.android.gms@231115044@23.11.15 (190400-520109968):2)] [dapd.run(:com.google.android.gms@231115044@23.11.15 (190400-520109968):2)] [abbj.c(:com.google.android.gms@231115044@23.11.15 (190400-520109968):6)] [abbj.run(:com.google.android.gms@231115044@23.11.15 (190400-520109968):7)] [java.util.concurrent.ThreadPoolExecutor.runWorker(ThreadPoolExecutor.java:1137)] [java.util.concurrent.ThreadPoolExecutor$Worker.run(ThreadPoolExecutor.java:637)] [abgp.run(:com.google.android.gms@231115044@23.11.15 (190400-520109968):0)] [java.lang.Thread.run(Thread.java:1012)]
04-09 23:06:14.230  7623 25804 I AlarmManager: setExactAndAllowWhileIdle [name: GCM_HB_ALARM type: 2 triggerAtMillis: 3112772]
04-09 23:06:14.237  7623 25804 E GmsTaskScheduler: sendWakeUpEvent called on SchedulerClientBroadcastStrategy
04-09 23:06:14.244  7623 26670 I AlarmManager: setExactAndAllowWhileIdle [name: FcmRetry type: 2 triggerAtMillis: 2392784]
04-09 23:06:14.255  5665  5741 W libprocessgroup: Failed to open /dev/blkio//cgroup.procs: No such file or directory
04-09 23:06:14.257  5665  5741 W libprocessgroup: Failed to open /dev/blkio//cgroup.procs: No such file or directory
04-09 23:06:14.294  5665  5741 W libprocessgroup: Failed to open /dev/blkio//cgroup.procs: No such file or directory
04-09 23:06:14.358  6837  7268 I BadgeCountUpdaterImpl: reload badge without refresh
04-09 23:06:14.362  7623 26547 I SemanticLocation: [Inferrer] IncrementalTimelineInferrer.predict() logs:
04-09 23:06:14.362  7623 26547 I SemanticLocation: Timeline Paths Enabled! Start Computing the timeline paths.
04-09 23:06:14.362  7623 26547 I SemanticLocation:
04-09 23:06:14.362  7623 26547 I SemanticLocation: [CONTEXT service_id=173 ]
04-09 23:06:14.364  5665  5741 W libprocessgroup: Failed to open /dev/blkio//cgroup.procs: No such file or directory
04-09 23:06:14.371 18903 18920 I BadgeProvider: query, [selection] : null
04-09 23:06:14.375  6837  7268 I BadgeCache: update cache : com.vkontakte.android user : UserHandle{0}  count : 7
04-09 23:06:14.376  6837  7268 I BadgeCache: add to cache : com.vk.imuser : UserHandle{0}  count : 1
04-09 23:06:14.376  6837  7268 I BadgeCache: update cache : com.vkontakte.android user : UserHandle{0}  count : 0
04-09 23:06:14.376  6837  7268 I BadgeCache: add to cache : com.vkontakte.androiduser : UserHandle{0}  count : 1
04-09 23:06:14.376  6837  7268 I BadgeCache: add to cache : org.telegram.messengeruser : UserHandle{0}  count : 1
04-09 23:06:14.376  6837  7268 I BadgeCache: update cache : org.telegram.messenger user : UserHandle{0}  count : 0
04-09 23:06:14.376  6837  7268 I BadgeCache: update cache : com.vk.im user : UserHandle{0}  count : 0
04-09 23:06:14.381  6837  7268 I BadgeCache: reloadBadge size : 3
04-09 23:06:14.588  6284  6373 D MobileStatusTracker(1/2): onSignalStrengthsChanged level=2, vendorLevel=2
04-09 23:06:14.597  6284  6373 D MobileSignalController(1/2): notifyListener: enabled=true, connected=true, dataConnected=true, networkType=LTE/LTE_CA (4G+), emergencyOnly=false, roaming=false, isDefault=true, dataActivity=, level=2, ca=true, mmWave=false, disabledDataIcon=false, simCard=ETC
04-09 23:06:14.599  6284  6373 D NetworkController: SignalStrength from intent slotId=1
04-09 23:06:14.721  5312  5312 E sehhealth-service: Could not open /sys/class/power_supply/battery/lrp
04-09 23:06:14.722  6284  6373 D MobileStatusTracker(1/2): onDataActivity: direction=3
04-09 23:06:14.724  5665  5665 D PhoneWindowManagerExt: ACTION_BATTERY_CHANGED - Level=62, status=2
04-09 23:06:14.727  6284  6373 D MobileSignalController(1/2): notifyListener: enabled=true, connected=true, dataConnected=true, networkType=LTE/LTE_CA (4G+), emergencyOnly=false, roaming=false, isDefault=true, dataActivity=inout, level=2, ca=true, mmWave=false, disabledDataIcon=false, simCard=ETC
04-09 23:06:14.728  5665  5861 D MotionRecognitionService: [SAR]  onReceive : ACTION_BATTERY_CHANGED, Plugged: 2
04-09 23:06:14.751  5665  5665 D SemWifiApBroadcastReceiver: Received : android.intent.action.BATTERY_CHANGED
04-09 23:06:14.754  6213  6213 D SemBigDataInfoController: Intent: android.intent.action.BATTERY_CHANGED
04-09 23:06:14.756  6213  6213 D SemBigDataInfoController: Intent: android.intent.action.BATTERY_CHANGED
04-09 23:06:14.759  6284  6284 I PowerUI : mBootCompleted = true |  mFullyConnected = true
04-09 23:06:14.759  6284  6284 W PowerUI : Plug reason
04-09 23:06:14.759  6284  6284 W PowerUI : Skip charging animation - by plug status
04-09 23:06:14.760  6284  6284 D PowerUI : priorPlugType = 2 mPlugType = 2 priorBatteryStatus = 2 mBatteryStatus = 2
04-09 23:06:14.760  6284  6284 W PowerUI : Plug reason
04-09 23:06:14.760  6284  6284 W PowerUI : Skip charging sound - by plug status
04-09 23:06:14.760  6284  8451 D SecPowerUI.Notification: dismissing low battery warning: level=62
04-09 23:06:14.760  6284  8451 D SecPowerUI.Notification: updateNotification mWarning=false mPlaySound=false
04-09 23:06:14.760  6284  6284 I PowerUI : oldMisalign : false, curMisalign : false
04-09 23:06:14.760  6284  8451 D SecPowerUI.Notification: SecBatteryStatsSnapshot{batteryLevel=62, currentBatteryMode=0, chargingTime=3244000, chargingType=11, batteryHealth=2, automaticTestMode=false, isHiccupState=false}
04-09 23:06:14.762  6284  8451 D SecPowerUI.Notification: 1. restoreScreenTimeOut - saved_value : :
04-09 23:06:14.762  6284  6284 D SecPowerUI.Notification: showChargingNotice oldChargingType : 11 currentChargingType : 11 oldChargingTime : 3244000 mChargingTime : 3236000
04-09 23:06:14.762  6284  6284 D SecPowerUI.Notification: showChargingNotification()
04-09 23:06:14.763  6284  6284 D SecPowerUI.Notification: SecBatteryStatsSnapshot{batteryLevel=62, currentBatteryMode=0, chargingTime=3236000, chargingType=11, batteryHealth=2, automaticTestMode=false, isHiccupState=false}
04-09 23:06:14.763  6284  8451 E SecPowerUI.Notification: no saved value, so we do nothing !!
04-09 23:06:14.763  6284  6284 D PowerUi.ChargingNotification: showChargingNotification()
04-09 23:06:14.766  6284  6284 D PowerUi.ChargingNotification: showChargingNotification()
04-09 23:06:14.776  5665  8767 D ApplicationPolicy: isStatusBarNotificationAllowedAsUser: packageName = com.android.systemui,userId = 0
04-09 23:06:14.776  5665  8767 D ApplicationPolicy: isStatusBarNotificationAllowedAsUser: packageName = com.android.systemui,userId = -1
04-09 23:06:14.776  5665  8767 D ApplicationPolicy: isStatusBarNotificationAllowedAsUser: converting userId from USER_ALLto 0
04-09 23:06:14.778  6284  6284 D PowerUI : Battery swelling mode - priorBatterySwellingMode = 0 mBatterySwellingMode = 0 mBatteryStatus = 2
04-09 23:06:14.778  6284  6284 I PowerUI : mBatteryMiscEvent = 65536
04-09 23:06:14.779  6284  6284 D SamsungBatteryMeterDrawable: onBatteryLevelChanged isSomethingChanged: false
04-09 23:06:14.780  6284  6284 D SamsungBatteryMeterDrawable: onBatteryLevelChanged isSomethingChanged: false
04-09 23:06:14.781  6284  6284 D SamsungBatteryMeterDrawable: onBatteryLevelChanged isSomethingChanged: false
04-09 23:06:14.781  6284  6284 D SamsungBatteryMeterDrawable: onBatteryLevelChanged isSomethingChanged: false
04-09 23:06:14.782  6284  6284 D KeyguardUpdateMonitor: received broadcast android.intent.action.BATTERY_CHANGED
04-09 23:06:14.783  6284  6284 I AODBatteryManager: updateBatteryData: ACTION_BATTERY_CHANGED
04-09 23:06:14.785  6284  6284 I AODBatteryManager: saveBatteryData : AOD BatteryData [mBatteryLevel=62, mBatteryStatus=CHARGING, mBatteryPlugType=USB, mBatteryPlugged=true, mRemainingChargeTime=3236000, mBatteryChargingType=2, mBatteryChargerType=FAST, mBatteryOnline=NOT_DEFINED, mBatterySwellingMode=NONE, mBatteryProtectMode=false]
04-09 23:06:14.786  6284  6284 I ChargingInfoManager: updateChargingInfo: newState = AOD ChargingInfo [mState=BATTERY_AND_REMAIN_TIME, mIsCharging=true, mIsFullyCharged=false, mIsBatteryProtectMode=false], oldState = AOD ChargingInfo [mState=BATTERY_AND_REMAIN_TIME, mIsCharging=true, mIsFullyCharged=false, mIsBatteryProtectMode=false]
04-09 23:06:14.786  6284  6284 D KeyguardUpdateMonitor: handleBatteryUpdate
04-09 23:06:14.791  6284  6284 D KeyguardSecIndicationController: addIndicationTimeout() returned - unlocking
04-09 23:06:14.791  6284  6284 D KeyguardSecIndicationController: addIndication() returned - unlocking
04-09 23:06:14.791  6284  6284 D KeyguardSecIndicationController: addBatteryAndOwnerInfoIndication() battery status = BatteryStatus{status=2,level=62,plugged=2,health=2,maxChargingWattage=-1,remaining=3236000ultraFastCharger=1}
04-09 23:06:15.005  6210  6210 I FreeformContainer: [SmartPopupViewService] onNotificationPosted: StatusBarNotification(pkg=com.android.systemui user=UserHandle{-1} id=2131428959 tag=charging_state key=-1|com.android.systemui|2131428959|charging_state|10054: Notification(channel=CHR shortcut=null contentView=null vibrate=null sound=null defaults=0x0 flags=0xa color=0xff8b94ab category=sys groupKey=CHARGING vis=PUBLIC semFlags=0x0 semPriority=0 semMissedCount=0))
04-09 23:06:15.005  6210  6210 V FreeformContainer: [SmartPopupViewService] isSmartPopupViewTarget: com.android.systemui is not enabled
04-09 23:06:15.012  9619 10534 I NotificationPipeline: Processing new notification: -1|com.android.systemui|2131428959|charging_state|10054
04-09 23:06:15.012  9619 10534 E Notification4Heart_NB: WatchFactory.getWatch-lastConnectedNodeId is null
04-09 23:06:15.013  6284  6284 D BubblesManager: onRankingUpdate : shouldBubbleUp=false ,pkg=android ,key=-1|android|34|NetworkPolicy:945656281:34|1000
04-09 23:06:15.013  6284  6284 D BubblesManager: onRankingUpdate : shouldBubbleUp=false ,pkg=com.kms.free ,key=0|com.kms.free|42|null|10299
04-09 23:06:15.014  6284  6284 D BubblesManager: onRankingUpdate : shouldBubbleUp=false ,pkg=com.sec.android.app.shealth ,key=0|com.sec.android.app.shealth|105|null|10256
04-09 23:06:15.014  9619 10534 W Notification4Heart_NB: NotificationBridgeCallback.onNotificationPosted-never connected before
04-09 23:06:15.014  6284  6284 D BubblesManager: onRankingUpdate : shouldBubbleUp=false ,pkg=com.kms.free ,key=0|com.kms.free|1|null|10299
04-09 23:06:15.014  6284  6284 D BubblesManager: onRankingUpdate : shouldBubbleUp=false ,pkg=mrigapps.andriod.breakfree.deux ,key=0|mrigapps.andriod.breakfree.deux|2|null|10506
04-09 23:06:15.014  6284  6284 D BubblesManager: onRankingUpdate : shouldBubbleUp=false ,pkg=com.android.providers.downloads ,key=0|com.android.providers.downloads|0|3:1244|10068
04-09 23:06:15.015  6284  6284 D BubblesManager: onRankingUpdate : shouldBubbleUp=false ,pkg=ru.mail.mailapp ,key=0|ru.mail.mailapp|1073741824|zhelenskiy@mail.ru|10221
04-09 23:06:15.015  6284  6284 D InterruptionStateProvider: Group alert behavior is suppressed but we want to alert bubble
04-09 23:06:15.015  6284  6284 D BubblesManager: onRankingUpdate : shouldBubbleUp=false ,pkg=ru.mail.mailapp ,key=0|ru.mail.mailapp|1291137120|zhelenskiy@mail.ru|10221
04-09 23:06:15.016  6284  6284 D InterruptionStateProvider: Group alert behavior is suppressed but we want to alert bubble
04-09 23:06:15.016  6284  6284 D BubblesManager: onRankingUpdate : shouldBubbleUp=false ,pkg=ru.mail.mailapp ,key=0|ru.mail.mailapp|406243825|zhelenskiy@mail.ru|10221
04-09 23:06:15.016  6284  6284 D BubblesManager: onRankingUpdate : shouldBubbleUp=false ,pkg=android ,key=0|android|38|AccountManagerService:38:-904454848:838749127:10427|1000
04-09 23:06:15.016  6284  6284 D InterruptionStateProvider: Group alert behavior is suppressed but we want to alert bubble
04-09 23:06:15.019  6837  6837 I Launcher.NotificationListener: onNotificationPosted : com.android.systemui number : 0
04-09 23:06:15.019  6284  6284 D BubblesManager: onRankingUpdate : shouldBubbleUp=false ,pkg=com.google.android.googlequicksearchbox ,key=0|com.google.android.googlequicksearchbox|0|-1997195081::SUMMARY::wx|10233
04-09 23:06:15.019  6284  6284 D BubblesManager: onRankingUpdate : shouldBubbleUp=false ,pkg=com.google.android.googlequicksearchbox ,key=0|com.google.android.googlequicksearchbox|0|-1997195081::a:snotification:[0x394,wx.f,NOTIFICATION]|10233
04-09 23:06:15.020  6284  6284 D BubblesManager: onRankingUpdate : shouldBubbleUp=false ,pkg=android ,key=-1|android|27|null|1000
04-09 23:06:15.020  6284  6284 D BubblesManager: onRankingUpdate : shouldBubbleUp=false ,pkg=com.android.systemui ,key=-1|com.android.systemui|2131428959|charging_state|10054
04-09 23:06:15.021  6284  6315 D Bubbles : onRankingUpdated : isActiveOrInOverflow= false , mTmpRanking.canBubble()= false ,isActive= false ,shouldBubbleUp= false ,mTmpRanking.isBubble()= false
04-09 23:06:15.021  6284  6315 D Bubbles : onRankingUpdated : isActiveOrInOverflow= false , mTmpRanking.canBubble()= false ,isActive= false ,shouldBubbleUp= false ,mTmpRanking.isBubble()= false
04-09 23:06:15.021  6284  6315 D Bubbles : onRankingUpdated : isActiveOrInOverflow= false , mTmpRanking.canBubble()= false ,isActive= false ,shouldBubbleUp= false ,mTmpRanking.isBubble()= false
04-09 23:06:15.021  6284  6315 D Bubbles : onRankingUpdated : isActiveOrInOverflow= false , mTmpRanking.canBubble()= false ,isActive= false ,shouldBubbleUp= false ,mTmpRanking.isBubble()= false
04-09 23:06:15.022  6284  6315 D Bubbles : onRankingUpdated : isActiveOrInOverflow= false , mTmpRanking.canBubble()= false ,isActive= false ,shouldBubbleUp= false ,mTmpRanking.isBubble()= false
04-09 23:06:15.022  6284  6315 D Bubbles : onRankingUpdated : isActiveOrInOverflow= false , mTmpRanking.canBubble()= false ,isActive= false ,shouldBubbleUp= false ,mTmpRanking.isBubble()= false
04-09 23:06:15.022  6284  6315 D Bubbles : onRankingUpdated : isActiveOrInOverflow= false , mTmpRanking.canBubble()= false ,isActive= false ,shouldBubbleUp= false ,mTmpRanking.isBubble()= false
04-09 23:06:15.022  6284  6315 D Bubbles : onRankingUpdated : isActiveOrInOverflow= false , mTmpRanking.canBubble()= false ,isActive= false ,shouldBubbleUp= false ,mTmpRanking.isBubble()= false
04-09 23:06:15.022  6284  6315 D Bubbles : onRankingUpdated : isActiveOrInOverflow= false , mTmpRanking.canBubble()= false ,isActive= false ,shouldBubbleUp= false ,mTmpRanking.isBubble()= false
04-09 23:06:15.022  6284  6315 D Bubbles : onRankingUpdated : isActiveOrInOverflow= false , mTmpRanking.canBubble()= false ,isActive= false ,shouldBubbleUp= false ,mTmpRanking.isBubble()= false
04-09 23:06:15.022  6284  6315 D Bubbles : onRankingUpdated : isActiveOrInOverflow= false , mTmpRanking.canBubble()= false ,isActive= false ,shouldBubbleUp= false ,mTmpRanking.isBubble()= false
04-09 23:06:15.022  6284  6315 D Bubbles : onRankingUpdated : isActiveOrInOverflow= false , mTmpRanking.canBubble()= false ,isActive= false ,shouldBubbleUp= false ,mTmpRanking.isBubble()= false
04-09 23:06:15.023  6284  6315 D Bubbles : onRankingUpdated : isActiveOrInOverflow= false , mTmpRanking.canBubble()= false ,isActive= false ,shouldBubbleUp= false ,mTmpRanking.isBubble()= false
04-09 23:06:15.023  6284  6315 D Bubbles : onRankingUpdated : isActiveOrInOverflow= false , mTmpRanking.canBubble()= false ,isActive= false ,shouldBubbleUp= false ,mTmpRanking.isBubble()= false
04-09 23:06:15.215  6284  6284 D BubblesManager: onEntryUpdated : shouldBubbleUp=false ,key=-1|com.android.systemui|2131428959|charging_state|10054
04-09 23:06:15.260  6284  6284 I FaceWidgetPositionAlgorithm: getMediaContainerHeight() height = 0 container Visibility = 8, isValid = false, mIsDozing = false, fraction = 1.0, source = 0, target = 0
04-09 23:06:15.260  6284  6284 I FaceWidgetPositionAlgorithm: getMediaContainerHeight() supplier = 0
04-09 23:06:15.320  6284  6284 I FaceWidgetPositionAlgorithm: getMediaContainerHeight() height = 0 container Visibility = 8, isValid = false, mIsDozing = false, fraction = 1.0, source = 0, target = 0
04-09 23:06:15.321  6284  6284 I FaceWidgetPositionAlgorithm: getMediaContainerHeight() supplier = 0
04-09 23:06:15.389  6284  6284 I FaceWidgetPositionAlgorithm: getMediaContainerHeight() height = 0 container Visibility = 8, isValid = false, mIsDozing = false, fraction = 1.0, source = 0, target = 0
04-09 23:06:15.389  6284  6284 I FaceWidgetPositionAlgorithm: getMediaContainerHeight() supplier = 0
04-09 23:06:15.764  6284  6373 D MobileStatusTracker(1/2): onDataActivity: direction=0
04-09 23:06:15.770  6284  6373 D MobileSignalController(1/2): notifyListener: enabled=true, connected=true, dataConnected=true, networkType=LTE/LTE_CA (4G+), emergencyOnly=false, roaming=false, isDefault=true, dataActivity=, level=2, ca=true, mmWave=false, disabledDataIcon=false, simCard=ETC
04-09 23:06:17.846  6284  6373 D MobileStatusTracker(1/2): onDataActivity: direction=3
04-09 23:06:17.851  6284  6373 D MobileSignalController(1/2): notifyListener: enabled=true, connected=true, dataConnected=true, networkType=LTE/LTE_CA (4G+), emergencyOnly=false, roaming=false, isDefault=true, dataActivity=inout, level=2, ca=true, mmWave=false, disabledDataIcon=false, simCard=ETC
04-09 23:06:17.872  6213  6323 I TelephonyProvider: D/TelephonyProvider: subIdString = 2 subId = 2
04-09 23:06:17.907  5665  6036 D ConnectivityService: notifyType CALLBACK_CAP_CHANGED for [100 CELLULAR]
04-09 23:06:17.912  6213  6323 I TelephonyProvider: D/TelephonyProvider: subIdString = 2 subId = 2
04-09 23:06:17.940  5665  6036 D ConnectivityService: notifyType CALLBACK_CAP_CHANGED for [101 CELLULAR]
04-09 23:06:17.941 10220 11595 E Connection4Heart: ProxyManager.requestSetNetworkSuspended() : watch is not connected
04-09 23:06:17.943  6678  6864 I PdnController<1>: onCapabilitiesChanged: network 101 networkCapabilities [ Transports: CELLULAR Capabilities: IMS&NOT_METERED&TRUSTED&NOT_VPN&VALIDATED&NOT_ROAMING&FOREGROUND&NOT_CONGESTED&NOT_SUSPENDED&NOT_VCN_MANAGED LinkUpBandwidth>=15000Kbps LinkDnBandwidth>=19873Kbps Specifier: <TelephonyNetworkSpecifier [mSubId = 2]> SubscriptionIds: {2} UnderlyingNetworks: Null]
04-09 23:06:17.951  5665  7155 W LocationManagerService: onFreezeStateChanged, uid[10491]=false
04-09 23:06:17.954  6634  9490 W BtGatt.GattService: unfreezeScan() - No AppScanStats found with uid: 10491
04-09 23:06:18.457  6284  6373 D MobileStatusTracker(1/2): onSignalStrengthsChanged level=2, vendorLevel=2
04-09 23:06:18.467  6284  6373 D MobileSignalController(1/2): notifyListener: enabled=true, connected=true, dataConnected=true, networkType=LTE/LTE_CA (4G+), emergencyOnly=false, roaming=false, isDefault=true, dataActivity=inout, level=2, ca=true, mmWave=false, disabledDataIcon=false, simCard=ETC
04-09 23:06:18.467  6284  6373 D NetworkController: SignalStrength from intent slotId=1
04-09 23:06:18.674  6284  6373 D MobileStatusTracker(0/1): onSignalStrengthsChanged level=2, vendorLevel=2
04-09 23:06:18.677  6284  6373 D MobileSignalController(0/1): notifyListener: enabled=true, connected=true, dataConnected=false, networkType=LTE (4G), emergencyOnly=false, roaming=true, isDefault=true, dataActivity=, level=2, ca=false, mmWave=false, disabledDataIcon=false, simCard=ETC
04-09 23:06:18.684  6284  6373 D NetworkController: SignalStrength from intent slotId=0
04-09 23:06:19.787  6284  6284 D SecPowerUI.Notification: showChargingNotice oldChargingType : 11 currentChargingType : 11 oldChargingTime : 3236000 mChargingTime : 3236000
04-09 23:06:19.787  6284  6284 D SecPowerUI.Notification: There is no change about charging status, so return!
04-09 23:06:19.932  6284  6373 D MobileStatusTracker(1/2): onDataActivity: direction=0
04-09 23:06:19.938  6284  6373 D MobileSignalController(1/2): notifyListener: enabled=true, connected=true, dataConnected=true, networkType=LTE/LTE_CA (4G+), emergencyOnly=false, roaming=false, isDefault=true, dataActivity=, level=2, ca=true, mmWave=false, disabledDataIcon=false, simCard=ETC
04-09 23:06:20.962  6284  6373 D MobileStatusTracker(1/2): onDataActivity: direction=3
04-09 23:06:20.974  6284  6373 D MobileSignalController(1/2): notifyListener: enabled=true, connected=true, dataConnected=true, networkType=LTE/LTE_CA (4G+), emergencyOnly=false, roaming=false, isDefault=true, dataActivity=inout, level=2, ca=true, mmWave=false, disabledDataIcon=false, simCard=ETC
04-09 23:06:20.989  6284  6373 D MobileStatusTracker(1/2): onSignalStrengthsChanged level=3, vendorLevel=2
04-09 23:06:20.991  6284  6373 D MobileSignalController(1/2): notifyListener: enabled=true, connected=true, dataConnected=true, networkType=LTE/LTE_CA (4G+), emergencyOnly=false, roaming=false, isDefault=true, dataActivity=inout, level=2, ca=true, mmWave=false, disabledDataIcon=false, simCard=ETC
04-09 23:06:20.992  6284  6373 D NetworkController: SignalStrength from intent slotId=1
04-09 23:06:22.003  6284  6373 D MobileStatusTracker(1/2): onDataActivity: direction=0
04-09 23:06:22.008  6284  6373 D MobileSignalController(1/2): notifyListener: enabled=true, connected=true, dataConnected=true, networkType=LTE/LTE_CA (4G+), emergencyOnly=false, roaming=false, isDefault=true, dataActivity=, level=2, ca=true, mmWave=false, disabledDataIcon=false, simCard=ETC
04-09 23:06:23.047  6284  6373 D MobileStatusTracker(1/2): onDataActivity: direction=3
04-09 23:06:23.052  6284  6373 D MobileSignalController(1/2): notifyListener: enabled=true, connected=true, dataConnected=true, networkType=LTE/LTE_CA (4G+), emergencyOnly=false, roaming=false, isDefault=true, dataActivity=inout, level=2, ca=true, mmWave=false, disabledDataIcon=false, simCard=ETC
04-09 23:06:23.073  6213  6323 I TelephonyProvider: D/TelephonyProvider: subIdString = 2 subId = 2
04-09 23:06:23.112  5665  6036 D ConnectivityService: notifyType CALLBACK_CAP_CHANGED for [100 CELLULAR]
04-09 23:06:23.117  6213  6323 I TelephonyProvider: D/TelephonyProvider: subIdString = 2 subId = 2
04-09 23:06:23.137 10220 11595 E Connection4Heart: ProxyManager.requestSetNetworkSuspended() : watch is not connected
04-09 23:06:23.148  5665  6036 D ConnectivityService: notifyType CALLBACK_CAP_CHANGED for [101 CELLULAR]
04-09 23:06:23.152  6678  6864 I PdnController<1>: onCapabilitiesChanged: network 101 networkCapabilities [ Transports: CELLULAR Capabilities: IMS&NOT_METERED&TRUSTED&NOT_VPN&VALIDATED&NOT_ROAMING&FOREGROUND&NOT_CONGESTED&NOT_SUSPENDED&NOT_VCN_MANAGED LinkUpBandwidth>=15000Kbps LinkDnBandwidth>=17781Kbps Specifier: <TelephonyNetworkSpecifier [mSubId = 2]> SubscriptionIds: {2} UnderlyingNetworks: Null]
04-09 23:06:23.525  6284  6373 D MobileStatusTracker(1/2): onSignalStrengthsChanged level=2, vendorLevel=2
04-09 23:06:23.530  6284  6373 D MobileSignalController(1/2): notifyListener: enabled=true, connected=true, dataConnected=true, networkType=LTE/LTE_CA (4G+), emergencyOnly=false, roaming=false, isDefault=true, dataActivity=inout, level=2, ca=true, mmWave=false, disabledDataIcon=false, simCard=ETC
04-09 23:06:23.535  6284  6373 D NetworkController: SignalStrength from intent slotId=1
04-09 23:06:23.774 17852 17915 I nightwatch-target: monitor resources last 600 iteration: 300860 msec
04-09 23:06:24.782  5312  5312 E sehhealth-service: Could not open /sys/class/power_supply/battery/lrp
04-09 23:06:24.788  5665  5861 D MotionRecognitionService: [SAR]  onReceive : ACTION_BATTERY_CHANGED, Plugged: 2
04-09 23:06:24.789  5665  5665 D PhoneWindowManagerExt: ACTION_BATTERY_CHANGED - Level=62, status=2
04-09 23:06:24.805  5665  5665 D SemWifiApBroadcastReceiver: Received : android.intent.action.BATTERY_CHANGED
04-09 23:06:24.808  6213  6213 D SemBigDataInfoController: Intent: android.intent.action.BATTERY_CHANGED
04-09 23:06:24.810  6213  6213 D SemBigDataInfoController: Intent: android.intent.action.BATTERY_CHANGED
04-09 23:06:24.814  6284  6284 I PowerUI : mBootCompleted = true |  mFullyConnected = true
04-09 23:06:24.815  6284  6284 W PowerUI : Plug reason
04-09 23:06:24.815  6284  6284 W PowerUI : Skip charging animation - by plug status
04-09 23:06:24.815  6284  6284 D PowerUI : priorPlugType = 2 mPlugType = 2 priorBatteryStatus = 2 mBatteryStatus = 2
04-09 23:06:24.815  6284  6284 W PowerUI : Plug reason
04-09 23:06:24.815  6284  6284 W PowerUI : Skip charging sound - by plug status
04-09 23:06:24.815  6284  6284 I PowerUI : oldMisalign : false, curMisalign : false
04-09 23:06:24.815  6284 10889 D SecPowerUI.Notification: dismissing low battery warning: level=62
04-09 23:06:24.815  6284 10889 D SecPowerUI.Notification: updateNotification mWarning=false mPlaySound=false
04-09 23:06:24.816  6284 10889 D SecPowerUI.Notification: SecBatteryStatsSnapshot{batteryLevel=62, currentBatteryMode=0, chargingTime=3236000, chargingType=11, batteryHealth=2, automaticTestMode=false, isHiccupState=false}
04-09 23:06:24.820  6284  6284 D SecPowerUI.Notification: showChargingNotice oldChargingType : 11 currentChargingType : 11 oldChargingTime : 3236000 mChargingTime : 3233000
04-09 23:06:24.820  6284  6284 D SecPowerUI.Notification: showChargingNotification()
04-09 23:06:24.820  6284  6284 D SecPowerUI.Notification: SecBatteryStatsSnapshot{batteryLevel=62, currentBatteryMode=0, chargingTime=3233000, chargingType=11, batteryHealth=2, automaticTestMode=false, isHiccupState=false}
04-09 23:06:24.820  6284  6284 D PowerUi.ChargingNotification: showChargingNotification()
04-09 23:06:24.828  6284 10889 D SecPowerUI.Notification: 1. restoreScreenTimeOut - saved_value : :
04-09 23:06:24.828  6284 10889 E SecPowerUI.Notification: no saved value, so we do nothing !!
04-09 23:06:24.832  6284  6284 D PowerUi.ChargingNotification: showChargingNotification()
04-09 23:06:24.837  5665  6260 D ApplicationPolicy: isStatusBarNotificationAllowedAsUser: packageName = com.android.systemui,userId = 0
04-09 23:06:24.838  5665  6260 D ApplicationPolicy: isStatusBarNotificationAllowedAsUser: packageName = com.android.systemui,userId = -1
04-09 23:06:24.838  5665  6260 D ApplicationPolicy: isStatusBarNotificationAllowedAsUser: converting userId from USER_ALLto 0
04-09 23:06:24.841  6284  6284 D PowerUI : Battery swelling mode - priorBatterySwellingMode = 0 mBatterySwellingMode = 0 mBatteryStatus = 2
04-09 23:06:24.843  6284  6284 I PowerUI : mBatteryMiscEvent = 65536
