04-19 16:02:00.677 22061 22103 I AppMetrica-Attribution: Choosing distribution data: ClidsInfo(chosen=Candidate(clids={clid10=2263180, clid21=2251107, clid4=2066560, clid7=2041723, clid6=2041722, clid1=2041720, clid1010=2263185, clid1003=2315897, clid1002=2268488}, source=APP), candidates=[Candidate(clids={clid10=2263180, clid21=2251107, clid4=2066560, clid7=2041723, clid6=2041722, clid1=2041720, clid1010=2263185, clid1003=2315897, clid1002=2268488}, source=APP)])
04-19 16:02:00.701 22421 22421 I FirebaseApp: Device unlocked: initializing all Firebase APIs for app [DEFAULT]
04-19 16:02:00.703  5628  9255 I WifiService: startScan uid=10222
04-19 16:02:00.709  5628  9255 W WifiService: Permission violation - startScan not allowed for uid=10222, packageName=ru.yandex.searchplugin, reason=java.lang.SecurityException: UID 10222 has no location permission
04-19 16:02:00.714 22421 22421 I FirebaseInitProvider: FirebaseApp initialization successful
04-19 16:02:00.714  5628  9255 W WifiService: Permission violation - getScanResults not allowed for uid=10222, packageName=ru.yandex.searchplugin, reason=java.lang.SecurityException: UID 10222 has no location permission
04-19 16:02:00.728 22421 22421 E SEMS:DataAdapter_13.1.12: [SemsLog][main][GroupDBHelper] Instance null
04-19 16:02:00.735 21948 21948 D ConnectivityManager: StackLog: [android.net.ConnectivityManager.sendRequestForNetwork(ConnectivityManager.java:4191)] [android.net.ConnectivityManager.registerDefaultNetworkCallbackForUid(ConnectivityManager.java:4755)] [android.net.ConnectivityManager.registerDefaultNetworkCallback(ConnectivityManager.java:4722)] [zs1.a(Unknown Source:0)] [it1.k(Unknown Source:0)] [org.chromium.net.NetworkChangeNotifierAutoDetect$RegistrationPolicy.d(SourceFile:43)] [org.chromium.net.c.c(SourceFile:3)] [org.chromium.net.NetworkChangeNotifierAutoDetect.<init>(SourceFile:105)] [org.chromium.content.browser.BackgroundSyncNetworkObserver.createObserver(SourceFile:61)]
04-19 16:02:00.737  5628 11466 D ConnectivityService: requestNetwork for uid/pid:10222/21948 activeRequest: null callbackRequest: 28028 [NetworkRequest [ REQUEST id=28029, [ Capabilities: INTERNET&NOT_RESTRICTED&TRUSTED&NOT_VCN_MANAGED Uid: 10222 RequestorUid: 10222 RequestorPkg: ru.yandex.searchplugin UnderlyingNetworks: Null] ]] callback flags: 0 order: 2147483647
04-19 16:02:00.738 22293 22293 V GraphicsEnvironment: ANGLE Developer option for 'com.yandex.browser' set to: 'default'
04-19 16:02:00.739  5628  8367 D ConnectivityService:    accepting network in place of null
04-19 16:02:00.751  5628  8356 D WifiNetworkFactory: got request NetworkRequest [ REQUEST id=28029, [ Capabilities: INTERNET&NOT_RESTRICTED&TRUSTED&NOT_VCN_MANAGED Uid: 10222 RequestorUid: 10222 RequestorPkg: ru.yandex.searchplugin UnderlyingNetworks: Null] ]
04-19 16:02:00.753 21948 21948 D ConnectivityManager: StackLog: [android.net.ConnectivityManager.sendRequestForNetwork(ConnectivityManager.java:4191)] [android.net.ConnectivityManager.sendRequestForNetwork(ConnectivityManager.java:4233)] [android.net.ConnectivityManager.registerNetworkCallback(ConnectivityManager.java:4615)] [bt1.a(Unknown Source:0)] [it1.l(Unknown Source:0)] [org.chromium.net.NetworkChangeNotifierAutoDetect$RegistrationPolicy.d(SourceFile:125)] [org.chromium.net.c.c(SourceFile:3)] [org.chromium.net.NetworkChangeNotifierAutoDetect.<init>(SourceFile:105)] [org.chromium.content.browser.BackgroundSyncNetworkObserver.createObserver(SourceFile:61)]
04-19 16:02:00.754  5628  8356 D UntrustedWifiNetworkFactory: got request NetworkRequest [ REQUEST id=28029, [ Capabilities: INTERNET&NOT_RESTRICTED&TRUSTED&NOT_VCN_MANAGED Uid: 10222 RequestorUid: 10222 RequestorPkg: ru.yandex.searchplugin UnderlyingNetworks: Null] ]
04-19 16:02:00.758  5628 11430 D PackageManager: setEnabledSetting : userId = 0 packageName = com.Slack cmp = androidx.work.impl.background.systemalarm.RescheduleReceiver newState = 1 callingPackage = 10329/com.Slack
04-19 16:02:00.758 22293 22293 V GraphicsEnvironment: ANGLE GameManagerService for com.yandex.browser: false
04-19 16:02:00.758 22293 22293 V GraphicsEnvironment: Neither updatable production driver nor prerelease driver is supported.
04-19 16:02:00.759  5628 11430 D ApplicationPolicy: getApplicationStateEnabled : pkg = com.Slack userId : 0
04-19 16:02:00.761  5628 11430 D ApplicationPolicy: getApplicationComponentState : pkg = com.Slack userId : 0
04-19 16:02:00.765  5628  8356 D OemPaidWifiNetworkFactory: got request NetworkRequest [ REQUEST id=28029, [ Capabilities: INTERNET&NOT_RESTRICTED&TRUSTED&NOT_VCN_MANAGED Uid: 10222 RequestorUid: 10222 RequestorPkg: ru.yandex.searchplugin UnderlyingNetworks: Null] ]
04-19 16:02:00.765  5628  8356 D MultiInternetWifiNetworkFactory: got request NetworkRequest [ REQUEST id=28029, [ Capabilities: INTERNET&NOT_RESTRICTED&TRUSTED&NOT_VCN_MANAGED Uid: 10222 RequestorUid: 10222 RequestorPkg: ru.yandex.searchplugin UnderlyingNetworks: Null] ]
04-19 16:02:00.766  5628  8367 D ConnectivityService: Rematched networks [computed 1ms] [applied 7ms] [issued 20]
04-19 16:02:00.766  5628  8367 D ConnectivityService: NetworkReassignment :
04-19 16:02:00.766  5628  8367 D ConnectivityService:   28029 : null → 128
04-19 16:02:00.770 22229 22229 D NetworkSecurityConfig: Using Network Security Config from resource network_security_config_mobileyandex debugBuild: false
04-19 16:02:00.770  5628  8367 D ConnectivityService: Rematched networks [computed 1ms] [applied 0ms] [issued 3]
04-19 16:02:00.770  5628  8367 D ConnectivityService: NetworkReassignment : no changes
04-19 16:02:00.785 22421 22421 I SEMS:Registration_13.1.12: [AuthLog][main][EsuAgentProvider] onCreate
04-19 16:02:00.786 22421 22421 I SEMS:Registration_13.1.12: [AuthLog][main][EsuAgentDBHelper] getInstance start null
04-19 16:02:00.786 22421 22421 I SEMS:Registration_13.1.12: [AuthLog][main][EsuAgentDBHelper] getInstance end
04-19 16:02:00.813 22421 22421 I MobileServiceApplication: onCreate
04-19 16:02:00.819 22421 22421 I DIAGMON_SDK[605055]: DiagMonAgent type: 2
04-19 16:02:00.820 22421 22421 I DIAGMON_SDK[605055][sebzp6l7wd] : generated SR object
04-19 16:02:00.825 22421 22421 I SEMS:Common_13.1.12: [CommonLog][main][MobileServiceCommon] init
04-19 16:02:00.825 22421 22421 I SEMS:Common_13.1.12: [CommonLog][main][SALogger] Init SamsungAnalytics Start
04-19 16:02:00.838 22421 22421 I SEMS:Common_13.1.12: [CommonLog][main][SALogger] Init SamsungAnalytics Completed
04-19 16:02:00.839 22293 22293 D NetworkSecurityConfig: Using Network Security Config from resource network_security_config debugBuild: false
04-19 16:02:00.841 22421 22421 I SEMS:DataAdapter_13.1.12: [][main][MobileServiceDataAdapter] init
04-19 16:02:00.844 22421 22421 I SEMS:SupportedService_13.1.12: [][main][MobileServiceSupportedService] init
04-19 16:02:00.844 22421 22421 I SEMS:SupportedService_13.1.12: [][main][MobileServiceState] init
04-19 16:02:00.845 22421 22421 I SEMS:SupportedService_13.1.12: [][main][MobileServiceState] registerServiceState done
04-19 16:02:00.864  4613  4613 W keymaster_tee: [WRN]begin req PARAMS: A32 B2 P64
04-19 16:02:00.884  8815  9667 I LocationAccessPolicy: ru.yandex.searchplugin is aware of fine but the app-ops permission is specifically denied.
04-19 16:02:00.884  8815  9667 I LocationAccessPolicy: checkLocationPermission - callingUid: 10222, callingPid: 21948, resultForFine: DENIED_SOFT
04-19 16:02:00.887 22421 22421 I SEMS:Common_13.1.12: [CommonLog][main][SaServiceUtil] guid : 9q*****yg*, at : Hk*****I9*, issuedTime : 16*****41****
04-19 16:02:00.888 22421 22421 I SEMS:Common_13.1.12: [CommonLog][main][NumberUtils] getIso3CCFromMCC : mcc = 220 / countryCode = SRB
04-19 16:02:00.888 22421 22421 I SEMS:Common_13.1.12: [CommonLog][main][DeviceUtils] isShipBinary :true
04-19 16:02:00.890 22421 22421 I SEMS:SupportedService_13.1.12: [][main][MobileServiceSocialPolicy] MobileServiceSocialPolicy created
04-19 16:02:00.891 21481 21481 I SamsungCalendar$SamsungCalendarNoti: [NotificationActionReceiver] onReceive() com.samsung.android.calendar.ACTION_TURN_OFF_LED_COVER_NOTIFICATION
04-19 16:02:00.898 22421 22421 I SEMS:Common_13.1.12: [CommonLog][main][DeviceUtils] isSamsungAccountSignedIn : true
04-19 16:02:00.898 21481 21481 I SamsungCalendar$SamsungCalendarNoti: [NotificationActionReceiver] handleTurnOffLEDNotification | Send broadcast : ACTION_FINISH_ALERT_POPUP_ACTIVITY
04-19 16:02:00.901 22061 22103 I AppMetrica-Attribution: Choosing distribution data: ClidsInfo(chosen=Candidate(clids={clid10=2263180, clid21=2251107, clid4=2066560, clid7=2041723, clid6=2041722, clid1=2041720, clid1010=2263185, clid1003=2315897, clid1002=2268488}, source=APP), candidates=[Candidate(clids={clid10=2263180, clid21=2251107, clid4=2066560, clid7=2041723, clid6=2041722, clid1=2041720, clid1010=2263185, clid1003=2315897, clid1002=2268488}, source=APP)])
04-19 16:02:00.906  8815  9667 I LocationAccessPolicy: ru.yandex.searchplugin is aware of fine but the app-ops permission is specifically denied.
04-19 16:02:00.906  8815  9667 I LocationAccessPolicy: checkLocationPermission - callingUid: 10222, callingPid: 21948, resultForFine: DENIED_SOFT
04-19 16:02:00.924 22421 22421 I SEMS:SupportedService_13.1.12: [][main][ServerDomainPolicy] updateServerDomain
04-19 16:02:00.925 22421 22421 I SEMS:SupportedService_13.1.12: [][main][SettingPolicy] loadSetting
04-19 16:02:00.926 22421 22421 I SEMS:Registration_13.1.12: [AgreementLog][main][MobileServiceAgreement] init.
04-19 16:02:00.929 22421 22421 I SEMS:Common_13.1.12: [CommonLog][main][DeviceUtils] isSamsungAccountSignedIn : true
04-19 16:02:00.929 22421 22421 I SEMS:Registration_13.1.12: [AgreementLog][main][MobileServiceAgreement] cancelTermsCheckJobService
04-19 16:02:00.930 22421 22421 I SEMS:Registration_13.1.12: [AuthLog][main][MobileServiceDeviceAuth] init
04-19 16:02:00.933 22421 22421 I SEMS:Registration_13.1.12: [AuthLog][main][CoreAppsFeature] CoreAppsFeature init start init flag : false, invalidate : false
04-19 16:02:00.933 22421 22421 I SEMS:Registration_13.1.12: [AuthLog][main][CoreAppsFeature] device check : true, false
04-19 16:02:00.933 22421 22421 I SEMS:Registration_13.1.12: [AuthLog][main][CoreAppsFeature] supportServiceMap : {4=true, 3=false, 2=true, 1=false, 0=true}
04-19 16:02:00.933 22421 22421 I SEMS:Common_13.1.12: [CommonLog][main][CommonPref] getBoolean - key : push_migration_done , value : true
04-19 16:02:00.934  8513  8513 D KeyguardUpdateMonitor: handleTimeUpdate
04-19 16:02:00.934 22421 22421 I SEMS:Registration_13.1.12: [PushLog][main][SmpManager] Instance created
04-19 16:02:00.934 22421 22421 I SEMS:Registration_13.1.12: [PushLog][main][SmpManager] registerMessageCallback - 0
04-19 16:02:00.934 22421 22421 I SEMS:Registration_13.1.12: [PushLog][main][SmpManager] registerTokenCallback
04-19 16:02:00.935 22421 22421 I SEMS:Registration_13.1.12: [AuthLog][main][MobileServiceDeviceAuth] VERSION : 13.1.12.3
04-19 16:02:00.935 22421 22421 I SEMS:Registration_13.1.12: [AgreementLog][main][MobileServiceAgreement] lateInit
04-19 16:02:00.935 22421 22421 I SEMS:Registration_13.1.12: [AgreementLog][main][AgreementPao] getPreference : key = force_reagree_for_korea_model / defaultValue = true / ret = false
04-19 16:02:00.935 22421 22421 I SEMS:Registration_13.1.12: [ActivateLog][main][MobileServiceActivate] lateInit
04-19 16:02:00.936  8513  8513 D FaceWidgetPagesController: onTimeChanged()
04-19 16:02:00.939 22421 22421 I SEMS:Common_13.1.12: [CommonLog][main][LocalBroadcastUtil] register
04-19 16:02:00.939 22421 22421 I SEMS:Registration_13.1.12: [ActivateLog][main][ActivatePref] getCheckReActivationTime : 1681900286130
04-19 16:02:00.945 22421 22421 I Policy_13.1.12: [main][GetServicePolicyUseCase] getServicePolicy
04-19 16:02:00.946 22421 22481 I SEMS:SupportedService_13.1.12: [][RxCachedThreadScheduler-2][ServerDomainPolicy] updateServerInterface: SocialServerDomainAddress  empty server domain
04-19 16:02:00.946 22421 22481 I SEMS:Common_13.1.12: [CommonLog][RxCachedThreadScheduler-2][DeviceUtils] isShipBinary :true
04-19 16:02:00.946 22421 22481 I SEMS:DataAdapter_13.1.12: [][RxCachedThreadScheduler-2][NetworkManager] removeAllSsfClient
04-19 16:02:00.947 22421 22481 I SEMS:SupportedService_13.1.12: [][RxCachedThreadScheduler-2][ServerDomainPolicy] updateServerInterface: ConsentServerDomainAddress  empty server domain
04-19 16:02:00.947 22421 22481 I SEMS:Common_13.1.12: [CommonLog][RxCachedThreadScheduler-2][DeviceUtils] isShipBinary :true
04-19 16:02:00.958 22421 22483 I SEMS:SupportedService_13.1.12: [][RxCachedThreadScheduler-3][SettingPolicy] updateSettingValues: {GlobalGroupSharingEos=1, CalendarCleanDuplicateInterval=null}
04-19 16:02:00.961 22421 22483 I SEMS:SupportedService_13.1.12: [][RxCachedThreadScheduler-3][SettingPolicy] updateSettingValues: Setting {GlobalGroupSharingEos=1, CalendarCleanDuplicateInterval=null}
04-19 16:02:00.970 22421 22484 E SEMS:Social_13.1.12: [BLog][RxComputationThreadPool-1][ConditionRepositoryImpl] checkLegacy error
04-19 16:02:00.971 22421 22483 I SEMS:SupportedService_13.1.12: [][RxCachedThreadScheduler-3][MobileServiceSupportedService] load success
04-19 16:02:00.971 22421 22421 I SEMS:Social_13.1.12: [SLog][main][DateTakenMigrationTask] start checkAndRequestMigration : true
04-19 16:02:00.972 22421 22480 I Policy_13.1.12: [RxCachedThreadScheduler-1][MobileServicePolicy] scheduleJob success : 86400000
04-19 16:02:00.973 22421 22421 I SEMS:Social_13.1.12: [SLog][main][LastModifierMigrationTask] start checkAndRequestMigration : true
04-19 16:02:00.973 22421 22421 I SEMS:Social_13.1.12: [ContactLog][main][MobileServiceContactHash] MobileServiceLocalContact init
04-19 16:02:00.973 22421 22484 I SEMS:Social_13.1.12: [BLog][RxComputationThreadPool-1][ContactObserver] schedule success
04-19 16:02:00.974 22421 22421 I SEMS:Social_13.1.12: [ContactLog][main][ContactHashObserverService] scheduleJob
04-19 16:02:00.975 22421 22484 I SEMS:Registration_13.1.12: [PushLog][RxComputationThreadPool-1][SmpManager] registerMessageCallback - 9
04-19 16:02:00.977 22421 22480 I Policy_13.1.12: [RxCachedThreadScheduler-1][GetPolicyJobService] polling job service was already scheduled (from:86400000 to:86400000)
04-19 16:02:00.977 22421 22480 I SEMS:SupportedService_13.1.12: [][RxCachedThreadScheduler-1][MobileServiceSupportedService] MobileServiceSocialPolicy init completed
04-19 16:02:00.978 22421 22421 I SEMS:Common_13.1.12: [CommonLog][main][DeviceUtils] isSamsungAccountSignedIn : true
04-19 16:02:00.980 22421 22421 I SEMS:Social_13.1.12: [ContactLog][main][ContactHashObserverService] scheduled: true
04-19 16:02:00.984 22421 22421 I SEMS:Social_13.1.12: [ContactLog][main][PreferenceSourceImpl] getContactLastUpdatedTime: 1681889210180
04-19 16:02:00.984 22421 22421 I SEMS:Social_13.1.12: [ContactLog][main][MobileServiceContactHash] MobileServiceContactHash init complete
04-19 16:02:00.984 22421 22421 I SEMS:Common_13.1.12: [CommonLog][main][PeriodicJobUtil] scheduleJob
04-19 16:02:00.985 22421 22421 I SEMS:Common_13.1.12: [CommonLog][main][PeriodicJobUtil] job service was already scheduled : 21600000
04-19 16:02:00.986 22421 22421 I SEMS:Social_13.1.12: [][main][MobileServiceSocialApplication] init start
04-19 16:02:00.991 22421 22421 I SEMS:Registration_13.1.12: [PushLog][main][SmpManager] registerMessageCallback - 7
04-19 16:02:00.991 22421 22421 I SEMS:Registration_13.1.12: [PushLog][main][SmpManager] registerMessageCallback - 8
04-19 16:02:00.991 22421 22421 I SEMS:Social_13.1.12: [SLog][main][ShareCommonAPI] init
04-19 16:02:01.001 22293 22293 D NetworkSecurityConfig: Using Network Security Config from resource network_security_config debugBuild: false
04-19 16:02:01.001 22421 22421 I SEMS:Registration_13.1.12: [PushLog][main][SmpManager] registerMessageCallback - 12
04-19 16:02:01.002 22421 22421 I SEMS:Social_13.1.12: [CLog][main][ObserverJobService] scheduleJob for calendar
04-19 16:02:01.003 22421 22421 I SEMS:Social_13.1.12: [CLog][main][ObserverJobService] scheduled: true
04-19 16:02:01.004 22421 22421 I SEMS:Social_13.1.12: [CLog][main][RecoveryJobService] scheduleJob
04-19 16:02:01.006 22421 22421 I SEMS:Social_13.1.12: [CLog][main][RecoveryJobService] scheduled: true
04-19 16:02:01.006  5628 11466 D PackageManager: setEnabledSetting : userId = 0 packageName = com.samsung.android.mobileservice cmp = androidx.work.impl.background.systemjob.SystemJobService newState = 1 callingPackage = 10107/com.samsung.android.mobileservice
04-19 16:02:01.006 22421 22421 I SEMS:Social_13.1.12: [CLog][main][PeriodJobService] scheduleJob
04-19 16:02:01.006 22421 22421 I SEMS:Common_13.1.12: [CommonLog][main][PeriodicJobUtil] registerJob : DeleteDuplicate
04-19 16:02:01.007 22421 22421 I Policy_13.1.12: [main][GetServicePolicyUseCase] getServicePolicy
04-19 16:02:01.007  5628 11466 D ApplicationPolicy: getApplicationStateEnabled : pkg = com.samsung.android.mobileservice userId : 0
04-19 16:02:01.008  5628 11466 D ApplicationPolicy: getApplicationComponentState : pkg = com.samsung.android.mobileservice userId : 0
04-19 16:02:01.011 22421 22421 I SEMS:Social_13.1.12: [GLog][main][InvitationLinkAppPolicy] start loadFromPolicy policy
04-19 16:02:01.011 22421 22421 I Policy_13.1.12: [main][GetServicePolicyUseCase] getServicePolicy
04-19 16:02:01.012 22421 22480 I Policy_13.1.12: [RxCachedThreadScheduler-1][MobileServicePolicy] getServicePolicy with serviceName success
04-19 16:02:01.017 22421 22481 I SEMS:Social_13.1.12: [BLog][RxCachedThreadScheduler-2][AccountBuddy] AccountBuddy init success
04-19 16:02:01.022 22421 22491 I SEMS:Social_13.1.12: [GLog][RxCachedThreadScheduler-4][InvitationLinkAppPolicy] doOnComplete {22n6hzkam0=SUPPORT_INVITATION_LINK, n9s985jz7n=SUPPORT_INVITATION_LINK, tivhn39mr9=SUPPORT_INVITATION_LINK_WITH_PERMISSION}
04-19 16:02:01.023 22421 22421 I SEMS:Social_13.1.12: [][main][MobileServiceSocialApplication] init end
04-19 16:02:01.023 22421 22421 I SEMS:Common_13.1.12: [CommonLog][main][DeviceUtils] isShipBinary :true
04-19 16:02:01.023 22421 22421 I SEMS:GroupUi: [GroupUi][main] [MobileServiceGroupUiApplication] init application
04-19 16:02:01.025 22421 22421 I Policy_13.1.12: [main][GetServicePolicyUseCase] getServicePolicy
04-19 16:02:01.029 22421 22421 I SEMS:Common_13.1.12: [CommonLog][main][CscUtil] getCountryCodeFromCSC : RU
04-19 16:02:01.029 22421 22421 I SEMS:Common_13.1.12: [CommonLog][main][CscUtil] isChinaCountryCode : false
04-19 16:02:01.029 22421 22421 I SEMS:Registration_13.1.12: [PushLog][main][SmpManager] setFirebaseAutoInitEnabled : setAutoInitEnabled = true
04-19 16:02:01.035 22421 22480 I Policy_13.1.12: [RxCachedThreadScheduler-1][MobileServicePolicy] getServicePolicy success
04-19 16:02:01.042 22421 22421 I SEMS:Common_13.1.12: [CommonLog][main][DeviceUtils] isSamsungAccountSignedIn : true
04-19 16:02:01.042 22421 22421 I SEMS:Common_13.1.12: [CommonLog][main][CommonPref] getBoolean - key : sa_reagree_state , value : false
04-19 16:02:01.043 22421 22421 I SEMS:Registration_13.1.12: [][main][CscChecker] MCC based : mcc = 220 / type = 0
04-19 16:02:01.043 22421 22421 I SEMS:Registration_13.1.12: [][main][CscChecker] MCC based : mcc = 220 / type = 0
04-19 16:02:01.043 22421 22421 I SEMS:Registration_13.1.12: [][main][CscChecker] MCC based : mcc = 220 / type = 0
04-19 16:02:01.043 22421 22421 I SEMS:Registration_13.1.12: [PushLog][main][SmpManager] init: request
04-19 16:02:01.044 22421 22421 I SmpLog  : [SMP] init. S:true P:FCM_PRIMARY_MODE A:a
04-19 16:02:01.088  5628  5714 W libprocessgroup: Failed to open /dev/blkio//cgroup.procs: No such file or directory
04-19 16:02:01.092  5628  5714 W libprocessgroup: Failed to open /dev/blkio//cgroup.procs: No such file or directory
04-19 16:02:01.093  5628  5714 W libprocessgroup: Failed to open /dev/blkio//cgroup.procs: No such file or directory
04-19 16:02:01.095  5628  5714 W libprocessgroup: Failed to open /dev/blkio//cgroup.procs: No such file or directory
04-19 16:02:01.133  6649  6797 D ConnectivityManager: StackLog: [android.net.ConnectivityManager.sendRequestForNetwork(ConnectivityManager.java:4191)] [android.net.ConnectivityManager.registerDefaultNetworkCallbackForUid(ConnectivityManager.java:4755)] [android.net.ConnectivityManager.registerDefaultNetworkCallback(ConnectivityManager.java:4722)] [android.net.ConnectivityManager.registerDefaultNetworkCallback(ConnectivityManager.java:4696)] [androidx.work.impl.utils.NetworkApi24.registerDefaultNetworkCallbackCompat(Unknown Source:10)] [androidx.work.impl.constraints.trackers.NetworkStateTracker24.startTracking(Unknown Source:15)] [androidx.work.impl.constraints.controllers.ConstraintController.replace(Unknown Source:130)] [androidx.work.impl.constraints.WorkConstraintsTrackerImpl.replace(Unknown Source:41)] [androidx.work.impl.background.greedy.GreedyScheduler.schedule(Unknown Source:300)] [androidx.work.impl.Schedulers.schedule(Unknown Source:149)] [androidx.work.impl.utils.EnqueueRunnable.run(Unknown Source:53)] [androidx.work.Worker$2.run$androidx$work$impl$utils$SerialExecutorImpl$Task(Unknown Source:4)] [androidx.work.Worker$2.run(Unknown Source:868)] [java.util.concurrent.ThreadPoolExecutor.runWorker(ThreadPoolExecutor.java:1137)] [java.util.concurrent.ThreadPoolExecutor$Worker.run(ThreadPoolExecutor.java:637)] [java.lang.Thread.run(Thread.java:1012)]
04-19 16:02:01.141  5628  5714 W libprocessgroup: Failed to open /dev/blkio//cgroup.procs: No such file or directory
04-19 16:02:01.149  5628 11466 D ConnectivityService: requestNetwork for uid/pid:10329/6649 activeRequest: null callbackRequest: 28031 [NetworkRequest [ REQUEST id=28032, [ Capabilities: INTERNET&NOT_RESTRICTED&TRUSTED&NOT_VCN_MANAGED Uid: 10329 RequestorUid: 10329 RequestorPkg: com.Slack UnderlyingNetworks: Null] ]] callback flags: 0 order: 2147483647
04-19 16:02:01.149  5628  8367 D ConnectivityService:    accepting network in place of null
04-19 16:02:01.151  5628  8356 D WifiNetworkFactory: got request NetworkRequest [ REQUEST id=28032, [ Capabilities: INTERNET&NOT_RESTRICTED&TRUSTED&NOT_VCN_MANAGED Uid: 10329 RequestorUid: 10329 RequestorPkg: com.Slack UnderlyingNetworks: Null] ]
04-19 16:02:01.153  5628  8356 D UntrustedWifiNetworkFactory: got request NetworkRequest [ REQUEST id=28032, [ Capabilities: INTERNET&NOT_RESTRICTED&TRUSTED&NOT_VCN_MANAGED Uid: 10329 RequestorUid: 10329 RequestorPkg: com.Slack UnderlyingNetworks: Null] ]
04-19 16:02:01.153  5628  8356 D OemPaidWifiNetworkFactory: got request NetworkRequest [ REQUEST id=28032, [ Capabilities: INTERNET&NOT_RESTRICTED&TRUSTED&NOT_VCN_MANAGED Uid: 10329 RequestorUid: 10329 RequestorPkg: com.Slack UnderlyingNetworks: Null] ]
04-19 16:02:01.153  5628  8356 D MultiInternetWifiNetworkFactory: got request NetworkRequest [ REQUEST id=28032, [ Capabilities: INTERNET&NOT_RESTRICTED&TRUSTED&NOT_VCN_MANAGED Uid: 10329 RequestorUid: 10329 RequestorPkg: com.Slack UnderlyingNetworks: Null] ]
04-19 16:02:01.154  5628  8367 D ConnectivityService: Rematched networks [computed 0ms] [applied 1ms] [issued 4]
04-19 16:02:01.154  5628  8367 D ConnectivityService: NetworkReassignment :
04-19 16:02:01.154  5628  8367 D ConnectivityService:   28032 : null → 128
04-19 16:02:01.249 22293 22293 I cr_ChildProcessService: Creating new ChildProcessService pid=22293
04-19 16:02:01.275  5628 11466 D LocationManagerService: passive provider removed registration from 10222/ru.yandex.searchplugin/A8149125
04-19 16:02:01.275  5628 11466 D LocationManagerService: passive provider added registration from 10222/ru.yandex.searchplugin/A8149125 -> Request[PASSIVE, minUpdateInterval=+1s0ms, WorkSource{10222 ru.yandex.searchplugin}]
04-19 16:02:01.277  9284  9353 E RequestManager_FLP: [LocationManager] Location remove A8149125 from ru.yandex.searchplugin
04-19 16:02:01.277  9284  9353 W LocationRequestData_FLP: Not registered using location provider, A8149125
04-19 16:02:01.279  9284  9353 E RequestManager_FLP: [LocationManager] Location request (NOT STARTED) A8149125(Listener) passive (min=1000ms) from ru.yandex.searchplugin (10222_FINE_perceptible_false_background)
04-19 16:02:01.279 22093 22185 D [GplLibraryWrapper]: updateLastKnownLocation
04-19 16:02:01.324  5224  5224 E audit   : type=1400 audit(1681912921.317:103217): avc:  denied  { getattr } for  pid=5628 comm="BinderProcsColl" path="/sys/kernel/debug/binder/proc/5628" dev="debugfs" ino=25430 scontext=u:r:system_server:s0 tcontext=u:object_r:sec_debugfs:s0 tclass=file permissive=0 SEPF_SM-A515F_13_0001 audit_filtered
04-19 16:02:01.340  5224  5224 E audit   : type=1300 audit(1681912921.317:103217): arch=c00000b7 syscall=79 success=no exit=-13 a0=ffffff9c a1=7d11d993f0 a2=7cae61a680 a3=0 items=0 ppid=5250 pid=5628 auid=4294967295 uid=1000 gid=1000 euid=1000 suid=1000 fsuid=1000 egid=1000 sgid=1000 fsgid=1000 tty=(none) ses=4294967295 comm="BinderProcsColl" exe="/system/bin/app_process64" subj=u:r:system_server:s0 key=(null)
04-19 16:02:01.340  5224  5224 E audit   : type=1327 audit(1681912921.317:103217): proctitle="system_server"
04-19 16:02:01.364 30407 30407 I ResourceOverlayService_0: waitAndQuit called
04-19 16:02:01.365 30407 30407 I ResourceOverlayService_0: activity user id 0 process id 0
04-19 16:02:01.572 22061 22103 W browser:Metrica: Long monitor contention with owner YMM-DW-21 (22486) at void com.yandex.metrica.impl.ob.la$a.run()(SourceFile:28) waiters=0 in java.lang.Object com.yandex.metrica.impl.ob.la.c(java.lang.String) for 454ms
04-19 16:02:01.610 22061 22137 D TrafficStats: tagSocket(120) with statsTag=0xffffffff, statsUid=-1
04-19 16:02:01.610  5628  8457 D NetdEventListenerService: DNS Requested by : 128, 10271
04-19 16:02:01.619 22421 22494 I SmpLog  : [SMP] Test mode: false, v:3.3.1.1, com.samsung.android.mobileservice
04-19 16:02:01.621  6649  6649 D ConnectivityManager: StackLog: [android.net.ConnectivityManager.unregisterNetworkCallback(ConnectivityManager.java:4863)] [androidx.work.impl.utils.NetworkApi21.unregisterNetworkCallbackCompat(Unknown Source:10)] [androidx.work.impl.constraints.trackers.NetworkStateTracker24.stopTracking(Unknown Source:15)] [androidx.work.impl.constraints.trackers.ConstraintTracker.removeListener(Unknown Source:24)] [androidx.work.impl.constraints.controllers.ConstraintController.replace(Unknown Source:81)] [androidx.work.impl.constraints.WorkConstraintsTrackerImpl.replace(Unknown Source:41)] [androidx.work.impl.background.greedy.GreedyScheduler.onExecuted(Unknown Source:55)] [androidx.work.impl.Processor.onExecuted(Unknown Source:59)] [com.bugsnag.android.DeliveryDelegate$1.run(Unknown Source:212)]
04-19 16:02:01.623  5628  8367 D ConnectivityService:  Removing from current network [128 WIFI], leaving 166 requests.
04-19 16:02:01.662  5628  5714 W libprocessgroup: Failed to open /dev/blkio//cgroup.procs: No such file or directory
04-19 16:02:01.674 22421 22494 I SmpLog  : [SMP] ptype:fcm, token:...vu (152), D:null, U:null, S:false, M:null, P:FCM_PRIMARY_MODE
04-19 16:02:01.678 22421 22421 I SEMS:Social_13.1.12: [CLog][main][RecoveryJobService] onStartJob
04-19 16:02:01.697 21928 21928 W chromium: [WARNING:collections_blacklist_service.cc(115)] Config collections_blacklist ignored: blacklist_video_url_patterns key not found.
04-19 16:02:01.698 21928 21928 W chromium: [WARNING:collections_blacklist_service.cc(115)] Config collections_blacklist ignored: whitelist_video_url_patterns key not found.
04-19 16:02:01.698 21928 21928 W chromium: [WARNING:collections_blacklist_service.cc(184)] Config collections_blacklist ignored: blacklist_image_urls key not found.
04-19 16:02:01.727 22421 22480 I SEMS:SupportedService_13.1.12: [][RxCachedThreadScheduler-1][DclDataManager] loadDclProfile finished
04-19 16:02:01.867 22421 22494 I SmpLog  : [SMP] SEND BR : smp init success
04-19 16:02:01.963  5628 11446 I WifiService: startScan uid=10271
04-19 16:02:01.967 22421 22421 I SEMS:Common_13.1.12: [CommonUILog][main][PermissionManager] requestPermissionSocial return true
04-19 16:02:01.967  5628 11446 W WifiService: Permission violation - startScan not allowed for uid=10271, packageName=com.yandex.browser, reason=java.lang.SecurityException: UID 10271 has no location permission
04-19 16:02:01.970  5628  9255 W WifiService: Permission violation - getScanResults not allowed for uid=10271, packageName=com.yandex.browser, reason=java.lang.SecurityException: UID 10271 has no location permission
04-19 16:02:02.062 22317 22317 W ziparchive: Unable to open '/data/app/~~LOuKj_UdFDjKkqpP0fMb8Q==/ru.yandex.searchplugin-kUw0XWvAje0zJ7jy7WKjdw==/split_config.en.dm': No such file or directory
04-19 16:02:02.062 22317 22317 W ziparchive: Unable to open '/data/app/~~LOuKj_UdFDjKkqpP0fMb8Q==/ru.yandex.searchplugin-kUw0XWvAje0zJ7jy7WKjdw==/split_config.en.dm': No such file or directory
04-19 16:02:02.064 22317 22317 W ileged_process0: Entry not found
04-19 16:02:02.212 22061 22071 W System  : A resource failed to call close.
04-19 16:02:02.266 21928 21928 D ConnectivityManager: StackLog: [android.net.ConnectivityManager.sendRequestForNetwork(ConnectivityManager.java:4191)] [android.net.ConnectivityManager.registerDefaultNetworkCallbackForUid(ConnectivityManager.java:4755)] [android.net.ConnectivityManager.registerDefaultNetworkCallback(ConnectivityManager.java:4722)] [jf1.a(Unknown Source:0)] [sf1.k(Unknown Source:0)] [org.chromium.net.NetworkChangeNotifierAutoDetect$RegistrationPolicy.d(SourceFile:43)] [org.chromium.net.c.c(SourceFile:3)] [org.chromium.net.NetworkChangeNotifierAutoDetect.<init>(SourceFile:105)] [org.chromium.content.browser.BackgroundSyncNetworkObserver.createObserver(SourceFile:61)]
04-19 16:02:02.269  5628 11446 D ConnectivityService: requestNetwork for uid/pid:10271/21928 activeRequest: null callbackRequest: 28033 [NetworkRequest [ REQUEST id=28034, [ Capabilities: INTERNET&NOT_RESTRICTED&TRUSTED&NOT_VCN_MANAGED Uid: 10271 RequestorUid: 10271 RequestorPkg: com.yandex.browser UnderlyingNetworks: Null] ]] callback flags: 0 order: 2147483647
04-19 16:02:02.270  5628  8367 D ConnectivityService:    accepting network in place of null
04-19 16:02:02.272  5628  8356 D WifiNetworkFactory: got request NetworkRequest [ REQUEST id=28034, [ Capabilities: INTERNET&NOT_RESTRICTED&TRUSTED&NOT_VCN_MANAGED Uid: 10271 RequestorUid: 10271 RequestorPkg: com.yandex.browser UnderlyingNetworks: Null] ]
04-19 16:02:02.272  5628  8356 D UntrustedWifiNetworkFactory: got request NetworkRequest [ REQUEST id=28034, [ Capabilities: INTERNET&NOT_RESTRICTED&TRUSTED&NOT_VCN_MANAGED Uid: 10271 RequestorUid: 10271 RequestorPkg: com.yandex.browser UnderlyingNetworks: Null] ]
04-19 16:02:02.272  5628  8356 D OemPaidWifiNetworkFactory: got request NetworkRequest [ REQUEST id=28034, [ Capabilities: INTERNET&NOT_RESTRICTED&TRUSTED&NOT_VCN_MANAGED Uid: 10271 RequestorUid: 10271 RequestorPkg: com.yandex.browser UnderlyingNetworks: Null] ]
04-19 16:02:02.273  5628  8356 D MultiInternetWifiNetworkFactory: got request NetworkRequest [ REQUEST id=28034, [ Capabilities: INTERNET&NOT_RESTRICTED&TRUSTED&NOT_VCN_MANAGED Uid: 10271 RequestorUid: 10271 RequestorPkg: com.yandex.browser UnderlyingNetworks: Null] ]
04-19 16:02:02.274  5628  8367 D ConnectivityService: Rematched networks [computed 1ms] [applied 1ms] [issued 2]
04-19 16:02:02.274  5628  8367 D ConnectivityService: NetworkReassignment :
04-19 16:02:02.274  5628  8367 D ConnectivityService:   28034 : null → 128
04-19 16:02:02.294 21928 21928 D ConnectivityManager: StackLog: [android.net.ConnectivityManager.sendRequestForNetwork(ConnectivityManager.java:4191)] [android.net.ConnectivityManager.sendRequestForNetwork(ConnectivityManager.java:4233)] [android.net.ConnectivityManager.registerNetworkCallback(ConnectivityManager.java:4615)] [lf1.a(Unknown Source:0)] [sf1.l(Unknown Source:0)] [org.chromium.net.NetworkChangeNotifierAutoDetect$RegistrationPolicy.d(SourceFile:125)] [org.chromium.net.c.c(SourceFile:3)] [org.chromium.net.NetworkChangeNotifierAutoDetect.<init>(SourceFile:105)] [org.chromium.content.browser.BackgroundSyncNetworkObserver.createObserver(SourceFile:61)]
04-19 16:02:02.301  5628  8367 D ConnectivityService: Rematched networks [computed 0ms] [applied 1ms] [issued 3]
04-19 16:02:02.301  5628  8367 D ConnectivityService: NetworkReassignment : no changes
04-19 16:02:02.368 30407 30407 I ResourceOverlayService_0: waitAndQuit called
04-19 16:02:02.370 30407 30407 I ResourceOverlayService_0: activity user id 0 process id 0
04-19 16:02:02.386 22317 22317 W ziparchive: Unable to open '/data/app/~~LOuKj_UdFDjKkqpP0fMb8Q==/ru.yandex.searchplugin-kUw0XWvAje0zJ7jy7WKjdw==/split_config.ru.dm': No such file or directory
04-19 16:02:02.387 22317 22317 W ziparchive: Unable to open '/data/app/~~LOuKj_UdFDjKkqpP0fMb8Q==/ru.yandex.searchplugin-kUw0XWvAje0zJ7jy7WKjdw==/split_config.ru.dm': No such file or directory
04-19 16:02:02.476 22317 22317 W ileged_process0: Entry not found
04-19 16:02:02.479 22293 22502 I cr_LibraryLoader: Loading yandexbrowser from within /data/app/~~QTWB6isqf8WWJRN0FBDCXQ==/com.yandex.browser-1nTDn5x7mYtcLjoDb88MPg==/base.apk
04-19 16:02:02.480 22293 22502 I cr_Linker: loadLibraryImplLocked: yandexbrowser, relroMode=2
04-19 16:02:02.480 22061 22103 I AppMetrica-Attribution: Choosing distribution data: ClidsInfo(chosen=Candidate(clids={clid10=2263180, clid21=2251107, clid4=2066560, clid7=2041723, clid6=2041722, clid1=2041720, clid1010=2263185, clid1003=2315897, clid1002=2268488}, source=APP), candidates=[Candidate(clids={clid10=2263180, clid21=2251107, clid4=2066560, clid7=2041723, clid6=2041722, clid1=2041720, clid1010=2263185, clid1003=2315897, clid1002=2268488}, source=APP)])
04-19 16:02:02.489  8513  8513 W TouchableRegionManager: onHeadsUpPinnedModeChanged
04-19 16:02:02.498 22061 22103 I AppMetrica-Attribution: Choosing distribution data: ClidsInfo(chosen=Candidate(clids={clid10=2263180, clid21=2251107, clid4=2066560, clid7=2041723, clid6=2041722, clid1=2041720, clid1010=2263185, clid1003=2315897, clid1002=2268488}, source=APP), candidates=[Candidate(clids={clid10=2263180, clid21=2251107, clid4=2066560, clid7=2041723, clid6=2041722, clid1=2041720, clid1010=2263185, clid1003=2315897, clid1002=2268488}, source=APP)])
04-19 16:02:02.510  8513  8513 W NotificationEntryMgr: While running New Pipeline: updateNotifications(reason=onHeadsUpStateChanged)
04-19 16:02:02.523  8513  8513 D PluginInstanceManager: stopListening
04-19 16:02:02.524  8513  8513 D PluginInstanceManager: stopListening
04-19 16:02:02.524  8513  8513 D PluginInstanceManager: stopListening
04-19 16:02:02.526  8513  8513 D PluginInstanceManager: startListening
04-19 16:02:02.526  8513  8613 D PluginInstanceManager: queryAll com.android.systemui.action.PLUGIN_NOTIFICATION_MENU_ROW
04-19 16:02:02.527  8513  8613 D PluginInstanceManager: Found 0 plugins
04-19 16:02:02.528  8513  8513 D PluginInstanceManager: startListening
04-19 16:02:02.528  8513  8613 D PluginInstanceManager: queryAll com.android.systemui.action.PLUGIN_NOTIFICATION_MENU_ROW
04-19 16:02:02.528  8513  8613 D PluginInstanceManager: Found 0 plugins
04-19 16:02:02.530  8513  8513 D PluginInstanceManager: startListening
04-19 16:02:02.531  8513  8613 D PluginInstanceManager: queryAll com.android.systemui.action.PLUGIN_NOTIFICATION_MENU_ROW
04-19 16:02:02.531  8513  8613 D PluginInstanceManager: Found 0 plugins
04-19 16:02:02.533 22061 22103 I AppMetrica-Attribution: Choosing distribution data: ClidsInfo(chosen=Candidate(clids={clid10=2263180, clid21=2251107, clid4=2066560, clid7=2041723, clid6=2041722, clid1=2041720, clid1010=2263185, clid1003=2315897, clid1002=2268488}, source=APP), candidates=[Candidate(clids={clid10=2263180, clid21=2251107, clid4=2066560, clid7=2041723, clid6=2041722, clid1=2041720, clid1010=2263185, clid1003=2315897, clid1002=2268488}, source=APP)])
04-19 16:02:02.537  8513  8513 D PluginInstanceManager: stopListening
04-19 16:02:02.541  8513  8513 D PluginInstanceManager: stopListening
04-19 16:02:02.542  8513  8513 D PluginInstanceManager: stopListening
04-19 16:02:02.544  8513  8513 D PluginInstanceManager: startListening
04-19 16:02:02.545  8513  8613 D PluginInstanceManager: queryAll com.android.systemui.action.PLUGIN_NOTIFICATION_MENU_ROW
04-19 16:02:02.547  8513  8613 D PluginInstanceManager: Found 0 plugins
04-19 16:02:02.550  8513  8513 D PluginInstanceManager: startListening
04-19 16:02:02.550  8513  8613 D PluginInstanceManager: queryAll com.android.systemui.action.PLUGIN_NOTIFICATION_MENU_ROW
04-19 16:02:02.551  8513  8613 D PluginInstanceManager: Found 0 plugins
04-19 16:02:02.553  8513  8513 D PluginInstanceManager: startListening
04-19 16:02:02.553  8513  8613 D PluginInstanceManager: queryAll com.android.systemui.action.PLUGIN_NOTIFICATION_MENU_ROW
04-19 16:02:02.555  8513  8613 D PluginInstanceManager: Found 0 plugins
04-19 16:02:02.560  8513  8513 D PluginInstanceManager: stopListening
04-19 16:02:02.560  8513  8513 D PluginInstanceManager: startListening
04-19 16:02:02.561  8513  8613 D PluginInstanceManager: queryAll com.android.systemui.action.PLUGIN_NOTIFICATION_MENU_ROW
04-19 16:02:02.561  8513  8613 D PluginInstanceManager: Found 0 plugins
04-19 16:02:02.565 22061 22103 I AppMetrica-Attribution: Choosing distribution data: ClidsInfo(chosen=Candidate(clids={clid10=2263180, clid21=2251107, clid4=2066560, clid7=2041723, clid6=2041722, clid1=2041720, clid1010=2263185, clid1003=2315897, clid1002=2268488}, source=APP), candidates=[Candidate(clids={clid10=2263180, clid21=2251107, clid4=2066560, clid7=2041723, clid6=2041722, clid1=2041720, clid1010=2263185, clid1003=2315897, clid1002=2268488}, source=APP)])
04-19 16:02:02.581  8513  8513 I FaceWidgetPositionAlgorithm: getClockContainerHeight() supplier = 270, bottom margin = 0, real height = 333
04-19 16:02:02.581  8513  8513 I FaceWidgetPositionAlgorithm: getClockContainerHeight() supplier = 270, bottom margin = 63, real height = 333
04-19 16:02:02.581  8513  8513 I FaceWidgetPositionAlgorithm: getMediaContainerHeight() height = 0 container Visibility = 8, isValid = false, mIsDozing = false, fraction = 1.0, source = 0, target = 0
04-19 16:02:02.581  8513  8513 I FaceWidgetPositionAlgorithm: getMediaContainerHeight() supplier = 0
04-19 16:02:02.584 22061 22103 I AppMetrica-Attribution: Choosing distribution data: ClidsInfo(chosen=Candidate(clids={clid10=2263180, clid21=2251107, clid4=2066560, clid7=2041723, clid6=2041722, clid1=2041720, clid1010=2263185, clid1003=2315897, clid1002=2268488}, source=APP), candidates=[Candidate(clids={clid10=2263180, clid21=2251107, clid4=2066560, clid7=2041723, clid6=2041722, clid1=2041720, clid1010=2263185, clid1003=2315897, clid1002=2268488}, source=APP)])
04-19 16:02:02.605 22317 22317 W ziparchive: Unable to open '/data/app/~~LOuKj_UdFDjKkqpP0fMb8Q==/ru.yandex.searchplugin-kUw0XWvAje0zJ7jy7WKjdw==/split_config.xxhdpi.dm': No such file or directory
04-19 16:02:02.605 22317 22317 W ziparchive: Unable to open '/data/app/~~LOuKj_UdFDjKkqpP0fMb8Q==/ru.yandex.searchplugin-kUw0XWvAje0zJ7jy7WKjdw==/split_config.xxhdpi.dm': No such file or directory
04-19 16:02:02.620  8513  8513 D PluginAODManager: onNotificationInfoUpdated() 0
04-19 16:02:02.623  8513  8513 I AODNotificationManager: updateVisibleNotifications: 0
04-19 16:02:02.623  8513  8513 I a       : updateStatusBarNotifications: open
04-19 16:02:02.623  8513  8513 I a       : updateStatusBarNotifications: open
04-19 16:02:02.674  8513  8513 I FaceWidgetPositionAlgorithm: getClockContainerHeight() supplier = 270, bottom margin = 0, real height = 333
04-19 16:02:02.674  8513  8513 I FaceWidgetPositionAlgorithm: getClockContainerHeight() supplier = 270, bottom margin = 63, real height = 333
04-19 16:02:02.675  8513  8513 I FaceWidgetPositionAlgorithm: getMediaContainerHeight() height = 0 container Visibility = 8, isValid = false, mIsDozing = false, fraction = 1.0, source = 0, target = 0
04-19 16:02:02.675  8513  8513 I FaceWidgetPositionAlgorithm: getMediaContainerHeight() supplier = 0
04-19 16:02:02.682 22317 22317 W ileged_process0: Entry not found
04-19 16:02:02.686 22317 22317 D nativeloader: Configuring classloader-namespace for other apk /data/app/~~LOuKj_UdFDjKkqpP0fMb8Q==/ru.yandex.searchplugin-kUw0XWvAje0zJ7jy7WKjdw==/base.apk:/data/app/~~LOuKj_UdFDjKkqpP0fMb8Q==/ru.yandex.searchplugin-kUw0XWvAje0zJ7jy7WKjdw==/split_config.en.apk:/data/app/~~LOuKj_UdFDjKkqpP0fMb8Q==/ru.yandex.searchplugin-kUw0XWvAje0zJ7jy7WKjdw==/split_config.ru.apk:/data/app/~~LOuKj_UdFDjKkqpP0fMb8Q==/ru.yandex.searchplugin-kUw0XWvAje0zJ7jy7WKjdw==/split_config.xxhdpi.apk. target_sdk_version=33, uses_libraries=, library_path=/data/app/~~LOuKj_UdFDjKkqpP0fMb8Q==/ru.yandex.searchplugin-kUw0XWvAje0zJ7jy7WKjdw==/lib/arm64:/data/app/~~LOuKj_UdFDjKkqpP0fMb8Q==/ru.yandex.searchplugin-kUw0XWvAje0zJ7jy7WKjdw==/base.apk!/lib/arm64-v8a:/data/app/~~LOuKj_UdFDjKkqpP0fMb8Q==/ru.yandex.searchplugin-kUw0XWvAje0zJ7jy7WKjdw==/split_config.en.apk!/lib/arm64-v8a:/data/app/~~LOuKj_UdFDjKkqpP0fMb8Q==/ru.yandex.searchplugin-kUw0XWvAje0zJ7jy7WKjdw==/split_config.ru.apk!/lib/arm64-v8a:/data/app/~~LOuKj_UdFDjKkqpP0fMb8Q==/ru.yandex.searchplugin-kUw0
04-19 16:02:02.761 22421 22421 I SEMS:Social_13.1.12: [CLog][main][PreferenceDataRepository] getRecoveryVersion: 4, default: 1
04-19 16:02:02.786 22229 22538 D CompatibilityChangeReporter: Compat change id reported: 183155436; UID 10222; state: ENABLED
04-19 16:02:02.801 22317 22317 W ileged_process0: JIT profile information will not be recorded: profile file does not exist.
04-19 16:02:02.801 22317 22317 W ileged_process0: JIT profile information will not be recorded: profile file does not exist.
04-19 16:02:02.802 22317 22317 W ileged_process0: JIT profile information will not be recorded: profile file does not exist.
04-19 16:02:02.822 22229 22538 I AppMetrica: Initializing of Metrica, Release type, Version 5.3.2, API Level 106, Dated 23.03.2023.
04-19 16:02:02.881 22093 22154 I AppMetrica-Attribution: Choosing distribution data: ClidsInfo(chosen=Candidate(clids={clid24=2305182, clid1=2207450, clid1010=2295103, clid2023=2395783, clid1003=2207452, clid1004=2207453, clid1002=2207451}, source=APP), candidates=[Candidate(clids={clid24=2305182, clid1=2207450, clid1010=2295103, clid2023=2395783, clid1003=2207452, clid1004=2207453, clid1002=2207451}, source=APP)])
04-19 16:02:02.941  5628 11466 D LocationManagerService: passive provider removed registration from 10222/ru.yandex.searchplugin/A8149125
04-19 16:02:02.941  5628 11466 D LocationManagerService: passive provider added registration from 10222/ru.yandex.searchplugin/A8149125 -> Request[PASSIVE, minUpdateInterval=+1s0ms, WorkSource{10222 ru.yandex.searchplugin}]
04-19 16:02:02.943  9284  9353 E RequestManager_FLP: [LocationManager] Location remove A8149125 from ru.yandex.searchplugin
04-19 16:02:02.943 22093 22185 D [GplLibraryWrapper]: updateLastKnownLocation
04-19 16:02:02.944  9284  9353 W LocationRequestData_FLP: Not registered using location provider, A8149125
04-19 16:02:02.945  9284  9353 E RequestManager_FLP: [LocationManager] Location request (NOT STARTED) A8149125(Listener) passive (min=1000ms) from ru.yandex.searchplugin (10222_FINE_perceptible_false_background)
04-19 16:02:03.014  8513  8513 D PanelView: shouldPanelBeVisible false / headUpVisible=false, why=0
04-19 16:02:03.019  8513  8513 D KeyguardVisible: go panelState: OPENING -> CLOSED tracking=false, expanded=true, fraction=0.0
04-19 16:02:03.019  8513  8513 D KeyguardVisible: go panelState: CLOSED -> CLOSED tracking=false, expanded=false, fraction=0.0
04-19 16:02:03.048  8513  8513 I ViewRootImpl@93ed0f[NotificationShade]: performTraversals params={(0,0)(fillxfill) gr=TOP CENTER_VERTICAL sim={adjust=resize} layoutInDisplayCutoutMode=always ty=NOTIFICATION_SHADE fmt=TRANSLUCENT
04-19 16:02:03.048  8513  8513 I ViewRootImpl@93ed0f[NotificationShade]:   fl=81840048
04-19 16:02:03.048  8513  8513 I ViewRootImpl@93ed0f[NotificationShade]:   pfl=1a000000
04-19 16:02:03.048  8513  8513 I ViewRootImpl@93ed0f[NotificationShade]:   bhv=SHOW_TRANSIENT_BARS_BY_SWIPE naviIconColor=0
04-19 16:02:03.048  8513  8513 I ViewRootImpl@93ed0f[NotificationShade]:   sfl=60000}
04-19 16:02:03.049  8513  8513 I ViewRootImpl@93ed0f[NotificationShade]: performTraversals mFirst=false windowShouldResize=false viewVisibilityChanged=false mForceNextWindowRelayout=false params={(0,0)(fillxfill) gr=TOP CENTER_VERTICAL sim={adjust=resize} layoutInDisplayCutoutMode=always ty=NOTIFICATION_SHADE fmt=TRANSLUCENT
04-19 16:02:03.049  8513  8513 I ViewRootImpl@93ed0f[NotificationShade]:   fl=81840048
04-19 16:02:03.049  8513  8513 I ViewRootImpl@93ed0f[NotificationShade]:   pfl=1a000000
04-19 16:02:03.049  8513  8513 I ViewRootImpl@93ed0f[NotificationShade]:   bhv=SHOW_TRANSIENT_BARS_BY_SWIPE naviIconColor=0
04-19 16:02:03.049  8513  8513 I ViewRootImpl@93ed0f[NotificationShade]:   sfl=60000}
04-19 16:02:03.050  5628  9255 V WindowManager: Relayout Window{298c8e7 u0 NotificationShade}: viewVisibility=0 req=1080x2400 d0
04-19 16:02:03.054  5628  9255 V WindowManager: Relayout hash=298c8e7, pid=8513, syncId=-1: mAttrs={(0,0)(fillxfill) gr=TOP CENTER_VERTICAL sim={adjust=resize} layoutInDisplayCutoutMode=always ty=NOTIFICATION_SHADE fmt=TRANSLUCENT
04-19 16:02:03.054  5628  9255 V WindowManager:   fl=81840048
04-19 16:02:03.054  5628  9255 V WindowManager:   pfl=1a000000
04-19 16:02:03.054  5628  9255 V WindowManager:   bhv=SHOW_TRANSIENT_BARS_BY_SWIPE naviIconColor=0
04-19 16:02:03.054  5628  9255 V WindowManager:   sfl=60000}
04-19 16:02:03.055  8513  8513 I ViewRootImpl@93ed0f[NotificationShade]: updateBlastSurfaceIfNeeded mBlastBufferQueue=0x7d20a4bd00 isSameSurfaceControl=true
04-19 16:02:03.056  8513  8513 I BLASTBufferQueue: update, w= 1080 h= 2400 mName = ViewRootImpl@93ed0f[NotificationShade] mNativeObject= 0x7d20a4bd00 sc.mNativeObject= 0x7c9f1c7440 format= -3 caller= android.view.ViewRootImpl.updateBlastSurfaceIfNeeded:2898 android.view.ViewRootImpl.relayoutWindow:9847 android.view.ViewRootImpl.performTraversals:3884 android.view.ViewRootImpl.doTraversal:3116 android.view.ViewRootImpl$TraversalRunnable.run:10885 android.view.Choreographer$CallbackRecord.run:1301
04-19 16:02:03.056  8513  8513 I ViewRootImpl@93ed0f[NotificationShade]: Relayout returned: old=(0,0,1080,2400) new=(0,0,1080,2400) req=(1080,2400)0 dur=6 res=0x0 s={true 0x7cd3719800} ch=false seqId=8
04-19 16:02:03.057  8513  8513 I FaceWidgetPositionAlgorithm: getClockContainerHeight() supplier = 270, bottom margin = 0, real height = 333
04-19 16:02:03.057  8513  8513 I FaceWidgetPositionAlgorithm: getClockContainerHeight() supplier = 270, bottom margin = 63, real height = 333
04-19 16:02:03.057  8513  8513 I FaceWidgetPositionAlgorithm: getMediaContainerHeight() height = 0 container Visibility = 8, isValid = false, mIsDozing = false, fraction = 1.0, source = 0, target = 0
04-19 16:02:03.057  8513  8513 I FaceWidgetPositionAlgorithm: getMediaContainerHeight() supplier = 0
04-19 16:02:03.073  8513  8513 D SecPanelLogger: makeExpandedInvisible() mExpandedVisible:true shouldBlockPanelCollapsing:false mNotificationShadeWindowView==null?false
04-19 16:02:03.074  8513  8513 D KeyguardSecAffordanceView: reset right:false
04-19 16:02:03.075  8513  8513 D KeyguardSecAffordanceView: reset right:true
04-19 16:02:03.078  8513  8513 V SecQsTransitionAnimator: restorePanelView
04-19 16:02:03.078  8513  8513 D MultiSIMPreferredSlotBar: setExpanded : false mShowing : true
04-19 16:02:03.078  8513  8513 D MultiSIMController: unRegisterSimCardManagerCallback : mSimCardManagerService is null
04-19 16:02:03.078  8513  8513 V SecQsTransitionAnimator: restorePanelView
04-19 16:02:03.078  8513  8513 D MultiSIMPreferredSlotBar: setExpanded : false mShowing : true
04-19 16:02:03.078  8513  8513 D MultiSIMController: unRegisterSimCardManagerCallback : mSimCardManagerService is null
04-19 16:02:03.079  8513  8513 D MultiSIMPreferredSlotBar: setExpanded : false mShowing : true
04-19 16:02:03.079  8513  8513 D MultiSIMController: unRegisterSimCardManagerCallback : mSimCardManagerService is null
04-19 16:02:03.080  8513  8513 D KeyguardTouchAnimator: reset unlockExecuted=false
04-19 16:02:03.080  8513  8513 D KeyguardEditModeAnimatorController: reset false
04-19 16:02:03.080  8513  8513 D KeyguardEditModeAnimatorController: long pressed false
04-19 16:02:03.080  8513  8513 D KeyguardEditModeAnimatorController: resetViews
04-19 16:02:03.081  8513  8513 D KeyguardEditModeController: cancel() true
04-19 16:02:03.081  8513  8513 D KeyguardTouchAnimator: resetChildViewVI(): false
04-19 16:02:03.081  8513  8513 D KeyguardTouchDymLockInjector: resetDynamicLock mIsDynamicLockEnabled: false
04-19 16:02:03.084  8513  8513 D KeyguardVisible: isExpanded: true -> false
04-19 16:02:03.084  8513  8513 D KeyguardVisible: Window state diff only {
04-19 16:02:03.084  8513  8513 D KeyguardVisible:   mNotificationShadeFocusable: true -> false
04-19 16:02:03.084  8513  8513 D KeyguardVisible:   mPanelVisible: true -> false
04-19 16:02:03.084  8513  8513 D KeyguardVisible: }
04-19 16:02:03.094  5445  5445 I CameraService: onUidStateChanged: uid=10054, procState is changed. (1 -> 0)
04-19 16:02:03.094  5628  5714 W libprocessgroup: Failed to open /dev/blkio//cgroup.procs: No such file or directory
04-19 16:02:03.096  8513  8513 D CentralSurfaces: Received new disable state: enaihbcrsokt.qingr (unchanged)
04-19 16:02:03.098  8513  8513 D KeyguardVisible: visibilityChanged 0 -> 4
04-19 16:02:03.098  8513  8513 D SecPanelConfigurationBellTower: onWindowViewVisibilityChanged (cSeq.5578 : vSeq.5578) dState(dW:1080, dH:2400) rPicker(pW:1080, pH:2123, adH:2123, cH:88, nbH:126) Rotation(0, c:0, v:0)
04-19 16:02:03.103  8513  8575 D OpenGLRenderer: setSurface called with nullptr
04-19 16:02:03.103  8513  8575 D OpenGLRenderer: setSurface() destroyed EGLSurface
04-19 16:02:03.103  8513  8575 D OpenGLRenderer: destroyEglSurface
