04-10 01:28:30.825  5329  5329 D SurfaceFlinger:      DEVICE | 0x771226ae00 | 0100 | RGBA_8888    |    0.0    0.0 1080.0 2400.0 |    0    0 1080 2400 | Splash Screen org.jetbrains.android_benchmark.test$_6284#419
04-10 01:28:30.825  5329  5329 D SurfaceFlinger:      DEVICE | 0x771db7b1c0 | 0100 | RGBA_8888    |    0.0    0.0 1080.0   88.0 |    0    0 1080   88 | StatusBar$_6284#103
04-10 01:28:30.825  5329  5329 D SurfaceFlinger:      DEVICE | 0x773f0a7440 | 0100 | RGBA_8888    |    0.0    0.0 1080.0  126.0 |    0 2274 1080 2400 | NavigationBar0$_6284#94
04-10 01:28:30.825  5329  5329 D SurfaceFlinger:      DEVICE | 0x773f0ca5c0 | 0140 | RGBA_8888    |    0.0    0.0 1080.0  100.0 |    0    0 1080  100 | ScreenDecorOverlay$_6284#113
04-10 01:28:30.825  5329  5329 D SurfaceFlinger:      DEVICE | 0x773f0a5dc0 | 0140 | RGBA_8888    |    0.0    0.0 1080.0  100.0 |    0 2300 1080 2400 | ScreenDecorOverlayBottom$_6284#114
04-10 01:28:30.825  5329  5329 D SurfaceFlinger:
04-10 01:28:30.826 31808 31912 I gralloc : Arm Module v1.0
04-10 01:28:30.822  5665  5684 V WindowManager: Relayout Window{a6cabaf u0 com.sec.android.app.launcher/com.sec.android.app.launcher.activities.LauncherActivity}: viewVisibility=8 req=1080x2400 d0
04-10 01:28:30.829  6284  6284 D NavigationBar: onSystemBarAttributesChanged() -  displayId:0, appearance:16, packageName:org.jetbrains.android_benchmark.test (APPEARANCE_LIGHT_NAVIGATION_BARS ), navbarColorManagedByIme:false
04-10 01:28:30.830  4403  4403 I hwservicemanager: getTransport: Cannot find entry android.hardware.graphics.allocator@4.0::IAllocator/default in either framework or device VINTF manifest.
04-10 01:28:30.832  6284  6284 D SamsungLightBarControlHelper: updateNavigation(Black button) isLightBar:false, hasLightBarNavigationBarFlag:true, packageName:org.jetbrains.android_benchmark.test, DirectReplying:false, NavBarColorManagerdByIme:false, ForceDarkForScrim:false, QsCustomizing:false, PanelHasWhiteBg:false
04-10 01:28:30.833  4402  4410 I servicemanager: Could not find android.hardware.graphics.allocator.IAllocator/default in the VINTF manifest.
04-10 01:28:30.833 31808 31912 W Gralloc4: allocator 4.x is not supported
04-10 01:28:30.834  4403  4403 I hwservicemanager: getTransport: Cannot find entry android.hardware.graphics.allocator@3.0::IAllocator/default in either framework or device VINTF manifest.
04-10 01:28:30.834 31808 31912 W Gralloc3: allocator 3.x is not supported
04-10 01:28:30.839  5665  5684 V WindowManager: Relayout hash=a6cabaf, pid=6837, syncId=-1: mAttrs={(0,0)(fillxfill) sim={adjust=nothing} layoutInDisplayCutoutMode=shortEdges ty=BASE_APPLICATION fmt=TRANSPARENT wanim=0x10302f4
04-10 01:28:30.839  5665  5684 V WindowManager:   fl=81910100
04-10 01:28:30.839  5665  5684 V WindowManager:   pfl=1e020040
04-10 01:28:30.839  5665  5684 V WindowManager:   vsysui=1700
04-10 01:28:30.839  5665  5684 V WindowManager:   bhv=SHOW_TRANSIENT_BARS_BY_SWIPE
04-10 01:28:30.839  5665  5684 V WindowManager:   fitSides= naviIconColor=0}
04-10 01:28:30.841  5329  6937 I SurfaceFlinger: id=409 Removed Surface(name=13f6160 NavigationBar0)/@0xcaa1421 - animation-leash of insets_animation#409 (111)
04-10 01:28:30.842  5329  6937 I SurfaceFlinger: id=408 Removed Surface(name=eb46565 StatusBar)/@0x46ec67a - animation-leash of insets_animation#408 (111)
04-10 01:28:30.845  6284  6284 D WallpaperService: reportVisibility onVisibilityChanged visible: false
04-10 01:28:30.846  6284  6284 I ViewRootImpl@bb92183[NavigationBar0]: handleResized, msg = 4 frames=ClientWindowFrames{frame=[0,2274][1080,2400] display=[0,0][1080,2400] parentFrame=[0,0][0,0] parentClippedByDisplayCutout=false} forceNextWindowRelayout=false displayId=0 resizeMode=-1 frameChanged=false displayFrameChanged=false configChanged=false displayChanged=false
04-10 01:28:30.847  6284  6428 I ImageWallpaper[GLEngine]:  onVisibilityChanged false , 0
04-10 01:28:30.848  5329  5329 I Layer   : id=408 Destroyed Surface(name=eb46565 StatusBar)/@0x46ec67a - animation-leash of insets_animation#408
04-10 01:28:30.848  5329  5329 I Layer   : id=409 Destroyed Surface(name=13f6160 NavigationBar0)/@0xcaa1421 - animation-leash of insets_animation#409
04-10 01:28:30.853  6837  6837 I ViewRootImpl@250b1f2[LauncherActivity]: Relayout returned: old=(0,0,1080,2400) new=(0,0,1080,2400) req=(1080,2400)8 dur=33 res=0x2 s={false 0x0} ch=true seqId=0
04-10 01:28:30.858  6284  6330 D OpenGLRenderer: setSurface called with nullptr
04-10 01:28:30.858  6284  6330 D OpenGLRenderer: setSurface() destroyed EGLSurface
04-10 01:28:30.858  6284  6330 D OpenGLRenderer: destroyEglSurface
04-10 01:28:30.858  6284  6284 D SamsungLightBarControlHelper: updateStatus(BLACK icon) NumStacks:1, StatusBarMode:MODE_TRANSPARENT, lightBarBounds:[Rect(0, 0 - 1080, 2400)], StatusBarState:SHADE, packageName:org.jetbrains.android_benchmark.test, NeedDarkFontFromWallpaper:false, isWhiteKeyguardStatusBarBySettings:false
04-10 01:28:30.859  6284  6315 I ViewRootImpl@3c5edf1[StageCoordinatorSplitDivider]: dispatchDetachedFromWindow
04-10 01:28:30.863  5665  6260 D InputTransport: Input channel destroyed: 'Embedde', fd=709
04-10 01:28:30.863  5665  6260 W InputManager-JNI: Input channel object 'Embedded{StageCoordinatorSplitDivider} (client)' was disposed without first being removed with the input manager!
04-10 01:28:30.863  5665  6260 D InputTransport: Input channel destroyed: 'Embedde', fd=752
04-10 01:28:30.864  6284  6315 D InputTransport: Input channel destroyed: 'Embedde', fd=113
04-10 01:28:30.865  5329  5329 I Layer   : id=411 removeFromCurrentState StageCoordinatorSplitDivider#411 (109)
04-10 01:28:30.865  5329  5329 I SurfaceFlinger: id=411 Removed StageCoordinatorSplitDivider#411 (109)
04-10 01:28:30.866  5329  5329 I Layer   : id=411 Destroyed StageCoordinatorSplitDivider#411
04-10 01:28:30.866  6284  6284 D ViewRootImpl@1e09b6c[NotificationShade]: performTraversals mFirst=false windowShouldResize=false viewVisibilityChanged=false mForceNextWindowRelayout=false params={(0,0)(fillxfill) gr=TOP CENTER_VERTICAL sim={adjust=resize} layoutInDisplayCutoutMode=always ty=NOTIFICATION_SHADE fmt=TRANSLUCENT
04-10 01:28:30.866  6284  6284 D ViewRootImpl@1e09b6c[NotificationShade]:   fl=81840048
04-10 01:28:30.866  6284  6284 D ViewRootImpl@1e09b6c[NotificationShade]:   pfl=1b000000
04-10 01:28:30.866  6284  6284 D ViewRootImpl@1e09b6c[NotificationShade]:   vsysui=2000
04-10 01:28:30.866  6284  6284 D ViewRootImpl@1e09b6c[NotificationShade]:   apr=LIGHT_STATUS_BARS
04-10 01:28:30.866  6284  6284 D ViewRootImpl@1e09b6c[NotificationShade]:   bhv=SHOW_TRANSIENT_BARS_BY_SWIPE naviIconColor=0
04-10 01:28:30.866  6284  6284 D ViewRootImpl@1e09b6c[NotificationShade]:   sfl=60000}
04-10 01:28:30.866  5665  6260 V WindowManager: Relayout Window{a784085 u0 NotificationShade}: viewVisibility=4 req=1080x2400 d0
04-10 01:28:30.871  5665  6260 V WindowManager: Relayout hash=a784085, pid=6284, syncId=-1: mAttrs={(0,0)(fillxfill) gr=TOP CENTER_VERTICAL sim={adjust=resize} layoutInDisplayCutoutMode=always ty=NOTIFICATION_SHADE fmt=TRANSLUCENT
04-10 01:28:30.871  5665  6260 V WindowManager:   fl=81840048
04-10 01:28:30.871  5665  6260 V WindowManager:   pfl=1b000000
04-10 01:28:30.871  5665  6260 V WindowManager:   vsysui=2000
04-10 01:28:30.871  5665  6260 V WindowManager:   apr=LIGHT_STATUS_BARS
04-10 01:28:30.871  5665  6260 V WindowManager:   bhv=SHOW_TRANSIENT_BARS_BY_SWIPE naviIconColor=0
04-10 01:28:30.871  5665  6260 V WindowManager:   sfl=60000}
04-10 01:28:30.873  6284  6284 I ViewRootImpl@1e09b6c[NotificationShade]: Relayout returned: old=(0,0,1080,2400) new=(0,0,1080,2400) req=(1080,2400)4 dur=7 res=0x0 s={false 0x0} ch=false seqId=5
04-10 01:28:30.876  6284  6330 D NativeCustomFrequencyManager: [NativeCFMS] BpCustomFrequencyManager::BpCustomFrequencyManager()
04-10 01:28:30.877  5329  5524 I SurfaceFlinger: id=427 createSurf flag=80004, SplitWindowManager#427
04-10 01:28:30.880  5329  5524 I SurfaceFlinger: id=428 createSurf flag=40004, StageCoordinatorSplitDivider#428
04-10 01:28:30.881  5329  5329 I Layer   : id=410 removeFromCurrentState SplitWindowManager#410 (110)
04-10 01:28:30.882  5329  5329 I SurfaceFlinger: id=410 Removed SplitWindowManager#410 (110)
04-10 01:28:30.882  5329  5329 I Layer   : id=410 Destroyed SplitWindowManager#410
04-10 01:28:30.884  5665  6260 D InputTransport: Input channel constructed: 'Embedde', fd=709
04-10 01:28:30.884  5665  6260 D InputTransport: Input channel constructed: 'Embedde', fd=752
04-10 01:28:30.885  5665  6260 D InputTransport: Input channel constructed: 'Embedde', fd=1075
04-10 01:28:30.885  5665  6260 D InputTransport: Input channel destroyed: 'Embedde', fd=1075
04-10 01:28:30.890  6284  6315 I ViewRootImpl@3a7f022[StageCoordinatorSplitDivider]: setView = com.android.wm.shell.common.split.DividerView@178ec6e TM=true
04-10 01:28:30.894  6284  6284 I FaceWidgetPositionAlgorithm: getClockContainerHeight() supplier = 270, bottom margin = 0, real height = 503
04-10 01:28:30.894  6284  6284 I FaceWidgetPositionAlgorithm: getClockContainerHeight() supplier = 270, bottom margin = 63, real height = 503
04-10 01:28:30.894  6284  6284 I FaceWidgetPositionAlgorithm: getMediaContainerHeight() height = 0 container Visibility = 8, isValid = false, mIsDozing = false, fraction = 1.0, source = 0, target = 0
04-10 01:28:30.894  6284  6284 I FaceWidgetPositionAlgorithm: getMediaContainerHeight() supplier = 0
04-10 01:28:30.898  6284  6315 D ViewRootImpl@3a7f022[StageCoordinatorSplitDivider]: performTraversals params={(0,0)(1080x189) sim={adjust=pan} ty=DOCK_DIVIDER fmt=TRANSLUCENT
04-10 01:28:30.898  6284  6315 D ViewRootImpl@3a7f022[StageCoordinatorSplitDivider]:   fl=21840028
04-10 01:28:30.898  6284  6315 D ViewRootImpl@3a7f022[StageCoordinatorSplitDivider]:   pfl=62000040
04-10 01:28:30.898  6284  6315 D ViewRootImpl@3a7f022[StageCoordinatorSplitDivider]:   bhv=DEFAULT
04-10 01:28:30.898  6284  6315 D ViewRootImpl@3a7f022[StageCoordinatorSplitDivider]:   fitTypes=STATUS_BARS NAVIGATION_BARS CAPTION_BAR naviIconColor=0}
04-10 01:28:30.900  6284  6315 D ViewRootImpl@3a7f022[StageCoordinatorSplitDivider]: performTraversals mFirst=true windowShouldResize=true viewVisibilityChanged=false mForceNextWindowRelayout=false params={(0,0)(1080x189) sim={adjust=pan} ty=DOCK_DIVIDER fmt=TRANSLUCENT
04-10 01:28:30.900  6284  6315 D ViewRootImpl@3a7f022[StageCoordinatorSplitDivider]:   fl=21840028
04-10 01:28:30.900  6284  6315 D ViewRootImpl@3a7f022[StageCoordinatorSplitDivider]:   pfl=62000040
04-10 01:28:30.900  6284  6315 D ViewRootImpl@3a7f022[StageCoordinatorSplitDivider]:   bhv=DEFAULT
04-10 01:28:30.900  6284  6315 D ViewRootImpl@3a7f022[StageCoordinatorSplitDivider]:   fitTypes=STATUS_BARS NAVIGATION_BARS CAPTION_BAR naviIconColor=0}
04-10 01:28:30.904  6284  6315 D BLASTBufferQueue: new BLASTBufferQueue, mNativeObject= 0x7247072600 name= ViewRootImpl@3a7f022[StageCoordinatorSplitDivider] sc.mNativeObject= 0x72478557e0 caller= android.view.ViewRootImpl.updateBlastSurfaceIfNeeded:2789 android.view.ViewRootImpl.relayoutWindow:9635 android.view.ViewRootImpl.performTraversals:3759 android.view.ViewRootImpl.doTraversal:2991 android.view.ViewRootImpl$TraversalRunnable.run:10665 android.view.Choreographer$CallbackRecord.run:1301 android.view.Choreographer$CallbackRecord.run:1309 android.view.Choreographer.doCallbacks:923 android.view.Choreographer.doFrame:852 android.view.Choreographer$FrameDisplayEventReceiver.run:1283
04-10 01:28:30.904  6284  6315 D BLASTBufferQueue: update, w= 1080 h= 189 mNativeObject= 0x7247072600 sc.mNativeObject= 0x72478557e0 format= -3 caller= android.graphics.BLASTBufferQueue.<init>:76 android.view.ViewRootImpl.updateBlastSurfaceIfNeeded:2789 android.view.ViewRootImpl.relayoutWindow:9635 android.view.ViewRootImpl.performTraversals:3759 android.view.ViewRootImpl.doTraversal:2991 android.view.ViewRootImpl$TraversalRunnable.run:10665
04-10 01:28:30.905  6284  6315 I ViewRootImpl@3a7f022[StageCoordinatorSplitDivider]: Relayout returned: old=(0,1105,1080,1294) new=(0,0,1080,189) req=(1080,189)0 dur=3 res=0x0 s={true 0x7245541000} ch=true seqId=0
04-10 01:28:30.906  6284  6315 D ViewRootImpl@3a7f022[StageCoordinatorSplitDivider]: mThreadedRenderer.initialize() mSurface={isValid=true 0x7245541000} hwInitialized=true
04-10 01:28:30.913  6284  6330 D OpenGLRenderer: eglCreateWindowSurface
04-10 01:28:30.919  6284  6330 D BLASTBufferQueue: [ViewRootImpl@3a7f022[StageCoordinatorSplitDivider]#33](f:0,a:0) onFrameAvailable the first frame is available
04-10 01:28:30.920  6284  6330 D OpenGLRenderer: CFMS:: SetUp Pid : 6284    Tid : 6330
04-10 01:28:31.184  5665  5736 I AccessibilityServiceInfo: took more than 100ms mComponentName : ComponentInfo{com.samsung.accessibility/com.samsung.accessibility.assistantmenu.serviceframework.AssistantMenuService}, elapsedTime : 166
04-10 01:28:31.240  5316  5316 I sysinput:Touch: bypassCommand:136, OK set_grip_data,1,45,7,15,720
04-10 01:28:31.241  5665  5881 D SysinputHAL_V1_3(V1_2): runTspCmdNoRead(1): set_grip_data,1,45,7,15,720(0)
04-10 01:28:31.249 31808 31845 D BLASTBufferQueue: [ViewRootImpl@4e914a9[IsolationActivity]#0](f:0,a:0) onFrameAvailable the first frame is available
04-10 01:28:31.250 31808 31845 D ViewRootImpl@4e914a9[IsolationActivity]: Received frameCommittedCallback lastAttemptedDrawFrameNum=1 didProduceBuffer=true
04-10 01:28:31.251 31808 31845 D OpenGLRenderer: CFMS:: SetUp Pid : 31808    Tid : 31845
04-10 01:28:31.254 31808 31808 D ViewRootImpl@4e914a9[IsolationActivity]: onSyncComplete
04-10 01:28:31.255 31808 31808 D ViewRootImpl@4e914a9[IsolationActivity]: setupSync seqId=0 mSyncId=0 fn=1 caller=android.view.ViewRootImpl$$ExternalSyntheticLambda11.accept:6 android.window.SurfaceSyncer.lambda$setupSync$1$android-window-SurfaceSyncer:128 android.window.SurfaceSyncer$$ExternalSyntheticLambda1.accept:8 android.window.SurfaceSyncer$SyncSet.checkIfSyncIsComplete:382 android.window.SurfaceSyncer$SyncSet.markSyncReady:359 android.window.SurfaceSyncer.markSyncReady:151 android.view.ViewRootImpl.performTraversals:4373
04-10 01:28:31.255 31808 31808 D ViewRootImpl@4e914a9[IsolationActivity]: reportDrawFinished seqId=0 mSyncId=-1 fn=1 mSurfaceChangedTransaction=0x72ff359b00
04-10 01:28:31.255 31808 31808 I Choreographer: Skipped 30 frames!  The application may be doing too much work on its main thread.
04-10 01:28:31.256 31808 31808 D InsetsController: onStateChanged: InsetsState: {mDisplayFrame=Rect(0, 0 - 1080, 2400), mDisplayCutout=DisplayCutout{insets=Rect(0, 88 - 0, 0) waterfall=Insets{left=0, top=0, right=0, bottom=0} boundingRect={Bounds=[Rect(0, 0 - 0, 0), Rect(512, 0 - 568, 88), Rect(0, 0 - 0, 0), Rect(0, 0 - 0, 0)]} cutoutPathParserInfo={CutoutPathParserInfo{displayWidth=1080 displayHeight=2400 physicalDisplayWidth=1080 physicalDisplayHeight=2400 density={2.625} cutoutSpec={M 0,0 M 0,12.25101276465640 a 10.60613009248640,10.60613009248640 0 1,0 0,21.21226018497290 a 10.60613009248640,10.60613009248640 0 1,0 0,-21.21226018497290 Z @dp} rotation={0} scale={1.0} physicalPixelDisplaySizeRatio={1.0}}}}, mRoundedCorners=RoundedCorners{[RoundedCorner{position=TopLeft, radius=84, center=Point(84, 84)}, RoundedCorner{position=TopRight, radius=84, center=Point(996, 84)}, RoundedCorner{position=BottomRight, radius=84, center=Point(996, 2316)}, RoundedCorner{position=BottomLeft, radius=84, center=Point(84, 2316)}]}  mRoundedCornerFrame=Rect(0, 0 - 1080, 2400), mPrivacyIndicatorBounds=PrivacyIndicatorBounds {static bounds=Rect(964, 0 - 1080, 88) rotation=0}, mSources= { InsetsSource: {mType=ITYPE_STATUS_BAR, mFrame=[0,0][1080,88], mVisible=true, mInsetsRoundedCornerFrame=false}, InsetsSource: {mType=ITYPE_NAVIGATION_BAR, mFrame=[0,2274][1080,2400], mVisible=true, mInsetsRoundedCornerFrame=false}, InsetsSource: {mType=ITYPE_LEFT_GESTURES, mFrame=[0,0][0,2400], mVisible=true, mInsetsRoundedCornerFrame=false}, InsetsSource: {mType=ITYPE_RIGHT_GESTURES, mFrame=[1080,0][1080,2400], mVisible=true, mInsetsRoundedCornerFrame=false}, InsetsSource: {mType=ITYPE_TOP_MANDATORY_GESTURES, mFrame=[0,0][1080,120], mVisible=true, mInsetsRoundedCornerFrame=false}, InsetsSource: {mType=ITYPE_BOTTOM_MANDATORY_GESTURES, mFrame=[0,2274][1080,2400], mVisible=true, mInsetsRoundedCornerFrame=false}, InsetsSource: {mType=ITYPE_LEFT_DISPLAY_CUTOUT, mFrame=[0,0][-100000,2400], mVisible=true, mInsetsRoundedCornerFrame=false}, InsetsSource: {mType=ITYPE_TOP_DISPLAY_CUTOUT, mFrame=[0,0][1080,88], mVisible=true, mInsetsRoundedCornerFrame=false}, InsetsSource: {mType=ITYPE_RIGHT_DISPLAY_CUTOUT, mFrame=[100000,0][1080,2400], mVisible=true, mInsetsRoundedCornerFrame=false}, InsetsSource: {mType=ITYPE_BOTTOM_DISPLAY_CUTOUT, mFrame=[0,100000][1080,2400], mVisible=true, mInsetsRoundedCornerFrame=false}, InsetsSource: {mType=ITYPE_TOP_TAPPABLE_ELEMENT, mFrame=[0,0][1080,88], mVisible=true, mInsetsRoundedCornerFrame=false}, InsetsSource: {mType=ITYPE_BOTTOM_TAPPABLE_ELEMENT, mFrame=[0,2274][1080,2400], mVisible=true, mInsetsRoundedCornerFrame=false}, InsetsSource: {mType=ITYPE_IME, mFrame=[0,0][0,0], mVisibleFrame=[0,2274][1080,2400], mVisible=false, mInsetsRoundedCornerFrame=false} } host=org.jetbrains.android_benchmark.test/androidx.benchmark.IsolationActivity from=android.view.ViewRootImpl$ViewRootHandler.handleMessageImpl:6534
04-10 01:28:31.258 31808 31808 D InsetsController: controlAnimationUnchecked: Added types=1 animType=1 host=org.jetbrains.android_benchmark.test/androidx.benchmark.IsolationActivity from=android.view.InsetsController.applyAnimation:1576 android.view.InsetsController.applyAnimation:1557 android.view.InsetsController.onControlsChanged:995
04-10 01:28:31.258 31808 31808 D InsetsController: onStateChanged: InsetsState: {mDisplayFrame=Rect(0, 0 - 1080, 2400), mDisplayCutout=DisplayCutout{insets=Rect(0, 88 - 0, 0) waterfall=Insets{left=0, top=0, right=0, bottom=0} boundingRect={Bounds=[Rect(0, 0 - 0, 0), Rect(512, 0 - 568, 88), Rect(0, 0 - 0, 0), Rect(0, 0 - 0, 0)]} cutoutPathParserInfo={CutoutPathParserInfo{displayWidth=1080 displayHeight=2400 physicalDisplayWidth=1080 physicalDisplayHeight=2400 density={2.625} cutoutSpec={M 0,0 M 0,12.25101276465640 a 10.60613009248640,10.60613009248640 0 1,0 0,21.21226018497290 a 10.60613009248640,10.60613009248640 0 1,0 0,-21.21226018497290 Z @dp} rotation={0} scale={1.0} physicalPixelDisplaySizeRatio={1.0}}}}, mRoundedCorners=RoundedCorners{[RoundedCorner{position=TopLeft, radius=84, center=Point(84, 84)}, RoundedCorner{position=TopRight, radius=84, center=Point(996, 84)}, RoundedCorner{position=BottomRight, radius=84, center=Point(996, 2316)}, RoundedCorner{position=BottomLeft, radius=84, center=Point(84, 2316)}]}  mRoundedCornerFrame=Rect(0, 0 - 1080, 2400), mPrivacyIndicatorBounds=PrivacyIndicatorBounds {static bounds=Rect(964, 0 - 1080, 88) rotation=0}, mSources= { InsetsSource: {mType=ITYPE_STATUS_BAR, mFrame=[0,0][1080,88], mVisible=false, mInsetsRoundedCornerFrame=false}, InsetsSource: {mType=ITYPE_NAVIGATION_BAR, mFrame=[0,2274][1080,2400], mVisible=true, mInsetsRoundedCornerFrame=false}, InsetsSource: {mType=ITYPE_LEFT_GESTURES, mFrame=[0,0][0,2400], mVisible=true, mInsetsRoundedCornerFrame=false}, InsetsSource: {mType=ITYPE_RIGHT_GESTURES, mFrame=[1080,0][1080,2400], mVisible=true, mInsetsRoundedCornerFrame=false}, InsetsSource: {mType=ITYPE_TOP_MANDATORY_GESTURES, mFrame=[0,0][1080,120], mVisible=true, mInsetsRoundedCornerFrame=false}, InsetsSource: {mType=ITYPE_BOTTOM_MANDATORY_GESTURES, mFrame=[0,2274][1080,2400], mVisible=true, mInsetsRoundedCornerFrame=false}, InsetsSource: {mType=ITYPE_LEFT_DISPLAY_CUTOUT, mFrame=[0,0][-100000,2400], mVisible=true, mInsetsRoundedCornerFrame=false}, InsetsSource: {mType=ITYPE_TOP_DISPLAY_CUTOUT, mFrame=[0,0][1080,88], mVisible=true, mInsetsRoundedCornerFrame=false}, InsetsSource: {mType=ITYPE_RIGHT_DISPLAY_CUTOUT, mFrame=[100000,0][1080,2400], mVisible=true, mInsetsRoundedCornerFrame=false}, InsetsSource: {mType=ITYPE_BOTTOM_DISPLAY_CUTOUT, mFrame=[0,100000][1080,2400], mVisible=true, mInsetsRoundedCornerFrame=false}, InsetsSource: {mType=ITYPE_TOP_TAPPABLE_ELEMENT, mFrame=[0,0][1080,88], mVisible=true, mInsetsRoundedCornerFrame=false}, InsetsSource: {mType=ITYPE_BOTTOM_TAPPABLE_ELEMENT, mFrame=[0,2274][1080,2400], mVisible=true, mInsetsRoundedCornerFrame=false}, InsetsSource: {mType=ITYPE_IME, mFrame=[0,0][0,0], mVisibleFrame=[0,2274][1080,2400], mVisible=false, mInsetsRoundedCornerFrame=false} } host=org.jetbrains.android_benchmark.test/androidx.benchmark.IsolationActivity from=android.view.ViewRootImpl$ViewRootHandler.handleMessageImpl:6521
04-10 01:28:31.258 31808 31808 I ViewRootImpl@4e914a9[IsolationActivity]: handleResized, msg = 5 frames=ClientWindowFrames{frame=[0,88][1080,2400] display=[0,88][1080,2400] parentFrame=[0,0][0,0] parentClippedByDisplayCutout=false} forceNextWindowRelayout=false displayId=0 resizeMode=-1 frameChanged=false displayFrameChanged=false configChanged=false displayChanged=false
04-10 01:28:31.258 31808 31808 I ViewRootImpl@4e914a9[IsolationActivity]: handleResized mSyncSeqId = 0
04-10 01:28:31.258 31808 31808 D ViewRootImpl@4e914a9[IsolationActivity]: reportNextDraw android.view.ViewRootImpl.handleResized:2380 android.view.ViewRootImpl.-$$Nest$mhandleResized:0 android.view.ViewRootImpl$ViewRootHandler.handleMessageImpl:6522 android.view.ViewRootImpl$ViewRootHandler.handleMessage:6491 android.os.Handler.dispatchMessage:106
04-10 01:28:31.265 31808 31808 D ViewRootImpl@4e914a9[IsolationActivity]: Setup new sync id=1
04-10 01:28:31.265 31808 31808 D ViewRootImpl@4e914a9[IsolationActivity]: Setting syncFrameCallback
04-10 01:28:31.265 31808 31808 D ViewRootImpl@4e914a9[IsolationActivity]: registerCallbacksForSync syncBuffer=false
04-10 01:28:31.266 31808 31914 D ViewRootImpl@4e914a9[IsolationActivity]: Received frameDrawingCallback syncResult=0 frameNum=2.
04-10 01:28:31.266 31808 31914 D ViewRootImpl@4e914a9[IsolationActivity]: Setting up sync and frameCommitCallback
04-10 01:28:31.266 31808 31845 D ViewRootImpl@4e914a9[IsolationActivity]: Received frameCommittedCallback lastAttemptedDrawFrameNum=2 didProduceBuffer=false
04-10 01:28:31.266 31808 31845 D BLASTBufferQueue: syncNextTransaction, acquireSingleBuffer= true mNativeObject= 0x728ad70500 callback= null caller= android.graphics.BLASTBufferQueue.syncNextTransaction:137 android.view.ViewRootImpl$12.lambda$onFrameDraw$0$android-view-ViewRootImpl$12:13158 android.view.ViewRootImpl$12$$ExternalSyntheticLambda1.onFrameCommit:9 android.view.ThreadedRenderer$1.lambda$onFrameDraw$0:789 android.view.ThreadedRenderer$1$$ExternalSyntheticLambda0.onFrameCommit:2 <bottom of call stack>
04-10 01:28:31.266 31808 31845 D BLASTBufferQueue: [ViewRootImpl@4e914a9[IsolationActivity]#0](f:0,a:1) syncNextTransaction callback: 0, acquireSingleBuffer: 1, mTransactionReadyCallback: 0
04-10 01:28:31.266 31808 31845 D BLASTBufferQueue: gatherPendingTransactions, mNativeObject= 0x728ad70500 frameNumber= 2 caller= android.view.ViewRootImpl$12.lambda$onFrameDraw$0$android-view-ViewRootImpl$12:13165 android.view.ViewRootImpl$12$$ExternalSyntheticLambda1.onFrameCommit:9 android.view.ThreadedRenderer$1.lambda$onFrameDraw$0:789 android.view.ThreadedRenderer$1$$ExternalSyntheticLambda0.onFrameCommit:2 <bottom of call stack> <bottom of call stack>
04-10 01:28:31.266 31808 31808 D ViewRootImpl@4e914a9[IsolationActivity]: onSyncComplete
04-10 01:28:31.266 31808 31808 D ViewRootImpl@4e914a9[IsolationActivity]: setupSync seqId=0 mSyncId=1 fn=2 caller=android.view.ViewRootImpl$$ExternalSyntheticLambda11.accept:6 android.window.SurfaceSyncer.lambda$setupSync$1$android-window-SurfaceSyncer:128 android.window.SurfaceSyncer$$ExternalSyntheticLambda1.accept:8 android.window.SurfaceSyncer$SyncSet.checkIfSyncIsComplete:382 android.window.SurfaceSyncer$SyncSet.markSyncReady:359 android.window.SurfaceSyncer.markSyncReady:151 android.view.ViewRootImpl.performTraversals:4373
04-10 01:28:31.266 31808 31808 D ViewRootImpl@4e914a9[IsolationActivity]: reportDrawFinished seqId=0 mSyncId=-1 fn=2 mSurfaceChangedTransaction=0x72ff359b00
04-10 01:28:31.279  5665  5724 I SemDvfsHyPerManager: acquire hyper - AMS_RESUME_TAIL/5665@16, type = -999
04-10 01:28:31.279  5665  5724 I SemDvfsHyPerManager: acquire hyper - AMS_ACT_LAZY/5665@17, type = -999
04-10 01:28:31.279  5307  5331 I HYPER-HAL: [RequestManager.cpp]acquire(): Acquired ID : 16139737  [5665 / 16]    HINT : AMS_RESUME_TAIL    list :
04-10 01:28:31.281  5329  5329 I Layer   : Layer [org.jetbrains.android_benchmark.test/androidx.benchmark.IsolationActivity$_31808#424] hidden!! flag(0)
04-10 01:28:31.281  5307  5331 I HYPER-HAL: [RequestManager.cpp]releaseLocked(): Released ID : 16196612
04-10 01:28:31.283  5665  8767 D InputDispatcher: Focus entered window (0): c8d441a org.jetbrains.android_benchmark.test/androidx.benchmark.IsolationActivity
04-10 01:28:31.288 31808 31837 I GrantPermissionCallable: Permission: android.permission.WRITE_EXTERNAL_STORAGE is already granted!
04-10 01:28:31.289 31808 31808 I ViewRootImpl@4e914a9[IsolationActivity]: MSG_WINDOW_FOCUS_CHANGED 1 0
04-10 01:28:31.289 31808 31808 D ViewRootImpl@4e914a9[IsolationActivity]: mThreadedRenderer.initializeIfNeeded()#2 mSurface={isValid=true 0x728adc3800}
04-10 01:28:31.290 31808 31808 D InputMethodManager: startInputInner - Id : 0
04-10 01:28:31.290 31808 31808 I InputMethodManager: startInputInner - mService.startInputOrWindowGainedFocus
04-10 01:28:31.290  5329  5329 D SurfaceFlinger: Display 0 HWC layers:
04-10 01:28:31.290  5329  5329 D SurfaceFlinger:      DEVICE | 0x771226af40 | 0102 | RGBA_8888    |    0.0    0.0 1080.0 2312.0 |    0   88 1080 2400 | org.jetbrains.android_benchmark.test[...]nchmark.IsolationActivity$_31808#424
04-10 01:28:31.290  5329  5329 D SurfaceFlinger:      DEVICE | 0x771226ae00 | 0100 | RGBA_8888    |    0.0    0.0 1080.0 2400.0 |    0    0 1080 2400 | Splash Screen org.jetbrains.android_benchmark.test$_6284#419
04-10 01:28:31.290  5329  5329 D SurfaceFlinger:      DEVICE | 0x771226b580 | 0100 | RGBA_8888    |    0.0    0.0 1080.0   88.0 |    0    0 1080   88 | StatusBar$_6284#103
04-10 01:28:31.290  5329  5329 D SurfaceFlinger:      DEVICE | 0x771db7b580 | 0100 | RGBA_8888    |    0.0    0.0 1080.0  126.0 |    0 2274 1080 2400 | NavigationBar0$_6284#94
04-10 01:28:31.290  5329  5329 D SurfaceFlinger:      DEVICE | 0x773f0ca5c0 | 0140 | RGBA_8888    |    0.0    0.0 1080.0  100.0 |    0    0 1080  100 | ScreenDecorOverlay$_6284#113
04-10 01:28:31.290  5329  5329 D SurfaceFlinger:      DEVICE | 0x773f0a5dc0 | 0140 | RGBA_8888    |    0.0    0.0 1080.0  100.0 |    0 2300 1080 2400 | ScreenDecorOverlayBottom$_6284#114
04-10 01:28:31.290  5329  5329 D SurfaceFlinger:
04-10 01:28:31.291 31808 31837 I GrantPermissionCallable: Permission: android.permission.READ_EXTERNAL_STORAGE is already granted!
04-10 01:28:31.291 31808 31837 D Benchmark: -- Running org.jetbrains.android_benchmark.AndroidBenchmark#valueDouble --
04-10 01:28:31.293  5665  5720 I PkgPredictorService-SecIpmManagerServiceImpl: reportToNAP uid:10130 org.jetbrains.android_benchmark.test/androidx.benchmark.IsolationActivity thisTime:1131
04-10 01:28:31.294 31808 31837 D PerfettoCapture: Supported ABIs: arm64-v8a, armeabi-v7a, armeabi
04-10 01:28:31.294 31808 31837 D PerfettoCapture: Recording perfetto trace
04-10 01:28:31.295  6837  6837 I ViewRootImpl@250b1f2[LauncherActivity]: stopped(true) old = false
04-10 01:28:31.295  5665  5720 I ActivityTaskManager: Displayed org.jetbrains.android_benchmark.test/androidx.benchmark.IsolationActivity: +1s131ms
04-10 01:28:31.295  6837  6837 I Launcher: !@Boot_DEBUG: Launcher.onStop()
04-10 01:28:31.296  6837  6837 I Launcher: !@Boot_EBS_D: Launcher.onStop()
04-10 01:28:31.296  6837  6837 I BaseActivity: removeActivityFlags, flags : 17
04-10 01:28:31.304  7255  7255 E pageboostd: Received HALT command code 2
04-10 01:28:31.309  6837  6837 I DecorView: notifyKeepScreenOnChanged: keepScreenOn=false
04-10 01:28:31.309  6837  6837 I StateManager: onStateTransitionStart mState = Normal
04-10 01:28:31.310  5329  5524 I SurfaceFlinger: id=429 createSurf flag=24000, Surface(name=c8d441a org.jetbrains.android_benchmark.test/androidx.benchmark.IsolationActivity)/@0xd8c24d0 - animation-leash of starting_reveal#429
04-10 01:28:31.313  5665  5685 D InputMethodManagerService: mDesktopModeManager null!
04-10 01:28:31.313  5665  5685 V InputMethodManagerService: getDisplayIdOfInputMethodWindowToBeAdded: displayId=0
04-10 01:28:31.317  5665  5685 D InputTransport: Input channel constructed: 'ClientS', fd=1080
04-10 01:28:31.317  5665  5685 D InputTransport: Input channel constructed: 'ClientS', fd=1081
04-10 01:28:31.318  5665  5685 D InputTransport: Input channel destroyed: 'ClientS', fd=1081
04-10 01:28:31.322  6837  6837 I Launcher: onStateSetEnd for widget host, state : Normal
04-10 01:28:31.322  6837  6837 W LauncherAppWidgetHost: setShouldListenFlag, mFlags:7 flag:resume on:true isFront:false
04-10 01:28:31.322  6837  6837 I BaseActivity: addActivityFlags, flags : 64
04-10 01:28:31.323  6837  6837 I RecentsView: setOverviewStateEnabled false
04-10 01:28:31.324 31808 31837 D Benchmark: Usable output directory: /storage/emulated/0/Android/data/org.jetbrains.android_benchmark.test/cache
04-10 01:28:31.324 31808 31837 D Benchmark: Output Directory: /sdcard/Android/media/org.jetbrains.android_benchmark.test/additional_test_output
04-10 01:28:31.325  6837  6837 I RecentsOrientedState: current RecentsOrientedState: [this=RecentsOrientedState@258676121 mOrientationHandler=PortraitPagedViewHandler@243466334 mDisplayRotation=0 mTouchRotation=0 mRecentsActivityRotation=0 mRecentsRotation=0 isRecentsActivityRotationAllowed=true mSystemRotation=true mStateId=46976 mFlags=303]
04-10 01:28:31.328  6837  6837 I AppsTransitionController: setState - toState : Normal
04-10 01:28:31.328  5665  6260 D InputMethodManagerService: isImeSwitcherDisabledPackage : false
04-10 01:28:31.329  5665  6260 D InputMethodManagerService: checkDisplayOfStartInputAndUpdateKeyboard: displayId=0, mFocusedDisplayId=0
04-10 01:28:31.329  5665  6260 D InputTransport: Input channel constructed: 'ClientS', fd=1081
04-10 01:28:31.329  5665  6260 D InputTransport: Input channel destroyed: 'ClientS', fd=1081
04-10 01:28:31.330 31808 31808 D InputMethodManager: startInputInner - Id : 0
04-10 01:28:31.330  6837  6837 I HomeStateTransitionController: workspace child count: 3
04-10 01:28:31.332  6837  6837 I CapturePreview: notifyCaptureIfNecessary
04-10 01:28:31.334  6284  6324 D ViewRootImpl@b9fd77d[test]: performTraversals params={(0,0)(fillxfill) sim={adjust=pan} ty=APPLICATION_STARTING fmt=TRANSLUCENT wanim=0x1030001
04-10 01:28:31.334  6284  6324 D ViewRootImpl@b9fd77d[test]:   fl=81030118
04-10 01:28:31.334  6284  6324 D ViewRootImpl@b9fd77d[test]:   pfl=16000010
04-10 01:28:31.334  6284  6324 D ViewRootImpl@b9fd77d[test]:   bhv=DEFAULT
04-10 01:28:31.334  6284  6324 D ViewRootImpl@b9fd77d[test]:   fitSides= naviIconColor=0}
04-10 01:28:31.334  6284  6324 D ViewRootImpl@b9fd77d[test]: performTraversals mFirst=false windowShouldResize=false viewVisibilityChanged=false mForceNextWindowRelayout=false params={(0,0)(fillxfill) sim={adjust=pan} ty=APPLICATION_STARTING fmt=TRANSLUCENT wanim=0x1030001
04-10 01:28:31.334  6284  6324 D ViewRootImpl@b9fd77d[test]:   fl=81030118
04-10 01:28:31.334  6284  6324 D ViewRootImpl@b9fd77d[test]:   pfl=16000010
04-10 01:28:31.334  6284  6324 D ViewRootImpl@b9fd77d[test]:   bhv=DEFAULT
04-10 01:28:31.334  6284  6324 D ViewRootImpl@b9fd77d[test]:   fitSides= naviIconColor=0}
04-10 01:28:31.335  5665  6260 V WindowManager: Relayout Window{83cdbf1 u0 Splash Screen org.jetbrains.android_benchmark.test}: viewVisibility=0 req=1080x2400 d0
04-10 01:28:31.336  6284  6284 D SamsungLightBarControlHelper: onStatusBarAppearanceChanged() -  sbModeChanged:false, statusBarMode:MODE_TRANSPARENT, barState:SHADE, isKeyguardShowing:false, navbarColorManagedByIme:false, stackAppearancesChanged:true, (AppearanceRegion{ bounds=[0,0][1080,2400]}, ), packageName:org.jetbrains.android_benchmark.test
04-10 01:28:31.337  6284  6284 D NavigationBar: onSystemBarAttributesChanged() -  displayId:0, appearance:0, packageName:org.jetbrains.android_benchmark.test, navbarColorManagedByIme:false
04-10 01:28:31.338  6284  6284 D SamsungLightBarControlHelper: updateNavigation(White button) isLightBar:false, hasLightBarNavigationBarFlag:false, packageName:org.jetbrains.android_benchmark.test, DirectReplying:false, NavBarColorManagerdByIme:false, ForceDarkForScrim:false, QsCustomizing:false, PanelHasWhiteBg:false
04-10 01:28:31.340  6284  6284 D SamsungLightBarControlHelper: updateStatus(WHITE icon) NumStacks:1, StatusBarMode:MODE_TRANSPARENT, lightBarBounds:[], StatusBarState:SHADE, packageName:org.jetbrains.android_benchmark.test, NeedDarkFontFromWallpaper:false, isWhiteKeyguardStatusBarBySettings:false
04-10 01:28:31.340  6837  6837 I SearchBarManager: alpha value: [1.0, 0.0, 1.0, 1.0, 1.0]
04-10 01:28:31.341  6837  6837 I SuggestedAppsAnimationCreator: createAnimator: show = false
04-10 01:28:31.342  6837  6837 I SuggestedAppsAnimationCreator: initProperties: alpha = 1.0
04-10 01:28:31.342  6837  6837 I SuggestedAppsAnimationCreator: cancelAnimator
04-10 01:28:31.342  5665  6260 V WindowManager: Relayout hash=83cdbf1, pid=6284, syncId=-1: mAttrs={(0,0)(fillxfill) sim={adjust=pan} ty=APPLICATION_STARTING fmt=TRANSLUCENT wanim=0x1030001
04-10 01:28:31.342  5665  6260 V WindowManager:   fl=81030118
04-10 01:28:31.342  5665  6260 V WindowManager:   pfl=16000010
04-10 01:28:31.342  5665  6260 V WindowManager:   bhv=DEFAULT
04-10 01:28:31.342  5665  6260 V WindowManager:   fitSides= naviIconColor=0}
04-10 01:28:31.344  6284  6324 D BLASTBufferQueue: update, w= 1080 h= 2400 mNativeObject= 0x72456b0d00 sc.mNativeObject= 0x7247a263c0 format= -3 caller= android.view.ViewRootImpl.updateBlastSurfaceIfNeeded:2778 android.view.ViewRootImpl.relayoutWindow:9635 android.view.ViewRootImpl.performTraversals:3759 android.view.ViewRootImpl.doTraversal:2991 android.view.ViewRootImpl$TraversalRunnable.run:10665 android.view.Choreographer$CallbackRecord.run:1301
04-10 01:28:31.344  6284  6324 I ViewRootImpl@b9fd77d[test]: Relayout returned: old=(0,0,1080,2400) new=(0,0,1080,2400) req=(1080,2400)0 dur=9 res=0x0 s={true 0x7246d31000} ch=false seqId=0
04-10 01:28:31.345  6837  6837 I SuggestedAppsManager: alpha value: [1.0, 0.0, 1.0, 1.0, 1.0]
04-10 01:28:31.345  6837  6837 I HsClearAllManager: alpha value: [1.0, 0.0, 1.0, 1.0, 1.0]
04-10 01:28:31.346  6837  6837 I HandOffManager: alpha value: [1.0, 0.0, 1.0, 1.0, 1.0, 0.0, 1.0]
04-10 01:28:31.346  6284  6361 I ViewRootImpl@b9fd77d[test]: mWNT: t=0x7250ab3a00 mBlastBufferQueue=0x72456b0d00 fn= 2 caller= android.view.SyncRtSurfaceTransactionApplier.applyTransaction:96 android.view.SyncRtSurfaceTransactionApplier.lambda$scheduleApply$0$android-view-SyncRtSurfaceTransactionApplier:69 android.view.SyncRtSurfaceTransactionApplier$$ExternalSyntheticLambda0.onFrameDraw:4
04-10 01:28:31.346  6284  6361 D BLASTBufferQueue: mergeWithNextTransaction, mNativeObject= 0x72456b0d00 t.mNativeObject= 0x7250ab3a00 frameNumber= 2 caller= android.view.ViewRootImpl.mergeWithNextTransaction:12594 android.view.SyncRtSurfaceTransactionApplier.applyTransaction:96 android.view.SyncRtSurfaceTransactionApplier.lambda$scheduleApply$0$android-view-SyncRtSurfaceTransactionApplier:69 android.view.SyncRtSurfaceTransactionApplier$$ExternalSyntheticLambda0.onFrameDraw:4 android.graphics.HardwareRenderer$FrameDrawingCallback.onFrameDraw:924 android.view.ViewRootImpl$6.onFrameDraw:2053
04-10 01:28:31.346  6837  6837 I FgsManager: alpha value: [1.0, 0.0, 1.0, 1.0, 1.0]
04-10 01:28:31.346  6284  6361 I ViewRootImpl@b9fd77d[test]: mWNT: t=0x7250ab3e00 mBlastBufferQueue=0x72456b0d00 fn= 2 caller= android.view.SyncRtSurfaceTransactionApplier.applyTransaction:96 android.view.SyncRtSurfaceTransactionApplier.lambda$scheduleApply$0$android-view-SyncRtSurfaceTransactionApplier:69 android.view.SyncRtSurfaceTransactionApplier$$ExternalSyntheticLambda0.onFrameDraw:4
04-10 01:28:31.346  6284  6361 D BLASTBufferQueue: mergeWithNextTransaction, mNativeObject= 0x72456b0d00 t.mNativeObject= 0x7250ab3e00 frameNumber= 2 caller= android.view.ViewRootImpl.mergeWithNextTransaction:12594 android.view.SyncRtSurfaceTransactionApplier.applyTransaction:96 android.view.SyncRtSurfaceTransactionApplier.lambda$scheduleApply$0$android-view-SyncRtSurfaceTransactionApplier:69 android.view.SyncRtSurfaceTransactionApplier$$ExternalSyntheticLambda0.onFrameDraw:4 android.graphics.HardwareRenderer$FrameDrawingCallback.onFrameDraw:924 android.view.ViewRootImpl$6.onFrameDraw:2053
04-10 01:28:31.351  6284  6362 I ViewRootImpl@b9fd77d[test]: mWNT: t=0x7250b26300 mBlastBufferQueue=0x72456b0d00 fn= 3 caller= android.view.SyncRtSurfaceTransactionApplier.applyTransaction:96 android.view.SyncRtSurfaceTransactionApplier.lambda$scheduleApply$0$android-view-SyncRtSurfaceTransactionApplier:69 android.view.SyncRtSurfaceTransactionApplier$$ExternalSyntheticLambda0.onFrameDraw:4
04-10 01:28:31.352  6284  6362 D BLASTBufferQueue: mergeWithNextTransaction, mNativeObject= 0x72456b0d00 t.mNativeObject= 0x7250b26300 frameNumber= 3 caller= android.view.ViewRootImpl.mergeWithNextTransaction:12594 android.view.SyncRtSurfaceTransactionApplier.applyTransaction:96 android.view.SyncRtSurfaceTransactionApplier.lambda$scheduleApply$0$android-view-SyncRtSurfaceTransactionApplier:69 android.view.SyncRtSurfaceTransactionApplier$$ExternalSyntheticLambda0.onFrameDraw:4 android.graphics.HardwareRenderer$FrameDrawingCallback.onFrameDraw:924 android.view.ViewRootImpl$6.onFrameDraw:2053
04-10 01:28:31.353  6837  6837 I PageEditTransitionController: setState - from : Normal to : Normal
04-10 01:28:31.355  6837  6837 I StateManager: onStateTransitionEnd mState : Normal
04-10 01:28:31.355  6837  6837 I BaseActivity: removeActivityFlags, flags : 64
04-10 01:28:31.355  6837  6837 I InstallShortcutReceiver: flushInstallQueue 1
04-10 01:28:31.356  6837  6837 I RotationTouchHelper: enableMultipleRegions, enable = false, mInOverview = false
04-10 01:28:31.357  5329  5524 I SurfaceFlinger: id=430 createSurf flag=24004, Surface(name=8d36f32 InputMethod)/@0x5947e39 - animation-leash of insets_animation#430
04-10 01:28:31.358  6837  6837 W OrientationTouchTransformer: resetSwipeRegions, mCachedDisplayInfo[CachedDisplayInfo{id='', size=Point(1080, 2400), rotation=0, cutout=Rect(0, 0 - 0, 0)}] = RectF(0.0, 2274.0, 1080.0, 2400.0) rotation: 0
04-10 01:28:31.358  6837  6837 I RotationTouchHelper: notifySysuiOfCurrentRotation, rotation = -1
04-10 01:28:31.358  6837  6837 I RecentsOrientedState: current RecentsOrientedState: [this=RecentsOrientedState@258676121 mOrientationHandler=PortraitPagedViewHandler@243466334 mDisplayRotation=0 mTouchRotation=0 mRecentsActivityRotation=0 mRecentsRotation=0 isRecentsActivityRotationAllowed=true mSystemRotation=true mStateId=38784 mFlags=303]
04-10 01:28:31.358  6837  6837 I RecentsView: reset
04-10 01:28:31.358  6837  6837 I RecentsView: setCurrentTask, runningTaskId : -1
04-10 01:28:31.358  6837  6837 I RecentsView: setRunningTaskHidden, isHidden : false
04-10 01:28:31.359  6837  6837 I RecentsOrientedState: current RecentsOrientedState: [this=RecentsOrientedState@258676121 mOrientationHandler=PortraitPagedViewHandler@243466334 mDisplayRotation=0 mTouchRotation=0 mRecentsActivityRotation=0 mRecentsRotation=0 isRecentsActivityRotationAllowed=true mSystemRotation=true mStateId=38784 mFlags=303]
04-10 01:28:31.359  6284  6284 D ViewRootImpl@1e09b6c[NotificationShade]: performTraversals mFirst=false windowShouldResize=false viewVisibilityChanged=false mForceNextWindowRelayout=false params={(0,0)(fillxfill) gr=TOP CENTER_VERTICAL sim={adjust=resize} layoutInDisplayCutoutMode=always ty=NOTIFICATION_SHADE fmt=TRANSLUCENT
04-10 01:28:31.359  6284  6284 D ViewRootImpl@1e09b6c[NotificationShade]:   fl=81840048
04-10 01:28:31.359  6284  6284 D ViewRootImpl@1e09b6c[NotificationShade]:   pfl=1b000000
04-10 01:28:31.359  6284  6284 D ViewRootImpl@1e09b6c[NotificationShade]:   bhv=SHOW_TRANSIENT_BARS_BY_SWIPE naviIconColor=0
04-10 01:28:31.359  6284  6284 D ViewRootImpl@1e09b6c[NotificationShade]:   sfl=60000}
04-10 01:28:31.359  6837  6837 I StateManager: goToStateAnimated mStateChanged is false
04-10 01:28:31.360  5665  5736 I AccessibilityServiceInfo: took more than 100ms mComponentName : ComponentInfo{com.samsung.android.accessibility.talkback/com.samsung.android.marvin.talkback.TalkBackService}, elapsedTime : 165
04-10 01:28:31.360  6837  6837 I StateManager: goToState no animation to Normal
04-10 01:28:31.362  6837  7266 I IMM_LC  : hsifw() - flag : 0
04-10 01:28:31.362  6837  7266 I IMM_LC  : hsifw() - mService.hideSoftInput
04-10 01:28:31.365  5329  5329 I Layer   : id=412 removeFromCurrentState Surface(name=8d36f32 InputMethod)/@0x5947e39 - animation-leash of insets_animation#412 (111)
04-10 01:28:31.366  6837  6837 W LauncherAppWidgetHost: setShouldListenFlag, mFlags:15 flag:start on:false isFront:false
04-10 01:28:31.368  5665  5685 V WindowManager: Relayout Window{a784085 u0 NotificationShade}: viewVisibility=4 req=1080x2400 d0
04-10 01:28:31.370  6284  6361 I ViewRootImpl@b9fd77d[test]: mWNT: t=0x7250b26200 mBlastBufferQueue=0x72456b0d00 fn= 4 caller= android.view.SyncRtSurfaceTransactionApplier.applyTransaction:96 android.view.SyncRtSurfaceTransactionApplier.lambda$scheduleApply$0$android-view-SyncRtSurfaceTransactionApplier:69 android.view.SyncRtSurfaceTransactionApplier$$ExternalSyntheticLambda0.onFrameDraw:4
04-10 01:28:31.370  6284  6361 D BLASTBufferQueue: mergeWithNextTransaction, mNativeObject= 0x72456b0d00 t.mNativeObject= 0x7250b26200 frameNumber= 4 caller= android.view.ViewRootImpl.mergeWithNextTransaction:12594 android.view.SyncRtSurfaceTransactionApplier.applyTransaction:96 android.view.SyncRtSurfaceTransactionApplier.lambda$scheduleApply$0$android-view-SyncRtSurfaceTransactionApplier:69 android.view.SyncRtSurfaceTransactionApplier$$ExternalSyntheticLambda0.onFrameDraw:4 android.graphics.HardwareRenderer$FrameDrawingCallback.onFrameDraw:924 android.view.ViewRootImpl$6.onFrameDraw:2053
04-10 01:28:31.371  5665  5685 V WindowManager: Relayout hash=a784085, pid=6284, syncId=-1: mAttrs={(0,0)(fillxfill) gr=TOP CENTER_VERTICAL sim={adjust=resize} layoutInDisplayCutoutMode=always ty=NOTIFICATION_SHADE fmt=TRANSLUCENT
04-10 01:28:31.371  5665  5685 V WindowManager:   fl=81840048
04-10 01:28:31.371  5665  5685 V WindowManager:   pfl=1b000000
04-10 01:28:31.371  5665  5685 V WindowManager:   bhv=SHOW_TRANSIENT_BARS_BY_SWIPE naviIconColor=0
04-10 01:28:31.371  5665  5685 V WindowManager:   sfl=60000}
04-10 01:28:31.371  5665  8655 D InputMethodManagerService: isImeSwitcherDisabledPackage : false
04-10 01:28:31.371  5665  6260 I AppWidgetServiceImpl: stopListening callbacks : null
04-10 01:28:31.372  6837  6837 W LauncherAppWidgetHost: stopListening, mFlags:10 isFront:false
04-10 01:28:31.372  6837  6837 W Launcher.NotificationListener: removeNotificationsChangedListener
04-10 01:28:31.372  6837  6837 I Launcher.NotificationListener: unregisterObserver, this is not notificationService!!
04-10 01:28:31.372  6837  6837 I BadgeCountUpdaterImpl: onNotificationsChangedDisConnected
04-10 01:28:31.374  6837  6837 I DecorView: notifyKeepScreenOnChanged: keepScreenOn=false
04-10 01:28:31.377  6284  6284 I ViewRootImpl@1e09b6c[NotificationShade]: Relayout returned: old=(0,0,1080,2400) new=(0,0,1080,2400) req=(1080,2400)4 dur=13 res=0x0 s={false 0x0} ch=false seqId=5
04-10 01:28:31.378  7525  7525 I GoogleInputMethodService: GoogleInputMethodService.onFinishInput():3302
04-10 01:28:31.378  6837  7269 I LiveIconUpdateEventHandler: cancelMinuteChangeAlarm
04-10 01:28:31.378  6837  6837 I MSHandlerLifeCycle: removeMultiSplitHandler: no exist. decor=DecorView@a00bcd0[LauncherActivity]
04-10 01:28:31.380 31808 31837 I PerfettoCapture: Cleanup perfetto before starting.
04-10 01:28:31.382  6284  6284 I FaceWidgetPositionAlgorithm: getClockContainerHeight() supplier = 270, bottom margin = 0, real height = 503
04-10 01:28:31.382  6284  6284 I FaceWidgetPositionAlgorithm: getClockContainerHeight() supplier = 270, bottom margin = 63, real height = 503
04-10 01:28:31.382  6284  6284 I FaceWidgetPositionAlgorithm: getMediaContainerHeight() height = 0 container Visibility = 8, isValid = false, mIsDozing = false, fraction = 1.0, source = 0, target = 0
04-10 01:28:31.382  6284  6284 I FaceWidgetPositionAlgorithm: getMediaContainerHeight() supplier = 0
04-10 01:28:31.384  6837  7269 I LiveIconUpdateEventHandler: cancelDateChangeAlarm
04-10 01:28:31.386  6284  6330 D OpenGLRenderer: setSurface called with nullptr
04-10 01:28:31.386  6284  6330 D OpenGLRenderer: setSurface() destroyed EGLSurface
04-10 01:28:31.386  6284  6330 D OpenGLRenderer: destroyEglSurface
04-10 01:28:31.386  6284  6284 D Navbar.NavigationBar: onPrioritizedRotation rotation : -1
04-10 01:28:31.387  6284  6324 D ViewRootImpl@b9fd77d[test]: performTraversals mFirst=false windowShouldResize=false viewVisibilityChanged=true mForceNextWindowRelayout=false params=null
04-10 01:28:31.389  5665  8655 V WindowManager: Relayout Window{a6cabaf u0 com.sec.android.app.launcher/com.sec.android.app.launcher.activities.LauncherActivity}: viewVisibility=8 req=1080x2400 d0
04-10 01:28:31.394  5665  5685 V WindowManager: Relayout Window{83cdbf1 u0 Splash Screen org.jetbrains.android_benchmark.test}: viewVisibility=8 req=1080x2400 d0
04-10 01:28:31.395  5665  8655 V WindowManager: Relayout hash=a6cabaf, pid=6837, syncId=-1: mAttrs={(0,0)(fillxfill) sim={adjust=nothing} layoutInDisplayCutoutMode=shortEdges ty=BASE_APPLICATION fmt=TRANSPARENT wanim=0x10302f4
04-10 01:28:31.395  5665  8655 V WindowManager:   fl=81910100
04-10 01:28:31.395  5665  8655 V WindowManager:   pfl=1e020040
04-10 01:28:31.395  5665  8655 V WindowManager:   vsysui=1700
04-10 01:28:31.395  5665  8655 V WindowManager:   bhv=SHOW_TRANSIENT_BARS_BY_SWIPE
04-10 01:28:31.395  5665  8655 V WindowManager:   fitSides= naviIconColor=0}
04-10 01:28:31.396  5329  5921 I SurfaceFlinger: id=412 Removed Surface(name=8d36f32 InputMethod)/@0x5947e39 - animation-leash of insets_animation#412 (111)
04-10 01:28:31.397  5665  5685 V WindowManager: Relayout hash=83cdbf1, pid=6284, syncId=-1: mAttrs={(0,0)(fillxfill) sim={adjust=pan} ty=APPLICATION_STARTING fmt=TRANSLUCENT wanim=0x1030001
04-10 01:28:31.397  5665  5685 V WindowManager:   fl=81030118
04-10 01:28:31.397  5665  5685 V WindowManager:   pfl=16000010
04-10 01:28:31.397  5665  5685 V WindowManager:   bhv=DEFAULT
04-10 01:28:31.397  5665  5685 V WindowManager:   fitSides= naviIconColor=0}
04-10 01:28:31.398  5329  5329 I Layer   : Layer [Splash Screen org.jetbrains.android_benchmark.test$_6284#419] hidden!! flag(1)
04-10 01:28:31.398  5329  5329 I Layer   : id=412 Destroyed Surface(name=8d36f32 InputMethod)/@0x5947e39 - animation-leash of insets_animation#412
04-10 01:28:31.399  6284  6324 I ViewRootImpl@b9fd77d[test]: Relayout returned: old=(0,0,1080,2400) new=(0,0,1080,2400) req=(1080,2400)8 dur=12 res=0x2 s={false 0x0} ch=true seqId=0
04-10 01:28:31.400  6837  6837 I ViewRootImpl@250b1f2[LauncherActivity]: Relayout returned: old=(0,0,1080,2400) new=(0,0,1080,2400) req=(1080,2400)8 dur=16 res=0x2 s={false 0x0} ch=false seqId=0
04-10 01:28:31.401  5466  8330 I CameraService: onUidStateChanged: uid=10054, procState is changed. (1 -> 0)
04-10 01:28:31.402  6837  6837 W PageOverlayMover: isMoving : false
04-10 01:28:31.402  6837  6837 I SPayUpdater: updateSpayHandler launcher activity is paused true
04-10 01:28:31.403  5665  5741 W libprocessgroup: Failed to open /dev/blkio//cgroup.procs: No such file or directory
04-10 01:28:31.403  6837  6837 I RecentsView: Skip loading task enabled : false  changeId : -1
04-10 01:28:31.403  6837  6837 I RecentsOrientedState: current RecentsOrientedState: [this=RecentsOrientedState@258676121 mOrientationHandler=PortraitPagedViewHandler@243466334 mDisplayRotation=0 mTouchRotation=0 mRecentsActivityRotation=0 mRecentsRotation=0 isRecentsActivityRotationAllowed=true mSystemRotation=true mStateId=38784 mFlags=303]
04-10 01:28:31.403  6837  6837 I SPayUpdater: updateSpayHandler launcher activity is paused true
04-10 01:28:31.405  5329  5329 D SurfaceFlinger: Display 0 HWC layers:
04-10 01:28:31.405  5329  5329 D SurfaceFlinger:      DEVICE | 0x771226af40 | 0102 | RGBA_8888    |    0.0    0.0 1080.0 2310.0 |    0   90 1080 2400 | org.jetbrains.android_benchmark.test[...]nchmark.IsolationActivity$_31808#424
04-10 01:28:31.405  5329  5329 D SurfaceFlinger:      DEVICE | 0x773f0c9080 | 0100 | RGBA_8888    |    0.0   43.0 1080.0   88.0 |    0    0 1080   45 | StatusBar$_6284#103
04-10 01:28:31.405  5329  5329 D SurfaceFlinger:      DEVICE | 0x773f0a7440 | 0100 | RGBA_8888    |    0.0    0.0 1080.0  126.0 |    0 2274 1080 2400 | NavigationBar0$_6284#94
04-10 01:28:31.405  5329  5329 D SurfaceFlinger:      DEVICE | 0x773f0ca5c0 | 0140 | RGBA_8888    |    0.0    0.0 1080.0  100.0 |    0    0 1080  100 | ScreenDecorOverlay$_6284#113
04-10 01:28:31.405  5329  5329 D SurfaceFlinger:      DEVICE | 0x773f0a5dc0 | 0140 | RGBA_8888    |    0.0    0.0 1080.0  100.0 |    0 2300 1080 2400 | ScreenDecorOverlayBottom$_6284#114
04-10 01:28:31.405  5329  5329 D SurfaceFlinger:
04-10 01:28:31.406  7525  7525 I GoogleInputMethodService: GoogleInputMethodService.updateDeviceLockedStatus():2152 repeatCheckTimes = 0, unlocked = true
04-10 01:28:31.406  7525  7525 D InputMethodService: checkFocusedDisplay() display Id 0last 0
