04-09 23:23:22.748  6284  6315 D Bubbles : onRankingUpdated : isActiveOrInOverflow= false , mTmpRanking.canBubble()= false ,isActive= false ,shouldBubbleUp= false ,mTmpRanking.isBubble()= false
04-09 23:23:22.749  6284  6315 D Bubbles : onRankingUpdated : isActiveOrInOverflow= false , mTmpRanking.canBubble()= false ,isActive= false ,shouldBubbleUp= false ,mTmpRanking.isBubble()= false
04-09 23:23:22.749  6284  6315 D Bubbles : onRankingUpdated : isActiveOrInOverflow= false , mTmpRanking.canBubble()= false ,isActive= false ,shouldBubbleUp= false ,mTmpRanking.isBubble()= false
04-09 23:23:22.749  6284  6315 D Bubbles : onRankingUpdated : isActiveOrInOverflow= false , mTmpRanking.canBubble()= false ,isActive= false ,shouldBubbleUp= false ,mTmpRanking.isBubble()= false
04-09 23:23:22.749  6284  6315 D Bubbles : onRankingUpdated : isActiveOrInOverflow= false , mTmpRanking.canBubble()= false ,isActive= false ,shouldBubbleUp= false ,mTmpRanking.isBubble()= false
04-09 23:23:22.749  6284  6315 D Bubbles : onRankingUpdated : isActiveOrInOverflow= false , mTmpRanking.canBubble()= false ,isActive= false ,shouldBubbleUp= false ,mTmpRanking.isBubble()= false
04-09 23:23:22.749  6284  6315 D Bubbles : onRankingUpdated : isActiveOrInOverflow= false , mTmpRanking.canBubble()= false ,isActive= false ,shouldBubbleUp= false ,mTmpRanking.isBubble()= false
04-09 23:23:22.749  6284  6315 D Bubbles : onRankingUpdated : isActiveOrInOverflow= false , mTmpRanking.canBubble()= false ,isActive= false ,shouldBubbleUp= false ,mTmpRanking.isBubble()= false
04-09 23:23:22.749  6284  6315 D Bubbles : onRankingUpdated : isActiveOrInOverflow= false , mTmpRanking.canBubble()= false ,isActive= false ,shouldBubbleUp= false ,mTmpRanking.isBubble()= false
04-09 23:23:22.749  6284  6315 D Bubbles : onRankingUpdated : isActiveOrInOverflow= false , mTmpRanking.canBubble()= false ,isActive= false ,shouldBubbleUp= false ,mTmpRanking.isBubble()= false
04-09 23:23:22.764  6284  6451 V MediaPlayer: resetDrmState:  mDrmInfo=null mDrmProvisioningThread=null mPrepareDrmInProgress=false mActiveDrmScheme=false
04-09 23:23:22.764  6284  6451 V MediaPlayer: cleanDrmObj: mDrmObj=null mDrmSessionId=null
04-09 23:23:22.764  6284  6451 V MediaPlayer-JNI: release
04-09 23:23:22.764  6284  6451 V MediaPlayerNative: setListener
04-09 23:23:22.765  6284  6451 V MediaPlayerNative: disconnect
04-09 23:23:22.765  6284  6451 V MediaPlayerNative: destructor
04-09 23:23:22.767  5665  5665 D MotionRecognitionManager: @ member 0 = com.android.server.notification.EasyMuteController$1@621b28f
04-09 23:23:22.767  5665  5665 D MotionRecognitionService:   .unregisterCallback : 0, client=com.android.server.notification.EasyMuteController$1@621b28f
04-09 23:23:22.767  5665  5665 D MotionRecognitionService: Acc/Gyro will be disabled by motion sensor  = 1
04-09 23:23:22.767  5665  5665 D MotionRecognitionService: Acc/Gyro will be disabled by motion sensor  = 2
04-09 23:23:22.768  5665  5665 D SensorService: Calling activate off 1601008243
04-09 23:23:22.769  6284  6451 V MediaPlayerNative: disconnect
04-09 23:23:22.769  6284  6373 D PeopleSpaceWidgetMgr: No app widget ids returned
04-09 23:23:22.770  6284  6451 V MediaPlayer-JNI: native_setup
04-09 23:23:22.770  6284  6451 V MediaPlayerNative: constructor
04-09 23:23:22.771  6284  6451 V MediaPlayerNative: setListener
04-09 23:23:22.774  6284  6451 V MediaPlayer-JNI: setParameter: key 1400
04-09 23:23:22.774  6284  6451 V MediaPlayerNative: MediaPlayer::setParameter(1400)
04-09 23:23:22.774  5297  5297 I SensorsHub: activate: handle 1 enable 0
04-09 23:23:22.774  5297  5297 I SensorsHub: type : 1, enable : 0
04-09 23:23:22.778  5297  5297 I SensorsHub: activate: handle 4 enable 0
04-09 23:23:22.779  5297  5297 I SensorsHub: type : 4, enable : 0
04-09 23:23:22.780  5665  5665 D SensorManager: unregisterListener :: com.samsung.android.gesture.MotionRecognitionService$SensorListener@bcb6afa
04-09 23:23:22.780  5665  5665 D MotionRecognitionService:   .finalizeMotionEngine
04-09 23:23:22.780  5249  5249 E audit   : type=1400 audit(1681075402.774:987): avc:  denied  { dac_override } for  pid=2228 comm="irq/166-1198000" capability=1  scontext=u:r:kernel:s0 tcontext=u:r:kernel:s0 tclass=capability permissive=0 SEPF_SM-A515F_13_0001 audit_filtered
04-09 23:23:22.780  5665  5665 I MotionRecognitionManager:   .unregisterListener : / listener count = 1->0, name :com.android.server.notification.EasyMuteController$1@621b28f
04-09 23:23:22.787  6210  6210 I FreeformContainer: [SmartPopupViewService] onNotificationRemoved: StatusBarNotification(pkg=org.telegram.messenger user=UserHandle{0} id=212076729 tag=null key=0|org.telegram.messenger|212076729|null|10268: Notification(channel=0channel_private_c21f9_-1661474636190883206 shortcut=ndid_212076729 contentView=null vibrate=null sound=null defaults=0x0 flags=0x10 color=0xff11acfa category=msg sortKey=9223370355779374807 actions=2 vis=PRIVATE locusId=LocusId[14_chars] semFlags=0x0 semPriority=0 semMissedCount=0))
04-09 23:23:22.787  6210  6246 I FreeformContainer: [Manager] handleMessage: SMART_POPUP_VIEW_REMOVE_ITEM
04-09 23:23:22.787  6210  6246 W FreeformContainer: [Manager] SMART_POPUP_VIEW_REMOVE_ITEM failed, due to no smart popup view item which has packageName: org.telegram.messenger
04-09 23:23:22.788  6284  6284 D BubblesManager: onEntryAdded : bubbleEntryAdded=false
04-09 23:23:22.791  9619 10534 I NotificationPipeline: Processing notification dismissal on phone: 0|org.telegram.messenger|212076729|null|10268
04-09 23:23:22.792  9619 10534 E Notification4Heart_NB: WatchFactory.getWatch-lastConnectedNodeId is null
04-09 23:23:22.793  6284  6284 D BubblesManager: setupNotifPipeline(), onEntryRemoved : reason=10
04-09 23:23:22.796  6284  6373 D PeopleSpaceWidgetMgr: No app widget ids returned
04-09 23:23:22.800  9619 10534 I NotifDismissalHandler: Notification 0|org.telegram.messenger|212076729|null|10268 dismissed on phone, deleting data item /bridger/stream_item:c8317ad1:org.telegram.messenger:212076729:null_tag:0~7Corg.telegram.messenger~7C212076729~7Cnull~7C10268
04-09 23:23:22.817  6284  6451 V MediaPlayer-JNI: setDataSourceFD: fd 316
04-09 23:23:22.817  6284  6451 V MediaPlayerNative: setDataSource(316, 6239784, 27128)
04-09 23:23:22.818  5491  5491 V MediaPlayerService: Create new client(23) from AttributionSourceState{pid: 6284, uid: 10054, packageName: com.android.systemui, attributionTag: (null), token: {no toString() implemented}, renouncedPermissions: [], next: []},
04-09 23:23:22.819  5491  5491 V MediaPlayerService: setDataSource fd=23, offset=6239784, length=27128
04-09 23:23:22.819  5491  5491 V MediaPlayerService: st_dev  = 64772
04-09 23:23:22.819  5491  5491 V MediaPlayerService: st_mode = 33188
04-09 23:23:22.820  5491  5491 V MediaPlayerService: st_uid  = 0
04-09 23:23:22.820  5491  5491 V MediaPlayerService: st_gid  = 0
04-09 23:23:22.820  5491  5491 V MediaPlayerService: st_size = 74659314
04-09 23:23:22.820  5491  5491 V MediaPlayerService: player type = 4
04-09 23:23:22.822  5491  5491 D NuPlayerDriver: NuPlayerDriver(0xec690080) created, clientPid(6284)
04-09 23:23:22.838  5491  5491 V AudioSink: AudioOutput(1001)
04-09 23:23:22.838  5491  5491 V NuPlayerDriver: setDataSource(0xec690080) file(23)
04-09 23:23:22.838  5491  5491 V NuPlayer: setDataSourceAsync fd 23/6239784/27128 source: 0xecb96b80
04-09 23:23:22.838  5491  6453 V NuPlayer: kWhatSetAudioSink
04-09 23:23:22.839  5491  6453 V NuPlayer: kWhatSetDataSource
04-09 23:23:22.839  6284  6451 V MediaPlayer-JNI: setLooping: 0
04-09 23:23:22.840  6284  6451 V MediaPlayerNative: MediaPlayer::setLooping
04-09 23:23:22.840  5491 31405 V MediaPlayerService: [23] setLooping(0)
04-09 23:23:22.840  6284  6451 V MediaPlayerNative: setVideoSurfaceTexture
04-09 23:23:22.840  5491 31405 V MediaPlayerService: [23] setVideoSurfaceTexture(0x0)
04-09 23:23:22.841  6284  6451 V MediaPlayerNative: prepare
04-09 23:23:22.841  5491 31405 V MediaPlayerService: [23] setParameter(1400)
04-09 23:23:22.841  5491 31405 V MediaPlayerService: setAudioAttributes_l() usage=5 content=4 flags=0x800 tags=
04-09 23:23:22.844  5491 31405 V MediaPlayerService: [23] prepareAsync
04-09 23:23:22.844  5491 31405 V NuPlayerDriver: prepareAsync(0xec690080)
04-09 23:23:22.844  5491 31405 V NuPlayer: prepareAsync
04-09 23:23:22.844  5491  6453 V NuPlayer: onMessageReceived kWhatPrepare
04-09 23:23:22.844  5491  6453 I MediaMonitor: MediaMonitor()
04-09 23:23:22.847  5415  5415 I DrmManagerService(Native): value of perm = 2 return true from DRM FW
04-09 23:23:22.847  5415  5415 E SEC_DRM_PLUGIN_Omafl: OmaPlugin::onOpenDecryptSession(fd)::Drm2IsDrmFileByExtFd::file is NOT DRM by extension
04-09 23:23:22.849  5491  6455 D GenericSource: FileSource remote
04-09 23:23:22.860  5480  8143 I MediaExtractorFactory: Created an extractor 'SECOggExtractor' with confidence 0.51
04-09 23:23:22.866  5491  6455 I AnotherPacketSource: setFormat() : audio/vorbis
04-09 23:23:22.867  5491  6453 V NuPlayer: onSourceNotify() kWhatFlagsChanged  FLAG_CAN_PAUSE: 1  FLAG_CAN_SEEK_BACKWARD: 1
04-09 23:23:22.867  5491  6453 V NuPlayer: 				 FLAG_CAN_SEEK_FORWARD: 1  FLAG_CAN_SEEK: 1  FLAG_DYNAMIC_DURATION: 0
04-09 23:23:22.867  5491  6453 V NuPlayer: 				 FLAG_SECURE: 0  FLAG_PROTECTED: 0
04-09 23:23:22.868  5491  6455 V NuPlayer: Source::notifyPrepared 0
04-09 23:23:22.868  5491  6453 V NuPlayer: prepare posted successfully.
04-09 23:23:22.868  5491  6453 I NuPlayer: ORmode enabled : unsupportedAudio = 0, unsupportedVideo = 0, mHaveAudioTrack = 1, mHaveVideoTrack = 0
04-09 23:23:22.868  5491  6453 V MediaPlayerService: [23] notify (200, 10973, 0)
04-09 23:23:22.869  5491  6453 V NuPlayer: NuPlayer::onSourceNotify Source::kWhatPrepared source: 0xecb96b80
04-09 23:23:22.869  6284  7561 V MediaPlayerNative: message received msg=200, ext1=10973, ext2=0
04-09 23:23:22.869  6284  7561 W MediaPlayerNative: info/warning (10973, 0)
04-09 23:23:22.869  5491  6453 V NuPlayer: extractMetadata Tracks : 1
04-09 23:23:22.872  5491  6453 V NuPlayer: enableInbandTextFromExtr
04-09 23:23:22.875  5491  6453 V NuPlayerDriver: notifyPrepareCompleted 0
04-09 23:23:22.875  5491  6453 V MediaPlayerService: [23] notify (1, 0, 0)
04-09 23:23:22.876  6284  7561 V MediaPlayerNative: message received msg=1, ext1=0, ext2=0
04-09 23:23:22.876  6284  7561 V MediaPlayerNative: MediaPlayer::notify() prepared
04-09 23:23:22.876  6284  7561 V MediaPlayerNative: signal application thread
04-09 23:23:22.876  6284  6451 V MediaPlayerNative: prepare complete - status=0
04-09 23:23:22.879  6284  6451 V MediaPlayerNative: invoke 76
04-09 23:23:22.879  5491 31405 V NuPlayer: getTrackInfo
04-09 23:23:22.879  5491  6453 W NuPlayer: no name
04-09 23:23:22.884  5491 31405 V MediaPlayerService: [23] enableAudioDeviceCallback, 1
04-09 23:23:22.884  5491 31405 V AudioSink: enableAudioDeviceCallback, 1
04-09 23:23:22.884  5665  5665 D AudioPlayerStateMonitor: Found a new active media playback. AudioPlaybackConfiguration piid:1031 deviceId:0 type:android.media.MediaPlayer u/pid:10054/6284 state:started attr:AudioAttributes: usage=USAGE_NOTIFICATION content=CONTENT_TYPE_SONIFICATION flags=0x800 tags= bundle=null sessionId:0
04-09 23:23:22.885  6284  6284 D MediaRouter: onRestoreRoute() : route=RouteInfo{ name=Phone, description=null, status=null, category=RouteCategory{ name=System types=ROUTE_TYPE_LIVE_AUDIO ROUTE_TYPE_LIVE_VIDEO  groupable=false }, supportedTypes=ROUTE_TYPE_LIVE_AUDIO ROUTE_TYPE_LIVE_VIDEO , presentationDisplay=null }
04-09 23:23:22.885  6284  6451 V MediaPlayer-JNI: start
04-09 23:23:22.885  6284  6451 V MediaPlayerNative: start
04-09 23:23:22.886  6284  6284 V MediaRouter: Selecting route: RouteInfo{ name=Phone, description=null, status=null, category=RouteCategory{ name=System types=ROUTE_TYPE_LIVE_AUDIO ROUTE_TYPE_LIVE_VIDEO  groupable=false }, supportedTypes=ROUTE_TYPE_LIVE_AUDIO ROUTE_TYPE_LIVE_VIDEO , presentationDisplay=null }
04-09 23:23:22.886  5491 31405 V MediaPlayerService: [23] setLooping(0)
04-09 23:23:22.887  5491 31405 V MediaPlayerService: [23] setVolume(1.000000, 1.000000)
04-09 23:23:22.887  5491 31405 V AudioSink: setVolume(1.000000, 1.000000)
04-09 23:23:22.887  5491 31405 V MediaPlayerService: [23] setAuxEffectSendLevel(0.000000)
04-09 23:23:22.887  5491 31405 V AudioSink: setAuxEffectSendLevel(0.000000)
04-09 23:23:22.888  5491 31405 V MediaPlayerService: [23] start
04-09 23:23:22.888  5491 31405 V MediaPlayerService: getClientDuration
04-09 23:23:22.888  5491 31405 V MediaPlayerService: getDuration
04-09 23:23:22.888  5491 31405 V MediaPlayerService: [23] getDuration = 2294
04-09 23:23:22.888  5491 31405 V NuPlayerDriver: start(0xec690080), state is 4, eos is 0
04-09 23:23:22.888  5491  6453 V NuPlayer: kWhatStart
04-09 23:23:22.888  5491  6453 V NuPlayer: onStart: mCrypto: 0x0 (0)
04-09 23:23:22.888  5491  6453 I GenericSource: start
04-09 23:23:22.888  5491  6453 V NuPlayer: checkOffloadExceptions is true, call canOffloadStream
04-09 23:23:22.889  5325  8369 V APM_AudioPolicyManager: getOffloadSupport: SR=44100, CM=0x3, Format=0x7000000, StreamType=5, BitRate=128000, duration=2294195 us, has_video=0
04-09 23:23:22.889  5325  8369 V APM_AudioPolicyManager: isOffloadPossible: stream_type != MUSIC, returning false
04-09 23:23:22.889  5491  6453 I MediaClock: setPlaybackRate rate : 1.000000
04-09 23:23:22.891  6284  6451 V MediaPlayerNative: invoke 76
04-09 23:23:22.891  6284  6450 W RingtonePlayer: STOP command without a player
04-09 23:23:22.891  5491  6462 I NuPlayerRenderer: onConfigPlayback
04-09 23:23:22.891  5491 31405 V NuPlayer: getTrackInfo
04-09 23:23:22.891  5491  6462 I MediaClock: setPlaybackRate rate : 1.000000
04-09 23:23:22.891  5491  6462 I MediaClock: setSpeedAjust mSASpeed (0), mMinClockModificationTimeUs (80000)
04-09 23:23:22.891  5491  6453 I NuPlayerRenderer: setDuration (2294195)
04-09 23:23:22.891  5491  6453 I AudioFrameCollector: use AudioFrameCollector
04-09 23:23:22.891  5491  6462 I NuPlayerRenderer: kWhatSetRefRate - refRate(1.000000)
04-09 23:23:22.891  5491  6453 V NuPlayer: startPlaybackTimer() time        3301434061791 (onstart)
04-09 23:23:22.892  5491  6453 W NuPlayer: no name
04-09 23:23:22.892  5491  6453 V NuPlayer: scanning sources haveAudio=0, haveVideo=0
04-09 23:23:22.892  5491  6453 V NuPlayer: checkOffloadExceptions is true, call canOffloadStream
04-09 23:23:22.892  5325  8369 V APM_AudioPolicyManager: getOffloadSupport: SR=44100, CM=0x3, Format=0x7000000, StreamType=5, BitRate=128000, duration=2294195 us, has_video=0
04-09 23:23:22.892  5325  8369 V APM_AudioPolicyManager: isOffloadPossible: stream_type != MUSIC, returning false
04-09 23:23:22.892  5491  6453 V NuPlayer: make Decoder (audio)
04-09 23:23:22.893  5491  6453 V NuPlayer: instantiateDecoder audio Decoder
04-09 23:23:22.897  5491  6464 I CCodec  : state->set(ALLOCATING)
04-09 23:23:22.897  5491  6464 I CCodec  : allocate(c2.android.vorbis.decoder)
04-09 23:23:22.903  5491  6464 I CCodec  : setting up 'default' as default (vendor) store
04-09 23:23:22.907  5491  6455 I GenericSource: readBuffer(Audio) mode = 0, EOS
04-09 23:23:22.908  5491  6464 I CCodec  : Created component [c2.android.vorbis.decoder]
04-09 23:23:22.908  5491  6464 I CCodec  : state->set(ALLOCATED)
04-09 23:23:22.910  5491  6464 D CCodecConfig: read media type: audio/vorbis
04-09 23:23:22.921  5491  6464 D ReflectedParamUpdater: extent() != 1 for single value type: algo.buffers.max-count.values
04-09 23:23:22.924  5491  6464 D ReflectedParamUpdater: extent() != 1 for single value type: output.subscribed-indices.values
04-09 23:23:22.924  5491  6464 D ReflectedParamUpdater: extent() != 1 for single value type: input.buffers.allocator-ids.values
04-09 23:23:22.925  5491  6464 D ReflectedParamUpdater: extent() != 1 for single value type: output.buffers.allocator-ids.values
04-09 23:23:22.926  5491  6464 D ReflectedParamUpdater: extent() != 1 for single value type: algo.buffers.allocator-ids.values
04-09 23:23:22.927  5491  6464 D ReflectedParamUpdater: extent() != 1 for single value type: output.buffers.pool-ids.values
04-09 23:23:22.927  5491  6464 D ReflectedParamUpdater: extent() != 1 for single value type: algo.buffers.pool-ids.values
04-09 23:23:22.932  5491  6464 I CCodecConfig: query failed after returning 7 values (BAD_INDEX)
04-09 23:23:22.933  5491  6464 D CCodecConfig: c2 config diff is Dict {
04-09 23:23:22.933  5491  6464 D CCodecConfig:   c2::u32 coded.bitrate.value = 64000
04-09 23:23:22.933  5491  6464 D CCodecConfig:   c2::u32 input.buffers.max-size.value = 32768
04-09 23:23:22.933  5491  6464 D CCodecConfig:   c2::u32 input.delay.value = 0
04-09 23:23:22.933  5491  6464 D CCodecConfig:   string input.media-type.value = "audio/vorbis"
04-09 23:23:22.933  5491  6464 D CCodecConfig:   string output.media-type.value = "audio/raw"
04-09 23:23:22.933  5491  6464 D CCodecConfig:   c2::u32 raw.channel-count.value = 1
04-09 23:23:22.933  5491  6464 D CCodecConfig:   c2::u32 raw.sample-rate.value = 48000
04-09 23:23:22.933  5491  6464 D CCodecConfig: }
04-09 23:23:22.935  5491  6464 D CCodec  : [c2.android.vorbis.decoder] buffers are bound to CCodec for this session
04-09 23:23:22.935  5491  6464 I CCodec  : appPid(6284) width(0) height(0)
04-09 23:23:22.935  5491  6464 D CCodecConfig: no c2 equivalents for durationUs
04-09 23:23:22.935  5491  6464 D CCodecConfig: no c2 equivalents for csd-1
04-09 23:23:22.935  5491  6464 D CCodecConfig: no c2 equivalents for app-pid
04-09 23:23:22.935  5491  6464 D CCodecConfig: no c2 equivalents for flags
04-09 23:23:22.937  5491  6464 D CCodecConfig: c2 config diff is   c2::u32 coded.bitrate.value = 128000
04-09 23:23:22.937  5491  6464 D CCodecConfig:   c2::u32 raw.channel-count.value = 2
04-09 23:23:22.937  5491  6464 D CCodecConfig:   c2::u32 raw.sample-rate.value = 44100
04-09 23:23:22.938  5491  6464 W Codec2Client: query -- param skipped: index = 1107298332.
04-09 23:23:22.938  5491  6464 D CCodec  : encoding statistics level = 0
04-09 23:23:22.938  5491  6464 D CCodec  : setup formats input: AMessage(what = 0x00000000) = {
04-09 23:23:22.938  5491  6464 D CCodec  :   int32_t bitrate = 128000
04-09 23:23:22.938  5491  6464 D CCodec  :   int32_t channel-count = 2
04-09 23:23:22.938  5491  6464 D CCodec  :   int32_t max-input-size = 32768
04-09 23:23:22.938  5491  6464 D CCodec  :   string mime = "audio/vorbis"
04-09 23:23:22.938  5491  6464 D CCodec  :   int32_t sample-rate = 44100
04-09 23:23:22.938  5491  6464 D CCodec  :   int64_t durationUs = 2294195
04-09 23:23:22.938  5491  6464 D CCodec  : }
04-09 23:23:22.938  5491  6464 D CCodec  : setup formats output: AMessage(what = 0x00000000) = {
04-09 23:23:22.938  5491  6464 D CCodec  :   int32_t channel-count = 2
04-09 23:23:22.938  5491  6464 D CCodec  :   string mime = "audio/raw"
04-09 23:23:22.938  5491  6464 D CCodec  :   int32_t sample-rate = 44100
04-09 23:23:22.938  5491  6464 D CCodec  :   int32_t channel-mask = 3
04-09 23:23:22.938  5491  6464 D CCodec  :   int32_t android._config-pcm-encoding = 2
04-09 23:23:22.938  5491  6464 D CCodec  : }
04-09 23:23:22.938  5491  6464 I CCodecConfig: query failed after returning 7 values (BAD_INDEX)
04-09 23:23:22.939  5491  6464 I MediaCodec: MediaCodec will operate in async mode
04-09 23:23:22.939  5491  6463 D MediaCodec: keep callback message for reclaim
04-09 23:23:22.939  5491  6464 I CCodec  : state->set(STARTING)
04-09 23:23:22.941  5491  6464 W Codec2Client: query -- param skipped: index = 1342179345.
04-09 23:23:22.941  5491  6464 W Codec2Client: query -- param skipped: index = 2415921170.
04-09 23:23:22.942  5491  6464 D CCodecBufferChannel: [c2.android.vorbis.decoder#451] Created input block pool with allocatorID 16 => poolID 38 - OK (0)
04-09 23:23:22.945  5491  6464 I CCodecBufferChannel: [c2.android.vorbis.decoder#451] Created output block pool with allocatorID 16 => poolID 38 - OK
04-09 23:23:22.945  5491  6464 D CCodecBufferChannel: [c2.android.vorbis.decoder#451] Configured output block pool ids 38 => OK
04-09 23:23:22.946  5491  6464 I CCodec  : state->set(RUNNING)
04-09 23:23:22.946  5310  5691 I SEC_componentStore: >>SEC Codec2's2 SetIonUsage : 1
04-09 23:23:22.946  5310  5691 I SEC_componentStore: >>SEC Codec2's SetIonUsage
04-09 23:23:22.947  5491  6464 I CCodecBufferChannel: [c2.android.vorbis.decoder#451] 4 initial input buffers available
04-09 23:23:22.948  5525  6465 D SimpleC2Component: Using output block pool with poolID 38 => got 38 - 0
04-09 23:23:22.973  5310  5691 I SEC_componentStore: >>SEC Codec2's2 SetIonUsage : 1
04-09 23:23:22.973  5310  5691 I SEC_componentStore: >>SEC Codec2's SetIonUsage
04-09 23:23:22.990  5491  6462 I NuPlayerRenderer: openAudioSink: open AudioSink in NON-offload mode audioFormat : 1, flags : 0
04-09 23:23:22.990  5491  6462 V AudioSink: +++ close
04-09 23:23:22.990  5491  6462 V AudioSink: --- close
04-09 23:23:22.991  5325  8369 V APM_AudioPolicyManager: selectOutput new bestOutput 13 criteria 0 100 0 0 0 1 0 2
04-09 23:23:22.992  5325  8369 V APM_AudioPolicyManager: getOutput() stream 3 selected devices {AUDIO_DEVICE_OUT_SPEAKER, @:}, output 13
04-09 23:23:22.993  5325  5531 V APM_AudioPolicyManager: selectOutput new bestOutput 13 criteria 0 100 0 0 0 1 0 2
04-09 23:23:22.993  5325  5531 V APM_AudioPolicyManager: getOutput() stream 3 selected devices {AUDIO_DEVICE_OUT_SPEAKER, @:}, output 13
04-09 23:23:22.994  5325  6980 V APM_AudioPolicyManager: selectOutput new bestOutput 13 criteria 0 100 0 0 0 1 0 2
04-09 23:23:22.994  5325  6980 V APM_AudioPolicyManager: getOutput() stream 3 selected devices {AUDIO_DEVICE_OUT_SPEAKER, @:}, output 13
04-09 23:23:22.995  5491  6462 I NuPlayerRenderer: checkAudioSinkPcmMsSetting 500
04-09 23:23:22.995  5491  6462 V AudioSink: open(44100, 2, 0x3, 0x1, 0, 1001 0x0)
04-09 23:23:22.996  5325  8369 V APM_AudioPolicyManager: selectOutput new bestOutput 13 criteria 0 100 0 0 0 0 0 2
04-09 23:23:22.996  5325  8369 V APM_AudioPolicyManager: getOutput() stream 5 selected devices {AUDIO_DEVICE_OUT_SPEAKER, @:}, output 13
04-09 23:23:22.997  5325  5531 V APM_AudioPolicyManager: selectOutput new bestOutput 13 criteria 0 100 0 0 0 0 0 2
04-09 23:23:22.997  5325  5531 V APM_AudioPolicyManager: getOutput() stream 5 selected devices {AUDIO_DEVICE_OUT_SPEAKER, @:}, output 13
04-09 23:23:22.998  5491  6462 V AudioSink: no track available to recycle
04-09 23:23:22.998  5491  6462 V AudioSink: creating new AudioTrack
04-09 23:23:23.000  5325  5643 I SoundAlive_SRC384 arch64: SoundAlive_SRC384: Instance 23 Init(outFs 8, InFs 7, chnum 2, outBW 3, inBW 3)
04-09 23:23:23.000  5325  5643 I Samsung_SoundAlive_SRC arch64: SRC384 version Samsung SoundAlive SRC ver320 arch64  2021.08.04 (Cppref for ARM64, ver.300.c 32bit 07_10_2016 based)
04-09 23:23:23.003  5325  6980 V APM_AudioPolicyManager: getOutputForAttrInt() attributes={ Content type: AUDIO_CONTENT_TYPE_SONIFICATION Usage: AUDIO_USAGE_NOTIFICATION Source: AUDIO_SOURCE_INVALID Flags: 0x800 Tags:  } stream=AUDIO_STREAM_NOTIFICATION session 1001 selectedDeviceId 0
04-09 23:23:23.003  5325  6980 V APM_AudioPolicyManager: getOutputForAttrInt() device {AUDIO_DEVICE_OUT_SPEAKER, @:}, sampling rate 44100, format 0x1, channel mask 0x3, flags 0x300002 stream AUDIO_STREAM_NOTIFICATION
04-09 23:23:23.003  5325  6980 V APM_AudioPolicyManager: selectOutput new bestOutput 13 criteria 0 100 0 0 0 1 4 2
04-09 23:23:23.003  5325  6980 V APM_AudioPolicyManager: getOutputForAttrInt returns output 13 selectedDeviceId 3
04-09 23:23:23.003  5325  6980 V APM_AudioPolicyManager: getOutputForAttr() returns output 13 requestedPortId 0 selectedDeviceId 3 for port ID 34
04-09 23:23:23.004  5325  6980 I AudioFlinger: nonSecFlag 0, secFlag 300000, outputFlags a
04-09 23:23:23.004  5325  6980 D AudioFlinger: Client defaulted notificationFrames to 7350 for frameCount 22050
04-09 23:23:23.009  5325  6980 D AF::TrackHandle: OpPlayAudio: track:73 usage:5 not muted
04-09 23:23:23.012  5325  6980 I AF::Track: setMixerOutConfig expectKey 202
04-09 23:23:23.012  5325  6980 I AF::Track: setMixerOutConfig select, mixer out f 5, s 48000, thread out f 1, s 48000
04-09 23:23:23.018  5491  6462 V AudioSink: deleteRecycledTrack_l
04-09 23:23:23.018  5491  6462 V AudioSink: setVolume
04-09 23:23:23.018  5491  6462 D AudioTrack: setVolume(1.000000, 1.000000) pid : 6284
04-09 23:23:23.020  5491  6462 V AudioSink: updateTrack() DONE status 0
04-09 23:23:23.020  5491  6462 V AudioSink: setPlaybackRate(1.000000 1.000000 2 0)
04-09 23:23:23.020  5491  6462 V AudioSink: start
04-09 23:23:23.020  5491  6462 D AudioTrack: setVolume(1.000000, 1.000000) pid : 6284
04-09 23:23:23.021  5491  6462 I SAG_VOR_a32: VoiceActivityDetectionInit() Version Samsung VAD v3.0 a32 2020.06.22)
04-09 23:23:23.021  5325  8369 I AF::Track: setMixerOutConfig expectKey 202
04-09 23:23:23.021  5325  8369 I AF::Track: setMixerOutConfig select, mixer out f 5, s 48000, thread out f 1, s 48000
04-09 23:23:23.022  5325  8369 E EffectsConfig: Invalid <stream|device> type sec_voice_communication: <stream type="sec_voice_communication">
04-09 23:23:23.022  5325  8369 E EffectsConfig:     <apply effect="aec"/>
04-09 23:23:23.022  5325  8369 E EffectsConfig: </stream>
04-09 23:23:23.022  5325  8369 V APM_AudioPolicyManager: startOutput portId 34
04-09 23:23:23.022  5325  8369 V APM_AudioPolicyManager: startOutput() output 13, stream 5, session 1001
04-09 23:23:23.022  5325  8369 V APM_AudioPolicyManager: setBeaconMute(1) mBeaconMuteRefCount=2 mBeaconPlayingRefCount=0
04-09 23:23:23.024  5325  8369 I AudioFlinger: updateStageIndex new -1303
04-09 23:23:23.026  5491  6462 I MediaClock: setThreshold mThresholdTimeUsForAnchor(500000), mMinClockModificationTimeUs(80000), mMaxCorrectionTimeUs(30000)
04-09 23:23:23.026  5491  6462 I NuPlayerRenderer: onAudioSinkChanged() getPosition : 0
04-09 23:23:23.026  5491  6462 I MediaClock: setPlaybackRate rate : 0.000000
04-09 23:23:23.026  5491  6462 I NuPlayerRenderer: onDrainAudioQueue() send kWhatPollingAudioStarted audio_out : 0
04-09 23:23:23.026  5491  5491 V MediaPlayerService: [23] notify (10000, 13, 3)
04-09 23:23:23.027  5491  6462 I NuPlayerRenderer: setAudioFirstAnchorTime mAudioFirstAnchorTimeMediaUs : -1, new mediaTimeUs : 0
04-09 23:23:23.027  5491  6462 I MediaClock: getMediaTime_l - mAnchorTimeRealUs is '-1'
04-09 23:23:23.027  6284  7561 V MediaPlayerNative: message received msg=10000, ext1=13, ext2=3
04-09 23:23:23.027  5491  6462 I MediaClock: getMediaTime_l - mAnchorTimeRealUs is '-1'
04-09 23:23:23.027  5491  6453 V NuPlayer: media rendering started
04-09 23:23:23.027  5491  6462 I MediaClock: getMediaTime_l - mAnchorTimeRealUs is '-1'
04-09 23:23:23.027  5491  6453 V MediaPlayerService: [23] notify (6, 0, 0)
04-09 23:23:23.027  5491  6462 I MediaClock: getMediaTime_l - mAnchorTimeRealUs is '-1'
04-09 23:23:23.028  6284  7561 V MediaPlayerNative: message received msg=6, ext1=0, ext2=0
04-09 23:23:23.028  5491  5491 V MediaPlayerService: [23] getRoutedDeviceId
04-09 23:23:23.029  5491  5491 V AudioSink: getRoutedDeviceId
04-09 23:23:23.029  5281  5662 D audio_hw_primary: primary_out-out_update_source_metadata: called, but not implemented yet
04-09 23:23:23.029  5281  5662 D audio_hw_primary: primary_out-out_update_source_metadata: This stream has 2 tracks
04-09 23:23:23.029  5281  5662 D audio_hw_primary: 1 Track has Usage(5), Content Type(4), Gain(0.044668)
04-09 23:23:23.029  5281  5662 D audio_hw_primary: 2 Track has Usage(5), Content Type(4), Gain(0.000000)
04-09 23:23:23.029  6284  7561 V MediaPlayerNative: Received media started message
04-09 23:23:23.030  5325  6980 V APM_AudioPolicyManager: listAudioPorts() role 0 type 0 num_ports 0 ports 0x7c54df8038
04-09 23:23:23.030  5325  6980 V APM_AudioPolicyManager: listAudioPorts() got 0 ports needed 9
04-09 23:23:23.030  5325  6980 V APM_AudioPolicyManager: listAudioPorts() role 0 type 0 num_ports 9 ports 0x7c36911ec0
04-09 23:23:23.031  5325  6980 V APM_AudioPolicyManager: listAudioPorts() got 9 ports needed 9
04-09 23:23:23.032  5491  6462 D AudioTrack: getTimestamp_l(34): device stall time corrected using current time 3301574417368
04-09 23:23:23.035  5491  6462 I MediaClock: getMediaTime_l - mAnchorTimeRealUs is '-1'
04-09 23:23:23.035  5491  6462 I MediaClock: getMediaTime_l - mAnchorTimeRealUs is '-1'
04-09 23:23:23.036  5491  6462 I MediaClock: getMediaTime_l - mAnchorTimeRealUs is '-1'
04-09 23:23:23.036  5491  5491 I MediaClock: getMediaTime_l - mAnchorTimeRealUs is '-1'
04-09 23:23:23.036  5491  5491 V NuPlayerDriver: getCurrentPosition(0xec690080) 0 (msec), at state 5
04-09 23:23:23.037  5491  6453 V MediaPlayerService: [23] notify (211, 0, 0)
04-09 23:23:23.037  6284  7561 V MediaPlayerNative: message received msg=211, ext1=0, ext2=0
04-09 23:23:23.101  5325  5643 I AudioMixer: create resampler src 44100, 2, dst 48000, 2, f 0x5, q 8
04-09 23:23:23.101  5281  5662 D audio_hw_primary: primary_out-out_update_source_metadata: called, but not implemented yet
04-09 23:23:23.101  5281  5662 D audio_hw_primary: primary_out-out_update_source_metadata: This stream has 2 tracks
04-09 23:23:23.102  5281  5662 D audio_hw_primary: 1 Track has Usage(5), Content Type(4), Gain(0.044668)
04-09 23:23:23.102  5281  5662 D audio_hw_primary: 2 Track has Usage(5), Content Type(4), Gain(0.044668)
04-09 23:23:23.102  5325  5643 I SoundAlive_SRC384 arch64: SoundAlive_SRC384() ID = 24 GID = 25
04-09 23:23:23.102  5325  5643 I SoundAlive_SRC384 arch64: SoundAlive_SRC384: Instance 24 Init(outFs 7, InFs 7, chnum 0, outBW 0, inBW 0)
04-09 23:23:23.102  5325  5643 I Samsung_SoundAlive_SRC arch64: SRC384 version Samsung SoundAlive SRC ver320 arch64  2021.08.04 (Cppref for ARM64, ver.300.c 32bit 07_10_2016 based)
04-09 23:23:23.102  5325  5643 D SoundAliveResampler: [SoundAliveResampler] Init+++
04-09 23:23:23.103  5325  5643 I SoundAlive_SRC384 arch64: SoundAlive_SRC384: Instance 24 Init(outFs 8, InFs 7, chnum 2, outBW 3, inBW 3)
04-09 23:23:23.103  5325  5643 I Samsung_SoundAlive_SRC arch64: SRC384 version Samsung SoundAlive SRC ver320 arch64  2021.08.04 (Cppref for ARM64, ver.300.c 32bit 07_10_2016 based)
04-09 23:23:23.162  5491  6402 I NuPlayerRenderer: [audio] notifyEOS() End of Stream, delayUs : 0
04-09 23:23:23.162  5491  6398 V NuPlayer: reached audio EOS
04-09 23:23:23.162  5491  6398 V NuPlayerDriver: notifyListener_l(0xecd46c80), playback complete, loop setting(0, 0)
04-09 23:23:23.162  5491  6398 V MediaPlayerService: [22] notify (2, 0, 0)
04-09 23:23:23.163  5491  6398 V NuPlayer: updatePlaybackTimer(stop)  time        3298928688639 (onPause)
04-09 23:23:23.163  5491  6398 V NuPlayer: updatePlaybackTimer()  log            2776654806
04-09 23:23:23.163  5491  6398 I GenericSource: pause
04-09 23:23:23.163  5491  6399 I GenericSource: kWhatPause
04-09 23:23:23.164  5491  6402 I NuPlayerRenderer: onPause
04-09 23:23:23.164  5491  6402 I MediaClock: setPlaybackRate rate : 0.000000
04-09 23:23:23.164  5491  6402 V AudioSink: stop
04-09 23:23:23.164  6284  7561 V MediaPlayerNative: message received msg=2, ext1=0, ext2=0
04-09 23:23:23.165  6284  7561 V MediaPlayerNative: playback complete
04-09 23:23:23.165  5491  6398 V MediaPlayerService: [22] notify (211, 0, 0)
04-09 23:23:23.170  6284  7561 W MessageQueue: Handler (android.media.MediaPlayer$EventHandler) {d54c9c4} sending message to a Handler on a dead thread
04-09 23:23:23.170  6284  7561 W MessageQueue: java.lang.IllegalStateException: Handler (android.media.MediaPlayer$EventHandler) {d54c9c4} sending message to a Handler on a dead thread
04-09 23:23:23.170  6284  7561 W MessageQueue: 	at android.os.MessageQueue.enqueueMessage(MessageQueue.java:560)
04-09 23:23:23.170  6284  7561 W MessageQueue: 	at android.os.Handler.enqueueMessage(Handler.java:778)
04-09 23:23:23.170  6284  7561 W MessageQueue: 	at android.os.Handler.sendMessageAtTime(Handler.java:727)
04-09 23:23:23.170  6284  7561 W MessageQueue: 	at android.os.Handler.sendMessageDelayed(Handler.java:697)
04-09 23:23:23.170  6284  7561 W MessageQueue: 	at android.os.Handler.sendMessage(Handler.java:635)
04-09 23:23:23.170  6284  7561 W MessageQueue: 	at android.media.MediaPlayer.postEventFromNative(MediaPlayer.java:4400)
04-09 23:23:23.170  6284  7561 V MediaPlayerNative: message received msg=211, ext1=0, ext2=0
04-09 23:23:23.171  6284  7561 W MessageQueue: Handler (android.media.MediaPlayer$EventHandler) {d54c9c4} sending message to a Handler on a dead thread
04-09 23:23:23.171  6284  7561 W MessageQueue: java.lang.IllegalStateException: Handler (android.media.MediaPlayer$EventHandler) {d54c9c4} sending message to a Handler on a dead thread
04-09 23:23:23.171  6284  7561 W MessageQueue: 	at android.os.MessageQueue.enqueueMessage(MessageQueue.java:560)
04-09 23:23:23.171  6284  7561 W MessageQueue: 	at android.os.Handler.enqueueMessage(Handler.java:778)
04-09 23:23:23.171  6284  7561 W MessageQueue: 	at android.os.Handler.sendMessageAtTime(Handler.java:727)
04-09 23:23:23.171  6284  7561 W MessageQueue: 	at android.os.Handler.sendMessageDelayed(Handler.java:697)
04-09 23:23:23.171  6284  7561 W MessageQueue: 	at android.os.Handler.sendMessage(Handler.java:635)
04-09 23:23:23.171  6284  7561 W MessageQueue: 	at android.media.MediaPlayer.postEventFromNative(MediaPlayer.java:4400)
04-09 23:23:23.182  5325  5516 V APM_AudioPolicyManager: stopOutput portId 33
04-09 23:23:23.183  5325  5516 V APM_AudioPolicyManager: stopOutput() output 13, stream 5, session 985
04-09 23:23:23.183  5325  5516 V APM_AudioPolicyManager: setBeaconMute(1) mBeaconMuteRefCount=1 mBeaconPlayingRefCount=0
04-09 23:23:23.183  5281  5662 D audio_hw_primary: primary_out-out_update_source_metadata: called, but not implemented yet
04-09 23:23:23.183  5281  5662 D audio_hw_primary: primary_out-out_update_source_metadata: This stream has 1 tracks
04-09 23:23:23.183  5281  5662 D audio_hw_primary: 1 Track has Usage(5), Content Type(4), Gain(0.044668)
04-09 23:23:23.261  5491  6462 I NuPlayerRenderer: kWhatPollingAudioStarted clock running played_out : 15474 us, audio_out : 0 us, gap : 15474 us
04-09 23:23:23.261  5491  6462 I NuPlayerRenderer: kWhatPollingAudioStarted update nowMediaUs : 10349 us
04-09 23:23:23.261  5491  6462 I MediaClock: setPlaybackRate rate : 1.000000
04-09 23:23:23.261  5491  6453 V MediaPlayerService: [23] notify (211, 0, 0)
04-09 23:23:23.262  5491  6462 I MediaClock: setSpeedAjust mSASpeed (0), mMinClockModificationTimeUs (80000)
04-09 23:23:23.262  5491  6453 V MediaPlayerService: [23] notify (211, 0, 0)
04-09 23:23:23.262  5491  6453 V MediaPlayerService: [23] notify (211, 0, 0)
04-09 23:23:23.263  6284  7561 V MediaPlayerNative: message received msg=211, ext1=0, ext2=0
04-09 23:23:23.263  6284  7561 V MediaPlayerNative: message received msg=211, ext1=0, ext2=0
04-09 23:23:23.263  6284  7561 V MediaPlayerNative: message received msg=211, ext1=0, ext2=0
04-09 23:23:23.427  6284  6373 D MobileStatusTracker(1/2): onDataActivity: direction=3
04-09 23:23:23.432  6284  6373 D MobileSignalController(1/2): notifyListener: enabled=true, connected=true, dataConnected=true, networkType=LTE (4G), emergencyOnly=false, roaming=false, isDefault=true, dataActivity=inout, level=2, ca=false, mmWave=false, disabledDataIcon=false, simCard=ETC
04-09 23:23:23.791  6284  6284 D SecPowerUI.Notification: showChargingNotice oldChargingType : 11 currentChargingType : 11 oldChargingTime : 2700000 mChargingTime : 2700000
04-09 23:23:23.792  6284  6284 D SecPowerUI.Notification: There is no change about charging status, so return!
04-09 23:23:24.854  5491  6455 I GenericSource: readBuffer(Audio) mode = 0, EOS
04-09 23:23:24.856  5491  6455 I GenericSource: readBuffer(Audio) mode = 0, EOS
04-09 23:23:24.857  5491  6463 I NuPlayerDecoder: End of Stream
04-09 23:23:24.863  5491  6463 I NuPlayerDecoder: End of Stream
04-09 23:23:24.867  5491  6464 D CCodecBufferChannel: [c2.android.vorbis.decoder#451] buffers after EOS ignored (0 us)
04-09 23:23:24.867  5491  6462 I NuPlayerRenderer: onQueueEOS audio finalResult : -1011
04-09 23:23:25.119  5491  6462 I NuPlayerRenderer: [audio] notifyEOS() End of Stream, delayUs : 422105
04-09 23:23:25.119  5491  6462 V AudioSink: stop
04-09 23:23:25.119  5491  6462 D AudioTrack: stop(34): called with 101174 frames delivered
04-09 23:23:25.381  5325  5643 I SoundAlive_SRC384 arch64: SoundAlive_SRC384: Instance 24 Init(outFs 8, InFs 7, chnum 2, outBW 3, inBW 3)
04-09 23:23:25.381  5325  5643 I Samsung_SoundAlive_SRC arch64: SRC384 version Samsung SoundAlive SRC ver320 arch64  2021.08.04 (Cppref for ARM64, ver.300.c 32bit 07_10_2016 based)
04-09 23:23:25.493  6284  6373 D MobileStatusTracker(1/2): onDataActivity: direction=0
04-09 23:23:25.496  6284  6373 D MobileSignalController(1/2): notifyListener: enabled=true, connected=true, dataConnected=true, networkType=LTE (4G), emergencyOnly=false, roaming=false, isDefault=true, dataActivity=, level=2, ca=false, mmWave=false, disabledDataIcon=false, simCard=ETC
04-09 23:23:25.534  5525  5659 D BufferPoolAccessor2.0: evictor expired: 1, evicted: 0
04-09 23:23:25.541  5491  6462 I NuPlayerRenderer: [audio] notifyEOS() End of Stream, delayUs : 0
04-09 23:23:25.542  5491  6453 V NuPlayer: reached audio EOS
04-09 23:23:25.542  5491  6453 V NuPlayerDriver: notifyListener_l(0xec690080), playback complete, loop setting(0, 0)
04-09 23:23:25.542  5491  6453 V MediaPlayerService: [23] notify (2, 0, 0)
04-09 23:23:25.542  6284  7561 V MediaPlayerNative: message received msg=2, ext1=0, ext2=0
04-09 23:23:25.542  5491  6453 V NuPlayer: updatePlaybackTimer(stop)  time        3301434061791 (onPause)
04-09 23:23:25.542  6284  7561 V MediaPlayerNative: playback complete
04-09 23:23:25.542  5491  6453 V NuPlayer: updatePlaybackTimer()  log            2650824883
04-09 23:23:25.542  5491  6453 I GenericSource: pause
04-09 23:23:25.543  5491  6462 I NuPlayerRenderer: onPause
04-09 23:23:25.543  5491  6462 I MediaClock: setPlaybackRate rate : 0.000000
04-09 23:23:25.543  5491  6462 V AudioSink: stop
04-09 23:23:25.543  5491  6453 V MediaPlayerService: [23] notify (211, 0, 0)
04-09 23:23:25.543  6284  7561 V MediaPlayerNative: message received msg=211, ext1=0, ext2=0
04-09 23:23:25.543  5491  6455 I GenericSource: kWhatPause
04-09 23:23:25.544  5491  5491 V MediaPlayerService: [23] enableAudioDeviceCallback, 0
04-09 23:23:25.544  5491  5491 V AudioSink: enableAudioDeviceCallback, 0
04-09 23:23:25.548  5665  8749 I MediaFocusControl: abandonAudioFocus() from uid/pid 10054/6284 clientId=android.media.AudioManager@9506632
04-09 23:23:25.549  6284  6284 D MediaRouter: onRestoreRoute() : route=RouteInfo{ name=Phone, description=null, status=null, category=RouteCategory{ name=System types=ROUTE_TYPE_LIVE_AUDIO ROUTE_TYPE_LIVE_VIDEO  groupable=false }, supportedTypes=ROUTE_TYPE_LIVE_AUDIO ROUTE_TYPE_LIVE_VIDEO , presentationDisplay=null }
04-09 23:23:25.549  6284  6284 V MediaRouter: Selecting route: RouteInfo{ name=Phone, description=null, status=null, category=RouteCategory{ name=System types=ROUTE_TYPE_LIVE_AUDIO ROUTE_TYPE_LIVE_VIDEO  groupable=false }, supportedTypes=ROUTE_TYPE_LIVE_AUDIO ROUTE_TYPE_LIVE_VIDEO , presentationDisplay=null }
04-09 23:23:25.550  5665  8749 D MediaFocusControl: abandonAudioFocus, clientId = android.media.AudioManager@9506632
04-09 23:23:25.550  5665  8749 D MediaFocusControl: selectFocusStack, uid = 10054, appDevice = 0, device = 2
04-09 23:23:25.554  6284  6451 V MediaPlayer: resetDrmState:  mDrmInfo=null mDrmProvisioningThread=null mPrepareDrmInProgress=false mActiveDrmScheme=false
04-09 23:23:25.554  6284  6451 V MediaPlayer: cleanDrmObj: mDrmObj=null mDrmSessionId=null
04-09 23:23:25.554  6284  6451 V MediaPlayer-JNI: release
04-09 23:23:25.554  6284  6451 V MediaPlayerNative: setListener
04-09 23:23:25.554  6284  6451 V MediaPlayerNative: disconnect
04-09 23:23:25.555  5491  5491 V MediaPlayerService: disconnect(23) from AttributionSource AttributionSourceState{pid: 6284, uid: 10054, packageName: com.android.systemui, attributionTag: (null), token: {no toString() implemented}, renouncedPermissions: [], next: []}
04-09 23:23:25.555  5491  5491 D NuPlayerDriver: reset(0xec690080) at state 6
04-09 23:23:25.555  5491  5491 V NuPlayerDriver: updateMetrics(0xec690080) from reset at state 6
04-09 23:23:25.556  5491  5491 V NuPlayer: updateInternalTimers()
04-09 23:23:25.556  5491  5491 V NuPlayer: updatePlaybackTimer(snap)  time                    0 (updateInternalTimers)
04-09 23:23:25.556  5491  5491 V NuPlayer: updateRebufferingTimer(snap)  time                    0 (exiting 0)
04-09 23:23:25.556  5491  5491 V NuPlayerDriver: logMetrics(0xec690080) from reset at state 6
04-09 23:23:25.557  5491  6453 V NuPlayer: kWhatReset
04-09 23:23:25.557  5491  6453 V NuPlayer: setDecoderBooster enable = No
04-09 23:23:25.557  5491  6453 V NuPlayer: updatePlaybackTimer(stop)  time                    0 (kWhatReset)
04-09 23:23:25.557  5491  6453 V NuPlayer: updateRebufferingTimer(stop)  time                    0 (exiting 1)
04-09 23:23:25.557  5491  6453 V NuPlayer: performDecoderFlush audio=2, video=2
04-09 23:23:25.557  5491  6453 V NuPlayer: [audio] flushDecoder needShutdown=1
04-09 23:23:25.557  5491  6453 V NuPlayer: postponing action mFlushingAudio=2, mFlushingVideo=0
04-09 23:23:25.558  5491  6463 I NuPlayerRenderer: flush audio, notifyComplete 1, shutdown Yes
04-09 23:23:25.558  5491  6462 I NuPlayerRenderer: flushing audio
04-09 23:23:25.558  5491  6462 I NuPlayerRenderer: onFlush mAudioDrainGeneration : 2
04-09 23:23:25.558  5491  6462 V AudioSink: flush
04-09 23:23:25.560  5491  6462 V AudioSink: stop
04-09 23:23:25.560  5325  5643 I SoundBoosterEffectPlus: SB_setVolume(0x7c58e3a900)
04-09 23:23:25.560  5491  6463 D NuPlayerRenderer: signalTimeDiscontinuity() mHasAudio = 0 , mHasVideo = 0
04-09 23:23:25.561  5491  6453 V NuPlayer: renderer audio flush completed.
04-09 23:23:25.561  5491  6464 I CCodec  : state->set(FLUSHING)
04-09 23:23:25.561  5325  5643 I SoundBoosterEffectPlus: command EFFECT_CMD_SET_VOLUME left = 0.000000, right =0.000000
04-09 23:23:25.562  5491  6464 I CCodec  : state->set(FLUSHED)
04-09 23:23:25.562  5491  6453 V NuPlayer: decoder audio flush completed
04-09 23:23:25.562  5491  6453 V NuPlayer: initiating audio decoder shutdown
04-09 23:23:25.563  5491  6464 I CCodec  : state->set(RELEASING)
04-09 23:23:25.563  5325  5516 V APM_AudioPolicyManager: stopOutput portId 34
04-09 23:23:25.563  5325  5516 V APM_AudioPolicyManager: stopOutput() output 13, stream 5, session 1001
04-09 23:23:25.563  5325  5516 V APM_AudioPolicyManager: setBeaconMute(1) mBeaconMuteRefCount=0 mBeaconPlayingRefCount=0
04-09 23:23:25.563  5325  5516 V APM_AudioPolicyManager: getNewOutputDevices selected devices AUDIO_DEVICE_NONE
04-09 23:23:25.565  5325  5516 V APM_AudioPolicyManager: setOutputDevices device AUDIO_DEVICE_NONE delayMs 160
04-09 23:23:25.565  5281  5662 D audio_hw_primary: primary_out-out_update_source_metadata: called, but not implemented yet
04-09 23:23:25.565  5325  5516 V APM_AudioPolicyManager: setOutputDevices() prevDevice {AUDIO_DEVICE_OUT_SPEAKER, @:}
04-09 23:23:25.567  5325  5516 V APM_AudioPolicyManager: setOutputDevices setting same device AUDIO_DEVICE_NONE or null device, force=0, patch handle=4
04-09 23:23:25.575  5491  6482 I CCodec  : [c2.android.vorbis.decoder] release(1)
04-09 23:23:25.576  5491  6482 I CCodec  : state->set(RELEASED)
04-09 23:23:25.576  5491  6464 I hw-BpHwBinder: onLastStrongRef automatically unlinking death recipients
04-09 23:23:25.576  5525  5525 I hw-BpHwBinder: onLastStrongRef automatically unlinking death recipients
04-09 23:23:25.578  5491  6464 I MediaCodec: Codec shutdown complete
04-09 23:23:25.580  5491  6463 I NuPlayerDecoder: onShutdown notifyComplete : Yes
04-09 23:23:25.580  5491  6453 V NuPlayer: audio shutdown completed
04-09 23:23:25.581  5491  6453 V NuPlayer: both audio and video are flushed now.
04-09 23:23:25.581  5491  6453 V NuPlayer: performReset
04-09 23:23:25.581  5491  6453 V NuPlayer: updatePlaybackTimer(stop)  time                    0 (performReset)
04-09 23:23:25.581  5491  6453 V NuPlayer: updateRebufferingTimer(stop)  time                    0 (exiting 1)
04-09 23:23:25.584  5491  6453 D NuPlayerDriver: notifyResetComplete(0xec690080)
04-09 23:23:25.584  5491  5491 V NuPlayerDriver: ~NuPlayerDriver(0xec690080)
04-09 23:23:25.585  5491  5491 V NuPlayerDriver: updateMetrics(0xec690080) from destructor at state 0
04-09 23:23:25.585  5491  5491 V NuPlayer: updateInternalTimers()
04-09 23:23:25.585  5491  5491 V NuPlayer: updatePlaybackTimer(snap)  time                    0 (updateInternalTimers)
04-09 23:23:25.585  5491  5491 V NuPlayer: updateRebufferingTimer(snap)  time                    0 (exiting 0)
04-09 23:23:25.585  5491  5491 V NuPlayerDriver: logMetrics(0xec690080) from destructor at state 0
04-09 23:23:25.585  5491  5491 V NuPlayerDriver: nothing to record (only 3 fields)
04-09 23:23:25.585  5491  5491 W AMessage: failed to post message as target looper for handler 0 is gone.
04-09 23:23:25.586  6284  6451 V MediaPlayerNative: destructor
04-09 23:23:25.588  6284  6451 V MediaPlayerNative: disconnect
04-09 23:23:25.589  5491  5491 V MediaPlayerService: Client(23) destructor AttributionSource = AttributionSourceState{pid: 6284, uid: 10054, packageName: com.android.systemui, attributionTag: (null), token: {no toString() implemented}, renouncedPermissions: [], next: []}
04-09 23:23:25.589  5491  5491 V AudioSink: +++ close
04-09 23:23:25.589  5491  5491 V AudioSink: --- close
04-09 23:23:25.591  5491  5491 V MediaPlayerService: disconnect(23) from AttributionSource AttributionSourceState{pid: 6284, uid: 10054, packageName: com.android.systemui, attributionTag: (null), token: {no toString() implemented}, renouncedPermissions: [], next: []}
04-09 23:23:25.592  5325  5516 V APM_AudioPolicyManager: releaseOutput portId 34
04-09 23:23:25.592  5325  5516 V APM_AudioPolicyManager: releaseOutput() 13
04-09 23:23:25.593  5325  5643 I SoundAlive_SRC384 arch64: ~SoundAlive_SRC384(): instance 24
04-09 23:23:26.531  5491  8191 D BufferPoolAccessor2.0: evictor expired: 1, evicted: 0
04-09 23:23:27.032 12574 12605 I .shealth:remote: Background concurrent copying GC freed 207431(6007KB) AllocSpace objects, 1(20KB) LOS objects, 51% free, 5788KB/11MB, paused 604us,200us total 150.723ms
04-09 23:23:27.532  5491  8191 D BufferPoolAccessor2.0: bufferpool2 0xeca8b958 : 4(131072 size) total buffers - 4(131072 size) used buffers - 102/110 (recycle/alloc) - 8/216 (fetch/transfer)
04-09 23:23:27.532  5491  8191 D BufferPoolAccessor2.0: evictor expired: 1, evicted: 1
04-09 23:23:27.535  5525  5659 D BufferPoolAccessor2.0: bufferpool2 0x7c6a835028 : 0(0 size) total buffers - 0(0 size) used buffers - 102/106 (recycle/alloc) - 4/105 (fetch/transfer)
04-09 23:23:27.535  5525  5659 D BufferPoolAccessor2.0: evictor expired: 1, evicted: 1
04-09 23:23:27.574  6284  6373 D MobileStatusTracker(1/2): onDataActivity: direction=3
04-09 23:23:27.579  6284  6373 D MobileSignalController(1/2): notifyListener: enabled=true, connected=true, dataConnected=true, networkType=LTE (4G), emergencyOnly=false, roaming=false, isDefault=true, dataActivity=inout, level=2, ca=false, mmWave=false, disabledDataIcon=false, simCard=ETC
04-09 23:23:28.393  5281  5662 I audio_hw_primary: primary_out-out_standby: transited to Idle
04-09 23:23:28.402  5281  5662 I audio_hw_proxy_9610: primary_out-proxy_close_playback_stream: closed PCM Device
04-09 23:23:28.402  5281  5662 I audio_hw_primary: primary_out-out_standby: transited to Standby
04-09 23:23:28.402  5281  5662 I audio_hw_primary: primary_out-out_standby: try to unroute for standby
04-09 23:23:28.412  5281  5662 I audio_hw_proxy_9610: proxy-disable_erap_in: ERAP In PCM Device(/dev/snd/pcmC0D11c) is stopped & closed!
04-09 23:23:28.429  5281  5662 I audio_hw_proxy_9610: proxy-disable_spkamp_reference: SPKAMP Reference PCM Device(/dev/snd/pcmC0D12c) is stopped & closed!
04-09 23:23:28.443  5281  5662 I audio_hw_proxy_9610: proxy-disable_spkamp_playback: SPKAMP Playback PCM Device(/dev/snd/pcmC0D7p) is stopped & closed!
04-09 23:23:28.443  5281  5662 V audio_route: Reset path: media-speaker
04-09 23:23:28.443  5281  5662 I audio_route: > audio_route_update_path + : "media-speaker" reverse(1)
04-09 23:23:28.443  5281  5662 I audio_route: > audio_route_update_path + : path length = 9
04-09 23:23:28.445  5281  5662 V audio_route: ctl(0)   : "ABOX UAIF2 SPK" value "RESERVED"
04-09 23:23:28.446  5281  5662 V audio_route: ctl(1)   : "ABOX SIFS1" value "SPUS OUT0"
04-09 23:23:28.446  5281  5662 V audio_route: ctl(2)   : "ABOX SPUS OUT7" value "SIFS1"
04-09 23:23:28.447  5281  5662 V audio_route: ctl(3)   : "ABOX SIFM3" value "WDMA"
04-09 23:23:28.452  5281  5662 V audio_route: ctl(4)   : "ABOX NSRC3" value "RESERVED"
04-09 23:23:28.452  5281  5662 V audio_route: ctl(5)   : "ABOX SIFM2" value "WDMA"
04-09 23:23:28.453  5281  5662 V audio_route: ctl(6)   : "ABOX NSRC2" value "RESERVED"
04-09 23:23:28.454  5281  5662 V audio_route: ctl(7)   : "ABOX UAIF0 SPK" value "RESERVED"
04-09 23:23:28.455  5281  5662 V audio_route: ctl(8)   : "ABOX ERAP info DSM On" value 0
04-09 23:23:28.455  5281  5662 I audio_hw_proxy_9610: proxy-reset_route: unrouted media-speaker
04-09 23:23:28.455  5281  5662 V audio_route: Reset path: gain-media-speaker
04-09 23:23:28.455  5281  5662 I audio_route: > audio_route_update_path + : "gain-media-speaker" reverse(1)
04-09 23:23:28.455  5281  5662 I audio_route: > audio_route_update_path + : path length = 0
04-09 23:23:28.455  5281  5662 I audio_hw_proxy_9610: proxy-reset_route: reset gain gain-media-speaker
04-09 23:23:28.455  5281  5662 I audio_hw_primary: primary_out-adev_set_route-1: unroutes to device(speaker) for usage(media)
04-09 23:23:28.466  6284  6373 D MobileStatusTracker(1/2): onSignalStrengthsChanged level=3, vendorLevel=2
