04-16 04:32:51.703  8513  8513 V SecQsTransitionAnimator: restorePanelView
04-16 04:32:51.703  8513  8513 D MultiSIMPreferredSlotBar: setExpanded : false mShowing : true
04-16 04:32:51.703  8513  8513 D MultiSIMController: unRegisterSimCardManagerCallback : mSimCardManagerService is null
04-16 04:32:51.703  8513  8513 D MultiSIMPreferredSlotBar: setExpanded : false mShowing : true
04-16 04:32:51.703  8513  8513 D MultiSIMController: unRegisterSimCardManagerCallback : mSimCardManagerService is null
04-16 04:32:51.705 20153 20295 I gralloc : Arm Module v1.0
04-16 04:32:51.707  8513  8513 D KeyguardTouchAnimator: reset unlockExecuted=false
04-16 04:32:51.707  4378  4378 I hwservicemanager: getTransport: Cannot find entry android.hardware.graphics.allocator@4.0::IAllocator/default in either framework or device VINTF manifest.
04-16 04:32:51.708  4377  5719 I servicemanager: Could not find android.hardware.graphics.allocator.IAllocator/default in the VINTF manifest.
04-16 04:32:51.708 20153 20295 W Gralloc4: allocator 4.x is not supported
04-16 04:32:51.709  4378  4378 I hwservicemanager: getTransport: Cannot find entry android.hardware.graphics.allocator@3.0::IAllocator/default in either framework or device VINTF manifest.
04-16 04:32:51.709 20153 20295 W Gralloc3: allocator 3.x is not supported
04-16 04:32:51.710  8513 10612 I ViewRootImpl@2238c52[test]: Resizing android.view.ViewRootImpl@7da764c: frame = [0,0][1080,2400] reportDraw = false forceLayout = false syncSeqId = 0
04-16 04:32:51.710 20153 20170 I ViewRootImpl@4151232[IsolationActivity]: Resizing android.view.ViewRootImpl@256f3f5: frame = [0,88][1080,2400] reportDraw = true forceLayout = false syncSeqId = 0
04-16 04:32:51.710  8513 10636 I ViewRootImpl@be013b5[ScreenDecorOverlayBottom]: Resizing android.view.ViewRootImpl@8517a69: frame = [0,2300][1080,2400] reportDraw = false forceLayout = false syncSeqId = 43
04-16 04:32:51.711  8513  8570 D InsetsController: onStateChanged: InsetsState: {mDisplayFrame=Rect(0, 0 - 1080, 2400), mDisplayCutout=DisplayCutout{insets=Rect(0, 88 - 0, 0) waterfall=Insets{left=0, top=0, right=0, bottom=0} boundingRect={Bounds=[Rect(0, 0 - 0, 0), Rect(512, 0 - 568, 88), Rect(0, 0 - 0, 0), Rect(0, 0 - 0, 0)]} cutoutPathParserInfo={CutoutPathParserInfo{displayWidth=1080 displayHeight=2400 physicalDisplayWidth=1080 physicalDisplayHeight=2400 density={2.625} cutoutSpec={M 0,0 M 0,12.25101276465640 a 10.60613009248640,10.60613009248640 0 1,0 0,21.21226018497290 a 10.60613009248640,10.60613009248640 0 1,0 0,-21.21226018497290 Z @dp} rotation={0} scale={1.0} physicalPixelDisplaySizeRatio={1.0}}}}, mRoundedCorners=RoundedCorners{[RoundedCorner{position=TopLeft, radius=84, center=Point(84, 84)}, RoundedCorner{position=TopRight, radius=84, center=Point(996, 84)}, RoundedCorner{position=BottomRight, radius=84, center=Point(996, 2316)}, RoundedCorner{position=BottomLeft, radius=84, center=Point(84, 2316)}]}  mRoundedCornerFrame=Rect(0, 0 - 1080, 2400), mPrivacyIndicatorBounds=PrivacyIndicatorBounds {static bounds=Rect(964, 0 - 1080, 88) rotation=0}, mSources= { InsetsSource: {mType=ITYPE_STATUS_BAR, mFrame=[0,0][1080,88], mVisible=false, mInsetsRoundedCornerFrame=false}, InsetsSource: {mType=ITYPE_NAVIGATION_BAR, mFrame=[0,2274][1080,2400], mVisible=true, mInsetsRoundedCornerFrame=false}, InsetsSource: {mType=ITYPE_LEFT_GESTURES, mFrame=[0,0][0,2400], mVisible=true, mInsetsRoundedCornerFrame=false}, InsetsSource: {mType=ITYPE_RIGHT_GESTURES, mFrame=[1080,0][1080,2400], mVisible=true, mInsetsRoundedCornerFrame=false}, InsetsSource: {mType=ITYPE_TOP_MANDATORY_GESTURES, mFrame=[0,0][1080,120], mVisible=true, mInsetsRoundedCornerFrame=false}, InsetsSource: {mType=ITYPE_BOTTOM_MANDATORY_GESTURES, mFrame=[0,2274][1080,2400], mVisible=true, mInsetsRoundedCornerFrame=false}, InsetsSource: {mType=ITYPE_LEFT_DISPLAY_CUTOUT, mFrame=[0,0][-100000,2400], mVisible=true, mInsetsRoundedCornerFrame=false}, InsetsSource: {mType=ITYPE_TOP_DISPLAY_CUTOUT, mFrame=[0,0][1080,88], mVisible=true, mInsetsRoundedCornerFrame=false}, InsetsSource: {mType=ITYPE_RIGHT_DISPLAY_CUTOUT, mFrame=[100000,0][1080,2400], mVisible=true, mInsetsRoundedCornerFrame=false}, InsetsSource: {mType=ITYPE_BOTTOM_DISPLAY_CUTOUT, mFrame=[0,100000][1080,2400], mVisible=true, mInsetsRoundedCornerFrame=false}, InsetsSource: {mType=ITYPE_TOP_TAPPABLE_ELEMENT, mFrame=[0,0][1080,88], mVisible=true, mInsetsRoundedCornerFrame=false}, InsetsSource: {mType=ITYPE_BOTTOM_TAPPABLE_ELEMENT, mFrame=[0,2274][1080,2400], mVisible=true, mInsetsRoundedCornerFrame=false}, InsetsSource: {mType=ITYPE_IME, mFrame=[0,0][0,0], mVisibleFrame=[0,2274][1080,2400], mVisible=false, mInsetsRoundedCornerFrame=false} } host=Splash Screen org.jetbrains.android_benchmark.test from=android.view.ViewRootImpl$ViewRootHandler.handleMessageImpl:6727
04-16 04:32:51.711  8513  8570 I ViewRootImpl@2238c52[test]: handleResized, msg = 4 frames=ClientWindowFrames{frame=[0,0][1080,2400] display=[0,0][1080,2400] parentFrame=[0,0][0,0] parentClippedByDisplayCutout=false} forceNextWindowRelayout=false displayId=0 resizeMode=-1 frameChanged=false displayFrameChanged=false configChanged=false displayChanged=false
04-16 04:32:51.711  8513  8543 I ViewRootImpl@16ee4ad[NavigationBar0]: Resizing android.view.ViewRootImpl@534bc2e: frame = [0,2274][1080,2400] reportDraw = false forceLayout = false syncSeqId = 14
04-16 04:32:51.711  8513  8928 I ViewRootImpl@d671ac1[ScreenDecorOverlay]: Resizing android.view.ViewRootImpl@f5360f9: frame = [0,0][1080,100] reportDraw = false forceLayout = false syncSeqId = 40
04-16 04:32:51.712  8513  9595 I ViewRootImpl@be013b5[ScreenDecorOverlayBottom]: handleResized, msg = 4 frames=ClientWindowFrames{frame=[0,2300][1080,2400] display=[0,0][1080,2400] parentFrame=[0,0][0,0] parentClippedByDisplayCutout=false} forceNextWindowRelayout=false displayId=0 resizeMode=-1 frameChanged=false displayFrameChanged=false configChanged=false displayChanged=false
04-16 04:32:51.712  8513  9595 I ViewRootImpl@d671ac1[ScreenDecorOverlay]: handleResized, msg = 4 frames=ClientWindowFrames{frame=[0,0][1080,100] display=[0,0][1080,2400] parentFrame=[0,0][0,0] parentClippedByDisplayCutout=false} forceNextWindowRelayout=false displayId=0 resizeMode=-1 frameChanged=false displayFrameChanged=false configChanged=false displayChanged=false
04-16 04:32:51.712  5331  5331 I Layer   : id=3307 removeFromCurrentState Surface(name=cee1519 StatusBar)/@0xa388342 - animation-leash of insets_animation#3307 (150)
04-16 04:32:51.712  5331  5331 I Layer   : id=3308 removeFromCurrentState Surface(name=4628d1d NavigationBar0)/@0xd94ddb0 - animation-leash of insets_animation#3308 (150)
04-16 04:32:51.712  5331  5331 D SurfaceFlinger: [input] inputWindowCommands.focusRequests size is 1
04-16 04:32:51.712  5331  5331 I SurfaceFlinger: id=3307 Removed Surface(name=cee1519 StatusBar)/@0xa388342 - animation-leash of insets_animation#3307 (150)
04-16 04:32:51.712  5331  5331 I SurfaceFlinger: id=3308 Removed Surface(name=4628d1d NavigationBar0)/@0xd94ddb0 - animation-leash of insets_animation#3308 (150)
04-16 04:32:51.713  5331  5331 I Layer   : id=3307 Destroyed Surface(name=cee1519 StatusBar)/@0xa388342 - animation-leash of insets_animation#3307
04-16 04:32:51.713  5331  5331 I Layer   : id=3308 Destroyed Surface(name=4628d1d NavigationBar0)/@0xd94ddb0 - animation-leash of insets_animation#3308
04-16 04:32:51.713  5331  5427 D SurfaceFlinger: [input] setFocusedWindow: a5da6df org.jetbrains.android_benchmark.test/androidx.benchmark.IsolationActivity
04-16 04:32:51.714  5628 11464 D InputDispatcher: Focus request (0): a5da6df org.jetbrains.android_benchmark.test/androidx.benchmark.IsolationActivity but waiting because NOT_VISIBLE
04-16 04:32:51.741  8513  8513 D KeyguardEditModeAnimatorController: reset false
04-16 04:32:51.745  8513  8513 D KeyguardEditModeAnimatorController: long pressed false
04-16 04:32:51.745  8513  8513 D KeyguardEditModeAnimatorController: resetViews
04-16 04:32:51.747  8513  8513 D KeyguardEditModeController: cancel() true
04-16 04:32:51.747  8513  8513 D KeyguardTouchAnimator: resetChildViewVI(): false
04-16 04:32:51.747  8513  8513 D KeyguardTouchDymLockInjector: resetDynamicLock mIsDynamicLockEnabled: false
04-16 04:32:51.750  9109  9382 I PackageUpdatedTask: mAllAppsList.updatePackage org.jetbrains.android_benchmark.test
04-16 04:32:51.759  8513  8513 D SamsungLightBarControlHelper: onStatusBarAppearanceChanged() -  sbModeChanged:false, statusBarMode:MODE_TRANSPARENT, barState:SHADE, isKeyguardShowing:false, navbarColorManagedByIme:false, stackAppearancesChanged:true, (AppearanceRegion{LIGHT_STATUS_BARS bounds=[0,0][1080,2400]}, ), packageName:org.jetbrains.android_benchmark.test
04-16 04:32:51.761  8513  8513 D NavigationBar: onSystemBarAttributesChanged() -  displayId:0, appearance:16, packageName: org.jetbrains.android_benchmark.test (APPEARANCE_LIGHT_NAVIGATION_BARS ), navbarColorManagedByIme:false
04-16 04:32:51.765  8513  8513 D SamsungLightBarControlHelper: updateNavigation(Black button) isLightBar:false, hasLightBarNavigationBarFlag:true, packageName:org.jetbrains.android_benchmark.test, DirectReplying:false, NavBarColorManagerdByIme:false, ForceDarkForScrim:false, QsCustomizing:false, PanelHasWhiteBg:false
04-16 04:32:51.766  9109 10153 I TouchInteractionService: onSystemUiStateChanged, stateFlags : 0 |
04-16 04:32:51.766  9109  9109 I RecentsAnimationDeviceState: setSystemUiFlags, stateFlags : 0
04-16 04:32:51.767  9109  9109 I TouchInteractionService: onSystemUiFlagsChanged, lastSysUIFlags : 131072
04-16 04:32:51.773  8513  8513 I ViewRootImpl@16ee4ad[NavigationBar0]: handleResized, msg = 4 frames=ClientWindowFrames{frame=[0,2274][1080,2400] display=[0,0][1080,2400] parentFrame=[0,0][0,0] parentClippedByDisplayCutout=false} forceNextWindowRelayout=false displayId=0 resizeMode=-1 frameChanged=false displayFrameChanged=false configChanged=false displayChanged=false
04-16 04:32:51.781  8513  8513 D SamsungLightBarControlHelper: updateStatus(BLACK icon) NumStacks:1, StatusBarMode:MODE_TRANSPARENT, lightBarBounds:[Rect(0, 0 - 1080, 2400)], StatusBarState:SHADE, packageName:org.jetbrains.android_benchmark.test, isWhiteKeyguardStatusBarBySettings:false
04-16 04:32:51.784  8513  8513 I ViewRootImpl@93ed0f[NotificationShade]: performTraversals mFirst=false windowShouldResize=false viewVisibilityChanged=false mForceNextWindowRelayout=false params={(0,0)(fillxfill) gr=TOP CENTER_VERTICAL sim={adjust=resize} layoutInDisplayCutoutMode=always ty=NOTIFICATION_SHADE fmt=TRANSLUCENT
04-16 04:32:51.784  8513  8513 I ViewRootImpl@93ed0f[NotificationShade]:   fl=81840048
04-16 04:32:51.784  8513  8513 I ViewRootImpl@93ed0f[NotificationShade]:   pfl=1b000000
04-16 04:32:51.784  8513  8513 I ViewRootImpl@93ed0f[NotificationShade]:   vsysui=2000
04-16 04:32:51.784  8513  8513 I ViewRootImpl@93ed0f[NotificationShade]:   apr=LIGHT_STATUS_BARS
04-16 04:32:51.784  8513  8513 I ViewRootImpl@93ed0f[NotificationShade]:   bhv=SHOW_TRANSIENT_BARS_BY_SWIPE naviIconColor=0
04-16 04:32:51.784  8513  8513 I ViewRootImpl@93ed0f[NotificationShade]:   sfl=60000}
04-16 04:32:51.784  5628  8607 V WindowManager: Relayout Window{298c8e7 u0 NotificationShade}: viewVisibility=4 req=1080x2400 d0
04-16 04:32:51.785  5276 20189 I HYPER-HAL: [RequestManager.cpp]releaseLocked(): Released ID : 15952796
04-16 04:32:51.788  5628  8607 V WindowManager: Relayout hash=298c8e7, pid=8513, syncId=-1: mAttrs={(0,0)(fillxfill) gr=TOP CENTER_VERTICAL sim={adjust=resize} layoutInDisplayCutoutMode=always ty=NOTIFICATION_SHADE fmt=TRANSLUCENT
04-16 04:32:51.788  5628  8607 V WindowManager:   fl=81840048
04-16 04:32:51.788  5628  8607 V WindowManager:   pfl=1b000000
04-16 04:32:51.788  5628  8607 V WindowManager:   vsysui=2000
04-16 04:32:51.788  5628  8607 V WindowManager:   apr=LIGHT_STATUS_BARS
04-16 04:32:51.788  5628  8607 V WindowManager:   bhv=SHOW_TRANSIENT_BARS_BY_SWIPE naviIconColor=0
04-16 04:32:51.788  5628  8607 V WindowManager:   sfl=60000}
04-16 04:32:51.791  8513  8513 I ViewRootImpl@93ed0f[NotificationShade]: Relayout returned: old=(0,0,1080,2400) new=(0,0,1080,2400) req=(1080,2400)4 dur=6 res=0x0 s={false 0x0} ch=false seqId=1
04-16 04:32:51.808  8513  8513 I FaceWidgetPositionAlgorithm: getClockContainerHeight() supplier = 270, bottom margin = 0, real height = 813
04-16 04:32:51.809  8513  8513 I FaceWidgetPositionAlgorithm: getClockContainerHeight() supplier = 270, bottom margin = 63, real height = 813
04-16 04:32:51.809  8513  8513 I FaceWidgetPositionAlgorithm: getMediaContainerHeight() height = 0 container Visibility = 8, isValid = false, mIsDozing = false, fraction = 1.0, source = 0, target = 0
04-16 04:32:51.809  8513  8513 I FaceWidgetPositionAlgorithm: getMediaContainerHeight() supplier = 0
04-16 04:32:51.822  5628  5647 I system_server: Background young concurrent copying GC freed 540820(23MB) AllocSpace objects, 58(2060KB) LOS objects, 19% free, 96MB/120MB, paused 289us,249us total 153.257ms
04-16 04:32:51.825 20096 20109 W libc    : Access denied finding property "sys.perf.boostopt"
04-16 04:32:51.827  5224  5224 E audit   : type=1400 audit(1681612371.819:17633): avc:  denied  { read } for  pid=20096 comm="binder:20096_2" name="u:object_r:perf_prop:s0" dev="tmpfs" ino=16829 scontext=u:r:system_app:s0 tcontext=u:object_r:perf_prop:s0 tclass=file permissive=0 SEPF_SM-A515F_13_0001 audit_filtered
04-16 04:32:51.828  5224  5224 E audit   : type=1300 audit(1681612371.819:17633): arch=c00000b7 syscall=56 success=no exit=-13 a0=ffffff9c a1=7d7647d2f8 a2=88000 a3=0 items=0 ppid=5250 pid=20096 auid=4294967295 uid=1000 gid=1000 euid=1000 suid=1000 fsuid=1000 egid=1000 sgid=1000 fsgid=1000 tty=(none) ses=4294967295 comm="binder:20096_2" exe="/system/bin/app_process64" subj=u:r:system_app:s0 key=(null)
04-16 04:32:51.830  5224  5224 E audit   : type=1327 audit(1681612371.819:17633): proctitle="com.samsung.android.provider.filterprovider"
04-16 04:32:51.831  5224  5224 E audit   : type=1400 audit(1681612371.819:17634): avc:  denied  { read } for  pid=19927 comm="binder:19927_1" name="u:object_r:perf_prop:s0" dev="tmpfs" ino=16829 scontext=u:r:untrusted_app:s0:c6,c256,c512,c768 tcontext=u:object_r:perf_prop:s0 tclass=file permissive=0 SEPF_SM-A515F_13_0001 audit_filtered
04-16 04:32:51.833  5628  5649 W System  : A resource failed to call end.
04-16 04:32:51.834  5628  5649 W System  : A resource failed to call HardwareBuffer.close.
04-16 04:32:51.834  5628  5649 W System  : A resource failed to call HardwareBuffer.close.
04-16 04:32:51.835  5628  5649 W System  : A resource failed to call release.
04-16 04:32:51.837 19927 19939 W libc    : Access denied finding property "sys.perf.boostopt"
04-16 04:32:51.840  9109  9382 I WidgetsModel: EasyModeWidget will be excluded on WidgetList.
04-16 04:32:51.874  9109  9382 I AppIconSolution: return adaptive icon for org.jetbrains.android_benchmark.test, isNight = true
04-16 04:32:51.875  5628 16160 D MotionRecognitionService: values = 100.0
04-16 04:32:51.875  5628 16160 D MotionRecognitionService: onReceive lux: 100.0  action:
04-16 04:32:51.875  5628 16160 D MotionRecognitionService: Inject brightness form Cam 100.0
04-16 04:32:51.875  5628 16160 D MotionRecognitionService: Inject calibrated lux
04-16 04:32:51.876  5271  5271 I SensorsHub: AutoBrightnessSensor::injectSensorData: camLux 100
04-16 04:32:51.923 20153 20191 I BLASTBufferQueue: [ViewRootImpl@4151232[IsolationActivity]#0](f:0,a:0) onFrameAvailable the first frame is available
04-16 04:32:51.924 20153 20191 I ViewRootImpl@4151232[IsolationActivity]: Received frameCommittedCallback lastAttemptedDrawFrameNum=1 didProduceBuffer=true
04-16 04:32:51.925 20153 20191 D OpenGLRenderer: CFMS:: SetUp Pid : 20153    Tid : 20191
04-16 04:32:51.931 20153 20153 I ViewRootImpl@4151232[IsolationActivity]: onSyncComplete
04-16 04:32:51.933 20153 20153 I ViewRootImpl@4151232[IsolationActivity]: setupSync seqId=0 mSyncId=0 fn=1 caller=android.view.ViewRootImpl$$ExternalSyntheticLambda11.accept:6 android.window.SurfaceSyncer.lambda$setupSync$1$android-window-SurfaceSyncer:128 android.window.SurfaceSyncer$$ExternalSyntheticLambda1.accept:8 android.window.SurfaceSyncer$SyncSet.checkIfSyncIsComplete:382 android.window.SurfaceSyncer$SyncSet.markSyncReady:359 android.window.SurfaceSyncer.markSyncReady:151 android.view.ViewRootImpl.performTraversals:4503
04-16 04:32:51.933 20153 20170 I OpenGLRenderer: Davey! duration=1595ms; Flags=1, FrameTimelineVsyncId=4678001, IntendedVsync=27768671347072, Vsync=27769986653622, InputEventId=0, HandleInputStart=27770001708290, AnimationStart=27770001714213, PerformTraversalsStart=27770001720713, DrawStart=27770037221598, FrameDeadline=27768688013738, FrameInterval=27770001615521, FrameStartTime=16649450, SyncQueued=27770040486213, SyncStart=27770040621867, IssueDrawCommandsStart=27770042116982, SwapBuffers=27770264181905, FrameCompleted=27770266712636, DequeueBufferDuration=16659884, QueueBufferDuration=643116, GpuCompleted=27770266712636, SwapBuffersCompleted=27770265405482, DisplayPresentTime=0, CommandSubmissionCompleted=27770264181905,
04-16 04:32:51.933 20153 20153 I ViewRootImpl@4151232[IsolationActivity]: reportDrawFinished seqId=0 mSyncId=-1 fn=1 mSurfaceChangedTransaction=0x7def680d00
04-16 04:32:51.934 20153 20153 D InsetsController: onStateChanged: InsetsState: {mDisplayFrame=Rect(0, 0 - 1080, 2400), mDisplayCutout=DisplayCutout{insets=Rect(0, 88 - 0, 0) waterfall=Insets{left=0, top=0, right=0, bottom=0} boundingRect={Bounds=[Rect(0, 0 - 0, 0), Rect(512, 0 - 568, 88), Rect(0, 0 - 0, 0), Rect(0, 0 - 0, 0)]} cutoutPathParserInfo={CutoutPathParserInfo{displayWidth=1080 displayHeight=2400 physicalDisplayWidth=1080 physicalDisplayHeight=2400 density={2.625} cutoutSpec={M 0,0 M 0,12.25101276465640 a 10.60613009248640,10.60613009248640 0 1,0 0,21.21226018497290 a 10.60613009248640,10.60613009248640 0 1,0 0,-21.21226018497290 Z @dp} rotation={0} scale={1.0} physicalPixelDisplaySizeRatio={1.0}}}}, mRoundedCorners=RoundedCorners{[RoundedCorner{position=TopLeft, radius=84, center=Point(84, 84)}, RoundedCorner{position=TopRight, radius=84, center=Point(996, 84)}, RoundedCorner{position=BottomRight, radius=84, center=Point(996, 2316)}, RoundedCorner{position=BottomLeft, radius=84, center=Point(84, 2316)}]}  mRoundedCornerFrame=Rect(0, 0 - 1080, 2400), mPrivacyIndicatorBounds=PrivacyIndicatorBounds {static bounds=Rect(964, 0 - 1080, 88) rotation=0}, mSources= { InsetsSource: {mType=ITYPE_STATUS_BAR, mFrame=[0,0][1080,88], mVisible=true, mInsetsRoundedCornerFrame=false}, InsetsSource: {mType=ITYPE_NAVIGATION_BAR, mFrame=[0,2274][1080,2400], mVisible=true, mInsetsRoundedCornerFrame=false}, InsetsSource: {mType=ITYPE_LEFT_GESTURES, mFrame=[0,0][0,2400], mVisible=true, mInsetsRoundedCornerFrame=false}, InsetsSource: {mType=ITYPE_RIGHT_GESTURES, mFrame=[1080,0][1080,2400], mVisible=true, mInsetsRoundedCornerFrame=false}, InsetsSource: {mType=ITYPE_TOP_MANDATORY_GESTURES, mFrame=[0,0][1080,120], mVisible=true, mInsetsRoundedCornerFrame=false}, InsetsSource: {mType=ITYPE_BOTTOM_MANDATORY_GESTURES, mFrame=[0,2274][1080,2400], mVisible=true, mInsetsRoundedCornerFrame=false}, InsetsSource: {mType=ITYPE_LEFT_DISPLAY_CUTOUT, mFrame=[0,0][-100000,2400], mVisible=true, mInsetsRoundedCornerFrame=false}, InsetsSource: {mType=ITYPE_TOP_DISPLAY_CUTOUT, mFrame=[0,0][1080,88], mVisible=true, mInsetsRoundedCornerFrame=false}, InsetsSource: {mType=ITYPE_RIGHT_DISPLAY_CUTOUT, mFrame=[100000,0][1080,2400], mVisible=true, mInsetsRoundedCornerFrame=false}, InsetsSource: {mType=ITYPE_BOTTOM_DISPLAY_CUTOUT, mFrame=[0,100000][1080,2400], mVisible=true, mInsetsRoundedCornerFrame=false}, InsetsSource: {mType=ITYPE_TOP_TAPPABLE_ELEMENT, mFrame=[0,0][1080,88], mVisible=true, mInsetsRoundedCornerFrame=false}, InsetsSource: {mType=ITYPE_BOTTOM_TAPPABLE_ELEMENT, mFrame=[0,2274][1080,2400], mVisible=true, mInsetsRoundedCornerFrame=false}, InsetsSource: {mType=ITYPE_IME, mFrame=[0,0][0,0], mVisibleFrame=[0,2274][1080,2400], mVisible=false, mInsetsRoundedCornerFrame=false} } host=org.jetbrains.android_benchmark.test/androidx.benchmark.IsolationActivity from=android.view.ViewRootImpl$ViewRootHandler.handleMessageImpl:6740
04-16 04:32:51.936 20153 20153 D InsetsController: controlAnimationUnchecked: Added types=1 animType=1 host=org.jetbrains.android_benchmark.test/androidx.benchmark.IsolationActivity from=android.view.InsetsController.applyAnimation:1576 android.view.InsetsController.applyAnimation:1557 android.view.InsetsController.onControlsChanged:995
04-16 04:32:51.936 20153 20153 D InsetsController: onStateChanged: InsetsState: {mDisplayFrame=Rect(0, 0 - 1080, 2400), mDisplayCutout=DisplayCutout{insets=Rect(0, 88 - 0, 0) waterfall=Insets{left=0, top=0, right=0, bottom=0} boundingRect={Bounds=[Rect(0, 0 - 0, 0), Rect(512, 0 - 568, 88), Rect(0, 0 - 0, 0), Rect(0, 0 - 0, 0)]} cutoutPathParserInfo={CutoutPathParserInfo{displayWidth=1080 displayHeight=2400 physicalDisplayWidth=1080 physicalDisplayHeight=2400 density={2.625} cutoutSpec={M 0,0 M 0,12.25101276465640 a 10.60613009248640,10.60613009248640 0 1,0 0,21.21226018497290 a 10.60613009248640,10.60613009248640 0 1,0 0,-21.21226018497290 Z @dp} rotation={0} scale={1.0} physicalPixelDisplaySizeRatio={1.0}}}}, mRoundedCorners=RoundedCorners{[RoundedCorner{position=TopLeft, radius=84, center=Point(84, 84)}, RoundedCorner{position=TopRight, radius=84, center=Point(996, 84)}, RoundedCorner{position=BottomRight, radius=84, center=Point(996, 2316)}, RoundedCorner{position=BottomLeft, radius=84, center=Point(84, 2316)}]}  mRoundedCornerFrame=Rect(0, 0 - 1080, 2400), mPrivacyIndicatorBounds=PrivacyIndicatorBounds {static bounds=Rect(964, 0 - 1080, 88) rotation=0}, mSources= { InsetsSource: {mType=ITYPE_STATUS_BAR, mFrame=[0,0][1080,88], mVisible=false, mInsetsRoundedCornerFrame=false}, InsetsSource: {mType=ITYPE_NAVIGATION_BAR, mFrame=[0,2274][1080,2400], mVisible=true, mInsetsRoundedCornerFrame=false}, InsetsSource: {mType=ITYPE_LEFT_GESTURES, mFrame=[0,0][0,2400], mVisible=true, mInsetsRoundedCornerFrame=false}, InsetsSource: {mType=ITYPE_RIGHT_GESTURES, mFrame=[1080,0][1080,2400], mVisible=true, mInsetsRoundedCornerFrame=false}, InsetsSource: {mType=ITYPE_TOP_MANDATORY_GESTURES, mFrame=[0,0][1080,120], mVisible=true, mInsetsRoundedCornerFrame=false}, InsetsSource: {mType=ITYPE_BOTTOM_MANDATORY_GESTURES, mFrame=[0,2274][1080,2400], mVisible=true, mInsetsRoundedCornerFrame=false}, InsetsSource: {mType=ITYPE_LEFT_DISPLAY_CUTOUT, mFrame=[0,0][-100000,2400], mVisible=true, mInsetsRoundedCornerFrame=false}, InsetsSource: {mType=ITYPE_TOP_DISPLAY_CUTOUT, mFrame=[0,0][1080,88], mVisible=true, mInsetsRoundedCornerFrame=false}, InsetsSource: {mType=ITYPE_RIGHT_DISPLAY_CUTOUT, mFrame=[100000,0][1080,2400], mVisible=true, mInsetsRoundedCornerFrame=false}, InsetsSource: {mType=ITYPE_BOTTOM_DISPLAY_CUTOUT, mFrame=[0,100000][1080,2400], mVisible=true, mInsetsRoundedCornerFrame=false}, InsetsSource: {mType=ITYPE_TOP_TAPPABLE_ELEMENT, mFrame=[0,0][1080,88], mVisible=true, mInsetsRoundedCornerFrame=false}, InsetsSource: {mType=ITYPE_BOTTOM_TAPPABLE_ELEMENT, mFrame=[0,2274][1080,2400], mVisible=true, mInsetsRoundedCornerFrame=false}, InsetsSource: {mType=ITYPE_IME, mFrame=[0,0][0,0], mVisibleFrame=[0,2274][1080,2400], mVisible=false, mInsetsRoundedCornerFrame=false} } host=org.jetbrains.android_benchmark.test/androidx.benchmark.IsolationActivity from=android.view.ViewRootImpl$ViewRootHandler.handleMessageImpl:6727
04-16 04:32:51.936 20153 20153 I ViewRootImpl@4151232[IsolationActivity]: handleResized, msg = 5 frames=ClientWindowFrames{frame=[0,88][1080,2400] display=[0,88][1080,2400] parentFrame=[0,0][0,0] parentClippedByDisplayCutout=false} forceNextWindowRelayout=false displayId=0 resizeMode=-1 frameChanged=false displayFrameChanged=false configChanged=false displayChanged=false
04-16 04:32:51.937 20153 20153 I ViewRootImpl@4151232[IsolationActivity]: handleResized mSyncSeqId = 0
04-16 04:32:51.937 20153 20153 I ViewRootImpl@4151232[IsolationActivity]: reportNextDraw android.view.ViewRootImpl.handleResized:2450 android.view.ViewRootImpl.-$$Nest$mhandleResized:0 android.view.ViewRootImpl$ViewRootHandler.handleMessageImpl:6728 android.view.ViewRootImpl$ViewRootHandler.handleMessage:6697 android.os.Handler.dispatchMessage:106
04-16 04:32:51.939  5628  5696 I SemDvfsHyPerManager: acquire hyper - AMS_RESUME_TAIL/5628@21, type = -999
04-16 04:32:51.939  5628  5696 I SemDvfsHyPerManager: acquire hyper - AMS_ACT_LAZY/5628@22, type = -999
04-16 04:32:51.940  5276  5311 I HYPER-HAL: [RequestManager.cpp]acquire(): Acquired ID : 15958446  [5628 / 21]    HINT : AMS_RESUME_TAIL    list :
04-16 04:32:51.941  5276  5311 I HYPER-HAL: [RequestManager.cpp]releaseLocked(): Released ID : 15969749
04-16 04:32:51.944  5628  5692 I PkgPredictorService-SecIpmManagerServiceImpl: reportToNAP uid:10130 org.jetbrains.android_benchmark.test/androidx.benchmark.IsolationActivity thisTime:2211
04-16 04:32:51.945 10239 10239 I ViewRootImpl@199c48c[RamActivity2]: stopped(true) old = false
04-16 04:32:51.945 10239 10239 I ViewRootImpl@199c48c[RamActivity2]: WindowStopped on com.samsung.android.lool/com.samsung.android.sm.ram.ui.RamActivity2 set to true
04-16 04:32:51.945  5331  5331 I Layer   : Layer [org.jetbrains.android_benchmark.test/androidx.benchmark.IsolationActivity$_20153#3337] hidden!! flag(0)
04-16 04:32:51.946  2959  2980 I CameraManagerGlobal: Camera 3 facing CAMERA_FACING_FRONT state now CAMERA_STATE_OPEN for client com.samsung.adaptivebrightnessgo API Level 2
04-16 04:32:51.946  2959  2980 I CameraManagerGlobal: Camera 3 facing CAMERA_FACING_FRONT state now CAMERA_STATE_ACTIVE for client com.samsung.adaptivebrightnessgo API Level 2
04-16 04:32:51.946  5331  8956 I SurfaceFlinger: id=3340 createSurf flag=24000, Surface(name=a5da6df org.jetbrains.android_benchmark.test/androidx.benchmark.IsolationActivity)/@0xf5a699 - animation-leash of starting_reveal#3340
04-16 04:32:51.946  2959  2980 I CameraManagerGlobal: Camera 3 facing CAMERA_FACING_FRONT state now CAMERA_STATE_IDLE for client com.samsung.adaptivebrightnessgo API Level 2
04-16 04:32:51.947  2959  2980 I CameraManagerGlobal: Camera 3 facing CAMERA_FACING_FRONT state now CAMERA_STATE_CLOSED for client com.samsung.adaptivebrightnessgo API Level 2
04-16 04:32:51.947 20153 20153 I ViewRootImpl@4151232[IsolationActivity]: Setup new sync id=1
04-16 04:32:51.947 20153 20153 I ViewRootImpl@4151232[IsolationActivity]: Setting syncFrameCallback
04-16 04:32:51.947 20153 20153 I ViewRootImpl@4151232[IsolationActivity]: registerCallbacksForSync syncBuffer=false
04-16 04:32:51.947  5628  8607 D InputDispatcher: Focus entered window (0): a5da6df org.jetbrains.android_benchmark.test/androidx.benchmark.IsolationActivity
04-16 04:32:51.947 20153 20298 I ViewRootImpl@4151232[IsolationActivity]: Received frameDrawingCallback syncResult=0 frameNum=2.
04-16 04:32:51.947 20153 20298 I ViewRootImpl@4151232[IsolationActivity]: Setting up sync and frameCommitCallback
04-16 04:32:51.947 20153 20191 I ViewRootImpl@4151232[IsolationActivity]: Received frameCommittedCallback lastAttemptedDrawFrameNum=2 didProduceBuffer=false
04-16 04:32:51.948 20153 20191 I BLASTBufferQueue: syncNextTransaction, mName= ViewRootImpl@4151232[IsolationActivity] acquireSingleBuffer= true mNativeObject= 0x7d5e1e2800 callback= null caller= android.graphics.BLASTBufferQueue.syncNextTransaction:147 android.view.ViewRootImpl$12.lambda$onFrameDraw$0$android-view-ViewRootImpl$12:13399 android.view.ViewRootImpl$12$$ExternalSyntheticLambda1.onFrameCommit:9 android.view.ThreadedRenderer$1.lambda$onFrameDraw$0:813 android.view.ThreadedRenderer$1$$ExternalSyntheticLambda0.onFrameCommit:2 <bottom of call stack>
04-16 04:32:51.948 20153 20191 I BLASTBufferQueue: [ViewRootImpl@4151232[IsolationActivity]#0](f:0,a:1) syncNextTransaction callback: 0, acquireSingleBuffer: 1, mTransactionReadyCallback: 0
04-16 04:32:51.948 20153 20191 I BLASTBufferQueue: gatherPendingTransactions, mName= ViewRootImpl@4151232[IsolationActivity] mNativeObject= 0x7d5e1e2800 frameNumber= 2 caller= android.view.ViewRootImpl$12.lambda$onFrameDraw$0$android-view-ViewRootImpl$12:13406 android.view.ViewRootImpl$12$$ExternalSyntheticLambda1.onFrameCommit:9 android.view.ThreadedRenderer$1.lambda$onFrameDraw$0:813 android.view.ThreadedRenderer$1$$ExternalSyntheticLambda0.onFrameCommit:2 <bottom of call stack> <bottom of call stack>
04-16 04:32:51.948 20153 20153 I ViewRootImpl@4151232[IsolationActivity]: onSyncComplete
04-16 04:32:51.949 20153 20153 I ViewRootImpl@4151232[IsolationActivity]: setupSync seqId=0 mSyncId=1 fn=2 caller=android.view.ViewRootImpl$$ExternalSyntheticLambda11.accept:6 android.window.SurfaceSyncer.lambda$setupSync$1$android-window-SurfaceSyncer:128 android.window.SurfaceSyncer$$ExternalSyntheticLambda1.accept:8 android.window.SurfaceSyncer$SyncSet.checkIfSyncIsComplete:382 android.window.SurfaceSyncer$SyncSet.markSyncReady:359 android.window.SurfaceSyncer.markSyncReady:151 android.view.ViewRootImpl.performTraversals:4503
04-16 04:32:51.949 20153 20153 I ViewRootImpl@4151232[IsolationActivity]: reportDrawFinished seqId=0 mSyncId=-1 fn=2 mSurfaceChangedTransaction=0x7def680d00
04-16 04:32:51.949 20153 20153 I ViewRootImpl@4151232[IsolationActivity]: MSG_WINDOW_FOCUS_CHANGED 1 0
04-16 04:32:51.950 20153 20153 I ViewRootImpl@4151232[IsolationActivity]: mThreadedRenderer.initializeIfNeeded()#2 mSurface={isValid=true 0x7d5e2c6800}
04-16 04:32:51.950 20153 20153 D InputMethodManager: startInputInner - Id : 0
04-16 04:32:51.950 20153 20153 I InputMethodManager: startInputInner - mService.startInputOrWindowGainedFocus
04-16 04:32:51.952  5331  5331 D SurfaceFlinger: Display 0 HWC layers:
04-16 04:32:51.952  5331  5331 D SurfaceFlinger:      DEVICE | 0x79c63f1340 | 0102 | RGBA_8888    |    0.0    0.0 1080.0 2312.0 |    0   88 1080 2400 | org.jetbrains.android_benchmark.test[...]chmark.IsolationActivity$_20153#3337
04-16 04:32:51.952  5331  5331 D SurfaceFlinger:      DEVICE | 0x7993788f00 | 0100 | RGBA_8888    |    0.0    0.0 1080.0 2400.0 |    0    0 1080 2400 | Splash Screen org.jetbrains.android_benchmark.test$_8513#3324
04-16 04:32:51.952  5331  5331 D SurfaceFlinger:      DEVICE | 0x79aa45dc40 | 0100 | RGBA_8888    |    0.0    0.0 1080.0   88.0 |    0    0 1080   88 | StatusBar$_8513#99
04-16 04:32:51.952  5331  5331 D SurfaceFlinger:      DEVICE | 0x79aa45a900 | 0100 | RGBA_8888    |    0.0    0.0 1080.0  126.0 |    0 2274 1080 2400 | NavigationBar0$_8513#92
04-16 04:32:51.952  5331  5331 D SurfaceFlinger:      DEVICE | 0x79aa45cfc0 | 0140 | RGBA_8888    |    0.0    0.0 1080.0  100.0 |    0    0 1080  100 | ScreenDecorOverlay$_8513#109
04-16 04:32:51.952  5331  5331 D SurfaceFlinger:      DEVICE | 0x79aa45cd40 | 0140 | RGBA_8888    |    0.0    0.0 1080.0  100.0 |    0 2300 1080 2400 | ScreenDecorOverlayBottom$_8513#110
04-16 04:32:51.952  5331  5331 D SurfaceFlinger:
04-16 04:32:51.953  5628  8607 D InputMethodManagerService: mDesktopModeManager null!
04-16 04:32:51.953  5628  8607 V InputMethodManagerService: getDisplayIdOfInputMethodWindowToBeAdded: displayId=0
04-16 04:32:51.954  5628  8607 D InputTransport: Input channel constructed: 'ClientS', fd=952
04-16 04:32:51.954  5628  8607 D InputTransport: Input channel constructed: 'ClientS', fd=962
04-16 04:32:51.955  5628  8607 D InputTransport: Input channel destroyed: 'ClientS', fd=962
04-16 04:32:51.959  5628  5653 D InputMethodManagerService: isImeSwitcherDisabledPackage : false
04-16 04:32:51.964  8513  8570 I ViewRootImpl@2238c52[test]: performTraversals params={(0,0)(fillxfill) sim={adjust=pan} ty=APPLICATION_STARTING fmt=TRANSLUCENT wanim=0x1030001
04-16 04:32:51.964  8513  8570 I ViewRootImpl@2238c52[test]:   fl=81030118
04-16 04:32:51.964  8513  8570 I ViewRootImpl@2238c52[test]:   pfl=16000010
04-16 04:32:51.964  8513  8570 I ViewRootImpl@2238c52[test]:   bhv=DEFAULT
04-16 04:32:51.964  8513  8570 I ViewRootImpl@2238c52[test]:   fitSides= naviIconColor=0}
04-16 04:32:51.965  8513  8570 I ViewRootImpl@2238c52[test]: performTraversals mFirst=false windowShouldResize=false viewVisibilityChanged=false mForceNextWindowRelayout=false params={(0,0)(fillxfill) sim={adjust=pan} ty=APPLICATION_STARTING fmt=TRANSLUCENT wanim=0x1030001
04-16 04:32:51.965  8513  8570 I ViewRootImpl@2238c52[test]:   fl=81030118
04-16 04:32:51.965  8513  8570 I ViewRootImpl@2238c52[test]:   pfl=16000010
04-16 04:32:51.965  8513  8570 I ViewRootImpl@2238c52[test]:   bhv=DEFAULT
04-16 04:32:51.965  8513  8570 I ViewRootImpl@2238c52[test]:   fitSides= naviIconColor=0}
04-16 04:32:51.968  5628  5653 D InputMethodManagerService: checkDisplayOfStartInputAndUpdateKeyboard: displayId=0, mFocusedDisplayId=0
04-16 04:32:51.968  5628  5653 D InputTransport: Input channel constructed: 'ClientS', fd=945
04-16 04:32:51.968  5628  5653 D InputTransport: Input channel destroyed: 'ClientS', fd=945
04-16 04:32:51.968 20153 20153 D InputMethodManager: startInputInner - Id : 0
04-16 04:32:51.968  5628 11456 V WindowManager: Relayout Window{b0cf02f u0 Splash Screen org.jetbrains.android_benchmark.test}: viewVisibility=0 req=1080x2400 d0
04-16 04:32:51.968 20153 20177 I GrantPermissionCallable: Permission: android.permission.WRITE_EXTERNAL_STORAGE is already granted!
04-16 04:32:51.969 20153 20177 I GrantPermissionCallable: Permission: android.permission.READ_EXTERNAL_STORAGE is already granted!
04-16 04:32:51.969 20153 20177 D Benchmark: -- Running org.jetbrains.android_benchmark.FibonacciBenchmark#mutableRefIntIn1Long --
04-16 04:32:51.970 10239 10239 I MSHandlerLifeCycle: removeMultiSplitHandler: no exist. decor=DecorView@9636db5[RamActivity2]
04-16 04:32:51.970 20153 20177 D PerfettoCapture: Supported ABIs: arm64-v8a, armeabi-v7a, armeabi
04-16 04:32:51.970 20153 20177 D PerfettoCapture: Recording perfetto trace
04-16 04:32:51.972  5628 11456 V WindowManager: Relayout hash=b0cf02f, pid=8513, syncId=-1: mAttrs={(0,0)(fillxfill) sim={adjust=pan} ty=APPLICATION_STARTING fmt=TRANSLUCENT wanim=0x1030001
04-16 04:32:51.972  5628 11456 V WindowManager:   fl=81030118
04-16 04:32:51.972  5628 11456 V WindowManager:   pfl=16000010
04-16 04:32:51.972  5628 11456 V WindowManager:   bhv=DEFAULT
04-16 04:32:51.972  5628 11456 V WindowManager:   fitSides= naviIconColor=0}
04-16 04:32:51.973  8513  8570 I ViewRootImpl@2238c52[test]: updateBlastSurfaceIfNeeded mBlastBufferQueue=0x7d20059100 isSameSurfaceControl=true
04-16 04:32:51.973 10239 10239 I ViewRootImpl@199c48c[RamActivity2]: performTraversals mFirst=false windowShouldResize=false viewVisibilityChanged=false mForceNextWindowRelayout=false params={(0,0)(fillxfill) sim={adjust=pan} layoutInDisplayCutoutMode=shortEdges ty=BASE_APPLICATION wanim=0x10302f4
04-16 04:32:51.973 10239 10239 I ViewRootImpl@199c48c[RamActivity2]:   fl=81810100
04-16 04:32:51.973 10239 10239 I ViewRootImpl@199c48c[RamActivity2]:   pfl=12020040
04-16 04:32:51.973 10239 10239 I ViewRootImpl@199c48c[RamActivity2]:   bhv=DEFAULT
04-16 04:32:51.973 10239 10239 I ViewRootImpl@199c48c[RamActivity2]:   fitSides= naviIconColor=0}
04-16 04:32:51.973  8513  8570 I BLASTBufferQueue: update, w= 1080 h= 2400 mName = ViewRootImpl@2238c52[test] mNativeObject= 0x7d20059100 sc.mNativeObject= 0x7d200c9c80 format= -3 caller= android.view.ViewRootImpl.updateBlastSurfaceIfNeeded:2898 android.view.ViewRootImpl.relayoutWindow:9847 android.view.ViewRootImpl.performTraversals:3884 android.view.ViewRootImpl.doTraversal:3116 android.view.ViewRootImpl$TraversalRunnable.run:10885 android.view.Choreographer$CallbackRecord.run:1301
04-16 04:32:51.973  8513  8570 I ViewRootImpl@2238c52[test]: Relayout returned: old=(0,0,1080,2400) new=(0,0,1080,2400) req=(1080,2400)0 dur=8 res=0x0 s={true 0x7cd340b000} ch=false seqId=0
04-16 04:32:51.974  5628 11262 V WindowManager: Relayout Window{ec3147f u0 com.samsung.android.lool/com.samsung.android.sm.ram.ui.RamActivity2}: viewVisibility=8 req=1080x2400 d0
04-16 04:32:51.974  8513  8596 I ViewRootImpl@2238c52[test]: mWNT: t=0x7d73e4a000 mBlastBufferQueue=0x7d20059100 fn= 2 caller= android.view.SyncRtSurfaceTransactionApplier.applyTransaction:96 android.view.SyncRtSurfaceTransactionApplier.lambda$scheduleApply$0$android-view-SyncRtSurfaceTransactionApplier:69 android.view.SyncRtSurfaceTransactionApplier$$ExternalSyntheticLambda0.onFrameDraw:4
04-16 04:32:51.978  5628 11262 V WindowManager: Relayout hash=ec3147f, pid=10239, syncId=-1: mAttrs={(0,0)(fillxfill) sim={adjust=pan} layoutInDisplayCutoutMode=shortEdges ty=BASE_APPLICATION wanim=0x10302f4
04-16 04:32:51.978  5628 11262 V WindowManager:   fl=81810100
04-16 04:32:51.978  5628 11262 V WindowManager:   pfl=12020040
04-16 04:32:51.978  5628 11262 V WindowManager:   bhv=DEFAULT
04-16 04:32:51.978  5628 11262 V WindowManager:   fitSides= naviIconColor=0}
04-16 04:32:51.978  8513  8596 I ViewRootImpl@2238c52[test]: mWNT: t=0x7d73e4a400 mBlastBufferQueue=0x7d20059100 fn= 2 caller= android.view.SyncRtSurfaceTransactionApplier.applyTransaction:96 android.view.SyncRtSurfaceTransactionApplier.lambda$scheduleApply$0$android-view-SyncRtSurfaceTransactionApplier:69 android.view.SyncRtSurfaceTransactionApplier$$ExternalSyntheticLambda0.onFrameDraw:4
04-16 04:32:51.979  9597  9597 I GoogleInputMethodService: GoogleInputMethodService.onFinishInput():3302
04-16 04:32:51.979  8513  8513 D SamsungLightBarControlHelper: onStatusBarAppearanceChanged() -  sbModeChanged:false, statusBarMode:MODE_TRANSPARENT, barState:SHADE, isKeyguardShowing:false, navbarColorManagedByIme:false, stackAppearancesChanged:true, (AppearanceRegion{ bounds=[0,0][1080,2400]}, ), packageName:org.jetbrains.android_benchmark.test
04-16 04:32:51.979  8513  8513 D NavigationBar: onSystemBarAttributesChanged() -  displayId:0, appearance:0, packageName: org.jetbrains.android_benchmark.test, navbarColorManagedByIme:false
04-16 04:32:51.980  8513  8513 D SamsungLightBarControlHelper: updateNavigation(White button) isLightBar:false, hasLightBarNavigationBarFlag:false, packageName:org.jetbrains.android_benchmark.test, DirectReplying:false, NavBarColorManagerdByIme:false, ForceDarkForScrim:false, QsCustomizing:false, PanelHasWhiteBg:false
04-16 04:32:51.982  8513  8597 I ViewRootImpl@2238c52[test]: mWNT: t=0x7d73e4a600 mBlastBufferQueue=0x7d20059100 fn= 3 caller= android.view.SyncRtSurfaceTransactionApplier.applyTransaction:96 android.view.SyncRtSurfaceTransactionApplier.lambda$scheduleApply$0$android-view-SyncRtSurfaceTransactionApplier:69 android.view.SyncRtSurfaceTransactionApplier$$ExternalSyntheticLambda0.onFrameDraw:4
04-16 04:32:51.985  5331  5456 I SurfaceFlinger: id=3341 createSurf flag=24004, Surface(name=c0370e6 InputMethod)/@0x105b572 - animation-leash of insets_animation#3341
04-16 04:32:51.986  9597  9597 I GoogleInputMethodService: GoogleInputMethodService.updateDeviceLockedStatus():2152 repeatCheckTimes = 0, unlocked = true
04-16 04:32:51.991  9597  9597 D InputMethodService: checkFocusedDisplay() display Id 0last 0
04-16 04:32:51.992  5628 11456 D InputMethodManagerService: isImeSwitcherDisabledPackage : false
04-16 04:32:51.992 10239 10239 I ViewRootImpl@199c48c[RamActivity2]: Relayout returned: old=(0,0,1080,2400) new=(0,0,1080,2400) req=(1080,2400)8 dur=19 res=0x2 s={false 0x0} ch=false seqId=0
04-16 04:32:51.993 10239 10239 W SmApplication: onTrimMemory : 20
04-16 04:32:51.993  9597  9597 I GoogleInputMethodService: GoogleInputMethodService.onStartInput():1930 onStartInput(EditorInfo{inputType=0x0(NULL) imeOptions=0x0 privateImeOptions=null actionName=UNSPECIFIED actionLabel=null actionId=0 initialSelStart=-1 initialSelEnd=-1 initialCapsMode=0x0 hintText=null label=null packageName=org.jetbrains.android_benchmark.test fieldId=-1 fieldName=null extras=Bundle[{displayId=0}]}, false)
04-16 04:32:51.993 10239 10239 I DC.AppIconCache: clear icon cache
04-16 04:32:51.993  9597  9597 I GoogleInputMethodService: GoogleInputMethodService.shouldHideHeaderOnInitialState():4116 ShouldHideHeaderOnInitialState = false
04-16 04:32:51.995  5331  5331 I Layer   : id=3319 removeFromCurrentState Surface(name=c0370e6 InputMethod)/@0x105b572 - animation-leash of insets_animation#3319 (150)
04-16 04:32:51.996  5331  5331 I SurfaceFlinger: id=3319 Removed Surface(name=c0370e6 InputMethod)/@0x105b572 - animation-leash of insets_animation#3319 (150)
04-16 04:32:51.996  5331  5331 I Layer   : id=3319 Destroyed Surface(name=c0370e6 InputMethod)/@0x105b572 - animation-leash of insets_animation#3319
04-16 04:32:51.996  8513  8596 I ViewRootImpl@2238c52[test]: mWNT: t=0x7d73e4a500 mBlastBufferQueue=0x7d20059100 fn= 4 caller= android.view.SyncRtSurfaceTransactionApplier.applyTransaction:96 android.view.SyncRtSurfaceTransactionApplier.lambda$scheduleApply$0$android-view-SyncRtSurfaceTransactionApplier:69 android.view.SyncRtSurfaceTransactionApplier$$ExternalSyntheticLambda0.onFrameDraw:4
04-16 04:32:52.003  9597  9597 I GoogleInputMethodService: GoogleInputMethodService.updateDeviceLockedStatus():2152 repeatCheckTimes = 2, unlocked = true
04-16 04:32:52.004  8513  8513 D SamsungLightBarControlHelper: updateStatus(WHITE icon) NumStacks:1, StatusBarMode:MODE_TRANSPARENT, lightBarBounds:[], StatusBarState:SHADE, packageName:org.jetbrains.android_benchmark.test, isWhiteKeyguardStatusBarBySettings:false
04-16 04:32:52.012  5331  5331 I Layer   : id=3306 removeFromCurrentState com.samsung.android.lool/com.samsung.android.sm.ram.ui.RamActivity2$_10239#3306 (149)
04-16 04:32:52.012  8513  8513 I ViewRootImpl@93ed0f[NotificationShade]: performTraversals mFirst=false windowShouldResize=false viewVisibilityChanged=false mForceNextWindowRelayout=false params={(0,0)(fillxfill) gr=TOP CENTER_VERTICAL sim={adjust=resize} layoutInDisplayCutoutMode=always ty=NOTIFICATION_SHADE fmt=TRANSLUCENT
04-16 04:32:52.012  8513  8513 I ViewRootImpl@93ed0f[NotificationShade]:   fl=81840048
04-16 04:32:52.012  8513  8513 I ViewRootImpl@93ed0f[NotificationShade]:   pfl=1b000000
04-16 04:32:52.012  8513  8513 I ViewRootImpl@93ed0f[NotificationShade]:   bhv=SHOW_TRANSIENT_BARS_BY_SWIPE naviIconColor=0
04-16 04:32:52.012  8513  8513 I ViewRootImpl@93ed0f[NotificationShade]:   sfl=60000}
04-16 04:32:52.013  5628 11261 V WindowManager: Relayout Window{298c8e7 u0 NotificationShade}: viewVisibility=4 req=1080x2400 d0
04-16 04:32:52.016  8513  8575 D OpenGLRenderer: setSurface called with nullptr
04-16 04:32:52.016  8513  8575 D OpenGLRenderer: setSurface() destroyed EGLSurface
04-16 04:32:52.016  8513  8575 D OpenGLRenderer: destroyEglSurface
04-16 04:32:52.016  5628 11261 V WindowManager: Relayout hash=298c8e7, pid=8513, syncId=-1: mAttrs={(0,0)(fillxfill) gr=TOP CENTER_VERTICAL sim={adjust=resize} layoutInDisplayCutoutMode=always ty=NOTIFICATION_SHADE fmt=TRANSLUCENT
04-16 04:32:52.016  5628 11261 V WindowManager:   fl=81840048
04-16 04:32:52.016  5628 11261 V WindowManager:   pfl=1b000000
04-16 04:32:52.016  5628 11261 V WindowManager:   bhv=SHOW_TRANSIENT_BARS_BY_SWIPE naviIconColor=0
04-16 04:32:52.016  5628 11261 V WindowManager:   sfl=60000}
04-16 04:32:52.020  5331  5376 I SurfaceFlinger: id=3306 Removed com.samsung.android.lool/com.samsung.android.sm.ram.ui.RamActivity2$_10239#3306 (149)
04-16 04:32:52.022  8513  8570 I ViewRootImpl@2238c52[test]: performTraversals params={(0,0)(fillxfill) sim={adjust=pan} ty=APPLICATION_STARTING fmt=TRANSLUCENT wanim=0x1030001 alpha=0.0
04-16 04:32:52.022  8513  8570 I ViewRootImpl@2238c52[test]:   fl=81030118
04-16 04:32:52.022  8513  8570 I ViewRootImpl@2238c52[test]:   pfl=16000010
04-16 04:32:52.022  8513  8570 I ViewRootImpl@2238c52[test]:   bhv=DEFAULT
04-16 04:32:52.022  8513  8570 I ViewRootImpl@2238c52[test]:   fitSides= naviIconColor=0}
04-16 04:32:52.022  8513  8570 I ViewRootImpl@2238c52[test]: performTraversals mFirst=false windowShouldResize=false viewVisibilityChanged=true mForceNextWindowRelayout=false params={(0,0)(fillxfill) sim={adjust=pan} ty=APPLICATION_STARTING fmt=TRANSLUCENT wanim=0x1030001 alpha=0.0
04-16 04:32:52.022  8513  8570 I ViewRootImpl@2238c52[test]:   fl=81030118
04-16 04:32:52.022  8513  8570 I ViewRootImpl@2238c52[test]:   pfl=16000010
04-16 04:32:52.022  8513  8570 I ViewRootImpl@2238c52[test]:   bhv=DEFAULT
04-16 04:32:52.022  8513  8570 I ViewRootImpl@2238c52[test]:   fitSides= naviIconColor=0}
04-16 04:32:52.023  8513  8513 I ViewRootImpl@93ed0f[NotificationShade]: Relayout returned: old=(0,0,1080,2400) new=(0,0,1080,2400) req=(1080,2400)4 dur=5 res=0x0 s={false 0x0} ch=false seqId=1
04-16 04:32:52.023  5628 11261 V WindowManager: Relayout Window{b0cf02f u0 Splash Screen org.jetbrains.android_benchmark.test}: viewVisibility=8 req=1080x2400 d0
04-16 04:32:52.014  9597  9597 I InputMethodService: removeImeSurface
04-16 04:32:52.026  5628 11261 V WindowManager: Relayout hash=b0cf02f, pid=8513, syncId=-1: mAttrs={(0,0)(fillxfill) sim={adjust=pan} ty=APPLICATION_STARTING fmt=TRANSLUCENT wanim=0x1030001 alpha=0.0
04-16 04:32:52.026  5628 11261 V WindowManager:   fl=81030118
04-16 04:32:52.026  5628 11261 V WindowManager:   pfl=16000010
04-16 04:32:52.026  5628 11261 V WindowManager:   bhv=DEFAULT
04-16 04:32:52.026  5628 11261 V WindowManager:   fitSides= naviIconColor=0}
04-16 04:32:52.026  8513  8513 I FaceWidgetPositionAlgorithm: getClockContainerHeight() supplier = 270, bottom margin = 0, real height = 813
04-16 04:32:52.027  8513  8513 I FaceWidgetPositionAlgorithm: getClockContainerHeight() supplier = 270, bottom margin = 63, real height = 813
04-16 04:32:52.027  9597  9597 I MSHandlerLifeCycle: check: return. pkg=com.google.android.inputmethod.latin isActivity=false callers=com.android.internal.policy.DecorView.setVisibility:4408 android.app.Dialog.hide:767 android.inputmethodservice.InputMethodService.removeImeSurface:1290 android.inputmethodservice.InputMethodService.scheduleImeSurfaceRemoval:1279 android.inputmethodservice.InputMethodService.-$$Nest$mscheduleImeSurfaceRemoval:0
04-16 04:32:52.027  8513  8513 I FaceWidgetPositionAlgorithm: getMediaContainerHeight() height = 0 container Visibility = 8, isValid = false, mIsDozing = false, fraction = 1.0, source = 0, target = 0
04-16 04:32:52.027  8513  8513 I FaceWidgetPositionAlgorithm: getMediaContainerHeight() supplier = 0
04-16 04:32:52.027  9597  9597 I MSHandlerLifeCycle: removeMultiSplitHandler: no exist. decor=DecorView@c61c36b[InputMethod]
04-16 04:32:52.027  8513  8570 I ViewRootImpl@2238c52[test]: Relayout returned: old=(0,0,1080,2400) new=(0,0,1080,2400) req=(1080,2400)8 dur=5 res=0x2 s={false 0x0} ch=true seqId=0
04-16 04:32:52.028  5331  5331 I Layer   : Layer [Splash Screen org.jetbrains.android_benchmark.test$_8513#3324] hidden!! flag(1)
04-16 04:32:52.029  5331  5331 I Layer   : id=3306 Destroyed com.samsung.android.lool/com.samsung.android.sm.ram.ui.RamActivity2$_10239#3306
04-16 04:32:52.033  8520 20294 I GOS:GameIntentService: onPackageChanged(). extras: Bundle[{changeType=0, userId=0, pkgName=org.jetbrains.android_benchmark.test, type=15, packageName=org.jetbrains.android_benchmark.test}]
04-16 04:32:52.034 20153 20177 D Benchmark: Usable output directory: /storage/emulated/0/Android/data/org.jetbrains.android_benchmark.test/cache
04-16 04:32:52.034 20153 20177 D Benchmark: Output Directory: /sdcard/Android/media/org.jetbrains.android_benchmark.test/additional_test_output
04-16 04:32:52.035  5331  5331 D SurfaceFlinger: Display 0 HWC layers:
04-16 04:32:52.035  5331  5331 D SurfaceFlinger:      DEVICE | 0x79c63f1340 | 0102 | RGBA_8888    |    0.0    0.0 1080.0 2312.0 |    0   88 1080 2400 | org.jetbrains.android_benchmark.test[...]chmark.IsolationActivity$_20153#3337
04-16 04:32:52.035  5331  5331 D SurfaceFlinger:      DEVICE | 0x79aa45b300 | 0100 | RGBA_8888    |    0.0   12.0 1080.0   88.0 |    0    0 1080   76 | StatusBar$_8513#99
04-16 04:32:52.035  5331  5331 D SurfaceFlinger:      DEVICE | 0x79aa45d740 | 0100 | RGBA_8888    |    0.0    0.0 1080.0  126.0 |    0 2274 1080 2400 | NavigationBar0$_8513#92
04-16 04:32:52.035  5331  5331 D SurfaceFlinger:      DEVICE | 0x79aa45cfc0 | 0140 | RGBA_8888    |    0.0    0.0 1080.0  100.0 |    0    0 1080  100 | ScreenDecorOverlay$_8513#109
04-16 04:32:52.035  5331  5331 D SurfaceFlinger:      DEVICE | 0x79aa45cd40 | 0140 | RGBA_8888    |    0.0    0.0 1080.0  100.0 |    0 2300 1080 2400 | ScreenDecorOverlayBottom$_8513#110
04-16 04:32:52.035  5331  5331 D SurfaceFlinger:
04-16 04:32:52.034  8520 20294 I GOS:GameIntentService: onPackageChanged(). changeType(INSTALLED), pkgName(org.jetbrains.android_benchmark.test), UserHandle(0), userId(0), Installed(true)
04-16 04:32:52.036  8513  8570 I ViewRootImpl@2238c52[test]: dispatchDetachedFromWindow
04-16 04:32:52.038  5628  9255 D InputTransport: Input channel destroyed: 'b0cf02f', fd=1097
04-16 04:32:52.039  5628  9255 W InputManager-JNI: Input channel object 'b0cf02f Splash Screen org.jetbrains.android_benchmark.test (client)' was disposed without first being removed with the input manager!
04-16 04:32:52.039  5628  9255 D InputTransport: Input channel destroyed: 'b0cf02f', fd=1098
04-16 04:32:52.041  5628  9255 D InputTransport: Input channel constructed: 'Letterb', fd=999
04-16 04:32:52.041  5628  9255 D InputTransport: Input channel constructed: 'Letterb', fd=1000
04-16 04:32:52.041  5628  9255 D InputTransport: Input channel constructed: 'Letterb', fd=1003
04-16 04:32:52.041  5628  9255 D InputTransport: Input channel constructed: 'Letterb', fd=1004
04-16 04:32:52.041  5628  9255 D InputTransport: Input channel constructed: 'Letterb', fd=1005
04-16 04:32:52.041  5628  9255 D InputTransport: Input channel constructed: 'Letterb', fd=1007
04-16 04:32:52.042  5628  9255 D InputTransport: Input channel constructed: 'Letterb', fd=1008
04-16 04:32:52.042  5628  9255 D InputTransport: Input channel constructed: 'Letterb', fd=1009
04-16 04:32:52.043  5331  8956 I SurfaceFlinger: id=3342 createSurf flag=20004, Letterbox - top#3342
