04-30 01:24:16.343 13611 13611 I Launcher.AppsPageDelegate: updateItemToNewPosition = title : HiPER Scientific Calculator, rank : 21, screenId : 1, user: UserHandle{0}, screenType: 0, pos: 21, screen: 1
04-30 01:24:16.343 13611 13611 I Launcher.AppsPageDelegate: updateItemToNewPosition = title : DuckDuckGo, rank : 1, screenId : 1, user: UserHandle{0}, screenType: 0, pos: 1, screen: 1
04-30 01:24:16.343 13611 13611 I Launcher.AppsPageDelegate: updateItemToNewPosition = title : GitHub, rank : 16, screenId : 1, user: UserHandle{0}, screenType: 0, pos: 16, screen: 1
04-30 01:24:16.343 13611 13611 I Launcher.AppsPageDelegate: updateItemToNewPosition = title : Excel, rank : 4, screenId : 1, user: UserHandle{0}, screenType: 0, pos: 4, screen: 1
04-30 01:24:16.343 13611 13611 I Launcher.AppsPageDelegate: updateItemToNewPosition = title : Graphing Calc, rank : 20, screenId : 1, user: UserHandle{0}, screenType: 0, pos: 20, screen: 1
04-30 01:24:16.343 13611 13611 I Launcher.AppsPageDelegate: updateItemToNewPosition = title : Files, rank : 5, screenId : 1, user: UserHandle{0}, screenType: 0, pos: 5, screen: 1
04-30 01:24:16.343 13611 13611 I Launcher.AppsPageDelegate: updateItemToNewPosition = title : Gboard, rank : 15, screenId : 1, user: UserHandle{0}, screenType: 0, pos: 15, screen: 1
04-30 01:24:16.343 13611 13611 I Launcher.AppsPageDelegate: updateItemToNewPosition = title : Glovo, rank : 17, screenId : 1, user: UserHandle{0}, screenType: 0, pos: 17, screen: 1
04-30 01:24:16.343 13611 13611 I Launcher.AppsPageDelegate: updateItemToNewPosition = title : Lens, rank : 28, screenId : 1, user: UserHandle{0}, screenType: 0, pos: 28, screen: 1
04-30 01:24:16.343 13611 13611 I Launcher.AppsPageDelegate: updateItemToNewPosition = title : KDE Connect, rank : 25, screenId : 1, user: UserHandle{0}, screenType: 0, pos: 25, screen: 1
04-30 01:24:16.343 13611 13611 I Launcher.AppsPageDelegate: updateItemToNewPosition = title : KAlgebra, rank : 23, screenId : 1, user: UserHandle{0}, screenType: 0, pos: 23, screen: 1
04-30 01:24:16.343 13611 13611 I Launcher.AppsPageDelegate: updateItemToNewPosition = title : Game Plugins, rank : 13, screenId : 1, user: UserHandle{0}, screenType: 0, pos: 13, screen: 1
04-30 01:24:16.343 13611 13611 I Launcher.AppsPageDelegate: updateItemToNewPosition = title : Knowledge, rank : 27, screenId : 1, user: UserHandle{0}, screenType: 0, pos: 27, screen: 1
04-30 01:24:16.343 13611 13611 I Launcher.AppsPageDelegate: updateItemToNewPosition = title : Duolingo, rank : 2, screenId : 1, user: UserHandle{0}, screenType: 0, pos: 2, screen: 1
04-30 01:24:16.343 13611 13611 I Launcher.AppsPageDelegate: updateItemToNewPosition = title : Forest, rank : 8, screenId : 1, user: UserHandle{0}, screenType: 0, pos: 8, screen: 1
04-30 01:24:16.344 13611 13611 I Launcher.AppsPageDelegate: updateItemToNewPosition = title : Flipd, rank : 7, screenId : 1, user: UserHandle{0}, screenType: 0, pos: 7, screen: 1
04-30 01:24:16.344 13611 13611 I Launcher.AppsPageDelegate: updateItemToNewPosition = title : Instagram, rank : 22, screenId : 1, user: UserHandle{0}, screenType: 0, pos: 22, screen: 1
04-30 01:24:16.344 13611 13611 I Launcher.AppsPageDelegate: updateItemToNewPosition = title : Durak, rank : 3, screenId : 1, user: UserHandle{0}, screenType: 0, pos: 3, screen: 1
04-30 01:24:16.344 13611 13611 I Launcher.AppsPageDelegate: updateItemToNewPosition = title : Games, rank : 14, screenId : 1, user: UserHandle{0}, screenType: 0, pos: 14, screen: 1
04-30 01:24:16.344 13611 13611 I Launcher.AppsPageDelegate: updateItemToNewPosition = title : Grammarly, rank : 19, screenId : 1, user: UserHandle{0}, screenType: 0, pos: 19, screen: 1
04-30 01:24:16.344 13611 13611 I Launcher.AppsPageDelegate: updateItemToNewPosition = title : LinkedIn, rank : 29, screenId : 1, user: UserHandle{0}, screenType: 0, pos: 29, screen: 1
04-30 01:24:16.344 13611 13611 I Launcher.AppsPageDelegate: updateItemToNewPosition = title : OneDrive, rank : 19, screenId : 2, user: UserHandle{0}, screenType: 0, pos: 19, screen: 2
04-30 01:24:16.344 13611 13611 I Launcher.AppsPageDelegate: updateItemToNewPosition = title : Phone, rank : 23, screenId : 2, user: UserHandle{0}, screenType: 0, pos: 23, screen: 2
04-30 01:24:16.344 13611 13611 I Launcher.AppsPageDelegate: updateItemToNewPosition = title : Messages, rank : 7, screenId : 2, user: UserHandle{0}, screenType: 0, pos: 7, screen: 2
04-30 01:24:16.344 13611 13611 I Launcher.AppsPageDelegate: updateItemToNewPosition = title : Mail, rank : 0, screenId : 2, user: UserHandle{0}, screenType: 0, pos: 0, screen: 2
04-30 01:24:16.344 13611 13611 I Launcher.AppsPageDelegate: updateItemToNewPosition = title : Photos, rank : 26, screenId : 2, user: UserHandle{0}, screenType: 0, pos: 26, screen: 2
04-30 01:24:16.344 13611 13611 I Launcher.AppsPageDelegate: updateItemToNewPosition = title : Microsoft 365 (Office), rank : 8, screenId : 2, user: UserHandle{0}, screenType: 0, pos: 8, screen: 2
04-30 01:24:16.344 13611 13611 I Launcher.AppsPageDelegate: updateItemToNewPosition = title : Mail, rank : 1, screenId : 2, user: UserHandle{0}, screenType: 0, pos: 1, screen: 2
04-30 01:24:16.344 13611 13611 I Launcher.AppsPageDelegate: updateItemToNewPosition = title : Maps, rank : 2, screenId : 2, user: UserHandle{0}, screenType: 0, pos: 2, screen: 2
04-30 01:24:16.344 13611 13611 I Launcher.AppsPageDelegate: updateItemToNewPosition = title : PhotoScan, rank : 27, screenId : 2, user: UserHandle{0}, screenType: 0, pos: 27, screen: 2
04-30 01:24:16.344 13611 13611 I Launcher.AppsPageDelegate: updateItemToNewPosition = title : PaintCAD, rank : 22, screenId : 2, user: UserHandle{0}, screenType: 0, pos: 22, screen: 2
04-30 01:24:16.344 13611 13611 I Launcher.AppsPageDelegate: updateItemToNewPosition = title : OONI Probe, rank : 20, screenId : 2, user: UserHandle{0}, screenType: 0, pos: 20, screen: 2
04-30 01:24:16.344 13611 13611 I Launcher.AppsPageDelegate: updateItemToNewPosition = title : Microsoft Launcher, rank : 9, screenId : 2, user: UserHandle{0}, screenType: 0, pos: 9, screen: 2
04-30 01:24:16.344 13611 13611 I Launcher.AppsPageDelegate: updateItemToNewPosition = title : my.itmo, rank : 15, screenId : 2, user: UserHandle{0}, screenType: 0, pos: 15, screen: 2
04-30 01:24:16.344 13611 13611 I Launcher.AppsPageDelegate: updateItemToNewPosition = title : Photomath, rank : 25, screenId : 2, user: UserHandle{0}, screenType: 0, pos: 25, screen: 2
04-30 01:24:16.344 13611 13611 I Launcher.AppsPageDelegate: updateItemToNewPosition = title : Orbot, rank : 21, screenId : 2, user: UserHandle{0}, screenType: 0, pos: 21, screen: 2
04-30 01:24:16.344 13611 13611 I Launcher.AppsPageDelegate: updateItemToNewPosition = title : Natural Scientific Calculator, rank : 16, screenId : 2, user: UserHandle{0}, screenType: 0, pos: 16, screen: 2
04-30 01:24:16.344 13611 13611 I Launcher.AppsPageDelegate: updateItemToNewPosition = title : meduza, rank : 3, screenId : 2, user: UserHandle{0}, screenType: 0, pos: 3, screen: 2
04-30 01:24:16.344 13611 13611 I Launcher.AppsPageDelegate: updateItemToNewPosition = title : Meet, rank : 4, screenId : 2, user: UserHandle{0}, screenType: 0, pos: 4, screen: 2
04-30 01:24:16.344 13611 13611 I Launcher.AppsPageDelegate: updateItemToNewPosition = title : PhoneAccount Abuse Detector, rank : 24, screenId : 2, user: UserHandle{0}, screenType: 0, pos: 24, screen: 2
04-30 01:24:16.344 13611 13611 I Launcher.AppsPageDelegate: updateItemToNewPosition = title : Moodle, rank : 12, screenId : 2, user: UserHandle{0}, screenType: 0, pos: 12, screen: 2
04-30 01:24:16.345 13611 13611 I Launcher.AppsPageDelegate: updateItemToNewPosition = title : Play Games, rank : 28, screenId : 2, user: UserHandle{0}, screenType: 0, pos: 28, screen: 2
04-30 01:24:16.345 13611 13611 I Launcher.AppsPageDelegate: updateItemToNewPosition = title : Omnics, rank : 18, screenId : 2, user: UserHandle{0}, screenType: 0, pos: 18, screen: 2
04-30 01:24:16.345 13611 13611 I Launcher.AppsPageDelegate: updateItemToNewPosition = title : Moja mBanka, rank : 11, screenId : 2, user: UserHandle{0}, screenType: 0, pos: 11, screen: 2
04-30 01:24:16.345 13611 13611 I Launcher.AppsPageDelegate: updateItemToNewPosition = title : Meet (original), rank : 5, screenId : 2, user: UserHandle{0}, screenType: 0, pos: 5, screen: 2
04-30 01:24:16.345 13611 13611 I Launcher.AppsPageDelegate: updateItemToNewPosition = title : Moovit, rank : 13, screenId : 2, user: UserHandle{0}, screenType: 0, pos: 13, screen: 2
04-30 01:24:16.345 13611 13611 I Launcher.AppsPageDelegate: updateItemToNewPosition = title : Notion, rank : 17, screenId : 2, user: UserHandle{0}, screenType: 0, pos: 17, screen: 2
04-30 01:24:16.345 13611 13611 I Launcher.AppsPageDelegate: updateItemToNewPosition = title : Moj Maxi, rank : 10, screenId : 2, user: UserHandle{0}, screenType: 0, pos: 10, screen: 2
04-30 01:24:16.345 13611 13611 I Launcher.AppsPageDelegate: updateItemToNewPosition = title : Music, rank : 14, screenId : 2, user: UserHandle{0}, screenType: 0, pos: 14, screen: 2
04-30 01:24:16.345 13611 13611 I Launcher.AppsPageDelegate: updateItemToNewPosition = title : MegaFonPRO, rank : 6, screenId : 2, user: UserHandle{0}, screenType: 0, pos: 6, screen: 2
04-30 01:24:16.345 13611 13611 I Launcher.AppsPageDelegate: updateItemToNewPosition = title : Play Music, rank : 29, screenId : 2, user: UserHandle{0}, screenType: 0, pos: 29, screen: 2
04-30 01:24:16.345 13611 13611 I Launcher.AppsPageDelegate: updateItemToNewPosition = title : Play Store, rank : 0, screenId : 3, user: UserHandle{0}, screenType: 0, pos: 0, screen: 3
04-30 01:24:16.345 13611 13611 I Launcher.AppsPageDelegate: updateItemToNewPosition = title : Settings, rank : 13, screenId : 3, user: UserHandle{0}, screenType: 0, pos: 13, screen: 3
04-30 01:24:16.345 13611 13611 I Launcher.AppsPageDelegate: updateItemToNewPosition = title : Samsung Health, rank : 9, screenId : 3, user: UserHandle{0}, screenType: 0, pos: 9, screen: 3
04-30 01:24:16.345 13611 13611 I Launcher.AppsPageDelegate: updateItemToNewPosition = title : Samsung Members, rank : 10, screenId : 3, user: UserHandle{0}, screenType: 0, pos: 10, screen: 3
04-30 01:24:16.345 13611 13611 I Launcher.AppsPageDelegate: updateItemToNewPosition = title : Samsung Notes, rank : 11, screenId : 3, user: UserHandle{0}, screenType: 0, pos: 11, screen: 3
04-30 01:24:16.345 13611 13611 I Launcher.AppsPageDelegate: updateItemToNewPosition = title : Stepik, rank : 25, screenId : 3, user: UserHandle{0}, screenType: 0, pos: 25, screen: 3
04-30 01:24:16.345 13611 13611 I Launcher.AppsPageDelegate: updateItemToNewPosition = title : Sheets, rank : 15, screenId : 3, user: UserHandle{0}, screenType: 0, pos: 15, screen: 3
04-30 01:24:16.345 13611 13611 I Launcher.AppsPageDelegate: updateItemToNewPosition = title : Tasks, rank : 26, screenId : 3, user: UserHandle{0}, screenType: 0, pos: 26, screen: 3
04-30 01:24:16.345 13611 13611 I Launcher.AppsPageDelegate: updateItemToNewPosition = title : QuickEdit, rank : 4, screenId : 3, user: UserHandle{0}, screenType: 0, pos: 4, screen: 3
04-30 01:24:16.345 13611 13611 I Launcher.AppsPageDelegate: updateItemToNewPosition = title : RAR, rank : 7, screenId : 3, user: UserHandle{0}, screenType: 0, pos: 7, screen: 3
04-30 01:24:16.345 13611 13611 I Launcher.AppsPageDelegate: updateItemToNewPosition = title : Slides, rank : 18, screenId : 3, user: UserHandle{0}, screenType: 0, pos: 18, screen: 3
04-30 01:24:16.345 13611 13611 I Launcher.AppsPageDelegate: updateItemToNewPosition = title : Speedtest, rank : 22, screenId : 3, user: UserHandle{0}, screenType: 0, pos: 22, screen: 3
04-30 01:24:16.345 13611 13611 I Launcher.AppsPageDelegate: updateItemToNewPosition = title : Shazam, rank : 14, screenId : 3, user: UserHandle{0}, screenType: 0, pos: 14, screen: 3
04-30 01:24:16.345 13611 13611 I Launcher.AppsPageDelegate: updateItemToNewPosition = title : Pydroid 3, rank : 3, screenId : 3, user: UserHandle{0}, screenType: 0, pos: 3, screen: 3
04-30 01:24:16.345 13611 13611 I Launcher.AppsPageDelegate: updateItemToNewPosition = title : Slack, rank : 17, screenId : 3, user: UserHandle{0}, screenType: 0, pos: 17, screen: 3
04-30 01:24:16.345 13611 13611 I Launcher.AppsPageDelegate: updateItemToNewPosition = title : Skype, rank : 16, screenId : 3, user: UserHandle{0}, screenType: 0, pos: 16, screen: 3
04-30 01:24:16.345 13611 13611 I Launcher.AppsPageDelegate: updateItemToNewPosition = title : Psiphon Pro, rank : 2, screenId : 3, user: UserHandle{0}, screenType: 0, pos: 2, screen: 3
04-30 01:24:16.346 13611 13611 I Launcher.AppsPageDelegate: updateItemToNewPosition = title : ScreenshotGo, rank : 12, screenId : 3, user: UserHandle{0}, screenType: 0, pos: 12, screen: 3
04-30 01:24:16.346 13611 13611 I Launcher.AppsPageDelegate: updateItemToNewPosition = title : Smart Tutor, rank : 19, screenId : 3, user: UserHandle{0}, screenType: 0, pos: 19, screen: 3
04-30 01:24:16.346 13611 13611 I Launcher.AppsPageDelegate: updateItemToNewPosition = title : RaiPay, rank : 6, screenId : 3, user: UserHandle{0}, screenType: 0, pos: 6, screen: 3
04-30 01:24:16.346 13611 13611 I Launcher.AppsPageDelegate: updateItemToNewPosition = title : Teams, rank : 28, screenId : 3, user: UserHandle{0}, screenType: 0, pos: 28, screen: 3
04-30 01:24:16.346 13611 13611 I Launcher.AppsPageDelegate: updateItemToNewPosition = title : Proton VPN, rank : 1, screenId : 3, user: UserHandle{0}, screenType: 0, pos: 1, screen: 3
04-30 01:24:16.346 13611 13611 I Launcher.AppsPageDelegate: updateItemToNewPosition = title : Quip, rank : 5, screenId : 3, user: UserHandle{0}, screenType: 0, pos: 5, screen: 3
04-30 01:24:16.346 13611 13611 I Launcher.AppsPageDelegate: updateItemToNewPosition = title : Splitwise, rank : 23, screenId : 3, user: UserHandle{0}, screenType: 0, pos: 23, screen: 3
04-30 01:24:16.346 13611 13611 I Launcher.AppsPageDelegate: updateItemToNewPosition = title : Space, rank : 20, screenId : 3, user: UserHandle{0}, screenType: 0, pos: 20, screen: 3
04-30 01:24:16.346 13611 13611 I Launcher.AppsPageDelegate: updateItemToNewPosition = title : Reddit, rank : 8, screenId : 3, user: UserHandle{0}, screenType: 0, pos: 8, screen: 3
04-30 01:24:16.346 13611 13611 I Launcher.AppsPageDelegate: updateItemToNewPosition = title : SPACE, rank : 21, screenId : 3, user: UserHandle{0}, screenType: 0, pos: 21, screen: 3
04-30 01:24:16.346 13611 13611 I Launcher.AppsPageDelegate: updateItemToNewPosition = title : TeamCityApp, rank : 27, screenId : 3, user: UserHandle{0}, screenType: 0, pos: 27, screen: 3
04-30 01:24:16.346 13611 13611 I Launcher.AppsPageDelegate: updateItemToNewPosition = title : Srbija voz, rank : 24, screenId : 3, user: UserHandle{0}, screenType: 0, pos: 24, screen: 3
04-30 01:24:16.346 13611 13611 I Launcher.AppsPageDelegate: updateItemToNewPosition = title : Telegram, rank : 29, screenId : 3, user: UserHandle{0}, screenType: 0, pos: 29, screen: 3
04-30 01:24:16.346 13611 13611 I Launcher.AppsPageDelegate: updateItemToNewPosition = title : Yandex Start, rank : 24, screenId : 4, user: UserHandle{0}, screenType: 0, pos: 24, screen: 4
04-30 01:24:16.346 13611 13611 I Launcher.AppsPageDelegate: updateItemToNewPosition = title : Voice Recorder, rank : 12, screenId : 4, user: UserHandle{0}, screenType: 0, pos: 12, screen: 4
04-30 01:24:16.346 13611 13611 I Launcher.AppsPageDelegate: updateItemToNewPosition = title : Tips, rank : 4, screenId : 4, user: UserHandle{0}, screenType: 0, pos: 4, screen: 4
04-30 01:24:16.346 13611 13611 I Launcher.AppsPageDelegate: updateItemToNewPosition = title : VK, rank : 11, screenId : 4, user: UserHandle{0}, screenType: 0, pos: 11, screen: 4
04-30 01:24:16.346 13611 13611 I Launcher.AppsPageDelegate: updateItemToNewPosition = title : WhatsApp, rank : 14, screenId : 4, user: UserHandle{0}, screenType: 0, pos: 14, screen: 4
04-30 01:24:16.346 13611 13611 I Launcher.AppsPageDelegate: updateItemToNewPosition = title : Translate, rank : 6, screenId : 4, user: UserHandle{0}, screenType: 0, pos: 6, screen: 4
04-30 01:24:16.346 13611 13611 I Launcher.AppsPageDelegate: updateItemToNewPosition = title : Termux, rank : 1, screenId : 4, user: UserHandle{0}, screenType: 0, pos: 1, screen: 4
04-30 01:24:16.346 13611 13611 I Launcher.AppsPageDelegate: updateItemToNewPosition = title : Word, rank : 18, screenId : 4, user: UserHandle{0}, screenType: 0, pos: 18, screen: 4
04-30 01:24:16.346 13611 13611 I Launcher.AppsPageDelegate: updateItemToNewPosition = title : YandexDisk, rank : 21, screenId : 4, user: UserHandle{0}, screenType: 0, pos: 21, screen: 4
04-30 01:24:16.346 13611 13611 I Launcher.AppsPageDelegate: updateItemToNewPosition = title : Yandex Navi, rank : 23, screenId : 4, user: UserHandle{0}, screenType: 0, pos: 23, screen: 4
04-30 01:24:16.346 13611 13611 I Launcher.AppsPageDelegate: updateItemToNewPosition = title : Wolfram Alpha, rank : 16, screenId : 4, user: UserHandle{0}, screenType: 0, pos: 16, screen: 4
04-30 01:24:16.346 13611 13611 I Launcher.AppsPageDelegate: updateItemToNewPosition = title : Translate, rank : 7, screenId : 4, user: UserHandle{0}, screenType: 0, pos: 7, screen: 4
04-30 01:24:16.346 13611 13611 I Launcher.AppsPageDelegate: updateItemToNewPosition = title : Termux Tutorial, rank : 2, screenId : 4, user: UserHandle{0}, screenType: 0, pos: 2, screen: 4
04-30 01:24:16.346 13611 13611 I Launcher.AppsPageDelegate: updateItemToNewPosition = title : Y.Weather, rank : 20, screenId : 4, user: UserHandle{0}, screenType: 0, pos: 20, screen: 4
04-30 01:24:16.346 13611 13611 I Launcher.AppsPageDelegate: updateItemToNewPosition = title : YandexGo, rank : 25, screenId : 4, user: UserHandle{0}, screenType: 0, pos: 25, screen: 4
04-30 01:24:16.347 13611 13611 I Launcher.AppsPageDelegate: updateItemToNewPosition = title : Twitch, rank : 8, screenId : 4, user: UserHandle{0}, screenType: 0, pos: 8, screen: 4
04-30 01:24:16.347 13611 13611 I Launcher.AppsPageDelegate: updateItemToNewPosition = title : Yandex Metro, rank : 22, screenId : 4, user: UserHandle{0}, screenType: 0, pos: 22, screen: 4
04-30 01:24:16.347 13611 13611 I Launcher.AppsPageDelegate: updateItemToNewPosition = title : Wallet, rank : 13, screenId : 4, user: UserHandle{0}, screenType: 0, pos: 13, screen: 4
04-30 01:24:16.347 13611 13611 I Launcher.AppsPageDelegate: updateItemToNewPosition = title : Yettel, rank : 26, screenId : 4, user: UserHandle{0}, screenType: 0, pos: 26, screen: 4
04-30 01:24:16.347 13611 13611 I Launcher.AppsPageDelegate: updateItemToNewPosition = title : Wolt, rank : 17, screenId : 4, user: UserHandle{0}, screenType: 0, pos: 17, screen: 4
04-30 01:24:16.347 13611 13611 I Launcher.AppsPageDelegate: updateItemToNewPosition = title : Zoom, rank : 28, screenId : 4, user: UserHandle{0}, screenType: 0, pos: 28, screen: 4
04-30 01:24:16.347 13611 13611 I Launcher.AppsPageDelegate: updateItemToNewPosition = title : YouTrack, rank : 27, screenId : 4, user: UserHandle{0}, screenType: 0, pos: 27, screen: 4
04-30 01:24:16.347 13611 13611 I Launcher.AppsPageDelegate: updateItemToNewPosition = title : WiFiAnalyzer, rank : 15, screenId : 4, user: UserHandle{0}, screenType: 0, pos: 15, screen: 4
04-30 01:24:16.347 13611 13611 I Launcher.AppsPageDelegate: updateItemToNewPosition = title : To Do, rank : 5, screenId : 4, user: UserHandle{0}, screenType: 0, pos: 5, screen: 4
04-30 01:24:16.347 13611 13611 I Launcher.AppsPageDelegate: updateItemToNewPosition = title : Tinkoff, rank : 3, screenId : 4, user: UserHandle{0}, screenType: 0, pos: 3, screen: 4
04-30 01:24:16.347 13611 13611 I Launcher.AppsPageDelegate: updateItemToNewPosition = title : Twitter, rank : 9, screenId : 4, user: UserHandle{0}, screenType: 0, pos: 9, screen: 4
04-30 01:24:16.347 13611 13611 I Launcher.AppsPageDelegate: updateItemToNewPosition = title : Telemost, rank : 0, screenId : 4, user: UserHandle{0}, screenType: 0, pos: 0, screen: 4
04-30 01:24:16.347 13611 13611 I Launcher.AppsPageDelegate: updateItemToNewPosition = title : Xiaomi Home, rank : 19, screenId : 4, user: UserHandle{0}, screenType: 0, pos: 19, screen: 4
04-30 01:24:16.347 13611 13611 I Launcher.AppsPageDelegate: updateItemToNewPosition = title : Urban VPN, rank : 10, screenId : 4, user: UserHandle{0}, screenType: 0, pos: 10, screen: 4
04-30 01:24:16.347 13611 13611 I Launcher.AppsPageDelegate: updateItemToNewPosition = title : , rank : 29, screenId : 4, user: UserHandle{0}, screenType: 0, pos: 29, screen: 4
04-30 01:24:16.347 13611 13611 I Launcher.AppsPageDelegate: updateItemToNewPosition = title : , rank : 3, screenId : 5, user: UserHandle{0}, screenType: 0, pos: 3, screen: 5
04-30 01:24:16.347 13611 13611 I Launcher.AppsPageDelegate: updateItemToNewPosition = title :  , rank : 9, screenId : 5, user: UserHandle{0}, screenType: 0, pos: 9, screen: 5
04-30 01:24:16.347 13611 13611 I Launcher.AppsPageDelegate: updateItemToNewPosition = title : , rank : 4, screenId : 5, user: UserHandle{0}, screenType: 0, pos: 4, screen: 5
04-30 01:24:16.347 13611 13611 I Launcher.AppsPageDelegate: updateItemToNewPosition = title : , rank : 7, screenId : 5, user: UserHandle{0}, screenType: 0, pos: 7, screen: 5
04-30 01:24:16.347 13611 13611 I Launcher.AppsPageDelegate: updateItemToNewPosition = title :  Tele2, rank : 5, screenId : 5, user: UserHandle{0}, screenType: 0, pos: 5, screen: 5
04-30 01:24:16.347 13611 13611 I Launcher.AppsPageDelegate: updateItemToNewPosition = title : , rank : 1, screenId : 5, user: UserHandle{0}, screenType: 0, pos: 1, screen: 5
04-30 01:24:16.347 13611 13611 I Launcher.AppsPageDelegate: updateItemToNewPosition = title :  , rank : 6, screenId : 5, user: UserHandle{0}, screenType: 0, pos: 6, screen: 5
04-30 01:24:16.347 13611 13611 I Launcher.AppsPageDelegate: updateItemToNewPosition = title : , rank : 0, screenId : 5, user: UserHandle{0}, screenType: 0, pos: 0, screen: 5
04-30 01:24:16.347 13611 13611 I Launcher.AppsPageDelegate: updateItemToNewPosition = title : ., rank : 2, screenId : 5, user: UserHandle{0}, screenType: 0, pos: 2, screen: 5
04-30 01:24:16.347 13611 13611 I Launcher.AppsPageDelegate: updateItemToNewPosition = title :  , rank : 8, screenId : 5, user: UserHandle{0}, screenType: 0, pos: 8, screen: 5
04-30 01:24:16.347 13611 13611 I Launcher.AppsPageDelegate: rearrangeChildren took : 6
04-30 01:24:16.465  5429  8529 D PackageManager: setEnabledSetting : userId = 0 packageName = com.Slack cmp = androidx.work.impl.background.systemalarm.RescheduleReceiver newState = 1 callingPackage = 10329/com.Slack
04-30 01:24:16.466  5429  8529 D ApplicationPolicy: getApplicationStateEnabled : pkg = com.Slack userId : 0
04-30 01:24:16.467  5429  8529 D ApplicationPolicy: getApplicationComponentState : pkg = com.Slack userId : 0
04-30 01:24:16.506  5429  5488 W libprocessgroup: Failed to open /dev/blkio//cgroup.procs: No such file or directory
04-30 01:24:16.516 16465 16536 D ConnectivityManager: StackLog: [android.net.ConnectivityManager.sendRequestForNetwork(ConnectivityManager.java:4191)] [android.net.ConnectivityManager.registerDefaultNetworkCallbackForUid(ConnectivityManager.java:4755)] [android.net.ConnectivityManager.registerDefaultNetworkCallback(ConnectivityManager.java:4722)] [android.net.ConnectivityManager.registerDefaultNetworkCallback(ConnectivityManager.java:4696)] [androidx.work.impl.utils.NetworkApi24.registerDefaultNetworkCallbackCompat(Unknown Source:10)] [androidx.work.impl.constraints.trackers.NetworkStateTracker24.startTracking(Unknown Source:15)] [androidx.work.impl.constraints.controllers.ConstraintController.replace(Unknown Source:130)] [androidx.work.impl.constraints.WorkConstraintsTrackerImpl.replace(Unknown Source:41)] [androidx.work.impl.background.greedy.GreedyScheduler.schedule(Unknown Source:302)] [androidx.work.impl.Schedulers.schedule(Unknown Source:149)] [androidx.work.impl.utils.EnqueueRunnable.run(Unknown Source:53)] [androidx.work.Worker$2.run$androidx$work$impl$utils$SerialExecutorImpl$Task(Unknown Source:4)] [androidx.work.Worker$2.run(Unknown Source:868)] [java.util.concurrent.ThreadPoolExecutor.runWorker(ThreadPoolExecutor.java:1137)] [java.util.concurrent.ThreadPoolExecutor$Worker.run(ThreadPoolExecutor.java:637)] [java.lang.Thread.run(Thread.java:1012)]
04-30 01:24:16.518  5429  8532 D ConnectivityService: requestNetwork for uid/pid:10329/16465 activeRequest: null callbackRequest: 19525 [NetworkRequest [ REQUEST id=19526, [ Capabilities: INTERNET&NOT_RESTRICTED&TRUSTED&NOT_VCN_MANAGED Uid: 10329 RequestorUid: 10329 RequestorPkg: com.Slack UnderlyingNetworks: Null] ]] callback flags: 0 order: 2147483647
04-30 01:24:16.519  5429  5665 D ConnectivityService:    accepting network in place of null
04-30 01:24:16.545  5429  5655 D WifiNetworkFactory: got request NetworkRequest [ REQUEST id=19526, [ Capabilities: INTERNET&NOT_RESTRICTED&TRUSTED&NOT_VCN_MANAGED Uid: 10329 RequestorUid: 10329 RequestorPkg: com.Slack UnderlyingNetworks: Null] ]
04-30 01:24:16.546  5429  5655 D UntrustedWifiNetworkFactory: got request NetworkRequest [ REQUEST id=19526, [ Capabilities: INTERNET&NOT_RESTRICTED&TRUSTED&NOT_VCN_MANAGED Uid: 10329 RequestorUid: 10329 RequestorPkg: com.Slack UnderlyingNetworks: Null] ]
04-30 01:24:16.546  5429  5655 D OemPaidWifiNetworkFactory: got request NetworkRequest [ REQUEST id=19526, [ Capabilities: INTERNET&NOT_RESTRICTED&TRUSTED&NOT_VCN_MANAGED Uid: 10329 RequestorUid: 10329 RequestorPkg: com.Slack UnderlyingNetworks: Null] ]
04-30 01:24:16.546  5429  5655 D MultiInternetWifiNetworkFactory: got request NetworkRequest [ REQUEST id=19526, [ Capabilities: INTERNET&NOT_RESTRICTED&TRUSTED&NOT_VCN_MANAGED Uid: 10329 RequestorUid: 10329 RequestorPkg: com.Slack UnderlyingNetworks: Null] ]
04-30 01:24:16.546  5429  5665 D ConnectivityService: Rematched networks [computed 0ms] [applied 3ms] [issued 24]
04-30 01:24:16.547  5429  5665 D ConnectivityService: NetworkReassignment :
04-30 01:24:16.547  5429  5665 D ConnectivityService:   19526 : null  128
04-30 01:24:16.549 16465 16465 D ConnectivityManager: StackLog: [android.net.ConnectivityManager.unregisterNetworkCallback(ConnectivityManager.java:4863)] [androidx.work.impl.utils.NetworkApi21.unregisterNetworkCallbackCompat(Unknown Source:10)] [androidx.work.impl.constraints.trackers.NetworkStateTracker24.stopTracking(Unknown Source:15)] [androidx.work.impl.constraints.trackers.ConstraintTracker.removeListener(Unknown Source:24)] [androidx.work.impl.constraints.controllers.ConstraintController.replace(Unknown Source:81)] [androidx.work.impl.constraints.WorkConstraintsTrackerImpl.replace(Unknown Source:41)] [androidx.work.impl.background.greedy.GreedyScheduler.onExecuted(Unknown Source:55)] [androidx.work.impl.Processor.onExecuted(Unknown Source:59)] [com.bugsnag.android.DeliveryDelegate$1.run(Unknown Source:212)]
04-30 01:24:16.560  5429  5665 D ConnectivityService:  Removing from current network [128 WIFI], leaving 163 requests.
04-30 01:24:16.910 19660 19706 E nightwatch-target: /proc/zoneinfo open: errno=13
04-30 01:24:16.911  4899  4899 E audit   : type=1400 audit(1682810656.907:84916): avc:  denied  { read } for  pid=19660 comm="Lacrima_startup" name="zoneinfo" dev="proc" ino=4026531860 scontext=u:r:untrusted_app:s0:c126,c256,c512,c768 tcontext=u:object_r:proc_zoneinfo:s0 tclass=file permissive=0 SEPF_SM-A515F_13_0001 audit_filtered
04-30 01:24:16.911 19660 19706 E nightwatch-target: sysmeminfo parse failed
04-30 01:24:16.911  4899  4899 E audit   : type=1300 audit(1682810656.907:84916): arch=c00000b7 syscall=56 success=no exit=-13 a0=ffffff9c a1=77fa91bc16 a2=0 a3=0 items=0 ppid=4924 pid=19660 auid=4294967295 uid=10126 gid=10126 euid=10126 suid=10126 fsuid=10126 egid=10126 sgid=10126 fsgid=10126 tty=(none) ses=4294967295 comm="Lacrima_startup" exe="/system/bin/app_process64" subj=u:r:untrusted_app:s0:c126,c256,c512,c768 key=(null)
04-30 01:24:16.911  4899  4899 E audit   : type=1327 audit(1682810656.907:84916): proctitle="com.instagram.android"
04-30 01:24:17.012  5429  5677 I SearchManagerService: _updateSearchables
04-30 01:24:17.483  5429  5677 W SearchableInfo: Invalid searchable metadata for com.samsung.android.messaging/.ui.view.recipientspicker.PickerActivity: Search label must be a resource reference.
04-30 01:24:17.912 19660 19706 E nightwatch-target: /proc/zoneinfo open: errno=13
04-30 01:24:17.913 19660 19706 E nightwatch-target: sysmeminfo parse failed
04-30 01:24:17.913  4899  4899 E audit   : type=1400 audit(1682810657.907:84917): avc:  denied  { read } for  pid=19660 comm="Lacrima_startup" name="zoneinfo" dev="proc" ino=4026531860 scontext=u:r:untrusted_app:s0:c126,c256,c512,c768 tcontext=u:object_r:proc_zoneinfo:s0 tclass=file permissive=0 SEPF_SM-A515F_13_0001 audit_filtered
04-30 01:24:17.913  4899  4899 E audit   : type=1300 audit(1682810657.907:84917): arch=c00000b7 syscall=56 success=no exit=-13 a0=ffffff9c a1=77fa91bc16 a2=0 a3=0 items=0 ppid=4924 pid=19660 auid=4294967295 uid=10126 gid=10126 euid=10126 suid=10126 fsuid=10126 egid=10126 sgid=10126 fsgid=10126 tty=(none) ses=4294967295 comm="Lacrima_startup" exe="/system/bin/app_process64" subj=u:r:untrusted_app:s0:c126,c256,c512,c768 key=(null)
04-30 01:24:18.474  5429  7411 D SemWifiUsabilityStatsMonitor: onWifiUsabilityStats - seqNum 25001, isSameBssidAndFreq true
04-30 01:24:18.476  5429  5717 I SemWifiLinkQualityMonitor: Link Qos Query: 0.023 ms / 346.400 Mbps (433 / 0.000 / 1.250)
04-30 01:24:18.876  5429  5438 I system_server: Background concurrent copying GC freed 388651(22MB) AllocSpace objects, 23(1420KB) LOS objects, 19% free, 101MB/125MB, paused 435us,469us total 498.090ms
04-30 01:24:18.891  4899  4899 E audit   : type=1400 audit(1682810658.887:84918): avc:  denied  { read } for  pid=19902 comm="binder:19902_3" name="u:object_r:perf_prop:s0" dev="tmpfs" ino=21617 scontext=u:r:priv_app:s0:c512,c768 tcontext=u:object_r:perf_prop:s0 tclass=file permissive=0 SEPF_SM-A515F_13_0001 audit_filtered
04-30 01:24:18.891  4899  4899 E audit   : type=1300 audit(1682810658.887:84918): arch=c00000b7 syscall=56 success=no exit=-13 a0=ffffff9c a1=78049b52f8 a2=88000 a3=0 items=0 ppid=4924 pid=19902 auid=4294967295 uid=10076 gid=10076 euid=10076 suid=10076 fsuid=10076 egid=10076 sgid=10076 fsgid=10076 tty=(none) ses=4294967295 comm="binder:19902_3" exe="/system/bin/app_process64" subj=u:r:priv_app:s0:c512,c768 key=(null)
04-30 01:24:18.892 19902 19919 W libc    : Access denied finding property "sys.perf.boostopt"
04-30 01:24:18.897  4899  4899 E audit   : type=1327 audit(1682810658.887:84918): proctitle="com.facebook.services"
04-30 01:24:18.903  4899  4899 E audit   : type=1400 audit(1682810658.899:84919): avc:  denied  { read } for  pid=15320 comm="binder:15320_5" name="u:object_r:perf_prop:s0" dev="tmpfs" ino=21617 scontext=u:r:platform_app:s0:c512,c768 tcontext=u:object_r:perf_prop:s0 tclass=file permissive=0 SEPF_SM-A515F_13_0001 audit_filtered
04-30 01:24:18.906 15320 15892 W libc    : Access denied finding property "sys.perf.boostopt"
04-30 01:24:18.914 19660 19706 E nightwatch-target: /proc/zoneinfo open: errno=13
04-30 01:24:18.914 19660 19706 E nightwatch-target: sysmeminfo parse failed
04-30 01:24:18.927 12235 12258 D Benchmark: timeNs[ 0:10]: 273954615 269744846 268442885 269746692 260295038 261176654 262088192 264064615 278837692 258216692
04-30 01:24:18.927 12235 12258 D Benchmark: timeNs[10:20]: 258872500 267792846 264995038 261270615 263118193 263636961 272907807 261919115 270819923 256411423
04-30 01:24:18.927 12235 12258 D Benchmark: timeNs[20:30]: 269608730 259465961 267151115 263152885 276507538 263085346 268319730 253051846 264893577 295887116
04-30 01:24:18.927 12235 12258 D Benchmark: timeNs[30:40]: 286391039 272679654 289897423 265577769 251959538 269668961 254760154 248723385 259368615 256419653
04-30 01:24:18.927 12235 12258 D Benchmark: timeNs[40:50]: 268014692 282524462 267481538 268404769 263197615 265306385 254792154 270719269 276483423 290767077
04-30 01:24:18.932  5429  5677 I SearchManagerService: _updateSearchables completed.
04-30 01:24:18.936  5429  5440 W System  : A resource failed to call close.
04-30 01:24:19.915 19660 19706 E nightwatch-target: /proc/zoneinfo open: errno=13
04-30 01:24:19.915 19660 19706 E nightwatch-target: sysmeminfo parse failed
04-30 01:24:19.916  4899  4899 E audit   : type=1400 audit(1682810659.911:84921): avc:  denied  { read } for  pid=19660 comm="Lacrima_startup" name="zoneinfo" dev="proc" ino=4026531860 scontext=u:r:untrusted_app:s0:c126,c256,c512,c768 tcontext=u:object_r:proc_zoneinfo:s0 tclass=file permissive=0 SEPF_SM-A515F_13_0001 audit_filtered
04-30 01:24:19.916  4899  4899 E audit   : type=1300 audit(1682810659.911:84921): arch=c00000b7 syscall=56 success=no exit=-13 a0=ffffff9c a1=77fa91bc16 a2=0 a3=0 items=0 ppid=4924 pid=19660 auid=4294967295 uid=10126 gid=10126 euid=10126 suid=10126 fsuid=10126 egid=10126 sgid=10126 fsgid=10126 tty=(none) ses=4294967295 comm="Lacrima_startup" exe="/system/bin/app_process64" subj=u:r:untrusted_app:s0:c126,c256,c512,c768 key=(null)
04-30 01:24:19.916  4899  4899 E audit   : type=1327 audit(1682810659.911:84921): proctitle="com.instagram.android"
04-30 01:24:20.916 19660 19706 E nightwatch-target: /proc/zoneinfo open: errno=13
04-30 01:24:20.916  4899  4899 E audit   : type=1400 audit(1682810660.911:84922): avc:  denied  { read } for  pid=19660 comm="Lacrima_startup" name="zoneinfo" dev="proc" ino=4026531860 scontext=u:r:untrusted_app:s0:c126,c256,c512,c768 tcontext=u:object_r:proc_zoneinfo:s0 tclass=file permissive=0 SEPF_SM-A515F_13_0001 audit_filtered
04-30 01:24:20.916 19660 19706 E nightwatch-target: sysmeminfo parse failed
04-30 01:24:21.511  5429  7411 D SemWifiUsabilityStatsMonitor: onWifiUsabilityStats - seqNum 25002, isSameBssidAndFreq true
04-30 01:24:21.514  5429  5717 I SemWifiLinkQualityMonitor: Link Qos Query: 0.023 ms / 346.400 Mbps (433 / 0.000 / 1.250)
04-30 01:24:21.514  5878  5878 D NetworkController.WifiSignalController: notifyListener: visible=true, connected=true, inetCondition=1, isDefault=true, wifiTestReported=true, receivedInetCondition=-1, hideDuringMobileSwitching=false
04-30 01:24:21.516  5878  6043 D Tile.WifiTile: handleUpdateState isTransient=false transientEnabling =false cb.isTransient=false state.state = 2 mStateBeforeClick.value =false enabled =true
04-30 01:24:22.124 12235 12258 D Benchmark: allocationCount[ 0:10]: 8872475 8872470 8872482 8872474 8872472
04-30 01:24:22.124 12235 12258 D Benchmark: Set 12258 (Bench thread) to priority -8. Was -20, now -8
04-30 01:24:22.124 12235 12258 D Benchmark: Set 12243 (Jit) to priority 9. Was -15, now 9
04-30 01:24:22.125 12235 12258 D Benchmark: Warmup: t=8.256, iter=30, fastAvg=273885280, slowAvg=420843616
04-30 01:24:22.125 12235 12258 I PerfettoCapture: Stopping perfetto.
04-30 01:24:22.168 19584 19584 I perfetto:    perfetto_cmd.cc:1168 SIGINT/SIGTERM received: disabling tracing.
04-30 01:24:22.178 12235 12258 D Benchmark: kill -TERM command output -
04-30 01:24:22.184  5130  5130 I perfetto:  probes_producer.cc:396 Producer stop (id=1173)
04-30 01:24:22.187  5130  5130 I perfetto:    ftrace_procfs.cc:342 disabled ftrace in /sys/kernel/tracing/
04-30 01:24:22.249  4389  4389 I hwservicemanager: getTransport: Cannot find entry android.hardware.atrace@1.0::IAtraceDevice/default in either framework or device VINTF manifest.
04-30 01:24:22.255  5130  5130 I perfetto:  probes_producer.cc:396 Producer stop (id=1174)
04-30 01:24:22.255  5130  5130 I perfetto:  probes_producer.cc:396 Producer stop (id=1175)
04-30 01:24:22.289 19584 19584 I perfetto:    perfetto_cmd.cc:1124 Trace written into the output file
04-30 01:24:22.298 12235 12258 I PerfettoCapture: Writing to /storage/emulated/0/Android/data/org.jetbrains.android_benchmark.test/cache/Wolf3dBenchmark_valuePreserveBoxFloat_2023-04-29-23-24-22.perfetto-trace.
04-30 01:24:22.314  5131  5131 I perfetto: ng_service_impl.cc:2426 Tracing session 294 ended, total sessions:0
04-30 01:24:22.690 12235 12258 D Benchmark: Copying /storage/emulated/0/Android/data/org.jetbrains.android_benchmark.test/cache/Wolf3dBenchmark_valuePreserveBoxFloat_2023-04-29-23-24-22.perfetto-trace to /sdcard/Android/media/org.jetbrains.android_benchmark.test/additional_test_output/Wolf3dBenchmark_valuePreserveBoxFloat_2023-04-29-23-24-22.perfetto-trace
04-30 01:24:22.718  8350 19178 W MediaProvider: isAppCloneUserPair for user 0: false
04-30 01:24:22.848  5429  8529 D SyncManager: userId - 0 auto - true
04-30 01:24:22.954  9200 19559 I NetworkScheduler.Stats: Task com.google.android.gms/com.google.android.gms.ipa.base.IpaGcmTaskService started execution. cause:9 exec_start_elapsed_seconds: 220202 [CONTEXT service_id=218 ]
04-30 01:24:22.978  9200 17358 I NetworkScheduler.Stats: Task com.google.android.gms/com.google.android.gms.ipa.base.IpaGcmTaskService finished executing. cause:9 result: 1 elapsed_millis: 50 uptime_millis: 51 exec_start_elapsed_seconds: 220202 [CONTEXT service_id=218 ]
04-30 01:24:22.989  9200  9200 D BoundBrokerSvc: onBind: Intent { act=com.google.android.gms.scheduler.ACTION_PROXY_SCHEDULE dat=chimera-action:/... cmp=com.google.android.gms/.chimera.PersistentApiService }
04-30 01:24:22.989  9200  9200 D BoundBrokerSvc: Loading bound service for intent: Intent { act=com.google.android.gms.scheduler.ACTION_PROXY_SCHEDULE dat=chimera-action:/... cmp=com.google.android.gms/.chimera.PersistentApiService }
04-30 01:24:23.177 12235 12258 I Benchmark: Wolf3dBenchmark.valuePreserveBoxFloat[Metric (timeNs) results: median 2.65442077E8, min 2.48723385E8, max 2.95887116E8, standardDeviation: 9930493.792832123, Metric (allocationCount) results: median 8872474.0, min 8872470.0, max 8872482.0, standardDeviation: 4.560701700396552]count=1
04-30 01:24:23.180 12235 12258 D Benchmark: writing results to /storage/emulated/0/Android/data/org.jetbrains.android_benchmark.test/cache/org.jetbrains.android_benchmark.test-benchmarkData.json
04-30 01:24:23.192 12235 12258 D Benchmark: Copying /storage/emulated/0/Android/data/org.jetbrains.android_benchmark.test/cache/org.jetbrains.android_benchmark.test-benchmarkData.json to /sdcard/Android/media/org.jetbrains.android_benchmark.test/additional_test_output/org.jetbrains.android_benchmark.test-benchmarkData.json
04-30 01:24:23.222  5429  8532 D SyncManager: userId - 0 auto - true
04-30 01:24:23.223  8350 19548 I MediaProvider: Deleted 1 0 0 0 0 0 0 items on external_primary due to org.jetbrains.android_benchmark.test
04-30 01:24:23.237  8350 20006 W MediaProvider: isAppCloneUserPair for user 0: false
04-30 01:24:23.257  5429  8532 D SyncManager: userId - 0 auto - true
04-30 01:24:23.261 12235 12258 I TestRunner: finished: valuePreserveBoxFloat(org.jetbrains.android_benchmark.Wolf3dBenchmark)
