04-27 20:10:35.707 26326 26356 D ConnectivityManager: StackLog: [android.net.ConnectivityManager.sendRequestForNetwork(ConnectivityManager.java:4191)] [android.net.ConnectivityManager.registerDefaultNetworkCallbackForUid(ConnectivityManager.java:4755)] [android.net.ConnectivityManager.registerDefaultNetworkCallback(ConnectivityManager.java:4722)] [android.net.ConnectivityManager.registerDefaultNetworkCallback(ConnectivityManager.java:4696)] [eab.b(PG:2)] [eae.b(PG:3)] [dzg.o(PG:1)] [dzd.a(PG:1)] [_6.<init>(PG:13)] [_970.<init>(PG:1)] [dzr.a(PG:2)] [dzt.b(PG:9)] [dog.d(PG:1)] [_1008.N(PG:1)] [mxc.b(PG:2)] [ejw.as(PG:845)] [ejw.b(PG:6)] [ejw.a(PG:1)] [aikf.C(PG:9)] [aikf.k(PG:2)] [aikf.h(PG:2)] [gsf.call(PG:34)] [agik.call(PG:1)] [agjb.call(PG:2)] [agis.run(PG:8)] [java.util.concurrent.ThreadPoolExecutor.runWorker(ThreadPoolExecutor.java:1137)] [java.util.concurrent.ThreadPoolExecutor$Worker.run(ThreadPoolExecutor.java:637)] [java.lang.Thread.run(Thread.java:1012)] [agie.run(PG:2)]
04-27 20:10:35.712  5429  8538 D ConnectivityService: requestNetwork for uid/pid:10252/26326 activeRequest: null callbackRequest: 3860 [NetworkRequest [ REQUEST id=3861, [ Capabilities: INTERNET&NOT_RESTRICTED&TRUSTED&NOT_VCN_MANAGED Uid: 10252 RequestorUid: 10252 RequestorPkg: com.google.android.apps.photos UnderlyingNetworks: Null] ]] callback flags: 0 order: 2147483647
04-27 20:10:35.713  5429  5665 D ConnectivityService:    accepting network in place of null
04-27 20:10:35.717  5429  5665 D ConnectivityService: Rematched networks [computed 0ms] [applied 1ms] [issued 3]
04-27 20:10:35.718  5429  5665 D ConnectivityService: NetworkReassignment :
04-27 20:10:35.718  5429  5665 D ConnectivityService:   3861 : null  108
04-27 20:10:35.727  5429  7411 D SemWifiUsabilityStatsMonitor: onWifiUsabilityStats - seqNum 3687, isSameBssidAndFreq true
04-27 20:10:35.728  5429  5655 D WifiNetworkFactory: got request NetworkRequest [ REQUEST id=3861, [ Capabilities: INTERNET&NOT_RESTRICTED&TRUSTED&NOT_VCN_MANAGED Uid: 10252 RequestorUid: 10252 RequestorPkg: com.google.android.apps.photos UnderlyingNetworks: Null] ]
04-27 20:10:35.728  5429  5655 D UntrustedWifiNetworkFactory: got request NetworkRequest [ REQUEST id=3861, [ Capabilities: INTERNET&NOT_RESTRICTED&TRUSTED&NOT_VCN_MANAGED Uid: 10252 RequestorUid: 10252 RequestorPkg: com.google.android.apps.photos UnderlyingNetworks: Null] ]
04-27 20:10:35.728  5429  5655 D OemPaidWifiNetworkFactory: got request NetworkRequest [ REQUEST id=3861, [ Capabilities: INTERNET&NOT_RESTRICTED&TRUSTED&NOT_VCN_MANAGED Uid: 10252 RequestorUid: 10252 RequestorPkg: com.google.android.apps.photos UnderlyingNetworks: Null] ]
04-27 20:10:35.729  5429  5655 D MultiInternetWifiNetworkFactory: got request NetworkRequest [ REQUEST id=3861, [ Capabilities: INTERNET&NOT_RESTRICTED&TRUSTED&NOT_VCN_MANAGED Uid: 10252 RequestorUid: 10252 RequestorPkg: com.google.android.apps.photos UnderlyingNetworks: Null] ]
04-27 20:10:35.729  5429  5717 I SemWifiLinkQualityMonitor: Link Qos Query: 0.123 ms / 64.800 Mbps (72 / 0.000 / 1.111)
04-27 20:10:35.786  4387  4387 I lmkd    : cached 0, sandbox(not0) 0
04-27 20:10:35.788  4387  4387 I lmkd    : Reclaim 'com.samsung.android.app.aodservice' (24184), uid 10054, oom_score_adj 999, state 19 to free 36144kB rss, 35956kb swap
04-27 20:10:35.789  4387  4387 I lmkd    : Reclaimed 72100kB at oom_score_adj 850
04-27 20:10:35.823  5429  5486 I libprocessgroup: Successfully killed process cgroup uid 10054 pid 24184 in 0ms
04-27 20:10:35.833  4924  4924 I Zygote  : Process 24184 exited due to signal 9 (Killed)
04-27 20:10:35.864  4387  4387 I lmkd    : 2(delay), 0(swap), 0(freelimit), 0(reentrymode) memory pressure events were skipped after a kill!
04-27 20:10:35.897 19519 19561 I TRuntime.CctTransportBackend: Making request to: https://firebaselogging-pa.googleapis.com/v1/firelog/legacy/batchlog
04-27 20:10:35.911 20358 20371 I Finsky  : [57] kep.a(15): ru.yandex.music: Account determined from installer data - [u50CvjFgI4N8BK_7VI5wqgrBLx4XC93qbnmKX3YNI1k]
04-27 20:10:35.913 20358 20371 I Finsky  : [57] kep.a(64): Billing preferred account via installer for ru.yandex.music: [u50CvjFgI4N8BK_7VI5wqgrBLx4XC93qbnmKX3YNI1k]
04-27 20:10:35.944  5429  5751 D NetdEventListenerService: DNS Requested by : 108, 10496
04-27 20:10:35.945 19519 19561 D TrafficStats: tagSocket(142) with statsTag=0xffffffff, statsUid=-1
04-27 20:10:36.072 26326 26356 D CompatibilityChangeReporter: Compat change id reported: 210923482; UID 10252; state: ENABLED
04-27 20:10:36.116 11246 11246 D BoundBrokerSvc: onUnbind: Intent { act=com.google.android.gms.safetynet.service.START pkg=com.google.android.gms }
04-27 20:10:36.214 19519 19561 I TRuntime.CctTransportBackend: Status Code: 200
04-27 20:10:36.284  4924  4924 D Zygote  : Forked child process 26383
04-27 20:10:36.316 26326 26370 D CompatibilityChangeReporter: Compat change id reported: 170233598; UID 10252; state: DISABLED
04-27 20:10:36.344 26383 26383 I droid.daemonapp: Using CollectorTypeCC GC.
04-27 20:10:36.351 26383 26383 E droid.daemonapp: Not starting debugger since process cannot load the jdwp agent.
04-27 20:10:36.364 26383 26383 W libc    : Access denied finding property "sys.perf.boostopt"
04-27 20:10:36.364  4899  4899 E audit   : type=1400 audit(1682619036.359:17758): avc:  denied  { read } for  pid=26383 comm="droid.daemonapp" name="u:object_r:perf_prop:s0" dev="tmpfs" ino=21617 scontext=u:r:platform_app:s0:c512,c768 tcontext=u:object_r:perf_prop:s0 tclass=file permissive=0 SEPF_SM-A515F_13_0001 audit_filtered
04-27 20:10:36.364  4899  4899 E audit   : type=1300 audit(1682619036.359:17758): arch=c00000b7 syscall=56 success=no exit=-13 a0=ffffff9c a1=7fcb563ba8 a2=88000 a3=0 items=0 ppid=4924 pid=26383 auid=4294967295 uid=10180 gid=10180 euid=10180 suid=10180 fsuid=10180 egid=10180 sgid=10180 fsgid=10180 tty=(none) ses=4294967295 comm="droid.daemonapp" exe="/system/bin/app_process64" subj=u:r:platform_app:s0:c512,c768 key=(null)
04-27 20:10:36.364  4899  4899 E audit   : type=1327 audit(1682619036.359:17758): proctitle="zygote64"
04-27 20:10:36.366 26383 26383 D ActivityThread: setConscryptValidator
04-27 20:10:36.366 26383 26383 D ActivityThread: setConscryptValidator - put
04-27 20:10:36.369 26383 26395 W libc    : Access denied finding property "sys.perf.boostopt"
04-27 20:10:36.369  4899  4899 E audit   : type=1400 audit(1682619036.363:17759): avc:  denied  { read } for  pid=26383 comm="binder:26383_1" name="u:object_r:perf_prop:s0" dev="tmpfs" ino=21617 scontext=u:r:platform_app:s0:c512,c768 tcontext=u:object_r:perf_prop:s0 tclass=file permissive=0 SEPF_SM-A515F_13_0001 audit_filtered
04-27 20:10:36.397 26383 26396 W libc    : Access denied finding property "sys.perf.boostopt"
04-27 20:10:36.399 26383 26383 D CompatibilityChangeReporter: Compat change id reported: 171979766; UID 10180; state: ENABLED
04-27 20:10:36.751 26383 26383 E SystemServiceRegistry: create SemLocationManager service
04-27 20:10:36.758  5429  7446 D SLocation: SLocation - isAvailable 7
04-27 20:10:36.856 26383 26383 I [WEATHER]App: {[912AB2AB1CF0C102DDDAB8F13F7B03EA]}
04-27 20:10:36.859 26383 26383 I [WEATHER]App: {[F68914AB15551ACEFA0A50D220C3ACBD27E106755D2B43CE73ECAF019AD8DF5D755202ABB442E4F84F869ABE70497EC8]}
04-27 20:10:36.866  5429  5442 D PackageManager: setEnabledSetting : userId = 0 packageName = com.sec.android.daemonapp cmp = androidx.work.impl.background.systemjob.SystemJobService newState = 1 callingPackage = 10180/com.sec.android.daemonapp
04-27 20:10:36.867  5429  5442 D ApplicationPolicy: getApplicationStateEnabled : pkg = com.sec.android.daemonapp userId : 0
04-27 20:10:36.872  5429  5442 D ApplicationPolicy: getApplicationComponentState : pkg = com.sec.android.daemonapp userId : 0
04-27 20:10:36.881 26383 26383 I [WEATHER]AppUpdateService: {[F25703819843744D7F1F976789EB79788758AD5B9BF3767780DB00994DDA19BA]}
04-27 20:10:36.885 26383 26416 I [WEATHER]AddRepresentLocationHandler: {[DF604F2FE57637CF1717FE26DFD22E396C7BD6BDC8D6558A39C82F692196975EA1F582B3179D59FE377B020D96BB7807]}
04-27 20:10:36.889 26383 26383 I [WEATHER]MigrateCp: {[EE6E3CC8B114EAAB1365F7B4D709B85753F27F8F573FC32A591162BC01BC9763]}
04-27 20:10:36.896 26383 26419 I [WEATHER]SecAnalytics: {[C87F748D3E09D031296D0B45C9728D506BA2018A2969685B068C665B20625079BC473CAB037B14B6794B9F69C62FC9B5C1CB4AAE2E90F39F6003B3EEBBA7D950]}
04-27 20:10:36.899 26383 26419 I [WEATHER]SecStatusAnalytics: {[6DF7DAB8289B539D63EB03942BFEEF6AC278DEADF7D674C8E201FD4AD886A6253A041B6C665C4546C9181B6AC372D63C]}
04-27 20:10:36.933 26383 26383 I [WEATHER]AppUpdateService: {[F25703819843744D7F1F976789EB7978B61B58C647450F69DA2156D7D0972E46347CE2063E742E21A63D99E0BFD9F03D]}
04-27 20:10:36.947 26383 26419 I [WEATHER]StartPersistenceWork: {[85B742B6859B0A51E847EECEE54D7BBAE550F5111C0137B0DF63931E80F61A23]}
04-27 20:10:36.964 26383 26383 I [WEATHER]CheckCPMatch: {[0AACE7D7FC9AEDAD084D6991E0BF48936746808AE9F5E18E29A560AB84FA3ACB43FE04F5DD41AE38690DAB6FE642AFB4EBB39DC2A80FF3199C44410D2013F90A]}
04-27 20:10:36.975 26383 26383 I [WEATHER]CompleteCondition: {[C58C622E0FDF6CED660E23DA1D46C7E304A65D039C92809761DD488C815D4473]}
04-27 20:10:36.978 26383 26383 I [WEATHER]ConditionManager: {[B1B36EC94B8C4F4707BE22CC98BC66F332BADB6184B583390233078DCA344F635804ACD256F54CCFD7C073E1AE2585B7]}
04-27 20:10:36.989 26383 26416 E [WEATHER]StoreEntity: {[4D63BA3A7171858DA5D3F9375C43492DDF25E5A1AD7D8FEF26A2A3C27FCA533645F81B5C97AD32F6DE1997D8427A3FBD965453CCAEB1389BBA06896D47D49271]}
04-27 20:10:37.013 26383 26403 I [WEATHER]AppUpdateService: {[F25703819843744D7F1F976789EB797833D5506BC44F426FC87D02A2CB5C65E7]}
04-27 20:10:37.030  5429  5488 W libprocessgroup: Failed to open /dev/blkio//cgroup.procs: No such file or directory
04-27 20:10:37.034 26383 26403 I [WEATHER]RestoreAutoRefresh: {[3D9E0655162E9D283348CE35F2ECDAEAF622451BE3DDE69A6AC2764A011D1C6101DEFA1863529A7F45C0C8D5718FEC76]}
04-27 20:10:37.038 26383 26416 I [WEATHER]RepresentLocationCondition: {[791A7E843A2403D987543B4D9BD486B71BE3E621203B6E1BD71D444D8BD172C9B8BEB86A6A33DACE4B14BB0AC32ED7EB]}
04-27 20:10:37.042 26383 26416 I [WEATHER]AddRepresentLocationHandler: {[DF604F2FE57637CF1717FE26DFD22E393D928D46A03C081A6AAED627C131A00BD754416B1A748B1FF46C6EF7FDD6A4F0]}
04-27 20:10:37.044 26383 26416 I [WEATHER]ConditionManager: {[B1B36EC94B8C4F4707BE22CC98BC66F3561CC7B081D2BD569F36A49392B4ADA979098BA9B8B0EBE1C405C11017A99F29]}
04-27 20:10:37.052 26383 26383 I [WEATHER]FreeStatusCheckService: {[59D59D6A529801523F831777F8F19C604081A727E9C0D6D3E5D7AA165B283248ACCADF3F2BF388AE221F1DDBBFAE68751749A91DB99F828392D5691F32DA3B60]}
04-27 20:10:37.057 26383 26383 I [WEATHER]FreeStatusCheckService: {[59D59D6A529801523F831777F8F19C604081A727E9C0D6D3E5D7AA165B283248ACCADF3F2BF388AE221F1DDBBFAE6875D49C09B705F63DC251CA8EBD736AD3C9DE7E3426C830077406932D4994722CCD]}
04-27 20:10:37.061 26383 26403 I [WEATHER]RestoreAutoRefresh: {[3D9E0655162E9D283348CE35F2ECDAEAF622451BE3DDE69A6AC2764A011D1C613763E72A85F10F813E1DC1F8475A6E7F29DCC11A26057A5E9625608E271F438B9B78816A1D342DAE08AE0294CBDDA454]}
04-27 20:10:37.092 26383 26403 I [WEATHER]RefreshScheduler: {[3D9E0655162E9D283348CE35F2ECDAEA9F3655DB299128963EF7A822A65D7BBEA33A8CE0AC11CC22C0F03B0C4E99CB7249538B88594820F70EDC5774041CB5C16ADCF96DF8E4D29B43243E6701FD336D]}
04-27 20:10:37.097 26383 26403 I [WEATHER]RefreshScheduler: {[3D9E0655162E9D283348CE35F2ECDAEA7BDFA53C9DC311C5BF67757AF3C8194AD59C5CB8D477D1EB3F3CE1B999A77DC14DF5CF417DA257232E46DC9FBFF389E7]}
04-27 20:10:37.103 26383 26403 I [WEATHER]RefreshScheduler: {[3D9E0655162E9D283348CE35F2ECDAEAEB72875D2910E3878414EB4B9D7B94087A8713CECFAF0C62830E0E9BB74C9B207A3793F802C07FA55881292CFC9F66D358C02B6EB321567FB56FCE743C421A85]}
04-27 20:10:37.104 26383 26403 I [WEATHER]RefreshScheduler: {[3D9E0655162E9D283348CE35F2ECDAEA9A9BDF2F584CC397C743B48A86C22EAC]}
04-27 20:10:37.126  4924  4924 D Zygote  : Forked child process 26434
04-27 20:10:37.168 26383 26411 I [WEATHER]LoggerService: {[5C0BA85D5BDED42699E6D325962A0C42A8839C4F0E9F4A8FC9AA06FC0E579599]}
04-27 20:10:37.170 26383 26420 I [WEATHER]DayNightChangeCheckService: {[32C96A90F3F48E012C7ADE377ED85AB74856C78EBC580EADB597611259E4C203FE48DF800843A8C244C5B2A9871A2C7AADFFF84D206FADBFCE756393034AF3DC6B040B162BCCB5BEFC9592E110122B7147FBF4B46FA0898B1A4A7FBFE3492251DCC7620BCA1B55643CED4D9D484D3A909105548631743AABD57C163750170CAE]}
04-27 20:10:37.170 26383 26411 I [WEATHER]LoggerService: {[5C0BA85D5BDED42699E6D325962A0C429EF6A7162990471A3F3F72096CF7E57F]}
04-27 20:10:37.176 26383 26411 I [WEATHER]LoggerService: {[5C0BA85D5BDED42699E6D325962A0C42928A29C407A330DF36F9CF7FC3C3E365D534DD3D8FE31B126A30D96ED7BFD139]}
04-27 20:10:37.182 26434 26434 I droid.app.spage: Using CollectorTypeCC GC.
04-27 20:10:37.186 26383 26420 I [WEATHER]ActivityTransitionGmsManager: {[9A62BF60BFA968264102A0EE215743160C0A00D566B8889E009463FBC6172256]}
04-27 20:10:37.199 26434 26434 E droid.app.spage: Not starting debugger since process cannot load the jdwp agent.
04-27 20:10:37.213 26434 26434 W libc    : Access denied finding property "sys.perf.boostopt"
04-27 20:10:37.214 26434 26447 W libc    : Access denied finding property "sys.perf.boostopt"
04-27 20:10:37.215 26434 26434 D ActivityThread: setConscryptValidator
04-27 20:10:37.216 26434 26434 D ActivityThread: setConscryptValidator - put
04-27 20:10:37.239 26383 26420 I RunestoneSDK: [1.3.8]Called module : V20RunestoneStateModule -> getRunestoneState(RunestoneStateApi.kt:4)
04-27 20:10:37.257 26434 26434 D CompatibilityChangeReporter: Compat change id reported: 171979766; UID 10061; state: ENABLED
04-27 20:10:37.301 24781 25304 I Rubin   : [123] z7.f.b(SourceFile:6) : checkForUI = false isGdprAffected = false isCMSFeatureSupported = true
04-27 20:10:37.306 24781 25304 I Rubin   : [123] z7.f.b(SourceFile:6) : checkForUI = false isGdprAffected = false isCMSFeatureSupported = true
04-27 20:10:37.310 26383 26383 E [WEATHER]ActivityTransitionGmsManager: {[666EEED8C7D27883280BAFC63AFE9E9E0A72976B51874523CCEA58FFDB83D5ECCE77C2F221D415BCF5E170F1B94600CF62574AAD19CDFEDF84494674D909B314E841287597BC303429D81134B5CE1A4665D2FC4F89E4DD9F40519665CC8C96EDFA92414656C2BAE7B2CDFEB436D5BDAD]}
04-27 20:10:37.311 26383 26383 I [WEATHER]HistoryNotification: {[11D77475A16E357BFFF1109325F17E95BA795923AB7B359E52F6F8214C9FFB43]}
04-27 20:10:37.321 24781 25304 I Rubin   : [123] z7.f.b(SourceFile:6) : checkForUI = false isGdprAffected = false isCMSFeatureSupported = true
04-27 20:10:37.321 24781 25304 I Rubin   : [123] z7.f.b(SourceFile:6) : checkForUI = false isGdprAffected = false isCMSFeatureSupported = true
04-27 20:10:37.322 24781 25304 I Rubin   : [123] z7.f.b(SourceFile:6) : checkForUI = false isGdprAffected = false isCMSFeatureSupported = true
04-27 20:10:37.323 24781 25304 I Rubin   : [123] z7.f.b(SourceFile:6) : checkForUI = false isGdprAffected = false isCMSFeatureSupported = true
04-27 20:10:37.332 26383 26420 I [WEATHER]RubinDataSourceImpl: {[6E099A6F08D647829A2B7E3CFA1CA20DA12453F944A27016475E0EE04A441065AB8ACC9A01C366F15CC757D63701939D573C60E5FC634B5A3CCC327C52610B5BD5E1BD533024B0130D9811C4209620A77C9AAF1C9FCEC673E608AA8218E4EF8C]}
04-27 20:10:37.343 26383 26420 I RunestoneSDK: [1.3.8]Called module : V30ContextFenceInformation -> getRegisteredContextFenceList(RunestoneFenceApi.kt:4)
04-27 20:10:37.349 24781 25304 I Rubin   : [123] com.samsung.android.rubin.datainterface.f.call(SourceFile:2) : Method : get_registered_context_fences, Calling Package - com.sec.android.daemonapp
04-27 20:10:37.352 24781 24781 E Rubin   : [2] com.samsung.android.rubin.datainterface.f.lambda$call$4(SourceFile:3) : runestone modules are not started, so start runestone modules
04-27 20:10:37.354 24781 24781 I Rubin   : [2] z7.r.y(SourceFile:1) : Enabling rubin service
04-27 20:10:37.357 24781 24781 I Rubin   : [2] z7.r.T(SourceFile:2) : Enabling Rubin :: FLAG - needNewId : true
04-27 20:10:37.359 24781 25304 I AccessController: isAllowedPackage - com.sec.android.daemonapp is allowed to access
04-27 20:10:37.362 24781 25304 I Rubin   : [123] z7.f.b(SourceFile:6) : checkForUI = false isGdprAffected = false isCMSFeatureSupported = true
04-27 20:10:37.363 24781 25304 W Rubin   : [123] com.samsung.android.rubin.datainterface.f.isProvidableState(SourceFile:2) : Rubin is disabled
04-27 20:10:37.364 24781 24781 I Rubin   : [2] cd.c.d(SourceFile:2) : type = type_auth
04-27 20:10:37.370 24781 26449 I Rubin   : [124] cd.a.g(SourceFile:1) : requestAccessToken(): false
04-27 20:10:37.373 24781 26449 I Rubin   : [124] cd.a.e(SourceFile:2) : REFRESH ACCESS TOKEN for Thread :: 124 with tid 3109695909
04-27 20:10:37.377 24781 25304 I Rubin   : [123] z6.d.a(SourceFile:6) : active permissions : [SMS, CALL_LOG, CALENDAR, LOCATION, CONTACTS, PHYSICAL_ACTIVITY, STORAGE, NEARBY_DEVICES]
04-27 20:10:37.380 26383 26420 I [WEATHER]RubinDataSourceImpl: {[6E099A6F08D647829A2B7E3CFA1CA20DDA7C0F82C2703992423C816CF7CABA38573A6D1D928DAF910F5B2CAB7DEE94B9CD8B5DCDE87C35A32373C7B4A0F912E8824672A6FABAC01C62178FAF48BF6E04]}
04-27 20:10:37.381 26383 26420 I [WEATHER]AppUpdateService: {[F25703819843744D7F1F976789EB79783C9198DB6E1CD68B43F5AF2328C70CB7]}
04-27 20:10:37.383 26383 26420 I [WEATHER]AppUpdateService: {[F25703819843744D7F1F976789EB79781C85BCAB57A5D24F7B89C259751CB27A]}
04-27 20:10:37.385 24781 26450 I Rubin   : [125] cd.a$a.run(SourceFile:2) : ======================doRefreshAccessTokenTask======================
04-27 20:10:37.388 26383 26420 I [WEATHER]AppUpdateService: {[F25703819843744D7F1F976789EB7978A80738AC8D323D1908D803325424C02D4E8BF83AF9E8849BB25B98E9A64685F4C099925D3774CB38D47ED5D4F45BBEF5]}
04-27 20:10:37.389 26383 26420 I [WEATHER]FreeStatusCheckService: {[2D77D00695CB34C3942C996BF010E897E9D5DE2D112747DB273FB460D0DFFD52D9DE889B0FA1C498BA79FF64E91415DC]}
04-27 20:10:37.391 26383 26420 I [WEATHER]FreeStatusCheckService: {[59D59D6A529801523F831777F8F19C602532FAE18742678392C5065B10A075FAD1169313C7C40AA429B4C3C52D92F107E892CC368CC227F233EF2AC2D39680486844A2C45F0793F3A774D5B1C15BF0F875DDF19F5A0A620C36D29AB3D2A15DEFFACB40758AA15334DCDF42545936D059]}
04-27 20:10:37.414 24781 26450 I Rubin   : [125] id.a.j(SourceFile:6) : bind result : true
04-27 20:10:37.420 24767 24767 I SamsungAccount: [AIDLRequestService] OnCreate Service
04-27 20:10:37.422 24767 24767 I SamsungAccount: [AIDLRequestService] OnBind
04-27 20:10:37.422 24767 24767 I SamsungAccount: [AIDLRequestService] [InAIDL] Service bound
04-27 20:10:37.427 24781 24781 I Rubin   : [2] id.a$a.onServiceConnected(SourceFile:4) : Samsung Account AIDL : bind to Samsung Account AIDL
04-27 20:10:37.427 24781 24781 I Rubin   : [2] id.a.k(SourceFile:4) : REGISTER CALLBACK TO SAMSUNG ACCOUNT :: TID - 3109695909
04-27 20:10:37.446 24767 24787 I SamsungAccount: [AIDLInterfaceBinder] [InAIDL] registerCallback start
04-27 20:10:37.456 24767 24787 I SamsungAccount: [AIDLInterfaceBinder] [InAIDL] REG_CALLING_PACKAGE : rubin.app.
04-27 20:10:37.456 24767 24787 I SamsungAccount: [AIDLInterfaceBinder] [InAIDL] registerCallback start. Package = rubin.app.
04-27 20:10:37.457 24767 24787 I SamsungAccount: [CBM] [InAIDL-CallbackManager] registerCallback
04-27 20:10:37.457 24767 24787 I SamsungAccount: [CBM] [InAIDL-CallbackManager] checkRegisterCallbackCondition
04-27 20:10:37.457 24767 24787 I SamsungAccount: [CBM] [InAIDL-CallbackManager]getRegistrationCodeIfAlreadyRegistered
04-27 20:10:37.458 24767 24787 I SamsungAccount: [CBM] [InAIDL-CallbackManager]Success registerCallback
04-27 20:10:37.458 24767 24787 I SamsungAccount: [AIDLInterfaceBinder] [InAIDL] registerCallback end. registrationCode :Y29tLnNhbXN1bmcuYW5kcm9pZC5ydWJpbi5hcHAy Package = rubin.app.
04-27 20:10:37.460 24781 24781 I Rubin   : [2] id.a.l(SourceFile:2) : REQUEST NEW ACCESS TOKEN :: TID - 3109695909
04-27 20:10:37.461 24767 24787 I SamsungAccount: [AIDLInterfaceBinder] [InAIDL] requestAccesstoken
04-27 20:10:37.468 24767 24787 I SamsungAccount: [AIDLInterfaceBinder] [InAIDL] BundleInfo = [ additional:user_id,birthday,mcc,cc,api_server_url,auth_server_url,device_physical_address_text,refresh_token,login_id,login_id_type,representative,region_mcc, ch_ba_pr_:false]
04-27 20:10:37.468 24767 24787 I SamsungAccount: [AIDLInterfaceBinder] [InAIDL] checkRequestCondition
04-27 20:10:37.468 24767 24787 I SamsungAccount: [CBM] [InAIDL-CallbackManager]getCallbackInfo
04-27 20:10:37.469 24767 24787 I SamsungAccount: [CBM] [InAIDL-CallbackManager]getCallbackInfo
04-27 20:10:37.469 24767 24787 I SamsungAccount: [AIDLInterfaceBinder] [InAIDL]Start AccessTokenRunnable Thread. package = rubin.app.
04-27 20:10:37.471 24767 24787 I SamsungAccount: [PermissionsUtils] checkPrivilegedPhonePermissionOfCallingPackage
04-27 20:10:37.472 24767 24787 I SamsungAccount: [PermissionsUtils] hasPrivilegedPhonePermission : true
04-27 20:10:37.473 24767 24787 I SamsungAccount: [CBM] [InAIDL-CallbackManager]getCallbackInfo
04-27 20:10:37.473 24767 24787 I SamsungAccount: [CBM] setCurrentRequestType :1
04-27 20:10:37.482 24767 26451 I SamsungAccount: [AbstractProcessRunnable] [InAIDL-AbstractProcessRunnable]isAvailableRunningProcess start Package = rubin.app.
04-27 20:10:37.485 24767 26451 I SamsungAccount: [NetworkStateUtil] == networkStateCheck == true
04-27 20:10:37.485 24767 26451 I SamsungAccount: [AccountManagerUtil] isSamsungAccountSignedIn : true
04-27 20:10:37.486 24767 26451 I SamsungAccount: [DbManagerV2] getDataState : VALID
04-27 20:10:37.488 24767 26451 I SamsungAccount: [SignatureCheckUtil] runCheckSignatureAsync
04-27 20:10:37.488 24767 26451 I SamsungAccount: [SignaturePreconditionChecker] getSignatureResult - fromSesSdk : false
04-27 20:10:37.494 24767 26451 I SamsungAccount: [SignatureInfoDbHelper] getSignatureResult - [10/z38ai][rubin.app.]
04-27 20:10:37.495 24767 26451 I SamsungAccount: [SignatureInfoDbHelper] searchOnUser
04-27 20:10:37.513 24767 26451 I SamsungAccount: [SignatureInfoDbHelper] searchOnUser - [10/z38ai][rubin.app.][64/3291d] => matched
04-27 20:10:37.513 24767 26451 I SamsungAccount: [SignatureInfoDbHelper] search - matched
04-27 20:10:37.513 24767 26451 I SamsungAccount: [SignatureCheckUtil] runCheckSignatureAsync(fromDb) - matched
04-27 20:10:37.514 24767 26451 I SamsungAccount: [AbstractProcessRunnable] [InAIDL-AbstractProcessRunnable]isAvailableRunningProcess end. Package = rubin.app.
04-27 20:10:37.514 24767 26451 I SamsungAccount: [AccessTokenRunnable] [InAIDL-AccessTokenRunnable]runProcess start. Package = rubin.app.
04-27 20:10:37.515 24767 26451 I SamsungAccount: [StateCheckUtil] isGoogleLinked = true
04-27 20:10:37.517 24767 26451 I SamsungAccount: [AccessTokenRunnable] check_basic_profile = false needToCheckServer = false
04-27 20:10:37.520 24767 26451 I SamsungAccount: [DeviceManager] salesCode : SER
04-27 20:10:37.521 24767 26451 I SamsungAccount: [DeviceManager] isNewLduProdCode : false
04-27 20:10:37.522 24767 26451 I SamsungAccount: [CountryCodeUtil] isChinaCountryCode : false
04-27 20:10:37.522 24767 26451 I SamsungAccount: [ChinaPermissionUtil] isChnSecurityPopupNeeded - false
04-27 20:10:37.534 24767 26451 I SamsungAccount: [StateCheckUtil] isChildAccount : false
04-27 20:10:37.536 24767 26451 I SamsungAccount: [AccessTokenRunnable] [InAIDL-AccessTokenRunnable]isAccessTokenReusable. Package = rubin.app.
04-27 20:10:37.537 24767 26451 I SamsungAccount: [StateCheckUtil] isOverIntervalTime, renewTimeStamp = false
04-27 20:10:37.537 24767 26451 I SamsungAccount: [AccessTokenRunnable] [InAIDL-AccessTokenRunnable]checkAndSetAccessToken. Package = rubin.app.
04-27 20:10:37.538 24767 26451 I SamsungAccount: [AccessToken] getAccessTokenInfo
04-27 20:10:37.542 24767 26451 I SamsungAccount: [RBIVO] getStringFormAdditionalBundleKey : expired_access_token
04-27 20:10:37.543 24767 26451 I SamsungAccount: [AccessTokenRunnable] expiredAccessToken is Empty. curTimeSec=1682619037, TimeGap=499
04-27 20:10:37.543 24767 26451 I SamsungAccount: [AccessTokenRunnable] IsTokenReusable : true
04-27 20:10:37.543 24767 26451 I SamsungAccount: [AccessTokenRunnable] Accesstoken is reusable and isNeedToCheckServer is false
04-27 20:10:37.543 24767 26451 I SamsungAccount: [DbManagerV2] getMccFromDB
04-27 20:10:37.544 24767 26451 I SamsungAccount: [DbManagerV2] getDataV02ForItems : MCC from Cache
04-27 20:10:37.544 24767 26451 I SamsungAccount: [DataUtil] Not Skip Name Validation by accountMCC
04-27 20:10:37.544 24767 26451 I SamsungAccount: [LocalBusinessException] Not Skip Name Validation by AppId
04-27 20:10:37.544 24767 26451 I SamsungAccount: [OpenDBManager] getCheckListFromOpenDB
04-27 20:10:37.544 24767 26451 I SamsungAccount: [OpenDBManager] getTncResult
04-27 20:10:37.544 24767 26451 I SamsungAccount: [OpenDBManager] getTncCursor
04-27 20:10:37.545 24767 26451 I SamsungAccount: [OpenContentProvider]  URI : content://com.msc.openprovider.openContentProvider/tncRequest
04-27 20:10:37.552 24767 26451 I SamsungAccount: [AccountManagerUtil] isSamsungAccountSignedIn : true
04-27 20:10:37.553 24767 26451 I SamsungAccount: [SignatureCheckUtil] runCheckSignatureWithEmptyId
04-27 20:10:37.554 24767 26451 I SamsungAccount: [SignatureCheckUtil] runCheckSignatureAsync
04-27 20:10:37.554 24767 26451 I SamsungAccount: [SignaturePreconditionChecker] getSignatureResult - fromSesSdk : true
04-27 20:10:37.555 24767 26451 I SamsungAccount: [SignatureInfoDbHelper] getSignatureResult - [][app.signin.]
04-27 20:10:37.556 24767 26451 I SamsungAccount: [SignatureInfoDbHelper] searchOnUser
04-27 20:10:37.563 24767 26451 I SamsungAccount: [SignatureInfoDbHelper] searchOnUser - [][app.signin.][64/3291d] => matched
04-27 20:10:37.564 24767 26451 I SamsungAccount: [SignatureInfoDbHelper] search - matched
04-27 20:10:37.564 24767 26451 I SamsungAccount: [SignatureCheckUtil] runCheckSignatureAsync(fromDb) - matched
04-27 20:10:37.569 24767 26451 I SamsungAccount: [DbManagerV2] getMccFromDB
04-27 20:10:37.570 24767 26451 I SamsungAccount: [DbManagerV2] getDataV02ForItems : MCC from Cache
04-27 20:10:37.570 24767 26451 I SamsungAccount: [DataUtil] Not Skip Name Validation by accountMCC
04-27 20:10:37.572 24767 26451 I SamsungAccount: [OpenDBManager] isRequireField
04-27 20:10:37.572 24767 26451 I SamsungAccount: [OpenDBManager] getFieldCursor
04-27 20:10:37.572 24767 26451 I SamsungAccount: [OpenContentProvider]  URI : content://com.msc.openprovider.openContentProvider/mandatoryField
04-27 20:10:37.572 24767 26451 I SamsungAccount: [AccountManagerUtil] isSamsungAccountSignedIn : true
04-27 20:10:37.599  4623  4623 W keymaster_tee: [WRN]begin req PARAMS: A32 B2 P64
04-27 20:10:37.627 24767 26451 I SamsungAccount: [StateCheckUtil] Validation Process is completed true
04-27 20:10:37.627 24767 26451 I SamsungAccount: [AccessTokenRunnable] [InAIDL-AccessTokenRunnable]AccessToken reuse. runProcess end. Package = rubin.app.
04-27 20:10:37.628 24767 26451 I SamsungAccount: [CBM] [InAIDL-CallbackManager]getCallbackInfo
04-27 20:10:37.628 24767 26451 I SamsungAccount: [CBM] setCurrentRequestType :0
04-27 20:10:37.628 24767 26451 I SamsungAccount: [AccountManagerUtil] isSamsungAccountSignedIn : true
04-27 20:10:37.628 24767 26451 I SamsungAccount: [AccessTokenRunnable] [InAIDL-AccessTokenRunnable]onProcessFinished. Package = rubin.app.
04-27 20:10:37.629 24767 26451 I SamsungAccount: [DeviceManager] salesCode : SER
04-27 20:10:37.629 24767 26451 I SamsungAccount: [DeviceManager] isNewLduProdCode : false
04-27 20:10:37.629 24767 26451 I SamsungAccount: [CountryCodeUtil] isChinaCountryCode : false
04-27 20:10:37.629 24767 26451 I SamsungAccount: [ChinaPermissionUtil] isChnSecurityPopupNeeded - false
04-27 20:10:37.632 24767 26451 I SamsungAccount: [AccessTokenRunnable] [InAIDL-AccessTokenRunnable]checkAccessTokenAndRefreshToken. Package = rubin.app.
04-27 20:10:37.632 24767 26451 I SamsungAccount: [AccessTokenRunnable] [InAIDL-AccessTokenRunnable]handleProcessSuccessResult start. Package = rubin.app.
04-27 20:10:37.632 24767 26451 I SamsungAccount: [RBIVO] getStringArrFromAdditionalBundleKey : additional
04-27 20:10:37.632 24767 26451 I SamsungAccount: [AccessTokenRunnable] [InAIDL-AccessTokenRunnable]setAdditionalInfo start. Package = rubin.app.
04-27 20:10:37.634 24767 26451 I SamsungAccount: [AccessTokenRunnable] [InAIDL-AccessTokenRunnable]set user_id
04-27 20:10:37.635 24767 26451 I SamsungAccount: [DbManagerV2] getUserID
04-27 20:10:37.635 24767 26451 I SamsungAccount: [DbManagerV2] getDataV02ForItems : USER_ID from Cache
04-27 20:10:37.635 24767 26451 I SamsungAccount: [AccessTokenRunnable] [InAIDL-AccessTokenRunnable]set birthday
04-27 20:10:37.635 24767 26451 I SamsungAccount: [DbManagerV2] getBirthDate
04-27 20:10:37.635 24767 26451 I SamsungAccount: [DbManagerV2] getDataV02ForItems : BIRTH_DATE from Cache
04-27 20:10:37.635 24767 26451 I SamsungAccount: [DbManagerV2] getMccFromDB
04-27 20:10:37.635 24767 26451 I SamsungAccount: [DbManagerV2] getDataV02ForItems : MCC from Cache
04-27 20:10:37.635 24767 26451 I SamsungAccount: [AccessTokenRunnable] [InAIDL-AccessTokenRunnable]set mcc
04-27 20:10:37.636 24767 26451 I SamsungAccount: [AccessTokenRunnable] [InAIDL-AccessTokenRunnable]set cc
04-27 20:10:37.636 24767 26451 I SamsungAccount: [DbManagerV2] getCountryCodeFromDB
04-27 20:10:37.636 24767 26451 I SamsungAccount: [DbManagerV2] getDataV02ForItems : COUNTRY_CODE from Cache
04-27 20:10:37.636 24767 26451 I SamsungAccount: [AccessTokenRunnable] [InAIDL-AccessTokenRunnable]set api_server_url
04-27 20:10:37.637 24767 26451 I SamsungAccount: [UrlManagerAuth] api_server_url for region
04-27 20:10:37.637 24767 26451 I SamsungAccount: [UrlManagerAuth] return region server url
04-27 20:10:37.637 24767 26451 I SamsungAccount: [AccessTokenRunnable] [InAIDL-AccessTokenRunnable]set auth_server_url
04-27 20:10:37.637 24767 26451 I SamsungAccount: [UrlManagerAuth] auth_server_url for region
04-27 20:10:37.637 24767 26451 I SamsungAccount: [UrlManagerAuth] return region server url
04-27 20:10:37.638 24767 26451 I SamsungAccount: [AccessTokenRunnable] [InAIDL-AccessTokenRunnable]set device_physical_address_text
04-27 20:10:37.639 24767 26451 I SamsungAccount: [DeviceManager] salesCode : SER
04-27 20:10:37.639 24767 26451 I SamsungAccount: [DeviceManager] isNewLduProdCode : false
04-27 20:10:37.639 24767 26451 I SamsungAccount: [CountryCodeUtil] isChinaCountryCode : false
04-27 20:10:37.639 24767 26451 I SamsungAccount: [ChinaPermissionUtil] isChnSecurityPopupNeeded - false
04-27 20:10:37.644 24767 26451 I SamsungAccount: [DeviceRegistrationManager] PhoneType : 1
04-27 20:10:37.644 24767 26451 I SamsungAccount: [DeviceManager] salesCode : SER
04-27 20:10:37.644 24767 26451 I SamsungAccount: [DeviceManager] isNewLduProdCode : false
04-27 20:10:37.656 24767 26451 I SamsungAccount: [CountryCodeUtil] isChinaCountryCode : false
04-27 20:10:37.656 24767 26451 I SamsungAccount: [ChinaPermissionUtil] isChnSecurityPopupNeeded - false
04-27 20:10:37.673 24767 26451 I SamsungAccount: [DbManagerV2] getMccFromDB
04-27 20:10:37.673 24767 26451 I SamsungAccount: [DbManagerV2] getDataV02ForItems : MCC from Cache
04-27 20:10:37.674 24767 26451 I SamsungAccount: [CountryCodeUtil] isChinaCountryCode : false
04-27 20:10:37.674 24767 26451 I SamsungAccount: [ChinaPermissionUtil] isChnSecurityPopupNeeded - false
04-27 20:10:37.684 24767 26451 I SamsungAccount: [DeviceManager] isTablet : false
04-27 20:10:37.684 24767 26451 I SamsungAccount: [DeviceManager] isHeadlessDevice = false
04-27 20:10:37.684 24767 26451 I SamsungAccount: [DeviceManager] isTablet : false
04-27 20:10:37.684 24767 26451 I SamsungAccount: [DeviceManager] isHeadlessDevice = false
04-27 20:10:37.685 24767 26451 I SamsungAccount: [UserManagerUtil] Current UserHandle is = 0
04-27 20:10:37.686  6734 25938 W AdaptiveDiscoveryWorker: Exiting Adaptive Discovery. Current NetworkInfo is NULL.
04-27 20:10:37.689 24767 26451 I SamsungAccount: [UserManagerUtil] Current UserHandle is = 0
04-27 20:10:37.689 24767 26451 I SamsungAccount: [AccessTokenRunnable] [InAIDL-AccessTokenRunnable]set refresh_token
04-27 20:10:37.690 24767 26451 I SamsungAccount: [AccessTokenRunnable] [InAIDL-AccessTokenRunnable]set login_id
04-27 20:10:37.690 24767 26451 I SamsungAccount: [AccessTokenRunnable] [InAIDL-AccessTokenRunnable]set login_id_type
04-27 20:10:37.690 24767 26451 I SamsungAccount: [AccessTokenRunnable] [InAIDL-AccessTokenRunnable]set representative (by MinorAge pref
04-27 20:10:37.690 24767 26451 I SamsungAccount: [StateCheckUtil] getIsMinorAge : false
04-27 20:10:37.690 24767 26451 I SamsungAccount: [AccessTokenRunnable] [InAIDL-AccessTokenRunnable]set region mcc
04-27 20:10:37.694 24767 26451 I SamsungAccount: [TPMU]  SIMState     :SIM_STATE_READY
04-27 20:10:37.694 24767 26451 I SamsungAccount: [CountryCodeUtil] isChinaCountryCode : false
04-27 20:10:37.694 24767 26451 I SamsungAccount: [ChinaPermissionUtil] isChnSecurityPopupNeeded - false
04-27 20:10:37.696  5040 26206 I HYPER-HAL: [RequestManager.cpp]releaseLocked(): Released ID : 35815430
04-27 20:10:37.701 24767 26451 I SamsungAccount: [TPMU] getMccFromUsim
04-27 20:10:37.702 24767 26451 I SamsungAccount: [DbManagerV2] getMccFromDB
04-27 20:10:37.702 24767 26451 I SamsungAccount: [DbManagerV2] getDataV02ForItems : MCC from Cache
04-27 20:10:37.702 24767 26451 I SamsungAccount: [AccessTokenRunnable] [InAIDL-AccessTokenRunnable]setAdditionalInfo finish. Package = rubin.app.
04-27 20:10:37.707 24781 25304 I Rubin   : [123] id.a.e(SourceFile:2) : RECEIVED ACCESS TOKEN :: TID - 3109695909
04-27 20:10:37.707 24781 25304 I Rubin   : [123] id.a.d(SourceFile:2) : UNREGISTER CALLBACK : REGISTRATION CODE - Y29tLnNhbXN1bmcuYW5kcm9pZC5ydWJpbi5hcHAy
04-27 20:10:37.708 24767 26451 I SamsungAccount: [AIDLInterfaceBinder] [InAIDL] unregisterCallback start
04-27 20:10:37.708 24767 26451 I SamsungAccount: [CBM] [InAIDL-CallbackManager]getCallbackInfo
04-27 20:10:37.708 24767 26451 I SamsungAccount: [RequestHistoryManager] ==AIDL ACCTOKEN HISTORY== rubin.app. => 04/27-20:09:31
04-27 20:10:37.708 24767 26451 I SamsungAccount: [RequestHistoryManager] ==AIDL ACCTOKEN HISTORY== rubin.app. => 04/27-20:10:37
04-27 20:10:37.708 24767 26451 I SamsungAccount: [CBM] [InAIDL-CallbackManager]unRegisterCallback
04-27 20:10:37.708 24767 26451 I SamsungAccount: [CBM] [InAIDL-CallbackManager]checkUnregisterCallbackCondition
04-27 20:10:37.708 24767 26451 I SamsungAccount: [CBM] [InAIDL-CallbackManager]getCallbackInfo
04-27 20:10:37.708 24767 26451 I SamsungAccount: [CBM] [InAIDL-CallbackManager] Unregister SuccessPackage = rubin.app.
04-27 20:10:37.708 24767 26451 I SamsungAccount: [AIDLInterfaceBinder] [InAIDL] unregisterCallback end
04-27 20:10:37.709 24781 25304 I Rubin   : [123] id.a.d(SourceFile:4) : UNREGISTER CALLBACK SUCCESS
04-27 20:10:37.712 24767 24767 I SamsungAccount: [AIDLRequestService] OnDestroy Service
04-27 20:10:37.737  4623  4623 W keymaster_tee: [WRN]begin req PARAMS: A32 B2 P64
04-27 20:10:37.771  4623  4623 W keymaster_tee: [WRN]begin req PARAMS: A32 B2 P64
04-27 20:10:37.802  4623  4623 W keymaster_tee: [WRN]begin req PARAMS: A32 B2 P64
04-27 20:10:37.821 26434 26434 I FirebaseApp: Device unlocked: initializing all Firebase APIs for app [DEFAULT]
04-27 20:10:37.846  4623  4623 W keymaster_tee: [WRN]begin req PARAMS: A32 B2 P64
04-27 20:10:37.883  4623  4623 W keymaster_tee: [WRN]begin req PARAMS: A32 B2 P64
04-27 20:10:37.914  4623  4623 W keymaster_tee: [WRN]begin req PARAMS: A32 B2 P64
04-27 20:10:37.941  4623  4623 W keymaster_tee: [WRN]begin req PARAMS: A32 B2 P64
04-27 20:10:37.950 26434 26434 I FirebaseInitProvider: FirebaseApp initialization successful
04-27 20:10:37.952 24781 25304 I Rubin   : [123] cd.a$a$a.a(SourceFile:36) : contains REPRESENTATIVE
04-27 20:10:37.953 24781 25304 I Rubin   : [123] cd.a$a$a.a(SourceFile:38) : representative: false
04-27 20:10:37.964 26434 26434 I Carnival-CustomIndexesSearchProvider(): onCreate
04-27 20:10:37.971 26434 26434 I Carnival-CustomIndexesSearchProvider(): secQueryGetFingerprint : 560104100
04-27 20:10:37.978 26434 26434 I Carnival-NewsProvider(): onCreate
04-27 20:10:37.987  4623  4623 W keymaster_tee: [WRN]begin req PARAMS: A32 B2 P64
04-27 20:10:38.000 24781 25304 I Rubin   : [123] cd.a$a.e(SourceFile:2) : Notifying to 1 listeners
04-27 20:10:38.000 24781 25304 I Rubin   : [123] cd.a$a.e(SourceFile:5) : listener : z7.k@d8a5ac1
04-27 20:10:38.001 24781 25304 I Rubin   : [123] cd.a$a$a.a(SourceFile:70) : ====================================================================
04-27 20:10:38.001 24781 25304 I Rubin   : [123] cd.c.f(SourceFile:2) : finish
04-27 20:10:38.002 24767 26451 I SamsungAccount: [AccessTokenRunnable] [InAIDL-AccessTokenRunnable]handleProcessSuccessResult finish. Package = rubin.app.
04-27 20:10:38.002 24767 26451 I SamsungAccount: [StateCheckUtil] isChildAccount : false
04-27 20:10:38.005 24781 24781 I Rubin   : [2] z7.f.b(SourceFile:6) : checkForUI = false isGdprAffected = false isCMSFeatureSupported = true
04-27 20:10:38.006 24781 24781 E Rubin   : [2] z7.r.z(SourceFile:6) : Enabling :: FAILED - USER_NOT_CONSENT_TO_COLLECT_DATA
04-27 20:10:38.013  5429  5442 D PackageManager: setEnabledSetting : userId = 0 packageName = com.samsung.android.rubin.app cmp = com.samsung.android.rubin.inferenceengine.contextanalytics.engine.loggers.CarLogger$BluetoothEventReceiver newState = 2 callingPackage = 5010/com.samsung.android.rubin.app
04-27 20:10:38.017  5429  5442 D PackageManager: setEnabledSetting : userId = 0 packageName = com.samsung.android.rubin.app cmp = com.samsung.android.rubin.inferenceengine.contextanalytics.engine.loggers.BluetoothLogger$BluetoothEventReceiver newState = 2 callingPackage = 5010/com.samsung.android.rubin.app
04-27 20:10:38.020  5429  5442 D PackageManager: setEnabledSetting : userId = 0 packageName = com.samsung.android.rubin.app cmp = com.samsung.android.rubin.inferenceengine.utils.GeofenceManager$GeofenceEventBroadcastReceiver newState = 2 callingPackage = 5010/com.samsung.android.rubin.app
04-27 20:10:38.025  5429  5442 D PackageManager: setEnabledSetting : userId = 0 packageName = com.samsung.android.rubin.app cmp = com.samsung.android.rubin.inferenceengine.contextanalytics.engine.loggers.AppInstallationLogger$AppInstallationBroadcastReceiver newState = 2 callingPackage = 5010/com.samsung.android.rubin.app
04-27 20:10:38.060 26434 26447 I Carnival-NewsProvider(): query content://com.samsung.android.app.spage.news_provider/news?referrer=WeatherWidget&check_weather_widget_support=true
04-27 20:10:38.072 26434 26434 I Carnival-TraceUtil(): beginSection : SpageApplication
04-27 20:10:38.079 26434 26434 I Carnival-SPageApplication(): onCreate APP_VERSION_CODE 560104100
04-27 20:10:38.079 26434 26434 I Carnival-SPageApplication(): setMainViewFactory
04-27 20:10:38.178 26434 26470 I DynamiteModule: Considering local module com.google.android.gms.measurement.dynamite:20 and remote module com.google.android.gms.measurement.dynamite:88
04-27 20:10:38.178 26434 26470 I DynamiteModule: Selected remote version of com.google.android.gms.measurement.dynamite, version >= 88
04-27 20:10:38.193 26434 26434 I Carnival-CommonExecutor(): numOfThreads 7
04-27 20:10:38.195 26434 26434 I Carnival-CommonExecutor(): startup() java.util.concurrent.ScheduledThreadPoolExecutor@cf14cf6[Running, pool size = 0, active threads = 0, queued tasks = 0, completed tasks = 0]
04-27 20:10:38.195 26434 26434 I Carnival-SPageApplication(): Analytics.init
04-27 20:10:38.215 26434 26434 I Carnival-LeaveServiceManager(): init
04-27 20:10:38.219 26434 26434 I Carnival-DexModeMonitorUtil(): No DeX for this device. ignore
04-27 20:10:38.235 26434 26470 W System  : ClassLoader referenced unknown path:
04-27 20:10:38.258 26434 26434 I Carnival-SamsungAccountManager(): init
04-27 20:10:38.259 26434 26434 I Carnival-SamsungAccountObserverQos(): onInit
04-27 20:10:38.290 26434 26434 I Carnival-SamsungAccountManager(): addSamsungAccountListener
04-27 20:10:38.299 26434 26481 I Carnival-SamsungAccountManager(): loadAccountProfile
04-27 20:10:38.307 26434 26481 I Carnival-SamsungAccountManager(): queryProfile
04-27 20:10:38.319  5429  5442 D ConnectivityService: requestNetwork for uid/pid:10061/26434 activeRequest: null callbackRequest: 3862 [NetworkRequest [ REQUEST id=3863, [ Capabilities: INTERNET&NOT_RESTRICTED&TRUSTED&NOT_VCN_MANAGED Uid: 10061 RequestorUid: 10061 RequestorPkg: com.samsung.android.app.spage UnderlyingNetworks: Null] ]] callback flags: 0 order: 2147483647
04-27 20:10:38.320  5429  5665 D ConnectivityService:    accepting network in place of null
04-27 20:10:38.321 26434 26434 I Carnival-NetworkErrorManager(): addNetworkStateListener
04-27 20:10:38.321  4899  4899 E audit   : type=1400 audit(1682619038.315:17763): avc:  denied  { read } for  pid=26434 comm="binder:26434_2" name="u:object_r:perf_prop:s0" dev="tmpfs" ino=21617 scontext=u:r:platform_app:s0:c512,c768 tcontext=u:object_r:perf_prop:s0 tclass=file permissive=0 SEPF_SM-A515F_13_0001 audit_filtered
04-27 20:10:38.322  4899  4899 E audit   : type=1300 audit(1682619038.315:17763): arch=c00000b7 syscall=56 success=no exit=-13 a0=ffffff9c a1=7804ab32f8 a2=88000 a3=0 items=0 ppid=4924 pid=26434 auid=4294967295 uid=10061 gid=10061 euid=10061 suid=10061 fsuid=10061 egid=10061 sgid=10061 fsgid=10061 tty=(none) ses=4294967295 comm="binder:26434_2" exe="/system/bin/app_process64" subj=u:r:platform_app:s0:c512,c768 key=(null)
04-27 20:10:38.322  4899  4899 E audit   : type=1327 audit(1682619038.315:17763): proctitle="com.samsung.android.app.spage"
04-27 20:10:38.322 26434 26448 W libc    : Access denied finding property "sys.perf.boostopt"
04-27 20:10:38.324  5429  5665 D ConnectivityService: Rematched networks [computed 0ms] [applied 1ms] [issued 2]
04-27 20:10:38.324  5429  5665 D ConnectivityService: NetworkReassignment :
04-27 20:10:38.324  5429  5665 D ConnectivityService:   3863 : null  108
04-27 20:10:38.324  5429  5655 D WifiNetworkFactory: got request NetworkRequest [ REQUEST id=3863, [ Capabilities: INTERNET&NOT_RESTRICTED&TRUSTED&NOT_VCN_MANAGED Uid: 10061 RequestorUid: 10061 RequestorPkg: com.samsung.android.app.spage UnderlyingNetworks: Null] ]
04-27 20:10:38.324  5429  5655 D UntrustedWifiNetworkFactory: got request NetworkRequest [ REQUEST id=3863, [ Capabilities: INTERNET&NOT_RESTRICTED&TRUSTED&NOT_VCN_MANAGED Uid: 10061 RequestorUid: 10061 RequestorPkg: com.samsung.android.app.spage UnderlyingNetworks: Null] ]
04-27 20:10:38.325  5429  5655 D OemPaidWifiNetworkFactory: got request NetworkRequest [ REQUEST id=3863, [ Capabilities: INTERNET&NOT_RESTRICTED&TRUSTED&NOT_VCN_MANAGED Uid: 10061 RequestorUid: 10061 RequestorPkg: com.samsung.android.app.spage UnderlyingNetworks: Null] ]
04-27 20:10:38.325 26434 26434 I Carnival-SpageFeature(): PRD, RU, SER
04-27 20:10:38.325  5429  5655 D MultiInternetWifiNetworkFactory: got request NetworkRequest [ REQUEST id=3863, [ Capabilities: INTERNET&NOT_RESTRICTED&TRUSTED&NOT_VCN_MANAGED Uid: 10061 RequestorUid: 10061 RequestorPkg: com.samsung.android.app.spage UnderlyingNetworks: Null] ]
04-27 20:10:38.342 26434 26484 I Carnival-NetworkErrorManager(): onAvailable
04-27 20:10:38.348 26434 26484 I Carnival-NetworkErrorManager(): onNetworkRecovered
04-27 20:10:38.348 26434 26447 I Carnival-NewsProvider(): isWeatherWidgetSupport : false
04-27 20:10:38.348 26434 26484 I Carnival-SamsungAccountManager(): onNetworkRecovered
04-27 20:10:38.352 26434 26484 I Carnival-SamsungAccountManager(): updateAccountAuthIfNeeded
04-27 20:10:38.354 26434 26487 I Carnival-SamsungAccountManager(): getAccountAuthAsync
04-27 20:10:38.354 26434 26487 I Carnival-SamsungAccountManager(): queryAuth
04-27 20:10:38.356 26434 26481 I Carnival-SmpManager(): initialize SMP ---
04-27 20:10:38.357 26434 26481 I SmpLog  : [SMP] init. D:false S:true, P:FCM_ONLY_MODE
04-27 20:10:38.361 26434 26487 I Carnival-SamsungAccountManager(): getAuthData
04-27 20:10:38.363 26434 26447 E DatabaseUtils: Writing exception to parcel
04-27 20:10:38.363 26434 26447 E DatabaseUtils: java.lang.IllegalStateException: WEATHER_WIDGET_NOT_SUPPORT_MODEL
04-27 20:10:38.363 26434 26447 E DatabaseUtils: 	at com.samsung.android.app.spage.provider.news.checker.a.e(SourceFile:12)
04-27 20:10:38.363 26434 26447 E DatabaseUtils: 	at com.samsung.android.app.spage.provider.news.NewsProvider.f(SourceFile:3)
04-27 20:10:38.363 26434 26447 E DatabaseUtils: 	at com.samsung.android.app.spage.provider.news.NewsProvider.e(SourceFile:5)
04-27 20:10:38.363 26434 26447 E DatabaseUtils: 	at com.samsung.android.app.spage.provider.news.NewsProvider.a(Unknown Source:0)
04-27 20:10:38.363 26434 26447 E DatabaseUtils: 	at com.samsung.android.app.spage.provider.news.NewsProvider$i.invokeSuspend(SourceFile:4)
04-27 20:10:38.363 26434 26447 E DatabaseUtils: 	at kotlin.coroutines.jvm.internal.a.resumeWith(SourceFile:4)
04-27 20:10:38.363 26434 26447 E DatabaseUtils: 	at kotlinx.coroutines.c1.run(SourceFile:18)
04-27 20:10:38.363 26434 26447 E DatabaseUtils: 	at kotlinx.coroutines.m1.c1(SourceFile:15)
04-27 20:10:38.363 26434 26447 E DatabaseUtils: 	at kotlinx.coroutines.h.Z0(SourceFile:4)
04-27 20:10:38.363 26434 26447 E DatabaseUtils: 	at kotlinx.coroutines.k.a(SourceFile:10)
04-27 20:10:38.363 26434 26447 E DatabaseUtils: 	at kotlinx.coroutines.j.e(Unknown Source:0)
04-27 20:10:38.363 26434 26447 E DatabaseUtils: 	at kotlinx.coroutines.k.b(SourceFile:2)
04-27 20:10:38.363 26434 26447 E DatabaseUtils: 	at kotlinx.coroutines.j.f(Unknown Source:0)
04-27 20:10:38.363 26434 26447 E DatabaseUtils: 	at com.samsung.android.app.spage.provider.news.NewsProvider.query(SourceFile:7)
04-27 20:10:38.363 26434 26447 E DatabaseUtils: 	at android.content.ContentProvider.query(ContentProvider.java:1526)
04-27 20:10:38.363 26434 26447 E DatabaseUtils: 	at android.content.ContentProvider.query(ContentProvider.java:1622)
04-27 20:10:38.363 26434 26447 E DatabaseUtils: 	at android.content.ContentProvider$Transport.query(ContentProvider.java:290)
04-27 20:10:38.363 26434 26447 E DatabaseUtils: 	at android.content.ContentProviderNative.onTransact(ContentProviderNative.java:107)
04-27 20:10:38.363 26434 26447 E DatabaseUtils: 	at android.os.Binder.execTransactInternal(Binder.java:1316)
04-27 20:10:38.363 26434 26447 E DatabaseUtils: 	at android.os.Binder.execTransact(Binder.java:1280)
04-27 20:10:38.366 26434 26485 I Carnival-SamsungAccountService(): requestUserID
04-27 20:10:38.366 26434 26484 I Carnival-NetworkErrorManager(): onAvailable
04-27 20:10:38.367 26434 26484 I Carnival-NetworkErrorManager(): onNetworkRecovered
04-27 20:10:38.368 26434 26484 I Carnival-SamsungAccountManager(): onNetworkRecovered
04-27 20:10:38.369 26434 26484 I Carnival-SamsungAccountManager(): updateAccountAuthIfNeeded
04-27 20:10:38.372 26383 26421 E [WEATHER]NewsRemoteDataSourceImpl: {[D82F58E66A9FA2A398595013EB63A8319A200F5B0DC5B9498AF72CBB6E239AA8F4953897FA13D2A9F1A2D8A86114C164F2D8A79800A03262759709EE9BD0D926C2982C5F74C2978B50D8514CF9408E53B4391FEFEAB2A3B0252154C7CBDFF15D]}
04-27 20:10:38.375 24767 25185 I SamsungAccount: [ProfileProvider] getCallingPackage() : app.spage.
04-27 20:10:38.375 24767 25185 I SamsungAccount: [AccountManagerUtil] isSamsungAccountSignedIn : true
04-27 20:10:38.375 26434 26487 I Carnival-SamsungAccountManager(): getAccountAuthAsync
04-27 20:10:38.375 24767 25185 I SamsungAccount: [TransactionManager] getLoginProvisioning : false
04-27 20:10:38.377 24767 25185 I SamsungAccount: [TransactionManager] isSetupWizardProvisioning
04-27 20:10:38.378 24767 25185 I SamsungAccount: [ProfilePreference] getSetupWizardProvisioningTime
04-27 20:10:38.382 24767 24767 I SamsungAccount: [AIDLRequestService] OnCreate Service
04-27 20:10:38.385 26434 26481 I Carnival-SmpManager(): initialize success usefulInfoAgree:false
04-27 20:10:38.391 24767 24767 I SamsungAccount: [AIDLRequestService] OnBind
04-27 20:10:38.391 24767 24767 I SamsungAccount: [AIDLRequestService] [InAIDL] Service bound
04-27 20:10:38.397 26434 26481 I SmpLog  : [SMP] opt-out success. optin_time : 1636169529088
04-27 20:10:38.397 26434 26481 I Carnival-SmpManager(): SMP opt-out success
04-27 20:10:38.399 24767 25185 I SamsungAccount: [TransactionManager] setupWizard done
04-27 20:10:38.401 26434 26434 I Carnival-SamsungAccountService(): requestUserAgreement : onServiceConnected start
04-27 20:10:38.402 26434 26481 I Carnival-ConfigRepository(): [SupportedTab] update list -------> [GAME] / isTabChanged=false
04-27 20:10:38.403 26434 26481 I Carnival-AppDataHandleManager(): addAppDataHandleListener
04-27 20:10:38.403 24767 24787 I SamsungAccount: [AIDLInterfaceBinder] [InAIDL] registerCallback start
04-27 20:10:38.406 24767 24787 I SamsungAccount: [AIDLInterfaceBinder] [InAIDL] REG_CALLING_PACKAGE : app.spage.
04-27 20:10:38.406 24767 24787 I SamsungAccount: [AIDLInterfaceBinder] [InAIDL] registerCallback start. Package = app.spage.
04-27 20:10:38.406 24767 24787 I SamsungAccount: [CBM] [InAIDL-CallbackManager] registerCallback
04-27 20:10:38.406 24767 24787 I SamsungAccount: [CBM] [InAIDL-CallbackManager] checkRegisterCallbackCondition
04-27 20:10:38.406 24767 24787 I SamsungAccount: [CBM] [InAIDL-CallbackManager]getRegistrationCodeIfAlreadyRegistered
04-27 20:10:38.406 24767 24787 I SamsungAccount: [CBM] [InAIDL-CallbackManager]Success registerCallback
04-27 20:10:38.406 24767 24787 I SamsungAccount: [AIDLInterfaceBinder] [InAIDL] registerCallback end. registrationCode :Y29tLnNhbXN1bmcuYW5kcm9pZC5hcHAuc3BhZ2Uz Package = app.spage.
04-27 20:10:38.407 24767 24787 I SamsungAccount: [AIDLInterfaceBinder] [InAIDL] requestAccesstoken
04-27 20:10:38.408 24767 24787 I SamsungAccount: [AIDLInterfaceBinder] [InAIDL] BundleInfo = [ additional:user_id,api_server_url,]
04-27 20:10:38.408 24767 24787 I SamsungAccount: [AIDLInterfaceBinder] [InAIDL] checkRequestCondition
04-27 20:10:38.408 24767 24787 I SamsungAccount: [CBM] [InAIDL-CallbackManager]getCallbackInfo
04-27 20:10:38.408 24767 24787 I SamsungAccount: [CBM] [InAIDL-CallbackManager]getCallbackInfo
