04-30 01:17:06.616 12235 12258 I TestRunner: started: mutableUniversalRefDouble(org.jetbrains.android_benchmark.AckermannBenchmark)
04-30 01:17:06.619 12235 12235 I MonitoringInstr: Activities that are still in CREATED to STOPPED: 1
04-30 01:17:06.619 12235 12235 I MonitoringInstr: Finishing activity: androidx.benchmark.IsolationActivity@60bdc39
04-30 01:17:06.625 12235 12258 I GrantPermissionCallable: Permission: android.permission.WRITE_EXTERNAL_STORAGE is already granted!
04-30 01:17:06.625 12235 12258 I GrantPermissionCallable: Permission: android.permission.READ_EXTERNAL_STORAGE is already granted!
04-30 01:17:06.625 12235 12258 D Benchmark: -- Running org.jetbrains.android_benchmark.AckermannBenchmark#mutableUniversalRefDouble --
04-30 01:17:06.626 12235 12258 D PerfettoCapture: Supported ABIs: arm64-v8a, armeabi-v7a, armeabi
04-30 01:17:06.626 12235 12258 D PerfettoCapture: Recording perfetto trace
04-30 01:17:06.667 12235 12258 I PerfettoCapture: Cleanup perfetto before starting.
04-30 01:17:06.684  5429  5488 W libprocessgroup: Failed to open /dev/blkio//cgroup.procs: No such file or directory
04-30 01:17:06.685  5429  5488 W libprocessgroup: Failed to open /dev/blkio//cgroup.procs: No such file or directory
04-30 01:17:06.707  9200 13193 I NetworkScheduler.Stats: Task com.google.android.gms/com.google.android.gms.ipa.base.IpaGcmTaskService started execution. cause:9 exec_start_elapsed_seconds: 219766 [CONTEXT service_id=218 ]
04-30 01:17:06.714  9200 11208 I NetworkScheduler.Stats: Task com.google.android.gms/com.google.android.gms.ipa.base.IpaGcmTaskService finished executing. cause:9 result: 1 elapsed_millis: 78 uptime_millis: 78 exec_start_elapsed_seconds: 219766 [CONTEXT service_id=218 ]
04-30 01:17:06.856 12235 12258 I PerfettoCapture: Perfetto output file cleanup -
04-30 01:17:06.856 12235 12258 I PerfettoCapture: Starting perfetto tracing with cmd: cat /storage/emulated/0/Android/data/org.jetbrains.android_benchmark.test/cache/trace_config.pb | perfetto --background -c - -o /data/misc/perfetto-traces/trace_output.pb
04-30 01:17:07.013 15045 15045 I perfetto:    perfetto_cmd.cc:1001 Connected to the Perfetto traced service, starting tracing
04-30 01:17:07.015  5131  5131 I perfetto: ing_service_impl.cc:953 Configured tracing session 261, #sources:4, duration:0 ms, #buffers:2, total buffer size:36864 KB, total sessions:1, uid:2000 session name: ""
04-30 01:17:07.016  5130  5130 I perfetto:  probes_producer.cc:139 Ftrace setup (target_buf=521)
04-30 01:17:07.056 12235 12258 I PerfettoCapture: Perfetto output - 15045
04-30 01:17:07.056 12235 12258 I PerfettoCapture: EXITCODE=0
04-30 01:17:07.075  4389  4389 I hwservicemanager: getTransport: Cannot find entry android.hardware.atrace@1.0::IAtraceDevice/default in either framework or device VINTF manifest.
04-30 01:17:07.094  5130  5130 I perfetto:    ftrace_procfs.cc:335 enabled ftrace in /sys/kernel/tracing/
04-30 01:17:07.119  5429  5488 W libprocessgroup: Failed to open /dev/blkio//cgroup.procs: No such file or directory
04-30 01:17:07.143 12145 12145 I SCS@AiSearch user 0: (ObserverWorker::AOSP_MP) [main] entering in startWork():
04-30 01:17:07.144 12145 12145 I SCS@AiSearch user 0: (BaseCollector::AOSP_MP) [main] entering in onChange():
04-30 01:17:07.145 12145 12208 I SCS@AiSearch user 0: (BaseCollector::AOSP_MP) [AOSP_MP-0] entering in collectChanges():
04-30 01:17:07.152 12235 12258 I PerfettoCapture: Perfetto tracing started successfully with pid 15045.
04-30 01:17:07.166  5429  8514 D PackageManager: setEnabledSetting : userId = 0 packageName = com.samsung.android.scs cmp = androidx.work.impl.background.systemalarm.RescheduleReceiver newState = 1 callingPackage = 10380/com.samsung.android.scs
04-30 01:17:07.169  5429  8514 D ApplicationPolicy: getApplicationStateEnabled : pkg = com.samsung.android.scs userId : 0
04-30 01:17:07.171  5429  8514 D ApplicationPolicy: getApplicationComponentState : pkg = com.samsung.android.scs userId : 0
04-30 01:17:07.191  4899  4899 E audit   : type=1400 audit(1682810227.187:84756): avc:  denied  { getattr } for  pid=5429 comm="BinderProcsColl" path="/sys/kernel/debug/binder/proc/5429" dev="debugfs" ino=28624 scontext=u:r:system_server:s0 tcontext=u:object_r:sec_debugfs:s0 tclass=file permissive=0 SEPF_SM-A515F_13_0001 audit_filtered
04-30 01:17:07.191  4899  4899 E audit   : type=1300 audit(1682810227.187:84756): arch=c00000b7 syscall=79 success=no exit=-13 a0=ffffff9c a1=7787e1de40 a2=7669678680 a3=0 items=0 ppid=4924 pid=5429 auid=4294967295 uid=1000 gid=1000 euid=1000 suid=1000 fsuid=1000 egid=1000 sgid=1000 fsgid=1000 tty=(none) ses=4294967295 comm="BinderProcsColl" exe="/system/bin/app_process64" subj=u:r:system_server:s0 key=(null)
04-30 01:17:07.191  4899  4899 E audit   : type=1327 audit(1682810227.187:84756): proctitle="system_server"
04-30 01:17:07.240 12235 12258 I PerfettoCapture: /sys/kernel/tracing/tracing_on = 1, polled 0 times, capture fully started
04-30 01:17:07.245 12235 12258 D Benchmark: Set 12258 (Bench thread) to priority -20. Was -8, now -20
04-30 01:17:07.245 12235 12258 D Benchmark: Set 12243 (Jit) to priority -15. Was 9, now -15
04-30 01:17:07.262 12145 12208 I SCS@AiSearch user 0: (BaseCollector::AOSP_MP) fetchInternal values : maxSyncId: 1000008329 indexCount: 895 sourceCount: 895
04-30 01:17:07.269 12235 12258 I _benchmark.test: Explicit concurrent copying GC freed 11899(750KB) AllocSpace objects, 1(20KB) LOS objects, 67% free, 2918KB/9062KB, paused 265us,104us total 23.845ms
04-30 01:17:07.346 12145 12208 I SCS@AiSearch user 0: (IndexManager) [AOSP_MP-0] entering in addIndex():
04-30 01:17:07.354 12145 12208 I SCS@AiSearch user 0: (BaseCollector::AOSP_MP) fetch: fetching took  140 ms
04-30 01:17:07.354 12145 12208 I SCS@AiSearch user 0: (BaseCollector::AOSP_MP) fetchChanges: applied 0 items
04-30 01:17:07.355 12145 12208 I SCS@AiSearch user 0: (BaseCollector::AOSP_MP) Collect finished. Result: true
04-30 01:17:07.358 12145 12204 I WM-WorkerWrapper: Worker result SUCCESS for Work [ id=8126d1a7-3433-4bd3-b482-140cff5b5869, tags={ com.sec.android.app.myfiles, com.samsung.android.scs.ai.search.data.collector.ObserverWorker } ]
04-30 01:17:07.369 12145 12208 I SCS@AiSearch user 0: (BaseCollector::AOSP_MP) enqueue ObserverWorker name: com.sec.android.app.myfiles, policy: APPEND_OR_REPLACE
04-30 01:17:07.421  5429  8542 D PackageManager: setEnabledSetting : userId = 0 packageName = com.samsung.android.scs cmp = androidx.work.impl.background.systemalarm.RescheduleReceiver newState = 1 callingPackage = 10380/com.samsung.android.scs
04-30 01:17:07.422  5429  8542 D ApplicationPolicy: getApplicationStateEnabled : pkg = com.samsung.android.scs userId : 0
04-30 01:17:07.423  5429  8542 D ApplicationPolicy: getApplicationComponentState : pkg = com.samsung.android.scs userId : 0
04-30 01:17:07.575  5429  8542 D ConnectivityService: requestNetwork for uid/pid:5023/13363 activeRequest: null callbackRequest: 19478 [NetworkRequest [ REQUEST id=19479, [ Capabilities: INTERNET&NOT_RESTRICTED&TRUSTED&NOT_VCN_MANAGED Uid: 5023 RequestorUid: 5023 RequestorPkg: com.samsung.android.networkdiagnostic UnderlyingNetworks: Null] ]] callback flags: 0 order: 2147483647
04-30 01:17:07.576  5429  5665 D ConnectivityService:    accepting network in place of null
04-30 01:17:07.586  5429  5655 D WifiNetworkFactory: got request NetworkRequest [ REQUEST id=19479, [ Capabilities: INTERNET&NOT_RESTRICTED&TRUSTED&NOT_VCN_MANAGED Uid: 5023 RequestorUid: 5023 RequestorPkg: com.samsung.android.networkdiagnostic UnderlyingNetworks: Null] ]
04-30 01:17:07.586  5429  5655 D UntrustedWifiNetworkFactory: got request NetworkRequest [ REQUEST id=19479, [ Capabilities: INTERNET&NOT_RESTRICTED&TRUSTED&NOT_VCN_MANAGED Uid: 5023 RequestorUid: 5023 RequestorPkg: com.samsung.android.networkdiagnostic UnderlyingNetworks: Null] ]
04-30 01:17:07.588  5429  5655 D OemPaidWifiNetworkFactory: got request NetworkRequest [ REQUEST id=19479, [ Capabilities: INTERNET&NOT_RESTRICTED&TRUSTED&NOT_VCN_MANAGED Uid: 5023 RequestorUid: 5023 RequestorPkg: com.samsung.android.networkdiagnostic UnderlyingNetworks: Null] ]
04-30 01:17:07.588  5429  5655 D MultiInternetWifiNetworkFactory: got request NetworkRequest [ REQUEST id=19479, [ Capabilities: INTERNET&NOT_RESTRICTED&TRUSTED&NOT_VCN_MANAGED Uid: 5023 RequestorUid: 5023 RequestorPkg: com.samsung.android.networkdiagnostic UnderlyingNetworks: Null] ]
04-30 01:17:07.589  5429  5665 D ConnectivityService: Rematched networks [computed 1ms] [applied 3ms] [issued 9]
04-30 01:17:07.589  5429  5665 D ConnectivityService: NetworkReassignment :
04-30 01:17:07.589  5429  5665 D ConnectivityService:   19479 : null → 128
04-30 01:17:07.635 13363 13877 I [ND]SurveyReportWorker: androidx.work-2 | doWork
04-30 01:17:07.636 13363 13877 I [ND]SurveyReportWorker: androidx.work-2 | Retry Count is more than 1
04-30 01:17:07.642 13363 13673 I WM-WorkerWrapper: Worker result FAILURE for Work [ id=4c746804-9584-486e-8f4d-6b78b7893cc7, tags={ Measurements, com.samsung.android.networkdiagnostic.core.background.reportCp.SurveyReportWorker } ]
04-30 01:17:07.650  5429  5665 D ConnectivityService:  Removing from current network [128 WIFI], leaving 164 requests.
04-30 01:17:08.047 13356 14974 D CompatibilityChangeReporter: Compat change id reported: 150939131; UID 10309; state: ENABLED
04-30 01:17:09.597  5429  7411 D SemWifiUsabilityStatsMonitor: onWifiUsabilityStats - seqNum 24860, isSameBssidAndFreq true
04-30 01:17:09.602  5429  5717 I SemWifiLinkQualityMonitor: Link Qos Query: 0.039 ms / 202.558 Mbps (260 / 0.000 / 1.284)
04-30 01:17:09.624  5878  5878 D NetworkController.WifiSignalController: notifyListener: visible=true, connected=true, inetCondition=1, isDefault=true, wifiTestReported=true, receivedInetCondition=-1, hideDuringMobileSwitching=false
04-30 01:17:09.643  5878  6043 D Tile.WifiTile: handleUpdateState isTransient=false transientEnabling =false cb.isTransient=false state.state = 2 mStateBeforeClick.value =false enabled =true
04-30 01:17:10.927 12235 12258 D Benchmark: timeNs[ 0:10]: 42174 36470 36871 35842 35869 37567 35902 35940 36516 37817
04-30 01:17:10.927 12235 12258 D Benchmark: timeNs[10:20]: 35883 35885 37868 35832 35913 36229 39930 35863 35833 36605
04-30 01:17:10.927 12235 12258 D Benchmark: timeNs[20:30]: 36661 35939 35915 37398 35923 35824 35877 37595 35888 36334
04-30 01:17:10.927 12235 12258 D Benchmark: timeNs[30:40]: 42240 40085 36449 35843 37593 35866 35903 35872 37821 36030
04-30 01:17:10.927 12235 12258 D Benchmark: timeNs[40:50]: 35871 36690 37261 35839 35861 37694 38125 36303 36149 37581
04-30 01:17:11.075  5067  5067 E sehhealth-service: Could not open /sys/class/power_supply/battery/lrp
04-30 01:17:11.277 12235 12258 D Benchmark: allocationCount[ 0:10]: 43 43 43 43 43
04-30 01:17:11.277 12235 12258 D Benchmark: Set 12258 (Bench thread) to priority -8. Was -20, now -8
04-30 01:17:11.277 12235 12258 D Benchmark: Set 12243 (Jit) to priority 9. Was -15, now 9
04-30 01:17:11.277 12235 12258 D Benchmark: Warmup: t=0.285, iter=2603, fastAvg=54783, slowAvg=55550
04-30 01:17:11.278 12235 12258 I PerfettoCapture: Stopping perfetto.
04-30 01:17:11.317 15045 15045 I perfetto:    perfetto_cmd.cc:1168 SIGINT/SIGTERM received: disabling tracing.
04-30 01:17:11.318 12235 12258 D Benchmark: kill -TERM command output -
04-30 01:17:11.330  5130  5130 I perfetto:  probes_producer.cc:396 Producer stop (id=1041)
04-30 01:17:11.332  5130  5130 I perfetto:    ftrace_procfs.cc:342 disabled ftrace in /sys/kernel/tracing/
04-30 01:17:11.388  4389  4389 I hwservicemanager: getTransport: Cannot find entry android.hardware.atrace@1.0::IAtraceDevice/default in either framework or device VINTF manifest.
04-30 01:17:11.395  5130  5130 I perfetto:  probes_producer.cc:396 Producer stop (id=1042)
04-30 01:17:11.397  5130  5130 I perfetto:  probes_producer.cc:396 Producer stop (id=1043)
04-30 01:17:11.426 15045 15045 I perfetto:    perfetto_cmd.cc:1124 Trace written into the output file
04-30 01:17:11.428  5131  5131 I perfetto: ng_service_impl.cc:2426 Tracing session 261 ended, total sessions:0
04-30 01:17:11.448 12235 12258 I PerfettoCapture: Writing to /storage/emulated/0/Android/data/org.jetbrains.android_benchmark.test/cache/AckermannBenchmark_mutableUniversalRefDouble_2023-04-29-23-17-11.perfetto-trace.
04-30 01:17:11.522 12235 12258 D Benchmark: Copying /storage/emulated/0/Android/data/org.jetbrains.android_benchmark.test/cache/AckermannBenchmark_mutableUniversalRefDouble_2023-04-29-23-17-11.perfetto-trace to /sdcard/Android/media/org.jetbrains.android_benchmark.test/additional_test_output/AckermannBenchmark_mutableUniversalRefDouble_2023-04-29-23-17-11.perfetto-trace
04-30 01:17:11.546  8350 14842 W MediaProvider: isAppCloneUserPair for user 0: false
04-30 01:17:11.582  5429  6683 D SyncManager: userId - 0 auto - true
04-30 01:17:11.645 12235 12258 I Benchmark: AckermannBenchmark.mutableUniversalRefDouble[Metric (timeNs) results: median 36189.11452054794, min 35824.9101369863, max 42240.632328767126, standardDeviation: 1495.735590544951, Metric (allocationCount) results: median 43.0, min 43.0, max 43.00164383561644, standardDeviation: 7.351456364396643E-4]count=1825
04-30 01:17:11.651 12235 12258 D Benchmark: writing results to /storage/emulated/0/Android/data/org.jetbrains.android_benchmark.test/cache/org.jetbrains.android_benchmark.test-benchmarkData.json
04-30 01:17:11.659 12235 12258 D Benchmark: Copying /storage/emulated/0/Android/data/org.jetbrains.android_benchmark.test/cache/org.jetbrains.android_benchmark.test-benchmarkData.json to /sdcard/Android/media/org.jetbrains.android_benchmark.test/additional_test_output/org.jetbrains.android_benchmark.test-benchmarkData.json
04-30 01:17:11.688  5429  6113 D SyncManager: userId - 0 auto - true
04-30 01:17:11.688  8350 12710 I MediaProvider: Deleted 1 0 0 0 0 0 0 items on external_primary due to org.jetbrains.android_benchmark.test
04-30 01:17:11.703  8350 14843 W MediaProvider: isAppCloneUserPair for user 0: false
04-30 01:17:11.716  5429  6113 D SyncManager: userId - 0 auto - true
04-30 01:17:11.719 12235 12258 I TestRunner: finished: mutableUniversalRefDouble(org.jetbrains.android_benchmark.AckermannBenchmark)
