04-27 20:19:07.301  5429  5835 D WifiNative: Scan result ready event
04-27 20:19:07.301  5778  5778 I wpa_supplicant: nl80211: Drv Event 34 (NL80211_CMD_NEW_SCAN_RESULTS) received for wlan0
04-27 20:19:07.302  5778  5778 I wpa_supplicant: wlan0: nl80211: New scan results available
04-27 20:19:07.303  5778  5778 I wpa_supplicant: nl80211: Scan probed for SSID ''
04-27 20:19:07.305  5778  5778 I wpa_supplicant: nl80211: Scan included frequencies: 2412 2417 2422 2427 2432 2437 2442 2447 2452 2457 2462 2467 2472 5180 5200 5220 5240 5260 5280 5300 5320 5745 5765 5785 5805 5825
04-27 20:19:07.327  5429  5708 D SemWifiScanPool: countryCode: RS, count: 23, totalSamples: 23, rate: 100.0%
04-27 20:19:07.327  5429  5708 V SemWifiScanPool: updateScanResult, full scan:27 configKeys: 11 pool_bssid:46 pool_configKeys:15
04-27 20:19:07.327  5429  5708 D WifiConnectivityMonitor: onScanResultUpdated
04-27 20:19:07.328  5429  5708 D WifiConnectivityMonitor: mMaxScannedCountryCode : RS
04-27 20:19:07.402  5429  5835 V LocationManagerService: network provider registration 10234/com.google.android.as/A56E473A dropped delivery - too close
04-27 20:19:07.403  5429  6058 D SLocation: PositionManager - ActiveonLocationChanged network 1682619547289
04-27 20:19:07.403  7025  7069 I NlpMonitor_FLP: monitorNlp, package=system(slocation)/ interval=0
04-27 20:19:07.403  5429  5835 V LocationManagerService: passive provider registration 5023/com.samsung.android.networkdiagnostic/4FDF9C6D dropped delivery - too close
04-27 20:19:07.404  5429  5835 V LocationManagerService: passive provider registration 1000/android[SensorNotificationService]/CC5BC53F dropped delivery - too close
04-27 20:19:07.404  5429  6058 D SLocation: ARDistanceBigData - BIGDATA ARD - receive location
04-27 20:19:07.405  5429  6058 D SLocation: ARDistanceBigData - BIGDATA ARD - end log 65, 29087377___BIGDATA ARD - end log 66, 29087377___BIGDATA ARD - end log 67, 29087377___BIGDATA ARD - end log 68, 29087377___BIGDATA ARD - end log 69, 29087377___BIGDATA ARD - end log 70, 29087377___BIGDATA ARD - end log 71, 29087378___
04-27 20:19:07.406  5429  6058 D SLocation: ARDistanceBigData - BIGDATA ARD - unique id 72
04-27 20:19:07.406  5429  6058 D SLocation: GeopointGeofenceManager - Location reported : fix method = 2 / 15.005
04-27 20:19:07.409  5429  6058 D SLocation: NLPManager - removeUpdates - NLP
04-27 20:19:07.423  5429  6058 D LocationManagerService: network provider removed registration from 1000/android[SLocationService]/A22C6A3C
04-27 20:19:07.423  5429  6058 W Settings: Setting airplane_mode_on has moved from android.provider.Settings.System to android.provider.Settings.Global, returning read-only value.
04-27 20:19:07.424  7025  7069 E RequestManager_FLP: [LocationManager] Location remove A22C6A3C from system
04-27 20:19:07.426  7025  7069 I LocationRequestData_FLP: Remove in requestInfoList, A22C6A3C / ListSize[network]=1
04-27 20:19:07.429  5429  6058 D SLocation: SLocationCoreSem - send to coreSem, packet length : 23 / [2, 26, 181, 104, 196, 12, 41, 85, 88, 0, 0, 0, 15, 2, 0, 0, 1, 135, 195, 240, 190, 153, 0]
04-27 20:19:07.429  5429  6058 D SemContextLocationCoreAttribute: setAttribute() mode : 0 action : 23
04-27 20:19:07.430  5429  6058 D SemContextService: lock : changeParameters
04-27 20:19:07.430  5429  6058 D SemContext.CaeProvider.LocationCoreImpl: setAttribute() mode : 0 action : 23
04-27 20:19:07.430  5429  6058 W CAE     : setCAProperty(ContextAwareService.java:513) - [setProperty 01] Mutex is locked for SLOCATION_RUNNER
04-27 20:19:07.431  5429  6058 I CAE     : setPropertyValue(SLocationRunner.java:116) - SLocationRunner setProperty header : 2, len : 23
04-27 20:19:07.431  5429  6058 I CAE     : sendCmdToSensorHub(SensorHubCommManager.java:156) - -63, 23, 55, 2, 26, -75, 104, -60, 12, 41, 85, 88, 0, 0, 0, 15, 2, 0, 0, 1, -121, -61, -16, -66, -103, 0,
04-27 20:19:07.432  5429  5598 D SensorService: setSContextDataLocked ints length 8 , byte length 26
04-27 20:19:07.432  5429  5598 D SensorService: setSContextDataLocked 23717c1
04-27 20:19:07.433  4993  4993 I SensorsHub: SContextSensor::injecet_sensor_data
04-27 20:19:07.433  4993  4993 D SensorsHub: c1 17 37 02 1a b5 68 c4 0c 29 55 58 00 00 00 0f
04-27 20:19:07.433  4993  4993 D SensorsHub: 02 00 00 01 87 c3 f0 be 99 00
04-27 20:19:07.433  4993  4993 D SensorsHub: inject_scontext_data: New ssp_data_injection_fd(28)
04-27 20:19:07.433  4993  4993 D SensorsHub: SContext Data Injection return 26
04-27 20:19:07.434  4993  5068 I SensorsHub: context 10 0 9 1,1,55,0,5,2,2,0,0,0, 29087406552125
04-27 20:19:07.434  5429  6058 W CAE     : setCAProperty(ContextAwareService.java:519) - [setProperty 02] Mutex is unlocked for SLOCATION_RUNNER
04-27 20:19:07.434  5429  6058 D SemContextService: unlock : changeParameters
04-27 20:19:07.434  5429  6058 D SemContextManager:   .changeParameters : listener = com.samsung.android.location.semcontext.a@14d0c89, service=SLocation Core
04-27 20:19:07.434  5429  6058 D SLocation: ARDistanceLibManager - request distance diff to AR Distance Library
04-27 20:19:07.436  5429  5595 D SensorHubManager: onGetSensorHubDataLocked: library(10) = 1, 1, 55, 0, 5, 2, 2, 0, 0, 0
04-27 20:19:07.436  5429  5596 D CAE     : onGetSensorHubData(SensorHubParserProvider.java:89) - onGetSensorHubData Event [event buffer len :10], AP_WAKEUP
04-27 20:19:07.436  5429  6058 D SLocation: SLocationCoreSem - send to coreSem, packet length : 1 / [34]
04-27 20:19:07.436  5429  5596 I CAE     : parse(SensorHubParserProvider.java:190) - buffer size = 10
04-27 20:19:07.437  5429  6058 D SemContextLocationCoreAttribute: setAttribute() mode : 0 action : 23
04-27 20:19:07.437  5429  5596 I CAE     : parse(SensorHubParserProvider.java:201) - 1, 1, 55, 0, 5, 2, 2, 0, 0, 0,
04-27 20:19:07.437  5429  6058 D SemContextService: lock : changeParameters
04-27 20:19:07.437  5429  6058 D SemContext.CaeProvider.LocationCoreImpl: setAttribute() mode : 0 action : 23
04-27 20:19:07.437  5429  5596 I CAE     : parse(SLocationRunner.java:88) - SLocationRunner parse start : 3
04-27 20:19:07.437  5429  5596 D CAE     : display(ContextProvider.java:375) - ================= SLOCATION_RUNNER =================
04-27 20:19:07.438  5429  5596 I CAE     : display(ContextProvider.java:391) - ExtraDataArray=[1, 1, 55, 0, 5, 2, 2, 0, 0, 0]
04-27 20:19:07.438  5429  6058 W CAE     : setCAProperty(ContextAwareService.java:513) - [setProperty 01] Mutex is locked for SLOCATION_RUNNER
04-27 20:19:07.438  5429  5596 I CAE     : parse(SLocationRunner.java:96) - SLocationRunner parse end:10
04-27 20:19:07.439  5429  6058 I CAE     : setPropertyValue(SLocationRunner.java:116) - SLocationRunner setProperty header : 34, len : 1
04-27 20:19:07.439  5429  5593 D SemContextService: Service.updateContext() : service = SLocation Core
04-27 20:19:07.439  5429  6058 I CAE     : sendCmdToSensorHub(SensorHubCommManager.java:156) - -63, 23, 55, 34,
04-27 20:19:07.440  5429  5429 D SemContextManager: onSemContextChanged() : event = SLocation Core
04-27 20:19:07.440  5429  5429 D SLocation: SLocationCoreSem - SemContextChanged type = 47, packet received
04-27 20:19:07.440  5429  5598 D SensorService: setSContextDataLocked ints length 2 , byte length 4
04-27 20:19:07.440  5429  5598 D SensorService: setSContextDataLocked 223717c1
04-27 20:19:07.441  4993  4993 I SensorsHub: SContextSensor::injecet_sensor_data
04-27 20:19:07.441  4993  4993 D SensorsHub: c1 17 37 22
04-27 20:19:07.441  4993  4993 D SensorsHub: inject_scontext_data: New ssp_data_injection_fd(28)
04-27 20:19:07.441  4993  4993 D SensorsHub: SContext Data Injection return 4
04-27 20:19:07.442  5429  6058 W CAE     : setCAProperty(ContextAwareService.java:519) - [setProperty 02] Mutex is unlocked for SLOCATION_RUNNER
04-27 20:19:07.442  4993  5068 I SensorsHub: context 38 0 37 1,1,55,0,33,33,0,0,6,170,23,89,207,201,119,130,96,0,26,181,23,224,12,41,111,224,0,0,0,8,3,236,253,88,0,0,36,0, 29087414381163
04-27 20:19:07.442  5429  6058 D SemContextService: unlock : changeParameters
04-27 20:19:07.442  4993  5068 I SensorsHub: context 10 0 9 1,1,55,0,5,2,34,0,0,0, 29087414403625
04-27 20:19:07.442  5429  6058 D SemContextManager:   .changeParameters : listener = com.samsung.android.location.semcontext.a@14d0c89, service=SLocation Core
04-27 20:19:07.442  5429  6058 D SLocation: PositionManager - onLocationChanged - filter passive location because it same active location
04-27 20:19:07.442  5429  5595 D SensorHubManager: onGetSensorHubDataLocked: library(38) = 1, 1, 55, 0, 33, 33, 0, 0, 6, -86, 23, 89, -49, -55, 119, -126, 96, 0, 26, -75, 23, -32, 12, 41, 111, -32, 0, 0, 0, 8, 3, -20, -3, 88, 0, 0, 36, 0
04-27 20:19:07.442  5429  5595 D SensorHubManager: onGetSensorHubDataLocked: library(10) = 1, 1, 55, 0, 5, 2, 34, 0, 0, 0
04-27 20:19:07.443  5429  6058 D SLocation: LocationProcessingAlgorithm - entry condition - dist : 44.655357 padding : 0.0, accuracy : 15.005, provider : network, dir : 1
04-27 20:19:07.443  5429  6058 D SLocation: GeopointReceiver - send geopoint result - 1
04-27 20:19:07.444  5429  6058 D SLocation: ReceiverPairWithAdaptive - id : 1, dir : 1
04-27 20:19:07.444  5429  6058 D SLocation: LocationProcessingAlgorithm - entry condition - dist : 3811162.5 padding : 0.0, accuracy : 15.005, provider : network, dir : 2
04-27 20:19:07.444  5429  5596 D CAE     : onGetSensorHubData(SensorHubParserProvider.java:89) - onGetSensorHubData Event [event buffer len :38], AP_WAKEUP
04-27 20:19:07.444  5429  6058 D SLocation: LocationProcessingAlgorithm - entry condition - dist : 87164.13 padding : 0.0, accuracy : 15.005, provider : network, dir : 2
04-27 20:19:07.444  5429  5596 I CAE     : parse(SensorHubParserProvider.java:190) - buffer size = 38
04-27 20:19:07.444  5429  6058 D SLocation: LocationProcessingAlgorithm - entry condition - dist : 3811586.0 padding : 0.0, accuracy : 15.005, provider : network, dir : 2
04-27 20:19:07.445  5429  5596 I CAE     : parse(SensorHubParserProvider.java:201) - 1, 1, 55, 0, 33, 33, 0, 0, 6, -86, 23, 89, -49, -55, 119, -126, 96, 0, 26, -75, 23, -32, 12, 41, 111, -32, 0, 0, 0, 8, 3, -20, -3, 88, 0, 0, 36, 0,
04-27 20:19:07.445  5429  6058 D SLocation: LocationProcessingAlgorithm - entry condition - dist : 4904.4155 padding : 0.0, accuracy : 15.005, provider : network, dir : 2
04-27 20:19:07.445  5429  5596 I CAE     : parse(SLocationRunner.java:88) - SLocationRunner parse start : 3
04-27 20:19:07.445  5429  6058 D SLocation: LocationProcessingAlgorithm - entry condition - dist : 1919818.9 padding : 0.0, accuracy : 15.005, provider : network, dir : 2
04-27 20:19:07.445  5429  6058 D SLocation: LocationProcessingAlgorithm - entry condition - dist : 8937.188 padding : 0.0, accuracy : 15.005, provider : network, dir : 2
04-27 20:19:07.446  5429  6058 D SLocation: LocationProcessingAlgorithm - entry condition - dist : 3811586.0 padding : 0.0, accuracy : 15.005, provider : network, dir : 2
04-27 20:19:07.446  5429  6058 D SLocation: LocationProcessingAlgorithm - entry condition - dist : 1803757.6 padding : 0.0, accuracy : 15.005, provider : network, dir : 2
04-27 20:19:07.446  5429  6058 D SLocation: LocationProcessingAlgorithm - entry condition - dist : 4938.2993 padding : 0.0, accuracy : 15.005, provider : network, dir : 2
04-27 20:19:07.447  5429  5596 D CAE     : display(ContextProvider.java:375) - ================= SLOCATION_RUNNER =================
04-27 20:19:07.447  5429  5596 I CAE     : display(ContextProvider.java:391) - ExtraDataArray=[1, 1, 55, 0, 33, 33, 0, 0, 6, -86, 23, 89, -49, -55, 119, -126, 96, 0, 26, -75, 23, -32, 12, 41, 111, -32, 0, 0, 0, 8, 3, -20, -3, 88, 0, 0, 36, 0]
04-27 20:19:07.447  5429  6058 D SLocation: LocationProcessingAlgorithm - entry condition - dist : 4645.6978 padding : 0.0, accuracy : 15.005, provider : network, dir : 2
04-27 20:19:07.447  5429  6058 D SLocation: ReceiverPairWithAdaptive - id : 11, dir : 2
04-27 20:19:07.448  5429  5596 I CAE     : parse(SLocationRunner.java:96) - SLocationRunner parse end:38
04-27 20:19:07.448  5429  6058 D SLocation: ReceiverPairWithAdaptive - similar fence, do not update geopoint geofence
04-27 20:19:07.448  5429  6058 D SLocation: LocationProcessingAlgorithm - entry condition - dist : 4457.9653 padding : 0.0, accuracy : 15.005, provider : network, dir : 2
04-27 20:19:07.448  5429  5593 D SemContextService: Service.updateContext() : service = SLocation Core
04-27 20:19:07.448  5429  5596 D CAE     : onGetSensorHubData(SensorHubParserProvider.java:89) - onGetSensorHubData Event [event buffer len :10], AP_WAKEUP
04-27 20:19:07.448  5429  5429 D SemContextManager: onSemContextChanged() : event = SLocation Core
04-27 20:19:07.448  5429  5429 D SLocation: SLocationCoreSem - SemContextChanged type = 47, packet received
04-27 20:19:07.448  5429  6058 I SLocation: SemContextParser -  parse start : 3
04-27 20:19:07.449  5429  6058 I SLocation: SemContextParser -  packet Length : 5packet total size : 10
04-27 20:19:07.449  5429  5596 I CAE     : parse(SensorHubParserProvider.java:190) - buffer size = 10
04-27 20:19:07.449  5429  6058 I SLocation: SemContextParser - packet : [2, 2, 0, 0, 0]
04-27 20:19:07.449  5429  5596 I CAE     : parse(SensorHubParserProvider.java:201) - 1, 1, 55, 0, 5, 2, 34, 0, 0, 0,
04-27 20:19:07.449  5429  6058 I SLocation: SemContextParser -  parse start : 3
04-27 20:19:07.449  5429  6058 I SLocation: SemContextParser -  packet Length : 33packet total size : 38
04-27 20:19:07.449  5429  6058 I SLocation: SemContextParser - packet : [33, 0, 0, 6, -86, 23, 89, -49, -55, 119, -126, 96, 0, 26, -75, 23, -32, 12, 41, 111, -32, 0, 0, 0, 8, 3, -20, -3, 88, 0, 0, 36, 0]
04-27 20:19:07.449  5429  6058 D SLocation: GeofenceCoreManager - received Extra Data from core, len : 5
04-27 20:19:07.449  5429  6058 D SLocation: GeofenceCoreManager - handleCommandCallback - UNKNOWN_CALLBACK 2 SUCCESS
04-27 20:19:07.449  5429  5596 I CAE     : parse(SLocationRunner.java:88) - SLocationRunner parse start : 3
04-27 20:19:07.449  5429  6058 D SLocation: CommonCoreManager - received Extra Data from core, len : 5
04-27 20:19:07.449  5429  6058 D SLocation: CommonCoreManager - handleCommandCallback - FUNC_TYPE : SET_LOCATION ERROR_CODE : ERROR_NONE
04-27 20:19:07.449  5429  6058 D SLocation: GeofenceCoreManager - received Extra Data from core, len : 33
04-27 20:19:07.449  5429  6058 D SLocation: ARDistanceGetARDistance - convertSensorHubTimeToElapsedTime 1682602717409539973
04-27 20:19:07.449  5429  6058 D SLocation: ARDistanceGetARDistance - invalid location time from core pvt 1682602717409539973, do not use distance info
04-27 20:19:07.450  5429  6058 D SLocation: CommonCoreManager - received Extra Data from core, len : 33
04-27 20:19:07.450  5429  5596 D CAE     : display(ContextProvider.java:375) - ================= SLOCATION_RUNNER =================
04-27 20:19:07.450  5429  5596 I CAE     : display(ContextProvider.java:391) - ExtraDataArray=[1, 1, 55, 0, 5, 2, 34, 0, 0, 0]
04-27 20:19:07.450  5429  8535 V LocationManagerService: passive provider registration 5023/com.samsung.android.networkdiagnostic/4FDF9C6D dropped delivery - too close
04-27 20:19:07.450  5429  8535 V LocationManagerService: passive provider registration 1000/android[SensorNotificationService]/CC5BC53F dropped delivery - too close
04-27 20:19:07.450  5429  5596 I CAE     : parse(SLocationRunner.java:96) - SLocationRunner parse end:10
04-27 20:19:07.451  5429  6058 D SLocation: PositionManager - onLocationChanged - filter passive location because it same active location
04-27 20:19:07.451  5429  5593 D SemContextService: Service.updateContext() : service = SLocation Core
04-27 20:19:07.451  5429  5429 D SemContextManager: onSemContextChanged() : event = SLocation Core
04-27 20:19:07.451  5429  5429 D SLocation: SLocationCoreSem - SemContextChanged type = 47, packet received
04-27 20:19:07.452  6734 11121 W SystemServiceRegistry: No service published for: wifirtt
04-27 20:19:07.453  5429  6058 I SLocation: SemContextParser -  parse start : 3
04-27 20:19:07.453  5429  6058 I SLocation: SemContextParser -  packet Length : 5packet total size : 10
04-27 20:19:07.453  5429  6058 I SLocation: SemContextParser - packet : [2, 34, 0, 0, 0]
04-27 20:19:07.453  5429  6058 D SLocation: GeofenceCoreManager - received Extra Data from core, len : 5
04-27 20:19:07.453  5429  6058 D SLocation: GeofenceCoreManager - handleCommandCallback - UNKNOWN_CALLBACK 34 SUCCESS
04-27 20:19:07.453  5429  6058 D SLocation: ARDistanceLibManager - command callback received - CURRENT_LOCATION_REQUEST_DISTANCE ERROR CODE : ERROR_NONE
04-27 20:19:07.453  5429  6058 D SLocation: CommonCoreManager - received Extra Data from core, len : 5
04-27 20:19:07.458  7025  7069 I GmsPassiveListener_FLP: onGmsLocationChanged, provider=fused / speed=0.0 / time=1682619547289 / elapsed=29087262000000
04-27 20:19:07.473  5778  5778 I wpa_supplicant: nl80211: Drv Event 33 (NL80211_CMD_TRIGGER_SCAN) received for wlan0
04-27 20:19:07.473  5778  5778 I wpa_supplicant: wlan0: nl80211: Scan trigger
04-27 20:19:07.487  6734 28907 I GCoreUlr: Successfully inserted 1 locations
04-27 20:19:07.550  6734 30604 I SemanticLocation: [Inferrer] IncrementalTimelineInferrer.predict() logs:
04-27 20:19:07.550  6734 30604 I SemanticLocation: Timeline Paths Enabled! Start Computing the timeline paths.
04-27 20:19:07.550  6734 30604 I SemanticLocation:
04-27 20:19:07.550  6734 30604 I SemanticLocation: [CONTEXT service_id=173 ]
04-27 20:19:07.930  5429  7411 D SemWifiUsabilityStatsMonitor: onWifiUsabilityStats - seqNum 3856, isSameBssidAndFreq true
04-27 20:19:07.933  5429  5717 I SemWifiLinkQualityMonitor: Link Qos Query: 0.111 ms / 72.000 Mbps (72 / 0.000 / 1.000)
04-27 20:19:07.933  5878  5878 D NetworkController.WifiSignalController: notifyListener: visible=true, connected=true, inetCondition=1, isDefault=true, wifiTestReported=true, receivedInetCondition=-1, hideDuringMobileSwitching=false
04-27 20:19:07.937  5878  6043 D Tile.WifiTile: handleUpdateState isTransient=false transientEnabling =false cb.isTransient=false state.state = 2 mStateBeforeClick.value =false enabled =true
04-27 20:19:10.362  5778  5778 I wpa_supplicant: nl80211: Drv Event 34 (NL80211_CMD_NEW_SCAN_RESULTS) received for wlan0
04-27 20:19:10.362  5778  5778 I wpa_supplicant: wlan0: nl80211: New scan results available
04-27 20:19:10.362  5778  5778 I wpa_supplicant: nl80211: Scan probed for SSID ''
04-27 20:19:10.362  5778  5778 I wpa_supplicant: nl80211: Scan included frequencies: 2412 2417 2422 2427 2432 2437 2442 2447 2452 2457 2462 2467 2472 5180 5200 5220 5240 5260 5280 5300 5320 5745 5765 5785 5805 5825
04-27 20:19:10.363  5429  5443 D WifiNl80211Manager: Scan result ready event
04-27 20:19:10.363  5429  5443 D WifiNative: Scan result ready event
04-27 20:19:10.363  5848  6422 D IpClient/wlan0: interfaceLinkStateChanged: ifindex 11 up
04-27 20:19:10.370  5429  5659 D WificondScannerImpl: Filtering out 5 scan results.
04-27 20:19:10.385  5429  5708 D SemWifiScanPool: countryCode: RS, count: 21, totalSamples: 23, rate: 91.304344%
04-27 20:19:10.385  5429  5708 V SemWifiScanPool: updateScanResult, full scan:27 configKeys: 12 pool_bssid:46 pool_configKeys:15
04-27 20:19:10.385  5429  5708 D WifiConnectivityMonitor: onScanResultUpdated
04-27 20:19:10.386  5429  5708 D WifiConnectivityMonitor: mMaxScannedCountryCode : RS
04-27 20:19:10.406  6734  6734 I AlarmManager: set [name: CloudSync type: 2 triggerAtMillis: 30110374 windowMillis: 30710374 intervalMillis: 0]
04-27 20:19:10.470  6734 30604 E WakeLock: GCMSEND release without a matched acquire!
04-27 20:19:10.473  6734 30604 E GmsTaskScheduler: sendWakeUpEvent called on SchedulerClientBroadcastStrategy
04-27 20:19:10.475  6734 30604 I AlarmManager: setExactAndAllowWhileIdle [name: GCM_HB_ALARM type: 2 triggerAtMillis: 29860448]
04-27 20:19:10.500  5429  8535 V LocationManagerService: network provider registration 10234/com.google.android.as/A56E473A dropped delivery - too close
04-27 20:19:10.501  5429  8535 V LocationManagerService: passive provider registration 5023/com.samsung.android.networkdiagnostic/4FDF9C6D dropped delivery - too close
04-27 20:19:10.501  7025  7069 I NlpMonitor_FLP: monitorNlp, package=com.google.android.as/ interval=21600000
04-27 20:19:10.501  5429  8535 V LocationManagerService: passive provider registration 1000/android[SensorNotificationService]/CC5BC53F dropped delivery - too close
04-27 20:19:10.503  5429  6058 D SLocation: PositionManager - PassiveonLocationChanged network 1682619550360
04-27 20:19:10.503  5429  6058 D SLocation: ARDistanceBigData - BIGDATA ARD - receive location
04-27 20:19:10.503  5429  6058 D SLocation: GeofenceLocationFilter - location sent before 3075, need to filter / provider : network, accuracy : 14.246
04-27 20:19:10.503  5429  6058 I SLocation: GeofenceLocationFilter - alarm set, next time to send location : 29093401, com.samsung.android.location.geofence.geopoint.d@8883d21
04-27 20:19:10.504  5429  6058 D SLocation: SLocationCoreSem - send to coreSem, packet length : 23 / [2, 26, 181, 104, 205, 12, 41, 85, 135, 0, 0, 0, 14, 2, 0, 0, 1, 135, 195, 240, 202, 152, 0]
04-27 20:19:10.504  5429  6058 D SemContextLocationCoreAttribute: setAttribute() mode : 0 action : 23
04-27 20:19:10.504  5429  6058 D SemContextService: lock : changeParameters
04-27 20:19:10.504  5429  6058 D SemContext.CaeProvider.LocationCoreImpl: setAttribute() mode : 0 action : 23
04-27 20:19:10.504  5429  6058 W CAE     : setCAProperty(ContextAwareService.java:513) - [setProperty 01] Mutex is locked for SLOCATION_RUNNER
04-27 20:19:10.505  5429  6058 I CAE     : setPropertyValue(SLocationRunner.java:116) - SLocationRunner setProperty header : 2, len : 23
04-27 20:19:10.505  5429  6058 I CAE     : sendCmdToSensorHub(SensorHubCommManager.java:156) - -63, 23, 55, 2, 26, -75, 104, -51, 12, 41, 85, -121, 0, 0, 0, 14, 2, 0, 0, 1, -121, -61, -16, -54, -104, 0,
04-27 20:19:10.505  5429  5598 D SensorService: setSContextDataLocked ints length 8 , byte length 26
04-27 20:19:10.505  5429  5598 D SensorService: setSContextDataLocked 23717c1
04-27 20:19:10.506  4993  4993 I SensorsHub: SContextSensor::injecet_sensor_data
04-27 20:19:10.506  4993  4993 D SensorsHub: c1 17 37 02 1a b5 68 cd 0c 29 55 87 00 00 00 0e
04-27 20:19:10.506  4993  4993 D SensorsHub: 02 00 00 01 87 c3 f0 ca 98 00
04-27 20:19:10.506  4993  4993 D SensorsHub: inject_scontext_data: New ssp_data_injection_fd(28)
04-27 20:19:10.506  4993  4993 D SensorsHub: SContext Data Injection return 26
04-27 20:19:10.507  4993  5068 I SensorsHub: context 10 0 9 1,1,55,0,5,2,2,0,0,0, 29090479626507
04-27 20:19:10.507  5429  6058 W CAE     : setCAProperty(ContextAwareService.java:519) - [setProperty 02] Mutex is unlocked for SLOCATION_RUNNER
04-27 20:19:10.507  5429  6058 D SemContextService: unlock : changeParameters
04-27 20:19:10.507  5429  6058 D SemContextManager:   .changeParameters : listener = com.samsung.android.location.semcontext.a@14d0c89, service=SLocation Core
04-27 20:19:10.507  5429  6058 D SLocation: ARDistanceLibManager - request distance diff to AR Distance Library
04-27 20:19:10.507  5429  6058 D SLocation: SLocationCoreSem - send to coreSem, packet length : 1 / [34]
04-27 20:19:10.507  5429  6058 D SemContextLocationCoreAttribute: setAttribute() mode : 0 action : 23
04-27 20:19:10.507  5429  6058 D SemContextService: lock : changeParameters
04-27 20:19:10.508  5429  6058 D SemContext.CaeProvider.LocationCoreImpl: setAttribute() mode : 0 action : 23
04-27 20:19:10.508  5429  6058 W CAE     : setCAProperty(ContextAwareService.java:513) - [setProperty 01] Mutex is locked for SLOCATION_RUNNER
04-27 20:19:10.508  5429  6058 I CAE     : setPropertyValue(SLocationRunner.java:116) - SLocationRunner setProperty header : 34, len : 1
04-27 20:19:10.508  5429  6058 I CAE     : sendCmdToSensorHub(SensorHubCommManager.java:156) - -63, 23, 55, 34,
04-27 20:19:10.511  5429  5595 D SensorHubManager: onGetSensorHubDataLocked: library(10) = 1, 1, 55, 0, 5, 2, 2, 0, 0, 0
04-27 20:19:10.511  5429  5596 D CAE     : onGetSensorHubData(SensorHubParserProvider.java:89) - onGetSensorHubData Event [event buffer len :10], AP_WAKEUP
04-27 20:19:10.511  5429  5596 I CAE     : parse(SensorHubParserProvider.java:190) - buffer size = 10
04-27 20:19:10.512  5429  5596 I CAE     : parse(SensorHubParserProvider.java:201) - 1, 1, 55, 0, 5, 2, 2, 0, 0, 0,
04-27 20:19:10.512  5429  5596 I CAE     : parse(SLocationRunner.java:88) - SLocationRunner parse start : 3
04-27 20:19:10.512  5429  5596 D CAE     : display(ContextProvider.java:375) - ================= SLOCATION_RUNNER =================
04-27 20:19:10.513  5429  5596 I CAE     : display(ContextProvider.java:391) - ExtraDataArray=[1, 1, 55, 0, 5, 2, 2, 0, 0, 0]
04-27 20:19:10.515  5429  5596 I CAE     : parse(SLocationRunner.java:96) - SLocationRunner parse end:10
04-27 20:19:10.516  5429  5598 D SensorService: setSContextDataLocked ints length 2 , byte length 4
04-27 20:19:10.516  5429  5598 D SensorService: setSContextDataLocked 223717c1
04-27 20:19:10.516  4993  4993 I SensorsHub: SContextSensor::injecet_sensor_data
04-27 20:19:10.516  4993  4993 D SensorsHub: c1 17 37 22
04-27 20:19:10.516  4993  4993 D SensorsHub: inject_scontext_data: New ssp_data_injection_fd(28)
04-27 20:19:10.516  4993  4993 D SensorsHub: SContext Data Injection return 4
04-27 20:19:10.517  5429  5593 D SemContextService: Service.updateContext() : service = SLocation Core
04-27 20:19:10.517  4993  5068 I SensorsHub: context 38 0 37 1,1,55,0,33,33,0,0,0,0,23,89,207,201,119,130,96,0,26,181,23,224,12,41,111,224,0,0,0,8,3,238,77,72,0,0,36,0, 29090489768700
04-27 20:19:10.517  4993  5068 I SensorsHub: context 10 0 9 1,1,55,0,5,2,34,0,0,0, 29090489834777
04-27 20:19:10.517  5429  5429 D SemContextManager: onSemContextChanged() : event = SLocation Core
04-27 20:19:10.517  5429  5429 D SLocation: SLocationCoreSem - SemContextChanged type = 47, packet received
04-27 20:19:10.517  5429  5595 D SensorHubManager: onGetSensorHubDataLocked: library(38) = 1, 1, 55, 0, 33, 33, 0, 0, 0, 0, 23, 89, -49, -55, 119, -126, 96, 0, 26, -75, 23, -32, 12, 41, 111, -32, 0, 0, 0, 8, 3, -18, 77, 72, 0, 0, 36, 0
04-27 20:19:10.517  5429  6058 W CAE     : setCAProperty(ContextAwareService.java:519) - [setProperty 02] Mutex is unlocked for SLOCATION_RUNNER
04-27 20:19:10.518  5429  6058 D SemContextService: unlock : changeParameters
04-27 20:19:10.518  5429  6058 D SemContextManager:   .changeParameters : listener = com.samsung.android.location.semcontext.a@14d0c89, service=SLocation Core
04-27 20:19:10.518  5429  5595 D SensorHubManager: onGetSensorHubDataLocked: library(10) = 1, 1, 55, 0, 5, 2, 34, 0, 0, 0
04-27 20:19:10.518  5429  6058 I SLocation: SemContextParser -  parse start : 3
04-27 20:19:10.518  5429  6058 I SLocation: SemContextParser -  packet Length : 5packet total size : 10
04-27 20:19:10.518  5429  6058 I SLocation: SemContextParser - packet : [2, 2, 0, 0, 0]
04-27 20:19:10.518  5429  6058 D SLocation: GeofenceCoreManager - received Extra Data from core, len : 5
04-27 20:19:10.518  5429  6058 D SLocation: GeofenceCoreManager - handleCommandCallback - UNKNOWN_CALLBACK 2 SUCCESS
04-27 20:19:10.518  5429  6058 D SLocation: CommonCoreManager - received Extra Data from core, len : 5
04-27 20:19:10.518  5429  6058 D SLocation: CommonCoreManager - handleCommandCallback - FUNC_TYPE : SET_LOCATION ERROR_CODE : ERROR_NONE
04-27 20:19:10.518  5429  5596 D CAE     : onGetSensorHubData(SensorHubParserProvider.java:89) - onGetSensorHubData Event [event buffer len :38], AP_WAKEUP
04-27 20:19:10.519  5429  5596 I CAE     : parse(SensorHubParserProvider.java:190) - buffer size = 38
04-27 20:19:10.519  7025  7069 I NlpAccuracyEvaluator_FLP: update nlp [wifi] fixCount=326/distDelta=0.056479294/accuracy=14.246
04-27 20:19:10.520  5429  5596 I CAE     : parse(SensorHubParserProvider.java:201) - 1, 1, 55, 0, 33, 33, 0, 0, 0, 0, 23, 89, -49, -55, 119, -126, 96, 0, 26, -75, 23, -32, 12, 41, 111, -32, 0, 0, 0, 8, 3, -18, 77, 72, 0, 0, 36, 0,
04-27 20:19:10.520  5429  5596 I CAE     : parse(SLocationRunner.java:88) - SLocationRunner parse start : 3
04-27 20:19:10.520  5429  5596 D CAE     : display(ContextProvider.java:375) - ================= SLOCATION_RUNNER =================
04-27 20:19:10.521  5429  5596 I CAE     : display(ContextProvider.java:391) - ExtraDataArray=[1, 1, 55, 0, 33, 33, 0, 0, 0, 0, 23, 89, -49, -55, 119, -126, 96, 0, 26, -75, 23, -32, 12, 41, 111, -32, 0, 0, 0, 8, 3, -18, 77, 72, 0, 0, 36, 0]
04-27 20:19:10.521  5429  8531 V LocationManagerService: passive provider registration 5023/com.samsung.android.networkdiagnostic/4FDF9C6D dropped delivery - too close
04-27 20:19:10.521  5429  8531 V LocationManagerService: passive provider registration 1000/android[SensorNotificationService]/CC5BC53F dropped delivery - too close
04-27 20:19:10.522  5429  6058 D SLocation: PositionManager - PassiveonLocationChanged fused 1682619550360
04-27 20:19:10.522  5429  5593 D SemContextService: Service.updateContext() : service = SLocation Core
04-27 20:19:10.522  5429  6058 W SLocation: PositionManager - do not refresh last location about fused location
04-27 20:19:10.522  5429  6058 D SLocation: ARDistanceBigData - BIGDATA ARD - receive location
04-27 20:19:10.522  5429  5429 D SemContextManager: onSemContextChanged() : event = SLocation Core
04-27 20:19:10.522  5429  6058 D SLocation: ARDistanceLibManager - request distance diff to AR Distance Library
04-27 20:19:10.522  5429  5429 D SLocation: SLocationCoreSem - SemContextChanged type = 47, packet received
04-27 20:19:10.522  5429  6058 D SLocation: ARDistanceGetARDistance - ignore request, waiting for packet
04-27 20:19:10.523  5429  5596 I CAE     : parse(SLocationRunner.java:96) - SLocationRunner parse end:38
04-27 20:19:10.523  7025  7069 I GmsPassiveListener_FLP: onGmsLocationChanged, provider=fused / speed=0.1773462 / time=1682619550360 / elapsed=29090333000000
04-27 20:19:10.523  5429  5596 D CAE     : onGetSensorHubData(SensorHubParserProvider.java:89) - onGetSensorHubData Event [event buffer len :10], AP_WAKEUP
04-27 20:19:10.523  5429  5596 I CAE     : parse(SensorHubParserProvider.java:190) - buffer size = 10
04-27 20:19:10.523  5429  5596 I CAE     : parse(SensorHubParserProvider.java:201) - 1, 1, 55, 0, 5, 2, 34, 0, 0, 0,
04-27 20:19:10.523  5429  5596 I CAE     : parse(SLocationRunner.java:88) - SLocationRunner parse start : 3
04-27 20:19:10.524  5429  5596 D CAE     : display(ContextProvider.java:375) - ================= SLOCATION_RUNNER =================
04-27 20:19:10.524  5429  5596 I CAE     : display(ContextProvider.java:391) - ExtraDataArray=[1, 1, 55, 0, 5, 2, 34, 0, 0, 0]
04-27 20:19:10.524  5429  5596 I CAE     : parse(SLocationRunner.java:96) - SLocationRunner parse end:10
04-27 20:19:10.524  5429  6058 D SLocation: PositionManager - receive fused location
04-27 20:19:10.524  5429  5593 D SemContextService: Service.updateContext() : service = SLocation Core
04-27 20:19:10.524  5429  6058 I SLocation: SemContextParser -  parse start : 3
04-27 20:19:10.524  5429  6058 I SLocation: SemContextParser -  packet Length : 33packet total size : 38
04-27 20:19:10.524  5429  6058 I SLocation: SemContextParser - packet : [33, 0, 0, 0, 0, 23, 89, -49, -55, 119, -126, 96, 0, 26, -75, 23, -32, 12, 41, 111, -32, 0, 0, 0, 8, 3, -18, 77, 72, 0, 0, 36, 0]
04-27 20:19:10.525  5429  6058 D SLocation: GeofenceCoreManager - received Extra Data from core, len : 33
04-27 20:19:10.525  5429  6058 D SLocation: ARDistanceGetARDistance - convertSensorHubTimeToElapsedTime 1682602717409539973
04-27 20:19:10.525  5429  6058 D SLocation: ARDistanceGetARDistance - invalid location time from core pvt 1682602717409539973, do not use distance info
04-27 20:19:10.525  5429  6058 D SLocation: CommonCoreManager - received Extra Data from core, len : 33
04-27 20:19:10.526  5429  5429 D SemContextManager: onSemContextChanged() : event = SLocation Core
04-27 20:19:10.526  5429  5429 D SLocation: SLocationCoreSem - SemContextChanged type = 47, packet received
04-27 20:19:10.527  5429  6058 I SLocation: SemContextParser -  parse start : 3
04-27 20:19:10.527  5429  6058 I SLocation: SemContextParser -  packet Length : 5packet total size : 10
04-27 20:19:10.527  5429  6058 I SLocation: SemContextParser - packet : [2, 34, 0, 0, 0]
04-27 20:19:10.528  5429  6058 D SLocation: GeofenceCoreManager - received Extra Data from core, len : 5
04-27 20:19:10.528  5429  6058 D SLocation: GeofenceCoreManager - handleCommandCallback - UNKNOWN_CALLBACK 34 SUCCESS
04-27 20:19:10.528  5429  6058 D SLocation: ARDistanceLibManager - command callback received - CURRENT_LOCATION_REQUEST_DISTANCE ERROR CODE : ERROR_NONE
04-27 20:19:10.528  5429  6058 D SLocation: CommonCoreManager - received Extra Data from core, len : 5
04-27 20:19:10.598  6734  6743 I .gms.persistent: Background young concurrent copying GC freed 318096(15MB) AllocSpace objects, 5(208KB) LOS objects, 31% free, 34MB/51MB, paused 390us,461us total 115.056ms
04-27 20:19:10.601  4899  4899 E audit   : type=1400 audit(1682619550.595:17871): avc:  denied  { read } for  pid=30986 comm="binder:30986_4" name="u:object_r:perf_prop:s0" dev="tmpfs" ino=21617 scontext=u:r:platform_app:s0:c512,c768 tcontext=u:object_r:perf_prop:s0 tclass=file permissive=0 SEPF_SM-A515F_13_0001 audit_filtered
04-27 20:19:10.601  4899  4899 E audit   : type=1300 audit(1682619550.595:17871): arch=c00000b7 syscall=56 success=no exit=-13 a0=ffffff9c a1=780c9fb2f8 a2=88000 a3=0 items=0 ppid=4924 pid=30986 auid=4294967295 uid=10104 gid=10104 euid=10104 suid=10104 fsuid=10104 egid=10104 sgid=10104 fsgid=10104 tty=(none) ses=4294967295 comm="binder:30986_4" exe="/system/bin/app_process64" subj=u:r:platform_app:s0:c512,c768 key=(null)
04-27 20:19:10.601  4899  4899 E audit   : type=1327 audit(1682619550.595:17871): proctitle="com.osp.app.signin"
04-27 20:19:10.601 30986 31315 W libc    : Access denied finding property "sys.perf.boostopt"
04-27 20:19:10.616  9197  9334 I .breakfree.deux: Background concurrent copying GC freed 57020(2148KB) AllocSpace objects, 10(4216KB) LOS objects, 59% free, 4254KB/10MB, paused 334us,146us total 124.573ms
04-27 20:19:10.616  9197  9334 W .breakfree.deux: Reducing the number of considered missed Gc histogram windows from 101 to 100
04-27 20:19:10.625  5429  5438 I system_server: Background young concurrent copying GC freed 404277(18MB) AllocSpace objects, 55(1748KB) LOS objects, 16% free, 102MB/122MB, paused 451us,266us total 100.533ms
04-27 20:19:10.632  4899  4899 E audit   : type=1400 audit(1682619550.627:17872): avc:  denied  { read } for  pid=31104 comm="binder:31104_2" name="u:object_r:perf_prop:s0" dev="tmpfs" ino=21617 scontext=u:r:untrusted_app:s0:c73,c257,c512,c768 tcontext=u:object_r:perf_prop:s0 tclass=file permissive=0 SEPF_SM-A515F_13_0001 audit_filtered
04-27 20:19:10.633  4899  4899 E audit   : type=1300 audit(1682619550.627:17872): arch=c00000b7 syscall=56 success=no exit=-13 a0=ffffff9c a1=7804ab32f8 a2=88000 a3=0 items=0 ppid=4924 pid=31104 auid=4294967295 uid=10329 gid=10329 euid=10329 suid=10329 fsuid=10329 egid=10329 sgid=10329 fsgid=10329 tty=(none) ses=4294967295 comm="binder:31104_2" exe="/system/bin/app_process64" subj=u:r:untrusted_app:s0:c73,c257,c512,c768 key=(null)
04-27 20:19:10.633  4899  4899 E audit   : type=1327 audit(1682619550.627:17872): proctitle="<pre-initialized>"
04-27 20:19:10.633 31104 31120 W libc    : Access denied finding property "sys.perf.boostopt"
04-27 20:19:10.634  4899  4899 E audit   : type=1400 audit(1682619550.627:17873): avc:  denied  { read } for  pid=31339 comm="binder:31339_3" name="u:object_r:perf_prop:s0" dev="tmpfs" ino=21617 scontext=u:r:untrusted_app:s0:c6,c256,c512,c768 tcontext=u:object_r:perf_prop:s0 tclass=file permissive=0 SEPF_SM-A515F_13_0001 audit_filtered
04-27 20:19:10.634 31339 31353 W libc    : Access denied finding property "sys.perf.boostopt"
04-27 20:19:10.638  5429  5440 W System  : A resource failed to call close.
04-27 20:19:10.640  5429  5440 W System  : A resource failed to call close.
04-27 20:19:10.945  5429  7411 D SemWifiUsabilityStatsMonitor: onWifiUsabilityStats - seqNum 3857, isSameBssidAndFreq true
04-27 20:19:10.948  5878  5878 D NetworkController.WifiSignalController: notifyListener: visible=true, connected=true, inetCondition=1, isDefault=true, wifiTestReported=true, receivedInetCondition=-1, hideDuringMobileSwitching=false
04-27 20:19:10.949  5429  5717 I SemWifiLinkQualityMonitor: Link Qos Query: 0.222 ms / 36.000 Mbps (72 / 0.000 / 2.000)
04-27 20:19:10.949  5878  6043 D Tile.WifiTile: handleUpdateState isTransient=false transientEnabling =false cb.isTransient=false state.state = 2 mStateBeforeClick.value =false enabled =true
04-27 20:19:11.065  5067  5067 E sehhealth-service: Could not open /sys/class/power_supply/battery/lrp
04-27 20:19:11.067  5429  5602 D MotionRecognitionService: [SAR]  onReceive : ACTION_BATTERY_CHANGED, Plugged: 2
04-27 20:19:11.072  5429  5429 D PhoneWindowManagerExt: ACTION_BATTERY_CHANGED - Level=72, status=2
04-27 20:19:11.072  5429  5429 D SemWifiApBroadcastReceiver: Received : android.intent.action.BATTERY_CHANGED
04-27 20:19:11.073  5787  5787 D SemBigDataInfoController: Intent: android.intent.action.BATTERY_CHANGED
04-27 20:19:11.075  5787  5787 D SemBigDataInfoController: Intent: android.intent.action.BATTERY_CHANGED
04-27 20:19:11.075  5878  5878 I PowerUI : mBootCompleted = true |  mFullyConnected = true
04-27 20:19:11.076  5878  5878 W PowerUI : Plug reason
04-27 20:19:11.076  5878  5878 W PowerUI : Skip charging animation - by plug status
04-27 20:19:11.076  5878  5878 D PowerUI : priorPlugType = 2 mPlugType = 2 priorBatteryStatus = 2 mBatteryStatus = 2
04-27 20:19:11.076  5878  5878 W PowerUI : Plug reason
04-27 20:19:11.076  5878  5878 W PowerUI : Skip charging sound - by plug status
04-27 20:19:11.076  5878  5878 I PowerUI : oldMisalign : false, curMisalign : false
04-27 20:19:11.079  5878  7763 D SecPowerUI.Notification: dismissing low battery warning: level=72
04-27 20:19:11.080  5878  7763 D SecPowerUI.Notification: updateNotification mWarning=false mPlaySound=false
04-27 20:19:11.080  5878  7763 D SecPowerUI.Notification: SecBatteryStatsSnapshot{batteryLevel=72, currentBatteryMode=0, chargingTime=2653000, chargingType=11, batteryHealth=2, automaticTestMode=false, isHiccupState=false}
04-27 20:19:11.081  5878  7763 D SecPowerUI.Notification: 1. restoreScreenTimeOut - saved_value : :
04-27 20:19:11.081  5878  7763 E SecPowerUI.Notification: no saved value, so we do nothing !!
04-27 20:19:11.082  5878  5878 D SecPowerUI.Notification: showChargingNotice oldChargingType : 11 / currentChargingType : 11, oldChargingTime : 2653000 / mChargingTime : 2653000
04-27 20:19:11.082  5878  5878 D SecPowerUI.Notification: There is no change about charging status, so return!
04-27 20:19:11.082  5878  5878 D PowerUI : Battery swelling mode - priorBatterySwellingMode = 0 mBatterySwellingMode = 0 mBatteryStatus = 2
04-27 20:19:11.083  5878  5878 I PowerUI : mBatteryMiscEvent = 65536
04-27 20:19:11.087  5878  5878 D KeyguardUpdateMonitor: received broadcast android.intent.action.BATTERY_CHANGED
04-27 20:19:11.087  5878  5878 D SamsungBatteryMeterDrawable: onBatteryLevelChanged isSomethingChanged: false
04-27 20:19:11.087  5878  5878 D SamsungBatteryMeterDrawable: onBatteryLevelChanged isSomethingChanged: false
04-27 20:19:11.088  5878  5878 D SamsungBatteryMeterDrawable: onBatteryLevelChanged isSomethingChanged: false
04-27 20:19:11.088  5878  5878 D SamsungBatteryMeterDrawable: onBatteryLevelChanged isSomethingChanged: false
04-27 20:19:11.088  5878  5878 I AODBatteryManager: updateBatteryData: ACTION_BATTERY_CHANGED
04-27 20:19:11.089  5878  5878 I AODBatteryManager: saveBatteryData : AOD BatteryData [mBatteryLevel=72, mBatteryStatus=CHARGING, mBatteryPlugType=USB, mBatteryPlugged=true, mRemainingChargeTime=2653000, mBatteryChargingType=2, mBatteryChargerType=FAST, mBatteryOnline=NOT_DEFINED, mBatterySwellingMode=NONE, mBatteryProtectMode=false]
04-27 20:19:11.089  5878  5878 D KeyguardUpdateMonitor: handleBatteryUpdate
04-27 20:19:13.429  5429  6058 D SLocation: GeopointGeofenceManager - Location reported : fix method = 4 / 14.246
04-27 20:19:13.430  5429  6058 W Settings: Setting airplane_mode_on has moved from android.provider.Settings.System to android.provider.Settings.Global, returning read-only value.
04-27 20:19:13.435  5429  6058 D SLocation: LocationProcessingAlgorithm - entry condition - dist : 44.723045 padding : 0.0, accuracy : 14.246, provider : network, dir : 1
04-27 20:19:13.435  5429  6058 D SLocation: GeopointReceiver - send geopoint result - 1
04-27 20:19:13.435  5429  6058 D SLocation: ReceiverPairWithAdaptive - id : 1, dir : 1
04-27 20:19:13.436  5429  6058 D SLocation: LocationProcessingAlgorithm - entry condition - dist : 3811162.0 padding : 0.0, accuracy : 14.246, provider : network, dir : 2
04-27 20:19:13.436  5429  6058 D SLocation: LocationProcessingAlgorithm - entry condition - dist : 87164.42 padding : 0.0, accuracy : 14.246, provider : network, dir : 2
04-27 20:19:13.437  5429  6058 D SLocation: LocationProcessingAlgorithm - entry condition - dist : 3811585.8 padding : 0.0, accuracy : 14.246, provider : network, dir : 2
04-27 20:19:13.437  5429  6058 D SLocation: LocationProcessingAlgorithm - entry condition - dist : 4904.034 padding : 0.0, accuracy : 14.246, provider : network, dir : 2
04-27 20:19:13.438  5429  6058 D SLocation: LocationProcessingAlgorithm - entry condition - dist : 1919818.8 padding : 0.0, accuracy : 14.246, provider : network, dir : 2
04-27 20:19:13.439  5429  6058 D SLocation: LocationProcessingAlgorithm - entry condition - dist : 8937.546 padding : 0.0, accuracy : 14.246, provider : network, dir : 2
04-27 20:19:13.439  5429  6058 D SLocation: LocationProcessingAlgorithm - entry condition - dist : 3811585.8 padding : 0.0, accuracy : 14.246, provider : network, dir : 2
04-27 20:19:13.439  5429  6058 D SLocation: LocationProcessingAlgorithm - entry condition - dist : 1803757.4 padding : 0.0, accuracy : 14.246, provider : network, dir : 2
04-27 20:19:13.440  5429  6058 D SLocation: LocationProcessingAlgorithm - entry condition - dist : 4937.9175 padding : 0.0, accuracy : 14.246, provider : network, dir : 2
04-27 20:19:13.440  5429  6058 D SLocation: LocationProcessingAlgorithm - entry condition - dist : 4645.313 padding : 0.0, accuracy : 14.246, provider : network, dir : 2
04-27 20:19:13.440  5429  6058 D SLocation: ReceiverPairWithAdaptive - id : 11, dir : 2
04-27 20:19:13.440  5429  6058 D SLocation: ReceiverPairWithAdaptive - similar fence, do not update geopoint geofence
04-27 20:19:13.441  5429  6058 D SLocation: LocationProcessingAlgorithm - entry condition - dist : 4457.581 padding : 0.0, accuracy : 14.246, provider : network, dir : 2
04-27 20:19:13.977  5429  7411 D SemWifiUsabilityStatsMonitor: onWifiUsabilityStats - seqNum 3858, isSameBssidAndFreq true
04-27 20:19:13.979  5878  5878 D NetworkController.WifiSignalController: notifyListener: visible=true, connected=true, inetCondition=1, isDefault=true, wifiTestReported=true, receivedInetCondition=-1, hideDuringMobileSwitching=false
04-27 20:19:13.979  5429  5717 I SemWifiLinkQualityMonitor: Link Qos Query: 0.222 ms / 36.000 Mbps (72 / 0.000 / 2.000)
04-27 20:19:13.984  5878  6043 D Tile.WifiTile: handleUpdateState isTransient=false transientEnabling =false cb.isTransient=false state.state = 2 mStateBeforeClick.value =false enabled =true
04-27 20:19:16.087  5878  5878 D SecPowerUI.Notification: showChargingNotice oldChargingType : 11 / currentChargingType : 11, oldChargingTime : 2653000 / mChargingTime : 2653000
04-27 20:19:16.088  5878  5878 D SecPowerUI.Notification: There is no change about charging status, so return!
04-27 20:19:17.006  5429  7411 D SemWifiUsabilityStatsMonitor: onWifiUsabilityStats - seqNum 3859, isSameBssidAndFreq true
04-27 20:19:17.010  5878  5878 D NetworkController.WifiSignalController: notifyListener: visible=true, connected=true, inetCondition=1, isDefault=true, wifiTestReported=true, receivedInetCondition=-1, hideDuringMobileSwitching=false
04-27 20:19:17.013  5878  6043 D Tile.WifiTile: handleUpdateState isTransient=false transientEnabling =false cb.isTransient=false state.state = 2 mStateBeforeClick.value =false enabled =true
04-27 20:19:17.013  5429  5717 I SemWifiLinkQualityMonitor: Link Qos Query: 0.111 ms / 72.000 Mbps (72 / 0.000 / 1.000)
04-27 20:19:18.437  8401 10272 I BluetoothAdapter: STATE_ON
04-27 20:19:18.442  8401 10272 D BluetoothGatt: connect() - device: 645DF4_1, auto: false
04-27 20:19:18.442  8401 10272 D BluetoothGatt: registerApp()
04-27 20:19:18.443  8401 10272 D BluetoothGatt: registerApp() - UUID=cfbd3630-897b-42aa-915a-12132660dfe5
04-27 20:19:18.457  6118  6654 D BtGatt.GattService: registerClient(com.google.android.googlequicksearchbox) - UUID=cfbd3630-897b-42aa-915a-12132660dfe5
04-27 20:19:18.460  6118  6654 D BtGatt.ContextMap: add() - appUid: 10233, appPid: 8401, appName: com.google.android.googlequicksearchbox
04-27 20:19:18.462  6118  6631 W bt_bta_gattc: bta_gattc_register :: state: 2, uuid=cfbd3630-897b-42aa-915a-12132660dfe5
04-27 20:19:18.463  6118  6631 W bt_bta_gattc: Registered GATT client interface 6 with uuid=cfbd3630-897b-42aa-915a-12132660dfe5, starting it on main thread
04-27 20:19:18.464  6118  6324 D BtGatt.GattService: onClientRegistered() - UUID=cfbd3630-897b-42aa-915a-12132660dfe5, clientIf=6
04-27 20:19:18.464  6118  6631 W bt_bta_gattc: client_if=6
04-27 20:19:18.467  8401 10272 I GattConnObserver: GATT connect started, beginning countdown timer
04-27 20:19:18.468  8401  1334 D BluetoothGatt: onClientRegistered() - status=0 clientIf=6
04-27 20:19:18.481  6118  6654 D BtGatt.GattService: clientConnect(com.google.android.googlequicksearchbox) - address = 645DF4_1, isDirect=true transport =2 set own addr = false own addr type:0, clientIf: 6, opportunistic=false, phy: 1
04-27 20:19:18.486  6118  6631 W bt_btm_ble: BTM_SecAddBleDevice :: dev_type=0x3
04-27 20:19:18.487  6118  6631 W bt_bta_gattc: bta_gattc_process_api_open
04-27 20:19:18.489  6118  6631 I bt_stack: [INFO:bta_gattc_main.cc(314)] bta_gattc_sm_execute: State 0x00, Event 0x1f00
04-27 20:19:18.490  6118  6631 W bt_bta_gattc: bta_gattc_open
04-27 20:19:18.491  6118  6631 W bt_stack: [WARNING:gatt_api.cc(1238)] GATT_Connect
04-27 20:19:18.492  6118  6631 W bt_stack: Starting direct connect gatt_if=6 address=645df4
04-27 20:19:18.493  6118  6631 W bt_stack: gatt_act_connect
04-27 20:19:18.494  6118  6631 I bt_stack: [INFO:gatt_attr.cc(886)] gatt_sr_init_cl_status: bda=645df4, cl_supp_feat=0000, aware=1
04-27 20:19:18.494  6118  6631 W bt_stack: gatt_connect
04-27 20:19:18.494  6118  6631 W bt_stack: gatt_connect :: call acl_create_le_connection_with_id
04-27 20:19:18.495  6118  6631 W btm_acl : Creating le direct connection to:xx:xx:xx:xx:b3:b1[public]
04-27 20:19:18.495  6118  6631 W bt_stack: AcceptLeConnectionFrom xx:xx:xx:xx:b3:b1
04-27 20:19:18.496  6118  6611 W bt_stack: Allow Le connection from remote:xx:xx:xx:xx:b3:b1[PUBLIC_DEVICE_ADDRESS]
04-27 20:19:18.496  6118  6611 W bt_stack: create_le_connection :: address : 64:5d:f4, add_to_connect_list : 1, is_direct : 1
04-27 20:19:18.496  6118  6611 W bt_stack: add_device_to_connect_list 64:5d:f4 :: Send command after register
04-27 20:19:18.496  6118  6611 W bt_stack: add_device_to_connect_list :: Device is found in security db(64:5d:f4 -> 645df4)
04-27 20:19:18.496  6118  6611 W bt_stack: add_device_to_connect_list :: set address_with_type as identity_addr
04-27 20:19:18.497  6118  6611 W bt_stack: Fast Connection Mode is already Set!!!
04-27 20:19:18.497  6118  6611 W bt_stack: Deferred until filter accept list has completed
04-27 20:19:18.497  6118  6611 W bt_stack: pause_registered_clients()
04-27 20:19:18.497  6118  6611 W bt_stack: le_scanning_manager :: OnPause()
04-27 20:19:18.497  6118  6611 W bt_stack: Stop LeSetScanEnable
04-27 20:19:18.498  6118  6611 W bt_stack: le_scanning_manager :: OnPause() - call AckPause
04-27 20:19:18.498  6118  6611 W bt_stack: le_impl :: OnPause()
04-27 20:19:18.498  6118  6611 W bt_stack: le_impl :: ConnectabilityState is DISARMED. Call AckPause()
04-27 20:19:18.498  6118  6611 W bt_stack: pause_registered_clients()
04-27 20:19:18.503  6118  6611 W bt_stack: le_address_manager :: ack_pause()
04-27 20:19:18.503  6118  6611 W bt_stack: le_address_manager :: ack_pause() - make sure all client paused. Return
04-27 20:19:18.504  6118  6611 W bt_stack: le_address_manager :: ack_pause()
04-27 20:19:18.504  6118  6611 W bt_stack: le_address_manager :: ack_pause() - handle_next_command
04-27 20:19:18.504  6118  6611 W bt_stack: handle_next_command()
04-27 20:19:18.513  6118  6611 W bt_stack: Received command complete with op_code LE_ADD_DEVICE_TO_FILTER_ACCEPT_LIST
04-27 20:19:18.514  6118  6611 W bt_stack: handle_next_command()
04-27 20:19:18.516  6118  6611 W bt_stack: Received command complete with op_code LE_ADD_DEVICE_TO_FILTER_ACCEPT_LIST
04-27 20:19:18.516  6118  6611 W bt_stack: le_scanning_manager :: OnResume()
04-27 20:19:18.516  6118  6611 W bt_stack: Start LeSetScan
04-27 20:19:18.516  6118  6611 W bt_stack: le_scanning_manager :: OnResume() - call AckResume
04-27 20:19:18.516  6118  6611 W bt_stack: le_impl :: OnResume()
04-27 20:19:18.516  6118  6611 W bt_stack: le_impl :: OnResume - Try arm connectability
04-27 20:19:18.516  6118  6611 W bt_stack: arm_connectability()
04-27 20:19:18.516  6118  6611 W bt_stack: le_impl :: check_for_unregister()
04-27 20:19:18.516  6118  6611 W bt_stack: le_address_manager :: ack_resume()
04-27 20:19:18.517  6118  6611 W bt_stack: le_address_manager :: ack_resume()
04-27 20:19:18.519  6118  6611 E bt_stack: on_create_connection :: Command status is success. Set ConnectabilityState to ARMED
