04-24 04:39:00.030 28077 28215 I AppWidgetManager: notifyAppWidgetViewDataChanged() appWidgetIds = [20], viewId = 2131296272
04-24 04:39:00.040  6374  6374 D QSClockBellTower: He is ready to ring the bell. (((QSClockBellSound - TimeText:04:39, TimeContentDescription:04:39, DateText:Mon, 24 April, ShortDateText:Mon, 24 Apr, Demo:false, QuickStar-Second(false|12:34:56))))
04-24 04:39:00.041  6374  6374 D QSClockIndicatorView: Home Indicator status_bar_clock 04:39 notifyTimeChanged(QSClockBellSound - TimeText:04:39, TimeContentDescription:04:39, DateText:Mon, 24 April, ShortDateText:Mon, 24 Apr, Demo:false, QuickStar-Second(false|12:34:56)) ClockVisibleByPolicy:true, ClockVisibleByUser:true, visible?false, parent:android.widget.LinearLayout{6e1dff0 V.E...... ........ 0,0-0,55 #7f0b04f0 app:id/left_clock_container}
04-24 04:39:00.041  6374  6374 D QSClockBellTower: Everyone heard the bell. run(currentTime:1682303940039,   getTime():Mon Apr 24 04:39:00 GMT+02:00 2023,   getTimeZone():libcore.util.ZoneInfo[mDstSavings=3600000,mUseDst=true,mDelegate=[id="Europe/Belgrade",mRawOffset=3600000,mEarliestRawOffset=4920000,transitions=119]])
04-24 04:39:00.048 21600 27482 I NetworkScheduler.Stats: Task com.google.android.gms/com.google.android.gms.tapandpay.gcmtask.TapAndPayGcmTaskService started execution. cause:4 exec_start_elapsed_seconds: 155922 [CONTEXT service_id=218 ]
04-24 04:39:00.048 21600 27482 I NetworkScheduler.Stats: Task com.google.android.gms/com.google.android.gms.auth.account.be.accountstate.GcmTaskService started execution. cause:4 exec_start_elapsed_seconds: 155922 [CONTEXT service_id=218 ]
04-24 04:39:00.059  6374  6374 I FaceWidgetPositionAlgorithm: getClockContainerHeight() supplier = 270, bottom margin = 0, real height = 333
04-24 04:39:00.060  6374  6374 I FaceWidgetPositionAlgorithm: getClockContainerHeight() supplier = 270, bottom margin = 63, real height = 333
04-24 04:39:00.060  6374  6374 I FaceWidgetPositionAlgorithm: getMediaContainerHeight() height = 0 container Visibility = 8, isValid = false, mIsDozing = false, fraction = 1.0, source = 0, target = 0
04-24 04:39:00.060  6374  6374 I FaceWidgetPositionAlgorithm: getMediaContainerHeight() supplier = 0
04-24 04:39:00.061  6374  6374 V QsExpandAnimator: setQsExpansionPosition 0.0
04-24 04:39:00.065  6374  6374 V QsExpandAnimator: updateAnimators
04-24 04:39:00.065  6374  6374 V QsExpandAnimator: clearAnimationState
04-24 04:39:00.065  6374  6374 V QsExpandAnimator: updateViews
04-24 04:39:00.067  6374  6374 V QsExpandAnimator: updateTileAnimator
04-24 04:39:00.067  6374  6374 V QsExpandAnimator: updateHeaderAnimator
04-24 04:39:00.068  6374  6374 V QsExpandAnimator: updateBarAnimator
04-24 04:39:00.068  6374  6374 V QsExpandAnimator: setQsExpansionPosition 0.0
04-24 04:39:00.068  6374  6374 V QsExpandAnimator: onAnimationAtStart
04-24 04:39:00.074 21600 28604 I NetworkScheduler.Stats: Task com.google.android.gms/com.google.android.gms.auth.account.be.accountstate.GcmTaskService finished executing. cause:4 result: 1 elapsed_millis: 55 uptime_millis: 55 exec_start_elapsed_seconds: 155922 [CONTEXT service_id=218 ]
04-24 04:39:00.082 21600 28604 I NetworkScheduler.Stats: Task com.google.android.gms/com.google.android.gms.tapandpay.gcmtask.TapAndPayGcmTaskService finished executing. cause:4 result: 1 elapsed_millis: 109 uptime_millis: 109 exec_start_elapsed_seconds: 155922 [CONTEXT service_id=218 ]
04-24 04:39:00.122  6374  6652 D MobileStatusTracker(1/2): onDataActivity: direction=3
04-24 04:39:00.123  5635  5714 W libprocessgroup: Failed to open /dev/blkio//cgroup.procs: No such file or directory
04-24 04:39:00.126  6374  6652 D MobileSignalController(1/2): notifyListener: enabled=true, connected=true, dataConnected=true, networkType=LTE/LTE_CA (4G+), emergencyOnly=false, roaming=false, isDefault=true, dataActivity=inout, level=1, ca=true, mmWave=false, disabledDataIcon=false, simCard=ETC
04-24 04:39:00.156 21600 28604 I NetworkScheduler.Stats: Task com.google.android.gms/com.google.android.gms.checkin.CheckinService started execution. cause:5 exec_start_elapsed_seconds: 155922 [CONTEXT service_id=218 ]
04-24 04:39:00.177 28298 28331 I AppMetrica-Attribution: Choosing distribution data: ClidsInfo(chosen=Candidate(clids=null, source=APP), candidates=[Candidate(clids=null, source=APP)])
04-24 04:39:00.204 21600 27482 I NetworkScheduler.Stats: Task com.google.android.gms/com.google.android.gms.checkin.CheckinService finished executing. cause:5 result: 3 elapsed_millis: 96 uptime_millis: 96 exec_start_elapsed_seconds: 155922 [CONTEXT service_id=218 ]
04-24 04:39:00.244 28298 28331 I AppMetrica-Attribution: Choosing distribution data: ClidsInfo(chosen=Candidate(clids=null, source=APP), candidates=[Candidate(clids=null, source=APP)])
04-24 04:39:00.297 28298 28331 I AppMetrica-Attribution: Choosing distribution data: ClidsInfo(chosen=Candidate(clids=null, source=APP), candidates=[Candidate(clids=null, source=APP)])
04-24 04:39:00.361 28298 28331 I AppMetrica-Attribution: Choosing distribution data: ClidsInfo(chosen=Candidate(clids=null, source=APP), candidates=[Candidate(clids=null, source=APP)])
04-24 04:39:00.688  5635  5635 D SemWifiP2pGoPowerSave: GopsReceiver : received : com.samsung.intent.action.CHECK_SIOP_LEVEL
04-24 04:39:00.689  5635  5635 I SemWifiP2pGoPowerSave: siop_level = 0
04-24 04:39:00.692  2228  2326 I SystemBroadcastReceiver: [#CMH#] onReceive completed :  0
04-24 04:39:00.693  2228  2228 I PolicyManager: [#CMH#] onReceive action = EVENT_SIOP
04-24 04:39:00.869 28191 28589 D WidgetsWorkManager: updateWidgetsFromCache()
04-24 04:39:00.897  5635  6978 D PackageManager: setEnabledSetting : userId = 0 packageName = ru.yandex.weatherplugin cmp = androidx.work.impl.background.systemalarm.RescheduleReceiver newState = 1 callingPackage = 10343/ru.yandex.weatherplugin
04-24 04:39:00.900  5635  6978 D ApplicationPolicy: getApplicationStateEnabled : pkg = ru.yandex.weatherplugin userId : 0
04-24 04:39:00.901  5635  6978 D ApplicationPolicy: getApplicationComponentState : pkg = ru.yandex.weatherplugin userId : 0
04-24 04:39:00.929  5635  5714 W libprocessgroup: Failed to open /dev/blkio//cgroup.procs: No such file or directory
04-24 04:39:00.931  5635  5714 W libprocessgroup: Failed to open /dev/blkio//cgroup.procs: No such file or directory
04-24 04:39:00.933  5635  5714 W libprocessgroup: Failed to open /dev/blkio//cgroup.procs: No such file or directory
04-24 04:39:01.153  6374  6652 D MobileStatusTracker(1/2): onDataActivity: direction=2
04-24 04:39:01.157  6374  6652 D MobileSignalController(1/2): notifyListener: enabled=true, connected=true, dataConnected=true, networkType=LTE/LTE_CA (4G+), emergencyOnly=false, roaming=false, isDefault=true, dataActivity=out, level=1, ca=true, mmWave=false, disabledDataIcon=false, simCard=ETC
04-24 04:39:02.190  6374  6652 D MobileStatusTracker(1/2): onDataActivity: direction=3
04-24 04:39:02.194  6374  6652 D MobileSignalController(1/2): notifyListener: enabled=true, connected=true, dataConnected=true, networkType=LTE/LTE_CA (4G+), emergencyOnly=false, roaming=false, isDefault=true, dataActivity=inout, level=1, ca=true, mmWave=false, disabledDataIcon=false, simCard=ETC
04-24 04:39:02.698  2228  2347 I PolicyManager: [#CMH#] Is foreground game app: false
04-24 04:39:03.221  6374  6652 D MobileStatusTracker(1/2): onDataActivity: direction=0
04-24 04:39:03.225  6374  6652 D MobileSignalController(1/2): notifyListener: enabled=true, connected=true, dataConnected=true, networkType=LTE/LTE_CA (4G+), emergencyOnly=false, roaming=false, isDefault=true, dataActivity=, level=1, ca=true, mmWave=false, disabledDataIcon=false, simCard=ETC
04-24 04:39:03.832 28191 28349 D WidgetDisplayer: showWeatherCaches: weatherCaches.size = 4
04-24 04:39:03.842 28191 28349 D WidgetDisplayer: showWeatherCaches: widgets.size = 3
04-24 04:39:03.844 28191 28349 D WidgetDisplayer: showWeatherCaches: created ui updater for widget ScreenWidget[id=13,locationId=-1,locationData=LocationData [id=-1; latitude=0.0; longitude=0.0; name=; shortName=; kind=]]
04-24 04:39:03.845 28191 28349 I ScreenWidgetUiUpdaterBa: updateWithData() ScreenWidgetUiUpdaterBase begin
04-24 04:39:03.850 28191 28349 I ScreenWidgetUiUpdaterBa: setTheme() BaseHorizontalWidgetUpdater begin
04-24 04:39:03.853 28191 28349 I ScreenWidgetUiUpdaterBa: setTheme() ScreenWidgetUiUpdaterBase end
04-24 04:39:03.864 28191 28349 D WWidget : isDefaultLauncher launcher = com.sec.android.app.launcher
04-24 04:39:03.889 28191 28349 I ScreenWidgetUiUpdaterBa: updateWithData() ScreenWidgetUiUpdaterBase end
04-24 04:39:03.890 28191 28349 D Now time: Remote: 1682301075
04-24 04:39:03.940 28191 28349 I AppWidgetManager: updateAppWidget() appWidgetIds = [13]
04-24 04:39:03.950 28191 28349 D WidgetDisplayer: showWeatherCaches: created ui updater for widget ScreenWidget[id=37,locationId=-1,locationData=LocationData [id=-1; latitude=44.8239860534668; longitude=20.45982551574707; name=grad Beograd; shortName=grad Beograd; kind=]]
04-24 04:39:03.952 28191 28349 I ScreenWidgetUiUpdaterBa: updateWithData() ScreenWidgetUiUpdaterBase begin
04-24 04:39:03.957 28191 28349 I ScreenWidgetUiUpdaterBa: setTheme() BaseHorizontalWidgetUpdater begin
04-24 04:39:03.960 28191 28349 I ScreenWidgetUiUpdaterBa: setTheme() ScreenWidgetUiUpdaterBase end
04-24 04:39:03.973 28191 28349 D WWidget : isDefaultLauncher launcher = com.sec.android.app.launcher
04-24 04:39:03.994 28191 28349 I ScreenWidgetUiUpdaterBa: updateWithData() ScreenWidgetUiUpdaterBase end
04-24 04:39:04.044 28191 28349 I AppWidgetManager: updateAppWidget() appWidgetIds = [37]
04-24 04:39:04.054 28191 28349 D WidgetDisplayer: showWeatherCaches: created ui updater for widget ScreenWidget[id=39,locationId=-1,locationData=LocationData [id=-1; latitude=44.8239860534668; longitude=20.45982551574707; name=grad Beograd; shortName=grad Beograd; kind=]]
04-24 04:39:04.056 28191 28349 I ScreenWidgetUiUpdaterBa: updateWithData() ScreenWidgetUiUpdaterBase begin
04-24 04:39:04.061 28191 28349 I ScreenWidgetUiUpdaterBa: setTheme() BaseHorizontalWidgetUpdater begin
04-24 04:39:04.064 28191 28349 I ScreenWidgetUiUpdaterBa: setTheme() ScreenWidgetUiUpdaterBase end
04-24 04:39:04.077 28191 28349 D WWidget : isDefaultLauncher launcher = com.sec.android.app.launcher
04-24 04:39:04.100 28191 28349 I ScreenWidgetUiUpdaterBa: updateWithData() ScreenWidgetUiUpdaterBase end
04-24 04:39:04.102 28191 28349 D Now time: Remote: 1682301075
04-24 04:39:04.162 28191 28349 I AppWidgetManager: updateAppWidget() appWidgetIds = [39]
04-24 04:39:04.182 28191 28349 D WidgetDisplayer: showWeatherCaches: widgets.size = 3
04-24 04:39:04.184 28191 28349 D WidgetDisplayer: showWeatherCaches: created ui updater for widget ScreenWidget[id=13,locationId=-1,locationData=LocationData [id=-1; latitude=0.0; longitude=0.0; name=; shortName=; kind=]]
04-24 04:39:04.185 28191 28349 I ScreenWidgetUiUpdaterBa: updateWithData() ScreenWidgetUiUpdaterBase begin
04-24 04:39:04.190 28191 28349 I ScreenWidgetUiUpdaterBa: setTheme() BaseHorizontalWidgetUpdater begin
04-24 04:39:04.195 28191 28349 I ScreenWidgetUiUpdaterBa: setTheme() ScreenWidgetUiUpdaterBase end
04-24 04:39:04.207 28191 28349 D WWidget : isDefaultLauncher launcher = com.sec.android.app.launcher
04-24 04:39:04.234 28191 28349 I ScreenWidgetUiUpdaterBa: updateWithData() ScreenWidgetUiUpdaterBase end
04-24 04:39:04.237 28191 28349 D Now time: Remote: 1682301075
04-24 04:39:04.291 28191 28349 I AppWidgetManager: updateAppWidget() appWidgetIds = [13]
04-24 04:39:04.302 28191 28349 D WidgetDisplayer: showWeatherCaches: created ui updater for widget ScreenWidget[id=37,locationId=-1,locationData=LocationData [id=-1; latitude=44.8239860534668; longitude=20.45982551574707; name=grad Beograd; shortName=grad Beograd; kind=]]
04-24 04:39:04.303 28191 28349 I ScreenWidgetUiUpdaterBa: updateWithData() ScreenWidgetUiUpdaterBase begin
04-24 04:39:04.309 28191 28349 I ScreenWidgetUiUpdaterBa: setTheme() BaseHorizontalWidgetUpdater begin
04-24 04:39:04.312 28191 28349 I ScreenWidgetUiUpdaterBa: setTheme() ScreenWidgetUiUpdaterBase end
04-24 04:39:04.325 28191 28349 D WWidget : isDefaultLauncher launcher = com.sec.android.app.launcher
04-24 04:39:04.345 28191 28349 I ScreenWidgetUiUpdaterBa: updateWithData() ScreenWidgetUiUpdaterBase end
04-24 04:39:04.396 28191 28349 I AppWidgetManager: updateAppWidget() appWidgetIds = [37]
04-24 04:39:04.408 28191 28349 D WidgetDisplayer: showWeatherCaches: created ui updater for widget ScreenWidget[id=39,locationId=-1,locationData=LocationData [id=-1; latitude=44.8239860534668; longitude=20.45982551574707; name=grad Beograd; shortName=grad Beograd; kind=]]
04-24 04:39:04.409 28191 28349 I ScreenWidgetUiUpdaterBa: updateWithData() ScreenWidgetUiUpdaterBase begin
04-24 04:39:04.414 28191 28349 I ScreenWidgetUiUpdaterBa: setTheme() BaseHorizontalWidgetUpdater begin
04-24 04:39:04.417 28191 28349 I ScreenWidgetUiUpdaterBa: setTheme() ScreenWidgetUiUpdaterBase end
04-24 04:39:04.431 28191 28349 D WWidget : isDefaultLauncher launcher = com.sec.android.app.launcher
04-24 04:39:04.456 28191 28349 I ScreenWidgetUiUpdaterBa: updateWithData() ScreenWidgetUiUpdaterBase end
04-24 04:39:04.458 28191 28349 D Now time: Remote: 1682301075
04-24 04:39:04.512 28191 28349 I AppWidgetManager: updateAppWidget() appWidgetIds = [39]
04-24 04:39:04.534 28191 28349 D WidgetDisplayer: showWeatherCaches: widgets.size = 3
04-24 04:39:04.537 28191 28349 D WidgetDisplayer: showWeatherCaches: created ui updater for widget ScreenWidget[id=13,locationId=-1,locationData=LocationData [id=-1; latitude=0.0; longitude=0.0; name=; shortName=; kind=]]
04-24 04:39:04.539 28191 28349 I ScreenWidgetUiUpdaterBa: updateWithData() ScreenWidgetUiUpdaterBase begin
04-24 04:39:04.545 28191 28349 I ScreenWidgetUiUpdaterBa: setTheme() BaseHorizontalWidgetUpdater begin
04-24 04:39:04.549 28191 28349 I ScreenWidgetUiUpdaterBa: setTheme() ScreenWidgetUiUpdaterBase end
04-24 04:39:04.567 28191 28349 D WWidget : isDefaultLauncher launcher = com.sec.android.app.launcher
04-24 04:39:04.599 28191 28349 I ScreenWidgetUiUpdaterBa: updateWithData() ScreenWidgetUiUpdaterBase end
04-24 04:39:04.600 28191 28349 D Now time: Remote: 1682301075
04-24 04:39:04.644 28191 28349 I AppWidgetManager: updateAppWidget() appWidgetIds = [13]
04-24 04:39:04.659 28191 28349 D WidgetDisplayer: showWeatherCaches: created ui updater for widget ScreenWidget[id=37,locationId=-1,locationData=LocationData [id=-1; latitude=44.8239860534668; longitude=20.45982551574707; name=grad Beograd; shortName=grad Beograd; kind=]]
04-24 04:39:04.660 28191 28349 I ScreenWidgetUiUpdaterBa: updateWithData() ScreenWidgetUiUpdaterBase begin
04-24 04:39:04.666 28191 28349 I ScreenWidgetUiUpdaterBa: setTheme() BaseHorizontalWidgetUpdater begin
04-24 04:39:04.670 28191 28349 I ScreenWidgetUiUpdaterBa: setTheme() ScreenWidgetUiUpdaterBase end
04-24 04:39:04.682 28191 28349 D WWidget : isDefaultLauncher launcher = com.sec.android.app.launcher
04-24 04:39:04.708 28191 28349 I ScreenWidgetUiUpdaterBa: updateWithData() ScreenWidgetUiUpdaterBase end
04-24 04:39:04.760 28191 28349 I AppWidgetManager: updateAppWidget() appWidgetIds = [37]
04-24 04:39:04.770 28191 28349 D WidgetDisplayer: showWeatherCaches: created ui updater for widget ScreenWidget[id=39,locationId=-1,locationData=LocationData [id=-1; latitude=44.8239860534668; longitude=20.45982551574707; name=grad Beograd; shortName=grad Beograd; kind=]]
04-24 04:39:04.772 28191 28349 I ScreenWidgetUiUpdaterBa: updateWithData() ScreenWidgetUiUpdaterBase begin
04-24 04:39:04.777 28191 28349 I ScreenWidgetUiUpdaterBa: setTheme() BaseHorizontalWidgetUpdater begin
04-24 04:39:04.781 28191 28349 I ScreenWidgetUiUpdaterBa: setTheme() ScreenWidgetUiUpdaterBase end
04-24 04:39:04.794 28191 28349 D WWidget : isDefaultLauncher launcher = com.sec.android.app.launcher
04-24 04:39:04.820 28191 28349 I ScreenWidgetUiUpdaterBa: updateWithData() ScreenWidgetUiUpdaterBase end
04-24 04:39:04.822 28191 28349 D Now time: Remote: 1682301075
04-24 04:39:04.883 28191 28349 I AppWidgetManager: updateAppWidget() appWidgetIds = [39]
04-24 04:39:04.909 28191 28349 D WidgetDisplayer: showWeatherCaches: widgets.size = 3
04-24 04:39:04.910 28191 28349 D WidgetDisplayer: showWeatherCaches: created ui updater for widget ScreenWidget[id=13,locationId=-1,locationData=LocationData [id=-1; latitude=0.0; longitude=0.0; name=; shortName=; kind=]]
04-24 04:39:04.911 28191 28349 I ScreenWidgetUiUpdaterBa: updateWithData() ScreenWidgetUiUpdaterBase begin
04-24 04:39:04.917 28191 28349 I ScreenWidgetUiUpdaterBa: setTheme() BaseHorizontalWidgetUpdater begin
04-24 04:39:04.921 28191 28349 I ScreenWidgetUiUpdaterBa: setTheme() ScreenWidgetUiUpdaterBase end
04-24 04:39:04.932 28191 28349 D WWidget : isDefaultLauncher launcher = com.sec.android.app.launcher
04-24 04:39:04.954 28191 28349 I ScreenWidgetUiUpdaterBa: updateWithData() ScreenWidgetUiUpdaterBase end
04-24 04:39:04.956 28191 28349 D Now time: Remote: 1682301075
04-24 04:39:05.003 28191 28349 I AppWidgetManager: updateAppWidget() appWidgetIds = [13]
04-24 04:39:05.014 28191 28349 D WidgetDisplayer: showWeatherCaches: created ui updater for widget ScreenWidget[id=37,locationId=-1,locationData=LocationData [id=-1; latitude=44.8239860534668; longitude=20.45982551574707; name=grad Beograd; shortName=grad Beograd; kind=]]
04-24 04:39:05.015 28191 28349 I ScreenWidgetUiUpdaterBa: updateWithData() ScreenWidgetUiUpdaterBase begin
04-24 04:39:05.020 28191 28349 I ScreenWidgetUiUpdaterBa: setTheme() BaseHorizontalWidgetUpdater begin
04-24 04:39:05.023 28191 28349 I ScreenWidgetUiUpdaterBa: setTheme() ScreenWidgetUiUpdaterBase end
04-24 04:39:05.037 28191 28349 D WWidget : isDefaultLauncher launcher = com.sec.android.app.launcher
04-24 04:39:05.061 28191 28349 I ScreenWidgetUiUpdaterBa: updateWithData() ScreenWidgetUiUpdaterBase end
04-24 04:39:05.112 28191 28349 I AppWidgetManager: updateAppWidget() appWidgetIds = [37]
04-24 04:39:05.126 28191 28349 D WidgetDisplayer: showWeatherCaches: created ui updater for widget ScreenWidget[id=39,locationId=-1,locationData=LocationData [id=-1; latitude=44.8239860534668; longitude=20.45982551574707; name=grad Beograd; shortName=grad Beograd; kind=]]
04-24 04:39:05.127 28191 28349 I ScreenWidgetUiUpdaterBa: updateWithData() ScreenWidgetUiUpdaterBase begin
04-24 04:39:05.131 28191 28349 I ScreenWidgetUiUpdaterBa: setTheme() BaseHorizontalWidgetUpdater begin
04-24 04:39:05.135 28191 28349 I ScreenWidgetUiUpdaterBa: setTheme() ScreenWidgetUiUpdaterBase end
04-24 04:39:05.148 28191 28349 D WWidget : isDefaultLauncher launcher = com.sec.android.app.launcher
04-24 04:39:05.171 28191 28349 I ScreenWidgetUiUpdaterBa: updateWithData() ScreenWidgetUiUpdaterBase end
04-24 04:39:05.173 28191 28349 D Now time: Remote: 1682301075
04-24 04:39:05.224 28191 28349 I AppWidgetManager: updateAppWidget() appWidgetIds = [39]
04-24 04:39:05.235 28898 29249 I nightwatch-target: monitor resources last 600 iteration: 300605 msec
04-24 04:39:05.253 28191 28361 I WM-WorkerWrapper: Worker result SUCCESS for Work [ id=5c4b3664-6481-4c5d-9f9b-e3ea2afbf276, tags={ ru.yandex.weatherplugin.widgets.workers.UpdateWidgetsFromCache } ]
04-24 04:39:07.779  5635  6344 D PackageManager: setEnabledSetting : userId = 0 packageName = com.Slack cmp = androidx.work.impl.background.systemalarm.RescheduleReceiver newState = 1 callingPackage = 10329/com.Slack
04-24 04:39:07.781  5635  6344 D ApplicationPolicy: getApplicationStateEnabled : pkg = com.Slack userId : 0
04-24 04:39:07.784  5635  6344 D ApplicationPolicy: getApplicationComponentState : pkg = com.Slack userId : 0
04-24 04:39:07.851  5635  5714 W libprocessgroup: Failed to open /dev/blkio//cgroup.procs: No such file or directory
04-24 04:39:08.370  6374  6652 D MobileStatusTracker(1/2): onDataActivity: direction=1
04-24 04:39:08.375  6374  6652 D MobileSignalController(1/2): notifyListener: enabled=true, connected=true, dataConnected=true, networkType=LTE/LTE_CA (4G+), emergencyOnly=false, roaming=false, isDefault=true, dataActivity=in, level=1, ca=true, mmWave=false, disabledDataIcon=false, simCard=ETC
04-24 04:39:09.125 28208 28208 D BoundBrokerSvc: onUnbind: Intent { act=com.google.android.gms.appset.service.START dat=chimera-action:/... cmp=com.google.android.gms/.chimera.GmsApiService }
04-24 04:39:09.417  6374  6652 D MobileStatusTracker(1/2): onDataActivity: direction=0
04-24 04:39:09.421  6374  6652 D MobileSignalController(1/2): notifyListener: enabled=true, connected=true, dataConnected=true, networkType=LTE/LTE_CA (4G+), emergencyOnly=false, roaming=false, isDefault=true, dataActivity=, level=1, ca=true, mmWave=false, disabledDataIcon=false, simCard=ETC
04-24 04:39:09.928 28298 28360 D [GplLibraryWrapper]: stopLocationUpdates
04-24 04:39:10.328 28208 28208 D BoundBrokerSvc: onUnbind: Intent { act=com.google.android.gms.measurement.START pkg=com.google.android.gms }
04-24 04:39:11.625  5216  5216 E audit   : type=1400 audit(1682303951.623:57654): avc:  denied  { getattr } for  pid=5635 comm="BinderProcsColl" path="/sys/kernel/debug/binder/proc/5635" dev="debugfs" ino=26363 scontext=u:r:system_server:s0 tcontext=u:object_r:sec_debugfs:s0 tclass=file permissive=0 SEPF_SM-A515F_13_0001 audit_filtered
04-24 04:39:11.625  5216  5216 E audit   : type=1300 audit(1682303951.623:57654): arch=c00000b7 syscall=79 success=no exit=-13 a0=ffffff9c a1=70bb2fa5b0 a2=6ee4780680 a3=0 items=0 ppid=5241 pid=5635 auid=4294967295 uid=1000 gid=1000 euid=1000 suid=1000 fsuid=1000 egid=1000 sgid=1000 fsgid=1000 tty=(none) ses=4294967295 comm="BinderProcsColl" exe="/system/bin/app_process64" subj=u:r:system_server:s0 key=(null)
04-24 04:39:11.625  5216  5216 E audit   : type=1327 audit(1682303951.623:57654): proctitle="system_server"
04-24 04:39:12.096  5295  5295 I SurfaceFlinger: SFWD update time=122881492946377
04-24 04:39:15.968  7192  7240 I GmsPassiveListener_FLP: onGmsLocationChanged, provider=fused / speed=0.0 / time=1682303955931 / elapsed=155938486000000
04-24 04:39:15.970  5635  8410 V LocationManagerService: passive provider registration 5023/com.samsung.android.networkdiagnostic/4FDF9C6D dropped delivery - too close
04-24 04:39:15.970  5635  8410 V LocationManagerService: passive provider registration 1000/android[SensorNotificationService]/79F70BEC dropped delivery - too close
04-24 04:39:15.971  5635  6549 D SLocation: PositionManager - PassiveonLocationChanged fused 1682303955931
04-24 04:39:15.972  5635  6549 W SLocation: PositionManager - do not refresh last location about fused location
04-24 04:39:15.972  5635  6549 D SLocation: ARDistanceBigData - BIGDATA ARD - receive location
04-24 04:39:15.973  5635  6549 D SLocation: ARDistanceLibManager - request distance diff to AR Distance Library
04-24 04:39:15.973  5635  6549 D SLocation: SLocationCoreSem - send to coreSem, packet length : 1 / [34]
04-24 04:39:15.973  5635  6549 D SemContextLocationCoreAttribute: setAttribute() mode : 0 action : 23
04-24 04:39:15.976  5635  6549 D SemContextService: lock : changeParameters
04-24 04:39:15.977  5635  6549 D SemContext.CaeProvider.LocationCoreImpl: setAttribute() mode : 0 action : 23
04-24 04:39:15.977  5635  6549 W CAE     : setCAProperty(ContextAwareService.java:513) - [setProperty 01] Mutex is locked for SLOCATION_RUNNER
04-24 04:39:15.977  5635  6549 I CAE     : setPropertyValue(SLocationRunner.java:116) - SLocationRunner setProperty header : 34, len : 1
04-24 04:39:15.978  5635  6549 I CAE     : sendCmdToSensorHub(SensorHubCommManager.java:156) - -63, 23, 55, 34,
04-24 04:39:15.980  5635  5841 D SensorService: setSContextDataLocked ints length 2 , byte length 4
04-24 04:39:15.980  5635  5841 D SensorService: setSContextDataLocked 223717c1
04-24 04:39:15.981  5262  5262 I SensorsHub: SContextSensor::injecet_sensor_data
04-24 04:39:15.981  5262  5262 D SensorsHub: c1 17 37 22
04-24 04:39:15.981  5262  5262 D SensorsHub: inject_scontext_data: New ssp_data_injection_fd(28)
04-24 04:39:15.981  5262  5262 D SensorsHub: SContext Data Injection return 4
04-24 04:39:15.983  5262  5343 I SensorsHub: context 38 0 37 1,1,55,0,33,33,0,0,0,0,23,88,175,29,64,220,186,0,26,183,24,64,12,50,8,80,0,0,0,32,0,145,137,208,0,0,0,83, 155938537143916
04-24 04:39:15.983  5635  6549 W CAE     : setCAProperty(ContextAwareService.java:519) - [setProperty 02] Mutex is unlocked for SLOCATION_RUNNER
04-24 04:39:15.983  5262  5343 I SensorsHub: context 10 0 9 1,1,55,0,5,2,34,0,0,0, 155938537184531
04-24 04:39:15.983  5635  6549 D SemContextService: unlock : changeParameters
04-24 04:39:15.984  5635  5838 D SensorHubManager: onGetSensorHubDataLocked: library(38) = 1, 1, 55, 0, 33, 33, 0, 0, 0, 0, 23, 88, -81, 29, 64, -36, -70, 0, 26, -73, 24, 64, 12, 50, 8, 80, 0, 0, 0, 32, 0, -111, -119, -48, 0, 0, 0, 83
04-24 04:39:15.985  5635  5838 D SensorHubManager: onGetSensorHubDataLocked: library(10) = 1, 1, 55, 0, 5, 2, 34, 0, 0, 0
04-24 04:39:15.985  5635  6549 D SemContextManager:   .changeParameters : listener = com.samsung.android.location.semcontext.a@1cb5071, service=SLocation Core
04-24 04:39:15.985  5635  5839 D CAE     : onGetSensorHubData(SensorHubParserProvider.java:89) - onGetSensorHubData Event [event buffer len :38], AP_WAKEUP
04-24 04:39:15.986  5635  5839 I CAE     : parse(SensorHubParserProvider.java:190) - buffer size = 38
04-24 04:39:15.986  5635  5839 I CAE     : parse(SensorHubParserProvider.java:201) - 1, 1, 55, 0, 33, 33, 0, 0, 0, 0, 23, 88, -81, 29, 64, -36, -70, 0, 26, -73, 24, 64, 12, 50, 8, 80, 0, 0, 0, 32, 0, -111, -119, -48, 0, 0, 0, 83,
04-24 04:39:15.987  5635  5839 I CAE     : parse(SLocationRunner.java:88) - SLocationRunner parse start : 3
04-24 04:39:15.987  5635  5839 D CAE     : display(ContextProvider.java:375) - ================= SLOCATION_RUNNER =================
04-24 04:39:15.988  5635  5839 I CAE     : display(ContextProvider.java:391) - ExtraDataArray=[1, 1, 55, 0, 33, 33, 0, 0, 0, 0, 23, 88, -81, 29, 64, -36, -70, 0, 26, -73, 24, 64, 12, 50, 8, 80, 0, 0, 0, 32, 0, -111, -119, -48, 0, 0, 0, 83]
04-24 04:39:15.989  5635  5839 I CAE     : parse(SLocationRunner.java:96) - SLocationRunner parse end:38
04-24 04:39:15.989  5635  5839 D CAE     : onGetSensorHubData(SensorHubParserProvider.java:89) - onGetSensorHubData Event [event buffer len :10], AP_WAKEUP
04-24 04:39:15.989  5635  5836 D SemContextService: Service.updateContext() : service = SLocation Core
04-24 04:39:15.989  5635  5839 I CAE     : parse(SensorHubParserProvider.java:190) - buffer size = 10
04-24 04:39:15.990  5635  5839 I CAE     : parse(SensorHubParserProvider.java:201) - 1, 1, 55, 0, 5, 2, 34, 0, 0, 0,
04-24 04:39:15.990  5635  5635 D SemContextManager: onSemContextChanged() : event = SLocation Core
04-24 04:39:15.990  5635  5635 D SLocation: SLocationCoreSem - SemContextChanged type = 47, packet received
04-24 04:39:15.990  5635  5839 I CAE     : parse(SLocationRunner.java:88) - SLocationRunner parse start : 3
04-24 04:39:15.990  5635  6549 D SLocation: PositionManager - receive fused location
04-24 04:39:15.990  5635  6549 I SLocation: SemContextParser -  parse start : 3
04-24 04:39:15.990  5635  6549 I SLocation: SemContextParser -  packet Length : 33packet total size : 38
04-24 04:39:15.991  5635  6549 I SLocation: SemContextParser - packet : [33, 0, 0, 0, 0, 23, 88, -81, 29, 64, -36, -70, 0, 26, -73, 24, 64, 12, 50, 8, 80, 0, 0, 0, 32, 0, -111, -119, -48, 0, 0, 0, 83]
04-24 04:39:15.991  5635  5839 D CAE     : display(ContextProvider.java:375) - ================= SLOCATION_RUNNER =================
04-24 04:39:15.991  5635  6549 D SLocation: GeofenceCoreManager - received Extra Data from core, len : 33
04-24 04:39:15.992  5635  5839 I CAE     : display(ContextProvider.java:391) - ExtraDataArray=[1, 1, 55, 0, 5, 2, 34, 0, 0, 0]
04-24 04:39:15.992  5635  6549 D SLocation: ARDistanceGetARDistance - convertSensorHubTimeToElapsedTime 1682285318851982555
04-24 04:39:15.992  5635  6549 D SLocation: ARDistanceGetARDistance - invalid location time from core pvt 1682285318851982555, do not use distance info
04-24 04:39:15.992  5635  6549 D SLocation: CommonCoreManager - received Extra Data from core, len : 33
04-24 04:39:15.992  5635  5839 I CAE     : parse(SLocationRunner.java:96) - SLocationRunner parse end:10
04-24 04:39:15.993  5635  5836 D SemContextService: Service.updateContext() : service = SLocation Core
04-24 04:39:15.993  5635  5635 D SemContextManager: onSemContextChanged() : event = SLocation Core
04-24 04:39:15.994  5635  5635 D SLocation: SLocationCoreSem - SemContextChanged type = 47, packet received
04-24 04:39:15.994  5635  6549 I SLocation: SemContextParser -  parse start : 3
04-24 04:39:15.994  5635  6549 I SLocation: SemContextParser -  packet Length : 5packet total size : 10
04-24 04:39:15.994  5635  6549 I SLocation: SemContextParser - packet : [2, 34, 0, 0, 0]
04-24 04:39:15.994  5635  6549 D SLocation: GeofenceCoreManager - received Extra Data from core, len : 5
04-24 04:39:15.994  5635  6549 D SLocation: GeofenceCoreManager - handleCommandCallback - UNKNOWN_CALLBACK 34 SUCCESS
04-24 04:39:15.995  5635  6549 D SLocation: ARDistanceLibManager - command callback received - CURRENT_LOCATION_REQUEST_DISTANCE ERROR CODE : ERROR_NONE
04-24 04:39:15.995  5635  6549 D SLocation: CommonCoreManager - received Extra Data from core, len : 5
04-24 04:39:16.011 21600 27482 I GCoreUlr: Successfully inserted 1 locations
04-24 04:39:16.072 21600 28604 I SemanticLocation: [Inferrer] IncrementalTimelineInferrer.predict() logs:
04-24 04:39:16.072 21600 28604 I SemanticLocation: Timeline Paths Enabled! Start Computing the timeline paths.
04-24 04:39:16.072 21600 28604 I SemanticLocation:
04-24 04:39:16.072 21600 28604 I SemanticLocation: [CONTEXT service_id=173 ]
04-24 04:39:18.036  5635  6740 D TelephonyManager: requestModemActivityInfo: Sending result to app: ModemActivityInfo{ mTimestamp=155940590 mSleepTimeMs=29697086 mIdleTimeMs=8315489 mActivityStatsTechSpecificInfo=[{mRat=UNKNOWN,mFrequencyRange=UNKNOWN,mTxTimeMs[]=[38825, 33682, 22215, 348, 136354],mRxTimeMs=84014095}]}
04-24 04:39:18.720  6298  6338 I System.out: Broadcasting: Intent { act=com.sec.intent.action.SARDEVICE_CP flg=0x10000000 (has extras) }
04-24 04:39:18.735  5635  5845 D MotionRecognitionService: [SAR]  onReceive : SARDEVICE_CP, callAction = off deviceID = 3 slot = 1 device_ext = 0
04-24 04:39:18.735  5635  5845 I MotionRecognitionService: [SAR] id : 0 cmd :off
04-24 04:39:18.736  5635  5845 I MotionRecognitionService: [SAR] A96T3X6 Grip sensor disableSensor : true
04-24 04:39:18.736  5635  5845 I MotionRecognitionService: [SAR] A96T3X6 Grip sensorsetTunerGrip 8589934592 , state: false
04-24 04:39:18.765  5635  5845 D MotionRecognitionService: [SAR] set setTransmitPowerExt  value : 8589934592 : false
04-24 04:39:18.765  5635  5845 I MotionRecognitionService: [SAR] tunerGrip is 8589934592, state : false
04-24 04:39:18.765  5635  5845 I MotionRecognitionService: [SAR] A96T3X6 Grip sensorsetTunerGrip 17179869184 , state: false
04-24 04:39:18.774  5635  5635 D SemWifiService: onServiceStateChanged : state - 0, dataNetworkType : 13
04-24 04:39:18.774  5635  6549 D SLocation: CellLocationManager - onServiceStateChanged 0
04-24 04:39:18.777  5635  5635 D SemWifiApServiceImpl: onServiceStateChanged : 0dataNetworkType : 13
04-24 04:39:18.778  5635  5635 W NSLocationMonitor: onServiceStateChanged, state=0 / channel=550
04-24 04:39:18.778  5635  5635 I NSLocationMonitor: networkType[13]=LTE / nrState=false
04-24 04:39:18.779  5635  5635 W NSLocationMonitor: onServiceStateChanged, state=0 / channel=550
04-24 04:39:18.780  5635  5635 I NSLocationMonitor: networkType[13]=LTE / nrState=false
04-24 04:39:18.785  7192  7240 W NetworkManager_FLP: updateServiceStateChanged, serviceState=0 / isRegistered=true / channel=550 / networkTypeName=LTE / nr=false
04-24 04:39:18.787  6721  6914 I PdnController<1>: Active Phone Id = 1 MobileConnected = true
04-24 04:39:18.788  6721  6914 I PhoneStateTracker<1>: onServiceStateChanged: state={mVoiceRegState=0(IN_SERVICE), mDataRegState=0(IN_SERVICE), mChannelNumber=550, duplexMode()=1, mCellBandwidths=[], mOperatorAlphaLong=Yettel, mOperatorAlphaShort=Yettel, isManualNetworkSelection=false(automatic), getRilVoiceRadioTechnology=14(LTE), getRilDataRadioTechnology=14(LTE), mCssIndicator=unsupported, mNetworkId=*1, mSystemId=*1, mCdmaRoamingIndicator=-1, mCdmaDefaultRoamingIndicator=-1, VoiceRegType=0, Snap=0, MobileData=IN_SERVICE, MobileDataRoamingType=home, MobileDataRat=LTE, PsOnly=false, FemtocellInd=0, SprDisplayRoam=false, OptRadioTech=0, MsimSubmode=0, mIsEmergencyOnly=false, isUsingCarrierAggregation=false, mArfcnRsrpBoost=0, mNetworkRegistrationInfos=[NetworkRegistrationInfo{ domain=CS transportType=WWAN registrationState=HOME roamingType=NOT_ROAMING accessNetworkTechnology=LTE rejectCause=0 emergencyEnabled=false availableServices=[VOICE,SMS,VIDEO] cellIdentity=CellIdentityLte:{ mCi=1****69 mPci=67 mTac=1***3 mEarfcn=550 mBands=[] mBandwidth=2147483647 mMcc=220 mMnc=01 mAlphaLong=Yettel mAlphaShort=Yettel mAdditionalPlmns={} mCsgInfo=null} voiceSpecificInfo=VoiceSpecificRegistrationInfo { mCssSupported=false mRoamingIndicator=0 mSystemIsInPrl=0 mDefaultRoamingIndicator=0} dataSpecificInfo=null nrState=**** rRplmn=22001 isUsingCarrierAggregation=false}, NetworkRegistrationInfo{ domain=PS transportType=WWAN registrationState=HOME roamingType=NOT_ROAMING accessNetworkTechnology=LTE rejectCause=0 emergencyEnabled=false availableServices=[DATA] cellIdentity=CellIdentityLte:{ mCi=1****69 mPci=67 mTac=1***3 mEarfcn=550 mBands=[] mBandwidth=2147483647 mMcc=220 mMnc=01 mAlphaLong=Yettel mAlphaShort=Yettel mAdditionalPlmns={} mCsgInfo=null} voiceSpecificInfo=null dataSpecificInfo=android.telephony.DataSpecificRegistrationInfo :{ maxDataCalls = 4 isDcNrRestricted = false isNrAvailable = false isEnDcAvailable = false LteVopsSupportInfo :  mVopsSupport = 2 mEmcBearerSupport = 3 } nrState=**** rRplmn=22001 isUsingCarrierAggregation=false}], mNrFrequencyRange=0, mOperatorAlphaLongRaw=Yettel, mOperatorAlphaShortRaw=Yettel, mIsDataRoamingFromRegistration=false, mIsIwlanPreferred=false}Changed=
04-24 04:39:18.788  6721  7075 I VolteServiceModule: onServiceStateChanged({mVoiceRegState=0(IN_SERVICE), mDataRegState=0(IN_SERVICE), mChannelNumber=550, duplexMode()=1, mCellBandwidths=[], mOperatorAlphaLong=Yettel, mOperatorAlphaShort=Yettel, isManualNetworkSelection=false(automatic), getRilVoiceRadioTechnology=14(LTE), getRilDataRadioTechnology=14(LTE), mCssIndicator=unsupported, mNetworkId=*1, mSystemId=*1, mCdmaRoamingIndicator=-1, mCdmaDefaultRoamingIndicator=-1, VoiceRegType=0, Snap=0, MobileData=IN_SERVICE, MobileDataRoamingType=home, MobileDataRat=LTE, PsOnly=false, FemtocellInd=0, SprDisplayRoam=false, OptRadioTech=0, MsimSubmode=0, mIsEmergencyOnly=false, isUsingCarrierAggregation=false, mArfcnRsrpBoost=0, mNetworkRegistrationInfos=[NetworkRegistrationInfo{ domain=CS transportType=WWAN registrationState=HOME roamingType=NOT_ROAMING accessNetworkTechnology=LTE rejectCause=0 emergencyEnabled=false availableServices=[VOICE,SMS,VIDEO] cellIdentity=CellIdentityLte:{ mCi=1****69 mPci=67 mTac=1***3 mEarfcn=550 mBands=[] mBandwidth=2147483647 mMcc=220 mMnc=01 mAlphaLong=Yettel mAlphaShort=Yettel mAdditionalPlmns={} mCsgInfo=null} voiceSpecificInfo=VoiceSpecificRegistrationInfo { mCssSupported=false mRoamingIndicator=0 mSystemIsInPrl=0 mDefaultRoamingIndicator=0} dataSpecificInfo=null nrState=**** rRplmn=22001 isUsingCarrierAggregation=false}, NetworkRegistrationInfo{ domain=PS transportType=WWAN registrationState=HOME roamingType=NOT_ROAMING accessNetworkTechnology=LTE rejectCause=0 emergencyEnabled=false availableServices=[DATA] cellIdentity=CellIdentityLte:{ mCi=1****69 mPci=67 mTac=1***3 mEarfcn=550 mBands=[] mBandwidth=2147483647 mMcc=220 mMnc=01 mAlphaLong=Yettel mAlphaShort=Yettel mAdditionalPlmns={} mCsgInfo=null} voiceSpecificInfo=null dataSpecificInfo=android.telephony.DataSpecificRegistrationInfo :{ maxDataCalls = 4 isDcNrRestricted = false isNrAvailable = false isEnDcAvailable = false LteVopsSupportInfo :  mVopsSupport = 2 mEmcBearerSupport = 3 } nrState=**** rRplmn=22001 isUsingCarrierAggregation=false}], mNrFrequencyRange=0, mOperatorAlphaLongRaw=Yettel, mOperatorAlphaShortRaw=Yettel, mIsDataRoamingFromRegistration=false, mIsIwlanPreferred=false})
04-24 04:39:18.788  5635  5845 D MotionRecognitionService: [SAR] set setTransmitPowerExt  value : 17179869184 : false
04-24 04:39:18.788  5635  5845 I MotionRecognitionService: [SAR] tunerGrip is 17179869184, state : false
04-24 04:39:18.788  6721  7075 I VolteServiceModule: mIsLteEpsOnlyAttached(1):false
04-24 04:39:18.780  6374  6652 D MobileStatusTracker(1/2): onServiceStateChanged voiceState=0 dataState=0
04-24 04:39:18.789  6721  6914 I PdnController<1>: notifyDataConnectionState
04-24 04:39:18.789  6721  6914 I PdnController<1>: initialize PendedEPDGWeakSignal flag
04-24 04:39:18.789  6721  6914 I PdnController<1>: setPendedEPDGWeakSignal
04-24 04:39:18.789  6721  6914 I PdnController<1>: notifyDataConnectionState: needNotify=false networkType=13 isEpdgConnected=false dataNetType=13=>13 dataRegState=0=>0
04-24 04:39:18.789  6721  6914 I PhoneStateTracker<1>: notifySnapshotState: snapshotState=0 old=0
04-24 04:39:18.789  5635  5845 D SensorService: Calling activate off 33554443
04-24 04:39:18.790  6721  6914 E GlobalSettingsRepoBase: globalgcsettings No matched key : separate_vo5g_icon
04-24 04:39:18.791  6721  6914 I GeolocationCon: handleMessage : what = SERVICE_STATE_CHANGED
04-24 04:39:18.791  5262  5262 I SensorsGrip: [grip_sensor] enable: GripSensor: enable handle = 11 en = 0
04-24 04:39:18.792  5635  5635 D SemWifiService: received: android.intent.action.SERVICE_STATE
04-24 04:39:18.792  6721  6914 I GeolocationCon: matchTimingReqLocation ,match=0, timing=4
04-24 04:39:18.793  6721  6914 I GeolocationCon: matchTimingReqLocation ,match=0, timing=4
04-24 04:39:18.793  5262  5262 E SensorsGrip: [grip_sensor] enable: mEnabled : 0, first_grip_event : 1
04-24 04:39:18.793  6721  6914 I GeolocationCon: matchTimingReqLocation ,match=0, timing=4
04-24 04:39:18.793  6721  6914 I GeolocationCon: profile is null
04-24 04:39:18.793  5635  5845 D SensorManager: unregisterListener :: com.samsung.android.gesture.MotionRecognitionSAR$GripSensorWrapper$1@7995f8c
04-24 04:39:18.793  6721  6914 I GeolocationCon<1>: onNetworkCountryIsoChanged: mCountryIso = rs, iso = rs
04-24 04:39:18.794  5635  5845 I MotionRecognitionService: [SAR] A96T3X6 Grip sensor disable channel 0 : 0 , channel 1 : 0
04-24 04:39:18.794  5635  5845 I MotionRecognitionService: [SAR] A96T3X6_SUB Grip sensor for sub disableSensor : true
04-24 04:39:18.794  5635  5845 I MotionRecognitionService: [SAR] A96T3X6_SUB Grip sensor for subsetTunerGrip 8589934592 , state: false
04-24 04:39:18.795  7192  7240 W NetworkManager_FLP: updateServiceStateChanged, serviceState=0 / isRegistered=true / channel=550 / networkTypeName=LTE / nr=false
04-24 04:39:18.796  6374  6652 D MobileSignalController(1/2): notifyListener: enabled=true, connected=true, dataConnected=true, networkType=LTE/LTE_CA (4G+), emergencyOnly=false, roaming=false, isDefault=true, dataActivity=, level=1, ca=true, mmWave=false, disabledDataIcon=false, simCard=ETC
04-24 04:39:18.797  6374  6374 I CoverUpdateMonitor: received broadcast android.intent.action.SERVICE_STATE
04-24 04:39:18.797  6374  6374 D MultiSIMController: onReceive() - action = android.intent.action.SERVICE_STATE
04-24 04:39:18.798  6374  6374 I CommonUtils: isNetworkRoaming id=2
04-24 04:39:18.798  6374  6374 I CommonUtils: isNetworkRoaming: false
04-24 04:39:18.798  6374  6374 D Tile.AirplaneModeTile: onReceive android.intent.action.SERVICE_STATE
04-24 04:39:18.798  6374  6374 D KeyguardUpdateMonitor: received broadcast android.intent.action.SERVICE_STATE
04-24 04:39:18.800  6374  6374 V KeyguardUpdateMonitor: action android.intent.action.SERVICE_STATE serviceState={mVoiceRegState=0(IN_SERVICE), mDataRegState=0(IN_SERVICE), mChannelNumber=550, duplexMode()=1, mCellBandwidths=[], mOperatorAlphaLong=Yettel, mOperatorAlphaShort=Yettel, isManualNetworkSelection=false(automatic), getRilVoiceRadioTechnology=14(LTE), getRilDataRadioTechnology=14(LTE), mCssIndicator=unsupported, mNetworkId=*1, mSystemId=*1, mCdmaRoamingIndicator=-1, mCdmaDefaultRoamingIndicator=-1, VoiceRegType=0, Snap=0, MobileData=IN_SERVICE, MobileDataRoamingType=home, MobileDataRat=LTE, PsOnly=false, FemtocellInd=0, SprDisplayRoam=false, OptRadioTech=0, MsimSubmode=0, mIsEmergencyOnly=false, isUsingCarrierAggregation=false, mArfcnRsrpBoost=0, mNetworkRegistrationInfos=[NetworkRegistrationInfo{ domain=CS transportType=WWAN registrationState=HOME roamingType=NOT_ROAMING accessNetworkTechnology=LTE rejectCause=0 emergencyEnabled=false availableServices=[VOICE,SMS,VIDEO] cellIdentity=CellIdentityLte:{ mCi=1****69 mPci=67 mTac=1***3 mEarfcn=550 mBands=[] mBandwidth=2147483647 mMcc=220 mMnc=01 mAlphaLong=Yettel mAlphaShort=Yettel mAdditionalPlmns={} mCsgInfo=null} voiceSpecificInfo=VoiceSpecificRegistrationInfo { mCssSupported=false mRoamingIndicator=0 mSystemIsInPrl=0 mDefaultRoamingIndicator=0} dataSpecificInfo=null nrState=**** rRplmn=22001 isUsingCarrierAggregation=false}, NetworkRegistrationInfo{ domain=PS transportType=WWAN registrationState=HOME roamingType=NOT_ROAMING accessNetworkTechnology=LTE rejectCause=0 emergencyEnabled=false availableServices=[DATA] cellIdentity=CellIdentityLte:{ mCi=1****69 mPci=67 mTac=1***3 mEarfcn=550 mBands=[] mBandwidth=2147483647 mMcc=220 mMnc=01 mAlphaLong=Yettel mAlphaShort=Yettel mAdditionalPlmns={} mCsgInfo=null} voiceSpecificInfo=null dataSpecificInfo=android.telephony.DataSpecificRegistrationInfo :{ maxDataCalls = 4 isDcNrRestricted = false isNrAvailable = false isEnDcAvailable = false LteVopsSupportInfo :  mVopsSupport = 2 mEmcBearerSupport = 3 } nrState=**** rRplmn=22001 isUsingCarrierAggregation=false}], mNrFrequencyRange=0, mOperatorAlphaLongRaw=Yettel, mOperatorAlphaShortRaw=Yettel, mIsDataRoamingFromRegistration=false, mIsIwlanPreferred=false} subId=2
04-24 04:39:18.800  6374  6374 D MultiSIMController: MESSAGE_UPDATE_SERVICE_STATE
04-24 04:39:18.803  6673  7287 D HeadsetPhoneState: service : 1 (2)
04-24 04:39:18.809  6298  6298 I Telephony: TelecomAccountRegistry$AccountEntry: isRttCurrentlySupported -- regular acct,, hasVoiceAvailability: false, isRttSupported: false, alwaysAllowWhileRoaming: false, isRoaming: true, isOnWfc: false
04-24 04:39:18.813  6298  6298 I Telephony: TelecomAccountRegistry$AccountEntry: isRttCurrentlySupported -- regular acct,, hasVoiceAvailability: true, isRttSupported: false, alwaysAllowWhileRoaming: false, isRoaming: false, isOnWfc: false
04-24 04:39:18.815  6298  6298 V PhoneGlobals: handleServiceStateChanged
04-24 04:39:18.815  6298  6298 D NotificationMgr: updateNetworkSelection, Use Samsung codes instead of AOSP codes
04-24 04:39:18.815  6298  6298 V PhoneGlobals: subId=2, mDefaultDataSubId=-1, ss roaming=false
04-24 04:39:18.816  6374  6374 D semImsManager[0]: getImsRegistration
04-24 04:39:18.816  5635  6162 D ConnectivityService: [100 CELLULAR] EVENT_NETWORK_INFO_CHANGED, going from CONNECTED to CONNECTED
04-24 04:39:18.816 21602 21602 D CellBroadcastReceiver: onReceive Intent { act=android.intent.action.SERVICE_STATE flg=0x1000010 cmp=com.google.android.cellbroadcastreceiver/com.android.cellbroadcastreceiver.CellBroadcastReceiver (has extras) }
04-24 04:39:18.817 21602 21602 D CellBroadcastReceiver: onServiceStateChanged, ss: 0
04-24 04:39:18.817 21602 21602 D CellBroadcastReceiver: networkOperator: 22001
04-24 04:39:18.820  5635  5845 D MotionRecognitionService: [SAR] set setTransmitPowerExt  value : 8589934592 : false
04-24 04:39:18.820  5635  5845 I MotionRecognitionService: [SAR] tunerGrip is 8589934592, state : false
04-24 04:39:18.820  5635  5845 I MotionRecognitionService: [SAR] A96T3X6_SUB Grip sensor for subsetTunerGrip 17179869184 , state: false
04-24 04:39:18.823 21602 21602 D CellBroadcastReceiver: update supported roaming operator as
04-24 04:39:18.824  6374  6652 D NetworkController: ServiceState from intent slotId=1
04-24 04:39:18.825  6298  6408 I TelephonyProvider: D/TelephonyProvider: subIdString = 2 subId = 2
04-24 04:39:18.826  6374  6374 D semImsManager[1]: getImsRegistration
04-24 04:39:18.827  6374  6652 D NetworkController: IsPowerOffServiceState is false: 0
04-24 04:39:18.827  6374  6652 D Tile.AirplaneModeTile:  handleUpdateState: airplane mode is disabled : enter mSetting.getValue() == 0 mIsWiFiOnlyDevice false isNoSimState false !isPowerOffServiceState true
04-24 04:39:18.828  6374  6652 D Tile.AirplaneModeTile:  handleUpdateState:  value = false, state = 1
04-24 04:39:18.829  6374  6652 D MobileStatusTracker(1/2): onDisplayInfoChanged: telephonyDisplayInfo=TelephonyDisplayInfo {network=LTE, override=NONE}
04-24 04:39:18.831  6374  6652 D MobileSignalController(1/2): notifyListener: enabled=true, connected=true, dataConnected=true, networkType=LTE (4G), emergencyOnly=false, roaming=false, isDefault=true, dataActivity=, level=1, ca=false, mmWave=false, disabledDataIcon=false, simCard=ETC
04-24 04:39:18.838  6374  6374 D MultiSIMController: getOwnNumber
04-24 04:39:18.839  5635  5845 D MotionRecognitionService: [SAR] set setTransmitPowerExt  value : 17179869184 : false
04-24 04:39:18.839  5635  5845 I MotionRecognitionService: [SAR] tunerGrip is 17179869184, state : false
04-24 04:39:18.839  6374  6374 D KeyguardUpdateMonitor: handleServiceStateChange(subId=2, serviceState={mVoiceRegState=0(IN_SERVICE), mDataRegState=0(IN_SERVICE), mChannelNumber=550, duplexMode()=1, mCellBandwidths=[], mOperatorAlphaLong=Yettel, mOperatorAlphaShort=Yettel, isManualNetworkSelection=false(automatic), getRilVoiceRadioTechnology=14(LTE), getRilDataRadioTechnology=14(LTE), mCssIndicator=unsupported, mNetworkId=*1, mSystemId=*1, mCdmaRoamingIndicator=-1, mCdmaDefaultRoamingIndicator=-1, VoiceRegType=0, Snap=0, MobileData=IN_SERVICE, MobileDataRoamingType=home, MobileDataRat=LTE, PsOnly=false, FemtocellInd=0, SprDisplayRoam=false, OptRadioTech=0, MsimSubmode=0, mIsEmergencyOnly=false, isUsingCarrierAggregation=false, mArfcnRsrpBoost=0, mNetworkRegistrationInfos=[NetworkRegistrationInfo{ domain=CS transportType=WWAN registrationState=HOME roamingType=NOT_ROAMING accessNetworkTechnology=LTE rejectCause=0 emergencyEnabled=false availableServices=[VOICE,SMS,VIDEO] cellIdentity=CellIdentityLte:{ mCi=1****69 mPci=67 mTac=1***3 mEarfcn=550 mBands=[] mBandwidth=2147483647 mMcc=220 mMnc=01 mAlphaLong=Yettel mAlphaShort=Yettel mAdditionalPlmns={} mCsgInfo=null} voiceSpecificInfo=VoiceSpecificRegistrationInfo { mCssSupported=false mRoamingIndicator=0 mSystemIsInPrl=0 mDefaultRoamingIndicator=0} dataSpecificInfo=null nrState=**** rRplmn=22001 isUsingCarrierAggregation=false}, NetworkRegistrationInfo{ domain=PS transportType=WWAN registrationState=HOME roamingType=NOT_ROAMING accessNetworkTechnology=LTE rejectCause=0 emergencyEnabled=false availableServices=[DATA] cellIdentity=CellIdentityLte:{ mCi=1****69 mPci=67 mTac=1***3 mEarfcn=550 mBands=[] mBandwidth=2147483647 mMcc=220 mMnc=01 mAlphaLong=Yettel mAlphaShort=Yettel mAdditionalPlmns={} mCsgInfo=null} voiceSpecificInfo=null dataSpecificInfo=android.telephony.DataSpecificRegistrationInfo :{ maxDataCalls = 4 isDcNrRestricted = false isNrAvailable = false isEnDcAvailable = false LteVopsSupportInfo :  mVopsSupport = 2 mEmcBearerSupport = 3 } nrState=**** rRplmn=22001 isUsingCarrierAggregation=false}], mNrFrequencyRange=0, mOperatorAlphaLongRaw=Yettel, mOperatorAlphaShortRaw=Yettel, mIsDataRoamingFromRegistration=false, mIsIwlanPreferred=false}
04-24 04:39:18.839  6374  6374 D CarrierTextController: onRefreshCarrierInfo(), mTelephonyCapable: true
04-24 04:39:18.839  5635  5845 D SensorService: Calling activate off 33554450
04-24 04:39:18.839  6374  6374 D CarrierTextController: updateCarrierText(): 2
04-24 04:39:18.840  6374  6374 D CarrierTextController: Handling (subId=1): 5 Yettel | MegaFon
04-24 04:39:18.840  5262  5262 I SensorsGrip: [grip_sensor_sub] enable: GripSensor: enable handle = 18 en = 0
04-24 04:39:18.840  6374  6374 D CarrierTextController: carrierTextForSimState = Yettel | MegaFon
