04-27 20:17:15.617 30801 30801 D nativeloader: Configuring classloader-namespace for other apk /system/framework/org.apache.http.legacy.jar. target_sdk_version=31, uses_libraries=ALL, library_path=/data/app/~~Zdh7ixczhK54G1dNFwjn9w==/org.telegram.messenger-N9t9NQqjLagA3w2H2kghjQ==/lib/arm64:/data/app/~~Zdh7ixczhK54G1dNFwjn9w==/org.telegram.messenger-N9t9NQqjLagA3w2H2kghjQ==/base.apk!/lib/arm64-v8a:/data/app/~~Zdh7ixczhK54G1dNFwjn9w==/org.telegram.messenger-N9t9NQqjLagA3w2H2kghjQ==/split_config.arm64_v8a.apk!/lib/arm64-v8a:/data/app/~~Zdh7ixczhK54G1dNFwjn9w==/org.telegram.messenger-N9t9NQqjLagA3w2H2kghjQ==/split_config.en.apk!/lib/arm64-v8a:/data/app/~~Zdh7ixczhK54G1dNFwjn9w==/org.telegram.messenger-N9t9NQqjLagA3w2H2kghjQ==/split_config.ru.apk!/lib/arm64-v8a:/data/app/~~Zdh7ixczhK54G1dNFwjn9w==/org.telegram.messenger-N9t9NQqjLagA3w2H2kghjQ==/split_config.xxhdpi.apk!/lib/arm64-v8a, permitted_path=/data:/mnt/expand:/data/user/0/org.telegram.messenger
04-27 20:17:15.617 30801 30801 D nativeloader: Extending system_exposed_libraries: libhumantracking.arcsoft.so:libPortraitDistortionCorrection.arcsoft.so:libPortraitDistortionCorrectionCali.arcsoft.so:libface_landmark.arcsoft.so:libFacialStickerEngine.arcsoft.so:libveengine.arcsoft.so:liblow_light_hdr.arcsoft.so:libhigh_dynamic_range.arcsoft.so:libFacialAttributeDetection.arcsoft.so:libBeauty_v4.camera.samsung.so:libexifa.camera.samsung.so:libjpega.camera.samsung.so:libOpenCv.camera.samsung.so:libImageScreener.camera.samsung.so:libMyFilter.camera.samsung.so:libtensorflowLite.myfilter.camera.samsung.so:libtensorflowlite_inference_api.myfilter.camera.samsung.so:libEventFinder.camera.samsung.so:libHIDTSnapJNI.camera.samsung.so:libSmartScan.camera.samsung.so:libRectify.camera.samsung.so:libDocRectifyWrapper.camera.samsung.so:libUltraWideDistortionCorrection.camera.samsung.so:libHpr_RecGAE_cvFeature_v1.0.camera.samsung.so:libHprFace_GAE_api.camera.samsung.so:libFace_Landmark_API.camera.samsung.so:libHprFace_GAE_jni.camera.samsung.so:libFacialBasedSelfieCorrec
04-27 20:17:15.657  5878  5878 D SecPowerUI.Notification: showChargingNotice oldChargingType : 11 / currentChargingType : 11, oldChargingTime : 2700000 / mChargingTime : 2700000
04-27 20:17:15.658  5878  5878 D SecPowerUI.Notification: There is no change about charging status, so return!
04-27 20:17:15.672 30801 30801 W ziparchive: Unable to open '/data/app/~~Zdh7ixczhK54G1dNFwjn9w==/org.telegram.messenger-N9t9NQqjLagA3w2H2kghjQ==/split_config.arm64_v8a.dm': No such file or directory
04-27 20:17:15.672 30801 30801 W ziparchive: Unable to open '/data/app/~~Zdh7ixczhK54G1dNFwjn9w==/org.telegram.messenger-N9t9NQqjLagA3w2H2kghjQ==/split_config.arm64_v8a.dm': No such file or directory
04-27 20:17:15.674 30801 30801 W egram.messenger: Entry not found
04-27 20:17:15.687 30801 30801 W ziparchive: Unable to open '/data/app/~~Zdh7ixczhK54G1dNFwjn9w==/org.telegram.messenger-N9t9NQqjLagA3w2H2kghjQ==/split_config.en.dm': No such file or directory
04-27 20:17:15.687 30801 30801 W ziparchive: Unable to open '/data/app/~~Zdh7ixczhK54G1dNFwjn9w==/org.telegram.messenger-N9t9NQqjLagA3w2H2kghjQ==/split_config.en.dm': No such file or directory
04-27 20:17:15.690 30801 30801 W egram.messenger: Entry not found
04-27 20:17:15.690 30801 30801 W ziparchive: Unable to open '/data/app/~~Zdh7ixczhK54G1dNFwjn9w==/org.telegram.messenger-N9t9NQqjLagA3w2H2kghjQ==/split_config.ru.dm': No such file or directory
04-27 20:17:15.691 30801 30801 W ziparchive: Unable to open '/data/app/~~Zdh7ixczhK54G1dNFwjn9w==/org.telegram.messenger-N9t9NQqjLagA3w2H2kghjQ==/split_config.ru.dm': No such file or directory
04-27 20:17:15.696 30801 30801 W egram.messenger: Entry not found
04-27 20:17:15.696  5429  7411 D SemWifiUsabilityStatsMonitor: onWifiUsabilityStats - seqNum 3819, isSameBssidAndFreq true
04-27 20:17:15.698 30801 30801 W ziparchive: Unable to open '/data/app/~~Zdh7ixczhK54G1dNFwjn9w==/org.telegram.messenger-N9t9NQqjLagA3w2H2kghjQ==/split_config.xxhdpi.dm': No such file or directory
04-27 20:17:15.698 30801 30801 W ziparchive: Unable to open '/data/app/~~Zdh7ixczhK54G1dNFwjn9w==/org.telegram.messenger-N9t9NQqjLagA3w2H2kghjQ==/split_config.xxhdpi.dm': No such file or directory
04-27 20:17:15.699  5429  5717 I SemWifiLinkQualityMonitor: Link Qos Query: 0.111 ms / 72.000 Mbps (72 / 0.000 / 1.000)
04-27 20:17:15.714 30801 30801 W egram.messenger: Entry not found
04-27 20:17:15.716 30801 30801 D nativeloader: Configuring classloader-namespace for other apk /data/app/~~Zdh7ixczhK54G1dNFwjn9w==/org.telegram.messenger-N9t9NQqjLagA3w2H2kghjQ==/base.apk:/data/app/~~Zdh7ixczhK54G1dNFwjn9w==/org.telegram.messenger-N9t9NQqjLagA3w2H2kghjQ==/split_config.arm64_v8a.apk:/data/app/~~Zdh7ixczhK54G1dNFwjn9w==/org.telegram.messenger-N9t9NQqjLagA3w2H2kghjQ==/split_config.en.apk:/data/app/~~Zdh7ixczhK54G1dNFwjn9w==/org.telegram.messenger-N9t9NQqjLagA3w2H2kghjQ==/split_config.ru.apk:/data/app/~~Zdh7ixczhK54G1dNFwjn9w==/org.telegram.messenger-N9t9NQqjLagA3w2H2kghjQ==/split_config.xxhdpi.apk. target_sdk_version=31, uses_libraries=, library_path=/data/app/~~Zdh7ixczhK54G1dNFwjn9w==/org.telegram.messenger-N9t9NQqjLagA3w2H2kghjQ==/lib/arm64:/data/app/~~Zdh7ixczhK54G1dNFwjn9w==/org.telegram.messenger-N9t9NQqjLagA3w2H2kghjQ==/base.apk!/lib/arm64-v8a:/data/app/~~Zdh7ixczhK54G1dNFwjn9w==/org.telegram.messenger-N9t9NQqjLagA3w2H2kghjQ==/split_config.arm64_v8a.apk!/lib/arm64-v8a:/data/app/~~Zdh7ixczhK54G1dNFwjn9w==/org.telegram.messenger-N9t9N
04-27 20:17:15.728 30801 30801 W egram.messenger: JIT profile information will not be recorded: profile file does not exist.
04-27 20:17:15.728 30801 30801 W egram.messenger: JIT profile information will not be recorded: profile file does not exist.
04-27 20:17:15.728 30801 30801 W egram.messenger: JIT profile information will not be recorded: profile file does not exist.
04-27 20:17:15.728 30801 30801 W egram.messenger: JIT profile information will not be recorded: profile file does not exist.
04-27 20:17:15.761 30801 30801 V GraphicsEnvironment: ANGLE Developer option for 'org.telegram.messenger' set to: 'default'
04-27 20:17:15.762 30801 30801 V GraphicsEnvironment: ANGLE GameManagerService for org.telegram.messenger: false
04-27 20:17:15.762 30801 30801 V GraphicsEnvironment: Neither updatable production driver nor prerelease driver is supported.
04-27 20:17:15.770 30801 30801 D NetworkSecurityConfig: No Network Security Config specified, using platform default
04-27 20:17:15.777 30801 30801 D NetworkSecurityConfig: No Network Security Config specified, using platform default
04-27 20:17:15.825 30801 30801 I MultiDex: VM with version 2.1.0 has multidex support
04-27 20:17:15.826 30801 30801 I MultiDex: Installing application
04-27 20:17:15.826 30801 30801 I MultiDex: VM has multidex support, MultiDex support library is disabled.
04-27 20:17:15.915 30801 30801 D CompatibilityChangeReporter: Compat change id reported: 183155436; UID 10268; state: DISABLED
04-27 20:17:15.916 30801 30801 I FirebaseApp: Device unlocked: initializing all Firebase APIs for app [DEFAULT]
04-27 20:17:15.934 30801 30821 W egram.messenger: Accessing hidden field Ljava/util/Collections$SynchronizedCollection;->mutex:Ljava/lang/Object; (max-target-o, reflection, denied)
04-27 20:17:15.938 30801 30821 W egram.messenger: Accessing hidden method Ljava/util/Collections$SynchronizedSet;-><init>(Ljava/util/Set;Ljava/lang/Object;)V (max-target-o, reflection, denied)
04-27 20:17:15.940 30801 30821 W egram.messenger: Accessing hidden method Ljava/util/Collections$SynchronizedCollection;-><init>(Ljava/util/Collection;Ljava/lang/Object;)V (max-target-o, reflection, denied)
04-27 20:17:15.948 30801 30801 I FirebaseInitProvider: FirebaseApp initialization successful
04-27 20:17:16.200  5429  5488 W libprocessgroup: Failed to open /dev/blkio//cgroup.procs: No such file or directory
04-27 20:17:16.344  5429  5488 W libprocessgroup: Failed to open /dev/blkio//cgroup.procs: No such file or directory
04-27 20:17:16.413 30801 30846 V ActivityThread: Recovering failed rename /storage/emulated/0/Android/data/org.telegram.messenger/cache/000000000_999999_temp.f to /storage/emulated/0/Android/media/org.telegram.messenger/Telegram/Telegram Images/000000000_999999.f
04-27 20:17:16.447  8350 29965 W MediaProvider: isAppCloneUserPair for user 0: false
04-27 20:17:16.465  5429  6416 D SyncManager: userId - 0 auto - true
04-27 20:17:16.487 30801 30801 D ConnectivityManager: StackLog: [android.net.ConnectivityManager.sendRequestForNetwork(ConnectivityManager.java:4191)] [android.net.ConnectivityManager.registerDefaultNetworkCallbackForUid(ConnectivityManager.java:4755)] [android.net.ConnectivityManager.registerDefaultNetworkCallback(ConnectivityManager.java:4722)] [android.net.ConnectivityManager.registerDefaultNetworkCallback(ConnectivityManager.java:4696)] [org.telegram.messenger.ApplicationLoader.ensureCurrentNetworkGet(ApplicationLoader.java:362)] [org.telegram.messenger.ApplicationLoader.isConnectedOrConnectingToWiFi(ApplicationLoader.java:383)] [org.telegram.messenger.ApplicationLoader.getCurrentNetworkType(ApplicationLoader.java:455)] [org.telegram.tgnet.ConnectionsManager.init(ConnectionsManager.java:465)] [org.telegram.tgnet.ConnectionsManager.<init>(ConnectionsManager.java:231)] [org.telegram.tgnet.ConnectionsManager.getInstance(ConnectionsManager.java:166)] [org.telegram.messenger.ApplicationLoader.postInitApplication(ApplicationLoader.java:209)] [org.telegram.messenger.NotificationsService.onCreate(NotificationsService.java:21)] [android.app.ActivityThread.handleCreateService(ActivityThread.java:5073)] [android.app.ActivityThread.-$$Nest$mhandleCreateService(Unknown Source:0)] [android.app.ActivityThread$H.handleMessage(ActivityThread.java:2428)]
04-27 20:17:16.489  5429  6416 D ConnectivityService: requestNetwork for uid/pid:10268/30801 activeRequest: null callbackRequest: 3877 [NetworkRequest [ REQUEST id=3878, [ Capabilities: INTERNET&NOT_RESTRICTED&TRUSTED&NOT_VCN_MANAGED Uid: 10268 RequestorUid: 10268 RequestorPkg: org.telegram.messenger UnderlyingNetworks: Null] ]] callback flags: 0 order: 2147483647
04-27 20:17:16.491  5429  5665 D ConnectivityService:    accepting network in place of null
04-27 20:17:16.496  5429  5655 D WifiNetworkFactory: got request NetworkRequest [ REQUEST id=3878, [ Capabilities: INTERNET&NOT_RESTRICTED&TRUSTED&NOT_VCN_MANAGED Uid: 10268 RequestorUid: 10268 RequestorPkg: org.telegram.messenger UnderlyingNetworks: Null] ]
04-27 20:17:16.496  5429  5655 D UntrustedWifiNetworkFactory: got request NetworkRequest [ REQUEST id=3878, [ Capabilities: INTERNET&NOT_RESTRICTED&TRUSTED&NOT_VCN_MANAGED Uid: 10268 RequestorUid: 10268 RequestorPkg: org.telegram.messenger UnderlyingNetworks: Null] ]
04-27 20:17:16.496  5429  5655 D OemPaidWifiNetworkFactory: got request NetworkRequest [ REQUEST id=3878, [ Capabilities: INTERNET&NOT_RESTRICTED&TRUSTED&NOT_VCN_MANAGED Uid: 10268 RequestorUid: 10268 RequestorPkg: org.telegram.messenger UnderlyingNetworks: Null] ]
04-27 20:17:16.497  5429  5655 D MultiInternetWifiNetworkFactory: got request NetworkRequest [ REQUEST id=3878, [ Capabilities: INTERNET&NOT_RESTRICTED&TRUSTED&NOT_VCN_MANAGED Uid: 10268 RequestorUid: 10268 RequestorPkg: org.telegram.messenger UnderlyingNetworks: Null] ]
04-27 20:17:16.497  5429  5665 D ConnectivityService: Rematched networks [computed 1ms] [applied 2ms] [issued 3]
04-27 20:17:16.497  5429  5665 D ConnectivityService: NetworkReassignment :
04-27 20:17:16.497  5429  5665 D ConnectivityService:   3878 : null  108
04-27 20:17:16.609  5429  5488 W libprocessgroup: Failed to open /dev/blkio//cgroup.procs: No such file or directory
04-27 20:17:16.611  5429  5488 W libprocessgroup: Failed to open /dev/blkio//cgroup.procs: No such file or directory
04-27 20:17:16.630  6734 29038 I NetworkScheduler.Stats: Task com.google.android.gms/com.google.android.gms.ipa.base.IpaGcmTaskService started execution. cause:9 exec_start_elapsed_seconds: 28976 [CONTEXT service_id=218 ]
04-27 20:17:16.640  6734 30604 I NetworkScheduler.Stats: Task com.google.android.gms/com.google.android.gms.ipa.base.IpaGcmTaskService finished executing. cause:9 result: 1 elapsed_millis: 83 uptime_millis: 83 exec_start_elapsed_seconds: 28976 [CONTEXT service_id=218 ]
04-27 20:17:16.721  5429  8531 D SyncManager: userId - 0 auto - true
04-27 20:17:16.724  8350 30584 I MediaProvider: Deleted 1 0 0 0 0 0 0 items on external_primary due to org.telegram.messenger
04-27 20:17:16.737 30801 30846 V ActivityThread: Recovering failed rename /storage/emulated/0/Android/data/org.telegram.messenger/cache/000000000_999999_temp.f to /storage/emulated/0/Android/media/org.telegram.messenger/Telegram/Telegram Video/000000000_999999.f
04-27 20:17:16.753  8350 30344 W MediaProvider: isAppCloneUserPair for user 0: false
04-27 20:17:16.772  5429  8531 D SyncManager: userId - 0 auto - true
04-27 20:17:16.801  5429  5488 W libprocessgroup: Failed to open /dev/blkio//cgroup.procs: No such file or directory
04-27 20:17:16.803  5429  5488 W libprocessgroup: Failed to open /dev/blkio//cgroup.procs: No such file or directory
04-27 20:17:16.814  6734 28907 I NetworkScheduler.Stats: Task com.google.android.gms/com.google.android.gms.ipa.base.IpaGcmTaskService started execution. cause:9 exec_start_elapsed_seconds: 28976 [CONTEXT service_id=218 ]
04-27 20:17:16.815  8350 29676 I MediaProvider: Deleted 1 0 0 0 0 0 0 items on external_primary due to org.telegram.messenger
04-27 20:17:16.815  5429  8531 D SyncManager: userId - 0 auto - true
04-27 20:17:16.855  6734 30604 I NetworkScheduler.Stats: Task com.google.android.gms/com.google.android.gms.ipa.base.IpaGcmTaskService finished executing. cause:9 result: 1 elapsed_millis: 81 uptime_millis: 81 exec_start_elapsed_seconds: 28976 [CONTEXT service_id=218 ]
04-27 20:17:17.179 30801 30851 D CompatibilityChangeReporter: Compat change id reported: 147600208; UID 10268; state: ENABLED
04-27 20:17:17.205 30801 30832 W CloudMessagingReceiver: Message ack failed: java.util.concurrent.TimeoutException: Timed out waiting for Task
04-27 20:17:17.331  5429  5488 W libprocessgroup: Failed to open /dev/blkio//cgroup.procs: No such file or directory
04-27 20:17:17.369 26084 26084 I SCS@AiSearch user 0: (ObserverWorker::AOSP_MP) [main] entering in startWork():
04-27 20:17:17.370 26084 26084 I SCS@AiSearch user 0: (BaseCollector::AOSP_MP) [main] entering in onChange():
04-27 20:17:17.371 26084 26142 I SCS@AiSearch user 0: (BaseCollector::AOSP_MP) [AOSP_MP-0] entering in collectChanges():
04-27 20:17:17.440  5429  5705 I ChimeraAggressivePolicyHandler: executePolicy() - triggerSource: TRIGGER_SOURCE_LMKD
04-27 20:17:17.441  5429  5705 I ChimeraAggressivePolicyHandler: available memory: 876472, free memory target: 870400, quit chimera
04-27 20:17:17.467 26084 26142 I SCS@AiSearch user 0: (BaseCollector::AOSP_MP) fetchInternal values : maxSyncId: 1000008086 indexCount: 1705 sourceCount: 1705
04-27 20:17:17.531 26084 26142 I SCS@AiSearch user 0: (IndexManager) [AOSP_MP-0] entering in addIndex():
04-27 20:17:17.535 26084 26142 I SCS@AiSearch user 0: (BaseCollector::AOSP_MP) fetch: fetching took  107 ms
04-27 20:17:17.535 26084 26142 I SCS@AiSearch user 0: (BaseCollector::AOSP_MP) fetchChanges: applied 0 items
04-27 20:17:17.535 26084 26142 I SCS@AiSearch user 0: (BaseCollector::AOSP_MP) Collect finished. Result: true
04-27 20:17:17.537 26084 26142 I SCS@AiSearch user 0: (BaseCollector::AOSP_MP) enqueue ObserverWorker name: com.sec.android.app.myfiles, policy: APPEND_OR_REPLACE
04-27 20:17:17.602  5429  6416 D PackageManager: setEnabledSetting : userId = 0 packageName = com.samsung.android.scs cmp = androidx.work.impl.background.systemalarm.RescheduleReceiver newState = 1 callingPackage = 10380/com.samsung.android.scs
04-27 20:17:17.604  5429  6416 D ApplicationPolicy: getApplicationStateEnabled : pkg = com.samsung.android.scs userId : 0
04-27 20:17:17.606  5429  6416 D ApplicationPolicy: getApplicationComponentState : pkg = com.samsung.android.scs userId : 0
04-27 20:17:17.627 26084 26136 I WM-WorkerWrapper: Worker result SUCCESS for Work [ id=cf06c5c7-d6a9-43a1-89c3-951ff5ac5c19, tags={ com.sec.android.app.myfiles, com.samsung.android.scs.ai.search.data.collector.ObserverWorker } ]
04-27 20:17:17.690  5429  6416 D PackageManager: setEnabledSetting : userId = 0 packageName = com.samsung.android.scs cmp = androidx.work.impl.background.systemalarm.RescheduleReceiver newState = 1 callingPackage = 10380/com.samsung.android.scs
04-27 20:17:17.691  5429  6416 D ApplicationPolicy: getApplicationStateEnabled : pkg = com.samsung.android.scs userId : 0
04-27 20:17:17.693  5429  6416 D ApplicationPolicy: getApplicationComponentState : pkg = com.samsung.android.scs userId : 0
04-27 20:17:17.750  4924  4924 D Zygote  : Forked child process 30906
04-27 20:17:17.800 30906 30906 I oid.app.shealth: Using CollectorTypeCC GC.
04-27 20:17:17.808 30906 30906 E oid.app.shealth: Not starting debugger since process cannot load the jdwp agent.
04-27 20:17:17.824 30906 30906 W libc    : Access denied finding property "sys.perf.boostopt"
04-27 20:17:17.824  4899  4899 E audit   : type=1400 audit(1682619437.819:17844): avc:  denied  { read } for  pid=30906 comm="oid.app.shealth" name="u:object_r:perf_prop:s0" dev="tmpfs" ino=21617 scontext=u:r:sec_untrusted_app:s0:c512,c768 tcontext=u:object_r:perf_prop:s0 tclass=file permissive=0 SEPF_SM-A515F_13_0001 audit_filtered
04-27 20:17:17.824  4899  4899 E audit   : type=1300 audit(1682619437.819:17844): arch=c00000b7 syscall=56 success=no exit=-13 a0=ffffff9c a1=7fcb563ba8 a2=88000 a3=0 items=0 ppid=4924 pid=30906 auid=4294967295 uid=10256 gid=10256 euid=10256 suid=10256 fsuid=10256 egid=10256 sgid=10256 fsgid=10256 tty=(none) ses=4294967295 comm="oid.app.shealth" exe="/system/bin/app_process64" subj=u:r:sec_untrusted_app:s0:c512,c768 key=(null)
04-27 20:17:17.824  4899  4899 E audit   : type=1327 audit(1682619437.819:17844): proctitle="zygote64"
04-27 20:17:17.826 30906 30906 D ActivityThread: setConscryptValidator
04-27 20:17:17.826 30906 30906 D ActivityThread: setConscryptValidator - put
04-27 20:17:17.829 30906 30918 W libc    : Access denied finding property "sys.perf.boostopt"
04-27 20:17:17.829  4899  4899 E audit   : type=1400 audit(1682619437.823:17845): avc:  denied  { read } for  pid=30906 comm="binder:30906_1" name="u:object_r:perf_prop:s0" dev="tmpfs" ino=21617 scontext=u:r:sec_untrusted_app:s0:c512,c768 tcontext=u:object_r:perf_prop:s0 tclass=file permissive=0 SEPF_SM-A515F_13_0001 audit_filtered
04-27 20:17:17.846 30906 30920 W libc    : Access denied finding property "sys.perf.boostopt"
04-27 20:17:17.849 30906 30906 D CompatibilityChangeReporter: Compat change id reported: 171979766; UID 10256; state: ENABLED
04-27 20:17:17.913  4924  4924 D Zygote  : Forked child process 30929
04-27 20:17:17.934 20358 23138 I Finsky  : [159] kep.a(15): org.telegram.messenger: Account determined from installer data - [u50CvjFgI4N8BK_7VI5wqgrBLx4XC93qbnmKX3YNI1k]
04-27 20:17:17.946 20358 23138 I Finsky  : [159] kep.a(64): Billing preferred account via installer for org.telegram.messenger: [u50CvjFgI4N8BK_7VI5wqgrBLx4XC93qbnmKX3YNI1k]
04-27 20:17:17.956 30929 30929 I .provider.badge: Using CollectorTypeCC GC.
04-27 20:17:17.963 20358 23138 I Finsky  : [159] kep.a(15): org.telegram.messenger: Account determined from installer data - [u50CvjFgI4N8BK_7VI5wqgrBLx4XC93qbnmKX3YNI1k]
04-27 20:17:17.966 20358 23138 I Finsky  : [159] kep.a(64): Billing preferred account via installer for org.telegram.messenger: [u50CvjFgI4N8BK_7VI5wqgrBLx4XC93qbnmKX3YNI1k]
04-27 20:17:17.967 30929 30929 E .provider.badge: Not starting debugger since process cannot load the jdwp agent.
04-27 20:17:17.978 30929 30929 W libc    : Access denied finding property "sys.perf.boostopt"
04-27 20:17:17.980 30929 30929 D ActivityThread: setConscryptValidator
04-27 20:17:17.980 30929 30929 D ActivityThread: setConscryptValidator - put
04-27 20:17:17.985 30929 30943 W libc    : Access denied finding property "sys.perf.boostopt"
04-27 20:17:17.994 20358 23138 I Finsky  : [159] kep.a(15): org.telegram.messenger: Account determined from installer data - [u50CvjFgI4N8BK_7VI5wqgrBLx4XC93qbnmKX3YNI1k]
04-27 20:17:17.996 30929 30945 W libc    : Access denied finding property "sys.perf.boostopt"
04-27 20:17:17.996 20358 23138 I Finsky  : [159] kep.a(64): Billing preferred account via installer for org.telegram.messenger: [u50CvjFgI4N8BK_7VI5wqgrBLx4XC93qbnmKX3YNI1k]
04-27 20:17:17.998 20358 20665 I Finsky  : [151] kep.a(15): org.telegram.messenger: Account determined from installer data - [u50CvjFgI4N8BK_7VI5wqgrBLx4XC93qbnmKX3YNI1k]
04-27 20:17:17.999 30929 30929 D CompatibilityChangeReporter: Compat change id reported: 171979766; UID 10059; state: ENABLED
04-27 20:17:18.002 20358 20665 I Finsky  : [151] kep.a(64): Billing preferred account via installer for org.telegram.messenger: [u50CvjFgI4N8BK_7VI5wqgrBLx4XC93qbnmKX3YNI1k]
04-27 20:17:18.121  5429  5488 W libprocessgroup: Failed to open /dev/blkio//cgroup.procs: No such file or directory
04-27 20:17:18.122  5429  5488 W libprocessgroup: Failed to open /dev/blkio//cgroup.procs: No such file or directory
04-27 20:17:18.139  5429  5488 W libprocessgroup: Failed to apply TimerSlackHigh process profile: No such file or directory
04-27 20:17:18.187 30929 30929 I BadgeProvider: onCreate
04-27 20:17:18.187 30929 30929 I BadgeProvider: DatabaseHelper
04-27 20:17:18.193 30929 30929 I BadgeCountReceiver: badge intent : Intent { act=android.intent.action.BADGE_COUNT_UPDATE flg=0x1000010 cmp=com.sec.android.provider.badge/.BadgeCountReceiver (has extras) }
04-27 20:17:18.194 30929 30929 I BadgeCountReceiver: packageName: org.telegram.messenger, className: org.telegram.messenger.NoxIcon, count: 0
04-27 20:17:18.271 30929 30929 I BadgeProvider: onOpen
04-27 20:17:18.281 30929 30946 I BadgeProvider: query, [selection] : package=?
04-27 20:17:18.286  5429  5751 D NetdEventListenerService: DNS Requested by : 108, 10229
04-27 20:17:18.291  6323  6323 I BadgeCountUpdaterImpl: onChange
04-27 20:17:18.297  6323  6323 I BadgeCountUpdaterImpl: onChange
04-27 20:17:18.302 30929 30946 E DatabaseUtils: Writing exception to parcel
04-27 20:17:18.302 30929 30946 E DatabaseUtils: java.lang.SecurityException: Permission Denial: writing com.sec.android.provider.badge.BadgeProvider uri content://com.sec.badge/apps?notify=true from pid=30801, uid=10268 requires com.sec.android.provider.badge.permission.WRITE, or grantUriPermission()
04-27 20:17:18.302 30929 30946 E DatabaseUtils: 	at android.content.ContentProvider.enforceWritePermissionInner(ContentProvider.java:1025)
04-27 20:17:18.302 30929 30946 E DatabaseUtils: 	at android.content.ContentProvider.semEnforceWritePermission(ContentProvider.java:951)
04-27 20:17:18.302 30929 30946 E DatabaseUtils: 	at android.content.ContentProvider$Transport.enforceWritePermission(ContentProvider.java:730)
04-27 20:17:18.302 30929 30946 E DatabaseUtils: 	at android.content.ContentProvider$Transport.update(ContentProvider.java:462)
04-27 20:17:18.302 30929 30946 E DatabaseUtils: 	at android.content.ContentProviderNative.onTransact(ContentProviderNative.java:231)
04-27 20:17:18.302 30929 30946 E DatabaseUtils: 	at android.os.Binder.execTransactInternal(Binder.java:1321)
04-27 20:17:18.302 30929 30946 E DatabaseUtils: 	at android.os.Binder.execTransact(Binder.java:1280)
04-27 20:17:18.307 30929 30929 I BadgeProvider: sendNotify entered. [uri] : content://com.sec.badge/apps
04-27 20:17:18.307 30929 30929 I BadgeProvider: sendNotify, [notify] : null
04-27 20:17:18.308 30929 30929 I BadgeProvider: update, getCallingPackage() : com.sec.android.provider.badge
04-27 20:17:18.309 30929 30929 I BadgeProvider: update, [uri] : content://com.sec.badge/apps
04-27 20:17:18.309 30929 30929 I BadgeProvider: update, [uri.query] : null
04-27 20:17:18.309 30929 30929 I BadgeProvider: update, [BadgeCount] : badgecount=0
04-27 20:17:18.309 30929 30929 I BadgeProvider: update, [UpdateCount] : 1
04-27 20:17:18.312 20358 20399 D TrafficStats: tagSocket(128) with statsTag=0x4be64f9b, statsUid=-1
04-27 20:17:18.318 30929 30946 I BadgeProvider: query, [selection] : package=?
04-27 20:17:18.319 30929 30929 I BadgeCountReceiver: badge intent : Intent { act=android.intent.action.BADGE_COUNT_UPDATE flg=0x1000010 cmp=com.sec.android.provider.badge/.BadgeCountReceiver (has extras) }
04-27 20:17:18.319 30929 30929 I BadgeCountReceiver: packageName: org.telegram.messenger, className: org.telegram.messenger.NoxIcon, count: 0
04-27 20:17:18.321  6323  6323 I BadgeCountUpdaterImpl: onChange
04-27 20:17:18.326 30929 30946 E DatabaseUtils: Writing exception to parcel
04-27 20:17:18.326 30929 30946 E DatabaseUtils: java.lang.SecurityException: Permission Denial: writing com.sec.android.provider.badge.BadgeProvider uri content://com.sec.badge/apps?notify=true from pid=30801, uid=10268 requires com.sec.android.provider.badge.permission.WRITE, or grantUriPermission()
04-27 20:17:18.326 30929 30946 E DatabaseUtils: 	at android.content.ContentProvider.enforceWritePermissionInner(ContentProvider.java:1025)
04-27 20:17:18.326 30929 30946 E DatabaseUtils: 	at android.content.ContentProvider.semEnforceWritePermission(ContentProvider.java:951)
04-27 20:17:18.326 30929 30946 E DatabaseUtils: 	at android.content.ContentProvider$Transport.enforceWritePermission(ContentProvider.java:730)
04-27 20:17:18.326 30929 30946 E DatabaseUtils: 	at android.content.ContentProvider$Transport.update(ContentProvider.java:462)
04-27 20:17:18.326 30929 30946 E DatabaseUtils: 	at android.content.ContentProviderNative.onTransact(ContentProviderNative.java:231)
04-27 20:17:18.326 30929 30946 E DatabaseUtils: 	at android.os.Binder.execTransactInternal(Binder.java:1321)
04-27 20:17:18.326 30929 30946 E DatabaseUtils: 	at android.os.Binder.execTransact(Binder.java:1280)
04-27 20:17:18.327  6323  6323 I BadgeCountUpdaterImpl: onChange
04-27 20:17:18.328 30929 30929 I BadgeProvider: sendNotify entered. [uri] : content://com.sec.badge/apps
04-27 20:17:18.328 30929 30929 I BadgeProvider: sendNotify, [notify] : null
04-27 20:17:18.330 30929 30929 I BadgeProvider: update, getCallingPackage() : com.sec.android.provider.badge
04-27 20:17:18.336 30929 30929 I BadgeProvider: update, [uri] : content://com.sec.badge/apps
04-27 20:17:18.336 30929 30929 I BadgeProvider: update, [uri.query] : null
04-27 20:17:18.336 30929 30929 I BadgeProvider: update, [BadgeCount] : badgecount=0
04-27 20:17:18.337 30929 30929 I BadgeProvider: update, [UpdateCount] : 1
04-27 20:17:18.387 30929 30946 I BadgeProvider: query, [selection] : package=?
04-27 20:17:18.392 30929 30929 I BadgeCountReceiver: badge intent : Intent { act=android.intent.action.BADGE_COUNT_UPDATE flg=0x1000010 cmp=com.sec.android.provider.badge/.BadgeCountReceiver (has extras) }
04-27 20:17:18.392 30929 30929 I BadgeCountReceiver: packageName: org.telegram.messenger, className: org.telegram.messenger.NoxIcon, count: 0
04-27 20:17:18.395  6323  6323 I BadgeCountUpdaterImpl: onChange
04-27 20:17:18.397 30929 30946 E DatabaseUtils: Writing exception to parcel
04-27 20:17:18.397 30929 30946 E DatabaseUtils: java.lang.SecurityException: Permission Denial: writing com.sec.android.provider.badge.BadgeProvider uri content://com.sec.badge/apps?notify=true from pid=30801, uid=10268 requires com.sec.android.provider.badge.permission.WRITE, or grantUriPermission()
04-27 20:17:18.397 30929 30946 E DatabaseUtils: 	at android.content.ContentProvider.enforceWritePermissionInner(ContentProvider.java:1025)
04-27 20:17:18.397 30929 30946 E DatabaseUtils: 	at android.content.ContentProvider.semEnforceWritePermission(ContentProvider.java:951)
04-27 20:17:18.397 30929 30946 E DatabaseUtils: 	at android.content.ContentProvider$Transport.enforceWritePermission(ContentProvider.java:730)
04-27 20:17:18.397 30929 30946 E DatabaseUtils: 	at android.content.ContentProvider$Transport.update(ContentProvider.java:462)
04-27 20:17:18.397 30929 30946 E DatabaseUtils: 	at android.content.ContentProviderNative.onTransact(ContentProviderNative.java:231)
04-27 20:17:18.397 30929 30946 E DatabaseUtils: 	at android.os.Binder.execTransactInternal(Binder.java:1321)
04-27 20:17:18.397 30929 30946 E DatabaseUtils: 	at android.os.Binder.execTransact(Binder.java:1280)
04-27 20:17:18.399  6323  6323 I BadgeCountUpdaterImpl: onChange
04-27 20:17:18.399 30929 30929 I BadgeProvider: sendNotify entered. [uri] : content://com.sec.badge/apps
04-27 20:17:18.400 30929 30929 I BadgeProvider: sendNotify, [notify] : null
04-27 20:17:18.400 30929 30929 I BadgeProvider: update, getCallingPackage() : com.sec.android.provider.badge
04-27 20:17:18.400 30929 30929 I BadgeProvider: update, [uri] : content://com.sec.badge/apps
04-27 20:17:18.401 30929 30929 I BadgeProvider: update, [uri.query] : null
04-27 20:17:18.401 30929 30929 I BadgeProvider: update, [BadgeCount] : badgecount=0
04-27 20:17:18.401 30929 30929 I BadgeProvider: update, [UpdateCount] : 1
04-27 20:17:18.594 30906 30906 I FirebaseInitProvider: FirebaseApp initialization successful
04-27 20:17:18.600  6323  6626 I BadgeCountUpdaterImpl: reload badge without refresh
04-27 20:17:18.605 30801 30851 D CompatibilityChangeReporter: Compat change id reported: 194532703; UID 10268; state: DISABLED
04-27 20:17:18.607  5429  5488 W libprocessgroup: Failed to open /dev/blkio//cgroup.procs: No such file or directory
04-27 20:17:18.615  5429  5488 W libprocessgroup: Failed to open /dev/blkio//cgroup.procs: No such file or directory
04-27 20:17:18.622 30929 30946 I BadgeProvider: query, [selection] : null
04-27 20:17:18.657 30906 30906 I CapsuleProvider_1.0.23: onCreate
04-27 20:17:18.664  6323  6626 I BadgeCache: update cache : com.vkontakte.android user : UserHandle{0}  count : 7
04-27 20:17:18.679 20358 20665 E Finsky  : [151] ti.A(27): Failure reading max api version from valuestore.
04-27 20:17:18.681  6323  6626 I BadgeCache: update cache : com.vkontakte.android user : UserHandle{0}  count : 1
04-27 20:17:18.692  6323  6626 I BadgeCache: reloadBadge size : 1
04-27 20:17:18.705  5429  5751 D NetdEventListenerService: DNS Requested by : 108, 10229
04-27 20:17:18.714  5429  7411 D SemWifiUsabilityStatsMonitor: onWifiUsabilityStats - seqNum 3820, isSameBssidAndFreq true
04-27 20:17:18.716  5429  5717 I SemWifiLinkQualityMonitor: Link Qos Query: 0.127 ms / 62.873 Mbps (72 / 0.000 / 1.145)
04-27 20:17:18.802 30801 30847 I AppWidgetManager: notifyAppWidgetViewDataChanged() appWidgetIds = [43], viewId = 2131230850
04-27 20:17:18.843 30906 30906 I SHEALTH#OOBEManager: init state: NOT_NEEDED / main
04-27 20:17:18.857 30906 30906 I SHEALTH#MetaDataUtil: version: 2.6
04-27 20:17:18.861 30906 30906 I SHEALTH#DevStage: setStage : ProdFinal
04-27 20:17:19.116  4924  4924 D Zygote  : Forked child process 30986
04-27 20:17:19.196 30986 30986 I .osp.app.signin: Using CollectorTypeCC GC.
04-27 20:17:19.209 30986 30986 E .osp.app.signin: Not starting debugger since process cannot load the jdwp agent.
04-27 20:17:19.223 30986 30986 W libc    : Access denied finding property "sys.perf.boostopt"
04-27 20:17:19.223  4899  4899 E audit   : type=1400 audit(1682619439.219:17850): avc:  denied  { read } for  pid=30986 comm=".osp.app.signin" name="u:object_r:perf_prop:s0" dev="tmpfs" ino=21617 scontext=u:r:platform_app:s0:c512,c768 tcontext=u:object_r:perf_prop:s0 tclass=file permissive=0 SEPF_SM-A515F_13_0001 audit_filtered
04-27 20:17:19.224  4899  4899 E audit   : type=1300 audit(1682619439.219:17850): arch=c00000b7 syscall=56 success=no exit=-13 a0=ffffff9c a1=7fcb563ba8 a2=88000 a3=0 items=0 ppid=4924 pid=30986 auid=4294967295 uid=10104 gid=10104 euid=10104 suid=10104 fsuid=10104 egid=10104 sgid=10104 fsgid=10104 tty=(none) ses=4294967295 comm=".osp.app.signin" exe="/system/bin/app_process64" subj=u:r:platform_app:s0:c512,c768 key=(null)
04-27 20:17:19.224  4899  4899 E audit   : type=1327 audit(1682619439.219:17850): proctitle="zygote64"
04-27 20:17:19.224 30986 30998 W libc    : Access denied finding property "sys.perf.boostopt"
04-27 20:17:19.225  4899  4899 E audit   : type=1400 audit(1682619439.219:17851): avc:  denied  { read } for  pid=30986 comm="binder:30986_1" name="u:object_r:perf_prop:s0" dev="tmpfs" ino=21617 scontext=u:r:platform_app:s0:c512,c768 tcontext=u:object_r:perf_prop:s0 tclass=file permissive=0 SEPF_SM-A515F_13_0001 audit_filtered
04-27 20:17:19.226 30986 30986 D ActivityThread: setConscryptValidator
04-27 20:17:19.226 30986 30986 D ActivityThread: setConscryptValidator - put
04-27 20:17:19.244  5429  5488 W libprocessgroup: Failed to open /dev/blkio//cgroup.procs: No such file or directory
04-27 20:17:19.252 30986 30986 D CompatibilityChangeReporter: Compat change id reported: 171979766; UID 10104; state: ENABLED
04-27 20:17:19.285 30986 30986 D nativeloader: Configuring classloader-namespace for other apk /system/framework/org.apache.http.legacy.jar. target_sdk_version=33, uses_libraries=ALL, library_path=/data/app/~~EhoCLpe9IJr2cAibezJfdg==/com.osp.app.signin-mgXNME0fm512t8l_4MNsMA==/lib/arm64:/data/app/~~EhoCLpe9IJr2cAibezJfdg==/com.osp.app.signin-mgXNME0fm512t8l_4MNsMA==/base.apk!/lib/arm64-v8a, permitted_path=/data:/mnt/expand:/data/user/0/com.osp.app.signin
04-27 20:17:19.285 30986 30986 D nativeloader: Extending system_exposed_libraries: libhumantracking.arcsoft.so:libPortraitDistortionCorrection.arcsoft.so:libPortraitDistortionCorrectionCali.arcsoft.so:libface_landmark.arcsoft.so:libFacialStickerEngine.arcsoft.so:libveengine.arcsoft.so:liblow_light_hdr.arcsoft.so:libhigh_dynamic_range.arcsoft.so:libFacialAttributeDetection.arcsoft.so:libBeauty_v4.camera.samsung.so:libexifa.camera.samsung.so:libjpega.camera.samsung.so:libOpenCv.camera.samsung.so:libImageScreener.camera.samsung.so:libMyFilter.camera.samsung.so:libtensorflowLite.myfilter.camera.samsung.so:libtensorflowlite_inference_api.myfilter.camera.samsung.so:libEventFinder.camera.samsung.so:libHIDTSnapJNI.camera.samsung.so:libSmartScan.camera.samsung.so:libRectify.camera.samsung.so:libDocRectifyWrapper.camera.samsung.so:libUltraWideDistortionCorrection.camera.samsung.so:libHpr_RecGAE_cvFeature_v1.0.camera.samsung.so:libHprFace_GAE_api.camera.samsung.so:libFace_Landmark_API.camera.samsung.so:libHprFace_GAE_jni.camera.samsung.so:libFacialBasedSelfieCorrec
04-27 20:17:19.302 30986 30986 D nativeloader: Configuring classloader-namespace for other apk /system/framework/samsungkeystoreutils.jar. target_sdk_version=33, uses_libraries=ALL, library_path=/data/app/~~EhoCLpe9IJr2cAibezJfdg==/com.osp.app.signin-mgXNME0fm512t8l_4MNsMA==/lib/arm64:/data/app/~~EhoCLpe9IJr2cAibezJfdg==/com.osp.app.signin-mgXNME0fm512t8l_4MNsMA==/base.apk!/lib/arm64-v8a, permitted_path=/data:/mnt/expand:/data/user/0/com.osp.app.signin
04-27 20:17:19.302 30986 30986 D nativeloader: Extending system_exposed_libraries: libhumantracking.arcsoft.so:libPortraitDistortionCorrection.arcsoft.so:libPortraitDistortionCorrectionCali.arcsoft.so:libface_landmark.arcsoft.so:libFacialStickerEngine.arcsoft.so:libveengine.arcsoft.so:liblow_light_hdr.arcsoft.so:libhigh_dynamic_range.arcsoft.so:libFacialAttributeDetection.arcsoft.so:libBeauty_v4.camera.samsung.so:libexifa.camera.samsung.so:libjpega.camera.samsung.so:libOpenCv.camera.samsung.so:libImageScreener.camera.samsung.so:libMyFilter.camera.samsung.so:libtensorflowLite.myfilter.camera.samsung.so:libtensorflowlite_inference_api.myfilter.camera.samsung.so:libEventFinder.camera.samsung.so:libHIDTSnapJNI.camera.samsung.so:libSmartScan.camera.samsung.so:libRectify.camera.samsung.so:libDocRectifyWrapper.camera.samsung.so:libUltraWideDistortionCorrection.camera.samsung.so:libHpr_RecGAE_cvFeature_v1.0.camera.samsung.so:libHprFace_GAE_api.camera.samsung.so:libFace_Landmark_API.camera.samsung.so:libHprFace_GAE_jni.camera.samsung.so:libFacialBasedSelfieCorrec
04-27 20:17:19.371 20358 20403 D PaySecureElementClient: Felica app not found; returning isSecureElementAvailable = false!
04-27 20:17:19.381 30986 30986 D nativeloader: Configuring classloader-namespace for other apk /data/app/~~EhoCLpe9IJr2cAibezJfdg==/com.osp.app.signin-mgXNME0fm512t8l_4MNsMA==/base.apk. target_sdk_version=33, uses_libraries=, library_path=/data/app/~~EhoCLpe9IJr2cAibezJfdg==/com.osp.app.signin-mgXNME0fm512t8l_4MNsMA==/lib/arm64:/data/app/~~EhoCLpe9IJr2cAibezJfdg==/com.osp.app.signin-mgXNME0fm512t8l_4MNsMA==/base.apk!/lib/arm64-v8a, permitted_path=/data:/mnt/expand:/data/user/0/com.osp.app.signin
04-27 20:17:19.461 30986 30986 V GraphicsEnvironment: ANGLE Developer option for 'com.osp.app.signin' set to: 'default'
04-27 20:17:19.461 30986 30986 V GraphicsEnvironment: ANGLE GameManagerService for com.osp.app.signin: false
04-27 20:17:19.462 30986 30986 V GraphicsEnvironment: Neither updatable production driver nor prerelease driver is supported.
04-27 20:17:19.469 30986 30986 D NetworkSecurityConfig: No Network Security Config specified, using platform default
04-27 20:17:19.473 30986 30986 D NetworkSecurityConfig: No Network Security Config specified, using platform default
04-27 20:17:19.474  4623  4623 W keymaster_tee: [WRN]begin req PARAMS: A32 B32 P1
04-27 20:17:19.488  4623  4623 W keymaster_tee: [WRN]begin req PARAMS: A32 B2 P64
04-27 20:17:19.545 30986 30986 W .osp.app.signin: Opening an oat file without a class loader. Are you using the deprecated DexFile APIs?
04-27 20:17:19.567  5429  5488 W libprocessgroup: Failed to open /dev/blkio//cgroup.procs: No such file or directory
04-27 20:17:19.568  5429  5488 W libprocessgroup: Failed to open /dev/blkio//cgroup.procs: No such file or directory
04-27 20:17:19.583  5429  5488 W libprocessgroup: Failed to apply TimerSlackHigh process profile: No such file or directory
04-27 20:17:19.868 30986 30986 D CompatibilityChangeReporter: Compat change id reported: 183155436; UID 10104; state: ENABLED
04-27 20:17:19.872 30986 30986 I FirebaseApp: Device unlocked: initializing all Firebase APIs for app [DEFAULT]
04-27 20:17:19.938 30986 30986 I FirebaseInitProvider: FirebaseApp initialization successful
04-27 20:17:19.950 30986 30986 I CapsuleProvider_1.0.23: onCreate
04-27 20:17:19.955 30986 30986 D WM-WrkMgrInitializer: Initializing WorkManager with default configuration.
04-27 20:17:19.963 30986 31007 I DynamiteModule: Considering local module com.google.android.gms.measurement.dynamite:78 and remote module com.google.android.gms.measurement.dynamite:88
04-27 20:17:19.963 30986 31007 I DynamiteModule: Selected remote version of com.google.android.gms.measurement.dynamite, version >= 88
04-27 20:17:19.963 30986 31007 V DynamiteModule: Dynamite loader version >= 2, using loadModule2NoCrashUtils
04-27 20:17:19.971  5429  8538 D PackageManager: setEnabledSetting : userId = 0 packageName = com.osp.app.signin cmp = androidx.work.impl.background.systemjob.SystemJobService newState = 1 callingPackage = 10104/com.osp.app.signin
04-27 20:17:19.974  5429  8538 D ApplicationPolicy: getApplicationStateEnabled : pkg = com.osp.app.signin userId : 0
04-27 20:17:19.974  5429  8538 D ApplicationPolicy: getApplicationComponentState : pkg = com.osp.app.signin userId : 0
04-27 20:17:19.990 30986 31007 W System  : ClassLoader referenced unknown path:
04-27 20:17:19.991 30986 31007 D nativeloader: Configuring classloader-namespace for other apk . target_sdk_version=33, uses_libraries=, library_path=/data/app/~~fupSe7mT3TYRtpByrpi4GQ==/com.google.android.gms-bmnvTG7hLJarQuEcM9Lr_Q==/lib/arm64:/data/app/~~fupSe7mT3TYRtpByrpi4GQ==/com.google.android.gms-bmnvTG7hLJarQuEcM9Lr_Q==/base.apk!/lib/arm64-v8a, permitted_path=/data:/mnt/expand:/data/user/0/com.google.android.gms
04-27 20:17:20.003 30986 31017 D CompatibilityChangeReporter: Compat change id reported: 160794467; UID 10104; state: ENABLED
04-27 20:17:20.025 30986 30986 D DIAGMON_SDK[605055]: setDeviceId :
04-27 20:17:20.057 30986 30986 I SamsungAccount: [BrandNameUtil] isBrandGalaxy, isCscFeatureEnabled: false
04-27 20:17:20.058 30986 30986 I SamsungAccount: [BrandNameUtil] isBrandGalaxy, oneUiVersion is below 5.1: true
04-27 20:17:20.060 30986 30986 I SamsungAccount: [GlobalSearchProvider] secQueryGetFingerprint : 1410000008en_GB
04-27 20:17:20.079 30986 30986 I SamsungAccount: [SamsungService(Application)] onCreate START
04-27 20:17:20.085 30986 30986 D SamsungAccount$SALogger: init Log Path : /data/user/0/com.osp.app.signin/Log/
04-27 20:17:20.088 30986 30999 I SamsungAccount: [AccountManagerProvider] Calling package : app.shealth.
04-27 20:17:20.090 30986 30986 D SamsungAccount$SALogger: init success
04-27 20:17:20.091 30986 30986 I SamsungAccount: [TestPropertyManager] setPropStagingMode, server: NONE
04-27 20:17:20.091 30986 30986 I SamsungAccount: [TestPropertyManager] HiddenModeValueIsSet? false [hiddenModeServerName: NONE, hiddenModeMcc: NONE, isMarketingAgreementToastMode: false, isAgreementHistoryWriteMode: false, isInvalidSimTestMode: false]
04-27 20:17:20.093 30986 30999 I SamsungAccount: [SignatureCheckUtil] runCheckSignatureAsync
04-27 20:17:20.093 30986 30999 I SamsungAccount: [SignaturePreconditionChecker] getSignatureResult - fromSesSdk : false
04-27 20:17:20.102 30986 30986 I SamsungAccount: [TestPropertyManager] property file not exist
04-27 20:17:20.103 30986 30998 W libc    : Access denied finding property "sys.perf.boostopt"
04-27 20:17:20.108 30986 30986 I SamsungAccount: [DeviceManager] init START
04-27 20:17:20.116 30986 30986 I SamsungAccount: [DeviceManager] init END
04-27 20:17:20.117 30986 30986 I SamsungAccount: [OpenDBManager] saveOpenData(Support_SamsungPass_Integration, true)
04-27 20:17:20.118 30986 30999 I SamsungAccount: [SignatureInfoDbHelper] getSignatureResult - [10/1y90e][app.shealth.]
04-27 20:17:20.119 30986 30986 I SamsungAccount: [OpenContentProvider]  URI : content://com.msc.openprovider.openContentProvider/openData
04-27 20:17:20.122 30986 30999 I SamsungAccount: [SignatureInfoDbHelper] searchOnUser
04-27 20:17:20.122 30986 30986 I SamsungAccount: [OpenContentProvider] update openData : true
04-27 20:17:20.123 30986 31019 I FA      : App measurement disabled via the manifest
04-27 20:17:20.124 30986 30986 I SamsungAccount: [PushUtil] enable firebase auto init by RU
04-27 20:17:20.125 30986 31019 I FA      : App measurement initialized, version: 76011
04-27 20:17:20.125 30986 31019 I FA      : To enable debug logging run: adb shell setprop log.tag.FA VERBOSE
04-27 20:17:20.125 30986 31019 I FA      : To enable faster debug mode event logging run:
04-27 20:17:20.125 30986 31019 I FA      :   adb shell setprop debug.firebase.analytics.app com.osp.app.signin
04-27 20:17:20.128 30986 30986 I SamsungAccount: [AccountManagerUtil] isSamsungAccountSignedIn : true
04-27 20:17:20.129 30986 30986 I SamsungAccount: [PushUtil] requestSmpInit
04-27 20:17:20.129 30986 30986 I SmpLog  : [SMP] init. S:true P:FCM_PRIMARY_MODE A:a
04-27 20:17:20.133 30986 30986 I SamsungAccount: [SamsungService] PUSH_STATE_CHECK registerId = not empty
04-27 20:17:20.133 30986 30986 I SamsungAccount: [StateCheckUtil] getLogPushRegistrationResult result = REGISTRATION_SUCCESS
04-27 20:17:20.133 30986 30986 I SamsungAccount: [SamsungService] PUSH_STATE_CHECK resultState = REGISTRATION_SUCCESS
04-27 20:17:20.133 30986 30986 I SamsungAccount: [SamsungService] check push token updates
04-27 20:17:20.133 30986 30986 I SamsungAccount: [PushUtil] checkTokenUpdates
04-27 20:17:20.139 30986 30986 I SmpLog  : [SMP] get push type : fcm
04-27 20:17:20.139 30986 30986 I SmpLog  : [SMP] get token : ...Sv (152)
04-27 20:17:20.139 30986 30986 I SamsungAccount: [AccountManagerUtil] makeSamsungAccountVisible
04-27 20:17:20.141 30986 31024 I SmpLog  : [SMP] Test mode: false, v:3.3.3.3, com.osp.app.signin
04-27 20:17:20.142 30986 30986 I SamsungAccount: [AccountManagerUtil] setSamsungAccountManagedVisibilityIfNeeded : app.shealth.
04-27 20:17:20.143 30986 30986 I SamsungAccount: [PackageUtils] com.sec.android.app.shealth is existed : version code : 6235027
04-27 20:17:20.143 30986 30986 I SamsungAccount: [SignatureCheckUtil] runCheckSignatureWithEmptyId
04-27 20:17:20.143 30986 30986 I SamsungAccount: [SignatureCheckUtil] runCheckSignatureAsync
04-27 20:17:20.143 30986 30986 I SamsungAccount: [SignaturePreconditionChecker] getSignatureResult - fromSesSdk : true
04-27 20:17:20.145 30986 31024 I SmpLog  : [SMP] ptype:fcm, token:...Sv (152), D:null, U:null, S:false, M:null, P:FCM_PRIMARY_MODE
04-27 20:17:20.147  5429  5488 W libprocessgroup: Failed to open /dev/blkio//cgroup.procs: No such file or directory
04-27 20:17:20.151  5429  5488 W libprocessgroup: Failed to open /dev/blkio//cgroup.procs: No such file or directory
04-27 20:17:20.157 30986 30999 I SamsungAccount: [SignatureInfoDbHelper] searchOnUser - [10/1y90e][app.shealth.][64/14aaf] => matched
04-27 20:17:20.157 30986 30999 I SamsungAccount: [SignatureInfoDbHelper] search - matched
04-27 20:17:20.157 30986 30999 I SamsungAccount: [SignatureCheckUtil] runCheckSignatureAsync(fromDb) - matched
04-27 20:17:20.158 30986 30999 I SamsungAccount: [AccountManagerProvider] This is the access of the allowed application
04-27 20:17:20.158 30986 30999 I SamsungAccount: [AccountManagerUtil] isSamsungAccountSignedIn : true
04-27 20:17:20.159 30986 30986 I SamsungAccount: [SignatureInfoDbHelper] getSignatureResult - [][app.shealth.]
04-27 20:17:20.160 30986 30986 I SamsungAccount: [SignatureInfoHelper] getClientIdFromMetaData : [10/1y90e]
04-27 20:17:20.160 30986 30986 I SamsungAccount: [SignatureInfoDbHelper] searchOnUser
04-27 20:17:20.163 30986 30986 I SamsungAccount: [SignatureInfoDbHelper] searchOnUser - [10/1y90e][app.shealth.][64/14aaf] => matched
04-27 20:17:20.163 30986 30986 I SamsungAccount: [SignatureInfoDbHelper] search - matched
04-27 20:17:20.163 30986 30986 I SamsungAccount: [SignatureCheckUtil] runCheckSignatureAsync(fromDb) - matched
04-27 20:17:20.163 30986 30986 I SamsungAccount: [AccountManagerUtil] setSamsungAccountManagedVisibilityIfNeeded - isInstalled : true, isAllowedApplication : true
04-27 20:17:20.163 30986 30986 I SamsungAccount: [AccountManagerUtil] getSamsungAccountVisibilityByPackageName
04-27 20:17:20.164 11246 11246 D BoundBrokerSvc: onBind: Intent { act=com.google.android.gms.measurement.START pkg=com.google.android.gms }
04-27 20:17:20.166 11246 11246 D BoundBrokerSvc: Loading bound service for intent: Intent { act=com.google.android.gms.measurement.START pkg=com.google.android.gms }
04-27 20:17:20.168 30986 30986 I SamsungAccount: [AccountManagerUtil] getSamsungAccountVisibilityByPackageName
04-27 20:17:20.170 30986 30986 I SamsungAccount: [AccountManagerUtil] setSamsungAccountManagedVisibilityIfNeeded - visibility : 2
04-27 20:17:20.174 30986 31024 I SmpLog  : [SMP] SEND BR : smp init success
04-27 20:17:20.185 30986 30986 I SamsungAccount: [DbManagerV2] getEmailID
04-27 20:17:20.185 30986 30986 I SamsungAccount: [DbManagerV2] getDataV02ForItems : EMAIL_ID from Db
04-27 20:17:20.205  4623  4623 W keymaster_tee: [WRN]begin req PARAMS: A32 B2 P64
04-27 20:17:20.212  4623  4623 W keymaster_tee: [WRN]begin req PARAMS: A32 B2 P64
04-27 20:17:20.220 30986 30986 I SamsungAccount: [AccountManagerUtil] isSamsungAccountSignedIn : true
04-27 20:17:20.220 30986 30986 I SamsungAccount: [DeviceManager] SEP Platform version : 14.1
04-27 20:17:20.222 30986 30986 D SamsungAnalytics605055: [Tracker] Tracker start:6.05.055
04-27 20:17:20.223 30986 31026 I SamsungAccount: [ConsentWorkManager] startWorkerAfterCheckCondition
04-27 20:17:20.225 30986 31027 D DIAGMON_SDK: dma pkg:910501000
04-27 20:17:20.231 30986 30986 I SamsungAccount: [AnalyticsWorkManager] startWork
04-27 20:17:20.231 30986 30999 I SamsungAccount: [DbManagerV2] getDataState : VALID
04-27 20:17:20.232 30986 31026 I SamsungAccount: [DeviceManager] isHeadlessDevice = false
04-27 20:17:20.232 30986 31026 I SamsungAccount: [ConsentWorkManager] checkWorkerIsRunning
04-27 20:17:20.235 30986 30986 I SamsungAccount: [AnalyticsPref] setSaVersionStatus : 14.1.00.8
04-27 20:17:20.239 30986 30999 I SamsungAccount: [TPMU]  SIMState     :SIM_STATE_READY
04-27 20:17:20.240 30986 30999 I SamsungAccount: [CountryCodeUtil] isChinaCountryCode : false
04-27 20:17:20.240 30986 30999 I SamsungAccount: [ChinaPermissionUtil] isChnSecurityPopupNeeded - false
04-27 20:17:20.241 30986 30986 I SamsungAccount: [AccountManagerUtil] isSamsungAccountSignedIn : true
04-27 20:17:20.242 30986 30986 I SamsungAccount: [AnalyticsPref] setSignedInStatus : 1
04-27 20:17:20.242 30986 30986 I SamsungAccount: [AccountDiagmonLogger] Diagmon Logger Init
04-27 20:17:20.242 30986 30986 I DIAGMON_SDK[605055]: DiagMonAgent type: 2
04-27 20:17:20.242 30986 30986 D DIAGMON_SDK[605055][773-399-565755] : setConfiguration type : CUSTOM
04-27 20:17:20.243 30986 30986 I DIAGMON_SDK[605055][773-399-565755] : generated SR object
04-27 20:17:20.244 30986 30986 I SamsungAccount: [DclPolicyJobService] polling job service was already scheduled (from:86400000 to:86400000)
04-27 20:17:20.244 30986 30986 I SamsungAccount: [SamsungAccount] initBixby2()
04-27 20:17:20.244 30986 31027 D SamsungAnalytics605055: do not send setting < 1day
04-27 20:17:20.245 30986 30986 I CapsuleProvider_1.0.23: releasing initialize wait lock.
04-27 20:17:20.246 30986 30986 I SamsungAccount: [MobileServiceStateProxy] registerServiceStateForSesSdk : false
04-27 20:17:20.246 30986 30986 I SamsungAccount: [MobileServiceStateImpl] serviceName : AuthService
04-27 20:17:20.246 30986 30986 I SamsungAccount: [MobileServiceStateProxy] registerServiceState, AuthService is added
04-27 20:17:20.246 30986 30986 I SamsungAccount: [MobileServiceStateImpl] serviceName : ProfileService
04-27 20:17:20.246 30986 30986 I SamsungAccount: [MobileServiceStateProxy] registerServiceState, ProfileService is added
04-27 20:17:20.246 30986 30986 I SamsungAccount: [MobileServiceStateImpl] serviceName : PlaceService
04-27 20:17:20.246 30986 30986 I SamsungAccount: [MobileServiceStateProxy] registerServiceState, PlaceService is added
