04-27 20:11:05.139  5429  8532 D ConnectivityService: requestNetwork for uid/pid:10268/26954 activeRequest: null callbackRequest: 3869 [NetworkRequest [ REQUEST id=3870, [ Capabilities: INTERNET&NOT_RESTRICTED&TRUSTED&NOT_VCN_MANAGED Uid: 10268 RequestorUid: 10268 RequestorPkg: org.telegram.messenger UnderlyingNetworks: Null] ]] callback flags: 0 order: 2147483647
04-27 20:11:05.143  5429  5665 D ConnectivityService:    accepting network in place of null
04-27 20:11:05.150  5429  5655 D WifiNetworkFactory: got request NetworkRequest [ REQUEST id=3870, [ Capabilities: INTERNET&NOT_RESTRICTED&TRUSTED&NOT_VCN_MANAGED Uid: 10268 RequestorUid: 10268 RequestorPkg: org.telegram.messenger UnderlyingNetworks: Null] ]
04-27 20:11:05.151  5429  5655 D UntrustedWifiNetworkFactory: got request NetworkRequest [ REQUEST id=3870, [ Capabilities: INTERNET&NOT_RESTRICTED&TRUSTED&NOT_VCN_MANAGED Uid: 10268 RequestorUid: 10268 RequestorPkg: org.telegram.messenger UnderlyingNetworks: Null] ]
04-27 20:11:05.152  5429  5655 D OemPaidWifiNetworkFactory: got request NetworkRequest [ REQUEST id=3870, [ Capabilities: INTERNET&NOT_RESTRICTED&TRUSTED&NOT_VCN_MANAGED Uid: 10268 RequestorUid: 10268 RequestorPkg: org.telegram.messenger UnderlyingNetworks: Null] ]
04-27 20:11:05.153  5429  5655 D MultiInternetWifiNetworkFactory: got request NetworkRequest [ REQUEST id=3870, [ Capabilities: INTERNET&NOT_RESTRICTED&TRUSTED&NOT_VCN_MANAGED Uid: 10268 RequestorUid: 10268 RequestorPkg: org.telegram.messenger UnderlyingNetworks: Null] ]
04-27 20:11:05.153  5429  5665 D ConnectivityService: Rematched networks [computed 0ms] [applied 2ms] [issued 9]
04-27 20:11:05.153  5429  5665 D ConnectivityService: NetworkReassignment :
04-27 20:11:05.153  5429  5665 D ConnectivityService:   3870 : null  108
04-27 20:11:05.154  8350 26873 W MediaProvider: isAppCloneUserPair for user 0: false
04-27 20:11:05.162 26164 26187 D Benchmark: Waiting 500 ms for [ProcessPid(processName=perfetto, pid=26898)] to die
04-27 20:11:05.174  5429  8532 D SyncManager: userId - 0 auto - true
04-27 20:11:05.273  6734 25826 I NetworkScheduler.Stats: Task com.google.android.gms/com.google.android.gms.ipa.base.IpaGcmTaskService started execution. cause:9 exec_start_elapsed_seconds: 28605 [CONTEXT service_id=218 ]
04-27 20:11:05.284 26164 26187 I PerfettoCapture: Writing to /storage/emulated/0/Android/data/org.jetbrains.android_benchmark.test/cache/AckermannBenchmark_valuePreserveBoxDouble_2023-04-27-18-11-04.perfetto-trace.
04-27 20:11:05.300  5429  5705 I ChimeraAggressivePolicyHandler: executePolicy() - triggerSource: TRIGGER_SOURCE_LMKD
04-27 20:11:05.301  5429  5705 I ChimeraAggressivePolicyHandler: available memory: 874704, free memory target: 870400, quit chimera
04-27 20:11:05.312  6734 24400 I NetworkScheduler.Stats: Task com.google.android.gms/com.google.android.gms.ipa.base.IpaGcmTaskService finished executing. cause:9 result: 1 elapsed_millis: 84 uptime_millis: 84 exec_start_elapsed_seconds: 28605 [CONTEXT service_id=218 ]
04-27 20:11:05.414 26164 26187 D Benchmark: Copying /storage/emulated/0/Android/data/org.jetbrains.android_benchmark.test/cache/AckermannBenchmark_valuePreserveBoxDouble_2023-04-27-18-11-04.perfetto-trace to /sdcard/Android/media/org.jetbrains.android_benchmark.test/additional_test_output/AckermannBenchmark_valuePreserveBoxDouble_2023-04-27-18-11-04.perfetto-trace
04-27 20:11:05.436  8350 26667 W MediaProvider: isAppCloneUserPair for user 0: false
04-27 20:11:05.451  5429  6113 D SyncManager: userId - 0 auto - true
04-27 20:11:05.474  5429  6113 D SyncManager: userId - 0 auto - true
04-27 20:11:05.490  8350 26777 I MediaProvider: Deleted 1 0 0 0 0 0 0 items on external_primary due to org.telegram.messenger
04-27 20:11:05.497 26954 27006 V ActivityThread: Recovering failed rename /storage/emulated/0/Android/data/org.telegram.messenger/cache/000000000_999999_temp.f to /storage/emulated/0/Android/media/org.telegram.messenger/Telegram/Telegram Video/000000000_999999.f
04-27 20:11:05.512  8350 26776 W MediaProvider: isAppCloneUserPair for user 0: false
04-27 20:11:05.536  5429  5609 D SyncManager: userId - 0 auto - true
04-27 20:11:05.554  6734 25826 I NetworkScheduler.Stats: Task com.google.android.gms/com.google.android.gms.ipa.base.IpaGcmTaskService started execution. cause:9 exec_start_elapsed_seconds: 28605 [CONTEXT service_id=218 ]
04-27 20:11:05.578  6734 25938 I NetworkScheduler.Stats: Task com.google.android.gms/com.google.android.gms.ipa.base.IpaGcmTaskService finished executing. cause:9 result: 1 elapsed_millis: 62 uptime_millis: 62 exec_start_elapsed_seconds: 28605 [CONTEXT service_id=218 ]
04-27 20:11:05.581  6118  6631 I bt_stack: [INFO:rfc_port_fsm.cc(106)] rfc_port_sm_execute: BD_ADDR=645df4_1, PORT=17, STATE=4, EVENT=4
04-27 20:11:05.620 26164 26187 I Benchmark: AckermannBenchmark.valuePreserveBoxDouble[Metric (timeNs) results: median 100932.968164794, min 93093.05617977527, max 126041.4382022472, standardDeviation: 5624.42244638544, Metric (allocationCount) results: median 1880.0, min 1879.9987515605494, max 1880.0049937578028, standardDeviation: 0.0024968789013826154]count=801
04-27 20:11:05.622  5429  6113 D SyncManager: userId - 0 auto - true
04-27 20:11:05.623  8350 27050 I MediaProvider: Deleted 1 0 0 0 0 0 0 items on external_primary due to org.telegram.messenger
04-27 20:11:05.624 26164 26187 D Benchmark: writing results to /storage/emulated/0/Android/data/org.jetbrains.android_benchmark.test/cache/org.jetbrains.android_benchmark.test-benchmarkData.json
04-27 20:11:05.626 26164 26187 D Benchmark: Copying /storage/emulated/0/Android/data/org.jetbrains.android_benchmark.test/cache/org.jetbrains.android_benchmark.test-benchmarkData.json to /sdcard/Android/media/org.jetbrains.android_benchmark.test/additional_test_output/org.jetbrains.android_benchmark.test-benchmarkData.json
04-27 20:11:05.640  5429  6113 D SyncManager: userId - 0 auto - true
04-27 20:11:05.641  8350 27051 I MediaProvider: Deleted 1 0 0 0 0 0 0 items on external_primary due to org.jetbrains.android_benchmark.test
04-27 20:11:05.655  8350  8657 W MediaProvider: isAppCloneUserPair for user 0: false
04-27 20:11:05.668  6118  6631 I bt_stack: [INFO:rfc_port_fsm.cc(106)] rfc_port_sm_execute: BD_ADDR=645df4_1, PORT=17, STATE=4, EVENT=14
04-27 20:11:05.674  5429  5609 D SyncManager: userId - 0 auto - true
04-27 20:11:05.678 26164 26187 I TestRunner: finished: valuePreserveBoxDouble(org.jetbrains.android_benchmark.AckermannBenchmark)
